2025-01-15T11:58:17.5871020Z Prepare all required actions
2025-01-15T11:58:17.5871490Z Getting action download info
2025-01-15T11:58:17.7030270Z Download action repository 'mamba-org/setup-micromamba@v1' (SHA:4b9113af4fba0e9e1124b252dd6497a419e7396d)
2025-01-15T11:58:18.8255070Z ##[group]Run ./.github/actions/setup_env
2025-01-15T11:58:18.8255350Z with:
2025-01-15T11:58:18.8255580Z   os-label: osx-arm64
2025-01-15T11:58:18.8255730Z env:
2025-01-15T11:58:18.8255930Z   CACHE_NUMBER: 0
2025-01-15T11:58:18.8256510Z   PYTEST_FLAGS: --tardis-regression-data=/Users/runner/work/tardis/tardis/tardis-regression-data --cov=tardis --cov-report=xml --cov-report=html --cov-append
2025-01-15T11:58:18.8257080Z   CODECOV_TOKEN: 
2025-01-15T11:58:18.8257320Z ##[endgroup]
2025-01-15T11:58:18.8304260Z ##[group]Run file_hash=$(cat conda-osx-arm64.lock | shasum -a 256 | cut -d' ' -f1)
2025-01-15T11:58:18.8305480Z [36;1mfile_hash=$(cat conda-osx-arm64.lock | shasum -a 256 | cut -d' ' -f1)[0m
2025-01-15T11:58:18.8306240Z [36;1mecho "file_hash=$file_hash" >> "${GITHUB_OUTPUT}"[0m
2025-01-15T11:58:18.8520000Z shell: /bin/bash --noprofile --norc -e -o pipefail {0}
2025-01-15T11:58:18.8520260Z env:
2025-01-15T11:58:18.8520410Z   CACHE_NUMBER: 0
2025-01-15T11:58:18.8520930Z   PYTEST_FLAGS: --tardis-regression-data=/Users/runner/work/tardis/tardis/tardis-regression-data --cov=tardis --cov-report=xml --cov-report=html --cov-append
2025-01-15T11:58:18.8521480Z   CODECOV_TOKEN: 
2025-01-15T11:58:18.8521640Z ##[endgroup]
2025-01-15T11:58:18.9926560Z ##[group]Run mamba-org/setup-micromamba@v1
2025-01-15T11:58:18.9926900Z with:
2025-01-15T11:58:18.9927080Z   environment-file: conda-osx-arm64.lock
2025-01-15T11:58:18.9927420Z   cache-environment-key: bf0d0a4d4c847cca72476c6c68c493d56c484aada7e80de0e42c7607fcef5824
2025-01-15T11:58:18.9927900Z   cache-downloads-key: bf0d0a4d4c847cca72476c6c68c493d56c484aada7e80de0e42c7607fcef5824
2025-01-15T11:58:18.9928230Z   environment-name: tardis
2025-01-15T11:58:18.9928480Z   cache-environment: true
2025-01-15T11:58:18.9928670Z   cache-downloads: true
2025-01-15T11:58:18.9928850Z env:
2025-01-15T11:58:18.9928980Z   CACHE_NUMBER: 0
2025-01-15T11:58:18.9929460Z   PYTEST_FLAGS: --tardis-regression-data=/Users/runner/work/tardis/tardis/tardis-regression-data --cov=tardis --cov-report=xml --cov-report=html --cov-append
2025-01-15T11:58:18.9929980Z   CODECOV_TOKEN: 
2025-01-15T11:58:18.9930110Z ##[endgroup]
2025-01-15T11:58:19.2628800Z Will download micromamba to /Users/runner/micromamba-bin/micromamba
2025-01-15T11:58:19.2632730Z ##[group]Install micromamba
2025-01-15T11:58:19.9744570Z micromamba installed to /Users/runner/micromamba-bin/micromamba
2025-01-15T11:58:19.9745240Z ##[endgroup]
2025-01-15T11:58:19.9745670Z Adding conda-forge to condarc channels ...
2025-01-15T11:58:19.9762260Z ##[group]Initialize micromamba for bash.
2025-01-15T11:58:19.9771820Z [command]/Users/runner/micromamba-bin/micromamba shell init -s bash -r /Users/runner/micromamba --log-level warning --rc-file /Users/runner/work/_temp/setup-micromamba/.condarc
2025-01-15T11:58:20.0148070Z Modifying RC file "/Users/runner/.bash_profile"
2025-01-15T11:58:20.0152020Z Generating config for root prefix [1m"/Users/runner/micromamba"[0m
2025-01-15T11:58:20.0167520Z Setting mamba executable to: [1m"/Users/runner/micromamba-bin/micromamba"[0m
2025-01-15T11:58:20.0168050Z Adding (or replacing) the following in your "/Users/runner/.bash_profile" file
2025-01-15T11:58:20.0168280Z 
2025-01-15T11:58:20.0168420Z # >>> mamba initialize >>>
2025-01-15T11:58:20.0168680Z # !! Contents within this block are managed by 'mamba init' !!
2025-01-15T11:58:20.0169290Z export MAMBA_EXE='/Users/runner/micromamba-bin/micromamba';
2025-01-15T11:58:20.0169880Z export MAMBA_ROOT_PREFIX='/Users/runner/micromamba';
2025-01-15T11:58:20.0170330Z __mamba_setup="$("$MAMBA_EXE" shell hook --shell bash --root-prefix "$MAMBA_ROOT_PREFIX" 2> /dev/null)"
2025-01-15T11:58:20.0170780Z if [ $? -eq 0 ]; then
2025-01-15T11:58:20.0170990Z     eval "$__mamba_setup"
2025-01-15T11:58:20.0171210Z else
2025-01-15T11:58:20.0174360Z     alias micromamba="$MAMBA_EXE"  # Fallback on help from mamba activate
2025-01-15T11:58:20.0174670Z fi
2025-01-15T11:58:20.0174860Z unset __mamba_setup
2025-01-15T11:58:20.0175060Z # <<< mamba initialize <<<
2025-01-15T11:58:20.0175220Z 
2025-01-15T11:58:20.0175550Z ##[endgroup]
2025-01-15T11:58:20.0176160Z ##[group]Restoring downloads from `/Users/runner/micromamba/pkgs` ...
2025-01-15T11:58:21.3733770Z Received 33554432 of 310595873 (10.8%), 31.9 MBs/sec
2025-01-15T11:58:22.3736680Z Received 117440512 of 310595873 (37.8%), 55.9 MBs/sec
2025-01-15T11:58:23.3734860Z Received 180355072 of 310595873 (58.1%), 57.3 MBs/sec
2025-01-15T11:58:24.3733000Z Received 260046848 of 310595873 (83.7%), 62.0 MBs/sec
2025-01-15T11:58:24.9768410Z Cache Size: ~296 MB (310595873 B)
2025-01-15T11:58:24.9849290Z [command]/opt/homebrew/bin/gtar -xf /Users/runner/work/_temp/e6be420e-8149-4681-96a5-631df0b4f391/cache.tzst -P -C /Users/runner/work/tardis/tardis --delay-directory-restore --use-compress-program unzstd
2025-01-15T11:58:25.3758870Z Received 310595873 of 310595873 (100.0%), 59.2 MBs/sec
2025-01-15T11:58:25.4816320Z Cache restored successfully
2025-01-15T11:58:25.4842660Z Restored cache with key `bf0d0a4d4c847cca72476c6c68c493d56c484aada7e80de0e42c7607fcef5824-osx-arm64`
2025-01-15T11:58:25.4844070Z ##[endgroup]
2025-01-15T11:58:25.4867100Z ##[group]Restoring environment `tardis` from `/Users/runner/micromamba/envs/tardis` ...
2025-01-15T11:58:26.8322930Z Received 37748736 of 385775710 (9.8%), 36.0 MBs/sec
2025-01-15T11:58:27.8327340Z Received 113246208 of 385775710 (29.4%), 54.0 MBs/sec
2025-01-15T11:58:28.8324860Z Received 188743680 of 385775710 (48.9%), 60.0 MBs/sec
2025-01-15T11:58:29.8366130Z Received 260046848 of 385775710 (67.4%), 61.9 MBs/sec
2025-01-15T11:58:30.8362850Z Received 343932928 of 385775710 (89.2%), 65.5 MBs/sec
2025-01-15T11:58:31.2467570Z Cache Size: ~368 MB (385775710 B)
2025-01-15T11:58:31.2494650Z [command]/opt/homebrew/bin/gtar -xf /Users/runner/work/_temp/6f407895-c06f-410f-b923-85f55134235a/cache.tzst -P -C /Users/runner/work/tardis/tardis --delay-directory-restore --use-compress-program unzstd
2025-01-15T11:58:31.8389500Z Received 385775710 of 385775710 (100.0%), 61.3 MBs/sec
2025-01-15T11:58:41.9808080Z Cache restored successfully
2025-01-15T11:58:41.9880910Z Restored cache with key `bf0d0a4d4c847cca72476c6c68c493d56c484aada7e80de0e42c7607fcef5824-osx-arm64-tardis-args-4f53cda-root-873f6fe-bin-[object Promise]-file-bf0d0a4d4c847cca72476c6c68c493d56c484aada7e80de0e42c7607fcef5824`
2025-01-15T11:58:41.9984050Z ##[endgroup]
2025-01-15T11:58:41.9991770Z Adding environment tardis to auto-activate bash ...
2025-01-15T11:58:42.0000090Z Generating micromamba run shell.
2025-01-15T11:58:42.0010540Z ##[endgroup]
2025-01-15T11:58:42.0011780Z Set environment variables.
2025-01-15T11:58:42.0013240Z ##[group]micromamba info
2025-01-15T11:58:42.0014340Z [command]/Users/runner/micromamba-bin/micromamba info -r /Users/runner/micromamba -n tardis
2025-01-15T11:58:42.4996990Z 
2025-01-15T11:58:42.4997510Z        libmamba version : 1.5.10
2025-01-15T11:58:42.4997970Z      micromamba version : 1.5.10
2025-01-15T11:58:42.4998530Z            curl version : libcurl/8.10.1 (OpenSSL/3.3.2) SecureTransport zlib/1.3.1 zstd/1.5.6 libssh2/1.11.0 nghttp2/1.58.0
2025-01-15T11:58:42.4999130Z      libarchive version : libarchive 3.7.4 zlib/1.2.13 bz2lib/1.0.8 libzstd/1.5.6
2025-01-15T11:58:42.4999640Z        envs directories : /Users/runner/micromamba/envs
2025-01-15T11:58:42.5000100Z           package cache : /Users/runner/micromamba/pkgs
2025-01-15T11:58:42.5000510Z                           /Users/runner/.mamba/pkgs
2025-01-15T11:58:42.5000890Z             environment : tardis
2025-01-15T11:58:42.5001290Z            env location : /Users/runner/micromamba/envs/tardis
2025-01-15T11:58:42.5001700Z       user config files : /Users/runner/.mambarc
2025-01-15T11:58:42.5002430Z  populated config files : /Users/runner/work/_temp/setup-micromamba/.condarc
2025-01-15T11:58:42.5002940Z        virtual packages : __unix=0=0
2025-01-15T11:58:42.5031180Z                           __osx=14.7.2=0
2025-01-15T11:58:42.5125950Z                           __archspec=1=arm64
2025-01-15T11:58:42.5128030Z                channels : https://conda.anaconda.org/conda-forge/osx-arm64
2025-01-15T11:58:42.5129240Z                           https://conda.anaconda.org/conda-forge/noarch
2025-01-15T11:58:42.5131950Z        base environment : /Users/runner/micromamba
2025-01-15T11:58:42.5132760Z                platform : osx-arm64
2025-01-15T11:58:42.5140900Z ##[endgroup]
2025-01-15T11:58:42.5147900Z ##[group]micromamba list
2025-01-15T11:58:42.5148970Z [command]/Users/runner/micromamba-bin/micromamba list -r /Users/runner/micromamba -n tardis
2025-01-15T11:58:43.0165450Z List of packages in environment: "/Users/runner/micromamba/envs/tardis"
2025-01-15T11:58:43.0216460Z 
2025-01-15T11:58:43.0218020Z   Name                           Version              Build                    Channel    
2025-01-15T11:58:43.0241910Z â”€â”€â”€â”€â”€â”€â”€â”€â”€â”€â”€â”€â”€â”€â”€â”€â”€â”€â”€â”€â”€â”€â”€â”€â”€â”€â”€â”€â”€â”€â”€â”€â”€â”€â”€â”€â”€â”€â”€â”€â”€â”€â”€â”€â”€â”€â”€â”€â”€â”€â”€â”€â”€â”€â”€â”€â”€â”€â”€â”€â”€â”€â”€â”€â”€â”€â”€â”€â”€â”€â”€â”€â”€â”€â”€â”€â”€â”€â”€â”€â”€â”€â”€â”€â”€â”€â”€â”€â”€â”€â”€â”€
2025-01-15T11:58:43.0242540Z   alabaster                      0.7.16               pyhd8ed1ab_0             conda-forge
2025-01-15T11:58:43.0242970Z   anyio                          4.4.0                pyhd8ed1ab_0             conda-forge
2025-01-15T11:58:43.0243460Z   appnope                        0.1.4                pyhd8ed1ab_0             conda-forge
2025-01-15T11:58:43.0243870Z   argon2-cffi                    23.1.0               pyhd8ed1ab_0             conda-forge
2025-01-15T11:58:43.0244390Z   argon2-cffi-bindings           21.2.0               py312h02f2b3b_4          conda-forge
2025-01-15T11:58:43.0244930Z   arrow                          1.3.0                pyhd8ed1ab_0             conda-forge
2025-01-15T11:58:43.0245340Z   astropy                        6.1.1                py312hbebd99a_0          conda-forge
2025-01-15T11:58:43.0245760Z   astropy-iers-data              0.2024.6.17.0.31.35  pyhd8ed1ab_0             conda-forge
2025-01-15T11:58:43.0246300Z   astropy-sphinx-theme           1.1                  pyhd8ed1ab_0             conda-forge
2025-01-15T11:58:43.0246720Z   asttokens                      2.4.1                pyhd8ed1ab_0             conda-forge
2025-01-15T11:58:43.0247140Z   async-lru                      2.0.4                pyhd8ed1ab_0             conda-forge
2025-01-15T11:58:43.0247620Z   atk-1.0                        2.38.0               hd03087b_2               conda-forge
2025-01-15T11:58:43.0248000Z   attrs                          23.2.0               pyh71513ae_0             conda-forge
2025-01-15T11:58:43.0248430Z   babel                          2.14.0               pyhd8ed1ab_0             conda-forge
2025-01-15T11:58:43.0248860Z   beautifulsoup4                 4.12.3               pyha770c72_0             conda-forge
2025-01-15T11:58:43.0249380Z   bleach                         6.1.0                pyhd8ed1ab_0             conda-forge
2025-01-15T11:58:43.0249760Z   blosc                          1.21.5               h9c252e8_1               conda-forge
2025-01-15T11:58:43.0250280Z   brotli                         1.1.0                hb547adb_1               conda-forge
2025-01-15T11:58:43.0250670Z   brotli-bin                     1.1.0                hb547adb_1               conda-forge
2025-01-15T11:58:43.0251100Z   brotli-python                  1.1.0                py312h9f69965_1          conda-forge
2025-01-15T11:58:43.0251450Z   bzip2                          1.0.8                h93a5062_5               conda-forge
2025-01-15T11:58:43.0252270Z   c-ares                         1.28.1               h93a5062_0               conda-forge
2025-01-15T11:58:43.0252780Z   c-blosc2                       2.14.4               ha57e6be_1               conda-forge
2025-01-15T11:58:43.0253580Z   ca-certificates                2024.6.2             hf0a4a13_0               conda-forge
2025-01-15T11:58:43.0254110Z   cached-property                1.5.2                hd8ed1ab_1               conda-forge
2025-01-15T11:58:43.0255120Z   cached_property                1.5.2                pyha770c72_1             conda-forge
2025-01-15T11:58:43.0255590Z   cairo                          1.18.0               hd1e100b_0               conda-forge
2025-01-15T11:58:43.0255970Z   certifi                        2024.6.2             pyhd8ed1ab_0             conda-forge
2025-01-15T11:58:43.0256420Z   cffi                           1.16.0               py312h8e38eb3_0          conda-forge
2025-01-15T11:58:43.0256790Z   charset-normalizer             3.3.2                pyhd8ed1ab_0             conda-forge
2025-01-15T11:58:43.0257270Z   click                          8.1.7                unix_pyh707e725_0        conda-forge
2025-01-15T11:58:43.0257630Z   codespell                      2.3.0                pyhd8ed1ab_0             conda-forge
2025-01-15T11:58:43.0258070Z   colorama                       0.4.6                pyhd8ed1ab_0             conda-forge
2025-01-15T11:58:43.0258650Z   comm                           0.2.2                pyhd8ed1ab_0             conda-forge
2025-01-15T11:58:43.0259110Z   commonmark                     0.9.1                py_0                     conda-forge
2025-01-15T11:58:43.0259490Z   contourpy                      1.2.1                py312h0fef576_0          conda-forge
2025-01-15T11:58:43.0259900Z   coverage                       7.5.3                py312h7e5086c_0          conda-forge
2025-01-15T11:58:43.0260290Z   cycler                         0.12.1               pyhd8ed1ab_0             conda-forge
2025-01-15T11:58:43.0260690Z   dataclasses                    0.8                  pyhc8e2a94_3             conda-forge
2025-01-15T11:58:43.0261090Z   debugpy                        1.8.1                py312h20a0b95_0          conda-forge
2025-01-15T11:58:43.0261420Z   decorator                      5.1.1                pyhd8ed1ab_0             conda-forge
2025-01-15T11:58:43.0265710Z   defusedxml                     0.7.1                pyhd8ed1ab_0             conda-forge
2025-01-15T11:58:43.0266510Z   docutils                       0.20.1               py312h81bd7bf_3          conda-forge
2025-01-15T11:58:43.0266970Z   dot2tex                        2.11.3               pyhd8ed1ab_0             conda-forge
2025-01-15T11:58:43.0267340Z   entrypoints                    0.4                  pyhd8ed1ab_0             conda-forge
2025-01-15T11:58:43.0267830Z   exceptiongroup                 1.2.0                pyhd8ed1ab_2             conda-forge
2025-01-15T11:58:43.0268210Z   executing                      2.0.1                pyhd8ed1ab_0             conda-forge
2025-01-15T11:58:43.0268670Z   expat                          2.6.2                hebf3989_0               conda-forge
2025-01-15T11:58:43.0269480Z   font-ttf-dejavu-sans-mono      2.37                 hab24e00_0               conda-forge
2025-01-15T11:58:43.0269930Z   font-ttf-inconsolata           3.000                h77eed37_0               conda-forge
2025-01-15T11:58:43.0270770Z   font-ttf-source-code-pro       2.038                h77eed37_0               conda-forge
2025-01-15T11:58:43.0271190Z   font-ttf-ubuntu                0.83                 h77eed37_2               conda-forge
2025-01-15T11:58:43.0271700Z   fontconfig                     2.14.2               h82840c6_0               conda-forge
2025-01-15T11:58:43.0272200Z   fonts-conda-ecosystem          1                    0                        conda-forge
2025-01-15T11:58:43.0273150Z   fonts-conda-forge              1                    0                        conda-forge
2025-01-15T11:58:43.0273570Z   fonttools                      4.53.0               py312h7e5086c_0          conda-forge
2025-01-15T11:58:43.0274280Z   fqdn                           1.5.1                pyhd8ed1ab_0             conda-forge
2025-01-15T11:58:43.0274650Z   freetype                       2.12.1               hadb7bae_2               conda-forge
2025-01-15T11:58:43.0275070Z   fribidi                        1.0.10               h27ca646_0               conda-forge
2025-01-15T11:58:43.0275410Z   future                         1.0.0                pyhd8ed1ab_0             conda-forge
2025-01-15T11:58:43.0276130Z   gdk-pixbuf                     2.42.12              h7ddc832_0               conda-forge
2025-01-15T11:58:43.0276530Z   gettext                        0.22.5               h8fbad5d_2               conda-forge
2025-01-15T11:58:43.0277030Z   gettext-tools                  0.22.5               h8fbad5d_2               conda-forge
2025-01-15T11:58:43.0277380Z   giflib                         5.2.2                h93a5062_0               conda-forge
2025-01-15T11:58:43.0277780Z   git-lfs                        3.5.1                hce30654_0               conda-forge
2025-01-15T11:58:43.0278080Z   gmp                            6.3.0                hebf3989_1               conda-forge
2025-01-15T11:58:43.0278470Z   gmpy2                          2.1.5                py312hfa9fade_1          conda-forge
2025-01-15T11:58:43.0279140Z   graphite2                      1.3.13               hebf3989_1003            conda-forge
2025-01-15T11:58:43.0279570Z   graphviz                       11.0.0               h9bb9bc9_0               conda-forge
2025-01-15T11:58:43.0279920Z   gtk2                           2.24.33              h7895bb2_4               conda-forge
2025-01-15T11:58:43.0280290Z   gts                            0.7.6                he42f4ea_4               conda-forge
2025-01-15T11:58:43.0280660Z   h11                            0.14.0               pyhd8ed1ab_0             conda-forge
2025-01-15T11:58:43.0281080Z   h2                             4.1.0                pyhd8ed1ab_0             conda-forge
2025-01-15T11:58:43.0281460Z   h5py                           3.11.0               nompi_py312h903599c_102  conda-forge
2025-01-15T11:58:43.0281840Z   harfbuzz                       8.5.0                h1836168_0               conda-forge
2025-01-15T11:58:43.0282170Z   hdf5                           1.14.3               nompi_hec07895_105       conda-forge
2025-01-15T11:58:43.0282550Z   hpack                          4.0.0                pyh9f0ad1d_0             conda-forge
2025-01-15T11:58:43.0282890Z   httpcore                       1.0.5                pyhd8ed1ab_0             conda-forge
2025-01-15T11:58:43.0283270Z   httpx                          0.27.0               pyhd8ed1ab_0             conda-forge
2025-01-15T11:58:43.0283640Z   hyperframe                     6.0.1                pyhd8ed1ab_0             conda-forge
2025-01-15T11:58:43.0284040Z   icu                            73.2                 hc8870d7_0               conda-forge
2025-01-15T11:58:43.0284370Z   idna                           3.7                  pyhd8ed1ab_0             conda-forge
2025-01-15T11:58:43.0284750Z   imagesize                      1.4.1                pyhd8ed1ab_0             conda-forge
2025-01-15T11:58:43.0285200Z   importlib-metadata             7.1.0                pyha770c72_0             conda-forge
2025-01-15T11:58:43.0285620Z   importlib_metadata             7.1.0                hd8ed1ab_0               conda-forge
2025-01-15T11:58:43.0286020Z   importlib_resources            6.4.0                pyhd8ed1ab_0             conda-forge
2025-01-15T11:58:43.0286460Z   iniconfig                      2.0.0                pyhd8ed1ab_0             conda-forge
2025-01-15T11:58:43.0286790Z   ipykernel                      6.29.4               pyh57ce528_0             conda-forge
2025-01-15T11:58:43.0287190Z   ipython                        8.25.0               pyh707e725_0             conda-forge
2025-01-15T11:58:43.0287570Z   ipython_genutils               0.2.0                pyhd8ed1ab_1             conda-forge
2025-01-15T11:58:43.0287930Z   ipywidgets                     7.8.0                pyhd8ed1ab_0             conda-forge
2025-01-15T11:58:43.0288330Z   isoduration                    20.11.0              pyhd8ed1ab_0             conda-forge
2025-01-15T11:58:43.0288660Z   jedi                           0.19.1               pyhd8ed1ab_0             conda-forge
2025-01-15T11:58:43.0289040Z   jinja2                         3.1.4                pyhd8ed1ab_0             conda-forge
2025-01-15T11:58:43.0289790Z   json5                          0.9.25               pyhd8ed1ab_0             conda-forge
2025-01-15T11:58:43.0290190Z   jsonpointer                    3.0.0                py312h81bd7bf_0          conda-forge
2025-01-15T11:58:43.0290550Z   jsonschema                     4.22.0               pyhd8ed1ab_0             conda-forge
2025-01-15T11:58:43.0291100Z   jsonschema-specifications      2023.12.1            pyhd8ed1ab_0             conda-forge
2025-01-15T11:58:43.0291650Z   jsonschema-with-format-nongpl  4.22.0               pyhd8ed1ab_0             conda-forge
2025-01-15T11:58:43.0292340Z   jupyter-lsp                    2.2.5                pyhd8ed1ab_0             conda-forge
2025-01-15T11:58:43.0294870Z   jupyter_client                 8.6.2                pyhd8ed1ab_0             conda-forge
2025-01-15T11:58:43.0295290Z   jupyter_core                   5.7.2                py312h81bd7bf_0          conda-forge
2025-01-15T11:58:43.0322760Z   jupyter_events                 0.10.0               pyhd8ed1ab_0             conda-forge
2025-01-15T11:58:43.0323250Z   jupyter_server                 2.14.1               pyhd8ed1ab_0             conda-forge
2025-01-15T11:58:43.0323780Z   jupyter_server_terminals       0.5.3                pyhd8ed1ab_0             conda-forge
2025-01-15T11:58:43.0324270Z   jupyterlab                     4.2.2                pyhd8ed1ab_0             conda-forge
2025-01-15T11:58:43.0324660Z   jupyterlab_pygments            0.3.0                pyhd8ed1ab_1             conda-forge
2025-01-15T11:58:43.0325210Z   jupyterlab_server              2.27.2               pyhd8ed1ab_0             conda-forge
2025-01-15T11:58:43.0325600Z   jupyterlab_widgets             1.1.7                pyhd8ed1ab_0             conda-forge
2025-01-15T11:58:43.0326180Z   kiwisolver                     1.4.5                py312h389731b_1          conda-forge
2025-01-15T11:58:43.0326610Z   krb5                           1.21.2               h92f50d5_0               conda-forge
2025-01-15T11:58:43.0328410Z   latexcodec                     2.0.1                pyh9f0ad1d_0             conda-forge
2025-01-15T11:58:43.0330480Z   lcms2                          2.16                 ha0e7c42_0               conda-forge
2025-01-15T11:58:43.0331090Z   lerc                           4.0.0                h9a09cb3_0               conda-forge
2025-01-15T11:58:43.0331480Z   libaec                         1.1.3                hebf3989_0               conda-forge
2025-01-15T11:58:43.0331860Z   libasprintf                    0.22.5               h8fbad5d_2               conda-forge
2025-01-15T11:58:43.0332280Z   libasprintf-devel              0.22.5               h8fbad5d_2               conda-forge
2025-01-15T11:58:43.0333360Z   libblas                        3.9.0                22_osxarm64_openblas     conda-forge
2025-01-15T11:58:43.0333690Z   libbrotlicommon                1.1.0                hb547adb_1               conda-forge
2025-01-15T11:58:43.0334120Z   libbrotlidec                   1.1.0                hb547adb_1               conda-forge
2025-01-15T11:58:43.0334560Z   libbrotlienc                   1.1.0                hb547adb_1               conda-forge
2025-01-15T11:58:43.0334910Z   libcblas                       3.9.0                22_osxarm64_openblas     conda-forge
2025-01-15T11:58:43.0335260Z   libcurl                        8.8.0                h7b6f9a7_0               conda-forge
2025-01-15T11:58:43.0335600Z   libcxx                         17.0.6               h5f092b4_0               conda-forge
2025-01-15T11:58:43.0335940Z   libdeflate                     1.20                 h93a5062_0               conda-forge
2025-01-15T11:58:43.0336900Z   libedit                        3.1.20191231         hc8eb9b7_2               conda-forge
2025-01-15T11:58:43.0337970Z   libev                          4.33                 h93a5062_2               conda-forge
2025-01-15T11:58:43.0339030Z   libexpat                       2.6.2                hebf3989_0               conda-forge
2025-01-15T11:58:43.0341680Z   libffi                         3.4.2                h3422bc3_5               conda-forge
2025-01-15T11:58:43.0343090Z   libgd                          2.3.3                hfdf3952_9               conda-forge
2025-01-15T11:58:43.0345250Z   libgettextpo                   0.22.5               h8fbad5d_2               conda-forge
2025-01-15T11:58:43.0346310Z   libgettextpo-devel             0.22.5               h8fbad5d_2               conda-forge
2025-01-15T11:58:43.0347920Z   libgfortran                    5.0.0                13_2_0_hd922786_3        conda-forge
2025-01-15T11:58:43.0349250Z   libgfortran5                   13.2.0               hf226fd6_3               conda-forge
2025-01-15T11:58:43.0351400Z   libglib                        2.80.2               h59d46d9_1               conda-forge
2025-01-15T11:58:43.0351730Z   libiconv                       1.17                 h0d3ecfb_2               conda-forge
2025-01-15T11:58:43.0354190Z   libintl                        0.22.5               h8fbad5d_2               conda-forge
2025-01-15T11:58:43.0355020Z   libintl-devel                  0.22.5               h8fbad5d_2               conda-forge
2025-01-15T11:58:43.0357180Z   libjpeg-turbo                  3.0.0                hb547adb_1               conda-forge
2025-01-15T11:58:43.0360390Z   liblapack                      3.9.0                22_osxarm64_openblas     conda-forge
2025-01-15T11:58:43.0360770Z   libllvm14                      14.0.6               hd1a9a77_4               conda-forge
2025-01-15T11:58:43.0361060Z   libnghttp2                     1.58.0               ha4dd798_1               conda-forge
2025-01-15T11:58:43.0361440Z   libopenblas                    0.3.27               openmp_h6c19121_0        conda-forge
2025-01-15T11:58:43.0361740Z   libpng                         1.6.43               h091b4b1_0               conda-forge
2025-01-15T11:58:43.0362030Z   librsvg                        2.58.1               hbc281fb_0               conda-forge
2025-01-15T11:58:43.0362320Z   libsodium                      1.0.18               h27ca646_1               conda-forge
2025-01-15T11:58:43.0362610Z   libsqlite                      3.46.0               hfb93653_0               conda-forge
2025-01-15T11:58:43.0362960Z   libssh2                        1.11.0               h7a5bd25_0               conda-forge
2025-01-15T11:58:43.0363230Z   libtiff                        4.6.0                h07db509_3               conda-forge
2025-01-15T11:58:43.0363510Z   libwebp                        1.4.0                h54798ee_0               conda-forge
2025-01-15T11:58:43.0363800Z   libwebp-base                   1.4.0                h93a5062_0               conda-forge
2025-01-15T11:58:43.0364140Z   libxcb                         1.16                 hf2054a2_0               conda-forge
2025-01-15T11:58:43.0364470Z   libxml2                        2.12.7               ha661575_1               conda-forge
2025-01-15T11:58:43.0364830Z   libxslt                        1.1.39               h223e5b9_0               conda-forge
2025-01-15T11:58:43.0365170Z   libzlib                        1.3.1                hfb2fe0b_1               conda-forge
2025-01-15T11:58:43.0365630Z   llvm-openmp                    18.1.7               hde57baf_0               conda-forge
2025-01-15T11:58:43.0366030Z   llvmlite                       0.42.0               py312h17030e7_1          conda-forge
2025-01-15T11:58:43.0366350Z   lxml                           5.2.2                py312h0e5ab22_0          conda-forge
2025-01-15T11:58:43.0366700Z   lz4-c                          1.9.4                hb7217d7_0               conda-forge
2025-01-15T11:58:43.0367040Z   markupsafe                     2.1.5                py312he37b823_0          conda-forge
2025-01-15T11:58:43.0367420Z   matplotlib-base                3.8.4                py312h4479663_2          conda-forge
2025-01-15T11:58:43.0367800Z   matplotlib-inline              0.1.7                pyhd8ed1ab_0             conda-forge
2025-01-15T11:58:43.0368490Z   mistune                        3.0.2                pyhd8ed1ab_0             conda-forge
2025-01-15T11:58:43.0368810Z   mpc                            1.3.1                h91ba8db_0               conda-forge
2025-01-15T11:58:43.0369140Z   mpfr                           4.2.1                h41d338b_1               conda-forge
2025-01-15T11:58:43.0369460Z   mpmath                         1.3.0                pyhd8ed1ab_0             conda-forge
2025-01-15T11:58:43.0369780Z   munkres                        1.1.4                pyh9f0ad1d_0             conda-forge
2025-01-15T11:58:43.0370080Z   mypy_extensions                1.0.0                pyha770c72_0             conda-forge
2025-01-15T11:58:43.0372740Z   nbclassic                      1.1.0                pyhd8ed1ab_0             conda-forge
2025-01-15T11:58:43.0373900Z   nbclient                       0.10.0               pyhd8ed1ab_0             conda-forge
2025-01-15T11:58:43.0375720Z   nbconvert                      7.16.4               hd8ed1ab_1               conda-forge
2025-01-15T11:58:43.0376690Z   nbconvert-core                 7.16.4               pyhd8ed1ab_1             conda-forge
2025-01-15T11:58:43.0377720Z   nbconvert-pandoc               7.16.4               hd8ed1ab_1               conda-forge
2025-01-15T11:58:43.0378740Z   nbformat                       5.10.4               pyhd8ed1ab_0             conda-forge
2025-01-15T11:58:43.0379680Z   nbsphinx                       0.9.4                pyhd8ed1ab_0             conda-forge
2025-01-15T11:58:43.0380890Z   ncurses                        6.5                  hb89a1cb_0               conda-forge
2025-01-15T11:58:43.0381360Z   nest-asyncio                   1.6.0                pyhd8ed1ab_0             conda-forge
2025-01-15T11:58:43.0381710Z   networkx                       3.3                  pyhd8ed1ab_1             conda-forge
2025-01-15T11:58:43.0382100Z   notebook                       7.2.1                pyhd8ed1ab_0             conda-forge
2025-01-15T11:58:43.0382460Z   notebook-shim                  0.2.4                pyhd8ed1ab_0             conda-forge
2025-01-15T11:58:43.0382850Z   numba                          0.59.1               py312hbaff935_0          conda-forge
2025-01-15T11:58:43.0383190Z   numexpr                        2.10.0               py312h8ae5369_0          conda-forge
2025-01-15T11:58:43.0383550Z   numpy                          1.26.4               py312h8442bc7_0          conda-forge
2025-01-15T11:58:43.0383880Z   numpydoc                       1.7.0                pyhd8ed1ab_1             conda-forge
2025-01-15T11:58:43.0384170Z   openjpeg                       2.5.2                h9f1df11_0               conda-forge
2025-01-15T11:58:43.0384620Z   openssl                        3.3.1                hfb2fe0b_0               conda-forge
2025-01-15T11:58:43.0384940Z   overrides                      7.7.0                pyhd8ed1ab_0             conda-forge
2025-01-15T11:58:43.0385260Z   packaging                      24.1                 pyhd8ed1ab_0             conda-forge
2025-01-15T11:58:43.0385550Z   pandas                         2.2.2                py312h8ae5369_1          conda-forge
2025-01-15T11:58:43.0385830Z   pandoc                         3.2                  hce30654_0               conda-forge
2025-01-15T11:58:43.0386120Z   pandocfilters                  1.5.0                pyhd8ed1ab_0             conda-forge
2025-01-15T11:58:43.0386420Z   pango                          1.54.0               h5cb9fbc_0               conda-forge
2025-01-15T11:58:43.0386700Z   parso                          0.8.4                pyhd8ed1ab_0             conda-forge
2025-01-15T11:58:43.0386980Z   pathspec                       0.12.1               pyhd8ed1ab_0             conda-forge
2025-01-15T11:58:43.0392000Z   pbr                            6.0.0                pyhd8ed1ab_0             conda-forge
2025-01-15T11:58:43.0392290Z   pcre2                          10.44                h297a79d_0               conda-forge
2025-01-15T11:58:43.0392980Z   pexpect                        4.9.0                pyhd8ed1ab_0             conda-forge
2025-01-15T11:58:43.0393280Z   pickleshare                    0.7.5                py_1003                  conda-forge
2025-01-15T11:58:43.0393570Z   pillow                         10.3.0               py312h39b1d8d_1          conda-forge
2025-01-15T11:58:43.0393840Z   pip                            24.0                 pyhd8ed1ab_0             conda-forge
2025-01-15T11:58:43.0394110Z   pixman                         0.43.4               hebf3989_0               conda-forge
2025-01-15T11:58:43.0394420Z   pkgutil-resolve-name           1.3.10               pyhd8ed1ab_1             conda-forge
2025-01-15T11:58:43.0394750Z   platformdirs                   4.2.2                pyhd8ed1ab_0             conda-forge
2025-01-15T11:58:43.0395050Z   plotly                         5.22.0               pyhd8ed1ab_0             conda-forge
2025-01-15T11:58:43.0395760Z   pluggy                         1.5.0                pyhd8ed1ab_0             conda-forge
2025-01-15T11:58:43.0396070Z   prometheus_client              0.20.0               pyhd8ed1ab_0             conda-forge
2025-01-15T11:58:43.0396400Z   prompt-toolkit                 3.0.47               pyha770c72_0             conda-forge
2025-01-15T11:58:43.0396790Z   psutil                         5.9.8                py312he37b823_0          conda-forge
2025-01-15T11:58:43.0397090Z   pthread-stubs                  0.4                  h27ca646_1001            conda-forge
2025-01-15T11:58:43.0397390Z   ptyprocess                     0.7.0                pyhd3deb0d_0             conda-forge
2025-01-15T11:58:43.0397690Z   pure_eval                      0.2.2                pyhd8ed1ab_0             conda-forge
2025-01-15T11:58:43.0397980Z   py-cpuinfo                     9.0.0                pyhd8ed1ab_0             conda-forge
2025-01-15T11:58:43.0398430Z   pybtex                         0.24.0               pyhd8ed1ab_2             conda-forge
2025-01-15T11:58:43.0398780Z   pybtex-docutils                1.0.3                py312h81bd7bf_1          conda-forge
2025-01-15T11:58:43.0399110Z   pycparser                      2.22                 pyhd8ed1ab_0             conda-forge
2025-01-15T11:58:43.0399400Z   pyerfa                         2.0.1.4              py312hbebd99a_1          conda-forge
2025-01-15T11:58:43.0399690Z   pygments                       2.18.0               pyhd8ed1ab_0             conda-forge
2025-01-15T11:58:43.0400290Z   pygraphviz                     1.13                 py312h5f4d302_1          conda-forge
2025-01-15T11:58:43.0400600Z   pyobjc-core                    10.3.1               py312hbb55c70_0          conda-forge
2025-01-15T11:58:43.0400930Z   pyobjc-framework-cocoa         10.3.1               py312hbb55c70_0          conda-forge
2025-01-15T11:58:43.0401260Z   pyparsing                      3.1.2                pyhd8ed1ab_0             conda-forge
2025-01-15T11:58:43.0401560Z   pysocks                        1.7.1                pyha2e5f31_6             conda-forge
2025-01-15T11:58:43.0401850Z   pytables                       3.9.2                py312hb622ae1_2          conda-forge
2025-01-15T11:58:43.0402140Z   pytest                         8.2.2                pyhd8ed1ab_0             conda-forge
2025-01-15T11:58:43.0402430Z   pytest-cov                     5.0.0                pyhd8ed1ab_0             conda-forge
2025-01-15T11:58:43.0402750Z   pytest-doctestplus             1.2.1                pyhd8ed1ab_0             conda-forge
2025-01-15T11:58:43.0403080Z   pytest-html                    4.1.1                pyhd8ed1ab_0             conda-forge
2025-01-15T11:58:43.0403390Z   pytest-metadata                3.1.1                pyhd8ed1ab_0             conda-forge
2025-01-15T11:58:43.0403700Z   python                         3.12.4               h30c5eda_0_cpython       conda-forge
2025-01-15T11:58:43.0404430Z   python-dateutil                2.9.0                pyhd8ed1ab_0             conda-forge
2025-01-15T11:58:43.0405400Z   python-fastjsonschema          2.20.0               pyhd8ed1ab_0             conda-forge
2025-01-15T11:58:43.0405760Z   python-json-logger             2.0.7                pyhd8ed1ab_0             conda-forge
2025-01-15T11:58:43.0406090Z   python-tzdata                  2024.1               pyhd8ed1ab_0             conda-forge
2025-01-15T11:58:43.0406390Z   python_abi                     3.12                 4_cp312                  conda-forge
2025-01-15T11:58:43.0406680Z   pytz                           2024.1               pyhd8ed1ab_0             conda-forge
2025-01-15T11:58:43.0406960Z   pyyaml                         6.0.1                py312h02f2b3b_1          conda-forge
2025-01-15T11:58:43.0407240Z   pyzmq                          26.0.3               py312hfa13136_0          conda-forge
2025-01-15T11:58:43.0407520Z   qgrid                          1.3.1                pyhd8ed1ab_4             conda-forge
2025-01-15T11:58:43.0408010Z   radioactivedecay               0.5.1                pyhd8ed1ab_0             conda-forge
2025-01-15T11:58:43.0408640Z   readline                       8.2                  h92ec313_1               conda-forge
2025-01-15T11:58:43.0409880Z   recommonmark                   0.7.1                pyhd8ed1ab_0             conda-forge
2025-01-15T11:58:43.0410750Z   referencing                    0.35.1               pyhd8ed1ab_0             conda-forge
2025-01-15T11:58:43.0411860Z   requests                       2.32.3               pyhd8ed1ab_0             conda-forge
2025-01-15T11:58:43.0412640Z   rfc3339-validator              0.1.4                pyhd8ed1ab_0             conda-forge
2025-01-15T11:58:43.0413000Z   rfc3986-validator              0.1.1                pyh9f0ad1d_0             conda-forge
2025-01-15T11:58:43.0413320Z   rpds-py                        0.18.1               py312h552d48e_0          conda-forge
2025-01-15T11:58:43.0413610Z   ruff                           0.4.9                py312h3402d49_0          conda-forge
2025-01-15T11:58:43.0413890Z   scipy                          1.13.1               py312h14ffa8f_0          conda-forge
2025-01-15T11:58:43.0414510Z   send2trash                     1.8.3                pyh31c8845_0             conda-forge
2025-01-15T11:58:43.0416450Z   setuptools                     70.0.0               pyhd8ed1ab_0             conda-forge
2025-01-15T11:58:43.0416770Z   setuptools-scm                 8.1.0                pyhd8ed1ab_0             conda-forge
2025-01-15T11:58:43.0417090Z   setuptools_scm                 8.1.0                hd8ed1ab_0               conda-forge
2025-01-15T11:58:43.0417380Z   six                            1.16.0               pyh6c4a22f_0             conda-forge
2025-01-15T11:58:43.0417650Z   snakeviz                       2.2.0                pyhd8ed1ab_0             conda-forge
2025-01-15T11:58:43.0417940Z   snappy                         1.2.0                hd04f947_1               conda-forge
2025-01-15T11:58:43.0418230Z   sniffio                        1.3.1                pyhd8ed1ab_0             conda-forge
2025-01-15T11:58:43.0418540Z   snowballstemmer                2.2.0                pyhd8ed1ab_0             conda-forge
2025-01-15T11:58:43.0418860Z   soupsieve                      2.5                  pyhd8ed1ab_1             conda-forge
2025-01-15T11:58:43.0419140Z   sphinx                         7.3.7                pyhd8ed1ab_0             conda-forge
2025-01-15T11:58:43.0419440Z   sphinx-astropy                 1.9.1                pyhd8ed1ab_0             conda-forge
2025-01-15T11:58:43.0419770Z   sphinx-automodapi              0.17.0               pyh717bed2_1             conda-forge
2025-01-15T11:58:43.0420120Z   sphinx-gallery                 0.16.0               pyhd8ed1ab_0             conda-forge
2025-01-15T11:58:43.0420440Z   sphinx-jsonschema              1.19.1               pyhd8ed1ab_0             conda-forge
2025-01-15T11:58:43.0420790Z   sphinx_bootstrap_theme         0.8.1                pyhd8ed1ab_0             conda-forge
2025-01-15T11:58:43.0421460Z   sphinx_rtd_theme               2.0.0                pyha770c72_0             conda-forge
2025-01-15T11:58:43.0421790Z   sphinxcontrib-apidoc           0.3.0                py_1                     conda-forge
2025-01-15T11:58:43.0422160Z   sphinxcontrib-applehelp        1.0.8                pyhd8ed1ab_0             conda-forge
2025-01-15T11:58:43.0422530Z   sphinxcontrib-bibtex           2.6.2                pyhd8ed1ab_0             conda-forge
2025-01-15T11:58:43.0422890Z   sphinxcontrib-devhelp          1.0.6                pyhd8ed1ab_0             conda-forge
2025-01-15T11:58:43.0423250Z   sphinxcontrib-htmlhelp         2.0.5                pyhd8ed1ab_0             conda-forge
2025-01-15T11:58:43.0423600Z   sphinxcontrib-jquery           4.1                  pyhd8ed1ab_0             conda-forge
2025-01-15T11:58:43.0423950Z   sphinxcontrib-jsmath           1.0.1                pyhd8ed1ab_0             conda-forge
2025-01-15T11:58:43.0424470Z   sphinxcontrib-qthelp           1.0.7                pyhd8ed1ab_0             conda-forge
2025-01-15T11:58:43.0424870Z   sphinxcontrib-serializinghtml  1.1.10               pyhd8ed1ab_0             conda-forge
2025-01-15T11:58:43.0425590Z   stack_data                     0.6.2                pyhd8ed1ab_0             conda-forge
2025-01-15T11:58:43.0425900Z   sympy                          1.12.1               pypyh2585a3b_103         conda-forge
2025-01-15T11:58:43.0426510Z   tabulate                       0.9.0                pyhd8ed1ab_1             conda-forge
2025-01-15T11:58:43.0426810Z   tenacity                       8.4.1                pyhd8ed1ab_0             conda-forge
2025-01-15T11:58:43.0427470Z   terminado                      0.18.1               pyh31c8845_0             conda-forge
2025-01-15T11:58:43.0428890Z   tinycss2                       1.3.0                pyhd8ed1ab_0             conda-forge
2025-01-15T11:58:43.0429190Z   tk                             8.6.13               h5083fa2_1               conda-forge
2025-01-15T11:58:43.0429470Z   toml                           0.10.2               pyhd8ed1ab_0             conda-forge
2025-01-15T11:58:43.0429750Z   tomli                          2.0.1                pyhd8ed1ab_0             conda-forge
2025-01-15T11:58:43.0430030Z   tornado                        6.4.1                py312h7e5086c_0          conda-forge
2025-01-15T11:58:43.0432030Z   tqdm                           4.66.4               pyhd8ed1ab_0             conda-forge
2025-01-15T11:58:43.0433730Z   traitlets                      5.14.3               pyhd8ed1ab_0             conda-forge
2025-01-15T11:58:43.0434130Z   typed-ast                      1.5.5                py312h02f2b3b_1          conda-forge
2025-01-15T11:58:43.0434480Z   types-python-dateutil          2.9.0.20240316       pyhd8ed1ab_0             conda-forge
2025-01-15T11:58:43.0434850Z   typing-extensions              4.12.2               hd8ed1ab_0               conda-forge
2025-01-15T11:58:43.0435200Z   typing_extensions              4.12.2               pyha770c72_0             conda-forge
2025-01-15T11:58:43.0435520Z   typing_utils                   0.1.0                pyhd8ed1ab_0             conda-forge
2025-01-15T11:58:43.0435810Z   tzdata                         2024a                h0c530f3_0               conda-forge
2025-01-15T11:58:43.0436110Z   uri-template                   1.3.0                pyhd8ed1ab_0             conda-forge
2025-01-15T11:58:43.0436570Z   urllib3                        2.2.2                pyhd8ed1ab_0             conda-forge
2025-01-15T11:58:43.0436860Z   wcwidth                        0.2.13               pyhd8ed1ab_0             conda-forge
2025-01-15T11:58:43.0437160Z   webcolors                      24.6.0               pyhd8ed1ab_0             conda-forge
2025-01-15T11:58:43.0437470Z   webencodings                   0.5.1                pyhd8ed1ab_2             conda-forge
2025-01-15T11:58:43.0437880Z   websocket-client               1.8.0                pyhd8ed1ab_0             conda-forge
2025-01-15T11:58:43.0438210Z   wheel                          0.43.0               pyhd8ed1ab_1             conda-forge
2025-01-15T11:58:43.0438840Z   widgetsnbextension             3.6.6                pyhd8ed1ab_0             conda-forge
2025-01-15T11:58:43.0439160Z   xorg-libxau                    1.0.11               hb547adb_0               conda-forge
2025-01-15T11:58:43.0439470Z   xorg-libxdmcp                  1.1.3                h27ca646_0               conda-forge
2025-01-15T11:58:43.0439750Z   xz                             5.2.6                h57fd34a_0               conda-forge
2025-01-15T11:58:43.0440000Z   yaml                           0.2.5                h3422bc3_2               conda-forge
2025-01-15T11:58:43.0440280Z   zeromq                         4.3.5                hcc0f68c_4               conda-forge
2025-01-15T11:58:43.0441260Z   zipp                           3.19.2               pyhd8ed1ab_0             conda-forge
2025-01-15T11:58:43.0443630Z   zlib                           1.3.1                hfb2fe0b_1               conda-forge
2025-01-15T11:58:43.0443930Z   zlib-ng                        2.0.7                h1a8c8d9_0               conda-forge
2025-01-15T11:58:43.0444190Z   zstd                           1.5.6                hb46c0d2_0               conda-forge
2025-01-15T11:58:43.0444760Z ##[endgroup]
