2025-02-25T12:23:23.0785661Z Requested labels: macos-latest
2025-02-25T12:23:23.0785951Z Job defined at: tardis-sn/tardis/.github/workflows/tests.yml@refs/pull/2993/merge
2025-02-25T12:23:23.0786110Z Waiting for a runner to pick up this job...
2025-02-25T12:23:23.3128501Z Job is waiting for a hosted runner to come online.
2025-02-25T12:23:26.2228514Z Job is about to start running on the hosted runner: GitHub Actions 51 (hosted)
2025-02-25T12:23:27.5895800Z Current runner version: '2.322.0'
2025-02-25T12:23:27.5911270Z ##[group]Operating System
2025-02-25T12:23:27.5911730Z macOS
2025-02-25T12:23:27.5912030Z 14.7.2
2025-02-25T12:23:27.5912310Z 23H311
2025-02-25T12:23:27.5912600Z ##[endgroup]
2025-02-25T12:23:27.5912910Z ##[group]Runner Image
2025-02-25T12:23:27.5913250Z Image: macos-14-arm64
2025-02-25T12:23:27.5913570Z Version: 20250120.774
2025-02-25T12:23:27.5914240Z Included Software: https://github.com/actions/runner-images/blob/macos-14-arm64/20250120.774/images/macos/macos-14-arm64-Readme.md
2025-02-25T12:23:27.5915160Z Image Release: https://github.com/actions/runner-images/releases/tag/macos-14-arm64%2F20250120.774
2025-02-25T12:23:27.5915740Z ##[endgroup]
2025-02-25T12:23:27.5916070Z ##[group]Runner Image Provisioner
2025-02-25T12:23:27.5916470Z 2.0.422.1+55c30c14fe2a0a1547db1b656933ae07d97649a9
2025-02-25T12:23:27.5916870Z ##[endgroup]
2025-02-25T12:23:27.5918250Z ##[group]GITHUB_TOKEN Permissions
2025-02-25T12:23:27.5919250Z Actions: write
2025-02-25T12:23:27.5919590Z Attestations: write
2025-02-25T12:23:27.5919910Z Checks: write
2025-02-25T12:23:27.5920210Z Contents: write
2025-02-25T12:23:27.5920520Z Deployments: write
2025-02-25T12:23:27.5920850Z Discussions: write
2025-02-25T12:23:27.5921160Z Issues: write
2025-02-25T12:23:27.5921470Z Metadata: read
2025-02-25T12:23:27.5921770Z Packages: write
2025-02-25T12:23:27.5922080Z Pages: write
2025-02-25T12:23:27.5922390Z PullRequests: write
2025-02-25T12:23:27.5922720Z RepositoryProjects: write
2025-02-25T12:23:27.5923070Z SecurityEvents: write
2025-02-25T12:23:27.5923400Z Statuses: write
2025-02-25T12:23:27.5923720Z ##[endgroup]
2025-02-25T12:23:27.5925410Z Secret source: Actions
2025-02-25T12:23:27.5925840Z Prepare workflow directory
2025-02-25T12:23:27.6248350Z Prepare all required actions
2025-02-25T12:23:27.6273340Z Getting action download info
2025-02-25T12:23:27.7954900Z Download action repository 'actions/checkout@v4' (SHA:11bd71901bbe5b1630ceea73d27597364c9af683)
2025-02-25T12:23:27.9829090Z Download action repository 'actions/upload-artifact@v4' (SHA:4cec3d8aa04e39d1a68397de0c4cd6fb9dce8ec1)
2025-02-25T12:23:29.1439630Z Complete job name: not continuum macos-latest 
2025-02-25T12:23:29.1811940Z ##[group]Run actions/checkout@v4
2025-02-25T12:23:29.1812610Z with:
2025-02-25T12:23:29.1813120Z   repository: tardis-sn/tardis
2025-02-25T12:23:29.1813680Z   token: ***
2025-02-25T12:23:29.1814140Z   ssh-strict: true
2025-02-25T12:23:29.1814510Z   ssh-user: git
2025-02-25T12:23:29.1814890Z   persist-credentials: true
2025-02-25T12:23:29.1815300Z   clean: true
2025-02-25T12:23:29.1815680Z   sparse-checkout-cone-mode: true
2025-02-25T12:23:29.1816130Z   fetch-depth: 1
2025-02-25T12:23:29.1816490Z   fetch-tags: false
2025-02-25T12:23:29.1816870Z   show-progress: true
2025-02-25T12:23:29.1817230Z   lfs: false
2025-02-25T12:23:29.1817600Z   submodules: false
2025-02-25T12:23:29.1817970Z   set-safe-directory: true
2025-02-25T12:23:29.1818480Z env:
2025-02-25T12:23:29.1818820Z   CACHE_NUMBER: 0
2025-02-25T12:23:29.1819820Z   PYTEST_FLAGS: --tardis-regression-data=/Users/runner/work/tardis/tardis/tardis-regression-data --cov=tardis --cov-report=xml --cov-report=html --cov-append
2025-02-25T12:23:29.1820900Z   CODECOV_TOKEN: ***
2025-02-25T12:23:29.1821260Z ##[endgroup]
2025-02-25T12:23:29.4945740Z Syncing repository: tardis-sn/tardis
2025-02-25T12:23:29.4946950Z ##[group]Getting Git version info
2025-02-25T12:23:29.4947420Z Working directory is '/Users/runner/work/tardis/tardis'
2025-02-25T12:23:29.4948120Z [command]/opt/homebrew/bin/git version
2025-02-25T12:23:29.5442810Z git version 2.48.1
2025-02-25T12:23:29.5471510Z ##[endgroup]
2025-02-25T12:23:29.5477230Z Copying '/Users/runner/.gitconfig' to '/Users/runner/work/_temp/f73a35ef-b61e-4cea-a492-7764b5d59f17/.gitconfig'
2025-02-25T12:23:29.5483210Z Temporarily overriding HOME='/Users/runner/work/_temp/f73a35ef-b61e-4cea-a492-7764b5d59f17' before making global git config changes
2025-02-25T12:23:29.5484220Z Adding repository directory to the temporary git global config as a safe directory
2025-02-25T12:23:29.5486950Z [command]/opt/homebrew/bin/git config --global --add safe.directory /Users/runner/work/tardis/tardis
2025-02-25T12:23:29.5577050Z Deleting the contents of '/Users/runner/work/tardis/tardis'
2025-02-25T12:23:29.5579130Z ##[group]Initializing the repository
2025-02-25T12:23:29.5583330Z [command]/opt/homebrew/bin/git init /Users/runner/work/tardis/tardis
2025-02-25T12:23:29.5734980Z hint: Using 'master' as the name for the initial branch. This default branch name
2025-02-25T12:23:29.5735910Z hint: is subject to change. To configure the initial branch name to use in all
2025-02-25T12:23:29.5736730Z hint: of your new repositories, which will suppress this warning, call:
2025-02-25T12:23:29.5737260Z hint:
2025-02-25T12:23:29.5737630Z hint: 	git config --global init.defaultBranch <name>
2025-02-25T12:23:29.5738040Z hint:
2025-02-25T12:23:29.5738440Z hint: Names commonly chosen instead of 'master' are 'main', 'trunk' and
2025-02-25T12:23:29.5739090Z hint: 'development'. The just-created branch can be renamed via this command:
2025-02-25T12:23:29.5739680Z hint:
2025-02-25T12:23:29.5739980Z hint: 	git branch -m <name>
2025-02-25T12:23:29.5740480Z Initialized empty Git repository in /Users/runner/work/tardis/tardis/.git/
2025-02-25T12:23:29.5744010Z [command]/opt/homebrew/bin/git remote add origin https://github.com/tardis-sn/tardis
2025-02-25T12:23:29.5794720Z ##[endgroup]
2025-02-25T12:23:29.5795290Z ##[group]Disabling automatic garbage collection
2025-02-25T12:23:29.5796920Z [command]/opt/homebrew/bin/git config --local gc.auto 0
2025-02-25T12:23:29.5836000Z ##[endgroup]
2025-02-25T12:23:29.5836520Z ##[group]Setting up auth
2025-02-25T12:23:29.5840730Z [command]/opt/homebrew/bin/git config --local --name-only --get-regexp core\.sshCommand
2025-02-25T12:23:29.5882360Z [command]/opt/homebrew/bin/git submodule foreach --recursive sh -c "git config --local --name-only --get-regexp 'core\.sshCommand' && git config --local --unset-all 'core.sshCommand' || :"
2025-02-25T12:23:29.6500520Z [command]/opt/homebrew/bin/git config --local --name-only --get-regexp http\.https\:\/\/github\.com\/\.extraheader
2025-02-25T12:23:29.6532560Z [command]/opt/homebrew/bin/git submodule foreach --recursive sh -c "git config --local --name-only --get-regexp 'http\.https\:\/\/github\.com\/\.extraheader' && git config --local --unset-all 'http.https://github.com/.extraheader' || :"
2025-02-25T12:23:29.7005220Z [command]/opt/homebrew/bin/git config --local http.https://github.com/.extraheader AUTHORIZATION: basic ***
2025-02-25T12:23:29.7083790Z ##[endgroup]
2025-02-25T12:23:29.7084370Z ##[group]Fetching the repository
2025-02-25T12:23:29.7091400Z [command]/opt/homebrew/bin/git -c protocol.version=2 fetch --no-tags --prune --no-recurse-submodules --depth=1 origin +f175320e82b12e9c81fe26cea566c85abea662c3:refs/remotes/pull/2993/merge
2025-02-25T12:23:31.8627060Z From https://github.com/tardis-sn/tardis
2025-02-25T12:23:31.8628410Z  * [new ref]         f175320e82b12e9c81fe26cea566c85abea662c3 -> pull/2993/merge
2025-02-25T12:23:31.8672300Z ##[endgroup]
2025-02-25T12:23:31.8673450Z ##[group]Determining the checkout info
2025-02-25T12:23:31.8674440Z ##[endgroup]
2025-02-25T12:23:31.8676080Z [command]/opt/homebrew/bin/git sparse-checkout disable
2025-02-25T12:23:31.8731070Z [command]/opt/homebrew/bin/git config --local --unset-all extensions.worktreeConfig
2025-02-25T12:23:31.8773310Z ##[group]Checking out the ref
2025-02-25T12:23:31.8775390Z [command]/opt/homebrew/bin/git checkout --progress --force refs/remotes/pull/2993/merge
2025-02-25T12:23:32.0454730Z HEAD is now at f175320 Merge 34050357ec79f746c67404ae921f1a832c489065 into e0297c6a3e05bd816fe46385781e9e7d16bc6238
2025-02-25T12:23:32.0469250Z ##[endgroup]
2025-02-25T12:23:32.0524430Z [command]/opt/homebrew/bin/git log -1 --format=%H
2025-02-25T12:23:32.0560380Z f175320e82b12e9c81fe26cea566c85abea662c3
2025-02-25T12:23:32.0822410Z Prepare all required actions
2025-02-25T12:23:32.0823240Z Getting action download info
2025-02-25T12:23:32.2298300Z Download action repository 'actions/cache@v4' (SHA:0c907a75c2c80ebcb7f088228285e798b750cf8f)
2025-02-25T12:23:33.3173900Z ##[group]Run ./.github/actions/setup_lfs
2025-02-25T12:23:33.3174100Z with:
2025-02-25T12:23:33.3174280Z   regression-data-repo: tardis-sn/tardis-regression-data
2025-02-25T12:23:33.3174520Z   atom-data-sparse: false
2025-02-25T12:23:33.3174670Z env:
2025-02-25T12:23:33.3174780Z   CACHE_NUMBER: 0
2025-02-25T12:23:33.3175250Z   PYTEST_FLAGS: --tardis-regression-data=/Users/runner/work/tardis/tardis/tardis-regression-data --cov=tardis --cov-report=xml --cov-report=html --cov-append
2025-02-25T12:23:33.3175920Z   CODECOV_TOKEN: ***
2025-02-25T12:23:33.3176080Z ##[endgroup]
2025-02-25T12:23:33.3267090Z ##[group]Run actions/checkout@v4
2025-02-25T12:23:33.3267260Z with:
2025-02-25T12:23:33.3267410Z   repository: tardis-sn/tardis-regression-data
2025-02-25T12:23:33.3267650Z   path: tardis-regression-data
2025-02-25T12:23:33.3267830Z   lfs: false
2025-02-25T12:23:33.3268040Z   token: ***
2025-02-25T12:23:33.3268190Z   ssh-strict: true
2025-02-25T12:23:33.3268320Z   ssh-user: git
2025-02-25T12:23:33.3268470Z   persist-credentials: true
2025-02-25T12:23:33.3268620Z   clean: true
2025-02-25T12:23:33.3268770Z   sparse-checkout-cone-mode: true
2025-02-25T12:23:33.3268940Z   fetch-depth: 1
2025-02-25T12:23:33.3269070Z   fetch-tags: false
2025-02-25T12:23:33.3269210Z   show-progress: true
2025-02-25T12:23:33.3269350Z   submodules: false
2025-02-25T12:23:33.3269480Z   set-safe-directory: true
2025-02-25T12:23:33.3269620Z env:
2025-02-25T12:23:33.3269740Z   CACHE_NUMBER: 0
2025-02-25T12:23:33.3270200Z   PYTEST_FLAGS: --tardis-regression-data=/Users/runner/work/tardis/tardis/tardis-regression-data --cov=tardis --cov-report=xml --cov-report=html --cov-append
2025-02-25T12:23:33.3270720Z   CODECOV_TOKEN: ***
2025-02-25T12:23:33.3270860Z ##[endgroup]
2025-02-25T12:23:33.3994890Z Syncing repository: tardis-sn/tardis-regression-data
2025-02-25T12:23:33.3996450Z ##[group]Getting Git version info
2025-02-25T12:23:33.3996820Z Working directory is '/Users/runner/work/tardis/tardis/tardis-regression-data'
2025-02-25T12:23:33.4022790Z [command]/opt/homebrew/bin/git version
2025-02-25T12:23:33.4066480Z git version 2.48.1
2025-02-25T12:23:33.4079400Z ##[endgroup]
2025-02-25T12:23:33.4084210Z Copying '/Users/runner/.gitconfig' to '/Users/runner/work/_temp/24eeb7cf-fefb-493f-acbf-eca2de0e1b1b/.gitconfig'
2025-02-25T12:23:33.4090380Z Temporarily overriding HOME='/Users/runner/work/_temp/24eeb7cf-fefb-493f-acbf-eca2de0e1b1b' before making global git config changes
2025-02-25T12:23:33.4091000Z Adding repository directory to the temporary git global config as a safe directory
2025-02-25T12:23:33.4092860Z [command]/opt/homebrew/bin/git config --global --add safe.directory /Users/runner/work/tardis/tardis/tardis-regression-data
2025-02-25T12:23:33.4130850Z ##[group]Initializing the repository
2025-02-25T12:23:33.4134200Z [command]/opt/homebrew/bin/git init /Users/runner/work/tardis/tardis/tardis-regression-data
2025-02-25T12:23:33.4201670Z hint: Using 'master' as the name for the initial branch. This default branch name
2025-02-25T12:23:33.4202260Z hint: is subject to change. To configure the initial branch name to use in all
2025-02-25T12:23:33.4202750Z hint: of your new repositories, which will suppress this warning, call:
2025-02-25T12:23:33.4203510Z hint:
2025-02-25T12:23:33.4203820Z hint: 	git config --global init.defaultBranch <name>
2025-02-25T12:23:33.4204060Z hint:
2025-02-25T12:23:33.4215580Z hint: Names commonly chosen instead of 'master' are 'main', 'trunk' and
2025-02-25T12:23:33.4216000Z hint: 'development'. The just-created branch can be renamed via this command:
2025-02-25T12:23:33.4216290Z hint:
2025-02-25T12:23:33.4216460Z hint: 	git branch -m <name>
2025-02-25T12:23:33.4216840Z Initialized empty Git repository in /Users/runner/work/tardis/tardis/tardis-regression-data/.git/
2025-02-25T12:23:33.4218140Z [command]/opt/homebrew/bin/git remote add origin https://github.com/tardis-sn/tardis-regression-data
2025-02-25T12:23:33.4248240Z ##[endgroup]
2025-02-25T12:23:33.4248780Z ##[group]Disabling automatic garbage collection
2025-02-25T12:23:33.4250870Z [command]/opt/homebrew/bin/git config --local gc.auto 0
2025-02-25T12:23:33.4286430Z ##[endgroup]
2025-02-25T12:23:33.4286710Z ##[group]Setting up auth
2025-02-25T12:23:33.4290400Z [command]/opt/homebrew/bin/git config --local --name-only --get-regexp core\.sshCommand
2025-02-25T12:23:33.4324550Z [command]/opt/homebrew/bin/git submodule foreach --recursive sh -c "git config --local --name-only --get-regexp 'core\.sshCommand' && git config --local --unset-all 'core.sshCommand' || :"
2025-02-25T12:23:33.4770550Z [command]/opt/homebrew/bin/git config --local --name-only --get-regexp http\.https\:\/\/github\.com\/\.extraheader
2025-02-25T12:23:33.4809180Z [command]/opt/homebrew/bin/git submodule foreach --recursive sh -c "git config --local --name-only --get-regexp 'http\.https\:\/\/github\.com\/\.extraheader' && git config --local --unset-all 'http.https://github.com/.extraheader' || :"
2025-02-25T12:23:33.5237780Z [command]/opt/homebrew/bin/git config --local http.https://github.com/.extraheader AUTHORIZATION: basic ***
2025-02-25T12:23:33.5278770Z ##[endgroup]
2025-02-25T12:23:33.5279160Z ##[group]Determining the default branch
2025-02-25T12:23:33.5280360Z Retrieving the default branch name
2025-02-25T12:23:33.9393740Z Default branch 'main'
2025-02-25T12:23:33.9396090Z ##[endgroup]
2025-02-25T12:23:33.9396520Z ##[group]Fetching the repository
2025-02-25T12:23:33.9398780Z [command]/opt/homebrew/bin/git -c protocol.version=2 fetch --no-tags --prune --no-recurse-submodules --depth=1 origin +refs/heads/main:refs/remotes/origin/main
2025-02-25T12:23:34.9047270Z From https://github.com/tardis-sn/tardis-regression-data
2025-02-25T12:23:34.9047770Z  * [new branch]      main       -> origin/main
2025-02-25T12:23:34.9097240Z ##[endgroup]
2025-02-25T12:23:34.9097570Z ##[group]Determining the checkout info
2025-02-25T12:23:34.9097880Z ##[endgroup]
2025-02-25T12:23:34.9101010Z [command]/opt/homebrew/bin/git sparse-checkout disable
2025-02-25T12:23:34.9150250Z [command]/opt/homebrew/bin/git config --local --unset-all extensions.worktreeConfig
2025-02-25T12:23:34.9186530Z ##[group]Checking out the ref
2025-02-25T12:23:34.9189220Z [command]/opt/homebrew/bin/git checkout --progress --force -B main refs/remotes/origin/main
2025-02-25T12:23:35.0873390Z Switched to a new branch 'main'
2025-02-25T12:23:35.0874580Z branch 'main' set up to track 'origin/main'.
2025-02-25T12:23:35.1398260Z ##[endgroup]
2025-02-25T12:23:35.1447460Z [command]/opt/homebrew/bin/git log -1 --format=%H
2025-02-25T12:23:35.1482860Z b2fdf418ac1a3631f8c3d2a5f392b6ebfa09ba0b
2025-02-25T12:23:35.1553550Z ##[group]Run if [ "false" == "true" ]; then
2025-02-25T12:23:35.1553810Z [36;1mif [ "false" == "true" ]; then[0m
2025-02-25T12:23:35.1554020Z [36;1m  echo "Using atom data sparse checkout"[0m
2025-02-25T12:23:35.1554310Z [36;1m  echo "atom_data/kurucz_cd23_chianti_H_He.h5" > .lfs-files-list[0m
2025-02-25T12:23:35.1554560Z [36;1melse[0m
2025-02-25T12:23:35.1554730Z [36;1m  echo "Using full repository checkout"[0m
2025-02-25T12:23:35.1554990Z [36;1m  git lfs ls-files -l | cut -d' ' -f1 | sort > .lfs-files-list[0m
2025-02-25T12:23:35.1555220Z [36;1mfi[0m
2025-02-25T12:23:35.1604860Z shell: /bin/bash --noprofile --norc -e -o pipefail {0}
2025-02-25T12:23:35.1605110Z env:
2025-02-25T12:23:35.1605230Z   CACHE_NUMBER: 0
2025-02-25T12:23:35.1605690Z   PYTEST_FLAGS: --tardis-regression-data=/Users/runner/work/tardis/tardis/tardis-regression-data --cov=tardis --cov-report=xml --cov-report=html --cov-append
2025-02-25T12:23:35.1606330Z   CODECOV_TOKEN: ***
2025-02-25T12:23:35.1606480Z ##[endgroup]
2025-02-25T12:23:35.1800320Z Using full repository checkout
2025-02-25T12:23:35.3572840Z ##[group]Run actions/cache/restore@v4
2025-02-25T12:23:35.3573150Z with:
2025-02-25T12:23:35.3573570Z   path: tardis-regression-data/.git/lfs
2025-02-25T12:23:35.3574060Z   key: tardis-regression-full-data-6e3f921411cf0a4e16018f0781785ab8728ab151c8f95ea20b0c8e8609b9a332-tardis-sn/tardis-regression-data-v1
2025-02-25T12:23:35.3574700Z   fail-on-cache-miss: true
2025-02-25T12:23:35.3574880Z   enableCrossOsArchive: false
2025-02-25T12:23:35.3575070Z   lookup-only: false
2025-02-25T12:23:35.3575220Z env:
2025-02-25T12:23:35.3575350Z   CACHE_NUMBER: 0
2025-02-25T12:23:35.3575830Z   PYTEST_FLAGS: --tardis-regression-data=/Users/runner/work/tardis/tardis/tardis-regression-data --cov=tardis --cov-report=xml --cov-report=html --cov-append
2025-02-25T12:23:35.3576520Z   CODECOV_TOKEN: ***
2025-02-25T12:23:35.3576700Z ##[endgroup]
2025-02-25T12:23:35.6104640Z Cache hit for: tardis-regression-full-data-6e3f921411cf0a4e16018f0781785ab8728ab151c8f95ea20b0c8e8609b9a332-tardis-sn/tardis-regression-data-v1
2025-02-25T12:23:36.7927880Z Received 33554432 of 2160718086 (1.6%), 32.0 MBs/sec
2025-02-25T12:23:37.7928180Z Received 171966464 of 2160718086 (8.0%), 82.0 MBs/sec
2025-02-25T12:23:38.8039770Z Received 331350016 of 2160718086 (15.3%), 104.9 MBs/sec
2025-02-25T12:23:39.8050230Z Received 473956352 of 2160718086 (21.9%), 112.7 MBs/sec
2025-02-25T12:23:40.8088060Z Received 608174080 of 2160718086 (28.1%), 115.6 MBs/sec
2025-02-25T12:23:41.8148670Z Received 721420288 of 2160718086 (33.4%), 114.2 MBs/sec
2025-02-25T12:23:42.8152650Z Received 826277888 of 2160718086 (38.2%), 112.2 MBs/sec
2025-02-25T12:23:43.8162930Z Received 939524096 of 2160718086 (43.5%), 111.7 MBs/sec
2025-02-25T12:23:44.8336940Z Received 1073741824 of 2160718086 (49.7%), 113.3 MBs/sec
2025-02-25T12:23:45.8371680Z Received 1199570944 of 2160718086 (55.5%), 113.9 MBs/sec
2025-02-25T12:23:46.8375670Z Received 1317011456 of 2160718086 (61.0%), 113.7 MBs/sec
2025-02-25T12:23:47.8393520Z Received 1405091840 of 2160718086 (65.0%), 111.2 MBs/sec
2025-02-25T12:23:48.8404660Z Received 1518338048 of 2160718086 (70.3%), 111.0 MBs/sec
2025-02-25T12:23:49.8421820Z Received 1623195648 of 2160718086 (75.1%), 110.2 MBs/sec
2025-02-25T12:23:50.8443550Z Received 1744830464 of 2160718086 (80.8%), 110.6 MBs/sec
2025-02-25T12:23:51.8529480Z Received 1874853888 of 2160718086 (86.8%), 111.3 MBs/sec
2025-02-25T12:23:52.8573660Z Received 1992294400 of 2160718086 (92.2%), 111.4 MBs/sec
2025-02-25T12:23:53.8556620Z Received 2109734912 of 2160718086 (97.6%), 111.4 MBs/sec
2025-02-25T12:23:54.2806080Z Received 2160718086 of 2160718086 (100.0%), 111.5 MBs/sec
2025-02-25T12:23:54.2813230Z Cache Size: ~2061 MB (2160718086 B)
2025-02-25T12:23:54.3142600Z [command]/opt/homebrew/bin/gtar -xf /Users/runner/work/_temp/75da270e-772d-457a-9cee-53387126535d/cache.tzst -P -C /Users/runner/work/tardis/tardis --delay-directory-restore --use-compress-program unzstd
2025-02-25T12:24:02.8275060Z Cache restored successfully
2025-02-25T12:24:02.9612540Z Cache restored from key: tardis-regression-full-data-6e3f921411cf0a4e16018f0781785ab8728ab151c8f95ea20b0c8e8609b9a332-tardis-sn/tardis-regression-data-v1
2025-02-25T12:24:02.9841760Z ##[group]Run git lfs checkout
2025-02-25T12:24:02.9842030Z [36;1mgit lfs checkout[0m
2025-02-25T12:24:02.9940900Z shell: /bin/bash --noprofile --norc -e -o pipefail {0}
2025-02-25T12:24:02.9941450Z env:
2025-02-25T12:24:02.9941790Z   CACHE_NUMBER: 0
2025-02-25T12:24:02.9942430Z   PYTEST_FLAGS: --tardis-regression-data=/Users/runner/work/tardis/tardis/tardis-regression-data --cov=tardis --cov-report=xml --cov-report=html --cov-append
2025-02-25T12:24:02.9943990Z   CODECOV_TOKEN: ***
2025-02-25T12:24:02.9944250Z ##[endgroup]
2025-02-25T12:24:15.8164300Z Checking out LFS objects: 100% (204/204), 5.7 GB | 388 MB/s, done.
2025-02-25T12:24:26.4048980Z Prepare all required actions
2025-02-25T12:24:26.4049760Z Getting action download info
2025-02-25T12:24:26.5411450Z Download action repository 'mamba-org/setup-micromamba@v1' (SHA:4b9113af4fba0e9e1124b252dd6497a419e7396d)
2025-02-25T12:24:27.7443000Z ##[group]Run ./.github/actions/setup_env
2025-02-25T12:24:27.7443260Z with:
2025-02-25T12:24:27.7444700Z   os-label: osx-arm64
2025-02-25T12:24:27.7445780Z env:
2025-02-25T12:24:27.7446820Z   CACHE_NUMBER: 0
2025-02-25T12:24:27.7448380Z   PYTEST_FLAGS: --tardis-regression-data=/Users/runner/work/tardis/tardis/tardis-regression-data --cov=tardis --cov-report=xml --cov-report=html --cov-append
2025-02-25T12:24:27.7451960Z   CODECOV_TOKEN: ***
2025-02-25T12:24:27.7452310Z ##[endgroup]
2025-02-25T12:24:27.7500270Z ##[group]Run file_hash=$(cat conda-osx-arm64.lock | shasum -a 256 | cut -d' ' -f1)
2025-02-25T12:24:27.7500730Z [36;1mfile_hash=$(cat conda-osx-arm64.lock | shasum -a 256 | cut -d' ' -f1)[0m
2025-02-25T12:24:27.7501220Z [36;1mecho "file_hash=tardis-conda-env-osx-arm64-${file_hash}-v1" >> "${GITHUB_OUTPUT}"[0m
2025-02-25T12:24:27.7559610Z shell: /bin/bash --noprofile --norc -e -o pipefail {0}
2025-02-25T12:24:27.7559870Z env:
2025-02-25T12:24:27.7560040Z   CACHE_NUMBER: 0
2025-02-25T12:24:27.7560550Z   PYTEST_FLAGS: --tardis-regression-data=/Users/runner/work/tardis/tardis/tardis-regression-data --cov=tardis --cov-report=xml --cov-report=html --cov-append
2025-02-25T12:24:27.7561340Z   CODECOV_TOKEN: ***
2025-02-25T12:24:27.7561490Z ##[endgroup]
2025-02-25T12:24:27.8461950Z ##[group]Run mamba-org/setup-micromamba@v1
2025-02-25T12:24:27.8462200Z with:
2025-02-25T12:24:27.8462350Z   environment-file: conda-osx-arm64.lock
2025-02-25T12:24:27.8462790Z   cache-environment-key: tardis-conda-env-osx-arm64-354e2cc8bd515676980814f312c10753c2dc4a43f483398b98b444c582fdd35f-v1
2025-02-25T12:24:27.8463440Z   cache-downloads-key: tardis-conda-env-osx-arm64-354e2cc8bd515676980814f312c10753c2dc4a43f483398b98b444c582fdd35f-v1
2025-02-25T12:24:27.8463890Z   environment-name: tardis
2025-02-25T12:24:27.8464080Z   cache-environment: true
2025-02-25T12:24:27.8464240Z   cache-downloads: true
2025-02-25T12:24:27.8464400Z env:
2025-02-25T12:24:27.8464520Z   CACHE_NUMBER: 0
2025-02-25T12:24:27.8464990Z   PYTEST_FLAGS: --tardis-regression-data=/Users/runner/work/tardis/tardis/tardis-regression-data --cov=tardis --cov-report=xml --cov-report=html --cov-append
2025-02-25T12:24:27.8465660Z   CODECOV_TOKEN: ***
2025-02-25T12:24:27.8465800Z ##[endgroup]
2025-02-25T12:24:28.0990310Z Will download micromamba to /Users/runner/micromamba-bin/micromamba
2025-02-25T12:24:28.0994170Z ##[group]Install micromamba
2025-02-25T12:24:28.7500910Z micromamba installed to /Users/runner/micromamba-bin/micromamba
2025-02-25T12:24:28.7501500Z ##[endgroup]
2025-02-25T12:24:28.7501800Z Adding conda-forge to condarc channels ...
2025-02-25T12:24:28.7535140Z ##[group]Initialize micromamba for bash.
2025-02-25T12:24:28.7547060Z [command]/Users/runner/micromamba-bin/micromamba shell init -s bash -r /Users/runner/micromamba --log-level warning --rc-file /Users/runner/work/_temp/setup-micromamba/.condarc
2025-02-25T12:24:28.7940440Z Modifying RC file "/Users/runner/.bash_profile"
2025-02-25T12:24:28.7942450Z Generating config for root prefix [1m"/Users/runner/micromamba"[0m
2025-02-25T12:24:28.7942940Z Setting mamba executable to: [1m"/Users/runner/micromamba-bin/micromamba"[0m
2025-02-25T12:24:28.7943590Z Adding (or replacing) the following in your "/Users/runner/.bash_profile" file
2025-02-25T12:24:28.7943830Z 
2025-02-25T12:24:28.7943920Z # >>> mamba initialize >>>
2025-02-25T12:24:28.7944190Z # !! Contents within this block are managed by 'mamba init' !!
2025-02-25T12:24:28.7944500Z export MAMBA_EXE='/Users/runner/micromamba-bin/micromamba';
2025-02-25T12:24:28.7944810Z export MAMBA_ROOT_PREFIX='/Users/runner/micromamba';
2025-02-25T12:24:28.7945200Z __mamba_setup="$("$MAMBA_EXE" shell hook --shell bash --root-prefix "$MAMBA_ROOT_PREFIX" 2> /dev/null)"
2025-02-25T12:24:28.7946280Z if [ $? -eq 0 ]; then
2025-02-25T12:24:28.7946490Z     eval "$__mamba_setup"
2025-02-25T12:24:28.7946650Z else
2025-02-25T12:24:28.7946900Z     alias micromamba="$MAMBA_EXE"  # Fallback on help from mamba activate
2025-02-25T12:24:28.7947160Z fi
2025-02-25T12:24:28.7947300Z unset __mamba_setup
2025-02-25T12:24:28.7947450Z # <<< mamba initialize <<<
2025-02-25T12:24:28.7947570Z 
2025-02-25T12:24:28.7949100Z ##[endgroup]
2025-02-25T12:24:28.7949900Z ##[group]Restoring downloads from `/Users/runner/micromamba/pkgs` ...
2025-02-25T12:24:30.1708750Z Received 71303168 of 310631401 (23.0%), 67.9 MBs/sec
2025-02-25T12:24:31.1717100Z Received 222298112 of 310631401 (71.6%), 105.9 MBs/sec
2025-02-25T12:24:31.9232370Z Cache Size: ~296 MB (310631401 B)
2025-02-25T12:24:31.9270450Z [command]/opt/homebrew/bin/gtar -xf /Users/runner/work/_temp/6c8b238e-a18c-470b-94e3-29db491be01e/cache.tzst -P -C /Users/runner/work/tardis/tardis --delay-directory-restore --use-compress-program unzstd
2025-02-25T12:24:32.1737820Z Received 310631401 of 310631401 (100.0%), 98.6 MBs/sec
2025-02-25T12:24:32.4151110Z Cache restored successfully
2025-02-25T12:24:32.4206530Z Restored cache with key `tardis-conda-env-osx-arm64-354e2cc8bd515676980814f312c10753c2dc4a43f483398b98b444c582fdd35f-v1-osx-arm64`
2025-02-25T12:24:32.4207570Z ##[endgroup]
2025-02-25T12:24:32.4820000Z ##[group]Restoring environment `tardis` from `/Users/runner/micromamba/envs/tardis` ...
2025-02-25T12:24:33.6955950Z Received 75497472 of 385953952 (19.6%), 71.9 MBs/sec
2025-02-25T12:24:34.6968880Z Received 239075328 of 385953952 (61.9%), 113.8 MBs/sec
2025-02-25T12:24:35.7001760Z Received 385953952 of 385953952 (100.0%), 122.4 MBs/sec
2025-02-25T12:24:35.7115720Z Cache Size: ~368 MB (385953952 B)
2025-02-25T12:24:35.7161810Z [command]/opt/homebrew/bin/gtar -xf /Users/runner/work/_temp/7ab40a7b-9ab7-4106-b1cf-ed9d141b546b/cache.tzst -P -C /Users/runner/work/tardis/tardis --delay-directory-restore --use-compress-program unzstd
2025-02-25T12:24:46.2827360Z Cache restored successfully
2025-02-25T12:24:46.2855230Z Restored cache with key `tardis-conda-env-osx-arm64-354e2cc8bd515676980814f312c10753c2dc4a43f483398b98b444c582fdd35f-v1-osx-arm64-tardis-args-4f53cda-root-873f6fe-bin-[object Promise]-file-354e2cc8bd515676980814f312c10753c2dc4a43f483398b98b444c582fdd35f`
2025-02-25T12:24:46.2856830Z ##[endgroup]
2025-02-25T12:24:46.2857180Z Adding environment tardis to auto-activate bash ...
2025-02-25T12:24:46.2863570Z Generating micromamba run shell.
2025-02-25T12:24:46.2872270Z ##[endgroup]
2025-02-25T12:24:46.2877320Z Set environment variables.
2025-02-25T12:24:46.2880460Z ##[group]micromamba info
2025-02-25T12:24:46.2883280Z [command]/Users/runner/micromamba-bin/micromamba info -r /Users/runner/micromamba -n tardis
2025-02-25T12:24:46.6898830Z 
2025-02-25T12:24:46.6899380Z        libmamba version : 1.5.10
2025-02-25T12:24:46.6899740Z      micromamba version : 1.5.10
2025-02-25T12:24:46.6900590Z            curl version : libcurl/8.10.1 (OpenSSL/3.3.2) SecureTransport zlib/1.3.1 zstd/1.5.6 libssh2/1.11.0 nghttp2/1.58.0
2025-02-25T12:24:46.6901180Z      libarchive version : libarchive 3.7.4 zlib/1.2.13 bz2lib/1.0.8 libzstd/1.5.6
2025-02-25T12:24:46.6901650Z        envs directories : /Users/runner/micromamba/envs
2025-02-25T12:24:46.6901970Z           package cache : /Users/runner/micromamba/pkgs
2025-02-25T12:24:46.6902340Z                           /Users/runner/.mamba/pkgs
2025-02-25T12:24:46.6902600Z             environment : tardis
2025-02-25T12:24:46.6902940Z            env location : /Users/runner/micromamba/envs/tardis
2025-02-25T12:24:46.6903260Z       user config files : /Users/runner/.mambarc
2025-02-25T12:24:46.6903690Z  populated config files : /Users/runner/work/_temp/setup-micromamba/.condarc
2025-02-25T12:24:46.6904120Z        virtual packages : __unix=0=0
2025-02-25T12:24:46.6904360Z                           __osx=14.7.2=0
2025-02-25T12:24:46.6904670Z                           __archspec=1=arm64
2025-02-25T12:24:46.6908770Z                channels : https://conda.anaconda.org/conda-forge/osx-arm64
2025-02-25T12:24:46.6909330Z                           https://conda.anaconda.org/conda-forge/noarch
2025-02-25T12:24:46.6909680Z        base environment : /Users/runner/micromamba
2025-02-25T12:24:46.6910020Z                platform : osx-arm64
2025-02-25T12:24:46.6910550Z ##[endgroup]
2025-02-25T12:24:46.6911020Z ##[group]micromamba list
2025-02-25T12:24:46.6911590Z [command]/Users/runner/micromamba-bin/micromamba list -r /Users/runner/micromamba -n tardis
2025-02-25T12:24:46.9875430Z List of packages in environment: "/Users/runner/micromamba/envs/tardis"
2025-02-25T12:24:46.9879790Z 
2025-02-25T12:24:46.9880020Z   Name                           Version              Build                    Channel    
2025-02-25T12:24:46.9882480Z â”€â”€â”€â”€â”€â”€â”€â”€â”€â”€â”€â”€â”€â”€â”€â”€â”€â”€â”€â”€â”€â”€â”€â”€â”€â”€â”€â”€â”€â”€â”€â”€â”€â”€â”€â”€â”€â”€â”€â”€â”€â”€â”€â”€â”€â”€â”€â”€â”€â”€â”€â”€â”€â”€â”€â”€â”€â”€â”€â”€â”€â”€â”€â”€â”€â”€â”€â”€â”€â”€â”€â”€â”€â”€â”€â”€â”€â”€â”€â”€â”€â”€â”€â”€â”€â”€â”€â”€â”€â”€â”€â”€
2025-02-25T12:24:46.9882920Z   alabaster                      0.7.16               pyhd8ed1ab_0             conda-forge
2025-02-25T12:24:46.9883370Z   anyio                          4.4.0                pyhd8ed1ab_0             conda-forge
2025-02-25T12:24:46.9883740Z   appnope                        0.1.4                pyhd8ed1ab_1             conda-forge
2025-02-25T12:24:46.9884190Z   argon2-cffi                    23.1.0               pyhd8ed1ab_1             conda-forge
2025-02-25T12:24:46.9884700Z   argon2-cffi-bindings           21.2.0               py312h024a12e_5          conda-forge
2025-02-25T12:24:46.9885070Z   arrow                          1.3.0                pyhd8ed1ab_1             conda-forge
2025-02-25T12:24:46.9885490Z   astropy                        6.1.1                py312hbebd99a_1          conda-forge
2025-02-25T12:24:46.9885900Z   astropy-iers-data              0.2024.6.17.0.31.35  pyhd8ed1ab_0             conda-forge
2025-02-25T12:24:46.9886730Z   astropy-sphinx-theme           1.1                  pyhd8ed1ab_1             conda-forge
2025-02-25T12:24:46.9887130Z   asttokens                      2.4.1                pyhd8ed1ab_0             conda-forge
2025-02-25T12:24:46.9887540Z   async-lru                      2.0.4                pyhd8ed1ab_1             conda-forge
2025-02-25T12:24:46.9887960Z   atk-1.0                        2.38.0               hd03087b_2               conda-forge
2025-02-25T12:24:46.9888290Z   attrs                          23.2.0               pyh71513ae_0             conda-forge
2025-02-25T12:24:46.9888670Z   babel                          2.14.0               pyhd8ed1ab_0             conda-forge
2025-02-25T12:24:46.9889080Z   beautifulsoup4                 4.12.3               pyha770c72_1             conda-forge
2025-02-25T12:24:46.9889530Z   bleach                         6.1.0                pyhd8ed1ab_0             conda-forge
2025-02-25T12:24:46.9889950Z   blosc                          1.21.6               h7dd00d9_1               conda-forge
2025-02-25T12:24:46.9890410Z   brotli                         1.1.0                hd74edd7_2               conda-forge
2025-02-25T12:24:46.9890890Z   brotli-bin                     1.1.0                hd74edd7_2               conda-forge
2025-02-25T12:24:46.9891460Z   brotli-python                  1.1.0                py312hde4cb15_2          conda-forge
2025-02-25T12:24:46.9892200Z   bzip2                          1.0.8                h99b78c6_7               conda-forge
2025-02-25T12:24:46.9892670Z   c-ares                         1.28.1               h93a5062_0               conda-forge
2025-02-25T12:24:46.9893100Z   c-blosc2                       2.15.2               h9cbb436_1               conda-forge
2025-02-25T12:24:46.9893610Z   ca-certificates                2024.12.14           hf0a4a13_0               conda-forge
2025-02-25T12:24:46.9894120Z   cached-property                1.5.2                hd8ed1ab_1               conda-forge
2025-02-25T12:24:46.9894510Z   cached_property                1.5.2                pyha770c72_1             conda-forge
2025-02-25T12:24:46.9894960Z   cairo                          1.18.0               hc6c324b_2               conda-forge
2025-02-25T12:24:46.9895620Z   certifi                        2024.12.14           pyhd8ed1ab_0             conda-forge
2025-02-25T12:24:46.9896120Z   cffi                           1.16.0               py312h8e38eb3_0          conda-forge
2025-02-25T12:24:46.9896550Z   charset-normalizer             3.3.2                pyhd8ed1ab_0             conda-forge
2025-02-25T12:24:46.9897080Z   click                          8.1.7                unix_pyh707e725_1        conda-forge
2025-02-25T12:24:46.9897550Z   codespell                      2.3.0                pyhd8ed1ab_1             conda-forge
2025-02-25T12:24:46.9898180Z   colorama                       0.4.6                pyhd8ed1ab_1             conda-forge
2025-02-25T12:24:46.9898650Z   comm                           0.2.2                pyhd8ed1ab_1             conda-forge
2025-02-25T12:24:46.9899010Z   commonmark                     0.9.1                py_0                     conda-forge
2025-02-25T12:24:46.9899480Z   contourpy                      1.2.1                py312h0fef576_0          conda-forge
2025-02-25T12:24:46.9899870Z   coverage                       7.5.3                py312h7e5086c_0          conda-forge
2025-02-25T12:24:46.9900290Z   cycler                         0.12.1               pyhd8ed1ab_1             conda-forge
2025-02-25T12:24:46.9900700Z   dataclasses                    0.8                  pyhc8e2a94_3             conda-forge
2025-02-25T12:24:46.9901050Z   debugpy                        1.8.1                py312h20a0b95_0          conda-forge
2025-02-25T12:24:46.9901450Z   decorator                      5.1.1                pyhd8ed1ab_1             conda-forge
2025-02-25T12:24:46.9901820Z   defusedxml                     0.7.1                pyhd8ed1ab_0             conda-forge
2025-02-25T12:24:46.9902250Z   docutils                       0.20.1               py312h81bd7bf_3          conda-forge
2025-02-25T12:24:46.9902640Z   dot2tex                        2.11.3               pyhd8ed1ab_1             conda-forge
2025-02-25T12:24:46.9903010Z   entrypoints                    0.4                  pyhd8ed1ab_1             conda-forge
2025-02-25T12:24:46.9903440Z   exceptiongroup                 1.2.0                pyhd8ed1ab_2             conda-forge
2025-02-25T12:24:46.9903810Z   executing                      2.0.1                pyhd8ed1ab_0             conda-forge
2025-02-25T12:24:46.9904240Z   expat                          2.6.2                hebf3989_0               conda-forge
2025-02-25T12:24:46.9905090Z   font-ttf-dejavu-sans-mono      2.37                 hab24e00_0               conda-forge
2025-02-25T12:24:46.9905600Z   font-ttf-inconsolata           3.000                h77eed37_0               conda-forge
2025-02-25T12:24:46.9906080Z   font-ttf-source-code-pro       2.038                h77eed37_0               conda-forge
2025-02-25T12:24:46.9906480Z   font-ttf-ubuntu                0.83                 h77eed37_3               conda-forge
2025-02-25T12:24:46.9906910Z   fontconfig                     2.14.2               h82840c6_0               conda-forge
2025-02-25T12:24:46.9907350Z   fonts-conda-ecosystem          1                    0                        conda-forge
2025-02-25T12:24:46.9907870Z   fonts-conda-forge              1                    0                        conda-forge
2025-02-25T12:24:46.9908320Z   fonttools                      4.53.0               py312h7e5086c_0          conda-forge
2025-02-25T12:24:46.9908820Z   fqdn                           1.5.1                pyhd8ed1ab_1             conda-forge
2025-02-25T12:24:46.9909280Z   freetype                       2.12.1               hadb7bae_2               conda-forge
2025-02-25T12:24:46.9910020Z   fribidi                        1.0.10               h27ca646_0               conda-forge
2025-02-25T12:24:46.9910500Z   future                         1.0.0                pyhd8ed1ab_1             conda-forge
2025-02-25T12:24:46.9910880Z   gdk-pixbuf                     2.42.12              h7ddc832_0               conda-forge
2025-02-25T12:24:46.9911560Z   gettext                        0.22.5               h8414b35_3               conda-forge
2025-02-25T12:24:46.9912090Z   gettext-tools                  0.22.5               h8414b35_3               conda-forge
2025-02-25T12:24:46.9912480Z   giflib                         5.2.2                h93a5062_0               conda-forge
2025-02-25T12:24:46.9912890Z   git-lfs                        3.5.1                h40ddcf5_1               conda-forge
2025-02-25T12:24:46.9913230Z   gmp                            6.3.0                h7bae524_2               conda-forge
2025-02-25T12:24:46.9914280Z   gmpy2                          2.1.5                py312h524cf62_3          conda-forge
2025-02-25T12:24:46.9914680Z   graphite2                      1.3.13               hebf3989_1003            conda-forge
2025-02-25T12:24:46.9915030Z   graphviz                       11.0.0               h9bb9bc9_0               conda-forge
2025-02-25T12:24:46.9933300Z   gtk2                           2.24.33              h7895bb2_4               conda-forge
2025-02-25T12:24:46.9933580Z   gts                            0.7.6                he42f4ea_4               conda-forge
2025-02-25T12:24:46.9933950Z   h11                            0.14.0               pyhd8ed1ab_1             conda-forge
2025-02-25T12:24:46.9934230Z   h2                             4.1.0                pyhd8ed1ab_1             conda-forge
2025-02-25T12:24:46.9934500Z   h5py                           3.11.0               nompi_py312h3cd0824_103  conda-forge
2025-02-25T12:24:46.9934840Z   harfbuzz                       8.5.0                h1836168_0               conda-forge
2025-02-25T12:24:46.9935180Z   hdf5                           1.14.3               nompi_hec07895_105       conda-forge
2025-02-25T12:24:46.9935560Z   hpack                          4.0.0                pyhd8ed1ab_1             conda-forge
2025-02-25T12:24:46.9935950Z   httpcore                       1.0.5                pyhd8ed1ab_0             conda-forge
2025-02-25T12:24:46.9936290Z   httpx                          0.27.0               pyhd8ed1ab_0             conda-forge
2025-02-25T12:24:46.9936600Z   hyperframe                     6.0.1                pyhd8ed1ab_1             conda-forge
2025-02-25T12:24:46.9936880Z   icu                            73.2                 hc8870d7_0               conda-forge
2025-02-25T12:24:46.9937200Z   idna                           3.7                  pyhd8ed1ab_0             conda-forge
2025-02-25T12:24:46.9937490Z   imagesize                      1.4.1                pyhd8ed1ab_0             conda-forge
2025-02-25T12:24:46.9937820Z   importlib-metadata             7.1.0                pyha770c72_0             conda-forge
2025-02-25T12:24:46.9938200Z   importlib_metadata             7.1.0                hd8ed1ab_0               conda-forge
2025-02-25T12:24:46.9938650Z   importlib_resources            6.4.0                pyhd8ed1ab_0             conda-forge
2025-02-25T12:24:46.9940460Z   iniconfig                      2.0.0                pyhd8ed1ab_1             conda-forge
2025-02-25T12:24:46.9940950Z   ipykernel                      6.29.4               pyh57ce528_0             conda-forge
2025-02-25T12:24:46.9941300Z   ipython                        8.25.0               pyh707e725_0             conda-forge
2025-02-25T12:24:46.9941790Z   ipython_genutils               0.2.0                pyhd8ed1ab_2             conda-forge
2025-02-25T12:24:46.9942280Z   ipywidgets                     7.8.0                pyhd8ed1ab_0             conda-forge
2025-02-25T12:24:46.9942730Z   isoduration                    20.11.0              pyhd8ed1ab_1             conda-forge
2025-02-25T12:24:46.9943200Z   jedi                           0.19.1               pyhd8ed1ab_0             conda-forge
2025-02-25T12:24:46.9943590Z   jinja2                         3.1.4                pyhd8ed1ab_1             conda-forge
2025-02-25T12:24:46.9944040Z   json5                          0.9.25               pyhd8ed1ab_0             conda-forge
2025-02-25T12:24:46.9944720Z   jsonpointer                    3.0.0                py312h81bd7bf_1          conda-forge
2025-02-25T12:24:46.9945100Z   jsonschema                     4.22.0               pyhd8ed1ab_0             conda-forge
2025-02-25T12:24:46.9945540Z   jsonschema-specifications      2023.12.1            pyhd8ed1ab_0             conda-forge
2025-02-25T12:24:46.9946000Z   jsonschema-with-format-nongpl  4.22.0               pyhd8ed1ab_0             conda-forge
2025-02-25T12:24:46.9946440Z   jupyter-lsp                    2.2.5                pyhd8ed1ab_1             conda-forge
2025-02-25T12:24:46.9946990Z   jupyter_client                 8.6.2                pyhd8ed1ab_0             conda-forge
2025-02-25T12:24:46.9947350Z   jupyter_core                   5.7.2                pyh31011fe_1             conda-forge
2025-02-25T12:24:46.9947710Z   jupyter_events                 0.10.0               pyhd8ed1ab_1             conda-forge
2025-02-25T12:24:46.9948060Z   jupyter_server                 2.14.1               pyhd8ed1ab_1             conda-forge
2025-02-25T12:24:46.9948520Z   jupyter_server_terminals       0.5.3                pyhd8ed1ab_1             conda-forge
2025-02-25T12:24:46.9948890Z   jupyterlab                     4.2.2                pyhd8ed1ab_0             conda-forge
2025-02-25T12:24:46.9949330Z   jupyterlab_pygments            0.3.0                pyhd8ed1ab_2             conda-forge
2025-02-25T12:24:46.9949710Z   jupyterlab_server              2.27.2               pyhd8ed1ab_0             conda-forge
2025-02-25T12:24:46.9950110Z   jupyterlab_widgets             1.1.7                pyhd8ed1ab_0             conda-forge
2025-02-25T12:24:46.9950450Z   kiwisolver                     1.4.5                py312h6142ec9_2          conda-forge
2025-02-25T12:24:46.9950830Z   krb5                           1.21.2               h92f50d5_0               conda-forge
2025-02-25T12:24:46.9951200Z   latexcodec                     2.0.1                pyh9f0ad1d_0             conda-forge
2025-02-25T12:24:46.9951510Z   lcms2                          2.16                 ha0e7c42_0               conda-forge
2025-02-25T12:24:46.9951840Z   lerc                           4.0.0                h9a09cb3_0               conda-forge
2025-02-25T12:24:46.9952210Z   libaec                         1.1.3                hebf3989_0               conda-forge
2025-02-25T12:24:46.9952520Z   libasprintf                    0.22.5               h8414b35_3               conda-forge
2025-02-25T12:24:46.9952890Z   libasprintf-devel              0.22.5               h8414b35_3               conda-forge
2025-02-25T12:24:46.9953260Z   libblas                        3.9.0                24_osxarm64_openblas     conda-forge
2025-02-25T12:24:46.9953670Z   libbrotlicommon                1.1.0                hd74edd7_2               conda-forge
2025-02-25T12:24:46.9953980Z   libbrotlidec                   1.1.0                hd74edd7_2               conda-forge
2025-02-25T12:24:46.9954310Z   libbrotlienc                   1.1.0                hd74edd7_2               conda-forge
2025-02-25T12:24:46.9954700Z   libcblas                       3.9.0                24_osxarm64_openblas     conda-forge
2025-02-25T12:24:46.9954980Z   libcurl                        8.8.0                h7b6f9a7_0               conda-forge
2025-02-25T12:24:46.9955340Z   libcxx                         19.1.6               ha82da77_1               conda-forge
2025-02-25T12:24:46.9955810Z   libdeflate                     1.20                 h93a5062_0               conda-forge
2025-02-25T12:24:46.9956140Z   libedit                        3.1.20191231         hc8eb9b7_2               conda-forge
2025-02-25T12:24:46.9956510Z   libev                          4.33                 h93a5062_2               conda-forge
2025-02-25T12:24:46.9956820Z   libexpat                       2.6.2                hebf3989_0               conda-forge
2025-02-25T12:24:46.9957110Z   libffi                         3.4.2                h3422bc3_5               conda-forge
2025-02-25T12:24:46.9957570Z   libgd                          2.3.3                hfdf3952_9               conda-forge
2025-02-25T12:24:46.9957890Z   libgettextpo                   0.22.5               h8414b35_3               conda-forge
2025-02-25T12:24:46.9958220Z   libgettextpo-devel             0.22.5               h8414b35_3               conda-forge
2025-02-25T12:24:46.9958550Z   libgfortran                    5.0.0                13_2_0_hd922786_3        conda-forge
2025-02-25T12:24:46.9958890Z   libgfortran5                   13.2.0               hf226fd6_3               conda-forge
2025-02-25T12:24:46.9959320Z   libglib                        2.80.2               h59d46d9_1               conda-forge
2025-02-25T12:24:46.9959620Z   libiconv                       1.17                 h0d3ecfb_2               conda-forge
2025-02-25T12:24:46.9959910Z   libintl                        0.22.5               h8414b35_3               conda-forge
2025-02-25T12:24:46.9960210Z   libintl-devel                  0.22.5               h8414b35_3               conda-forge
2025-02-25T12:24:46.9960580Z   libjpeg-turbo                  3.0.0                hb547adb_1               conda-forge
2025-02-25T12:24:46.9960910Z   liblapack                      3.9.0                24_osxarm64_openblas     conda-forge
2025-02-25T12:24:46.9961250Z   libllvm14                      14.0.6               hd1a9a77_4               conda-forge
2025-02-25T12:24:46.9961580Z   libnghttp2                     1.58.0               ha4dd798_1               conda-forge
2025-02-25T12:24:46.9961960Z   libopenblas                    0.3.27               openmp_h517c56d_1        conda-forge
2025-02-25T12:24:46.9962270Z   libpng                         1.6.43               h091b4b1_0               conda-forge
2025-02-25T12:24:46.9962570Z   librsvg                        2.58.1               hbc281fb_0               conda-forge
2025-02-25T12:24:46.9962860Z   libsodium                      1.0.18               h27ca646_1               conda-forge
2025-02-25T12:24:46.9963170Z   libsqlite                      3.46.0               hfb93653_0               conda-forge
2025-02-25T12:24:46.9963570Z   libssh2                        1.11.0               h7a5bd25_0               conda-forge
2025-02-25T12:24:46.9963930Z   libtiff                        4.6.0                h07db509_3               conda-forge
2025-02-25T12:24:46.9964290Z   libwebp                        1.4.0                h54798ee_0               conda-forge
2025-02-25T12:24:46.9964640Z   libwebp-base                   1.4.0                h93a5062_0               conda-forge
2025-02-25T12:24:46.9965020Z   libxcb                         1.16                 hc9fafa5_1               conda-forge
2025-02-25T12:24:46.9965410Z   libxml2                        2.12.7               h9a80f22_3               conda-forge
2025-02-25T12:24:46.9965730Z   libxslt                        1.1.39               h223e5b9_0               conda-forge
2025-02-25T12:24:46.9966090Z   libzlib                        1.3.1                h8359307_2               conda-forge
2025-02-25T12:24:46.9966460Z   llvm-openmp                    18.1.7               hde57baf_0               conda-forge
2025-02-25T12:24:46.9966890Z   llvmlite                       0.43.0               py312ha9ca408_1          conda-forge
2025-02-25T12:24:46.9967270Z   lxml                           5.2.2                py312h0e5ab22_0          conda-forge
2025-02-25T12:24:46.9967550Z   lz4-c                          1.10.0               h286801f_1               conda-forge
2025-02-25T12:24:46.9967920Z   markupsafe                     2.1.5                py312h024a12e_1          conda-forge
2025-02-25T12:24:46.9968280Z   matplotlib-base                3.8.4                py312h4479663_2          conda-forge
2025-02-25T12:24:46.9968660Z   matplotlib-inline              0.1.7                pyhd8ed1ab_1             conda-forge
2025-02-25T12:24:46.9969000Z   mistune                        3.0.2                pyhd8ed1ab_1             conda-forge
2025-02-25T12:24:46.9969470Z   mpc                            1.3.1                h8f1351a_1               conda-forge
2025-02-25T12:24:46.9969740Z   mpfr                           4.2.1                hb693164_3               conda-forge
2025-02-25T12:24:46.9970050Z   mpmath                         1.3.0                pyhd8ed1ab_1             conda-forge
2025-02-25T12:24:46.9970400Z   munkres                        1.1.4                pyh9f0ad1d_0             conda-forge
2025-02-25T12:24:46.9970730Z   mypy_extensions                1.0.0                pyha770c72_1             conda-forge
2025-02-25T12:24:46.9971230Z   nbclassic                      1.1.0                pyhd8ed1ab_1             conda-forge
2025-02-25T12:24:46.9971570Z   nbclient                       0.10.0               pyhd8ed1ab_0             conda-forge
2025-02-25T12:24:46.9971950Z   nbconvert                      7.16.4               hd8ed1ab_3               conda-forge
2025-02-25T12:24:46.9972320Z   nbconvert-core                 7.16.4               pyhd8ed1ab_3             conda-forge
2025-02-25T12:24:46.9972630Z   nbconvert-pandoc               7.16.4               hd8ed1ab_3               conda-forge
2025-02-25T12:24:46.9973030Z   nbformat                       5.10.4               pyhd8ed1ab_1             conda-forge
2025-02-25T12:24:46.9973340Z   nbsphinx                       0.9.4                pyhd8ed1ab_0             conda-forge
2025-02-25T12:24:46.9973620Z   ncurses                        6.5                  h7bae524_1               conda-forge
2025-02-25T12:24:46.9973900Z   nest-asyncio                   1.6.0                pyhd8ed1ab_1             conda-forge
2025-02-25T12:24:46.9974230Z   networkx                       3.3                  pyhd8ed1ab_1             conda-forge
2025-02-25T12:24:46.9974510Z   notebook                       7.2.1                pyhd8ed1ab_0             conda-forge
2025-02-25T12:24:46.9974790Z   notebook-shim                  0.2.4                pyhd8ed1ab_1             conda-forge
2025-02-25T12:24:46.9975080Z   numba                          0.60.0               py312h41cea2d_0          conda-forge
2025-02-25T12:24:46.9975350Z   numexpr                        2.10.0               py312h8ae5369_0          conda-forge
2025-02-25T12:24:46.9975610Z   numpy                          2.0.2                py312h94ee1e1_1          conda-forge
2025-02-25T12:24:46.9975890Z   numpydoc                       1.7.0                pyhd8ed1ab_3             conda-forge
2025-02-25T12:24:46.9976170Z   openjpeg                       2.5.2                h9f1df11_0               conda-forge
2025-02-25T12:24:46.9976440Z   openssl                        3.4.0                h81ee809_1               conda-forge
2025-02-25T12:24:46.9976720Z   overrides                      7.7.0                pyhd8ed1ab_1             conda-forge
2025-02-25T12:24:46.9977010Z   packaging                      24.1                 pyhd8ed1ab_0             conda-forge
2025-02-25T12:24:46.9977290Z   pandas                         2.2.2                py312h8ae5369_1          conda-forge
2025-02-25T12:24:46.9977560Z   pandoc                         3.2.1                hce30654_0               conda-forge
2025-02-25T12:24:46.9977890Z   pandocfilters                  1.5.0                pyhd8ed1ab_0             conda-forge
2025-02-25T12:24:46.9978180Z   pango                          1.54.0               h5cb9fbc_0               conda-forge
2025-02-25T12:24:46.9978440Z   parso                          0.8.4                pyhd8ed1ab_1             conda-forge
2025-02-25T12:24:46.9978730Z   pathspec                       0.12.1               pyhd8ed1ab_1             conda-forge
2025-02-25T12:24:46.9979000Z   pbr                            6.0.0                pyhd8ed1ab_0             conda-forge
2025-02-25T12:24:46.9979260Z   pcre2                          10.44                h297a79d_2               conda-forge
2025-02-25T12:24:46.9979540Z   pexpect                        4.9.0                pyhd8ed1ab_1             conda-forge
2025-02-25T12:24:46.9979930Z   pickleshare                    0.7.5                pyhd8ed1ab_1004          conda-forge
2025-02-25T12:24:46.9980220Z   pillow                         10.3.0               py312h39b1d8d_1          conda-forge
2025-02-25T12:24:46.9980550Z   pip                            24.0                 pyhd8ed1ab_0             conda-forge
2025-02-25T12:24:46.9980820Z   pixman                         0.43.4               hebf3989_0               conda-forge
2025-02-25T12:24:46.9981120Z   pkgutil-resolve-name           1.3.10               pyhd8ed1ab_2             conda-forge
2025-02-25T12:24:46.9981440Z   platformdirs                   4.2.2                pyhd8ed1ab_0             conda-forge
2025-02-25T12:24:46.9981850Z   plotly                         5.22.0               pyhd8ed1ab_0             conda-forge
2025-02-25T12:24:46.9982120Z   pluggy                         1.5.0                pyhd8ed1ab_1             conda-forge
2025-02-25T12:24:46.9982410Z   prometheus_client              0.20.0               pyhd8ed1ab_0             conda-forge
2025-02-25T12:24:46.9982730Z   prompt-toolkit                 3.0.47               pyha770c72_0             conda-forge
2025-02-25T12:24:46.9983010Z   psutil                         5.9.8                py312he37b823_0          conda-forge
2025-02-25T12:24:46.9983300Z   pthread-stubs                  0.4                  hd74edd7_1002            conda-forge
2025-02-25T12:24:46.9983590Z   ptyprocess                     0.7.0                pyhd8ed1ab_1             conda-forge
2025-02-25T12:24:46.9983880Z   pure_eval                      0.2.2                pyhd8ed1ab_0             conda-forge
2025-02-25T12:24:46.9984160Z   py-cpuinfo                     9.0.0                pyhd8ed1ab_1             conda-forge
2025-02-25T12:24:46.9984440Z   pybtex                         0.24.0               pyhd8ed1ab_3             conda-forge
2025-02-25T12:24:46.9984740Z   pybtex-docutils                1.0.3                py312h81bd7bf_2          conda-forge
2025-02-25T12:24:46.9985050Z   pycparser                      2.22                 pyh29332c3_1             conda-forge
2025-02-25T12:24:46.9985320Z   pyerfa                         2.0.1.4              py312h755e627_2          conda-forge
2025-02-25T12:24:46.9985600Z   pygments                       2.18.0               pyhd8ed1ab_1             conda-forge
2025-02-25T12:24:46.9985890Z   pygraphviz                     1.13                 py312h5f4d302_1          conda-forge
2025-02-25T12:24:46.9986180Z   pyobjc-core                    10.3.1               py312hd24fc31_1          conda-forge
2025-02-25T12:24:46.9986500Z   pyobjc-framework-cocoa         10.3.1               py312hd24fc31_1          conda-forge
2025-02-25T12:24:46.9986830Z   pyparsing                      3.1.2                pyhd8ed1ab_0             conda-forge
2025-02-25T12:24:46.9987110Z   pysocks                        1.7.1                pyha55dd90_7             conda-forge
2025-02-25T12:24:46.9987380Z   pytables                       3.10.2               py312h2ca37b8_0          conda-forge
2025-02-25T12:24:46.9987660Z   pytest                         8.2.2                pyhd8ed1ab_0             conda-forge
2025-02-25T12:24:46.9987950Z   pytest-cov                     5.0.0                pyhd8ed1ab_0             conda-forge
2025-02-25T12:24:46.9988250Z   pytest-doctestplus             1.2.1                pyhd8ed1ab_0             conda-forge
2025-02-25T12:24:46.9988560Z   pytest-html                    4.1.1                pyhd8ed1ab_1             conda-forge
2025-02-25T12:24:46.9988860Z   pytest-metadata                3.1.1                pyhd8ed1ab_1             conda-forge
2025-02-25T12:24:46.9989160Z   python                         3.12.4               h30c5eda_0_cpython       conda-forge
2025-02-25T12:24:46.9989460Z   python-dateutil                2.9.0.post0          pyhff2d567_1             conda-forge
2025-02-25T12:24:46.9989790Z   python-fastjsonschema          2.20.0               pyhd8ed1ab_0             conda-forge
2025-02-25T12:24:46.9990240Z   python-json-logger             2.0.7                pyhd8ed1ab_0             conda-forge
2025-02-25T12:24:46.9990560Z   python-tzdata                  2024.1               pyhd8ed1ab_0             conda-forge
2025-02-25T12:24:46.9990860Z   python_abi                     3.12                 5_cp312                  conda-forge
2025-02-25T12:24:46.9991140Z   pytz                           2024.1               pyhd8ed1ab_0             conda-forge
2025-02-25T12:24:46.9991410Z   pyyaml                         6.0.1                py312h02f2b3b_1          conda-forge
2025-02-25T12:24:46.9991680Z   pyzmq                          26.0.3               py312hfa13136_0          conda-forge
2025-02-25T12:24:46.9992040Z   qgrid                          1.3.1                pyhd8ed1ab_4             conda-forge
2025-02-25T12:24:46.9992330Z   radioactivedecay               0.5.1                pyhd8ed1ab_1             conda-forge
2025-02-25T12:24:46.9992630Z   readline                       8.2                  h92ec313_1               conda-forge
2025-02-25T12:24:46.9992920Z   recommonmark                   0.7.1                pyhd8ed1ab_1             conda-forge
2025-02-25T12:24:46.9993230Z   referencing                    0.35.1               pyhd8ed1ab_1             conda-forge
2025-02-25T12:24:46.9993510Z   requests                       2.32.3               pyhd8ed1ab_1             conda-forge
2025-02-25T12:24:46.9993820Z   rfc3339-validator              0.1.4                pyhd8ed1ab_1             conda-forge
2025-02-25T12:24:46.9994130Z   rfc3986-validator              0.1.1                pyh9f0ad1d_0             conda-forge
2025-02-25T12:24:46.9994440Z   rpds-py                        0.18.1               py312h552d48e_0          conda-forge
2025-02-25T12:24:46.9994700Z   ruff                           0.4.9                py312h3402d49_0          conda-forge
2025-02-25T12:24:46.9994960Z   scipy                          1.13.1               py312h14ffa8f_0          conda-forge
2025-02-25T12:24:46.9995250Z   send2trash                     1.8.3                pyh31c8845_1             conda-forge
2025-02-25T12:24:46.9995530Z   setuptools                     70.0.0               pyhd8ed1ab_0             conda-forge
2025-02-25T12:24:46.9995830Z   setuptools-scm                 8.1.0                pyhd8ed1ab_1             conda-forge
2025-02-25T12:24:46.9996130Z   setuptools_scm                 8.1.0                hd8ed1ab_1               conda-forge
2025-02-25T12:24:46.9996410Z   six                            1.16.0               pyhd8ed1ab_1             conda-forge
2025-02-25T12:24:46.9996680Z   snakeviz                       2.2.0                pyhd8ed1ab_0             conda-forge
2025-02-25T12:24:46.9996950Z   snappy                         1.2.1                h98b9ce2_1               conda-forge
2025-02-25T12:24:46.9997220Z   sniffio                        1.3.1                pyhd8ed1ab_1             conda-forge
2025-02-25T12:24:46.9997510Z   snowballstemmer                2.2.0                pyhd8ed1ab_0             conda-forge
2025-02-25T12:24:46.9997810Z   soupsieve                      2.5                  pyhd8ed1ab_1             conda-forge
2025-02-25T12:24:46.9998090Z   sphinx                         7.3.7                pyhd8ed1ab_0             conda-forge
2025-02-25T12:24:46.9998380Z   sphinx-astropy                 1.9.1                pyhd8ed1ab_1             conda-forge
2025-02-25T12:24:46.9998700Z   sphinx-automodapi              0.17.0               pyh717bed2_1             conda-forge
2025-02-25T12:24:46.9999010Z   sphinx-gallery                 0.16.0               pyhd8ed1ab_0             conda-forge
2025-02-25T12:24:46.9999330Z   sphinx-jsonschema              1.19.1               pyhd8ed1ab_1             conda-forge
2025-02-25T12:24:46.9999660Z   sphinx_bootstrap_theme         0.8.1                pyhd8ed1ab_1             conda-forge
2025-02-25T12:24:46.9999980Z   sphinx_rtd_theme               2.0.0                pyha770c72_0             conda-forge
2025-02-25T12:24:47.0000300Z   sphinxcontrib-apidoc           0.3.0                py_1                     conda-forge
2025-02-25T12:24:47.0000740Z   sphinxcontrib-applehelp        1.0.8                pyhd8ed1ab_0             conda-forge
2025-02-25T12:24:47.0001090Z   sphinxcontrib-bibtex           2.6.2                pyhd8ed1ab_0             conda-forge
2025-02-25T12:24:47.0001430Z   sphinxcontrib-devhelp          1.0.6                pyhd8ed1ab_0             conda-forge
2025-02-25T12:24:47.0001780Z   sphinxcontrib-htmlhelp         2.0.5                pyhd8ed1ab_0             conda-forge
2025-02-25T12:24:47.0002120Z   sphinxcontrib-jquery           4.1                  pyhd8ed1ab_1             conda-forge
2025-02-25T12:24:47.0002550Z   sphinxcontrib-jsmath           1.0.1                pyhd8ed1ab_1             conda-forge
2025-02-25T12:24:47.0002890Z   sphinxcontrib-qthelp           1.0.7                pyhd8ed1ab_0             conda-forge
2025-02-25T12:24:47.0003260Z   sphinxcontrib-serializinghtml  1.1.10               pyhd8ed1ab_1             conda-forge
2025-02-25T12:24:47.0003610Z   stack_data                     0.6.2                pyhd8ed1ab_0             conda-forge
2025-02-25T12:24:47.0003880Z   sympy                          1.12.1               pypyh2585a3b_103         conda-forge
2025-02-25T12:24:47.0004160Z   tabulate                       0.9.0                pyhd8ed1ab_2             conda-forge
2025-02-25T12:24:47.0004440Z   tenacity                       8.4.1                pyhd8ed1ab_0             conda-forge
2025-02-25T12:24:47.0004720Z   terminado                      0.18.1               pyh31c8845_0             conda-forge
2025-02-25T12:24:47.0005010Z   tinycss2                       1.3.0                pyhd8ed1ab_0             conda-forge
2025-02-25T12:24:47.0005280Z   tk                             8.6.13               h5083fa2_1               conda-forge
2025-02-25T12:24:47.0005530Z   toml                           0.10.2               pyhd8ed1ab_1             conda-forge
2025-02-25T12:24:47.0005800Z   tomli                          2.0.1                pyhd8ed1ab_0             conda-forge
2025-02-25T12:24:47.0006070Z   tornado                        6.4.1                py312h024a12e_1          conda-forge
2025-02-25T12:24:47.0006340Z   tqdm                           4.66.4               pyhd8ed1ab_0             conda-forge
2025-02-25T12:24:47.0006610Z   traitlets                      5.14.3               pyhd8ed1ab_1             conda-forge
2025-02-25T12:24:47.0006900Z   typed-ast                      1.5.5                py312h02f2b3b_1          conda-forge
2025-02-25T12:24:47.0007220Z   types-python-dateutil          2.9.0.20240316       pyhd8ed1ab_0             conda-forge
2025-02-25T12:24:47.0007560Z   typing-extensions              4.12.2               hd8ed1ab_1               conda-forge
2025-02-25T12:24:47.0007880Z   typing_extensions              4.12.2               pyha770c72_1             conda-forge
2025-02-25T12:24:47.0008190Z   typing_utils                   0.1.0                pyhd8ed1ab_1             conda-forge
2025-02-25T12:24:47.0008480Z   tzdata                         2024a                h8827d51_1               conda-forge
2025-02-25T12:24:47.0008770Z   uri-template                   1.3.0                pyhd8ed1ab_1             conda-forge
2025-02-25T12:24:47.0009060Z   urllib3                        2.2.2                pyhd8ed1ab_1             conda-forge
2025-02-25T12:24:47.0009340Z   wcwidth                        0.2.13               pyhd8ed1ab_1             conda-forge
2025-02-25T12:24:47.0009620Z   webcolors                      24.6.0               pyhd8ed1ab_0             conda-forge
2025-02-25T12:24:47.0009920Z   webencodings                   0.5.1                pyhd8ed1ab_3             conda-forge
2025-02-25T12:24:47.0010230Z   websocket-client               1.8.0                pyhd8ed1ab_1             conda-forge
2025-02-25T12:24:47.0010530Z   wheel                          0.43.0               pyhd8ed1ab_1             conda-forge
2025-02-25T12:24:47.0010830Z   widgetsnbextension             3.6.6                pyhd8ed1ab_0             conda-forge
2025-02-25T12:24:47.0011220Z   xorg-libxau                    1.0.11               hd74edd7_1               conda-forge
2025-02-25T12:24:47.0011530Z   xorg-libxdmcp                  1.1.3                hd74edd7_2               conda-forge
2025-02-25T12:24:47.0011880Z   xz                             5.2.6                h57fd34a_0               conda-forge
2025-02-25T12:24:47.0012230Z   yaml                           0.2.5                h3422bc3_2               conda-forge
2025-02-25T12:24:47.0012530Z   zeromq                         4.3.5                hcc0f68c_4               conda-forge
2025-02-25T12:24:47.0013030Z   zipp                           3.19.2               pyhd8ed1ab_0             conda-forge
2025-02-25T12:24:47.0013350Z   zlib                           1.3.1                h8359307_2               conda-forge
2025-02-25T12:24:47.0013700Z   zlib-ng                        2.2.3                h13dfb9a_0               conda-forge
2025-02-25T12:24:47.0014030Z   zstandard                      0.23.0               py312h15fbf35_1          conda-forge
2025-02-25T12:24:47.0019700Z   zstd                           1.5.6                hb46c0d2_0               conda-forge
2025-02-25T12:24:47.0020180Z ##[endgroup]
2025-02-25T12:24:47.0065430Z ##[group]Run pip install -e . --user
2025-02-25T12:24:47.0065740Z [36;1mpip install -e . --user[0m
2025-02-25T12:24:47.0209240Z shell: /bin/bash -l {0}
2025-02-25T12:24:47.0209540Z env:
2025-02-25T12:24:47.0209670Z   CACHE_NUMBER: 0
2025-02-25T12:24:47.0210170Z   PYTEST_FLAGS: --tardis-regression-data=/Users/runner/work/tardis/tardis/tardis-regression-data --cov=tardis --cov-report=xml --cov-report=html --cov-append
2025-02-25T12:24:47.0211090Z   CODECOV_TOKEN: ***
2025-02-25T12:24:47.0211290Z   MAMBA_ROOT_PREFIX: /Users/runner/micromamba
2025-02-25T12:24:47.0211540Z   MAMBA_EXE: /Users/runner/micromamba-bin/micromamba
2025-02-25T12:24:47.0211840Z   CONDARC: /Users/runner/work/_temp/setup-micromamba/.condarc
2025-02-25T12:24:47.0212080Z ##[endgroup]
2025-02-25T12:24:47.9048030Z Obtaining file:///Users/runner/work/tardis/tardis
2025-02-25T12:24:47.9070180Z   Installing build dependencies: started
2025-02-25T12:24:50.2395890Z   Installing build dependencies: finished with status 'done'
2025-02-25T12:24:50.2403260Z   Checking if build backend supports build_editable: started
2025-02-25T12:24:50.3352210Z   Checking if build backend supports build_editable: finished with status 'done'
2025-02-25T12:24:50.3362010Z   Getting requirements to build editable: started
2025-02-25T12:24:50.9456190Z   Getting requirements to build editable: finished with status 'done'
2025-02-25T12:24:50.9470580Z   Preparing editable metadata (pyproject.toml): started
2025-02-25T12:24:51.3015120Z   Preparing editable metadata (pyproject.toml): finished with status 'done'
2025-02-25T12:24:51.3395350Z Requirement already satisfied: astropy in /Users/runner/micromamba/envs/tardis/lib/python3.12/site-packages (from tardis==0.0.0) (6.1.1)
2025-02-25T12:24:51.3625460Z Requirement already satisfied: numpy>=1.23 in /Users/runner/micromamba/envs/tardis/lib/python3.12/site-packages (from astropy->tardis==0.0.0) (2.0.2)
2025-02-25T12:24:51.3631400Z Requirement already satisfied: pyerfa>=2.0.1.1 in /Users/runner/micromamba/envs/tardis/lib/python3.12/site-packages (from astropy->tardis==0.0.0) (2.0.1.4)
2025-02-25T12:24:51.3637510Z Requirement already satisfied: astropy-iers-data>=0.2024.5.27.0.30.8 in /Users/runner/micromamba/envs/tardis/lib/python3.12/site-packages (from astropy->tardis==0.0.0) (0.2024.6.17.0.31.35)
2025-02-25T12:24:51.3642080Z Requirement already satisfied: PyYAML>=3.13 in /Users/runner/micromamba/envs/tardis/lib/python3.12/site-packages (from astropy->tardis==0.0.0) (6.0.1)
2025-02-25T12:24:51.3647460Z Requirement already satisfied: packaging>=19.0 in /Users/runner/micromamba/envs/tardis/lib/python3.12/site-packages (from astropy->tardis==0.0.0) (24.1)
2025-02-25T12:24:51.3698100Z Building wheels for collected packages: tardis
2025-02-25T12:24:51.3704270Z   Building editable for tardis (pyproject.toml): started
2025-02-25T12:24:51.8855980Z   Building editable for tardis (pyproject.toml): finished with status 'done'
2025-02-25T12:24:51.8862740Z   Created wheel for tardis: filename=tardis-0.0.0-0.editable-py3-none-any.whl size=8877 sha256=2eab3311ec644345617c46c4821f54d091f00dc301ecb487195fc668a38d4179
2025-02-25T12:24:51.8863690Z   Stored in directory: /private/var/folders/2s/h6hvv9ps03xgz_krkkstvq_r0000gn/T/pip-ephem-wheel-cache-7m1s3i8c/wheels/bb/4f/6a/0829b918c1c10bc28535ce7f14be21eee54375bdd9cd0c306a
2025-02-25T12:24:51.8890690Z Successfully built tardis
2025-02-25T12:24:52.3566050Z Installing collected packages: tardis
2025-02-25T12:24:52.3623000Z Successfully installed tardis-0.0.0
2025-02-25T12:24:52.5619440Z ##[group]Run pip install qgridnext
2025-02-25T12:24:52.5619730Z [36;1mpip install qgridnext[0m
2025-02-25T12:24:52.5969540Z shell: /bin/bash -l {0}
2025-02-25T12:24:52.5969740Z env:
2025-02-25T12:24:52.5969890Z   CACHE_NUMBER: 0
2025-02-25T12:24:52.5970410Z   PYTEST_FLAGS: --tardis-regression-data=/Users/runner/work/tardis/tardis/tardis-regression-data --cov=tardis --cov-report=xml --cov-report=html --cov-append
2025-02-25T12:24:52.5971070Z   CODECOV_TOKEN: ***
2025-02-25T12:24:52.5971300Z   MAMBA_ROOT_PREFIX: /Users/runner/micromamba
2025-02-25T12:24:52.5971550Z   MAMBA_EXE: /Users/runner/micromamba-bin/micromamba
2025-02-25T12:24:52.5971880Z   CONDARC: /Users/runner/work/_temp/setup-micromamba/.condarc
2025-02-25T12:24:52.5972140Z ##[endgroup]
2025-02-25T12:24:53.0416200Z Collecting qgridnext
2025-02-25T12:24:53.0768560Z   Downloading qgridnext-2.0.4-py3-none-any.whl.metadata (9.9 kB)
2025-02-25T12:24:53.0963170Z Requirement already satisfied: pandas>=0.20.0 in /Users/runner/micromamba/envs/tardis/lib/python3.12/site-packages (from qgridnext) (2.2.2)
2025-02-25T12:24:53.0968340Z Requirement already satisfied: ipywidgets>=7.0.0 in /Users/runner/micromamba/envs/tardis/lib/python3.12/site-packages (from qgridnext) (7.8.0)
2025-02-25T12:24:53.0974250Z Requirement already satisfied: numpy in /Users/runner/micromamba/envs/tardis/lib/python3.12/site-packages (from qgridnext) (2.0.2)
2025-02-25T12:24:53.0980730Z Requirement already satisfied: traitlets in /Users/runner/micromamba/envs/tardis/lib/python3.12/site-packages (from qgridnext) (5.14.3)
2025-02-25T12:24:53.1031190Z Requirement already satisfied: comm>=0.1.3 in /Users/runner/micromamba/envs/tardis/lib/python3.12/site-packages (from ipywidgets>=7.0.0->qgridnext) (0.2.2)
2025-02-25T12:24:53.1035800Z Requirement already satisfied: ipython-genutils~=0.2.0 in /Users/runner/micromamba/envs/tardis/lib/python3.12/site-packages (from ipywidgets>=7.0.0->qgridnext) (0.2.0)
2025-02-25T12:24:53.1044370Z Requirement already satisfied: widgetsnbextension~=3.6.5 in /Users/runner/micromamba/envs/tardis/lib/python3.12/site-packages (from ipywidgets>=7.0.0->qgridnext) (3.6.6)
2025-02-25T12:24:53.1052770Z Requirement already satisfied: ipython>=4.0.0 in /Users/runner/micromamba/envs/tardis/lib/python3.12/site-packages (from ipywidgets>=7.0.0->qgridnext) (8.25.0)
2025-02-25T12:24:53.1061160Z Requirement already satisfied: jupyterlab-widgets<3,>=1.0.0 in /Users/runner/micromamba/envs/tardis/lib/python3.12/site-packages (from ipywidgets>=7.0.0->qgridnext) (1.1.7)
2025-02-25T12:24:53.1322450Z Requirement already satisfied: python-dateutil>=2.8.2 in /Users/runner/micromamba/envs/tardis/lib/python3.12/site-packages (from pandas>=0.20.0->qgridnext) (2.9.0.post0)
2025-02-25T12:24:53.1330770Z Requirement already satisfied: pytz>=2020.1 in /Users/runner/micromamba/envs/tardis/lib/python3.12/site-packages (from pandas>=0.20.0->qgridnext) (2024.1)
2025-02-25T12:24:53.1335880Z Requirement already satisfied: tzdata>=2022.7 in /Users/runner/micromamba/envs/tardis/lib/python3.12/site-packages (from pandas>=0.20.0->qgridnext) (2024.1)
2025-02-25T12:24:53.1521850Z Requirement already satisfied: decorator in /Users/runner/micromamba/envs/tardis/lib/python3.12/site-packages (from ipython>=4.0.0->ipywidgets>=7.0.0->qgridnext) (5.1.1)
2025-02-25T12:24:53.1532220Z Requirement already satisfied: jedi>=0.16 in /Users/runner/micromamba/envs/tardis/lib/python3.12/site-packages (from ipython>=4.0.0->ipywidgets>=7.0.0->qgridnext) (0.19.1)
2025-02-25T12:24:53.1537300Z Requirement already satisfied: matplotlib-inline in /Users/runner/micromamba/envs/tardis/lib/python3.12/site-packages (from ipython>=4.0.0->ipywidgets>=7.0.0->qgridnext) (0.1.7)
2025-02-25T12:24:53.1542810Z Requirement already satisfied: prompt-toolkit<3.1.0,>=3.0.41 in /Users/runner/micromamba/envs/tardis/lib/python3.12/site-packages (from ipython>=4.0.0->ipywidgets>=7.0.0->qgridnext) (3.0.47)
2025-02-25T12:24:53.1548000Z Requirement already satisfied: pygments>=2.4.0 in /Users/runner/micromamba/envs/tardis/lib/python3.12/site-packages (from ipython>=4.0.0->ipywidgets>=7.0.0->qgridnext) (2.18.0)
2025-02-25T12:24:53.1553370Z Requirement already satisfied: stack-data in /Users/runner/micromamba/envs/tardis/lib/python3.12/site-packages (from ipython>=4.0.0->ipywidgets>=7.0.0->qgridnext) (0.6.2)
2025-02-25T12:24:53.1564170Z Requirement already satisfied: pexpect>4.3 in /Users/runner/micromamba/envs/tardis/lib/python3.12/site-packages (from ipython>=4.0.0->ipywidgets>=7.0.0->qgridnext) (4.9.0)
2025-02-25T12:24:53.1589160Z Requirement already satisfied: six>=1.5 in /Users/runner/micromamba/envs/tardis/lib/python3.12/site-packages (from python-dateutil>=2.8.2->pandas>=0.20.0->qgridnext) (1.16.0)
2025-02-25T12:24:53.1622070Z Requirement already satisfied: notebook>=4.4.1 in /Users/runner/micromamba/envs/tardis/lib/python3.12/site-packages (from widgetsnbextension~=3.6.5->ipywidgets>=7.0.0->qgridnext) (7.2.1)
2025-02-25T12:24:53.1733860Z Requirement already satisfied: parso<0.9.0,>=0.8.3 in /Users/runner/micromamba/envs/tardis/lib/python3.12/site-packages (from jedi>=0.16->ipython>=4.0.0->ipywidgets>=7.0.0->qgridnext) (0.8.4)
2025-02-25T12:24:53.1820610Z Requirement already satisfied: jupyter-server<3,>=2.4.0 in /Users/runner/micromamba/envs/tardis/lib/python3.12/site-packages (from notebook>=4.4.1->widgetsnbextension~=3.6.5->ipywidgets>=7.0.0->qgridnext) (2.14.1)
2025-02-25T12:24:53.1827900Z Requirement already satisfied: jupyterlab-server<3,>=2.27.1 in /Users/runner/micromamba/envs/tardis/lib/python3.12/site-packages (from notebook>=4.4.1->widgetsnbextension~=3.6.5->ipywidgets>=7.0.0->qgridnext) (2.27.2)
2025-02-25T12:24:53.1837140Z Requirement already satisfied: jupyterlab<4.3,>=4.2.0 in /Users/runner/micromamba/envs/tardis/lib/python3.12/site-packages (from notebook>=4.4.1->widgetsnbextension~=3.6.5->ipywidgets>=7.0.0->qgridnext) (4.2.2)
2025-02-25T12:24:53.1843070Z Requirement already satisfied: notebook-shim<0.3,>=0.2 in /Users/runner/micromamba/envs/tardis/lib/python3.12/site-packages (from notebook>=4.4.1->widgetsnbextension~=3.6.5->ipywidgets>=7.0.0->qgridnext) (0.2.4)
2025-02-25T12:24:53.1848250Z Requirement already satisfied: tornado>=6.2.0 in /Users/runner/micromamba/envs/tardis/lib/python3.12/site-packages (from notebook>=4.4.1->widgetsnbextension~=3.6.5->ipywidgets>=7.0.0->qgridnext) (6.4.1)
2025-02-25T12:24:53.1864710Z Requirement already satisfied: ptyprocess>=0.5 in /Users/runner/micromamba/envs/tardis/lib/python3.12/site-packages (from pexpect>4.3->ipython>=4.0.0->ipywidgets>=7.0.0->qgridnext) (0.7.0)
2025-02-25T12:24:53.1880560Z Requirement already satisfied: wcwidth in /Users/runner/micromamba/envs/tardis/lib/python3.12/site-packages (from prompt-toolkit<3.1.0,>=3.0.41->ipython>=4.0.0->ipywidgets>=7.0.0->qgridnext) (0.2.13)
2025-02-25T12:24:53.1958940Z Requirement already satisfied: executing>=1.2.0 in /Users/runner/micromamba/envs/tardis/lib/python3.12/site-packages (from stack-data->ipython>=4.0.0->ipywidgets>=7.0.0->qgridnext) (2.0.1)
2025-02-25T12:24:53.1964240Z Requirement already satisfied: asttokens>=2.1.0 in /Users/runner/micromamba/envs/tardis/lib/python3.12/site-packages (from stack-data->ipython>=4.0.0->ipywidgets>=7.0.0->qgridnext) (2.4.1)
2025-02-25T12:24:53.1968640Z Requirement already satisfied: pure-eval in /Users/runner/micromamba/envs/tardis/lib/python3.12/site-packages (from stack-data->ipython>=4.0.0->ipywidgets>=7.0.0->qgridnext) (0.2.2)
2025-02-25T12:24:53.2162020Z Requirement already satisfied: anyio>=3.1.0 in /Users/runner/micromamba/envs/tardis/lib/python3.12/site-packages (from jupyter-server<3,>=2.4.0->notebook>=4.4.1->widgetsnbextension~=3.6.5->ipywidgets>=7.0.0->qgridnext) (4.4.0)
2025-02-25T12:24:53.2167910Z Requirement already satisfied: argon2-cffi>=21.1 in /Users/runner/micromamba/envs/tardis/lib/python3.12/site-packages (from jupyter-server<3,>=2.4.0->notebook>=4.4.1->widgetsnbextension~=3.6.5->ipywidgets>=7.0.0->qgridnext) (23.1.0)
2025-02-25T12:24:53.2172740Z Requirement already satisfied: jinja2>=3.0.3 in /Users/runner/micromamba/envs/tardis/lib/python3.12/site-packages (from jupyter-server<3,>=2.4.0->notebook>=4.4.1->widgetsnbextension~=3.6.5->ipywidgets>=7.0.0->qgridnext) (3.1.4)
2025-02-25T12:24:53.2179520Z Requirement already satisfied: jupyter-client>=7.4.4 in /Users/runner/micromamba/envs/tardis/lib/python3.12/site-packages (from jupyter-server<3,>=2.4.0->notebook>=4.4.1->widgetsnbextension~=3.6.5->ipywidgets>=7.0.0->qgridnext) (8.6.2)
2025-02-25T12:24:53.2186420Z Requirement already satisfied: jupyter-core!=5.0.*,>=4.12 in /Users/runner/micromamba/envs/tardis/lib/python3.12/site-packages (from jupyter-server<3,>=2.4.0->notebook>=4.4.1->widgetsnbextension~=3.6.5->ipywidgets>=7.0.0->qgridnext) (5.7.2)
2025-02-25T12:24:53.2194270Z Requirement already satisfied: jupyter-events>=0.9.0 in /Users/runner/micromamba/envs/tardis/lib/python3.12/site-packages (from jupyter-server<3,>=2.4.0->notebook>=4.4.1->widgetsnbextension~=3.6.5->ipywidgets>=7.0.0->qgridnext) (0.10.0)
2025-02-25T12:24:53.2201590Z Requirement already satisfied: jupyter-server-terminals>=0.4.4 in /Users/runner/micromamba/envs/tardis/lib/python3.12/site-packages (from jupyter-server<3,>=2.4.0->notebook>=4.4.1->widgetsnbextension~=3.6.5->ipywidgets>=7.0.0->qgridnext) (0.5.3)
2025-02-25T12:24:53.2213280Z Requirement already satisfied: nbconvert>=6.4.4 in /Users/runner/micromamba/envs/tardis/lib/python3.12/site-packages (from jupyter-server<3,>=2.4.0->notebook>=4.4.1->widgetsnbextension~=3.6.5->ipywidgets>=7.0.0->qgridnext) (7.16.4)
2025-02-25T12:24:53.2219460Z Requirement already satisfied: nbformat>=5.3.0 in /Users/runner/micromamba/envs/tardis/lib/python3.12/site-packages (from jupyter-server<3,>=2.4.0->notebook>=4.4.1->widgetsnbextension~=3.6.5->ipywidgets>=7.0.0->qgridnext) (5.10.4)
2025-02-25T12:24:53.2225020Z Requirement already satisfied: overrides>=5.0 in /Users/runner/micromamba/envs/tardis/lib/python3.12/site-packages (from jupyter-server<3,>=2.4.0->notebook>=4.4.1->widgetsnbextension~=3.6.5->ipywidgets>=7.0.0->qgridnext) (7.7.0)
2025-02-25T12:24:53.2231940Z Requirement already satisfied: packaging>=22.0 in /Users/runner/micromamba/envs/tardis/lib/python3.12/site-packages (from jupyter-server<3,>=2.4.0->notebook>=4.4.1->widgetsnbextension~=3.6.5->ipywidgets>=7.0.0->qgridnext) (24.1)
2025-02-25T12:24:53.2237220Z Requirement already satisfied: prometheus-client>=0.9 in /Users/runner/micromamba/envs/tardis/lib/python3.12/site-packages (from jupyter-server<3,>=2.4.0->notebook>=4.4.1->widgetsnbextension~=3.6.5->ipywidgets>=7.0.0->qgridnext) (0.20.0)
2025-02-25T12:24:53.2243780Z Requirement already satisfied: pyzmq>=24 in /Users/runner/micromamba/envs/tardis/lib/python3.12/site-packages (from jupyter-server<3,>=2.4.0->notebook>=4.4.1->widgetsnbextension~=3.6.5->ipywidgets>=7.0.0->qgridnext) (26.0.3)
2025-02-25T12:24:53.2249010Z Requirement already satisfied: send2trash>=1.8.2 in /Users/runner/micromamba/envs/tardis/lib/python3.12/site-packages (from jupyter-server<3,>=2.4.0->notebook>=4.4.1->widgetsnbextension~=3.6.5->ipywidgets>=7.0.0->qgridnext) (1.8.3)
2025-02-25T12:24:53.2255810Z Requirement already satisfied: terminado>=0.8.3 in /Users/runner/micromamba/envs/tardis/lib/python3.12/site-packages (from jupyter-server<3,>=2.4.0->notebook>=4.4.1->widgetsnbextension~=3.6.5->ipywidgets>=7.0.0->qgridnext) (0.18.1)
2025-02-25T12:24:53.2265650Z Requirement already satisfied: websocket-client>=1.7 in /Users/runner/micromamba/envs/tardis/lib/python3.12/site-packages (from jupyter-server<3,>=2.4.0->notebook>=4.4.1->widgetsnbextension~=3.6.5->ipywidgets>=7.0.0->qgridnext) (1.8.0)
2025-02-25T12:24:53.2431250Z Requirement already satisfied: async-lru>=1.0.0 in /Users/runner/micromamba/envs/tardis/lib/python3.12/site-packages (from jupyterlab<4.3,>=4.2.0->notebook>=4.4.1->widgetsnbextension~=3.6.5->ipywidgets>=7.0.0->qgridnext) (2.0.4)
2025-02-25T12:24:53.2438340Z Requirement already satisfied: httpx>=0.25.0 in /Users/runner/micromamba/envs/tardis/lib/python3.12/site-packages (from jupyterlab<4.3,>=4.2.0->notebook>=4.4.1->widgetsnbextension~=3.6.5->ipywidgets>=7.0.0->qgridnext) (0.27.0)
2025-02-25T12:24:53.2445470Z Requirement already satisfied: ipykernel>=6.5.0 in /Users/runner/micromamba/envs/tardis/lib/python3.12/site-packages (from jupyterlab<4.3,>=4.2.0->notebook>=4.4.1->widgetsnbextension~=3.6.5->ipywidgets>=7.0.0->qgridnext) (6.29.4)
2025-02-25T12:24:53.2453250Z Requirement already satisfied: jupyter-lsp>=2.0.0 in /Users/runner/micromamba/envs/tardis/lib/python3.12/site-packages (from jupyterlab<4.3,>=4.2.0->notebook>=4.4.1->widgetsnbextension~=3.6.5->ipywidgets>=7.0.0->qgridnext) (2.2.5)
2025-02-25T12:24:53.2468190Z Requirement already satisfied: setuptools>=40.1.0 in /Users/runner/micromamba/envs/tardis/lib/python3.12/site-packages (from jupyterlab<4.3,>=4.2.0->notebook>=4.4.1->widgetsnbextension~=3.6.5->ipywidgets>=7.0.0->qgridnext) (70.0.0)
2025-02-25T12:24:53.2585240Z Requirement already satisfied: babel>=2.10 in /Users/runner/micromamba/envs/tardis/lib/python3.12/site-packages (from jupyterlab-server<3,>=2.27.1->notebook>=4.4.1->widgetsnbextension~=3.6.5->ipywidgets>=7.0.0->qgridnext) (2.14.0)
2025-02-25T12:24:53.2603500Z Requirement already satisfied: json5>=0.9.0 in /Users/runner/micromamba/envs/tardis/lib/python3.12/site-packages (from jupyterlab-server<3,>=2.27.1->notebook>=4.4.1->widgetsnbextension~=3.6.5->ipywidgets>=7.0.0->qgridnext) (0.9.25)
2025-02-25T12:24:53.2609700Z Requirement already satisfied: jsonschema>=4.18.0 in /Users/runner/micromamba/envs/tardis/lib/python3.12/site-packages (from jupyterlab-server<3,>=2.27.1->notebook>=4.4.1->widgetsnbextension~=3.6.5->ipywidgets>=7.0.0->qgridnext) (4.22.0)
2025-02-25T12:24:53.2620680Z Requirement already satisfied: requests>=2.31 in /Users/runner/micromamba/envs/tardis/lib/python3.12/site-packages (from jupyterlab-server<3,>=2.27.1->notebook>=4.4.1->widgetsnbextension~=3.6.5->ipywidgets>=7.0.0->qgridnext) (2.32.3)
2025-02-25T12:24:53.2827110Z Requirement already satisfied: idna>=2.8 in /Users/runner/micromamba/envs/tardis/lib/python3.12/site-packages (from anyio>=3.1.0->jupyter-server<3,>=2.4.0->notebook>=4.4.1->widgetsnbextension~=3.6.5->ipywidgets>=7.0.0->qgridnext) (3.7)
2025-02-25T12:24:53.2833470Z Requirement already satisfied: sniffio>=1.1 in /Users/runner/micromamba/envs/tardis/lib/python3.12/site-packages (from anyio>=3.1.0->jupyter-server<3,>=2.4.0->notebook>=4.4.1->widgetsnbextension~=3.6.5->ipywidgets>=7.0.0->qgridnext) (1.3.1)
2025-02-25T12:24:53.2892300Z Requirement already satisfied: argon2-cffi-bindings in /Users/runner/micromamba/envs/tardis/lib/python3.12/site-packages (from argon2-cffi>=21.1->jupyter-server<3,>=2.4.0->notebook>=4.4.1->widgetsnbextension~=3.6.5->ipywidgets>=7.0.0->qgridnext) (21.2.0)
2025-02-25T12:24:53.2995440Z Requirement already satisfied: certifi in /Users/runner/micromamba/envs/tardis/lib/python3.12/site-packages (from httpx>=0.25.0->jupyterlab<4.3,>=4.2.0->notebook>=4.4.1->widgetsnbextension~=3.6.5->ipywidgets>=7.0.0->qgridnext) (2024.12.14)
2025-02-25T12:24:53.3003760Z Requirement already satisfied: httpcore==1.* in /Users/runner/micromamba/envs/tardis/lib/python3.12/site-packages (from httpx>=0.25.0->jupyterlab<4.3,>=4.2.0->notebook>=4.4.1->widgetsnbextension~=3.6.5->ipywidgets>=7.0.0->qgridnext) (1.0.5)
2025-02-25T12:24:53.3048970Z Requirement already satisfied: h11<0.15,>=0.13 in /Users/runner/micromamba/envs/tardis/lib/python3.12/site-packages (from httpcore==1.*->httpx>=0.25.0->jupyterlab<4.3,>=4.2.0->notebook>=4.4.1->widgetsnbextension~=3.6.5->ipywidgets>=7.0.0->qgridnext) (0.14.0)
2025-02-25T12:24:53.3163510Z Requirement already satisfied: appnope in /Users/runner/micromamba/envs/tardis/lib/python3.12/site-packages (from ipykernel>=6.5.0->jupyterlab<4.3,>=4.2.0->notebook>=4.4.1->widgetsnbextension~=3.6.5->ipywidgets>=7.0.0->qgridnext) (0.1.4)
2025-02-25T12:24:53.3170490Z Requirement already satisfied: debugpy>=1.6.5 in /Users/runner/micromamba/envs/tardis/lib/python3.12/site-packages (from ipykernel>=6.5.0->jupyterlab<4.3,>=4.2.0->notebook>=4.4.1->widgetsnbextension~=3.6.5->ipywidgets>=7.0.0->qgridnext) (1.8.1)
2025-02-25T12:24:53.3183730Z Requirement already satisfied: nest-asyncio in /Users/runner/micromamba/envs/tardis/lib/python3.12/site-packages (from ipykernel>=6.5.0->jupyterlab<4.3,>=4.2.0->notebook>=4.4.1->widgetsnbextension~=3.6.5->ipywidgets>=7.0.0->qgridnext) (1.6.0)
2025-02-25T12:24:53.3192720Z Requirement already satisfied: psutil in /Users/runner/micromamba/envs/tardis/lib/python3.12/site-packages (from ipykernel>=6.5.0->jupyterlab<4.3,>=4.2.0->notebook>=4.4.1->widgetsnbextension~=3.6.5->ipywidgets>=7.0.0->qgridnext) (5.9.8)
2025-02-25T12:24:53.3231690Z Requirement already satisfied: MarkupSafe>=2.0 in /Users/runner/micromamba/envs/tardis/lib/python3.12/site-packages (from jinja2>=3.0.3->jupyter-server<3,>=2.4.0->notebook>=4.4.1->widgetsnbextension~=3.6.5->ipywidgets>=7.0.0->qgridnext) (2.1.5)
2025-02-25T12:24:53.3347800Z Requirement already satisfied: attrs>=22.2.0 in /Users/runner/micromamba/envs/tardis/lib/python3.12/site-packages (from jsonschema>=4.18.0->jupyterlab-server<3,>=2.27.1->notebook>=4.4.1->widgetsnbextension~=3.6.5->ipywidgets>=7.0.0->qgridnext) (23.2.0)
2025-02-25T12:24:53.3352970Z Requirement already satisfied: jsonschema-specifications>=2023.03.6 in /Users/runner/micromamba/envs/tardis/lib/python3.12/site-packages (from jsonschema>=4.18.0->jupyterlab-server<3,>=2.27.1->notebook>=4.4.1->widgetsnbextension~=3.6.5->ipywidgets>=7.0.0->qgridnext) (2023.12.1)
2025-02-25T12:24:53.3358250Z Requirement already satisfied: referencing>=0.28.4 in /Users/runner/micromamba/envs/tardis/lib/python3.12/site-packages (from jsonschema>=4.18.0->jupyterlab-server<3,>=2.27.1->notebook>=4.4.1->widgetsnbextension~=3.6.5->ipywidgets>=7.0.0->qgridnext) (0.35.1)
2025-02-25T12:24:53.3364050Z Requirement already satisfied: rpds-py>=0.7.1 in /Users/runner/micromamba/envs/tardis/lib/python3.12/site-packages (from jsonschema>=4.18.0->jupyterlab-server<3,>=2.27.1->notebook>=4.4.1->widgetsnbextension~=3.6.5->ipywidgets>=7.0.0->qgridnext) (0.18.1)
2025-02-25T12:24:53.3517590Z Requirement already satisfied: platformdirs>=2.5 in /Users/runner/micromamba/envs/tardis/lib/python3.12/site-packages (from jupyter-core!=5.0.*,>=4.12->jupyter-server<3,>=2.4.0->notebook>=4.4.1->widgetsnbextension~=3.6.5->ipywidgets>=7.0.0->qgridnext) (4.2.2)
2025-02-25T12:24:53.3604300Z Requirement already satisfied: python-json-logger>=2.0.4 in /Users/runner/micromamba/envs/tardis/lib/python3.12/site-packages (from jupyter-events>=0.9.0->jupyter-server<3,>=2.4.0->notebook>=4.4.1->widgetsnbextension~=3.6.5->ipywidgets>=7.0.0->qgridnext) (2.0.7)
2025-02-25T12:24:53.3609860Z Requirement already satisfied: pyyaml>=5.3 in /Users/runner/micromamba/envs/tardis/lib/python3.12/site-packages (from jupyter-events>=0.9.0->jupyter-server<3,>=2.4.0->notebook>=4.4.1->widgetsnbextension~=3.6.5->ipywidgets>=7.0.0->qgridnext) (6.0.1)
2025-02-25T12:24:53.3615270Z Requirement already satisfied: rfc3339-validator in /Users/runner/micromamba/envs/tardis/lib/python3.12/site-packages (from jupyter-events>=0.9.0->jupyter-server<3,>=2.4.0->notebook>=4.4.1->widgetsnbextension~=3.6.5->ipywidgets>=7.0.0->qgridnext) (0.1.4)
2025-02-25T12:24:53.3627610Z Requirement already satisfied: rfc3986-validator>=0.1.1 in /Users/runner/micromamba/envs/tardis/lib/python3.12/site-packages (from jupyter-events>=0.9.0->jupyter-server<3,>=2.4.0->notebook>=4.4.1->widgetsnbextension~=3.6.5->ipywidgets>=7.0.0->qgridnext) (0.1.1)
2025-02-25T12:24:53.3878960Z Requirement already satisfied: beautifulsoup4 in /Users/runner/micromamba/envs/tardis/lib/python3.12/site-packages (from nbconvert>=6.4.4->jupyter-server<3,>=2.4.0->notebook>=4.4.1->widgetsnbextension~=3.6.5->ipywidgets>=7.0.0->qgridnext) (4.12.3)
2025-02-25T12:24:53.3890790Z Requirement already satisfied: bleach!=5.0.0 in /Users/runner/micromamba/envs/tardis/lib/python3.12/site-packages (from nbconvert>=6.4.4->jupyter-server<3,>=2.4.0->notebook>=4.4.1->widgetsnbextension~=3.6.5->ipywidgets>=7.0.0->qgridnext) (6.1.0)
2025-02-25T12:24:53.3899810Z Requirement already satisfied: defusedxml in /Users/runner/micromamba/envs/tardis/lib/python3.12/site-packages (from nbconvert>=6.4.4->jupyter-server<3,>=2.4.0->notebook>=4.4.1->widgetsnbextension~=3.6.5->ipywidgets>=7.0.0->qgridnext) (0.7.1)
2025-02-25T12:24:53.3908450Z Requirement already satisfied: jupyterlab-pygments in /Users/runner/micromamba/envs/tardis/lib/python3.12/site-packages (from nbconvert>=6.4.4->jupyter-server<3,>=2.4.0->notebook>=4.4.1->widgetsnbextension~=3.6.5->ipywidgets>=7.0.0->qgridnext) (0.3.0)
2025-02-25T12:24:53.3915150Z Requirement already satisfied: mistune<4,>=2.0.3 in /Users/runner/micromamba/envs/tardis/lib/python3.12/site-packages (from nbconvert>=6.4.4->jupyter-server<3,>=2.4.0->notebook>=4.4.1->widgetsnbextension~=3.6.5->ipywidgets>=7.0.0->qgridnext) (3.0.2)
2025-02-25T12:24:53.3922000Z Requirement already satisfied: nbclient>=0.5.0 in /Users/runner/micromamba/envs/tardis/lib/python3.12/site-packages (from nbconvert>=6.4.4->jupyter-server<3,>=2.4.0->notebook>=4.4.1->widgetsnbextension~=3.6.5->ipywidgets>=7.0.0->qgridnext) (0.10.0)
2025-02-25T12:24:53.3931520Z Requirement already satisfied: pandocfilters>=1.4.1 in /Users/runner/micromamba/envs/tardis/lib/python3.12/site-packages (from nbconvert>=6.4.4->jupyter-server<3,>=2.4.0->notebook>=4.4.1->widgetsnbextension~=3.6.5->ipywidgets>=7.0.0->qgridnext) (1.5.0)
2025-02-25T12:24:53.3936750Z Requirement already satisfied: tinycss2 in /Users/runner/micromamba/envs/tardis/lib/python3.12/site-packages (from nbconvert>=6.4.4->jupyter-server<3,>=2.4.0->notebook>=4.4.1->widgetsnbextension~=3.6.5->ipywidgets>=7.0.0->qgridnext) (1.3.0)
2025-02-25T12:24:53.4004550Z Requirement already satisfied: fastjsonschema>=2.15 in /Users/runner/micromamba/envs/tardis/lib/python3.12/site-packages (from nbformat>=5.3.0->jupyter-server<3,>=2.4.0->notebook>=4.4.1->widgetsnbextension~=3.6.5->ipywidgets>=7.0.0->qgridnext) (2.20.0)
2025-02-25T12:24:53.4183890Z Requirement already satisfied: charset_normalizer<4,>=2 in /Users/runner/micromamba/envs/tardis/lib/python3.12/site-packages (from requests>=2.31->jupyterlab-server<3,>=2.27.1->notebook>=4.4.1->widgetsnbextension~=3.6.5->ipywidgets>=7.0.0->qgridnext) (3.3.2)
2025-02-25T12:24:53.4191850Z Requirement already satisfied: urllib3<3,>=1.21.1 in /Users/runner/micromamba/envs/tardis/lib/python3.12/site-packages (from requests>=2.31->jupyterlab-server<3,>=2.27.1->notebook>=4.4.1->widgetsnbextension~=3.6.5->ipywidgets>=7.0.0->qgridnext) (2.2.2)
2025-02-25T12:24:53.4644540Z Requirement already satisfied: webencodings in /Users/runner/micromamba/envs/tardis/lib/python3.12/site-packages (from bleach!=5.0.0->nbconvert>=6.4.4->jupyter-server<3,>=2.4.0->notebook>=4.4.1->widgetsnbextension~=3.6.5->ipywidgets>=7.0.0->qgridnext) (0.5.1)
2025-02-25T12:24:53.4979710Z Requirement already satisfied: fqdn in /Users/runner/micromamba/envs/tardis/lib/python3.12/site-packages (from jsonschema[format-nongpl]>=4.18.0->jupyter-events>=0.9.0->jupyter-server<3,>=2.4.0->notebook>=4.4.1->widgetsnbextension~=3.6.5->ipywidgets>=7.0.0->qgridnext) (1.5.1)
2025-02-25T12:24:53.4989010Z Requirement already satisfied: isoduration in /Users/runner/micromamba/envs/tardis/lib/python3.12/site-packages (from jsonschema[format-nongpl]>=4.18.0->jupyter-events>=0.9.0->jupyter-server<3,>=2.4.0->notebook>=4.4.1->widgetsnbextension~=3.6.5->ipywidgets>=7.0.0->qgridnext) (20.11.0)
2025-02-25T12:24:53.4995520Z Requirement already satisfied: jsonpointer>1.13 in /Users/runner/micromamba/envs/tardis/lib/python3.12/site-packages (from jsonschema[format-nongpl]>=4.18.0->jupyter-events>=0.9.0->jupyter-server<3,>=2.4.0->notebook>=4.4.1->widgetsnbextension~=3.6.5->ipywidgets>=7.0.0->qgridnext) (3.0.0)
2025-02-25T12:24:53.5007150Z Requirement already satisfied: uri-template in /Users/runner/micromamba/envs/tardis/lib/python3.12/site-packages (from jsonschema[format-nongpl]>=4.18.0->jupyter-events>=0.9.0->jupyter-server<3,>=2.4.0->notebook>=4.4.1->widgetsnbextension~=3.6.5->ipywidgets>=7.0.0->qgridnext) (1.3.0)
2025-02-25T12:24:53.5014590Z Requirement already satisfied: webcolors>=1.11 in /Users/runner/micromamba/envs/tardis/lib/python3.12/site-packages (from jsonschema[format-nongpl]>=4.18.0->jupyter-events>=0.9.0->jupyter-server<3,>=2.4.0->notebook>=4.4.1->widgetsnbextension~=3.6.5->ipywidgets>=7.0.0->qgridnext) (24.6.0)
2025-02-25T12:24:53.5650730Z Requirement already satisfied: cffi>=1.0.1 in /Users/runner/micromamba/envs/tardis/lib/python3.12/site-packages (from argon2-cffi-bindings->argon2-cffi>=21.1->jupyter-server<3,>=2.4.0->notebook>=4.4.1->widgetsnbextension~=3.6.5->ipywidgets>=7.0.0->qgridnext) (1.16.0)
2025-02-25T12:24:53.5709750Z Requirement already satisfied: soupsieve>1.2 in /Users/runner/micromamba/envs/tardis/lib/python3.12/site-packages (from beautifulsoup4->nbconvert>=6.4.4->jupyter-server<3,>=2.4.0->notebook>=4.4.1->widgetsnbextension~=3.6.5->ipywidgets>=7.0.0->qgridnext) (2.5)
2025-02-25T12:24:53.6032500Z Requirement already satisfied: pycparser in /Users/runner/micromamba/envs/tardis/lib/python3.12/site-packages (from cffi>=1.0.1->argon2-cffi-bindings->argon2-cffi>=21.1->jupyter-server<3,>=2.4.0->notebook>=4.4.1->widgetsnbextension~=3.6.5->ipywidgets>=7.0.0->qgridnext) (2.22)
2025-02-25T12:24:53.6334430Z Requirement already satisfied: arrow>=0.15.0 in /Users/runner/micromamba/envs/tardis/lib/python3.12/site-packages (from isoduration->jsonschema[format-nongpl]>=4.18.0->jupyter-events>=0.9.0->jupyter-server<3,>=2.4.0->notebook>=4.4.1->widgetsnbextension~=3.6.5->ipywidgets>=7.0.0->qgridnext) (1.3.0)
2025-02-25T12:24:53.6512410Z Requirement already satisfied: types-python-dateutil>=2.8.10 in /Users/runner/micromamba/envs/tardis/lib/python3.12/site-packages (from arrow>=0.15.0->isoduration->jsonschema[format-nongpl]>=4.18.0->jupyter-events>=0.9.0->jupyter-server<3,>=2.4.0->notebook>=4.4.1->widgetsnbextension~=3.6.5->ipywidgets>=7.0.0->qgridnext) (2.9.0.20240316)
2025-02-25T12:24:53.6741600Z Downloading qgridnext-2.0.4-py3-none-any.whl (1.3 MB)
2025-02-25T12:24:53.7315940Z    â”â”â”â”â”â”â”â”â”â”â”â”â”â”â”â”â”â”â”â”â”â”â”â”â”â”â”â”â”â”â”â”â”â”â”â”â”â”â”â” 1.3/1.3 MB 23.6 MB/s eta 0:00:00
2025-02-25T12:24:54.2082590Z Installing collected packages: qgridnext
2025-02-25T12:24:54.2480200Z Successfully installed qgridnext-2.0.4
2025-02-25T12:24:54.4148960Z ##[group]Run pytest tardis --tardis-regression-data=/Users/runner/work/tardis/tardis/tardis-regression-data --cov=tardis --cov-report=xml --cov-report=html --cov-append -m "not continuum"
2025-02-25T12:24:54.4149930Z [36;1mpytest tardis --tardis-regression-data=/Users/runner/work/tardis/tardis/tardis-regression-data --cov=tardis --cov-report=xml --cov-report=html --cov-append -m "not continuum"[0m
2025-02-25T12:24:54.4198190Z shell: /bin/bash -l {0}
2025-02-25T12:24:54.4198370Z env:
2025-02-25T12:24:54.4198500Z   CACHE_NUMBER: 0
2025-02-25T12:24:54.4198970Z   PYTEST_FLAGS: --tardis-regression-data=/Users/runner/work/tardis/tardis/tardis-regression-data --cov=tardis --cov-report=xml --cov-report=html --cov-append
2025-02-25T12:24:54.4199710Z   CODECOV_TOKEN: ***
2025-02-25T12:24:54.4199910Z   MAMBA_ROOT_PREFIX: /Users/runner/micromamba
2025-02-25T12:24:54.4200160Z   MAMBA_EXE: /Users/runner/micromamba-bin/micromamba
2025-02-25T12:24:54.4200520Z   CONDARC: /Users/runner/work/_temp/setup-micromamba/.condarc
2025-02-25T12:24:54.4200780Z ##[endgroup]
2025-02-25T12:25:05.2008530Z ============================= test session starts ==============================
2025-02-25T12:25:05.2008930Z platform darwin -- Python 3.12.4, pytest-8.2.2, pluggy-1.5.0
2025-02-25T12:25:05.2009240Z rootdir: /Users/runner/work/tardis/tardis
2025-02-25T12:25:05.2009470Z configfile: pyproject.toml
2025-02-25T12:25:05.2009750Z plugins: cov-5.0.0, html-4.1.1, metadata-3.1.1, doctestplus-1.2.1, anyio-4.4.0
2025-02-25T12:25:05.2010080Z collected 1796 items / 2 deselected / 1794 selected
2025-02-25T12:25:05.2010260Z 
2025-02-25T12:25:08.5097090Z tardis/energy_input/tests/test_energy_source.py ..xxx                    [  0%]
2025-02-25T12:25:11.2258660Z tardis/energy_input/tests/test_gamma_ray_channel.py ...........          [  0%]
2025-02-25T12:25:12.2972000Z tardis/energy_input/tests/test_gamma_ray_grid.py xx.                     [  1%]
2025-02-25T12:25:13.2692710Z tardis/energy_input/tests/test_gamma_ray_interactions.py xx....          [  1%]
2025-02-25T12:25:13.2792580Z tardis/energy_input/tests/test_gamma_ray_packet_source.py sssssssss      [  1%]
2025-02-25T12:25:14.0794900Z tardis/energy_input/tests/test_util.py .....xxxx.....                    [  2%]
2025-02-25T12:25:14.3434960Z tardis/grid/tests/test_grid.py .                                         [  2%]
2025-02-25T12:25:14.3449310Z tardis/gui/tests/test_gui.py s                                           [  2%]
2025-02-25T12:25:17.3480020Z tardis/io/configuration/tests/test_config_reader.py ...........          [  3%]
2025-02-25T12:25:17.3576110Z tardis/io/configuration/tests/test_configuration_namespace.py .........  [  3%]
2025-02-25T12:25:17.3766710Z tardis/io/logger/tests/test_logging.py ssssssssssssssssssssssssssss      [  5%]
2025-02-25T12:25:42.8439960Z tardis/io/model/readers/tests/test_arepo_parser.py ..                    [  5%]
2025-02-25T12:25:42.8610680Z tardis/io/model/readers/tests/test_ascii_readers.py ...                  [  5%]
2025-02-25T12:25:42.8695450Z tardis/io/model/readers/tests/test_cmfgen_reader.py ..                   [  5%]
2025-02-25T12:25:42.8911040Z tardis/io/model/readers/tests/test_csvy_reader.py ....                   [  6%]
2025-02-25T12:25:42.9067140Z tardis/io/model/readers/tests/test_stella_reader.py ..                   [  6%]
2025-02-25T12:25:43.1152090Z tardis/io/tests/test_HDFWriter.py ...............                        [  7%]
2025-02-25T12:25:43.5831240Z tardis/io/tests/test_atomic.py .....                                     [  7%]
2025-02-25T12:25:43.6031960Z tardis/io/tests/test_decay.py ..                                         [  7%]
2025-02-25T12:25:43.7699800Z tardis/io/tests/test_model_reader.py ......                              [  7%]
2025-02-25T12:25:43.7800450Z tardis/model/geometry/tests/test_radial1d.py ..                          [  7%]
2025-02-25T12:26:08.5972430Z tardis/model/tests/test_base.py ........................................ [ 10%]
2025-02-25T12:26:09.3429700Z ............                                                             [ 10%]
2025-02-25T12:26:11.4464070Z tardis/model/tests/test_csvy_model.py .........                          [ 11%]
2025-02-25T12:26:11.4765010Z tardis/model/tests/test_density.py ..                                    [ 11%]
2025-02-25T12:26:12.5493460Z tardis/opacities/tests/test_opacity_solver.py .....                      [ 11%]
2025-02-25T12:26:13.4939230Z tardis/opacities/tests/test_opacity_state_numba.py .....                 [ 11%]
2025-02-25T12:26:15.2800030Z tardis/opacities/tests/test_tau_sobolev.py ..                            [ 12%]
2025-02-25T12:26:17.2899550Z tardis/plasma/equilibrium/tests/test_collisional_transitions.py ...      [ 12%]
2025-02-25T12:26:52.1848970Z tardis/plasma/equilibrium/tests/test_level_populations.py ....           [ 12%]
2025-02-25T12:27:01.5178520Z tardis/plasma/equilibrium/tests/test_rate_matrix.py .                    [ 12%]
2025-02-25T12:27:02.5136060Z tardis/plasma/tests/test_complete_plasmas.py ..............s......s..... [ 13%]
2025-02-25T12:27:04.5217180Z s....ssssss............s......s.....ss.....s....ssssss............s..... [ 18%]
2025-02-25T12:27:06.0284670Z .s.....ss.....s....ssssss............s......s.....ss.....s....ssssss.... [ 22%]
2025-02-25T12:27:08.0611650Z ........s......s.....ss.....s....ssssss............s......s.....ss.....s [ 26%]
2025-02-25T12:27:09.9771840Z ....ssssss............s......s.....ss.....s....ssssss............s...... [ 30%]
2025-02-25T12:27:10.4828190Z s.....ss.....s....ssssss............s......s.....ss.....s.ss.ssssss..... [ 34%]
2025-02-25T12:27:12.6717080Z .......s......s.....ss.....s....ssssss............s......s.....ss.....s. [ 38%]
2025-02-25T12:27:15.1340740Z ...ssssss............s......s.....ss.....s....ssssss............s......s [ 42%]
2025-02-25T12:27:17.6363780Z .....ss.....s....ssssss............s......s.....s...........ssssss...... [ 46%]
2025-02-25T12:27:19.1583700Z ......s......s.....s...........ssssss............s......s.....s......... [ 50%]
2025-02-25T12:27:21.4193650Z ..ssssss............s......s.....ss.....s....ssssss............s......s. [ 54%]
2025-02-25T12:27:23.7865820Z ....ss.....s....ssssss...................s......s.....s....ssss......... [ 58%]
2025-02-25T12:27:24.3188050Z ............s......s.....s....ssss.......                                [ 60%]
2025-02-25T12:27:24.5382510Z tardis/plasma/tests/test_hdf_plasma.py ................................. [ 62%]
2025-02-25T12:27:24.5478120Z ......                                                                   [ 62%]
2025-02-25T12:27:24.8072920Z tardis/plasma/tests/test_nlte_excitation.py ...                          [ 62%]
2025-02-25T12:29:14.8585580Z tardis/plasma/tests/test_nlte_solver.py .....X                           [ 63%]
2025-02-25T12:29:14.8687660Z tardis/plasma/tests/test_plasma_continuum.py .                           [ 63%]
2025-02-25T12:29:38.6276040Z tardis/plasma/tests/test_plasma_vboundary.py .............               [ 63%]
2025-02-25T12:29:51.5086250Z tardis/plasma/tests/test_tardis_model_density_config.py ...              [ 64%]
2025-02-25T12:29:52.1188130Z tardis/simulation/tests/test_convergence.py .....                        [ 64%]
2025-02-25T12:29:59.7021310Z tardis/simulation/tests/test_simulation.py .............                 [ 65%]
2025-02-25T12:29:59.7243550Z tardis/spectrum/tests/test_cuda_formal_integral.py sssssssssssssssssssss [ 66%]
2025-02-25T12:30:00.0276960Z ssss...ssssssssssssssssssssss                                            [ 67%]
2025-02-25T12:30:00.0407840Z tardis/spectrum/tests/test_luminosity.py ....                            [ 68%]
2025-02-25T12:30:01.0249100Z tardis/spectrum/tests/test_numba_formal_integral.py .................... [ 69%]
2025-02-25T12:30:01.0349360Z ..........                                                               [ 69%]
2025-02-25T12:30:01.1463520Z tardis/spectrum/tests/test_spectrum.py ................................. [ 71%]
2025-02-25T12:30:01.1660700Z .........                                                                [ 72%]
2025-02-25T12:30:21.6464930Z tardis/spectrum/tests/test_spectrum_solver.py ....                       [ 72%]
2025-02-25T12:31:26.2427570Z tardis/tests/test_tardis_full.py ....                                    [ 72%]
2025-02-25T12:32:59.9869850Z tardis/tests/test_tardis_full_formal_integral.py ................        [ 73%]
2025-02-25T12:33:00.0549270Z tardis/tests/test_util.py .............................................  [ 75%]
2025-02-25T12:33:01.9060870Z tardis/transport/montecarlo/tests/test_base.py x.....................    [ 77%]
2025-02-25T12:33:06.4780390Z tardis/transport/montecarlo/tests/test_interaction.py .......            [ 77%]
2025-02-25T12:33:06.6122470Z tardis/transport/montecarlo/tests/test_macro_atom.py ....                [ 77%]
2025-02-25T12:33:06.6214870Z tardis/transport/montecarlo/tests/test_montecarlo.py sssssssssssssssssss [ 78%]
2025-02-25T12:33:06.6441280Z sssssssssssssssssssssssssssssssssssssssssssss                            [ 81%]
2025-02-25T12:33:13.4067750Z tardis/transport/montecarlo/tests/test_montecarlo_main_loop.py x..       [ 81%]
2025-02-25T12:33:13.4170760Z tardis/transport/montecarlo/tests/test_nonhomologous.py ...              [ 81%]
2025-02-25T12:33:15.2657600Z tardis/transport/montecarlo/tests/test_numba_interface.py .....x.        [ 82%]
2025-02-25T12:33:15.5770020Z tardis/transport/montecarlo/tests/test_opacities.py ...............      [ 82%]
2025-02-25T12:33:16.2118000Z tardis/transport/montecarlo/tests/test_packet.py .................xXXXXX [ 84%]
2025-02-25T12:33:16.2955860Z XX.........                                                              [ 84%]
2025-02-25T12:33:16.3386970Z tardis/transport/montecarlo/tests/test_packet_source.py ........         [ 85%]
2025-02-25T12:33:16.5263640Z tardis/transport/montecarlo/tests/test_rpacket_last_interaction_tracker.py . [ 85%]
2025-02-25T12:33:17.0812020Z .....                                                                    [ 85%]
2025-02-25T12:33:25.1366790Z tardis/transport/montecarlo/tests/test_rpacket_tracker.py ......         [ 85%]
2025-02-25T12:33:25.1562570Z tardis/transport/montecarlo/tests/test_single_packet_loop.py xxx         [ 86%]
2025-02-25T12:33:25.1580680Z tardis/transport/montecarlo/tests/test_tracker_utils.py ..               [ 86%]
2025-02-25T12:33:26.9071850Z tardis/transport/montecarlo/tests/test_vpacket.py ..x.                   [ 86%]
2025-02-25T12:33:26.9209430Z tardis/transport/montecarlo/tests/test_weighted_packet_source.py ....    [ 86%]
2025-02-25T12:33:29.2625530Z tardis/transport/montecarlo/tests/test_weighted_packet_source_integration.py . [ 86%]
2025-02-25T12:33:29.2626260Z                                                                          [ 86%]
2025-02-25T12:33:29.7121790Z tardis/transport/tests/test_doppler_factor.py ..................         [ 87%]
2025-02-25T12:33:31.1402040Z tardis/visualization/tools/tests/test_convergence_plot.py .............. [ 88%]
2025-02-25T12:33:32.6276030Z ......                                                                   [ 88%]
2025-02-25T12:33:35.7971800Z tardis/visualization/tools/tests/test_liv_plot.py ...................... [ 90%]
2025-02-25T12:33:38.9663110Z .............................                                            [ 91%]
2025-02-25T12:33:41.6131860Z tardis/visualization/tools/tests/test_rpacket_plot.py .................. [ 92%]
2025-02-25T12:33:48.4762180Z ....                                                                     [ 92%]
2025-02-25T12:33:52.2638530Z tardis/visualization/tools/tests/test_sdec_plot.py ..................... [ 94%]
2025-02-25T12:33:57.3637860Z ..............................                                           [ 95%]
2025-02-25T12:33:57.6731640Z tardis/visualization/widgets/tests/test_custom_abundance.py ........ss.. [ 96%]
2025-02-25T12:33:57.7087460Z ....                                                                     [ 96%]
2025-02-25T12:33:58.3781480Z tardis/visualization/widgets/tests/test_line_info.py ................... [ 97%]
2025-02-25T12:33:58.8080750Z ..................                                                       [ 98%]
2025-02-25T12:36:57.2354510Z tardis/visualization/widgets/tests/test_shell_info.py .................. [ 99%]
2025-02-25T12:37:02.8131700Z ......                                                                   [100%]
2025-02-25T12:37:02.8132340Z 
2025-02-25T12:37:02.8132670Z =============================== warnings summary ===============================
2025-02-25T12:37:02.8133150Z tardis/io/configuration/config_validator.py:6
2025-02-25T12:37:02.8133620Z tardis/io/configuration/config_validator.py:6
2025-02-25T12:37:02.8134200Z   /Users/runner/work/tardis/tardis/tardis/io/configuration/config_validator.py:6: DeprecationWarning:
2025-02-25T12:37:02.8134860Z   
2025-02-25T12:37:02.8136430Z   jsonschema.RefResolver is deprecated as of v4.18.0, in favor of the https://github.com/python-jsonschema/referencing library, which provides more compliant referencing behavior as well as more flexible APIs for customization. A future release will remove RefResolver. Please file a feature request (on referencing) if you are missing an API for the kind of customization you need.
2025-02-25T12:37:02.8137830Z 
2025-02-25T12:37:02.8138130Z ../../../micromamba/envs/tardis/lib/python3.12/site-packages/jupyter_client/connect.py:22
2025-02-25T12:37:02.8138920Z   /Users/runner/micromamba/envs/tardis/lib/python3.12/site-packages/jupyter_client/connect.py:22: DeprecationWarning:
2025-02-25T12:37:02.8139530Z   
2025-02-25T12:37:02.8139890Z   Jupyter is migrating its paths to use standard platformdirs
2025-02-25T12:37:02.8140450Z   given by the platformdirs library.  To remove this warning and
2025-02-25T12:37:02.8140920Z   see the appropriate new directories, set the environment variable
2025-02-25T12:37:02.8141450Z   `JUPYTER_PLATFORM_DIRS=1` and then run `jupyter --paths`.
2025-02-25T12:37:02.8141970Z   The use of platformdirs will be the default in `jupyter_core` v6
2025-02-25T12:37:02.8142360Z 
2025-02-25T12:37:02.8142570Z tardis/plasma/properties/__init__.py:17
2025-02-25T12:37:02.8143110Z   /Users/runner/work/tardis/tardis/tardis/plasma/properties/__init__.py:17: DeprecationWarning:
2025-02-25T12:37:02.8146030Z   
2025-02-25T12:37:02.8152360Z   The numpy.linalg.linalg has been made private and renamed to numpy.linalg._linalg. All public functions exported by it are available from numpy.linalg. Please use numpy.linalg.LinAlgError instead.
2025-02-25T12:37:02.8161920Z 
2025-02-25T12:37:02.8171450Z tardis/io/tests/test_HDFWriter.py::test_multi_index_write
2025-02-25T12:37:02.8172130Z tardis/visualization/widgets/tests/test_shell_info.py::TestHDFShellInfo::test_shells_data
2025-02-25T12:37:02.8172830Z   /Users/runner/work/tardis/tardis/tardis/io/util.py:276: PerformanceWarning:
2025-02-25T12:37:02.8173240Z   
2025-02-25T12:37:02.8173500Z   
2025-02-25T12:37:02.8173820Z   your performance may suffer as PyTables will pickle object types that it cannot
2025-02-25T12:37:02.8174460Z   map directly to c-types [inferred_type->mixed,key->block0_values] [items->Index([0], dtype='int64')]
2025-02-25T12:37:02.8174840Z 
2025-02-25T12:37:02.8175080Z tardis/io/tests/test_model_reader.py::test_read_cmfgen_isotope_abundances
2025-02-25T12:37:02.8175580Z tardis/plasma/tests/test_tardis_model_density_config.py::test_electron_densities
2025-02-25T12:37:02.8176140Z tardis/plasma/tests/test_tardis_model_density_config.py::test_isotope_number_densities
2025-02-25T12:37:02.8176600Z tardis/plasma/tests/test_tardis_model_density_config.py::test_t_rad
2025-02-25T12:37:02.8177160Z   /Users/runner/work/tardis/tardis/tardis/io/model/readers/cmfgen_deprecated.py:82: DeprecationWarning:
2025-02-25T12:37:02.8177620Z   
2025-02-25T12:37:02.8177930Z   The current CMFGEN model parser is deprecated
2025-02-25T12:37:02.8178150Z 
2025-02-25T12:37:02.8178280Z tardis/io/tests/test_model_reader.py: 1 warning
2025-02-25T12:37:02.8178630Z tardis/plasma/tests/test_tardis_model_density_config.py: 9 warnings
2025-02-25T12:37:02.8180010Z   /Users/runner/work/tardis/tardis/tardis/io/model/readers/cmfgen_deprecated.py:40: DeprecationWarning:
2025-02-25T12:37:02.8189790Z   
2025-02-25T12:37:02.8190150Z   The current CMFGEN model parser is deprecated
2025-02-25T12:37:02.8190370Z 
2025-02-25T12:37:02.8190580Z tardis/model/tests/test_base.py::TestModelFromPaper1Config::test_abundances
2025-02-25T12:37:02.8191250Z   /Users/runner/work/tardis/tardis/tardis/transport/montecarlo/montecarlo_main_loop.py:123: NumbaTypeSafetyWarning:
2025-02-25T12:37:02.8191780Z   
2025-02-25T12:37:02.8193640Z   [1m[1m[1munsafe cast from uint64 to int64. Precision may be lost.[0m[0m[0m
2025-02-25T12:37:02.8193960Z 
2025-02-25T12:37:02.8194080Z tardis/model/tests/test_base.py: 6 warnings
2025-02-25T12:37:02.8194470Z tardis/model/tests/test_csvy_model.py: 2 warnings
2025-02-25T12:37:02.8194860Z tardis/plasma/tests/test_tardis_model_density_config.py: 3 warnings
2025-02-25T12:37:02.8195370Z   /Users/runner/work/tardis/tardis/tardis/model/geometry/radial1d.py:50: DeprecationWarning:
2025-02-25T12:37:02.8195780Z   
2025-02-25T12:37:02.8196060Z   v_inner_boundary < 0, assuming default value
2025-02-25T12:37:02.8196220Z 
2025-02-25T12:37:02.8196360Z tardis/model/tests/test_base.py: 6 warnings
2025-02-25T12:37:02.8196740Z tardis/model/tests/test_csvy_model.py: 2 warnings
2025-02-25T12:37:02.8197120Z tardis/plasma/tests/test_tardis_model_density_config.py: 3 warnings
2025-02-25T12:37:02.8197690Z   /Users/runner/work/tardis/tardis/tardis/model/geometry/radial1d.py:61: DeprecationWarning:
2025-02-25T12:37:02.8198090Z   
2025-02-25T12:37:02.8198350Z   v_outer_boundary < 0, assuming default value
2025-02-25T12:37:02.8198580Z 
2025-02-25T12:37:02.8198910Z tardis/plasma/equilibrium/tests/test_collisional_transitions.py::test_legacy_chianti_collisional_strengths
2025-02-25T12:37:02.8199580Z tardis/plasma/equilibrium/tests/test_collisional_transitions.py::test_legacy_chianti_collisional_strengths
2025-02-25T12:37:02.8200280Z tardis/plasma/equilibrium/tests/test_collisional_transitions.py::test_legacy_chianti_collisional_strengths
2025-02-25T12:37:02.8200930Z tardis/plasma/equilibrium/tests/test_collisional_transitions.py::test_legacy_chianti_collisional_strengths
2025-02-25T12:37:02.8202020Z tardis/plasma/equilibrium/tests/test_level_populations.py::TestLevelPopulationSolver::test_calculate_level_population_simple[collisional_rate_solver0-radiative_transitions0]
2025-02-25T12:37:02.8203050Z tardis/plasma/equilibrium/tests/test_level_populations.py::TestLevelPopulationSolver::test_calculate_level_population_empty[collisional_rate_solver0-radiative_transitions0]
2025-02-25T12:37:02.8204130Z tardis/plasma/equilibrium/tests/test_level_populations.py::TestLevelPopulationSolver::test_calculate_level_population_zeros[collisional_rate_solver0-radiative_transitions0]
2025-02-25T12:37:02.8205160Z tardis/plasma/equilibrium/tests/test_level_populations.py::TestLevelPopulationSolver::test_solve[collisional_rate_solver0-radiative_transitions0]
2025-02-25T12:37:02.8206010Z tardis/plasma/equilibrium/tests/test_rate_matrix.py::test_rate_matrix_solver[collisional_rate_solver0-radiative_transitions0]
2025-02-25T12:37:02.8206750Z   /Users/runner/micromamba/envs/tardis/lib/python3.12/pickle.py:323: DeprecationWarning:
2025-02-25T12:37:02.8207140Z   
2025-02-25T12:37:02.8208570Z   numpy.core.numeric is deprecated and has been renamed to numpy._core.numeric. The numpy._core namespace contains private NumPy internals and its use is discouraged, as NumPy internals can change without warning in any release. In practice, most real-world usage of numpy.core is to access functionality in the public NumPy API. If that is the case, use the public NumPy API. If not, you are using NumPy internals. If you would still like to access an internal attribute, use numpy._core.numeric._frombuffer.
2025-02-25T12:37:02.8210290Z 
2025-02-25T12:37:02.8210730Z tardis/plasma/equilibrium/tests/test_level_populations.py::TestLevelPopulationSolver::test_solve[collisional_rate_solver0-radiative_transitions0]
2025-02-25T12:37:02.8211460Z   /Users/runner/work/tardis/tardis/tardis/plasma/equilibrium/level_populations.py:65: FutureWarning:
2025-02-25T12:37:02.8212300Z   
2025-02-25T12:37:02.8212730Z   A value is trying to be set on a copy of a DataFrame or Series through chained assignment using an inplace method.
2025-02-25T12:37:02.8213450Z   The behavior will change in pandas 3.0. This inplace method will never work because the intermediate object on which we are setting values always behaves as a copy.
2025-02-25T12:37:02.8213990Z   
2025-02-25T12:37:02.8214560Z   For example, when doing 'df[col].method(value, inplace=True)', try using 'df.method({col: value}, inplace=True)' or df[col] = df[col].method(value) instead, to perform the operation inplace on the original object.
2025-02-25T12:37:02.8215110Z 
2025-02-25T12:37:02.8215350Z tardis/plasma/tests/test_plasma_vboundary.py::test_plasma_vboundary[2900-3750]
2025-02-25T12:37:02.8215840Z tardis/plasma/tests/test_plasma_vboundary.py::test_plasma_vboundary[2900-3850]
2025-02-25T12:37:02.8216300Z tardis/plasma/tests/test_plasma_vboundary.py::test_plasma_vboundary[2900-3900]
2025-02-25T12:37:02.8216840Z   /Users/runner/work/tardis/tardis/tardis/model/geometry/radial1d.py:71: UserWarning:
2025-02-25T12:37:02.8217260Z   
2025-02-25T12:37:02.8217600Z   Requesting inner boundary below inner shell. Extrapolating the inner cell
2025-02-25T12:37:02.8217880Z 
2025-02-25T12:37:02.8218070Z tardis/spectrum/tests/test_numba_formal_integral.py::test_trapezoid_integration[100.0]
2025-02-25T12:37:02.8218570Z tardis/spectrum/tests/test_numba_formal_integral.py::test_trapezoid_integration[1000.0]
2025-02-25T12:37:02.8219150Z tardis/spectrum/tests/test_numba_formal_integral.py::test_trapezoid_integration[10000.0]
2025-02-25T12:37:02.8219600Z tardis/spectrum/tests/test_numba_formal_integral.py::test_trapezoid_integration[100000.0]
2025-02-25T12:37:02.8220260Z   /Users/runner/work/tardis/tardis/tardis/spectrum/tests/test_numba_formal_integral.py:35: DeprecationWarning:
2025-02-25T12:37:02.8220700Z   
2025-02-25T12:37:02.8221100Z   `trapz` is deprecated. Use `trapezoid` instead, or one of the numerical integration functions in `scipy.integrate`.
2025-02-25T12:37:02.8221760Z 
2025-02-25T12:37:02.8221940Z tardis/spectrum/tests/test_spectrum_solver.py::TestSpectrumSolver::test_solve
2025-02-25T12:37:02.8222460Z   /Users/runner/work/tardis/tardis/tardis/spectrum/base.py:70: UserWarning:
2025-02-25T12:37:02.8222830Z   
2025-02-25T12:37:02.8223250Z   SpectrumSolver.spectrum_virtual_packets is zero. Please run the montecarlo simulation with no_of_virtual_packets > 0
2025-02-25T12:37:02.8223640Z 
2025-02-25T12:37:02.8223860Z tardis/spectrum/tests/test_spectrum_solver.py::TestSpectrumSolver::test_solve
2025-02-25T12:37:02.8224310Z   /Users/runner/work/tardis/tardis/tardis/spectrum/base.py:111: UserWarning:
2025-02-25T12:37:02.8224700Z   
2025-02-25T12:37:02.8225160Z   SpectrumSolver.integrator: The FormalIntegrator is not yet available.Please run the montecarlo simulation at least once.
2025-02-25T12:37:02.8225550Z 
2025-02-25T12:37:02.8225720Z tardis/tests/test_util.py::test_calculate_luminosity[string_io0-100 km-result0]
2025-02-25T12:37:02.8226220Z tardis/tests/test_util.py::test_calculate_luminosity[string_io1-500 km-result1]
2025-02-25T12:37:02.8226750Z   /Users/runner/work/tardis/tardis/tardis/util/base.py:188: DeprecationWarning:
2025-02-25T12:37:02.8227110Z   
2025-02-25T12:37:02.8227510Z   `trapz` is deprecated. Use `trapezoid` instead, or one of the numerical integration functions in `scipy.integrate`.
2025-02-25T12:37:02.8227870Z 
2025-02-25T12:37:02.8228000Z tardis/visualization/tools/tests/test_sdec_plot.py: 48 warnings
2025-02-25T12:37:02.8228610Z   /Users/runner/work/tardis/tardis/tardis/visualization/tools/sdec_plot.py:736: DeprecationWarning:
2025-02-25T12:37:02.8229010Z   
2025-02-25T12:37:02.8229210Z   `in1d` is deprecated. Use `np.isin` instead.
2025-02-25T12:37:02.8229370Z 
2025-02-25T12:37:02.8229570Z tardis/visualization/tools/tests/test_sdec_plot.py: 48 warnings
2025-02-25T12:37:02.8230090Z   /Users/runner/work/tardis/tardis/tardis/visualization/tools/sdec_plot.py:758: DeprecationWarning:
2025-02-25T12:37:02.8230570Z   
2025-02-25T12:37:02.8230950Z   `in1d` is deprecated. Use `np.isin` instead.
2025-02-25T12:37:02.8231200Z 
2025-02-25T12:37:02.8231380Z tardis/visualization/tools/tests/test_sdec_plot.py: 48 warnings
2025-02-25T12:37:02.8231890Z   /Users/runner/work/tardis/tardis/tardis/visualization/tools/sdec_plot.py:779: DeprecationWarning:
2025-02-25T12:37:02.8232350Z   
2025-02-25T12:37:02.8232880Z   `in1d` is deprecated. Use `np.isin` instead.
2025-02-25T12:37:02.8233030Z 
2025-02-25T12:37:02.8233370Z tardis/visualization/tools/tests/test_sdec_plot.py::TestSDECPlotter::test_mpl_image[plotter_generate_plot_mpl4]
2025-02-25T12:37:02.8233990Z   /Users/runner/work/tardis/tardis/tardis/visualization/tools/sdec_plot.py:1225: RuntimeWarning:
2025-02-25T12:37:02.8234370Z   
2025-02-25T12:37:02.8235210Z   More than 20 figures have been opened. Figures created through the pyplot interface (`matplotlib.pyplot.figure`) are retained until explicitly closed and may consume too much memory. (To control this warning, see the rcParam `figure.max_open_warning`). Consider using `matplotlib.pyplot.close()`.
2025-02-25T12:37:02.8236050Z 
2025-02-25T12:37:02.8236390Z tardis/visualization/widgets/tests/test_custom_abundance.py::TestCustomAbundanceWidget::test_update_input_item_value
2025-02-25T12:37:02.8237100Z tardis/visualization/widgets/tests/test_custom_abundance.py::TestCustomAbundanceWidget::test_update_input_item_value
2025-02-25T12:37:02.8237790Z tardis/visualization/widgets/tests/test_custom_abundance.py::TestCustomAbundanceWidget::test_update_input_item_value
2025-02-25T12:37:02.8238410Z tardis/visualization/widgets/tests/test_custom_abundance.py::TestCustomAbundanceWidget::test_update_input_item_value
2025-02-25T12:37:02.8239180Z tardis/visualization/widgets/tests/test_custom_abundance.py::TestCustomAbundanceWidget::test_update_input_item_value
2025-02-25T12:37:02.8239920Z tardis/visualization/widgets/tests/test_custom_abundance.py::TestCustomAbundanceWidget::test_update_input_item_value
2025-02-25T12:37:02.8240560Z   /Users/runner/micromamba/envs/tardis/lib/python3.12/site-packages/traitlets/traitlets.py:1385: DeprecationWarning:
2025-02-25T12:37:02.8241350Z   
2025-02-25T12:37:02.8241620Z   Passing unrecognized arguments to super(Checkbox).__init__(icon='lock').
2025-02-25T12:37:02.8242060Z   object.__init__() takes exactly one argument (the instance to initialize)
2025-02-25T12:37:02.8242600Z   This is deprecated in traitlets 4.2.This error will be raised in a future release of traitlets.
2025-02-25T12:37:02.8242940Z 
2025-02-25T12:37:02.8243230Z tardis/visualization/widgets/tests/test_custom_abundance.py::TestCustomAbundanceWidget::test_update_input_item_value
2025-02-25T12:37:02.8244000Z tardis/visualization/widgets/tests/test_custom_abundance.py::TestCustomAbundanceWidget::test_update_input_item_value
2025-02-25T12:37:02.8244730Z   /Users/runner/micromamba/envs/tardis/lib/python3.12/site-packages/traitlets/traitlets.py:1385: DeprecationWarning:
2025-02-25T12:37:02.8245120Z   
2025-02-25T12:37:02.8245400Z   Passing unrecognized arguments to super(FloatText).__init__(min=0).
2025-02-25T12:37:02.8245820Z   object.__init__() takes exactly one argument (the instance to initialize)
2025-02-25T12:37:02.8246290Z   This is deprecated in traitlets 4.2.This error will be raised in a future release of traitlets.
2025-02-25T12:37:02.8246610Z 
2025-02-25T12:37:02.8246890Z tardis/visualization/widgets/tests/test_custom_abundance.py::TestCustomAbundanceWidget::test_update_input_item_value
2025-02-25T12:37:02.8247650Z   /Users/runner/micromamba/envs/tardis/lib/python3.12/site-packages/traitlets/traitlets.py:1385: DeprecationWarning:
2025-02-25T12:37:02.8248160Z   
2025-02-25T12:37:02.8248450Z   Passing unrecognized arguments to super(HTML).__init__(indent=True).
2025-02-25T12:37:02.8248860Z   object.__init__() takes exactly one argument (the instance to initialize)
2025-02-25T12:37:02.8249350Z   This is deprecated in traitlets 4.2.This error will be raised in a future release of traitlets.
2025-02-25T12:37:02.8249680Z 
2025-02-25T12:37:02.8250360Z tardis/visualization/widgets/tests/test_line_info.py::TestLineInfoWidgetData::test_get_species_interactions[wavelength_range0-packet_out_nu]
2025-02-25T12:37:02.8251230Z   /Users/runner/micromamba/envs/tardis/lib/python3.12/site-packages/qgridnext/grid.py:814: DeprecationWarning:
2025-02-25T12:37:02.8251660Z   
2025-02-25T12:37:02.8252090Z   QgridWidget._df_changed is deprecated in traitlets 4.1: use @observe and @unobserve instead.
2025-02-25T12:37:02.8252360Z 
2025-02-25T12:37:02.8252570Z tardis/visualization/widgets/tests/test_shell_info.py::TestHDFShellInfo::test_shells_data
2025-02-25T12:37:02.8278070Z   /Users/runner/work/tardis/tardis/tardis/io/util.py:289: PerformanceWarning:
2025-02-25T12:37:02.8278500Z   
2025-02-25T12:37:02.8278650Z   
2025-02-25T12:37:02.8278910Z   your performance may suffer as PyTables will pickle object types that it cannot
2025-02-25T12:37:02.8279420Z   map directly to c-types [inferred_type->mixed,key->block0_values] [items->Index([0], dtype='int64')]
2025-02-25T12:37:02.8279720Z 
2025-02-25T12:37:02.8279990Z tardis/visualization/widgets/tests/test_shell_info.py::TestHDFShellInfo::test_shells_data
2025-02-25T12:37:02.8280470Z   /Users/runner/work/tardis/tardis/tardis/io/util.py:292: PerformanceWarning:
2025-02-25T12:37:02.8280790Z   
2025-02-25T12:37:02.8280930Z   
2025-02-25T12:37:02.8281170Z   your performance may suffer as PyTables will pickle object types that it cannot
2025-02-25T12:37:02.8281670Z   map directly to c-types [inferred_type->mixed,key->values] [items->None]
2025-02-25T12:37:02.8281900Z 
2025-02-25T12:37:02.8282110Z tardis/visualization/widgets/tests/test_shell_info.py::TestHDFShellInfo::test_shells_data
2025-02-25T12:37:02.8282690Z   /Users/runner/work/tardis/tardis/tardis/spectrum/formal_integral.py:398: UserWarning:
2025-02-25T12:37:02.8283030Z   
2025-02-25T12:37:02.8283290Z   The number of interpolate_shells was not specified. The value was set to 80.
2025-02-25T12:37:02.8283560Z 
2025-02-25T12:37:02.8283750Z -- Docs: https://docs.pytest.org/en/stable/how-to/capture-warnings.html
2025-02-25T12:37:02.8284430Z 
2025-02-25T12:37:02.8284580Z ---------- coverage: platform darwin, python 3.12.4-final-0 ----------
2025-02-25T12:37:02.8285010Z Coverage HTML written to dir coverage_html_report
2025-02-25T12:37:02.8285390Z Coverage XML written to file coverage.xml
2025-02-25T12:37:02.8285540Z 
2025-02-25T12:37:02.8285860Z = 1410 passed, 357 skipped, 2 deselected, 19 xfailed, 8 xpassed, 222 warnings in 719.00s (0:11:58) =
2025-02-25T12:37:04.5101380Z ##[group]Run mv .coverage .coverage.0
2025-02-25T12:37:04.5101650Z [36;1mmv .coverage .coverage.0[0m
2025-02-25T12:37:04.5454430Z shell: /bin/bash -l {0}
2025-02-25T12:37:04.5454630Z env:
2025-02-25T12:37:04.5454780Z   CACHE_NUMBER: 0
2025-02-25T12:37:04.5455280Z   PYTEST_FLAGS: --tardis-regression-data=/Users/runner/work/tardis/tardis/tardis-regression-data --cov=tardis --cov-report=xml --cov-report=html --cov-append
2025-02-25T12:37:04.5456530Z   CODECOV_TOKEN: ***
2025-02-25T12:37:04.5456720Z   MAMBA_ROOT_PREFIX: /Users/runner/micromamba
2025-02-25T12:37:04.5457030Z   MAMBA_EXE: /Users/runner/micromamba-bin/micromamba
2025-02-25T12:37:04.5457390Z   CONDARC: /Users/runner/work/_temp/setup-micromamba/.condarc
2025-02-25T12:37:04.5457630Z ##[endgroup]
2025-02-25T12:37:04.7462750Z ##[group]Run actions/upload-artifact@v4
2025-02-25T12:37:04.7463030Z with:
2025-02-25T12:37:04.7463280Z   name: coverage-not-continuum-macos-latest
2025-02-25T12:37:04.7463580Z   include-hidden-files: true
2025-02-25T12:37:04.7463850Z   path: .coverage*
!.coveragerc

2025-02-25T12:37:04.7464070Z   if-no-files-found: warn
2025-02-25T12:37:04.7464280Z   compression-level: 6
2025-02-25T12:37:04.7464530Z   overwrite: false
2025-02-25T12:37:04.7464710Z env:
2025-02-25T12:37:04.7464890Z   CACHE_NUMBER: 0
2025-02-25T12:37:04.7465480Z   PYTEST_FLAGS: --tardis-regression-data=/Users/runner/work/tardis/tardis/tardis-regression-data --cov=tardis --cov-report=xml --cov-report=html --cov-append
2025-02-25T12:37:04.7466390Z   CODECOV_TOKEN: ***
2025-02-25T12:37:04.7466640Z   MAMBA_ROOT_PREFIX: /Users/runner/micromamba
2025-02-25T12:37:04.7466990Z   MAMBA_EXE: /Users/runner/micromamba-bin/micromamba
2025-02-25T12:37:04.7467370Z   CONDARC: /Users/runner/work/_temp/setup-micromamba/.condarc
2025-02-25T12:37:04.7467650Z ##[endgroup]
2025-02-25T12:37:05.1816770Z With the provided path, there will be 2 files uploaded
2025-02-25T12:37:05.1819940Z Artifact name is valid!
2025-02-25T12:37:05.1820470Z Root directory input is valid!
2025-02-25T12:37:05.3649830Z Beginning upload of artifact content to blob storage
2025-02-25T12:37:05.5641950Z Uploaded bytes 29600
2025-02-25T12:37:05.6112930Z Finished uploading artifact content to blob storage!
2025-02-25T12:37:05.6114430Z SHA256 hash of uploaded artifact zip is df20a7710068c6a6e02027705a4d8948d22635f587c324dfd60a830155afcd95
2025-02-25T12:37:05.6115820Z Finalizing artifact upload
2025-02-25T12:37:05.7108880Z Artifact coverage-not-continuum-macos-latest.zip successfully finalized. Artifact ID 2648317851
2025-02-25T12:37:05.7109980Z Artifact coverage-not-continuum-macos-latest has been successfully uploaded! Final size is 29600 bytes. Artifact ID is 2648317851
2025-02-25T12:37:05.7120000Z Artifact download URL: https://github.com/tardis-sn/tardis/actions/runs/13521120483/artifacts/2648317851
2025-02-25T12:37:05.7263070Z Post job cleanup.
2025-02-25T12:37:05.7306800Z Post job cleanup.
2025-02-25T12:37:05.8738700Z Will use pre-installed micromamba at /Users/runner/micromamba-bin/micromamba
2025-02-25T12:37:05.8741910Z Removing micromamba run shell ...
2025-02-25T12:37:05.8744050Z ##[group]Deinitialize micromamba for bash
2025-02-25T12:37:05.8761150Z [command]/Users/runner/micromamba-bin/micromamba shell deinit -s bash -r /Users/runner/micromamba --log-level warning --rc-file /Users/runner/work/_temp/setup-micromamba/.condarc
2025-02-25T12:37:05.9226840Z Resetting RC file "/Users/runner/.bash_profile"
2025-02-25T12:37:05.9327130Z Deleting config for root prefix 
2025-02-25T12:37:05.9440580Z Clearing mamba executable environment variable
2025-02-25T12:37:05.9441920Z Removing the following in your "/Users/runner/.bash_profile" file
2025-02-25T12:37:05.9542890Z # >>> mamba initialize >>>
2025-02-25T12:37:05.9626320Z ...
2025-02-25T12:37:05.9627310Z # <<< mamba initialize <<<
2025-02-25T12:37:05.9629110Z Removing environment tardis from auto-activate bash ...
2025-02-25T12:37:05.9693330Z Post job cleanup.
2025-02-25T12:37:05.9734940Z Post job cleanup.
2025-02-25T12:37:06.0593810Z [command]/opt/homebrew/bin/git version
2025-02-25T12:37:06.0809590Z git version 2.48.1
2025-02-25T12:37:06.0834750Z Copying '/Users/runner/.gitconfig' to '/Users/runner/work/_temp/cecb3e4a-3d3c-4f65-86a9-12de0e512f7d/.gitconfig'
2025-02-25T12:37:06.0841170Z Temporarily overriding HOME='/Users/runner/work/_temp/cecb3e4a-3d3c-4f65-86a9-12de0e512f7d' before making global git config changes
2025-02-25T12:37:06.0841780Z Adding repository directory to the temporary git global config as a safe directory
2025-02-25T12:37:06.0844840Z [command]/opt/homebrew/bin/git config --global --add safe.directory /Users/runner/work/tardis/tardis/tardis-regression-data
2025-02-25T12:37:06.0933800Z [command]/opt/homebrew/bin/git config --local --name-only --get-regexp core\.sshCommand
2025-02-25T12:37:06.1018000Z [command]/opt/homebrew/bin/git submodule foreach --recursive sh -c "git config --local --name-only --get-regexp 'core\.sshCommand' && git config --local --unset-all 'core.sshCommand' || :"
2025-02-25T12:37:06.2040400Z [command]/opt/homebrew/bin/git config --local --name-only --get-regexp http\.https\:\/\/github\.com\/\.extraheader
2025-02-25T12:37:06.2077960Z http.https://github.com/.extraheader
2025-02-25T12:37:06.2085610Z [command]/opt/homebrew/bin/git config --local --unset-all http.https://github.com/.extraheader
2025-02-25T12:37:06.2129260Z [command]/opt/homebrew/bin/git submodule foreach --recursive sh -c "git config --local --name-only --get-regexp 'http\.https\:\/\/github\.com\/\.extraheader' && git config --local --unset-all 'http.https://github.com/.extraheader' || :"
2025-02-25T12:37:06.2979870Z Post job cleanup.
2025-02-25T12:37:06.4104920Z [command]/opt/homebrew/bin/git version
2025-02-25T12:37:06.4151640Z git version 2.48.1
2025-02-25T12:37:06.4173660Z Copying '/Users/runner/.gitconfig' to '/Users/runner/work/_temp/bb622ac1-87ca-4064-920b-999120d3aff6/.gitconfig'
2025-02-25T12:37:06.4184870Z Temporarily overriding HOME='/Users/runner/work/_temp/bb622ac1-87ca-4064-920b-999120d3aff6' before making global git config changes
2025-02-25T12:37:06.4185450Z Adding repository directory to the temporary git global config as a safe directory
2025-02-25T12:37:06.4188400Z [command]/opt/homebrew/bin/git config --global --add safe.directory /Users/runner/work/tardis/tardis
2025-02-25T12:37:06.4242520Z [command]/opt/homebrew/bin/git config --local --name-only --get-regexp core\.sshCommand
2025-02-25T12:37:06.4284810Z [command]/opt/homebrew/bin/git submodule foreach --recursive sh -c "git config --local --name-only --get-regexp 'core\.sshCommand' && git config --local --unset-all 'core.sshCommand' || :"
2025-02-25T12:37:06.5045240Z [command]/opt/homebrew/bin/git config --local --name-only --get-regexp http\.https\:\/\/github\.com\/\.extraheader
2025-02-25T12:37:06.5079370Z http.https://github.com/.extraheader
2025-02-25T12:37:06.5087430Z [command]/opt/homebrew/bin/git config --local --unset-all http.https://github.com/.extraheader
2025-02-25T12:37:06.5138500Z [command]/opt/homebrew/bin/git submodule foreach --recursive sh -c "git config --local --name-only --get-regexp 'http\.https\:\/\/github\.com\/\.extraheader' && git config --local --unset-all 'http.https://github.com/.extraheader' || :"
2025-02-25T12:37:06.5783180Z Cleaning up orphan processes
