2025-01-27T16:41:31.8857455Z Requested labels: ubuntu-latest
2025-01-27T16:41:31.8857754Z Job defined at: tardis-sn/tardis/.github/workflows/tests.yml@refs/heads/master
2025-01-27T16:41:31.8857874Z Waiting for a runner to pick up this job...
2025-01-27T16:41:32.1456306Z Job is waiting for a hosted runner to come online.
2025-01-27T16:41:36.6578790Z Job is about to start running on the hosted runner: GitHub Actions 55 (hosted)
2025-01-27T16:41:38.6901857Z Current runner version: '2.321.0'
2025-01-27T16:41:38.6926725Z ##[group]Operating System
2025-01-27T16:41:38.6927621Z Ubuntu
2025-01-27T16:41:38.6928095Z 24.04.1
2025-01-27T16:41:38.6928599Z LTS
2025-01-27T16:41:38.6929334Z ##[endgroup]
2025-01-27T16:41:38.6929881Z ##[group]Runner Image
2025-01-27T16:41:38.6930387Z Image: ubuntu-24.04
2025-01-27T16:41:38.6930992Z Version: 20250120.5.0
2025-01-27T16:41:38.6932086Z Included Software: https://github.com/actions/runner-images/blob/ubuntu24/20250120.5/images/ubuntu/Ubuntu2404-Readme.md
2025-01-27T16:41:38.6933479Z Image Release: https://github.com/actions/runner-images/releases/tag/ubuntu24%2F20250120.5
2025-01-27T16:41:38.6934362Z ##[endgroup]
2025-01-27T16:41:38.6934908Z ##[group]Runner Image Provisioner
2025-01-27T16:41:38.6935540Z 2.0.417.1
2025-01-27T16:41:38.6936038Z ##[endgroup]
2025-01-27T16:41:38.6938206Z ##[group]GITHUB_TOKEN Permissions
2025-01-27T16:41:38.6940424Z Actions: write
2025-01-27T16:41:38.6941150Z Attestations: write
2025-01-27T16:41:38.6941893Z Checks: write
2025-01-27T16:41:38.6942367Z Contents: write
2025-01-27T16:41:38.6942929Z Deployments: write
2025-01-27T16:41:38.6943484Z Discussions: write
2025-01-27T16:41:38.6943995Z Issues: write
2025-01-27T16:41:38.6944537Z Metadata: read
2025-01-27T16:41:38.6945023Z Packages: write
2025-01-27T16:41:38.6945550Z Pages: write
2025-01-27T16:41:38.6946113Z PullRequests: write
2025-01-27T16:41:38.6946615Z RepositoryProjects: write
2025-01-27T16:41:38.6947192Z SecurityEvents: write
2025-01-27T16:41:38.6947804Z Statuses: write
2025-01-27T16:41:38.6948306Z ##[endgroup]
2025-01-27T16:41:38.6951400Z Secret source: Actions
2025-01-27T16:41:38.6952281Z Prepare workflow directory
2025-01-27T16:41:38.7489466Z Prepare all required actions
2025-01-27T16:41:38.7525128Z Getting action download info
2025-01-27T16:41:38.9504815Z Download action repository 'actions/checkout@v4' (SHA:11bd71901bbe5b1630ceea73d27597364c9af683)
2025-01-27T16:41:39.0554539Z Download action repository 'actions/upload-artifact@v4' (SHA:65c4c4a1ddee5b72f698fdd19549f0f0fb45cf08)
2025-01-27T16:41:39.8357962Z Complete job name: not continuum ubuntu-latest 
2025-01-27T16:41:39.9091955Z ##[group]Run actions/checkout@v4
2025-01-27T16:41:39.9093072Z with:
2025-01-27T16:41:39.9093701Z   repository: tardis-sn/tardis
2025-01-27T16:41:39.9094596Z   token: ***
2025-01-27T16:41:39.9095220Z   ssh-strict: true
2025-01-27T16:41:39.9095855Z   ssh-user: git
2025-01-27T16:41:39.9096492Z   persist-credentials: true
2025-01-27T16:41:39.9097192Z   clean: true
2025-01-27T16:41:39.9097837Z   sparse-checkout-cone-mode: true
2025-01-27T16:41:39.9098550Z   fetch-depth: 1
2025-01-27T16:41:39.9099348Z   fetch-tags: false
2025-01-27T16:41:39.9100015Z   show-progress: true
2025-01-27T16:41:39.9100666Z   lfs: false
2025-01-27T16:41:39.9101293Z   submodules: false
2025-01-27T16:41:39.9101941Z   set-safe-directory: true
2025-01-27T16:41:39.9102852Z env:
2025-01-27T16:41:39.9103440Z   CACHE_NUMBER: 0
2025-01-27T16:41:39.9104863Z   PYTEST_FLAGS: --tardis-regression-data=/home/runner/work/tardis/tardis/tardis-regression-data --cov=tardis --cov-report=xml --cov-report=html --cov-append
2025-01-27T16:41:39.9106531Z   CODECOV_TOKEN: ***
2025-01-27T16:41:39.9107172Z ##[endgroup]
2025-01-27T16:41:40.0920314Z Syncing repository: tardis-sn/tardis
2025-01-27T16:41:40.0922420Z ##[group]Getting Git version info
2025-01-27T16:41:40.0923333Z Working directory is '/home/runner/work/tardis/tardis'
2025-01-27T16:41:40.0924613Z [command]/usr/bin/git version
2025-01-27T16:41:40.1829678Z git version 2.48.1
2025-01-27T16:41:40.1860289Z ##[endgroup]
2025-01-27T16:41:40.1875135Z Temporarily overriding HOME='/home/runner/work/_temp/ffd037a5-2068-45a8-be78-6cea83eb2025' before making global git config changes
2025-01-27T16:41:40.1876947Z Adding repository directory to the temporary git global config as a safe directory
2025-01-27T16:41:40.1888608Z [command]/usr/bin/git config --global --add safe.directory /home/runner/work/tardis/tardis
2025-01-27T16:41:40.1976006Z Deleting the contents of '/home/runner/work/tardis/tardis'
2025-01-27T16:41:40.1979923Z ##[group]Initializing the repository
2025-01-27T16:41:40.1983998Z [command]/usr/bin/git init /home/runner/work/tardis/tardis
2025-01-27T16:41:40.2704764Z hint: Using 'master' as the name for the initial branch. This default branch name
2025-01-27T16:41:40.2706634Z hint: is subject to change. To configure the initial branch name to use in all
2025-01-27T16:41:40.2708148Z hint: of your new repositories, which will suppress this warning, call:
2025-01-27T16:41:40.2709578Z hint:
2025-01-27T16:41:40.2710480Z hint: 	git config --global init.defaultBranch <name>
2025-01-27T16:41:40.2711533Z hint:
2025-01-27T16:41:40.2712529Z hint: Names commonly chosen instead of 'master' are 'main', 'trunk' and
2025-01-27T16:41:40.2714035Z hint: 'development'. The just-created branch can be renamed via this command:
2025-01-27T16:41:40.2715085Z hint:
2025-01-27T16:41:40.2715685Z hint: 	git branch -m <name>
2025-01-27T16:41:40.2797792Z Initialized empty Git repository in /home/runner/work/tardis/tardis/.git/
2025-01-27T16:41:40.2811573Z [command]/usr/bin/git remote add origin https://github.com/tardis-sn/tardis
2025-01-27T16:41:40.2888328Z ##[endgroup]
2025-01-27T16:41:40.2889979Z ##[group]Disabling automatic garbage collection
2025-01-27T16:41:40.2892030Z [command]/usr/bin/git config --local gc.auto 0
2025-01-27T16:41:40.2923814Z ##[endgroup]
2025-01-27T16:41:40.2925774Z ##[group]Setting up auth
2025-01-27T16:41:40.2932183Z [command]/usr/bin/git config --local --name-only --get-regexp core\.sshCommand
2025-01-27T16:41:40.2964323Z [command]/usr/bin/git submodule foreach --recursive sh -c "git config --local --name-only --get-regexp 'core\.sshCommand' && git config --local --unset-all 'core.sshCommand' || :"
2025-01-27T16:41:40.4482849Z [command]/usr/bin/git config --local --name-only --get-regexp http\.https\:\/\/github\.com\/\.extraheader
2025-01-27T16:41:40.4516987Z [command]/usr/bin/git submodule foreach --recursive sh -c "git config --local --name-only --get-regexp 'http\.https\:\/\/github\.com\/\.extraheader' && git config --local --unset-all 'http.https://github.com/.extraheader' || :"
2025-01-27T16:41:40.4765721Z [command]/usr/bin/git config --local http.https://github.com/.extraheader AUTHORIZATION: basic ***
2025-01-27T16:41:40.4806517Z ##[endgroup]
2025-01-27T16:41:40.4808288Z ##[group]Fetching the repository
2025-01-27T16:41:40.4817466Z [command]/usr/bin/git -c protocol.version=2 fetch --no-tags --prune --no-recurse-submodules --depth=1 origin +34c0a4ffd8db5db3e4a77fea9b6f2bea865123a1:refs/remotes/origin/master
2025-01-27T16:41:42.1594419Z From https://github.com/tardis-sn/tardis
2025-01-27T16:41:42.1596109Z  * [new ref]         34c0a4ffd8db5db3e4a77fea9b6f2bea865123a1 -> origin/master
2025-01-27T16:41:42.1658009Z ##[endgroup]
2025-01-27T16:41:42.1658522Z ##[group]Determining the checkout info
2025-01-27T16:41:42.1660651Z ##[endgroup]
2025-01-27T16:41:42.1665632Z [command]/usr/bin/git sparse-checkout disable
2025-01-27T16:41:42.1753327Z [command]/usr/bin/git config --local --unset-all extensions.worktreeConfig
2025-01-27T16:41:42.1783034Z ##[group]Checking out the ref
2025-01-27T16:41:42.1787699Z [command]/usr/bin/git checkout --progress --force -B master refs/remotes/origin/master
2025-01-27T16:41:42.3932059Z Reset branch 'master'
2025-01-27T16:41:42.3933359Z branch 'master' set up to track 'origin/master'.
2025-01-27T16:41:42.3955351Z ##[endgroup]
2025-01-27T16:41:42.3997861Z [command]/usr/bin/git log -1 --format=%H
2025-01-27T16:41:42.4021211Z 34c0a4ffd8db5db3e4a77fea9b6f2bea865123a1
2025-01-27T16:41:42.4296593Z Prepare all required actions
2025-01-27T16:41:42.4297136Z Getting action download info
2025-01-27T16:41:42.5876185Z Download action repository 'actions/cache@v4' (SHA:1bd1e32a3bdc45362d1e726936510720a7c30a57)
2025-01-27T16:41:42.7584605Z ##[group]Run ./.github/actions/setup_lfs
2025-01-27T16:41:42.7584945Z with:
2025-01-27T16:41:42.7585255Z   regression-data-repo: tardis-sn/tardis-regression-data
2025-01-27T16:41:42.7585630Z   atom-data-sparse: false
2025-01-27T16:41:42.7585885Z env:
2025-01-27T16:41:42.7586357Z   CACHE_NUMBER: 0
2025-01-27T16:41:42.7587055Z   PYTEST_FLAGS: --tardis-regression-data=/home/runner/work/tardis/tardis/tardis-regression-data --cov=tardis --cov-report=xml --cov-report=html --cov-append
2025-01-27T16:41:42.7588026Z   CODECOV_TOKEN: ***
2025-01-27T16:41:42.7588277Z ##[endgroup]
2025-01-27T16:41:42.7728101Z ##[group]Run actions/checkout@v4
2025-01-27T16:41:42.7728420Z with:
2025-01-27T16:41:42.7728689Z   repository: tardis-sn/tardis-regression-data
2025-01-27T16:41:42.7729413Z   path: tardis-regression-data
2025-01-27T16:41:42.7729737Z   lfs: false
2025-01-27T16:41:42.7730121Z   token: ***
2025-01-27T16:41:42.7730356Z   ssh-strict: true
2025-01-27T16:41:42.7730592Z   ssh-user: git
2025-01-27T16:41:42.7730840Z   persist-credentials: true
2025-01-27T16:41:42.7731099Z   clean: true
2025-01-27T16:41:42.7731342Z   sparse-checkout-cone-mode: true
2025-01-27T16:41:42.7731635Z   fetch-depth: 1
2025-01-27T16:41:42.7731861Z   fetch-tags: false
2025-01-27T16:41:42.7732098Z   show-progress: true
2025-01-27T16:41:42.7732366Z   submodules: false
2025-01-27T16:41:42.7732608Z   set-safe-directory: true
2025-01-27T16:41:42.7732859Z env:
2025-01-27T16:41:42.7733062Z   CACHE_NUMBER: 0
2025-01-27T16:41:42.7733732Z   PYTEST_FLAGS: --tardis-regression-data=/home/runner/work/tardis/tardis/tardis-regression-data --cov=tardis --cov-report=xml --cov-report=html --cov-append
2025-01-27T16:41:42.7734502Z   CODECOV_TOKEN: ***
2025-01-27T16:41:42.7734733Z ##[endgroup]
2025-01-27T16:41:42.8668720Z Syncing repository: tardis-sn/tardis-regression-data
2025-01-27T16:41:42.8675043Z ##[group]Getting Git version info
2025-01-27T16:41:42.8675876Z Working directory is '/home/runner/work/tardis/tardis/tardis-regression-data'
2025-01-27T16:41:42.8716536Z [command]/usr/bin/git version
2025-01-27T16:41:42.8753641Z git version 2.48.1
2025-01-27T16:41:42.8778643Z ##[endgroup]
2025-01-27T16:41:42.8797865Z Temporarily overriding HOME='/home/runner/work/_temp/48390f2a-04eb-480b-a4cd-35964711ac2d' before making global git config changes
2025-01-27T16:41:42.8803014Z Adding repository directory to the temporary git global config as a safe directory
2025-01-27T16:41:42.8804057Z [command]/usr/bin/git config --global --add safe.directory /home/runner/work/tardis/tardis/tardis-regression-data
2025-01-27T16:41:42.8833960Z ##[group]Initializing the repository
2025-01-27T16:41:42.8838789Z [command]/usr/bin/git init /home/runner/work/tardis/tardis/tardis-regression-data
2025-01-27T16:41:42.8876578Z hint: Using 'master' as the name for the initial branch. This default branch name
2025-01-27T16:41:42.8877701Z hint: is subject to change. To configure the initial branch name to use in all
2025-01-27T16:41:42.8878715Z hint: of your new repositories, which will suppress this warning, call:
2025-01-27T16:41:42.8879535Z hint:
2025-01-27T16:41:42.8879882Z hint: 	git config --global init.defaultBranch <name>
2025-01-27T16:41:42.8880270Z hint:
2025-01-27T16:41:42.8880654Z hint: Names commonly chosen instead of 'master' are 'main', 'trunk' and
2025-01-27T16:41:42.8881268Z hint: 'development'. The just-created branch can be renamed via this command:
2025-01-27T16:41:42.8881729Z hint:
2025-01-27T16:41:42.8881994Z hint: 	git branch -m <name>
2025-01-27T16:41:42.8882604Z Initialized empty Git repository in /home/runner/work/tardis/tardis/tardis-regression-data/.git/
2025-01-27T16:41:42.8888218Z [command]/usr/bin/git remote add origin https://github.com/tardis-sn/tardis-regression-data
2025-01-27T16:41:42.8917943Z ##[endgroup]
2025-01-27T16:41:42.8918733Z ##[group]Disabling automatic garbage collection
2025-01-27T16:41:42.8922577Z [command]/usr/bin/git config --local gc.auto 0
2025-01-27T16:41:42.8950641Z ##[endgroup]
2025-01-27T16:41:42.8951335Z ##[group]Setting up auth
2025-01-27T16:41:42.8956699Z [command]/usr/bin/git config --local --name-only --get-regexp core\.sshCommand
2025-01-27T16:41:42.8985167Z [command]/usr/bin/git submodule foreach --recursive sh -c "git config --local --name-only --get-regexp 'core\.sshCommand' && git config --local --unset-all 'core.sshCommand' || :"
2025-01-27T16:41:42.9212305Z [command]/usr/bin/git config --local --name-only --get-regexp http\.https\:\/\/github\.com\/\.extraheader
2025-01-27T16:41:42.9245261Z [command]/usr/bin/git submodule foreach --recursive sh -c "git config --local --name-only --get-regexp 'http\.https\:\/\/github\.com\/\.extraheader' && git config --local --unset-all 'http.https://github.com/.extraheader' || :"
2025-01-27T16:41:42.9474979Z [command]/usr/bin/git config --local http.https://github.com/.extraheader AUTHORIZATION: basic ***
2025-01-27T16:41:42.9521132Z ##[endgroup]
2025-01-27T16:41:42.9522071Z ##[group]Determining the default branch
2025-01-27T16:41:42.9525332Z Retrieving the default branch name
2025-01-27T16:41:43.2667758Z Default branch 'main'
2025-01-27T16:41:43.2669805Z ##[endgroup]
2025-01-27T16:41:43.2670570Z ##[group]Fetching the repository
2025-01-27T16:41:43.2677507Z [command]/usr/bin/git -c protocol.version=2 fetch --no-tags --prune --no-recurse-submodules --depth=1 origin +refs/heads/main:refs/remotes/origin/main
2025-01-27T16:41:43.9974131Z From https://github.com/tardis-sn/tardis-regression-data
2025-01-27T16:41:43.9975156Z  * [new branch]      main       -> origin/main
2025-01-27T16:41:44.0002959Z ##[endgroup]
2025-01-27T16:41:44.0003542Z ##[group]Determining the checkout info
2025-01-27T16:41:44.0004498Z ##[endgroup]
2025-01-27T16:41:44.0010097Z [command]/usr/bin/git sparse-checkout disable
2025-01-27T16:41:44.0048490Z [command]/usr/bin/git config --local --unset-all extensions.worktreeConfig
2025-01-27T16:41:44.0079709Z ##[group]Checking out the ref
2025-01-27T16:41:44.0083321Z [command]/usr/bin/git checkout --progress --force -B main refs/remotes/origin/main
2025-01-27T16:41:47.8721268Z Updating files:   3% (8/238)
2025-01-27T16:41:47.8724284Z Updating files:   4% (10/238)
2025-01-27T16:41:47.8736284Z Updating files:   5% (12/238)
2025-01-27T16:41:47.8740328Z Updating files:   6% (15/238)
2025-01-27T16:41:47.8746316Z Updating files:   7% (17/238)
2025-01-27T16:41:47.8752639Z Updating files:   8% (20/238)
2025-01-27T16:41:47.8759280Z Updating files:   9% (22/238)
2025-01-27T16:41:47.8765858Z Updating files:  10% (24/238)
2025-01-27T16:41:47.8770072Z Updating files:  11% (27/238)
2025-01-27T16:41:47.8774174Z Updating files:  12% (29/238)
2025-01-27T16:41:47.8780390Z Updating files:  13% (31/238)
2025-01-27T16:41:47.8783821Z Updating files:  14% (34/238)
2025-01-27T16:41:47.8792819Z Updating files:  15% (36/238)
2025-01-27T16:41:47.8798041Z Updating files:  16% (39/238)
2025-01-27T16:41:47.8802790Z Updating files:  17% (41/238)
2025-01-27T16:41:47.8809876Z Updating files:  18% (43/238)
2025-01-27T16:41:47.8812917Z Updating files:  19% (46/238)
2025-01-27T16:41:47.8817553Z Updating files:  20% (48/238)
2025-01-27T16:41:47.8824246Z Updating files:  21% (50/238)
2025-01-27T16:41:47.8828450Z Updating files:  22% (53/238)
2025-01-27T16:41:47.8835080Z Updating files:  23% (55/238)
2025-01-27T16:41:47.8840283Z Updating files:  24% (58/238)
2025-01-27T16:41:47.8844952Z Updating files:  25% (60/238)
2025-01-27T16:41:47.8852988Z Updating files:  26% (62/238)
2025-01-27T16:41:47.8857710Z Updating files:  27% (65/238)
2025-01-27T16:41:47.8863746Z Updating files:  28% (67/238)
2025-01-27T16:41:47.8867732Z Updating files:  29% (70/238)
2025-01-27T16:41:47.8871931Z Updating files:  30% (72/238)
2025-01-27T16:41:47.8877061Z Updating files:  31% (74/238)
2025-01-27T16:41:47.8881366Z Updating files:  32% (77/238)
2025-01-27T16:41:47.8884785Z Updating files:  33% (79/238)
2025-01-27T16:41:47.8891761Z Updating files:  34% (81/238)
2025-01-27T16:41:47.8897050Z Updating files:  35% (84/238)
2025-01-27T16:41:47.8903964Z Updating files:  36% (86/238)
2025-01-27T16:41:47.8908214Z Updating files:  37% (89/238)
2025-01-27T16:41:47.8913157Z Updating files:  38% (91/238)
2025-01-27T16:41:47.8918320Z Updating files:  39% (93/238)
2025-01-27T16:41:47.8922522Z Updating files:  40% (96/238)
2025-01-27T16:41:47.8925998Z Updating files:  41% (98/238)
2025-01-27T16:41:47.8932906Z Updating files:  42% (100/238)
2025-01-27T16:41:47.8938786Z Updating files:  43% (103/238)
2025-01-27T16:41:47.8947131Z Updating files:  44% (105/238)
2025-01-27T16:41:47.8950796Z Updating files:  45% (108/238)
2025-01-27T16:41:47.8954929Z Updating files:  46% (110/238)
2025-01-27T16:41:47.8959885Z Updating files:  47% (112/238)
2025-01-27T16:41:47.8963414Z Updating files:  48% (115/238)
2025-01-27T16:41:47.8967531Z Updating files:  49% (117/238)
2025-01-27T16:41:47.8974317Z Updating files:  50% (119/238)
2025-01-27T16:41:47.8979005Z Updating files:  51% (122/238)
2025-01-27T16:41:47.8985928Z Updating files:  52% (124/238)
2025-01-27T16:41:47.8990822Z Updating files:  53% (127/238)
2025-01-27T16:41:47.8994105Z Updating files:  54% (129/238)
2025-01-27T16:41:47.9000862Z Updating files:  55% (131/238)
2025-01-27T16:41:47.9004378Z Updating files:  56% (134/238)
2025-01-27T16:41:47.9011781Z Updating files:  57% (136/238)
2025-01-27T16:41:47.9014920Z Updating files:  58% (139/238)
2025-01-27T16:41:47.9018991Z Updating files:  59% (141/238)
2025-01-27T16:41:47.9024650Z Updating files:  60% (143/238)
2025-01-27T16:41:47.9029372Z Updating files:  61% (146/238)
2025-01-27T16:41:47.9034345Z Updating files:  62% (148/238)
2025-01-27T16:41:47.9040205Z Updating files:  63% (150/238)
2025-01-27T16:41:47.9044325Z Updating files:  64% (153/238)
2025-01-27T16:41:47.9049915Z Updating files:  65% (155/238)
2025-01-27T16:41:47.9053926Z Updating files:  66% (158/238)
2025-01-27T16:41:47.9057484Z Updating files:  67% (160/238)
2025-01-27T16:41:47.9062379Z Updating files:  68% (162/238)
2025-01-27T16:41:47.9065874Z Updating files:  69% (165/238)
2025-01-27T16:41:47.9069437Z Updating files:  70% (167/238)
2025-01-27T16:41:47.9074184Z Updating files:  71% (169/238)
2025-01-27T16:41:47.9076905Z Updating files:  72% (172/238)
2025-01-27T16:41:47.9083250Z Updating files:  73% (174/238)
2025-01-27T16:41:47.9086303Z Updating files:  74% (177/238)
2025-01-27T16:41:47.9091037Z Updating files:  75% (179/238)
2025-01-27T16:41:47.9094680Z Updating files:  76% (181/238)
2025-01-27T16:41:47.9097254Z Updating files:  77% (184/238)
2025-01-27T16:41:47.9104125Z Updating files:  78% (186/238)
2025-01-27T16:41:47.9107285Z Updating files:  79% (189/238)
2025-01-27T16:41:47.9110526Z Updating files:  80% (191/238)
2025-01-27T16:41:47.9116208Z Updating files:  81% (193/238)
2025-01-27T16:41:47.9119415Z Updating files:  82% (196/238)
2025-01-27T16:41:47.9122651Z Updating files:  83% (198/238)
2025-01-27T16:41:47.9127299Z Updating files:  84% (200/238)
2025-01-27T16:41:47.9131072Z Updating files:  85% (203/238)
2025-01-27T16:41:47.9136175Z Updating files:  86% (205/238)
2025-01-27T16:41:47.9139249Z Updating files:  87% (208/238)
2025-01-27T16:41:47.9145230Z Updating files:  88% (210/238)
2025-01-27T16:41:47.9150634Z Updating files:  89% (212/238)
2025-01-27T16:41:47.9153267Z Updating files:  90% (215/238)
2025-01-27T16:41:47.9156201Z Updating files:  91% (217/238)
2025-01-27T16:41:47.9162116Z Updating files:  92% (219/238)
2025-01-27T16:41:47.9166297Z Updating files:  93% (222/238)
2025-01-27T16:41:47.9171742Z Updating files:  94% (224/238)
2025-01-27T16:41:47.9174771Z Updating files:  95% (227/238)
2025-01-27T16:41:47.9177681Z Updating files:  96% (229/238)
2025-01-27T16:41:47.9182751Z Updating files:  97% (231/238)
2025-01-27T16:41:47.9186000Z Updating files:  98% (234/238)
2025-01-27T16:41:47.9189826Z Updating files:  99% (236/238)
2025-01-27T16:41:47.9190372Z Updating files: 100% (238/238)
2025-01-27T16:41:47.9190793Z Updating files: 100% (238/238), done.
2025-01-27T16:41:47.9206910Z Switched to a new branch 'main'
2025-01-27T16:41:47.9210002Z branch 'main' set up to track 'origin/main'.
2025-01-27T16:41:47.9557312Z ##[endgroup]
2025-01-27T16:41:47.9596791Z [command]/usr/bin/git log -1 --format=%H
2025-01-27T16:41:47.9619677Z fa7729bc9c30e14b69acd641af8b692b56fcd416
2025-01-27T16:41:47.9745742Z ##[group]Run if [ "false" == "true" ]; then
2025-01-27T16:41:47.9746079Z [36;1mif [ "false" == "true" ]; then[0m
2025-01-27T16:41:47.9746367Z [36;1m  echo "Using atom data sparse checkout"[0m
2025-01-27T16:41:47.9746956Z [36;1m  echo "atom_data/kurucz_cd23_chianti_H_He.h5" > .lfs-files-list[0m
2025-01-27T16:41:47.9747273Z [36;1melse[0m
2025-01-27T16:41:47.9747479Z [36;1m  echo "Using full repository checkout"[0m
2025-01-27T16:41:47.9747828Z [36;1m  git lfs ls-files -l | cut -d' ' -f1 | sort > .lfs-files-list[0m
2025-01-27T16:41:47.9748146Z [36;1mfi[0m
2025-01-27T16:41:47.9779833Z shell: /usr/bin/bash --noprofile --norc -e -o pipefail {0}
2025-01-27T16:41:47.9780148Z env:
2025-01-27T16:41:47.9780328Z   CACHE_NUMBER: 0
2025-01-27T16:41:47.9780942Z   PYTEST_FLAGS: --tardis-regression-data=/home/runner/work/tardis/tardis/tardis-regression-data --cov=tardis --cov-report=xml --cov-report=html --cov-append
2025-01-27T16:41:47.9781723Z   CODECOV_TOKEN: ***
2025-01-27T16:41:47.9781915Z ##[endgroup]
2025-01-27T16:41:47.9847475Z Using full repository checkout
2025-01-27T16:41:48.1954467Z ##[group]Run actions/cache/restore@v4
2025-01-27T16:41:48.1954811Z with:
2025-01-27T16:41:48.1955070Z   path: tardis-regression-data/.git/lfs
2025-01-27T16:41:48.1956007Z   key: tardis-regression-full-data-21f9fa4b6817cc69b9fae3598144724da7828e276a73bd17f47a2a49d9af090a-tardis-sn/tardis-regression-data-v1
2025-01-27T16:41:48.1956921Z   fail-on-cache-miss: true
2025-01-27T16:41:48.1957232Z   enableCrossOsArchive: false
2025-01-27T16:41:48.1957540Z   lookup-only: false
2025-01-27T16:41:48.1957795Z env:
2025-01-27T16:41:48.1958012Z   CACHE_NUMBER: 0
2025-01-27T16:41:48.1959292Z   PYTEST_FLAGS: --tardis-regression-data=/home/runner/work/tardis/tardis/tardis-regression-data --cov=tardis --cov-report=xml --cov-report=html --cov-append
2025-01-27T16:41:48.1960430Z   CODECOV_TOKEN: ***
2025-01-27T16:41:48.1960689Z ##[endgroup]
2025-01-27T16:41:49.9650160Z Received 0 of 1707218436 (0.0%), 0.0 MBs/sec
2025-01-27T16:41:50.9656170Z Received 109051904 of 1707218436 (6.4%), 52.0 MBs/sec
2025-01-27T16:41:51.9661813Z Received 213909504 of 1707218436 (12.5%), 68.0 MBs/sec
2025-01-27T16:41:52.9667855Z Received 327155712 of 1707218436 (19.2%), 78.0 MBs/sec
2025-01-27T16:41:53.9664474Z Received 432013312 of 1707218436 (25.3%), 82.4 MBs/sec
2025-01-27T16:41:54.9665279Z Received 541065216 of 1707218436 (31.7%), 86.0 MBs/sec
2025-01-27T16:41:55.9667571Z Received 645922816 of 1707218436 (37.8%), 88.0 MBs/sec
2025-01-27T16:41:56.9665828Z Received 763363328 of 1707218436 (44.7%), 91.0 MBs/sec
2025-01-27T16:41:57.9665327Z Received 864026624 of 1707218436 (50.6%), 91.5 MBs/sec
2025-01-27T16:41:58.9670198Z Received 964689920 of 1707218436 (56.5%), 92.0 MBs/sec
2025-01-27T16:41:59.9677215Z Received 1069547520 of 1707218436 (62.6%), 92.7 MBs/sec
2025-01-27T16:42:00.9679520Z Received 1182793728 of 1707218436 (69.3%), 94.0 MBs/sec
2025-01-27T16:42:01.9683864Z Received 1287651328 of 1707218436 (75.4%), 94.4 MBs/sec
2025-01-27T16:42:02.9690894Z Received 1392508928 of 1707218436 (81.6%), 94.8 MBs/sec
2025-01-27T16:42:03.9701771Z Received 1505755136 of 1707218436 (88.2%), 95.7 MBs/sec
2025-01-27T16:42:04.9711438Z Received 1614807040 of 1707218436 (94.6%), 96.2 MBs/sec
2025-01-27T16:42:05.8200190Z Cache Size: ~1628 MB (1707218436 B)
2025-01-27T16:42:05.8280895Z [command]/usr/bin/tar -xf /home/runner/work/_temp/0101a3e8-66f9-4738-92eb-178f5b22f879/cache.tzst -P -C /home/runner/work/tardis/tardis --use-compress-program unzstd
2025-01-27T16:42:05.9722398Z Received 1707218436 of 1707218436 (100.0%), 95.7 MBs/sec
2025-01-27T16:42:12.1878401Z Cache restored successfully
2025-01-27T16:42:12.6135467Z Cache restored from key: tardis-regression-full-data-21f9fa4b6817cc69b9fae3598144724da7828e276a73bd17f47a2a49d9af090a-tardis-sn/tardis-regression-data-v1
2025-01-27T16:42:12.6276914Z ##[group]Run git lfs checkout
2025-01-27T16:42:12.6277179Z [36;1mgit lfs checkout[0m
2025-01-27T16:42:12.6305104Z shell: /usr/bin/bash --noprofile --norc -e -o pipefail {0}
2025-01-27T16:42:12.6305436Z env:
2025-01-27T16:42:12.6305608Z   CACHE_NUMBER: 0
2025-01-27T16:42:12.6306228Z   PYTEST_FLAGS: --tardis-regression-data=/home/runner/work/tardis/tardis/tardis-regression-data --cov=tardis --cov-report=xml --cov-report=html --cov-append
2025-01-27T16:42:12.6307257Z   CODECOV_TOKEN: ***
2025-01-27T16:42:12.6307469Z ##[endgroup]
2025-01-27T16:42:26.2370729Z Checking out LFS objects: 100% (204/204), 3.5 GB | 274 MB/s, done.
2025-01-27T16:42:27.9901138Z Prepare all required actions
2025-01-27T16:42:27.9901506Z Getting action download info
2025-01-27T16:42:28.1518807Z Download action repository 'mamba-org/setup-micromamba@v1' (SHA:4b9113af4fba0e9e1124b252dd6497a419e7396d)
2025-01-27T16:42:28.8007117Z ##[group]Run ./.github/actions/setup_env
2025-01-27T16:42:28.8007393Z with:
2025-01-27T16:42:28.8007583Z   os-label: linux-64
2025-01-27T16:42:28.8007777Z env:
2025-01-27T16:42:28.8007945Z   CACHE_NUMBER: 0
2025-01-27T16:42:28.8008557Z   PYTEST_FLAGS: --tardis-regression-data=/home/runner/work/tardis/tardis/tardis-regression-data --cov=tardis --cov-report=xml --cov-report=html --cov-append
2025-01-27T16:42:28.8009914Z   CODECOV_TOKEN: ***
2025-01-27T16:42:28.8010129Z ##[endgroup]
2025-01-27T16:42:28.8031438Z ##[group]Run file_hash=$(cat conda-linux-64.lock | shasum -a 256 | cut -d' ' -f1)
2025-01-27T16:42:28.8031959Z [36;1mfile_hash=$(cat conda-linux-64.lock | shasum -a 256 | cut -d' ' -f1)[0m
2025-01-27T16:42:28.8032519Z [36;1mecho "file_hash=tardis-conda-env-linux-64-${file_hash}-v1" >> "${GITHUB_OUTPUT}"[0m
2025-01-27T16:42:28.8060732Z shell: /usr/bin/bash --noprofile --norc -e -o pipefail {0}
2025-01-27T16:42:28.8061061Z env:
2025-01-27T16:42:28.8061236Z   CACHE_NUMBER: 0
2025-01-27T16:42:28.8061887Z   PYTEST_FLAGS: --tardis-regression-data=/home/runner/work/tardis/tardis/tardis-regression-data --cov=tardis --cov-report=xml --cov-report=html --cov-append
2025-01-27T16:42:28.8062714Z   CODECOV_TOKEN: ***
2025-01-27T16:42:28.8062915Z ##[endgroup]
2025-01-27T16:42:29.0180996Z ##[group]Run mamba-org/setup-micromamba@v1
2025-01-27T16:42:29.0181276Z with:
2025-01-27T16:42:29.0181471Z   environment-file: conda-linux-64.lock
2025-01-27T16:42:29.0182039Z   cache-environment-key: tardis-conda-env-linux-64-d7cd390425b0fd3cf82649dcc003efba9915fb4928f15d342148c3ccffcbe2ee-v1
2025-01-27T16:42:29.0182895Z   cache-downloads-key: tardis-conda-env-linux-64-d7cd390425b0fd3cf82649dcc003efba9915fb4928f15d342148c3ccffcbe2ee-v1
2025-01-27T16:42:29.0183443Z   environment-name: tardis
2025-01-27T16:42:29.0183673Z   cache-environment: true
2025-01-27T16:42:29.0183882Z   cache-downloads: true
2025-01-27T16:42:29.0184088Z env:
2025-01-27T16:42:29.0184254Z   CACHE_NUMBER: 0
2025-01-27T16:42:29.0184857Z   PYTEST_FLAGS: --tardis-regression-data=/home/runner/work/tardis/tardis/tardis-regression-data --cov=tardis --cov-report=xml --cov-report=html --cov-append
2025-01-27T16:42:29.0185666Z   CODECOV_TOKEN: ***
2025-01-27T16:42:29.0185864Z ##[endgroup]
2025-01-27T16:42:29.1715761Z Will download micromamba to /home/runner/micromamba-bin/micromamba
2025-01-27T16:42:29.1727196Z ##[group]Install micromamba
2025-01-27T16:42:29.6962275Z micromamba installed to /home/runner/micromamba-bin/micromamba
2025-01-27T16:42:29.6963247Z ##[endgroup]
2025-01-27T16:42:29.6963904Z Adding conda-forge to condarc channels ...
2025-01-27T16:42:29.6973784Z ##[group]Initialize micromamba for bash.
2025-01-27T16:42:29.6990212Z [command]/home/runner/micromamba-bin/micromamba shell init -s bash -r /home/runner/micromamba --log-level warning --rc-file /home/runner/work/_temp/setup-micromamba/.condarc
2025-01-27T16:42:29.7241903Z Modifying RC file "/home/runner/.bashrc"
2025-01-27T16:42:29.7243229Z Generating config for root prefix [1m"/home/runner/micromamba"[0m
2025-01-27T16:42:29.7244186Z Setting mamba executable to: [1m"/home/runner/micromamba-bin/micromamba"[0m
2025-01-27T16:42:29.7245248Z Adding (or replacing) the following in your "/home/runner/.bashrc" file
2025-01-27T16:42:29.7245752Z 
2025-01-27T16:42:29.7245896Z # >>> mamba initialize >>>
2025-01-27T16:42:29.7246405Z # !! Contents within this block are managed by 'mamba init' !!
2025-01-27T16:42:29.7247081Z export MAMBA_EXE='/home/runner/micromamba-bin/micromamba';
2025-01-27T16:42:29.7247699Z export MAMBA_ROOT_PREFIX='/home/runner/micromamba';
2025-01-27T16:42:29.7249193Z __mamba_setup="$("$MAMBA_EXE" shell hook --shell bash --root-prefix "$MAMBA_ROOT_PREFIX" 2> /dev/null)"
2025-01-27T16:42:29.7249942Z if [ $? -eq 0 ]; then
2025-01-27T16:42:29.7250473Z     eval "$__mamba_setup"
2025-01-27T16:42:29.7250770Z else
2025-01-27T16:42:29.7251226Z     alias micromamba="$MAMBA_EXE"  # Fallback on help from mamba activate
2025-01-27T16:42:29.7251864Z fi
2025-01-27T16:42:29.7252186Z unset __mamba_setup
2025-01-27T16:42:29.7252623Z # <<< mamba initialize <<<
2025-01-27T16:42:29.7252887Z 
2025-01-27T16:42:29.7264106Z Moving mamba initialize block to .bash_profile
2025-01-27T16:42:29.7274957Z ##[endgroup]
2025-01-27T16:42:29.7276234Z ##[group]Restoring downloads from `/home/runner/micromamba/pkgs` ...
2025-01-27T16:42:31.3284359Z Received 0 of 356815776 (0.0%), 0.0 MBs/sec
2025-01-27T16:42:32.3287519Z Received 146800640 of 356815776 (41.1%), 70.0 MBs/sec
2025-01-27T16:42:33.3283781Z Received 268435456 of 356815776 (75.2%), 85.3 MBs/sec
2025-01-27T16:42:34.1593067Z Cache Size: ~340 MB (356815776 B)
2025-01-27T16:42:34.1630730Z [command]/usr/bin/tar -xf /home/runner/work/_temp/5fe69d9c-dc17-4d6e-b885-e531ba258fc5/cache.tzst -P -C /home/runner/work/tardis/tardis --use-compress-program unzstd
2025-01-27T16:42:34.3288365Z Received 356815776 of 356815776 (100.0%), 85.1 MBs/sec
2025-01-27T16:42:34.6697836Z Cache restored successfully
2025-01-27T16:42:34.7470252Z Restored cache with key `tardis-conda-env-linux-64-d7cd390425b0fd3cf82649dcc003efba9915fb4928f15d342148c3ccffcbe2ee-v1-linux-64`
2025-01-27T16:42:34.7472416Z ##[endgroup]
2025-01-27T16:42:34.7484071Z ##[group]Restoring environment `tardis` from `/home/runner/micromamba/envs/tardis` ...
2025-01-27T16:42:36.1231746Z Received 0 of 444032293 (0.0%), 0.0 MBs/sec
2025-01-27T16:42:37.1236315Z Received 130023424 of 444032293 (29.3%), 62.0 MBs/sec
2025-01-27T16:42:38.1245016Z Received 268435456 of 444032293 (60.5%), 85.3 MBs/sec
2025-01-27T16:42:39.1254103Z Received 390070272 of 444032293 (87.8%), 92.9 MBs/sec
2025-01-27T16:42:39.4566587Z Cache Size: ~423 MB (444032293 B)
2025-01-27T16:42:39.4605124Z [command]/usr/bin/tar -xf /home/runner/work/_temp/5baa38ff-2554-4e33-b63e-b5a1a7b25026/cache.tzst -P -C /home/runner/work/tardis/tardis --use-compress-program unzstd
2025-01-27T16:42:40.1256975Z Received 444032293 of 444032293 (100.0%), 84.6 MBs/sec
2025-01-27T16:42:45.3068721Z Cache restored successfully
2025-01-27T16:42:45.3828798Z Restored cache with key `tardis-conda-env-linux-64-d7cd390425b0fd3cf82649dcc003efba9915fb4928f15d342148c3ccffcbe2ee-v1-linux-64-tardis-args-4f53cda-root-dcc80ee-bin-[object Promise]-file-d7cd390425b0fd3cf82649dcc003efba9915fb4928f15d342148c3ccffcbe2ee`
2025-01-27T16:42:45.3832108Z ##[endgroup]
2025-01-27T16:42:45.3832639Z Adding environment tardis to auto-activate bash ...
2025-01-27T16:42:45.3839534Z Generating micromamba run shell.
2025-01-27T16:42:45.3847546Z ##[endgroup]
2025-01-27T16:42:45.3856064Z Set environment variables.
2025-01-27T16:42:45.3859654Z ##[group]micromamba info
2025-01-27T16:42:45.3863238Z [command]/home/runner/micromamba-bin/micromamba info -r /home/runner/micromamba -n tardis
2025-01-27T16:42:45.4107144Z 
2025-01-27T16:42:45.4107634Z        libmamba version : 1.5.10
2025-01-27T16:42:45.4108276Z      micromamba version : 1.5.10
2025-01-27T16:42:45.4109425Z            curl version : libcurl/8.10.1 OpenSSL/3.3.2 zlib/1.3.1 zstd/1.5.6 libssh2/1.11.0 nghttp2/1.58.0
2025-01-27T16:42:45.4110610Z      libarchive version : libarchive 3.7.4 zlib/1.2.13 bz2lib/1.0.8 libzstd/1.5.6
2025-01-27T16:42:45.4111636Z        envs directories : /home/runner/micromamba/envs
2025-01-27T16:42:45.4112367Z           package cache : /home/runner/micromamba/pkgs
2025-01-27T16:42:45.4113056Z                           /home/runner/.mamba/pkgs
2025-01-27T16:42:45.4113656Z             environment : tardis
2025-01-27T16:42:45.4114203Z            env location : /home/runner/micromamba/envs/tardis
2025-01-27T16:42:45.4114726Z       user config files : /home/runner/.mambarc
2025-01-27T16:42:45.4115930Z  populated config files : /home/runner/work/_temp/setup-micromamba/.condarc
2025-01-27T16:42:45.4116691Z        virtual packages : __unix=0=0
2025-01-27T16:42:45.4117393Z                           __linux=6.8.0=0
2025-01-27T16:42:45.4117898Z                           __glibc=2.39=0
2025-01-27T16:42:45.4118427Z                           __archspec=1=x86_64_v3
2025-01-27T16:42:45.4119310Z                channels : https://conda.anaconda.org/conda-forge/linux-64
2025-01-27T16:42:45.4120117Z                           https://conda.anaconda.org/conda-forge/noarch
2025-01-27T16:42:45.4120800Z        base environment : /home/runner/micromamba
2025-01-27T16:42:45.4121342Z                platform : linux-64
2025-01-27T16:42:45.4128133Z ##[endgroup]
2025-01-27T16:42:45.4128696Z ##[group]micromamba list
2025-01-27T16:42:45.4130754Z [command]/home/runner/micromamba-bin/micromamba list -r /home/runner/micromamba -n tardis
2025-01-27T16:42:45.8017840Z List of packages in environment: "/home/runner/micromamba/envs/tardis"
2025-01-27T16:42:45.8018372Z 
2025-01-27T16:42:45.8018618Z   Name                           Version              Build                    Channel    
2025-01-27T16:42:45.8019822Z ────────────────────────────────────────────────────────────────────────────────────────────
2025-01-27T16:42:45.8020519Z   _libgcc_mutex                  0.1                  conda_forge              conda-forge
2025-01-27T16:42:45.8021119Z   _openmp_mutex                  4.5                  2_gnu                    conda-forge
2025-01-27T16:42:45.8021720Z   alabaster                      0.7.16               pyhd8ed1ab_0             conda-forge
2025-01-27T16:42:45.8022310Z   anyio                          4.4.0                pyhd8ed1ab_0             conda-forge
2025-01-27T16:42:45.8022874Z   argon2-cffi                    23.1.0               pyhd8ed1ab_0             conda-forge
2025-01-27T16:42:45.8023521Z   argon2-cffi-bindings           21.2.0               py312h98912ed_4          conda-forge
2025-01-27T16:42:45.8024133Z   arrow                          1.3.0                pyhd8ed1ab_0             conda-forge
2025-01-27T16:42:45.8024693Z   astropy                        6.1.1                py312h085067d_0          conda-forge
2025-01-27T16:42:45.8025365Z   astropy-iers-data              0.2024.6.17.0.31.35  pyhd8ed1ab_0             conda-forge
2025-01-27T16:42:45.8026171Z   astropy-sphinx-theme           1.1                  pyhd8ed1ab_0             conda-forge
2025-01-27T16:42:45.8026840Z   asttokens                      2.4.1                pyhd8ed1ab_0             conda-forge
2025-01-27T16:42:45.8027442Z   async-lru                      2.0.4                pyhd8ed1ab_0             conda-forge
2025-01-27T16:42:45.8028006Z   atk-1.0                        2.38.0               h04ea711_2               conda-forge
2025-01-27T16:42:45.8028595Z   attrs                          23.2.0               pyh71513ae_0             conda-forge
2025-01-27T16:42:45.8029332Z   babel                          2.14.0               pyhd8ed1ab_0             conda-forge
2025-01-27T16:42:45.8029951Z   beautifulsoup4                 4.12.3               pyha770c72_0             conda-forge
2025-01-27T16:42:45.8030558Z   bleach                         6.1.0                pyhd8ed1ab_0             conda-forge
2025-01-27T16:42:45.8031129Z   blosc                          1.21.5               hc2324a3_1               conda-forge
2025-01-27T16:42:45.8031681Z   brotli                         1.1.0                hd590300_1               conda-forge
2025-01-27T16:42:45.8032340Z   brotli-bin                     1.1.0                hd590300_1               conda-forge
2025-01-27T16:42:45.8033004Z   brotli-python                  1.1.0                py312h30efb56_1          conda-forge
2025-01-27T16:42:45.8033647Z   bzip2                          1.0.8                hd590300_5               conda-forge
2025-01-27T16:42:45.8034209Z   c-ares                         1.28.1               hd590300_0               conda-forge
2025-01-27T16:42:45.8034793Z   c-blosc2                       2.14.4               hb4ffafa_1               conda-forge
2025-01-27T16:42:45.8035891Z   ca-certificates                2024.6.2             hbcca054_0               conda-forge
2025-01-27T16:42:45.8036789Z   cached-property                1.5.2                hd8ed1ab_1               conda-forge
2025-01-27T16:42:45.8037513Z   cached_property                1.5.2                pyha770c72_1             conda-forge
2025-01-27T16:42:45.8038174Z   cairo                          1.18.0               h3faef2a_0               conda-forge
2025-01-27T16:42:45.8038811Z   certifi                        2024.6.2             pyhd8ed1ab_0             conda-forge
2025-01-27T16:42:45.8039665Z   cffi                           1.16.0               py312hf06ca03_0          conda-forge
2025-01-27T16:42:45.8040369Z   charset-normalizer             3.3.2                pyhd8ed1ab_0             conda-forge
2025-01-27T16:42:45.8041058Z   click                          8.1.7                unix_pyh707e725_0        conda-forge
2025-01-27T16:42:45.8041700Z   codespell                      2.3.0                pyhd8ed1ab_0             conda-forge
2025-01-27T16:42:45.8042359Z   colorama                       0.4.6                pyhd8ed1ab_0             conda-forge
2025-01-27T16:42:45.8042976Z   comm                           0.2.2                pyhd8ed1ab_0             conda-forge
2025-01-27T16:42:45.8043603Z   commonmark                     0.9.1                py_0                     conda-forge
2025-01-27T16:42:45.8044220Z   contourpy                      1.2.1                py312h8572e83_0          conda-forge
2025-01-27T16:42:45.8044815Z   coverage                       7.5.3                py312h9a8786e_0          conda-forge
2025-01-27T16:42:45.8045418Z   cycler                         0.12.1               pyhd8ed1ab_0             conda-forge
2025-01-27T16:42:45.8046071Z   dataclasses                    0.8                  pyhc8e2a94_3             conda-forge
2025-01-27T16:42:45.8046719Z   debugpy                        1.8.1                py312h30efb56_0          conda-forge
2025-01-27T16:42:45.8047375Z   decorator                      5.1.1                pyhd8ed1ab_0             conda-forge
2025-01-27T16:42:45.8048040Z   defusedxml                     0.7.1                pyhd8ed1ab_0             conda-forge
2025-01-27T16:42:45.8048690Z   docutils                       0.20.1               py312h7900ff3_3          conda-forge
2025-01-27T16:42:45.8049614Z   dot2tex                        2.11.3               pyhd8ed1ab_0             conda-forge
2025-01-27T16:42:45.8050286Z   entrypoints                    0.4                  pyhd8ed1ab_0             conda-forge
2025-01-27T16:42:45.8050981Z   exceptiongroup                 1.2.0                pyhd8ed1ab_2             conda-forge
2025-01-27T16:42:45.8051667Z   executing                      2.0.1                pyhd8ed1ab_0             conda-forge
2025-01-27T16:42:45.8052301Z   expat                          2.6.2                h59595ed_0               conda-forge
2025-01-27T16:42:45.8053001Z   font-ttf-dejavu-sans-mono      2.37                 hab24e00_0               conda-forge
2025-01-27T16:42:45.8053797Z   font-ttf-inconsolata           3.000                h77eed37_0               conda-forge
2025-01-27T16:42:45.8054582Z   font-ttf-source-code-pro       2.038                h77eed37_0               conda-forge
2025-01-27T16:42:45.8055333Z   font-ttf-ubuntu                0.83                 h77eed37_2               conda-forge
2025-01-27T16:42:45.8056007Z   fontconfig                     2.14.2               h14ed4e7_0               conda-forge
2025-01-27T16:42:45.8056704Z   fonts-conda-ecosystem          1                    0                        conda-forge
2025-01-27T16:42:45.8057427Z   fonts-conda-forge              1                    0                        conda-forge
2025-01-27T16:42:45.8058098Z   fonttools                      4.53.0               py312h9a8786e_0          conda-forge
2025-01-27T16:42:45.8058679Z   fqdn                           1.5.1                pyhd8ed1ab_0             conda-forge
2025-01-27T16:42:45.8059624Z   freetype                       2.12.1               h267a509_2               conda-forge
2025-01-27T16:42:45.8062180Z   fribidi                        1.0.10               h36c2ea0_0               conda-forge
2025-01-27T16:42:45.8062856Z   future                         1.0.0                pyhd8ed1ab_0             conda-forge
2025-01-27T16:42:45.8063436Z   gdk-pixbuf                     2.42.12              hb9ae30d_0               conda-forge
2025-01-27T16:42:45.8063996Z   giflib                         5.2.2                hd590300_0               conda-forge
2025-01-27T16:42:45.8064527Z   git-lfs                        3.5.1                ha770c72_0               conda-forge
2025-01-27T16:42:45.8065321Z   gmp                            6.3.0                h59595ed_1               conda-forge
2025-01-27T16:42:45.8066039Z   gmpy2                          2.1.5                py312h1d5cde6_1          conda-forge
2025-01-27T16:42:45.8066839Z   graphite2                      1.3.13               h59595ed_1003            conda-forge
2025-01-27T16:42:45.8067714Z   graphviz                       11.0.0               hc68bbd7_0               conda-forge
2025-01-27T16:42:45.8068421Z   gtk2                           2.24.33              h280cfa0_4               conda-forge
2025-01-27T16:42:45.8069373Z   gts                            0.7.6                h977cf35_4               conda-forge
2025-01-27T16:42:45.8069874Z   h11                            0.14.0               pyhd8ed1ab_0             conda-forge
2025-01-27T16:42:45.8070573Z   h2                             4.1.0                pyhd8ed1ab_0             conda-forge
2025-01-27T16:42:45.8152456Z   h5py                           3.11.0               nompi_py312hb7ab980_102  conda-forge
2025-01-27T16:42:45.8153235Z   harfbuzz                       8.5.0                hfac3d4d_0               conda-forge
2025-01-27T16:42:45.8153927Z   hdf5                           1.14.3               nompi_hdf9ad27_105       conda-forge
2025-01-27T16:42:45.8154563Z   hpack                          4.0.0                pyh9f0ad1d_0             conda-forge
2025-01-27T16:42:45.8155187Z   httpcore                       1.0.5                pyhd8ed1ab_0             conda-forge
2025-01-27T16:42:45.8155812Z   httpx                          0.27.0               pyhd8ed1ab_0             conda-forge
2025-01-27T16:42:45.8156431Z   hyperframe                     6.0.1                pyhd8ed1ab_0             conda-forge
2025-01-27T16:42:45.8157053Z   icu                            73.2                 h59595ed_0               conda-forge
2025-01-27T16:42:45.8157616Z   idna                           3.7                  pyhd8ed1ab_0             conda-forge
2025-01-27T16:42:45.8158145Z   imagesize                      1.4.1                pyhd8ed1ab_0             conda-forge
2025-01-27T16:42:45.8159024Z   importlib-metadata             7.1.0                pyha770c72_0             conda-forge
2025-01-27T16:42:45.8159790Z   importlib_metadata             7.1.0                hd8ed1ab_0               conda-forge
2025-01-27T16:42:45.8160523Z   importlib_resources            6.4.0                pyhd8ed1ab_0             conda-forge
2025-01-27T16:42:45.8161160Z   iniconfig                      2.0.0                pyhd8ed1ab_0             conda-forge
2025-01-27T16:42:45.8161762Z   ipykernel                      6.29.4               pyh3099207_0             conda-forge
2025-01-27T16:42:45.8162396Z   ipython                        8.25.0               pyh707e725_0             conda-forge
2025-01-27T16:42:45.8163068Z   ipython_genutils               0.2.0                pyhd8ed1ab_1             conda-forge
2025-01-27T16:42:45.8163745Z   ipywidgets                     7.8.0                pyhd8ed1ab_0             conda-forge
2025-01-27T16:42:45.8164366Z   isoduration                    20.11.0              pyhd8ed1ab_0             conda-forge
2025-01-27T16:42:45.8165005Z   jedi                           0.19.1               pyhd8ed1ab_0             conda-forge
2025-01-27T16:42:45.8166055Z   jinja2                         3.1.4                pyhd8ed1ab_0             conda-forge
2025-01-27T16:42:45.8166880Z   json5                          0.9.25               pyhd8ed1ab_0             conda-forge
2025-01-27T16:42:45.8167545Z   jsonpointer                    3.0.0                py312h7900ff3_0          conda-forge
2025-01-27T16:42:45.8168267Z   jsonschema                     4.22.0               pyhd8ed1ab_0             conda-forge
2025-01-27T16:42:45.8169226Z   jsonschema-specifications      2023.12.1            pyhd8ed1ab_0             conda-forge
2025-01-27T16:42:45.8170126Z   jsonschema-with-format-nongpl  4.22.0               pyhd8ed1ab_0             conda-forge
2025-01-27T16:42:45.8170913Z   jupyter-lsp                    2.2.5                pyhd8ed1ab_0             conda-forge
2025-01-27T16:42:45.8171595Z   jupyter_client                 8.6.2                pyhd8ed1ab_0             conda-forge
2025-01-27T16:42:45.8172280Z   jupyter_core                   5.7.2                py312h7900ff3_0          conda-forge
2025-01-27T16:42:45.8172971Z   jupyter_events                 0.10.0               pyhd8ed1ab_0             conda-forge
2025-01-27T16:42:45.8173681Z   jupyter_server                 2.14.1               pyhd8ed1ab_0             conda-forge
2025-01-27T16:42:45.8174429Z   jupyter_server_terminals       0.5.3                pyhd8ed1ab_0             conda-forge
2025-01-27T16:42:45.8175160Z   jupyterlab                     4.2.2                pyhd8ed1ab_0             conda-forge
2025-01-27T16:42:45.8175881Z   jupyterlab_pygments            0.3.0                pyhd8ed1ab_1             conda-forge
2025-01-27T16:42:45.8176626Z   jupyterlab_server              2.27.2               pyhd8ed1ab_0             conda-forge
2025-01-27T16:42:45.8177354Z   jupyterlab_widgets             1.1.7                pyhd8ed1ab_0             conda-forge
2025-01-27T16:42:45.8177979Z   keyutils                       1.6.1                h166bdaf_0               conda-forge
2025-01-27T16:42:45.8178607Z   kiwisolver                     1.4.5                py312h8572e83_1          conda-forge
2025-01-27T16:42:45.8179409Z   krb5                           1.21.2               h659d440_0               conda-forge
2025-01-27T16:42:45.8180006Z   latexcodec                     2.0.1                pyh9f0ad1d_0             conda-forge
2025-01-27T16:42:45.8180602Z   lcms2                          2.16                 hb7c19ff_0               conda-forge
2025-01-27T16:42:45.8181187Z   ld_impl_linux-64               2.40                 hf3520f5_7               conda-forge
2025-01-27T16:42:45.8181770Z   lerc                           4.0.0                h27087fc_0               conda-forge
2025-01-27T16:42:45.8182310Z   libaec                         1.1.3                h59595ed_0               conda-forge
2025-01-27T16:42:45.8182890Z   libblas                        3.9.0                22_linux64_openblas      conda-forge
2025-01-27T16:42:45.8183533Z   libbrotlicommon                1.1.0                hd590300_1               conda-forge
2025-01-27T16:42:45.8184192Z   libbrotlidec                   1.1.0                hd590300_1               conda-forge
2025-01-27T16:42:45.8184827Z   libbrotlienc                   1.1.0                hd590300_1               conda-forge
2025-01-27T16:42:45.8185472Z   libcblas                       3.9.0                22_linux64_openblas      conda-forge
2025-01-27T16:42:45.8186069Z   libcurl                        8.8.0                hca28451_0               conda-forge
2025-01-27T16:42:45.8186693Z   libdeflate                     1.20                 hd590300_0               conda-forge
2025-01-27T16:42:45.8187354Z   libedit                        3.1.20191231         he28a2e2_2               conda-forge
2025-01-27T16:42:45.8187968Z   libev                          4.33                 hd590300_2               conda-forge
2025-01-27T16:42:45.8188552Z   libexpat                       2.6.2                h59595ed_0               conda-forge
2025-01-27T16:42:45.8189650Z   libffi                         3.4.2                h7f98852_5               conda-forge
2025-01-27T16:42:45.8190440Z   libgcc-ng                      13.2.0               h77fa898_10              conda-forge
2025-01-27T16:42:45.8191030Z   libgd                          2.3.3                h119a65a_9               conda-forge
2025-01-27T16:42:45.8191642Z   libgfortran-ng                 13.2.0               h69a702a_10              conda-forge
2025-01-27T16:42:45.8192334Z   libgfortran5                   13.2.0               h3d2ce59_10              conda-forge
2025-01-27T16:42:45.8192973Z   libglib                        2.80.2               h8a4344b_1               conda-forge
2025-01-27T16:42:45.8193590Z   libgomp                        13.2.0               h77fa898_10              conda-forge
2025-01-27T16:42:45.8194201Z   libiconv                       1.17                 hd590300_2               conda-forge
2025-01-27T16:42:45.8194848Z   libjpeg-turbo                  3.0.0                hd590300_1               conda-forge
2025-01-27T16:42:45.8195527Z   liblapack                      3.9.0                22_linux64_openblas      conda-forge
2025-01-27T16:42:45.8196177Z   libllvm14                      14.0.6               hcd5def8_4               conda-forge
2025-01-27T16:42:45.8196813Z   libnghttp2                     1.58.0               h47da74e_1               conda-forge
2025-01-27T16:42:45.8197435Z   libnsl                         2.0.1                hd590300_0               conda-forge
2025-01-27T16:42:45.8198087Z   libopenblas                    0.3.27               pthreads_h413a1c8_0      conda-forge
2025-01-27T16:42:45.8198735Z   libpng                         1.6.43               h2797004_0               conda-forge
2025-01-27T16:42:45.8199466Z   librsvg                        2.58.1               hadf69e7_0               conda-forge
2025-01-27T16:42:45.8200053Z   libsodium                      1.0.18               h36c2ea0_1               conda-forge
2025-01-27T16:42:45.8200706Z   libsqlite                      3.46.0               hde9e2c9_0               conda-forge
2025-01-27T16:42:45.8201340Z   libssh2                        1.11.0               h0841786_0               conda-forge
2025-01-27T16:42:45.8201968Z   libstdcxx-ng                   13.2.0               hc0a3c3a_10              conda-forge
2025-01-27T16:42:45.8202611Z   libtiff                        4.6.0                h1dd3fc0_3               conda-forge
2025-01-27T16:42:45.8203184Z   libuuid                        2.38.1               h0b41bf4_0               conda-forge
2025-01-27T16:42:45.8203732Z   libwebp                        1.4.0                h2c329e2_0               conda-forge
2025-01-27T16:42:45.8204331Z   libwebp-base                   1.4.0                hd590300_0               conda-forge
2025-01-27T16:42:45.8204969Z   libxcb                         1.15                 h0b41bf4_0               conda-forge
2025-01-27T16:42:45.8205577Z   libxcrypt                      4.4.36               hd590300_1               conda-forge
2025-01-27T16:42:45.8206205Z   libxml2                        2.12.7               hc051c1a_1               conda-forge
2025-01-27T16:42:45.8206827Z   libxslt                        1.1.39               h76b75d6_0               conda-forge
2025-01-27T16:42:45.8207426Z   libzlib                        1.3.1                h4ab18f5_1               conda-forge
2025-01-27T16:42:45.8208059Z   llvmlite                       0.42.0               py312hb06c811_1          conda-forge
2025-01-27T16:42:45.8208640Z   lxml                           5.2.2                py312hb90d8a5_0          conda-forge
2025-01-27T16:42:45.8209319Z   lz4-c                          1.9.4                hcb278e6_0               conda-forge
2025-01-27T16:42:45.8209886Z   lzo                            2.10                 hd590300_1001            conda-forge
2025-01-27T16:42:45.8210494Z   markupsafe                     2.1.5                py312h98912ed_0          conda-forge
2025-01-27T16:42:45.8211372Z   matplotlib-base                3.8.4                py312h20ab3a6_2          conda-forge
2025-01-27T16:42:45.8212312Z   matplotlib-inline              0.1.7                pyhd8ed1ab_0             conda-forge
2025-01-27T16:42:45.8213007Z   mistune                        3.0.2                pyhd8ed1ab_0             conda-forge
2025-01-27T16:42:45.8213582Z   mpc                            1.3.1                hfe3b2da_0               conda-forge
2025-01-27T16:42:45.8214140Z   mpfr                           4.2.1                h9458935_1               conda-forge
2025-01-27T16:42:45.8214698Z   mpmath                         1.3.0                pyhd8ed1ab_0             conda-forge
2025-01-27T16:42:45.8215297Z   munkres                        1.1.4                pyh9f0ad1d_0             conda-forge
2025-01-27T16:42:45.8215934Z   mypy_extensions                1.0.0                pyha770c72_0             conda-forge
2025-01-27T16:42:45.8216591Z   nbclassic                      1.1.0                pyhd8ed1ab_0             conda-forge
2025-01-27T16:42:45.8217238Z   nbclient                       0.10.0               pyhd8ed1ab_0             conda-forge
2025-01-27T16:42:45.8217893Z   nbconvert                      7.16.4               hd8ed1ab_1               conda-forge
2025-01-27T16:42:45.8218559Z   nbconvert-core                 7.16.4               pyhd8ed1ab_1             conda-forge
2025-01-27T16:42:45.8219362Z   nbconvert-pandoc               7.16.4               hd8ed1ab_1               conda-forge
2025-01-27T16:42:45.8219995Z   nbformat                       5.10.4               pyhd8ed1ab_0             conda-forge
2025-01-27T16:42:45.8220576Z   nbsphinx                       0.9.4                pyhd8ed1ab_0             conda-forge
2025-01-27T16:42:45.8221135Z   ncurses                        6.5                  h59595ed_0               conda-forge
2025-01-27T16:42:45.8221720Z   nest-asyncio                   1.6.0                pyhd8ed1ab_0             conda-forge
2025-01-27T16:42:45.8222334Z   networkx                       3.3                  pyhd8ed1ab_1             conda-forge
2025-01-27T16:42:45.8222905Z   nomkl                          1.0                  h5ca1d4c_0               conda-forge
2025-01-27T16:42:45.8223471Z   notebook                       7.2.1                pyhd8ed1ab_0             conda-forge
2025-01-27T16:42:45.8224146Z   notebook-shim                  0.2.4                pyhd8ed1ab_0             conda-forge
2025-01-27T16:42:45.8224787Z   numba                          0.59.1               py312hacefee8_0          conda-forge
2025-01-27T16:42:45.8225394Z   numexpr                        2.10.0               py312hf412c99_100        conda-forge
2025-01-27T16:42:45.8226008Z   numpy                          1.26.4               py312heda63a1_0          conda-forge
2025-01-27T16:42:45.8226647Z   numpydoc                       1.7.0                pyhd8ed1ab_1             conda-forge
2025-01-27T16:42:45.8227263Z   openjpeg                       2.5.2                h488ebb8_0               conda-forge
2025-01-27T16:42:45.8227865Z   openssl                        3.3.1                h4ab18f5_0               conda-forge
2025-01-27T16:42:45.8228502Z   overrides                      7.7.0                pyhd8ed1ab_0             conda-forge
2025-01-27T16:42:45.8229338Z   packaging                      24.1                 pyhd8ed1ab_0             conda-forge
2025-01-27T16:42:45.8229975Z   pandas                         2.2.2                py312h1d6d2e6_1          conda-forge
2025-01-27T16:42:45.8230582Z   pandoc                         3.2                  ha770c72_0               conda-forge
2025-01-27T16:42:45.8231235Z   pandocfilters                  1.5.0                pyhd8ed1ab_0             conda-forge
2025-01-27T16:42:45.8231887Z   pango                          1.54.0               h84a9a3c_0               conda-forge
2025-01-27T16:42:45.8232458Z   parso                          0.8.4                pyhd8ed1ab_0             conda-forge
2025-01-27T16:42:45.8233231Z   pathspec                       0.12.1               pyhd8ed1ab_0             conda-forge
2025-01-27T16:42:45.8233965Z   pbr                            6.0.0                pyhd8ed1ab_0             conda-forge
2025-01-27T16:42:45.8234512Z   pcre2                          10.44                h0f59acf_0               conda-forge
2025-01-27T16:42:45.8235079Z   pexpect                        4.9.0                pyhd8ed1ab_0             conda-forge
2025-01-27T16:42:45.8235714Z   pickleshare                    0.7.5                py_1003                  conda-forge
2025-01-27T16:42:45.8236362Z   pillow                         10.3.0               py312hdcec9eb_0          conda-forge
2025-01-27T16:42:45.8236756Z   pip                            24.0                 pyhd8ed1ab_0             conda-forge
2025-01-27T16:42:45.8237271Z   pixman                         0.43.2               h59595ed_0               conda-forge
2025-01-27T16:42:45.8237754Z   pkgutil-resolve-name           1.3.10               pyhd8ed1ab_1             conda-forge
2025-01-27T16:42:45.8238205Z   platformdirs                   4.2.2                pyhd8ed1ab_0             conda-forge
2025-01-27T16:42:45.8238607Z   plotly                         5.22.0               pyhd8ed1ab_0             conda-forge
2025-01-27T16:42:45.8239170Z   pluggy                         1.5.0                pyhd8ed1ab_0             conda-forge
2025-01-27T16:42:45.8239567Z   prometheus_client              0.20.0               pyhd8ed1ab_0             conda-forge
2025-01-27T16:42:45.8239973Z   prompt-toolkit                 3.0.47               pyha770c72_0             conda-forge
2025-01-27T16:42:45.8240348Z   psutil                         5.9.8                py312h98912ed_0          conda-forge
2025-01-27T16:42:45.8240716Z   pthread-stubs                  0.4                  h36c2ea0_1001            conda-forge
2025-01-27T16:42:45.8241099Z   ptyprocess                     0.7.0                pyhd3deb0d_0             conda-forge
2025-01-27T16:42:45.8241473Z   pure_eval                      0.2.2                pyhd8ed1ab_0             conda-forge
2025-01-27T16:42:45.8241840Z   py-cpuinfo                     9.0.0                pyhd8ed1ab_0             conda-forge
2025-01-27T16:42:45.8242214Z   pybtex                         0.24.0               pyhd8ed1ab_2             conda-forge
2025-01-27T16:42:45.8242595Z   pybtex-docutils                1.0.3                py312h7900ff3_1          conda-forge
2025-01-27T16:42:45.8242983Z   pycparser                      2.22                 pyhd8ed1ab_0             conda-forge
2025-01-27T16:42:45.8243338Z   pyerfa                         2.0.1.4              py312h085067d_1          conda-forge
2025-01-27T16:42:45.8243688Z   pygments                       2.18.0               pyhd8ed1ab_0             conda-forge
2025-01-27T16:42:45.8244055Z   pygraphviz                     1.13                 py312h4a1d8a7_1          conda-forge
2025-01-27T16:42:45.8244429Z   pyparsing                      3.1.2                pyhd8ed1ab_0             conda-forge
2025-01-27T16:42:45.8244790Z   pysocks                        1.7.1                pyha2e5f31_6             conda-forge
2025-01-27T16:42:45.8245153Z   pytables                       3.9.2                py312h96d95ec_2          conda-forge
2025-01-27T16:42:45.8245514Z   pytest                         8.2.2                pyhd8ed1ab_0             conda-forge
2025-01-27T16:42:45.8245870Z   pytest-cov                     5.0.0                pyhd8ed1ab_0             conda-forge
2025-01-27T16:42:45.8246271Z   pytest-doctestplus             1.2.1                pyhd8ed1ab_0             conda-forge
2025-01-27T16:42:45.8246678Z   pytest-html                    4.1.1                pyhd8ed1ab_0             conda-forge
2025-01-27T16:42:45.8247075Z   pytest-metadata                3.1.1                pyhd8ed1ab_0             conda-forge
2025-01-27T16:42:45.8247466Z   python                         3.12.4               h194c7f8_0_cpython       conda-forge
2025-01-27T16:42:45.8248025Z   python-dateutil                2.9.0                pyhd8ed1ab_0             conda-forge
2025-01-27T16:42:45.8248560Z   python-fastjsonschema          2.20.0               pyhd8ed1ab_0             conda-forge
2025-01-27T16:42:45.8249277Z   python-json-logger             2.0.7                pyhd8ed1ab_0             conda-forge
2025-01-27T16:42:45.8249723Z   python-tzdata                  2024.1               pyhd8ed1ab_0             conda-forge
2025-01-27T16:42:45.8250104Z   python_abi                     3.12                 4_cp312                  conda-forge
2025-01-27T16:42:45.8250463Z   pytz                           2024.1               pyhd8ed1ab_0             conda-forge
2025-01-27T16:42:45.8250814Z   pyyaml                         6.0.1                py312h98912ed_1          conda-forge
2025-01-27T16:42:45.8251160Z   pyzmq                          26.0.3               py312h8fd38d8_0          conda-forge
2025-01-27T16:42:45.8251510Z   qgrid                          1.3.1                pyhd8ed1ab_4             conda-forge
2025-01-27T16:42:45.8251902Z   radioactivedecay               0.5.1                pyhd8ed1ab_0             conda-forge
2025-01-27T16:42:45.8252296Z   readline                       8.2                  h8228510_1               conda-forge
2025-01-27T16:42:45.8252669Z   recommonmark                   0.7.1                pyhd8ed1ab_0             conda-forge
2025-01-27T16:42:45.8253057Z   referencing                    0.35.1               pyhd8ed1ab_0             conda-forge
2025-01-27T16:42:45.8253429Z   requests                       2.32.3               pyhd8ed1ab_0             conda-forge
2025-01-27T16:42:45.8253817Z   rfc3339-validator              0.1.4                pyhd8ed1ab_0             conda-forge
2025-01-27T16:42:45.8254230Z   rfc3986-validator              0.1.1                pyh9f0ad1d_0             conda-forge
2025-01-27T16:42:45.8254608Z   rpds-py                        0.18.1               py312h4413252_0          conda-forge
2025-01-27T16:42:45.8254948Z   ruff                           0.4.9                py312h5715c7c_0          conda-forge
2025-01-27T16:42:45.8255291Z   scipy                          1.13.1               py312hc2bc53b_0          conda-forge
2025-01-27T16:42:45.8255650Z   send2trash                     1.8.3                pyh0d859eb_0             conda-forge
2025-01-27T16:42:45.8256026Z   setuptools                     70.0.0               pyhd8ed1ab_0             conda-forge
2025-01-27T16:42:45.8256413Z   setuptools-scm                 8.1.0                pyhd8ed1ab_0             conda-forge
2025-01-27T16:42:45.8256809Z   setuptools_scm                 8.1.0                hd8ed1ab_0               conda-forge
2025-01-27T16:42:45.8257167Z   six                            1.16.0               pyh6c4a22f_0             conda-forge
2025-01-27T16:42:45.8257510Z   snakeviz                       2.2.0                pyhd8ed1ab_0             conda-forge
2025-01-27T16:42:45.8257869Z   snappy                         1.2.0                hdb0a2a9_1               conda-forge
2025-01-27T16:42:45.8258225Z   sniffio                        1.3.1                pyhd8ed1ab_0             conda-forge
2025-01-27T16:42:45.8258605Z   snowballstemmer                2.2.0                pyhd8ed1ab_0             conda-forge
2025-01-27T16:42:45.8259190Z   soupsieve                      2.5                  pyhd8ed1ab_1             conda-forge
2025-01-27T16:42:45.8259549Z   sphinx                         7.3.7                pyhd8ed1ab_0             conda-forge
2025-01-27T16:42:45.8259930Z   sphinx-astropy                 1.9.1                pyhd8ed1ab_0             conda-forge
2025-01-27T16:42:45.8260340Z   sphinx-automodapi              0.17.0               pyh717bed2_1             conda-forge
2025-01-27T16:42:45.8260747Z   sphinx-gallery                 0.16.0               pyhd8ed1ab_0             conda-forge
2025-01-27T16:42:45.8261156Z   sphinx-jsonschema              1.19.1               pyhd8ed1ab_0             conda-forge
2025-01-27T16:42:45.8261586Z   sphinx_bootstrap_theme         0.8.1                pyhd8ed1ab_0             conda-forge
2025-01-27T16:42:45.8262147Z   sphinx_rtd_theme               2.0.0                pyha770c72_0             conda-forge
2025-01-27T16:42:45.8262660Z   sphinxcontrib-apidoc           0.3.0                py_1                     conda-forge
2025-01-27T16:42:45.8263123Z   sphinxcontrib-applehelp        1.0.8                pyhd8ed1ab_0             conda-forge
2025-01-27T16:42:45.8263575Z   sphinxcontrib-bibtex           2.6.2                pyhd8ed1ab_0             conda-forge
2025-01-27T16:42:45.8264020Z   sphinxcontrib-devhelp          1.0.6                pyhd8ed1ab_0             conda-forge
2025-01-27T16:42:45.8264474Z   sphinxcontrib-htmlhelp         2.0.5                pyhd8ed1ab_0             conda-forge
2025-01-27T16:42:45.8264917Z   sphinxcontrib-jquery           4.1                  pyhd8ed1ab_0             conda-forge
2025-01-27T16:42:45.8265353Z   sphinxcontrib-jsmath           1.0.1                pyhd8ed1ab_0             conda-forge
2025-01-27T16:42:45.8265791Z   sphinxcontrib-qthelp           1.0.7                pyhd8ed1ab_0             conda-forge
2025-01-27T16:42:45.8266276Z   sphinxcontrib-serializinghtml  1.1.10               pyhd8ed1ab_0             conda-forge
2025-01-27T16:42:45.8266720Z   stack_data                     0.6.2                pyhd8ed1ab_0             conda-forge
2025-01-27T16:42:45.8267079Z   sympy                          1.12.1               pypyh2585a3b_103         conda-forge
2025-01-27T16:42:45.8267432Z   tabulate                       0.9.0                pyhd8ed1ab_1             conda-forge
2025-01-27T16:42:45.8267789Z   tenacity                       8.4.1                pyhd8ed1ab_0             conda-forge
2025-01-27T16:42:45.8268153Z   terminado                      0.18.1               pyh0d859eb_0             conda-forge
2025-01-27T16:42:45.8268518Z   tinycss2                       1.3.0                pyhd8ed1ab_0             conda-forge
2025-01-27T16:42:45.8269035Z   tk                             8.6.13               noxft_h4845f30_101       conda-forge
2025-01-27T16:42:45.8269400Z   toml                           0.10.2               pyhd8ed1ab_0             conda-forge
2025-01-27T16:42:45.8269750Z   tomli                          2.0.1                pyhd8ed1ab_0             conda-forge
2025-01-27T16:42:45.8270097Z   tornado                        6.4.1                py312h9a8786e_0          conda-forge
2025-01-27T16:42:45.8270437Z   tqdm                           4.66.4               pyhd8ed1ab_0             conda-forge
2025-01-27T16:42:45.8270786Z   traitlets                      5.14.3               pyhd8ed1ab_0             conda-forge
2025-01-27T16:42:45.8271150Z   typed-ast                      1.5.5                py312h98912ed_1          conda-forge
2025-01-27T16:42:45.8271569Z   types-python-dateutil          2.9.0.20240316       pyhd8ed1ab_0             conda-forge
2025-01-27T16:42:45.8272023Z   typing-extensions              4.12.2               hd8ed1ab_0               conda-forge
2025-01-27T16:42:45.8272442Z   typing_extensions              4.12.2               pyha770c72_0             conda-forge
2025-01-27T16:42:45.8272843Z   typing_utils                   0.1.0                pyhd8ed1ab_0             conda-forge
2025-01-27T16:42:45.8273211Z   tzdata                         2024a                h0c530f3_0               conda-forge
2025-01-27T16:42:45.8273585Z   uri-template                   1.3.0                pyhd8ed1ab_0             conda-forge
2025-01-27T16:42:45.8273951Z   urllib3                        2.2.2                pyhd8ed1ab_0             conda-forge
2025-01-27T16:42:45.8274305Z   wcwidth                        0.2.13               pyhd8ed1ab_0             conda-forge
2025-01-27T16:42:45.8274666Z   webcolors                      24.6.0               pyhd8ed1ab_0             conda-forge
2025-01-27T16:42:45.8275049Z   webencodings                   0.5.1                pyhd8ed1ab_2             conda-forge
2025-01-27T16:42:45.8275438Z   websocket-client               1.8.0                pyhd8ed1ab_0             conda-forge
2025-01-27T16:42:45.8275961Z   wheel                          0.43.0               pyhd8ed1ab_1             conda-forge
2025-01-27T16:42:45.8276447Z   widgetsnbextension             3.6.6                pyhd8ed1ab_0             conda-forge
2025-01-27T16:42:45.8276851Z   xorg-kbproto                   1.0.7                h7f98852_1002            conda-forge
2025-01-27T16:42:45.8277224Z   xorg-libice                    1.1.1                hd590300_0               conda-forge
2025-01-27T16:42:45.8277585Z   xorg-libsm                     1.2.4                h7391055_0               conda-forge
2025-01-27T16:42:45.8277947Z   xorg-libx11                    1.8.9                h8ee46fc_0               conda-forge
2025-01-27T16:42:45.8278311Z   xorg-libxau                    1.0.11               hd590300_0               conda-forge
2025-01-27T16:42:45.8278684Z   xorg-libxdmcp                  1.1.3                h7f98852_0               conda-forge
2025-01-27T16:42:45.8279584Z   xorg-libxext                   1.3.4                h0b41bf4_2               conda-forge
2025-01-27T16:42:45.8280258Z   xorg-libxrender                0.9.11               hd590300_0               conda-forge
2025-01-27T16:42:45.8280946Z   xorg-renderproto               0.11.1               h7f98852_1002            conda-forge
2025-01-27T16:42:45.8281507Z   xorg-xextproto                 7.3.0                h0b41bf4_1003            conda-forge
2025-01-27T16:42:45.8281921Z   xorg-xproto                    7.0.31               h7f98852_1007            conda-forge
2025-01-27T16:42:45.8282269Z   xz                             5.2.6                h166bdaf_0               conda-forge
2025-01-27T16:42:45.8282589Z   yaml                           0.2.5                h7f98852_2               conda-forge
2025-01-27T16:42:45.8282917Z   zeromq                         4.3.5                h75354e8_4               conda-forge
2025-01-27T16:42:45.8283254Z   zipp                           3.19.2               pyhd8ed1ab_0             conda-forge
2025-01-27T16:42:45.8283587Z   zlib                           1.3.1                h4ab18f5_1               conda-forge
2025-01-27T16:42:45.8283916Z   zlib-ng                        2.0.7                h0b41bf4_0               conda-forge
2025-01-27T16:42:45.8284249Z   zstd                           1.5.6                ha6fb4c9_0               conda-forge
2025-01-27T16:42:45.8284815Z ##[endgroup]
2025-01-27T16:42:45.8317736Z ##[group]Run pip install -e . --user
2025-01-27T16:42:45.8318067Z [36;1mpip install -e . --user[0m
2025-01-27T16:42:45.8348176Z shell: /usr/bin/bash -l {0}
2025-01-27T16:42:45.8348425Z env:
2025-01-27T16:42:45.8348599Z   CACHE_NUMBER: 0
2025-01-27T16:42:45.8349445Z   PYTEST_FLAGS: --tardis-regression-data=/home/runner/work/tardis/tardis/tardis-regression-data --cov=tardis --cov-report=xml --cov-report=html --cov-append
2025-01-27T16:42:45.8350311Z   CODECOV_TOKEN: ***
2025-01-27T16:42:45.8350563Z   MAMBA_ROOT_PREFIX: /home/runner/micromamba
2025-01-27T16:42:45.8350893Z   MAMBA_EXE: /home/runner/micromamba-bin/micromamba
2025-01-27T16:42:45.8351250Z   CONDARC: /home/runner/work/_temp/setup-micromamba/.condarc
2025-01-27T16:42:45.8351561Z ##[endgroup]
2025-01-27T16:42:47.0663445Z Obtaining file:///home/runner/work/tardis/tardis
2025-01-27T16:42:47.0692886Z   Installing build dependencies: started
2025-01-27T16:42:50.6821380Z   Installing build dependencies: finished with status 'done'
2025-01-27T16:42:50.6827435Z   Checking if build backend supports build_editable: started
2025-01-27T16:42:50.8065278Z   Checking if build backend supports build_editable: finished with status 'done'
2025-01-27T16:42:50.8073502Z   Getting requirements to build editable: started
2025-01-27T16:42:51.3013979Z   Getting requirements to build editable: finished with status 'done'
2025-01-27T16:42:51.3023291Z   Preparing editable metadata (pyproject.toml): started
2025-01-27T16:42:51.7663193Z   Preparing editable metadata (pyproject.toml): finished with status 'done'
2025-01-27T16:42:51.8254892Z Requirement already satisfied: astropy in /home/runner/micromamba/envs/tardis/lib/python3.12/site-packages (from tardis==0.0.0) (6.1.1)
2025-01-27T16:42:51.8683957Z Requirement already satisfied: numpy>=1.23 in /home/runner/micromamba/envs/tardis/lib/python3.12/site-packages (from astropy->tardis==0.0.0) (1.26.4)
2025-01-27T16:42:51.8692964Z Requirement already satisfied: pyerfa>=2.0.1.1 in /home/runner/micromamba/envs/tardis/lib/python3.12/site-packages (from astropy->tardis==0.0.0) (2.0.1.4)
2025-01-27T16:42:51.8703052Z Requirement already satisfied: astropy-iers-data>=0.2024.5.27.0.30.8 in /home/runner/micromamba/envs/tardis/lib/python3.12/site-packages (from astropy->tardis==0.0.0) (0.2024.6.17.0.31.35)
2025-01-27T16:42:51.8711419Z Requirement already satisfied: PyYAML>=3.13 in /home/runner/micromamba/envs/tardis/lib/python3.12/site-packages (from astropy->tardis==0.0.0) (6.0.1)
2025-01-27T16:42:51.8721489Z Requirement already satisfied: packaging>=19.0 in /home/runner/micromamba/envs/tardis/lib/python3.12/site-packages (from astropy->tardis==0.0.0) (24.1)
2025-01-27T16:42:51.8814295Z Building wheels for collected packages: tardis
2025-01-27T16:42:51.8823972Z   Building editable for tardis (pyproject.toml): started
2025-01-27T16:42:52.6485553Z   Building editable for tardis (pyproject.toml): finished with status 'done'
2025-01-27T16:42:52.6493007Z   Created wheel for tardis: filename=tardis-0.0.0-0.editable-py3-none-any.whl size=8879 sha256=5d7245831ad41c7016531fe19923d19e6bc674bfde2df19c1bd4cd934ffc9b40
2025-01-27T16:42:52.6495204Z   Stored in directory: /tmp/pip-ephem-wheel-cache-0erwhhid/wheels/6a/c7/ae/89fa6dc2565455898176888ef0e2e475e4e90eb0124afcb995
2025-01-27T16:42:52.6521598Z Successfully built tardis
2025-01-27T16:42:53.4244288Z Installing collected packages: tardis
2025-01-27T16:42:53.4335203Z Successfully installed tardis-0.0.0
2025-01-27T16:42:54.1099498Z ##[group]Run pip install qgridnext
2025-01-27T16:42:54.1099858Z [36;1mpip install qgridnext[0m
2025-01-27T16:42:54.1127998Z shell: /usr/bin/bash -l {0}
2025-01-27T16:42:54.1128269Z env:
2025-01-27T16:42:54.1128462Z   CACHE_NUMBER: 0
2025-01-27T16:42:54.1129300Z   PYTEST_FLAGS: --tardis-regression-data=/home/runner/work/tardis/tardis/tardis-regression-data --cov=tardis --cov-report=xml --cov-report=html --cov-append
2025-01-27T16:42:54.1130200Z   CODECOV_TOKEN: ***
2025-01-27T16:42:54.1130460Z   MAMBA_ROOT_PREFIX: /home/runner/micromamba
2025-01-27T16:42:54.1130802Z   MAMBA_EXE: /home/runner/micromamba-bin/micromamba
2025-01-27T16:42:54.1131212Z   CONDARC: /home/runner/work/_temp/setup-micromamba/.condarc
2025-01-27T16:42:54.1131577Z ##[endgroup]
2025-01-27T16:42:55.2702329Z Collecting qgridnext
2025-01-27T16:42:55.2872785Z   Downloading qgridnext-2.0.4-py3-none-any.whl.metadata (9.9 kB)
2025-01-27T16:42:55.2969270Z Requirement already satisfied: pandas>=0.20.0 in /home/runner/micromamba/envs/tardis/lib/python3.12/site-packages (from qgridnext) (2.2.2)
2025-01-27T16:42:55.2978255Z Requirement already satisfied: ipywidgets>=7.0.0 in /home/runner/micromamba/envs/tardis/lib/python3.12/site-packages (from qgridnext) (7.8.0)
2025-01-27T16:42:55.2987920Z Requirement already satisfied: numpy in /home/runner/micromamba/envs/tardis/lib/python3.12/site-packages (from qgridnext) (1.26.4)
2025-01-27T16:42:55.2998142Z Requirement already satisfied: traitlets in /home/runner/micromamba/envs/tardis/lib/python3.12/site-packages (from qgridnext) (5.14.3)
2025-01-27T16:42:55.3090307Z Requirement already satisfied: comm>=0.1.3 in /home/runner/micromamba/envs/tardis/lib/python3.12/site-packages (from ipywidgets>=7.0.0->qgridnext) (0.2.2)
2025-01-27T16:42:55.3100097Z Requirement already satisfied: ipython-genutils~=0.2.0 in /home/runner/micromamba/envs/tardis/lib/python3.12/site-packages (from ipywidgets>=7.0.0->qgridnext) (0.2.0)
2025-01-27T16:42:55.3113942Z Requirement already satisfied: widgetsnbextension~=3.6.5 in /home/runner/micromamba/envs/tardis/lib/python3.12/site-packages (from ipywidgets>=7.0.0->qgridnext) (3.6.6)
2025-01-27T16:42:55.3134020Z Requirement already satisfied: ipython>=4.0.0 in /home/runner/micromamba/envs/tardis/lib/python3.12/site-packages (from ipywidgets>=7.0.0->qgridnext) (8.25.0)
2025-01-27T16:42:55.3149310Z Requirement already satisfied: jupyterlab-widgets<3,>=1.0.0 in /home/runner/micromamba/envs/tardis/lib/python3.12/site-packages (from ipywidgets>=7.0.0->qgridnext) (1.1.7)
2025-01-27T16:42:55.3601676Z Requirement already satisfied: python-dateutil>=2.8.2 in /home/runner/micromamba/envs/tardis/lib/python3.12/site-packages (from pandas>=0.20.0->qgridnext) (2.9.0)
2025-01-27T16:42:55.3615461Z Requirement already satisfied: pytz>=2020.1 in /home/runner/micromamba/envs/tardis/lib/python3.12/site-packages (from pandas>=0.20.0->qgridnext) (2024.1)
2025-01-27T16:42:55.3624295Z Requirement already satisfied: tzdata>=2022.7 in /home/runner/micromamba/envs/tardis/lib/python3.12/site-packages (from pandas>=0.20.0->qgridnext) (2024.1)
2025-01-27T16:42:55.3954724Z Requirement already satisfied: decorator in /home/runner/micromamba/envs/tardis/lib/python3.12/site-packages (from ipython>=4.0.0->ipywidgets>=7.0.0->qgridnext) (5.1.1)
2025-01-27T16:42:55.3970391Z Requirement already satisfied: jedi>=0.16 in /home/runner/micromamba/envs/tardis/lib/python3.12/site-packages (from ipython>=4.0.0->ipywidgets>=7.0.0->qgridnext) (0.19.1)
2025-01-27T16:42:55.3979881Z Requirement already satisfied: matplotlib-inline in /home/runner/micromamba/envs/tardis/lib/python3.12/site-packages (from ipython>=4.0.0->ipywidgets>=7.0.0->qgridnext) (0.1.7)
2025-01-27T16:42:55.3992107Z Requirement already satisfied: prompt-toolkit<3.1.0,>=3.0.41 in /home/runner/micromamba/envs/tardis/lib/python3.12/site-packages (from ipython>=4.0.0->ipywidgets>=7.0.0->qgridnext) (3.0.47)
2025-01-27T16:42:55.4001868Z Requirement already satisfied: pygments>=2.4.0 in /home/runner/micromamba/envs/tardis/lib/python3.12/site-packages (from ipython>=4.0.0->ipywidgets>=7.0.0->qgridnext) (2.18.0)
2025-01-27T16:42:55.4011456Z Requirement already satisfied: stack-data in /home/runner/micromamba/envs/tardis/lib/python3.12/site-packages (from ipython>=4.0.0->ipywidgets>=7.0.0->qgridnext) (0.6.2)
2025-01-27T16:42:55.4030530Z Requirement already satisfied: pexpect>4.3 in /home/runner/micromamba/envs/tardis/lib/python3.12/site-packages (from ipython>=4.0.0->ipywidgets>=7.0.0->qgridnext) (4.9.0)
2025-01-27T16:42:55.4080863Z Requirement already satisfied: six>=1.5 in /home/runner/micromamba/envs/tardis/lib/python3.12/site-packages (from python-dateutil>=2.8.2->pandas>=0.20.0->qgridnext) (1.16.0)
2025-01-27T16:42:55.4140156Z Requirement already satisfied: notebook>=4.4.1 in /home/runner/micromamba/envs/tardis/lib/python3.12/site-packages (from widgetsnbextension~=3.6.5->ipywidgets>=7.0.0->qgridnext) (7.2.1)
2025-01-27T16:42:55.4335527Z Requirement already satisfied: parso<0.9.0,>=0.8.3 in /home/runner/micromamba/envs/tardis/lib/python3.12/site-packages (from jedi>=0.16->ipython>=4.0.0->ipywidgets>=7.0.0->qgridnext) (0.8.4)
2025-01-27T16:42:55.4487164Z Requirement already satisfied: jupyter-server<3,>=2.4.0 in /home/runner/micromamba/envs/tardis/lib/python3.12/site-packages (from notebook>=4.4.1->widgetsnbextension~=3.6.5->ipywidgets>=7.0.0->qgridnext) (2.14.1)
2025-01-27T16:42:55.4501750Z Requirement already satisfied: jupyterlab-server<3,>=2.27.1 in /home/runner/micromamba/envs/tardis/lib/python3.12/site-packages (from notebook>=4.4.1->widgetsnbextension~=3.6.5->ipywidgets>=7.0.0->qgridnext) (2.27.2)
2025-01-27T16:42:55.4517820Z Requirement already satisfied: jupyterlab<4.3,>=4.2.0 in /home/runner/micromamba/envs/tardis/lib/python3.12/site-packages (from notebook>=4.4.1->widgetsnbextension~=3.6.5->ipywidgets>=7.0.0->qgridnext) (4.2.2)
2025-01-27T16:42:55.4527967Z Requirement already satisfied: notebook-shim<0.3,>=0.2 in /home/runner/micromamba/envs/tardis/lib/python3.12/site-packages (from notebook>=4.4.1->widgetsnbextension~=3.6.5->ipywidgets>=7.0.0->qgridnext) (0.2.4)
2025-01-27T16:42:55.4536428Z Requirement already satisfied: tornado>=6.2.0 in /home/runner/micromamba/envs/tardis/lib/python3.12/site-packages (from notebook>=4.4.1->widgetsnbextension~=3.6.5->ipywidgets>=7.0.0->qgridnext) (6.4.1)
2025-01-27T16:42:55.4567399Z Requirement already satisfied: ptyprocess>=0.5 in /home/runner/micromamba/envs/tardis/lib/python3.12/site-packages (from pexpect>4.3->ipython>=4.0.0->ipywidgets>=7.0.0->qgridnext) (0.7.0)
2025-01-27T16:42:55.4596839Z Requirement already satisfied: wcwidth in /home/runner/micromamba/envs/tardis/lib/python3.12/site-packages (from prompt-toolkit<3.1.0,>=3.0.41->ipython>=4.0.0->ipywidgets>=7.0.0->qgridnext) (0.2.13)
2025-01-27T16:42:55.4740477Z Requirement already satisfied: executing>=1.2.0 in /home/runner/micromamba/envs/tardis/lib/python3.12/site-packages (from stack-data->ipython>=4.0.0->ipywidgets>=7.0.0->qgridnext) (2.0.1)
2025-01-27T16:42:55.4750539Z Requirement already satisfied: asttokens>=2.1.0 in /home/runner/micromamba/envs/tardis/lib/python3.12/site-packages (from stack-data->ipython>=4.0.0->ipywidgets>=7.0.0->qgridnext) (2.4.1)
2025-01-27T16:42:55.4758290Z Requirement already satisfied: pure-eval in /home/runner/micromamba/envs/tardis/lib/python3.12/site-packages (from stack-data->ipython>=4.0.0->ipywidgets>=7.0.0->qgridnext) (0.2.2)
2025-01-27T16:42:55.5106912Z Requirement already satisfied: anyio>=3.1.0 in /home/runner/micromamba/envs/tardis/lib/python3.12/site-packages (from jupyter-server<3,>=2.4.0->notebook>=4.4.1->widgetsnbextension~=3.6.5->ipywidgets>=7.0.0->qgridnext) (4.4.0)
2025-01-27T16:42:55.5117951Z Requirement already satisfied: argon2-cffi>=21.1 in /home/runner/micromamba/envs/tardis/lib/python3.12/site-packages (from jupyter-server<3,>=2.4.0->notebook>=4.4.1->widgetsnbextension~=3.6.5->ipywidgets>=7.0.0->qgridnext) (23.1.0)
2025-01-27T16:42:55.5127926Z Requirement already satisfied: jinja2>=3.0.3 in /home/runner/micromamba/envs/tardis/lib/python3.12/site-packages (from jupyter-server<3,>=2.4.0->notebook>=4.4.1->widgetsnbextension~=3.6.5->ipywidgets>=7.0.0->qgridnext) (3.1.4)
2025-01-27T16:42:55.5140222Z Requirement already satisfied: jupyter-client>=7.4.4 in /home/runner/micromamba/envs/tardis/lib/python3.12/site-packages (from jupyter-server<3,>=2.4.0->notebook>=4.4.1->widgetsnbextension~=3.6.5->ipywidgets>=7.0.0->qgridnext) (8.6.2)
2025-01-27T16:42:55.5152172Z Requirement already satisfied: jupyter-core!=5.0.*,>=4.12 in /home/runner/micromamba/envs/tardis/lib/python3.12/site-packages (from jupyter-server<3,>=2.4.0->notebook>=4.4.1->widgetsnbextension~=3.6.5->ipywidgets>=7.0.0->qgridnext) (5.7.2)
2025-01-27T16:42:55.5163560Z Requirement already satisfied: jupyter-events>=0.9.0 in /home/runner/micromamba/envs/tardis/lib/python3.12/site-packages (from jupyter-server<3,>=2.4.0->notebook>=4.4.1->widgetsnbextension~=3.6.5->ipywidgets>=7.0.0->qgridnext) (0.10.0)
2025-01-27T16:42:55.5174855Z Requirement already satisfied: jupyter-server-terminals>=0.4.4 in /home/runner/micromamba/envs/tardis/lib/python3.12/site-packages (from jupyter-server<3,>=2.4.0->notebook>=4.4.1->widgetsnbextension~=3.6.5->ipywidgets>=7.0.0->qgridnext) (0.5.3)
2025-01-27T16:42:55.5188403Z Requirement already satisfied: nbconvert>=6.4.4 in /home/runner/micromamba/envs/tardis/lib/python3.12/site-packages (from jupyter-server<3,>=2.4.0->notebook>=4.4.1->widgetsnbextension~=3.6.5->ipywidgets>=7.0.0->qgridnext) (7.16.4)
2025-01-27T16:42:55.5198442Z Requirement already satisfied: nbformat>=5.3.0 in /home/runner/micromamba/envs/tardis/lib/python3.12/site-packages (from jupyter-server<3,>=2.4.0->notebook>=4.4.1->widgetsnbextension~=3.6.5->ipywidgets>=7.0.0->qgridnext) (5.10.4)
2025-01-27T16:42:55.5207856Z Requirement already satisfied: overrides>=5.0 in /home/runner/micromamba/envs/tardis/lib/python3.12/site-packages (from jupyter-server<3,>=2.4.0->notebook>=4.4.1->widgetsnbextension~=3.6.5->ipywidgets>=7.0.0->qgridnext) (7.7.0)
2025-01-27T16:42:55.5217619Z Requirement already satisfied: packaging>=22.0 in /home/runner/micromamba/envs/tardis/lib/python3.12/site-packages (from jupyter-server<3,>=2.4.0->notebook>=4.4.1->widgetsnbextension~=3.6.5->ipywidgets>=7.0.0->qgridnext) (24.1)
2025-01-27T16:42:55.5226306Z Requirement already satisfied: prometheus-client>=0.9 in /home/runner/micromamba/envs/tardis/lib/python3.12/site-packages (from jupyter-server<3,>=2.4.0->notebook>=4.4.1->widgetsnbextension~=3.6.5->ipywidgets>=7.0.0->qgridnext) (0.20.0)
2025-01-27T16:42:55.5236973Z Requirement already satisfied: pyzmq>=24 in /home/runner/micromamba/envs/tardis/lib/python3.12/site-packages (from jupyter-server<3,>=2.4.0->notebook>=4.4.1->widgetsnbextension~=3.6.5->ipywidgets>=7.0.0->qgridnext) (26.0.3)
2025-01-27T16:42:55.5246131Z Requirement already satisfied: send2trash>=1.8.2 in /home/runner/micromamba/envs/tardis/lib/python3.12/site-packages (from jupyter-server<3,>=2.4.0->notebook>=4.4.1->widgetsnbextension~=3.6.5->ipywidgets>=7.0.0->qgridnext) (1.8.3)
2025-01-27T16:42:55.5257615Z Requirement already satisfied: terminado>=0.8.3 in /home/runner/micromamba/envs/tardis/lib/python3.12/site-packages (from jupyter-server<3,>=2.4.0->notebook>=4.4.1->widgetsnbextension~=3.6.5->ipywidgets>=7.0.0->qgridnext) (0.18.1)
2025-01-27T16:42:55.5275225Z Requirement already satisfied: websocket-client>=1.7 in /home/runner/micromamba/envs/tardis/lib/python3.12/site-packages (from jupyter-server<3,>=2.4.0->notebook>=4.4.1->widgetsnbextension~=3.6.5->ipywidgets>=7.0.0->qgridnext) (1.8.0)
2025-01-27T16:42:55.5563209Z Requirement already satisfied: async-lru>=1.0.0 in /home/runner/micromamba/envs/tardis/lib/python3.12/site-packages (from jupyterlab<4.3,>=4.2.0->notebook>=4.4.1->widgetsnbextension~=3.6.5->ipywidgets>=7.0.0->qgridnext) (2.0.4)
2025-01-27T16:42:55.5575638Z Requirement already satisfied: httpx>=0.25.0 in /home/runner/micromamba/envs/tardis/lib/python3.12/site-packages (from jupyterlab<4.3,>=4.2.0->notebook>=4.4.1->widgetsnbextension~=3.6.5->ipywidgets>=7.0.0->qgridnext) (0.27.0)
2025-01-27T16:42:55.5587666Z Requirement already satisfied: ipykernel>=6.5.0 in /home/runner/micromamba/envs/tardis/lib/python3.12/site-packages (from jupyterlab<4.3,>=4.2.0->notebook>=4.4.1->widgetsnbextension~=3.6.5->ipywidgets>=7.0.0->qgridnext) (6.29.4)
2025-01-27T16:42:55.5602043Z Requirement already satisfied: jupyter-lsp>=2.0.0 in /home/runner/micromamba/envs/tardis/lib/python3.12/site-packages (from jupyterlab<4.3,>=4.2.0->notebook>=4.4.1->widgetsnbextension~=3.6.5->ipywidgets>=7.0.0->qgridnext) (2.2.5)
2025-01-27T16:42:55.5627779Z Requirement already satisfied: setuptools>=40.1.0 in /home/runner/micromamba/envs/tardis/lib/python3.12/site-packages (from jupyterlab<4.3,>=4.2.0->notebook>=4.4.1->widgetsnbextension~=3.6.5->ipywidgets>=7.0.0->qgridnext) (70.0.0)
2025-01-27T16:42:55.5823551Z Requirement already satisfied: babel>=2.10 in /home/runner/micromamba/envs/tardis/lib/python3.12/site-packages (from jupyterlab-server<3,>=2.27.1->notebook>=4.4.1->widgetsnbextension~=3.6.5->ipywidgets>=7.0.0->qgridnext) (2.14.0)
2025-01-27T16:42:55.5851777Z Requirement already satisfied: json5>=0.9.0 in /home/runner/micromamba/envs/tardis/lib/python3.12/site-packages (from jupyterlab-server<3,>=2.27.1->notebook>=4.4.1->widgetsnbextension~=3.6.5->ipywidgets>=7.0.0->qgridnext) (0.9.25)
2025-01-27T16:42:55.5862975Z Requirement already satisfied: jsonschema>=4.18.0 in /home/runner/micromamba/envs/tardis/lib/python3.12/site-packages (from jupyterlab-server<3,>=2.27.1->notebook>=4.4.1->widgetsnbextension~=3.6.5->ipywidgets>=7.0.0->qgridnext) (4.22.0)
2025-01-27T16:42:55.5881734Z Requirement already satisfied: requests>=2.31 in /home/runner/micromamba/envs/tardis/lib/python3.12/site-packages (from jupyterlab-server<3,>=2.27.1->notebook>=4.4.1->widgetsnbextension~=3.6.5->ipywidgets>=7.0.0->qgridnext) (2.32.3)
2025-01-27T16:42:55.6248084Z Requirement already satisfied: idna>=2.8 in /home/runner/micromamba/envs/tardis/lib/python3.12/site-packages (from anyio>=3.1.0->jupyter-server<3,>=2.4.0->notebook>=4.4.1->widgetsnbextension~=3.6.5->ipywidgets>=7.0.0->qgridnext) (3.7)
2025-01-27T16:42:55.6257532Z Requirement already satisfied: sniffio>=1.1 in /home/runner/micromamba/envs/tardis/lib/python3.12/site-packages (from anyio>=3.1.0->jupyter-server<3,>=2.4.0->notebook>=4.4.1->widgetsnbextension~=3.6.5->ipywidgets>=7.0.0->qgridnext) (1.3.1)
2025-01-27T16:42:55.6355090Z Requirement already satisfied: argon2-cffi-bindings in /home/runner/micromamba/envs/tardis/lib/python3.12/site-packages (from argon2-cffi>=21.1->jupyter-server<3,>=2.4.0->notebook>=4.4.1->widgetsnbextension~=3.6.5->ipywidgets>=7.0.0->qgridnext) (21.2.0)
2025-01-27T16:42:55.6540068Z Requirement already satisfied: certifi in /home/runner/micromamba/envs/tardis/lib/python3.12/site-packages (from httpx>=0.25.0->jupyterlab<4.3,>=4.2.0->notebook>=4.4.1->widgetsnbextension~=3.6.5->ipywidgets>=7.0.0->qgridnext) (2024.6.2)
2025-01-27T16:42:55.6555551Z Requirement already satisfied: httpcore==1.* in /home/runner/micromamba/envs/tardis/lib/python3.12/site-packages (from httpx>=0.25.0->jupyterlab<4.3,>=4.2.0->notebook>=4.4.1->widgetsnbextension~=3.6.5->ipywidgets>=7.0.0->qgridnext) (1.0.5)
2025-01-27T16:42:55.6641725Z Requirement already satisfied: h11<0.15,>=0.13 in /home/runner/micromamba/envs/tardis/lib/python3.12/site-packages (from httpcore==1.*->httpx>=0.25.0->jupyterlab<4.3,>=4.2.0->notebook>=4.4.1->widgetsnbextension~=3.6.5->ipywidgets>=7.0.0->qgridnext) (0.14.0)
2025-01-27T16:42:55.6836675Z Requirement already satisfied: debugpy>=1.6.5 in /home/runner/micromamba/envs/tardis/lib/python3.12/site-packages (from ipykernel>=6.5.0->jupyterlab<4.3,>=4.2.0->notebook>=4.4.1->widgetsnbextension~=3.6.5->ipywidgets>=7.0.0->qgridnext) (1.8.1)
2025-01-27T16:42:55.6859405Z Requirement already satisfied: nest-asyncio in /home/runner/micromamba/envs/tardis/lib/python3.12/site-packages (from ipykernel>=6.5.0->jupyterlab<4.3,>=4.2.0->notebook>=4.4.1->widgetsnbextension~=3.6.5->ipywidgets>=7.0.0->qgridnext) (1.6.0)
2025-01-27T16:42:55.6875331Z Requirement already satisfied: psutil in /home/runner/micromamba/envs/tardis/lib/python3.12/site-packages (from ipykernel>=6.5.0->jupyterlab<4.3,>=4.2.0->notebook>=4.4.1->widgetsnbextension~=3.6.5->ipywidgets>=7.0.0->qgridnext) (5.9.8)
2025-01-27T16:42:55.6944882Z Requirement already satisfied: MarkupSafe>=2.0 in /home/runner/micromamba/envs/tardis/lib/python3.12/site-packages (from jinja2>=3.0.3->jupyter-server<3,>=2.4.0->notebook>=4.4.1->widgetsnbextension~=3.6.5->ipywidgets>=7.0.0->qgridnext) (2.1.5)
2025-01-27T16:42:55.7152657Z Requirement already satisfied: attrs>=22.2.0 in /home/runner/micromamba/envs/tardis/lib/python3.12/site-packages (from jsonschema>=4.18.0->jupyterlab-server<3,>=2.27.1->notebook>=4.4.1->widgetsnbextension~=3.6.5->ipywidgets>=7.0.0->qgridnext) (23.2.0)
2025-01-27T16:42:55.7164845Z Requirement already satisfied: jsonschema-specifications>=2023.03.6 in /home/runner/micromamba/envs/tardis/lib/python3.12/site-packages (from jsonschema>=4.18.0->jupyterlab-server<3,>=2.27.1->notebook>=4.4.1->widgetsnbextension~=3.6.5->ipywidgets>=7.0.0->qgridnext) (2023.12.1)
2025-01-27T16:42:55.7174834Z Requirement already satisfied: referencing>=0.28.4 in /home/runner/micromamba/envs/tardis/lib/python3.12/site-packages (from jsonschema>=4.18.0->jupyterlab-server<3,>=2.27.1->notebook>=4.4.1->widgetsnbextension~=3.6.5->ipywidgets>=7.0.0->qgridnext) (0.35.1)
2025-01-27T16:42:55.7185625Z Requirement already satisfied: rpds-py>=0.7.1 in /home/runner/micromamba/envs/tardis/lib/python3.12/site-packages (from jsonschema>=4.18.0->jupyterlab-server<3,>=2.27.1->notebook>=4.4.1->widgetsnbextension~=3.6.5->ipywidgets>=7.0.0->qgridnext) (0.18.1)
2025-01-27T16:42:55.7466265Z Requirement already satisfied: platformdirs>=2.5 in /home/runner/micromamba/envs/tardis/lib/python3.12/site-packages (from jupyter-core!=5.0.*,>=4.12->jupyter-server<3,>=2.4.0->notebook>=4.4.1->widgetsnbextension~=3.6.5->ipywidgets>=7.0.0->qgridnext) (4.2.2)
2025-01-27T16:42:55.7624396Z Requirement already satisfied: python-json-logger>=2.0.4 in /home/runner/micromamba/envs/tardis/lib/python3.12/site-packages (from jupyter-events>=0.9.0->jupyter-server<3,>=2.4.0->notebook>=4.4.1->widgetsnbextension~=3.6.5->ipywidgets>=7.0.0->qgridnext) (2.0.7)
2025-01-27T16:42:55.7634087Z Requirement already satisfied: pyyaml>=5.3 in /home/runner/micromamba/envs/tardis/lib/python3.12/site-packages (from jupyter-events>=0.9.0->jupyter-server<3,>=2.4.0->notebook>=4.4.1->widgetsnbextension~=3.6.5->ipywidgets>=7.0.0->qgridnext) (6.0.1)
2025-01-27T16:42:55.7645108Z Requirement already satisfied: rfc3339-validator in /home/runner/micromamba/envs/tardis/lib/python3.12/site-packages (from jupyter-events>=0.9.0->jupyter-server<3,>=2.4.0->notebook>=4.4.1->widgetsnbextension~=3.6.5->ipywidgets>=7.0.0->qgridnext) (0.1.4)
2025-01-27T16:42:55.7653580Z Requirement already satisfied: rfc3986-validator>=0.1.1 in /home/runner/micromamba/envs/tardis/lib/python3.12/site-packages (from jupyter-events>=0.9.0->jupyter-server<3,>=2.4.0->notebook>=4.4.1->widgetsnbextension~=3.6.5->ipywidgets>=7.0.0->qgridnext) (0.1.1)
2025-01-27T16:42:55.8095917Z Requirement already satisfied: beautifulsoup4 in /home/runner/micromamba/envs/tardis/lib/python3.12/site-packages (from nbconvert>=6.4.4->jupyter-server<3,>=2.4.0->notebook>=4.4.1->widgetsnbextension~=3.6.5->ipywidgets>=7.0.0->qgridnext) (4.12.3)
2025-01-27T16:42:55.8116053Z Requirement already satisfied: bleach!=5.0.0 in /home/runner/micromamba/envs/tardis/lib/python3.12/site-packages (from nbconvert>=6.4.4->jupyter-server<3,>=2.4.0->notebook>=4.4.1->widgetsnbextension~=3.6.5->ipywidgets>=7.0.0->qgridnext) (6.1.0)
2025-01-27T16:42:55.8130820Z Requirement already satisfied: defusedxml in /home/runner/micromamba/envs/tardis/lib/python3.12/site-packages (from nbconvert>=6.4.4->jupyter-server<3,>=2.4.0->notebook>=4.4.1->widgetsnbextension~=3.6.5->ipywidgets>=7.0.0->qgridnext) (0.7.1)
2025-01-27T16:42:55.8145776Z Requirement already satisfied: jupyterlab-pygments in /home/runner/micromamba/envs/tardis/lib/python3.12/site-packages (from nbconvert>=6.4.4->jupyter-server<3,>=2.4.0->notebook>=4.4.1->widgetsnbextension~=3.6.5->ipywidgets>=7.0.0->qgridnext) (0.3.0)
2025-01-27T16:42:55.8158785Z Requirement already satisfied: mistune<4,>=2.0.3 in /home/runner/micromamba/envs/tardis/lib/python3.12/site-packages (from nbconvert>=6.4.4->jupyter-server<3,>=2.4.0->notebook>=4.4.1->widgetsnbextension~=3.6.5->ipywidgets>=7.0.0->qgridnext) (3.0.2)
2025-01-27T16:42:55.8171158Z Requirement already satisfied: nbclient>=0.5.0 in /home/runner/micromamba/envs/tardis/lib/python3.12/site-packages (from nbconvert>=6.4.4->jupyter-server<3,>=2.4.0->notebook>=4.4.1->widgetsnbextension~=3.6.5->ipywidgets>=7.0.0->qgridnext) (0.10.0)
2025-01-27T16:42:55.8187916Z Requirement already satisfied: pandocfilters>=1.4.1 in /home/runner/micromamba/envs/tardis/lib/python3.12/site-packages (from nbconvert>=6.4.4->jupyter-server<3,>=2.4.0->notebook>=4.4.1->widgetsnbextension~=3.6.5->ipywidgets>=7.0.0->qgridnext) (1.5.0)
2025-01-27T16:42:55.8198564Z Requirement already satisfied: tinycss2 in /home/runner/micromamba/envs/tardis/lib/python3.12/site-packages (from nbconvert>=6.4.4->jupyter-server<3,>=2.4.0->notebook>=4.4.1->widgetsnbextension~=3.6.5->ipywidgets>=7.0.0->qgridnext) (1.3.0)
2025-01-27T16:42:55.8327711Z Requirement already satisfied: fastjsonschema>=2.15 in /home/runner/micromamba/envs/tardis/lib/python3.12/site-packages (from nbformat>=5.3.0->jupyter-server<3,>=2.4.0->notebook>=4.4.1->widgetsnbextension~=3.6.5->ipywidgets>=7.0.0->qgridnext) (2.20.0)
2025-01-27T16:42:55.8656792Z Requirement already satisfied: charset-normalizer<4,>=2 in /home/runner/micromamba/envs/tardis/lib/python3.12/site-packages (from requests>=2.31->jupyterlab-server<3,>=2.27.1->notebook>=4.4.1->widgetsnbextension~=3.6.5->ipywidgets>=7.0.0->qgridnext) (3.3.2)
2025-01-27T16:42:55.8670771Z Requirement already satisfied: urllib3<3,>=1.21.1 in /home/runner/micromamba/envs/tardis/lib/python3.12/site-packages (from requests>=2.31->jupyterlab-server<3,>=2.27.1->notebook>=4.4.1->widgetsnbextension~=3.6.5->ipywidgets>=7.0.0->qgridnext) (2.2.2)
2025-01-27T16:42:55.9478214Z Requirement already satisfied: webencodings in /home/runner/micromamba/envs/tardis/lib/python3.12/site-packages (from bleach!=5.0.0->nbconvert>=6.4.4->jupyter-server<3,>=2.4.0->notebook>=4.4.1->widgetsnbextension~=3.6.5->ipywidgets>=7.0.0->qgridnext) (0.5.1)
2025-01-27T16:42:56.0076657Z Requirement already satisfied: fqdn in /home/runner/micromamba/envs/tardis/lib/python3.12/site-packages (from jsonschema[format-nongpl]>=4.18.0->jupyter-events>=0.9.0->jupyter-server<3,>=2.4.0->notebook>=4.4.1->widgetsnbextension~=3.6.5->ipywidgets>=7.0.0->qgridnext) (1.5.1)
2025-01-27T16:42:56.0094907Z Requirement already satisfied: isoduration in /home/runner/micromamba/envs/tardis/lib/python3.12/site-packages (from jsonschema[format-nongpl]>=4.18.0->jupyter-events>=0.9.0->jupyter-server<3,>=2.4.0->notebook>=4.4.1->widgetsnbextension~=3.6.5->ipywidgets>=7.0.0->qgridnext) (20.11.0)
2025-01-27T16:42:56.0109434Z Requirement already satisfied: jsonpointer>1.13 in /home/runner/micromamba/envs/tardis/lib/python3.12/site-packages (from jsonschema[format-nongpl]>=4.18.0->jupyter-events>=0.9.0->jupyter-server<3,>=2.4.0->notebook>=4.4.1->widgetsnbextension~=3.6.5->ipywidgets>=7.0.0->qgridnext) (3.0.0)
2025-01-27T16:42:56.0126264Z Requirement already satisfied: uri-template in /home/runner/micromamba/envs/tardis/lib/python3.12/site-packages (from jsonschema[format-nongpl]>=4.18.0->jupyter-events>=0.9.0->jupyter-server<3,>=2.4.0->notebook>=4.4.1->widgetsnbextension~=3.6.5->ipywidgets>=7.0.0->qgridnext) (1.3.0)
2025-01-27T16:42:56.0140704Z Requirement already satisfied: webcolors>=1.11 in /home/runner/micromamba/envs/tardis/lib/python3.12/site-packages (from jsonschema[format-nongpl]>=4.18.0->jupyter-events>=0.9.0->jupyter-server<3,>=2.4.0->notebook>=4.4.1->widgetsnbextension~=3.6.5->ipywidgets>=7.0.0->qgridnext) (24.6.0)
2025-01-27T16:42:56.1181191Z Requirement already satisfied: cffi>=1.0.1 in /home/runner/micromamba/envs/tardis/lib/python3.12/site-packages (from argon2-cffi-bindings->argon2-cffi>=21.1->jupyter-server<3,>=2.4.0->notebook>=4.4.1->widgetsnbextension~=3.6.5->ipywidgets>=7.0.0->qgridnext) (1.16.0)
2025-01-27T16:42:56.1283540Z Requirement already satisfied: soupsieve>1.2 in /home/runner/micromamba/envs/tardis/lib/python3.12/site-packages (from beautifulsoup4->nbconvert>=6.4.4->jupyter-server<3,>=2.4.0->notebook>=4.4.1->widgetsnbextension~=3.6.5->ipywidgets>=7.0.0->qgridnext) (2.5)
2025-01-27T16:42:56.1854284Z Requirement already satisfied: pycparser in /home/runner/micromamba/envs/tardis/lib/python3.12/site-packages (from cffi>=1.0.1->argon2-cffi-bindings->argon2-cffi>=21.1->jupyter-server<3,>=2.4.0->notebook>=4.4.1->widgetsnbextension~=3.6.5->ipywidgets>=7.0.0->qgridnext) (2.22)
2025-01-27T16:42:56.2411467Z Requirement already satisfied: arrow>=0.15.0 in /home/runner/micromamba/envs/tardis/lib/python3.12/site-packages (from isoduration->jsonschema[format-nongpl]>=4.18.0->jupyter-events>=0.9.0->jupyter-server<3,>=2.4.0->notebook>=4.4.1->widgetsnbextension~=3.6.5->ipywidgets>=7.0.0->qgridnext) (1.3.0)
2025-01-27T16:42:56.2735500Z Requirement already satisfied: types-python-dateutil>=2.8.10 in /home/runner/micromamba/envs/tardis/lib/python3.12/site-packages (from arrow>=0.15.0->isoduration->jsonschema[format-nongpl]>=4.18.0->jupyter-events>=0.9.0->jupyter-server<3,>=2.4.0->notebook>=4.4.1->widgetsnbextension~=3.6.5->ipywidgets>=7.0.0->qgridnext) (2.9.0.20240316)
2025-01-27T16:42:56.2994286Z Downloading qgridnext-2.0.4-py3-none-any.whl (1.3 MB)
2025-01-27T16:42:56.3189210Z    ━━━━━━━━━━━━━━━━━━━━━━━━━━━━━━━━━━━━━━━━ 1.3/1.3 MB 75.2 MB/s eta 0:00:00
2025-01-27T16:42:57.1369086Z Installing collected packages: qgridnext
2025-01-27T16:42:57.2070528Z Successfully installed qgridnext-2.0.4
2025-01-27T16:42:57.8677299Z ##[group]Run pytest tardis --tardis-regression-data=/home/runner/work/tardis/tardis/tardis-regression-data --cov=tardis --cov-report=xml --cov-report=html --cov-append -m "not continuum"
2025-01-27T16:42:57.8678823Z [36;1mpytest tardis --tardis-regression-data=/home/runner/work/tardis/tardis/tardis-regression-data --cov=tardis --cov-report=xml --cov-report=html --cov-append -m "not continuum"[0m
2025-01-27T16:42:57.8707441Z shell: /usr/bin/bash -l {0}
2025-01-27T16:42:57.8707705Z env:
2025-01-27T16:42:57.8707898Z   CACHE_NUMBER: 0
2025-01-27T16:42:57.8708603Z   PYTEST_FLAGS: --tardis-regression-data=/home/runner/work/tardis/tardis/tardis-regression-data --cov=tardis --cov-report=xml --cov-report=html --cov-append
2025-01-27T16:42:57.8709984Z   CODECOV_TOKEN: ***
2025-01-27T16:42:57.8710250Z   MAMBA_ROOT_PREFIX: /home/runner/micromamba
2025-01-27T16:42:57.8710600Z   MAMBA_EXE: /home/runner/micromamba-bin/micromamba
2025-01-27T16:42:57.8711036Z   CONDARC: /home/runner/work/_temp/setup-micromamba/.condarc
2025-01-27T16:42:57.8711390Z ##[endgroup]
2025-01-27T16:43:12.4046382Z ============================= test session starts ==============================
2025-01-27T16:43:12.4047147Z platform linux -- Python 3.12.4, pytest-8.2.2, pluggy-1.5.0
2025-01-27T16:43:12.4047761Z rootdir: /home/runner/work/tardis/tardis
2025-01-27T16:43:12.4048271Z configfile: pyproject.toml
2025-01-27T16:43:12.4049264Z plugins: anyio-4.4.0, doctestplus-1.2.1, html-4.1.1, metadata-3.1.1, cov-5.0.0
2025-01-27T16:43:12.4050057Z collected 1796 items / 2 deselected / 1794 selected
2025-01-27T16:43:12.4050431Z 
2025-01-27T16:43:17.7061986Z tardis/energy_input/tests/test_energy_source.py ..xxx                    [  0%]
2025-01-27T16:43:21.7478619Z tardis/energy_input/tests/test_gamma_ray_channel.py ...........          [  0%]
2025-01-27T16:43:23.5665040Z tardis/energy_input/tests/test_gamma_ray_grid.py xx.                     [  1%]
2025-01-27T16:43:25.3840950Z tardis/energy_input/tests/test_gamma_ray_interactions.py xx....          [  1%]
2025-01-27T16:43:25.3955632Z tardis/energy_input/tests/test_gamma_ray_packet_source.py sssssssss      [  1%]
2025-01-27T16:43:26.7275568Z tardis/energy_input/tests/test_util.py .....xxxx.....                    [  2%]
2025-01-27T16:43:27.0842250Z tardis/grid/tests/test_grid.py .                                         [  2%]
2025-01-27T16:43:27.0859481Z tardis/gui/tests/test_gui.py s                                           [  2%]
2025-01-27T16:43:30.5673514Z tardis/io/configuration/tests/test_config_reader.py ...........          [  3%]
2025-01-27T16:43:30.5809721Z tardis/io/configuration/tests/test_configuration_namespace.py .........  [  3%]
2025-01-27T16:43:30.6080042Z tardis/io/logger/tests/test_logging.py ssssssssssssssssssssssssssss      [  5%]
2025-01-27T16:44:10.5234822Z tardis/io/model/readers/tests/test_arepo_parser.py ..                    [  5%]
2025-01-27T16:44:10.5377031Z tardis/io/model/readers/tests/test_ascii_readers.py ...                  [  5%]
2025-01-27T16:44:10.5487011Z tardis/io/model/readers/tests/test_cmfgen_reader.py ..                   [  5%]
2025-01-27T16:44:10.5795223Z tardis/io/model/readers/tests/test_csvy_reader.py ....                   [  6%]
2025-01-27T16:44:10.6018510Z tardis/io/model/readers/tests/test_stella_reader.py ..                   [  6%]
2025-01-27T16:44:10.9229503Z tardis/io/tests/test_HDFWriter.py ...............                        [  7%]
2025-01-27T16:44:11.2464074Z tardis/io/tests/test_atomic.py .....                                     [  7%]
2025-01-27T16:44:11.2829300Z tardis/io/tests/test_decay.py ..                                         [  7%]
2025-01-27T16:44:11.4847705Z tardis/io/tests/test_model_reader.py ......                              [  7%]
2025-01-27T16:44:11.4917304Z tardis/model/geometry/tests/test_radial1d.py ..                          [  7%]
2025-01-27T16:45:12.8936882Z tardis/model/tests/test_base.py ........................................ [ 10%]
2025-01-27T16:45:13.9317495Z ............                                                             [ 10%]
2025-01-27T16:45:17.0622343Z tardis/model/tests/test_csvy_model.py .........                          [ 11%]
2025-01-27T16:45:17.1139968Z tardis/model/tests/test_density.py ..                                    [ 11%]
2025-01-27T16:45:18.4914974Z tardis/opacities/tests/test_opacity_solver.py .....                      [ 11%]
2025-01-27T16:45:19.8784484Z tardis/opacities/tests/test_opacity_state_numba.py .....                 [ 11%]
2025-01-27T16:45:21.5614520Z tardis/opacities/tests/test_tau_sobolev.py ..                            [ 12%]
2025-01-27T16:45:24.8257703Z tardis/plasma/equilibrium/tests/test_collisional_transitions.py ...      [ 12%]
2025-01-27T16:46:11.8904514Z tardis/plasma/equilibrium/tests/test_level_populations.py ....           [ 12%]
2025-01-27T16:46:24.1302638Z tardis/plasma/equilibrium/tests/test_rate_matrix.py .                    [ 12%]
2025-01-27T16:46:25.6679261Z tardis/plasma/tests/test_complete_plasmas.py .....................s..... [ 13%]
2025-01-27T16:46:28.7788598Z s....ssssss............s............ss.....s....ssssss............s..... [ 18%]
2025-01-27T16:46:30.6033542Z .......ss.....s....ssssss............s............ss.....s....ssssss.... [ 22%]
2025-01-27T16:46:33.6419264Z ........s............ss.....s........ss............s............ss.....s [ 26%]
2025-01-27T16:46:36.6434065Z ........ss............s............ss.....s....ssssss............s...... [ 30%]
2025-01-27T16:46:37.3965327Z ......ss.....s....ssssss............s............ss.....s.ss.ssssss..... [ 34%]
2025-01-27T16:46:40.4325634Z .......s............ss.....s....ssssss............s............ss.....s. [ 38%]
2025-01-27T16:46:43.3733715Z ...ssssss............s............ss.....s....ssssss............s....... [ 42%]
2025-01-27T16:46:46.5444804Z .....ss.....s....ssssss............s............s...........ssssss...... [ 46%]
2025-01-27T16:46:48.4161956Z ......s............s...........ssssss............s............s......... [ 50%]
2025-01-27T16:46:51.3830674Z ..ssssss............s............ss.....s....ssssss............s........ [ 54%]
2025-01-27T16:46:54.5632978Z ....ss.....s....ssssss..........................s.....s....ssss......... [ 58%]
2025-01-27T16:46:54.8857473Z ...................s.....s....ssss.......                                [ 60%]
2025-01-27T16:46:54.9986483Z tardis/plasma/tests/test_hdf_plasma.py ................................. [ 62%]
2025-01-27T16:46:55.0098504Z ......                                                                   [ 62%]
2025-01-27T16:46:55.1477133Z tardis/plasma/tests/test_nlte_excitation.py ...                          [ 62%]
2025-01-27T16:49:12.2409811Z tardis/plasma/tests/test_nlte_solver.py .....X                           [ 63%]
2025-01-27T16:49:12.2436347Z tardis/plasma/tests/test_plasma_continuum.py .                           [ 63%]
2025-01-27T16:49:35.3665161Z tardis/plasma/tests/test_plasma_vboundary.py .............               [ 63%]
2025-01-27T16:49:49.3808579Z tardis/plasma/tests/test_tardis_model_density_config.py ...              [ 64%]
2025-01-27T16:49:50.1348002Z tardis/simulation/tests/test_convergence.py .....                        [ 64%]
2025-01-27T16:49:58.7795155Z tardis/simulation/tests/test_simulation.py .............                 [ 65%]
2025-01-27T16:49:58.8020343Z tardis/spectrum/tests/test_cuda_formal_integral.py sssssssssssssssssssss [ 66%]
2025-01-27T16:49:59.2811689Z ssss...ssssssssssssssssssssss                                            [ 67%]
2025-01-27T16:49:59.2883887Z tardis/spectrum/tests/test_luminosity.py ....                            [ 68%]
2025-01-27T16:50:00.9077490Z tardis/spectrum/tests/test_numba_formal_integral.py .................... [ 69%]
2025-01-27T16:50:00.9266985Z ..........                                                               [ 69%]
2025-01-27T16:50:01.0967056Z tardis/spectrum/tests/test_spectrum.py ................................. [ 71%]
2025-01-27T16:50:01.1293261Z .........                                                                [ 72%]
2025-01-27T16:50:20.4207999Z tardis/spectrum/tests/test_spectrum_solver.py ....                       [ 72%]
2025-01-27T16:51:22.3965050Z tardis/tests/test_tardis_full.py ....                                    [ 72%]
2025-01-27T16:52:46.9033444Z tardis/tests/test_tardis_full_formal_integral.py ................        [ 73%]
2025-01-27T16:52:46.9782722Z tardis/tests/test_util.py .............................................  [ 75%]
2025-01-27T16:52:49.6952934Z tardis/transport/montecarlo/tests/test_base.py x.....................    [ 77%]
2025-01-27T16:52:57.5206239Z tardis/transport/montecarlo/tests/test_interaction.py .......            [ 77%]
2025-01-27T16:52:57.7523250Z tardis/transport/montecarlo/tests/test_macro_atom.py ....                [ 77%]
2025-01-27T16:52:57.7696932Z tardis/transport/montecarlo/tests/test_montecarlo.py sssssssssssssssssss [ 78%]
2025-01-27T16:52:57.8107254Z sssssssssssssssssssssssssssssssssssssssssssss                            [ 81%]
2025-01-27T16:53:06.7735254Z tardis/transport/montecarlo/tests/test_montecarlo_main_loop.py x..       [ 81%]
2025-01-27T16:53:06.7802109Z tardis/transport/montecarlo/tests/test_nonhomologous.py ...              [ 81%]
2025-01-27T16:53:12.5788464Z tardis/transport/montecarlo/tests/test_numba_interface.py .....x.        [ 82%]
2025-01-27T16:53:13.0638127Z tardis/transport/montecarlo/tests/test_opacities.py ...............      [ 82%]
2025-01-27T16:53:14.0966526Z tardis/transport/montecarlo/tests/test_packet.py .................xXXXXX [ 84%]
2025-01-27T16:53:14.2339540Z XX.........                                                              [ 84%]
2025-01-27T16:53:14.2620261Z tardis/transport/montecarlo/tests/test_packet_source.py ........         [ 85%]
2025-01-27T16:53:15.0790994Z tardis/transport/montecarlo/tests/test_rpacket_last_interaction_tracker.py . [ 85%]
2025-01-27T16:53:15.4987701Z .....                                                                    [ 85%]
2025-01-27T16:53:50.9356392Z tardis/transport/montecarlo/tests/test_rpacket_tracker.py ......         [ 85%]
2025-01-27T16:53:50.9648417Z tardis/transport/montecarlo/tests/test_single_packet_loop.py xxx         [ 86%]
2025-01-27T16:53:50.9680444Z tardis/transport/montecarlo/tests/test_tracker_utils.py ..               [ 86%]
2025-01-27T16:53:53.4392078Z tardis/transport/montecarlo/tests/test_vpacket.py ..x.                   [ 86%]
2025-01-27T16:53:53.4565025Z tardis/transport/montecarlo/tests/test_weighted_packet_source.py ....    [ 86%]
2025-01-27T16:53:56.8979257Z tardis/transport/montecarlo/tests/test_weighted_packet_source_integration.py . [ 86%]
2025-01-27T16:53:56.8980874Z                                                                          [ 86%]
2025-01-27T16:53:57.6454144Z tardis/transport/tests/test_doppler_factor.py ..................         [ 87%]
2025-01-27T16:53:59.0071421Z tardis/visualization/tools/tests/test_convergence_plot.py .............. [ 88%]
2025-01-27T16:54:01.2536893Z ......                                                                   [ 88%]
2025-01-27T16:54:06.0944932Z tardis/visualization/tools/tests/test_liv_plot.py ...................... [ 90%]
2025-01-27T16:54:09.2503643Z .............................                                            [ 91%]
2025-01-27T16:54:12.0951038Z tardis/visualization/tools/tests/test_rpacket_plot.py .................. [ 92%]
2025-01-27T16:54:19.1354868Z ....                                                                     [ 92%]
2025-01-27T16:54:25.2590850Z tardis/visualization/tools/tests/test_sdec_plot.py ..................... [ 94%]
2025-01-27T16:54:33.0208172Z ..............................                                           [ 95%]
2025-01-27T16:54:33.4807897Z tardis/visualization/widgets/tests/test_custom_abundance.py ........ss.. [ 96%]
2025-01-27T16:54:33.5532668Z ....                                                                     [ 96%]
2025-01-27T16:54:34.6115530Z tardis/visualization/widgets/tests/test_line_info.py ................... [ 97%]
2025-01-27T16:54:35.2501939Z ..................                                                       [ 98%]
2025-01-27T16:55:38.8989323Z tardis/visualization/widgets/tests/test_shell_info.py .................. [ 99%]
2025-01-27T16:55:45.4668599Z ......                                                                   [100%]
2025-01-27T16:55:45.4669361Z 
2025-01-27T16:55:45.4669623Z =============================== warnings summary ===============================
2025-01-27T16:55:45.4670293Z tardis/io/configuration/config_validator.py:6
2025-01-27T16:55:45.4670943Z tardis/io/configuration/config_validator.py:6
2025-01-27T16:55:45.4672066Z   /home/runner/work/tardis/tardis/tardis/io/configuration/config_validator.py:6: DeprecationWarning:
2025-01-27T16:55:45.4673539Z   
2025-01-27T16:55:45.4675378Z   jsonschema.RefResolver is deprecated as of v4.18.0, in favor of the https://github.com/python-jsonschema/referencing library, which provides more compliant referencing behavior as well as more flexible APIs for customization. A future release will remove RefResolver. Please file a feature request (on referencing) if you are missing an API for the kind of customization you need.
2025-01-27T16:55:45.4677050Z 
2025-01-27T16:55:45.4677379Z ../../../micromamba/envs/tardis/lib/python3.12/site-packages/jupyter_client/connect.py:22
2025-01-27T16:55:45.4678302Z   /home/runner/micromamba/envs/tardis/lib/python3.12/site-packages/jupyter_client/connect.py:22: DeprecationWarning:
2025-01-27T16:55:45.4679639Z   
2025-01-27T16:55:45.4679923Z   Jupyter is migrating its paths to use standard platformdirs
2025-01-27T16:55:45.4680371Z   given by the platformdirs library.  To remove this warning and
2025-01-27T16:55:45.4680833Z   see the appropriate new directories, set the environment variable
2025-01-27T16:55:45.4681280Z   `JUPYTER_PLATFORM_DIRS=1` and then run `jupyter --paths`.
2025-01-27T16:55:45.4681720Z   The use of platformdirs will be the default in `jupyter_core` v6
2025-01-27T16:55:45.4681990Z 
2025-01-27T16:55:45.4686304Z tardis/io/tests/test_HDFWriter.py::test_multi_index_write
2025-01-27T16:55:45.4686917Z tardis/visualization/widgets/tests/test_shell_info.py::TestHDFShellInfo::test_shells_data
2025-01-27T16:55:45.4687556Z   /home/runner/work/tardis/tardis/tardis/io/util.py:276: PerformanceWarning:
2025-01-27T16:55:45.4687975Z   
2025-01-27T16:55:45.4688155Z   
2025-01-27T16:55:45.4688491Z   your performance may suffer as PyTables will pickle object types that it cannot
2025-01-27T16:55:45.4689360Z   map directly to c-types [inferred_type->mixed,key->block0_values] [items->Index([0], dtype='int64')]
2025-01-27T16:55:45.4689764Z 
2025-01-27T16:55:45.4689991Z tardis/io/tests/test_model_reader.py::test_read_cmfgen_isotope_abundances
2025-01-27T16:55:45.4690498Z tardis/plasma/tests/test_tardis_model_density_config.py::test_electron_densities
2025-01-27T16:55:45.4691047Z tardis/plasma/tests/test_tardis_model_density_config.py::test_isotope_number_densities
2025-01-27T16:55:45.4691556Z tardis/plasma/tests/test_tardis_model_density_config.py::test_t_rad
2025-01-27T16:55:45.4692141Z   /home/runner/work/tardis/tardis/tardis/io/model/readers/cmfgen_deprecated.py:82: DeprecationWarning:
2025-01-27T16:55:45.4692644Z   
2025-01-27T16:55:45.4692847Z   The current CMFGEN model parser is deprecated
2025-01-27T16:55:45.4693044Z 
2025-01-27T16:55:45.4693153Z tardis/io/tests/test_model_reader.py: 1 warning
2025-01-27T16:55:45.4693514Z tardis/plasma/tests/test_tardis_model_density_config.py: 9 warnings
2025-01-27T16:55:45.4694087Z   /home/runner/work/tardis/tardis/tardis/io/model/readers/cmfgen_deprecated.py:40: DeprecationWarning:
2025-01-27T16:55:45.4694546Z   
2025-01-27T16:55:45.4694736Z   The current CMFGEN model parser is deprecated
2025-01-27T16:55:45.4694927Z 
2025-01-27T16:55:45.4695141Z tardis/model/tests/test_base.py::TestModelFromPaper1Config::test_abundances
2025-01-27T16:55:45.4695803Z   /home/runner/work/tardis/tardis/tardis/transport/montecarlo/montecarlo_main_loop.py:123: NumbaTypeSafetyWarning:
2025-01-27T16:55:45.4696320Z   
2025-01-27T16:55:45.4697048Z   [1m[1m[1munsafe cast from uint64 to int64. Precision may be lost.[0m[0m[0m
2025-01-27T16:55:45.4697339Z 
2025-01-27T16:55:45.4697444Z tardis/model/tests/test_base.py: 6 warnings
2025-01-27T16:55:45.4697754Z tardis/model/tests/test_csvy_model.py: 2 warnings
2025-01-27T16:55:45.4698142Z tardis/plasma/tests/test_tardis_model_density_config.py: 3 warnings
2025-01-27T16:55:45.4698683Z   /home/runner/work/tardis/tardis/tardis/model/geometry/radial1d.py:50: DeprecationWarning:
2025-01-27T16:55:45.4699396Z   
2025-01-27T16:55:45.4699597Z   v_inner_boundary < 0, assuming default value
2025-01-27T16:55:45.4699790Z 
2025-01-27T16:55:45.4699891Z tardis/model/tests/test_base.py: 6 warnings
2025-01-27T16:55:45.4700330Z tardis/model/tests/test_csvy_model.py: 2 warnings
2025-01-27T16:55:45.4700704Z tardis/plasma/tests/test_tardis_model_density_config.py: 3 warnings
2025-01-27T16:55:45.4701228Z   /home/runner/work/tardis/tardis/tardis/model/geometry/radial1d.py:61: DeprecationWarning:
2025-01-27T16:55:45.4701653Z   
2025-01-27T16:55:45.4701847Z   v_outer_boundary < 0, assuming default value
2025-01-27T16:55:45.4702029Z 
2025-01-27T16:55:45.4702498Z tardis/plasma/equilibrium/tests/test_level_populations.py::TestLevelPopulationSolver::test_solve[collisional_rate_solver0-radiative_transitions0]
2025-01-27T16:55:45.4703328Z   /home/runner/work/tardis/tardis/tardis/plasma/equilibrium/level_populations.py:65: FutureWarning:
2025-01-27T16:55:45.4703783Z   
2025-01-27T16:55:45.4704145Z   A value is trying to be set on a copy of a DataFrame or Series through chained assignment using an inplace method.
2025-01-27T16:55:45.4704946Z   The behavior will change in pandas 3.0. This inplace method will never work because the intermediate object on which we are setting values always behaves as a copy.
2025-01-27T16:55:45.4705544Z   
2025-01-27T16:55:45.4706155Z   For example, when doing 'df[col].method(value, inplace=True)', try using 'df.method({col: value}, inplace=True)' or df[col] = df[col].method(value) instead, to perform the operation inplace on the original object.
2025-01-27T16:55:45.4706758Z 
2025-01-27T16:55:45.4706912Z tardis/plasma/tests/test_complete_plasmas.py: 20 warnings
2025-01-27T16:55:45.4707422Z   /home/runner/work/tardis/tardis/tardis/plasma/tests/test_complete_plasmas.py:197: UserWarning:
2025-01-27T16:55:45.4707863Z   
2025-01-27T16:55:45.4708033Z   Property "atomic_mass" not found
2025-01-27T16:55:45.4708201Z 
2025-01-27T16:55:45.4708634Z tardis/plasma/tests/test_complete_plasmas.py::TestPlasma::test_plasma_properties[radiative_rates_type:detailed-w_epsilon:1e-10-j_blues_norm_factor]
2025-01-27T16:55:45.4709727Z tardis/plasma/tests/test_complete_plasmas.py::TestPlasma::test_plasma_properties[radiative_rates_type:detailed-j_blues_norm_factor]
2025-01-27T16:55:45.4710475Z   /home/runner/work/tardis/tardis/tardis/plasma/tests/test_complete_plasmas.py:197: UserWarning:
2025-01-27T16:55:45.4710909Z   
2025-01-27T16:55:45.4711090Z   Property "j_blues_norm_factor" not found
2025-01-27T16:55:45.4711270Z 
2025-01-27T16:55:45.4711700Z tardis/plasma/tests/test_complete_plasmas.py::TestPlasma::test_plasma_properties[radiative_rates_type:detailed-w_epsilon:1e-10-j_blue_estimator]
2025-01-27T16:55:45.4712566Z tardis/plasma/tests/test_complete_plasmas.py::TestPlasma::test_plasma_properties[radiative_rates_type:detailed-j_blue_estimator]
2025-01-27T16:55:45.4713291Z   /home/runner/work/tardis/tardis/tardis/plasma/tests/test_complete_plasmas.py:197: UserWarning:
2025-01-27T16:55:45.4713724Z   
2025-01-27T16:55:45.4713901Z   Property "j_blue_estimator" not found
2025-01-27T16:55:45.4714071Z 
2025-01-27T16:55:45.4714461Z tardis/plasma/tests/test_complete_plasmas.py::TestPlasma::test_plasma_properties[radiative_rates_type:detailed-w_epsilon:1e-10-volume]
2025-01-27T16:55:45.4715269Z tardis/plasma/tests/test_complete_plasmas.py::TestPlasma::test_plasma_properties[radiative_rates_type:detailed-volume]
2025-01-27T16:55:45.4715966Z   /home/runner/work/tardis/tardis/tardis/plasma/tests/test_complete_plasmas.py:197: UserWarning:
2025-01-27T16:55:45.4716396Z   
2025-01-27T16:55:45.4716694Z   Property "volume" not found
2025-01-27T16:55:45.4716854Z 
2025-01-27T16:55:45.4717246Z tardis/plasma/tests/test_complete_plasmas.py::TestPlasma::test_plasma_properties[radiative_rates_type:detailed-w_epsilon:1e-10-r_inner]
2025-01-27T16:55:45.4718058Z tardis/plasma/tests/test_complete_plasmas.py::TestPlasma::test_plasma_properties[radiative_rates_type:detailed-r_inner]
2025-01-27T16:55:45.4718753Z   /home/runner/work/tardis/tardis/tardis/plasma/tests/test_complete_plasmas.py:197: UserWarning:
2025-01-27T16:55:45.4719518Z   
2025-01-27T16:55:45.4719690Z   Property "r_inner" not found
2025-01-27T16:55:45.4719847Z 
2025-01-27T16:55:45.4720199Z tardis/plasma/tests/test_plasma_vboundary.py::test_plasma_vboundary[2900-3750]
2025-01-27T16:55:45.4720701Z tardis/plasma/tests/test_plasma_vboundary.py::test_plasma_vboundary[2900-3850]
2025-01-27T16:55:45.4721194Z tardis/plasma/tests/test_plasma_vboundary.py::test_plasma_vboundary[2900-3900]
2025-01-27T16:55:45.4721720Z   /home/runner/work/tardis/tardis/tardis/model/geometry/radial1d.py:71: UserWarning:
2025-01-27T16:55:45.4722111Z   
2025-01-27T16:55:45.4722389Z   Requesting inner boundary below inner shell. Extrapolating the inner cell
2025-01-27T16:55:45.4722666Z 
2025-01-27T16:55:45.4722883Z tardis/spectrum/tests/test_spectrum_solver.py::TestSpectrumSolver::test_solve
2025-01-27T16:55:45.4723373Z   /home/runner/work/tardis/tardis/tardis/spectrum/base.py:70: UserWarning:
2025-01-27T16:55:45.4723741Z   
2025-01-27T16:55:45.4724152Z   SpectrumSolver.spectrum_virtual_packets is zero. Please run the montecarlo simulation with no_of_virtual_packets > 0
2025-01-27T16:55:45.4724565Z 
2025-01-27T16:55:45.4724778Z tardis/spectrum/tests/test_spectrum_solver.py::TestSpectrumSolver::test_solve
2025-01-27T16:55:45.4725267Z   /home/runner/work/tardis/tardis/tardis/spectrum/base.py:111: UserWarning:
2025-01-27T16:55:45.4725618Z   
2025-01-27T16:55:45.4726056Z   SpectrumSolver.integrator: The FormalIntegrator is not yet available.Please run the montecarlo simulation at least once.
2025-01-27T16:55:45.4726489Z 
2025-01-27T16:55:45.4726705Z tardis/transport/montecarlo/tests/test_vpacket.py::test_trace_vpacket_volley
2025-01-27T16:55:45.4727113Z   <string>:3: NumbaPendingDeprecationWarning:
2025-01-27T16:55:45.4727367Z   
2025-01-27T16:55:45.4728581Z   [1m[1mCode using Numba extension API maybe depending on 'old_style' error-capturing, which is deprecated and will be replaced by 'new_style' in a future release. See details at https://numba.readthedocs.io/en/latest/reference/deprecation.html#deprecation-of-old-style-numba-captured-errors
2025-01-27T16:55:45.4729847Z   Exception origin:
2025-01-27T16:55:45.4730222Z     File "/home/runner/micromamba/envs/tardis/lib/python3.12/inspect.py", line 3180, in _bind
2025-01-27T16:55:45.4730657Z       raise TypeError(msg) from None
2025-01-27T16:55:45.4730921Z   [0m[0m
2025-01-27T16:55:45.4731018Z 
2025-01-27T16:55:45.4731354Z tardis/visualization/tools/tests/test_sdec_plot.py::TestSDECPlotter::test_mpl_image[plotter_generate_plot_mpl4]
2025-01-27T16:55:45.4732068Z   /home/runner/work/tardis/tardis/tardis/visualization/tools/sdec_plot.py:1225: RuntimeWarning:
2025-01-27T16:55:45.4732504Z   
2025-01-27T16:55:45.4733458Z   More than 20 figures have been opened. Figures created through the pyplot interface (`matplotlib.pyplot.figure`) are retained until explicitly closed and may consume too much memory. (To control this warning, see the rcParam `figure.max_open_warning`). Consider using `matplotlib.pyplot.close()`.
2025-01-27T16:55:45.4734400Z 
2025-01-27T16:55:45.4734754Z tardis/visualization/widgets/tests/test_custom_abundance.py::TestCustomAbundanceWidget::test_update_input_item_value
2025-01-27T16:55:45.4735547Z tardis/visualization/widgets/tests/test_custom_abundance.py::TestCustomAbundanceWidget::test_update_input_item_value
2025-01-27T16:55:45.4736323Z tardis/visualization/widgets/tests/test_custom_abundance.py::TestCustomAbundanceWidget::test_update_input_item_value
2025-01-27T16:55:45.4737221Z tardis/visualization/widgets/tests/test_custom_abundance.py::TestCustomAbundanceWidget::test_update_input_item_value
2025-01-27T16:55:45.4737997Z tardis/visualization/widgets/tests/test_custom_abundance.py::TestCustomAbundanceWidget::test_update_input_item_value
2025-01-27T16:55:45.4738774Z tardis/visualization/widgets/tests/test_custom_abundance.py::TestCustomAbundanceWidget::test_update_input_item_value
2025-01-27T16:55:45.4739748Z   /home/runner/micromamba/envs/tardis/lib/python3.12/site-packages/traitlets/traitlets.py:1385: DeprecationWarning:
2025-01-27T16:55:45.4740253Z   
2025-01-27T16:55:45.4740538Z   Passing unrecognized arguments to super(Checkbox).__init__(icon='lock').
2025-01-27T16:55:45.4741141Z   object.__init__() takes exactly one argument (the instance to initialize)
2025-01-27T16:55:45.4741643Z   This is deprecated in traitlets 4.2.This error will be raised in a future release of traitlets.
2025-01-27T16:55:45.4741968Z 
2025-01-27T16:55:45.4742334Z tardis/visualization/widgets/tests/test_custom_abundance.py::TestCustomAbundanceWidget::test_update_input_item_value
2025-01-27T16:55:45.4743115Z tardis/visualization/widgets/tests/test_custom_abundance.py::TestCustomAbundanceWidget::test_update_input_item_value
2025-01-27T16:55:45.4743904Z   /home/runner/micromamba/envs/tardis/lib/python3.12/site-packages/traitlets/traitlets.py:1385: DeprecationWarning:
2025-01-27T16:55:45.4744405Z   
2025-01-27T16:55:45.4744673Z   Passing unrecognized arguments to super(FloatText).__init__(min=0).
2025-01-27T16:55:45.4745105Z   object.__init__() takes exactly one argument (the instance to initialize)
2025-01-27T16:55:45.4745601Z   This is deprecated in traitlets 4.2.This error will be raised in a future release of traitlets.
2025-01-27T16:55:45.4745923Z 
2025-01-27T16:55:45.4746275Z tardis/visualization/widgets/tests/test_custom_abundance.py::TestCustomAbundanceWidget::test_update_input_item_value
2025-01-27T16:55:45.4747054Z   /home/runner/micromamba/envs/tardis/lib/python3.12/site-packages/traitlets/traitlets.py:1385: DeprecationWarning:
2025-01-27T16:55:45.4747550Z   
2025-01-27T16:55:45.4747817Z   Passing unrecognized arguments to super(HTML).__init__(indent=True).
2025-01-27T16:55:45.4748247Z   object.__init__() takes exactly one argument (the instance to initialize)
2025-01-27T16:55:45.4748749Z   This is deprecated in traitlets 4.2.This error will be raised in a future release of traitlets.
2025-01-27T16:55:45.4749172Z 
2025-01-27T16:55:45.4749603Z tardis/visualization/widgets/tests/test_line_info.py::TestLineInfoWidgetData::test_get_species_interactions[wavelength_range0-packet_out_nu]
2025-01-27T16:55:45.4750437Z   /home/runner/micromamba/envs/tardis/lib/python3.12/site-packages/qgridnext/grid.py:830: DeprecationWarning:
2025-01-27T16:55:45.4750919Z   
2025-01-27T16:55:45.4751278Z   QgridWidget._show_toolbar_changed is deprecated in traitlets 4.1: use @observe and @unobserve instead.
2025-01-27T16:55:45.4751644Z 
2025-01-27T16:55:45.4751902Z tardis/visualization/widgets/tests/test_shell_info.py::TestHDFShellInfo::test_shells_data
2025-01-27T16:55:45.4752450Z   /home/runner/work/tardis/tardis/tardis/io/util.py:289: PerformanceWarning:
2025-01-27T16:55:45.4752813Z   
2025-01-27T16:55:45.4752963Z   
2025-01-27T16:55:45.4753250Z   your performance may suffer as PyTables will pickle object types that it cannot
2025-01-27T16:55:45.4753796Z   map directly to c-types [inferred_type->mixed,key->block0_values] [items->Index([0], dtype='int64')]
2025-01-27T16:55:45.4754135Z 
2025-01-27T16:55:45.4754398Z tardis/visualization/widgets/tests/test_shell_info.py::TestHDFShellInfo::test_shells_data
2025-01-27T16:55:45.4754936Z   /home/runner/work/tardis/tardis/tardis/io/util.py:292: PerformanceWarning:
2025-01-27T16:55:45.4755300Z   
2025-01-27T16:55:45.4755451Z   
2025-01-27T16:55:45.4755735Z   your performance may suffer as PyTables will pickle object types that it cannot
2025-01-27T16:55:45.4756204Z   map directly to c-types [inferred_type->mixed,key->values] [items->None]
2025-01-27T16:55:45.4756469Z 
2025-01-27T16:55:45.4756851Z tardis/visualization/widgets/tests/test_shell_info.py::TestHDFShellInfo::test_shells_data
2025-01-27T16:55:45.4757439Z   /home/runner/work/tardis/tardis/tardis/spectrum/formal_integral.py:398: UserWarning:
2025-01-27T16:55:45.4757836Z   
2025-01-27T16:55:45.4758110Z   The number of interpolate_shells was not specified. The value was set to 80.
2025-01-27T16:55:45.4758388Z 
2025-01-27T16:55:45.4758576Z -- Docs: https://docs.pytest.org/en/stable/how-to/capture-warnings.html
2025-01-27T16:55:45.4758956Z 
2025-01-27T16:55:45.4759126Z ---------- coverage: platform linux, python 3.12.4-final-0 -----------
2025-01-27T16:55:45.4759500Z Coverage HTML written to dir coverage_html_report
2025-01-27T16:55:45.4759912Z Coverage XML written to file coverage.xml
2025-01-27T16:55:45.4760091Z 
2025-01-27T16:55:45.4760332Z = 1438 passed, 329 skipped, 2 deselected, 19 xfailed, 8 xpassed, 91 warnings in 754.76s (0:12:34) =
2025-01-27T16:55:47.8942951Z ##[group]Run pytest tardis --tardis-regression-data=/home/runner/work/tardis/tardis/tardis-regression-data --cov=tardis --cov-report=xml --cov-report=html --cov-append --generate-reference -m "not continuum"
2025-01-27T16:55:47.8944756Z [36;1mpytest tardis --tardis-regression-data=/home/runner/work/tardis/tardis/tardis-regression-data --cov=tardis --cov-report=xml --cov-report=html --cov-append --generate-reference -m "not continuum"[0m
2025-01-27T16:55:47.8972812Z shell: /usr/bin/bash -l {0}
2025-01-27T16:55:47.8973051Z env:
2025-01-27T16:55:47.8973225Z   CACHE_NUMBER: 0
2025-01-27T16:55:47.8973837Z   PYTEST_FLAGS: --tardis-regression-data=/home/runner/work/tardis/tardis/tardis-regression-data --cov=tardis --cov-report=xml --cov-report=html --cov-append
2025-01-27T16:55:47.8974608Z   CODECOV_TOKEN: ***
2025-01-27T16:55:47.8974848Z   MAMBA_ROOT_PREFIX: /home/runner/micromamba
2025-01-27T16:55:47.8975148Z   MAMBA_EXE: /home/runner/micromamba-bin/micromamba
2025-01-27T16:55:47.8975529Z   CONDARC: /home/runner/work/_temp/setup-micromamba/.condarc
2025-01-27T16:55:47.8975838Z ##[endgroup]
2025-01-27T16:55:55.2612100Z ============================= test session starts ==============================
2025-01-27T16:55:55.2613051Z platform linux -- Python 3.12.4, pytest-8.2.2, pluggy-1.5.0
2025-01-27T16:55:55.2613616Z rootdir: /home/runner/work/tardis/tardis
2025-01-27T16:55:55.2614058Z configfile: pyproject.toml
2025-01-27T16:55:55.2614623Z plugins: anyio-4.4.0, doctestplus-1.2.1, html-4.1.1, metadata-3.1.1, cov-5.0.0
2025-01-27T16:55:55.2615286Z collected 1796 items / 2 deselected / 1794 selected
2025-01-27T16:55:55.2615620Z 
2025-01-27T16:56:00.1421304Z tardis/energy_input/tests/test_energy_source.py ..xxx                    [  0%]
2025-01-27T16:56:02.7668316Z tardis/energy_input/tests/test_gamma_ray_channel.py ...........          [  0%]
2025-01-27T16:56:04.3269100Z tardis/energy_input/tests/test_gamma_ray_grid.py xx.                     [  1%]
2025-01-27T16:56:06.0665322Z tardis/energy_input/tests/test_gamma_ray_interactions.py xx....          [  1%]
2025-01-27T16:56:06.0755732Z tardis/energy_input/tests/test_gamma_ray_packet_source.py sssssssss      [  1%]
2025-01-27T16:56:07.3376976Z tardis/energy_input/tests/test_util.py .....xxxx.....                    [  2%]
2025-01-27T16:56:07.6779271Z tardis/grid/tests/test_grid.py .                                         [  2%]
2025-01-27T16:56:07.6794064Z tardis/gui/tests/test_gui.py s                                           [  2%]
2025-01-27T16:56:11.1673859Z tardis/io/configuration/tests/test_config_reader.py ...........          [  3%]
2025-01-27T16:56:11.1801572Z tardis/io/configuration/tests/test_configuration_namespace.py .........  [  3%]
2025-01-27T16:56:11.2065724Z tardis/io/logger/tests/test_logging.py ssssssssssssssssssssssssssss      [  5%]
2025-01-27T16:56:11.2089698Z tardis/io/model/readers/tests/test_arepo_parser.py ss                    [  5%]
2025-01-27T16:56:11.2227144Z tardis/io/model/readers/tests/test_ascii_readers.py ...                  [  5%]
2025-01-27T16:56:11.2334244Z tardis/io/model/readers/tests/test_cmfgen_reader.py ..                   [  5%]
2025-01-27T16:56:11.2628146Z tardis/io/model/readers/tests/test_csvy_reader.py ....                   [  6%]
2025-01-27T16:56:11.2821744Z tardis/io/model/readers/tests/test_stella_reader.py ..                   [  6%]
2025-01-27T16:56:11.5803254Z tardis/io/tests/test_HDFWriter.py ...............                        [  7%]
2025-01-27T16:56:11.8512873Z tardis/io/tests/test_atomic.py .....                                     [  7%]
2025-01-27T16:56:11.8704185Z tardis/io/tests/test_decay.py ..                                         [  7%]
2025-01-27T16:56:12.0830539Z tardis/io/tests/test_model_reader.py ......                              [  7%]
2025-01-27T16:56:12.0898814Z tardis/model/geometry/tests/test_radial1d.py ..                          [  7%]
2025-01-27T16:57:09.8107566Z tardis/model/tests/test_base.py ........................................ [ 10%]
2025-01-27T16:57:10.8054605Z ............                                                             [ 10%]
2025-01-27T16:57:13.8687802Z tardis/model/tests/test_csvy_model.py .........                          [ 11%]
2025-01-27T16:57:13.9156881Z tardis/model/tests/test_density.py ..                                    [ 11%]
2025-01-27T16:57:15.5247785Z tardis/opacities/tests/test_opacity_solver.py .....                      [ 11%]
2025-01-27T16:57:16.8613500Z tardis/opacities/tests/test_opacity_state_numba.py .....                 [ 11%]
2025-01-27T16:57:18.4555920Z tardis/opacities/tests/test_tau_sobolev.py ss                            [ 12%]
2025-01-27T16:57:21.1192804Z tardis/plasma/equilibrium/tests/test_collisional_transitions.py ...      [ 12%]
2025-01-27T16:58:08.1077088Z tardis/plasma/equilibrium/tests/test_level_populations.py ...s           [ 12%]
2025-01-27T16:58:19.6511392Z tardis/plasma/equilibrium/tests/test_rate_matrix.py s                    [ 12%]
2025-01-27T16:58:21.2901408Z tardis/plasma/tests/test_complete_plasmas.py sssssssssssssssssssssssssss [ 13%]
2025-01-27T16:58:24.2822273Z ssssssssssssssssssssssssssssssssssssssssssssssssssssssssssssssssssssssss [ 18%]
2025-01-27T16:58:25.8219625Z ssssssssssssssssssssssssssssssssssssssssssssssssssssssssssssssssssssssss [ 22%]
2025-01-27T16:58:29.2106779Z ssssssssssssssssssssssssssssssssssssssssssssssssssssssssssssssssssssssss [ 26%]
2025-01-27T16:58:32.2307447Z ssssssssssssssssssssssssssssssssssssssssssssssssssssssssssssssssssssssss [ 30%]
2025-01-27T16:58:33.1899429Z ssssssssssssssssssssssssssssssssssssssssssssssssssssssssssssssssssssssss [ 34%]
2025-01-27T16:58:36.2465130Z ssssssssssssssssssssssssssssssssssssssssssssssssssssssssssssssssssssssss [ 38%]
2025-01-27T16:58:39.5544791Z ssssssssssssssssssssssssssssssssssssssssssssssssssssssssssssssssssssssss [ 42%]
2025-01-27T16:58:42.7454665Z ssssssssssssssssssssssssssssssssssssssssssssssssssssssssssssssssssssssss [ 46%]
2025-01-27T16:58:44.3881812Z ssssssssssssssssssssssssssssssssssssssssssssssssssssssssssssssssssssssss [ 50%]
2025-01-27T16:58:47.7346673Z ssssssssssssssssssssssssssssssssssssssssssssssssssssssssssssssssssssssss [ 54%]
2025-01-27T16:58:51.3499250Z ssssssssssssssssssssssssssssssssssssssssssssssssssssssssssssssssssssssss [ 58%]
2025-01-27T16:58:51.4111964Z sssssssssssssssssssssssssssssssssssssssss                                [ 60%]
2025-01-27T16:58:51.5228264Z tardis/plasma/tests/test_hdf_plasma.py sssssssss..sssssssssss.ssssssssss [ 62%]
2025-01-27T16:58:51.5346450Z ssssss                                                                   [ 62%]
2025-01-27T16:58:51.6697870Z tardis/plasma/tests/test_nlte_excitation.py sss                          [ 62%]
2025-01-27T17:01:09.8914359Z tardis/plasma/tests/test_nlte_solver.py ss...X                           [ 63%]
2025-01-27T17:01:09.8941537Z tardis/plasma/tests/test_plasma_continuum.py s                           [ 63%]
2025-01-27T17:01:33.5841584Z tardis/plasma/tests/test_plasma_vboundary.py .............               [ 63%]
2025-01-27T17:01:47.0590789Z tardis/plasma/tests/test_tardis_model_density_config.py sss              [ 64%]
2025-01-27T17:01:47.8166980Z tardis/simulation/tests/test_convergence.py .....                        [ 64%]
2025-01-27T17:01:56.4437393Z tardis/simulation/tests/test_simulation.py ssssssssss...                 [ 65%]
2025-01-27T17:01:56.4633482Z tardis/spectrum/tests/test_cuda_formal_integral.py sssssssssssssssssssss [ 66%]
2025-01-27T17:01:56.9384059Z ssss...ssssssssssssssssssssss                                            [ 67%]
2025-01-27T17:01:56.9455674Z tardis/spectrum/tests/test_luminosity.py ....                            [ 68%]
2025-01-27T17:01:58.5479718Z tardis/spectrum/tests/test_numba_formal_integral.py .................... [ 69%]
2025-01-27T17:01:58.5669276Z ..........                                                               [ 69%]
2025-01-27T17:01:58.7396456Z tardis/spectrum/tests/test_spectrum.py ................................. [ 71%]
2025-01-27T17:01:58.7731198Z .........                                                                [ 72%]
2025-01-27T17:03:32.3201946Z tardis/spectrum/tests/test_spectrum_solver.py ssss                       [ 72%]
2025-01-27T17:05:39.8771451Z tardis/tests/test_tardis_full.py .sss                                    [ 72%]
2025-01-27T17:06:54.4397575Z tardis/tests/test_tardis_full_formal_integral.py ssssssssssssssss        [ 73%]
2025-01-27T17:06:54.5204336Z tardis/tests/test_util.py .............................................  [ 75%]
2025-01-27T17:06:57.1589457Z tardis/transport/montecarlo/tests/test_base.py x.....................    [ 77%]
2025-01-27T17:07:04.9245184Z tardis/transport/montecarlo/tests/test_interaction.py .......            [ 77%]
2025-01-27T17:07:05.1391455Z tardis/transport/montecarlo/tests/test_macro_atom.py ....                [ 77%]
2025-01-27T17:07:05.1568161Z tardis/transport/montecarlo/tests/test_montecarlo.py sssssssssssssssssss [ 78%]
2025-01-27T17:07:05.1995508Z sssssssssssssssssssssssssssssssssssssssssssss                            [ 81%]
2025-01-27T17:09:21.5039171Z tardis/transport/montecarlo/tests/test_montecarlo_main_loop.py xss       [ 81%]
2025-01-27T17:09:21.5104168Z tardis/transport/montecarlo/tests/test_nonhomologous.py ...              [ 81%]
2025-01-27T17:09:27.8332560Z tardis/transport/montecarlo/tests/test_numba_interface.py .....x.        [ 82%]
2025-01-27T17:09:28.3144730Z tardis/transport/montecarlo/tests/test_opacities.py ...............      [ 82%]
2025-01-27T17:09:29.3566091Z tardis/transport/montecarlo/tests/test_packet.py .................xXXXXX [ 84%]
2025-01-27T17:09:29.4924860Z XX.........                                                              [ 84%]
2025-01-27T17:09:29.5278244Z tardis/transport/montecarlo/tests/test_packet_source.py ssssssss         [ 85%]
2025-01-27T17:09:29.8472458Z tardis/transport/montecarlo/tests/test_rpacket_last_interaction_tracker.py . [ 85%]
2025-01-27T17:09:30.2762566Z .....                                                                    [ 85%]
2025-01-27T17:10:05.7017631Z tardis/transport/montecarlo/tests/test_rpacket_tracker.py ....s.         [ 85%]
2025-01-27T17:10:05.7297260Z tardis/transport/montecarlo/tests/test_single_packet_loop.py xxx         [ 86%]
2025-01-27T17:10:05.7329028Z tardis/transport/montecarlo/tests/test_tracker_utils.py ..               [ 86%]
2025-01-27T17:10:08.1655571Z tardis/transport/montecarlo/tests/test_vpacket.py ..x.                   [ 86%]
2025-01-27T17:10:08.1861109Z tardis/transport/montecarlo/tests/test_weighted_packet_source.py ssss    [ 86%]
2025-01-27T17:10:11.6266529Z tardis/transport/montecarlo/tests/test_weighted_packet_source_integration.py . [ 86%]
2025-01-27T17:10:11.6268330Z                                                                          [ 86%]
2025-01-27T17:10:12.3700186Z tardis/transport/tests/test_doppler_factor.py ..................         [ 87%]
2025-01-27T17:10:13.7047484Z tardis/visualization/tools/tests/test_convergence_plot.py .............. [ 88%]
2025-01-27T17:10:15.9585106Z ......                                                                   [ 88%]
2025-01-27T17:10:21.1745005Z tardis/visualization/tools/tests/test_liv_plot.py ssssssssssssssssssssss [ 90%]
2025-01-27T17:10:24.5354798Z sssssssssssssssssssssssssssss                                            [ 91%]
2025-01-27T17:10:27.3693810Z tardis/visualization/tools/tests/test_rpacket_plot.py .................. [ 92%]
2025-01-27T17:10:34.3693962Z ....                                                                     [ 92%]
2025-01-27T17:10:40.9971164Z tardis/visualization/tools/tests/test_sdec_plot.py sssssssssssssssssssss [ 94%]
2025-01-27T17:10:50.6157745Z ssssssssssssssssssssssssssssss                                           [ 95%]
2025-01-27T17:10:51.0501426Z tardis/visualization/widgets/tests/test_custom_abundance.py ........ss.. [ 96%]
2025-01-27T17:10:51.1213259Z ....                                                                     [ 96%]
2025-01-27T17:10:52.1679884Z tardis/visualization/widgets/tests/test_line_info.py ................... [ 97%]
2025-01-27T17:10:52.7944787Z ..................                                                       [ 98%]
2025-01-27T17:11:56.2227475Z tardis/visualization/widgets/tests/test_shell_info.py .................. [ 99%]
2025-01-27T17:12:01.4657098Z ......                                                                   [100%]
2025-01-27T17:12:01.4657616Z 
2025-01-27T17:12:01.4657840Z =============================== warnings summary ===============================
2025-01-27T17:12:01.4658423Z tardis/io/configuration/config_validator.py:6
2025-01-27T17:12:01.4659269Z tardis/io/configuration/config_validator.py:6
2025-01-27T17:12:01.4660219Z   /home/runner/work/tardis/tardis/tardis/io/configuration/config_validator.py:6: DeprecationWarning:
2025-01-27T17:12:01.4661073Z   
2025-01-27T17:12:01.4663278Z   jsonschema.RefResolver is deprecated as of v4.18.0, in favor of the https://github.com/python-jsonschema/referencing library, which provides more compliant referencing behavior as well as more flexible APIs for customization. A future release will remove RefResolver. Please file a feature request (on referencing) if you are missing an API for the kind of customization you need.
2025-01-27T17:12:01.4665364Z 
2025-01-27T17:12:01.4665766Z ../../../micromamba/envs/tardis/lib/python3.12/site-packages/jupyter_client/connect.py:22
2025-01-27T17:12:01.4666912Z   /home/runner/micromamba/envs/tardis/lib/python3.12/site-packages/jupyter_client/connect.py:22: DeprecationWarning:
2025-01-27T17:12:01.4667781Z   
2025-01-27T17:12:01.4668170Z   Jupyter is migrating its paths to use standard platformdirs
2025-01-27T17:12:01.4668810Z   given by the platformdirs library.  To remove this warning and
2025-01-27T17:12:01.4669653Z   see the appropriate new directories, set the environment variable
2025-01-27T17:12:01.4670303Z   `JUPYTER_PLATFORM_DIRS=1` and then run `jupyter --paths`.
2025-01-27T17:12:01.4670959Z   The use of platformdirs will be the default in `jupyter_core` v6
2025-01-27T17:12:01.4671363Z 
2025-01-27T17:12:01.4671549Z tardis/io/tests/test_HDFWriter.py: 1 warning
2025-01-27T17:12:01.4672098Z tardis/plasma/tests/test_complete_plasmas.py: 20 warnings
2025-01-27T17:12:01.4672705Z tardis/spectrum/tests/test_spectrum_solver.py: 1 warning
2025-01-27T17:12:01.4673265Z tardis/tests/test_tardis_full.py: 1 warning
2025-01-27T17:12:01.4673940Z tardis/transport/montecarlo/tests/test_montecarlo_main_loop.py: 2 warnings
2025-01-27T17:12:01.4674784Z tardis/visualization/widgets/tests/test_shell_info.py: 1 warning
2025-01-27T17:12:01.4675577Z   /home/runner/work/tardis/tardis/tardis/io/util.py:276: PerformanceWarning:
2025-01-27T17:12:01.4676191Z   
2025-01-27T17:12:01.4676443Z   
2025-01-27T17:12:01.4676938Z   your performance may suffer as PyTables will pickle object types that it cannot
2025-01-27T17:12:01.4677883Z   map directly to c-types [inferred_type->mixed,key->block0_values] [items->Index([0], dtype='int64')]
2025-01-27T17:12:01.4678472Z 
2025-01-27T17:12:01.4679026Z tardis/io/tests/test_model_reader.py::test_read_cmfgen_isotope_abundances
2025-01-27T17:12:01.4679949Z tardis/plasma/tests/test_tardis_model_density_config.py::test_electron_densities
2025-01-27T17:12:01.4680907Z tardis/plasma/tests/test_tardis_model_density_config.py::test_isotope_number_densities
2025-01-27T17:12:01.4681776Z tardis/plasma/tests/test_tardis_model_density_config.py::test_t_rad
2025-01-27T17:12:01.4682817Z   /home/runner/work/tardis/tardis/tardis/io/model/readers/cmfgen_deprecated.py:82: DeprecationWarning:
2025-01-27T17:12:01.4683658Z   
2025-01-27T17:12:01.4683996Z   The current CMFGEN model parser is deprecated
2025-01-27T17:12:01.4684349Z 
2025-01-27T17:12:01.4684536Z tardis/io/tests/test_model_reader.py: 1 warning
2025-01-27T17:12:01.4685184Z tardis/plasma/tests/test_tardis_model_density_config.py: 9 warnings
2025-01-27T17:12:01.4686218Z   /home/runner/work/tardis/tardis/tardis/io/model/readers/cmfgen_deprecated.py:40: DeprecationWarning:
2025-01-27T17:12:01.4687366Z   
2025-01-27T17:12:01.4687702Z   The current CMFGEN model parser is deprecated
2025-01-27T17:12:01.4688034Z 
2025-01-27T17:12:01.4688589Z tardis/model/tests/test_base.py::TestModelFromPaper1Config::test_abundances
2025-01-27T17:12:01.4690011Z   /home/runner/work/tardis/tardis/tardis/transport/montecarlo/montecarlo_main_loop.py:123: NumbaTypeSafetyWarning:
2025-01-27T17:12:01.4690963Z   
2025-01-27T17:12:01.4691738Z   [1m[1m[1munsafe cast from uint64 to int64. Precision may be lost.[0m[0m[0m
2025-01-27T17:12:01.4692226Z 
2025-01-27T17:12:01.4692400Z tardis/model/tests/test_base.py: 6 warnings
2025-01-27T17:12:01.4692922Z tardis/model/tests/test_csvy_model.py: 2 warnings
2025-01-27T17:12:01.4693597Z tardis/plasma/tests/test_tardis_model_density_config.py: 3 warnings
2025-01-27T17:12:01.4694559Z   /home/runner/work/tardis/tardis/tardis/model/geometry/radial1d.py:50: DeprecationWarning:
2025-01-27T17:12:01.4695325Z   
2025-01-27T17:12:01.4695658Z   v_inner_boundary < 0, assuming default value
2025-01-27T17:12:01.4695991Z 
2025-01-27T17:12:01.4696169Z tardis/model/tests/test_base.py: 6 warnings
2025-01-27T17:12:01.4696712Z tardis/model/tests/test_csvy_model.py: 2 warnings
2025-01-27T17:12:01.4697398Z tardis/plasma/tests/test_tardis_model_density_config.py: 3 warnings
2025-01-27T17:12:01.4698377Z   /home/runner/work/tardis/tardis/tardis/model/geometry/radial1d.py:61: DeprecationWarning:
2025-01-27T17:12:01.4699351Z   
2025-01-27T17:12:01.4699673Z   v_outer_boundary < 0, assuming default value
2025-01-27T17:12:01.4700003Z 
2025-01-27T17:12:01.4700787Z tardis/plasma/equilibrium/tests/test_level_populations.py::TestLevelPopulationSolver::test_solve[collisional_rate_solver0-radiative_transitions0]
2025-01-27T17:12:01.4702147Z   /home/runner/work/tardis/tardis/tardis/plasma/equilibrium/level_populations.py:65: FutureWarning:
2025-01-27T17:12:01.4702950Z   
2025-01-27T17:12:01.4703543Z   A value is trying to be set on a copy of a DataFrame or Series through chained assignment using an inplace method.
2025-01-27T17:12:01.4704957Z   The behavior will change in pandas 3.0. This inplace method will never work because the intermediate object on which we are setting values always behaves as a copy.
2025-01-27T17:12:01.4705968Z   
2025-01-27T17:12:01.4707004Z   For example, when doing 'df[col].method(value, inplace=True)', try using 'df.method({col: value}, inplace=True)' or df[col] = df[col].method(value) instead, to perform the operation inplace on the original object.
2025-01-27T17:12:01.4708031Z 
2025-01-27T17:12:01.4708830Z tardis/plasma/equilibrium/tests/test_level_populations.py::TestLevelPopulationSolver::test_solve[collisional_rate_solver0-radiative_transitions0]
2025-01-27T17:12:01.4710539Z tardis/plasma/equilibrium/tests/test_rate_matrix.py::test_rate_matrix_solver[collisional_rate_solver0-radiative_transitions0]
2025-01-27T17:12:01.4711819Z   /home/runner/work/tardis/tardis/tardis/tests/fixtures/regression_data.py:82: PerformanceWarning:
2025-01-27T17:12:01.4712584Z   
2025-01-27T17:12:01.4712831Z   
2025-01-27T17:12:01.4713318Z   your performance may suffer as PyTables will pickle object types that it cannot
2025-01-27T17:12:01.4714142Z   map directly to c-types [inferred_type->integer,key->axis0] [items->None]
2025-01-27T17:12:01.4714605Z 
2025-01-27T17:12:01.4715400Z tardis/plasma/equilibrium/tests/test_level_populations.py::TestLevelPopulationSolver::test_solve[collisional_rate_solver0-radiative_transitions0]
2025-01-27T17:12:01.4716954Z tardis/plasma/equilibrium/tests/test_rate_matrix.py::test_rate_matrix_solver[collisional_rate_solver0-radiative_transitions0]
2025-01-27T17:12:01.4718222Z   /home/runner/work/tardis/tardis/tardis/tests/fixtures/regression_data.py:82: PerformanceWarning:
2025-01-27T17:12:01.4719134Z   
2025-01-27T17:12:01.4719390Z   
2025-01-27T17:12:01.4719880Z   your performance may suffer as PyTables will pickle object types that it cannot
2025-01-27T17:12:01.4720723Z   map directly to c-types [inferred_type->integer,key->block0_items] [items->None]
2025-01-27T17:12:01.4721443Z 
2025-01-27T17:12:01.4722234Z tardis/plasma/equilibrium/tests/test_rate_matrix.py::test_rate_matrix_solver[collisional_rate_solver0-radiative_transitions0]
2025-01-27T17:12:01.4723528Z   /home/runner/work/tardis/tardis/tardis/tests/fixtures/regression_data.py:82: PerformanceWarning:
2025-01-27T17:12:01.4724290Z   
2025-01-27T17:12:01.4724538Z   
2025-01-27T17:12:01.4725021Z   your performance may suffer as PyTables will pickle object types that it cannot
2025-01-27T17:12:01.4725979Z   map directly to c-types [inferred_type->mixed,key->block0_values] [items->Index([0, 1, 2, 3, 4, 5, 6, 7, 8, 9, 10, 11, 12, 13, 14, 15, 16, 17, 18, 19], dtype='object')]
2025-01-27T17:12:01.4726561Z 
2025-01-27T17:12:01.4726811Z tardis/plasma/tests/test_complete_plasmas.py: 20 warnings
2025-01-27T17:12:01.4727397Z tardis/spectrum/tests/test_spectrum_solver.py: 1 warning
2025-01-27T17:12:01.4727948Z tardis/tests/test_tardis_full.py: 1 warning
2025-01-27T17:12:01.4728577Z tardis/transport/montecarlo/tests/test_montecarlo_main_loop.py: 2 warnings
2025-01-27T17:12:01.4729479Z tardis/visualization/widgets/tests/test_shell_info.py: 1 warning
2025-01-27T17:12:01.4730233Z   /home/runner/work/tardis/tardis/tardis/io/util.py:289: PerformanceWarning:
2025-01-27T17:12:01.4730863Z   
2025-01-27T17:12:01.4731134Z   
2025-01-27T17:12:01.4731618Z   your performance may suffer as PyTables will pickle object types that it cannot
2025-01-27T17:12:01.4732515Z   map directly to c-types [inferred_type->mixed,key->block0_values] [items->Index([0], dtype='int64')]
2025-01-27T17:12:01.4733071Z 
2025-01-27T17:12:01.4733583Z tardis/plasma/tests/test_complete_plasmas.py::TestPlasma::test_plasma_properties[ionization:nebular-beta_rad]
2025-01-27T17:12:01.4734768Z tardis/plasma/tests/test_complete_plasmas.py::TestPlasma::test_plasma_properties[helium_treatment:recomb-nlte-beta_rad]
2025-01-27T17:12:01.4736100Z tardis/plasma/tests/test_complete_plasmas.py::TestPlasma::test_plasma_properties[helium_treatment:recomb-nlte-delta_treatment:0.5-beta_rad]
2025-01-27T17:12:01.4737231Z   /home/runner/work/tardis/tardis/tardis/io/util.py:280: PerformanceWarning:
2025-01-27T17:12:01.4737810Z   
2025-01-27T17:12:01.4738048Z   
2025-01-27T17:12:01.4738509Z   your performance may suffer as PyTables will pickle object types that it cannot
2025-01-27T17:12:01.4739431Z   map directly to c-types [inferred_type->floating,key->axis0] [items->None]
2025-01-27T17:12:01.4739850Z 
2025-01-27T17:12:01.4740348Z tardis/plasma/tests/test_complete_plasmas.py::TestPlasma::test_plasma_properties[ionization:nebular-beta_rad]
2025-01-27T17:12:01.4741531Z tardis/plasma/tests/test_complete_plasmas.py::TestPlasma::test_plasma_properties[helium_treatment:recomb-nlte-beta_rad]
2025-01-27T17:12:01.4742865Z tardis/plasma/tests/test_complete_plasmas.py::TestPlasma::test_plasma_properties[helium_treatment:recomb-nlte-delta_treatment:0.5-beta_rad]
2025-01-27T17:12:01.4743982Z   /home/runner/work/tardis/tardis/tardis/io/util.py:280: PerformanceWarning:
2025-01-27T17:12:01.4744574Z   
2025-01-27T17:12:01.4744805Z   
2025-01-27T17:12:01.4745252Z   your performance may suffer as PyTables will pickle object types that it cannot
2025-01-27T17:12:01.4746037Z   map directly to c-types [inferred_type->floating,key->block0_items] [items->None]
2025-01-27T17:12:01.4746525Z 
2025-01-27T17:12:01.4746758Z tardis/plasma/tests/test_complete_plasmas.py: 20 warnings
2025-01-27T17:12:01.4747334Z tardis/spectrum/tests/test_spectrum_solver.py: 1 warning
2025-01-27T17:12:01.4747848Z tardis/tests/test_tardis_full.py: 1 warning
2025-01-27T17:12:01.4748439Z tardis/tests/test_tardis_full_formal_integral.py: 4 warnings
2025-01-27T17:12:01.4749293Z tardis/transport/montecarlo/tests/test_montecarlo_main_loop.py: 2 warnings
2025-01-27T17:12:01.4750018Z tardis/visualization/widgets/tests/test_shell_info.py: 1 warning
2025-01-27T17:12:01.4750742Z   /home/runner/work/tardis/tardis/tardis/io/util.py:292: PerformanceWarning:
2025-01-27T17:12:01.4751323Z   
2025-01-27T17:12:01.4751766Z   
2025-01-27T17:12:01.4752225Z   your performance may suffer as PyTables will pickle object types that it cannot
2025-01-27T17:12:01.4753126Z   map directly to c-types [inferred_type->mixed,key->values] [items->None]
2025-01-27T17:12:01.4753545Z 
2025-01-27T17:12:01.4753889Z tardis/plasma/tests/test_plasma_vboundary.py::test_plasma_vboundary[2900-3750]
2025-01-27T17:12:01.4754674Z tardis/plasma/tests/test_plasma_vboundary.py::test_plasma_vboundary[2900-3850]
2025-01-27T17:12:01.4755470Z tardis/plasma/tests/test_plasma_vboundary.py::test_plasma_vboundary[2900-3900]
2025-01-27T17:12:01.4756277Z   /home/runner/work/tardis/tardis/tardis/model/geometry/radial1d.py:71: UserWarning:
2025-01-27T17:12:01.4756880Z   
2025-01-27T17:12:01.4757314Z   Requesting inner boundary below inner shell. Extrapolating the inner cell
2025-01-27T17:12:01.4757772Z 
2025-01-27T17:12:01.4758170Z tardis/spectrum/tests/test_spectrum_solver.py::TestSpectrumSolver::test_initialization
2025-01-27T17:12:01.4759148Z tardis/tests/test_tardis_full.py::TestTransportSimple::test_j_blue_estimators
2025-01-27T17:12:01.4760054Z tardis/transport/montecarlo/tests/test_montecarlo_main_loop.py::test_montecarlo_main_loop
2025-01-27T17:12:01.4761089Z tardis/transport/montecarlo/tests/test_montecarlo_main_loop.py::test_montecarlo_main_loop_vpacket_log
2025-01-27T17:12:01.4762119Z tardis/visualization/widgets/tests/test_shell_info.py::TestHDFShellInfo::test_shells_data
2025-01-27T17:12:01.4763078Z   /home/runner/work/tardis/tardis/tardis/spectrum/formal_integral.py:398: UserWarning:
2025-01-27T17:12:01.4763705Z   
2025-01-27T17:12:01.4764137Z   The number of interpolate_shells was not specified. The value was set to 80.
2025-01-27T17:12:01.4764586Z 
2025-01-27T17:12:01.4765160Z tardis/tests/test_tardis_full_formal_integral.py::TestTransportSimpleFormalIntegral::test_simulation[-1-downbranch]
2025-01-27T17:12:01.4766402Z tardis/tests/test_tardis_full_formal_integral.py::TestTransportSimpleFormalIntegral::test_simulation[-1-macroatom]
2025-01-27T17:12:01.4767621Z tardis/tests/test_tardis_full_formal_integral.py::TestTransportSimpleFormalIntegral::test_simulation[30-macroatom]
2025-01-27T17:12:01.4768957Z tardis/tests/test_tardis_full_formal_integral.py::TestTransportSimpleFormalIntegral::test_simulation[30-downbranch]
2025-01-27T17:12:01.4771807Z tardis/transport/montecarlo/tests/test_montecarlo_main_loop.py::test_montecarlo_main_loop
2025-01-27T17:12:01.4772944Z   /home/runner/work/tardis/tardis/tardis/transport/montecarlo/montecarlo_transport_state.py:131: UserWarning:
2025-01-27T17:12:01.4773719Z   
2025-01-27T17:12:01.4774676Z   MontecarloTransport.virt_packet_nus:Set 'virtual_packet_logging: True' in the configuration fileto access this propertyIt should be added under 'virtual' property of 'spectrum' property
2025-01-27T17:12:01.4775616Z 
2025-01-27T17:12:01.4776143Z tardis/tests/test_tardis_full_formal_integral.py::TestTransportSimpleFormalIntegral::test_simulation[-1-downbranch]
2025-01-27T17:12:01.4777327Z tardis/tests/test_tardis_full_formal_integral.py::TestTransportSimpleFormalIntegral::test_simulation[-1-macroatom]
2025-01-27T17:12:01.4778599Z tardis/tests/test_tardis_full_formal_integral.py::TestTransportSimpleFormalIntegral::test_simulation[30-macroatom]
2025-01-27T17:12:01.4779979Z tardis/tests/test_tardis_full_formal_integral.py::TestTransportSimpleFormalIntegral::test_simulation[30-downbranch]
2025-01-27T17:12:01.4781041Z tardis/transport/montecarlo/tests/test_montecarlo_main_loop.py::test_montecarlo_main_loop
2025-01-27T17:12:01.4782133Z   /home/runner/work/tardis/tardis/tardis/transport/montecarlo/montecarlo_transport_state.py:145: UserWarning:
2025-01-27T17:12:01.4782906Z   
2025-01-27T17:12:01.4783977Z   MontecarloTransport.virt_packet_energies:Set 'virtual_packet_logging: True' in the configuration fileto access this propertyIt should be added under 'virtual' property of 'spectrum' property
2025-01-27T17:12:01.4785039Z 
2025-01-27T17:12:01.4785596Z tardis/tests/test_tardis_full_formal_integral.py::TestTransportSimpleFormalIntegral::test_simulation[-1-downbranch]
2025-01-27T17:12:01.4787006Z tardis/tests/test_tardis_full_formal_integral.py::TestTransportSimpleFormalIntegral::test_simulation[-1-macroatom]
2025-01-27T17:12:01.4788413Z tardis/tests/test_tardis_full_formal_integral.py::TestTransportSimpleFormalIntegral::test_simulation[30-macroatom]
2025-01-27T17:12:01.4789801Z tardis/tests/test_tardis_full_formal_integral.py::TestTransportSimpleFormalIntegral::test_simulation[30-downbranch]
2025-01-27T17:12:01.4790878Z tardis/transport/montecarlo/tests/test_montecarlo_main_loop.py::test_montecarlo_main_loop
2025-01-27T17:12:01.4791979Z   /home/runner/work/tardis/tardis/tardis/transport/montecarlo/montecarlo_transport_state.py:176: UserWarning:
2025-01-27T17:12:01.4792765Z   
2025-01-27T17:12:01.4793805Z   MontecarloTransport.virt_packet_initial_rs:Set 'virtual_packet_logging: True' in the configuration fileto access this propertyIt should be added under 'virtual' property of 'spectrum' property
2025-01-27T17:12:01.4794848Z 
2025-01-27T17:12:01.4795414Z tardis/tests/test_tardis_full_formal_integral.py::TestTransportSimpleFormalIntegral::test_simulation[-1-downbranch]
2025-01-27T17:12:01.4796623Z tardis/tests/test_tardis_full_formal_integral.py::TestTransportSimpleFormalIntegral::test_simulation[-1-macroatom]
2025-01-27T17:12:01.4811681Z tardis/tests/test_tardis_full_formal_integral.py::TestTransportSimpleFormalIntegral::test_simulation[30-macroatom]
2025-01-27T17:12:01.4813021Z tardis/tests/test_tardis_full_formal_integral.py::TestTransportSimpleFormalIntegral::test_simulation[30-downbranch]
2025-01-27T17:12:01.4814227Z tardis/transport/montecarlo/tests/test_montecarlo_main_loop.py::test_montecarlo_main_loop
2025-01-27T17:12:01.4815462Z   /home/runner/work/tardis/tardis/tardis/transport/montecarlo/montecarlo_transport_state.py:190: UserWarning:
2025-01-27T17:12:01.4816271Z   
2025-01-27T17:12:01.4817292Z   MontecarloTransport.virt_packet_initial_mus:Set 'virtual_packet_logging: True' in the configuration fileto access this propertyIt should be added under 'virtual' property of 'spectrum' property
2025-01-27T17:12:01.4818356Z 
2025-01-27T17:12:01.4819072Z tardis/tests/test_tardis_full_formal_integral.py::TestTransportSimpleFormalIntegral::test_simulation[-1-downbranch]
2025-01-27T17:12:01.4820274Z tardis/tests/test_tardis_full_formal_integral.py::TestTransportSimpleFormalIntegral::test_simulation[-1-macroatom]
2025-01-27T17:12:01.4821461Z tardis/tests/test_tardis_full_formal_integral.py::TestTransportSimpleFormalIntegral::test_simulation[30-macroatom]
2025-01-27T17:12:01.4822651Z tardis/tests/test_tardis_full_formal_integral.py::TestTransportSimpleFormalIntegral::test_simulation[30-downbranch]
2025-01-27T17:12:01.4823708Z tardis/transport/montecarlo/tests/test_montecarlo_main_loop.py::test_montecarlo_main_loop
2025-01-27T17:12:01.4824770Z   /home/runner/work/tardis/tardis/tardis/transport/montecarlo/montecarlo_transport_state.py:204: UserWarning:
2025-01-27T17:12:01.4825554Z   
2025-01-27T17:12:01.4826629Z   MontecarloTransport.virt_packet_last_interaction_in_nu:Set 'virtual_packet_logging: True' in the configuration fileto access this propertyIt should be added under 'virtual' property of 'spectrum' property
2025-01-27T17:12:01.4827724Z 
2025-01-27T17:12:01.4828265Z tardis/tests/test_tardis_full_formal_integral.py::TestTransportSimpleFormalIntegral::test_simulation[-1-downbranch]
2025-01-27T17:12:01.4829619Z tardis/tests/test_tardis_full_formal_integral.py::TestTransportSimpleFormalIntegral::test_simulation[-1-macroatom]
2025-01-27T17:12:01.4830812Z tardis/tests/test_tardis_full_formal_integral.py::TestTransportSimpleFormalIntegral::test_simulation[30-macroatom]
2025-01-27T17:12:01.4832007Z tardis/tests/test_tardis_full_formal_integral.py::TestTransportSimpleFormalIntegral::test_simulation[30-downbranch]
2025-01-27T17:12:01.4833084Z tardis/transport/montecarlo/tests/test_montecarlo_main_loop.py::test_montecarlo_main_loop
2025-01-27T17:12:01.4834158Z   /home/runner/work/tardis/tardis/tardis/transport/montecarlo/montecarlo_transport_state.py:218: UserWarning:
2025-01-27T17:12:01.4835185Z   
2025-01-27T17:12:01.4836405Z   MontecarloTransport.virt_packet_last_interaction_in_r:Set 'virtual_packet_logging: True' in the configuration fileto access this propertyIt should be added under 'virtual' property of 'spectrum' property
2025-01-27T17:12:01.4837480Z 
2025-01-27T17:12:01.4838027Z tardis/tests/test_tardis_full_formal_integral.py::TestTransportSimpleFormalIntegral::test_simulation[-1-downbranch]
2025-01-27T17:12:01.4839362Z tardis/tests/test_tardis_full_formal_integral.py::TestTransportSimpleFormalIntegral::test_simulation[-1-macroatom]
2025-01-27T17:12:01.4840545Z tardis/tests/test_tardis_full_formal_integral.py::TestTransportSimpleFormalIntegral::test_simulation[30-macroatom]
2025-01-27T17:12:01.4841710Z tardis/tests/test_tardis_full_formal_integral.py::TestTransportSimpleFormalIntegral::test_simulation[30-downbranch]
2025-01-27T17:12:01.4842783Z tardis/transport/montecarlo/tests/test_montecarlo_main_loop.py::test_montecarlo_main_loop
2025-01-27T17:12:01.4844008Z   /home/runner/work/tardis/tardis/tardis/transport/montecarlo/montecarlo_transport_state.py:232: UserWarning:
2025-01-27T17:12:01.4844782Z   
2025-01-27T17:12:01.4845840Z   MontecarloTransport.virt_packet_last_interaction_type:Set 'virtual_packet_logging: True' in the configuration fileto access this propertyIt should be added under 'virtual' property of 'spectrum' property
2025-01-27T17:12:01.4846946Z 
2025-01-27T17:12:01.4847576Z tardis/tests/test_tardis_full_formal_integral.py::TestTransportSimpleFormalIntegral::test_simulation[-1-downbranch]
2025-01-27T17:12:01.4848962Z tardis/tests/test_tardis_full_formal_integral.py::TestTransportSimpleFormalIntegral::test_simulation[-1-macroatom]
2025-01-27T17:12:01.4850153Z tardis/tests/test_tardis_full_formal_integral.py::TestTransportSimpleFormalIntegral::test_simulation[30-macroatom]
2025-01-27T17:12:01.4851350Z tardis/tests/test_tardis_full_formal_integral.py::TestTransportSimpleFormalIntegral::test_simulation[30-downbranch]
2025-01-27T17:12:01.4852412Z tardis/transport/montecarlo/tests/test_montecarlo_main_loop.py::test_montecarlo_main_loop
2025-01-27T17:12:01.4853503Z   /home/runner/work/tardis/tardis/tardis/transport/montecarlo/montecarlo_transport_state.py:246: UserWarning:
2025-01-27T17:12:01.4854293Z   
2025-01-27T17:12:01.4855396Z   MontecarloTransport.virt_packet_last_line_interaction_in_id:Set 'virtual_packet_logging: True' in the configuration fileto access this propertyIt should be added under 'virtual' property of 'spectrum' property
2025-01-27T17:12:01.4856526Z 
2025-01-27T17:12:01.4857138Z tardis/tests/test_tardis_full_formal_integral.py::TestTransportSimpleFormalIntegral::test_simulation[-1-downbranch]
2025-01-27T17:12:01.4858378Z tardis/tests/test_tardis_full_formal_integral.py::TestTransportSimpleFormalIntegral::test_simulation[-1-macroatom]
2025-01-27T17:12:01.4859716Z tardis/tests/test_tardis_full_formal_integral.py::TestTransportSimpleFormalIntegral::test_simulation[30-macroatom]
2025-01-27T17:12:01.4860923Z tardis/tests/test_tardis_full_formal_integral.py::TestTransportSimpleFormalIntegral::test_simulation[30-downbranch]
2025-01-27T17:12:01.4861992Z tardis/transport/montecarlo/tests/test_montecarlo_main_loop.py::test_montecarlo_main_loop
2025-01-27T17:12:01.4863124Z   /home/runner/work/tardis/tardis/tardis/transport/montecarlo/montecarlo_transport_state.py:260: UserWarning:
2025-01-27T17:12:01.4863933Z   
2025-01-27T17:12:01.4865046Z   MontecarloTransport.virt_packet_last_line_interaction_out_id:Set 'virtual_packet_logging: True' in the configuration fileto access this propertyIt should be added under 'virtual' property of 'spectrum' property
2025-01-27T17:12:01.4866159Z 
2025-01-27T17:12:01.4866705Z tardis/tests/test_tardis_full_formal_integral.py::TestTransportSimpleFormalIntegral::test_simulation[-1-downbranch]
2025-01-27T17:12:01.4867906Z tardis/tests/test_tardis_full_formal_integral.py::TestTransportSimpleFormalIntegral::test_simulation[-1-macroatom]
2025-01-27T17:12:01.4869270Z tardis/tests/test_tardis_full_formal_integral.py::TestTransportSimpleFormalIntegral::test_simulation[30-macroatom]
2025-01-27T17:12:01.4870764Z tardis/tests/test_tardis_full_formal_integral.py::TestTransportSimpleFormalIntegral::test_simulation[30-downbranch]
2025-01-27T17:12:01.4871990Z tardis/transport/montecarlo/tests/test_montecarlo_main_loop.py::test_montecarlo_main_loop
2025-01-27T17:12:01.4873071Z   /home/runner/work/tardis/tardis/tardis/transport/montecarlo/montecarlo_transport_state.py:274: UserWarning:
2025-01-27T17:12:01.4873851Z   
2025-01-27T17:12:01.4874956Z   MontecarloTransport.virt_packet_last_line_interaction_shell_id:Set 'virtual_packet_logging: True' in the configuration fileto access this propertyIt should be added under 'virtual' property of 'spectrum' property
2025-01-27T17:12:01.4876060Z 
2025-01-27T17:12:01.4876463Z tardis/transport/montecarlo/tests/test_montecarlo_main_loop.py::test_montecarlo_main_loop
2025-01-27T17:12:01.4877289Z   /home/runner/work/tardis/tardis/tardis/spectrum/base.py:70: UserWarning:
2025-01-27T17:12:01.4877861Z   
2025-01-27T17:12:01.4878541Z   SpectrumSolver.spectrum_virtual_packets is zero. Please run the montecarlo simulation with no_of_virtual_packets > 0
2025-01-27T17:12:01.4879350Z 
2025-01-27T17:12:01.4879866Z tardis/transport/montecarlo/tests/test_packet_source.py::TestBlackBodySimpleSourceRel::test_bb_attributes
2025-01-27T17:12:01.4880832Z   /home/runner/work/tardis/tardis/tardis/io/util.py:292: PerformanceWarning:
2025-01-27T17:12:01.4881407Z   
2025-01-27T17:12:01.4881645Z   
2025-01-27T17:12:01.4882106Z   your performance may suffer as PyTables will pickle object types that it cannot
2025-01-27T17:12:01.4882878Z   map directly to c-types [inferred_type->mixed-integer,key->values] [items->None]
2025-01-27T17:12:01.4883338Z 
2025-01-27T17:12:01.4883671Z tardis/transport/montecarlo/tests/test_vpacket.py::test_trace_vpacket_volley
2025-01-27T17:12:01.4884321Z   <string>:3: NumbaPendingDeprecationWarning:
2025-01-27T17:12:01.4884710Z   
2025-01-27T17:12:01.4887220Z   [1m[1mCode using Numba extension API maybe depending on 'old_style' error-capturing, which is deprecated and will be replaced by 'new_style' in a future release. See details at https://numba.readthedocs.io/en/latest/reference/deprecation.html#deprecation-of-old-style-numba-captured-errors
2025-01-27T17:12:01.4889023Z   Exception origin:
2025-01-27T17:12:01.4889617Z     File "/home/runner/micromamba/envs/tardis/lib/python3.12/inspect.py", line 3180, in _bind
2025-01-27T17:12:01.4890283Z       raise TypeError(msg) from None
2025-01-27T17:12:01.4890682Z   [0m[0m
2025-01-27T17:12:01.4890840Z 
2025-01-27T17:12:01.4891089Z tardis/visualization/tools/tests/test_liv_plot.py: 16 warnings
2025-01-27T17:12:01.4891728Z tardis/visualization/tools/tests/test_sdec_plot.py: 16 warnings
2025-01-27T17:12:01.4892445Z   /home/runner/work/tardis/tardis/tardis/io/util.py:292: PerformanceWarning:
2025-01-27T17:12:01.4893021Z   
2025-01-27T17:12:01.4893249Z   
2025-01-27T17:12:01.4893684Z   your performance may suffer as PyTables will pickle object types that it cannot
2025-01-27T17:12:01.4894414Z   map directly to c-types [inferred_type->bytes,key->values] [items->None]
2025-01-27T17:12:01.4894823Z 
2025-01-27T17:12:01.4895070Z tardis/visualization/tools/tests/test_sdec_plot.py: 16 warnings
2025-01-27T17:12:01.4895771Z   /home/runner/work/tardis/tardis/tardis/io/util.py:280: PerformanceWarning:
2025-01-27T17:12:01.4896330Z   
2025-01-27T17:12:01.4896561Z   
2025-01-27T17:12:01.4897016Z   your performance may suffer as PyTables will pickle object types that it cannot
2025-01-27T17:12:01.4897773Z   map directly to c-types [inferred_type->mixed-integer,key->axis0] [items->None]
2025-01-27T17:12:01.4898225Z 
2025-01-27T17:12:01.4898484Z tardis/visualization/tools/tests/test_sdec_plot.py: 16 warnings
2025-01-27T17:12:01.4899368Z   /home/runner/work/tardis/tardis/tardis/io/util.py:280: PerformanceWarning:
2025-01-27T17:12:01.4899944Z   
2025-01-27T17:12:01.4900184Z   
2025-01-27T17:12:01.4900632Z   your performance may suffer as PyTables will pickle object types that it cannot
2025-01-27T17:12:01.4901728Z   map directly to c-types [inferred_type->mixed-integer,key->block0_items] [items->None]
2025-01-27T17:12:01.4902225Z 
2025-01-27T17:12:01.4902926Z tardis/visualization/tools/tests/test_sdec_plot.py::TestSDECPlotter::test_mpl_image[plotter_generate_plot_mpl4]
2025-01-27T17:12:01.4904006Z   /home/runner/work/tardis/tardis/tardis/visualization/tools/sdec_plot.py:1225: RuntimeWarning:
2025-01-27T17:12:01.4904684Z   
2025-01-27T17:12:01.4906141Z   More than 20 figures have been opened. Figures created through the pyplot interface (`matplotlib.pyplot.figure`) are retained until explicitly closed and may consume too much memory. (To control this warning, see the rcParam `figure.max_open_warning`). Consider using `matplotlib.pyplot.close()`.
2025-01-27T17:12:01.4907613Z 
2025-01-27T17:12:01.4908166Z tardis/visualization/widgets/tests/test_custom_abundance.py::TestCustomAbundanceWidget::test_update_input_item_value
2025-01-27T17:12:01.4909553Z tardis/visualization/widgets/tests/test_custom_abundance.py::TestCustomAbundanceWidget::test_update_input_item_value
2025-01-27T17:12:01.4910800Z tardis/visualization/widgets/tests/test_custom_abundance.py::TestCustomAbundanceWidget::test_update_input_item_value
2025-01-27T17:12:01.4912057Z tardis/visualization/widgets/tests/test_custom_abundance.py::TestCustomAbundanceWidget::test_update_input_item_value
2025-01-27T17:12:01.4913339Z tardis/visualization/widgets/tests/test_custom_abundance.py::TestCustomAbundanceWidget::test_update_input_item_value
2025-01-27T17:12:01.4914571Z tardis/visualization/widgets/tests/test_custom_abundance.py::TestCustomAbundanceWidget::test_update_input_item_value
2025-01-27T17:12:01.4915840Z   /home/runner/micromamba/envs/tardis/lib/python3.12/site-packages/traitlets/traitlets.py:1385: DeprecationWarning:
2025-01-27T17:12:01.4916617Z   
2025-01-27T17:12:01.4917048Z   Passing unrecognized arguments to super(Checkbox).__init__(icon='lock').
2025-01-27T17:12:01.4917756Z   object.__init__() takes exactly one argument (the instance to initialize)
2025-01-27T17:12:01.4918548Z   This is deprecated in traitlets 4.2.This error will be raised in a future release of traitlets.
2025-01-27T17:12:01.4919243Z 
2025-01-27T17:12:01.4919835Z tardis/visualization/widgets/tests/test_custom_abundance.py::TestCustomAbundanceWidget::test_update_input_item_value
2025-01-27T17:12:01.4921118Z tardis/visualization/widgets/tests/test_custom_abundance.py::TestCustomAbundanceWidget::test_update_input_item_value
2025-01-27T17:12:01.4922427Z   /home/runner/micromamba/envs/tardis/lib/python3.12/site-packages/traitlets/traitlets.py:1385: DeprecationWarning:
2025-01-27T17:12:01.4923270Z   
2025-01-27T17:12:01.4923686Z   Passing unrecognized arguments to super(FloatText).__init__(min=0).
2025-01-27T17:12:01.4924425Z   object.__init__() takes exactly one argument (the instance to initialize)
2025-01-27T17:12:01.4925254Z   This is deprecated in traitlets 4.2.This error will be raised in a future release of traitlets.
2025-01-27T17:12:01.4925798Z 
2025-01-27T17:12:01.4926398Z tardis/visualization/widgets/tests/test_custom_abundance.py::TestCustomAbundanceWidget::test_update_input_item_value
2025-01-27T17:12:01.4927711Z   /home/runner/micromamba/envs/tardis/lib/python3.12/site-packages/traitlets/traitlets.py:1385: DeprecationWarning:
2025-01-27T17:12:01.4928558Z   
2025-01-27T17:12:01.4929134Z   Passing unrecognized arguments to super(HTML).__init__(indent=True).
2025-01-27T17:12:01.4929836Z   object.__init__() takes exactly one argument (the instance to initialize)
2025-01-27T17:12:01.4930643Z   This is deprecated in traitlets 4.2.This error will be raised in a future release of traitlets.
2025-01-27T17:12:01.4931181Z 
2025-01-27T17:12:01.4931904Z tardis/visualization/widgets/tests/test_line_info.py::TestLineInfoWidgetData::test_get_species_interactions[wavelength_range0-packet_out_nu]
2025-01-27T17:12:01.4933367Z   /home/runner/micromamba/envs/tardis/lib/python3.12/site-packages/qgridnext/grid.py:830: DeprecationWarning:
2025-01-27T17:12:01.4934187Z   
2025-01-27T17:12:01.4934940Z   QgridWidget._show_toolbar_changed is deprecated in traitlets 4.1: use @observe and @unobserve instead.
2025-01-27T17:12:01.4935520Z 
2025-01-27T17:12:01.4935953Z -- Docs: https://docs.pytest.org/en/stable/how-to/capture-warnings.html
2025-01-27T17:12:01.4936378Z 
2025-01-27T17:12:01.4936623Z ---------- coverage: platform linux, python 3.12.4-final-0 -----------
2025-01-27T17:12:01.4937171Z Coverage HTML written to dir coverage_html_report
2025-01-27T17:12:01.4937635Z Coverage XML written to file coverage.xml
2025-01-27T17:12:01.4937915Z 
2025-01-27T17:12:01.4938289Z = 555 passed, 1212 skipped, 2 deselected, 19 xfailed, 8 xpassed, 268 warnings in 967.33s (0:16:07) =
2025-01-27T17:12:03.5382552Z ##[group]Run mv .coverage .coverage.2
2025-01-27T17:12:03.5383104Z [36;1mmv .coverage .coverage.2[0m
2025-01-27T17:12:03.5432767Z shell: /usr/bin/bash -l {0}
2025-01-27T17:12:03.5433014Z env:
2025-01-27T17:12:03.5433190Z   CACHE_NUMBER: 0
2025-01-27T17:12:03.5433813Z   PYTEST_FLAGS: --tardis-regression-data=/home/runner/work/tardis/tardis/tardis-regression-data --cov=tardis --cov-report=xml --cov-report=html --cov-append
2025-01-27T17:12:03.5434625Z   CODECOV_TOKEN: ***
2025-01-27T17:12:03.5434862Z   MAMBA_ROOT_PREFIX: /home/runner/micromamba
2025-01-27T17:12:03.5435171Z   MAMBA_EXE: /home/runner/micromamba-bin/micromamba
2025-01-27T17:12:03.5435526Z   CONDARC: /home/runner/work/_temp/setup-micromamba/.condarc
2025-01-27T17:12:03.5435836Z ##[endgroup]
2025-01-27T17:12:03.6581685Z ##[group]Run actions/upload-artifact@v4
2025-01-27T17:12:03.6581973Z with:
2025-01-27T17:12:03.6582193Z   name: coverage-not-continuum-ubuntu-latest
2025-01-27T17:12:03.6582478Z   include-hidden-files: true
2025-01-27T17:12:03.6582717Z   path: .coverage*
!.coveragerc

2025-01-27T17:12:03.6582953Z   if-no-files-found: warn
2025-01-27T17:12:03.6583170Z   compression-level: 6
2025-01-27T17:12:03.6583376Z   overwrite: false
2025-01-27T17:12:03.6583561Z env:
2025-01-27T17:12:03.6583723Z   CACHE_NUMBER: 0
2025-01-27T17:12:03.6584340Z   PYTEST_FLAGS: --tardis-regression-data=/home/runner/work/tardis/tardis/tardis-regression-data --cov=tardis --cov-report=xml --cov-report=html --cov-append
2025-01-27T17:12:03.6585138Z   CODECOV_TOKEN: ***
2025-01-27T17:12:03.6585374Z   MAMBA_ROOT_PREFIX: /home/runner/micromamba
2025-01-27T17:12:03.6585685Z   MAMBA_EXE: /home/runner/micromamba-bin/micromamba
2025-01-27T17:12:03.6586033Z   CONDARC: /home/runner/work/_temp/setup-micromamba/.condarc
2025-01-27T17:12:03.6586364Z ##[endgroup]
2025-01-27T17:12:03.8794641Z With the provided path, there will be 1 file uploaded
2025-01-27T17:12:03.8800750Z Artifact name is valid!
2025-01-27T17:12:03.8802003Z Root directory input is valid!
2025-01-27T17:12:04.1849599Z Beginning upload of artifact content to blob storage
2025-01-27T17:12:04.6272393Z Uploaded bytes 20397
2025-01-27T17:12:04.7183000Z Finished uploading artifact content to blob storage!
2025-01-27T17:12:04.7186662Z SHA256 hash of uploaded artifact zip is a09a07fcc6e3e211c4b71eb6ed95a00e0a955bc894f582481df1cfa36cb39635
2025-01-27T17:12:04.7188540Z Finalizing artifact upload
2025-01-27T17:12:04.8525712Z Artifact coverage-not-continuum-ubuntu-latest.zip successfully finalized. Artifact ID 2492140295
2025-01-27T17:12:04.8527041Z Artifact coverage-not-continuum-ubuntu-latest has been successfully uploaded! Final size is 20397 bytes. Artifact ID is 2492140295
2025-01-27T17:12:04.8533506Z Artifact download URL: https://github.com/tardis-sn/tardis/actions/runs/12993835072/artifacts/2492140295
2025-01-27T17:12:04.8660277Z Post job cleanup.
2025-01-27T17:12:04.8690363Z Post job cleanup.
2025-01-27T17:12:05.0049064Z Will use pre-installed micromamba at /home/runner/micromamba-bin/micromamba
2025-01-27T17:12:05.0057619Z Removing micromamba run shell ...
2025-01-27T17:12:05.0063121Z ##[group]Deinitialize micromamba for bash
2025-01-27T17:12:05.0092429Z [command]/home/runner/micromamba-bin/micromamba shell deinit -s bash -r /home/runner/micromamba --log-level warning --rc-file /home/runner/work/_temp/setup-micromamba/.condarc
2025-01-27T17:12:05.0203828Z Resetting RC file "/home/runner/.bashrc"
2025-01-27T17:12:05.0205215Z Deleting config for root prefix 
2025-01-27T17:12:05.0205695Z Clearing mamba executable environment variable
2025-01-27T17:12:05.0208398Z Removing the following in your "/home/runner/.bashrc" file
2025-01-27T17:12:05.0209289Z # >>> mamba initialize >>>
2025-01-27T17:12:05.0209824Z ...
2025-01-27T17:12:05.0210398Z # <<< mamba initialize <<<
2025-01-27T17:12:05.0238114Z Removing mamba initialize block from .bash_profile
2025-01-27T17:12:05.0253417Z ##[endgroup]
2025-01-27T17:12:05.0257568Z Removing environment tardis from auto-activate bash ...
2025-01-27T17:12:05.0404452Z Post job cleanup.
2025-01-27T17:12:05.0440836Z Post job cleanup.
2025-01-27T17:12:05.1422693Z [command]/usr/bin/git version
2025-01-27T17:12:05.1459686Z git version 2.48.1
2025-01-27T17:12:05.1502939Z Temporarily overriding HOME='/home/runner/work/_temp/7fc04669-2a12-415f-82f6-dc39fb264154' before making global git config changes
2025-01-27T17:12:05.1504265Z Adding repository directory to the temporary git global config as a safe directory
2025-01-27T17:12:05.1509658Z [command]/usr/bin/git config --global --add safe.directory /home/runner/work/tardis/tardis/tardis-regression-data
2025-01-27T17:12:05.1547065Z [command]/usr/bin/git config --local --name-only --get-regexp core\.sshCommand
2025-01-27T17:12:05.1579819Z [command]/usr/bin/git submodule foreach --recursive sh -c "git config --local --name-only --get-regexp 'core\.sshCommand' && git config --local --unset-all 'core.sshCommand' || :"
2025-01-27T17:12:05.1813372Z [command]/usr/bin/git config --local --name-only --get-regexp http\.https\:\/\/github\.com\/\.extraheader
2025-01-27T17:12:05.1834550Z http.https://github.com/.extraheader
2025-01-27T17:12:05.1847325Z [command]/usr/bin/git config --local --unset-all http.https://github.com/.extraheader
2025-01-27T17:12:05.1879483Z [command]/usr/bin/git submodule foreach --recursive sh -c "git config --local --name-only --get-regexp 'http\.https\:\/\/github\.com\/\.extraheader' && git config --local --unset-all 'http.https://github.com/.extraheader' || :"
2025-01-27T17:12:05.2245055Z Post job cleanup.
2025-01-27T17:12:05.3242847Z [command]/usr/bin/git version
2025-01-27T17:12:05.3278432Z git version 2.48.1
2025-01-27T17:12:05.3321192Z Temporarily overriding HOME='/home/runner/work/_temp/9748a9f7-a3fb-43d0-b59a-fbb828c79e3b' before making global git config changes
2025-01-27T17:12:05.3322671Z Adding repository directory to the temporary git global config as a safe directory
2025-01-27T17:12:05.3326551Z [command]/usr/bin/git config --global --add safe.directory /home/runner/work/tardis/tardis
2025-01-27T17:12:05.3367840Z [command]/usr/bin/git config --local --name-only --get-regexp core\.sshCommand
2025-01-27T17:12:05.3399491Z [command]/usr/bin/git submodule foreach --recursive sh -c "git config --local --name-only --get-regexp 'core\.sshCommand' && git config --local --unset-all 'core.sshCommand' || :"
2025-01-27T17:12:05.3637238Z [command]/usr/bin/git config --local --name-only --get-regexp http\.https\:\/\/github\.com\/\.extraheader
2025-01-27T17:12:05.3657617Z http.https://github.com/.extraheader
2025-01-27T17:12:05.3669785Z [command]/usr/bin/git config --local --unset-all http.https://github.com/.extraheader
2025-01-27T17:12:05.3700347Z [command]/usr/bin/git submodule foreach --recursive sh -c "git config --local --name-only --get-regexp 'http\.https\:\/\/github\.com\/\.extraheader' && git config --local --unset-all 'http.https://github.com/.extraheader' || :"
2025-01-27T17:12:05.4027592Z Cleaning up orphan processes
