2025-01-20T14:07:35.0197093Z Prepare all required actions
2025-01-20T14:07:35.0197814Z Getting action download info
2025-01-20T14:07:35.2086468Z Download action repository 'actions/cache@v4' (SHA:1bd1e32a3bdc45362d1e726936510720a7c30a57)
2025-01-20T14:07:35.3414088Z ##[group]Run ./.github/actions/setup_lfs
2025-01-20T14:07:35.3414444Z with:
2025-01-20T14:07:35.3414740Z   regression-data-repo: tardis-sn/tardis-regression-data
2025-01-20T14:07:35.3415081Z env:
2025-01-20T14:07:35.3415324Z   CACHE_NUMBER: 0
2025-01-20T14:07:35.3415975Z   PYTEST_FLAGS: --tardis-regression-data=/home/runner/work/tardis/tardis/tardis-regression-data --cov=tardis --cov-report=xml --cov-report=html --cov-append
2025-01-20T14:07:35.3416668Z   CODECOV_TOKEN: 
2025-01-20T14:07:35.3416904Z ##[endgroup]
2025-01-20T14:07:35.3539130Z ##[group]Run actions/checkout@v4
2025-01-20T14:07:35.3539444Z with:
2025-01-20T14:07:35.3539701Z   repository: atharva-2001/tardis-regression-data
2025-01-20T14:07:35.3540041Z   path: tardis-regression-data
2025-01-20T14:07:35.3540311Z   ref: numpy_v2_2
2025-01-20T14:07:35.3540738Z   token: ***
2025-01-20T14:07:35.3540958Z   ssh-strict: true
2025-01-20T14:07:35.3541190Z   ssh-user: git
2025-01-20T14:07:35.3541421Z   persist-credentials: true
2025-01-20T14:07:35.3541676Z   clean: true
2025-01-20T14:07:35.3541909Z   sparse-checkout-cone-mode: true
2025-01-20T14:07:35.3542176Z   fetch-depth: 1
2025-01-20T14:07:35.3542396Z   fetch-tags: false
2025-01-20T14:07:35.3542628Z   show-progress: true
2025-01-20T14:07:35.3542861Z   lfs: false
2025-01-20T14:07:35.3543069Z   submodules: false
2025-01-20T14:07:35.3543301Z   set-safe-directory: true
2025-01-20T14:07:35.3543541Z env:
2025-01-20T14:07:35.3543739Z   CACHE_NUMBER: 0
2025-01-20T14:07:35.3544379Z   PYTEST_FLAGS: --tardis-regression-data=/home/runner/work/tardis/tardis/tardis-regression-data --cov=tardis --cov-report=xml --cov-report=html --cov-append
2025-01-20T14:07:35.3545060Z   CODECOV_TOKEN: 
2025-01-20T14:07:35.3545277Z ##[endgroup]
2025-01-20T14:07:35.4480798Z Syncing repository: atharva-2001/tardis-regression-data
2025-01-20T14:07:35.4487608Z ##[group]Getting Git version info
2025-01-20T14:07:35.4488719Z Working directory is '/home/runner/work/tardis/tardis/tardis-regression-data'
2025-01-20T14:07:35.4529970Z [command]/usr/bin/git version
2025-01-20T14:07:35.4576985Z git version 2.47.1
2025-01-20T14:07:35.4602637Z ##[endgroup]
2025-01-20T14:07:35.4615903Z Temporarily overriding HOME='/home/runner/work/_temp/63132911-d32b-4a04-b608-3eed4ceebcd0' before making global git config changes
2025-01-20T14:07:35.4617428Z Adding repository directory to the temporary git global config as a safe directory
2025-01-20T14:07:35.4622246Z [command]/usr/bin/git config --global --add safe.directory /home/runner/work/tardis/tardis/tardis-regression-data
2025-01-20T14:07:35.4653830Z ##[group]Initializing the repository
2025-01-20T14:07:35.4659394Z [command]/usr/bin/git init /home/runner/work/tardis/tardis/tardis-regression-data
2025-01-20T14:07:35.4698084Z hint: Using 'master' as the name for the initial branch. This default branch name
2025-01-20T14:07:35.4699168Z hint: is subject to change. To configure the initial branch name to use in all
2025-01-20T14:07:35.4700135Z hint: of your new repositories, which will suppress this warning, call:
2025-01-20T14:07:35.4700574Z hint:
2025-01-20T14:07:35.4701084Z hint: 	git config --global init.defaultBranch <name>
2025-01-20T14:07:35.4701694Z hint:
2025-01-20T14:07:35.4702320Z hint: Names commonly chosen instead of 'master' are 'main', 'trunk' and
2025-01-20T14:07:35.4703655Z hint: 'development'. The just-created branch can be renamed via this command:
2025-01-20T14:07:35.4704405Z hint:
2025-01-20T14:07:35.4704829Z hint: 	git branch -m <name>
2025-01-20T14:07:35.4705777Z Initialized empty Git repository in /home/runner/work/tardis/tardis/tardis-regression-data/.git/
2025-01-20T14:07:35.4711734Z [command]/usr/bin/git remote add origin https://github.com/atharva-2001/tardis-regression-data
2025-01-20T14:07:35.4741612Z ##[endgroup]
2025-01-20T14:07:35.4742400Z ##[group]Disabling automatic garbage collection
2025-01-20T14:07:35.4746974Z [command]/usr/bin/git config --local gc.auto 0
2025-01-20T14:07:35.4775513Z ##[endgroup]
2025-01-20T14:07:35.4776273Z ##[group]Setting up auth
2025-01-20T14:07:35.4782498Z [command]/usr/bin/git config --local --name-only --get-regexp core\.sshCommand
2025-01-20T14:07:35.4812649Z [command]/usr/bin/git submodule foreach --recursive sh -c "git config --local --name-only --get-regexp 'core\.sshCommand' && git config --local --unset-all 'core.sshCommand' || :"
2025-01-20T14:07:35.5036400Z [command]/usr/bin/git config --local --name-only --get-regexp http\.https\:\/\/github\.com\/\.extraheader
2025-01-20T14:07:35.5065182Z [command]/usr/bin/git submodule foreach --recursive sh -c "git config --local --name-only --get-regexp 'http\.https\:\/\/github\.com\/\.extraheader' && git config --local --unset-all 'http.https://github.com/.extraheader' || :"
2025-01-20T14:07:35.5292420Z [command]/usr/bin/git config --local http.https://github.com/.extraheader AUTHORIZATION: basic ***
2025-01-20T14:07:35.5336544Z ##[endgroup]
2025-01-20T14:07:35.5337189Z ##[group]Fetching the repository
2025-01-20T14:07:35.5345429Z [command]/usr/bin/git -c protocol.version=2 fetch --no-tags --prune --no-recurse-submodules --depth=1 origin +refs/heads/numpy_v2_2*:refs/remotes/origin/numpy_v2_2* +refs/tags/numpy_v2_2*:refs/tags/numpy_v2_2*
2025-01-20T14:07:36.8318266Z From https://github.com/atharva-2001/tardis-regression-data
2025-01-20T14:07:36.8319006Z  * [new branch]      numpy_v2_2 -> origin/numpy_v2_2
2025-01-20T14:07:36.8342400Z ##[endgroup]
2025-01-20T14:07:36.8342994Z ##[group]Determining the checkout info
2025-01-20T14:07:36.8351052Z [command]/usr/bin/git branch --list --remote origin/numpy_v2_2
2025-01-20T14:07:36.8374780Z   origin/numpy_v2_2
2025-01-20T14:07:36.8380773Z ##[endgroup]
2025-01-20T14:07:36.8386634Z [command]/usr/bin/git sparse-checkout disable
2025-01-20T14:07:36.8422856Z [command]/usr/bin/git config --local --unset-all extensions.worktreeConfig
2025-01-20T14:07:36.8450663Z ##[group]Checking out the ref
2025-01-20T14:07:36.8454940Z [command]/usr/bin/git checkout --progress --force -B numpy_v2_2 refs/remotes/origin/numpy_v2_2
2025-01-20T14:07:37.0024892Z Switched to a new branch 'numpy_v2_2'
2025-01-20T14:07:37.0025731Z branch 'numpy_v2_2' set up to track 'origin/numpy_v2_2'.
2025-01-20T14:07:37.0332807Z ##[endgroup]
2025-01-20T14:07:37.0337315Z [command]/usr/bin/git log -1 --format=%H
2025-01-20T14:07:37.0365287Z 1b733c351f2eb90190b8c0228dc6b4d32242ad4e
2025-01-20T14:07:37.0534880Z ##[group]Run git lfs ls-files -l | cut -d' ' -f1 | sort > .lfs-assets-id
2025-01-20T14:07:37.0535467Z [36;1mgit lfs ls-files -l | cut -d' ' -f1 | sort > .lfs-assets-id[0m
2025-01-20T14:07:37.0568377Z shell: /usr/bin/bash --noprofile --norc -e -o pipefail {0}
2025-01-20T14:07:37.0568753Z env:
2025-01-20T14:07:37.0568931Z   CACHE_NUMBER: 0
2025-01-20T14:07:37.0569549Z   PYTEST_FLAGS: --tardis-regression-data=/home/runner/work/tardis/tardis/tardis-regression-data --cov=tardis --cov-report=xml --cov-report=html --cov-append
2025-01-20T14:07:37.0570229Z   CODECOV_TOKEN: 
2025-01-20T14:07:37.0570415Z ##[endgroup]
2025-01-20T14:07:37.1635109Z ##[group]Run actions/cache/restore@v4
2025-01-20T14:07:37.1635395Z with:
2025-01-20T14:07:37.1635582Z   path: tardis-regression-data/.git/lfs
2025-01-20T14:07:37.1636020Z   key: Linux-lfs-da2b5f2a10e913c6b13843a5855aea2bb20264b467d915063c23fa8ba1af31fb-v1
2025-01-20T14:07:37.1636442Z   enableCrossOsArchive: false
2025-01-20T14:07:37.1637030Z   fail-on-cache-miss: false
2025-01-20T14:07:37.1637287Z   lookup-only: false
2025-01-20T14:07:37.1637475Z env:
2025-01-20T14:07:37.1637839Z   CACHE_NUMBER: 0
2025-01-20T14:07:37.1638648Z   PYTEST_FLAGS: --tardis-regression-data=/home/runner/work/tardis/tardis/tardis-regression-data --cov=tardis --cov-report=xml --cov-report=html --cov-append
2025-01-20T14:07:37.1639291Z   CODECOV_TOKEN: 
2025-01-20T14:07:37.1639468Z ##[endgroup]
2025-01-20T14:07:37.6430717Z Cache not found for input keys: Linux-lfs-da2b5f2a10e913c6b13843a5855aea2bb20264b467d915063c23fa8ba1af31fb-v1
2025-01-20T14:07:37.6551984Z ##[group]Run git lfs pull
2025-01-20T14:07:37.6552235Z [36;1mgit lfs pull[0m
2025-01-20T14:07:37.6579066Z shell: /usr/bin/bash --noprofile --norc -e -o pipefail {0}
2025-01-20T14:07:37.6579390Z env:
2025-01-20T14:07:37.6579558Z   CACHE_NUMBER: 0
2025-01-20T14:07:37.6580162Z   PYTEST_FLAGS: --tardis-regression-data=/home/runner/work/tardis/tardis/tardis-regression-data --cov=tardis --cov-report=xml --cov-report=html --cov-append
2025-01-20T14:07:37.6580819Z   CODECOV_TOKEN: 
2025-01-20T14:07:37.6580999Z ##[endgroup]
