2025-02-20T16:53:05.5901797Z Requested labels: macos-latest
2025-02-20T16:53:05.5902181Z Job defined at: tardis-sn/tardis/.github/workflows/tests.yml@refs/pull/2969/merge
2025-02-20T16:53:05.5902336Z Waiting for a runner to pick up this job...
2025-02-20T16:53:06.0977377Z Job is waiting for a hosted runner to come online.
2025-02-20T16:53:08.4480093Z Job is about to start running on the hosted runner: GitHub Actions 60 (hosted)
2025-02-20T16:53:09.1101350Z Current runner version: '2.322.0'
2025-02-20T16:53:09.1117010Z ##[group]Operating System
2025-02-20T16:53:09.1117480Z macOS
2025-02-20T16:53:09.1117800Z 14.7.2
2025-02-20T16:53:09.1118100Z 23H311
2025-02-20T16:53:09.1118410Z ##[endgroup]
2025-02-20T16:53:09.1118720Z ##[group]Runner Image
2025-02-20T16:53:09.1119070Z Image: macos-14-arm64
2025-02-20T16:53:09.1119410Z Version: 20250120.774
2025-02-20T16:53:09.1120090Z Included Software: https://github.com/actions/runner-images/blob/macos-14-arm64/20250120.774/images/macos/macos-14-arm64-Readme.md
2025-02-20T16:53:09.1121050Z Image Release: https://github.com/actions/runner-images/releases/tag/macos-14-arm64%2F20250120.774
2025-02-20T16:53:09.1121640Z ##[endgroup]
2025-02-20T16:53:09.1121970Z ##[group]Runner Image Provisioner
2025-02-20T16:53:09.1122390Z 2.0.422.1+55c30c14fe2a0a1547db1b656933ae07d97649a9
2025-02-20T16:53:09.1122800Z ##[endgroup]
2025-02-20T16:53:09.1124160Z ##[group]GITHUB_TOKEN Permissions
2025-02-20T16:53:09.1125180Z Actions: read
2025-02-20T16:53:09.1125510Z Attestations: read
2025-02-20T16:53:09.1125840Z Checks: read
2025-02-20T16:53:09.1126140Z Contents: read
2025-02-20T16:53:09.1126460Z Deployments: read
2025-02-20T16:53:09.1126780Z Discussions: read
2025-02-20T16:53:09.1127090Z Issues: read
2025-02-20T16:53:09.1127400Z Metadata: read
2025-02-20T16:53:09.1127710Z Packages: read
2025-02-20T16:53:09.1128020Z Pages: read
2025-02-20T16:53:09.1128330Z PullRequests: read
2025-02-20T16:53:09.1128660Z RepositoryProjects: read
2025-02-20T16:53:09.1129020Z SecurityEvents: read
2025-02-20T16:53:09.1129360Z Statuses: read
2025-02-20T16:53:09.1129670Z ##[endgroup]
2025-02-20T16:53:09.1131460Z Secret source: None
2025-02-20T16:53:09.1131850Z Prepare workflow directory
2025-02-20T16:53:09.1591220Z Prepare all required actions
2025-02-20T16:53:09.1617280Z Getting action download info
2025-02-20T16:53:09.3654830Z ##[group]Download immutable action package 'actions/checkout@v4'
2025-02-20T16:53:09.3655520Z Version: 4.2.2
2025-02-20T16:53:09.3656130Z Digest: sha256:ccb2698953eaebd21c7bf6268a94f9c26518a7e38e27e0b83c1fe1ad049819b1
2025-02-20T16:53:09.3656860Z Source commit SHA: 11bd71901bbe5b1630ceea73d27597364c9af683
2025-02-20T16:53:09.3657310Z ##[endgroup]
2025-02-20T16:53:09.5712100Z ##[group]Download immutable action package 'actions/upload-artifact@v4'
2025-02-20T16:53:09.5712700Z Version: 4.6.0
2025-02-20T16:53:09.5713190Z Digest: sha256:bf85474c8423f9cd48bd2caf3ce5adb1711e2dfdb055b040bd36b044e4290329
2025-02-20T16:53:09.5713820Z Source commit SHA: 65c4c4a1ddee5b72f698fdd19549f0f0fb45cf08
2025-02-20T16:53:09.5714270Z ##[endgroup]
2025-02-20T16:53:09.7092660Z Complete job name:  continuum macos-latest 
2025-02-20T16:53:09.7453650Z ##[group]Run actions/checkout@v4
2025-02-20T16:53:09.7454390Z with:
2025-02-20T16:53:09.7454940Z   repository: tardis-sn/tardis
2025-02-20T16:53:09.7455440Z   token: ***
2025-02-20T16:53:09.7455730Z   ssh-strict: true
2025-02-20T16:53:09.7456030Z   ssh-user: git
2025-02-20T16:53:09.7456330Z   persist-credentials: true
2025-02-20T16:53:09.7456680Z   clean: true
2025-02-20T16:53:09.7456990Z   sparse-checkout-cone-mode: true
2025-02-20T16:53:09.7457340Z   fetch-depth: 1
2025-02-20T16:53:09.7457630Z   fetch-tags: false
2025-02-20T16:53:09.7457940Z   show-progress: true
2025-02-20T16:53:09.7458240Z   lfs: false
2025-02-20T16:53:09.7458520Z   submodules: false
2025-02-20T16:53:09.7458830Z   set-safe-directory: true
2025-02-20T16:53:09.7459330Z env:
2025-02-20T16:53:09.7459610Z   CACHE_NUMBER: 0
2025-02-20T16:53:09.7460390Z   PYTEST_FLAGS: --tardis-regression-data=/Users/runner/work/tardis/tardis/tardis-regression-data --cov=tardis --cov-report=xml --cov-report=html --cov-append
2025-02-20T16:53:09.7461240Z   CODECOV_TOKEN: 
2025-02-20T16:53:09.7461530Z ##[endgroup]
2025-02-20T16:53:10.0155570Z Syncing repository: tardis-sn/tardis
2025-02-20T16:53:10.0156840Z ##[group]Getting Git version info
2025-02-20T16:53:10.0157410Z Working directory is '/Users/runner/work/tardis/tardis'
2025-02-20T16:53:10.0158090Z [command]/opt/homebrew/bin/git version
2025-02-20T16:53:10.0689580Z git version 2.48.1
2025-02-20T16:53:10.0718050Z ##[endgroup]
2025-02-20T16:53:10.0724370Z Copying '/Users/runner/.gitconfig' to '/Users/runner/work/_temp/c214c518-308e-4d8c-8797-824458d16fc9/.gitconfig'
2025-02-20T16:53:10.0730580Z Temporarily overriding HOME='/Users/runner/work/_temp/c214c518-308e-4d8c-8797-824458d16fc9' before making global git config changes
2025-02-20T16:53:10.0731510Z Adding repository directory to the temporary git global config as a safe directory
2025-02-20T16:53:10.0734640Z [command]/opt/homebrew/bin/git config --global --add safe.directory /Users/runner/work/tardis/tardis
2025-02-20T16:53:10.0819270Z Deleting the contents of '/Users/runner/work/tardis/tardis'
2025-02-20T16:53:10.0821360Z ##[group]Initializing the repository
2025-02-20T16:53:10.0825340Z [command]/opt/homebrew/bin/git init /Users/runner/work/tardis/tardis
2025-02-20T16:53:10.1133070Z hint: Using 'master' as the name for the initial branch. This default branch name
2025-02-20T16:53:10.1134150Z hint: is subject to change. To configure the initial branch name to use in all
2025-02-20T16:53:10.1135010Z hint: of your new repositories, which will suppress this warning, call:
2025-02-20T16:53:10.1135620Z hint:
2025-02-20T16:53:10.1135990Z hint: 	git config --global init.defaultBranch <name>
2025-02-20T16:53:10.1136430Z hint:
2025-02-20T16:53:10.1136840Z hint: Names commonly chosen instead of 'master' are 'main', 'trunk' and
2025-02-20T16:53:10.1137480Z hint: 'development'. The just-created branch can be renamed via this command:
2025-02-20T16:53:10.1137990Z hint:
2025-02-20T16:53:10.1138280Z hint: 	git branch -m <name>
2025-02-20T16:53:10.1138780Z Initialized empty Git repository in /Users/runner/work/tardis/tardis/.git/
2025-02-20T16:53:10.1141580Z [command]/opt/homebrew/bin/git remote add origin https://github.com/tardis-sn/tardis
2025-02-20T16:53:10.1190190Z ##[endgroup]
2025-02-20T16:53:10.1190750Z ##[group]Disabling automatic garbage collection
2025-02-20T16:53:10.1192280Z [command]/opt/homebrew/bin/git config --local gc.auto 0
2025-02-20T16:53:10.1228840Z ##[endgroup]
2025-02-20T16:53:10.1229370Z ##[group]Setting up auth
2025-02-20T16:53:10.1233840Z [command]/opt/homebrew/bin/git config --local --name-only --get-regexp core\.sshCommand
2025-02-20T16:53:10.1274150Z [command]/opt/homebrew/bin/git submodule foreach --recursive sh -c "git config --local --name-only --get-regexp 'core\.sshCommand' && git config --local --unset-all 'core.sshCommand' || :"
2025-02-20T16:53:10.1944710Z [command]/opt/homebrew/bin/git config --local --name-only --get-regexp http\.https\:\/\/github\.com\/\.extraheader
2025-02-20T16:53:10.1963790Z [command]/opt/homebrew/bin/git submodule foreach --recursive sh -c "git config --local --name-only --get-regexp 'http\.https\:\/\/github\.com\/\.extraheader' && git config --local --unset-all 'http.https://github.com/.extraheader' || :"
2025-02-20T16:53:10.2441790Z [command]/opt/homebrew/bin/git config --local http.https://github.com/.extraheader AUTHORIZATION: basic ***
2025-02-20T16:53:10.2514020Z ##[endgroup]
2025-02-20T16:53:10.2514600Z ##[group]Fetching the repository
2025-02-20T16:53:10.2539670Z [command]/opt/homebrew/bin/git -c protocol.version=2 fetch --no-tags --prune --no-recurse-submodules --depth=1 origin +9834e60415f039366e74840daae63388b7b7716c:refs/remotes/pull/2969/merge
2025-02-20T16:53:12.1591050Z From https://github.com/tardis-sn/tardis
2025-02-20T16:53:12.1591990Z  * [new ref]         9834e60415f039366e74840daae63388b7b7716c -> pull/2969/merge
2025-02-20T16:53:12.1658120Z ##[endgroup]
2025-02-20T16:53:12.1659010Z ##[group]Determining the checkout info
2025-02-20T16:53:12.1660930Z ##[endgroup]
2025-02-20T16:53:12.1662230Z [command]/opt/homebrew/bin/git sparse-checkout disable
2025-02-20T16:53:12.1733250Z [command]/opt/homebrew/bin/git config --local --unset-all extensions.worktreeConfig
2025-02-20T16:53:12.1790580Z ##[group]Checking out the ref
2025-02-20T16:53:12.1792520Z [command]/opt/homebrew/bin/git checkout --progress --force refs/remotes/pull/2969/merge
2025-02-20T16:53:12.3453180Z HEAD is now at 9834e60 Merge 015a85a08300102a02b8ea20c0534c5860b85a1c into 13c9a314d4165ff320d000df7d67b5c5f91a69dd
2025-02-20T16:53:12.3467940Z ##[endgroup]
2025-02-20T16:53:12.3526260Z [command]/opt/homebrew/bin/git log -1 --format=%H
2025-02-20T16:53:12.3567540Z 9834e60415f039366e74840daae63388b7b7716c
2025-02-20T16:53:12.3800990Z Prepare all required actions
2025-02-20T16:53:12.3801580Z Getting action download info
2025-02-20T16:53:12.5403280Z ##[group]Download immutable action package 'actions/cache@v4'
2025-02-20T16:53:12.5403970Z Version: 4.2.1
2025-02-20T16:53:12.5404610Z Digest: sha256:b0404c9628d43aa6855629075b28f32cadf8efc5c26198438149f78500112940
2025-02-20T16:53:12.5405710Z Source commit SHA: 0c907a75c2c80ebcb7f088228285e798b750cf8f
2025-02-20T16:53:12.5406320Z ##[endgroup]
2025-02-20T16:53:13.1610000Z ##[group]Run ./.github/actions/setup_lfs
2025-02-20T16:53:13.1610710Z with:
2025-02-20T16:53:13.1611360Z   regression-data-repo: tardis-sn/tardis-regression-data
2025-02-20T16:53:13.1612090Z   atom-data-sparse: false
2025-02-20T16:53:13.1612730Z env:
2025-02-20T16:53:13.1613290Z   CACHE_NUMBER: 0
2025-02-20T16:53:13.1614330Z   PYTEST_FLAGS: --tardis-regression-data=/Users/runner/work/tardis/tardis/tardis-regression-data --cov=tardis --cov-report=xml --cov-report=html --cov-append
2025-02-20T16:53:13.1615410Z   CODECOV_TOKEN: 
2025-02-20T16:53:13.1615990Z ##[endgroup]
2025-02-20T16:53:13.1746440Z ##[group]Run actions/checkout@v4
2025-02-20T16:53:13.1747070Z with:
2025-02-20T16:53:13.1747610Z   repository: tardis-sn/tardis-regression-data
2025-02-20T16:53:13.1748230Z   path: tardis-regression-data
2025-02-20T16:53:13.1748790Z   lfs: false
2025-02-20T16:53:13.1749410Z   token: ***
2025-02-20T16:53:13.1749950Z   ssh-strict: true
2025-02-20T16:53:13.1750450Z   ssh-user: git
2025-02-20T16:53:13.1750990Z   persist-credentials: true
2025-02-20T16:53:13.1751620Z   clean: true
2025-02-20T16:53:13.1752130Z   sparse-checkout-cone-mode: true
2025-02-20T16:53:13.1752680Z   fetch-depth: 1
2025-02-20T16:53:13.1753220Z   fetch-tags: false
2025-02-20T16:53:13.1753720Z   show-progress: true
2025-02-20T16:53:13.1754230Z   submodules: false
2025-02-20T16:53:13.1754750Z   set-safe-directory: true
2025-02-20T16:53:13.1755280Z env:
2025-02-20T16:53:13.1755770Z   CACHE_NUMBER: 0
2025-02-20T16:53:13.1756720Z   PYTEST_FLAGS: --tardis-regression-data=/Users/runner/work/tardis/tardis/tardis-regression-data --cov=tardis --cov-report=xml --cov-report=html --cov-append
2025-02-20T16:53:13.1757700Z   CODECOV_TOKEN: 
2025-02-20T16:53:13.1758210Z ##[endgroup]
2025-02-20T16:53:13.2564060Z Syncing repository: tardis-sn/tardis-regression-data
2025-02-20T16:53:13.2566100Z ##[group]Getting Git version info
2025-02-20T16:53:13.2566820Z Working directory is '/Users/runner/work/tardis/tardis/tardis-regression-data'
2025-02-20T16:53:13.2593640Z [command]/opt/homebrew/bin/git version
2025-02-20T16:53:13.2635760Z git version 2.48.1
2025-02-20T16:53:13.2649220Z ##[endgroup]
2025-02-20T16:53:13.2654370Z Copying '/Users/runner/.gitconfig' to '/Users/runner/work/_temp/af235a55-3bd4-4b5f-870a-38f161d059f4/.gitconfig'
2025-02-20T16:53:13.2659930Z Temporarily overriding HOME='/Users/runner/work/_temp/af235a55-3bd4-4b5f-870a-38f161d059f4' before making global git config changes
2025-02-20T16:53:13.2661020Z Adding repository directory to the temporary git global config as a safe directory
2025-02-20T16:53:13.2662860Z [command]/opt/homebrew/bin/git config --global --add safe.directory /Users/runner/work/tardis/tardis/tardis-regression-data
2025-02-20T16:53:13.2703350Z ##[group]Initializing the repository
2025-02-20T16:53:13.2705870Z [command]/opt/homebrew/bin/git init /Users/runner/work/tardis/tardis/tardis-regression-data
2025-02-20T16:53:13.2768750Z hint: Using 'master' as the name for the initial branch. This default branch name
2025-02-20T16:53:13.2770010Z hint: is subject to change. To configure the initial branch name to use in all
2025-02-20T16:53:13.2770920Z hint: of your new repositories, which will suppress this warning, call:
2025-02-20T16:53:13.2771870Z hint:
2025-02-20T16:53:13.2772440Z hint: 	git config --global init.defaultBranch <name>
2025-02-20T16:53:13.2773070Z hint:
2025-02-20T16:53:13.2773660Z hint: Names commonly chosen instead of 'master' are 'main', 'trunk' and
2025-02-20T16:53:13.2774720Z hint: 'development'. The just-created branch can be renamed via this command:
2025-02-20T16:53:13.2775420Z hint:
2025-02-20T16:53:13.2775910Z hint: 	git branch -m <name>
2025-02-20T16:53:13.2776680Z Initialized empty Git repository in /Users/runner/work/tardis/tardis/tardis-regression-data/.git/
2025-02-20T16:53:13.2778480Z [command]/opt/homebrew/bin/git remote add origin https://github.com/tardis-sn/tardis-regression-data
2025-02-20T16:53:13.2818530Z ##[endgroup]
2025-02-20T16:53:13.2819440Z ##[group]Disabling automatic garbage collection
2025-02-20T16:53:13.2820230Z [command]/opt/homebrew/bin/git config --local gc.auto 0
2025-02-20T16:53:13.2856200Z ##[endgroup]
2025-02-20T16:53:13.2857020Z ##[group]Setting up auth
2025-02-20T16:53:13.2859630Z [command]/opt/homebrew/bin/git config --local --name-only --get-regexp core\.sshCommand
2025-02-20T16:53:13.2895240Z [command]/opt/homebrew/bin/git submodule foreach --recursive sh -c "git config --local --name-only --get-regexp 'core\.sshCommand' && git config --local --unset-all 'core.sshCommand' || :"
2025-02-20T16:53:13.3339510Z [command]/opt/homebrew/bin/git config --local --name-only --get-regexp http\.https\:\/\/github\.com\/\.extraheader
2025-02-20T16:53:13.3374210Z [command]/opt/homebrew/bin/git submodule foreach --recursive sh -c "git config --local --name-only --get-regexp 'http\.https\:\/\/github\.com\/\.extraheader' && git config --local --unset-all 'http.https://github.com/.extraheader' || :"
2025-02-20T16:53:13.3821040Z [command]/opt/homebrew/bin/git config --local http.https://github.com/.extraheader AUTHORIZATION: basic ***
2025-02-20T16:53:13.3864720Z ##[endgroup]
2025-02-20T16:53:13.3879060Z ##[group]Determining the default branch
2025-02-20T16:53:13.3879710Z Retrieving the default branch name
2025-02-20T16:53:13.8899560Z Default branch 'main'
2025-02-20T16:53:13.8903210Z ##[endgroup]
2025-02-20T16:53:13.8910370Z ##[group]Fetching the repository
2025-02-20T16:53:13.8938930Z [command]/opt/homebrew/bin/git -c protocol.version=2 fetch --no-tags --prune --no-recurse-submodules --depth=1 origin +refs/heads/main:refs/remotes/origin/main
2025-02-20T16:53:14.8469220Z From https://github.com/tardis-sn/tardis-regression-data
2025-02-20T16:53:14.8570790Z  * [new branch]      main       -> origin/main
2025-02-20T16:53:14.8716290Z ##[endgroup]
2025-02-20T16:53:14.8736620Z ##[group]Determining the checkout info
2025-02-20T16:53:14.8739480Z ##[endgroup]
2025-02-20T16:53:14.8743870Z [command]/opt/homebrew/bin/git sparse-checkout disable
2025-02-20T16:53:14.8777190Z [command]/opt/homebrew/bin/git config --local --unset-all extensions.worktreeConfig
2025-02-20T16:53:14.8779530Z ##[group]Checking out the ref
2025-02-20T16:53:14.8780100Z [command]/opt/homebrew/bin/git checkout --progress --force -B main refs/remotes/origin/main
2025-02-20T16:53:15.1859480Z Switched to a new branch 'main'
2025-02-20T16:53:15.1864620Z branch 'main' set up to track 'origin/main'.
2025-02-20T16:53:15.2605210Z ##[endgroup]
2025-02-20T16:53:15.2660650Z [command]/opt/homebrew/bin/git log -1 --format=%H
2025-02-20T16:53:15.2702140Z 84e768462f20f09fbccc05625cdcc1d8ffbe404c
2025-02-20T16:53:15.2794170Z ##[group]Run if [ "false" == "true" ]; then
2025-02-20T16:53:15.2794470Z [36;1mif [ "false" == "true" ]; then[0m
2025-02-20T16:53:15.2794730Z [36;1m  echo "Using atom data sparse checkout"[0m
2025-02-20T16:53:15.2795030Z [36;1m  echo "atom_data/kurucz_cd23_chianti_H_He.h5" > .lfs-files-list[0m
2025-02-20T16:53:15.2795260Z [36;1melse[0m
2025-02-20T16:53:15.2795440Z [36;1m  echo "Using full repository checkout"[0m
2025-02-20T16:53:15.2795710Z [36;1m  git lfs ls-files -l | cut -d' ' -f1 | sort > .lfs-files-list[0m
2025-02-20T16:53:15.2795970Z [36;1mfi[0m
2025-02-20T16:53:15.2861190Z shell: /bin/bash --noprofile --norc -e -o pipefail {0}
2025-02-20T16:53:15.2862980Z env:
2025-02-20T16:53:15.2863130Z   CACHE_NUMBER: 0
2025-02-20T16:53:15.2863650Z   PYTEST_FLAGS: --tardis-regression-data=/Users/runner/work/tardis/tardis/tardis-regression-data --cov=tardis --cov-report=xml --cov-report=html --cov-append
2025-02-20T16:53:15.2864160Z   CODECOV_TOKEN: 
2025-02-20T16:53:15.2864550Z ##[endgroup]
2025-02-20T16:53:15.3104390Z Using full repository checkout
2025-02-20T16:53:15.5093480Z ##[group]Run actions/cache/restore@v4
2025-02-20T16:53:15.5093790Z with:
2025-02-20T16:53:15.5093980Z   path: tardis-regression-data/.git/lfs
2025-02-20T16:53:15.5094560Z   key: tardis-regression-full-data-c8ff2bbb6048b3f24d3f52a1e85b013ad47e52c369a6ce4cfdeff528b659b86f-tardis-sn/tardis-regression-data-v1
2025-02-20T16:53:15.5095070Z   fail-on-cache-miss: true
2025-02-20T16:53:15.5095250Z   enableCrossOsArchive: false
2025-02-20T16:53:15.5095440Z   lookup-only: false
2025-02-20T16:53:15.5095590Z env:
2025-02-20T16:53:15.5095710Z   CACHE_NUMBER: 0
2025-02-20T16:53:15.5096290Z   PYTEST_FLAGS: --tardis-regression-data=/Users/runner/work/tardis/tardis/tardis-regression-data --cov=tardis --cov-report=xml --cov-report=html --cov-append
2025-02-20T16:53:15.5096860Z   CODECOV_TOKEN: 
2025-02-20T16:53:15.5097010Z ##[endgroup]
2025-02-20T16:53:15.7708890Z Cache hit for: tardis-regression-full-data-c8ff2bbb6048b3f24d3f52a1e85b013ad47e52c369a6ce4cfdeff528b659b86f-tardis-sn/tardis-regression-data-v1
2025-02-20T16:53:16.9437150Z Received 33554432 of 2161656325 (1.6%), 31.8 MBs/sec
2025-02-20T16:53:17.9541920Z Received 96468992 of 2161656325 (4.5%), 45.8 MBs/sec
2025-02-20T16:53:18.9577350Z Received 142606336 of 2161656325 (6.6%), 45.2 MBs/sec
2025-02-20T16:53:19.9494500Z Received 209715200 of 2161656325 (9.7%), 49.9 MBs/sec
2025-02-20T16:53:20.9533670Z Received 268435456 of 2161656325 (12.4%), 51.0 MBs/sec
2025-02-20T16:53:21.9534780Z Received 322961408 of 2161656325 (14.9%), 51.2 MBs/sec
2025-02-20T16:53:22.9540980Z Received 381681664 of 2161656325 (17.7%), 51.9 MBs/sec
2025-02-20T16:53:23.9546100Z Received 436207616 of 2161656325 (20.2%), 51.9 MBs/sec
2025-02-20T16:53:24.9554300Z Received 515899392 of 2161656325 (23.9%), 54.6 MBs/sec
2025-02-20T16:53:25.9559020Z Received 570425344 of 2161656325 (26.4%), 54.3 MBs/sec
2025-02-20T16:53:26.9665100Z Received 616562688 of 2161656325 (28.5%), 53.4 MBs/sec
2025-02-20T16:53:27.9595370Z Received 671088640 of 2161656325 (31.0%), 53.2 MBs/sec
2025-02-20T16:53:28.9591650Z Received 750780416 of 2161656325 (34.7%), 55.0 MBs/sec
2025-02-20T16:53:29.9641770Z Received 805306368 of 2161656325 (37.3%), 54.8 MBs/sec
2025-02-20T16:53:30.9602810Z Received 884998144 of 2161656325 (40.9%), 56.2 MBs/sec
2025-02-20T16:53:31.9680640Z Received 939524096 of 2161656325 (43.5%), 55.9 MBs/sec
2025-02-20T16:53:32.9618890Z Received 994050048 of 2161656325 (46.0%), 55.7 MBs/sec
2025-02-20T16:53:33.9630360Z Received 1061158912 of 2161656325 (49.1%), 56.1 MBs/sec
2025-02-20T16:53:34.9669060Z Received 1107296256 of 2161656325 (51.2%), 55.5 MBs/sec
2025-02-20T16:53:35.9654600Z Received 1178599424 of 2161656325 (54.5%), 56.1 MBs/sec
2025-02-20T16:53:36.9721230Z Received 1237319680 of 2161656325 (57.2%), 56.1 MBs/sec
2025-02-20T16:53:37.9691300Z Received 1287651328 of 2161656325 (59.6%), 55.7 MBs/sec
2025-02-20T16:53:38.9762580Z Received 1342177280 of 2161656325 (62.1%), 55.6 MBs/sec
2025-02-20T16:53:39.9711210Z Received 1409286144 of 2161656325 (65.2%), 55.9 MBs/sec
2025-02-20T16:53:40.9735730Z Received 1476395008 of 2161656325 (68.3%), 56.2 MBs/sec
2025-02-20T16:53:41.9771220Z Received 1526726656 of 2161656325 (70.6%), 55.9 MBs/sec
2025-02-20T16:53:42.9822540Z Received 1598029824 of 2161656325 (73.9%), 56.4 MBs/sec
2025-02-20T16:53:43.9766380Z Received 1644167168 of 2161656325 (76.1%), 55.9 MBs/sec
2025-02-20T16:53:44.9905190Z Received 1719664640 of 2161656325 (79.6%), 56.5 MBs/sec
2025-02-20T16:53:46.0000710Z Received 1782579200 of 2161656325 (82.5%), 56.6 MBs/sec
2025-02-20T16:53:46.9984970Z Received 1845493760 of 2161656325 (85.4%), 56.7 MBs/sec
2025-02-20T16:53:48.0003560Z Received 1879048192 of 2161656325 (86.9%), 55.9 MBs/sec
2025-02-20T16:53:49.0064580Z Received 1954545664 of 2161656325 (90.4%), 56.4 MBs/sec
2025-02-20T16:53:50.0014670Z Received 2013265920 of 2161656325 (93.1%), 56.4 MBs/sec
2025-02-20T16:53:50.9962900Z Received 2076180480 of 2161656325 (96.0%), 56.5 MBs/sec
2025-02-20T16:53:52.0194430Z Received 2147483648 of 2161656325 (99.3%), 56.8 MBs/sec
2025-02-20T16:53:52.2592560Z Received 2161656325 of 2161656325 (100.0%), 56.8 MBs/sec
2025-02-20T16:53:52.2790580Z Cache Size: ~2062 MB (2161656325 B)
2025-02-20T16:53:52.3035490Z [command]/opt/homebrew/bin/gtar -xf /Users/runner/work/_temp/4ca10a82-47e0-4677-91ba-fb6d3256d1cd/cache.tzst -P -C /Users/runner/work/tardis/tardis --delay-directory-restore --use-compress-program unzstd
2025-02-20T16:54:02.7473100Z Cache restored successfully
2025-02-20T16:54:02.9162400Z Cache restored from key: tardis-regression-full-data-c8ff2bbb6048b3f24d3f52a1e85b013ad47e52c369a6ce4cfdeff528b659b86f-tardis-sn/tardis-regression-data-v1
2025-02-20T16:54:02.9379910Z ##[group]Run git lfs checkout
2025-02-20T16:54:02.9380270Z [36;1mgit lfs checkout[0m
2025-02-20T16:54:02.9706170Z shell: /bin/bash --noprofile --norc -e -o pipefail {0}
2025-02-20T16:54:02.9706520Z env:
2025-02-20T16:54:02.9706700Z   CACHE_NUMBER: 0
2025-02-20T16:54:02.9707360Z   PYTEST_FLAGS: --tardis-regression-data=/Users/runner/work/tardis/tardis/tardis-regression-data --cov=tardis --cov-report=xml --cov-report=html --cov-append
2025-02-20T16:54:02.9707980Z   CODECOV_TOKEN: 
2025-02-20T16:54:02.9708150Z ##[endgroup]
2025-02-20T16:54:16.9370480Z Checking out LFS objects: 100% (204/204), 5.7 GB | 335 MB/s, done.
2025-02-20T16:54:26.9896470Z Prepare all required actions
2025-02-20T16:54:26.9896970Z Getting action download info
2025-02-20T16:54:27.2439560Z Download action repository 'mamba-org/setup-micromamba@v1' (SHA:4b9113af4fba0e9e1124b252dd6497a419e7396d)
2025-02-20T16:54:28.3388920Z ##[group]Run ./.github/actions/setup_env
2025-02-20T16:54:28.3389150Z with:
2025-02-20T16:54:28.3389380Z   os-label: osx-arm64
2025-02-20T16:54:28.3389530Z env:
2025-02-20T16:54:28.3389660Z   CACHE_NUMBER: 0
2025-02-20T16:54:28.3390140Z   PYTEST_FLAGS: --tardis-regression-data=/Users/runner/work/tardis/tardis/tardis-regression-data --cov=tardis --cov-report=xml --cov-report=html --cov-append
2025-02-20T16:54:28.3390630Z   CODECOV_TOKEN: 
2025-02-20T16:54:28.3390780Z ##[endgroup]
2025-02-20T16:54:28.3408980Z ##[group]Run file_hash=$(cat conda-osx-arm64.lock | shasum -a 256 | cut -d' ' -f1)
2025-02-20T16:54:28.3409380Z [36;1mfile_hash=$(cat conda-osx-arm64.lock | shasum -a 256 | cut -d' ' -f1)[0m
2025-02-20T16:54:28.3409850Z [36;1mecho "file_hash=tardis-conda-env-osx-arm64-${file_hash}-v1" >> "${GITHUB_OUTPUT}"[0m
2025-02-20T16:54:28.3461190Z shell: /bin/bash --noprofile --norc -e -o pipefail {0}
2025-02-20T16:54:28.3461440Z env:
2025-02-20T16:54:28.3461570Z   CACHE_NUMBER: 0
2025-02-20T16:54:28.3462040Z   PYTEST_FLAGS: --tardis-regression-data=/Users/runner/work/tardis/tardis/tardis-regression-data --cov=tardis --cov-report=xml --cov-report=html --cov-append
2025-02-20T16:54:28.3462540Z   CODECOV_TOKEN: 
2025-02-20T16:54:28.3462680Z ##[endgroup]
2025-02-20T16:54:28.4598030Z ##[group]Run mamba-org/setup-micromamba@v1
2025-02-20T16:54:28.4598240Z with:
2025-02-20T16:54:28.4598370Z   environment-file: conda-osx-arm64.lock
2025-02-20T16:54:28.4598820Z   cache-environment-key: tardis-conda-env-osx-arm64-bf0d0a4d4c847cca72476c6c68c493d56c484aada7e80de0e42c7607fcef5824-v1
2025-02-20T16:54:28.4599490Z   cache-downloads-key: tardis-conda-env-osx-arm64-bf0d0a4d4c847cca72476c6c68c493d56c484aada7e80de0e42c7607fcef5824-v1
2025-02-20T16:54:28.4599910Z   environment-name: tardis
2025-02-20T16:54:28.4600090Z   cache-environment: true
2025-02-20T16:54:28.4600250Z   cache-downloads: true
2025-02-20T16:54:28.4600400Z env:
2025-02-20T16:54:28.4600520Z   CACHE_NUMBER: 0
2025-02-20T16:54:28.4600980Z   PYTEST_FLAGS: --tardis-regression-data=/Users/runner/work/tardis/tardis/tardis-regression-data --cov=tardis --cov-report=xml --cov-report=html --cov-append
2025-02-20T16:54:28.4604470Z   CODECOV_TOKEN: 
2025-02-20T16:54:28.4604610Z ##[endgroup]
2025-02-20T16:54:28.7441030Z Will download micromamba to /Users/runner/micromamba-bin/micromamba
2025-02-20T16:54:28.7445360Z ##[group]Install micromamba
2025-02-20T16:54:29.4440250Z micromamba installed to /Users/runner/micromamba-bin/micromamba
2025-02-20T16:54:29.4441180Z ##[endgroup]
2025-02-20T16:54:29.4441750Z Adding conda-forge to condarc channels ...
2025-02-20T16:54:29.4464820Z ##[group]Initialize micromamba for bash.
2025-02-20T16:54:29.4472890Z [command]/Users/runner/micromamba-bin/micromamba shell init -s bash -r /Users/runner/micromamba --log-level warning --rc-file /Users/runner/work/_temp/setup-micromamba/.condarc
2025-02-20T16:54:29.4717510Z Modifying RC file "/Users/runner/.bash_profile"
2025-02-20T16:54:29.4720440Z Generating config for root prefix [1m"/Users/runner/micromamba"[0m
2025-02-20T16:54:29.4720890Z Setting mamba executable to: [1m"/Users/runner/micromamba-bin/micromamba"[0m
2025-02-20T16:54:29.4721370Z Adding (or replacing) the following in your "/Users/runner/.bash_profile" file
2025-02-20T16:54:29.4721600Z 
2025-02-20T16:54:29.4721680Z # >>> mamba initialize >>>
2025-02-20T16:54:29.4721900Z # !! Contents within this block are managed by 'mamba init' !!
2025-02-20T16:54:29.4722210Z export MAMBA_EXE='/Users/runner/micromamba-bin/micromamba';
2025-02-20T16:54:29.4722500Z export MAMBA_ROOT_PREFIX='/Users/runner/micromamba';
2025-02-20T16:54:29.4722980Z __mamba_setup="$("$MAMBA_EXE" shell hook --shell bash --root-prefix "$MAMBA_ROOT_PREFIX" 2> /dev/null)"
2025-02-20T16:54:29.4723900Z if [ $? -eq 0 ]; then
2025-02-20T16:54:29.4724090Z     eval "$__mamba_setup"
2025-02-20T16:54:29.4724250Z else
2025-02-20T16:54:29.4724460Z     alias micromamba="$MAMBA_EXE"  # Fallback on help from mamba activate
2025-02-20T16:54:29.4724730Z fi
2025-02-20T16:54:29.4724860Z unset __mamba_setup
2025-02-20T16:54:29.4725040Z # <<< mamba initialize <<<
2025-02-20T16:54:29.4725150Z 
2025-02-20T16:54:29.4725440Z ##[endgroup]
2025-02-20T16:54:29.4725880Z ##[group]Restoring downloads from `/Users/runner/micromamba/pkgs` ...
2025-02-20T16:54:30.8827060Z Received 33554432 of 310594474 (10.8%), 32.0 MBs/sec
2025-02-20T16:54:31.8829450Z Received 117440512 of 310594474 (37.8%), 55.9 MBs/sec
2025-02-20T16:54:32.8948580Z Received 167772160 of 310594474 (54.0%), 53.2 MBs/sec
2025-02-20T16:54:33.8947310Z Received 230686720 of 310594474 (74.3%), 54.9 MBs/sec
2025-02-20T16:54:34.8905610Z Received 310594474 of 310594474 (100.0%), 59.1 MBs/sec
2025-02-20T16:54:34.9807690Z Cache Size: ~296 MB (310594474 B)
2025-02-20T16:54:34.9833940Z [command]/opt/homebrew/bin/gtar -xf /Users/runner/work/_temp/278d6f7d-1169-40b9-b573-4de830478c86/cache.tzst -P -C /Users/runner/work/tardis/tardis --delay-directory-restore --use-compress-program unzstd
2025-02-20T16:54:35.5645440Z Cache restored successfully
2025-02-20T16:54:35.5671700Z Restored cache with key `tardis-conda-env-osx-arm64-bf0d0a4d4c847cca72476c6c68c493d56c484aada7e80de0e42c7607fcef5824-v1-osx-arm64`
2025-02-20T16:54:35.5672940Z ##[endgroup]
2025-02-20T16:54:35.5696390Z ##[group]Restoring environment `tardis` from `/Users/runner/micromamba/envs/tardis` ...
2025-02-20T16:54:36.9363430Z Received 37748736 of 385513979 (9.8%), 36.0 MBs/sec
2025-02-20T16:54:37.9371480Z Received 113246208 of 385513979 (29.4%), 54.0 MBs/sec
2025-02-20T16:54:38.9392350Z Received 180355072 of 385513979 (46.8%), 57.3 MBs/sec
2025-02-20T16:54:39.9390950Z Received 247463936 of 385513979 (64.2%), 59.0 MBs/sec
2025-02-20T16:54:40.9398960Z Received 306184192 of 385513979 (79.4%), 58.4 MBs/sec
2025-02-20T16:54:41.8749170Z Cache Size: ~368 MB (385513979 B)
2025-02-20T16:54:41.8803360Z [command]/opt/homebrew/bin/gtar -xf /Users/runner/work/_temp/ddb2e4f7-53bc-4cf6-9232-e1278e008c5c/cache.tzst -P -C /Users/runner/work/tardis/tardis --delay-directory-restore --use-compress-program unzstd
2025-02-20T16:54:41.9441260Z Received 385513979 of 385513979 (100.0%), 61.2 MBs/sec
2025-02-20T16:54:56.3521690Z Cache restored successfully
2025-02-20T16:54:56.3601840Z Restored cache with key `tardis-conda-env-osx-arm64-bf0d0a4d4c847cca72476c6c68c493d56c484aada7e80de0e42c7607fcef5824-v1-osx-arm64-tardis-args-4f53cda-root-873f6fe-bin-[object Promise]-file-bf0d0a4d4c847cca72476c6c68c493d56c484aada7e80de0e42c7607fcef5824`
2025-02-20T16:54:56.3605640Z ##[endgroup]
2025-02-20T16:54:56.3606000Z Adding environment tardis to auto-activate bash ...
2025-02-20T16:54:56.3621570Z Generating micromamba run shell.
2025-02-20T16:54:56.3641770Z ##[endgroup]
2025-02-20T16:54:56.3648730Z Set environment variables.
2025-02-20T16:54:56.3652840Z ##[group]micromamba info
2025-02-20T16:54:56.3656160Z [command]/Users/runner/micromamba-bin/micromamba info -r /Users/runner/micromamba -n tardis
2025-02-20T16:54:56.7914180Z 
2025-02-20T16:54:56.7914750Z        libmamba version : 1.5.10
2025-02-20T16:54:56.7915310Z      micromamba version : 1.5.10
2025-02-20T16:54:56.7915830Z            curl version : libcurl/8.10.1 (OpenSSL/3.3.2) SecureTransport zlib/1.3.1 zstd/1.5.6 libssh2/1.11.0 nghttp2/1.58.0
2025-02-20T16:54:56.7916530Z      libarchive version : libarchive 3.7.4 zlib/1.2.13 bz2lib/1.0.8 libzstd/1.5.6
2025-02-20T16:54:56.7917010Z        envs directories : /Users/runner/micromamba/envs
2025-02-20T16:54:56.7917350Z           package cache : /Users/runner/micromamba/pkgs
2025-02-20T16:54:56.7917740Z                           /Users/runner/.mamba/pkgs
2025-02-20T16:54:56.7917990Z             environment : tardis
2025-02-20T16:54:56.7918360Z            env location : /Users/runner/micromamba/envs/tardis
2025-02-20T16:54:56.7918770Z       user config files : /Users/runner/.mambarc
2025-02-20T16:54:56.7924050Z  populated config files : /Users/runner/work/_temp/setup-micromamba/.condarc
2025-02-20T16:54:56.7924590Z        virtual packages : __unix=0=0
2025-02-20T16:54:56.7924850Z                           __osx=14.7.2=0
2025-02-20T16:54:56.7925150Z                           __archspec=1=arm64
2025-02-20T16:54:56.7925720Z                channels : https://conda.anaconda.org/conda-forge/osx-arm64
2025-02-20T16:54:56.7926160Z                           https://conda.anaconda.org/conda-forge/noarch
2025-02-20T16:54:56.7926510Z        base environment : /Users/runner/micromamba
2025-02-20T16:54:56.7926860Z                platform : osx-arm64
2025-02-20T16:54:56.7927520Z ##[endgroup]
2025-02-20T16:54:56.7927920Z ##[group]micromamba list
2025-02-20T16:54:56.7928520Z [command]/Users/runner/micromamba-bin/micromamba list -r /Users/runner/micromamba -n tardis
2025-02-20T16:54:57.1033400Z List of packages in environment: "/Users/runner/micromamba/envs/tardis"
2025-02-20T16:54:57.1033750Z 
2025-02-20T16:54:57.1033930Z   Name                           Version              Build                    Channel    
2025-02-20T16:54:57.1036060Z â”€â”€â”€â”€â”€â”€â”€â”€â”€â”€â”€â”€â”€â”€â”€â”€â”€â”€â”€â”€â”€â”€â”€â”€â”€â”€â”€â”€â”€â”€â”€â”€â”€â”€â”€â”€â”€â”€â”€â”€â”€â”€â”€â”€â”€â”€â”€â”€â”€â”€â”€â”€â”€â”€â”€â”€â”€â”€â”€â”€â”€â”€â”€â”€â”€â”€â”€â”€â”€â”€â”€â”€â”€â”€â”€â”€â”€â”€â”€â”€â”€â”€â”€â”€â”€â”€â”€â”€â”€â”€â”€â”€
2025-02-20T16:54:57.1036570Z   alabaster                      0.7.16               pyhd8ed1ab_0             conda-forge
2025-02-20T16:54:57.1036900Z   anyio                          4.4.0                pyhd8ed1ab_0             conda-forge
2025-02-20T16:54:57.1037400Z   appnope                        0.1.4                pyhd8ed1ab_0             conda-forge
2025-02-20T16:54:57.1037830Z   argon2-cffi                    23.1.0               pyhd8ed1ab_0             conda-forge
2025-02-20T16:54:57.1038400Z   argon2-cffi-bindings           21.2.0               py312h02f2b3b_4          conda-forge
2025-02-20T16:54:57.1038920Z   arrow                          1.3.0                pyhd8ed1ab_0             conda-forge
2025-02-20T16:54:57.1039330Z   astropy                        6.1.1                py312hbebd99a_0          conda-forge
2025-02-20T16:54:57.1039820Z   astropy-iers-data              0.2024.6.17.0.31.35  pyhd8ed1ab_0             conda-forge
2025-02-20T16:54:57.1041080Z   astropy-sphinx-theme           1.1                  pyhd8ed1ab_0             conda-forge
2025-02-20T16:54:57.1041560Z   asttokens                      2.4.1                pyhd8ed1ab_0             conda-forge
2025-02-20T16:54:57.1042410Z   async-lru                      2.0.4                pyhd8ed1ab_0             conda-forge
2025-02-20T16:54:57.1042880Z   atk-1.0                        2.38.0               hd03087b_2               conda-forge
2025-02-20T16:54:57.1043360Z   attrs                          23.2.0               pyh71513ae_0             conda-forge
2025-02-20T16:54:57.1043700Z   babel                          2.14.0               pyhd8ed1ab_0             conda-forge
2025-02-20T16:54:57.1044200Z   beautifulsoup4                 4.12.3               pyha770c72_0             conda-forge
2025-02-20T16:54:57.1044580Z   bleach                         6.1.0                pyhd8ed1ab_0             conda-forge
2025-02-20T16:54:57.1044990Z   blosc                          1.21.5               h9c252e8_1               conda-forge
2025-02-20T16:54:57.1045390Z   brotli                         1.1.0                hb547adb_1               conda-forge
2025-02-20T16:54:57.1045760Z   brotli-bin                     1.1.0                hb547adb_1               conda-forge
2025-02-20T16:54:57.1046140Z   brotli-python                  1.1.0                py312h9f69965_1          conda-forge
2025-02-20T16:54:57.1047360Z   bzip2                          1.0.8                h93a5062_5               conda-forge
2025-02-20T16:54:57.1047720Z   c-ares                         1.28.1               h93a5062_0               conda-forge
2025-02-20T16:54:57.1048200Z   c-blosc2                       2.14.4               ha57e6be_1               conda-forge
2025-02-20T16:54:57.1048920Z   ca-certificates                2024.6.2             hf0a4a13_0               conda-forge
2025-02-20T16:54:57.1049300Z   cached-property                1.5.2                hd8ed1ab_1               conda-forge
2025-02-20T16:54:57.1049710Z   cached_property                1.5.2                pyha770c72_1             conda-forge
2025-02-20T16:54:57.1050210Z   cairo                          1.18.0               hd1e100b_0               conda-forge
2025-02-20T16:54:57.1050720Z   certifi                        2024.6.2             pyhd8ed1ab_0             conda-forge
2025-02-20T16:54:57.1051100Z   cffi                           1.16.0               py312h8e38eb3_0          conda-forge
2025-02-20T16:54:57.1084770Z   charset-normalizer             3.3.2                pyhd8ed1ab_0             conda-forge
2025-02-20T16:54:57.1085330Z   click                          8.1.7                unix_pyh707e725_0        conda-forge
2025-02-20T16:54:57.1085770Z   codespell                      2.3.0                pyhd8ed1ab_0             conda-forge
2025-02-20T16:54:57.1086260Z   colorama                       0.4.6                pyhd8ed1ab_0             conda-forge
2025-02-20T16:54:57.1086620Z   comm                           0.2.2                pyhd8ed1ab_0             conda-forge
2025-02-20T16:54:57.1086910Z   commonmark                     0.9.1                py_0                     conda-forge
2025-02-20T16:54:57.1087270Z   contourpy                      1.2.1                py312h0fef576_0          conda-forge
2025-02-20T16:54:57.1087710Z   coverage                       7.5.3                py312h7e5086c_0          conda-forge
2025-02-20T16:54:57.1088000Z   cycler                         0.12.1               pyhd8ed1ab_0             conda-forge
2025-02-20T16:54:57.1088370Z   dataclasses                    0.8                  pyhc8e2a94_3             conda-forge
2025-02-20T16:54:57.1088670Z   debugpy                        1.8.1                py312h20a0b95_0          conda-forge
2025-02-20T16:54:57.1089040Z   decorator                      5.1.1                pyhd8ed1ab_0             conda-forge
2025-02-20T16:54:57.1089560Z   defusedxml                     0.7.1                pyhd8ed1ab_0             conda-forge
2025-02-20T16:54:57.1089950Z   docutils                       0.20.1               py312h81bd7bf_3          conda-forge
2025-02-20T16:54:57.1090350Z   dot2tex                        2.11.3               pyhd8ed1ab_0             conda-forge
2025-02-20T16:54:57.1091360Z   entrypoints                    0.4                  pyhd8ed1ab_0             conda-forge
2025-02-20T16:54:57.1091730Z   exceptiongroup                 1.2.0                pyhd8ed1ab_2             conda-forge
2025-02-20T16:54:57.1092140Z   executing                      2.0.1                pyhd8ed1ab_0             conda-forge
2025-02-20T16:54:57.1092500Z   expat                          2.6.2                hebf3989_0               conda-forge
2025-02-20T16:54:57.1092920Z   font-ttf-dejavu-sans-mono      2.37                 hab24e00_0               conda-forge
2025-02-20T16:54:57.1093290Z   font-ttf-inconsolata           3.000                h77eed37_0               conda-forge
2025-02-20T16:54:57.1093700Z   font-ttf-source-code-pro       2.038                h77eed37_0               conda-forge
2025-02-20T16:54:57.1094210Z   font-ttf-ubuntu                0.83                 h77eed37_2               conda-forge
2025-02-20T16:54:57.1094610Z   fontconfig                     2.14.2               h82840c6_0               conda-forge
2025-02-20T16:54:57.1095030Z   fonts-conda-ecosystem          1                    0                        conda-forge
2025-02-20T16:54:57.1095360Z   fonts-conda-forge              1                    0                        conda-forge
2025-02-20T16:54:57.1095810Z   fonttools                      4.53.0               py312h7e5086c_0          conda-forge
2025-02-20T16:54:57.1096150Z   fqdn                           1.5.1                pyhd8ed1ab_0             conda-forge
2025-02-20T16:54:57.1096750Z   freetype                       2.12.1               hadb7bae_2               conda-forge
2025-02-20T16:54:57.1097120Z   fribidi                        1.0.10               h27ca646_0               conda-forge
2025-02-20T16:54:57.1097510Z   future                         1.0.0                pyhd8ed1ab_0             conda-forge
2025-02-20T16:54:57.1097850Z   gdk-pixbuf                     2.42.12              h7ddc832_0               conda-forge
2025-02-20T16:54:57.1098260Z   gettext                        0.22.5               h8fbad5d_2               conda-forge
2025-02-20T16:54:57.1099010Z   gettext-tools                  0.22.5               h8fbad5d_2               conda-forge
2025-02-20T16:54:57.1099600Z   giflib                         5.2.2                h93a5062_0               conda-forge
2025-02-20T16:54:57.1100010Z   git-lfs                        3.5.1                hce30654_0               conda-forge
2025-02-20T16:54:57.1100360Z   gmp                            6.3.0                hebf3989_1               conda-forge
2025-02-20T16:54:57.1100750Z   gmpy2                          2.1.5                py312hfa9fade_1          conda-forge
2025-02-20T16:54:57.1101100Z   graphite2                      1.3.13               hebf3989_1003            conda-forge
2025-02-20T16:54:57.1101520Z   graphviz                       11.0.0               h9bb9bc9_0               conda-forge
2025-02-20T16:54:57.1101980Z   gtk2                           2.24.33              h7895bb2_4               conda-forge
2025-02-20T16:54:57.1102350Z   gts                            0.7.6                he42f4ea_4               conda-forge
2025-02-20T16:54:57.1102610Z   h11                            0.14.0               pyhd8ed1ab_0             conda-forge
2025-02-20T16:54:57.1102870Z   h2                             4.1.0                pyhd8ed1ab_0             conda-forge
2025-02-20T16:54:57.1103160Z   h5py                           3.11.0               nompi_py312h903599c_102  conda-forge
2025-02-20T16:54:57.1103510Z   harfbuzz                       8.5.0                h1836168_0               conda-forge
2025-02-20T16:54:57.1104480Z   hdf5                           1.14.3               nompi_hec07895_105       conda-forge
2025-02-20T16:54:57.1104840Z   hpack                          4.0.0                pyh9f0ad1d_0             conda-forge
2025-02-20T16:54:57.1105350Z   httpcore                       1.0.5                pyhd8ed1ab_0             conda-forge
2025-02-20T16:54:57.1105940Z   httpx                          0.27.0               pyhd8ed1ab_0             conda-forge
2025-02-20T16:54:57.1106360Z   hyperframe                     6.0.1                pyhd8ed1ab_0             conda-forge
2025-02-20T16:54:57.1106680Z   icu                            73.2                 hc8870d7_0               conda-forge
2025-02-20T16:54:57.1107000Z   idna                           3.7                  pyhd8ed1ab_0             conda-forge
2025-02-20T16:54:57.1107510Z   imagesize                      1.4.1                pyhd8ed1ab_0             conda-forge
2025-02-20T16:54:57.1108000Z   importlib-metadata             7.1.0                pyha770c72_0             conda-forge
2025-02-20T16:54:57.1108490Z   importlib_metadata             7.1.0                hd8ed1ab_0               conda-forge
2025-02-20T16:54:57.1108940Z   importlib_resources            6.4.0                pyhd8ed1ab_0             conda-forge
2025-02-20T16:54:57.1109300Z   iniconfig                      2.0.0                pyhd8ed1ab_0             conda-forge
2025-02-20T16:54:57.1109620Z   ipykernel                      6.29.4               pyh57ce528_0             conda-forge
2025-02-20T16:54:57.1109940Z   ipython                        8.25.0               pyh707e725_0             conda-forge
2025-02-20T16:54:57.1110260Z   ipython_genutils               0.2.0                pyhd8ed1ab_1             conda-forge
2025-02-20T16:54:57.1110580Z   ipywidgets                     7.8.0                pyhd8ed1ab_0             conda-forge
2025-02-20T16:54:57.1111170Z   isoduration                    20.11.0              pyhd8ed1ab_0             conda-forge
2025-02-20T16:54:57.1111560Z   jedi                           0.19.1               pyhd8ed1ab_0             conda-forge
2025-02-20T16:54:57.1112020Z   jinja2                         3.1.4                pyhd8ed1ab_0             conda-forge
2025-02-20T16:54:57.1112360Z   json5                          0.9.25               pyhd8ed1ab_0             conda-forge
2025-02-20T16:54:57.1112730Z   jsonpointer                    3.0.0                py312h81bd7bf_0          conda-forge
2025-02-20T16:54:57.1113120Z   jsonschema                     4.22.0               pyhd8ed1ab_0             conda-forge
2025-02-20T16:54:57.1113510Z   jsonschema-specifications      2023.12.1            pyhd8ed1ab_0             conda-forge
2025-02-20T16:54:57.1114030Z   jsonschema-with-format-nongpl  4.22.0               pyhd8ed1ab_0             conda-forge
2025-02-20T16:54:57.1114460Z   jupyter-lsp                    2.2.5                pyhd8ed1ab_0             conda-forge
2025-02-20T16:54:57.1114770Z   jupyter_client                 8.6.2                pyhd8ed1ab_0             conda-forge
2025-02-20T16:54:57.1115090Z   jupyter_core                   5.7.2                py312h81bd7bf_0          conda-forge
2025-02-20T16:54:57.1115480Z   jupyter_events                 0.10.0               pyhd8ed1ab_0             conda-forge
2025-02-20T16:54:57.1115880Z   jupyter_server                 2.14.1               pyhd8ed1ab_0             conda-forge
2025-02-20T16:54:57.1116370Z   jupyter_server_terminals       0.5.3                pyhd8ed1ab_0             conda-forge
2025-02-20T16:54:57.1116740Z   jupyterlab                     4.2.2                pyhd8ed1ab_0             conda-forge
2025-02-20T16:54:57.1117160Z   jupyterlab_pygments            0.3.0                pyhd8ed1ab_1             conda-forge
2025-02-20T16:54:57.1117540Z   jupyterlab_server              2.27.2               pyhd8ed1ab_0             conda-forge
2025-02-20T16:54:57.1117940Z   jupyterlab_widgets             1.1.7                pyhd8ed1ab_0             conda-forge
2025-02-20T16:54:57.1118400Z   kiwisolver                     1.4.5                py312h389731b_1          conda-forge
2025-02-20T16:54:57.1118710Z   krb5                           1.21.2               h92f50d5_0               conda-forge
2025-02-20T16:54:57.1119090Z   latexcodec                     2.0.1                pyh9f0ad1d_0             conda-forge
2025-02-20T16:54:57.1119560Z   lcms2                          2.16                 ha0e7c42_0               conda-forge
2025-02-20T16:54:57.1119920Z   lerc                           4.0.0                h9a09cb3_0               conda-forge
2025-02-20T16:54:57.1120230Z   libaec                         1.1.3                hebf3989_0               conda-forge
2025-02-20T16:54:57.1120650Z   libasprintf                    0.22.5               h8fbad5d_2               conda-forge
2025-02-20T16:54:57.1120990Z   libasprintf-devel              0.22.5               h8fbad5d_2               conda-forge
2025-02-20T16:54:57.1121420Z   libblas                        3.9.0                22_osxarm64_openblas     conda-forge
2025-02-20T16:54:57.1121750Z   libbrotlicommon                1.1.0                hb547adb_1               conda-forge
2025-02-20T16:54:57.1122220Z   libbrotlidec                   1.1.0                hb547adb_1               conda-forge
2025-02-20T16:54:57.1122590Z   libbrotlienc                   1.1.0                hb547adb_1               conda-forge
2025-02-20T16:54:57.1122920Z   libcblas                       3.9.0                22_osxarm64_openblas     conda-forge
2025-02-20T16:54:57.1123270Z   libcurl                        8.8.0                h7b6f9a7_0               conda-forge
2025-02-20T16:54:57.1123600Z   libcxx                         17.0.6               h5f092b4_0               conda-forge
2025-02-20T16:54:57.1123950Z   libdeflate                     1.20                 h93a5062_0               conda-forge
2025-02-20T16:54:57.1124300Z   libedit                        3.1.20191231         hc8eb9b7_2               conda-forge
2025-02-20T16:54:57.1124890Z   libev                          4.33                 h93a5062_2               conda-forge
2025-02-20T16:54:57.1125280Z   libexpat                       2.6.2                hebf3989_0               conda-forge
2025-02-20T16:54:57.1125800Z   libffi                         3.4.2                h3422bc3_5               conda-forge
2025-02-20T16:54:57.1126150Z   libgd                          2.3.3                hfdf3952_9               conda-forge
2025-02-20T16:54:57.1126530Z   libgettextpo                   0.22.5               h8fbad5d_2               conda-forge
2025-02-20T16:54:57.1126990Z   libgettextpo-devel             0.22.5               h8fbad5d_2               conda-forge
2025-02-20T16:54:57.1127360Z   libgfortran                    5.0.0                13_2_0_hd922786_3        conda-forge
2025-02-20T16:54:57.1127700Z   libgfortran5                   13.2.0               hf226fd6_3               conda-forge
2025-02-20T16:54:57.1128000Z   libglib                        2.80.2               h59d46d9_1               conda-forge
2025-02-20T16:54:57.1128280Z   libiconv                       1.17                 h0d3ecfb_2               conda-forge
2025-02-20T16:54:57.1128640Z   libintl                        0.22.5               h8fbad5d_2               conda-forge
2025-02-20T16:54:57.1129040Z   libintl-devel                  0.22.5               h8fbad5d_2               conda-forge
2025-02-20T16:54:57.1129410Z   libjpeg-turbo                  3.0.0                hb547adb_1               conda-forge
2025-02-20T16:54:57.1129830Z   liblapack                      3.9.0                22_osxarm64_openblas     conda-forge
2025-02-20T16:54:57.1130200Z   libllvm14                      14.0.6               hd1a9a77_4               conda-forge
2025-02-20T16:54:57.1130540Z   libnghttp2                     1.58.0               ha4dd798_1               conda-forge
2025-02-20T16:54:57.1130990Z   libopenblas                    0.3.27               openmp_h6c19121_0        conda-forge
2025-02-20T16:54:57.1131340Z   libpng                         1.6.43               h091b4b1_0               conda-forge
2025-02-20T16:54:57.1131770Z   librsvg                        2.58.1               hbc281fb_0               conda-forge
2025-02-20T16:54:57.1132050Z   libsodium                      1.0.18               h27ca646_1               conda-forge
2025-02-20T16:54:57.1132440Z   libsqlite                      3.46.0               hfb93653_0               conda-forge
2025-02-20T16:54:57.1133330Z   libssh2                        1.11.0               h7a5bd25_0               conda-forge
2025-02-20T16:54:57.1133710Z   libtiff                        4.6.0                h07db509_3               conda-forge
2025-02-20T16:54:57.1134050Z   libwebp                        1.4.0                h54798ee_0               conda-forge
2025-02-20T16:54:57.1134430Z   libwebp-base                   1.4.0                h93a5062_0               conda-forge
2025-02-20T16:54:57.1134760Z   libxcb                         1.16                 hf2054a2_0               conda-forge
2025-02-20T16:54:57.1135090Z   libxml2                        2.12.7               ha661575_1               conda-forge
2025-02-20T16:54:57.1135440Z   libxslt                        1.1.39               h223e5b9_0               conda-forge
2025-02-20T16:54:57.1135810Z   libzlib                        1.3.1                hfb2fe0b_1               conda-forge
2025-02-20T16:54:57.1136220Z   llvm-openmp                    18.1.7               hde57baf_0               conda-forge
2025-02-20T16:54:57.1136600Z   llvmlite                       0.42.0               py312h17030e7_1          conda-forge
2025-02-20T16:54:57.1136990Z   lxml                           5.2.2                py312h0e5ab22_0          conda-forge
2025-02-20T16:54:57.1137320Z   lz4-c                          1.9.4                hb7217d7_0               conda-forge
2025-02-20T16:54:57.1137670Z   markupsafe                     2.1.5                py312he37b823_0          conda-forge
2025-02-20T16:54:57.1138180Z   matplotlib-base                3.8.4                py312h4479663_2          conda-forge
2025-02-20T16:54:57.1138600Z   matplotlib-inline              0.1.7                pyhd8ed1ab_0             conda-forge
2025-02-20T16:54:57.1138970Z   mistune                        3.0.2                pyhd8ed1ab_0             conda-forge
2025-02-20T16:54:57.1139370Z   mpc                            1.3.1                h91ba8db_0               conda-forge
2025-02-20T16:54:57.1139700Z   mpfr                           4.2.1                h41d338b_1               conda-forge
2025-02-20T16:54:57.1139970Z   mpmath                         1.3.0                pyhd8ed1ab_0             conda-forge
2025-02-20T16:54:57.1140280Z   munkres                        1.1.4                pyh9f0ad1d_0             conda-forge
2025-02-20T16:54:57.1140620Z   mypy_extensions                1.0.0                pyha770c72_0             conda-forge
2025-02-20T16:54:57.1141030Z   nbclassic                      1.1.0                pyhd8ed1ab_0             conda-forge
2025-02-20T16:54:57.1141370Z   nbclient                       0.10.0               pyhd8ed1ab_0             conda-forge
2025-02-20T16:54:57.1141790Z   nbconvert                      7.16.4               hd8ed1ab_1               conda-forge
2025-02-20T16:54:57.1142220Z   nbconvert-core                 7.16.4               pyhd8ed1ab_1             conda-forge
2025-02-20T16:54:57.1142600Z   nbconvert-pandoc               7.16.4               hd8ed1ab_1               conda-forge
2025-02-20T16:54:57.1143010Z   nbformat                       5.10.4               pyhd8ed1ab_0             conda-forge
2025-02-20T16:54:57.1143290Z   nbsphinx                       0.9.4                pyhd8ed1ab_0             conda-forge
2025-02-20T16:54:57.1143670Z   ncurses                        6.5                  hb89a1cb_0               conda-forge
2025-02-20T16:54:57.1143960Z   nest-asyncio                   1.6.0                pyhd8ed1ab_0             conda-forge
2025-02-20T16:54:57.1144250Z   networkx                       3.3                  pyhd8ed1ab_1             conda-forge
2025-02-20T16:54:57.1144640Z   notebook                       7.2.1                pyhd8ed1ab_0             conda-forge
2025-02-20T16:54:57.1144970Z   notebook-shim                  0.2.4                pyhd8ed1ab_0             conda-forge
2025-02-20T16:54:57.1145260Z   numba                          0.59.1               py312hbaff935_0          conda-forge
2025-02-20T16:54:57.1145820Z   numexpr                        2.10.0               py312h8ae5369_0          conda-forge
2025-02-20T16:54:57.1146170Z   numpy                          1.26.4               py312h8442bc7_0          conda-forge
2025-02-20T16:54:57.1146480Z   numpydoc                       1.7.0                pyhd8ed1ab_1             conda-forge
2025-02-20T16:54:57.1146810Z   openjpeg                       2.5.2                h9f1df11_0               conda-forge
2025-02-20T16:54:57.1147130Z   openssl                        3.3.1                hfb2fe0b_0               conda-forge
2025-02-20T16:54:57.1147410Z   overrides                      7.7.0                pyhd8ed1ab_0             conda-forge
2025-02-20T16:54:57.1147700Z   packaging                      24.1                 pyhd8ed1ab_0             conda-forge
2025-02-20T16:54:57.1147980Z   pandas                         2.2.2                py312h8ae5369_1          conda-forge
2025-02-20T16:54:57.1148250Z   pandoc                         3.2                  hce30654_0               conda-forge
2025-02-20T16:54:57.1148570Z   pandocfilters                  1.5.0                pyhd8ed1ab_0             conda-forge
2025-02-20T16:54:57.1148850Z   pango                          1.54.0               h5cb9fbc_0               conda-forge
2025-02-20T16:54:57.1149120Z   parso                          0.8.4                pyhd8ed1ab_0             conda-forge
2025-02-20T16:54:57.1149400Z   pathspec                       0.12.1               pyhd8ed1ab_0             conda-forge
2025-02-20T16:54:57.1149800Z   pbr                            6.0.0                pyhd8ed1ab_0             conda-forge
2025-02-20T16:54:57.1150070Z   pcre2                          10.44                h297a79d_0               conda-forge
2025-02-20T16:54:57.1150340Z   pexpect                        4.9.0                pyhd8ed1ab_0             conda-forge
2025-02-20T16:54:57.1150630Z   pickleshare                    0.7.5                py_1003                  conda-forge
2025-02-20T16:54:57.1150920Z   pillow                         10.3.0               py312h39b1d8d_1          conda-forge
2025-02-20T16:54:57.1151180Z   pip                            24.0                 pyhd8ed1ab_0             conda-forge
2025-02-20T16:54:57.1151440Z   pixman                         0.43.4               hebf3989_0               conda-forge
2025-02-20T16:54:57.1151740Z   pkgutil-resolve-name           1.3.10               pyhd8ed1ab_1             conda-forge
2025-02-20T16:54:57.1152070Z   platformdirs                   4.2.2                pyhd8ed1ab_0             conda-forge
2025-02-20T16:54:57.1152360Z   plotly                         5.22.0               pyhd8ed1ab_0             conda-forge
2025-02-20T16:54:57.1152640Z   pluggy                         1.5.0                pyhd8ed1ab_0             conda-forge
2025-02-20T16:54:57.1152940Z   prometheus_client              0.20.0               pyhd8ed1ab_0             conda-forge
2025-02-20T16:54:57.1153250Z   prompt-toolkit                 3.0.47               pyha770c72_0             conda-forge
2025-02-20T16:54:57.1153550Z   psutil                         5.9.8                py312he37b823_0          conda-forge
2025-02-20T16:54:57.1153830Z   pthread-stubs                  0.4                  h27ca646_1001            conda-forge
2025-02-20T16:54:57.1154130Z   ptyprocess                     0.7.0                pyhd3deb0d_0             conda-forge
2025-02-20T16:54:57.1154410Z   pure_eval                      0.2.2                pyhd8ed1ab_0             conda-forge
2025-02-20T16:54:57.1154690Z   py-cpuinfo                     9.0.0                pyhd8ed1ab_0             conda-forge
2025-02-20T16:54:57.1154970Z   pybtex                         0.24.0               pyhd8ed1ab_2             conda-forge
2025-02-20T16:54:57.1155270Z   pybtex-docutils                1.0.3                py312h81bd7bf_1          conda-forge
2025-02-20T16:54:57.1155570Z   pycparser                      2.22                 pyhd8ed1ab_0             conda-forge
2025-02-20T16:54:57.1155960Z   pyerfa                         2.0.1.4              py312hbebd99a_1          conda-forge
2025-02-20T16:54:57.1156300Z   pygments                       2.18.0               pyhd8ed1ab_0             conda-forge
2025-02-20T16:54:57.1156580Z   pygraphviz                     1.13                 py312h5f4d302_1          conda-forge
2025-02-20T16:54:57.1156870Z   pyobjc-core                    10.3.1               py312hbb55c70_0          conda-forge
2025-02-20T16:54:57.1157200Z   pyobjc-framework-cocoa         10.3.1               py312hbb55c70_0          conda-forge
2025-02-20T16:54:57.1157520Z   pyparsing                      3.1.2                pyhd8ed1ab_0             conda-forge
2025-02-20T16:54:57.1157800Z   pysocks                        1.7.1                pyha2e5f31_6             conda-forge
2025-02-20T16:54:57.1158070Z   pytables                       3.9.2                py312hb622ae1_2          conda-forge
2025-02-20T16:54:57.1158360Z   pytest                         8.2.2                pyhd8ed1ab_0             conda-forge
2025-02-20T16:54:57.1158640Z   pytest-cov                     5.0.0                pyhd8ed1ab_0             conda-forge
2025-02-20T16:54:57.1158940Z   pytest-doctestplus             1.2.1                pyhd8ed1ab_0             conda-forge
2025-02-20T16:54:57.1159260Z   pytest-html                    4.1.1                pyhd8ed1ab_0             conda-forge
2025-02-20T16:54:57.1159570Z   pytest-metadata                3.1.1                pyhd8ed1ab_0             conda-forge
2025-02-20T16:54:57.1160090Z   python                         3.12.4               h30c5eda_0_cpython       conda-forge
2025-02-20T16:54:57.1160390Z   python-dateutil                2.9.0                pyhd8ed1ab_0             conda-forge
2025-02-20T16:54:57.1160720Z   python-fastjsonschema          2.20.0               pyhd8ed1ab_0             conda-forge
2025-02-20T16:54:57.1161050Z   python-json-logger             2.0.7                pyhd8ed1ab_0             conda-forge
2025-02-20T16:54:57.1161370Z   python-tzdata                  2024.1               pyhd8ed1ab_0             conda-forge
2025-02-20T16:54:57.1161670Z   python_abi                     3.12                 4_cp312                  conda-forge
2025-02-20T16:54:57.1161950Z   pytz                           2024.1               pyhd8ed1ab_0             conda-forge
2025-02-20T16:54:57.1162210Z   pyyaml                         6.0.1                py312h02f2b3b_1          conda-forge
2025-02-20T16:54:57.1162480Z   pyzmq                          26.0.3               py312hfa13136_0          conda-forge
2025-02-20T16:54:57.1162750Z   qgrid                          1.3.1                pyhd8ed1ab_4             conda-forge
2025-02-20T16:54:57.1163050Z   radioactivedecay               0.5.1                pyhd8ed1ab_0             conda-forge
2025-02-20T16:54:57.1163360Z   readline                       8.2                  h92ec313_1               conda-forge
2025-02-20T16:54:57.1163640Z   recommonmark                   0.7.1                pyhd8ed1ab_0             conda-forge
2025-02-20T16:54:57.1163940Z   referencing                    0.35.1               pyhd8ed1ab_0             conda-forge
2025-02-20T16:54:57.1164230Z   requests                       2.32.3               pyhd8ed1ab_0             conda-forge
2025-02-20T16:54:57.1164530Z   rfc3339-validator              0.1.4                pyhd8ed1ab_0             conda-forge
2025-02-20T16:54:57.1164840Z   rfc3986-validator              0.1.1                pyh9f0ad1d_0             conda-forge
2025-02-20T16:54:57.1165140Z   rpds-py                        0.18.1               py312h552d48e_0          conda-forge
2025-02-20T16:54:57.1165400Z   ruff                           0.4.9                py312h3402d49_0          conda-forge
2025-02-20T16:54:57.1165660Z   scipy                          1.13.1               py312h14ffa8f_0          conda-forge
2025-02-20T16:54:57.1165940Z   send2trash                     1.8.3                pyh31c8845_0             conda-forge
2025-02-20T16:54:57.1166330Z   setuptools                     70.0.0               pyhd8ed1ab_0             conda-forge
2025-02-20T16:54:57.1166630Z   setuptools-scm                 8.1.0                pyhd8ed1ab_0             conda-forge
2025-02-20T16:54:57.1166930Z   setuptools_scm                 8.1.0                hd8ed1ab_0               conda-forge
2025-02-20T16:54:57.1167210Z   six                            1.16.0               pyh6c4a22f_0             conda-forge
2025-02-20T16:54:57.1167480Z   snakeviz                       2.2.0                pyhd8ed1ab_0             conda-forge
2025-02-20T16:54:57.1167750Z   snappy                         1.2.0                hd04f947_1               conda-forge
2025-02-20T16:54:57.1168020Z   sniffio                        1.3.1                pyhd8ed1ab_0             conda-forge
2025-02-20T16:54:57.1168320Z   snowballstemmer                2.2.0                pyhd8ed1ab_0             conda-forge
2025-02-20T16:54:57.1168620Z   soupsieve                      2.5                  pyhd8ed1ab_1             conda-forge
2025-02-20T16:54:57.1168900Z   sphinx                         7.3.7                pyhd8ed1ab_0             conda-forge
2025-02-20T16:54:57.1169190Z   sphinx-astropy                 1.9.1                pyhd8ed1ab_0             conda-forge
2025-02-20T16:54:57.1169510Z   sphinx-automodapi              0.17.0               pyh717bed2_1             conda-forge
2025-02-20T16:54:57.1169820Z   sphinx-gallery                 0.16.0               pyhd8ed1ab_0             conda-forge
2025-02-20T16:54:57.1170230Z   sphinx-jsonschema              1.19.1               pyhd8ed1ab_0             conda-forge
2025-02-20T16:54:57.1170570Z   sphinx_bootstrap_theme         0.8.1                pyhd8ed1ab_0             conda-forge
2025-02-20T16:54:57.1170890Z   sphinx_rtd_theme               2.0.0                pyha770c72_0             conda-forge
2025-02-20T16:54:57.1171210Z   sphinxcontrib-apidoc           0.3.0                py_1                     conda-forge
2025-02-20T16:54:57.1171560Z   sphinxcontrib-applehelp        1.0.8                pyhd8ed1ab_0             conda-forge
2025-02-20T16:54:57.1171910Z   sphinxcontrib-bibtex           2.6.2                pyhd8ed1ab_0             conda-forge
2025-02-20T16:54:57.1172250Z   sphinxcontrib-devhelp          1.0.6                pyhd8ed1ab_0             conda-forge
2025-02-20T16:54:57.1172600Z   sphinxcontrib-htmlhelp         2.0.5                pyhd8ed1ab_0             conda-forge
2025-02-20T16:54:57.1172950Z   sphinxcontrib-jquery           4.1                  pyhd8ed1ab_0             conda-forge
2025-02-20T16:54:57.1173540Z   sphinxcontrib-jsmath           1.0.1                pyhd8ed1ab_0             conda-forge
2025-02-20T16:54:57.1173940Z   sphinxcontrib-qthelp           1.0.7                pyhd8ed1ab_0             conda-forge
2025-02-20T16:54:57.1174340Z   sphinxcontrib-serializinghtml  1.1.10               pyhd8ed1ab_0             conda-forge
2025-02-20T16:54:57.1180410Z   stack_data                     0.6.2                pyhd8ed1ab_0             conda-forge
2025-02-20T16:54:57.1180730Z   sympy                          1.12.1               pypyh2585a3b_103         conda-forge
2025-02-20T16:54:57.1181020Z   tabulate                       0.9.0                pyhd8ed1ab_1             conda-forge
2025-02-20T16:54:57.1181300Z   tenacity                       8.4.1                pyhd8ed1ab_0             conda-forge
2025-02-20T16:54:57.1181580Z   terminado                      0.18.1               pyh31c8845_0             conda-forge
2025-02-20T16:54:57.1181860Z   tinycss2                       1.3.0                pyhd8ed1ab_0             conda-forge
2025-02-20T16:54:57.1182130Z   tk                             8.6.13               h5083fa2_1               conda-forge
2025-02-20T16:54:57.1182390Z   toml                           0.10.2               pyhd8ed1ab_0             conda-forge
2025-02-20T16:54:57.1182650Z   tomli                          2.0.1                pyhd8ed1ab_0             conda-forge
2025-02-20T16:54:57.1183080Z   tornado                        6.4.1                py312h7e5086c_0          conda-forge
2025-02-20T16:54:57.1183350Z   tqdm                           4.66.4               pyhd8ed1ab_0             conda-forge
2025-02-20T16:54:57.1183620Z   traitlets                      5.14.3               pyhd8ed1ab_0             conda-forge
2025-02-20T16:54:57.1183910Z   typed-ast                      1.5.5                py312h02f2b3b_1          conda-forge
2025-02-20T16:54:57.1184230Z   types-python-dateutil          2.9.0.20240316       pyhd8ed1ab_0             conda-forge
2025-02-20T16:54:57.1184580Z   typing-extensions              4.12.2               hd8ed1ab_0               conda-forge
2025-02-20T16:54:57.1184900Z   typing_extensions              4.12.2               pyha770c72_0             conda-forge
2025-02-20T16:54:57.1185210Z   typing_utils                   0.1.0                pyhd8ed1ab_0             conda-forge
2025-02-20T16:54:57.1185500Z   tzdata                         2024a                h0c530f3_0               conda-forge
2025-02-20T16:54:57.1185790Z   uri-template                   1.3.0                pyhd8ed1ab_0             conda-forge
2025-02-20T16:54:57.1186080Z   urllib3                        2.2.2                pyhd8ed1ab_0             conda-forge
2025-02-20T16:54:57.1186350Z   wcwidth                        0.2.13               pyhd8ed1ab_0             conda-forge
2025-02-20T16:54:57.1186630Z   webcolors                      24.6.0               pyhd8ed1ab_0             conda-forge
2025-02-20T16:54:57.1187030Z   webencodings                   0.5.1                pyhd8ed1ab_2             conda-forge
2025-02-20T16:54:57.1187350Z   websocket-client               1.8.0                pyhd8ed1ab_0             conda-forge
2025-02-20T16:54:57.1187640Z   wheel                          0.43.0               pyhd8ed1ab_1             conda-forge
2025-02-20T16:54:57.1187940Z   widgetsnbextension             3.6.6                pyhd8ed1ab_0             conda-forge
2025-02-20T16:54:57.1188250Z   xorg-libxau                    1.0.11               hb547adb_0               conda-forge
2025-02-20T16:54:57.1188540Z   xorg-libxdmcp                  1.1.3                h27ca646_0               conda-forge
2025-02-20T16:54:57.1188810Z   xz                             5.2.6                h57fd34a_0               conda-forge
2025-02-20T16:54:57.1189060Z   yaml                           0.2.5                h3422bc3_2               conda-forge
2025-02-20T16:54:57.1189320Z   zeromq                         4.3.5                hcc0f68c_4               conda-forge
2025-02-20T16:54:57.1189580Z   zipp                           3.19.2               pyhd8ed1ab_0             conda-forge
2025-02-20T16:54:57.1189830Z   zlib                           1.3.1                hfb2fe0b_1               conda-forge
2025-02-20T16:54:57.1190090Z   zlib-ng                        2.0.7                h1a8c8d9_0               conda-forge
2025-02-20T16:54:57.1190350Z   zstd                           1.5.6                hb46c0d2_0               conda-forge
2025-02-20T16:54:57.1190770Z ##[endgroup]
2025-02-20T16:54:57.1255770Z ##[group]Run pip install -e . --user
2025-02-20T16:54:57.1256160Z [36;1mpip install -e . --user[0m
2025-02-20T16:54:57.2728670Z shell: /bin/bash -l {0}
2025-02-20T16:54:57.2728860Z env:
2025-02-20T16:54:57.2728990Z   CACHE_NUMBER: 0
2025-02-20T16:54:57.2729490Z   PYTEST_FLAGS: --tardis-regression-data=/Users/runner/work/tardis/tardis/tardis-regression-data --cov=tardis --cov-report=xml --cov-report=html --cov-append
2025-02-20T16:54:57.2729990Z   CODECOV_TOKEN: 
2025-02-20T16:54:57.2730160Z   MAMBA_ROOT_PREFIX: /Users/runner/micromamba
2025-02-20T16:54:57.2730410Z   MAMBA_EXE: /Users/runner/micromamba-bin/micromamba
2025-02-20T16:54:57.2730690Z   CONDARC: /Users/runner/work/_temp/setup-micromamba/.condarc
2025-02-20T16:54:57.2730930Z ##[endgroup]
2025-02-20T16:54:58.1863160Z Obtaining file:///Users/runner/work/tardis/tardis
2025-02-20T16:54:58.1887970Z   Installing build dependencies: started
2025-02-20T16:55:01.9602800Z   Installing build dependencies: finished with status 'done'
2025-02-20T16:55:01.9610990Z   Checking if build backend supports build_editable: started
2025-02-20T16:55:02.0565030Z   Checking if build backend supports build_editable: finished with status 'done'
2025-02-20T16:55:02.0575590Z   Getting requirements to build editable: started
2025-02-20T16:55:02.5659250Z   Getting requirements to build editable: finished with status 'done'
2025-02-20T16:55:02.5669520Z   Preparing editable metadata (pyproject.toml): started
2025-02-20T16:55:03.0000220Z   Preparing editable metadata (pyproject.toml): finished with status 'done'
2025-02-20T16:55:03.0448680Z Requirement already satisfied: astropy in /Users/runner/micromamba/envs/tardis/lib/python3.12/site-packages (from tardis==0.0.0) (6.1.1)
2025-02-20T16:55:03.0724030Z Requirement already satisfied: numpy>=1.23 in /Users/runner/micromamba/envs/tardis/lib/python3.12/site-packages (from astropy->tardis==0.0.0) (1.26.4)
2025-02-20T16:55:03.0730460Z Requirement already satisfied: pyerfa>=2.0.1.1 in /Users/runner/micromamba/envs/tardis/lib/python3.12/site-packages (from astropy->tardis==0.0.0) (2.0.1.4)
2025-02-20T16:55:03.0737400Z Requirement already satisfied: astropy-iers-data>=0.2024.5.27.0.30.8 in /Users/runner/micromamba/envs/tardis/lib/python3.12/site-packages (from astropy->tardis==0.0.0) (0.2024.6.17.0.31.35)
2025-02-20T16:55:03.0741920Z Requirement already satisfied: PyYAML>=3.13 in /Users/runner/micromamba/envs/tardis/lib/python3.12/site-packages (from astropy->tardis==0.0.0) (6.0.1)
2025-02-20T16:55:03.0747830Z Requirement already satisfied: packaging>=19.0 in /Users/runner/micromamba/envs/tardis/lib/python3.12/site-packages (from astropy->tardis==0.0.0) (24.1)
2025-02-20T16:55:03.0804850Z Building wheels for collected packages: tardis
2025-02-20T16:55:03.0811220Z   Building editable for tardis (pyproject.toml): started
2025-02-20T16:55:03.7211770Z   Building editable for tardis (pyproject.toml): finished with status 'done'
2025-02-20T16:55:03.7218860Z   Created wheel for tardis: filename=tardis-0.0.0-0.editable-py3-none-any.whl size=8877 sha256=5e383e582718061d47409230d6e57408ca7845833c7952fd4fb26fc6041010c4
2025-02-20T16:55:03.7219790Z   Stored in directory: /private/var/folders/2s/h6hvv9ps03xgz_krkkstvq_r0000gn/T/pip-ephem-wheel-cache-wxb3mw07/wheels/bb/4f/6a/0829b918c1c10bc28535ce7f14be21eee54375bdd9cd0c306a
2025-02-20T16:55:03.7242060Z Successfully built tardis
2025-02-20T16:55:04.3166300Z Installing collected packages: tardis
2025-02-20T16:55:04.3230920Z Successfully installed tardis-0.0.0
2025-02-20T16:55:04.5626850Z ##[group]Run pip install qgridnext
2025-02-20T16:55:04.5627120Z [36;1mpip install qgridnext[0m
2025-02-20T16:55:04.5704790Z shell: /bin/bash -l {0}
2025-02-20T16:55:04.5705010Z env:
2025-02-20T16:55:04.5705130Z   CACHE_NUMBER: 0
2025-02-20T16:55:04.5705630Z   PYTEST_FLAGS: --tardis-regression-data=/Users/runner/work/tardis/tardis/tardis-regression-data --cov=tardis --cov-report=xml --cov-report=html --cov-append
2025-02-20T16:55:04.5706160Z   CODECOV_TOKEN: 
2025-02-20T16:55:04.5706340Z   MAMBA_ROOT_PREFIX: /Users/runner/micromamba
2025-02-20T16:55:04.5706590Z   MAMBA_EXE: /Users/runner/micromamba-bin/micromamba
2025-02-20T16:55:04.5706870Z   CONDARC: /Users/runner/work/_temp/setup-micromamba/.condarc
2025-02-20T16:55:04.5707130Z ##[endgroup]
2025-02-20T16:55:05.1973680Z Collecting qgridnext
2025-02-20T16:55:05.2382500Z   Downloading qgridnext-2.0.4-py3-none-any.whl.metadata (9.9 kB)
2025-02-20T16:55:05.2569880Z Requirement already satisfied: pandas>=0.20.0 in /Users/runner/micromamba/envs/tardis/lib/python3.12/site-packages (from qgridnext) (2.2.2)
2025-02-20T16:55:05.2574680Z Requirement already satisfied: ipywidgets>=7.0.0 in /Users/runner/micromamba/envs/tardis/lib/python3.12/site-packages (from qgridnext) (7.8.0)
2025-02-20T16:55:05.2580480Z Requirement already satisfied: numpy in /Users/runner/micromamba/envs/tardis/lib/python3.12/site-packages (from qgridnext) (1.26.4)
2025-02-20T16:55:05.2587000Z Requirement already satisfied: traitlets in /Users/runner/micromamba/envs/tardis/lib/python3.12/site-packages (from qgridnext) (5.14.3)
2025-02-20T16:55:05.2637540Z Requirement already satisfied: comm>=0.1.3 in /Users/runner/micromamba/envs/tardis/lib/python3.12/site-packages (from ipywidgets>=7.0.0->qgridnext) (0.2.2)
2025-02-20T16:55:05.2642050Z Requirement already satisfied: ipython-genutils~=0.2.0 in /Users/runner/micromamba/envs/tardis/lib/python3.12/site-packages (from ipywidgets>=7.0.0->qgridnext) (0.2.0)
2025-02-20T16:55:05.2650700Z Requirement already satisfied: widgetsnbextension~=3.6.5 in /Users/runner/micromamba/envs/tardis/lib/python3.12/site-packages (from ipywidgets>=7.0.0->qgridnext) (3.6.6)
2025-02-20T16:55:05.2659340Z Requirement already satisfied: ipython>=4.0.0 in /Users/runner/micromamba/envs/tardis/lib/python3.12/site-packages (from ipywidgets>=7.0.0->qgridnext) (8.25.0)
2025-02-20T16:55:05.2667580Z Requirement already satisfied: jupyterlab-widgets<3,>=1.0.0 in /Users/runner/micromamba/envs/tardis/lib/python3.12/site-packages (from ipywidgets>=7.0.0->qgridnext) (1.1.7)
2025-02-20T16:55:05.2936400Z Requirement already satisfied: python-dateutil>=2.8.2 in /Users/runner/micromamba/envs/tardis/lib/python3.12/site-packages (from pandas>=0.20.0->qgridnext) (2.9.0)
2025-02-20T16:55:05.2944980Z Requirement already satisfied: pytz>=2020.1 in /Users/runner/micromamba/envs/tardis/lib/python3.12/site-packages (from pandas>=0.20.0->qgridnext) (2024.1)
2025-02-20T16:55:05.2949400Z Requirement already satisfied: tzdata>=2022.7 in /Users/runner/micromamba/envs/tardis/lib/python3.12/site-packages (from pandas>=0.20.0->qgridnext) (2024.1)
2025-02-20T16:55:05.3142190Z Requirement already satisfied: decorator in /Users/runner/micromamba/envs/tardis/lib/python3.12/site-packages (from ipython>=4.0.0->ipywidgets>=7.0.0->qgridnext) (5.1.1)
2025-02-20T16:55:05.3152260Z Requirement already satisfied: jedi>=0.16 in /Users/runner/micromamba/envs/tardis/lib/python3.12/site-packages (from ipython>=4.0.0->ipywidgets>=7.0.0->qgridnext) (0.19.1)
2025-02-20T16:55:05.3157310Z Requirement already satisfied: matplotlib-inline in /Users/runner/micromamba/envs/tardis/lib/python3.12/site-packages (from ipython>=4.0.0->ipywidgets>=7.0.0->qgridnext) (0.1.7)
2025-02-20T16:55:05.3162730Z Requirement already satisfied: prompt-toolkit<3.1.0,>=3.0.41 in /Users/runner/micromamba/envs/tardis/lib/python3.12/site-packages (from ipython>=4.0.0->ipywidgets>=7.0.0->qgridnext) (3.0.47)
2025-02-20T16:55:05.3168270Z Requirement already satisfied: pygments>=2.4.0 in /Users/runner/micromamba/envs/tardis/lib/python3.12/site-packages (from ipython>=4.0.0->ipywidgets>=7.0.0->qgridnext) (2.18.0)
2025-02-20T16:55:05.3175140Z Requirement already satisfied: stack-data in /Users/runner/micromamba/envs/tardis/lib/python3.12/site-packages (from ipython>=4.0.0->ipywidgets>=7.0.0->qgridnext) (0.6.2)
2025-02-20T16:55:05.3187260Z Requirement already satisfied: pexpect>4.3 in /Users/runner/micromamba/envs/tardis/lib/python3.12/site-packages (from ipython>=4.0.0->ipywidgets>=7.0.0->qgridnext) (4.9.0)
2025-02-20T16:55:05.3213690Z Requirement already satisfied: six>=1.5 in /Users/runner/micromamba/envs/tardis/lib/python3.12/site-packages (from python-dateutil>=2.8.2->pandas>=0.20.0->qgridnext) (1.16.0)
2025-02-20T16:55:05.3247830Z Requirement already satisfied: notebook>=4.4.1 in /Users/runner/micromamba/envs/tardis/lib/python3.12/site-packages (from widgetsnbextension~=3.6.5->ipywidgets>=7.0.0->qgridnext) (7.2.1)
2025-02-20T16:55:05.3365080Z Requirement already satisfied: parso<0.9.0,>=0.8.3 in /Users/runner/micromamba/envs/tardis/lib/python3.12/site-packages (from jedi>=0.16->ipython>=4.0.0->ipywidgets>=7.0.0->qgridnext) (0.8.4)
2025-02-20T16:55:05.3453370Z Requirement already satisfied: jupyter-server<3,>=2.4.0 in /Users/runner/micromamba/envs/tardis/lib/python3.12/site-packages (from notebook>=4.4.1->widgetsnbextension~=3.6.5->ipywidgets>=7.0.0->qgridnext) (2.14.1)
2025-02-20T16:55:05.3460740Z Requirement already satisfied: jupyterlab-server<3,>=2.27.1 in /Users/runner/micromamba/envs/tardis/lib/python3.12/site-packages (from notebook>=4.4.1->widgetsnbextension~=3.6.5->ipywidgets>=7.0.0->qgridnext) (2.27.2)
2025-02-20T16:55:05.3470360Z Requirement already satisfied: jupyterlab<4.3,>=4.2.0 in /Users/runner/micromamba/envs/tardis/lib/python3.12/site-packages (from notebook>=4.4.1->widgetsnbextension~=3.6.5->ipywidgets>=7.0.0->qgridnext) (4.2.2)
2025-02-20T16:55:05.3476650Z Requirement already satisfied: notebook-shim<0.3,>=0.2 in /Users/runner/micromamba/envs/tardis/lib/python3.12/site-packages (from notebook>=4.4.1->widgetsnbextension~=3.6.5->ipywidgets>=7.0.0->qgridnext) (0.2.4)
2025-02-20T16:55:05.3482160Z Requirement already satisfied: tornado>=6.2.0 in /Users/runner/micromamba/envs/tardis/lib/python3.12/site-packages (from notebook>=4.4.1->widgetsnbextension~=3.6.5->ipywidgets>=7.0.0->qgridnext) (6.4.1)
2025-02-20T16:55:05.3498940Z Requirement already satisfied: ptyprocess>=0.5 in /Users/runner/micromamba/envs/tardis/lib/python3.12/site-packages (from pexpect>4.3->ipython>=4.0.0->ipywidgets>=7.0.0->qgridnext) (0.7.0)
2025-02-20T16:55:05.3554590Z Requirement already satisfied: wcwidth in /Users/runner/micromamba/envs/tardis/lib/python3.12/site-packages (from prompt-toolkit<3.1.0,>=3.0.41->ipython>=4.0.0->ipywidgets>=7.0.0->qgridnext) (0.2.13)
2025-02-20T16:55:05.3656870Z Requirement already satisfied: executing>=1.2.0 in /Users/runner/micromamba/envs/tardis/lib/python3.12/site-packages (from stack-data->ipython>=4.0.0->ipywidgets>=7.0.0->qgridnext) (2.0.1)
2025-02-20T16:55:05.3728190Z Requirement already satisfied: asttokens>=2.1.0 in /Users/runner/micromamba/envs/tardis/lib/python3.12/site-packages (from stack-data->ipython>=4.0.0->ipywidgets>=7.0.0->qgridnext) (2.4.1)
2025-02-20T16:55:05.3810420Z Requirement already satisfied: pure-eval in /Users/runner/micromamba/envs/tardis/lib/python3.12/site-packages (from stack-data->ipython>=4.0.0->ipywidgets>=7.0.0->qgridnext) (0.2.2)
2025-02-20T16:55:05.3913130Z Requirement already satisfied: anyio>=3.1.0 in /Users/runner/micromamba/envs/tardis/lib/python3.12/site-packages (from jupyter-server<3,>=2.4.0->notebook>=4.4.1->widgetsnbextension~=3.6.5->ipywidgets>=7.0.0->qgridnext) (4.4.0)
2025-02-20T16:55:05.4014970Z Requirement already satisfied: argon2-cffi>=21.1 in /Users/runner/micromamba/envs/tardis/lib/python3.12/site-packages (from jupyter-server<3,>=2.4.0->notebook>=4.4.1->widgetsnbextension~=3.6.5->ipywidgets>=7.0.0->qgridnext) (23.1.0)
2025-02-20T16:55:05.4118760Z Requirement already satisfied: jinja2>=3.0.3 in /Users/runner/micromamba/envs/tardis/lib/python3.12/site-packages (from jupyter-server<3,>=2.4.0->notebook>=4.4.1->widgetsnbextension~=3.6.5->ipywidgets>=7.0.0->qgridnext) (3.1.4)
2025-02-20T16:55:05.4223800Z Requirement already satisfied: jupyter-client>=7.4.4 in /Users/runner/micromamba/envs/tardis/lib/python3.12/site-packages (from jupyter-server<3,>=2.4.0->notebook>=4.4.1->widgetsnbextension~=3.6.5->ipywidgets>=7.0.0->qgridnext) (8.6.2)
2025-02-20T16:55:05.4327060Z Requirement already satisfied: jupyter-core!=5.0.*,>=4.12 in /Users/runner/micromamba/envs/tardis/lib/python3.12/site-packages (from jupyter-server<3,>=2.4.0->notebook>=4.4.1->widgetsnbextension~=3.6.5->ipywidgets>=7.0.0->qgridnext) (5.7.2)
2025-02-20T16:55:05.4389140Z Requirement already satisfied: jupyter-events>=0.9.0 in /Users/runner/micromamba/envs/tardis/lib/python3.12/site-packages (from jupyter-server<3,>=2.4.0->notebook>=4.4.1->widgetsnbextension~=3.6.5->ipywidgets>=7.0.0->qgridnext) (0.10.0)
2025-02-20T16:55:05.4434690Z Requirement already satisfied: jupyter-server-terminals>=0.4.4 in /Users/runner/micromamba/envs/tardis/lib/python3.12/site-packages (from jupyter-server<3,>=2.4.0->notebook>=4.4.1->widgetsnbextension~=3.6.5->ipywidgets>=7.0.0->qgridnext) (0.5.3)
2025-02-20T16:55:05.4438880Z Requirement already satisfied: nbconvert>=6.4.4 in /Users/runner/micromamba/envs/tardis/lib/python3.12/site-packages (from jupyter-server<3,>=2.4.0->notebook>=4.4.1->widgetsnbextension~=3.6.5->ipywidgets>=7.0.0->qgridnext) (7.16.4)
2025-02-20T16:55:05.4440750Z Requirement already satisfied: nbformat>=5.3.0 in /Users/runner/micromamba/envs/tardis/lib/python3.12/site-packages (from jupyter-server<3,>=2.4.0->notebook>=4.4.1->widgetsnbextension~=3.6.5->ipywidgets>=7.0.0->qgridnext) (5.10.4)
2025-02-20T16:55:05.4442520Z Requirement already satisfied: overrides>=5.0 in /Users/runner/micromamba/envs/tardis/lib/python3.12/site-packages (from jupyter-server<3,>=2.4.0->notebook>=4.4.1->widgetsnbextension~=3.6.5->ipywidgets>=7.0.0->qgridnext) (7.7.0)
2025-02-20T16:55:05.4444690Z Requirement already satisfied: packaging>=22.0 in /Users/runner/micromamba/envs/tardis/lib/python3.12/site-packages (from jupyter-server<3,>=2.4.0->notebook>=4.4.1->widgetsnbextension~=3.6.5->ipywidgets>=7.0.0->qgridnext) (24.1)
2025-02-20T16:55:05.4446480Z Requirement already satisfied: prometheus-client>=0.9 in /Users/runner/micromamba/envs/tardis/lib/python3.12/site-packages (from jupyter-server<3,>=2.4.0->notebook>=4.4.1->widgetsnbextension~=3.6.5->ipywidgets>=7.0.0->qgridnext) (0.20.0)
2025-02-20T16:55:05.4447670Z Requirement already satisfied: pyzmq>=24 in /Users/runner/micromamba/envs/tardis/lib/python3.12/site-packages (from jupyter-server<3,>=2.4.0->notebook>=4.4.1->widgetsnbextension~=3.6.5->ipywidgets>=7.0.0->qgridnext) (26.0.3)
2025-02-20T16:55:05.4449220Z Requirement already satisfied: send2trash>=1.8.2 in /Users/runner/micromamba/envs/tardis/lib/python3.12/site-packages (from jupyter-server<3,>=2.4.0->notebook>=4.4.1->widgetsnbextension~=3.6.5->ipywidgets>=7.0.0->qgridnext) (1.8.3)
2025-02-20T16:55:05.4450660Z Requirement already satisfied: terminado>=0.8.3 in /Users/runner/micromamba/envs/tardis/lib/python3.12/site-packages (from jupyter-server<3,>=2.4.0->notebook>=4.4.1->widgetsnbextension~=3.6.5->ipywidgets>=7.0.0->qgridnext) (0.18.1)
2025-02-20T16:55:05.4451910Z Requirement already satisfied: websocket-client>=1.7 in /Users/runner/micromamba/envs/tardis/lib/python3.12/site-packages (from jupyter-server<3,>=2.4.0->notebook>=4.4.1->widgetsnbextension~=3.6.5->ipywidgets>=7.0.0->qgridnext) (1.8.0)
2025-02-20T16:55:05.4453110Z Requirement already satisfied: async-lru>=1.0.0 in /Users/runner/micromamba/envs/tardis/lib/python3.12/site-packages (from jupyterlab<4.3,>=4.2.0->notebook>=4.4.1->widgetsnbextension~=3.6.5->ipywidgets>=7.0.0->qgridnext) (2.0.4)
2025-02-20T16:55:05.4454200Z Requirement already satisfied: httpx>=0.25.0 in /Users/runner/micromamba/envs/tardis/lib/python3.12/site-packages (from jupyterlab<4.3,>=4.2.0->notebook>=4.4.1->widgetsnbextension~=3.6.5->ipywidgets>=7.0.0->qgridnext) (0.27.0)
2025-02-20T16:55:05.4455630Z Requirement already satisfied: ipykernel>=6.5.0 in /Users/runner/micromamba/envs/tardis/lib/python3.12/site-packages (from jupyterlab<4.3,>=4.2.0->notebook>=4.4.1->widgetsnbextension~=3.6.5->ipywidgets>=7.0.0->qgridnext) (6.29.4)
2025-02-20T16:55:05.4456820Z Requirement already satisfied: jupyter-lsp>=2.0.0 in /Users/runner/micromamba/envs/tardis/lib/python3.12/site-packages (from jupyterlab<4.3,>=4.2.0->notebook>=4.4.1->widgetsnbextension~=3.6.5->ipywidgets>=7.0.0->qgridnext) (2.2.5)
2025-02-20T16:55:05.4457950Z Requirement already satisfied: setuptools>=40.1.0 in /Users/runner/micromamba/envs/tardis/lib/python3.12/site-packages (from jupyterlab<4.3,>=4.2.0->notebook>=4.4.1->widgetsnbextension~=3.6.5->ipywidgets>=7.0.0->qgridnext) (70.0.0)
2025-02-20T16:55:05.4459430Z Requirement already satisfied: babel>=2.10 in /Users/runner/micromamba/envs/tardis/lib/python3.12/site-packages (from jupyterlab-server<3,>=2.27.1->notebook>=4.4.1->widgetsnbextension~=3.6.5->ipywidgets>=7.0.0->qgridnext) (2.14.0)
2025-02-20T16:55:05.4460640Z Requirement already satisfied: json5>=0.9.0 in /Users/runner/micromamba/envs/tardis/lib/python3.12/site-packages (from jupyterlab-server<3,>=2.27.1->notebook>=4.4.1->widgetsnbextension~=3.6.5->ipywidgets>=7.0.0->qgridnext) (0.9.25)
2025-02-20T16:55:05.4466820Z Requirement already satisfied: jsonschema>=4.18.0 in /Users/runner/micromamba/envs/tardis/lib/python3.12/site-packages (from jupyterlab-server<3,>=2.27.1->notebook>=4.4.1->widgetsnbextension~=3.6.5->ipywidgets>=7.0.0->qgridnext) (4.22.0)
2025-02-20T16:55:05.4481000Z Requirement already satisfied: requests>=2.31 in /Users/runner/micromamba/envs/tardis/lib/python3.12/site-packages (from jupyterlab-server<3,>=2.27.1->notebook>=4.4.1->widgetsnbextension~=3.6.5->ipywidgets>=7.0.0->qgridnext) (2.32.3)
2025-02-20T16:55:05.4745860Z Requirement already satisfied: idna>=2.8 in /Users/runner/micromamba/envs/tardis/lib/python3.12/site-packages (from anyio>=3.1.0->jupyter-server<3,>=2.4.0->notebook>=4.4.1->widgetsnbextension~=3.6.5->ipywidgets>=7.0.0->qgridnext) (3.7)
2025-02-20T16:55:05.4770770Z Requirement already satisfied: sniffio>=1.1 in /Users/runner/micromamba/envs/tardis/lib/python3.12/site-packages (from anyio>=3.1.0->jupyter-server<3,>=2.4.0->notebook>=4.4.1->widgetsnbextension~=3.6.5->ipywidgets>=7.0.0->qgridnext) (1.3.1)
2025-02-20T16:55:05.4820890Z Requirement already satisfied: argon2-cffi-bindings in /Users/runner/micromamba/envs/tardis/lib/python3.12/site-packages (from argon2-cffi>=21.1->jupyter-server<3,>=2.4.0->notebook>=4.4.1->widgetsnbextension~=3.6.5->ipywidgets>=7.0.0->qgridnext) (21.2.0)
2025-02-20T16:55:05.4941770Z Requirement already satisfied: certifi in /Users/runner/micromamba/envs/tardis/lib/python3.12/site-packages (from httpx>=0.25.0->jupyterlab<4.3,>=4.2.0->notebook>=4.4.1->widgetsnbextension~=3.6.5->ipywidgets>=7.0.0->qgridnext) (2024.6.2)
2025-02-20T16:55:05.4953050Z Requirement already satisfied: httpcore==1.* in /Users/runner/micromamba/envs/tardis/lib/python3.12/site-packages (from httpx>=0.25.0->jupyterlab<4.3,>=4.2.0->notebook>=4.4.1->widgetsnbextension~=3.6.5->ipywidgets>=7.0.0->qgridnext) (1.0.5)
2025-02-20T16:55:05.5005520Z Requirement already satisfied: h11<0.15,>=0.13 in /Users/runner/micromamba/envs/tardis/lib/python3.12/site-packages (from httpcore==1.*->httpx>=0.25.0->jupyterlab<4.3,>=4.2.0->notebook>=4.4.1->widgetsnbextension~=3.6.5->ipywidgets>=7.0.0->qgridnext) (0.14.0)
2025-02-20T16:55:05.5140090Z Requirement already satisfied: appnope in /Users/runner/micromamba/envs/tardis/lib/python3.12/site-packages (from ipykernel>=6.5.0->jupyterlab<4.3,>=4.2.0->notebook>=4.4.1->widgetsnbextension~=3.6.5->ipywidgets>=7.0.0->qgridnext) (0.1.4)
2025-02-20T16:55:05.5146130Z Requirement already satisfied: debugpy>=1.6.5 in /Users/runner/micromamba/envs/tardis/lib/python3.12/site-packages (from ipykernel>=6.5.0->jupyterlab<4.3,>=4.2.0->notebook>=4.4.1->widgetsnbextension~=3.6.5->ipywidgets>=7.0.0->qgridnext) (1.8.1)
2025-02-20T16:55:05.5164980Z Requirement already satisfied: nest-asyncio in /Users/runner/micromamba/envs/tardis/lib/python3.12/site-packages (from ipykernel>=6.5.0->jupyterlab<4.3,>=4.2.0->notebook>=4.4.1->widgetsnbextension~=3.6.5->ipywidgets>=7.0.0->qgridnext) (1.6.0)
2025-02-20T16:55:05.5192520Z Requirement already satisfied: psutil in /Users/runner/micromamba/envs/tardis/lib/python3.12/site-packages (from ipykernel>=6.5.0->jupyterlab<4.3,>=4.2.0->notebook>=4.4.1->widgetsnbextension~=3.6.5->ipywidgets>=7.0.0->qgridnext) (5.9.8)
2025-02-20T16:55:05.5235380Z Requirement already satisfied: MarkupSafe>=2.0 in /Users/runner/micromamba/envs/tardis/lib/python3.12/site-packages (from jinja2>=3.0.3->jupyter-server<3,>=2.4.0->notebook>=4.4.1->widgetsnbextension~=3.6.5->ipywidgets>=7.0.0->qgridnext) (2.1.5)
2025-02-20T16:55:05.5382800Z Requirement already satisfied: attrs>=22.2.0 in /Users/runner/micromamba/envs/tardis/lib/python3.12/site-packages (from jsonschema>=4.18.0->jupyterlab-server<3,>=2.27.1->notebook>=4.4.1->widgetsnbextension~=3.6.5->ipywidgets>=7.0.0->qgridnext) (23.2.0)
2025-02-20T16:55:05.5391920Z Requirement already satisfied: jsonschema-specifications>=2023.03.6 in /Users/runner/micromamba/envs/tardis/lib/python3.12/site-packages (from jsonschema>=4.18.0->jupyterlab-server<3,>=2.27.1->notebook>=4.4.1->widgetsnbextension~=3.6.5->ipywidgets>=7.0.0->qgridnext) (2023.12.1)
2025-02-20T16:55:05.5401460Z Requirement already satisfied: referencing>=0.28.4 in /Users/runner/micromamba/envs/tardis/lib/python3.12/site-packages (from jsonschema>=4.18.0->jupyterlab-server<3,>=2.27.1->notebook>=4.4.1->widgetsnbextension~=3.6.5->ipywidgets>=7.0.0->qgridnext) (0.35.1)
2025-02-20T16:55:05.5421170Z Requirement already satisfied: rpds-py>=0.7.1 in /Users/runner/micromamba/envs/tardis/lib/python3.12/site-packages (from jsonschema>=4.18.0->jupyterlab-server<3,>=2.27.1->notebook>=4.4.1->widgetsnbextension~=3.6.5->ipywidgets>=7.0.0->qgridnext) (0.18.1)
2025-02-20T16:55:05.5601120Z Requirement already satisfied: platformdirs>=2.5 in /Users/runner/micromamba/envs/tardis/lib/python3.12/site-packages (from jupyter-core!=5.0.*,>=4.12->jupyter-server<3,>=2.4.0->notebook>=4.4.1->widgetsnbextension~=3.6.5->ipywidgets>=7.0.0->qgridnext) (4.2.2)
2025-02-20T16:55:05.5713860Z Requirement already satisfied: python-json-logger>=2.0.4 in /Users/runner/micromamba/envs/tardis/lib/python3.12/site-packages (from jupyter-events>=0.9.0->jupyter-server<3,>=2.4.0->notebook>=4.4.1->widgetsnbextension~=3.6.5->ipywidgets>=7.0.0->qgridnext) (2.0.7)
2025-02-20T16:55:05.5722180Z Requirement already satisfied: pyyaml>=5.3 in /Users/runner/micromamba/envs/tardis/lib/python3.12/site-packages (from jupyter-events>=0.9.0->jupyter-server<3,>=2.4.0->notebook>=4.4.1->widgetsnbextension~=3.6.5->ipywidgets>=7.0.0->qgridnext) (6.0.1)
2025-02-20T16:55:05.5726320Z Requirement already satisfied: rfc3339-validator in /Users/runner/micromamba/envs/tardis/lib/python3.12/site-packages (from jupyter-events>=0.9.0->jupyter-server<3,>=2.4.0->notebook>=4.4.1->widgetsnbextension~=3.6.5->ipywidgets>=7.0.0->qgridnext) (0.1.4)
2025-02-20T16:55:05.5734810Z Requirement already satisfied: rfc3986-validator>=0.1.1 in /Users/runner/micromamba/envs/tardis/lib/python3.12/site-packages (from jupyter-events>=0.9.0->jupyter-server<3,>=2.4.0->notebook>=4.4.1->widgetsnbextension~=3.6.5->ipywidgets>=7.0.0->qgridnext) (0.1.1)
2025-02-20T16:55:05.6033960Z Requirement already satisfied: beautifulsoup4 in /Users/runner/micromamba/envs/tardis/lib/python3.12/site-packages (from nbconvert>=6.4.4->jupyter-server<3,>=2.4.0->notebook>=4.4.1->widgetsnbextension~=3.6.5->ipywidgets>=7.0.0->qgridnext) (4.12.3)
2025-02-20T16:55:05.6055230Z Requirement already satisfied: bleach!=5.0.0 in /Users/runner/micromamba/envs/tardis/lib/python3.12/site-packages (from nbconvert>=6.4.4->jupyter-server<3,>=2.4.0->notebook>=4.4.1->widgetsnbextension~=3.6.5->ipywidgets>=7.0.0->qgridnext) (6.1.0)
2025-02-20T16:55:05.6070990Z Requirement already satisfied: defusedxml in /Users/runner/micromamba/envs/tardis/lib/python3.12/site-packages (from nbconvert>=6.4.4->jupyter-server<3,>=2.4.0->notebook>=4.4.1->widgetsnbextension~=3.6.5->ipywidgets>=7.0.0->qgridnext) (0.7.1)
2025-02-20T16:55:05.6077300Z Requirement already satisfied: jupyterlab-pygments in /Users/runner/micromamba/envs/tardis/lib/python3.12/site-packages (from nbconvert>=6.4.4->jupyter-server<3,>=2.4.0->notebook>=4.4.1->widgetsnbextension~=3.6.5->ipywidgets>=7.0.0->qgridnext) (0.3.0)
2025-02-20T16:55:05.6101570Z Requirement already satisfied: mistune<4,>=2.0.3 in /Users/runner/micromamba/envs/tardis/lib/python3.12/site-packages (from nbconvert>=6.4.4->jupyter-server<3,>=2.4.0->notebook>=4.4.1->widgetsnbextension~=3.6.5->ipywidgets>=7.0.0->qgridnext) (3.0.2)
2025-02-20T16:55:05.6108180Z Requirement already satisfied: nbclient>=0.5.0 in /Users/runner/micromamba/envs/tardis/lib/python3.12/site-packages (from nbconvert>=6.4.4->jupyter-server<3,>=2.4.0->notebook>=4.4.1->widgetsnbextension~=3.6.5->ipywidgets>=7.0.0->qgridnext) (0.10.0)
2025-02-20T16:55:05.6129550Z Requirement already satisfied: pandocfilters>=1.4.1 in /Users/runner/micromamba/envs/tardis/lib/python3.12/site-packages (from nbconvert>=6.4.4->jupyter-server<3,>=2.4.0->notebook>=4.4.1->widgetsnbextension~=3.6.5->ipywidgets>=7.0.0->qgridnext) (1.5.0)
2025-02-20T16:55:05.6136380Z Requirement already satisfied: tinycss2 in /Users/runner/micromamba/envs/tardis/lib/python3.12/site-packages (from nbconvert>=6.4.4->jupyter-server<3,>=2.4.0->notebook>=4.4.1->widgetsnbextension~=3.6.5->ipywidgets>=7.0.0->qgridnext) (1.3.0)
2025-02-20T16:55:05.6206900Z Requirement already satisfied: fastjsonschema>=2.15 in /Users/runner/micromamba/envs/tardis/lib/python3.12/site-packages (from nbformat>=5.3.0->jupyter-server<3,>=2.4.0->notebook>=4.4.1->widgetsnbextension~=3.6.5->ipywidgets>=7.0.0->qgridnext) (2.20.0)
2025-02-20T16:55:05.6427780Z Requirement already satisfied: charset-normalizer<4,>=2 in /Users/runner/micromamba/envs/tardis/lib/python3.12/site-packages (from requests>=2.31->jupyterlab-server<3,>=2.27.1->notebook>=4.4.1->widgetsnbextension~=3.6.5->ipywidgets>=7.0.0->qgridnext) (3.3.2)
2025-02-20T16:55:05.6436170Z Requirement already satisfied: urllib3<3,>=1.21.1 in /Users/runner/micromamba/envs/tardis/lib/python3.12/site-packages (from requests>=2.31->jupyterlab-server<3,>=2.27.1->notebook>=4.4.1->widgetsnbextension~=3.6.5->ipywidgets>=7.0.0->qgridnext) (2.2.2)
2025-02-20T16:55:05.7015920Z Requirement already satisfied: webencodings in /Users/runner/micromamba/envs/tardis/lib/python3.12/site-packages (from bleach!=5.0.0->nbconvert>=6.4.4->jupyter-server<3,>=2.4.0->notebook>=4.4.1->widgetsnbextension~=3.6.5->ipywidgets>=7.0.0->qgridnext) (0.5.1)
2025-02-20T16:55:05.7426500Z Requirement already satisfied: fqdn in /Users/runner/micromamba/envs/tardis/lib/python3.12/site-packages (from jsonschema[format-nongpl]>=4.18.0->jupyter-events>=0.9.0->jupyter-server<3,>=2.4.0->notebook>=4.4.1->widgetsnbextension~=3.6.5->ipywidgets>=7.0.0->qgridnext) (1.5.1)
2025-02-20T16:55:05.7434870Z Requirement already satisfied: isoduration in /Users/runner/micromamba/envs/tardis/lib/python3.12/site-packages (from jsonschema[format-nongpl]>=4.18.0->jupyter-events>=0.9.0->jupyter-server<3,>=2.4.0->notebook>=4.4.1->widgetsnbextension~=3.6.5->ipywidgets>=7.0.0->qgridnext) (20.11.0)
2025-02-20T16:55:05.7445040Z Requirement already satisfied: jsonpointer>1.13 in /Users/runner/micromamba/envs/tardis/lib/python3.12/site-packages (from jsonschema[format-nongpl]>=4.18.0->jupyter-events>=0.9.0->jupyter-server<3,>=2.4.0->notebook>=4.4.1->widgetsnbextension~=3.6.5->ipywidgets>=7.0.0->qgridnext) (3.0.0)
2025-02-20T16:55:05.7456770Z Requirement already satisfied: uri-template in /Users/runner/micromamba/envs/tardis/lib/python3.12/site-packages (from jsonschema[format-nongpl]>=4.18.0->jupyter-events>=0.9.0->jupyter-server<3,>=2.4.0->notebook>=4.4.1->widgetsnbextension~=3.6.5->ipywidgets>=7.0.0->qgridnext) (1.3.0)
2025-02-20T16:55:05.7464190Z Requirement already satisfied: webcolors>=1.11 in /Users/runner/micromamba/envs/tardis/lib/python3.12/site-packages (from jsonschema[format-nongpl]>=4.18.0->jupyter-events>=0.9.0->jupyter-server<3,>=2.4.0->notebook>=4.4.1->widgetsnbextension~=3.6.5->ipywidgets>=7.0.0->qgridnext) (24.6.0)
2025-02-20T16:55:05.8340200Z Requirement already satisfied: cffi>=1.0.1 in /Users/runner/micromamba/envs/tardis/lib/python3.12/site-packages (from argon2-cffi-bindings->argon2-cffi>=21.1->jupyter-server<3,>=2.4.0->notebook>=4.4.1->widgetsnbextension~=3.6.5->ipywidgets>=7.0.0->qgridnext) (1.16.0)
2025-02-20T16:55:05.8439890Z Requirement already satisfied: soupsieve>1.2 in /Users/runner/micromamba/envs/tardis/lib/python3.12/site-packages (from beautifulsoup4->nbconvert>=6.4.4->jupyter-server<3,>=2.4.0->notebook>=4.4.1->widgetsnbextension~=3.6.5->ipywidgets>=7.0.0->qgridnext) (2.5)
2025-02-20T16:55:05.8807850Z Requirement already satisfied: pycparser in /Users/runner/micromamba/envs/tardis/lib/python3.12/site-packages (from cffi>=1.0.1->argon2-cffi-bindings->argon2-cffi>=21.1->jupyter-server<3,>=2.4.0->notebook>=4.4.1->widgetsnbextension~=3.6.5->ipywidgets>=7.0.0->qgridnext) (2.22)
2025-02-20T16:55:05.9217310Z Requirement already satisfied: arrow>=0.15.0 in /Users/runner/micromamba/envs/tardis/lib/python3.12/site-packages (from isoduration->jsonschema[format-nongpl]>=4.18.0->jupyter-events>=0.9.0->jupyter-server<3,>=2.4.0->notebook>=4.4.1->widgetsnbextension~=3.6.5->ipywidgets>=7.0.0->qgridnext) (1.3.0)
2025-02-20T16:55:05.9448870Z Requirement already satisfied: types-python-dateutil>=2.8.10 in /Users/runner/micromamba/envs/tardis/lib/python3.12/site-packages (from arrow>=0.15.0->isoduration->jsonschema[format-nongpl]>=4.18.0->jupyter-events>=0.9.0->jupyter-server<3,>=2.4.0->notebook>=4.4.1->widgetsnbextension~=3.6.5->ipywidgets>=7.0.0->qgridnext) (2.9.0.20240316)
2025-02-20T16:55:05.9742970Z Downloading qgridnext-2.0.4-py3-none-any.whl (1.3 MB)
2025-02-20T16:55:06.0386700Z    â”â”â”â”â”â”â”â”â”â”â”â”â”â”â”â”â”â”â”â”â”â”â”â”â”â”â”â”â”â”â”â”â”â”â”â”â”â”â”â” 1.3/1.3 MB 20.6 MB/s eta 0:00:00
2025-02-20T16:55:06.6100120Z Installing collected packages: qgridnext
2025-02-20T16:55:06.6548910Z Successfully installed qgridnext-2.0.4
2025-02-20T16:55:06.8753490Z ##[group]Run pytest tardis --tardis-regression-data=/Users/runner/work/tardis/tardis/tardis-regression-data --cov=tardis --cov-report=xml --cov-report=html --cov-append -m " continuum"
2025-02-20T16:55:06.8754730Z [36;1mpytest tardis --tardis-regression-data=/Users/runner/work/tardis/tardis/tardis-regression-data --cov=tardis --cov-report=xml --cov-report=html --cov-append -m " continuum"[0m
2025-02-20T16:55:06.8811020Z shell: /bin/bash -l {0}
2025-02-20T16:55:06.8811370Z env:
2025-02-20T16:55:06.8811580Z   CACHE_NUMBER: 0
2025-02-20T16:55:06.8812250Z   PYTEST_FLAGS: --tardis-regression-data=/Users/runner/work/tardis/tardis/tardis-regression-data --cov=tardis --cov-report=xml --cov-report=html --cov-append
2025-02-20T16:55:06.8812810Z   CODECOV_TOKEN: 
2025-02-20T16:55:06.8813220Z   MAMBA_ROOT_PREFIX: /Users/runner/micromamba
2025-02-20T16:55:06.8813600Z   MAMBA_EXE: /Users/runner/micromamba-bin/micromamba
2025-02-20T16:55:06.8814040Z   CONDARC: /Users/runner/work/_temp/setup-micromamba/.condarc
2025-02-20T16:55:06.8814400Z ##[endgroup]
2025-02-20T16:55:18.3925140Z ============================= test session starts ==============================
2025-02-20T16:55:18.3926180Z platform darwin -- Python 3.12.4, pytest-8.2.2, pluggy-1.5.0
2025-02-20T16:55:18.3927200Z rootdir: /Users/runner/work/tardis/tardis
2025-02-20T16:55:18.3928000Z configfile: pyproject.toml
2025-02-20T16:55:18.3928830Z plugins: cov-5.0.0, html-4.1.1, metadata-3.1.1, doctestplus-1.2.1, anyio-4.4.0
2025-02-20T16:55:18.3929710Z collected 1796 items / 1794 deselected / 2 selected
2025-02-20T16:55:18.3930310Z 
2025-02-20T16:56:12.1429430Z tardis/transport/montecarlo/estimators/tests/test_continuum_property_solver.py . [ 50%]
2025-02-20T16:56:12.1430040Z                                                                          [ 50%]
2025-02-20T16:56:39.9280110Z tardis/transport/montecarlo/tests/test_continuum.py .                    [100%]
2025-02-20T16:56:39.9287970Z 
2025-02-20T16:56:39.9290750Z =============================== warnings summary ===============================
2025-02-20T16:56:39.9291650Z tardis/io/configuration/config_validator.py:6
2025-02-20T16:56:39.9292220Z tardis/io/configuration/config_validator.py:6
2025-02-20T16:56:39.9293190Z   /Users/runner/work/tardis/tardis/tardis/io/configuration/config_validator.py:6: DeprecationWarning:
2025-02-20T16:56:39.9294010Z   
2025-02-20T16:56:39.9295380Z   jsonschema.RefResolver is deprecated as of v4.18.0, in favor of the https://github.com/python-jsonschema/referencing library, which provides more compliant referencing behavior as well as more flexible APIs for customization. A future release will remove RefResolver. Please file a feature request (on referencing) if you are missing an API for the kind of customization you need.
2025-02-20T16:56:39.9296940Z 
2025-02-20T16:56:39.9297320Z ../../../micromamba/envs/tardis/lib/python3.12/site-packages/jupyter_client/connect.py:22
2025-02-20T16:56:39.9298050Z   /Users/runner/micromamba/envs/tardis/lib/python3.12/site-packages/jupyter_client/connect.py:22: DeprecationWarning:
2025-02-20T16:56:39.9298950Z   
2025-02-20T16:56:39.9299300Z   Jupyter is migrating its paths to use standard platformdirs
2025-02-20T16:56:39.9299870Z   given by the platformdirs library.  To remove this warning and
2025-02-20T16:56:39.9300440Z   see the appropriate new directories, set the environment variable
2025-02-20T16:56:39.9300930Z   `JUPYTER_PLATFORM_DIRS=1` and then run `jupyter --paths`.
2025-02-20T16:56:39.9301490Z   The use of platformdirs will be the default in `jupyter_core` v6
2025-02-20T16:56:39.9302610Z 
2025-02-20T16:56:39.9312980Z tardis/transport/montecarlo/estimators/tests/test_continuum_property_solver.py::test_continuum_estimators
2025-02-20T16:56:39.9313900Z   /Users/runner/work/tardis/tardis/tardis/transport/montecarlo/montecarlo_main_loop.py:123: NumbaTypeSafetyWarning:
2025-02-20T16:56:39.9314450Z   
2025-02-20T16:56:39.9316630Z   [1m[1m[1munsafe cast from uint64 to int64. Precision may be lost.[0m[0m[0m
2025-02-20T16:56:39.9318200Z 
2025-02-20T16:56:39.9318480Z -- Docs: https://docs.pytest.org/en/stable/how-to/capture-warnings.html
2025-02-20T16:56:39.9318770Z 
2025-02-20T16:56:39.9319010Z ---------- coverage: platform darwin, python 3.12.4-final-0 ----------
2025-02-20T16:56:39.9319360Z Coverage HTML written to dir coverage_html_report
2025-02-20T16:56:39.9319780Z Coverage XML written to file coverage.xml
2025-02-20T16:56:39.9319930Z 
2025-02-20T16:56:39.9320140Z ========== 2 passed, 1794 deselected, 4 warnings in 82.90s (0:01:22) ===========
2025-02-20T16:56:40.9665360Z ##[group]Run mv .coverage .coverage.1
2025-02-20T16:56:40.9665800Z [36;1mmv .coverage .coverage.1[0m
2025-02-20T16:56:41.0157620Z shell: /bin/bash -l {0}
2025-02-20T16:56:41.0157950Z env:
2025-02-20T16:56:41.0158160Z   CACHE_NUMBER: 0
2025-02-20T16:56:41.0158830Z   PYTEST_FLAGS: --tardis-regression-data=/Users/runner/work/tardis/tardis/tardis-regression-data --cov=tardis --cov-report=xml --cov-report=html --cov-append
2025-02-20T16:56:41.0159440Z   CODECOV_TOKEN: 
2025-02-20T16:56:41.0159770Z   MAMBA_ROOT_PREFIX: /Users/runner/micromamba
2025-02-20T16:56:41.0160160Z   MAMBA_EXE: /Users/runner/micromamba-bin/micromamba
2025-02-20T16:56:41.0160610Z   CONDARC: /Users/runner/work/_temp/setup-micromamba/.condarc
2025-02-20T16:56:41.0160950Z ##[endgroup]
2025-02-20T16:56:41.3063490Z ##[group]Run actions/upload-artifact@v4
2025-02-20T16:56:41.3063750Z with:
2025-02-20T16:56:41.3064100Z   name: coverage--continuum-macos-latest
2025-02-20T16:56:41.3064440Z   include-hidden-files: true
2025-02-20T16:56:41.3064670Z   path: .coverage*
!.coveragerc

2025-02-20T16:56:41.3065020Z   if-no-files-found: warn
2025-02-20T16:56:41.3065250Z   compression-level: 6
2025-02-20T16:56:41.3065450Z   overwrite: false
2025-02-20T16:56:41.3065630Z env:
2025-02-20T16:56:41.3065760Z   CACHE_NUMBER: 0
2025-02-20T16:56:41.3066240Z   PYTEST_FLAGS: --tardis-regression-data=/Users/runner/work/tardis/tardis/tardis-regression-data --cov=tardis --cov-report=xml --cov-report=html --cov-append
2025-02-20T16:56:41.3066850Z   CODECOV_TOKEN: 
2025-02-20T16:56:41.3067060Z   MAMBA_ROOT_PREFIX: /Users/runner/micromamba
2025-02-20T16:56:41.3067310Z   MAMBA_EXE: /Users/runner/micromamba-bin/micromamba
2025-02-20T16:56:41.3067660Z   CONDARC: /Users/runner/work/_temp/setup-micromamba/.condarc
2025-02-20T16:56:41.3067980Z ##[endgroup]
2025-02-20T16:56:41.6740320Z With the provided path, there will be 2 files uploaded
2025-02-20T16:56:41.6743250Z Artifact name is valid!
2025-02-20T16:56:41.6745050Z Root directory input is valid!
2025-02-20T16:56:41.8751310Z Beginning upload of artifact content to blob storage
2025-02-20T16:56:42.0303500Z Uploaded bytes 28000
2025-02-20T16:56:42.0805110Z Finished uploading artifact content to blob storage!
2025-02-20T16:56:42.0906740Z SHA256 hash of uploaded artifact zip is 825843a5e9da7ccb8be2af36cd56e835a19c48bba2942be6b41f906c81557061
2025-02-20T16:56:42.1007400Z Finalizing artifact upload
2025-02-20T16:56:42.1741840Z Artifact coverage--continuum-macos-latest.zip successfully finalized. Artifact ID 2625056429
2025-02-20T16:56:42.1742620Z Artifact coverage--continuum-macos-latest has been successfully uploaded! Final size is 28000 bytes. Artifact ID is 2625056429
2025-02-20T16:56:42.1748960Z Artifact download URL: https://github.com/tardis-sn/tardis/actions/runs/13310925918/artifacts/2625056429
2025-02-20T16:56:42.1840630Z Post job cleanup.
2025-02-20T16:56:42.1886830Z Post job cleanup.
2025-02-20T16:56:42.3219290Z Will use pre-installed micromamba at /Users/runner/micromamba-bin/micromamba
2025-02-20T16:56:42.3223010Z Removing micromamba run shell ...
2025-02-20T16:56:42.3225260Z ##[group]Deinitialize micromamba for bash
2025-02-20T16:56:42.3239780Z [command]/Users/runner/micromamba-bin/micromamba shell deinit -s bash -r /Users/runner/micromamba --log-level warning --rc-file /Users/runner/work/_temp/setup-micromamba/.condarc
2025-02-20T16:56:42.3380520Z Resetting RC file "/Users/runner/.bash_profile"
2025-02-20T16:56:42.3384020Z Deleting config for root prefix 
2025-02-20T16:56:42.3384480Z Clearing mamba executable environment variable
2025-02-20T16:56:42.3396490Z Removing the following in your "/Users/runner/.bash_profile" file
2025-02-20T16:56:42.3396790Z # >>> mamba initialize >>>
2025-02-20T16:56:42.3397020Z ...
2025-02-20T16:56:42.3397160Z # <<< mamba initialize <<<
2025-02-20T16:56:42.3423390Z Removing environment tardis from auto-activate bash ...
2025-02-20T16:56:42.3507130Z Post job cleanup.
2025-02-20T16:56:42.3540160Z Post job cleanup.
2025-02-20T16:56:42.4860050Z [command]/opt/homebrew/bin/git version
2025-02-20T16:56:42.5081190Z git version 2.48.1
2025-02-20T16:56:42.5113430Z Copying '/Users/runner/.gitconfig' to '/Users/runner/work/_temp/c085dd56-60c5-494e-acfc-ace2acc98e77/.gitconfig'
2025-02-20T16:56:42.5120520Z Temporarily overriding HOME='/Users/runner/work/_temp/c085dd56-60c5-494e-acfc-ace2acc98e77' before making global git config changes
2025-02-20T16:56:42.5121350Z Adding repository directory to the temporary git global config as a safe directory
2025-02-20T16:56:42.5125550Z [command]/opt/homebrew/bin/git config --global --add safe.directory /Users/runner/work/tardis/tardis/tardis-regression-data
2025-02-20T16:56:42.5234430Z [command]/opt/homebrew/bin/git config --local --name-only --get-regexp core\.sshCommand
2025-02-20T16:56:42.5300020Z [command]/opt/homebrew/bin/git submodule foreach --recursive sh -c "git config --local --name-only --get-regexp 'core\.sshCommand' && git config --local --unset-all 'core.sshCommand' || :"
2025-02-20T16:56:42.6637360Z [command]/opt/homebrew/bin/git config --local --name-only --get-regexp http\.https\:\/\/github\.com\/\.extraheader
2025-02-20T16:56:42.6676590Z http.https://github.com/.extraheader
2025-02-20T16:56:42.6685160Z [command]/opt/homebrew/bin/git config --local --unset-all http.https://github.com/.extraheader
2025-02-20T16:56:42.6736020Z [command]/opt/homebrew/bin/git submodule foreach --recursive sh -c "git config --local --name-only --get-regexp 'http\.https\:\/\/github\.com\/\.extraheader' && git config --local --unset-all 'http.https://github.com/.extraheader' || :"
2025-02-20T16:56:42.7421150Z Post job cleanup.
2025-02-20T16:56:42.8343050Z [command]/opt/homebrew/bin/git version
2025-02-20T16:56:42.8379770Z git version 2.48.1
2025-02-20T16:56:42.8408230Z Copying '/Users/runner/.gitconfig' to '/Users/runner/work/_temp/6fb0be9c-c9be-407b-be54-dd9ea6b05d19/.gitconfig'
2025-02-20T16:56:42.8414910Z Temporarily overriding HOME='/Users/runner/work/_temp/6fb0be9c-c9be-407b-be54-dd9ea6b05d19' before making global git config changes
2025-02-20T16:56:42.8415600Z Adding repository directory to the temporary git global config as a safe directory
2025-02-20T16:56:42.8419470Z [command]/opt/homebrew/bin/git config --global --add safe.directory /Users/runner/work/tardis/tardis
2025-02-20T16:56:42.8537960Z [command]/opt/homebrew/bin/git config --local --name-only --get-regexp core\.sshCommand
2025-02-20T16:56:42.8540020Z [command]/opt/homebrew/bin/git submodule foreach --recursive sh -c "git config --local --name-only --get-regexp 'core\.sshCommand' && git config --local --unset-all 'core.sshCommand' || :"
2025-02-20T16:56:42.9067100Z [command]/opt/homebrew/bin/git config --local --name-only --get-regexp http\.https\:\/\/github\.com\/\.extraheader
2025-02-20T16:56:42.9106000Z http.https://github.com/.extraheader
2025-02-20T16:56:42.9115300Z [command]/opt/homebrew/bin/git config --local --unset-all http.https://github.com/.extraheader
2025-02-20T16:56:42.9199220Z [command]/opt/homebrew/bin/git submodule foreach --recursive sh -c "git config --local --name-only --get-regexp 'http\.https\:\/\/github\.com\/\.extraheader' && git config --local --unset-all 'http.https://github.com/.extraheader' || :"
2025-02-20T16:56:43.0113280Z Cleaning up orphan processes
