2025-02-24T14:35:52.1738940Z Requested labels: ubuntu-latest
2025-02-24T14:35:52.1739226Z Job defined at: tardis-sn/tardis/.github/workflows/tests.yml@refs/pull/2993/merge
2025-02-24T14:35:52.1739325Z Waiting for a runner to pick up this job...
2025-02-24T14:35:52.3734149Z Job is waiting for a hosted runner to come online.
2025-02-24T14:35:55.0189051Z Job is about to start running on the hosted runner: GitHub Actions 5 (hosted)
2025-02-24T14:35:56.6379129Z Current runner version: '2.322.0'
2025-02-24T14:35:56.6403582Z ##[group]Operating System
2025-02-24T14:35:56.6404363Z Ubuntu
2025-02-24T14:35:56.6404843Z 24.04.1
2025-02-24T14:35:56.6405444Z LTS
2025-02-24T14:35:56.6405882Z ##[endgroup]
2025-02-24T14:35:56.6406395Z ##[group]Runner Image
2025-02-24T14:35:56.6407027Z Image: ubuntu-24.04
2025-02-24T14:35:56.6407560Z Version: 20250209.1.0
2025-02-24T14:35:56.6408632Z Included Software: https://github.com/actions/runner-images/blob/ubuntu24/20250209.1/images/ubuntu/Ubuntu2404-Readme.md
2025-02-24T14:35:56.6410021Z Image Release: https://github.com/actions/runner-images/releases/tag/ubuntu24%2F20250209.1
2025-02-24T14:35:56.6410942Z ##[endgroup]
2025-02-24T14:35:56.6411509Z ##[group]Runner Image Provisioner
2025-02-24T14:35:56.6412105Z 2.0.422.1
2025-02-24T14:35:56.6412855Z ##[endgroup]
2025-02-24T14:35:56.6415145Z ##[group]GITHUB_TOKEN Permissions
2025-02-24T14:35:56.6417060Z Actions: write
2025-02-24T14:35:56.6417889Z Attestations: write
2025-02-24T14:35:56.6418489Z Checks: write
2025-02-24T14:35:56.6419079Z Contents: write
2025-02-24T14:35:56.6419621Z Deployments: write
2025-02-24T14:35:56.6420190Z Discussions: write
2025-02-24T14:35:56.6420735Z Issues: write
2025-02-24T14:35:56.6421230Z Metadata: read
2025-02-24T14:35:56.6421787Z Packages: write
2025-02-24T14:35:56.6422287Z Pages: write
2025-02-24T14:35:56.6423117Z PullRequests: write
2025-02-24T14:35:56.6423737Z RepositoryProjects: write
2025-02-24T14:35:56.6424339Z SecurityEvents: write
2025-02-24T14:35:56.6424871Z Statuses: write
2025-02-24T14:35:56.6425462Z ##[endgroup]
2025-02-24T14:35:56.6428253Z Secret source: Actions
2025-02-24T14:35:56.6429084Z Prepare workflow directory
2025-02-24T14:35:56.7049802Z Prepare all required actions
2025-02-24T14:35:56.7086584Z Getting action download info
2025-02-24T14:35:56.8837989Z ##[group]Download immutable action package 'actions/checkout@v4'
2025-02-24T14:35:56.8838849Z Version: 4.2.2
2025-02-24T14:35:56.8839673Z Digest: sha256:ccb2698953eaebd21c7bf6268a94f9c26518a7e38e27e0b83c1fe1ad049819b1
2025-02-24T14:35:56.8840684Z Source commit SHA: 11bd71901bbe5b1630ceea73d27597364c9af683
2025-02-24T14:35:56.8841301Z ##[endgroup]
2025-02-24T14:35:56.9556362Z ##[group]Download immutable action package 'actions/upload-artifact@v4'
2025-02-24T14:35:56.9557086Z Version: 4.6.1
2025-02-24T14:35:56.9557727Z Digest: sha256:3f6a28e7a1e0b5c8e2249e28da121a049fa5b91863b04390a46a82e4f8e2da98
2025-02-24T14:35:56.9558577Z Source commit SHA: 4cec3d8aa04e39d1a68397de0c4cd6fb9dce8ec1
2025-02-24T14:35:56.9559180Z ##[endgroup]
2025-02-24T14:35:57.2916668Z Complete job name:  continuum ubuntu-latest 
2025-02-24T14:35:57.3555882Z ##[group]Run actions/checkout@v4
2025-02-24T14:35:57.3556729Z with:
2025-02-24T14:35:57.3557128Z   repository: tardis-sn/tardis
2025-02-24T14:35:57.3557765Z   token: ***
2025-02-24T14:35:57.3558192Z   ssh-strict: true
2025-02-24T14:35:57.3558655Z   ssh-user: git
2025-02-24T14:35:57.3559133Z   persist-credentials: true
2025-02-24T14:35:57.3559649Z   clean: true
2025-02-24T14:35:57.3560140Z   sparse-checkout-cone-mode: true
2025-02-24T14:35:57.3560630Z   fetch-depth: 1
2025-02-24T14:35:57.3561026Z   fetch-tags: false
2025-02-24T14:35:57.3561431Z   show-progress: true
2025-02-24T14:35:57.3561874Z   lfs: false
2025-02-24T14:35:57.3562588Z   submodules: false
2025-02-24T14:35:57.3563160Z   set-safe-directory: true
2025-02-24T14:35:57.3563914Z env:
2025-02-24T14:35:57.3564289Z   CACHE_NUMBER: 0
2025-02-24T14:35:57.3565519Z   PYTEST_FLAGS: --tardis-regression-data=/home/runner/work/tardis/tardis/tardis-regression-data --cov=tardis --cov-report=xml --cov-report=html --cov-append
2025-02-24T14:35:57.3566894Z   CODECOV_TOKEN: ***
2025-02-24T14:35:57.3567307Z ##[endgroup]
2025-02-24T14:35:57.5440090Z Syncing repository: tardis-sn/tardis
2025-02-24T14:35:57.5443332Z ##[group]Getting Git version info
2025-02-24T14:35:57.5444449Z Working directory is '/home/runner/work/tardis/tardis'
2025-02-24T14:35:57.5446001Z [command]/usr/bin/git version
2025-02-24T14:35:57.5473786Z git version 2.48.1
2025-02-24T14:35:57.5504572Z ##[endgroup]
2025-02-24T14:35:57.5517666Z Temporarily overriding HOME='/home/runner/work/_temp/f5c634fc-e361-4f05-a481-de14ac627c31' before making global git config changes
2025-02-24T14:35:57.5519514Z Adding repository directory to the temporary git global config as a safe directory
2025-02-24T14:35:57.5522570Z [command]/usr/bin/git config --global --add safe.directory /home/runner/work/tardis/tardis
2025-02-24T14:35:57.5555970Z Deleting the contents of '/home/runner/work/tardis/tardis'
2025-02-24T14:35:57.5559470Z ##[group]Initializing the repository
2025-02-24T14:35:57.5563844Z [command]/usr/bin/git init /home/runner/work/tardis/tardis
2025-02-24T14:35:57.5621684Z hint: Using 'master' as the name for the initial branch. This default branch name
2025-02-24T14:35:57.5623225Z hint: is subject to change. To configure the initial branch name to use in all
2025-02-24T14:35:57.5624726Z hint: of your new repositories, which will suppress this warning, call:
2025-02-24T14:35:57.5625944Z hint:
2025-02-24T14:35:57.5626808Z hint: 	git config --global init.defaultBranch <name>
2025-02-24T14:35:57.5627843Z hint:
2025-02-24T14:35:57.5628789Z hint: Names commonly chosen instead of 'master' are 'main', 'trunk' and
2025-02-24T14:35:57.5629743Z hint: 'development'. The just-created branch can be renamed via this command:
2025-02-24T14:35:57.5630440Z hint:
2025-02-24T14:35:57.5630823Z hint: 	git branch -m <name>
2025-02-24T14:35:57.5631520Z Initialized empty Git repository in /home/runner/work/tardis/tardis/.git/
2025-02-24T14:35:57.5638436Z [command]/usr/bin/git remote add origin https://github.com/tardis-sn/tardis
2025-02-24T14:35:57.5669286Z ##[endgroup]
2025-02-24T14:35:57.5670016Z ##[group]Disabling automatic garbage collection
2025-02-24T14:35:57.5673253Z [command]/usr/bin/git config --local gc.auto 0
2025-02-24T14:35:57.5700772Z ##[endgroup]
2025-02-24T14:35:57.5701448Z ##[group]Setting up auth
2025-02-24T14:35:57.5707689Z [command]/usr/bin/git config --local --name-only --get-regexp core\.sshCommand
2025-02-24T14:35:57.5737065Z [command]/usr/bin/git submodule foreach --recursive sh -c "git config --local --name-only --get-regexp 'core\.sshCommand' && git config --local --unset-all 'core.sshCommand' || :"
2025-02-24T14:35:57.6008572Z [command]/usr/bin/git config --local --name-only --get-regexp http\.https\:\/\/github\.com\/\.extraheader
2025-02-24T14:35:57.6038733Z [command]/usr/bin/git submodule foreach --recursive sh -c "git config --local --name-only --get-regexp 'http\.https\:\/\/github\.com\/\.extraheader' && git config --local --unset-all 'http.https://github.com/.extraheader' || :"
2025-02-24T14:35:57.6280714Z [command]/usr/bin/git config --local http.https://github.com/.extraheader AUTHORIZATION: basic ***
2025-02-24T14:35:57.6327684Z ##[endgroup]
2025-02-24T14:35:57.6336233Z ##[group]Fetching the repository
2025-02-24T14:35:57.6338601Z [command]/usr/bin/git -c protocol.version=2 fetch --no-tags --prune --no-recurse-submodules --depth=1 origin +89a6ca21e2e8c3d6d2b4025c700630cbb79728d2:refs/remotes/pull/2993/merge
2025-02-24T14:35:58.7261238Z From https://github.com/tardis-sn/tardis
2025-02-24T14:35:58.7263254Z  * [new ref]         89a6ca21e2e8c3d6d2b4025c700630cbb79728d2 -> pull/2993/merge
2025-02-24T14:35:58.7293895Z ##[endgroup]
2025-02-24T14:35:58.7295173Z ##[group]Determining the checkout info
2025-02-24T14:35:58.7296476Z ##[endgroup]
2025-02-24T14:35:58.7303103Z [command]/usr/bin/git sparse-checkout disable
2025-02-24T14:35:58.7346070Z [command]/usr/bin/git config --local --unset-all extensions.worktreeConfig
2025-02-24T14:35:58.7376382Z ##[group]Checking out the ref
2025-02-24T14:35:58.7381426Z [command]/usr/bin/git checkout --progress --force refs/remotes/pull/2993/merge
2025-02-24T14:35:58.9364516Z Note: switching to 'refs/remotes/pull/2993/merge'.
2025-02-24T14:35:58.9365453Z 
2025-02-24T14:35:58.9366081Z You are in 'detached HEAD' state. You can look around, make experimental
2025-02-24T14:35:58.9367525Z changes and commit them, and you can discard any commits you make in this
2025-02-24T14:35:58.9369322Z state without impacting any branches by switching back to a branch.
2025-02-24T14:35:58.9370160Z 
2025-02-24T14:35:58.9370783Z If you want to create a new branch to retain commits you create, you may
2025-02-24T14:35:58.9372124Z do so (now or later) by using -c with the switch command. Example:
2025-02-24T14:35:58.9373081Z 
2025-02-24T14:35:58.9373491Z   git switch -c <new-branch-name>
2025-02-24T14:35:58.9374135Z 
2025-02-24T14:35:58.9374535Z Or undo this operation with:
2025-02-24T14:35:58.9375117Z 
2025-02-24T14:35:58.9375471Z   git switch -
2025-02-24T14:35:58.9375906Z 
2025-02-24T14:35:58.9376523Z Turn off this advice by setting config variable advice.detachedHead to false
2025-02-24T14:35:58.9377375Z 
2025-02-24T14:35:58.9378309Z HEAD is now at 89a6ca2 Merge d7a096d5e9a8ff6bca035d96eb14179478a15ab4 into 6e790c66049717c1a7df370212bf7063c85b7fdd
2025-02-24T14:35:58.9387076Z ##[endgroup]
2025-02-24T14:35:58.9427080Z [command]/usr/bin/git log -1 --format=%H
2025-02-24T14:35:58.9449991Z 89a6ca21e2e8c3d6d2b4025c700630cbb79728d2
2025-02-24T14:35:58.9792936Z Prepare all required actions
2025-02-24T14:35:58.9794377Z Getting action download info
2025-02-24T14:35:59.1276287Z ##[group]Download immutable action package 'actions/cache@v4'
2025-02-24T14:35:59.1276776Z Version: 4.2.1
2025-02-24T14:35:59.1277243Z Digest: sha256:b0404c9628d43aa6855629075b28f32cadf8efc5c26198438149f78500112940
2025-02-24T14:35:59.1277862Z Source commit SHA: 0c907a75c2c80ebcb7f088228285e798b750cf8f
2025-02-24T14:35:59.1278302Z ##[endgroup]
2025-02-24T14:35:59.3373534Z ##[group]Run ./.github/actions/setup_lfs
2025-02-24T14:35:59.3373882Z with:
2025-02-24T14:35:59.3374192Z   regression-data-repo: tardis-sn/tardis-regression-data
2025-02-24T14:35:59.3374565Z   atom-data-sparse: false
2025-02-24T14:35:59.3374817Z env:
2025-02-24T14:35:59.3375031Z   CACHE_NUMBER: 0
2025-02-24T14:35:59.3375736Z   PYTEST_FLAGS: --tardis-regression-data=/home/runner/work/tardis/tardis/tardis-regression-data --cov=tardis --cov-report=xml --cov-report=html --cov-append
2025-02-24T14:35:59.3376631Z   CODECOV_TOKEN: ***
2025-02-24T14:35:59.3376874Z ##[endgroup]
2025-02-24T14:35:59.3517539Z ##[group]Run actions/checkout@v4
2025-02-24T14:35:59.3517822Z with:
2025-02-24T14:35:59.3518081Z   repository: tardis-sn/tardis-regression-data
2025-02-24T14:35:59.3518415Z   path: tardis-regression-data
2025-02-24T14:35:59.3518687Z   lfs: false
2025-02-24T14:35:59.3519050Z   token: ***
2025-02-24T14:35:59.3519283Z   ssh-strict: true
2025-02-24T14:35:59.3519520Z   ssh-user: git
2025-02-24T14:35:59.3519759Z   persist-credentials: true
2025-02-24T14:35:59.3520022Z   clean: true
2025-02-24T14:35:59.3520268Z   sparse-checkout-cone-mode: true
2025-02-24T14:35:59.3520552Z   fetch-depth: 1
2025-02-24T14:35:59.3520784Z   fetch-tags: false
2025-02-24T14:35:59.3521028Z   show-progress: true
2025-02-24T14:35:59.3521275Z   submodules: false
2025-02-24T14:35:59.3521520Z   set-safe-directory: true
2025-02-24T14:35:59.3521775Z env:
2025-02-24T14:35:59.3521984Z   CACHE_NUMBER: 0
2025-02-24T14:35:59.3522812Z   PYTEST_FLAGS: --tardis-regression-data=/home/runner/work/tardis/tardis/tardis-regression-data --cov=tardis --cov-report=xml --cov-report=html --cov-append
2025-02-24T14:35:59.3523595Z   CODECOV_TOKEN: ***
2025-02-24T14:35:59.3523833Z ##[endgroup]
2025-02-24T14:35:59.4438111Z Syncing repository: tardis-sn/tardis-regression-data
2025-02-24T14:35:59.4444170Z ##[group]Getting Git version info
2025-02-24T14:35:59.4444977Z Working directory is '/home/runner/work/tardis/tardis/tardis-regression-data'
2025-02-24T14:35:59.4484790Z [command]/usr/bin/git version
2025-02-24T14:35:59.4526575Z git version 2.48.1
2025-02-24T14:35:59.4550752Z ##[endgroup]
2025-02-24T14:35:59.4563026Z Temporarily overriding HOME='/home/runner/work/_temp/d8da4fe8-4b80-4f65-a17b-9f83df41d9d1' before making global git config changes
2025-02-24T14:35:59.4564073Z Adding repository directory to the temporary git global config as a safe directory
2025-02-24T14:35:59.4570051Z [command]/usr/bin/git config --global --add safe.directory /home/runner/work/tardis/tardis/tardis-regression-data
2025-02-24T14:35:59.4599781Z ##[group]Initializing the repository
2025-02-24T14:35:59.4604994Z [command]/usr/bin/git init /home/runner/work/tardis/tardis/tardis-regression-data
2025-02-24T14:35:59.4640276Z hint: Using 'master' as the name for the initial branch. This default branch name
2025-02-24T14:35:59.4642262Z hint: is subject to change. To configure the initial branch name to use in all
2025-02-24T14:35:59.4643499Z hint: of your new repositories, which will suppress this warning, call:
2025-02-24T14:35:59.4643933Z hint:
2025-02-24T14:35:59.4644247Z hint: 	git config --global init.defaultBranch <name>
2025-02-24T14:35:59.4644576Z hint:
2025-02-24T14:35:59.4644931Z hint: Names commonly chosen instead of 'master' are 'main', 'trunk' and
2025-02-24T14:35:59.4645470Z hint: 'development'. The just-created branch can be renamed via this command:
2025-02-24T14:35:59.4645871Z hint:
2025-02-24T14:35:59.4646109Z hint: 	git branch -m <name>
2025-02-24T14:35:59.4646881Z Initialized empty Git repository in /home/runner/work/tardis/tardis/tardis-regression-data/.git/
2025-02-24T14:35:59.4652690Z [command]/usr/bin/git remote add origin https://github.com/tardis-sn/tardis-regression-data
2025-02-24T14:35:59.4682275Z ##[endgroup]
2025-02-24T14:35:59.4683053Z ##[group]Disabling automatic garbage collection
2025-02-24T14:35:59.4687048Z [command]/usr/bin/git config --local gc.auto 0
2025-02-24T14:35:59.4714911Z ##[endgroup]
2025-02-24T14:35:59.4715378Z ##[group]Setting up auth
2025-02-24T14:35:59.4720859Z [command]/usr/bin/git config --local --name-only --get-regexp core\.sshCommand
2025-02-24T14:35:59.4749366Z [command]/usr/bin/git submodule foreach --recursive sh -c "git config --local --name-only --get-regexp 'core\.sshCommand' && git config --local --unset-all 'core.sshCommand' || :"
2025-02-24T14:35:59.4970878Z [command]/usr/bin/git config --local --name-only --get-regexp http\.https\:\/\/github\.com\/\.extraheader
2025-02-24T14:35:59.4998425Z [command]/usr/bin/git submodule foreach --recursive sh -c "git config --local --name-only --get-regexp 'http\.https\:\/\/github\.com\/\.extraheader' && git config --local --unset-all 'http.https://github.com/.extraheader' || :"
2025-02-24T14:35:59.5229035Z [command]/usr/bin/git config --local http.https://github.com/.extraheader AUTHORIZATION: basic ***
2025-02-24T14:35:59.5263458Z ##[endgroup]
2025-02-24T14:35:59.5263996Z ##[group]Determining the default branch
2025-02-24T14:35:59.5267059Z Retrieving the default branch name
2025-02-24T14:35:59.7182259Z Default branch 'main'
2025-02-24T14:35:59.7183606Z ##[endgroup]
2025-02-24T14:35:59.7184402Z ##[group]Fetching the repository
2025-02-24T14:35:59.7190384Z [command]/usr/bin/git -c protocol.version=2 fetch --no-tags --prune --no-recurse-submodules --depth=1 origin +refs/heads/main:refs/remotes/origin/main
2025-02-24T14:36:00.1608493Z From https://github.com/tardis-sn/tardis-regression-data
2025-02-24T14:36:00.1609850Z  * [new branch]      main       -> origin/main
2025-02-24T14:36:00.1637550Z ##[endgroup]
2025-02-24T14:36:00.1638410Z ##[group]Determining the checkout info
2025-02-24T14:36:00.1639319Z ##[endgroup]
2025-02-24T14:36:00.1644447Z [command]/usr/bin/git sparse-checkout disable
2025-02-24T14:36:00.1683238Z [command]/usr/bin/git config --local --unset-all extensions.worktreeConfig
2025-02-24T14:36:00.1713616Z ##[group]Checking out the ref
2025-02-24T14:36:00.1717731Z [command]/usr/bin/git checkout --progress --force -B main refs/remotes/origin/main
2025-02-24T14:36:00.2843607Z Switched to a new branch 'main'
2025-02-24T14:36:00.2845302Z branch 'main' set up to track 'origin/main'.
2025-02-24T14:36:00.3126969Z ##[endgroup]
2025-02-24T14:36:00.3174034Z [command]/usr/bin/git log -1 --format=%H
2025-02-24T14:36:00.3201300Z 84e768462f20f09fbccc05625cdcc1d8ffbe404c
2025-02-24T14:36:00.3340137Z ##[group]Run if [ "false" == "true" ]; then
2025-02-24T14:36:00.3340532Z [36;1mif [ "false" == "true" ]; then[0m
2025-02-24T14:36:00.3340837Z [36;1m  echo "Using atom data sparse checkout"[0m
2025-02-24T14:36:00.3341487Z [36;1m  echo "atom_data/kurucz_cd23_chianti_H_He.h5" > .lfs-files-list[0m
2025-02-24T14:36:00.3341845Z [36;1melse[0m
2025-02-24T14:36:00.3342064Z [36;1m  echo "Using full repository checkout"[0m
2025-02-24T14:36:00.3342581Z [36;1m  git lfs ls-files -l | cut -d' ' -f1 | sort > .lfs-files-list[0m
2025-02-24T14:36:00.3342896Z [36;1mfi[0m
2025-02-24T14:36:00.3485349Z shell: /usr/bin/bash --noprofile --norc -e -o pipefail {0}
2025-02-24T14:36:00.3485722Z env:
2025-02-24T14:36:00.3485904Z   CACHE_NUMBER: 0
2025-02-24T14:36:00.3486585Z   PYTEST_FLAGS: --tardis-regression-data=/home/runner/work/tardis/tardis/tardis-regression-data --cov=tardis --cov-report=xml --cov-report=html --cov-append
2025-02-24T14:36:00.3487454Z   CODECOV_TOKEN: ***
2025-02-24T14:36:00.3487666Z ##[endgroup]
2025-02-24T14:36:00.3581339Z Using full repository checkout
2025-02-24T14:36:00.5033618Z ##[group]Run actions/cache/restore@v4
2025-02-24T14:36:00.5034050Z with:
2025-02-24T14:36:00.5034380Z   path: tardis-regression-data/.git/lfs
2025-02-24T14:36:00.5035805Z   key: tardis-regression-full-data-c8ff2bbb6048b3f24d3f52a1e85b013ad47e52c369a6ce4cfdeff528b659b86f-tardis-sn/tardis-regression-data-v1
2025-02-24T14:36:00.5036969Z   fail-on-cache-miss: true
2025-02-24T14:36:00.5037380Z   enableCrossOsArchive: false
2025-02-24T14:36:00.5037771Z   lookup-only: false
2025-02-24T14:36:00.5038089Z env:
2025-02-24T14:36:00.5038373Z   CACHE_NUMBER: 0
2025-02-24T14:36:00.5039432Z   PYTEST_FLAGS: --tardis-regression-data=/home/runner/work/tardis/tardis/tardis-regression-data --cov=tardis --cov-report=xml --cov-report=html --cov-append
2025-02-24T14:36:00.5040833Z   CODECOV_TOKEN: ***
2025-02-24T14:36:00.5041188Z ##[endgroup]
2025-02-24T14:36:00.7226182Z Cache hit for: tardis-regression-full-data-c8ff2bbb6048b3f24d3f52a1e85b013ad47e52c369a6ce4cfdeff528b659b86f-tardis-sn/tardis-regression-data-v1
2025-02-24T14:36:01.7562088Z Received 209715200 of 2161656325 (9.7%), 200.0 MBs/sec
2025-02-24T14:36:02.7566490Z Received 461373440 of 2161656325 (21.3%), 219.9 MBs/sec
2025-02-24T14:36:03.7577477Z Received 700448768 of 2161656325 (32.4%), 222.5 MBs/sec
2025-02-24T14:36:04.7580019Z Received 939524096 of 2161656325 (43.5%), 223.9 MBs/sec
2025-02-24T14:36:05.7577963Z Received 1207959552 of 2161656325 (55.9%), 230.3 MBs/sec
2025-02-24T14:36:06.7620694Z Received 1472200704 of 2161656325 (68.1%), 233.8 MBs/sec
2025-02-24T14:36:07.7622854Z Received 1702887424 of 2161656325 (78.8%), 231.8 MBs/sec
2025-02-24T14:36:08.7734157Z Received 1946157056 of 2161656325 (90.0%), 231.6 MBs/sec
2025-02-24T14:36:09.5584622Z Received 2161656325 of 2161656325 (100.0%), 234.2 MBs/sec
2025-02-24T14:36:09.5587321Z Cache Size: ~2062 MB (2161656325 B)
2025-02-24T14:36:09.5629069Z [command]/usr/bin/tar -xf /home/runner/work/_temp/7f15aff1-5871-4058-9625-b6786ca1f4c7/cache.tzst -P -C /home/runner/work/tardis/tardis --use-compress-program unzstd
2025-02-24T14:36:20.9440116Z Cache restored successfully
2025-02-24T14:36:21.3238482Z Cache restored from key: tardis-regression-full-data-c8ff2bbb6048b3f24d3f52a1e85b013ad47e52c369a6ce4cfdeff528b659b86f-tardis-sn/tardis-regression-data-v1
2025-02-24T14:36:21.3433463Z ##[group]Run git lfs checkout
2025-02-24T14:36:21.3433720Z [36;1mgit lfs checkout[0m
2025-02-24T14:36:21.3487949Z shell: /usr/bin/bash --noprofile --norc -e -o pipefail {0}
2025-02-24T14:36:21.3488267Z env:
2025-02-24T14:36:21.3488441Z   CACHE_NUMBER: 0
2025-02-24T14:36:21.3489079Z   PYTEST_FLAGS: --tardis-regression-data=/home/runner/work/tardis/tardis/tardis-regression-data --cov=tardis --cov-report=xml --cov-report=html --cov-append
2025-02-24T14:36:21.3489946Z   CODECOV_TOKEN: ***
2025-02-24T14:36:21.3490144Z ##[endgroup]
2025-02-24T14:36:42.2201094Z Checking out LFS objects: 100% (204/204), 5.7 GB | 255 MB/s, done.
2025-02-24T14:36:45.0102864Z Prepare all required actions
2025-02-24T14:36:45.0103256Z Getting action download info
2025-02-24T14:36:45.1467108Z Download action repository 'mamba-org/setup-micromamba@v1' (SHA:4b9113af4fba0e9e1124b252dd6497a419e7396d)
2025-02-24T14:36:45.3314944Z ##[group]Run ./.github/actions/setup_env
2025-02-24T14:36:45.3315209Z with:
2025-02-24T14:36:45.3315393Z   os-label: linux-64
2025-02-24T14:36:45.3315583Z env:
2025-02-24T14:36:45.3315743Z   CACHE_NUMBER: 0
2025-02-24T14:36:45.3316335Z   PYTEST_FLAGS: --tardis-regression-data=/home/runner/work/tardis/tardis/tardis-regression-data --cov=tardis --cov-report=xml --cov-report=html --cov-append
2025-02-24T14:36:45.3317112Z   CODECOV_TOKEN: ***
2025-02-24T14:36:45.3317304Z ##[endgroup]
2025-02-24T14:36:45.3338938Z ##[group]Run file_hash=$(cat conda-linux-64.lock | shasum -a 256 | cut -d' ' -f1)
2025-02-24T14:36:45.3339418Z [36;1mfile_hash=$(cat conda-linux-64.lock | shasum -a 256 | cut -d' ' -f1)[0m
2025-02-24T14:36:45.3339983Z [36;1mecho "file_hash=tardis-conda-env-linux-64-${file_hash}-v1" >> "${GITHUB_OUTPUT}"[0m
2025-02-24T14:36:45.3397380Z shell: /usr/bin/bash --noprofile --norc -e -o pipefail {0}
2025-02-24T14:36:45.3397736Z env:
2025-02-24T14:36:45.3397917Z   CACHE_NUMBER: 0
2025-02-24T14:36:45.3398580Z   PYTEST_FLAGS: --tardis-regression-data=/home/runner/work/tardis/tardis/tardis-regression-data --cov=tardis --cov-report=xml --cov-report=html --cov-append
2025-02-24T14:36:45.3399396Z   CODECOV_TOKEN: ***
2025-02-24T14:36:45.3399596Z ##[endgroup]
2025-02-24T14:36:45.3973624Z ##[group]Run mamba-org/setup-micromamba@v1
2025-02-24T14:36:45.3973906Z with:
2025-02-24T14:36:45.3974120Z   environment-file: conda-linux-64.lock
2025-02-24T14:36:45.3974744Z   cache-environment-key: tardis-conda-env-linux-64-d7cd390425b0fd3cf82649dcc003efba9915fb4928f15d342148c3ccffcbe2ee-v1
2025-02-24T14:36:45.3975669Z   cache-downloads-key: tardis-conda-env-linux-64-d7cd390425b0fd3cf82649dcc003efba9915fb4928f15d342148c3ccffcbe2ee-v1
2025-02-24T14:36:45.3976286Z   environment-name: tardis
2025-02-24T14:36:45.3976529Z   cache-environment: true
2025-02-24T14:36:45.3976766Z   cache-downloads: true
2025-02-24T14:36:45.3976984Z env:
2025-02-24T14:36:45.3977163Z   CACHE_NUMBER: 0
2025-02-24T14:36:45.3977830Z   PYTEST_FLAGS: --tardis-regression-data=/home/runner/work/tardis/tardis/tardis-regression-data --cov=tardis --cov-report=xml --cov-report=html --cov-append
2025-02-24T14:36:45.3978729Z   CODECOV_TOKEN: ***
2025-02-24T14:36:45.3978943Z ##[endgroup]
2025-02-24T14:36:45.5365792Z Will download micromamba to /home/runner/micromamba-bin/micromamba
2025-02-24T14:36:45.5376183Z ##[group]Install micromamba
2025-02-24T14:36:45.7988876Z micromamba installed to /home/runner/micromamba-bin/micromamba
2025-02-24T14:36:45.7989865Z ##[endgroup]
2025-02-24T14:36:45.7990504Z Adding conda-forge to condarc channels ...
2025-02-24T14:36:45.8000577Z ##[group]Initialize micromamba for bash.
2025-02-24T14:36:45.8017393Z [command]/home/runner/micromamba-bin/micromamba shell init -s bash -r /home/runner/micromamba --log-level warning --rc-file /home/runner/work/_temp/setup-micromamba/.condarc
2025-02-24T14:36:45.8136789Z Modifying RC file "/home/runner/.bashrc"
2025-02-24T14:36:45.8138212Z Generating config for root prefix [1m"/home/runner/micromamba"[0m
2025-02-24T14:36:45.8140807Z Setting mamba executable to: [1m"/home/runner/micromamba-bin/micromamba"[0m
2025-02-24T14:36:45.8141658Z Adding (or replacing) the following in your "/home/runner/.bashrc" file
2025-02-24T14:36:45.8142143Z 
2025-02-24T14:36:45.8142297Z # >>> mamba initialize >>>
2025-02-24T14:36:45.8143027Z # !! Contents within this block are managed by 'mamba init' !!
2025-02-24T14:36:45.8143695Z export MAMBA_EXE='/home/runner/micromamba-bin/micromamba';
2025-02-24T14:36:45.8144318Z export MAMBA_ROOT_PREFIX='/home/runner/micromamba';
2025-02-24T14:36:45.8145168Z __mamba_setup="$("$MAMBA_EXE" shell hook --shell bash --root-prefix "$MAMBA_ROOT_PREFIX" 2> /dev/null)"
2025-02-24T14:36:45.8145944Z if [ $? -eq 0 ]; then
2025-02-24T14:36:45.8146768Z     eval "$__mamba_setup"
2025-02-24T14:36:45.8147161Z else
2025-02-24T14:36:45.8147631Z     alias micromamba="$MAMBA_EXE"  # Fallback on help from mamba activate
2025-02-24T14:36:45.8148271Z fi
2025-02-24T14:36:45.8148564Z unset __mamba_setup
2025-02-24T14:36:45.8149569Z # <<< mamba initialize <<<
2025-02-24T14:36:45.8149846Z 
2025-02-24T14:36:45.8157286Z Moving mamba initialize block to .bash_profile
2025-02-24T14:36:45.8169168Z ##[endgroup]
2025-02-24T14:36:45.8170368Z ##[group]Restoring downloads from `/home/runner/micromamba/pkgs` ...
2025-02-24T14:36:46.9181993Z Received 301989888 of 356815776 (84.6%), 286.6 MBs/sec
2025-02-24T14:36:47.0437943Z Cache Size: ~340 MB (356815776 B)
2025-02-24T14:36:47.0478651Z [command]/usr/bin/tar -xf /home/runner/work/_temp/31bd156c-8275-4fa9-83ee-ddaa077b2811/cache.tzst -P -C /home/runner/work/tardis/tardis --use-compress-program unzstd
2025-02-24T14:36:47.5351922Z Cache restored successfully
2025-02-24T14:36:47.6100475Z Restored cache with key `tardis-conda-env-linux-64-d7cd390425b0fd3cf82649dcc003efba9915fb4928f15d342148c3ccffcbe2ee-v1-linux-64`
2025-02-24T14:36:47.6102089Z ##[endgroup]
2025-02-24T14:36:47.6112528Z ##[group]Restoring environment `tardis` from `/home/runner/micromamba/envs/tardis` ...
2025-02-24T14:36:47.9189524Z Received 356815776 of 356815776 (100.0%), 169.6 MBs/sec
2025-02-24T14:36:48.6730659Z Received 348127232 of 444032293 (78.4%), 332.0 MBs/sec
2025-02-24T14:36:48.9893963Z Cache Size: ~423 MB (444032293 B)
2025-02-24T14:36:48.9932271Z [command]/usr/bin/tar -xf /home/runner/work/_temp/f8dbc0b7-0553-4775-88f0-77969fb589b1/cache.tzst -P -C /home/runner/work/tardis/tardis --use-compress-program unzstd
2025-02-24T14:36:49.6740543Z Received 444032293 of 444032293 (100.0%), 211.6 MBs/sec
2025-02-24T14:36:54.2525672Z Cache restored successfully
2025-02-24T14:36:54.3293946Z Restored cache with key `tardis-conda-env-linux-64-d7cd390425b0fd3cf82649dcc003efba9915fb4928f15d342148c3ccffcbe2ee-v1-linux-64-tardis-args-4f53cda-root-dcc80ee-bin-[object Promise]-file-d7cd390425b0fd3cf82649dcc003efba9915fb4928f15d342148c3ccffcbe2ee`
2025-02-24T14:36:54.3300803Z ##[endgroup]
2025-02-24T14:36:54.3301443Z Adding environment tardis to auto-activate bash ...
2025-02-24T14:36:54.3307470Z Generating micromamba run shell.
2025-02-24T14:36:54.3316332Z ##[endgroup]
2025-02-24T14:36:54.3321331Z Set environment variables.
2025-02-24T14:36:54.3325595Z ##[group]micromamba info
2025-02-24T14:36:54.3329154Z [command]/home/runner/micromamba-bin/micromamba info -r /home/runner/micromamba -n tardis
2025-02-24T14:36:54.3568746Z 
2025-02-24T14:36:54.3569617Z        libmamba version : 1.5.10
2025-02-24T14:36:54.3570348Z      micromamba version : 1.5.10
2025-02-24T14:36:54.3570960Z            curl version : libcurl/8.10.1 OpenSSL/3.3.2 zlib/1.3.1 zstd/1.5.6 libssh2/1.11.0 nghttp2/1.58.0
2025-02-24T14:36:54.3571716Z      libarchive version : libarchive 3.7.4 zlib/1.2.13 bz2lib/1.0.8 libzstd/1.5.6
2025-02-24T14:36:54.3572539Z        envs directories : /home/runner/micromamba/envs
2025-02-24T14:36:54.3573151Z           package cache : /home/runner/micromamba/pkgs
2025-02-24T14:36:54.3573733Z                           /home/runner/.mamba/pkgs
2025-02-24T14:36:54.3574194Z             environment : tardis
2025-02-24T14:36:54.3574698Z            env location : /home/runner/micromamba/envs/tardis
2025-02-24T14:36:54.3575251Z       user config files : /home/runner/.mambarc
2025-02-24T14:36:54.3575853Z  populated config files : /home/runner/work/_temp/setup-micromamba/.condarc
2025-02-24T14:36:54.3599230Z        virtual packages : __unix=0=0
2025-02-24T14:36:54.3599674Z                           __linux=6.8.0=0
2025-02-24T14:36:54.3600080Z                           __glibc=2.39=0
2025-02-24T14:36:54.3600507Z                           __archspec=1=x86_64_v3
2025-02-24T14:36:54.3601071Z                channels : https://conda.anaconda.org/conda-forge/linux-64
2025-02-24T14:36:54.3601813Z                           https://conda.anaconda.org/conda-forge/noarch
2025-02-24T14:36:54.3602978Z        base environment : /home/runner/micromamba
2025-02-24T14:36:54.3603449Z                platform : linux-64
2025-02-24T14:36:54.3604239Z ##[endgroup]
2025-02-24T14:36:54.3604744Z ##[group]micromamba list
2025-02-24T14:36:54.3605714Z [command]/home/runner/micromamba-bin/micromamba list -r /home/runner/micromamba -n tardis
2025-02-24T14:36:54.7485992Z List of packages in environment: "/home/runner/micromamba/envs/tardis"
2025-02-24T14:36:54.7486756Z 
2025-02-24T14:36:54.7487157Z   Name                           Version              Build                    Channel    
2025-02-24T14:36:54.7488625Z ────────────────────────────────────────────────────────────────────────────────────────────
2025-02-24T14:36:54.7489379Z   _libgcc_mutex                  0.1                  conda_forge              conda-forge
2025-02-24T14:36:54.7490283Z   _openmp_mutex                  4.5                  2_gnu                    conda-forge
2025-02-24T14:36:54.7491096Z   alabaster                      0.7.16               pyhd8ed1ab_0             conda-forge
2025-02-24T14:36:54.7491975Z   anyio                          4.4.0                pyhd8ed1ab_0             conda-forge
2025-02-24T14:36:54.7493067Z   argon2-cffi                    23.1.0               pyhd8ed1ab_0             conda-forge
2025-02-24T14:36:54.7493985Z   argon2-cffi-bindings           21.2.0               py312h98912ed_4          conda-forge
2025-02-24T14:36:54.7494735Z   arrow                          1.3.0                pyhd8ed1ab_0             conda-forge
2025-02-24T14:36:54.7495236Z   astropy                        6.1.1                py312h085067d_0          conda-forge
2025-02-24T14:36:54.7495810Z   astropy-iers-data              0.2024.6.17.0.31.35  pyhd8ed1ab_0             conda-forge
2025-02-24T14:36:54.7496441Z   astropy-sphinx-theme           1.1                  pyhd8ed1ab_0             conda-forge
2025-02-24T14:36:54.7497018Z   asttokens                      2.4.1                pyhd8ed1ab_0             conda-forge
2025-02-24T14:36:54.7497549Z   async-lru                      2.0.4                pyhd8ed1ab_0             conda-forge
2025-02-24T14:36:54.7498052Z   atk-1.0                        2.38.0               h04ea711_2               conda-forge
2025-02-24T14:36:54.7498550Z   attrs                          23.2.0               pyh71513ae_0             conda-forge
2025-02-24T14:36:54.7499047Z   babel                          2.14.0               pyhd8ed1ab_0             conda-forge
2025-02-24T14:36:54.7499589Z   beautifulsoup4                 4.12.3               pyha770c72_0             conda-forge
2025-02-24T14:36:54.7500135Z   bleach                         6.1.0                pyhd8ed1ab_0             conda-forge
2025-02-24T14:36:54.7500620Z   blosc                          1.21.5               hc2324a3_1               conda-forge
2025-02-24T14:36:54.7500975Z   brotli                         1.1.0                hd590300_1               conda-forge
2025-02-24T14:36:54.7501341Z   brotli-bin                     1.1.0                hd590300_1               conda-forge
2025-02-24T14:36:54.7501724Z   brotli-python                  1.1.0                py312h30efb56_1          conda-forge
2025-02-24T14:36:54.7502084Z   bzip2                          1.0.8                hd590300_5               conda-forge
2025-02-24T14:36:54.7502768Z   c-ares                         1.28.1               hd590300_0               conda-forge
2025-02-24T14:36:54.7503135Z   c-blosc2                       2.14.4               hb4ffafa_1               conda-forge
2025-02-24T14:36:54.7503532Z   ca-certificates                2024.6.2             hbcca054_0               conda-forge
2025-02-24T14:36:54.7503943Z   cached-property                1.5.2                hd8ed1ab_1               conda-forge
2025-02-24T14:36:54.7504336Z   cached_property                1.5.2                pyha770c72_1             conda-forge
2025-02-24T14:36:54.7504695Z   cairo                          1.18.0               h3faef2a_0               conda-forge
2025-02-24T14:36:54.7505365Z   certifi                        2024.6.2             pyhd8ed1ab_0             conda-forge
2025-02-24T14:36:54.7505729Z   cffi                           1.16.0               py312hf06ca03_0          conda-forge
2025-02-24T14:36:54.7506103Z   charset-normalizer             3.3.2                pyhd8ed1ab_0             conda-forge
2025-02-24T14:36:54.7506614Z   click                          8.1.7                unix_pyh707e725_0        conda-forge
2025-02-24T14:36:54.7506970Z   codespell                      2.3.0                pyhd8ed1ab_0             conda-forge
2025-02-24T14:36:54.7507323Z   colorama                       0.4.6                pyhd8ed1ab_0             conda-forge
2025-02-24T14:36:54.7507657Z   comm                           0.2.2                pyhd8ed1ab_0             conda-forge
2025-02-24T14:36:54.7508001Z   commonmark                     0.9.1                py_0                     conda-forge
2025-02-24T14:36:54.7508373Z   contourpy                      1.2.1                py312h8572e83_0          conda-forge
2025-02-24T14:36:54.7508735Z   coverage                       7.5.3                py312h9a8786e_0          conda-forge
2025-02-24T14:36:54.7509082Z   cycler                         0.12.1               pyhd8ed1ab_0             conda-forge
2025-02-24T14:36:54.7509439Z   dataclasses                    0.8                  pyhc8e2a94_3             conda-forge
2025-02-24T14:36:54.7509793Z   debugpy                        1.8.1                py312h30efb56_0          conda-forge
2025-02-24T14:36:54.7510149Z   decorator                      5.1.1                pyhd8ed1ab_0             conda-forge
2025-02-24T14:36:54.7510513Z   defusedxml                     0.7.1                pyhd8ed1ab_0             conda-forge
2025-02-24T14:36:54.7510872Z   docutils                       0.20.1               py312h7900ff3_3          conda-forge
2025-02-24T14:36:54.7511215Z   dot2tex                        2.11.3               pyhd8ed1ab_0             conda-forge
2025-02-24T14:36:54.7511574Z   entrypoints                    0.4                  pyhd8ed1ab_0             conda-forge
2025-02-24T14:36:54.7511954Z   exceptiongroup                 1.2.0                pyhd8ed1ab_2             conda-forge
2025-02-24T14:36:54.7512524Z   executing                      2.0.1                pyhd8ed1ab_0             conda-forge
2025-02-24T14:36:54.7512907Z   expat                          2.6.2                h59595ed_0               conda-forge
2025-02-24T14:36:54.7513293Z   font-ttf-dejavu-sans-mono      2.37                 hab24e00_0               conda-forge
2025-02-24T14:36:54.7513724Z   font-ttf-inconsolata           3.000                h77eed37_0               conda-forge
2025-02-24T14:36:54.7514155Z   font-ttf-source-code-pro       2.038                h77eed37_0               conda-forge
2025-02-24T14:36:54.7514564Z   font-ttf-ubuntu                0.83                 h77eed37_2               conda-forge
2025-02-24T14:36:54.7514937Z   fontconfig                     2.14.2               h14ed4e7_0               conda-forge
2025-02-24T14:36:54.7515351Z   fonts-conda-ecosystem          1                    0                        conda-forge
2025-02-24T14:36:54.7515746Z   fonts-conda-forge              1                    0                        conda-forge
2025-02-24T14:36:54.7516117Z   fonttools                      4.53.0               py312h9a8786e_0          conda-forge
2025-02-24T14:36:54.7516630Z   fqdn                           1.5.1                pyhd8ed1ab_0             conda-forge
2025-02-24T14:36:54.7517181Z   freetype                       2.12.1               h267a509_2               conda-forge
2025-02-24T14:36:54.7517755Z   fribidi                        1.0.10               h36c2ea0_0               conda-forge
2025-02-24T14:36:54.7518367Z   future                         1.0.0                pyhd8ed1ab_0             conda-forge
2025-02-24T14:36:54.7518999Z   gdk-pixbuf                     2.42.12              hb9ae30d_0               conda-forge
2025-02-24T14:36:54.7519899Z   giflib                         5.2.2                hd590300_0               conda-forge
2025-02-24T14:36:54.7520550Z   git-lfs                        3.5.1                ha770c72_0               conda-forge
2025-02-24T14:36:54.7521060Z   gmp                            6.3.0                h59595ed_1               conda-forge
2025-02-24T14:36:54.7521833Z   gmpy2                          2.1.5                py312h1d5cde6_1          conda-forge
2025-02-24T14:36:54.7522684Z   graphite2                      1.3.13               h59595ed_1003            conda-forge
2025-02-24T14:36:54.7523317Z   graphviz                       11.0.0               hc68bbd7_0               conda-forge
2025-02-24T14:36:54.7523919Z   gtk2                           2.24.33              h280cfa0_4               conda-forge
2025-02-24T14:36:54.7524383Z   gts                            0.7.6                h977cf35_4               conda-forge
2025-02-24T14:36:54.7524848Z   h11                            0.14.0               pyhd8ed1ab_0             conda-forge
2025-02-24T14:36:54.7525387Z   h2                             4.1.0                pyhd8ed1ab_0             conda-forge
2025-02-24T14:36:54.7525835Z   h5py                           3.11.0               nompi_py312hb7ab980_102  conda-forge
2025-02-24T14:36:54.7526394Z   harfbuzz                       8.5.0                hfac3d4d_0               conda-forge
2025-02-24T14:36:54.7527004Z   hdf5                           1.14.3               nompi_hdf9ad27_105       conda-forge
2025-02-24T14:36:54.7527589Z   hpack                          4.0.0                pyh9f0ad1d_0             conda-forge
2025-02-24T14:36:54.7528188Z   httpcore                       1.0.5                pyhd8ed1ab_0             conda-forge
2025-02-24T14:36:54.7528900Z   httpx                          0.27.0               pyhd8ed1ab_0             conda-forge
2025-02-24T14:36:54.7529507Z   hyperframe                     6.0.1                pyhd8ed1ab_0             conda-forge
2025-02-24T14:36:54.7530108Z   icu                            73.2                 h59595ed_0               conda-forge
2025-02-24T14:36:54.7530647Z   idna                           3.7                  pyhd8ed1ab_0             conda-forge
2025-02-24T14:36:54.7531230Z   imagesize                      1.4.1                pyhd8ed1ab_0             conda-forge
2025-02-24T14:36:54.7531911Z   importlib-metadata             7.1.0                pyha770c72_0             conda-forge
2025-02-24T14:36:54.7532788Z   importlib_metadata             7.1.0                hd8ed1ab_0               conda-forge
2025-02-24T14:36:54.7533494Z   importlib_resources            6.4.0                pyhd8ed1ab_0             conda-forge
2025-02-24T14:36:54.7534159Z   iniconfig                      2.0.0                pyhd8ed1ab_0             conda-forge
2025-02-24T14:36:54.7534782Z   ipykernel                      6.29.4               pyh3099207_0             conda-forge
2025-02-24T14:36:54.7535384Z   ipython                        8.25.0               pyh707e725_0             conda-forge
2025-02-24T14:36:54.7536027Z   ipython_genutils               0.2.0                pyhd8ed1ab_1             conda-forge
2025-02-24T14:36:54.7536687Z   ipywidgets                     7.8.0                pyhd8ed1ab_0             conda-forge
2025-02-24T14:36:54.7537333Z   isoduration                    20.11.0              pyhd8ed1ab_0             conda-forge
2025-02-24T14:36:54.7537945Z   jedi                           0.19.1               pyhd8ed1ab_0             conda-forge
2025-02-24T14:36:54.7538520Z   jinja2                         3.1.4                pyhd8ed1ab_0             conda-forge
2025-02-24T14:36:54.7539105Z   json5                          0.9.25               pyhd8ed1ab_0             conda-forge
2025-02-24T14:36:54.7539713Z   jsonpointer                    3.0.0                py312h7900ff3_0          conda-forge
2025-02-24T14:36:54.7540353Z   jsonschema                     4.22.0               pyhd8ed1ab_0             conda-forge
2025-02-24T14:36:54.7541284Z   jsonschema-specifications      2023.12.1            pyhd8ed1ab_0             conda-forge
2025-02-24T14:36:54.7542151Z   jsonschema-with-format-nongpl  4.22.0               pyhd8ed1ab_0             conda-forge
2025-02-24T14:36:54.7543084Z   jupyter-lsp                    2.2.5                pyhd8ed1ab_0             conda-forge
2025-02-24T14:36:54.7543902Z   jupyter_client                 8.6.2                pyhd8ed1ab_0             conda-forge
2025-02-24T14:36:54.7544547Z   jupyter_core                   5.7.2                py312h7900ff3_0          conda-forge
2025-02-24T14:36:54.7545189Z   jupyter_events                 0.10.0               pyhd8ed1ab_0             conda-forge
2025-02-24T14:36:54.7545843Z   jupyter_server                 2.14.1               pyhd8ed1ab_0             conda-forge
2025-02-24T14:36:54.7546558Z   jupyter_server_terminals       0.5.3                pyhd8ed1ab_0             conda-forge
2025-02-24T14:36:54.7547255Z   jupyterlab                     4.2.2                pyhd8ed1ab_0             conda-forge
2025-02-24T14:36:54.7547934Z   jupyterlab_pygments            0.3.0                pyhd8ed1ab_1             conda-forge
2025-02-24T14:36:54.7548651Z   jupyterlab_server              2.27.2               pyhd8ed1ab_0             conda-forge
2025-02-24T14:36:54.7549348Z   jupyterlab_widgets             1.1.7                pyhd8ed1ab_0             conda-forge
2025-02-24T14:36:54.7550018Z   keyutils                       1.6.1                h166bdaf_0               conda-forge
2025-02-24T14:36:54.7550628Z   kiwisolver                     1.4.5                py312h8572e83_1          conda-forge
2025-02-24T14:36:54.7551213Z   krb5                           1.21.2               h659d440_0               conda-forge
2025-02-24T14:36:54.7551799Z   latexcodec                     2.0.1                pyh9f0ad1d_0             conda-forge
2025-02-24T14:36:54.7552535Z   lcms2                          2.16                 hb7c19ff_0               conda-forge
2025-02-24T14:36:54.7553138Z   ld_impl_linux-64               2.40                 hf3520f5_7               conda-forge
2025-02-24T14:36:54.7553722Z   lerc                           4.0.0                h27087fc_0               conda-forge
2025-02-24T14:36:54.7554276Z   libaec                         1.1.3                h59595ed_0               conda-forge
2025-02-24T14:36:54.7554865Z   libblas                        3.9.0                22_linux64_openblas      conda-forge
2025-02-24T14:36:54.7555507Z   libbrotlicommon                1.1.0                hd590300_1               conda-forge
2025-02-24T14:36:54.7556163Z   libbrotlidec                   1.1.0                hd590300_1               conda-forge
2025-02-24T14:36:54.7556806Z   libbrotlienc                   1.1.0                hd590300_1               conda-forge
2025-02-24T14:36:54.7557434Z   libcblas                       3.9.0                22_linux64_openblas      conda-forge
2025-02-24T14:36:54.7558034Z   libcurl                        8.8.0                hca28451_0               conda-forge
2025-02-24T14:36:54.7558641Z   libdeflate                     1.20                 hd590300_0               conda-forge
2025-02-24T14:36:54.7559268Z   libedit                        3.1.20191231         he28a2e2_2               conda-forge
2025-02-24T14:36:54.7559853Z   libev                          4.33                 hd590300_2               conda-forge
2025-02-24T14:36:54.7560436Z   libexpat                       2.6.2                h59595ed_0               conda-forge
2025-02-24T14:36:54.7561020Z   libffi                         3.4.2                h7f98852_5               conda-forge
2025-02-24T14:36:54.7561603Z   libgcc-ng                      13.2.0               h77fa898_10              conda-forge
2025-02-24T14:36:54.7562176Z   libgd                          2.3.3                h119a65a_9               conda-forge
2025-02-24T14:36:54.7562943Z   libgfortran-ng                 13.2.0               h69a702a_10              conda-forge
2025-02-24T14:36:54.7563863Z   libgfortran5                   13.2.0               h3d2ce59_10              conda-forge
2025-02-24T14:36:54.7564526Z   libglib                        2.80.2               h8a4344b_1               conda-forge
2025-02-24T14:36:54.7565114Z   libgomp                        13.2.0               h77fa898_10              conda-forge
2025-02-24T14:36:54.7565774Z   libiconv                       1.17                 hd590300_2               conda-forge
2025-02-24T14:36:54.7566135Z   libjpeg-turbo                  3.0.0                hd590300_1               conda-forge
2025-02-24T14:36:54.7566509Z   liblapack                      3.9.0                22_linux64_openblas      conda-forge
2025-02-24T14:36:54.7566863Z   libllvm14                      14.0.6               hcd5def8_4               conda-forge
2025-02-24T14:36:54.7567216Z   libnghttp2                     1.58.0               h47da74e_1               conda-forge
2025-02-24T14:36:54.7567556Z   libnsl                         2.0.1                hd590300_0               conda-forge
2025-02-24T14:36:54.7567923Z   libopenblas                    0.3.27               pthreads_h413a1c8_0      conda-forge
2025-02-24T14:36:54.7568286Z   libpng                         1.6.43               h2797004_0               conda-forge
2025-02-24T14:36:54.7568618Z   librsvg                        2.58.1               hadf69e7_0               conda-forge
2025-02-24T14:36:54.7568979Z   libsodium                      1.0.18               h36c2ea0_1               conda-forge
2025-02-24T14:36:54.7569332Z   libsqlite                      3.46.0               hde9e2c9_0               conda-forge
2025-02-24T14:36:54.7569671Z   libssh2                        1.11.0               h0841786_0               conda-forge
2025-02-24T14:36:54.7570016Z   libstdcxx-ng                   13.2.0               hc0a3c3a_10              conda-forge
2025-02-24T14:36:54.7570365Z   libtiff                        4.6.0                h1dd3fc0_3               conda-forge
2025-02-24T14:36:54.7570696Z   libuuid                        2.38.1               h0b41bf4_0               conda-forge
2025-02-24T14:36:54.7571026Z   libwebp                        1.4.0                h2c329e2_0               conda-forge
2025-02-24T14:36:54.7571377Z   libwebp-base                   1.4.0                hd590300_0               conda-forge
2025-02-24T14:36:54.7571720Z   libxcb                         1.15                 h0b41bf4_0               conda-forge
2025-02-24T14:36:54.7572050Z   libxcrypt                      4.4.36               hd590300_1               conda-forge
2025-02-24T14:36:54.7572619Z   libxml2                        2.12.7               hc051c1a_1               conda-forge
2025-02-24T14:36:54.7572957Z   libxslt                        1.1.39               h76b75d6_0               conda-forge
2025-02-24T14:36:54.7573283Z   libzlib                        1.3.1                h4ab18f5_1               conda-forge
2025-02-24T14:36:54.7573628Z   llvmlite                       0.42.0               py312hb06c811_1          conda-forge
2025-02-24T14:36:54.7573967Z   lxml                           5.2.2                py312hb90d8a5_0          conda-forge
2025-02-24T14:36:54.7574279Z   lz4-c                          1.9.4                hcb278e6_0               conda-forge
2025-02-24T14:36:54.7574584Z   lzo                            2.10                 hd590300_1001            conda-forge
2025-02-24T14:36:54.7574919Z   markupsafe                     2.1.5                py312h98912ed_0          conda-forge
2025-02-24T14:36:54.7575294Z   matplotlib-base                3.8.4                py312h20ab3a6_2          conda-forge
2025-02-24T14:36:54.7575689Z   matplotlib-inline              0.1.7                pyhd8ed1ab_0             conda-forge
2025-02-24T14:36:54.7576071Z   mistune                        3.0.2                pyhd8ed1ab_0             conda-forge
2025-02-24T14:36:54.7576394Z   mpc                            1.3.1                hfe3b2da_0               conda-forge
2025-02-24T14:36:54.7576950Z   mpfr                           4.2.1                h9458935_1               conda-forge
2025-02-24T14:36:54.7577568Z   mpmath                         1.3.0                pyhd8ed1ab_0             conda-forge
2025-02-24T14:36:54.7578204Z   munkres                        1.1.4                pyh9f0ad1d_0             conda-forge
2025-02-24T14:36:54.7578905Z   mypy_extensions                1.0.0                pyha770c72_0             conda-forge
2025-02-24T14:36:54.7579284Z   nbclassic                      1.1.0                pyhd8ed1ab_0             conda-forge
2025-02-24T14:36:54.7579645Z   nbclient                       0.10.0               pyhd8ed1ab_0             conda-forge
2025-02-24T14:36:54.7579992Z   nbconvert                      7.16.4               hd8ed1ab_1               conda-forge
2025-02-24T14:36:54.7580360Z   nbconvert-core                 7.16.4               pyhd8ed1ab_1             conda-forge
2025-02-24T14:36:54.7580758Z   nbconvert-pandoc               7.16.4               hd8ed1ab_1               conda-forge
2025-02-24T14:36:54.7581143Z   nbformat                       5.10.4               pyhd8ed1ab_0             conda-forge
2025-02-24T14:36:54.7581491Z   nbsphinx                       0.9.4                pyhd8ed1ab_0             conda-forge
2025-02-24T14:36:54.7581839Z   ncurses                        6.5                  h59595ed_0               conda-forge
2025-02-24T14:36:54.7582194Z   nest-asyncio                   1.6.0                pyhd8ed1ab_0             conda-forge
2025-02-24T14:36:54.7582804Z   networkx                       3.3                  pyhd8ed1ab_1             conda-forge
2025-02-24T14:36:54.7583140Z   nomkl                          1.0                  h5ca1d4c_0               conda-forge
2025-02-24T14:36:54.7583473Z   notebook                       7.2.1                pyhd8ed1ab_0             conda-forge
2025-02-24T14:36:54.7583831Z   notebook-shim                  0.2.4                pyhd8ed1ab_0             conda-forge
2025-02-24T14:36:54.7584193Z   numba                          0.59.1               py312hacefee8_0          conda-forge
2025-02-24T14:36:54.7584528Z   numexpr                        2.10.0               py312hf412c99_100        conda-forge
2025-02-24T14:36:54.7584863Z   numpy                          1.26.4               py312heda63a1_0          conda-forge
2025-02-24T14:36:54.7585208Z   numpydoc                       1.7.0                pyhd8ed1ab_1             conda-forge
2025-02-24T14:36:54.7585549Z   openjpeg                       2.5.2                h488ebb8_0               conda-forge
2025-02-24T14:36:54.7585885Z   openssl                        3.3.1                h4ab18f5_0               conda-forge
2025-02-24T14:36:54.7586228Z   overrides                      7.7.0                pyhd8ed1ab_0             conda-forge
2025-02-24T14:36:54.7586591Z   packaging                      24.1                 pyhd8ed1ab_0             conda-forge
2025-02-24T14:36:54.7586941Z   pandas                         2.2.2                py312h1d6d2e6_1          conda-forge
2025-02-24T14:36:54.7587294Z   pandoc                         3.2                  ha770c72_0               conda-forge
2025-02-24T14:36:54.7587656Z   pandocfilters                  1.5.0                pyhd8ed1ab_0             conda-forge
2025-02-24T14:36:54.7588008Z   pango                          1.54.0               h84a9a3c_0               conda-forge
2025-02-24T14:36:54.7588332Z   parso                          0.8.4                pyhd8ed1ab_0             conda-forge
2025-02-24T14:36:54.7588670Z   pathspec                       0.12.1               pyhd8ed1ab_0             conda-forge
2025-02-24T14:36:54.7589184Z   pbr                            6.0.0                pyhd8ed1ab_0             conda-forge
2025-02-24T14:36:54.7589753Z   pcre2                          10.44                h0f59acf_0               conda-forge
2025-02-24T14:36:54.7590363Z   pexpect                        4.9.0                pyhd8ed1ab_0             conda-forge
2025-02-24T14:36:54.7591004Z   pickleshare                    0.7.5                py_1003                  conda-forge
2025-02-24T14:36:54.7592007Z   pillow                         10.3.0               py312hdcec9eb_0          conda-forge
2025-02-24T14:36:54.7592836Z   pip                            24.0                 pyhd8ed1ab_0             conda-forge
2025-02-24T14:36:54.7593644Z   pixman                         0.43.2               h59595ed_0               conda-forge
2025-02-24T14:36:54.7594340Z   pkgutil-resolve-name           1.3.10               pyhd8ed1ab_1             conda-forge
2025-02-24T14:36:54.7594950Z   platformdirs                   4.2.2                pyhd8ed1ab_0             conda-forge
2025-02-24T14:36:54.7595337Z   plotly                         5.22.0               pyhd8ed1ab_0             conda-forge
2025-02-24T14:36:54.7595681Z   pluggy                         1.5.0                pyhd8ed1ab_0             conda-forge
2025-02-24T14:36:54.7596048Z   prometheus_client              0.20.0               pyhd8ed1ab_0             conda-forge
2025-02-24T14:36:54.7596456Z   prompt-toolkit                 3.0.47               pyha770c72_0             conda-forge
2025-02-24T14:36:54.7596820Z   psutil                         5.9.8                py312h98912ed_0          conda-forge
2025-02-24T14:36:54.7597179Z   pthread-stubs                  0.4                  h36c2ea0_1001            conda-forge
2025-02-24T14:36:54.7597572Z   ptyprocess                     0.7.0                pyhd3deb0d_0             conda-forge
2025-02-24T14:36:54.7597941Z   pure_eval                      0.2.2                pyhd8ed1ab_0             conda-forge
2025-02-24T14:36:54.7598296Z   py-cpuinfo                     9.0.0                pyhd8ed1ab_0             conda-forge
2025-02-24T14:36:54.7598644Z   pybtex                         0.24.0               pyhd8ed1ab_2             conda-forge
2025-02-24T14:36:54.7599016Z   pybtex-docutils                1.0.3                py312h7900ff3_1          conda-forge
2025-02-24T14:36:54.7599392Z   pycparser                      2.22                 pyhd8ed1ab_0             conda-forge
2025-02-24T14:36:54.7599750Z   pyerfa                         2.0.1.4              py312h085067d_1          conda-forge
2025-02-24T14:36:54.7600109Z   pygments                       2.18.0               pyhd8ed1ab_0             conda-forge
2025-02-24T14:36:54.7600473Z   pygraphviz                     1.13                 py312h4a1d8a7_1          conda-forge
2025-02-24T14:36:54.7600835Z   pyparsing                      3.1.2                pyhd8ed1ab_0             conda-forge
2025-02-24T14:36:54.7601190Z   pysocks                        1.7.1                pyha2e5f31_6             conda-forge
2025-02-24T14:36:54.7601540Z   pytables                       3.9.2                py312h96d95ec_2          conda-forge
2025-02-24T14:36:54.7601886Z   pytest                         8.2.2                pyhd8ed1ab_0             conda-forge
2025-02-24T14:36:54.7602232Z   pytest-cov                     5.0.0                pyhd8ed1ab_0             conda-forge
2025-02-24T14:36:54.7602858Z   pytest-doctestplus             1.2.1                pyhd8ed1ab_0             conda-forge
2025-02-24T14:36:54.7603249Z   pytest-html                    4.1.1                pyhd8ed1ab_0             conda-forge
2025-02-24T14:36:54.7603629Z   pytest-metadata                3.1.1                pyhd8ed1ab_0             conda-forge
2025-02-24T14:36:54.7604000Z   python                         3.12.4               h194c7f8_0_cpython       conda-forge
2025-02-24T14:36:54.7604361Z   python-dateutil                2.9.0                pyhd8ed1ab_0             conda-forge
2025-02-24T14:36:54.7604769Z   python-fastjsonschema          2.20.0               pyhd8ed1ab_0             conda-forge
2025-02-24T14:36:54.7605195Z   python-json-logger             2.0.7                pyhd8ed1ab_0             conda-forge
2025-02-24T14:36:54.7605593Z   python-tzdata                  2024.1               pyhd8ed1ab_0             conda-forge
2025-02-24T14:36:54.7605956Z   python_abi                     3.12                 4_cp312                  conda-forge
2025-02-24T14:36:54.7606456Z   pytz                           2024.1               pyhd8ed1ab_0             conda-forge
2025-02-24T14:36:54.7606804Z   pyyaml                         6.0.1                py312h98912ed_1          conda-forge
2025-02-24T14:36:54.7607131Z   pyzmq                          26.0.3               py312h8fd38d8_0          conda-forge
2025-02-24T14:36:54.7607638Z   qgrid                          1.3.1                pyhd8ed1ab_4             conda-forge
2025-02-24T14:36:54.7608014Z   radioactivedecay               0.5.1                pyhd8ed1ab_0             conda-forge
2025-02-24T14:36:54.7608382Z   readline                       8.2                  h8228510_1               conda-forge
2025-02-24T14:36:54.7608736Z   recommonmark                   0.7.1                pyhd8ed1ab_0             conda-forge
2025-02-24T14:36:54.7609107Z   referencing                    0.35.1               pyhd8ed1ab_0             conda-forge
2025-02-24T14:36:54.7609471Z   requests                       2.32.3               pyhd8ed1ab_0             conda-forge
2025-02-24T14:36:54.7609846Z   rfc3339-validator              0.1.4                pyhd8ed1ab_0             conda-forge
2025-02-24T14:36:54.7610246Z   rfc3986-validator              0.1.1                pyh9f0ad1d_0             conda-forge
2025-02-24T14:36:54.7610626Z   rpds-py                        0.18.1               py312h4413252_0          conda-forge
2025-02-24T14:36:54.7610952Z   ruff                           0.4.9                py312h5715c7c_0          conda-forge
2025-02-24T14:36:54.7611277Z   scipy                          1.13.1               py312hc2bc53b_0          conda-forge
2025-02-24T14:36:54.7611625Z   send2trash                     1.8.3                pyh0d859eb_0             conda-forge
2025-02-24T14:36:54.7611985Z   setuptools                     70.0.0               pyhd8ed1ab_0             conda-forge
2025-02-24T14:36:54.7612611Z   setuptools-scm                 8.1.0                pyhd8ed1ab_0             conda-forge
2025-02-24T14:36:54.7613057Z   setuptools_scm                 8.1.0                hd8ed1ab_0               conda-forge
2025-02-24T14:36:54.7613421Z   six                            1.16.0               pyh6c4a22f_0             conda-forge
2025-02-24T14:36:54.7613763Z   snakeviz                       2.2.0                pyhd8ed1ab_0             conda-forge
2025-02-24T14:36:54.7614117Z   snappy                         1.2.0                hdb0a2a9_1               conda-forge
2025-02-24T14:36:54.7614456Z   sniffio                        1.3.1                pyhd8ed1ab_0             conda-forge
2025-02-24T14:36:54.7614824Z   snowballstemmer                2.2.0                pyhd8ed1ab_0             conda-forge
2025-02-24T14:36:54.7615231Z   soupsieve                      2.5                  pyhd8ed1ab_1             conda-forge
2025-02-24T14:36:54.7615588Z   sphinx                         7.3.7                pyhd8ed1ab_0             conda-forge
2025-02-24T14:36:54.7615955Z   sphinx-astropy                 1.9.1                pyhd8ed1ab_0             conda-forge
2025-02-24T14:36:54.7616358Z   sphinx-automodapi              0.17.0               pyh717bed2_1             conda-forge
2025-02-24T14:36:54.7616755Z   sphinx-gallery                 0.16.0               pyhd8ed1ab_0             conda-forge
2025-02-24T14:36:54.7617153Z   sphinx-jsonschema              1.19.1               pyhd8ed1ab_0             conda-forge
2025-02-24T14:36:54.7617563Z   sphinx_bootstrap_theme         0.8.1                pyhd8ed1ab_0             conda-forge
2025-02-24T14:36:54.7617972Z   sphinx_rtd_theme               2.0.0                pyha770c72_0             conda-forge
2025-02-24T14:36:54.7618375Z   sphinxcontrib-apidoc           0.3.0                py_1                     conda-forge
2025-02-24T14:36:54.7618811Z   sphinxcontrib-applehelp        1.0.8                pyhd8ed1ab_0             conda-forge
2025-02-24T14:36:54.7619251Z   sphinxcontrib-bibtex           2.6.2                pyhd8ed1ab_0             conda-forge
2025-02-24T14:36:54.7619840Z   sphinxcontrib-devhelp          1.0.6                pyhd8ed1ab_0             conda-forge
2025-02-24T14:36:54.7620290Z   sphinxcontrib-htmlhelp         2.0.5                pyhd8ed1ab_0             conda-forge
2025-02-24T14:36:54.7620725Z   sphinxcontrib-jquery           4.1                  pyhd8ed1ab_0             conda-forge
2025-02-24T14:36:54.7621259Z   sphinxcontrib-jsmath           1.0.1                pyhd8ed1ab_0             conda-forge
2025-02-24T14:36:54.7621676Z   sphinxcontrib-qthelp           1.0.7                pyhd8ed1ab_0             conda-forge
2025-02-24T14:36:54.7622135Z   sphinxcontrib-serializinghtml  1.1.10               pyhd8ed1ab_0             conda-forge
2025-02-24T14:36:54.7622899Z   stack_data                     0.6.2                pyhd8ed1ab_0             conda-forge
2025-02-24T14:36:54.7623285Z   sympy                          1.12.1               pypyh2585a3b_103         conda-forge
2025-02-24T14:36:54.7623635Z   tabulate                       0.9.0                pyhd8ed1ab_1             conda-forge
2025-02-24T14:36:54.7623979Z   tenacity                       8.4.1                pyhd8ed1ab_0             conda-forge
2025-02-24T14:36:54.7624335Z   terminado                      0.18.1               pyh0d859eb_0             conda-forge
2025-02-24T14:36:54.7624692Z   tinycss2                       1.3.0                pyhd8ed1ab_0             conda-forge
2025-02-24T14:36:54.7625037Z   tk                             8.6.13               noxft_h4845f30_101       conda-forge
2025-02-24T14:36:54.7625356Z   toml                           0.10.2               pyhd8ed1ab_0             conda-forge
2025-02-24T14:36:54.7625680Z   tomli                          2.0.1                pyhd8ed1ab_0             conda-forge
2025-02-24T14:36:54.7626016Z   tornado                        6.4.1                py312h9a8786e_0          conda-forge
2025-02-24T14:36:54.7626353Z   tqdm                           4.66.4               pyhd8ed1ab_0             conda-forge
2025-02-24T14:36:54.7626697Z   traitlets                      5.14.3               pyhd8ed1ab_0             conda-forge
2025-02-24T14:36:54.7627055Z   typed-ast                      1.5.5                py312h98912ed_1          conda-forge
2025-02-24T14:36:54.7627457Z   types-python-dateutil          2.9.0.20240316       pyhd8ed1ab_0             conda-forge
2025-02-24T14:36:54.7627894Z   typing-extensions              4.12.2               hd8ed1ab_0               conda-forge
2025-02-24T14:36:54.7628296Z   typing_extensions              4.12.2               pyha770c72_0             conda-forge
2025-02-24T14:36:54.7628676Z   typing_utils                   0.1.0                pyhd8ed1ab_0             conda-forge
2025-02-24T14:36:54.7629031Z   tzdata                         2024a                h0c530f3_0               conda-forge
2025-02-24T14:36:54.7629388Z   uri-template                   1.3.0                pyhd8ed1ab_0             conda-forge
2025-02-24T14:36:54.7629753Z   urllib3                        2.2.2                pyhd8ed1ab_0             conda-forge
2025-02-24T14:36:54.7630095Z   wcwidth                        0.2.13               pyhd8ed1ab_0             conda-forge
2025-02-24T14:36:54.7630447Z   webcolors                      24.6.0               pyhd8ed1ab_0             conda-forge
2025-02-24T14:36:54.7630820Z   webencodings                   0.5.1                pyhd8ed1ab_2             conda-forge
2025-02-24T14:36:54.7631227Z   websocket-client               1.8.0                pyhd8ed1ab_0             conda-forge
2025-02-24T14:36:54.7631592Z   wheel                          0.43.0               pyhd8ed1ab_1             conda-forge
2025-02-24T14:36:54.7631969Z   widgetsnbextension             3.6.6                pyhd8ed1ab_0             conda-forge
2025-02-24T14:36:54.7632534Z   xorg-kbproto                   1.0.7                h7f98852_1002            conda-forge
2025-02-24T14:36:54.7632914Z   xorg-libice                    1.1.1                hd590300_0               conda-forge
2025-02-24T14:36:54.7633397Z   xorg-libsm                     1.2.4                h7391055_0               conda-forge
2025-02-24T14:36:54.7633755Z   xorg-libx11                    1.8.9                h8ee46fc_0               conda-forge
2025-02-24T14:36:54.7634110Z   xorg-libxau                    1.0.11               hd590300_0               conda-forge
2025-02-24T14:36:54.7634580Z   xorg-libxdmcp                  1.1.3                h7f98852_0               conda-forge
2025-02-24T14:36:54.7634946Z   xorg-libxext                   1.3.4                h0b41bf4_2               conda-forge
2025-02-24T14:36:54.7635324Z   xorg-libxrender                0.9.11               hd590300_0               conda-forge
2025-02-24T14:36:54.7635711Z   xorg-renderproto               0.11.1               h7f98852_1002            conda-forge
2025-02-24T14:36:54.7636097Z   xorg-xextproto                 7.3.0                h0b41bf4_1003            conda-forge
2025-02-24T14:36:54.7636469Z   xorg-xproto                    7.0.31               h7f98852_1007            conda-forge
2025-02-24T14:36:54.7636798Z   xz                             5.2.6                h166bdaf_0               conda-forge
2025-02-24T14:36:54.7637102Z   yaml                           0.2.5                h7f98852_2               conda-forge
2025-02-24T14:36:54.7637429Z   zeromq                         4.3.5                h75354e8_4               conda-forge
2025-02-24T14:36:54.7637760Z   zipp                           3.19.2               pyhd8ed1ab_0             conda-forge
2025-02-24T14:36:54.7638082Z   zlib                           1.3.1                h4ab18f5_1               conda-forge
2025-02-24T14:36:54.7638402Z   zlib-ng                        2.0.7                h0b41bf4_0               conda-forge
2025-02-24T14:36:54.7638726Z   zstd                           1.5.6                ha6fb4c9_0               conda-forge
2025-02-24T14:36:54.7639272Z ##[endgroup]
2025-02-24T14:36:54.7693832Z ##[group]Run pip install -e . --user
2025-02-24T14:36:54.7694167Z [36;1mpip install -e . --user[0m
2025-02-24T14:36:54.7750386Z shell: /usr/bin/bash -l {0}
2025-02-24T14:36:54.7750646Z env:
2025-02-24T14:36:54.7750833Z   CACHE_NUMBER: 0
2025-02-24T14:36:54.7751506Z   PYTEST_FLAGS: --tardis-regression-data=/home/runner/work/tardis/tardis/tardis-regression-data --cov=tardis --cov-report=xml --cov-report=html --cov-append
2025-02-24T14:36:54.7752628Z   CODECOV_TOKEN: ***
2025-02-24T14:36:54.7752897Z   MAMBA_ROOT_PREFIX: /home/runner/micromamba
2025-02-24T14:36:54.7753240Z   MAMBA_EXE: /home/runner/micromamba-bin/micromamba
2025-02-24T14:36:54.7753632Z   CONDARC: /home/runner/work/_temp/setup-micromamba/.condarc
2025-02-24T14:36:54.7753975Z ##[endgroup]
2025-02-24T14:36:55.4021093Z Obtaining file:///home/runner/work/tardis/tardis
2025-02-24T14:36:55.4058505Z   Installing build dependencies: started
2025-02-24T14:36:58.0418697Z   Installing build dependencies: finished with status 'done'
2025-02-24T14:36:58.0425175Z   Checking if build backend supports build_editable: started
2025-02-24T14:36:58.1629676Z   Checking if build backend supports build_editable: finished with status 'done'
2025-02-24T14:36:58.1636702Z   Getting requirements to build editable: started
2025-02-24T14:36:58.6374337Z   Getting requirements to build editable: finished with status 'done'
2025-02-24T14:36:58.6381597Z   Preparing editable metadata (pyproject.toml): started
2025-02-24T14:36:59.0861851Z   Preparing editable metadata (pyproject.toml): finished with status 'done'
2025-02-24T14:36:59.1443128Z Requirement already satisfied: astropy in /home/runner/micromamba/envs/tardis/lib/python3.12/site-packages (from tardis==0.0.0) (6.1.1)
2025-02-24T14:36:59.1820220Z Requirement already satisfied: numpy>=1.23 in /home/runner/micromamba/envs/tardis/lib/python3.12/site-packages (from astropy->tardis==0.0.0) (1.26.4)
2025-02-24T14:36:59.1829314Z Requirement already satisfied: pyerfa>=2.0.1.1 in /home/runner/micromamba/envs/tardis/lib/python3.12/site-packages (from astropy->tardis==0.0.0) (2.0.1.4)
2025-02-24T14:36:59.1839673Z Requirement already satisfied: astropy-iers-data>=0.2024.5.27.0.30.8 in /home/runner/micromamba/envs/tardis/lib/python3.12/site-packages (from astropy->tardis==0.0.0) (0.2024.6.17.0.31.35)
2025-02-24T14:36:59.1847936Z Requirement already satisfied: PyYAML>=3.13 in /home/runner/micromamba/envs/tardis/lib/python3.12/site-packages (from astropy->tardis==0.0.0) (6.0.1)
2025-02-24T14:36:59.1857652Z Requirement already satisfied: packaging>=19.0 in /home/runner/micromamba/envs/tardis/lib/python3.12/site-packages (from astropy->tardis==0.0.0) (24.1)
2025-02-24T14:36:59.1945627Z Building wheels for collected packages: tardis
2025-02-24T14:36:59.1954964Z   Building editable for tardis (pyproject.toml): started
2025-02-24T14:36:59.9405608Z   Building editable for tardis (pyproject.toml): finished with status 'done'
2025-02-24T14:36:59.9412631Z   Created wheel for tardis: filename=tardis-0.0.0-0.editable-py3-none-any.whl size=8879 sha256=564fa0eb5025f1650df2cea88583841172113d51792f69dcd5c6838d3fcc3f59
2025-02-24T14:36:59.9414279Z   Stored in directory: /tmp/pip-ephem-wheel-cache-ecc1g1ia/wheels/6a/c7/ae/89fa6dc2565455898176888ef0e2e475e4e90eb0124afcb995
2025-02-24T14:36:59.9441943Z Successfully built tardis
2025-02-24T14:37:00.7093684Z Installing collected packages: tardis
2025-02-24T14:37:00.7182890Z Successfully installed tardis-0.0.0
2025-02-24T14:37:00.9241351Z ##[group]Run pip install qgridnext
2025-02-24T14:37:00.9241676Z [36;1mpip install qgridnext[0m
2025-02-24T14:37:00.9295700Z shell: /usr/bin/bash -l {0}
2025-02-24T14:37:00.9295939Z env:
2025-02-24T14:37:00.9296113Z   CACHE_NUMBER: 0
2025-02-24T14:37:00.9296724Z   PYTEST_FLAGS: --tardis-regression-data=/home/runner/work/tardis/tardis/tardis-regression-data --cov=tardis --cov-report=xml --cov-report=html --cov-append
2025-02-24T14:37:00.9297544Z   CODECOV_TOKEN: ***
2025-02-24T14:37:00.9297786Z   MAMBA_ROOT_PREFIX: /home/runner/micromamba
2025-02-24T14:37:00.9298091Z   MAMBA_EXE: /home/runner/micromamba-bin/micromamba
2025-02-24T14:37:00.9298439Z   CONDARC: /home/runner/work/_temp/setup-micromamba/.condarc
2025-02-24T14:37:00.9298741Z ##[endgroup]
2025-02-24T14:37:01.5497959Z Collecting qgridnext
2025-02-24T14:37:01.5663802Z   Downloading qgridnext-2.0.4-py3-none-any.whl.metadata (9.9 kB)
2025-02-24T14:37:01.5751115Z Requirement already satisfied: pandas>=0.20.0 in /home/runner/micromamba/envs/tardis/lib/python3.12/site-packages (from qgridnext) (2.2.2)
2025-02-24T14:37:01.5759938Z Requirement already satisfied: ipywidgets>=7.0.0 in /home/runner/micromamba/envs/tardis/lib/python3.12/site-packages (from qgridnext) (7.8.0)
2025-02-24T14:37:01.5768685Z Requirement already satisfied: numpy in /home/runner/micromamba/envs/tardis/lib/python3.12/site-packages (from qgridnext) (1.26.4)
2025-02-24T14:37:01.5778440Z Requirement already satisfied: traitlets in /home/runner/micromamba/envs/tardis/lib/python3.12/site-packages (from qgridnext) (5.14.3)
2025-02-24T14:37:01.5862117Z Requirement already satisfied: comm>=0.1.3 in /home/runner/micromamba/envs/tardis/lib/python3.12/site-packages (from ipywidgets>=7.0.0->qgridnext) (0.2.2)
2025-02-24T14:37:01.5870415Z Requirement already satisfied: ipython-genutils~=0.2.0 in /home/runner/micromamba/envs/tardis/lib/python3.12/site-packages (from ipywidgets>=7.0.0->qgridnext) (0.2.0)
2025-02-24T14:37:01.5883172Z Requirement already satisfied: widgetsnbextension~=3.6.5 in /home/runner/micromamba/envs/tardis/lib/python3.12/site-packages (from ipywidgets>=7.0.0->qgridnext) (3.6.6)
2025-02-24T14:37:01.5900598Z Requirement already satisfied: ipython>=4.0.0 in /home/runner/micromamba/envs/tardis/lib/python3.12/site-packages (from ipywidgets>=7.0.0->qgridnext) (8.25.0)
2025-02-24T14:37:01.5914730Z Requirement already satisfied: jupyterlab-widgets<3,>=1.0.0 in /home/runner/micromamba/envs/tardis/lib/python3.12/site-packages (from ipywidgets>=7.0.0->qgridnext) (1.1.7)
2025-02-24T14:37:01.6353719Z Requirement already satisfied: python-dateutil>=2.8.2 in /home/runner/micromamba/envs/tardis/lib/python3.12/site-packages (from pandas>=0.20.0->qgridnext) (2.9.0)
2025-02-24T14:37:01.6366668Z Requirement already satisfied: pytz>=2020.1 in /home/runner/micromamba/envs/tardis/lib/python3.12/site-packages (from pandas>=0.20.0->qgridnext) (2024.1)
2025-02-24T14:37:01.6374405Z Requirement already satisfied: tzdata>=2022.7 in /home/runner/micromamba/envs/tardis/lib/python3.12/site-packages (from pandas>=0.20.0->qgridnext) (2024.1)
2025-02-24T14:37:01.6697514Z Requirement already satisfied: decorator in /home/runner/micromamba/envs/tardis/lib/python3.12/site-packages (from ipython>=4.0.0->ipywidgets>=7.0.0->qgridnext) (5.1.1)
2025-02-24T14:37:01.6710885Z Requirement already satisfied: jedi>=0.16 in /home/runner/micromamba/envs/tardis/lib/python3.12/site-packages (from ipython>=4.0.0->ipywidgets>=7.0.0->qgridnext) (0.19.1)
2025-02-24T14:37:01.6718979Z Requirement already satisfied: matplotlib-inline in /home/runner/micromamba/envs/tardis/lib/python3.12/site-packages (from ipython>=4.0.0->ipywidgets>=7.0.0->qgridnext) (0.1.7)
2025-02-24T14:37:01.6729598Z Requirement already satisfied: prompt-toolkit<3.1.0,>=3.0.41 in /home/runner/micromamba/envs/tardis/lib/python3.12/site-packages (from ipython>=4.0.0->ipywidgets>=7.0.0->qgridnext) (3.0.47)
2025-02-24T14:37:01.6738726Z Requirement already satisfied: pygments>=2.4.0 in /home/runner/micromamba/envs/tardis/lib/python3.12/site-packages (from ipython>=4.0.0->ipywidgets>=7.0.0->qgridnext) (2.18.0)
2025-02-24T14:37:01.6747885Z Requirement already satisfied: stack-data in /home/runner/micromamba/envs/tardis/lib/python3.12/site-packages (from ipython>=4.0.0->ipywidgets>=7.0.0->qgridnext) (0.6.2)
2025-02-24T14:37:01.6766322Z Requirement already satisfied: pexpect>4.3 in /home/runner/micromamba/envs/tardis/lib/python3.12/site-packages (from ipython>=4.0.0->ipywidgets>=7.0.0->qgridnext) (4.9.0)
2025-02-24T14:37:01.6813613Z Requirement already satisfied: six>=1.5 in /home/runner/micromamba/envs/tardis/lib/python3.12/site-packages (from python-dateutil>=2.8.2->pandas>=0.20.0->qgridnext) (1.16.0)
2025-02-24T14:37:01.6869379Z Requirement already satisfied: notebook>=4.4.1 in /home/runner/micromamba/envs/tardis/lib/python3.12/site-packages (from widgetsnbextension~=3.6.5->ipywidgets>=7.0.0->qgridnext) (7.2.1)
2025-02-24T14:37:01.7066265Z Requirement already satisfied: parso<0.9.0,>=0.8.3 in /home/runner/micromamba/envs/tardis/lib/python3.12/site-packages (from jedi>=0.16->ipython>=4.0.0->ipywidgets>=7.0.0->qgridnext) (0.8.4)
2025-02-24T14:37:01.7210177Z Requirement already satisfied: jupyter-server<3,>=2.4.0 in /home/runner/micromamba/envs/tardis/lib/python3.12/site-packages (from notebook>=4.4.1->widgetsnbextension~=3.6.5->ipywidgets>=7.0.0->qgridnext) (2.14.1)
2025-02-24T14:37:01.7222740Z Requirement already satisfied: jupyterlab-server<3,>=2.27.1 in /home/runner/micromamba/envs/tardis/lib/python3.12/site-packages (from notebook>=4.4.1->widgetsnbextension~=3.6.5->ipywidgets>=7.0.0->qgridnext) (2.27.2)
2025-02-24T14:37:01.7237437Z Requirement already satisfied: jupyterlab<4.3,>=4.2.0 in /home/runner/micromamba/envs/tardis/lib/python3.12/site-packages (from notebook>=4.4.1->widgetsnbextension~=3.6.5->ipywidgets>=7.0.0->qgridnext) (4.2.2)
2025-02-24T14:37:01.7247479Z Requirement already satisfied: notebook-shim<0.3,>=0.2 in /home/runner/micromamba/envs/tardis/lib/python3.12/site-packages (from notebook>=4.4.1->widgetsnbextension~=3.6.5->ipywidgets>=7.0.0->qgridnext) (0.2.4)
2025-02-24T14:37:01.7255333Z Requirement already satisfied: tornado>=6.2.0 in /home/runner/micromamba/envs/tardis/lib/python3.12/site-packages (from notebook>=4.4.1->widgetsnbextension~=3.6.5->ipywidgets>=7.0.0->qgridnext) (6.4.1)
2025-02-24T14:37:01.7284200Z Requirement already satisfied: ptyprocess>=0.5 in /home/runner/micromamba/envs/tardis/lib/python3.12/site-packages (from pexpect>4.3->ipython>=4.0.0->ipywidgets>=7.0.0->qgridnext) (0.7.0)
2025-02-24T14:37:01.7312275Z Requirement already satisfied: wcwidth in /home/runner/micromamba/envs/tardis/lib/python3.12/site-packages (from prompt-toolkit<3.1.0,>=3.0.41->ipython>=4.0.0->ipywidgets>=7.0.0->qgridnext) (0.2.13)
2025-02-24T14:37:01.7446868Z Requirement already satisfied: executing>=1.2.0 in /home/runner/micromamba/envs/tardis/lib/python3.12/site-packages (from stack-data->ipython>=4.0.0->ipywidgets>=7.0.0->qgridnext) (2.0.1)
2025-02-24T14:37:01.7455618Z Requirement already satisfied: asttokens>=2.1.0 in /home/runner/micromamba/envs/tardis/lib/python3.12/site-packages (from stack-data->ipython>=4.0.0->ipywidgets>=7.0.0->qgridnext) (2.4.1)
2025-02-24T14:37:01.7462977Z Requirement already satisfied: pure-eval in /home/runner/micromamba/envs/tardis/lib/python3.12/site-packages (from stack-data->ipython>=4.0.0->ipywidgets>=7.0.0->qgridnext) (0.2.2)
2025-02-24T14:37:01.7801388Z Requirement already satisfied: anyio>=3.1.0 in /home/runner/micromamba/envs/tardis/lib/python3.12/site-packages (from jupyter-server<3,>=2.4.0->notebook>=4.4.1->widgetsnbextension~=3.6.5->ipywidgets>=7.0.0->qgridnext) (4.4.0)
2025-02-24T14:37:01.7811598Z Requirement already satisfied: argon2-cffi>=21.1 in /home/runner/micromamba/envs/tardis/lib/python3.12/site-packages (from jupyter-server<3,>=2.4.0->notebook>=4.4.1->widgetsnbextension~=3.6.5->ipywidgets>=7.0.0->qgridnext) (23.1.0)
2025-02-24T14:37:01.7820017Z Requirement already satisfied: jinja2>=3.0.3 in /home/runner/micromamba/envs/tardis/lib/python3.12/site-packages (from jupyter-server<3,>=2.4.0->notebook>=4.4.1->widgetsnbextension~=3.6.5->ipywidgets>=7.0.0->qgridnext) (3.1.4)
2025-02-24T14:37:01.7836287Z Requirement already satisfied: jupyter-client>=7.4.4 in /home/runner/micromamba/envs/tardis/lib/python3.12/site-packages (from jupyter-server<3,>=2.4.0->notebook>=4.4.1->widgetsnbextension~=3.6.5->ipywidgets>=7.0.0->qgridnext) (8.6.2)
2025-02-24T14:37:01.7846541Z Requirement already satisfied: jupyter-core!=5.0.*,>=4.12 in /home/runner/micromamba/envs/tardis/lib/python3.12/site-packages (from jupyter-server<3,>=2.4.0->notebook>=4.4.1->widgetsnbextension~=3.6.5->ipywidgets>=7.0.0->qgridnext) (5.7.2)
2025-02-24T14:37:01.7857717Z Requirement already satisfied: jupyter-events>=0.9.0 in /home/runner/micromamba/envs/tardis/lib/python3.12/site-packages (from jupyter-server<3,>=2.4.0->notebook>=4.4.1->widgetsnbextension~=3.6.5->ipywidgets>=7.0.0->qgridnext) (0.10.0)
2025-02-24T14:37:01.7868839Z Requirement already satisfied: jupyter-server-terminals>=0.4.4 in /home/runner/micromamba/envs/tardis/lib/python3.12/site-packages (from jupyter-server<3,>=2.4.0->notebook>=4.4.1->widgetsnbextension~=3.6.5->ipywidgets>=7.0.0->qgridnext) (0.5.3)
2025-02-24T14:37:01.7881969Z Requirement already satisfied: nbconvert>=6.4.4 in /home/runner/micromamba/envs/tardis/lib/python3.12/site-packages (from jupyter-server<3,>=2.4.0->notebook>=4.4.1->widgetsnbextension~=3.6.5->ipywidgets>=7.0.0->qgridnext) (7.16.4)
2025-02-24T14:37:01.7891982Z Requirement already satisfied: nbformat>=5.3.0 in /home/runner/micromamba/envs/tardis/lib/python3.12/site-packages (from jupyter-server<3,>=2.4.0->notebook>=4.4.1->widgetsnbextension~=3.6.5->ipywidgets>=7.0.0->qgridnext) (5.10.4)
2025-02-24T14:37:01.7900942Z Requirement already satisfied: overrides>=5.0 in /home/runner/micromamba/envs/tardis/lib/python3.12/site-packages (from jupyter-server<3,>=2.4.0->notebook>=4.4.1->widgetsnbextension~=3.6.5->ipywidgets>=7.0.0->qgridnext) (7.7.0)
2025-02-24T14:37:01.7910736Z Requirement already satisfied: packaging>=22.0 in /home/runner/micromamba/envs/tardis/lib/python3.12/site-packages (from jupyter-server<3,>=2.4.0->notebook>=4.4.1->widgetsnbextension~=3.6.5->ipywidgets>=7.0.0->qgridnext) (24.1)
2025-02-24T14:37:01.7919102Z Requirement already satisfied: prometheus-client>=0.9 in /home/runner/micromamba/envs/tardis/lib/python3.12/site-packages (from jupyter-server<3,>=2.4.0->notebook>=4.4.1->widgetsnbextension~=3.6.5->ipywidgets>=7.0.0->qgridnext) (0.20.0)
2025-02-24T14:37:01.7929489Z Requirement already satisfied: pyzmq>=24 in /home/runner/micromamba/envs/tardis/lib/python3.12/site-packages (from jupyter-server<3,>=2.4.0->notebook>=4.4.1->widgetsnbextension~=3.6.5->ipywidgets>=7.0.0->qgridnext) (26.0.3)
2025-02-24T14:37:01.7938620Z Requirement already satisfied: send2trash>=1.8.2 in /home/runner/micromamba/envs/tardis/lib/python3.12/site-packages (from jupyter-server<3,>=2.4.0->notebook>=4.4.1->widgetsnbextension~=3.6.5->ipywidgets>=7.0.0->qgridnext) (1.8.3)
2025-02-24T14:37:01.7949852Z Requirement already satisfied: terminado>=0.8.3 in /home/runner/micromamba/envs/tardis/lib/python3.12/site-packages (from jupyter-server<3,>=2.4.0->notebook>=4.4.1->widgetsnbextension~=3.6.5->ipywidgets>=7.0.0->qgridnext) (0.18.1)
2025-02-24T14:37:01.7966865Z Requirement already satisfied: websocket-client>=1.7 in /home/runner/micromamba/envs/tardis/lib/python3.12/site-packages (from jupyter-server<3,>=2.4.0->notebook>=4.4.1->widgetsnbextension~=3.6.5->ipywidgets>=7.0.0->qgridnext) (1.8.0)
2025-02-24T14:37:01.8247233Z Requirement already satisfied: async-lru>=1.0.0 in /home/runner/micromamba/envs/tardis/lib/python3.12/site-packages (from jupyterlab<4.3,>=4.2.0->notebook>=4.4.1->widgetsnbextension~=3.6.5->ipywidgets>=7.0.0->qgridnext) (2.0.4)
2025-02-24T14:37:01.8258646Z Requirement already satisfied: httpx>=0.25.0 in /home/runner/micromamba/envs/tardis/lib/python3.12/site-packages (from jupyterlab<4.3,>=4.2.0->notebook>=4.4.1->widgetsnbextension~=3.6.5->ipywidgets>=7.0.0->qgridnext) (0.27.0)
2025-02-24T14:37:01.8270312Z Requirement already satisfied: ipykernel>=6.5.0 in /home/runner/micromamba/envs/tardis/lib/python3.12/site-packages (from jupyterlab<4.3,>=4.2.0->notebook>=4.4.1->widgetsnbextension~=3.6.5->ipywidgets>=7.0.0->qgridnext) (6.29.4)
2025-02-24T14:37:01.8284079Z Requirement already satisfied: jupyter-lsp>=2.0.0 in /home/runner/micromamba/envs/tardis/lib/python3.12/site-packages (from jupyterlab<4.3,>=4.2.0->notebook>=4.4.1->widgetsnbextension~=3.6.5->ipywidgets>=7.0.0->qgridnext) (2.2.5)
2025-02-24T14:37:01.8309409Z Requirement already satisfied: setuptools>=40.1.0 in /home/runner/micromamba/envs/tardis/lib/python3.12/site-packages (from jupyterlab<4.3,>=4.2.0->notebook>=4.4.1->widgetsnbextension~=3.6.5->ipywidgets>=7.0.0->qgridnext) (70.0.0)
2025-02-24T14:37:01.8500007Z Requirement already satisfied: babel>=2.10 in /home/runner/micromamba/envs/tardis/lib/python3.12/site-packages (from jupyterlab-server<3,>=2.27.1->notebook>=4.4.1->widgetsnbextension~=3.6.5->ipywidgets>=7.0.0->qgridnext) (2.14.0)
2025-02-24T14:37:01.8527511Z Requirement already satisfied: json5>=0.9.0 in /home/runner/micromamba/envs/tardis/lib/python3.12/site-packages (from jupyterlab-server<3,>=2.27.1->notebook>=4.4.1->widgetsnbextension~=3.6.5->ipywidgets>=7.0.0->qgridnext) (0.9.25)
2025-02-24T14:37:01.8539330Z Requirement already satisfied: jsonschema>=4.18.0 in /home/runner/micromamba/envs/tardis/lib/python3.12/site-packages (from jupyterlab-server<3,>=2.27.1->notebook>=4.4.1->widgetsnbextension~=3.6.5->ipywidgets>=7.0.0->qgridnext) (4.22.0)
2025-02-24T14:37:01.8559136Z Requirement already satisfied: requests>=2.31 in /home/runner/micromamba/envs/tardis/lib/python3.12/site-packages (from jupyterlab-server<3,>=2.27.1->notebook>=4.4.1->widgetsnbextension~=3.6.5->ipywidgets>=7.0.0->qgridnext) (2.32.3)
2025-02-24T14:37:01.8915103Z Requirement already satisfied: idna>=2.8 in /home/runner/micromamba/envs/tardis/lib/python3.12/site-packages (from anyio>=3.1.0->jupyter-server<3,>=2.4.0->notebook>=4.4.1->widgetsnbextension~=3.6.5->ipywidgets>=7.0.0->qgridnext) (3.7)
2025-02-24T14:37:01.8925802Z Requirement already satisfied: sniffio>=1.1 in /home/runner/micromamba/envs/tardis/lib/python3.12/site-packages (from anyio>=3.1.0->jupyter-server<3,>=2.4.0->notebook>=4.4.1->widgetsnbextension~=3.6.5->ipywidgets>=7.0.0->qgridnext) (1.3.1)
2025-02-24T14:37:01.9020289Z Requirement already satisfied: argon2-cffi-bindings in /home/runner/micromamba/envs/tardis/lib/python3.12/site-packages (from argon2-cffi>=21.1->jupyter-server<3,>=2.4.0->notebook>=4.4.1->widgetsnbextension~=3.6.5->ipywidgets>=7.0.0->qgridnext) (21.2.0)
2025-02-24T14:37:01.9205740Z Requirement already satisfied: certifi in /home/runner/micromamba/envs/tardis/lib/python3.12/site-packages (from httpx>=0.25.0->jupyterlab<4.3,>=4.2.0->notebook>=4.4.1->widgetsnbextension~=3.6.5->ipywidgets>=7.0.0->qgridnext) (2024.6.2)
2025-02-24T14:37:01.9221401Z Requirement already satisfied: httpcore==1.* in /home/runner/micromamba/envs/tardis/lib/python3.12/site-packages (from httpx>=0.25.0->jupyterlab<4.3,>=4.2.0->notebook>=4.4.1->widgetsnbextension~=3.6.5->ipywidgets>=7.0.0->qgridnext) (1.0.5)
2025-02-24T14:37:01.9304769Z Requirement already satisfied: h11<0.15,>=0.13 in /home/runner/micromamba/envs/tardis/lib/python3.12/site-packages (from httpcore==1.*->httpx>=0.25.0->jupyterlab<4.3,>=4.2.0->notebook>=4.4.1->widgetsnbextension~=3.6.5->ipywidgets>=7.0.0->qgridnext) (0.14.0)
2025-02-24T14:37:01.9493741Z Requirement already satisfied: debugpy>=1.6.5 in /home/runner/micromamba/envs/tardis/lib/python3.12/site-packages (from ipykernel>=6.5.0->jupyterlab<4.3,>=4.2.0->notebook>=4.4.1->widgetsnbextension~=3.6.5->ipywidgets>=7.0.0->qgridnext) (1.8.1)
2025-02-24T14:37:01.9515512Z Requirement already satisfied: nest-asyncio in /home/runner/micromamba/envs/tardis/lib/python3.12/site-packages (from ipykernel>=6.5.0->jupyterlab<4.3,>=4.2.0->notebook>=4.4.1->widgetsnbextension~=3.6.5->ipywidgets>=7.0.0->qgridnext) (1.6.0)
2025-02-24T14:37:01.9531179Z Requirement already satisfied: psutil in /home/runner/micromamba/envs/tardis/lib/python3.12/site-packages (from ipykernel>=6.5.0->jupyterlab<4.3,>=4.2.0->notebook>=4.4.1->widgetsnbextension~=3.6.5->ipywidgets>=7.0.0->qgridnext) (5.9.8)
2025-02-24T14:37:01.9599883Z Requirement already satisfied: MarkupSafe>=2.0 in /home/runner/micromamba/envs/tardis/lib/python3.12/site-packages (from jinja2>=3.0.3->jupyter-server<3,>=2.4.0->notebook>=4.4.1->widgetsnbextension~=3.6.5->ipywidgets>=7.0.0->qgridnext) (2.1.5)
2025-02-24T14:37:01.9792572Z Requirement already satisfied: attrs>=22.2.0 in /home/runner/micromamba/envs/tardis/lib/python3.12/site-packages (from jsonschema>=4.18.0->jupyterlab-server<3,>=2.27.1->notebook>=4.4.1->widgetsnbextension~=3.6.5->ipywidgets>=7.0.0->qgridnext) (23.2.0)
2025-02-24T14:37:01.9803291Z Requirement already satisfied: jsonschema-specifications>=2023.03.6 in /home/runner/micromamba/envs/tardis/lib/python3.12/site-packages (from jsonschema>=4.18.0->jupyterlab-server<3,>=2.27.1->notebook>=4.4.1->widgetsnbextension~=3.6.5->ipywidgets>=7.0.0->qgridnext) (2023.12.1)
2025-02-24T14:37:01.9812856Z Requirement already satisfied: referencing>=0.28.4 in /home/runner/micromamba/envs/tardis/lib/python3.12/site-packages (from jsonschema>=4.18.0->jupyterlab-server<3,>=2.27.1->notebook>=4.4.1->widgetsnbextension~=3.6.5->ipywidgets>=7.0.0->qgridnext) (0.35.1)
2025-02-24T14:37:01.9822709Z Requirement already satisfied: rpds-py>=0.7.1 in /home/runner/micromamba/envs/tardis/lib/python3.12/site-packages (from jsonschema>=4.18.0->jupyterlab-server<3,>=2.27.1->notebook>=4.4.1->widgetsnbextension~=3.6.5->ipywidgets>=7.0.0->qgridnext) (0.18.1)
2025-02-24T14:37:02.0086848Z Requirement already satisfied: platformdirs>=2.5 in /home/runner/micromamba/envs/tardis/lib/python3.12/site-packages (from jupyter-core!=5.0.*,>=4.12->jupyter-server<3,>=2.4.0->notebook>=4.4.1->widgetsnbextension~=3.6.5->ipywidgets>=7.0.0->qgridnext) (4.2.2)
2025-02-24T14:37:02.0238536Z Requirement already satisfied: python-json-logger>=2.0.4 in /home/runner/micromamba/envs/tardis/lib/python3.12/site-packages (from jupyter-events>=0.9.0->jupyter-server<3,>=2.4.0->notebook>=4.4.1->widgetsnbextension~=3.6.5->ipywidgets>=7.0.0->qgridnext) (2.0.7)
2025-02-24T14:37:02.0247688Z Requirement already satisfied: pyyaml>=5.3 in /home/runner/micromamba/envs/tardis/lib/python3.12/site-packages (from jupyter-events>=0.9.0->jupyter-server<3,>=2.4.0->notebook>=4.4.1->widgetsnbextension~=3.6.5->ipywidgets>=7.0.0->qgridnext) (6.0.1)
2025-02-24T14:37:02.0258910Z Requirement already satisfied: rfc3339-validator in /home/runner/micromamba/envs/tardis/lib/python3.12/site-packages (from jupyter-events>=0.9.0->jupyter-server<3,>=2.4.0->notebook>=4.4.1->widgetsnbextension~=3.6.5->ipywidgets>=7.0.0->qgridnext) (0.1.4)
2025-02-24T14:37:02.0268394Z Requirement already satisfied: rfc3986-validator>=0.1.1 in /home/runner/micromamba/envs/tardis/lib/python3.12/site-packages (from jupyter-events>=0.9.0->jupyter-server<3,>=2.4.0->notebook>=4.4.1->widgetsnbextension~=3.6.5->ipywidgets>=7.0.0->qgridnext) (0.1.1)
2025-02-24T14:37:02.0696426Z Requirement already satisfied: beautifulsoup4 in /home/runner/micromamba/envs/tardis/lib/python3.12/site-packages (from nbconvert>=6.4.4->jupyter-server<3,>=2.4.0->notebook>=4.4.1->widgetsnbextension~=3.6.5->ipywidgets>=7.0.0->qgridnext) (4.12.3)
2025-02-24T14:37:02.0717037Z Requirement already satisfied: bleach!=5.0.0 in /home/runner/micromamba/envs/tardis/lib/python3.12/site-packages (from nbconvert>=6.4.4->jupyter-server<3,>=2.4.0->notebook>=4.4.1->widgetsnbextension~=3.6.5->ipywidgets>=7.0.0->qgridnext) (6.1.0)
2025-02-24T14:37:02.0732669Z Requirement already satisfied: defusedxml in /home/runner/micromamba/envs/tardis/lib/python3.12/site-packages (from nbconvert>=6.4.4->jupyter-server<3,>=2.4.0->notebook>=4.4.1->widgetsnbextension~=3.6.5->ipywidgets>=7.0.0->qgridnext) (0.7.1)
2025-02-24T14:37:02.0747776Z Requirement already satisfied: jupyterlab-pygments in /home/runner/micromamba/envs/tardis/lib/python3.12/site-packages (from nbconvert>=6.4.4->jupyter-server<3,>=2.4.0->notebook>=4.4.1->widgetsnbextension~=3.6.5->ipywidgets>=7.0.0->qgridnext) (0.3.0)
2025-02-24T14:37:02.0760426Z Requirement already satisfied: mistune<4,>=2.0.3 in /home/runner/micromamba/envs/tardis/lib/python3.12/site-packages (from nbconvert>=6.4.4->jupyter-server<3,>=2.4.0->notebook>=4.4.1->widgetsnbextension~=3.6.5->ipywidgets>=7.0.0->qgridnext) (3.0.2)
2025-02-24T14:37:02.0773669Z Requirement already satisfied: nbclient>=0.5.0 in /home/runner/micromamba/envs/tardis/lib/python3.12/site-packages (from nbconvert>=6.4.4->jupyter-server<3,>=2.4.0->notebook>=4.4.1->widgetsnbextension~=3.6.5->ipywidgets>=7.0.0->qgridnext) (0.10.0)
2025-02-24T14:37:02.0791522Z Requirement already satisfied: pandocfilters>=1.4.1 in /home/runner/micromamba/envs/tardis/lib/python3.12/site-packages (from nbconvert>=6.4.4->jupyter-server<3,>=2.4.0->notebook>=4.4.1->widgetsnbextension~=3.6.5->ipywidgets>=7.0.0->qgridnext) (1.5.0)
2025-02-24T14:37:02.0802230Z Requirement already satisfied: tinycss2 in /home/runner/micromamba/envs/tardis/lib/python3.12/site-packages (from nbconvert>=6.4.4->jupyter-server<3,>=2.4.0->notebook>=4.4.1->widgetsnbextension~=3.6.5->ipywidgets>=7.0.0->qgridnext) (1.3.0)
2025-02-24T14:37:02.0923247Z Requirement already satisfied: fastjsonschema>=2.15 in /home/runner/micromamba/envs/tardis/lib/python3.12/site-packages (from nbformat>=5.3.0->jupyter-server<3,>=2.4.0->notebook>=4.4.1->widgetsnbextension~=3.6.5->ipywidgets>=7.0.0->qgridnext) (2.20.0)
2025-02-24T14:37:02.1231648Z Requirement already satisfied: charset-normalizer<4,>=2 in /home/runner/micromamba/envs/tardis/lib/python3.12/site-packages (from requests>=2.31->jupyterlab-server<3,>=2.27.1->notebook>=4.4.1->widgetsnbextension~=3.6.5->ipywidgets>=7.0.0->qgridnext) (3.3.2)
2025-02-24T14:37:02.1246423Z Requirement already satisfied: urllib3<3,>=1.21.1 in /home/runner/micromamba/envs/tardis/lib/python3.12/site-packages (from requests>=2.31->jupyterlab-server<3,>=2.27.1->notebook>=4.4.1->widgetsnbextension~=3.6.5->ipywidgets>=7.0.0->qgridnext) (2.2.2)
2025-02-24T14:37:02.2018180Z Requirement already satisfied: webencodings in /home/runner/micromamba/envs/tardis/lib/python3.12/site-packages (from bleach!=5.0.0->nbconvert>=6.4.4->jupyter-server<3,>=2.4.0->notebook>=4.4.1->widgetsnbextension~=3.6.5->ipywidgets>=7.0.0->qgridnext) (0.5.1)
2025-02-24T14:37:02.2585997Z Requirement already satisfied: fqdn in /home/runner/micromamba/envs/tardis/lib/python3.12/site-packages (from jsonschema[format-nongpl]>=4.18.0->jupyter-events>=0.9.0->jupyter-server<3,>=2.4.0->notebook>=4.4.1->widgetsnbextension~=3.6.5->ipywidgets>=7.0.0->qgridnext) (1.5.1)
2025-02-24T14:37:02.2604383Z Requirement already satisfied: isoduration in /home/runner/micromamba/envs/tardis/lib/python3.12/site-packages (from jsonschema[format-nongpl]>=4.18.0->jupyter-events>=0.9.0->jupyter-server<3,>=2.4.0->notebook>=4.4.1->widgetsnbextension~=3.6.5->ipywidgets>=7.0.0->qgridnext) (20.11.0)
2025-02-24T14:37:02.2618907Z Requirement already satisfied: jsonpointer>1.13 in /home/runner/micromamba/envs/tardis/lib/python3.12/site-packages (from jsonschema[format-nongpl]>=4.18.0->jupyter-events>=0.9.0->jupyter-server<3,>=2.4.0->notebook>=4.4.1->widgetsnbextension~=3.6.5->ipywidgets>=7.0.0->qgridnext) (3.0.0)
2025-02-24T14:37:02.2637274Z Requirement already satisfied: uri-template in /home/runner/micromamba/envs/tardis/lib/python3.12/site-packages (from jsonschema[format-nongpl]>=4.18.0->jupyter-events>=0.9.0->jupyter-server<3,>=2.4.0->notebook>=4.4.1->widgetsnbextension~=3.6.5->ipywidgets>=7.0.0->qgridnext) (1.3.0)
2025-02-24T14:37:02.2651831Z Requirement already satisfied: webcolors>=1.11 in /home/runner/micromamba/envs/tardis/lib/python3.12/site-packages (from jsonschema[format-nongpl]>=4.18.0->jupyter-events>=0.9.0->jupyter-server<3,>=2.4.0->notebook>=4.4.1->widgetsnbextension~=3.6.5->ipywidgets>=7.0.0->qgridnext) (24.6.0)
2025-02-24T14:37:02.3676157Z Requirement already satisfied: cffi>=1.0.1 in /home/runner/micromamba/envs/tardis/lib/python3.12/site-packages (from argon2-cffi-bindings->argon2-cffi>=21.1->jupyter-server<3,>=2.4.0->notebook>=4.4.1->widgetsnbextension~=3.6.5->ipywidgets>=7.0.0->qgridnext) (1.16.0)
2025-02-24T14:37:02.3774799Z Requirement already satisfied: soupsieve>1.2 in /home/runner/micromamba/envs/tardis/lib/python3.12/site-packages (from beautifulsoup4->nbconvert>=6.4.4->jupyter-server<3,>=2.4.0->notebook>=4.4.1->widgetsnbextension~=3.6.5->ipywidgets>=7.0.0->qgridnext) (2.5)
2025-02-24T14:37:02.4298564Z Requirement already satisfied: pycparser in /home/runner/micromamba/envs/tardis/lib/python3.12/site-packages (from cffi>=1.0.1->argon2-cffi-bindings->argon2-cffi>=21.1->jupyter-server<3,>=2.4.0->notebook>=4.4.1->widgetsnbextension~=3.6.5->ipywidgets>=7.0.0->qgridnext) (2.22)
2025-02-24T14:37:02.4791512Z Requirement already satisfied: arrow>=0.15.0 in /home/runner/micromamba/envs/tardis/lib/python3.12/site-packages (from isoduration->jsonschema[format-nongpl]>=4.18.0->jupyter-events>=0.9.0->jupyter-server<3,>=2.4.0->notebook>=4.4.1->widgetsnbextension~=3.6.5->ipywidgets>=7.0.0->qgridnext) (1.3.0)
2025-02-24T14:37:02.5089891Z Requirement already satisfied: types-python-dateutil>=2.8.10 in /home/runner/micromamba/envs/tardis/lib/python3.12/site-packages (from arrow>=0.15.0->isoduration->jsonschema[format-nongpl]>=4.18.0->jupyter-events>=0.9.0->jupyter-server<3,>=2.4.0->notebook>=4.4.1->widgetsnbextension~=3.6.5->ipywidgets>=7.0.0->qgridnext) (2.9.0.20240316)
2025-02-24T14:37:02.5353367Z Downloading qgridnext-2.0.4-py3-none-any.whl (1.3 MB)
2025-02-24T14:37:02.5638744Z    ━━━━━━━━━━━━━━━━━━━━━━━━━━━━━━━━━━━━━━━━ 1.3/1.3 MB 48.3 MB/s eta 0:00:00
2025-02-24T14:37:03.3622033Z Installing collected packages: qgridnext
2025-02-24T14:37:03.4366032Z Successfully installed qgridnext-2.0.4
2025-02-24T14:37:03.6270979Z ##[group]Run pytest tardis --tardis-regression-data=/home/runner/work/tardis/tardis/tardis-regression-data --cov=tardis --cov-report=xml --cov-report=html --cov-append -m " continuum"
2025-02-24T14:37:03.6272242Z [36;1mpytest tardis --tardis-regression-data=/home/runner/work/tardis/tardis/tardis-regression-data --cov=tardis --cov-report=xml --cov-report=html --cov-append -m " continuum"[0m
2025-02-24T14:37:03.6327641Z shell: /usr/bin/bash -l {0}
2025-02-24T14:37:03.6327918Z env:
2025-02-24T14:37:03.6328093Z   CACHE_NUMBER: 0
2025-02-24T14:37:03.6328708Z   PYTEST_FLAGS: --tardis-regression-data=/home/runner/work/tardis/tardis/tardis-regression-data --cov=tardis --cov-report=xml --cov-report=html --cov-append
2025-02-24T14:37:03.6329523Z   CODECOV_TOKEN: ***
2025-02-24T14:37:03.6329764Z   MAMBA_ROOT_PREFIX: /home/runner/micromamba
2025-02-24T14:37:03.6330066Z   MAMBA_EXE: /home/runner/micromamba-bin/micromamba
2025-02-24T14:37:03.6330452Z   CONDARC: /home/runner/work/_temp/setup-micromamba/.condarc
2025-02-24T14:37:03.6330749Z ##[endgroup]
2025-02-24T14:37:12.5004714Z ============================= test session starts ==============================
2025-02-24T14:37:12.5005553Z platform linux -- Python 3.12.4, pytest-8.2.2, pluggy-1.5.0
2025-02-24T14:37:12.5006237Z rootdir: /home/runner/work/tardis/tardis
2025-02-24T14:37:12.5006827Z configfile: pyproject.toml
2025-02-24T14:37:12.5007551Z plugins: metadata-3.1.1, anyio-4.4.0, doctestplus-1.2.1, cov-5.0.0, html-4.1.1
2025-02-24T14:37:12.5008913Z collected 1796 items / 1794 deselected / 2 selected
2025-02-24T14:37:12.5009339Z 
2025-02-24T14:39:02.0657202Z tardis/transport/montecarlo/estimators/tests/test_continuum_property_solver.py . [ 50%]
2025-02-24T14:39:02.0659455Z                                                                          [ 50%]
2025-02-24T14:39:34.8575414Z tardis/transport/montecarlo/tests/test_continuum.py .                    [100%]
2025-02-24T14:39:34.8576145Z 
2025-02-24T14:39:34.8576430Z =============================== warnings summary ===============================
2025-02-24T14:39:34.8577217Z tardis/io/configuration/config_validator.py:6
2025-02-24T14:39:34.8577978Z tardis/io/configuration/config_validator.py:6
2025-02-24T14:39:34.8579204Z   /home/runner/work/tardis/tardis/tardis/io/configuration/config_validator.py:6: DeprecationWarning:
2025-02-24T14:39:34.8579968Z   
2025-02-24T14:39:34.8582061Z   jsonschema.RefResolver is deprecated as of v4.18.0, in favor of the https://github.com/python-jsonschema/referencing library, which provides more compliant referencing behavior as well as more flexible APIs for customization. A future release will remove RefResolver. Please file a feature request (on referencing) if you are missing an API for the kind of customization you need.
2025-02-24T14:39:34.8584413Z 
2025-02-24T14:39:34.8584806Z ../../../micromamba/envs/tardis/lib/python3.12/site-packages/jupyter_client/connect.py:22
2025-02-24T14:39:34.8585934Z   /home/runner/micromamba/envs/tardis/lib/python3.12/site-packages/jupyter_client/connect.py:22: DeprecationWarning:
2025-02-24T14:39:34.8586830Z   
2025-02-24T14:39:34.8587183Z   Jupyter is migrating its paths to use standard platformdirs
2025-02-24T14:39:34.8587740Z   given by the platformdirs library.  To remove this warning and
2025-02-24T14:39:34.8588314Z   see the appropriate new directories, set the environment variable
2025-02-24T14:39:34.8588879Z   `JUPYTER_PLATFORM_DIRS=1` and then run `jupyter --paths`.
2025-02-24T14:39:34.8589434Z   The use of platformdirs will be the default in `jupyter_core` v6
2025-02-24T14:39:34.8589782Z 
2025-02-24T14:39:34.8596404Z tardis/transport/montecarlo/estimators/tests/test_continuum_property_solver.py::test_continuum_estimators
2025-02-24T14:39:34.8597577Z   /home/runner/work/tardis/tardis/tardis/transport/montecarlo/montecarlo_main_loop.py:123: NumbaTypeSafetyWarning:
2025-02-24T14:39:34.8598344Z   
2025-02-24T14:39:34.8599006Z   [1m[1m[1munsafe cast from uint64 to int64. Precision may be lost.[0m[0m[0m
2025-02-24T14:39:34.8599657Z 
2025-02-24T14:39:34.8599944Z -- Docs: https://docs.pytest.org/en/stable/how-to/capture-warnings.html
2025-02-24T14:39:34.8600366Z 
2025-02-24T14:39:34.8600606Z ---------- coverage: platform linux, python 3.12.4-final-0 -----------
2025-02-24T14:39:34.8601143Z Coverage HTML written to dir coverage_html_report
2025-02-24T14:39:34.8601594Z Coverage XML written to file coverage.xml
2025-02-24T14:39:34.8601877Z 
2025-02-24T14:39:34.8602122Z ========== 2 passed, 1794 deselected, 4 warnings in 143.99s (0:02:23) ==========
2025-02-24T14:39:36.0033418Z ##[group]Run mv .coverage .coverage.3
2025-02-24T14:39:36.0033782Z [36;1mmv .coverage .coverage.3[0m
2025-02-24T14:39:36.0088370Z shell: /usr/bin/bash -l {0}
2025-02-24T14:39:36.0088623Z env:
2025-02-24T14:39:36.0088807Z   CACHE_NUMBER: 0
2025-02-24T14:39:36.0089462Z   PYTEST_FLAGS: --tardis-regression-data=/home/runner/work/tardis/tardis/tardis-regression-data --cov=tardis --cov-report=xml --cov-report=html --cov-append
2025-02-24T14:39:36.0090494Z   CODECOV_TOKEN: ***
2025-02-24T14:39:36.0090748Z   MAMBA_ROOT_PREFIX: /home/runner/micromamba
2025-02-24T14:39:36.0091077Z   MAMBA_EXE: /home/runner/micromamba-bin/micromamba
2025-02-24T14:39:36.0091448Z   CONDARC: /home/runner/work/_temp/setup-micromamba/.condarc
2025-02-24T14:39:36.0091773Z ##[endgroup]
2025-02-24T14:39:36.1267232Z ##[group]Run actions/upload-artifact@v4
2025-02-24T14:39:36.1267524Z with:
2025-02-24T14:39:36.1267749Z   name: coverage--continuum-ubuntu-latest
2025-02-24T14:39:36.1268215Z   include-hidden-files: true
2025-02-24T14:39:36.1268463Z   path: .coverage*
!.coveragerc

2025-02-24T14:39:36.1268708Z   if-no-files-found: warn
2025-02-24T14:39:36.1268930Z   compression-level: 6
2025-02-24T14:39:36.1269143Z   overwrite: false
2025-02-24T14:39:36.1269336Z env:
2025-02-24T14:39:36.1269503Z   CACHE_NUMBER: 0
2025-02-24T14:39:36.1270107Z   PYTEST_FLAGS: --tardis-regression-data=/home/runner/work/tardis/tardis/tardis-regression-data --cov=tardis --cov-report=xml --cov-report=html --cov-append
2025-02-24T14:39:36.1270908Z   CODECOV_TOKEN: ***
2025-02-24T14:39:36.1271164Z   MAMBA_ROOT_PREFIX: /home/runner/micromamba
2025-02-24T14:39:36.1271468Z   MAMBA_EXE: /home/runner/micromamba-bin/micromamba
2025-02-24T14:39:36.1271813Z   CONDARC: /home/runner/work/_temp/setup-micromamba/.condarc
2025-02-24T14:39:36.1272141Z ##[endgroup]
2025-02-24T14:39:36.3637573Z With the provided path, there will be 1 file uploaded
2025-02-24T14:39:36.3643606Z Artifact name is valid!
2025-02-24T14:39:36.3644880Z Root directory input is valid!
2025-02-24T14:39:36.4683002Z Beginning upload of artifact content to blob storage
2025-02-24T14:39:36.5598376Z Uploaded bytes 18415
2025-02-24T14:39:36.5785171Z Finished uploading artifact content to blob storage!
2025-02-24T14:39:36.5788844Z SHA256 hash of uploaded artifact zip is 32ce13e6762de868ce98ee7022c40cc170260ca37619e90b0f493ed32f3b7544
2025-02-24T14:39:36.5790927Z Finalizing artifact upload
2025-02-24T14:39:36.6598327Z Artifact coverage--continuum-ubuntu-latest.zip successfully finalized. Artifact ID 2641726661
2025-02-24T14:39:36.6601269Z Artifact coverage--continuum-ubuntu-latest has been successfully uploaded! Final size is 18415 bytes. Artifact ID is 2641726661
2025-02-24T14:39:36.6607436Z Artifact download URL: https://github.com/tardis-sn/tardis/actions/runs/13500516747/artifacts/2641726661
2025-02-24T14:39:36.6751038Z Post job cleanup.
2025-02-24T14:39:36.6801887Z Post job cleanup.
2025-02-24T14:39:36.8140086Z Will use pre-installed micromamba at /home/runner/micromamba-bin/micromamba
2025-02-24T14:39:36.8146622Z Removing micromamba run shell ...
2025-02-24T14:39:36.8150030Z ##[group]Deinitialize micromamba for bash
2025-02-24T14:39:36.8168888Z [command]/home/runner/micromamba-bin/micromamba shell deinit -s bash -r /home/runner/micromamba --log-level warning --rc-file /home/runner/work/_temp/setup-micromamba/.condarc
2025-02-24T14:39:36.8265380Z Resetting RC file "/home/runner/.bashrc"
2025-02-24T14:39:36.8266184Z Deleting config for root prefix 
2025-02-24T14:39:36.8266723Z Clearing mamba executable environment variable
2025-02-24T14:39:36.8268199Z Removing the following in your "/home/runner/.bashrc" file
2025-02-24T14:39:36.8268620Z # >>> mamba initialize >>>
2025-02-24T14:39:36.8268850Z ...
2025-02-24T14:39:36.8269027Z # <<< mamba initialize <<<
2025-02-24T14:39:36.8297254Z Removing mamba initialize block from .bash_profile
2025-02-24T14:39:36.8312151Z ##[endgroup]
2025-02-24T14:39:36.8316570Z Removing environment tardis from auto-activate bash ...
2025-02-24T14:39:36.8437708Z Post job cleanup.
2025-02-24T14:39:36.8476594Z Post job cleanup.
2025-02-24T14:39:36.9463991Z [command]/usr/bin/git version
2025-02-24T14:39:36.9500659Z git version 2.48.1
2025-02-24T14:39:36.9549176Z Temporarily overriding HOME='/home/runner/work/_temp/82b4e549-2bea-4702-a49f-2a6c5a591c2e' before making global git config changes
2025-02-24T14:39:36.9550516Z Adding repository directory to the temporary git global config as a safe directory
2025-02-24T14:39:36.9554516Z [command]/usr/bin/git config --global --add safe.directory /home/runner/work/tardis/tardis/tardis-regression-data
2025-02-24T14:39:36.9589452Z [command]/usr/bin/git config --local --name-only --get-regexp core\.sshCommand
2025-02-24T14:39:36.9621018Z [command]/usr/bin/git submodule foreach --recursive sh -c "git config --local --name-only --get-regexp 'core\.sshCommand' && git config --local --unset-all 'core.sshCommand' || :"
2025-02-24T14:39:36.9861636Z [command]/usr/bin/git config --local --name-only --get-regexp http\.https\:\/\/github\.com\/\.extraheader
2025-02-24T14:39:36.9885496Z http.https://github.com/.extraheader
2025-02-24T14:39:36.9898246Z [command]/usr/bin/git config --local --unset-all http.https://github.com/.extraheader
2025-02-24T14:39:36.9931838Z [command]/usr/bin/git submodule foreach --recursive sh -c "git config --local --name-only --get-regexp 'http\.https\:\/\/github\.com\/\.extraheader' && git config --local --unset-all 'http.https://github.com/.extraheader' || :"
2025-02-24T14:39:37.0301060Z Post job cleanup.
2025-02-24T14:39:37.1241878Z [command]/usr/bin/git version
2025-02-24T14:39:37.1279974Z git version 2.48.1
2025-02-24T14:39:37.1329848Z Temporarily overriding HOME='/home/runner/work/_temp/7ea209f8-8a6d-4d19-ac83-ef72896c684d' before making global git config changes
2025-02-24T14:39:37.1331109Z Adding repository directory to the temporary git global config as a safe directory
2025-02-24T14:39:37.1335455Z [command]/usr/bin/git config --global --add safe.directory /home/runner/work/tardis/tardis
2025-02-24T14:39:37.1370959Z [command]/usr/bin/git config --local --name-only --get-regexp core\.sshCommand
2025-02-24T14:39:37.1402493Z [command]/usr/bin/git submodule foreach --recursive sh -c "git config --local --name-only --get-regexp 'core\.sshCommand' && git config --local --unset-all 'core.sshCommand' || :"
2025-02-24T14:39:37.1637264Z [command]/usr/bin/git config --local --name-only --get-regexp http\.https\:\/\/github\.com\/\.extraheader
2025-02-24T14:39:37.1658003Z http.https://github.com/.extraheader
2025-02-24T14:39:37.1670348Z [command]/usr/bin/git config --local --unset-all http.https://github.com/.extraheader
2025-02-24T14:39:37.1700563Z [command]/usr/bin/git submodule foreach --recursive sh -c "git config --local --name-only --get-regexp 'http\.https\:\/\/github\.com\/\.extraheader' && git config --local --unset-all 'http.https://github.com/.extraheader' || :"
2025-02-24T14:39:37.2039049Z Cleaning up orphan processes
