2025-01-21T16:41:25.7936400Z Prepare all required actions
2025-01-21T16:41:25.7936910Z Getting action download info
2025-01-21T16:41:25.9305220Z Download action repository 'mamba-org/setup-micromamba@v1' (SHA:4b9113af4fba0e9e1124b252dd6497a419e7396d)
2025-01-21T16:41:27.1614030Z ##[group]Run ./.github/actions/setup_env
2025-01-21T16:41:27.1614390Z with:
2025-01-21T16:41:27.1614710Z   os-label: osx-arm64
2025-01-21T16:41:27.1614950Z env:
2025-01-21T16:41:27.1615240Z   CACHE_NUMBER: 0
2025-01-21T16:41:27.1615810Z   PYTEST_FLAGS: --tardis-regression-data=/Users/runner/work/tardis/tardis/tardis-regression-data --cov=tardis --cov-report=xml --cov-report=html --cov-append
2025-01-21T16:41:27.1617490Z   CODECOV_TOKEN: ***
2025-01-21T16:41:27.1617670Z ##[endgroup]
2025-01-21T16:41:27.1683920Z ##[group]Run file_hash=$(cat conda-osx-arm64.lock | shasum -a 256 | cut -d' ' -f1)
2025-01-21T16:41:27.1684380Z [36;1mfile_hash=$(cat conda-osx-arm64.lock | shasum -a 256 | cut -d' ' -f1)[0m
2025-01-21T16:41:27.1684720Z [36;1mecho "file_hash=$file_hash" >> "${GITHUB_OUTPUT}"[0m
2025-01-21T16:41:27.1745300Z shell: /bin/bash --noprofile --norc -e -o pipefail {0}
2025-01-21T16:41:27.1745560Z env:
2025-01-21T16:41:27.1745730Z   CACHE_NUMBER: 0
2025-01-21T16:41:27.1746210Z   PYTEST_FLAGS: --tardis-regression-data=/Users/runner/work/tardis/tardis/tardis-regression-data --cov=tardis --cov-report=xml --cov-report=html --cov-append
2025-01-21T16:41:27.1746930Z   CODECOV_TOKEN: ***
2025-01-21T16:41:27.1747080Z ##[endgroup]
2025-01-21T16:41:27.3136630Z ##[group]Run mamba-org/setup-micromamba@v1
2025-01-21T16:41:27.3136870Z with:
2025-01-21T16:41:27.3137030Z   environment-file: conda-osx-arm64.lock
2025-01-21T16:41:27.3137370Z   cache-environment-key: bf0d0a4d4c847cca72476c6c68c493d56c484aada7e80de0e42c7607fcef5824
2025-01-21T16:41:27.3137810Z   cache-downloads-key: bf0d0a4d4c847cca72476c6c68c493d56c484aada7e80de0e42c7607fcef5824
2025-01-21T16:41:27.3138130Z   environment-name: tardis
2025-01-21T16:41:27.3138300Z   cache-environment: true
2025-01-21T16:41:27.3138470Z   cache-downloads: true
2025-01-21T16:41:27.3138640Z env:
2025-01-21T16:41:27.3138760Z   CACHE_NUMBER: 0
2025-01-21T16:41:27.3139210Z   PYTEST_FLAGS: --tardis-regression-data=/Users/runner/work/tardis/tardis/tardis-regression-data --cov=tardis --cov-report=xml --cov-report=html --cov-append
2025-01-21T16:41:27.3139850Z   CODECOV_TOKEN: ***
2025-01-21T16:41:27.3140000Z ##[endgroup]
2025-01-21T16:41:27.6088830Z Will download micromamba to /Users/runner/micromamba-bin/micromamba
2025-01-21T16:41:27.6093480Z ##[group]Install micromamba
2025-01-21T16:41:28.3721350Z micromamba installed to /Users/runner/micromamba-bin/micromamba
2025-01-21T16:41:28.3722270Z ##[endgroup]
2025-01-21T16:41:28.3722570Z Adding conda-forge to condarc channels ...
2025-01-21T16:41:28.3742760Z ##[group]Initialize micromamba for bash.
2025-01-21T16:41:28.3752370Z [command]/Users/runner/micromamba-bin/micromamba shell init -s bash -r /Users/runner/micromamba --log-level warning --rc-file /Users/runner/work/_temp/setup-micromamba/.condarc
2025-01-21T16:41:28.4316410Z Modifying RC file "/Users/runner/.bash_profile"
2025-01-21T16:41:28.4323250Z Generating config for root prefix [1m"/Users/runner/micromamba"[0m
2025-01-21T16:41:28.4323790Z Setting mamba executable to: [1m"/Users/runner/micromamba-bin/micromamba"[0m
2025-01-21T16:41:28.4324290Z Adding (or replacing) the following in your "/Users/runner/.bash_profile" file
2025-01-21T16:41:28.4324590Z 
2025-01-21T16:41:28.4324690Z # >>> mamba initialize >>>
2025-01-21T16:41:28.4325010Z # !! Contents within this block are managed by 'mamba init' !!
2025-01-21T16:41:28.4331310Z export MAMBA_EXE='/Users/runner/micromamba-bin/micromamba';
2025-01-21T16:41:28.4391870Z export MAMBA_ROOT_PREFIX='/Users/runner/micromamba';
2025-01-21T16:41:28.4401580Z __mamba_setup="$("$MAMBA_EXE" shell hook --shell bash --root-prefix "$MAMBA_ROOT_PREFIX" 2> /dev/null)"
2025-01-21T16:41:28.4405050Z if [ $? -eq 0 ]; then
2025-01-21T16:41:28.4405360Z     eval "$__mamba_setup"
2025-01-21T16:41:28.4407370Z else
2025-01-21T16:41:28.4410000Z     alias micromamba="$MAMBA_EXE"  # Fallback on help from mamba activate
2025-01-21T16:41:28.4413340Z fi
2025-01-21T16:41:28.4413610Z unset __mamba_setup
2025-01-21T16:41:28.4413780Z # <<< mamba initialize <<<
2025-01-21T16:41:28.4413910Z 
2025-01-21T16:41:28.4414290Z ##[endgroup]
2025-01-21T16:41:28.4414800Z ##[group]Restoring downloads from `/Users/runner/micromamba/pkgs` ...
2025-01-21T16:41:29.8259300Z Received 29360128 of 310595924 (9.5%), 27.8 MBs/sec
2025-01-21T16:41:30.8270780Z Received 92274688 of 310595924 (29.7%), 43.8 MBs/sec
2025-01-21T16:41:31.8288310Z Received 134217728 of 310595924 (43.2%), 42.5 MBs/sec
2025-01-21T16:41:32.8284760Z Received 230686720 of 310595924 (74.3%), 54.8 MBs/sec
2025-01-21T16:41:33.8342090Z Received 310595924 of 310595924 (100.0%), 59.1 MBs/sec
2025-01-21T16:41:33.8372800Z Cache Size: ~296 MB (310595924 B)
2025-01-21T16:41:33.8408290Z [command]/opt/homebrew/bin/gtar -xf /Users/runner/work/_temp/bb1e4996-431b-4f2d-a265-d7ae7307eb46/cache.tzst -P -C /Users/runner/work/tardis/tardis --delay-directory-restore --use-compress-program unzstd
2025-01-21T16:41:34.6893380Z Cache restored successfully
2025-01-21T16:41:34.6913920Z Restored cache with key `bf0d0a4d4c847cca72476c6c68c493d56c484aada7e80de0e42c7607fcef5824-osx-arm64`
2025-01-21T16:41:34.6915570Z ##[endgroup]
2025-01-21T16:41:34.6942540Z ##[group]Restoring environment `tardis` from `/Users/runner/micromamba/envs/tardis` ...
2025-01-21T16:41:36.0400150Z Received 41943040 of 385787123 (10.9%), 40.0 MBs/sec
2025-01-21T16:41:37.0453580Z Received 109051904 of 385787123 (28.3%), 51.9 MBs/sec
2025-01-21T16:41:38.0463270Z Received 163577856 of 385787123 (42.4%), 51.9 MBs/sec
2025-01-21T16:41:39.0467090Z Received 222298112 of 385787123 (57.6%), 52.9 MBs/sec
2025-01-21T16:41:40.0470260Z Received 293601280 of 385787123 (76.1%), 55.9 MBs/sec
2025-01-21T16:41:41.0486530Z Received 356515840 of 385787123 (92.4%), 56.6 MBs/sec
2025-01-21T16:41:41.2913820Z Cache Size: ~368 MB (385787123 B)
2025-01-21T16:41:41.3019410Z [command]/opt/homebrew/bin/gtar -xf /Users/runner/work/_temp/52b35041-c2d2-45d3-8d69-859eba5fea4c/cache.tzst -P -C /Users/runner/work/tardis/tardis --delay-directory-restore --use-compress-program unzstd
2025-01-21T16:41:42.0509400Z Received 385787123 of 385787123 (100.0%), 52.5 MBs/sec
2025-01-21T16:41:52.3971520Z Cache restored successfully
2025-01-21T16:41:52.4022840Z Restored cache with key `bf0d0a4d4c847cca72476c6c68c493d56c484aada7e80de0e42c7607fcef5824-osx-arm64-tardis-args-4f53cda-root-873f6fe-bin-[object Promise]-file-bf0d0a4d4c847cca72476c6c68c493d56c484aada7e80de0e42c7607fcef5824`
2025-01-21T16:41:52.4024870Z ##[endgroup]
2025-01-21T16:41:52.4025290Z Adding environment tardis to auto-activate bash ...
2025-01-21T16:41:52.4048140Z Generating micromamba run shell.
2025-01-21T16:41:52.4066400Z ##[endgroup]
2025-01-21T16:41:52.4068850Z Set environment variables.
2025-01-21T16:41:52.4113430Z ##[group]micromamba info
2025-01-21T16:41:52.4116830Z [command]/Users/runner/micromamba-bin/micromamba info -r /Users/runner/micromamba -n tardis
2025-01-21T16:41:52.8598080Z 
2025-01-21T16:41:52.8601460Z        libmamba version : 1.5.10
2025-01-21T16:41:52.8602300Z      micromamba version : 1.5.10
2025-01-21T16:41:52.8603100Z            curl version : libcurl/8.10.1 (OpenSSL/3.3.2) SecureTransport zlib/1.3.1 zstd/1.5.6 libssh2/1.11.0 nghttp2/1.58.0
2025-01-21T16:41:52.8603690Z      libarchive version : libarchive 3.7.4 zlib/1.2.13 bz2lib/1.0.8 libzstd/1.5.6
2025-01-21T16:41:52.8604220Z        envs directories : /Users/runner/micromamba/envs
2025-01-21T16:41:52.8604640Z           package cache : /Users/runner/micromamba/pkgs
2025-01-21T16:41:52.8605310Z                           /Users/runner/.mamba/pkgs
2025-01-21T16:41:52.8605670Z             environment : tardis
2025-01-21T16:41:52.8605970Z            env location : /Users/runner/micromamba/envs/tardis
2025-01-21T16:41:52.8606310Z       user config files : /Users/runner/.mambarc
2025-01-21T16:41:52.8606730Z  populated config files : /Users/runner/work/_temp/setup-micromamba/.condarc
2025-01-21T16:41:52.8609440Z        virtual packages : __unix=0=0
2025-01-21T16:41:52.8609820Z                           __osx=14.7.2=0
2025-01-21T16:41:52.8610080Z                           __archspec=1=arm64
2025-01-21T16:41:52.8610640Z                channels : https://conda.anaconda.org/conda-forge/osx-arm64
2025-01-21T16:41:52.8611030Z                           https://conda.anaconda.org/conda-forge/noarch
2025-01-21T16:41:52.8611380Z        base environment : /Users/runner/micromamba
2025-01-21T16:41:52.8611720Z                platform : osx-arm64
2025-01-21T16:41:52.8615230Z ##[endgroup]
2025-01-21T16:41:52.8615510Z ##[group]micromamba list
2025-01-21T16:41:52.8615950Z [command]/Users/runner/micromamba-bin/micromamba list -r /Users/runner/micromamba -n tardis
2025-01-21T16:41:53.2022840Z List of packages in environment: "/Users/runner/micromamba/envs/tardis"
2025-01-21T16:41:53.2023400Z 
2025-01-21T16:41:53.2023810Z   Name                           Version              Build                    Channel    
2025-01-21T16:41:53.2025340Z â”€â”€â”€â”€â”€â”€â”€â”€â”€â”€â”€â”€â”€â”€â”€â”€â”€â”€â”€â”€â”€â”€â”€â”€â”€â”€â”€â”€â”€â”€â”€â”€â”€â”€â”€â”€â”€â”€â”€â”€â”€â”€â”€â”€â”€â”€â”€â”€â”€â”€â”€â”€â”€â”€â”€â”€â”€â”€â”€â”€â”€â”€â”€â”€â”€â”€â”€â”€â”€â”€â”€â”€â”€â”€â”€â”€â”€â”€â”€â”€â”€â”€â”€â”€â”€â”€â”€â”€â”€â”€â”€â”€
2025-01-21T16:41:53.2025870Z   alabaster                      0.7.16               pyhd8ed1ab_0             conda-forge
2025-01-21T16:41:53.2026360Z   anyio                          4.4.0                pyhd8ed1ab_0             conda-forge
2025-01-21T16:41:53.2026850Z   appnope                        0.1.4                pyhd8ed1ab_0             conda-forge
2025-01-21T16:41:53.2027350Z   argon2-cffi                    23.1.0               pyhd8ed1ab_0             conda-forge
2025-01-21T16:41:53.2027790Z   argon2-cffi-bindings           21.2.0               py312h02f2b3b_4          conda-forge
2025-01-21T16:41:53.2028290Z   arrow                          1.3.0                pyhd8ed1ab_0             conda-forge
2025-01-21T16:41:53.2028760Z   astropy                        6.1.1                py312hbebd99a_0          conda-forge
2025-01-21T16:41:53.2029210Z   astropy-iers-data              0.2024.6.17.0.31.35  pyhd8ed1ab_0             conda-forge
2025-01-21T16:41:53.2030590Z   astropy-sphinx-theme           1.1                  pyhd8ed1ab_0             conda-forge
2025-01-21T16:41:53.2032190Z   asttokens                      2.4.1                pyhd8ed1ab_0             conda-forge
2025-01-21T16:41:53.2032570Z   async-lru                      2.0.4                pyhd8ed1ab_0             conda-forge
2025-01-21T16:41:53.2033010Z   atk-1.0                        2.38.0               hd03087b_2               conda-forge
2025-01-21T16:41:53.2033350Z   attrs                          23.2.0               pyh71513ae_0             conda-forge
2025-01-21T16:41:53.2033700Z   babel                          2.14.0               pyhd8ed1ab_0             conda-forge
2025-01-21T16:41:53.2034170Z   beautifulsoup4                 4.12.3               pyha770c72_0             conda-forge
2025-01-21T16:41:53.2034740Z   bleach                         6.1.0                pyhd8ed1ab_0             conda-forge
2025-01-21T16:41:53.2036260Z   blosc                          1.21.5               h9c252e8_1               conda-forge
2025-01-21T16:41:53.2051060Z   brotli                         1.1.0                hb547adb_1               conda-forge
2025-01-21T16:41:53.2051480Z   brotli-bin                     1.1.0                hb547adb_1               conda-forge
2025-01-21T16:41:53.2052220Z   brotli-python                  1.1.0                py312h9f69965_1          conda-forge
2025-01-21T16:41:53.2052680Z   bzip2                          1.0.8                h93a5062_5               conda-forge
2025-01-21T16:41:53.2053260Z   c-ares                         1.28.1               h93a5062_0               conda-forge
2025-01-21T16:41:53.2053620Z   c-blosc2                       2.14.4               ha57e6be_1               conda-forge
2025-01-21T16:41:53.2054070Z   ca-certificates                2024.6.2             hf0a4a13_0               conda-forge
2025-01-21T16:41:53.2054640Z   cached-property                1.5.2                hd8ed1ab_1               conda-forge
2025-01-21T16:41:53.2055550Z   cached_property                1.5.2                pyha770c72_1             conda-forge
2025-01-21T16:41:53.2055880Z   cairo                          1.18.0               hd1e100b_0               conda-forge
2025-01-21T16:41:53.2056340Z   certifi                        2024.6.2             pyhd8ed1ab_0             conda-forge
2025-01-21T16:41:53.2056820Z   cffi                           1.16.0               py312h8e38eb3_0          conda-forge
2025-01-21T16:41:53.2057120Z   charset-normalizer             3.3.2                pyhd8ed1ab_0             conda-forge
2025-01-21T16:41:53.2057880Z   click                          8.1.7                unix_pyh707e725_0        conda-forge
2025-01-21T16:41:53.2058220Z   codespell                      2.3.0                pyhd8ed1ab_0             conda-forge
2025-01-21T16:41:53.2058550Z   colorama                       0.4.6                pyhd8ed1ab_0             conda-forge
2025-01-21T16:41:53.2058820Z   comm                           0.2.2                pyhd8ed1ab_0             conda-forge
2025-01-21T16:41:53.2059150Z   commonmark                     0.9.1                py_0                     conda-forge
2025-01-21T16:41:53.2059490Z   contourpy                      1.2.1                py312h0fef576_0          conda-forge
2025-01-21T16:41:53.2059820Z   coverage                       7.5.3                py312h7e5086c_0          conda-forge
2025-01-21T16:41:53.2060270Z   cycler                         0.12.1               pyhd8ed1ab_0             conda-forge
2025-01-21T16:41:53.2060710Z   dataclasses                    0.8                  pyhc8e2a94_3             conda-forge
2025-01-21T16:41:53.2061130Z   debugpy                        1.8.1                py312h20a0b95_0          conda-forge
2025-01-21T16:41:53.2061720Z   decorator                      5.1.1                pyhd8ed1ab_0             conda-forge
2025-01-21T16:41:53.2062250Z   defusedxml                     0.7.1                pyhd8ed1ab_0             conda-forge
2025-01-21T16:41:53.2062870Z   docutils                       0.20.1               py312h81bd7bf_3          conda-forge
2025-01-21T16:41:53.2063280Z   dot2tex                        2.11.3               pyhd8ed1ab_0             conda-forge
2025-01-21T16:41:53.2063650Z   entrypoints                    0.4                  pyhd8ed1ab_0             conda-forge
2025-01-21T16:41:53.2064030Z   exceptiongroup                 1.2.0                pyhd8ed1ab_2             conda-forge
2025-01-21T16:41:53.2064560Z   executing                      2.0.1                pyhd8ed1ab_0             conda-forge
2025-01-21T16:41:53.2064900Z   expat                          2.6.2                hebf3989_0               conda-forge
2025-01-21T16:41:53.2065360Z   font-ttf-dejavu-sans-mono      2.37                 hab24e00_0               conda-forge
2025-01-21T16:41:53.2065710Z   font-ttf-inconsolata           3.000                h77eed37_0               conda-forge
2025-01-21T16:41:53.2066180Z   font-ttf-source-code-pro       2.038                h77eed37_0               conda-forge
2025-01-21T16:41:53.2066670Z   font-ttf-ubuntu                0.83                 h77eed37_2               conda-forge
2025-01-21T16:41:53.2067050Z   fontconfig                     2.14.2               h82840c6_0               conda-forge
2025-01-21T16:41:53.2067480Z   fonts-conda-ecosystem          1                    0                        conda-forge
2025-01-21T16:41:53.2067960Z   fonts-conda-forge              1                    0                        conda-forge
2025-01-21T16:41:53.2068350Z   fonttools                      4.53.0               py312h7e5086c_0          conda-forge
2025-01-21T16:41:53.2069080Z   fqdn                           1.5.1                pyhd8ed1ab_0             conda-forge
2025-01-21T16:41:53.2069490Z   freetype                       2.12.1               hadb7bae_2               conda-forge
2025-01-21T16:41:53.2069930Z   fribidi                        1.0.10               h27ca646_0               conda-forge
2025-01-21T16:41:53.2070510Z   future                         1.0.0                pyhd8ed1ab_0             conda-forge
2025-01-21T16:41:53.2071050Z   gdk-pixbuf                     2.42.12              h7ddc832_0               conda-forge
2025-01-21T16:41:53.2071450Z   gettext                        0.22.5               h8fbad5d_2               conda-forge
2025-01-21T16:41:53.2071820Z   gettext-tools                  0.22.5               h8fbad5d_2               conda-forge
2025-01-21T16:41:53.2072210Z   giflib                         5.2.2                h93a5062_0               conda-forge
2025-01-21T16:41:53.2073010Z   git-lfs                        3.5.1                hce30654_0               conda-forge
2025-01-21T16:41:53.2073290Z   gmp                            6.3.0                hebf3989_1               conda-forge
2025-01-21T16:41:53.2073560Z   gmpy2                          2.1.5                py312hfa9fade_1          conda-forge
2025-01-21T16:41:53.2073850Z   graphite2                      1.3.13               hebf3989_1003            conda-forge
2025-01-21T16:41:53.2074150Z   graphviz                       11.0.0               h9bb9bc9_0               conda-forge
2025-01-21T16:41:53.2074430Z   gtk2                           2.24.33              h7895bb2_4               conda-forge
2025-01-21T16:41:53.2074700Z   gts                            0.7.6                he42f4ea_4               conda-forge
2025-01-21T16:41:53.2074960Z   h11                            0.14.0               pyhd8ed1ab_0             conda-forge
2025-01-21T16:41:53.2075230Z   h2                             4.1.0                pyhd8ed1ab_0             conda-forge
2025-01-21T16:41:53.2075490Z   h5py                           3.11.0               nompi_py312h903599c_102  conda-forge
2025-01-21T16:41:53.2075760Z   harfbuzz                       8.5.0                h1836168_0               conda-forge
2025-01-21T16:41:53.2076110Z   hdf5                           1.14.3               nompi_hec07895_105       conda-forge
2025-01-21T16:41:53.2076370Z   hpack                          4.0.0                pyh9f0ad1d_0             conda-forge
2025-01-21T16:41:53.2076650Z   httpcore                       1.0.5                pyhd8ed1ab_0             conda-forge
2025-01-21T16:41:53.2076980Z   httpx                          0.27.0               pyhd8ed1ab_0             conda-forge
2025-01-21T16:41:53.2077430Z   hyperframe                     6.0.1                pyhd8ed1ab_0             conda-forge
2025-01-21T16:41:53.2077750Z   icu                            73.2                 hc8870d7_0               conda-forge
2025-01-21T16:41:53.2078100Z   idna                           3.7                  pyhd8ed1ab_0             conda-forge
2025-01-21T16:41:53.2078380Z   imagesize                      1.4.1                pyhd8ed1ab_0             conda-forge
2025-01-21T16:41:53.2078690Z   importlib-metadata             7.1.0                pyha770c72_0             conda-forge
2025-01-21T16:41:53.2079010Z   importlib_metadata             7.1.0                hd8ed1ab_0               conda-forge
2025-01-21T16:41:53.2079340Z   importlib_resources            6.4.0                pyhd8ed1ab_0             conda-forge
2025-01-21T16:41:53.2079640Z   iniconfig                      2.0.0                pyhd8ed1ab_0             conda-forge
2025-01-21T16:41:53.2079930Z   ipykernel                      6.29.4               pyh57ce528_0             conda-forge
2025-01-21T16:41:53.2080200Z   ipython                        8.25.0               pyh707e725_0             conda-forge
2025-01-21T16:41:53.2080600Z   ipython_genutils               0.2.0                pyhd8ed1ab_1             conda-forge
2025-01-21T16:41:53.2080940Z   ipywidgets                     7.8.0                pyhd8ed1ab_0             conda-forge
2025-01-21T16:41:53.2081340Z   isoduration                    20.11.0              pyhd8ed1ab_0             conda-forge
2025-01-21T16:41:53.2081740Z   jedi                           0.19.1               pyhd8ed1ab_0             conda-forge
2025-01-21T16:41:53.2082280Z   jinja2                         3.1.4                pyhd8ed1ab_0             conda-forge
2025-01-21T16:41:53.2082650Z   json5                          0.9.25               pyhd8ed1ab_0             conda-forge
2025-01-21T16:41:53.2083020Z   jsonpointer                    3.0.0                py312h81bd7bf_0          conda-forge
2025-01-21T16:41:53.2083320Z   jsonschema                     4.22.0               pyhd8ed1ab_0             conda-forge
2025-01-21T16:41:53.2083650Z   jsonschema-specifications      2023.12.1            pyhd8ed1ab_0             conda-forge
2025-01-21T16:41:53.2084230Z   jsonschema-with-format-nongpl  4.22.0               pyhd8ed1ab_0             conda-forge
2025-01-21T16:41:53.2084610Z   jupyter-lsp                    2.2.5                pyhd8ed1ab_0             conda-forge
2025-01-21T16:41:53.2084970Z   jupyter_client                 8.6.2                pyhd8ed1ab_0             conda-forge
2025-01-21T16:41:53.2087150Z   jupyter_core                   5.7.2                py312h81bd7bf_0          conda-forge
2025-01-21T16:41:53.2087670Z   jupyter_events                 0.10.0               pyhd8ed1ab_0             conda-forge
2025-01-21T16:41:53.2088180Z   jupyter_server                 2.14.1               pyhd8ed1ab_0             conda-forge
2025-01-21T16:41:53.2088610Z   jupyter_server_terminals       0.5.3                pyhd8ed1ab_0             conda-forge
2025-01-21T16:41:53.2089150Z   jupyterlab                     4.2.2                pyhd8ed1ab_0             conda-forge
2025-01-21T16:41:53.2089660Z   jupyterlab_pygments            0.3.0                pyhd8ed1ab_1             conda-forge
2025-01-21T16:41:53.2090150Z   jupyterlab_server              2.27.2               pyhd8ed1ab_0             conda-forge
2025-01-21T16:41:53.2090630Z   jupyterlab_widgets             1.1.7                pyhd8ed1ab_0             conda-forge
2025-01-21T16:41:53.2091220Z   kiwisolver                     1.4.5                py312h389731b_1          conda-forge
2025-01-21T16:41:53.2091580Z   krb5                           1.21.2               h92f50d5_0               conda-forge
2025-01-21T16:41:53.2091980Z   latexcodec                     2.0.1                pyh9f0ad1d_0             conda-forge
2025-01-21T16:41:53.2092370Z   lcms2                          2.16                 ha0e7c42_0               conda-forge
2025-01-21T16:41:53.2092760Z   lerc                           4.0.0                h9a09cb3_0               conda-forge
2025-01-21T16:41:53.2093130Z   libaec                         1.1.3                hebf3989_0               conda-forge
2025-01-21T16:41:53.2093490Z   libasprintf                    0.22.5               h8fbad5d_2               conda-forge
2025-01-21T16:41:53.2093910Z   libasprintf-devel              0.22.5               h8fbad5d_2               conda-forge
2025-01-21T16:41:53.2094290Z   libblas                        3.9.0                22_osxarm64_openblas     conda-forge
2025-01-21T16:41:53.2094680Z   libbrotlicommon                1.1.0                hb547adb_1               conda-forge
2025-01-21T16:41:53.2095030Z   libbrotlidec                   1.1.0                hb547adb_1               conda-forge
2025-01-21T16:41:53.2095460Z   libbrotlienc                   1.1.0                hb547adb_1               conda-forge
2025-01-21T16:41:53.2095850Z   libcblas                       3.9.0                22_osxarm64_openblas     conda-forge
2025-01-21T16:41:53.2096180Z   libcurl                        8.8.0                h7b6f9a7_0               conda-forge
2025-01-21T16:41:53.2096540Z   libcxx                         17.0.6               h5f092b4_0               conda-forge
2025-01-21T16:41:53.2096870Z   libdeflate                     1.20                 h93a5062_0               conda-forge
2025-01-21T16:41:53.2097290Z   libedit                        3.1.20191231         hc8eb9b7_2               conda-forge
2025-01-21T16:41:53.2097650Z   libev                          4.33                 h93a5062_2               conda-forge
2025-01-21T16:41:53.2098270Z   libexpat                       2.6.2                hebf3989_0               conda-forge
2025-01-21T16:41:53.2098550Z   libffi                         3.4.2                h3422bc3_5               conda-forge
2025-01-21T16:41:53.2098830Z   libgd                          2.3.3                hfdf3952_9               conda-forge
2025-01-21T16:41:53.2099180Z   libgettextpo                   0.22.5               h8fbad5d_2               conda-forge
2025-01-21T16:41:53.2099590Z   libgettextpo-devel             0.22.5               h8fbad5d_2               conda-forge
2025-01-21T16:41:53.2100140Z   libgfortran                    5.0.0                13_2_0_hd922786_3        conda-forge
2025-01-21T16:41:53.2100550Z   libgfortran5                   13.2.0               hf226fd6_3               conda-forge
2025-01-21T16:41:53.2100910Z   libglib                        2.80.2               h59d46d9_1               conda-forge
2025-01-21T16:41:53.2101220Z   libiconv                       1.17                 h0d3ecfb_2               conda-forge
2025-01-21T16:41:53.2101560Z   libintl                        0.22.5               h8fbad5d_2               conda-forge
2025-01-21T16:41:53.2101950Z   libintl-devel                  0.22.5               h8fbad5d_2               conda-forge
2025-01-21T16:41:53.2102280Z   libjpeg-turbo                  3.0.0                hb547adb_1               conda-forge
2025-01-21T16:41:53.2102640Z   liblapack                      3.9.0                22_osxarm64_openblas     conda-forge
2025-01-21T16:41:53.2102920Z   libllvm14                      14.0.6               hd1a9a77_4               conda-forge
2025-01-21T16:41:53.2103300Z   libnghttp2                     1.58.0               ha4dd798_1               conda-forge
2025-01-21T16:41:53.2103660Z   libopenblas                    0.3.27               openmp_h6c19121_0        conda-forge
2025-01-21T16:41:53.2104060Z   libpng                         1.6.43               h091b4b1_0               conda-forge
2025-01-21T16:41:53.2104370Z   librsvg                        2.58.1               hbc281fb_0               conda-forge
2025-01-21T16:41:53.2104670Z   libsodium                      1.0.18               h27ca646_1               conda-forge
2025-01-21T16:41:53.2105000Z   libsqlite                      3.46.0               hfb93653_0               conda-forge
2025-01-21T16:41:53.2105320Z   libssh2                        1.11.0               h7a5bd25_0               conda-forge
2025-01-21T16:41:53.2105660Z   libtiff                        4.6.0                h07db509_3               conda-forge
2025-01-21T16:41:53.2105980Z   libwebp                        1.4.0                h54798ee_0               conda-forge
2025-01-21T16:41:53.2106400Z   libwebp-base                   1.4.0                h93a5062_0               conda-forge
2025-01-21T16:41:53.2106740Z   libxcb                         1.16                 hf2054a2_0               conda-forge
2025-01-21T16:41:53.2107040Z   libxml2                        2.12.7               ha661575_1               conda-forge
2025-01-21T16:41:53.2107380Z   libxslt                        1.1.39               h223e5b9_0               conda-forge
2025-01-21T16:41:53.2107690Z   libzlib                        1.3.1                hfb2fe0b_1               conda-forge
2025-01-21T16:41:53.2108050Z   llvm-openmp                    18.1.7               hde57baf_0               conda-forge
2025-01-21T16:41:53.2108370Z   llvmlite                       0.42.0               py312h17030e7_1          conda-forge
2025-01-21T16:41:53.2108710Z   lxml                           5.2.2                py312h0e5ab22_0          conda-forge
2025-01-21T16:41:53.2109010Z   lz4-c                          1.9.4                hb7217d7_0               conda-forge
2025-01-21T16:41:53.2109270Z   markupsafe                     2.1.5                py312he37b823_0          conda-forge
2025-01-21T16:41:53.2109560Z   matplotlib-base                3.8.4                py312h4479663_2          conda-forge
2025-01-21T16:41:53.2110080Z   matplotlib-inline              0.1.7                pyhd8ed1ab_0             conda-forge
2025-01-21T16:41:53.2110380Z   mistune                        3.0.2                pyhd8ed1ab_0             conda-forge
2025-01-21T16:41:53.2110700Z   mpc                            1.3.1                h91ba8db_0               conda-forge
2025-01-21T16:41:53.2111000Z   mpfr                           4.2.1                h41d338b_1               conda-forge
2025-01-21T16:41:53.2111410Z   mpmath                         1.3.0                pyhd8ed1ab_0             conda-forge
2025-01-21T16:41:53.2111890Z   munkres                        1.1.4                pyh9f0ad1d_0             conda-forge
2025-01-21T16:41:53.2112170Z   mypy_extensions                1.0.0                pyha770c72_0             conda-forge
2025-01-21T16:41:53.2112460Z   nbclassic                      1.1.0                pyhd8ed1ab_0             conda-forge
2025-01-21T16:41:53.2112770Z   nbclient                       0.10.0               pyhd8ed1ab_0             conda-forge
2025-01-21T16:41:53.2113040Z   nbconvert                      7.16.4               hd8ed1ab_1               conda-forge
2025-01-21T16:41:53.2113360Z   nbconvert-core                 7.16.4               pyhd8ed1ab_1             conda-forge
2025-01-21T16:41:53.2113710Z   nbconvert-pandoc               7.16.4               hd8ed1ab_1               conda-forge
2025-01-21T16:41:53.2114060Z   nbformat                       5.10.4               pyhd8ed1ab_0             conda-forge
2025-01-21T16:41:53.2114380Z   nbsphinx                       0.9.4                pyhd8ed1ab_0             conda-forge
2025-01-21T16:41:53.2114710Z   ncurses                        6.5                  hb89a1cb_0               conda-forge
2025-01-21T16:41:53.2115000Z   nest-asyncio                   1.6.0                pyhd8ed1ab_0             conda-forge
2025-01-21T16:41:53.2115280Z   networkx                       3.3                  pyhd8ed1ab_1             conda-forge
2025-01-21T16:41:53.2115550Z   notebook                       7.2.1                pyhd8ed1ab_0             conda-forge
2025-01-21T16:41:53.2115830Z   notebook-shim                  0.2.4                pyhd8ed1ab_0             conda-forge
2025-01-21T16:41:53.2116110Z   numba                          0.59.1               py312hbaff935_0          conda-forge
2025-01-21T16:41:53.2116370Z   numexpr                        2.10.0               py312h8ae5369_0          conda-forge
2025-01-21T16:41:53.2116630Z   numpy                          1.26.4               py312h8442bc7_0          conda-forge
2025-01-21T16:41:53.2116900Z   numpydoc                       1.7.0                pyhd8ed1ab_1             conda-forge
2025-01-21T16:41:53.2117170Z   openjpeg                       2.5.2                h9f1df11_0               conda-forge
2025-01-21T16:41:53.2117440Z   openssl                        3.3.1                hfb2fe0b_0               conda-forge
2025-01-21T16:41:53.2117710Z   overrides                      7.7.0                pyhd8ed1ab_0             conda-forge
2025-01-21T16:41:53.2117990Z   packaging                      24.1                 pyhd8ed1ab_0             conda-forge
2025-01-21T16:41:53.2118270Z   pandas                         2.2.2                py312h8ae5369_1          conda-forge
2025-01-21T16:41:53.2118530Z   pandoc                         3.2                  hce30654_0               conda-forge
2025-01-21T16:41:53.2118810Z   pandocfilters                  1.5.0                pyhd8ed1ab_0             conda-forge
2025-01-21T16:41:53.2119090Z   pango                          1.54.0               h5cb9fbc_0               conda-forge
2025-01-21T16:41:53.2119350Z   parso                          0.8.4                pyhd8ed1ab_0             conda-forge
2025-01-21T16:41:53.2119620Z   pathspec                       0.12.1               pyhd8ed1ab_0             conda-forge
2025-01-21T16:41:53.2119880Z   pbr                            6.0.0                pyhd8ed1ab_0             conda-forge
2025-01-21T16:41:53.2120270Z   pcre2                          10.44                h297a79d_0               conda-forge
2025-01-21T16:41:53.2120530Z   pexpect                        4.9.0                pyhd8ed1ab_0             conda-forge
2025-01-21T16:41:53.2120820Z   pickleshare                    0.7.5                py_1003                  conda-forge
2025-01-21T16:41:53.2121100Z   pillow                         10.3.0               py312h39b1d8d_1          conda-forge
2025-01-21T16:41:53.2121350Z   pip                            24.0                 pyhd8ed1ab_0             conda-forge
2025-01-21T16:41:53.2121740Z   pixman                         0.43.4               hebf3989_0               conda-forge
2025-01-21T16:41:53.2122230Z   pkgutil-resolve-name           1.3.10               pyhd8ed1ab_1             conda-forge
2025-01-21T16:41:53.2122620Z   platformdirs                   4.2.2                pyhd8ed1ab_0             conda-forge
2025-01-21T16:41:53.2123060Z   plotly                         5.22.0               pyhd8ed1ab_0             conda-forge
2025-01-21T16:41:53.2123380Z   pluggy                         1.5.0                pyhd8ed1ab_0             conda-forge
2025-01-21T16:41:53.2129180Z   prometheus_client              0.20.0               pyhd8ed1ab_0             conda-forge
2025-01-21T16:41:53.2129530Z   prompt-toolkit                 3.0.47               pyha770c72_0             conda-forge
2025-01-21T16:41:53.2129830Z   psutil                         5.9.8                py312he37b823_0          conda-forge
2025-01-21T16:41:53.2130100Z   pthread-stubs                  0.4                  h27ca646_1001            conda-forge
2025-01-21T16:41:53.2130400Z   ptyprocess                     0.7.0                pyhd3deb0d_0             conda-forge
2025-01-21T16:41:53.2130670Z   pure_eval                      0.2.2                pyhd8ed1ab_0             conda-forge
2025-01-21T16:41:53.2130950Z   py-cpuinfo                     9.0.0                pyhd8ed1ab_0             conda-forge
2025-01-21T16:41:53.2131230Z   pybtex                         0.24.0               pyhd8ed1ab_2             conda-forge
2025-01-21T16:41:53.2131510Z   pybtex-docutils                1.0.3                py312h81bd7bf_1          conda-forge
2025-01-21T16:41:53.2131810Z   pycparser                      2.22                 pyhd8ed1ab_0             conda-forge
2025-01-21T16:41:53.2132080Z   pyerfa                         2.0.1.4              py312hbebd99a_1          conda-forge
2025-01-21T16:41:53.2132350Z   pygments                       2.18.0               pyhd8ed1ab_0             conda-forge
2025-01-21T16:41:53.2132640Z   pygraphviz                     1.13                 py312h5f4d302_1          conda-forge
2025-01-21T16:41:53.2132930Z   pyobjc-core                    10.3.1               py312hbb55c70_0          conda-forge
2025-01-21T16:41:53.2133250Z   pyobjc-framework-cocoa         10.3.1               py312hbb55c70_0          conda-forge
2025-01-21T16:41:53.2133560Z   pyparsing                      3.1.2                pyhd8ed1ab_0             conda-forge
2025-01-21T16:41:53.2133830Z   pysocks                        1.7.1                pyha2e5f31_6             conda-forge
2025-01-21T16:41:53.2134110Z   pytables                       3.9.2                py312hb622ae1_2          conda-forge
2025-01-21T16:41:53.2134380Z   pytest                         8.2.2                pyhd8ed1ab_0             conda-forge
2025-01-21T16:41:53.2134650Z   pytest-cov                     5.0.0                pyhd8ed1ab_0             conda-forge
2025-01-21T16:41:53.2134950Z   pytest-doctestplus             1.2.1                pyhd8ed1ab_0             conda-forge
2025-01-21T16:41:53.2135260Z   pytest-html                    4.1.1                pyhd8ed1ab_0             conda-forge
2025-01-21T16:41:53.2135560Z   pytest-metadata                3.1.1                pyhd8ed1ab_0             conda-forge
2025-01-21T16:41:53.2135840Z   python                         3.12.4               h30c5eda_0_cpython       conda-forge
2025-01-21T16:41:53.2136130Z   python-dateutil                2.9.0                pyhd8ed1ab_0             conda-forge
2025-01-21T16:41:53.2136640Z   python-fastjsonschema          2.20.0               pyhd8ed1ab_0             conda-forge
2025-01-21T16:41:53.2136960Z   python-json-logger             2.0.7                pyhd8ed1ab_0             conda-forge
2025-01-21T16:41:53.2137280Z   python-tzdata                  2024.1               pyhd8ed1ab_0             conda-forge
2025-01-21T16:41:53.2137580Z   python_abi                     3.12                 4_cp312                  conda-forge
2025-01-21T16:41:53.2137960Z   pytz                           2024.1               pyhd8ed1ab_0             conda-forge
2025-01-21T16:41:53.2138220Z   pyyaml                         6.0.1                py312h02f2b3b_1          conda-forge
2025-01-21T16:41:53.2138480Z   pyzmq                          26.0.3               py312hfa13136_0          conda-forge
2025-01-21T16:41:53.2138740Z   qgrid                          1.3.1                pyhd8ed1ab_4             conda-forge
2025-01-21T16:41:53.2139040Z   radioactivedecay               0.5.1                pyhd8ed1ab_0             conda-forge
2025-01-21T16:41:53.2139330Z   readline                       8.2                  h92ec313_1               conda-forge
2025-01-21T16:41:53.2139610Z   recommonmark                   0.7.1                pyhd8ed1ab_0             conda-forge
2025-01-21T16:41:53.2139900Z   referencing                    0.35.1               pyhd8ed1ab_0             conda-forge
2025-01-21T16:41:53.2140190Z   requests                       2.32.3               pyhd8ed1ab_0             conda-forge
2025-01-21T16:41:53.2140480Z   rfc3339-validator              0.1.4                pyhd8ed1ab_0             conda-forge
2025-01-21T16:41:53.2140800Z   rfc3986-validator              0.1.1                pyh9f0ad1d_0             conda-forge
2025-01-21T16:41:53.2141090Z   rpds-py                        0.18.1               py312h552d48e_0          conda-forge
2025-01-21T16:41:53.2141340Z   ruff                           0.4.9                py312h3402d49_0          conda-forge
2025-01-21T16:41:53.2141610Z   scipy                          1.13.1               py312h14ffa8f_0          conda-forge
2025-01-21T16:41:53.2141880Z   send2trash                     1.8.3                pyh31c8845_0             conda-forge
2025-01-21T16:41:53.2142170Z   setuptools                     70.0.0               pyhd8ed1ab_0             conda-forge
2025-01-21T16:41:53.2142460Z   setuptools-scm                 8.1.0                pyhd8ed1ab_0             conda-forge
2025-01-21T16:41:53.2142750Z   setuptools_scm                 8.1.0                hd8ed1ab_0               conda-forge
2025-01-21T16:41:53.2143030Z   six                            1.16.0               pyh6c4a22f_0             conda-forge
2025-01-21T16:41:53.2143290Z   snakeviz                       2.2.0                pyhd8ed1ab_0             conda-forge
2025-01-21T16:41:53.2143550Z   snappy                         1.2.0                hd04f947_1               conda-forge
2025-01-21T16:41:53.2143820Z   sniffio                        1.3.1                pyhd8ed1ab_0             conda-forge
2025-01-21T16:41:53.2144110Z   snowballstemmer                2.2.0                pyhd8ed1ab_0             conda-forge
2025-01-21T16:41:53.2144400Z   soupsieve                      2.5                  pyhd8ed1ab_1             conda-forge
2025-01-21T16:41:53.2144670Z   sphinx                         7.3.7                pyhd8ed1ab_0             conda-forge
2025-01-21T16:41:53.2144950Z   sphinx-astropy                 1.9.1                pyhd8ed1ab_0             conda-forge
2025-01-21T16:41:53.2145260Z   sphinx-automodapi              0.17.0               pyh717bed2_1             conda-forge
2025-01-21T16:41:53.2145570Z   sphinx-gallery                 0.16.0               pyhd8ed1ab_0             conda-forge
2025-01-21T16:41:53.2145880Z   sphinx-jsonschema              1.19.1               pyhd8ed1ab_0             conda-forge
2025-01-21T16:41:53.2146200Z   sphinx_bootstrap_theme         0.8.1                pyhd8ed1ab_0             conda-forge
2025-01-21T16:41:53.2146610Z   sphinx_rtd_theme               2.0.0                pyha770c72_0             conda-forge
2025-01-21T16:41:53.2146920Z   sphinxcontrib-apidoc           0.3.0                py_1                     conda-forge
2025-01-21T16:41:53.2147260Z   sphinxcontrib-applehelp        1.0.8                pyhd8ed1ab_0             conda-forge
2025-01-21T16:41:53.2147600Z   sphinxcontrib-bibtex           2.6.2                pyhd8ed1ab_0             conda-forge
2025-01-21T16:41:53.2147930Z   sphinxcontrib-devhelp          1.0.6                pyhd8ed1ab_0             conda-forge
2025-01-21T16:41:53.2148370Z   sphinxcontrib-htmlhelp         2.0.5                pyhd8ed1ab_0             conda-forge
2025-01-21T16:41:53.2148710Z   sphinxcontrib-jquery           4.1                  pyhd8ed1ab_0             conda-forge
2025-01-21T16:41:53.2149030Z   sphinxcontrib-jsmath           1.0.1                pyhd8ed1ab_0             conda-forge
2025-01-21T16:41:53.2149360Z   sphinxcontrib-qthelp           1.0.7                pyhd8ed1ab_0             conda-forge
2025-01-21T16:41:53.2149720Z   sphinxcontrib-serializinghtml  1.1.10               pyhd8ed1ab_0             conda-forge
2025-01-21T16:41:53.2150040Z   stack_data                     0.6.2                pyhd8ed1ab_0             conda-forge
2025-01-21T16:41:53.2150310Z   sympy                          1.12.1               pypyh2585a3b_103         conda-forge
2025-01-21T16:41:53.2150580Z   tabulate                       0.9.0                pyhd8ed1ab_1             conda-forge
2025-01-21T16:41:53.2150860Z   tenacity                       8.4.1                pyhd8ed1ab_0             conda-forge
2025-01-21T16:41:53.2151130Z   terminado                      0.18.1               pyh31c8845_0             conda-forge
2025-01-21T16:41:53.2151400Z   tinycss2                       1.3.0                pyhd8ed1ab_0             conda-forge
2025-01-21T16:41:53.2151650Z   tk                             8.6.13               h5083fa2_1               conda-forge
2025-01-21T16:41:53.2151900Z   toml                           0.10.2               pyhd8ed1ab_0             conda-forge
2025-01-21T16:41:53.2152160Z   tomli                          2.0.1                pyhd8ed1ab_0             conda-forge
2025-01-21T16:41:53.2152430Z   tornado                        6.4.1                py312h7e5086c_0          conda-forge
2025-01-21T16:41:53.2152690Z   tqdm                           4.66.4               pyhd8ed1ab_0             conda-forge
2025-01-21T16:41:53.2152960Z   traitlets                      5.14.3               pyhd8ed1ab_0             conda-forge
2025-01-21T16:41:53.2153240Z   typed-ast                      1.5.5                py312h02f2b3b_1          conda-forge
2025-01-21T16:41:53.2153560Z   types-python-dateutil          2.9.0.20240316       pyhd8ed1ab_0             conda-forge
2025-01-21T16:41:53.2153890Z   typing-extensions              4.12.2               hd8ed1ab_0               conda-forge
2025-01-21T16:41:53.2154210Z   typing_extensions              4.12.2               pyha770c72_0             conda-forge
2025-01-21T16:41:53.2154500Z   typing_utils                   0.1.0                pyhd8ed1ab_0             conda-forge
2025-01-21T16:41:53.2154780Z   tzdata                         2024a                h0c530f3_0               conda-forge
2025-01-21T16:41:53.2155060Z   uri-template                   1.3.0                pyhd8ed1ab_0             conda-forge
2025-01-21T16:41:53.2155330Z   urllib3                        2.2.2                pyhd8ed1ab_0             conda-forge
2025-01-21T16:41:53.2155600Z   wcwidth                        0.2.13               pyhd8ed1ab_0             conda-forge
2025-01-21T16:41:53.2155880Z   webcolors                      24.6.0               pyhd8ed1ab_0             conda-forge
2025-01-21T16:41:53.2156160Z   webencodings                   0.5.1                pyhd8ed1ab_2             conda-forge
2025-01-21T16:41:53.2156460Z   websocket-client               1.8.0                pyhd8ed1ab_0             conda-forge
2025-01-21T16:41:53.2156840Z   wheel                          0.43.0               pyhd8ed1ab_1             conda-forge
2025-01-21T16:41:53.2157140Z   widgetsnbextension             3.6.6                pyhd8ed1ab_0             conda-forge
2025-01-21T16:41:53.2157440Z   xorg-libxau                    1.0.11               hb547adb_0               conda-forge
2025-01-21T16:41:53.2157720Z   xorg-libxdmcp                  1.1.3                h27ca646_0               conda-forge
2025-01-21T16:41:53.2157980Z   xz                             5.2.6                h57fd34a_0               conda-forge
2025-01-21T16:41:53.2158320Z   yaml                           0.2.5                h3422bc3_2               conda-forge
2025-01-21T16:41:53.2158570Z   zeromq                         4.3.5                hcc0f68c_4               conda-forge
2025-01-21T16:41:53.2158830Z   zipp                           3.19.2               pyhd8ed1ab_0             conda-forge
2025-01-21T16:41:53.2159090Z   zlib                           1.3.1                hfb2fe0b_1               conda-forge
2025-01-21T16:41:53.2159340Z   zlib-ng                        2.0.7                h1a8c8d9_0               conda-forge
2025-01-21T16:41:53.2159590Z   zstd                           1.5.6                hb46c0d2_0               conda-forge
2025-01-21T16:41:53.2159980Z ##[endgroup]
