2025-02-21T14:50:44.0055260Z Prepare all required actions
2025-02-21T14:50:44.0056080Z Getting action download info
2025-02-21T14:50:44.1541530Z ##[group]Download immutable action package 'actions/cache@v4'
2025-02-21T14:50:44.1543000Z Version: 4.2.1
2025-02-21T14:50:44.1544370Z Digest: sha256:b0404c9628d43aa6855629075b28f32cadf8efc5c26198438149f78500112940
2025-02-21T14:50:44.1546190Z Source commit SHA: 0c907a75c2c80ebcb7f088228285e798b750cf8f
2025-02-21T14:50:44.1547540Z ##[endgroup]
2025-02-21T14:50:44.7949540Z ##[group]Run ./.github/actions/setup_lfs
2025-02-21T14:50:44.7950170Z with:
2025-02-21T14:50:44.7950730Z   regression-data-repo: tardis-sn/tardis-regression-data
2025-02-21T14:50:44.7951390Z   atom-data-sparse: false
2025-02-21T14:50:44.7951900Z env:
2025-02-21T14:50:44.7952420Z   CACHE_NUMBER: 0
2025-02-21T14:50:44.7953330Z   PYTEST_FLAGS: --tardis-regression-data=/Users/runner/work/tardis/tardis/tardis-regression-data --cov=tardis --cov-report=xml --cov-report=html --cov-append
2025-02-21T14:50:44.7954280Z   CODECOV_TOKEN: 
2025-02-21T14:50:44.7954800Z ##[endgroup]
2025-02-21T14:50:44.8077450Z ##[group]Run actions/checkout@v4
2025-02-21T14:50:44.8078030Z with:
2025-02-21T14:50:44.8078520Z   repository: tardis-sn/tardis-regression-data
2025-02-21T14:50:44.8079100Z   path: tardis-regression-data
2025-02-21T14:50:44.8079610Z   lfs: false
2025-02-21T14:50:44.8080190Z   token: ***
2025-02-21T14:50:44.8080640Z   ssh-strict: true
2025-02-21T14:50:44.8081110Z   ssh-user: git
2025-02-21T14:50:44.8081600Z   persist-credentials: true
2025-02-21T14:50:44.8082090Z   clean: true
2025-02-21T14:50:44.8082560Z   sparse-checkout-cone-mode: true
2025-02-21T14:50:44.8083070Z   fetch-depth: 1
2025-02-21T14:50:44.8083540Z   fetch-tags: false
2025-02-21T14:50:44.8084000Z   show-progress: true
2025-02-21T14:50:44.8084470Z   submodules: false
2025-02-21T14:50:44.8085120Z   set-safe-directory: true
2025-02-21T14:50:44.8085630Z env:
2025-02-21T14:50:44.8086080Z   CACHE_NUMBER: 0
2025-02-21T14:50:44.8087000Z   PYTEST_FLAGS: --tardis-regression-data=/Users/runner/work/tardis/tardis/tardis-regression-data --cov=tardis --cov-report=xml --cov-report=html --cov-append
2025-02-21T14:50:44.8087950Z   CODECOV_TOKEN: 
2025-02-21T14:50:44.8088420Z ##[endgroup]
2025-02-21T14:50:44.8870560Z Syncing repository: tardis-sn/tardis-regression-data
2025-02-21T14:50:44.8874270Z ##[group]Getting Git version info
2025-02-21T14:50:44.8875070Z Working directory is '/Users/runner/work/tardis/tardis/tardis-regression-data'
2025-02-21T14:50:44.8899490Z [command]/opt/homebrew/bin/git version
2025-02-21T14:50:44.8940550Z git version 2.48.1
2025-02-21T14:50:44.8953560Z ##[endgroup]
2025-02-21T14:50:44.8958290Z Copying '/Users/runner/.gitconfig' to '/Users/runner/work/_temp/7e2538c3-a458-4781-a7cf-1359021cf417/.gitconfig'
2025-02-21T14:50:44.8964820Z Temporarily overriding HOME='/Users/runner/work/_temp/7e2538c3-a458-4781-a7cf-1359021cf417' before making global git config changes
2025-02-21T14:50:44.8965910Z Adding repository directory to the temporary git global config as a safe directory
2025-02-21T14:50:44.8967970Z [command]/opt/homebrew/bin/git config --global --add safe.directory /Users/runner/work/tardis/tardis/tardis-regression-data
2025-02-21T14:50:44.9007160Z ##[group]Initializing the repository
2025-02-21T14:50:44.9009790Z [command]/opt/homebrew/bin/git init /Users/runner/work/tardis/tardis/tardis-regression-data
2025-02-21T14:50:44.9068980Z hint: Using 'master' as the name for the initial branch. This default branch name
2025-02-21T14:50:44.9072170Z hint: is subject to change. To configure the initial branch name to use in all
2025-02-21T14:50:44.9073210Z hint: of your new repositories, which will suppress this warning, call:
2025-02-21T14:50:44.9074310Z hint:
2025-02-21T14:50:44.9075030Z hint: 	git config --global init.defaultBranch <name>
2025-02-21T14:50:44.9075730Z hint:
2025-02-21T14:50:44.9076520Z hint: Names commonly chosen instead of 'master' are 'main', 'trunk' and
2025-02-21T14:50:44.9080010Z hint: 'development'. The just-created branch can be renamed via this command:
2025-02-21T14:50:44.9081130Z hint:
2025-02-21T14:50:44.9081670Z hint: 	git branch -m <name>
2025-02-21T14:50:44.9082450Z Initialized empty Git repository in /Users/runner/work/tardis/tardis/tardis-regression-data/.git/
2025-02-21T14:50:44.9084270Z [command]/opt/homebrew/bin/git remote add origin https://github.com/tardis-sn/tardis-regression-data
2025-02-21T14:50:44.9118360Z ##[endgroup]
2025-02-21T14:50:44.9119230Z ##[group]Disabling automatic garbage collection
2025-02-21T14:50:44.9120270Z [command]/opt/homebrew/bin/git config --local gc.auto 0
2025-02-21T14:50:44.9158050Z ##[endgroup]
2025-02-21T14:50:44.9158900Z ##[group]Setting up auth
2025-02-21T14:50:44.9162040Z [command]/opt/homebrew/bin/git config --local --name-only --get-regexp core\.sshCommand
2025-02-21T14:50:44.9197280Z [command]/opt/homebrew/bin/git submodule foreach --recursive sh -c "git config --local --name-only --get-regexp 'core\.sshCommand' && git config --local --unset-all 'core.sshCommand' || :"
2025-02-21T14:50:44.9644930Z [command]/opt/homebrew/bin/git config --local --name-only --get-regexp http\.https\:\/\/github\.com\/\.extraheader
2025-02-21T14:50:44.9686550Z [command]/opt/homebrew/bin/git submodule foreach --recursive sh -c "git config --local --name-only --get-regexp 'http\.https\:\/\/github\.com\/\.extraheader' && git config --local --unset-all 'http.https://github.com/.extraheader' || :"
2025-02-21T14:50:45.0127290Z [command]/opt/homebrew/bin/git config --local http.https://github.com/.extraheader AUTHORIZATION: basic ***
2025-02-21T14:50:45.0169640Z ##[endgroup]
2025-02-21T14:50:45.0170740Z ##[group]Determining the default branch
2025-02-21T14:50:45.0171360Z Retrieving the default branch name
2025-02-21T14:50:45.4526440Z Default branch 'main'
2025-02-21T14:50:45.4628990Z ##[endgroup]
2025-02-21T14:50:45.4630170Z ##[group]Fetching the repository
2025-02-21T14:50:45.4732870Z [command]/opt/homebrew/bin/git -c protocol.version=2 fetch --no-tags --prune --no-recurse-submodules --depth=1 origin +refs/heads/main:refs/remotes/origin/main
2025-02-21T14:50:46.4413830Z From https://github.com/tardis-sn/tardis-regression-data
2025-02-21T14:50:46.4515600Z  * [new branch]      main       -> origin/main
2025-02-21T14:50:46.4819460Z ##[endgroup]
2025-02-21T14:50:46.4919920Z ##[group]Determining the checkout info
2025-02-21T14:50:46.5021780Z ##[endgroup]
2025-02-21T14:50:46.5122410Z [command]/opt/homebrew/bin/git sparse-checkout disable
2025-02-21T14:50:46.5421850Z [command]/opt/homebrew/bin/git config --local --unset-all extensions.worktreeConfig
2025-02-21T14:50:46.5657870Z ##[group]Checking out the ref
2025-02-21T14:50:46.5661540Z [command]/opt/homebrew/bin/git checkout --progress --force -B main refs/remotes/origin/main
2025-02-21T14:50:46.6518770Z Switched to a new branch 'main'
2025-02-21T14:50:46.6520140Z branch 'main' set up to track 'origin/main'.
2025-02-21T14:50:46.7022370Z ##[endgroup]
2025-02-21T14:50:46.7069470Z [command]/opt/homebrew/bin/git log -1 --format=%H
2025-02-21T14:50:46.7102960Z 84e768462f20f09fbccc05625cdcc1d8ffbe404c
2025-02-21T14:50:46.7182620Z ##[group]Run if [ "false" == "true" ]; then
2025-02-21T14:50:46.7182960Z [36;1mif [ "false" == "true" ]; then[0m
2025-02-21T14:50:46.7183220Z [36;1m  echo "Using atom data sparse checkout"[0m
2025-02-21T14:50:46.7183510Z [36;1m  echo "atom_data/kurucz_cd23_chianti_H_He.h5" > .lfs-files-list[0m
2025-02-21T14:50:46.7183780Z [36;1melse[0m
2025-02-21T14:50:46.7183970Z [36;1m  echo "Using full repository checkout"[0m
2025-02-21T14:50:46.7184260Z [36;1m  git lfs ls-files -l | cut -d' ' -f1 | sort > .lfs-files-list[0m
2025-02-21T14:50:46.7184540Z [36;1mfi[0m
2025-02-21T14:50:46.7237110Z shell: /bin/bash --noprofile --norc -e -o pipefail {0}
2025-02-21T14:50:46.7238950Z env:
2025-02-21T14:50:46.7239110Z   CACHE_NUMBER: 0
2025-02-21T14:50:46.7239600Z   PYTEST_FLAGS: --tardis-regression-data=/Users/runner/work/tardis/tardis/tardis-regression-data --cov=tardis --cov-report=xml --cov-report=html --cov-append
2025-02-21T14:50:46.7240110Z   CODECOV_TOKEN: 
2025-02-21T14:50:46.7240270Z ##[endgroup]
2025-02-21T14:50:46.7486840Z Using full repository checkout
2025-02-21T14:50:46.9313270Z ##[group]Run actions/cache/restore@v4
2025-02-21T14:50:46.9313630Z with:
2025-02-21T14:50:46.9313800Z   path: tardis-regression-data/.git/lfs
2025-02-21T14:50:46.9314310Z   key: tardis-regression-full-data-c8ff2bbb6048b3f24d3f52a1e85b013ad47e52c369a6ce4cfdeff528b659b86f-tardis-sn/tardis-regression-data-v1
2025-02-21T14:50:46.9314800Z   fail-on-cache-miss: true
2025-02-21T14:50:46.9315000Z   enableCrossOsArchive: false
2025-02-21T14:50:46.9315190Z   lookup-only: false
2025-02-21T14:50:46.9315350Z env:
2025-02-21T14:50:46.9315500Z   CACHE_NUMBER: 0
2025-02-21T14:50:46.9315990Z   PYTEST_FLAGS: --tardis-regression-data=/Users/runner/work/tardis/tardis/tardis-regression-data --cov=tardis --cov-report=xml --cov-report=html --cov-append
2025-02-21T14:50:46.9316500Z   CODECOV_TOKEN: 
2025-02-21T14:50:46.9316650Z ##[endgroup]
2025-02-21T14:50:47.2570290Z Cache hit for: tardis-regression-full-data-c8ff2bbb6048b3f24d3f52a1e85b013ad47e52c369a6ce4cfdeff528b659b86f-tardis-sn/tardis-regression-data-v1
2025-02-21T14:50:48.4625900Z Received 50331648 of 2161656325 (2.3%), 48.0 MBs/sec
2025-02-21T14:50:49.4619660Z Received 184549376 of 2161656325 (8.5%), 88.0 MBs/sec
2025-02-21T14:50:50.4675860Z Received 264241152 of 2161656325 (12.2%), 83.8 MBs/sec
2025-02-21T14:50:51.4700290Z Received 343932928 of 2161656325 (15.9%), 81.8 MBs/sec
2025-02-21T14:50:52.4696350Z Received 465567744 of 2161656325 (21.5%), 88.6 MBs/sec
2025-02-21T14:50:53.4704540Z Received 570425344 of 2161656325 (26.4%), 90.5 MBs/sec
2025-02-21T14:50:54.4730490Z Received 671088640 of 2161656325 (31.0%), 91.3 MBs/sec
2025-02-21T14:50:55.5248230Z Received 805306368 of 2161656325 (37.3%), 95.2 MBs/sec
2025-02-21T14:50:56.5230420Z Received 922746880 of 2161656325 (42.7%), 97.1 MBs/sec
2025-02-21T14:50:57.5232080Z Received 989855744 of 2161656325 (45.8%), 93.8 MBs/sec
2025-02-21T14:50:58.5230760Z Received 1073741824 of 2161656325 (49.7%), 92.6 MBs/sec
2025-02-21T14:50:59.5256660Z Received 1199570944 of 2161656325 (55.5%), 94.8 MBs/sec
2025-02-21T14:51:00.5250910Z Received 1291845632 of 2161656325 (59.8%), 94.3 MBs/sec
2025-02-21T14:51:01.5277200Z Received 1405091840 of 2161656325 (65.0%), 95.3 MBs/sec
2025-02-21T14:51:02.5269660Z Received 1497366528 of 2161656325 (69.3%), 94.8 MBs/sec
2025-02-21T14:51:03.5333120Z Received 1610612736 of 2161656325 (74.5%), 95.6 MBs/sec
2025-02-21T14:51:04.5400070Z Received 1740636160 of 2161656325 (80.5%), 97.2 MBs/sec
2025-02-21T14:51:05.5430460Z Received 1858076672 of 2161656325 (86.0%), 98.0 MBs/sec
2025-02-21T14:51:06.5453850Z Received 1975517184 of 2161656325 (91.4%), 98.7 MBs/sec
2025-02-21T14:51:07.5662950Z Received 2076180480 of 2161656325 (96.0%), 98.5 MBs/sec
2025-02-21T14:51:08.3993590Z Received 2161656325 of 2161656325 (100.0%), 98.5 MBs/sec
2025-02-21T14:51:08.4035020Z Cache Size: ~2062 MB (2161656325 B)
2025-02-21T14:51:08.4120020Z [command]/opt/homebrew/bin/gtar -xf /Users/runner/work/_temp/41a95d6f-e30e-4279-8183-f231dc7c8fde/cache.tzst -P -C /Users/runner/work/tardis/tardis --delay-directory-restore --use-compress-program unzstd
2025-02-21T14:51:16.3322590Z Cache restored successfully
2025-02-21T14:51:16.4722990Z Cache restored from key: tardis-regression-full-data-c8ff2bbb6048b3f24d3f52a1e85b013ad47e52c369a6ce4cfdeff528b659b86f-tardis-sn/tardis-regression-data-v1
2025-02-21T14:51:16.4859810Z ##[group]Run git lfs checkout
2025-02-21T14:51:16.4860120Z [36;1mgit lfs checkout[0m
2025-02-21T14:51:16.5196040Z shell: /bin/bash --noprofile --norc -e -o pipefail {0}
2025-02-21T14:51:16.5196450Z env:
2025-02-21T14:51:16.5196820Z   CACHE_NUMBER: 0
2025-02-21T14:51:16.5197480Z   PYTEST_FLAGS: --tardis-regression-data=/Users/runner/work/tardis/tardis/tardis-regression-data --cov=tardis --cov-report=xml --cov-report=html --cov-append
2025-02-21T14:51:16.5198750Z   CODECOV_TOKEN: 
2025-02-21T14:51:16.5199120Z ##[endgroup]
2025-02-21T14:51:25.5035670Z Checking out LFS objects: 100% (204/204), 5.7 GB | 528 MB/s, done.
