2025-01-21T13:49:27.4359028Z Requested labels: macos-latest
2025-01-21T13:49:27.4359421Z Job defined at: tardis-sn/tardis/.github/workflows/tests.yml@refs/pull/2872/merge
2025-01-21T13:49:27.4359581Z Waiting for a runner to pick up this job...
2025-01-21T13:49:27.6847676Z Job is waiting for a hosted runner to come online.
2025-01-21T13:49:30.6732577Z Job is about to start running on the hosted runner: GitHub Actions 9 (hosted)
2025-01-21T13:49:32.1828910Z Current runner version: '2.321.0'
2025-01-21T13:49:32.1865680Z ##[group]Operating System
2025-01-21T13:49:32.1866820Z macOS
2025-01-21T13:49:32.1867580Z 14.7.2
2025-01-21T13:49:32.1868320Z 23H311
2025-01-21T13:49:32.1869050Z ##[endgroup]
2025-01-21T13:49:32.1869860Z ##[group]Runner Image
2025-01-21T13:49:32.1870750Z Image: macos-14-arm64
2025-01-21T13:49:32.1871610Z Version: 20250113.751
2025-01-21T13:49:32.1873490Z Included Software: https://github.com/actions/runner-images/blob/macos-14-arm64/20250113.751/images/macos/macos-14-arm64-Readme.md
2025-01-21T13:49:32.1876090Z Image Release: https://github.com/actions/runner-images/releases/tag/macos-14-arm64%2F20250113.751
2025-01-21T13:49:32.1877710Z ##[endgroup]
2025-01-21T13:49:32.1878510Z ##[group]Runner Image Provisioner
2025-01-21T13:49:32.1879570Z 2.0.414.1+2ecee806bcbb7b5d267443ac0090547f461e95b1
2025-01-21T13:49:32.1880620Z ##[endgroup]
2025-01-21T13:49:32.1884330Z ##[group]GITHUB_TOKEN Permissions
2025-01-21T13:49:32.1886860Z Actions: read
2025-01-21T13:49:32.1887700Z Attestations: read
2025-01-21T13:49:32.1888490Z Checks: read
2025-01-21T13:49:32.1889250Z Contents: read
2025-01-21T13:49:32.1890010Z Deployments: read
2025-01-21T13:49:32.1890830Z Discussions: read
2025-01-21T13:49:32.1891600Z Issues: read
2025-01-21T13:49:32.1892360Z Metadata: read
2025-01-21T13:49:32.1893140Z Packages: read
2025-01-21T13:49:32.1893920Z Pages: read
2025-01-21T13:49:32.1894670Z PullRequests: read
2025-01-21T13:49:32.1895530Z RepositoryProjects: read
2025-01-21T13:49:32.1896410Z SecurityEvents: read
2025-01-21T13:49:32.1897220Z Statuses: read
2025-01-21T13:49:32.1898030Z ##[endgroup]
2025-01-21T13:49:32.1902410Z Secret source: None
2025-01-21T13:49:32.1903590Z Prepare workflow directory
2025-01-21T13:49:32.2348040Z Prepare all required actions
2025-01-21T13:49:32.2414130Z Getting action download info
2025-01-21T13:49:32.4176420Z Download action repository 'actions/checkout@v4' (SHA:11bd71901bbe5b1630ceea73d27597364c9af683)
2025-01-21T13:49:32.8218950Z Download action repository 'actions/upload-artifact@v4' (SHA:65c4c4a1ddee5b72f698fdd19549f0f0fb45cf08)
2025-01-21T13:49:34.1168110Z Complete job name: not continuum macos-latest 
2025-01-21T13:49:34.1653950Z ##[group]Run actions/checkout@v4
2025-01-21T13:49:34.1654900Z with:
2025-01-21T13:49:34.1655260Z   repository: tardis-sn/tardis
2025-01-21T13:49:34.1655900Z   token: ***
2025-01-21T13:49:34.1656220Z   ssh-strict: true
2025-01-21T13:49:34.1656570Z   ssh-user: git
2025-01-21T13:49:34.1656930Z   persist-credentials: true
2025-01-21T13:49:34.1657300Z   clean: true
2025-01-21T13:49:34.1657630Z   sparse-checkout-cone-mode: true
2025-01-21T13:49:34.1658030Z   fetch-depth: 1
2025-01-21T13:49:34.1658360Z   fetch-tags: false
2025-01-21T13:49:34.1658700Z   show-progress: true
2025-01-21T13:49:34.1659050Z   lfs: false
2025-01-21T13:49:34.1659390Z   submodules: false
2025-01-21T13:49:34.1659740Z   set-safe-directory: true
2025-01-21T13:49:34.1660300Z env:
2025-01-21T13:49:34.1660600Z   CACHE_NUMBER: 0
2025-01-21T13:49:34.1661640Z   PYTEST_FLAGS: --tardis-regression-data=/Users/runner/work/tardis/tardis/tardis-regression-data --cov=tardis --cov-report=xml --cov-report=html --cov-append
2025-01-21T13:49:34.1662970Z   CODECOV_TOKEN: 
2025-01-21T13:49:34.1663300Z ##[endgroup]
2025-01-21T13:49:34.5965470Z Syncing repository: tardis-sn/tardis
2025-01-21T13:49:34.5966910Z ##[group]Getting Git version info
2025-01-21T13:49:34.5967960Z Working directory is '/Users/runner/work/tardis/tardis'
2025-01-21T13:49:34.5968770Z [command]/opt/homebrew/bin/git version
2025-01-21T13:49:34.6246380Z git version 2.48.0
2025-01-21T13:49:34.6288940Z ##[endgroup]
2025-01-21T13:49:34.6303350Z Copying '/Users/runner/.gitconfig' to '/Users/runner/work/_temp/dc2e3349-4a42-4d5e-8944-a3a450aca8f2/.gitconfig'
2025-01-21T13:49:34.6312960Z Temporarily overriding HOME='/Users/runner/work/_temp/dc2e3349-4a42-4d5e-8944-a3a450aca8f2' before making global git config changes
2025-01-21T13:49:34.6316450Z Adding repository directory to the temporary git global config as a safe directory
2025-01-21T13:49:34.6319590Z [command]/opt/homebrew/bin/git config --global --add safe.directory /Users/runner/work/tardis/tardis
2025-01-21T13:49:34.6423370Z Deleting the contents of '/Users/runner/work/tardis/tardis'
2025-01-21T13:49:34.6426250Z ##[group]Initializing the repository
2025-01-21T13:49:34.6429540Z [command]/opt/homebrew/bin/git init /Users/runner/work/tardis/tardis
2025-01-21T13:49:34.6650400Z hint: Using 'master' as the name for the initial branch. This default branch name
2025-01-21T13:49:34.6652740Z hint: is subject to change. To configure the initial branch name to use in all
2025-01-21T13:49:34.6655810Z hint: of your new repositories, which will suppress this warning, call:
2025-01-21T13:49:34.6657390Z hint:
2025-01-21T13:49:34.6660200Z hint: 	git config --global init.defaultBranch <name>
2025-01-21T13:49:34.6661190Z hint:
2025-01-21T13:49:34.6661760Z hint: Names commonly chosen instead of 'master' are 'main', 'trunk' and
2025-01-21T13:49:34.6662450Z hint: 'development'. The just-created branch can be renamed via this command:
2025-01-21T13:49:34.6663040Z hint:
2025-01-21T13:49:34.6663510Z hint: 	git branch -m <name>
2025-01-21T13:49:34.6664110Z Initialized empty Git repository in /Users/runner/work/tardis/tardis/.git/
2025-01-21T13:49:34.6665800Z [command]/opt/homebrew/bin/git remote add origin https://github.com/tardis-sn/tardis
2025-01-21T13:49:34.6734320Z ##[endgroup]
2025-01-21T13:49:34.6735970Z ##[group]Disabling automatic garbage collection
2025-01-21T13:49:34.6737780Z [command]/opt/homebrew/bin/git config --local gc.auto 0
2025-01-21T13:49:34.6785180Z ##[endgroup]
2025-01-21T13:49:34.6831840Z ##[group]Setting up auth
2025-01-21T13:49:34.6843080Z [command]/opt/homebrew/bin/git config --local --name-only --get-regexp core\.sshCommand
2025-01-21T13:49:34.6845390Z [command]/opt/homebrew/bin/git submodule foreach --recursive sh -c "git config --local --name-only --get-regexp 'core\.sshCommand' && git config --local --unset-all 'core.sshCommand' || :"
2025-01-21T13:49:34.8591440Z [command]/opt/homebrew/bin/git config --local --name-only --get-regexp http\.https\:\/\/github\.com\/\.extraheader
2025-01-21T13:49:34.8697810Z [command]/opt/homebrew/bin/git submodule foreach --recursive sh -c "git config --local --name-only --get-regexp 'http\.https\:\/\/github\.com\/\.extraheader' && git config --local --unset-all 'http.https://github.com/.extraheader' || :"
2025-01-21T13:49:34.9362650Z [command]/opt/homebrew/bin/git config --local http.https://github.com/.extraheader AUTHORIZATION: basic ***
2025-01-21T13:49:34.9456970Z ##[endgroup]
2025-01-21T13:49:34.9458030Z ##[group]Fetching the repository
2025-01-21T13:49:34.9469000Z [command]/opt/homebrew/bin/git -c protocol.version=2 fetch --no-tags --prune --no-recurse-submodules --depth=1 origin +ba03bfcac6955a1aacf8b5514ed498f8aba310bd:refs/remotes/pull/2872/merge
2025-01-21T13:49:36.9569000Z From https://github.com/tardis-sn/tardis
2025-01-21T13:49:36.9572710Z  * [new ref]         ba03bfcac6955a1aacf8b5514ed498f8aba310bd -> pull/2872/merge
2025-01-21T13:49:36.9670820Z ##[endgroup]
2025-01-21T13:49:36.9672210Z ##[group]Determining the checkout info
2025-01-21T13:49:36.9673310Z ##[endgroup]
2025-01-21T13:49:36.9674320Z [command]/opt/homebrew/bin/git sparse-checkout disable
2025-01-21T13:49:36.9730540Z [command]/opt/homebrew/bin/git config --local --unset-all extensions.worktreeConfig
2025-01-21T13:49:36.9805230Z ##[group]Checking out the ref
2025-01-21T13:49:36.9806350Z [command]/opt/homebrew/bin/git checkout --progress --force refs/remotes/pull/2872/merge
2025-01-21T13:49:37.3111460Z HEAD is now at ba03bfc Merge 51f694673da3b0bfedede887dbc6b7ab0d18f1d4 into aa180cf97513f46d6d3b617c05907691f413c057
2025-01-21T13:49:37.3132070Z ##[endgroup]
2025-01-21T13:49:37.3264650Z [command]/opt/homebrew/bin/git log -1 --format=%H
2025-01-21T13:49:37.3340970Z ba03bfcac6955a1aacf8b5514ed498f8aba310bd
2025-01-21T13:49:37.3578130Z Prepare all required actions
2025-01-21T13:49:37.3578470Z Getting action download info
2025-01-21T13:49:37.4908650Z Download action repository 'mamba-org/setup-micromamba@v2' (SHA:0dea6379afdaffa5d528b3d1dabc45da37f443fc)
2025-01-21T13:49:38.7584280Z ##[group]Run ./.github/actions/setup_env
2025-01-21T13:49:38.7584540Z with:
2025-01-21T13:49:38.7584670Z   os-label: osx-arm64
2025-01-21T13:49:38.7584830Z env:
2025-01-21T13:49:38.7584960Z   CACHE_NUMBER: 0
2025-01-21T13:49:38.7585480Z   PYTEST_FLAGS: --tardis-regression-data=/Users/runner/work/tardis/tardis/tardis-regression-data --cov=tardis --cov-report=xml --cov-report=html --cov-append
2025-01-21T13:49:38.7586020Z   CODECOV_TOKEN: 
2025-01-21T13:49:38.7586180Z ##[endgroup]
2025-01-21T13:49:38.7707260Z ##[group]Run mamba-org/setup-micromamba@v2
2025-01-21T13:49:38.7707470Z with:
2025-01-21T13:49:38.7707590Z   init-shell: bash
2025-01-21T13:49:38.7707740Z   create-args: conda-lock
2025-01-21T13:49:38.7708040Z   environment-name: tardis-base
2025-01-21T13:49:38.7708260Z   micromamba-binary-path: ../micromamba
2025-01-21T13:49:38.7708460Z env:
2025-01-21T13:49:38.7708580Z   CACHE_NUMBER: 0
2025-01-21T13:49:38.7709080Z   PYTEST_FLAGS: --tardis-regression-data=/Users/runner/work/tardis/tardis/tardis-regression-data --cov=tardis --cov-report=xml --cov-report=html --cov-append
2025-01-21T13:49:38.7709580Z   CODECOV_TOKEN: 
2025-01-21T13:49:38.7709770Z ##[endgroup]
2025-01-21T13:49:39.0001850Z Will download micromamba to /Users/runner/work/tardis/micromamba
2025-01-21T13:49:39.0310910Z ##[group]Install micromamba
2025-01-21T13:49:40.1360320Z micromamba installed to /Users/runner/work/tardis/micromamba
2025-01-21T13:49:40.1460750Z ##[endgroup]
2025-01-21T13:49:40.1673050Z Adding conda-forge to condarc channels ...
2025-01-21T13:49:40.1790960Z ##[group]Initialize micromamba for bash.
2025-01-21T13:49:40.2167650Z [command]/Users/runner/work/tardis/micromamba shell init -s bash -r /Users/runner/micromamba --log-level warning --rc-file /Users/runner/work/_temp/setup-micromamba/.condarc
2025-01-21T13:49:40.2168610Z Running `shell init`, which:
2025-01-21T13:49:40.2291900Z  - modifies RC file: "/Users/runner/.bash_profile"
2025-01-21T13:49:40.2422730Z  - generates config for root prefix: [1m"/Users/runner/micromamba"[0m
2025-01-21T13:49:40.2566500Z  - sets mamba executable to: [1m"/Users/runner/work/tardis/micromamba"[0m
2025-01-21T13:49:40.2667750Z The following has been added in your "/Users/runner/.bash_profile" file
2025-01-21T13:49:40.2771490Z 
2025-01-21T13:49:40.2866460Z # >>> mamba initialize >>>
2025-01-21T13:49:40.3057510Z # !! Contents within this block are managed by 'micromamba shell init' !!
2025-01-21T13:49:40.3159990Z export MAMBA_EXE='/Users/runner/work/tardis/micromamba';
2025-01-21T13:49:40.3261530Z export MAMBA_ROOT_PREFIX='/Users/runner/micromamba';
2025-01-21T13:49:40.3365040Z __mamba_setup="$("$MAMBA_EXE" shell hook --shell bash --root-prefix "$MAMBA_ROOT_PREFIX" 2> /dev/null)"
2025-01-21T13:49:40.3498960Z if [ $? -eq 0 ]; then
2025-01-21T13:49:40.3603420Z     eval "$__mamba_setup"
2025-01-21T13:49:40.3729280Z else
2025-01-21T13:49:40.3836540Z     alias micromamba="$MAMBA_EXE"  # Fallback on help from micromamba activate
2025-01-21T13:49:40.4026950Z fi
2025-01-21T13:49:40.4316310Z unset __mamba_setup
2025-01-21T13:49:40.4417710Z # <<< mamba initialize <<<
2025-01-21T13:49:40.4517660Z 
2025-01-21T13:49:40.4618850Z ##[endgroup]
2025-01-21T13:49:40.5177680Z ##[group]Install environment `tardis-base`
2025-01-21T13:49:40.5856590Z [command]/Users/runner/work/tardis/micromamba create -y -r /Users/runner/micromamba -n tardis-base conda-lock --log-level warning --rc-file /Users/runner/work/_temp/setup-micromamba/.condarc
2025-01-21T13:49:46.3663640Z 
2025-01-21T13:49:46.4845470Z 
2025-01-21T13:49:46.4847070Z Transaction
2025-01-21T13:49:46.4847510Z 
2025-01-21T13:49:46.4847730Z   Prefix: /Users/runner/micromamba/envs/tardis-base
2025-01-21T13:49:46.4847980Z 
2025-01-21T13:49:46.4848040Z   Updating specs:
2025-01-21T13:49:46.4848190Z 
2025-01-21T13:49:46.4849890Z    - conda-lock
2025-01-21T13:49:46.4850090Z 
2025-01-21T13:49:46.4850090Z 
2025-01-21T13:49:46.5056570Z   Package                           Version  Build               Channel          Size
2025-01-21T13:49:46.5070720Z â”€â”€â”€â”€â”€â”€â”€â”€â”€â”€â”€â”€â”€â”€â”€â”€â”€â”€â”€â”€â”€â”€â”€â”€â”€â”€â”€â”€â”€â”€â”€â”€â”€â”€â”€â”€â”€â”€â”€â”€â”€â”€â”€â”€â”€â”€â”€â”€â”€â”€â”€â”€â”€â”€â”€â”€â”€â”€â”€â”€â”€â”€â”€â”€â”€â”€â”€â”€â”€â”€â”€â”€â”€â”€â”€â”€â”€â”€â”€â”€â”€â”€â”€â”€â”€â”€â”€â”€
2025-01-21T13:49:46.5071020Z   Install:
2025-01-21T13:49:46.5071350Z â”€â”€â”€â”€â”€â”€â”€â”€â”€â”€â”€â”€â”€â”€â”€â”€â”€â”€â”€â”€â”€â”€â”€â”€â”€â”€â”€â”€â”€â”€â”€â”€â”€â”€â”€â”€â”€â”€â”€â”€â”€â”€â”€â”€â”€â”€â”€â”€â”€â”€â”€â”€â”€â”€â”€â”€â”€â”€â”€â”€â”€â”€â”€â”€â”€â”€â”€â”€â”€â”€â”€â”€â”€â”€â”€â”€â”€â”€â”€â”€â”€â”€â”€â”€â”€â”€â”€â”€
2025-01-21T13:49:46.5071590Z 
2025-01-21T13:49:46.5071810Z   + annotated-types                   0.7.0  pyhd8ed1ab_1        conda-forge      18kB
2025-01-21T13:49:46.5072250Z   + appdirs                           1.4.4  pyhd8ed1ab_1        conda-forge      15kB
2025-01-21T13:49:46.5072610Z   + backports                           1.0  pyhd8ed1ab_5        conda-forge       7kB
2025-01-21T13:49:46.5073050Z   + backports.tarfile                 1.2.0  pyhd8ed1ab_1        conda-forge      33kB
2025-01-21T13:49:46.5073520Z   + brotli-python                     1.1.0  py313h3579c5c_2     conda-forge     339kB
2025-01-21T13:49:46.5073880Z   + bzip2                             1.0.8  h99b78c6_7          conda-forge     123kB
2025-01-21T13:49:46.5074340Z   + ca-certificates              2024.12.14  hf0a4a13_0          conda-forge     157kB
2025-01-21T13:49:46.5074720Z   + cachecontrol                     0.14.2  pyha770c72_0        conda-forge      23kB
2025-01-21T13:49:46.5075130Z   + cachecontrol-with-filecache      0.14.2  pyhd8ed1ab_0        conda-forge       7kB
2025-01-21T13:49:46.5075590Z   + cachy                             0.3.0  pyhd8ed1ab_2        conda-forge      23kB
2025-01-21T13:49:46.5075970Z   + certifi                      2024.12.14  pyhd8ed1ab_0        conda-forge     162kB
2025-01-21T13:49:46.5076360Z   + charset-normalizer                3.4.1  pyhd8ed1ab_0        conda-forge      47kB
2025-01-21T13:49:46.5076800Z   + click                             8.1.8  pyh707e725_0        conda-forge      85kB
2025-01-21T13:49:46.5077260Z   + click-default-group               1.2.4  pyhd8ed1ab_1        conda-forge      10kB
2025-01-21T13:49:46.5077630Z   + clikit                            0.6.2  pyhd8ed1ab_3        conda-forge      64kB
2025-01-21T13:49:46.5078040Z   + conda-lock                        2.5.7  pyhd8ed1ab_1        conda-forge     884kB
2025-01-21T13:49:46.5078420Z   + crashtest                         0.4.1  pyhd8ed1ab_1        conda-forge      12kB
2025-01-21T13:49:46.5078820Z   + distlib                           0.3.9  pyhd8ed1ab_1        conda-forge     274kB
2025-01-21T13:49:46.5079190Z   + ensureconda                       1.4.4  pyhd8ed1ab_1        conda-forge      14kB
2025-01-21T13:49:46.5079550Z   + filelock                         3.16.1  pyhd8ed1ab_1        conda-forge      17kB
2025-01-21T13:49:46.5079960Z   + gitdb                            4.0.12  pyhd8ed1ab_0        conda-forge      53kB
2025-01-21T13:49:46.5080300Z   + gitpython                        3.1.44  pyhff2d567_0        conda-forge     157kB
2025-01-21T13:49:46.5080660Z   + html5lib                            1.1  pyhd8ed1ab_2        conda-forge      95kB
2025-01-21T13:49:46.5081050Z   + idna                               3.10  pyhd8ed1ab_1        conda-forge      50kB
2025-01-21T13:49:46.5081430Z   + importlib-metadata                8.6.1  pyha770c72_0        conda-forge      29kB
2025-01-21T13:49:46.5081820Z   + importlib_resources               6.5.2  pyhd8ed1ab_0        conda-forge      34kB
2025-01-21T13:49:46.5082280Z   + jaraco.classes                    3.4.0  pyhd8ed1ab_2        conda-forge      12kB
2025-01-21T13:49:46.5082660Z   + jaraco.context                    6.0.1  pyhd8ed1ab_0        conda-forge      12kB
2025-01-21T13:49:46.5083030Z   + jaraco.functools                  4.1.0  pyhd8ed1ab_0        conda-forge      16kB
2025-01-21T13:49:46.5083460Z   + jinja2                            3.1.5  pyhd8ed1ab_0        conda-forge     113kB
2025-01-21T13:49:46.5084090Z   + keyring                          25.6.0  pyh534df25_0        conda-forge      37kB
2025-01-21T13:49:46.5084430Z   + libcxx                           19.1.7  ha82da77_0          conda-forge     524kB
2025-01-21T13:49:46.5084830Z   + libexpat                          2.6.4  h286801f_0          conda-forge      65kB
2025-01-21T13:49:46.5085350Z   + libffi                            3.4.2  h3422bc3_5          conda-forge      39kB
2025-01-21T13:49:46.5085690Z   + liblzma                           5.6.3  h39f12f2_1          conda-forge      99kB
2025-01-21T13:49:46.5086080Z   + libmpdec                          4.0.0  h99b78c6_0          conda-forge      69kB
2025-01-21T13:49:46.5086450Z   + libsqlite                        3.48.0  h3f77e49_0          conda-forge     853kB
2025-01-21T13:49:46.5086800Z   + libzlib                           1.3.1  h8359307_2          conda-forge      46kB
2025-01-21T13:49:46.5087190Z   + markupsafe                        3.0.2  py313ha9b7d5b_1     conda-forge      25kB
2025-01-21T13:49:46.5087560Z   + more-itertools                   10.6.0  pyhd8ed1ab_0        conda-forge      59kB
2025-01-21T13:49:46.5088000Z   + msgpack-python                    1.1.0  py313hf9c7212_0     conda-forge      92kB
2025-01-21T13:49:46.5088360Z   + ncurses                             6.5  h5e97a16_2          conda-forge     797kB
2025-01-21T13:49:46.5088690Z   + openssl                           3.4.0  h81ee809_1          conda-forge       3MB
2025-01-21T13:49:46.5089090Z   + packaging                          24.2  pyhd8ed1ab_2        conda-forge      60kB
2025-01-21T13:49:46.5089440Z   + pastel                            0.2.1  pyhd8ed1ab_0        conda-forge      10kB
2025-01-21T13:49:46.5089850Z   + pip                              24.3.1  pyh145f28c_2        conda-forge       1MB
2025-01-21T13:49:46.5090260Z   + pkginfo                          1.12.0  pyhd8ed1ab_1        conda-forge      30kB
2025-01-21T13:49:46.5090620Z   + platformdirs                      4.3.6  pyhd8ed1ab_1        conda-forge      20kB
2025-01-21T13:49:46.5090980Z   + pydantic                         2.10.5  pyh3cfb1c2_0        conda-forge     297kB
2025-01-21T13:49:46.5091390Z   + pydantic-core                    2.27.2  py313hdde674f_0     conda-forge       2MB
2025-01-21T13:49:46.5091760Z   + pylev                             1.4.0  pyhd8ed1ab_0        conda-forge       9kB
2025-01-21T13:49:46.5092110Z   + pysocks                           1.7.1  pyha55dd90_7        conda-forge      21kB
2025-01-21T13:49:46.5092510Z   + python                           3.13.1  h4f43103_105_cp313  conda-forge      13MB
2025-01-21T13:49:46.5092830Z   + python_abi                         3.13  5_cp313             conda-forge       6kB
2025-01-21T13:49:46.5093160Z   + pyyaml                            6.0.2  py313ha9b7d5b_2     conda-forge     194kB
2025-01-21T13:49:46.5093540Z   + readline                            8.2  h92ec313_1          conda-forge     250kB
2025-01-21T13:49:46.5093920Z   + requests                         2.32.3  pyhd8ed1ab_1        conda-forge      59kB
2025-01-21T13:49:46.5094370Z   + ruamel.yaml                     0.18.10  py313h90d716c_0     conda-forge     270kB
2025-01-21T13:49:46.5094910Z   + ruamel.yaml.clib                  0.2.8  py313h63a2874_1     conda-forge     116kB
2025-01-21T13:49:46.5095310Z   + setuptools                       75.8.0  pyhff2d567_0        conda-forge     776kB
2025-01-21T13:49:46.5095760Z   + six                              1.17.0  pyhd8ed1ab_0        conda-forge      16kB
2025-01-21T13:49:46.5096080Z   + smmap                             5.0.0  pyhd8ed1ab_0        conda-forge      22kB
2025-01-21T13:49:46.5096440Z   + tk                               8.6.13  h5083fa2_1          conda-forge       3MB
2025-01-21T13:49:46.5097310Z   + tomli                             2.2.1  pyhd8ed1ab_1        conda-forge      19kB
2025-01-21T13:49:46.5097830Z   + tomlkit                          0.13.2  pyha770c72_1        conda-forge      37kB
2025-01-21T13:49:46.5098210Z   + toolz                            0.12.1  pyhd8ed1ab_0        conda-forge      52kB
2025-01-21T13:49:46.5098990Z   + typing-extensions                4.12.2  hd8ed1ab_1          conda-forge      10kB
2025-01-21T13:49:46.5099770Z   + typing_extensions                4.12.2  pyha770c72_1        conda-forge      40kB
2025-01-21T13:49:46.5100420Z   + tzdata                            2025a  h78e105d_0          conda-forge     123kB
2025-01-21T13:49:46.5100820Z   + urllib3                         1.26.19  pyhd8ed1ab_0        conda-forge     115kB
2025-01-21T13:49:46.5101180Z   + virtualenv                      20.29.1  pyhd8ed1ab_0        conda-forge       4MB
2025-01-21T13:49:46.5101540Z   + webencodings                      0.5.1  pyhd8ed1ab_3        conda-forge      15kB
2025-01-21T13:49:46.5101980Z   + yaml                              0.2.5  h3422bc3_2          conda-forge      88kB
2025-01-21T13:49:46.5102320Z   + zipp                             3.21.0  pyhd8ed1ab_1        conda-forge      22kB
2025-01-21T13:49:46.5102550Z 
2025-01-21T13:49:46.5102670Z   Summary:
2025-01-21T13:49:46.5102750Z 
2025-01-21T13:49:46.5102860Z   Install: 74 packages
2025-01-21T13:49:46.5103020Z 
2025-01-21T13:49:46.5103070Z   Total download: 34MB
2025-01-21T13:49:46.5103230Z 
2025-01-21T13:49:46.5103570Z â”€â”€â”€â”€â”€â”€â”€â”€â”€â”€â”€â”€â”€â”€â”€â”€â”€â”€â”€â”€â”€â”€â”€â”€â”€â”€â”€â”€â”€â”€â”€â”€â”€â”€â”€â”€â”€â”€â”€â”€â”€â”€â”€â”€â”€â”€â”€â”€â”€â”€â”€â”€â”€â”€â”€â”€â”€â”€â”€â”€â”€â”€â”€â”€â”€â”€â”€â”€â”€â”€â”€â”€â”€â”€â”€â”€â”€â”€â”€â”€â”€â”€â”€â”€â”€â”€â”€â”€
2025-01-21T13:49:46.5103750Z 
2025-01-21T13:49:46.5103750Z 
2025-01-21T13:49:46.5103780Z 
2025-01-21T13:49:46.5103900Z Transaction starting
2025-01-21T13:49:50.2639610Z Linking libexpat-2.6.4-h286801f_0
2025-01-21T13:49:50.2654740Z Linking libmpdec-4.0.0-h99b78c6_0
2025-01-21T13:49:50.2661930Z Linking python_abi-3.13-5_cp313
2025-01-21T13:49:50.2664460Z Linking ncurses-6.5-h5e97a16_2
2025-01-21T13:49:54.1756620Z Linking bzip2-1.0.8-h99b78c6_7
2025-01-21T13:49:54.1827830Z Linking liblzma-5.6.3-h39f12f2_1
2025-01-21T13:49:54.1850150Z Linking libzlib-1.3.1-h8359307_2
2025-01-21T13:49:54.1850690Z Linking libffi-3.4.2-h3422bc3_5
2025-01-21T13:49:54.2089000Z Linking ca-certificates-2024.12.14-hf0a4a13_0
2025-01-21T13:49:54.2153420Z Linking libcxx-19.1.7-ha82da77_0
2025-01-21T13:49:54.2295600Z Linking yaml-0.2.5-h3422bc3_2
2025-01-21T13:49:54.2460240Z Linking readline-8.2-h92ec313_1
2025-01-21T13:49:54.2581830Z Linking tk-8.6.13-h5083fa2_1
2025-01-21T13:49:54.3865100Z Linking libsqlite-3.48.0-h3f77e49_0
2025-01-21T13:49:54.3905030Z Linking openssl-3.4.0-h81ee809_1
2025-01-21T13:49:54.4848020Z Linking tzdata-2025a-h78e105d_0
2025-01-21T13:49:54.6085250Z Linking python-3.13.1-h4f43103_105_cp313
2025-01-21T13:49:55.4003180Z Linking pip-24.3.1-pyh145f28c_2
2025-01-21T13:49:55.5217960Z Linking backports-1.0-pyhd8ed1ab_5
2025-01-21T13:49:55.5351310Z Linking appdirs-1.4.4-pyhd8ed1ab_1
2025-01-21T13:49:55.5356460Z Linking smmap-5.0.0-pyhd8ed1ab_0
2025-01-21T13:49:55.5356800Z Linking webencodings-0.5.1-pyhd8ed1ab_3
2025-01-21T13:49:55.5371390Z Linking six-1.17.0-pyhd8ed1ab_0
2025-01-21T13:49:55.5433960Z Linking zipp-3.21.0-pyhd8ed1ab_1
2025-01-21T13:49:55.5502110Z Linking more-itertools-10.6.0-pyhd8ed1ab_0
2025-01-21T13:49:55.5579010Z Linking idna-3.10-pyhd8ed1ab_1
2025-01-21T13:49:55.5633360Z Linking charset-normalizer-3.4.1-pyhd8ed1ab_0
2025-01-21T13:49:55.5703780Z Linking certifi-2024.12.14-pyhd8ed1ab_0
2025-01-21T13:49:55.5768490Z Linking pysocks-1.7.1-pyha55dd90_7
2025-01-21T13:49:55.5815450Z Linking platformdirs-4.3.6-pyhd8ed1ab_1
2025-01-21T13:49:55.5866280Z Linking distlib-0.3.9-pyhd8ed1ab_1
2025-01-21T13:49:55.5949500Z Linking filelock-3.16.1-pyhd8ed1ab_1
2025-01-21T13:49:55.6049140Z Linking pylev-1.4.0-pyhd8ed1ab_0
2025-01-21T13:49:55.6105740Z Linking pastel-0.2.1-pyhd8ed1ab_0
2025-01-21T13:49:55.6106430Z Linking typing_extensions-4.12.2-pyha770c72_1
2025-01-21T13:49:55.6115890Z Linking toolz-0.12.1-pyhd8ed1ab_0
2025-01-21T13:49:55.6211460Z Linking tomlkit-0.13.2-pyha770c72_1
2025-01-21T13:49:55.6302780Z Linking tomli-2.2.1-pyhd8ed1ab_1
2025-01-21T13:49:55.6337100Z Linking setuptools-75.8.0-pyhff2d567_0
2025-01-21T13:49:55.9091350Z Linking pkginfo-1.12.0-pyhd8ed1ab_1
2025-01-21T13:49:55.9291270Z Linking packaging-24.2-pyhd8ed1ab_2
2025-01-21T13:49:55.9515610Z Linking crashtest-0.4.1-pyhd8ed1ab_1
2025-01-21T13:49:55.9617100Z Linking click-8.1.8-pyh707e725_0
2025-01-21T13:49:55.9777220Z Linking cachy-0.3.0-pyhd8ed1ab_2
2025-01-21T13:49:55.9987800Z Linking backports.tarfile-1.2.0-pyhd8ed1ab_1
2025-01-21T13:49:56.0088540Z Linking gitdb-4.0.12-pyhd8ed1ab_0
2025-01-21T13:49:56.0290050Z Linking html5lib-1.1-pyhd8ed1ab_2
2025-01-21T13:49:56.0530770Z Linking importlib_resources-6.5.2-pyhd8ed1ab_0
2025-01-21T13:49:56.0732500Z Linking importlib-metadata-8.6.1-pyha770c72_0
2025-01-21T13:49:56.0809250Z Linking jaraco.functools-4.1.0-pyhd8ed1ab_0
2025-01-21T13:49:56.0810110Z Linking jaraco.classes-3.4.0-pyhd8ed1ab_2
2025-01-21T13:49:56.0910130Z Linking virtualenv-20.29.1-pyhd8ed1ab_0
2025-01-21T13:49:56.1233980Z Linking clikit-0.6.2-pyhd8ed1ab_3
2025-01-21T13:49:56.2145040Z Linking typing-extensions-4.12.2-hd8ed1ab_1
2025-01-21T13:49:56.2246220Z Linking click-default-group-1.2.4-pyhd8ed1ab_1
2025-01-21T13:49:56.2346590Z Linking jaraco.context-6.0.1-pyhd8ed1ab_0
2025-01-21T13:49:56.2448440Z Linking gitpython-3.1.44-pyhff2d567_0
2025-01-21T13:49:56.2552150Z Linking annotated-types-0.7.0-pyhd8ed1ab_1
2025-01-21T13:49:56.2653210Z Linking keyring-25.6.0-pyh534df25_0
2025-01-21T13:49:56.2862730Z Linking pyyaml-6.0.2-py313ha9b7d5b_2
2025-01-21T13:49:56.3484270Z Linking markupsafe-3.0.2-py313ha9b7d5b_1
2025-01-21T13:49:56.3584170Z Linking msgpack-python-1.1.0-py313hf9c7212_0
2025-01-21T13:49:56.3685420Z Linking ruamel.yaml.clib-0.2.8-py313h63a2874_1
2025-01-21T13:49:56.3790180Z Linking brotli-python-1.1.0-py313h3579c5c_2
2025-01-21T13:49:56.3915760Z Linking pydantic-core-2.27.2-py313hdde674f_0
2025-01-21T13:49:56.4030450Z Linking ruamel.yaml-0.18.10-py313h90d716c_0
2025-01-21T13:49:56.4231670Z Linking jinja2-3.1.5-pyhd8ed1ab_0
2025-01-21T13:49:56.4436150Z Linking urllib3-1.26.19-pyhd8ed1ab_0
2025-01-21T13:49:56.4643770Z Linking pydantic-2.10.5-pyh3cfb1c2_0
2025-01-21T13:49:56.5136700Z Linking requests-2.32.3-pyhd8ed1ab_1
2025-01-21T13:49:56.5311430Z Linking ensureconda-1.4.4-pyhd8ed1ab_1
2025-01-21T13:49:56.5572030Z Linking cachecontrol-0.14.2-pyha770c72_0
2025-01-21T13:49:56.5714410Z Linking cachecontrol-with-filecache-0.14.2-pyhd8ed1ab_0
2025-01-21T13:49:56.5817490Z Linking conda-lock-2.5.7-pyhd8ed1ab_1
2025-01-21T13:49:58.1067230Z 
2025-01-21T13:49:58.1073290Z Transaction finished
2025-01-21T13:49:58.1074010Z 
2025-01-21T13:49:58.1074490Z To activate this environment, use:
2025-01-21T13:49:58.1075310Z 
2025-01-21T13:49:58.1075990Z     micromamba activate tardis-base
2025-01-21T13:49:58.1078730Z 
2025-01-21T13:49:58.1080590Z Or to execute a single command in this environment, use:
2025-01-21T13:49:58.1081280Z 
2025-01-21T13:49:58.1091570Z     micromamba run -n tardis-base mycommand
2025-01-21T13:49:58.1099180Z 
2025-01-21T13:49:58.1284430Z ##[endgroup]
2025-01-21T13:49:58.1285180Z Adding environment tardis-base to auto-activate bash ...
2025-01-21T13:49:58.1303820Z Generating micromamba run shell.
2025-01-21T13:49:58.1319620Z ##[endgroup]
2025-01-21T13:49:58.1322780Z Set environment variables.
2025-01-21T13:49:58.1335300Z ##[group]micromamba info
2025-01-21T13:49:58.1344050Z [command]/Users/runner/work/tardis/micromamba info -r /Users/runner/micromamba -n tardis-base
2025-01-21T13:49:58.1715240Z 
2025-01-21T13:49:58.1717410Z        libmamba version : 2.0.5
2025-01-21T13:49:58.1720030Z      micromamba version : 2.0.5
2025-01-21T13:49:58.1720610Z            curl version : libcurl/8.11.1 (OpenSSL/3.4.0) SecureTransport zlib/1.3.1 zstd/1.5.6 libssh2/1.11.1 nghttp2/1.64.0
2025-01-21T13:49:58.1721150Z      libarchive version : libarchive 3.7.7 zlib/1.3.1 bz2lib/1.0.8 libzstd/1.5.6
2025-01-21T13:49:58.1721550Z        envs directories : /Users/runner/micromamba/envs
2025-01-21T13:49:58.1721960Z           package cache : /Users/runner/micromamba/pkgs
2025-01-21T13:49:58.1722270Z                           /Users/runner/.mamba/pkgs
2025-01-21T13:49:58.1722480Z             environment : tardis-base
2025-01-21T13:49:58.1722710Z            env location : /Users/runner/micromamba/envs/tardis-base
2025-01-21T13:49:58.1723750Z       user config files : /Users/runner/.mambarc
2025-01-21T13:49:58.1724150Z  populated config files : /Users/runner/work/_temp/setup-micromamba/.condarc
2025-01-21T13:49:58.1724800Z        virtual packages : __unix=0=0
2025-01-21T13:49:58.1725050Z                           __osx=14.7.2=0
2025-01-21T13:49:58.1725230Z                           __archspec=1=arm64
2025-01-21T13:49:58.1725910Z                channels : https://conda.anaconda.org/conda-forge/noarch
2025-01-21T13:49:58.1726280Z                           https://conda.anaconda.org/conda-forge/osx-arm64
2025-01-21T13:49:58.1726600Z        base environment : /Users/runner/micromamba
2025-01-21T13:49:58.1726940Z                platform : osx-arm64
2025-01-21T13:49:58.1740740Z ##[endgroup]
2025-01-21T13:49:58.1742040Z ##[group]micromamba list
2025-01-21T13:49:58.1743750Z [command]/Users/runner/work/tardis/micromamba list -r /Users/runner/micromamba -n tardis-base
2025-01-21T13:49:58.8305830Z List of packages in environment: "/Users/runner/micromamba/envs/tardis-base"
2025-01-21T13:49:58.8311040Z 
2025-01-21T13:49:58.8311610Z   Name                         Version     Build               Channel    
2025-01-21T13:49:58.8313760Z â”€â”€â”€â”€â”€â”€â”€â”€â”€â”€â”€â”€â”€â”€â”€â”€â”€â”€â”€â”€â”€â”€â”€â”€â”€â”€â”€â”€â”€â”€â”€â”€â”€â”€â”€â”€â”€â”€â”€â”€â”€â”€â”€â”€â”€â”€â”€â”€â”€â”€â”€â”€â”€â”€â”€â”€â”€â”€â”€â”€â”€â”€â”€â”€â”€â”€â”€â”€â”€â”€â”€â”€â”€â”€â”€â”€
2025-01-21T13:49:58.8315440Z   annotated-types              0.7.0       pyhd8ed1ab_1        conda-forge
2025-01-21T13:49:58.8321690Z   appdirs                      1.4.4       pyhd8ed1ab_1        conda-forge
2025-01-21T13:49:58.8322700Z   backports                    1.0         pyhd8ed1ab_5        conda-forge
2025-01-21T13:49:58.8323640Z   backports.tarfile            1.2.0       pyhd8ed1ab_1        conda-forge
2025-01-21T13:49:58.8324600Z   brotli-python                1.1.0       py313h3579c5c_2     conda-forge
2025-01-21T13:49:58.8325680Z   bzip2                        1.0.8       h99b78c6_7          conda-forge
2025-01-21T13:49:58.8326650Z   ca-certificates              2024.12.14  hf0a4a13_0          conda-forge
2025-01-21T13:49:58.8327640Z   cachecontrol                 0.14.2      pyha770c72_0        conda-forge
2025-01-21T13:49:58.8328680Z   cachecontrol-with-filecache  0.14.2      pyhd8ed1ab_0        conda-forge
2025-01-21T13:49:58.8329740Z   cachy                        0.3.0       pyhd8ed1ab_2        conda-forge
2025-01-21T13:49:58.8330600Z   certifi                      2024.12.14  pyhd8ed1ab_0        conda-forge
2025-01-21T13:49:58.8331670Z   charset-normalizer           3.4.1       pyhd8ed1ab_0        conda-forge
2025-01-21T13:49:58.8333800Z   click                        8.1.8       pyh707e725_0        conda-forge
2025-01-21T13:49:58.8334990Z   click-default-group          1.2.4       pyhd8ed1ab_1        conda-forge
2025-01-21T13:49:58.8336150Z   clikit                       0.6.2       pyhd8ed1ab_3        conda-forge
2025-01-21T13:49:58.8337160Z   conda-lock                   2.5.7       pyhd8ed1ab_1        conda-forge
2025-01-21T13:49:58.8338490Z   crashtest                    0.4.1       pyhd8ed1ab_1        conda-forge
2025-01-21T13:49:58.8339620Z   distlib                      0.3.9       pyhd8ed1ab_1        conda-forge
2025-01-21T13:49:58.8340760Z   ensureconda                  1.4.4       pyhd8ed1ab_1        conda-forge
2025-01-21T13:49:58.8342070Z   filelock                     3.16.1      pyhd8ed1ab_1        conda-forge
2025-01-21T13:49:58.8343110Z   gitdb                        4.0.12      pyhd8ed1ab_0        conda-forge
2025-01-21T13:49:58.8344110Z   gitpython                    3.1.44      pyhff2d567_0        conda-forge
2025-01-21T13:49:58.8345010Z   html5lib                     1.1         pyhd8ed1ab_2        conda-forge
2025-01-21T13:49:58.8345990Z   idna                         3.10        pyhd8ed1ab_1        conda-forge
2025-01-21T13:49:58.8346900Z   importlib-metadata           8.6.1       pyha770c72_0        conda-forge
2025-01-21T13:49:58.8351470Z   importlib_resources          6.5.2       pyhd8ed1ab_0        conda-forge
2025-01-21T13:49:58.8353400Z   jaraco.classes               3.4.0       pyhd8ed1ab_2        conda-forge
2025-01-21T13:49:58.8356060Z   jaraco.context               6.0.1       pyhd8ed1ab_0        conda-forge
2025-01-21T13:49:58.8357390Z   jaraco.functools             4.1.0       pyhd8ed1ab_0        conda-forge
2025-01-21T13:49:58.8371890Z   jinja2                       3.1.5       pyhd8ed1ab_0        conda-forge
2025-01-21T13:49:58.8372510Z   keyring                      25.6.0      pyh534df25_0        conda-forge
2025-01-21T13:49:58.8373090Z   libcxx                       19.1.7      ha82da77_0          conda-forge
2025-01-21T13:49:58.8373600Z   libexpat                     2.6.4       h286801f_0          conda-forge
2025-01-21T13:49:58.8374160Z   libffi                       3.4.2       h3422bc3_5          conda-forge
2025-01-21T13:49:58.8374650Z   liblzma                      5.6.3       h39f12f2_1          conda-forge
2025-01-21T13:49:58.8375110Z   libmpdec                     4.0.0       h99b78c6_0          conda-forge
2025-01-21T13:49:58.8375540Z   libsqlite                    3.48.0      h3f77e49_0          conda-forge
2025-01-21T13:49:58.8376010Z   libzlib                      1.3.1       h8359307_2          conda-forge
2025-01-21T13:49:58.8376470Z   markupsafe                   3.0.2       py313ha9b7d5b_1     conda-forge
2025-01-21T13:49:58.8376970Z   more-itertools               10.6.0      pyhd8ed1ab_0        conda-forge
2025-01-21T13:49:58.8377470Z   msgpack-python               1.1.0       py313hf9c7212_0     conda-forge
2025-01-21T13:49:58.8377980Z   ncurses                      6.5         h5e97a16_2          conda-forge
2025-01-21T13:49:58.8378550Z   openssl                      3.4.0       h81ee809_1          conda-forge
2025-01-21T13:49:58.8379090Z   packaging                    24.2        pyhd8ed1ab_2        conda-forge
2025-01-21T13:49:58.8379590Z   pastel                       0.2.1       pyhd8ed1ab_0        conda-forge
2025-01-21T13:49:58.8380080Z   pip                          24.3.1      pyh145f28c_2        conda-forge
2025-01-21T13:49:58.8380610Z   pkginfo                      1.12.0      pyhd8ed1ab_1        conda-forge
2025-01-21T13:49:58.8381130Z   platformdirs                 4.3.6       pyhd8ed1ab_1        conda-forge
2025-01-21T13:49:58.8381650Z   pydantic                     2.10.5      pyh3cfb1c2_0        conda-forge
2025-01-21T13:49:58.8382460Z   pydantic-core                2.27.2      py313hdde674f_0     conda-forge
2025-01-21T13:49:58.8382970Z   pylev                        1.4.0       pyhd8ed1ab_0        conda-forge
2025-01-21T13:49:58.8383510Z   pysocks                      1.7.1       pyha55dd90_7        conda-forge
2025-01-21T13:49:58.8384000Z   python                       3.13.1      h4f43103_105_cp313  conda-forge
2025-01-21T13:49:58.8384470Z   python_abi                   3.13        5_cp313             conda-forge
2025-01-21T13:49:58.8385010Z   pyyaml                       6.0.2       py313ha9b7d5b_2     conda-forge
2025-01-21T13:49:58.8385500Z   readline                     8.2         h92ec313_1          conda-forge
2025-01-21T13:49:58.8386010Z   requests                     2.32.3      pyhd8ed1ab_1        conda-forge
2025-01-21T13:49:58.8386480Z   ruamel.yaml                  0.18.10     py313h90d716c_0     conda-forge
2025-01-21T13:49:58.8387010Z   ruamel.yaml.clib             0.2.8       py313h63a2874_1     conda-forge
2025-01-21T13:49:58.8387540Z   setuptools                   75.8.0      pyhff2d567_0        conda-forge
2025-01-21T13:49:58.8388080Z   six                          1.17.0      pyhd8ed1ab_0        conda-forge
2025-01-21T13:49:58.8388590Z   smmap                        5.0.0       pyhd8ed1ab_0        conda-forge
2025-01-21T13:49:58.8389190Z   tk                           8.6.13      h5083fa2_1          conda-forge
2025-01-21T13:49:58.8389680Z   tomli                        2.2.1       pyhd8ed1ab_1        conda-forge
2025-01-21T13:49:58.8390190Z   tomlkit                      0.13.2      pyha770c72_1        conda-forge
2025-01-21T13:49:58.8390650Z   toolz                        0.12.1      pyhd8ed1ab_0        conda-forge
2025-01-21T13:49:58.8391540Z   typing-extensions            4.12.2      hd8ed1ab_1          conda-forge
2025-01-21T13:49:58.8392140Z   typing_extensions            4.12.2      pyha770c72_1        conda-forge
2025-01-21T13:49:58.8392980Z   tzdata                       2025a       h78e105d_0          conda-forge
2025-01-21T13:49:58.8393490Z   urllib3                      1.26.19     pyhd8ed1ab_0        conda-forge
2025-01-21T13:49:58.8394010Z   virtualenv                   20.29.1     pyhd8ed1ab_0        conda-forge
2025-01-21T13:49:58.8394590Z   webencodings                 0.5.1       pyhd8ed1ab_3        conda-forge
2025-01-21T13:49:58.8395100Z   yaml                         0.2.5       h3422bc3_2          conda-forge
2025-01-21T13:49:58.8395590Z   zipp                         3.21.0      pyhd8ed1ab_1        conda-forge
2025-01-21T13:49:58.8396380Z ##[endgroup]
2025-01-21T13:49:58.8470650Z ##[group]Run mkdir -p ../micromamba/envs/tardis
2025-01-21T13:49:58.8472280Z [36;1mmkdir -p ../micromamba/envs/tardis[0m
2025-01-21T13:49:58.8473230Z [36;1mconda-lock install --prefix ../micromamba/envs/tardis conda-osx-arm64.lock[0m
2025-01-21T13:49:58.8474130Z [36;1mmicromamba activate tardis[0m
2025-01-21T13:49:58.8586460Z shell: /bin/bash -el {0}
2025-01-21T13:49:58.8586810Z env:
2025-01-21T13:49:58.8586980Z   CACHE_NUMBER: 0
2025-01-21T13:49:58.8587510Z   PYTEST_FLAGS: --tardis-regression-data=/Users/runner/work/tardis/tardis/tardis-regression-data --cov=tardis --cov-report=xml --cov-report=html --cov-append
2025-01-21T13:49:58.8588070Z   CODECOV_TOKEN: 
2025-01-21T13:49:58.8588310Z   MAMBA_ROOT_PREFIX: /Users/runner/micromamba
2025-01-21T13:49:58.8588600Z   MAMBA_EXE: /Users/runner/work/tardis/micromamba
2025-01-21T13:49:58.8588920Z   CONDARC: /Users/runner/work/_temp/setup-micromamba/.condarc
2025-01-21T13:49:58.8589230Z ##[endgroup]
2025-01-21T13:49:59.1600190Z mkdir: ../micromamba: Not a directory
2025-01-21T13:49:59.1638000Z ##[error]Process completed with exit code 1.
2025-01-21T13:49:59.1882100Z Post job cleanup.
2025-01-21T13:49:59.1991370Z Post job cleanup.
2025-01-21T13:49:59.4018020Z Will download micromamba to /Users/runner/work/tardis/micromamba
2025-01-21T13:49:59.4020390Z Removing micromamba run shell ...
2025-01-21T13:49:59.4022580Z ##[group]Deinitialize micromamba for bash
2025-01-21T13:49:59.4025620Z [command]/Users/runner/work/tardis/micromamba shell deinit -s bash -r /Users/runner/micromamba --log-level warning --rc-file /Users/runner/work/_temp/setup-micromamba/.condarc
2025-01-21T13:49:59.4027810Z Resetting RC file "/Users/runner/.bash_profile"
2025-01-21T13:49:59.4063610Z Deleting config for root prefix 
2025-01-21T13:49:59.4064590Z Clearing mamba executable environment variable
2025-01-21T13:49:59.4065860Z Removing the following in your "/Users/runner/.bash_profile" file
2025-01-21T13:49:59.4066750Z # >>> mamba initialize >>>
2025-01-21T13:49:59.4067560Z ...
2025-01-21T13:49:59.4068060Z # <<< mamba initialize <<<
2025-01-21T13:49:59.4079660Z Removing environment tardis-base from auto-activate bash ...
2025-01-21T13:49:59.4218500Z Post job cleanup.
2025-01-21T13:49:59.5714580Z [command]/opt/homebrew/bin/git version
2025-01-21T13:49:59.6120460Z git version 2.48.0
2025-01-21T13:49:59.6229420Z Copying '/Users/runner/.gitconfig' to '/Users/runner/work/_temp/efba2da3-7150-4a55-a662-3ea522523336/.gitconfig'
2025-01-21T13:49:59.6230170Z Temporarily overriding HOME='/Users/runner/work/_temp/efba2da3-7150-4a55-a662-3ea522523336' before making global git config changes
2025-01-21T13:49:59.6230960Z Adding repository directory to the temporary git global config as a safe directory
2025-01-21T13:49:59.6231480Z [command]/opt/homebrew/bin/git config --global --add safe.directory /Users/runner/work/tardis/tardis
2025-01-21T13:49:59.6401180Z [command]/opt/homebrew/bin/git config --local --name-only --get-regexp core\.sshCommand
2025-01-21T13:49:59.6602570Z [command]/opt/homebrew/bin/git submodule foreach --recursive sh -c "git config --local --name-only --get-regexp 'core\.sshCommand' && git config --local --unset-all 'core.sshCommand' || :"
2025-01-21T13:49:59.8082820Z [command]/opt/homebrew/bin/git config --local --name-only --get-regexp http\.https\:\/\/github\.com\/\.extraheader
2025-01-21T13:49:59.8184390Z http.https://github.com/.extraheader
2025-01-21T13:49:59.8221060Z [command]/opt/homebrew/bin/git config --local --unset-all http.https://github.com/.extraheader
2025-01-21T13:49:59.8228770Z [command]/opt/homebrew/bin/git submodule foreach --recursive sh -c "git config --local --name-only --get-regexp 'http\.https\:\/\/github\.com\/\.extraheader' && git config --local --unset-all 'http.https://github.com/.extraheader' || :"
2025-01-21T13:50:00.0507330Z Cleaning up orphan processes
