2025-01-27T10:27:03.1896490Z Prepare all required actions
2025-01-27T10:27:03.1897610Z Getting action download info
2025-01-27T10:27:03.3599790Z Download action repository 'actions/cache@v4' (SHA:1bd1e32a3bdc45362d1e726936510720a7c30a57)
2025-01-27T10:27:03.5277960Z ##[group]Run ./.github/actions/setup_lfs
2025-01-27T10:27:03.5278800Z with:
2025-01-27T10:27:03.5279570Z   regression-data-repo: tardis-sn/tardis-regression-data
2025-01-27T10:27:03.5280270Z   atom-data-sparse: false
2025-01-27T10:27:03.5280870Z env:
2025-01-27T10:27:03.5281610Z   CACHE_NUMBER: 0
2025-01-27T10:27:03.5282760Z   PYTEST_FLAGS: --tardis-regression-data=/Users/runner/work/tardis/tardis/tardis-regression-data --cov=tardis --cov-report=xml --cov-report=html --cov-append
2025-01-27T10:27:03.5283830Z   CODECOV_TOKEN: 
2025-01-27T10:27:03.5284450Z ##[endgroup]
2025-01-27T10:27:03.5595640Z ##[group]Run actions/checkout@v4
2025-01-27T10:27:03.5596310Z with:
2025-01-27T10:27:03.5596860Z   repository: tardis-sn/tardis-regression-data
2025-01-27T10:27:03.5597500Z   path: tardis-regression-data
2025-01-27T10:27:03.5598130Z   lfs: false
2025-01-27T10:27:03.5598940Z   token: ***
2025-01-27T10:27:03.5600090Z   ssh-strict: true
2025-01-27T10:27:03.5602300Z   ssh-user: git
2025-01-27T10:27:03.5603540Z   persist-credentials: true
2025-01-27T10:27:03.5604830Z   clean: true
2025-01-27T10:27:03.5605990Z   sparse-checkout-cone-mode: true
2025-01-27T10:27:03.5607390Z   fetch-depth: 1
2025-01-27T10:27:03.5608530Z   fetch-tags: false
2025-01-27T10:27:03.5609740Z   show-progress: true
2025-01-27T10:27:03.5632410Z   submodules: false
2025-01-27T10:27:03.5633730Z   set-safe-directory: true
2025-01-27T10:27:03.5634960Z env:
2025-01-27T10:27:03.5636160Z   CACHE_NUMBER: 0
2025-01-27T10:27:03.5638480Z   PYTEST_FLAGS: --tardis-regression-data=/Users/runner/work/tardis/tardis/tardis-regression-data --cov=tardis --cov-report=xml --cov-report=html --cov-append
2025-01-27T10:27:03.5640880Z   CODECOV_TOKEN: 
2025-01-27T10:27:03.5642300Z ##[endgroup]
2025-01-27T10:27:03.7228240Z Syncing repository: tardis-sn/tardis-regression-data
2025-01-27T10:27:03.7229990Z ##[group]Getting Git version info
2025-01-27T10:27:03.7231840Z Working directory is '/Users/runner/work/tardis/tardis/tardis-regression-data'
2025-01-27T10:27:03.7243830Z [command]/opt/homebrew/bin/git version
2025-01-27T10:27:03.7341820Z git version 2.48.1
2025-01-27T10:27:03.7376410Z ##[endgroup]
2025-01-27T10:27:03.7384720Z Copying '/Users/runner/.gitconfig' to '/Users/runner/work/_temp/2c4d3173-10fe-419b-a419-ec0316892a54/.gitconfig'
2025-01-27T10:27:03.7386660Z Temporarily overriding HOME='/Users/runner/work/_temp/2c4d3173-10fe-419b-a419-ec0316892a54' before making global git config changes
2025-01-27T10:27:03.7387740Z Adding repository directory to the temporary git global config as a safe directory
2025-01-27T10:27:03.7388840Z [command]/opt/homebrew/bin/git config --global --add safe.directory /Users/runner/work/tardis/tardis/tardis-regression-data
2025-01-27T10:27:03.7445720Z ##[group]Initializing the repository
2025-01-27T10:27:03.7449110Z [command]/opt/homebrew/bin/git init /Users/runner/work/tardis/tardis/tardis-regression-data
2025-01-27T10:27:03.7550220Z hint: Using 'master' as the name for the initial branch. This default branch name
2025-01-27T10:27:03.7551840Z hint: is subject to change. To configure the initial branch name to use in all
2025-01-27T10:27:03.7552770Z hint: of your new repositories, which will suppress this warning, call:
2025-01-27T10:27:03.7553460Z hint:
2025-01-27T10:27:03.7554030Z hint: 	git config --global init.defaultBranch <name>
2025-01-27T10:27:03.7554650Z hint:
2025-01-27T10:27:03.7555280Z hint: Names commonly chosen instead of 'master' are 'main', 'trunk' and
2025-01-27T10:27:03.7556110Z hint: 'development'. The just-created branch can be renamed via this command:
2025-01-27T10:27:03.7556780Z hint:
2025-01-27T10:27:03.7557300Z hint: 	git branch -m <name>
2025-01-27T10:27:03.7558110Z Initialized empty Git repository in /Users/runner/work/tardis/tardis/tardis-regression-data/.git/
2025-01-27T10:27:03.7573250Z [command]/opt/homebrew/bin/git remote add origin https://github.com/tardis-sn/tardis-regression-data
2025-01-27T10:27:03.7641010Z ##[endgroup]
2025-01-27T10:27:03.7642650Z ##[group]Disabling automatic garbage collection
2025-01-27T10:27:03.7643890Z [command]/opt/homebrew/bin/git config --local gc.auto 0
2025-01-27T10:27:03.7716200Z ##[endgroup]
2025-01-27T10:27:03.7717250Z ##[group]Setting up auth
2025-01-27T10:27:03.7721780Z [command]/opt/homebrew/bin/git config --local --name-only --get-regexp core\.sshCommand
2025-01-27T10:27:03.7798900Z [command]/opt/homebrew/bin/git submodule foreach --recursive sh -c "git config --local --name-only --get-regexp 'core\.sshCommand' && git config --local --unset-all 'core.sshCommand' || :"
2025-01-27T10:27:03.8653920Z [command]/opt/homebrew/bin/git config --local --name-only --get-regexp http\.https\:\/\/github\.com\/\.extraheader
2025-01-27T10:27:03.8704830Z [command]/opt/homebrew/bin/git submodule foreach --recursive sh -c "git config --local --name-only --get-regexp 'http\.https\:\/\/github\.com\/\.extraheader' && git config --local --unset-all 'http.https://github.com/.extraheader' || :"
2025-01-27T10:27:04.0645650Z [command]/opt/homebrew/bin/git config --local http.https://github.com/.extraheader AUTHORIZATION: basic ***
2025-01-27T10:27:04.0864760Z ##[endgroup]
2025-01-27T10:27:04.0969180Z ##[group]Determining the default branch
2025-01-27T10:27:04.1011640Z Retrieving the default branch name
2025-01-27T10:27:04.5000120Z Default branch 'main'
2025-01-27T10:27:04.5115690Z ##[endgroup]
2025-01-27T10:27:04.5315730Z ##[group]Fetching the repository
2025-01-27T10:27:04.5417800Z [command]/opt/homebrew/bin/git -c protocol.version=2 fetch --no-tags --prune --no-recurse-submodules --depth=1 origin +refs/heads/main:refs/remotes/origin/main
2025-01-27T10:27:06.3661760Z From https://github.com/tardis-sn/tardis-regression-data
2025-01-27T10:27:06.3764180Z  * [new branch]      main       -> origin/main
2025-01-27T10:27:06.3916910Z ##[endgroup]
2025-01-27T10:27:06.3917490Z ##[group]Determining the checkout info
2025-01-27T10:27:06.3917870Z ##[endgroup]
2025-01-27T10:27:06.3918110Z [command]/opt/homebrew/bin/git sparse-checkout disable
2025-01-27T10:27:06.3919030Z [command]/opt/homebrew/bin/git config --local --unset-all extensions.worktreeConfig
2025-01-27T10:27:06.3920090Z ##[group]Checking out the ref
2025-01-27T10:27:06.3920670Z [command]/opt/homebrew/bin/git checkout --progress --force -B main refs/remotes/origin/main
2025-01-27T10:27:06.6825100Z Switched to a new branch 'main'
2025-01-27T10:27:06.6826780Z branch 'main' set up to track 'origin/main'.
2025-01-27T10:27:06.7650040Z ##[endgroup]
2025-01-27T10:27:06.7715820Z [command]/opt/homebrew/bin/git log -1 --format=%H
2025-01-27T10:27:06.7770530Z fa7729bc9c30e14b69acd641af8b692b56fcd416
2025-01-27T10:27:06.7940330Z ##[group]Run if [ "false" == "true" ]; then
2025-01-27T10:27:06.7940880Z [36;1mif [ "false" == "true" ]; then[0m
2025-01-27T10:27:06.7941230Z [36;1m  echo "Using atom data sparse checkout"[0m
2025-01-27T10:27:06.7941590Z [36;1m  echo "atom_data/kurucz_cd23_chianti_H_He.h5" > .lfs-files-list[0m
2025-01-27T10:27:06.7941890Z [36;1melse[0m
2025-01-27T10:27:06.7942070Z [36;1m  echo "Using full repository checkout"[0m
2025-01-27T10:27:06.7942430Z [36;1m  git lfs ls-files -l | cut -d' ' -f1 | sort > .lfs-files-list[0m
2025-01-27T10:27:06.7942790Z [36;1mfi[0m
2025-01-27T10:27:06.8010030Z shell: /bin/bash --noprofile --norc -e -o pipefail {0}
2025-01-27T10:27:06.8010430Z env:
2025-01-27T10:27:06.8010570Z   CACHE_NUMBER: 0
2025-01-27T10:27:06.8011080Z   PYTEST_FLAGS: --tardis-regression-data=/Users/runner/work/tardis/tardis/tardis-regression-data --cov=tardis --cov-report=xml --cov-report=html --cov-append
2025-01-27T10:27:06.8011600Z   CODECOV_TOKEN: 
2025-01-27T10:27:06.8011750Z ##[endgroup]
2025-01-27T10:27:06.8254290Z Using full repository checkout
2025-01-27T10:27:07.0455610Z ##[group]Run actions/cache/restore@v4
2025-01-27T10:27:07.0456120Z with:
2025-01-27T10:27:07.0456320Z   path: tardis-regression-data/.git/lfs
2025-01-27T10:27:07.0457470Z   key: tardis-regression-full-data-21f9fa4b6817cc69b9fae3598144724da7828e276a73bd17f47a2a49d9af090a-tardis-sn/tardis-regression-data-v1
2025-01-27T10:27:07.0460530Z   fail-on-cache-miss: true
2025-01-27T10:27:07.0460750Z   enableCrossOsArchive: false
2025-01-27T10:27:07.0460940Z   lookup-only: false
2025-01-27T10:27:07.0461100Z env:
2025-01-27T10:27:07.0461450Z   CACHE_NUMBER: 0
2025-01-27T10:27:07.0461970Z   PYTEST_FLAGS: --tardis-regression-data=/Users/runner/work/tardis/tardis/tardis-regression-data --cov=tardis --cov-report=xml --cov-report=html --cov-append
2025-01-27T10:27:07.0462470Z   CODECOV_TOKEN: 
2025-01-27T10:27:07.0462620Z ##[endgroup]
2025-01-27T10:27:07.7045330Z Cache Size: ~0 MB (12698 B)
2025-01-27T10:27:07.7150520Z [command]/opt/homebrew/bin/gtar -xf /Users/runner/work/_temp/5745de71-a919-4440-846c-cc7be8820dd4/cache.tzst -P -C /Users/runner/work/tardis/tardis --delay-directory-restore --use-compress-program unzstd
2025-01-27T10:27:07.7578080Z Cache restored successfully
2025-01-27T10:27:07.7911280Z Cache restored from key: tardis-regression-full-data-21f9fa4b6817cc69b9fae3598144724da7828e276a73bd17f47a2a49d9af090a-tardis-sn/tardis-regression-data-v1
