2025-02-11T06:02:34.1295809Z Requested labels: ubuntu-latest
2025-02-11T06:02:34.1296314Z Job defined at: tardis-sn/tardis/.github/workflows/tests.yml@refs/pull/2964/merge
2025-02-11T06:02:34.1296439Z Waiting for a runner to pick up this job...
2025-02-11T06:02:34.8655391Z Job is waiting for a hosted runner to come online.
2025-02-11T06:02:39.2411878Z Job is about to start running on the hosted runner: GitHub Actions 47 (hosted)
2025-02-11T06:02:41.1884031Z Current runner version: '2.322.0'
2025-02-11T06:02:41.1909982Z ##[group]Operating System
2025-02-11T06:02:41.1910842Z Ubuntu
2025-02-11T06:02:41.1911392Z 24.04.1
2025-02-11T06:02:41.1911962Z LTS
2025-02-11T06:02:41.1912441Z ##[endgroup]
2025-02-11T06:02:41.1912999Z ##[group]Runner Image
2025-02-11T06:02:41.1913699Z Image: ubuntu-24.04
2025-02-11T06:02:41.1914255Z Version: 20250202.1.0
2025-02-11T06:02:41.1915313Z Included Software: https://github.com/actions/runner-images/blob/ubuntu24/20250202.1/images/ubuntu/Ubuntu2404-Readme.md
2025-02-11T06:02:41.1916796Z Image Release: https://github.com/actions/runner-images/releases/tag/ubuntu24%2F20250202.1
2025-02-11T06:02:41.1917698Z ##[endgroup]
2025-02-11T06:02:41.1918252Z ##[group]Runner Image Provisioner
2025-02-11T06:02:41.1919213Z 2.0.422.1
2025-02-11T06:02:41.1919756Z ##[endgroup]
2025-02-11T06:02:41.1921958Z ##[group]GITHUB_TOKEN Permissions
2025-02-11T06:02:41.1923956Z Actions: read
2025-02-11T06:02:41.1924844Z Attestations: read
2025-02-11T06:02:41.1925506Z Checks: read
2025-02-11T06:02:41.1926086Z Contents: read
2025-02-11T06:02:41.1926670Z Deployments: read
2025-02-11T06:02:41.1927230Z Discussions: read
2025-02-11T06:02:41.1927826Z Issues: read
2025-02-11T06:02:41.1928572Z Metadata: read
2025-02-11T06:02:41.1929162Z Packages: read
2025-02-11T06:02:41.1929771Z Pages: read
2025-02-11T06:02:41.1930324Z PullRequests: read
2025-02-11T06:02:41.1930877Z RepositoryProjects: read
2025-02-11T06:02:41.1931568Z SecurityEvents: read
2025-02-11T06:02:41.1932099Z Statuses: read
2025-02-11T06:02:41.1932616Z ##[endgroup]
2025-02-11T06:02:41.1935661Z Secret source: None
2025-02-11T06:02:41.1936414Z Prepare workflow directory
2025-02-11T06:02:41.2587324Z Prepare all required actions
2025-02-11T06:02:41.2623663Z Getting action download info
2025-02-11T06:02:41.4747975Z ##[group]Download immutable action package 'actions/checkout@v4'
2025-02-11T06:02:41.4749696Z Version: 4.2.2
2025-02-11T06:02:41.4750746Z Digest: sha256:ccb2698953eaebd21c7bf6268a94f9c26518a7e38e27e0b83c1fe1ad049819b1
2025-02-11T06:02:41.4751898Z Source commit SHA: 11bd71901bbe5b1630ceea73d27597364c9af683
2025-02-11T06:02:41.4752597Z ##[endgroup]
2025-02-11T06:02:41.5602394Z ##[group]Download immutable action package 'actions/upload-artifact@v4'
2025-02-11T06:02:41.5603182Z Version: 4.6.0
2025-02-11T06:02:41.5603867Z Digest: sha256:bf85474c8423f9cd48bd2caf3ce5adb1711e2dfdb055b040bd36b044e4290329
2025-02-11T06:02:41.5604801Z Source commit SHA: 65c4c4a1ddee5b72f698fdd19549f0f0fb45cf08
2025-02-11T06:02:41.5605462Z ##[endgroup]
2025-02-11T06:02:41.7347180Z Complete job name:  continuum ubuntu-latest 
2025-02-11T06:02:41.8040826Z ##[group]Run actions/checkout@v4
2025-02-11T06:02:41.8041736Z with:
2025-02-11T06:02:41.8042203Z   repository: tardis-sn/tardis
2025-02-11T06:02:41.8042924Z   token: ***
2025-02-11T06:02:41.8043362Z   ssh-strict: true
2025-02-11T06:02:41.8043809Z   ssh-user: git
2025-02-11T06:02:41.8044284Z   persist-credentials: true
2025-02-11T06:02:41.8044798Z   clean: true
2025-02-11T06:02:41.8045247Z   sparse-checkout-cone-mode: true
2025-02-11T06:02:41.8045810Z   fetch-depth: 1
2025-02-11T06:02:41.8046243Z   fetch-tags: false
2025-02-11T06:02:41.8046686Z   show-progress: true
2025-02-11T06:02:41.8047135Z   lfs: false
2025-02-11T06:02:41.8047545Z   submodules: false
2025-02-11T06:02:41.8048002Z   set-safe-directory: true
2025-02-11T06:02:41.8048894Z env:
2025-02-11T06:02:41.8049322Z   CACHE_NUMBER: 0
2025-02-11T06:02:41.8050533Z   PYTEST_FLAGS: --tardis-regression-data=/home/runner/work/tardis/tardis/tardis-regression-data --cov=tardis --cov-report=xml --cov-report=html --cov-append
2025-02-11T06:02:41.8051811Z   CODECOV_TOKEN: 
2025-02-11T06:02:41.8052250Z ##[endgroup]
2025-02-11T06:02:41.9849227Z Syncing repository: tardis-sn/tardis
2025-02-11T06:02:41.9851181Z ##[group]Getting Git version info
2025-02-11T06:02:41.9851890Z Working directory is '/home/runner/work/tardis/tardis'
2025-02-11T06:02:41.9852880Z [command]/usr/bin/git version
2025-02-11T06:02:41.9912333Z git version 2.48.1
2025-02-11T06:02:41.9939727Z ##[endgroup]
2025-02-11T06:02:41.9953906Z Temporarily overriding HOME='/home/runner/work/_temp/7b3ea315-8bc7-4bf6-adfa-2ec2569bc81c' before making global git config changes
2025-02-11T06:02:41.9955332Z Adding repository directory to the temporary git global config as a safe directory
2025-02-11T06:02:41.9959151Z [command]/usr/bin/git config --global --add safe.directory /home/runner/work/tardis/tardis
2025-02-11T06:02:41.9993683Z Deleting the contents of '/home/runner/work/tardis/tardis'
2025-02-11T06:02:41.9997461Z ##[group]Initializing the repository
2025-02-11T06:02:42.0001530Z [command]/usr/bin/git init /home/runner/work/tardis/tardis
2025-02-11T06:02:42.0060845Z hint: Using 'master' as the name for the initial branch. This default branch name
2025-02-11T06:02:42.0062020Z hint: is subject to change. To configure the initial branch name to use in all
2025-02-11T06:02:42.0062992Z hint: of your new repositories, which will suppress this warning, call:
2025-02-11T06:02:42.0063711Z hint:
2025-02-11T06:02:42.0064266Z hint: 	git config --global init.defaultBranch <name>
2025-02-11T06:02:42.0065054Z hint:
2025-02-11T06:02:42.0065990Z hint: Names commonly chosen instead of 'master' are 'main', 'trunk' and
2025-02-11T06:02:42.0066989Z hint: 'development'. The just-created branch can be renamed via this command:
2025-02-11T06:02:42.0067754Z hint:
2025-02-11T06:02:42.0068175Z hint: 	git branch -m <name>
2025-02-11T06:02:42.0069065Z Initialized empty Git repository in /home/runner/work/tardis/tardis/.git/
2025-02-11T06:02:42.0076827Z [command]/usr/bin/git remote add origin https://github.com/tardis-sn/tardis
2025-02-11T06:02:42.0107691Z ##[endgroup]
2025-02-11T06:02:42.0108625Z ##[group]Disabling automatic garbage collection
2025-02-11T06:02:42.0112034Z [command]/usr/bin/git config --local gc.auto 0
2025-02-11T06:02:42.0139644Z ##[endgroup]
2025-02-11T06:02:42.0140365Z ##[group]Setting up auth
2025-02-11T06:02:42.0146640Z [command]/usr/bin/git config --local --name-only --get-regexp core\.sshCommand
2025-02-11T06:02:42.0175574Z [command]/usr/bin/git submodule foreach --recursive sh -c "git config --local --name-only --get-regexp 'core\.sshCommand' && git config --local --unset-all 'core.sshCommand' || :"
2025-02-11T06:02:42.0449610Z [command]/usr/bin/git config --local --name-only --get-regexp http\.https\:\/\/github\.com\/\.extraheader
2025-02-11T06:02:42.0479171Z [command]/usr/bin/git submodule foreach --recursive sh -c "git config --local --name-only --get-regexp 'http\.https\:\/\/github\.com\/\.extraheader' && git config --local --unset-all 'http.https://github.com/.extraheader' || :"
2025-02-11T06:02:42.0714458Z [command]/usr/bin/git config --local http.https://github.com/.extraheader AUTHORIZATION: basic ***
2025-02-11T06:02:42.0754396Z ##[endgroup]
2025-02-11T06:02:42.0755803Z ##[group]Fetching the repository
2025-02-11T06:02:42.0764578Z [command]/usr/bin/git -c protocol.version=2 fetch --no-tags --prune --no-recurse-submodules --depth=1 origin +a6e1bdc89e44809ed0f89b184bcc8c2b58043ae8:refs/remotes/pull/2964/merge
2025-02-11T06:02:43.7108943Z From https://github.com/tardis-sn/tardis
2025-02-11T06:02:43.7111946Z  * [new ref]         a6e1bdc89e44809ed0f89b184bcc8c2b58043ae8 -> pull/2964/merge
2025-02-11T06:02:43.7132065Z ##[endgroup]
2025-02-11T06:02:43.7132932Z ##[group]Determining the checkout info
2025-02-11T06:02:43.7134353Z ##[endgroup]
2025-02-11T06:02:43.7139995Z [command]/usr/bin/git sparse-checkout disable
2025-02-11T06:02:43.7177535Z [command]/usr/bin/git config --local --unset-all extensions.worktreeConfig
2025-02-11T06:02:43.7205405Z ##[group]Checking out the ref
2025-02-11T06:02:43.7208509Z [command]/usr/bin/git checkout --progress --force refs/remotes/pull/2964/merge
2025-02-11T06:02:43.9383930Z Note: switching to 'refs/remotes/pull/2964/merge'.
2025-02-11T06:02:43.9384805Z 
2025-02-11T06:02:43.9385454Z You are in 'detached HEAD' state. You can look around, make experimental
2025-02-11T06:02:43.9386998Z changes and commit them, and you can discard any commits you make in this
2025-02-11T06:02:43.9388819Z state without impacting any branches by switching back to a branch.
2025-02-11T06:02:43.9390244Z 
2025-02-11T06:02:43.9390894Z If you want to create a new branch to retain commits you create, you may
2025-02-11T06:02:43.9392332Z do so (now or later) by using -c with the switch command. Example:
2025-02-11T06:02:43.9393159Z 
2025-02-11T06:02:43.9393540Z   git switch -c <new-branch-name>
2025-02-11T06:02:43.9394159Z 
2025-02-11T06:02:43.9394591Z Or undo this operation with:
2025-02-11T06:02:43.9395164Z 
2025-02-11T06:02:43.9395508Z   git switch -
2025-02-11T06:02:43.9395983Z 
2025-02-11T06:02:43.9396806Z Turn off this advice by setting config variable advice.detachedHead to false
2025-02-11T06:02:43.9397955Z 
2025-02-11T06:02:43.9399380Z HEAD is now at a6e1bdc Merge 73333c126cdda19ee4f3002ef75c4d4fc04212a3 into 13c9a314d4165ff320d000df7d67b5c5f91a69dd
2025-02-11T06:02:43.9412663Z ##[endgroup]
2025-02-11T06:02:43.9452505Z [command]/usr/bin/git log -1 --format=%H
2025-02-11T06:02:43.9476049Z a6e1bdc89e44809ed0f89b184bcc8c2b58043ae8
2025-02-11T06:02:43.9796512Z Prepare all required actions
2025-02-11T06:02:43.9797405Z Getting action download info
2025-02-11T06:02:44.2439957Z ##[group]Download immutable action package 'actions/cache@v4'
2025-02-11T06:02:44.2441036Z Version: 4.2.0
2025-02-11T06:02:44.2442118Z Digest: sha256:5bc11090595acbf82dbfb02747bf0bfd91544e869357fd3ac0eb41f509632110
2025-02-11T06:02:44.2443604Z Source commit SHA: 1bd1e32a3bdc45362d1e726936510720a7c30a57
2025-02-11T06:02:44.2444646Z ##[endgroup]
2025-02-11T06:02:44.3871797Z ##[group]Run ./.github/actions/setup_lfs
2025-02-11T06:02:44.3872862Z with:
2025-02-11T06:02:44.3873827Z   regression-data-repo: tardis-sn/tardis-regression-data
2025-02-11T06:02:44.3875069Z   atom-data-sparse: false
2025-02-11T06:02:44.3875930Z env:
2025-02-11T06:02:44.3876623Z   CACHE_NUMBER: 0
2025-02-11T06:02:44.3879102Z   PYTEST_FLAGS: --tardis-regression-data=/home/runner/work/tardis/tardis/tardis-regression-data --cov=tardis --cov-report=xml --cov-report=html --cov-append
2025-02-11T06:02:44.3881650Z   CODECOV_TOKEN: 
2025-02-11T06:02:44.3882428Z ##[endgroup]
2025-02-11T06:02:44.4080743Z ##[group]Run actions/checkout@v4
2025-02-11T06:02:44.4081687Z with:
2025-02-11T06:02:44.4082518Z   repository: tardis-sn/tardis-regression-data
2025-02-11T06:02:44.4083647Z   path: tardis-regression-data
2025-02-11T06:02:44.4084542Z   lfs: false
2025-02-11T06:02:44.4085556Z   token: ***
2025-02-11T06:02:44.4086294Z   ssh-strict: true
2025-02-11T06:02:44.4087065Z   ssh-user: git
2025-02-11T06:02:44.4087874Z   persist-credentials: true
2025-02-11T06:02:44.4088886Z   clean: true
2025-02-11T06:02:44.4089707Z   sparse-checkout-cone-mode: true
2025-02-11T06:02:44.4090662Z   fetch-depth: 1
2025-02-11T06:02:44.4091430Z   fetch-tags: false
2025-02-11T06:02:44.4092225Z   show-progress: true
2025-02-11T06:02:44.4093041Z   submodules: false
2025-02-11T06:02:44.4093857Z   set-safe-directory: true
2025-02-11T06:02:44.4094715Z env:
2025-02-11T06:02:44.4095391Z   CACHE_NUMBER: 0
2025-02-11T06:02:44.4097660Z   PYTEST_FLAGS: --tardis-regression-data=/home/runner/work/tardis/tardis/tardis-regression-data --cov=tardis --cov-report=xml --cov-report=html --cov-append
2025-02-11T06:02:44.4100322Z   CODECOV_TOKEN: 
2025-02-11T06:02:44.4101075Z ##[endgroup]
2025-02-11T06:02:44.5051498Z Syncing repository: tardis-sn/tardis-regression-data
2025-02-11T06:02:44.5060995Z ##[group]Getting Git version info
2025-02-11T06:02:44.5063579Z Working directory is '/home/runner/work/tardis/tardis/tardis-regression-data'
2025-02-11T06:02:44.5109758Z [command]/usr/bin/git version
2025-02-11T06:02:44.5151265Z git version 2.48.1
2025-02-11T06:02:44.5178008Z ##[endgroup]
2025-02-11T06:02:44.5192849Z Temporarily overriding HOME='/home/runner/work/_temp/a112f940-c353-4247-a744-ca32ab47fe42' before making global git config changes
2025-02-11T06:02:44.5197452Z Adding repository directory to the temporary git global config as a safe directory
2025-02-11T06:02:44.5201779Z [command]/usr/bin/git config --global --add safe.directory /home/runner/work/tardis/tardis/tardis-regression-data
2025-02-11T06:02:44.5232114Z ##[group]Initializing the repository
2025-02-11T06:02:44.5238075Z [command]/usr/bin/git init /home/runner/work/tardis/tardis/tardis-regression-data
2025-02-11T06:02:44.5274128Z hint: Using 'master' as the name for the initial branch. This default branch name
2025-02-11T06:02:44.5277395Z hint: is subject to change. To configure the initial branch name to use in all
2025-02-11T06:02:44.5280705Z hint: of your new repositories, which will suppress this warning, call:
2025-02-11T06:02:44.5283018Z hint:
2025-02-11T06:02:44.5284476Z hint: 	git config --global init.defaultBranch <name>
2025-02-11T06:02:44.5286441Z hint:
2025-02-11T06:02:44.5288294Z hint: Names commonly chosen instead of 'master' are 'main', 'trunk' and
2025-02-11T06:02:44.5291451Z hint: 'development'. The just-created branch can be renamed via this command:
2025-02-11T06:02:44.5293592Z hint:
2025-02-11T06:02:44.5294359Z hint: 	git branch -m <name>
2025-02-11T06:02:44.5296240Z Initialized empty Git repository in /home/runner/work/tardis/tardis/tardis-regression-data/.git/
2025-02-11T06:02:44.5301293Z [command]/usr/bin/git remote add origin https://github.com/tardis-sn/tardis-regression-data
2025-02-11T06:02:44.5319257Z ##[endgroup]
2025-02-11T06:02:44.5321572Z ##[group]Disabling automatic garbage collection
2025-02-11T06:02:44.5323730Z [command]/usr/bin/git config --local gc.auto 0
2025-02-11T06:02:44.5353998Z ##[endgroup]
2025-02-11T06:02:44.5356229Z ##[group]Setting up auth
2025-02-11T06:02:44.5361135Z [command]/usr/bin/git config --local --name-only --get-regexp core\.sshCommand
2025-02-11T06:02:44.5393344Z [command]/usr/bin/git submodule foreach --recursive sh -c "git config --local --name-only --get-regexp 'core\.sshCommand' && git config --local --unset-all 'core.sshCommand' || :"
2025-02-11T06:02:44.5617290Z [command]/usr/bin/git config --local --name-only --get-regexp http\.https\:\/\/github\.com\/\.extraheader
2025-02-11T06:02:44.5650654Z [command]/usr/bin/git submodule foreach --recursive sh -c "git config --local --name-only --get-regexp 'http\.https\:\/\/github\.com\/\.extraheader' && git config --local --unset-all 'http.https://github.com/.extraheader' || :"
2025-02-11T06:02:44.5883137Z [command]/usr/bin/git config --local http.https://github.com/.extraheader AUTHORIZATION: basic ***
2025-02-11T06:02:44.5918707Z ##[endgroup]
2025-02-11T06:02:44.5921076Z ##[group]Determining the default branch
2025-02-11T06:02:44.5922950Z Retrieving the default branch name
2025-02-11T06:02:44.8507653Z Default branch 'main'
2025-02-11T06:02:44.8511720Z ##[endgroup]
2025-02-11T06:02:44.8513634Z ##[group]Fetching the repository
2025-02-11T06:02:44.8519880Z [command]/usr/bin/git -c protocol.version=2 fetch --no-tags --prune --no-recurse-submodules --depth=1 origin +refs/heads/main:refs/remotes/origin/main
2025-02-11T06:02:45.3084572Z From https://github.com/tardis-sn/tardis-regression-data
2025-02-11T06:02:45.3085704Z  * [new branch]      main       -> origin/main
2025-02-11T06:02:45.3109393Z ##[endgroup]
2025-02-11T06:02:45.3109864Z ##[group]Determining the checkout info
2025-02-11T06:02:45.3111395Z ##[endgroup]
2025-02-11T06:02:45.3116317Z [command]/usr/bin/git sparse-checkout disable
2025-02-11T06:02:45.3152745Z [command]/usr/bin/git config --local --unset-all extensions.worktreeConfig
2025-02-11T06:02:45.3179958Z ##[group]Checking out the ref
2025-02-11T06:02:45.3184557Z [command]/usr/bin/git checkout --progress --force -B main refs/remotes/origin/main
2025-02-11T06:02:45.4132319Z Switched to a new branch 'main'
2025-02-11T06:02:45.4134362Z branch 'main' set up to track 'origin/main'.
2025-02-11T06:02:45.4384936Z ##[endgroup]
2025-02-11T06:02:45.4424278Z [command]/usr/bin/git log -1 --format=%H
2025-02-11T06:02:45.4447283Z fa7729bc9c30e14b69acd641af8b692b56fcd416
2025-02-11T06:02:45.4583075Z ##[group]Run if [ "false" == "true" ]; then
2025-02-11T06:02:45.4583455Z [36;1mif [ "false" == "true" ]; then[0m
2025-02-11T06:02:45.4583769Z [36;1m  echo "Using atom data sparse checkout"[0m
2025-02-11T06:02:45.4584368Z [36;1m  echo "atom_data/kurucz_cd23_chianti_H_He.h5" > .lfs-files-list[0m
2025-02-11T06:02:45.4584692Z [36;1melse[0m
2025-02-11T06:02:45.4584908Z [36;1m  echo "Using full repository checkout"[0m
2025-02-11T06:02:45.4585261Z [36;1m  git lfs ls-files -l | cut -d' ' -f1 | sort > .lfs-files-list[0m
2025-02-11T06:02:45.4585599Z [36;1mfi[0m
2025-02-11T06:02:45.4616883Z shell: /usr/bin/bash --noprofile --norc -e -o pipefail {0}
2025-02-11T06:02:45.4617228Z env:
2025-02-11T06:02:45.4617404Z   CACHE_NUMBER: 0
2025-02-11T06:02:45.4618040Z   PYTEST_FLAGS: --tardis-regression-data=/home/runner/work/tardis/tardis/tardis-regression-data --cov=tardis --cov-report=xml --cov-report=html --cov-append
2025-02-11T06:02:45.4618986Z   CODECOV_TOKEN: 
2025-02-11T06:02:45.4619182Z ##[endgroup]
2025-02-11T06:02:45.4684229Z Using full repository checkout
2025-02-11T06:02:45.6111830Z ##[group]Run actions/cache/restore@v4
2025-02-11T06:02:45.6112153Z with:
2025-02-11T06:02:45.6112364Z   path: tardis-regression-data/.git/lfs
2025-02-11T06:02:45.6113238Z   key: tardis-regression-full-data-21f9fa4b6817cc69b9fae3598144724da7828e276a73bd17f47a2a49d9af090a-tardis-sn/tardis-regression-data-v1
2025-02-11T06:02:45.6113881Z   fail-on-cache-miss: true
2025-02-11T06:02:45.6114116Z   enableCrossOsArchive: false
2025-02-11T06:02:45.6114342Z   lookup-only: false
2025-02-11T06:02:45.6114532Z env:
2025-02-11T06:02:45.6114694Z   CACHE_NUMBER: 0
2025-02-11T06:02:45.6115283Z   PYTEST_FLAGS: --tardis-regression-data=/home/runner/work/tardis/tardis/tardis-regression-data --cov=tardis --cov-report=xml --cov-report=html --cov-append
2025-02-11T06:02:45.6115906Z   CODECOV_TOKEN: 
2025-02-11T06:02:45.6116082Z ##[endgroup]
2025-02-11T06:02:45.8747040Z Cache hit for: tardis-regression-full-data-21f9fa4b6817cc69b9fae3598144724da7828e276a73bd17f47a2a49d9af090a-tardis-sn/tardis-regression-data-v1
2025-02-11T06:02:47.0858501Z Received 134217728 of 1707217599 (7.9%), 117.1 MBs/sec
2025-02-11T06:02:48.0914666Z Received 310378496 of 1707217599 (18.2%), 141.0 MBs/sec
2025-02-11T06:02:49.0947273Z Received 507510784 of 1707217599 (29.7%), 156.2 MBs/sec
2025-02-11T06:02:50.0932210Z Received 671088640 of 1707217599 (39.3%), 156.1 MBs/sec
2025-02-11T06:02:51.0940787Z Received 864026624 of 1707217599 (50.6%), 161.5 MBs/sec
2025-02-11T06:02:52.0946027Z Received 1061158912 of 1707217599 (62.2%), 165.8 MBs/sec
2025-02-11T06:02:53.0948860Z Received 1207959552 of 1707217599 (70.8%), 162.2 MBs/sec
2025-02-11T06:02:54.1026526Z Received 1400897536 of 1707217599 (82.1%), 164.7 MBs/sec
2025-02-11T06:02:55.1026917Z Received 1606418432 of 1707217599 (94.1%), 168.2 MBs/sec
2025-02-11T06:02:55.7887479Z Received 1707217599 of 1707217599 (100.0%), 166.2 MBs/sec
2025-02-11T06:02:55.7890957Z Cache Size: ~1628 MB (1707217599 B)
2025-02-11T06:02:55.7932152Z [command]/usr/bin/tar -xf /home/runner/work/_temp/647d2c12-a6cb-4f37-ac09-3f8b80aab002/cache.tzst -P -C /home/runner/work/tardis/tardis --use-compress-program unzstd
2025-02-11T06:03:02.2743120Z Cache restored successfully
2025-02-11T06:03:02.7533589Z Cache restored from key: tardis-regression-full-data-21f9fa4b6817cc69b9fae3598144724da7828e276a73bd17f47a2a49d9af090a-tardis-sn/tardis-regression-data-v1
2025-02-11T06:03:02.7683821Z ##[group]Run git lfs checkout
2025-02-11T06:03:02.7684092Z [36;1mgit lfs checkout[0m
2025-02-11T06:03:02.7711301Z shell: /usr/bin/bash --noprofile --norc -e -o pipefail {0}
2025-02-11T06:03:02.7711630Z env:
2025-02-11T06:03:02.7711807Z   CACHE_NUMBER: 0
2025-02-11T06:03:02.7712415Z   PYTEST_FLAGS: --tardis-regression-data=/home/runner/work/tardis/tardis/tardis-regression-data --cov=tardis --cov-report=xml --cov-report=html --cov-append
2025-02-11T06:03:02.7713047Z   CODECOV_TOKEN: 
2025-02-11T06:03:02.7713231Z ##[endgroup]
2025-02-11T06:03:12.8455023Z Checking out LFS objects: 100% (204/204), 3.5 GB | 347 MB/s, done.
2025-02-11T06:03:16.3103665Z Prepare all required actions
2025-02-11T06:03:16.3104021Z Getting action download info
2025-02-11T06:03:16.4390517Z Download action repository 'mamba-org/setup-micromamba@v1' (SHA:4b9113af4fba0e9e1124b252dd6497a419e7396d)
2025-02-11T06:03:16.8646322Z ##[group]Run ./.github/actions/setup_env
2025-02-11T06:03:16.8646578Z with:
2025-02-11T06:03:16.8646757Z   os-label: linux-64
2025-02-11T06:03:16.8646946Z env:
2025-02-11T06:03:16.8647111Z   CACHE_NUMBER: 0
2025-02-11T06:03:16.8647711Z   PYTEST_FLAGS: --tardis-regression-data=/home/runner/work/tardis/tardis/tardis-regression-data --cov=tardis --cov-report=xml --cov-report=html --cov-append
2025-02-11T06:03:16.8648328Z   CODECOV_TOKEN: 
2025-02-11T06:03:16.8648775Z ##[endgroup]
2025-02-11T06:03:16.8669381Z ##[group]Run file_hash=$(cat conda-linux-64.lock | shasum -a 256 | cut -d' ' -f1)
2025-02-11T06:03:16.8669856Z [36;1mfile_hash=$(cat conda-linux-64.lock | shasum -a 256 | cut -d' ' -f1)[0m
2025-02-11T06:03:16.8670397Z [36;1mecho "file_hash=tardis-conda-env-linux-64-${file_hash}-v1" >> "${GITHUB_OUTPUT}"[0m
2025-02-11T06:03:16.8697312Z shell: /usr/bin/bash --noprofile --norc -e -o pipefail {0}
2025-02-11T06:03:16.8697625Z env:
2025-02-11T06:03:16.8697806Z   CACHE_NUMBER: 0
2025-02-11T06:03:16.8698610Z   PYTEST_FLAGS: --tardis-regression-data=/home/runner/work/tardis/tardis/tardis-regression-data --cov=tardis --cov-report=xml --cov-report=html --cov-append
2025-02-11T06:03:16.8699308Z   CODECOV_TOKEN: 
2025-02-11T06:03:16.8699489Z ##[endgroup]
2025-02-11T06:03:16.8988246Z ##[group]Run mamba-org/setup-micromamba@v1
2025-02-11T06:03:16.8988710Z with:
2025-02-11T06:03:16.8988905Z   environment-file: conda-linux-64.lock
2025-02-11T06:03:16.8989456Z   cache-environment-key: tardis-conda-env-linux-64-d7cd390425b0fd3cf82649dcc003efba9915fb4928f15d342148c3ccffcbe2ee-v1
2025-02-11T06:03:16.8990289Z   cache-downloads-key: tardis-conda-env-linux-64-d7cd390425b0fd3cf82649dcc003efba9915fb4928f15d342148c3ccffcbe2ee-v1
2025-02-11T06:03:16.8990831Z   environment-name: tardis
2025-02-11T06:03:16.8991046Z   cache-environment: true
2025-02-11T06:03:16.8991253Z   cache-downloads: true
2025-02-11T06:03:16.8991446Z env:
2025-02-11T06:03:16.8991605Z   CACHE_NUMBER: 0
2025-02-11T06:03:16.8992212Z   PYTEST_FLAGS: --tardis-regression-data=/home/runner/work/tardis/tardis/tardis-regression-data --cov=tardis --cov-report=xml --cov-report=html --cov-append
2025-02-11T06:03:16.8992846Z   CODECOV_TOKEN: 
2025-02-11T06:03:16.8993023Z ##[endgroup]
2025-02-11T06:03:17.0333767Z Will download micromamba to /home/runner/micromamba-bin/micromamba
2025-02-11T06:03:17.0344342Z ##[group]Install micromamba
2025-02-11T06:03:17.3610222Z micromamba installed to /home/runner/micromamba-bin/micromamba
2025-02-11T06:03:17.3611172Z ##[endgroup]
2025-02-11T06:03:17.3611887Z Adding conda-forge to condarc channels ...
2025-02-11T06:03:17.3621659Z ##[group]Initialize micromamba for bash.
2025-02-11T06:03:17.3638165Z [command]/home/runner/micromamba-bin/micromamba shell init -s bash -r /home/runner/micromamba --log-level warning --rc-file /home/runner/work/_temp/setup-micromamba/.condarc
2025-02-11T06:03:17.3748674Z Modifying RC file "/home/runner/.bashrc"
2025-02-11T06:03:17.3749642Z Generating config for root prefix [1m"/home/runner/micromamba"[0m
2025-02-11T06:03:17.3750259Z Setting mamba executable to: [1m"/home/runner/micromamba-bin/micromamba"[0m
2025-02-11T06:03:17.3750893Z Adding (or replacing) the following in your "/home/runner/.bashrc" file
2025-02-11T06:03:17.3751176Z 
2025-02-11T06:03:17.3751264Z # >>> mamba initialize >>>
2025-02-11T06:03:17.3751557Z # !! Contents within this block are managed by 'mamba init' !!
2025-02-11T06:03:17.3751942Z export MAMBA_EXE='/home/runner/micromamba-bin/micromamba';
2025-02-11T06:03:17.3752303Z export MAMBA_ROOT_PREFIX='/home/runner/micromamba';
2025-02-11T06:03:17.3752793Z __mamba_setup="$("$MAMBA_EXE" shell hook --shell bash --root-prefix "$MAMBA_ROOT_PREFIX" 2> /dev/null)"
2025-02-11T06:03:17.3753268Z if [ $? -eq 0 ]; then
2025-02-11T06:03:17.3753770Z     eval "$__mamba_setup"
2025-02-11T06:03:17.3753995Z else
2025-02-11T06:03:17.3754266Z     alias micromamba="$MAMBA_EXE"  # Fallback on help from mamba activate
2025-02-11T06:03:17.3754741Z fi
2025-02-11T06:03:17.3754909Z unset __mamba_setup
2025-02-11T06:03:17.3755113Z # <<< mamba initialize <<<
2025-02-11T06:03:17.3755253Z 
2025-02-11T06:03:17.3766433Z Moving mamba initialize block to .bash_profile
2025-02-11T06:03:17.3778070Z ##[endgroup]
2025-02-11T06:03:17.3779365Z ##[group]Restoring downloads from `/home/runner/micromamba/pkgs` ...
2025-02-11T06:03:18.6329891Z Received 159383552 of 356815776 (44.7%), 151.8 MBs/sec
2025-02-11T06:03:19.6336615Z Received 352621472 of 356815776 (98.8%), 168.0 MBs/sec
2025-02-11T06:03:19.6506361Z Cache Size: ~340 MB (356815776 B)
2025-02-11T06:03:19.6572679Z [command]/usr/bin/tar -xf /home/runner/work/_temp/0b787250-f9aa-4a23-a83c-b1381602f6a8/cache.tzst -P -C /home/runner/work/tardis/tardis --use-compress-program unzstd
2025-02-11T06:03:20.1634903Z Cache restored successfully
2025-02-11T06:03:20.2383665Z Restored cache with key `tardis-conda-env-linux-64-d7cd390425b0fd3cf82649dcc003efba9915fb4928f15d342148c3ccffcbe2ee-v1-linux-64`
2025-02-11T06:03:20.2384683Z ##[endgroup]
2025-02-11T06:03:20.2396561Z ##[group]Restoring environment `tardis` from `/home/runner/micromamba/envs/tardis` ...
2025-02-11T06:03:20.6330876Z Received 356815776 of 356815776 (100.0%), 113.4 MBs/sec
2025-02-11T06:03:21.3980818Z Received 167772160 of 444032293 (37.8%), 159.8 MBs/sec
2025-02-11T06:03:22.3983956Z Received 377487360 of 444032293 (85.0%), 179.8 MBs/sec
2025-02-11T06:03:22.6589850Z Cache Size: ~423 MB (444032293 B)
2025-02-11T06:03:22.6687620Z [command]/usr/bin/tar -xf /home/runner/work/_temp/76ade61c-fd6f-4d7d-b73e-e8ae1927017e/cache.tzst -P -C /home/runner/work/tardis/tardis --use-compress-program unzstd
2025-02-11T06:03:23.4001623Z Received 444032293 of 444032293 (100.0%), 141.0 MBs/sec
2025-02-11T06:03:27.7499287Z Cache restored successfully
2025-02-11T06:03:27.8246522Z Restored cache with key `tardis-conda-env-linux-64-d7cd390425b0fd3cf82649dcc003efba9915fb4928f15d342148c3ccffcbe2ee-v1-linux-64-tardis-args-4f53cda-root-dcc80ee-bin-[object Promise]-file-d7cd390425b0fd3cf82649dcc003efba9915fb4928f15d342148c3ccffcbe2ee`
2025-02-11T06:03:27.8249694Z ##[endgroup]
2025-02-11T06:03:27.8250196Z Adding environment tardis to auto-activate bash ...
2025-02-11T06:03:27.8258878Z Generating micromamba run shell.
2025-02-11T06:03:27.8266981Z ##[endgroup]
2025-02-11T06:03:27.8274192Z Set environment variables.
2025-02-11T06:03:27.8278571Z ##[group]micromamba info
2025-02-11T06:03:27.8282146Z [command]/home/runner/micromamba-bin/micromamba info -r /home/runner/micromamba -n tardis
2025-02-11T06:03:27.8510658Z 
2025-02-11T06:03:27.8511316Z        libmamba version : 1.5.10
2025-02-11T06:03:27.8511875Z      micromamba version : 1.5.10
2025-02-11T06:03:27.8512832Z            curl version : libcurl/8.10.1 OpenSSL/3.3.2 zlib/1.3.1 zstd/1.5.6 libssh2/1.11.0 nghttp2/1.58.0
2025-02-11T06:03:27.8514110Z      libarchive version : libarchive 3.7.4 zlib/1.2.13 bz2lib/1.0.8 libzstd/1.5.6
2025-02-11T06:03:27.8515111Z        envs directories : /home/runner/micromamba/envs
2025-02-11T06:03:27.8516133Z           package cache : /home/runner/micromamba/pkgs
2025-02-11T06:03:27.8516867Z                           /home/runner/.mamba/pkgs
2025-02-11T06:03:27.8517563Z             environment : tardis
2025-02-11T06:03:27.8518279Z            env location : /home/runner/micromamba/envs/tardis
2025-02-11T06:03:27.8519196Z       user config files : /home/runner/.mambarc
2025-02-11T06:03:27.8520150Z  populated config files : /home/runner/work/_temp/setup-micromamba/.condarc
2025-02-11T06:03:27.8521106Z        virtual packages : __unix=0=0
2025-02-11T06:03:27.8521828Z                           __linux=6.8.0=0
2025-02-11T06:03:27.8522496Z                           __glibc=2.39=0
2025-02-11T06:03:27.8523144Z                           __archspec=1=x86_64_v3
2025-02-11T06:03:27.8524492Z                channels : https://conda.anaconda.org/conda-forge/linux-64
2025-02-11T06:03:27.8525693Z                           https://conda.anaconda.org/conda-forge/noarch
2025-02-11T06:03:27.8526486Z        base environment : /home/runner/micromamba
2025-02-11T06:03:27.8594851Z                platform : linux-64
2025-02-11T06:03:27.8595670Z ##[endgroup]
2025-02-11T06:03:27.8596205Z ##[group]micromamba list
2025-02-11T06:03:27.8597097Z [command]/home/runner/micromamba-bin/micromamba list -r /home/runner/micromamba -n tardis
2025-02-11T06:03:28.2465440Z List of packages in environment: "/home/runner/micromamba/envs/tardis"
2025-02-11T06:03:28.2466252Z 
2025-02-11T06:03:28.2466656Z   Name                           Version              Build                    Channel    
2025-02-11T06:03:28.2468325Z â”€â”€â”€â”€â”€â”€â”€â”€â”€â”€â”€â”€â”€â”€â”€â”€â”€â”€â”€â”€â”€â”€â”€â”€â”€â”€â”€â”€â”€â”€â”€â”€â”€â”€â”€â”€â”€â”€â”€â”€â”€â”€â”€â”€â”€â”€â”€â”€â”€â”€â”€â”€â”€â”€â”€â”€â”€â”€â”€â”€â”€â”€â”€â”€â”€â”€â”€â”€â”€â”€â”€â”€â”€â”€â”€â”€â”€â”€â”€â”€â”€â”€â”€â”€â”€â”€â”€â”€â”€â”€â”€â”€
2025-02-11T06:03:28.2469721Z   _libgcc_mutex                  0.1                  conda_forge              conda-forge
2025-02-11T06:03:28.2470774Z   _openmp_mutex                  4.5                  2_gnu                    conda-forge
2025-02-11T06:03:28.2471753Z   alabaster                      0.7.16               pyhd8ed1ab_0             conda-forge
2025-02-11T06:03:28.2472715Z   anyio                          4.4.0                pyhd8ed1ab_0             conda-forge
2025-02-11T06:03:28.2473629Z   argon2-cffi                    23.1.0               pyhd8ed1ab_0             conda-forge
2025-02-11T06:03:28.2474388Z   argon2-cffi-bindings           21.2.0               py312h98912ed_4          conda-forge
2025-02-11T06:03:28.2475059Z   arrow                          1.3.0                pyhd8ed1ab_0             conda-forge
2025-02-11T06:03:28.2475585Z   astropy                        6.1.1                py312h085067d_0          conda-forge
2025-02-11T06:03:28.2476188Z   astropy-iers-data              0.2024.6.17.0.31.35  pyhd8ed1ab_0             conda-forge
2025-02-11T06:03:28.2476903Z   astropy-sphinx-theme           1.1                  pyhd8ed1ab_0             conda-forge
2025-02-11T06:03:28.2477563Z   asttokens                      2.4.1                pyhd8ed1ab_0             conda-forge
2025-02-11T06:03:28.2478171Z   async-lru                      2.0.4                pyhd8ed1ab_0             conda-forge
2025-02-11T06:03:28.2478995Z   atk-1.0                        2.38.0               h04ea711_2               conda-forge
2025-02-11T06:03:28.2479573Z   attrs                          23.2.0               pyh71513ae_0             conda-forge
2025-02-11T06:03:28.2480151Z   babel                          2.14.0               pyhd8ed1ab_0             conda-forge
2025-02-11T06:03:28.2480741Z   beautifulsoup4                 4.12.3               pyha770c72_0             conda-forge
2025-02-11T06:03:28.2481413Z   bleach                         6.1.0                pyhd8ed1ab_0             conda-forge
2025-02-11T06:03:28.2482020Z   blosc                          1.21.5               hc2324a3_1               conda-forge
2025-02-11T06:03:28.2482647Z   brotli                         1.1.0                hd590300_1               conda-forge
2025-02-11T06:03:28.2483326Z   brotli-bin                     1.1.0                hd590300_1               conda-forge
2025-02-11T06:03:28.2484067Z   brotli-python                  1.1.0                py312h30efb56_1          conda-forge
2025-02-11T06:03:28.2484710Z   bzip2                          1.0.8                hd590300_5               conda-forge
2025-02-11T06:03:28.2485311Z   c-ares                         1.28.1               hd590300_0               conda-forge
2025-02-11T06:03:28.2485948Z   c-blosc2                       2.14.4               hb4ffafa_1               conda-forge
2025-02-11T06:03:28.2486361Z   ca-certificates                2024.6.2             hbcca054_0               conda-forge
2025-02-11T06:03:28.2486779Z   cached-property                1.5.2                hd8ed1ab_1               conda-forge
2025-02-11T06:03:28.2487191Z   cached_property                1.5.2                pyha770c72_1             conda-forge
2025-02-11T06:03:28.2487904Z   cairo                          1.18.0               h3faef2a_0               conda-forge
2025-02-11T06:03:28.2488283Z   certifi                        2024.6.2             pyhd8ed1ab_0             conda-forge
2025-02-11T06:03:28.2488955Z   cffi                           1.16.0               py312hf06ca03_0          conda-forge
2025-02-11T06:03:28.2489416Z   charset-normalizer             3.3.2                pyhd8ed1ab_0             conda-forge
2025-02-11T06:03:28.2489798Z   click                          8.1.7                unix_pyh707e725_0        conda-forge
2025-02-11T06:03:28.2490159Z   codespell                      2.3.0                pyhd8ed1ab_0             conda-forge
2025-02-11T06:03:28.2490519Z   colorama                       0.4.6                pyhd8ed1ab_0             conda-forge
2025-02-11T06:03:28.2490869Z   comm                           0.2.2                pyhd8ed1ab_0             conda-forge
2025-02-11T06:03:28.2491218Z   commonmark                     0.9.1                py_0                     conda-forge
2025-02-11T06:03:28.2491583Z   contourpy                      1.2.1                py312h8572e83_0          conda-forge
2025-02-11T06:03:28.2491941Z   coverage                       7.5.3                py312h9a8786e_0          conda-forge
2025-02-11T06:03:28.2492291Z   cycler                         0.12.1               pyhd8ed1ab_0             conda-forge
2025-02-11T06:03:28.2492655Z   dataclasses                    0.8                  pyhc8e2a94_3             conda-forge
2025-02-11T06:03:28.2493015Z   debugpy                        1.8.1                py312h30efb56_0          conda-forge
2025-02-11T06:03:28.2493365Z   decorator                      5.1.1                pyhd8ed1ab_0             conda-forge
2025-02-11T06:03:28.2493724Z   defusedxml                     0.7.1                pyhd8ed1ab_0             conda-forge
2025-02-11T06:03:28.2494082Z   docutils                       0.20.1               py312h7900ff3_3          conda-forge
2025-02-11T06:03:28.2494433Z   dot2tex                        2.11.3               pyhd8ed1ab_0             conda-forge
2025-02-11T06:03:28.2494984Z   entrypoints                    0.4                  pyhd8ed1ab_0             conda-forge
2025-02-11T06:03:28.2495458Z   exceptiongroup                 1.2.0                pyhd8ed1ab_2             conda-forge
2025-02-11T06:03:28.2495837Z   executing                      2.0.1                pyhd8ed1ab_0             conda-forge
2025-02-11T06:03:28.2496184Z   expat                          2.6.2                h59595ed_0               conda-forge
2025-02-11T06:03:28.2496573Z   font-ttf-dejavu-sans-mono      2.37                 hab24e00_0               conda-forge
2025-02-11T06:03:28.2497016Z   font-ttf-inconsolata           3.000                h77eed37_0               conda-forge
2025-02-11T06:03:28.2497454Z   font-ttf-source-code-pro       2.038                h77eed37_0               conda-forge
2025-02-11T06:03:28.2497870Z   font-ttf-ubuntu                0.83                 h77eed37_2               conda-forge
2025-02-11T06:03:28.2498246Z   fontconfig                     2.14.2               h14ed4e7_0               conda-forge
2025-02-11T06:03:28.2498873Z   fonts-conda-ecosystem          1                    0                        conda-forge
2025-02-11T06:03:28.2499280Z   fonts-conda-forge              1                    0                        conda-forge
2025-02-11T06:03:28.2499653Z   fonttools                      4.53.0               py312h9a8786e_0          conda-forge
2025-02-11T06:03:28.2499996Z   fqdn                           1.5.1                pyhd8ed1ab_0             conda-forge
2025-02-11T06:03:28.2500337Z   freetype                       2.12.1               h267a509_2               conda-forge
2025-02-11T06:03:28.2500682Z   fribidi                        1.0.10               h36c2ea0_0               conda-forge
2025-02-11T06:03:28.2501210Z   future                         1.0.0                pyhd8ed1ab_0             conda-forge
2025-02-11T06:03:28.2502088Z   gdk-pixbuf                     2.42.12              hb9ae30d_0               conda-forge
2025-02-11T06:03:28.2502891Z   giflib                         5.2.2                hd590300_0               conda-forge
2025-02-11T06:03:28.2503801Z   git-lfs                        3.5.1                ha770c72_0               conda-forge
2025-02-11T06:03:28.2504406Z   gmp                            6.3.0                h59595ed_1               conda-forge
2025-02-11T06:03:28.2504974Z   gmpy2                          2.1.5                py312h1d5cde6_1          conda-forge
2025-02-11T06:03:28.2505549Z   graphite2                      1.3.13               h59595ed_1003            conda-forge
2025-02-11T06:03:28.2505918Z   graphviz                       11.0.0               hc68bbd7_0               conda-forge
2025-02-11T06:03:28.2506264Z   gtk2                           2.24.33              h280cfa0_4               conda-forge
2025-02-11T06:03:28.2506592Z   gts                            0.7.6                h977cf35_4               conda-forge
2025-02-11T06:03:28.2506920Z   h11                            0.14.0               pyhd8ed1ab_0             conda-forge
2025-02-11T06:03:28.2507233Z   h2                             4.1.0                pyhd8ed1ab_0             conda-forge
2025-02-11T06:03:28.2507560Z   h5py                           3.11.0               nompi_py312hb7ab980_102  conda-forge
2025-02-11T06:03:28.2507899Z   harfbuzz                       8.5.0                hfac3d4d_0               conda-forge
2025-02-11T06:03:28.2508232Z   hdf5                           1.14.3               nompi_hdf9ad27_105       conda-forge
2025-02-11T06:03:28.2508759Z   hpack                          4.0.0                pyh9f0ad1d_0             conda-forge
2025-02-11T06:03:28.2509102Z   httpcore                       1.0.5                pyhd8ed1ab_0             conda-forge
2025-02-11T06:03:28.2509827Z   httpx                          0.27.0               pyhd8ed1ab_0             conda-forge
2025-02-11T06:03:28.2510502Z   hyperframe                     6.0.1                pyhd8ed1ab_0             conda-forge
2025-02-11T06:03:28.2511138Z   icu                            73.2                 h59595ed_0               conda-forge
2025-02-11T06:03:28.2511543Z   idna                           3.7                  pyhd8ed1ab_0             conda-forge
2025-02-11T06:03:28.2511890Z   imagesize                      1.4.1                pyhd8ed1ab_0             conda-forge
2025-02-11T06:03:28.2512274Z   importlib-metadata             7.1.0                pyha770c72_0             conda-forge
2025-02-11T06:03:28.2512682Z   importlib_metadata             7.1.0                hd8ed1ab_0               conda-forge
2025-02-11T06:03:28.2513082Z   importlib_resources            6.4.0                pyhd8ed1ab_0             conda-forge
2025-02-11T06:03:28.2513462Z   iniconfig                      2.0.0                pyhd8ed1ab_0             conda-forge
2025-02-11T06:03:28.2513814Z   ipykernel                      6.29.4               pyh3099207_0             conda-forge
2025-02-11T06:03:28.2514159Z   ipython                        8.25.0               pyh707e725_0             conda-forge
2025-02-11T06:03:28.2514527Z   ipython_genutils               0.2.0                pyhd8ed1ab_1             conda-forge
2025-02-11T06:03:28.2514909Z   ipywidgets                     7.8.0                pyhd8ed1ab_0             conda-forge
2025-02-11T06:03:28.2515278Z   isoduration                    20.11.0              pyhd8ed1ab_0             conda-forge
2025-02-11T06:03:28.2515626Z   jedi                           0.19.1               pyhd8ed1ab_0             conda-forge
2025-02-11T06:03:28.2515974Z   jinja2                         3.1.4                pyhd8ed1ab_0             conda-forge
2025-02-11T06:03:28.2516568Z   json5                          0.9.25               pyhd8ed1ab_0             conda-forge
2025-02-11T06:03:28.2517200Z   jsonpointer                    3.0.0                py312h7900ff3_0          conda-forge
2025-02-11T06:03:28.2518231Z   jsonschema                     4.22.0               pyhd8ed1ab_0             conda-forge
2025-02-11T06:03:28.2519208Z   jsonschema-specifications      2023.12.1            pyhd8ed1ab_0             conda-forge
2025-02-11T06:03:28.2520312Z   jsonschema-with-format-nongpl  4.22.0               pyhd8ed1ab_0             conda-forge
2025-02-11T06:03:28.2521022Z   jupyter-lsp                    2.2.5                pyhd8ed1ab_0             conda-forge
2025-02-11T06:03:28.2521615Z   jupyter_client                 8.6.2                pyhd8ed1ab_0             conda-forge
2025-02-11T06:03:28.2522211Z   jupyter_core                   5.7.2                py312h7900ff3_0          conda-forge
2025-02-11T06:03:28.2522820Z   jupyter_events                 0.10.0               pyhd8ed1ab_0             conda-forge
2025-02-11T06:03:28.2523471Z   jupyter_server                 2.14.1               pyhd8ed1ab_0             conda-forge
2025-02-11T06:03:28.2524149Z   jupyter_server_terminals       0.5.3                pyhd8ed1ab_0             conda-forge
2025-02-11T06:03:28.2524833Z   jupyterlab                     4.2.2                pyhd8ed1ab_0             conda-forge
2025-02-11T06:03:28.2525426Z   jupyterlab_pygments            0.3.0                pyhd8ed1ab_1             conda-forge
2025-02-11T06:03:28.2526098Z   jupyterlab_server              2.27.2               pyhd8ed1ab_0             conda-forge
2025-02-11T06:03:28.2526774Z   jupyterlab_widgets             1.1.7                pyhd8ed1ab_0             conda-forge
2025-02-11T06:03:28.2527367Z   keyutils                       1.6.1                h166bdaf_0               conda-forge
2025-02-11T06:03:28.2527918Z   kiwisolver                     1.4.5                py312h8572e83_1          conda-forge
2025-02-11T06:03:28.2528645Z   krb5                           1.21.2               h659d440_0               conda-forge
2025-02-11T06:03:28.2529222Z   latexcodec                     2.0.1                pyh9f0ad1d_0             conda-forge
2025-02-11T06:03:28.2529610Z   lcms2                          2.16                 hb7c19ff_0               conda-forge
2025-02-11T06:03:28.2529958Z   ld_impl_linux-64               2.40                 hf3520f5_7               conda-forge
2025-02-11T06:03:28.2530303Z   lerc                           4.0.0                h27087fc_0               conda-forge
2025-02-11T06:03:28.2530626Z   libaec                         1.1.3                h59595ed_0               conda-forge
2025-02-11T06:03:28.2530973Z   libblas                        3.9.0                22_linux64_openblas      conda-forge
2025-02-11T06:03:28.2531341Z   libbrotlicommon                1.1.0                hd590300_1               conda-forge
2025-02-11T06:03:28.2531723Z   libbrotlidec                   1.1.0                hd590300_1               conda-forge
2025-02-11T06:03:28.2532087Z   libbrotlienc                   1.1.0                hd590300_1               conda-forge
2025-02-11T06:03:28.2532457Z   libcblas                       3.9.0                22_linux64_openblas      conda-forge
2025-02-11T06:03:28.2532811Z   libcurl                        8.8.0                hca28451_0               conda-forge
2025-02-11T06:03:28.2533161Z   libdeflate                     1.20                 hd590300_0               conda-forge
2025-02-11T06:03:28.2533531Z   libedit                        3.1.20191231         he28a2e2_2               conda-forge
2025-02-11T06:03:28.2533873Z   libev                          4.33                 hd590300_2               conda-forge
2025-02-11T06:03:28.2534227Z   libexpat                       2.6.2                h59595ed_0               conda-forge
2025-02-11T06:03:28.2534577Z   libffi                         3.4.2                h7f98852_5               conda-forge
2025-02-11T06:03:28.2534913Z   libgcc-ng                      13.2.0               h77fa898_10              conda-forge
2025-02-11T06:03:28.2535251Z   libgd                          2.3.3                h119a65a_9               conda-forge
2025-02-11T06:03:28.2535800Z   libgfortran-ng                 13.2.0               h69a702a_10              conda-forge
2025-02-11T06:03:28.2536226Z   libgfortran5                   13.2.0               h3d2ce59_10              conda-forge
2025-02-11T06:03:28.2536690Z   libglib                        2.80.2               h8a4344b_1               conda-forge
2025-02-11T06:03:28.2537040Z   libgomp                        13.2.0               h77fa898_10              conda-forge
2025-02-11T06:03:28.2537391Z   libiconv                       1.17                 hd590300_2               conda-forge
2025-02-11T06:03:28.2537753Z   libjpeg-turbo                  3.0.0                hd590300_1               conda-forge
2025-02-11T06:03:28.2538124Z   liblapack                      3.9.0                22_linux64_openblas      conda-forge
2025-02-11T06:03:28.2538705Z   libllvm14                      14.0.6               hcd5def8_4               conda-forge
2025-02-11T06:03:28.2539077Z   libnghttp2                     1.58.0               h47da74e_1               conda-forge
2025-02-11T06:03:28.2539439Z   libnsl                         2.0.1                hd590300_0               conda-forge
2025-02-11T06:03:28.2539810Z   libopenblas                    0.3.27               pthreads_h413a1c8_0      conda-forge
2025-02-11T06:03:28.2540174Z   libpng                         1.6.43               h2797004_0               conda-forge
2025-02-11T06:03:28.2540523Z   librsvg                        2.58.1               hadf69e7_0               conda-forge
2025-02-11T06:03:28.2540872Z   libsodium                      1.0.18               h36c2ea0_1               conda-forge
2025-02-11T06:03:28.2541227Z   libsqlite                      3.46.0               hde9e2c9_0               conda-forge
2025-02-11T06:03:28.2541576Z   libssh2                        1.11.0               h0841786_0               conda-forge
2025-02-11T06:03:28.2541926Z   libstdcxx-ng                   13.2.0               hc0a3c3a_10              conda-forge
2025-02-11T06:03:28.2542289Z   libtiff                        4.6.0                h1dd3fc0_3               conda-forge
2025-02-11T06:03:28.2542629Z   libuuid                        2.38.1               h0b41bf4_0               conda-forge
2025-02-11T06:03:28.2542970Z   libwebp                        1.4.0                h2c329e2_0               conda-forge
2025-02-11T06:03:28.2543328Z   libwebp-base                   1.4.0                hd590300_0               conda-forge
2025-02-11T06:03:28.2543681Z   libxcb                         1.15                 h0b41bf4_0               conda-forge
2025-02-11T06:03:28.2544024Z   libxcrypt                      4.4.36               hd590300_1               conda-forge
2025-02-11T06:03:28.2544370Z   libxml2                        2.12.7               hc051c1a_1               conda-forge
2025-02-11T06:03:28.2544706Z   libxslt                        1.1.39               h76b75d6_0               conda-forge
2025-02-11T06:03:28.2545040Z   libzlib                        1.3.1                h4ab18f5_1               conda-forge
2025-02-11T06:03:28.2545392Z   llvmlite                       0.42.0               py312hb06c811_1          conda-forge
2025-02-11T06:03:28.2545731Z   lxml                           5.2.2                py312hb90d8a5_0          conda-forge
2025-02-11T06:03:28.2546060Z   lz4-c                          1.9.4                hcb278e6_0               conda-forge
2025-02-11T06:03:28.2546375Z   lzo                            2.10                 hd590300_1001            conda-forge
2025-02-11T06:03:28.2546716Z   markupsafe                     2.1.5                py312h98912ed_0          conda-forge
2025-02-11T06:03:28.2547102Z   matplotlib-base                3.8.4                py312h20ab3a6_2          conda-forge
2025-02-11T06:03:28.2547504Z   matplotlib-inline              0.1.7                pyhd8ed1ab_0             conda-forge
2025-02-11T06:03:28.2547886Z   mistune                        3.0.2                pyhd8ed1ab_0             conda-forge
2025-02-11T06:03:28.2548481Z   mpc                            1.3.1                hfe3b2da_0               conda-forge
2025-02-11T06:03:28.2548839Z   mpfr                           4.2.1                h9458935_1               conda-forge
2025-02-11T06:03:28.2549293Z   mpmath                         1.3.0                pyhd8ed1ab_0             conda-forge
2025-02-11T06:03:28.2549639Z   munkres                        1.1.4                pyh9f0ad1d_0             conda-forge
2025-02-11T06:03:28.2550005Z   mypy_extensions                1.0.0                pyha770c72_0             conda-forge
2025-02-11T06:03:28.2550376Z   nbclassic                      1.1.0                pyhd8ed1ab_0             conda-forge
2025-02-11T06:03:28.2550737Z   nbclient                       0.10.0               pyhd8ed1ab_0             conda-forge
2025-02-11T06:03:28.2551092Z   nbconvert                      7.16.4               hd8ed1ab_1               conda-forge
2025-02-11T06:03:28.2551466Z   nbconvert-core                 7.16.4               pyhd8ed1ab_1             conda-forge
2025-02-11T06:03:28.2551870Z   nbconvert-pandoc               7.16.4               hd8ed1ab_1               conda-forge
2025-02-11T06:03:28.2552251Z   nbformat                       5.10.4               pyhd8ed1ab_0             conda-forge
2025-02-11T06:03:28.2552605Z   nbsphinx                       0.9.4                pyhd8ed1ab_0             conda-forge
2025-02-11T06:03:28.2552950Z   ncurses                        6.5                  h59595ed_0               conda-forge
2025-02-11T06:03:28.2553301Z   nest-asyncio                   1.6.0                pyhd8ed1ab_0             conda-forge
2025-02-11T06:03:28.2553667Z   networkx                       3.3                  pyhd8ed1ab_1             conda-forge
2025-02-11T06:03:28.2553999Z   nomkl                          1.0                  h5ca1d4c_0               conda-forge
2025-02-11T06:03:28.2554338Z   notebook                       7.2.1                pyhd8ed1ab_0             conda-forge
2025-02-11T06:03:28.2554703Z   notebook-shim                  0.2.4                pyhd8ed1ab_0             conda-forge
2025-02-11T06:03:28.2555056Z   numba                          0.59.1               py312hacefee8_0          conda-forge
2025-02-11T06:03:28.2555401Z   numexpr                        2.10.0               py312hf412c99_100        conda-forge
2025-02-11T06:03:28.2555742Z   numpy                          1.26.4               py312heda63a1_0          conda-forge
2025-02-11T06:03:28.2556089Z   numpydoc                       1.7.0                pyhd8ed1ab_1             conda-forge
2025-02-11T06:03:28.2556434Z   openjpeg                       2.5.2                h488ebb8_0               conda-forge
2025-02-11T06:03:28.2556777Z   openssl                        3.3.1                h4ab18f5_0               conda-forge
2025-02-11T06:03:28.2557125Z   overrides                      7.7.0                pyhd8ed1ab_0             conda-forge
2025-02-11T06:03:28.2557479Z   packaging                      24.1                 pyhd8ed1ab_0             conda-forge
2025-02-11T06:03:28.2557830Z   pandas                         2.2.2                py312h1d6d2e6_1          conda-forge
2025-02-11T06:03:28.2558188Z   pandoc                         3.2                  ha770c72_0               conda-forge
2025-02-11T06:03:28.2558845Z   pandocfilters                  1.5.0                pyhd8ed1ab_0             conda-forge
2025-02-11T06:03:28.2559210Z   pango                          1.54.0               h84a9a3c_0               conda-forge
2025-02-11T06:03:28.2559540Z   parso                          0.8.4                pyhd8ed1ab_0             conda-forge
2025-02-11T06:03:28.2559887Z   pathspec                       0.12.1               pyhd8ed1ab_0             conda-forge
2025-02-11T06:03:28.2560236Z   pbr                            6.0.0                pyhd8ed1ab_0             conda-forge
2025-02-11T06:03:28.2560558Z   pcre2                          10.44                h0f59acf_0               conda-forge
2025-02-11T06:03:28.2561027Z   pexpect                        4.9.0                pyhd8ed1ab_0             conda-forge
2025-02-11T06:03:28.2561389Z   pickleshare                    0.7.5                py_1003                  conda-forge
2025-02-11T06:03:28.2561746Z   pillow                         10.3.0               py312hdcec9eb_0          conda-forge
2025-02-11T06:03:28.2562180Z   pip                            24.0                 pyhd8ed1ab_0             conda-forge
2025-02-11T06:03:28.2562507Z   pixman                         0.43.2               h59595ed_0               conda-forge
2025-02-11T06:03:28.2562891Z   pkgutil-resolve-name           1.3.10               pyhd8ed1ab_1             conda-forge
2025-02-11T06:03:28.2563293Z   platformdirs                   4.2.2                pyhd8ed1ab_0             conda-forge
2025-02-11T06:03:28.2563651Z   plotly                         5.22.0               pyhd8ed1ab_0             conda-forge
2025-02-11T06:03:28.2563990Z   pluggy                         1.5.0                pyhd8ed1ab_0             conda-forge
2025-02-11T06:03:28.2564364Z   prometheus_client              0.20.0               pyhd8ed1ab_0             conda-forge
2025-02-11T06:03:28.2564762Z   prompt-toolkit                 3.0.47               pyha770c72_0             conda-forge
2025-02-11T06:03:28.2565135Z   psutil                         5.9.8                py312h98912ed_0          conda-forge
2025-02-11T06:03:28.2565499Z   pthread-stubs                  0.4                  h36c2ea0_1001            conda-forge
2025-02-11T06:03:28.2565871Z   ptyprocess                     0.7.0                pyhd3deb0d_0             conda-forge
2025-02-11T06:03:28.2566231Z   pure_eval                      0.2.2                pyhd8ed1ab_0             conda-forge
2025-02-11T06:03:28.2566582Z   py-cpuinfo                     9.0.0                pyhd8ed1ab_0             conda-forge
2025-02-11T06:03:28.2566936Z   pybtex                         0.24.0               pyhd8ed1ab_2             conda-forge
2025-02-11T06:03:28.2567314Z   pybtex-docutils                1.0.3                py312h7900ff3_1          conda-forge
2025-02-11T06:03:28.2567693Z   pycparser                      2.22                 pyhd8ed1ab_0             conda-forge
2025-02-11T06:03:28.2568042Z   pyerfa                         2.0.1.4              py312h085067d_1          conda-forge
2025-02-11T06:03:28.2568581Z   pygments                       2.18.0               pyhd8ed1ab_0             conda-forge
2025-02-11T06:03:28.2568946Z   pygraphviz                     1.13                 py312h4a1d8a7_1          conda-forge
2025-02-11T06:03:28.2569307Z   pyparsing                      3.1.2                pyhd8ed1ab_0             conda-forge
2025-02-11T06:03:28.2569665Z   pysocks                        1.7.1                pyha2e5f31_6             conda-forge
2025-02-11T06:03:28.2570009Z   pytables                       3.9.2                py312h96d95ec_2          conda-forge
2025-02-11T06:03:28.2570356Z   pytest                         8.2.2                pyhd8ed1ab_0             conda-forge
2025-02-11T06:03:28.2570709Z   pytest-cov                     5.0.0                pyhd8ed1ab_0             conda-forge
2025-02-11T06:03:28.2571103Z   pytest-doctestplus             1.2.1                pyhd8ed1ab_0             conda-forge
2025-02-11T06:03:28.2571498Z   pytest-html                    4.1.1                pyhd8ed1ab_0             conda-forge
2025-02-11T06:03:28.2571881Z   pytest-metadata                3.1.1                pyhd8ed1ab_0             conda-forge
2025-02-11T06:03:28.2572264Z   python                         3.12.4               h194c7f8_0_cpython       conda-forge
2025-02-11T06:03:28.2572634Z   python-dateutil                2.9.0                pyhd8ed1ab_0             conda-forge
2025-02-11T06:03:28.2573050Z   python-fastjsonschema          2.20.0               pyhd8ed1ab_0             conda-forge
2025-02-11T06:03:28.2573472Z   python-json-logger             2.0.7                pyhd8ed1ab_0             conda-forge
2025-02-11T06:03:28.2574003Z   python-tzdata                  2024.1               pyhd8ed1ab_0             conda-forge
2025-02-11T06:03:28.2574385Z   python_abi                     3.12                 4_cp312                  conda-forge
2025-02-11T06:03:28.2574727Z   pytz                           2024.1               pyhd8ed1ab_0             conda-forge
2025-02-11T06:03:28.2575185Z   pyyaml                         6.0.1                py312h98912ed_1          conda-forge
2025-02-11T06:03:28.2575520Z   pyzmq                          26.0.3               py312h8fd38d8_0          conda-forge
2025-02-11T06:03:28.2575851Z   qgrid                          1.3.1                pyhd8ed1ab_4             conda-forge
2025-02-11T06:03:28.2576221Z   radioactivedecay               0.5.1                pyhd8ed1ab_0             conda-forge
2025-02-11T06:03:28.2576597Z   readline                       8.2                  h8228510_1               conda-forge
2025-02-11T06:03:28.2576955Z   recommonmark                   0.7.1                pyhd8ed1ab_0             conda-forge
2025-02-11T06:03:28.2577334Z   referencing                    0.35.1               pyhd8ed1ab_0             conda-forge
2025-02-11T06:03:28.2577698Z   requests                       2.32.3               pyhd8ed1ab_0             conda-forge
2025-02-11T06:03:28.2578082Z   rfc3339-validator              0.1.4                pyhd8ed1ab_0             conda-forge
2025-02-11T06:03:28.2578674Z   rfc3986-validator              0.1.1                pyh9f0ad1d_0             conda-forge
2025-02-11T06:03:28.2579046Z   rpds-py                        0.18.1               py312h4413252_0          conda-forge
2025-02-11T06:03:28.2579375Z   ruff                           0.4.9                py312h5715c7c_0          conda-forge
2025-02-11T06:03:28.2579700Z   scipy                          1.13.1               py312hc2bc53b_0          conda-forge
2025-02-11T06:03:28.2580051Z   send2trash                     1.8.3                pyh0d859eb_0             conda-forge
2025-02-11T06:03:28.2580422Z   setuptools                     70.0.0               pyhd8ed1ab_0             conda-forge
2025-02-11T06:03:28.2580798Z   setuptools-scm                 8.1.0                pyhd8ed1ab_0             conda-forge
2025-02-11T06:03:28.2581175Z   setuptools_scm                 8.1.0                hd8ed1ab_0               conda-forge
2025-02-11T06:03:28.2581527Z   six                            1.16.0               pyh6c4a22f_0             conda-forge
2025-02-11T06:03:28.2581863Z   snakeviz                       2.2.0                pyhd8ed1ab_0             conda-forge
2025-02-11T06:03:28.2582204Z   snappy                         1.2.0                hdb0a2a9_1               conda-forge
2025-02-11T06:03:28.2582547Z   sniffio                        1.3.1                pyhd8ed1ab_0             conda-forge
2025-02-11T06:03:28.2582922Z   snowballstemmer                2.2.0                pyhd8ed1ab_0             conda-forge
2025-02-11T06:03:28.2583299Z   soupsieve                      2.5                  pyhd8ed1ab_1             conda-forge
2025-02-11T06:03:28.2583651Z   sphinx                         7.3.7                pyhd8ed1ab_0             conda-forge
2025-02-11T06:03:28.2584022Z   sphinx-astropy                 1.9.1                pyhd8ed1ab_0             conda-forge
2025-02-11T06:03:28.2584430Z   sphinx-automodapi              0.17.0               pyh717bed2_1             conda-forge
2025-02-11T06:03:28.2584829Z   sphinx-gallery                 0.16.0               pyhd8ed1ab_0             conda-forge
2025-02-11T06:03:28.2585225Z   sphinx-jsonschema              1.19.1               pyhd8ed1ab_0             conda-forge
2025-02-11T06:03:28.2585641Z   sphinx_bootstrap_theme         0.8.1                pyhd8ed1ab_0             conda-forge
2025-02-11T06:03:28.2586044Z   sphinx_rtd_theme               2.0.0                pyha770c72_0             conda-forge
2025-02-11T06:03:28.2586448Z   sphinxcontrib-apidoc           0.3.0                py_1                     conda-forge
2025-02-11T06:03:28.2587023Z   sphinxcontrib-applehelp        1.0.8                pyhd8ed1ab_0             conda-forge
2025-02-11T06:03:28.2587482Z   sphinxcontrib-bibtex           2.6.2                pyhd8ed1ab_0             conda-forge
2025-02-11T06:03:28.2587916Z   sphinxcontrib-devhelp          1.0.6                pyhd8ed1ab_0             conda-forge
2025-02-11T06:03:28.2588661Z   sphinxcontrib-htmlhelp         2.0.5                pyhd8ed1ab_0             conda-forge
2025-02-11T06:03:28.2589112Z   sphinxcontrib-jquery           4.1                  pyhd8ed1ab_0             conda-forge
2025-02-11T06:03:28.2589535Z   sphinxcontrib-jsmath           1.0.1                pyhd8ed1ab_0             conda-forge
2025-02-11T06:03:28.2589958Z   sphinxcontrib-qthelp           1.0.7                pyhd8ed1ab_0             conda-forge
2025-02-11T06:03:28.2590421Z   sphinxcontrib-serializinghtml  1.1.10               pyhd8ed1ab_0             conda-forge
2025-02-11T06:03:28.2590849Z   stack_data                     0.6.2                pyhd8ed1ab_0             conda-forge
2025-02-11T06:03:28.2591199Z   sympy                          1.12.1               pypyh2585a3b_103         conda-forge
2025-02-11T06:03:28.2591543Z   tabulate                       0.9.0                pyhd8ed1ab_1             conda-forge
2025-02-11T06:03:28.2591908Z   tenacity                       8.4.1                pyhd8ed1ab_0             conda-forge
2025-02-11T06:03:28.2592364Z   terminado                      0.18.1               pyh0d859eb_0             conda-forge
2025-02-11T06:03:28.2592994Z   tinycss2                       1.3.0                pyhd8ed1ab_0             conda-forge
2025-02-11T06:03:28.2593565Z   tk                             8.6.13               noxft_h4845f30_101       conda-forge
2025-02-11T06:03:28.2594127Z   toml                           0.10.2               pyhd8ed1ab_0             conda-forge
2025-02-11T06:03:28.2594609Z   tomli                          2.0.1                pyhd8ed1ab_0             conda-forge
2025-02-11T06:03:28.2594946Z   tornado                        6.4.1                py312h9a8786e_0          conda-forge
2025-02-11T06:03:28.2595283Z   tqdm                           4.66.4               pyhd8ed1ab_0             conda-forge
2025-02-11T06:03:28.2595622Z   traitlets                      5.14.3               pyhd8ed1ab_0             conda-forge
2025-02-11T06:03:28.2595983Z   typed-ast                      1.5.5                py312h98912ed_1          conda-forge
2025-02-11T06:03:28.2596392Z   types-python-dateutil          2.9.0.20240316       pyhd8ed1ab_0             conda-forge
2025-02-11T06:03:28.2596834Z   typing-extensions              4.12.2               hd8ed1ab_0               conda-forge
2025-02-11T06:03:28.2597249Z   typing_extensions              4.12.2               pyha770c72_0             conda-forge
2025-02-11T06:03:28.2597639Z   typing_utils                   0.1.0                pyhd8ed1ab_0             conda-forge
2025-02-11T06:03:28.2598001Z   tzdata                         2024a                h0c530f3_0               conda-forge
2025-02-11T06:03:28.2598547Z   uri-template                   1.3.0                pyhd8ed1ab_0             conda-forge
2025-02-11T06:03:28.2599088Z   urllib3                        2.2.2                pyhd8ed1ab_0             conda-forge
2025-02-11T06:03:28.2599439Z   wcwidth                        0.2.13               pyhd8ed1ab_0             conda-forge
2025-02-11T06:03:28.2599794Z   webcolors                      24.6.0               pyhd8ed1ab_0             conda-forge
2025-02-11T06:03:28.2600163Z   webencodings                   0.5.1                pyhd8ed1ab_2             conda-forge
2025-02-11T06:03:28.2600552Z   websocket-client               1.8.0                pyhd8ed1ab_0             conda-forge
2025-02-11T06:03:28.2600920Z   wheel                          0.43.0               pyhd8ed1ab_1             conda-forge
2025-02-11T06:03:28.2601303Z   widgetsnbextension             3.6.6                pyhd8ed1ab_0             conda-forge
2025-02-11T06:03:28.2601726Z   xorg-kbproto                   1.0.7                h7f98852_1002            conda-forge
2025-02-11T06:03:28.2602251Z   xorg-libice                    1.1.1                hd590300_0               conda-forge
2025-02-11T06:03:28.2602620Z   xorg-libsm                     1.2.4                h7391055_0               conda-forge
2025-02-11T06:03:28.2603083Z   xorg-libx11                    1.8.9                h8ee46fc_0               conda-forge
2025-02-11T06:03:28.2603440Z   xorg-libxau                    1.0.11               hd590300_0               conda-forge
2025-02-11T06:03:28.2603805Z   xorg-libxdmcp                  1.1.3                h7f98852_0               conda-forge
2025-02-11T06:03:28.2604174Z   xorg-libxext                   1.3.4                h0b41bf4_2               conda-forge
2025-02-11T06:03:28.2604550Z   xorg-libxrender                0.9.11               hd590300_0               conda-forge
2025-02-11T06:03:28.2604942Z   xorg-renderproto               0.11.1               h7f98852_1002            conda-forge
2025-02-11T06:03:28.2605334Z   xorg-xextproto                 7.3.0                h0b41bf4_1003            conda-forge
2025-02-11T06:03:28.2605707Z   xorg-xproto                    7.0.31               h7f98852_1007            conda-forge
2025-02-11T06:03:28.2606039Z   xz                             5.2.6                h166bdaf_0               conda-forge
2025-02-11T06:03:28.2606358Z   yaml                           0.2.5                h7f98852_2               conda-forge
2025-02-11T06:03:28.2606676Z   zeromq                         4.3.5                h75354e8_4               conda-forge
2025-02-11T06:03:28.2607002Z   zipp                           3.19.2               pyhd8ed1ab_0             conda-forge
2025-02-11T06:03:28.2607353Z   zlib                           1.3.1                h4ab18f5_1               conda-forge
2025-02-11T06:03:28.2607675Z   zlib-ng                        2.0.7                h0b41bf4_0               conda-forge
2025-02-11T06:03:28.2608006Z   zstd                           1.5.6                ha6fb4c9_0               conda-forge
2025-02-11T06:03:28.2608716Z ##[endgroup]
2025-02-11T06:03:28.2642396Z ##[group]Run pip install -e . --user
2025-02-11T06:03:28.2642737Z [36;1mpip install -e . --user[0m
2025-02-11T06:03:28.2672189Z shell: /usr/bin/bash -l {0}
2025-02-11T06:03:28.2672439Z env:
2025-02-11T06:03:28.2672615Z   CACHE_NUMBER: 0
2025-02-11T06:03:28.2673223Z   PYTEST_FLAGS: --tardis-regression-data=/home/runner/work/tardis/tardis/tardis-regression-data --cov=tardis --cov-report=xml --cov-report=html --cov-append
2025-02-11T06:03:28.2673875Z   CODECOV_TOKEN: 
2025-02-11T06:03:28.2674109Z   MAMBA_ROOT_PREFIX: /home/runner/micromamba
2025-02-11T06:03:28.2674422Z   MAMBA_EXE: /home/runner/micromamba-bin/micromamba
2025-02-11T06:03:28.2674776Z   CONDARC: /home/runner/work/_temp/setup-micromamba/.condarc
2025-02-11T06:03:28.2675079Z ##[endgroup]
2025-02-11T06:03:28.9170822Z Obtaining file:///home/runner/work/tardis/tardis
2025-02-11T06:03:28.9198032Z   Installing build dependencies: started
2025-02-11T06:03:31.8375481Z   Installing build dependencies: finished with status 'done'
2025-02-11T06:03:31.8382544Z   Checking if build backend supports build_editable: started
2025-02-11T06:03:31.9645385Z   Checking if build backend supports build_editable: finished with status 'done'
2025-02-11T06:03:31.9653127Z   Getting requirements to build editable: started
2025-02-11T06:03:32.4301575Z   Getting requirements to build editable: finished with status 'done'
2025-02-11T06:03:32.4309454Z   Preparing editable metadata (pyproject.toml): started
2025-02-11T06:03:32.9050313Z   Preparing editable metadata (pyproject.toml): finished with status 'done'
2025-02-11T06:03:32.9632978Z Requirement already satisfied: astropy in /home/runner/micromamba/envs/tardis/lib/python3.12/site-packages (from tardis==0.0.0) (6.1.1)
2025-02-11T06:03:33.0011461Z Requirement already satisfied: numpy>=1.23 in /home/runner/micromamba/envs/tardis/lib/python3.12/site-packages (from astropy->tardis==0.0.0) (1.26.4)
2025-02-11T06:03:33.0020732Z Requirement already satisfied: pyerfa>=2.0.1.1 in /home/runner/micromamba/envs/tardis/lib/python3.12/site-packages (from astropy->tardis==0.0.0) (2.0.1.4)
2025-02-11T06:03:33.0030877Z Requirement already satisfied: astropy-iers-data>=0.2024.5.27.0.30.8 in /home/runner/micromamba/envs/tardis/lib/python3.12/site-packages (from astropy->tardis==0.0.0) (0.2024.6.17.0.31.35)
2025-02-11T06:03:33.0041318Z Requirement already satisfied: PyYAML>=3.13 in /home/runner/micromamba/envs/tardis/lib/python3.12/site-packages (from astropy->tardis==0.0.0) (6.0.1)
2025-02-11T06:03:33.0051395Z Requirement already satisfied: packaging>=19.0 in /home/runner/micromamba/envs/tardis/lib/python3.12/site-packages (from astropy->tardis==0.0.0) (24.1)
2025-02-11T06:03:33.0138264Z Building wheels for collected packages: tardis
2025-02-11T06:03:33.0146955Z   Building editable for tardis (pyproject.toml): started
2025-02-11T06:03:33.7941765Z   Building editable for tardis (pyproject.toml): finished with status 'done'
2025-02-11T06:03:33.7948278Z   Created wheel for tardis: filename=tardis-0.0.0-0.editable-py3-none-any.whl size=8879 sha256=152eb4a81cc7cfed5b57dfdc44dc27f66c6ed9bfa493af4c55bd07c50d806a76
2025-02-11T06:03:33.7950296Z   Stored in directory: /tmp/pip-ephem-wheel-cache-73t9qpnn/wheels/6a/c7/ae/89fa6dc2565455898176888ef0e2e475e4e90eb0124afcb995
2025-02-11T06:03:33.7976020Z Successfully built tardis
2025-02-11T06:03:34.5530097Z Installing collected packages: tardis
2025-02-11T06:03:34.5771611Z Successfully installed tardis-0.0.0
2025-02-11T06:03:34.7873234Z ##[group]Run pip install qgridnext
2025-02-11T06:03:34.7873566Z [36;1mpip install qgridnext[0m
2025-02-11T06:03:34.7901355Z shell: /usr/bin/bash -l {0}
2025-02-11T06:03:34.7901597Z env:
2025-02-11T06:03:34.7901776Z   CACHE_NUMBER: 0
2025-02-11T06:03:34.7902398Z   PYTEST_FLAGS: --tardis-regression-data=/home/runner/work/tardis/tardis/tardis-regression-data --cov=tardis --cov-report=xml --cov-report=html --cov-append
2025-02-11T06:03:34.7903045Z   CODECOV_TOKEN: 
2025-02-11T06:03:34.7903268Z   MAMBA_ROOT_PREFIX: /home/runner/micromamba
2025-02-11T06:03:34.7903665Z   MAMBA_EXE: /home/runner/micromamba-bin/micromamba
2025-02-11T06:03:34.7904019Z   CONDARC: /home/runner/work/_temp/setup-micromamba/.condarc
2025-02-11T06:03:34.7904333Z ##[endgroup]
2025-02-11T06:03:35.5191467Z Collecting qgridnext
2025-02-11T06:03:35.5984632Z   Downloading qgridnext-2.0.4-py3-none-any.whl.metadata (9.9 kB)
2025-02-11T06:03:35.6906690Z Requirement already satisfied: pandas>=0.20.0 in /home/runner/micromamba/envs/tardis/lib/python3.12/site-packages (from qgridnext) (2.2.2)
2025-02-11T06:03:35.6919057Z Requirement already satisfied: ipywidgets>=7.0.0 in /home/runner/micromamba/envs/tardis/lib/python3.12/site-packages (from qgridnext) (7.8.0)
2025-02-11T06:03:35.6932151Z Requirement already satisfied: numpy in /home/runner/micromamba/envs/tardis/lib/python3.12/site-packages (from qgridnext) (1.26.4)
2025-02-11T06:03:35.6946605Z Requirement already satisfied: traitlets in /home/runner/micromamba/envs/tardis/lib/python3.12/site-packages (from qgridnext) (5.14.3)
2025-02-11T06:03:35.7062827Z Requirement already satisfied: comm>=0.1.3 in /home/runner/micromamba/envs/tardis/lib/python3.12/site-packages (from ipywidgets>=7.0.0->qgridnext) (0.2.2)
2025-02-11T06:03:35.7071174Z Requirement already satisfied: ipython-genutils~=0.2.0 in /home/runner/micromamba/envs/tardis/lib/python3.12/site-packages (from ipywidgets>=7.0.0->qgridnext) (0.2.0)
2025-02-11T06:03:35.7083657Z Requirement already satisfied: widgetsnbextension~=3.6.5 in /home/runner/micromamba/envs/tardis/lib/python3.12/site-packages (from ipywidgets>=7.0.0->qgridnext) (3.6.6)
2025-02-11T06:03:35.7101233Z Requirement already satisfied: ipython>=4.0.0 in /home/runner/micromamba/envs/tardis/lib/python3.12/site-packages (from ipywidgets>=7.0.0->qgridnext) (8.25.0)
2025-02-11T06:03:35.7115427Z Requirement already satisfied: jupyterlab-widgets<3,>=1.0.0 in /home/runner/micromamba/envs/tardis/lib/python3.12/site-packages (from ipywidgets>=7.0.0->qgridnext) (1.1.7)
2025-02-11T06:03:35.7654527Z Requirement already satisfied: python-dateutil>=2.8.2 in /home/runner/micromamba/envs/tardis/lib/python3.12/site-packages (from pandas>=0.20.0->qgridnext) (2.9.0)
2025-02-11T06:03:35.7667109Z Requirement already satisfied: pytz>=2020.1 in /home/runner/micromamba/envs/tardis/lib/python3.12/site-packages (from pandas>=0.20.0->qgridnext) (2024.1)
2025-02-11T06:03:35.7674965Z Requirement already satisfied: tzdata>=2022.7 in /home/runner/micromamba/envs/tardis/lib/python3.12/site-packages (from pandas>=0.20.0->qgridnext) (2024.1)
2025-02-11T06:03:35.8007858Z Requirement already satisfied: decorator in /home/runner/micromamba/envs/tardis/lib/python3.12/site-packages (from ipython>=4.0.0->ipywidgets>=7.0.0->qgridnext) (5.1.1)
2025-02-11T06:03:35.8030473Z Requirement already satisfied: jedi>=0.16 in /home/runner/micromamba/envs/tardis/lib/python3.12/site-packages (from ipython>=4.0.0->ipywidgets>=7.0.0->qgridnext) (0.19.1)
2025-02-11T06:03:35.8042183Z Requirement already satisfied: matplotlib-inline in /home/runner/micromamba/envs/tardis/lib/python3.12/site-packages (from ipython>=4.0.0->ipywidgets>=7.0.0->qgridnext) (0.1.7)
2025-02-11T06:03:35.8055328Z Requirement already satisfied: prompt-toolkit<3.1.0,>=3.0.41 in /home/runner/micromamba/envs/tardis/lib/python3.12/site-packages (from ipython>=4.0.0->ipywidgets>=7.0.0->qgridnext) (3.0.47)
2025-02-11T06:03:35.8065722Z Requirement already satisfied: pygments>=2.4.0 in /home/runner/micromamba/envs/tardis/lib/python3.12/site-packages (from ipython>=4.0.0->ipywidgets>=7.0.0->qgridnext) (2.18.0)
2025-02-11T06:03:35.8079679Z Requirement already satisfied: stack-data in /home/runner/micromamba/envs/tardis/lib/python3.12/site-packages (from ipython>=4.0.0->ipywidgets>=7.0.0->qgridnext) (0.6.2)
2025-02-11T06:03:35.8106377Z Requirement already satisfied: pexpect>4.3 in /home/runner/micromamba/envs/tardis/lib/python3.12/site-packages (from ipython>=4.0.0->ipywidgets>=7.0.0->qgridnext) (4.9.0)
2025-02-11T06:03:35.8174657Z Requirement already satisfied: six>=1.5 in /home/runner/micromamba/envs/tardis/lib/python3.12/site-packages (from python-dateutil>=2.8.2->pandas>=0.20.0->qgridnext) (1.16.0)
2025-02-11T06:03:35.8262720Z Requirement already satisfied: notebook>=4.4.1 in /home/runner/micromamba/envs/tardis/lib/python3.12/site-packages (from widgetsnbextension~=3.6.5->ipywidgets>=7.0.0->qgridnext) (7.2.1)
2025-02-11T06:03:35.8486232Z Requirement already satisfied: parso<0.9.0,>=0.8.3 in /home/runner/micromamba/envs/tardis/lib/python3.12/site-packages (from jedi>=0.16->ipython>=4.0.0->ipywidgets>=7.0.0->qgridnext) (0.8.4)
2025-02-11T06:03:35.8676190Z Requirement already satisfied: jupyter-server<3,>=2.4.0 in /home/runner/micromamba/envs/tardis/lib/python3.12/site-packages (from notebook>=4.4.1->widgetsnbextension~=3.6.5->ipywidgets>=7.0.0->qgridnext) (2.14.1)
2025-02-11T06:03:35.8689974Z Requirement already satisfied: jupyterlab-server<3,>=2.27.1 in /home/runner/micromamba/envs/tardis/lib/python3.12/site-packages (from notebook>=4.4.1->widgetsnbextension~=3.6.5->ipywidgets>=7.0.0->qgridnext) (2.27.2)
2025-02-11T06:03:35.8705457Z Requirement already satisfied: jupyterlab<4.3,>=4.2.0 in /home/runner/micromamba/envs/tardis/lib/python3.12/site-packages (from notebook>=4.4.1->widgetsnbextension~=3.6.5->ipywidgets>=7.0.0->qgridnext) (4.2.2)
2025-02-11T06:03:35.8716443Z Requirement already satisfied: notebook-shim<0.3,>=0.2 in /home/runner/micromamba/envs/tardis/lib/python3.12/site-packages (from notebook>=4.4.1->widgetsnbextension~=3.6.5->ipywidgets>=7.0.0->qgridnext) (0.2.4)
2025-02-11T06:03:35.8725374Z Requirement already satisfied: tornado>=6.2.0 in /home/runner/micromamba/envs/tardis/lib/python3.12/site-packages (from notebook>=4.4.1->widgetsnbextension~=3.6.5->ipywidgets>=7.0.0->qgridnext) (6.4.1)
2025-02-11T06:03:35.8756174Z Requirement already satisfied: ptyprocess>=0.5 in /home/runner/micromamba/envs/tardis/lib/python3.12/site-packages (from pexpect>4.3->ipython>=4.0.0->ipywidgets>=7.0.0->qgridnext) (0.7.0)
2025-02-11T06:03:35.8785533Z Requirement already satisfied: wcwidth in /home/runner/micromamba/envs/tardis/lib/python3.12/site-packages (from prompt-toolkit<3.1.0,>=3.0.41->ipython>=4.0.0->ipywidgets>=7.0.0->qgridnext) (0.2.13)
2025-02-11T06:03:35.8950831Z Requirement already satisfied: executing>=1.2.0 in /home/runner/micromamba/envs/tardis/lib/python3.12/site-packages (from stack-data->ipython>=4.0.0->ipywidgets>=7.0.0->qgridnext) (2.0.1)
2025-02-11T06:03:35.8963980Z Requirement already satisfied: asttokens>=2.1.0 in /home/runner/micromamba/envs/tardis/lib/python3.12/site-packages (from stack-data->ipython>=4.0.0->ipywidgets>=7.0.0->qgridnext) (2.4.1)
2025-02-11T06:03:35.8974260Z Requirement already satisfied: pure-eval in /home/runner/micromamba/envs/tardis/lib/python3.12/site-packages (from stack-data->ipython>=4.0.0->ipywidgets>=7.0.0->qgridnext) (0.2.2)
2025-02-11T06:03:35.9376048Z Requirement already satisfied: anyio>=3.1.0 in /home/runner/micromamba/envs/tardis/lib/python3.12/site-packages (from jupyter-server<3,>=2.4.0->notebook>=4.4.1->widgetsnbextension~=3.6.5->ipywidgets>=7.0.0->qgridnext) (4.4.0)
2025-02-11T06:03:35.9386981Z Requirement already satisfied: argon2-cffi>=21.1 in /home/runner/micromamba/envs/tardis/lib/python3.12/site-packages (from jupyter-server<3,>=2.4.0->notebook>=4.4.1->widgetsnbextension~=3.6.5->ipywidgets>=7.0.0->qgridnext) (23.1.0)
2025-02-11T06:03:35.9397201Z Requirement already satisfied: jinja2>=3.0.3 in /home/runner/micromamba/envs/tardis/lib/python3.12/site-packages (from jupyter-server<3,>=2.4.0->notebook>=4.4.1->widgetsnbextension~=3.6.5->ipywidgets>=7.0.0->qgridnext) (3.1.4)
2025-02-11T06:03:35.9409507Z Requirement already satisfied: jupyter-client>=7.4.4 in /home/runner/micromamba/envs/tardis/lib/python3.12/site-packages (from jupyter-server<3,>=2.4.0->notebook>=4.4.1->widgetsnbextension~=3.6.5->ipywidgets>=7.0.0->qgridnext) (8.6.2)
2025-02-11T06:03:35.9422868Z Requirement already satisfied: jupyter-core!=5.0.*,>=4.12 in /home/runner/micromamba/envs/tardis/lib/python3.12/site-packages (from jupyter-server<3,>=2.4.0->notebook>=4.4.1->widgetsnbextension~=3.6.5->ipywidgets>=7.0.0->qgridnext) (5.7.2)
2025-02-11T06:03:35.9433267Z Requirement already satisfied: jupyter-events>=0.9.0 in /home/runner/micromamba/envs/tardis/lib/python3.12/site-packages (from jupyter-server<3,>=2.4.0->notebook>=4.4.1->widgetsnbextension~=3.6.5->ipywidgets>=7.0.0->qgridnext) (0.10.0)
2025-02-11T06:03:35.9445321Z Requirement already satisfied: jupyter-server-terminals>=0.4.4 in /home/runner/micromamba/envs/tardis/lib/python3.12/site-packages (from jupyter-server<3,>=2.4.0->notebook>=4.4.1->widgetsnbextension~=3.6.5->ipywidgets>=7.0.0->qgridnext) (0.5.3)
2025-02-11T06:03:35.9458066Z Requirement already satisfied: nbconvert>=6.4.4 in /home/runner/micromamba/envs/tardis/lib/python3.12/site-packages (from jupyter-server<3,>=2.4.0->notebook>=4.4.1->widgetsnbextension~=3.6.5->ipywidgets>=7.0.0->qgridnext) (7.16.4)
2025-02-11T06:03:35.9469790Z Requirement already satisfied: nbformat>=5.3.0 in /home/runner/micromamba/envs/tardis/lib/python3.12/site-packages (from jupyter-server<3,>=2.4.0->notebook>=4.4.1->widgetsnbextension~=3.6.5->ipywidgets>=7.0.0->qgridnext) (5.10.4)
2025-02-11T06:03:35.9479215Z Requirement already satisfied: overrides>=5.0 in /home/runner/micromamba/envs/tardis/lib/python3.12/site-packages (from jupyter-server<3,>=2.4.0->notebook>=4.4.1->widgetsnbextension~=3.6.5->ipywidgets>=7.0.0->qgridnext) (7.7.0)
2025-02-11T06:03:35.9488973Z Requirement already satisfied: packaging>=22.0 in /home/runner/micromamba/envs/tardis/lib/python3.12/site-packages (from jupyter-server<3,>=2.4.0->notebook>=4.4.1->widgetsnbextension~=3.6.5->ipywidgets>=7.0.0->qgridnext) (24.1)
2025-02-11T06:03:35.9498994Z Requirement already satisfied: prometheus-client>=0.9 in /home/runner/micromamba/envs/tardis/lib/python3.12/site-packages (from jupyter-server<3,>=2.4.0->notebook>=4.4.1->widgetsnbextension~=3.6.5->ipywidgets>=7.0.0->qgridnext) (0.20.0)
2025-02-11T06:03:35.9509357Z Requirement already satisfied: pyzmq>=24 in /home/runner/micromamba/envs/tardis/lib/python3.12/site-packages (from jupyter-server<3,>=2.4.0->notebook>=4.4.1->widgetsnbextension~=3.6.5->ipywidgets>=7.0.0->qgridnext) (26.0.3)
2025-02-11T06:03:35.9518175Z Requirement already satisfied: send2trash>=1.8.2 in /home/runner/micromamba/envs/tardis/lib/python3.12/site-packages (from jupyter-server<3,>=2.4.0->notebook>=4.4.1->widgetsnbextension~=3.6.5->ipywidgets>=7.0.0->qgridnext) (1.8.3)
2025-02-11T06:03:35.9549860Z Requirement already satisfied: terminado>=0.8.3 in /home/runner/micromamba/envs/tardis/lib/python3.12/site-packages (from jupyter-server<3,>=2.4.0->notebook>=4.4.1->widgetsnbextension~=3.6.5->ipywidgets>=7.0.0->qgridnext) (0.18.1)
2025-02-11T06:03:35.9552268Z Requirement already satisfied: websocket-client>=1.7 in /home/runner/micromamba/envs/tardis/lib/python3.12/site-packages (from jupyter-server<3,>=2.4.0->notebook>=4.4.1->widgetsnbextension~=3.6.5->ipywidgets>=7.0.0->qgridnext) (1.8.0)
2025-02-11T06:03:35.9838168Z Requirement already satisfied: async-lru>=1.0.0 in /home/runner/micromamba/envs/tardis/lib/python3.12/site-packages (from jupyterlab<4.3,>=4.2.0->notebook>=4.4.1->widgetsnbextension~=3.6.5->ipywidgets>=7.0.0->qgridnext) (2.0.4)
2025-02-11T06:03:35.9854094Z Requirement already satisfied: httpx>=0.25.0 in /home/runner/micromamba/envs/tardis/lib/python3.12/site-packages (from jupyterlab<4.3,>=4.2.0->notebook>=4.4.1->widgetsnbextension~=3.6.5->ipywidgets>=7.0.0->qgridnext) (0.27.0)
2025-02-11T06:03:35.9866989Z Requirement already satisfied: ipykernel>=6.5.0 in /home/runner/micromamba/envs/tardis/lib/python3.12/site-packages (from jupyterlab<4.3,>=4.2.0->notebook>=4.4.1->widgetsnbextension~=3.6.5->ipywidgets>=7.0.0->qgridnext) (6.29.4)
2025-02-11T06:03:35.9883351Z Requirement already satisfied: jupyter-lsp>=2.0.0 in /home/runner/micromamba/envs/tardis/lib/python3.12/site-packages (from jupyterlab<4.3,>=4.2.0->notebook>=4.4.1->widgetsnbextension~=3.6.5->ipywidgets>=7.0.0->qgridnext) (2.2.5)
2025-02-11T06:03:35.9913537Z Requirement already satisfied: setuptools>=40.1.0 in /home/runner/micromamba/envs/tardis/lib/python3.12/site-packages (from jupyterlab<4.3,>=4.2.0->notebook>=4.4.1->widgetsnbextension~=3.6.5->ipywidgets>=7.0.0->qgridnext) (70.0.0)
2025-02-11T06:03:36.0122676Z Requirement already satisfied: babel>=2.10 in /home/runner/micromamba/envs/tardis/lib/python3.12/site-packages (from jupyterlab-server<3,>=2.27.1->notebook>=4.4.1->widgetsnbextension~=3.6.5->ipywidgets>=7.0.0->qgridnext) (2.14.0)
2025-02-11T06:03:36.0148582Z Requirement already satisfied: json5>=0.9.0 in /home/runner/micromamba/envs/tardis/lib/python3.12/site-packages (from jupyterlab-server<3,>=2.27.1->notebook>=4.4.1->widgetsnbextension~=3.6.5->ipywidgets>=7.0.0->qgridnext) (0.9.25)
2025-02-11T06:03:36.0160059Z Requirement already satisfied: jsonschema>=4.18.0 in /home/runner/micromamba/envs/tardis/lib/python3.12/site-packages (from jupyterlab-server<3,>=2.27.1->notebook>=4.4.1->widgetsnbextension~=3.6.5->ipywidgets>=7.0.0->qgridnext) (4.22.0)
2025-02-11T06:03:36.0179608Z Requirement already satisfied: requests>=2.31 in /home/runner/micromamba/envs/tardis/lib/python3.12/site-packages (from jupyterlab-server<3,>=2.27.1->notebook>=4.4.1->widgetsnbextension~=3.6.5->ipywidgets>=7.0.0->qgridnext) (2.32.3)
2025-02-11T06:03:36.0575758Z Requirement already satisfied: idna>=2.8 in /home/runner/micromamba/envs/tardis/lib/python3.12/site-packages (from anyio>=3.1.0->jupyter-server<3,>=2.4.0->notebook>=4.4.1->widgetsnbextension~=3.6.5->ipywidgets>=7.0.0->qgridnext) (3.7)
2025-02-11T06:03:36.0586458Z Requirement already satisfied: sniffio>=1.1 in /home/runner/micromamba/envs/tardis/lib/python3.12/site-packages (from anyio>=3.1.0->jupyter-server<3,>=2.4.0->notebook>=4.4.1->widgetsnbextension~=3.6.5->ipywidgets>=7.0.0->qgridnext) (1.3.1)
2025-02-11T06:03:36.0679199Z Requirement already satisfied: argon2-cffi-bindings in /home/runner/micromamba/envs/tardis/lib/python3.12/site-packages (from argon2-cffi>=21.1->jupyter-server<3,>=2.4.0->notebook>=4.4.1->widgetsnbextension~=3.6.5->ipywidgets>=7.0.0->qgridnext) (21.2.0)
2025-02-11T06:03:36.0860521Z Requirement already satisfied: certifi in /home/runner/micromamba/envs/tardis/lib/python3.12/site-packages (from httpx>=0.25.0->jupyterlab<4.3,>=4.2.0->notebook>=4.4.1->widgetsnbextension~=3.6.5->ipywidgets>=7.0.0->qgridnext) (2024.6.2)
2025-02-11T06:03:36.0876639Z Requirement already satisfied: httpcore==1.* in /home/runner/micromamba/envs/tardis/lib/python3.12/site-packages (from httpx>=0.25.0->jupyterlab<4.3,>=4.2.0->notebook>=4.4.1->widgetsnbextension~=3.6.5->ipywidgets>=7.0.0->qgridnext) (1.0.5)
2025-02-11T06:03:36.0974196Z Requirement already satisfied: h11<0.15,>=0.13 in /home/runner/micromamba/envs/tardis/lib/python3.12/site-packages (from httpcore==1.*->httpx>=0.25.0->jupyterlab<4.3,>=4.2.0->notebook>=4.4.1->widgetsnbextension~=3.6.5->ipywidgets>=7.0.0->qgridnext) (0.14.0)
2025-02-11T06:03:36.1161538Z Requirement already satisfied: debugpy>=1.6.5 in /home/runner/micromamba/envs/tardis/lib/python3.12/site-packages (from ipykernel>=6.5.0->jupyterlab<4.3,>=4.2.0->notebook>=4.4.1->widgetsnbextension~=3.6.5->ipywidgets>=7.0.0->qgridnext) (1.8.1)
2025-02-11T06:03:36.1183588Z Requirement already satisfied: nest-asyncio in /home/runner/micromamba/envs/tardis/lib/python3.12/site-packages (from ipykernel>=6.5.0->jupyterlab<4.3,>=4.2.0->notebook>=4.4.1->widgetsnbextension~=3.6.5->ipywidgets>=7.0.0->qgridnext) (1.6.0)
2025-02-11T06:03:36.1199163Z Requirement already satisfied: psutil in /home/runner/micromamba/envs/tardis/lib/python3.12/site-packages (from ipykernel>=6.5.0->jupyterlab<4.3,>=4.2.0->notebook>=4.4.1->widgetsnbextension~=3.6.5->ipywidgets>=7.0.0->qgridnext) (5.9.8)
2025-02-11T06:03:36.1262716Z Requirement already satisfied: MarkupSafe>=2.0 in /home/runner/micromamba/envs/tardis/lib/python3.12/site-packages (from jinja2>=3.0.3->jupyter-server<3,>=2.4.0->notebook>=4.4.1->widgetsnbextension~=3.6.5->ipywidgets>=7.0.0->qgridnext) (2.1.5)
2025-02-11T06:03:36.1493975Z Requirement already satisfied: attrs>=22.2.0 in /home/runner/micromamba/envs/tardis/lib/python3.12/site-packages (from jsonschema>=4.18.0->jupyterlab-server<3,>=2.27.1->notebook>=4.4.1->widgetsnbextension~=3.6.5->ipywidgets>=7.0.0->qgridnext) (23.2.0)
2025-02-11T06:03:36.1504989Z Requirement already satisfied: jsonschema-specifications>=2023.03.6 in /home/runner/micromamba/envs/tardis/lib/python3.12/site-packages (from jsonschema>=4.18.0->jupyterlab-server<3,>=2.27.1->notebook>=4.4.1->widgetsnbextension~=3.6.5->ipywidgets>=7.0.0->qgridnext) (2023.12.1)
2025-02-11T06:03:36.1514582Z Requirement already satisfied: referencing>=0.28.4 in /home/runner/micromamba/envs/tardis/lib/python3.12/site-packages (from jsonschema>=4.18.0->jupyterlab-server<3,>=2.27.1->notebook>=4.4.1->widgetsnbextension~=3.6.5->ipywidgets>=7.0.0->qgridnext) (0.35.1)
2025-02-11T06:03:36.1524638Z Requirement already satisfied: rpds-py>=0.7.1 in /home/runner/micromamba/envs/tardis/lib/python3.12/site-packages (from jsonschema>=4.18.0->jupyterlab-server<3,>=2.27.1->notebook>=4.4.1->widgetsnbextension~=3.6.5->ipywidgets>=7.0.0->qgridnext) (0.18.1)
2025-02-11T06:03:36.1788174Z Requirement already satisfied: platformdirs>=2.5 in /home/runner/micromamba/envs/tardis/lib/python3.12/site-packages (from jupyter-core!=5.0.*,>=4.12->jupyter-server<3,>=2.4.0->notebook>=4.4.1->widgetsnbextension~=3.6.5->ipywidgets>=7.0.0->qgridnext) (4.2.2)
2025-02-11T06:03:36.1939791Z Requirement already satisfied: python-json-logger>=2.0.4 in /home/runner/micromamba/envs/tardis/lib/python3.12/site-packages (from jupyter-events>=0.9.0->jupyter-server<3,>=2.4.0->notebook>=4.4.1->widgetsnbextension~=3.6.5->ipywidgets>=7.0.0->qgridnext) (2.0.7)
2025-02-11T06:03:36.1947817Z Requirement already satisfied: pyyaml>=5.3 in /home/runner/micromamba/envs/tardis/lib/python3.12/site-packages (from jupyter-events>=0.9.0->jupyter-server<3,>=2.4.0->notebook>=4.4.1->widgetsnbextension~=3.6.5->ipywidgets>=7.0.0->qgridnext) (6.0.1)
2025-02-11T06:03:36.1959033Z Requirement already satisfied: rfc3339-validator in /home/runner/micromamba/envs/tardis/lib/python3.12/site-packages (from jupyter-events>=0.9.0->jupyter-server<3,>=2.4.0->notebook>=4.4.1->widgetsnbextension~=3.6.5->ipywidgets>=7.0.0->qgridnext) (0.1.4)
2025-02-11T06:03:36.1971313Z Requirement already satisfied: rfc3986-validator>=0.1.1 in /home/runner/micromamba/envs/tardis/lib/python3.12/site-packages (from jupyter-events>=0.9.0->jupyter-server<3,>=2.4.0->notebook>=4.4.1->widgetsnbextension~=3.6.5->ipywidgets>=7.0.0->qgridnext) (0.1.1)
2025-02-11T06:03:36.2532531Z Requirement already satisfied: beautifulsoup4 in /home/runner/micromamba/envs/tardis/lib/python3.12/site-packages (from nbconvert>=6.4.4->jupyter-server<3,>=2.4.0->notebook>=4.4.1->widgetsnbextension~=3.6.5->ipywidgets>=7.0.0->qgridnext) (4.12.3)
2025-02-11T06:03:36.2557715Z Requirement already satisfied: bleach!=5.0.0 in /home/runner/micromamba/envs/tardis/lib/python3.12/site-packages (from nbconvert>=6.4.4->jupyter-server<3,>=2.4.0->notebook>=4.4.1->widgetsnbextension~=3.6.5->ipywidgets>=7.0.0->qgridnext) (6.1.0)
2025-02-11T06:03:36.2574457Z Requirement already satisfied: defusedxml in /home/runner/micromamba/envs/tardis/lib/python3.12/site-packages (from nbconvert>=6.4.4->jupyter-server<3,>=2.4.0->notebook>=4.4.1->widgetsnbextension~=3.6.5->ipywidgets>=7.0.0->qgridnext) (0.7.1)
2025-02-11T06:03:36.2589479Z Requirement already satisfied: jupyterlab-pygments in /home/runner/micromamba/envs/tardis/lib/python3.12/site-packages (from nbconvert>=6.4.4->jupyter-server<3,>=2.4.0->notebook>=4.4.1->widgetsnbextension~=3.6.5->ipywidgets>=7.0.0->qgridnext) (0.3.0)
2025-02-11T06:03:36.2601111Z Requirement already satisfied: mistune<4,>=2.0.3 in /home/runner/micromamba/envs/tardis/lib/python3.12/site-packages (from nbconvert>=6.4.4->jupyter-server<3,>=2.4.0->notebook>=4.4.1->widgetsnbextension~=3.6.5->ipywidgets>=7.0.0->qgridnext) (3.0.2)
2025-02-11T06:03:36.2613408Z Requirement already satisfied: nbclient>=0.5.0 in /home/runner/micromamba/envs/tardis/lib/python3.12/site-packages (from nbconvert>=6.4.4->jupyter-server<3,>=2.4.0->notebook>=4.4.1->widgetsnbextension~=3.6.5->ipywidgets>=7.0.0->qgridnext) (0.10.0)
2025-02-11T06:03:36.2629559Z Requirement already satisfied: pandocfilters>=1.4.1 in /home/runner/micromamba/envs/tardis/lib/python3.12/site-packages (from nbconvert>=6.4.4->jupyter-server<3,>=2.4.0->notebook>=4.4.1->widgetsnbextension~=3.6.5->ipywidgets>=7.0.0->qgridnext) (1.5.0)
2025-02-11T06:03:36.2639042Z Requirement already satisfied: tinycss2 in /home/runner/micromamba/envs/tardis/lib/python3.12/site-packages (from nbconvert>=6.4.4->jupyter-server<3,>=2.4.0->notebook>=4.4.1->widgetsnbextension~=3.6.5->ipywidgets>=7.0.0->qgridnext) (1.3.0)
2025-02-11T06:03:36.2754727Z Requirement already satisfied: fastjsonschema>=2.15 in /home/runner/micromamba/envs/tardis/lib/python3.12/site-packages (from nbformat>=5.3.0->jupyter-server<3,>=2.4.0->notebook>=4.4.1->widgetsnbextension~=3.6.5->ipywidgets>=7.0.0->qgridnext) (2.20.0)
2025-02-11T06:03:36.3095006Z Requirement already satisfied: charset-normalizer<4,>=2 in /home/runner/micromamba/envs/tardis/lib/python3.12/site-packages (from requests>=2.31->jupyterlab-server<3,>=2.27.1->notebook>=4.4.1->widgetsnbextension~=3.6.5->ipywidgets>=7.0.0->qgridnext) (3.3.2)
2025-02-11T06:03:36.3108744Z Requirement already satisfied: urllib3<3,>=1.21.1 in /home/runner/micromamba/envs/tardis/lib/python3.12/site-packages (from requests>=2.31->jupyterlab-server<3,>=2.27.1->notebook>=4.4.1->widgetsnbextension~=3.6.5->ipywidgets>=7.0.0->qgridnext) (2.2.2)
2025-02-11T06:03:36.3944134Z Requirement already satisfied: webencodings in /home/runner/micromamba/envs/tardis/lib/python3.12/site-packages (from bleach!=5.0.0->nbconvert>=6.4.4->jupyter-server<3,>=2.4.0->notebook>=4.4.1->widgetsnbextension~=3.6.5->ipywidgets>=7.0.0->qgridnext) (0.5.1)
2025-02-11T06:03:36.4579240Z Requirement already satisfied: fqdn in /home/runner/micromamba/envs/tardis/lib/python3.12/site-packages (from jsonschema[format-nongpl]>=4.18.0->jupyter-events>=0.9.0->jupyter-server<3,>=2.4.0->notebook>=4.4.1->widgetsnbextension~=3.6.5->ipywidgets>=7.0.0->qgridnext) (1.5.1)
2025-02-11T06:03:36.4595541Z Requirement already satisfied: isoduration in /home/runner/micromamba/envs/tardis/lib/python3.12/site-packages (from jsonschema[format-nongpl]>=4.18.0->jupyter-events>=0.9.0->jupyter-server<3,>=2.4.0->notebook>=4.4.1->widgetsnbextension~=3.6.5->ipywidgets>=7.0.0->qgridnext) (20.11.0)
2025-02-11T06:03:36.4608959Z Requirement already satisfied: jsonpointer>1.13 in /home/runner/micromamba/envs/tardis/lib/python3.12/site-packages (from jsonschema[format-nongpl]>=4.18.0->jupyter-events>=0.9.0->jupyter-server<3,>=2.4.0->notebook>=4.4.1->widgetsnbextension~=3.6.5->ipywidgets>=7.0.0->qgridnext) (3.0.0)
2025-02-11T06:03:36.4625285Z Requirement already satisfied: uri-template in /home/runner/micromamba/envs/tardis/lib/python3.12/site-packages (from jsonschema[format-nongpl]>=4.18.0->jupyter-events>=0.9.0->jupyter-server<3,>=2.4.0->notebook>=4.4.1->widgetsnbextension~=3.6.5->ipywidgets>=7.0.0->qgridnext) (1.3.0)
2025-02-11T06:03:36.4639144Z Requirement already satisfied: webcolors>=1.11 in /home/runner/micromamba/envs/tardis/lib/python3.12/site-packages (from jsonschema[format-nongpl]>=4.18.0->jupyter-events>=0.9.0->jupyter-server<3,>=2.4.0->notebook>=4.4.1->widgetsnbextension~=3.6.5->ipywidgets>=7.0.0->qgridnext) (24.6.0)
2025-02-11T06:03:36.5833531Z Requirement already satisfied: cffi>=1.0.1 in /home/runner/micromamba/envs/tardis/lib/python3.12/site-packages (from argon2-cffi-bindings->argon2-cffi>=21.1->jupyter-server<3,>=2.4.0->notebook>=4.4.1->widgetsnbextension~=3.6.5->ipywidgets>=7.0.0->qgridnext) (1.16.0)
2025-02-11T06:03:36.5953818Z Requirement already satisfied: soupsieve>1.2 in /home/runner/micromamba/envs/tardis/lib/python3.12/site-packages (from beautifulsoup4->nbconvert>=6.4.4->jupyter-server<3,>=2.4.0->notebook>=4.4.1->widgetsnbextension~=3.6.5->ipywidgets>=7.0.0->qgridnext) (2.5)
2025-02-11T06:03:36.6640585Z Requirement already satisfied: pycparser in /home/runner/micromamba/envs/tardis/lib/python3.12/site-packages (from cffi>=1.0.1->argon2-cffi-bindings->argon2-cffi>=21.1->jupyter-server<3,>=2.4.0->notebook>=4.4.1->widgetsnbextension~=3.6.5->ipywidgets>=7.0.0->qgridnext) (2.22)
2025-02-11T06:03:36.7295932Z Requirement already satisfied: arrow>=0.15.0 in /home/runner/micromamba/envs/tardis/lib/python3.12/site-packages (from isoduration->jsonschema[format-nongpl]>=4.18.0->jupyter-events>=0.9.0->jupyter-server<3,>=2.4.0->notebook>=4.4.1->widgetsnbextension~=3.6.5->ipywidgets>=7.0.0->qgridnext) (1.3.0)
2025-02-11T06:03:36.7689096Z Requirement already satisfied: types-python-dateutil>=2.8.10 in /home/runner/micromamba/envs/tardis/lib/python3.12/site-packages (from arrow>=0.15.0->isoduration->jsonschema[format-nongpl]>=4.18.0->jupyter-events>=0.9.0->jupyter-server<3,>=2.4.0->notebook>=4.4.1->widgetsnbextension~=3.6.5->ipywidgets>=7.0.0->qgridnext) (2.9.0.20240316)
2025-02-11T06:03:36.8169894Z Downloading qgridnext-2.0.4-py3-none-any.whl (1.3 MB)
2025-02-11T06:03:37.0516368Z    â”â”â”â”â”â”â”â”â”â”â”â”â”â”â”â”â”â”â”â”â”â”â”â”â”â”â”â”â”â”â”â”â”â”â”â”â”â”â”â” 1.3/1.3 MB 5.5 MB/s eta 0:00:00
2025-02-11T06:03:37.8607458Z Installing collected packages: qgridnext
2025-02-11T06:03:37.9297025Z Successfully installed qgridnext-2.0.4
2025-02-11T06:03:38.1063797Z ##[group]Run pytest tardis --tardis-regression-data=/home/runner/work/tardis/tardis/tardis-regression-data --cov=tardis --cov-report=xml --cov-report=html --cov-append -m " continuum"
2025-02-11T06:03:38.1065073Z [36;1mpytest tardis --tardis-regression-data=/home/runner/work/tardis/tardis/tardis-regression-data --cov=tardis --cov-report=xml --cov-report=html --cov-append -m " continuum"[0m
2025-02-11T06:03:38.1093291Z shell: /usr/bin/bash -l {0}
2025-02-11T06:03:38.1093527Z env:
2025-02-11T06:03:38.1093702Z   CACHE_NUMBER: 0
2025-02-11T06:03:38.1094316Z   PYTEST_FLAGS: --tardis-regression-data=/home/runner/work/tardis/tardis/tardis-regression-data --cov=tardis --cov-report=xml --cov-report=html --cov-append
2025-02-11T06:03:38.1094968Z   CODECOV_TOKEN: 
2025-02-11T06:03:38.1095185Z   MAMBA_ROOT_PREFIX: /home/runner/micromamba
2025-02-11T06:03:38.1095494Z   MAMBA_EXE: /home/runner/micromamba-bin/micromamba
2025-02-11T06:03:38.1095876Z   CONDARC: /home/runner/work/_temp/setup-micromamba/.condarc
2025-02-11T06:03:38.1096184Z ##[endgroup]
2025-02-11T06:03:46.4875712Z ============================= test session starts ==============================
2025-02-11T06:03:46.4876315Z platform linux -- Python 3.12.4, pytest-8.2.2, pluggy-1.5.0
2025-02-11T06:03:46.4877206Z rootdir: /home/runner/work/tardis/tardis
2025-02-11T06:03:46.4877586Z configfile: pyproject.toml
2025-02-11T06:03:46.4878060Z plugins: anyio-4.4.0, doctestplus-1.2.1, html-4.1.1, metadata-3.1.1, cov-5.0.0
2025-02-11T06:03:46.4878923Z collected 1796 items / 1794 deselected / 2 selected
2025-02-11T06:03:46.4879217Z 
2025-02-11T06:05:35.2780521Z tardis/transport/montecarlo/estimators/tests/test_continuum_property_solver.py . [ 50%]
2025-02-11T06:05:35.2783085Z                                                                          [ 50%]
2025-02-11T06:06:07.6440126Z tardis/transport/montecarlo/tests/test_continuum.py .                    [100%]
2025-02-11T06:06:07.6441375Z 
2025-02-11T06:06:07.6441799Z =============================== warnings summary ===============================
2025-02-11T06:06:07.6442336Z tardis/io/configuration/config_validator.py:6
2025-02-11T06:06:07.6442847Z tardis/io/configuration/config_validator.py:6
2025-02-11T06:06:07.6443667Z   /home/runner/work/tardis/tardis/tardis/io/configuration/config_validator.py:6: DeprecationWarning:
2025-02-11T06:06:07.6444462Z   
2025-02-11T06:06:07.6446662Z   jsonschema.RefResolver is deprecated as of v4.18.0, in favor of the https://github.com/python-jsonschema/referencing library, which provides more compliant referencing behavior as well as more flexible APIs for customization. A future release will remove RefResolver. Please file a feature request (on referencing) if you are missing an API for the kind of customization you need.
2025-02-11T06:06:07.6448968Z 
2025-02-11T06:06:07.6449389Z ../../../micromamba/envs/tardis/lib/python3.12/site-packages/jupyter_client/connect.py:22
2025-02-11T06:06:07.6450563Z   /home/runner/micromamba/envs/tardis/lib/python3.12/site-packages/jupyter_client/connect.py:22: DeprecationWarning:
2025-02-11T06:06:07.6451187Z   
2025-02-11T06:06:07.6451444Z   Jupyter is migrating its paths to use standard platformdirs
2025-02-11T06:06:07.6451853Z   given by the platformdirs library.  To remove this warning and
2025-02-11T06:06:07.6452267Z   see the appropriate new directories, set the environment variable
2025-02-11T06:06:07.6452675Z   `JUPYTER_PLATFORM_DIRS=1` and then run `jupyter --paths`.
2025-02-11T06:06:07.6453066Z   The use of platformdirs will be the default in `jupyter_core` v6
2025-02-11T06:06:07.6453310Z 
2025-02-11T06:06:07.6457073Z tardis/transport/montecarlo/estimators/tests/test_continuum_property_solver.py::test_continuum_estimators
2025-02-11T06:06:07.6457875Z   /home/runner/work/tardis/tardis/tardis/transport/montecarlo/montecarlo_main_loop.py:123: NumbaTypeSafetyWarning:
2025-02-11T06:06:07.6458618Z   
2025-02-11T06:06:07.6459212Z   [1m[1m[1munsafe cast from uint64 to int64. Precision may be lost.[0m[0m[0m
2025-02-11T06:06:07.6459779Z 
2025-02-11T06:06:07.6460001Z -- Docs: https://docs.pytest.org/en/stable/how-to/capture-warnings.html
2025-02-11T06:06:07.6460284Z 
2025-02-11T06:06:07.6460452Z ---------- coverage: platform linux, python 3.12.4-final-0 -----------
2025-02-11T06:06:07.6460825Z Coverage HTML written to dir coverage_html_report
2025-02-11T06:06:07.6461136Z Coverage XML written to file coverage.xml
2025-02-11T06:06:07.6461325Z 
2025-02-11T06:06:07.6461491Z ========== 2 passed, 1794 deselected, 4 warnings in 142.73s (0:02:22) ==========
2025-02-11T06:06:08.7607995Z ##[group]Run mv .coverage .coverage.3
2025-02-11T06:06:08.7608332Z [36;1mmv .coverage .coverage.3[0m
2025-02-11T06:06:08.7642022Z shell: /usr/bin/bash -l {0}
2025-02-11T06:06:08.7642267Z env:
2025-02-11T06:06:08.7642445Z   CACHE_NUMBER: 0
2025-02-11T06:06:08.7643060Z   PYTEST_FLAGS: --tardis-regression-data=/home/runner/work/tardis/tardis/tardis-regression-data --cov=tardis --cov-report=xml --cov-report=html --cov-append
2025-02-11T06:06:08.7643716Z   CODECOV_TOKEN: 
2025-02-11T06:06:08.7643938Z   MAMBA_ROOT_PREFIX: /home/runner/micromamba
2025-02-11T06:06:08.7644241Z   MAMBA_EXE: /home/runner/micromamba-bin/micromamba
2025-02-11T06:06:08.7644588Z   CONDARC: /home/runner/work/_temp/setup-micromamba/.condarc
2025-02-11T06:06:08.7645097Z ##[endgroup]
2025-02-11T06:06:08.8786780Z ##[group]Run actions/upload-artifact@v4
2025-02-11T06:06:08.8787072Z with:
2025-02-11T06:06:08.8787294Z   name: coverage--continuum-ubuntu-latest
2025-02-11T06:06:08.8787574Z   include-hidden-files: true
2025-02-11T06:06:08.8787810Z   path: .coverage*
!.coveragerc

2025-02-11T06:06:08.8788052Z   if-no-files-found: warn
2025-02-11T06:06:08.8788319Z   compression-level: 6
2025-02-11T06:06:08.8788751Z   overwrite: false
2025-02-11T06:06:08.8788934Z env:
2025-02-11T06:06:08.8789097Z   CACHE_NUMBER: 0
2025-02-11T06:06:08.8789695Z   PYTEST_FLAGS: --tardis-regression-data=/home/runner/work/tardis/tardis/tardis-regression-data --cov=tardis --cov-report=xml --cov-report=html --cov-append
2025-02-11T06:06:08.8790319Z   CODECOV_TOKEN: 
2025-02-11T06:06:08.8790531Z   MAMBA_ROOT_PREFIX: /home/runner/micromamba
2025-02-11T06:06:08.8790830Z   MAMBA_EXE: /home/runner/micromamba-bin/micromamba
2025-02-11T06:06:08.8791183Z   CONDARC: /home/runner/work/_temp/setup-micromamba/.condarc
2025-02-11T06:06:08.8791516Z ##[endgroup]
2025-02-11T06:06:09.1138176Z With the provided path, there will be 1 file uploaded
2025-02-11T06:06:09.1143668Z Artifact name is valid!
2025-02-11T06:06:09.1144926Z Root directory input is valid!
2025-02-11T06:06:09.2666062Z Beginning upload of artifact content to blob storage
2025-02-11T06:06:09.4538607Z Uploaded bytes 18364
2025-02-11T06:06:09.4987623Z Finished uploading artifact content to blob storage!
2025-02-11T06:06:09.4991770Z SHA256 hash of uploaded artifact zip is 79304f45754b637a7aa147ed6c4223cfe299f8158fa554c1cb2c98f1747187e2
2025-02-11T06:06:09.4993231Z Finalizing artifact upload
2025-02-11T06:06:09.6124524Z Artifact coverage--continuum-ubuntu-latest.zip successfully finalized. Artifact ID 2569461437
2025-02-11T06:06:09.6126259Z Artifact coverage--continuum-ubuntu-latest has been successfully uploaded! Final size is 18364 bytes. Artifact ID is 2569461437
2025-02-11T06:06:09.6133253Z Artifact download URL: https://github.com/tardis-sn/tardis/actions/runs/13256820324/artifacts/2569461437
2025-02-11T06:06:09.6256138Z Post job cleanup.
2025-02-11T06:06:09.6304095Z Post job cleanup.
2025-02-11T06:06:09.7649159Z Will use pre-installed micromamba at /home/runner/micromamba-bin/micromamba
2025-02-11T06:06:09.7655677Z Removing micromamba run shell ...
2025-02-11T06:06:09.7659336Z ##[group]Deinitialize micromamba for bash
2025-02-11T06:06:09.7678222Z [command]/home/runner/micromamba-bin/micromamba shell deinit -s bash -r /home/runner/micromamba --log-level warning --rc-file /home/runner/work/_temp/setup-micromamba/.condarc
2025-02-11T06:06:09.7776445Z Resetting RC file "/home/runner/.bashrc"
2025-02-11T06:06:09.7776959Z Deleting config for root prefix 
2025-02-11T06:06:09.7777442Z Clearing mamba executable environment variable
2025-02-11T06:06:09.7779539Z Removing the following in your "/home/runner/.bashrc" file
2025-02-11T06:06:09.7780162Z # >>> mamba initialize >>>
2025-02-11T06:06:09.7780532Z ...
2025-02-11T06:06:09.7780823Z # <<< mamba initialize <<<
2025-02-11T06:06:09.7808834Z Removing mamba initialize block from .bash_profile
2025-02-11T06:06:09.7824192Z ##[endgroup]
2025-02-11T06:06:09.7828557Z Removing environment tardis from auto-activate bash ...
2025-02-11T06:06:09.7951636Z Post job cleanup.
2025-02-11T06:06:09.7988308Z Post job cleanup.
2025-02-11T06:06:09.8960563Z [command]/usr/bin/git version
2025-02-11T06:06:09.8998735Z git version 2.48.1
2025-02-11T06:06:09.9049680Z Temporarily overriding HOME='/home/runner/work/_temp/21dc5c96-23fc-4dfb-a0ee-2f254bfa922d' before making global git config changes
2025-02-11T06:06:09.9051036Z Adding repository directory to the temporary git global config as a safe directory
2025-02-11T06:06:09.9056011Z [command]/usr/bin/git config --global --add safe.directory /home/runner/work/tardis/tardis/tardis-regression-data
2025-02-11T06:06:09.9090865Z [command]/usr/bin/git config --local --name-only --get-regexp core\.sshCommand
2025-02-11T06:06:09.9122933Z [command]/usr/bin/git submodule foreach --recursive sh -c "git config --local --name-only --get-regexp 'core\.sshCommand' && git config --local --unset-all 'core.sshCommand' || :"
2025-02-11T06:06:09.9356648Z [command]/usr/bin/git config --local --name-only --get-regexp http\.https\:\/\/github\.com\/\.extraheader
2025-02-11T06:06:09.9380304Z http.https://github.com/.extraheader
2025-02-11T06:06:09.9393600Z [command]/usr/bin/git config --local --unset-all http.https://github.com/.extraheader
2025-02-11T06:06:09.9428165Z [command]/usr/bin/git submodule foreach --recursive sh -c "git config --local --name-only --get-regexp 'http\.https\:\/\/github\.com\/\.extraheader' && git config --local --unset-all 'http.https://github.com/.extraheader' || :"
2025-02-11T06:06:09.9816187Z Post job cleanup.
2025-02-11T06:06:10.0764736Z [command]/usr/bin/git version
2025-02-11T06:06:10.0801550Z git version 2.48.1
2025-02-11T06:06:10.0849957Z Temporarily overriding HOME='/home/runner/work/_temp/11d71e40-1c15-4987-8aa7-329a82917a21' before making global git config changes
2025-02-11T06:06:10.0851320Z Adding repository directory to the temporary git global config as a safe directory
2025-02-11T06:06:10.0854867Z [command]/usr/bin/git config --global --add safe.directory /home/runner/work/tardis/tardis
2025-02-11T06:06:10.0888777Z [command]/usr/bin/git config --local --name-only --get-regexp core\.sshCommand
2025-02-11T06:06:10.0920242Z [command]/usr/bin/git submodule foreach --recursive sh -c "git config --local --name-only --get-regexp 'core\.sshCommand' && git config --local --unset-all 'core.sshCommand' || :"
2025-02-11T06:06:10.1154674Z [command]/usr/bin/git config --local --name-only --get-regexp http\.https\:\/\/github\.com\/\.extraheader
2025-02-11T06:06:10.1183892Z http.https://github.com/.extraheader
2025-02-11T06:06:10.1206935Z [command]/usr/bin/git config --local --unset-all http.https://github.com/.extraheader
2025-02-11T06:06:10.1252032Z [command]/usr/bin/git submodule foreach --recursive sh -c "git config --local --name-only --get-regexp 'http\.https\:\/\/github\.com\/\.extraheader' && git config --local --unset-all 'http.https://github.com/.extraheader' || :"
2025-02-11T06:06:10.1630581Z Cleaning up orphan processes
