2025-01-27T10:59:20.0336280Z ##[debug]Evaluating condition for step: 'Setup LFS'
2025-01-27T10:59:20.0339750Z ##[debug]Evaluating: success()
2025-01-27T10:59:20.0341260Z ##[debug]Evaluating success:
2025-01-27T10:59:20.0343220Z ##[debug]=> true
2025-01-27T10:59:20.0344450Z ##[debug]Result: true
2025-01-27T10:59:20.0346540Z ##[debug]Starting: Setup LFS
2025-01-27T10:59:20.0542390Z Prepare all required actions
2025-01-27T10:59:20.0543390Z Getting action download info
2025-01-27T10:59:20.1993860Z ##[debug]Action 'actions/checkout@v4' already downloaded at '/Users/runner/work/_actions/actions/checkout/v4'.
2025-01-27T10:59:20.2000550Z Download action repository 'actions/cache@v4' (SHA:1bd1e32a3bdc45362d1e726936510720a7c30a57)
2025-01-27T10:59:20.2026070Z ##[debug]Copied action archive '/Users/runner/actionarchivecache/actions_cache/1bd1e32a3bdc45362d1e726936510720a7c30a57.tar.gz' to '/Users/runner/work/_actions/_temp_dcf8486e-34ea-46e8-804e-718eaf787131/4f6e5fe8-fdda-4427-a963-8d0c851aaf77.tar.gz'
2025-01-27T10:59:20.3476000Z ##[debug]Unwrap 'actions-cache-1bd1e32' to '/Users/runner/work/_actions/actions/cache/v4'
2025-01-27T10:59:20.3661400Z ##[debug]Archive '/Users/runner/work/_actions/_temp_dcf8486e-34ea-46e8-804e-718eaf787131/4f6e5fe8-fdda-4427-a963-8d0c851aaf77.tar.gz' has been unzipped into '/Users/runner/work/_actions/actions/cache/v4'.
2025-01-27T10:59:20.3757250Z ##[debug]action.yml for action: '/Users/runner/work/_actions/actions/checkout/v4/action.yml'.
2025-01-27T10:59:20.3867770Z ##[debug]action.yml for action: '/Users/runner/work/_actions/actions/cache/v4/restore/action.yml'.
2025-01-27T10:59:20.4038340Z ##[debug]Register post job cleanup for action: /./.github/actions/setup_lfs
2025-01-27T10:59:20.4068750Z ##[debug]Loading inputs
2025-01-27T10:59:20.4073690Z ##[debug]Loading env
2025-01-27T10:59:20.4086980Z ##[group]Run ./.github/actions/setup_lfs
2025-01-27T10:59:20.4087750Z with:
2025-01-27T10:59:20.4088440Z   regression-data-repo: tardis-sn/tardis-regression-data
2025-01-27T10:59:20.4089320Z   atom-data-sparse: false
2025-01-27T10:59:20.4090020Z env:
2025-01-27T10:59:20.4090630Z   CACHE_NUMBER: 0
2025-01-27T10:59:20.4092280Z   PYTEST_FLAGS: --tardis-regression-data=/Users/runner/work/tardis/tardis/tardis-regression-data --cov=tardis --cov-report=xml --cov-report=html --cov-append
2025-01-27T10:59:20.4094230Z   CODECOV_TOKEN: 
2025-01-27T10:59:20.4094840Z ##[endgroup]
2025-01-27T10:59:20.4142410Z ##[debug]Evaluating condition for step: 'run'
2025-01-27T10:59:20.4144770Z ##[debug]Evaluating: success()
2025-01-27T10:59:20.4145830Z ##[debug]Evaluating success:
2025-01-27T10:59:20.4147120Z ##[debug]=> true
2025-01-27T10:59:20.4148220Z ##[debug]Result: true
2025-01-27T10:59:20.4155750Z ##[debug]Starting: run
2025-01-27T10:59:20.4208220Z ##[debug]Register post job cleanup for action: actions/checkout@v4
2025-01-27T10:59:20.4229650Z ##[debug]Loading inputs
2025-01-27T10:59:20.4232050Z ##[debug]Evaluating: inputs.regression-data-repo
2025-01-27T10:59:20.4232980Z ##[debug]Evaluating Index:
2025-01-27T10:59:20.4233670Z ##[debug]..Evaluating inputs:
2025-01-27T10:59:20.4234400Z ##[debug]..=> Object
2025-01-27T10:59:20.4235050Z ##[debug]..Evaluating String:
2025-01-27T10:59:20.4235770Z ##[debug]..=> 'regression-data-repo'
2025-01-27T10:59:20.4236610Z ##[debug]=> 'tardis-sn/tardis-regression-data'
2025-01-27T10:59:20.4237500Z ##[debug]Result: 'tardis-sn/tardis-regression-data'
2025-01-27T10:59:20.4243270Z ##[debug]Evaluating: (((inputs.atom-data-sparse == 'true') && 'atom_data/kurucz_cd23_chianti_H_He.h5') || '')
2025-01-27T10:59:20.4244540Z ##[debug]Evaluating Or:
2025-01-27T10:59:20.4246290Z ##[debug]..Evaluating And:
2025-01-27T10:59:20.4247820Z ##[debug]....Evaluating Equal:
2025-01-27T10:59:20.4248950Z ##[debug]......Evaluating Index:
2025-01-27T10:59:20.4249650Z ##[debug]........Evaluating inputs:
2025-01-27T10:59:20.4250360Z ##[debug]........=> Object
2025-01-27T10:59:20.4251020Z ##[debug]........Evaluating String:
2025-01-27T10:59:20.4251780Z ##[debug]........=> 'atom-data-sparse'
2025-01-27T10:59:20.4252520Z ##[debug]......=> 'false'
2025-01-27T10:59:20.4253690Z ##[debug]......Evaluating String:
2025-01-27T10:59:20.4254510Z ##[debug]......=> 'true'
2025-01-27T10:59:20.4257370Z ##[debug]....=> false
2025-01-27T10:59:20.4258330Z ##[debug]..=> false
2025-01-27T10:59:20.4259070Z ##[debug]..Evaluating String:
2025-01-27T10:59:20.4259720Z ##[debug]..=> ''
2025-01-27T10:59:20.4260300Z ##[debug]=> ''
2025-01-27T10:59:20.4264120Z ##[debug]Expanded: ((('false' == 'true') && 'atom_data/kurucz_cd23_chianti_H_He.h5') || '')
2025-01-27T10:59:20.4265200Z ##[debug]Result: ''
2025-01-27T10:59:20.4267930Z ##[debug]Evaluating: github.token
2025-01-27T10:59:20.4268680Z ##[debug]Evaluating Index:
2025-01-27T10:59:20.4269350Z ##[debug]..Evaluating github:
2025-01-27T10:59:20.4270030Z ##[debug]..=> Object
2025-01-27T10:59:20.4326690Z ##[debug]..Evaluating String:
2025-01-27T10:59:20.4328400Z ##[debug]..=> 'token'
2025-01-27T10:59:20.4331060Z ##[debug]=> '***'
2025-01-27T10:59:20.4332770Z ##[debug]Result: '***'
2025-01-27T10:59:20.4348460Z ##[debug]Loading env
2025-01-27T10:59:20.4360310Z ##[group]Run actions/checkout@v4
2025-01-27T10:59:20.4361000Z with:
2025-01-27T10:59:20.4361740Z   repository: tardis-sn/tardis-regression-data
2025-01-27T10:59:20.4362620Z   path: tardis-regression-data
2025-01-27T10:59:20.4363270Z   lfs: false
2025-01-27T10:59:20.4364150Z   token: ***
2025-01-27T10:59:20.4364700Z   ssh-strict: true
2025-01-27T10:59:20.4365260Z   ssh-user: git
2025-01-27T10:59:20.4365840Z   persist-credentials: true
2025-01-27T10:59:20.4366480Z   clean: true
2025-01-27T10:59:20.4367050Z   sparse-checkout-cone-mode: true
2025-01-27T10:59:20.4367750Z   fetch-depth: 1
2025-01-27T10:59:20.4368320Z   fetch-tags: false
2025-01-27T10:59:20.4368890Z   show-progress: true
2025-01-27T10:59:20.4369470Z   submodules: false
2025-01-27T10:59:20.4370080Z   set-safe-directory: true
2025-01-27T10:59:20.4370700Z env:
2025-01-27T10:59:20.4371220Z   CACHE_NUMBER: 0
2025-01-27T10:59:20.4372830Z   PYTEST_FLAGS: --tardis-regression-data=/Users/runner/work/tardis/tardis/tardis-regression-data --cov=tardis --cov-report=xml --cov-report=html --cov-append
2025-01-27T10:59:20.4374630Z   CODECOV_TOKEN: 
2025-01-27T10:59:20.4375180Z ##[endgroup]
2025-01-27T10:59:20.5395270Z ##[debug]GITHUB_WORKSPACE = '/Users/runner/work/tardis/tardis'
2025-01-27T10:59:20.5399320Z ##[debug]qualified repository = 'tardis-sn/tardis-regression-data'
2025-01-27T10:59:20.5402760Z ##[debug]ref = ''
2025-01-27T10:59:20.5405100Z ##[debug]commit = 'undefined'
2025-01-27T10:59:20.5408190Z ##[debug]clean = true
2025-01-27T10:59:20.5410920Z ##[debug]filter = undefined
2025-01-27T10:59:20.5412090Z ##[debug]fetch depth = 1
2025-01-27T10:59:20.5413150Z ##[debug]fetch tags = false
2025-01-27T10:59:20.5414190Z ##[debug]show progress = true
2025-01-27T10:59:20.5415230Z ##[debug]lfs = false
2025-01-27T10:59:20.5416230Z ##[debug]submodules = false
2025-01-27T10:59:20.5417290Z ##[debug]recursive submodules = false
2025-01-27T10:59:20.5426960Z ##[debug]GitHub Host URL = 
2025-01-27T10:59:20.5431040Z ::add-matcher::/Users/runner/work/_actions/actions/checkout/v4/dist/problem-matcher.json
2025-01-27T10:59:20.5442960Z ##[debug]Added matchers: 'checkout-git'. Problem matchers scan action output for known warning or error strings and report these inline.
2025-01-27T10:59:20.5447120Z Syncing repository: tardis-sn/tardis-regression-data
2025-01-27T10:59:20.5450570Z ::group::Getting Git version info
2025-01-27T10:59:20.5451410Z ##[group]Getting Git version info
2025-01-27T10:59:20.5452970Z Working directory is '/Users/runner/work/tardis/tardis/tardis-regression-data'
2025-01-27T10:59:20.5476580Z ##[debug]Getting git version
2025-01-27T10:59:20.5500260Z [command]/opt/homebrew/bin/git version
2025-01-27T10:59:20.5567450Z git version 2.48.1
2025-01-27T10:59:20.5581180Z ##[debug]0
2025-01-27T10:59:20.5583690Z ##[debug]git version 2.48.1
2025-01-27T10:59:20.5585280Z ##[debug]
2025-01-27T10:59:20.5586820Z ##[debug]Set git useragent to: git/2.48.1 (github-actions-checkout)
2025-01-27T10:59:20.5588120Z ::endgroup::
2025-01-27T10:59:20.5588710Z ##[endgroup]
2025-01-27T10:59:20.5590510Z ::add-mask::***
2025-01-27T10:59:20.5592410Z Copying '/Users/runner/.gitconfig' to '/Users/runner/work/_temp/232de33d-1396-4345-9430-a26bc222cc3d/.gitconfig'
2025-01-27T10:59:20.5599010Z Temporarily overriding HOME='/Users/runner/work/_temp/232de33d-1396-4345-9430-a26bc222cc3d' before making global git config changes
2025-01-27T10:59:20.5601220Z Adding repository directory to the temporary git global config as a safe directory
2025-01-27T10:59:20.5606680Z [command]/opt/homebrew/bin/git config --global --add safe.directory /Users/runner/work/tardis/tardis/tardis-regression-data
2025-01-27T10:59:20.5662660Z ##[debug]0
2025-01-27T10:59:20.5664950Z ##[debug]
2025-01-27T10:59:20.5667400Z ::group::Initializing the repository
2025-01-27T10:59:20.5669250Z ##[group]Initializing the repository
2025-01-27T10:59:20.5672120Z [command]/opt/homebrew/bin/git init /Users/runner/work/tardis/tardis/tardis-regression-data
2025-01-27T10:59:20.5775120Z hint: Using 'master' as the name for the initial branch. This default branch name
2025-01-27T10:59:20.5778480Z hint: is subject to change. To configure the initial branch name to use in all
2025-01-27T10:59:20.5780280Z hint: of your new repositories, which will suppress this warning, call:
2025-01-27T10:59:20.5781490Z hint:
2025-01-27T10:59:20.5782310Z hint: 	git config --global init.defaultBranch <name>
2025-01-27T10:59:20.5783280Z hint:
2025-01-27T10:59:20.5784600Z hint: Names commonly chosen instead of 'master' are 'main', 'trunk' and
2025-01-27T10:59:20.5788340Z hint: 'development'. The just-created branch can be renamed via this command:
2025-01-27T10:59:20.5791230Z hint:
2025-01-27T10:59:20.5792820Z hint: 	git branch -m <name>
2025-01-27T10:59:20.5796270Z Initialized empty Git repository in /Users/runner/work/tardis/tardis/tardis-regression-data/.git/
2025-01-27T10:59:20.5807480Z ##[debug]0
2025-01-27T10:59:20.5812080Z ##[debug]Initialized empty Git repository in /Users/runner/work/tardis/tardis/tardis-regression-data/.git/
2025-01-27T10:59:20.5815280Z ##[debug]
2025-01-27T10:59:20.5817150Z [command]/opt/homebrew/bin/git remote add origin https://github.com/tardis-sn/tardis-regression-data
2025-01-27T10:59:20.5870410Z ##[debug]0
2025-01-27T10:59:20.5873500Z ##[debug]
2025-01-27T10:59:20.5874910Z ::endgroup::
2025-01-27T10:59:20.5875470Z ##[endgroup]
2025-01-27T10:59:20.5876840Z ::group::Disabling automatic garbage collection
2025-01-27T10:59:20.5877820Z ##[group]Disabling automatic garbage collection
2025-01-27T10:59:20.5882430Z [command]/opt/homebrew/bin/git config --local gc.auto 0
2025-01-27T10:59:20.5934780Z ##[debug]0
2025-01-27T10:59:20.5942510Z ##[debug]
2025-01-27T10:59:20.5943860Z ::endgroup::
2025-01-27T10:59:20.5944450Z ##[endgroup]
2025-01-27T10:59:20.5945420Z ::group::Setting up auth
2025-01-27T10:59:20.5946080Z ##[group]Setting up auth
2025-01-27T10:59:20.5987970Z [command]/opt/homebrew/bin/git config --local --name-only --get-regexp core\.sshCommand
2025-01-27T10:59:20.6018880Z ##[debug]1
2025-01-27T10:59:20.6022530Z ##[debug]
2025-01-27T10:59:20.6031720Z [command]/opt/homebrew/bin/git submodule foreach --recursive sh -c "git config --local --name-only --get-regexp 'core\.sshCommand' && git config --local --unset-all 'core.sshCommand' || :"
2025-01-27T10:59:20.6973380Z ##[debug]0
2025-01-27T10:59:20.6973740Z ##[debug]
2025-01-27T10:59:20.6983530Z [command]/opt/homebrew/bin/git config --local --name-only --get-regexp http\.https\:\/\/github\.com\/\.extraheader
2025-01-27T10:59:20.7040520Z ##[debug]1
2025-01-27T10:59:20.7141840Z ##[debug]
2025-01-27T10:59:20.7242990Z [command]/opt/homebrew/bin/git submodule foreach --recursive sh -c "git config --local --name-only --get-regexp 'http\.https\:\/\/github\.com\/\.extraheader' && git config --local --unset-all 'http.https://github.com/.extraheader' || :"
2025-01-27T10:59:20.8710120Z ##[debug]0
2025-01-27T10:59:20.8806830Z ##[debug]
2025-01-27T10:59:20.8910190Z [command]/opt/homebrew/bin/git config --local http.https://github.com/.extraheader AUTHORIZATION: basic ***
2025-01-27T10:59:20.8960320Z ##[debug]0
2025-01-27T10:59:20.8964100Z ##[debug]
2025-01-27T10:59:20.8965100Z ::endgroup::
2025-01-27T10:59:20.8965520Z ##[endgroup]
2025-01-27T10:59:20.8966530Z ::group::Determining the default branch
2025-01-27T10:59:20.8967820Z ##[group]Determining the default branch
2025-01-27T10:59:20.8969510Z Retrieving the default branch name
2025-01-27T10:59:21.3170350Z Default branch 'main'
2025-01-27T10:59:21.3175570Z ::endgroup::
2025-01-27T10:59:21.3175990Z ##[endgroup]
2025-01-27T10:59:21.3207970Z ::group::Fetching the repository
2025-01-27T10:59:21.3208280Z ##[group]Fetching the repository
2025-01-27T10:59:21.3251520Z [command]/opt/homebrew/bin/git -c protocol.version=2 fetch --no-tags --prune --no-recurse-submodules --depth=1 origin +refs/heads/main:refs/remotes/origin/main
2025-01-27T10:59:22.3331580Z From https://github.com/tardis-sn/tardis-regression-data
2025-01-27T10:59:22.3351280Z  * [new branch]      main       -> origin/main
2025-01-27T10:59:22.3373940Z ##[debug]0
2025-01-27T10:59:22.3374400Z ##[debug]
2025-01-27T10:59:22.3374730Z ::endgroup::
2025-01-27T10:59:22.3374910Z ##[endgroup]
2025-01-27T10:59:22.3375180Z ::group::Determining the checkout info
2025-01-27T10:59:22.3375460Z ##[group]Determining the checkout info
2025-01-27T10:59:22.3375980Z ::endgroup::
2025-01-27T10:59:22.3376180Z ##[endgroup]
2025-01-27T10:59:22.3378550Z [command]/opt/homebrew/bin/git sparse-checkout disable
2025-01-27T10:59:22.3431050Z ##[debug]0
2025-01-27T10:59:22.3431430Z ##[debug]
2025-01-27T10:59:22.3434510Z [command]/opt/homebrew/bin/git config --local --unset-all extensions.worktreeConfig
2025-01-27T10:59:22.3483780Z ##[debug]0
2025-01-27T10:59:22.3484130Z ##[debug]
2025-01-27T10:59:22.3484410Z ::group::Checking out the ref
2025-01-27T10:59:22.3484630Z ##[group]Checking out the ref
2025-01-27T10:59:22.3487410Z [command]/opt/homebrew/bin/git checkout --progress --force -B main refs/remotes/origin/main
2025-01-27T10:59:22.5193800Z Switched to a new branch 'main'
2025-01-27T10:59:22.5195290Z branch 'main' set up to track 'origin/main'.
2025-01-27T10:59:22.5873140Z ##[debug]0
2025-01-27T10:59:22.5874970Z ##[debug]branch 'main' set up to track 'origin/main'.
2025-01-27T10:59:22.5875200Z ##[debug]
2025-01-27T10:59:22.5875580Z ::endgroup::
2025-01-27T10:59:22.5875730Z ##[endgroup]
2025-01-27T10:59:22.5924920Z ##[debug]0
2025-01-27T10:59:22.5925270Z ##[debug]commit fa7729bc9c30e14b69acd641af8b692b56fcd416
2025-01-27T10:59:22.5925600Z ##[debug]Author: KasukabeDefenceForce <abhinavohri13@gmail.com>
2025-01-27T10:59:22.5925880Z ##[debug]Date:   Mon Jan 13 20:44:58 2025 +0530
2025-01-27T10:59:22.5926070Z ##[debug]
2025-01-27T10:59:22.5926310Z ##[debug]    copy the regression data files at the correct file path (#35)
2025-01-27T10:59:22.5938890Z ##[debug]
2025-01-27T10:59:22.5939270Z [command]/opt/homebrew/bin/git log -1 --format=%H
2025-01-27T10:59:22.5970990Z fa7729bc9c30e14b69acd641af8b692b56fcd416
2025-01-27T10:59:22.5973960Z ##[debug]0
2025-01-27T10:59:22.5974250Z ##[debug]fa7729bc9c30e14b69acd641af8b692b56fcd416
2025-01-27T10:59:22.5974470Z ##[debug]
2025-01-27T10:59:22.5978340Z ##[debug]Unsetting HOME override
2025-01-27T10:59:22.5982630Z ::remove-matcher owner=checkout-git::
2025-01-27T10:59:22.5983380Z ##[debug]Removed matchers: 'checkout-git'
2025-01-27T10:59:22.6021200Z ##[debug]Node Action run completed with exit code 0
2025-01-27T10:59:22.6025490Z ##[debug]Save intra-action state isPost = true
2025-01-27T10:59:22.6025810Z ##[debug]Save intra-action state setSafeDirectory = true
2025-01-27T10:59:22.6026250Z ##[debug]Save intra-action state repositoryPath = /Users/runner/work/tardis/tardis/tardis-regression-data
2025-01-27T10:59:22.6027100Z ##[debug]Set output commit = fa7729bc9c30e14b69acd641af8b692b56fcd416
2025-01-27T10:59:22.6027390Z ##[debug]Set output ref = refs/heads/main
2025-01-27T10:59:22.6030350Z ##[debug]Finished: run
2025-01-27T10:59:22.6034400Z ##[debug]Evaluating condition for step: 'run'
2025-01-27T10:59:22.6036570Z ##[debug]Evaluating: success()
2025-01-27T10:59:22.6036870Z ##[debug]Evaluating success:
2025-01-27T10:59:22.6037420Z ##[debug]=> true
2025-01-27T10:59:22.6037750Z ##[debug]Result: true
2025-01-27T10:59:22.6038280Z ##[debug]Starting: run
2025-01-27T10:59:22.6052820Z ##[debug]Loading inputs
2025-01-27T10:59:22.6054930Z ##[debug]Evaluating: format('if [ "{0}" == "true" ]; then
2025-01-27T10:59:22.6055190Z ##[debug]  echo "Using atom data sparse checkout"
2025-01-27T10:59:22.6055470Z ##[debug]  echo "atom_data/kurucz_cd23_chianti_H_He.h5" > .lfs-files-list
2025-01-27T10:59:22.6055720Z ##[debug]else
2025-01-27T10:59:22.6055870Z ##[debug]  echo "Using full repository checkout"
2025-01-27T10:59:22.6056140Z ##[debug]  git lfs ls-files -l | cut -d'' '' -f1 | sort > .lfs-files-list
2025-01-27T10:59:22.6056370Z ##[debug]fi
2025-01-27T10:59:22.6056500Z ##[debug]', inputs.atom-data-sparse)
2025-01-27T10:59:22.6056730Z ##[debug]Evaluating format:
2025-01-27T10:59:22.6056900Z ##[debug]..Evaluating String:
2025-01-27T10:59:22.6057100Z ##[debug]..=> 'if [ "{0}" == "true" ]; then
2025-01-27T10:59:22.6057310Z ##[debug]  echo "Using atom data sparse checkout"
2025-01-27T10:59:22.6057590Z ##[debug]  echo "atom_data/kurucz_cd23_chianti_H_He.h5" > .lfs-files-list
2025-01-27T10:59:22.6057830Z ##[debug]else
2025-01-27T10:59:22.6057980Z ##[debug]  echo "Using full repository checkout"
2025-01-27T10:59:22.6058240Z ##[debug]  git lfs ls-files -l | cut -d'' '' -f1 | sort > .lfs-files-list
2025-01-27T10:59:22.6058460Z ##[debug]fi
2025-01-27T10:59:22.6058560Z ##[debug]'
2025-01-27T10:59:22.6058840Z ##[debug]..Evaluating Index:
2025-01-27T10:59:22.6059000Z ##[debug]....Evaluating inputs:
2025-01-27T10:59:22.6059170Z ##[debug]....=> Object
2025-01-27T10:59:22.6059320Z ##[debug]....Evaluating String:
2025-01-27T10:59:22.6059490Z ##[debug]....=> 'atom-data-sparse'
2025-01-27T10:59:22.6059670Z ##[debug]..=> 'false'
2025-01-27T10:59:22.6059840Z ##[debug]=> 'if [ "false" == "true" ]; then
2025-01-27T10:59:22.6060130Z ##[debug]  echo "Using atom data sparse checkout"
2025-01-27T10:59:22.6060380Z ##[debug]  echo "atom_data/kurucz_cd23_chianti_H_He.h5" > .lfs-files-list
2025-01-27T10:59:22.6060610Z ##[debug]else
2025-01-27T10:59:22.6060740Z ##[debug]  echo "Using full repository checkout"
2025-01-27T10:59:22.6060980Z ##[debug]  git lfs ls-files -l | cut -d'' '' -f1 | sort > .lfs-files-list
2025-01-27T10:59:22.6061190Z ##[debug]fi
2025-01-27T10:59:22.6061300Z ##[debug]'
2025-01-27T10:59:22.6061450Z ##[debug]Result: 'if [ "false" == "true" ]; then
2025-01-27T10:59:22.6061660Z ##[debug]  echo "Using atom data sparse checkout"
2025-01-27T10:59:22.6061900Z ##[debug]  echo "atom_data/kurucz_cd23_chianti_H_He.h5" > .lfs-files-list
2025-01-27T10:59:22.6062110Z ##[debug]else
2025-01-27T10:59:22.6062240Z ##[debug]  echo "Using full repository checkout"
2025-01-27T10:59:22.6062510Z ##[debug]  git lfs ls-files -l | cut -d'' '' -f1 | sort > .lfs-files-list
2025-01-27T10:59:22.6062720Z ##[debug]fi
2025-01-27T10:59:22.6062820Z ##[debug]'
2025-01-27T10:59:22.6063150Z ##[debug]Loading env
2025-01-27T10:59:22.6075690Z ##[group]Run if [ "false" == "true" ]; then
2025-01-27T10:59:22.6075940Z [36;1mif [ "false" == "true" ]; then[0m
2025-01-27T10:59:22.6076140Z [36;1m  echo "Using atom data sparse checkout"[0m
2025-01-27T10:59:22.6076410Z [36;1m  echo "atom_data/kurucz_cd23_chianti_H_He.h5" > .lfs-files-list[0m
2025-01-27T10:59:22.6076690Z [36;1melse[0m
2025-01-27T10:59:22.6076850Z [36;1m  echo "Using full repository checkout"[0m
2025-01-27T10:59:22.6077090Z [36;1m  git lfs ls-files -l | cut -d' ' -f1 | sort > .lfs-files-list[0m
2025-01-27T10:59:22.6077300Z [36;1mfi[0m
2025-01-27T10:59:22.6147890Z shell: /bin/bash --noprofile --norc -e -o pipefail {0}
2025-01-27T10:59:22.6148160Z env:
2025-01-27T10:59:22.6148300Z   CACHE_NUMBER: 0
2025-01-27T10:59:22.6148770Z   PYTEST_FLAGS: --tardis-regression-data=/Users/runner/work/tardis/tardis/tardis-regression-data --cov=tardis --cov-report=xml --cov-report=html --cov-append
2025-01-27T10:59:22.6149270Z   CODECOV_TOKEN: 
2025-01-27T10:59:22.6149400Z ##[endgroup]
2025-01-27T10:59:22.6223840Z ##[debug]/bin/bash --noprofile --norc -e -o pipefail /Users/runner/work/_temp/be78a6fc-ad64-46ca-8b60-22423a92c146.sh
2025-01-27T10:59:22.6492260Z Using full repository checkout
2025-01-27T10:59:22.8301520Z ##[debug]Finished: run
2025-01-27T10:59:22.8304240Z ##[debug]Evaluating condition for step: 'run'
2025-01-27T10:59:22.8305680Z ##[debug]Evaluating: success()
2025-01-27T10:59:22.8305960Z ##[debug]Evaluating success:
2025-01-27T10:59:22.8306270Z ##[debug]=> true
2025-01-27T10:59:22.8306570Z ##[debug]Result: true
2025-01-27T10:59:22.8307040Z ##[debug]Starting: run
2025-01-27T10:59:22.8393140Z ##[debug]Loading inputs
2025-01-27T10:59:22.8398260Z ##[debug]Evaluating: format('tardis-regression-{0}-{1}-{2}-v1', (((inputs.atom-data-sparse == 'true') && 'atom-data-sparse') || 'full-data'), hashFiles('tardis-regression-data/.lfs-files-list'), inputs.regression-data-repo)
2025-01-27T10:59:22.8398940Z ##[debug]Evaluating format:
2025-01-27T10:59:22.8399160Z ##[debug]..Evaluating String:
2025-01-27T10:59:22.8399410Z ##[debug]..=> 'tardis-regression-{0}-{1}-{2}-v1'
2025-01-27T10:59:22.8399920Z ##[debug]..Evaluating Or:
2025-01-27T10:59:22.8400140Z ##[debug]....Evaluating And:
2025-01-27T10:59:22.8400320Z ##[debug]......Evaluating Equal:
2025-01-27T10:59:22.8400570Z ##[debug]........Evaluating Index:
2025-01-27T10:59:22.8400770Z ##[debug]..........Evaluating inputs:
2025-01-27T10:59:22.8401020Z ##[debug]..........=> Object
2025-01-27T10:59:22.8401270Z ##[debug]..........Evaluating String:
2025-01-27T10:59:22.8401490Z ##[debug]..........=> 'atom-data-sparse'
2025-01-27T10:59:22.8401730Z ##[debug]........=> 'false'
2025-01-27T10:59:22.8401940Z ##[debug]........Evaluating String:
2025-01-27T10:59:22.8402150Z ##[debug]........=> 'true'
2025-01-27T10:59:22.8402330Z ##[debug]......=> false
2025-01-27T10:59:22.8402560Z ##[debug]....=> false
2025-01-27T10:59:22.8402750Z ##[debug]....Evaluating String:
2025-01-27T10:59:22.8402970Z ##[debug]....=> 'full-data'
2025-01-27T10:59:22.8403140Z ##[debug]..=> 'full-data'
2025-01-27T10:59:22.8403330Z ##[debug]..Evaluating hashFiles:
2025-01-27T10:59:22.8414380Z ##[debug]....Evaluating String:
2025-01-27T10:59:22.8414650Z ##[debug]....=> 'tardis-regression-data/.lfs-files-list'
2025-01-27T10:59:22.8415020Z ##[debug]Search root directory: '/Users/runner/work/tardis/tardis'
2025-01-27T10:59:22.8415810Z ##[debug]Search pattern: 'tardis-regression-data/.lfs-files-list'
2025-01-27T10:59:22.8419130Z ##[debug]Starting process:
2025-01-27T10:59:22.8419520Z ##[debug]  File name: '/Users/runner/runners/2.321.0/externals/node20/bin/node'
2025-01-27T10:59:22.8419870Z ##[debug]  Arguments: '"/Users/runner/runners/2.321.0/bin/hashFiles"'
2025-01-27T10:59:22.8420190Z ##[debug]  Working directory: '/Users/runner/work/tardis/tardis'
2025-01-27T10:59:22.8420530Z ##[debug]  Require exit code zero: 'False'
2025-01-27T10:59:22.8420790Z ##[debug]  Encoding web name:  ; code page: ''
2025-01-27T10:59:22.8421050Z ##[debug]  Force kill process on cancellation: 'False'
2025-01-27T10:59:22.8421290Z ##[debug]  Redirected STDIN: 'False'
2025-01-27T10:59:22.8421540Z ##[debug]  Persist current code page: 'False'
2025-01-27T10:59:22.8421820Z ##[debug]  Keep redirected STDIN open: 'False'
2025-01-27T10:59:22.8422050Z ##[debug]  High priority process: 'False'
2025-01-27T10:59:22.8681380Z ##[debug]Process started with process id 1734, waiting for process exit.
2025-01-27T10:59:22.9063260Z ##[debug]Match Pattern: tardis-regression-data/.lfs-files-list
2025-01-27T10:59:22.9065510Z ##[debug]::debug::followSymbolicLinks 'false'
2025-01-27T10:59:22.9068460Z ##[debug]::debug::followSymbolicLinks 'false'
2025-01-27T10:59:22.9069070Z ##[debug]::debug::implicitDescendants 'true'
2025-01-27T10:59:22.9069660Z ##[debug]::debug::matchDirectories 'true'
2025-01-27T10:59:22.9070310Z ##[debug]::debug::omitBrokenSymbolicLinks 'true'
2025-01-27T10:59:22.9072930Z ##[debug]::debug::Search path '/Users/runner/work/tardis/tardis/tardis-regression-data/.lfs-files-list'
2025-01-27T10:59:22.9080610Z ##[debug]/Users/runner/work/tardis/tardis/tardis-regression-data/.lfs-files-list
2025-01-27T10:59:22.9138170Z ##[debug]Hash result: '21f9fa4b6817cc69b9fae3598144724da7828e276a73bd17f47a2a49d9af090a'
2025-01-27T10:59:22.9140090Z ##[debug]Found 1 files to hash.
2025-01-27T10:59:22.9141190Z ##[debug]undefined
2025-01-27T10:59:22.9149220Z ##[debug]STDOUT/STDERR stream read finished.
2025-01-27T10:59:22.9149480Z ##[debug]STDOUT/STDERR stream read finished.
2025-01-27T10:59:22.9150830Z ##[debug]Finished process 1734 with exit code 0, and elapsed time 00:00:00.0727235.
2025-01-27T10:59:22.9151890Z ##[debug]..=> '21f9fa4b6817cc69b9fae3598144724da7828e276a73bd17f47a2a49d9af090a'
2025-01-27T10:59:22.9152530Z ##[debug]..Evaluating Index:
2025-01-27T10:59:22.9152720Z ##[debug]....Evaluating inputs:
2025-01-27T10:59:22.9153020Z ##[debug]....=> Object
2025-01-27T10:59:22.9153250Z ##[debug]....Evaluating String:
2025-01-27T10:59:22.9153460Z ##[debug]....=> 'regression-data-repo'
2025-01-27T10:59:22.9153870Z ##[debug]..=> 'tardis-sn/tardis-regression-data'
2025-01-27T10:59:22.9154480Z ##[debug]=> 'tardis-regression-full-data-21f9fa4b6817cc69b9fae3598144724da7828e276a73bd17f47a2a49d9af090a-tardis-sn/tardis-regression-data-v1'
2025-01-27T10:59:22.9155410Z ##[debug]Result: 'tardis-regression-full-data-21f9fa4b6817cc69b9fae3598144724da7828e276a73bd17f47a2a49d9af090a-tardis-sn/tardis-regression-data-v1'
2025-01-27T10:59:22.9159520Z ##[debug]Loading env
2025-01-27T10:59:22.9164240Z ##[group]Run actions/cache/restore@v4
2025-01-27T10:59:22.9164430Z with:
2025-01-27T10:59:22.9164580Z   path: tardis-regression-data/.git/lfs
2025-01-27T10:59:22.9165120Z   key: tardis-regression-full-data-21f9fa4b6817cc69b9fae3598144724da7828e276a73bd17f47a2a49d9af090a-tardis-sn/tardis-regression-data-v1
2025-01-27T10:59:22.9165620Z   fail-on-cache-miss: true
2025-01-27T10:59:22.9179890Z   enableCrossOsArchive: false
2025-01-27T10:59:22.9180070Z   lookup-only: false
2025-01-27T10:59:22.9180220Z env:
2025-01-27T10:59:22.9180360Z   CACHE_NUMBER: 0
2025-01-27T10:59:22.9180830Z   PYTEST_FLAGS: --tardis-regression-data=/Users/runner/work/tardis/tardis/tardis-regression-data --cov=tardis --cov-report=xml --cov-report=html --cov-append
2025-01-27T10:59:22.9181350Z   CODECOV_TOKEN: 
2025-01-27T10:59:22.9181490Z ##[endgroup]
2025-01-27T10:59:23.0326280Z ##[debug]Cache service version: v1
2025-01-27T10:59:23.0326720Z ##[debug]Resolved Keys:
2025-01-27T10:59:23.0327350Z ##[debug]["tardis-regression-full-data-21f9fa4b6817cc69b9fae3598144724da7828e276a73bd17f47a2a49d9af090a-tardis-sn/tardis-regression-data-v1"]
2025-01-27T10:59:23.0328070Z ##[debug]Checking zstd --quiet --version
2025-01-27T10:59:23.0477510Z ##[debug]1.5.6
2025-01-27T10:59:23.0479820Z ##[debug]zstd version: 1.5.6
2025-01-27T10:59:23.0486610Z ##[debug]Resource Url: https://acghubeus2.actions.githubusercontent.com/znkvyY1krvQ9BQOW4KRYIIo6lJBomEBkuJ1KNuIenT8KNTvLXL/_apis/artifactcache/cache?keys=tardis-regression-full-data-21f9fa4b6817cc69b9fae3598144724da7828e276a73bd17f47a2a49d9af090a-tardis-sn%2Ftardis-regression-data-v1&version=3583419d1e39533a34cee514049fac84c31f569026b650b6999994056146e85d
2025-01-27T10:59:23.2717160Z ##[debug]Resource Url: https://acghubeus2.actions.githubusercontent.com/znkvyY1krvQ9BQOW4KRYIIo6lJBomEBkuJ1KNuIenT8KNTvLXL/_apis/artifactcache/caches?key=tardis-regression-full-data-21f9fa4b6817cc69b9fae3598144724da7828e276a73bd17f47a2a49d9af090a-tardis-sn%2Ftardis-regression-data-v1
2025-01-27T10:59:23.3155190Z ##[debug]Failed to delete archive: Error: ENOENT: no such file or directory, unlink ''
2025-01-27T10:59:23.3171480Z ##[error]Failed to restore cache entry. Exiting as fail-on-cache-miss is set. Input key: tardis-regression-full-data-21f9fa4b6817cc69b9fae3598144724da7828e276a73bd17f47a2a49d9af090a-tardis-sn/tardis-regression-data-v1
2025-01-27T10:59:23.3175210Z ##[debug]Node Action run completed with exit code 1
2025-01-27T10:59:23.3188960Z ##[debug]Set output cache-primary-key = tardis-regression-full-data-21f9fa4b6817cc69b9fae3598144724da7828e276a73bd17f47a2a49d9af090a-tardis-sn/tardis-regression-data-v1
2025-01-27T10:59:23.3192250Z ##[debug]Finished: run
2025-01-27T10:59:23.3195180Z ##[debug]Evaluating condition for step: 'run'
2025-01-27T10:59:23.3197530Z ##[debug]Evaluating: (success() && (steps.lfs-cache-regression-data.outputs.cache-hit == 'true'))
2025-01-27T10:59:23.3198170Z ##[debug]Evaluating And:
2025-01-27T10:59:23.3198400Z ##[debug]..Evaluating success:
2025-01-27T10:59:23.3198700Z ##[debug]..=> false
2025-01-27T10:59:23.3198930Z ##[debug]=> false
2025-01-27T10:59:23.3199780Z ##[debug]Expanded: (false && (steps['lfs-cache-regression-data']['outputs']['cache-hit'] == 'true'))
2025-01-27T10:59:23.3200270Z ##[debug]Result: false
2025-01-27T10:59:23.3207470Z ##[debug]Finishing: Setup LFS
