2025-01-23T14:52:03.4668655Z Prepare all required actions
2025-01-23T14:52:03.4668998Z Getting action download info
2025-01-23T14:52:03.7584304Z Download action repository 'mamba-org/setup-micromamba@v1' (SHA:4b9113af4fba0e9e1124b252dd6497a419e7396d)
2025-01-23T14:52:04.0090027Z ##[group]Run ./.github/actions/setup_env
2025-01-23T14:52:04.0090302Z with:
2025-01-23T14:52:04.0090480Z   os-label: linux-64
2025-01-23T14:52:04.0090665Z env:
2025-01-23T14:52:04.0090842Z   CACHE_NUMBER: 0
2025-01-23T14:52:04.0091447Z   PYTEST_FLAGS: --tardis-regression-data=/home/runner/work/tardis/tardis/tardis-regression-data --cov=tardis --cov-report=xml --cov-report=html --cov-append
2025-01-23T14:52:04.0092085Z   CODECOV_TOKEN: 
2025-01-23T14:52:04.0092416Z ##[endgroup]
2025-01-23T14:52:04.0110062Z ##[group]Run file_hash=$(cat conda-linux-64.lock | shasum -a 256 | cut -d' ' -f1)
2025-01-23T14:52:04.0110561Z [36;1mfile_hash=$(cat conda-linux-64.lock | shasum -a 256 | cut -d' ' -f1)[0m
2025-01-23T14:52:04.0110950Z [36;1mecho "file_hash=$file_hash" >> "${GITHUB_OUTPUT}"[0m
2025-01-23T14:52:04.0137862Z shell: /usr/bin/bash --noprofile --norc -e -o pipefail {0}
2025-01-23T14:52:04.0138165Z env:
2025-01-23T14:52:04.0138331Z   CACHE_NUMBER: 0
2025-01-23T14:52:04.0138927Z   PYTEST_FLAGS: --tardis-regression-data=/home/runner/work/tardis/tardis/tardis-regression-data --cov=tardis --cov-report=xml --cov-report=html --cov-append
2025-01-23T14:52:04.0139552Z   CODECOV_TOKEN: 
2025-01-23T14:52:04.0139739Z ##[endgroup]
2025-01-23T14:52:04.0846921Z ##[group]Run mamba-org/setup-micromamba@v1
2025-01-23T14:52:04.0847198Z with:
2025-01-23T14:52:04.0847395Z   environment-file: conda-linux-64.lock
2025-01-23T14:52:04.0847814Z   cache-environment-key: d7cd390425b0fd3cf82649dcc003efba9915fb4928f15d342148c3ccffcbe2ee
2025-01-23T14:52:04.0848393Z   cache-downloads-key: d7cd390425b0fd3cf82649dcc003efba9915fb4928f15d342148c3ccffcbe2ee
2025-01-23T14:52:04.0848803Z   environment-name: tardis
2025-01-23T14:52:04.0849028Z   cache-environment: true
2025-01-23T14:52:04.0849239Z   cache-downloads: true
2025-01-23T14:52:04.0849456Z env:
2025-01-23T14:52:04.0849610Z   CACHE_NUMBER: 0
2025-01-23T14:52:04.0850201Z   PYTEST_FLAGS: --tardis-regression-data=/home/runner/work/tardis/tardis/tardis-regression-data --cov=tardis --cov-report=xml --cov-report=html --cov-append
2025-01-23T14:52:04.0850829Z   CODECOV_TOKEN: 
2025-01-23T14:52:04.0851011Z ##[endgroup]
2025-01-23T14:52:04.2195751Z Will download micromamba to /home/runner/micromamba-bin/micromamba
2025-01-23T14:52:04.2205757Z ##[group]Install micromamba
2025-01-23T14:52:04.4339221Z micromamba installed to /home/runner/micromamba-bin/micromamba
2025-01-23T14:52:04.4339988Z ##[endgroup]
2025-01-23T14:52:04.4340993Z Adding conda-forge to condarc channels ...
2025-01-23T14:52:04.4350649Z ##[group]Initialize micromamba for bash.
2025-01-23T14:52:04.4367288Z [command]/home/runner/micromamba-bin/micromamba shell init -s bash -r /home/runner/micromamba --log-level warning --rc-file /home/runner/work/_temp/setup-micromamba/.condarc
2025-01-23T14:52:04.4523136Z Modifying RC file "/home/runner/.bashrc"
2025-01-23T14:52:04.4524205Z Generating config for root prefix [1m"/home/runner/micromamba"[0m
2025-01-23T14:52:04.4524837Z Setting mamba executable to: [1m"/home/runner/micromamba-bin/micromamba"[0m
2025-01-23T14:52:04.4525680Z Adding (or replacing) the following in your "/home/runner/.bashrc" file
2025-01-23T14:52:04.4526254Z 
2025-01-23T14:52:04.4526427Z # >>> mamba initialize >>>
2025-01-23T14:52:04.4527013Z # !! Contents within this block are managed by 'mamba init' !!
2025-01-23T14:52:04.4527797Z export MAMBA_EXE='/home/runner/micromamba-bin/micromamba';
2025-01-23T14:52:04.4528524Z export MAMBA_ROOT_PREFIX='/home/runner/micromamba';
2025-01-23T14:52:04.4529482Z __mamba_setup="$("$MAMBA_EXE" shell hook --shell bash --root-prefix "$MAMBA_ROOT_PREFIX" 2> /dev/null)"
2025-01-23T14:52:04.4530395Z if [ $? -eq 0 ]; then
2025-01-23T14:52:04.4530779Z     eval "$__mamba_setup"
2025-01-23T14:52:04.4531219Z else
2025-01-23T14:52:04.4531763Z     alias micromamba="$MAMBA_EXE"  # Fallback on help from mamba activate
2025-01-23T14:52:04.4532916Z fi
2025-01-23T14:52:04.4533200Z unset __mamba_setup
2025-01-23T14:52:04.4533519Z # <<< mamba initialize <<<
2025-01-23T14:52:04.4533682Z 
2025-01-23T14:52:04.4543960Z Moving mamba initialize block to .bash_profile
2025-01-23T14:52:04.4554450Z ##[endgroup]
2025-01-23T14:52:04.4555728Z ##[group]Restoring downloads from `/home/runner/micromamba/pkgs` ...
2025-01-23T14:52:05.5451596Z Cache Size: ~340 MB (356800233 B)
2025-01-23T14:52:05.5495430Z [command]/usr/bin/tar -xf /home/runner/work/_temp/1a6a5d72-f119-4e46-a9c6-362ef72f847c/cache.tzst -P -C /home/runner/work/tardis/tardis --use-compress-program unzstd
2025-01-23T14:52:05.5766180Z Received 356800233 of 356800233 (100.0%), 339.9 MBs/sec
2025-01-23T14:52:06.0727533Z Cache restored successfully
2025-01-23T14:52:06.1496051Z Restored cache with key `d7cd390425b0fd3cf82649dcc003efba9915fb4928f15d342148c3ccffcbe2ee-linux-64`
2025-01-23T14:52:06.1498155Z ##[endgroup]
2025-01-23T14:52:06.1510984Z ##[group]Restoring environment `tardis` from `/home/runner/micromamba/envs/tardis` ...
2025-01-23T14:52:07.2282710Z Received 306184192 of 444592193 (68.9%), 290.8 MBs/sec
2025-01-23T14:52:07.5624729Z Cache Size: ~424 MB (444592193 B)
2025-01-23T14:52:07.5662695Z [command]/usr/bin/tar -xf /home/runner/work/_temp/1f4b782c-4165-423f-abc5-4eef192181f9/cache.tzst -P -C /home/runner/work/tardis/tardis --use-compress-program unzstd
2025-01-23T14:52:08.2298787Z Received 444592193 of 444592193 (100.0%), 211.5 MBs/sec
2025-01-23T14:52:12.7577703Z Cache restored successfully
2025-01-23T14:52:12.8587154Z Restored cache with key `d7cd390425b0fd3cf82649dcc003efba9915fb4928f15d342148c3ccffcbe2ee-linux-64-tardis-args-4f53cda-root-dcc80ee-bin-[object Promise]-file-d7cd390425b0fd3cf82649dcc003efba9915fb4928f15d342148c3ccffcbe2ee`
2025-01-23T14:52:12.8589254Z ##[endgroup]
2025-01-23T14:52:12.8589654Z Adding environment tardis to auto-activate bash ...
2025-01-23T14:52:12.8602363Z Generating micromamba run shell.
2025-01-23T14:52:12.8613839Z ##[endgroup]
2025-01-23T14:52:12.8622574Z Set environment variables.
2025-01-23T14:52:12.8640895Z ##[group]micromamba info
2025-01-23T14:52:12.8642796Z [command]/home/runner/micromamba-bin/micromamba info -r /home/runner/micromamba -n tardis
2025-01-23T14:52:12.8874840Z 
2025-01-23T14:52:12.8876115Z        libmamba version : 1.5.10
2025-01-23T14:52:12.8876697Z      micromamba version : 1.5.10
2025-01-23T14:52:12.8877848Z            curl version : libcurl/8.10.1 OpenSSL/3.3.2 zlib/1.3.1 zstd/1.5.6 libssh2/1.11.0 nghttp2/1.58.0
2025-01-23T14:52:12.8878940Z      libarchive version : libarchive 3.7.4 zlib/1.2.13 bz2lib/1.0.8 libzstd/1.5.6
2025-01-23T14:52:12.8879764Z        envs directories : /home/runner/micromamba/envs
2025-01-23T14:52:12.8880444Z           package cache : /home/runner/micromamba/pkgs
2025-01-23T14:52:12.8881120Z                           /home/runner/.mamba/pkgs
2025-01-23T14:52:12.8881680Z             environment : tardis
2025-01-23T14:52:12.8882395Z            env location : /home/runner/micromamba/envs/tardis
2025-01-23T14:52:12.8883156Z       user config files : /home/runner/.mambarc
2025-01-23T14:52:12.8883919Z  populated config files : /home/runner/work/_temp/setup-micromamba/.condarc
2025-01-23T14:52:12.8884544Z        virtual packages : __unix=0=0
2025-01-23T14:52:12.8884957Z                           __linux=6.8.0=0
2025-01-23T14:52:12.8885359Z                           __glibc=2.39=0
2025-01-23T14:52:12.8885773Z                           __archspec=1=x86_64_v3
2025-01-23T14:52:12.8886335Z                channels : https://conda.anaconda.org/conda-forge/linux-64
2025-01-23T14:52:12.8886957Z                           https://conda.anaconda.org/conda-forge/noarch
2025-01-23T14:52:12.8887489Z        base environment : /home/runner/micromamba
2025-01-23T14:52:12.8887943Z                platform : linux-64
2025-01-23T14:52:12.8893754Z ##[endgroup]
2025-01-23T14:52:12.8894320Z ##[group]micromamba list
2025-01-23T14:52:12.8895564Z [command]/home/runner/micromamba-bin/micromamba list -r /home/runner/micromamba -n tardis
2025-01-23T14:52:13.2850276Z List of packages in environment: "/home/runner/micromamba/envs/tardis"
2025-01-23T14:52:13.2850873Z 
2025-01-23T14:52:13.2851113Z   Name                           Version              Build                    Channel    
2025-01-23T14:52:13.2852110Z â”€â”€â”€â”€â”€â”€â”€â”€â”€â”€â”€â”€â”€â”€â”€â”€â”€â”€â”€â”€â”€â”€â”€â”€â”€â”€â”€â”€â”€â”€â”€â”€â”€â”€â”€â”€â”€â”€â”€â”€â”€â”€â”€â”€â”€â”€â”€â”€â”€â”€â”€â”€â”€â”€â”€â”€â”€â”€â”€â”€â”€â”€â”€â”€â”€â”€â”€â”€â”€â”€â”€â”€â”€â”€â”€â”€â”€â”€â”€â”€â”€â”€â”€â”€â”€â”€â”€â”€â”€â”€â”€â”€
2025-01-23T14:52:13.2852987Z   _libgcc_mutex                  0.1                  conda_forge              conda-forge
2025-01-23T14:52:13.2853585Z   _openmp_mutex                  4.5                  2_gnu                    conda-forge
2025-01-23T14:52:13.2854183Z   alabaster                      0.7.16               pyhd8ed1ab_0             conda-forge
2025-01-23T14:52:13.2854786Z   anyio                          4.4.0                pyhd8ed1ab_0             conda-forge
2025-01-23T14:52:13.2855341Z   argon2-cffi                    23.1.0               pyhd8ed1ab_0             conda-forge
2025-01-23T14:52:13.2856005Z   argon2-cffi-bindings           21.2.0               py312h98912ed_4          conda-forge
2025-01-23T14:52:13.2856592Z   arrow                          1.3.0                pyhd8ed1ab_0             conda-forge
2025-01-23T14:52:13.2857129Z   astropy                        6.1.1                py312h085067d_0          conda-forge
2025-01-23T14:52:13.2857805Z   astropy-iers-data              0.2024.6.17.0.31.35  pyhd8ed1ab_0             conda-forge
2025-01-23T14:52:13.2858565Z   astropy-sphinx-theme           1.1                  pyhd8ed1ab_0             conda-forge
2025-01-23T14:52:13.2859232Z   asttokens                      2.4.1                pyhd8ed1ab_0             conda-forge
2025-01-23T14:52:13.2859813Z   async-lru                      2.0.4                pyhd8ed1ab_0             conda-forge
2025-01-23T14:52:13.2860394Z   atk-1.0                        2.38.0               h04ea711_2               conda-forge
2025-01-23T14:52:13.2860901Z   attrs                          23.2.0               pyh71513ae_0             conda-forge
2025-01-23T14:52:13.2861427Z   babel                          2.14.0               pyhd8ed1ab_0             conda-forge
2025-01-23T14:52:13.2861989Z   beautifulsoup4                 4.12.3               pyha770c72_0             conda-forge
2025-01-23T14:52:13.2862682Z   bleach                         6.1.0                pyhd8ed1ab_0             conda-forge
2025-01-23T14:52:13.2863369Z   blosc                          1.21.5               hc2324a3_1               conda-forge
2025-01-23T14:52:13.2863720Z   brotli                         1.1.0                hd590300_1               conda-forge
2025-01-23T14:52:13.2864068Z   brotli-bin                     1.1.0                hd590300_1               conda-forge
2025-01-23T14:52:13.2864441Z   brotli-python                  1.1.0                py312h30efb56_1          conda-forge
2025-01-23T14:52:13.2864797Z   bzip2                          1.0.8                hd590300_5               conda-forge
2025-01-23T14:52:13.2865138Z   c-ares                         1.28.1               hd590300_0               conda-forge
2025-01-23T14:52:13.2865479Z   c-blosc2                       2.14.4               hb4ffafa_1               conda-forge
2025-01-23T14:52:13.2865861Z   ca-certificates                2024.6.2             hbcca054_0               conda-forge
2025-01-23T14:52:13.2866275Z   cached-property                1.5.2                hd8ed1ab_1               conda-forge
2025-01-23T14:52:13.2866694Z   cached_property                1.5.2                pyha770c72_1             conda-forge
2025-01-23T14:52:13.2867057Z   cairo                          1.18.0               h3faef2a_0               conda-forge
2025-01-23T14:52:13.2867407Z   certifi                        2024.6.2             pyhd8ed1ab_0             conda-forge
2025-01-23T14:52:13.2867753Z   cffi                           1.16.0               py312hf06ca03_0          conda-forge
2025-01-23T14:52:13.2868130Z   charset-normalizer             3.3.2                pyhd8ed1ab_0             conda-forge
2025-01-23T14:52:13.2868655Z   click                          8.1.7                unix_pyh707e725_0        conda-forge
2025-01-23T14:52:13.2869008Z   codespell                      2.3.0                pyhd8ed1ab_0             conda-forge
2025-01-23T14:52:13.2869358Z   colorama                       0.4.6                pyhd8ed1ab_0             conda-forge
2025-01-23T14:52:13.2869701Z   comm                           0.2.2                pyhd8ed1ab_0             conda-forge
2025-01-23T14:52:13.2870042Z   commonmark                     0.9.1                py_0                     conda-forge
2025-01-23T14:52:13.2870400Z   contourpy                      1.2.1                py312h8572e83_0          conda-forge
2025-01-23T14:52:13.2870754Z   coverage                       7.5.3                py312h9a8786e_0          conda-forge
2025-01-23T14:52:13.2871100Z   cycler                         0.12.1               pyhd8ed1ab_0             conda-forge
2025-01-23T14:52:13.2871468Z   dataclasses                    0.8                  pyhc8e2a94_3             conda-forge
2025-01-23T14:52:13.2871826Z   debugpy                        1.8.1                py312h30efb56_0          conda-forge
2025-01-23T14:52:13.2872361Z   decorator                      5.1.1                pyhd8ed1ab_0             conda-forge
2025-01-23T14:52:13.2872737Z   defusedxml                     0.7.1                pyhd8ed1ab_0             conda-forge
2025-01-23T14:52:13.2873104Z   docutils                       0.20.1               py312h7900ff3_3          conda-forge
2025-01-23T14:52:13.2873452Z   dot2tex                        2.11.3               pyhd8ed1ab_0             conda-forge
2025-01-23T14:52:13.2873813Z   entrypoints                    0.4                  pyhd8ed1ab_0             conda-forge
2025-01-23T14:52:13.2874197Z   exceptiongroup                 1.2.0                pyhd8ed1ab_2             conda-forge
2025-01-23T14:52:13.2874571Z   executing                      2.0.1                pyhd8ed1ab_0             conda-forge
2025-01-23T14:52:13.2874921Z   expat                          2.6.2                h59595ed_0               conda-forge
2025-01-23T14:52:13.2875310Z   font-ttf-dejavu-sans-mono      2.37                 hab24e00_0               conda-forge
2025-01-23T14:52:13.2875760Z   font-ttf-inconsolata           3.000                h77eed37_0               conda-forge
2025-01-23T14:52:13.2876319Z   font-ttf-source-code-pro       2.038                h77eed37_0               conda-forge
2025-01-23T14:52:13.2876852Z   font-ttf-ubuntu                0.83                 h77eed37_2               conda-forge
2025-01-23T14:52:13.2877472Z   fontconfig                     2.14.2               h14ed4e7_0               conda-forge
2025-01-23T14:52:13.2878122Z   fonts-conda-ecosystem          1                    0                        conda-forge
2025-01-23T14:52:13.2878745Z   fonts-conda-forge              1                    0                        conda-forge
2025-01-23T14:52:13.2879416Z   fonttools                      4.53.0               py312h9a8786e_0          conda-forge
2025-01-23T14:52:13.2880072Z   fqdn                           1.5.1                pyhd8ed1ab_0             conda-forge
2025-01-23T14:52:13.2880796Z   freetype                       2.12.1               h267a509_2               conda-forge
2025-01-23T14:52:13.2881487Z   fribidi                        1.0.10               h36c2ea0_0               conda-forge
2025-01-23T14:52:13.2881967Z   future                         1.0.0                pyhd8ed1ab_0             conda-forge
2025-01-23T14:52:13.2882742Z   gdk-pixbuf                     2.42.12              hb9ae30d_0               conda-forge
2025-01-23T14:52:13.2883240Z   giflib                         5.2.2                hd590300_0               conda-forge
2025-01-23T14:52:13.2883660Z   git-lfs                        3.5.1                ha770c72_0               conda-forge
2025-01-23T14:52:13.2884159Z   gmp                            6.3.0                h59595ed_1               conda-forge
2025-01-23T14:52:13.2884822Z   gmpy2                          2.1.5                py312h1d5cde6_1          conda-forge
2025-01-23T14:52:13.2885506Z   graphite2                      1.3.13               h59595ed_1003            conda-forge
2025-01-23T14:52:13.2886316Z   graphviz                       11.0.0               hc68bbd7_0               conda-forge
2025-01-23T14:52:13.2887078Z   gtk2                           2.24.33              h280cfa0_4               conda-forge
2025-01-23T14:52:13.2958230Z   gts                            0.7.6                h977cf35_4               conda-forge
2025-01-23T14:52:13.2958894Z   h11                            0.14.0               pyhd8ed1ab_0             conda-forge
2025-01-23T14:52:13.2959439Z   h2                             4.1.0                pyhd8ed1ab_0             conda-forge
2025-01-23T14:52:13.2959976Z   h5py                           3.11.0               nompi_py312hb7ab980_102  conda-forge
2025-01-23T14:52:13.2960555Z   harfbuzz                       8.5.0                hfac3d4d_0               conda-forge
2025-01-23T14:52:13.2961155Z   hdf5                           1.14.3               nompi_hdf9ad27_105       conda-forge
2025-01-23T14:52:13.2961727Z   hpack                          4.0.0                pyh9f0ad1d_0             conda-forge
2025-01-23T14:52:13.2962512Z   httpcore                       1.0.5                pyhd8ed1ab_0             conda-forge
2025-01-23T14:52:13.2963214Z   httpx                          0.27.0               pyhd8ed1ab_0             conda-forge
2025-01-23T14:52:13.2963875Z   hyperframe                     6.0.1                pyhd8ed1ab_0             conda-forge
2025-01-23T14:52:13.2964452Z   icu                            73.2                 h59595ed_0               conda-forge
2025-01-23T14:52:13.2964889Z   idna                           3.7                  pyhd8ed1ab_0             conda-forge
2025-01-23T14:52:13.2965264Z   imagesize                      1.4.1                pyhd8ed1ab_0             conda-forge
2025-01-23T14:52:13.2965673Z   importlib-metadata             7.1.0                pyha770c72_0             conda-forge
2025-01-23T14:52:13.2966080Z   importlib_metadata             7.1.0                hd8ed1ab_0               conda-forge
2025-01-23T14:52:13.2966486Z   importlib_resources            6.4.0                pyhd8ed1ab_0             conda-forge
2025-01-23T14:52:13.2966869Z   iniconfig                      2.0.0                pyhd8ed1ab_0             conda-forge
2025-01-23T14:52:13.2967494Z   ipykernel                      6.29.4               pyh3099207_0             conda-forge
2025-01-23T14:52:13.2967852Z   ipython                        8.25.0               pyh707e725_0             conda-forge
2025-01-23T14:52:13.2968220Z   ipython_genutils               0.2.0                pyhd8ed1ab_1             conda-forge
2025-01-23T14:52:13.2968600Z   ipywidgets                     7.8.0                pyhd8ed1ab_0             conda-forge
2025-01-23T14:52:13.2968967Z   isoduration                    20.11.0              pyhd8ed1ab_0             conda-forge
2025-01-23T14:52:13.2969326Z   jedi                           0.19.1               pyhd8ed1ab_0             conda-forge
2025-01-23T14:52:13.2969668Z   jinja2                         3.1.4                pyhd8ed1ab_0             conda-forge
2025-01-23T14:52:13.2970009Z   json5                          0.9.25               pyhd8ed1ab_0             conda-forge
2025-01-23T14:52:13.2970373Z   jsonpointer                    3.0.0                py312h7900ff3_0          conda-forge
2025-01-23T14:52:13.2970754Z   jsonschema                     4.22.0               pyhd8ed1ab_0             conda-forge
2025-01-23T14:52:13.2971181Z   jsonschema-specifications      2023.12.1            pyhd8ed1ab_0             conda-forge
2025-01-23T14:52:13.2971665Z   jsonschema-with-format-nongpl  4.22.0               pyhd8ed1ab_0             conda-forge
2025-01-23T14:52:13.2972283Z   jupyter-lsp                    2.2.5                pyhd8ed1ab_0             conda-forge
2025-01-23T14:52:13.2972837Z   jupyter_client                 8.6.2                pyhd8ed1ab_0             conda-forge
2025-01-23T14:52:13.2973222Z   jupyter_core                   5.7.2                py312h7900ff3_0          conda-forge
2025-01-23T14:52:13.2973599Z   jupyter_events                 0.10.0               pyhd8ed1ab_0             conda-forge
2025-01-23T14:52:13.2973981Z   jupyter_server                 2.14.1               pyhd8ed1ab_0             conda-forge
2025-01-23T14:52:13.2974408Z   jupyter_server_terminals       0.5.3                pyhd8ed1ab_0             conda-forge
2025-01-23T14:52:13.2974829Z   jupyterlab                     4.2.2                pyhd8ed1ab_0             conda-forge
2025-01-23T14:52:13.2975224Z   jupyterlab_pygments            0.3.0                pyhd8ed1ab_1             conda-forge
2025-01-23T14:52:13.2975639Z   jupyterlab_server              2.27.2               pyhd8ed1ab_0             conda-forge
2025-01-23T14:52:13.2976039Z   jupyterlab_widgets             1.1.7                pyhd8ed1ab_0             conda-forge
2025-01-23T14:52:13.2976423Z   keyutils                       1.6.1                h166bdaf_0               conda-forge
2025-01-23T14:52:13.2976782Z   kiwisolver                     1.4.5                py312h8572e83_1          conda-forge
2025-01-23T14:52:13.2977120Z   krb5                           1.21.2               h659d440_0               conda-forge
2025-01-23T14:52:13.2977466Z   latexcodec                     2.0.1                pyh9f0ad1d_0             conda-forge
2025-01-23T14:52:13.2977811Z   lcms2                          2.16                 hb7c19ff_0               conda-forge
2025-01-23T14:52:13.2978154Z   ld_impl_linux-64               2.40                 hf3520f5_7               conda-forge
2025-01-23T14:52:13.2978503Z   lerc                           4.0.0                h27087fc_0               conda-forge
2025-01-23T14:52:13.2978828Z   libaec                         1.1.3                h59595ed_0               conda-forge
2025-01-23T14:52:13.2979176Z   libblas                        3.9.0                22_linux64_openblas      conda-forge
2025-01-23T14:52:13.2979625Z   libbrotlicommon                1.1.0                hd590300_1               conda-forge
2025-01-23T14:52:13.2980037Z   libbrotlidec                   1.1.0                hd590300_1               conda-forge
2025-01-23T14:52:13.2980408Z   libbrotlienc                   1.1.0                hd590300_1               conda-forge
2025-01-23T14:52:13.2980896Z   libcblas                       3.9.0                22_linux64_openblas      conda-forge
2025-01-23T14:52:13.2981247Z   libcurl                        8.8.0                hca28451_0               conda-forge
2025-01-23T14:52:13.2981594Z   libdeflate                     1.20                 hd590300_0               conda-forge
2025-01-23T14:52:13.2981966Z   libedit                        3.1.20191231         he28a2e2_2               conda-forge
2025-01-23T14:52:13.2982502Z   libev                          4.33                 hd590300_2               conda-forge
2025-01-23T14:52:13.2982853Z   libexpat                       2.6.2                h59595ed_0               conda-forge
2025-01-23T14:52:13.2983197Z   libffi                         3.4.2                h7f98852_5               conda-forge
2025-01-23T14:52:13.2983540Z   libgcc-ng                      13.2.0               h77fa898_10              conda-forge
2025-01-23T14:52:13.2983900Z   libgd                          2.3.3                h119a65a_9               conda-forge
2025-01-23T14:52:13.2984261Z   libgfortran-ng                 13.2.0               h69a702a_10              conda-forge
2025-01-23T14:52:13.2984692Z   libgfortran5                   13.2.0               h3d2ce59_10              conda-forge
2025-01-23T14:52:13.2985068Z   libglib                        2.80.2               h8a4344b_1               conda-forge
2025-01-23T14:52:13.2985437Z   libgomp                        13.2.0               h77fa898_10              conda-forge
2025-01-23T14:52:13.2985932Z   libiconv                       1.17                 hd590300_2               conda-forge
2025-01-23T14:52:13.2986296Z   libjpeg-turbo                  3.0.0                hd590300_1               conda-forge
2025-01-23T14:52:13.2986670Z   liblapack                      3.9.0                22_linux64_openblas      conda-forge
2025-01-23T14:52:13.2987032Z   libllvm14                      14.0.6               hcd5def8_4               conda-forge
2025-01-23T14:52:13.2987401Z   libnghttp2                     1.58.0               h47da74e_1               conda-forge
2025-01-23T14:52:13.2987754Z   libnsl                         2.0.1                hd590300_0               conda-forge
2025-01-23T14:52:13.2988122Z   libopenblas                    0.3.27               pthreads_h413a1c8_0      conda-forge
2025-01-23T14:52:13.2988485Z   libpng                         1.6.43               h2797004_0               conda-forge
2025-01-23T14:52:13.2988828Z   librsvg                        2.58.1               hadf69e7_0               conda-forge
2025-01-23T14:52:13.2989186Z   libsodium                      1.0.18               h36c2ea0_1               conda-forge
2025-01-23T14:52:13.2989545Z   libsqlite                      3.46.0               hde9e2c9_0               conda-forge
2025-01-23T14:52:13.2989900Z   libssh2                        1.11.0               h0841786_0               conda-forge
2025-01-23T14:52:13.2990263Z   libstdcxx-ng                   13.2.0               hc0a3c3a_10              conda-forge
2025-01-23T14:52:13.2990629Z   libtiff                        4.6.0                h1dd3fc0_3               conda-forge
2025-01-23T14:52:13.2990972Z   libuuid                        2.38.1               h0b41bf4_0               conda-forge
2025-01-23T14:52:13.2991306Z   libwebp                        1.4.0                h2c329e2_0               conda-forge
2025-01-23T14:52:13.2991660Z   libwebp-base                   1.4.0                hd590300_0               conda-forge
2025-01-23T14:52:13.2992012Z   libxcb                         1.15                 h0b41bf4_0               conda-forge
2025-01-23T14:52:13.2992528Z   libxcrypt                      4.4.36               hd590300_1               conda-forge
2025-01-23T14:52:13.2992878Z   libxml2                        2.12.7               hc051c1a_1               conda-forge
2025-01-23T14:52:13.2993217Z   libxslt                        1.1.39               h76b75d6_0               conda-forge
2025-01-23T14:52:13.2993723Z   libzlib                        1.3.1                h4ab18f5_1               conda-forge
2025-01-23T14:52:13.2994075Z   llvmlite                       0.42.0               py312hb06c811_1          conda-forge
2025-01-23T14:52:13.2994420Z   lxml                           5.2.2                py312hb90d8a5_0          conda-forge
2025-01-23T14:52:13.2994747Z   lz4-c                          1.9.4                hcb278e6_0               conda-forge
2025-01-23T14:52:13.2995067Z   lzo                            2.10                 hd590300_1001            conda-forge
2025-01-23T14:52:13.2995415Z   markupsafe                     2.1.5                py312h98912ed_0          conda-forge
2025-01-23T14:52:13.2995803Z   matplotlib-base                3.8.4                py312h20ab3a6_2          conda-forge
2025-01-23T14:52:13.2996206Z   matplotlib-inline              0.1.7                pyhd8ed1ab_0             conda-forge
2025-01-23T14:52:13.2996594Z   mistune                        3.0.2                pyhd8ed1ab_0             conda-forge
2025-01-23T14:52:13.2996929Z   mpc                            1.3.1                hfe3b2da_0               conda-forge
2025-01-23T14:52:13.2997250Z   mpfr                           4.2.1                h9458935_1               conda-forge
2025-01-23T14:52:13.2997579Z   mpmath                         1.3.0                pyhd8ed1ab_0             conda-forge
2025-01-23T14:52:13.2997925Z   munkres                        1.1.4                pyh9f0ad1d_0             conda-forge
2025-01-23T14:52:13.2998400Z   mypy_extensions                1.0.0                pyha770c72_0             conda-forge
2025-01-23T14:52:13.2998775Z   nbclassic                      1.1.0                pyhd8ed1ab_0             conda-forge
2025-01-23T14:52:13.2999130Z   nbclient                       0.10.0               pyhd8ed1ab_0             conda-forge
2025-01-23T14:52:13.2999488Z   nbconvert                      7.16.4               hd8ed1ab_1               conda-forge
2025-01-23T14:52:13.2999868Z   nbconvert-core                 7.16.4               pyhd8ed1ab_1             conda-forge
2025-01-23T14:52:13.3000270Z   nbconvert-pandoc               7.16.4               hd8ed1ab_1               conda-forge
2025-01-23T14:52:13.3000656Z   nbformat                       5.10.4               pyhd8ed1ab_0             conda-forge
2025-01-23T14:52:13.3001011Z   nbsphinx                       0.9.4                pyhd8ed1ab_0             conda-forge
2025-01-23T14:52:13.3001353Z   ncurses                        6.5                  h59595ed_0               conda-forge
2025-01-23T14:52:13.3001711Z   nest-asyncio                   1.6.0                pyhd8ed1ab_0             conda-forge
2025-01-23T14:52:13.3002071Z   networkx                       3.3                  pyhd8ed1ab_1             conda-forge
2025-01-23T14:52:13.3002573Z   nomkl                          1.0                  h5ca1d4c_0               conda-forge
2025-01-23T14:52:13.3002920Z   notebook                       7.2.1                pyhd8ed1ab_0             conda-forge
2025-01-23T14:52:13.3003287Z   notebook-shim                  0.2.4                pyhd8ed1ab_0             conda-forge
2025-01-23T14:52:13.3003644Z   numba                          0.59.1               py312hacefee8_0          conda-forge
2025-01-23T14:52:13.3003985Z   numexpr                        2.10.0               py312hf412c99_100        conda-forge
2025-01-23T14:52:13.3004329Z   numpy                          1.26.4               py312heda63a1_0          conda-forge
2025-01-23T14:52:13.3004682Z   numpydoc                       1.7.0                pyhd8ed1ab_1             conda-forge
2025-01-23T14:52:13.3005034Z   openjpeg                       2.5.2                h488ebb8_0               conda-forge
2025-01-23T14:52:13.3005378Z   openssl                        3.3.1                h4ab18f5_0               conda-forge
2025-01-23T14:52:13.3005736Z   overrides                      7.7.0                pyhd8ed1ab_0             conda-forge
2025-01-23T14:52:13.3006229Z   packaging                      24.1                 pyhd8ed1ab_0             conda-forge
2025-01-23T14:52:13.3006582Z   pandas                         2.2.2                py312h1d6d2e6_1          conda-forge
2025-01-23T14:52:13.3007084Z   pandoc                         3.2                  ha770c72_0               conda-forge
2025-01-23T14:52:13.3007724Z   pandocfilters                  1.5.0                pyhd8ed1ab_0             conda-forge
2025-01-23T14:52:13.3008364Z   pango                          1.54.0               h84a9a3c_0               conda-forge
2025-01-23T14:52:13.3008946Z   parso                          0.8.4                pyhd8ed1ab_0             conda-forge
2025-01-23T14:52:13.3009539Z   pathspec                       0.12.1               pyhd8ed1ab_0             conda-forge
2025-01-23T14:52:13.3009887Z   pbr                            6.0.0                pyhd8ed1ab_0             conda-forge
2025-01-23T14:52:13.3010215Z   pcre2                          10.44                h0f59acf_0               conda-forge
2025-01-23T14:52:13.3010569Z   pexpect                        4.9.0                pyhd8ed1ab_0             conda-forge
2025-01-23T14:52:13.3010935Z   pickleshare                    0.7.5                py_1003                  conda-forge
2025-01-23T14:52:13.3011290Z   pillow                         10.3.0               py312hdcec9eb_0          conda-forge
2025-01-23T14:52:13.3011621Z   pip                            24.0                 pyhd8ed1ab_0             conda-forge
2025-01-23T14:52:13.3011944Z   pixman                         0.43.2               h59595ed_0               conda-forge
2025-01-23T14:52:13.3012716Z   pkgutil-resolve-name           1.3.10               pyhd8ed1ab_1             conda-forge
2025-01-23T14:52:13.3013132Z   platformdirs                   4.2.2                pyhd8ed1ab_0             conda-forge
2025-01-23T14:52:13.3013487Z   plotly                         5.22.0               pyhd8ed1ab_0             conda-forge
2025-01-23T14:52:13.3013825Z   pluggy                         1.5.0                pyhd8ed1ab_0             conda-forge
2025-01-23T14:52:13.3014201Z   prometheus_client              0.20.0               pyhd8ed1ab_0             conda-forge
2025-01-23T14:52:13.3014596Z   prompt-toolkit                 3.0.47               pyha770c72_0             conda-forge
2025-01-23T14:52:13.3014960Z   psutil                         5.9.8                py312h98912ed_0          conda-forge
2025-01-23T14:52:13.3015314Z   pthread-stubs                  0.4                  h36c2ea0_1001            conda-forge
2025-01-23T14:52:13.3015694Z   ptyprocess                     0.7.0                pyhd3deb0d_0             conda-forge
2025-01-23T14:52:13.3016046Z   pure_eval                      0.2.2                pyhd8ed1ab_0             conda-forge
2025-01-23T14:52:13.3016398Z   py-cpuinfo                     9.0.0                pyhd8ed1ab_0             conda-forge
2025-01-23T14:52:13.3016747Z   pybtex                         0.24.0               pyhd8ed1ab_2             conda-forge
2025-01-23T14:52:13.3017122Z   pybtex-docutils                1.0.3                py312h7900ff3_1          conda-forge
2025-01-23T14:52:13.3017501Z   pycparser                      2.22                 pyhd8ed1ab_0             conda-forge
2025-01-23T14:52:13.3017852Z   pyerfa                         2.0.1.4              py312h085067d_1          conda-forge
2025-01-23T14:52:13.3018198Z   pygments                       2.18.0               pyhd8ed1ab_0             conda-forge
2025-01-23T14:52:13.3018559Z   pygraphviz                     1.13                 py312h4a1d8a7_1          conda-forge
2025-01-23T14:52:13.3018924Z   pyparsing                      3.1.2                pyhd8ed1ab_0             conda-forge
2025-01-23T14:52:13.3019277Z   pysocks                        1.7.1                pyha2e5f31_6             conda-forge
2025-01-23T14:52:13.3019622Z   pytables                       3.9.2                py312h96d95ec_2          conda-forge
2025-01-23T14:52:13.3020097Z   pytest                         8.2.2                pyhd8ed1ab_0             conda-forge
2025-01-23T14:52:13.3020449Z   pytest-cov                     5.0.0                pyhd8ed1ab_0             conda-forge
2025-01-23T14:52:13.3020842Z   pytest-doctestplus             1.2.1                pyhd8ed1ab_0             conda-forge
2025-01-23T14:52:13.3021237Z   pytest-html                    4.1.1                pyhd8ed1ab_0             conda-forge
2025-01-23T14:52:13.3021621Z   pytest-metadata                3.1.1                pyhd8ed1ab_0             conda-forge
2025-01-23T14:52:13.3022000Z   python                         3.12.4               h194c7f8_0_cpython       conda-forge
2025-01-23T14:52:13.3022592Z   python-dateutil                2.9.0                pyhd8ed1ab_0             conda-forge
2025-01-23T14:52:13.3023018Z   python-fastjsonschema          2.20.0               pyhd8ed1ab_0             conda-forge
2025-01-23T14:52:13.3023476Z   python-json-logger             2.0.7                pyhd8ed1ab_0             conda-forge
2025-01-23T14:52:13.3023885Z   python-tzdata                  2024.1               pyhd8ed1ab_0             conda-forge
2025-01-23T14:52:13.3024258Z   python_abi                     3.12                 4_cp312                  conda-forge
2025-01-23T14:52:13.3024605Z   pytz                           2024.1               pyhd8ed1ab_0             conda-forge
2025-01-23T14:52:13.3024944Z   pyyaml                         6.0.1                py312h98912ed_1          conda-forge
2025-01-23T14:52:13.3025281Z   pyzmq                          26.0.3               py312h8fd38d8_0          conda-forge
2025-01-23T14:52:13.3025745Z   qgrid                          1.3.1                pyhd8ed1ab_4             conda-forge
2025-01-23T14:52:13.3026118Z   radioactivedecay               0.5.1                pyhd8ed1ab_0             conda-forge
2025-01-23T14:52:13.3026493Z   readline                       8.2                  h8228510_1               conda-forge
2025-01-23T14:52:13.3026860Z   recommonmark                   0.7.1                pyhd8ed1ab_0             conda-forge
2025-01-23T14:52:13.3027234Z   referencing                    0.35.1               pyhd8ed1ab_0             conda-forge
2025-01-23T14:52:13.3027607Z   requests                       2.32.3               pyhd8ed1ab_0             conda-forge
2025-01-23T14:52:13.3027990Z   rfc3339-validator              0.1.4                pyhd8ed1ab_0             conda-forge
2025-01-23T14:52:13.3028395Z   rfc3986-validator              0.1.1                pyh9f0ad1d_0             conda-forge
2025-01-23T14:52:13.3028775Z   rpds-py                        0.18.1               py312h4413252_0          conda-forge
2025-01-23T14:52:13.3029130Z   ruff                           0.4.9                py312h5715c7c_0          conda-forge
2025-01-23T14:52:13.3029466Z   scipy                          1.13.1               py312hc2bc53b_0          conda-forge
2025-01-23T14:52:13.3029821Z   send2trash                     1.8.3                pyh0d859eb_0             conda-forge
2025-01-23T14:52:13.3030193Z   setuptools                     70.0.0               pyhd8ed1ab_0             conda-forge
2025-01-23T14:52:13.3030574Z   setuptools-scm                 8.1.0                pyhd8ed1ab_0             conda-forge
2025-01-23T14:52:13.3030957Z   setuptools_scm                 8.1.0                hd8ed1ab_0               conda-forge
2025-01-23T14:52:13.3031305Z   six                            1.16.0               pyh6c4a22f_0             conda-forge
2025-01-23T14:52:13.3031640Z   snakeviz                       2.2.0                pyhd8ed1ab_0             conda-forge
2025-01-23T14:52:13.3031989Z   snappy                         1.2.0                hdb0a2a9_1               conda-forge
2025-01-23T14:52:13.3032596Z   sniffio                        1.3.1                pyhd8ed1ab_0             conda-forge
2025-01-23T14:52:13.3032977Z   snowballstemmer                2.2.0                pyhd8ed1ab_0             conda-forge
2025-01-23T14:52:13.3033501Z   soupsieve                      2.5                  pyhd8ed1ab_1             conda-forge
2025-01-23T14:52:13.3033850Z   sphinx                         7.3.7                pyhd8ed1ab_0             conda-forge
2025-01-23T14:52:13.3034214Z   sphinx-astropy                 1.9.1                pyhd8ed1ab_0             conda-forge
2025-01-23T14:52:13.3034621Z   sphinx-automodapi              0.17.0               pyh717bed2_1             conda-forge
2025-01-23T14:52:13.3035025Z   sphinx-gallery                 0.16.0               pyhd8ed1ab_0             conda-forge
2025-01-23T14:52:13.3035438Z   sphinx-jsonschema              1.19.1               pyhd8ed1ab_0             conda-forge
2025-01-23T14:52:13.3035855Z   sphinx_bootstrap_theme         0.8.1                pyhd8ed1ab_0             conda-forge
2025-01-23T14:52:13.3036257Z   sphinx_rtd_theme               2.0.0                pyha770c72_0             conda-forge
2025-01-23T14:52:13.3036664Z   sphinxcontrib-apidoc           0.3.0                py_1                     conda-forge
2025-01-23T14:52:13.3037111Z   sphinxcontrib-applehelp        1.0.8                pyhd8ed1ab_0             conda-forge
2025-01-23T14:52:13.3037556Z   sphinxcontrib-bibtex           2.6.2                pyhd8ed1ab_0             conda-forge
2025-01-23T14:52:13.3037989Z   sphinxcontrib-devhelp          1.0.6                pyhd8ed1ab_0             conda-forge
2025-01-23T14:52:13.3038433Z   sphinxcontrib-htmlhelp         2.0.5                pyhd8ed1ab_0             conda-forge
2025-01-23T14:52:13.3038869Z   sphinxcontrib-jquery           4.1                  pyhd8ed1ab_0             conda-forge
2025-01-23T14:52:13.3039401Z   sphinxcontrib-jsmath           1.0.1                pyhd8ed1ab_0             conda-forge
2025-01-23T14:52:13.3039831Z   sphinxcontrib-qthelp           1.0.7                pyhd8ed1ab_0             conda-forge
2025-01-23T14:52:13.3040301Z   sphinxcontrib-serializinghtml  1.1.10               pyhd8ed1ab_0             conda-forge
2025-01-23T14:52:13.3040736Z   stack_data                     0.6.2                pyhd8ed1ab_0             conda-forge
2025-01-23T14:52:13.3041084Z   sympy                          1.12.1               pypyh2585a3b_103         conda-forge
2025-01-23T14:52:13.3041433Z   tabulate                       0.9.0                pyhd8ed1ab_1             conda-forge
2025-01-23T14:52:13.3041783Z   tenacity                       8.4.1                pyhd8ed1ab_0             conda-forge
2025-01-23T14:52:13.3042283Z   terminado                      0.18.1               pyh0d859eb_0             conda-forge
2025-01-23T14:52:13.3042651Z   tinycss2                       1.3.0                pyhd8ed1ab_0             conda-forge
2025-01-23T14:52:13.3042982Z   tk                             8.6.13               noxft_h4845f30_101       conda-forge
2025-01-23T14:52:13.3043301Z   toml                           0.10.2               pyhd8ed1ab_0             conda-forge
2025-01-23T14:52:13.3043629Z   tomli                          2.0.1                pyhd8ed1ab_0             conda-forge
2025-01-23T14:52:13.3043972Z   tornado                        6.4.1                py312h9a8786e_0          conda-forge
2025-01-23T14:52:13.3044311Z   tqdm                           4.66.4               pyhd8ed1ab_0             conda-forge
2025-01-23T14:52:13.3044654Z   traitlets                      5.14.3               pyhd8ed1ab_0             conda-forge
2025-01-23T14:52:13.3045015Z   typed-ast                      1.5.5                py312h98912ed_1          conda-forge
2025-01-23T14:52:13.3045426Z   types-python-dateutil          2.9.0.20240316       pyhd8ed1ab_0             conda-forge
2025-01-23T14:52:13.3045881Z   typing-extensions              4.12.2               hd8ed1ab_0               conda-forge
2025-01-23T14:52:13.3046288Z   typing_extensions              4.12.2               pyha770c72_0             conda-forge
2025-01-23T14:52:13.3046669Z   typing_utils                   0.1.0                pyhd8ed1ab_0             conda-forge
2025-01-23T14:52:13.3047157Z   tzdata                         2024a                h0c530f3_0               conda-forge
2025-01-23T14:52:13.3047524Z   uri-template                   1.3.0                pyhd8ed1ab_0             conda-forge
2025-01-23T14:52:13.3047888Z   urllib3                        2.2.2                pyhd8ed1ab_0             conda-forge
2025-01-23T14:52:13.3048239Z   wcwidth                        0.2.13               pyhd8ed1ab_0             conda-forge
2025-01-23T14:52:13.3048593Z   webcolors                      24.6.0               pyhd8ed1ab_0             conda-forge
2025-01-23T14:52:13.3048970Z   webencodings                   0.5.1                pyhd8ed1ab_2             conda-forge
2025-01-23T14:52:13.3049360Z   websocket-client               1.8.0                pyhd8ed1ab_0             conda-forge
2025-01-23T14:52:13.3049732Z   wheel                          0.43.0               pyhd8ed1ab_1             conda-forge
2025-01-23T14:52:13.3050114Z   widgetsnbextension             3.6.6                pyhd8ed1ab_0             conda-forge
2025-01-23T14:52:13.3050518Z   xorg-kbproto                   1.0.7                h7f98852_1002            conda-forge
2025-01-23T14:52:13.3050882Z   xorg-libice                    1.1.1                hd590300_0               conda-forge
2025-01-23T14:52:13.3051239Z   xorg-libsm                     1.2.4                h7391055_0               conda-forge
2025-01-23T14:52:13.3051596Z   xorg-libx11                    1.8.9                h8ee46fc_0               conda-forge
2025-01-23T14:52:13.3051952Z   xorg-libxau                    1.0.11               hd590300_0               conda-forge
2025-01-23T14:52:13.3052772Z   xorg-libxdmcp                  1.1.3                h7f98852_0               conda-forge
2025-01-23T14:52:13.3053157Z   xorg-libxext                   1.3.4                h0b41bf4_2               conda-forge
2025-01-23T14:52:13.3053574Z   xorg-libxrender                0.9.11               hd590300_0               conda-forge
2025-01-23T14:52:13.3053977Z   xorg-renderproto               0.11.1               h7f98852_1002            conda-forge
2025-01-23T14:52:13.3054362Z   xorg-xextproto                 7.3.0                h0b41bf4_1003            conda-forge
2025-01-23T14:52:13.3054737Z   xorg-xproto                    7.0.31               h7f98852_1007            conda-forge
2025-01-23T14:52:13.3055075Z   xz                             5.2.6                h166bdaf_0               conda-forge
2025-01-23T14:52:13.3055385Z   yaml                           0.2.5                h7f98852_2               conda-forge
2025-01-23T14:52:13.3055717Z   zeromq                         4.3.5                h75354e8_4               conda-forge
2025-01-23T14:52:13.3056047Z   zipp                           3.19.2               pyhd8ed1ab_0             conda-forge
2025-01-23T14:52:13.3056372Z   zlib                           1.3.1                h4ab18f5_1               conda-forge
2025-01-23T14:52:13.3056701Z   zlib-ng                        2.0.7                h0b41bf4_0               conda-forge
2025-01-23T14:52:13.3057028Z   zstd                           1.5.6                ha6fb4c9_0               conda-forge
2025-01-23T14:52:13.3057535Z ##[endgroup]
