2025-02-24T16:20:01.1524970Z Prepare all required actions
2025-02-24T16:20:01.1525940Z Getting action download info
2025-02-24T16:20:01.3208090Z ##[group]Download immutable action package 'actions/cache@v4'
2025-02-24T16:20:01.3208910Z Version: 4.2.1
2025-02-24T16:20:01.3209620Z Digest: sha256:b0404c9628d43aa6855629075b28f32cadf8efc5c26198438149f78500112940
2025-02-24T16:20:01.3210480Z Source commit SHA: 0c907a75c2c80ebcb7f088228285e798b750cf8f
2025-02-24T16:20:01.3211180Z ##[endgroup]
2025-02-24T16:20:02.0156540Z ##[group]Run ./.github/actions/setup_lfs
2025-02-24T16:20:02.0157120Z with:
2025-02-24T16:20:02.0157460Z   regression-data-repo: tardis-sn/tardis-regression-data
2025-02-24T16:20:02.0157870Z   atom-data-sparse: false
2025-02-24T16:20:02.0158180Z env:
2025-02-24T16:20:02.0158460Z   CACHE_NUMBER: 0
2025-02-24T16:20:02.0159090Z   PYTEST_FLAGS: --tardis-regression-data=/Users/runner/work/tardis/tardis/tardis-regression-data --cov=tardis --cov-report=xml --cov-report=html --cov-append
2025-02-24T16:20:02.0160130Z   CODECOV_TOKEN: ***
2025-02-24T16:20:02.0160430Z ##[endgroup]
2025-02-24T16:20:02.0317230Z ##[group]Run actions/checkout@v4
2025-02-24T16:20:02.0317490Z with:
2025-02-24T16:20:02.0317680Z   repository: tardis-sn/tardis-regression-data
2025-02-24T16:20:02.0317920Z   path: tardis-regression-data
2025-02-24T16:20:02.0318110Z   lfs: false
2025-02-24T16:20:02.0318380Z   token: ***
2025-02-24T16:20:02.0318550Z   ssh-strict: true
2025-02-24T16:20:02.0318710Z   ssh-user: git
2025-02-24T16:20:02.0318870Z   persist-credentials: true
2025-02-24T16:20:02.0319050Z   clean: true
2025-02-24T16:20:02.0319220Z   sparse-checkout-cone-mode: true
2025-02-24T16:20:02.0319420Z   fetch-depth: 1
2025-02-24T16:20:02.0319600Z   fetch-tags: false
2025-02-24T16:20:02.0319760Z   show-progress: true
2025-02-24T16:20:02.0319940Z   submodules: false
2025-02-24T16:20:02.0320110Z   set-safe-directory: true
2025-02-24T16:20:02.0320290Z env:
2025-02-24T16:20:02.0320420Z   CACHE_NUMBER: 0
2025-02-24T16:20:02.0320930Z   PYTEST_FLAGS: --tardis-regression-data=/Users/runner/work/tardis/tardis/tardis-regression-data --cov=tardis --cov-report=xml --cov-report=html --cov-append
2025-02-24T16:20:02.0321530Z   CODECOV_TOKEN: ***
2025-02-24T16:20:02.0321710Z ##[endgroup]
2025-02-24T16:20:02.1743020Z Syncing repository: tardis-sn/tardis-regression-data
2025-02-24T16:20:02.1765090Z ##[group]Getting Git version info
2025-02-24T16:20:02.1766680Z Working directory is '/Users/runner/work/tardis/tardis/tardis-regression-data'
2025-02-24T16:20:02.1771040Z [command]/opt/homebrew/bin/git version
2025-02-24T16:20:02.1771810Z git version 2.48.1
2025-02-24T16:20:02.1781680Z ##[endgroup]
2025-02-24T16:20:02.1796740Z Copying '/Users/runner/.gitconfig' to '/Users/runner/work/_temp/0ed38508-a437-4edb-88eb-a719fdcfd173/.gitconfig'
2025-02-24T16:20:02.1818540Z Temporarily overriding HOME='/Users/runner/work/_temp/0ed38508-a437-4edb-88eb-a719fdcfd173' before making global git config changes
2025-02-24T16:20:02.1822060Z Adding repository directory to the temporary git global config as a safe directory
2025-02-24T16:20:02.1828710Z [command]/opt/homebrew/bin/git config --global --add safe.directory /Users/runner/work/tardis/tardis/tardis-regression-data
2025-02-24T16:20:02.1943170Z ##[group]Initializing the repository
2025-02-24T16:20:02.1953250Z [command]/opt/homebrew/bin/git init /Users/runner/work/tardis/tardis/tardis-regression-data
2025-02-24T16:20:02.2096290Z hint: Using 'master' as the name for the initial branch. This default branch name
2025-02-24T16:20:02.2097360Z hint: is subject to change. To configure the initial branch name to use in all
2025-02-24T16:20:02.2098200Z hint: of your new repositories, which will suppress this warning, call:
2025-02-24T16:20:02.2100260Z hint:
2025-02-24T16:20:02.2101070Z hint: 	git config --global init.defaultBranch <name>
2025-02-24T16:20:02.2102020Z hint:
2025-02-24T16:20:02.2103150Z hint: Names commonly chosen instead of 'master' are 'main', 'trunk' and
2025-02-24T16:20:02.2104320Z hint: 'development'. The just-created branch can be renamed via this command:
2025-02-24T16:20:02.2106420Z hint:
2025-02-24T16:20:02.2107090Z hint: 	git branch -m <name>
2025-02-24T16:20:02.2108220Z Initialized empty Git repository in /Users/runner/work/tardis/tardis/tardis-regression-data/.git/
2025-02-24T16:20:02.2111030Z [command]/opt/homebrew/bin/git remote add origin https://github.com/tardis-sn/tardis-regression-data
2025-02-24T16:20:02.2161180Z ##[endgroup]
2025-02-24T16:20:02.2162410Z ##[group]Disabling automatic garbage collection
2025-02-24T16:20:02.2164220Z [command]/opt/homebrew/bin/git config --local gc.auto 0
2025-02-24T16:20:02.2225930Z ##[endgroup]
2025-02-24T16:20:02.2226870Z ##[group]Setting up auth
2025-02-24T16:20:02.2229330Z [command]/opt/homebrew/bin/git config --local --name-only --get-regexp core\.sshCommand
2025-02-24T16:20:02.2283870Z [command]/opt/homebrew/bin/git submodule foreach --recursive sh -c "git config --local --name-only --get-regexp 'core\.sshCommand' && git config --local --unset-all 'core.sshCommand' || :"
2025-02-24T16:20:02.3452010Z [command]/opt/homebrew/bin/git config --local --name-only --get-regexp http\.https\:\/\/github\.com\/\.extraheader
2025-02-24T16:20:02.3684770Z [command]/opt/homebrew/bin/git submodule foreach --recursive sh -c "git config --local --name-only --get-regexp 'http\.https\:\/\/github\.com\/\.extraheader' && git config --local --unset-all 'http.https://github.com/.extraheader' || :"
2025-02-24T16:20:02.4362140Z [command]/opt/homebrew/bin/git config --local http.https://github.com/.extraheader AUTHORIZATION: basic ***
2025-02-24T16:20:02.4455470Z ##[endgroup]
2025-02-24T16:20:02.4456100Z ##[group]Determining the default branch
2025-02-24T16:20:02.4468450Z Retrieving the default branch name
2025-02-24T16:20:02.8561000Z Default branch 'main'
2025-02-24T16:20:02.8572540Z ##[endgroup]
2025-02-24T16:20:02.8579900Z ##[group]Fetching the repository
2025-02-24T16:20:02.8601210Z [command]/opt/homebrew/bin/git -c protocol.version=2 fetch --no-tags --prune --no-recurse-submodules --depth=1 origin +refs/heads/main:refs/remotes/origin/main
2025-02-24T16:20:03.8681600Z From https://github.com/tardis-sn/tardis-regression-data
2025-02-24T16:20:03.8682720Z  * [new branch]      main       -> origin/main
2025-02-24T16:20:03.8747340Z ##[endgroup]
2025-02-24T16:20:03.8753320Z ##[group]Determining the checkout info
2025-02-24T16:20:03.8753880Z ##[endgroup]
2025-02-24T16:20:03.8754120Z [command]/opt/homebrew/bin/git sparse-checkout disable
2025-02-24T16:20:03.8815970Z [command]/opt/homebrew/bin/git config --local --unset-all extensions.worktreeConfig
2025-02-24T16:20:03.8878940Z ##[group]Checking out the ref
2025-02-24T16:20:03.8879470Z [command]/opt/homebrew/bin/git checkout --progress --force -B main refs/remotes/origin/main
2025-02-24T16:20:04.2332050Z Switched to a new branch 'main'
2025-02-24T16:20:04.2338560Z branch 'main' set up to track 'origin/main'.
2025-02-24T16:20:04.3271430Z ##[endgroup]
2025-02-24T16:20:04.3339680Z [command]/opt/homebrew/bin/git log -1 --format=%H
2025-02-24T16:20:04.3400650Z b2fdf418ac1a3631f8c3d2a5f392b6ebfa09ba0b
2025-02-24T16:20:04.3507910Z ##[group]Run if [ "false" == "true" ]; then
2025-02-24T16:20:04.3508230Z [36;1mif [ "false" == "true" ]; then[0m
2025-02-24T16:20:04.3508460Z [36;1m  echo "Using atom data sparse checkout"[0m
2025-02-24T16:20:04.3508760Z [36;1m  echo "atom_data/kurucz_cd23_chianti_H_He.h5" > .lfs-files-list[0m
2025-02-24T16:20:04.3509020Z [36;1melse[0m
2025-02-24T16:20:04.3509190Z [36;1m  echo "Using full repository checkout"[0m
2025-02-24T16:20:04.3509470Z [36;1m  git lfs ls-files -l | cut -d' ' -f1 | sort > .lfs-files-list[0m
2025-02-24T16:20:04.3509800Z [36;1mfi[0m
2025-02-24T16:20:04.3576100Z shell: /bin/bash --noprofile --norc -e -o pipefail {0}
2025-02-24T16:20:04.3576800Z env:
2025-02-24T16:20:04.3576950Z   CACHE_NUMBER: 0
2025-02-24T16:20:04.3577490Z   PYTEST_FLAGS: --tardis-regression-data=/Users/runner/work/tardis/tardis/tardis-regression-data --cov=tardis --cov-report=xml --cov-report=html --cov-append
2025-02-24T16:20:04.3578260Z   CODECOV_TOKEN: ***
2025-02-24T16:20:04.3578640Z ##[endgroup]
2025-02-24T16:20:04.4486320Z Using full repository checkout
2025-02-24T16:20:04.7211020Z ##[group]Run actions/cache/restore@v4
2025-02-24T16:20:04.7211360Z with:
2025-02-24T16:20:04.7211580Z   path: tardis-regression-data/.git/lfs
2025-02-24T16:20:04.7212110Z   key: tardis-regression-full-data-6e3f921411cf0a4e16018f0781785ab8728ab151c8f95ea20b0c8e8609b9a332-tardis-sn/tardis-regression-data-v1
2025-02-24T16:20:04.7212670Z   fail-on-cache-miss: true
2025-02-24T16:20:04.7212870Z   enableCrossOsArchive: false
2025-02-24T16:20:04.7213110Z   lookup-only: false
2025-02-24T16:20:04.7213280Z env:
2025-02-24T16:20:04.7213410Z   CACHE_NUMBER: 0
2025-02-24T16:20:04.7213940Z   PYTEST_FLAGS: --tardis-regression-data=/Users/runner/work/tardis/tardis/tardis-regression-data --cov=tardis --cov-report=xml --cov-report=html --cov-append
2025-02-24T16:20:04.7214680Z   CODECOV_TOKEN: ***
2025-02-24T16:20:04.7214860Z ##[endgroup]
2025-02-24T16:20:05.0571230Z Cache hit for: tardis-regression-full-data-6e3f921411cf0a4e16018f0781785ab8728ab151c8f95ea20b0c8e8609b9a332-tardis-sn/tardis-regression-data-v1
2025-02-24T16:20:06.2877420Z Received 37748736 of 2160718086 (1.7%), 35.5 MBs/sec
2025-02-24T16:20:07.2826390Z Received 134217728 of 2160718086 (6.2%), 63.4 MBs/sec
2025-02-24T16:20:08.2862510Z Received 205520896 of 2160718086 (9.5%), 64.9 MBs/sec
2025-02-24T16:20:09.2947730Z Received 264241152 of 2160718086 (12.2%), 62.6 MBs/sec
2025-02-24T16:20:10.3094170Z Received 276824064 of 2160718086 (12.8%), 52.3 MBs/sec
2025-02-24T16:20:11.3094650Z Received 339738624 of 2160718086 (15.7%), 53.6 MBs/sec
2025-02-24T16:20:12.3118470Z Received 398458880 of 2160718086 (18.4%), 53.9 MBs/sec
2025-02-24T16:20:13.3153950Z Received 440401920 of 2160718086 (20.4%), 52.2 MBs/sec
2025-02-24T16:20:14.3148210Z Received 511705088 of 2160718086 (23.7%), 53.9 MBs/sec
2025-02-24T16:20:15.3316530Z Received 541065216 of 2160718086 (25.0%), 51.3 MBs/sec
2025-02-24T16:20:16.3319780Z Received 603979776 of 2160718086 (28.0%), 52.0 MBs/sec
2025-02-24T16:20:17.5509630Z Received 671088640 of 2160718086 (31.1%), 52.1 MBs/sec
2025-02-24T16:20:18.5532790Z Received 725614592 of 2160718086 (33.6%), 52.1 MBs/sec
2025-02-24T16:20:19.5516510Z Received 784334848 of 2160718086 (36.3%), 52.4 MBs/sec
2025-02-24T16:20:20.5574230Z Received 822083584 of 2160718086 (38.0%), 51.3 MBs/sec
2025-02-24T16:20:21.5565170Z Received 884998144 of 2160718086 (41.0%), 51.8 MBs/sec
2025-02-24T16:20:22.5551540Z Received 935329792 of 2160718086 (43.3%), 51.6 MBs/sec
2025-02-24T16:20:23.5559390Z Received 964689920 of 2160718086 (44.6%), 50.3 MBs/sec
2025-02-24T16:20:24.5626210Z Received 1040187392 of 2160718086 (48.1%), 51.4 MBs/sec
2025-02-24T16:20:25.5600040Z Received 1077936128 of 2160718086 (49.9%), 50.7 MBs/sec
2025-02-24T16:20:26.5593830Z Received 1153433600 of 2160718086 (53.4%), 51.7 MBs/sec
2025-02-24T16:20:27.5597040Z Received 1203765248 of 2160718086 (55.7%), 51.5 MBs/sec
2025-02-24T16:20:28.5605630Z Received 1241513984 of 2160718086 (57.5%), 50.8 MBs/sec
2025-02-24T16:20:29.5651290Z Received 1321205760 of 2160718086 (61.1%), 51.9 MBs/sec
2025-02-24T16:20:30.5634290Z Received 1363148800 of 2160718086 (63.1%), 51.4 MBs/sec
2025-02-24T16:20:31.5639330Z Received 1447034880 of 2160718086 (67.0%), 52.5 MBs/sec
2025-02-24T16:20:32.5652240Z Received 1480589312 of 2160718086 (68.5%), 51.7 MBs/sec
2025-02-24T16:20:33.5654210Z Received 1539309568 of 2160718086 (71.2%), 51.9 MBs/sec
2025-02-24T16:20:34.7533560Z Received 1610612736 of 2160718086 (74.5%), 52.1 MBs/sec
2025-02-24T16:20:35.7562350Z Received 1665138688 of 2160718086 (77.1%), 52.1 MBs/sec
2025-02-24T16:20:36.7593340Z Received 1736441856 of 2160718086 (80.4%), 52.6 MBs/sec
2025-02-24T16:20:37.7592550Z Received 1774190592 of 2160718086 (82.1%), 52.1 MBs/sec
2025-02-24T16:20:38.7596480Z Received 1853882368 of 2160718086 (85.8%), 52.8 MBs/sec
2025-02-24T16:20:39.7590990Z Received 1887436800 of 2160718086 (87.4%), 52.2 MBs/sec
2025-02-24T16:20:40.7594850Z Received 1975517184 of 2160718086 (91.4%), 53.1 MBs/sec
2025-02-24T16:20:41.8417490Z Received 2013265920 of 2160718086 (93.2%), 52.5 MBs/sec
2025-02-24T16:20:42.8404060Z Received 2109734912 of 2160718086 (97.6%), 53.5 MBs/sec
2025-02-24T16:20:43.8410440Z Received 2148135174 of 2160718086 (99.4%), 53.1 MBs/sec
2025-02-24T16:20:44.5604300Z Received 2160718086 of 2160718086 (100.0%), 52.4 MBs/sec
2025-02-24T16:20:44.5610190Z Cache Size: ~2061 MB (2160718086 B)
2025-02-24T16:20:44.5719260Z [command]/opt/homebrew/bin/gtar -xf /Users/runner/work/_temp/a4d43ec2-b608-48ed-bdf2-3c2e84f10dae/cache.tzst -P -C /Users/runner/work/tardis/tardis --delay-directory-restore --use-compress-program unzstd
2025-02-24T16:20:57.3290870Z Cache restored successfully
2025-02-24T16:20:57.4059050Z Cache restored from key: tardis-regression-full-data-6e3f921411cf0a4e16018f0781785ab8728ab151c8f95ea20b0c8e8609b9a332-tardis-sn/tardis-regression-data-v1
2025-02-24T16:20:57.4209650Z ##[group]Run git lfs checkout
2025-02-24T16:20:57.4209910Z [36;1mgit lfs checkout[0m
2025-02-24T16:20:57.4282720Z shell: /bin/bash --noprofile --norc -e -o pipefail {0}
2025-02-24T16:20:57.4283200Z env:
2025-02-24T16:20:57.4283410Z   CACHE_NUMBER: 0
2025-02-24T16:20:57.4283990Z   PYTEST_FLAGS: --tardis-regression-data=/Users/runner/work/tardis/tardis/tardis-regression-data --cov=tardis --cov-report=xml --cov-report=html --cov-append
2025-02-24T16:20:57.4284890Z   CODECOV_TOKEN: ***
2025-02-24T16:20:57.4285140Z ##[endgroup]
2025-02-24T16:21:12.4500700Z Checking out LFS objects: 100% (204/204), 5.7 GB | 333 MB/s, done.
