2025-01-21T01:43:25.0277402Z Requested labels: ubuntu-latest
2025-01-21T01:43:25.0277685Z Job defined at: tardis-sn/tardis/.github/workflows/tests.yml@refs/pull/2876/merge
2025-01-21T01:43:25.0277792Z Waiting for a runner to pick up this job...
2025-01-21T01:43:25.9823136Z Job is waiting for a hosted runner to come online.
2025-01-21T01:43:27.9309078Z Job is about to start running on the hosted runner: GitHub Actions 54 (hosted)
2025-01-21T01:43:29.2391875Z Current runner version: '2.321.0'
2025-01-21T01:43:29.2417152Z ##[group]Operating System
2025-01-21T01:43:29.2418022Z Ubuntu
2025-01-21T01:43:29.2418514Z 24.04.1
2025-01-21T01:43:29.2419023Z LTS
2025-01-21T01:43:29.2419575Z ##[endgroup]
2025-01-21T01:43:29.2420079Z ##[group]Runner Image
2025-01-21T01:43:29.2420663Z Image: ubuntu-24.04
2025-01-21T01:43:29.2421432Z Version: 20250105.1.0
2025-01-21T01:43:29.2422489Z Included Software: https://github.com/actions/runner-images/blob/ubuntu24/20250105.1/images/ubuntu/Ubuntu2404-Readme.md
2025-01-21T01:43:29.2423891Z Image Release: https://github.com/actions/runner-images/releases/tag/ubuntu24%2F20250105.1
2025-01-21T01:43:29.2424852Z ##[endgroup]
2025-01-21T01:43:29.2425358Z ##[group]Runner Image Provisioner
2025-01-21T01:43:29.2425956Z 2.0.417.1
2025-01-21T01:43:29.2426487Z ##[endgroup]
2025-01-21T01:43:29.2428601Z ##[group]GITHUB_TOKEN Permissions
2025-01-21T01:43:29.2430563Z Actions: read
2025-01-21T01:43:29.2431571Z Attestations: read
2025-01-21T01:43:29.2432310Z Checks: read
2025-01-21T01:43:29.2432838Z Contents: read
2025-01-21T01:43:29.2433320Z Deployments: read
2025-01-21T01:43:29.2433921Z Discussions: read
2025-01-21T01:43:29.2434411Z Issues: read
2025-01-21T01:43:29.2434907Z Metadata: read
2025-01-21T01:43:29.2435493Z Packages: read
2025-01-21T01:43:29.2435966Z Pages: read
2025-01-21T01:43:29.2436467Z PullRequests: read
2025-01-21T01:43:29.2437078Z RepositoryProjects: read
2025-01-21T01:43:29.2437611Z SecurityEvents: read
2025-01-21T01:43:29.2438140Z Statuses: read
2025-01-21T01:43:29.2438718Z ##[endgroup]
2025-01-21T01:43:29.2441819Z Secret source: None
2025-01-21T01:43:29.2442597Z Prepare workflow directory
2025-01-21T01:43:29.3064809Z Prepare all required actions
2025-01-21T01:43:29.3100486Z Getting action download info
2025-01-21T01:43:29.4400441Z Download action repository 'actions/checkout@v4' (SHA:11bd71901bbe5b1630ceea73d27597364c9af683)
2025-01-21T01:43:29.5282741Z Download action repository 'actions/upload-artifact@v4' (SHA:65c4c4a1ddee5b72f698fdd19549f0f0fb45cf08)
2025-01-21T01:43:29.8942764Z Complete job name: not continuum ubuntu-latest 
2025-01-21T01:43:29.9579186Z ##[group]Run actions/checkout@v4
2025-01-21T01:43:29.9580030Z with:
2025-01-21T01:43:29.9580606Z   repository: tardis-sn/tardis
2025-01-21T01:43:29.9581692Z   token: ***
2025-01-21T01:43:29.9582128Z   ssh-strict: true
2025-01-21T01:43:29.9582553Z   ssh-user: git
2025-01-21T01:43:29.9582986Z   persist-credentials: true
2025-01-21T01:43:29.9583458Z   clean: true
2025-01-21T01:43:29.9583874Z   sparse-checkout-cone-mode: true
2025-01-21T01:43:29.9584382Z   fetch-depth: 1
2025-01-21T01:43:29.9584805Z   fetch-tags: false
2025-01-21T01:43:29.9585214Z   show-progress: true
2025-01-21T01:43:29.9585636Z   lfs: false
2025-01-21T01:43:29.9586020Z   submodules: false
2025-01-21T01:43:29.9586431Z   set-safe-directory: true
2025-01-21T01:43:29.9587214Z env:
2025-01-21T01:43:29.9587600Z   CACHE_NUMBER: 0
2025-01-21T01:43:29.9588747Z   PYTEST_FLAGS: --tardis-regression-data=/home/runner/work/tardis/tardis/tardis-regression-data --cov=tardis --cov-report=xml --cov-report=html --cov-append
2025-01-21T01:43:29.9590045Z   CODECOV_TOKEN: 
2025-01-21T01:43:29.9590447Z ##[endgroup]
2025-01-21T01:43:30.1424573Z Syncing repository: tardis-sn/tardis
2025-01-21T01:43:30.1426470Z ##[group]Getting Git version info
2025-01-21T01:43:30.1427139Z Working directory is '/home/runner/work/tardis/tardis'
2025-01-21T01:43:30.1428205Z [command]/usr/bin/git version
2025-01-21T01:43:30.1481852Z git version 2.47.1
2025-01-21T01:43:30.1509844Z ##[endgroup]
2025-01-21T01:43:30.1523347Z Temporarily overriding HOME='/home/runner/work/_temp/fbcb9842-4a71-48ee-abcf-e458e9dc4656' before making global git config changes
2025-01-21T01:43:30.1524763Z Adding repository directory to the temporary git global config as a safe directory
2025-01-21T01:43:30.1528165Z [command]/usr/bin/git config --global --add safe.directory /home/runner/work/tardis/tardis
2025-01-21T01:43:30.1561570Z Deleting the contents of '/home/runner/work/tardis/tardis'
2025-01-21T01:43:30.1565380Z ##[group]Initializing the repository
2025-01-21T01:43:30.1569071Z [command]/usr/bin/git init /home/runner/work/tardis/tardis
2025-01-21T01:43:30.1645964Z hint: Using 'master' as the name for the initial branch. This default branch name
2025-01-21T01:43:30.1647214Z hint: is subject to change. To configure the initial branch name to use in all
2025-01-21T01:43:30.1648158Z hint: of your new repositories, which will suppress this warning, call:
2025-01-21T01:43:30.1648846Z hint:
2025-01-21T01:43:30.1649441Z hint: 	git config --global init.defaultBranch <name>
2025-01-21T01:43:30.1650051Z hint:
2025-01-21T01:43:30.1650606Z hint: Names commonly chosen instead of 'master' are 'main', 'trunk' and
2025-01-21T01:43:30.1651690Z hint: 'development'. The just-created branch can be renamed via this command:
2025-01-21T01:43:30.1652864Z hint:
2025-01-21T01:43:30.1653354Z hint: 	git branch -m <name>
2025-01-21T01:43:30.1654082Z Initialized empty Git repository in /home/runner/work/tardis/tardis/.git/
2025-01-21T01:43:30.1663334Z [command]/usr/bin/git remote add origin https://github.com/tardis-sn/tardis
2025-01-21T01:43:30.1702068Z ##[endgroup]
2025-01-21T01:43:30.1703309Z ##[group]Disabling automatic garbage collection
2025-01-21T01:43:30.1706615Z [command]/usr/bin/git config --local gc.auto 0
2025-01-21T01:43:30.1735959Z ##[endgroup]
2025-01-21T01:43:30.1737212Z ##[group]Setting up auth
2025-01-21T01:43:30.1743455Z [command]/usr/bin/git config --local --name-only --get-regexp core\.sshCommand
2025-01-21T01:43:30.1773941Z [command]/usr/bin/git submodule foreach --recursive sh -c "git config --local --name-only --get-regexp 'core\.sshCommand' && git config --local --unset-all 'core.sshCommand' || :"
2025-01-21T01:43:30.2107389Z [command]/usr/bin/git config --local --name-only --get-regexp http\.https\:\/\/github\.com\/\.extraheader
2025-01-21T01:43:30.2147308Z [command]/usr/bin/git submodule foreach --recursive sh -c "git config --local --name-only --get-regexp 'http\.https\:\/\/github\.com\/\.extraheader' && git config --local --unset-all 'http.https://github.com/.extraheader' || :"
2025-01-21T01:43:30.2408722Z [command]/usr/bin/git config --local http.https://github.com/.extraheader AUTHORIZATION: basic ***
2025-01-21T01:43:30.2449946Z ##[endgroup]
2025-01-21T01:43:30.2451535Z ##[group]Fetching the repository
2025-01-21T01:43:30.2459176Z [command]/usr/bin/git -c protocol.version=2 fetch --no-tags --prune --no-recurse-submodules --depth=1 origin +a61f9342f6eeb7085f1c8266c5765bae10f14b85:refs/remotes/pull/2876/merge
2025-01-21T01:43:31.3505736Z From https://github.com/tardis-sn/tardis
2025-01-21T01:43:31.3507585Z  * [new ref]         a61f9342f6eeb7085f1c8266c5765bae10f14b85 -> pull/2876/merge
2025-01-21T01:43:31.3537851Z ##[endgroup]
2025-01-21T01:43:31.3538615Z ##[group]Determining the checkout info
2025-01-21T01:43:31.3540404Z ##[endgroup]
2025-01-21T01:43:31.3547916Z [command]/usr/bin/git sparse-checkout disable
2025-01-21T01:43:31.3591032Z [command]/usr/bin/git config --local --unset-all extensions.worktreeConfig
2025-01-21T01:43:31.3620822Z ##[group]Checking out the ref
2025-01-21T01:43:31.3625775Z [command]/usr/bin/git checkout --progress --force refs/remotes/pull/2876/merge
2025-01-21T01:43:31.5615472Z Note: switching to 'refs/remotes/pull/2876/merge'.
2025-01-21T01:43:31.5616479Z 
2025-01-21T01:43:31.5617161Z You are in 'detached HEAD' state. You can look around, make experimental
2025-01-21T01:43:31.5618812Z changes and commit them, and you can discard any commits you make in this
2025-01-21T01:43:31.5620461Z state without impacting any branches by switching back to a branch.
2025-01-21T01:43:31.5621642Z 
2025-01-21T01:43:31.5622379Z If you want to create a new branch to retain commits you create, you may
2025-01-21T01:43:31.5623593Z do so (now or later) by using -c with the switch command. Example:
2025-01-21T01:43:31.5624307Z 
2025-01-21T01:43:31.5624633Z   git switch -c <new-branch-name>
2025-01-21T01:43:31.5625190Z 
2025-01-21T01:43:31.5625506Z Or undo this operation with:
2025-01-21T01:43:31.5626014Z 
2025-01-21T01:43:31.5626650Z   git switch -
2025-01-21T01:43:31.5627105Z 
2025-01-21T01:43:31.5627750Z Turn off this advice by setting config variable advice.detachedHead to false
2025-01-21T01:43:31.5628707Z 
2025-01-21T01:43:31.5629794Z HEAD is now at a61f934 Merge f1e194a4f61ecbf8c98eca4a3230ba292ffe4ae8 into aa180cf97513f46d6d3b617c05907691f413c057
2025-01-21T01:43:31.5638522Z ##[endgroup]
2025-01-21T01:43:31.5679860Z [command]/usr/bin/git log -1 --format=%H
2025-01-21T01:43:31.5702717Z a61f9342f6eeb7085f1c8266c5765bae10f14b85
2025-01-21T01:43:31.6071159Z Prepare all required actions
2025-01-21T01:43:31.6072854Z Getting action download info
2025-01-21T01:43:31.7024727Z Download action repository 'actions/cache@v4' (SHA:1bd1e32a3bdc45362d1e726936510720a7c30a57)
2025-01-21T01:43:31.8456820Z ##[group]Run ./.github/actions/setup_lfs
2025-01-21T01:43:31.8457630Z with:
2025-01-21T01:43:31.8458385Z   regression-data-repo: tardis-sn/tardis-regression-data
2025-01-21T01:43:31.8459225Z env:
2025-01-21T01:43:31.8459904Z   CACHE_NUMBER: 0
2025-01-21T01:43:31.8461141Z   PYTEST_FLAGS: --tardis-regression-data=/home/runner/work/tardis/tardis/tardis-regression-data --cov=tardis --cov-report=xml --cov-report=html --cov-append
2025-01-21T01:43:31.8462534Z   CODECOV_TOKEN: 
2025-01-21T01:43:31.8463211Z ##[endgroup]
2025-01-21T01:43:31.8620057Z ##[group]Run actions/checkout@v4
2025-01-21T01:43:31.8620811Z with:
2025-01-21T01:43:31.8621661Z   repository: tardis-sn/tardis-regression-data
2025-01-21T01:43:31.8622480Z   path: tardis-regression-data
2025-01-21T01:43:31.8623436Z   token: ***
2025-01-21T01:43:31.8624104Z   ssh-strict: true
2025-01-21T01:43:31.8624772Z   ssh-user: git
2025-01-21T01:43:31.8625454Z   persist-credentials: true
2025-01-21T01:43:31.8626162Z   clean: true
2025-01-21T01:43:31.8626858Z   sparse-checkout-cone-mode: true
2025-01-21T01:43:31.8627608Z   fetch-depth: 1
2025-01-21T01:43:31.8628281Z   fetch-tags: false
2025-01-21T01:43:31.8628967Z   show-progress: true
2025-01-21T01:43:31.8629654Z   lfs: false
2025-01-21T01:43:31.8630313Z   submodules: false
2025-01-21T01:43:31.8631006Z   set-safe-directory: true
2025-01-21T01:43:31.8631812Z env:
2025-01-21T01:43:31.8632445Z   CACHE_NUMBER: 0
2025-01-21T01:43:31.8633678Z   PYTEST_FLAGS: --tardis-regression-data=/home/runner/work/tardis/tardis/tardis-regression-data --cov=tardis --cov-report=xml --cov-report=html --cov-append
2025-01-21T01:43:31.8634916Z   CODECOV_TOKEN: 
2025-01-21T01:43:31.8635575Z ##[endgroup]
2025-01-21T01:43:31.9563056Z Syncing repository: tardis-sn/tardis-regression-data
2025-01-21T01:43:31.9569420Z ##[group]Getting Git version info
2025-01-21T01:43:31.9570459Z Working directory is '/home/runner/work/tardis/tardis/tardis-regression-data'
2025-01-21T01:43:31.9612262Z [command]/usr/bin/git version
2025-01-21T01:43:31.9654440Z git version 2.47.1
2025-01-21T01:43:31.9680229Z ##[endgroup]
2025-01-21T01:43:31.9694120Z Temporarily overriding HOME='/home/runner/work/_temp/01c75829-f474-4125-be55-ce2071be3d02' before making global git config changes
2025-01-21T01:43:31.9696591Z Adding repository directory to the temporary git global config as a safe directory
2025-01-21T01:43:31.9700903Z [command]/usr/bin/git config --global --add safe.directory /home/runner/work/tardis/tardis/tardis-regression-data
2025-01-21T01:43:31.9731942Z ##[group]Initializing the repository
2025-01-21T01:43:31.9737507Z [command]/usr/bin/git init /home/runner/work/tardis/tardis/tardis-regression-data
2025-01-21T01:43:31.9772619Z hint: Using 'master' as the name for the initial branch. This default branch name
2025-01-21T01:43:31.9774413Z hint: is subject to change. To configure the initial branch name to use in all
2025-01-21T01:43:31.9776170Z hint: of your new repositories, which will suppress this warning, call:
2025-01-21T01:43:31.9777711Z hint:
2025-01-21T01:43:31.9779043Z hint: 	git config --global init.defaultBranch <name>
2025-01-21T01:43:31.9780491Z hint:
2025-01-21T01:43:31.9782113Z hint: Names commonly chosen instead of 'master' are 'main', 'trunk' and
2025-01-21T01:43:31.9783970Z hint: 'development'. The just-created branch can be renamed via this command:
2025-01-21T01:43:31.9785897Z hint:
2025-01-21T01:43:31.9787090Z hint: 	git branch -m <name>
2025-01-21T01:43:31.9788892Z Initialized empty Git repository in /home/runner/work/tardis/tardis/tardis-regression-data/.git/
2025-01-21T01:43:31.9792712Z [command]/usr/bin/git remote add origin https://github.com/tardis-sn/tardis-regression-data
2025-01-21T01:43:31.9817599Z ##[endgroup]
2025-01-21T01:43:31.9819490Z ##[group]Disabling automatic garbage collection
2025-01-21T01:43:31.9822479Z [command]/usr/bin/git config --local gc.auto 0
2025-01-21T01:43:31.9851829Z ##[endgroup]
2025-01-21T01:43:31.9853798Z ##[group]Setting up auth
2025-01-21T01:43:31.9858478Z [command]/usr/bin/git config --local --name-only --get-regexp core\.sshCommand
2025-01-21T01:43:31.9887871Z [command]/usr/bin/git submodule foreach --recursive sh -c "git config --local --name-only --get-regexp 'core\.sshCommand' && git config --local --unset-all 'core.sshCommand' || :"
2025-01-21T01:43:32.0109497Z [command]/usr/bin/git config --local --name-only --get-regexp http\.https\:\/\/github\.com\/\.extraheader
2025-01-21T01:43:32.0138950Z [command]/usr/bin/git submodule foreach --recursive sh -c "git config --local --name-only --get-regexp 'http\.https\:\/\/github\.com\/\.extraheader' && git config --local --unset-all 'http.https://github.com/.extraheader' || :"
2025-01-21T01:43:32.0375516Z [command]/usr/bin/git config --local http.https://github.com/.extraheader AUTHORIZATION: basic ***
2025-01-21T01:43:32.0414218Z ##[endgroup]
2025-01-21T01:43:32.0415185Z ##[group]Determining the default branch
2025-01-21T01:43:32.0418576Z Retrieving the default branch name
2025-01-21T01:43:32.2104564Z Default branch 'main'
2025-01-21T01:43:32.2106940Z ##[endgroup]
2025-01-21T01:43:32.2108955Z ##[group]Fetching the repository
2025-01-21T01:43:32.2112643Z [command]/usr/bin/git -c protocol.version=2 fetch --no-tags --prune --no-recurse-submodules --depth=1 origin +refs/heads/main:refs/remotes/origin/main
2025-01-21T01:43:32.5434270Z From https://github.com/tardis-sn/tardis-regression-data
2025-01-21T01:43:32.5435096Z  * [new branch]      main       -> origin/main
2025-01-21T01:43:32.5464570Z ##[endgroup]
2025-01-21T01:43:32.5465423Z ##[group]Determining the checkout info
2025-01-21T01:43:32.5466579Z ##[endgroup]
2025-01-21T01:43:32.5472058Z [command]/usr/bin/git sparse-checkout disable
2025-01-21T01:43:32.5507867Z [command]/usr/bin/git config --local --unset-all extensions.worktreeConfig
2025-01-21T01:43:32.5535760Z ##[group]Checking out the ref
2025-01-21T01:43:32.5539682Z [command]/usr/bin/git checkout --progress --force -B main refs/remotes/origin/main
2025-01-21T01:43:32.6750132Z Switched to a new branch 'main'
2025-01-21T01:43:32.6751974Z branch 'main' set up to track 'origin/main'.
2025-01-21T01:43:32.7027953Z ##[endgroup]
2025-01-21T01:43:32.7067868Z [command]/usr/bin/git log -1 --format=%H
2025-01-21T01:43:32.7091745Z fa7729bc9c30e14b69acd641af8b692b56fcd416
2025-01-21T01:43:32.7229409Z ##[group]Run git lfs ls-files -l | cut -d' ' -f1 | sort > .lfs-assets-id
2025-01-21T01:43:32.7229977Z [36;1mgit lfs ls-files -l | cut -d' ' -f1 | sort > .lfs-assets-id[0m
2025-01-21T01:43:32.7262974Z shell: /usr/bin/bash --noprofile --norc -e -o pipefail {0}
2025-01-21T01:43:32.7263338Z env:
2025-01-21T01:43:32.7263544Z   CACHE_NUMBER: 0
2025-01-21T01:43:32.7264206Z   PYTEST_FLAGS: --tardis-regression-data=/home/runner/work/tardis/tardis/tardis-regression-data --cov=tardis --cov-report=xml --cov-report=html --cov-append
2025-01-21T01:43:32.7264886Z   CODECOV_TOKEN: 
2025-01-21T01:43:32.7265107Z ##[endgroup]
2025-01-21T01:43:32.8724904Z ##[group]Run actions/cache/restore@v4
2025-01-21T01:43:32.8725261Z with:
2025-01-21T01:43:32.8725521Z   path: tardis-regression-data/.git/lfs
2025-01-21T01:43:32.8726100Z   key: Linux-lfs-21f9fa4b6817cc69b9fae3598144724da7828e276a73bd17f47a2a49d9af090a-v1
2025-01-21T01:43:32.8726649Z   enableCrossOsArchive: false
2025-01-21T01:43:32.8726965Z   fail-on-cache-miss: false
2025-01-21T01:43:32.8727544Z   lookup-only: false
2025-01-21T01:43:32.8727773Z env:
2025-01-21T01:43:32.8727964Z   CACHE_NUMBER: 0
2025-01-21T01:43:32.8728596Z   PYTEST_FLAGS: --tardis-regression-data=/home/runner/work/tardis/tardis/tardis-regression-data --cov=tardis --cov-report=xml --cov-report=html --cov-append
2025-01-21T01:43:32.8729279Z   CODECOV_TOKEN: 
2025-01-21T01:43:32.8729487Z ##[endgroup]
2025-01-21T01:43:34.1505232Z Received 343932928 of 1708418946 (20.1%), 327.7 MBs/sec
2025-01-21T01:43:35.1508562Z Received 775946240 of 1708418946 (45.4%), 369.8 MBs/sec
2025-01-21T01:43:36.1508642Z Received 1220542464 of 1708418946 (71.4%), 387.9 MBs/sec
2025-01-21T01:43:37.1557666Z Received 1602224128 of 1708418946 (93.8%), 381.5 MBs/sec
2025-01-21T01:43:37.3968290Z Cache Size: ~1629 MB (1708418946 B)
2025-01-21T01:43:37.4024799Z [command]/usr/bin/tar -xf /home/runner/work/_temp/d8cd3c44-59ba-4148-8f9f-82ae91d515f0/cache.tzst -P -C /home/runner/work/tardis/tardis --use-compress-program unzstd
2025-01-21T01:43:38.1548495Z Received 1708418946 of 1708418946 (100.0%), 325.5 MBs/sec
2025-01-21T01:43:43.7565943Z Cache restored successfully
2025-01-21T01:43:44.4502308Z Cache restored from key: Linux-lfs-21f9fa4b6817cc69b9fae3598144724da7828e276a73bd17f47a2a49d9af090a-v1
2025-01-21T01:43:44.4663329Z ##[group]Run git lfs checkout
2025-01-21T01:43:44.4663583Z [36;1mgit lfs checkout[0m
2025-01-21T01:43:44.4692054Z shell: /usr/bin/bash --noprofile --norc -e -o pipefail {0}
2025-01-21T01:43:44.4692352Z env:
2025-01-21T01:43:44.4692515Z   CACHE_NUMBER: 0
2025-01-21T01:43:44.4693128Z   PYTEST_FLAGS: --tardis-regression-data=/home/runner/work/tardis/tardis/tardis-regression-data --cov=tardis --cov-report=xml --cov-report=html --cov-append
2025-01-21T01:43:44.4693770Z   CODECOV_TOKEN: 
2025-01-21T01:43:44.4693949Z ##[endgroup]
2025-01-21T01:43:57.6826247Z Checking out LFS objects: 100% (204/204), 3.5 GB | 248 MB/s, done.
2025-01-21T01:43:59.4867025Z Prepare all required actions
2025-01-21T01:43:59.4867365Z Getting action download info
2025-01-21T01:43:59.5723170Z Download action repository 'mamba-org/setup-micromamba@v1' (SHA:4b9113af4fba0e9e1124b252dd6497a419e7396d)
2025-01-21T01:43:59.7764008Z ##[group]Run ./.github/actions/setup_env
2025-01-21T01:43:59.7764303Z with:
2025-01-21T01:43:59.7764488Z   os-label: linux-64
2025-01-21T01:43:59.7764676Z env:
2025-01-21T01:43:59.7764832Z   CACHE_NUMBER: 0
2025-01-21T01:43:59.7765427Z   PYTEST_FLAGS: --tardis-regression-data=/home/runner/work/tardis/tardis/tardis-regression-data --cov=tardis --cov-report=xml --cov-report=html --cov-append
2025-01-21T01:43:59.7766063Z   CODECOV_TOKEN: 
2025-01-21T01:43:59.7766243Z ##[endgroup]
2025-01-21T01:43:59.7786359Z ##[group]Run file_hash=$(cat conda-linux-64.lock | shasum -a 256 | cut -d' ' -f1)
2025-01-21T01:43:59.7786841Z [36;1mfile_hash=$(cat conda-linux-64.lock | shasum -a 256 | cut -d' ' -f1)[0m
2025-01-21T01:43:59.7787294Z [36;1mecho "file_hash=$file_hash" >> "${GITHUB_OUTPUT}"[0m
2025-01-21T01:43:59.7812587Z shell: /usr/bin/bash --noprofile --norc -e -o pipefail {0}
2025-01-21T01:43:59.7812904Z env:
2025-01-21T01:43:59.7813069Z   CACHE_NUMBER: 0
2025-01-21T01:43:59.7813653Z   PYTEST_FLAGS: --tardis-regression-data=/home/runner/work/tardis/tardis/tardis-regression-data --cov=tardis --cov-report=xml --cov-report=html --cov-append
2025-01-21T01:43:59.7814278Z   CODECOV_TOKEN: 
2025-01-21T01:43:59.7814458Z ##[endgroup]
2025-01-21T01:43:59.8105442Z ##[group]Run mamba-org/setup-micromamba@v1
2025-01-21T01:43:59.8105696Z with:
2025-01-21T01:43:59.8105890Z   environment-file: conda-linux-64.lock
2025-01-21T01:43:59.8106304Z   cache-environment-key: d7cd390425b0fd3cf82649dcc003efba9915fb4928f15d342148c3ccffcbe2ee
2025-01-21T01:43:59.8106867Z   cache-downloads-key: d7cd390425b0fd3cf82649dcc003efba9915fb4928f15d342148c3ccffcbe2ee
2025-01-21T01:43:59.8107270Z   environment-name: tardis
2025-01-21T01:43:59.8107488Z   cache-environment: true
2025-01-21T01:43:59.8107711Z   cache-downloads: true
2025-01-21T01:43:59.8107902Z env:
2025-01-21T01:43:59.8108065Z   CACHE_NUMBER: 0
2025-01-21T01:43:59.8108826Z   PYTEST_FLAGS: --tardis-regression-data=/home/runner/work/tardis/tardis/tardis-regression-data --cov=tardis --cov-report=xml --cov-report=html --cov-append
2025-01-21T01:43:59.8109449Z   CODECOV_TOKEN: 
2025-01-21T01:43:59.8109629Z ##[endgroup]
2025-01-21T01:43:59.9440725Z Will download micromamba to /home/runner/micromamba-bin/micromamba
2025-01-21T01:43:59.9449333Z ##[group]Install micromamba
2025-01-21T01:44:00.1640453Z micromamba installed to /home/runner/micromamba-bin/micromamba
2025-01-21T01:44:00.1641561Z ##[endgroup]
2025-01-21T01:44:00.1642192Z Adding conda-forge to condarc channels ...
2025-01-21T01:44:00.1652219Z ##[group]Initialize micromamba for bash.
2025-01-21T01:44:00.1668581Z [command]/home/runner/micromamba-bin/micromamba shell init -s bash -r /home/runner/micromamba --log-level warning --rc-file /home/runner/work/_temp/setup-micromamba/.condarc
2025-01-21T01:44:00.1777057Z Modifying RC file "/home/runner/.bashrc"
2025-01-21T01:44:00.1778906Z Generating config for root prefix [1m"/home/runner/micromamba"[0m
2025-01-21T01:44:00.1779789Z Setting mamba executable to: [1m"/home/runner/micromamba-bin/micromamba"[0m
2025-01-21T01:44:00.1780570Z Adding (or replacing) the following in your "/home/runner/.bashrc" file
2025-01-21T01:44:00.1781027Z 
2025-01-21T01:44:00.1781163Z # >>> mamba initialize >>>
2025-01-21T01:44:00.1781823Z # !! Contents within this block are managed by 'mamba init' !!
2025-01-21T01:44:00.1782441Z export MAMBA_EXE='/home/runner/micromamba-bin/micromamba';
2025-01-21T01:44:00.1783029Z export MAMBA_ROOT_PREFIX='/home/runner/micromamba';
2025-01-21T01:44:00.1783802Z __mamba_setup="$("$MAMBA_EXE" shell hook --shell bash --root-prefix "$MAMBA_ROOT_PREFIX" 2> /dev/null)"
2025-01-21T01:44:00.1784522Z if [ $? -eq 0 ]; then
2025-01-21T01:44:00.1784847Z     eval "$__mamba_setup"
2025-01-21T01:44:00.1785182Z else
2025-01-21T01:44:00.1785919Z     alias micromamba="$MAMBA_EXE"  # Fallback on help from mamba activate
2025-01-21T01:44:00.1786468Z fi
2025-01-21T01:44:00.1786768Z unset __mamba_setup
2025-01-21T01:44:00.1787100Z # <<< mamba initialize <<<
2025-01-21T01:44:00.1787340Z 
2025-01-21T01:44:00.1798716Z Moving mamba initialize block to .bash_profile
2025-01-21T01:44:00.1860029Z ##[endgroup]
2025-01-21T01:44:00.1861028Z ##[group]Restoring downloads from `/home/runner/micromamba/pkgs` ...
2025-01-21T01:44:01.3049189Z Received 343932928 of 356800233 (96.4%), 328.0 MBs/sec
2025-01-21T01:44:01.3752180Z Cache Size: ~340 MB (356800233 B)
2025-01-21T01:44:01.3793123Z [command]/usr/bin/tar -xf /home/runner/work/_temp/8a49cac8-580b-431b-a91a-ad6c2b5a373a/cache.tzst -P -C /home/runner/work/tardis/tardis --use-compress-program unzstd
2025-01-21T01:44:01.8776262Z Cache restored successfully
2025-01-21T01:44:01.9502046Z Restored cache with key `d7cd390425b0fd3cf82649dcc003efba9915fb4928f15d342148c3ccffcbe2ee-linux-64`
2025-01-21T01:44:01.9503715Z ##[endgroup]
2025-01-21T01:44:01.9513864Z ##[group]Restoring environment `tardis` from `/home/runner/micromamba/envs/tardis` ...
2025-01-21T01:44:02.3083310Z Received 356800233 of 356800233 (100.0%), 169.9 MBs/sec
2025-01-21T01:44:03.0546418Z Received 339738624 of 444592193 (76.4%), 322.7 MBs/sec
2025-01-21T01:44:03.3408695Z Cache Size: ~424 MB (444592193 B)
2025-01-21T01:44:03.3449540Z [command]/usr/bin/tar -xf /home/runner/work/_temp/5d82ebff-3924-4d09-8c50-ac3734fe80e0/cache.tzst -P -C /home/runner/work/tardis/tardis --use-compress-program unzstd
2025-01-21T01:44:04.0559369Z Received 444592193 of 444592193 (100.0%), 211.5 MBs/sec
2025-01-21T01:44:08.4544266Z Cache restored successfully
2025-01-21T01:44:08.5444582Z Restored cache with key `d7cd390425b0fd3cf82649dcc003efba9915fb4928f15d342148c3ccffcbe2ee-linux-64-tardis-args-4f53cda-root-dcc80ee-bin-[object Promise]-file-d7cd390425b0fd3cf82649dcc003efba9915fb4928f15d342148c3ccffcbe2ee`
2025-01-21T01:44:08.5446650Z ##[endgroup]
2025-01-21T01:44:08.5447134Z Adding environment tardis to auto-activate bash ...
2025-01-21T01:44:08.5456980Z Generating micromamba run shell.
2025-01-21T01:44:08.5466015Z ##[endgroup]
2025-01-21T01:44:08.5471856Z Set environment variables.
2025-01-21T01:44:08.5476323Z ##[group]micromamba info
2025-01-21T01:44:08.5479582Z [command]/home/runner/micromamba-bin/micromamba info -r /home/runner/micromamba -n tardis
2025-01-21T01:44:08.5727172Z 
2025-01-21T01:44:08.5727449Z        libmamba version : 1.5.10
2025-01-21T01:44:08.5727920Z      micromamba version : 1.5.10
2025-01-21T01:44:08.5728653Z            curl version : libcurl/8.10.1 OpenSSL/3.3.2 zlib/1.3.1 zstd/1.5.6 libssh2/1.11.0 nghttp2/1.58.0
2025-01-21T01:44:08.5729644Z      libarchive version : libarchive 3.7.4 zlib/1.2.13 bz2lib/1.0.8 libzstd/1.5.6
2025-01-21T01:44:08.5730342Z        envs directories : /home/runner/micromamba/envs
2025-01-21T01:44:08.5730912Z           package cache : /home/runner/micromamba/pkgs
2025-01-21T01:44:08.5731677Z                           /home/runner/.mamba/pkgs
2025-01-21T01:44:08.5732166Z             environment : tardis
2025-01-21T01:44:08.5732686Z            env location : /home/runner/micromamba/envs/tardis
2025-01-21T01:44:08.5733326Z       user config files : /home/runner/.mambarc
2025-01-21T01:44:08.5734036Z  populated config files : /home/runner/work/_temp/setup-micromamba/.condarc
2025-01-21T01:44:08.5734687Z        virtual packages : __unix=0=0
2025-01-21T01:44:08.5735195Z                           __linux=6.8.0=0
2025-01-21T01:44:08.5735704Z                           __glibc=2.39=0
2025-01-21T01:44:08.5736231Z                           __archspec=1=x86_64_v3
2025-01-21T01:44:08.5736936Z                channels : https://conda.anaconda.org/conda-forge/linux-64
2025-01-21T01:44:08.5737713Z                           https://conda.anaconda.org/conda-forge/noarch
2025-01-21T01:44:08.5738372Z        base environment : /home/runner/micromamba
2025-01-21T01:44:08.5738956Z                platform : linux-64
2025-01-21T01:44:08.5745864Z ##[endgroup]
2025-01-21T01:44:08.5746758Z ##[group]micromamba list
2025-01-21T01:44:08.5747674Z [command]/home/runner/micromamba-bin/micromamba list -r /home/runner/micromamba -n tardis
2025-01-21T01:44:08.9616622Z List of packages in environment: "/home/runner/micromamba/envs/tardis"
2025-01-21T01:44:08.9617154Z 
2025-01-21T01:44:08.9617412Z   Name                           Version              Build                    Channel    
2025-01-21T01:44:08.9618430Z ────────────────────────────────────────────────────────────────────────────────────────────
2025-01-21T01:44:08.9619056Z   _libgcc_mutex                  0.1                  conda_forge              conda-forge
2025-01-21T01:44:08.9619638Z   _openmp_mutex                  4.5                  2_gnu                    conda-forge
2025-01-21T01:44:08.9620217Z   alabaster                      0.7.16               pyhd8ed1ab_0             conda-forge
2025-01-21T01:44:08.9620758Z   anyio                          4.4.0                pyhd8ed1ab_0             conda-forge
2025-01-21T01:44:08.9621555Z   argon2-cffi                    23.1.0               pyhd8ed1ab_0             conda-forge
2025-01-21T01:44:08.9622251Z   argon2-cffi-bindings           21.2.0               py312h98912ed_4          conda-forge
2025-01-21T01:44:08.9622841Z   arrow                          1.3.0                pyhd8ed1ab_0             conda-forge
2025-01-21T01:44:08.9623372Z   astropy                        6.1.1                py312h085067d_0          conda-forge
2025-01-21T01:44:08.9624014Z   astropy-iers-data              0.2024.6.17.0.31.35  pyhd8ed1ab_0             conda-forge
2025-01-21T01:44:08.9624728Z   astropy-sphinx-theme           1.1                  pyhd8ed1ab_0             conda-forge
2025-01-21T01:44:08.9625393Z   asttokens                      2.4.1                pyhd8ed1ab_0             conda-forge
2025-01-21T01:44:08.9626010Z   async-lru                      2.0.4                pyhd8ed1ab_0             conda-forge
2025-01-21T01:44:08.9626759Z   atk-1.0                        2.38.0               h04ea711_2               conda-forge
2025-01-21T01:44:08.9627565Z   attrs                          23.2.0               pyh71513ae_0             conda-forge
2025-01-21T01:44:08.9628812Z   babel                          2.14.0               pyhd8ed1ab_0             conda-forge
2025-01-21T01:44:08.9629472Z   beautifulsoup4                 4.12.3               pyha770c72_0             conda-forge
2025-01-21T01:44:08.9630039Z   bleach                         6.1.0                pyhd8ed1ab_0             conda-forge
2025-01-21T01:44:08.9630502Z   blosc                          1.21.5               hc2324a3_1               conda-forge
2025-01-21T01:44:08.9630949Z   brotli                         1.1.0                hd590300_1               conda-forge
2025-01-21T01:44:08.9631672Z   brotli-bin                     1.1.0                hd590300_1               conda-forge
2025-01-21T01:44:08.9632147Z   brotli-python                  1.1.0                py312h30efb56_1          conda-forge
2025-01-21T01:44:08.9632607Z   bzip2                          1.0.8                hd590300_5               conda-forge
2025-01-21T01:44:08.9633118Z   c-ares                         1.28.1               hd590300_0               conda-forge
2025-01-21T01:44:08.9633569Z   c-blosc2                       2.14.4               hb4ffafa_1               conda-forge
2025-01-21T01:44:08.9634143Z   ca-certificates                2024.6.2             hbcca054_0               conda-forge
2025-01-21T01:44:08.9634673Z   cached-property                1.5.2                hd8ed1ab_1               conda-forge
2025-01-21T01:44:08.9654415Z   cached_property                1.5.2                pyha770c72_1             conda-forge
2025-01-21T01:44:08.9655368Z   cairo                          1.18.0               h3faef2a_0               conda-forge
2025-01-21T01:44:08.9656060Z   certifi                        2024.6.2             pyhd8ed1ab_0             conda-forge
2025-01-21T01:44:08.9656940Z   cffi                           1.16.0               py312hf06ca03_0          conda-forge
2025-01-21T01:44:08.9657613Z   charset-normalizer             3.3.2                pyhd8ed1ab_0             conda-forge
2025-01-21T01:44:08.9658260Z   click                          8.1.7                unix_pyh707e725_0        conda-forge
2025-01-21T01:44:08.9658828Z   codespell                      2.3.0                pyhd8ed1ab_0             conda-forge
2025-01-21T01:44:08.9659461Z   colorama                       0.4.6                pyhd8ed1ab_0             conda-forge
2025-01-21T01:44:08.9660106Z   comm                           0.2.2                pyhd8ed1ab_0             conda-forge
2025-01-21T01:44:08.9660704Z   commonmark                     0.9.1                py_0                     conda-forge
2025-01-21T01:44:08.9661462Z   contourpy                      1.2.1                py312h8572e83_0          conda-forge
2025-01-21T01:44:08.9662033Z   coverage                       7.5.3                py312h9a8786e_0          conda-forge
2025-01-21T01:44:08.9662587Z   cycler                         0.12.1               pyhd8ed1ab_0             conda-forge
2025-01-21T01:44:08.9663155Z   dataclasses                    0.8                  pyhc8e2a94_3             conda-forge
2025-01-21T01:44:08.9663734Z   debugpy                        1.8.1                py312h30efb56_0          conda-forge
2025-01-21T01:44:08.9664311Z   decorator                      5.1.1                pyhd8ed1ab_0             conda-forge
2025-01-21T01:44:08.9664920Z   defusedxml                     0.7.1                pyhd8ed1ab_0             conda-forge
2025-01-21T01:44:08.9665538Z   docutils                       0.20.1               py312h7900ff3_3          conda-forge
2025-01-21T01:44:08.9666124Z   dot2tex                        2.11.3               pyhd8ed1ab_0             conda-forge
2025-01-21T01:44:08.9666705Z   entrypoints                    0.4                  pyhd8ed1ab_0             conda-forge
2025-01-21T01:44:08.9667346Z   exceptiongroup                 1.2.0                pyhd8ed1ab_2             conda-forge
2025-01-21T01:44:08.9667979Z   executing                      2.0.1                pyhd8ed1ab_0             conda-forge
2025-01-21T01:44:08.9668752Z   expat                          2.6.2                h59595ed_0               conda-forge
2025-01-21T01:44:08.9669399Z   font-ttf-dejavu-sans-mono      2.37                 hab24e00_0               conda-forge
2025-01-21T01:44:08.9670094Z   font-ttf-inconsolata           3.000                h77eed37_0               conda-forge
2025-01-21T01:44:08.9670797Z   font-ttf-source-code-pro       2.038                h77eed37_0               conda-forge
2025-01-21T01:44:08.9671659Z   font-ttf-ubuntu                0.83                 h77eed37_2               conda-forge
2025-01-21T01:44:08.9672255Z   fontconfig                     2.14.2               h14ed4e7_0               conda-forge
2025-01-21T01:44:08.9672899Z   fonts-conda-ecosystem          1                    0                        conda-forge
2025-01-21T01:44:08.9673558Z   fonts-conda-forge              1                    0                        conda-forge
2025-01-21T01:44:08.9674180Z   fonttools                      4.53.0               py312h9a8786e_0          conda-forge
2025-01-21T01:44:08.9674743Z   fqdn                           1.5.1                pyhd8ed1ab_0             conda-forge
2025-01-21T01:44:08.9675302Z   freetype                       2.12.1               h267a509_2               conda-forge
2025-01-21T01:44:08.9675864Z   fribidi                        1.0.10               h36c2ea0_0               conda-forge
2025-01-21T01:44:08.9676452Z   future                         1.0.0                pyhd8ed1ab_0             conda-forge
2025-01-21T01:44:08.9677059Z   gdk-pixbuf                     2.42.12              hb9ae30d_0               conda-forge
2025-01-21T01:44:08.9677987Z   giflib                         5.2.2                hd590300_0               conda-forge
2025-01-21T01:44:08.9683357Z   git-lfs                        3.5.1                ha770c72_0               conda-forge
2025-01-21T01:44:08.9683991Z   gmp                            6.3.0                h59595ed_1               conda-forge
2025-01-21T01:44:08.9684595Z   gmpy2                          2.1.5                py312h1d5cde6_1          conda-forge
2025-01-21T01:44:08.9685203Z   graphite2                      1.3.13               h59595ed_1003            conda-forge
2025-01-21T01:44:08.9706496Z   graphviz                       11.0.0               hc68bbd7_0               conda-forge
2025-01-21T01:44:08.9706923Z   gtk2                           2.24.33              h280cfa0_4               conda-forge
2025-01-21T01:44:08.9707265Z   gts                            0.7.6                h977cf35_4               conda-forge
2025-01-21T01:44:08.9707588Z   h11                            0.14.0               pyhd8ed1ab_0             conda-forge
2025-01-21T01:44:08.9707904Z   h2                             4.1.0                pyhd8ed1ab_0             conda-forge
2025-01-21T01:44:08.9708231Z   h5py                           3.11.0               nompi_py312hb7ab980_102  conda-forge
2025-01-21T01:44:08.9708566Z   harfbuzz                       8.5.0                hfac3d4d_0               conda-forge
2025-01-21T01:44:08.9708898Z   hdf5                           1.14.3               nompi_hdf9ad27_105       conda-forge
2025-01-21T01:44:08.9709218Z   hpack                          4.0.0                pyh9f0ad1d_0             conda-forge
2025-01-21T01:44:08.9709551Z   httpcore                       1.0.5                pyhd8ed1ab_0             conda-forge
2025-01-21T01:44:08.9709893Z   httpx                          0.27.0               pyhd8ed1ab_0             conda-forge
2025-01-21T01:44:08.9710230Z   hyperframe                     6.0.1                pyhd8ed1ab_0             conda-forge
2025-01-21T01:44:08.9710556Z   icu                            73.2                 h59595ed_0               conda-forge
2025-01-21T01:44:08.9710863Z   idna                           3.7                  pyhd8ed1ab_0             conda-forge
2025-01-21T01:44:08.9711188Z   imagesize                      1.4.1                pyhd8ed1ab_0             conda-forge
2025-01-21T01:44:08.9711929Z   importlib-metadata             7.1.0                pyha770c72_0             conda-forge
2025-01-21T01:44:08.9712337Z   importlib_metadata             7.1.0                hd8ed1ab_0               conda-forge
2025-01-21T01:44:08.9712733Z   importlib_resources            6.4.0                pyhd8ed1ab_0             conda-forge
2025-01-21T01:44:08.9713119Z   iniconfig                      2.0.0                pyhd8ed1ab_0             conda-forge
2025-01-21T01:44:08.9713468Z   ipykernel                      6.29.4               pyh3099207_0             conda-forge
2025-01-21T01:44:08.9713810Z   ipython                        8.25.0               pyh707e725_0             conda-forge
2025-01-21T01:44:08.9714167Z   ipython_genutils               0.2.0                pyhd8ed1ab_1             conda-forge
2025-01-21T01:44:08.9714537Z   ipywidgets                     7.8.0                pyhd8ed1ab_0             conda-forge
2025-01-21T01:44:08.9714895Z   isoduration                    20.11.0              pyhd8ed1ab_0             conda-forge
2025-01-21T01:44:08.9715244Z   jedi                           0.19.1               pyhd8ed1ab_0             conda-forge
2025-01-21T01:44:08.9715585Z   jinja2                         3.1.4                pyhd8ed1ab_0             conda-forge
2025-01-21T01:44:08.9715923Z   json5                          0.9.25               pyhd8ed1ab_0             conda-forge
2025-01-21T01:44:08.9716272Z   jsonpointer                    3.0.0                py312h7900ff3_0          conda-forge
2025-01-21T01:44:08.9716626Z   jsonschema                     4.22.0               pyhd8ed1ab_0             conda-forge
2025-01-21T01:44:08.9717039Z   jsonschema-specifications      2023.12.1            pyhd8ed1ab_0             conda-forge
2025-01-21T01:44:08.9717626Z   jsonschema-with-format-nongpl  4.22.0               pyhd8ed1ab_0             conda-forge
2025-01-21T01:44:08.9718057Z   jupyter-lsp                    2.2.5                pyhd8ed1ab_0             conda-forge
2025-01-21T01:44:08.9718425Z   jupyter_client                 8.6.2                pyhd8ed1ab_0             conda-forge
2025-01-21T01:44:08.9718784Z   jupyter_core                   5.7.2                py312h7900ff3_0          conda-forge
2025-01-21T01:44:08.9719143Z   jupyter_events                 0.10.0               pyhd8ed1ab_0             conda-forge
2025-01-21T01:44:08.9719514Z   jupyter_server                 2.14.1               pyhd8ed1ab_0             conda-forge
2025-01-21T01:44:08.9719908Z   jupyter_server_terminals       0.5.3                pyhd8ed1ab_0             conda-forge
2025-01-21T01:44:08.9720301Z   jupyterlab                     4.2.2                pyhd8ed1ab_0             conda-forge
2025-01-21T01:44:08.9720688Z   jupyterlab_pygments            0.3.0                pyhd8ed1ab_1             conda-forge
2025-01-21T01:44:08.9721096Z   jupyterlab_server              2.27.2               pyhd8ed1ab_0             conda-forge
2025-01-21T01:44:08.9721689Z   jupyterlab_widgets             1.1.7                pyhd8ed1ab_0             conda-forge
2025-01-21T01:44:08.9722072Z   keyutils                       1.6.1                h166bdaf_0               conda-forge
2025-01-21T01:44:08.9722422Z   kiwisolver                     1.4.5                py312h8572e83_1          conda-forge
2025-01-21T01:44:08.9722771Z   krb5                           1.21.2               h659d440_0               conda-forge
2025-01-21T01:44:08.9723109Z   latexcodec                     2.0.1                pyh9f0ad1d_0             conda-forge
2025-01-21T01:44:08.9723450Z   lcms2                          2.16                 hb7c19ff_0               conda-forge
2025-01-21T01:44:08.9723790Z   ld_impl_linux-64               2.40                 hf3520f5_7               conda-forge
2025-01-21T01:44:08.9724129Z   lerc                           4.0.0                h27087fc_0               conda-forge
2025-01-21T01:44:08.9724454Z   libaec                         1.1.3                h59595ed_0               conda-forge
2025-01-21T01:44:08.9724925Z   libblas                        3.9.0                22_linux64_openblas      conda-forge
2025-01-21T01:44:08.9725297Z   libbrotlicommon                1.1.0                hd590300_1               conda-forge
2025-01-21T01:44:08.9725677Z   libbrotlidec                   1.1.0                hd590300_1               conda-forge
2025-01-21T01:44:08.9726044Z   libbrotlienc                   1.1.0                hd590300_1               conda-forge
2025-01-21T01:44:08.9726413Z   libcblas                       3.9.0                22_linux64_openblas      conda-forge
2025-01-21T01:44:08.9726757Z   libcurl                        8.8.0                hca28451_0               conda-forge
2025-01-21T01:44:08.9727098Z   libdeflate                     1.20                 hd590300_0               conda-forge
2025-01-21T01:44:08.9727466Z   libedit                        3.1.20191231         he28a2e2_2               conda-forge
2025-01-21T01:44:08.9727807Z   libev                          4.33                 hd590300_2               conda-forge
2025-01-21T01:44:08.9728143Z   libexpat                       2.6.2                h59595ed_0               conda-forge
2025-01-21T01:44:08.9728483Z   libffi                         3.4.2                h7f98852_5               conda-forge
2025-01-21T01:44:08.9728816Z   libgcc-ng                      13.2.0               h77fa898_10              conda-forge
2025-01-21T01:44:08.9729147Z   libgd                          2.3.3                h119a65a_9               conda-forge
2025-01-21T01:44:08.9729501Z   libgfortran-ng                 13.2.0               h69a702a_10              conda-forge
2025-01-21T01:44:08.9729881Z   libgfortran5                   13.2.0               h3d2ce59_10              conda-forge
2025-01-21T01:44:08.9730245Z   libglib                        2.80.2               h8a4344b_1               conda-forge
2025-01-21T01:44:08.9730745Z   libgomp                        13.2.0               h77fa898_10              conda-forge
2025-01-21T01:44:08.9731093Z   libiconv                       1.17                 hd590300_2               conda-forge
2025-01-21T01:44:08.9731640Z   libjpeg-turbo                  3.0.0                hd590300_1               conda-forge
2025-01-21T01:44:08.9732007Z   liblapack                      3.9.0                22_linux64_openblas      conda-forge
2025-01-21T01:44:08.9732366Z   libllvm14                      14.0.6               hcd5def8_4               conda-forge
2025-01-21T01:44:08.9732733Z   libnghttp2                     1.58.0               h47da74e_1               conda-forge
2025-01-21T01:44:08.9733077Z   libnsl                         2.0.1                hd590300_0               conda-forge
2025-01-21T01:44:08.9733442Z   libopenblas                    0.3.27               pthreads_h413a1c8_0      conda-forge
2025-01-21T01:44:08.9733803Z   libpng                         1.6.43               h2797004_0               conda-forge
2025-01-21T01:44:08.9734141Z   librsvg                        2.58.1               hadf69e7_0               conda-forge
2025-01-21T01:44:08.9734489Z   libsodium                      1.0.18               h36c2ea0_1               conda-forge
2025-01-21T01:44:08.9734839Z   libsqlite                      3.46.0               hde9e2c9_0               conda-forge
2025-01-21T01:44:08.9735179Z   libssh2                        1.11.0               h0841786_0               conda-forge
2025-01-21T01:44:08.9735531Z   libstdcxx-ng                   13.2.0               hc0a3c3a_10              conda-forge
2025-01-21T01:44:08.9735881Z   libtiff                        4.6.0                h1dd3fc0_3               conda-forge
2025-01-21T01:44:08.9736228Z   libuuid                        2.38.1               h0b41bf4_0               conda-forge
2025-01-21T01:44:08.9736562Z   libwebp                        1.4.0                h2c329e2_0               conda-forge
2025-01-21T01:44:08.9736916Z   libwebp-base                   1.4.0                hd590300_0               conda-forge
2025-01-21T01:44:08.9737398Z   libxcb                         1.15                 h0b41bf4_0               conda-forge
2025-01-21T01:44:08.9737741Z   libxcrypt                      4.4.36               hd590300_1               conda-forge
2025-01-21T01:44:08.9738082Z   libxml2                        2.12.7               hc051c1a_1               conda-forge
2025-01-21T01:44:08.9738413Z   libxslt                        1.1.39               h76b75d6_0               conda-forge
2025-01-21T01:44:08.9738746Z   libzlib                        1.3.1                h4ab18f5_1               conda-forge
2025-01-21T01:44:08.9739094Z   llvmlite                       0.42.0               py312hb06c811_1          conda-forge
2025-01-21T01:44:08.9739428Z   lxml                           5.2.2                py312hb90d8a5_0          conda-forge
2025-01-21T01:44:08.9739757Z   lz4-c                          1.9.4                hcb278e6_0               conda-forge
2025-01-21T01:44:08.9740076Z   lzo                            2.10                 hd590300_1001            conda-forge
2025-01-21T01:44:08.9740413Z   markupsafe                     2.1.5                py312h98912ed_0          conda-forge
2025-01-21T01:44:08.9740789Z   matplotlib-base                3.8.4                py312h20ab3a6_2          conda-forge
2025-01-21T01:44:08.9741187Z   matplotlib-inline              0.1.7                pyhd8ed1ab_0             conda-forge
2025-01-21T01:44:08.9741719Z   mistune                        3.0.2                pyhd8ed1ab_0             conda-forge
2025-01-21T01:44:08.9742045Z   mpc                            1.3.1                hfe3b2da_0               conda-forge
2025-01-21T01:44:08.9742362Z   mpfr                           4.2.1                h9458935_1               conda-forge
2025-01-21T01:44:08.9742690Z   mpmath                         1.3.0                pyhd8ed1ab_0             conda-forge
2025-01-21T01:44:08.9743143Z   munkres                        1.1.4                pyh9f0ad1d_0             conda-forge
2025-01-21T01:44:08.9743514Z   mypy_extensions                1.0.0                pyha770c72_0             conda-forge
2025-01-21T01:44:08.9743882Z   nbclassic                      1.1.0                pyhd8ed1ab_0             conda-forge
2025-01-21T01:44:08.9744235Z   nbclient                       0.10.0               pyhd8ed1ab_0             conda-forge
2025-01-21T01:44:08.9744583Z   nbconvert                      7.16.4               hd8ed1ab_1               conda-forge
2025-01-21T01:44:08.9744956Z   nbconvert-core                 7.16.4               pyhd8ed1ab_1             conda-forge
2025-01-21T01:44:08.9745352Z   nbconvert-pandoc               7.16.4               hd8ed1ab_1               conda-forge
2025-01-21T01:44:08.9745741Z   nbformat                       5.10.4               pyhd8ed1ab_0             conda-forge
2025-01-21T01:44:08.9746094Z   nbsphinx                       0.9.4                pyhd8ed1ab_0             conda-forge
2025-01-21T01:44:08.9746545Z   ncurses                        6.5                  h59595ed_0               conda-forge
2025-01-21T01:44:08.9746911Z   nest-asyncio                   1.6.0                pyhd8ed1ab_0             conda-forge
2025-01-21T01:44:08.9747268Z   networkx                       3.3                  pyhd8ed1ab_1             conda-forge
2025-01-21T01:44:08.9747608Z   nomkl                          1.0                  h5ca1d4c_0               conda-forge
2025-01-21T01:44:08.9747939Z   notebook                       7.2.1                pyhd8ed1ab_0             conda-forge
2025-01-21T01:44:08.9748306Z   notebook-shim                  0.2.4                pyhd8ed1ab_0             conda-forge
2025-01-21T01:44:08.9748668Z   numba                          0.59.1               py312hacefee8_0          conda-forge
2025-01-21T01:44:08.9749012Z   numexpr                        2.10.0               py312hf412c99_100        conda-forge
2025-01-21T01:44:08.9749350Z   numpy                          1.26.4               py312heda63a1_0          conda-forge
2025-01-21T01:44:08.9749689Z   numpydoc                       1.7.0                pyhd8ed1ab_1             conda-forge
2025-01-21T01:44:08.9750161Z   openjpeg                       2.5.2                h488ebb8_0               conda-forge
2025-01-21T01:44:08.9750498Z   openssl                        3.3.1                h4ab18f5_0               conda-forge
2025-01-21T01:44:08.9750856Z   overrides                      7.7.0                pyhd8ed1ab_0             conda-forge
2025-01-21T01:44:08.9751214Z   packaging                      24.1                 pyhd8ed1ab_0             conda-forge
2025-01-21T01:44:08.9751721Z   pandas                         2.2.2                py312h1d6d2e6_1          conda-forge
2025-01-21T01:44:08.9752077Z   pandoc                         3.2                  ha770c72_0               conda-forge
2025-01-21T01:44:08.9752434Z   pandocfilters                  1.5.0                pyhd8ed1ab_0             conda-forge
2025-01-21T01:44:08.9752793Z   pango                          1.54.0               h84a9a3c_0               conda-forge
2025-01-21T01:44:08.9753122Z   parso                          0.8.4                pyhd8ed1ab_0             conda-forge
2025-01-21T01:44:08.9753467Z   pathspec                       0.12.1               pyhd8ed1ab_0             conda-forge
2025-01-21T01:44:08.9753803Z   pbr                            6.0.0                pyhd8ed1ab_0             conda-forge
2025-01-21T01:44:08.9754127Z   pcre2                          10.44                h0f59acf_0               conda-forge
2025-01-21T01:44:08.9754477Z   pexpect                        4.9.0                pyhd8ed1ab_0             conda-forge
2025-01-21T01:44:08.9754837Z   pickleshare                    0.7.5                py_1003                  conda-forge
2025-01-21T01:44:08.9755190Z   pillow                         10.3.0               py312hdcec9eb_0          conda-forge
2025-01-21T01:44:08.9755642Z   pip                            24.0                 pyhd8ed1ab_0             conda-forge
2025-01-21T01:44:08.9755971Z   pixman                         0.43.2               h59595ed_0               conda-forge
2025-01-21T01:44:08.9756357Z   pkgutil-resolve-name           1.3.10               pyhd8ed1ab_1             conda-forge
2025-01-21T01:44:08.9756758Z   platformdirs                   4.2.2                pyhd8ed1ab_0             conda-forge
2025-01-21T01:44:08.9757115Z   plotly                         5.22.0               pyhd8ed1ab_0             conda-forge
2025-01-21T01:44:08.9757448Z   pluggy                         1.5.0                pyhd8ed1ab_0             conda-forge
2025-01-21T01:44:08.9757817Z   prometheus_client              0.20.0               pyhd8ed1ab_0             conda-forge
2025-01-21T01:44:08.9758208Z   prompt-toolkit                 3.0.47               pyha770c72_0             conda-forge
2025-01-21T01:44:08.9758572Z   psutil                         5.9.8                py312h98912ed_0          conda-forge
2025-01-21T01:44:08.9758924Z   pthread-stubs                  0.4                  h36c2ea0_1001            conda-forge
2025-01-21T01:44:08.9759296Z   ptyprocess                     0.7.0                pyhd3deb0d_0             conda-forge
2025-01-21T01:44:08.9759651Z   pure_eval                      0.2.2                pyhd8ed1ab_0             conda-forge
2025-01-21T01:44:08.9760006Z   py-cpuinfo                     9.0.0                pyhd8ed1ab_0             conda-forge
2025-01-21T01:44:08.9760355Z   pybtex                         0.24.0               pyhd8ed1ab_2             conda-forge
2025-01-21T01:44:08.9760725Z   pybtex-docutils                1.0.3                py312h7900ff3_1          conda-forge
2025-01-21T01:44:08.9761095Z   pycparser                      2.22                 pyhd8ed1ab_0             conda-forge
2025-01-21T01:44:08.9761597Z   pyerfa                         2.0.1.4              py312h085067d_1          conda-forge
2025-01-21T01:44:08.9762001Z   pygments                       2.18.0               pyhd8ed1ab_0             conda-forge
2025-01-21T01:44:08.9762346Z   pygraphviz                     1.13                 py312h4a1d8a7_1          conda-forge
2025-01-21T01:44:08.9762834Z   pyparsing                      3.1.2                pyhd8ed1ab_0             conda-forge
2025-01-21T01:44:08.9763187Z   pysocks                        1.7.1                pyha2e5f31_6             conda-forge
2025-01-21T01:44:08.9763539Z   pytables                       3.9.2                py312h96d95ec_2          conda-forge
2025-01-21T01:44:08.9763878Z   pytest                         8.2.2                pyhd8ed1ab_0             conda-forge
2025-01-21T01:44:08.9764222Z   pytest-cov                     5.0.0                pyhd8ed1ab_0             conda-forge
2025-01-21T01:44:08.9764608Z   pytest-doctestplus             1.2.1                pyhd8ed1ab_0             conda-forge
2025-01-21T01:44:08.9764998Z   pytest-html                    4.1.1                pyhd8ed1ab_0             conda-forge
2025-01-21T01:44:08.9765374Z   pytest-metadata                3.1.1                pyhd8ed1ab_0             conda-forge
2025-01-21T01:44:08.9765746Z   python                         3.12.4               h194c7f8_0_cpython       conda-forge
2025-01-21T01:44:08.9766114Z   python-dateutil                2.9.0                pyhd8ed1ab_0             conda-forge
2025-01-21T01:44:08.9766525Z   python-fastjsonschema          2.20.0               pyhd8ed1ab_0             conda-forge
2025-01-21T01:44:08.9766944Z   python-json-logger             2.0.7                pyhd8ed1ab_0             conda-forge
2025-01-21T01:44:08.9767696Z   python-tzdata                  2024.1               pyhd8ed1ab_0             conda-forge
2025-01-21T01:44:08.9768341Z   python_abi                     3.12                 4_cp312                  conda-forge
2025-01-21T01:44:08.9768924Z   pytz                           2024.1               pyhd8ed1ab_0             conda-forge
2025-01-21T01:44:08.9769599Z   pyyaml                         6.0.1                py312h98912ed_1          conda-forge
2025-01-21T01:44:08.9769953Z   pyzmq                          26.0.3               py312h8fd38d8_0          conda-forge
2025-01-21T01:44:08.9770286Z   qgrid                          1.3.1                pyhd8ed1ab_4             conda-forge
2025-01-21T01:44:08.9770654Z   radioactivedecay               0.5.1                pyhd8ed1ab_0             conda-forge
2025-01-21T01:44:08.9771024Z   readline                       8.2                  h8228510_1               conda-forge
2025-01-21T01:44:08.9771561Z   recommonmark                   0.7.1                pyhd8ed1ab_0             conda-forge
2025-01-21T01:44:08.9771935Z   referencing                    0.35.1               pyhd8ed1ab_0             conda-forge
2025-01-21T01:44:08.9772296Z   requests                       2.32.3               pyhd8ed1ab_0             conda-forge
2025-01-21T01:44:08.9772671Z   rfc3339-validator              0.1.4                pyhd8ed1ab_0             conda-forge
2025-01-21T01:44:08.9773109Z   rfc3986-validator              0.1.1                pyh9f0ad1d_0             conda-forge
2025-01-21T01:44:08.9773482Z   rpds-py                        0.18.1               py312h4413252_0          conda-forge
2025-01-21T01:44:08.9773811Z   ruff                           0.4.9                py312h5715c7c_0          conda-forge
2025-01-21T01:44:08.9774134Z   scipy                          1.13.1               py312hc2bc53b_0          conda-forge
2025-01-21T01:44:08.9774481Z   send2trash                     1.8.3                pyh0d859eb_0             conda-forge
2025-01-21T01:44:08.9774841Z   setuptools                     70.0.0               pyhd8ed1ab_0             conda-forge
2025-01-21T01:44:08.9775222Z   setuptools-scm                 8.1.0                pyhd8ed1ab_0             conda-forge
2025-01-21T01:44:08.9775599Z   setuptools_scm                 8.1.0                hd8ed1ab_0               conda-forge
2025-01-21T01:44:08.9775948Z   six                            1.16.0               pyh6c4a22f_0             conda-forge
2025-01-21T01:44:08.9776282Z   snakeviz                       2.2.0                pyhd8ed1ab_0             conda-forge
2025-01-21T01:44:08.9776759Z   snappy                         1.2.0                hdb0a2a9_1               conda-forge
2025-01-21T01:44:08.9777095Z   sniffio                        1.3.1                pyhd8ed1ab_0             conda-forge
2025-01-21T01:44:08.9777464Z   snowballstemmer                2.2.0                pyhd8ed1ab_0             conda-forge
2025-01-21T01:44:08.9777837Z   soupsieve                      2.5                  pyhd8ed1ab_1             conda-forge
2025-01-21T01:44:08.9778181Z   sphinx                         7.3.7                pyhd8ed1ab_0             conda-forge
2025-01-21T01:44:08.9778544Z   sphinx-astropy                 1.9.1                pyhd8ed1ab_0             conda-forge
2025-01-21T01:44:08.9778942Z   sphinx-automodapi              0.17.0               pyh717bed2_1             conda-forge
2025-01-21T01:44:08.9779343Z   sphinx-gallery                 0.16.0               pyhd8ed1ab_0             conda-forge
2025-01-21T01:44:08.9779741Z   sphinx-jsonschema              1.19.1               pyhd8ed1ab_0             conda-forge
2025-01-21T01:44:08.9780161Z   sphinx_bootstrap_theme         0.8.1                pyhd8ed1ab_0             conda-forge
2025-01-21T01:44:08.9780559Z   sphinx_rtd_theme               2.0.0                pyha770c72_0             conda-forge
2025-01-21T01:44:08.9780959Z   sphinxcontrib-apidoc           0.3.0                py_1                     conda-forge
2025-01-21T01:44:08.9781553Z   sphinxcontrib-applehelp        1.0.8                pyhd8ed1ab_0             conda-forge
2025-01-21T01:44:08.9781995Z   sphinxcontrib-bibtex           2.6.2                pyhd8ed1ab_0             conda-forge
2025-01-21T01:44:08.9782424Z   sphinxcontrib-devhelp          1.0.6                pyhd8ed1ab_0             conda-forge
2025-01-21T01:44:08.9783004Z   sphinxcontrib-htmlhelp         2.0.5                pyhd8ed1ab_0             conda-forge
2025-01-21T01:44:08.9783462Z   sphinxcontrib-jquery           4.1                  pyhd8ed1ab_0             conda-forge
2025-01-21T01:44:08.9783895Z   sphinxcontrib-jsmath           1.0.1                pyhd8ed1ab_0             conda-forge
2025-01-21T01:44:08.9784317Z   sphinxcontrib-qthelp           1.0.7                pyhd8ed1ab_0             conda-forge
2025-01-21T01:44:08.9784778Z   sphinxcontrib-serializinghtml  1.1.10               pyhd8ed1ab_0             conda-forge
2025-01-21T01:44:08.9785208Z   stack_data                     0.6.2                pyhd8ed1ab_0             conda-forge
2025-01-21T01:44:08.9785556Z   sympy                          1.12.1               pypyh2585a3b_103         conda-forge
2025-01-21T01:44:08.9785899Z   tabulate                       0.9.0                pyhd8ed1ab_1             conda-forge
2025-01-21T01:44:08.9786258Z   tenacity                       8.4.1                pyhd8ed1ab_0             conda-forge
2025-01-21T01:44:08.9786617Z   terminado                      0.18.1               pyh0d859eb_0             conda-forge
2025-01-21T01:44:08.9786975Z   tinycss2                       1.3.0                pyhd8ed1ab_0             conda-forge
2025-01-21T01:44:08.9787305Z   tk                             8.6.13               noxft_h4845f30_101       conda-forge
2025-01-21T01:44:08.9787622Z   toml                           0.10.2               pyhd8ed1ab_0             conda-forge
2025-01-21T01:44:08.9787948Z   tomli                          2.0.1                pyhd8ed1ab_0             conda-forge
2025-01-21T01:44:08.9788282Z   tornado                        6.4.1                py312h9a8786e_0          conda-forge
2025-01-21T01:44:08.9788616Z   tqdm                           4.66.4               pyhd8ed1ab_0             conda-forge
2025-01-21T01:44:08.9788956Z   traitlets                      5.14.3               pyhd8ed1ab_0             conda-forge
2025-01-21T01:44:08.9789316Z   typed-ast                      1.5.5                py312h98912ed_1          conda-forge
2025-01-21T01:44:08.9789721Z   types-python-dateutil          2.9.0.20240316       pyhd8ed1ab_0             conda-forge
2025-01-21T01:44:08.9790272Z   typing-extensions              4.12.2               hd8ed1ab_0               conda-forge
2025-01-21T01:44:08.9790677Z   typing_extensions              4.12.2               pyha770c72_0             conda-forge
2025-01-21T01:44:08.9791054Z   typing_utils                   0.1.0                pyhd8ed1ab_0             conda-forge
2025-01-21T01:44:08.9791585Z   tzdata                         2024a                h0c530f3_0               conda-forge
2025-01-21T01:44:08.9791962Z   uri-template                   1.3.0                pyhd8ed1ab_0             conda-forge
2025-01-21T01:44:08.9792336Z   urllib3                        2.2.2                pyhd8ed1ab_0             conda-forge
2025-01-21T01:44:08.9792682Z   wcwidth                        0.2.13               pyhd8ed1ab_0             conda-forge
2025-01-21T01:44:08.9793038Z   webcolors                      24.6.0               pyhd8ed1ab_0             conda-forge
2025-01-21T01:44:08.9793412Z   webencodings                   0.5.1                pyhd8ed1ab_2             conda-forge
2025-01-21T01:44:08.9793805Z   websocket-client               1.8.0                pyhd8ed1ab_0             conda-forge
2025-01-21T01:44:08.9794179Z   wheel                          0.43.0               pyhd8ed1ab_1             conda-forge
2025-01-21T01:44:08.9794557Z   widgetsnbextension             3.6.6                pyhd8ed1ab_0             conda-forge
2025-01-21T01:44:08.9794962Z   xorg-kbproto                   1.0.7                h7f98852_1002            conda-forge
2025-01-21T01:44:08.9795329Z   xorg-libice                    1.1.1                hd590300_0               conda-forge
2025-01-21T01:44:08.9795684Z   xorg-libsm                     1.2.4                h7391055_0               conda-forge
2025-01-21T01:44:08.9796155Z   xorg-libx11                    1.8.9                h8ee46fc_0               conda-forge
2025-01-21T01:44:08.9796527Z   xorg-libxau                    1.0.11               hd590300_0               conda-forge
2025-01-21T01:44:08.9796895Z   xorg-libxdmcp                  1.1.3                h7f98852_0               conda-forge
2025-01-21T01:44:08.9797266Z   xorg-libxext                   1.3.4                h0b41bf4_2               conda-forge
2025-01-21T01:44:08.9797641Z   xorg-libxrender                0.9.11               hd590300_0               conda-forge
2025-01-21T01:44:08.9798031Z   xorg-renderproto               0.11.1               h7f98852_1002            conda-forge
2025-01-21T01:44:08.9798419Z   xorg-xextproto                 7.3.0                h0b41bf4_1003            conda-forge
2025-01-21T01:44:08.9798793Z   xorg-xproto                    7.0.31               h7f98852_1007            conda-forge
2025-01-21T01:44:08.9799129Z   xz                             5.2.6                h166bdaf_0               conda-forge
2025-01-21T01:44:08.9799440Z   yaml                           0.2.5                h7f98852_2               conda-forge
2025-01-21T01:44:08.9799767Z   zeromq                         4.3.5                h75354e8_4               conda-forge
2025-01-21T01:44:08.9800112Z   zipp                           3.19.2               pyhd8ed1ab_0             conda-forge
2025-01-21T01:44:08.9800440Z   zlib                           1.3.1                h4ab18f5_1               conda-forge
2025-01-21T01:44:08.9800766Z   zlib-ng                        2.0.7                h0b41bf4_0               conda-forge
2025-01-21T01:44:08.9801089Z   zstd                           1.5.6                ha6fb4c9_0               conda-forge
2025-01-21T01:44:08.9801789Z ##[endgroup]
2025-01-21T01:44:08.9832898Z ##[group]Run pip install -e . --user
2025-01-21T01:44:08.9833227Z [36;1mpip install -e . --user[0m
2025-01-21T01:44:08.9862043Z shell: /usr/bin/bash -l {0}
2025-01-21T01:44:08.9862296Z env:
2025-01-21T01:44:08.9862471Z   CACHE_NUMBER: 0
2025-01-21T01:44:08.9863080Z   PYTEST_FLAGS: --tardis-regression-data=/home/runner/work/tardis/tardis/tardis-regression-data --cov=tardis --cov-report=xml --cov-report=html --cov-append
2025-01-21T01:44:08.9863870Z   CODECOV_TOKEN: 
2025-01-21T01:44:08.9864093Z   MAMBA_ROOT_PREFIX: /home/runner/micromamba
2025-01-21T01:44:08.9864386Z   MAMBA_EXE: /home/runner/micromamba-bin/micromamba
2025-01-21T01:44:08.9864724Z   CONDARC: /home/runner/work/_temp/setup-micromamba/.condarc
2025-01-21T01:44:08.9865019Z ##[endgroup]
2025-01-21T01:44:09.6721862Z Obtaining file:///home/runner/work/tardis/tardis
2025-01-21T01:44:09.6748353Z   Installing build dependencies: started
2025-01-21T01:44:12.4598344Z   Installing build dependencies: finished with status 'done'
2025-01-21T01:44:12.4604278Z   Checking if build backend supports build_editable: started
2025-01-21T01:44:12.5775556Z   Checking if build backend supports build_editable: finished with status 'done'
2025-01-21T01:44:12.5782406Z   Getting requirements to build editable: started
2025-01-21T01:44:13.0209699Z   Getting requirements to build editable: finished with status 'done'
2025-01-21T01:44:13.0217513Z   Preparing editable metadata (pyproject.toml): started
2025-01-21T01:44:13.4652342Z   Preparing editable metadata (pyproject.toml): finished with status 'done'
2025-01-21T01:44:13.5233370Z Requirement already satisfied: astropy in /home/runner/micromamba/envs/tardis/lib/python3.12/site-packages (from tardis==0.0.0) (6.1.1)
2025-01-21T01:44:13.5602819Z Requirement already satisfied: numpy>=1.23 in /home/runner/micromamba/envs/tardis/lib/python3.12/site-packages (from astropy->tardis==0.0.0) (1.26.4)
2025-01-21T01:44:13.5614231Z Requirement already satisfied: pyerfa>=2.0.1.1 in /home/runner/micromamba/envs/tardis/lib/python3.12/site-packages (from astropy->tardis==0.0.0) (2.0.1.4)
2025-01-21T01:44:13.5624643Z Requirement already satisfied: astropy-iers-data>=0.2024.5.27.0.30.8 in /home/runner/micromamba/envs/tardis/lib/python3.12/site-packages (from astropy->tardis==0.0.0) (0.2024.6.17.0.31.35)
2025-01-21T01:44:13.5632581Z Requirement already satisfied: PyYAML>=3.13 in /home/runner/micromamba/envs/tardis/lib/python3.12/site-packages (from astropy->tardis==0.0.0) (6.0.1)
2025-01-21T01:44:13.5642092Z Requirement already satisfied: packaging>=19.0 in /home/runner/micromamba/envs/tardis/lib/python3.12/site-packages (from astropy->tardis==0.0.0) (24.1)
2025-01-21T01:44:13.5729036Z Building wheels for collected packages: tardis
2025-01-21T01:44:13.5737432Z   Building editable for tardis (pyproject.toml): started
2025-01-21T01:44:14.3746551Z   Building editable for tardis (pyproject.toml): finished with status 'done'
2025-01-21T01:44:14.3753892Z   Created wheel for tardis: filename=tardis-0.0.0-0.editable-py3-none-any.whl size=8876 sha256=846097422088e68833edccd516a963c305d4b77252d44180edb12069586c10ca
2025-01-21T01:44:14.3755606Z   Stored in directory: /tmp/pip-ephem-wheel-cache-9xgtj1ho/wheels/6a/c7/ae/89fa6dc2565455898176888ef0e2e475e4e90eb0124afcb995
2025-01-21T01:44:14.3781603Z Successfully built tardis
2025-01-21T01:44:15.1408966Z Installing collected packages: tardis
2025-01-21T01:44:15.1547566Z Successfully installed tardis-0.0.0
2025-01-21T01:44:15.3744496Z ##[group]Run pip install qgridnext
2025-01-21T01:44:15.3744830Z [36;1mpip install qgridnext[0m
2025-01-21T01:44:15.3771199Z shell: /usr/bin/bash -l {0}
2025-01-21T01:44:15.3771571Z env:
2025-01-21T01:44:15.3771746Z   CACHE_NUMBER: 0
2025-01-21T01:44:15.3772364Z   PYTEST_FLAGS: --tardis-regression-data=/home/runner/work/tardis/tardis/tardis-regression-data --cov=tardis --cov-report=xml --cov-report=html --cov-append
2025-01-21T01:44:15.3773023Z   CODECOV_TOKEN: 
2025-01-21T01:44:15.3773247Z   MAMBA_ROOT_PREFIX: /home/runner/micromamba
2025-01-21T01:44:15.3773551Z   MAMBA_EXE: /home/runner/micromamba-bin/micromamba
2025-01-21T01:44:15.3773894Z   CONDARC: /home/runner/work/_temp/setup-micromamba/.condarc
2025-01-21T01:44:15.3774192Z ##[endgroup]
2025-01-21T01:44:15.9867365Z Collecting qgridnext
2025-01-21T01:44:16.0317498Z   Downloading qgridnext-2.0.4-py3-none-any.whl.metadata (9.9 kB)
2025-01-21T01:44:16.0400782Z Requirement already satisfied: pandas>=0.20.0 in /home/runner/micromamba/envs/tardis/lib/python3.12/site-packages (from qgridnext) (2.2.2)
2025-01-21T01:44:16.0409767Z Requirement already satisfied: ipywidgets>=7.0.0 in /home/runner/micromamba/envs/tardis/lib/python3.12/site-packages (from qgridnext) (7.8.0)
2025-01-21T01:44:16.0418463Z Requirement already satisfied: numpy in /home/runner/micromamba/envs/tardis/lib/python3.12/site-packages (from qgridnext) (1.26.4)
2025-01-21T01:44:16.0428044Z Requirement already satisfied: traitlets in /home/runner/micromamba/envs/tardis/lib/python3.12/site-packages (from qgridnext) (5.14.3)
2025-01-21T01:44:16.0511715Z Requirement already satisfied: comm>=0.1.3 in /home/runner/micromamba/envs/tardis/lib/python3.12/site-packages (from ipywidgets>=7.0.0->qgridnext) (0.2.2)
2025-01-21T01:44:16.0520046Z Requirement already satisfied: ipython-genutils~=0.2.0 in /home/runner/micromamba/envs/tardis/lib/python3.12/site-packages (from ipywidgets>=7.0.0->qgridnext) (0.2.0)
2025-01-21T01:44:16.0532203Z Requirement already satisfied: widgetsnbextension~=3.6.5 in /home/runner/micromamba/envs/tardis/lib/python3.12/site-packages (from ipywidgets>=7.0.0->qgridnext) (3.6.6)
2025-01-21T01:44:16.0549382Z Requirement already satisfied: ipython>=4.0.0 in /home/runner/micromamba/envs/tardis/lib/python3.12/site-packages (from ipywidgets>=7.0.0->qgridnext) (8.25.0)
2025-01-21T01:44:16.0563605Z Requirement already satisfied: jupyterlab-widgets<3,>=1.0.0 in /home/runner/micromamba/envs/tardis/lib/python3.12/site-packages (from ipywidgets>=7.0.0->qgridnext) (1.1.7)
2025-01-21T01:44:16.1007090Z Requirement already satisfied: python-dateutil>=2.8.2 in /home/runner/micromamba/envs/tardis/lib/python3.12/site-packages (from pandas>=0.20.0->qgridnext) (2.9.0)
2025-01-21T01:44:16.1019898Z Requirement already satisfied: pytz>=2020.1 in /home/runner/micromamba/envs/tardis/lib/python3.12/site-packages (from pandas>=0.20.0->qgridnext) (2024.1)
2025-01-21T01:44:16.1027638Z Requirement already satisfied: tzdata>=2022.7 in /home/runner/micromamba/envs/tardis/lib/python3.12/site-packages (from pandas>=0.20.0->qgridnext) (2024.1)
2025-01-21T01:44:16.1336960Z Requirement already satisfied: decorator in /home/runner/micromamba/envs/tardis/lib/python3.12/site-packages (from ipython>=4.0.0->ipywidgets>=7.0.0->qgridnext) (5.1.1)
2025-01-21T01:44:16.1350516Z Requirement already satisfied: jedi>=0.16 in /home/runner/micromamba/envs/tardis/lib/python3.12/site-packages (from ipython>=4.0.0->ipywidgets>=7.0.0->qgridnext) (0.19.1)
2025-01-21T01:44:16.1358532Z Requirement already satisfied: matplotlib-inline in /home/runner/micromamba/envs/tardis/lib/python3.12/site-packages (from ipython>=4.0.0->ipywidgets>=7.0.0->qgridnext) (0.1.7)
2025-01-21T01:44:16.1368986Z Requirement already satisfied: prompt-toolkit<3.1.0,>=3.0.41 in /home/runner/micromamba/envs/tardis/lib/python3.12/site-packages (from ipython>=4.0.0->ipywidgets>=7.0.0->qgridnext) (3.0.47)
2025-01-21T01:44:16.1377646Z Requirement already satisfied: pygments>=2.4.0 in /home/runner/micromamba/envs/tardis/lib/python3.12/site-packages (from ipython>=4.0.0->ipywidgets>=7.0.0->qgridnext) (2.18.0)
2025-01-21T01:44:16.1386931Z Requirement already satisfied: stack-data in /home/runner/micromamba/envs/tardis/lib/python3.12/site-packages (from ipython>=4.0.0->ipywidgets>=7.0.0->qgridnext) (0.6.2)
2025-01-21T01:44:16.1405318Z Requirement already satisfied: pexpect>4.3 in /home/runner/micromamba/envs/tardis/lib/python3.12/site-packages (from ipython>=4.0.0->ipywidgets>=7.0.0->qgridnext) (4.9.0)
2025-01-21T01:44:16.1451592Z Requirement already satisfied: six>=1.5 in /home/runner/micromamba/envs/tardis/lib/python3.12/site-packages (from python-dateutil>=2.8.2->pandas>=0.20.0->qgridnext) (1.16.0)
2025-01-21T01:44:16.1506996Z Requirement already satisfied: notebook>=4.4.1 in /home/runner/micromamba/envs/tardis/lib/python3.12/site-packages (from widgetsnbextension~=3.6.5->ipywidgets>=7.0.0->qgridnext) (7.2.1)
2025-01-21T01:44:16.1695261Z Requirement already satisfied: parso<0.9.0,>=0.8.3 in /home/runner/micromamba/envs/tardis/lib/python3.12/site-packages (from jedi>=0.16->ipython>=4.0.0->ipywidgets>=7.0.0->qgridnext) (0.8.4)
2025-01-21T01:44:16.1838643Z Requirement already satisfied: jupyter-server<3,>=2.4.0 in /home/runner/micromamba/envs/tardis/lib/python3.12/site-packages (from notebook>=4.4.1->widgetsnbextension~=3.6.5->ipywidgets>=7.0.0->qgridnext) (2.14.1)
2025-01-21T01:44:16.1851087Z Requirement already satisfied: jupyterlab-server<3,>=2.27.1 in /home/runner/micromamba/envs/tardis/lib/python3.12/site-packages (from notebook>=4.4.1->widgetsnbextension~=3.6.5->ipywidgets>=7.0.0->qgridnext) (2.27.2)
2025-01-21T01:44:16.1865884Z Requirement already satisfied: jupyterlab<4.3,>=4.2.0 in /home/runner/micromamba/envs/tardis/lib/python3.12/site-packages (from notebook>=4.4.1->widgetsnbextension~=3.6.5->ipywidgets>=7.0.0->qgridnext) (4.2.2)
2025-01-21T01:44:16.1875845Z Requirement already satisfied: notebook-shim<0.3,>=0.2 in /home/runner/micromamba/envs/tardis/lib/python3.12/site-packages (from notebook>=4.4.1->widgetsnbextension~=3.6.5->ipywidgets>=7.0.0->qgridnext) (0.2.4)
2025-01-21T01:44:16.1883722Z Requirement already satisfied: tornado>=6.2.0 in /home/runner/micromamba/envs/tardis/lib/python3.12/site-packages (from notebook>=4.4.1->widgetsnbextension~=3.6.5->ipywidgets>=7.0.0->qgridnext) (6.4.1)
2025-01-21T01:44:16.1912495Z Requirement already satisfied: ptyprocess>=0.5 in /home/runner/micromamba/envs/tardis/lib/python3.12/site-packages (from pexpect>4.3->ipython>=4.0.0->ipywidgets>=7.0.0->qgridnext) (0.7.0)
2025-01-21T01:44:16.1940683Z Requirement already satisfied: wcwidth in /home/runner/micromamba/envs/tardis/lib/python3.12/site-packages (from prompt-toolkit<3.1.0,>=3.0.41->ipython>=4.0.0->ipywidgets>=7.0.0->qgridnext) (0.2.13)
2025-01-21T01:44:16.2076312Z Requirement already satisfied: executing>=1.2.0 in /home/runner/micromamba/envs/tardis/lib/python3.12/site-packages (from stack-data->ipython>=4.0.0->ipywidgets>=7.0.0->qgridnext) (2.0.1)
2025-01-21T01:44:16.2085812Z Requirement already satisfied: asttokens>=2.1.0 in /home/runner/micromamba/envs/tardis/lib/python3.12/site-packages (from stack-data->ipython>=4.0.0->ipywidgets>=7.0.0->qgridnext) (2.4.1)
2025-01-21T01:44:16.2092898Z Requirement already satisfied: pure-eval in /home/runner/micromamba/envs/tardis/lib/python3.12/site-packages (from stack-data->ipython>=4.0.0->ipywidgets>=7.0.0->qgridnext) (0.2.2)
2025-01-21T01:44:16.2425945Z Requirement already satisfied: anyio>=3.1.0 in /home/runner/micromamba/envs/tardis/lib/python3.12/site-packages (from jupyter-server<3,>=2.4.0->notebook>=4.4.1->widgetsnbextension~=3.6.5->ipywidgets>=7.0.0->qgridnext) (4.4.0)
2025-01-21T01:44:16.2436126Z Requirement already satisfied: argon2-cffi>=21.1 in /home/runner/micromamba/envs/tardis/lib/python3.12/site-packages (from jupyter-server<3,>=2.4.0->notebook>=4.4.1->widgetsnbextension~=3.6.5->ipywidgets>=7.0.0->qgridnext) (23.1.0)
2025-01-21T01:44:16.2444331Z Requirement already satisfied: jinja2>=3.0.3 in /home/runner/micromamba/envs/tardis/lib/python3.12/site-packages (from jupyter-server<3,>=2.4.0->notebook>=4.4.1->widgetsnbextension~=3.6.5->ipywidgets>=7.0.0->qgridnext) (3.1.4)
2025-01-21T01:44:16.2455446Z Requirement already satisfied: jupyter-client>=7.4.4 in /home/runner/micromamba/envs/tardis/lib/python3.12/site-packages (from jupyter-server<3,>=2.4.0->notebook>=4.4.1->widgetsnbextension~=3.6.5->ipywidgets>=7.0.0->qgridnext) (8.6.2)
2025-01-21T01:44:16.2466557Z Requirement already satisfied: jupyter-core!=5.0.*,>=4.12 in /home/runner/micromamba/envs/tardis/lib/python3.12/site-packages (from jupyter-server<3,>=2.4.0->notebook>=4.4.1->widgetsnbextension~=3.6.5->ipywidgets>=7.0.0->qgridnext) (5.7.2)
2025-01-21T01:44:16.2477290Z Requirement already satisfied: jupyter-events>=0.9.0 in /home/runner/micromamba/envs/tardis/lib/python3.12/site-packages (from jupyter-server<3,>=2.4.0->notebook>=4.4.1->widgetsnbextension~=3.6.5->ipywidgets>=7.0.0->qgridnext) (0.10.0)
2025-01-21T01:44:16.2487944Z Requirement already satisfied: jupyter-server-terminals>=0.4.4 in /home/runner/micromamba/envs/tardis/lib/python3.12/site-packages (from jupyter-server<3,>=2.4.0->notebook>=4.4.1->widgetsnbextension~=3.6.5->ipywidgets>=7.0.0->qgridnext) (0.5.3)
2025-01-21T01:44:16.2500889Z Requirement already satisfied: nbconvert>=6.4.4 in /home/runner/micromamba/envs/tardis/lib/python3.12/site-packages (from jupyter-server<3,>=2.4.0->notebook>=4.4.1->widgetsnbextension~=3.6.5->ipywidgets>=7.0.0->qgridnext) (7.16.4)
2025-01-21T01:44:16.2510741Z Requirement already satisfied: nbformat>=5.3.0 in /home/runner/micromamba/envs/tardis/lib/python3.12/site-packages (from jupyter-server<3,>=2.4.0->notebook>=4.4.1->widgetsnbextension~=3.6.5->ipywidgets>=7.0.0->qgridnext) (5.10.4)
2025-01-21T01:44:16.2519515Z Requirement already satisfied: overrides>=5.0 in /home/runner/micromamba/envs/tardis/lib/python3.12/site-packages (from jupyter-server<3,>=2.4.0->notebook>=4.4.1->widgetsnbextension~=3.6.5->ipywidgets>=7.0.0->qgridnext) (7.7.0)
2025-01-21T01:44:16.2528949Z Requirement already satisfied: packaging>=22.0 in /home/runner/micromamba/envs/tardis/lib/python3.12/site-packages (from jupyter-server<3,>=2.4.0->notebook>=4.4.1->widgetsnbextension~=3.6.5->ipywidgets>=7.0.0->qgridnext) (24.1)
2025-01-21T01:44:16.2537182Z Requirement already satisfied: prometheus-client>=0.9 in /home/runner/micromamba/envs/tardis/lib/python3.12/site-packages (from jupyter-server<3,>=2.4.0->notebook>=4.4.1->widgetsnbextension~=3.6.5->ipywidgets>=7.0.0->qgridnext) (0.20.0)
2025-01-21T01:44:16.2547378Z Requirement already satisfied: pyzmq>=24 in /home/runner/micromamba/envs/tardis/lib/python3.12/site-packages (from jupyter-server<3,>=2.4.0->notebook>=4.4.1->widgetsnbextension~=3.6.5->ipywidgets>=7.0.0->qgridnext) (26.0.3)
2025-01-21T01:44:16.2555928Z Requirement already satisfied: send2trash>=1.8.2 in /home/runner/micromamba/envs/tardis/lib/python3.12/site-packages (from jupyter-server<3,>=2.4.0->notebook>=4.4.1->widgetsnbextension~=3.6.5->ipywidgets>=7.0.0->qgridnext) (1.8.3)
2025-01-21T01:44:16.2567044Z Requirement already satisfied: terminado>=0.8.3 in /home/runner/micromamba/envs/tardis/lib/python3.12/site-packages (from jupyter-server<3,>=2.4.0->notebook>=4.4.1->widgetsnbextension~=3.6.5->ipywidgets>=7.0.0->qgridnext) (0.18.1)
2025-01-21T01:44:16.2587242Z Requirement already satisfied: websocket-client>=1.7 in /home/runner/micromamba/envs/tardis/lib/python3.12/site-packages (from jupyter-server<3,>=2.4.0->notebook>=4.4.1->widgetsnbextension~=3.6.5->ipywidgets>=7.0.0->qgridnext) (1.8.0)
2025-01-21T01:44:16.2870320Z Requirement already satisfied: async-lru>=1.0.0 in /home/runner/micromamba/envs/tardis/lib/python3.12/site-packages (from jupyterlab<4.3,>=4.2.0->notebook>=4.4.1->widgetsnbextension~=3.6.5->ipywidgets>=7.0.0->qgridnext) (2.0.4)
2025-01-21T01:44:16.2881565Z Requirement already satisfied: httpx>=0.25.0 in /home/runner/micromamba/envs/tardis/lib/python3.12/site-packages (from jupyterlab<4.3,>=4.2.0->notebook>=4.4.1->widgetsnbextension~=3.6.5->ipywidgets>=7.0.0->qgridnext) (0.27.0)
2025-01-21T01:44:16.2893030Z Requirement already satisfied: ipykernel>=6.5.0 in /home/runner/micromamba/envs/tardis/lib/python3.12/site-packages (from jupyterlab<4.3,>=4.2.0->notebook>=4.4.1->widgetsnbextension~=3.6.5->ipywidgets>=7.0.0->qgridnext) (6.29.4)
2025-01-21T01:44:16.2906738Z Requirement already satisfied: jupyter-lsp>=2.0.0 in /home/runner/micromamba/envs/tardis/lib/python3.12/site-packages (from jupyterlab<4.3,>=4.2.0->notebook>=4.4.1->widgetsnbextension~=3.6.5->ipywidgets>=7.0.0->qgridnext) (2.2.5)
2025-01-21T01:44:16.2932004Z Requirement already satisfied: setuptools>=40.1.0 in /home/runner/micromamba/envs/tardis/lib/python3.12/site-packages (from jupyterlab<4.3,>=4.2.0->notebook>=4.4.1->widgetsnbextension~=3.6.5->ipywidgets>=7.0.0->qgridnext) (70.0.0)
2025-01-21T01:44:16.3117973Z Requirement already satisfied: babel>=2.10 in /home/runner/micromamba/envs/tardis/lib/python3.12/site-packages (from jupyterlab-server<3,>=2.27.1->notebook>=4.4.1->widgetsnbextension~=3.6.5->ipywidgets>=7.0.0->qgridnext) (2.14.0)
2025-01-21T01:44:16.3143343Z Requirement already satisfied: json5>=0.9.0 in /home/runner/micromamba/envs/tardis/lib/python3.12/site-packages (from jupyterlab-server<3,>=2.27.1->notebook>=4.4.1->widgetsnbextension~=3.6.5->ipywidgets>=7.0.0->qgridnext) (0.9.25)
2025-01-21T01:44:16.3153677Z Requirement already satisfied: jsonschema>=4.18.0 in /home/runner/micromamba/envs/tardis/lib/python3.12/site-packages (from jupyterlab-server<3,>=2.27.1->notebook>=4.4.1->widgetsnbextension~=3.6.5->ipywidgets>=7.0.0->qgridnext) (4.22.0)
2025-01-21T01:44:16.3171142Z Requirement already satisfied: requests>=2.31 in /home/runner/micromamba/envs/tardis/lib/python3.12/site-packages (from jupyterlab-server<3,>=2.27.1->notebook>=4.4.1->widgetsnbextension~=3.6.5->ipywidgets>=7.0.0->qgridnext) (2.32.3)
2025-01-21T01:44:16.3520230Z Requirement already satisfied: idna>=2.8 in /home/runner/micromamba/envs/tardis/lib/python3.12/site-packages (from anyio>=3.1.0->jupyter-server<3,>=2.4.0->notebook>=4.4.1->widgetsnbextension~=3.6.5->ipywidgets>=7.0.0->qgridnext) (3.7)
2025-01-21T01:44:16.3529604Z Requirement already satisfied: sniffio>=1.1 in /home/runner/micromamba/envs/tardis/lib/python3.12/site-packages (from anyio>=3.1.0->jupyter-server<3,>=2.4.0->notebook>=4.4.1->widgetsnbextension~=3.6.5->ipywidgets>=7.0.0->qgridnext) (1.3.1)
2025-01-21T01:44:16.3619401Z Requirement already satisfied: argon2-cffi-bindings in /home/runner/micromamba/envs/tardis/lib/python3.12/site-packages (from argon2-cffi>=21.1->jupyter-server<3,>=2.4.0->notebook>=4.4.1->widgetsnbextension~=3.6.5->ipywidgets>=7.0.0->qgridnext) (21.2.0)
2025-01-21T01:44:16.3787568Z Requirement already satisfied: certifi in /home/runner/micromamba/envs/tardis/lib/python3.12/site-packages (from httpx>=0.25.0->jupyterlab<4.3,>=4.2.0->notebook>=4.4.1->widgetsnbextension~=3.6.5->ipywidgets>=7.0.0->qgridnext) (2024.6.2)
2025-01-21T01:44:16.3801822Z Requirement already satisfied: httpcore==1.* in /home/runner/micromamba/envs/tardis/lib/python3.12/site-packages (from httpx>=0.25.0->jupyterlab<4.3,>=4.2.0->notebook>=4.4.1->widgetsnbextension~=3.6.5->ipywidgets>=7.0.0->qgridnext) (1.0.5)
2025-01-21T01:44:16.3879320Z Requirement already satisfied: h11<0.15,>=0.13 in /home/runner/micromamba/envs/tardis/lib/python3.12/site-packages (from httpcore==1.*->httpx>=0.25.0->jupyterlab<4.3,>=4.2.0->notebook>=4.4.1->widgetsnbextension~=3.6.5->ipywidgets>=7.0.0->qgridnext) (0.14.0)
2025-01-21T01:44:16.4062767Z Requirement already satisfied: debugpy>=1.6.5 in /home/runner/micromamba/envs/tardis/lib/python3.12/site-packages (from ipykernel>=6.5.0->jupyterlab<4.3,>=4.2.0->notebook>=4.4.1->widgetsnbextension~=3.6.5->ipywidgets>=7.0.0->qgridnext) (1.8.1)
2025-01-21T01:44:16.4083097Z Requirement already satisfied: nest-asyncio in /home/runner/micromamba/envs/tardis/lib/python3.12/site-packages (from ipykernel>=6.5.0->jupyterlab<4.3,>=4.2.0->notebook>=4.4.1->widgetsnbextension~=3.6.5->ipywidgets>=7.0.0->qgridnext) (1.6.0)
2025-01-21T01:44:16.4097344Z Requirement already satisfied: psutil in /home/runner/micromamba/envs/tardis/lib/python3.12/site-packages (from ipykernel>=6.5.0->jupyterlab<4.3,>=4.2.0->notebook>=4.4.1->widgetsnbextension~=3.6.5->ipywidgets>=7.0.0->qgridnext) (5.9.8)
2025-01-21T01:44:16.4159012Z Requirement already satisfied: MarkupSafe>=2.0 in /home/runner/micromamba/envs/tardis/lib/python3.12/site-packages (from jinja2>=3.0.3->jupyter-server<3,>=2.4.0->notebook>=4.4.1->widgetsnbextension~=3.6.5->ipywidgets>=7.0.0->qgridnext) (2.1.5)
2025-01-21T01:44:16.4350349Z Requirement already satisfied: attrs>=22.2.0 in /home/runner/micromamba/envs/tardis/lib/python3.12/site-packages (from jsonschema>=4.18.0->jupyterlab-server<3,>=2.27.1->notebook>=4.4.1->widgetsnbextension~=3.6.5->ipywidgets>=7.0.0->qgridnext) (23.2.0)
2025-01-21T01:44:16.4360783Z Requirement already satisfied: jsonschema-specifications>=2023.03.6 in /home/runner/micromamba/envs/tardis/lib/python3.12/site-packages (from jsonschema>=4.18.0->jupyterlab-server<3,>=2.27.1->notebook>=4.4.1->widgetsnbextension~=3.6.5->ipywidgets>=7.0.0->qgridnext) (2023.12.1)
2025-01-21T01:44:16.4368940Z Requirement already satisfied: referencing>=0.28.4 in /home/runner/micromamba/envs/tardis/lib/python3.12/site-packages (from jsonschema>=4.18.0->jupyterlab-server<3,>=2.27.1->notebook>=4.4.1->widgetsnbextension~=3.6.5->ipywidgets>=7.0.0->qgridnext) (0.35.1)
2025-01-21T01:44:16.4377770Z Requirement already satisfied: rpds-py>=0.7.1 in /home/runner/micromamba/envs/tardis/lib/python3.12/site-packages (from jsonschema>=4.18.0->jupyterlab-server<3,>=2.27.1->notebook>=4.4.1->widgetsnbextension~=3.6.5->ipywidgets>=7.0.0->qgridnext) (0.18.1)
2025-01-21T01:44:16.4638213Z Requirement already satisfied: platformdirs>=2.5 in /home/runner/micromamba/envs/tardis/lib/python3.12/site-packages (from jupyter-core!=5.0.*,>=4.12->jupyter-server<3,>=2.4.0->notebook>=4.4.1->widgetsnbextension~=3.6.5->ipywidgets>=7.0.0->qgridnext) (4.2.2)
2025-01-21T01:44:16.4786267Z Requirement already satisfied: python-json-logger>=2.0.4 in /home/runner/micromamba/envs/tardis/lib/python3.12/site-packages (from jupyter-events>=0.9.0->jupyter-server<3,>=2.4.0->notebook>=4.4.1->widgetsnbextension~=3.6.5->ipywidgets>=7.0.0->qgridnext) (2.0.7)
2025-01-21T01:44:16.4794431Z Requirement already satisfied: pyyaml>=5.3 in /home/runner/micromamba/envs/tardis/lib/python3.12/site-packages (from jupyter-events>=0.9.0->jupyter-server<3,>=2.4.0->notebook>=4.4.1->widgetsnbextension~=3.6.5->ipywidgets>=7.0.0->qgridnext) (6.0.1)
2025-01-21T01:44:16.4804548Z Requirement already satisfied: rfc3339-validator in /home/runner/micromamba/envs/tardis/lib/python3.12/site-packages (from jupyter-events>=0.9.0->jupyter-server<3,>=2.4.0->notebook>=4.4.1->widgetsnbextension~=3.6.5->ipywidgets>=7.0.0->qgridnext) (0.1.4)
2025-01-21T01:44:16.4812950Z Requirement already satisfied: rfc3986-validator>=0.1.1 in /home/runner/micromamba/envs/tardis/lib/python3.12/site-packages (from jupyter-events>=0.9.0->jupyter-server<3,>=2.4.0->notebook>=4.4.1->widgetsnbextension~=3.6.5->ipywidgets>=7.0.0->qgridnext) (0.1.1)
2025-01-21T01:44:16.5235310Z Requirement already satisfied: beautifulsoup4 in /home/runner/micromamba/envs/tardis/lib/python3.12/site-packages (from nbconvert>=6.4.4->jupyter-server<3,>=2.4.0->notebook>=4.4.1->widgetsnbextension~=3.6.5->ipywidgets>=7.0.0->qgridnext) (4.12.3)
2025-01-21T01:44:16.5254923Z Requirement already satisfied: bleach!=5.0.0 in /home/runner/micromamba/envs/tardis/lib/python3.12/site-packages (from nbconvert>=6.4.4->jupyter-server<3,>=2.4.0->notebook>=4.4.1->widgetsnbextension~=3.6.5->ipywidgets>=7.0.0->qgridnext) (6.1.0)
2025-01-21T01:44:16.5268634Z Requirement already satisfied: defusedxml in /home/runner/micromamba/envs/tardis/lib/python3.12/site-packages (from nbconvert>=6.4.4->jupyter-server<3,>=2.4.0->notebook>=4.4.1->widgetsnbextension~=3.6.5->ipywidgets>=7.0.0->qgridnext) (0.7.1)
2025-01-21T01:44:16.5295362Z Requirement already satisfied: jupyterlab-pygments in /home/runner/micromamba/envs/tardis/lib/python3.12/site-packages (from nbconvert>=6.4.4->jupyter-server<3,>=2.4.0->notebook>=4.4.1->widgetsnbextension~=3.6.5->ipywidgets>=7.0.0->qgridnext) (0.3.0)
2025-01-21T01:44:16.5298306Z Requirement already satisfied: mistune<4,>=2.0.3 in /home/runner/micromamba/envs/tardis/lib/python3.12/site-packages (from nbconvert>=6.4.4->jupyter-server<3,>=2.4.0->notebook>=4.4.1->widgetsnbextension~=3.6.5->ipywidgets>=7.0.0->qgridnext) (3.0.2)
2025-01-21T01:44:16.5308243Z Requirement already satisfied: nbclient>=0.5.0 in /home/runner/micromamba/envs/tardis/lib/python3.12/site-packages (from nbconvert>=6.4.4->jupyter-server<3,>=2.4.0->notebook>=4.4.1->widgetsnbextension~=3.6.5->ipywidgets>=7.0.0->qgridnext) (0.10.0)
2025-01-21T01:44:16.5324848Z Requirement already satisfied: pandocfilters>=1.4.1 in /home/runner/micromamba/envs/tardis/lib/python3.12/site-packages (from nbconvert>=6.4.4->jupyter-server<3,>=2.4.0->notebook>=4.4.1->widgetsnbextension~=3.6.5->ipywidgets>=7.0.0->qgridnext) (1.5.0)
2025-01-21T01:44:16.5334044Z Requirement already satisfied: tinycss2 in /home/runner/micromamba/envs/tardis/lib/python3.12/site-packages (from nbconvert>=6.4.4->jupyter-server<3,>=2.4.0->notebook>=4.4.1->widgetsnbextension~=3.6.5->ipywidgets>=7.0.0->qgridnext) (1.3.0)
2025-01-21T01:44:16.5449045Z Requirement already satisfied: fastjsonschema>=2.15 in /home/runner/micromamba/envs/tardis/lib/python3.12/site-packages (from nbformat>=5.3.0->jupyter-server<3,>=2.4.0->notebook>=4.4.1->widgetsnbextension~=3.6.5->ipywidgets>=7.0.0->qgridnext) (2.20.0)
2025-01-21T01:44:16.5751965Z Requirement already satisfied: charset-normalizer<4,>=2 in /home/runner/micromamba/envs/tardis/lib/python3.12/site-packages (from requests>=2.31->jupyterlab-server<3,>=2.27.1->notebook>=4.4.1->widgetsnbextension~=3.6.5->ipywidgets>=7.0.0->qgridnext) (3.3.2)
2025-01-21T01:44:16.5765991Z Requirement already satisfied: urllib3<3,>=1.21.1 in /home/runner/micromamba/envs/tardis/lib/python3.12/site-packages (from requests>=2.31->jupyterlab-server<3,>=2.27.1->notebook>=4.4.1->widgetsnbextension~=3.6.5->ipywidgets>=7.0.0->qgridnext) (2.2.2)
2025-01-21T01:44:16.6524490Z Requirement already satisfied: webencodings in /home/runner/micromamba/envs/tardis/lib/python3.12/site-packages (from bleach!=5.0.0->nbconvert>=6.4.4->jupyter-server<3,>=2.4.0->notebook>=4.4.1->widgetsnbextension~=3.6.5->ipywidgets>=7.0.0->qgridnext) (0.5.1)
2025-01-21T01:44:16.7084900Z Requirement already satisfied: fqdn in /home/runner/micromamba/envs/tardis/lib/python3.12/site-packages (from jsonschema[format-nongpl]>=4.18.0->jupyter-events>=0.9.0->jupyter-server<3,>=2.4.0->notebook>=4.4.1->widgetsnbextension~=3.6.5->ipywidgets>=7.0.0->qgridnext) (1.5.1)
2025-01-21T01:44:16.7101915Z Requirement already satisfied: isoduration in /home/runner/micromamba/envs/tardis/lib/python3.12/site-packages (from jsonschema[format-nongpl]>=4.18.0->jupyter-events>=0.9.0->jupyter-server<3,>=2.4.0->notebook>=4.4.1->widgetsnbextension~=3.6.5->ipywidgets>=7.0.0->qgridnext) (20.11.0)
2025-01-21T01:44:16.7115194Z Requirement already satisfied: jsonpointer>1.13 in /home/runner/micromamba/envs/tardis/lib/python3.12/site-packages (from jsonschema[format-nongpl]>=4.18.0->jupyter-events>=0.9.0->jupyter-server<3,>=2.4.0->notebook>=4.4.1->widgetsnbextension~=3.6.5->ipywidgets>=7.0.0->qgridnext) (3.0.0)
2025-01-21T01:44:16.7131602Z Requirement already satisfied: uri-template in /home/runner/micromamba/envs/tardis/lib/python3.12/site-packages (from jsonschema[format-nongpl]>=4.18.0->jupyter-events>=0.9.0->jupyter-server<3,>=2.4.0->notebook>=4.4.1->widgetsnbextension~=3.6.5->ipywidgets>=7.0.0->qgridnext) (1.3.0)
2025-01-21T01:44:16.7144786Z Requirement already satisfied: webcolors>=1.11 in /home/runner/micromamba/envs/tardis/lib/python3.12/site-packages (from jsonschema[format-nongpl]>=4.18.0->jupyter-events>=0.9.0->jupyter-server<3,>=2.4.0->notebook>=4.4.1->widgetsnbextension~=3.6.5->ipywidgets>=7.0.0->qgridnext) (24.6.0)
2025-01-21T01:44:16.8148335Z Requirement already satisfied: cffi>=1.0.1 in /home/runner/micromamba/envs/tardis/lib/python3.12/site-packages (from argon2-cffi-bindings->argon2-cffi>=21.1->jupyter-server<3,>=2.4.0->notebook>=4.4.1->widgetsnbextension~=3.6.5->ipywidgets>=7.0.0->qgridnext) (1.16.0)
2025-01-21T01:44:16.8243214Z Requirement already satisfied: soupsieve>1.2 in /home/runner/micromamba/envs/tardis/lib/python3.12/site-packages (from beautifulsoup4->nbconvert>=6.4.4->jupyter-server<3,>=2.4.0->notebook>=4.4.1->widgetsnbextension~=3.6.5->ipywidgets>=7.0.0->qgridnext) (2.5)
2025-01-21T01:44:16.8762706Z Requirement already satisfied: pycparser in /home/runner/micromamba/envs/tardis/lib/python3.12/site-packages (from cffi>=1.0.1->argon2-cffi-bindings->argon2-cffi>=21.1->jupyter-server<3,>=2.4.0->notebook>=4.4.1->widgetsnbextension~=3.6.5->ipywidgets>=7.0.0->qgridnext) (2.22)
2025-01-21T01:44:16.9256978Z Requirement already satisfied: arrow>=0.15.0 in /home/runner/micromamba/envs/tardis/lib/python3.12/site-packages (from isoduration->jsonschema[format-nongpl]>=4.18.0->jupyter-events>=0.9.0->jupyter-server<3,>=2.4.0->notebook>=4.4.1->widgetsnbextension~=3.6.5->ipywidgets>=7.0.0->qgridnext) (1.3.0)
2025-01-21T01:44:16.9552931Z Requirement already satisfied: types-python-dateutil>=2.8.10 in /home/runner/micromamba/envs/tardis/lib/python3.12/site-packages (from arrow>=0.15.0->isoduration->jsonschema[format-nongpl]>=4.18.0->jupyter-events>=0.9.0->jupyter-server<3,>=2.4.0->notebook>=4.4.1->widgetsnbextension~=3.6.5->ipywidgets>=7.0.0->qgridnext) (2.9.0.20240316)
2025-01-21T01:44:17.0080329Z Downloading qgridnext-2.0.4-py3-none-any.whl (1.3 MB)
2025-01-21T01:44:17.0694338Z    ━━━━━━━━━━━━━━━━━━━━━━━━━━━━━━━━━━━━━━━━ 1.3/1.3 MB 21.2 MB/s eta 0:00:00
2025-01-21T01:44:17.8620007Z Installing collected packages: qgridnext
2025-01-21T01:44:17.9503814Z Successfully installed qgridnext-2.0.4
2025-01-21T01:44:18.1548832Z ##[group]Run pytest tardis --tardis-regression-data=/home/runner/work/tardis/tardis/tardis-regression-data --cov=tardis --cov-report=xml --cov-report=html --cov-append -m "not continuum"
2025-01-21T01:44:18.1550117Z [36;1mpytest tardis --tardis-regression-data=/home/runner/work/tardis/tardis/tardis-regression-data --cov=tardis --cov-report=xml --cov-report=html --cov-append -m "not continuum"[0m
2025-01-21T01:44:18.1576754Z shell: /usr/bin/bash -l {0}
2025-01-21T01:44:18.1577006Z env:
2025-01-21T01:44:18.1577175Z   CACHE_NUMBER: 0
2025-01-21T01:44:18.1577783Z   PYTEST_FLAGS: --tardis-regression-data=/home/runner/work/tardis/tardis/tardis-regression-data --cov=tardis --cov-report=xml --cov-report=html --cov-append
2025-01-21T01:44:18.1578413Z   CODECOV_TOKEN: 
2025-01-21T01:44:18.1578624Z   MAMBA_ROOT_PREFIX: /home/runner/micromamba
2025-01-21T01:44:18.1578920Z   MAMBA_EXE: /home/runner/micromamba-bin/micromamba
2025-01-21T01:44:18.1579294Z   CONDARC: /home/runner/work/_temp/setup-micromamba/.condarc
2025-01-21T01:44:18.1579594Z ##[endgroup]
2025-01-21T01:44:27.1952355Z ============================= test session starts ==============================
2025-01-21T01:44:27.1953087Z platform linux -- Python 3.12.4, pytest-8.2.2, pluggy-1.5.0
2025-01-21T01:44:27.1953814Z rootdir: /home/runner/work/tardis/tardis
2025-01-21T01:44:27.1954300Z configfile: pyproject.toml
2025-01-21T01:44:27.1954884Z plugins: anyio-4.4.0, doctestplus-1.2.1, cov-5.0.0, html-4.1.1, metadata-3.1.1
2025-01-21T01:44:27.1955607Z collected 1796 items / 2 deselected / 1794 selected
2025-01-21T01:44:27.1955976Z 
2025-01-21T01:44:32.0825309Z tardis/energy_input/tests/test_energy_source.py ..xxx                    [  0%]
2025-01-21T01:44:34.9605011Z tardis/energy_input/tests/test_gamma_ray_channel.py ...........          [  0%]
2025-01-21T01:44:36.5227644Z tardis/energy_input/tests/test_gamma_ray_grid.py xx.                     [  1%]
2025-01-21T01:44:38.2545483Z tardis/energy_input/tests/test_gamma_ray_interactions.py xx....          [  1%]
2025-01-21T01:44:38.2637985Z tardis/energy_input/tests/test_gamma_ray_packet_source.py sssssssss      [  1%]
2025-01-21T01:44:39.5236831Z tardis/energy_input/tests/test_util.py .....xxxx.....                    [  2%]
2025-01-21T01:44:39.8635785Z tardis/grid/tests/test_grid.py .                                         [  2%]
2025-01-21T01:44:39.8651485Z tardis/gui/tests/test_gui.py s                                           [  2%]
2025-01-21T01:44:43.5231590Z tardis/io/configuration/tests/test_config_reader.py ...........          [  3%]
2025-01-21T01:44:43.5358488Z tardis/io/configuration/tests/test_configuration_namespace.py .........  [  3%]
2025-01-21T01:44:43.5627795Z tardis/io/logger/tests/test_logging.py ssssssssssssssssssssssssssss      [  5%]
2025-01-21T01:45:19.7475637Z tardis/io/model/readers/tests/test_arepo_parser.py ..                    [  5%]
2025-01-21T01:45:19.7619544Z tardis/io/model/readers/tests/test_ascii_readers.py ...                  [  5%]
2025-01-21T01:45:19.7725869Z tardis/io/model/readers/tests/test_cmfgen_reader.py ..                   [  5%]
2025-01-21T01:45:19.8024012Z tardis/io/model/readers/tests/test_csvy_reader.py ....                   [  6%]
2025-01-21T01:45:19.8227689Z tardis/io/model/readers/tests/test_stella_reader.py ..                   [  6%]
2025-01-21T01:45:20.1188643Z tardis/io/tests/test_HDFWriter.py ...............                        [  7%]
2025-01-21T01:45:20.4255329Z tardis/io/tests/test_atomic.py .....                                     [  7%]
2025-01-21T01:45:20.4446302Z tardis/io/tests/test_decay.py ..                                         [  7%]
2025-01-21T01:45:20.6378600Z tardis/io/tests/test_model_reader.py ......                              [  7%]
2025-01-21T01:45:20.6445366Z tardis/model/geometry/tests/test_radial1d.py ..                          [  7%]
2025-01-21T01:46:17.2375253Z tardis/model/tests/test_base.py ........................................ [ 10%]
2025-01-21T01:46:18.2248236Z ............                                                             [ 10%]
2025-01-21T01:46:21.2567219Z tardis/model/tests/test_csvy_model.py .........                          [ 11%]
2025-01-21T01:46:21.3033676Z tardis/model/tests/test_density.py ..                                    [ 11%]
2025-01-21T01:46:22.5790873Z tardis/opacities/tests/test_opacity_solver.py .....                      [ 11%]
2025-01-21T01:46:23.8706911Z tardis/opacities/tests/test_opacity_state_numba.py .....                 [ 11%]
2025-01-21T01:46:25.7539134Z tardis/opacities/tests/test_tau_sobolev.py ..                            [ 12%]
2025-01-21T01:46:28.4064914Z tardis/plasma/equilibrium/tests/test_collisional_transitions.py ...      [ 12%]
2025-01-21T01:47:15.2167761Z tardis/plasma/equilibrium/tests/test_level_populations.py ....           [ 12%]
2025-01-21T01:47:26.7259522Z tardis/plasma/equilibrium/tests/test_rate_matrix.py .                    [ 12%]
2025-01-21T01:47:28.1396351Z tardis/plasma/tests/test_complete_plasmas.py .....................s..... [ 13%]
2025-01-21T01:47:31.0765371Z s....ssssss............s............ss.....s....ssssss............s..... [ 18%]
2025-01-21T01:47:32.7712672Z .......ss.....s....ssssss............s............ss.....s....ssssss.... [ 22%]
2025-01-21T01:47:35.6280660Z ........s............ss.....s........ss............s............ss.....s [ 26%]
2025-01-21T01:47:38.5091851Z ........ss............s............ss.....s....ssssss............s...... [ 30%]
2025-01-21T01:47:39.2522427Z ......ss.....s....ssssss............s............ss.....s.ss.ssssss..... [ 34%]
2025-01-21T01:47:42.4733331Z .......s............ss.....s....ssssss............s............ss.....s. [ 38%]
2025-01-21T01:47:45.3462479Z ...ssssss............s............ss.....s....ssssss............s....... [ 42%]
2025-01-21T01:47:48.4031713Z .....ss.....s....ssssss............s............s...........ssssss...... [ 46%]
2025-01-21T01:47:50.2157991Z ......s............s...........ssssss............s............s......... [ 50%]
2025-01-21T01:47:53.4188526Z ..ssssss............s............ss.....s....ssssss............s........ [ 54%]
2025-01-21T01:47:56.5765262Z ....ss.....s....ssssss..........................s.....s....ssss......... [ 58%]
2025-01-21T01:47:56.9036343Z ...................s.....s....ssss.......                                [ 60%]
2025-01-21T01:47:57.0210522Z tardis/plasma/tests/test_hdf_plasma.py ................................. [ 62%]
2025-01-21T01:47:57.0331762Z ......                                                                   [ 62%]
2025-01-21T01:47:57.1656289Z tardis/plasma/tests/test_nlte_excitation.py ...                          [ 62%]
2025-01-21T01:50:13.2944833Z tardis/plasma/tests/test_nlte_solver.py .....X                           [ 63%]
2025-01-21T01:50:13.2969727Z tardis/plasma/tests/test_plasma_continuum.py .                           [ 63%]
2025-01-21T01:50:36.1070336Z tardis/plasma/tests/test_plasma_vboundary.py .............               [ 63%]
2025-01-21T01:50:49.1905065Z tardis/plasma/tests/test_tardis_model_density_config.py ...              [ 64%]
2025-01-21T01:50:49.9389989Z tardis/simulation/tests/test_convergence.py .....                        [ 64%]
2025-01-21T01:50:58.4498684Z tardis/simulation/tests/test_simulation.py .............                 [ 65%]
2025-01-21T01:50:58.4703240Z tardis/spectrum/tests/test_cuda_formal_integral.py sssssssssssssssssssss [ 66%]
2025-01-21T01:50:58.9314196Z ssss...ssssssssssssssssssssss                                            [ 67%]
2025-01-21T01:50:58.9387038Z tardis/spectrum/tests/test_luminosity.py ....                            [ 68%]
2025-01-21T01:51:01.0871719Z tardis/spectrum/tests/test_numba_formal_integral.py .................... [ 69%]
2025-01-21T01:51:01.1064366Z ..........                                                               [ 69%]
2025-01-21T01:51:01.2772061Z tardis/spectrum/tests/test_spectrum.py ................................. [ 71%]
2025-01-21T01:51:01.3093945Z .........                                                                [ 72%]
2025-01-21T01:51:19.6537159Z tardis/spectrum/tests/test_spectrum_solver.py ....                       [ 72%]
2025-01-21T01:52:20.6890133Z tardis/tests/test_tardis_full.py ....                                    [ 72%]
2025-01-21T01:53:44.6564808Z tardis/tests/test_tardis_full_formal_integral.py ................        [ 73%]
2025-01-21T01:53:44.7308603Z tardis/tests/test_util.py .............................................  [ 75%]
2025-01-21T01:53:47.8293533Z tardis/transport/montecarlo/tests/test_base.py x.....................    [ 77%]
2025-01-21T01:53:54.9449095Z tardis/transport/montecarlo/tests/test_interaction.py .......            [ 77%]
2025-01-21T01:53:55.1550933Z tardis/transport/montecarlo/tests/test_macro_atom.py ....                [ 77%]
2025-01-21T01:53:55.1731118Z tardis/transport/montecarlo/tests/test_montecarlo.py sssssssssssssssssss [ 78%]
2025-01-21T01:53:55.2157641Z sssssssssssssssssssssssssssssssssssssssssssss                            [ 81%]
2025-01-21T01:54:04.0338270Z tardis/transport/montecarlo/tests/test_montecarlo_main_loop.py x..       [ 81%]
2025-01-21T01:54:04.0406411Z tardis/transport/montecarlo/tests/test_nonhomologous.py ...              [ 81%]
2025-01-21T01:54:10.1874947Z tardis/transport/montecarlo/tests/test_numba_interface.py .....x.        [ 82%]
2025-01-21T01:54:10.6657416Z tardis/transport/montecarlo/tests/test_opacities.py ...............      [ 82%]
2025-01-21T01:54:11.6704388Z tardis/transport/montecarlo/tests/test_packet.py .................xXXXXX [ 84%]
2025-01-21T01:54:11.8050171Z XX.........                                                              [ 84%]
2025-01-21T01:54:11.8328622Z tardis/transport/montecarlo/tests/test_packet_source.py ........         [ 85%]
2025-01-21T01:54:12.1576392Z tardis/transport/montecarlo/tests/test_rpacket_last_interaction_tracker.py . [ 85%]
2025-01-21T01:54:12.5606642Z .....                                                                    [ 85%]
2025-01-21T01:54:46.8472878Z tardis/transport/montecarlo/tests/test_rpacket_tracker.py ......         [ 85%]
2025-01-21T01:54:46.8754988Z tardis/transport/montecarlo/tests/test_single_packet_loop.py xxx         [ 86%]
2025-01-21T01:54:46.8786544Z tardis/transport/montecarlo/tests/test_tracker_utils.py ..               [ 86%]
2025-01-21T01:54:49.2879613Z tardis/transport/montecarlo/tests/test_vpacket.py ..x.                   [ 86%]
2025-01-21T01:54:49.3054069Z tardis/transport/montecarlo/tests/test_weighted_packet_source.py ....    [ 86%]
2025-01-21T01:54:52.6850384Z tardis/transport/montecarlo/tests/test_weighted_packet_source_integration.py . [ 86%]
2025-01-21T01:54:52.6852177Z                                                                          [ 86%]
2025-01-21T01:54:53.4188146Z tardis/transport/tests/test_doppler_factor.py ..................         [ 87%]
2025-01-21T01:54:54.7687069Z tardis/visualization/tools/tests/test_convergence_plot.py .............. [ 88%]
2025-01-21T01:54:56.9616285Z ......                                                                   [ 88%]
2025-01-21T01:55:02.0828032Z tardis/visualization/tools/tests/test_liv_plot.py ...................... [ 90%]
2025-01-21T01:55:04.7197512Z .............................                                            [ 91%]
2025-01-21T01:55:07.5460774Z tardis/visualization/tools/tests/test_rpacket_plot.py .................. [ 92%]
2025-01-21T01:55:14.5384254Z ....                                                                     [ 92%]
2025-01-21T01:55:20.4987669Z tardis/visualization/tools/tests/test_sdec_plot.py ..................... [ 94%]
2025-01-21T01:55:28.4699172Z ..............................                                           [ 95%]
2025-01-21T01:55:28.9016502Z tardis/visualization/widgets/tests/test_custom_abundance.py ........ss.. [ 96%]
2025-01-21T01:55:28.9725687Z ....                                                                     [ 96%]
2025-01-21T01:55:30.0176038Z tardis/visualization/widgets/tests/test_line_info.py ................... [ 97%]
2025-01-21T01:55:30.6439479Z ..................                                                       [ 98%]
2025-01-21T01:56:34.1187085Z tardis/visualization/widgets/tests/test_shell_info.py .................. [ 99%]
2025-01-21T01:56:41.0992229Z ......                                                                   [100%]
2025-01-21T01:56:41.0992669Z 
2025-01-21T01:56:41.0992881Z =============================== warnings summary ===============================
2025-01-21T01:56:41.0993442Z tardis/io/configuration/config_validator.py:6
2025-01-21T01:56:41.0993962Z tardis/io/configuration/config_validator.py:6
2025-01-21T01:56:41.0994858Z   /home/runner/work/tardis/tardis/tardis/io/configuration/config_validator.py:6: DeprecationWarning:
2025-01-21T01:56:41.0995650Z   
2025-01-21T01:56:41.0997765Z   jsonschema.RefResolver is deprecated as of v4.18.0, in favor of the https://github.com/python-jsonschema/referencing library, which provides more compliant referencing behavior as well as more flexible APIs for customization. A future release will remove RefResolver. Please file a feature request (on referencing) if you are missing an API for the kind of customization you need.
2025-01-21T01:56:41.0999840Z 
2025-01-21T01:56:41.1000234Z ../../../micromamba/envs/tardis/lib/python3.12/site-packages/jupyter_client/connect.py:22
2025-01-21T01:56:41.1001716Z   /home/runner/micromamba/envs/tardis/lib/python3.12/site-packages/jupyter_client/connect.py:22: DeprecationWarning:
2025-01-21T01:56:41.1002611Z   
2025-01-21T01:56:41.1003019Z   Jupyter is migrating its paths to use standard platformdirs
2025-01-21T01:56:41.1003724Z   given by the platformdirs library.  To remove this warning and
2025-01-21T01:56:41.1004431Z   see the appropriate new directories, set the environment variable
2025-01-21T01:56:41.1005092Z   `JUPYTER_PLATFORM_DIRS=1` and then run `jupyter --paths`.
2025-01-21T01:56:41.1005728Z   The use of platformdirs will be the default in `jupyter_core` v6
2025-01-21T01:56:41.1006157Z 
2025-01-21T01:56:41.1013929Z tardis/io/tests/test_HDFWriter.py::test_multi_index_write
2025-01-21T01:56:41.1014793Z tardis/visualization/widgets/tests/test_shell_info.py::TestHDFShellInfo::test_shells_data
2025-01-21T01:56:41.1015739Z   /home/runner/work/tardis/tardis/tardis/io/util.py:276: PerformanceWarning:
2025-01-21T01:56:41.1016330Z   
2025-01-21T01:56:41.1016574Z   
2025-01-21T01:56:41.1017106Z   your performance may suffer as PyTables will pickle object types that it cannot
2025-01-21T01:56:41.1017996Z   map directly to c-types [inferred_type->mixed,key->block0_values] [items->Index([0], dtype='int64')]
2025-01-21T01:56:41.1018583Z 
2025-01-21T01:56:41.1018909Z tardis/io/tests/test_model_reader.py::test_read_cmfgen_isotope_abundances
2025-01-21T01:56:41.1019736Z tardis/plasma/tests/test_tardis_model_density_config.py::test_electron_densities
2025-01-21T01:56:41.1020606Z tardis/plasma/tests/test_tardis_model_density_config.py::test_isotope_number_densities
2025-01-21T01:56:41.1021622Z tardis/plasma/tests/test_tardis_model_density_config.py::test_t_rad
2025-01-21T01:56:41.1022579Z   /home/runner/work/tardis/tardis/tardis/io/model/readers/cmfgen_deprecated.py:82: DeprecationWarning:
2025-01-21T01:56:41.1023354Z   
2025-01-21T01:56:41.1023677Z   The current CMFGEN model parser is deprecated
2025-01-21T01:56:41.1023995Z 
2025-01-21T01:56:41.1024183Z tardis/io/tests/test_model_reader.py: 1 warning
2025-01-21T01:56:41.1024782Z tardis/plasma/tests/test_tardis_model_density_config.py: 9 warnings
2025-01-21T01:56:41.1025666Z   /home/runner/work/tardis/tardis/tardis/io/model/readers/cmfgen_deprecated.py:40: DeprecationWarning:
2025-01-21T01:56:41.1026725Z   
2025-01-21T01:56:41.1027052Z   The current CMFGEN model parser is deprecated
2025-01-21T01:56:41.1027373Z 
2025-01-21T01:56:41.1027701Z tardis/model/tests/test_base.py::TestModelFromPaper1Config::test_abundances
2025-01-21T01:56:41.1028717Z   /home/runner/work/tardis/tardis/tardis/transport/montecarlo/montecarlo_main_loop.py:123: NumbaTypeSafetyWarning:
2025-01-21T01:56:41.1029544Z   
2025-01-21T01:56:41.1030628Z   [1m[1m[1munsafe cast from uint64 to int64. Precision may be lost.[0m[0m[0m
2025-01-21T01:56:41.1031072Z 
2025-01-21T01:56:41.1031434Z tardis/model/tests/test_base.py: 6 warnings
2025-01-21T01:56:41.1031912Z tardis/model/tests/test_csvy_model.py: 2 warnings
2025-01-21T01:56:41.1032496Z tardis/plasma/tests/test_tardis_model_density_config.py: 3 warnings
2025-01-21T01:56:41.1033322Z   /home/runner/work/tardis/tardis/tardis/model/geometry/radial1d.py:50: DeprecationWarning:
2025-01-21T01:56:41.1033959Z   
2025-01-21T01:56:41.1034240Z   v_inner_boundary < 0, assuming default value
2025-01-21T01:56:41.1034531Z 
2025-01-21T01:56:41.1034682Z tardis/model/tests/test_base.py: 6 warnings
2025-01-21T01:56:41.1035121Z tardis/model/tests/test_csvy_model.py: 2 warnings
2025-01-21T01:56:41.1035679Z tardis/plasma/tests/test_tardis_model_density_config.py: 3 warnings
2025-01-21T01:56:41.1036477Z   /home/runner/work/tardis/tardis/tardis/model/geometry/radial1d.py:61: DeprecationWarning:
2025-01-21T01:56:41.1037145Z   
2025-01-21T01:56:41.1037423Z   v_outer_boundary < 0, assuming default value
2025-01-21T01:56:41.1037702Z 
2025-01-21T01:56:41.1038404Z tardis/plasma/equilibrium/tests/test_level_populations.py::TestLevelPopulationSolver::test_solve[collisional_rate_solver0-radiative_transitions0]
2025-01-21T01:56:41.1039654Z   /home/runner/work/tardis/tardis/tardis/plasma/equilibrium/level_populations.py:65: FutureWarning:
2025-01-21T01:56:41.1040336Z   
2025-01-21T01:56:41.1040882Z   A value is trying to be set on a copy of a DataFrame or Series through chained assignment using an inplace method.
2025-01-21T01:56:41.1042280Z   The behavior will change in pandas 3.0. This inplace method will never work because the intermediate object on which we are setting values always behaves as a copy.
2025-01-21T01:56:41.1043235Z   
2025-01-21T01:56:41.1044145Z   For example, when doing 'df[col].method(value, inplace=True)', try using 'df.method({col: value}, inplace=True)' or df[col] = df[col].method(value) instead, to perform the operation inplace on the original object.
2025-01-21T01:56:41.1045079Z 
2025-01-21T01:56:41.1045293Z tardis/plasma/tests/test_complete_plasmas.py: 20 warnings
2025-01-21T01:56:41.1046049Z   /home/runner/work/tardis/tardis/tardis/plasma/tests/test_complete_plasmas.py:197: UserWarning:
2025-01-21T01:56:41.1046721Z   
2025-01-21T01:56:41.1046978Z   Property "atomic_mass" not found
2025-01-21T01:56:41.1047211Z 
2025-01-21T01:56:41.1047879Z tardis/plasma/tests/test_complete_plasmas.py::TestPlasma::test_plasma_properties[radiative_rates_type:detailed-w_epsilon:1e-10-j_blues_norm_factor]
2025-01-21T01:56:41.1049296Z tardis/plasma/tests/test_complete_plasmas.py::TestPlasma::test_plasma_properties[radiative_rates_type:detailed-j_blues_norm_factor]
2025-01-21T01:56:41.1050523Z   /home/runner/work/tardis/tardis/tardis/plasma/tests/test_complete_plasmas.py:197: UserWarning:
2025-01-21T01:56:41.1051190Z   
2025-01-21T01:56:41.1051649Z   Property "j_blues_norm_factor" not found
2025-01-21T01:56:41.1051929Z 
2025-01-21T01:56:41.1052577Z tardis/plasma/tests/test_complete_plasmas.py::TestPlasma::test_plasma_properties[radiative_rates_type:detailed-w_epsilon:1e-10-j_blue_estimator]
2025-01-21T01:56:41.1053905Z tardis/plasma/tests/test_complete_plasmas.py::TestPlasma::test_plasma_properties[radiative_rates_type:detailed-j_blue_estimator]
2025-01-21T01:56:41.1055012Z   /home/runner/work/tardis/tardis/tardis/plasma/tests/test_complete_plasmas.py:197: UserWarning:
2025-01-21T01:56:41.1055683Z   
2025-01-21T01:56:41.1055946Z   Property "j_blue_estimator" not found
2025-01-21T01:56:41.1056422Z 
2025-01-21T01:56:41.1057002Z tardis/plasma/tests/test_complete_plasmas.py::TestPlasma::test_plasma_properties[radiative_rates_type:detailed-w_epsilon:1e-10-volume]
2025-01-21T01:56:41.1058234Z tardis/plasma/tests/test_complete_plasmas.py::TestPlasma::test_plasma_properties[radiative_rates_type:detailed-volume]
2025-01-21T01:56:41.1059326Z   /home/runner/work/tardis/tardis/tardis/plasma/tests/test_complete_plasmas.py:197: UserWarning:
2025-01-21T01:56:41.1059990Z   
2025-01-21T01:56:41.1060411Z   Property "volume" not found
2025-01-21T01:56:41.1060654Z 
2025-01-21T01:56:41.1061434Z tardis/plasma/tests/test_complete_plasmas.py::TestPlasma::test_plasma_properties[radiative_rates_type:detailed-w_epsilon:1e-10-r_inner]
2025-01-21T01:56:41.1062732Z tardis/plasma/tests/test_complete_plasmas.py::TestPlasma::test_plasma_properties[radiative_rates_type:detailed-r_inner]
2025-01-21T01:56:41.1063831Z   /home/runner/work/tardis/tardis/tardis/plasma/tests/test_complete_plasmas.py:197: UserWarning:
2025-01-21T01:56:41.1064535Z   
2025-01-21T01:56:41.1064790Z   Property "r_inner" not found
2025-01-21T01:56:41.1065018Z 
2025-01-21T01:56:41.1065348Z tardis/plasma/tests/test_plasma_vboundary.py::test_plasma_vboundary[2900-3750]
2025-01-21T01:56:41.1066113Z tardis/plasma/tests/test_plasma_vboundary.py::test_plasma_vboundary[2900-3850]
2025-01-21T01:56:41.1066873Z tardis/plasma/tests/test_plasma_vboundary.py::test_plasma_vboundary[2900-3900]
2025-01-21T01:56:41.1067687Z   /home/runner/work/tardis/tardis/tardis/model/geometry/radial1d.py:71: UserWarning:
2025-01-21T01:56:41.1068293Z   
2025-01-21T01:56:41.1068711Z   Requesting inner boundary below inner shell. Extrapolating the inner cell
2025-01-21T01:56:41.1069133Z 
2025-01-21T01:56:41.1069457Z tardis/spectrum/tests/test_spectrum_solver.py::TestSpectrumSolver::test_solve
2025-01-21T01:56:41.1070198Z   /home/runner/work/tardis/tardis/tardis/spectrum/base.py:70: UserWarning:
2025-01-21T01:56:41.1070717Z   
2025-01-21T01:56:41.1071498Z   SpectrumSolver.spectrum_virtual_packets is zero. Please run the montecarlo simulation with no_of_virtual_packets > 0
2025-01-21T01:56:41.1072133Z 
2025-01-21T01:56:41.1072465Z tardis/spectrum/tests/test_spectrum_solver.py::TestSpectrumSolver::test_solve
2025-01-21T01:56:41.1073237Z   /home/runner/work/tardis/tardis/tardis/spectrum/base.py:111: UserWarning:
2025-01-21T01:56:41.1073752Z   
2025-01-21T01:56:41.1074382Z   SpectrumSolver.integrator: The FormalIntegrator is not yet available.Please run the montecarlo simulation at least once.
2025-01-21T01:56:41.1075056Z 
2025-01-21T01:56:41.1075381Z tardis/transport/montecarlo/tests/test_vpacket.py::test_trace_vpacket_volley
2025-01-21T01:56:41.1075963Z   <string>:3: NumbaPendingDeprecationWarning:
2025-01-21T01:56:41.1076324Z   
2025-01-21T01:56:41.1078078Z   [1m[1mCode using Numba extension API maybe depending on 'old_style' error-capturing, which is deprecated and will be replaced by 'new_style' in a future release. See details at https://numba.readthedocs.io/en/latest/reference/deprecation.html#deprecation-of-old-style-numba-captured-errors
2025-01-21T01:56:41.1079689Z   Exception origin:
2025-01-21T01:56:41.1080237Z     File "/home/runner/micromamba/envs/tardis/lib/python3.12/inspect.py", line 3180, in _bind
2025-01-21T01:56:41.1080869Z       raise TypeError(msg) from None
2025-01-21T01:56:41.1081378Z   [0m[0m
2025-01-21T01:56:41.1081528Z 
2025-01-21T01:56:41.1082023Z tardis/visualization/tools/tests/test_sdec_plot.py::TestSDECPlotter::test_mpl_image[plotter_generate_plot_mpl4]
2025-01-21T01:56:41.1083083Z   /home/runner/work/tardis/tardis/tardis/visualization/tools/sdec_plot.py:1225: RuntimeWarning:
2025-01-21T01:56:41.1083716Z   
2025-01-21T01:56:41.1085185Z   More than 20 figures have been opened. Figures created through the pyplot interface (`matplotlib.pyplot.figure`) are retained until explicitly closed and may consume too much memory. (To control this warning, see the rcParam `figure.max_open_warning`). Consider using `matplotlib.pyplot.close()`.
2025-01-21T01:56:41.1086676Z 
2025-01-21T01:56:41.1087423Z tardis/visualization/widgets/tests/test_custom_abundance.py::TestCustomAbundanceWidget::test_update_input_item_value
2025-01-21T01:56:41.1088666Z tardis/visualization/widgets/tests/test_custom_abundance.py::TestCustomAbundanceWidget::test_update_input_item_value
2025-01-21T01:56:41.1089886Z tardis/visualization/widgets/tests/test_custom_abundance.py::TestCustomAbundanceWidget::test_update_input_item_value
2025-01-21T01:56:41.1091451Z tardis/visualization/widgets/tests/test_custom_abundance.py::TestCustomAbundanceWidget::test_update_input_item_value
2025-01-21T01:56:41.1092704Z tardis/visualization/widgets/tests/test_custom_abundance.py::TestCustomAbundanceWidget::test_update_input_item_value
2025-01-21T01:56:41.1093914Z tardis/visualization/widgets/tests/test_custom_abundance.py::TestCustomAbundanceWidget::test_update_input_item_value
2025-01-21T01:56:41.1095097Z   /home/runner/micromamba/envs/tardis/lib/python3.12/site-packages/traitlets/traitlets.py:1385: DeprecationWarning:
2025-01-21T01:56:41.1095882Z   
2025-01-21T01:56:41.1096303Z   Passing unrecognized arguments to super(Checkbox).__init__(icon='lock').
2025-01-21T01:56:41.1097001Z   object.__init__() takes exactly one argument (the instance to initialize)
2025-01-21T01:56:41.1097757Z   This is deprecated in traitlets 4.2.This error will be raised in a future release of traitlets.
2025-01-21T01:56:41.1098238Z 
2025-01-21T01:56:41.1098762Z tardis/visualization/widgets/tests/test_custom_abundance.py::TestCustomAbundanceWidget::test_update_input_item_value
2025-01-21T01:56:41.1099923Z tardis/visualization/widgets/tests/test_custom_abundance.py::TestCustomAbundanceWidget::test_update_input_item_value
2025-01-21T01:56:41.1101077Z   /home/runner/micromamba/envs/tardis/lib/python3.12/site-packages/traitlets/traitlets.py:1385: DeprecationWarning:
2025-01-21T01:56:41.1102027Z   
2025-01-21T01:56:41.1102425Z   Passing unrecognized arguments to super(FloatText).__init__(min=0).
2025-01-21T01:56:41.1103078Z   object.__init__() takes exactly one argument (the instance to initialize)
2025-01-21T01:56:41.1103819Z   This is deprecated in traitlets 4.2.This error will be raised in a future release of traitlets.
2025-01-21T01:56:41.1104327Z 
2025-01-21T01:56:41.1104870Z tardis/visualization/widgets/tests/test_custom_abundance.py::TestCustomAbundanceWidget::test_update_input_item_value
2025-01-21T01:56:41.1106089Z   /home/runner/micromamba/envs/tardis/lib/python3.12/site-packages/traitlets/traitlets.py:1385: DeprecationWarning:
2025-01-21T01:56:41.1106866Z   
2025-01-21T01:56:41.1107257Z   Passing unrecognized arguments to super(HTML).__init__(indent=True).
2025-01-21T01:56:41.1107908Z   object.__init__() takes exactly one argument (the instance to initialize)
2025-01-21T01:56:41.1108644Z   This is deprecated in traitlets 4.2.This error will be raised in a future release of traitlets.
2025-01-21T01:56:41.1109154Z 
2025-01-21T01:56:41.1109820Z tardis/visualization/widgets/tests/test_line_info.py::TestLineInfoWidgetData::test_get_species_interactions[wavelength_range0-packet_out_nu]
2025-01-21T01:56:41.1111213Z   /home/runner/micromamba/envs/tardis/lib/python3.12/site-packages/qgridnext/grid.py:825: DeprecationWarning:
2025-01-21T01:56:41.1112115Z   
2025-01-21T01:56:41.1112679Z   QgridWidget._grid_options_changed is deprecated in traitlets 4.1: use @observe and @unobserve instead.
2025-01-21T01:56:41.1113249Z 
2025-01-21T01:56:41.1113642Z tardis/visualization/widgets/tests/test_shell_info.py::TestHDFShellInfo::test_shells_data
2025-01-21T01:56:41.1114529Z   /home/runner/work/tardis/tardis/tardis/io/util.py:289: PerformanceWarning:
2025-01-21T01:56:41.1115126Z   
2025-01-21T01:56:41.1115387Z   
2025-01-21T01:56:41.1115904Z   your performance may suffer as PyTables will pickle object types that it cannot
2025-01-21T01:56:41.1116803Z   map directly to c-types [inferred_type->mixed,key->block0_values] [items->Index([0], dtype='int64')]
2025-01-21T01:56:41.1117357Z 
2025-01-21T01:56:41.1117753Z tardis/visualization/widgets/tests/test_shell_info.py::TestHDFShellInfo::test_shells_data
2025-01-21T01:56:41.1118820Z   /home/runner/work/tardis/tardis/tardis/io/util.py:292: PerformanceWarning:
2025-01-21T01:56:41.1119350Z   
2025-01-21T01:56:41.1119587Z   
2025-01-21T01:56:41.1120024Z   your performance may suffer as PyTables will pickle object types that it cannot
2025-01-21T01:56:41.1120741Z   map directly to c-types [inferred_type->mixed,key->values] [items->None]
2025-01-21T01:56:41.1121142Z 
2025-01-21T01:56:41.1121824Z tardis/visualization/widgets/tests/test_shell_info.py::TestHDFShellInfo::test_shells_data
2025-01-21T01:56:41.1122730Z   /home/runner/work/tardis/tardis/tardis/spectrum/formal_integral.py:398: UserWarning:
2025-01-21T01:56:41.1123340Z   
2025-01-21T01:56:41.1123749Z   The number of interpolate_shells was not specified. The value was set to 80.
2025-01-21T01:56:41.1124161Z 
2025-01-21T01:56:41.1124436Z -- Docs: https://docs.pytest.org/en/stable/how-to/capture-warnings.html
2025-01-21T01:56:41.1124853Z 
2025-01-21T01:56:41.1125094Z ---------- coverage: platform linux, python 3.12.4-final-0 -----------
2025-01-21T01:56:41.1125633Z Coverage HTML written to dir coverage_html_report
2025-01-21T01:56:41.1126071Z Coverage XML written to file coverage.xml
2025-01-21T01:56:41.1126336Z 
2025-01-21T01:56:41.1126684Z = 1438 passed, 329 skipped, 2 deselected, 19 xfailed, 8 xpassed, 91 warnings in 735.46s (0:12:15) =
2025-01-21T01:56:43.2829716Z ##[group]Run mv .coverage .coverage.2
2025-01-21T01:56:43.2830033Z [36;1mmv .coverage .coverage.2[0m
2025-01-21T01:56:43.2862382Z shell: /usr/bin/bash -l {0}
2025-01-21T01:56:43.2862627Z env:
2025-01-21T01:56:43.2862804Z   CACHE_NUMBER: 0
2025-01-21T01:56:43.2863440Z   PYTEST_FLAGS: --tardis-regression-data=/home/runner/work/tardis/tardis/tardis-regression-data --cov=tardis --cov-report=xml --cov-report=html --cov-append
2025-01-21T01:56:43.2864135Z   CODECOV_TOKEN: 
2025-01-21T01:56:43.2864360Z   MAMBA_ROOT_PREFIX: /home/runner/micromamba
2025-01-21T01:56:43.2864673Z   MAMBA_EXE: /home/runner/micromamba-bin/micromamba
2025-01-21T01:56:43.2865055Z   CONDARC: /home/runner/work/_temp/setup-micromamba/.condarc
2025-01-21T01:56:43.2865374Z ##[endgroup]
2025-01-21T01:56:43.4000840Z ##[group]Run actions/upload-artifact@v4
2025-01-21T01:56:43.4001139Z with:
2025-01-21T01:56:43.4001672Z   name: coverage-not-continuum-ubuntu-latest
2025-01-21T01:56:43.4002006Z   include-hidden-files: true
2025-01-21T01:56:43.4002258Z   path: .coverage*
!.coveragerc

2025-01-21T01:56:43.4002505Z   if-no-files-found: warn
2025-01-21T01:56:43.4002730Z   compression-level: 6
2025-01-21T01:56:43.4002943Z   overwrite: false
2025-01-21T01:56:43.4003137Z env:
2025-01-21T01:56:43.4003306Z   CACHE_NUMBER: 0
2025-01-21T01:56:43.4003954Z   PYTEST_FLAGS: --tardis-regression-data=/home/runner/work/tardis/tardis/tardis-regression-data --cov=tardis --cov-report=xml --cov-report=html --cov-append
2025-01-21T01:56:43.4004624Z   CODECOV_TOKEN: 
2025-01-21T01:56:43.4004845Z   MAMBA_ROOT_PREFIX: /home/runner/micromamba
2025-01-21T01:56:43.4005158Z   MAMBA_EXE: /home/runner/micromamba-bin/micromamba
2025-01-21T01:56:43.4005531Z   CONDARC: /home/runner/work/_temp/setup-micromamba/.condarc
2025-01-21T01:56:43.4005877Z ##[endgroup]
2025-01-21T01:56:43.6271142Z With the provided path, there will be 1 file uploaded
2025-01-21T01:56:43.6277062Z Artifact name is valid!
2025-01-21T01:56:43.6278295Z Root directory input is valid!
2025-01-21T01:56:43.7460755Z Beginning upload of artifact content to blob storage
2025-01-21T01:56:43.7972287Z Uploaded bytes 19727
2025-01-21T01:56:43.8114604Z Finished uploading artifact content to blob storage!
2025-01-21T01:56:43.8117836Z SHA256 hash of uploaded artifact zip is 6cff0b78618ac3b5cde9fc97fac28a00068937b450de65eadd9719ac02ecfabb
2025-01-21T01:56:43.8119983Z Finalizing artifact upload
2025-01-21T01:56:43.9003056Z Artifact coverage-not-continuum-ubuntu-latest.zip successfully finalized. Artifact ID 2459048837
2025-01-21T01:56:43.9004485Z Artifact coverage-not-continuum-ubuntu-latest has been successfully uploaded! Final size is 19727 bytes. Artifact ID is 2459048837
2025-01-21T01:56:43.9009849Z Artifact download URL: https://github.com/tardis-sn/tardis/actions/runs/12878526743/artifacts/2459048837
2025-01-21T01:56:43.9133971Z Post job cleanup.
2025-01-21T01:56:43.9179612Z Post job cleanup.
2025-01-21T01:56:44.0550097Z Will use pre-installed micromamba at /home/runner/micromamba-bin/micromamba
2025-01-21T01:56:44.0556880Z Removing micromamba run shell ...
2025-01-21T01:56:44.0560322Z ##[group]Deinitialize micromamba for bash
2025-01-21T01:56:44.0578533Z [command]/home/runner/micromamba-bin/micromamba shell deinit -s bash -r /home/runner/micromamba --log-level warning --rc-file /home/runner/work/_temp/setup-micromamba/.condarc
2025-01-21T01:56:44.0674945Z Resetting RC file "/home/runner/.bashrc"
2025-01-21T01:56:44.0675593Z Deleting config for root prefix 
2025-01-21T01:56:44.0676503Z Clearing mamba executable environment variable
2025-01-21T01:56:44.0678001Z Removing the following in your "/home/runner/.bashrc" file
2025-01-21T01:56:44.0678421Z # >>> mamba initialize >>>
2025-01-21T01:56:44.0678678Z ...
2025-01-21T01:56:44.0678863Z # <<< mamba initialize <<<
2025-01-21T01:56:44.0707487Z Removing mamba initialize block from .bash_profile
2025-01-21T01:56:44.0722285Z ##[endgroup]
2025-01-21T01:56:44.0726815Z Removing environment tardis from auto-activate bash ...
2025-01-21T01:56:44.0851050Z Post job cleanup.
2025-01-21T01:56:44.0888201Z Post job cleanup.
2025-01-21T01:56:44.1896558Z [command]/usr/bin/git version
2025-01-21T01:56:44.1932261Z git version 2.47.1
2025-01-21T01:56:44.1980702Z Temporarily overriding HOME='/home/runner/work/_temp/c5dd776b-6511-4891-9b92-68a454cfd082' before making global git config changes
2025-01-21T01:56:44.1982202Z Adding repository directory to the temporary git global config as a safe directory
2025-01-21T01:56:44.1986099Z [command]/usr/bin/git config --global --add safe.directory /home/runner/work/tardis/tardis/tardis-regression-data
2025-01-21T01:56:44.2019207Z [command]/usr/bin/git config --local --name-only --get-regexp core\.sshCommand
2025-01-21T01:56:44.2050757Z [command]/usr/bin/git submodule foreach --recursive sh -c "git config --local --name-only --get-regexp 'core\.sshCommand' && git config --local --unset-all 'core.sshCommand' || :"
2025-01-21T01:56:44.2277818Z [command]/usr/bin/git config --local --name-only --get-regexp http\.https\:\/\/github\.com\/\.extraheader
2025-01-21T01:56:44.2297472Z http.https://github.com/.extraheader
2025-01-21T01:56:44.2309606Z [command]/usr/bin/git config --local --unset-all http.https://github.com/.extraheader
2025-01-21T01:56:44.2340354Z [command]/usr/bin/git submodule foreach --recursive sh -c "git config --local --name-only --get-regexp 'http\.https\:\/\/github\.com\/\.extraheader' && git config --local --unset-all 'http.https://github.com/.extraheader' || :"
2025-01-21T01:56:44.2704044Z Post job cleanup.
2025-01-21T01:56:44.3662292Z [command]/usr/bin/git version
2025-01-21T01:56:44.3699067Z git version 2.47.1
2025-01-21T01:56:44.3748699Z Temporarily overriding HOME='/home/runner/work/_temp/19011f32-3ef0-4fe2-8ff7-b4390b1b527c' before making global git config changes
2025-01-21T01:56:44.3750365Z Adding repository directory to the temporary git global config as a safe directory
2025-01-21T01:56:44.3754058Z [command]/usr/bin/git config --global --add safe.directory /home/runner/work/tardis/tardis
2025-01-21T01:56:44.3788373Z [command]/usr/bin/git config --local --name-only --get-regexp core\.sshCommand
2025-01-21T01:56:44.3820095Z [command]/usr/bin/git submodule foreach --recursive sh -c "git config --local --name-only --get-regexp 'core\.sshCommand' && git config --local --unset-all 'core.sshCommand' || :"
2025-01-21T01:56:44.4050416Z [command]/usr/bin/git config --local --name-only --get-regexp http\.https\:\/\/github\.com\/\.extraheader
2025-01-21T01:56:44.4070553Z http.https://github.com/.extraheader
2025-01-21T01:56:44.4082938Z [command]/usr/bin/git config --local --unset-all http.https://github.com/.extraheader
2025-01-21T01:56:44.4112472Z [command]/usr/bin/git submodule foreach --recursive sh -c "git config --local --name-only --get-regexp 'http\.https\:\/\/github\.com\/\.extraheader' && git config --local --unset-all 'http.https://github.com/.extraheader' || :"
2025-01-21T01:56:44.4435327Z Cleaning up orphan processes
