2025-01-10T11:26:32.8814990Z Requested labels: macos-latest
2025-01-10T11:26:32.8815914Z Job defined at: tardis-sn/tardis/.github/workflows/tests.yml@refs/pull/2929/merge
2025-01-10T11:26:32.8816076Z Waiting for a runner to pick up this job...
2025-01-10T11:26:33.0623940Z Job is waiting for a hosted runner to come online.
2025-01-10T11:26:36.1914692Z Job is about to start running on the hosted runner: GitHub Actions 13 (hosted)
2025-01-10T11:26:37.3830400Z Current runner version: '2.321.0'
2025-01-10T11:26:37.3845880Z ##[group]Operating System
2025-01-10T11:26:37.3846330Z macOS
2025-01-10T11:26:37.3846620Z 14.7.2
2025-01-10T11:26:37.3846900Z 23H311
2025-01-10T11:26:37.3847190Z ##[endgroup]
2025-01-10T11:26:37.3847500Z ##[group]Runner Image
2025-01-10T11:26:37.3847830Z Image: macos-14-arm64
2025-01-10T11:26:37.3848130Z Version: 20250106.725
2025-01-10T11:26:37.3848790Z Included Software: https://github.com/actions/runner-images/blob/macos-14-arm64/20250106.725/images/macos/macos-14-arm64-Readme.md
2025-01-10T11:26:37.3849680Z Image Release: https://github.com/actions/runner-images/releases/tag/macos-14-arm64%2F20250106.725
2025-01-10T11:26:37.3850240Z ##[endgroup]
2025-01-10T11:26:37.3850540Z ##[group]Runner Image Provisioner
2025-01-10T11:26:37.3850920Z 2.0.404.1+573eac7f0cc07d6bb82d8b9bf5e1ffa69a554644
2025-01-10T11:26:37.3851310Z ##[endgroup]
2025-01-10T11:26:37.3852600Z ##[group]GITHUB_TOKEN Permissions
2025-01-10T11:26:37.3853560Z Actions: read
2025-01-10T11:26:37.3853870Z Attestations: read
2025-01-10T11:26:37.3854170Z Checks: read
2025-01-10T11:26:37.3854450Z Contents: read
2025-01-10T11:26:37.3854740Z Deployments: read
2025-01-10T11:26:37.3855030Z Discussions: read
2025-01-10T11:26:37.3855320Z Issues: read
2025-01-10T11:26:37.3855600Z Metadata: read
2025-01-10T11:26:37.3855890Z Packages: read
2025-01-10T11:26:37.3856170Z Pages: read
2025-01-10T11:26:37.3856450Z PullRequests: read
2025-01-10T11:26:37.3856760Z RepositoryProjects: read
2025-01-10T11:26:37.3857070Z SecurityEvents: read
2025-01-10T11:26:37.3857370Z Statuses: read
2025-01-10T11:26:37.3857660Z ##[endgroup]
2025-01-10T11:26:37.3859380Z Secret source: None
2025-01-10T11:26:37.3859790Z Prepare workflow directory
2025-01-10T11:26:37.4191930Z Prepare all required actions
2025-01-10T11:26:37.4217310Z Getting action download info
2025-01-10T11:26:37.5991380Z Download action repository 'actions/checkout@v4' (SHA:11bd71901bbe5b1630ceea73d27597364c9af683)
2025-01-10T11:26:37.9296630Z Download action repository 'actions/upload-artifact@v4' (SHA:6f51ac03b9356f520e9adb1b1b7802705f340c2b)
2025-01-10T11:26:38.1049600Z Complete job name:  continuum macos-latest 
2025-01-10T11:26:38.1426360Z ##[group]Run actions/checkout@v4
2025-01-10T11:26:38.1426870Z with:
2025-01-10T11:26:38.1427140Z   repository: tardis-sn/tardis
2025-01-10T11:26:38.1427580Z   token: ***
2025-01-10T11:26:38.1427860Z   ssh-strict: true
2025-01-10T11:26:38.1428140Z   ssh-user: git
2025-01-10T11:26:38.1428430Z   persist-credentials: true
2025-01-10T11:26:38.1428740Z   clean: true
2025-01-10T11:26:38.1429030Z   sparse-checkout-cone-mode: true
2025-01-10T11:26:38.1429360Z   fetch-depth: 1
2025-01-10T11:26:38.1429650Z   fetch-tags: false
2025-01-10T11:26:38.1429930Z   show-progress: true
2025-01-10T11:26:38.1430220Z   lfs: false
2025-01-10T11:26:38.1430490Z   submodules: false
2025-01-10T11:26:38.1430780Z   set-safe-directory: true
2025-01-10T11:26:38.1431190Z env:
2025-01-10T11:26:38.1431460Z   CACHE_NUMBER: 0
2025-01-10T11:26:38.1432230Z   PYTEST_FLAGS: --tardis-regression-data=/Users/runner/work/tardis/tardis/tardis-regression-data --cov=tardis --cov-report=xml --cov-report=html --cov-append
2025-01-10T11:26:38.1433070Z   CODECOV_TOKEN: 
2025-01-10T11:26:38.1433330Z ##[endgroup]
2025-01-10T11:26:38.5055710Z Syncing repository: tardis-sn/tardis
2025-01-10T11:26:38.5117110Z ##[group]Getting Git version info
2025-01-10T11:26:38.5261190Z Working directory is '/Users/runner/work/tardis/tardis'
2025-01-10T11:26:38.5415060Z [command]/opt/homebrew/bin/git version
2025-01-10T11:26:38.5905370Z git version 2.47.1
2025-01-10T11:26:38.5936530Z ##[endgroup]
2025-01-10T11:26:38.5945590Z Copying '/Users/runner/.gitconfig' to '/Users/runner/work/_temp/f14f1300-b2c6-4c7f-9e54-19d3e8489775/.gitconfig'
2025-01-10T11:26:38.5954890Z Temporarily overriding HOME='/Users/runner/work/_temp/f14f1300-b2c6-4c7f-9e54-19d3e8489775' before making global git config changes
2025-01-10T11:26:38.5956210Z Adding repository directory to the temporary git global config as a safe directory
2025-01-10T11:26:38.5960030Z [command]/opt/homebrew/bin/git config --global --add safe.directory /Users/runner/work/tardis/tardis
2025-01-10T11:26:38.6067390Z Deleting the contents of '/Users/runner/work/tardis/tardis'
2025-01-10T11:26:38.6070590Z ##[group]Initializing the repository
2025-01-10T11:26:38.6074730Z [command]/opt/homebrew/bin/git init /Users/runner/work/tardis/tardis
2025-01-10T11:26:38.6254480Z hint: Using 'master' as the name for the initial branch. This default branch name
2025-01-10T11:26:38.6256990Z hint: is subject to change. To configure the initial branch name to use in all
2025-01-10T11:26:38.6258290Z hint: of your new repositories, which will suppress this warning, call:
2025-01-10T11:26:38.6259460Z hint:
2025-01-10T11:26:38.6259900Z hint: 	git config --global init.defaultBranch <name>
2025-01-10T11:26:38.6260390Z hint:
2025-01-10T11:26:38.6260870Z hint: Names commonly chosen instead of 'master' are 'main', 'trunk' and
2025-01-10T11:26:38.6261570Z hint: 'development'. The just-created branch can be renamed via this command:
2025-01-10T11:26:38.6262290Z hint:
2025-01-10T11:26:38.6263080Z hint: 	git branch -m <name>
2025-01-10T11:26:38.6263820Z Initialized empty Git repository in /Users/runner/work/tardis/tardis/.git/
2025-01-10T11:26:38.6265250Z [command]/opt/homebrew/bin/git remote add origin https://github.com/tardis-sn/tardis
2025-01-10T11:26:38.6330630Z ##[endgroup]
2025-01-10T11:26:38.6331190Z ##[group]Disabling automatic garbage collection
2025-01-10T11:26:38.6334760Z [command]/opt/homebrew/bin/git config --local gc.auto 0
2025-01-10T11:26:38.6381900Z ##[endgroup]
2025-01-10T11:26:38.6382510Z ##[group]Setting up auth
2025-01-10T11:26:38.6386150Z [command]/opt/homebrew/bin/git config --local --name-only --get-regexp core\.sshCommand
2025-01-10T11:26:38.6428090Z [command]/opt/homebrew/bin/git submodule foreach --recursive sh -c "git config --local --name-only --get-regexp 'core\.sshCommand' && git config --local --unset-all 'core.sshCommand' || :"
2025-01-10T11:26:38.7421400Z [command]/opt/homebrew/bin/git config --local --name-only --get-regexp http\.https\:\/\/github\.com\/\.extraheader
2025-01-10T11:26:38.7465760Z [command]/opt/homebrew/bin/git submodule foreach --recursive sh -c "git config --local --name-only --get-regexp 'http\.https\:\/\/github\.com\/\.extraheader' && git config --local --unset-all 'http.https://github.com/.extraheader' || :"
2025-01-10T11:26:38.7936140Z [command]/opt/homebrew/bin/git config --local http.https://github.com/.extraheader AUTHORIZATION: basic ***
2025-01-10T11:26:38.8010730Z ##[endgroup]
2025-01-10T11:26:38.8011280Z ##[group]Fetching the repository
2025-01-10T11:26:38.8016620Z [command]/opt/homebrew/bin/git -c protocol.version=2 fetch --no-tags --prune --no-recurse-submodules --depth=1 origin +183a94c0e99cd70688b6c4ab13c26c2107a889f1:refs/remotes/pull/2929/merge
2025-01-10T11:26:40.4941480Z From https://github.com/tardis-sn/tardis
2025-01-10T11:26:40.4942500Z  * [new ref]         183a94c0e99cd70688b6c4ab13c26c2107a889f1 -> pull/2929/merge
2025-01-10T11:26:40.5007470Z ##[endgroup]
2025-01-10T11:26:40.5008320Z ##[group]Determining the checkout info
2025-01-10T11:26:40.5009250Z ##[endgroup]
2025-01-10T11:26:40.5036840Z [command]/opt/homebrew/bin/git sparse-checkout disable
2025-01-10T11:26:40.5087150Z [command]/opt/homebrew/bin/git config --local --unset-all extensions.worktreeConfig
2025-01-10T11:26:40.5143820Z ##[group]Checking out the ref
2025-01-10T11:26:40.5146020Z [command]/opt/homebrew/bin/git checkout --progress --force refs/remotes/pull/2929/merge
2025-01-10T11:26:40.7165250Z HEAD is now at 183a94c Merge 459b0aeac8e2aa3cb9c789b784443a7cd33a663c into 0fc2c76326b8122f88ddaf369f17a637bbe37c63
2025-01-10T11:26:40.7197650Z ##[endgroup]
2025-01-10T11:26:40.7297850Z [command]/opt/homebrew/bin/git log -1 --format=%H
2025-01-10T11:26:40.7361950Z 183a94c0e99cd70688b6c4ab13c26c2107a889f1
2025-01-10T11:26:40.7640230Z Prepare all required actions
2025-01-10T11:26:40.7640830Z Getting action download info
2025-01-10T11:26:40.9197430Z Download action repository 'actions/cache@v4' (SHA:1bd1e32a3bdc45362d1e726936510720a7c30a57)
2025-01-10T11:26:41.0438900Z ##[group]Run ./.github/actions/setup_lfs
2025-01-10T11:26:41.0439610Z with:
2025-01-10T11:26:41.0440200Z   regression-data-repo: tardis-sn/tardis-regression-data
2025-01-10T11:26:41.0440920Z env:
2025-01-10T11:26:41.0441350Z   CACHE_NUMBER: 0
2025-01-10T11:26:41.0442670Z   PYTEST_FLAGS: --tardis-regression-data=/Users/runner/work/tardis/tardis/tardis-regression-data --cov=tardis --cov-report=xml --cov-report=html --cov-append
2025-01-10T11:26:41.0444120Z   CODECOV_TOKEN: 
2025-01-10T11:26:41.0444560Z ##[endgroup]
2025-01-10T11:26:41.0563120Z ##[group]Run actions/checkout@v4
2025-01-10T11:26:41.0563660Z with:
2025-01-10T11:26:41.0564120Z   repository: tardis-sn/tardis-regression-data
2025-01-10T11:26:41.0564770Z   path: tardis-regression-data
2025-01-10T11:26:41.0565450Z   token: ***
2025-01-10T11:26:41.0565870Z   ssh-strict: true
2025-01-10T11:26:41.0566330Z   ssh-user: git
2025-01-10T11:26:41.0566760Z   persist-credentials: true
2025-01-10T11:26:41.0567250Z   clean: true
2025-01-10T11:26:41.0567720Z   sparse-checkout-cone-mode: true
2025-01-10T11:26:41.0568250Z   fetch-depth: 1
2025-01-10T11:26:41.0568690Z   fetch-tags: false
2025-01-10T11:26:41.0569150Z   show-progress: true
2025-01-10T11:26:41.0569590Z   lfs: false
2025-01-10T11:26:41.0570000Z   submodules: false
2025-01-10T11:26:41.0570450Z   set-safe-directory: true
2025-01-10T11:26:41.0570910Z env:
2025-01-10T11:26:41.0571300Z   CACHE_NUMBER: 0
2025-01-10T11:26:41.0572570Z   PYTEST_FLAGS: --tardis-regression-data=/Users/runner/work/tardis/tardis/tardis-regression-data --cov=tardis --cov-report=xml --cov-report=html --cov-append
2025-01-10T11:26:41.0574000Z   CODECOV_TOKEN: 
2025-01-10T11:26:41.0574510Z ##[endgroup]
2025-01-10T11:26:41.1363840Z Syncing repository: tardis-sn/tardis-regression-data
2025-01-10T11:26:41.1367290Z ##[group]Getting Git version info
2025-01-10T11:26:41.1368160Z Working directory is '/Users/runner/work/tardis/tardis/tardis-regression-data'
2025-01-10T11:26:41.1395770Z [command]/opt/homebrew/bin/git version
2025-01-10T11:26:41.1437720Z git version 2.47.1
2025-01-10T11:26:41.1451240Z ##[endgroup]
2025-01-10T11:26:41.1455970Z Copying '/Users/runner/.gitconfig' to '/Users/runner/work/_temp/aea562ca-6898-4e8b-917d-74e6fbae64d2/.gitconfig'
2025-01-10T11:26:41.1462910Z Temporarily overriding HOME='/Users/runner/work/_temp/aea562ca-6898-4e8b-917d-74e6fbae64d2' before making global git config changes
2025-01-10T11:26:41.1464470Z Adding repository directory to the temporary git global config as a safe directory
2025-01-10T11:26:41.1465980Z [command]/opt/homebrew/bin/git config --global --add safe.directory /Users/runner/work/tardis/tardis/tardis-regression-data
2025-01-10T11:26:41.1502680Z ##[group]Initializing the repository
2025-01-10T11:26:41.1505770Z [command]/opt/homebrew/bin/git init /Users/runner/work/tardis/tardis/tardis-regression-data
2025-01-10T11:26:41.1966060Z hint: Using 'master' as the name for the initial branch. This default branch name
2025-01-10T11:26:41.2092410Z hint: is subject to change. To configure the initial branch name to use in all
2025-01-10T11:26:41.2158330Z hint: of your new repositories, which will suppress this warning, call:
2025-01-10T11:26:41.2160990Z hint:
2025-01-10T11:26:41.2161820Z hint: 	git config --global init.defaultBranch <name>
2025-01-10T11:26:41.2162870Z hint:
2025-01-10T11:26:41.2163680Z hint: Names commonly chosen instead of 'master' are 'main', 'trunk' and
2025-01-10T11:26:41.2164920Z hint: 'development'. The just-created branch can be renamed via this command:
2025-01-10T11:26:41.2165870Z hint:
2025-01-10T11:26:41.2166450Z hint: 	git branch -m <name>
2025-01-10T11:26:41.2168130Z Initialized empty Git repository in /Users/runner/work/tardis/tardis/tardis-regression-data/.git/
2025-01-10T11:26:41.2171370Z [command]/opt/homebrew/bin/git remote add origin https://github.com/tardis-sn/tardis-regression-data
2025-01-10T11:26:41.2175250Z ##[endgroup]
2025-01-10T11:26:41.2176260Z ##[group]Disabling automatic garbage collection
2025-01-10T11:26:41.2177530Z [command]/opt/homebrew/bin/git config --local gc.auto 0
2025-01-10T11:26:41.2179570Z ##[endgroup]
2025-01-10T11:26:41.2180950Z ##[group]Setting up auth
2025-01-10T11:26:41.2182800Z [command]/opt/homebrew/bin/git config --local --name-only --get-regexp core\.sshCommand
2025-01-10T11:26:41.2185960Z [command]/opt/homebrew/bin/git submodule foreach --recursive sh -c "git config --local --name-only --get-regexp 'core\.sshCommand' && git config --local --unset-all 'core.sshCommand' || :"
2025-01-10T11:26:41.2612370Z [command]/opt/homebrew/bin/git config --local --name-only --get-regexp http\.https\:\/\/github\.com\/\.extraheader
2025-01-10T11:26:41.2650940Z [command]/opt/homebrew/bin/git submodule foreach --recursive sh -c "git config --local --name-only --get-regexp 'http\.https\:\/\/github\.com\/\.extraheader' && git config --local --unset-all 'http.https://github.com/.extraheader' || :"
2025-01-10T11:26:41.4014780Z [command]/opt/homebrew/bin/git config --local http.https://github.com/.extraheader AUTHORIZATION: basic ***
2025-01-10T11:26:41.4321630Z ##[endgroup]
2025-01-10T11:26:41.4427880Z ##[group]Determining the default branch
2025-01-10T11:26:41.4529830Z Retrieving the default branch name
2025-01-10T11:26:41.7827410Z Default branch 'main'
2025-01-10T11:26:41.7828880Z ##[endgroup]
2025-01-10T11:26:41.7829780Z ##[group]Fetching the repository
2025-01-10T11:26:41.7832540Z [command]/opt/homebrew/bin/git -c protocol.version=2 fetch --no-tags --prune --no-recurse-submodules --depth=1 origin +refs/heads/main:refs/remotes/origin/main
2025-01-10T11:26:42.7955830Z From https://github.com/tardis-sn/tardis-regression-data
2025-01-10T11:26:42.8091960Z  * [new branch]      main       -> origin/main
2025-01-10T11:26:42.8300680Z ##[endgroup]
2025-01-10T11:26:42.8311840Z ##[group]Determining the checkout info
2025-01-10T11:26:42.8334520Z ##[endgroup]
2025-01-10T11:26:42.8436060Z [command]/opt/homebrew/bin/git sparse-checkout disable
2025-01-10T11:26:42.8546380Z [command]/opt/homebrew/bin/git config --local --unset-all extensions.worktreeConfig
2025-01-10T11:26:42.8597770Z ##[group]Checking out the ref
2025-01-10T11:26:42.8622640Z [command]/opt/homebrew/bin/git checkout --progress --force -B main refs/remotes/origin/main
2025-01-10T11:26:43.0129780Z Switched to a new branch 'main'
2025-01-10T11:26:43.0131280Z branch 'main' set up to track 'origin/main'.
2025-01-10T11:26:43.0783840Z ##[endgroup]
2025-01-10T11:26:43.0838550Z [command]/opt/homebrew/bin/git log -1 --format=%H
2025-01-10T11:26:43.0876280Z 666ab8501c2b2aea30d05b8822e7ddbfca078d23
2025-01-10T11:26:43.0966480Z ##[group]Run git lfs ls-files -l | cut -d' ' -f1 | sort > .lfs-assets-id
2025-01-10T11:26:43.0966860Z [36;1mgit lfs ls-files -l | cut -d' ' -f1 | sort > .lfs-assets-id[0m
2025-01-10T11:26:43.1020520Z shell: /bin/bash --noprofile --norc -e -o pipefail {0}
2025-01-10T11:26:43.1020770Z env:
2025-01-10T11:26:43.1020910Z   CACHE_NUMBER: 0
2025-01-10T11:26:43.1021380Z   PYTEST_FLAGS: --tardis-regression-data=/Users/runner/work/tardis/tardis/tardis-regression-data --cov=tardis --cov-report=xml --cov-report=html --cov-append
2025-01-10T11:26:43.1021850Z   CODECOV_TOKEN: 
2025-01-10T11:26:43.1021980Z ##[endgroup]
2025-01-10T11:26:43.3014260Z ##[group]Run actions/cache/restore@v4
2025-01-10T11:26:43.3014460Z with:
2025-01-10T11:26:43.3014600Z   path: tardis-regression-data/.git/lfs
2025-01-10T11:26:43.3014920Z   key: macOS-lfs-21f9fa4b6817cc69b9fae3598144724da7828e276a73bd17f47a2a49d9af090a-v1
2025-01-10T11:26:43.3015210Z   enableCrossOsArchive: false
2025-01-10T11:26:43.3015390Z   fail-on-cache-miss: false
2025-01-10T11:26:43.3015550Z   lookup-only: false
2025-01-10T11:26:43.3015710Z env:
2025-01-10T11:26:43.3015850Z   CACHE_NUMBER: 0
2025-01-10T11:26:43.3016590Z   PYTEST_FLAGS: --tardis-regression-data=/Users/runner/work/tardis/tardis/tardis-regression-data --cov=tardis --cov-report=xml --cov-report=html --cov-append
2025-01-10T11:26:43.3017060Z   CODECOV_TOKEN: 
2025-01-10T11:26:43.3017200Z ##[endgroup]
2025-01-10T11:26:44.8414620Z Received 37748736 of 1706796060 (2.2%), 35.7 MBs/sec
2025-01-10T11:26:45.8405590Z Received 121634816 of 1706796060 (7.1%), 57.7 MBs/sec
2025-01-10T11:26:46.8422670Z Received 180355072 of 1706796060 (10.6%), 57.1 MBs/sec
2025-01-10T11:26:47.8423380Z Received 239075328 of 1706796060 (14.0%), 56.8 MBs/sec
2025-01-10T11:26:48.8426540Z Received 301989888 of 1706796060 (17.7%), 57.4 MBs/sec
2025-01-10T11:26:49.8433120Z Received 377487360 of 1706796060 (22.1%), 59.9 MBs/sec
2025-01-10T11:26:50.8463120Z Received 444596224 of 1706796060 (26.0%), 60.4 MBs/sec
2025-01-10T11:26:51.8444030Z Received 511705088 of 1706796060 (30.0%), 60.9 MBs/sec
2025-01-10T11:26:52.8461360Z Received 583008256 of 1706796060 (34.2%), 61.7 MBs/sec
2025-01-10T11:26:53.8461630Z Received 641728512 of 1706796060 (37.6%), 61.1 MBs/sec
2025-01-10T11:26:54.8477020Z Received 713031680 of 1706796060 (41.8%), 61.7 MBs/sec
2025-01-10T11:26:55.8485140Z Received 775946240 of 1706796060 (45.5%), 61.6 MBs/sec
2025-01-10T11:26:56.8492120Z Received 843055104 of 1706796060 (49.4%), 61.8 MBs/sec
2025-01-10T11:26:57.8492460Z Received 910163968 of 1706796060 (53.3%), 61.9 MBs/sec
2025-01-10T11:26:58.8510600Z Received 989855744 of 1706796060 (58.0%), 62.8 MBs/sec
2025-01-10T11:26:59.8530870Z Received 1069547520 of 1706796060 (62.7%), 63.7 MBs/sec
2025-01-10T11:27:00.8620550Z Received 1136656384 of 1706796060 (66.6%), 63.6 MBs/sec
2025-01-10T11:27:01.8623040Z Received 1207959552 of 1706796060 (70.8%), 63.9 MBs/sec
2025-01-10T11:27:02.8627690Z Received 1287651328 of 1706796060 (75.4%), 64.5 MBs/sec
2025-01-10T11:27:03.8721910Z Received 1358954496 of 1706796060 (79.6%), 64.7 MBs/sec
2025-01-10T11:27:04.8748780Z Received 1421869056 of 1706796060 (83.3%), 64.4 MBs/sec
2025-01-10T11:27:05.8758650Z Received 1501560832 of 1706796060 (88.0%), 65.0 MBs/sec
2025-01-10T11:27:06.8751290Z Received 1581252608 of 1706796060 (92.6%), 65.4 MBs/sec
2025-01-10T11:27:07.8760160Z Received 1656750080 of 1706796060 (97.1%), 65.7 MBs/sec
2025-01-10T11:27:08.8792570Z Received 1706796060 of 1706796060 (100.0%), 65.0 MBs/sec
2025-01-10T11:27:08.9346300Z Cache Size: ~1628 MB (1706796060 B)
2025-01-10T11:27:08.9399770Z [command]/opt/homebrew/bin/gtar -xf /Users/runner/work/_temp/aa38d456-a154-4c93-9b58-ec1d76af41b4/cache.tzst -P -C /Users/runner/work/tardis/tardis --delay-directory-restore --use-compress-program unzstd
2025-01-10T11:27:15.2252860Z Cache restored successfully
2025-01-10T11:27:15.3060320Z Cache restored from key: macOS-lfs-21f9fa4b6817cc69b9fae3598144724da7828e276a73bd17f47a2a49d9af090a-v1
2025-01-10T11:27:15.3369130Z ##[group]Run git lfs checkout
2025-01-10T11:27:15.3369370Z [36;1mgit lfs checkout[0m
2025-01-10T11:27:15.3527810Z shell: /bin/bash --noprofile --norc -e -o pipefail {0}
2025-01-10T11:27:15.3528330Z env:
2025-01-10T11:27:15.3528620Z   CACHE_NUMBER: 0
2025-01-10T11:27:15.3529280Z   PYTEST_FLAGS: --tardis-regression-data=/Users/runner/work/tardis/tardis/tardis-regression-data --cov=tardis --cov-report=xml --cov-report=html --cov-append
2025-01-10T11:27:15.3530070Z   CODECOV_TOKEN: 
2025-01-10T11:27:15.3530400Z ##[endgroup]
2025-01-10T11:27:23.4275520Z Checking out LFS objects: 100% (204/204), 3.5 GB | 351 MB/s, done.
2025-01-10T11:27:30.9084800Z Prepare all required actions
2025-01-10T11:27:30.9085350Z Getting action download info
2025-01-10T11:27:31.0626070Z Download action repository 'mamba-org/setup-micromamba@v1' (SHA:4b9113af4fba0e9e1124b252dd6497a419e7396d)
2025-01-10T11:27:32.2229430Z ##[group]Run ./.github/actions/setup_env
2025-01-10T11:27:32.2229760Z with:
2025-01-10T11:27:32.2229940Z   os-label: osx-arm64
2025-01-10T11:27:32.2230130Z env:
2025-01-10T11:27:32.2230360Z   CACHE_NUMBER: 0
2025-01-10T11:27:32.2230800Z   PYTEST_FLAGS: --tardis-regression-data=/Users/runner/work/tardis/tardis/tardis-regression-data --cov=tardis --cov-report=xml --cov-report=html --cov-append
2025-01-10T11:27:32.2231370Z   CODECOV_TOKEN: 
2025-01-10T11:27:32.2231560Z ##[endgroup]
2025-01-10T11:27:32.2253050Z ##[group]Run file_hash=$(cat conda-osx-arm64.lock | shasum -a 256 | cut -d' ' -f1)
2025-01-10T11:27:32.2254090Z [36;1mfile_hash=$(cat conda-osx-arm64.lock | shasum -a 256 | cut -d' ' -f1)[0m
2025-01-10T11:27:32.2254470Z [36;1mecho "file_hash=$file_hash" >> "${GITHUB_OUTPUT}"[0m
2025-01-10T11:27:32.2298380Z shell: /bin/bash --noprofile --norc -e -o pipefail {0}
2025-01-10T11:27:32.2298600Z env:
2025-01-10T11:27:32.2298700Z   CACHE_NUMBER: 0
2025-01-10T11:27:32.2299140Z   PYTEST_FLAGS: --tardis-regression-data=/Users/runner/work/tardis/tardis/tardis-regression-data --cov=tardis --cov-report=xml --cov-report=html --cov-append
2025-01-10T11:27:32.2299600Z   CODECOV_TOKEN: 
2025-01-10T11:27:32.2299730Z ##[endgroup]
2025-01-10T11:27:32.3161100Z ##[group]Run mamba-org/setup-micromamba@v1
2025-01-10T11:27:32.3161330Z with:
2025-01-10T11:27:32.3161490Z   environment-file: conda-osx-arm64.lock
2025-01-10T11:27:32.3161830Z   cache-environment-key: bf0d0a4d4c847cca72476c6c68c493d56c484aada7e80de0e42c7607fcef5824
2025-01-10T11:27:32.3162300Z   cache-downloads-key: bf0d0a4d4c847cca72476c6c68c493d56c484aada7e80de0e42c7607fcef5824
2025-01-10T11:27:32.3162620Z   environment-name: tardis
2025-01-10T11:27:32.3162810Z   cache-environment: true
2025-01-10T11:27:32.3163000Z   cache-downloads: true
2025-01-10T11:27:32.3163140Z env:
2025-01-10T11:27:32.3163270Z   CACHE_NUMBER: 0
2025-01-10T11:27:32.3163740Z   PYTEST_FLAGS: --tardis-regression-data=/Users/runner/work/tardis/tardis/tardis-regression-data --cov=tardis --cov-report=xml --cov-report=html --cov-append
2025-01-10T11:27:32.3164240Z   CODECOV_TOKEN: 
2025-01-10T11:27:32.3164380Z ##[endgroup]
2025-01-10T11:27:32.5764430Z Will download micromamba to /Users/runner/micromamba-bin/micromamba
2025-01-10T11:27:32.5768230Z ##[group]Install micromamba
2025-01-10T11:27:33.2256440Z micromamba installed to /Users/runner/micromamba-bin/micromamba
2025-01-10T11:27:33.2257110Z ##[endgroup]
2025-01-10T11:27:33.2257590Z Adding conda-forge to condarc channels ...
2025-01-10T11:27:33.2264150Z ##[group]Initialize micromamba for bash.
2025-01-10T11:27:33.2273060Z [command]/Users/runner/micromamba-bin/micromamba shell init -s bash -r /Users/runner/micromamba --log-level warning --rc-file /Users/runner/work/_temp/setup-micromamba/.condarc
2025-01-10T11:27:33.2705050Z Modifying RC file "/Users/runner/.bash_profile"
2025-01-10T11:27:33.2706210Z Generating config for root prefix [1m"/Users/runner/micromamba"[0m
2025-01-10T11:27:33.2706710Z Setting mamba executable to: [1m"/Users/runner/micromamba-bin/micromamba"[0m
2025-01-10T11:27:33.2707160Z Adding (or replacing) the following in your "/Users/runner/.bash_profile" file
2025-01-10T11:27:33.2707560Z 
2025-01-10T11:27:33.2707670Z # >>> mamba initialize >>>
2025-01-10T11:27:33.2707960Z # !! Contents within this block are managed by 'mamba init' !!
2025-01-10T11:27:33.2708350Z export MAMBA_EXE='/Users/runner/micromamba-bin/micromamba';
2025-01-10T11:27:33.2710030Z export MAMBA_ROOT_PREFIX='/Users/runner/micromamba';
2025-01-10T11:27:33.2710540Z __mamba_setup="$("$MAMBA_EXE" shell hook --shell bash --root-prefix "$MAMBA_ROOT_PREFIX" 2> /dev/null)"
2025-01-10T11:27:33.2710980Z if [ $? -eq 0 ]; then
2025-01-10T11:27:33.2711190Z     eval "$__mamba_setup"
2025-01-10T11:27:33.2712050Z else
2025-01-10T11:27:33.2712340Z     alias micromamba="$MAMBA_EXE"  # Fallback on help from mamba activate
2025-01-10T11:27:33.2712660Z fi
2025-01-10T11:27:33.2712820Z unset __mamba_setup
2025-01-10T11:27:33.2713020Z # <<< mamba initialize <<<
2025-01-10T11:27:33.2713210Z 
2025-01-10T11:27:33.2713710Z ##[endgroup]
2025-01-10T11:27:33.2714250Z ##[group]Restoring downloads from `/Users/runner/micromamba/pkgs` ...
2025-01-10T11:27:34.6135050Z Received 37748736 of 310595873 (12.2%), 36.0 MBs/sec
2025-01-10T11:27:35.6133750Z Received 104857600 of 310595873 (33.8%), 49.9 MBs/sec
2025-01-10T11:27:36.6138390Z Received 163577856 of 310595873 (52.7%), 51.9 MBs/sec
2025-01-10T11:27:37.6139550Z Received 260046848 of 310595873 (83.7%), 62.0 MBs/sec
2025-01-10T11:27:38.1940950Z Cache Size: ~296 MB (310595873 B)
2025-01-10T11:27:38.2036000Z [command]/opt/homebrew/bin/gtar -xf /Users/runner/work/_temp/52cbbd5e-99d0-4004-b5ac-dbf20b116f62/cache.tzst -P -C /Users/runner/work/tardis/tardis --delay-directory-restore --use-compress-program unzstd
2025-01-10T11:27:38.6166660Z Received 310595873 of 310595873 (100.0%), 59.2 MBs/sec
2025-01-10T11:27:38.9431410Z Cache restored successfully
2025-01-10T11:27:38.9463360Z Restored cache with key `bf0d0a4d4c847cca72476c6c68c493d56c484aada7e80de0e42c7607fcef5824-osx-arm64`
2025-01-10T11:27:38.9466360Z ##[endgroup]
2025-01-10T11:27:38.9515310Z ##[group]Restoring environment `tardis` from `/Users/runner/micromamba/envs/tardis` ...
2025-01-10T11:27:40.3176310Z Received 50331648 of 385775710 (13.0%), 48.0 MBs/sec
2025-01-10T11:27:41.3182380Z Received 104857600 of 385775710 (27.2%), 50.0 MBs/sec
2025-01-10T11:27:42.3184970Z Received 167772160 of 385775710 (43.5%), 53.3 MBs/sec
2025-01-10T11:27:43.3200030Z Received 234881024 of 385775710 (60.9%), 56.0 MBs/sec
2025-01-10T11:27:44.3202760Z Received 289406976 of 385775710 (75.0%), 55.2 MBs/sec
2025-01-10T11:27:45.3209890Z Received 360710144 of 385775710 (93.5%), 57.3 MBs/sec
2025-01-10T11:27:45.6097570Z Cache Size: ~368 MB (385775710 B)
2025-01-10T11:27:45.6234260Z [command]/opt/homebrew/bin/gtar -xf /Users/runner/work/_temp/f644ce5c-7085-4123-980c-d0c20d70317b/cache.tzst -P -C /Users/runner/work/tardis/tardis --delay-directory-restore --use-compress-program unzstd
2025-01-10T11:27:46.3332120Z Received 385775710 of 385775710 (100.0%), 52.5 MBs/sec
2025-01-10T11:27:59.0131500Z Cache restored successfully
2025-01-10T11:27:59.0167760Z Restored cache with key `bf0d0a4d4c847cca72476c6c68c493d56c484aada7e80de0e42c7607fcef5824-osx-arm64-tardis-args-4f53cda-root-873f6fe-bin-[object Promise]-file-bf0d0a4d4c847cca72476c6c68c493d56c484aada7e80de0e42c7607fcef5824`
2025-01-10T11:27:59.0170850Z ##[endgroup]
2025-01-10T11:27:59.0171200Z Adding environment tardis to auto-activate bash ...
2025-01-10T11:27:59.0177290Z Generating micromamba run shell.
2025-01-10T11:27:59.0187930Z ##[endgroup]
2025-01-10T11:27:59.0194570Z Set environment variables.
2025-01-10T11:27:59.0222480Z ##[group]micromamba info
2025-01-10T11:27:59.0226480Z [command]/Users/runner/micromamba-bin/micromamba info -r /Users/runner/micromamba -n tardis
2025-01-10T11:27:59.4466600Z 
2025-01-10T11:27:59.4470910Z        libmamba version : 1.5.10
2025-01-10T11:27:59.4471290Z      micromamba version : 1.5.10
2025-01-10T11:27:59.4478140Z            curl version : libcurl/8.10.1 (OpenSSL/3.3.2) SecureTransport zlib/1.3.1 zstd/1.5.6 libssh2/1.11.0 nghttp2/1.58.0
2025-01-10T11:27:59.4490810Z      libarchive version : libarchive 3.7.4 zlib/1.2.13 bz2lib/1.0.8 libzstd/1.5.6
2025-01-10T11:27:59.4518550Z        envs directories : /Users/runner/micromamba/envs
2025-01-10T11:27:59.4523850Z           package cache : /Users/runner/micromamba/pkgs
2025-01-10T11:27:59.4524510Z                           /Users/runner/.mamba/pkgs
2025-01-10T11:27:59.4524920Z             environment : tardis
2025-01-10T11:27:59.4525280Z            env location : /Users/runner/micromamba/envs/tardis
2025-01-10T11:27:59.4525740Z       user config files : /Users/runner/.mambarc
2025-01-10T11:27:59.4529440Z  populated config files : /Users/runner/work/_temp/setup-micromamba/.condarc
2025-01-10T11:27:59.4530030Z        virtual packages : __unix=0=0
2025-01-10T11:27:59.4530270Z                           __osx=14.7.2=0
2025-01-10T11:27:59.4530570Z                           __archspec=1=arm64
2025-01-10T11:27:59.4530920Z                channels : https://conda.anaconda.org/conda-forge/osx-arm64
2025-01-10T11:27:59.4531350Z                           https://conda.anaconda.org/conda-forge/noarch
2025-01-10T11:27:59.4531720Z        base environment : /Users/runner/micromamba
2025-01-10T11:27:59.4532040Z                platform : osx-arm64
2025-01-10T11:27:59.4532580Z ##[endgroup]
2025-01-10T11:27:59.4533220Z ##[group]micromamba list
2025-01-10T11:27:59.4533800Z [command]/Users/runner/micromamba-bin/micromamba list -r /Users/runner/micromamba -n tardis
2025-01-10T11:27:59.9178350Z List of packages in environment: "/Users/runner/micromamba/envs/tardis"
2025-01-10T11:27:59.9292860Z 
2025-01-10T11:27:59.9393810Z   Name                           Version              Build                    Channel    
2025-01-10T11:27:59.9590130Z ────────────────────────────────────────────────────────────────────────────────────────────
2025-01-10T11:27:59.9691450Z   alabaster                      0.7.16               pyhd8ed1ab_0             conda-forge
2025-01-10T11:27:59.9792740Z   anyio                          4.4.0                pyhd8ed1ab_0             conda-forge
2025-01-10T11:27:59.9893940Z   appnope                        0.1.4                pyhd8ed1ab_0             conda-forge
2025-01-10T11:27:59.9995180Z   argon2-cffi                    23.1.0               pyhd8ed1ab_0             conda-forge
2025-01-10T11:28:00.0097980Z   argon2-cffi-bindings           21.2.0               py312h02f2b3b_4          conda-forge
2025-01-10T11:28:00.0193600Z   arrow                          1.3.0                pyhd8ed1ab_0             conda-forge
2025-01-10T11:28:00.0289720Z   astropy                        6.1.1                py312hbebd99a_0          conda-forge
2025-01-10T11:28:00.0395980Z   astropy-iers-data              0.2024.6.17.0.31.35  pyhd8ed1ab_0             conda-forge
2025-01-10T11:28:00.0501900Z   astropy-sphinx-theme           1.1                  pyhd8ed1ab_0             conda-forge
2025-01-10T11:28:00.0597690Z   asttokens                      2.4.1                pyhd8ed1ab_0             conda-forge
2025-01-10T11:28:00.0608530Z   async-lru                      2.0.4                pyhd8ed1ab_0             conda-forge
2025-01-10T11:28:00.0609230Z   atk-1.0                        2.38.0               hd03087b_2               conda-forge
2025-01-10T11:28:00.0610560Z   attrs                          23.2.0               pyh71513ae_0             conda-forge
2025-01-10T11:28:00.0612250Z   babel                          2.14.0               pyhd8ed1ab_0             conda-forge
2025-01-10T11:28:00.0613120Z   beautifulsoup4                 4.12.3               pyha770c72_0             conda-forge
2025-01-10T11:28:00.0613860Z   bleach                         6.1.0                pyhd8ed1ab_0             conda-forge
2025-01-10T11:28:00.0614980Z   blosc                          1.21.5               h9c252e8_1               conda-forge
2025-01-10T11:28:00.0615600Z   brotli                         1.1.0                hb547adb_1               conda-forge
2025-01-10T11:28:00.0616010Z   brotli-bin                     1.1.0                hb547adb_1               conda-forge
2025-01-10T11:28:00.0616470Z   brotli-python                  1.1.0                py312h9f69965_1          conda-forge
2025-01-10T11:28:00.0616890Z   bzip2                          1.0.8                h93a5062_5               conda-forge
2025-01-10T11:28:00.0617280Z   c-ares                         1.28.1               h93a5062_0               conda-forge
2025-01-10T11:28:00.0617650Z   c-blosc2                       2.14.4               ha57e6be_1               conda-forge
2025-01-10T11:28:00.0618030Z   ca-certificates                2024.6.2             hf0a4a13_0               conda-forge
2025-01-10T11:28:00.0618770Z   cached-property                1.5.2                hd8ed1ab_1               conda-forge
2025-01-10T11:28:00.0619260Z   cached_property                1.5.2                pyha770c72_1             conda-forge
2025-01-10T11:28:00.0619610Z   cairo                          1.18.0               hd1e100b_0               conda-forge
2025-01-10T11:28:00.0620020Z   certifi                        2024.6.2             pyhd8ed1ab_0             conda-forge
2025-01-10T11:28:00.0620370Z   cffi                           1.16.0               py312h8e38eb3_0          conda-forge
2025-01-10T11:28:00.0620820Z   charset-normalizer             3.3.2                pyhd8ed1ab_0             conda-forge
2025-01-10T11:28:00.0621210Z   click                          8.1.7                unix_pyh707e725_0        conda-forge
2025-01-10T11:28:00.0621610Z   codespell                      2.3.0                pyhd8ed1ab_0             conda-forge
2025-01-10T11:28:00.0622180Z   colorama                       0.4.6                pyhd8ed1ab_0             conda-forge
2025-01-10T11:28:00.0622570Z   comm                           0.2.2                pyhd8ed1ab_0             conda-forge
2025-01-10T11:28:00.0622910Z   commonmark                     0.9.1                py_0                     conda-forge
2025-01-10T11:28:00.0623380Z   contourpy                      1.2.1                py312h0fef576_0          conda-forge
2025-01-10T11:28:00.0623800Z   coverage                       7.5.3                py312h7e5086c_0          conda-forge
2025-01-10T11:28:00.0624140Z   cycler                         0.12.1               pyhd8ed1ab_0             conda-forge
2025-01-10T11:28:00.0624550Z   dataclasses                    0.8                  pyhc8e2a94_3             conda-forge
2025-01-10T11:28:00.0624900Z   debugpy                        1.8.1                py312h20a0b95_0          conda-forge
2025-01-10T11:28:00.0625400Z   decorator                      5.1.1                pyhd8ed1ab_0             conda-forge
2025-01-10T11:28:00.0625770Z   defusedxml                     0.7.1                pyhd8ed1ab_0             conda-forge
2025-01-10T11:28:00.0626200Z   docutils                       0.20.1               py312h81bd7bf_3          conda-forge
2025-01-10T11:28:00.0626550Z   dot2tex                        2.11.3               pyhd8ed1ab_0             conda-forge
2025-01-10T11:28:00.0626980Z   entrypoints                    0.4                  pyhd8ed1ab_0             conda-forge
2025-01-10T11:28:00.0627360Z   exceptiongroup                 1.2.0                pyhd8ed1ab_2             conda-forge
2025-01-10T11:28:00.0627800Z   executing                      2.0.1                pyhd8ed1ab_0             conda-forge
2025-01-10T11:28:00.0628120Z   expat                          2.6.2                hebf3989_0               conda-forge
2025-01-10T11:28:00.0628580Z   font-ttf-dejavu-sans-mono      2.37                 hab24e00_0               conda-forge
2025-01-10T11:28:00.0629290Z   font-ttf-inconsolata           3.000                h77eed37_0               conda-forge
2025-01-10T11:28:00.0629690Z   font-ttf-source-code-pro       2.038                h77eed37_0               conda-forge
2025-01-10T11:28:00.0630110Z   font-ttf-ubuntu                0.83                 h77eed37_2               conda-forge
2025-01-10T11:28:00.0630890Z   fontconfig                     2.14.2               h82840c6_0               conda-forge
2025-01-10T11:28:00.0631310Z   fonts-conda-ecosystem          1                    0                        conda-forge
2025-01-10T11:28:00.0631870Z   fonts-conda-forge              1                    0                        conda-forge
2025-01-10T11:28:00.0632290Z   fonttools                      4.53.0               py312h7e5086c_0          conda-forge
2025-01-10T11:28:00.0632620Z   fqdn                           1.5.1                pyhd8ed1ab_0             conda-forge
2025-01-10T11:28:00.0636910Z   freetype                       2.12.1               hadb7bae_2               conda-forge
2025-01-10T11:28:00.0638290Z   fribidi                        1.0.10               h27ca646_0               conda-forge
2025-01-10T11:28:00.0638710Z   future                         1.0.0                pyhd8ed1ab_0             conda-forge
2025-01-10T11:28:00.0640520Z   gdk-pixbuf                     2.42.12              h7ddc832_0               conda-forge
2025-01-10T11:28:00.0640990Z   gettext                        0.22.5               h8fbad5d_2               conda-forge
2025-01-10T11:28:00.0642030Z   gettext-tools                  0.22.5               h8fbad5d_2               conda-forge
2025-01-10T11:28:00.0643700Z   giflib                         5.2.2                h93a5062_0               conda-forge
2025-01-10T11:28:00.0647520Z   git-lfs                        3.5.1                hce30654_0               conda-forge
2025-01-10T11:28:00.0648820Z   gmp                            6.3.0                hebf3989_1               conda-forge
2025-01-10T11:28:00.0649800Z   gmpy2                          2.1.5                py312hfa9fade_1          conda-forge
2025-01-10T11:28:00.0650180Z   graphite2                      1.3.13               hebf3989_1003            conda-forge
2025-01-10T11:28:00.0651010Z   graphviz                       11.0.0               h9bb9bc9_0               conda-forge
2025-01-10T11:28:00.0652530Z   gtk2                           2.24.33              h7895bb2_4               conda-forge
2025-01-10T11:28:00.0652920Z   gts                            0.7.6                he42f4ea_4               conda-forge
2025-01-10T11:28:00.0653240Z   h11                            0.14.0               pyhd8ed1ab_0             conda-forge
2025-01-10T11:28:00.0654610Z   h2                             4.1.0                pyhd8ed1ab_0             conda-forge
2025-01-10T11:28:00.0655520Z   h5py                           3.11.0               nompi_py312h903599c_102  conda-forge
2025-01-10T11:28:00.0656260Z   harfbuzz                       8.5.0                h1836168_0               conda-forge
2025-01-10T11:28:00.0656910Z   hdf5                           1.14.3               nompi_hec07895_105       conda-forge
2025-01-10T11:28:00.0657690Z   hpack                          4.0.0                pyh9f0ad1d_0             conda-forge
2025-01-10T11:28:00.0659920Z   httpcore                       1.0.5                pyhd8ed1ab_0             conda-forge
2025-01-10T11:28:00.0661220Z   httpx                          0.27.0               pyhd8ed1ab_0             conda-forge
2025-01-10T11:28:00.0663290Z   hyperframe                     6.0.1                pyhd8ed1ab_0             conda-forge
2025-01-10T11:28:00.0664080Z   icu                            73.2                 hc8870d7_0               conda-forge
2025-01-10T11:28:00.0664440Z   idna                           3.7                  pyhd8ed1ab_0             conda-forge
2025-01-10T11:28:00.0665120Z   imagesize                      1.4.1                pyhd8ed1ab_0             conda-forge
2025-01-10T11:28:00.0665570Z   importlib-metadata             7.1.0                pyha770c72_0             conda-forge
2025-01-10T11:28:00.0666020Z   importlib_metadata             7.1.0                hd8ed1ab_0               conda-forge
2025-01-10T11:28:00.0666470Z   importlib_resources            6.4.0                pyhd8ed1ab_0             conda-forge
2025-01-10T11:28:00.0666860Z   iniconfig                      2.0.0                pyhd8ed1ab_0             conda-forge
2025-01-10T11:28:00.0667290Z   ipykernel                      6.29.4               pyh57ce528_0             conda-forge
2025-01-10T11:28:00.0667670Z   ipython                        8.25.0               pyh707e725_0             conda-forge
2025-01-10T11:28:00.0668100Z   ipython_genutils               0.2.0                pyhd8ed1ab_1             conda-forge
2025-01-10T11:28:00.0668510Z   ipywidgets                     7.8.0                pyhd8ed1ab_0             conda-forge
2025-01-10T11:28:00.0669440Z   isoduration                    20.11.0              pyhd8ed1ab_0             conda-forge
2025-01-10T11:28:00.0672370Z   jedi                           0.19.1               pyhd8ed1ab_0             conda-forge
2025-01-10T11:28:00.0673040Z   jinja2                         3.1.4                pyhd8ed1ab_0             conda-forge
2025-01-10T11:28:00.0674770Z   json5                          0.9.25               pyhd8ed1ab_0             conda-forge
2025-01-10T11:28:00.0676050Z   jsonpointer                    3.0.0                py312h81bd7bf_0          conda-forge
2025-01-10T11:28:00.0676490Z   jsonschema                     4.22.0               pyhd8ed1ab_0             conda-forge
2025-01-10T11:28:00.0677110Z   jsonschema-specifications      2023.12.1            pyhd8ed1ab_0             conda-forge
2025-01-10T11:28:00.0677570Z   jsonschema-with-format-nongpl  4.22.0               pyhd8ed1ab_0             conda-forge
2025-01-10T11:28:00.0679070Z   jupyter-lsp                    2.2.5                pyhd8ed1ab_0             conda-forge
2025-01-10T11:28:00.0680960Z   jupyter_client                 8.6.2                pyhd8ed1ab_0             conda-forge
2025-01-10T11:28:00.0681910Z   jupyter_core                   5.7.2                py312h81bd7bf_0          conda-forge
2025-01-10T11:28:00.0682940Z   jupyter_events                 0.10.0               pyhd8ed1ab_0             conda-forge
2025-01-10T11:28:00.0683850Z   jupyter_server                 2.14.1               pyhd8ed1ab_0             conda-forge
2025-01-10T11:28:00.0684890Z   jupyter_server_terminals       0.5.3                pyhd8ed1ab_0             conda-forge
2025-01-10T11:28:00.0686720Z   jupyterlab                     4.2.2                pyhd8ed1ab_0             conda-forge
2025-01-10T11:28:00.0687180Z   jupyterlab_pygments            0.3.0                pyhd8ed1ab_1             conda-forge
2025-01-10T11:28:00.0687580Z   jupyterlab_server              2.27.2               pyhd8ed1ab_0             conda-forge
2025-01-10T11:28:00.0688010Z   jupyterlab_widgets             1.1.7                pyhd8ed1ab_0             conda-forge
2025-01-10T11:28:00.0688660Z   kiwisolver                     1.4.5                py312h389731b_1          conda-forge
2025-01-10T11:28:00.0689070Z   krb5                           1.21.2               h92f50d5_0               conda-forge
2025-01-10T11:28:00.0689410Z   latexcodec                     2.0.1                pyh9f0ad1d_0             conda-forge
2025-01-10T11:28:00.0690470Z   lcms2                          2.16                 ha0e7c42_0               conda-forge
2025-01-10T11:28:00.0690870Z   lerc                           4.0.0                h9a09cb3_0               conda-forge
2025-01-10T11:28:00.0691190Z   libaec                         1.1.3                hebf3989_0               conda-forge
2025-01-10T11:28:00.0691570Z   libasprintf                    0.22.5               h8fbad5d_2               conda-forge
2025-01-10T11:28:00.0691960Z   libasprintf-devel              0.22.5               h8fbad5d_2               conda-forge
2025-01-10T11:28:00.0692380Z   libblas                        3.9.0                22_osxarm64_openblas     conda-forge
2025-01-10T11:28:00.0692740Z   libbrotlicommon                1.1.0                hb547adb_1               conda-forge
2025-01-10T11:28:00.0693160Z   libbrotlidec                   1.1.0                hb547adb_1               conda-forge
2025-01-10T11:28:00.0693520Z   libbrotlienc                   1.1.0                hb547adb_1               conda-forge
2025-01-10T11:28:00.0693940Z   libcblas                       3.9.0                22_osxarm64_openblas     conda-forge
2025-01-10T11:28:00.0694750Z   libcurl                        8.8.0                h7b6f9a7_0               conda-forge
2025-01-10T11:28:00.0695830Z   libcxx                         17.0.6               h5f092b4_0               conda-forge
2025-01-10T11:28:00.0696410Z   libdeflate                     1.20                 h93a5062_0               conda-forge
2025-01-10T11:28:00.0697870Z   libedit                        3.1.20191231         hc8eb9b7_2               conda-forge
2025-01-10T11:28:00.0725340Z   libev                          4.33                 h93a5062_2               conda-forge
2025-01-10T11:28:00.0726710Z   libexpat                       2.6.2                hebf3989_0               conda-forge
2025-01-10T11:28:00.0729620Z   libffi                         3.4.2                h3422bc3_5               conda-forge
2025-01-10T11:28:00.0729980Z   libgd                          2.3.3                hfdf3952_9               conda-forge
2025-01-10T11:28:00.0730320Z   libgettextpo                   0.22.5               h8fbad5d_2               conda-forge
2025-01-10T11:28:00.0730740Z   libgettextpo-devel             0.22.5               h8fbad5d_2               conda-forge
2025-01-10T11:28:00.0731050Z   libgfortran                    5.0.0                13_2_0_hd922786_3        conda-forge
2025-01-10T11:28:00.0731350Z   libgfortran5                   13.2.0               hf226fd6_3               conda-forge
2025-01-10T11:28:00.0731970Z   libglib                        2.80.2               h59d46d9_1               conda-forge
2025-01-10T11:28:00.0732270Z   libiconv                       1.17                 h0d3ecfb_2               conda-forge
2025-01-10T11:28:00.0732610Z   libintl                        0.22.5               h8fbad5d_2               conda-forge
2025-01-10T11:28:00.0733000Z   libintl-devel                  0.22.5               h8fbad5d_2               conda-forge
2025-01-10T11:28:00.0733380Z   libjpeg-turbo                  3.0.0                hb547adb_1               conda-forge
2025-01-10T11:28:00.0733860Z   liblapack                      3.9.0                22_osxarm64_openblas     conda-forge
2025-01-10T11:28:00.0734200Z   libllvm14                      14.0.6               hd1a9a77_4               conda-forge
2025-01-10T11:28:00.0734620Z   libnghttp2                     1.58.0               ha4dd798_1               conda-forge
2025-01-10T11:28:00.0734970Z   libopenblas                    0.3.27               openmp_h6c19121_0        conda-forge
2025-01-10T11:28:00.0735380Z   libpng                         1.6.43               h091b4b1_0               conda-forge
2025-01-10T11:28:00.0735780Z   librsvg                        2.58.1               hbc281fb_0               conda-forge
2025-01-10T11:28:00.0736110Z   libsodium                      1.0.18               h27ca646_1               conda-forge
2025-01-10T11:28:00.0736500Z   libsqlite                      3.46.0               hfb93653_0               conda-forge
2025-01-10T11:28:00.0736840Z   libssh2                        1.11.0               h7a5bd25_0               conda-forge
2025-01-10T11:28:00.0737120Z   libtiff                        4.6.0                h07db509_3               conda-forge
2025-01-10T11:28:00.0737390Z   libwebp                        1.4.0                h54798ee_0               conda-forge
2025-01-10T11:28:00.0737740Z   libwebp-base                   1.4.0                h93a5062_0               conda-forge
2025-01-10T11:28:00.0738060Z   libxcb                         1.16                 hf2054a2_0               conda-forge
2025-01-10T11:28:00.0738360Z   libxml2                        2.12.7               ha661575_1               conda-forge
2025-01-10T11:28:00.0738640Z   libxslt                        1.1.39               h223e5b9_0               conda-forge
2025-01-10T11:28:00.0738920Z   libzlib                        1.3.1                hfb2fe0b_1               conda-forge
2025-01-10T11:28:00.0739210Z   llvm-openmp                    18.1.7               hde57baf_0               conda-forge
2025-01-10T11:28:00.0739560Z   llvmlite                       0.42.0               py312h17030e7_1          conda-forge
2025-01-10T11:28:00.0739920Z   lxml                           5.2.2                py312h0e5ab22_0          conda-forge
2025-01-10T11:28:00.0740240Z   lz4-c                          1.9.4                hb7217d7_0               conda-forge
2025-01-10T11:28:00.0740660Z   markupsafe                     2.1.5                py312he37b823_0          conda-forge
2025-01-10T11:28:00.0741320Z   matplotlib-base                3.8.4                py312h4479663_2          conda-forge
2025-01-10T11:28:00.0741670Z   matplotlib-inline              0.1.7                pyhd8ed1ab_0             conda-forge
2025-01-10T11:28:00.0741970Z   mistune                        3.0.2                pyhd8ed1ab_0             conda-forge
2025-01-10T11:28:00.0742320Z   mpc                            1.3.1                h91ba8db_0               conda-forge
2025-01-10T11:28:00.0742580Z   mpfr                           4.2.1                h41d338b_1               conda-forge
2025-01-10T11:28:00.0742850Z   mpmath                         1.3.0                pyhd8ed1ab_0             conda-forge
2025-01-10T11:28:00.0743140Z   munkres                        1.1.4                pyh9f0ad1d_0             conda-forge
2025-01-10T11:28:00.0743440Z   mypy_extensions                1.0.0                pyha770c72_0             conda-forge
2025-01-10T11:28:00.0743800Z   nbclassic                      1.1.0                pyhd8ed1ab_0             conda-forge
2025-01-10T11:28:00.0744310Z   nbclient                       0.10.0               pyhd8ed1ab_0             conda-forge
2025-01-10T11:28:00.0744730Z   nbconvert                      7.16.4               hd8ed1ab_1               conda-forge
2025-01-10T11:28:00.0745110Z   nbconvert-core                 7.16.4               pyhd8ed1ab_1             conda-forge
2025-01-10T11:28:00.0745570Z   nbconvert-pandoc               7.16.4               hd8ed1ab_1               conda-forge
2025-01-10T11:28:00.0745940Z   nbformat                       5.10.4               pyhd8ed1ab_0             conda-forge
2025-01-10T11:28:00.0746350Z   nbsphinx                       0.9.4                pyhd8ed1ab_0             conda-forge
2025-01-10T11:28:00.0746990Z   ncurses                        6.5                  hb89a1cb_0               conda-forge
2025-01-10T11:28:00.0747580Z   nest-asyncio                   1.6.0                pyhd8ed1ab_0             conda-forge
2025-01-10T11:28:00.0747900Z   networkx                       3.3                  pyhd8ed1ab_1             conda-forge
2025-01-10T11:28:00.0748240Z   notebook                       7.2.1                pyhd8ed1ab_0             conda-forge
2025-01-10T11:28:00.0748540Z   notebook-shim                  0.2.4                pyhd8ed1ab_0             conda-forge
2025-01-10T11:28:00.0748830Z   numba                          0.59.1               py312hbaff935_0          conda-forge
2025-01-10T11:28:00.0749120Z   numexpr                        2.10.0               py312h8ae5369_0          conda-forge
2025-01-10T11:28:00.0749440Z   numpy                          1.26.4               py312h8442bc7_0          conda-forge
2025-01-10T11:28:00.0749760Z   numpydoc                       1.7.0                pyhd8ed1ab_1             conda-forge
2025-01-10T11:28:00.0750100Z   openjpeg                       2.5.2                h9f1df11_0               conda-forge
2025-01-10T11:28:00.0750430Z   openssl                        3.3.1                hfb2fe0b_0               conda-forge
2025-01-10T11:28:00.0750730Z   overrides                      7.7.0                pyhd8ed1ab_0             conda-forge
2025-01-10T11:28:00.0751020Z   packaging                      24.1                 pyhd8ed1ab_0             conda-forge
2025-01-10T11:28:00.0751300Z   pandas                         2.2.2                py312h8ae5369_1          conda-forge
2025-01-10T11:28:00.0751580Z   pandoc                         3.2                  hce30654_0               conda-forge
2025-01-10T11:28:00.0751910Z   pandocfilters                  1.5.0                pyhd8ed1ab_0             conda-forge
2025-01-10T11:28:00.0752210Z   pango                          1.54.0               h5cb9fbc_0               conda-forge
2025-01-10T11:28:00.0752480Z   parso                          0.8.4                pyhd8ed1ab_0             conda-forge
2025-01-10T11:28:00.0752770Z   pathspec                       0.12.1               pyhd8ed1ab_0             conda-forge
2025-01-10T11:28:00.0753260Z   pbr                            6.0.0                pyhd8ed1ab_0             conda-forge
2025-01-10T11:28:00.0753540Z   pcre2                          10.44                h297a79d_0               conda-forge
2025-01-10T11:28:00.0753810Z   pexpect                        4.9.0                pyhd8ed1ab_0             conda-forge
2025-01-10T11:28:00.0754110Z   pickleshare                    0.7.5                py_1003                  conda-forge
2025-01-10T11:28:00.0754390Z   pillow                         10.3.0               py312h39b1d8d_1          conda-forge
2025-01-10T11:28:00.0754670Z   pip                            24.0                 pyhd8ed1ab_0             conda-forge
2025-01-10T11:28:00.0754930Z   pixman                         0.43.4               hebf3989_0               conda-forge
2025-01-10T11:28:00.0755240Z   pkgutil-resolve-name           1.3.10               pyhd8ed1ab_1             conda-forge
2025-01-10T11:28:00.0755570Z   platformdirs                   4.2.2                pyhd8ed1ab_0             conda-forge
2025-01-10T11:28:00.0756200Z   plotly                         5.22.0               pyhd8ed1ab_0             conda-forge
2025-01-10T11:28:00.0756610Z   pluggy                         1.5.0                pyhd8ed1ab_0             conda-forge
2025-01-10T11:28:00.0756910Z   prometheus_client              0.20.0               pyhd8ed1ab_0             conda-forge
2025-01-10T11:28:00.0757230Z   prompt-toolkit                 3.0.47               pyha770c72_0             conda-forge
2025-01-10T11:28:00.0757530Z   psutil                         5.9.8                py312he37b823_0          conda-forge
2025-01-10T11:28:00.0757820Z   pthread-stubs                  0.4                  h27ca646_1001            conda-forge
2025-01-10T11:28:00.0758120Z   ptyprocess                     0.7.0                pyhd3deb0d_0             conda-forge
2025-01-10T11:28:00.0758410Z   pure_eval                      0.2.2                pyhd8ed1ab_0             conda-forge
2025-01-10T11:28:00.0758700Z   py-cpuinfo                     9.0.0                pyhd8ed1ab_0             conda-forge
2025-01-10T11:28:00.0759000Z   pybtex                         0.24.0               pyhd8ed1ab_2             conda-forge
2025-01-10T11:28:00.0759300Z   pybtex-docutils                1.0.3                py312h81bd7bf_1          conda-forge
2025-01-10T11:28:00.0759610Z   pycparser                      2.22                 pyhd8ed1ab_0             conda-forge
2025-01-10T11:28:00.0759900Z   pyerfa                         2.0.1.4              py312hbebd99a_1          conda-forge
2025-01-10T11:28:00.0760180Z   pygments                       2.18.0               pyhd8ed1ab_0             conda-forge
2025-01-10T11:28:00.0760480Z   pygraphviz                     1.13                 py312h5f4d302_1          conda-forge
2025-01-10T11:28:00.0760780Z   pyobjc-core                    10.3.1               py312hbb55c70_0          conda-forge
2025-01-10T11:28:00.0761110Z   pyobjc-framework-cocoa         10.3.1               py312hbb55c70_0          conda-forge
2025-01-10T11:28:00.0761440Z   pyparsing                      3.1.2                pyhd8ed1ab_0             conda-forge
2025-01-10T11:28:00.0761730Z   pysocks                        1.7.1                pyha2e5f31_6             conda-forge
2025-01-10T11:28:00.0762020Z   pytables                       3.9.2                py312hb622ae1_2          conda-forge
2025-01-10T11:28:00.0762300Z   pytest                         8.2.2                pyhd8ed1ab_0             conda-forge
2025-01-10T11:28:00.0762580Z   pytest-cov                     5.0.0                pyhd8ed1ab_0             conda-forge
2025-01-10T11:28:00.0762900Z   pytest-doctestplus             1.2.1                pyhd8ed1ab_0             conda-forge
2025-01-10T11:28:00.0763220Z   pytest-html                    4.1.1                pyhd8ed1ab_0             conda-forge
2025-01-10T11:28:00.0763530Z   pytest-metadata                3.1.1                pyhd8ed1ab_0             conda-forge
2025-01-10T11:28:00.0763830Z   python                         3.12.4               h30c5eda_0_cpython       conda-forge
2025-01-10T11:28:00.0764400Z   python-dateutil                2.9.0                pyhd8ed1ab_0             conda-forge
2025-01-10T11:28:00.0764770Z   python-fastjsonschema          2.20.0               pyhd8ed1ab_0             conda-forge
2025-01-10T11:28:00.0765150Z   python-json-logger             2.0.7                pyhd8ed1ab_0             conda-forge
2025-01-10T11:28:00.0765480Z   python-tzdata                  2024.1               pyhd8ed1ab_0             conda-forge
2025-01-10T11:28:00.0765780Z   python_abi                     3.12                 4_cp312                  conda-forge
2025-01-10T11:28:00.0766070Z   pytz                           2024.1               pyhd8ed1ab_0             conda-forge
2025-01-10T11:28:00.0766340Z   pyyaml                         6.0.1                py312h02f2b3b_1          conda-forge
2025-01-10T11:28:00.0766610Z   pyzmq                          26.0.3               py312hfa13136_0          conda-forge
2025-01-10T11:28:00.0767020Z   qgrid                          1.3.1                pyhd8ed1ab_4             conda-forge
2025-01-10T11:28:00.0767320Z   radioactivedecay               0.5.1                pyhd8ed1ab_0             conda-forge
2025-01-10T11:28:00.0767630Z   readline                       8.2                  h92ec313_1               conda-forge
2025-01-10T11:28:00.0767930Z   recommonmark                   0.7.1                pyhd8ed1ab_0             conda-forge
2025-01-10T11:28:00.0768240Z   referencing                    0.35.1               pyhd8ed1ab_0             conda-forge
2025-01-10T11:28:00.0768540Z   requests                       2.32.3               pyhd8ed1ab_0             conda-forge
2025-01-10T11:28:00.0768840Z   rfc3339-validator              0.1.4                pyhd8ed1ab_0             conda-forge
2025-01-10T11:28:00.0769170Z   rfc3986-validator              0.1.1                pyh9f0ad1d_0             conda-forge
2025-01-10T11:28:00.0769730Z   rpds-py                        0.18.1               py312h552d48e_0          conda-forge
2025-01-10T11:28:00.0770080Z   ruff                           0.4.9                py312h3402d49_0          conda-forge
2025-01-10T11:28:00.0770360Z   scipy                          1.13.1               py312h14ffa8f_0          conda-forge
2025-01-10T11:28:00.0771010Z   send2trash                     1.8.3                pyh31c8845_0             conda-forge
2025-01-10T11:28:00.0771560Z   setuptools                     70.0.0               pyhd8ed1ab_0             conda-forge
2025-01-10T11:28:00.0771900Z   setuptools-scm                 8.1.0                pyhd8ed1ab_0             conda-forge
2025-01-10T11:28:00.0772210Z   setuptools_scm                 8.1.0                hd8ed1ab_0               conda-forge
2025-01-10T11:28:00.0772510Z   six                            1.16.0               pyh6c4a22f_0             conda-forge
2025-01-10T11:28:00.0772790Z   snakeviz                       2.2.0                pyhd8ed1ab_0             conda-forge
2025-01-10T11:28:00.0773090Z   snappy                         1.2.0                hd04f947_1               conda-forge
2025-01-10T11:28:00.0773380Z   sniffio                        1.3.1                pyhd8ed1ab_0             conda-forge
2025-01-10T11:28:00.0773700Z   snowballstemmer                2.2.0                pyhd8ed1ab_0             conda-forge
2025-01-10T11:28:00.0774020Z   soupsieve                      2.5                  pyhd8ed1ab_1             conda-forge
2025-01-10T11:28:00.0775300Z   sphinx                         7.3.7                pyhd8ed1ab_0             conda-forge
2025-01-10T11:28:00.0775610Z   sphinx-astropy                 1.9.1                pyhd8ed1ab_0             conda-forge
2025-01-10T11:28:00.0775940Z   sphinx-automodapi              0.17.0               pyh717bed2_1             conda-forge
2025-01-10T11:28:00.0776270Z   sphinx-gallery                 0.16.0               pyhd8ed1ab_0             conda-forge
2025-01-10T11:28:00.0776610Z   sphinx-jsonschema              1.19.1               pyhd8ed1ab_0             conda-forge
2025-01-10T11:28:00.0777280Z   sphinx_bootstrap_theme         0.8.1                pyhd8ed1ab_0             conda-forge
2025-01-10T11:28:00.0777620Z   sphinx_rtd_theme               2.0.0                pyha770c72_0             conda-forge
2025-01-10T11:28:00.0777960Z   sphinxcontrib-apidoc           0.3.0                py_1                     conda-forge
2025-01-10T11:28:00.0778320Z   sphinxcontrib-applehelp        1.0.8                pyhd8ed1ab_0             conda-forge
2025-01-10T11:28:00.0778670Z   sphinxcontrib-bibtex           2.6.2                pyhd8ed1ab_0             conda-forge
2025-01-10T11:28:00.0779040Z   sphinxcontrib-devhelp          1.0.6                pyhd8ed1ab_0             conda-forge
2025-01-10T11:28:00.0779400Z   sphinxcontrib-htmlhelp         2.0.5                pyhd8ed1ab_0             conda-forge
2025-01-10T11:28:00.0779750Z   sphinxcontrib-jquery           4.1                  pyhd8ed1ab_0             conda-forge
2025-01-10T11:28:00.0780320Z   sphinxcontrib-jsmath           1.0.1                pyhd8ed1ab_0             conda-forge
2025-01-10T11:28:00.0780680Z   sphinxcontrib-qthelp           1.0.7                pyhd8ed1ab_0             conda-forge
2025-01-10T11:28:00.0781050Z   sphinxcontrib-serializinghtml  1.1.10               pyhd8ed1ab_0             conda-forge
2025-01-10T11:28:00.0781420Z   stack_data                     0.6.2                pyhd8ed1ab_0             conda-forge
2025-01-10T11:28:00.0781700Z   sympy                          1.12.1               pypyh2585a3b_103         conda-forge
2025-01-10T11:28:00.0782000Z   tabulate                       0.9.0                pyhd8ed1ab_1             conda-forge
2025-01-10T11:28:00.0782310Z   tenacity                       8.4.1                pyhd8ed1ab_0             conda-forge
2025-01-10T11:28:00.0782630Z   terminado                      0.18.1               pyh31c8845_0             conda-forge
2025-01-10T11:28:00.0782950Z   tinycss2                       1.3.0                pyhd8ed1ab_0             conda-forge
2025-01-10T11:28:00.0783270Z   tk                             8.6.13               h5083fa2_1               conda-forge
2025-01-10T11:28:00.0783550Z   toml                           0.10.2               pyhd8ed1ab_0             conda-forge
2025-01-10T11:28:00.0783830Z   tomli                          2.0.1                pyhd8ed1ab_0             conda-forge
2025-01-10T11:28:00.0784140Z   tornado                        6.4.1                py312h7e5086c_0          conda-forge
2025-01-10T11:28:00.0784420Z   tqdm                           4.66.4               pyhd8ed1ab_0             conda-forge
2025-01-10T11:28:00.0784700Z   traitlets                      5.14.3               pyhd8ed1ab_0             conda-forge
2025-01-10T11:28:00.0784990Z   typed-ast                      1.5.5                py312h02f2b3b_1          conda-forge
2025-01-10T11:28:00.0785320Z   types-python-dateutil          2.9.0.20240316       pyhd8ed1ab_0             conda-forge
2025-01-10T11:28:00.0785690Z   typing-extensions              4.12.2               hd8ed1ab_0               conda-forge
2025-01-10T11:28:00.0786020Z   typing_extensions              4.12.2               pyha770c72_0             conda-forge
2025-01-10T11:28:00.0786340Z   typing_utils                   0.1.0                pyhd8ed1ab_0             conda-forge
2025-01-10T11:28:00.0786680Z   tzdata                         2024a                h0c530f3_0               conda-forge
2025-01-10T11:28:00.0787010Z   uri-template                   1.3.0                pyhd8ed1ab_0             conda-forge
2025-01-10T11:28:00.0787330Z   urllib3                        2.2.2                pyhd8ed1ab_0             conda-forge
2025-01-10T11:28:00.0788180Z   wcwidth                        0.2.13               pyhd8ed1ab_0             conda-forge
2025-01-10T11:28:00.0789180Z   webcolors                      24.6.0               pyhd8ed1ab_0             conda-forge
2025-01-10T11:28:00.0789510Z   webencodings                   0.5.1                pyhd8ed1ab_2             conda-forge
2025-01-10T11:28:00.0790140Z   websocket-client               1.8.0                pyhd8ed1ab_0             conda-forge
2025-01-10T11:28:00.0790490Z   wheel                          0.43.0               pyhd8ed1ab_1             conda-forge
2025-01-10T11:28:00.0790800Z   widgetsnbextension             3.6.6                pyhd8ed1ab_0             conda-forge
2025-01-10T11:28:00.0791120Z   xorg-libxau                    1.0.11               hb547adb_0               conda-forge
2025-01-10T11:28:00.0791430Z   xorg-libxdmcp                  1.1.3                h27ca646_0               conda-forge
2025-01-10T11:28:00.0791710Z   xz                             5.2.6                h57fd34a_0               conda-forge
2025-01-10T11:28:00.0791960Z   yaml                           0.2.5                h3422bc3_2               conda-forge
2025-01-10T11:28:00.0792240Z   zeromq                         4.3.5                hcc0f68c_4               conda-forge
2025-01-10T11:28:00.0792730Z   zipp                           3.19.2               pyhd8ed1ab_0             conda-forge
2025-01-10T11:28:00.0793190Z   zlib                           1.3.1                hfb2fe0b_1               conda-forge
2025-01-10T11:28:00.0793460Z   zlib-ng                        2.0.7                h1a8c8d9_0               conda-forge
2025-01-10T11:28:00.0793740Z   zstd                           1.5.6                hb46c0d2_0               conda-forge
2025-01-10T11:28:00.0794260Z ##[endgroup]
2025-01-10T11:28:00.0866970Z ##[group]Run pip install -e . --user
2025-01-10T11:28:00.0867250Z [36;1mpip install -e . --user[0m
2025-01-10T11:28:00.3060690Z shell: /bin/bash -l {0}
2025-01-10T11:28:00.3060960Z env:
2025-01-10T11:28:00.3061100Z   CACHE_NUMBER: 0
2025-01-10T11:28:00.3061960Z   PYTEST_FLAGS: --tardis-regression-data=/Users/runner/work/tardis/tardis/tardis-regression-data --cov=tardis --cov-report=xml --cov-report=html --cov-append
2025-01-10T11:28:00.3062540Z   CODECOV_TOKEN: 
2025-01-10T11:28:00.3062710Z   MAMBA_ROOT_PREFIX: /Users/runner/micromamba
2025-01-10T11:28:00.3063310Z   MAMBA_EXE: /Users/runner/micromamba-bin/micromamba
2025-01-10T11:28:00.3063610Z   CONDARC: /Users/runner/work/_temp/setup-micromamba/.condarc
2025-01-10T11:28:00.3063860Z ##[endgroup]
2025-01-10T11:28:01.5497770Z Obtaining file:///Users/runner/work/tardis/tardis
2025-01-10T11:28:01.5525980Z   Installing build dependencies: started
2025-01-10T11:28:04.1939630Z   Installing build dependencies: finished with status 'done'
2025-01-10T11:28:04.2034720Z   Checking if build backend supports build_editable: started
2025-01-10T11:28:04.3181970Z   Checking if build backend supports build_editable: finished with status 'done'
2025-01-10T11:28:04.3193960Z   Getting requirements to build editable: started
2025-01-10T11:28:04.7326590Z   Getting requirements to build editable: finished with status 'done'
2025-01-10T11:28:04.7336660Z   Preparing editable metadata (pyproject.toml): started
2025-01-10T11:28:05.1267760Z   Preparing editable metadata (pyproject.toml): finished with status 'done'
2025-01-10T11:28:05.1682560Z Requirement already satisfied: astropy in /Users/runner/micromamba/envs/tardis/lib/python3.12/site-packages (from tardis==0.0.0) (6.1.1)
2025-01-10T11:28:05.1946130Z Requirement already satisfied: numpy>=1.23 in /Users/runner/micromamba/envs/tardis/lib/python3.12/site-packages (from astropy->tardis==0.0.0) (1.26.4)
2025-01-10T11:28:05.1952950Z Requirement already satisfied: pyerfa>=2.0.1.1 in /Users/runner/micromamba/envs/tardis/lib/python3.12/site-packages (from astropy->tardis==0.0.0) (2.0.1.4)
2025-01-10T11:28:05.1959290Z Requirement already satisfied: astropy-iers-data>=0.2024.5.27.0.30.8 in /Users/runner/micromamba/envs/tardis/lib/python3.12/site-packages (from astropy->tardis==0.0.0) (0.2024.6.17.0.31.35)
2025-01-10T11:28:05.1964100Z Requirement already satisfied: PyYAML>=3.13 in /Users/runner/micromamba/envs/tardis/lib/python3.12/site-packages (from astropy->tardis==0.0.0) (6.0.1)
2025-01-10T11:28:05.1969810Z Requirement already satisfied: packaging>=19.0 in /Users/runner/micromamba/envs/tardis/lib/python3.12/site-packages (from astropy->tardis==0.0.0) (24.1)
2025-01-10T11:28:05.2027050Z Building wheels for collected packages: tardis
2025-01-10T11:28:05.2033680Z   Building editable for tardis (pyproject.toml): started
2025-01-10T11:28:05.8286640Z   Building editable for tardis (pyproject.toml): finished with status 'done'
2025-01-10T11:28:05.8309940Z   Created wheel for tardis: filename=tardis-0.0.0-0.editable-py3-none-any.whl size=8878 sha256=4eebb5d9bc7396d0d99893218cea113c622da1fa0d24ea82c28a1008f50424c6
2025-01-10T11:28:05.8317420Z   Stored in directory: /private/var/folders/ml/x_tvfgn50_s7p67dm1ypcqqm0000gn/T/pip-ephem-wheel-cache-tpdqf0f8/wheels/bb/4f/6a/0829b918c1c10bc28535ce7f14be21eee54375bdd9cd0c306a
2025-01-10T11:28:05.8327380Z Successfully built tardis
2025-01-10T11:28:06.4126200Z Installing collected packages: tardis
2025-01-10T11:28:06.4218770Z Successfully installed tardis-0.0.0
2025-01-10T11:28:06.6901370Z ##[group]Run pip install qgridnext
2025-01-10T11:28:06.6901630Z [36;1mpip install qgridnext[0m
2025-01-10T11:28:06.6954710Z shell: /bin/bash -l {0}
2025-01-10T11:28:06.6954880Z env:
2025-01-10T11:28:06.6955030Z   CACHE_NUMBER: 0
2025-01-10T11:28:06.6955520Z   PYTEST_FLAGS: --tardis-regression-data=/Users/runner/work/tardis/tardis/tardis-regression-data --cov=tardis --cov-report=xml --cov-report=html --cov-append
2025-01-10T11:28:06.6956020Z   CODECOV_TOKEN: 
2025-01-10T11:28:06.6956200Z   MAMBA_ROOT_PREFIX: /Users/runner/micromamba
2025-01-10T11:28:06.6956450Z   MAMBA_EXE: /Users/runner/micromamba-bin/micromamba
2025-01-10T11:28:06.6956740Z   CONDARC: /Users/runner/work/_temp/setup-micromamba/.condarc
2025-01-10T11:28:06.6956990Z ##[endgroup]
2025-01-10T11:28:07.2481790Z Collecting qgridnext
2025-01-10T11:28:07.2844720Z   Downloading qgridnext-2.0.4-py3-none-any.whl.metadata (9.9 kB)
2025-01-10T11:28:07.3060010Z Requirement already satisfied: pandas>=0.20.0 in /Users/runner/micromamba/envs/tardis/lib/python3.12/site-packages (from qgridnext) (2.2.2)
2025-01-10T11:28:07.3065380Z Requirement already satisfied: ipywidgets>=7.0.0 in /Users/runner/micromamba/envs/tardis/lib/python3.12/site-packages (from qgridnext) (7.8.0)
2025-01-10T11:28:07.3072180Z Requirement already satisfied: numpy in /Users/runner/micromamba/envs/tardis/lib/python3.12/site-packages (from qgridnext) (1.26.4)
2025-01-10T11:28:07.3078750Z Requirement already satisfied: traitlets in /Users/runner/micromamba/envs/tardis/lib/python3.12/site-packages (from qgridnext) (5.14.3)
2025-01-10T11:28:07.3131120Z Requirement already satisfied: comm>=0.1.3 in /Users/runner/micromamba/envs/tardis/lib/python3.12/site-packages (from ipywidgets>=7.0.0->qgridnext) (0.2.2)
2025-01-10T11:28:07.3135890Z Requirement already satisfied: ipython-genutils~=0.2.0 in /Users/runner/micromamba/envs/tardis/lib/python3.12/site-packages (from ipywidgets>=7.0.0->qgridnext) (0.2.0)
2025-01-10T11:28:07.3144170Z Requirement already satisfied: widgetsnbextension~=3.6.5 in /Users/runner/micromamba/envs/tardis/lib/python3.12/site-packages (from ipywidgets>=7.0.0->qgridnext) (3.6.6)
2025-01-10T11:28:07.3152590Z Requirement already satisfied: ipython>=4.0.0 in /Users/runner/micromamba/envs/tardis/lib/python3.12/site-packages (from ipywidgets>=7.0.0->qgridnext) (8.25.0)
2025-01-10T11:28:07.3160890Z Requirement already satisfied: jupyterlab-widgets<3,>=1.0.0 in /Users/runner/micromamba/envs/tardis/lib/python3.12/site-packages (from ipywidgets>=7.0.0->qgridnext) (1.1.7)
2025-01-10T11:28:07.3445460Z Requirement already satisfied: python-dateutil>=2.8.2 in /Users/runner/micromamba/envs/tardis/lib/python3.12/site-packages (from pandas>=0.20.0->qgridnext) (2.9.0)
2025-01-10T11:28:07.3453800Z Requirement already satisfied: pytz>=2020.1 in /Users/runner/micromamba/envs/tardis/lib/python3.12/site-packages (from pandas>=0.20.0->qgridnext) (2024.1)
2025-01-10T11:28:07.3458390Z Requirement already satisfied: tzdata>=2022.7 in /Users/runner/micromamba/envs/tardis/lib/python3.12/site-packages (from pandas>=0.20.0->qgridnext) (2024.1)
2025-01-10T11:28:07.3677610Z Requirement already satisfied: decorator in /Users/runner/micromamba/envs/tardis/lib/python3.12/site-packages (from ipython>=4.0.0->ipywidgets>=7.0.0->qgridnext) (5.1.1)
2025-01-10T11:28:07.3688920Z Requirement already satisfied: jedi>=0.16 in /Users/runner/micromamba/envs/tardis/lib/python3.12/site-packages (from ipython>=4.0.0->ipywidgets>=7.0.0->qgridnext) (0.19.1)
2025-01-10T11:28:07.3694470Z Requirement already satisfied: matplotlib-inline in /Users/runner/micromamba/envs/tardis/lib/python3.12/site-packages (from ipython>=4.0.0->ipywidgets>=7.0.0->qgridnext) (0.1.7)
2025-01-10T11:28:07.3700990Z Requirement already satisfied: prompt-toolkit<3.1.0,>=3.0.41 in /Users/runner/micromamba/envs/tardis/lib/python3.12/site-packages (from ipython>=4.0.0->ipywidgets>=7.0.0->qgridnext) (3.0.47)
2025-01-10T11:28:07.3707290Z Requirement already satisfied: pygments>=2.4.0 in /Users/runner/micromamba/envs/tardis/lib/python3.12/site-packages (from ipython>=4.0.0->ipywidgets>=7.0.0->qgridnext) (2.18.0)
2025-01-10T11:28:07.3713400Z Requirement already satisfied: stack-data in /Users/runner/micromamba/envs/tardis/lib/python3.12/site-packages (from ipython>=4.0.0->ipywidgets>=7.0.0->qgridnext) (0.6.2)
2025-01-10T11:28:07.3728510Z Requirement already satisfied: pexpect>4.3 in /Users/runner/micromamba/envs/tardis/lib/python3.12/site-packages (from ipython>=4.0.0->ipywidgets>=7.0.0->qgridnext) (4.9.0)
2025-01-10T11:28:07.3757970Z Requirement already satisfied: six>=1.5 in /Users/runner/micromamba/envs/tardis/lib/python3.12/site-packages (from python-dateutil>=2.8.2->pandas>=0.20.0->qgridnext) (1.16.0)
2025-01-10T11:28:07.3796390Z Requirement already satisfied: notebook>=4.4.1 in /Users/runner/micromamba/envs/tardis/lib/python3.12/site-packages (from widgetsnbextension~=3.6.5->ipywidgets>=7.0.0->qgridnext) (7.2.1)
2025-01-10T11:28:07.3922140Z Requirement already satisfied: parso<0.9.0,>=0.8.3 in /Users/runner/micromamba/envs/tardis/lib/python3.12/site-packages (from jedi>=0.16->ipython>=4.0.0->ipywidgets>=7.0.0->qgridnext) (0.8.4)
2025-01-10T11:28:07.4058930Z Requirement already satisfied: jupyter-server<3,>=2.4.0 in /Users/runner/micromamba/envs/tardis/lib/python3.12/site-packages (from notebook>=4.4.1->widgetsnbextension~=3.6.5->ipywidgets>=7.0.0->qgridnext) (2.14.1)
2025-01-10T11:28:07.4160840Z Requirement already satisfied: jupyterlab-server<3,>=2.27.1 in /Users/runner/micromamba/envs/tardis/lib/python3.12/site-packages (from notebook>=4.4.1->widgetsnbextension~=3.6.5->ipywidgets>=7.0.0->qgridnext) (2.27.2)
2025-01-10T11:28:07.4259950Z Requirement already satisfied: jupyterlab<4.3,>=4.2.0 in /Users/runner/micromamba/envs/tardis/lib/python3.12/site-packages (from notebook>=4.4.1->widgetsnbextension~=3.6.5->ipywidgets>=7.0.0->qgridnext) (4.2.2)
2025-01-10T11:28:07.4362270Z Requirement already satisfied: notebook-shim<0.3,>=0.2 in /Users/runner/micromamba/envs/tardis/lib/python3.12/site-packages (from notebook>=4.4.1->widgetsnbextension~=3.6.5->ipywidgets>=7.0.0->qgridnext) (0.2.4)
2025-01-10T11:28:07.4461980Z Requirement already satisfied: tornado>=6.2.0 in /Users/runner/micromamba/envs/tardis/lib/python3.12/site-packages (from notebook>=4.4.1->widgetsnbextension~=3.6.5->ipywidgets>=7.0.0->qgridnext) (6.4.1)
2025-01-10T11:28:07.4564020Z Requirement already satisfied: ptyprocess>=0.5 in /Users/runner/micromamba/envs/tardis/lib/python3.12/site-packages (from pexpect>4.3->ipython>=4.0.0->ipywidgets>=7.0.0->qgridnext) (0.7.0)
2025-01-10T11:28:07.4664260Z Requirement already satisfied: wcwidth in /Users/runner/micromamba/envs/tardis/lib/python3.12/site-packages (from prompt-toolkit<3.1.0,>=3.0.41->ipython>=4.0.0->ipywidgets>=7.0.0->qgridnext) (0.2.13)
2025-01-10T11:28:07.4766030Z Requirement already satisfied: executing>=1.2.0 in /Users/runner/micromamba/envs/tardis/lib/python3.12/site-packages (from stack-data->ipython>=4.0.0->ipywidgets>=7.0.0->qgridnext) (2.0.1)
2025-01-10T11:28:07.4866240Z Requirement already satisfied: asttokens>=2.1.0 in /Users/runner/micromamba/envs/tardis/lib/python3.12/site-packages (from stack-data->ipython>=4.0.0->ipywidgets>=7.0.0->qgridnext) (2.4.1)
2025-01-10T11:28:07.4967940Z Requirement already satisfied: pure-eval in /Users/runner/micromamba/envs/tardis/lib/python3.12/site-packages (from stack-data->ipython>=4.0.0->ipywidgets>=7.0.0->qgridnext) (0.2.2)
2025-01-10T11:28:07.5068410Z Requirement already satisfied: anyio>=3.1.0 in /Users/runner/micromamba/envs/tardis/lib/python3.12/site-packages (from jupyter-server<3,>=2.4.0->notebook>=4.4.1->widgetsnbextension~=3.6.5->ipywidgets>=7.0.0->qgridnext) (4.4.0)
2025-01-10T11:28:07.5169600Z Requirement already satisfied: argon2-cffi>=21.1 in /Users/runner/micromamba/envs/tardis/lib/python3.12/site-packages (from jupyter-server<3,>=2.4.0->notebook>=4.4.1->widgetsnbextension~=3.6.5->ipywidgets>=7.0.0->qgridnext) (23.1.0)
2025-01-10T11:28:07.5272020Z Requirement already satisfied: jinja2>=3.0.3 in /Users/runner/micromamba/envs/tardis/lib/python3.12/site-packages (from jupyter-server<3,>=2.4.0->notebook>=4.4.1->widgetsnbextension~=3.6.5->ipywidgets>=7.0.0->qgridnext) (3.1.4)
2025-01-10T11:28:07.5374320Z Requirement already satisfied: jupyter-client>=7.4.4 in /Users/runner/micromamba/envs/tardis/lib/python3.12/site-packages (from jupyter-server<3,>=2.4.0->notebook>=4.4.1->widgetsnbextension~=3.6.5->ipywidgets>=7.0.0->qgridnext) (8.6.2)
2025-01-10T11:28:07.5474640Z Requirement already satisfied: jupyter-core!=5.0.*,>=4.12 in /Users/runner/micromamba/envs/tardis/lib/python3.12/site-packages (from jupyter-server<3,>=2.4.0->notebook>=4.4.1->widgetsnbextension~=3.6.5->ipywidgets>=7.0.0->qgridnext) (5.7.2)
2025-01-10T11:28:07.5576780Z Requirement already satisfied: jupyter-events>=0.9.0 in /Users/runner/micromamba/envs/tardis/lib/python3.12/site-packages (from jupyter-server<3,>=2.4.0->notebook>=4.4.1->widgetsnbextension~=3.6.5->ipywidgets>=7.0.0->qgridnext) (0.10.0)
2025-01-10T11:28:07.5677070Z Requirement already satisfied: jupyter-server-terminals>=0.4.4 in /Users/runner/micromamba/envs/tardis/lib/python3.12/site-packages (from jupyter-server<3,>=2.4.0->notebook>=4.4.1->widgetsnbextension~=3.6.5->ipywidgets>=7.0.0->qgridnext) (0.5.3)
2025-01-10T11:28:07.5777310Z Requirement already satisfied: nbconvert>=6.4.4 in /Users/runner/micromamba/envs/tardis/lib/python3.12/site-packages (from jupyter-server<3,>=2.4.0->notebook>=4.4.1->widgetsnbextension~=3.6.5->ipywidgets>=7.0.0->qgridnext) (7.16.4)
2025-01-10T11:28:07.5879500Z Requirement already satisfied: nbformat>=5.3.0 in /Users/runner/micromamba/envs/tardis/lib/python3.12/site-packages (from jupyter-server<3,>=2.4.0->notebook>=4.4.1->widgetsnbextension~=3.6.5->ipywidgets>=7.0.0->qgridnext) (5.10.4)
2025-01-10T11:28:07.5980410Z Requirement already satisfied: overrides>=5.0 in /Users/runner/micromamba/envs/tardis/lib/python3.12/site-packages (from jupyter-server<3,>=2.4.0->notebook>=4.4.1->widgetsnbextension~=3.6.5->ipywidgets>=7.0.0->qgridnext) (7.7.0)
2025-01-10T11:28:07.6079920Z Requirement already satisfied: packaging>=22.0 in /Users/runner/micromamba/envs/tardis/lib/python3.12/site-packages (from jupyter-server<3,>=2.4.0->notebook>=4.4.1->widgetsnbextension~=3.6.5->ipywidgets>=7.0.0->qgridnext) (24.1)
2025-01-10T11:28:07.6181910Z Requirement already satisfied: prometheus-client>=0.9 in /Users/runner/micromamba/envs/tardis/lib/python3.12/site-packages (from jupyter-server<3,>=2.4.0->notebook>=4.4.1->widgetsnbextension~=3.6.5->ipywidgets>=7.0.0->qgridnext) (0.20.0)
2025-01-10T11:28:07.6282260Z Requirement already satisfied: pyzmq>=24 in /Users/runner/micromamba/envs/tardis/lib/python3.12/site-packages (from jupyter-server<3,>=2.4.0->notebook>=4.4.1->widgetsnbextension~=3.6.5->ipywidgets>=7.0.0->qgridnext) (26.0.3)
2025-01-10T11:28:07.6383090Z Requirement already satisfied: send2trash>=1.8.2 in /Users/runner/micromamba/envs/tardis/lib/python3.12/site-packages (from jupyter-server<3,>=2.4.0->notebook>=4.4.1->widgetsnbextension~=3.6.5->ipywidgets>=7.0.0->qgridnext) (1.8.3)
2025-01-10T11:28:07.6484650Z Requirement already satisfied: terminado>=0.8.3 in /Users/runner/micromamba/envs/tardis/lib/python3.12/site-packages (from jupyter-server<3,>=2.4.0->notebook>=4.4.1->widgetsnbextension~=3.6.5->ipywidgets>=7.0.0->qgridnext) (0.18.1)
2025-01-10T11:28:07.6596610Z Requirement already satisfied: websocket-client>=1.7 in /Users/runner/micromamba/envs/tardis/lib/python3.12/site-packages (from jupyter-server<3,>=2.4.0->notebook>=4.4.1->widgetsnbextension~=3.6.5->ipywidgets>=7.0.0->qgridnext) (1.8.0)
2025-01-10T11:28:07.6685650Z Requirement already satisfied: async-lru>=1.0.0 in /Users/runner/micromamba/envs/tardis/lib/python3.12/site-packages (from jupyterlab<4.3,>=4.2.0->notebook>=4.4.1->widgetsnbextension~=3.6.5->ipywidgets>=7.0.0->qgridnext) (2.0.4)
2025-01-10T11:28:07.6787520Z Requirement already satisfied: httpx>=0.25.0 in /Users/runner/micromamba/envs/tardis/lib/python3.12/site-packages (from jupyterlab<4.3,>=4.2.0->notebook>=4.4.1->widgetsnbextension~=3.6.5->ipywidgets>=7.0.0->qgridnext) (0.27.0)
2025-01-10T11:28:07.6889880Z Requirement already satisfied: ipykernel>=6.5.0 in /Users/runner/micromamba/envs/tardis/lib/python3.12/site-packages (from jupyterlab<4.3,>=4.2.0->notebook>=4.4.1->widgetsnbextension~=3.6.5->ipywidgets>=7.0.0->qgridnext) (6.29.4)
2025-01-10T11:28:07.6991890Z Requirement already satisfied: jupyter-lsp>=2.0.0 in /Users/runner/micromamba/envs/tardis/lib/python3.12/site-packages (from jupyterlab<4.3,>=4.2.0->notebook>=4.4.1->widgetsnbextension~=3.6.5->ipywidgets>=7.0.0->qgridnext) (2.2.5)
2025-01-10T11:28:07.7093720Z Requirement already satisfied: setuptools>=40.1.0 in /Users/runner/micromamba/envs/tardis/lib/python3.12/site-packages (from jupyterlab<4.3,>=4.2.0->notebook>=4.4.1->widgetsnbextension~=3.6.5->ipywidgets>=7.0.0->qgridnext) (70.0.0)
2025-01-10T11:28:07.7196780Z Requirement already satisfied: babel>=2.10 in /Users/runner/micromamba/envs/tardis/lib/python3.12/site-packages (from jupyterlab-server<3,>=2.27.1->notebook>=4.4.1->widgetsnbextension~=3.6.5->ipywidgets>=7.0.0->qgridnext) (2.14.0)
2025-01-10T11:28:07.7305020Z Requirement already satisfied: json5>=0.9.0 in /Users/runner/micromamba/envs/tardis/lib/python3.12/site-packages (from jupyterlab-server<3,>=2.27.1->notebook>=4.4.1->widgetsnbextension~=3.6.5->ipywidgets>=7.0.0->qgridnext) (0.9.25)
2025-01-10T11:28:07.7405280Z Requirement already satisfied: jsonschema>=4.18.0 in /Users/runner/micromamba/envs/tardis/lib/python3.12/site-packages (from jupyterlab-server<3,>=2.27.1->notebook>=4.4.1->widgetsnbextension~=3.6.5->ipywidgets>=7.0.0->qgridnext) (4.22.0)
2025-01-10T11:28:07.7505980Z Requirement already satisfied: requests>=2.31 in /Users/runner/micromamba/envs/tardis/lib/python3.12/site-packages (from jupyterlab-server<3,>=2.27.1->notebook>=4.4.1->widgetsnbextension~=3.6.5->ipywidgets>=7.0.0->qgridnext) (2.32.3)
2025-01-10T11:28:07.7607630Z Requirement already satisfied: idna>=2.8 in /Users/runner/micromamba/envs/tardis/lib/python3.12/site-packages (from anyio>=3.1.0->jupyter-server<3,>=2.4.0->notebook>=4.4.1->widgetsnbextension~=3.6.5->ipywidgets>=7.0.0->qgridnext) (3.7)
2025-01-10T11:28:07.7809590Z Requirement already satisfied: sniffio>=1.1 in /Users/runner/micromamba/envs/tardis/lib/python3.12/site-packages (from anyio>=3.1.0->jupyter-server<3,>=2.4.0->notebook>=4.4.1->widgetsnbextension~=3.6.5->ipywidgets>=7.0.0->qgridnext) (1.3.1)
2025-01-10T11:28:07.7910440Z Requirement already satisfied: argon2-cffi-bindings in /Users/runner/micromamba/envs/tardis/lib/python3.12/site-packages (from argon2-cffi>=21.1->jupyter-server<3,>=2.4.0->notebook>=4.4.1->widgetsnbextension~=3.6.5->ipywidgets>=7.0.0->qgridnext) (21.2.0)
2025-01-10T11:28:07.8011890Z Requirement already satisfied: certifi in /Users/runner/micromamba/envs/tardis/lib/python3.12/site-packages (from httpx>=0.25.0->jupyterlab<4.3,>=4.2.0->notebook>=4.4.1->widgetsnbextension~=3.6.5->ipywidgets>=7.0.0->qgridnext) (2024.6.2)
2025-01-10T11:28:07.8113860Z Requirement already satisfied: httpcore==1.* in /Users/runner/micromamba/envs/tardis/lib/python3.12/site-packages (from httpx>=0.25.0->jupyterlab<4.3,>=4.2.0->notebook>=4.4.1->widgetsnbextension~=3.6.5->ipywidgets>=7.0.0->qgridnext) (1.0.5)
2025-01-10T11:28:07.8215970Z Requirement already satisfied: h11<0.15,>=0.13 in /Users/runner/micromamba/envs/tardis/lib/python3.12/site-packages (from httpcore==1.*->httpx>=0.25.0->jupyterlab<4.3,>=4.2.0->notebook>=4.4.1->widgetsnbextension~=3.6.5->ipywidgets>=7.0.0->qgridnext) (0.14.0)
2025-01-10T11:28:07.8317760Z Requirement already satisfied: appnope in /Users/runner/micromamba/envs/tardis/lib/python3.12/site-packages (from ipykernel>=6.5.0->jupyterlab<4.3,>=4.2.0->notebook>=4.4.1->widgetsnbextension~=3.6.5->ipywidgets>=7.0.0->qgridnext) (0.1.4)
2025-01-10T11:28:07.8383320Z Requirement already satisfied: debugpy>=1.6.5 in /Users/runner/micromamba/envs/tardis/lib/python3.12/site-packages (from ipykernel>=6.5.0->jupyterlab<4.3,>=4.2.0->notebook>=4.4.1->widgetsnbextension~=3.6.5->ipywidgets>=7.0.0->qgridnext) (1.8.1)
2025-01-10T11:28:07.8468680Z Requirement already satisfied: nest-asyncio in /Users/runner/micromamba/envs/tardis/lib/python3.12/site-packages (from ipykernel>=6.5.0->jupyterlab<4.3,>=4.2.0->notebook>=4.4.1->widgetsnbextension~=3.6.5->ipywidgets>=7.0.0->qgridnext) (1.6.0)
2025-01-10T11:28:07.8548790Z Requirement already satisfied: psutil in /Users/runner/micromamba/envs/tardis/lib/python3.12/site-packages (from ipykernel>=6.5.0->jupyterlab<4.3,>=4.2.0->notebook>=4.4.1->widgetsnbextension~=3.6.5->ipywidgets>=7.0.0->qgridnext) (5.9.8)
2025-01-10T11:28:07.8642180Z Requirement already satisfied: MarkupSafe>=2.0 in /Users/runner/micromamba/envs/tardis/lib/python3.12/site-packages (from jinja2>=3.0.3->jupyter-server<3,>=2.4.0->notebook>=4.4.1->widgetsnbextension~=3.6.5->ipywidgets>=7.0.0->qgridnext) (2.1.5)
2025-01-10T11:28:07.8711810Z Requirement already satisfied: attrs>=22.2.0 in /Users/runner/micromamba/envs/tardis/lib/python3.12/site-packages (from jsonschema>=4.18.0->jupyterlab-server<3,>=2.27.1->notebook>=4.4.1->widgetsnbextension~=3.6.5->ipywidgets>=7.0.0->qgridnext) (23.2.0)
2025-01-10T11:28:07.8767770Z Requirement already satisfied: jsonschema-specifications>=2023.03.6 in /Users/runner/micromamba/envs/tardis/lib/python3.12/site-packages (from jsonschema>=4.18.0->jupyterlab-server<3,>=2.27.1->notebook>=4.4.1->widgetsnbextension~=3.6.5->ipywidgets>=7.0.0->qgridnext) (2023.12.1)
2025-01-10T11:28:07.8789860Z Requirement already satisfied: referencing>=0.28.4 in /Users/runner/micromamba/envs/tardis/lib/python3.12/site-packages (from jsonschema>=4.18.0->jupyterlab-server<3,>=2.27.1->notebook>=4.4.1->widgetsnbextension~=3.6.5->ipywidgets>=7.0.0->qgridnext) (0.35.1)
2025-01-10T11:28:07.8815470Z Requirement already satisfied: rpds-py>=0.7.1 in /Users/runner/micromamba/envs/tardis/lib/python3.12/site-packages (from jsonschema>=4.18.0->jupyterlab-server<3,>=2.27.1->notebook>=4.4.1->widgetsnbextension~=3.6.5->ipywidgets>=7.0.0->qgridnext) (0.18.1)
2025-01-10T11:28:07.8817550Z Requirement already satisfied: platformdirs>=2.5 in /Users/runner/micromamba/envs/tardis/lib/python3.12/site-packages (from jupyter-core!=5.0.*,>=4.12->jupyter-server<3,>=2.4.0->notebook>=4.4.1->widgetsnbextension~=3.6.5->ipywidgets>=7.0.0->qgridnext) (4.2.2)
2025-01-10T11:28:07.8829490Z Requirement already satisfied: python-json-logger>=2.0.4 in /Users/runner/micromamba/envs/tardis/lib/python3.12/site-packages (from jupyter-events>=0.9.0->jupyter-server<3,>=2.4.0->notebook>=4.4.1->widgetsnbextension~=3.6.5->ipywidgets>=7.0.0->qgridnext) (2.0.7)
2025-01-10T11:28:07.8831640Z Requirement already satisfied: pyyaml>=5.3 in /Users/runner/micromamba/envs/tardis/lib/python3.12/site-packages (from jupyter-events>=0.9.0->jupyter-server<3,>=2.4.0->notebook>=4.4.1->widgetsnbextension~=3.6.5->ipywidgets>=7.0.0->qgridnext) (6.0.1)
2025-01-10T11:28:07.8832880Z Requirement already satisfied: rfc3339-validator in /Users/runner/micromamba/envs/tardis/lib/python3.12/site-packages (from jupyter-events>=0.9.0->jupyter-server<3,>=2.4.0->notebook>=4.4.1->widgetsnbextension~=3.6.5->ipywidgets>=7.0.0->qgridnext) (0.1.4)
2025-01-10T11:28:07.8834110Z Requirement already satisfied: rfc3986-validator>=0.1.1 in /Users/runner/micromamba/envs/tardis/lib/python3.12/site-packages (from jupyter-events>=0.9.0->jupyter-server<3,>=2.4.0->notebook>=4.4.1->widgetsnbextension~=3.6.5->ipywidgets>=7.0.0->qgridnext) (0.1.1)
2025-01-10T11:28:07.8835340Z Requirement already satisfied: beautifulsoup4 in /Users/runner/micromamba/envs/tardis/lib/python3.12/site-packages (from nbconvert>=6.4.4->jupyter-server<3,>=2.4.0->notebook>=4.4.1->widgetsnbextension~=3.6.5->ipywidgets>=7.0.0->qgridnext) (4.12.3)
2025-01-10T11:28:07.8836510Z Requirement already satisfied: bleach!=5.0.0 in /Users/runner/micromamba/envs/tardis/lib/python3.12/site-packages (from nbconvert>=6.4.4->jupyter-server<3,>=2.4.0->notebook>=4.4.1->widgetsnbextension~=3.6.5->ipywidgets>=7.0.0->qgridnext) (6.1.0)
2025-01-10T11:28:07.8837670Z Requirement already satisfied: defusedxml in /Users/runner/micromamba/envs/tardis/lib/python3.12/site-packages (from nbconvert>=6.4.4->jupyter-server<3,>=2.4.0->notebook>=4.4.1->widgetsnbextension~=3.6.5->ipywidgets>=7.0.0->qgridnext) (0.7.1)
2025-01-10T11:28:07.8839620Z Requirement already satisfied: jupyterlab-pygments in /Users/runner/micromamba/envs/tardis/lib/python3.12/site-packages (from nbconvert>=6.4.4->jupyter-server<3,>=2.4.0->notebook>=4.4.1->widgetsnbextension~=3.6.5->ipywidgets>=7.0.0->qgridnext) (0.3.0)
2025-01-10T11:28:07.8840830Z Requirement already satisfied: mistune<4,>=2.0.3 in /Users/runner/micromamba/envs/tardis/lib/python3.12/site-packages (from nbconvert>=6.4.4->jupyter-server<3,>=2.4.0->notebook>=4.4.1->widgetsnbextension~=3.6.5->ipywidgets>=7.0.0->qgridnext) (3.0.2)
2025-01-10T11:28:07.8842040Z Requirement already satisfied: nbclient>=0.5.0 in /Users/runner/micromamba/envs/tardis/lib/python3.12/site-packages (from nbconvert>=6.4.4->jupyter-server<3,>=2.4.0->notebook>=4.4.1->widgetsnbextension~=3.6.5->ipywidgets>=7.0.0->qgridnext) (0.10.0)
2025-01-10T11:28:07.8843240Z Requirement already satisfied: pandocfilters>=1.4.1 in /Users/runner/micromamba/envs/tardis/lib/python3.12/site-packages (from nbconvert>=6.4.4->jupyter-server<3,>=2.4.0->notebook>=4.4.1->widgetsnbextension~=3.6.5->ipywidgets>=7.0.0->qgridnext) (1.5.0)
2025-01-10T11:28:07.8844420Z Requirement already satisfied: tinycss2 in /Users/runner/micromamba/envs/tardis/lib/python3.12/site-packages (from nbconvert>=6.4.4->jupyter-server<3,>=2.4.0->notebook>=4.4.1->widgetsnbextension~=3.6.5->ipywidgets>=7.0.0->qgridnext) (1.3.0)
2025-01-10T11:28:07.8845630Z Requirement already satisfied: fastjsonschema>=2.15 in /Users/runner/micromamba/envs/tardis/lib/python3.12/site-packages (from nbformat>=5.3.0->jupyter-server<3,>=2.4.0->notebook>=4.4.1->widgetsnbextension~=3.6.5->ipywidgets>=7.0.0->qgridnext) (2.20.0)
2025-01-10T11:28:07.8846830Z Requirement already satisfied: charset-normalizer<4,>=2 in /Users/runner/micromamba/envs/tardis/lib/python3.12/site-packages (from requests>=2.31->jupyterlab-server<3,>=2.27.1->notebook>=4.4.1->widgetsnbextension~=3.6.5->ipywidgets>=7.0.0->qgridnext) (3.3.2)
2025-01-10T11:28:07.8848060Z Requirement already satisfied: urllib3<3,>=1.21.1 in /Users/runner/micromamba/envs/tardis/lib/python3.12/site-packages (from requests>=2.31->jupyterlab-server<3,>=2.27.1->notebook>=4.4.1->widgetsnbextension~=3.6.5->ipywidgets>=7.0.0->qgridnext) (2.2.2)
2025-01-10T11:28:07.8849290Z Requirement already satisfied: webencodings in /Users/runner/micromamba/envs/tardis/lib/python3.12/site-packages (from bleach!=5.0.0->nbconvert>=6.4.4->jupyter-server<3,>=2.4.0->notebook>=4.4.1->widgetsnbextension~=3.6.5->ipywidgets>=7.0.0->qgridnext) (0.5.1)
2025-01-10T11:28:07.8850560Z Requirement already satisfied: fqdn in /Users/runner/micromamba/envs/tardis/lib/python3.12/site-packages (from jsonschema[format-nongpl]>=4.18.0->jupyter-events>=0.9.0->jupyter-server<3,>=2.4.0->notebook>=4.4.1->widgetsnbextension~=3.6.5->ipywidgets>=7.0.0->qgridnext) (1.5.1)
2025-01-10T11:28:07.8851970Z Requirement already satisfied: isoduration in /Users/runner/micromamba/envs/tardis/lib/python3.12/site-packages (from jsonschema[format-nongpl]>=4.18.0->jupyter-events>=0.9.0->jupyter-server<3,>=2.4.0->notebook>=4.4.1->widgetsnbextension~=3.6.5->ipywidgets>=7.0.0->qgridnext) (20.11.0)
2025-01-10T11:28:07.8853670Z Requirement already satisfied: jsonpointer>1.13 in /Users/runner/micromamba/envs/tardis/lib/python3.12/site-packages (from jsonschema[format-nongpl]>=4.18.0->jupyter-events>=0.9.0->jupyter-server<3,>=2.4.0->notebook>=4.4.1->widgetsnbextension~=3.6.5->ipywidgets>=7.0.0->qgridnext) (3.0.0)
2025-01-10T11:28:07.8855140Z Requirement already satisfied: uri-template in /Users/runner/micromamba/envs/tardis/lib/python3.12/site-packages (from jsonschema[format-nongpl]>=4.18.0->jupyter-events>=0.9.0->jupyter-server<3,>=2.4.0->notebook>=4.4.1->widgetsnbextension~=3.6.5->ipywidgets>=7.0.0->qgridnext) (1.3.0)
2025-01-10T11:28:07.8856520Z Requirement already satisfied: webcolors>=1.11 in /Users/runner/micromamba/envs/tardis/lib/python3.12/site-packages (from jsonschema[format-nongpl]>=4.18.0->jupyter-events>=0.9.0->jupyter-server<3,>=2.4.0->notebook>=4.4.1->widgetsnbextension~=3.6.5->ipywidgets>=7.0.0->qgridnext) (24.6.0)
2025-01-10T11:28:07.8858290Z Requirement already satisfied: cffi>=1.0.1 in /Users/runner/micromamba/envs/tardis/lib/python3.12/site-packages (from argon2-cffi-bindings->argon2-cffi>=21.1->jupyter-server<3,>=2.4.0->notebook>=4.4.1->widgetsnbextension~=3.6.5->ipywidgets>=7.0.0->qgridnext) (1.16.0)
2025-01-10T11:28:07.8859610Z Requirement already satisfied: soupsieve>1.2 in /Users/runner/micromamba/envs/tardis/lib/python3.12/site-packages (from beautifulsoup4->nbconvert>=6.4.4->jupyter-server<3,>=2.4.0->notebook>=4.4.1->widgetsnbextension~=3.6.5->ipywidgets>=7.0.0->qgridnext) (2.5)
2025-01-10T11:28:07.9246420Z Requirement already satisfied: pycparser in /Users/runner/micromamba/envs/tardis/lib/python3.12/site-packages (from cffi>=1.0.1->argon2-cffi-bindings->argon2-cffi>=21.1->jupyter-server<3,>=2.4.0->notebook>=4.4.1->widgetsnbextension~=3.6.5->ipywidgets>=7.0.0->qgridnext) (2.22)
2025-01-10T11:28:07.9598270Z Requirement already satisfied: arrow>=0.15.0 in /Users/runner/micromamba/envs/tardis/lib/python3.12/site-packages (from isoduration->jsonschema[format-nongpl]>=4.18.0->jupyter-events>=0.9.0->jupyter-server<3,>=2.4.0->notebook>=4.4.1->widgetsnbextension~=3.6.5->ipywidgets>=7.0.0->qgridnext) (1.3.0)
2025-01-10T11:28:07.9814830Z Requirement already satisfied: types-python-dateutil>=2.8.10 in /Users/runner/micromamba/envs/tardis/lib/python3.12/site-packages (from arrow>=0.15.0->isoduration->jsonschema[format-nongpl]>=4.18.0->jupyter-events>=0.9.0->jupyter-server<3,>=2.4.0->notebook>=4.4.1->widgetsnbextension~=3.6.5->ipywidgets>=7.0.0->qgridnext) (2.9.0.20240316)
2025-01-10T11:28:08.0085930Z Downloading qgridnext-2.0.4-py3-none-any.whl (1.3 MB)
2025-01-10T11:28:08.0591540Z    ━━━━━━━━━━━━━━━━━━━━━━━━━━━━━━━━━━━━━━━━ 1.3/1.3 MB 26.6 MB/s eta 0:00:00
2025-01-10T11:28:08.6586510Z Installing collected packages: qgridnext
2025-01-10T11:28:08.7066110Z Successfully installed qgridnext-2.0.4
2025-01-10T11:28:08.9087180Z ##[group]Run pytest tardis --tardis-regression-data=/Users/runner/work/tardis/tardis/tardis-regression-data --cov=tardis --cov-report=xml --cov-report=html --cov-append -m " continuum"
2025-01-10T11:28:08.9088170Z [36;1mpytest tardis --tardis-regression-data=/Users/runner/work/tardis/tardis/tardis-regression-data --cov=tardis --cov-report=xml --cov-report=html --cov-append -m " continuum"[0m
2025-01-10T11:28:08.9145930Z shell: /bin/bash -l {0}
2025-01-10T11:28:08.9146110Z env:
2025-01-10T11:28:08.9146240Z   CACHE_NUMBER: 0
2025-01-10T11:28:08.9146740Z   PYTEST_FLAGS: --tardis-regression-data=/Users/runner/work/tardis/tardis/tardis-regression-data --cov=tardis --cov-report=xml --cov-report=html --cov-append
2025-01-10T11:28:08.9147230Z   CODECOV_TOKEN: 
2025-01-10T11:28:08.9147420Z   MAMBA_ROOT_PREFIX: /Users/runner/micromamba
2025-01-10T11:28:08.9147650Z   MAMBA_EXE: /Users/runner/micromamba-bin/micromamba
2025-01-10T11:28:08.9147990Z   CONDARC: /Users/runner/work/_temp/setup-micromamba/.condarc
2025-01-10T11:28:08.9148250Z ##[endgroup]
2025-01-10T11:28:20.9510220Z ============================= test session starts ==============================
2025-01-10T11:28:20.9511220Z platform darwin -- Python 3.12.4, pytest-8.2.2, pluggy-1.5.0
2025-01-10T11:28:20.9511790Z rootdir: /Users/runner/work/tardis/tardis
2025-01-10T11:28:20.9512290Z configfile: pyproject.toml
2025-01-10T11:28:20.9512780Z plugins: cov-5.0.0, html-4.1.1, metadata-3.1.1, doctestplus-1.2.1, anyio-4.4.0
2025-01-10T11:28:20.9513300Z collected 1796 items / 1794 deselected / 2 selected
2025-01-10T11:28:20.9513630Z 
2025-01-10T11:29:16.8113760Z tardis/transport/montecarlo/estimators/tests/test_continuum_property_solver.py . [ 50%]
2025-01-10T11:29:16.8114550Z                                                                          [ 50%]
2025-01-10T11:29:41.7771450Z tardis/transport/montecarlo/tests/test_continuum.py .                    [100%]
2025-01-10T11:29:41.7771740Z 
2025-01-10T11:29:41.7771870Z =============================== warnings summary ===============================
2025-01-10T11:29:41.7772200Z tardis/io/configuration/config_validator.py:6
2025-01-10T11:29:41.7777390Z tardis/io/configuration/config_validator.py:6
2025-01-10T11:29:41.7778050Z   /Users/runner/work/tardis/tardis/tardis/io/configuration/config_validator.py:6: DeprecationWarning:
2025-01-10T11:29:41.7778480Z   
2025-01-10T11:29:41.7779660Z   jsonschema.RefResolver is deprecated as of v4.18.0, in favor of the https://github.com/python-jsonschema/referencing library, which provides more compliant referencing behavior as well as more flexible APIs for customization. A future release will remove RefResolver. Please file a feature request (on referencing) if you are missing an API for the kind of customization you need.
2025-01-10T11:29:41.7780790Z 
2025-01-10T11:29:41.7781010Z ../../../micromamba/envs/tardis/lib/python3.12/site-packages/jupyter_client/connect.py:22
2025-01-10T11:29:41.7781740Z   /Users/runner/micromamba/envs/tardis/lib/python3.12/site-packages/jupyter_client/connect.py:22: DeprecationWarning:
2025-01-10T11:29:41.7782390Z   
2025-01-10T11:29:41.7782670Z   Jupyter is migrating its paths to use standard platformdirs
2025-01-10T11:29:41.7783140Z   given by the platformdirs library.  To remove this warning and
2025-01-10T11:29:41.7783590Z   see the appropriate new directories, set the environment variable
2025-01-10T11:29:41.7784000Z   `JUPYTER_PLATFORM_DIRS=1` and then run `jupyter --paths`.
2025-01-10T11:29:41.7784390Z   The use of platformdirs will be the default in `jupyter_core` v6
2025-01-10T11:29:41.7784640Z 
2025-01-10T11:29:41.7789380Z tardis/transport/montecarlo/estimators/tests/test_continuum_property_solver.py::test_continuum_estimators
2025-01-10T11:29:41.7790060Z   /Users/runner/work/tardis/tardis/tardis/transport/montecarlo/montecarlo_main_loop.py:123: NumbaTypeSafetyWarning:
2025-01-10T11:29:41.7790510Z   
2025-01-10T11:29:41.7791530Z   [1m[1m[1munsafe cast from uint64 to int64. Precision may be lost.[0m[0m[0m
2025-01-10T11:29:41.7792590Z 
2025-01-10T11:29:41.7792840Z -- Docs: https://docs.pytest.org/en/stable/how-to/capture-warnings.html
2025-01-10T11:29:41.7793120Z 
2025-01-10T11:29:41.7793250Z ---------- coverage: platform darwin, python 3.12.4-final-0 ----------
2025-01-10T11:29:41.7793660Z Coverage HTML written to dir coverage_html_report
2025-01-10T11:29:41.7793940Z Coverage XML written to file coverage.xml
2025-01-10T11:29:41.7794160Z 
2025-01-10T11:29:41.7794340Z ========== 2 passed, 1794 deselected, 4 warnings in 82.33s (0:01:22) ===========
2025-01-10T11:29:42.6212450Z ##[group]Run mv .coverage .coverage.1
2025-01-10T11:29:42.6212710Z [36;1mmv .coverage .coverage.1[0m
2025-01-10T11:29:42.6903530Z shell: /bin/bash -l {0}
2025-01-10T11:29:42.6903850Z env:
2025-01-10T11:29:42.6904140Z   CACHE_NUMBER: 0
2025-01-10T11:29:42.6904690Z   PYTEST_FLAGS: --tardis-regression-data=/Users/runner/work/tardis/tardis/tardis-regression-data --cov=tardis --cov-report=xml --cov-report=html --cov-append
2025-01-10T11:29:42.6905420Z   CODECOV_TOKEN: 
2025-01-10T11:29:42.6905590Z   MAMBA_ROOT_PREFIX: /Users/runner/micromamba
2025-01-10T11:29:42.6905970Z   MAMBA_EXE: /Users/runner/micromamba-bin/micromamba
2025-01-10T11:29:42.6906320Z   CONDARC: /Users/runner/work/_temp/setup-micromamba/.condarc
2025-01-10T11:29:42.6906680Z ##[endgroup]
2025-01-10T11:29:42.8329210Z ##[group]Run actions/upload-artifact@v4
2025-01-10T11:29:42.8329480Z with:
2025-01-10T11:29:42.8329640Z   name: coverage--continuum-macos-latest
2025-01-10T11:29:42.8329880Z   include-hidden-files: true
2025-01-10T11:29:42.8330090Z   path: .coverage*
!.coveragerc

2025-01-10T11:29:42.8330590Z   if-no-files-found: warn
2025-01-10T11:29:42.8330770Z   compression-level: 6
2025-01-10T11:29:42.8330940Z   overwrite: false
2025-01-10T11:29:42.8331120Z env:
2025-01-10T11:29:42.8331270Z   CACHE_NUMBER: 0
2025-01-10T11:29:42.8331750Z   PYTEST_FLAGS: --tardis-regression-data=/Users/runner/work/tardis/tardis/tardis-regression-data --cov=tardis --cov-report=xml --cov-report=html --cov-append
2025-01-10T11:29:42.8332260Z   CODECOV_TOKEN: 
2025-01-10T11:29:42.8332500Z   MAMBA_ROOT_PREFIX: /Users/runner/micromamba
2025-01-10T11:29:42.8332930Z   MAMBA_EXE: /Users/runner/micromamba-bin/micromamba
2025-01-10T11:29:42.8333230Z   CONDARC: /Users/runner/work/_temp/setup-micromamba/.condarc
2025-01-10T11:29:42.8333500Z ##[endgroup]
2025-01-10T11:29:43.1821550Z With the provided path, there will be 2 files uploaded
2025-01-10T11:29:43.1824410Z Artifact name is valid!
2025-01-10T11:29:43.1825380Z Root directory input is valid!
2025-01-10T11:29:43.3834520Z Beginning upload of artifact content to blob storage
2025-01-10T11:29:43.5965540Z Uploaded bytes 27332
2025-01-10T11:29:43.6406170Z Finished uploading artifact content to blob storage!
2025-01-10T11:29:43.6408580Z SHA256 hash of uploaded artifact zip is 4bb9d7ae2d07ddfae5801632ce6fb9e34dcda3b8f2ed86e59cfd8e8e4763970f
2025-01-10T11:29:43.6409730Z Finalizing artifact upload
2025-01-10T11:29:43.7556310Z Artifact coverage--continuum-macos-latest.zip successfully finalized. Artifact ID 2412467558
2025-01-10T11:29:43.7558140Z Artifact coverage--continuum-macos-latest has been successfully uploaded! Final size is 27332 bytes. Artifact ID is 2412467558
2025-01-10T11:29:43.7573710Z Artifact download URL: https://github.com/tardis-sn/tardis/actions/runs/12708629875/artifacts/2412467558
2025-01-10T11:29:43.7751130Z Post job cleanup.
2025-01-10T11:29:43.7826170Z Post job cleanup.
2025-01-10T11:29:43.9209260Z Will use pre-installed micromamba at /Users/runner/micromamba-bin/micromamba
2025-01-10T11:29:43.9212320Z Removing micromamba run shell ...
2025-01-10T11:29:43.9214200Z ##[group]Deinitialize micromamba for bash
2025-01-10T11:29:43.9226630Z [command]/Users/runner/micromamba-bin/micromamba shell deinit -s bash -r /Users/runner/micromamba --log-level warning --rc-file /Users/runner/work/_temp/setup-micromamba/.condarc
2025-01-10T11:29:43.9364290Z Resetting RC file "/Users/runner/.bash_profile"
2025-01-10T11:29:43.9364580Z Deleting config for root prefix 
2025-01-10T11:29:43.9364800Z Clearing mamba executable environment variable
2025-01-10T11:29:43.9378920Z Removing the following in your "/Users/runner/.bash_profile" file
2025-01-10T11:29:43.9379320Z # >>> mamba initialize >>>
2025-01-10T11:29:43.9379540Z ...
2025-01-10T11:29:43.9379680Z # <<< mamba initialize <<<
2025-01-10T11:29:43.9401730Z Removing environment tardis from auto-activate bash ...
2025-01-10T11:29:43.9497590Z Post job cleanup.
2025-01-10T11:29:43.9538460Z Post job cleanup.
2025-01-10T11:29:44.0448580Z [command]/opt/homebrew/bin/git version
2025-01-10T11:29:44.0624590Z git version 2.47.1
2025-01-10T11:29:44.0649970Z Copying '/Users/runner/.gitconfig' to '/Users/runner/work/_temp/0bda3f7e-8850-4c24-8051-2b064ae92dc8/.gitconfig'
2025-01-10T11:29:44.0664370Z Temporarily overriding HOME='/Users/runner/work/_temp/0bda3f7e-8850-4c24-8051-2b064ae92dc8' before making global git config changes
2025-01-10T11:29:44.0665980Z Adding repository directory to the temporary git global config as a safe directory
2025-01-10T11:29:44.0669130Z [command]/opt/homebrew/bin/git config --global --add safe.directory /Users/runner/work/tardis/tardis/tardis-regression-data
2025-01-10T11:29:44.0775460Z [command]/opt/homebrew/bin/git config --local --name-only --get-regexp core\.sshCommand
2025-01-10T11:29:44.0848550Z [command]/opt/homebrew/bin/git submodule foreach --recursive sh -c "git config --local --name-only --get-regexp 'core\.sshCommand' && git config --local --unset-all 'core.sshCommand' || :"
2025-01-10T11:29:44.2986410Z [command]/opt/homebrew/bin/git config --local --name-only --get-regexp http\.https\:\/\/github\.com\/\.extraheader
2025-01-10T11:29:44.3020270Z http.https://github.com/.extraheader
2025-01-10T11:29:44.3028710Z [command]/opt/homebrew/bin/git config --local --unset-all http.https://github.com/.extraheader
2025-01-10T11:29:44.3067650Z [command]/opt/homebrew/bin/git submodule foreach --recursive sh -c "git config --local --name-only --get-regexp 'http\.https\:\/\/github\.com\/\.extraheader' && git config --local --unset-all 'http.https://github.com/.extraheader' || :"
2025-01-10T11:29:44.3638800Z Post job cleanup.
2025-01-10T11:29:44.4500840Z [command]/opt/homebrew/bin/git version
2025-01-10T11:29:44.4543370Z git version 2.47.1
2025-01-10T11:29:44.4621330Z Copying '/Users/runner/.gitconfig' to '/Users/runner/work/_temp/a36855ea-3768-493b-ab0c-58c1c49dff3d/.gitconfig'
2025-01-10T11:29:44.4622140Z Temporarily overriding HOME='/Users/runner/work/_temp/a36855ea-3768-493b-ab0c-58c1c49dff3d' before making global git config changes
2025-01-10T11:29:44.4622790Z Adding repository directory to the temporary git global config as a safe directory
2025-01-10T11:29:44.4623360Z [command]/opt/homebrew/bin/git config --global --add safe.directory /Users/runner/work/tardis/tardis
2025-01-10T11:29:44.4651010Z [command]/opt/homebrew/bin/git config --local --name-only --get-regexp core\.sshCommand
2025-01-10T11:29:44.4731460Z [command]/opt/homebrew/bin/git submodule foreach --recursive sh -c "git config --local --name-only --get-regexp 'core\.sshCommand' && git config --local --unset-all 'core.sshCommand' || :"
2025-01-10T11:29:44.5222870Z [command]/opt/homebrew/bin/git config --local --name-only --get-regexp http\.https\:\/\/github\.com\/\.extraheader
2025-01-10T11:29:44.5256710Z http.https://github.com/.extraheader
2025-01-10T11:29:44.5264730Z [command]/opt/homebrew/bin/git config --local --unset-all http.https://github.com/.extraheader
2025-01-10T11:29:44.5307730Z [command]/opt/homebrew/bin/git submodule foreach --recursive sh -c "git config --local --name-only --get-regexp 'http\.https\:\/\/github\.com\/\.extraheader' && git config --local --unset-all 'http.https://github.com/.extraheader' || :"
2025-01-10T11:29:44.5844340Z Cleaning up orphan processes
