2025-01-09T08:46:35.4862938Z Requested labels: ubuntu-latest
2025-01-09T08:46:35.4863173Z Job defined at: tardis-sn/tardis/.github/workflows/tests.yml@refs/heads/master
2025-01-09T08:46:35.4863303Z Waiting for a runner to pick up this job...
2025-01-09T08:46:35.7868049Z Job is waiting for a hosted runner to come online.
2025-01-09T08:46:39.5711658Z Job is about to start running on the hosted runner: GitHub Actions 35 (hosted)
2025-01-09T08:46:41.8250807Z Current runner version: '2.321.0'
2025-01-09T08:46:41.8275999Z ##[group]Operating System
2025-01-09T08:46:41.8276775Z Ubuntu
2025-01-09T08:46:41.8277275Z 24.04.1
2025-01-09T08:46:41.8277853Z LTS
2025-01-09T08:46:41.8278351Z ##[endgroup]
2025-01-09T08:46:41.8278865Z ##[group]Runner Image
2025-01-09T08:46:41.8279476Z Image: ubuntu-24.04
2025-01-09T08:46:41.8279947Z Version: 20250105.1.0
2025-01-09T08:46:41.8280975Z Included Software: https://github.com/actions/runner-images/blob/ubuntu24/20250105.1/images/ubuntu/Ubuntu2404-Readme.md
2025-01-09T08:46:41.8282387Z Image Release: https://github.com/actions/runner-images/releases/tag/ubuntu24%2F20250105.1
2025-01-09T08:46:41.8283274Z ##[endgroup]
2025-01-09T08:46:41.8283754Z ##[group]Runner Image Provisioner
2025-01-09T08:46:41.8284407Z 2.0.404.1
2025-01-09T08:46:41.8284893Z ##[endgroup]
2025-01-09T08:46:41.8287259Z ##[group]GITHUB_TOKEN Permissions
2025-01-09T08:46:41.8289138Z Actions: write
2025-01-09T08:46:41.8289990Z Attestations: write
2025-01-09T08:46:41.8290604Z Checks: write
2025-01-09T08:46:41.8291142Z Contents: write
2025-01-09T08:46:41.8291665Z Deployments: write
2025-01-09T08:46:41.8292156Z Discussions: write
2025-01-09T08:46:41.8292690Z Issues: write
2025-01-09T08:46:41.8293213Z Metadata: read
2025-01-09T08:46:41.8293712Z Packages: write
2025-01-09T08:46:41.8294209Z Pages: write
2025-01-09T08:46:41.8294736Z PullRequests: write
2025-01-09T08:46:41.8295435Z RepositoryProjects: write
2025-01-09T08:46:41.8296076Z SecurityEvents: write
2025-01-09T08:46:41.8296605Z Statuses: write
2025-01-09T08:46:41.8297097Z ##[endgroup]
2025-01-09T08:46:41.8300156Z Secret source: Actions
2025-01-09T08:46:41.8300847Z Prepare workflow directory
2025-01-09T08:46:41.8830214Z Prepare all required actions
2025-01-09T08:46:41.8865978Z Getting action download info
2025-01-09T08:46:42.0943638Z Download action repository 'actions/checkout@v4' (SHA:11bd71901bbe5b1630ceea73d27597364c9af683)
2025-01-09T08:46:42.1964532Z Download action repository 'actions/upload-artifact@v4' (SHA:6f51ac03b9356f520e9adb1b1b7802705f340c2b)
2025-01-09T08:46:42.3487375Z Complete job name:  continuum ubuntu-latest 
2025-01-09T08:46:42.4128378Z ##[group]Run actions/checkout@v4
2025-01-09T08:46:42.4129198Z with:
2025-01-09T08:46:42.4129598Z   repository: tardis-sn/tardis
2025-01-09T08:46:42.4130233Z   token: ***
2025-01-09T08:46:42.4130609Z   ssh-strict: true
2025-01-09T08:46:42.4131007Z   ssh-user: git
2025-01-09T08:46:42.4131407Z   persist-credentials: true
2025-01-09T08:46:42.4131854Z   clean: true
2025-01-09T08:46:42.4132250Z   sparse-checkout-cone-mode: true
2025-01-09T08:46:42.4132734Z   fetch-depth: 1
2025-01-09T08:46:42.4133122Z   fetch-tags: false
2025-01-09T08:46:42.4133524Z   show-progress: true
2025-01-09T08:46:42.4133932Z   lfs: false
2025-01-09T08:46:42.4134297Z   submodules: false
2025-01-09T08:46:42.4134699Z   set-safe-directory: true
2025-01-09T08:46:42.4135514Z env:
2025-01-09T08:46:42.4135897Z   CACHE_NUMBER: 0
2025-01-09T08:46:42.4137026Z   PYTEST_FLAGS: --tardis-regression-data=/home/runner/work/tardis/tardis/tardis-regression-data --cov=tardis --cov-report=xml --cov-report=html --cov-append
2025-01-09T08:46:42.4138368Z   CODECOV_TOKEN: ***
2025-01-09T08:46:42.4138772Z ##[endgroup]
2025-01-09T08:46:42.6086859Z Syncing repository: tardis-sn/tardis
2025-01-09T08:46:42.6088549Z ##[group]Getting Git version info
2025-01-09T08:46:42.6089212Z Working directory is '/home/runner/work/tardis/tardis'
2025-01-09T08:46:42.6090106Z [command]/usr/bin/git version
2025-01-09T08:46:42.6149727Z git version 2.47.1
2025-01-09T08:46:42.6177595Z ##[endgroup]
2025-01-09T08:46:42.6197005Z Temporarily overriding HOME='/home/runner/work/_temp/db56df77-251d-43fe-96f7-c673305ef4e0' before making global git config changes
2025-01-09T08:46:42.6198379Z Adding repository directory to the temporary git global config as a safe directory
2025-01-09T08:46:42.6201797Z [command]/usr/bin/git config --global --add safe.directory /home/runner/work/tardis/tardis
2025-01-09T08:46:42.6237947Z Deleting the contents of '/home/runner/work/tardis/tardis'
2025-01-09T08:46:42.6242046Z ##[group]Initializing the repository
2025-01-09T08:46:42.6248200Z [command]/usr/bin/git init /home/runner/work/tardis/tardis
2025-01-09T08:46:42.6326863Z hint: Using 'master' as the name for the initial branch. This default branch name
2025-01-09T08:46:42.6328152Z hint: is subject to change. To configure the initial branch name to use in all
2025-01-09T08:46:42.6329073Z hint: of your new repositories, which will suppress this warning, call:
2025-01-09T08:46:42.6329746Z hint:
2025-01-09T08:46:42.6330216Z hint: 	git config --global init.defaultBranch <name>
2025-01-09T08:46:42.6330831Z hint:
2025-01-09T08:46:42.6331675Z hint: Names commonly chosen instead of 'master' are 'main', 'trunk' and
2025-01-09T08:46:42.6333020Z hint: 'development'. The just-created branch can be renamed via this command:
2025-01-09T08:46:42.6333728Z hint:
2025-01-09T08:46:42.6334106Z hint: 	git branch -m <name>
2025-01-09T08:46:42.6334785Z Initialized empty Git repository in /home/runner/work/tardis/tardis/.git/
2025-01-09T08:46:42.6343281Z [command]/usr/bin/git remote add origin https://github.com/tardis-sn/tardis
2025-01-09T08:46:42.6392371Z ##[endgroup]
2025-01-09T08:46:42.6393073Z ##[group]Disabling automatic garbage collection
2025-01-09T08:46:42.6396492Z [command]/usr/bin/git config --local gc.auto 0
2025-01-09T08:46:42.6425901Z ##[endgroup]
2025-01-09T08:46:42.6427221Z ##[group]Setting up auth
2025-01-09T08:46:42.6433273Z [command]/usr/bin/git config --local --name-only --get-regexp core\.sshCommand
2025-01-09T08:46:42.6463748Z [command]/usr/bin/git submodule foreach --recursive sh -c "git config --local --name-only --get-regexp 'core\.sshCommand' && git config --local --unset-all 'core.sshCommand' || :"
2025-01-09T08:46:42.6751072Z [command]/usr/bin/git config --local --name-only --get-regexp http\.https\:\/\/github\.com\/\.extraheader
2025-01-09T08:46:42.6780700Z [command]/usr/bin/git submodule foreach --recursive sh -c "git config --local --name-only --get-regexp 'http\.https\:\/\/github\.com\/\.extraheader' && git config --local --unset-all 'http.https://github.com/.extraheader' || :"
2025-01-09T08:46:42.7015049Z [command]/usr/bin/git config --local http.https://github.com/.extraheader AUTHORIZATION: basic ***
2025-01-09T08:46:42.7063548Z ##[endgroup]
2025-01-09T08:46:42.7064407Z ##[group]Fetching the repository
2025-01-09T08:46:42.7072396Z [command]/usr/bin/git -c protocol.version=2 fetch --no-tags --prune --no-recurse-submodules --depth=1 origin +0fc2c76326b8122f88ddaf369f17a637bbe37c63:refs/remotes/origin/master
2025-01-09T08:46:43.8254786Z From https://github.com/tardis-sn/tardis
2025-01-09T08:46:43.8256259Z  * [new ref]         0fc2c76326b8122f88ddaf369f17a637bbe37c63 -> origin/master
2025-01-09T08:46:43.8284183Z ##[endgroup]
2025-01-09T08:46:43.8285671Z ##[group]Determining the checkout info
2025-01-09T08:46:43.8287153Z ##[endgroup]
2025-01-09T08:46:43.8292072Z [command]/usr/bin/git sparse-checkout disable
2025-01-09T08:46:43.8330259Z [command]/usr/bin/git config --local --unset-all extensions.worktreeConfig
2025-01-09T08:46:43.8359155Z ##[group]Checking out the ref
2025-01-09T08:46:43.8364118Z [command]/usr/bin/git checkout --progress --force -B master refs/remotes/origin/master
2025-01-09T08:46:44.0360395Z Reset branch 'master'
2025-01-09T08:46:44.0361690Z branch 'master' set up to track 'origin/master'.
2025-01-09T08:46:44.0382073Z ##[endgroup]
2025-01-09T08:46:44.0423170Z [command]/usr/bin/git log -1 --format=%H
2025-01-09T08:46:44.0447143Z 0fc2c76326b8122f88ddaf369f17a637bbe37c63
2025-01-09T08:46:44.0787034Z Prepare all required actions
2025-01-09T08:46:44.0788432Z Getting action download info
2025-01-09T08:46:44.2705949Z Download action repository 'actions/cache@v4' (SHA:1bd1e32a3bdc45362d1e726936510720a7c30a57)
2025-01-09T08:46:44.4205937Z ##[group]Run ./.github/actions/setup_lfs
2025-01-09T08:46:44.4206652Z with:
2025-01-09T08:46:44.4207304Z   regression-data-repo: tardis-sn/tardis-regression-data
2025-01-09T08:46:44.4208126Z env:
2025-01-09T08:46:44.4208548Z   CACHE_NUMBER: 0
2025-01-09T08:46:44.4210502Z   PYTEST_FLAGS: --tardis-regression-data=/home/runner/work/tardis/tardis/tardis-regression-data --cov=tardis --cov-report=xml --cov-report=html --cov-append
2025-01-09T08:46:44.4212626Z   CODECOV_TOKEN: ***
2025-01-09T08:46:44.4213144Z ##[endgroup]
2025-01-09T08:46:44.4370282Z ##[group]Run actions/checkout@v4
2025-01-09T08:46:44.4370936Z with:
2025-01-09T08:46:44.4371518Z   repository: tardis-sn/tardis-regression-data
2025-01-09T08:46:44.4372319Z   path: tardis-regression-data
2025-01-09T08:46:44.4373231Z   token: ***
2025-01-09T08:46:44.4373739Z   ssh-strict: true
2025-01-09T08:46:44.4374267Z   ssh-user: git
2025-01-09T08:46:44.4374802Z   persist-credentials: true
2025-01-09T08:46:44.4375568Z   clean: true
2025-01-09T08:46:44.4376105Z   sparse-checkout-cone-mode: true
2025-01-09T08:46:44.4376768Z   fetch-depth: 1
2025-01-09T08:46:44.4377276Z   fetch-tags: false
2025-01-09T08:46:44.4377795Z   show-progress: true
2025-01-09T08:46:44.4378333Z   lfs: false
2025-01-09T08:46:44.4378830Z   submodules: false
2025-01-09T08:46:44.4379387Z   set-safe-directory: true
2025-01-09T08:46:44.4379954Z env:
2025-01-09T08:46:44.4380384Z   CACHE_NUMBER: 0
2025-01-09T08:46:44.4382090Z   PYTEST_FLAGS: --tardis-regression-data=/home/runner/work/tardis/tardis/tardis-regression-data --cov=tardis --cov-report=xml --cov-report=html --cov-append
2025-01-09T08:46:44.4384067Z   CODECOV_TOKEN: ***
2025-01-09T08:46:44.4384593Z ##[endgroup]
2025-01-09T08:46:44.5326226Z Syncing repository: tardis-sn/tardis-regression-data
2025-01-09T08:46:44.5333410Z ##[group]Getting Git version info
2025-01-09T08:46:44.5335635Z Working directory is '/home/runner/work/tardis/tardis/tardis-regression-data'
2025-01-09T08:46:44.5376413Z [command]/usr/bin/git version
2025-01-09T08:46:44.5412609Z git version 2.47.1
2025-01-09T08:46:44.5438802Z ##[endgroup]
2025-01-09T08:46:44.5459444Z Temporarily overriding HOME='/home/runner/work/_temp/d5130e19-a0a4-4d6e-8989-3cc0f67c62c6' before making global git config changes
2025-01-09T08:46:44.5463076Z Adding repository directory to the temporary git global config as a safe directory
2025-01-09T08:46:44.5466596Z [command]/usr/bin/git config --global --add safe.directory /home/runner/work/tardis/tardis/tardis-regression-data
2025-01-09T08:46:44.5496131Z ##[group]Initializing the repository
2025-01-09T08:46:44.5502002Z [command]/usr/bin/git init /home/runner/work/tardis/tardis/tardis-regression-data
2025-01-09T08:46:44.5542537Z hint: Using 'master' as the name for the initial branch. This default branch name
2025-01-09T08:46:44.5544746Z hint: is subject to change. To configure the initial branch name to use in all
2025-01-09T08:46:44.5546268Z hint: of your new repositories, which will suppress this warning, call:
2025-01-09T08:46:44.5547216Z hint:
2025-01-09T08:46:44.5548157Z hint: 	git config --global init.defaultBranch <name>
2025-01-09T08:46:44.5549417Z hint:
2025-01-09T08:46:44.5550635Z hint: Names commonly chosen instead of 'master' are 'main', 'trunk' and
2025-01-09T08:46:44.5552874Z hint: 'development'. The just-created branch can be renamed via this command:
2025-01-09T08:46:44.5554343Z hint:
2025-01-09T08:46:44.5554899Z hint: 	git branch -m <name>
2025-01-09T08:46:44.5556469Z Initialized empty Git repository in /home/runner/work/tardis/tardis/tardis-regression-data/.git/
2025-01-09T08:46:44.5559056Z [command]/usr/bin/git remote add origin https://github.com/tardis-sn/tardis-regression-data
2025-01-09T08:46:44.5585823Z ##[endgroup]
2025-01-09T08:46:44.5587073Z ##[group]Disabling automatic garbage collection
2025-01-09T08:46:44.5589768Z [command]/usr/bin/git config --local gc.auto 0
2025-01-09T08:46:44.5618220Z ##[endgroup]
2025-01-09T08:46:44.5619115Z ##[group]Setting up auth
2025-01-09T08:46:44.5623828Z [command]/usr/bin/git config --local --name-only --get-regexp core\.sshCommand
2025-01-09T08:46:44.5653205Z [command]/usr/bin/git submodule foreach --recursive sh -c "git config --local --name-only --get-regexp 'core\.sshCommand' && git config --local --unset-all 'core.sshCommand' || :"
2025-01-09T08:46:44.5877382Z [command]/usr/bin/git config --local --name-only --get-regexp http\.https\:\/\/github\.com\/\.extraheader
2025-01-09T08:46:44.5906088Z [command]/usr/bin/git submodule foreach --recursive sh -c "git config --local --name-only --get-regexp 'http\.https\:\/\/github\.com\/\.extraheader' && git config --local --unset-all 'http.https://github.com/.extraheader' || :"
2025-01-09T08:46:44.6127810Z [command]/usr/bin/git config --local http.https://github.com/.extraheader AUTHORIZATION: basic ***
2025-01-09T08:46:44.6173025Z ##[endgroup]
2025-01-09T08:46:44.6174052Z ##[group]Determining the default branch
2025-01-09T08:46:44.6176513Z Retrieving the default branch name
2025-01-09T08:46:44.9187355Z Default branch 'main'
2025-01-09T08:46:44.9188357Z ##[endgroup]
2025-01-09T08:46:44.9189066Z ##[group]Fetching the repository
2025-01-09T08:46:44.9195181Z [command]/usr/bin/git -c protocol.version=2 fetch --no-tags --prune --no-recurse-submodules --depth=1 origin +refs/heads/main:refs/remotes/origin/main
2025-01-09T08:46:45.6278316Z From https://github.com/tardis-sn/tardis-regression-data
2025-01-09T08:46:45.6279177Z  * [new branch]      main       -> origin/main
2025-01-09T08:46:45.6310595Z ##[endgroup]
2025-01-09T08:46:45.6311440Z ##[group]Determining the checkout info
2025-01-09T08:46:45.6313612Z ##[endgroup]
2025-01-09T08:46:45.6318520Z [command]/usr/bin/git sparse-checkout disable
2025-01-09T08:46:45.6356101Z [command]/usr/bin/git config --local --unset-all extensions.worktreeConfig
2025-01-09T08:46:45.6384911Z ##[group]Checking out the ref
2025-01-09T08:46:45.6389295Z [command]/usr/bin/git checkout --progress --force -B main refs/remotes/origin/main
2025-01-09T08:46:45.7821744Z Switched to a new branch 'main'
2025-01-09T08:46:45.7823382Z branch 'main' set up to track 'origin/main'.
2025-01-09T08:46:45.8100037Z ##[endgroup]
2025-01-09T08:46:45.8138708Z [command]/usr/bin/git log -1 --format=%H
2025-01-09T08:46:45.8161355Z 666ab8501c2b2aea30d05b8822e7ddbfca078d23
2025-01-09T08:46:45.8294678Z ##[group]Run git lfs ls-files -l | cut -d' ' -f1 | sort > .lfs-assets-id
2025-01-09T08:46:45.8295628Z [36;1mgit lfs ls-files -l | cut -d' ' -f1 | sort > .lfs-assets-id[0m
2025-01-09T08:46:45.8328587Z shell: /usr/bin/bash --noprofile --norc -e -o pipefail {0}
2025-01-09T08:46:45.8328986Z env:
2025-01-09T08:46:45.8329200Z   CACHE_NUMBER: 0
2025-01-09T08:46:45.8329862Z   PYTEST_FLAGS: --tardis-regression-data=/home/runner/work/tardis/tardis/tardis-regression-data --cov=tardis --cov-report=xml --cov-report=html --cov-append
2025-01-09T08:46:45.8330830Z   CODECOV_TOKEN: ***
2025-01-09T08:46:45.8331083Z ##[endgroup]
2025-01-09T08:46:45.9802939Z ##[group]Run actions/cache/restore@v4
2025-01-09T08:46:45.9803248Z with:
2025-01-09T08:46:45.9803486Z   path: tardis-regression-data/.git/lfs
2025-01-09T08:46:45.9803965Z   key: Linux-lfs-21f9fa4b6817cc69b9fae3598144724da7828e276a73bd17f47a2a49d9af090a-v1
2025-01-09T08:46:45.9804424Z   enableCrossOsArchive: false
2025-01-09T08:46:45.9804702Z   fail-on-cache-miss: false
2025-01-09T08:46:45.9804952Z   lookup-only: false
2025-01-09T08:46:45.9805406Z env:
2025-01-09T08:46:45.9805684Z   CACHE_NUMBER: 0
2025-01-09T08:46:45.9806333Z   PYTEST_FLAGS: --tardis-regression-data=/home/runner/work/tardis/tardis/tardis-regression-data --cov=tardis --cov-report=xml --cov-report=html --cov-append
2025-01-09T08:46:45.9807185Z   CODECOV_TOKEN: ***
2025-01-09T08:46:45.9807423Z ##[endgroup]
2025-01-09T08:46:47.7730039Z Received 0 of 1708418946 (0.0%), 0.0 MBs/sec
2025-01-09T08:46:48.7731337Z Received 134217728 of 1708418946 (7.9%), 64.0 MBs/sec
2025-01-09T08:46:49.7739764Z Received 289406976 of 1708418946 (16.9%), 92.0 MBs/sec
2025-01-09T08:46:50.7745481Z Received 406847488 of 1708418946 (23.8%), 97.0 MBs/sec
2025-01-09T08:46:51.7750006Z Received 541065216 of 1708418946 (31.7%), 103.2 MBs/sec
2025-01-09T08:46:52.7755906Z Received 671088640 of 1708418946 (39.3%), 106.6 MBs/sec
2025-01-09T08:46:53.7778813Z Received 817889280 of 1708418946 (47.9%), 111.4 MBs/sec
2025-01-09T08:46:54.7784601Z Received 960495616 of 1708418946 (56.2%), 114.4 MBs/sec
2025-01-09T08:46:55.7771807Z Received 1094713344 of 1708418946 (64.1%), 115.9 MBs/sec
2025-01-09T08:46:56.7775867Z Received 1224736768 of 1708418946 (71.7%), 116.7 MBs/sec
2025-01-09T08:46:57.7774021Z Received 1379926016 of 1708418946 (80.8%), 119.6 MBs/sec
2025-01-09T08:46:58.7771806Z Received 1522532352 of 1708418946 (89.1%), 121.0 MBs/sec
2025-01-09T08:46:59.7776677Z Received 1665138688 of 1708418946 (97.5%), 122.1 MBs/sec
2025-01-09T08:47:00.0730558Z Cache Size: ~1629 MB (1708418946 B)
2025-01-09T08:47:00.0789779Z [command]/usr/bin/tar -xf /home/runner/work/_temp/e0bb4125-5be6-42c6-8ae7-425a1909b090/cache.tzst -P -C /home/runner/work/tardis/tardis --use-compress-program unzstd
2025-01-09T08:47:00.7788686Z Received 1708418946 of 1708418946 (100.0%), 116.3 MBs/sec
2025-01-09T08:47:06.4300688Z Cache restored successfully
2025-01-09T08:47:06.7516677Z Cache restored from key: Linux-lfs-21f9fa4b6817cc69b9fae3598144724da7828e276a73bd17f47a2a49d9af090a-v1
2025-01-09T08:47:06.7680617Z ##[group]Run git lfs checkout
2025-01-09T08:47:06.7680913Z [36;1mgit lfs checkout[0m
2025-01-09T08:47:06.7707605Z shell: /usr/bin/bash --noprofile --norc -e -o pipefail {0}
2025-01-09T08:47:06.7707937Z env:
2025-01-09T08:47:06.7708107Z   CACHE_NUMBER: 0
2025-01-09T08:47:06.7708720Z   PYTEST_FLAGS: --tardis-regression-data=/home/runner/work/tardis/tardis/tardis-regression-data --cov=tardis --cov-report=xml --cov-report=html --cov-append
2025-01-09T08:47:06.7709518Z   CODECOV_TOKEN: ***
2025-01-09T08:47:06.7709736Z ##[endgroup]
2025-01-09T08:47:17.4563749Z Checking out LFS objects: 100% (204/204), 3.5 GB | 334 MB/s, done.
2025-01-09T08:47:20.7980316Z Prepare all required actions
2025-01-09T08:47:20.7980674Z Getting action download info
2025-01-09T08:47:20.9979653Z Download action repository 'mamba-org/setup-micromamba@v1' (SHA:4b9113af4fba0e9e1124b252dd6497a419e7396d)
2025-01-09T08:47:21.7096235Z ##[group]Run ./.github/actions/setup_env
2025-01-09T08:47:21.7096503Z with:
2025-01-09T08:47:21.7096682Z   os-label: linux-64
2025-01-09T08:47:21.7096890Z env:
2025-01-09T08:47:21.7097056Z   CACHE_NUMBER: 0
2025-01-09T08:47:21.7097665Z   PYTEST_FLAGS: --tardis-regression-data=/home/runner/work/tardis/tardis/tardis-regression-data --cov=tardis --cov-report=xml --cov-report=html --cov-append
2025-01-09T08:47:21.7098411Z   CODECOV_TOKEN: ***
2025-01-09T08:47:21.7098610Z ##[endgroup]
2025-01-09T08:47:21.7117382Z ##[group]Run file_hash=$(cat conda-linux-64.lock | shasum -a 256 | cut -d' ' -f1)
2025-01-09T08:47:21.7117857Z [36;1mfile_hash=$(cat conda-linux-64.lock | shasum -a 256 | cut -d' ' -f1)[0m
2025-01-09T08:47:21.7118283Z [36;1mecho "file_hash=$file_hash" >> "${GITHUB_OUTPUT}"[0m
2025-01-09T08:47:21.7143518Z shell: /usr/bin/bash --noprofile --norc -e -o pipefail {0}
2025-01-09T08:47:21.7143831Z env:
2025-01-09T08:47:21.7143999Z   CACHE_NUMBER: 0
2025-01-09T08:47:21.7144618Z   PYTEST_FLAGS: --tardis-regression-data=/home/runner/work/tardis/tardis/tardis-regression-data --cov=tardis --cov-report=xml --cov-report=html --cov-append
2025-01-09T08:47:21.7145507Z   CODECOV_TOKEN: ***
2025-01-09T08:47:21.7145708Z ##[endgroup]
2025-01-09T08:47:21.8706295Z ##[group]Run mamba-org/setup-micromamba@v1
2025-01-09T08:47:21.8706567Z with:
2025-01-09T08:47:21.8706765Z   environment-file: conda-linux-64.lock
2025-01-09T08:47:21.8707196Z   cache-environment-key: d7cd390425b0fd3cf82649dcc003efba9915fb4928f15d342148c3ccffcbe2ee
2025-01-09T08:47:21.8707766Z   cache-downloads-key: d7cd390425b0fd3cf82649dcc003efba9915fb4928f15d342148c3ccffcbe2ee
2025-01-09T08:47:21.8708168Z   environment-name: tardis
2025-01-09T08:47:21.8708388Z   cache-environment: true
2025-01-09T08:47:21.8708631Z   cache-downloads: true
2025-01-09T08:47:21.8708833Z env:
2025-01-09T08:47:21.8708998Z   CACHE_NUMBER: 0
2025-01-09T08:47:21.8709604Z   PYTEST_FLAGS: --tardis-regression-data=/home/runner/work/tardis/tardis/tardis-regression-data --cov=tardis --cov-report=xml --cov-report=html --cov-append
2025-01-09T08:47:21.8710405Z   CODECOV_TOKEN: ***
2025-01-09T08:47:21.8710602Z ##[endgroup]
2025-01-09T08:47:22.0148673Z Will download micromamba to /home/runner/micromamba-bin/micromamba
2025-01-09T08:47:22.0159220Z ##[group]Install micromamba
2025-01-09T08:47:22.5024440Z micromamba installed to /home/runner/micromamba-bin/micromamba
2025-01-09T08:47:22.5024997Z ##[endgroup]
2025-01-09T08:47:22.5026351Z Adding conda-forge to condarc channels ...
2025-01-09T08:47:22.5036484Z ##[group]Initialize micromamba for bash.
2025-01-09T08:47:22.5052462Z [command]/home/runner/micromamba-bin/micromamba shell init -s bash -r /home/runner/micromamba --log-level warning --rc-file /home/runner/work/_temp/setup-micromamba/.condarc
2025-01-09T08:47:22.5336393Z Modifying RC file "/home/runner/.bashrc"
2025-01-09T08:47:22.5338878Z Generating config for root prefix [1m"/home/runner/micromamba"[0m
2025-01-09T08:47:22.5339880Z Setting mamba executable to: [1m"/home/runner/micromamba-bin/micromamba"[0m
2025-01-09T08:47:22.5340412Z Adding (or replacing) the following in your "/home/runner/.bashrc" file
2025-01-09T08:47:22.5340739Z 
2025-01-09T08:47:22.5340834Z # >>> mamba initialize >>>
2025-01-09T08:47:22.5341152Z # !! Contents within this block are managed by 'mamba init' !!
2025-01-09T08:47:22.5341558Z export MAMBA_EXE='/home/runner/micromamba-bin/micromamba';
2025-01-09T08:47:22.5341947Z export MAMBA_ROOT_PREFIX='/home/runner/micromamba';
2025-01-09T08:47:22.5342471Z __mamba_setup="$("$MAMBA_EXE" shell hook --shell bash --root-prefix "$MAMBA_ROOT_PREFIX" 2> /dev/null)"
2025-01-09T08:47:22.5342974Z if [ $? -eq 0 ]; then
2025-01-09T08:47:22.5343197Z     eval "$__mamba_setup"
2025-01-09T08:47:22.5343424Z else
2025-01-09T08:47:22.5343985Z     alias micromamba="$MAMBA_EXE"  # Fallback on help from mamba activate
2025-01-09T08:47:22.5344369Z fi
2025-01-09T08:47:22.5344548Z unset __mamba_setup
2025-01-09T08:47:22.5344765Z # <<< mamba initialize <<<
2025-01-09T08:47:22.5344919Z 
2025-01-09T08:47:22.5355828Z Moving mamba initialize block to .bash_profile
2025-01-09T08:47:22.5367790Z ##[endgroup]
2025-01-09T08:47:22.5368928Z ##[group]Restoring downloads from `/home/runner/micromamba/pkgs` ...
2025-01-09T08:47:24.1674148Z Received 0 of 356800233 (0.0%), 0.0 MBs/sec
2025-01-09T08:47:25.1681750Z Received 121634816 of 356800233 (34.1%), 58.0 MBs/sec
2025-01-09T08:47:26.1687863Z Received 260046848 of 356800233 (72.9%), 82.6 MBs/sec
2025-01-09T08:47:27.0634778Z Cache Size: ~340 MB (356800233 B)
2025-01-09T08:47:27.0671918Z [command]/usr/bin/tar -xf /home/runner/work/_temp/0ef28a2a-6913-4f0d-8734-9975cf643d47/cache.tzst -P -C /home/runner/work/tardis/tardis --use-compress-program unzstd
2025-01-09T08:47:27.1698568Z Received 356800233 of 356800233 (100.0%), 85.0 MBs/sec
2025-01-09T08:47:27.5739094Z Cache restored successfully
2025-01-09T08:47:27.6461562Z Restored cache with key `d7cd390425b0fd3cf82649dcc003efba9915fb4928f15d342148c3ccffcbe2ee-linux-64`
2025-01-09T08:47:27.6462481Z ##[endgroup]
2025-01-09T08:47:27.6474019Z ##[group]Restoring environment `tardis` from `/home/runner/micromamba/envs/tardis` ...
2025-01-09T08:47:29.0113096Z Received 4194304 of 444592193 (0.9%), 4.0 MBs/sec
2025-01-09T08:47:30.0108030Z Received 130023424 of 444592193 (29.2%), 62.0 MBs/sec
2025-01-09T08:47:31.0174761Z Received 306184192 of 444592193 (68.9%), 97.3 MBs/sec
2025-01-09T08:47:32.0131198Z Received 436207616 of 444592193 (98.1%), 103.9 MBs/sec
2025-01-09T08:47:32.1429854Z Cache Size: ~424 MB (444592193 B)
2025-01-09T08:47:32.1518284Z [command]/usr/bin/tar -xf /home/runner/work/_temp/044b601a-29cf-4569-a044-f0aab2984976/cache.tzst -P -C /home/runner/work/tardis/tardis --use-compress-program unzstd
2025-01-09T08:47:33.0138319Z Received 444592193 of 444592193 (100.0%), 84.7 MBs/sec
2025-01-09T08:47:37.5951477Z Cache restored successfully
2025-01-09T08:47:37.6960974Z Restored cache with key `d7cd390425b0fd3cf82649dcc003efba9915fb4928f15d342148c3ccffcbe2ee-linux-64-tardis-args-4f53cda-root-dcc80ee-bin-[object Promise]-file-d7cd390425b0fd3cf82649dcc003efba9915fb4928f15d342148c3ccffcbe2ee`
2025-01-09T08:47:37.6963348Z ##[endgroup]
2025-01-09T08:47:37.6963816Z Adding environment tardis to auto-activate bash ...
2025-01-09T08:47:37.6972871Z Generating micromamba run shell.
2025-01-09T08:47:37.6990700Z ##[endgroup]
2025-01-09T08:47:37.7004666Z Set environment variables.
2025-01-09T08:47:37.7006336Z ##[group]micromamba info
2025-01-09T08:47:37.7008080Z [command]/home/runner/micromamba-bin/micromamba info -r /home/runner/micromamba -n tardis
2025-01-09T08:47:37.7282432Z 
2025-01-09T08:47:37.7283114Z        libmamba version : 1.5.10
2025-01-09T08:47:37.7283929Z      micromamba version : 1.5.10
2025-01-09T08:47:37.7285149Z            curl version : libcurl/8.10.1 OpenSSL/3.3.2 zlib/1.3.1 zstd/1.5.6 libssh2/1.11.0 nghttp2/1.58.0
2025-01-09T08:47:37.7286221Z      libarchive version : libarchive 3.7.4 zlib/1.2.13 bz2lib/1.0.8 libzstd/1.5.6
2025-01-09T08:47:37.7287038Z        envs directories : /home/runner/micromamba/envs
2025-01-09T08:47:37.7287923Z           package cache : /home/runner/micromamba/pkgs
2025-01-09T08:47:37.7288436Z                           /home/runner/.mamba/pkgs
2025-01-09T08:47:37.7288895Z             environment : tardis
2025-01-09T08:47:37.7289396Z            env location : /home/runner/micromamba/envs/tardis
2025-01-09T08:47:37.7289935Z       user config files : /home/runner/.mambarc
2025-01-09T08:47:37.7290583Z  populated config files : /home/runner/work/_temp/setup-micromamba/.condarc
2025-01-09T08:47:37.7291216Z        virtual packages : __unix=0=0
2025-01-09T08:47:37.7291636Z                           __linux=6.8.0=0
2025-01-09T08:47:37.7292064Z                           __glibc=2.39=0
2025-01-09T08:47:37.7292768Z                           __archspec=1=x86_64_v3
2025-01-09T08:47:37.7293342Z                channels : https://conda.anaconda.org/conda-forge/linux-64
2025-01-09T08:47:37.7293960Z                           https://conda.anaconda.org/conda-forge/noarch
2025-01-09T08:47:37.7294491Z        base environment : /home/runner/micromamba
2025-01-09T08:47:37.7294936Z                platform : linux-64
2025-01-09T08:47:37.7302512Z ##[endgroup]
2025-01-09T08:47:37.7303948Z ##[group]micromamba list
2025-01-09T08:47:37.7304931Z [command]/home/runner/micromamba-bin/micromamba list -r /home/runner/micromamba -n tardis
2025-01-09T08:47:38.1692991Z List of packages in environment: "/home/runner/micromamba/envs/tardis"
2025-01-09T08:47:38.1693833Z 
2025-01-09T08:47:38.1694245Z   Name                           Version              Build                    Channel    
2025-01-09T08:47:38.1695871Z â”€â”€â”€â”€â”€â”€â”€â”€â”€â”€â”€â”€â”€â”€â”€â”€â”€â”€â”€â”€â”€â”€â”€â”€â”€â”€â”€â”€â”€â”€â”€â”€â”€â”€â”€â”€â”€â”€â”€â”€â”€â”€â”€â”€â”€â”€â”€â”€â”€â”€â”€â”€â”€â”€â”€â”€â”€â”€â”€â”€â”€â”€â”€â”€â”€â”€â”€â”€â”€â”€â”€â”€â”€â”€â”€â”€â”€â”€â”€â”€â”€â”€â”€â”€â”€â”€â”€â”€â”€â”€â”€â”€
2025-01-09T08:47:38.1696400Z   _libgcc_mutex                  0.1                  conda_forge              conda-forge
2025-01-09T08:47:38.1696878Z   _openmp_mutex                  4.5                  2_gnu                    conda-forge
2025-01-09T08:47:38.1697361Z   alabaster                      0.7.16               pyhd8ed1ab_0             conda-forge
2025-01-09T08:47:38.1697812Z   anyio                          4.4.0                pyhd8ed1ab_0             conda-forge
2025-01-09T08:47:38.1698267Z   argon2-cffi                    23.1.0               pyhd8ed1ab_0             conda-forge
2025-01-09T08:47:38.1698800Z   argon2-cffi-bindings           21.2.0               py312h98912ed_4          conda-forge
2025-01-09T08:47:38.1699274Z   arrow                          1.3.0                pyhd8ed1ab_0             conda-forge
2025-01-09T08:47:38.1699694Z   astropy                        6.1.1                py312h085067d_0          conda-forge
2025-01-09T08:47:38.1700179Z   astropy-iers-data              0.2024.6.17.0.31.35  pyhd8ed1ab_0             conda-forge
2025-01-09T08:47:38.1700723Z   astropy-sphinx-theme           1.1                  pyhd8ed1ab_0             conda-forge
2025-01-09T08:47:38.1701214Z   asttokens                      2.4.1                pyhd8ed1ab_0             conda-forge
2025-01-09T08:47:38.1701661Z   async-lru                      2.0.4                pyhd8ed1ab_0             conda-forge
2025-01-09T08:47:38.1702089Z   atk-1.0                        2.38.0               h04ea711_2               conda-forge
2025-01-09T08:47:38.1702767Z   attrs                          23.2.0               pyh71513ae_0             conda-forge
2025-01-09T08:47:38.1703181Z   babel                          2.14.0               pyhd8ed1ab_0             conda-forge
2025-01-09T08:47:38.1703631Z   beautifulsoup4                 4.12.3               pyha770c72_0             conda-forge
2025-01-09T08:47:38.1704090Z   bleach                         6.1.0                pyhd8ed1ab_0             conda-forge
2025-01-09T08:47:38.1704507Z   blosc                          1.21.5               hc2324a3_1               conda-forge
2025-01-09T08:47:38.1704914Z   brotli                         1.1.0                hd590300_1               conda-forge
2025-01-09T08:47:38.1705576Z   brotli-bin                     1.1.0                hd590300_1               conda-forge
2025-01-09T08:47:38.1706053Z   brotli-python                  1.1.0                py312h30efb56_1          conda-forge
2025-01-09T08:47:38.1706502Z   bzip2                          1.0.8                hd590300_5               conda-forge
2025-01-09T08:47:38.1706861Z   c-ares                         1.28.1               hd590300_0               conda-forge
2025-01-09T08:47:38.1707196Z   c-blosc2                       2.14.4               hb4ffafa_1               conda-forge
2025-01-09T08:47:38.1707573Z   ca-certificates                2024.6.2             hbcca054_0               conda-forge
2025-01-09T08:47:38.1707970Z   cached-property                1.5.2                hd8ed1ab_1               conda-forge
2025-01-09T08:47:38.1708542Z   cached_property                1.5.2                pyha770c72_1             conda-forge
2025-01-09T08:47:38.1708917Z   cairo                          1.18.0               h3faef2a_0               conda-forge
2025-01-09T08:47:38.1709262Z   certifi                        2024.6.2             pyhd8ed1ab_0             conda-forge
2025-01-09T08:47:38.1709637Z   cffi                           1.16.0               py312hf06ca03_0          conda-forge
2025-01-09T08:47:38.1710020Z   charset-normalizer             3.3.2                pyhd8ed1ab_0             conda-forge
2025-01-09T08:47:38.1710398Z   click                          8.1.7                unix_pyh707e725_0        conda-forge
2025-01-09T08:47:38.1710746Z   codespell                      2.3.0                pyhd8ed1ab_0             conda-forge
2025-01-09T08:47:38.1711106Z   colorama                       0.4.6                pyhd8ed1ab_0             conda-forge
2025-01-09T08:47:38.1711452Z   comm                           0.2.2                pyhd8ed1ab_0             conda-forge
2025-01-09T08:47:38.1711799Z   commonmark                     0.9.1                py_0                     conda-forge
2025-01-09T08:47:38.1712173Z   contourpy                      1.2.1                py312h8572e83_0          conda-forge
2025-01-09T08:47:38.1712543Z   coverage                       7.5.3                py312h9a8786e_0          conda-forge
2025-01-09T08:47:38.1712904Z   cycler                         0.12.1               pyhd8ed1ab_0             conda-forge
2025-01-09T08:47:38.1713270Z   dataclasses                    0.8                  pyhc8e2a94_3             conda-forge
2025-01-09T08:47:38.1713633Z   debugpy                        1.8.1                py312h30efb56_0          conda-forge
2025-01-09T08:47:38.1713991Z   decorator                      5.1.1                pyhd8ed1ab_0             conda-forge
2025-01-09T08:47:38.1714361Z   defusedxml                     0.7.1                pyhd8ed1ab_0             conda-forge
2025-01-09T08:47:38.1714727Z   docutils                       0.20.1               py312h7900ff3_3          conda-forge
2025-01-09T08:47:38.1715083Z   dot2tex                        2.11.3               pyhd8ed1ab_0             conda-forge
2025-01-09T08:47:38.1715660Z   entrypoints                    0.4                  pyhd8ed1ab_0             conda-forge
2025-01-09T08:47:38.1716054Z   exceptiongroup                 1.2.0                pyhd8ed1ab_2             conda-forge
2025-01-09T08:47:38.1716575Z   executing                      2.0.1                pyhd8ed1ab_0             conda-forge
2025-01-09T08:47:38.1716919Z   expat                          2.6.2                h59595ed_0               conda-forge
2025-01-09T08:47:38.1717320Z   font-ttf-dejavu-sans-mono      2.37                 hab24e00_0               conda-forge
2025-01-09T08:47:38.1717764Z   font-ttf-inconsolata           3.000                h77eed37_0               conda-forge
2025-01-09T08:47:38.1718205Z   font-ttf-source-code-pro       2.038                h77eed37_0               conda-forge
2025-01-09T08:47:38.1718619Z   font-ttf-ubuntu                0.83                 h77eed37_2               conda-forge
2025-01-09T08:47:38.1718992Z   fontconfig                     2.14.2               h14ed4e7_0               conda-forge
2025-01-09T08:47:38.1719383Z   fonts-conda-ecosystem          1                    0                        conda-forge
2025-01-09T08:47:38.1719789Z   fonts-conda-forge              1                    0                        conda-forge
2025-01-09T08:47:38.1720170Z   fonttools                      4.53.0               py312h9a8786e_0          conda-forge
2025-01-09T08:47:38.1720524Z   fqdn                           1.5.1                pyhd8ed1ab_0             conda-forge
2025-01-09T08:47:38.1720862Z   freetype                       2.12.1               h267a509_2               conda-forge
2025-01-09T08:47:38.1721212Z   fribidi                        1.0.10               h36c2ea0_0               conda-forge
2025-01-09T08:47:38.1721671Z   future                         1.0.0                pyhd8ed1ab_0             conda-forge
2025-01-09T08:47:38.1722030Z   gdk-pixbuf                     2.42.12              hb9ae30d_0               conda-forge
2025-01-09T08:47:38.1722464Z   giflib                         5.2.2                hd590300_0               conda-forge
2025-01-09T08:47:38.1722836Z   git-lfs                        3.5.1                ha770c72_0               conda-forge
2025-01-09T08:47:38.1723166Z   gmp                            6.3.0                h59595ed_1               conda-forge
2025-01-09T08:47:38.1723508Z   gmpy2                          2.1.5                py312h1d5cde6_1          conda-forge
2025-01-09T08:47:38.1723874Z   graphite2                      1.3.13               h59595ed_1003            conda-forge
2025-01-09T08:47:38.1724245Z   graphviz                       11.0.0               hc68bbd7_0               conda-forge
2025-01-09T08:47:38.1724596Z   gtk2                           2.24.33              h280cfa0_4               conda-forge
2025-01-09T08:47:38.1724925Z   gts                            0.7.6                h977cf35_4               conda-forge
2025-01-09T08:47:38.1725372Z   h11                            0.14.0               pyhd8ed1ab_0             conda-forge
2025-01-09T08:47:38.1725697Z   h2                             4.1.0                pyhd8ed1ab_0             conda-forge
2025-01-09T08:47:38.1726140Z   h5py                           3.11.0               nompi_py312hb7ab980_102  conda-forge
2025-01-09T08:47:38.1726764Z   harfbuzz                       8.5.0                hfac3d4d_0               conda-forge
2025-01-09T08:47:38.1727400Z   hdf5                           1.14.3               nompi_hdf9ad27_105       conda-forge
2025-01-09T08:47:38.1727999Z   hpack                          4.0.0                pyh9f0ad1d_0             conda-forge
2025-01-09T08:47:38.1728660Z   httpcore                       1.0.5                pyhd8ed1ab_0             conda-forge
2025-01-09T08:47:38.1729444Z   httpx                          0.27.0               pyhd8ed1ab_0             conda-forge
2025-01-09T08:47:38.1730080Z   hyperframe                     6.0.1                pyhd8ed1ab_0             conda-forge
2025-01-09T08:47:38.1730645Z   icu                            73.2                 h59595ed_0               conda-forge
2025-01-09T08:47:38.1731178Z   idna                           3.7                  pyhd8ed1ab_0             conda-forge
2025-01-09T08:47:38.1732047Z   imagesize                      1.4.1                pyhd8ed1ab_0             conda-forge
2025-01-09T08:47:38.1732776Z   importlib-metadata             7.1.0                pyha770c72_0             conda-forge
2025-01-09T08:47:38.1733463Z   importlib_metadata             7.1.0                hd8ed1ab_0               conda-forge
2025-01-09T08:47:38.1734194Z   importlib_resources            6.4.0                pyhd8ed1ab_0             conda-forge
2025-01-09T08:47:38.1734858Z   iniconfig                      2.0.0                pyhd8ed1ab_0             conda-forge
2025-01-09T08:47:38.1735649Z   ipykernel                      6.29.4               pyh3099207_0             conda-forge
2025-01-09T08:47:38.1736260Z   ipython                        8.25.0               pyh707e725_0             conda-forge
2025-01-09T08:47:38.1736901Z   ipython_genutils               0.2.0                pyhd8ed1ab_1             conda-forge
2025-01-09T08:47:38.1737562Z   ipywidgets                     7.8.0                pyhd8ed1ab_0             conda-forge
2025-01-09T08:47:38.1738263Z   isoduration                    20.11.0              pyhd8ed1ab_0             conda-forge
2025-01-09T08:47:38.1738885Z   jedi                           0.19.1               pyhd8ed1ab_0             conda-forge
2025-01-09T08:47:38.1739460Z   jinja2                         3.1.4                pyhd8ed1ab_0             conda-forge
2025-01-09T08:47:38.1740038Z   json5                          0.9.25               pyhd8ed1ab_0             conda-forge
2025-01-09T08:47:38.1740838Z   jsonpointer                    3.0.0                py312h7900ff3_0          conda-forge
2025-01-09T08:47:38.1741491Z   jsonschema                     4.22.0               pyhd8ed1ab_0             conda-forge
2025-01-09T08:47:38.1742267Z   jsonschema-specifications      2023.12.1            pyhd8ed1ab_0             conda-forge
2025-01-09T08:47:38.1743134Z   jsonschema-with-format-nongpl  4.22.0               pyhd8ed1ab_0             conda-forge
2025-01-09T08:47:38.1743892Z   jupyter-lsp                    2.2.5                pyhd8ed1ab_0             conda-forge
2025-01-09T08:47:38.1744556Z   jupyter_client                 8.6.2                pyhd8ed1ab_0             conda-forge
2025-01-09T08:47:38.1745361Z   jupyter_core                   5.7.2                py312h7900ff3_0          conda-forge
2025-01-09T08:47:38.1746026Z   jupyter_events                 0.10.0               pyhd8ed1ab_0             conda-forge
2025-01-09T08:47:38.1746708Z   jupyter_server                 2.14.1               pyhd8ed1ab_0             conda-forge
2025-01-09T08:47:38.1747441Z   jupyter_server_terminals       0.5.3                pyhd8ed1ab_0             conda-forge
2025-01-09T08:47:38.1748148Z   jupyterlab                     4.2.2                pyhd8ed1ab_0             conda-forge
2025-01-09T08:47:38.1748840Z   jupyterlab_pygments            0.3.0                pyhd8ed1ab_1             conda-forge
2025-01-09T08:47:38.1749568Z   jupyterlab_server              2.27.2               pyhd8ed1ab_0             conda-forge
2025-01-09T08:47:38.1750295Z   jupyterlab_widgets             1.1.7                pyhd8ed1ab_0             conda-forge
2025-01-09T08:47:38.1750963Z   keyutils                       1.6.1                h166bdaf_0               conda-forge
2025-01-09T08:47:38.1751596Z   kiwisolver                     1.4.5                py312h8572e83_1          conda-forge
2025-01-09T08:47:38.1752182Z   krb5                           1.21.2               h659d440_0               conda-forge
2025-01-09T08:47:38.1752794Z   latexcodec                     2.0.1                pyh9f0ad1d_0             conda-forge
2025-01-09T08:47:38.1753426Z   lcms2                          2.16                 hb7c19ff_0               conda-forge
2025-01-09T08:47:38.1754046Z   ld_impl_linux-64               2.40                 hf3520f5_7               conda-forge
2025-01-09T08:47:38.1754695Z   lerc                           4.0.0                h27087fc_0               conda-forge
2025-01-09T08:47:38.1755439Z   libaec                         1.1.3                h59595ed_0               conda-forge
2025-01-09T08:47:38.1755808Z   libblas                        3.9.0                22_linux64_openblas      conda-forge
2025-01-09T08:47:38.1756186Z   libbrotlicommon                1.1.0                hd590300_1               conda-forge
2025-01-09T08:47:38.1756568Z   libbrotlidec                   1.1.0                hd590300_1               conda-forge
2025-01-09T08:47:38.1756942Z   libbrotlienc                   1.1.0                hd590300_1               conda-forge
2025-01-09T08:47:38.1757318Z   libcblas                       3.9.0                22_linux64_openblas      conda-forge
2025-01-09T08:47:38.1757677Z   libcurl                        8.8.0                hca28451_0               conda-forge
2025-01-09T08:47:38.1758028Z   libdeflate                     1.20                 hd590300_0               conda-forge
2025-01-09T08:47:38.1758390Z   libedit                        3.1.20191231         he28a2e2_2               conda-forge
2025-01-09T08:47:38.1758745Z   libev                          4.33                 hd590300_2               conda-forge
2025-01-09T08:47:38.1759086Z   libexpat                       2.6.2                h59595ed_0               conda-forge
2025-01-09T08:47:38.1759427Z   libffi                         3.4.2                h7f98852_5               conda-forge
2025-01-09T08:47:38.1759771Z   libgcc-ng                      13.2.0               h77fa898_10              conda-forge
2025-01-09T08:47:38.1760240Z   libgd                          2.3.3                h119a65a_9               conda-forge
2025-01-09T08:47:38.1760603Z   libgfortran-ng                 13.2.0               h69a702a_10              conda-forge
2025-01-09T08:47:38.1760982Z   libgfortran5                   13.2.0               h3d2ce59_10              conda-forge
2025-01-09T08:47:38.1761339Z   libglib                        2.80.2               h8a4344b_1               conda-forge
2025-01-09T08:47:38.1761684Z   libgomp                        13.2.0               h77fa898_10              conda-forge
2025-01-09T08:47:38.1762028Z   libiconv                       1.17                 hd590300_2               conda-forge
2025-01-09T08:47:38.1762392Z   libjpeg-turbo                  3.0.0                hd590300_1               conda-forge
2025-01-09T08:47:38.1762769Z   liblapack                      3.9.0                22_linux64_openblas      conda-forge
2025-01-09T08:47:38.1763136Z   libllvm14                      14.0.6               hcd5def8_4               conda-forge
2025-01-09T08:47:38.1763506Z   libnghttp2                     1.58.0               h47da74e_1               conda-forge
2025-01-09T08:47:38.1763862Z   libnsl                         2.0.1                hd590300_0               conda-forge
2025-01-09T08:47:38.1764229Z   libopenblas                    0.3.27               pthreads_h413a1c8_0      conda-forge
2025-01-09T08:47:38.1764598Z   libpng                         1.6.43               h2797004_0               conda-forge
2025-01-09T08:47:38.1764944Z   librsvg                        2.58.1               hadf69e7_0               conda-forge
2025-01-09T08:47:38.1765499Z   libsodium                      1.0.18               h36c2ea0_1               conda-forge
2025-01-09T08:47:38.1765867Z   libsqlite                      3.46.0               hde9e2c9_0               conda-forge
2025-01-09T08:47:38.1766474Z   libssh2                        1.11.0               h0841786_0               conda-forge
2025-01-09T08:47:38.1766944Z   libstdcxx-ng                   13.2.0               hc0a3c3a_10              conda-forge
2025-01-09T08:47:38.1767500Z   libtiff                        4.6.0                h1dd3fc0_3               conda-forge
2025-01-09T08:47:38.1767954Z   libuuid                        2.38.1               h0b41bf4_0               conda-forge
2025-01-09T08:47:38.1768409Z   libwebp                        1.4.0                h2c329e2_0               conda-forge
2025-01-09T08:47:38.1769147Z   libwebp-base                   1.4.0                hd590300_0               conda-forge
2025-01-09T08:47:38.1769612Z   libxcb                         1.15                 h0b41bf4_0               conda-forge
2025-01-09T08:47:38.1770058Z   libxcrypt                      4.4.36               hd590300_1               conda-forge
2025-01-09T08:47:38.1770575Z   libxml2                        2.12.7               hc051c1a_1               conda-forge
2025-01-09T08:47:38.1832103Z   libxslt                        1.1.39               h76b75d6_0               conda-forge
2025-01-09T08:47:38.1832801Z   libzlib                        1.3.1                h4ab18f5_1               conda-forge
2025-01-09T08:47:38.1833414Z   llvmlite                       0.42.0               py312hb06c811_1          conda-forge
2025-01-09T08:47:38.1834052Z   lxml                           5.2.2                py312hb90d8a5_0          conda-forge
2025-01-09T08:47:38.1834620Z   lz4-c                          1.9.4                hcb278e6_0               conda-forge
2025-01-09T08:47:38.1835152Z   lzo                            2.10                 hd590300_1001            conda-forge
2025-01-09T08:47:38.1835795Z   markupsafe                     2.1.5                py312h98912ed_0          conda-forge
2025-01-09T08:47:38.1836205Z   matplotlib-base                3.8.4                py312h20ab3a6_2          conda-forge
2025-01-09T08:47:38.1836625Z   matplotlib-inline              0.1.7                pyhd8ed1ab_0             conda-forge
2025-01-09T08:47:38.1837259Z   mistune                        3.0.2                pyhd8ed1ab_0             conda-forge
2025-01-09T08:47:38.1837607Z   mpc                            1.3.1                hfe3b2da_0               conda-forge
2025-01-09T08:47:38.1837996Z   mpfr                           4.2.1                h9458935_1               conda-forge
2025-01-09T08:47:38.1838343Z   mpmath                         1.3.0                pyhd8ed1ab_0             conda-forge
2025-01-09T08:47:38.1838695Z   munkres                        1.1.4                pyh9f0ad1d_0             conda-forge
2025-01-09T08:47:38.1839063Z   mypy_extensions                1.0.0                pyha770c72_0             conda-forge
2025-01-09T08:47:38.1839440Z   nbclassic                      1.1.0                pyhd8ed1ab_0             conda-forge
2025-01-09T08:47:38.1839817Z   nbclient                       0.10.0               pyhd8ed1ab_0             conda-forge
2025-01-09T08:47:38.1840179Z   nbconvert                      7.16.4               hd8ed1ab_1               conda-forge
2025-01-09T08:47:38.1840581Z   nbconvert-core                 7.16.4               pyhd8ed1ab_1             conda-forge
2025-01-09T08:47:38.1840999Z   nbconvert-pandoc               7.16.4               hd8ed1ab_1               conda-forge
2025-01-09T08:47:38.1841413Z   nbformat                       5.10.4               pyhd8ed1ab_0             conda-forge
2025-01-09T08:47:38.1842046Z   nbsphinx                       0.9.4                pyhd8ed1ab_0             conda-forge
2025-01-09T08:47:38.1842679Z   ncurses                        6.5                  h59595ed_0               conda-forge
2025-01-09T08:47:38.1843305Z   nest-asyncio                   1.6.0                pyhd8ed1ab_0             conda-forge
2025-01-09T08:47:38.1843843Z   networkx                       3.3                  pyhd8ed1ab_1             conda-forge
2025-01-09T08:47:38.1844190Z   nomkl                          1.0                  h5ca1d4c_0               conda-forge
2025-01-09T08:47:38.1844539Z   notebook                       7.2.1                pyhd8ed1ab_0             conda-forge
2025-01-09T08:47:38.1844910Z   notebook-shim                  0.2.4                pyhd8ed1ab_0             conda-forge
2025-01-09T08:47:38.1845484Z   numba                          0.59.1               py312hacefee8_0          conda-forge
2025-01-09T08:47:38.1845845Z   numexpr                        2.10.0               py312hf412c99_100        conda-forge
2025-01-09T08:47:38.1846185Z   numpy                          1.26.4               py312heda63a1_0          conda-forge
2025-01-09T08:47:38.1846686Z   numpydoc                       1.7.0                pyhd8ed1ab_1             conda-forge
2025-01-09T08:47:38.1847040Z   openjpeg                       2.5.2                h488ebb8_0               conda-forge
2025-01-09T08:47:38.1847385Z   openssl                        3.3.1                h4ab18f5_0               conda-forge
2025-01-09T08:47:38.1847742Z   overrides                      7.7.0                pyhd8ed1ab_0             conda-forge
2025-01-09T08:47:38.1848113Z   packaging                      24.1                 pyhd8ed1ab_0             conda-forge
2025-01-09T08:47:38.1848475Z   pandas                         2.2.2                py312h1d6d2e6_1          conda-forge
2025-01-09T08:47:38.1848842Z   pandoc                         3.2                  ha770c72_0               conda-forge
2025-01-09T08:47:38.1849203Z   pandocfilters                  1.5.0                pyhd8ed1ab_0             conda-forge
2025-01-09T08:47:38.1849574Z   pango                          1.54.0               h84a9a3c_0               conda-forge
2025-01-09T08:47:38.1849916Z   parso                          0.8.4                pyhd8ed1ab_0             conda-forge
2025-01-09T08:47:38.1850298Z   pathspec                       0.12.1               pyhd8ed1ab_0             conda-forge
2025-01-09T08:47:38.1850649Z   pbr                            6.0.0                pyhd8ed1ab_0             conda-forge
2025-01-09T08:47:38.1851097Z   pcre2                          10.44                h0f59acf_0               conda-forge
2025-01-09T08:47:38.1851448Z   pexpect                        4.9.0                pyhd8ed1ab_0             conda-forge
2025-01-09T08:47:38.1851811Z   pickleshare                    0.7.5                py_1003                  conda-forge
2025-01-09T08:47:38.1852173Z   pillow                         10.3.0               py312hdcec9eb_0          conda-forge
2025-01-09T08:47:38.1852508Z   pip                            24.0                 pyhd8ed1ab_0             conda-forge
2025-01-09T08:47:38.1852841Z   pixman                         0.43.2               h59595ed_0               conda-forge
2025-01-09T08:47:38.1853231Z   pkgutil-resolve-name           1.3.10               pyhd8ed1ab_1             conda-forge
2025-01-09T08:47:38.1853642Z   platformdirs                   4.2.2                pyhd8ed1ab_0             conda-forge
2025-01-09T08:47:38.1854015Z   plotly                         5.22.0               pyhd8ed1ab_0             conda-forge
2025-01-09T08:47:38.1854372Z   pluggy                         1.5.0                pyhd8ed1ab_0             conda-forge
2025-01-09T08:47:38.1854775Z   prometheus_client              0.20.0               pyhd8ed1ab_0             conda-forge
2025-01-09T08:47:38.1855180Z   prompt-toolkit                 3.0.47               pyha770c72_0             conda-forge
2025-01-09T08:47:38.1855906Z   psutil                         5.9.8                py312h98912ed_0          conda-forge
2025-01-09T08:47:38.1856289Z   pthread-stubs                  0.4                  h36c2ea0_1001            conda-forge
2025-01-09T08:47:38.1856668Z   ptyprocess                     0.7.0                pyhd3deb0d_0             conda-forge
2025-01-09T08:47:38.1857035Z   pure_eval                      0.2.2                pyhd8ed1ab_0             conda-forge
2025-01-09T08:47:38.1857393Z   py-cpuinfo                     9.0.0                pyhd8ed1ab_0             conda-forge
2025-01-09T08:47:38.1857757Z   pybtex                         0.24.0               pyhd8ed1ab_2             conda-forge
2025-01-09T08:47:38.1858131Z   pybtex-docutils                1.0.3                py312h7900ff3_1          conda-forge
2025-01-09T08:47:38.1858510Z   pycparser                      2.22                 pyhd8ed1ab_0             conda-forge
2025-01-09T08:47:38.1858866Z   pyerfa                         2.0.1.4              py312h085067d_1          conda-forge
2025-01-09T08:47:38.1859221Z   pygments                       2.18.0               pyhd8ed1ab_0             conda-forge
2025-01-09T08:47:38.1859728Z   pygraphviz                     1.13                 py312h4a1d8a7_1          conda-forge
2025-01-09T08:47:38.1860097Z   pyparsing                      3.1.2                pyhd8ed1ab_0             conda-forge
2025-01-09T08:47:38.1860460Z   pysocks                        1.7.1                pyha2e5f31_6             conda-forge
2025-01-09T08:47:38.1860815Z   pytables                       3.9.2                py312h96d95ec_2          conda-forge
2025-01-09T08:47:38.1861169Z   pytest                         8.2.2                pyhd8ed1ab_0             conda-forge
2025-01-09T08:47:38.1861527Z   pytest-cov                     5.0.0                pyhd8ed1ab_0             conda-forge
2025-01-09T08:47:38.1861924Z   pytest-doctestplus             1.2.1                pyhd8ed1ab_0             conda-forge
2025-01-09T08:47:38.1862325Z   pytest-html                    4.1.1                pyhd8ed1ab_0             conda-forge
2025-01-09T08:47:38.1862717Z   pytest-metadata                3.1.1                pyhd8ed1ab_0             conda-forge
2025-01-09T08:47:38.1863091Z   python                         3.12.4               h194c7f8_0_cpython       conda-forge
2025-01-09T08:47:38.1863465Z   python-dateutil                2.9.0                pyhd8ed1ab_0             conda-forge
2025-01-09T08:47:38.1863884Z   python-fastjsonschema          2.20.0               pyhd8ed1ab_0             conda-forge
2025-01-09T08:47:38.1864306Z   python-json-logger             2.0.7                pyhd8ed1ab_0             conda-forge
2025-01-09T08:47:38.1864829Z   python-tzdata                  2024.1               pyhd8ed1ab_0             conda-forge
2025-01-09T08:47:38.1865380Z   python_abi                     3.12                 4_cp312                  conda-forge
2025-01-09T08:47:38.1865755Z   pytz                           2024.1               pyhd8ed1ab_0             conda-forge
2025-01-09T08:47:38.1866098Z   pyyaml                         6.0.1                py312h98912ed_1          conda-forge
2025-01-09T08:47:38.1866451Z   pyzmq                          26.0.3               py312h8fd38d8_0          conda-forge
2025-01-09T08:47:38.1866787Z   qgrid                          1.3.1                pyhd8ed1ab_4             conda-forge
2025-01-09T08:47:38.1867189Z   radioactivedecay               0.5.1                pyhd8ed1ab_0             conda-forge
2025-01-09T08:47:38.1867565Z   readline                       8.2                  h8228510_1               conda-forge
2025-01-09T08:47:38.1867931Z   recommonmark                   0.7.1                pyhd8ed1ab_0             conda-forge
2025-01-09T08:47:38.1868307Z   referencing                    0.35.1               pyhd8ed1ab_0             conda-forge
2025-01-09T08:47:38.1868673Z   requests                       2.32.3               pyhd8ed1ab_0             conda-forge
2025-01-09T08:47:38.1869057Z   rfc3339-validator              0.1.4                pyhd8ed1ab_0             conda-forge
2025-01-09T08:47:38.1869470Z   rfc3986-validator              0.1.1                pyh9f0ad1d_0             conda-forge
2025-01-09T08:47:38.1869839Z   rpds-py                        0.18.1               py312h4413252_0          conda-forge
2025-01-09T08:47:38.1870170Z   ruff                           0.4.9                py312h5715c7c_0          conda-forge
2025-01-09T08:47:38.1870498Z   scipy                          1.13.1               py312hc2bc53b_0          conda-forge
2025-01-09T08:47:38.1870851Z   send2trash                     1.8.3                pyh0d859eb_0             conda-forge
2025-01-09T08:47:38.1871226Z   setuptools                     70.0.0               pyhd8ed1ab_0             conda-forge
2025-01-09T08:47:38.1871606Z   setuptools-scm                 8.1.0                pyhd8ed1ab_0             conda-forge
2025-01-09T08:47:38.1871996Z   setuptools_scm                 8.1.0                hd8ed1ab_0               conda-forge
2025-01-09T08:47:38.1872347Z   six                            1.16.0               pyh6c4a22f_0             conda-forge
2025-01-09T08:47:38.1872814Z   snakeviz                       2.2.0                pyhd8ed1ab_0             conda-forge
2025-01-09T08:47:38.1873160Z   snappy                         1.2.0                hdb0a2a9_1               conda-forge
2025-01-09T08:47:38.1873500Z   sniffio                        1.3.1                pyhd8ed1ab_0             conda-forge
2025-01-09T08:47:38.1873877Z   snowballstemmer                2.2.0                pyhd8ed1ab_0             conda-forge
2025-01-09T08:47:38.1874261Z   soupsieve                      2.5                  pyhd8ed1ab_1             conda-forge
2025-01-09T08:47:38.1874618Z   sphinx                         7.3.7                pyhd8ed1ab_0             conda-forge
2025-01-09T08:47:38.1874989Z   sphinx-astropy                 1.9.1                pyhd8ed1ab_0             conda-forge
2025-01-09T08:47:38.1875548Z   sphinx-automodapi              0.17.0               pyh717bed2_1             conda-forge
2025-01-09T08:47:38.1875960Z   sphinx-gallery                 0.16.0               pyhd8ed1ab_0             conda-forge
2025-01-09T08:47:38.1876365Z   sphinx-jsonschema              1.19.1               pyhd8ed1ab_0             conda-forge
2025-01-09T08:47:38.1876786Z   sphinx_bootstrap_theme         0.8.1                pyhd8ed1ab_0             conda-forge
2025-01-09T08:47:38.1877192Z   sphinx_rtd_theme               2.0.0                pyha770c72_0             conda-forge
2025-01-09T08:47:38.1877598Z   sphinxcontrib-apidoc           0.3.0                py_1                     conda-forge
2025-01-09T08:47:38.1878170Z   sphinxcontrib-applehelp        1.0.8                pyhd8ed1ab_0             conda-forge
2025-01-09T08:47:38.1878625Z   sphinxcontrib-bibtex           2.6.2                pyhd8ed1ab_0             conda-forge
2025-01-09T08:47:38.1879062Z   sphinxcontrib-devhelp          1.0.6                pyhd8ed1ab_0             conda-forge
2025-01-09T08:47:38.1879504Z   sphinxcontrib-htmlhelp         2.0.5                pyhd8ed1ab_0             conda-forge
2025-01-09T08:47:38.1879945Z   sphinxcontrib-jquery           4.1                  pyhd8ed1ab_0             conda-forge
2025-01-09T08:47:38.1880370Z   sphinxcontrib-jsmath           1.0.1                pyhd8ed1ab_0             conda-forge
2025-01-09T08:47:38.1880800Z   sphinxcontrib-qthelp           1.0.7                pyhd8ed1ab_0             conda-forge
2025-01-09T08:47:38.1881277Z   sphinxcontrib-serializinghtml  1.1.10               pyhd8ed1ab_0             conda-forge
2025-01-09T08:47:38.1881726Z   stack_data                     0.6.2                pyhd8ed1ab_0             conda-forge
2025-01-09T08:47:38.1882083Z   sympy                          1.12.1               pypyh2585a3b_103         conda-forge
2025-01-09T08:47:38.1882433Z   tabulate                       0.9.0                pyhd8ed1ab_1             conda-forge
2025-01-09T08:47:38.1882787Z   tenacity                       8.4.1                pyhd8ed1ab_0             conda-forge
2025-01-09T08:47:38.1883150Z   terminado                      0.18.1               pyh0d859eb_0             conda-forge
2025-01-09T08:47:38.1883508Z   tinycss2                       1.3.0                pyhd8ed1ab_0             conda-forge
2025-01-09T08:47:38.1883846Z   tk                             8.6.13               noxft_h4845f30_101       conda-forge
2025-01-09T08:47:38.1884169Z   toml                           0.10.2               pyhd8ed1ab_0             conda-forge
2025-01-09T08:47:38.1884504Z   tomli                          2.0.1                pyhd8ed1ab_0             conda-forge
2025-01-09T08:47:38.1884851Z   tornado                        6.4.1                py312h9a8786e_0          conda-forge
2025-01-09T08:47:38.1885325Z   tqdm                           4.66.4               pyhd8ed1ab_0             conda-forge
2025-01-09T08:47:38.1885714Z   traitlets                      5.14.3               pyhd8ed1ab_0             conda-forge
2025-01-09T08:47:38.1886075Z   typed-ast                      1.5.5                py312h98912ed_1          conda-forge
2025-01-09T08:47:38.1886658Z   types-python-dateutil          2.9.0.20240316       pyhd8ed1ab_0             conda-forge
2025-01-09T08:47:38.1887105Z   typing-extensions              4.12.2               hd8ed1ab_0               conda-forge
2025-01-09T08:47:38.1887517Z   typing_extensions              4.12.2               pyha770c72_0             conda-forge
2025-01-09T08:47:38.1887906Z   typing_utils                   0.1.0                pyhd8ed1ab_0             conda-forge
2025-01-09T08:47:38.1888276Z   tzdata                         2024a                h0c530f3_0               conda-forge
2025-01-09T08:47:38.1888648Z   uri-template                   1.3.0                pyhd8ed1ab_0             conda-forge
2025-01-09T08:47:38.1889013Z   urllib3                        2.2.2                pyhd8ed1ab_0             conda-forge
2025-01-09T08:47:38.1889368Z   wcwidth                        0.2.13               pyhd8ed1ab_0             conda-forge
2025-01-09T08:47:38.1889740Z   webcolors                      24.6.0               pyhd8ed1ab_0             conda-forge
2025-01-09T08:47:38.1890115Z   webencodings                   0.5.1                pyhd8ed1ab_2             conda-forge
2025-01-09T08:47:38.1890510Z   websocket-client               1.8.0                pyhd8ed1ab_0             conda-forge
2025-01-09T08:47:38.1890885Z   wheel                          0.43.0               pyhd8ed1ab_1             conda-forge
2025-01-09T08:47:38.1891268Z   widgetsnbextension             3.6.6                pyhd8ed1ab_0             conda-forge
2025-01-09T08:47:38.1891781Z   xorg-kbproto                   1.0.7                h7f98852_1002            conda-forge
2025-01-09T08:47:38.1892159Z   xorg-libice                    1.1.1                hd590300_0               conda-forge
2025-01-09T08:47:38.1892519Z   xorg-libsm                     1.2.4                h7391055_0               conda-forge
2025-01-09T08:47:38.1892883Z   xorg-libx11                    1.8.9                h8ee46fc_0               conda-forge
2025-01-09T08:47:38.1893262Z   xorg-libxau                    1.0.11               hd590300_0               conda-forge
2025-01-09T08:47:38.1893640Z   xorg-libxdmcp                  1.1.3                h7f98852_0               conda-forge
2025-01-09T08:47:38.1894011Z   xorg-libxext                   1.3.4                h0b41bf4_2               conda-forge
2025-01-09T08:47:38.1894395Z   xorg-libxrender                0.9.11               hd590300_0               conda-forge
2025-01-09T08:47:38.1894798Z   xorg-renderproto               0.11.1               h7f98852_1002            conda-forge
2025-01-09T08:47:38.1895376Z   xorg-xextproto                 7.3.0                h0b41bf4_1003            conda-forge
2025-01-09T08:47:38.1895767Z   xorg-xproto                    7.0.31               h7f98852_1007            conda-forge
2025-01-09T08:47:38.1896106Z   xz                             5.2.6                h166bdaf_0               conda-forge
2025-01-09T08:47:38.1896421Z   yaml                           0.2.5                h7f98852_2               conda-forge
2025-01-09T08:47:38.1896754Z   zeromq                         4.3.5                h75354e8_4               conda-forge
2025-01-09T08:47:38.1897091Z   zipp                           3.19.2               pyhd8ed1ab_0             conda-forge
2025-01-09T08:47:38.1897420Z   zlib                           1.3.1                h4ab18f5_1               conda-forge
2025-01-09T08:47:38.1897749Z   zlib-ng                        2.0.7                h0b41bf4_0               conda-forge
2025-01-09T08:47:38.1898088Z   zstd                           1.5.6                ha6fb4c9_0               conda-forge
2025-01-09T08:47:38.1898609Z ##[endgroup]
2025-01-09T08:47:38.1929649Z ##[group]Run pip install -e . --user
2025-01-09T08:47:38.1929979Z [36;1mpip install -e . --user[0m
2025-01-09T08:47:38.1958805Z shell: /usr/bin/bash -l {0}
2025-01-09T08:47:38.1959052Z env:
2025-01-09T08:47:38.1959226Z   CACHE_NUMBER: 0
2025-01-09T08:47:38.1959843Z   PYTEST_FLAGS: --tardis-regression-data=/home/runner/work/tardis/tardis/tardis-regression-data --cov=tardis --cov-report=xml --cov-report=html --cov-append
2025-01-09T08:47:38.1960832Z   CODECOV_TOKEN: ***
2025-01-09T08:47:38.1961076Z   MAMBA_ROOT_PREFIX: /home/runner/micromamba
2025-01-09T08:47:38.1961394Z   MAMBA_EXE: /home/runner/micromamba-bin/micromamba
2025-01-09T08:47:38.1961745Z   CONDARC: /home/runner/work/_temp/setup-micromamba/.condarc
2025-01-09T08:47:38.1962050Z ##[endgroup]
2025-01-09T08:47:39.5717994Z Obtaining file:///home/runner/work/tardis/tardis
2025-01-09T08:47:39.5746050Z   Installing build dependencies: started
2025-01-09T08:47:42.2560357Z   Installing build dependencies: finished with status 'done'
2025-01-09T08:47:42.2566953Z   Checking if build backend supports build_editable: started
2025-01-09T08:47:42.3780851Z   Checking if build backend supports build_editable: finished with status 'done'
2025-01-09T08:47:42.3788262Z   Getting requirements to build editable: started
2025-01-09T08:47:42.8437597Z   Getting requirements to build editable: finished with status 'done'
2025-01-09T08:47:42.8445781Z   Preparing editable metadata (pyproject.toml): started
2025-01-09T08:47:43.2898527Z   Preparing editable metadata (pyproject.toml): finished with status 'done'
2025-01-09T08:47:43.3484211Z Requirement already satisfied: astropy in /home/runner/micromamba/envs/tardis/lib/python3.12/site-packages (from tardis==0.0.0) (6.1.1)
2025-01-09T08:47:43.3890591Z Requirement already satisfied: numpy>=1.23 in /home/runner/micromamba/envs/tardis/lib/python3.12/site-packages (from astropy->tardis==0.0.0) (1.26.4)
2025-01-09T08:47:43.3899325Z Requirement already satisfied: pyerfa>=2.0.1.1 in /home/runner/micromamba/envs/tardis/lib/python3.12/site-packages (from astropy->tardis==0.0.0) (2.0.1.4)
2025-01-09T08:47:43.3909521Z Requirement already satisfied: astropy-iers-data>=0.2024.5.27.0.30.8 in /home/runner/micromamba/envs/tardis/lib/python3.12/site-packages (from astropy->tardis==0.0.0) (0.2024.6.17.0.31.35)
2025-01-09T08:47:43.3917777Z Requirement already satisfied: PyYAML>=3.13 in /home/runner/micromamba/envs/tardis/lib/python3.12/site-packages (from astropy->tardis==0.0.0) (6.0.1)
2025-01-09T08:47:43.3927445Z Requirement already satisfied: packaging>=19.0 in /home/runner/micromamba/envs/tardis/lib/python3.12/site-packages (from astropy->tardis==0.0.0) (24.1)
2025-01-09T08:47:43.4016478Z Building wheels for collected packages: tardis
2025-01-09T08:47:43.4024769Z   Building editable for tardis (pyproject.toml): started
2025-01-09T08:47:44.1690408Z   Building editable for tardis (pyproject.toml): finished with status 'done'
2025-01-09T08:47:44.1696787Z   Created wheel for tardis: filename=tardis-0.0.0-0.editable-py3-none-any.whl size=8878 sha256=c01a784af2caa0c3ef8ea430a6ef743c92ae5f13c128943e681da2713071dfb5
2025-01-09T08:47:44.1698369Z   Stored in directory: /tmp/pip-ephem-wheel-cache-vjm12g37/wheels/6a/c7/ae/89fa6dc2565455898176888ef0e2e475e4e90eb0124afcb995
2025-01-09T08:47:44.1724320Z Successfully built tardis
2025-01-09T08:47:44.9397824Z Installing collected packages: tardis
2025-01-09T08:47:44.9488905Z Successfully installed tardis-0.0.0
2025-01-09T08:47:45.1723390Z ##[group]Run pip install qgridnext
2025-01-09T08:47:45.1723713Z [36;1mpip install qgridnext[0m
2025-01-09T08:47:45.1750082Z shell: /usr/bin/bash -l {0}
2025-01-09T08:47:45.1750313Z env:
2025-01-09T08:47:45.1750490Z   CACHE_NUMBER: 0
2025-01-09T08:47:45.1751109Z   PYTEST_FLAGS: --tardis-regression-data=/home/runner/work/tardis/tardis/tardis-regression-data --cov=tardis --cov-report=xml --cov-report=html --cov-append
2025-01-09T08:47:45.1751911Z   CODECOV_TOKEN: ***
2025-01-09T08:47:45.1752147Z   MAMBA_ROOT_PREFIX: /home/runner/micromamba
2025-01-09T08:47:45.1752453Z   MAMBA_EXE: /home/runner/micromamba-bin/micromamba
2025-01-09T08:47:45.1752816Z   CONDARC: /home/runner/work/_temp/setup-micromamba/.condarc
2025-01-09T08:47:45.1753124Z ##[endgroup]
2025-01-09T08:47:45.7704191Z Collecting qgridnext
2025-01-09T08:47:45.7847005Z   Downloading qgridnext-2.0.4-py3-none-any.whl.metadata (9.9 kB)
2025-01-09T08:47:45.7932034Z Requirement already satisfied: pandas>=0.20.0 in /home/runner/micromamba/envs/tardis/lib/python3.12/site-packages (from qgridnext) (2.2.2)
2025-01-09T08:47:45.7941230Z Requirement already satisfied: ipywidgets>=7.0.0 in /home/runner/micromamba/envs/tardis/lib/python3.12/site-packages (from qgridnext) (7.8.0)
2025-01-09T08:47:45.7950921Z Requirement already satisfied: numpy in /home/runner/micromamba/envs/tardis/lib/python3.12/site-packages (from qgridnext) (1.26.4)
2025-01-09T08:47:45.7961517Z Requirement already satisfied: traitlets in /home/runner/micromamba/envs/tardis/lib/python3.12/site-packages (from qgridnext) (5.14.3)
2025-01-09T08:47:45.8051372Z Requirement already satisfied: comm>=0.1.3 in /home/runner/micromamba/envs/tardis/lib/python3.12/site-packages (from ipywidgets>=7.0.0->qgridnext) (0.2.2)
2025-01-09T08:47:45.8060447Z Requirement already satisfied: ipython-genutils~=0.2.0 in /home/runner/micromamba/envs/tardis/lib/python3.12/site-packages (from ipywidgets>=7.0.0->qgridnext) (0.2.0)
2025-01-09T08:47:45.8073882Z Requirement already satisfied: widgetsnbextension~=3.6.5 in /home/runner/micromamba/envs/tardis/lib/python3.12/site-packages (from ipywidgets>=7.0.0->qgridnext) (3.6.6)
2025-01-09T08:47:45.8092195Z Requirement already satisfied: ipython>=4.0.0 in /home/runner/micromamba/envs/tardis/lib/python3.12/site-packages (from ipywidgets>=7.0.0->qgridnext) (8.25.0)
2025-01-09T08:47:45.8107279Z Requirement already satisfied: jupyterlab-widgets<3,>=1.0.0 in /home/runner/micromamba/envs/tardis/lib/python3.12/site-packages (from ipywidgets>=7.0.0->qgridnext) (1.1.7)
2025-01-09T08:47:45.8544768Z Requirement already satisfied: python-dateutil>=2.8.2 in /home/runner/micromamba/envs/tardis/lib/python3.12/site-packages (from pandas>=0.20.0->qgridnext) (2.9.0)
2025-01-09T08:47:45.8559605Z Requirement already satisfied: pytz>=2020.1 in /home/runner/micromamba/envs/tardis/lib/python3.12/site-packages (from pandas>=0.20.0->qgridnext) (2024.1)
2025-01-09T08:47:45.8568345Z Requirement already satisfied: tzdata>=2022.7 in /home/runner/micromamba/envs/tardis/lib/python3.12/site-packages (from pandas>=0.20.0->qgridnext) (2024.1)
2025-01-09T08:47:45.8883242Z Requirement already satisfied: decorator in /home/runner/micromamba/envs/tardis/lib/python3.12/site-packages (from ipython>=4.0.0->ipywidgets>=7.0.0->qgridnext) (5.1.1)
2025-01-09T08:47:45.8898073Z Requirement already satisfied: jedi>=0.16 in /home/runner/micromamba/envs/tardis/lib/python3.12/site-packages (from ipython>=4.0.0->ipywidgets>=7.0.0->qgridnext) (0.19.1)
2025-01-09T08:47:45.8907227Z Requirement already satisfied: matplotlib-inline in /home/runner/micromamba/envs/tardis/lib/python3.12/site-packages (from ipython>=4.0.0->ipywidgets>=7.0.0->qgridnext) (0.1.7)
2025-01-09T08:47:45.8918622Z Requirement already satisfied: prompt-toolkit<3.1.0,>=3.0.41 in /home/runner/micromamba/envs/tardis/lib/python3.12/site-packages (from ipython>=4.0.0->ipywidgets>=7.0.0->qgridnext) (3.0.47)
2025-01-09T08:47:45.8928278Z Requirement already satisfied: pygments>=2.4.0 in /home/runner/micromamba/envs/tardis/lib/python3.12/site-packages (from ipython>=4.0.0->ipywidgets>=7.0.0->qgridnext) (2.18.0)
2025-01-09T08:47:45.8938916Z Requirement already satisfied: stack-data in /home/runner/micromamba/envs/tardis/lib/python3.12/site-packages (from ipython>=4.0.0->ipywidgets>=7.0.0->qgridnext) (0.6.2)
2025-01-09T08:47:45.8958550Z Requirement already satisfied: pexpect>4.3 in /home/runner/micromamba/envs/tardis/lib/python3.12/site-packages (from ipython>=4.0.0->ipywidgets>=7.0.0->qgridnext) (4.9.0)
2025-01-09T08:47:45.9009436Z Requirement already satisfied: six>=1.5 in /home/runner/micromamba/envs/tardis/lib/python3.12/site-packages (from python-dateutil>=2.8.2->pandas>=0.20.0->qgridnext) (1.16.0)
2025-01-09T08:47:45.9067742Z Requirement already satisfied: notebook>=4.4.1 in /home/runner/micromamba/envs/tardis/lib/python3.12/site-packages (from widgetsnbextension~=3.6.5->ipywidgets>=7.0.0->qgridnext) (7.2.1)
2025-01-09T08:47:45.9255530Z Requirement already satisfied: parso<0.9.0,>=0.8.3 in /home/runner/micromamba/envs/tardis/lib/python3.12/site-packages (from jedi>=0.16->ipython>=4.0.0->ipywidgets>=7.0.0->qgridnext) (0.8.4)
2025-01-09T08:47:45.9399821Z Requirement already satisfied: jupyter-server<3,>=2.4.0 in /home/runner/micromamba/envs/tardis/lib/python3.12/site-packages (from notebook>=4.4.1->widgetsnbextension~=3.6.5->ipywidgets>=7.0.0->qgridnext) (2.14.1)
2025-01-09T08:47:45.9413973Z Requirement already satisfied: jupyterlab-server<3,>=2.27.1 in /home/runner/micromamba/envs/tardis/lib/python3.12/site-packages (from notebook>=4.4.1->widgetsnbextension~=3.6.5->ipywidgets>=7.0.0->qgridnext) (2.27.2)
2025-01-09T08:47:45.9429919Z Requirement already satisfied: jupyterlab<4.3,>=4.2.0 in /home/runner/micromamba/envs/tardis/lib/python3.12/site-packages (from notebook>=4.4.1->widgetsnbextension~=3.6.5->ipywidgets>=7.0.0->qgridnext) (4.2.2)
2025-01-09T08:47:45.9441056Z Requirement already satisfied: notebook-shim<0.3,>=0.2 in /home/runner/micromamba/envs/tardis/lib/python3.12/site-packages (from notebook>=4.4.1->widgetsnbextension~=3.6.5->ipywidgets>=7.0.0->qgridnext) (0.2.4)
2025-01-09T08:47:45.9450177Z Requirement already satisfied: tornado>=6.2.0 in /home/runner/micromamba/envs/tardis/lib/python3.12/site-packages (from notebook>=4.4.1->widgetsnbextension~=3.6.5->ipywidgets>=7.0.0->qgridnext) (6.4.1)
2025-01-09T08:47:45.9480760Z Requirement already satisfied: ptyprocess>=0.5 in /home/runner/micromamba/envs/tardis/lib/python3.12/site-packages (from pexpect>4.3->ipython>=4.0.0->ipywidgets>=7.0.0->qgridnext) (0.7.0)
2025-01-09T08:47:45.9510283Z Requirement already satisfied: wcwidth in /home/runner/micromamba/envs/tardis/lib/python3.12/site-packages (from prompt-toolkit<3.1.0,>=3.0.41->ipython>=4.0.0->ipywidgets>=7.0.0->qgridnext) (0.2.13)
2025-01-09T08:47:45.9646350Z Requirement already satisfied: executing>=1.2.0 in /home/runner/micromamba/envs/tardis/lib/python3.12/site-packages (from stack-data->ipython>=4.0.0->ipywidgets>=7.0.0->qgridnext) (2.0.1)
2025-01-09T08:47:45.9656363Z Requirement already satisfied: asttokens>=2.1.0 in /home/runner/micromamba/envs/tardis/lib/python3.12/site-packages (from stack-data->ipython>=4.0.0->ipywidgets>=7.0.0->qgridnext) (2.4.1)
2025-01-09T08:47:45.9664566Z Requirement already satisfied: pure-eval in /home/runner/micromamba/envs/tardis/lib/python3.12/site-packages (from stack-data->ipython>=4.0.0->ipywidgets>=7.0.0->qgridnext) (0.2.2)
2025-01-09T08:47:45.9999669Z Requirement already satisfied: anyio>=3.1.0 in /home/runner/micromamba/envs/tardis/lib/python3.12/site-packages (from jupyter-server<3,>=2.4.0->notebook>=4.4.1->widgetsnbextension~=3.6.5->ipywidgets>=7.0.0->qgridnext) (4.4.0)
2025-01-09T08:47:46.0010484Z Requirement already satisfied: argon2-cffi>=21.1 in /home/runner/micromamba/envs/tardis/lib/python3.12/site-packages (from jupyter-server<3,>=2.4.0->notebook>=4.4.1->widgetsnbextension~=3.6.5->ipywidgets>=7.0.0->qgridnext) (23.1.0)
2025-01-09T08:47:46.0020094Z Requirement already satisfied: jinja2>=3.0.3 in /home/runner/micromamba/envs/tardis/lib/python3.12/site-packages (from jupyter-server<3,>=2.4.0->notebook>=4.4.1->widgetsnbextension~=3.6.5->ipywidgets>=7.0.0->qgridnext) (3.1.4)
2025-01-09T08:47:46.0032429Z Requirement already satisfied: jupyter-client>=7.4.4 in /home/runner/micromamba/envs/tardis/lib/python3.12/site-packages (from jupyter-server<3,>=2.4.0->notebook>=4.4.1->widgetsnbextension~=3.6.5->ipywidgets>=7.0.0->qgridnext) (8.6.2)
2025-01-09T08:47:46.0044832Z Requirement already satisfied: jupyter-core!=5.0.*,>=4.12 in /home/runner/micromamba/envs/tardis/lib/python3.12/site-packages (from jupyter-server<3,>=2.4.0->notebook>=4.4.1->widgetsnbextension~=3.6.5->ipywidgets>=7.0.0->qgridnext) (5.7.2)
2025-01-09T08:47:46.0056925Z Requirement already satisfied: jupyter-events>=0.9.0 in /home/runner/micromamba/envs/tardis/lib/python3.12/site-packages (from jupyter-server<3,>=2.4.0->notebook>=4.4.1->widgetsnbextension~=3.6.5->ipywidgets>=7.0.0->qgridnext) (0.10.0)
2025-01-09T08:47:46.0068674Z Requirement already satisfied: jupyter-server-terminals>=0.4.4 in /home/runner/micromamba/envs/tardis/lib/python3.12/site-packages (from jupyter-server<3,>=2.4.0->notebook>=4.4.1->widgetsnbextension~=3.6.5->ipywidgets>=7.0.0->qgridnext) (0.5.3)
2025-01-09T08:47:46.0083005Z Requirement already satisfied: nbconvert>=6.4.4 in /home/runner/micromamba/envs/tardis/lib/python3.12/site-packages (from jupyter-server<3,>=2.4.0->notebook>=4.4.1->widgetsnbextension~=3.6.5->ipywidgets>=7.0.0->qgridnext) (7.16.4)
2025-01-09T08:47:46.0094017Z Requirement already satisfied: nbformat>=5.3.0 in /home/runner/micromamba/envs/tardis/lib/python3.12/site-packages (from jupyter-server<3,>=2.4.0->notebook>=4.4.1->widgetsnbextension~=3.6.5->ipywidgets>=7.0.0->qgridnext) (5.10.4)
2025-01-09T08:47:46.0103890Z Requirement already satisfied: overrides>=5.0 in /home/runner/micromamba/envs/tardis/lib/python3.12/site-packages (from jupyter-server<3,>=2.4.0->notebook>=4.4.1->widgetsnbextension~=3.6.5->ipywidgets>=7.0.0->qgridnext) (7.7.0)
2025-01-09T08:47:46.0114438Z Requirement already satisfied: packaging>=22.0 in /home/runner/micromamba/envs/tardis/lib/python3.12/site-packages (from jupyter-server<3,>=2.4.0->notebook>=4.4.1->widgetsnbextension~=3.6.5->ipywidgets>=7.0.0->qgridnext) (24.1)
2025-01-09T08:47:46.0123901Z Requirement already satisfied: prometheus-client>=0.9 in /home/runner/micromamba/envs/tardis/lib/python3.12/site-packages (from jupyter-server<3,>=2.4.0->notebook>=4.4.1->widgetsnbextension~=3.6.5->ipywidgets>=7.0.0->qgridnext) (0.20.0)
2025-01-09T08:47:46.0135452Z Requirement already satisfied: pyzmq>=24 in /home/runner/micromamba/envs/tardis/lib/python3.12/site-packages (from jupyter-server<3,>=2.4.0->notebook>=4.4.1->widgetsnbextension~=3.6.5->ipywidgets>=7.0.0->qgridnext) (26.0.3)
2025-01-09T08:47:46.0145400Z Requirement already satisfied: send2trash>=1.8.2 in /home/runner/micromamba/envs/tardis/lib/python3.12/site-packages (from jupyter-server<3,>=2.4.0->notebook>=4.4.1->widgetsnbextension~=3.6.5->ipywidgets>=7.0.0->qgridnext) (1.8.3)
2025-01-09T08:47:46.0157513Z Requirement already satisfied: terminado>=0.8.3 in /home/runner/micromamba/envs/tardis/lib/python3.12/site-packages (from jupyter-server<3,>=2.4.0->notebook>=4.4.1->widgetsnbextension~=3.6.5->ipywidgets>=7.0.0->qgridnext) (0.18.1)
2025-01-09T08:47:46.0174809Z Requirement already satisfied: websocket-client>=1.7 in /home/runner/micromamba/envs/tardis/lib/python3.12/site-packages (from jupyter-server<3,>=2.4.0->notebook>=4.4.1->widgetsnbextension~=3.6.5->ipywidgets>=7.0.0->qgridnext) (1.8.0)
2025-01-09T08:47:46.0454231Z Requirement already satisfied: async-lru>=1.0.0 in /home/runner/micromamba/envs/tardis/lib/python3.12/site-packages (from jupyterlab<4.3,>=4.2.0->notebook>=4.4.1->widgetsnbextension~=3.6.5->ipywidgets>=7.0.0->qgridnext) (2.0.4)
2025-01-09T08:47:46.0465741Z Requirement already satisfied: httpx>=0.25.0 in /home/runner/micromamba/envs/tardis/lib/python3.12/site-packages (from jupyterlab<4.3,>=4.2.0->notebook>=4.4.1->widgetsnbextension~=3.6.5->ipywidgets>=7.0.0->qgridnext) (0.27.0)
2025-01-09T08:47:46.0476677Z Requirement already satisfied: ipykernel>=6.5.0 in /home/runner/micromamba/envs/tardis/lib/python3.12/site-packages (from jupyterlab<4.3,>=4.2.0->notebook>=4.4.1->widgetsnbextension~=3.6.5->ipywidgets>=7.0.0->qgridnext) (6.29.4)
2025-01-09T08:47:46.0490160Z Requirement already satisfied: jupyter-lsp>=2.0.0 in /home/runner/micromamba/envs/tardis/lib/python3.12/site-packages (from jupyterlab<4.3,>=4.2.0->notebook>=4.4.1->widgetsnbextension~=3.6.5->ipywidgets>=7.0.0->qgridnext) (2.2.5)
2025-01-09T08:47:46.0518424Z Requirement already satisfied: setuptools>=40.1.0 in /home/runner/micromamba/envs/tardis/lib/python3.12/site-packages (from jupyterlab<4.3,>=4.2.0->notebook>=4.4.1->widgetsnbextension~=3.6.5->ipywidgets>=7.0.0->qgridnext) (70.0.0)
2025-01-09T08:47:46.0728674Z Requirement already satisfied: babel>=2.10 in /home/runner/micromamba/envs/tardis/lib/python3.12/site-packages (from jupyterlab-server<3,>=2.27.1->notebook>=4.4.1->widgetsnbextension~=3.6.5->ipywidgets>=7.0.0->qgridnext) (2.14.0)
2025-01-09T08:47:46.0753983Z Requirement already satisfied: json5>=0.9.0 in /home/runner/micromamba/envs/tardis/lib/python3.12/site-packages (from jupyterlab-server<3,>=2.27.1->notebook>=4.4.1->widgetsnbextension~=3.6.5->ipywidgets>=7.0.0->qgridnext) (0.9.25)
2025-01-09T08:47:46.0764670Z Requirement already satisfied: jsonschema>=4.18.0 in /home/runner/micromamba/envs/tardis/lib/python3.12/site-packages (from jupyterlab-server<3,>=2.27.1->notebook>=4.4.1->widgetsnbextension~=3.6.5->ipywidgets>=7.0.0->qgridnext) (4.22.0)
2025-01-09T08:47:46.0782852Z Requirement already satisfied: requests>=2.31 in /home/runner/micromamba/envs/tardis/lib/python3.12/site-packages (from jupyterlab-server<3,>=2.27.1->notebook>=4.4.1->widgetsnbextension~=3.6.5->ipywidgets>=7.0.0->qgridnext) (2.32.3)
2025-01-09T08:47:46.1130061Z Requirement already satisfied: idna>=2.8 in /home/runner/micromamba/envs/tardis/lib/python3.12/site-packages (from anyio>=3.1.0->jupyter-server<3,>=2.4.0->notebook>=4.4.1->widgetsnbextension~=3.6.5->ipywidgets>=7.0.0->qgridnext) (3.7)
2025-01-09T08:47:46.1139027Z Requirement already satisfied: sniffio>=1.1 in /home/runner/micromamba/envs/tardis/lib/python3.12/site-packages (from anyio>=3.1.0->jupyter-server<3,>=2.4.0->notebook>=4.4.1->widgetsnbextension~=3.6.5->ipywidgets>=7.0.0->qgridnext) (1.3.1)
2025-01-09T08:47:46.1228641Z Requirement already satisfied: argon2-cffi-bindings in /home/runner/micromamba/envs/tardis/lib/python3.12/site-packages (from argon2-cffi>=21.1->jupyter-server<3,>=2.4.0->notebook>=4.4.1->widgetsnbextension~=3.6.5->ipywidgets>=7.0.0->qgridnext) (21.2.0)
2025-01-09T08:47:46.1399188Z Requirement already satisfied: certifi in /home/runner/micromamba/envs/tardis/lib/python3.12/site-packages (from httpx>=0.25.0->jupyterlab<4.3,>=4.2.0->notebook>=4.4.1->widgetsnbextension~=3.6.5->ipywidgets>=7.0.0->qgridnext) (2024.6.2)
2025-01-09T08:47:46.1413735Z Requirement already satisfied: httpcore==1.* in /home/runner/micromamba/envs/tardis/lib/python3.12/site-packages (from httpx>=0.25.0->jupyterlab<4.3,>=4.2.0->notebook>=4.4.1->widgetsnbextension~=3.6.5->ipywidgets>=7.0.0->qgridnext) (1.0.5)
2025-01-09T08:47:46.1490751Z Requirement already satisfied: h11<0.15,>=0.13 in /home/runner/micromamba/envs/tardis/lib/python3.12/site-packages (from httpcore==1.*->httpx>=0.25.0->jupyterlab<4.3,>=4.2.0->notebook>=4.4.1->widgetsnbextension~=3.6.5->ipywidgets>=7.0.0->qgridnext) (0.14.0)
2025-01-09T08:47:46.1672405Z Requirement already satisfied: debugpy>=1.6.5 in /home/runner/micromamba/envs/tardis/lib/python3.12/site-packages (from ipykernel>=6.5.0->jupyterlab<4.3,>=4.2.0->notebook>=4.4.1->widgetsnbextension~=3.6.5->ipywidgets>=7.0.0->qgridnext) (1.8.1)
2025-01-09T08:47:46.1692413Z Requirement already satisfied: nest-asyncio in /home/runner/micromamba/envs/tardis/lib/python3.12/site-packages (from ipykernel>=6.5.0->jupyterlab<4.3,>=4.2.0->notebook>=4.4.1->widgetsnbextension~=3.6.5->ipywidgets>=7.0.0->qgridnext) (1.6.0)
2025-01-09T08:47:46.1706494Z Requirement already satisfied: psutil in /home/runner/micromamba/envs/tardis/lib/python3.12/site-packages (from ipykernel>=6.5.0->jupyterlab<4.3,>=4.2.0->notebook>=4.4.1->widgetsnbextension~=3.6.5->ipywidgets>=7.0.0->qgridnext) (5.9.8)
2025-01-09T08:47:46.1766948Z Requirement already satisfied: MarkupSafe>=2.0 in /home/runner/micromamba/envs/tardis/lib/python3.12/site-packages (from jinja2>=3.0.3->jupyter-server<3,>=2.4.0->notebook>=4.4.1->widgetsnbextension~=3.6.5->ipywidgets>=7.0.0->qgridnext) (2.1.5)
2025-01-09T08:47:46.1954402Z Requirement already satisfied: attrs>=22.2.0 in /home/runner/micromamba/envs/tardis/lib/python3.12/site-packages (from jsonschema>=4.18.0->jupyterlab-server<3,>=2.27.1->notebook>=4.4.1->widgetsnbextension~=3.6.5->ipywidgets>=7.0.0->qgridnext) (23.2.0)
2025-01-09T08:47:46.1964038Z Requirement already satisfied: jsonschema-specifications>=2023.03.6 in /home/runner/micromamba/envs/tardis/lib/python3.12/site-packages (from jsonschema>=4.18.0->jupyterlab-server<3,>=2.27.1->notebook>=4.4.1->widgetsnbextension~=3.6.5->ipywidgets>=7.0.0->qgridnext) (2023.12.1)
2025-01-09T08:47:46.1972203Z Requirement already satisfied: referencing>=0.28.4 in /home/runner/micromamba/envs/tardis/lib/python3.12/site-packages (from jsonschema>=4.18.0->jupyterlab-server<3,>=2.27.1->notebook>=4.4.1->widgetsnbextension~=3.6.5->ipywidgets>=7.0.0->qgridnext) (0.35.1)
2025-01-09T08:47:46.1980702Z Requirement already satisfied: rpds-py>=0.7.1 in /home/runner/micromamba/envs/tardis/lib/python3.12/site-packages (from jsonschema>=4.18.0->jupyterlab-server<3,>=2.27.1->notebook>=4.4.1->widgetsnbextension~=3.6.5->ipywidgets>=7.0.0->qgridnext) (0.18.1)
2025-01-09T08:47:46.2238006Z Requirement already satisfied: platformdirs>=2.5 in /home/runner/micromamba/envs/tardis/lib/python3.12/site-packages (from jupyter-core!=5.0.*,>=4.12->jupyter-server<3,>=2.4.0->notebook>=4.4.1->widgetsnbextension~=3.6.5->ipywidgets>=7.0.0->qgridnext) (4.2.2)
2025-01-09T08:47:46.2384022Z Requirement already satisfied: python-json-logger>=2.0.4 in /home/runner/micromamba/envs/tardis/lib/python3.12/site-packages (from jupyter-events>=0.9.0->jupyter-server<3,>=2.4.0->notebook>=4.4.1->widgetsnbextension~=3.6.5->ipywidgets>=7.0.0->qgridnext) (2.0.7)
2025-01-09T08:47:46.2391841Z Requirement already satisfied: pyyaml>=5.3 in /home/runner/micromamba/envs/tardis/lib/python3.12/site-packages (from jupyter-events>=0.9.0->jupyter-server<3,>=2.4.0->notebook>=4.4.1->widgetsnbextension~=3.6.5->ipywidgets>=7.0.0->qgridnext) (6.0.1)
2025-01-09T08:47:46.2401826Z Requirement already satisfied: rfc3339-validator in /home/runner/micromamba/envs/tardis/lib/python3.12/site-packages (from jupyter-events>=0.9.0->jupyter-server<3,>=2.4.0->notebook>=4.4.1->widgetsnbextension~=3.6.5->ipywidgets>=7.0.0->qgridnext) (0.1.4)
2025-01-09T08:47:46.2409942Z Requirement already satisfied: rfc3986-validator>=0.1.1 in /home/runner/micromamba/envs/tardis/lib/python3.12/site-packages (from jupyter-events>=0.9.0->jupyter-server<3,>=2.4.0->notebook>=4.4.1->widgetsnbextension~=3.6.5->ipywidgets>=7.0.0->qgridnext) (0.1.1)
2025-01-09T08:47:46.2825489Z Requirement already satisfied: beautifulsoup4 in /home/runner/micromamba/envs/tardis/lib/python3.12/site-packages (from nbconvert>=6.4.4->jupyter-server<3,>=2.4.0->notebook>=4.4.1->widgetsnbextension~=3.6.5->ipywidgets>=7.0.0->qgridnext) (4.12.3)
2025-01-09T08:47:46.2843625Z Requirement already satisfied: bleach!=5.0.0 in /home/runner/micromamba/envs/tardis/lib/python3.12/site-packages (from nbconvert>=6.4.4->jupyter-server<3,>=2.4.0->notebook>=4.4.1->widgetsnbextension~=3.6.5->ipywidgets>=7.0.0->qgridnext) (6.1.0)
2025-01-09T08:47:46.2856887Z Requirement already satisfied: defusedxml in /home/runner/micromamba/envs/tardis/lib/python3.12/site-packages (from nbconvert>=6.4.4->jupyter-server<3,>=2.4.0->notebook>=4.4.1->widgetsnbextension~=3.6.5->ipywidgets>=7.0.0->qgridnext) (0.7.1)
2025-01-09T08:47:46.2870532Z Requirement already satisfied: jupyterlab-pygments in /home/runner/micromamba/envs/tardis/lib/python3.12/site-packages (from nbconvert>=6.4.4->jupyter-server<3,>=2.4.0->notebook>=4.4.1->widgetsnbextension~=3.6.5->ipywidgets>=7.0.0->qgridnext) (0.3.0)
2025-01-09T08:47:46.2881706Z Requirement already satisfied: mistune<4,>=2.0.3 in /home/runner/micromamba/envs/tardis/lib/python3.12/site-packages (from nbconvert>=6.4.4->jupyter-server<3,>=2.4.0->notebook>=4.4.1->widgetsnbextension~=3.6.5->ipywidgets>=7.0.0->qgridnext) (3.0.2)
2025-01-09T08:47:46.2893483Z Requirement already satisfied: nbclient>=0.5.0 in /home/runner/micromamba/envs/tardis/lib/python3.12/site-packages (from nbconvert>=6.4.4->jupyter-server<3,>=2.4.0->notebook>=4.4.1->widgetsnbextension~=3.6.5->ipywidgets>=7.0.0->qgridnext) (0.10.0)
2025-01-09T08:47:46.2909193Z Requirement already satisfied: pandocfilters>=1.4.1 in /home/runner/micromamba/envs/tardis/lib/python3.12/site-packages (from nbconvert>=6.4.4->jupyter-server<3,>=2.4.0->notebook>=4.4.1->widgetsnbextension~=3.6.5->ipywidgets>=7.0.0->qgridnext) (1.5.0)
2025-01-09T08:47:46.2918385Z Requirement already satisfied: tinycss2 in /home/runner/micromamba/envs/tardis/lib/python3.12/site-packages (from nbconvert>=6.4.4->jupyter-server<3,>=2.4.0->notebook>=4.4.1->widgetsnbextension~=3.6.5->ipywidgets>=7.0.0->qgridnext) (1.3.0)
2025-01-09T08:47:46.3030432Z Requirement already satisfied: fastjsonschema>=2.15 in /home/runner/micromamba/envs/tardis/lib/python3.12/site-packages (from nbformat>=5.3.0->jupyter-server<3,>=2.4.0->notebook>=4.4.1->widgetsnbextension~=3.6.5->ipywidgets>=7.0.0->qgridnext) (2.20.0)
2025-01-09T08:47:46.3329707Z Requirement already satisfied: charset-normalizer<4,>=2 in /home/runner/micromamba/envs/tardis/lib/python3.12/site-packages (from requests>=2.31->jupyterlab-server<3,>=2.27.1->notebook>=4.4.1->widgetsnbextension~=3.6.5->ipywidgets>=7.0.0->qgridnext) (3.3.2)
2025-01-09T08:47:46.3342659Z Requirement already satisfied: urllib3<3,>=1.21.1 in /home/runner/micromamba/envs/tardis/lib/python3.12/site-packages (from requests>=2.31->jupyterlab-server<3,>=2.27.1->notebook>=4.4.1->widgetsnbextension~=3.6.5->ipywidgets>=7.0.0->qgridnext) (2.2.2)
2025-01-09T08:47:46.4160419Z Requirement already satisfied: webencodings in /home/runner/micromamba/envs/tardis/lib/python3.12/site-packages (from bleach!=5.0.0->nbconvert>=6.4.4->jupyter-server<3,>=2.4.0->notebook>=4.4.1->widgetsnbextension~=3.6.5->ipywidgets>=7.0.0->qgridnext) (0.5.1)
2025-01-09T08:47:46.4721874Z Requirement already satisfied: fqdn in /home/runner/micromamba/envs/tardis/lib/python3.12/site-packages (from jsonschema[format-nongpl]>=4.18.0->jupyter-events>=0.9.0->jupyter-server<3,>=2.4.0->notebook>=4.4.1->widgetsnbextension~=3.6.5->ipywidgets>=7.0.0->qgridnext) (1.5.1)
2025-01-09T08:47:46.4739091Z Requirement already satisfied: isoduration in /home/runner/micromamba/envs/tardis/lib/python3.12/site-packages (from jsonschema[format-nongpl]>=4.18.0->jupyter-events>=0.9.0->jupyter-server<3,>=2.4.0->notebook>=4.4.1->widgetsnbextension~=3.6.5->ipywidgets>=7.0.0->qgridnext) (20.11.0)
2025-01-09T08:47:46.4752920Z Requirement already satisfied: jsonpointer>1.13 in /home/runner/micromamba/envs/tardis/lib/python3.12/site-packages (from jsonschema[format-nongpl]>=4.18.0->jupyter-events>=0.9.0->jupyter-server<3,>=2.4.0->notebook>=4.4.1->widgetsnbextension~=3.6.5->ipywidgets>=7.0.0->qgridnext) (3.0.0)
2025-01-09T08:47:46.4769245Z Requirement already satisfied: uri-template in /home/runner/micromamba/envs/tardis/lib/python3.12/site-packages (from jsonschema[format-nongpl]>=4.18.0->jupyter-events>=0.9.0->jupyter-server<3,>=2.4.0->notebook>=4.4.1->widgetsnbextension~=3.6.5->ipywidgets>=7.0.0->qgridnext) (1.3.0)
2025-01-09T08:47:46.4782945Z Requirement already satisfied: webcolors>=1.11 in /home/runner/micromamba/envs/tardis/lib/python3.12/site-packages (from jsonschema[format-nongpl]>=4.18.0->jupyter-events>=0.9.0->jupyter-server<3,>=2.4.0->notebook>=4.4.1->widgetsnbextension~=3.6.5->ipywidgets>=7.0.0->qgridnext) (24.6.0)
2025-01-09T08:47:46.5777786Z Requirement already satisfied: cffi>=1.0.1 in /home/runner/micromamba/envs/tardis/lib/python3.12/site-packages (from argon2-cffi-bindings->argon2-cffi>=21.1->jupyter-server<3,>=2.4.0->notebook>=4.4.1->widgetsnbextension~=3.6.5->ipywidgets>=7.0.0->qgridnext) (1.16.0)
2025-01-09T08:47:46.5872185Z Requirement already satisfied: soupsieve>1.2 in /home/runner/micromamba/envs/tardis/lib/python3.12/site-packages (from beautifulsoup4->nbconvert>=6.4.4->jupyter-server<3,>=2.4.0->notebook>=4.4.1->widgetsnbextension~=3.6.5->ipywidgets>=7.0.0->qgridnext) (2.5)
2025-01-09T08:47:46.6387582Z Requirement already satisfied: pycparser in /home/runner/micromamba/envs/tardis/lib/python3.12/site-packages (from cffi>=1.0.1->argon2-cffi-bindings->argon2-cffi>=21.1->jupyter-server<3,>=2.4.0->notebook>=4.4.1->widgetsnbextension~=3.6.5->ipywidgets>=7.0.0->qgridnext) (2.22)
2025-01-09T08:47:46.6879455Z Requirement already satisfied: arrow>=0.15.0 in /home/runner/micromamba/envs/tardis/lib/python3.12/site-packages (from isoduration->jsonschema[format-nongpl]>=4.18.0->jupyter-events>=0.9.0->jupyter-server<3,>=2.4.0->notebook>=4.4.1->widgetsnbextension~=3.6.5->ipywidgets>=7.0.0->qgridnext) (1.3.0)
2025-01-09T08:47:46.7172406Z Requirement already satisfied: types-python-dateutil>=2.8.10 in /home/runner/micromamba/envs/tardis/lib/python3.12/site-packages (from arrow>=0.15.0->isoduration->jsonschema[format-nongpl]>=4.18.0->jupyter-events>=0.9.0->jupyter-server<3,>=2.4.0->notebook>=4.4.1->widgetsnbextension~=3.6.5->ipywidgets>=7.0.0->qgridnext) (2.9.0.20240316)
2025-01-09T08:47:46.8155873Z Downloading qgridnext-2.0.4-py3-none-any.whl (1.3 MB)
2025-01-09T08:47:46.9012113Z    â”â”â”â”â”â”â”â”â”â”â”â”â”â”â”â”â”â”â”â”â”â”â”â”â”â”â”â”â”â”â”â”â”â”â”â”â”â”â”â” 1.3/1.3 MB 15.1 MB/s eta 0:00:00
2025-01-09T08:47:47.6851390Z Installing collected packages: qgridnext
2025-01-09T08:47:47.7734412Z Successfully installed qgridnext-2.0.4
2025-01-09T08:47:47.9828879Z ##[group]Run pytest tardis --tardis-regression-data=/home/runner/work/tardis/tardis/tardis-regression-data --cov=tardis --cov-report=xml --cov-report=html --cov-append -m " continuum"
2025-01-09T08:47:47.9831259Z [36;1mpytest tardis --tardis-regression-data=/home/runner/work/tardis/tardis/tardis-regression-data --cov=tardis --cov-report=xml --cov-report=html --cov-append -m " continuum"[0m
2025-01-09T08:47:47.9867838Z shell: /usr/bin/bash -l {0}
2025-01-09T08:47:47.9868084Z env:
2025-01-09T08:47:47.9868261Z   CACHE_NUMBER: 0
2025-01-09T08:47:47.9868922Z   PYTEST_FLAGS: --tardis-regression-data=/home/runner/work/tardis/tardis/tardis-regression-data --cov=tardis --cov-report=xml --cov-report=html --cov-append
2025-01-09T08:47:47.9869784Z   CODECOV_TOKEN: ***
2025-01-09T08:47:47.9870023Z   MAMBA_ROOT_PREFIX: /home/runner/micromamba
2025-01-09T08:47:47.9870331Z   MAMBA_EXE: /home/runner/micromamba-bin/micromamba
2025-01-09T08:47:47.9870737Z   CONDARC: /home/runner/work/_temp/setup-micromamba/.condarc
2025-01-09T08:47:47.9871048Z ##[endgroup]
2025-01-09T08:47:57.1606181Z ============================= test session starts ==============================
2025-01-09T08:47:57.1606955Z platform linux -- Python 3.12.4, pytest-8.2.2, pluggy-1.5.0
2025-01-09T08:47:57.1607641Z rootdir: /home/runner/work/tardis/tardis
2025-01-09T08:47:57.1608127Z configfile: pyproject.toml
2025-01-09T08:47:57.1608758Z plugins: anyio-4.4.0, doctestplus-1.2.1, cov-5.0.0, html-4.1.1, metadata-3.1.1
2025-01-09T08:47:57.1609498Z collected 1796 items / 1794 deselected / 2 selected
2025-01-09T08:47:57.1609874Z 
2025-01-09T08:49:45.6176803Z tardis/transport/montecarlo/estimators/tests/test_continuum_property_solver.py . [ 50%]
2025-01-09T08:49:45.6178988Z                                                                          [ 50%]
2025-01-09T08:50:18.8267095Z tardis/transport/montecarlo/tests/test_continuum.py .                    [100%]
2025-01-09T08:50:18.8267719Z 
2025-01-09T08:50:18.8267946Z =============================== warnings summary ===============================
2025-01-09T08:50:18.8268461Z tardis/io/configuration/config_validator.py:6
2025-01-09T08:50:18.8268983Z tardis/io/configuration/config_validator.py:6
2025-01-09T08:50:18.8269928Z   /home/runner/work/tardis/tardis/tardis/io/configuration/config_validator.py:6: DeprecationWarning:
2025-01-09T08:50:18.8270816Z   
2025-01-09T08:50:18.8272623Z   jsonschema.RefResolver is deprecated as of v4.18.0, in favor of the https://github.com/python-jsonschema/referencing library, which provides more compliant referencing behavior as well as more flexible APIs for customization. A future release will remove RefResolver. Please file a feature request (on referencing) if you are missing an API for the kind of customization you need.
2025-01-09T08:50:18.8274190Z 
2025-01-09T08:50:18.8274496Z ../../../micromamba/envs/tardis/lib/python3.12/site-packages/jupyter_client/connect.py:22
2025-01-09T08:50:18.8275577Z   /home/runner/micromamba/envs/tardis/lib/python3.12/site-packages/jupyter_client/connect.py:22: DeprecationWarning:
2025-01-09T08:50:18.8276468Z   
2025-01-09T08:50:18.8276892Z   Jupyter is migrating its paths to use standard platformdirs
2025-01-09T08:50:18.8277374Z   given by the platformdirs library.  To remove this warning and
2025-01-09T08:50:18.8277867Z   see the appropriate new directories, set the environment variable
2025-01-09T08:50:18.8278673Z   `JUPYTER_PLATFORM_DIRS=1` and then run `jupyter --paths`.
2025-01-09T08:50:18.8279141Z   The use of platformdirs will be the default in `jupyter_core` v6
2025-01-09T08:50:18.8279441Z 
2025-01-09T08:50:18.8283987Z tardis/transport/montecarlo/estimators/tests/test_continuum_property_solver.py::test_continuum_estimators
2025-01-09T08:50:18.8284826Z   /home/runner/work/tardis/tardis/tardis/transport/montecarlo/montecarlo_main_loop.py:123: NumbaTypeSafetyWarning:
2025-01-09T08:50:18.8285610Z   
2025-01-09T08:50:18.8286139Z   [1m[1m[1munsafe cast from uint64 to int64. Precision may be lost.[0m[0m[0m
2025-01-09T08:50:18.8286669Z 
2025-01-09T08:50:18.8286888Z -- Docs: https://docs.pytest.org/en/stable/how-to/capture-warnings.html
2025-01-09T08:50:18.8287177Z 
2025-01-09T08:50:18.8287351Z ---------- coverage: platform linux, python 3.12.4-final-0 -----------
2025-01-09T08:50:18.8287730Z Coverage HTML written to dir coverage_html_report
2025-01-09T08:50:18.8288038Z Coverage XML written to file coverage.xml
2025-01-09T08:50:18.8288235Z 
2025-01-09T08:50:18.8288405Z ========== 2 passed, 1794 deselected, 4 warnings in 143.25s (0:02:23) ==========
2025-01-09T08:50:19.9181332Z ##[group]Run pytest tardis --tardis-regression-data=/home/runner/work/tardis/tardis/tardis-regression-data --cov=tardis --cov-report=xml --cov-report=html --cov-append --generate-reference -m " continuum"
2025-01-09T08:50:19.9182735Z [36;1mpytest tardis --tardis-regression-data=/home/runner/work/tardis/tardis/tardis-regression-data --cov=tardis --cov-report=xml --cov-report=html --cov-append --generate-reference -m " continuum"[0m
2025-01-09T08:50:19.9226105Z shell: /usr/bin/bash -l {0}
2025-01-09T08:50:19.9226353Z env:
2025-01-09T08:50:19.9226532Z   CACHE_NUMBER: 0
2025-01-09T08:50:19.9227165Z   PYTEST_FLAGS: --tardis-regression-data=/home/runner/work/tardis/tardis/tardis-regression-data --cov=tardis --cov-report=xml --cov-report=html --cov-append
2025-01-09T08:50:19.9228125Z   CODECOV_TOKEN: ***
2025-01-09T08:50:19.9228382Z   MAMBA_ROOT_PREFIX: /home/runner/micromamba
2025-01-09T08:50:19.9228709Z   MAMBA_EXE: /home/runner/micromamba-bin/micromamba
2025-01-09T08:50:19.9229097Z   CONDARC: /home/runner/work/_temp/setup-micromamba/.condarc
2025-01-09T08:50:19.9229407Z ##[endgroup]
2025-01-09T08:50:27.3331649Z ============================= test session starts ==============================
2025-01-09T08:50:27.3332509Z platform linux -- Python 3.12.4, pytest-8.2.2, pluggy-1.5.0
2025-01-09T08:50:27.3333227Z rootdir: /home/runner/work/tardis/tardis
2025-01-09T08:50:27.3333799Z configfile: pyproject.toml
2025-01-09T08:50:27.3334513Z plugins: anyio-4.4.0, doctestplus-1.2.1, cov-5.0.0, html-4.1.1, metadata-3.1.1
2025-01-09T08:50:27.3335578Z collected 1796 items / 1794 deselected / 2 selected
2025-01-09T08:50:27.3335862Z 
2025-01-09T08:52:15.6860481Z tardis/transport/montecarlo/estimators/tests/test_continuum_property_solver.py . [ 50%]
2025-01-09T08:52:15.6861987Z                                                                          [ 50%]
2025-01-09T08:52:48.8274982Z tardis/transport/montecarlo/tests/test_continuum.py s                    [100%]
2025-01-09T08:52:48.8275698Z 
2025-01-09T08:52:48.8275882Z =============================== warnings summary ===============================
2025-01-09T08:52:48.8276270Z tardis/io/configuration/config_validator.py:6
2025-01-09T08:52:48.8276633Z tardis/io/configuration/config_validator.py:6
2025-01-09T08:52:48.8277214Z   /home/runner/work/tardis/tardis/tardis/io/configuration/config_validator.py:6: DeprecationWarning:
2025-01-09T08:52:48.8277756Z   
2025-01-09T08:52:48.8279207Z   jsonschema.RefResolver is deprecated as of v4.18.0, in favor of the https://github.com/python-jsonschema/referencing library, which provides more compliant referencing behavior as well as more flexible APIs for customization. A future release will remove RefResolver. Please file a feature request (on referencing) if you are missing an API for the kind of customization you need.
2025-01-09T08:52:48.8280631Z 
2025-01-09T08:52:48.8281183Z ../../../micromamba/envs/tardis/lib/python3.12/site-packages/jupyter_client/connect.py:22
2025-01-09T08:52:48.8281978Z   /home/runner/micromamba/envs/tardis/lib/python3.12/site-packages/jupyter_client/connect.py:22: DeprecationWarning:
2025-01-09T08:52:48.8282570Z   
2025-01-09T08:52:48.8282846Z   Jupyter is migrating its paths to use standard platformdirs
2025-01-09T08:52:48.8283297Z   given by the platformdirs library.  To remove this warning and
2025-01-09T08:52:48.8283762Z   see the appropriate new directories, set the environment variable
2025-01-09T08:52:48.8284212Z   `JUPYTER_PLATFORM_DIRS=1` and then run `jupyter --paths`.
2025-01-09T08:52:48.8284651Z   The use of platformdirs will be the default in `jupyter_core` v6
2025-01-09T08:52:48.8284927Z 
2025-01-09T08:52:48.8285569Z tardis/transport/montecarlo/estimators/tests/test_continuum_property_solver.py::test_continuum_estimators
2025-01-09T08:52:48.8286505Z   /home/runner/work/tardis/tardis/tardis/transport/montecarlo/montecarlo_main_loop.py:123: NumbaTypeSafetyWarning:
2025-01-09T08:52:48.8287120Z   
2025-01-09T08:52:48.8287884Z   [1m[1m[1munsafe cast from uint64 to int64. Precision may be lost.[0m[0m[0m
2025-01-09T08:52:48.8288202Z 
2025-01-09T08:52:48.8288467Z tardis/transport/montecarlo/tests/test_continuum.py::test_montecarlo_continuum
2025-01-09T08:52:48.8289069Z tardis/transport/montecarlo/tests/test_continuum.py::test_montecarlo_continuum
2025-01-09T08:52:48.8289657Z   /home/runner/work/tardis/tardis/tardis/io/util.py:289: PerformanceWarning:
2025-01-09T08:52:48.8290066Z   
2025-01-09T08:52:48.8290239Z   
2025-01-09T08:52:48.8290593Z   your performance may suffer as PyTables will pickle object types that it cannot
2025-01-09T08:52:48.8291222Z   map directly to c-types [inferred_type->mixed,key->block0_values] [items->Index([0], dtype='int64')]
2025-01-09T08:52:48.8291590Z 
2025-01-09T08:52:48.8291825Z tardis/transport/montecarlo/tests/test_continuum.py::test_montecarlo_continuum
2025-01-09T08:52:48.8292344Z tardis/transport/montecarlo/tests/test_continuum.py::test_montecarlo_continuum
2025-01-09T08:52:48.8292868Z tardis/transport/montecarlo/tests/test_continuum.py::test_montecarlo_continuum
2025-01-09T08:52:48.8293389Z tardis/transport/montecarlo/tests/test_continuum.py::test_montecarlo_continuum
2025-01-09T08:52:48.8293890Z   /home/runner/work/tardis/tardis/tardis/io/util.py:276: PerformanceWarning:
2025-01-09T08:52:48.8294248Z   
2025-01-09T08:52:48.8294403Z   
2025-01-09T08:52:48.8294703Z   your performance may suffer as PyTables will pickle object types that it cannot
2025-01-09T08:52:48.8295405Z   map directly to c-types [inferred_type->mixed,key->block0_values] [items->Index([0], dtype='int64')]
2025-01-09T08:52:48.8295765Z 
2025-01-09T08:52:48.8295996Z tardis/transport/montecarlo/tests/test_continuum.py::test_montecarlo_continuum
2025-01-09T08:52:48.8296507Z   /home/runner/work/tardis/tardis/tardis/io/util.py:280: PerformanceWarning:
2025-01-09T08:52:48.8296867Z   
2025-01-09T08:52:48.8297020Z   
2025-01-09T08:52:48.8297312Z   your performance may suffer as PyTables will pickle object types that it cannot
2025-01-09T08:52:48.8297842Z   map directly to c-types [inferred_type->mixed-integer,key->axis1_level0] [items->None]
2025-01-09T08:52:48.8298154Z 
2025-01-09T08:52:48.8298374Z tardis/transport/montecarlo/tests/test_continuum.py::test_montecarlo_continuum
2025-01-09T08:52:48.8298887Z   /home/runner/work/tardis/tardis/tardis/io/util.py:280: PerformanceWarning:
2025-01-09T08:52:48.8299237Z   
2025-01-09T08:52:48.8299391Z   
2025-01-09T08:52:48.8299688Z   your performance may suffer as PyTables will pickle object types that it cannot
2025-01-09T08:52:48.8300196Z   map directly to c-types [inferred_type->mixed-integer,key->axis1_level1] [items->None]
2025-01-09T08:52:48.8300508Z 
2025-01-09T08:52:48.8300731Z tardis/transport/montecarlo/tests/test_continuum.py::test_montecarlo_continuum
2025-01-09T08:52:48.8301241Z   /home/runner/work/tardis/tardis/tardis/io/util.py:280: PerformanceWarning:
2025-01-09T08:52:48.8301595Z   
2025-01-09T08:52:48.8301902Z   
2025-01-09T08:52:48.8302201Z   your performance may suffer as PyTables will pickle object types that it cannot
2025-01-09T08:52:48.8302693Z   map directly to c-types [inferred_type->mixed-integer,key->axis1] [items->None]
2025-01-09T08:52:48.8302971Z 
2025-01-09T08:52:48.8303198Z tardis/transport/montecarlo/tests/test_continuum.py::test_montecarlo_continuum
2025-01-09T08:52:48.8303699Z   /home/runner/work/tardis/tardis/tardis/io/util.py:269: PerformanceWarning:
2025-01-09T08:52:48.8304052Z   
2025-01-09T08:52:48.8304203Z   
2025-01-09T08:52:48.8304487Z   your performance may suffer as PyTables will pickle object types that it cannot
2025-01-09T08:52:48.8304968Z   map directly to c-types [inferred_type->mixed-integer,key->index] [items->None]
2025-01-09T08:52:48.8305455Z 
2025-01-09T08:52:48.8305692Z tardis/transport/montecarlo/tests/test_continuum.py::test_montecarlo_continuum
2025-01-09T08:52:48.8306207Z   /home/runner/work/tardis/tardis/tardis/io/util.py:280: PerformanceWarning:
2025-01-09T08:52:48.8306567Z   
2025-01-09T08:52:48.8306719Z   
2025-01-09T08:52:48.8307146Z   your performance may suffer as PyTables will pickle object types that it cannot
2025-01-09T08:52:48.8307644Z   map directly to c-types [inferred_type->mixed-integer,key->axis0] [items->None]
2025-01-09T08:52:48.8307929Z 
2025-01-09T08:52:48.8308151Z tardis/transport/montecarlo/tests/test_continuum.py::test_montecarlo_continuum
2025-01-09T08:52:48.8308662Z   /home/runner/work/tardis/tardis/tardis/io/util.py:280: PerformanceWarning:
2025-01-09T08:52:48.8309019Z   
2025-01-09T08:52:48.8309177Z   
2025-01-09T08:52:48.8309460Z   your performance may suffer as PyTables will pickle object types that it cannot
2025-01-09T08:52:48.8309941Z   map directly to c-types [inferred_type->integer,key->block1_items] [items->None]
2025-01-09T08:52:48.8310222Z 
2025-01-09T08:52:48.8310444Z tardis/transport/montecarlo/tests/test_continuum.py::test_montecarlo_continuum
2025-01-09T08:52:48.8310955Z   /home/runner/work/tardis/tardis/tardis/io/util.py:280: PerformanceWarning:
2025-01-09T08:52:48.8311310Z   
2025-01-09T08:52:48.8311461Z   
2025-01-09T08:52:48.8311748Z   your performance may suffer as PyTables will pickle object types that it cannot
2025-01-09T08:52:48.8312227Z   map directly to c-types [inferred_type->integer,key->block0_items] [items->None]
2025-01-09T08:52:48.8312511Z 
2025-01-09T08:52:48.8312733Z tardis/transport/montecarlo/tests/test_continuum.py::test_montecarlo_continuum
2025-01-09T08:52:48.8313230Z   /home/runner/work/tardis/tardis/tardis/io/util.py:280: PerformanceWarning:
2025-01-09T08:52:48.8313583Z   
2025-01-09T08:52:48.8313735Z   
2025-01-09T08:52:48.8314019Z   your performance may suffer as PyTables will pickle object types that it cannot
2025-01-09T08:52:48.8314479Z   map directly to c-types [inferred_type->integer,key->axis0] [items->None]
2025-01-09T08:52:48.8314746Z 
2025-01-09T08:52:48.8314964Z tardis/transport/montecarlo/tests/test_continuum.py::test_montecarlo_continuum
2025-01-09T08:52:48.8315583Z   /home/runner/work/tardis/tardis/tardis/io/util.py:292: PerformanceWarning:
2025-01-09T08:52:48.8315946Z   
2025-01-09T08:52:48.8316098Z   
2025-01-09T08:52:48.8316388Z   your performance may suffer as PyTables will pickle object types that it cannot
2025-01-09T08:52:48.8316874Z   map directly to c-types [inferred_type->mixed-integer,key->values] [items->None]
2025-01-09T08:52:48.8317185Z 
2025-01-09T08:52:48.8317410Z tardis/transport/montecarlo/tests/test_continuum.py::test_montecarlo_continuum
2025-01-09T08:52:48.8317924Z   /home/runner/work/tardis/tardis/tardis/spectrum/base.py:70: UserWarning:
2025-01-09T08:52:48.8318275Z   
2025-01-09T08:52:48.8318690Z   SpectrumSolver.spectrum_virtual_packets is zero. Please run the montecarlo simulation with no_of_virtual_packets > 0
2025-01-09T08:52:48.8319107Z 
2025-01-09T08:52:48.8319329Z tardis/transport/montecarlo/tests/test_continuum.py::test_montecarlo_continuum
2025-01-09T08:52:48.8319828Z   /home/runner/work/tardis/tardis/tardis/spectrum/base.py:94: UserWarning:
2025-01-09T08:52:48.8320301Z   
2025-01-09T08:52:48.8321053Z   The FormalIntegrator is not yet implemented for the full relativity mode or continuum processes. Please run with config option enable_full_relativity: False and continuum_processes_enabled: False This RETURNS AN EMPTY SPECTRUM!
2025-01-09T08:52:48.8321800Z 
2025-01-09T08:52:48.8321992Z -- Docs: https://docs.pytest.org/en/stable/how-to/capture-warnings.html
2025-01-09T08:52:48.8322281Z 
2025-01-09T08:52:48.8322445Z ---------- coverage: platform linux, python 3.12.4-final-0 -----------
2025-01-09T08:52:48.8322813Z Coverage HTML written to dir coverage_html_report
2025-01-09T08:52:48.8323123Z Coverage XML written to file coverage.xml
2025-01-09T08:52:48.8323306Z 
2025-01-09T08:52:48.8323490Z ==== 1 passed, 1 skipped, 1794 deselected, 21 warnings in 142.64s (0:02:22) ====
2025-01-09T08:52:50.1289958Z ##[group]Run mv .coverage .coverage.3
2025-01-09T08:52:50.1290502Z [36;1mmv .coverage .coverage.3[0m
2025-01-09T08:52:50.1328900Z shell: /usr/bin/bash -l {0}
2025-01-09T08:52:50.1329348Z env:
2025-01-09T08:52:50.1329663Z   CACHE_NUMBER: 0
2025-01-09T08:52:50.1330790Z   PYTEST_FLAGS: --tardis-regression-data=/home/runner/work/tardis/tardis/tardis-regression-data --cov=tardis --cov-report=xml --cov-report=html --cov-append
2025-01-09T08:52:50.1332226Z   CODECOV_TOKEN: ***
2025-01-09T08:52:50.1332664Z   MAMBA_ROOT_PREFIX: /home/runner/micromamba
2025-01-09T08:52:50.1333224Z   MAMBA_EXE: /home/runner/micromamba-bin/micromamba
2025-01-09T08:52:50.1333871Z   CONDARC: /home/runner/work/_temp/setup-micromamba/.condarc
2025-01-09T08:52:50.1334435Z ##[endgroup]
2025-01-09T08:52:50.2570777Z ##[group]Run actions/upload-artifact@v4
2025-01-09T08:52:50.2571305Z with:
2025-01-09T08:52:50.2571697Z   name: coverage--continuum-ubuntu-latest
2025-01-09T08:52:50.2572214Z   include-hidden-files: true
2025-01-09T08:52:50.2572635Z   path: .coverage*
!.coveragerc

2025-01-09T08:52:50.2573070Z   if-no-files-found: warn
2025-01-09T08:52:50.2573471Z   compression-level: 6
2025-01-09T08:52:50.2573881Z   overwrite: false
2025-01-09T08:52:50.2574216Z env:
2025-01-09T08:52:50.2574500Z   CACHE_NUMBER: 0
2025-01-09T08:52:50.2575852Z   PYTEST_FLAGS: --tardis-regression-data=/home/runner/work/tardis/tardis/tardis-regression-data --cov=tardis --cov-report=xml --cov-report=html --cov-append
2025-01-09T08:52:50.2577287Z   CODECOV_TOKEN: ***
2025-01-09T08:52:50.2577719Z   MAMBA_ROOT_PREFIX: /home/runner/micromamba
2025-01-09T08:52:50.2578275Z   MAMBA_EXE: /home/runner/micromamba-bin/micromamba
2025-01-09T08:52:50.2578910Z   CONDARC: /home/runner/work/_temp/setup-micromamba/.condarc
2025-01-09T08:52:50.2579521Z ##[endgroup]
2025-01-09T08:52:50.4898170Z With the provided path, there will be 1 file uploaded
2025-01-09T08:52:50.4904139Z Artifact name is valid!
2025-01-09T08:52:50.4905652Z Root directory input is valid!
2025-01-09T08:52:50.7944910Z Beginning upload of artifact content to blob storage
2025-01-09T08:52:51.1786019Z Uploaded bytes 18443
2025-01-09T08:52:51.2563983Z Finished uploading artifact content to blob storage!
2025-01-09T08:52:51.2566210Z SHA256 hash of uploaded artifact zip is 009bcb93d580e780ea87dba0559c034af60aa5f79080f2499856636c3f345e35
2025-01-09T08:52:51.2568125Z Finalizing artifact upload
2025-01-09T08:52:51.4016376Z Artifact coverage--continuum-ubuntu-latest.zip successfully finalized. Artifact ID 2405925310
2025-01-09T08:52:51.4017995Z Artifact coverage--continuum-ubuntu-latest has been successfully uploaded! Final size is 18443 bytes. Artifact ID is 2405925310
2025-01-09T08:52:51.4024643Z Artifact download URL: https://github.com/tardis-sn/tardis/actions/runs/12686465379/artifacts/2405925310
2025-01-09T08:52:51.4152775Z Post job cleanup.
2025-01-09T08:52:51.4184267Z Post job cleanup.
2025-01-09T08:52:51.5559492Z Will use pre-installed micromamba at /home/runner/micromamba-bin/micromamba
2025-01-09T08:52:51.5567255Z Removing micromamba run shell ...
2025-01-09T08:52:51.5571266Z ##[group]Deinitialize micromamba for bash
2025-01-09T08:52:51.5590621Z [command]/home/runner/micromamba-bin/micromamba shell deinit -s bash -r /home/runner/micromamba --log-level warning --rc-file /home/runner/work/_temp/setup-micromamba/.condarc
2025-01-09T08:52:51.5694017Z Resetting RC file "/home/runner/.bashrc"
2025-01-09T08:52:51.5694618Z Deleting config for root prefix 
2025-01-09T08:52:51.5695132Z Clearing mamba executable environment variable
2025-01-09T08:52:51.5696769Z Removing the following in your "/home/runner/.bashrc" file
2025-01-09T08:52:51.5697337Z # >>> mamba initialize >>>
2025-01-09T08:52:51.5697623Z ...
2025-01-09T08:52:51.5697800Z # <<< mamba initialize <<<
2025-01-09T08:52:51.5728178Z Removing mamba initialize block from .bash_profile
2025-01-09T08:52:51.5744182Z ##[endgroup]
2025-01-09T08:52:51.5748861Z Removing environment tardis from auto-activate bash ...
2025-01-09T08:52:51.5875823Z Post job cleanup.
2025-01-09T08:52:51.5912820Z Post job cleanup.
2025-01-09T08:52:51.6922209Z [command]/usr/bin/git version
2025-01-09T08:52:51.6965055Z git version 2.47.1
2025-01-09T08:52:51.7009986Z Temporarily overriding HOME='/home/runner/work/_temp/e43a0bb1-f02e-48e2-885f-8e1bf1448750' before making global git config changes
2025-01-09T08:52:51.7011278Z Adding repository directory to the temporary git global config as a safe directory
2025-01-09T08:52:51.7016287Z [command]/usr/bin/git config --global --add safe.directory /home/runner/work/tardis/tardis/tardis-regression-data
2025-01-09T08:52:51.7061467Z [command]/usr/bin/git config --local --name-only --get-regexp core\.sshCommand
2025-01-09T08:52:51.7095006Z [command]/usr/bin/git submodule foreach --recursive sh -c "git config --local --name-only --get-regexp 'core\.sshCommand' && git config --local --unset-all 'core.sshCommand' || :"
2025-01-09T08:52:51.7332872Z [command]/usr/bin/git config --local --name-only --get-regexp http\.https\:\/\/github\.com\/\.extraheader
2025-01-09T08:52:51.7354887Z http.https://github.com/.extraheader
2025-01-09T08:52:51.7367861Z [command]/usr/bin/git config --local --unset-all http.https://github.com/.extraheader
2025-01-09T08:52:51.7400115Z [command]/usr/bin/git submodule foreach --recursive sh -c "git config --local --name-only --get-regexp 'http\.https\:\/\/github\.com\/\.extraheader' && git config --local --unset-all 'http.https://github.com/.extraheader' || :"
2025-01-09T08:52:51.7752290Z Post job cleanup.
2025-01-09T08:52:51.8734350Z [command]/usr/bin/git version
2025-01-09T08:52:51.8772623Z git version 2.47.1
2025-01-09T08:52:51.8818524Z Temporarily overriding HOME='/home/runner/work/_temp/6d8d714f-2481-4b94-a282-4687eb8cf2a4' before making global git config changes
2025-01-09T08:52:51.8819840Z Adding repository directory to the temporary git global config as a safe directory
2025-01-09T08:52:51.8832908Z [command]/usr/bin/git config --global --add safe.directory /home/runner/work/tardis/tardis
2025-01-09T08:52:51.8871300Z [command]/usr/bin/git config --local --name-only --get-regexp core\.sshCommand
2025-01-09T08:52:51.8905379Z [command]/usr/bin/git submodule foreach --recursive sh -c "git config --local --name-only --get-regexp 'core\.sshCommand' && git config --local --unset-all 'core.sshCommand' || :"
2025-01-09T08:52:51.9145671Z [command]/usr/bin/git config --local --name-only --get-regexp http\.https\:\/\/github\.com\/\.extraheader
2025-01-09T08:52:51.9169507Z http.https://github.com/.extraheader
2025-01-09T08:52:51.9182266Z [command]/usr/bin/git config --local --unset-all http.https://github.com/.extraheader
2025-01-09T08:52:51.9215165Z [command]/usr/bin/git submodule foreach --recursive sh -c "git config --local --name-only --get-regexp 'http\.https\:\/\/github\.com\/\.extraheader' && git config --local --unset-all 'http.https://github.com/.extraheader' || :"
2025-01-09T08:52:51.9576431Z Cleaning up orphan processes
