2025-01-22T19:17:09.3617168Z Requested labels: macos-latest
2025-01-22T19:17:09.3617545Z Job defined at: tardis-sn/tardis/.github/workflows/tests.yml@refs/pull/2897/merge
2025-01-22T19:17:09.3617640Z Waiting for a runner to pick up this job...
2025-01-22T19:17:09.6563906Z Job is waiting for a hosted runner to come online.
2025-01-22T19:17:13.2567164Z Job is about to start running on the hosted runner: GitHub Actions 48 (hosted)
2025-01-22T19:17:14.0740490Z Current runner version: '2.321.0'
2025-01-22T19:17:14.0758810Z ##[group]Operating System
2025-01-22T19:17:14.0759310Z macOS
2025-01-22T19:17:14.0759610Z 14.7.2
2025-01-22T19:17:14.0759910Z 23H311
2025-01-22T19:17:14.0760200Z ##[endgroup]
2025-01-22T19:17:14.0760520Z ##[group]Runner Image
2025-01-22T19:17:14.0760860Z Image: macos-14-arm64
2025-01-22T19:17:14.0761170Z Version: 20250120.774
2025-01-22T19:17:14.0761840Z Included Software: https://github.com/actions/runner-images/blob/macos-14-arm64/20250120.774/images/macos/macos-14-arm64-Readme.md
2025-01-22T19:17:14.0762730Z Image Release: https://github.com/actions/runner-images/releases/tag/macos-14-arm64%2F20250120.774
2025-01-22T19:17:14.0763290Z ##[endgroup]
2025-01-22T19:17:14.0763590Z ##[group]Runner Image Provisioner
2025-01-22T19:17:14.0763980Z 2.0.417.1+9319b8b0d2fead581272b7201c667f076e8e53f6
2025-01-22T19:17:14.0764360Z ##[endgroup]
2025-01-22T19:17:14.0765710Z ##[group]GITHUB_TOKEN Permissions
2025-01-22T19:17:14.0766870Z Actions: read
2025-01-22T19:17:14.0767230Z Attestations: read
2025-01-22T19:17:14.0767520Z Checks: read
2025-01-22T19:17:14.0767790Z Contents: read
2025-01-22T19:17:14.0768070Z Deployments: read
2025-01-22T19:17:14.0768360Z Discussions: read
2025-01-22T19:17:14.0768640Z Issues: read
2025-01-22T19:17:14.0768910Z Metadata: read
2025-01-22T19:17:14.0769180Z Packages: read
2025-01-22T19:17:14.0769450Z Pages: read
2025-01-22T19:17:14.0769730Z PullRequests: read
2025-01-22T19:17:14.0770020Z RepositoryProjects: read
2025-01-22T19:17:14.0770390Z SecurityEvents: read
2025-01-22T19:17:14.0770680Z Statuses: read
2025-01-22T19:17:14.0770970Z ##[endgroup]
2025-01-22T19:17:14.0773140Z Secret source: None
2025-01-22T19:17:14.0773540Z Prepare workflow directory
2025-01-22T19:17:14.1119360Z Prepare all required actions
2025-01-22T19:17:14.1145300Z Getting action download info
2025-01-22T19:17:14.2562120Z Download action repository 'actions/checkout@v4' (SHA:11bd71901bbe5b1630ceea73d27597364c9af683)
2025-01-22T19:17:14.5596780Z Download action repository 'actions/upload-artifact@v4' (SHA:65c4c4a1ddee5b72f698fdd19549f0f0fb45cf08)
2025-01-22T19:17:14.7096740Z Complete job name: not continuum macos-latest 
2025-01-22T19:17:14.7467080Z ##[group]Run actions/checkout@v4
2025-01-22T19:17:14.7467650Z with:
2025-01-22T19:17:14.7467930Z   repository: tardis-sn/tardis
2025-01-22T19:17:14.7468620Z   token: ***
2025-01-22T19:17:14.7468960Z   ssh-strict: true
2025-01-22T19:17:14.7469240Z   ssh-user: git
2025-01-22T19:17:14.7469530Z   persist-credentials: true
2025-01-22T19:17:14.7469850Z   clean: true
2025-01-22T19:17:14.7470140Z   sparse-checkout-cone-mode: true
2025-01-22T19:17:14.7470490Z   fetch-depth: 1
2025-01-22T19:17:14.7470760Z   fetch-tags: false
2025-01-22T19:17:14.7471050Z   show-progress: true
2025-01-22T19:17:14.7471340Z   lfs: false
2025-01-22T19:17:14.7471600Z   submodules: false
2025-01-22T19:17:14.7471890Z   set-safe-directory: true
2025-01-22T19:17:14.7472530Z env:
2025-01-22T19:17:14.7472790Z   CACHE_NUMBER: 0
2025-01-22T19:17:14.7473560Z   PYTEST_FLAGS: --tardis-regression-data=/Users/runner/work/tardis/tardis/tardis-regression-data --cov=tardis --cov-report=xml --cov-report=html --cov-append
2025-01-22T19:17:14.7474380Z   CODECOV_TOKEN: 
2025-01-22T19:17:14.7474650Z ##[endgroup]
2025-01-22T19:17:15.0190710Z Syncing repository: tardis-sn/tardis
2025-01-22T19:17:15.0192150Z ##[group]Getting Git version info
2025-01-22T19:17:15.0192660Z Working directory is '/Users/runner/work/tardis/tardis'
2025-01-22T19:17:15.0193340Z [command]/opt/homebrew/bin/git version
2025-01-22T19:17:15.0702570Z git version 2.48.1
2025-01-22T19:17:15.0727570Z ##[endgroup]
2025-01-22T19:17:15.0733700Z Copying '/Users/runner/.gitconfig' to '/Users/runner/work/_temp/8f29b470-aae8-46b6-b018-8ca0880a2a25/.gitconfig'
2025-01-22T19:17:15.0740340Z Temporarily overriding HOME='/Users/runner/work/_temp/8f29b470-aae8-46b6-b018-8ca0880a2a25' before making global git config changes
2025-01-22T19:17:15.0741250Z Adding repository directory to the temporary git global config as a safe directory
2025-01-22T19:17:15.0744150Z [command]/opt/homebrew/bin/git config --global --add safe.directory /Users/runner/work/tardis/tardis
2025-01-22T19:17:15.0829670Z Deleting the contents of '/Users/runner/work/tardis/tardis'
2025-01-22T19:17:15.0831330Z ##[group]Initializing the repository
2025-01-22T19:17:15.0835420Z [command]/opt/homebrew/bin/git init /Users/runner/work/tardis/tardis
2025-01-22T19:17:15.0996920Z hint: Using 'master' as the name for the initial branch. This default branch name
2025-01-22T19:17:15.0997910Z hint: is subject to change. To configure the initial branch name to use in all
2025-01-22T19:17:15.0998710Z hint: of your new repositories, which will suppress this warning, call:
2025-01-22T19:17:15.0999310Z hint:
2025-01-22T19:17:15.0999670Z hint: 	git config --global init.defaultBranch <name>
2025-01-22T19:17:15.1000090Z hint:
2025-01-22T19:17:15.1000520Z hint: Names commonly chosen instead of 'master' are 'main', 'trunk' and
2025-01-22T19:17:15.1001130Z hint: 'development'. The just-created branch can be renamed via this command:
2025-01-22T19:17:15.1001660Z hint:
2025-01-22T19:17:15.1001940Z hint: 	git branch -m <name>
2025-01-22T19:17:15.1002430Z Initialized empty Git repository in /Users/runner/work/tardis/tardis/.git/
2025-01-22T19:17:15.1005160Z [command]/opt/homebrew/bin/git remote add origin https://github.com/tardis-sn/tardis
2025-01-22T19:17:15.1060710Z ##[endgroup]
2025-01-22T19:17:15.1061260Z ##[group]Disabling automatic garbage collection
2025-01-22T19:17:15.1062740Z [command]/opt/homebrew/bin/git config --local gc.auto 0
2025-01-22T19:17:15.1103110Z ##[endgroup]
2025-01-22T19:17:15.1103620Z ##[group]Setting up auth
2025-01-22T19:17:15.1107900Z [command]/opt/homebrew/bin/git config --local --name-only --get-regexp core\.sshCommand
2025-01-22T19:17:15.1180530Z [command]/opt/homebrew/bin/git submodule foreach --recursive sh -c "git config --local --name-only --get-regexp 'core\.sshCommand' && git config --local --unset-all 'core.sshCommand' || :"
2025-01-22T19:17:15.3247970Z [command]/opt/homebrew/bin/git config --local --name-only --get-regexp http\.https\:\/\/github\.com\/\.extraheader
2025-01-22T19:17:15.3293850Z [command]/opt/homebrew/bin/git submodule foreach --recursive sh -c "git config --local --name-only --get-regexp 'http\.https\:\/\/github\.com\/\.extraheader' && git config --local --unset-all 'http.https://github.com/.extraheader' || :"
2025-01-22T19:17:15.3859450Z [command]/opt/homebrew/bin/git config --local http.https://github.com/.extraheader AUTHORIZATION: basic ***
2025-01-22T19:17:15.3931940Z ##[endgroup]
2025-01-22T19:17:15.3932510Z ##[group]Fetching the repository
2025-01-22T19:17:15.3937730Z [command]/opt/homebrew/bin/git -c protocol.version=2 fetch --no-tags --prune --no-recurse-submodules --depth=1 origin +e0eb592c7e3f2ed4c9a3b24eb5f235eb11b19070:refs/remotes/pull/2897/merge
2025-01-22T19:17:17.5499230Z From https://github.com/tardis-sn/tardis
2025-01-22T19:17:17.5557980Z  * [new ref]         e0eb592c7e3f2ed4c9a3b24eb5f235eb11b19070 -> pull/2897/merge
2025-01-22T19:17:17.5559390Z ##[endgroup]
2025-01-22T19:17:17.5559750Z ##[group]Determining the checkout info
2025-01-22T19:17:17.5560160Z ##[endgroup]
2025-01-22T19:17:17.5562820Z [command]/opt/homebrew/bin/git sparse-checkout disable
2025-01-22T19:17:17.5620140Z [command]/opt/homebrew/bin/git config --local --unset-all extensions.worktreeConfig
2025-01-22T19:17:17.5670750Z ##[group]Checking out the ref
2025-01-22T19:17:17.5673990Z [command]/opt/homebrew/bin/git checkout --progress --force refs/remotes/pull/2897/merge
2025-01-22T19:17:17.7670440Z HEAD is now at e0eb592 Merge a9696670b39d2249e07e5ba8ca1cf0519f9ad32e into 145a99565a5431633d6a35525ef6495ec59a9661
2025-01-22T19:17:17.7680650Z ##[endgroup]
2025-01-22T19:17:17.7736950Z [command]/opt/homebrew/bin/git log -1 --format=%H
2025-01-22T19:17:17.7796050Z e0eb592c7e3f2ed4c9a3b24eb5f235eb11b19070
2025-01-22T19:17:17.7989740Z Prepare all required actions
2025-01-22T19:17:17.7990120Z Getting action download info
2025-01-22T19:17:17.9178220Z Download action repository 'actions/cache@v4' (SHA:1bd1e32a3bdc45362d1e726936510720a7c30a57)
2025-01-22T19:17:18.0323130Z ##[group]Run ./.github/actions/setup_lfs
2025-01-22T19:17:18.0323400Z with:
2025-01-22T19:17:18.0323600Z   regression-data-repo: tardis-sn/tardis-regression-data
2025-01-22T19:17:18.0323840Z env:
2025-01-22T19:17:18.0323980Z   CACHE_NUMBER: 0
2025-01-22T19:17:18.0324470Z   PYTEST_FLAGS: --tardis-regression-data=/Users/runner/work/tardis/tardis/tardis-regression-data --cov=tardis --cov-report=xml --cov-report=html --cov-append
2025-01-22T19:17:18.0324990Z   CODECOV_TOKEN: 
2025-01-22T19:17:18.0325140Z ##[endgroup]
2025-01-22T19:17:18.0448750Z ##[group]Run actions/checkout@v4
2025-01-22T19:17:18.0448990Z with:
2025-01-22T19:17:18.0449180Z   repository: tardis-sn/tardis-regression-data
2025-01-22T19:17:18.0449450Z   path: tardis-regression-data
2025-01-22T19:17:18.0449820Z   token: ***
2025-01-22T19:17:18.0450000Z   ssh-strict: true
2025-01-22T19:17:18.0450190Z   ssh-user: git
2025-01-22T19:17:18.0450360Z   persist-credentials: true
2025-01-22T19:17:18.0450550Z   clean: true
2025-01-22T19:17:18.0450710Z   sparse-checkout-cone-mode: true
2025-01-22T19:17:18.0450920Z   fetch-depth: 1
2025-01-22T19:17:18.0451100Z   fetch-tags: false
2025-01-22T19:17:18.0451280Z   show-progress: true
2025-01-22T19:17:18.0451450Z   lfs: false
2025-01-22T19:17:18.0451610Z   submodules: false
2025-01-22T19:17:18.0451770Z   set-safe-directory: true
2025-01-22T19:17:18.0451950Z env:
2025-01-22T19:17:18.0452080Z   CACHE_NUMBER: 0
2025-01-22T19:17:18.0452600Z   PYTEST_FLAGS: --tardis-regression-data=/Users/runner/work/tardis/tardis/tardis-regression-data --cov=tardis --cov-report=xml --cov-report=html --cov-append
2025-01-22T19:17:18.0453130Z   CODECOV_TOKEN: 
2025-01-22T19:17:18.0453280Z ##[endgroup]
2025-01-22T19:17:18.2660730Z Syncing repository: tardis-sn/tardis-regression-data
2025-01-22T19:17:18.2661610Z ##[group]Getting Git version info
2025-01-22T19:17:18.2662130Z Working directory is '/Users/runner/work/tardis/tardis/tardis-regression-data'
2025-01-22T19:17:18.2662940Z [command]/opt/homebrew/bin/git version
2025-01-22T19:17:18.2663300Z git version 2.48.1
2025-01-22T19:17:18.2664480Z ##[endgroup]
2025-01-22T19:17:18.2665950Z Copying '/Users/runner/.gitconfig' to '/Users/runner/work/_temp/51ef602f-1d5d-412c-9d76-b11ad7df1edc/.gitconfig'
2025-01-22T19:17:18.2666770Z Temporarily overriding HOME='/Users/runner/work/_temp/51ef602f-1d5d-412c-9d76-b11ad7df1edc' before making global git config changes
2025-01-22T19:17:18.2667390Z Adding repository directory to the temporary git global config as a safe directory
2025-01-22T19:17:18.2668150Z [command]/opt/homebrew/bin/git config --global --add safe.directory /Users/runner/work/tardis/tardis/tardis-regression-data
2025-01-22T19:17:18.2670480Z ##[group]Initializing the repository
2025-01-22T19:17:18.2671940Z [command]/opt/homebrew/bin/git init /Users/runner/work/tardis/tardis/tardis-regression-data
2025-01-22T19:17:18.2672610Z hint: Using 'master' as the name for the initial branch. This default branch name
2025-01-22T19:17:18.2673200Z hint: is subject to change. To configure the initial branch name to use in all
2025-01-22T19:17:18.2673890Z hint: of your new repositories, which will suppress this warning, call:
2025-01-22T19:17:18.2674540Z hint:
2025-01-22T19:17:18.2674910Z hint: 	git config --global init.defaultBranch <name>
2025-01-22T19:17:18.2675270Z hint:
2025-01-22T19:17:18.2675680Z hint: Names commonly chosen instead of 'master' are 'main', 'trunk' and
2025-01-22T19:17:18.2676220Z hint: 'development'. The just-created branch can be renamed via this command:
2025-01-22T19:17:18.2676640Z hint:
2025-01-22T19:17:18.2676920Z hint: 	git branch -m <name>
2025-01-22T19:17:18.2677420Z Initialized empty Git repository in /Users/runner/work/tardis/tardis/tardis-regression-data/.git/
2025-01-22T19:17:18.2679340Z [command]/opt/homebrew/bin/git remote add origin https://github.com/tardis-sn/tardis-regression-data
2025-01-22T19:17:18.2680470Z ##[endgroup]
2025-01-22T19:17:18.2680920Z ##[group]Disabling automatic garbage collection
2025-01-22T19:17:18.2681650Z [command]/opt/homebrew/bin/git config --local gc.auto 0
2025-01-22T19:17:18.2682610Z ##[endgroup]
2025-01-22T19:17:18.2683010Z ##[group]Setting up auth
2025-01-22T19:17:18.2683480Z [command]/opt/homebrew/bin/git config --local --name-only --get-regexp core\.sshCommand
2025-01-22T19:17:18.2684790Z [command]/opt/homebrew/bin/git submodule foreach --recursive sh -c "git config --local --name-only --get-regexp 'core\.sshCommand' && git config --local --unset-all 'core.sshCommand' || :"
2025-01-22T19:17:18.3196390Z [command]/opt/homebrew/bin/git config --local --name-only --get-regexp http\.https\:\/\/github\.com\/\.extraheader
2025-01-22T19:17:18.3284320Z [command]/opt/homebrew/bin/git submodule foreach --recursive sh -c "git config --local --name-only --get-regexp 'http\.https\:\/\/github\.com\/\.extraheader' && git config --local --unset-all 'http.https://github.com/.extraheader' || :"
2025-01-22T19:17:18.3930920Z [command]/opt/homebrew/bin/git config --local http.https://github.com/.extraheader AUTHORIZATION: basic ***
2025-01-22T19:17:18.3985370Z ##[endgroup]
2025-01-22T19:17:18.3985800Z ##[group]Determining the default branch
2025-01-22T19:17:18.3986830Z Retrieving the default branch name
2025-01-22T19:17:18.8933000Z Default branch 'main'
2025-01-22T19:17:18.8973260Z ##[endgroup]
2025-01-22T19:17:18.9052890Z ##[group]Fetching the repository
2025-01-22T19:17:18.9070000Z [command]/opt/homebrew/bin/git -c protocol.version=2 fetch --no-tags --prune --no-recurse-submodules --depth=1 origin +refs/heads/main:refs/remotes/origin/main
2025-01-22T19:17:20.0615460Z From https://github.com/tardis-sn/tardis-regression-data
2025-01-22T19:17:20.0616000Z  * [new branch]      main       -> origin/main
2025-01-22T19:17:20.0670770Z ##[endgroup]
2025-01-22T19:17:20.0671190Z ##[group]Determining the checkout info
2025-01-22T19:17:20.0671590Z ##[endgroup]
2025-01-22T19:17:20.0675390Z [command]/opt/homebrew/bin/git sparse-checkout disable
2025-01-22T19:17:20.0730160Z [command]/opt/homebrew/bin/git config --local --unset-all extensions.worktreeConfig
2025-01-22T19:17:20.0784810Z ##[group]Checking out the ref
2025-01-22T19:17:20.0793410Z [command]/opt/homebrew/bin/git checkout --progress --force -B main refs/remotes/origin/main
2025-01-22T19:17:20.4222680Z Switched to a new branch 'main'
2025-01-22T19:17:20.4325120Z branch 'main' set up to track 'origin/main'.
2025-01-22T19:17:20.5545320Z ##[endgroup]
2025-01-22T19:17:20.5669830Z [command]/opt/homebrew/bin/git log -1 --format=%H
2025-01-22T19:17:20.5763880Z fa7729bc9c30e14b69acd641af8b692b56fcd416
2025-01-22T19:17:20.5940780Z ##[group]Run git lfs ls-files -l | cut -d' ' -f1 | sort > .lfs-assets-id
2025-01-22T19:17:20.5941880Z [36;1mgit lfs ls-files -l | cut -d' ' -f1 | sort > .lfs-assets-id[0m
2025-01-22T19:17:20.6017580Z shell: /bin/bash --noprofile --norc -e -o pipefail {0}
2025-01-22T19:17:20.6018300Z env:
2025-01-22T19:17:20.6018660Z   CACHE_NUMBER: 0
2025-01-22T19:17:20.6020250Z   PYTEST_FLAGS: --tardis-regression-data=/Users/runner/work/tardis/tardis/tardis-regression-data --cov=tardis --cov-report=xml --cov-report=html --cov-append
2025-01-22T19:17:20.6021950Z   CODECOV_TOKEN: 
2025-01-22T19:17:20.6022250Z ##[endgroup]
2025-01-22T19:17:20.9010100Z ##[group]Run actions/cache/restore@v4
2025-01-22T19:17:20.9010360Z with:
2025-01-22T19:17:20.9010520Z   path: tardis-regression-data/.git/lfs
2025-01-22T19:17:20.9010910Z   key: macOS-lfs-21f9fa4b6817cc69b9fae3598144724da7828e276a73bd17f47a2a49d9af090a-v1
2025-01-22T19:17:20.9011240Z   enableCrossOsArchive: false
2025-01-22T19:17:20.9011420Z   fail-on-cache-miss: false
2025-01-22T19:17:20.9011640Z   lookup-only: false
2025-01-22T19:17:20.9011820Z env:
2025-01-22T19:17:20.9011990Z   CACHE_NUMBER: 0
2025-01-22T19:17:20.9012900Z   PYTEST_FLAGS: --tardis-regression-data=/Users/runner/work/tardis/tardis/tardis-regression-data --cov=tardis --cov-report=xml --cov-report=html --cov-append
2025-01-22T19:17:20.9013430Z   CODECOV_TOKEN: 
2025-01-22T19:17:20.9013630Z ##[endgroup]
2025-01-22T19:17:22.2011370Z Received 33554432 of 1706796060 (2.0%), 32.0 MBs/sec
2025-01-22T19:17:23.2005230Z Received 83886080 of 1706796060 (4.9%), 39.9 MBs/sec
2025-01-22T19:17:24.1977910Z Received 134217728 of 1706796060 (7.9%), 42.6 MBs/sec
2025-01-22T19:17:25.1991540Z Received 176160768 of 1706796060 (10.3%), 41.9 MBs/sec
2025-01-22T19:17:26.1995350Z Received 222298112 of 1706796060 (13.0%), 42.3 MBs/sec
2025-01-22T19:17:27.1998750Z Received 281018368 of 1706796060 (16.5%), 44.6 MBs/sec
2025-01-22T19:17:28.2006010Z Received 339738624 of 1706796060 (19.9%), 46.2 MBs/sec
2025-01-22T19:17:29.2060430Z Received 402653184 of 1706796060 (23.6%), 47.9 MBs/sec
2025-01-22T19:17:30.2018320Z Received 444596224 of 1706796060 (26.0%), 47.0 MBs/sec
2025-01-22T19:17:31.2035080Z Received 494927872 of 1706796060 (29.0%), 47.1 MBs/sec
2025-01-22T19:17:32.2051330Z Received 549453824 of 1706796060 (32.2%), 47.6 MBs/sec
2025-01-22T19:17:33.2084920Z Received 587202560 of 1706796060 (34.4%), 46.6 MBs/sec
2025-01-22T19:17:34.2099590Z Received 650117120 of 1706796060 (38.1%), 47.6 MBs/sec
2025-01-22T19:17:35.2106620Z Received 708837376 of 1706796060 (41.5%), 48.2 MBs/sec
2025-01-22T19:17:36.2114740Z Received 759169024 of 1706796060 (44.5%), 48.2 MBs/sec
2025-01-22T19:17:37.2118580Z Received 822083584 of 1706796060 (48.2%), 48.9 MBs/sec
2025-01-22T19:17:38.2130160Z Received 868220928 of 1706796060 (50.9%), 48.6 MBs/sec
2025-01-22T19:17:39.2134840Z Received 910163968 of 1706796060 (53.3%), 48.2 MBs/sec
2025-01-22T19:17:40.2142420Z Received 977272832 of 1706796060 (57.3%), 49.0 MBs/sec
2025-01-22T19:17:41.2148060Z Received 1040187392 of 1706796060 (60.9%), 49.5 MBs/sec
2025-01-22T19:17:42.2169180Z Received 1086324736 of 1706796060 (63.6%), 49.3 MBs/sec
2025-01-22T19:17:43.2183010Z Received 1149239296 of 1706796060 (67.3%), 49.8 MBs/sec
2025-01-22T19:17:44.2244760Z Received 1207959552 of 1706796060 (70.8%), 50.0 MBs/sec
2025-01-22T19:17:45.2199620Z Received 1258291200 of 1706796060 (73.7%), 49.9 MBs/sec
2025-01-22T19:17:46.2201860Z Received 1308622848 of 1706796060 (76.7%), 49.9 MBs/sec
2025-01-22T19:17:47.2297860Z Received 1375731712 of 1706796060 (80.6%), 50.4 MBs/sec
2025-01-22T19:17:48.2227970Z Received 1426063360 of 1706796060 (83.6%), 50.3 MBs/sec
2025-01-22T19:17:49.2254560Z Received 1480589312 of 1706796060 (86.7%), 50.4 MBs/sec
2025-01-22T19:17:50.2238540Z Received 1543503872 of 1706796060 (90.4%), 50.7 MBs/sec
2025-01-22T19:17:51.2301070Z Received 1602224128 of 1706796060 (93.9%), 50.9 MBs/sec
2025-01-22T19:17:52.2265820Z Received 1660944384 of 1706796060 (97.3%), 51.0 MBs/sec
2025-01-22T19:17:53.2110630Z Cache Size: ~1628 MB (1706796060 B)
2025-01-22T19:17:53.2254160Z Received 1706796060 of 1706796060 (100.0%), 50.8 MBs/sec
2025-01-22T19:17:53.2287880Z [command]/opt/homebrew/bin/gtar -xf /Users/runner/work/_temp/2d7d185c-411e-461b-ad82-4d206e15e055/cache.tzst -P -C /Users/runner/work/tardis/tardis --delay-directory-restore --use-compress-program unzstd
2025-01-22T19:17:59.4788760Z Cache restored successfully
2025-01-22T19:17:59.5564350Z Cache restored from key: macOS-lfs-21f9fa4b6817cc69b9fae3598144724da7828e276a73bd17f47a2a49d9af090a-v1
2025-01-22T19:17:59.5783120Z ##[group]Run git lfs checkout
2025-01-22T19:17:59.5783400Z [36;1mgit lfs checkout[0m
2025-01-22T19:17:59.5866280Z shell: /bin/bash --noprofile --norc -e -o pipefail {0}
2025-01-22T19:17:59.5866590Z env:
2025-01-22T19:17:59.5866720Z   CACHE_NUMBER: 0
2025-01-22T19:17:59.5867170Z   PYTEST_FLAGS: --tardis-regression-data=/Users/runner/work/tardis/tardis/tardis-regression-data --cov=tardis --cov-report=xml --cov-report=html --cov-append
2025-01-22T19:17:59.5867720Z   CODECOV_TOKEN: 
2025-01-22T19:17:59.5868020Z ##[endgroup]
2025-01-22T19:18:07.9057920Z Checking out LFS objects: 100% (204/204), 3.5 GB | 342 MB/s, done.
2025-01-22T19:18:15.4465340Z Prepare all required actions
2025-01-22T19:18:15.4465840Z Getting action download info
2025-01-22T19:18:15.5663430Z Download action repository 'mamba-org/setup-micromamba@v1' (SHA:4b9113af4fba0e9e1124b252dd6497a419e7396d)
2025-01-22T19:18:16.9379940Z ##[group]Run ./.github/actions/setup_env
2025-01-22T19:18:16.9380940Z with:
2025-01-22T19:18:16.9381240Z   os-label: osx-arm64
2025-01-22T19:18:16.9381440Z env:
2025-01-22T19:18:16.9381710Z   CACHE_NUMBER: 0
2025-01-22T19:18:16.9382180Z   PYTEST_FLAGS: --tardis-regression-data=/Users/runner/work/tardis/tardis/tardis-regression-data --cov=tardis --cov-report=xml --cov-report=html --cov-append
2025-01-22T19:18:16.9382770Z   CODECOV_TOKEN: 
2025-01-22T19:18:16.9382970Z ##[endgroup]
2025-01-22T19:18:16.9403580Z ##[group]Run file_hash=$(cat conda-osx-arm64.lock | shasum -a 256 | cut -d' ' -f1)
2025-01-22T19:18:16.9404010Z [36;1mfile_hash=$(cat conda-osx-arm64.lock | shasum -a 256 | cut -d' ' -f1)[0m
2025-01-22T19:18:16.9404380Z [36;1mecho "file_hash=$file_hash" >> "${GITHUB_OUTPUT}"[0m
2025-01-22T19:18:16.9455270Z shell: /bin/bash --noprofile --norc -e -o pipefail {0}
2025-01-22T19:18:16.9455510Z env:
2025-01-22T19:18:16.9455640Z   CACHE_NUMBER: 0
2025-01-22T19:18:16.9456130Z   PYTEST_FLAGS: --tardis-regression-data=/Users/runner/work/tardis/tardis/tardis-regression-data --cov=tardis --cov-report=xml --cov-report=html --cov-append
2025-01-22T19:18:16.9456660Z   CODECOV_TOKEN: 
2025-01-22T19:18:16.9456810Z ##[endgroup]
2025-01-22T19:18:17.0451950Z ##[group]Run mamba-org/setup-micromamba@v1
2025-01-22T19:18:17.0452250Z with:
2025-01-22T19:18:17.0452420Z   environment-file: conda-osx-arm64.lock
2025-01-22T19:18:17.0452770Z   cache-environment-key: bf0d0a4d4c847cca72476c6c68c493d56c484aada7e80de0e42c7607fcef5824
2025-01-22T19:18:17.0453250Z   cache-downloads-key: bf0d0a4d4c847cca72476c6c68c493d56c484aada7e80de0e42c7607fcef5824
2025-01-22T19:18:17.0453580Z   environment-name: tardis
2025-01-22T19:18:17.0453780Z   cache-environment: true
2025-01-22T19:18:17.0454000Z   cache-downloads: true
2025-01-22T19:18:17.0454150Z env:
2025-01-22T19:18:17.0454290Z   CACHE_NUMBER: 0
2025-01-22T19:18:17.0454780Z   PYTEST_FLAGS: --tardis-regression-data=/Users/runner/work/tardis/tardis/tardis-regression-data --cov=tardis --cov-report=xml --cov-report=html --cov-append
2025-01-22T19:18:17.0455310Z   CODECOV_TOKEN: 
2025-01-22T19:18:17.0455450Z ##[endgroup]
2025-01-22T19:18:17.3479170Z Will download micromamba to /Users/runner/micromamba-bin/micromamba
2025-01-22T19:18:17.3485890Z ##[group]Install micromamba
2025-01-22T19:18:17.9782640Z micromamba installed to /Users/runner/micromamba-bin/micromamba
2025-01-22T19:18:17.9783050Z ##[endgroup]
2025-01-22T19:18:17.9783320Z Adding conda-forge to condarc channels ...
2025-01-22T19:18:17.9900060Z ##[group]Initialize micromamba for bash.
2025-01-22T19:18:17.9997100Z [command]/Users/runner/micromamba-bin/micromamba shell init -s bash -r /Users/runner/micromamba --log-level warning --rc-file /Users/runner/work/_temp/setup-micromamba/.condarc
2025-01-22T19:18:18.0152300Z Modifying RC file "/Users/runner/.bash_profile"
2025-01-22T19:18:18.0171060Z Generating config for root prefix [1m"/Users/runner/micromamba"[0m
2025-01-22T19:18:18.0176810Z Setting mamba executable to: [1m"/Users/runner/micromamba-bin/micromamba"[0m
2025-01-22T19:18:18.0182820Z Adding (or replacing) the following in your "/Users/runner/.bash_profile" file
2025-01-22T19:18:18.0184370Z 
2025-01-22T19:18:18.0184540Z # >>> mamba initialize >>>
2025-01-22T19:18:18.0184900Z # !! Contents within this block are managed by 'mamba init' !!
2025-01-22T19:18:18.0185280Z export MAMBA_EXE='/Users/runner/micromamba-bin/micromamba';
2025-01-22T19:18:18.0185670Z export MAMBA_ROOT_PREFIX='/Users/runner/micromamba';
2025-01-22T19:18:18.0186270Z __mamba_setup="$("$MAMBA_EXE" shell hook --shell bash --root-prefix "$MAMBA_ROOT_PREFIX" 2> /dev/null)"
2025-01-22T19:18:18.0186860Z if [ $? -eq 0 ]; then
2025-01-22T19:18:18.0187110Z     eval "$__mamba_setup"
2025-01-22T19:18:18.0188180Z else
2025-01-22T19:18:18.0188590Z     alias micromamba="$MAMBA_EXE"  # Fallback on help from mamba activate
2025-01-22T19:18:18.0196880Z fi
2025-01-22T19:18:18.0197160Z unset __mamba_setup
2025-01-22T19:18:18.0197430Z # <<< mamba initialize <<<
2025-01-22T19:18:18.0197640Z 
2025-01-22T19:18:18.0198550Z ##[endgroup]
2025-01-22T19:18:18.0199220Z ##[group]Restoring downloads from `/Users/runner/micromamba/pkgs` ...
2025-01-22T19:18:19.1037040Z Received 46137344 of 310595924 (14.9%), 43.9 MBs/sec
2025-01-22T19:18:20.1041240Z Received 109051904 of 310595924 (35.1%), 51.9 MBs/sec
2025-01-22T19:18:21.1109830Z Received 159383552 of 310595924 (51.3%), 50.6 MBs/sec
2025-01-22T19:18:22.1054790Z Received 226492416 of 310595924 (72.9%), 53.9 MBs/sec
2025-01-22T19:18:23.1051780Z Received 268435456 of 310595924 (86.4%), 51.1 MBs/sec
2025-01-22T19:18:23.5882510Z Cache Size: ~296 MB (310595924 B)
2025-01-22T19:18:23.5920670Z [command]/opt/homebrew/bin/gtar -xf /Users/runner/work/_temp/5e00bc34-98c7-4116-8d69-dc91f7ae7dca/cache.tzst -P -C /Users/runner/work/tardis/tardis --delay-directory-restore --use-compress-program unzstd
2025-01-22T19:18:24.1142470Z Received 310595924 of 310595924 (100.0%), 49.3 MBs/sec
2025-01-22T19:18:24.3910180Z Cache restored successfully
2025-01-22T19:18:24.3977230Z Restored cache with key `bf0d0a4d4c847cca72476c6c68c493d56c484aada7e80de0e42c7607fcef5824-osx-arm64`
2025-01-22T19:18:24.3981350Z ##[endgroup]
2025-01-22T19:18:24.4054140Z ##[group]Restoring environment `tardis` from `/Users/runner/micromamba/envs/tardis` ...
2025-01-22T19:18:25.5103530Z Received 50331648 of 385787123 (13.0%), 48.0 MBs/sec
2025-01-22T19:18:26.5106190Z Received 117440512 of 385787123 (30.4%), 56.0 MBs/sec
2025-01-22T19:18:27.5108230Z Received 188743680 of 385787123 (48.9%), 60.0 MBs/sec
2025-01-22T19:18:28.5119340Z Received 251658240 of 385787123 (65.2%), 60.0 MBs/sec
2025-01-22T19:18:29.5127520Z Received 327155712 of 385787123 (84.8%), 62.4 MBs/sec
2025-01-22T19:18:30.1882620Z Cache Size: ~368 MB (385787123 B)
2025-01-22T19:18:30.1967080Z [command]/opt/homebrew/bin/gtar -xf /Users/runner/work/_temp/633368e9-9211-4348-871c-2501d5c249c9/cache.tzst -P -C /Users/runner/work/tardis/tardis --delay-directory-restore --use-compress-program unzstd
2025-01-22T19:18:30.5147240Z Received 385787123 of 385787123 (100.0%), 61.3 MBs/sec
2025-01-22T19:18:43.9493560Z Cache restored successfully
2025-01-22T19:18:43.9596790Z Restored cache with key `bf0d0a4d4c847cca72476c6c68c493d56c484aada7e80de0e42c7607fcef5824-osx-arm64-tardis-args-4f53cda-root-873f6fe-bin-[object Promise]-file-bf0d0a4d4c847cca72476c6c68c493d56c484aada7e80de0e42c7607fcef5824`
2025-01-22T19:18:43.9697560Z ##[endgroup]
2025-01-22T19:18:43.9776420Z Adding environment tardis to auto-activate bash ...
2025-01-22T19:18:43.9778210Z Generating micromamba run shell.
2025-01-22T19:18:43.9780490Z ##[endgroup]
2025-01-22T19:18:43.9781550Z Set environment variables.
2025-01-22T19:18:43.9782570Z ##[group]micromamba info
2025-01-22T19:18:43.9783920Z [command]/Users/runner/micromamba-bin/micromamba info -r /Users/runner/micromamba -n tardis
2025-01-22T19:18:44.4608640Z 
2025-01-22T19:18:44.4637300Z        libmamba version : 1.5.10
2025-01-22T19:18:44.4638890Z      micromamba version : 1.5.10
2025-01-22T19:18:44.4639740Z            curl version : libcurl/8.10.1 (OpenSSL/3.3.2) SecureTransport zlib/1.3.1 zstd/1.5.6 libssh2/1.11.0 nghttp2/1.58.0
2025-01-22T19:18:44.4659790Z      libarchive version : libarchive 3.7.4 zlib/1.2.13 bz2lib/1.0.8 libzstd/1.5.6
2025-01-22T19:18:44.4660370Z        envs directories : /Users/runner/micromamba/envs
2025-01-22T19:18:44.4660890Z           package cache : /Users/runner/micromamba/pkgs
2025-01-22T19:18:44.4663640Z                           /Users/runner/.mamba/pkgs
2025-01-22T19:18:44.4664150Z             environment : tardis
2025-01-22T19:18:44.4664560Z            env location : /Users/runner/micromamba/envs/tardis
2025-01-22T19:18:44.4665080Z       user config files : /Users/runner/.mambarc
2025-01-22T19:18:44.4923970Z  populated config files : /Users/runner/work/_temp/setup-micromamba/.condarc
2025-01-22T19:18:44.4924850Z        virtual packages : __unix=0=0
2025-01-22T19:18:44.4925190Z                           __osx=14.7.2=0
2025-01-22T19:18:44.4925470Z                           __archspec=1=arm64
2025-01-22T19:18:44.4925930Z                channels : https://conda.anaconda.org/conda-forge/osx-arm64
2025-01-22T19:18:44.5277790Z                           https://conda.anaconda.org/conda-forge/noarch
2025-01-22T19:18:44.5278190Z        base environment : /Users/runner/micromamba
2025-01-22T19:18:44.5278500Z                platform : osx-arm64
2025-01-22T19:18:44.5279010Z ##[endgroup]
2025-01-22T19:18:44.5279410Z ##[group]micromamba list
2025-01-22T19:18:44.5280250Z [command]/Users/runner/micromamba-bin/micromamba list -r /Users/runner/micromamba -n tardis
2025-01-22T19:18:44.9264330Z List of packages in environment: "/Users/runner/micromamba/envs/tardis"
2025-01-22T19:18:44.9265820Z 
2025-01-22T19:18:44.9266340Z   Name                           Version              Build                    Channel    
2025-01-22T19:18:44.9267980Z ────────────────────────────────────────────────────────────────────────────────────────────
2025-01-22T19:18:44.9268580Z   alabaster                      0.7.16               pyhd8ed1ab_0             conda-forge
2025-01-22T19:18:44.9269050Z   anyio                          4.4.0                pyhd8ed1ab_0             conda-forge
2025-01-22T19:18:44.9269550Z   appnope                        0.1.4                pyhd8ed1ab_0             conda-forge
2025-01-22T19:18:44.9270010Z   argon2-cffi                    23.1.0               pyhd8ed1ab_0             conda-forge
2025-01-22T19:18:44.9270580Z   argon2-cffi-bindings           21.2.0               py312h02f2b3b_4          conda-forge
2025-01-22T19:18:44.9271120Z   arrow                          1.3.0                pyhd8ed1ab_0             conda-forge
2025-01-22T19:18:44.9273950Z   astropy                        6.1.1                py312hbebd99a_0          conda-forge
2025-01-22T19:18:44.9274480Z   astropy-iers-data              0.2024.6.17.0.31.35  pyhd8ed1ab_0             conda-forge
2025-01-22T19:18:44.9275020Z   astropy-sphinx-theme           1.1                  pyhd8ed1ab_0             conda-forge
2025-01-22T19:18:44.9275480Z   asttokens                      2.4.1                pyhd8ed1ab_0             conda-forge
2025-01-22T19:18:44.9275950Z   async-lru                      2.0.4                pyhd8ed1ab_0             conda-forge
2025-01-22T19:18:44.9276370Z   atk-1.0                        2.38.0               hd03087b_2               conda-forge
2025-01-22T19:18:44.9276910Z   attrs                          23.2.0               pyh71513ae_0             conda-forge
2025-01-22T19:18:44.9278360Z   babel                          2.14.0               pyhd8ed1ab_0             conda-forge
2025-01-22T19:18:44.9278990Z   beautifulsoup4                 4.12.3               pyha770c72_0             conda-forge
2025-01-22T19:18:44.9279460Z   bleach                         6.1.0                pyhd8ed1ab_0             conda-forge
2025-01-22T19:18:44.9279970Z   blosc                          1.21.5               h9c252e8_1               conda-forge
2025-01-22T19:18:44.9280470Z   brotli                         1.1.0                hb547adb_1               conda-forge
2025-01-22T19:18:44.9280910Z   brotli-bin                     1.1.0                hb547adb_1               conda-forge
2025-01-22T19:18:44.9281430Z   brotli-python                  1.1.0                py312h9f69965_1          conda-forge
2025-01-22T19:18:44.9281880Z   bzip2                          1.0.8                h93a5062_5               conda-forge
2025-01-22T19:18:44.9282360Z   c-ares                         1.28.1               h93a5062_0               conda-forge
2025-01-22T19:18:44.9282790Z   c-blosc2                       2.14.4               ha57e6be_1               conda-forge
2025-01-22T19:18:44.9283480Z   ca-certificates                2024.6.2             hf0a4a13_0               conda-forge
2025-01-22T19:18:44.9284790Z   cached-property                1.5.2                hd8ed1ab_1               conda-forge
2025-01-22T19:18:44.9285410Z   cached_property                1.5.2                pyha770c72_1             conda-forge
2025-01-22T19:18:44.9286000Z   cairo                          1.18.0               hd1e100b_0               conda-forge
2025-01-22T19:18:44.9287900Z   certifi                        2024.6.2             pyhd8ed1ab_0             conda-forge
2025-01-22T19:18:44.9288490Z   cffi                           1.16.0               py312h8e38eb3_0          conda-forge
2025-01-22T19:18:44.9289740Z   charset-normalizer             3.3.2                pyhd8ed1ab_0             conda-forge
2025-01-22T19:18:44.9290230Z   click                          8.1.7                unix_pyh707e725_0        conda-forge
2025-01-22T19:18:44.9290660Z   codespell                      2.3.0                pyhd8ed1ab_0             conda-forge
2025-01-22T19:18:44.9291050Z   colorama                       0.4.6                pyhd8ed1ab_0             conda-forge
2025-01-22T19:18:44.9291830Z   comm                           0.2.2                pyhd8ed1ab_0             conda-forge
2025-01-22T19:18:44.9292160Z   commonmark                     0.9.1                py_0                     conda-forge
2025-01-22T19:18:44.9292580Z   contourpy                      1.2.1                py312h0fef576_0          conda-forge
2025-01-22T19:18:44.9292930Z   coverage                       7.5.3                py312h7e5086c_0          conda-forge
2025-01-22T19:18:44.9293360Z   cycler                         0.12.1               pyhd8ed1ab_0             conda-forge
2025-01-22T19:18:44.9293730Z   dataclasses                    0.8                  pyhc8e2a94_3             conda-forge
2025-01-22T19:18:44.9294150Z   debugpy                        1.8.1                py312h20a0b95_0          conda-forge
2025-01-22T19:18:44.9294480Z   decorator                      5.1.1                pyhd8ed1ab_0             conda-forge
2025-01-22T19:18:44.9294940Z   defusedxml                     0.7.1                pyhd8ed1ab_0             conda-forge
2025-01-22T19:18:44.9295640Z   docutils                       0.20.1               py312h81bd7bf_3          conda-forge
2025-01-22T19:18:44.9296070Z   dot2tex                        2.11.3               pyhd8ed1ab_0             conda-forge
2025-01-22T19:18:44.9296470Z   entrypoints                    0.4                  pyhd8ed1ab_0             conda-forge
2025-01-22T19:18:44.9296880Z   exceptiongroup                 1.2.0                pyhd8ed1ab_2             conda-forge
2025-01-22T19:18:44.9297310Z   executing                      2.0.1                pyhd8ed1ab_0             conda-forge
2025-01-22T19:18:44.9297670Z   expat                          2.6.2                hebf3989_0               conda-forge
2025-01-22T19:18:44.9298170Z   font-ttf-dejavu-sans-mono      2.37                 hab24e00_0               conda-forge
2025-01-22T19:18:44.9298650Z   font-ttf-inconsolata           3.000                h77eed37_0               conda-forge
2025-01-22T19:18:44.9299180Z   font-ttf-source-code-pro       2.038                h77eed37_0               conda-forge
2025-01-22T19:18:44.9299680Z   font-ttf-ubuntu                0.83                 h77eed37_2               conda-forge
2025-01-22T19:18:44.9300200Z   fontconfig                     2.14.2               h82840c6_0               conda-forge
2025-01-22T19:18:44.9300650Z   fonts-conda-ecosystem          1                    0                        conda-forge
2025-01-22T19:18:44.9301160Z   fonts-conda-forge              1                    0                        conda-forge
2025-01-22T19:18:44.9301540Z   fonttools                      4.53.0               py312h7e5086c_0          conda-forge
2025-01-22T19:18:44.9302170Z   fqdn                           1.5.1                pyhd8ed1ab_0             conda-forge
2025-01-22T19:18:44.9302600Z   freetype                       2.12.1               hadb7bae_2               conda-forge
2025-01-22T19:18:44.9303220Z   fribidi                        1.0.10               h27ca646_0               conda-forge
2025-01-22T19:18:44.9303670Z   future                         1.0.0                pyhd8ed1ab_0             conda-forge
2025-01-22T19:18:44.9304050Z   gdk-pixbuf                     2.42.12              h7ddc832_0               conda-forge
2025-01-22T19:18:44.9304790Z   gettext                        0.22.5               h8fbad5d_2               conda-forge
2025-01-22T19:18:44.9305270Z   gettext-tools                  0.22.5               h8fbad5d_2               conda-forge
2025-01-22T19:18:44.9305600Z   giflib                         5.2.2                h93a5062_0               conda-forge
2025-01-22T19:18:44.9305970Z   git-lfs                        3.5.1                hce30654_0               conda-forge
2025-01-22T19:18:44.9306350Z   gmp                            6.3.0                hebf3989_1               conda-forge
2025-01-22T19:18:44.9306700Z   gmpy2                          2.1.5                py312hfa9fade_1          conda-forge
2025-01-22T19:18:44.9307280Z   graphite2                      1.3.13               hebf3989_1003            conda-forge
2025-01-22T19:18:44.9307760Z   graphviz                       11.0.0               h9bb9bc9_0               conda-forge
2025-01-22T19:18:44.9308100Z   gtk2                           2.24.33              h7895bb2_4               conda-forge
2025-01-22T19:18:44.9308460Z   gts                            0.7.6                he42f4ea_4               conda-forge
2025-01-22T19:18:44.9308820Z   h11                            0.14.0               pyhd8ed1ab_0             conda-forge
2025-01-22T19:18:44.9309160Z   h2                             4.1.0                pyhd8ed1ab_0             conda-forge
2025-01-22T19:18:44.9309550Z   h5py                           3.11.0               nompi_py312h903599c_102  conda-forge
2025-01-22T19:18:44.9309880Z   harfbuzz                       8.5.0                h1836168_0               conda-forge
2025-01-22T19:18:44.9310230Z   hdf5                           1.14.3               nompi_hec07895_105       conda-forge
2025-01-22T19:18:44.9310570Z   hpack                          4.0.0                pyh9f0ad1d_0             conda-forge
2025-01-22T19:18:44.9310920Z   httpcore                       1.0.5                pyhd8ed1ab_0             conda-forge
2025-01-22T19:18:44.9311300Z   httpx                          0.27.0               pyhd8ed1ab_0             conda-forge
2025-01-22T19:18:44.9311770Z   hyperframe                     6.0.1                pyhd8ed1ab_0             conda-forge
2025-01-22T19:18:44.9312170Z   icu                            73.2                 hc8870d7_0               conda-forge
2025-01-22T19:18:44.9312590Z   idna                           3.7                  pyhd8ed1ab_0             conda-forge
2025-01-22T19:18:44.9312950Z   imagesize                      1.4.1                pyhd8ed1ab_0             conda-forge
2025-01-22T19:18:44.9314240Z   importlib-metadata             7.1.0                pyha770c72_0             conda-forge
2025-01-22T19:18:44.9314750Z   importlib_metadata             7.1.0                hd8ed1ab_0               conda-forge
2025-01-22T19:18:44.9315160Z   importlib_resources            6.4.0                pyhd8ed1ab_0             conda-forge
2025-01-22T19:18:44.9315640Z   iniconfig                      2.0.0                pyhd8ed1ab_0             conda-forge
2025-01-22T19:18:44.9316000Z   ipykernel                      6.29.4               pyh57ce528_0             conda-forge
2025-01-22T19:18:44.9316370Z   ipython                        8.25.0               pyh707e725_0             conda-forge
2025-01-22T19:18:44.9316760Z   ipython_genutils               0.2.0                pyhd8ed1ab_1             conda-forge
2025-01-22T19:18:44.9317170Z   ipywidgets                     7.8.0                pyhd8ed1ab_0             conda-forge
2025-01-22T19:18:44.9317540Z   isoduration                    20.11.0              pyhd8ed1ab_0             conda-forge
2025-01-22T19:18:44.9318280Z   jedi                           0.19.1               pyhd8ed1ab_0             conda-forge
2025-01-22T19:18:44.9318680Z   jinja2                         3.1.4                pyhd8ed1ab_0             conda-forge
2025-01-22T19:18:44.9319310Z   json5                          0.9.25               pyhd8ed1ab_0             conda-forge
2025-01-22T19:18:44.9319940Z   jsonpointer                    3.0.0                py312h81bd7bf_0          conda-forge
2025-01-22T19:18:44.9341990Z   jsonschema                     4.22.0               pyhd8ed1ab_0             conda-forge
2025-01-22T19:18:44.9342430Z   jsonschema-specifications      2023.12.1            pyhd8ed1ab_0             conda-forge
2025-01-22T19:18:44.9342930Z   jsonschema-with-format-nongpl  4.22.0               pyhd8ed1ab_0             conda-forge
2025-01-22T19:18:44.9343620Z   jupyter-lsp                    2.2.5                pyhd8ed1ab_0             conda-forge
2025-01-22T19:18:44.9344050Z   jupyter_client                 8.6.2                pyhd8ed1ab_0             conda-forge
2025-01-22T19:18:44.9344380Z   jupyter_core                   5.7.2                py312h81bd7bf_0          conda-forge
2025-01-22T19:18:44.9344750Z   jupyter_events                 0.10.0               pyhd8ed1ab_0             conda-forge
2025-01-22T19:18:44.9345070Z   jupyter_server                 2.14.1               pyhd8ed1ab_0             conda-forge
2025-01-22T19:18:44.9345410Z   jupyter_server_terminals       0.5.3                pyhd8ed1ab_0             conda-forge
2025-01-22T19:18:44.9345790Z   jupyterlab                     4.2.2                pyhd8ed1ab_0             conda-forge
2025-01-22T19:18:44.9346230Z   jupyterlab_pygments            0.3.0                pyhd8ed1ab_1             conda-forge
2025-01-22T19:18:44.9346720Z   jupyterlab_server              2.27.2               pyhd8ed1ab_0             conda-forge
2025-01-22T19:18:44.9347100Z   jupyterlab_widgets             1.1.7                pyhd8ed1ab_0             conda-forge
2025-01-22T19:18:44.9347530Z   kiwisolver                     1.4.5                py312h389731b_1          conda-forge
2025-01-22T19:18:44.9347900Z   krb5                           1.21.2               h92f50d5_0               conda-forge
2025-01-22T19:18:44.9348330Z   latexcodec                     2.0.1                pyh9f0ad1d_0             conda-forge
2025-01-22T19:18:44.9348670Z   lcms2                          2.16                 ha0e7c42_0               conda-forge
2025-01-22T19:18:44.9349080Z   lerc                           4.0.0                h9a09cb3_0               conda-forge
2025-01-22T19:18:44.9349460Z   libaec                         1.1.3                hebf3989_0               conda-forge
2025-01-22T19:18:44.9349800Z   libasprintf                    0.22.5               h8fbad5d_2               conda-forge
2025-01-22T19:18:44.9350200Z   libasprintf-devel              0.22.5               h8fbad5d_2               conda-forge
2025-01-22T19:18:44.9350680Z   libblas                        3.9.0                22_osxarm64_openblas     conda-forge
2025-01-22T19:18:44.9351120Z   libbrotlicommon                1.1.0                hb547adb_1               conda-forge
2025-01-22T19:18:44.9351570Z   libbrotlidec                   1.1.0                hb547adb_1               conda-forge
2025-01-22T19:18:44.9351930Z   libbrotlienc                   1.1.0                hb547adb_1               conda-forge
2025-01-22T19:18:44.9352400Z   libcblas                       3.9.0                22_osxarm64_openblas     conda-forge
2025-01-22T19:18:44.9352750Z   libcurl                        8.8.0                h7b6f9a7_0               conda-forge
2025-01-22T19:18:44.9353220Z   libcxx                         17.0.6               h5f092b4_0               conda-forge
2025-01-22T19:18:44.9353650Z   libdeflate                     1.20                 h93a5062_0               conda-forge
2025-01-22T19:18:44.9354000Z   libedit                        3.1.20191231         hc8eb9b7_2               conda-forge
2025-01-22T19:18:44.9354760Z   libev                          4.33                 h93a5062_2               conda-forge
2025-01-22T19:18:44.9355080Z   libexpat                       2.6.2                hebf3989_0               conda-forge
2025-01-22T19:18:44.9355500Z   libffi                         3.4.2                h3422bc3_5               conda-forge
2025-01-22T19:18:44.9356080Z   libgd                          2.3.3                hfdf3952_9               conda-forge
2025-01-22T19:18:44.9356470Z   libgettextpo                   0.22.5               h8fbad5d_2               conda-forge
2025-01-22T19:18:44.9356870Z   libgettextpo-devel             0.22.5               h8fbad5d_2               conda-forge
2025-01-22T19:18:44.9357190Z   libgfortran                    5.0.0                13_2_0_hd922786_3        conda-forge
2025-01-22T19:18:44.9357490Z   libgfortran5                   13.2.0               hf226fd6_3               conda-forge
2025-01-22T19:18:44.9357880Z   libglib                        2.80.2               h59d46d9_1               conda-forge
2025-01-22T19:18:44.9358250Z   libiconv                       1.17                 h0d3ecfb_2               conda-forge
2025-01-22T19:18:44.9358570Z   libintl                        0.22.5               h8fbad5d_2               conda-forge
2025-01-22T19:18:44.9359000Z   libintl-devel                  0.22.5               h8fbad5d_2               conda-forge
2025-01-22T19:18:44.9359390Z   libjpeg-turbo                  3.0.0                hb547adb_1               conda-forge
2025-01-22T19:18:44.9359780Z   liblapack                      3.9.0                22_osxarm64_openblas     conda-forge
2025-01-22T19:18:44.9360110Z   libllvm14                      14.0.6               hd1a9a77_4               conda-forge
2025-01-22T19:18:44.9360460Z   libnghttp2                     1.58.0               ha4dd798_1               conda-forge
2025-01-22T19:18:44.9360810Z   libopenblas                    0.3.27               openmp_h6c19121_0        conda-forge
2025-01-22T19:18:44.9361200Z   libpng                         1.6.43               h091b4b1_0               conda-forge
2025-01-22T19:18:44.9361530Z   librsvg                        2.58.1               hbc281fb_0               conda-forge
2025-01-22T19:18:44.9361970Z   libsodium                      1.0.18               h27ca646_1               conda-forge
2025-01-22T19:18:44.9362390Z   libsqlite                      3.46.0               hfb93653_0               conda-forge
2025-01-22T19:18:44.9362720Z   libssh2                        1.11.0               h7a5bd25_0               conda-forge
2025-01-22T19:18:44.9363090Z   libtiff                        4.6.0                h07db509_3               conda-forge
2025-01-22T19:18:44.9363420Z   libwebp                        1.4.0                h54798ee_0               conda-forge
2025-01-22T19:18:44.9363770Z   libwebp-base                   1.4.0                h93a5062_0               conda-forge
2025-01-22T19:18:44.9364100Z   libxcb                         1.16                 hf2054a2_0               conda-forge
2025-01-22T19:18:44.9364600Z   libxml2                        2.12.7               ha661575_1               conda-forge
2025-01-22T19:18:44.9365050Z   libxslt                        1.1.39               h223e5b9_0               conda-forge
2025-01-22T19:18:44.9365380Z   libzlib                        1.3.1                hfb2fe0b_1               conda-forge
2025-01-22T19:18:44.9365790Z   llvm-openmp                    18.1.7               hde57baf_0               conda-forge
2025-01-22T19:18:44.9366130Z   llvmlite                       0.42.0               py312h17030e7_1          conda-forge
2025-01-22T19:18:44.9366610Z   lxml                           5.2.2                py312h0e5ab22_0          conda-forge
2025-01-22T19:18:44.9366990Z   lz4-c                          1.9.4                hb7217d7_0               conda-forge
2025-01-22T19:18:44.9367410Z   markupsafe                     2.1.5                py312he37b823_0          conda-forge
2025-01-22T19:18:44.9368420Z   matplotlib-base                3.8.4                py312h4479663_2          conda-forge
2025-01-22T19:18:44.9368890Z   matplotlib-inline              0.1.7                pyhd8ed1ab_0             conda-forge
2025-01-22T19:18:44.9369240Z   mistune                        3.0.2                pyhd8ed1ab_0             conda-forge
2025-01-22T19:18:44.9369560Z   mpc                            1.3.1                h91ba8db_0               conda-forge
2025-01-22T19:18:44.9369980Z   mpfr                           4.2.1                h41d338b_1               conda-forge
2025-01-22T19:18:44.9370350Z   mpmath                         1.3.0                pyhd8ed1ab_0             conda-forge
2025-01-22T19:18:44.9370640Z   munkres                        1.1.4                pyh9f0ad1d_0             conda-forge
2025-01-22T19:18:44.9370990Z   mypy_extensions                1.0.0                pyha770c72_0             conda-forge
2025-01-22T19:18:44.9371410Z   nbclassic                      1.1.0                pyhd8ed1ab_0             conda-forge
2025-01-22T19:18:44.9371920Z   nbclient                       0.10.0               pyhd8ed1ab_0             conda-forge
2025-01-22T19:18:44.9372300Z   nbconvert                      7.16.4               hd8ed1ab_1               conda-forge
2025-01-22T19:18:44.9372710Z   nbconvert-core                 7.16.4               pyhd8ed1ab_1             conda-forge
2025-01-22T19:18:44.9373100Z   nbconvert-pandoc               7.16.4               hd8ed1ab_1               conda-forge
2025-01-22T19:18:44.9373490Z   nbformat                       5.10.4               pyhd8ed1ab_0             conda-forge
2025-01-22T19:18:44.9373820Z   nbsphinx                       0.9.4                pyhd8ed1ab_0             conda-forge
2025-01-22T19:18:44.9374210Z   ncurses                        6.5                  hb89a1cb_0               conda-forge
2025-01-22T19:18:44.9374540Z   nest-asyncio                   1.6.0                pyhd8ed1ab_0             conda-forge
2025-01-22T19:18:44.9374940Z   networkx                       3.3                  pyhd8ed1ab_1             conda-forge
2025-01-22T19:18:44.9375220Z   notebook                       7.2.1                pyhd8ed1ab_0             conda-forge
2025-01-22T19:18:44.9375610Z   notebook-shim                  0.2.4                pyhd8ed1ab_0             conda-forge
2025-01-22T19:18:44.9375950Z   numba                          0.59.1               py312hbaff935_0          conda-forge
2025-01-22T19:18:44.9376270Z   numexpr                        2.10.0               py312h8ae5369_0          conda-forge
2025-01-22T19:18:44.9376590Z   numpy                          1.26.4               py312h8442bc7_0          conda-forge
2025-01-22T19:18:44.9376920Z   numpydoc                       1.7.0                pyhd8ed1ab_1             conda-forge
2025-01-22T19:18:44.9377200Z   openjpeg                       2.5.2                h9f1df11_0               conda-forge
2025-01-22T19:18:44.9377530Z   openssl                        3.3.1                hfb2fe0b_0               conda-forge
2025-01-22T19:18:44.9377860Z   overrides                      7.7.0                pyhd8ed1ab_0             conda-forge
2025-01-22T19:18:44.9378190Z   packaging                      24.1                 pyhd8ed1ab_0             conda-forge
2025-01-22T19:18:44.9378490Z   pandas                         2.2.2                py312h8ae5369_1          conda-forge
2025-01-22T19:18:44.9378770Z   pandoc                         3.2                  hce30654_0               conda-forge
2025-01-22T19:18:44.9379060Z   pandocfilters                  1.5.0                pyhd8ed1ab_0             conda-forge
2025-01-22T19:18:44.9379350Z   pango                          1.54.0               h5cb9fbc_0               conda-forge
2025-01-22T19:18:44.9379630Z   parso                          0.8.4                pyhd8ed1ab_0             conda-forge
2025-01-22T19:18:44.9379910Z   pathspec                       0.12.1               pyhd8ed1ab_0             conda-forge
2025-01-22T19:18:44.9380340Z   pbr                            6.0.0                pyhd8ed1ab_0             conda-forge
2025-01-22T19:18:44.9380620Z   pcre2                          10.44                h297a79d_0               conda-forge
2025-01-22T19:18:44.9380900Z   pexpect                        4.9.0                pyhd8ed1ab_0             conda-forge
2025-01-22T19:18:44.9381200Z   pickleshare                    0.7.5                py_1003                  conda-forge
2025-01-22T19:18:44.9381730Z   pillow                         10.3.0               py312h39b1d8d_1          conda-forge
2025-01-22T19:18:44.9382000Z   pip                            24.0                 pyhd8ed1ab_0             conda-forge
2025-01-22T19:18:44.9382280Z   pixman                         0.43.4               hebf3989_0               conda-forge
2025-01-22T19:18:44.9382590Z   pkgutil-resolve-name           1.3.10               pyhd8ed1ab_1             conda-forge
2025-01-22T19:18:44.9382920Z   platformdirs                   4.2.2                pyhd8ed1ab_0             conda-forge
2025-01-22T19:18:44.9383220Z   plotly                         5.22.0               pyhd8ed1ab_0             conda-forge
2025-01-22T19:18:44.9383500Z   pluggy                         1.5.0                pyhd8ed1ab_0             conda-forge
2025-01-22T19:18:44.9383800Z   prometheus_client              0.20.0               pyhd8ed1ab_0             conda-forge
2025-01-22T19:18:44.9384130Z   prompt-toolkit                 3.0.47               pyha770c72_0             conda-forge
2025-01-22T19:18:44.9384440Z   psutil                         5.9.8                py312he37b823_0          conda-forge
2025-01-22T19:18:44.9384730Z   pthread-stubs                  0.4                  h27ca646_1001            conda-forge
2025-01-22T19:18:44.9385040Z   ptyprocess                     0.7.0                pyhd3deb0d_0             conda-forge
2025-01-22T19:18:44.9385330Z   pure_eval                      0.2.2                pyhd8ed1ab_0             conda-forge
2025-01-22T19:18:44.9385620Z   py-cpuinfo                     9.0.0                pyhd8ed1ab_0             conda-forge
2025-01-22T19:18:44.9385910Z   pybtex                         0.24.0               pyhd8ed1ab_2             conda-forge
2025-01-22T19:18:44.9386220Z   pybtex-docutils                1.0.3                py312h81bd7bf_1          conda-forge
2025-01-22T19:18:44.9386530Z   pycparser                      2.22                 pyhd8ed1ab_0             conda-forge
2025-01-22T19:18:44.9386820Z   pyerfa                         2.0.1.4              py312hbebd99a_1          conda-forge
2025-01-22T19:18:44.9387110Z   pygments                       2.18.0               pyhd8ed1ab_0             conda-forge
2025-01-22T19:18:44.9387410Z   pygraphviz                     1.13                 py312h5f4d302_1          conda-forge
2025-01-22T19:18:44.9387700Z   pyobjc-core                    10.3.1               py312hbb55c70_0          conda-forge
2025-01-22T19:18:44.9388040Z   pyobjc-framework-cocoa         10.3.1               py312hbb55c70_0          conda-forge
2025-01-22T19:18:44.9388360Z   pyparsing                      3.1.2                pyhd8ed1ab_0             conda-forge
2025-01-22T19:18:44.9388660Z   pysocks                        1.7.1                pyha2e5f31_6             conda-forge
2025-01-22T19:18:44.9389010Z   pytables                       3.9.2                py312hb622ae1_2          conda-forge
2025-01-22T19:18:44.9389300Z   pytest                         8.2.2                pyhd8ed1ab_0             conda-forge
2025-01-22T19:18:44.9389590Z   pytest-cov                     5.0.0                pyhd8ed1ab_0             conda-forge
2025-01-22T19:18:44.9389900Z   pytest-doctestplus             1.2.1                pyhd8ed1ab_0             conda-forge
2025-01-22T19:18:44.9390230Z   pytest-html                    4.1.1                pyhd8ed1ab_0             conda-forge
2025-01-22T19:18:44.9390550Z   pytest-metadata                3.1.1                pyhd8ed1ab_0             conda-forge
2025-01-22T19:18:44.9390850Z   python                         3.12.4               h30c5eda_0_cpython       conda-forge
2025-01-22T19:18:44.9391290Z   python-dateutil                2.9.0                pyhd8ed1ab_0             conda-forge
2025-01-22T19:18:44.9391640Z   python-fastjsonschema          2.20.0               pyhd8ed1ab_0             conda-forge
2025-01-22T19:18:44.9391990Z   python-json-logger             2.0.7                pyhd8ed1ab_0             conda-forge
2025-01-22T19:18:44.9392430Z   python-tzdata                  2024.1               pyhd8ed1ab_0             conda-forge
2025-01-22T19:18:44.9392730Z   python_abi                     3.12                 4_cp312                  conda-forge
2025-01-22T19:18:44.9393020Z   pytz                           2024.1               pyhd8ed1ab_0             conda-forge
2025-01-22T19:18:44.9393300Z   pyyaml                         6.0.1                py312h02f2b3b_1          conda-forge
2025-01-22T19:18:44.9393580Z   pyzmq                          26.0.3               py312hfa13136_0          conda-forge
2025-01-22T19:18:44.9393860Z   qgrid                          1.3.1                pyhd8ed1ab_4             conda-forge
2025-01-22T19:18:44.9394160Z   radioactivedecay               0.5.1                pyhd8ed1ab_0             conda-forge
2025-01-22T19:18:44.9394530Z   readline                       8.2                  h92ec313_1               conda-forge
2025-01-22T19:18:44.9394830Z   recommonmark                   0.7.1                pyhd8ed1ab_0             conda-forge
2025-01-22T19:18:44.9395140Z   referencing                    0.35.1               pyhd8ed1ab_0             conda-forge
2025-01-22T19:18:44.9395430Z   requests                       2.32.3               pyhd8ed1ab_0             conda-forge
2025-01-22T19:18:44.9395750Z   rfc3339-validator              0.1.4                pyhd8ed1ab_0             conda-forge
2025-01-22T19:18:44.9396080Z   rfc3986-validator              0.1.1                pyh9f0ad1d_0             conda-forge
2025-01-22T19:18:44.9396380Z   rpds-py                        0.18.1               py312h552d48e_0          conda-forge
2025-01-22T19:18:44.9396650Z   ruff                           0.4.9                py312h3402d49_0          conda-forge
2025-01-22T19:18:44.9396920Z   scipy                          1.13.1               py312h14ffa8f_0          conda-forge
2025-01-22T19:18:44.9397210Z   send2trash                     1.8.3                pyh31c8845_0             conda-forge
2025-01-22T19:18:44.9397510Z   setuptools                     70.0.0               pyhd8ed1ab_0             conda-forge
2025-01-22T19:18:44.9397820Z   setuptools-scm                 8.1.0                pyhd8ed1ab_0             conda-forge
2025-01-22T19:18:44.9398140Z   setuptools_scm                 8.1.0                hd8ed1ab_0               conda-forge
2025-01-22T19:18:44.9398420Z   six                            1.16.0               pyh6c4a22f_0             conda-forge
2025-01-22T19:18:44.9398700Z   snakeviz                       2.2.0                pyhd8ed1ab_0             conda-forge
2025-01-22T19:18:44.9398980Z   snappy                         1.2.0                hd04f947_1               conda-forge
2025-01-22T19:18:44.9399260Z   sniffio                        1.3.1                pyhd8ed1ab_0             conda-forge
2025-01-22T19:18:44.9399570Z   snowballstemmer                2.2.0                pyhd8ed1ab_0             conda-forge
2025-01-22T19:18:44.9399880Z   soupsieve                      2.5                  pyhd8ed1ab_1             conda-forge
2025-01-22T19:18:44.9400170Z   sphinx                         7.3.7                pyhd8ed1ab_0             conda-forge
2025-01-22T19:18:44.9400470Z   sphinx-astropy                 1.9.1                pyhd8ed1ab_0             conda-forge
2025-01-22T19:18:44.9400800Z   sphinx-automodapi              0.17.0               pyh717bed2_1             conda-forge
2025-01-22T19:18:44.9401120Z   sphinx-gallery                 0.16.0               pyhd8ed1ab_0             conda-forge
2025-01-22T19:18:44.9401450Z   sphinx-jsonschema              1.19.1               pyhd8ed1ab_0             conda-forge
2025-01-22T19:18:44.9401900Z   sphinx_bootstrap_theme         0.8.1                pyhd8ed1ab_0             conda-forge
2025-01-22T19:18:44.9402240Z   sphinx_rtd_theme               2.0.0                pyha770c72_0             conda-forge
2025-01-22T19:18:44.9402570Z   sphinxcontrib-apidoc           0.3.0                py_1                     conda-forge
2025-01-22T19:18:44.9403030Z   sphinxcontrib-applehelp        1.0.8                pyhd8ed1ab_0             conda-forge
2025-01-22T19:18:44.9403390Z   sphinxcontrib-bibtex           2.6.2                pyhd8ed1ab_0             conda-forge
2025-01-22T19:18:44.9403740Z   sphinxcontrib-devhelp          1.0.6                pyhd8ed1ab_0             conda-forge
2025-01-22T19:18:44.9404100Z   sphinxcontrib-htmlhelp         2.0.5                pyhd8ed1ab_0             conda-forge
2025-01-22T19:18:44.9404460Z   sphinxcontrib-jquery           4.1                  pyhd8ed1ab_0             conda-forge
2025-01-22T19:18:44.9404810Z   sphinxcontrib-jsmath           1.0.1                pyhd8ed1ab_0             conda-forge
2025-01-22T19:18:44.9405150Z   sphinxcontrib-qthelp           1.0.7                pyhd8ed1ab_0             conda-forge
2025-01-22T19:18:44.9405530Z   sphinxcontrib-serializinghtml  1.1.10               pyhd8ed1ab_0             conda-forge
2025-01-22T19:18:44.9405890Z   stack_data                     0.6.2                pyhd8ed1ab_0             conda-forge
2025-01-22T19:18:44.9406170Z   sympy                          1.12.1               pypyh2585a3b_103         conda-forge
2025-01-22T19:18:44.9406460Z   tabulate                       0.9.0                pyhd8ed1ab_1             conda-forge
2025-01-22T19:18:44.9406750Z   tenacity                       8.4.1                pyhd8ed1ab_0             conda-forge
2025-01-22T19:18:44.9407050Z   terminado                      0.18.1               pyh31c8845_0             conda-forge
2025-01-22T19:18:44.9407360Z   tinycss2                       1.3.0                pyhd8ed1ab_0             conda-forge
2025-01-22T19:18:44.9407640Z   tk                             8.6.13               h5083fa2_1               conda-forge
2025-01-22T19:18:44.9407910Z   toml                           0.10.2               pyhd8ed1ab_0             conda-forge
2025-01-22T19:18:44.9408180Z   tomli                          2.0.1                pyhd8ed1ab_0             conda-forge
2025-01-22T19:18:44.9408460Z   tornado                        6.4.1                py312h7e5086c_0          conda-forge
2025-01-22T19:18:44.9408730Z   tqdm                           4.66.4               pyhd8ed1ab_0             conda-forge
2025-01-22T19:18:44.9409010Z   traitlets                      5.14.3               pyhd8ed1ab_0             conda-forge
2025-01-22T19:18:44.9409310Z   typed-ast                      1.5.5                py312h02f2b3b_1          conda-forge
2025-01-22T19:18:44.9409640Z   types-python-dateutil          2.9.0.20240316       pyhd8ed1ab_0             conda-forge
2025-01-22T19:18:44.9409990Z   typing-extensions              4.12.2               hd8ed1ab_0               conda-forge
2025-01-22T19:18:44.9410340Z   typing_extensions              4.12.2               pyha770c72_0             conda-forge
2025-01-22T19:18:44.9410660Z   typing_utils                   0.1.0                pyhd8ed1ab_0             conda-forge
2025-01-22T19:18:44.9410950Z   tzdata                         2024a                h0c530f3_0               conda-forge
2025-01-22T19:18:44.9411250Z   uri-template                   1.3.0                pyhd8ed1ab_0             conda-forge
2025-01-22T19:18:44.9411550Z   urllib3                        2.2.2                pyhd8ed1ab_0             conda-forge
2025-01-22T19:18:44.9411830Z   wcwidth                        0.2.13               pyhd8ed1ab_0             conda-forge
2025-01-22T19:18:44.9412120Z   webcolors                      24.6.0               pyhd8ed1ab_0             conda-forge
2025-01-22T19:18:44.9412420Z   webencodings                   0.5.1                pyhd8ed1ab_2             conda-forge
2025-01-22T19:18:44.9412840Z   websocket-client               1.8.0                pyhd8ed1ab_0             conda-forge
2025-01-22T19:18:44.9413150Z   wheel                          0.43.0               pyhd8ed1ab_1             conda-forge
2025-01-22T19:18:44.9413470Z   widgetsnbextension             3.6.6                pyhd8ed1ab_0             conda-forge
2025-01-22T19:18:44.9413890Z   xorg-libxau                    1.0.11               hb547adb_0               conda-forge
2025-01-22T19:18:44.9414190Z   xorg-libxdmcp                  1.1.3                h27ca646_0               conda-forge
2025-01-22T19:18:44.9414470Z   xz                             5.2.6                h57fd34a_0               conda-forge
2025-01-22T19:18:44.9414720Z   yaml                           0.2.5                h3422bc3_2               conda-forge
2025-01-22T19:18:44.9414990Z   zeromq                         4.3.5                hcc0f68c_4               conda-forge
2025-01-22T19:18:44.9415270Z   zipp                           3.19.2               pyhd8ed1ab_0             conda-forge
2025-01-22T19:18:44.9415530Z   zlib                           1.3.1                hfb2fe0b_1               conda-forge
2025-01-22T19:18:44.9415800Z   zlib-ng                        2.0.7                h1a8c8d9_0               conda-forge
2025-01-22T19:18:44.9416070Z   zstd                           1.5.6                hb46c0d2_0               conda-forge
2025-01-22T19:18:44.9417120Z ##[endgroup]
2025-01-22T19:18:44.9484630Z ##[group]Run pip install -e . --user
2025-01-22T19:18:44.9484870Z [36;1mpip install -e . --user[0m
2025-01-22T19:18:45.0870300Z shell: /bin/bash -l {0}
2025-01-22T19:18:45.0870500Z env:
2025-01-22T19:18:45.0870630Z   CACHE_NUMBER: 0
2025-01-22T19:18:45.0871120Z   PYTEST_FLAGS: --tardis-regression-data=/Users/runner/work/tardis/tardis/tardis-regression-data --cov=tardis --cov-report=xml --cov-report=html --cov-append
2025-01-22T19:18:45.0871620Z   CODECOV_TOKEN: 
2025-01-22T19:18:45.0871790Z   MAMBA_ROOT_PREFIX: /Users/runner/micromamba
2025-01-22T19:18:45.0872030Z   MAMBA_EXE: /Users/runner/micromamba-bin/micromamba
2025-01-22T19:18:45.0872310Z   CONDARC: /Users/runner/work/_temp/setup-micromamba/.condarc
2025-01-22T19:18:45.0872550Z ##[endgroup]
2025-01-22T19:18:46.1438040Z Obtaining file:///Users/runner/work/tardis/tardis
2025-01-22T19:18:46.1462080Z   Installing build dependencies: started
2025-01-22T19:18:48.4275250Z   Installing build dependencies: finished with status 'done'
2025-01-22T19:18:48.4282980Z   Checking if build backend supports build_editable: started
2025-01-22T19:18:48.5350370Z   Checking if build backend supports build_editable: finished with status 'done'
2025-01-22T19:18:48.5362380Z   Getting requirements to build editable: started
2025-01-22T19:18:49.0288790Z   Getting requirements to build editable: finished with status 'done'
2025-01-22T19:18:49.0301310Z   Preparing editable metadata (pyproject.toml): started
2025-01-22T19:18:49.4287610Z   Preparing editable metadata (pyproject.toml): finished with status 'done'
2025-01-22T19:18:49.4817330Z Requirement already satisfied: astropy in /Users/runner/micromamba/envs/tardis/lib/python3.12/site-packages (from tardis==0.0.0) (6.1.1)
2025-01-22T19:18:49.5098910Z Requirement already satisfied: numpy>=1.23 in /Users/runner/micromamba/envs/tardis/lib/python3.12/site-packages (from astropy->tardis==0.0.0) (1.26.4)
2025-01-22T19:18:49.5105660Z Requirement already satisfied: pyerfa>=2.0.1.1 in /Users/runner/micromamba/envs/tardis/lib/python3.12/site-packages (from astropy->tardis==0.0.0) (2.0.1.4)
2025-01-22T19:18:49.5112100Z Requirement already satisfied: astropy-iers-data>=0.2024.5.27.0.30.8 in /Users/runner/micromamba/envs/tardis/lib/python3.12/site-packages (from astropy->tardis==0.0.0) (0.2024.6.17.0.31.35)
2025-01-22T19:18:49.5116870Z Requirement already satisfied: PyYAML>=3.13 in /Users/runner/micromamba/envs/tardis/lib/python3.12/site-packages (from astropy->tardis==0.0.0) (6.0.1)
2025-01-22T19:18:49.5122520Z Requirement already satisfied: packaging>=19.0 in /Users/runner/micromamba/envs/tardis/lib/python3.12/site-packages (from astropy->tardis==0.0.0) (24.1)
2025-01-22T19:18:49.5194680Z Building wheels for collected packages: tardis
2025-01-22T19:18:49.5295670Z   Building editable for tardis (pyproject.toml): started
2025-01-22T19:18:50.1340920Z   Building editable for tardis (pyproject.toml): finished with status 'done'
2025-01-22T19:18:50.1347910Z   Created wheel for tardis: filename=tardis-0.0.0-0.editable-py3-none-any.whl size=8876 sha256=834c51bc32720be15275a3a28653f56e0a54eb6139eb07d364631d9443df482c
2025-01-22T19:18:50.1348890Z   Stored in directory: /private/var/folders/2s/h6hvv9ps03xgz_krkkstvq_r0000gn/T/pip-ephem-wheel-cache-rjv56fhn/wheels/bb/4f/6a/0829b918c1c10bc28535ce7f14be21eee54375bdd9cd0c306a
2025-01-22T19:18:50.1372300Z Successfully built tardis
2025-01-22T19:18:50.7112690Z Installing collected packages: tardis
2025-01-22T19:18:50.7213520Z Successfully installed tardis-0.0.0
2025-01-22T19:18:50.9994500Z ##[group]Run pip install qgridnext
2025-01-22T19:18:50.9994800Z [36;1mpip install qgridnext[0m
2025-01-22T19:18:51.0066960Z shell: /bin/bash -l {0}
2025-01-22T19:18:51.0067180Z env:
2025-01-22T19:18:51.0067360Z   CACHE_NUMBER: 0
2025-01-22T19:18:51.0067890Z   PYTEST_FLAGS: --tardis-regression-data=/Users/runner/work/tardis/tardis/tardis-regression-data --cov=tardis --cov-report=xml --cov-report=html --cov-append
2025-01-22T19:18:51.0068460Z   CODECOV_TOKEN: 
2025-01-22T19:18:51.0068640Z   MAMBA_ROOT_PREFIX: /Users/runner/micromamba
2025-01-22T19:18:51.0068920Z   MAMBA_EXE: /Users/runner/micromamba-bin/micromamba
2025-01-22T19:18:51.0069220Z   CONDARC: /Users/runner/work/_temp/setup-micromamba/.condarc
2025-01-22T19:18:51.0069470Z ##[endgroup]
2025-01-22T19:18:51.5385440Z Collecting qgridnext
2025-01-22T19:18:51.5587190Z   Downloading qgridnext-2.0.4-py3-none-any.whl.metadata (9.9 kB)
2025-01-22T19:18:51.6228650Z Requirement already satisfied: pandas>=0.20.0 in /Users/runner/micromamba/envs/tardis/lib/python3.12/site-packages (from qgridnext) (2.2.2)
2025-01-22T19:18:51.6247420Z Requirement already satisfied: ipywidgets>=7.0.0 in /Users/runner/micromamba/envs/tardis/lib/python3.12/site-packages (from qgridnext) (7.8.0)
2025-01-22T19:18:51.6259210Z Requirement already satisfied: numpy in /Users/runner/micromamba/envs/tardis/lib/python3.12/site-packages (from qgridnext) (1.26.4)
2025-01-22T19:18:51.6273620Z Requirement already satisfied: traitlets in /Users/runner/micromamba/envs/tardis/lib/python3.12/site-packages (from qgridnext) (5.14.3)
2025-01-22T19:18:51.6333000Z Requirement already satisfied: comm>=0.1.3 in /Users/runner/micromamba/envs/tardis/lib/python3.12/site-packages (from ipywidgets>=7.0.0->qgridnext) (0.2.2)
2025-01-22T19:18:51.6338480Z Requirement already satisfied: ipython-genutils~=0.2.0 in /Users/runner/micromamba/envs/tardis/lib/python3.12/site-packages (from ipywidgets>=7.0.0->qgridnext) (0.2.0)
2025-01-22T19:18:51.6347780Z Requirement already satisfied: widgetsnbextension~=3.6.5 in /Users/runner/micromamba/envs/tardis/lib/python3.12/site-packages (from ipywidgets>=7.0.0->qgridnext) (3.6.6)
2025-01-22T19:18:51.6357410Z Requirement already satisfied: ipython>=4.0.0 in /Users/runner/micromamba/envs/tardis/lib/python3.12/site-packages (from ipywidgets>=7.0.0->qgridnext) (8.25.0)
2025-01-22T19:18:51.6366170Z Requirement already satisfied: jupyterlab-widgets<3,>=1.0.0 in /Users/runner/micromamba/envs/tardis/lib/python3.12/site-packages (from ipywidgets>=7.0.0->qgridnext) (1.1.7)
2025-01-22T19:18:51.6719300Z Requirement already satisfied: python-dateutil>=2.8.2 in /Users/runner/micromamba/envs/tardis/lib/python3.12/site-packages (from pandas>=0.20.0->qgridnext) (2.9.0)
2025-01-22T19:18:51.6729410Z Requirement already satisfied: pytz>=2020.1 in /Users/runner/micromamba/envs/tardis/lib/python3.12/site-packages (from pandas>=0.20.0->qgridnext) (2024.1)
2025-01-22T19:18:51.6736880Z Requirement already satisfied: tzdata>=2022.7 in /Users/runner/micromamba/envs/tardis/lib/python3.12/site-packages (from pandas>=0.20.0->qgridnext) (2024.1)
2025-01-22T19:18:51.6969300Z Requirement already satisfied: decorator in /Users/runner/micromamba/envs/tardis/lib/python3.12/site-packages (from ipython>=4.0.0->ipywidgets>=7.0.0->qgridnext) (5.1.1)
2025-01-22T19:18:51.6981140Z Requirement already satisfied: jedi>=0.16 in /Users/runner/micromamba/envs/tardis/lib/python3.12/site-packages (from ipython>=4.0.0->ipywidgets>=7.0.0->qgridnext) (0.19.1)
2025-01-22T19:18:51.6986720Z Requirement already satisfied: matplotlib-inline in /Users/runner/micromamba/envs/tardis/lib/python3.12/site-packages (from ipython>=4.0.0->ipywidgets>=7.0.0->qgridnext) (0.1.7)
2025-01-22T19:18:51.6992950Z Requirement already satisfied: prompt-toolkit<3.1.0,>=3.0.41 in /Users/runner/micromamba/envs/tardis/lib/python3.12/site-packages (from ipython>=4.0.0->ipywidgets>=7.0.0->qgridnext) (3.0.47)
2025-01-22T19:18:51.6999500Z Requirement already satisfied: pygments>=2.4.0 in /Users/runner/micromamba/envs/tardis/lib/python3.12/site-packages (from ipython>=4.0.0->ipywidgets>=7.0.0->qgridnext) (2.18.0)
2025-01-22T19:18:51.7006990Z Requirement already satisfied: stack-data in /Users/runner/micromamba/envs/tardis/lib/python3.12/site-packages (from ipython>=4.0.0->ipywidgets>=7.0.0->qgridnext) (0.6.2)
2025-01-22T19:18:51.7021560Z Requirement already satisfied: pexpect>4.3 in /Users/runner/micromamba/envs/tardis/lib/python3.12/site-packages (from ipython>=4.0.0->ipywidgets>=7.0.0->qgridnext) (4.9.0)
2025-01-22T19:18:51.7070120Z Requirement already satisfied: six>=1.5 in /Users/runner/micromamba/envs/tardis/lib/python3.12/site-packages (from python-dateutil>=2.8.2->pandas>=0.20.0->qgridnext) (1.16.0)
2025-01-22T19:18:51.7111480Z Requirement already satisfied: notebook>=4.4.1 in /Users/runner/micromamba/envs/tardis/lib/python3.12/site-packages (from widgetsnbextension~=3.6.5->ipywidgets>=7.0.0->qgridnext) (7.2.1)
2025-01-22T19:18:51.7289840Z Requirement already satisfied: parso<0.9.0,>=0.8.3 in /Users/runner/micromamba/envs/tardis/lib/python3.12/site-packages (from jedi>=0.16->ipython>=4.0.0->ipywidgets>=7.0.0->qgridnext) (0.8.4)
2025-01-22T19:18:51.7406920Z Requirement already satisfied: jupyter-server<3,>=2.4.0 in /Users/runner/micromamba/envs/tardis/lib/python3.12/site-packages (from notebook>=4.4.1->widgetsnbextension~=3.6.5->ipywidgets>=7.0.0->qgridnext) (2.14.1)
2025-01-22T19:18:51.7416070Z Requirement already satisfied: jupyterlab-server<3,>=2.27.1 in /Users/runner/micromamba/envs/tardis/lib/python3.12/site-packages (from notebook>=4.4.1->widgetsnbextension~=3.6.5->ipywidgets>=7.0.0->qgridnext) (2.27.2)
2025-01-22T19:18:51.7432130Z Requirement already satisfied: jupyterlab<4.3,>=4.2.0 in /Users/runner/micromamba/envs/tardis/lib/python3.12/site-packages (from notebook>=4.4.1->widgetsnbextension~=3.6.5->ipywidgets>=7.0.0->qgridnext) (4.2.2)
2025-01-22T19:18:51.7439200Z Requirement already satisfied: notebook-shim<0.3,>=0.2 in /Users/runner/micromamba/envs/tardis/lib/python3.12/site-packages (from notebook>=4.4.1->widgetsnbextension~=3.6.5->ipywidgets>=7.0.0->qgridnext) (0.2.4)
2025-01-22T19:18:51.7448130Z Requirement already satisfied: tornado>=6.2.0 in /Users/runner/micromamba/envs/tardis/lib/python3.12/site-packages (from notebook>=4.4.1->widgetsnbextension~=3.6.5->ipywidgets>=7.0.0->qgridnext) (6.4.1)
2025-01-22T19:18:51.7471550Z Requirement already satisfied: ptyprocess>=0.5 in /Users/runner/micromamba/envs/tardis/lib/python3.12/site-packages (from pexpect>4.3->ipython>=4.0.0->ipywidgets>=7.0.0->qgridnext) (0.7.0)
2025-01-22T19:18:51.7491640Z Requirement already satisfied: wcwidth in /Users/runner/micromamba/envs/tardis/lib/python3.12/site-packages (from prompt-toolkit<3.1.0,>=3.0.41->ipython>=4.0.0->ipywidgets>=7.0.0->qgridnext) (0.2.13)
2025-01-22T19:18:51.7587540Z Requirement already satisfied: executing>=1.2.0 in /Users/runner/micromamba/envs/tardis/lib/python3.12/site-packages (from stack-data->ipython>=4.0.0->ipywidgets>=7.0.0->qgridnext) (2.0.1)
2025-01-22T19:18:51.7593530Z Requirement already satisfied: asttokens>=2.1.0 in /Users/runner/micromamba/envs/tardis/lib/python3.12/site-packages (from stack-data->ipython>=4.0.0->ipywidgets>=7.0.0->qgridnext) (2.4.1)
2025-01-22T19:18:51.7599980Z Requirement already satisfied: pure-eval in /Users/runner/micromamba/envs/tardis/lib/python3.12/site-packages (from stack-data->ipython>=4.0.0->ipywidgets>=7.0.0->qgridnext) (0.2.2)
2025-01-22T19:18:51.7834340Z Requirement already satisfied: anyio>=3.1.0 in /Users/runner/micromamba/envs/tardis/lib/python3.12/site-packages (from jupyter-server<3,>=2.4.0->notebook>=4.4.1->widgetsnbextension~=3.6.5->ipywidgets>=7.0.0->qgridnext) (4.4.0)
2025-01-22T19:18:51.7841880Z Requirement already satisfied: argon2-cffi>=21.1 in /Users/runner/micromamba/envs/tardis/lib/python3.12/site-packages (from jupyter-server<3,>=2.4.0->notebook>=4.4.1->widgetsnbextension~=3.6.5->ipywidgets>=7.0.0->qgridnext) (23.1.0)
2025-01-22T19:18:51.7849000Z Requirement already satisfied: jinja2>=3.0.3 in /Users/runner/micromamba/envs/tardis/lib/python3.12/site-packages (from jupyter-server<3,>=2.4.0->notebook>=4.4.1->widgetsnbextension~=3.6.5->ipywidgets>=7.0.0->qgridnext) (3.1.4)
2025-01-22T19:18:51.7857100Z Requirement already satisfied: jupyter-client>=7.4.4 in /Users/runner/micromamba/envs/tardis/lib/python3.12/site-packages (from jupyter-server<3,>=2.4.0->notebook>=4.4.1->widgetsnbextension~=3.6.5->ipywidgets>=7.0.0->qgridnext) (8.6.2)
2025-01-22T19:18:51.7865390Z Requirement already satisfied: jupyter-core!=5.0.*,>=4.12 in /Users/runner/micromamba/envs/tardis/lib/python3.12/site-packages (from jupyter-server<3,>=2.4.0->notebook>=4.4.1->widgetsnbextension~=3.6.5->ipywidgets>=7.0.0->qgridnext) (5.7.2)
2025-01-22T19:18:51.7873060Z Requirement already satisfied: jupyter-events>=0.9.0 in /Users/runner/micromamba/envs/tardis/lib/python3.12/site-packages (from jupyter-server<3,>=2.4.0->notebook>=4.4.1->widgetsnbextension~=3.6.5->ipywidgets>=7.0.0->qgridnext) (0.10.0)
2025-01-22T19:18:51.7881280Z Requirement already satisfied: jupyter-server-terminals>=0.4.4 in /Users/runner/micromamba/envs/tardis/lib/python3.12/site-packages (from jupyter-server<3,>=2.4.0->notebook>=4.4.1->widgetsnbextension~=3.6.5->ipywidgets>=7.0.0->qgridnext) (0.5.3)
2025-01-22T19:18:51.7892370Z Requirement already satisfied: nbconvert>=6.4.4 in /Users/runner/micromamba/envs/tardis/lib/python3.12/site-packages (from jupyter-server<3,>=2.4.0->notebook>=4.4.1->widgetsnbextension~=3.6.5->ipywidgets>=7.0.0->qgridnext) (7.16.4)
2025-01-22T19:18:51.7900110Z Requirement already satisfied: nbformat>=5.3.0 in /Users/runner/micromamba/envs/tardis/lib/python3.12/site-packages (from jupyter-server<3,>=2.4.0->notebook>=4.4.1->widgetsnbextension~=3.6.5->ipywidgets>=7.0.0->qgridnext) (5.10.4)
2025-01-22T19:18:51.7906430Z Requirement already satisfied: overrides>=5.0 in /Users/runner/micromamba/envs/tardis/lib/python3.12/site-packages (from jupyter-server<3,>=2.4.0->notebook>=4.4.1->widgetsnbextension~=3.6.5->ipywidgets>=7.0.0->qgridnext) (7.7.0)
2025-01-22T19:18:51.7913060Z Requirement already satisfied: packaging>=22.0 in /Users/runner/micromamba/envs/tardis/lib/python3.12/site-packages (from jupyter-server<3,>=2.4.0->notebook>=4.4.1->widgetsnbextension~=3.6.5->ipywidgets>=7.0.0->qgridnext) (24.1)
2025-01-22T19:18:51.7918790Z Requirement already satisfied: prometheus-client>=0.9 in /Users/runner/micromamba/envs/tardis/lib/python3.12/site-packages (from jupyter-server<3,>=2.4.0->notebook>=4.4.1->widgetsnbextension~=3.6.5->ipywidgets>=7.0.0->qgridnext) (0.20.0)
2025-01-22T19:18:51.7926670Z Requirement already satisfied: pyzmq>=24 in /Users/runner/micromamba/envs/tardis/lib/python3.12/site-packages (from jupyter-server<3,>=2.4.0->notebook>=4.4.1->widgetsnbextension~=3.6.5->ipywidgets>=7.0.0->qgridnext) (26.0.3)
2025-01-22T19:18:51.7932250Z Requirement already satisfied: send2trash>=1.8.2 in /Users/runner/micromamba/envs/tardis/lib/python3.12/site-packages (from jupyter-server<3,>=2.4.0->notebook>=4.4.1->widgetsnbextension~=3.6.5->ipywidgets>=7.0.0->qgridnext) (1.8.3)
2025-01-22T19:18:51.7939670Z Requirement already satisfied: terminado>=0.8.3 in /Users/runner/micromamba/envs/tardis/lib/python3.12/site-packages (from jupyter-server<3,>=2.4.0->notebook>=4.4.1->widgetsnbextension~=3.6.5->ipywidgets>=7.0.0->qgridnext) (0.18.1)
2025-01-22T19:18:51.7950460Z Requirement already satisfied: websocket-client>=1.7 in /Users/runner/micromamba/envs/tardis/lib/python3.12/site-packages (from jupyter-server<3,>=2.4.0->notebook>=4.4.1->widgetsnbextension~=3.6.5->ipywidgets>=7.0.0->qgridnext) (1.8.0)
2025-01-22T19:18:51.8141430Z Requirement already satisfied: async-lru>=1.0.0 in /Users/runner/micromamba/envs/tardis/lib/python3.12/site-packages (from jupyterlab<4.3,>=4.2.0->notebook>=4.4.1->widgetsnbextension~=3.6.5->ipywidgets>=7.0.0->qgridnext) (2.0.4)
2025-01-22T19:18:51.8148600Z Requirement already satisfied: httpx>=0.25.0 in /Users/runner/micromamba/envs/tardis/lib/python3.12/site-packages (from jupyterlab<4.3,>=4.2.0->notebook>=4.4.1->widgetsnbextension~=3.6.5->ipywidgets>=7.0.0->qgridnext) (0.27.0)
2025-01-22T19:18:51.8157220Z Requirement already satisfied: ipykernel>=6.5.0 in /Users/runner/micromamba/envs/tardis/lib/python3.12/site-packages (from jupyterlab<4.3,>=4.2.0->notebook>=4.4.1->widgetsnbextension~=3.6.5->ipywidgets>=7.0.0->qgridnext) (6.29.4)
2025-01-22T19:18:51.8173340Z Requirement already satisfied: jupyter-lsp>=2.0.0 in /Users/runner/micromamba/envs/tardis/lib/python3.12/site-packages (from jupyterlab<4.3,>=4.2.0->notebook>=4.4.1->widgetsnbextension~=3.6.5->ipywidgets>=7.0.0->qgridnext) (2.2.5)
2025-01-22T19:18:51.8191270Z Requirement already satisfied: setuptools>=40.1.0 in /Users/runner/micromamba/envs/tardis/lib/python3.12/site-packages (from jupyterlab<4.3,>=4.2.0->notebook>=4.4.1->widgetsnbextension~=3.6.5->ipywidgets>=7.0.0->qgridnext) (70.0.0)
2025-01-22T19:18:51.8322660Z Requirement already satisfied: babel>=2.10 in /Users/runner/micromamba/envs/tardis/lib/python3.12/site-packages (from jupyterlab-server<3,>=2.27.1->notebook>=4.4.1->widgetsnbextension~=3.6.5->ipywidgets>=7.0.0->qgridnext) (2.14.0)
2025-01-22T19:18:51.8345700Z Requirement already satisfied: json5>=0.9.0 in /Users/runner/micromamba/envs/tardis/lib/python3.12/site-packages (from jupyterlab-server<3,>=2.27.1->notebook>=4.4.1->widgetsnbextension~=3.6.5->ipywidgets>=7.0.0->qgridnext) (0.9.25)
2025-01-22T19:18:51.8354460Z Requirement already satisfied: jsonschema>=4.18.0 in /Users/runner/micromamba/envs/tardis/lib/python3.12/site-packages (from jupyterlab-server<3,>=2.27.1->notebook>=4.4.1->widgetsnbextension~=3.6.5->ipywidgets>=7.0.0->qgridnext) (4.22.0)
2025-01-22T19:18:51.8369600Z Requirement already satisfied: requests>=2.31 in /Users/runner/micromamba/envs/tardis/lib/python3.12/site-packages (from jupyterlab-server<3,>=2.27.1->notebook>=4.4.1->widgetsnbextension~=3.6.5->ipywidgets>=7.0.0->qgridnext) (2.32.3)
2025-01-22T19:18:51.8604400Z Requirement already satisfied: idna>=2.8 in /Users/runner/micromamba/envs/tardis/lib/python3.12/site-packages (from anyio>=3.1.0->jupyter-server<3,>=2.4.0->notebook>=4.4.1->widgetsnbextension~=3.6.5->ipywidgets>=7.0.0->qgridnext) (3.7)
2025-01-22T19:18:51.8610090Z Requirement already satisfied: sniffio>=1.1 in /Users/runner/micromamba/envs/tardis/lib/python3.12/site-packages (from anyio>=3.1.0->jupyter-server<3,>=2.4.0->notebook>=4.4.1->widgetsnbextension~=3.6.5->ipywidgets>=7.0.0->qgridnext) (1.3.1)
2025-01-22T19:18:51.8672670Z Requirement already satisfied: argon2-cffi-bindings in /Users/runner/micromamba/envs/tardis/lib/python3.12/site-packages (from argon2-cffi>=21.1->jupyter-server<3,>=2.4.0->notebook>=4.4.1->widgetsnbextension~=3.6.5->ipywidgets>=7.0.0->qgridnext) (21.2.0)
2025-01-22T19:18:51.8788580Z Requirement already satisfied: certifi in /Users/runner/micromamba/envs/tardis/lib/python3.12/site-packages (from httpx>=0.25.0->jupyterlab<4.3,>=4.2.0->notebook>=4.4.1->widgetsnbextension~=3.6.5->ipywidgets>=7.0.0->qgridnext) (2024.6.2)
2025-01-22T19:18:51.8797880Z Requirement already satisfied: httpcore==1.* in /Users/runner/micromamba/envs/tardis/lib/python3.12/site-packages (from httpx>=0.25.0->jupyterlab<4.3,>=4.2.0->notebook>=4.4.1->widgetsnbextension~=3.6.5->ipywidgets>=7.0.0->qgridnext) (1.0.5)
2025-01-22T19:18:51.8851530Z Requirement already satisfied: h11<0.15,>=0.13 in /Users/runner/micromamba/envs/tardis/lib/python3.12/site-packages (from httpcore==1.*->httpx>=0.25.0->jupyterlab<4.3,>=4.2.0->notebook>=4.4.1->widgetsnbextension~=3.6.5->ipywidgets>=7.0.0->qgridnext) (0.14.0)
2025-01-22T19:18:51.8979410Z Requirement already satisfied: appnope in /Users/runner/micromamba/envs/tardis/lib/python3.12/site-packages (from ipykernel>=6.5.0->jupyterlab<4.3,>=4.2.0->notebook>=4.4.1->widgetsnbextension~=3.6.5->ipywidgets>=7.0.0->qgridnext) (0.1.4)
2025-01-22T19:18:51.8987780Z Requirement already satisfied: debugpy>=1.6.5 in /Users/runner/micromamba/envs/tardis/lib/python3.12/site-packages (from ipykernel>=6.5.0->jupyterlab<4.3,>=4.2.0->notebook>=4.4.1->widgetsnbextension~=3.6.5->ipywidgets>=7.0.0->qgridnext) (1.8.1)
2025-01-22T19:18:51.9002410Z Requirement already satisfied: nest-asyncio in /Users/runner/micromamba/envs/tardis/lib/python3.12/site-packages (from ipykernel>=6.5.0->jupyterlab<4.3,>=4.2.0->notebook>=4.4.1->widgetsnbextension~=3.6.5->ipywidgets>=7.0.0->qgridnext) (1.6.0)
2025-01-22T19:18:51.9011550Z Requirement already satisfied: psutil in /Users/runner/micromamba/envs/tardis/lib/python3.12/site-packages (from ipykernel>=6.5.0->jupyterlab<4.3,>=4.2.0->notebook>=4.4.1->widgetsnbextension~=3.6.5->ipywidgets>=7.0.0->qgridnext) (5.9.8)
2025-01-22T19:18:51.9054500Z Requirement already satisfied: MarkupSafe>=2.0 in /Users/runner/micromamba/envs/tardis/lib/python3.12/site-packages (from jinja2>=3.0.3->jupyter-server<3,>=2.4.0->notebook>=4.4.1->widgetsnbextension~=3.6.5->ipywidgets>=7.0.0->qgridnext) (2.1.5)
2025-01-22T19:18:51.9185790Z Requirement already satisfied: attrs>=22.2.0 in /Users/runner/micromamba/envs/tardis/lib/python3.12/site-packages (from jsonschema>=4.18.0->jupyterlab-server<3,>=2.27.1->notebook>=4.4.1->widgetsnbextension~=3.6.5->ipywidgets>=7.0.0->qgridnext) (23.2.0)
2025-01-22T19:18:51.9195840Z Requirement already satisfied: jsonschema-specifications>=2023.03.6 in /Users/runner/micromamba/envs/tardis/lib/python3.12/site-packages (from jsonschema>=4.18.0->jupyterlab-server<3,>=2.27.1->notebook>=4.4.1->widgetsnbextension~=3.6.5->ipywidgets>=7.0.0->qgridnext) (2023.12.1)
2025-01-22T19:18:51.9210320Z Requirement already satisfied: referencing>=0.28.4 in /Users/runner/micromamba/envs/tardis/lib/python3.12/site-packages (from jsonschema>=4.18.0->jupyterlab-server<3,>=2.27.1->notebook>=4.4.1->widgetsnbextension~=3.6.5->ipywidgets>=7.0.0->qgridnext) (0.35.1)
2025-01-22T19:18:51.9212180Z Requirement already satisfied: rpds-py>=0.7.1 in /Users/runner/micromamba/envs/tardis/lib/python3.12/site-packages (from jsonschema>=4.18.0->jupyterlab-server<3,>=2.27.1->notebook>=4.4.1->widgetsnbextension~=3.6.5->ipywidgets>=7.0.0->qgridnext) (0.18.1)
2025-01-22T19:18:51.9389740Z Requirement already satisfied: platformdirs>=2.5 in /Users/runner/micromamba/envs/tardis/lib/python3.12/site-packages (from jupyter-core!=5.0.*,>=4.12->jupyter-server<3,>=2.4.0->notebook>=4.4.1->widgetsnbextension~=3.6.5->ipywidgets>=7.0.0->qgridnext) (4.2.2)
2025-01-22T19:18:51.9495050Z Requirement already satisfied: python-json-logger>=2.0.4 in /Users/runner/micromamba/envs/tardis/lib/python3.12/site-packages (from jupyter-events>=0.9.0->jupyter-server<3,>=2.4.0->notebook>=4.4.1->widgetsnbextension~=3.6.5->ipywidgets>=7.0.0->qgridnext) (2.0.7)
2025-01-22T19:18:51.9501090Z Requirement already satisfied: pyyaml>=5.3 in /Users/runner/micromamba/envs/tardis/lib/python3.12/site-packages (from jupyter-events>=0.9.0->jupyter-server<3,>=2.4.0->notebook>=4.4.1->widgetsnbextension~=3.6.5->ipywidgets>=7.0.0->qgridnext) (6.0.1)
2025-01-22T19:18:51.9507830Z Requirement already satisfied: rfc3339-validator in /Users/runner/micromamba/envs/tardis/lib/python3.12/site-packages (from jupyter-events>=0.9.0->jupyter-server<3,>=2.4.0->notebook>=4.4.1->widgetsnbextension~=3.6.5->ipywidgets>=7.0.0->qgridnext) (0.1.4)
2025-01-22T19:18:51.9514550Z Requirement already satisfied: rfc3986-validator>=0.1.1 in /Users/runner/micromamba/envs/tardis/lib/python3.12/site-packages (from jupyter-events>=0.9.0->jupyter-server<3,>=2.4.0->notebook>=4.4.1->widgetsnbextension~=3.6.5->ipywidgets>=7.0.0->qgridnext) (0.1.1)
2025-01-22T19:18:51.9841010Z Requirement already satisfied: beautifulsoup4 in /Users/runner/micromamba/envs/tardis/lib/python3.12/site-packages (from nbconvert>=6.4.4->jupyter-server<3,>=2.4.0->notebook>=4.4.1->widgetsnbextension~=3.6.5->ipywidgets>=7.0.0->qgridnext) (4.12.3)
2025-01-22T19:18:51.9908200Z Requirement already satisfied: bleach!=5.0.0 in /Users/runner/micromamba/envs/tardis/lib/python3.12/site-packages (from nbconvert>=6.4.4->jupyter-server<3,>=2.4.0->notebook>=4.4.1->widgetsnbextension~=3.6.5->ipywidgets>=7.0.0->qgridnext) (6.1.0)
2025-01-22T19:18:51.9911530Z Requirement already satisfied: defusedxml in /Users/runner/micromamba/envs/tardis/lib/python3.12/site-packages (from nbconvert>=6.4.4->jupyter-server<3,>=2.4.0->notebook>=4.4.1->widgetsnbextension~=3.6.5->ipywidgets>=7.0.0->qgridnext) (0.7.1)
2025-01-22T19:18:52.0002620Z Requirement already satisfied: jupyterlab-pygments in /Users/runner/micromamba/envs/tardis/lib/python3.12/site-packages (from nbconvert>=6.4.4->jupyter-server<3,>=2.4.0->notebook>=4.4.1->widgetsnbextension~=3.6.5->ipywidgets>=7.0.0->qgridnext) (0.3.0)
2025-01-22T19:18:52.0093790Z Requirement already satisfied: mistune<4,>=2.0.3 in /Users/runner/micromamba/envs/tardis/lib/python3.12/site-packages (from nbconvert>=6.4.4->jupyter-server<3,>=2.4.0->notebook>=4.4.1->widgetsnbextension~=3.6.5->ipywidgets>=7.0.0->qgridnext) (3.0.2)
2025-01-22T19:18:52.0195870Z Requirement already satisfied: nbclient>=0.5.0 in /Users/runner/micromamba/envs/tardis/lib/python3.12/site-packages (from nbconvert>=6.4.4->jupyter-server<3,>=2.4.0->notebook>=4.4.1->widgetsnbextension~=3.6.5->ipywidgets>=7.0.0->qgridnext) (0.10.0)
2025-01-22T19:18:52.0302840Z Requirement already satisfied: pandocfilters>=1.4.1 in /Users/runner/micromamba/envs/tardis/lib/python3.12/site-packages (from nbconvert>=6.4.4->jupyter-server<3,>=2.4.0->notebook>=4.4.1->widgetsnbextension~=3.6.5->ipywidgets>=7.0.0->qgridnext) (1.5.0)
2025-01-22T19:18:52.0308580Z Requirement already satisfied: tinycss2 in /Users/runner/micromamba/envs/tardis/lib/python3.12/site-packages (from nbconvert>=6.4.4->jupyter-server<3,>=2.4.0->notebook>=4.4.1->widgetsnbextension~=3.6.5->ipywidgets>=7.0.0->qgridnext) (1.3.0)
2025-01-22T19:18:52.0313080Z Requirement already satisfied: fastjsonschema>=2.15 in /Users/runner/micromamba/envs/tardis/lib/python3.12/site-packages (from nbformat>=5.3.0->jupyter-server<3,>=2.4.0->notebook>=4.4.1->widgetsnbextension~=3.6.5->ipywidgets>=7.0.0->qgridnext) (2.20.0)
2025-01-22T19:18:52.0314490Z Requirement already satisfied: charset-normalizer<4,>=2 in /Users/runner/micromamba/envs/tardis/lib/python3.12/site-packages (from requests>=2.31->jupyterlab-server<3,>=2.27.1->notebook>=4.4.1->widgetsnbextension~=3.6.5->ipywidgets>=7.0.0->qgridnext) (3.3.2)
2025-01-22T19:18:52.0316530Z Requirement already satisfied: urllib3<3,>=1.21.1 in /Users/runner/micromamba/envs/tardis/lib/python3.12/site-packages (from requests>=2.31->jupyterlab-server<3,>=2.27.1->notebook>=4.4.1->widgetsnbextension~=3.6.5->ipywidgets>=7.0.0->qgridnext) (2.2.2)
2025-01-22T19:18:52.0744330Z Requirement already satisfied: webencodings in /Users/runner/micromamba/envs/tardis/lib/python3.12/site-packages (from bleach!=5.0.0->nbconvert>=6.4.4->jupyter-server<3,>=2.4.0->notebook>=4.4.1->widgetsnbextension~=3.6.5->ipywidgets>=7.0.0->qgridnext) (0.5.1)
2025-01-22T19:18:52.1112820Z Requirement already satisfied: fqdn in /Users/runner/micromamba/envs/tardis/lib/python3.12/site-packages (from jsonschema[format-nongpl]>=4.18.0->jupyter-events>=0.9.0->jupyter-server<3,>=2.4.0->notebook>=4.4.1->widgetsnbextension~=3.6.5->ipywidgets>=7.0.0->qgridnext) (1.5.1)
2025-01-22T19:18:52.1120880Z Requirement already satisfied: isoduration in /Users/runner/micromamba/envs/tardis/lib/python3.12/site-packages (from jsonschema[format-nongpl]>=4.18.0->jupyter-events>=0.9.0->jupyter-server<3,>=2.4.0->notebook>=4.4.1->widgetsnbextension~=3.6.5->ipywidgets>=7.0.0->qgridnext) (20.11.0)
2025-01-22T19:18:52.1128400Z Requirement already satisfied: jsonpointer>1.13 in /Users/runner/micromamba/envs/tardis/lib/python3.12/site-packages (from jsonschema[format-nongpl]>=4.18.0->jupyter-events>=0.9.0->jupyter-server<3,>=2.4.0->notebook>=4.4.1->widgetsnbextension~=3.6.5->ipywidgets>=7.0.0->qgridnext) (3.0.0)
2025-01-22T19:18:52.1140430Z Requirement already satisfied: uri-template in /Users/runner/micromamba/envs/tardis/lib/python3.12/site-packages (from jsonschema[format-nongpl]>=4.18.0->jupyter-events>=0.9.0->jupyter-server<3,>=2.4.0->notebook>=4.4.1->widgetsnbextension~=3.6.5->ipywidgets>=7.0.0->qgridnext) (1.3.0)
2025-01-22T19:18:52.1147720Z Requirement already satisfied: webcolors>=1.11 in /Users/runner/micromamba/envs/tardis/lib/python3.12/site-packages (from jsonschema[format-nongpl]>=4.18.0->jupyter-events>=0.9.0->jupyter-server<3,>=2.4.0->notebook>=4.4.1->widgetsnbextension~=3.6.5->ipywidgets>=7.0.0->qgridnext) (24.6.0)
2025-01-22T19:18:52.1854090Z Requirement already satisfied: cffi>=1.0.1 in /Users/runner/micromamba/envs/tardis/lib/python3.12/site-packages (from argon2-cffi-bindings->argon2-cffi>=21.1->jupyter-server<3,>=2.4.0->notebook>=4.4.1->widgetsnbextension~=3.6.5->ipywidgets>=7.0.0->qgridnext) (1.16.0)
2025-01-22T19:18:52.1956460Z Requirement already satisfied: soupsieve>1.2 in /Users/runner/micromamba/envs/tardis/lib/python3.12/site-packages (from beautifulsoup4->nbconvert>=6.4.4->jupyter-server<3,>=2.4.0->notebook>=4.4.1->widgetsnbextension~=3.6.5->ipywidgets>=7.0.0->qgridnext) (2.5)
2025-01-22T19:18:52.2274120Z Requirement already satisfied: pycparser in /Users/runner/micromamba/envs/tardis/lib/python3.12/site-packages (from cffi>=1.0.1->argon2-cffi-bindings->argon2-cffi>=21.1->jupyter-server<3,>=2.4.0->notebook>=4.4.1->widgetsnbextension~=3.6.5->ipywidgets>=7.0.0->qgridnext) (2.22)
2025-01-22T19:18:52.2603610Z Requirement already satisfied: arrow>=0.15.0 in /Users/runner/micromamba/envs/tardis/lib/python3.12/site-packages (from isoduration->jsonschema[format-nongpl]>=4.18.0->jupyter-events>=0.9.0->jupyter-server<3,>=2.4.0->notebook>=4.4.1->widgetsnbextension~=3.6.5->ipywidgets>=7.0.0->qgridnext) (1.3.0)
2025-01-22T19:18:52.2791620Z Requirement already satisfied: types-python-dateutil>=2.8.10 in /Users/runner/micromamba/envs/tardis/lib/python3.12/site-packages (from arrow>=0.15.0->isoduration->jsonschema[format-nongpl]>=4.18.0->jupyter-events>=0.9.0->jupyter-server<3,>=2.4.0->notebook>=4.4.1->widgetsnbextension~=3.6.5->ipywidgets>=7.0.0->qgridnext) (2.9.0.20240316)
2025-01-22T19:18:52.2958500Z Downloading qgridnext-2.0.4-py3-none-any.whl (1.3 MB)
2025-01-22T19:18:52.3322140Z    ━━━━━━━━━━━━━━━━━━━━━━━━━━━━━━━━━━━━━━━━ 1.3/1.3 MB 36.4 MB/s eta 0:00:00
2025-01-22T19:18:52.8787940Z Installing collected packages: qgridnext
2025-01-22T19:18:52.9252910Z Successfully installed qgridnext-2.0.4
2025-01-22T19:18:53.1156080Z ##[group]Run pytest tardis --tardis-regression-data=/Users/runner/work/tardis/tardis/tardis-regression-data --cov=tardis --cov-report=xml --cov-report=html --cov-append -m "not continuum"
2025-01-22T19:18:53.1157090Z [36;1mpytest tardis --tardis-regression-data=/Users/runner/work/tardis/tardis/tardis-regression-data --cov=tardis --cov-report=xml --cov-report=html --cov-append -m "not continuum"[0m
2025-01-22T19:18:53.1211180Z shell: /bin/bash -l {0}
2025-01-22T19:18:53.1211380Z env:
2025-01-22T19:18:53.1211520Z   CACHE_NUMBER: 0
2025-01-22T19:18:53.1212030Z   PYTEST_FLAGS: --tardis-regression-data=/Users/runner/work/tardis/tardis/tardis-regression-data --cov=tardis --cov-report=xml --cov-report=html --cov-append
2025-01-22T19:18:53.1212530Z   CODECOV_TOKEN: 
2025-01-22T19:18:53.1212710Z   MAMBA_ROOT_PREFIX: /Users/runner/micromamba
2025-01-22T19:18:53.1213120Z   MAMBA_EXE: /Users/runner/micromamba-bin/micromamba
2025-01-22T19:18:53.1213460Z   CONDARC: /Users/runner/work/_temp/setup-micromamba/.condarc
2025-01-22T19:18:53.1213700Z ##[endgroup]
2025-01-22T19:19:05.3492280Z ============================= test session starts ==============================
2025-01-22T19:19:05.3492960Z platform darwin -- Python 3.12.4, pytest-8.2.2, pluggy-1.5.0
2025-01-22T19:19:05.3493530Z rootdir: /Users/runner/work/tardis/tardis
2025-01-22T19:19:05.3494130Z configfile: pyproject.toml
2025-01-22T19:19:05.3494610Z plugins: cov-5.0.0, html-4.1.1, metadata-3.1.1, doctestplus-1.2.1, anyio-4.4.0
2025-01-22T19:19:05.3495200Z collected 1796 items / 2 deselected / 1794 selected
2025-01-22T19:19:05.3501740Z 
2025-01-22T19:19:10.0097070Z tardis/energy_input/tests/test_energy_source.py ..xxx                    [  0%]
2025-01-22T19:19:11.9991130Z tardis/energy_input/tests/test_gamma_ray_channel.py ...........          [  0%]
2025-01-22T19:19:13.2879170Z tardis/energy_input/tests/test_gamma_ray_grid.py xx.                     [  1%]
2025-01-22T19:19:14.6188700Z tardis/energy_input/tests/test_gamma_ray_interactions.py xx....          [  1%]
2025-01-22T19:19:14.6304280Z tardis/energy_input/tests/test_gamma_ray_packet_source.py sssssssss      [  1%]
2025-01-22T19:19:15.7452130Z tardis/energy_input/tests/test_util.py .....xxxx.....                    [  2%]
2025-01-22T19:19:16.0859930Z tardis/grid/tests/test_grid.py .                                         [  2%]
2025-01-22T19:19:16.0959950Z tardis/gui/tests/test_gui.py s                                           [  2%]
2025-01-22T19:19:18.9502440Z tardis/io/configuration/tests/test_config_reader.py ...........          [  3%]
2025-01-22T19:19:18.9604750Z tardis/io/configuration/tests/test_configuration_namespace.py .........  [  3%]
2025-01-22T19:19:18.9806390Z tardis/io/logger/tests/test_logging.py ssssssssssssssssssssssssssss      [  5%]
2025-01-22T19:19:54.6668070Z tardis/io/model/readers/tests/test_arepo_parser.py ..                    [  5%]
2025-01-22T19:19:54.7030850Z tardis/io/model/readers/tests/test_ascii_readers.py ...                  [  5%]
2025-01-22T19:19:54.7147310Z tardis/io/model/readers/tests/test_cmfgen_reader.py ..                   [  5%]
2025-01-22T19:19:54.7392520Z tardis/io/model/readers/tests/test_csvy_reader.py ....                   [  6%]
2025-01-22T19:19:54.7571090Z tardis/io/model/readers/tests/test_stella_reader.py ..                   [  6%]
2025-01-22T19:19:54.9956420Z tardis/io/tests/test_HDFWriter.py ...............                        [  7%]
2025-01-22T19:19:55.6157690Z tardis/io/tests/test_atomic.py .....                                     [  7%]
2025-01-22T19:19:55.6348700Z tardis/io/tests/test_decay.py ..                                         [  7%]
2025-01-22T19:19:55.8077410Z tardis/io/tests/test_model_reader.py ......                              [  7%]
2025-01-22T19:19:55.8122630Z tardis/model/geometry/tests/test_radial1d.py ..                          [  7%]
2025-01-22T19:20:27.7369040Z tardis/model/tests/test_base.py ........................................ [ 10%]
2025-01-22T19:20:28.5672950Z ............                                                             [ 10%]
2025-01-22T19:20:31.2341590Z tardis/model/tests/test_csvy_model.py .........                          [ 11%]
2025-01-22T19:20:31.2727790Z tardis/model/tests/test_density.py ..                                    [ 11%]
2025-01-22T19:20:32.6492580Z tardis/opacities/tests/test_opacity_solver.py .....                      [ 11%]
2025-01-22T19:20:33.7822850Z tardis/opacities/tests/test_opacity_state_numba.py .....                 [ 11%]
2025-01-22T19:20:36.1627950Z tardis/opacities/tests/test_tau_sobolev.py ..                            [ 12%]
2025-01-22T19:20:38.6605200Z tardis/plasma/equilibrium/tests/test_collisional_transitions.py ...      [ 12%]
2025-01-22T19:21:29.6854040Z tardis/plasma/equilibrium/tests/test_level_populations.py ....           [ 12%]
2025-01-22T19:21:40.5697230Z tardis/plasma/equilibrium/tests/test_rate_matrix.py .                    [ 12%]
2025-01-22T19:21:41.9702650Z tardis/plasma/tests/test_complete_plasmas.py .....................s..... [ 13%]
2025-01-22T19:21:44.3100210Z s....ssssss............s............ss.....s....ssssss............s..... [ 18%]
2025-01-22T19:21:45.7909770Z .......ss.....s....ssssss............s............ss.....s....ssssss.... [ 22%]
2025-01-22T19:21:48.1518190Z ........s............ss.....s........ss............s............ss.....s [ 26%]
2025-01-22T19:21:50.4373260Z ........ss............s............ss.....s....ssssss............s...... [ 30%]
2025-01-22T19:21:51.0356590Z ......ss.....s....ssssss............s............ss.....s.ss.ssssss..... [ 34%]
2025-01-22T19:21:53.2500500Z .......s............ss.....s....ssssss............s............ss.....s. [ 38%]
2025-01-22T19:21:55.6449030Z ...ssssss............s............ss.....s....ssssss............s....... [ 42%]
2025-01-22T19:21:57.8619090Z .....ss.....s....ssssss............s............s...........ssssss...... [ 46%]
2025-01-22T19:21:59.3720880Z ......s............s...........ssssss............s............s......... [ 50%]
2025-01-22T19:22:01.7921130Z ..ssssss............s............ss.....s....ssssss............s........ [ 54%]
2025-01-22T19:22:04.6014720Z ....ss.....s....ssssss..........................s.....s....ssss......... [ 58%]
2025-01-22T19:22:04.9237810Z ...................s.....s....ssss.......                                [ 60%]
2025-01-22T19:22:05.1551040Z tardis/plasma/tests/test_hdf_plasma.py ................................. [ 62%]
2025-01-22T19:22:05.1634820Z ......                                                                   [ 62%]
2025-01-22T19:22:05.5019580Z tardis/plasma/tests/test_nlte_excitation.py ...                          [ 62%]
2025-01-22T19:23:47.0961480Z tardis/plasma/tests/test_nlte_solver.py .....X                           [ 63%]
2025-01-22T19:23:47.0994760Z tardis/plasma/tests/test_plasma_continuum.py .                           [ 63%]
2025-01-22T19:24:04.7152850Z tardis/plasma/tests/test_plasma_vboundary.py .............               [ 63%]
2025-01-22T19:24:14.1926660Z tardis/plasma/tests/test_tardis_model_density_config.py ...              [ 64%]
2025-01-22T19:24:14.6964030Z tardis/simulation/tests/test_convergence.py .....                        [ 64%]
2025-01-22T19:24:20.6127370Z tardis/simulation/tests/test_simulation.py .............                 [ 65%]
2025-01-22T19:24:20.6237920Z tardis/spectrum/tests/test_cuda_formal_integral.py sssssssssssssssssssss [ 66%]
2025-01-22T19:24:20.8637000Z ssss...ssssssssssssssssssssss                                            [ 67%]
2025-01-22T19:24:20.8678750Z tardis/spectrum/tests/test_luminosity.py ....                            [ 68%]
2025-01-22T19:24:21.6228790Z tardis/spectrum/tests/test_numba_formal_integral.py .................... [ 69%]
2025-01-22T19:24:21.6331050Z ..........                                                               [ 69%]
2025-01-22T19:24:21.7357300Z tardis/spectrum/tests/test_spectrum.py ................................. [ 71%]
2025-01-22T19:24:21.7549230Z .........                                                                [ 72%]
2025-01-22T19:24:38.9822430Z tardis/spectrum/tests/test_spectrum_solver.py ....                       [ 72%]
2025-01-22T19:25:31.5777840Z tardis/tests/test_tardis_full.py ....                                    [ 72%]
2025-01-22T19:27:04.3770630Z tardis/tests/test_tardis_full_formal_integral.py ................        [ 73%]
2025-01-22T19:27:04.4235940Z tardis/tests/test_util.py .............................................  [ 75%]
2025-01-22T19:27:06.5958720Z tardis/transport/montecarlo/tests/test_base.py x.....................    [ 77%]
2025-01-22T19:27:12.2425490Z tardis/transport/montecarlo/tests/test_interaction.py .......            [ 77%]
2025-01-22T19:27:12.3918900Z tardis/transport/montecarlo/tests/test_macro_atom.py ....                [ 77%]
2025-01-22T19:27:12.4056950Z tardis/transport/montecarlo/tests/test_montecarlo.py sssssssssssssssssss [ 78%]
2025-01-22T19:27:12.4465500Z sssssssssssssssssssssssssssssssssssssssssssss                            [ 81%]
2025-01-22T19:27:19.6486910Z tardis/transport/montecarlo/tests/test_montecarlo_main_loop.py x..       [ 81%]
2025-01-22T19:27:19.6600300Z tardis/transport/montecarlo/tests/test_nonhomologous.py ...              [ 81%]
2025-01-22T19:27:21.7256030Z tardis/transport/montecarlo/tests/test_numba_interface.py .....x.        [ 82%]
2025-01-22T19:27:22.0611230Z tardis/transport/montecarlo/tests/test_opacities.py ...............      [ 82%]
2025-01-22T19:27:23.0132910Z tardis/transport/montecarlo/tests/test_packet.py .................xXXXXX [ 84%]
2025-01-22T19:27:23.0961680Z XX.........                                                              [ 84%]
2025-01-22T19:27:23.1185570Z tardis/transport/montecarlo/tests/test_packet_source.py ........         [ 85%]
2025-01-22T19:27:23.3254550Z tardis/transport/montecarlo/tests/test_rpacket_last_interaction_tracker.py . [ 85%]
2025-01-22T19:27:23.5925440Z .....                                                                    [ 85%]
2025-01-22T19:27:32.8947160Z tardis/transport/montecarlo/tests/test_rpacket_tracker.py ......         [ 85%]
2025-01-22T19:27:32.9168190Z tardis/transport/montecarlo/tests/test_single_packet_loop.py xxx         [ 86%]
2025-01-22T19:27:32.9202810Z tardis/transport/montecarlo/tests/test_tracker_utils.py ..               [ 86%]
2025-01-22T19:27:34.3992160Z tardis/transport/montecarlo/tests/test_vpacket.py ..x.                   [ 86%]
2025-01-22T19:27:34.4174360Z tardis/transport/montecarlo/tests/test_weighted_packet_source.py ....    [ 86%]
2025-01-22T19:27:37.0116880Z tardis/transport/montecarlo/tests/test_weighted_packet_source_integration.py . [ 86%]
2025-01-22T19:27:37.0117610Z                                                                          [ 86%]
2025-01-22T19:27:37.5131690Z tardis/transport/tests/test_doppler_factor.py ..................         [ 87%]
2025-01-22T19:27:39.0311660Z tardis/visualization/tools/tests/test_convergence_plot.py .............. [ 88%]
2025-01-22T19:27:40.6392880Z ......                                                                   [ 88%]
2025-01-22T19:27:44.2164370Z tardis/visualization/tools/tests/test_liv_plot.py ...................... [ 90%]
2025-01-22T19:27:48.1715970Z .............................                                            [ 91%]
2025-01-22T19:27:50.8404040Z tardis/visualization/tools/tests/test_rpacket_plot.py .................. [ 92%]
2025-01-22T19:27:57.4999570Z ....                                                                     [ 92%]
2025-01-22T19:28:01.4968520Z tardis/visualization/tools/tests/test_sdec_plot.py ..................... [ 94%]
2025-01-22T19:28:06.7140640Z ..............................                                           [ 95%]
2025-01-22T19:28:07.0561690Z tardis/visualization/widgets/tests/test_custom_abundance.py ........ss.. [ 96%]
2025-01-22T19:28:07.0967400Z ....                                                                     [ 96%]
2025-01-22T19:28:07.8440750Z tardis/visualization/widgets/tests/test_line_info.py ................... [ 97%]
2025-01-22T19:28:08.3233730Z ..................                                                       [ 98%]
2025-01-22T19:31:03.7986050Z tardis/visualization/widgets/tests/test_shell_info.py .................. [ 99%]
2025-01-22T19:31:10.9095720Z ......                                                                   [100%]
2025-01-22T19:31:10.9096460Z 
2025-01-22T19:31:10.9096800Z =============================== warnings summary ===============================
2025-01-22T19:31:10.9097330Z tardis/io/configuration/config_validator.py:6
2025-01-22T19:31:10.9097970Z tardis/io/configuration/config_validator.py:6
2025-01-22T19:31:10.9098690Z   /Users/runner/work/tardis/tardis/tardis/io/configuration/config_validator.py:6: DeprecationWarning:
2025-01-22T19:31:10.9099400Z   
2025-01-22T19:31:10.9101690Z   jsonschema.RefResolver is deprecated as of v4.18.0, in favor of the https://github.com/python-jsonschema/referencing library, which provides more compliant referencing behavior as well as more flexible APIs for customization. A future release will remove RefResolver. Please file a feature request (on referencing) if you are missing an API for the kind of customization you need.
2025-01-22T19:31:10.9103200Z 
2025-01-22T19:31:10.9103780Z ../../../micromamba/envs/tardis/lib/python3.12/site-packages/jupyter_client/connect.py:22
2025-01-22T19:31:10.9104880Z   /Users/runner/micromamba/envs/tardis/lib/python3.12/site-packages/jupyter_client/connect.py:22: DeprecationWarning:
2025-01-22T19:31:10.9105540Z   
2025-01-22T19:31:10.9105970Z   Jupyter is migrating its paths to use standard platformdirs
2025-01-22T19:31:10.9106610Z   given by the platformdirs library.  To remove this warning and
2025-01-22T19:31:10.9115270Z   see the appropriate new directories, set the environment variable
2025-01-22T19:31:10.9115690Z   `JUPYTER_PLATFORM_DIRS=1` and then run `jupyter --paths`.
2025-01-22T19:31:10.9116120Z   The use of platformdirs will be the default in `jupyter_core` v6
2025-01-22T19:31:10.9116380Z 
2025-01-22T19:31:10.9131560Z tardis/io/tests/test_HDFWriter.py::test_multi_index_write
2025-01-22T19:31:10.9132140Z tardis/visualization/widgets/tests/test_shell_info.py::TestHDFShellInfo::test_shells_data
2025-01-22T19:31:10.9132740Z   /Users/runner/work/tardis/tardis/tardis/io/util.py:276: PerformanceWarning:
2025-01-22T19:31:10.9133240Z   
2025-01-22T19:31:10.9133420Z   
2025-01-22T19:31:10.9133800Z   your performance may suffer as PyTables will pickle object types that it cannot
2025-01-22T19:31:10.9134310Z   map directly to c-types [inferred_type->mixed,key->block0_values] [items->Index([0], dtype='int64')]
2025-01-22T19:31:10.9134750Z 
2025-01-22T19:31:10.9135010Z tardis/io/tests/test_model_reader.py::test_read_cmfgen_isotope_abundances
2025-01-22T19:31:10.9135520Z tardis/plasma/tests/test_tardis_model_density_config.py::test_electron_densities
2025-01-22T19:31:10.9136020Z tardis/plasma/tests/test_tardis_model_density_config.py::test_isotope_number_densities
2025-01-22T19:31:10.9136600Z tardis/plasma/tests/test_tardis_model_density_config.py::test_t_rad
2025-01-22T19:31:10.9137250Z   /Users/runner/work/tardis/tardis/tardis/io/model/readers/cmfgen_deprecated.py:82: DeprecationWarning:
2025-01-22T19:31:10.9137710Z   
2025-01-22T19:31:10.9137960Z   The current CMFGEN model parser is deprecated
2025-01-22T19:31:10.9138180Z 
2025-01-22T19:31:10.9138320Z tardis/io/tests/test_model_reader.py: 1 warning
2025-01-22T19:31:10.9138700Z tardis/plasma/tests/test_tardis_model_density_config.py: 9 warnings
2025-01-22T19:31:10.9139360Z   /Users/runner/work/tardis/tardis/tardis/io/model/readers/cmfgen_deprecated.py:40: DeprecationWarning:
2025-01-22T19:31:10.9139820Z   
2025-01-22T19:31:10.9140070Z   The current CMFGEN model parser is deprecated
2025-01-22T19:31:10.9140280Z 
2025-01-22T19:31:10.9140450Z tardis/model/tests/test_base.py::TestModelFromPaper1Config::test_abundances
2025-01-22T19:31:10.9141100Z   /Users/runner/work/tardis/tardis/tardis/transport/montecarlo/montecarlo_main_loop.py:123: NumbaTypeSafetyWarning:
2025-01-22T19:31:10.9141570Z   
2025-01-22T19:31:10.9161410Z   [1m[1m[1munsafe cast from uint64 to int64. Precision may be lost.[0m[0m[0m
2025-01-22T19:31:10.9161800Z 
2025-01-22T19:31:10.9161900Z tardis/model/tests/test_base.py: 6 warnings
2025-01-22T19:31:10.9162220Z tardis/model/tests/test_csvy_model.py: 2 warnings
2025-01-22T19:31:10.9162640Z tardis/plasma/tests/test_tardis_model_density_config.py: 3 warnings
2025-01-22T19:31:10.9163160Z   /Users/runner/work/tardis/tardis/tardis/model/geometry/radial1d.py:50: DeprecationWarning:
2025-01-22T19:31:10.9163710Z   
2025-01-22T19:31:10.9163960Z   v_inner_boundary < 0, assuming default value
2025-01-22T19:31:10.9164160Z 
2025-01-22T19:31:10.9164300Z tardis/model/tests/test_base.py: 6 warnings
2025-01-22T19:31:10.9164590Z tardis/model/tests/test_csvy_model.py: 2 warnings
2025-01-22T19:31:10.9165030Z tardis/plasma/tests/test_tardis_model_density_config.py: 3 warnings
2025-01-22T19:31:10.9165510Z   /Users/runner/work/tardis/tardis/tardis/model/geometry/radial1d.py:61: DeprecationWarning:
2025-01-22T19:31:10.9165950Z   
2025-01-22T19:31:10.9166160Z   v_outer_boundary < 0, assuming default value
2025-01-22T19:31:10.9166410Z 
2025-01-22T19:31:10.9166840Z tardis/plasma/equilibrium/tests/test_level_populations.py::TestLevelPopulationSolver::test_solve[collisional_rate_solver0-radiative_transitions0]
2025-01-22T19:31:10.9167590Z   /Users/runner/work/tardis/tardis/tardis/plasma/equilibrium/level_populations.py:65: FutureWarning:
2025-01-22T19:31:10.9168080Z   
2025-01-22T19:31:10.9168480Z   A value is trying to be set on a copy of a DataFrame or Series through chained assignment using an inplace method.
2025-01-22T19:31:10.9169470Z   The behavior will change in pandas 3.0. This inplace method will never work because the intermediate object on which we are setting values always behaves as a copy.
2025-01-22T19:31:10.9170050Z   
2025-01-22T19:31:10.9170630Z   For example, when doing 'df[col].method(value, inplace=True)', try using 'df.method({col: value}, inplace=True)' or df[col] = df[col].method(value) instead, to perform the operation inplace on the original object.
2025-01-22T19:31:10.9171180Z 
2025-01-22T19:31:10.9171370Z tardis/plasma/tests/test_complete_plasmas.py: 20 warnings
2025-01-22T19:31:10.9171880Z   /Users/runner/work/tardis/tardis/tardis/plasma/tests/test_complete_plasmas.py:197: UserWarning:
2025-01-22T19:31:10.9172340Z   
2025-01-22T19:31:10.9172500Z   Property "atomic_mass" not found
2025-01-22T19:31:10.9172730Z 
2025-01-22T19:31:10.9173150Z tardis/plasma/tests/test_complete_plasmas.py::TestPlasma::test_plasma_properties[radiative_rates_type:detailed-w_epsilon:1e-10-j_blues_norm_factor]
2025-01-22T19:31:10.9173950Z tardis/plasma/tests/test_complete_plasmas.py::TestPlasma::test_plasma_properties[radiative_rates_type:detailed-j_blues_norm_factor]
2025-01-22T19:31:10.9174660Z   /Users/runner/work/tardis/tardis/tardis/plasma/tests/test_complete_plasmas.py:197: UserWarning:
2025-01-22T19:31:10.9175130Z   
2025-01-22T19:31:10.9175350Z   Property "j_blues_norm_factor" not found
2025-01-22T19:31:10.9175600Z 
2025-01-22T19:31:10.9175950Z tardis/plasma/tests/test_complete_plasmas.py::TestPlasma::test_plasma_properties[radiative_rates_type:detailed-w_epsilon:1e-10-j_blue_estimator]
2025-01-22T19:31:10.9176720Z tardis/plasma/tests/test_complete_plasmas.py::TestPlasma::test_plasma_properties[radiative_rates_type:detailed-j_blue_estimator]
2025-01-22T19:31:10.9177420Z   /Users/runner/work/tardis/tardis/tardis/plasma/tests/test_complete_plasmas.py:197: UserWarning:
2025-01-22T19:31:10.9177830Z   
2025-01-22T19:31:10.9178090Z   Property "j_blue_estimator" not found
2025-01-22T19:31:10.9178250Z 
2025-01-22T19:31:10.9178600Z tardis/plasma/tests/test_complete_plasmas.py::TestPlasma::test_plasma_properties[radiative_rates_type:detailed-w_epsilon:1e-10-volume]
2025-01-22T19:31:10.9179350Z tardis/plasma/tests/test_complete_plasmas.py::TestPlasma::test_plasma_properties[radiative_rates_type:detailed-volume]
2025-01-22T19:31:10.9179990Z   /Users/runner/work/tardis/tardis/tardis/plasma/tests/test_complete_plasmas.py:197: UserWarning:
2025-01-22T19:31:10.9180440Z   
2025-01-22T19:31:10.9180830Z   Property "volume" not found
2025-01-22T19:31:10.9181030Z 
2025-01-22T19:31:10.9181390Z tardis/plasma/tests/test_complete_plasmas.py::TestPlasma::test_plasma_properties[radiative_rates_type:detailed-w_epsilon:1e-10-r_inner]
2025-01-22T19:31:10.9182080Z tardis/plasma/tests/test_complete_plasmas.py::TestPlasma::test_plasma_properties[radiative_rates_type:detailed-r_inner]
2025-01-22T19:31:10.9182730Z   /Users/runner/work/tardis/tardis/tardis/plasma/tests/test_complete_plasmas.py:197: UserWarning:
2025-01-22T19:31:10.9183200Z   
2025-01-22T19:31:10.9183380Z   Property "r_inner" not found
2025-01-22T19:31:10.9183580Z 
2025-01-22T19:31:10.9183820Z tardis/plasma/tests/test_plasma_vboundary.py::test_plasma_vboundary[2900-3750]
2025-01-22T19:31:10.9184270Z tardis/plasma/tests/test_plasma_vboundary.py::test_plasma_vboundary[2900-3850]
2025-01-22T19:31:10.9184800Z tardis/plasma/tests/test_plasma_vboundary.py::test_plasma_vboundary[2900-3900]
2025-01-22T19:31:10.9185350Z   /Users/runner/work/tardis/tardis/tardis/model/geometry/radial1d.py:71: UserWarning:
2025-01-22T19:31:10.9185720Z   
2025-01-22T19:31:10.9186020Z   Requesting inner boundary below inner shell. Extrapolating the inner cell
2025-01-22T19:31:10.9186250Z 
2025-01-22T19:31:10.9186460Z tardis/spectrum/tests/test_spectrum_solver.py::TestSpectrumSolver::test_solve
2025-01-22T19:31:10.9186940Z   /Users/runner/work/tardis/tardis/tardis/spectrum/base.py:70: UserWarning:
2025-01-22T19:31:10.9187270Z   
2025-01-22T19:31:10.9187710Z   SpectrumSolver.spectrum_virtual_packets is zero. Please run the montecarlo simulation with no_of_virtual_packets > 0
2025-01-22T19:31:10.9188330Z 
2025-01-22T19:31:10.9188500Z tardis/spectrum/tests/test_spectrum_solver.py::TestSpectrumSolver::test_solve
2025-01-22T19:31:10.9189010Z   /Users/runner/work/tardis/tardis/tardis/spectrum/base.py:111: UserWarning:
2025-01-22T19:31:10.9189340Z   
2025-01-22T19:31:10.9189770Z   SpectrumSolver.integrator: The FormalIntegrator is not yet available.Please run the montecarlo simulation at least once.
2025-01-22T19:31:10.9190190Z 
2025-01-22T19:31:10.9190370Z tardis/transport/montecarlo/tests/test_vpacket.py::test_trace_vpacket_volley
2025-01-22T19:31:10.9190820Z   <string>:3: NumbaPendingDeprecationWarning:
2025-01-22T19:31:10.9191070Z   
2025-01-22T19:31:10.9192440Z   [1m[1mCode using Numba extension API maybe depending on 'old_style' error-capturing, which is deprecated and will be replaced by 'new_style' in a future release. See details at https://numba.readthedocs.io/en/latest/reference/deprecation.html#deprecation-of-old-style-numba-captured-errors
2025-01-22T19:31:10.9193410Z   Exception origin:
2025-01-22T19:31:10.9193760Z     File "/Users/runner/micromamba/envs/tardis/lib/python3.12/inspect.py", line 3180, in _bind
2025-01-22T19:31:10.9194220Z       raise TypeError(msg) from None
2025-01-22T19:31:10.9194490Z   [0m[0m
2025-01-22T19:31:10.9194610Z 
2025-01-22T19:31:10.9194930Z tardis/visualization/tools/tests/test_sdec_plot.py::TestSDECPlotter::test_mpl_image[plotter_generate_plot_mpl4]
2025-01-22T19:31:10.9195550Z   /Users/runner/work/tardis/tardis/tardis/visualization/tools/sdec_plot.py:1225: RuntimeWarning:
2025-01-22T19:31:10.9196030Z   
2025-01-22T19:31:10.9196800Z   More than 20 figures have been opened. Figures created through the pyplot interface (`matplotlib.pyplot.figure`) are retained until explicitly closed and may consume too much memory. (To control this warning, see the rcParam `figure.max_open_warning`). Consider using `matplotlib.pyplot.close()`.
2025-01-22T19:31:10.9197570Z 
2025-01-22T19:31:10.9197910Z tardis/visualization/widgets/tests/test_custom_abundance.py::TestCustomAbundanceWidget::test_update_input_item_value
2025-01-22T19:31:10.9198580Z tardis/visualization/widgets/tests/test_custom_abundance.py::TestCustomAbundanceWidget::test_update_input_item_value
2025-01-22T19:31:10.9199320Z tardis/visualization/widgets/tests/test_custom_abundance.py::TestCustomAbundanceWidget::test_update_input_item_value
2025-01-22T19:31:10.9200380Z tardis/visualization/widgets/tests/test_custom_abundance.py::TestCustomAbundanceWidget::test_update_input_item_value
2025-01-22T19:31:10.9201090Z tardis/visualization/widgets/tests/test_custom_abundance.py::TestCustomAbundanceWidget::test_update_input_item_value
2025-01-22T19:31:10.9201820Z tardis/visualization/widgets/tests/test_custom_abundance.py::TestCustomAbundanceWidget::test_update_input_item_value
2025-01-22T19:31:10.9202490Z   /Users/runner/micromamba/envs/tardis/lib/python3.12/site-packages/traitlets/traitlets.py:1385: DeprecationWarning:
2025-01-22T19:31:10.9202980Z   
2025-01-22T19:31:10.9203300Z   Passing unrecognized arguments to super(Checkbox).__init__(icon='lock').
2025-01-22T19:31:10.9203790Z   object.__init__() takes exactly one argument (the instance to initialize)
2025-01-22T19:31:10.9204250Z   This is deprecated in traitlets 4.2.This error will be raised in a future release of traitlets.
2025-01-22T19:31:10.9204570Z 
2025-01-22T19:31:10.9204980Z tardis/visualization/widgets/tests/test_custom_abundance.py::TestCustomAbundanceWidget::test_update_input_item_value
2025-01-22T19:31:10.9205670Z tardis/visualization/widgets/tests/test_custom_abundance.py::TestCustomAbundanceWidget::test_update_input_item_value
2025-01-22T19:31:10.9206370Z   /Users/runner/micromamba/envs/tardis/lib/python3.12/site-packages/traitlets/traitlets.py:1385: DeprecationWarning:
2025-01-22T19:31:10.9206860Z   
2025-01-22T19:31:10.9207150Z   Passing unrecognized arguments to super(FloatText).__init__(min=0).
2025-01-22T19:31:10.9207620Z   object.__init__() takes exactly one argument (the instance to initialize)
2025-01-22T19:31:10.9208260Z   This is deprecated in traitlets 4.2.This error will be raised in a future release of traitlets.
2025-01-22T19:31:10.9208590Z 
2025-01-22T19:31:10.9208940Z tardis/visualization/widgets/tests/test_custom_abundance.py::TestCustomAbundanceWidget::test_update_input_item_value
2025-01-22T19:31:10.9209700Z   /Users/runner/micromamba/envs/tardis/lib/python3.12/site-packages/traitlets/traitlets.py:1385: DeprecationWarning:
2025-01-22T19:31:10.9210160Z   
2025-01-22T19:31:10.9210480Z   Passing unrecognized arguments to super(HTML).__init__(indent=True).
2025-01-22T19:31:10.9210890Z   object.__init__() takes exactly one argument (the instance to initialize)
2025-01-22T19:31:10.9211460Z   This is deprecated in traitlets 4.2.This error will be raised in a future release of traitlets.
2025-01-22T19:31:10.9211710Z 
2025-01-22T19:31:10.9212130Z tardis/visualization/widgets/tests/test_line_info.py::TestLineInfoWidgetData::test_get_species_interactions[wavelength_range0-packet_out_nu]
2025-01-22T19:31:10.9212920Z   /Users/runner/micromamba/envs/tardis/lib/python3.12/site-packages/qgridnext/grid.py:825: DeprecationWarning:
2025-01-22T19:31:10.9213360Z   
2025-01-22T19:31:10.9213700Z   QgridWidget._grid_options_changed is deprecated in traitlets 4.1: use @observe and @unobserve instead.
2025-01-22T19:31:10.9214060Z 
2025-01-22T19:31:10.9214270Z tardis/visualization/widgets/tests/test_shell_info.py::TestHDFShellInfo::test_shells_data
2025-01-22T19:31:10.9214870Z   /Users/runner/work/tardis/tardis/tardis/io/util.py:289: PerformanceWarning:
2025-01-22T19:31:10.9215210Z   
2025-01-22T19:31:10.9215460Z   
2025-01-22T19:31:10.9215730Z   your performance may suffer as PyTables will pickle object types that it cannot
2025-01-22T19:31:10.9216300Z   map directly to c-types [inferred_type->mixed,key->block0_values] [items->Index([0], dtype='int64')]
2025-01-22T19:31:10.9216640Z 
2025-01-22T19:31:10.9216930Z tardis/visualization/widgets/tests/test_shell_info.py::TestHDFShellInfo::test_shells_data
2025-01-22T19:31:10.9217440Z   /Users/runner/work/tardis/tardis/tardis/io/util.py:292: PerformanceWarning:
2025-01-22T19:31:10.9217830Z   
2025-01-22T19:31:10.9218020Z   
2025-01-22T19:31:10.9218360Z   your performance may suffer as PyTables will pickle object types that it cannot
2025-01-22T19:31:10.9218890Z   map directly to c-types [inferred_type->mixed,key->values] [items->None]
2025-01-22T19:31:10.9219100Z 
2025-01-22T19:31:10.9219650Z tardis/visualization/widgets/tests/test_shell_info.py::TestHDFShellInfo::test_shells_data
2025-01-22T19:31:10.9220310Z   /Users/runner/work/tardis/tardis/tardis/spectrum/formal_integral.py:398: UserWarning:
2025-01-22T19:31:10.9220680Z   
2025-01-22T19:31:10.9221050Z   The number of interpolate_shells was not specified. The value was set to 80.
2025-01-22T19:31:10.9221350Z 
2025-01-22T19:31:10.9221520Z -- Docs: https://docs.pytest.org/en/stable/how-to/capture-warnings.html
2025-01-22T19:31:10.9221820Z 
2025-01-22T19:31:10.9222010Z ---------- coverage: platform darwin, python 3.12.4-final-0 ----------
2025-01-22T19:31:10.9222390Z Coverage HTML written to dir coverage_html_report
2025-01-22T19:31:10.9222770Z Coverage XML written to file coverage.xml
2025-01-22T19:31:10.9222970Z 
2025-01-22T19:31:10.9223170Z = 1438 passed, 329 skipped, 2 deselected, 19 xfailed, 8 xpassed, 91 warnings in 727.52s (0:12:07) =
2025-01-22T19:31:12.4842660Z ##[group]Run mv .coverage .coverage.0
2025-01-22T19:31:12.4842970Z [36;1mmv .coverage .coverage.0[0m
2025-01-22T19:31:12.6739930Z shell: /bin/bash -l {0}
2025-01-22T19:31:12.6740190Z env:
2025-01-22T19:31:12.6740340Z   CACHE_NUMBER: 0
2025-01-22T19:31:12.6740890Z   PYTEST_FLAGS: --tardis-regression-data=/Users/runner/work/tardis/tardis/tardis-regression-data --cov=tardis --cov-report=xml --cov-report=html --cov-append
2025-01-22T19:31:12.6741430Z   CODECOV_TOKEN: 
2025-01-22T19:31:12.6741630Z   MAMBA_ROOT_PREFIX: /Users/runner/micromamba
2025-01-22T19:31:12.6741900Z   MAMBA_EXE: /Users/runner/micromamba-bin/micromamba
2025-01-22T19:31:12.6742230Z   CONDARC: /Users/runner/work/_temp/setup-micromamba/.condarc
2025-01-22T19:31:12.6742780Z ##[endgroup]
2025-01-22T19:31:12.9109550Z ##[group]Run actions/upload-artifact@v4
2025-01-22T19:31:12.9109930Z with:
2025-01-22T19:31:12.9110140Z   name: coverage-not-continuum-macos-latest
2025-01-22T19:31:12.9110370Z   include-hidden-files: true
2025-01-22T19:31:12.9110590Z   path: .coverage*
!.coveragerc

2025-01-22T19:31:12.9110870Z   if-no-files-found: warn
2025-01-22T19:31:12.9111060Z   compression-level: 6
2025-01-22T19:31:12.9111240Z   overwrite: false
2025-01-22T19:31:12.9111380Z env:
2025-01-22T19:31:12.9111520Z   CACHE_NUMBER: 0
2025-01-22T19:31:12.9112010Z   PYTEST_FLAGS: --tardis-regression-data=/Users/runner/work/tardis/tardis/tardis-regression-data --cov=tardis --cov-report=xml --cov-report=html --cov-append
2025-01-22T19:31:12.9112580Z   CODECOV_TOKEN: 
2025-01-22T19:31:12.9112770Z   MAMBA_ROOT_PREFIX: /Users/runner/micromamba
2025-01-22T19:31:12.9113060Z   MAMBA_EXE: /Users/runner/micromamba-bin/micromamba
2025-01-22T19:31:12.9113400Z   CONDARC: /Users/runner/work/_temp/setup-micromamba/.condarc
2025-01-22T19:31:12.9113740Z ##[endgroup]
2025-01-22T19:31:13.4093740Z With the provided path, there will be 2 files uploaded
2025-01-22T19:31:13.4096930Z Artifact name is valid!
2025-01-22T19:31:13.4097260Z Root directory input is valid!
2025-01-22T19:31:13.5445880Z Beginning upload of artifact content to blob storage
2025-01-22T19:31:13.6090250Z Uploaded bytes 29599
2025-01-22T19:31:13.6262620Z Finished uploading artifact content to blob storage!
2025-01-22T19:31:13.6264620Z SHA256 hash of uploaded artifact zip is f09a502420506b9fcdbfdbbc3327ced311654e98de3c50a6e0840b7c94c3154b
2025-01-22T19:31:13.6265870Z Finalizing artifact upload
2025-01-22T19:31:13.6935480Z Artifact coverage-not-continuum-macos-latest.zip successfully finalized. Artifact ID 2470317849
2025-01-22T19:31:13.6936760Z Artifact coverage-not-continuum-macos-latest has been successfully uploaded! Final size is 29599 bytes. Artifact ID is 2470317849
2025-01-22T19:31:13.6958910Z Artifact download URL: https://github.com/tardis-sn/tardis/actions/runs/12915446246/artifacts/2470317849
2025-01-22T19:31:13.7376680Z Post job cleanup.
2025-01-22T19:31:13.7428820Z Post job cleanup.
2025-01-22T19:31:13.8947580Z Will use pre-installed micromamba at /Users/runner/micromamba-bin/micromamba
2025-01-22T19:31:13.8950460Z Removing micromamba run shell ...
2025-01-22T19:31:13.8952490Z ##[group]Deinitialize micromamba for bash
2025-01-22T19:31:13.8965110Z [command]/Users/runner/micromamba-bin/micromamba shell deinit -s bash -r /Users/runner/micromamba --log-level warning --rc-file /Users/runner/work/_temp/setup-micromamba/.condarc
2025-01-22T19:31:13.9102230Z Resetting RC file "/Users/runner/.bash_profile"
2025-01-22T19:31:13.9102760Z Deleting config for root prefix 
2025-01-22T19:31:13.9103160Z Clearing mamba executable environment variable
2025-01-22T19:31:13.9116160Z Removing the following in your "/Users/runner/.bash_profile" file
2025-01-22T19:31:13.9116530Z # >>> mamba initialize >>>
2025-01-22T19:31:13.9116760Z ...
2025-01-22T19:31:13.9116890Z # <<< mamba initialize <<<
2025-01-22T19:31:13.9144020Z Removing environment tardis from auto-activate bash ...
2025-01-22T19:31:13.9232010Z Post job cleanup.
2025-01-22T19:31:13.9277920Z Post job cleanup.
2025-01-22T19:31:14.0452510Z [command]/opt/homebrew/bin/git version
2025-01-22T19:31:14.0638210Z git version 2.48.1
2025-01-22T19:31:14.0660430Z Copying '/Users/runner/.gitconfig' to '/Users/runner/work/_temp/64684a35-46a7-4ce0-a4a3-5c272ddc45ea/.gitconfig'
2025-01-22T19:31:14.0671440Z Temporarily overriding HOME='/Users/runner/work/_temp/64684a35-46a7-4ce0-a4a3-5c272ddc45ea' before making global git config changes
2025-01-22T19:31:14.0672020Z Adding repository directory to the temporary git global config as a safe directory
2025-01-22T19:31:14.0675030Z [command]/opt/homebrew/bin/git config --global --add safe.directory /Users/runner/work/tardis/tardis/tardis-regression-data
2025-01-22T19:31:14.0766770Z [command]/opt/homebrew/bin/git config --local --name-only --get-regexp core\.sshCommand
2025-01-22T19:31:14.0812860Z [command]/opt/homebrew/bin/git submodule foreach --recursive sh -c "git config --local --name-only --get-regexp 'core\.sshCommand' && git config --local --unset-all 'core.sshCommand' || :"
2025-01-22T19:31:14.1412840Z [command]/opt/homebrew/bin/git config --local --name-only --get-regexp http\.https\:\/\/github\.com\/\.extraheader
2025-01-22T19:31:14.1443920Z http.https://github.com/.extraheader
2025-01-22T19:31:14.1451730Z [command]/opt/homebrew/bin/git config --local --unset-all http.https://github.com/.extraheader
2025-01-22T19:31:14.1493110Z [command]/opt/homebrew/bin/git submodule foreach --recursive sh -c "git config --local --name-only --get-regexp 'http\.https\:\/\/github\.com\/\.extraheader' && git config --local --unset-all 'http.https://github.com/.extraheader' || :"
2025-01-22T19:31:14.2038490Z Post job cleanup.
2025-01-22T19:31:14.2933120Z [command]/opt/homebrew/bin/git version
2025-01-22T19:31:14.2978010Z git version 2.48.1
2025-01-22T19:31:14.2998480Z Copying '/Users/runner/.gitconfig' to '/Users/runner/work/_temp/8c0ae981-2e3e-45e0-9765-52360a17da36/.gitconfig'
2025-01-22T19:31:14.3004470Z Temporarily overriding HOME='/Users/runner/work/_temp/8c0ae981-2e3e-45e0-9765-52360a17da36' before making global git config changes
2025-01-22T19:31:14.3005050Z Adding repository directory to the temporary git global config as a safe directory
2025-01-22T19:31:14.3007430Z [command]/opt/homebrew/bin/git config --global --add safe.directory /Users/runner/work/tardis/tardis
2025-01-22T19:31:14.3060040Z [command]/opt/homebrew/bin/git config --local --name-only --get-regexp core\.sshCommand
2025-01-22T19:31:14.3098210Z [command]/opt/homebrew/bin/git submodule foreach --recursive sh -c "git config --local --name-only --get-regexp 'core\.sshCommand' && git config --local --unset-all 'core.sshCommand' || :"
2025-01-22T19:31:14.3602440Z [command]/opt/homebrew/bin/git config --local --name-only --get-regexp http\.https\:\/\/github\.com\/\.extraheader
2025-01-22T19:31:14.3638920Z http.https://github.com/.extraheader
2025-01-22T19:31:14.3651390Z [command]/opt/homebrew/bin/git config --local --unset-all http.https://github.com/.extraheader
2025-01-22T19:31:14.3724570Z [command]/opt/homebrew/bin/git submodule foreach --recursive sh -c "git config --local --name-only --get-regexp 'http\.https\:\/\/github\.com\/\.extraheader' && git config --local --unset-all 'http.https://github.com/.extraheader' || :"
2025-01-22T19:31:14.4403820Z Cleaning up orphan processes
