2025-02-24T12:04:07.6296047Z Requested labels: macos-latest
2025-02-24T12:04:07.6296346Z Job defined at: tardis-sn/tardis/.github/workflows/tests.yml@refs/pull/2993/merge
2025-02-24T12:04:07.6296463Z Waiting for a runner to pick up this job...
2025-02-24T12:04:09.3593257Z Job is waiting for a hosted runner to come online.
2025-02-24T12:04:11.7752608Z Job is about to start running on the hosted runner: GitHub Actions 5 (hosted)
2025-02-24T12:04:13.2991460Z Current runner version: '2.322.0'
2025-02-24T12:04:13.3129790Z ##[group]Operating System
2025-02-24T12:04:13.3130480Z macOS
2025-02-24T12:04:13.3130880Z 14.7.2
2025-02-24T12:04:13.3131180Z 23H311
2025-02-24T12:04:13.3131490Z ##[endgroup]
2025-02-24T12:04:13.3131810Z ##[group]Runner Image
2025-02-24T12:04:13.3132180Z Image: macos-14-arm64
2025-02-24T12:04:13.3132530Z Version: 20250120.774
2025-02-24T12:04:13.3133350Z Included Software: https://github.com/actions/runner-images/blob/macos-14-arm64/20250120.774/images/macos/macos-14-arm64-Readme.md
2025-02-24T12:04:13.3137460Z Image Release: https://github.com/actions/runner-images/releases/tag/macos-14-arm64%2F20250120.774
2025-02-24T12:04:13.3139520Z ##[endgroup]
2025-02-24T12:04:13.3140610Z ##[group]Runner Image Provisioner
2025-02-24T12:04:13.3141800Z 2.0.422.1+55c30c14fe2a0a1547db1b656933ae07d97649a9
2025-02-24T12:04:13.3142940Z ##[endgroup]
2025-02-24T12:04:13.3147160Z ##[group]GITHUB_TOKEN Permissions
2025-02-24T12:04:13.3154760Z Actions: write
2025-02-24T12:04:13.3155790Z Attestations: write
2025-02-24T12:04:13.3156670Z Checks: write
2025-02-24T12:04:13.3157700Z Contents: write
2025-02-24T12:04:13.3158540Z Deployments: write
2025-02-24T12:04:13.3159450Z Discussions: write
2025-02-24T12:04:13.3160590Z Issues: write
2025-02-24T12:04:13.3161620Z Metadata: read
2025-02-24T12:04:13.3162540Z Packages: write
2025-02-24T12:04:13.3163420Z Pages: write
2025-02-24T12:04:13.3164280Z PullRequests: write
2025-02-24T12:04:13.3165210Z RepositoryProjects: write
2025-02-24T12:04:13.3166200Z SecurityEvents: write
2025-02-24T12:04:13.3167120Z Statuses: write
2025-02-24T12:04:13.3168010Z ##[endgroup]
2025-02-24T12:04:13.3181570Z Secret source: Actions
2025-02-24T12:04:13.3183040Z Prepare workflow directory
2025-02-24T12:04:13.3704140Z Prepare all required actions
2025-02-24T12:04:13.3731970Z Getting action download info
2025-02-24T12:04:13.5670190Z ##[group]Download immutable action package 'actions/checkout@v4'
2025-02-24T12:04:13.5670970Z Version: 4.2.2
2025-02-24T12:04:13.5671860Z Digest: sha256:ccb2698953eaebd21c7bf6268a94f9c26518a7e38e27e0b83c1fe1ad049819b1
2025-02-24T12:04:13.5672760Z Source commit SHA: 11bd71901bbe5b1630ceea73d27597364c9af683
2025-02-24T12:04:13.5673440Z ##[endgroup]
2025-02-24T12:04:13.8447740Z ##[group]Download immutable action package 'actions/upload-artifact@v4'
2025-02-24T12:04:13.8448360Z Version: 4.6.1
2025-02-24T12:04:13.8449330Z Digest: sha256:3f6a28e7a1e0b5c8e2249e28da121a049fa5b91863b04390a46a82e4f8e2da98
2025-02-24T12:04:13.8449980Z Source commit SHA: 4cec3d8aa04e39d1a68397de0c4cd6fb9dce8ec1
2025-02-24T12:04:13.8450520Z ##[endgroup]
2025-02-24T12:04:14.5220240Z Complete job name: not continuum macos-latest 
2025-02-24T12:04:14.6120140Z ##[group]Run actions/checkout@v4
2025-02-24T12:04:14.6120920Z with:
2025-02-24T12:04:14.6121240Z   repository: tardis-sn/tardis
2025-02-24T12:04:14.6121740Z   token: ***
2025-02-24T12:04:14.6122030Z   ssh-strict: true
2025-02-24T12:04:14.6122330Z   ssh-user: git
2025-02-24T12:04:14.6122630Z   persist-credentials: true
2025-02-24T12:04:14.6122980Z   clean: true
2025-02-24T12:04:14.6123280Z   sparse-checkout-cone-mode: true
2025-02-24T12:04:14.6123640Z   fetch-depth: 1
2025-02-24T12:04:14.6124010Z   fetch-tags: false
2025-02-24T12:04:14.6124310Z   show-progress: true
2025-02-24T12:04:14.6124620Z   lfs: false
2025-02-24T12:04:14.6124900Z   submodules: false
2025-02-24T12:04:14.6125220Z   set-safe-directory: true
2025-02-24T12:04:14.6125690Z env:
2025-02-24T12:04:14.6125970Z   CACHE_NUMBER: 0
2025-02-24T12:04:14.6126750Z   PYTEST_FLAGS: --tardis-regression-data=/Users/runner/work/tardis/tardis/tardis-regression-data --cov=tardis --cov-report=xml --cov-report=html --cov-append
2025-02-24T12:04:14.6127630Z   CODECOV_TOKEN: ***
2025-02-24T12:04:14.6127920Z ##[endgroup]
2025-02-24T12:04:15.1721820Z Syncing repository: tardis-sn/tardis
2025-02-24T12:04:15.1724520Z ##[group]Getting Git version info
2025-02-24T12:04:15.1725170Z Working directory is '/Users/runner/work/tardis/tardis'
2025-02-24T12:04:15.1763150Z [command]/opt/homebrew/bin/git version
2025-02-24T12:04:15.2535400Z git version 2.48.1
2025-02-24T12:04:15.2567640Z ##[endgroup]
2025-02-24T12:04:15.2584130Z Copying '/Users/runner/.gitconfig' to '/Users/runner/work/_temp/c7093721-6dd6-481b-a884-dc028f2e6549/.gitconfig'
2025-02-24T12:04:15.2591250Z Temporarily overriding HOME='/Users/runner/work/_temp/c7093721-6dd6-481b-a884-dc028f2e6549' before making global git config changes
2025-02-24T12:04:15.2593970Z Adding repository directory to the temporary git global config as a safe directory
2025-02-24T12:04:15.2602430Z [command]/opt/homebrew/bin/git config --global --add safe.directory /Users/runner/work/tardis/tardis
2025-02-24T12:04:15.2698420Z Deleting the contents of '/Users/runner/work/tardis/tardis'
2025-02-24T12:04:15.2700740Z ##[group]Initializing the repository
2025-02-24T12:04:15.2704800Z [command]/opt/homebrew/bin/git init /Users/runner/work/tardis/tardis
2025-02-24T12:04:15.2870250Z hint: Using 'master' as the name for the initial branch. This default branch name
2025-02-24T12:04:15.2871940Z hint: is subject to change. To configure the initial branch name to use in all
2025-02-24T12:04:15.2872850Z hint: of your new repositories, which will suppress this warning, call:
2025-02-24T12:04:15.2873430Z hint:
2025-02-24T12:04:15.2873850Z hint: 	git config --global init.defaultBranch <name>
2025-02-24T12:04:15.2874430Z hint:
2025-02-24T12:04:15.2874930Z hint: Names commonly chosen instead of 'master' are 'main', 'trunk' and
2025-02-24T12:04:15.2875650Z hint: 'development'. The just-created branch can be renamed via this command:
2025-02-24T12:04:15.2876270Z hint:
2025-02-24T12:04:15.2876650Z hint: 	git branch -m <name>
2025-02-24T12:04:15.2898260Z Initialized empty Git repository in /Users/runner/work/tardis/tardis/.git/
2025-02-24T12:04:15.2899840Z [command]/opt/homebrew/bin/git remote add origin https://github.com/tardis-sn/tardis
2025-02-24T12:04:15.2952820Z ##[endgroup]
2025-02-24T12:04:15.2966250Z ##[group]Disabling automatic garbage collection
2025-02-24T12:04:15.2967140Z [command]/opt/homebrew/bin/git config --local gc.auto 0
2025-02-24T12:04:15.3026280Z ##[endgroup]
2025-02-24T12:04:15.3027130Z ##[group]Setting up auth
2025-02-24T12:04:15.3031310Z [command]/opt/homebrew/bin/git config --local --name-only --get-regexp core\.sshCommand
2025-02-24T12:04:15.3091300Z [command]/opt/homebrew/bin/git submodule foreach --recursive sh -c "git config --local --name-only --get-regexp 'core\.sshCommand' && git config --local --unset-all 'core.sshCommand' || :"
2025-02-24T12:04:15.4885840Z [command]/opt/homebrew/bin/git config --local --name-only --get-regexp http\.https\:\/\/github\.com\/\.extraheader
2025-02-24T12:04:15.4986490Z [command]/opt/homebrew/bin/git submodule foreach --recursive sh -c "git config --local --name-only --get-regexp 'http\.https\:\/\/github\.com\/\.extraheader' && git config --local --unset-all 'http.https://github.com/.extraheader' || :"
2025-02-24T12:04:15.5703330Z [command]/opt/homebrew/bin/git config --local http.https://github.com/.extraheader AUTHORIZATION: basic ***
2025-02-24T12:04:15.5794590Z ##[endgroup]
2025-02-24T12:04:15.5798140Z ##[group]Fetching the repository
2025-02-24T12:04:15.5803150Z [command]/opt/homebrew/bin/git -c protocol.version=2 fetch --no-tags --prune --no-recurse-submodules --depth=1 origin +f67e7caaa2e3ef4fe7aaae730a3777dfb7a338a3:refs/remotes/pull/2993/merge
2025-02-24T12:04:17.5551330Z From https://github.com/tardis-sn/tardis
2025-02-24T12:04:17.5561100Z  * [new ref]         f67e7caaa2e3ef4fe7aaae730a3777dfb7a338a3 -> pull/2993/merge
2025-02-24T12:04:17.5751550Z ##[endgroup]
2025-02-24T12:04:17.5752490Z ##[group]Determining the checkout info
2025-02-24T12:04:17.5753480Z ##[endgroup]
2025-02-24T12:04:17.5754240Z [command]/opt/homebrew/bin/git sparse-checkout disable
2025-02-24T12:04:17.6002020Z [command]/opt/homebrew/bin/git config --local --unset-all extensions.worktreeConfig
2025-02-24T12:04:17.6094190Z ##[group]Checking out the ref
2025-02-24T12:04:17.6095450Z [command]/opt/homebrew/bin/git checkout --progress --force refs/remotes/pull/2993/merge
2025-02-24T12:04:17.9119270Z HEAD is now at f67e7ca Merge 6547fefbe055e3825b7b437ac31124ff3acf38a4 into 6e790c66049717c1a7df370212bf7063c85b7fdd
2025-02-24T12:04:17.9135480Z ##[endgroup]
2025-02-24T12:04:17.9329530Z [command]/opt/homebrew/bin/git log -1 --format=%H
2025-02-24T12:04:17.9381530Z f67e7caaa2e3ef4fe7aaae730a3777dfb7a338a3
2025-02-24T12:04:17.9834210Z Prepare all required actions
2025-02-24T12:04:17.9834690Z Getting action download info
2025-02-24T12:04:18.1518890Z ##[group]Download immutable action package 'actions/cache@v4'
2025-02-24T12:04:18.1519190Z Version: 4.2.1
2025-02-24T12:04:18.1519470Z Digest: sha256:b0404c9628d43aa6855629075b28f32cadf8efc5c26198438149f78500112940
2025-02-24T12:04:18.1519950Z Source commit SHA: 0c907a75c2c80ebcb7f088228285e798b750cf8f
2025-02-24T12:04:18.1520350Z ##[endgroup]
2025-02-24T12:04:18.7081720Z ##[group]Run ./.github/actions/setup_lfs
2025-02-24T12:04:18.7081970Z with:
2025-02-24T12:04:18.7082170Z   regression-data-repo: tardis-sn/tardis-regression-data
2025-02-24T12:04:18.7082460Z   atom-data-sparse: false
2025-02-24T12:04:18.7082620Z env:
2025-02-24T12:04:18.7082750Z   CACHE_NUMBER: 0
2025-02-24T12:04:18.7083250Z   PYTEST_FLAGS: --tardis-regression-data=/Users/runner/work/tardis/tardis/tardis-regression-data --cov=tardis --cov-report=xml --cov-report=html --cov-append
2025-02-24T12:04:18.7083940Z   CODECOV_TOKEN: ***
2025-02-24T12:04:18.7084080Z ##[endgroup]
2025-02-24T12:04:18.7279190Z ##[group]Run actions/checkout@v4
2025-02-24T12:04:18.7279490Z with:
2025-02-24T12:04:18.7279660Z   repository: tardis-sn/tardis-regression-data
2025-02-24T12:04:18.7279920Z   path: tardis-regression-data
2025-02-24T12:04:18.7280100Z   lfs: false
2025-02-24T12:04:18.7280360Z   token: ***
2025-02-24T12:04:18.7280530Z   ssh-strict: true
2025-02-24T12:04:18.7280730Z   ssh-user: git
2025-02-24T12:04:18.7280910Z   persist-credentials: true
2025-02-24T12:04:18.7281100Z   clean: true
2025-02-24T12:04:18.7281290Z   sparse-checkout-cone-mode: true
2025-02-24T12:04:18.7281460Z   fetch-depth: 1
2025-02-24T12:04:18.7281650Z   fetch-tags: false
2025-02-24T12:04:18.7281800Z   show-progress: true
2025-02-24T12:04:18.7281950Z   submodules: false
2025-02-24T12:04:18.7282120Z   set-safe-directory: true
2025-02-24T12:04:18.7282550Z env:
2025-02-24T12:04:18.7282740Z   CACHE_NUMBER: 0
2025-02-24T12:04:18.7283290Z   PYTEST_FLAGS: --tardis-regression-data=/Users/runner/work/tardis/tardis/tardis-regression-data --cov=tardis --cov-report=xml --cov-report=html --cov-append
2025-02-24T12:04:18.7283920Z   CODECOV_TOKEN: ***
2025-02-24T12:04:18.7284070Z ##[endgroup]
2025-02-24T12:04:18.8218430Z Syncing repository: tardis-sn/tardis-regression-data
2025-02-24T12:04:18.8219620Z ##[group]Getting Git version info
2025-02-24T12:04:18.8220720Z Working directory is '/Users/runner/work/tardis/tardis/tardis-regression-data'
2025-02-24T12:04:18.8247870Z [command]/opt/homebrew/bin/git version
2025-02-24T12:04:18.8310440Z git version 2.48.1
2025-02-24T12:04:18.8329790Z ##[endgroup]
2025-02-24T12:04:18.8334820Z Copying '/Users/runner/.gitconfig' to '/Users/runner/work/_temp/a863bc9a-4b55-4b43-9794-89c2ba352d9a/.gitconfig'
2025-02-24T12:04:18.8380840Z Temporarily overriding HOME='/Users/runner/work/_temp/a863bc9a-4b55-4b43-9794-89c2ba352d9a' before making global git config changes
2025-02-24T12:04:18.8382340Z Adding repository directory to the temporary git global config as a safe directory
2025-02-24T12:04:18.8387820Z [command]/opt/homebrew/bin/git config --global --add safe.directory /Users/runner/work/tardis/tardis/tardis-regression-data
2025-02-24T12:04:18.8787490Z ##[group]Initializing the repository
2025-02-24T12:04:18.8811170Z [command]/opt/homebrew/bin/git init /Users/runner/work/tardis/tardis/tardis-regression-data
2025-02-24T12:04:18.9586650Z hint: Using 'master' as the name for the initial branch. This default branch name
2025-02-24T12:04:18.9587130Z hint: is subject to change. To configure the initial branch name to use in all
2025-02-24T12:04:18.9587520Z hint: of your new repositories, which will suppress this warning, call:
2025-02-24T12:04:18.9588050Z hint:
2025-02-24T12:04:18.9588290Z hint: 	git config --global init.defaultBranch <name>
2025-02-24T12:04:18.9588510Z hint:
2025-02-24T12:04:18.9588730Z hint: Names commonly chosen instead of 'master' are 'main', 'trunk' and
2025-02-24T12:04:18.9589400Z hint: 'development'. The just-created branch can be renamed via this command:
2025-02-24T12:04:18.9589700Z hint:
2025-02-24T12:04:18.9589850Z hint: 	git branch -m <name>
2025-02-24T12:04:18.9591790Z Initialized empty Git repository in /Users/runner/work/tardis/tardis/tardis-regression-data/.git/
2025-02-24T12:04:18.9602730Z [command]/opt/homebrew/bin/git remote add origin https://github.com/tardis-sn/tardis-regression-data
2025-02-24T12:04:18.9661430Z ##[endgroup]
2025-02-24T12:04:18.9662240Z ##[group]Disabling automatic garbage collection
2025-02-24T12:04:18.9663830Z [command]/opt/homebrew/bin/git config --local gc.auto 0
2025-02-24T12:04:18.9714160Z ##[endgroup]
2025-02-24T12:04:18.9720720Z ##[group]Setting up auth
2025-02-24T12:04:18.9721110Z [command]/opt/homebrew/bin/git config --local --name-only --get-regexp core\.sshCommand
2025-02-24T12:04:18.9779020Z [command]/opt/homebrew/bin/git submodule foreach --recursive sh -c "git config --local --name-only --get-regexp 'core\.sshCommand' && git config --local --unset-all 'core.sshCommand' || :"
2025-02-24T12:04:19.0505480Z [command]/opt/homebrew/bin/git config --local --name-only --get-regexp http\.https\:\/\/github\.com\/\.extraheader
2025-02-24T12:04:19.0757790Z [command]/opt/homebrew/bin/git submodule foreach --recursive sh -c "git config --local --name-only --get-regexp 'http\.https\:\/\/github\.com\/\.extraheader' && git config --local --unset-all 'http.https://github.com/.extraheader' || :"
2025-02-24T12:04:19.2281230Z [command]/opt/homebrew/bin/git config --local http.https://github.com/.extraheader AUTHORIZATION: basic ***
2025-02-24T12:04:19.2282070Z ##[endgroup]
2025-02-24T12:04:19.2282360Z ##[group]Determining the default branch
2025-02-24T12:04:19.2282610Z Retrieving the default branch name
2025-02-24T12:04:19.6448020Z Default branch 'main'
2025-02-24T12:04:19.6549570Z ##[endgroup]
2025-02-24T12:04:19.6653270Z ##[group]Fetching the repository
2025-02-24T12:04:19.6756560Z [command]/opt/homebrew/bin/git -c protocol.version=2 fetch --no-tags --prune --no-recurse-submodules --depth=1 origin +refs/heads/main:refs/remotes/origin/main
2025-02-24T12:04:20.5879860Z From https://github.com/tardis-sn/tardis-regression-data
2025-02-24T12:04:20.5880250Z  * [new branch]      main       -> origin/main
2025-02-24T12:04:20.5937740Z ##[endgroup]
2025-02-24T12:04:20.5938280Z ##[group]Determining the checkout info
2025-02-24T12:04:20.5939170Z ##[endgroup]
2025-02-24T12:04:20.5942090Z [command]/opt/homebrew/bin/git sparse-checkout disable
2025-02-24T12:04:20.5998490Z [command]/opt/homebrew/bin/git config --local --unset-all extensions.worktreeConfig
2025-02-24T12:04:20.6045590Z ##[group]Checking out the ref
2025-02-24T12:04:20.6048770Z [command]/opt/homebrew/bin/git checkout --progress --force -B main refs/remotes/origin/main
2025-02-24T12:04:20.8207110Z Switched to a new branch 'main'
2025-02-24T12:04:20.8208780Z branch 'main' set up to track 'origin/main'.
2025-02-24T12:04:20.9100850Z ##[endgroup]
2025-02-24T12:04:20.9163730Z [command]/opt/homebrew/bin/git log -1 --format=%H
2025-02-24T12:04:20.9318750Z 84e768462f20f09fbccc05625cdcc1d8ffbe404c
2025-02-24T12:04:20.9688950Z ##[group]Run if [ "false" == "true" ]; then
2025-02-24T12:04:20.9689260Z [36;1mif [ "false" == "true" ]; then[0m
2025-02-24T12:04:20.9689500Z [36;1m  echo "Using atom data sparse checkout"[0m
2025-02-24T12:04:20.9689850Z [36;1m  echo "atom_data/kurucz_cd23_chianti_H_He.h5" > .lfs-files-list[0m
2025-02-24T12:04:20.9690120Z [36;1melse[0m
2025-02-24T12:04:20.9690300Z [36;1m  echo "Using full repository checkout"[0m
2025-02-24T12:04:20.9690590Z [36;1m  git lfs ls-files -l | cut -d' ' -f1 | sort > .lfs-files-list[0m
2025-02-24T12:04:20.9690860Z [36;1mfi[0m
2025-02-24T12:04:20.9754040Z shell: /bin/bash --noprofile --norc -e -o pipefail {0}
2025-02-24T12:04:20.9754660Z env:
2025-02-24T12:04:20.9754820Z   CACHE_NUMBER: 0
2025-02-24T12:04:20.9755320Z   PYTEST_FLAGS: --tardis-regression-data=/Users/runner/work/tardis/tardis/tardis-regression-data --cov=tardis --cov-report=xml --cov-report=html --cov-append
2025-02-24T12:04:20.9756340Z   CODECOV_TOKEN: ***
2025-02-24T12:04:20.9756510Z ##[endgroup]
2025-02-24T12:04:21.0011370Z Using full repository checkout
2025-02-24T12:04:21.2738580Z ##[group]Run actions/cache/restore@v4
2025-02-24T12:04:21.2738850Z with:
2025-02-24T12:04:21.2739020Z   path: tardis-regression-data/.git/lfs
2025-02-24T12:04:21.2739630Z   key: tardis-regression-full-data-c8ff2bbb6048b3f24d3f52a1e85b013ad47e52c369a6ce4cfdeff528b659b86f-tardis-sn/tardis-regression-data-v1
2025-02-24T12:04:21.2740200Z   fail-on-cache-miss: true
2025-02-24T12:04:21.2740440Z   enableCrossOsArchive: false
2025-02-24T12:04:21.2740640Z   lookup-only: false
2025-02-24T12:04:21.2740840Z env:
2025-02-24T12:04:21.2740990Z   CACHE_NUMBER: 0
2025-02-24T12:04:21.2741550Z   PYTEST_FLAGS: --tardis-regression-data=/Users/runner/work/tardis/tardis/tardis-regression-data --cov=tardis --cov-report=xml --cov-report=html --cov-append
2025-02-24T12:04:21.2742320Z   CODECOV_TOKEN: ***
2025-02-24T12:04:21.2742500Z ##[endgroup]
2025-02-24T12:04:21.5539800Z Cache hit for: tardis-regression-full-data-c8ff2bbb6048b3f24d3f52a1e85b013ad47e52c369a6ce4cfdeff528b659b86f-tardis-sn/tardis-regression-data-v1
2025-02-24T12:04:22.7604190Z Received 33554432 of 2161656325 (1.6%), 31.9 MBs/sec
2025-02-24T12:04:23.7660370Z Received 125829120 of 2161656325 (5.8%), 59.7 MBs/sec
2025-02-24T12:04:24.7679120Z Received 192937984 of 2161656325 (8.9%), 61.1 MBs/sec
2025-02-24T12:04:25.7739710Z Received 276824064 of 2161656325 (12.8%), 65.7 MBs/sec
2025-02-24T12:04:26.7748660Z Received 377487360 of 2161656325 (17.5%), 71.7 MBs/sec
2025-02-24T12:04:27.7803630Z Received 452984832 of 2161656325 (21.0%), 71.7 MBs/sec
2025-02-24T12:04:28.7782230Z Received 511705088 of 2161656325 (23.7%), 69.5 MBs/sec
2025-02-24T12:04:29.7785940Z Received 557842432 of 2161656325 (25.8%), 66.3 MBs/sec
2025-02-24T12:04:30.7807920Z Received 645922816 of 2161656325 (29.9%), 68.2 MBs/sec
2025-02-24T12:04:31.7824740Z Received 675282944 of 2161656325 (31.2%), 64.2 MBs/sec
2025-02-24T12:04:32.7841790Z Received 754974720 of 2161656325 (34.9%), 65.3 MBs/sec
2025-02-24T12:04:33.7853670Z Received 826277888 of 2161656325 (38.2%), 65.5 MBs/sec
2025-02-24T12:04:34.7865360Z Received 922746880 of 2161656325 (42.7%), 67.5 MBs/sec
2025-02-24T12:04:35.7946320Z Received 989855744 of 2161656325 (45.8%), 67.3 MBs/sec
2025-02-24T12:04:36.7892750Z Received 1073741824 of 2161656325 (49.7%), 68.1 MBs/sec
2025-02-24T12:04:37.7902830Z Received 1140850688 of 2161656325 (52.8%), 67.9 MBs/sec
2025-02-24T12:04:38.7926480Z Received 1207959552 of 2161656325 (55.9%), 67.6 MBs/sec
2025-02-24T12:04:39.7981830Z Received 1270874112 of 2161656325 (58.8%), 67.2 MBs/sec
2025-02-24T12:04:40.7979520Z Received 1342177280 of 2161656325 (62.1%), 67.2 MBs/sec
2025-02-24T12:04:41.8100090Z Received 1405091840 of 2161656325 (65.0%), 66.9 MBs/sec
2025-02-24T12:04:42.8077670Z Received 1463812096 of 2161656325 (67.7%), 66.3 MBs/sec
2025-02-24T12:04:43.8021910Z Received 1514143744 of 2161656325 (70.0%), 65.5 MBs/sec
2025-02-24T12:04:44.8115900Z Received 1585446912 of 2161656325 (73.3%), 65.6 MBs/sec
2025-02-24T12:04:45.8042930Z Received 1644167168 of 2161656325 (76.1%), 65.2 MBs/sec
2025-02-24T12:04:46.8333540Z Received 1711276032 of 2161656325 (79.2%), 65.1 MBs/sec
2025-02-24T12:04:47.8361950Z Received 1736441856 of 2161656325 (80.3%), 63.5 MBs/sec
2025-02-24T12:04:48.8389290Z Received 1769996288 of 2161656325 (81.9%), 62.3 MBs/sec
2025-02-24T12:04:49.8410440Z Received 1845493760 of 2161656325 (85.4%), 62.7 MBs/sec
2025-02-24T12:04:50.8522880Z Received 1887436800 of 2161656325 (87.3%), 61.9 MBs/sec
2025-02-24T12:04:51.8441310Z Received 1954545664 of 2161656325 (90.4%), 61.9 MBs/sec
2025-02-24T12:04:52.8467410Z Received 2013265920 of 2161656325 (93.1%), 61.8 MBs/sec
2025-02-24T12:04:53.8479980Z Received 2084569088 of 2161656325 (96.4%), 61.9 MBs/sec
2025-02-24T12:04:54.8491840Z Received 2143289344 of 2161656325 (99.2%), 61.8 MBs/sec
2025-02-24T12:04:55.8512520Z Received 2157462021 of 2161656325 (99.8%), 60.3 MBs/sec
2025-02-24T12:04:55.9763710Z Received 2161656325 of 2161656325 (100.0%), 60.2 MBs/sec
2025-02-24T12:04:55.9833870Z Cache Size: ~2062 MB (2161656325 B)
2025-02-24T12:04:55.9845760Z [command]/opt/homebrew/bin/gtar -xf /Users/runner/work/_temp/c842bf60-5a5b-40e1-8a03-0eed30429742/cache.tzst -P -C /Users/runner/work/tardis/tardis --delay-directory-restore --use-compress-program unzstd
2025-02-24T12:05:09.5476910Z Cache restored successfully
2025-02-24T12:05:09.6440550Z Cache restored from key: tardis-regression-full-data-c8ff2bbb6048b3f24d3f52a1e85b013ad47e52c369a6ce4cfdeff528b659b86f-tardis-sn/tardis-regression-data-v1
2025-02-24T12:05:09.6711770Z ##[group]Run git lfs checkout
2025-02-24T12:05:09.6712180Z [36;1mgit lfs checkout[0m
2025-02-24T12:05:09.6841880Z shell: /bin/bash --noprofile --norc -e -o pipefail {0}
2025-02-24T12:05:09.6842220Z env:
2025-02-24T12:05:09.6842620Z   CACHE_NUMBER: 0
2025-02-24T12:05:09.6843170Z   PYTEST_FLAGS: --tardis-regression-data=/Users/runner/work/tardis/tardis/tardis-regression-data --cov=tardis --cov-report=xml --cov-report=html --cov-append
2025-02-24T12:05:09.6844590Z   CODECOV_TOKEN: ***
2025-02-24T12:05:09.6844900Z ##[endgroup]
2025-02-24T12:05:24.3690500Z Checking out LFS objects: 100% (204/204), 5.7 GB | 330 MB/s, done.
2025-02-24T12:05:39.1628310Z Prepare all required actions
2025-02-24T12:05:39.1628800Z Getting action download info
2025-02-24T12:05:39.4225840Z Download action repository 'mamba-org/setup-micromamba@v1' (SHA:4b9113af4fba0e9e1124b252dd6497a419e7396d)
2025-02-24T12:05:40.5375810Z ##[group]Run ./.github/actions/setup_env
2025-02-24T12:05:40.5376010Z with:
2025-02-24T12:05:40.5376150Z   os-label: osx-arm64
2025-02-24T12:05:40.5376350Z env:
2025-02-24T12:05:40.5376480Z   CACHE_NUMBER: 0
2025-02-24T12:05:40.5377030Z   PYTEST_FLAGS: --tardis-regression-data=/Users/runner/work/tardis/tardis/tardis-regression-data --cov=tardis --cov-report=xml --cov-report=html --cov-append
2025-02-24T12:05:40.5377610Z   CODECOV_TOKEN: ***
2025-02-24T12:05:40.5377750Z ##[endgroup]
2025-02-24T12:05:40.5395790Z ##[group]Run file_hash=$(cat conda-osx-arm64.lock | shasum -a 256 | cut -d' ' -f1)
2025-02-24T12:05:40.5396170Z [36;1mfile_hash=$(cat conda-osx-arm64.lock | shasum -a 256 | cut -d' ' -f1)[0m
2025-02-24T12:05:40.5396640Z [36;1mecho "file_hash=tardis-conda-env-osx-arm64-${file_hash}-v1" >> "${GITHUB_OUTPUT}"[0m
2025-02-24T12:05:40.5443520Z shell: /bin/bash --noprofile --norc -e -o pipefail {0}
2025-02-24T12:05:40.5443760Z env:
2025-02-24T12:05:40.5443900Z   CACHE_NUMBER: 0
2025-02-24T12:05:40.5444380Z   PYTEST_FLAGS: --tardis-regression-data=/Users/runner/work/tardis/tardis/tardis-regression-data --cov=tardis --cov-report=xml --cov-report=html --cov-append
2025-02-24T12:05:40.5444990Z   CODECOV_TOKEN: ***
2025-02-24T12:05:40.5445150Z ##[endgroup]
2025-02-24T12:05:40.6305670Z ##[group]Run mamba-org/setup-micromamba@v1
2025-02-24T12:05:40.6305880Z with:
2025-02-24T12:05:40.6306020Z   environment-file: conda-osx-arm64.lock
2025-02-24T12:05:40.6306470Z   cache-environment-key: tardis-conda-env-osx-arm64-bf0d0a4d4c847cca72476c6c68c493d56c484aada7e80de0e42c7607fcef5824-v1
2025-02-24T12:05:40.6307130Z   cache-downloads-key: tardis-conda-env-osx-arm64-bf0d0a4d4c847cca72476c6c68c493d56c484aada7e80de0e42c7607fcef5824-v1
2025-02-24T12:05:40.6307560Z   environment-name: tardis
2025-02-24T12:05:40.6307730Z   cache-environment: true
2025-02-24T12:05:40.6307910Z   cache-downloads: true
2025-02-24T12:05:40.6308050Z env:
2025-02-24T12:05:40.6308160Z   CACHE_NUMBER: 0
2025-02-24T12:05:40.6308630Z   PYTEST_FLAGS: --tardis-regression-data=/Users/runner/work/tardis/tardis/tardis-regression-data --cov=tardis --cov-report=xml --cov-report=html --cov-append
2025-02-24T12:05:40.6309280Z   CODECOV_TOKEN: ***
2025-02-24T12:05:40.6309430Z ##[endgroup]
2025-02-24T12:05:40.8609770Z Will download micromamba to /Users/runner/micromamba-bin/micromamba
2025-02-24T12:05:40.8617380Z ##[group]Install micromamba
2025-02-24T12:05:41.3554510Z micromamba installed to /Users/runner/micromamba-bin/micromamba
2025-02-24T12:05:41.3556400Z ##[endgroup]
2025-02-24T12:05:41.3557630Z Adding conda-forge to condarc channels ...
2025-02-24T12:05:41.3577860Z ##[group]Initialize micromamba for bash.
2025-02-24T12:05:41.3587090Z [command]/Users/runner/micromamba-bin/micromamba shell init -s bash -r /Users/runner/micromamba --log-level warning --rc-file /Users/runner/work/_temp/setup-micromamba/.condarc
2025-02-24T12:05:41.3778310Z Modifying RC file "/Users/runner/.bash_profile"
2025-02-24T12:05:41.3779280Z Generating config for root prefix [1m"/Users/runner/micromamba"[0m
2025-02-24T12:05:41.3780470Z Setting mamba executable to: [1m"/Users/runner/micromamba-bin/micromamba"[0m
2025-02-24T12:05:41.3780930Z Adding (or replacing) the following in your "/Users/runner/.bash_profile" file
2025-02-24T12:05:41.3781200Z 
2025-02-24T12:05:41.3781280Z # >>> mamba initialize >>>
2025-02-24T12:05:41.3781540Z # !! Contents within this block are managed by 'mamba init' !!
2025-02-24T12:05:41.3781860Z export MAMBA_EXE='/Users/runner/micromamba-bin/micromamba';
2025-02-24T12:05:41.3782160Z export MAMBA_ROOT_PREFIX='/Users/runner/micromamba';
2025-02-24T12:05:41.3782540Z __mamba_setup="$("$MAMBA_EXE" shell hook --shell bash --root-prefix "$MAMBA_ROOT_PREFIX" 2> /dev/null)"
2025-02-24T12:05:41.3783420Z if [ $? -eq 0 ]; then
2025-02-24T12:05:41.3783610Z     eval "$__mamba_setup"
2025-02-24T12:05:41.3783770Z else
2025-02-24T12:05:41.3783990Z     alias micromamba="$MAMBA_EXE"  # Fallback on help from mamba activate
2025-02-24T12:05:41.3784260Z fi
2025-02-24T12:05:41.3784400Z unset __mamba_setup
2025-02-24T12:05:41.3784560Z # <<< mamba initialize <<<
2025-02-24T12:05:41.3784670Z 
2025-02-24T12:05:41.3786420Z ##[endgroup]
2025-02-24T12:05:41.3787040Z ##[group]Restoring downloads from `/Users/runner/micromamba/pkgs` ...
2025-02-24T12:05:42.7553240Z Received 37748736 of 310594474 (12.2%), 36.0 MBs/sec
2025-02-24T12:05:43.7566670Z Received 146800640 of 310594474 (47.3%), 69.9 MBs/sec
2025-02-24T12:05:44.7686290Z Received 264241152 of 310594474 (85.1%), 83.9 MBs/sec
2025-02-24T12:05:45.1177310Z Cache Size: ~296 MB (310594474 B)
2025-02-24T12:05:45.1208050Z [command]/opt/homebrew/bin/gtar -xf /Users/runner/work/_temp/03dfac10-1e35-4886-85ce-2031c0134d99/cache.tzst -P -C /Users/runner/work/tardis/tardis --delay-directory-restore --use-compress-program unzstd
2025-02-24T12:05:45.6638660Z Cache restored successfully
2025-02-24T12:05:45.6661870Z Restored cache with key `tardis-conda-env-osx-arm64-bf0d0a4d4c847cca72476c6c68c493d56c484aada7e80de0e42c7607fcef5824-v1-osx-arm64`
2025-02-24T12:05:45.6663440Z ##[endgroup]
2025-02-24T12:05:45.6685750Z ##[group]Restoring environment `tardis` from `/Users/runner/micromamba/envs/tardis` ...
2025-02-24T12:05:45.7735410Z Received 310594474 of 310594474 (100.0%), 73.7 MBs/sec
2025-02-24T12:05:46.9144200Z Received 71303168 of 385513979 (18.5%), 67.8 MBs/sec
2025-02-24T12:05:47.9175210Z Received 201326592 of 385513979 (52.2%), 95.7 MBs/sec
2025-02-24T12:05:48.9177660Z Received 322961408 of 385513979 (83.8%), 102.5 MBs/sec
2025-02-24T12:05:49.9229990Z Received 381319675 of 385513979 (98.9%), 90.7 MBs/sec
2025-02-24T12:05:50.3413470Z Cache Size: ~368 MB (385513979 B)
2025-02-24T12:05:50.3447340Z [command]/opt/homebrew/bin/gtar -xf /Users/runner/work/_temp/473b8770-c69f-41cb-b78c-af99b94a9f29/cache.tzst -P -C /Users/runner/work/tardis/tardis --delay-directory-restore --use-compress-program unzstd
2025-02-24T12:05:50.9242630Z Received 385513979 of 385513979 (100.0%), 73.3 MBs/sec
2025-02-24T12:06:03.8737010Z Cache restored successfully
2025-02-24T12:06:03.8770010Z Restored cache with key `tardis-conda-env-osx-arm64-bf0d0a4d4c847cca72476c6c68c493d56c484aada7e80de0e42c7607fcef5824-v1-osx-arm64-tardis-args-4f53cda-root-873f6fe-bin-[object Promise]-file-bf0d0a4d4c847cca72476c6c68c493d56c484aada7e80de0e42c7607fcef5824`
2025-02-24T12:06:03.8776780Z ##[endgroup]
2025-02-24T12:06:03.8777110Z Adding environment tardis to auto-activate bash ...
2025-02-24T12:06:03.8779670Z Generating micromamba run shell.
2025-02-24T12:06:03.8792320Z ##[endgroup]
2025-02-24T12:06:03.8798200Z Set environment variables.
2025-02-24T12:06:03.8802020Z ##[group]micromamba info
2025-02-24T12:06:03.8806120Z [command]/Users/runner/micromamba-bin/micromamba info -r /Users/runner/micromamba -n tardis
2025-02-24T12:06:04.3086180Z 
2025-02-24T12:06:04.3090330Z        libmamba version : 1.5.10
2025-02-24T12:06:04.3090930Z      micromamba version : 1.5.10
2025-02-24T12:06:04.3091690Z            curl version : libcurl/8.10.1 (OpenSSL/3.3.2) SecureTransport zlib/1.3.1 zstd/1.5.6 libssh2/1.11.0 nghttp2/1.58.0
2025-02-24T12:06:04.3092890Z      libarchive version : libarchive 3.7.4 zlib/1.2.13 bz2lib/1.0.8 libzstd/1.5.6
2025-02-24T12:06:04.3093460Z        envs directories : /Users/runner/micromamba/envs
2025-02-24T12:06:04.3093850Z           package cache : /Users/runner/micromamba/pkgs
2025-02-24T12:06:04.3094280Z                           /Users/runner/.mamba/pkgs
2025-02-24T12:06:04.3094940Z             environment : tardis
2025-02-24T12:06:04.3095420Z            env location : /Users/runner/micromamba/envs/tardis
2025-02-24T12:06:04.3095860Z       user config files : /Users/runner/.mambarc
2025-02-24T12:06:04.3096370Z  populated config files : /Users/runner/work/_temp/setup-micromamba/.condarc
2025-02-24T12:06:04.3101390Z        virtual packages : __unix=0=0
2025-02-24T12:06:04.3101710Z                           __osx=14.7.2=0
2025-02-24T12:06:04.3102050Z                           __archspec=1=arm64
2025-02-24T12:06:04.3102620Z                channels : https://conda.anaconda.org/conda-forge/osx-arm64
2025-02-24T12:06:04.3103030Z                           https://conda.anaconda.org/conda-forge/noarch
2025-02-24T12:06:04.3103420Z        base environment : /Users/runner/micromamba
2025-02-24T12:06:04.3103730Z                platform : osx-arm64
2025-02-24T12:06:04.3108330Z ##[endgroup]
2025-02-24T12:06:04.3141310Z ##[group]micromamba list
2025-02-24T12:06:04.3142600Z [command]/Users/runner/micromamba-bin/micromamba list -r /Users/runner/micromamba -n tardis
2025-02-24T12:06:04.6641260Z List of packages in environment: "/Users/runner/micromamba/envs/tardis"
2025-02-24T12:06:04.6641820Z 
2025-02-24T12:06:04.6642010Z   Name                           Version              Build                    Channel    
2025-02-24T12:06:04.6643850Z ────────────────────────────────────────────────────────────────────────────────────────────
2025-02-24T12:06:04.6644290Z   alabaster                      0.7.16               pyhd8ed1ab_0             conda-forge
2025-02-24T12:06:04.6644670Z   anyio                          4.4.0                pyhd8ed1ab_0             conda-forge
2025-02-24T12:06:04.6645010Z   appnope                        0.1.4                pyhd8ed1ab_0             conda-forge
2025-02-24T12:06:04.6645370Z   argon2-cffi                    23.1.0               pyhd8ed1ab_0             conda-forge
2025-02-24T12:06:04.6645810Z   argon2-cffi-bindings           21.2.0               py312h02f2b3b_4          conda-forge
2025-02-24T12:06:04.6646170Z   arrow                          1.3.0                pyhd8ed1ab_0             conda-forge
2025-02-24T12:06:04.6646500Z   astropy                        6.1.1                py312hbebd99a_0          conda-forge
2025-02-24T12:06:04.6647010Z   astropy-iers-data              0.2024.6.17.0.31.35  pyhd8ed1ab_0             conda-forge
2025-02-24T12:06:04.6647430Z   astropy-sphinx-theme           1.1                  pyhd8ed1ab_0             conda-forge
2025-02-24T12:06:04.6647910Z   asttokens                      2.4.1                pyhd8ed1ab_0             conda-forge
2025-02-24T12:06:04.6648340Z   async-lru                      2.0.4                pyhd8ed1ab_0             conda-forge
2025-02-24T12:06:04.6650090Z   atk-1.0                        2.38.0               hd03087b_2               conda-forge
2025-02-24T12:06:04.6650970Z   attrs                          23.2.0               pyh71513ae_0             conda-forge
2025-02-24T12:06:04.6651280Z   babel                          2.14.0               pyhd8ed1ab_0             conda-forge
2025-02-24T12:06:04.6651680Z   beautifulsoup4                 4.12.3               pyha770c72_0             conda-forge
2025-02-24T12:06:04.6652060Z   bleach                         6.1.0                pyhd8ed1ab_0             conda-forge
2025-02-24T12:06:04.6652470Z   blosc                          1.21.5               h9c252e8_1               conda-forge
2025-02-24T12:06:04.6652890Z   brotli                         1.1.0                hb547adb_1               conda-forge
2025-02-24T12:06:04.6653190Z   brotli-bin                     1.1.0                hb547adb_1               conda-forge
2025-02-24T12:06:04.6653560Z   brotli-python                  1.1.0                py312h9f69965_1          conda-forge
2025-02-24T12:06:04.6653870Z   bzip2                          1.0.8                h93a5062_5               conda-forge
2025-02-24T12:06:04.6654550Z   c-ares                         1.28.1               h93a5062_0               conda-forge
2025-02-24T12:06:04.6655020Z   c-blosc2                       2.14.4               ha57e6be_1               conda-forge
2025-02-24T12:06:04.6655510Z   ca-certificates                2024.6.2             hf0a4a13_0               conda-forge
2025-02-24T12:06:04.6655900Z   cached-property                1.5.2                hd8ed1ab_1               conda-forge
2025-02-24T12:06:04.6656670Z   cached_property                1.5.2                pyha770c72_1             conda-forge
2025-02-24T12:06:04.6657070Z   cairo                          1.18.0               hd1e100b_0               conda-forge
2025-02-24T12:06:04.6657560Z   certifi                        2024.6.2             pyhd8ed1ab_0             conda-forge
2025-02-24T12:06:04.6658070Z   cffi                           1.16.0               py312h8e38eb3_0          conda-forge
2025-02-24T12:06:04.6658550Z   charset-normalizer             3.3.2                pyhd8ed1ab_0             conda-forge
2025-02-24T12:06:04.6658910Z   click                          8.1.7                unix_pyh707e725_0        conda-forge
2025-02-24T12:06:04.6659280Z   codespell                      2.3.0                pyhd8ed1ab_0             conda-forge
2025-02-24T12:06:04.6659870Z   colorama                       0.4.6                pyhd8ed1ab_0             conda-forge
2025-02-24T12:06:04.6660310Z   comm                           0.2.2                pyhd8ed1ab_0             conda-forge
2025-02-24T12:06:04.6660970Z   commonmark                     0.9.1                py_0                     conda-forge
2025-02-24T12:06:04.6661390Z   contourpy                      1.2.1                py312h0fef576_0          conda-forge
2025-02-24T12:06:04.6661820Z   coverage                       7.5.3                py312h7e5086c_0          conda-forge
2025-02-24T12:06:04.6662230Z   cycler                         0.12.1               pyhd8ed1ab_0             conda-forge
2025-02-24T12:06:04.6662650Z   dataclasses                    0.8                  pyhc8e2a94_3             conda-forge
2025-02-24T12:06:04.6663150Z   debugpy                        1.8.1                py312h20a0b95_0          conda-forge
2025-02-24T12:06:04.6663540Z   decorator                      5.1.1                pyhd8ed1ab_0             conda-forge
2025-02-24T12:06:04.6664010Z   defusedxml                     0.7.1                pyhd8ed1ab_0             conda-forge
2025-02-24T12:06:04.6664490Z   docutils                       0.20.1               py312h81bd7bf_3          conda-forge
2025-02-24T12:06:04.6664840Z   dot2tex                        2.11.3               pyhd8ed1ab_0             conda-forge
2025-02-24T12:06:04.6665340Z   entrypoints                    0.4                  pyhd8ed1ab_0             conda-forge
2025-02-24T12:06:04.6665830Z   exceptiongroup                 1.2.0                pyhd8ed1ab_2             conda-forge
2025-02-24T12:06:04.6666370Z   executing                      2.0.1                pyhd8ed1ab_0             conda-forge
2025-02-24T12:06:04.6667270Z   expat                          2.6.2                hebf3989_0               conda-forge
2025-02-24T12:06:04.6667880Z   font-ttf-dejavu-sans-mono      2.37                 hab24e00_0               conda-forge
2025-02-24T12:06:04.6668430Z   font-ttf-inconsolata           3.000                h77eed37_0               conda-forge
2025-02-24T12:06:04.6668930Z   font-ttf-source-code-pro       2.038                h77eed37_0               conda-forge
2025-02-24T12:06:04.6669630Z   font-ttf-ubuntu                0.83                 h77eed37_2               conda-forge
2025-02-24T12:06:04.6669990Z   fontconfig                     2.14.2               h82840c6_0               conda-forge
2025-02-24T12:06:04.6670330Z   fonts-conda-ecosystem          1                    0                        conda-forge
2025-02-24T12:06:04.6670700Z   fonts-conda-forge              1                    0                        conda-forge
2025-02-24T12:06:04.6671050Z   fonttools                      4.53.0               py312h7e5086c_0          conda-forge
2025-02-24T12:06:04.6671370Z   fqdn                           1.5.1                pyhd8ed1ab_0             conda-forge
2025-02-24T12:06:04.6671680Z   freetype                       2.12.1               hadb7bae_2               conda-forge
2025-02-24T12:06:04.6671980Z   fribidi                        1.0.10               h27ca646_0               conda-forge
2025-02-24T12:06:04.6672490Z   future                         1.0.0                pyhd8ed1ab_0             conda-forge
2025-02-24T12:06:04.6672800Z   gdk-pixbuf                     2.42.12              h7ddc832_0               conda-forge
2025-02-24T12:06:04.6673180Z   gettext                        0.22.5               h8fbad5d_2               conda-forge
2025-02-24T12:06:04.6673910Z   gettext-tools                  0.22.5               h8fbad5d_2               conda-forge
2025-02-24T12:06:04.6674660Z   giflib                         5.2.2                h93a5062_0               conda-forge
2025-02-24T12:06:04.6675050Z   git-lfs                        3.5.1                hce30654_0               conda-forge
2025-02-24T12:06:04.6675450Z   gmp                            6.3.0                hebf3989_1               conda-forge
2025-02-24T12:06:04.6675840Z   gmpy2                          2.1.5                py312hfa9fade_1          conda-forge
2025-02-24T12:06:04.6676230Z   graphite2                      1.3.13               hebf3989_1003            conda-forge
2025-02-24T12:06:04.6676680Z   graphviz                       11.0.0               h9bb9bc9_0               conda-forge
2025-02-24T12:06:04.6676980Z   gtk2                           2.24.33              h7895bb2_4               conda-forge
2025-02-24T12:06:04.6677250Z   gts                            0.7.6                he42f4ea_4               conda-forge
2025-02-24T12:06:04.6677530Z   h11                            0.14.0               pyhd8ed1ab_0             conda-forge
2025-02-24T12:06:04.6677800Z   h2                             4.1.0                pyhd8ed1ab_0             conda-forge
2025-02-24T12:06:04.6678080Z   h5py                           3.11.0               nompi_py312h903599c_102  conda-forge
2025-02-24T12:06:04.6678460Z   harfbuzz                       8.5.0                h1836168_0               conda-forge
2025-02-24T12:06:04.6678780Z   hdf5                           1.14.3               nompi_hec07895_105       conda-forge
2025-02-24T12:06:04.6679140Z   hpack                          4.0.0                pyh9f0ad1d_0             conda-forge
2025-02-24T12:06:04.6679800Z   httpcore                       1.0.5                pyhd8ed1ab_0             conda-forge
2025-02-24T12:06:04.6680160Z   httpx                          0.27.0               pyhd8ed1ab_0             conda-forge
2025-02-24T12:06:04.6680560Z   hyperframe                     6.0.1                pyhd8ed1ab_0             conda-forge
2025-02-24T12:06:04.6680890Z   icu                            73.2                 hc8870d7_0               conda-forge
2025-02-24T12:06:04.6681500Z   idna                           3.7                  pyhd8ed1ab_0             conda-forge
2025-02-24T12:06:04.6681910Z   imagesize                      1.4.1                pyhd8ed1ab_0             conda-forge
2025-02-24T12:06:04.6682340Z   importlib-metadata             7.1.0                pyha770c72_0             conda-forge
2025-02-24T12:06:04.6683840Z   importlib_metadata             7.1.0                hd8ed1ab_0               conda-forge
2025-02-24T12:06:04.6684340Z   importlib_resources            6.4.0                pyhd8ed1ab_0             conda-forge
2025-02-24T12:06:04.6684760Z   iniconfig                      2.0.0                pyhd8ed1ab_0             conda-forge
2025-02-24T12:06:04.6685080Z   ipykernel                      6.29.4               pyh57ce528_0             conda-forge
2025-02-24T12:06:04.6685380Z   ipython                        8.25.0               pyh707e725_0             conda-forge
2025-02-24T12:06:04.6685700Z   ipython_genutils               0.2.0                pyhd8ed1ab_1             conda-forge
2025-02-24T12:06:04.6686100Z   ipywidgets                     7.8.0                pyhd8ed1ab_0             conda-forge
2025-02-24T12:06:04.6686500Z   isoduration                    20.11.0              pyhd8ed1ab_0             conda-forge
2025-02-24T12:06:04.6686870Z   jedi                           0.19.1               pyhd8ed1ab_0             conda-forge
2025-02-24T12:06:04.6687590Z   jinja2                         3.1.4                pyhd8ed1ab_0             conda-forge
2025-02-24T12:06:04.6687960Z   json5                          0.9.25               pyhd8ed1ab_0             conda-forge
2025-02-24T12:06:04.6688390Z   jsonpointer                    3.0.0                py312h81bd7bf_0          conda-forge
2025-02-24T12:06:04.6688750Z   jsonschema                     4.22.0               pyhd8ed1ab_0             conda-forge
2025-02-24T12:06:04.6689210Z   jsonschema-specifications      2023.12.1            pyhd8ed1ab_0             conda-forge
2025-02-24T12:06:04.6689710Z   jsonschema-with-format-nongpl  4.22.0               pyhd8ed1ab_0             conda-forge
2025-02-24T12:06:04.6690140Z   jupyter-lsp                    2.2.5                pyhd8ed1ab_0             conda-forge
2025-02-24T12:06:04.6690560Z   jupyter_client                 8.6.2                pyhd8ed1ab_0             conda-forge
2025-02-24T12:06:04.6690940Z   jupyter_core                   5.7.2                py312h81bd7bf_0          conda-forge
2025-02-24T12:06:04.6691360Z   jupyter_events                 0.10.0               pyhd8ed1ab_0             conda-forge
2025-02-24T12:06:04.6691750Z   jupyter_server                 2.14.1               pyhd8ed1ab_0             conda-forge
2025-02-24T12:06:04.6692270Z   jupyter_server_terminals       0.5.3                pyhd8ed1ab_0             conda-forge
2025-02-24T12:06:04.6692810Z   jupyterlab                     4.2.2                pyhd8ed1ab_0             conda-forge
2025-02-24T12:06:04.6693250Z   jupyterlab_pygments            0.3.0                pyhd8ed1ab_1             conda-forge
2025-02-24T12:06:04.6693730Z   jupyterlab_server              2.27.2               pyhd8ed1ab_0             conda-forge
2025-02-24T12:06:04.6694170Z   jupyterlab_widgets             1.1.7                pyhd8ed1ab_0             conda-forge
2025-02-24T12:06:04.6694590Z   kiwisolver                     1.4.5                py312h389731b_1          conda-forge
2025-02-24T12:06:04.6694920Z   krb5                           1.21.2               h92f50d5_0               conda-forge
2025-02-24T12:06:04.6695260Z   latexcodec                     2.0.1                pyh9f0ad1d_0             conda-forge
2025-02-24T12:06:04.6695660Z   lcms2                          2.16                 ha0e7c42_0               conda-forge
2025-02-24T12:06:04.6695980Z   lerc                           4.0.0                h9a09cb3_0               conda-forge
2025-02-24T12:06:04.6696350Z   libaec                         1.1.3                hebf3989_0               conda-forge
2025-02-24T12:06:04.6696880Z   libasprintf                    0.22.5               h8fbad5d_2               conda-forge
2025-02-24T12:06:04.6697270Z   libasprintf-devel              0.22.5               h8fbad5d_2               conda-forge
2025-02-24T12:06:04.6697630Z   libblas                        3.9.0                22_osxarm64_openblas     conda-forge
2025-02-24T12:06:04.6698000Z   libbrotlicommon                1.1.0                hb547adb_1               conda-forge
2025-02-24T12:06:04.6698330Z   libbrotlidec                   1.1.0                hb547adb_1               conda-forge
2025-02-24T12:06:04.6698640Z   libbrotlienc                   1.1.0                hb547adb_1               conda-forge
2025-02-24T12:06:04.6699040Z   libcblas                       3.9.0                22_osxarm64_openblas     conda-forge
2025-02-24T12:06:04.6699380Z   libcurl                        8.8.0                h7b6f9a7_0               conda-forge
2025-02-24T12:06:04.6699780Z   libcxx                         17.0.6               h5f092b4_0               conda-forge
2025-02-24T12:06:04.6700170Z   libdeflate                     1.20                 h93a5062_0               conda-forge
2025-02-24T12:06:04.6700560Z   libedit                        3.1.20191231         hc8eb9b7_2               conda-forge
2025-02-24T12:06:04.6700940Z   libev                          4.33                 h93a5062_2               conda-forge
2025-02-24T12:06:04.6701350Z   libexpat                       2.6.2                hebf3989_0               conda-forge
2025-02-24T12:06:04.6701690Z   libffi                         3.4.2                h3422bc3_5               conda-forge
2025-02-24T12:06:04.6702000Z   libgd                          2.3.3                hfdf3952_9               conda-forge
2025-02-24T12:06:04.6702350Z   libgettextpo                   0.22.5               h8fbad5d_2               conda-forge
2025-02-24T12:06:04.6702760Z   libgettextpo-devel             0.22.5               h8fbad5d_2               conda-forge
2025-02-24T12:06:04.6703160Z   libgfortran                    5.0.0                13_2_0_hd922786_3        conda-forge
2025-02-24T12:06:04.6703520Z   libgfortran5                   13.2.0               hf226fd6_3               conda-forge
2025-02-24T12:06:04.6703950Z   libglib                        2.80.2               h59d46d9_1               conda-forge
2025-02-24T12:06:04.6704290Z   libiconv                       1.17                 h0d3ecfb_2               conda-forge
2025-02-24T12:06:04.6704690Z   libintl                        0.22.5               h8fbad5d_2               conda-forge
2025-02-24T12:06:04.6705090Z   libintl-devel                  0.22.5               h8fbad5d_2               conda-forge
2025-02-24T12:06:04.6705460Z   libjpeg-turbo                  3.0.0                hb547adb_1               conda-forge
2025-02-24T12:06:04.6705860Z   liblapack                      3.9.0                22_osxarm64_openblas     conda-forge
2025-02-24T12:06:04.6706360Z   libllvm14                      14.0.6               hd1a9a77_4               conda-forge
2025-02-24T12:06:04.6706830Z   libnghttp2                     1.58.0               ha4dd798_1               conda-forge
2025-02-24T12:06:04.6707260Z   libopenblas                    0.3.27               openmp_h6c19121_0        conda-forge
2025-02-24T12:06:04.6707690Z   libpng                         1.6.43               h091b4b1_0               conda-forge
2025-02-24T12:06:04.6708070Z   librsvg                        2.58.1               hbc281fb_0               conda-forge
2025-02-24T12:06:04.6708370Z   libsodium                      1.0.18               h27ca646_1               conda-forge
2025-02-24T12:06:04.6708730Z   libsqlite                      3.46.0               hfb93653_0               conda-forge
2025-02-24T12:06:04.6709020Z   libssh2                        1.11.0               h7a5bd25_0               conda-forge
2025-02-24T12:06:04.6709380Z   libtiff                        4.6.0                h07db509_3               conda-forge
2025-02-24T12:06:04.6709920Z   libwebp                        1.4.0                h54798ee_0               conda-forge
2025-02-24T12:06:04.6710310Z   libwebp-base                   1.4.0                h93a5062_0               conda-forge
2025-02-24T12:06:04.6710690Z   libxcb                         1.16                 hf2054a2_0               conda-forge
2025-02-24T12:06:04.6711010Z   libxml2                        2.12.7               ha661575_1               conda-forge
2025-02-24T12:06:04.6711490Z   libxslt                        1.1.39               h223e5b9_0               conda-forge
2025-02-24T12:06:04.6711870Z   libzlib                        1.3.1                hfb2fe0b_1               conda-forge
2025-02-24T12:06:04.6712210Z   llvm-openmp                    18.1.7               hde57baf_0               conda-forge
2025-02-24T12:06:04.6712560Z   llvmlite                       0.42.0               py312h17030e7_1          conda-forge
2025-02-24T12:06:04.6712890Z   lxml                           5.2.2                py312h0e5ab22_0          conda-forge
2025-02-24T12:06:04.6713240Z   lz4-c                          1.9.4                hb7217d7_0               conda-forge
2025-02-24T12:06:04.6713570Z   markupsafe                     2.1.5                py312he37b823_0          conda-forge
2025-02-24T12:06:04.6713970Z   matplotlib-base                3.8.4                py312h4479663_2          conda-forge
2025-02-24T12:06:04.6714530Z   matplotlib-inline              0.1.7                pyhd8ed1ab_0             conda-forge
2025-02-24T12:06:04.6714940Z   mistune                        3.0.2                pyhd8ed1ab_0             conda-forge
2025-02-24T12:06:04.6715290Z   mpc                            1.3.1                h91ba8db_0               conda-forge
2025-02-24T12:06:04.6715600Z   mpfr                           4.2.1                h41d338b_1               conda-forge
2025-02-24T12:06:04.6715920Z   mpmath                         1.3.0                pyhd8ed1ab_0             conda-forge
2025-02-24T12:06:04.6716220Z   munkres                        1.1.4                pyh9f0ad1d_0             conda-forge
2025-02-24T12:06:04.6716530Z   mypy_extensions                1.0.0                pyha770c72_0             conda-forge
2025-02-24T12:06:04.6716840Z   nbclassic                      1.1.0                pyhd8ed1ab_0             conda-forge
2025-02-24T12:06:04.6717140Z   nbclient                       0.10.0               pyhd8ed1ab_0             conda-forge
2025-02-24T12:06:04.6717450Z   nbconvert                      7.16.4               hd8ed1ab_1               conda-forge
2025-02-24T12:06:04.6717770Z   nbconvert-core                 7.16.4               pyhd8ed1ab_1             conda-forge
2025-02-24T12:06:04.6718100Z   nbconvert-pandoc               7.16.4               hd8ed1ab_1               conda-forge
2025-02-24T12:06:04.6718420Z   nbformat                       5.10.4               pyhd8ed1ab_0             conda-forge
2025-02-24T12:06:04.6718720Z   nbsphinx                       0.9.4                pyhd8ed1ab_0             conda-forge
2025-02-24T12:06:04.6719010Z   ncurses                        6.5                  hb89a1cb_0               conda-forge
2025-02-24T12:06:04.6719310Z   nest-asyncio                   1.6.0                pyhd8ed1ab_0             conda-forge
2025-02-24T12:06:04.6719620Z   networkx                       3.3                  pyhd8ed1ab_1             conda-forge
2025-02-24T12:06:04.6719920Z   notebook                       7.2.1                pyhd8ed1ab_0             conda-forge
2025-02-24T12:06:04.6720230Z   notebook-shim                  0.2.4                pyhd8ed1ab_0             conda-forge
2025-02-24T12:06:04.6720690Z   numba                          0.59.1               py312hbaff935_0          conda-forge
2025-02-24T12:06:04.6721130Z   numexpr                        2.10.0               py312h8ae5369_0          conda-forge
2025-02-24T12:06:04.6723410Z   numpy                          1.26.4               py312h8442bc7_0          conda-forge
2025-02-24T12:06:04.6724180Z   numpydoc                       1.7.0                pyhd8ed1ab_1             conda-forge
2025-02-24T12:06:04.6724490Z   openjpeg                       2.5.2                h9f1df11_0               conda-forge
2025-02-24T12:06:04.6724800Z   openssl                        3.3.1                hfb2fe0b_0               conda-forge
2025-02-24T12:06:04.6725150Z   overrides                      7.7.0                pyhd8ed1ab_0             conda-forge
2025-02-24T12:06:04.6725500Z   packaging                      24.1                 pyhd8ed1ab_0             conda-forge
2025-02-24T12:06:04.6725820Z   pandas                         2.2.2                py312h8ae5369_1          conda-forge
2025-02-24T12:06:04.6726140Z   pandoc                         3.2                  hce30654_0               conda-forge
2025-02-24T12:06:04.6726570Z   pandocfilters                  1.5.0                pyhd8ed1ab_0             conda-forge
2025-02-24T12:06:04.6726940Z   pango                          1.54.0               h5cb9fbc_0               conda-forge
2025-02-24T12:06:04.6727290Z   parso                          0.8.4                pyhd8ed1ab_0             conda-forge
2025-02-24T12:06:04.6727630Z   pathspec                       0.12.1               pyhd8ed1ab_0             conda-forge
2025-02-24T12:06:04.6727960Z   pbr                            6.0.0                pyhd8ed1ab_0             conda-forge
2025-02-24T12:06:04.6728460Z   pcre2                          10.44                h297a79d_0               conda-forge
2025-02-24T12:06:04.6728770Z   pexpect                        4.9.0                pyhd8ed1ab_0             conda-forge
2025-02-24T12:06:04.6729080Z   pickleshare                    0.7.5                py_1003                  conda-forge
2025-02-24T12:06:04.6729390Z   pillow                         10.3.0               py312h39b1d8d_1          conda-forge
2025-02-24T12:06:04.6729680Z   pip                            24.0                 pyhd8ed1ab_0             conda-forge
2025-02-24T12:06:04.6729970Z   pixman                         0.43.4               hebf3989_0               conda-forge
2025-02-24T12:06:04.6730290Z   pkgutil-resolve-name           1.3.10               pyhd8ed1ab_1             conda-forge
2025-02-24T12:06:04.6730640Z   platformdirs                   4.2.2                pyhd8ed1ab_0             conda-forge
2025-02-24T12:06:04.6730940Z   plotly                         5.22.0               pyhd8ed1ab_0             conda-forge
2025-02-24T12:06:04.6731230Z   pluggy                         1.5.0                pyhd8ed1ab_0             conda-forge
2025-02-24T12:06:04.6731550Z   prometheus_client              0.20.0               pyhd8ed1ab_0             conda-forge
2025-02-24T12:06:04.6731890Z   prompt-toolkit                 3.0.47               pyha770c72_0             conda-forge
2025-02-24T12:06:04.6732190Z   psutil                         5.9.8                py312he37b823_0          conda-forge
2025-02-24T12:06:04.6732500Z   pthread-stubs                  0.4                  h27ca646_1001            conda-forge
2025-02-24T12:06:04.6732810Z   ptyprocess                     0.7.0                pyhd3deb0d_0             conda-forge
2025-02-24T12:06:04.6733130Z   pure_eval                      0.2.2                pyhd8ed1ab_0             conda-forge
2025-02-24T12:06:04.6733440Z   py-cpuinfo                     9.0.0                pyhd8ed1ab_0             conda-forge
2025-02-24T12:06:04.6733740Z   pybtex                         0.24.0               pyhd8ed1ab_2             conda-forge
2025-02-24T12:06:04.6734060Z   pybtex-docutils                1.0.3                py312h81bd7bf_1          conda-forge
2025-02-24T12:06:04.6734470Z   pycparser                      2.22                 pyhd8ed1ab_0             conda-forge
2025-02-24T12:06:04.6734920Z   pyerfa                         2.0.1.4              py312hbebd99a_1          conda-forge
2025-02-24T12:06:04.6735270Z   pygments                       2.18.0               pyhd8ed1ab_0             conda-forge
2025-02-24T12:06:04.6736010Z   pygraphviz                     1.13                 py312h5f4d302_1          conda-forge
2025-02-24T12:06:04.6736410Z   pyobjc-core                    10.3.1               py312hbb55c70_0          conda-forge
2025-02-24T12:06:04.6737240Z   pyobjc-framework-cocoa         10.3.1               py312hbb55c70_0          conda-forge
2025-02-24T12:06:04.6737830Z   pyparsing                      3.1.2                pyhd8ed1ab_0             conda-forge
2025-02-24T12:06:04.6738450Z   pysocks                        1.7.1                pyha2e5f31_6             conda-forge
2025-02-24T12:06:04.6739060Z   pytables                       3.9.2                py312hb622ae1_2          conda-forge
2025-02-24T12:06:04.6739470Z   pytest                         8.2.2                pyhd8ed1ab_0             conda-forge
2025-02-24T12:06:04.6739960Z   pytest-cov                     5.0.0                pyhd8ed1ab_0             conda-forge
2025-02-24T12:06:04.6740310Z   pytest-doctestplus             1.2.1                pyhd8ed1ab_0             conda-forge
2025-02-24T12:06:04.6740710Z   pytest-html                    4.1.1                pyhd8ed1ab_0             conda-forge
2025-02-24T12:06:04.6741040Z   pytest-metadata                3.1.1                pyhd8ed1ab_0             conda-forge
2025-02-24T12:06:04.6741440Z   python                         3.12.4               h30c5eda_0_cpython       conda-forge
2025-02-24T12:06:04.6748550Z   python-dateutil                2.9.0                pyhd8ed1ab_0             conda-forge
2025-02-24T12:06:04.6748940Z   python-fastjsonschema          2.20.0               pyhd8ed1ab_0             conda-forge
2025-02-24T12:06:04.6749300Z   python-json-logger             2.0.7                pyhd8ed1ab_0             conda-forge
2025-02-24T12:06:04.6749630Z   python-tzdata                  2024.1               pyhd8ed1ab_0             conda-forge
2025-02-24T12:06:04.6749940Z   python_abi                     3.12                 4_cp312                  conda-forge
2025-02-24T12:06:04.6750240Z   pytz                           2024.1               pyhd8ed1ab_0             conda-forge
2025-02-24T12:06:04.6750520Z   pyyaml                         6.0.1                py312h02f2b3b_1          conda-forge
2025-02-24T12:06:04.6750810Z   pyzmq                          26.0.3               py312hfa13136_0          conda-forge
2025-02-24T12:06:04.6751090Z   qgrid                          1.3.1                pyhd8ed1ab_4             conda-forge
2025-02-24T12:06:04.6751410Z   radioactivedecay               0.5.1                pyhd8ed1ab_0             conda-forge
2025-02-24T12:06:04.6751720Z   readline                       8.2                  h92ec313_1               conda-forge
2025-02-24T12:06:04.6752030Z   recommonmark                   0.7.1                pyhd8ed1ab_0             conda-forge
2025-02-24T12:06:04.6752350Z   referencing                    0.35.1               pyhd8ed1ab_0             conda-forge
2025-02-24T12:06:04.6752660Z   requests                       2.32.3               pyhd8ed1ab_0             conda-forge
2025-02-24T12:06:04.6752980Z   rfc3339-validator              0.1.4                pyhd8ed1ab_0             conda-forge
2025-02-24T12:06:04.6753320Z   rfc3986-validator              0.1.1                pyh9f0ad1d_0             conda-forge
2025-02-24T12:06:04.6753640Z   rpds-py                        0.18.1               py312h552d48e_0          conda-forge
2025-02-24T12:06:04.6753920Z   ruff                           0.4.9                py312h3402d49_0          conda-forge
2025-02-24T12:06:04.6754200Z   scipy                          1.13.1               py312h14ffa8f_0          conda-forge
2025-02-24T12:06:04.6754510Z   send2trash                     1.8.3                pyh31c8845_0             conda-forge
2025-02-24T12:06:04.6754820Z   setuptools                     70.0.0               pyhd8ed1ab_0             conda-forge
2025-02-24T12:06:04.6755140Z   setuptools-scm                 8.1.0                pyhd8ed1ab_0             conda-forge
2025-02-24T12:06:04.6755590Z   setuptools_scm                 8.1.0                hd8ed1ab_0               conda-forge
2025-02-24T12:06:04.6755890Z   six                            1.16.0               pyh6c4a22f_0             conda-forge
2025-02-24T12:06:04.6756190Z   snakeviz                       2.2.0                pyhd8ed1ab_0             conda-forge
2025-02-24T12:06:04.6756480Z   snappy                         1.2.0                hd04f947_1               conda-forge
2025-02-24T12:06:04.6756770Z   sniffio                        1.3.1                pyhd8ed1ab_0             conda-forge
2025-02-24T12:06:04.6757090Z   snowballstemmer                2.2.0                pyhd8ed1ab_0             conda-forge
2025-02-24T12:06:04.6757410Z   soupsieve                      2.5                  pyhd8ed1ab_1             conda-forge
2025-02-24T12:06:04.6757700Z   sphinx                         7.3.7                pyhd8ed1ab_0             conda-forge
2025-02-24T12:06:04.6758010Z   sphinx-astropy                 1.9.1                pyhd8ed1ab_0             conda-forge
2025-02-24T12:06:04.6758370Z   sphinx-automodapi              0.17.0               pyh717bed2_1             conda-forge
2025-02-24T12:06:04.6758700Z   sphinx-gallery                 0.16.0               pyhd8ed1ab_0             conda-forge
2025-02-24T12:06:04.6759040Z   sphinx-jsonschema              1.19.1               pyhd8ed1ab_0             conda-forge
2025-02-24T12:06:04.6759490Z   sphinx_bootstrap_theme         0.8.1                pyhd8ed1ab_0             conda-forge
2025-02-24T12:06:04.6759840Z   sphinx_rtd_theme               2.0.0                pyha770c72_0             conda-forge
2025-02-24T12:06:04.6760180Z   sphinxcontrib-apidoc           0.3.0                py_1                     conda-forge
2025-02-24T12:06:04.6760570Z   sphinxcontrib-applehelp        1.0.8                pyhd8ed1ab_0             conda-forge
2025-02-24T12:06:04.6760960Z   sphinxcontrib-bibtex           2.6.2                pyhd8ed1ab_0             conda-forge
2025-02-24T12:06:04.6761330Z   sphinxcontrib-devhelp          1.0.6                pyhd8ed1ab_0             conda-forge
2025-02-24T12:06:04.6761700Z   sphinxcontrib-htmlhelp         2.0.5                pyhd8ed1ab_0             conda-forge
2025-02-24T12:06:04.6762060Z   sphinxcontrib-jquery           4.1                  pyhd8ed1ab_0             conda-forge
2025-02-24T12:06:04.6762420Z   sphinxcontrib-jsmath           1.0.1                pyhd8ed1ab_0             conda-forge
2025-02-24T12:06:04.6762780Z   sphinxcontrib-qthelp           1.0.7                pyhd8ed1ab_0             conda-forge
2025-02-24T12:06:04.6763180Z   sphinxcontrib-serializinghtml  1.1.10               pyhd8ed1ab_0             conda-forge
2025-02-24T12:06:04.6763550Z   stack_data                     0.6.2                pyhd8ed1ab_0             conda-forge
2025-02-24T12:06:04.6763850Z   sympy                          1.12.1               pypyh2585a3b_103         conda-forge
2025-02-24T12:06:04.6764140Z   tabulate                       0.9.0                pyhd8ed1ab_1             conda-forge
2025-02-24T12:06:04.6764450Z   tenacity                       8.4.1                pyhd8ed1ab_0             conda-forge
2025-02-24T12:06:04.6764750Z   terminado                      0.18.1               pyh31c8845_0             conda-forge
2025-02-24T12:06:04.6765050Z   tinycss2                       1.3.0                pyhd8ed1ab_0             conda-forge
2025-02-24T12:06:04.6765420Z   tk                             8.6.13               h5083fa2_1               conda-forge
2025-02-24T12:06:04.6765700Z   toml                           0.10.2               pyhd8ed1ab_0             conda-forge
2025-02-24T12:06:04.6765990Z   tomli                          2.0.1                pyhd8ed1ab_0             conda-forge
2025-02-24T12:06:04.6766280Z   tornado                        6.4.1                py312h7e5086c_0          conda-forge
2025-02-24T12:06:04.6766570Z   tqdm                           4.66.4               pyhd8ed1ab_0             conda-forge
2025-02-24T12:06:04.6766980Z   traitlets                      5.14.3               pyhd8ed1ab_0             conda-forge
2025-02-24T12:06:04.6767280Z   typed-ast                      1.5.5                py312h02f2b3b_1          conda-forge
2025-02-24T12:06:04.6767630Z   types-python-dateutil          2.9.0.20240316       pyhd8ed1ab_0             conda-forge
2025-02-24T12:06:04.6767990Z   typing-extensions              4.12.2               hd8ed1ab_0               conda-forge
2025-02-24T12:06:04.6768340Z   typing_extensions              4.12.2               pyha770c72_0             conda-forge
2025-02-24T12:06:04.6768670Z   typing_utils                   0.1.0                pyhd8ed1ab_0             conda-forge
2025-02-24T12:06:04.6768980Z   tzdata                         2024a                h0c530f3_0               conda-forge
2025-02-24T12:06:04.6769280Z   uri-template                   1.3.0                pyhd8ed1ab_0             conda-forge
2025-02-24T12:06:04.6769610Z   urllib3                        2.2.2                pyhd8ed1ab_0             conda-forge
2025-02-24T12:06:04.6769910Z   wcwidth                        0.2.13               pyhd8ed1ab_0             conda-forge
2025-02-24T12:06:04.6770220Z   webcolors                      24.6.0               pyhd8ed1ab_0             conda-forge
2025-02-24T12:06:04.6770530Z   webencodings                   0.5.1                pyhd8ed1ab_2             conda-forge
2025-02-24T12:06:04.6770860Z   websocket-client               1.8.0                pyhd8ed1ab_0             conda-forge
2025-02-24T12:06:04.6771270Z   wheel                          0.43.0               pyhd8ed1ab_1             conda-forge
2025-02-24T12:06:04.6771600Z   widgetsnbextension             3.6.6                pyhd8ed1ab_0             conda-forge
2025-02-24T12:06:04.6771920Z   xorg-libxau                    1.0.11               hb547adb_0               conda-forge
2025-02-24T12:06:04.6772230Z   xorg-libxdmcp                  1.1.3                h27ca646_0               conda-forge
2025-02-24T12:06:04.6772520Z   xz                             5.2.6                h57fd34a_0               conda-forge
2025-02-24T12:06:04.6772800Z   yaml                           0.2.5                h3422bc3_2               conda-forge
2025-02-24T12:06:04.6773080Z   zeromq                         4.3.5                hcc0f68c_4               conda-forge
2025-02-24T12:06:04.6773380Z   zipp                           3.19.2               pyhd8ed1ab_0             conda-forge
2025-02-24T12:06:04.6773670Z   zlib                           1.3.1                hfb2fe0b_1               conda-forge
2025-02-24T12:06:04.6773950Z   zlib-ng                        2.0.7                h1a8c8d9_0               conda-forge
2025-02-24T12:06:04.6774220Z   zstd                           1.5.6                hb46c0d2_0               conda-forge
2025-02-24T12:06:04.6774680Z ##[endgroup]
2025-02-24T12:06:04.6835590Z ##[group]Run pip install -e . --user
2025-02-24T12:06:04.6835840Z [36;1mpip install -e . --user[0m
2025-02-24T12:06:04.7067350Z shell: /bin/bash -l {0}
2025-02-24T12:06:04.7067560Z env:
2025-02-24T12:06:04.7067700Z   CACHE_NUMBER: 0
2025-02-24T12:06:04.7068200Z   PYTEST_FLAGS: --tardis-regression-data=/Users/runner/work/tardis/tardis/tardis-regression-data --cov=tardis --cov-report=xml --cov-report=html --cov-append
2025-02-24T12:06:04.7069030Z   CODECOV_TOKEN: ***
2025-02-24T12:06:04.7069220Z   MAMBA_ROOT_PREFIX: /Users/runner/micromamba
2025-02-24T12:06:04.7069470Z   MAMBA_EXE: /Users/runner/micromamba-bin/micromamba
2025-02-24T12:06:04.7069760Z   CONDARC: /Users/runner/work/_temp/setup-micromamba/.condarc
2025-02-24T12:06:04.7070010Z ##[endgroup]
2025-02-24T12:06:05.6513680Z Obtaining file:///Users/runner/work/tardis/tardis
2025-02-24T12:06:05.6539700Z   Installing build dependencies: started
2025-02-24T12:06:08.3923340Z   Installing build dependencies: finished with status 'done'
2025-02-24T12:06:08.3929560Z   Checking if build backend supports build_editable: started
2025-02-24T12:06:08.5057730Z   Checking if build backend supports build_editable: finished with status 'done'
2025-02-24T12:06:08.5160580Z   Getting requirements to build editable: started
2025-02-24T12:06:09.1822560Z   Getting requirements to build editable: finished with status 'done'
2025-02-24T12:06:09.1836230Z   Preparing editable metadata (pyproject.toml): started
2025-02-24T12:06:09.6727470Z   Preparing editable metadata (pyproject.toml): finished with status 'done'
2025-02-24T12:06:09.7296110Z Requirement already satisfied: astropy in /Users/runner/micromamba/envs/tardis/lib/python3.12/site-packages (from tardis==0.0.0) (6.1.1)
2025-02-24T12:06:09.7705270Z Requirement already satisfied: numpy>=1.23 in /Users/runner/micromamba/envs/tardis/lib/python3.12/site-packages (from astropy->tardis==0.0.0) (1.26.4)
2025-02-24T12:06:09.7722300Z Requirement already satisfied: pyerfa>=2.0.1.1 in /Users/runner/micromamba/envs/tardis/lib/python3.12/site-packages (from astropy->tardis==0.0.0) (2.0.1.4)
2025-02-24T12:06:09.7747970Z Requirement already satisfied: astropy-iers-data>=0.2024.5.27.0.30.8 in /Users/runner/micromamba/envs/tardis/lib/python3.12/site-packages (from astropy->tardis==0.0.0) (0.2024.6.17.0.31.35)
2025-02-24T12:06:09.7750570Z Requirement already satisfied: PyYAML>=3.13 in /Users/runner/micromamba/envs/tardis/lib/python3.12/site-packages (from astropy->tardis==0.0.0) (6.0.1)
2025-02-24T12:06:09.7764670Z Requirement already satisfied: packaging>=19.0 in /Users/runner/micromamba/envs/tardis/lib/python3.12/site-packages (from astropy->tardis==0.0.0) (24.1)
2025-02-24T12:06:09.7842470Z Building wheels for collected packages: tardis
2025-02-24T12:06:09.7851730Z   Building editable for tardis (pyproject.toml): started
2025-02-24T12:06:10.5184970Z   Building editable for tardis (pyproject.toml): finished with status 'done'
2025-02-24T12:06:10.5192310Z   Created wheel for tardis: filename=tardis-0.0.0-0.editable-py3-none-any.whl size=8877 sha256=018e71265c492c3de75dfbf527a07ff8770462446efcf2a80f2fe0c50b092871
2025-02-24T12:06:10.5194890Z   Stored in directory: /private/var/folders/2s/h6hvv9ps03xgz_krkkstvq_r0000gn/T/pip-ephem-wheel-cache-6gzsx_sm/wheels/bb/4f/6a/0829b918c1c10bc28535ce7f14be21eee54375bdd9cd0c306a
2025-02-24T12:06:10.5216270Z Successfully built tardis
2025-02-24T12:06:11.1497980Z Installing collected packages: tardis
2025-02-24T12:06:11.1572810Z Successfully installed tardis-0.0.0
2025-02-24T12:06:11.4942520Z ##[group]Run pip install qgridnext
2025-02-24T12:06:11.4942860Z [36;1mpip install qgridnext[0m
2025-02-24T12:06:11.6614900Z shell: /bin/bash -l {0}
2025-02-24T12:06:11.6615110Z env:
2025-02-24T12:06:11.6615260Z   CACHE_NUMBER: 0
2025-02-24T12:06:11.6615770Z   PYTEST_FLAGS: --tardis-regression-data=/Users/runner/work/tardis/tardis/tardis-regression-data --cov=tardis --cov-report=xml --cov-report=html --cov-append
2025-02-24T12:06:11.6616920Z   CODECOV_TOKEN: ***
2025-02-24T12:06:11.6617150Z   MAMBA_ROOT_PREFIX: /Users/runner/micromamba
2025-02-24T12:06:11.6617430Z   MAMBA_EXE: /Users/runner/micromamba-bin/micromamba
2025-02-24T12:06:11.6617760Z   CONDARC: /Users/runner/work/_temp/setup-micromamba/.condarc
2025-02-24T12:06:11.6618090Z ##[endgroup]
2025-02-24T12:06:12.2960270Z Collecting qgridnext
2025-02-24T12:06:12.3340960Z   Downloading qgridnext-2.0.4-py3-none-any.whl.metadata (9.9 kB)
2025-02-24T12:06:12.3594270Z Requirement already satisfied: pandas>=0.20.0 in /Users/runner/micromamba/envs/tardis/lib/python3.12/site-packages (from qgridnext) (2.2.2)
2025-02-24T12:06:12.3695860Z Requirement already satisfied: ipywidgets>=7.0.0 in /Users/runner/micromamba/envs/tardis/lib/python3.12/site-packages (from qgridnext) (7.8.0)
2025-02-24T12:06:12.3757180Z Requirement already satisfied: numpy in /Users/runner/micromamba/envs/tardis/lib/python3.12/site-packages (from qgridnext) (1.26.4)
2025-02-24T12:06:12.3811200Z Requirement already satisfied: traitlets in /Users/runner/micromamba/envs/tardis/lib/python3.12/site-packages (from qgridnext) (5.14.3)
2025-02-24T12:06:12.3812530Z Requirement already satisfied: comm>=0.1.3 in /Users/runner/micromamba/envs/tardis/lib/python3.12/site-packages (from ipywidgets>=7.0.0->qgridnext) (0.2.2)
2025-02-24T12:06:12.3821490Z Requirement already satisfied: ipython-genutils~=0.2.0 in /Users/runner/micromamba/envs/tardis/lib/python3.12/site-packages (from ipywidgets>=7.0.0->qgridnext) (0.2.0)
2025-02-24T12:06:12.3825470Z Requirement already satisfied: widgetsnbextension~=3.6.5 in /Users/runner/micromamba/envs/tardis/lib/python3.12/site-packages (from ipywidgets>=7.0.0->qgridnext) (3.6.6)
2025-02-24T12:06:12.3831150Z Requirement already satisfied: ipython>=4.0.0 in /Users/runner/micromamba/envs/tardis/lib/python3.12/site-packages (from ipywidgets>=7.0.0->qgridnext) (8.25.0)
2025-02-24T12:06:12.3848850Z Requirement already satisfied: jupyterlab-widgets<3,>=1.0.0 in /Users/runner/micromamba/envs/tardis/lib/python3.12/site-packages (from ipywidgets>=7.0.0->qgridnext) (1.1.7)
2025-02-24T12:06:12.4316140Z Requirement already satisfied: python-dateutil>=2.8.2 in /Users/runner/micromamba/envs/tardis/lib/python3.12/site-packages (from pandas>=0.20.0->qgridnext) (2.9.0)
2025-02-24T12:06:12.4328170Z Requirement already satisfied: pytz>=2020.1 in /Users/runner/micromamba/envs/tardis/lib/python3.12/site-packages (from pandas>=0.20.0->qgridnext) (2024.1)
2025-02-24T12:06:12.4342680Z Requirement already satisfied: tzdata>=2022.7 in /Users/runner/micromamba/envs/tardis/lib/python3.12/site-packages (from pandas>=0.20.0->qgridnext) (2024.1)
2025-02-24T12:06:12.4622570Z Requirement already satisfied: decorator in /Users/runner/micromamba/envs/tardis/lib/python3.12/site-packages (from ipython>=4.0.0->ipywidgets>=7.0.0->qgridnext) (5.1.1)
2025-02-24T12:06:12.4637760Z Requirement already satisfied: jedi>=0.16 in /Users/runner/micromamba/envs/tardis/lib/python3.12/site-packages (from ipython>=4.0.0->ipywidgets>=7.0.0->qgridnext) (0.19.1)
2025-02-24T12:06:12.4648200Z Requirement already satisfied: matplotlib-inline in /Users/runner/micromamba/envs/tardis/lib/python3.12/site-packages (from ipython>=4.0.0->ipywidgets>=7.0.0->qgridnext) (0.1.7)
2025-02-24T12:06:12.4657900Z Requirement already satisfied: prompt-toolkit<3.1.0,>=3.0.41 in /Users/runner/micromamba/envs/tardis/lib/python3.12/site-packages (from ipython>=4.0.0->ipywidgets>=7.0.0->qgridnext) (3.0.47)
2025-02-24T12:06:12.4669500Z Requirement already satisfied: pygments>=2.4.0 in /Users/runner/micromamba/envs/tardis/lib/python3.12/site-packages (from ipython>=4.0.0->ipywidgets>=7.0.0->qgridnext) (2.18.0)
2025-02-24T12:06:12.4681090Z Requirement already satisfied: stack-data in /Users/runner/micromamba/envs/tardis/lib/python3.12/site-packages (from ipython>=4.0.0->ipywidgets>=7.0.0->qgridnext) (0.6.2)
2025-02-24T12:06:12.4737450Z Requirement already satisfied: pexpect>4.3 in /Users/runner/micromamba/envs/tardis/lib/python3.12/site-packages (from ipython>=4.0.0->ipywidgets>=7.0.0->qgridnext) (4.9.0)
2025-02-24T12:06:12.4782140Z Requirement already satisfied: six>=1.5 in /Users/runner/micromamba/envs/tardis/lib/python3.12/site-packages (from python-dateutil>=2.8.2->pandas>=0.20.0->qgridnext) (1.16.0)
2025-02-24T12:06:12.4827530Z Requirement already satisfied: notebook>=4.4.1 in /Users/runner/micromamba/envs/tardis/lib/python3.12/site-packages (from widgetsnbextension~=3.6.5->ipywidgets>=7.0.0->qgridnext) (7.2.1)
2025-02-24T12:06:12.4990370Z Requirement already satisfied: parso<0.9.0,>=0.8.3 in /Users/runner/micromamba/envs/tardis/lib/python3.12/site-packages (from jedi>=0.16->ipython>=4.0.0->ipywidgets>=7.0.0->qgridnext) (0.8.4)
2025-02-24T12:06:12.5133670Z Requirement already satisfied: jupyter-server<3,>=2.4.0 in /Users/runner/micromamba/envs/tardis/lib/python3.12/site-packages (from notebook>=4.4.1->widgetsnbextension~=3.6.5->ipywidgets>=7.0.0->qgridnext) (2.14.1)
2025-02-24T12:06:12.5145470Z Requirement already satisfied: jupyterlab-server<3,>=2.27.1 in /Users/runner/micromamba/envs/tardis/lib/python3.12/site-packages (from notebook>=4.4.1->widgetsnbextension~=3.6.5->ipywidgets>=7.0.0->qgridnext) (2.27.2)
2025-02-24T12:06:12.5171130Z Requirement already satisfied: jupyterlab<4.3,>=4.2.0 in /Users/runner/micromamba/envs/tardis/lib/python3.12/site-packages (from notebook>=4.4.1->widgetsnbextension~=3.6.5->ipywidgets>=7.0.0->qgridnext) (4.2.2)
2025-02-24T12:06:12.5181100Z Requirement already satisfied: notebook-shim<0.3,>=0.2 in /Users/runner/micromamba/envs/tardis/lib/python3.12/site-packages (from notebook>=4.4.1->widgetsnbextension~=3.6.5->ipywidgets>=7.0.0->qgridnext) (0.2.4)
2025-02-24T12:06:12.5194850Z Requirement already satisfied: tornado>=6.2.0 in /Users/runner/micromamba/envs/tardis/lib/python3.12/site-packages (from notebook>=4.4.1->widgetsnbextension~=3.6.5->ipywidgets>=7.0.0->qgridnext) (6.4.1)
2025-02-24T12:06:12.5224100Z Requirement already satisfied: ptyprocess>=0.5 in /Users/runner/micromamba/envs/tardis/lib/python3.12/site-packages (from pexpect>4.3->ipython>=4.0.0->ipywidgets>=7.0.0->qgridnext) (0.7.0)
2025-02-24T12:06:12.5247960Z Requirement already satisfied: wcwidth in /Users/runner/micromamba/envs/tardis/lib/python3.12/site-packages (from prompt-toolkit<3.1.0,>=3.0.41->ipython>=4.0.0->ipywidgets>=7.0.0->qgridnext) (0.2.13)
2025-02-24T12:06:12.5425150Z Requirement already satisfied: executing>=1.2.0 in /Users/runner/micromamba/envs/tardis/lib/python3.12/site-packages (from stack-data->ipython>=4.0.0->ipywidgets>=7.0.0->qgridnext) (2.0.1)
2025-02-24T12:06:12.5431570Z Requirement already satisfied: asttokens>=2.1.0 in /Users/runner/micromamba/envs/tardis/lib/python3.12/site-packages (from stack-data->ipython>=4.0.0->ipywidgets>=7.0.0->qgridnext) (2.4.1)
2025-02-24T12:06:12.5437020Z Requirement already satisfied: pure-eval in /Users/runner/micromamba/envs/tardis/lib/python3.12/site-packages (from stack-data->ipython>=4.0.0->ipywidgets>=7.0.0->qgridnext) (0.2.2)
2025-02-24T12:06:12.5878820Z Requirement already satisfied: anyio>=3.1.0 in /Users/runner/micromamba/envs/tardis/lib/python3.12/site-packages (from jupyter-server<3,>=2.4.0->notebook>=4.4.1->widgetsnbextension~=3.6.5->ipywidgets>=7.0.0->qgridnext) (4.4.0)
2025-02-24T12:06:12.5928070Z Requirement already satisfied: argon2-cffi>=21.1 in /Users/runner/micromamba/envs/tardis/lib/python3.12/site-packages (from jupyter-server<3,>=2.4.0->notebook>=4.4.1->widgetsnbextension~=3.6.5->ipywidgets>=7.0.0->qgridnext) (23.1.0)
2025-02-24T12:06:12.5937820Z Requirement already satisfied: jinja2>=3.0.3 in /Users/runner/micromamba/envs/tardis/lib/python3.12/site-packages (from jupyter-server<3,>=2.4.0->notebook>=4.4.1->widgetsnbextension~=3.6.5->ipywidgets>=7.0.0->qgridnext) (3.1.4)
2025-02-24T12:06:12.5948510Z Requirement already satisfied: jupyter-client>=7.4.4 in /Users/runner/micromamba/envs/tardis/lib/python3.12/site-packages (from jupyter-server<3,>=2.4.0->notebook>=4.4.1->widgetsnbextension~=3.6.5->ipywidgets>=7.0.0->qgridnext) (8.6.2)
2025-02-24T12:06:12.5957010Z Requirement already satisfied: jupyter-core!=5.0.*,>=4.12 in /Users/runner/micromamba/envs/tardis/lib/python3.12/site-packages (from jupyter-server<3,>=2.4.0->notebook>=4.4.1->widgetsnbextension~=3.6.5->ipywidgets>=7.0.0->qgridnext) (5.7.2)
2025-02-24T12:06:12.5972150Z Requirement already satisfied: jupyter-events>=0.9.0 in /Users/runner/micromamba/envs/tardis/lib/python3.12/site-packages (from jupyter-server<3,>=2.4.0->notebook>=4.4.1->widgetsnbextension~=3.6.5->ipywidgets>=7.0.0->qgridnext) (0.10.0)
2025-02-24T12:06:12.5984230Z Requirement already satisfied: jupyter-server-terminals>=0.4.4 in /Users/runner/micromamba/envs/tardis/lib/python3.12/site-packages (from jupyter-server<3,>=2.4.0->notebook>=4.4.1->widgetsnbextension~=3.6.5->ipywidgets>=7.0.0->qgridnext) (0.5.3)
2025-02-24T12:06:12.6005680Z Requirement already satisfied: nbconvert>=6.4.4 in /Users/runner/micromamba/envs/tardis/lib/python3.12/site-packages (from jupyter-server<3,>=2.4.0->notebook>=4.4.1->widgetsnbextension~=3.6.5->ipywidgets>=7.0.0->qgridnext) (7.16.4)
2025-02-24T12:06:12.6012810Z Requirement already satisfied: nbformat>=5.3.0 in /Users/runner/micromamba/envs/tardis/lib/python3.12/site-packages (from jupyter-server<3,>=2.4.0->notebook>=4.4.1->widgetsnbextension~=3.6.5->ipywidgets>=7.0.0->qgridnext) (5.10.4)
2025-02-24T12:06:12.6020940Z Requirement already satisfied: overrides>=5.0 in /Users/runner/micromamba/envs/tardis/lib/python3.12/site-packages (from jupyter-server<3,>=2.4.0->notebook>=4.4.1->widgetsnbextension~=3.6.5->ipywidgets>=7.0.0->qgridnext) (7.7.0)
2025-02-24T12:06:12.6031290Z Requirement already satisfied: packaging>=22.0 in /Users/runner/micromamba/envs/tardis/lib/python3.12/site-packages (from jupyter-server<3,>=2.4.0->notebook>=4.4.1->widgetsnbextension~=3.6.5->ipywidgets>=7.0.0->qgridnext) (24.1)
2025-02-24T12:06:12.6040130Z Requirement already satisfied: prometheus-client>=0.9 in /Users/runner/micromamba/envs/tardis/lib/python3.12/site-packages (from jupyter-server<3,>=2.4.0->notebook>=4.4.1->widgetsnbextension~=3.6.5->ipywidgets>=7.0.0->qgridnext) (0.20.0)
2025-02-24T12:06:12.6049080Z Requirement already satisfied: pyzmq>=24 in /Users/runner/micromamba/envs/tardis/lib/python3.12/site-packages (from jupyter-server<3,>=2.4.0->notebook>=4.4.1->widgetsnbextension~=3.6.5->ipywidgets>=7.0.0->qgridnext) (26.0.3)
2025-02-24T12:06:12.6055130Z Requirement already satisfied: send2trash>=1.8.2 in /Users/runner/micromamba/envs/tardis/lib/python3.12/site-packages (from jupyter-server<3,>=2.4.0->notebook>=4.4.1->widgetsnbextension~=3.6.5->ipywidgets>=7.0.0->qgridnext) (1.8.3)
2025-02-24T12:06:12.6067230Z Requirement already satisfied: terminado>=0.8.3 in /Users/runner/micromamba/envs/tardis/lib/python3.12/site-packages (from jupyter-server<3,>=2.4.0->notebook>=4.4.1->widgetsnbextension~=3.6.5->ipywidgets>=7.0.0->qgridnext) (0.18.1)
2025-02-24T12:06:12.6079520Z Requirement already satisfied: websocket-client>=1.7 in /Users/runner/micromamba/envs/tardis/lib/python3.12/site-packages (from jupyter-server<3,>=2.4.0->notebook>=4.4.1->widgetsnbextension~=3.6.5->ipywidgets>=7.0.0->qgridnext) (1.8.0)
2025-02-24T12:06:12.6317610Z Requirement already satisfied: async-lru>=1.0.0 in /Users/runner/micromamba/envs/tardis/lib/python3.12/site-packages (from jupyterlab<4.3,>=4.2.0->notebook>=4.4.1->widgetsnbextension~=3.6.5->ipywidgets>=7.0.0->qgridnext) (2.0.4)
2025-02-24T12:06:12.6329380Z Requirement already satisfied: httpx>=0.25.0 in /Users/runner/micromamba/envs/tardis/lib/python3.12/site-packages (from jupyterlab<4.3,>=4.2.0->notebook>=4.4.1->widgetsnbextension~=3.6.5->ipywidgets>=7.0.0->qgridnext) (0.27.0)
2025-02-24T12:06:12.6346860Z Requirement already satisfied: ipykernel>=6.5.0 in /Users/runner/micromamba/envs/tardis/lib/python3.12/site-packages (from jupyterlab<4.3,>=4.2.0->notebook>=4.4.1->widgetsnbextension~=3.6.5->ipywidgets>=7.0.0->qgridnext) (6.29.4)
2025-02-24T12:06:12.6370560Z Requirement already satisfied: jupyter-lsp>=2.0.0 in /Users/runner/micromamba/envs/tardis/lib/python3.12/site-packages (from jupyterlab<4.3,>=4.2.0->notebook>=4.4.1->widgetsnbextension~=3.6.5->ipywidgets>=7.0.0->qgridnext) (2.2.5)
2025-02-24T12:06:12.6403230Z Requirement already satisfied: setuptools>=40.1.0 in /Users/runner/micromamba/envs/tardis/lib/python3.12/site-packages (from jupyterlab<4.3,>=4.2.0->notebook>=4.4.1->widgetsnbextension~=3.6.5->ipywidgets>=7.0.0->qgridnext) (70.0.0)
2025-02-24T12:06:12.6577330Z Requirement already satisfied: babel>=2.10 in /Users/runner/micromamba/envs/tardis/lib/python3.12/site-packages (from jupyterlab-server<3,>=2.27.1->notebook>=4.4.1->widgetsnbextension~=3.6.5->ipywidgets>=7.0.0->qgridnext) (2.14.0)
2025-02-24T12:06:12.6603470Z Requirement already satisfied: json5>=0.9.0 in /Users/runner/micromamba/envs/tardis/lib/python3.12/site-packages (from jupyterlab-server<3,>=2.27.1->notebook>=4.4.1->widgetsnbextension~=3.6.5->ipywidgets>=7.0.0->qgridnext) (0.9.25)
2025-02-24T12:06:12.6612660Z Requirement already satisfied: jsonschema>=4.18.0 in /Users/runner/micromamba/envs/tardis/lib/python3.12/site-packages (from jupyterlab-server<3,>=2.27.1->notebook>=4.4.1->widgetsnbextension~=3.6.5->ipywidgets>=7.0.0->qgridnext) (4.22.0)
2025-02-24T12:06:12.6626980Z Requirement already satisfied: requests>=2.31 in /Users/runner/micromamba/envs/tardis/lib/python3.12/site-packages (from jupyterlab-server<3,>=2.27.1->notebook>=4.4.1->widgetsnbextension~=3.6.5->ipywidgets>=7.0.0->qgridnext) (2.32.3)
2025-02-24T12:06:12.6946870Z Requirement already satisfied: idna>=2.8 in /Users/runner/micromamba/envs/tardis/lib/python3.12/site-packages (from anyio>=3.1.0->jupyter-server<3,>=2.4.0->notebook>=4.4.1->widgetsnbextension~=3.6.5->ipywidgets>=7.0.0->qgridnext) (3.7)
2025-02-24T12:06:12.6955060Z Requirement already satisfied: sniffio>=1.1 in /Users/runner/micromamba/envs/tardis/lib/python3.12/site-packages (from anyio>=3.1.0->jupyter-server<3,>=2.4.0->notebook>=4.4.1->widgetsnbextension~=3.6.5->ipywidgets>=7.0.0->qgridnext) (1.3.1)
2025-02-24T12:06:12.7035460Z Requirement already satisfied: argon2-cffi-bindings in /Users/runner/micromamba/envs/tardis/lib/python3.12/site-packages (from argon2-cffi>=21.1->jupyter-server<3,>=2.4.0->notebook>=4.4.1->widgetsnbextension~=3.6.5->ipywidgets>=7.0.0->qgridnext) (21.2.0)
2025-02-24T12:06:12.7213820Z Requirement already satisfied: certifi in /Users/runner/micromamba/envs/tardis/lib/python3.12/site-packages (from httpx>=0.25.0->jupyterlab<4.3,>=4.2.0->notebook>=4.4.1->widgetsnbextension~=3.6.5->ipywidgets>=7.0.0->qgridnext) (2024.6.2)
2025-02-24T12:06:12.7222180Z Requirement already satisfied: httpcore==1.* in /Users/runner/micromamba/envs/tardis/lib/python3.12/site-packages (from httpx>=0.25.0->jupyterlab<4.3,>=4.2.0->notebook>=4.4.1->widgetsnbextension~=3.6.5->ipywidgets>=7.0.0->qgridnext) (1.0.5)
2025-02-24T12:06:12.7283600Z Requirement already satisfied: h11<0.15,>=0.13 in /Users/runner/micromamba/envs/tardis/lib/python3.12/site-packages (from httpcore==1.*->httpx>=0.25.0->jupyterlab<4.3,>=4.2.0->notebook>=4.4.1->widgetsnbextension~=3.6.5->ipywidgets>=7.0.0->qgridnext) (0.14.0)
2025-02-24T12:06:12.7428390Z Requirement already satisfied: appnope in /Users/runner/micromamba/envs/tardis/lib/python3.12/site-packages (from ipykernel>=6.5.0->jupyterlab<4.3,>=4.2.0->notebook>=4.4.1->widgetsnbextension~=3.6.5->ipywidgets>=7.0.0->qgridnext) (0.1.4)
2025-02-24T12:06:12.7438650Z Requirement already satisfied: debugpy>=1.6.5 in /Users/runner/micromamba/envs/tardis/lib/python3.12/site-packages (from ipykernel>=6.5.0->jupyterlab<4.3,>=4.2.0->notebook>=4.4.1->widgetsnbextension~=3.6.5->ipywidgets>=7.0.0->qgridnext) (1.8.1)
2025-02-24T12:06:12.7475440Z Requirement already satisfied: nest-asyncio in /Users/runner/micromamba/envs/tardis/lib/python3.12/site-packages (from ipykernel>=6.5.0->jupyterlab<4.3,>=4.2.0->notebook>=4.4.1->widgetsnbextension~=3.6.5->ipywidgets>=7.0.0->qgridnext) (1.6.0)
2025-02-24T12:06:12.7492880Z Requirement already satisfied: psutil in /Users/runner/micromamba/envs/tardis/lib/python3.12/site-packages (from ipykernel>=6.5.0->jupyterlab<4.3,>=4.2.0->notebook>=4.4.1->widgetsnbextension~=3.6.5->ipywidgets>=7.0.0->qgridnext) (5.9.8)
2025-02-24T12:06:12.7548080Z Requirement already satisfied: MarkupSafe>=2.0 in /Users/runner/micromamba/envs/tardis/lib/python3.12/site-packages (from jinja2>=3.0.3->jupyter-server<3,>=2.4.0->notebook>=4.4.1->widgetsnbextension~=3.6.5->ipywidgets>=7.0.0->qgridnext) (2.1.5)
2025-02-24T12:06:12.7729310Z Requirement already satisfied: attrs>=22.2.0 in /Users/runner/micromamba/envs/tardis/lib/python3.12/site-packages (from jsonschema>=4.18.0->jupyterlab-server<3,>=2.27.1->notebook>=4.4.1->widgetsnbextension~=3.6.5->ipywidgets>=7.0.0->qgridnext) (23.2.0)
2025-02-24T12:06:12.7748360Z Requirement already satisfied: jsonschema-specifications>=2023.03.6 in /Users/runner/micromamba/envs/tardis/lib/python3.12/site-packages (from jsonschema>=4.18.0->jupyterlab-server<3,>=2.27.1->notebook>=4.4.1->widgetsnbextension~=3.6.5->ipywidgets>=7.0.0->qgridnext) (2023.12.1)
2025-02-24T12:06:12.7749740Z Requirement already satisfied: referencing>=0.28.4 in /Users/runner/micromamba/envs/tardis/lib/python3.12/site-packages (from jsonschema>=4.18.0->jupyterlab-server<3,>=2.27.1->notebook>=4.4.1->widgetsnbextension~=3.6.5->ipywidgets>=7.0.0->qgridnext) (0.35.1)
2025-02-24T12:06:12.7750990Z Requirement already satisfied: rpds-py>=0.7.1 in /Users/runner/micromamba/envs/tardis/lib/python3.12/site-packages (from jsonschema>=4.18.0->jupyterlab-server<3,>=2.27.1->notebook>=4.4.1->widgetsnbextension~=3.6.5->ipywidgets>=7.0.0->qgridnext) (0.18.1)
2025-02-24T12:06:12.7981940Z Requirement already satisfied: platformdirs>=2.5 in /Users/runner/micromamba/envs/tardis/lib/python3.12/site-packages (from jupyter-core!=5.0.*,>=4.12->jupyter-server<3,>=2.4.0->notebook>=4.4.1->widgetsnbextension~=3.6.5->ipywidgets>=7.0.0->qgridnext) (4.2.2)
2025-02-24T12:06:12.8197450Z Requirement already satisfied: python-json-logger>=2.0.4 in /Users/runner/micromamba/envs/tardis/lib/python3.12/site-packages (from jupyter-events>=0.9.0->jupyter-server<3,>=2.4.0->notebook>=4.4.1->widgetsnbextension~=3.6.5->ipywidgets>=7.0.0->qgridnext) (2.0.7)
2025-02-24T12:06:12.8221640Z Requirement already satisfied: pyyaml>=5.3 in /Users/runner/micromamba/envs/tardis/lib/python3.12/site-packages (from jupyter-events>=0.9.0->jupyter-server<3,>=2.4.0->notebook>=4.4.1->widgetsnbextension~=3.6.5->ipywidgets>=7.0.0->qgridnext) (6.0.1)
2025-02-24T12:06:12.8223350Z Requirement already satisfied: rfc3339-validator in /Users/runner/micromamba/envs/tardis/lib/python3.12/site-packages (from jupyter-events>=0.9.0->jupyter-server<3,>=2.4.0->notebook>=4.4.1->widgetsnbextension~=3.6.5->ipywidgets>=7.0.0->qgridnext) (0.1.4)
2025-02-24T12:06:12.8237370Z Requirement already satisfied: rfc3986-validator>=0.1.1 in /Users/runner/micromamba/envs/tardis/lib/python3.12/site-packages (from jupyter-events>=0.9.0->jupyter-server<3,>=2.4.0->notebook>=4.4.1->widgetsnbextension~=3.6.5->ipywidgets>=7.0.0->qgridnext) (0.1.1)
2025-02-24T12:06:12.8694650Z Requirement already satisfied: beautifulsoup4 in /Users/runner/micromamba/envs/tardis/lib/python3.12/site-packages (from nbconvert>=6.4.4->jupyter-server<3,>=2.4.0->notebook>=4.4.1->widgetsnbextension~=3.6.5->ipywidgets>=7.0.0->qgridnext) (4.12.3)
2025-02-24T12:06:12.8706380Z Requirement already satisfied: bleach!=5.0.0 in /Users/runner/micromamba/envs/tardis/lib/python3.12/site-packages (from nbconvert>=6.4.4->jupyter-server<3,>=2.4.0->notebook>=4.4.1->widgetsnbextension~=3.6.5->ipywidgets>=7.0.0->qgridnext) (6.1.0)
2025-02-24T12:06:12.8716720Z Requirement already satisfied: defusedxml in /Users/runner/micromamba/envs/tardis/lib/python3.12/site-packages (from nbconvert>=6.4.4->jupyter-server<3,>=2.4.0->notebook>=4.4.1->widgetsnbextension~=3.6.5->ipywidgets>=7.0.0->qgridnext) (0.7.1)
2025-02-24T12:06:12.8727110Z Requirement already satisfied: jupyterlab-pygments in /Users/runner/micromamba/envs/tardis/lib/python3.12/site-packages (from nbconvert>=6.4.4->jupyter-server<3,>=2.4.0->notebook>=4.4.1->widgetsnbextension~=3.6.5->ipywidgets>=7.0.0->qgridnext) (0.3.0)
2025-02-24T12:06:12.8740140Z Requirement already satisfied: mistune<4,>=2.0.3 in /Users/runner/micromamba/envs/tardis/lib/python3.12/site-packages (from nbconvert>=6.4.4->jupyter-server<3,>=2.4.0->notebook>=4.4.1->widgetsnbextension~=3.6.5->ipywidgets>=7.0.0->qgridnext) (3.0.2)
2025-02-24T12:06:12.8751500Z Requirement already satisfied: nbclient>=0.5.0 in /Users/runner/micromamba/envs/tardis/lib/python3.12/site-packages (from nbconvert>=6.4.4->jupyter-server<3,>=2.4.0->notebook>=4.4.1->widgetsnbextension~=3.6.5->ipywidgets>=7.0.0->qgridnext) (0.10.0)
2025-02-24T12:06:12.8782440Z Requirement already satisfied: pandocfilters>=1.4.1 in /Users/runner/micromamba/envs/tardis/lib/python3.12/site-packages (from nbconvert>=6.4.4->jupyter-server<3,>=2.4.0->notebook>=4.4.1->widgetsnbextension~=3.6.5->ipywidgets>=7.0.0->qgridnext) (1.5.0)
2025-02-24T12:06:12.8796540Z Requirement already satisfied: tinycss2 in /Users/runner/micromamba/envs/tardis/lib/python3.12/site-packages (from nbconvert>=6.4.4->jupyter-server<3,>=2.4.0->notebook>=4.4.1->widgetsnbextension~=3.6.5->ipywidgets>=7.0.0->qgridnext) (1.3.0)
2025-02-24T12:06:12.8963020Z Requirement already satisfied: fastjsonschema>=2.15 in /Users/runner/micromamba/envs/tardis/lib/python3.12/site-packages (from nbformat>=5.3.0->jupyter-server<3,>=2.4.0->notebook>=4.4.1->widgetsnbextension~=3.6.5->ipywidgets>=7.0.0->qgridnext) (2.20.0)
2025-02-24T12:06:12.9271720Z Requirement already satisfied: charset-normalizer<4,>=2 in /Users/runner/micromamba/envs/tardis/lib/python3.12/site-packages (from requests>=2.31->jupyterlab-server<3,>=2.27.1->notebook>=4.4.1->widgetsnbextension~=3.6.5->ipywidgets>=7.0.0->qgridnext) (3.3.2)
2025-02-24T12:06:12.9273650Z Requirement already satisfied: urllib3<3,>=1.21.1 in /Users/runner/micromamba/envs/tardis/lib/python3.12/site-packages (from requests>=2.31->jupyterlab-server<3,>=2.27.1->notebook>=4.4.1->widgetsnbextension~=3.6.5->ipywidgets>=7.0.0->qgridnext) (2.2.2)
2025-02-24T12:06:13.0465550Z Requirement already satisfied: webencodings in /Users/runner/micromamba/envs/tardis/lib/python3.12/site-packages (from bleach!=5.0.0->nbconvert>=6.4.4->jupyter-server<3,>=2.4.0->notebook>=4.4.1->widgetsnbextension~=3.6.5->ipywidgets>=7.0.0->qgridnext) (0.5.1)
2025-02-24T12:06:13.0923120Z Requirement already satisfied: fqdn in /Users/runner/micromamba/envs/tardis/lib/python3.12/site-packages (from jsonschema[format-nongpl]>=4.18.0->jupyter-events>=0.9.0->jupyter-server<3,>=2.4.0->notebook>=4.4.1->widgetsnbextension~=3.6.5->ipywidgets>=7.0.0->qgridnext) (1.5.1)
2025-02-24T12:06:13.0933770Z Requirement already satisfied: isoduration in /Users/runner/micromamba/envs/tardis/lib/python3.12/site-packages (from jsonschema[format-nongpl]>=4.18.0->jupyter-events>=0.9.0->jupyter-server<3,>=2.4.0->notebook>=4.4.1->widgetsnbextension~=3.6.5->ipywidgets>=7.0.0->qgridnext) (20.11.0)
2025-02-24T12:06:13.0960980Z Requirement already satisfied: jsonpointer>1.13 in /Users/runner/micromamba/envs/tardis/lib/python3.12/site-packages (from jsonschema[format-nongpl]>=4.18.0->jupyter-events>=0.9.0->jupyter-server<3,>=2.4.0->notebook>=4.4.1->widgetsnbextension~=3.6.5->ipywidgets>=7.0.0->qgridnext) (3.0.0)
2025-02-24T12:06:13.1002990Z Requirement already satisfied: uri-template in /Users/runner/micromamba/envs/tardis/lib/python3.12/site-packages (from jsonschema[format-nongpl]>=4.18.0->jupyter-events>=0.9.0->jupyter-server<3,>=2.4.0->notebook>=4.4.1->widgetsnbextension~=3.6.5->ipywidgets>=7.0.0->qgridnext) (1.3.0)
2025-02-24T12:06:13.1028180Z Requirement already satisfied: webcolors>=1.11 in /Users/runner/micromamba/envs/tardis/lib/python3.12/site-packages (from jsonschema[format-nongpl]>=4.18.0->jupyter-events>=0.9.0->jupyter-server<3,>=2.4.0->notebook>=4.4.1->widgetsnbextension~=3.6.5->ipywidgets>=7.0.0->qgridnext) (24.6.0)
2025-02-24T12:06:13.1924530Z Requirement already satisfied: cffi>=1.0.1 in /Users/runner/micromamba/envs/tardis/lib/python3.12/site-packages (from argon2-cffi-bindings->argon2-cffi>=21.1->jupyter-server<3,>=2.4.0->notebook>=4.4.1->widgetsnbextension~=3.6.5->ipywidgets>=7.0.0->qgridnext) (1.16.0)
2025-02-24T12:06:13.1997300Z Requirement already satisfied: soupsieve>1.2 in /Users/runner/micromamba/envs/tardis/lib/python3.12/site-packages (from beautifulsoup4->nbconvert>=6.4.4->jupyter-server<3,>=2.4.0->notebook>=4.4.1->widgetsnbextension~=3.6.5->ipywidgets>=7.0.0->qgridnext) (2.5)
2025-02-24T12:06:13.2401970Z Requirement already satisfied: pycparser in /Users/runner/micromamba/envs/tardis/lib/python3.12/site-packages (from cffi>=1.0.1->argon2-cffi-bindings->argon2-cffi>=21.1->jupyter-server<3,>=2.4.0->notebook>=4.4.1->widgetsnbextension~=3.6.5->ipywidgets>=7.0.0->qgridnext) (2.22)
2025-02-24T12:06:13.2867090Z Requirement already satisfied: arrow>=0.15.0 in /Users/runner/micromamba/envs/tardis/lib/python3.12/site-packages (from isoduration->jsonschema[format-nongpl]>=4.18.0->jupyter-events>=0.9.0->jupyter-server<3,>=2.4.0->notebook>=4.4.1->widgetsnbextension~=3.6.5->ipywidgets>=7.0.0->qgridnext) (1.3.0)
2025-02-24T12:06:13.3111280Z Requirement already satisfied: types-python-dateutil>=2.8.10 in /Users/runner/micromamba/envs/tardis/lib/python3.12/site-packages (from arrow>=0.15.0->isoduration->jsonschema[format-nongpl]>=4.18.0->jupyter-events>=0.9.0->jupyter-server<3,>=2.4.0->notebook>=4.4.1->widgetsnbextension~=3.6.5->ipywidgets>=7.0.0->qgridnext) (2.9.0.20240316)
2025-02-24T12:06:13.3417230Z Downloading qgridnext-2.0.4-py3-none-any.whl (1.3 MB)
2025-02-24T12:06:13.4196970Z    ━━━━━━━━━━━━━━━━━━━━━━━━━━━━━━━━━━━━━━━━ 1.3/1.3 MB 16.8 MB/s eta 0:00:00
2025-02-24T12:06:14.3335070Z Installing collected packages: qgridnext
2025-02-24T12:06:14.4452920Z Successfully installed qgridnext-2.0.4
2025-02-24T12:06:14.8957100Z ##[group]Run pytest tardis --tardis-regression-data=/Users/runner/work/tardis/tardis/tardis-regression-data --cov=tardis --cov-report=xml --cov-report=html --cov-append -m "not continuum"
2025-02-24T12:06:14.8958370Z [36;1mpytest tardis --tardis-regression-data=/Users/runner/work/tardis/tardis/tardis-regression-data --cov=tardis --cov-report=xml --cov-report=html --cov-append -m "not continuum"[0m
2025-02-24T12:06:14.9023680Z shell: /bin/bash -l {0}
2025-02-24T12:06:14.9023990Z env:
2025-02-24T12:06:14.9024150Z   CACHE_NUMBER: 0
2025-02-24T12:06:14.9024660Z   PYTEST_FLAGS: --tardis-regression-data=/Users/runner/work/tardis/tardis/tardis-regression-data --cov=tardis --cov-report=xml --cov-report=html --cov-append
2025-02-24T12:06:14.9025440Z   CODECOV_TOKEN: ***
2025-02-24T12:06:14.9025640Z   MAMBA_ROOT_PREFIX: /Users/runner/micromamba
2025-02-24T12:06:14.9025930Z   MAMBA_EXE: /Users/runner/micromamba-bin/micromamba
2025-02-24T12:06:14.9026280Z   CONDARC: /Users/runner/work/_temp/setup-micromamba/.condarc
2025-02-24T12:06:14.9026540Z ##[endgroup]
2025-02-24T12:06:31.0427230Z ============================= test session starts ==============================
2025-02-24T12:06:31.0429230Z platform darwin -- Python 3.12.4, pytest-8.2.2, pluggy-1.5.0
2025-02-24T12:06:31.0429840Z rootdir: /Users/runner/work/tardis/tardis
2025-02-24T12:06:31.0430240Z configfile: pyproject.toml
2025-02-24T12:06:31.0430740Z plugins: cov-5.0.0, html-4.1.1, metadata-3.1.1, doctestplus-1.2.1, anyio-4.4.0
2025-02-24T12:06:31.0431390Z collected 1796 items / 2 deselected / 1794 selected
2025-02-24T12:06:31.0431760Z 
2025-02-24T12:06:34.5848000Z tardis/energy_input/tests/test_energy_source.py ..xxx                    [  0%]
2025-02-24T12:06:37.1160520Z tardis/energy_input/tests/test_gamma_ray_channel.py ...........          [  0%]
2025-02-24T12:06:38.2567960Z tardis/energy_input/tests/test_gamma_ray_grid.py xx.                     [  1%]
2025-02-24T12:06:39.3194060Z tardis/energy_input/tests/test_gamma_ray_interactions.py xx....          [  1%]
2025-02-24T12:06:39.3247950Z tardis/energy_input/tests/test_gamma_ray_packet_source.py sssssssss      [  1%]
2025-02-24T12:06:40.2386120Z tardis/energy_input/tests/test_util.py .....xxxx.....                    [  2%]
2025-02-24T12:06:40.4981190Z tardis/grid/tests/test_grid.py .                                         [  2%]
2025-02-24T12:06:40.4990160Z tardis/gui/tests/test_gui.py s                                           [  2%]
2025-02-24T12:06:43.5883350Z tardis/io/configuration/tests/test_config_reader.py ...........          [  3%]
2025-02-24T12:06:43.5961750Z tardis/io/configuration/tests/test_configuration_namespace.py .........  [  3%]
2025-02-24T12:06:43.6125030Z tardis/io/logger/tests/test_logging.py ssssssssssssssssssssssssssss      [  5%]
2025-02-24T12:07:15.8584560Z tardis/io/model/readers/tests/test_arepo_parser.py ..                    [  5%]
2025-02-24T12:07:15.9492530Z tardis/io/model/readers/tests/test_ascii_readers.py ...                  [  5%]
2025-02-24T12:07:15.9874560Z tardis/io/model/readers/tests/test_cmfgen_reader.py ..                   [  5%]
2025-02-24T12:07:16.0131930Z tardis/io/model/readers/tests/test_csvy_reader.py ....                   [  6%]
2025-02-24T12:07:16.0368860Z tardis/io/model/readers/tests/test_stella_reader.py ..                   [  6%]
2025-02-24T12:07:16.3557200Z tardis/io/tests/test_HDFWriter.py ...............                        [  7%]
2025-02-24T12:07:16.8454780Z tardis/io/tests/test_atomic.py .....                                     [  7%]
2025-02-24T12:07:16.8596040Z tardis/io/tests/test_decay.py ..                                         [  7%]
2025-02-24T12:07:17.0723160Z tardis/io/tests/test_model_reader.py ......                              [  7%]
2025-02-24T12:07:17.0780320Z tardis/model/geometry/tests/test_radial1d.py ..                          [  7%]
2025-02-24T12:07:47.3008270Z tardis/model/tests/test_base.py ........................................ [ 10%]
2025-02-24T12:07:48.0583110Z ............                                                             [ 10%]
2025-02-24T12:07:50.3274800Z tardis/model/tests/test_csvy_model.py .........                          [ 11%]
2025-02-24T12:07:50.3588690Z tardis/model/tests/test_density.py ..                                    [ 11%]
2025-02-24T12:07:51.5484850Z tardis/opacities/tests/test_opacity_solver.py .....                      [ 11%]
2025-02-24T12:07:52.5984800Z tardis/opacities/tests/test_opacity_state_numba.py .....                 [ 11%]
2025-02-24T12:07:54.7431440Z tardis/opacities/tests/test_tau_sobolev.py ..                            [ 12%]
2025-02-24T12:07:57.1255260Z tardis/plasma/equilibrium/tests/test_collisional_transitions.py ...      [ 12%]
2025-02-24T12:08:37.1027590Z tardis/plasma/equilibrium/tests/test_level_populations.py ....           [ 12%]
2025-02-24T12:08:46.3165210Z tardis/plasma/equilibrium/tests/test_rate_matrix.py .                    [ 12%]
2025-02-24T12:08:47.4109950Z tardis/plasma/tests/test_complete_plasmas.py ..............s......s..... [ 13%]
2025-02-24T12:08:49.6521320Z s....ssssss............s......s.....ss.....s....ssssss............s..... [ 18%]
2025-02-24T12:08:50.8868340Z .s.....ss.....s....ssssss............s......s.....ss.....s....ssssss.... [ 22%]
2025-02-24T12:08:53.4827070Z ........s......s.....ss.....s....ssssss............s......s.....ss.....s [ 26%]
2025-02-24T12:08:55.9525340Z ....ssssss............s......s.....ss.....s....ssssss............s...... [ 30%]
2025-02-24T12:08:56.7378470Z s.....ss.....s....ssssss............s......s.....ss.....s.ss.ssssss..... [ 34%]
2025-02-24T12:08:59.4000830Z .......s......s.....ss.....s....ssssss............s......s.....ss.....s. [ 38%]
2025-02-24T12:09:02.5170860Z ...ssssss............s......s.....ss.....s....ssssss............s......s [ 42%]
2025-02-24T12:09:05.3157610Z .....ss.....s....ssssss............s......s.....s...........ssssss...... [ 46%]
2025-02-24T12:09:06.7332250Z ......s......s.....s...........ssssss............s......s.....s......... [ 50%]
2025-02-24T12:09:09.0187180Z ..ssssss............s......s.....ss.....s....ssssss............s......s. [ 54%]
2025-02-24T12:09:11.9258390Z ....ss.....s....ssssss...................s......s.....s....ssss......... [ 58%]
2025-02-24T12:09:12.2410640Z ............s......s.....s....ssss.......                                [ 60%]
2025-02-24T12:09:12.5344730Z tardis/plasma/tests/test_hdf_plasma.py ................................. [ 62%]
2025-02-24T12:09:12.5456840Z ......                                                                   [ 62%]
2025-02-24T12:09:12.8490060Z tardis/plasma/tests/test_nlte_excitation.py ...                          [ 62%]
2025-02-24T12:11:28.1694480Z tardis/plasma/tests/test_nlte_solver.py .....X                           [ 63%]
2025-02-24T12:11:28.1724920Z tardis/plasma/tests/test_plasma_continuum.py .                           [ 63%]
2025-02-24T12:11:54.3577470Z tardis/plasma/tests/test_plasma_vboundary.py .............               [ 63%]
2025-02-24T12:12:05.4884770Z tardis/plasma/tests/test_tardis_model_density_config.py ...              [ 64%]
2025-02-24T12:12:06.0778010Z tardis/simulation/tests/test_convergence.py .....                        [ 64%]
2025-02-24T12:12:12.9145100Z tardis/simulation/tests/test_simulation.py .............                 [ 65%]
2025-02-24T12:12:12.9259470Z tardis/spectrum/tests/test_cuda_formal_integral.py sssssssssssssssssssss [ 66%]
2025-02-24T12:12:13.2441360Z ssss...ssssssssssssssssssssss                                            [ 67%]
2025-02-24T12:12:13.2542850Z tardis/spectrum/tests/test_luminosity.py ....                            [ 68%]
2025-02-24T12:12:14.1246050Z tardis/spectrum/tests/test_numba_formal_integral.py .................... [ 69%]
2025-02-24T12:12:14.1328460Z ..........                                                               [ 69%]
2025-02-24T12:12:14.2415040Z tardis/spectrum/tests/test_spectrum.py ................................. [ 71%]
2025-02-24T12:12:14.2665510Z .........                                                                [ 72%]
2025-02-24T12:12:35.1654780Z tardis/spectrum/tests/test_spectrum_solver.py ....                       [ 72%]
2025-02-24T12:13:48.8772600Z tardis/tests/test_tardis_full.py ....                                    [ 72%]
2025-02-24T12:15:47.4540430Z tardis/tests/test_tardis_full_formal_integral.py ................        [ 73%]
2025-02-24T12:15:47.5309230Z tardis/tests/test_util.py .............................................  [ 75%]
2025-02-24T12:15:50.1927220Z tardis/transport/montecarlo/tests/test_base.py x.....................    [ 77%]
2025-02-24T12:15:57.2128530Z tardis/transport/montecarlo/tests/test_interaction.py .......            [ 77%]
2025-02-24T12:15:57.3846310Z tardis/transport/montecarlo/tests/test_macro_atom.py ....                [ 77%]
2025-02-24T12:15:57.3957820Z tardis/transport/montecarlo/tests/test_montecarlo.py sssssssssssssssssss [ 78%]
2025-02-24T12:15:57.4236270Z sssssssssssssssssssssssssssssssssssssssssssss                            [ 81%]
2025-02-24T12:16:05.7662980Z tardis/transport/montecarlo/tests/test_montecarlo_main_loop.py x..       [ 81%]
2025-02-24T12:16:05.8043730Z tardis/transport/montecarlo/tests/test_nonhomologous.py ...              [ 81%]
2025-02-24T12:16:08.1861940Z tardis/transport/montecarlo/tests/test_numba_interface.py .....x.        [ 82%]
2025-02-24T12:16:08.5977970Z tardis/transport/montecarlo/tests/test_opacities.py ...............      [ 82%]
2025-02-24T12:16:10.1697320Z tardis/transport/montecarlo/tests/test_packet.py .................xXXXXX [ 84%]
2025-02-24T12:16:10.2709780Z XX.........                                                              [ 84%]
2025-02-24T12:16:10.2956380Z tardis/transport/montecarlo/tests/test_packet_source.py ........         [ 85%]
2025-02-24T12:16:10.5097280Z tardis/transport/montecarlo/tests/test_rpacket_last_interaction_tracker.py . [ 85%]
2025-02-24T12:16:10.8197680Z .....                                                                    [ 85%]
2025-02-24T12:16:21.1942960Z tardis/transport/montecarlo/tests/test_rpacket_tracker.py ......         [ 85%]
2025-02-24T12:16:21.2211300Z tardis/transport/montecarlo/tests/test_single_packet_loop.py xxx         [ 86%]
2025-02-24T12:16:21.2247100Z tardis/transport/montecarlo/tests/test_tracker_utils.py ..               [ 86%]
2025-02-24T12:16:22.6155400Z tardis/transport/montecarlo/tests/test_vpacket.py ..x.                   [ 86%]
2025-02-24T12:16:22.6307090Z tardis/transport/montecarlo/tests/test_weighted_packet_source.py ....    [ 86%]
2025-02-24T12:16:26.0085090Z tardis/transport/montecarlo/tests/test_weighted_packet_source_integration.py . [ 86%]
2025-02-24T12:16:26.0086060Z                                                                          [ 86%]
2025-02-24T12:16:26.5357360Z tardis/transport/tests/test_doppler_factor.py ..................         [ 87%]
2025-02-24T12:16:28.5419180Z tardis/visualization/tools/tests/test_convergence_plot.py .............. [ 88%]
2025-02-24T12:16:30.4385370Z ......                                                                   [ 88%]
2025-02-24T12:16:33.7730120Z tardis/visualization/tools/tests/test_liv_plot.py ...................... [ 90%]
2025-02-24T12:16:38.0422050Z .............................                                            [ 91%]
2025-02-24T12:16:40.8820770Z tardis/visualization/tools/tests/test_rpacket_plot.py .................. [ 92%]
2025-02-24T12:16:47.6477220Z ....                                                                     [ 92%]
2025-02-24T12:16:51.7855900Z tardis/visualization/tools/tests/test_sdec_plot.py ..................... [ 94%]
2025-02-24T12:16:57.3996730Z ..............................                                           [ 95%]
2025-02-24T12:16:57.7595050Z tardis/visualization/widgets/tests/test_custom_abundance.py ........ss.. [ 96%]
2025-02-24T12:16:57.7974310Z ....                                                                     [ 96%]
2025-02-24T12:16:58.8364800Z tardis/visualization/widgets/tests/test_line_info.py ................... [ 97%]
2025-02-24T12:16:59.4377090Z ..................                                                       [ 98%]
2025-02-24T12:17:46.0718350Z ##[error]The operation was canceled.
2025-02-24T12:17:46.1131210Z Post job cleanup.
2025-02-24T12:17:46.1192990Z Post job cleanup.
2025-02-24T12:17:47.0951280Z Will use pre-installed micromamba at /Users/runner/micromamba-bin/micromamba
2025-02-24T12:17:47.0952230Z Removing micromamba run shell ...
2025-02-24T12:17:47.0952700Z ##[group]Deinitialize micromamba for bash
2025-02-24T12:17:47.0953690Z [command]/Users/runner/micromamba-bin/micromamba shell deinit -s bash -r /Users/runner/micromamba --log-level warning --rc-file /Users/runner/work/_temp/setup-micromamba/.condarc
2025-02-24T12:17:47.0954440Z Resetting RC file "/Users/runner/.bash_profile"
2025-02-24T12:17:47.0954760Z Deleting config for root prefix 
2025-02-24T12:17:47.0955040Z Clearing mamba executable environment variable
2025-02-24T12:17:47.0955560Z Removing the following in your "/Users/runner/.bash_profile" file
2025-02-24T12:17:47.0955850Z # >>> mamba initialize >>>
2025-02-24T12:17:47.0956040Z ...
2025-02-24T12:17:47.0956180Z # <<< mamba initialize <<<
2025-02-24T12:17:47.0956900Z Removing environment tardis from auto-activate bash ...
2025-02-24T12:17:47.1009330Z Post job cleanup.
2025-02-24T12:17:47.1096930Z Post job cleanup.
2025-02-24T12:17:47.2751490Z [command]/opt/homebrew/bin/git version
2025-02-24T12:17:47.3686720Z git version 2.48.1
2025-02-24T12:17:47.6712790Z Copying '/Users/runner/.gitconfig' to '/Users/runner/work/_temp/908e84aa-ff25-4e50-8058-70f8129daf3c/.gitconfig'
2025-02-24T12:17:47.6713510Z Temporarily overriding HOME='/Users/runner/work/_temp/908e84aa-ff25-4e50-8058-70f8129daf3c' before making global git config changes
2025-02-24T12:17:47.6714140Z Adding repository directory to the temporary git global config as a safe directory
2025-02-24T12:17:47.6714880Z [command]/opt/homebrew/bin/git config --global --add safe.directory /Users/runner/work/tardis/tardis/tardis-regression-data
2025-02-24T12:17:47.6716310Z [command]/opt/homebrew/bin/git config --local --name-only --get-regexp core\.sshCommand
2025-02-24T12:17:47.6718140Z [command]/opt/homebrew/bin/git submodule foreach --recursive sh -c "git config --local --name-only --get-regexp 'core\.sshCommand' && git config --local --unset-all 'core.sshCommand' || :"
2025-02-24T12:17:47.6719870Z [command]/opt/homebrew/bin/git config --local --name-only --get-regexp http\.https\:\/\/github\.com\/\.extraheader
2025-02-24T12:17:47.6720470Z http.https://github.com/.extraheader
2025-02-24T12:17:47.6721690Z [command]/opt/homebrew/bin/git config --local --unset-all http.https://github.com/.extraheader
2025-02-24T12:17:47.6723370Z [command]/opt/homebrew/bin/git submodule foreach --recursive sh -c "git config --local --name-only --get-regexp 'http\.https\:\/\/github\.com\/\.extraheader' && git config --local --unset-all 'http.https://github.com/.extraheader' || :"
2025-02-24T12:17:47.6779280Z Post job cleanup.
2025-02-24T12:17:47.7652310Z [command]/opt/homebrew/bin/git version
2025-02-24T12:17:47.7661780Z git version 2.48.1
2025-02-24T12:17:47.7663930Z Copying '/Users/runner/.gitconfig' to '/Users/runner/work/_temp/3ca1441f-1fbc-41ac-980b-c8e35fa70a3a/.gitconfig'
2025-02-24T12:17:47.7664710Z Temporarily overriding HOME='/Users/runner/work/_temp/3ca1441f-1fbc-41ac-980b-c8e35fa70a3a' before making global git config changes
2025-02-24T12:17:47.7665370Z Adding repository directory to the temporary git global config as a safe directory
2025-02-24T12:17:47.7667130Z [command]/opt/homebrew/bin/git config --global --add safe.directory /Users/runner/work/tardis/tardis
2025-02-24T12:17:47.7732570Z [command]/opt/homebrew/bin/git config --local --name-only --get-regexp core\.sshCommand
2025-02-24T12:17:47.7771710Z [command]/opt/homebrew/bin/git submodule foreach --recursive sh -c "git config --local --name-only --get-regexp 'core\.sshCommand' && git config --local --unset-all 'core.sshCommand' || :"
2025-02-24T12:17:47.8619180Z [command]/opt/homebrew/bin/git config --local --name-only --get-regexp http\.https\:\/\/github\.com\/\.extraheader
2025-02-24T12:17:47.8656830Z http.https://github.com/.extraheader
2025-02-24T12:17:47.8664820Z [command]/opt/homebrew/bin/git config --local --unset-all http.https://github.com/.extraheader
2025-02-24T12:17:47.8720810Z [command]/opt/homebrew/bin/git submodule foreach --recursive sh -c "git config --local --name-only --get-regexp 'http\.https\:\/\/github\.com\/\.extraheader' && git config --local --unset-all 'http.https://github.com/.extraheader' || :"
2025-02-24T12:17:47.9571140Z Cleaning up orphan processes
2025-02-24T12:17:48.8421030Z Terminate orphan process: pid (3486) (python3.12)
2025-02-24T12:17:48.8651750Z Terminate orphan process: pid (3398) (python3.12)
