2025-01-09T18:17:12.9101530Z Prepare all required actions
2025-01-09T18:17:12.9101980Z Getting action download info
2025-01-09T18:17:13.0607830Z Download action repository 'mamba-org/setup-micromamba@v1' (SHA:4b9113af4fba0e9e1124b252dd6497a419e7396d)
2025-01-09T18:17:14.3121100Z ##[group]Run ./.github/actions/setup_env
2025-01-09T18:17:14.3121330Z with:
2025-01-09T18:17:14.3121630Z   os-label: osx-arm64
2025-01-09T18:17:14.3121840Z env:
2025-01-09T18:17:14.3121950Z   CACHE_NUMBER: 0
2025-01-09T18:17:14.3122540Z   PYTEST_FLAGS: --tardis-regression-data=/Users/runner/work/tardis/tardis/tardis-regression-data --cov=tardis --cov-report=xml --cov-report=html --cov-append
2025-01-09T18:17:14.3123070Z   CODECOV_TOKEN: 
2025-01-09T18:17:14.3123320Z ##[endgroup]
2025-01-09T18:17:14.3144730Z ##[group]Run file_hash=$(cat conda-osx-arm64.lock | shasum -a 256 | cut -d' ' -f1)
2025-01-09T18:17:14.3145150Z [36;1mfile_hash=$(cat conda-osx-arm64.lock | shasum -a 256 | cut -d' ' -f1)[0m
2025-01-09T18:17:14.3145480Z [36;1mecho "file_hash=$file_hash" >> "${GITHUB_OUTPUT}"[0m
2025-01-09T18:17:14.3194500Z shell: /bin/bash --noprofile --norc -e -o pipefail {0}
2025-01-09T18:17:14.3194740Z env:
2025-01-09T18:17:14.3194860Z   CACHE_NUMBER: 0
2025-01-09T18:17:14.3195350Z   PYTEST_FLAGS: --tardis-regression-data=/Users/runner/work/tardis/tardis/tardis-regression-data --cov=tardis --cov-report=xml --cov-report=html --cov-append
2025-01-09T18:17:14.3195840Z   CODECOV_TOKEN: 
2025-01-09T18:17:14.3195970Z ##[endgroup]
2025-01-09T18:17:14.4270070Z ##[group]Run mamba-org/setup-micromamba@v1
2025-01-09T18:17:14.4270320Z with:
2025-01-09T18:17:14.4270460Z   environment-file: conda-osx-arm64.lock
2025-01-09T18:17:14.4270820Z   cache-environment-key: bf0d0a4d4c847cca72476c6c68c493d56c484aada7e80de0e42c7607fcef5824
2025-01-09T18:17:14.4271280Z   cache-downloads-key: bf0d0a4d4c847cca72476c6c68c493d56c484aada7e80de0e42c7607fcef5824
2025-01-09T18:17:14.4271640Z   environment-name: tardis
2025-01-09T18:17:14.4271840Z   cache-environment: true
2025-01-09T18:17:14.4272010Z   cache-downloads: true
2025-01-09T18:17:14.4272230Z env:
2025-01-09T18:17:14.4272350Z   CACHE_NUMBER: 0
2025-01-09T18:17:14.4273020Z   PYTEST_FLAGS: --tardis-regression-data=/Users/runner/work/tardis/tardis/tardis-regression-data --cov=tardis --cov-report=xml --cov-report=html --cov-append
2025-01-09T18:17:14.4273540Z   CODECOV_TOKEN: 
2025-01-09T18:17:14.4273690Z ##[endgroup]
2025-01-09T18:17:14.6862100Z Will download micromamba to /Users/runner/micromamba-bin/micromamba
2025-01-09T18:17:14.6866080Z ##[group]Install micromamba
2025-01-09T18:17:15.3978660Z micromamba installed to /Users/runner/micromamba-bin/micromamba
2025-01-09T18:17:15.3979600Z ##[endgroup]
2025-01-09T18:17:15.3980700Z Adding conda-forge to condarc channels ...
2025-01-09T18:17:15.4022390Z ##[group]Initialize micromamba for bash.
2025-01-09T18:17:15.4032300Z [command]/Users/runner/micromamba-bin/micromamba shell init -s bash -r /Users/runner/micromamba --log-level warning --rc-file /Users/runner/work/_temp/setup-micromamba/.condarc
2025-01-09T18:17:15.4346760Z Modifying RC file "/Users/runner/.bash_profile"
2025-01-09T18:17:15.4349650Z Generating config for root prefix [1m"/Users/runner/micromamba"[0m
2025-01-09T18:17:15.4350210Z Setting mamba executable to: [1m"/Users/runner/micromamba-bin/micromamba"[0m
2025-01-09T18:17:15.4350770Z Adding (or replacing) the following in your "/Users/runner/.bash_profile" file
2025-01-09T18:17:15.4351050Z 
2025-01-09T18:17:15.4351170Z # >>> mamba initialize >>>
2025-01-09T18:17:15.4351520Z # !! Contents within this block are managed by 'mamba init' !!
2025-01-09T18:17:15.4351860Z export MAMBA_EXE='/Users/runner/micromamba-bin/micromamba';
2025-01-09T18:17:15.4352180Z export MAMBA_ROOT_PREFIX='/Users/runner/micromamba';
2025-01-09T18:17:15.4352700Z __mamba_setup="$("$MAMBA_EXE" shell hook --shell bash --root-prefix "$MAMBA_ROOT_PREFIX" 2> /dev/null)"
2025-01-09T18:17:15.4353180Z if [ $? -eq 0 ]; then
2025-01-09T18:17:15.4353440Z     eval "$__mamba_setup"
2025-01-09T18:17:15.4353650Z else
2025-01-09T18:17:15.4354700Z     alias micromamba="$MAMBA_EXE"  # Fallback on help from mamba activate
2025-01-09T18:17:15.4355020Z fi
2025-01-09T18:17:15.4355200Z unset __mamba_setup
2025-01-09T18:17:15.4355410Z # <<< mamba initialize <<<
2025-01-09T18:17:15.4355540Z 
2025-01-09T18:17:15.4358660Z ##[endgroup]
2025-01-09T18:17:15.4359450Z ##[group]Restoring downloads from `/Users/runner/micromamba/pkgs` ...
2025-01-09T18:17:16.8029710Z Received 37748736 of 310595873 (12.2%), 36.0 MBs/sec
2025-01-09T18:17:17.8027640Z Received 113246208 of 310595873 (36.5%), 54.0 MBs/sec
2025-01-09T18:17:18.8079220Z Received 184549376 of 310595873 (59.4%), 58.6 MBs/sec
2025-01-09T18:17:19.8053650Z Received 281018368 of 310595873 (90.5%), 66.9 MBs/sec
2025-01-09T18:17:20.0777000Z Cache Size: ~296 MB (310595873 B)
2025-01-09T18:17:20.0884950Z [command]/opt/homebrew/bin/gtar -xf /Users/runner/work/_temp/e8ad5a68-1a19-4723-9c3a-bc9255db35c4/cache.tzst -P -C /Users/runner/work/tardis/tardis --delay-directory-restore --use-compress-program unzstd
2025-01-09T18:17:20.6324000Z Cache restored successfully
2025-01-09T18:17:20.6377070Z Restored cache with key `bf0d0a4d4c847cca72476c6c68c493d56c484aada7e80de0e42c7607fcef5824-osx-arm64`
2025-01-09T18:17:20.6378250Z ##[endgroup]
2025-01-09T18:17:20.6657020Z ##[group]Restoring environment `tardis` from `/Users/runner/micromamba/envs/tardis` ...
2025-01-09T18:17:20.8083780Z Received 310595873 of 310595873 (100.0%), 59.2 MBs/sec
2025-01-09T18:17:22.0224870Z Received 37748736 of 385775710 (9.8%), 36.0 MBs/sec
2025-01-09T18:17:23.0224810Z Received 117440512 of 385775710 (30.4%), 56.0 MBs/sec
2025-01-09T18:17:24.0230990Z Received 184549376 of 385775710 (47.8%), 58.6 MBs/sec
2025-01-09T18:17:25.0233430Z Received 260046848 of 385775710 (67.4%), 62.0 MBs/sec
2025-01-09T18:17:26.0243150Z Received 331350016 of 385775710 (85.9%), 63.2 MBs/sec
2025-01-09T18:17:26.5334960Z Cache Size: ~368 MB (385775710 B)
2025-01-09T18:17:26.5378920Z [command]/opt/homebrew/bin/gtar -xf /Users/runner/work/_temp/a5546972-2688-421f-946f-a27280b9e082/cache.tzst -P -C /Users/runner/work/tardis/tardis --delay-directory-restore --use-compress-program unzstd
2025-01-09T18:17:27.0271850Z Received 385775710 of 385775710 (100.0%), 61.3 MBs/sec
2025-01-09T18:17:37.3684390Z Cache restored successfully
2025-01-09T18:17:37.3767990Z Restored cache with key `bf0d0a4d4c847cca72476c6c68c493d56c484aada7e80de0e42c7607fcef5824-osx-arm64-tardis-args-4f53cda-root-873f6fe-bin-[object Promise]-file-bf0d0a4d4c847cca72476c6c68c493d56c484aada7e80de0e42c7607fcef5824`
2025-01-09T18:17:37.3772630Z ##[endgroup]
2025-01-09T18:17:37.3778540Z Adding environment tardis to auto-activate bash ...
2025-01-09T18:17:37.3783520Z Generating micromamba run shell.
2025-01-09T18:17:37.3785190Z ##[endgroup]
2025-01-09T18:17:37.3786310Z Set environment variables.
2025-01-09T18:17:37.3798880Z ##[group]micromamba info
2025-01-09T18:17:37.3805150Z [command]/Users/runner/micromamba-bin/micromamba info -r /Users/runner/micromamba -n tardis
2025-01-09T18:17:37.7802830Z 
2025-01-09T18:17:37.7803470Z        libmamba version : 1.5.10
2025-01-09T18:17:37.7805550Z      micromamba version : 1.5.10
2025-01-09T18:17:37.7806060Z            curl version : libcurl/8.10.1 (OpenSSL/3.3.2) SecureTransport zlib/1.3.1 zstd/1.5.6 libssh2/1.11.0 nghttp2/1.58.0
2025-01-09T18:17:37.7806550Z      libarchive version : libarchive 3.7.4 zlib/1.2.13 bz2lib/1.0.8 libzstd/1.5.6
2025-01-09T18:17:37.7807040Z        envs directories : /Users/runner/micromamba/envs
2025-01-09T18:17:37.7807380Z           package cache : /Users/runner/micromamba/pkgs
2025-01-09T18:17:37.7807700Z                           /Users/runner/.mamba/pkgs
2025-01-09T18:17:37.7808020Z             environment : tardis
2025-01-09T18:17:37.7808320Z            env location : /Users/runner/micromamba/envs/tardis
2025-01-09T18:17:37.7808720Z       user config files : /Users/runner/.mambarc
2025-01-09T18:17:37.7809120Z  populated config files : /Users/runner/work/_temp/setup-micromamba/.condarc
2025-01-09T18:17:37.7809500Z        virtual packages : __unix=0=0
2025-01-09T18:17:37.7811820Z                           __osx=14.7.2=0
2025-01-09T18:17:37.7812190Z                           __archspec=1=arm64
2025-01-09T18:17:37.7812560Z                channels : https://conda.anaconda.org/conda-forge/osx-arm64
2025-01-09T18:17:37.7813040Z                           https://conda.anaconda.org/conda-forge/noarch
2025-01-09T18:17:37.7813370Z        base environment : /Users/runner/micromamba
2025-01-09T18:17:37.7813690Z                platform : osx-arm64
2025-01-09T18:17:37.7814290Z ##[endgroup]
2025-01-09T18:17:37.7814730Z ##[group]micromamba list
2025-01-09T18:17:37.7815250Z [command]/Users/runner/micromamba-bin/micromamba list -r /Users/runner/micromamba -n tardis
2025-01-09T18:17:38.1617120Z List of packages in environment: "/Users/runner/micromamba/envs/tardis"
2025-01-09T18:17:38.1617600Z 
2025-01-09T18:17:38.1617810Z   Name                           Version              Build                    Channel    
2025-01-09T18:17:38.1619430Z â”€â”€â”€â”€â”€â”€â”€â”€â”€â”€â”€â”€â”€â”€â”€â”€â”€â”€â”€â”€â”€â”€â”€â”€â”€â”€â”€â”€â”€â”€â”€â”€â”€â”€â”€â”€â”€â”€â”€â”€â”€â”€â”€â”€â”€â”€â”€â”€â”€â”€â”€â”€â”€â”€â”€â”€â”€â”€â”€â”€â”€â”€â”€â”€â”€â”€â”€â”€â”€â”€â”€â”€â”€â”€â”€â”€â”€â”€â”€â”€â”€â”€â”€â”€â”€â”€â”€â”€â”€â”€â”€â”€
2025-01-09T18:17:38.1625410Z   alabaster                      0.7.16               pyhd8ed1ab_0             conda-forge
2025-01-09T18:17:38.1626770Z   anyio                          4.4.0                pyhd8ed1ab_0             conda-forge
2025-01-09T18:17:38.1627240Z   appnope                        0.1.4                pyhd8ed1ab_0             conda-forge
2025-01-09T18:17:38.1627630Z   argon2-cffi                    23.1.0               pyhd8ed1ab_0             conda-forge
2025-01-09T18:17:38.1628180Z   argon2-cffi-bindings           21.2.0               py312h02f2b3b_4          conda-forge
2025-01-09T18:17:38.1628590Z   arrow                          1.3.0                pyhd8ed1ab_0             conda-forge
2025-01-09T18:17:38.1629000Z   astropy                        6.1.1                py312hbebd99a_0          conda-forge
2025-01-09T18:17:38.1629420Z   astropy-iers-data              0.2024.6.17.0.31.35  pyhd8ed1ab_0             conda-forge
2025-01-09T18:17:38.1629920Z   astropy-sphinx-theme           1.1                  pyhd8ed1ab_0             conda-forge
2025-01-09T18:17:38.1630300Z   asttokens                      2.4.1                pyhd8ed1ab_0             conda-forge
2025-01-09T18:17:38.1630750Z   async-lru                      2.0.4                pyhd8ed1ab_0             conda-forge
2025-01-09T18:17:38.1631120Z   atk-1.0                        2.38.0               hd03087b_2               conda-forge
2025-01-09T18:17:38.1631550Z   attrs                          23.2.0               pyh71513ae_0             conda-forge
2025-01-09T18:17:38.1631900Z   babel                          2.14.0               pyhd8ed1ab_0             conda-forge
2025-01-09T18:17:38.1632890Z   beautifulsoup4                 4.12.3               pyha770c72_0             conda-forge
2025-01-09T18:17:38.1633380Z   bleach                         6.1.0                pyhd8ed1ab_0             conda-forge
2025-01-09T18:17:38.1633870Z   blosc                          1.21.5               h9c252e8_1               conda-forge
2025-01-09T18:17:38.1634310Z   brotli                         1.1.0                hb547adb_1               conda-forge
2025-01-09T18:17:38.1634670Z   brotli-bin                     1.1.0                hb547adb_1               conda-forge
2025-01-09T18:17:38.1635120Z   brotli-python                  1.1.0                py312h9f69965_1          conda-forge
2025-01-09T18:17:38.1635480Z   bzip2                          1.0.8                h93a5062_5               conda-forge
2025-01-09T18:17:38.1635910Z   c-ares                         1.28.1               h93a5062_0               conda-forge
2025-01-09T18:17:38.1636280Z   c-blosc2                       2.14.4               ha57e6be_1               conda-forge
2025-01-09T18:17:38.1636710Z   ca-certificates                2024.6.2             hf0a4a13_0               conda-forge
2025-01-09T18:17:38.1637210Z   cached-property                1.5.2                hd8ed1ab_1               conda-forge
2025-01-09T18:17:38.1638120Z   cached_property                1.5.2                pyha770c72_1             conda-forge
2025-01-09T18:17:38.1638480Z   cairo                          1.18.0               hd1e100b_0               conda-forge
2025-01-09T18:17:38.1638960Z   certifi                        2024.6.2             pyhd8ed1ab_0             conda-forge
2025-01-09T18:17:38.1639360Z   cffi                           1.16.0               py312h8e38eb3_0          conda-forge
2025-01-09T18:17:38.1639820Z   charset-normalizer             3.3.2                pyhd8ed1ab_0             conda-forge
2025-01-09T18:17:38.1640240Z   click                          8.1.7                unix_pyh707e725_0        conda-forge
2025-01-09T18:17:38.1640590Z   codespell                      2.3.0                pyhd8ed1ab_0             conda-forge
2025-01-09T18:17:38.1641080Z   colorama                       0.4.6                pyhd8ed1ab_0             conda-forge
2025-01-09T18:17:38.1641520Z   comm                           0.2.2                pyhd8ed1ab_0             conda-forge
2025-01-09T18:17:38.1642320Z   commonmark                     0.9.1                py_0                     conda-forge
2025-01-09T18:17:38.1642800Z   contourpy                      1.2.1                py312h0fef576_0          conda-forge
2025-01-09T18:17:38.1643250Z   coverage                       7.5.3                py312h7e5086c_0          conda-forge
2025-01-09T18:17:38.1643650Z   cycler                         0.12.1               pyhd8ed1ab_0             conda-forge
2025-01-09T18:17:38.1644120Z   dataclasses                    0.8                  pyhc8e2a94_3             conda-forge
2025-01-09T18:17:38.1644540Z   debugpy                        1.8.1                py312h20a0b95_0          conda-forge
2025-01-09T18:17:38.1645010Z   decorator                      5.1.1                pyhd8ed1ab_0             conda-forge
2025-01-09T18:17:38.1645430Z   defusedxml                     0.7.1                pyhd8ed1ab_0             conda-forge
2025-01-09T18:17:38.1645920Z   docutils                       0.20.1               py312h81bd7bf_3          conda-forge
2025-01-09T18:17:38.1646350Z   dot2tex                        2.11.3               pyhd8ed1ab_0             conda-forge
2025-01-09T18:17:38.1646710Z   entrypoints                    0.4                  pyhd8ed1ab_0             conda-forge
2025-01-09T18:17:38.1647150Z   exceptiongroup                 1.2.0                pyhd8ed1ab_2             conda-forge
2025-01-09T18:17:38.1647520Z   executing                      2.0.1                pyhd8ed1ab_0             conda-forge
2025-01-09T18:17:38.1647960Z   expat                          2.6.2                hebf3989_0               conda-forge
2025-01-09T18:17:38.1648640Z   font-ttf-dejavu-sans-mono      2.37                 hab24e00_0               conda-forge
2025-01-09T18:17:38.1649140Z   font-ttf-inconsolata           3.000                h77eed37_0               conda-forge
2025-01-09T18:17:38.1649610Z   font-ttf-source-code-pro       2.038                h77eed37_0               conda-forge
2025-01-09T18:17:38.1650070Z   font-ttf-ubuntu                0.83                 h77eed37_2               conda-forge
2025-01-09T18:17:38.1650420Z   fontconfig                     2.14.2               h82840c6_0               conda-forge
2025-01-09T18:17:38.1650820Z   fonts-conda-ecosystem          1                    0                        conda-forge
2025-01-09T18:17:38.1651190Z   fonts-conda-forge              1                    0                        conda-forge
2025-01-09T18:17:38.1651590Z   fonttools                      4.53.0               py312h7e5086c_0          conda-forge
2025-01-09T18:17:38.1651940Z   fqdn                           1.5.1                pyhd8ed1ab_0             conda-forge
2025-01-09T18:17:38.1652360Z   freetype                       2.12.1               hadb7bae_2               conda-forge
2025-01-09T18:17:38.1652680Z   fribidi                        1.0.10               h27ca646_0               conda-forge
2025-01-09T18:17:38.1653060Z   future                         1.0.0                pyhd8ed1ab_0             conda-forge
2025-01-09T18:17:38.1653680Z   gdk-pixbuf                     2.42.12              h7ddc832_0               conda-forge
2025-01-09T18:17:38.1654090Z   gettext                        0.22.5               h8fbad5d_2               conda-forge
2025-01-09T18:17:38.1654510Z   gettext-tools                  0.22.5               h8fbad5d_2               conda-forge
2025-01-09T18:17:38.1655340Z   giflib                         5.2.2                h93a5062_0               conda-forge
2025-01-09T18:17:38.1655970Z   git-lfs                        3.5.1                hce30654_0               conda-forge
2025-01-09T18:17:38.1656420Z   gmp                            6.3.0                hebf3989_1               conda-forge
2025-01-09T18:17:38.1656910Z   gmpy2                          2.1.5                py312hfa9fade_1          conda-forge
2025-01-09T18:17:38.1657320Z   graphite2                      1.3.13               hebf3989_1003            conda-forge
2025-01-09T18:17:38.1658430Z   graphviz                       11.0.0               h9bb9bc9_0               conda-forge
2025-01-09T18:17:38.1658770Z   gtk2                           2.24.33              h7895bb2_4               conda-forge
2025-01-09T18:17:38.1659140Z   gts                            0.7.6                he42f4ea_4               conda-forge
2025-01-09T18:17:38.1659470Z   h11                            0.14.0               pyhd8ed1ab_0             conda-forge
2025-01-09T18:17:38.1659850Z   h2                             4.1.0                pyhd8ed1ab_0             conda-forge
2025-01-09T18:17:38.1660290Z   h5py                           3.11.0               nompi_py312h903599c_102  conda-forge
2025-01-09T18:17:38.1660610Z   harfbuzz                       8.5.0                h1836168_0               conda-forge
2025-01-09T18:17:38.1661020Z   hdf5                           1.14.3               nompi_hec07895_105       conda-forge
2025-01-09T18:17:38.1661340Z   hpack                          4.0.0                pyh9f0ad1d_0             conda-forge
2025-01-09T18:17:38.1661810Z   httpcore                       1.0.5                pyhd8ed1ab_0             conda-forge
2025-01-09T18:17:38.1662160Z   httpx                          0.27.0               pyhd8ed1ab_0             conda-forge
2025-01-09T18:17:38.1662580Z   hyperframe                     6.0.1                pyhd8ed1ab_0             conda-forge
2025-01-09T18:17:38.1662920Z   icu                            73.2                 hc8870d7_0               conda-forge
2025-01-09T18:17:38.1663290Z   idna                           3.7                  pyhd8ed1ab_0             conda-forge
2025-01-09T18:17:38.1663650Z   imagesize                      1.4.1                pyhd8ed1ab_0             conda-forge
2025-01-09T18:17:38.1664070Z   importlib-metadata             7.1.0                pyha770c72_0             conda-forge
2025-01-09T18:17:38.1664490Z   importlib_metadata             7.1.0                hd8ed1ab_0               conda-forge
2025-01-09T18:17:38.1664900Z   importlib_resources            6.4.0                pyhd8ed1ab_0             conda-forge
2025-01-09T18:17:38.1665300Z   iniconfig                      2.0.0                pyhd8ed1ab_0             conda-forge
2025-01-09T18:17:38.1665670Z   ipykernel                      6.29.4               pyh57ce528_0             conda-forge
2025-01-09T18:17:38.1666090Z   ipython                        8.25.0               pyh707e725_0             conda-forge
2025-01-09T18:17:38.1666480Z   ipython_genutils               0.2.0                pyhd8ed1ab_1             conda-forge
2025-01-09T18:17:38.1667070Z   ipywidgets                     7.8.0                pyhd8ed1ab_0             conda-forge
2025-01-09T18:17:38.1667490Z   isoduration                    20.11.0              pyhd8ed1ab_0             conda-forge
2025-01-09T18:17:38.1668010Z   jedi                           0.19.1               pyhd8ed1ab_0             conda-forge
2025-01-09T18:17:38.1668380Z   jinja2                         3.1.4                pyhd8ed1ab_0             conda-forge
2025-01-09T18:17:38.1669490Z   json5                          0.9.25               pyhd8ed1ab_0             conda-forge
2025-01-09T18:17:38.1670110Z   jsonpointer                    3.0.0                py312h81bd7bf_0          conda-forge
2025-01-09T18:17:38.1670510Z   jsonschema                     4.22.0               pyhd8ed1ab_0             conda-forge
2025-01-09T18:17:38.1670980Z   jsonschema-specifications      2023.12.1            pyhd8ed1ab_0             conda-forge
2025-01-09T18:17:38.1671420Z   jsonschema-with-format-nongpl  4.22.0               pyhd8ed1ab_0             conda-forge
2025-01-09T18:17:38.1671860Z   jupyter-lsp                    2.2.5                pyhd8ed1ab_0             conda-forge
2025-01-09T18:17:38.1672230Z   jupyter_client                 8.6.2                pyhd8ed1ab_0             conda-forge
2025-01-09T18:17:38.1672650Z   jupyter_core                   5.7.2                py312h81bd7bf_0          conda-forge
2025-01-09T18:17:38.1673260Z   jupyter_events                 0.10.0               pyhd8ed1ab_0             conda-forge
2025-01-09T18:17:38.1673660Z   jupyter_server                 2.14.1               pyhd8ed1ab_0             conda-forge
2025-01-09T18:17:38.1674030Z   jupyter_server_terminals       0.5.3                pyhd8ed1ab_0             conda-forge
2025-01-09T18:17:38.1674450Z   jupyterlab                     4.2.2                pyhd8ed1ab_0             conda-forge
2025-01-09T18:17:38.1674820Z   jupyterlab_pygments            0.3.0                pyhd8ed1ab_1             conda-forge
2025-01-09T18:17:38.1675280Z   jupyterlab_server              2.27.2               pyhd8ed1ab_0             conda-forge
2025-01-09T18:17:38.1675640Z   jupyterlab_widgets             1.1.7                pyhd8ed1ab_0             conda-forge
2025-01-09T18:17:38.1676030Z   kiwisolver                     1.4.5                py312h389731b_1          conda-forge
2025-01-09T18:17:38.1676420Z   krb5                           1.21.2               h92f50d5_0               conda-forge
2025-01-09T18:17:38.1676780Z   latexcodec                     2.0.1                pyh9f0ad1d_0             conda-forge
2025-01-09T18:17:38.1677190Z   lcms2                          2.16                 ha0e7c42_0               conda-forge
2025-01-09T18:17:38.1677520Z   lerc                           4.0.0                h9a09cb3_0               conda-forge
2025-01-09T18:17:38.1677900Z   libaec                         1.1.3                hebf3989_0               conda-forge
2025-01-09T18:17:38.1678240Z   libasprintf                    0.22.5               h8fbad5d_2               conda-forge
2025-01-09T18:17:38.1678640Z   libasprintf-devel              0.22.5               h8fbad5d_2               conda-forge
2025-01-09T18:17:38.1678990Z   libblas                        3.9.0                22_osxarm64_openblas     conda-forge
2025-01-09T18:17:38.1679410Z   libbrotlicommon                1.1.0                hb547adb_1               conda-forge
2025-01-09T18:17:38.1679840Z   libbrotlidec                   1.1.0                hb547adb_1               conda-forge
2025-01-09T18:17:38.1680180Z   libbrotlienc                   1.1.0                hb547adb_1               conda-forge
2025-01-09T18:17:38.1680560Z   libcblas                       3.9.0                22_osxarm64_openblas     conda-forge
2025-01-09T18:17:38.1680890Z   libcurl                        8.8.0                h7b6f9a7_0               conda-forge
2025-01-09T18:17:38.1681250Z   libcxx                         17.0.6               h5f092b4_0               conda-forge
2025-01-09T18:17:38.1681610Z   libdeflate                     1.20                 h93a5062_0               conda-forge
2025-01-09T18:17:38.1681950Z   libedit                        3.1.20191231         hc8eb9b7_2               conda-forge
2025-01-09T18:17:38.1682320Z   libev                          4.33                 h93a5062_2               conda-forge
2025-01-09T18:17:38.1682660Z   libexpat                       2.6.2                hebf3989_0               conda-forge
2025-01-09T18:17:38.1683240Z   libffi                         3.4.2                h3422bc3_5               conda-forge
2025-01-09T18:17:38.1683550Z   libgd                          2.3.3                hfdf3952_9               conda-forge
2025-01-09T18:17:38.1683880Z   libgettextpo                   0.22.5               h8fbad5d_2               conda-forge
2025-01-09T18:17:38.1684260Z   libgettextpo-devel             0.22.5               h8fbad5d_2               conda-forge
2025-01-09T18:17:38.1684670Z   libgfortran                    5.0.0                13_2_0_hd922786_3        conda-forge
2025-01-09T18:17:38.1685020Z   libgfortran5                   13.2.0               hf226fd6_3               conda-forge
2025-01-09T18:17:38.1685430Z   libglib                        2.80.2               h59d46d9_1               conda-forge
2025-01-09T18:17:38.1685850Z   libiconv                       1.17                 h0d3ecfb_2               conda-forge
2025-01-09T18:17:38.1686500Z   libintl                        0.22.5               h8fbad5d_2               conda-forge
2025-01-09T18:17:38.1686880Z   libintl-devel                  0.22.5               h8fbad5d_2               conda-forge
2025-01-09T18:17:38.1687380Z   libjpeg-turbo                  3.0.0                hb547adb_1               conda-forge
2025-01-09T18:17:38.1709730Z   liblapack                      3.9.0                22_osxarm64_openblas     conda-forge
2025-01-09T18:17:38.1710150Z   libllvm14                      14.0.6               hd1a9a77_4               conda-forge
2025-01-09T18:17:38.1710510Z   libnghttp2                     1.58.0               ha4dd798_1               conda-forge
2025-01-09T18:17:38.1710890Z   libopenblas                    0.3.27               openmp_h6c19121_0        conda-forge
2025-01-09T18:17:38.1711240Z   libpng                         1.6.43               h091b4b1_0               conda-forge
2025-01-09T18:17:38.1711550Z   librsvg                        2.58.1               hbc281fb_0               conda-forge
2025-01-09T18:17:38.1711950Z   libsodium                      1.0.18               h27ca646_1               conda-forge
2025-01-09T18:17:38.1712290Z   libsqlite                      3.46.0               hfb93653_0               conda-forge
2025-01-09T18:17:38.1712680Z   libssh2                        1.11.0               h7a5bd25_0               conda-forge
2025-01-09T18:17:38.1713020Z   libtiff                        4.6.0                h07db509_3               conda-forge
2025-01-09T18:17:38.1713300Z   libwebp                        1.4.0                h54798ee_0               conda-forge
2025-01-09T18:17:38.1713630Z   libwebp-base                   1.4.0                h93a5062_0               conda-forge
2025-01-09T18:17:38.1713980Z   libxcb                         1.16                 hf2054a2_0               conda-forge
2025-01-09T18:17:38.1714290Z   libxml2                        2.12.7               ha661575_1               conda-forge
2025-01-09T18:17:38.1714650Z   libxslt                        1.1.39               h223e5b9_0               conda-forge
2025-01-09T18:17:38.1714930Z   libzlib                        1.3.1                hfb2fe0b_1               conda-forge
2025-01-09T18:17:38.1715290Z   llvm-openmp                    18.1.7               hde57baf_0               conda-forge
2025-01-09T18:17:38.1715660Z   llvmlite                       0.42.0               py312h17030e7_1          conda-forge
2025-01-09T18:17:38.1715950Z   lxml                           5.2.2                py312h0e5ab22_0          conda-forge
2025-01-09T18:17:38.1716290Z   lz4-c                          1.9.4                hb7217d7_0               conda-forge
2025-01-09T18:17:38.1716570Z   markupsafe                     2.1.5                py312he37b823_0          conda-forge
2025-01-09T18:17:38.1716890Z   matplotlib-base                3.8.4                py312h4479663_2          conda-forge
2025-01-09T18:17:38.1717220Z   matplotlib-inline              0.1.7                pyhd8ed1ab_0             conda-forge
2025-01-09T18:17:38.1717810Z   mistune                        3.0.2                pyhd8ed1ab_0             conda-forge
2025-01-09T18:17:38.1718140Z   mpc                            1.3.1                h91ba8db_0               conda-forge
2025-01-09T18:17:38.1718410Z   mpfr                           4.2.1                h41d338b_1               conda-forge
2025-01-09T18:17:38.1718770Z   mpmath                         1.3.0                pyhd8ed1ab_0             conda-forge
2025-01-09T18:17:38.1719060Z   munkres                        1.1.4                pyh9f0ad1d_0             conda-forge
2025-01-09T18:17:38.1719350Z   mypy_extensions                1.0.0                pyha770c72_0             conda-forge
2025-01-09T18:17:38.1719640Z   nbclassic                      1.1.0                pyhd8ed1ab_0             conda-forge
2025-01-09T18:17:38.1719990Z   nbclient                       0.10.0               pyhd8ed1ab_0             conda-forge
2025-01-09T18:17:38.1720270Z   nbconvert                      7.16.4               hd8ed1ab_1               conda-forge
2025-01-09T18:17:38.1720740Z   nbconvert-core                 7.16.4               pyhd8ed1ab_1             conda-forge
2025-01-09T18:17:38.1721070Z   nbconvert-pandoc               7.16.4               hd8ed1ab_1               conda-forge
2025-01-09T18:17:38.1721370Z   nbformat                       5.10.4               pyhd8ed1ab_0             conda-forge
2025-01-09T18:17:38.1721720Z   nbsphinx                       0.9.4                pyhd8ed1ab_0             conda-forge
2025-01-09T18:17:38.1722000Z   ncurses                        6.5                  hb89a1cb_0               conda-forge
2025-01-09T18:17:38.1722280Z   nest-asyncio                   1.6.0                pyhd8ed1ab_0             conda-forge
2025-01-09T18:17:38.1722570Z   networkx                       3.3                  pyhd8ed1ab_1             conda-forge
2025-01-09T18:17:38.1722880Z   notebook                       7.2.1                pyhd8ed1ab_0             conda-forge
2025-01-09T18:17:38.1723290Z   notebook-shim                  0.2.4                pyhd8ed1ab_0             conda-forge
2025-01-09T18:17:38.1723610Z   numba                          0.59.1               py312hbaff935_0          conda-forge
2025-01-09T18:17:38.1723940Z   numexpr                        2.10.0               py312h8ae5369_0          conda-forge
2025-01-09T18:17:38.1724210Z   numpy                          1.26.4               py312h8442bc7_0          conda-forge
2025-01-09T18:17:38.1724520Z   numpydoc                       1.7.0                pyhd8ed1ab_1             conda-forge
2025-01-09T18:17:38.1724800Z   openjpeg                       2.5.2                h9f1df11_0               conda-forge
2025-01-09T18:17:38.1725090Z   openssl                        3.3.1                hfb2fe0b_0               conda-forge
2025-01-09T18:17:38.1725360Z   overrides                      7.7.0                pyhd8ed1ab_0             conda-forge
2025-01-09T18:17:38.1725650Z   packaging                      24.1                 pyhd8ed1ab_0             conda-forge
2025-01-09T18:17:38.1725930Z   pandas                         2.2.2                py312h8ae5369_1          conda-forge
2025-01-09T18:17:38.1726200Z   pandoc                         3.2                  hce30654_0               conda-forge
2025-01-09T18:17:38.1726510Z   pandocfilters                  1.5.0                pyhd8ed1ab_0             conda-forge
2025-01-09T18:17:38.1726810Z   pango                          1.54.0               h5cb9fbc_0               conda-forge
2025-01-09T18:17:38.1727070Z   parso                          0.8.4                pyhd8ed1ab_0             conda-forge
2025-01-09T18:17:38.1727350Z   pathspec                       0.12.1               pyhd8ed1ab_0             conda-forge
2025-01-09T18:17:38.1727620Z   pbr                            6.0.0                pyhd8ed1ab_0             conda-forge
2025-01-09T18:17:38.1727870Z   pcre2                          10.44                h297a79d_0               conda-forge
2025-01-09T18:17:38.1728260Z   pexpect                        4.9.0                pyhd8ed1ab_0             conda-forge
2025-01-09T18:17:38.1728550Z   pickleshare                    0.7.5                py_1003                  conda-forge
2025-01-09T18:17:38.1728830Z   pillow                         10.3.0               py312h39b1d8d_1          conda-forge
2025-01-09T18:17:38.1729090Z   pip                            24.0                 pyhd8ed1ab_0             conda-forge
2025-01-09T18:17:38.1729360Z   pixman                         0.43.4               hebf3989_0               conda-forge
2025-01-09T18:17:38.1729660Z   pkgutil-resolve-name           1.3.10               pyhd8ed1ab_1             conda-forge
2025-01-09T18:17:38.1729980Z   platformdirs                   4.2.2                pyhd8ed1ab_0             conda-forge
2025-01-09T18:17:38.1730270Z   plotly                         5.22.0               pyhd8ed1ab_0             conda-forge
2025-01-09T18:17:38.1730540Z   pluggy                         1.5.0                pyhd8ed1ab_0             conda-forge
2025-01-09T18:17:38.1731120Z   prometheus_client              0.20.0               pyhd8ed1ab_0             conda-forge
2025-01-09T18:17:38.1731430Z   prompt-toolkit                 3.0.47               pyha770c72_0             conda-forge
2025-01-09T18:17:38.1731720Z   psutil                         5.9.8                py312he37b823_0          conda-forge
2025-01-09T18:17:38.1732000Z   pthread-stubs                  0.4                  h27ca646_1001            conda-forge
2025-01-09T18:17:38.1732410Z   ptyprocess                     0.7.0                pyhd3deb0d_0             conda-forge
2025-01-09T18:17:38.1732690Z   pure_eval                      0.2.2                pyhd8ed1ab_0             conda-forge
2025-01-09T18:17:38.1732970Z   py-cpuinfo                     9.0.0                pyhd8ed1ab_0             conda-forge
2025-01-09T18:17:38.1733250Z   pybtex                         0.24.0               pyhd8ed1ab_2             conda-forge
2025-01-09T18:17:38.1733550Z   pybtex-docutils                1.0.3                py312h81bd7bf_1          conda-forge
2025-01-09T18:17:38.1733860Z   pycparser                      2.22                 pyhd8ed1ab_0             conda-forge
2025-01-09T18:17:38.1734130Z   pyerfa                         2.0.1.4              py312hbebd99a_1          conda-forge
2025-01-09T18:17:38.1734410Z   pygments                       2.18.0               pyhd8ed1ab_0             conda-forge
2025-01-09T18:17:38.1734690Z   pygraphviz                     1.13                 py312h5f4d302_1          conda-forge
2025-01-09T18:17:38.1734990Z   pyobjc-core                    10.3.1               py312hbb55c70_0          conda-forge
2025-01-09T18:17:38.1735310Z   pyobjc-framework-cocoa         10.3.1               py312hbb55c70_0          conda-forge
2025-01-09T18:17:38.1735630Z   pyparsing                      3.1.2                pyhd8ed1ab_0             conda-forge
2025-01-09T18:17:38.1735910Z   pysocks                        1.7.1                pyha2e5f31_6             conda-forge
2025-01-09T18:17:38.1736200Z   pytables                       3.9.2                py312hb622ae1_2          conda-forge
2025-01-09T18:17:38.1736480Z   pytest                         8.2.2                pyhd8ed1ab_0             conda-forge
2025-01-09T18:17:38.1736760Z   pytest-cov                     5.0.0                pyhd8ed1ab_0             conda-forge
2025-01-09T18:17:38.1737070Z   pytest-doctestplus             1.2.1                pyhd8ed1ab_0             conda-forge
2025-01-09T18:17:38.1737380Z   pytest-html                    4.1.1                pyhd8ed1ab_0             conda-forge
2025-01-09T18:17:38.1737680Z   pytest-metadata                3.1.1                pyhd8ed1ab_0             conda-forge
2025-01-09T18:17:38.1737970Z   python                         3.12.4               h30c5eda_0_cpython       conda-forge
2025-01-09T18:17:38.1738260Z   python-dateutil                2.9.0                pyhd8ed1ab_0             conda-forge
2025-01-09T18:17:38.1738910Z   python-fastjsonschema          2.20.0               pyhd8ed1ab_0             conda-forge
2025-01-09T18:17:38.1739250Z   python-json-logger             2.0.7                pyhd8ed1ab_0             conda-forge
2025-01-09T18:17:38.1739570Z   python-tzdata                  2024.1               pyhd8ed1ab_0             conda-forge
2025-01-09T18:17:38.1739870Z   python_abi                     3.12                 4_cp312                  conda-forge
2025-01-09T18:17:38.1740140Z   pytz                           2024.1               pyhd8ed1ab_0             conda-forge
2025-01-09T18:17:38.1740400Z   pyyaml                         6.0.1                py312h02f2b3b_1          conda-forge
2025-01-09T18:17:38.1740670Z   pyzmq                          26.0.3               py312hfa13136_0          conda-forge
2025-01-09T18:17:38.1740940Z   qgrid                          1.3.1                pyhd8ed1ab_4             conda-forge
2025-01-09T18:17:38.1741240Z   radioactivedecay               0.5.1                pyhd8ed1ab_0             conda-forge
2025-01-09T18:17:38.1741660Z   readline                       8.2                  h92ec313_1               conda-forge
2025-01-09T18:17:38.1741950Z   recommonmark                   0.7.1                pyhd8ed1ab_0             conda-forge
2025-01-09T18:17:38.1742240Z   referencing                    0.35.1               pyhd8ed1ab_0             conda-forge
2025-01-09T18:17:38.1742530Z   requests                       2.32.3               pyhd8ed1ab_0             conda-forge
2025-01-09T18:17:38.1742830Z   rfc3339-validator              0.1.4                pyhd8ed1ab_0             conda-forge
2025-01-09T18:17:38.1743150Z   rfc3986-validator              0.1.1                pyh9f0ad1d_0             conda-forge
2025-01-09T18:17:38.1743450Z   rpds-py                        0.18.1               py312h552d48e_0          conda-forge
2025-01-09T18:17:38.1743730Z   ruff                           0.4.9                py312h3402d49_0          conda-forge
2025-01-09T18:17:38.1744000Z   scipy                          1.13.1               py312h14ffa8f_0          conda-forge
2025-01-09T18:17:38.1744270Z   send2trash                     1.8.3                pyh31c8845_0             conda-forge
2025-01-09T18:17:38.1744570Z   setuptools                     70.0.0               pyhd8ed1ab_0             conda-forge
2025-01-09T18:17:38.1744860Z   setuptools-scm                 8.1.0                pyhd8ed1ab_0             conda-forge
2025-01-09T18:17:38.1745170Z   setuptools_scm                 8.1.0                hd8ed1ab_0               conda-forge
2025-01-09T18:17:38.1745440Z   six                            1.16.0               pyh6c4a22f_0             conda-forge
2025-01-09T18:17:38.1745710Z   snakeviz                       2.2.0                pyhd8ed1ab_0             conda-forge
2025-01-09T18:17:38.1745990Z   snappy                         1.2.0                hd04f947_1               conda-forge
2025-01-09T18:17:38.1746260Z   sniffio                        1.3.1                pyhd8ed1ab_0             conda-forge
2025-01-09T18:17:38.1746560Z   snowballstemmer                2.2.0                pyhd8ed1ab_0             conda-forge
2025-01-09T18:17:38.1746870Z   soupsieve                      2.5                  pyhd8ed1ab_1             conda-forge
2025-01-09T18:17:38.1747140Z   sphinx                         7.3.7                pyhd8ed1ab_0             conda-forge
2025-01-09T18:17:38.1747430Z   sphinx-astropy                 1.9.1                pyhd8ed1ab_0             conda-forge
2025-01-09T18:17:38.1747760Z   sphinx-automodapi              0.17.0               pyh717bed2_1             conda-forge
2025-01-09T18:17:38.1748080Z   sphinx-gallery                 0.16.0               pyhd8ed1ab_0             conda-forge
2025-01-09T18:17:38.1748410Z   sphinx-jsonschema              1.19.1               pyhd8ed1ab_0             conda-forge
2025-01-09T18:17:38.1748740Z   sphinx_bootstrap_theme         0.8.1                pyhd8ed1ab_0             conda-forge
2025-01-09T18:17:38.1749170Z   sphinx_rtd_theme               2.0.0                pyha770c72_0             conda-forge
2025-01-09T18:17:38.1749480Z   sphinxcontrib-apidoc           0.3.0                py_1                     conda-forge
2025-01-09T18:17:38.1749830Z   sphinxcontrib-applehelp        1.0.8                pyhd8ed1ab_0             conda-forge
2025-01-09T18:17:38.1750180Z   sphinxcontrib-bibtex           2.6.2                pyhd8ed1ab_0             conda-forge
2025-01-09T18:17:38.1750520Z   sphinxcontrib-devhelp          1.0.6                pyhd8ed1ab_0             conda-forge
2025-01-09T18:17:38.1750880Z   sphinxcontrib-htmlhelp         2.0.5                pyhd8ed1ab_0             conda-forge
2025-01-09T18:17:38.1751220Z   sphinxcontrib-jquery           4.1                  pyhd8ed1ab_0             conda-forge
2025-01-09T18:17:38.1751550Z   sphinxcontrib-jsmath           1.0.1                pyhd8ed1ab_0             conda-forge
2025-01-09T18:17:38.1751890Z   sphinxcontrib-qthelp           1.0.7                pyhd8ed1ab_0             conda-forge
2025-01-09T18:17:38.1752370Z   sphinxcontrib-serializinghtml  1.1.10               pyhd8ed1ab_0             conda-forge
2025-01-09T18:17:38.1752710Z   stack_data                     0.6.2                pyhd8ed1ab_0             conda-forge
2025-01-09T18:17:38.1753000Z   sympy                          1.12.1               pypyh2585a3b_103         conda-forge
2025-01-09T18:17:38.1753270Z   tabulate                       0.9.0                pyhd8ed1ab_1             conda-forge
2025-01-09T18:17:38.1753570Z   tenacity                       8.4.1                pyhd8ed1ab_0             conda-forge
2025-01-09T18:17:38.1753860Z   terminado                      0.18.1               pyh31c8845_0             conda-forge
2025-01-09T18:17:38.1754150Z   tinycss2                       1.3.0                pyhd8ed1ab_0             conda-forge
2025-01-09T18:17:38.1754420Z   tk                             8.6.13               h5083fa2_1               conda-forge
2025-01-09T18:17:38.1754680Z   toml                           0.10.2               pyhd8ed1ab_0             conda-forge
2025-01-09T18:17:38.1754940Z   tomli                          2.0.1                pyhd8ed1ab_0             conda-forge
2025-01-09T18:17:38.1755210Z   tornado                        6.4.1                py312h7e5086c_0          conda-forge
2025-01-09T18:17:38.1755490Z   tqdm                           4.66.4               pyhd8ed1ab_0             conda-forge
2025-01-09T18:17:38.1755780Z   traitlets                      5.14.3               pyhd8ed1ab_0             conda-forge
2025-01-09T18:17:38.1756080Z   typed-ast                      1.5.5                py312h02f2b3b_1          conda-forge
2025-01-09T18:17:38.1756420Z   types-python-dateutil          2.9.0.20240316       pyhd8ed1ab_0             conda-forge
2025-01-09T18:17:38.1756760Z   typing-extensions              4.12.2               hd8ed1ab_0               conda-forge
2025-01-09T18:17:38.1757090Z   typing_extensions              4.12.2               pyha770c72_0             conda-forge
2025-01-09T18:17:38.1757400Z   typing_utils                   0.1.0                pyhd8ed1ab_0             conda-forge
2025-01-09T18:17:38.1757690Z   tzdata                         2024a                h0c530f3_0               conda-forge
2025-01-09T18:17:38.1757970Z   uri-template                   1.3.0                pyhd8ed1ab_0             conda-forge
2025-01-09T18:17:38.1758270Z   urllib3                        2.2.2                pyhd8ed1ab_0             conda-forge
2025-01-09T18:17:38.1758540Z   wcwidth                        0.2.13               pyhd8ed1ab_0             conda-forge
2025-01-09T18:17:38.1758820Z   webcolors                      24.6.0               pyhd8ed1ab_0             conda-forge
2025-01-09T18:17:38.1759120Z   webencodings                   0.5.1                pyhd8ed1ab_2             conda-forge
2025-01-09T18:17:38.1759420Z   websocket-client               1.8.0                pyhd8ed1ab_0             conda-forge
2025-01-09T18:17:38.1759710Z   wheel                          0.43.0               pyhd8ed1ab_1             conda-forge
2025-01-09T18:17:38.1760120Z   widgetsnbextension             3.6.6                pyhd8ed1ab_0             conda-forge
2025-01-09T18:17:38.1760440Z   xorg-libxau                    1.0.11               hb547adb_0               conda-forge
2025-01-09T18:17:38.1760740Z   xorg-libxdmcp                  1.1.3                h27ca646_0               conda-forge
2025-01-09T18:17:38.1761010Z   xz                             5.2.6                h57fd34a_0               conda-forge
2025-01-09T18:17:38.1761270Z   yaml                           0.2.5                h3422bc3_2               conda-forge
2025-01-09T18:17:38.1761530Z   zeromq                         4.3.5                hcc0f68c_4               conda-forge
2025-01-09T18:17:38.1761800Z   zipp                           3.19.2               pyhd8ed1ab_0             conda-forge
2025-01-09T18:17:38.1762050Z   zlib                           1.3.1                hfb2fe0b_1               conda-forge
2025-01-09T18:17:38.1762420Z   zlib-ng                        2.0.7                h1a8c8d9_0               conda-forge
2025-01-09T18:17:38.1762690Z   zstd                           1.5.6                hb46c0d2_0               conda-forge
2025-01-09T18:17:38.1763170Z ##[endgroup]
