2025-01-10T11:40:59.3810906Z Prepare all required actions
2025-01-10T11:40:59.3812232Z Getting action download info
2025-01-10T11:40:59.5278058Z Download action repository 'mamba-org/setup-micromamba@v1' (SHA:4b9113af4fba0e9e1124b252dd6497a419e7396d)
2025-01-10T11:40:59.7764127Z ##[group]Run ./.github/actions/setup_env
2025-01-10T11:40:59.7764449Z with:
2025-01-10T11:40:59.7764667Z   os-label: linux-64
2025-01-10T11:40:59.7764876Z env:
2025-01-10T11:40:59.7765073Z   CACHE_NUMBER: 0
2025-01-10T11:40:59.7765757Z   PYTEST_FLAGS: --tardis-regression-data=/home/runner/work/tardis/tardis/tardis-regression-data --cov=tardis --cov-report=xml --cov-report=html --cov-append
2025-01-10T11:40:59.7766437Z   CODECOV_TOKEN: 
2025-01-10T11:40:59.7766632Z ##[endgroup]
2025-01-10T11:40:59.7868613Z ##[group]Run file_hash=$(cat conda-linux-64.lock | shasum -a 256 | cut -d' ' -f1)
2025-01-10T11:40:59.7869233Z [36;1mfile_hash=$(cat conda-linux-64.lock | shasum -a 256 | cut -d' ' -f1)[0m
2025-01-10T11:40:59.7869677Z [36;1mecho "file_hash=$file_hash" >> "${GITHUB_OUTPUT}"[0m
2025-01-10T11:40:59.7901647Z shell: /usr/bin/bash --noprofile --norc -e -o pipefail {0}
2025-01-10T11:40:59.7902005Z env:
2025-01-10T11:40:59.7902189Z   CACHE_NUMBER: 0
2025-01-10T11:40:59.7902846Z   PYTEST_FLAGS: --tardis-regression-data=/home/runner/work/tardis/tardis/tardis-regression-data --cov=tardis --cov-report=xml --cov-report=html --cov-append
2025-01-10T11:40:59.7903540Z   CODECOV_TOKEN: 
2025-01-10T11:40:59.7903734Z ##[endgroup]
2025-01-10T11:40:59.8255436Z ##[group]Run mamba-org/setup-micromamba@v1
2025-01-10T11:40:59.8255724Z with:
2025-01-10T11:40:59.8255937Z   environment-file: conda-linux-64.lock
2025-01-10T11:40:59.8256392Z   cache-environment-key: d7cd390425b0fd3cf82649dcc003efba9915fb4928f15d342148c3ccffcbe2ee
2025-01-10T11:40:59.8256982Z   cache-downloads-key: d7cd390425b0fd3cf82649dcc003efba9915fb4928f15d342148c3ccffcbe2ee
2025-01-10T11:40:59.8257410Z   environment-name: tardis
2025-01-10T11:40:59.8257651Z   cache-environment: true
2025-01-10T11:40:59.8257878Z   cache-downloads: true
2025-01-10T11:40:59.8258108Z env:
2025-01-10T11:40:59.8258286Z   CACHE_NUMBER: 0
2025-01-10T11:40:59.8259073Z   PYTEST_FLAGS: --tardis-regression-data=/home/runner/work/tardis/tardis/tardis-regression-data --cov=tardis --cov-report=xml --cov-report=html --cov-append
2025-01-10T11:40:59.8259747Z   CODECOV_TOKEN: 
2025-01-10T11:40:59.8259964Z ##[endgroup]
2025-01-10T11:40:59.9570919Z Will download micromamba to /home/runner/micromamba-bin/micromamba
2025-01-10T11:40:59.9580763Z ##[group]Install micromamba
2025-01-10T11:41:00.2088692Z micromamba installed to /home/runner/micromamba-bin/micromamba
2025-01-10T11:41:00.2092447Z ##[endgroup]
2025-01-10T11:41:00.2093238Z Adding conda-forge to condarc channels ...
2025-01-10T11:41:00.2100884Z ##[group]Initialize micromamba for bash.
2025-01-10T11:41:00.2130698Z [command]/home/runner/micromamba-bin/micromamba shell init -s bash -r /home/runner/micromamba --log-level warning --rc-file /home/runner/work/_temp/setup-micromamba/.condarc
2025-01-10T11:41:00.2224099Z Modifying RC file "/home/runner/.bashrc"
2025-01-10T11:41:00.2225448Z Generating config for root prefix [1m"/home/runner/micromamba"[0m
2025-01-10T11:41:00.2227555Z Setting mamba executable to: [1m"/home/runner/micromamba-bin/micromamba"[0m
2025-01-10T11:41:00.2228627Z Adding (or replacing) the following in your "/home/runner/.bashrc" file
2025-01-10T11:41:00.2229487Z 
2025-01-10T11:41:00.2229693Z # >>> mamba initialize >>>
2025-01-10T11:41:00.2230229Z # !! Contents within this block are managed by 'mamba init' !!
2025-01-10T11:41:00.2230926Z export MAMBA_EXE='/home/runner/micromamba-bin/micromamba';
2025-01-10T11:41:00.2231575Z export MAMBA_ROOT_PREFIX='/home/runner/micromamba';
2025-01-10T11:41:00.2232450Z __mamba_setup="$("$MAMBA_EXE" shell hook --shell bash --root-prefix "$MAMBA_ROOT_PREFIX" 2> /dev/null)"
2025-01-10T11:41:00.2233252Z if [ $? -eq 0 ]; then
2025-01-10T11:41:00.2233638Z     eval "$__mamba_setup"
2025-01-10T11:41:00.2234022Z else
2025-01-10T11:41:00.2234509Z     alias micromamba="$MAMBA_EXE"  # Fallback on help from mamba activate
2025-01-10T11:41:00.2235463Z fi
2025-01-10T11:41:00.2235833Z unset __mamba_setup
2025-01-10T11:41:00.2236255Z # <<< mamba initialize <<<
2025-01-10T11:41:00.2236589Z 
2025-01-10T11:41:00.2242947Z Moving mamba initialize block to .bash_profile
2025-01-10T11:41:00.2254650Z ##[endgroup]
2025-01-10T11:41:00.2256048Z ##[group]Restoring downloads from `/home/runner/micromamba/pkgs` ...
2025-01-10T11:41:01.2938207Z Received 348127232 of 356800233 (97.6%), 331.7 MBs/sec
2025-01-10T11:41:01.3591337Z Cache Size: ~340 MB (356800233 B)
2025-01-10T11:41:01.3655532Z [command]/usr/bin/tar -xf /home/runner/work/_temp/1f1f2c48-dd07-4cfa-a7d3-f22b8fc237a3/cache.tzst -P -C /home/runner/work/tardis/tardis --use-compress-program unzstd
2025-01-10T11:41:01.8557916Z Cache restored successfully
2025-01-10T11:41:01.9274294Z Restored cache with key `d7cd390425b0fd3cf82649dcc003efba9915fb4928f15d342148c3ccffcbe2ee-linux-64`
2025-01-10T11:41:01.9276332Z ##[endgroup]
2025-01-10T11:41:01.9286694Z ##[group]Restoring environment `tardis` from `/home/runner/micromamba/envs/tardis` ...
2025-01-10T11:41:02.2964288Z Received 356800233 of 356800233 (100.0%), 169.8 MBs/sec
2025-01-10T11:41:02.9962590Z Received 352321536 of 444592193 (79.2%), 333.0 MBs/sec
2025-01-10T11:41:03.2036323Z Cache Size: ~424 MB (444592193 B)
2025-01-10T11:41:03.2127037Z [command]/usr/bin/tar -xf /home/runner/work/_temp/48a97981-8972-4517-ab3f-a1db7e6428a6/cache.tzst -P -C /home/runner/work/tardis/tardis --use-compress-program unzstd
2025-01-10T11:41:03.9980263Z Received 444592193 of 444592193 (100.0%), 210.9 MBs/sec
2025-01-10T11:41:08.5777768Z Cache restored successfully
2025-01-10T11:41:08.9842327Z Restored cache with key `d7cd390425b0fd3cf82649dcc003efba9915fb4928f15d342148c3ccffcbe2ee-linux-64-tardis-args-4f53cda-root-dcc80ee-bin-[object Promise]-file-d7cd390425b0fd3cf82649dcc003efba9915fb4928f15d342148c3ccffcbe2ee`
2025-01-10T11:41:08.9843876Z ##[endgroup]
2025-01-10T11:41:08.9844146Z Adding environment tardis to auto-activate bash ...
2025-01-10T11:41:08.9854581Z Generating micromamba run shell.
2025-01-10T11:41:08.9867359Z ##[endgroup]
2025-01-10T11:41:08.9874257Z Set environment variables.
2025-01-10T11:41:08.9878335Z ##[group]micromamba info
2025-01-10T11:41:08.9884344Z [command]/home/runner/micromamba-bin/micromamba info -r /home/runner/micromamba -n tardis
2025-01-10T11:41:09.0107899Z 
2025-01-10T11:41:09.0108126Z        libmamba version : 1.5.10
2025-01-10T11:41:09.0108818Z      micromamba version : 1.5.10
2025-01-10T11:41:09.0109549Z            curl version : libcurl/8.10.1 OpenSSL/3.3.2 zlib/1.3.1 zstd/1.5.6 libssh2/1.11.0 nghttp2/1.58.0
2025-01-10T11:41:09.0110522Z      libarchive version : libarchive 3.7.4 zlib/1.2.13 bz2lib/1.0.8 libzstd/1.5.6
2025-01-10T11:41:09.0111230Z        envs directories : /home/runner/micromamba/envs
2025-01-10T11:41:09.0111782Z           package cache : /home/runner/micromamba/pkgs
2025-01-10T11:41:09.0112287Z                           /home/runner/.mamba/pkgs
2025-01-10T11:41:09.0112763Z             environment : tardis
2025-01-10T11:41:09.0113197Z            env location : /home/runner/micromamba/envs/tardis
2025-01-10T11:41:09.0113541Z       user config files : /home/runner/.mambarc
2025-01-10T11:41:09.0114047Z  populated config files : /home/runner/work/_temp/setup-micromamba/.condarc
2025-01-10T11:41:09.0114730Z        virtual packages : __unix=0=0
2025-01-10T11:41:09.0115162Z                           __linux=6.8.0=0
2025-01-10T11:41:09.0115608Z                           __glibc=2.39=0
2025-01-10T11:41:09.0116069Z                           __archspec=1=x86_64_v3
2025-01-10T11:41:09.0116695Z                channels : https://conda.anaconda.org/conda-forge/linux-64
2025-01-10T11:41:09.0117361Z                           https://conda.anaconda.org/conda-forge/noarch
2025-01-10T11:41:09.0117939Z        base environment : /home/runner/micromamba
2025-01-10T11:41:09.0118638Z                platform : linux-64
2025-01-10T11:41:09.0123492Z ##[endgroup]
2025-01-10T11:41:09.0124142Z ##[group]micromamba list
2025-01-10T11:41:09.0125471Z [command]/home/runner/micromamba-bin/micromamba list -r /home/runner/micromamba -n tardis
2025-01-10T11:41:09.4216196Z List of packages in environment: "/home/runner/micromamba/envs/tardis"
2025-01-10T11:41:09.4216980Z 
2025-01-10T11:41:09.4217353Z   Name                           Version              Build                    Channel    
2025-01-10T11:41:09.4218956Z â”€â”€â”€â”€â”€â”€â”€â”€â”€â”€â”€â”€â”€â”€â”€â”€â”€â”€â”€â”€â”€â”€â”€â”€â”€â”€â”€â”€â”€â”€â”€â”€â”€â”€â”€â”€â”€â”€â”€â”€â”€â”€â”€â”€â”€â”€â”€â”€â”€â”€â”€â”€â”€â”€â”€â”€â”€â”€â”€â”€â”€â”€â”€â”€â”€â”€â”€â”€â”€â”€â”€â”€â”€â”€â”€â”€â”€â”€â”€â”€â”€â”€â”€â”€â”€â”€â”€â”€â”€â”€â”€â”€
2025-01-10T11:41:09.4220013Z   _libgcc_mutex                  0.1                  conda_forge              conda-forge
2025-01-10T11:41:09.4220868Z   _openmp_mutex                  4.5                  2_gnu                    conda-forge
2025-01-10T11:41:09.4221694Z   alabaster                      0.7.16               pyhd8ed1ab_0             conda-forge
2025-01-10T11:41:09.4222253Z   anyio                          4.4.0                pyhd8ed1ab_0             conda-forge
2025-01-10T11:41:09.4222805Z   argon2-cffi                    23.1.0               pyhd8ed1ab_0             conda-forge
2025-01-10T11:41:09.4223437Z   argon2-cffi-bindings           21.2.0               py312h98912ed_4          conda-forge
2025-01-10T11:41:09.4224041Z   arrow                          1.3.0                pyhd8ed1ab_0             conda-forge
2025-01-10T11:41:09.4224523Z   astropy                        6.1.1                py312h085067d_0          conda-forge
2025-01-10T11:41:09.4225011Z   astropy-iers-data              0.2024.6.17.0.31.35  pyhd8ed1ab_0             conda-forge
2025-01-10T11:41:09.4225557Z   astropy-sphinx-theme           1.1                  pyhd8ed1ab_0             conda-forge
2025-01-10T11:41:09.4226090Z   asttokens                      2.4.1                pyhd8ed1ab_0             conda-forge
2025-01-10T11:41:09.4226555Z   async-lru                      2.0.4                pyhd8ed1ab_0             conda-forge
2025-01-10T11:41:09.4226991Z   atk-1.0                        2.38.0               h04ea711_2               conda-forge
2025-01-10T11:41:09.4227413Z   attrs                          23.2.0               pyh71513ae_0             conda-forge
2025-01-10T11:41:09.4227839Z   babel                          2.14.0               pyhd8ed1ab_0             conda-forge
2025-01-10T11:41:09.4228303Z   beautifulsoup4                 4.12.3               pyha770c72_0             conda-forge
2025-01-10T11:41:09.4228978Z   bleach                         6.1.0                pyhd8ed1ab_0             conda-forge
2025-01-10T11:41:09.4229406Z   blosc                          1.21.5               hc2324a3_1               conda-forge
2025-01-10T11:41:09.4229824Z   brotli                         1.1.0                hd590300_1               conda-forge
2025-01-10T11:41:09.4230260Z   brotli-bin                     1.1.0                hd590300_1               conda-forge
2025-01-10T11:41:09.4230735Z   brotli-python                  1.1.0                py312h30efb56_1          conda-forge
2025-01-10T11:41:09.4231193Z   bzip2                          1.0.8                hd590300_5               conda-forge
2025-01-10T11:41:09.4231617Z   c-ares                         1.28.1               hd590300_0               conda-forge
2025-01-10T11:41:09.4232041Z   c-blosc2                       2.14.4               hb4ffafa_1               conda-forge
2025-01-10T11:41:09.4232790Z   ca-certificates                2024.6.2             hbcca054_0               conda-forge
2025-01-10T11:41:09.4233301Z   cached-property                1.5.2                hd8ed1ab_1               conda-forge
2025-01-10T11:41:09.4233804Z   cached_property                1.5.2                pyha770c72_1             conda-forge
2025-01-10T11:41:09.4234257Z   cairo                          1.18.0               h3faef2a_0               conda-forge
2025-01-10T11:41:09.4234690Z   certifi                        2024.6.2             pyhd8ed1ab_0             conda-forge
2025-01-10T11:41:09.4235115Z   cffi                           1.16.0               py312hf06ca03_0          conda-forge
2025-01-10T11:41:09.4235708Z   charset-normalizer             3.3.2                pyhd8ed1ab_0             conda-forge
2025-01-10T11:41:09.4236102Z   click                          8.1.7                unix_pyh707e725_0        conda-forge
2025-01-10T11:41:09.4236478Z   codespell                      2.3.0                pyhd8ed1ab_0             conda-forge
2025-01-10T11:41:09.4236851Z   colorama                       0.4.6                pyhd8ed1ab_0             conda-forge
2025-01-10T11:41:09.4237200Z   comm                           0.2.2                pyhd8ed1ab_0             conda-forge
2025-01-10T11:41:09.4237551Z   commonmark                     0.9.1                py_0                     conda-forge
2025-01-10T11:41:09.4237921Z   contourpy                      1.2.1                py312h8572e83_0          conda-forge
2025-01-10T11:41:09.4238284Z   coverage                       7.5.3                py312h9a8786e_0          conda-forge
2025-01-10T11:41:09.4238761Z   cycler                         0.12.1               pyhd8ed1ab_0             conda-forge
2025-01-10T11:41:09.4239135Z   dataclasses                    0.8                  pyhc8e2a94_3             conda-forge
2025-01-10T11:41:09.4239500Z   debugpy                        1.8.1                py312h30efb56_0          conda-forge
2025-01-10T11:41:09.4239863Z   decorator                      5.1.1                pyhd8ed1ab_0             conda-forge
2025-01-10T11:41:09.4240229Z   defusedxml                     0.7.1                pyhd8ed1ab_0             conda-forge
2025-01-10T11:41:09.4240594Z   docutils                       0.20.1               py312h7900ff3_3          conda-forge
2025-01-10T11:41:09.4240949Z   dot2tex                        2.11.3               pyhd8ed1ab_0             conda-forge
2025-01-10T11:41:09.4241326Z   entrypoints                    0.4                  pyhd8ed1ab_0             conda-forge
2025-01-10T11:41:09.4241734Z   exceptiongroup                 1.2.0                pyhd8ed1ab_2             conda-forge
2025-01-10T11:41:09.4242132Z   executing                      2.0.1                pyhd8ed1ab_0             conda-forge
2025-01-10T11:41:09.4242478Z   expat                          2.6.2                h59595ed_0               conda-forge
2025-01-10T11:41:09.4242877Z   font-ttf-dejavu-sans-mono      2.37                 hab24e00_0               conda-forge
2025-01-10T11:41:09.4243331Z   font-ttf-inconsolata           3.000                h77eed37_0               conda-forge
2025-01-10T11:41:09.4243776Z   font-ttf-source-code-pro       2.038                h77eed37_0               conda-forge
2025-01-10T11:41:09.4244209Z   font-ttf-ubuntu                0.83                 h77eed37_2               conda-forge
2025-01-10T11:41:09.4244590Z   fontconfig                     2.14.2               h14ed4e7_0               conda-forge
2025-01-10T11:41:09.4244987Z   fonts-conda-ecosystem          1                    0                        conda-forge
2025-01-10T11:41:09.4245393Z   fonts-conda-forge              1                    0                        conda-forge
2025-01-10T11:41:09.4245778Z   fonttools                      4.53.0               py312h9a8786e_0          conda-forge
2025-01-10T11:41:09.4246129Z   fqdn                           1.5.1                pyhd8ed1ab_0             conda-forge
2025-01-10T11:41:09.4246469Z   freetype                       2.12.1               h267a509_2               conda-forge
2025-01-10T11:41:09.4246946Z   fribidi                        1.0.10               h36c2ea0_0               conda-forge
2025-01-10T11:41:09.4247302Z   future                         1.0.0                pyhd8ed1ab_0             conda-forge
2025-01-10T11:41:09.4247661Z   gdk-pixbuf                     2.42.12              hb9ae30d_0               conda-forge
2025-01-10T11:41:09.4248028Z   giflib                         5.2.2                hd590300_0               conda-forge
2025-01-10T11:41:09.4248567Z   git-lfs                        3.5.1                ha770c72_0               conda-forge
2025-01-10T11:41:09.4249014Z   gmp                            6.3.0                h59595ed_1               conda-forge
2025-01-10T11:41:09.4249341Z   gmpy2                          2.1.5                py312h1d5cde6_1          conda-forge
2025-01-10T11:41:09.4249698Z   graphite2                      1.3.13               h59595ed_1003            conda-forge
2025-01-10T11:41:09.4250060Z   graphviz                       11.0.0               hc68bbd7_0               conda-forge
2025-01-10T11:41:09.4250403Z   gtk2                           2.24.33              h280cfa0_4               conda-forge
2025-01-10T11:41:09.4250726Z   gts                            0.7.6                h977cf35_4               conda-forge
2025-01-10T11:41:09.4251047Z   h11                            0.14.0               pyhd8ed1ab_0             conda-forge
2025-01-10T11:41:09.4251377Z   h2                             4.1.0                pyhd8ed1ab_0             conda-forge
2025-01-10T11:41:09.4251987Z   h5py                           3.11.0               nompi_py312hb7ab980_102  conda-forge
2025-01-10T11:41:09.4252489Z   harfbuzz                       8.5.0                hfac3d4d_0               conda-forge
2025-01-10T11:41:09.4252838Z   hdf5                           1.14.3               nompi_hdf9ad27_105       conda-forge
2025-01-10T11:41:09.4253174Z   hpack                          4.0.0                pyh9f0ad1d_0             conda-forge
2025-01-10T11:41:09.4253540Z   httpcore                       1.0.5                pyhd8ed1ab_0             conda-forge
2025-01-10T11:41:09.4253915Z   httpx                          0.27.0               pyhd8ed1ab_0             conda-forge
2025-01-10T11:41:09.4254356Z   hyperframe                     6.0.1                pyhd8ed1ab_0             conda-forge
2025-01-10T11:41:09.4254985Z   icu                            73.2                 h59595ed_0               conda-forge
2025-01-10T11:41:09.4256189Z   idna                           3.7                  pyhd8ed1ab_0             conda-forge
2025-01-10T11:41:09.4256822Z   imagesize                      1.4.1                pyhd8ed1ab_0             conda-forge
2025-01-10T11:41:09.4257513Z   importlib-metadata             7.1.0                pyha770c72_0             conda-forge
2025-01-10T11:41:09.4258284Z   importlib_metadata             7.1.0                hd8ed1ab_0               conda-forge
2025-01-10T11:41:09.4259191Z   importlib_resources            6.4.0                pyhd8ed1ab_0             conda-forge
2025-01-10T11:41:09.4259871Z   iniconfig                      2.0.0                pyhd8ed1ab_0             conda-forge
2025-01-10T11:41:09.4260341Z   ipykernel                      6.29.4               pyh3099207_0             conda-forge
2025-01-10T11:41:09.4260943Z   ipython                        8.25.0               pyh707e725_0             conda-forge
2025-01-10T11:41:09.4261624Z   ipython_genutils               0.2.0                pyhd8ed1ab_1             conda-forge
2025-01-10T11:41:09.4262271Z   ipywidgets                     7.8.0                pyhd8ed1ab_0             conda-forge
2025-01-10T11:41:09.4262894Z   isoduration                    20.11.0              pyhd8ed1ab_0             conda-forge
2025-01-10T11:41:09.4263467Z   jedi                           0.19.1               pyhd8ed1ab_0             conda-forge
2025-01-10T11:41:09.4264016Z   jinja2                         3.1.4                pyhd8ed1ab_0             conda-forge
2025-01-10T11:41:09.4264805Z   json5                          0.9.25               pyhd8ed1ab_0             conda-forge
2025-01-10T11:41:09.4265381Z   jsonpointer                    3.0.0                py312h7900ff3_0          conda-forge
2025-01-10T11:41:09.4266029Z   jsonschema                     4.22.0               pyhd8ed1ab_0             conda-forge
2025-01-10T11:41:09.4291860Z   jsonschema-specifications      2023.12.1            pyhd8ed1ab_0             conda-forge
2025-01-10T11:41:09.4292445Z   jsonschema-with-format-nongpl  4.22.0               pyhd8ed1ab_0             conda-forge
2025-01-10T11:41:09.4293119Z   jupyter-lsp                    2.2.5                pyhd8ed1ab_0             conda-forge
2025-01-10T11:41:09.4293515Z   jupyter_client                 8.6.2                pyhd8ed1ab_0             conda-forge
2025-01-10T11:41:09.4293910Z   jupyter_core                   5.7.2                py312h7900ff3_0          conda-forge
2025-01-10T11:41:09.4294303Z   jupyter_events                 0.10.0               pyhd8ed1ab_0             conda-forge
2025-01-10T11:41:09.4294698Z   jupyter_server                 2.14.1               pyhd8ed1ab_0             conda-forge
2025-01-10T11:41:09.4295112Z   jupyter_server_terminals       0.5.3                pyhd8ed1ab_0             conda-forge
2025-01-10T11:41:09.4295514Z   jupyterlab                     4.2.2                pyhd8ed1ab_0             conda-forge
2025-01-10T11:41:09.4295914Z   jupyterlab_pygments            0.3.0                pyhd8ed1ab_1             conda-forge
2025-01-10T11:41:09.4296339Z   jupyterlab_server              2.27.2               pyhd8ed1ab_0             conda-forge
2025-01-10T11:41:09.4296761Z   jupyterlab_widgets             1.1.7                pyhd8ed1ab_0             conda-forge
2025-01-10T11:41:09.4297157Z   keyutils                       1.6.1                h166bdaf_0               conda-forge
2025-01-10T11:41:09.4297544Z   kiwisolver                     1.4.5                py312h8572e83_1          conda-forge
2025-01-10T11:41:09.4297905Z   krb5                           1.21.2               h659d440_0               conda-forge
2025-01-10T11:41:09.4298272Z   latexcodec                     2.0.1                pyh9f0ad1d_0             conda-forge
2025-01-10T11:41:09.4298808Z   lcms2                          2.16                 hb7c19ff_0               conda-forge
2025-01-10T11:41:09.4299166Z   ld_impl_linux-64               2.40                 hf3520f5_7               conda-forge
2025-01-10T11:41:09.4299515Z   lerc                           4.0.0                h27087fc_0               conda-forge
2025-01-10T11:41:09.4299845Z   libaec                         1.1.3                h59595ed_0               conda-forge
2025-01-10T11:41:09.4300208Z   libblas                        3.9.0                22_linux64_openblas      conda-forge
2025-01-10T11:41:09.4300595Z   libbrotlicommon                1.1.0                hd590300_1               conda-forge
2025-01-10T11:41:09.4300995Z   libbrotlidec                   1.1.0                hd590300_1               conda-forge
2025-01-10T11:41:09.4301377Z   libbrotlienc                   1.1.0                hd590300_1               conda-forge
2025-01-10T11:41:09.4301754Z   libcblas                       3.9.0                22_linux64_openblas      conda-forge
2025-01-10T11:41:09.4302112Z   libcurl                        8.8.0                hca28451_0               conda-forge
2025-01-10T11:41:09.4302466Z   libdeflate                     1.20                 hd590300_0               conda-forge
2025-01-10T11:41:09.4302838Z   libedit                        3.1.20191231         he28a2e2_2               conda-forge
2025-01-10T11:41:09.4303196Z   libev                          4.33                 hd590300_2               conda-forge
2025-01-10T11:41:09.4303545Z   libexpat                       2.6.2                h59595ed_0               conda-forge
2025-01-10T11:41:09.4303892Z   libffi                         3.4.2                h7f98852_5               conda-forge
2025-01-10T11:41:09.4304375Z   libgcc-ng                      13.2.0               h77fa898_10              conda-forge
2025-01-10T11:41:09.4304726Z   libgd                          2.3.3                h119a65a_9               conda-forge
2025-01-10T11:41:09.4305119Z   libgfortran-ng                 13.2.0               h69a702a_10              conda-forge
2025-01-10T11:41:09.4305514Z   libgfortran5                   13.2.0               h3d2ce59_10              conda-forge
2025-01-10T11:41:09.4305903Z   libglib                        2.80.2               h8a4344b_1               conda-forge
2025-01-10T11:41:09.4306272Z   libgomp                        13.2.0               h77fa898_10              conda-forge
2025-01-10T11:41:09.4306738Z   libiconv                       1.17                 hd590300_2               conda-forge
2025-01-10T11:41:09.4307108Z   libjpeg-turbo                  3.0.0                hd590300_1               conda-forge
2025-01-10T11:41:09.4307492Z   liblapack                      3.9.0                22_linux64_openblas      conda-forge
2025-01-10T11:41:09.4307862Z   libllvm14                      14.0.6               hcd5def8_4               conda-forge
2025-01-10T11:41:09.4308234Z   libnghttp2                     1.58.0               h47da74e_1               conda-forge
2025-01-10T11:41:09.4308769Z   libnsl                         2.0.1                hd590300_0               conda-forge
2025-01-10T11:41:09.4309163Z   libopenblas                    0.3.27               pthreads_h413a1c8_0      conda-forge
2025-01-10T11:41:09.4309537Z   libpng                         1.6.43               h2797004_0               conda-forge
2025-01-10T11:41:09.4309889Z   librsvg                        2.58.1               hadf69e7_0               conda-forge
2025-01-10T11:41:09.4310252Z   libsodium                      1.0.18               h36c2ea0_1               conda-forge
2025-01-10T11:41:09.4310629Z   libsqlite                      3.46.0               hde9e2c9_0               conda-forge
2025-01-10T11:41:09.4311008Z   libssh2                        1.11.0               h0841786_0               conda-forge
2025-01-10T11:41:09.4311380Z   libstdcxx-ng                   13.2.0               hc0a3c3a_10              conda-forge
2025-01-10T11:41:09.4311749Z   libtiff                        4.6.0                h1dd3fc0_3               conda-forge
2025-01-10T11:41:09.4312102Z   libuuid                        2.38.1               h0b41bf4_0               conda-forge
2025-01-10T11:41:09.4312451Z   libwebp                        1.4.0                h2c329e2_0               conda-forge
2025-01-10T11:41:09.4312806Z   libwebp-base                   1.4.0                hd590300_0               conda-forge
2025-01-10T11:41:09.4313170Z   libxcb                         1.15                 h0b41bf4_0               conda-forge
2025-01-10T11:41:09.4313527Z   libxcrypt                      4.4.36               hd590300_1               conda-forge
2025-01-10T11:41:09.4313889Z   libxml2                        2.12.7               hc051c1a_1               conda-forge
2025-01-10T11:41:09.4314240Z   libxslt                        1.1.39               h76b75d6_0               conda-forge
2025-01-10T11:41:09.4314593Z   libzlib                        1.3.1                h4ab18f5_1               conda-forge
2025-01-10T11:41:09.4314954Z   llvmlite                       0.42.0               py312hb06c811_1          conda-forge
2025-01-10T11:41:09.4315305Z   lxml                           5.2.2                py312hb90d8a5_0          conda-forge
2025-01-10T11:41:09.4315638Z   lz4-c                          1.9.4                hcb278e6_0               conda-forge
2025-01-10T11:41:09.4315980Z   lzo                            2.10                 hd590300_1001            conda-forge
2025-01-10T11:41:09.4316338Z   markupsafe                     2.1.5                py312h98912ed_0          conda-forge
2025-01-10T11:41:09.4316732Z   matplotlib-base                3.8.4                py312h20ab3a6_2          conda-forge
2025-01-10T11:41:09.4317267Z   matplotlib-inline              0.1.7                pyhd8ed1ab_0             conda-forge
2025-01-10T11:41:09.4317658Z   mistune                        3.0.2                pyhd8ed1ab_0             conda-forge
2025-01-10T11:41:09.4318000Z   mpc                            1.3.1                hfe3b2da_0               conda-forge
2025-01-10T11:41:09.4318342Z   mpfr                           4.2.1                h9458935_1               conda-forge
2025-01-10T11:41:09.4318876Z   mpmath                         1.3.0                pyhd8ed1ab_0             conda-forge
2025-01-10T11:41:09.4319236Z   munkres                        1.1.4                pyh9f0ad1d_0             conda-forge
2025-01-10T11:41:09.4319787Z   mypy_extensions                1.0.0                pyha770c72_0             conda-forge
2025-01-10T11:41:09.4320161Z   nbclassic                      1.1.0                pyhd8ed1ab_0             conda-forge
2025-01-10T11:41:09.4320532Z   nbclient                       0.10.0               pyhd8ed1ab_0             conda-forge
2025-01-10T11:41:09.4320897Z   nbconvert                      7.16.4               hd8ed1ab_1               conda-forge
2025-01-10T11:41:09.4321281Z   nbconvert-core                 7.16.4               pyhd8ed1ab_1             conda-forge
2025-01-10T11:41:09.4321687Z   nbconvert-pandoc               7.16.4               hd8ed1ab_1               conda-forge
2025-01-10T11:41:09.4322080Z   nbformat                       5.10.4               pyhd8ed1ab_0             conda-forge
2025-01-10T11:41:09.4322444Z   nbsphinx                       0.9.4                pyhd8ed1ab_0             conda-forge
2025-01-10T11:41:09.4322801Z   ncurses                        6.5                  h59595ed_0               conda-forge
2025-01-10T11:41:09.4323168Z   nest-asyncio                   1.6.0                pyhd8ed1ab_0             conda-forge
2025-01-10T11:41:09.4323544Z   networkx                       3.3                  pyhd8ed1ab_1             conda-forge
2025-01-10T11:41:09.4323892Z   nomkl                          1.0                  h5ca1d4c_0               conda-forge
2025-01-10T11:41:09.4324243Z   notebook                       7.2.1                pyhd8ed1ab_0             conda-forge
2025-01-10T11:41:09.4324613Z   notebook-shim                  0.2.4                pyhd8ed1ab_0             conda-forge
2025-01-10T11:41:09.4324978Z   numba                          0.59.1               py312hacefee8_0          conda-forge
2025-01-10T11:41:09.4325324Z   numexpr                        2.10.0               py312hf412c99_100        conda-forge
2025-01-10T11:41:09.4325676Z   numpy                          1.26.4               py312heda63a1_0          conda-forge
2025-01-10T11:41:09.4326034Z   numpydoc                       1.7.0                pyhd8ed1ab_1             conda-forge
2025-01-10T11:41:09.4326393Z   openjpeg                       2.5.2                h488ebb8_0               conda-forge
2025-01-10T11:41:09.4326748Z   openssl                        3.3.1                h4ab18f5_0               conda-forge
2025-01-10T11:41:09.4327111Z   overrides                      7.7.0                pyhd8ed1ab_0             conda-forge
2025-01-10T11:41:09.4327479Z   packaging                      24.1                 pyhd8ed1ab_0             conda-forge
2025-01-10T11:41:09.4327841Z   pandas                         2.2.2                py312h1d6d2e6_1          conda-forge
2025-01-10T11:41:09.4328198Z   pandoc                         3.2                  ha770c72_0               conda-forge
2025-01-10T11:41:09.4328729Z   pandocfilters                  1.5.0                pyhd8ed1ab_0             conda-forge
2025-01-10T11:41:09.4329109Z   pango                          1.54.0               h84a9a3c_0               conda-forge
2025-01-10T11:41:09.4329451Z   parso                          0.8.4                pyhd8ed1ab_0             conda-forge
2025-01-10T11:41:09.4329808Z   pathspec                       0.12.1               pyhd8ed1ab_0             conda-forge
2025-01-10T11:41:09.4330295Z   pbr                            6.0.0                pyhd8ed1ab_0             conda-forge
2025-01-10T11:41:09.4330631Z   pcre2                          10.44                h0f59acf_0               conda-forge
2025-01-10T11:41:09.4330983Z   pexpect                        4.9.0                pyhd8ed1ab_0             conda-forge
2025-01-10T11:41:09.4331348Z   pickleshare                    0.7.5                py_1003                  conda-forge
2025-01-10T11:41:09.4331715Z   pillow                         10.3.0               py312hdcec9eb_0          conda-forge
2025-01-10T11:41:09.4332057Z   pip                            24.0                 pyhd8ed1ab_0             conda-forge
2025-01-10T11:41:09.4332497Z   pixman                         0.43.2               h59595ed_0               conda-forge
2025-01-10T11:41:09.4332891Z   pkgutil-resolve-name           1.3.10               pyhd8ed1ab_1             conda-forge
2025-01-10T11:41:09.4333306Z   platformdirs                   4.2.2                pyhd8ed1ab_0             conda-forge
2025-01-10T11:41:09.4333684Z   plotly                         5.22.0               pyhd8ed1ab_0             conda-forge
2025-01-10T11:41:09.4334036Z   pluggy                         1.5.0                pyhd8ed1ab_0             conda-forge
2025-01-10T11:41:09.4334421Z   prometheus_client              0.20.0               pyhd8ed1ab_0             conda-forge
2025-01-10T11:41:09.4334828Z   prompt-toolkit                 3.0.47               pyha770c72_0             conda-forge
2025-01-10T11:41:09.4335201Z   psutil                         5.9.8                py312h98912ed_0          conda-forge
2025-01-10T11:41:09.4335571Z   pthread-stubs                  0.4                  h36c2ea0_1001            conda-forge
2025-01-10T11:41:09.4335955Z   ptyprocess                     0.7.0                pyhd3deb0d_0             conda-forge
2025-01-10T11:41:09.4336324Z   pure_eval                      0.2.2                pyhd8ed1ab_0             conda-forge
2025-01-10T11:41:09.4336691Z   py-cpuinfo                     9.0.0                pyhd8ed1ab_0             conda-forge
2025-01-10T11:41:09.4337054Z   pybtex                         0.24.0               pyhd8ed1ab_2             conda-forge
2025-01-10T11:41:09.4337436Z   pybtex-docutils                1.0.3                py312h7900ff3_1          conda-forge
2025-01-10T11:41:09.4337822Z   pycparser                      2.22                 pyhd8ed1ab_0             conda-forge
2025-01-10T11:41:09.4338182Z   pyerfa                         2.0.1.4              py312h085067d_1          conda-forge
2025-01-10T11:41:09.4338703Z   pygments                       2.18.0               pyhd8ed1ab_0             conda-forge
2025-01-10T11:41:09.4339083Z   pygraphviz                     1.13                 py312h4a1d8a7_1          conda-forge
2025-01-10T11:41:09.4339456Z   pyparsing                      3.1.2                pyhd8ed1ab_0             conda-forge
2025-01-10T11:41:09.4339818Z   pysocks                        1.7.1                pyha2e5f31_6             conda-forge
2025-01-10T11:41:09.4340184Z   pytables                       3.9.2                py312h96d95ec_2          conda-forge
2025-01-10T11:41:09.4340543Z   pytest                         8.2.2                pyhd8ed1ab_0             conda-forge
2025-01-10T11:41:09.4340907Z   pytest-cov                     5.0.0                pyhd8ed1ab_0             conda-forge
2025-01-10T11:41:09.4341310Z   pytest-doctestplus             1.2.1                pyhd8ed1ab_0             conda-forge
2025-01-10T11:41:09.4341713Z   pytest-html                    4.1.1                pyhd8ed1ab_0             conda-forge
2025-01-10T11:41:09.4342100Z   pytest-metadata                3.1.1                pyhd8ed1ab_0             conda-forge
2025-01-10T11:41:09.4342479Z   python                         3.12.4               h194c7f8_0_cpython       conda-forge
2025-01-10T11:41:09.4342863Z   python-dateutil                2.9.0                pyhd8ed1ab_0             conda-forge
2025-01-10T11:41:09.4343419Z   python-fastjsonschema          2.20.0               pyhd8ed1ab_0             conda-forge
2025-01-10T11:41:09.4343859Z   python-json-logger             2.0.7                pyhd8ed1ab_0             conda-forge
2025-01-10T11:41:09.4344274Z   python-tzdata                  2024.1               pyhd8ed1ab_0             conda-forge
2025-01-10T11:41:09.4344655Z   python_abi                     3.12                 4_cp312                  conda-forge
2025-01-10T11:41:09.4345012Z   pytz                           2024.1               pyhd8ed1ab_0             conda-forge
2025-01-10T11:41:09.4345356Z   pyyaml                         6.0.1                py312h98912ed_1          conda-forge
2025-01-10T11:41:09.4345804Z   pyzmq                          26.0.3               py312h8fd38d8_0          conda-forge
2025-01-10T11:41:09.4346196Z   qgrid                          1.3.1                pyhd8ed1ab_4             conda-forge
2025-01-10T11:41:09.4347043Z   radioactivedecay               0.5.1                pyhd8ed1ab_0             conda-forge
2025-01-10T11:41:09.4347718Z   readline                       8.2                  h8228510_1               conda-forge
2025-01-10T11:41:09.4348369Z   recommonmark                   0.7.1                pyhd8ed1ab_0             conda-forge
2025-01-10T11:41:09.4348953Z   referencing                    0.35.1               pyhd8ed1ab_0             conda-forge
2025-01-10T11:41:09.4349331Z   requests                       2.32.3               pyhd8ed1ab_0             conda-forge
2025-01-10T11:41:09.4349722Z   rfc3339-validator              0.1.4                pyhd8ed1ab_0             conda-forge
2025-01-10T11:41:09.4350135Z   rfc3986-validator              0.1.1                pyh9f0ad1d_0             conda-forge
2025-01-10T11:41:09.4350522Z   rpds-py                        0.18.1               py312h4413252_0          conda-forge
2025-01-10T11:41:09.4350862Z   ruff                           0.4.9                py312h5715c7c_0          conda-forge
2025-01-10T11:41:09.4351202Z   scipy                          1.13.1               py312hc2bc53b_0          conda-forge
2025-01-10T11:41:09.4351565Z   send2trash                     1.8.3                pyh0d859eb_0             conda-forge
2025-01-10T11:41:09.4351941Z   setuptools                     70.0.0               pyhd8ed1ab_0             conda-forge
2025-01-10T11:41:09.4352331Z   setuptools-scm                 8.1.0                pyhd8ed1ab_0             conda-forge
2025-01-10T11:41:09.4352727Z   setuptools_scm                 8.1.0                hd8ed1ab_0               conda-forge
2025-01-10T11:41:09.4353088Z   six                            1.16.0               pyh6c4a22f_0             conda-forge
2025-01-10T11:41:09.4353440Z   snakeviz                       2.2.0                pyhd8ed1ab_0             conda-forge
2025-01-10T11:41:09.4353796Z   snappy                         1.2.0                hdb0a2a9_1               conda-forge
2025-01-10T11:41:09.4354148Z   sniffio                        1.3.1                pyhd8ed1ab_0             conda-forge
2025-01-10T11:41:09.4354535Z   snowballstemmer                2.2.0                pyhd8ed1ab_0             conda-forge
2025-01-10T11:41:09.4354925Z   soupsieve                      2.5                  pyhd8ed1ab_1             conda-forge
2025-01-10T11:41:09.4355288Z   sphinx                         7.3.7                pyhd8ed1ab_0             conda-forge
2025-01-10T11:41:09.4355672Z   sphinx-astropy                 1.9.1                pyhd8ed1ab_0             conda-forge
2025-01-10T11:41:09.4356087Z   sphinx-automodapi              0.17.0               pyh717bed2_1             conda-forge
2025-01-10T11:41:09.4356501Z   sphinx-gallery                 0.16.0               pyhd8ed1ab_0             conda-forge
2025-01-10T11:41:09.4356918Z   sphinx-jsonschema              1.19.1               pyhd8ed1ab_0             conda-forge
2025-01-10T11:41:09.4357348Z   sphinx_bootstrap_theme         0.8.1                pyhd8ed1ab_0             conda-forge
2025-01-10T11:41:09.4357913Z   sphinx_rtd_theme               2.0.0                pyha770c72_0             conda-forge
2025-01-10T11:41:09.4358327Z   sphinxcontrib-apidoc           0.3.0                py_1                     conda-forge
2025-01-10T11:41:09.4359202Z   sphinxcontrib-applehelp        1.0.8                pyhd8ed1ab_0             conda-forge
2025-01-10T11:41:09.4359675Z   sphinxcontrib-bibtex           2.6.2                pyhd8ed1ab_0             conda-forge
2025-01-10T11:41:09.4360119Z   sphinxcontrib-devhelp          1.0.6                pyhd8ed1ab_0             conda-forge
2025-01-10T11:41:09.4360574Z   sphinxcontrib-htmlhelp         2.0.5                pyhd8ed1ab_0             conda-forge
2025-01-10T11:41:09.4361167Z   sphinxcontrib-jquery           4.1                  pyhd8ed1ab_0             conda-forge
2025-01-10T11:41:09.4361602Z   sphinxcontrib-jsmath           1.0.1                pyhd8ed1ab_0             conda-forge
2025-01-10T11:41:09.4362036Z   sphinxcontrib-qthelp           1.0.7                pyhd8ed1ab_0             conda-forge
2025-01-10T11:41:09.4362514Z   sphinxcontrib-serializinghtml  1.1.10               pyhd8ed1ab_0             conda-forge
2025-01-10T11:41:09.4362954Z   stack_data                     0.6.2                pyhd8ed1ab_0             conda-forge
2025-01-10T11:41:09.4363309Z   sympy                          1.12.1               pypyh2585a3b_103         conda-forge
2025-01-10T11:41:09.4363666Z   tabulate                       0.9.0                pyhd8ed1ab_1             conda-forge
2025-01-10T11:41:09.4364028Z   tenacity                       8.4.1                pyhd8ed1ab_0             conda-forge
2025-01-10T11:41:09.4364393Z   terminado                      0.18.1               pyh0d859eb_0             conda-forge
2025-01-10T11:41:09.4364762Z   tinycss2                       1.3.0                pyhd8ed1ab_0             conda-forge
2025-01-10T11:41:09.4365105Z   tk                             8.6.13               noxft_h4845f30_101       conda-forge
2025-01-10T11:41:09.4365441Z   toml                           0.10.2               pyhd8ed1ab_0             conda-forge
2025-01-10T11:41:09.4365780Z   tomli                          2.0.1                pyhd8ed1ab_0             conda-forge
2025-01-10T11:41:09.4366129Z   tornado                        6.4.1                py312h9a8786e_0          conda-forge
2025-01-10T11:41:09.4366473Z   tqdm                           4.66.4               pyhd8ed1ab_0             conda-forge
2025-01-10T11:41:09.4366820Z   traitlets                      5.14.3               pyhd8ed1ab_0             conda-forge
2025-01-10T11:41:09.4367193Z   typed-ast                      1.5.5                py312h98912ed_1          conda-forge
2025-01-10T11:41:09.4367617Z   types-python-dateutil          2.9.0.20240316       pyhd8ed1ab_0             conda-forge
2025-01-10T11:41:09.4368065Z   typing-extensions              4.12.2               hd8ed1ab_0               conda-forge
2025-01-10T11:41:09.4368678Z   typing_extensions              4.12.2               pyha770c72_0             conda-forge
2025-01-10T11:41:09.4369084Z   typing_utils                   0.1.0                pyhd8ed1ab_0             conda-forge
2025-01-10T11:41:09.4369455Z   tzdata                         2024a                h0c530f3_0               conda-forge
2025-01-10T11:41:09.4369828Z   uri-template                   1.3.0                pyhd8ed1ab_0             conda-forge
2025-01-10T11:41:09.4370201Z   urllib3                        2.2.2                pyhd8ed1ab_0             conda-forge
2025-01-10T11:41:09.4370557Z   wcwidth                        0.2.13               pyhd8ed1ab_0             conda-forge
2025-01-10T11:41:09.4370922Z   webcolors                      24.6.0               pyhd8ed1ab_0             conda-forge
2025-01-10T11:41:09.4371308Z   webencodings                   0.5.1                pyhd8ed1ab_2             conda-forge
2025-01-10T11:41:09.4371709Z   websocket-client               1.8.0                pyhd8ed1ab_0             conda-forge
2025-01-10T11:41:09.4372210Z   wheel                          0.43.0               pyhd8ed1ab_1             conda-forge
2025-01-10T11:41:09.4372601Z   widgetsnbextension             3.6.6                pyhd8ed1ab_0             conda-forge
2025-01-10T11:41:09.4373006Z   xorg-kbproto                   1.0.7                h7f98852_1002            conda-forge
2025-01-10T11:41:09.4373380Z   xorg-libice                    1.1.1                hd590300_0               conda-forge
2025-01-10T11:41:09.4373746Z   xorg-libsm                     1.2.4                h7391055_0               conda-forge
2025-01-10T11:41:09.4374111Z   xorg-libx11                    1.8.9                h8ee46fc_0               conda-forge
2025-01-10T11:41:09.4374607Z   xorg-libxau                    1.0.11               hd590300_0               conda-forge
2025-01-10T11:41:09.4374982Z   xorg-libxdmcp                  1.1.3                h7f98852_0               conda-forge
2025-01-10T11:41:09.4375366Z   xorg-libxext                   1.3.4                h0b41bf4_2               conda-forge
2025-01-10T11:41:09.4375762Z   xorg-libxrender                0.9.11               hd590300_0               conda-forge
2025-01-10T11:41:09.4376168Z   xorg-renderproto               0.11.1               h7f98852_1002            conda-forge
2025-01-10T11:41:09.4376572Z   xorg-xextproto                 7.3.0                h0b41bf4_1003            conda-forge
2025-01-10T11:41:09.4376956Z   xorg-xproto                    7.0.31               h7f98852_1007            conda-forge
2025-01-10T11:41:09.4377301Z   xz                             5.2.6                h166bdaf_0               conda-forge
2025-01-10T11:41:09.4377624Z   yaml                           0.2.5                h7f98852_2               conda-forge
2025-01-10T11:41:09.4377958Z   zeromq                         4.3.5                h75354e8_4               conda-forge
2025-01-10T11:41:09.4378300Z   zipp                           3.19.2               pyhd8ed1ab_0             conda-forge
2025-01-10T11:41:09.4378852Z   zlib                           1.3.1                h4ab18f5_1               conda-forge
2025-01-10T11:41:09.4379197Z   zlib-ng                        2.0.7                h0b41bf4_0               conda-forge
2025-01-10T11:41:09.4379530Z   zstd                           1.5.6                ha6fb4c9_0               conda-forge
2025-01-10T11:41:09.4380039Z ##[endgroup]
