2025-01-15T18:43:39.0979350Z Prepare all required actions
2025-01-15T18:43:39.0979840Z Getting action download info
2025-01-15T18:43:39.2102750Z Download action repository 'mamba-org/setup-micromamba@v1' (SHA:4b9113af4fba0e9e1124b252dd6497a419e7396d)
2025-01-15T18:43:40.3415560Z ##[group]Run ./.github/actions/setup_env
2025-01-15T18:43:40.3415870Z with:
2025-01-15T18:43:40.3416130Z   os-label: osx-arm64
2025-01-15T18:43:40.3416380Z env:
2025-01-15T18:43:40.3416760Z   CACHE_NUMBER: 0
2025-01-15T18:43:40.3417300Z   PYTEST_FLAGS: --tardis-regression-data=/Users/runner/work/tardis/tardis/tardis-regression-data --cov=tardis --cov-report=xml --cov-report=html --cov-append
2025-01-15T18:43:40.3418410Z   CODECOV_TOKEN: 
2025-01-15T18:43:40.3418690Z ##[endgroup]
2025-01-15T18:43:40.3444280Z ##[group]Run file_hash=$(cat conda-osx-arm64.lock | shasum -a 256 | cut -d' ' -f1)
2025-01-15T18:43:40.3444730Z [36;1mfile_hash=$(cat conda-osx-arm64.lock | shasum -a 256 | cut -d' ' -f1)[0m
2025-01-15T18:43:40.3445040Z [36;1mecho "file_hash=$file_hash" >> "${GITHUB_OUTPUT}"[0m
2025-01-15T18:43:40.3510040Z shell: /bin/bash --noprofile --norc -e -o pipefail {0}
2025-01-15T18:43:40.3511120Z env:
2025-01-15T18:43:40.3511280Z   CACHE_NUMBER: 0
2025-01-15T18:43:40.3511770Z   PYTEST_FLAGS: --tardis-regression-data=/Users/runner/work/tardis/tardis/tardis-regression-data --cov=tardis --cov-report=xml --cov-report=html --cov-append
2025-01-15T18:43:40.3512480Z   CODECOV_TOKEN: 
2025-01-15T18:43:40.3512660Z ##[endgroup]
2025-01-15T18:43:40.5151300Z ##[group]Run mamba-org/setup-micromamba@v1
2025-01-15T18:43:40.5151560Z with:
2025-01-15T18:43:40.5151710Z   environment-file: conda-osx-arm64.lock
2025-01-15T18:43:40.5152050Z   cache-environment-key: bf0d0a4d4c847cca72476c6c68c493d56c484aada7e80de0e42c7607fcef5824
2025-01-15T18:43:40.5152500Z   cache-downloads-key: bf0d0a4d4c847cca72476c6c68c493d56c484aada7e80de0e42c7607fcef5824
2025-01-15T18:43:40.5152820Z   environment-name: tardis
2025-01-15T18:43:40.5153000Z   cache-environment: true
2025-01-15T18:43:40.5153160Z   cache-downloads: true
2025-01-15T18:43:40.5153360Z env:
2025-01-15T18:43:40.5153490Z   CACHE_NUMBER: 0
2025-01-15T18:43:40.5153990Z   PYTEST_FLAGS: --tardis-regression-data=/Users/runner/work/tardis/tardis/tardis-regression-data --cov=tardis --cov-report=xml --cov-report=html --cov-append
2025-01-15T18:43:40.5154480Z   CODECOV_TOKEN: 
2025-01-15T18:43:40.5154620Z ##[endgroup]
2025-01-15T18:43:40.8569080Z Will download micromamba to /Users/runner/micromamba-bin/micromamba
2025-01-15T18:43:40.8573850Z ##[group]Install micromamba
2025-01-15T18:43:41.6239930Z micromamba installed to /Users/runner/micromamba-bin/micromamba
2025-01-15T18:43:41.6240440Z ##[endgroup]
2025-01-15T18:43:41.6240790Z Adding conda-forge to condarc channels ...
2025-01-15T18:43:41.6252140Z ##[group]Initialize micromamba for bash.
2025-01-15T18:43:41.6260110Z [command]/Users/runner/micromamba-bin/micromamba shell init -s bash -r /Users/runner/micromamba --log-level warning --rc-file /Users/runner/work/_temp/setup-micromamba/.condarc
2025-01-15T18:43:41.6463830Z Modifying RC file "/Users/runner/.bash_profile"
2025-01-15T18:43:41.6465310Z Generating config for root prefix [1m"/Users/runner/micromamba"[0m
2025-01-15T18:43:41.6465840Z Setting mamba executable to: [1m"/Users/runner/micromamba-bin/micromamba"[0m
2025-01-15T18:43:41.6466290Z Adding (or replacing) the following in your "/Users/runner/.bash_profile" file
2025-01-15T18:43:41.6466600Z 
2025-01-15T18:43:41.6466690Z # >>> mamba initialize >>>
2025-01-15T18:43:41.6466950Z # !! Contents within this block are managed by 'mamba init' !!
2025-01-15T18:43:41.6467280Z export MAMBA_EXE='/Users/runner/micromamba-bin/micromamba';
2025-01-15T18:43:41.6467580Z export MAMBA_ROOT_PREFIX='/Users/runner/micromamba';
2025-01-15T18:43:41.6468420Z __mamba_setup="$("$MAMBA_EXE" shell hook --shell bash --root-prefix "$MAMBA_ROOT_PREFIX" 2> /dev/null)"
2025-01-15T18:43:41.6468990Z if [ $? -eq 0 ]; then
2025-01-15T18:43:41.6469350Z     eval "$__mamba_setup"
2025-01-15T18:43:41.6469810Z else
2025-01-15T18:43:41.6470890Z     alias micromamba="$MAMBA_EXE"  # Fallback on help from mamba activate
2025-01-15T18:43:41.6471360Z fi
2025-01-15T18:43:41.6471920Z unset __mamba_setup
2025-01-15T18:43:41.6472210Z # <<< mamba initialize <<<
2025-01-15T18:43:41.6472500Z 
2025-01-15T18:43:41.6473680Z ##[endgroup]
2025-01-15T18:43:41.6488090Z ##[group]Restoring downloads from `/Users/runner/micromamba/pkgs` ...
2025-01-15T18:43:43.0240290Z Received 46137344 of 310595873 (14.9%), 43.3 MBs/sec
2025-01-15T18:43:44.0349700Z Received 113246208 of 310595873 (36.5%), 53.1 MBs/sec
2025-01-15T18:43:45.0273640Z Received 201326592 of 310595873 (64.8%), 63.3 MBs/sec
2025-01-15T18:43:46.0391100Z Received 285212672 of 310595873 (91.8%), 67.3 MBs/sec
2025-01-15T18:43:46.2672940Z Cache Size: ~296 MB (310595873 B)
2025-01-15T18:43:46.2750890Z [command]/opt/homebrew/bin/gtar -xf /Users/runner/work/_temp/02043adb-45af-4d72-ac28-1d2405f3d273/cache.tzst -P -C /Users/runner/work/tardis/tardis --delay-directory-restore --use-compress-program unzstd
2025-01-15T18:43:46.7727630Z Cache restored successfully
2025-01-15T18:43:46.7785220Z Restored cache with key `bf0d0a4d4c847cca72476c6c68c493d56c484aada7e80de0e42c7607fcef5824-osx-arm64`
2025-01-15T18:43:46.7790350Z ##[endgroup]
2025-01-15T18:43:46.7791140Z ##[group]Restoring environment `tardis` from `/Users/runner/micromamba/envs/tardis` ...
2025-01-15T18:43:47.0330750Z Received 310595873 of 310595873 (100.0%), 58.8 MBs/sec
2025-01-15T18:43:47.9774980Z Received 46137344 of 385775710 (12.0%), 44.0 MBs/sec
2025-01-15T18:43:48.9796000Z Received 104857600 of 385775710 (27.2%), 50.0 MBs/sec
2025-01-15T18:43:49.9853180Z Received 184549376 of 385775710 (47.8%), 58.6 MBs/sec
2025-01-15T18:43:50.9900900Z Received 255852544 of 385775710 (66.3%), 61.0 MBs/sec
2025-01-15T18:43:51.9809160Z Received 318767104 of 385775710 (82.6%), 60.8 MBs/sec
2025-01-15T18:43:52.8015660Z Cache Size: ~368 MB (385775710 B)
2025-01-15T18:43:52.8059110Z [command]/opt/homebrew/bin/gtar -xf /Users/runner/work/_temp/0bd6573a-248e-43a1-bd4a-a3d9c94a44c3/cache.tzst -P -C /Users/runner/work/tardis/tardis --delay-directory-restore --use-compress-program unzstd
2025-01-15T18:43:52.9849960Z Received 385775710 of 385775710 (100.0%), 61.2 MBs/sec
2025-01-15T18:44:09.5580210Z Cache restored successfully
2025-01-15T18:44:09.5680930Z Restored cache with key `bf0d0a4d4c847cca72476c6c68c493d56c484aada7e80de0e42c7607fcef5824-osx-arm64-tardis-args-4f53cda-root-873f6fe-bin-[object Promise]-file-bf0d0a4d4c847cca72476c6c68c493d56c484aada7e80de0e42c7607fcef5824`
2025-01-15T18:44:09.5782530Z ##[endgroup]
2025-01-15T18:44:09.5808890Z Adding environment tardis to auto-activate bash ...
2025-01-15T18:44:09.5810650Z Generating micromamba run shell.
2025-01-15T18:44:09.5814670Z ##[endgroup]
2025-01-15T18:44:09.5815730Z Set environment variables.
2025-01-15T18:44:09.5816660Z ##[group]micromamba info
2025-01-15T18:44:09.5817860Z [command]/Users/runner/micromamba-bin/micromamba info -r /Users/runner/micromamba -n tardis
2025-01-15T18:44:09.9971430Z 
2025-01-15T18:44:09.9972140Z        libmamba version : 1.5.10
2025-01-15T18:44:09.9974850Z      micromamba version : 1.5.10
2025-01-15T18:44:09.9976820Z            curl version : libcurl/8.10.1 (OpenSSL/3.3.2) SecureTransport zlib/1.3.1 zstd/1.5.6 libssh2/1.11.0 nghttp2/1.58.0
2025-01-15T18:44:09.9978010Z      libarchive version : libarchive 3.7.4 zlib/1.2.13 bz2lib/1.0.8 libzstd/1.5.6
2025-01-15T18:44:09.9978680Z        envs directories : /Users/runner/micromamba/envs
2025-01-15T18:44:09.9979470Z           package cache : /Users/runner/micromamba/pkgs
2025-01-15T18:44:09.9979870Z                           /Users/runner/.mamba/pkgs
2025-01-15T18:44:09.9980240Z             environment : tardis
2025-01-15T18:44:09.9980570Z            env location : /Users/runner/micromamba/envs/tardis
2025-01-15T18:44:09.9980990Z       user config files : /Users/runner/.mambarc
2025-01-15T18:44:09.9981400Z  populated config files : /Users/runner/work/_temp/setup-micromamba/.condarc
2025-01-15T18:44:09.9981850Z        virtual packages : __unix=0=0
2025-01-15T18:44:09.9986310Z                           __osx=14.7.2=0
2025-01-15T18:44:09.9986660Z                           __archspec=1=arm64
2025-01-15T18:44:09.9987100Z                channels : https://conda.anaconda.org/conda-forge/osx-arm64
2025-01-15T18:44:09.9987550Z                           https://conda.anaconda.org/conda-forge/noarch
2025-01-15T18:44:09.9987880Z        base environment : /Users/runner/micromamba
2025-01-15T18:44:09.9988240Z                platform : osx-arm64
2025-01-15T18:44:09.9988840Z ##[endgroup]
2025-01-15T18:44:09.9989280Z ##[group]micromamba list
2025-01-15T18:44:09.9989930Z [command]/Users/runner/micromamba-bin/micromamba list -r /Users/runner/micromamba -n tardis
2025-01-15T18:44:10.3226280Z List of packages in environment: "/Users/runner/micromamba/envs/tardis"
2025-01-15T18:44:10.3226740Z 
2025-01-15T18:44:10.3226980Z   Name                           Version              Build                    Channel    
2025-01-15T18:44:10.3228390Z â”€â”€â”€â”€â”€â”€â”€â”€â”€â”€â”€â”€â”€â”€â”€â”€â”€â”€â”€â”€â”€â”€â”€â”€â”€â”€â”€â”€â”€â”€â”€â”€â”€â”€â”€â”€â”€â”€â”€â”€â”€â”€â”€â”€â”€â”€â”€â”€â”€â”€â”€â”€â”€â”€â”€â”€â”€â”€â”€â”€â”€â”€â”€â”€â”€â”€â”€â”€â”€â”€â”€â”€â”€â”€â”€â”€â”€â”€â”€â”€â”€â”€â”€â”€â”€â”€â”€â”€â”€â”€â”€â”€
2025-01-15T18:44:10.3228820Z   alabaster                      0.7.16               pyhd8ed1ab_0             conda-forge
2025-01-15T18:44:10.3232730Z   anyio                          4.4.0                pyhd8ed1ab_0             conda-forge
2025-01-15T18:44:10.3233100Z   appnope                        0.1.4                pyhd8ed1ab_0             conda-forge
2025-01-15T18:44:10.3234240Z   argon2-cffi                    23.1.0               pyhd8ed1ab_0             conda-forge
2025-01-15T18:44:10.3234690Z   argon2-cffi-bindings           21.2.0               py312h02f2b3b_4          conda-forge
2025-01-15T18:44:10.3235150Z   arrow                          1.3.0                pyhd8ed1ab_0             conda-forge
2025-01-15T18:44:10.3235530Z   astropy                        6.1.1                py312hbebd99a_0          conda-forge
2025-01-15T18:44:10.3236050Z   astropy-iers-data              0.2024.6.17.0.31.35  pyhd8ed1ab_0             conda-forge
2025-01-15T18:44:10.3236630Z   astropy-sphinx-theme           1.1                  pyhd8ed1ab_0             conda-forge
2025-01-15T18:44:10.3237030Z   asttokens                      2.4.1                pyhd8ed1ab_0             conda-forge
2025-01-15T18:44:10.3237520Z   async-lru                      2.0.4                pyhd8ed1ab_0             conda-forge
2025-01-15T18:44:10.3237910Z   atk-1.0                        2.38.0               hd03087b_2               conda-forge
2025-01-15T18:44:10.3238240Z   attrs                          23.2.0               pyh71513ae_0             conda-forge
2025-01-15T18:44:10.3238690Z   babel                          2.14.0               pyhd8ed1ab_0             conda-forge
2025-01-15T18:44:10.3239710Z   beautifulsoup4                 4.12.3               pyha770c72_0             conda-forge
2025-01-15T18:44:10.3240170Z   bleach                         6.1.0                pyhd8ed1ab_0             conda-forge
2025-01-15T18:44:10.3240520Z   blosc                          1.21.5               h9c252e8_1               conda-forge
2025-01-15T18:44:10.3240910Z   brotli                         1.1.0                hb547adb_1               conda-forge
2025-01-15T18:44:10.3241330Z   brotli-bin                     1.1.0                hb547adb_1               conda-forge
2025-01-15T18:44:10.3241690Z   brotli-python                  1.1.0                py312h9f69965_1          conda-forge
2025-01-15T18:44:10.3242180Z   bzip2                          1.0.8                h93a5062_5               conda-forge
2025-01-15T18:44:10.3242580Z   c-ares                         1.28.1               h93a5062_0               conda-forge
2025-01-15T18:44:10.3242950Z   c-blosc2                       2.14.4               ha57e6be_1               conda-forge
2025-01-15T18:44:10.3243520Z   ca-certificates                2024.6.2             hf0a4a13_0               conda-forge
2025-01-15T18:44:10.3243960Z   cached-property                1.5.2                hd8ed1ab_1               conda-forge
2025-01-15T18:44:10.3244800Z   cached_property                1.5.2                pyha770c72_1             conda-forge
2025-01-15T18:44:10.3245190Z   cairo                          1.18.0               hd1e100b_0               conda-forge
2025-01-15T18:44:10.3245580Z   certifi                        2024.6.2             pyhd8ed1ab_0             conda-forge
2025-01-15T18:44:10.3245950Z   cffi                           1.16.0               py312h8e38eb3_0          conda-forge
2025-01-15T18:44:10.3246370Z   charset-normalizer             3.3.2                pyhd8ed1ab_0             conda-forge
2025-01-15T18:44:10.3246800Z   click                          8.1.7                unix_pyh707e725_0        conda-forge
2025-01-15T18:44:10.3247260Z   codespell                      2.3.0                pyhd8ed1ab_0             conda-forge
2025-01-15T18:44:10.3247640Z   colorama                       0.4.6                pyhd8ed1ab_0             conda-forge
2025-01-15T18:44:10.3248100Z   comm                           0.2.2                pyhd8ed1ab_0             conda-forge
2025-01-15T18:44:10.3248620Z   commonmark                     0.9.1                py_0                     conda-forge
2025-01-15T18:44:10.3249220Z   contourpy                      1.2.1                py312h0fef576_0          conda-forge
2025-01-15T18:44:10.3249680Z   coverage                       7.5.3                py312h7e5086c_0          conda-forge
2025-01-15T18:44:10.3250040Z   cycler                         0.12.1               pyhd8ed1ab_0             conda-forge
2025-01-15T18:44:10.3250500Z   dataclasses                    0.8                  pyhc8e2a94_3             conda-forge
2025-01-15T18:44:10.3250900Z   debugpy                        1.8.1                py312h20a0b95_0          conda-forge
2025-01-15T18:44:10.3251300Z   decorator                      5.1.1                pyhd8ed1ab_0             conda-forge
2025-01-15T18:44:10.3251690Z   defusedxml                     0.7.1                pyhd8ed1ab_0             conda-forge
2025-01-15T18:44:10.3252090Z   docutils                       0.20.1               py312h81bd7bf_3          conda-forge
2025-01-15T18:44:10.3252450Z   dot2tex                        2.11.3               pyhd8ed1ab_0             conda-forge
2025-01-15T18:44:10.3252850Z   entrypoints                    0.4                  pyhd8ed1ab_0             conda-forge
2025-01-15T18:44:10.3253220Z   exceptiongroup                 1.2.0                pyhd8ed1ab_2             conda-forge
2025-01-15T18:44:10.3253770Z   executing                      2.0.1                pyhd8ed1ab_0             conda-forge
2025-01-15T18:44:10.3254120Z   expat                          2.6.2                hebf3989_0               conda-forge
2025-01-15T18:44:10.3254560Z   font-ttf-dejavu-sans-mono      2.37                 hab24e00_0               conda-forge
2025-01-15T18:44:10.3255020Z   font-ttf-inconsolata           3.000                h77eed37_0               conda-forge
2025-01-15T18:44:10.3255420Z   font-ttf-source-code-pro       2.038                h77eed37_0               conda-forge
2025-01-15T18:44:10.3255850Z   font-ttf-ubuntu                0.83                 h77eed37_2               conda-forge
2025-01-15T18:44:10.3256220Z   fontconfig                     2.14.2               h82840c6_0               conda-forge
2025-01-15T18:44:10.3256690Z   fonts-conda-ecosystem          1                    0                        conda-forge
2025-01-15T18:44:10.3257210Z   fonts-conda-forge              1                    0                        conda-forge
2025-01-15T18:44:10.3257620Z   fonttools                      4.53.0               py312h7e5086c_0          conda-forge
2025-01-15T18:44:10.3258030Z   fqdn                           1.5.1                pyhd8ed1ab_0             conda-forge
2025-01-15T18:44:10.3258400Z   freetype                       2.12.1               hadb7bae_2               conda-forge
2025-01-15T18:44:10.3258810Z   fribidi                        1.0.10               h27ca646_0               conda-forge
2025-01-15T18:44:10.3259190Z   future                         1.0.0                pyhd8ed1ab_0             conda-forge
2025-01-15T18:44:10.3259700Z   gdk-pixbuf                     2.42.12              h7ddc832_0               conda-forge
2025-01-15T18:44:10.3260170Z   gettext                        0.22.5               h8fbad5d_2               conda-forge
2025-01-15T18:44:10.3260730Z   gettext-tools                  0.22.5               h8fbad5d_2               conda-forge
2025-01-15T18:44:10.3261120Z   giflib                         5.2.2                h93a5062_0               conda-forge
2025-01-15T18:44:10.3261660Z   git-lfs                        3.5.1                hce30654_0               conda-forge
2025-01-15T18:44:10.3262010Z   gmp                            6.3.0                hebf3989_1               conda-forge
2025-01-15T18:44:10.3262420Z   gmpy2                          2.1.5                py312hfa9fade_1          conda-forge
2025-01-15T18:44:10.3262840Z   graphite2                      1.3.13               hebf3989_1003            conda-forge
2025-01-15T18:44:10.3263630Z   graphviz                       11.0.0               h9bb9bc9_0               conda-forge
2025-01-15T18:44:10.3264370Z   gtk2                           2.24.33              h7895bb2_4               conda-forge
2025-01-15T18:44:10.3264720Z   gts                            0.7.6                he42f4ea_4               conda-forge
2025-01-15T18:44:10.3265130Z   h11                            0.14.0               pyhd8ed1ab_0             conda-forge
2025-01-15T18:44:10.3265530Z   h2                             4.1.0                pyhd8ed1ab_0             conda-forge
2025-01-15T18:44:10.3265900Z   h5py                           3.11.0               nompi_py312h903599c_102  conda-forge
2025-01-15T18:44:10.3266260Z   harfbuzz                       8.5.0                h1836168_0               conda-forge
2025-01-15T18:44:10.3266680Z   hdf5                           1.14.3               nompi_hec07895_105       conda-forge
2025-01-15T18:44:10.3267040Z   hpack                          4.0.0                pyh9f0ad1d_0             conda-forge
2025-01-15T18:44:10.3267440Z   httpcore                       1.0.5                pyhd8ed1ab_0             conda-forge
2025-01-15T18:44:10.3267820Z   httpx                          0.27.0               pyhd8ed1ab_0             conda-forge
2025-01-15T18:44:10.3268170Z   hyperframe                     6.0.1                pyhd8ed1ab_0             conda-forge
2025-01-15T18:44:10.3268550Z   icu                            73.2                 hc8870d7_0               conda-forge
2025-01-15T18:44:10.3268890Z   idna                           3.7                  pyhd8ed1ab_0             conda-forge
2025-01-15T18:44:10.3269380Z   imagesize                      1.4.1                pyhd8ed1ab_0             conda-forge
2025-01-15T18:44:10.3269800Z   importlib-metadata             7.1.0                pyha770c72_0             conda-forge
2025-01-15T18:44:10.3270240Z   importlib_metadata             7.1.0                hd8ed1ab_0               conda-forge
2025-01-15T18:44:10.3270660Z   importlib_resources            6.4.0                pyhd8ed1ab_0             conda-forge
2025-01-15T18:44:10.3271140Z   iniconfig                      2.0.0                pyhd8ed1ab_0             conda-forge
2025-01-15T18:44:10.3271480Z   ipykernel                      6.29.4               pyh57ce528_0             conda-forge
2025-01-15T18:44:10.3271860Z   ipython                        8.25.0               pyh707e725_0             conda-forge
2025-01-15T18:44:10.3272260Z   ipython_genutils               0.2.0                pyhd8ed1ab_1             conda-forge
2025-01-15T18:44:10.3272630Z   ipywidgets                     7.8.0                pyhd8ed1ab_0             conda-forge
2025-01-15T18:44:10.3272990Z   isoduration                    20.11.0              pyhd8ed1ab_0             conda-forge
2025-01-15T18:44:10.3273310Z   jedi                           0.19.1               pyhd8ed1ab_0             conda-forge
2025-01-15T18:44:10.3273740Z   jinja2                         3.1.4                pyhd8ed1ab_0             conda-forge
2025-01-15T18:44:10.3274420Z   json5                          0.9.25               pyhd8ed1ab_0             conda-forge
2025-01-15T18:44:10.3274910Z   jsonpointer                    3.0.0                py312h81bd7bf_0          conda-forge
2025-01-15T18:44:10.3275270Z   jsonschema                     4.22.0               pyhd8ed1ab_0             conda-forge
2025-01-15T18:44:10.3275680Z   jsonschema-specifications      2023.12.1            pyhd8ed1ab_0             conda-forge
2025-01-15T18:44:10.3276160Z   jsonschema-with-format-nongpl  4.22.0               pyhd8ed1ab_0             conda-forge
2025-01-15T18:44:10.3276610Z   jupyter-lsp                    2.2.5                pyhd8ed1ab_0             conda-forge
2025-01-15T18:44:10.3276970Z   jupyter_client                 8.6.2                pyhd8ed1ab_0             conda-forge
2025-01-15T18:44:10.3277380Z   jupyter_core                   5.7.2                py312h81bd7bf_0          conda-forge
2025-01-15T18:44:10.3277730Z   jupyter_events                 0.10.0               pyhd8ed1ab_0             conda-forge
2025-01-15T18:44:10.3278250Z   jupyter_server                 2.14.1               pyhd8ed1ab_0             conda-forge
2025-01-15T18:44:10.3278660Z   jupyter_server_terminals       0.5.3                pyhd8ed1ab_0             conda-forge
2025-01-15T18:44:10.3279030Z   jupyterlab                     4.2.2                pyhd8ed1ab_0             conda-forge
2025-01-15T18:44:10.3279410Z   jupyterlab_pygments            0.3.0                pyhd8ed1ab_1             conda-forge
2025-01-15T18:44:10.3279780Z   jupyterlab_server              2.27.2               pyhd8ed1ab_0             conda-forge
2025-01-15T18:44:10.3280170Z   jupyterlab_widgets             1.1.7                pyhd8ed1ab_0             conda-forge
2025-01-15T18:44:10.3280550Z   kiwisolver                     1.4.5                py312h389731b_1          conda-forge
2025-01-15T18:44:10.3280960Z   krb5                           1.21.2               h92f50d5_0               conda-forge
2025-01-15T18:44:10.3281540Z   latexcodec                     2.0.1                pyh9f0ad1d_0             conda-forge
2025-01-15T18:44:10.3282190Z   lcms2                          2.16                 ha0e7c42_0               conda-forge
2025-01-15T18:44:10.3282680Z   lerc                           4.0.0                h9a09cb3_0               conda-forge
2025-01-15T18:44:10.3305100Z   libaec                         1.1.3                hebf3989_0               conda-forge
2025-01-15T18:44:10.3305730Z   libasprintf                    0.22.5               h8fbad5d_2               conda-forge
2025-01-15T18:44:10.3306170Z   libasprintf-devel              0.22.5               h8fbad5d_2               conda-forge
2025-01-15T18:44:10.3306690Z   libblas                        3.9.0                22_osxarm64_openblas     conda-forge
2025-01-15T18:44:10.3307190Z   libbrotlicommon                1.1.0                hb547adb_1               conda-forge
2025-01-15T18:44:10.3307670Z   libbrotlidec                   1.1.0                hb547adb_1               conda-forge
2025-01-15T18:44:10.3308210Z   libbrotlienc                   1.1.0                hb547adb_1               conda-forge
2025-01-15T18:44:10.3308670Z   libcblas                       3.9.0                22_osxarm64_openblas     conda-forge
2025-01-15T18:44:10.3309050Z   libcurl                        8.8.0                h7b6f9a7_0               conda-forge
2025-01-15T18:44:10.3309540Z   libcxx                         17.0.6               h5f092b4_0               conda-forge
2025-01-15T18:44:10.3309940Z   libdeflate                     1.20                 h93a5062_0               conda-forge
2025-01-15T18:44:10.3310390Z   libedit                        3.1.20191231         hc8eb9b7_2               conda-forge
2025-01-15T18:44:10.3310910Z   libev                          4.33                 h93a5062_2               conda-forge
2025-01-15T18:44:10.3311450Z   libexpat                       2.6.2                hebf3989_0               conda-forge
2025-01-15T18:44:10.3312400Z   libffi                         3.4.2                h3422bc3_5               conda-forge
2025-01-15T18:44:10.3312830Z   libgd                          2.3.3                hfdf3952_9               conda-forge
2025-01-15T18:44:10.3313370Z   libgettextpo                   0.22.5               h8fbad5d_2               conda-forge
2025-01-15T18:44:10.3313810Z   libgettextpo-devel             0.22.5               h8fbad5d_2               conda-forge
2025-01-15T18:44:10.3314230Z   libgfortran                    5.0.0                13_2_0_hd922786_3        conda-forge
2025-01-15T18:44:10.3314650Z   libgfortran5                   13.2.0               hf226fd6_3               conda-forge
2025-01-15T18:44:10.3315040Z   libglib                        2.80.2               h59d46d9_1               conda-forge
2025-01-15T18:44:10.3315420Z   libiconv                       1.17                 h0d3ecfb_2               conda-forge
2025-01-15T18:44:10.3315800Z   libintl                        0.22.5               h8fbad5d_2               conda-forge
2025-01-15T18:44:10.3316410Z   libintl-devel                  0.22.5               h8fbad5d_2               conda-forge
2025-01-15T18:44:10.3316770Z   libjpeg-turbo                  3.0.0                hb547adb_1               conda-forge
2025-01-15T18:44:10.3317150Z   liblapack                      3.9.0                22_osxarm64_openblas     conda-forge
2025-01-15T18:44:10.3317650Z   libllvm14                      14.0.6               hd1a9a77_4               conda-forge
2025-01-15T18:44:10.3318060Z   libnghttp2                     1.58.0               ha4dd798_1               conda-forge
2025-01-15T18:44:10.3318420Z   libopenblas                    0.3.27               openmp_h6c19121_0        conda-forge
2025-01-15T18:44:10.3318850Z   libpng                         1.6.43               h091b4b1_0               conda-forge
2025-01-15T18:44:10.3319180Z   librsvg                        2.58.1               hbc281fb_0               conda-forge
2025-01-15T18:44:10.3319530Z   libsodium                      1.0.18               h27ca646_1               conda-forge
2025-01-15T18:44:10.3319870Z   libsqlite                      3.46.0               hfb93653_0               conda-forge
2025-01-15T18:44:10.3320200Z   libssh2                        1.11.0               h7a5bd25_0               conda-forge
2025-01-15T18:44:10.3320520Z   libtiff                        4.6.0                h07db509_3               conda-forge
2025-01-15T18:44:10.3320860Z   libwebp                        1.4.0                h54798ee_0               conda-forge
2025-01-15T18:44:10.3321180Z   libwebp-base                   1.4.0                h93a5062_0               conda-forge
2025-01-15T18:44:10.3321530Z   libxcb                         1.16                 hf2054a2_0               conda-forge
2025-01-15T18:44:10.3321880Z   libxml2                        2.12.7               ha661575_1               conda-forge
2025-01-15T18:44:10.3322250Z   libxslt                        1.1.39               h223e5b9_0               conda-forge
2025-01-15T18:44:10.3322570Z   libzlib                        1.3.1                hfb2fe0b_1               conda-forge
2025-01-15T18:44:10.3322870Z   llvm-openmp                    18.1.7               hde57baf_0               conda-forge
2025-01-15T18:44:10.3323200Z   llvmlite                       0.42.0               py312h17030e7_1          conda-forge
2025-01-15T18:44:10.3323480Z   lxml                           5.2.2                py312h0e5ab22_0          conda-forge
2025-01-15T18:44:10.3323750Z   lz4-c                          1.9.4                hb7217d7_0               conda-forge
2025-01-15T18:44:10.3324020Z   markupsafe                     2.1.5                py312he37b823_0          conda-forge
2025-01-15T18:44:10.3324310Z   matplotlib-base                3.8.4                py312h4479663_2          conda-forge
2025-01-15T18:44:10.3324630Z   matplotlib-inline              0.1.7                pyhd8ed1ab_0             conda-forge
2025-01-15T18:44:10.3325530Z   mistune                        3.0.2                pyhd8ed1ab_0             conda-forge
2025-01-15T18:44:10.3325810Z   mpc                            1.3.1                h91ba8db_0               conda-forge
2025-01-15T18:44:10.3326140Z   mpfr                           4.2.1                h41d338b_1               conda-forge
2025-01-15T18:44:10.3326410Z   mpmath                         1.3.0                pyhd8ed1ab_0             conda-forge
2025-01-15T18:44:10.3326690Z   munkres                        1.1.4                pyh9f0ad1d_0             conda-forge
2025-01-15T18:44:10.3326980Z   mypy_extensions                1.0.0                pyha770c72_0             conda-forge
2025-01-15T18:44:10.3327280Z   nbclassic                      1.1.0                pyhd8ed1ab_0             conda-forge
2025-01-15T18:44:10.3327580Z   nbclient                       0.10.0               pyhd8ed1ab_0             conda-forge
2025-01-15T18:44:10.3327870Z   nbconvert                      7.16.4               hd8ed1ab_1               conda-forge
2025-01-15T18:44:10.3328320Z   nbconvert-core                 7.16.4               pyhd8ed1ab_1             conda-forge
2025-01-15T18:44:10.3328640Z   nbconvert-pandoc               7.16.4               hd8ed1ab_1               conda-forge
2025-01-15T18:44:10.3328940Z   nbformat                       5.10.4               pyhd8ed1ab_0             conda-forge
2025-01-15T18:44:10.3329310Z   nbsphinx                       0.9.4                pyhd8ed1ab_0             conda-forge
2025-01-15T18:44:10.3329600Z   ncurses                        6.5                  hb89a1cb_0               conda-forge
2025-01-15T18:44:10.3329890Z   nest-asyncio                   1.6.0                pyhd8ed1ab_0             conda-forge
2025-01-15T18:44:10.3330170Z   networkx                       3.3                  pyhd8ed1ab_1             conda-forge
2025-01-15T18:44:10.3330440Z   notebook                       7.2.1                pyhd8ed1ab_0             conda-forge
2025-01-15T18:44:10.3330730Z   notebook-shim                  0.2.4                pyhd8ed1ab_0             conda-forge
2025-01-15T18:44:10.3331020Z   numba                          0.59.1               py312hbaff935_0          conda-forge
2025-01-15T18:44:10.3331290Z   numexpr                        2.10.0               py312h8ae5369_0          conda-forge
2025-01-15T18:44:10.3331560Z   numpy                          1.26.4               py312h8442bc7_0          conda-forge
2025-01-15T18:44:10.3331830Z   numpydoc                       1.7.0                pyhd8ed1ab_1             conda-forge
2025-01-15T18:44:10.3332230Z   openjpeg                       2.5.2                h9f1df11_0               conda-forge
2025-01-15T18:44:10.3332500Z   openssl                        3.3.1                hfb2fe0b_0               conda-forge
2025-01-15T18:44:10.3332780Z   overrides                      7.7.0                pyhd8ed1ab_0             conda-forge
2025-01-15T18:44:10.3333050Z   packaging                      24.1                 pyhd8ed1ab_0             conda-forge
2025-01-15T18:44:10.3333330Z   pandas                         2.2.2                py312h8ae5369_1          conda-forge
2025-01-15T18:44:10.3333600Z   pandoc                         3.2                  hce30654_0               conda-forge
2025-01-15T18:44:10.3333880Z   pandocfilters                  1.5.0                pyhd8ed1ab_0             conda-forge
2025-01-15T18:44:10.3334160Z   pango                          1.54.0               h5cb9fbc_0               conda-forge
2025-01-15T18:44:10.3334430Z   parso                          0.8.4                pyhd8ed1ab_0             conda-forge
2025-01-15T18:44:10.3334700Z   pathspec                       0.12.1               pyhd8ed1ab_0             conda-forge
2025-01-15T18:44:10.3334980Z   pbr                            6.0.0                pyhd8ed1ab_0             conda-forge
2025-01-15T18:44:10.3335240Z   pcre2                          10.44                h297a79d_0               conda-forge
2025-01-15T18:44:10.3335640Z   pexpect                        4.9.0                pyhd8ed1ab_0             conda-forge
2025-01-15T18:44:10.3335940Z   pickleshare                    0.7.5                py_1003                  conda-forge
2025-01-15T18:44:10.3336250Z   pillow                         10.3.0               py312h39b1d8d_1          conda-forge
2025-01-15T18:44:10.3336520Z   pip                            24.0                 pyhd8ed1ab_0             conda-forge
2025-01-15T18:44:10.3336870Z   pixman                         0.43.4               hebf3989_0               conda-forge
2025-01-15T18:44:10.3337190Z   pkgutil-resolve-name           1.3.10               pyhd8ed1ab_1             conda-forge
2025-01-15T18:44:10.3337530Z   platformdirs                   4.2.2                pyhd8ed1ab_0             conda-forge
2025-01-15T18:44:10.3337840Z   plotly                         5.22.0               pyhd8ed1ab_0             conda-forge
2025-01-15T18:44:10.3338120Z   pluggy                         1.5.0                pyhd8ed1ab_0             conda-forge
2025-01-15T18:44:10.3338750Z   prometheus_client              0.20.0               pyhd8ed1ab_0             conda-forge
2025-01-15T18:44:10.3339090Z   prompt-toolkit                 3.0.47               pyha770c72_0             conda-forge
2025-01-15T18:44:10.3339400Z   psutil                         5.9.8                py312he37b823_0          conda-forge
2025-01-15T18:44:10.3339690Z   pthread-stubs                  0.4                  h27ca646_1001            conda-forge
2025-01-15T18:44:10.3340010Z   ptyprocess                     0.7.0                pyhd3deb0d_0             conda-forge
2025-01-15T18:44:10.3340310Z   pure_eval                      0.2.2                pyhd8ed1ab_0             conda-forge
2025-01-15T18:44:10.3340600Z   py-cpuinfo                     9.0.0                pyhd8ed1ab_0             conda-forge
2025-01-15T18:44:10.3340900Z   pybtex                         0.24.0               pyhd8ed1ab_2             conda-forge
2025-01-15T18:44:10.3341210Z   pybtex-docutils                1.0.3                py312h81bd7bf_1          conda-forge
2025-01-15T18:44:10.3341540Z   pycparser                      2.22                 pyhd8ed1ab_0             conda-forge
2025-01-15T18:44:10.3341830Z   pyerfa                         2.0.1.4              py312hbebd99a_1          conda-forge
2025-01-15T18:44:10.3342130Z   pygments                       2.18.0               pyhd8ed1ab_0             conda-forge
2025-01-15T18:44:10.3342430Z   pygraphviz                     1.13                 py312h5f4d302_1          conda-forge
2025-01-15T18:44:10.3342730Z   pyobjc-core                    10.3.1               py312hbb55c70_0          conda-forge
2025-01-15T18:44:10.3343050Z   pyobjc-framework-cocoa         10.3.1               py312hbb55c70_0          conda-forge
2025-01-15T18:44:10.3343360Z   pyparsing                      3.1.2                pyhd8ed1ab_0             conda-forge
2025-01-15T18:44:10.3343650Z   pysocks                        1.7.1                pyha2e5f31_6             conda-forge
2025-01-15T18:44:10.3343920Z   pytables                       3.9.2                py312hb622ae1_2          conda-forge
2025-01-15T18:44:10.3344200Z   pytest                         8.2.2                pyhd8ed1ab_0             conda-forge
2025-01-15T18:44:10.3344480Z   pytest-cov                     5.0.0                pyhd8ed1ab_0             conda-forge
2025-01-15T18:44:10.3344780Z   pytest-doctestplus             1.2.1                pyhd8ed1ab_0             conda-forge
2025-01-15T18:44:10.3345090Z   pytest-html                    4.1.1                pyhd8ed1ab_0             conda-forge
2025-01-15T18:44:10.3345380Z   pytest-metadata                3.1.1                pyhd8ed1ab_0             conda-forge
2025-01-15T18:44:10.3345670Z   python                         3.12.4               h30c5eda_0_cpython       conda-forge
2025-01-15T18:44:10.3345960Z   python-dateutil                2.9.0                pyhd8ed1ab_0             conda-forge
2025-01-15T18:44:10.3346420Z   python-fastjsonschema          2.20.0               pyhd8ed1ab_0             conda-forge
2025-01-15T18:44:10.3346760Z   python-json-logger             2.0.7                pyhd8ed1ab_0             conda-forge
2025-01-15T18:44:10.3347070Z   python-tzdata                  2024.1               pyhd8ed1ab_0             conda-forge
2025-01-15T18:44:10.3347360Z   python_abi                     3.12                 4_cp312                  conda-forge
2025-01-15T18:44:10.3347630Z   pytz                           2024.1               pyhd8ed1ab_0             conda-forge
2025-01-15T18:44:10.3347900Z   pyyaml                         6.0.1                py312h02f2b3b_1          conda-forge
2025-01-15T18:44:10.3348320Z   pyzmq                          26.0.3               py312hfa13136_0          conda-forge
2025-01-15T18:44:10.3348600Z   qgrid                          1.3.1                pyhd8ed1ab_4             conda-forge
2025-01-15T18:44:10.3348920Z   radioactivedecay               0.5.1                pyhd8ed1ab_0             conda-forge
2025-01-15T18:44:10.3349230Z   readline                       8.2                  h92ec313_1               conda-forge
2025-01-15T18:44:10.3349650Z   recommonmark                   0.7.1                pyhd8ed1ab_0             conda-forge
2025-01-15T18:44:10.3349970Z   referencing                    0.35.1               pyhd8ed1ab_0             conda-forge
2025-01-15T18:44:10.3350280Z   requests                       2.32.3               pyhd8ed1ab_0             conda-forge
2025-01-15T18:44:10.3350600Z   rfc3339-validator              0.1.4                pyhd8ed1ab_0             conda-forge
2025-01-15T18:44:10.3350950Z   rfc3986-validator              0.1.1                pyh9f0ad1d_0             conda-forge
2025-01-15T18:44:10.3351260Z   rpds-py                        0.18.1               py312h552d48e_0          conda-forge
2025-01-15T18:44:10.3351540Z   ruff                           0.4.9                py312h3402d49_0          conda-forge
2025-01-15T18:44:10.3351830Z   scipy                          1.13.1               py312h14ffa8f_0          conda-forge
2025-01-15T18:44:10.3352130Z   send2trash                     1.8.3                pyh31c8845_0             conda-forge
2025-01-15T18:44:10.3352440Z   setuptools                     70.0.0               pyhd8ed1ab_0             conda-forge
2025-01-15T18:44:10.3352760Z   setuptools-scm                 8.1.0                pyhd8ed1ab_0             conda-forge
2025-01-15T18:44:10.3353070Z   setuptools_scm                 8.1.0                hd8ed1ab_0               conda-forge
2025-01-15T18:44:10.3353350Z   six                            1.16.0               pyh6c4a22f_0             conda-forge
2025-01-15T18:44:10.3353630Z   snakeviz                       2.2.0                pyhd8ed1ab_0             conda-forge
2025-01-15T18:44:10.3353910Z   snappy                         1.2.0                hd04f947_1               conda-forge
2025-01-15T18:44:10.3354190Z   sniffio                        1.3.1                pyhd8ed1ab_0             conda-forge
2025-01-15T18:44:10.3354490Z   snowballstemmer                2.2.0                pyhd8ed1ab_0             conda-forge
2025-01-15T18:44:10.3354800Z   soupsieve                      2.5                  pyhd8ed1ab_1             conda-forge
2025-01-15T18:44:10.3355090Z   sphinx                         7.3.7                pyhd8ed1ab_0             conda-forge
2025-01-15T18:44:10.3355390Z   sphinx-astropy                 1.9.1                pyhd8ed1ab_0             conda-forge
2025-01-15T18:44:10.3355720Z   sphinx-automodapi              0.17.0               pyh717bed2_1             conda-forge
2025-01-15T18:44:10.3356040Z   sphinx-gallery                 0.16.0               pyhd8ed1ab_0             conda-forge
2025-01-15T18:44:10.3356370Z   sphinx-jsonschema              1.19.1               pyhd8ed1ab_0             conda-forge
2025-01-15T18:44:10.3356720Z   sphinx_bootstrap_theme         0.8.1                pyhd8ed1ab_0             conda-forge
2025-01-15T18:44:10.3357150Z   sphinx_rtd_theme               2.0.0                pyha770c72_0             conda-forge
2025-01-15T18:44:10.3357480Z   sphinxcontrib-apidoc           0.3.0                py_1                     conda-forge
2025-01-15T18:44:10.3357830Z   sphinxcontrib-applehelp        1.0.8                pyhd8ed1ab_0             conda-forge
2025-01-15T18:44:10.3358190Z   sphinxcontrib-bibtex           2.6.2                pyhd8ed1ab_0             conda-forge
2025-01-15T18:44:10.3358540Z   sphinxcontrib-devhelp          1.0.6                pyhd8ed1ab_0             conda-forge
2025-01-15T18:44:10.3358890Z   sphinxcontrib-htmlhelp         2.0.5                pyhd8ed1ab_0             conda-forge
2025-01-15T18:44:10.3359240Z   sphinxcontrib-jquery           4.1                  pyhd8ed1ab_0             conda-forge
2025-01-15T18:44:10.3359580Z   sphinxcontrib-jsmath           1.0.1                pyhd8ed1ab_0             conda-forge
2025-01-15T18:44:10.3359930Z   sphinxcontrib-qthelp           1.0.7                pyhd8ed1ab_0             conda-forge
2025-01-15T18:44:10.3360310Z   sphinxcontrib-serializinghtml  1.1.10               pyhd8ed1ab_0             conda-forge
2025-01-15T18:44:10.3360820Z   stack_data                     0.6.2                pyhd8ed1ab_0             conda-forge
2025-01-15T18:44:10.3361110Z   sympy                          1.12.1               pypyh2585a3b_103         conda-forge
2025-01-15T18:44:10.3361390Z   tabulate                       0.9.0                pyhd8ed1ab_1             conda-forge
2025-01-15T18:44:10.3361680Z   tenacity                       8.4.1                pyhd8ed1ab_0             conda-forge
2025-01-15T18:44:10.3361970Z   terminado                      0.18.1               pyh31c8845_0             conda-forge
2025-01-15T18:44:10.3362260Z   tinycss2                       1.3.0                pyhd8ed1ab_0             conda-forge
2025-01-15T18:44:10.3362540Z   tk                             8.6.13               h5083fa2_1               conda-forge
2025-01-15T18:44:10.3362810Z   toml                           0.10.2               pyhd8ed1ab_0             conda-forge
2025-01-15T18:44:10.3363090Z   tomli                          2.0.1                pyhd8ed1ab_0             conda-forge
2025-01-15T18:44:10.3363380Z   tornado                        6.4.1                py312h7e5086c_0          conda-forge
2025-01-15T18:44:10.3363660Z   tqdm                           4.66.4               pyhd8ed1ab_0             conda-forge
2025-01-15T18:44:10.3363940Z   traitlets                      5.14.3               pyhd8ed1ab_0             conda-forge
2025-01-15T18:44:10.3364260Z   typed-ast                      1.5.5                py312h02f2b3b_1          conda-forge
2025-01-15T18:44:10.3364610Z   types-python-dateutil          2.9.0.20240316       pyhd8ed1ab_0             conda-forge
2025-01-15T18:44:10.3364970Z   typing-extensions              4.12.2               hd8ed1ab_0               conda-forge
2025-01-15T18:44:10.3365300Z   typing_extensions              4.12.2               pyha770c72_0             conda-forge
2025-01-15T18:44:10.3365630Z   typing_utils                   0.1.0                pyhd8ed1ab_0             conda-forge
2025-01-15T18:44:10.3365930Z   tzdata                         2024a                h0c530f3_0               conda-forge
2025-01-15T18:44:10.3366300Z   uri-template                   1.3.0                pyhd8ed1ab_0             conda-forge
2025-01-15T18:44:10.3366600Z   urllib3                        2.2.2                pyhd8ed1ab_0             conda-forge
2025-01-15T18:44:10.3366890Z   wcwidth                        0.2.13               pyhd8ed1ab_0             conda-forge
2025-01-15T18:44:10.3367190Z   webcolors                      24.6.0               pyhd8ed1ab_0             conda-forge
2025-01-15T18:44:10.3367490Z   webencodings                   0.5.1                pyhd8ed1ab_2             conda-forge
2025-01-15T18:44:10.3367820Z   websocket-client               1.8.0                pyhd8ed1ab_0             conda-forge
2025-01-15T18:44:10.3368120Z   wheel                          0.43.0               pyhd8ed1ab_1             conda-forge
2025-01-15T18:44:10.3368620Z   widgetsnbextension             3.6.6                pyhd8ed1ab_0             conda-forge
2025-01-15T18:44:10.3368950Z   xorg-libxau                    1.0.11               hb547adb_0               conda-forge
2025-01-15T18:44:10.3369260Z   xorg-libxdmcp                  1.1.3                h27ca646_0               conda-forge
2025-01-15T18:44:10.3369540Z   xz                             5.2.6                h57fd34a_0               conda-forge
2025-01-15T18:44:10.3369810Z   yaml                           0.2.5                h3422bc3_2               conda-forge
2025-01-15T18:44:10.3370080Z   zeromq                         4.3.5                hcc0f68c_4               conda-forge
2025-01-15T18:44:10.3370370Z   zipp                           3.19.2               pyhd8ed1ab_0             conda-forge
2025-01-15T18:44:10.3370640Z   zlib                           1.3.1                hfb2fe0b_1               conda-forge
2025-01-15T18:44:10.3370920Z   zlib-ng                        2.0.7                h1a8c8d9_0               conda-forge
2025-01-15T18:44:10.3371300Z   zstd                           1.5.6                hb46c0d2_0               conda-forge
2025-01-15T18:44:10.3371770Z ##[endgroup]
