2025-01-10T12:26:49.4542508Z Requested labels: ubuntu-latest
2025-01-10T12:26:49.4543165Z Job defined at: tardis-sn/tardis/.github/workflows/tests.yml@refs/pull/2934/merge
2025-01-10T12:26:49.4543387Z Waiting for a runner to pick up this job...
2025-01-10T12:26:49.6625982Z Job is waiting for a hosted runner to come online.
2025-01-10T12:26:52.3254063Z Job is about to start running on the hosted runner: GitHub Actions 26 (hosted)
2025-01-10T12:26:54.3981823Z Current runner version: '2.321.0'
2025-01-10T12:26:54.4006833Z ##[group]Operating System
2025-01-10T12:26:54.4007664Z Ubuntu
2025-01-10T12:26:54.4008138Z 24.04.1
2025-01-10T12:26:54.4008639Z LTS
2025-01-10T12:26:54.4009166Z ##[endgroup]
2025-01-10T12:26:54.4009843Z ##[group]Runner Image
2025-01-10T12:26:54.4010457Z Image: ubuntu-24.04
2025-01-10T12:26:54.4011031Z Version: 20250105.1.0
2025-01-10T12:26:54.4012065Z Included Software: https://github.com/actions/runner-images/blob/ubuntu24/20250105.1/images/ubuntu/Ubuntu2404-Readme.md
2025-01-10T12:26:54.4013465Z Image Release: https://github.com/actions/runner-images/releases/tag/ubuntu24%2F20250105.1
2025-01-10T12:26:54.4014404Z ##[endgroup]
2025-01-10T12:26:54.4014919Z ##[group]Runner Image Provisioner
2025-01-10T12:26:54.4015499Z 2.0.404.1
2025-01-10T12:26:54.4016002Z ##[endgroup]
2025-01-10T12:26:54.4018126Z ##[group]GITHUB_TOKEN Permissions
2025-01-10T12:26:54.4020178Z Actions: read
2025-01-10T12:26:54.4021011Z Attestations: read
2025-01-10T12:26:54.4021668Z Checks: read
2025-01-10T12:26:54.4022154Z Contents: read
2025-01-10T12:26:54.4022670Z Deployments: read
2025-01-10T12:26:54.4023276Z Discussions: read
2025-01-10T12:26:54.4023788Z Issues: read
2025-01-10T12:26:54.4024278Z Metadata: read
2025-01-10T12:26:54.4024817Z Packages: read
2025-01-10T12:26:54.4025285Z Pages: read
2025-01-10T12:26:54.4025769Z PullRequests: read
2025-01-10T12:26:54.4026342Z RepositoryProjects: read
2025-01-10T12:26:54.4026874Z SecurityEvents: read
2025-01-10T12:26:54.4027394Z Statuses: read
2025-01-10T12:26:54.4027930Z ##[endgroup]
2025-01-10T12:26:54.4031019Z Secret source: None
2025-01-10T12:26:54.4031700Z Prepare workflow directory
2025-01-10T12:26:54.4660937Z Prepare all required actions
2025-01-10T12:26:54.4698508Z Getting action download info
2025-01-10T12:26:54.6721181Z Download action repository 'actions/checkout@v4' (SHA:11bd71901bbe5b1630ceea73d27597364c9af683)
2025-01-10T12:26:54.7615543Z Download action repository 'actions/upload-artifact@v4' (SHA:6f51ac03b9356f520e9adb1b1b7802705f340c2b)
2025-01-10T12:26:54.9106384Z Complete job name:  continuum ubuntu-latest 
2025-01-10T12:26:54.9767553Z ##[group]Run actions/checkout@v4
2025-01-10T12:26:54.9768387Z with:
2025-01-10T12:26:54.9768772Z   repository: tardis-sn/tardis
2025-01-10T12:26:54.9769423Z   token: ***
2025-01-10T12:26:54.9769977Z   ssh-strict: true
2025-01-10T12:26:54.9770368Z   ssh-user: git
2025-01-10T12:26:54.9770760Z   persist-credentials: true
2025-01-10T12:26:54.9771203Z   clean: true
2025-01-10T12:26:54.9771591Z   sparse-checkout-cone-mode: true
2025-01-10T12:26:54.9772081Z   fetch-depth: 1
2025-01-10T12:26:54.9772466Z   fetch-tags: false
2025-01-10T12:26:54.9772891Z   show-progress: true
2025-01-10T12:26:54.9773298Z   lfs: false
2025-01-10T12:26:54.9773665Z   submodules: false
2025-01-10T12:26:54.9774060Z   set-safe-directory: true
2025-01-10T12:26:54.9774735Z env:
2025-01-10T12:26:54.9775108Z   CACHE_NUMBER: 0
2025-01-10T12:26:54.9776240Z   PYTEST_FLAGS: --tardis-regression-data=/home/runner/work/tardis/tardis/tardis-regression-data --cov=tardis --cov-report=xml --cov-report=html --cov-append
2025-01-10T12:26:54.9777514Z   CODECOV_TOKEN: 
2025-01-10T12:26:54.9777895Z ##[endgroup]
2025-01-10T12:26:55.1825391Z Syncing repository: tardis-sn/tardis
2025-01-10T12:26:55.1827125Z ##[group]Getting Git version info
2025-01-10T12:26:55.1827778Z Working directory is '/home/runner/work/tardis/tardis'
2025-01-10T12:26:55.1828670Z [command]/usr/bin/git version
2025-01-10T12:26:55.1900065Z git version 2.47.1
2025-01-10T12:26:55.1928240Z ##[endgroup]
2025-01-10T12:26:55.1942861Z Temporarily overriding HOME='/home/runner/work/_temp/c19cdcdc-63af-4754-a061-ef610aeeef90' before making global git config changes
2025-01-10T12:26:55.1948389Z Adding repository directory to the temporary git global config as a safe directory
2025-01-10T12:26:55.1950499Z [command]/usr/bin/git config --global --add safe.directory /home/runner/work/tardis/tardis
2025-01-10T12:26:55.1983887Z Deleting the contents of '/home/runner/work/tardis/tardis'
2025-01-10T12:26:55.1987492Z ##[group]Initializing the repository
2025-01-10T12:26:55.1991831Z [command]/usr/bin/git init /home/runner/work/tardis/tardis
2025-01-10T12:26:55.2063657Z hint: Using 'master' as the name for the initial branch. This default branch name
2025-01-10T12:26:55.2064827Z hint: is subject to change. To configure the initial branch name to use in all
2025-01-10T12:26:55.2066353Z hint: of your new repositories, which will suppress this warning, call:
2025-01-10T12:26:55.2067491Z hint:
2025-01-10T12:26:55.2068223Z hint: 	git config --global init.defaultBranch <name>
2025-01-10T12:26:55.2069125Z hint:
2025-01-10T12:26:55.2070492Z hint: Names commonly chosen instead of 'master' are 'main', 'trunk' and
2025-01-10T12:26:55.2071434Z hint: 'development'. The just-created branch can be renamed via this command:
2025-01-10T12:26:55.2072109Z hint:
2025-01-10T12:26:55.2072484Z hint: 	git branch -m <name>
2025-01-10T12:26:55.2073181Z Initialized empty Git repository in /home/runner/work/tardis/tardis/.git/
2025-01-10T12:26:55.2081377Z [command]/usr/bin/git remote add origin https://github.com/tardis-sn/tardis
2025-01-10T12:26:55.2116181Z ##[endgroup]
2025-01-10T12:26:55.2116892Z ##[group]Disabling automatic garbage collection
2025-01-10T12:26:55.2120680Z [command]/usr/bin/git config --local gc.auto 0
2025-01-10T12:26:55.2149122Z ##[endgroup]
2025-01-10T12:26:55.2150044Z ##[group]Setting up auth
2025-01-10T12:26:55.2156305Z [command]/usr/bin/git config --local --name-only --get-regexp core\.sshCommand
2025-01-10T12:26:55.2186768Z [command]/usr/bin/git submodule foreach --recursive sh -c "git config --local --name-only --get-regexp 'core\.sshCommand' && git config --local --unset-all 'core.sshCommand' || :"
2025-01-10T12:26:55.2484494Z [command]/usr/bin/git config --local --name-only --get-regexp http\.https\:\/\/github\.com\/\.extraheader
2025-01-10T12:26:55.2518162Z [command]/usr/bin/git submodule foreach --recursive sh -c "git config --local --name-only --get-regexp 'http\.https\:\/\/github\.com\/\.extraheader' && git config --local --unset-all 'http.https://github.com/.extraheader' || :"
2025-01-10T12:26:55.2757639Z [command]/usr/bin/git config --local http.https://github.com/.extraheader AUTHORIZATION: basic ***
2025-01-10T12:26:55.2798479Z ##[endgroup]
2025-01-10T12:26:55.2799242Z ##[group]Fetching the repository
2025-01-10T12:26:55.2808206Z [command]/usr/bin/git -c protocol.version=2 fetch --no-tags --prune --no-recurse-submodules --depth=1 origin +1ea95a5f50a114b9d04c537fce901613f6867691:refs/remotes/pull/2934/merge
2025-01-10T12:26:56.9467460Z From https://github.com/tardis-sn/tardis
2025-01-10T12:26:56.9469305Z  * [new ref]         1ea95a5f50a114b9d04c537fce901613f6867691 -> pull/2934/merge
2025-01-10T12:26:56.9496192Z ##[endgroup]
2025-01-10T12:26:56.9497560Z ##[group]Determining the checkout info
2025-01-10T12:26:56.9499092Z ##[endgroup]
2025-01-10T12:26:56.9504631Z [command]/usr/bin/git sparse-checkout disable
2025-01-10T12:26:56.9557102Z [command]/usr/bin/git config --local --unset-all extensions.worktreeConfig
2025-01-10T12:26:56.9591800Z ##[group]Checking out the ref
2025-01-10T12:26:56.9595344Z [command]/usr/bin/git checkout --progress --force refs/remotes/pull/2934/merge
2025-01-10T12:26:57.1610694Z Note: switching to 'refs/remotes/pull/2934/merge'.
2025-01-10T12:26:57.1611481Z 
2025-01-10T12:26:57.1612012Z You are in 'detached HEAD' state. You can look around, make experimental
2025-01-10T12:26:57.1613220Z changes and commit them, and you can discard any commits you make in this
2025-01-10T12:26:57.1614461Z state without impacting any branches by switching back to a branch.
2025-01-10T12:26:57.1615167Z 
2025-01-10T12:26:57.1615680Z If you want to create a new branch to retain commits you create, you may
2025-01-10T12:26:57.1616805Z do so (now or later) by using -c with the switch command. Example:
2025-01-10T12:26:57.1617444Z 
2025-01-10T12:26:57.1617776Z   git switch -c <new-branch-name>
2025-01-10T12:26:57.1618303Z 
2025-01-10T12:26:57.1618629Z Or undo this operation with:
2025-01-10T12:26:57.1619113Z 
2025-01-10T12:26:57.1619939Z   git switch -
2025-01-10T12:26:57.1620351Z 
2025-01-10T12:26:57.1620967Z Turn off this advice by setting config variable advice.detachedHead to false
2025-01-10T12:26:57.1621825Z 
2025-01-10T12:26:57.1622799Z HEAD is now at 1ea95a5 Merge 06106d1accf7be7fe24a1150a4bc4c271bc1610f into 0fc2c76326b8122f88ddaf369f17a637bbe37c63
2025-01-10T12:26:57.1633393Z ##[endgroup]
2025-01-10T12:26:57.1677647Z [command]/usr/bin/git log -1 --format=%H
2025-01-10T12:26:57.1701835Z 1ea95a5f50a114b9d04c537fce901613f6867691
2025-01-10T12:26:57.2091368Z Prepare all required actions
2025-01-10T12:26:57.2092870Z Getting action download info
2025-01-10T12:26:57.3716613Z Download action repository 'actions/cache@v4' (SHA:1bd1e32a3bdc45362d1e726936510720a7c30a57)
2025-01-10T12:26:57.4977175Z ##[group]Run ./.github/actions/setup_lfs
2025-01-10T12:26:57.4977549Z with:
2025-01-10T12:26:57.4977878Z   regression-data-repo: tardis-sn/tardis-regression-data
2025-01-10T12:26:57.4978252Z env:
2025-01-10T12:26:57.4978520Z   CACHE_NUMBER: 0
2025-01-10T12:26:57.4979250Z   PYTEST_FLAGS: --tardis-regression-data=/home/runner/work/tardis/tardis/tardis-regression-data --cov=tardis --cov-report=xml --cov-report=html --cov-append
2025-01-10T12:26:57.4980236Z   CODECOV_TOKEN: 
2025-01-10T12:26:57.4980481Z ##[endgroup]
2025-01-10T12:26:57.5107337Z ##[group]Run actions/checkout@v4
2025-01-10T12:26:57.5107688Z with:
2025-01-10T12:26:57.5107998Z   repository: tardis-sn/tardis-regression-data
2025-01-10T12:26:57.5108400Z   path: tardis-regression-data
2025-01-10T12:26:57.5108902Z   token: ***
2025-01-10T12:26:57.5109176Z   ssh-strict: true
2025-01-10T12:26:57.5109464Z   ssh-user: git
2025-01-10T12:26:57.5109924Z   persist-credentials: true
2025-01-10T12:26:57.5110249Z   clean: true
2025-01-10T12:26:57.5110551Z   sparse-checkout-cone-mode: true
2025-01-10T12:26:57.5110885Z   fetch-depth: 1
2025-01-10T12:26:57.5111167Z   fetch-tags: false
2025-01-10T12:26:57.5111456Z   show-progress: true
2025-01-10T12:26:57.5111741Z   lfs: false
2025-01-10T12:26:57.5112021Z   submodules: false
2025-01-10T12:26:57.5112324Z   set-safe-directory: true
2025-01-10T12:26:57.5112621Z env:
2025-01-10T12:26:57.5112874Z   CACHE_NUMBER: 0
2025-01-10T12:26:57.5113609Z   PYTEST_FLAGS: --tardis-regression-data=/home/runner/work/tardis/tardis/tardis-regression-data --cov=tardis --cov-report=xml --cov-report=html --cov-append
2025-01-10T12:26:57.5114373Z   CODECOV_TOKEN: 
2025-01-10T12:26:57.5114656Z ##[endgroup]
2025-01-10T12:26:57.6061513Z Syncing repository: tardis-sn/tardis-regression-data
2025-01-10T12:26:57.6068066Z ##[group]Getting Git version info
2025-01-10T12:26:57.6068964Z Working directory is '/home/runner/work/tardis/tardis/tardis-regression-data'
2025-01-10T12:26:57.6110150Z [command]/usr/bin/git version
2025-01-10T12:26:57.6155852Z git version 2.47.1
2025-01-10T12:26:57.6182509Z ##[endgroup]
2025-01-10T12:26:57.6196058Z Temporarily overriding HOME='/home/runner/work/_temp/f49969da-4d86-400f-b09e-9b3118b3fceb' before making global git config changes
2025-01-10T12:26:57.6197189Z Adding repository directory to the temporary git global config as a safe directory
2025-01-10T12:26:57.6201781Z [command]/usr/bin/git config --global --add safe.directory /home/runner/work/tardis/tardis/tardis-regression-data
2025-01-10T12:26:57.6237101Z ##[group]Initializing the repository
2025-01-10T12:26:57.6243414Z [command]/usr/bin/git init /home/runner/work/tardis/tardis/tardis-regression-data
2025-01-10T12:26:57.6283764Z hint: Using 'master' as the name for the initial branch. This default branch name
2025-01-10T12:26:57.6284970Z hint: is subject to change. To configure the initial branch name to use in all
2025-01-10T12:26:57.6286124Z hint: of your new repositories, which will suppress this warning, call:
2025-01-10T12:26:57.6286952Z hint:
2025-01-10T12:26:57.6287557Z hint: 	git config --global init.defaultBranch <name>
2025-01-10T12:26:57.6288285Z hint:
2025-01-10T12:26:57.6289001Z hint: Names commonly chosen instead of 'master' are 'main', 'trunk' and
2025-01-10T12:26:57.6290274Z hint: 'development'. The just-created branch can be renamed via this command:
2025-01-10T12:26:57.6291495Z hint:
2025-01-10T12:26:57.6292010Z hint: 	git branch -m <name>
2025-01-10T12:26:57.6292995Z Initialized empty Git repository in /home/runner/work/tardis/tardis/tardis-regression-data/.git/
2025-01-10T12:26:57.6299479Z [command]/usr/bin/git remote add origin https://github.com/tardis-sn/tardis-regression-data
2025-01-10T12:26:57.6335799Z ##[endgroup]
2025-01-10T12:26:57.6336362Z ##[group]Disabling automatic garbage collection
2025-01-10T12:26:57.6341341Z [command]/usr/bin/git config --local gc.auto 0
2025-01-10T12:26:57.6370571Z ##[endgroup]
2025-01-10T12:26:57.6371454Z ##[group]Setting up auth
2025-01-10T12:26:57.6377983Z [command]/usr/bin/git config --local --name-only --get-regexp core\.sshCommand
2025-01-10T12:26:57.6409933Z [command]/usr/bin/git submodule foreach --recursive sh -c "git config --local --name-only --get-regexp 'core\.sshCommand' && git config --local --unset-all 'core.sshCommand' || :"
2025-01-10T12:26:57.6645116Z [command]/usr/bin/git config --local --name-only --get-regexp http\.https\:\/\/github\.com\/\.extraheader
2025-01-10T12:26:57.6678652Z [command]/usr/bin/git submodule foreach --recursive sh -c "git config --local --name-only --get-regexp 'http\.https\:\/\/github\.com\/\.extraheader' && git config --local --unset-all 'http.https://github.com/.extraheader' || :"
2025-01-10T12:26:57.6925130Z [command]/usr/bin/git config --local http.https://github.com/.extraheader AUTHORIZATION: basic ***
2025-01-10T12:26:57.6961787Z ##[endgroup]
2025-01-10T12:26:57.6962276Z ##[group]Determining the default branch
2025-01-10T12:26:57.6965284Z Retrieving the default branch name
2025-01-10T12:26:58.0335229Z Default branch 'main'
2025-01-10T12:26:58.0336672Z ##[endgroup]
2025-01-10T12:26:58.0337473Z ##[group]Fetching the repository
2025-01-10T12:26:58.0344322Z [command]/usr/bin/git -c protocol.version=2 fetch --no-tags --prune --no-recurse-submodules --depth=1 origin +refs/heads/main:refs/remotes/origin/main
2025-01-10T12:26:58.7665864Z From https://github.com/tardis-sn/tardis-regression-data
2025-01-10T12:26:58.7666557Z  * [new branch]      main       -> origin/main
2025-01-10T12:26:58.7691625Z ##[endgroup]
2025-01-10T12:26:58.7692001Z ##[group]Determining the checkout info
2025-01-10T12:26:58.7692894Z ##[endgroup]
2025-01-10T12:26:58.7698231Z [command]/usr/bin/git sparse-checkout disable
2025-01-10T12:26:58.7740832Z [command]/usr/bin/git config --local --unset-all extensions.worktreeConfig
2025-01-10T12:26:58.7770323Z ##[group]Checking out the ref
2025-01-10T12:26:58.7775096Z [command]/usr/bin/git checkout --progress --force -B main refs/remotes/origin/main
2025-01-10T12:26:58.8855472Z Switched to a new branch 'main'
2025-01-10T12:26:58.8857694Z branch 'main' set up to track 'origin/main'.
2025-01-10T12:26:58.9118393Z ##[endgroup]
2025-01-10T12:26:58.9156894Z [command]/usr/bin/git log -1 --format=%H
2025-01-10T12:26:58.9178761Z 666ab8501c2b2aea30d05b8822e7ddbfca078d23
2025-01-10T12:26:58.9318748Z ##[group]Run git lfs ls-files -l | cut -d' ' -f1 | sort > .lfs-assets-id
2025-01-10T12:26:58.9319327Z [36;1mgit lfs ls-files -l | cut -d' ' -f1 | sort > .lfs-assets-id[0m
2025-01-10T12:26:58.9352469Z shell: /usr/bin/bash --noprofile --norc -e -o pipefail {0}
2025-01-10T12:26:58.9352834Z env:
2025-01-10T12:26:58.9353004Z   CACHE_NUMBER: 0
2025-01-10T12:26:58.9353601Z   PYTEST_FLAGS: --tardis-regression-data=/home/runner/work/tardis/tardis/tardis-regression-data --cov=tardis --cov-report=xml --cov-report=html --cov-append
2025-01-10T12:26:58.9354262Z   CODECOV_TOKEN: 
2025-01-10T12:26:58.9354447Z ##[endgroup]
2025-01-10T12:26:59.0842608Z ##[group]Run actions/cache/restore@v4
2025-01-10T12:26:59.0842889Z with:
2025-01-10T12:26:59.0843084Z   path: tardis-regression-data/.git/lfs
2025-01-10T12:26:59.0843490Z   key: Linux-lfs-21f9fa4b6817cc69b9fae3598144724da7828e276a73bd17f47a2a49d9af090a-v1
2025-01-10T12:26:59.0843897Z   enableCrossOsArchive: false
2025-01-10T12:26:59.0844128Z   fail-on-cache-miss: false
2025-01-10T12:26:59.0844620Z   lookup-only: false
2025-01-10T12:26:59.0844853Z env:
2025-01-10T12:26:59.0845066Z   CACHE_NUMBER: 0
2025-01-10T12:26:59.0845659Z   PYTEST_FLAGS: --tardis-regression-data=/home/runner/work/tardis/tardis/tardis-regression-data --cov=tardis --cov-report=xml --cov-report=html --cov-append
2025-01-10T12:26:59.0846286Z   CODECOV_TOKEN: 
2025-01-10T12:26:59.0846466Z ##[endgroup]
2025-01-10T12:27:00.7485568Z Received 16777216 of 1708418946 (1.0%), 16.0 MBs/sec
2025-01-10T12:27:01.7487828Z Received 167772160 of 1708418946 (9.8%), 80.0 MBs/sec
2025-01-10T12:27:02.7488737Z Received 335544320 of 1708418946 (19.6%), 106.6 MBs/sec
2025-01-10T12:27:03.7493614Z Received 503316480 of 1708418946 (29.5%), 119.9 MBs/sec
2025-01-10T12:27:04.7502858Z Received 671088640 of 1708418946 (39.3%), 127.9 MBs/sec
2025-01-10T12:27:05.7511894Z Received 834666496 of 1708418946 (48.9%), 132.6 MBs/sec
2025-01-10T12:27:06.7524198Z Received 1002438656 of 1708418946 (58.7%), 136.5 MBs/sec
2025-01-10T12:27:07.7531081Z Received 1157627904 of 1708418946 (67.8%), 137.9 MBs/sec
2025-01-10T12:27:08.7600768Z Received 1329594368 of 1708418946 (77.8%), 140.8 MBs/sec
2025-01-10T12:27:09.7571330Z Received 1480589312 of 1708418946 (86.7%), 141.1 MBs/sec
2025-01-10T12:27:10.7565677Z Received 1639972864 of 1708418946 (96.0%), 142.1 MBs/sec
2025-01-10T12:27:11.2120676Z Cache Size: ~1629 MB (1708418946 B)
2025-01-10T12:27:11.2206349Z [command]/usr/bin/tar -xf /home/runner/work/_temp/131820b9-961f-479d-b260-bc13c3a6691d/cache.tzst -P -C /home/runner/work/tardis/tardis --use-compress-program unzstd
2025-01-10T12:27:11.7575436Z Received 1708418946 of 1708418946 (100.0%), 135.7 MBs/sec
2025-01-10T12:27:17.0926391Z Cache restored successfully
2025-01-10T12:27:17.4331932Z Cache restored from key: Linux-lfs-21f9fa4b6817cc69b9fae3598144724da7828e276a73bd17f47a2a49d9af090a-v1
2025-01-10T12:27:17.4507190Z ##[group]Run git lfs checkout
2025-01-10T12:27:17.4507444Z [36;1mgit lfs checkout[0m
2025-01-10T12:27:17.4533670Z shell: /usr/bin/bash --noprofile --norc -e -o pipefail {0}
2025-01-10T12:27:17.4534022Z env:
2025-01-10T12:27:17.4534187Z   CACHE_NUMBER: 0
2025-01-10T12:27:17.4534783Z   PYTEST_FLAGS: --tardis-regression-data=/home/runner/work/tardis/tardis/tardis-regression-data --cov=tardis --cov-report=xml --cov-report=html --cov-append
2025-01-10T12:27:17.4535431Z   CODECOV_TOKEN: 
2025-01-10T12:27:17.4535617Z ##[endgroup]
2025-01-10T12:27:31.1415648Z Checking out LFS objects: 100% (204/204), 3.5 GB | 263 MB/s, done.
2025-01-10T12:27:32.7765070Z Prepare all required actions
2025-01-10T12:27:32.7765407Z Getting action download info
2025-01-10T12:27:32.9593036Z Download action repository 'mamba-org/setup-micromamba@v1' (SHA:4b9113af4fba0e9e1124b252dd6497a419e7396d)
2025-01-10T12:27:33.8014046Z ##[group]Run ./.github/actions/setup_env
2025-01-10T12:27:33.8014306Z with:
2025-01-10T12:27:33.8014488Z   os-label: linux-64
2025-01-10T12:27:33.8014676Z env:
2025-01-10T12:27:33.8014831Z   CACHE_NUMBER: 0
2025-01-10T12:27:33.8015432Z   PYTEST_FLAGS: --tardis-regression-data=/home/runner/work/tardis/tardis/tardis-regression-data --cov=tardis --cov-report=xml --cov-report=html --cov-append
2025-01-10T12:27:33.8016093Z   CODECOV_TOKEN: 
2025-01-10T12:27:33.8016275Z ##[endgroup]
2025-01-10T12:27:33.8035813Z ##[group]Run file_hash=$(cat conda-linux-64.lock | shasum -a 256 | cut -d' ' -f1)
2025-01-10T12:27:33.8036288Z [36;1mfile_hash=$(cat conda-linux-64.lock | shasum -a 256 | cut -d' ' -f1)[0m
2025-01-10T12:27:33.8036717Z [36;1mecho "file_hash=$file_hash" >> "${GITHUB_OUTPUT}"[0m
2025-01-10T12:27:33.8062316Z shell: /usr/bin/bash --noprofile --norc -e -o pipefail {0}
2025-01-10T12:27:33.8062618Z env:
2025-01-10T12:27:33.8062780Z   CACHE_NUMBER: 0
2025-01-10T12:27:33.8063369Z   PYTEST_FLAGS: --tardis-regression-data=/home/runner/work/tardis/tardis/tardis-regression-data --cov=tardis --cov-report=xml --cov-report=html --cov-append
2025-01-10T12:27:33.8063981Z   CODECOV_TOKEN: 
2025-01-10T12:27:33.8064169Z ##[endgroup]
2025-01-10T12:27:33.8361499Z ##[group]Run mamba-org/setup-micromamba@v1
2025-01-10T12:27:33.8362153Z with:
2025-01-10T12:27:33.8362464Z   environment-file: conda-linux-64.lock
2025-01-10T12:27:33.8362987Z   cache-environment-key: 1bfcc818b79d6e7f30001ef583d4cbf8b611cf6e4e626641987e436d32dd5614
2025-01-10T12:27:33.8363595Z   cache-downloads-key: 1bfcc818b79d6e7f30001ef583d4cbf8b611cf6e4e626641987e436d32dd5614
2025-01-10T12:27:33.8363998Z   environment-name: tardis
2025-01-10T12:27:33.8364225Z   cache-environment: true
2025-01-10T12:27:33.8364453Z   cache-downloads: true
2025-01-10T12:27:33.8364646Z env:
2025-01-10T12:27:33.8364801Z   CACHE_NUMBER: 0
2025-01-10T12:27:33.8365398Z   PYTEST_FLAGS: --tardis-regression-data=/home/runner/work/tardis/tardis/tardis-regression-data --cov=tardis --cov-report=xml --cov-report=html --cov-append
2025-01-10T12:27:33.8366018Z   CODECOV_TOKEN: 
2025-01-10T12:27:33.8366196Z ##[endgroup]
2025-01-10T12:27:33.9693888Z Will download micromamba to /home/runner/micromamba-bin/micromamba
2025-01-10T12:27:33.9705986Z ##[group]Install micromamba
2025-01-10T12:27:34.6301632Z micromamba installed to /home/runner/micromamba-bin/micromamba
2025-01-10T12:27:34.6302242Z ##[endgroup]
2025-01-10T12:27:34.6303341Z Adding conda-forge to condarc channels ...
2025-01-10T12:27:34.6314255Z ##[group]Initialize micromamba for bash.
2025-01-10T12:27:34.6330457Z [command]/home/runner/micromamba-bin/micromamba shell init -s bash -r /home/runner/micromamba --log-level warning --rc-file /home/runner/work/_temp/setup-micromamba/.condarc
2025-01-10T12:27:34.6436426Z Modifying RC file "/home/runner/.bashrc"
2025-01-10T12:27:34.6437572Z Generating config for root prefix [1m"/home/runner/micromamba"[0m
2025-01-10T12:27:34.6438433Z Setting mamba executable to: [1m"/home/runner/micromamba-bin/micromamba"[0m
2025-01-10T12:27:34.6439447Z Adding (or replacing) the following in your "/home/runner/.bashrc" file
2025-01-10T12:27:34.6440033Z 
2025-01-10T12:27:34.6440129Z # >>> mamba initialize >>>
2025-01-10T12:27:34.6440597Z # !! Contents within this block are managed by 'mamba init' !!
2025-01-10T12:27:34.6441054Z export MAMBA_EXE='/home/runner/micromamba-bin/micromamba';
2025-01-10T12:27:34.6441405Z export MAMBA_ROOT_PREFIX='/home/runner/micromamba';
2025-01-10T12:27:34.6441857Z __mamba_setup="$("$MAMBA_EXE" shell hook --shell bash --root-prefix "$MAMBA_ROOT_PREFIX" 2> /dev/null)"
2025-01-10T12:27:34.6442493Z if [ $? -eq 0 ]; then
2025-01-10T12:27:34.6442814Z     eval "$__mamba_setup"
2025-01-10T12:27:34.6443090Z else
2025-01-10T12:27:34.6443618Z     alias micromamba="$MAMBA_EXE"  # Fallback on help from mamba activate
2025-01-10T12:27:34.6443956Z fi
2025-01-10T12:27:34.6444114Z unset __mamba_setup
2025-01-10T12:27:34.6444300Z # <<< mamba initialize <<<
2025-01-10T12:27:34.6444436Z 
2025-01-10T12:27:34.6455567Z Moving mamba initialize block to .bash_profile
2025-01-10T12:27:34.6758796Z ##[endgroup]
2025-01-10T12:27:34.6760269Z ##[group]Restoring downloads from `/home/runner/micromamba/pkgs` ...
2025-01-10T12:27:36.1944592Z Received 4194304 of 358593873 (1.2%), 4.0 MBs/sec
2025-01-10T12:27:37.1952785Z Received 113246208 of 358593873 (31.6%), 53.9 MBs/sec
2025-01-10T12:27:38.1959517Z Received 239075328 of 358593873 (66.7%), 75.9 MBs/sec
2025-01-10T12:27:39.1313264Z Cache Size: ~342 MB (358593873 B)
2025-01-10T12:27:39.1355566Z [command]/usr/bin/tar -xf /home/runner/work/_temp/25229f4e-8eef-456d-a146-da1e24acc433/cache.tzst -P -C /home/runner/work/tardis/tardis --use-compress-program unzstd
2025-01-10T12:27:39.1958785Z Received 358593873 of 358593873 (100.0%), 85.5 MBs/sec
2025-01-10T12:27:39.6003783Z Cache restored successfully
2025-01-10T12:27:39.6730826Z Restored cache with key `1bfcc818b79d6e7f30001ef583d4cbf8b611cf6e4e626641987e436d32dd5614-linux-64`
2025-01-10T12:27:39.6731886Z ##[endgroup]
2025-01-10T12:27:39.6742643Z ##[group]Restoring environment `tardis` from `/home/runner/micromamba/envs/tardis` ...
2025-01-10T12:27:41.0146991Z Received 4194304 of 446763168 (0.9%), 4.0 MBs/sec
2025-01-10T12:27:42.0144976Z Received 130023424 of 446763168 (29.1%), 61.9 MBs/sec
2025-01-10T12:27:43.0151970Z Received 260046848 of 446763168 (58.2%), 82.6 MBs/sec
2025-01-10T12:27:44.0145033Z Received 373293056 of 446763168 (83.6%), 89.0 MBs/sec
2025-01-10T12:27:44.5698913Z Cache Size: ~426 MB (446763168 B)
2025-01-10T12:27:44.5758170Z [command]/usr/bin/tar -xf /home/runner/work/_temp/ae8760f6-1b79-43ff-a9be-5c42544c92d5/cache.tzst -P -C /home/runner/work/tardis/tardis --use-compress-program unzstd
2025-01-10T12:27:45.0149042Z Received 446763168 of 446763168 (100.0%), 85.2 MBs/sec
2025-01-10T12:27:49.7108956Z Cache restored successfully
2025-01-10T12:27:49.7950111Z Restored cache with key `1bfcc818b79d6e7f30001ef583d4cbf8b611cf6e4e626641987e436d32dd5614-linux-64-tardis-args-4f53cda-root-dcc80ee-bin-[object Promise]-file-1bfcc818b79d6e7f30001ef583d4cbf8b611cf6e4e626641987e436d32dd5614`
2025-01-10T12:27:49.7951430Z ##[endgroup]
2025-01-10T12:27:49.7951667Z Adding environment tardis to auto-activate bash ...
2025-01-10T12:27:49.7963851Z Generating micromamba run shell.
2025-01-10T12:27:49.7974458Z ##[endgroup]
2025-01-10T12:27:49.7978612Z Set environment variables.
2025-01-10T12:27:49.7983142Z ##[group]micromamba info
2025-01-10T12:27:49.7986644Z [command]/home/runner/micromamba-bin/micromamba info -r /home/runner/micromamba -n tardis
2025-01-10T12:27:49.8217756Z 
2025-01-10T12:27:49.8217972Z        libmamba version : 1.5.10
2025-01-10T12:27:49.8218417Z      micromamba version : 1.5.10
2025-01-10T12:27:49.8219112Z            curl version : libcurl/8.10.1 OpenSSL/3.3.2 zlib/1.3.1 zstd/1.5.6 libssh2/1.11.0 nghttp2/1.58.0
2025-01-10T12:27:49.8220198Z      libarchive version : libarchive 3.7.4 zlib/1.2.13 bz2lib/1.0.8 libzstd/1.5.6
2025-01-10T12:27:49.8220873Z        envs directories : /home/runner/micromamba/envs
2025-01-10T12:27:49.8221397Z           package cache : /home/runner/micromamba/pkgs
2025-01-10T12:27:49.8221876Z                           /home/runner/.mamba/pkgs
2025-01-10T12:27:49.8222311Z             environment : tardis
2025-01-10T12:27:49.8222775Z            env location : /home/runner/micromamba/envs/tardis
2025-01-10T12:27:49.8223304Z       user config files : /home/runner/.mambarc
2025-01-10T12:27:49.8223941Z  populated config files : /home/runner/work/_temp/setup-micromamba/.condarc
2025-01-10T12:27:49.8224372Z        virtual packages : __unix=0=0
2025-01-10T12:27:49.8224620Z                           __linux=6.8.0=0
2025-01-10T12:27:49.8224863Z                           __glibc=2.39=0
2025-01-10T12:27:49.8225453Z                           __archspec=1=x86_64_v3
2025-01-10T12:27:49.8225814Z                channels : https://conda.anaconda.org/conda-forge/linux-64
2025-01-10T12:27:49.8226206Z                           https://conda.anaconda.org/conda-forge/noarch
2025-01-10T12:27:49.8226553Z        base environment : /home/runner/micromamba
2025-01-10T12:27:49.8226834Z                platform : linux-64
2025-01-10T12:27:49.8233134Z ##[endgroup]
2025-01-10T12:27:49.8233550Z ##[group]micromamba list
2025-01-10T12:27:49.8234874Z [command]/home/runner/micromamba-bin/micromamba list -r /home/runner/micromamba -n tardis
2025-01-10T12:27:50.2093257Z List of packages in environment: "/home/runner/micromamba/envs/tardis"
2025-01-10T12:27:50.2093872Z 
2025-01-10T12:27:50.2094222Z   Name                           Version              Build                    Channel    
2025-01-10T12:27:50.2095471Z â”€â”€â”€â”€â”€â”€â”€â”€â”€â”€â”€â”€â”€â”€â”€â”€â”€â”€â”€â”€â”€â”€â”€â”€â”€â”€â”€â”€â”€â”€â”€â”€â”€â”€â”€â”€â”€â”€â”€â”€â”€â”€â”€â”€â”€â”€â”€â”€â”€â”€â”€â”€â”€â”€â”€â”€â”€â”€â”€â”€â”€â”€â”€â”€â”€â”€â”€â”€â”€â”€â”€â”€â”€â”€â”€â”€â”€â”€â”€â”€â”€â”€â”€â”€â”€â”€â”€â”€â”€â”€â”€â”€
2025-01-10T12:27:50.2096034Z   _libgcc_mutex                  0.1                  conda_forge              conda-forge
2025-01-10T12:27:50.2096505Z   _openmp_mutex                  4.5                  2_gnu                    conda-forge
2025-01-10T12:27:50.2096969Z   alabaster                      0.7.16               pyhd8ed1ab_0             conda-forge
2025-01-10T12:27:50.2097398Z   anyio                          4.4.0                pyhd8ed1ab_0             conda-forge
2025-01-10T12:27:50.2097826Z   argon2-cffi                    23.1.0               pyhd8ed1ab_1             conda-forge
2025-01-10T12:27:50.2098342Z   argon2-cffi-bindings           21.2.0               py312h66e93f0_5          conda-forge
2025-01-10T12:27:50.2099151Z   arrow                          1.3.0                pyhd8ed1ab_1             conda-forge
2025-01-10T12:27:50.2099807Z   astropy                        6.1.1                py312h4fc7734_1          conda-forge
2025-01-10T12:27:50.2100584Z   astropy-iers-data              0.2024.6.17.0.31.35  pyhd8ed1ab_0             conda-forge
2025-01-10T12:27:50.2101294Z   astropy-sphinx-theme           1.1                  pyhd8ed1ab_1             conda-forge
2025-01-10T12:27:50.2101793Z   asttokens                      2.4.1                pyhd8ed1ab_0             conda-forge
2025-01-10T12:27:50.2102233Z   async-lru                      2.0.4                pyhd8ed1ab_1             conda-forge
2025-01-10T12:27:50.2102650Z   atk-1.0                        2.38.0               h04ea711_2               conda-forge
2025-01-10T12:27:50.2103011Z   attrs                          23.2.0               pyh71513ae_0             conda-forge
2025-01-10T12:27:50.2103345Z   babel                          2.14.0               pyhd8ed1ab_0             conda-forge
2025-01-10T12:27:50.2103726Z   beautifulsoup4                 4.12.3               pyha770c72_1             conda-forge
2025-01-10T12:27:50.2104094Z   bleach                         6.1.0                pyhd8ed1ab_0             conda-forge
2025-01-10T12:27:50.2104425Z   blosc                          1.21.6               hef167b5_0               conda-forge
2025-01-10T12:27:50.2104775Z   brotli                         1.1.0                hb9d3cd8_2               conda-forge
2025-01-10T12:27:50.2105297Z   brotli-bin                     1.1.0                hb9d3cd8_2               conda-forge
2025-01-10T12:27:50.2105666Z   brotli-python                  1.1.0                py312h2ec8cdc_2          conda-forge
2025-01-10T12:27:50.2106016Z   bzip2                          1.0.8                h4bc722e_7               conda-forge
2025-01-10T12:27:50.2106339Z   c-ares                         1.28.1               hd590300_0               conda-forge
2025-01-10T12:27:50.2106672Z   c-blosc2                       2.15.2               h68e2383_0               conda-forge
2025-01-10T12:27:50.2107065Z   ca-certificates                2024.12.14           hbcca054_0               conda-forge
2025-01-10T12:27:50.2107473Z   cached-property                1.5.2                hd8ed1ab_1               conda-forge
2025-01-10T12:27:50.2108043Z   cached_property                1.5.2                pyha770c72_1             conda-forge
2025-01-10T12:27:50.2108425Z   cairo                          1.18.0               h3faef2a_0               conda-forge
2025-01-10T12:27:50.2108904Z   certifi                        2024.12.14           pyhd8ed1ab_0             conda-forge
2025-01-10T12:27:50.2109408Z   cffi                           1.16.0               py312hf06ca03_0          conda-forge
2025-01-10T12:27:50.2110530Z   charset-normalizer             3.3.2                pyhd8ed1ab_0             conda-forge
2025-01-10T12:27:50.2111108Z   click                          8.1.7                unix_pyh707e725_1        conda-forge
2025-01-10T12:27:50.2111613Z   codespell                      2.3.0                pyhd8ed1ab_1             conda-forge
2025-01-10T12:27:50.2112088Z   colorama                       0.4.6                pyhd8ed1ab_1             conda-forge
2025-01-10T12:27:50.2112576Z   comm                           0.2.2                pyhd8ed1ab_1             conda-forge
2025-01-10T12:27:50.2113073Z   commonmark                     0.9.1                py_0                     conda-forge
2025-01-10T12:27:50.2113549Z   contourpy                      1.2.1                py312h8572e83_0          conda-forge
2025-01-10T12:27:50.2114037Z   coverage                       7.5.3                py312h9a8786e_0          conda-forge
2025-01-10T12:27:50.2114504Z   cycler                         0.12.1               pyhd8ed1ab_1             conda-forge
2025-01-10T12:27:50.2114948Z   dataclasses                    0.8                  pyhc8e2a94_3             conda-forge
2025-01-10T12:27:50.2115613Z   debugpy                        1.8.1                py312h30efb56_0          conda-forge
2025-01-10T12:27:50.2116055Z   decorator                      5.1.1                pyhd8ed1ab_1             conda-forge
2025-01-10T12:27:50.2116495Z   defusedxml                     0.7.1                pyhd8ed1ab_0             conda-forge
2025-01-10T12:27:50.2200090Z   docutils                       0.20.1               py312h7900ff3_3          conda-forge
2025-01-10T12:27:50.2200873Z   dot2tex                        2.11.3               pyhd8ed1ab_1             conda-forge
2025-01-10T12:27:50.2201528Z   entrypoints                    0.4                  pyhd8ed1ab_1             conda-forge
2025-01-10T12:27:50.2202222Z   exceptiongroup                 1.2.0                pyhd8ed1ab_2             conda-forge
2025-01-10T12:27:50.2202916Z   executing                      2.0.1                pyhd8ed1ab_0             conda-forge
2025-01-10T12:27:50.2203515Z   expat                          2.6.2                h59595ed_0               conda-forge
2025-01-10T12:27:50.2204188Z   font-ttf-dejavu-sans-mono      2.37                 hab24e00_0               conda-forge
2025-01-10T12:27:50.2204935Z   font-ttf-inconsolata           3.000                h77eed37_0               conda-forge
2025-01-10T12:27:50.2205692Z   font-ttf-source-code-pro       2.038                h77eed37_0               conda-forge
2025-01-10T12:27:50.2206414Z   font-ttf-ubuntu                0.83                 h77eed37_3               conda-forge
2025-01-10T12:27:50.2207031Z   fontconfig                     2.14.2               h14ed4e7_0               conda-forge
2025-01-10T12:27:50.2207667Z   fonts-conda-ecosystem          1                    0                        conda-forge
2025-01-10T12:27:50.2208321Z   fonts-conda-forge              1                    0                        conda-forge
2025-01-10T12:27:50.2208920Z   fonttools                      4.53.0               py312h9a8786e_0          conda-forge
2025-01-10T12:27:50.2209489Z   fqdn                           1.5.1                pyhd8ed1ab_1             conda-forge
2025-01-10T12:27:50.2210217Z   freetype                       2.12.1               h267a509_2               conda-forge
2025-01-10T12:27:50.2210804Z   fribidi                        1.0.10               h36c2ea0_0               conda-forge
2025-01-10T12:27:50.2211686Z   future                         1.0.0                pyhd8ed1ab_1             conda-forge
2025-01-10T12:27:50.2212287Z   gdk-pixbuf                     2.42.12              hb9ae30d_0               conda-forge
2025-01-10T12:27:50.2212960Z   giflib                         5.2.2                hd590300_0               conda-forge
2025-01-10T12:27:50.2213534Z   git-lfs                        3.5.1                h647637d_1               conda-forge
2025-01-10T12:27:50.2214066Z   gmp                            6.3.0                hac33072_2               conda-forge
2025-01-10T12:27:50.2214600Z   gmpy2                          2.1.5                py312h7201bc8_3          conda-forge
2025-01-10T12:27:50.2215163Z   graphite2                      1.3.13               h59595ed_1003            conda-forge
2025-01-10T12:27:50.2215739Z   graphviz                       11.0.0               hc68bbd7_0               conda-forge
2025-01-10T12:27:50.2216295Z   gtk2                           2.24.33              h280cfa0_4               conda-forge
2025-01-10T12:27:50.2216816Z   gts                            0.7.6                h977cf35_4               conda-forge
2025-01-10T12:27:50.2217333Z   h11                            0.14.0               pyhd8ed1ab_1             conda-forge
2025-01-10T12:27:50.2217852Z   h2                             4.1.0                pyhd8ed1ab_1             conda-forge
2025-01-10T12:27:50.2218377Z   h5py                           3.11.0               nompi_py312hedeef09_103  conda-forge
2025-01-10T12:27:50.2218946Z   harfbuzz                       8.5.0                hfac3d4d_0               conda-forge
2025-01-10T12:27:50.2219842Z   hdf5                           1.14.3               nompi_hdf9ad27_105       conda-forge
2025-01-10T12:27:50.2220404Z   hpack                          4.0.0                pyhd8ed1ab_1             conda-forge
2025-01-10T12:27:50.2220969Z   httpcore                       1.0.5                pyhd8ed1ab_0             conda-forge
2025-01-10T12:27:50.2221550Z   httpx                          0.27.0               pyhd8ed1ab_0             conda-forge
2025-01-10T12:27:50.2222126Z   hyperframe                     6.0.1                pyhd8ed1ab_1             conda-forge
2025-01-10T12:27:50.2222681Z   icu                            73.2                 h59595ed_0               conda-forge
2025-01-10T12:27:50.2223195Z   idna                           3.7                  pyhd8ed1ab_0             conda-forge
2025-01-10T12:27:50.2223756Z   imagesize                      1.4.1                pyhd8ed1ab_0             conda-forge
2025-01-10T12:27:50.2224406Z   importlib-metadata             7.1.0                pyha770c72_0             conda-forge
2025-01-10T12:27:50.2225123Z   importlib_metadata             7.1.0                hd8ed1ab_0               conda-forge
2025-01-10T12:27:50.2225844Z   importlib_resources            6.4.0                pyhd8ed1ab_0             conda-forge
2025-01-10T12:27:50.2226517Z   iniconfig                      2.0.0                pyhd8ed1ab_1             conda-forge
2025-01-10T12:27:50.2227140Z   ipykernel                      6.29.4               pyh3099207_0             conda-forge
2025-01-10T12:27:50.2227748Z   ipython                        8.25.0               pyh707e725_0             conda-forge
2025-01-10T12:27:50.2228405Z   ipython_genutils               0.2.0                pyhd8ed1ab_2             conda-forge
2025-01-10T12:27:50.2229068Z   ipywidgets                     7.8.0                pyhd8ed1ab_0             conda-forge
2025-01-10T12:27:50.2229854Z   isoduration                    20.11.0              pyhd8ed1ab_1             conda-forge
2025-01-10T12:27:50.2230484Z   jedi                           0.19.1               pyhd8ed1ab_0             conda-forge
2025-01-10T12:27:50.2231062Z   jinja2                         3.1.4                pyhd8ed1ab_1             conda-forge
2025-01-10T12:27:50.2231640Z   json5                          0.9.25               pyhd8ed1ab_0             conda-forge
2025-01-10T12:27:50.2232404Z   jsonpointer                    3.0.0                py312h7900ff3_1          conda-forge
2025-01-10T12:27:50.2233056Z   jsonschema                     4.22.0               pyhd8ed1ab_0             conda-forge
2025-01-10T12:27:50.2233814Z   jsonschema-specifications      2023.12.1            pyhd8ed1ab_0             conda-forge
2025-01-10T12:27:50.2234666Z   jsonschema-with-format-nongpl  4.22.0               pyhd8ed1ab_0             conda-forge
2025-01-10T12:27:50.2235410Z   jupyter-lsp                    2.2.5                pyhd8ed1ab_1             conda-forge
2025-01-10T12:27:50.2236065Z   jupyter_client                 8.6.2                pyhd8ed1ab_0             conda-forge
2025-01-10T12:27:50.2236710Z   jupyter_core                   5.7.2                pyh31011fe_1             conda-forge
2025-01-10T12:27:50.2237358Z   jupyter_events                 0.10.0               pyhd8ed1ab_1             conda-forge
2025-01-10T12:27:50.2238022Z   jupyter_server                 2.14.1               pyhd8ed1ab_1             conda-forge
2025-01-10T12:27:50.2238737Z   jupyter_server_terminals       0.5.3                pyhd8ed1ab_1             conda-forge
2025-01-10T12:27:50.2239406Z   jupyterlab                     4.2.2                pyhd8ed1ab_0             conda-forge
2025-01-10T12:27:50.2240187Z   jupyterlab_pygments            0.3.0                pyhd8ed1ab_2             conda-forge
2025-01-10T12:27:50.2240872Z   jupyterlab_server              2.27.2               pyhd8ed1ab_0             conda-forge
2025-01-10T12:27:50.2241630Z   jupyterlab_widgets             1.1.7                pyhd8ed1ab_0             conda-forge
2025-01-10T12:27:50.2242253Z   keyutils                       1.6.1                h166bdaf_0               conda-forge
2025-01-10T12:27:50.2242769Z   kiwisolver                     1.4.5                py312h68727a3_2          conda-forge
2025-01-10T12:27:50.2243123Z   krb5                           1.21.2               h659d440_0               conda-forge
2025-01-10T12:27:50.2243470Z   latexcodec                     2.0.1                pyh9f0ad1d_0             conda-forge
2025-01-10T12:27:50.2243842Z   lcms2                          2.16                 hb7c19ff_0               conda-forge
2025-01-10T12:27:50.2244204Z   ld_impl_linux-64               2.40                 hf3520f5_7               conda-forge
2025-01-10T12:27:50.2244564Z   lerc                           4.0.0                h27087fc_0               conda-forge
2025-01-10T12:27:50.2244894Z   libaec                         1.1.3                h59595ed_0               conda-forge
2025-01-10T12:27:50.2245233Z   libblas                        3.9.0                24_linux64_openblas      conda-forge
2025-01-10T12:27:50.2245610Z   libbrotlicommon                1.1.0                hb9d3cd8_2               conda-forge
2025-01-10T12:27:50.2245995Z   libbrotlidec                   1.1.0                hb9d3cd8_2               conda-forge
2025-01-10T12:27:50.2246360Z   libbrotlienc                   1.1.0                hb9d3cd8_2               conda-forge
2025-01-10T12:27:50.2246723Z   libcblas                       3.9.0                24_linux64_openblas      conda-forge
2025-01-10T12:27:50.2247067Z   libcurl                        8.8.0                hca28451_0               conda-forge
2025-01-10T12:27:50.2247411Z   libdeflate                     1.20                 hd590300_0               conda-forge
2025-01-10T12:27:50.2247798Z   libedit                        3.1.20191231         he28a2e2_2               conda-forge
2025-01-10T12:27:50.2248156Z   libev                          4.33                 hd590300_2               conda-forge
2025-01-10T12:27:50.2248495Z   libexpat                       2.6.2                h59595ed_0               conda-forge
2025-01-10T12:27:50.2248833Z   libffi                         3.4.2                h7f98852_5               conda-forge
2025-01-10T12:27:50.2249165Z   libgcc                         14.2.0               h77fa898_1               conda-forge
2025-01-10T12:27:50.2249813Z   libgcc-ng                      14.2.0               h69a702a_1               conda-forge
2025-01-10T12:27:50.2250219Z   libgd                          2.3.3                h119a65a_9               conda-forge
2025-01-10T12:27:50.2250583Z   libgfortran-ng                 13.2.0               h69a702a_13              conda-forge
2025-01-10T12:27:50.2250961Z   libgfortran5                   13.2.0               h3d2ce59_13              conda-forge
2025-01-10T12:27:50.2251327Z   libglib                        2.80.2               h8a4344b_1               conda-forge
2025-01-10T12:27:50.2251663Z   libgomp                        14.2.0               h77fa898_1               conda-forge
2025-01-10T12:27:50.2252013Z   libiconv                       1.17                 hd590300_2               conda-forge
2025-01-10T12:27:50.2252371Z   libjpeg-turbo                  3.0.0                hd590300_1               conda-forge
2025-01-10T12:27:50.2252736Z   liblapack                      3.9.0                24_linux64_openblas      conda-forge
2025-01-10T12:27:50.2253101Z   libllvm14                      14.0.6               hcd5def8_4               conda-forge
2025-01-10T12:27:50.2253460Z   libnghttp2                     1.58.0               h47da74e_1               conda-forge
2025-01-10T12:27:50.2253803Z   libnsl                         2.0.1                hd590300_0               conda-forge
2025-01-10T12:27:50.2254170Z   libopenblas                    0.3.27               pthreads_hac2b453_1      conda-forge
2025-01-10T12:27:50.2254526Z   libpng                         1.6.43               h2797004_0               conda-forge
2025-01-10T12:27:50.2254987Z   librsvg                        2.58.1               hadf69e7_0               conda-forge
2025-01-10T12:27:50.2255332Z   libsodium                      1.0.18               h36c2ea0_1               conda-forge
2025-01-10T12:27:50.2255680Z   libsqlite                      3.46.0               hde9e2c9_0               conda-forge
2025-01-10T12:27:50.2256031Z   libssh2                        1.11.0               h0841786_0               conda-forge
2025-01-10T12:27:50.2256370Z   libstdcxx                      14.2.0               hc0a3c3a_1               conda-forge
2025-01-10T12:27:50.2256726Z   libstdcxx-ng                   14.2.0               h4852527_1               conda-forge
2025-01-10T12:27:50.2257076Z   libtiff                        4.6.0                h1dd3fc0_3               conda-forge
2025-01-10T12:27:50.2257414Z   libuuid                        2.38.1               h0b41bf4_0               conda-forge
2025-01-10T12:27:50.2257749Z   libwebp                        1.4.0                h2c329e2_0               conda-forge
2025-01-10T12:27:50.2258108Z   libwebp-base                   1.4.0                hd590300_0               conda-forge
2025-01-10T12:27:50.2258453Z   libxcb                         1.15                 h0b41bf4_0               conda-forge
2025-01-10T12:27:50.2258788Z   libxcrypt                      4.4.36               hd590300_1               conda-forge
2025-01-10T12:27:50.2259134Z   libxml2                        2.12.7               h4c95cb1_3               conda-forge
2025-01-10T12:27:50.2259468Z   libxslt                        1.1.39               h76b75d6_0               conda-forge
2025-01-10T12:27:50.2260026Z   libzlib                        1.3.1                hb9d3cd8_2               conda-forge
2025-01-10T12:27:50.2260375Z   llvmlite                       0.43.0               py312h374181b_1          conda-forge
2025-01-10T12:27:50.2260714Z   lxml                           5.2.2                py312hb90d8a5_0          conda-forge
2025-01-10T12:27:50.2261044Z   lz4-c                          1.9.4                hcb278e6_0               conda-forge
2025-01-10T12:27:50.2261364Z   lzo                            2.10                 hd590300_1001            conda-forge
2025-01-10T12:27:50.2261700Z   markupsafe                     2.1.5                py312h66e93f0_1          conda-forge
2025-01-10T12:27:50.2262198Z   matplotlib-base                3.8.4                py312h20ab3a6_2          conda-forge
2025-01-10T12:27:50.2262603Z   matplotlib-inline              0.1.7                pyhd8ed1ab_1             conda-forge
2025-01-10T12:27:50.2262974Z   mistune                        3.0.2                pyhd8ed1ab_1             conda-forge
2025-01-10T12:27:50.2263311Z   mpc                            1.3.1                h24ddda3_1               conda-forge
2025-01-10T12:27:50.2263626Z   mpfr                           4.2.1                h90cbb55_3               conda-forge
2025-01-10T12:27:50.2263950Z   mpmath                         1.3.0                pyhd8ed1ab_1             conda-forge
2025-01-10T12:27:50.2264295Z   munkres                        1.1.4                pyh9f0ad1d_0             conda-forge
2025-01-10T12:27:50.2264659Z   mypy_extensions                1.0.0                pyha770c72_1             conda-forge
2025-01-10T12:27:50.2265033Z   nbclassic                      1.1.0                pyhd8ed1ab_1             conda-forge
2025-01-10T12:27:50.2265394Z   nbclient                       0.10.0               pyhd8ed1ab_0             conda-forge
2025-01-10T12:27:50.2265745Z   nbconvert                      7.16.4               hd8ed1ab_3               conda-forge
2025-01-10T12:27:50.2266117Z   nbconvert-core                 7.16.4               pyhd8ed1ab_3             conda-forge
2025-01-10T12:27:50.2266515Z   nbconvert-pandoc               7.16.4               hd8ed1ab_3               conda-forge
2025-01-10T12:27:50.2266897Z   nbformat                       5.10.4               pyhd8ed1ab_1             conda-forge
2025-01-10T12:27:50.2267385Z   nbsphinx                       0.9.4                pyhd8ed1ab_0             conda-forge
2025-01-10T12:27:50.2267722Z   ncurses                        6.5                  he02047a_1               conda-forge
2025-01-10T12:27:50.2268080Z   nest-asyncio                   1.6.0                pyhd8ed1ab_1             conda-forge
2025-01-10T12:27:50.2268441Z   networkx                       3.3                  pyhd8ed1ab_1             conda-forge
2025-01-10T12:27:50.2268770Z   nomkl                          1.0                  h5ca1d4c_0               conda-forge
2025-01-10T12:27:50.2269100Z   notebook                       7.2.1                pyhd8ed1ab_0             conda-forge
2025-01-10T12:27:50.2269462Z   notebook-shim                  0.2.4                pyhd8ed1ab_1             conda-forge
2025-01-10T12:27:50.2269997Z   numba                          0.60.0               py312h83e6fd3_0          conda-forge
2025-01-10T12:27:50.2270345Z   numexpr                        2.10.0               py312hf412c99_100        conda-forge
2025-01-10T12:27:50.2270690Z   numpy                          2.0.2                py312h58c1407_1          conda-forge
2025-01-10T12:27:50.2271028Z   numpydoc                       1.7.0                pyhd8ed1ab_3             conda-forge
2025-01-10T12:27:50.2271373Z   openjpeg                       2.5.2                h488ebb8_0               conda-forge
2025-01-10T12:27:50.2271717Z   openssl                        3.4.0                h7b32b05_1               conda-forge
2025-01-10T12:27:50.2272064Z   overrides                      7.7.0                pyhd8ed1ab_1             conda-forge
2025-01-10T12:27:50.2272435Z   packaging                      24.1                 pyhd8ed1ab_0             conda-forge
2025-01-10T12:27:50.2272775Z   pandas                         2.2.2                py312h1d6d2e6_1          conda-forge
2025-01-10T12:27:50.2273109Z   pandoc                         3.2.1                ha770c72_0               conda-forge
2025-01-10T12:27:50.2273474Z   pandocfilters                  1.5.0                pyhd8ed1ab_0             conda-forge
2025-01-10T12:27:50.2273829Z   pango                          1.54.0               h84a9a3c_0               conda-forge
2025-01-10T12:27:50.2274145Z   parso                          0.8.4                pyhd8ed1ab_1             conda-forge
2025-01-10T12:27:50.2274593Z   pathspec                       0.12.1               pyhd8ed1ab_1             conda-forge
2025-01-10T12:27:50.2274928Z   pbr                            6.0.0                pyhd8ed1ab_0             conda-forge
2025-01-10T12:27:50.2275239Z   pcre2                          10.44                hba22ea6_2               conda-forge
2025-01-10T12:27:50.2275565Z   pexpect                        4.9.0                pyhd8ed1ab_1             conda-forge
2025-01-10T12:27:50.2275919Z   pickleshare                    0.7.5                pyhd8ed1ab_1004          conda-forge
2025-01-10T12:27:50.2276270Z   pillow                         10.3.0               py312hdcec9eb_0          conda-forge
2025-01-10T12:27:50.2276604Z   pip                            24.0                 pyhd8ed1ab_0             conda-forge
2025-01-10T12:27:50.2276924Z   pixman                         0.43.2               h59595ed_0               conda-forge
2025-01-10T12:27:50.2277301Z   pkgutil-resolve-name           1.3.10               pyhd8ed1ab_2             conda-forge
2025-01-10T12:27:50.2277703Z   platformdirs                   4.2.2                pyhd8ed1ab_0             conda-forge
2025-01-10T12:27:50.2278068Z   plotly                         5.22.0               pyhd8ed1ab_0             conda-forge
2025-01-10T12:27:50.2278402Z   pluggy                         1.5.0                pyhd8ed1ab_1             conda-forge
2025-01-10T12:27:50.2278766Z   prometheus_client              0.20.0               pyhd8ed1ab_0             conda-forge
2025-01-10T12:27:50.2279157Z   prompt-toolkit                 3.0.47               pyha770c72_0             conda-forge
2025-01-10T12:27:50.2279787Z   psutil                         5.9.8                py312h98912ed_0          conda-forge
2025-01-10T12:27:50.2280142Z   pthread-stubs                  0.4                  hb9d3cd8_1002            conda-forge
2025-01-10T12:27:50.2280511Z   ptyprocess                     0.7.0                pyhd8ed1ab_1             conda-forge
2025-01-10T12:27:50.2280866Z   pure_eval                      0.2.2                pyhd8ed1ab_0             conda-forge
2025-01-10T12:27:50.2281217Z   py-cpuinfo                     9.0.0                pyhd8ed1ab_1             conda-forge
2025-01-10T12:27:50.2281567Z   pybtex                         0.24.0               pyhd8ed1ab_3             conda-forge
2025-01-10T12:27:50.2281930Z   pybtex-docutils                1.0.3                py312h7900ff3_2          conda-forge
2025-01-10T12:27:50.2282303Z   pycparser                      2.22                 pyh29332c3_1             conda-forge
2025-01-10T12:27:50.2282649Z   pyerfa                         2.0.1.4              py312hc0a28a1_2          conda-forge
2025-01-10T12:27:50.2283003Z   pygments                       2.18.0               pyhd8ed1ab_1             conda-forge
2025-01-10T12:27:50.2283365Z   pygraphviz                     1.13                 py312h4a1d8a7_1          conda-forge
2025-01-10T12:27:50.2283725Z   pyparsing                      3.1.2                pyhd8ed1ab_0             conda-forge
2025-01-10T12:27:50.2284080Z   pysocks                        1.7.1                pyha55dd90_7             conda-forge
2025-01-10T12:27:50.2284427Z   pytables                       3.10.2               py312h2895ec7_0          conda-forge
2025-01-10T12:27:50.2284769Z   pytest                         8.2.2                pyhd8ed1ab_0             conda-forge
2025-01-10T12:27:50.2285117Z   pytest-cov                     5.0.0                pyhd8ed1ab_0             conda-forge
2025-01-10T12:27:50.2285504Z   pytest-doctestplus             1.2.1                pyhd8ed1ab_0             conda-forge
2025-01-10T12:27:50.2285899Z   pytest-html                    4.1.1                pyhd8ed1ab_1             conda-forge
2025-01-10T12:27:50.2286289Z   pytest-metadata                3.1.1                pyhd8ed1ab_1             conda-forge
2025-01-10T12:27:50.2286661Z   python                         3.12.4               h194c7f8_0_cpython       conda-forge
2025-01-10T12:27:50.2287040Z   python-dateutil                2.9.0.post0          pyhff2d567_1             conda-forge
2025-01-10T12:27:50.2287587Z   python-fastjsonschema          2.20.0               pyhd8ed1ab_0             conda-forge
2025-01-10T12:27:50.2288027Z   python-json-logger             2.0.7                pyhd8ed1ab_0             conda-forge
2025-01-10T12:27:50.2288434Z   python-tzdata                  2024.1               pyhd8ed1ab_0             conda-forge
2025-01-10T12:27:50.2288808Z   python_abi                     3.12                 5_cp312                  conda-forge
2025-01-10T12:27:50.2289152Z   pytz                           2024.1               pyhd8ed1ab_0             conda-forge
2025-01-10T12:27:50.2289490Z   pyyaml                         6.0.1                py312h98912ed_1          conda-forge
2025-01-10T12:27:50.2289994Z   pyzmq                          26.0.3               py312h8fd38d8_0          conda-forge
2025-01-10T12:27:50.2290325Z   qgrid                          1.3.1                pyhd8ed1ab_4             conda-forge
2025-01-10T12:27:50.2290700Z   radioactivedecay               0.5.1                pyhd8ed1ab_1             conda-forge
2025-01-10T12:27:50.2291069Z   readline                       8.2                  h8228510_1               conda-forge
2025-01-10T12:27:50.2291423Z   recommonmark                   0.7.1                pyhd8ed1ab_1             conda-forge
2025-01-10T12:27:50.2291790Z   referencing                    0.35.1               pyhd8ed1ab_1             conda-forge
2025-01-10T12:27:50.2292147Z   requests                       2.32.3               pyhd8ed1ab_1             conda-forge
2025-01-10T12:27:50.2292528Z   rfc3339-validator              0.1.4                pyhd8ed1ab_1             conda-forge
2025-01-10T12:27:50.2293042Z   rfc3986-validator              0.1.1                pyh9f0ad1d_0             conda-forge
2025-01-10T12:27:50.2293409Z   rpds-py                        0.18.1               py312h4413252_0          conda-forge
2025-01-10T12:27:50.2293736Z   ruff                           0.4.9                py312h5715c7c_0          conda-forge
2025-01-10T12:27:50.2294062Z   scipy                          1.13.1               py312hc2bc53b_0          conda-forge
2025-01-10T12:27:50.2294404Z   send2trash                     1.8.3                pyh0d859eb_1             conda-forge
2025-01-10T12:27:50.2294759Z   setuptools                     70.0.0               pyhd8ed1ab_0             conda-forge
2025-01-10T12:27:50.2295129Z   setuptools-scm                 8.1.0                pyhd8ed1ab_1             conda-forge
2025-01-10T12:27:50.2295507Z   setuptools_scm                 8.1.0                hd8ed1ab_1               conda-forge
2025-01-10T12:27:50.2295856Z   six                            1.16.0               pyhd8ed1ab_1             conda-forge
2025-01-10T12:27:50.2296187Z   snakeviz                       2.2.0                pyhd8ed1ab_0             conda-forge
2025-01-10T12:27:50.2296525Z   snappy                         1.2.0                hdb0a2a9_1               conda-forge
2025-01-10T12:27:50.2296864Z   sniffio                        1.3.1                pyhd8ed1ab_1             conda-forge
2025-01-10T12:27:50.2297230Z   snowballstemmer                2.2.0                pyhd8ed1ab_0             conda-forge
2025-01-10T12:27:50.2297601Z   soupsieve                      2.5                  pyhd8ed1ab_1             conda-forge
2025-01-10T12:27:50.2297944Z   sphinx                         7.3.7                pyhd8ed1ab_0             conda-forge
2025-01-10T12:27:50.2298302Z   sphinx-astropy                 1.9.1                pyhd8ed1ab_1             conda-forge
2025-01-10T12:27:50.2298704Z   sphinx-automodapi              0.17.0               pyh717bed2_1             conda-forge
2025-01-10T12:27:50.2299106Z   sphinx-gallery                 0.16.0               pyhd8ed1ab_0             conda-forge
2025-01-10T12:27:50.2299502Z   sphinx-jsonschema              1.19.1               pyhd8ed1ab_1             conda-forge
2025-01-10T12:27:50.2300319Z   sphinx_bootstrap_theme         0.8.1                pyhd8ed1ab_1             conda-forge
2025-01-10T12:27:50.2301171Z   sphinx_rtd_theme               2.0.0                pyha770c72_0             conda-forge
2025-01-10T12:27:50.2301870Z   sphinxcontrib-apidoc           0.3.0                py_1                     conda-forge
2025-01-10T12:27:50.2302421Z   sphinxcontrib-applehelp        1.0.8                pyhd8ed1ab_0             conda-forge
2025-01-10T12:27:50.2302859Z   sphinxcontrib-bibtex           2.6.2                pyhd8ed1ab_0             conda-forge
2025-01-10T12:27:50.2303289Z   sphinxcontrib-devhelp          1.0.6                pyhd8ed1ab_0             conda-forge
2025-01-10T12:27:50.2303735Z   sphinxcontrib-htmlhelp         2.0.5                pyhd8ed1ab_0             conda-forge
2025-01-10T12:27:50.2304163Z   sphinxcontrib-jquery           4.1                  pyhd8ed1ab_1             conda-forge
2025-01-10T12:27:50.2304588Z   sphinxcontrib-jsmath           1.0.1                pyhd8ed1ab_1             conda-forge
2025-01-10T12:27:50.2305012Z   sphinxcontrib-qthelp           1.0.7                pyhd8ed1ab_0             conda-forge
2025-01-10T12:27:50.2305474Z   sphinxcontrib-serializinghtml  1.1.10               pyhd8ed1ab_1             conda-forge
2025-01-10T12:27:50.2305906Z   stack_data                     0.6.2                pyhd8ed1ab_0             conda-forge
2025-01-10T12:27:50.2306245Z   sympy                          1.12.1               pypyh2585a3b_103         conda-forge
2025-01-10T12:27:50.2306584Z   tabulate                       0.9.0                pyhd8ed1ab_2             conda-forge
2025-01-10T12:27:50.2306931Z   tenacity                       8.4.1                pyhd8ed1ab_0             conda-forge
2025-01-10T12:27:50.2307405Z   terminado                      0.18.1               pyh0d859eb_0             conda-forge
2025-01-10T12:27:50.2307772Z   tinycss2                       1.3.0                pyhd8ed1ab_0             conda-forge
2025-01-10T12:27:50.2308107Z   tk                             8.6.13               noxft_h4845f30_101       conda-forge
2025-01-10T12:27:50.2308426Z   toml                           0.10.2               pyhd8ed1ab_1             conda-forge
2025-01-10T12:27:50.2308751Z   tomli                          2.0.1                pyhd8ed1ab_0             conda-forge
2025-01-10T12:27:50.2309196Z   tornado                        6.4.1                py312h66e93f0_1          conda-forge
2025-01-10T12:27:50.2309532Z   tqdm                           4.66.4               pyhd8ed1ab_0             conda-forge
2025-01-10T12:27:50.2310235Z   traitlets                      5.14.3               pyhd8ed1ab_1             conda-forge
2025-01-10T12:27:50.2310601Z   typed-ast                      1.5.5                py312h98912ed_1          conda-forge
2025-01-10T12:27:50.2311008Z   types-python-dateutil          2.9.0.20240316       pyhd8ed1ab_0             conda-forge
2025-01-10T12:27:50.2311443Z   typing-extensions              4.12.2               hd8ed1ab_1               conda-forge
2025-01-10T12:27:50.2311846Z   typing_extensions              4.12.2               pyha770c72_1             conda-forge
2025-01-10T12:27:50.2312223Z   typing_utils                   0.1.0                pyhd8ed1ab_1             conda-forge
2025-01-10T12:27:50.2312575Z   tzdata                         2024a                h8827d51_1               conda-forge
2025-01-10T12:27:50.2312929Z   uri-template                   1.3.0                pyhd8ed1ab_1             conda-forge
2025-01-10T12:27:50.2313283Z   urllib3                        2.2.2                pyhd8ed1ab_1             conda-forge
2025-01-10T12:27:50.2313627Z   wcwidth                        0.2.13               pyhd8ed1ab_1             conda-forge
2025-01-10T12:27:50.2313982Z   webcolors                      24.6.0               pyhd8ed1ab_0             conda-forge
2025-01-10T12:27:50.2314352Z   webencodings                   0.5.1                pyhd8ed1ab_3             conda-forge
2025-01-10T12:27:50.2314737Z   websocket-client               1.8.0                pyhd8ed1ab_1             conda-forge
2025-01-10T12:27:50.2315242Z   wheel                          0.43.0               pyhd8ed1ab_1             conda-forge
2025-01-10T12:27:50.2315618Z   widgetsnbextension             3.6.6                pyhd8ed1ab_0             conda-forge
2025-01-10T12:27:50.2316008Z   xorg-kbproto                   1.0.7                hb9d3cd8_1003            conda-forge
2025-01-10T12:27:50.2316374Z   xorg-libice                    1.1.1                hb9d3cd8_1               conda-forge
2025-01-10T12:27:50.2316723Z   xorg-libsm                     1.2.4                he73a12e_1               conda-forge
2025-01-10T12:27:50.2317082Z   xorg-libx11                    1.8.9                h8ee46fc_0               conda-forge
2025-01-10T12:27:50.2317438Z   xorg-libxau                    1.0.11               hb9d3cd8_1               conda-forge
2025-01-10T12:27:50.2317806Z   xorg-libxdmcp                  1.1.3                hb9d3cd8_2               conda-forge
2025-01-10T12:27:50.2318176Z   xorg-libxext                   1.3.4                h0b41bf4_2               conda-forge
2025-01-10T12:27:50.2318549Z   xorg-libxrender                0.9.11               hd590300_0               conda-forge
2025-01-10T12:27:50.2318940Z   xorg-renderproto               0.11.1               hb9d3cd8_1003            conda-forge
2025-01-10T12:27:50.2319328Z   xorg-xextproto                 7.3.0                hb9d3cd8_1004            conda-forge
2025-01-10T12:27:50.2319913Z   xorg-xproto                    7.0.31               hb9d3cd8_1008            conda-forge
2025-01-10T12:27:50.2320269Z   xz                             5.2.6                h166bdaf_0               conda-forge
2025-01-10T12:27:50.2320733Z   yaml                           0.2.5                h7f98852_2               conda-forge
2025-01-10T12:27:50.2321057Z   zeromq                         4.3.5                h75354e8_4               conda-forge
2025-01-10T12:27:50.2321388Z   zipp                           3.19.2               pyhd8ed1ab_0             conda-forge
2025-01-10T12:27:50.2321716Z   zlib                           1.3.1                hb9d3cd8_2               conda-forge
2025-01-10T12:27:50.2322036Z   zlib-ng                        2.2.3                h7955e40_0               conda-forge
2025-01-10T12:27:50.2322379Z   zstandard                      0.23.0               py312hef9b889_1          conda-forge
2025-01-10T12:27:50.2322715Z   zstd                           1.5.6                ha6fb4c9_0               conda-forge
2025-01-10T12:27:50.2323227Z ##[endgroup]
2025-01-10T12:27:50.2355058Z ##[group]Run pip install -e . --user
2025-01-10T12:27:50.2355388Z [36;1mpip install -e . --user[0m
2025-01-10T12:27:50.2384189Z shell: /usr/bin/bash -l {0}
2025-01-10T12:27:50.2384436Z env:
2025-01-10T12:27:50.2384611Z   CACHE_NUMBER: 0
2025-01-10T12:27:50.2385235Z   PYTEST_FLAGS: --tardis-regression-data=/home/runner/work/tardis/tardis/tardis-regression-data --cov=tardis --cov-report=xml --cov-report=html --cov-append
2025-01-10T12:27:50.2385894Z   CODECOV_TOKEN: 
2025-01-10T12:27:50.2386116Z   MAMBA_ROOT_PREFIX: /home/runner/micromamba
2025-01-10T12:27:50.2386426Z   MAMBA_EXE: /home/runner/micromamba-bin/micromamba
2025-01-10T12:27:50.2386783Z   CONDARC: /home/runner/work/_temp/setup-micromamba/.condarc
2025-01-10T12:27:50.2387092Z ##[endgroup]
2025-01-10T12:27:50.9820048Z Obtaining file:///home/runner/work/tardis/tardis
2025-01-10T12:27:50.9847551Z   Installing build dependencies: started
2025-01-10T12:27:53.8024788Z   Installing build dependencies: finished with status 'done'
2025-01-10T12:27:53.8030572Z   Checking if build backend supports build_editable: started
2025-01-10T12:27:53.9262910Z   Checking if build backend supports build_editable: finished with status 'done'
2025-01-10T12:27:53.9270906Z   Getting requirements to build editable: started
2025-01-10T12:27:54.3967871Z   Getting requirements to build editable: finished with status 'done'
2025-01-10T12:27:54.3976324Z   Preparing editable metadata (pyproject.toml): started
2025-01-10T12:27:54.8436416Z   Preparing editable metadata (pyproject.toml): finished with status 'done'
2025-01-10T12:27:54.9028005Z Requirement already satisfied: astropy in /home/runner/micromamba/envs/tardis/lib/python3.12/site-packages (from tardis==0.0.0) (6.1.1)
2025-01-10T12:27:54.9400896Z Requirement already satisfied: numpy>=1.23 in /home/runner/micromamba/envs/tardis/lib/python3.12/site-packages (from astropy->tardis==0.0.0) (2.0.2)
2025-01-10T12:27:54.9410058Z Requirement already satisfied: pyerfa>=2.0.1.1 in /home/runner/micromamba/envs/tardis/lib/python3.12/site-packages (from astropy->tardis==0.0.0) (2.0.1.4)
2025-01-10T12:27:54.9421109Z Requirement already satisfied: astropy-iers-data>=0.2024.5.27.0.30.8 in /home/runner/micromamba/envs/tardis/lib/python3.12/site-packages (from astropy->tardis==0.0.0) (0.2024.6.17.0.31.35)
2025-01-10T12:27:54.9430376Z Requirement already satisfied: PyYAML>=3.13 in /home/runner/micromamba/envs/tardis/lib/python3.12/site-packages (from astropy->tardis==0.0.0) (6.0.1)
2025-01-10T12:27:54.9438835Z Requirement already satisfied: packaging>=19.0 in /home/runner/micromamba/envs/tardis/lib/python3.12/site-packages (from astropy->tardis==0.0.0) (24.1)
2025-01-10T12:27:54.9528890Z Building wheels for collected packages: tardis
2025-01-10T12:27:54.9536459Z   Building editable for tardis (pyproject.toml): started
2025-01-10T12:27:55.6904676Z   Building editable for tardis (pyproject.toml): finished with status 'done'
2025-01-10T12:27:55.6911599Z   Created wheel for tardis: filename=tardis-0.0.0-0.editable-py3-none-any.whl size=8878 sha256=92c42ab8bdeaeda7338bb6567e7078d8d942bba62e06d4855a4eef654b7b1bc2
2025-01-10T12:27:55.6913955Z   Stored in directory: /tmp/pip-ephem-wheel-cache-534asln_/wheels/6a/c7/ae/89fa6dc2565455898176888ef0e2e475e4e90eb0124afcb995
2025-01-10T12:27:55.6939739Z Successfully built tardis
2025-01-10T12:27:56.4807117Z Installing collected packages: tardis
2025-01-10T12:27:56.4908132Z Successfully installed tardis-0.0.0
2025-01-10T12:27:56.7150928Z ##[group]Run pip install qgridnext
2025-01-10T12:27:56.7151254Z [36;1mpip install qgridnext[0m
2025-01-10T12:27:56.7177362Z shell: /usr/bin/bash -l {0}
2025-01-10T12:27:56.7177597Z env:
2025-01-10T12:27:56.7177772Z   CACHE_NUMBER: 0
2025-01-10T12:27:56.7178387Z   PYTEST_FLAGS: --tardis-regression-data=/home/runner/work/tardis/tardis/tardis-regression-data --cov=tardis --cov-report=xml --cov-report=html --cov-append
2025-01-10T12:27:56.7179044Z   CODECOV_TOKEN: 
2025-01-10T12:27:56.7179266Z   MAMBA_ROOT_PREFIX: /home/runner/micromamba
2025-01-10T12:27:56.7179719Z   MAMBA_EXE: /home/runner/micromamba-bin/micromamba
2025-01-10T12:27:56.7180104Z   CONDARC: /home/runner/work/_temp/setup-micromamba/.condarc
2025-01-10T12:27:56.7180428Z ##[endgroup]
2025-01-10T12:27:57.3853066Z Collecting qgridnext
2025-01-10T12:27:57.4206609Z   Downloading qgridnext-2.0.4-py3-none-any.whl.metadata (9.9 kB)
2025-01-10T12:27:57.4337211Z Requirement already satisfied: pandas>=0.20.0 in /home/runner/micromamba/envs/tardis/lib/python3.12/site-packages (from qgridnext) (2.2.2)
2025-01-10T12:27:57.4350190Z Requirement already satisfied: ipywidgets>=7.0.0 in /home/runner/micromamba/envs/tardis/lib/python3.12/site-packages (from qgridnext) (7.8.0)
2025-01-10T12:27:57.4365018Z Requirement already satisfied: numpy in /home/runner/micromamba/envs/tardis/lib/python3.12/site-packages (from qgridnext) (2.0.2)
2025-01-10T12:27:57.4380595Z Requirement already satisfied: traitlets in /home/runner/micromamba/envs/tardis/lib/python3.12/site-packages (from qgridnext) (5.14.3)
2025-01-10T12:27:57.4512118Z Requirement already satisfied: comm>=0.1.3 in /home/runner/micromamba/envs/tardis/lib/python3.12/site-packages (from ipywidgets>=7.0.0->qgridnext) (0.2.2)
2025-01-10T12:27:57.4520403Z Requirement already satisfied: ipython-genutils~=0.2.0 in /home/runner/micromamba/envs/tardis/lib/python3.12/site-packages (from ipywidgets>=7.0.0->qgridnext) (0.2.0)
2025-01-10T12:27:57.4532797Z Requirement already satisfied: widgetsnbextension~=3.6.5 in /home/runner/micromamba/envs/tardis/lib/python3.12/site-packages (from ipywidgets>=7.0.0->qgridnext) (3.6.6)
2025-01-10T12:27:57.4550387Z Requirement already satisfied: ipython>=4.0.0 in /home/runner/micromamba/envs/tardis/lib/python3.12/site-packages (from ipywidgets>=7.0.0->qgridnext) (8.25.0)
2025-01-10T12:27:57.4564641Z Requirement already satisfied: jupyterlab-widgets<3,>=1.0.0 in /home/runner/micromamba/envs/tardis/lib/python3.12/site-packages (from ipywidgets>=7.0.0->qgridnext) (1.1.7)
2025-01-10T12:27:57.5009107Z Requirement already satisfied: python-dateutil>=2.8.2 in /home/runner/micromamba/envs/tardis/lib/python3.12/site-packages (from pandas>=0.20.0->qgridnext) (2.9.0.post0)
2025-01-10T12:27:57.5022509Z Requirement already satisfied: pytz>=2020.1 in /home/runner/micromamba/envs/tardis/lib/python3.12/site-packages (from pandas>=0.20.0->qgridnext) (2024.1)
2025-01-10T12:27:57.5033148Z Requirement already satisfied: tzdata>=2022.7 in /home/runner/micromamba/envs/tardis/lib/python3.12/site-packages (from pandas>=0.20.0->qgridnext) (2024.1)
2025-01-10T12:27:57.5343725Z Requirement already satisfied: decorator in /home/runner/micromamba/envs/tardis/lib/python3.12/site-packages (from ipython>=4.0.0->ipywidgets>=7.0.0->qgridnext) (5.1.1)
2025-01-10T12:27:57.5357515Z Requirement already satisfied: jedi>=0.16 in /home/runner/micromamba/envs/tardis/lib/python3.12/site-packages (from ipython>=4.0.0->ipywidgets>=7.0.0->qgridnext) (0.19.1)
2025-01-10T12:27:57.5365551Z Requirement already satisfied: matplotlib-inline in /home/runner/micromamba/envs/tardis/lib/python3.12/site-packages (from ipython>=4.0.0->ipywidgets>=7.0.0->qgridnext) (0.1.7)
2025-01-10T12:27:57.5376198Z Requirement already satisfied: prompt-toolkit<3.1.0,>=3.0.41 in /home/runner/micromamba/envs/tardis/lib/python3.12/site-packages (from ipython>=4.0.0->ipywidgets>=7.0.0->qgridnext) (3.0.47)
2025-01-10T12:27:57.5385033Z Requirement already satisfied: pygments>=2.4.0 in /home/runner/micromamba/envs/tardis/lib/python3.12/site-packages (from ipython>=4.0.0->ipywidgets>=7.0.0->qgridnext) (2.18.0)
2025-01-10T12:27:57.5394480Z Requirement already satisfied: stack-data in /home/runner/micromamba/envs/tardis/lib/python3.12/site-packages (from ipython>=4.0.0->ipywidgets>=7.0.0->qgridnext) (0.6.2)
2025-01-10T12:27:57.5412905Z Requirement already satisfied: pexpect>4.3 in /home/runner/micromamba/envs/tardis/lib/python3.12/site-packages (from ipython>=4.0.0->ipywidgets>=7.0.0->qgridnext) (4.9.0)
2025-01-10T12:27:57.5459385Z Requirement already satisfied: six>=1.5 in /home/runner/micromamba/envs/tardis/lib/python3.12/site-packages (from python-dateutil>=2.8.2->pandas>=0.20.0->qgridnext) (1.16.0)
2025-01-10T12:27:57.5515721Z Requirement already satisfied: notebook>=4.4.1 in /home/runner/micromamba/envs/tardis/lib/python3.12/site-packages (from widgetsnbextension~=3.6.5->ipywidgets>=7.0.0->qgridnext) (7.2.1)
2025-01-10T12:27:57.5699534Z Requirement already satisfied: parso<0.9.0,>=0.8.3 in /home/runner/micromamba/envs/tardis/lib/python3.12/site-packages (from jedi>=0.16->ipython>=4.0.0->ipywidgets>=7.0.0->qgridnext) (0.8.4)
2025-01-10T12:27:57.5843472Z Requirement already satisfied: jupyter-server<3,>=2.4.0 in /home/runner/micromamba/envs/tardis/lib/python3.12/site-packages (from notebook>=4.4.1->widgetsnbextension~=3.6.5->ipywidgets>=7.0.0->qgridnext) (2.14.1)
2025-01-10T12:27:57.5856401Z Requirement already satisfied: jupyterlab-server<3,>=2.27.1 in /home/runner/micromamba/envs/tardis/lib/python3.12/site-packages (from notebook>=4.4.1->widgetsnbextension~=3.6.5->ipywidgets>=7.0.0->qgridnext) (2.27.2)
2025-01-10T12:27:57.5871785Z Requirement already satisfied: jupyterlab<4.3,>=4.2.0 in /home/runner/micromamba/envs/tardis/lib/python3.12/site-packages (from notebook>=4.4.1->widgetsnbextension~=3.6.5->ipywidgets>=7.0.0->qgridnext) (4.2.2)
2025-01-10T12:27:57.5881919Z Requirement already satisfied: notebook-shim<0.3,>=0.2 in /home/runner/micromamba/envs/tardis/lib/python3.12/site-packages (from notebook>=4.4.1->widgetsnbextension~=3.6.5->ipywidgets>=7.0.0->qgridnext) (0.2.4)
2025-01-10T12:27:57.5889816Z Requirement already satisfied: tornado>=6.2.0 in /home/runner/micromamba/envs/tardis/lib/python3.12/site-packages (from notebook>=4.4.1->widgetsnbextension~=3.6.5->ipywidgets>=7.0.0->qgridnext) (6.4.1)
2025-01-10T12:27:57.5919235Z Requirement already satisfied: ptyprocess>=0.5 in /home/runner/micromamba/envs/tardis/lib/python3.12/site-packages (from pexpect>4.3->ipython>=4.0.0->ipywidgets>=7.0.0->qgridnext) (0.7.0)
2025-01-10T12:27:57.5947775Z Requirement already satisfied: wcwidth in /home/runner/micromamba/envs/tardis/lib/python3.12/site-packages (from prompt-toolkit<3.1.0,>=3.0.41->ipython>=4.0.0->ipywidgets>=7.0.0->qgridnext) (0.2.13)
2025-01-10T12:27:57.6082676Z Requirement already satisfied: executing>=1.2.0 in /home/runner/micromamba/envs/tardis/lib/python3.12/site-packages (from stack-data->ipython>=4.0.0->ipywidgets>=7.0.0->qgridnext) (2.0.1)
2025-01-10T12:27:57.6092007Z Requirement already satisfied: asttokens>=2.1.0 in /home/runner/micromamba/envs/tardis/lib/python3.12/site-packages (from stack-data->ipython>=4.0.0->ipywidgets>=7.0.0->qgridnext) (2.4.1)
2025-01-10T12:27:57.6099186Z Requirement already satisfied: pure-eval in /home/runner/micromamba/envs/tardis/lib/python3.12/site-packages (from stack-data->ipython>=4.0.0->ipywidgets>=7.0.0->qgridnext) (0.2.2)
2025-01-10T12:27:57.6451853Z Requirement already satisfied: anyio>=3.1.0 in /home/runner/micromamba/envs/tardis/lib/python3.12/site-packages (from jupyter-server<3,>=2.4.0->notebook>=4.4.1->widgetsnbextension~=3.6.5->ipywidgets>=7.0.0->qgridnext) (4.4.0)
2025-01-10T12:27:57.6461891Z Requirement already satisfied: argon2-cffi>=21.1 in /home/runner/micromamba/envs/tardis/lib/python3.12/site-packages (from jupyter-server<3,>=2.4.0->notebook>=4.4.1->widgetsnbextension~=3.6.5->ipywidgets>=7.0.0->qgridnext) (23.1.0)
2025-01-10T12:27:57.6470360Z Requirement already satisfied: jinja2>=3.0.3 in /home/runner/micromamba/envs/tardis/lib/python3.12/site-packages (from jupyter-server<3,>=2.4.0->notebook>=4.4.1->widgetsnbextension~=3.6.5->ipywidgets>=7.0.0->qgridnext) (3.1.4)
2025-01-10T12:27:57.6481824Z Requirement already satisfied: jupyter-client>=7.4.4 in /home/runner/micromamba/envs/tardis/lib/python3.12/site-packages (from jupyter-server<3,>=2.4.0->notebook>=4.4.1->widgetsnbextension~=3.6.5->ipywidgets>=7.0.0->qgridnext) (8.6.2)
2025-01-10T12:27:57.6492927Z Requirement already satisfied: jupyter-core!=5.0.*,>=4.12 in /home/runner/micromamba/envs/tardis/lib/python3.12/site-packages (from jupyter-server<3,>=2.4.0->notebook>=4.4.1->widgetsnbextension~=3.6.5->ipywidgets>=7.0.0->qgridnext) (5.7.2)
2025-01-10T12:27:57.6503797Z Requirement already satisfied: jupyter-events>=0.9.0 in /home/runner/micromamba/envs/tardis/lib/python3.12/site-packages (from jupyter-server<3,>=2.4.0->notebook>=4.4.1->widgetsnbextension~=3.6.5->ipywidgets>=7.0.0->qgridnext) (0.10.0)
2025-01-10T12:27:57.6514568Z Requirement already satisfied: jupyter-server-terminals>=0.4.4 in /home/runner/micromamba/envs/tardis/lib/python3.12/site-packages (from jupyter-server<3,>=2.4.0->notebook>=4.4.1->widgetsnbextension~=3.6.5->ipywidgets>=7.0.0->qgridnext) (0.5.3)
2025-01-10T12:27:57.6527950Z Requirement already satisfied: nbconvert>=6.4.4 in /home/runner/micromamba/envs/tardis/lib/python3.12/site-packages (from jupyter-server<3,>=2.4.0->notebook>=4.4.1->widgetsnbextension~=3.6.5->ipywidgets>=7.0.0->qgridnext) (7.16.4)
2025-01-10T12:27:57.6538042Z Requirement already satisfied: nbformat>=5.3.0 in /home/runner/micromamba/envs/tardis/lib/python3.12/site-packages (from jupyter-server<3,>=2.4.0->notebook>=4.4.1->widgetsnbextension~=3.6.5->ipywidgets>=7.0.0->qgridnext) (5.10.4)
2025-01-10T12:27:57.6547256Z Requirement already satisfied: overrides>=5.0 in /home/runner/micromamba/envs/tardis/lib/python3.12/site-packages (from jupyter-server<3,>=2.4.0->notebook>=4.4.1->widgetsnbextension~=3.6.5->ipywidgets>=7.0.0->qgridnext) (7.7.0)
2025-01-10T12:27:57.6556869Z Requirement already satisfied: packaging>=22.0 in /home/runner/micromamba/envs/tardis/lib/python3.12/site-packages (from jupyter-server<3,>=2.4.0->notebook>=4.4.1->widgetsnbextension~=3.6.5->ipywidgets>=7.0.0->qgridnext) (24.1)
2025-01-10T12:27:57.6565606Z Requirement already satisfied: prometheus-client>=0.9 in /home/runner/micromamba/envs/tardis/lib/python3.12/site-packages (from jupyter-server<3,>=2.4.0->notebook>=4.4.1->widgetsnbextension~=3.6.5->ipywidgets>=7.0.0->qgridnext) (0.20.0)
2025-01-10T12:27:57.6575987Z Requirement already satisfied: pyzmq>=24 in /home/runner/micromamba/envs/tardis/lib/python3.12/site-packages (from jupyter-server<3,>=2.4.0->notebook>=4.4.1->widgetsnbextension~=3.6.5->ipywidgets>=7.0.0->qgridnext) (26.0.3)
2025-01-10T12:27:57.6584744Z Requirement already satisfied: send2trash>=1.8.2 in /home/runner/micromamba/envs/tardis/lib/python3.12/site-packages (from jupyter-server<3,>=2.4.0->notebook>=4.4.1->widgetsnbextension~=3.6.5->ipywidgets>=7.0.0->qgridnext) (1.8.3)
2025-01-10T12:27:57.6595874Z Requirement already satisfied: terminado>=0.8.3 in /home/runner/micromamba/envs/tardis/lib/python3.12/site-packages (from jupyter-server<3,>=2.4.0->notebook>=4.4.1->widgetsnbextension~=3.6.5->ipywidgets>=7.0.0->qgridnext) (0.18.1)
2025-01-10T12:27:57.6612420Z Requirement already satisfied: websocket-client>=1.7 in /home/runner/micromamba/envs/tardis/lib/python3.12/site-packages (from jupyter-server<3,>=2.4.0->notebook>=4.4.1->widgetsnbextension~=3.6.5->ipywidgets>=7.0.0->qgridnext) (1.8.0)
2025-01-10T12:27:57.6894667Z Requirement already satisfied: async-lru>=1.0.0 in /home/runner/micromamba/envs/tardis/lib/python3.12/site-packages (from jupyterlab<4.3,>=4.2.0->notebook>=4.4.1->widgetsnbextension~=3.6.5->ipywidgets>=7.0.0->qgridnext) (2.0.4)
2025-01-10T12:27:57.6906281Z Requirement already satisfied: httpx>=0.25.0 in /home/runner/micromamba/envs/tardis/lib/python3.12/site-packages (from jupyterlab<4.3,>=4.2.0->notebook>=4.4.1->widgetsnbextension~=3.6.5->ipywidgets>=7.0.0->qgridnext) (0.27.0)
2025-01-10T12:27:57.6917759Z Requirement already satisfied: ipykernel>=6.5.0 in /home/runner/micromamba/envs/tardis/lib/python3.12/site-packages (from jupyterlab<4.3,>=4.2.0->notebook>=4.4.1->widgetsnbextension~=3.6.5->ipywidgets>=7.0.0->qgridnext) (6.29.4)
2025-01-10T12:27:57.6931874Z Requirement already satisfied: jupyter-lsp>=2.0.0 in /home/runner/micromamba/envs/tardis/lib/python3.12/site-packages (from jupyterlab<4.3,>=4.2.0->notebook>=4.4.1->widgetsnbextension~=3.6.5->ipywidgets>=7.0.0->qgridnext) (2.2.5)
2025-01-10T12:27:57.6957234Z Requirement already satisfied: setuptools>=40.1.0 in /home/runner/micromamba/envs/tardis/lib/python3.12/site-packages (from jupyterlab<4.3,>=4.2.0->notebook>=4.4.1->widgetsnbextension~=3.6.5->ipywidgets>=7.0.0->qgridnext) (70.0.0)
2025-01-10T12:27:57.7143013Z Requirement already satisfied: babel>=2.10 in /home/runner/micromamba/envs/tardis/lib/python3.12/site-packages (from jupyterlab-server<3,>=2.27.1->notebook>=4.4.1->widgetsnbextension~=3.6.5->ipywidgets>=7.0.0->qgridnext) (2.14.0)
2025-01-10T12:27:57.7169054Z Requirement already satisfied: json5>=0.9.0 in /home/runner/micromamba/envs/tardis/lib/python3.12/site-packages (from jupyterlab-server<3,>=2.27.1->notebook>=4.4.1->widgetsnbextension~=3.6.5->ipywidgets>=7.0.0->qgridnext) (0.9.25)
2025-01-10T12:27:57.7179851Z Requirement already satisfied: jsonschema>=4.18.0 in /home/runner/micromamba/envs/tardis/lib/python3.12/site-packages (from jupyterlab-server<3,>=2.27.1->notebook>=4.4.1->widgetsnbextension~=3.6.5->ipywidgets>=7.0.0->qgridnext) (4.22.0)
2025-01-10T12:27:57.7198061Z Requirement already satisfied: requests>=2.31 in /home/runner/micromamba/envs/tardis/lib/python3.12/site-packages (from jupyterlab-server<3,>=2.27.1->notebook>=4.4.1->widgetsnbextension~=3.6.5->ipywidgets>=7.0.0->qgridnext) (2.32.3)
2025-01-10T12:27:57.7546246Z Requirement already satisfied: idna>=2.8 in /home/runner/micromamba/envs/tardis/lib/python3.12/site-packages (from anyio>=3.1.0->jupyter-server<3,>=2.4.0->notebook>=4.4.1->widgetsnbextension~=3.6.5->ipywidgets>=7.0.0->qgridnext) (3.7)
2025-01-10T12:27:57.7554931Z Requirement already satisfied: sniffio>=1.1 in /home/runner/micromamba/envs/tardis/lib/python3.12/site-packages (from anyio>=3.1.0->jupyter-server<3,>=2.4.0->notebook>=4.4.1->widgetsnbextension~=3.6.5->ipywidgets>=7.0.0->qgridnext) (1.3.1)
2025-01-10T12:27:57.7650809Z Requirement already satisfied: argon2-cffi-bindings in /home/runner/micromamba/envs/tardis/lib/python3.12/site-packages (from argon2-cffi>=21.1->jupyter-server<3,>=2.4.0->notebook>=4.4.1->widgetsnbextension~=3.6.5->ipywidgets>=7.0.0->qgridnext) (21.2.0)
2025-01-10T12:27:57.7819731Z Requirement already satisfied: certifi in /home/runner/micromamba/envs/tardis/lib/python3.12/site-packages (from httpx>=0.25.0->jupyterlab<4.3,>=4.2.0->notebook>=4.4.1->widgetsnbextension~=3.6.5->ipywidgets>=7.0.0->qgridnext) (2024.12.14)
2025-01-10T12:27:57.7833958Z Requirement already satisfied: httpcore==1.* in /home/runner/micromamba/envs/tardis/lib/python3.12/site-packages (from httpx>=0.25.0->jupyterlab<4.3,>=4.2.0->notebook>=4.4.1->widgetsnbextension~=3.6.5->ipywidgets>=7.0.0->qgridnext) (1.0.5)
2025-01-10T12:27:57.7911298Z Requirement already satisfied: h11<0.15,>=0.13 in /home/runner/micromamba/envs/tardis/lib/python3.12/site-packages (from httpcore==1.*->httpx>=0.25.0->jupyterlab<4.3,>=4.2.0->notebook>=4.4.1->widgetsnbextension~=3.6.5->ipywidgets>=7.0.0->qgridnext) (0.14.0)
2025-01-10T12:27:57.8095194Z Requirement already satisfied: debugpy>=1.6.5 in /home/runner/micromamba/envs/tardis/lib/python3.12/site-packages (from ipykernel>=6.5.0->jupyterlab<4.3,>=4.2.0->notebook>=4.4.1->widgetsnbextension~=3.6.5->ipywidgets>=7.0.0->qgridnext) (1.8.1)
2025-01-10T12:27:57.8115884Z Requirement already satisfied: nest-asyncio in /home/runner/micromamba/envs/tardis/lib/python3.12/site-packages (from ipykernel>=6.5.0->jupyterlab<4.3,>=4.2.0->notebook>=4.4.1->widgetsnbextension~=3.6.5->ipywidgets>=7.0.0->qgridnext) (1.6.0)
2025-01-10T12:27:57.8130666Z Requirement already satisfied: psutil in /home/runner/micromamba/envs/tardis/lib/python3.12/site-packages (from ipykernel>=6.5.0->jupyterlab<4.3,>=4.2.0->notebook>=4.4.1->widgetsnbextension~=3.6.5->ipywidgets>=7.0.0->qgridnext) (5.9.8)
2025-01-10T12:27:57.8193035Z Requirement already satisfied: MarkupSafe>=2.0 in /home/runner/micromamba/envs/tardis/lib/python3.12/site-packages (from jinja2>=3.0.3->jupyter-server<3,>=2.4.0->notebook>=4.4.1->widgetsnbextension~=3.6.5->ipywidgets>=7.0.0->qgridnext) (2.1.5)
2025-01-10T12:27:57.8384614Z Requirement already satisfied: attrs>=22.2.0 in /home/runner/micromamba/envs/tardis/lib/python3.12/site-packages (from jsonschema>=4.18.0->jupyterlab-server<3,>=2.27.1->notebook>=4.4.1->widgetsnbextension~=3.6.5->ipywidgets>=7.0.0->qgridnext) (23.2.0)
2025-01-10T12:27:57.8397235Z Requirement already satisfied: jsonschema-specifications>=2023.03.6 in /home/runner/micromamba/envs/tardis/lib/python3.12/site-packages (from jsonschema>=4.18.0->jupyterlab-server<3,>=2.27.1->notebook>=4.4.1->widgetsnbextension~=3.6.5->ipywidgets>=7.0.0->qgridnext) (2023.12.1)
2025-01-10T12:27:57.8406792Z Requirement already satisfied: referencing>=0.28.4 in /home/runner/micromamba/envs/tardis/lib/python3.12/site-packages (from jsonschema>=4.18.0->jupyterlab-server<3,>=2.27.1->notebook>=4.4.1->widgetsnbextension~=3.6.5->ipywidgets>=7.0.0->qgridnext) (0.35.1)
2025-01-10T12:27:57.8416298Z Requirement already satisfied: rpds-py>=0.7.1 in /home/runner/micromamba/envs/tardis/lib/python3.12/site-packages (from jsonschema>=4.18.0->jupyterlab-server<3,>=2.27.1->notebook>=4.4.1->widgetsnbextension~=3.6.5->ipywidgets>=7.0.0->qgridnext) (0.18.1)
2025-01-10T12:27:57.8678215Z Requirement already satisfied: platformdirs>=2.5 in /home/runner/micromamba/envs/tardis/lib/python3.12/site-packages (from jupyter-core!=5.0.*,>=4.12->jupyter-server<3,>=2.4.0->notebook>=4.4.1->widgetsnbextension~=3.6.5->ipywidgets>=7.0.0->qgridnext) (4.2.2)
2025-01-10T12:27:57.8827785Z Requirement already satisfied: python-json-logger>=2.0.4 in /home/runner/micromamba/envs/tardis/lib/python3.12/site-packages (from jupyter-events>=0.9.0->jupyter-server<3,>=2.4.0->notebook>=4.4.1->widgetsnbextension~=3.6.5->ipywidgets>=7.0.0->qgridnext) (2.0.7)
2025-01-10T12:27:57.8836301Z Requirement already satisfied: pyyaml>=5.3 in /home/runner/micromamba/envs/tardis/lib/python3.12/site-packages (from jupyter-events>=0.9.0->jupyter-server<3,>=2.4.0->notebook>=4.4.1->widgetsnbextension~=3.6.5->ipywidgets>=7.0.0->qgridnext) (6.0.1)
2025-01-10T12:27:57.8846375Z Requirement already satisfied: rfc3339-validator in /home/runner/micromamba/envs/tardis/lib/python3.12/site-packages (from jupyter-events>=0.9.0->jupyter-server<3,>=2.4.0->notebook>=4.4.1->widgetsnbextension~=3.6.5->ipywidgets>=7.0.0->qgridnext) (0.1.4)
2025-01-10T12:27:57.8855077Z Requirement already satisfied: rfc3986-validator>=0.1.1 in /home/runner/micromamba/envs/tardis/lib/python3.12/site-packages (from jupyter-events>=0.9.0->jupyter-server<3,>=2.4.0->notebook>=4.4.1->widgetsnbextension~=3.6.5->ipywidgets>=7.0.0->qgridnext) (0.1.1)
2025-01-10T12:27:57.9276266Z Requirement already satisfied: beautifulsoup4 in /home/runner/micromamba/envs/tardis/lib/python3.12/site-packages (from nbconvert>=6.4.4->jupyter-server<3,>=2.4.0->notebook>=4.4.1->widgetsnbextension~=3.6.5->ipywidgets>=7.0.0->qgridnext) (4.12.3)
2025-01-10T12:27:57.9294356Z Requirement already satisfied: bleach!=5.0.0 in /home/runner/micromamba/envs/tardis/lib/python3.12/site-packages (from nbconvert>=6.4.4->jupyter-server<3,>=2.4.0->notebook>=4.4.1->widgetsnbextension~=3.6.5->ipywidgets>=7.0.0->qgridnext) (6.1.0)
2025-01-10T12:27:57.9307703Z Requirement already satisfied: defusedxml in /home/runner/micromamba/envs/tardis/lib/python3.12/site-packages (from nbconvert>=6.4.4->jupyter-server<3,>=2.4.0->notebook>=4.4.1->widgetsnbextension~=3.6.5->ipywidgets>=7.0.0->qgridnext) (0.7.1)
2025-01-10T12:27:57.9321901Z Requirement already satisfied: jupyterlab-pygments in /home/runner/micromamba/envs/tardis/lib/python3.12/site-packages (from nbconvert>=6.4.4->jupyter-server<3,>=2.4.0->notebook>=4.4.1->widgetsnbextension~=3.6.5->ipywidgets>=7.0.0->qgridnext) (0.3.0)
2025-01-10T12:27:57.9333016Z Requirement already satisfied: mistune<4,>=2.0.3 in /home/runner/micromamba/envs/tardis/lib/python3.12/site-packages (from nbconvert>=6.4.4->jupyter-server<3,>=2.4.0->notebook>=4.4.1->widgetsnbextension~=3.6.5->ipywidgets>=7.0.0->qgridnext) (3.0.2)
2025-01-10T12:27:57.9344884Z Requirement already satisfied: nbclient>=0.5.0 in /home/runner/micromamba/envs/tardis/lib/python3.12/site-packages (from nbconvert>=6.4.4->jupyter-server<3,>=2.4.0->notebook>=4.4.1->widgetsnbextension~=3.6.5->ipywidgets>=7.0.0->qgridnext) (0.10.0)
2025-01-10T12:27:57.9360892Z Requirement already satisfied: pandocfilters>=1.4.1 in /home/runner/micromamba/envs/tardis/lib/python3.12/site-packages (from nbconvert>=6.4.4->jupyter-server<3,>=2.4.0->notebook>=4.4.1->widgetsnbextension~=3.6.5->ipywidgets>=7.0.0->qgridnext) (1.5.0)
2025-01-10T12:27:57.9369954Z Requirement already satisfied: tinycss2 in /home/runner/micromamba/envs/tardis/lib/python3.12/site-packages (from nbconvert>=6.4.4->jupyter-server<3,>=2.4.0->notebook>=4.4.1->widgetsnbextension~=3.6.5->ipywidgets>=7.0.0->qgridnext) (1.3.0)
2025-01-10T12:27:57.9482820Z Requirement already satisfied: fastjsonschema>=2.15 in /home/runner/micromamba/envs/tardis/lib/python3.12/site-packages (from nbformat>=5.3.0->jupyter-server<3,>=2.4.0->notebook>=4.4.1->widgetsnbextension~=3.6.5->ipywidgets>=7.0.0->qgridnext) (2.20.0)
2025-01-10T12:27:57.9779470Z Requirement already satisfied: charset_normalizer<4,>=2 in /home/runner/micromamba/envs/tardis/lib/python3.12/site-packages (from requests>=2.31->jupyterlab-server<3,>=2.27.1->notebook>=4.4.1->widgetsnbextension~=3.6.5->ipywidgets>=7.0.0->qgridnext) (3.3.2)
2025-01-10T12:27:57.9796139Z Requirement already satisfied: urllib3<3,>=1.21.1 in /home/runner/micromamba/envs/tardis/lib/python3.12/site-packages (from requests>=2.31->jupyterlab-server<3,>=2.27.1->notebook>=4.4.1->widgetsnbextension~=3.6.5->ipywidgets>=7.0.0->qgridnext) (2.2.2)
2025-01-10T12:27:58.0552563Z Requirement already satisfied: webencodings in /home/runner/micromamba/envs/tardis/lib/python3.12/site-packages (from bleach!=5.0.0->nbconvert>=6.4.4->jupyter-server<3,>=2.4.0->notebook>=4.4.1->widgetsnbextension~=3.6.5->ipywidgets>=7.0.0->qgridnext) (0.5.1)
2025-01-10T12:27:58.1118932Z Requirement already satisfied: fqdn in /home/runner/micromamba/envs/tardis/lib/python3.12/site-packages (from jsonschema[format-nongpl]>=4.18.0->jupyter-events>=0.9.0->jupyter-server<3,>=2.4.0->notebook>=4.4.1->widgetsnbextension~=3.6.5->ipywidgets>=7.0.0->qgridnext) (1.5.1)
2025-01-10T12:27:58.1134897Z Requirement already satisfied: isoduration in /home/runner/micromamba/envs/tardis/lib/python3.12/site-packages (from jsonschema[format-nongpl]>=4.18.0->jupyter-events>=0.9.0->jupyter-server<3,>=2.4.0->notebook>=4.4.1->widgetsnbextension~=3.6.5->ipywidgets>=7.0.0->qgridnext) (20.11.0)
2025-01-10T12:27:58.1148637Z Requirement already satisfied: jsonpointer>1.13 in /home/runner/micromamba/envs/tardis/lib/python3.12/site-packages (from jsonschema[format-nongpl]>=4.18.0->jupyter-events>=0.9.0->jupyter-server<3,>=2.4.0->notebook>=4.4.1->widgetsnbextension~=3.6.5->ipywidgets>=7.0.0->qgridnext) (3.0.0)
2025-01-10T12:27:58.1167363Z Requirement already satisfied: uri-template in /home/runner/micromamba/envs/tardis/lib/python3.12/site-packages (from jsonschema[format-nongpl]>=4.18.0->jupyter-events>=0.9.0->jupyter-server<3,>=2.4.0->notebook>=4.4.1->widgetsnbextension~=3.6.5->ipywidgets>=7.0.0->qgridnext) (1.3.0)
2025-01-10T12:27:58.1180867Z Requirement already satisfied: webcolors>=1.11 in /home/runner/micromamba/envs/tardis/lib/python3.12/site-packages (from jsonschema[format-nongpl]>=4.18.0->jupyter-events>=0.9.0->jupyter-server<3,>=2.4.0->notebook>=4.4.1->widgetsnbextension~=3.6.5->ipywidgets>=7.0.0->qgridnext) (24.6.0)
2025-01-10T12:27:58.2174146Z Requirement already satisfied: cffi>=1.0.1 in /home/runner/micromamba/envs/tardis/lib/python3.12/site-packages (from argon2-cffi-bindings->argon2-cffi>=21.1->jupyter-server<3,>=2.4.0->notebook>=4.4.1->widgetsnbextension~=3.6.5->ipywidgets>=7.0.0->qgridnext) (1.16.0)
2025-01-10T12:27:58.2271596Z Requirement already satisfied: soupsieve>1.2 in /home/runner/micromamba/envs/tardis/lib/python3.12/site-packages (from beautifulsoup4->nbconvert>=6.4.4->jupyter-server<3,>=2.4.0->notebook>=4.4.1->widgetsnbextension~=3.6.5->ipywidgets>=7.0.0->qgridnext) (2.5)
2025-01-10T12:27:58.2781838Z Requirement already satisfied: pycparser in /home/runner/micromamba/envs/tardis/lib/python3.12/site-packages (from cffi>=1.0.1->argon2-cffi-bindings->argon2-cffi>=21.1->jupyter-server<3,>=2.4.0->notebook>=4.4.1->widgetsnbextension~=3.6.5->ipywidgets>=7.0.0->qgridnext) (2.22)
2025-01-10T12:27:58.3262000Z Requirement already satisfied: arrow>=0.15.0 in /home/runner/micromamba/envs/tardis/lib/python3.12/site-packages (from isoduration->jsonschema[format-nongpl]>=4.18.0->jupyter-events>=0.9.0->jupyter-server<3,>=2.4.0->notebook>=4.4.1->widgetsnbextension~=3.6.5->ipywidgets>=7.0.0->qgridnext) (1.3.0)
2025-01-10T12:27:58.3554399Z Requirement already satisfied: types-python-dateutil>=2.8.10 in /home/runner/micromamba/envs/tardis/lib/python3.12/site-packages (from arrow>=0.15.0->isoduration->jsonschema[format-nongpl]>=4.18.0->jupyter-events>=0.9.0->jupyter-server<3,>=2.4.0->notebook>=4.4.1->widgetsnbextension~=3.6.5->ipywidgets>=7.0.0->qgridnext) (2.9.0.20240316)
2025-01-10T12:27:58.3865575Z Downloading qgridnext-2.0.4-py3-none-any.whl (1.3 MB)
2025-01-10T12:27:58.4358046Z    â”â”â”â”â”â”â”â”â”â”â”â”â”â”â”â”â”â”â”â”â”â”â”â”â”â”â”â”â”â”â”â”â”â”â”â”â”â”â”â” 1.3/1.3 MB 26.7 MB/s eta 0:00:00
2025-01-10T12:27:59.2215987Z Installing collected packages: qgridnext
2025-01-10T12:27:59.3099109Z Successfully installed qgridnext-2.0.4
2025-01-10T12:27:59.5111637Z ##[group]Run pytest tardis --tardis-regression-data=/home/runner/work/tardis/tardis/tardis-regression-data --cov=tardis --cov-report=xml --cov-report=html --cov-append -m " continuum"
2025-01-10T12:27:59.5112925Z [36;1mpytest tardis --tardis-regression-data=/home/runner/work/tardis/tardis/tardis-regression-data --cov=tardis --cov-report=xml --cov-report=html --cov-append -m " continuum"[0m
2025-01-10T12:27:59.5139780Z shell: /usr/bin/bash -l {0}
2025-01-10T12:27:59.5140059Z env:
2025-01-10T12:27:59.5140234Z   CACHE_NUMBER: 0
2025-01-10T12:27:59.5140844Z   PYTEST_FLAGS: --tardis-regression-data=/home/runner/work/tardis/tardis/tardis-regression-data --cov=tardis --cov-report=xml --cov-report=html --cov-append
2025-01-10T12:27:59.5141496Z   CODECOV_TOKEN: 
2025-01-10T12:27:59.5141716Z   MAMBA_ROOT_PREFIX: /home/runner/micromamba
2025-01-10T12:27:59.5142024Z   MAMBA_EXE: /home/runner/micromamba-bin/micromamba
2025-01-10T12:27:59.5142411Z   CONDARC: /home/runner/work/_temp/setup-micromamba/.condarc
2025-01-10T12:27:59.5142713Z ##[endgroup]
2025-01-10T12:28:08.9425511Z ============================= test session starts ==============================
2025-01-10T12:28:08.9426164Z platform linux -- Python 3.12.4, pytest-8.2.2, pluggy-1.5.0
2025-01-10T12:28:08.9426674Z rootdir: /home/runner/work/tardis/tardis
2025-01-10T12:28:08.9427077Z configfile: pyproject.toml
2025-01-10T12:28:08.9427575Z plugins: anyio-4.4.0, doctestplus-1.2.1, cov-5.0.0, html-4.1.1, metadata-3.1.1
2025-01-10T12:28:08.9428163Z collected 1796 items / 1794 deselected / 2 selected
2025-01-10T12:28:08.9428470Z 
2025-01-10T12:29:55.3349199Z tardis/transport/montecarlo/estimators/tests/test_continuum_property_solver.py . [ 50%]
2025-01-10T12:29:55.3351895Z                                                                          [ 50%]
2025-01-10T12:30:28.8375461Z tardis/transport/montecarlo/tests/test_continuum.py .                    [100%]
2025-01-10T12:30:28.8377135Z 
2025-01-10T12:30:28.8377646Z =============================== warnings summary ===============================
2025-01-10T12:30:28.8378516Z tardis/io/configuration/config_validator.py:6
2025-01-10T12:30:28.8379128Z tardis/io/configuration/config_validator.py:6
2025-01-10T12:30:28.8380613Z   /home/runner/work/tardis/tardis/tardis/io/configuration/config_validator.py:6: DeprecationWarning:
2025-01-10T12:30:28.8381384Z   
2025-01-10T12:30:28.8383785Z   jsonschema.RefResolver is deprecated as of v4.18.0, in favor of the https://github.com/python-jsonschema/referencing library, which provides more compliant referencing behavior as well as more flexible APIs for customization. A future release will remove RefResolver. Please file a feature request (on referencing) if you are missing an API for the kind of customization you need.
2025-01-10T12:30:28.8385679Z 
2025-01-10T12:30:28.8385999Z ../../../micromamba/envs/tardis/lib/python3.12/site-packages/jupyter_client/connect.py:22
2025-01-10T12:30:28.8386902Z   /home/runner/micromamba/envs/tardis/lib/python3.12/site-packages/jupyter_client/connect.py:22: DeprecationWarning:
2025-01-10T12:30:28.8387572Z   
2025-01-10T12:30:28.8387882Z   Jupyter is migrating its paths to use standard platformdirs
2025-01-10T12:30:28.8388390Z   given by the platformdirs library.  To remove this warning and
2025-01-10T12:30:28.8388908Z   see the appropriate new directories, set the environment variable
2025-01-10T12:30:28.8389416Z   `JUPYTER_PLATFORM_DIRS=1` and then run `jupyter --paths`.
2025-01-10T12:30:28.8390102Z   The use of platformdirs will be the default in `jupyter_core` v6
2025-01-10T12:30:28.8390427Z 
2025-01-10T12:30:28.8390556Z tardis/plasma/properties/__init__.py:17
2025-01-10T12:30:28.8391155Z   /home/runner/work/tardis/tardis/tardis/plasma/properties/__init__.py:17: DeprecationWarning:
2025-01-10T12:30:28.8391727Z   
2025-01-10T12:30:28.8392972Z   The numpy.linalg.linalg has been made private and renamed to numpy.linalg._linalg. All public functions exported by it are available from numpy.linalg. Please use numpy.linalg.LinAlgError instead.
2025-01-10T12:30:28.8394026Z 
2025-01-10T12:30:28.8399143Z tardis/transport/montecarlo/estimators/tests/test_continuum_property_solver.py::test_continuum_estimators
2025-01-10T12:30:28.8400157Z   /home/runner/work/tardis/tardis/tardis/transport/montecarlo/montecarlo_main_loop.py:123: NumbaTypeSafetyWarning:
2025-01-10T12:30:28.8400702Z   
2025-01-10T12:30:28.8401227Z   [1m[1m[1munsafe cast from uint64 to int64. Precision may be lost.[0m[0m[0m
2025-01-10T12:30:28.8401500Z 
2025-01-10T12:30:28.8401704Z -- Docs: https://docs.pytest.org/en/stable/how-to/capture-warnings.html
2025-01-10T12:30:28.8401979Z 
2025-01-10T12:30:28.8402156Z ---------- coverage: platform linux, python 3.12.4-final-0 -----------
2025-01-10T12:30:28.8402517Z Coverage HTML written to dir coverage_html_report
2025-01-10T12:30:28.8402813Z Coverage XML written to file coverage.xml
2025-01-10T12:30:28.8402988Z 
2025-01-10T12:30:28.8403153Z ========== 2 passed, 1794 deselected, 5 warnings in 141.45s (0:02:21) ==========
2025-01-10T12:30:29.8749084Z ##[group]Run mv .coverage .coverage.3
2025-01-10T12:30:29.8749407Z [36;1mmv .coverage .coverage.3[0m
2025-01-10T12:30:29.8775719Z shell: /usr/bin/bash -l {0}
2025-01-10T12:30:29.8775971Z env:
2025-01-10T12:30:29.8776145Z   CACHE_NUMBER: 0
2025-01-10T12:30:29.8776752Z   PYTEST_FLAGS: --tardis-regression-data=/home/runner/work/tardis/tardis/tardis-regression-data --cov=tardis --cov-report=xml --cov-report=html --cov-append
2025-01-10T12:30:29.8777400Z   CODECOV_TOKEN: 
2025-01-10T12:30:29.8777621Z   MAMBA_ROOT_PREFIX: /home/runner/micromamba
2025-01-10T12:30:29.8777915Z   MAMBA_EXE: /home/runner/micromamba-bin/micromamba
2025-01-10T12:30:29.8778254Z   CONDARC: /home/runner/work/_temp/setup-micromamba/.condarc
2025-01-10T12:30:29.8778558Z ##[endgroup]
2025-01-10T12:30:29.9924685Z ##[group]Run actions/upload-artifact@v4
2025-01-10T12:30:29.9924966Z with:
2025-01-10T12:30:29.9925182Z   name: coverage--continuum-ubuntu-latest
2025-01-10T12:30:29.9925457Z   include-hidden-files: true
2025-01-10T12:30:29.9925693Z   path: .coverage*
!.coveragerc

2025-01-10T12:30:29.9925926Z   if-no-files-found: warn
2025-01-10T12:30:29.9926145Z   compression-level: 6
2025-01-10T12:30:29.9926531Z   overwrite: false
2025-01-10T12:30:29.9926717Z env:
2025-01-10T12:30:29.9926883Z   CACHE_NUMBER: 0
2025-01-10T12:30:29.9927478Z   PYTEST_FLAGS: --tardis-regression-data=/home/runner/work/tardis/tardis/tardis-regression-data --cov=tardis --cov-report=xml --cov-report=html --cov-append
2025-01-10T12:30:29.9928108Z   CODECOV_TOKEN: 
2025-01-10T12:30:29.9928322Z   MAMBA_ROOT_PREFIX: /home/runner/micromamba
2025-01-10T12:30:29.9928623Z   MAMBA_EXE: /home/runner/micromamba-bin/micromamba
2025-01-10T12:30:29.9928963Z   CONDARC: /home/runner/work/_temp/setup-micromamba/.condarc
2025-01-10T12:30:29.9929288Z ##[endgroup]
2025-01-10T12:30:30.2144560Z With the provided path, there will be 1 file uploaded
2025-01-10T12:30:30.2151253Z Artifact name is valid!
2025-01-10T12:30:30.2152392Z Root directory input is valid!
2025-01-10T12:30:30.4443393Z Beginning upload of artifact content to blob storage
2025-01-10T12:30:30.7605186Z Uploaded bytes 18048
2025-01-10T12:30:30.8272693Z Finished uploading artifact content to blob storage!
2025-01-10T12:30:30.8276012Z SHA256 hash of uploaded artifact zip is 81283a218037dadbe671040d4d8f9e0f0f351fd6ee8b74c09f8d8e599b6fb80d
2025-01-10T12:30:30.8277641Z Finalizing artifact upload
2025-01-10T12:30:30.9626572Z Artifact coverage--continuum-ubuntu-latest.zip successfully finalized. Artifact ID 2412728037
2025-01-10T12:30:30.9627545Z Artifact coverage--continuum-ubuntu-latest has been successfully uploaded! Final size is 18048 bytes. Artifact ID is 2412728037
2025-01-10T12:30:30.9633913Z Artifact download URL: https://github.com/tardis-sn/tardis/actions/runs/12709495897/artifacts/2412728037
2025-01-10T12:30:30.9752711Z Post job cleanup.
2025-01-10T12:30:30.9783032Z Post job cleanup.
2025-01-10T12:30:31.1224940Z Will use pre-installed micromamba at /home/runner/micromamba-bin/micromamba
2025-01-10T12:30:31.1236959Z Removing micromamba run shell ...
2025-01-10T12:30:31.1237620Z ##[group]Deinitialize micromamba for bash
2025-01-10T12:30:31.1261371Z [command]/home/runner/micromamba-bin/micromamba shell deinit -s bash -r /home/runner/micromamba --log-level warning --rc-file /home/runner/work/_temp/setup-micromamba/.condarc
2025-01-10T12:30:31.1363862Z Resetting RC file "/home/runner/.bashrc"
2025-01-10T12:30:31.1364347Z Deleting config for root prefix 
2025-01-10T12:30:31.1364751Z Clearing mamba executable environment variable
2025-01-10T12:30:31.1367164Z Removing the following in your "/home/runner/.bashrc" file
2025-01-10T12:30:31.1367696Z # >>> mamba initialize >>>
2025-01-10T12:30:31.1367998Z ...
2025-01-10T12:30:31.1368176Z # <<< mamba initialize <<<
2025-01-10T12:30:31.1396646Z Removing mamba initialize block from .bash_profile
2025-01-10T12:30:31.1412676Z ##[endgroup]
2025-01-10T12:30:31.1416208Z Removing environment tardis from auto-activate bash ...
2025-01-10T12:30:31.1544015Z Post job cleanup.
2025-01-10T12:30:31.1581728Z Post job cleanup.
2025-01-10T12:30:31.2581382Z [command]/usr/bin/git version
2025-01-10T12:30:31.2617597Z git version 2.47.1
2025-01-10T12:30:31.2665976Z Temporarily overriding HOME='/home/runner/work/_temp/f89069f1-5819-45f3-a022-b833cc183613' before making global git config changes
2025-01-10T12:30:31.2667265Z Adding repository directory to the temporary git global config as a safe directory
2025-01-10T12:30:31.2671206Z [command]/usr/bin/git config --global --add safe.directory /home/runner/work/tardis/tardis/tardis-regression-data
2025-01-10T12:30:31.2704944Z [command]/usr/bin/git config --local --name-only --get-regexp core\.sshCommand
2025-01-10T12:30:31.2736707Z [command]/usr/bin/git submodule foreach --recursive sh -c "git config --local --name-only --get-regexp 'core\.sshCommand' && git config --local --unset-all 'core.sshCommand' || :"
2025-01-10T12:30:31.2968258Z [command]/usr/bin/git config --local --name-only --get-regexp http\.https\:\/\/github\.com\/\.extraheader
2025-01-10T12:30:31.2987765Z http.https://github.com/.extraheader
2025-01-10T12:30:31.3000304Z [command]/usr/bin/git config --local --unset-all http.https://github.com/.extraheader
2025-01-10T12:30:31.3029924Z [command]/usr/bin/git submodule foreach --recursive sh -c "git config --local --name-only --get-regexp 'http\.https\:\/\/github\.com\/\.extraheader' && git config --local --unset-all 'http.https://github.com/.extraheader' || :"
2025-01-10T12:30:31.3371366Z Post job cleanup.
2025-01-10T12:30:31.4376024Z [command]/usr/bin/git version
2025-01-10T12:30:31.4411882Z git version 2.47.1
2025-01-10T12:30:31.4461428Z Temporarily overriding HOME='/home/runner/work/_temp/69787a3e-475a-4fce-a883-d393fcd5e1dc' before making global git config changes
2025-01-10T12:30:31.4462773Z Adding repository directory to the temporary git global config as a safe directory
2025-01-10T12:30:31.4466827Z [command]/usr/bin/git config --global --add safe.directory /home/runner/work/tardis/tardis
2025-01-10T12:30:31.4502575Z [command]/usr/bin/git config --local --name-only --get-regexp core\.sshCommand
2025-01-10T12:30:31.4535439Z [command]/usr/bin/git submodule foreach --recursive sh -c "git config --local --name-only --get-regexp 'core\.sshCommand' && git config --local --unset-all 'core.sshCommand' || :"
2025-01-10T12:30:31.4770496Z [command]/usr/bin/git config --local --name-only --get-regexp http\.https\:\/\/github\.com\/\.extraheader
2025-01-10T12:30:31.4791212Z http.https://github.com/.extraheader
2025-01-10T12:30:31.4803582Z [command]/usr/bin/git config --local --unset-all http.https://github.com/.extraheader
2025-01-10T12:30:31.4833996Z [command]/usr/bin/git submodule foreach --recursive sh -c "git config --local --name-only --get-regexp 'http\.https\:\/\/github\.com\/\.extraheader' && git config --local --unset-all 'http.https://github.com/.extraheader' || :"
2025-01-10T12:30:31.5160044Z Cleaning up orphan processes
