2025-01-22T19:54:38.1369040Z Prepare all required actions
2025-01-22T19:54:38.1369920Z Getting action download info
2025-01-22T19:54:38.2877970Z Download action repository 'actions/cache@v4' (SHA:1bd1e32a3bdc45362d1e726936510720a7c30a57)
2025-01-22T19:54:38.4074190Z ##[group]Run ./.github/actions/setup_lfs
2025-01-22T19:54:38.4074920Z with:
2025-01-22T19:54:38.4075490Z   regression-data-repo: tardis-sn/tardis-regression-data
2025-01-22T19:54:38.4076210Z env:
2025-01-22T19:54:38.4076640Z   CACHE_NUMBER: 0
2025-01-22T19:54:38.4078050Z   PYTEST_FLAGS: --tardis-regression-data=/Users/runner/work/tardis/tardis/tardis-regression-data --cov=tardis --cov-report=xml --cov-report=html --cov-append
2025-01-22T19:54:38.4079730Z   CODECOV_TOKEN: ***
2025-01-22T19:54:38.4080250Z ##[endgroup]
2025-01-22T19:54:38.4212770Z ##[group]Run actions/checkout@v4
2025-01-22T19:54:38.4213340Z with:
2025-01-22T19:54:38.4213820Z   repository: tardis-sn/tardis-regression-data
2025-01-22T19:54:38.4214450Z   path: tardis-regression-data
2025-01-22T19:54:38.4215100Z   token: ***
2025-01-22T19:54:38.4215590Z   ssh-strict: true
2025-01-22T19:54:38.4216100Z   ssh-user: git
2025-01-22T19:54:38.4216550Z   persist-credentials: true
2025-01-22T19:54:38.4217070Z   clean: true
2025-01-22T19:54:38.4217520Z   sparse-checkout-cone-mode: true
2025-01-22T19:54:38.4218050Z   fetch-depth: 1
2025-01-22T19:54:38.4218490Z   fetch-tags: false
2025-01-22T19:54:38.4218930Z   show-progress: true
2025-01-22T19:54:38.4219380Z   lfs: false
2025-01-22T19:54:38.4219790Z   submodules: false
2025-01-22T19:54:38.4220250Z   set-safe-directory: true
2025-01-22T19:54:38.4220720Z env:
2025-01-22T19:54:38.4221110Z   CACHE_NUMBER: 0
2025-01-22T19:54:38.4222380Z   PYTEST_FLAGS: --tardis-regression-data=/Users/runner/work/tardis/tardis/tardis-regression-data --cov=tardis --cov-report=xml --cov-report=html --cov-append
2025-01-22T19:54:38.4223880Z   CODECOV_TOKEN: ***
2025-01-22T19:54:38.4224330Z ##[endgroup]
2025-01-22T19:54:38.5038820Z Syncing repository: tardis-sn/tardis-regression-data
2025-01-22T19:54:38.5042470Z ##[group]Getting Git version info
2025-01-22T19:54:38.5043410Z Working directory is '/Users/runner/work/tardis/tardis/tardis-regression-data'
2025-01-22T19:54:38.5075850Z [command]/opt/homebrew/bin/git version
2025-01-22T19:54:38.5254030Z git version 2.48.1
2025-01-22T19:54:38.5687690Z ##[endgroup]
2025-01-22T19:54:38.5893380Z Copying '/Users/runner/.gitconfig' to '/Users/runner/work/_temp/7e87855e-d759-4e84-9927-3caa40566238/.gitconfig'
2025-01-22T19:54:38.5997010Z Temporarily overriding HOME='/Users/runner/work/_temp/7e87855e-d759-4e84-9927-3caa40566238' before making global git config changes
2025-01-22T19:54:38.6100440Z Adding repository directory to the temporary git global config as a safe directory
2025-01-22T19:54:38.6203620Z [command]/opt/homebrew/bin/git config --global --add safe.directory /Users/runner/work/tardis/tardis/tardis-regression-data
2025-01-22T19:54:38.6512790Z ##[group]Initializing the repository
2025-01-22T19:54:38.6622760Z [command]/opt/homebrew/bin/git init /Users/runner/work/tardis/tardis/tardis-regression-data
2025-01-22T19:54:38.6731780Z hint: Using 'master' as the name for the initial branch. This default branch name
2025-01-22T19:54:38.6847350Z hint: is subject to change. To configure the initial branch name to use in all
2025-01-22T19:54:38.6952070Z hint: of your new repositories, which will suppress this warning, call:
2025-01-22T19:54:38.7110830Z hint:
2025-01-22T19:54:38.7213700Z hint: 	git config --global init.defaultBranch <name>
2025-01-22T19:54:38.7315940Z hint:
2025-01-22T19:54:38.7418080Z hint: Names commonly chosen instead of 'master' are 'main', 'trunk' and
2025-01-22T19:54:38.7513840Z hint: 'development'. The just-created branch can be renamed via this command:
2025-01-22T19:54:38.7591160Z hint:
2025-01-22T19:54:38.7692800Z hint: 	git branch -m <name>
2025-01-22T19:54:38.7824940Z Initialized empty Git repository in /Users/runner/work/tardis/tardis/tardis-regression-data/.git/
2025-01-22T19:54:38.8199940Z [command]/opt/homebrew/bin/git remote add origin https://github.com/tardis-sn/tardis-regression-data
2025-01-22T19:54:38.8496410Z ##[endgroup]
2025-01-22T19:54:38.8501490Z ##[group]Disabling automatic garbage collection
2025-01-22T19:54:38.8548680Z [command]/opt/homebrew/bin/git config --local gc.auto 0
2025-01-22T19:54:38.8721600Z ##[endgroup]
2025-01-22T19:54:38.8762000Z ##[group]Setting up auth
2025-01-22T19:54:38.8810290Z [command]/opt/homebrew/bin/git config --local --name-only --get-regexp core\.sshCommand
2025-01-22T19:54:38.8839570Z [command]/opt/homebrew/bin/git submodule foreach --recursive sh -c "git config --local --name-only --get-regexp 'core\.sshCommand' && git config --local --unset-all 'core.sshCommand' || :"
2025-01-22T19:54:38.8855030Z [command]/opt/homebrew/bin/git config --local --name-only --get-regexp http\.https\:\/\/github\.com\/\.extraheader
2025-01-22T19:54:38.8870280Z [command]/opt/homebrew/bin/git submodule foreach --recursive sh -c "git config --local --name-only --get-regexp 'http\.https\:\/\/github\.com\/\.extraheader' && git config --local --unset-all 'http.https://github.com/.extraheader' || :"
2025-01-22T19:54:38.8877750Z [command]/opt/homebrew/bin/git config --local http.https://github.com/.extraheader AUTHORIZATION: basic ***
2025-01-22T19:54:38.8893770Z ##[endgroup]
2025-01-22T19:54:38.8895670Z ##[group]Determining the default branch
2025-01-22T19:54:38.8897930Z Retrieving the default branch name
2025-01-22T19:54:39.4820590Z Default branch 'main'
2025-01-22T19:54:39.4989100Z ##[endgroup]
2025-01-22T19:54:39.5003220Z ##[group]Fetching the repository
2025-01-22T19:54:39.5116090Z [command]/opt/homebrew/bin/git -c protocol.version=2 fetch --no-tags --prune --no-recurse-submodules --depth=1 origin +refs/heads/main:refs/remotes/origin/main
2025-01-22T19:54:40.6068480Z From https://github.com/tardis-sn/tardis-regression-data
2025-01-22T19:54:40.6169400Z  * [new branch]      main       -> origin/main
2025-01-22T19:54:40.6262110Z ##[endgroup]
2025-01-22T19:54:40.6270960Z ##[group]Determining the checkout info
2025-01-22T19:54:40.6481220Z ##[endgroup]
2025-01-22T19:54:40.6519510Z [command]/opt/homebrew/bin/git sparse-checkout disable
2025-01-22T19:54:40.6619350Z [command]/opt/homebrew/bin/git config --local --unset-all extensions.worktreeConfig
2025-01-22T19:54:40.6696360Z ##[group]Checking out the ref
2025-01-22T19:54:40.6697900Z [command]/opt/homebrew/bin/git checkout --progress --force -B main refs/remotes/origin/main
2025-01-22T19:54:40.8988170Z Switched to a new branch 'main'
2025-01-22T19:54:40.8989780Z branch 'main' set up to track 'origin/main'.
2025-01-22T19:54:40.9807550Z ##[endgroup]
2025-01-22T19:54:40.9863720Z [command]/opt/homebrew/bin/git log -1 --format=%H
2025-01-22T19:54:40.9904090Z fa7729bc9c30e14b69acd641af8b692b56fcd416
2025-01-22T19:54:40.9994600Z ##[group]Run git lfs ls-files -l | cut -d' ' -f1 | sort > .lfs-assets-id
2025-01-22T19:54:40.9995030Z [36;1mgit lfs ls-files -l | cut -d' ' -f1 | sort > .lfs-assets-id[0m
2025-01-22T19:54:41.0051710Z shell: /bin/bash --noprofile --norc -e -o pipefail {0}
2025-01-22T19:54:41.0051960Z env:
2025-01-22T19:54:41.0052090Z   CACHE_NUMBER: 0
2025-01-22T19:54:41.0052530Z   PYTEST_FLAGS: --tardis-regression-data=/Users/runner/work/tardis/tardis/tardis-regression-data --cov=tardis --cov-report=xml --cov-report=html --cov-append
2025-01-22T19:54:41.0053140Z   CODECOV_TOKEN: ***
2025-01-22T19:54:41.0053300Z ##[endgroup]
2025-01-22T19:54:41.3040940Z ##[group]Run actions/cache/restore@v4
2025-01-22T19:54:41.3041220Z with:
2025-01-22T19:54:41.3041350Z   path: tardis-regression-data/.git/lfs
2025-01-22T19:54:41.3041680Z   key: macOS-lfs-21f9fa4b6817cc69b9fae3598144724da7828e276a73bd17f47a2a49d9af090a-v1
2025-01-22T19:54:41.3041980Z   enableCrossOsArchive: false
2025-01-22T19:54:41.3042150Z   fail-on-cache-miss: false
2025-01-22T19:54:41.3042310Z   lookup-only: false
2025-01-22T19:54:41.3042470Z env:
2025-01-22T19:54:41.3042610Z   CACHE_NUMBER: 0
2025-01-22T19:54:41.3043060Z   PYTEST_FLAGS: --tardis-regression-data=/Users/runner/work/tardis/tardis/tardis-regression-data --cov=tardis --cov-report=xml --cov-report=html --cov-append
2025-01-22T19:54:41.3043980Z   CODECOV_TOKEN: ***
2025-01-22T19:54:41.3044120Z ##[endgroup]
2025-01-22T19:54:42.8402800Z Received 33554432 of 1706796060 (2.0%), 31.9 MBs/sec
2025-01-22T19:54:43.8421960Z Received 121634816 of 1706796060 (7.1%), 57.8 MBs/sec
2025-01-22T19:54:44.8430230Z Received 192937984 of 1706796060 (11.3%), 61.2 MBs/sec
2025-01-22T19:54:45.8432040Z Received 268435456 of 1706796060 (15.7%), 63.9 MBs/sec
2025-01-22T19:54:46.8437830Z Received 331350016 of 1706796060 (19.4%), 63.1 MBs/sec
2025-01-22T19:54:47.8442660Z Received 419430400 of 1706796060 (24.6%), 66.6 MBs/sec
2025-01-22T19:54:48.8471450Z Received 494927872 of 1706796060 (29.0%), 67.3 MBs/sec
2025-01-22T19:54:49.8452880Z Received 574619648 of 1706796060 (33.7%), 68.4 MBs/sec
2025-01-22T19:54:50.8452250Z Received 666894336 of 1706796060 (39.1%), 70.6 MBs/sec
2025-01-22T19:54:51.8459330Z Received 734003200 of 1706796060 (43.0%), 69.9 MBs/sec
2025-01-22T19:54:52.8465490Z Received 813694976 of 1706796060 (47.7%), 70.5 MBs/sec
2025-01-22T19:54:53.8498680Z Received 889192448 of 1706796060 (52.1%), 70.6 MBs/sec
2025-01-22T19:54:54.8633360Z Received 960495616 of 1706796060 (56.3%), 70.3 MBs/sec
2025-01-22T19:54:55.8654920Z Received 1031798784 of 1706796060 (60.5%), 70.1 MBs/sec
2025-01-22T19:54:56.8645410Z Received 1107296256 of 1706796060 (64.9%), 70.3 MBs/sec
2025-01-22T19:54:57.8660210Z Received 1174405120 of 1706796060 (68.8%), 69.9 MBs/sec
2025-01-22T19:54:58.8666020Z Received 1270874112 of 1706796060 (74.5%), 71.2 MBs/sec
2025-01-22T19:54:59.8670410Z Received 1358954496 of 1706796060 (79.6%), 71.9 MBs/sec
2025-01-22T19:55:00.8674070Z Received 1447034880 of 1706796060 (84.8%), 72.5 MBs/sec
2025-01-22T19:55:01.8741870Z Received 1526726656 of 1706796060 (89.4%), 72.7 MBs/sec
2025-01-22T19:55:02.8877600Z Received 1602224128 of 1706796060 (93.9%), 72.6 MBs/sec
2025-01-22T19:55:03.8956700Z Received 1656750080 of 1706796060 (97.1%), 71.6 MBs/sec
2025-01-22T19:55:04.8894610Z Received 1706796060 of 1706796060 (100.0%), 70.6 MBs/sec
2025-01-22T19:55:05.3565930Z Cache Size: ~1628 MB (1706796060 B)
2025-01-22T19:55:05.4075390Z [command]/opt/homebrew/bin/gtar -xf /Users/runner/work/_temp/749c6954-9e6b-4896-a307-0370d0ab4939/cache.tzst -P -C /Users/runner/work/tardis/tardis --delay-directory-restore --use-compress-program unzstd
2025-01-22T19:55:12.4523240Z Cache restored successfully
2025-01-22T19:55:12.5205120Z Cache restored from key: macOS-lfs-21f9fa4b6817cc69b9fae3598144724da7828e276a73bd17f47a2a49d9af090a-v1
2025-01-22T19:55:12.5416080Z ##[group]Run git lfs checkout
2025-01-22T19:55:12.5416400Z [36;1mgit lfs checkout[0m
2025-01-22T19:55:12.5525310Z shell: /bin/bash --noprofile --norc -e -o pipefail {0}
2025-01-22T19:55:12.5525780Z env:
2025-01-22T19:55:12.5526030Z   CACHE_NUMBER: 0
2025-01-22T19:55:12.5526670Z   PYTEST_FLAGS: --tardis-regression-data=/Users/runner/work/tardis/tardis/tardis-regression-data --cov=tardis --cov-report=xml --cov-report=html --cov-append
2025-01-22T19:55:12.5527850Z   CODECOV_TOKEN: ***
2025-01-22T19:55:12.5528120Z ##[endgroup]
2025-01-22T19:55:19.3919480Z Checking out LFS objects: 100% (204/204), 3.5 GB | 402 MB/s, done.
