2025-02-18T14:45:21.4364257Z Prepare all required actions
2025-02-18T14:45:21.4364823Z Getting action download info
2025-02-18T14:45:21.5914446Z ##[group]Download immutable action package 'actions/cache@v4'
2025-02-18T14:45:21.5914907Z Version: 4.2.0
2025-02-18T14:45:21.5915324Z Digest: sha256:5bc11090595acbf82dbfb02747bf0bfd91544e869357fd3ac0eb41f509632110
2025-02-18T14:45:21.5915866Z Source commit SHA: 1bd1e32a3bdc45362d1e726936510720a7c30a57
2025-02-18T14:45:21.5916419Z ##[endgroup]
2025-02-18T14:45:21.7167448Z ##[group]Run ./.github/actions/setup_lfs
2025-02-18T14:45:21.7167811Z with:
2025-02-18T14:45:21.7168114Z   regression-data-repo: tardis-sn/tardis-regression-data
2025-02-18T14:45:21.7168485Z   atom-data-sparse: false
2025-02-18T14:45:21.7168741Z env:
2025-02-18T14:45:21.7168953Z   CACHE_NUMBER: 0
2025-02-18T14:45:21.7169607Z   PYTEST_FLAGS: --tardis-regression-data=/home/runner/work/tardis/tardis/tardis-regression-data --cov=tardis --cov-report=xml --cov-report=html --cov-append
2025-02-18T14:45:21.7170337Z   CODECOV_TOKEN: 
2025-02-18T14:45:21.7170617Z ##[endgroup]
2025-02-18T14:45:21.7317985Z ##[group]Run actions/checkout@v4
2025-02-18T14:45:21.7318316Z with:
2025-02-18T14:45:21.7318585Z   repository: tardis-sn/tardis-regression-data
2025-02-18T14:45:21.7318926Z   path: tardis-regression-data
2025-02-18T14:45:21.7319191Z   lfs: false
2025-02-18T14:45:21.7319559Z   token: ***
2025-02-18T14:45:21.7319794Z   ssh-strict: true
2025-02-18T14:45:21.7320031Z   ssh-user: git
2025-02-18T14:45:21.7320275Z   persist-credentials: true
2025-02-18T14:45:21.7320533Z   clean: true
2025-02-18T14:45:21.7320783Z   sparse-checkout-cone-mode: true
2025-02-18T14:45:21.7321070Z   fetch-depth: 1
2025-02-18T14:45:21.7321305Z   fetch-tags: false
2025-02-18T14:45:21.7321542Z   show-progress: true
2025-02-18T14:45:21.7321781Z   submodules: false
2025-02-18T14:45:21.7322025Z   set-safe-directory: true
2025-02-18T14:45:21.7322278Z env:
2025-02-18T14:45:21.7322483Z   CACHE_NUMBER: 0
2025-02-18T14:45:21.7323134Z   PYTEST_FLAGS: --tardis-regression-data=/home/runner/work/tardis/tardis/tardis-regression-data --cov=tardis --cov-report=xml --cov-report=html --cov-append
2025-02-18T14:45:21.7323849Z   CODECOV_TOKEN: 
2025-02-18T14:45:21.7324078Z ##[endgroup]
2025-02-18T14:45:21.8293654Z Syncing repository: tardis-sn/tardis-regression-data
2025-02-18T14:45:21.8300519Z ##[group]Getting Git version info
2025-02-18T14:45:21.8301361Z Working directory is '/home/runner/work/tardis/tardis/tardis-regression-data'
2025-02-18T14:45:21.8344545Z [command]/usr/bin/git version
2025-02-18T14:45:21.8389137Z git version 2.48.1
2025-02-18T14:45:21.8415831Z ##[endgroup]
2025-02-18T14:45:21.8430940Z Temporarily overriding HOME='/home/runner/work/_temp/c3f7be3c-099d-41a6-8a42-7b512a6869d4' before making global git config changes
2025-02-18T14:45:21.8432343Z Adding repository directory to the temporary git global config as a safe directory
2025-02-18T14:45:21.8437892Z [command]/usr/bin/git config --global --add safe.directory /home/runner/work/tardis/tardis/tardis-regression-data
2025-02-18T14:45:21.8470273Z ##[group]Initializing the repository
2025-02-18T14:45:21.8475909Z [command]/usr/bin/git init /home/runner/work/tardis/tardis/tardis-regression-data
2025-02-18T14:45:21.8513981Z hint: Using 'master' as the name for the initial branch. This default branch name
2025-02-18T14:45:21.8515031Z hint: is subject to change. To configure the initial branch name to use in all
2025-02-18T14:45:21.8516283Z hint: of your new repositories, which will suppress this warning, call:
2025-02-18T14:45:21.8517021Z hint:
2025-02-18T14:45:21.8517558Z hint: 	git config --global init.defaultBranch <name>
2025-02-18T14:45:21.8518186Z hint:
2025-02-18T14:45:21.8518786Z hint: Names commonly chosen instead of 'master' are 'main', 'trunk' and
2025-02-18T14:45:21.8519726Z hint: 'development'. The just-created branch can be renamed via this command:
2025-02-18T14:45:21.8520472Z hint:
2025-02-18T14:45:21.8520896Z hint: 	git branch -m <name>
2025-02-18T14:45:21.8521820Z Initialized empty Git repository in /home/runner/work/tardis/tardis/tardis-regression-data/.git/
2025-02-18T14:45:21.8527978Z [command]/usr/bin/git remote add origin https://github.com/tardis-sn/tardis-regression-data
2025-02-18T14:45:21.8562164Z ##[endgroup]
2025-02-18T14:45:21.8562961Z ##[group]Disabling automatic garbage collection
2025-02-18T14:45:21.8568528Z [command]/usr/bin/git config --local gc.auto 0
2025-02-18T14:45:21.8599309Z ##[endgroup]
2025-02-18T14:45:21.8608343Z ##[group]Setting up auth
2025-02-18T14:45:21.8609101Z [command]/usr/bin/git config --local --name-only --get-regexp core\.sshCommand
2025-02-18T14:45:21.8640960Z [command]/usr/bin/git submodule foreach --recursive sh -c "git config --local --name-only --get-regexp 'core\.sshCommand' && git config --local --unset-all 'core.sshCommand' || :"
2025-02-18T14:45:21.8877740Z [command]/usr/bin/git config --local --name-only --get-regexp http\.https\:\/\/github\.com\/\.extraheader
2025-02-18T14:45:21.8907542Z [command]/usr/bin/git submodule foreach --recursive sh -c "git config --local --name-only --get-regexp 'http\.https\:\/\/github\.com\/\.extraheader' && git config --local --unset-all 'http.https://github.com/.extraheader' || :"
2025-02-18T14:45:21.9156532Z [command]/usr/bin/git config --local http.https://github.com/.extraheader AUTHORIZATION: basic ***
2025-02-18T14:45:21.9196227Z ##[endgroup]
2025-02-18T14:45:21.9197230Z ##[group]Determining the default branch
2025-02-18T14:45:21.9200726Z Retrieving the default branch name
2025-02-18T14:45:22.1533385Z Default branch 'main'
2025-02-18T14:45:22.1534956Z ##[endgroup]
2025-02-18T14:45:22.1535870Z ##[group]Fetching the repository
2025-02-18T14:45:22.1545405Z [command]/usr/bin/git -c protocol.version=2 fetch --no-tags --prune --no-recurse-submodules --depth=1 origin +refs/heads/main:refs/remotes/origin/main
2025-02-18T14:45:22.4158837Z From https://github.com/tardis-sn/tardis-regression-data
2025-02-18T14:45:22.4159520Z  * [new branch]      main       -> origin/main
2025-02-18T14:45:22.4189414Z ##[endgroup]
2025-02-18T14:45:22.4190091Z ##[group]Determining the checkout info
2025-02-18T14:45:22.4191291Z ##[endgroup]
2025-02-18T14:45:22.4197495Z [command]/usr/bin/git sparse-checkout disable
2025-02-18T14:45:22.4240852Z [command]/usr/bin/git config --local --unset-all extensions.worktreeConfig
2025-02-18T14:45:22.4280430Z ##[group]Checking out the ref
2025-02-18T14:45:22.4281214Z [command]/usr/bin/git checkout --progress --force -B main refs/remotes/origin/main
2025-02-18T14:45:22.5465269Z Switched to a new branch 'main'
2025-02-18T14:45:22.5467081Z branch 'main' set up to track 'origin/main'.
2025-02-18T14:45:22.5753909Z ##[endgroup]
2025-02-18T14:45:22.5799328Z [command]/usr/bin/git log -1 --format=%H
2025-02-18T14:45:22.5828874Z fa7729bc9c30e14b69acd641af8b692b56fcd416
2025-02-18T14:45:22.5978268Z ##[group]Run if [ "false" == "true" ]; then
2025-02-18T14:45:22.5978675Z [36;1mif [ "false" == "true" ]; then[0m
2025-02-18T14:45:22.5978976Z [36;1m  echo "Using atom data sparse checkout"[0m
2025-02-18T14:45:22.5979609Z [36;1m  echo "atom_data/kurucz_cd23_chianti_H_He.h5" > .lfs-files-list[0m
2025-02-18T14:45:22.5979957Z [36;1melse[0m
2025-02-18T14:45:22.5980166Z [36;1m  echo "Using full repository checkout"[0m
2025-02-18T14:45:22.5980508Z [36;1m  git lfs ls-files -l | cut -d' ' -f1 | sort > .lfs-files-list[0m
2025-02-18T14:45:22.5980829Z [36;1mfi[0m
2025-02-18T14:45:22.6184474Z shell: /usr/bin/bash --noprofile --norc -e -o pipefail {0}
2025-02-18T14:45:22.6184919Z env:
2025-02-18T14:45:22.6185154Z   CACHE_NUMBER: 0
2025-02-18T14:45:22.6185935Z   PYTEST_FLAGS: --tardis-regression-data=/home/runner/work/tardis/tardis/tardis-regression-data --cov=tardis --cov-report=xml --cov-report=html --cov-append
2025-02-18T14:45:22.6186970Z   CODECOV_TOKEN: 
2025-02-18T14:45:22.6187190Z ##[endgroup]
2025-02-18T14:45:22.6293150Z Using full repository checkout
2025-02-18T14:45:22.7733761Z ##[group]Run actions/cache/restore@v4
2025-02-18T14:45:22.7734075Z with:
2025-02-18T14:45:22.7734302Z   path: tardis-regression-data/.git/lfs
2025-02-18T14:45:22.7735099Z   key: tardis-regression-full-data-21f9fa4b6817cc69b9fae3598144724da7828e276a73bd17f47a2a49d9af090a-tardis-sn/tardis-regression-data-v1
2025-02-18T14:45:22.7736313Z   fail-on-cache-miss: true
2025-02-18T14:45:22.7736580Z   enableCrossOsArchive: false
2025-02-18T14:45:22.7736845Z   lookup-only: false
2025-02-18T14:45:22.7737065Z env:
2025-02-18T14:45:22.7737504Z   CACHE_NUMBER: 0
2025-02-18T14:45:22.7764116Z   PYTEST_FLAGS: --tardis-regression-data=/home/runner/work/tardis/tardis/tardis-regression-data --cov=tardis --cov-report=xml --cov-report=html --cov-append
2025-02-18T14:45:22.7764915Z   CODECOV_TOKEN: 
2025-02-18T14:45:22.7765114Z ##[endgroup]
2025-02-18T14:45:22.9893241Z Cache hit for: tardis-regression-full-data-21f9fa4b6817cc69b9fae3598144724da7828e276a73bd17f47a2a49d9af090a-tardis-sn/tardis-regression-data-v1
2025-02-18T14:45:24.0311913Z Received 222298112 of 1707217599 (13.0%), 210.5 MBs/sec
2025-02-18T14:45:25.0312710Z Received 465567744 of 1707217599 (27.3%), 221.1 MBs/sec
2025-02-18T14:45:26.0314484Z Received 671088640 of 1707217599 (39.3%), 212.8 MBs/sec
2025-02-18T14:45:27.0316452Z Received 914358272 of 1707217599 (53.6%), 217.6 MBs/sec
2025-02-18T14:45:28.0411685Z Received 1094713344 of 1707217599 (64.1%), 208.1 MBs/sec
2025-02-18T14:45:29.0724471Z Received 1342177280 of 1707217599 (78.6%), 211.6 MBs/sec
2025-02-18T14:45:30.1396985Z Received 1610612736 of 1707217599 (94.3%), 215.9 MBs/sec
2025-02-18T14:45:30.5933983Z Received 1707217599 of 1707217599 (100.0%), 215.1 MBs/sec
2025-02-18T14:45:30.5936551Z Cache Size: ~1628 MB (1707217599 B)
2025-02-18T14:45:30.5977030Z [command]/usr/bin/tar -xf /home/runner/work/_temp/56f9f5c2-0861-4d26-8828-0c70b9c22afd/cache.tzst -P -C /home/runner/work/tardis/tardis --use-compress-program unzstd
2025-02-18T14:45:37.1235532Z Cache restored successfully
2025-02-18T14:45:37.4456370Z Cache restored from key: tardis-regression-full-data-21f9fa4b6817cc69b9fae3598144724da7828e276a73bd17f47a2a49d9af090a-tardis-sn/tardis-regression-data-v1
2025-02-18T14:45:37.4600382Z ##[group]Run git lfs checkout
2025-02-18T14:45:37.4600678Z [36;1mgit lfs checkout[0m
2025-02-18T14:45:37.4656286Z shell: /usr/bin/bash --noprofile --norc -e -o pipefail {0}
2025-02-18T14:45:37.4656619Z env:
2025-02-18T14:45:37.4656783Z   CACHE_NUMBER: 0
2025-02-18T14:45:37.4657400Z   PYTEST_FLAGS: --tardis-regression-data=/home/runner/work/tardis/tardis/tardis-regression-data --cov=tardis --cov-report=xml --cov-report=html --cov-append
2025-02-18T14:45:37.4658059Z   CODECOV_TOKEN: 
2025-02-18T14:45:37.4658243Z ##[endgroup]
2025-02-18T14:45:48.2201433Z Checking out LFS objects: 100% (204/204), 3.5 GB | 330 MB/s, done.
