2025-01-14T12:40:02.5977695Z Requested labels: macos-latest
2025-01-14T12:40:02.5977890Z Job defined at: tardis-sn/tardis/.github/workflows/tests.yml@refs/pull/2932/merge
2025-01-14T12:40:02.5978006Z Waiting for a runner to pick up this job...
2025-01-14T12:40:02.8584743Z Job is waiting for a hosted runner to come online.
2025-01-14T12:40:06.3892501Z Job is about to start running on the hosted runner: GitHub Actions 40 (hosted)
2025-01-14T12:40:07.7852660Z Current runner version: '2.321.0'
2025-01-14T12:40:07.7867500Z ##[group]Operating System
2025-01-14T12:40:07.7867930Z macOS
2025-01-14T12:40:07.7868220Z 14.7.2
2025-01-14T12:40:07.7868500Z 23H311
2025-01-14T12:40:07.7868790Z ##[endgroup]
2025-01-14T12:40:07.7869110Z ##[group]Runner Image
2025-01-14T12:40:07.7869440Z Image: macos-14-arm64
2025-01-14T12:40:07.7869750Z Version: 20250106.725
2025-01-14T12:40:07.7870410Z Included Software: https://github.com/actions/runner-images/blob/macos-14-arm64/20250106.725/images/macos/macos-14-arm64-Readme.md
2025-01-14T12:40:07.7871300Z Image Release: https://github.com/actions/runner-images/releases/tag/macos-14-arm64%2F20250106.725
2025-01-14T12:40:07.7871860Z ##[endgroup]
2025-01-14T12:40:07.7872160Z ##[group]Runner Image Provisioner
2025-01-14T12:40:07.7872550Z 2.0.414.1+2ecee806bcbb7b5d267443ac0090547f461e95b1
2025-01-14T12:40:07.7872930Z ##[endgroup]
2025-01-14T12:40:07.7874220Z ##[group]GITHUB_TOKEN Permissions
2025-01-14T12:40:07.7875200Z Actions: read
2025-01-14T12:40:07.7875510Z Attestations: read
2025-01-14T12:40:07.7875810Z Checks: read
2025-01-14T12:40:07.7876090Z Contents: read
2025-01-14T12:40:07.7876370Z Deployments: read
2025-01-14T12:40:07.7876680Z Discussions: read
2025-01-14T12:40:07.7876960Z Issues: read
2025-01-14T12:40:07.7877240Z Metadata: read
2025-01-14T12:40:07.7877530Z Packages: read
2025-01-14T12:40:07.7877830Z Pages: read
2025-01-14T12:40:07.7878110Z PullRequests: read
2025-01-14T12:40:07.7878430Z RepositoryProjects: read
2025-01-14T12:40:07.7878760Z SecurityEvents: read
2025-01-14T12:40:07.7879070Z Statuses: read
2025-01-14T12:40:07.7879370Z ##[endgroup]
2025-01-14T12:40:07.7881110Z Secret source: None
2025-01-14T12:40:07.7881680Z Prepare workflow directory
2025-01-14T12:40:07.8209590Z Prepare all required actions
2025-01-14T12:40:07.8234990Z Getting action download info
2025-01-14T12:40:08.0008550Z Download action repository 'actions/checkout@v4' (SHA:11bd71901bbe5b1630ceea73d27597364c9af683)
2025-01-14T12:40:08.3909650Z Download action repository 'actions/upload-artifact@v4' (SHA:65c4c4a1ddee5b72f698fdd19549f0f0fb45cf08)
2025-01-14T12:40:09.6447510Z Complete job name:  continuum macos-latest 
2025-01-14T12:40:09.6911480Z ##[group]Run actions/checkout@v4
2025-01-14T12:40:09.6912230Z with:
2025-01-14T12:40:09.6912970Z   repository: tardis-sn/tardis
2025-01-14T12:40:09.6913750Z   token: ***
2025-01-14T12:40:09.6914230Z   ssh-strict: true
2025-01-14T12:40:09.6914720Z   ssh-user: git
2025-01-14T12:40:09.6915230Z   persist-credentials: true
2025-01-14T12:40:09.6915810Z   clean: true
2025-01-14T12:40:09.6916330Z   sparse-checkout-cone-mode: true
2025-01-14T12:40:09.6916940Z   fetch-depth: 1
2025-01-14T12:40:09.6917440Z   fetch-tags: false
2025-01-14T12:40:09.6917970Z   show-progress: true
2025-01-14T12:40:09.6918490Z   lfs: false
2025-01-14T12:40:09.6918970Z   submodules: false
2025-01-14T12:40:09.6919490Z   set-safe-directory: true
2025-01-14T12:40:09.6920270Z env:
2025-01-14T12:40:09.6920730Z   CACHE_NUMBER: 0
2025-01-14T12:40:09.6922200Z   PYTEST_FLAGS: --tardis-regression-data=/Users/runner/work/tardis/tardis/tardis-regression-data --cov=tardis --cov-report=xml --cov-report=html --cov-append
2025-01-14T12:40:09.6923790Z   CODECOV_TOKEN: 
2025-01-14T12:40:09.6924280Z ##[endgroup]
2025-01-14T12:40:10.0787030Z Syncing repository: tardis-sn/tardis
2025-01-14T12:40:10.0788730Z ##[group]Getting Git version info
2025-01-14T12:40:10.0789540Z Working directory is '/Users/runner/work/tardis/tardis'
2025-01-14T12:40:10.0790890Z [command]/opt/homebrew/bin/git version
2025-01-14T12:40:10.1327680Z git version 2.47.1
2025-01-14T12:40:10.1351490Z ##[endgroup]
2025-01-14T12:40:10.1358860Z Copying '/Users/runner/.gitconfig' to '/Users/runner/work/_temp/bf2e5fad-5d7e-4f32-9030-dcdbe8e544fa/.gitconfig'
2025-01-14T12:40:10.1367240Z Temporarily overriding HOME='/Users/runner/work/_temp/bf2e5fad-5d7e-4f32-9030-dcdbe8e544fa' before making global git config changes
2025-01-14T12:40:10.1369580Z Adding repository directory to the temporary git global config as a safe directory
2025-01-14T12:40:10.1372330Z [command]/opt/homebrew/bin/git config --global --add safe.directory /Users/runner/work/tardis/tardis
2025-01-14T12:40:10.1458910Z Deleting the contents of '/Users/runner/work/tardis/tardis'
2025-01-14T12:40:10.1461030Z ##[group]Initializing the repository
2025-01-14T12:40:10.1464710Z [command]/opt/homebrew/bin/git init /Users/runner/work/tardis/tardis
2025-01-14T12:40:10.1916860Z hint: Using 'master' as the name for the initial branch. This default branch name
2025-01-14T12:40:10.1977440Z hint: is subject to change. To configure the initial branch name to use in all
2025-01-14T12:40:10.1982150Z hint: of your new repositories, which will suppress this warning, call:
2025-01-14T12:40:10.1993440Z hint:
2025-01-14T12:40:10.1994310Z hint: 	git config --global init.defaultBranch <name>
2025-01-14T12:40:10.1995610Z hint:
2025-01-14T12:40:10.1996650Z hint: Names commonly chosen instead of 'master' are 'main', 'trunk' and
2025-01-14T12:40:10.1997970Z hint: 'development'. The just-created branch can be renamed via this command:
2025-01-14T12:40:10.1999170Z hint:
2025-01-14T12:40:10.2004120Z hint: 	git branch -m <name>
2025-01-14T12:40:10.2005470Z Initialized empty Git repository in /Users/runner/work/tardis/tardis/.git/
2025-01-14T12:40:10.2008470Z [command]/opt/homebrew/bin/git remote add origin https://github.com/tardis-sn/tardis
2025-01-14T12:40:10.2011070Z ##[endgroup]
2025-01-14T12:40:10.2012720Z ##[group]Disabling automatic garbage collection
2025-01-14T12:40:10.2013840Z [command]/opt/homebrew/bin/git config --local gc.auto 0
2025-01-14T12:40:10.2045260Z ##[endgroup]
2025-01-14T12:40:10.2046160Z ##[group]Setting up auth
2025-01-14T12:40:10.2050170Z [command]/opt/homebrew/bin/git config --local --name-only --get-regexp core\.sshCommand
2025-01-14T12:40:10.2092290Z [command]/opt/homebrew/bin/git submodule foreach --recursive sh -c "git config --local --name-only --get-regexp 'core\.sshCommand' && git config --local --unset-all 'core.sshCommand' || :"
2025-01-14T12:40:10.2874840Z [command]/opt/homebrew/bin/git config --local --name-only --get-regexp http\.https\:\/\/github\.com\/\.extraheader
2025-01-14T12:40:10.2912030Z [command]/opt/homebrew/bin/git submodule foreach --recursive sh -c "git config --local --name-only --get-regexp 'http\.https\:\/\/github\.com\/\.extraheader' && git config --local --unset-all 'http.https://github.com/.extraheader' || :"
2025-01-14T12:40:10.3380550Z [command]/opt/homebrew/bin/git config --local http.https://github.com/.extraheader AUTHORIZATION: basic ***
2025-01-14T12:40:10.3457520Z ##[endgroup]
2025-01-14T12:40:10.3458570Z ##[group]Fetching the repository
2025-01-14T12:40:10.3463930Z [command]/opt/homebrew/bin/git -c protocol.version=2 fetch --no-tags --prune --no-recurse-submodules --depth=1 origin +3de938af8400f67cddbe606b393ae95741adb29e:refs/remotes/pull/2932/merge
2025-01-14T12:40:12.0607670Z From https://github.com/tardis-sn/tardis
2025-01-14T12:40:12.0608360Z  * [new ref]         3de938af8400f67cddbe606b393ae95741adb29e -> pull/2932/merge
2025-01-14T12:40:12.0656640Z ##[endgroup]
2025-01-14T12:40:12.0657040Z ##[group]Determining the checkout info
2025-01-14T12:40:12.0657450Z ##[endgroup]
2025-01-14T12:40:12.0660590Z [command]/opt/homebrew/bin/git sparse-checkout disable
2025-01-14T12:40:12.0710700Z [command]/opt/homebrew/bin/git config --local --unset-all extensions.worktreeConfig
2025-01-14T12:40:12.0752680Z ##[group]Checking out the ref
2025-01-14T12:40:12.0754970Z [command]/opt/homebrew/bin/git checkout --progress --force refs/remotes/pull/2932/merge
2025-01-14T12:40:12.3416730Z HEAD is now at 3de938a Merge 9461f98255b0b597b06e3bb3cd86f1cff5f6be08 into 2a06fdfb60190bbd9b49ff572d78772607138660
2025-01-14T12:40:12.3426370Z ##[endgroup]
2025-01-14T12:40:12.3485420Z [command]/opt/homebrew/bin/git log -1 --format=%H
2025-01-14T12:40:12.3523730Z 3de938af8400f67cddbe606b393ae95741adb29e
2025-01-14T12:40:12.3691230Z Prepare all required actions
2025-01-14T12:40:12.3691550Z Getting action download info
2025-01-14T12:40:12.5497710Z Download action repository 'actions/cache@v4' (SHA:1bd1e32a3bdc45362d1e726936510720a7c30a57)
2025-01-14T12:40:12.6662490Z ##[group]Run ./.github/actions/setup_lfs
2025-01-14T12:40:12.6662680Z with:
2025-01-14T12:40:12.6662860Z   regression-data-repo: tardis-sn/tardis-regression-data
2025-01-14T12:40:12.6663060Z env:
2025-01-14T12:40:12.6663170Z   CACHE_NUMBER: 0
2025-01-14T12:40:12.6663620Z   PYTEST_FLAGS: --tardis-regression-data=/Users/runner/work/tardis/tardis/tardis-regression-data --cov=tardis --cov-report=xml --cov-report=html --cov-append
2025-01-14T12:40:12.6664100Z   CODECOV_TOKEN: 
2025-01-14T12:40:12.6664230Z ##[endgroup]
2025-01-14T12:40:12.6743230Z ##[group]Run actions/checkout@v4
2025-01-14T12:40:12.6743390Z with:
2025-01-14T12:40:12.6743530Z   repository: tardis-sn/tardis-regression-data
2025-01-14T12:40:12.6743730Z   path: tardis-regression-data
2025-01-14T12:40:12.6743990Z   token: ***
2025-01-14T12:40:12.6744110Z   ssh-strict: true
2025-01-14T12:40:12.6744250Z   ssh-user: git
2025-01-14T12:40:12.6744380Z   persist-credentials: true
2025-01-14T12:40:12.6744550Z   clean: true
2025-01-14T12:40:12.6744680Z   sparse-checkout-cone-mode: true
2025-01-14T12:40:12.6744840Z   fetch-depth: 1
2025-01-14T12:40:12.6744960Z   fetch-tags: false
2025-01-14T12:40:12.6745080Z   show-progress: true
2025-01-14T12:40:12.6745210Z   lfs: false
2025-01-14T12:40:12.6745310Z   submodules: false
2025-01-14T12:40:12.6745440Z   set-safe-directory: true
2025-01-14T12:40:12.6745580Z env:
2025-01-14T12:40:12.6745680Z   CACHE_NUMBER: 0
2025-01-14T12:40:12.6746110Z   PYTEST_FLAGS: --tardis-regression-data=/Users/runner/work/tardis/tardis/tardis-regression-data --cov=tardis --cov-report=xml --cov-report=html --cov-append
2025-01-14T12:40:12.6746570Z   CODECOV_TOKEN: 
2025-01-14T12:40:12.6746680Z ##[endgroup]
2025-01-14T12:40:12.7518040Z Syncing repository: tardis-sn/tardis-regression-data
2025-01-14T12:40:12.7520800Z ##[group]Getting Git version info
2025-01-14T12:40:12.7521310Z Working directory is '/Users/runner/work/tardis/tardis/tardis-regression-data'
2025-01-14T12:40:12.7547310Z [command]/opt/homebrew/bin/git version
2025-01-14T12:40:12.7587460Z git version 2.47.1
2025-01-14T12:40:12.7600310Z ##[endgroup]
2025-01-14T12:40:12.7605550Z Copying '/Users/runner/.gitconfig' to '/Users/runner/work/_temp/f6a325fa-226c-47c3-bcd8-c3719a1b5d89/.gitconfig'
2025-01-14T12:40:12.7611690Z Temporarily overriding HOME='/Users/runner/work/_temp/f6a325fa-226c-47c3-bcd8-c3719a1b5d89' before making global git config changes
2025-01-14T12:40:12.7612410Z Adding repository directory to the temporary git global config as a safe directory
2025-01-14T12:40:12.7614030Z [command]/opt/homebrew/bin/git config --global --add safe.directory /Users/runner/work/tardis/tardis/tardis-regression-data
2025-01-14T12:40:12.7653770Z ##[group]Initializing the repository
2025-01-14T12:40:12.7656790Z [command]/opt/homebrew/bin/git init /Users/runner/work/tardis/tardis/tardis-regression-data
2025-01-14T12:40:12.7719120Z hint: Using 'master' as the name for the initial branch. This default branch name
2025-01-14T12:40:12.7723090Z hint: is subject to change. To configure the initial branch name to use in all
2025-01-14T12:40:12.7723870Z hint: of your new repositories, which will suppress this warning, call:
2025-01-14T12:40:12.7724220Z hint:
2025-01-14T12:40:12.7724490Z hint: 	git config --global init.defaultBranch <name>
2025-01-14T12:40:12.7724780Z hint:
2025-01-14T12:40:12.7725100Z hint: Names commonly chosen instead of 'master' are 'main', 'trunk' and
2025-01-14T12:40:12.7725550Z hint: 'development'. The just-created branch can be renamed via this command:
2025-01-14T12:40:12.7725900Z hint:
2025-01-14T12:40:12.7726110Z hint: 	git branch -m <name>
2025-01-14T12:40:12.7726580Z Initialized empty Git repository in /Users/runner/work/tardis/tardis/tardis-regression-data/.git/
2025-01-14T12:40:12.7729060Z [command]/opt/homebrew/bin/git remote add origin https://github.com/tardis-sn/tardis-regression-data
2025-01-14T12:40:12.7768750Z ##[endgroup]
2025-01-14T12:40:12.7769050Z ##[group]Disabling automatic garbage collection
2025-01-14T12:40:12.7771280Z [command]/opt/homebrew/bin/git config --local gc.auto 0
2025-01-14T12:40:12.7805360Z ##[endgroup]
2025-01-14T12:40:12.7805730Z ##[group]Setting up auth
2025-01-14T12:40:12.7809590Z [command]/opt/homebrew/bin/git config --local --name-only --get-regexp core\.sshCommand
2025-01-14T12:40:12.7843600Z [command]/opt/homebrew/bin/git submodule foreach --recursive sh -c "git config --local --name-only --get-regexp 'core\.sshCommand' && git config --local --unset-all 'core.sshCommand' || :"
2025-01-14T12:40:12.9382110Z [command]/opt/homebrew/bin/git config --local --name-only --get-regexp http\.https\:\/\/github\.com\/\.extraheader
2025-01-14T12:40:12.9686920Z [command]/opt/homebrew/bin/git submodule foreach --recursive sh -c "git config --local --name-only --get-regexp 'http\.https\:\/\/github\.com\/\.extraheader' && git config --local --unset-all 'http.https://github.com/.extraheader' || :"
2025-01-14T12:40:13.0353090Z [command]/opt/homebrew/bin/git config --local http.https://github.com/.extraheader AUTHORIZATION: basic ***
2025-01-14T12:40:13.0399000Z ##[endgroup]
2025-01-14T12:40:13.0399380Z ##[group]Determining the default branch
2025-01-14T12:40:13.0399830Z Retrieving the default branch name
2025-01-14T12:40:13.4258520Z Default branch 'main'
2025-01-14T12:40:13.4366780Z ##[endgroup]
2025-01-14T12:40:13.4436800Z ##[group]Fetching the repository
2025-01-14T12:40:13.4459010Z [command]/opt/homebrew/bin/git -c protocol.version=2 fetch --no-tags --prune --no-recurse-submodules --depth=1 origin +refs/heads/main:refs/remotes/origin/main
2025-01-14T12:40:14.6230060Z From https://github.com/tardis-sn/tardis-regression-data
2025-01-14T12:40:14.6331710Z  * [new branch]      main       -> origin/main
2025-01-14T12:40:14.6635690Z ##[endgroup]
2025-01-14T12:40:14.6736770Z ##[group]Determining the checkout info
2025-01-14T12:40:14.6838100Z ##[endgroup]
2025-01-14T12:40:14.6882240Z [command]/opt/homebrew/bin/git sparse-checkout disable
2025-01-14T12:40:14.6897850Z [command]/opt/homebrew/bin/git config --local --unset-all extensions.worktreeConfig
2025-01-14T12:40:14.6913550Z ##[group]Checking out the ref
2025-01-14T12:40:14.6922430Z [command]/opt/homebrew/bin/git checkout --progress --force -B main refs/remotes/origin/main
2025-01-14T12:40:14.9448040Z Switched to a new branch 'main'
2025-01-14T12:40:14.9450240Z branch 'main' set up to track 'origin/main'.
2025-01-14T12:40:14.9970030Z ##[endgroup]
2025-01-14T12:40:15.0019210Z [command]/opt/homebrew/bin/git log -1 --format=%H
2025-01-14T12:40:15.0058100Z fa7729bc9c30e14b69acd641af8b692b56fcd416
2025-01-14T12:40:15.0130920Z ##[group]Run git lfs ls-files -l | cut -d' ' -f1 | sort > .lfs-assets-id
2025-01-14T12:40:15.0131250Z [36;1mgit lfs ls-files -l | cut -d' ' -f1 | sort > .lfs-assets-id[0m
2025-01-14T12:40:15.0178560Z shell: /bin/bash --noprofile --norc -e -o pipefail {0}
2025-01-14T12:40:15.0178780Z env:
2025-01-14T12:40:15.0178910Z   CACHE_NUMBER: 0
2025-01-14T12:40:15.0179340Z   PYTEST_FLAGS: --tardis-regression-data=/Users/runner/work/tardis/tardis/tardis-regression-data --cov=tardis --cov-report=xml --cov-report=html --cov-append
2025-01-14T12:40:15.0179800Z   CODECOV_TOKEN: 
2025-01-14T12:40:15.0179920Z ##[endgroup]
2025-01-14T12:40:15.3465060Z ##[group]Run actions/cache/restore@v4
2025-01-14T12:40:15.3465280Z with:
2025-01-14T12:40:15.3465430Z   path: tardis-regression-data/.git/lfs
2025-01-14T12:40:15.3465760Z   key: macOS-lfs-21f9fa4b6817cc69b9fae3598144724da7828e276a73bd17f47a2a49d9af090a-v1
2025-01-14T12:40:15.3466080Z   enableCrossOsArchive: false
2025-01-14T12:40:15.3466260Z   fail-on-cache-miss: false
2025-01-14T12:40:15.3466420Z   lookup-only: false
2025-01-14T12:40:15.3466560Z env:
2025-01-14T12:40:15.3466690Z   CACHE_NUMBER: 0
2025-01-14T12:40:15.3467440Z   PYTEST_FLAGS: --tardis-regression-data=/Users/runner/work/tardis/tardis/tardis-regression-data --cov=tardis --cov-report=xml --cov-report=html --cov-append
2025-01-14T12:40:15.3467940Z   CODECOV_TOKEN: 
2025-01-14T12:40:15.3468080Z ##[endgroup]
2025-01-14T12:40:16.9660010Z Received 37748736 of 1706796060 (2.2%), 34.2 MBs/sec
2025-01-14T12:40:17.9311810Z Received 134217728 of 1706796060 (7.9%), 62.4 MBs/sec
2025-01-14T12:40:18.9312020Z Received 201326592 of 1706796060 (11.8%), 62.9 MBs/sec
2025-01-14T12:40:19.9310640Z Received 281018368 of 1706796060 (16.5%), 66.1 MBs/sec
2025-01-14T12:40:20.9319130Z Received 343932928 of 1706796060 (20.2%), 64.9 MBs/sec
2025-01-14T12:40:21.9345540Z Received 402653184 of 1706796060 (23.6%), 63.4 MBs/sec
2025-01-14T12:40:22.9323600Z Received 494927872 of 1706796060 (29.0%), 66.9 MBs/sec
2025-01-14T12:40:23.9329050Z Received 587202560 of 1706796060 (34.4%), 69.5 MBs/sec
2025-01-14T12:40:24.9326080Z Received 666894336 of 1706796060 (39.1%), 70.2 MBs/sec
2025-01-14T12:40:25.9360540Z Received 742391808 of 1706796060 (43.5%), 70.4 MBs/sec
2025-01-14T12:40:26.9339880Z Received 822083584 of 1706796060 (48.2%), 70.9 MBs/sec
2025-01-14T12:40:27.9343580Z Received 893386752 of 1706796060 (52.3%), 70.7 MBs/sec
2025-01-14T12:40:28.9352140Z Received 968884224 of 1706796060 (56.8%), 70.8 MBs/sec
2025-01-14T12:40:29.9393480Z Received 1052770304 of 1706796060 (61.7%), 71.4 MBs/sec
2025-01-14T12:40:30.9382350Z Received 1136656384 of 1706796060 (66.6%), 72.0 MBs/sec
2025-01-14T12:40:31.9383650Z Received 1216348160 of 1706796060 (71.3%), 72.2 MBs/sec
2025-01-14T12:40:32.9392470Z Received 1291845632 of 1706796060 (75.7%), 72.2 MBs/sec
2025-01-14T12:40:33.9395240Z Received 1375731712 of 1706796060 (80.6%), 72.6 MBs/sec
2025-01-14T12:40:34.9396100Z Received 1476395008 of 1706796060 (86.5%), 73.9 MBs/sec
2025-01-14T12:40:35.9413970Z Received 1543503872 of 1706796060 (90.4%), 73.4 MBs/sec
2025-01-14T12:40:36.9423460Z Received 1606418432 of 1706796060 (94.1%), 72.7 MBs/sec
2025-01-14T12:40:37.9452730Z Received 1665138688 of 1706796060 (97.6%), 72.0 MBs/sec
2025-01-14T12:40:38.9449180Z Received 1706796060 of 1706796060 (100.0%), 70.6 MBs/sec
2025-01-14T12:40:39.2258910Z Cache Size: ~1628 MB (1706796060 B)
2025-01-14T12:40:39.2462750Z [command]/opt/homebrew/bin/gtar -xf /Users/runner/work/_temp/6e69aff5-3614-475c-8cb1-bc39333ee2fe/cache.tzst -P -C /Users/runner/work/tardis/tardis --delay-directory-restore --use-compress-program unzstd
2025-01-14T12:40:46.7334920Z Cache restored successfully
2025-01-14T12:40:46.8406580Z Cache restored from key: macOS-lfs-21f9fa4b6817cc69b9fae3598144724da7828e276a73bd17f47a2a49d9af090a-v1
2025-01-14T12:40:46.8690440Z ##[group]Run git lfs checkout
2025-01-14T12:40:46.8690820Z [36;1mgit lfs checkout[0m
2025-01-14T12:40:46.9000450Z shell: /bin/bash --noprofile --norc -e -o pipefail {0}
2025-01-14T12:40:46.9000810Z env:
2025-01-14T12:40:46.9001120Z   CACHE_NUMBER: 0
2025-01-14T12:40:46.9001720Z   PYTEST_FLAGS: --tardis-regression-data=/Users/runner/work/tardis/tardis/tardis-regression-data --cov=tardis --cov-report=xml --cov-report=html --cov-append
2025-01-14T12:40:46.9002380Z   CODECOV_TOKEN: 
2025-01-14T12:40:46.9002710Z ##[endgroup]
2025-01-14T12:40:54.6042850Z Checking out LFS objects: 100% (204/204), 3.5 GB | 375 MB/s, done.
2025-01-14T12:41:01.6680280Z Prepare all required actions
2025-01-14T12:41:01.6681050Z Getting action download info
2025-01-14T12:41:01.7814870Z Download action repository 'mamba-org/setup-micromamba@v1' (SHA:4b9113af4fba0e9e1124b252dd6497a419e7396d)
2025-01-14T12:41:02.8602130Z ##[group]Run ./.github/actions/setup_env
2025-01-14T12:41:02.8602500Z with:
2025-01-14T12:41:02.8602710Z   os-label: osx-arm64
2025-01-14T12:41:02.8603010Z env:
2025-01-14T12:41:02.8603210Z   CACHE_NUMBER: 0
2025-01-14T12:41:02.8603860Z   PYTEST_FLAGS: --tardis-regression-data=/Users/runner/work/tardis/tardis/tardis-regression-data --cov=tardis --cov-report=xml --cov-report=html --cov-append
2025-01-14T12:41:02.8604430Z   CODECOV_TOKEN: 
2025-01-14T12:41:02.8604690Z ##[endgroup]
2025-01-14T12:41:02.8643100Z ##[group]Run file_hash=$(cat conda-osx-arm64.lock | shasum -a 256 | cut -d' ' -f1)
2025-01-14T12:41:02.8643520Z [36;1mfile_hash=$(cat conda-osx-arm64.lock | shasum -a 256 | cut -d' ' -f1)[0m
2025-01-14T12:41:02.8643890Z [36;1mecho "file_hash=$file_hash" >> "${GITHUB_OUTPUT}"[0m
2025-01-14T12:41:02.8697170Z shell: /bin/bash --noprofile --norc -e -o pipefail {0}
2025-01-14T12:41:02.8697390Z env:
2025-01-14T12:41:02.8697520Z   CACHE_NUMBER: 0
2025-01-14T12:41:02.8698010Z   PYTEST_FLAGS: --tardis-regression-data=/Users/runner/work/tardis/tardis/tardis-regression-data --cov=tardis --cov-report=xml --cov-report=html --cov-append
2025-01-14T12:41:02.8698540Z   CODECOV_TOKEN: 
2025-01-14T12:41:02.8698680Z ##[endgroup]
2025-01-14T12:41:02.9796190Z ##[group]Run mamba-org/setup-micromamba@v1
2025-01-14T12:41:02.9796430Z with:
2025-01-14T12:41:02.9796570Z   environment-file: conda-osx-arm64.lock
2025-01-14T12:41:02.9796890Z   cache-environment-key: bf0d0a4d4c847cca72476c6c68c493d56c484aada7e80de0e42c7607fcef5824
2025-01-14T12:41:02.9797320Z   cache-downloads-key: bf0d0a4d4c847cca72476c6c68c493d56c484aada7e80de0e42c7607fcef5824
2025-01-14T12:41:02.9797620Z   environment-name: tardis
2025-01-14T12:41:02.9797790Z   cache-environment: true
2025-01-14T12:41:02.9797970Z   cache-downloads: true
2025-01-14T12:41:02.9798130Z env:
2025-01-14T12:41:02.9798250Z   CACHE_NUMBER: 0
2025-01-14T12:41:02.9798680Z   PYTEST_FLAGS: --tardis-regression-data=/Users/runner/work/tardis/tardis/tardis-regression-data --cov=tardis --cov-report=xml --cov-report=html --cov-append
2025-01-14T12:41:02.9799160Z   CODECOV_TOKEN: 
2025-01-14T12:41:02.9799280Z ##[endgroup]
2025-01-14T12:41:03.2481080Z Will download micromamba to /Users/runner/micromamba-bin/micromamba
2025-01-14T12:41:03.2484850Z ##[group]Install micromamba
2025-01-14T12:41:04.0503270Z micromamba installed to /Users/runner/micromamba-bin/micromamba
2025-01-14T12:41:04.0504470Z ##[endgroup]
2025-01-14T12:41:04.0504760Z Adding conda-forge to condarc channels ...
2025-01-14T12:41:04.0641310Z ##[group]Initialize micromamba for bash.
2025-01-14T12:41:04.0650210Z [command]/Users/runner/micromamba-bin/micromamba shell init -s bash -r /Users/runner/micromamba --log-level warning --rc-file /Users/runner/work/_temp/setup-micromamba/.condarc
2025-01-14T12:41:04.0840390Z Modifying RC file "/Users/runner/.bash_profile"
2025-01-14T12:41:04.0841670Z Generating config for root prefix [1m"/Users/runner/micromamba"[0m
2025-01-14T12:41:04.0842850Z Setting mamba executable to: [1m"/Users/runner/micromamba-bin/micromamba"[0m
2025-01-14T12:41:04.0844040Z Adding (or replacing) the following in your "/Users/runner/.bash_profile" file
2025-01-14T12:41:04.0844350Z 
2025-01-14T12:41:04.0844470Z # >>> mamba initialize >>>
2025-01-14T12:41:04.0844750Z # !! Contents within this block are managed by 'mamba init' !!
2025-01-14T12:41:04.0845110Z export MAMBA_EXE='/Users/runner/micromamba-bin/micromamba';
2025-01-14T12:41:04.0845470Z export MAMBA_ROOT_PREFIX='/Users/runner/micromamba';
2025-01-14T12:41:04.0845900Z __mamba_setup="$("$MAMBA_EXE" shell hook --shell bash --root-prefix "$MAMBA_ROOT_PREFIX" 2> /dev/null)"
2025-01-14T12:41:04.0846380Z if [ $? -eq 0 ]; then
2025-01-14T12:41:04.0846650Z     eval "$__mamba_setup"
2025-01-14T12:41:04.0847330Z else
2025-01-14T12:41:04.0847560Z     alias micromamba="$MAMBA_EXE"  # Fallback on help from mamba activate
2025-01-14T12:41:04.0847830Z fi
2025-01-14T12:41:04.0847950Z unset __mamba_setup
2025-01-14T12:41:04.0848360Z # <<< mamba initialize <<<
2025-01-14T12:41:04.0848660Z 
2025-01-14T12:41:04.0850470Z ##[endgroup]
2025-01-14T12:41:04.0851800Z ##[group]Restoring downloads from `/Users/runner/micromamba/pkgs` ...
2025-01-14T12:41:05.4259080Z Received 46137344 of 310595873 (14.9%), 44.0 MBs/sec
2025-01-14T12:41:06.4373540Z Received 117440512 of 310595873 (37.8%), 55.8 MBs/sec
2025-01-14T12:41:07.4321740Z Received 192937984 of 310595873 (62.1%), 61.2 MBs/sec
2025-01-14T12:41:08.4326480Z Received 268435456 of 310595873 (86.4%), 63.9 MBs/sec
2025-01-14T12:41:09.1618550Z Cache Size: ~296 MB (310595873 B)
2025-01-14T12:41:09.1646220Z [command]/opt/homebrew/bin/gtar -xf /Users/runner/work/_temp/7f1c58f5-5a50-435b-b718-e34e6582cdb5/cache.tzst -P -C /Users/runner/work/tardis/tardis --delay-directory-restore --use-compress-program unzstd
2025-01-14T12:41:09.4335920Z Received 310595873 of 310595873 (100.0%), 59.1 MBs/sec
2025-01-14T12:41:09.7206350Z Cache restored successfully
2025-01-14T12:41:09.7230570Z Restored cache with key `bf0d0a4d4c847cca72476c6c68c493d56c484aada7e80de0e42c7607fcef5824-osx-arm64`
2025-01-14T12:41:09.7231200Z ##[endgroup]
2025-01-14T12:41:09.7252960Z ##[group]Restoring environment `tardis` from `/Users/runner/micromamba/envs/tardis` ...
2025-01-14T12:41:11.0540860Z Received 41943040 of 385775710 (10.9%), 40.0 MBs/sec
2025-01-14T12:41:12.0542850Z Received 109051904 of 385775710 (28.3%), 52.0 MBs/sec
2025-01-14T12:41:13.0543230Z Received 205520896 of 385775710 (53.3%), 65.4 MBs/sec
2025-01-14T12:41:14.0541810Z Received 281018368 of 385775710 (72.8%), 67.0 MBs/sec
2025-01-14T12:41:15.0561990Z Received 364904448 of 385775710 (94.6%), 69.6 MBs/sec
2025-01-14T12:41:15.7409170Z Cache Size: ~368 MB (385775710 B)
2025-01-14T12:41:15.7437180Z [command]/opt/homebrew/bin/gtar -xf /Users/runner/work/_temp/b6cbde3c-c319-49c0-ad3c-a0aec1d7e19b/cache.tzst -P -C /Users/runner/work/tardis/tardis --delay-directory-restore --use-compress-program unzstd
2025-01-14T12:41:16.0596160Z Received 385775710 of 385775710 (100.0%), 61.3 MBs/sec
2025-01-14T12:41:26.5935680Z Cache restored successfully
2025-01-14T12:41:26.5976750Z Restored cache with key `bf0d0a4d4c847cca72476c6c68c493d56c484aada7e80de0e42c7607fcef5824-osx-arm64-tardis-args-4f53cda-root-873f6fe-bin-[object Promise]-file-bf0d0a4d4c847cca72476c6c68c493d56c484aada7e80de0e42c7607fcef5824`
2025-01-14T12:41:26.5978240Z ##[endgroup]
2025-01-14T12:41:26.5978570Z Adding environment tardis to auto-activate bash ...
2025-01-14T12:41:26.5990960Z Generating micromamba run shell.
2025-01-14T12:41:26.5998110Z ##[endgroup]
2025-01-14T12:41:26.6003660Z Set environment variables.
2025-01-14T12:41:26.6006400Z ##[group]micromamba info
2025-01-14T12:41:26.6009660Z [command]/Users/runner/micromamba-bin/micromamba info -r /Users/runner/micromamba -n tardis
2025-01-14T12:41:27.0322750Z 
2025-01-14T12:41:27.0324270Z        libmamba version : 1.5.10
2025-01-14T12:41:27.0324640Z      micromamba version : 1.5.10
2025-01-14T12:41:27.0325150Z            curl version : libcurl/8.10.1 (OpenSSL/3.3.2) SecureTransport zlib/1.3.1 zstd/1.5.6 libssh2/1.11.0 nghttp2/1.58.0
2025-01-14T12:41:27.0325700Z      libarchive version : libarchive 3.7.4 zlib/1.2.13 bz2lib/1.0.8 libzstd/1.5.6
2025-01-14T12:41:27.0326160Z        envs directories : /Users/runner/micromamba/envs
2025-01-14T12:41:27.0326500Z           package cache : /Users/runner/micromamba/pkgs
2025-01-14T12:41:27.0326840Z                           /Users/runner/.mamba/pkgs
2025-01-14T12:41:27.0327110Z             environment : tardis
2025-01-14T12:41:27.0327400Z            env location : /Users/runner/micromamba/envs/tardis
2025-01-14T12:41:27.0327730Z       user config files : /Users/runner/.mambarc
2025-01-14T12:41:27.0328150Z  populated config files : /Users/runner/work/_temp/setup-micromamba/.condarc
2025-01-14T12:41:27.0332010Z        virtual packages : __unix=0=0
2025-01-14T12:41:27.0332280Z                           __osx=14.7.2=0
2025-01-14T12:41:27.0332640Z                           __archspec=1=arm64
2025-01-14T12:41:27.0333060Z                channels : https://conda.anaconda.org/conda-forge/osx-arm64
2025-01-14T12:41:27.0333440Z                           https://conda.anaconda.org/conda-forge/noarch
2025-01-14T12:41:27.0333770Z        base environment : /Users/runner/micromamba
2025-01-14T12:41:27.0334060Z                platform : osx-arm64
2025-01-14T12:41:27.0334650Z ##[endgroup]
2025-01-14T12:41:27.0335060Z ##[group]micromamba list
2025-01-14T12:41:27.0335660Z [command]/Users/runner/micromamba-bin/micromamba list -r /Users/runner/micromamba -n tardis
2025-01-14T12:41:27.4000230Z List of packages in environment: "/Users/runner/micromamba/envs/tardis"
2025-01-14T12:41:27.4000560Z 
2025-01-14T12:41:27.4000760Z   Name                           Version              Build                    Channel    
2025-01-14T12:41:27.4002430Z ────────────────────────────────────────────────────────────────────────────────────────────
2025-01-14T12:41:27.4010670Z   alabaster                      0.7.16               pyhd8ed1ab_0             conda-forge
2025-01-14T12:41:27.4011060Z   anyio                          4.4.0                pyhd8ed1ab_0             conda-forge
2025-01-14T12:41:27.4011440Z   appnope                        0.1.4                pyhd8ed1ab_0             conda-forge
2025-01-14T12:41:27.4011850Z   argon2-cffi                    23.1.0               pyhd8ed1ab_0             conda-forge
2025-01-14T12:41:27.4012340Z   argon2-cffi-bindings           21.2.0               py312h02f2b3b_4          conda-forge
2025-01-14T12:41:27.4012730Z   arrow                          1.3.0                pyhd8ed1ab_0             conda-forge
2025-01-14T12:41:27.4013230Z   astropy                        6.1.1                py312hbebd99a_0          conda-forge
2025-01-14T12:41:27.4014350Z   astropy-iers-data              0.2024.6.17.0.31.35  pyhd8ed1ab_0             conda-forge
2025-01-14T12:41:27.4014830Z   astropy-sphinx-theme           1.1                  pyhd8ed1ab_0             conda-forge
2025-01-14T12:41:27.4015270Z   asttokens                      2.4.1                pyhd8ed1ab_0             conda-forge
2025-01-14T12:41:27.4015620Z   async-lru                      2.0.4                pyhd8ed1ab_0             conda-forge
2025-01-14T12:41:27.4016020Z   atk-1.0                        2.38.0               hd03087b_2               conda-forge
2025-01-14T12:41:27.4016380Z   attrs                          23.2.0               pyh71513ae_0             conda-forge
2025-01-14T12:41:27.4016810Z   babel                          2.14.0               pyhd8ed1ab_0             conda-forge
2025-01-14T12:41:27.4017190Z   beautifulsoup4                 4.12.3               pyha770c72_0             conda-forge
2025-01-14T12:41:27.4017590Z   bleach                         6.1.0                pyhd8ed1ab_0             conda-forge
2025-01-14T12:41:27.4017950Z   blosc                          1.21.5               h9c252e8_1               conda-forge
2025-01-14T12:41:27.4018470Z   brotli                         1.1.0                hb547adb_1               conda-forge
2025-01-14T12:41:27.4018830Z   brotli-bin                     1.1.0                hb547adb_1               conda-forge
2025-01-14T12:41:27.4019290Z   brotli-python                  1.1.0                py312h9f69965_1          conda-forge
2025-01-14T12:41:27.4019940Z   bzip2                          1.0.8                h93a5062_5               conda-forge
2025-01-14T12:41:27.4020370Z   c-ares                         1.28.1               h93a5062_0               conda-forge
2025-01-14T12:41:27.4020710Z   c-blosc2                       2.14.4               ha57e6be_1               conda-forge
2025-01-14T12:41:27.4021170Z   ca-certificates                2024.6.2             hf0a4a13_0               conda-forge
2025-01-14T12:41:27.4022190Z   cached-property                1.5.2                hd8ed1ab_1               conda-forge
2025-01-14T12:41:27.4022750Z   cached_property                1.5.2                pyha770c72_1             conda-forge
2025-01-14T12:41:27.4023190Z   cairo                          1.18.0               hd1e100b_0               conda-forge
2025-01-14T12:41:27.4023660Z   certifi                        2024.6.2             pyhd8ed1ab_0             conda-forge
2025-01-14T12:41:27.4024080Z   cffi                           1.16.0               py312h8e38eb3_0          conda-forge
2025-01-14T12:41:27.4024570Z   charset-normalizer             3.3.2                pyhd8ed1ab_0             conda-forge
2025-01-14T12:41:27.4025030Z   click                          8.1.7                unix_pyh707e725_0        conda-forge
2025-01-14T12:41:27.4025450Z   codespell                      2.3.0                pyhd8ed1ab_0             conda-forge
2025-01-14T12:41:27.4025890Z   colorama                       0.4.6                pyhd8ed1ab_0             conda-forge
2025-01-14T12:41:27.4026320Z   comm                           0.2.2                pyhd8ed1ab_0             conda-forge
2025-01-14T12:41:27.4027270Z   commonmark                     0.9.1                py_0                     conda-forge
2025-01-14T12:41:27.4027660Z   contourpy                      1.2.1                py312h0fef576_0          conda-forge
2025-01-14T12:41:27.4028080Z   coverage                       7.5.3                py312h7e5086c_0          conda-forge
2025-01-14T12:41:27.4028490Z   cycler                         0.12.1               pyhd8ed1ab_0             conda-forge
2025-01-14T12:41:27.4028960Z   dataclasses                    0.8                  pyhc8e2a94_3             conda-forge
2025-01-14T12:41:27.4029430Z   debugpy                        1.8.1                py312h20a0b95_0          conda-forge
2025-01-14T12:41:27.4029780Z   decorator                      5.1.1                pyhd8ed1ab_0             conda-forge
2025-01-14T12:41:27.4030240Z   defusedxml                     0.7.1                pyhd8ed1ab_0             conda-forge
2025-01-14T12:41:27.4030620Z   docutils                       0.20.1               py312h81bd7bf_3          conda-forge
2025-01-14T12:41:27.4031010Z   dot2tex                        2.11.3               pyhd8ed1ab_0             conda-forge
2025-01-14T12:41:27.4031390Z   entrypoints                    0.4                  pyhd8ed1ab_0             conda-forge
2025-01-14T12:41:27.4031810Z   exceptiongroup                 1.2.0                pyhd8ed1ab_2             conda-forge
2025-01-14T12:41:27.4032230Z   executing                      2.0.1                pyhd8ed1ab_0             conda-forge
2025-01-14T12:41:27.4032750Z   expat                          2.6.2                hebf3989_0               conda-forge
2025-01-14T12:41:27.4033380Z   font-ttf-dejavu-sans-mono      2.37                 hab24e00_0               conda-forge
2025-01-14T12:41:27.4033870Z   font-ttf-inconsolata           3.000                h77eed37_0               conda-forge
2025-01-14T12:41:27.4034350Z   font-ttf-source-code-pro       2.038                h77eed37_0               conda-forge
2025-01-14T12:41:27.4034760Z   font-ttf-ubuntu                0.83                 h77eed37_2               conda-forge
2025-01-14T12:41:27.4035180Z   fontconfig                     2.14.2               h82840c6_0               conda-forge
2025-01-14T12:41:27.4035560Z   fonts-conda-ecosystem          1                    0                        conda-forge
2025-01-14T12:41:27.4036000Z   fonts-conda-forge              1                    0                        conda-forge
2025-01-14T12:41:27.4036380Z   fonttools                      4.53.0               py312h7e5086c_0          conda-forge
2025-01-14T12:41:27.4036870Z   fqdn                           1.5.1                pyhd8ed1ab_0             conda-forge
2025-01-14T12:41:27.4037260Z   freetype                       2.12.1               hadb7bae_2               conda-forge
2025-01-14T12:41:27.4037690Z   fribidi                        1.0.10               h27ca646_0               conda-forge
2025-01-14T12:41:27.4038290Z   future                         1.0.0                pyhd8ed1ab_0             conda-forge
2025-01-14T12:41:27.4038730Z   gdk-pixbuf                     2.42.12              h7ddc832_0               conda-forge
2025-01-14T12:41:27.4039620Z   gettext                        0.22.5               h8fbad5d_2               conda-forge
2025-01-14T12:41:27.4040100Z   gettext-tools                  0.22.5               h8fbad5d_2               conda-forge
2025-01-14T12:41:27.4040600Z   giflib                         5.2.2                h93a5062_0               conda-forge
2025-01-14T12:41:27.4040950Z   git-lfs                        3.5.1                hce30654_0               conda-forge
2025-01-14T12:41:27.4041310Z   gmp                            6.3.0                hebf3989_1               conda-forge
2025-01-14T12:41:27.4041630Z   gmpy2                          2.1.5                py312hfa9fade_1          conda-forge
2025-01-14T12:41:27.4041990Z   graphite2                      1.3.13               hebf3989_1003            conda-forge
2025-01-14T12:41:27.4042730Z   graphviz                       11.0.0               h9bb9bc9_0               conda-forge
2025-01-14T12:41:27.4043100Z   gtk2                           2.24.33              h7895bb2_4               conda-forge
2025-01-14T12:41:27.4043430Z   gts                            0.7.6                he42f4ea_4               conda-forge
2025-01-14T12:41:27.4043740Z   h11                            0.14.0               pyhd8ed1ab_0             conda-forge
2025-01-14T12:41:27.4044070Z   h2                             4.1.0                pyhd8ed1ab_0             conda-forge
2025-01-14T12:41:27.4044380Z   h5py                           3.11.0               nompi_py312h903599c_102  conda-forge
2025-01-14T12:41:27.4044760Z   harfbuzz                       8.5.0                h1836168_0               conda-forge
2025-01-14T12:41:27.4045090Z   hdf5                           1.14.3               nompi_hec07895_105       conda-forge
2025-01-14T12:41:27.4045450Z   hpack                          4.0.0                pyh9f0ad1d_0             conda-forge
2025-01-14T12:41:27.4045870Z   httpcore                       1.0.5                pyhd8ed1ab_0             conda-forge
2025-01-14T12:41:27.4046270Z   httpx                          0.27.0               pyhd8ed1ab_0             conda-forge
2025-01-14T12:41:27.4046630Z   hyperframe                     6.0.1                pyhd8ed1ab_0             conda-forge
2025-01-14T12:41:27.4047040Z   icu                            73.2                 hc8870d7_0               conda-forge
2025-01-14T12:41:27.4047350Z   idna                           3.7                  pyhd8ed1ab_0             conda-forge
2025-01-14T12:41:27.4047710Z   imagesize                      1.4.1                pyhd8ed1ab_0             conda-forge
2025-01-14T12:41:27.4048100Z   importlib-metadata             7.1.0                pyha770c72_0             conda-forge
2025-01-14T12:41:27.4048500Z   importlib_metadata             7.1.0                hd8ed1ab_0               conda-forge
2025-01-14T12:41:27.4048910Z   importlib_resources            6.4.0                pyhd8ed1ab_0             conda-forge
2025-01-14T12:41:27.4049290Z   iniconfig                      2.0.0                pyhd8ed1ab_0             conda-forge
2025-01-14T12:41:27.4049630Z   ipykernel                      6.29.4               pyh57ce528_0             conda-forge
2025-01-14T12:41:27.4049990Z   ipython                        8.25.0               pyh707e725_0             conda-forge
2025-01-14T12:41:27.4050330Z   ipython_genutils               0.2.0                pyhd8ed1ab_1             conda-forge
2025-01-14T12:41:27.4050720Z   ipywidgets                     7.8.0                pyhd8ed1ab_0             conda-forge
2025-01-14T12:41:27.4051070Z   isoduration                    20.11.0              pyhd8ed1ab_0             conda-forge
2025-01-14T12:41:27.4051460Z   jedi                           0.19.1               pyhd8ed1ab_0             conda-forge
2025-01-14T12:41:27.4052160Z   jinja2                         3.1.4                pyhd8ed1ab_0             conda-forge
2025-01-14T12:41:27.4052520Z   json5                          0.9.25               pyhd8ed1ab_0             conda-forge
2025-01-14T12:41:27.4052850Z   jsonpointer                    3.0.0                py312h81bd7bf_0          conda-forge
2025-01-14T12:41:27.4053240Z   jsonschema                     4.22.0               pyhd8ed1ab_0             conda-forge
2025-01-14T12:41:27.4053650Z   jsonschema-specifications      2023.12.1            pyhd8ed1ab_0             conda-forge
2025-01-14T12:41:27.4054090Z   jsonschema-with-format-nongpl  4.22.0               pyhd8ed1ab_0             conda-forge
2025-01-14T12:41:27.4054580Z   jupyter-lsp                    2.2.5                pyhd8ed1ab_0             conda-forge
2025-01-14T12:41:27.4054940Z   jupyter_client                 8.6.2                pyhd8ed1ab_0             conda-forge
2025-01-14T12:41:27.4055300Z   jupyter_core                   5.7.2                py312h81bd7bf_0          conda-forge
2025-01-14T12:41:27.4055850Z   jupyter_events                 0.10.0               pyhd8ed1ab_0             conda-forge
2025-01-14T12:41:27.4056240Z   jupyter_server                 2.14.1               pyhd8ed1ab_0             conda-forge
2025-01-14T12:41:27.4056600Z   jupyter_server_terminals       0.5.3                pyhd8ed1ab_0             conda-forge
2025-01-14T12:41:27.4057040Z   jupyterlab                     4.2.2                pyhd8ed1ab_0             conda-forge
2025-01-14T12:41:27.4057440Z   jupyterlab_pygments            0.3.0                pyhd8ed1ab_1             conda-forge
2025-01-14T12:41:27.4057850Z   jupyterlab_server              2.27.2               pyhd8ed1ab_0             conda-forge
2025-01-14T12:41:27.4058300Z   jupyterlab_widgets             1.1.7                pyhd8ed1ab_0             conda-forge
2025-01-14T12:41:27.4058760Z   kiwisolver                     1.4.5                py312h389731b_1          conda-forge
2025-01-14T12:41:27.4059140Z   krb5                           1.21.2               h92f50d5_0               conda-forge
2025-01-14T12:41:27.4059490Z   latexcodec                     2.0.1                pyh9f0ad1d_0             conda-forge
2025-01-14T12:41:27.4059910Z   lcms2                          2.16                 ha0e7c42_0               conda-forge
2025-01-14T12:41:27.4060280Z   lerc                           4.0.0                h9a09cb3_0               conda-forge
2025-01-14T12:41:27.4060650Z   libaec                         1.1.3                hebf3989_0               conda-forge
2025-01-14T12:41:27.4060990Z   libasprintf                    0.22.5               h8fbad5d_2               conda-forge
2025-01-14T12:41:27.4061390Z   libasprintf-devel              0.22.5               h8fbad5d_2               conda-forge
2025-01-14T12:41:27.4061790Z   libblas                        3.9.0                22_osxarm64_openblas     conda-forge
2025-01-14T12:41:27.4062200Z   libbrotlicommon                1.1.0                hb547adb_1               conda-forge
2025-01-14T12:41:27.4062580Z   libbrotlidec                   1.1.0                hb547adb_1               conda-forge
2025-01-14T12:41:27.4063010Z   libbrotlienc                   1.1.0                hb547adb_1               conda-forge
2025-01-14T12:41:27.4063380Z   libcblas                       3.9.0                22_osxarm64_openblas     conda-forge
2025-01-14T12:41:27.4063770Z   libcurl                        8.8.0                h7b6f9a7_0               conda-forge
2025-01-14T12:41:27.4064140Z   libcxx                         17.0.6               h5f092b4_0               conda-forge
2025-01-14T12:41:27.4084960Z   libdeflate                     1.20                 h93a5062_0               conda-forge
2025-01-14T12:41:27.4085400Z   libedit                        3.1.20191231         hc8eb9b7_2               conda-forge
2025-01-14T12:41:27.4085840Z   libev                          4.33                 h93a5062_2               conda-forge
2025-01-14T12:41:27.4086600Z   libexpat                       2.6.2                hebf3989_0               conda-forge
2025-01-14T12:41:27.4086990Z   libffi                         3.4.2                h3422bc3_5               conda-forge
2025-01-14T12:41:27.4087360Z   libgd                          2.3.3                hfdf3952_9               conda-forge
2025-01-14T12:41:27.4087700Z   libgettextpo                   0.22.5               h8fbad5d_2               conda-forge
2025-01-14T12:41:27.4088070Z   libgettextpo-devel             0.22.5               h8fbad5d_2               conda-forge
2025-01-14T12:41:27.4088430Z   libgfortran                    5.0.0                13_2_0_hd922786_3        conda-forge
2025-01-14T12:41:27.4088760Z   libgfortran5                   13.2.0               hf226fd6_3               conda-forge
2025-01-14T12:41:27.4089100Z   libglib                        2.80.2               h59d46d9_1               conda-forge
2025-01-14T12:41:27.4089490Z   libiconv                       1.17                 h0d3ecfb_2               conda-forge
2025-01-14T12:41:27.4089990Z   libintl                        0.22.5               h8fbad5d_2               conda-forge
2025-01-14T12:41:27.4090350Z   libintl-devel                  0.22.5               h8fbad5d_2               conda-forge
2025-01-14T12:41:27.4090730Z   libjpeg-turbo                  3.0.0                hb547adb_1               conda-forge
2025-01-14T12:41:27.4091070Z   liblapack                      3.9.0                22_osxarm64_openblas     conda-forge
2025-01-14T12:41:27.4091440Z   libllvm14                      14.0.6               hd1a9a77_4               conda-forge
2025-01-14T12:41:27.4091740Z   libnghttp2                     1.58.0               ha4dd798_1               conda-forge
2025-01-14T12:41:27.4092080Z   libopenblas                    0.3.27               openmp_h6c19121_0        conda-forge
2025-01-14T12:41:27.4092410Z   libpng                         1.6.43               h091b4b1_0               conda-forge
2025-01-14T12:41:27.4092760Z   librsvg                        2.58.1               hbc281fb_0               conda-forge
2025-01-14T12:41:27.4093050Z   libsodium                      1.0.18               h27ca646_1               conda-forge
2025-01-14T12:41:27.4093340Z   libsqlite                      3.46.0               hfb93653_0               conda-forge
2025-01-14T12:41:27.4093640Z   libssh2                        1.11.0               h7a5bd25_0               conda-forge
2025-01-14T12:41:27.4093960Z   libtiff                        4.6.0                h07db509_3               conda-forge
2025-01-14T12:41:27.4094290Z   libwebp                        1.4.0                h54798ee_0               conda-forge
2025-01-14T12:41:27.4094630Z   libwebp-base                   1.4.0                h93a5062_0               conda-forge
2025-01-14T12:41:27.4094940Z   libxcb                         1.16                 hf2054a2_0               conda-forge
2025-01-14T12:41:27.4095230Z   libxml2                        2.12.7               ha661575_1               conda-forge
2025-01-14T12:41:27.4095530Z   libxslt                        1.1.39               h223e5b9_0               conda-forge
2025-01-14T12:41:27.4095830Z   libzlib                        1.3.1                hfb2fe0b_1               conda-forge
2025-01-14T12:41:27.4096110Z   llvm-openmp                    18.1.7               hde57baf_0               conda-forge
2025-01-14T12:41:27.4096380Z   llvmlite                       0.42.0               py312h17030e7_1          conda-forge
2025-01-14T12:41:27.4096650Z   lxml                           5.2.2                py312h0e5ab22_0          conda-forge
2025-01-14T12:41:27.4096890Z   lz4-c                          1.9.4                hb7217d7_0               conda-forge
2025-01-14T12:41:27.4097150Z   markupsafe                     2.1.5                py312he37b823_0          conda-forge
2025-01-14T12:41:27.4097430Z   matplotlib-base                3.8.4                py312h4479663_2          conda-forge
2025-01-14T12:41:27.4097870Z   matplotlib-inline              0.1.7                pyhd8ed1ab_0             conda-forge
2025-01-14T12:41:27.4098170Z   mistune                        3.0.2                pyhd8ed1ab_0             conda-forge
2025-01-14T12:41:27.4098420Z   mpc                            1.3.1                h91ba8db_0               conda-forge
2025-01-14T12:41:27.4098660Z   mpfr                           4.2.1                h41d338b_1               conda-forge
2025-01-14T12:41:27.4098910Z   mpmath                         1.3.0                pyhd8ed1ab_0             conda-forge
2025-01-14T12:41:27.4099170Z   munkres                        1.1.4                pyh9f0ad1d_0             conda-forge
2025-01-14T12:41:27.4099520Z   mypy_extensions                1.0.0                pyha770c72_0             conda-forge
2025-01-14T12:41:27.4099840Z   nbclassic                      1.1.0                pyhd8ed1ab_0             conda-forge
2025-01-14T12:41:27.4100130Z   nbclient                       0.10.0               pyhd8ed1ab_0             conda-forge
2025-01-14T12:41:27.4100410Z   nbconvert                      7.16.4               hd8ed1ab_1               conda-forge
2025-01-14T12:41:27.4100850Z   nbconvert-core                 7.16.4               pyhd8ed1ab_1             conda-forge
2025-01-14T12:41:27.4101160Z   nbconvert-pandoc               7.16.4               hd8ed1ab_1               conda-forge
2025-01-14T12:41:27.4101490Z   nbformat                       5.10.4               pyhd8ed1ab_0             conda-forge
2025-01-14T12:41:27.4101910Z   nbsphinx                       0.9.4                pyhd8ed1ab_0             conda-forge
2025-01-14T12:41:27.4102310Z   ncurses                        6.5                  hb89a1cb_0               conda-forge
2025-01-14T12:41:27.4102650Z   nest-asyncio                   1.6.0                pyhd8ed1ab_0             conda-forge
2025-01-14T12:41:27.4103000Z   networkx                       3.3                  pyhd8ed1ab_1             conda-forge
2025-01-14T12:41:27.4103310Z   notebook                       7.2.1                pyhd8ed1ab_0             conda-forge
2025-01-14T12:41:27.4103680Z   notebook-shim                  0.2.4                pyhd8ed1ab_0             conda-forge
2025-01-14T12:41:27.4103960Z   numba                          0.59.1               py312hbaff935_0          conda-forge
2025-01-14T12:41:27.4104290Z   numexpr                        2.10.0               py312h8ae5369_0          conda-forge
2025-01-14T12:41:27.4104590Z   numpy                          1.26.4               py312h8442bc7_0          conda-forge
2025-01-14T12:41:27.4104930Z   numpydoc                       1.7.0                pyhd8ed1ab_1             conda-forge
2025-01-14T12:41:27.4105210Z   openjpeg                       2.5.2                h9f1df11_0               conda-forge
2025-01-14T12:41:27.4105470Z   openssl                        3.3.1                hfb2fe0b_0               conda-forge
2025-01-14T12:41:27.4105730Z   overrides                      7.7.0                pyhd8ed1ab_0             conda-forge
2025-01-14T12:41:27.4106010Z   packaging                      24.1                 pyhd8ed1ab_0             conda-forge
2025-01-14T12:41:27.4106280Z   pandas                         2.2.2                py312h8ae5369_1          conda-forge
2025-01-14T12:41:27.4106540Z   pandoc                         3.2                  hce30654_0               conda-forge
2025-01-14T12:41:27.4106850Z   pandocfilters                  1.5.0                pyhd8ed1ab_0             conda-forge
2025-01-14T12:41:27.4107120Z   pango                          1.54.0               h5cb9fbc_0               conda-forge
2025-01-14T12:41:27.4107380Z   parso                          0.8.4                pyhd8ed1ab_0             conda-forge
2025-01-14T12:41:27.4107630Z   pathspec                       0.12.1               pyhd8ed1ab_0             conda-forge
2025-01-14T12:41:27.4107890Z   pbr                            6.0.0                pyhd8ed1ab_0             conda-forge
2025-01-14T12:41:27.4108270Z   pcre2                          10.44                h297a79d_0               conda-forge
2025-01-14T12:41:27.4108540Z   pexpect                        4.9.0                pyhd8ed1ab_0             conda-forge
2025-01-14T12:41:27.4108820Z   pickleshare                    0.7.5                py_1003                  conda-forge
2025-01-14T12:41:27.4109090Z   pillow                         10.3.0               py312h39b1d8d_1          conda-forge
2025-01-14T12:41:27.4109340Z   pip                            24.0                 pyhd8ed1ab_0             conda-forge
2025-01-14T12:41:27.4109590Z   pixman                         0.43.4               hebf3989_0               conda-forge
2025-01-14T12:41:27.4109880Z   pkgutil-resolve-name           1.3.10               pyhd8ed1ab_1             conda-forge
2025-01-14T12:41:27.4110190Z   platformdirs                   4.2.2                pyhd8ed1ab_0             conda-forge
2025-01-14T12:41:27.4110470Z   plotly                         5.22.0               pyhd8ed1ab_0             conda-forge
2025-01-14T12:41:27.4110730Z   pluggy                         1.5.0                pyhd8ed1ab_0             conda-forge
2025-01-14T12:41:27.4111330Z   prometheus_client              0.20.0               pyhd8ed1ab_0             conda-forge
2025-01-14T12:41:27.4111640Z   prompt-toolkit                 3.0.47               pyha770c72_0             conda-forge
2025-01-14T12:41:27.4111930Z   psutil                         5.9.8                py312he37b823_0          conda-forge
2025-01-14T12:41:27.4112210Z   pthread-stubs                  0.4                  h27ca646_1001            conda-forge
2025-01-14T12:41:27.4112500Z   ptyprocess                     0.7.0                pyhd3deb0d_0             conda-forge
2025-01-14T12:41:27.4112780Z   pure_eval                      0.2.2                pyhd8ed1ab_0             conda-forge
2025-01-14T12:41:27.4113050Z   py-cpuinfo                     9.0.0                pyhd8ed1ab_0             conda-forge
2025-01-14T12:41:27.4113330Z   pybtex                         0.24.0               pyhd8ed1ab_2             conda-forge
2025-01-14T12:41:27.4113630Z   pybtex-docutils                1.0.3                py312h81bd7bf_1          conda-forge
2025-01-14T12:41:27.4113930Z   pycparser                      2.22                 pyhd8ed1ab_0             conda-forge
2025-01-14T12:41:27.4114200Z   pyerfa                         2.0.1.4              py312hbebd99a_1          conda-forge
2025-01-14T12:41:27.4114480Z   pygments                       2.18.0               pyhd8ed1ab_0             conda-forge
2025-01-14T12:41:27.4114760Z   pygraphviz                     1.13                 py312h5f4d302_1          conda-forge
2025-01-14T12:41:27.4115050Z   pyobjc-core                    10.3.1               py312hbb55c70_0          conda-forge
2025-01-14T12:41:27.4115370Z   pyobjc-framework-cocoa         10.3.1               py312hbb55c70_0          conda-forge
2025-01-14T12:41:27.4115680Z   pyparsing                      3.1.2                pyhd8ed1ab_0             conda-forge
2025-01-14T12:41:27.4115950Z   pysocks                        1.7.1                pyha2e5f31_6             conda-forge
2025-01-14T12:41:27.4116220Z   pytables                       3.9.2                py312hb622ae1_2          conda-forge
2025-01-14T12:41:27.4116480Z   pytest                         8.2.2                pyhd8ed1ab_0             conda-forge
2025-01-14T12:41:27.4116750Z   pytest-cov                     5.0.0                pyhd8ed1ab_0             conda-forge
2025-01-14T12:41:27.4117130Z   pytest-doctestplus             1.2.1                pyhd8ed1ab_0             conda-forge
2025-01-14T12:41:27.4117430Z   pytest-html                    4.1.1                pyhd8ed1ab_0             conda-forge
2025-01-14T12:41:27.4117710Z   pytest-metadata                3.1.1                pyhd8ed1ab_0             conda-forge
2025-01-14T12:41:27.4117990Z   python                         3.12.4               h30c5eda_0_cpython       conda-forge
2025-01-14T12:41:27.4118540Z   python-dateutil                2.9.0                pyhd8ed1ab_0             conda-forge
2025-01-14T12:41:27.4118870Z   python-fastjsonschema          2.20.0               pyhd8ed1ab_0             conda-forge
2025-01-14T12:41:27.4119200Z   python-json-logger             2.0.7                pyhd8ed1ab_0             conda-forge
2025-01-14T12:41:27.4119510Z   python-tzdata                  2024.1               pyhd8ed1ab_0             conda-forge
2025-01-14T12:41:27.4119790Z   python_abi                     3.12                 4_cp312                  conda-forge
2025-01-14T12:41:27.4120050Z   pytz                           2024.1               pyhd8ed1ab_0             conda-forge
2025-01-14T12:41:27.4120300Z   pyyaml                         6.0.1                py312h02f2b3b_1          conda-forge
2025-01-14T12:41:27.4120550Z   pyzmq                          26.0.3               py312hfa13136_0          conda-forge
2025-01-14T12:41:27.4120800Z   qgrid                          1.3.1                pyhd8ed1ab_4             conda-forge
2025-01-14T12:41:27.4121080Z   radioactivedecay               0.5.1                pyhd8ed1ab_0             conda-forge
2025-01-14T12:41:27.4121470Z   readline                       8.2                  h92ec313_1               conda-forge
2025-01-14T12:41:27.4121740Z   recommonmark                   0.7.1                pyhd8ed1ab_0             conda-forge
2025-01-14T12:41:27.4122020Z   referencing                    0.35.1               pyhd8ed1ab_0             conda-forge
2025-01-14T12:41:27.4122290Z   requests                       2.32.3               pyhd8ed1ab_0             conda-forge
2025-01-14T12:41:27.4122580Z   rfc3339-validator              0.1.4                pyhd8ed1ab_0             conda-forge
2025-01-14T12:41:27.4122880Z   rfc3986-validator              0.1.1                pyh9f0ad1d_0             conda-forge
2025-01-14T12:41:27.4123160Z   rpds-py                        0.18.1               py312h552d48e_0          conda-forge
2025-01-14T12:41:27.4123410Z   ruff                           0.4.9                py312h3402d49_0          conda-forge
2025-01-14T12:41:27.4123660Z   scipy                          1.13.1               py312h14ffa8f_0          conda-forge
2025-01-14T12:41:27.4123930Z   send2trash                     1.8.3                pyh31c8845_0             conda-forge
2025-01-14T12:41:27.4124210Z   setuptools                     70.0.0               pyhd8ed1ab_0             conda-forge
2025-01-14T12:41:27.4124490Z   setuptools-scm                 8.1.0                pyhd8ed1ab_0             conda-forge
2025-01-14T12:41:27.4124780Z   setuptools_scm                 8.1.0                hd8ed1ab_0               conda-forge
2025-01-14T12:41:27.4125050Z   six                            1.16.0               pyh6c4a22f_0             conda-forge
2025-01-14T12:41:27.4125300Z   snakeviz                       2.2.0                pyhd8ed1ab_0             conda-forge
2025-01-14T12:41:27.4125560Z   snappy                         1.2.0                hd04f947_1               conda-forge
2025-01-14T12:41:27.4125820Z   sniffio                        1.3.1                pyhd8ed1ab_0             conda-forge
2025-01-14T12:41:27.4126100Z   snowballstemmer                2.2.0                pyhd8ed1ab_0             conda-forge
2025-01-14T12:41:27.4126390Z   soupsieve                      2.5                  pyhd8ed1ab_1             conda-forge
2025-01-14T12:41:27.4126660Z   sphinx                         7.3.7                pyhd8ed1ab_0             conda-forge
2025-01-14T12:41:27.4126940Z   sphinx-astropy                 1.9.1                pyhd8ed1ab_0             conda-forge
2025-01-14T12:41:27.4127240Z   sphinx-automodapi              0.17.0               pyh717bed2_1             conda-forge
2025-01-14T12:41:27.4127550Z   sphinx-gallery                 0.16.0               pyhd8ed1ab_0             conda-forge
2025-01-14T12:41:27.4127850Z   sphinx-jsonschema              1.19.1               pyhd8ed1ab_0             conda-forge
2025-01-14T12:41:27.4128250Z   sphinx_bootstrap_theme         0.8.1                pyhd8ed1ab_0             conda-forge
2025-01-14T12:41:27.4128560Z   sphinx_rtd_theme               2.0.0                pyha770c72_0             conda-forge
2025-01-14T12:41:27.4128870Z   sphinxcontrib-apidoc           0.3.0                py_1                     conda-forge
2025-01-14T12:41:27.4129200Z   sphinxcontrib-applehelp        1.0.8                pyhd8ed1ab_0             conda-forge
2025-01-14T12:41:27.4129530Z   sphinxcontrib-bibtex           2.6.2                pyhd8ed1ab_0             conda-forge
2025-01-14T12:41:27.4129850Z   sphinxcontrib-devhelp          1.0.6                pyhd8ed1ab_0             conda-forge
2025-01-14T12:41:27.4130180Z   sphinxcontrib-htmlhelp         2.0.5                pyhd8ed1ab_0             conda-forge
2025-01-14T12:41:27.4130510Z   sphinxcontrib-jquery           4.1                  pyhd8ed1ab_0             conda-forge
2025-01-14T12:41:27.4130820Z   sphinxcontrib-jsmath           1.0.1                pyhd8ed1ab_0             conda-forge
2025-01-14T12:41:27.4131140Z   sphinxcontrib-qthelp           1.0.7                pyhd8ed1ab_0             conda-forge
2025-01-14T12:41:27.4131600Z   sphinxcontrib-serializinghtml  1.1.10               pyhd8ed1ab_0             conda-forge
2025-01-14T12:41:27.4131920Z   stack_data                     0.6.2                pyhd8ed1ab_0             conda-forge
2025-01-14T12:41:27.4132190Z   sympy                          1.12.1               pypyh2585a3b_103         conda-forge
2025-01-14T12:41:27.4132450Z   tabulate                       0.9.0                pyhd8ed1ab_1             conda-forge
2025-01-14T12:41:27.4132720Z   tenacity                       8.4.1                pyhd8ed1ab_0             conda-forge
2025-01-14T12:41:27.4132980Z   terminado                      0.18.1               pyh31c8845_0             conda-forge
2025-01-14T12:41:27.4133250Z   tinycss2                       1.3.0                pyhd8ed1ab_0             conda-forge
2025-01-14T12:41:27.4133510Z   tk                             8.6.13               h5083fa2_1               conda-forge
2025-01-14T12:41:27.4133750Z   toml                           0.10.2               pyhd8ed1ab_0             conda-forge
2025-01-14T12:41:27.4134000Z   tomli                          2.0.1                pyhd8ed1ab_0             conda-forge
2025-01-14T12:41:27.4134260Z   tornado                        6.4.1                py312h7e5086c_0          conda-forge
2025-01-14T12:41:27.4134510Z   tqdm                           4.66.4               pyhd8ed1ab_0             conda-forge
2025-01-14T12:41:27.4134780Z   traitlets                      5.14.3               pyhd8ed1ab_0             conda-forge
2025-01-14T12:41:27.4135050Z   typed-ast                      1.5.5                py312h02f2b3b_1          conda-forge
2025-01-14T12:41:27.4135360Z   types-python-dateutil          2.9.0.20240316       pyhd8ed1ab_0             conda-forge
2025-01-14T12:41:27.4135680Z   typing-extensions              4.12.2               hd8ed1ab_0               conda-forge
2025-01-14T12:41:27.4135990Z   typing_extensions              4.12.2               pyha770c72_0             conda-forge
2025-01-14T12:41:27.4136280Z   typing_utils                   0.1.0                pyhd8ed1ab_0             conda-forge
2025-01-14T12:41:27.4136550Z   tzdata                         2024a                h0c530f3_0               conda-forge
2025-01-14T12:41:27.4136880Z   uri-template                   1.3.0                pyhd8ed1ab_0             conda-forge
2025-01-14T12:41:27.4137150Z   urllib3                        2.2.2                pyhd8ed1ab_0             conda-forge
2025-01-14T12:41:27.4137410Z   wcwidth                        0.2.13               pyhd8ed1ab_0             conda-forge
2025-01-14T12:41:27.4137680Z   webcolors                      24.6.0               pyhd8ed1ab_0             conda-forge
2025-01-14T12:41:27.4137960Z   webencodings                   0.5.1                pyhd8ed1ab_2             conda-forge
2025-01-14T12:41:27.4138250Z   websocket-client               1.8.0                pyhd8ed1ab_0             conda-forge
2025-01-14T12:41:27.4138620Z   wheel                          0.43.0               pyhd8ed1ab_1             conda-forge
2025-01-14T12:41:27.4138910Z   widgetsnbextension             3.6.6                pyhd8ed1ab_0             conda-forge
2025-01-14T12:41:27.4139210Z   xorg-libxau                    1.0.11               hb547adb_0               conda-forge
2025-01-14T12:41:27.4139490Z   xorg-libxdmcp                  1.1.3                h27ca646_0               conda-forge
2025-01-14T12:41:27.4139750Z   xz                             5.2.6                h57fd34a_0               conda-forge
2025-01-14T12:41:27.4139980Z   yaml                           0.2.5                h3422bc3_2               conda-forge
2025-01-14T12:41:27.4140230Z   zeromq                         4.3.5                hcc0f68c_4               conda-forge
2025-01-14T12:41:27.4140480Z   zipp                           3.19.2               pyhd8ed1ab_0             conda-forge
2025-01-14T12:41:27.4140730Z   zlib                           1.3.1                hfb2fe0b_1               conda-forge
2025-01-14T12:41:27.4141070Z   zlib-ng                        2.0.7                h1a8c8d9_0               conda-forge
2025-01-14T12:41:27.4141310Z   zstd                           1.5.6                hb46c0d2_0               conda-forge
2025-01-14T12:41:27.4141740Z ##[endgroup]
2025-01-14T12:41:27.4185670Z ##[group]Run pip install -e . --user
2025-01-14T12:41:27.4185900Z [36;1mpip install -e . --user[0m
2025-01-14T12:41:27.6475850Z shell: /bin/bash -l {0}
2025-01-14T12:41:27.6476040Z env:
2025-01-14T12:41:27.6476170Z   CACHE_NUMBER: 0
2025-01-14T12:41:27.6476660Z   PYTEST_FLAGS: --tardis-regression-data=/Users/runner/work/tardis/tardis/tardis-regression-data --cov=tardis --cov-report=xml --cov-report=html --cov-append
2025-01-14T12:41:27.6477140Z   CODECOV_TOKEN: 
2025-01-14T12:41:27.6477300Z   MAMBA_ROOT_PREFIX: /Users/runner/micromamba
2025-01-14T12:41:27.6477530Z   MAMBA_EXE: /Users/runner/micromamba-bin/micromamba
2025-01-14T12:41:27.6477800Z   CONDARC: /Users/runner/work/_temp/setup-micromamba/.condarc
2025-01-14T12:41:27.6478040Z ##[endgroup]
2025-01-14T12:41:28.6152940Z Obtaining file:///Users/runner/work/tardis/tardis
2025-01-14T12:41:28.6175180Z   Installing build dependencies: started
2025-01-14T12:41:31.1518920Z   Installing build dependencies: finished with status 'done'
2025-01-14T12:41:31.1527710Z   Checking if build backend supports build_editable: started
2025-01-14T12:41:31.2512290Z   Checking if build backend supports build_editable: finished with status 'done'
2025-01-14T12:41:31.2520860Z   Getting requirements to build editable: started
2025-01-14T12:41:31.6975770Z   Getting requirements to build editable: finished with status 'done'
2025-01-14T12:41:31.6986310Z   Preparing editable metadata (pyproject.toml): started
2025-01-14T12:41:32.0669390Z   Preparing editable metadata (pyproject.toml): finished with status 'done'
2025-01-14T12:41:32.1092040Z Requirement already satisfied: astropy in /Users/runner/micromamba/envs/tardis/lib/python3.12/site-packages (from tardis==0.0.0) (6.1.1)
2025-01-14T12:41:32.1367700Z Requirement already satisfied: numpy>=1.23 in /Users/runner/micromamba/envs/tardis/lib/python3.12/site-packages (from astropy->tardis==0.0.0) (1.26.4)
2025-01-14T12:41:32.1374380Z Requirement already satisfied: pyerfa>=2.0.1.1 in /Users/runner/micromamba/envs/tardis/lib/python3.12/site-packages (from astropy->tardis==0.0.0) (2.0.1.4)
2025-01-14T12:41:32.1380990Z Requirement already satisfied: astropy-iers-data>=0.2024.5.27.0.30.8 in /Users/runner/micromamba/envs/tardis/lib/python3.12/site-packages (from astropy->tardis==0.0.0) (0.2024.6.17.0.31.35)
2025-01-14T12:41:32.1385890Z Requirement already satisfied: PyYAML>=3.13 in /Users/runner/micromamba/envs/tardis/lib/python3.12/site-packages (from astropy->tardis==0.0.0) (6.0.1)
2025-01-14T12:41:32.1391920Z Requirement already satisfied: packaging>=19.0 in /Users/runner/micromamba/envs/tardis/lib/python3.12/site-packages (from astropy->tardis==0.0.0) (24.1)
2025-01-14T12:41:32.1456360Z Building wheels for collected packages: tardis
2025-01-14T12:41:32.1462920Z   Building editable for tardis (pyproject.toml): started
2025-01-14T12:41:32.7474860Z   Building editable for tardis (pyproject.toml): finished with status 'done'
2025-01-14T12:41:32.7482680Z   Created wheel for tardis: filename=tardis-0.0.0-0.editable-py3-none-any.whl size=8876 sha256=222809d5efb739f717e7924a53abd3e8610644f4e82d9b5fb3e190dbc6d735d3
2025-01-14T12:41:32.7483790Z   Stored in directory: /private/var/folders/ml/x_tvfgn50_s7p67dm1ypcqqm0000gn/T/pip-ephem-wheel-cache-c2aqea7k/wheels/bb/4f/6a/0829b918c1c10bc28535ce7f14be21eee54375bdd9cd0c306a
2025-01-14T12:41:32.7511590Z Successfully built tardis
2025-01-14T12:41:33.2788200Z Installing collected packages: tardis
2025-01-14T12:41:33.2828080Z Successfully installed tardis-0.0.0
2025-01-14T12:41:33.5130440Z ##[group]Run pip install qgridnext
2025-01-14T12:41:33.5130680Z [36;1mpip install qgridnext[0m
2025-01-14T12:41:33.5185560Z shell: /bin/bash -l {0}
2025-01-14T12:41:33.5185740Z env:
2025-01-14T12:41:33.5186220Z   CACHE_NUMBER: 0
2025-01-14T12:41:33.5186710Z   PYTEST_FLAGS: --tardis-regression-data=/Users/runner/work/tardis/tardis/tardis-regression-data --cov=tardis --cov-report=xml --cov-report=html --cov-append
2025-01-14T12:41:33.5187230Z   CODECOV_TOKEN: 
2025-01-14T12:41:33.5187400Z   MAMBA_ROOT_PREFIX: /Users/runner/micromamba
2025-01-14T12:41:33.5187690Z   MAMBA_EXE: /Users/runner/micromamba-bin/micromamba
2025-01-14T12:41:33.5187980Z   CONDARC: /Users/runner/work/_temp/setup-micromamba/.condarc
2025-01-14T12:41:33.5188240Z ##[endgroup]
2025-01-14T12:41:34.0661320Z Collecting qgridnext
2025-01-14T12:41:34.1058690Z   Downloading qgridnext-2.0.4-py3-none-any.whl.metadata (9.9 kB)
2025-01-14T12:41:34.1201660Z Requirement already satisfied: pandas>=0.20.0 in /Users/runner/micromamba/envs/tardis/lib/python3.12/site-packages (from qgridnext) (2.2.2)
2025-01-14T12:41:34.1206620Z Requirement already satisfied: ipywidgets>=7.0.0 in /Users/runner/micromamba/envs/tardis/lib/python3.12/site-packages (from qgridnext) (7.8.0)
2025-01-14T12:41:34.1212420Z Requirement already satisfied: numpy in /Users/runner/micromamba/envs/tardis/lib/python3.12/site-packages (from qgridnext) (1.26.4)
2025-01-14T12:41:34.1218640Z Requirement already satisfied: traitlets in /Users/runner/micromamba/envs/tardis/lib/python3.12/site-packages (from qgridnext) (5.14.3)
2025-01-14T12:41:34.1266170Z Requirement already satisfied: comm>=0.1.3 in /Users/runner/micromamba/envs/tardis/lib/python3.12/site-packages (from ipywidgets>=7.0.0->qgridnext) (0.2.2)
2025-01-14T12:41:34.1270760Z Requirement already satisfied: ipython-genutils~=0.2.0 in /Users/runner/micromamba/envs/tardis/lib/python3.12/site-packages (from ipywidgets>=7.0.0->qgridnext) (0.2.0)
2025-01-14T12:41:34.1278450Z Requirement already satisfied: widgetsnbextension~=3.6.5 in /Users/runner/micromamba/envs/tardis/lib/python3.12/site-packages (from ipywidgets>=7.0.0->qgridnext) (3.6.6)
2025-01-14T12:41:34.1289250Z Requirement already satisfied: ipython>=4.0.0 in /Users/runner/micromamba/envs/tardis/lib/python3.12/site-packages (from ipywidgets>=7.0.0->qgridnext) (8.25.0)
2025-01-14T12:41:34.1309140Z Requirement already satisfied: jupyterlab-widgets<3,>=1.0.0 in /Users/runner/micromamba/envs/tardis/lib/python3.12/site-packages (from ipywidgets>=7.0.0->qgridnext) (1.1.7)
2025-01-14T12:41:34.1558460Z Requirement already satisfied: python-dateutil>=2.8.2 in /Users/runner/micromamba/envs/tardis/lib/python3.12/site-packages (from pandas>=0.20.0->qgridnext) (2.9.0)
2025-01-14T12:41:34.1567300Z Requirement already satisfied: pytz>=2020.1 in /Users/runner/micromamba/envs/tardis/lib/python3.12/site-packages (from pandas>=0.20.0->qgridnext) (2024.1)
2025-01-14T12:41:34.1573760Z Requirement already satisfied: tzdata>=2022.7 in /Users/runner/micromamba/envs/tardis/lib/python3.12/site-packages (from pandas>=0.20.0->qgridnext) (2024.1)
2025-01-14T12:41:34.1762060Z Requirement already satisfied: decorator in /Users/runner/micromamba/envs/tardis/lib/python3.12/site-packages (from ipython>=4.0.0->ipywidgets>=7.0.0->qgridnext) (5.1.1)
2025-01-14T12:41:34.1772380Z Requirement already satisfied: jedi>=0.16 in /Users/runner/micromamba/envs/tardis/lib/python3.12/site-packages (from ipython>=4.0.0->ipywidgets>=7.0.0->qgridnext) (0.19.1)
2025-01-14T12:41:34.1777410Z Requirement already satisfied: matplotlib-inline in /Users/runner/micromamba/envs/tardis/lib/python3.12/site-packages (from ipython>=4.0.0->ipywidgets>=7.0.0->qgridnext) (0.1.7)
2025-01-14T12:41:34.1782780Z Requirement already satisfied: prompt-toolkit<3.1.0,>=3.0.41 in /Users/runner/micromamba/envs/tardis/lib/python3.12/site-packages (from ipython>=4.0.0->ipywidgets>=7.0.0->qgridnext) (3.0.47)
2025-01-14T12:41:34.1788090Z Requirement already satisfied: pygments>=2.4.0 in /Users/runner/micromamba/envs/tardis/lib/python3.12/site-packages (from ipython>=4.0.0->ipywidgets>=7.0.0->qgridnext) (2.18.0)
2025-01-14T12:41:34.1793420Z Requirement already satisfied: stack-data in /Users/runner/micromamba/envs/tardis/lib/python3.12/site-packages (from ipython>=4.0.0->ipywidgets>=7.0.0->qgridnext) (0.6.2)
2025-01-14T12:41:34.1803740Z Requirement already satisfied: pexpect>4.3 in /Users/runner/micromamba/envs/tardis/lib/python3.12/site-packages (from ipython>=4.0.0->ipywidgets>=7.0.0->qgridnext) (4.9.0)
2025-01-14T12:41:34.1830080Z Requirement already satisfied: six>=1.5 in /Users/runner/micromamba/envs/tardis/lib/python3.12/site-packages (from python-dateutil>=2.8.2->pandas>=0.20.0->qgridnext) (1.16.0)
2025-01-14T12:41:34.1863990Z Requirement already satisfied: notebook>=4.4.1 in /Users/runner/micromamba/envs/tardis/lib/python3.12/site-packages (from widgetsnbextension~=3.6.5->ipywidgets>=7.0.0->qgridnext) (7.2.1)
2025-01-14T12:41:34.1974500Z Requirement already satisfied: parso<0.9.0,>=0.8.3 in /Users/runner/micromamba/envs/tardis/lib/python3.12/site-packages (from jedi>=0.16->ipython>=4.0.0->ipywidgets>=7.0.0->qgridnext) (0.8.4)
2025-01-14T12:41:34.2059610Z Requirement already satisfied: jupyter-server<3,>=2.4.0 in /Users/runner/micromamba/envs/tardis/lib/python3.12/site-packages (from notebook>=4.4.1->widgetsnbextension~=3.6.5->ipywidgets>=7.0.0->qgridnext) (2.14.1)
2025-01-14T12:41:34.2066580Z Requirement already satisfied: jupyterlab-server<3,>=2.27.1 in /Users/runner/micromamba/envs/tardis/lib/python3.12/site-packages (from notebook>=4.4.1->widgetsnbextension~=3.6.5->ipywidgets>=7.0.0->qgridnext) (2.27.2)
2025-01-14T12:41:34.2075740Z Requirement already satisfied: jupyterlab<4.3,>=4.2.0 in /Users/runner/micromamba/envs/tardis/lib/python3.12/site-packages (from notebook>=4.4.1->widgetsnbextension~=3.6.5->ipywidgets>=7.0.0->qgridnext) (4.2.2)
2025-01-14T12:41:34.2081520Z Requirement already satisfied: notebook-shim<0.3,>=0.2 in /Users/runner/micromamba/envs/tardis/lib/python3.12/site-packages (from notebook>=4.4.1->widgetsnbextension~=3.6.5->ipywidgets>=7.0.0->qgridnext) (0.2.4)
2025-01-14T12:41:34.2086670Z Requirement already satisfied: tornado>=6.2.0 in /Users/runner/micromamba/envs/tardis/lib/python3.12/site-packages (from notebook>=4.4.1->widgetsnbextension~=3.6.5->ipywidgets>=7.0.0->qgridnext) (6.4.1)
2025-01-14T12:41:34.2102900Z Requirement already satisfied: ptyprocess>=0.5 in /Users/runner/micromamba/envs/tardis/lib/python3.12/site-packages (from pexpect>4.3->ipython>=4.0.0->ipywidgets>=7.0.0->qgridnext) (0.7.0)
2025-01-14T12:41:34.2118380Z Requirement already satisfied: wcwidth in /Users/runner/micromamba/envs/tardis/lib/python3.12/site-packages (from prompt-toolkit<3.1.0,>=3.0.41->ipython>=4.0.0->ipywidgets>=7.0.0->qgridnext) (0.2.13)
2025-01-14T12:41:34.2204910Z Requirement already satisfied: executing>=1.2.0 in /Users/runner/micromamba/envs/tardis/lib/python3.12/site-packages (from stack-data->ipython>=4.0.0->ipywidgets>=7.0.0->qgridnext) (2.0.1)
2025-01-14T12:41:34.2321720Z Requirement already satisfied: asttokens>=2.1.0 in /Users/runner/micromamba/envs/tardis/lib/python3.12/site-packages (from stack-data->ipython>=4.0.0->ipywidgets>=7.0.0->qgridnext) (2.4.1)
2025-01-14T12:41:34.2423320Z Requirement already satisfied: pure-eval in /Users/runner/micromamba/envs/tardis/lib/python3.12/site-packages (from stack-data->ipython>=4.0.0->ipywidgets>=7.0.0->qgridnext) (0.2.2)
2025-01-14T12:41:34.2525160Z Requirement already satisfied: anyio>=3.1.0 in /Users/runner/micromamba/envs/tardis/lib/python3.12/site-packages (from jupyter-server<3,>=2.4.0->notebook>=4.4.1->widgetsnbextension~=3.6.5->ipywidgets>=7.0.0->qgridnext) (4.4.0)
2025-01-14T12:41:34.2626980Z Requirement already satisfied: argon2-cffi>=21.1 in /Users/runner/micromamba/envs/tardis/lib/python3.12/site-packages (from jupyter-server<3,>=2.4.0->notebook>=4.4.1->widgetsnbextension~=3.6.5->ipywidgets>=7.0.0->qgridnext) (23.1.0)
2025-01-14T12:41:34.2729140Z Requirement already satisfied: jinja2>=3.0.3 in /Users/runner/micromamba/envs/tardis/lib/python3.12/site-packages (from jupyter-server<3,>=2.4.0->notebook>=4.4.1->widgetsnbextension~=3.6.5->ipywidgets>=7.0.0->qgridnext) (3.1.4)
2025-01-14T12:41:34.2831160Z Requirement already satisfied: jupyter-client>=7.4.4 in /Users/runner/micromamba/envs/tardis/lib/python3.12/site-packages (from jupyter-server<3,>=2.4.0->notebook>=4.4.1->widgetsnbextension~=3.6.5->ipywidgets>=7.0.0->qgridnext) (8.6.2)
2025-01-14T12:41:34.2933520Z Requirement already satisfied: jupyter-core!=5.0.*,>=4.12 in /Users/runner/micromamba/envs/tardis/lib/python3.12/site-packages (from jupyter-server<3,>=2.4.0->notebook>=4.4.1->widgetsnbextension~=3.6.5->ipywidgets>=7.0.0->qgridnext) (5.7.2)
2025-01-14T12:41:34.3035370Z Requirement already satisfied: jupyter-events>=0.9.0 in /Users/runner/micromamba/envs/tardis/lib/python3.12/site-packages (from jupyter-server<3,>=2.4.0->notebook>=4.4.1->widgetsnbextension~=3.6.5->ipywidgets>=7.0.0->qgridnext) (0.10.0)
2025-01-14T12:41:34.3137350Z Requirement already satisfied: jupyter-server-terminals>=0.4.4 in /Users/runner/micromamba/envs/tardis/lib/python3.12/site-packages (from jupyter-server<3,>=2.4.0->notebook>=4.4.1->widgetsnbextension~=3.6.5->ipywidgets>=7.0.0->qgridnext) (0.5.3)
2025-01-14T12:41:34.3239330Z Requirement already satisfied: nbconvert>=6.4.4 in /Users/runner/micromamba/envs/tardis/lib/python3.12/site-packages (from jupyter-server<3,>=2.4.0->notebook>=4.4.1->widgetsnbextension~=3.6.5->ipywidgets>=7.0.0->qgridnext) (7.16.4)
2025-01-14T12:41:34.3341200Z Requirement already satisfied: nbformat>=5.3.0 in /Users/runner/micromamba/envs/tardis/lib/python3.12/site-packages (from jupyter-server<3,>=2.4.0->notebook>=4.4.1->widgetsnbextension~=3.6.5->ipywidgets>=7.0.0->qgridnext) (5.10.4)
2025-01-14T12:41:34.3443080Z Requirement already satisfied: overrides>=5.0 in /Users/runner/micromamba/envs/tardis/lib/python3.12/site-packages (from jupyter-server<3,>=2.4.0->notebook>=4.4.1->widgetsnbextension~=3.6.5->ipywidgets>=7.0.0->qgridnext) (7.7.0)
2025-01-14T12:41:34.3545120Z Requirement already satisfied: packaging>=22.0 in /Users/runner/micromamba/envs/tardis/lib/python3.12/site-packages (from jupyter-server<3,>=2.4.0->notebook>=4.4.1->widgetsnbextension~=3.6.5->ipywidgets>=7.0.0->qgridnext) (24.1)
2025-01-14T12:41:34.3647100Z Requirement already satisfied: prometheus-client>=0.9 in /Users/runner/micromamba/envs/tardis/lib/python3.12/site-packages (from jupyter-server<3,>=2.4.0->notebook>=4.4.1->widgetsnbextension~=3.6.5->ipywidgets>=7.0.0->qgridnext) (0.20.0)
2025-01-14T12:41:34.3749040Z Requirement already satisfied: pyzmq>=24 in /Users/runner/micromamba/envs/tardis/lib/python3.12/site-packages (from jupyter-server<3,>=2.4.0->notebook>=4.4.1->widgetsnbextension~=3.6.5->ipywidgets>=7.0.0->qgridnext) (26.0.3)
2025-01-14T12:41:34.3850980Z Requirement already satisfied: send2trash>=1.8.2 in /Users/runner/micromamba/envs/tardis/lib/python3.12/site-packages (from jupyter-server<3,>=2.4.0->notebook>=4.4.1->widgetsnbextension~=3.6.5->ipywidgets>=7.0.0->qgridnext) (1.8.3)
2025-01-14T12:41:34.3955410Z Requirement already satisfied: terminado>=0.8.3 in /Users/runner/micromamba/envs/tardis/lib/python3.12/site-packages (from jupyter-server<3,>=2.4.0->notebook>=4.4.1->widgetsnbextension~=3.6.5->ipywidgets>=7.0.0->qgridnext) (0.18.1)
2025-01-14T12:41:34.4057270Z Requirement already satisfied: websocket-client>=1.7 in /Users/runner/micromamba/envs/tardis/lib/python3.12/site-packages (from jupyter-server<3,>=2.4.0->notebook>=4.4.1->widgetsnbextension~=3.6.5->ipywidgets>=7.0.0->qgridnext) (1.8.0)
2025-01-14T12:41:34.4159230Z Requirement already satisfied: async-lru>=1.0.0 in /Users/runner/micromamba/envs/tardis/lib/python3.12/site-packages (from jupyterlab<4.3,>=4.2.0->notebook>=4.4.1->widgetsnbextension~=3.6.5->ipywidgets>=7.0.0->qgridnext) (2.0.4)
2025-01-14T12:41:34.4261070Z Requirement already satisfied: httpx>=0.25.0 in /Users/runner/micromamba/envs/tardis/lib/python3.12/site-packages (from jupyterlab<4.3,>=4.2.0->notebook>=4.4.1->widgetsnbextension~=3.6.5->ipywidgets>=7.0.0->qgridnext) (0.27.0)
2025-01-14T12:41:34.4369150Z Requirement already satisfied: ipykernel>=6.5.0 in /Users/runner/micromamba/envs/tardis/lib/python3.12/site-packages (from jupyterlab<4.3,>=4.2.0->notebook>=4.4.1->widgetsnbextension~=3.6.5->ipywidgets>=7.0.0->qgridnext) (6.29.4)
2025-01-14T12:41:34.4471180Z Requirement already satisfied: jupyter-lsp>=2.0.0 in /Users/runner/micromamba/envs/tardis/lib/python3.12/site-packages (from jupyterlab<4.3,>=4.2.0->notebook>=4.4.1->widgetsnbextension~=3.6.5->ipywidgets>=7.0.0->qgridnext) (2.2.5)
2025-01-14T12:41:34.4582830Z Requirement already satisfied: setuptools>=40.1.0 in /Users/runner/micromamba/envs/tardis/lib/python3.12/site-packages (from jupyterlab<4.3,>=4.2.0->notebook>=4.4.1->widgetsnbextension~=3.6.5->ipywidgets>=7.0.0->qgridnext) (70.0.0)
2025-01-14T12:41:34.4685020Z Requirement already satisfied: babel>=2.10 in /Users/runner/micromamba/envs/tardis/lib/python3.12/site-packages (from jupyterlab-server<3,>=2.27.1->notebook>=4.4.1->widgetsnbextension~=3.6.5->ipywidgets>=7.0.0->qgridnext) (2.14.0)
2025-01-14T12:41:34.4787260Z Requirement already satisfied: json5>=0.9.0 in /Users/runner/micromamba/envs/tardis/lib/python3.12/site-packages (from jupyterlab-server<3,>=2.27.1->notebook>=4.4.1->widgetsnbextension~=3.6.5->ipywidgets>=7.0.0->qgridnext) (0.9.25)
2025-01-14T12:41:34.4889330Z Requirement already satisfied: jsonschema>=4.18.0 in /Users/runner/micromamba/envs/tardis/lib/python3.12/site-packages (from jupyterlab-server<3,>=2.27.1->notebook>=4.4.1->widgetsnbextension~=3.6.5->ipywidgets>=7.0.0->qgridnext) (4.22.0)
2025-01-14T12:41:34.4996590Z Requirement already satisfied: requests>=2.31 in /Users/runner/micromamba/envs/tardis/lib/python3.12/site-packages (from jupyterlab-server<3,>=2.27.1->notebook>=4.4.1->widgetsnbextension~=3.6.5->ipywidgets>=7.0.0->qgridnext) (2.32.3)
2025-01-14T12:41:34.5099070Z Requirement already satisfied: idna>=2.8 in /Users/runner/micromamba/envs/tardis/lib/python3.12/site-packages (from anyio>=3.1.0->jupyter-server<3,>=2.4.0->notebook>=4.4.1->widgetsnbextension~=3.6.5->ipywidgets>=7.0.0->qgridnext) (3.7)
2025-01-14T12:41:34.5201510Z Requirement already satisfied: sniffio>=1.1 in /Users/runner/micromamba/envs/tardis/lib/python3.12/site-packages (from anyio>=3.1.0->jupyter-server<3,>=2.4.0->notebook>=4.4.1->widgetsnbextension~=3.6.5->ipywidgets>=7.0.0->qgridnext) (1.3.1)
2025-01-14T12:41:34.5305390Z Requirement already satisfied: argon2-cffi-bindings in /Users/runner/micromamba/envs/tardis/lib/python3.12/site-packages (from argon2-cffi>=21.1->jupyter-server<3,>=2.4.0->notebook>=4.4.1->widgetsnbextension~=3.6.5->ipywidgets>=7.0.0->qgridnext) (21.2.0)
2025-01-14T12:41:34.5407870Z Requirement already satisfied: certifi in /Users/runner/micromamba/envs/tardis/lib/python3.12/site-packages (from httpx>=0.25.0->jupyterlab<4.3,>=4.2.0->notebook>=4.4.1->widgetsnbextension~=3.6.5->ipywidgets>=7.0.0->qgridnext) (2024.6.2)
2025-01-14T12:41:34.5509830Z Requirement already satisfied: httpcore==1.* in /Users/runner/micromamba/envs/tardis/lib/python3.12/site-packages (from httpx>=0.25.0->jupyterlab<4.3,>=4.2.0->notebook>=4.4.1->widgetsnbextension~=3.6.5->ipywidgets>=7.0.0->qgridnext) (1.0.5)
2025-01-14T12:41:34.5611710Z Requirement already satisfied: h11<0.15,>=0.13 in /Users/runner/micromamba/envs/tardis/lib/python3.12/site-packages (from httpcore==1.*->httpx>=0.25.0->jupyterlab<4.3,>=4.2.0->notebook>=4.4.1->widgetsnbextension~=3.6.5->ipywidgets>=7.0.0->qgridnext) (0.14.0)
2025-01-14T12:41:34.5713580Z Requirement already satisfied: appnope in /Users/runner/micromamba/envs/tardis/lib/python3.12/site-packages (from ipykernel>=6.5.0->jupyterlab<4.3,>=4.2.0->notebook>=4.4.1->widgetsnbextension~=3.6.5->ipywidgets>=7.0.0->qgridnext) (0.1.4)
2025-01-14T12:41:34.5815450Z Requirement already satisfied: debugpy>=1.6.5 in /Users/runner/micromamba/envs/tardis/lib/python3.12/site-packages (from ipykernel>=6.5.0->jupyterlab<4.3,>=4.2.0->notebook>=4.4.1->widgetsnbextension~=3.6.5->ipywidgets>=7.0.0->qgridnext) (1.8.1)
2025-01-14T12:41:34.5817180Z Requirement already satisfied: nest-asyncio in /Users/runner/micromamba/envs/tardis/lib/python3.12/site-packages (from ipykernel>=6.5.0->jupyterlab<4.3,>=4.2.0->notebook>=4.4.1->widgetsnbextension~=3.6.5->ipywidgets>=7.0.0->qgridnext) (1.6.0)
2025-01-14T12:41:34.5918940Z Requirement already satisfied: psutil in /Users/runner/micromamba/envs/tardis/lib/python3.12/site-packages (from ipykernel>=6.5.0->jupyterlab<4.3,>=4.2.0->notebook>=4.4.1->widgetsnbextension~=3.6.5->ipywidgets>=7.0.0->qgridnext) (5.9.8)
2025-01-14T12:41:34.6021130Z Requirement already satisfied: MarkupSafe>=2.0 in /Users/runner/micromamba/envs/tardis/lib/python3.12/site-packages (from jinja2>=3.0.3->jupyter-server<3,>=2.4.0->notebook>=4.4.1->widgetsnbextension~=3.6.5->ipywidgets>=7.0.0->qgridnext) (2.1.5)
2025-01-14T12:41:34.6123030Z Requirement already satisfied: attrs>=22.2.0 in /Users/runner/micromamba/envs/tardis/lib/python3.12/site-packages (from jsonschema>=4.18.0->jupyterlab-server<3,>=2.27.1->notebook>=4.4.1->widgetsnbextension~=3.6.5->ipywidgets>=7.0.0->qgridnext) (23.2.0)
2025-01-14T12:41:34.6225150Z Requirement already satisfied: jsonschema-specifications>=2023.03.6 in /Users/runner/micromamba/envs/tardis/lib/python3.12/site-packages (from jsonschema>=4.18.0->jupyterlab-server<3,>=2.27.1->notebook>=4.4.1->widgetsnbextension~=3.6.5->ipywidgets>=7.0.0->qgridnext) (2023.12.1)
2025-01-14T12:41:34.6327110Z Requirement already satisfied: referencing>=0.28.4 in /Users/runner/micromamba/envs/tardis/lib/python3.12/site-packages (from jsonschema>=4.18.0->jupyterlab-server<3,>=2.27.1->notebook>=4.4.1->widgetsnbextension~=3.6.5->ipywidgets>=7.0.0->qgridnext) (0.35.1)
2025-01-14T12:41:34.6429100Z Requirement already satisfied: rpds-py>=0.7.1 in /Users/runner/micromamba/envs/tardis/lib/python3.12/site-packages (from jsonschema>=4.18.0->jupyterlab-server<3,>=2.27.1->notebook>=4.4.1->widgetsnbextension~=3.6.5->ipywidgets>=7.0.0->qgridnext) (0.18.1)
2025-01-14T12:41:34.6531180Z Requirement already satisfied: platformdirs>=2.5 in /Users/runner/micromamba/envs/tardis/lib/python3.12/site-packages (from jupyter-core!=5.0.*,>=4.12->jupyter-server<3,>=2.4.0->notebook>=4.4.1->widgetsnbextension~=3.6.5->ipywidgets>=7.0.0->qgridnext) (4.2.2)
2025-01-14T12:41:34.6633070Z Requirement already satisfied: python-json-logger>=2.0.4 in /Users/runner/micromamba/envs/tardis/lib/python3.12/site-packages (from jupyter-events>=0.9.0->jupyter-server<3,>=2.4.0->notebook>=4.4.1->widgetsnbextension~=3.6.5->ipywidgets>=7.0.0->qgridnext) (2.0.7)
2025-01-14T12:41:34.6735000Z Requirement already satisfied: pyyaml>=5.3 in /Users/runner/micromamba/envs/tardis/lib/python3.12/site-packages (from jupyter-events>=0.9.0->jupyter-server<3,>=2.4.0->notebook>=4.4.1->widgetsnbextension~=3.6.5->ipywidgets>=7.0.0->qgridnext) (6.0.1)
2025-01-14T12:41:34.6836890Z Requirement already satisfied: rfc3339-validator in /Users/runner/micromamba/envs/tardis/lib/python3.12/site-packages (from jupyter-events>=0.9.0->jupyter-server<3,>=2.4.0->notebook>=4.4.1->widgetsnbextension~=3.6.5->ipywidgets>=7.0.0->qgridnext) (0.1.4)
2025-01-14T12:41:34.6938820Z Requirement already satisfied: rfc3986-validator>=0.1.1 in /Users/runner/micromamba/envs/tardis/lib/python3.12/site-packages (from jupyter-events>=0.9.0->jupyter-server<3,>=2.4.0->notebook>=4.4.1->widgetsnbextension~=3.6.5->ipywidgets>=7.0.0->qgridnext) (0.1.1)
2025-01-14T12:41:34.7040780Z Requirement already satisfied: beautifulsoup4 in /Users/runner/micromamba/envs/tardis/lib/python3.12/site-packages (from nbconvert>=6.4.4->jupyter-server<3,>=2.4.0->notebook>=4.4.1->widgetsnbextension~=3.6.5->ipywidgets>=7.0.0->qgridnext) (4.12.3)
2025-01-14T12:41:34.7142750Z Requirement already satisfied: bleach!=5.0.0 in /Users/runner/micromamba/envs/tardis/lib/python3.12/site-packages (from nbconvert>=6.4.4->jupyter-server<3,>=2.4.0->notebook>=4.4.1->widgetsnbextension~=3.6.5->ipywidgets>=7.0.0->qgridnext) (6.1.0)
2025-01-14T12:41:34.7240420Z Requirement already satisfied: defusedxml in /Users/runner/micromamba/envs/tardis/lib/python3.12/site-packages (from nbconvert>=6.4.4->jupyter-server<3,>=2.4.0->notebook>=4.4.1->widgetsnbextension~=3.6.5->ipywidgets>=7.0.0->qgridnext) (0.7.1)
2025-01-14T12:41:34.7321940Z Requirement already satisfied: jupyterlab-pygments in /Users/runner/micromamba/envs/tardis/lib/python3.12/site-packages (from nbconvert>=6.4.4->jupyter-server<3,>=2.4.0->notebook>=4.4.1->widgetsnbextension~=3.6.5->ipywidgets>=7.0.0->qgridnext) (0.3.0)
2025-01-14T12:41:34.7388690Z Requirement already satisfied: mistune<4,>=2.0.3 in /Users/runner/micromamba/envs/tardis/lib/python3.12/site-packages (from nbconvert>=6.4.4->jupyter-server<3,>=2.4.0->notebook>=4.4.1->widgetsnbextension~=3.6.5->ipywidgets>=7.0.0->qgridnext) (3.0.2)
2025-01-14T12:41:34.7414180Z Requirement already satisfied: nbclient>=0.5.0 in /Users/runner/micromamba/envs/tardis/lib/python3.12/site-packages (from nbconvert>=6.4.4->jupyter-server<3,>=2.4.0->notebook>=4.4.1->widgetsnbextension~=3.6.5->ipywidgets>=7.0.0->qgridnext) (0.10.0)
2025-01-14T12:41:34.7469420Z Requirement already satisfied: pandocfilters>=1.4.1 in /Users/runner/micromamba/envs/tardis/lib/python3.12/site-packages (from nbconvert>=6.4.4->jupyter-server<3,>=2.4.0->notebook>=4.4.1->widgetsnbextension~=3.6.5->ipywidgets>=7.0.0->qgridnext) (1.5.0)
2025-01-14T12:41:34.7509660Z Requirement already satisfied: tinycss2 in /Users/runner/micromamba/envs/tardis/lib/python3.12/site-packages (from nbconvert>=6.4.4->jupyter-server<3,>=2.4.0->notebook>=4.4.1->widgetsnbextension~=3.6.5->ipywidgets>=7.0.0->qgridnext) (1.3.0)
2025-01-14T12:41:34.7539470Z Requirement already satisfied: fastjsonschema>=2.15 in /Users/runner/micromamba/envs/tardis/lib/python3.12/site-packages (from nbformat>=5.3.0->jupyter-server<3,>=2.4.0->notebook>=4.4.1->widgetsnbextension~=3.6.5->ipywidgets>=7.0.0->qgridnext) (2.20.0)
2025-01-14T12:41:34.7574550Z Requirement already satisfied: charset-normalizer<4,>=2 in /Users/runner/micromamba/envs/tardis/lib/python3.12/site-packages (from requests>=2.31->jupyterlab-server<3,>=2.27.1->notebook>=4.4.1->widgetsnbextension~=3.6.5->ipywidgets>=7.0.0->qgridnext) (3.3.2)
2025-01-14T12:41:34.7607740Z Requirement already satisfied: urllib3<3,>=1.21.1 in /Users/runner/micromamba/envs/tardis/lib/python3.12/site-packages (from requests>=2.31->jupyterlab-server<3,>=2.27.1->notebook>=4.4.1->widgetsnbextension~=3.6.5->ipywidgets>=7.0.0->qgridnext) (2.2.2)
2025-01-14T12:41:34.7637170Z Requirement already satisfied: webencodings in /Users/runner/micromamba/envs/tardis/lib/python3.12/site-packages (from bleach!=5.0.0->nbconvert>=6.4.4->jupyter-server<3,>=2.4.0->notebook>=4.4.1->widgetsnbextension~=3.6.5->ipywidgets>=7.0.0->qgridnext) (0.5.1)
2025-01-14T12:41:34.7673280Z Requirement already satisfied: fqdn in /Users/runner/micromamba/envs/tardis/lib/python3.12/site-packages (from jsonschema[format-nongpl]>=4.18.0->jupyter-events>=0.9.0->jupyter-server<3,>=2.4.0->notebook>=4.4.1->widgetsnbextension~=3.6.5->ipywidgets>=7.0.0->qgridnext) (1.5.1)
2025-01-14T12:41:34.7704970Z Requirement already satisfied: isoduration in /Users/runner/micromamba/envs/tardis/lib/python3.12/site-packages (from jsonschema[format-nongpl]>=4.18.0->jupyter-events>=0.9.0->jupyter-server<3,>=2.4.0->notebook>=4.4.1->widgetsnbextension~=3.6.5->ipywidgets>=7.0.0->qgridnext) (20.11.0)
2025-01-14T12:41:34.7807050Z Requirement already satisfied: jsonpointer>1.13 in /Users/runner/micromamba/envs/tardis/lib/python3.12/site-packages (from jsonschema[format-nongpl]>=4.18.0->jupyter-events>=0.9.0->jupyter-server<3,>=2.4.0->notebook>=4.4.1->widgetsnbextension~=3.6.5->ipywidgets>=7.0.0->qgridnext) (3.0.0)
2025-01-14T12:41:34.7909440Z Requirement already satisfied: uri-template in /Users/runner/micromamba/envs/tardis/lib/python3.12/site-packages (from jsonschema[format-nongpl]>=4.18.0->jupyter-events>=0.9.0->jupyter-server<3,>=2.4.0->notebook>=4.4.1->widgetsnbextension~=3.6.5->ipywidgets>=7.0.0->qgridnext) (1.3.0)
2025-01-14T12:41:34.8011890Z Requirement already satisfied: webcolors>=1.11 in /Users/runner/micromamba/envs/tardis/lib/python3.12/site-packages (from jsonschema[format-nongpl]>=4.18.0->jupyter-events>=0.9.0->jupyter-server<3,>=2.4.0->notebook>=4.4.1->widgetsnbextension~=3.6.5->ipywidgets>=7.0.0->qgridnext) (24.6.0)
2025-01-14T12:41:34.8114450Z Requirement already satisfied: cffi>=1.0.1 in /Users/runner/micromamba/envs/tardis/lib/python3.12/site-packages (from argon2-cffi-bindings->argon2-cffi>=21.1->jupyter-server<3,>=2.4.0->notebook>=4.4.1->widgetsnbextension~=3.6.5->ipywidgets>=7.0.0->qgridnext) (1.16.0)
2025-01-14T12:41:34.8216920Z Requirement already satisfied: soupsieve>1.2 in /Users/runner/micromamba/envs/tardis/lib/python3.12/site-packages (from beautifulsoup4->nbconvert>=6.4.4->jupyter-server<3,>=2.4.0->notebook>=4.4.1->widgetsnbextension~=3.6.5->ipywidgets>=7.0.0->qgridnext) (2.5)
2025-01-14T12:41:34.8248020Z Requirement already satisfied: pycparser in /Users/runner/micromamba/envs/tardis/lib/python3.12/site-packages (from cffi>=1.0.1->argon2-cffi-bindings->argon2-cffi>=21.1->jupyter-server<3,>=2.4.0->notebook>=4.4.1->widgetsnbextension~=3.6.5->ipywidgets>=7.0.0->qgridnext) (2.22)
2025-01-14T12:41:34.8351580Z Requirement already satisfied: arrow>=0.15.0 in /Users/runner/micromamba/envs/tardis/lib/python3.12/site-packages (from isoduration->jsonschema[format-nongpl]>=4.18.0->jupyter-events>=0.9.0->jupyter-server<3,>=2.4.0->notebook>=4.4.1->widgetsnbextension~=3.6.5->ipywidgets>=7.0.0->qgridnext) (1.3.0)
2025-01-14T12:41:34.8448550Z Requirement already satisfied: types-python-dateutil>=2.8.10 in /Users/runner/micromamba/envs/tardis/lib/python3.12/site-packages (from arrow>=0.15.0->isoduration->jsonschema[format-nongpl]>=4.18.0->jupyter-events>=0.9.0->jupyter-server<3,>=2.4.0->notebook>=4.4.1->widgetsnbextension~=3.6.5->ipywidgets>=7.0.0->qgridnext) (2.9.0.20240316)
2025-01-14T12:41:34.8550570Z Downloading qgridnext-2.0.4-py3-none-any.whl (1.3 MB)
2025-01-14T12:41:34.8622780Z    ━━━━━━━━━━━━━━━━━━━━━━━━━━━━━━━━━━━━━━━━ 1.3/1.3 MB 18.9 MB/s eta 0:00:00
2025-01-14T12:41:35.3813260Z Installing collected packages: qgridnext
2025-01-14T12:41:35.4315890Z Successfully installed qgridnext-2.0.4
2025-01-14T12:41:35.6886510Z ##[group]Run pytest tardis --tardis-regression-data=/Users/runner/work/tardis/tardis/tardis-regression-data --cov=tardis --cov-report=xml --cov-report=html --cov-append -m " continuum"
2025-01-14T12:41:35.6887530Z [36;1mpytest tardis --tardis-regression-data=/Users/runner/work/tardis/tardis/tardis-regression-data --cov=tardis --cov-report=xml --cov-report=html --cov-append -m " continuum"[0m
2025-01-14T12:41:35.6954340Z shell: /bin/bash -l {0}
2025-01-14T12:41:35.6954530Z env:
2025-01-14T12:41:35.6954670Z   CACHE_NUMBER: 0
2025-01-14T12:41:35.6955160Z   PYTEST_FLAGS: --tardis-regression-data=/Users/runner/work/tardis/tardis/tardis-regression-data --cov=tardis --cov-report=xml --cov-report=html --cov-append
2025-01-14T12:41:35.6955680Z   CODECOV_TOKEN: 
2025-01-14T12:41:35.6955860Z   MAMBA_ROOT_PREFIX: /Users/runner/micromamba
2025-01-14T12:41:35.6956110Z   MAMBA_EXE: /Users/runner/micromamba-bin/micromamba
2025-01-14T12:41:35.6956450Z   CONDARC: /Users/runner/work/_temp/setup-micromamba/.condarc
2025-01-14T12:41:35.6956730Z ##[endgroup]
2025-01-14T12:41:46.6228120Z ============================= test session starts ==============================
2025-01-14T12:41:46.6228960Z platform darwin -- Python 3.12.4, pytest-8.2.2, pluggy-1.5.0
2025-01-14T12:41:46.6229510Z rootdir: /Users/runner/work/tardis/tardis
2025-01-14T12:41:46.6229990Z configfile: pyproject.toml
2025-01-14T12:41:46.6230640Z plugins: cov-5.0.0, html-4.1.1, metadata-3.1.1, doctestplus-1.2.1, anyio-4.4.0
2025-01-14T12:41:46.6231250Z collected 1796 items / 1794 deselected / 2 selected
2025-01-14T12:41:46.6231590Z 
2025-01-14T12:42:13.9194320Z tardis/transport/montecarlo/estimators/tests/test_continuum_property_solver.py F [ 50%]
2025-01-14T12:42:13.9194980Z                                                                          [ 50%]
2025-01-14T12:42:38.5497110Z tardis/transport/montecarlo/tests/test_continuum.py F                    [100%]
2025-01-14T12:42:38.5497810Z 
2025-01-14T12:42:38.5498480Z =================================== FAILURES ===================================
2025-01-14T12:42:38.5499040Z __________________________ test_continuum_estimators ___________________________
2025-01-14T12:42:38.5499260Z 
2025-01-14T12:42:38.5535040Z continuum_config = {'tardis_config_version': 'v1.0', 'supernova': {'luminosity_requested': <Quantity 4.31528298e+42 erg / s>, 'time_explo...': 10.0, 'survival_probability': 0.0, 'enable_biasing': False, 'virtual_packet_logging': False}}, 'config_dirname': ''}
2025-01-14T12:42:38.5544440Z nlte_atomic_dataset = <Atomic Data UUID=None MD5=None Lines=69056 Levels=26012>
2025-01-14T12:42:38.5544730Z 
2025-01-14T12:42:38.5544910Z     @pytest.mark.continuum
2025-01-14T12:42:38.5545160Z     def test_continuum_estimators(
2025-01-14T12:42:38.5545480Z         continuum_config,
2025-01-14T12:42:38.5545770Z         nlte_atomic_dataset,
2025-01-14T12:42:38.5546010Z     ):
2025-01-14T12:42:38.5546330Z         nlte_atomic_dataset = deepcopy(nlte_atomic_dataset)
2025-01-14T12:42:38.5546670Z         continuum_simulation = Simulation.from_config(
2025-01-14T12:42:38.5547070Z             continuum_config,
2025-01-14T12:42:38.5547290Z             atom_data=nlte_atomic_dataset,
2025-01-14T12:42:38.5547710Z             virtual_packet_logging=False,
2025-01-14T12:42:38.5547980Z         )
2025-01-14T12:42:38.5548270Z         # continuum_simulation.run_convergence()
2025-01-14T12:42:38.5548580Z         continuum_properties_solver_dilute_bb = (
2025-01-14T12:42:38.5548980Z             DiluteBlackBodyContinuumPropertiesSolver(
2025-01-14T12:42:38.5549330Z                 continuum_simulation.plasma.atomic_data
2025-01-14T12:42:38.5549700Z             )
2025-01-14T12:42:38.5549850Z         )
2025-01-14T12:42:38.5550040Z     
2025-01-14T12:42:38.5550280Z         continuum_properties_dilute_bb = (
2025-01-14T12:42:38.5550660Z             continuum_properties_solver_dilute_bb.solve(
2025-01-14T12:42:38.5551010Z                 continuum_simulation.simulation_state.radiation_field_state,
2025-01-14T12:42:38.5552220Z                 continuum_simulation.plasma.t_electrons,
2025-01-14T12:42:38.5552580Z             )
2025-01-14T12:42:38.5552800Z         )
2025-01-14T12:42:38.5553180Z     
2025-01-14T12:42:38.5553450Z         continuum_plasma = continuum_simulation.plasma
2025-01-14T12:42:38.5553810Z     
2025-01-14T12:42:38.5554010Z         pdt.assert_frame_equal(
2025-01-14T12:42:38.5554450Z             continuum_properties_dilute_bb.photo_ionization_rate_coefficient,
2025-01-14T12:42:38.5554820Z             continuum_simulation.plasma.gamma,
2025-01-14T12:42:38.5555190Z         )
2025-01-14T12:42:38.5555430Z         stimulated_recomb_rate_coeff = (
2025-01-14T12:42:38.5555900Z             continuum_properties_dilute_bb.stimulated_recombination_rate_factor
2025-01-14T12:42:38.5556250Z             * continuum_plasma.phi_ik.loc[
2025-01-14T12:42:38.5556700Z                 continuum_properties_dilute_bb.stimulated_recombination_rate_factor.index
2025-01-14T12:42:38.5557070Z             ]
2025-01-14T12:42:38.5557340Z         )
2025-01-14T12:42:38.5557530Z         pdt.assert_frame_equal(
2025-01-14T12:42:38.5557900Z             stimulated_recomb_rate_coeff, continuum_plasma.alpha_stim
2025-01-14T12:42:38.5558190Z         )
2025-01-14T12:42:38.5558450Z     
2025-01-14T12:42:38.5558670Z >       continuum_simulation.run_final()
2025-01-14T12:42:38.5558900Z 
2025-01-14T12:42:38.5559170Z tardis/transport/montecarlo/estimators/tests/test_continuum_property_solver.py:54: 
2025-01-14T12:42:38.5559650Z _ _ _ _ _ _ _ _ _ _ _ _ _ _ _ _ _ _ _ _ _ _ _ _ _ _ _ _ _ _ _ _ _ _ _ _ _ _ _ _ 
2025-01-14T12:42:38.5560010Z tardis/simulation/base.py:558: in run_final
2025-01-14T12:42:38.5560450Z     emitted_luminosity, v_packets_energy_hist = self.iterate(
2025-01-14T12:42:38.5560780Z tardis/simulation/base.py:462: in iterate
2025-01-14T12:42:38.5561200Z     transport_state = self.transport.initialize_transport_state(
2025-01-14T12:42:38.5561630Z tardis/transport/montecarlo/base.py:129: in initialize_transport_state
2025-01-14T12:42:38.5562040Z     ).to_numba(
2025-01-14T12:42:38.5562270Z tardis/opacities/opacity_state.py:342: in to_numba
2025-01-14T12:42:38.5562680Z     return OpacityStateNumba(
2025-01-14T12:42:38.5563160Z ../../../micromamba/envs/tardis/lib/python3.12/site-packages/numba/experimental/jitclass/base.py:124: in __call__
2025-01-14T12:42:38.5563730Z     return cls._ctor(*bind.args[1:], **bind.kwargs)
2025-01-14T12:42:38.5564640Z ../../../micromamba/envs/tardis/lib/python3.12/site-packages/numba/core/dispatcher.py:468: in _compile_for_args
2025-01-14T12:42:38.5565180Z     error_rewrite(e, 'typing')
2025-01-14T12:42:38.5565480Z _ _ _ _ _ _ _ _ _ _ _ _ _ _ _ _ _ _ _ _ _ _ _ _ _ _ _ _ _ _ _ _ _ _ _ _ _ _ _ _ 
2025-01-14T12:42:38.5565700Z 
2025-01-14T12:42:38.5566320Z e = TypingError('Failed in nopython mode pipeline (step: nopython frontend)\nInternal error at <numba.core.typeinfer.CallC...bug level for details.\n\x1b[1m\nFile "<string>", line 3:\x1b[0m\n\x1b[1m<source missing, REPL/exec in use?>\x1b[0m\n')
2025-01-14T12:42:38.5567090Z issue_type = 'typing'
2025-01-14T12:42:38.5567290Z 
2025-01-14T12:42:38.5567420Z     def error_rewrite(e, issue_type):
2025-01-14T12:42:38.5567700Z         """
2025-01-14T12:42:38.5568070Z         Rewrite and raise Exception `e` with help supplied based on the
2025-01-14T12:42:38.5568510Z         specified issue_type.
2025-01-14T12:42:38.5568820Z         """
2025-01-14T12:42:38.5569180Z         if config.SHOW_HELP:
2025-01-14T12:42:38.5569560Z             help_msg = errors.error_extras[issue_type]
2025-01-14T12:42:38.5569910Z             e.patch_message('\n'.join((str(e).rstrip(), help_msg)))
2025-01-14T12:42:38.5570350Z         if config.FULL_TRACEBACKS:
2025-01-14T12:42:38.5570600Z             raise e
2025-01-14T12:42:38.5570870Z         else:
2025-01-14T12:42:38.5571060Z >           raise e.with_traceback(None)
2025-01-14T12:42:38.5571620Z E           numba.core.errors.TypingError: Failed in nopython mode pipeline (step: nopython frontend)
2025-01-14T12:42:38.5572460Z E           Internal error at <numba.core.typeinfer.CallConstraint object at 0x15c178cb0>.
2025-01-14T12:42:38.5574400Z E           [1m[1mFailed in nopython mode pipeline (step: native lowering)
2025-01-14T12:42:38.5574810Z E           [1m[1mCan't index at [1] in [1 x i64]
2025-01-14T12:42:38.5575210Z E           [1m
2025-01-14T12:42:38.5575550Z E           File "tardis/opacities/opacity_state.py", line 82:[0m
2025-01-14T12:42:38.5575940Z E           [1m    def __init__(
2025-01-14T12:42:38.5576120Z E                   <source elided>
2025-01-14T12:42:38.5576540Z E                   self.line_list_nu = line_list_nu
2025-01-14T12:42:38.5576790Z E           [1m        self.tau_sobolev = tau_sobolev
2025-01-14T12:42:38.5578290Z E           [0m        [1m^[0m[0m
2025-01-14T12:42:38.5578600Z E           [0m
2025-01-14T12:42:38.5579070Z E           [0m[1mDuring: lowering "(self).tau_sobolev = tau_sobolev" at /Users/runner/work/tardis/tardis/tardis/opacities/opacity_state.py (82)[0m
2025-01-14T12:42:38.5581900Z E           [0m[1mDuring: resolving callee type: jitclass.OpacityStateNumba#12db142f0<electron_density:array(float64, 1d, A),t_electrons:array(float64, 1d, A),line_list_nu:array(float64, 1d, A),tau_sobolev:array(float64, 2d, A),transition_probabilities:array(float64, 2d, A),line2macro_level_upper:array(int64, 1d, A),macro_block_references:array(int64, 1d, A),transition_type:array(int64, 1d, A),destination_level_id:array(int64, 1d, A),transition_line_id:array(int64, 1d, A),bf_threshold_list_nu:array(float64, 1d, A),p_fb_deactivation:array(float64, 2d, A),photo_ion_nu_threshold_mins:array(float64, 1d, A),photo_ion_nu_threshold_maxs:array(float64, 1d, A),photo_ion_block_references:array(int64, 1d, A),chi_bf:array(float64, 2d, A),x_sect:array(float64, 1d, A),phot_nus:array(float64, 1d, A),ff_opacity_factor:array(float64, 1d, A),emissivities:array(float64, 2d, A),photo_ion_activation_idx:array(int64, 1d, A),k_packet_idx:int64>[0m
2025-01-14T12:42:38.5584020Z E           [0m[1mDuring: typing of call at <string> (3)
2025-01-14T12:42:38.5584430Z E           [0m
2025-01-14T12:42:38.5584610Z E           Enable logging at debug level for details.
2025-01-14T12:42:38.5584960Z E           [1m
2025-01-14T12:42:38.5585300Z E           File "<string>", line 3:[0m
2025-01-14T12:42:38.5585690Z E           [1m<source missing, REPL/exec in use?>[0m
2025-01-14T12:42:38.5585930Z 
2025-01-14T12:42:38.5586250Z ../../../micromamba/envs/tardis/lib/python3.12/site-packages/numba/core/dispatcher.py:409: TypingError
2025-01-14T12:42:38.5587050Z ----------------------------- Captured stdout call -----------------------------
2025-01-14T12:42:38.5587740Z [[1mtardis.io.model.parse_density_configuration[0m][[1;33mWARNING[0m]  
2025-01-14T12:42:38.5588450Z 	Number of density points larger than number of shells. Assuming inner point irrelevant ([1mparse_density_configuration.py[0m:114)
2025-01-14T12:42:38.5589090Z ----------------------------- Captured stderr call -----------------------------
2025-01-14T12:42:38.5589550Z OMP: Info #276: omp_set_nested routine deprecated, please use omp_set_max_active_levels instead.
2025-01-14T12:42:38.5590060Z ------------------------------ Captured log call -------------------------------
2025-01-14T12:42:38.5590810Z WARNING  tardis.io.model.parse_density_configuration:parse_density_configuration.py:114 Number of density points larger than number of shells. Assuming inner point irrelevant
2025-01-14T12:42:38.5591670Z __________________________ test_montecarlo_continuum ___________________________
2025-01-14T12:42:38.5591980Z 
2025-01-14T12:42:38.5592540Z continuum_config = {'tardis_config_version': 'v1.0', 'supernova': {'luminosity_requested': <Quantity 4.31528298e+42 erg / s>, 'time_explo...': 10.0, 'survival_probability': 0.0, 'enable_biasing': False, 'virtual_packet_logging': False}}, 'config_dirname': ''}
2025-01-14T12:42:38.5593580Z regression_data = <tardis.tests.fixtures.regression_data.RegressionData object at 0x15fb16690>
2025-01-14T12:42:38.5594320Z nlte_atomic_dataset = <Atomic Data UUID=None MD5=None Lines=69056 Levels=26012>
2025-01-14T12:42:38.5594900Z 
2025-01-14T12:42:38.5595070Z     @pytest.mark.continuum
2025-01-14T12:42:38.5595480Z     def test_montecarlo_continuum(
2025-01-14T12:42:38.5595770Z         continuum_config,
2025-01-14T12:42:38.5595930Z         regression_data,
2025-01-14T12:42:38.5596190Z         nlte_atomic_dataset,
2025-01-14T12:42:38.5596530Z     ):
2025-01-14T12:42:38.5596710Z         nlte_atomic_dataset = deepcopy(nlte_atomic_dataset)
2025-01-14T12:42:38.5597090Z         continuum_simulation = Simulation.from_config(
2025-01-14T12:42:38.5597320Z             continuum_config,
2025-01-14T12:42:38.5597520Z             atom_data=nlte_atomic_dataset,
2025-01-14T12:42:38.5597820Z             virtual_packet_logging=False,
2025-01-14T12:42:38.5598230Z         )
2025-01-14T12:42:38.5598520Z         # continuum_simulation.run_convergence()
2025-01-14T12:42:38.5598870Z     
2025-01-14T12:42:38.5599080Z >       continuum_simulation.run_final()
2025-01-14T12:42:38.5599240Z 
2025-01-14T12:42:38.5599500Z tardis/transport/montecarlo/tests/test_continuum.py:23: 
2025-01-14T12:42:38.5599890Z _ _ _ _ _ _ _ _ _ _ _ _ _ _ _ _ _ _ _ _ _ _ _ _ _ _ _ _ _ _ _ _ _ _ _ _ _ _ _ _ 
2025-01-14T12:42:38.5600270Z tardis/simulation/base.py:558: in run_final
2025-01-14T12:42:38.5600680Z     emitted_luminosity, v_packets_energy_hist = self.iterate(
2025-01-14T12:42:38.5601080Z tardis/simulation/base.py:462: in iterate
2025-01-14T12:42:38.5601520Z     transport_state = self.transport.initialize_transport_state(
2025-01-14T12:42:38.5601860Z tardis/transport/montecarlo/base.py:129: in initialize_transport_state
2025-01-14T12:42:38.5602350Z     ).to_numba(
2025-01-14T12:42:38.5602620Z tardis/opacities/opacity_state.py:342: in to_numba
2025-01-14T12:42:38.5603060Z     return OpacityStateNumba(
2025-01-14T12:42:38.5603560Z ../../../micromamba/envs/tardis/lib/python3.12/site-packages/numba/experimental/jitclass/base.py:124: in __call__
2025-01-14T12:42:38.5604250Z     return cls._ctor(*bind.args[1:], **bind.kwargs)
2025-01-14T12:42:38.5604790Z ../../../micromamba/envs/tardis/lib/python3.12/site-packages/numba/core/dispatcher.py:468: in _compile_for_args
2025-01-14T12:42:38.5605380Z     error_rewrite(e, 'typing')
2025-01-14T12:42:38.5605600Z _ _ _ _ _ _ _ _ _ _ _ _ _ _ _ _ _ _ _ _ _ _ _ _ _ _ _ _ _ _ _ _ _ _ _ _ _ _ _ _ 
2025-01-14T12:42:38.5605800Z 
2025-01-14T12:42:38.5606520Z e = TypingError('Failed in nopython mode pipeline (step: nopython frontend)\nInternal error at <numba.core.typeinfer.CallC...bug level for details.\n\x1b[1m\nFile "<string>", line 3:\x1b[0m\n\x1b[1m<source missing, REPL/exec in use?>\x1b[0m\n')
2025-01-14T12:42:38.5607610Z issue_type = 'typing'
2025-01-14T12:42:38.5607850Z 
2025-01-14T12:42:38.5608020Z     def error_rewrite(e, issue_type):
2025-01-14T12:42:38.5608300Z         """
2025-01-14T12:42:38.5608640Z         Rewrite and raise Exception `e` with help supplied based on the
2025-01-14T12:42:38.5608940Z         specified issue_type.
2025-01-14T12:42:38.5609140Z         """
2025-01-14T12:42:38.5609290Z         if config.SHOW_HELP:
2025-01-14T12:42:38.5609510Z             help_msg = errors.error_extras[issue_type]
2025-01-14T12:42:38.5609930Z             e.patch_message('\n'.join((str(e).rstrip(), help_msg)))
2025-01-14T12:42:38.5610240Z         if config.FULL_TRACEBACKS:
2025-01-14T12:42:38.5610630Z             raise e
2025-01-14T12:42:38.5610830Z         else:
2025-01-14T12:42:38.5611150Z >           raise e.with_traceback(None)
2025-01-14T12:42:38.5611620Z E           numba.core.errors.TypingError: Failed in nopython mode pipeline (step: nopython frontend)
2025-01-14T12:42:38.5612060Z E           Internal error at <numba.core.typeinfer.CallConstraint object at 0x15c178cb0>.
2025-01-14T12:42:38.5612570Z E           [1m[1mFailed in nopython mode pipeline (step: native lowering)
2025-01-14T12:42:38.5612870Z E           [1m[1mCan't index at [1] in [1 x i64]
2025-01-14T12:42:38.5613170Z E           [1m
2025-01-14T12:42:38.5613460Z E           File "tardis/opacities/opacity_state.py", line 82:[0m
2025-01-14T12:42:38.5613960Z E           [1m    def __init__(
2025-01-14T12:42:38.5614200Z E                   <source elided>
2025-01-14T12:42:38.5614410Z E                   self.line_list_nu = line_list_nu
2025-01-14T12:42:38.5614780Z E           [1m        self.tau_sobolev = tau_sobolev
2025-01-14T12:42:38.5615060Z E           [0m        [1m^[0m[0m
2025-01-14T12:42:38.5615410Z E           [0m
2025-01-14T12:42:38.5615870Z E           [0m[1mDuring: lowering "(self).tau_sobolev = tau_sobolev" at /Users/runner/work/tardis/tardis/tardis/opacities/opacity_state.py (82)[0m
2025-01-14T12:42:38.5618700Z E           [0m[1mDuring: resolving callee type: jitclass.OpacityStateNumba#12db142f0<electron_density:array(float64, 1d, A),t_electrons:array(float64, 1d, A),line_list_nu:array(float64, 1d, A),tau_sobolev:array(float64, 2d, A),transition_probabilities:array(float64, 2d, A),line2macro_level_upper:array(int64, 1d, A),macro_block_references:array(int64, 1d, A),transition_type:array(int64, 1d, A),destination_level_id:array(int64, 1d, A),transition_line_id:array(int64, 1d, A),bf_threshold_list_nu:array(float64, 1d, A),p_fb_deactivation:array(float64, 2d, A),photo_ion_nu_threshold_mins:array(float64, 1d, A),photo_ion_nu_threshold_maxs:array(float64, 1d, A),photo_ion_block_references:array(int64, 1d, A),chi_bf:array(float64, 2d, A),x_sect:array(float64, 1d, A),phot_nus:array(float64, 1d, A),ff_opacity_factor:array(float64, 1d, A),emissivities:array(float64, 2d, A),photo_ion_activation_idx:array(int64, 1d, A),k_packet_idx:int64>[0m
2025-01-14T12:42:38.5621010Z E           [0m[1mDuring: typing of call at <string> (3)
2025-01-14T12:42:38.5621270Z E           [0m
2025-01-14T12:42:38.5621480Z E           Enable logging at debug level for details.
2025-01-14T12:42:38.5621780Z E           [1m
2025-01-14T12:42:38.5622060Z E           File "<string>", line 3:[0m
2025-01-14T12:42:38.5622350Z E           [1m<source missing, REPL/exec in use?>[0m
2025-01-14T12:42:38.5622570Z 
2025-01-14T12:42:38.5622830Z ../../../micromamba/envs/tardis/lib/python3.12/site-packages/numba/core/dispatcher.py:409: TypingError
2025-01-14T12:42:38.5623270Z ----------------------------- Captured stdout call -----------------------------
2025-01-14T12:42:38.5623670Z [[1mtardis.io.model.parse_density_configuration[0m][[1;33mWARNING[0m]  
2025-01-14T12:42:38.5624240Z 	Number of density points larger than number of shells. Assuming inner point irrelevant ([1mparse_density_configuration.py[0m:114)
2025-01-14T12:42:38.5624980Z ------------------------------ Captured log call -------------------------------
2025-01-14T12:42:38.5625610Z WARNING  tardis.io.model.parse_density_configuration:parse_density_configuration.py:114 Number of density points larger than number of shells. Assuming inner point irrelevant
2025-01-14T12:42:38.5626270Z =============================== warnings summary ===============================
2025-01-14T12:42:38.5626580Z tardis/io/configuration/config_validator.py:6
2025-01-14T12:42:38.5626890Z tardis/io/configuration/config_validator.py:6
2025-01-14T12:42:38.5627290Z   /Users/runner/work/tardis/tardis/tardis/io/configuration/config_validator.py:6: DeprecationWarning:
2025-01-14T12:42:38.5627790Z   
2025-01-14T12:42:38.5628910Z   jsonschema.RefResolver is deprecated as of v4.18.0, in favor of the https://github.com/python-jsonschema/referencing library, which provides more compliant referencing behavior as well as more flexible APIs for customization. A future release will remove RefResolver. Please file a feature request (on referencing) if you are missing an API for the kind of customization you need.
2025-01-14T12:42:38.5629890Z 
2025-01-14T12:42:38.5630080Z ../../../micromamba/envs/tardis/lib/python3.12/site-packages/jupyter_client/connect.py:22
2025-01-14T12:42:38.5630610Z   /Users/runner/micromamba/envs/tardis/lib/python3.12/site-packages/jupyter_client/connect.py:22: DeprecationWarning:
2025-01-14T12:42:38.5631100Z   
2025-01-14T12:42:38.5631470Z   Jupyter is migrating its paths to use standard platformdirs
2025-01-14T12:42:38.5632200Z   given by the platformdirs library.  To remove this warning and
2025-01-14T12:42:38.5632690Z   see the appropriate new directories, set the environment variable
2025-01-14T12:42:38.5633040Z   `JUPYTER_PLATFORM_DIRS=1` and then run `jupyter --paths`.
2025-01-14T12:42:38.5633500Z   The use of platformdirs will be the default in `jupyter_core` v6
2025-01-14T12:42:38.5633690Z 
2025-01-14T12:42:38.5641400Z tardis/transport/montecarlo/estimators/tests/test_continuum_property_solver.py::test_continuum_estimators
2025-01-14T12:42:38.5641830Z   <string>:3: NumbaPendingDeprecationWarning:
2025-01-14T12:42:38.5642180Z   
2025-01-14T12:42:38.5643210Z   [1m[1mCode using Numba extension API maybe depending on 'old_style' error-capturing, which is deprecated and will be replaced by 'new_style' in a future release. See details at https://numba.readthedocs.io/en/latest/reference/deprecation.html#deprecation-of-old-style-numba-captured-errors
2025-01-14T12:42:38.5644050Z   Exception origin:
2025-01-14T12:42:38.5644530Z     File "/Users/runner/micromamba/envs/tardis/lib/python3.12/site-packages/llvmlite/ir/instructions.py", line 672, in __init__
2025-01-14T12:42:38.5645030Z       raise TypeError("Can't index at %r in %s"
2025-01-14T12:42:38.5645390Z   [0m[0m
2025-01-14T12:42:38.5645460Z 
2025-01-14T12:42:38.5645650Z -- Docs: https://docs.pytest.org/en/stable/how-to/capture-warnings.html
2025-01-14T12:42:38.5645900Z 
2025-01-14T12:42:38.5646110Z ---------- coverage: platform darwin, python 3.12.4-final-0 ----------
2025-01-14T12:42:38.5646450Z Coverage HTML written to dir coverage_html_report
2025-01-14T12:42:38.5646800Z Coverage XML written to file coverage.xml
2025-01-14T12:42:38.5647010Z 
2025-01-14T12:42:38.5647110Z =========================== short test summary info ============================
2025-01-14T12:42:38.5647870Z FAILED tardis/transport/montecarlo/estimators/tests/test_continuum_property_solver.py::test_continuum_estimators - numba.core.errors.TypingError: Failed in nopython mode pipeline (step: nopython frontend)
2025-01-14T12:42:38.5648710Z Internal error at <numba.core.typeinfer.CallConstraint object at 0x15c178cb0>.
2025-01-14T12:42:38.5649170Z [1m[1mFailed in nopython mode pipeline (step: native lowering)
2025-01-14T12:42:38.5649500Z [1m[1mCan't index at [1] in [1 x i64]
2025-01-14T12:42:38.5649720Z [1m
2025-01-14T12:42:38.5649970Z File "tardis/opacities/opacity_state.py", line 82:[0m
2025-01-14T12:42:38.5650650Z [1m    def __init__(
2025-01-14T12:42:38.5650800Z         <source elided>
2025-01-14T12:42:38.5650960Z         self.line_list_nu = line_list_nu
2025-01-14T12:42:38.5651180Z [1m        self.tau_sobolev = tau_sobolev
2025-01-14T12:42:38.5651510Z [0m        [1m^[0m[0m
2025-01-14T12:42:38.5651680Z [0m
2025-01-14T12:42:38.5652080Z [0m[1mDuring: lowering "(self).tau_sobolev = tau_sobolev" at /Users/runner/work/tardis/tardis/tardis/opacities/opacity_state.py (82)[0m
2025-01-14T12:42:38.5654680Z [0m[1mDuring: resolving callee type: jitclass.OpacityStateNumba#12db142f0<electron_density:array(float64, 1d, A),t_electrons:array(float64, 1d, A),line_list_nu:array(float64, 1d, A),tau_sobolev:array(float64, 2d, A),transition_probabilities:array(float64, 2d, A),line2macro_level_upper:array(int64, 1d, A),macro_block_references:array(int64, 1d, A),transition_type:array(int64, 1d, A),destination_level_id:array(int64, 1d, A),transition_line_id:array(int64, 1d, A),bf_threshold_list_nu:array(float64, 1d, A),p_fb_deactivation:array(float64, 2d, A),photo_ion_nu_threshold_mins:array(float64, 1d, A),photo_ion_nu_threshold_maxs:array(float64, 1d, A),photo_ion_block_references:array(int64, 1d, A),chi_bf:array(float64, 2d, A),x_sect:array(float64, 1d, A),phot_nus:array(float64, 1d, A),ff_opacity_factor:array(float64, 1d, A),emissivities:array(float64, 2d, A),photo_ion_activation_idx:array(int64, 1d, A),k_packet_idx:int64>[0m
2025-01-14T12:42:38.5656750Z [0m[1mDuring: typing of call at <string> (3)
2025-01-14T12:42:38.5656950Z [0m
2025-01-14T12:42:38.5657080Z Enable logging at debug level for details.
2025-01-14T12:42:38.5657480Z [1m
2025-01-14T12:42:38.5657820Z File "<string>", line 3:[0m
2025-01-14T12:42:38.5658030Z [1m<source missing, REPL/exec in use?>[0m
2025-01-14T12:42:38.5658720Z FAILED tardis/transport/montecarlo/tests/test_continuum.py::test_montecarlo_continuum - numba.core.errors.TypingError: Failed in nopython mode pipeline (step: nopython frontend)
2025-01-14T12:42:38.5659370Z Internal error at <numba.core.typeinfer.CallConstraint object at 0x15c178cb0>.
2025-01-14T12:42:38.5659760Z [1m[1mFailed in nopython mode pipeline (step: native lowering)
2025-01-14T12:42:38.5660030Z [1m[1mCan't index at [1] in [1 x i64]
2025-01-14T12:42:38.5660260Z [1m
2025-01-14T12:42:38.5660460Z File "tardis/opacities/opacity_state.py", line 82:[0m
2025-01-14T12:42:38.5660740Z [1m    def __init__(
2025-01-14T12:42:38.5660950Z         <source elided>
2025-01-14T12:42:38.5661190Z         self.line_list_nu = line_list_nu
2025-01-14T12:42:38.5661430Z [1m        self.tau_sobolev = tau_sobolev
2025-01-14T12:42:38.5661630Z [0m        [1m^[0m[0m
2025-01-14T12:42:38.5661790Z [0m
2025-01-14T12:42:38.5662190Z [0m[1mDuring: lowering "(self).tau_sobolev = tau_sobolev" at /Users/runner/work/tardis/tardis/tardis/opacities/opacity_state.py (82)[0m
2025-01-14T12:42:38.5664750Z [0m[1mDuring: resolving callee type: jitclass.OpacityStateNumba#12db142f0<electron_density:array(float64, 1d, A),t_electrons:array(float64, 1d, A),line_list_nu:array(float64, 1d, A),tau_sobolev:array(float64, 2d, A),transition_probabilities:array(float64, 2d, A),line2macro_level_upper:array(int64, 1d, A),macro_block_references:array(int64, 1d, A),transition_type:array(int64, 1d, A),destination_level_id:array(int64, 1d, A),transition_line_id:array(int64, 1d, A),bf_threshold_list_nu:array(float64, 1d, A),p_fb_deactivation:array(float64, 2d, A),photo_ion_nu_threshold_mins:array(float64, 1d, A),photo_ion_nu_threshold_maxs:array(float64, 1d, A),photo_ion_block_references:array(int64, 1d, A),chi_bf:array(float64, 2d, A),x_sect:array(float64, 1d, A),phot_nus:array(float64, 1d, A),ff_opacity_factor:array(float64, 1d, A),emissivities:array(float64, 2d, A),photo_ion_activation_idx:array(int64, 1d, A),k_packet_idx:int64>[0m
2025-01-14T12:42:38.5666810Z [0m[1mDuring: typing of call at <string> (3)
2025-01-14T12:42:38.5667010Z [0m
2025-01-14T12:42:38.5667150Z Enable logging at debug level for details.
2025-01-14T12:42:38.5667330Z [1m
2025-01-14T12:42:38.5667480Z File "<string>", line 3:[0m
2025-01-14T12:42:38.5668520Z [1m<source missing, REPL/exec in use?>[0m
2025-01-14T12:42:38.5669120Z =============== 2 failed, 1794 deselected, 4 warnings in 53.16s ================
2025-01-14T12:42:39.8155660Z ##[error]Process completed with exit code 1.
2025-01-14T12:42:39.8294890Z Post job cleanup.
2025-01-14T12:42:39.8382590Z Post job cleanup.
2025-01-14T12:42:40.3695980Z Will use pre-installed micromamba at /Users/runner/micromamba-bin/micromamba
2025-01-14T12:42:40.3702500Z Removing micromamba run shell ...
2025-01-14T12:42:40.3707800Z ##[group]Deinitialize micromamba for bash
2025-01-14T12:42:40.3730610Z [command]/Users/runner/micromamba-bin/micromamba shell deinit -s bash -r /Users/runner/micromamba --log-level warning --rc-file /Users/runner/work/_temp/setup-micromamba/.condarc
2025-01-14T12:42:40.4809170Z Resetting RC file "/Users/runner/.bash_profile"
2025-01-14T12:42:40.4809640Z Deleting config for root prefix 
2025-01-14T12:42:40.4810130Z Clearing mamba executable environment variable
2025-01-14T12:42:40.4858360Z Removing the following in your "/Users/runner/.bash_profile" file
2025-01-14T12:42:40.4863290Z # >>> mamba initialize >>>
2025-01-14T12:42:40.4864640Z ...
2025-01-14T12:42:40.4865090Z # <<< mamba initialize <<<
2025-01-14T12:42:40.4974690Z Removing environment tardis from auto-activate bash ...
2025-01-14T12:42:40.5218920Z Post job cleanup.
2025-01-14T12:42:40.5289670Z Post job cleanup.
2025-01-14T12:42:40.7625690Z [command]/opt/homebrew/bin/git version
2025-01-14T12:42:40.7966380Z git version 2.47.1
2025-01-14T12:42:40.7999900Z Copying '/Users/runner/.gitconfig' to '/Users/runner/work/_temp/871ab937-b7b0-4c7d-b8ae-0bc1c09fa7ed/.gitconfig'
2025-01-14T12:42:40.8008200Z Temporarily overriding HOME='/Users/runner/work/_temp/871ab937-b7b0-4c7d-b8ae-0bc1c09fa7ed' before making global git config changes
2025-01-14T12:42:40.8008900Z Adding repository directory to the temporary git global config as a safe directory
2025-01-14T12:42:40.8012330Z [command]/opt/homebrew/bin/git config --global --add safe.directory /Users/runner/work/tardis/tardis/tardis-regression-data
2025-01-14T12:42:40.8242060Z [command]/opt/homebrew/bin/git config --local --name-only --get-regexp core\.sshCommand
2025-01-14T12:42:40.8345820Z [command]/opt/homebrew/bin/git submodule foreach --recursive sh -c "git config --local --name-only --get-regexp 'core\.sshCommand' && git config --local --unset-all 'core.sshCommand' || :"
2025-01-14T12:42:41.0293580Z [command]/opt/homebrew/bin/git config --local --name-only --get-regexp http\.https\:\/\/github\.com\/\.extraheader
2025-01-14T12:42:41.0361150Z http.https://github.com/.extraheader
2025-01-14T12:42:41.0371050Z [command]/opt/homebrew/bin/git config --local --unset-all http.https://github.com/.extraheader
2025-01-14T12:42:41.0439950Z [command]/opt/homebrew/bin/git submodule foreach --recursive sh -c "git config --local --name-only --get-regexp 'http\.https\:\/\/github\.com\/\.extraheader' && git config --local --unset-all 'http.https://github.com/.extraheader' || :"
2025-01-14T12:42:41.2531390Z Post job cleanup.
2025-01-14T12:42:41.4758070Z [command]/opt/homebrew/bin/git version
2025-01-14T12:42:41.4766320Z git version 2.47.1
2025-01-14T12:42:41.4860330Z Copying '/Users/runner/.gitconfig' to '/Users/runner/work/_temp/67ec2d7c-c68f-491f-b94a-111ffea7cedf/.gitconfig'
2025-01-14T12:42:41.4869910Z Temporarily overriding HOME='/Users/runner/work/_temp/67ec2d7c-c68f-491f-b94a-111ffea7cedf' before making global git config changes
2025-01-14T12:42:41.4870680Z Adding repository directory to the temporary git global config as a safe directory
2025-01-14T12:42:41.4873710Z [command]/opt/homebrew/bin/git config --global --add safe.directory /Users/runner/work/tardis/tardis
2025-01-14T12:42:41.5010680Z [command]/opt/homebrew/bin/git config --local --name-only --get-regexp core\.sshCommand
2025-01-14T12:42:41.5104250Z [command]/opt/homebrew/bin/git submodule foreach --recursive sh -c "git config --local --name-only --get-regexp 'core\.sshCommand' && git config --local --unset-all 'core.sshCommand' || :"
2025-01-14T12:42:41.6446760Z [command]/opt/homebrew/bin/git config --local --name-only --get-regexp http\.https\:\/\/github\.com\/\.extraheader
2025-01-14T12:42:41.6589040Z http.https://github.com/.extraheader
2025-01-14T12:42:41.6619440Z [command]/opt/homebrew/bin/git config --local --unset-all http.https://github.com/.extraheader
2025-01-14T12:42:41.6727460Z [command]/opt/homebrew/bin/git submodule foreach --recursive sh -c "git config --local --name-only --get-regexp 'http\.https\:\/\/github\.com\/\.extraheader' && git config --local --unset-all 'http.https://github.com/.extraheader' || :"
2025-01-14T12:42:41.8867030Z Cleaning up orphan processes
