2025-01-10T11:19:00.5404387Z Requested labels: ubuntu-latest
2025-01-10T11:19:00.5404665Z Job defined at: tardis-sn/tardis/.github/workflows/tests.yml@refs/pull/2929/merge
2025-01-10T11:19:00.5404809Z Waiting for a runner to pick up this job...
2025-01-10T11:19:00.8501113Z Job is waiting for a hosted runner to come online.
2025-01-10T11:19:04.5087873Z Job is about to start running on the hosted runner: GitHub Actions 14 (hosted)
2025-01-10T11:19:06.2291268Z Current runner version: '2.321.0'
2025-01-10T11:19:06.2319151Z ##[group]Operating System
2025-01-10T11:19:06.2320078Z Ubuntu
2025-01-10T11:19:06.2320593Z 24.04.1
2025-01-10T11:19:06.2321072Z LTS
2025-01-10T11:19:06.2321628Z ##[endgroup]
2025-01-10T11:19:06.2322185Z ##[group]Runner Image
2025-01-10T11:19:06.2322724Z Image: ubuntu-24.04
2025-01-10T11:19:06.2323305Z Version: 20250105.1.0
2025-01-10T11:19:06.2324717Z Included Software: https://github.com/actions/runner-images/blob/ubuntu24/20250105.1/images/ubuntu/Ubuntu2404-Readme.md
2025-01-10T11:19:06.2326099Z Image Release: https://github.com/actions/runner-images/releases/tag/ubuntu24%2F20250105.1
2025-01-10T11:19:06.2327050Z ##[endgroup]
2025-01-10T11:19:06.2327591Z ##[group]Runner Image Provisioner
2025-01-10T11:19:06.2328182Z 2.0.404.1
2025-01-10T11:19:06.2328692Z ##[endgroup]
2025-01-10T11:19:06.2330806Z ##[group]GITHUB_TOKEN Permissions
2025-01-10T11:19:06.2332868Z Actions: read
2025-01-10T11:19:06.2334017Z Attestations: read
2025-01-10T11:19:06.2334731Z Checks: read
2025-01-10T11:19:06.2335264Z Contents: read
2025-01-10T11:19:06.2335752Z Deployments: read
2025-01-10T11:19:06.2336310Z Discussions: read
2025-01-10T11:19:06.2336817Z Issues: read
2025-01-10T11:19:06.2337294Z Metadata: read
2025-01-10T11:19:06.2337847Z Packages: read
2025-01-10T11:19:06.2338352Z Pages: read
2025-01-10T11:19:06.2338834Z PullRequests: read
2025-01-10T11:19:06.2339414Z RepositoryProjects: read
2025-01-10T11:19:06.2339972Z SecurityEvents: read
2025-01-10T11:19:06.2340480Z Statuses: read
2025-01-10T11:19:06.2341032Z ##[endgroup]
2025-01-10T11:19:06.2344581Z Secret source: None
2025-01-10T11:19:06.2345356Z Prepare workflow directory
2025-01-10T11:19:06.2996460Z Prepare all required actions
2025-01-10T11:19:06.3033779Z Getting action download info
2025-01-10T11:19:06.5858287Z Download action repository 'actions/checkout@v4' (SHA:11bd71901bbe5b1630ceea73d27597364c9af683)
2025-01-10T11:19:06.6797515Z Download action repository 'actions/upload-artifact@v4' (SHA:6f51ac03b9356f520e9adb1b1b7802705f340c2b)
2025-01-10T11:19:06.8345931Z Complete job name: not continuum ubuntu-latest 
2025-01-10T11:19:06.9022851Z ##[group]Run actions/checkout@v4
2025-01-10T11:19:06.9023904Z with:
2025-01-10T11:19:06.9024308Z   repository: tardis-sn/tardis
2025-01-10T11:19:06.9024934Z   token: ***
2025-01-10T11:19:06.9025328Z   ssh-strict: true
2025-01-10T11:19:06.9025776Z   ssh-user: git
2025-01-10T11:19:06.9026230Z   persist-credentials: true
2025-01-10T11:19:06.9026719Z   clean: true
2025-01-10T11:19:06.9027165Z   sparse-checkout-cone-mode: true
2025-01-10T11:19:06.9027689Z   fetch-depth: 1
2025-01-10T11:19:06.9028119Z   fetch-tags: false
2025-01-10T11:19:06.9028522Z   show-progress: true
2025-01-10T11:19:06.9028917Z   lfs: false
2025-01-10T11:19:06.9029292Z   submodules: false
2025-01-10T11:19:06.9029751Z   set-safe-directory: true
2025-01-10T11:19:06.9030404Z env:
2025-01-10T11:19:06.9030770Z   CACHE_NUMBER: 0
2025-01-10T11:19:06.9032344Z   PYTEST_FLAGS: --tardis-regression-data=/home/runner/work/tardis/tardis/tardis-regression-data --cov=tardis --cov-report=xml --cov-report=html --cov-append
2025-01-10T11:19:06.9034257Z   CODECOV_TOKEN: 
2025-01-10T11:19:06.9034644Z ##[endgroup]
2025-01-10T11:19:07.1652515Z Syncing repository: tardis-sn/tardis
2025-01-10T11:19:07.1654796Z ##[group]Getting Git version info
2025-01-10T11:19:07.1655455Z Working directory is '/home/runner/work/tardis/tardis'
2025-01-10T11:19:07.1656564Z [command]/usr/bin/git version
2025-01-10T11:19:07.1746320Z git version 2.47.1
2025-01-10T11:19:07.1829658Z ##[endgroup]
2025-01-10T11:19:07.1843779Z Temporarily overriding HOME='/home/runner/work/_temp/475c5c0a-69d4-4b51-b1bd-2dbd61a26b6a' before making global git config changes
2025-01-10T11:19:07.1845223Z Adding repository directory to the temporary git global config as a safe directory
2025-01-10T11:19:07.1849023Z [command]/usr/bin/git config --global --add safe.directory /home/runner/work/tardis/tardis
2025-01-10T11:19:07.1888131Z Deleting the contents of '/home/runner/work/tardis/tardis'
2025-01-10T11:19:07.1891672Z ##[group]Initializing the repository
2025-01-10T11:19:07.1895940Z [command]/usr/bin/git init /home/runner/work/tardis/tardis
2025-01-10T11:19:07.1991725Z hint: Using 'master' as the name for the initial branch. This default branch name
2025-01-10T11:19:07.1992734Z hint: is subject to change. To configure the initial branch name to use in all
2025-01-10T11:19:07.1993875Z hint: of your new repositories, which will suppress this warning, call:
2025-01-10T11:19:07.1994600Z hint:
2025-01-10T11:19:07.1995090Z hint: 	git config --global init.defaultBranch <name>
2025-01-10T11:19:07.1996066Z hint:
2025-01-10T11:19:07.1996652Z hint: Names commonly chosen instead of 'master' are 'main', 'trunk' and
2025-01-10T11:19:07.1997528Z hint: 'development'. The just-created branch can be renamed via this command:
2025-01-10T11:19:07.1998253Z hint:
2025-01-10T11:19:07.1998720Z hint: 	git branch -m <name>
2025-01-10T11:19:07.2002841Z Initialized empty Git repository in /home/runner/work/tardis/tardis/.git/
2025-01-10T11:19:07.2019137Z [command]/usr/bin/git remote add origin https://github.com/tardis-sn/tardis
2025-01-10T11:19:07.2069698Z ##[endgroup]
2025-01-10T11:19:07.2070905Z ##[group]Disabling automatic garbage collection
2025-01-10T11:19:07.2075192Z [command]/usr/bin/git config --local gc.auto 0
2025-01-10T11:19:07.2106836Z ##[endgroup]
2025-01-10T11:19:07.2107497Z ##[group]Setting up auth
2025-01-10T11:19:07.2114195Z [command]/usr/bin/git config --local --name-only --get-regexp core\.sshCommand
2025-01-10T11:19:07.2143551Z [command]/usr/bin/git submodule foreach --recursive sh -c "git config --local --name-only --get-regexp 'core\.sshCommand' && git config --local --unset-all 'core.sshCommand' || :"
2025-01-10T11:19:07.2542355Z [command]/usr/bin/git config --local --name-only --get-regexp http\.https\:\/\/github\.com\/\.extraheader
2025-01-10T11:19:07.2575714Z [command]/usr/bin/git submodule foreach --recursive sh -c "git config --local --name-only --get-regexp 'http\.https\:\/\/github\.com\/\.extraheader' && git config --local --unset-all 'http.https://github.com/.extraheader' || :"
2025-01-10T11:19:07.2836078Z [command]/usr/bin/git config --local http.https://github.com/.extraheader AUTHORIZATION: basic ***
2025-01-10T11:19:07.2877608Z ##[endgroup]
2025-01-10T11:19:07.2878853Z ##[group]Fetching the repository
2025-01-10T11:19:07.2887947Z [command]/usr/bin/git -c protocol.version=2 fetch --no-tags --prune --no-recurse-submodules --depth=1 origin +acef00b1f39b2836626a5d4d279a7fc892b8ddc1:refs/remotes/pull/2929/merge
2025-01-10T11:19:08.4435302Z From https://github.com/tardis-sn/tardis
2025-01-10T11:19:08.4437023Z  * [new ref]         acef00b1f39b2836626a5d4d279a7fc892b8ddc1 -> pull/2929/merge
2025-01-10T11:19:08.4466494Z ##[endgroup]
2025-01-10T11:19:08.4468184Z ##[group]Determining the checkout info
2025-01-10T11:19:08.4470083Z ##[endgroup]
2025-01-10T11:19:08.4473176Z [command]/usr/bin/git sparse-checkout disable
2025-01-10T11:19:08.4519337Z [command]/usr/bin/git config --local --unset-all extensions.worktreeConfig
2025-01-10T11:19:08.4548548Z ##[group]Checking out the ref
2025-01-10T11:19:08.4551707Z [command]/usr/bin/git checkout --progress --force refs/remotes/pull/2929/merge
2025-01-10T11:19:08.6598150Z Note: switching to 'refs/remotes/pull/2929/merge'.
2025-01-10T11:19:08.6600813Z 
2025-01-10T11:19:08.6601714Z You are in 'detached HEAD' state. You can look around, make experimental
2025-01-10T11:19:08.6604067Z changes and commit them, and you can discard any commits you make in this
2025-01-10T11:19:08.6606285Z state without impacting any branches by switching back to a branch.
2025-01-10T11:19:08.6607554Z 
2025-01-10T11:19:08.6608392Z If you want to create a new branch to retain commits you create, you may
2025-01-10T11:19:08.6610348Z do so (now or later) by using -c with the switch command. Example:
2025-01-10T11:19:08.6611462Z 
2025-01-10T11:19:08.6611980Z   git switch -c <new-branch-name>
2025-01-10T11:19:08.6612838Z 
2025-01-10T11:19:08.6613323Z Or undo this operation with:
2025-01-10T11:19:08.6614266Z 
2025-01-10T11:19:08.6615091Z   git switch -
2025-01-10T11:19:08.6615724Z 
2025-01-10T11:19:08.6616726Z Turn off this advice by setting config variable advice.detachedHead to false
2025-01-10T11:19:08.6618133Z 
2025-01-10T11:19:08.6619742Z HEAD is now at acef00b Merge fbbb82fc89530532ef92a7718b9418f80dbf92bc into 0fc2c76326b8122f88ddaf369f17a637bbe37c63
2025-01-10T11:19:08.6717686Z ##[endgroup]
2025-01-10T11:19:08.6719943Z [command]/usr/bin/git log -1 --format=%H
2025-01-10T11:19:08.6721262Z acef00b1f39b2836626a5d4d279a7fc892b8ddc1
2025-01-10T11:19:08.7006292Z Prepare all required actions
2025-01-10T11:19:08.7007254Z Getting action download info
2025-01-10T11:19:08.8649235Z Download action repository 'actions/cache@v4' (SHA:1bd1e32a3bdc45362d1e726936510720a7c30a57)
2025-01-10T11:19:08.9985190Z ##[group]Run ./.github/actions/setup_lfs
2025-01-10T11:19:08.9985884Z with:
2025-01-10T11:19:08.9986533Z   regression-data-repo: tardis-sn/tardis-regression-data
2025-01-10T11:19:08.9987255Z env:
2025-01-10T11:19:08.9987852Z   CACHE_NUMBER: 0
2025-01-10T11:19:08.9988948Z   PYTEST_FLAGS: --tardis-regression-data=/home/runner/work/tardis/tardis/tardis-regression-data --cov=tardis --cov-report=xml --cov-report=html --cov-append
2025-01-10T11:19:08.9990096Z   CODECOV_TOKEN: 
2025-01-10T11:19:08.9990668Z ##[endgroup]
2025-01-10T11:19:09.0144898Z ##[group]Run actions/checkout@v4
2025-01-10T11:19:09.0145554Z with:
2025-01-10T11:19:09.0146178Z   repository: tardis-sn/tardis-regression-data
2025-01-10T11:19:09.0146899Z   path: tardis-regression-data
2025-01-10T11:19:09.0147738Z   token: ***
2025-01-10T11:19:09.0148316Z   ssh-strict: true
2025-01-10T11:19:09.0148899Z   ssh-user: git
2025-01-10T11:19:09.0149484Z   persist-credentials: true
2025-01-10T11:19:09.0150099Z   clean: true
2025-01-10T11:19:09.0150687Z   sparse-checkout-cone-mode: true
2025-01-10T11:19:09.0151333Z   fetch-depth: 1
2025-01-10T11:19:09.0151897Z   fetch-tags: false
2025-01-10T11:19:09.0152493Z   show-progress: true
2025-01-10T11:19:09.0153089Z   lfs: false
2025-01-10T11:19:09.0153790Z   submodules: false
2025-01-10T11:19:09.0154389Z   set-safe-directory: true
2025-01-10T11:19:09.0154988Z env:
2025-01-10T11:19:09.0155527Z   CACHE_NUMBER: 0
2025-01-10T11:19:09.0156626Z   PYTEST_FLAGS: --tardis-regression-data=/home/runner/work/tardis/tardis/tardis-regression-data --cov=tardis --cov-report=xml --cov-report=html --cov-append
2025-01-10T11:19:09.0157763Z   CODECOV_TOKEN: 
2025-01-10T11:19:09.0158330Z ##[endgroup]
2025-01-10T11:19:09.1094538Z Syncing repository: tardis-sn/tardis-regression-data
2025-01-10T11:19:09.1100573Z ##[group]Getting Git version info
2025-01-10T11:19:09.1101640Z Working directory is '/home/runner/work/tardis/tardis/tardis-regression-data'
2025-01-10T11:19:09.1148375Z [command]/usr/bin/git version
2025-01-10T11:19:09.1183747Z git version 2.47.1
2025-01-10T11:19:09.1208769Z ##[endgroup]
2025-01-10T11:19:09.1220203Z Temporarily overriding HOME='/home/runner/work/_temp/70bdc7c7-7bc5-48d5-8fbd-f07342f97176' before making global git config changes
2025-01-10T11:19:09.1221547Z Adding repository directory to the temporary git global config as a safe directory
2025-01-10T11:19:09.1225100Z [command]/usr/bin/git config --global --add safe.directory /home/runner/work/tardis/tardis/tardis-regression-data
2025-01-10T11:19:09.1254866Z ##[group]Initializing the repository
2025-01-10T11:19:09.1259458Z [command]/usr/bin/git init /home/runner/work/tardis/tardis/tardis-regression-data
2025-01-10T11:19:09.1295470Z hint: Using 'master' as the name for the initial branch. This default branch name
2025-01-10T11:19:09.1297124Z hint: is subject to change. To configure the initial branch name to use in all
2025-01-10T11:19:09.1298489Z hint: of your new repositories, which will suppress this warning, call:
2025-01-10T11:19:09.1299275Z hint:
2025-01-10T11:19:09.1299911Z hint: 	git config --global init.defaultBranch <name>
2025-01-10T11:19:09.1300632Z hint:
2025-01-10T11:19:09.1301359Z hint: Names commonly chosen instead of 'master' are 'main', 'trunk' and
2025-01-10T11:19:09.1302290Z hint: 'development'. The just-created branch can be renamed via this command:
2025-01-10T11:19:09.1303333Z hint:
2025-01-10T11:19:09.1304304Z hint: 	git branch -m <name>
2025-01-10T11:19:09.1305198Z Initialized empty Git repository in /home/runner/work/tardis/tardis/tardis-regression-data/.git/
2025-01-10T11:19:09.1307470Z [command]/usr/bin/git remote add origin https://github.com/tardis-sn/tardis-regression-data
2025-01-10T11:19:09.1336513Z ##[endgroup]
2025-01-10T11:19:09.1337519Z ##[group]Disabling automatic garbage collection
2025-01-10T11:19:09.1340693Z [command]/usr/bin/git config --local gc.auto 0
2025-01-10T11:19:09.1368303Z ##[endgroup]
2025-01-10T11:19:09.1369257Z ##[group]Setting up auth
2025-01-10T11:19:09.1374258Z [command]/usr/bin/git config --local --name-only --get-regexp core\.sshCommand
2025-01-10T11:19:09.1405122Z [command]/usr/bin/git submodule foreach --recursive sh -c "git config --local --name-only --get-regexp 'core\.sshCommand' && git config --local --unset-all 'core.sshCommand' || :"
2025-01-10T11:19:09.1626563Z [command]/usr/bin/git config --local --name-only --get-regexp http\.https\:\/\/github\.com\/\.extraheader
2025-01-10T11:19:09.1656191Z [command]/usr/bin/git submodule foreach --recursive sh -c "git config --local --name-only --get-regexp 'http\.https\:\/\/github\.com\/\.extraheader' && git config --local --unset-all 'http.https://github.com/.extraheader' || :"
2025-01-10T11:19:09.1889089Z [command]/usr/bin/git config --local http.https://github.com/.extraheader AUTHORIZATION: basic ***
2025-01-10T11:19:09.1926966Z ##[endgroup]
2025-01-10T11:19:09.1928741Z ##[group]Determining the default branch
2025-01-10T11:19:09.1930891Z Retrieving the default branch name
2025-01-10T11:19:09.4477152Z Default branch 'main'
2025-01-10T11:19:09.4478193Z ##[endgroup]
2025-01-10T11:19:09.4479018Z ##[group]Fetching the repository
2025-01-10T11:19:09.4485197Z [command]/usr/bin/git -c protocol.version=2 fetch --no-tags --prune --no-recurse-submodules --depth=1 origin +refs/heads/main:refs/remotes/origin/main
2025-01-10T11:19:09.8931952Z From https://github.com/tardis-sn/tardis-regression-data
2025-01-10T11:19:09.8935300Z  * [new branch]      main       -> origin/main
2025-01-10T11:19:09.8958301Z ##[endgroup]
2025-01-10T11:19:09.8959033Z ##[group]Determining the checkout info
2025-01-10T11:19:09.8960380Z ##[endgroup]
2025-01-10T11:19:09.8966088Z [command]/usr/bin/git sparse-checkout disable
2025-01-10T11:19:09.9003281Z [command]/usr/bin/git config --local --unset-all extensions.worktreeConfig
2025-01-10T11:19:09.9031906Z ##[group]Checking out the ref
2025-01-10T11:19:09.9036860Z [command]/usr/bin/git checkout --progress --force -B main refs/remotes/origin/main
2025-01-10T11:19:10.0228030Z Switched to a new branch 'main'
2025-01-10T11:19:10.0230583Z branch 'main' set up to track 'origin/main'.
2025-01-10T11:19:10.0506167Z ##[endgroup]
2025-01-10T11:19:10.0551507Z [command]/usr/bin/git log -1 --format=%H
2025-01-10T11:19:10.0576599Z 666ab8501c2b2aea30d05b8822e7ddbfca078d23
2025-01-10T11:19:10.0738553Z ##[group]Run git lfs ls-files -l | cut -d' ' -f1 | sort > .lfs-assets-id
2025-01-10T11:19:10.0739181Z [36;1mgit lfs ls-files -l | cut -d' ' -f1 | sort > .lfs-assets-id[0m
2025-01-10T11:19:10.0770917Z shell: /usr/bin/bash --noprofile --norc -e -o pipefail {0}
2025-01-10T11:19:10.0771286Z env:
2025-01-10T11:19:10.0771490Z   CACHE_NUMBER: 0
2025-01-10T11:19:10.0772156Z   PYTEST_FLAGS: --tardis-regression-data=/home/runner/work/tardis/tardis/tardis-regression-data --cov=tardis --cov-report=xml --cov-report=html --cov-append
2025-01-10T11:19:10.0772862Z   CODECOV_TOKEN: 
2025-01-10T11:19:10.0773086Z ##[endgroup]
2025-01-10T11:19:10.2063217Z ##[group]Run actions/cache/restore@v4
2025-01-10T11:19:10.2063802Z with:
2025-01-10T11:19:10.2064106Z   path: tardis-regression-data/.git/lfs
2025-01-10T11:19:10.2064687Z   key: Linux-lfs-21f9fa4b6817cc69b9fae3598144724da7828e276a73bd17f47a2a49d9af090a-v1
2025-01-10T11:19:10.2065274Z   enableCrossOsArchive: false
2025-01-10T11:19:10.2065621Z   fail-on-cache-miss: false
2025-01-10T11:19:10.2066240Z   lookup-only: false
2025-01-10T11:19:10.2066555Z env:
2025-01-10T11:19:10.2066816Z   CACHE_NUMBER: 0
2025-01-10T11:19:10.2067636Z   PYTEST_FLAGS: --tardis-regression-data=/home/runner/work/tardis/tardis/tardis-regression-data --cov=tardis --cov-report=xml --cov-report=html --cov-append
2025-01-10T11:19:10.2068504Z   CODECOV_TOKEN: 
2025-01-10T11:19:10.2068776Z ##[endgroup]
2025-01-10T11:19:11.5756068Z Received 255852544 of 1708418946 (15.0%), 242.5 MBs/sec
2025-01-10T11:19:12.5768053Z Received 620756992 of 1708418946 (36.3%), 295.0 MBs/sec
2025-01-10T11:19:13.5772098Z Received 977272832 of 1708418946 (57.2%), 309.9 MBs/sec
2025-01-10T11:19:14.5823963Z Received 1300234240 of 1708418946 (76.1%), 309.0 MBs/sec
2025-01-10T11:19:15.5820395Z Received 1610612736 of 1708418946 (94.3%), 306.5 MBs/sec
2025-01-10T11:19:15.9008771Z Cache Size: ~1629 MB (1708418946 B)
2025-01-10T11:19:15.9046910Z [command]/usr/bin/tar -xf /home/runner/work/_temp/35aa5dc6-829e-4d7f-8198-dcfabc523752/cache.tzst -P -C /home/runner/work/tardis/tardis --use-compress-program unzstd
2025-01-10T11:19:16.5832746Z Received 1708418946 of 1708418946 (100.0%), 271.0 MBs/sec
2025-01-10T11:19:22.2311058Z Cache restored successfully
2025-01-10T11:19:22.5285661Z Cache restored from key: Linux-lfs-21f9fa4b6817cc69b9fae3598144724da7828e276a73bd17f47a2a49d9af090a-v1
2025-01-10T11:19:22.5478717Z ##[group]Run git lfs checkout
2025-01-10T11:19:22.5478978Z [36;1mgit lfs checkout[0m
2025-01-10T11:19:22.5505824Z shell: /usr/bin/bash --noprofile --norc -e -o pipefail {0}
2025-01-10T11:19:22.5506153Z env:
2025-01-10T11:19:22.5506326Z   CACHE_NUMBER: 0
2025-01-10T11:19:22.5506931Z   PYTEST_FLAGS: --tardis-regression-data=/home/runner/work/tardis/tardis/tardis-regression-data --cov=tardis --cov-report=xml --cov-report=html --cov-append
2025-01-10T11:19:22.5507581Z   CODECOV_TOKEN: 
2025-01-10T11:19:22.5507765Z ##[endgroup]
2025-01-10T11:19:36.2095111Z Checking out LFS objects: 100% (204/204), 3.5 GB | 262 MB/s, done.
2025-01-10T11:19:38.1025886Z Prepare all required actions
2025-01-10T11:19:38.1026236Z Getting action download info
2025-01-10T11:19:38.2347326Z Download action repository 'mamba-org/setup-micromamba@v1' (SHA:4b9113af4fba0e9e1124b252dd6497a419e7396d)
2025-01-10T11:19:38.6337098Z ##[group]Run ./.github/actions/setup_env
2025-01-10T11:19:38.6337359Z with:
2025-01-10T11:19:38.6337537Z   os-label: linux-64
2025-01-10T11:19:38.6337717Z env:
2025-01-10T11:19:38.6337868Z   CACHE_NUMBER: 0
2025-01-10T11:19:38.6338463Z   PYTEST_FLAGS: --tardis-regression-data=/home/runner/work/tardis/tardis/tardis-regression-data --cov=tardis --cov-report=xml --cov-report=html --cov-append
2025-01-10T11:19:38.6339101Z   CODECOV_TOKEN: 
2025-01-10T11:19:38.6339279Z ##[endgroup]
2025-01-10T11:19:38.6360463Z ##[group]Run file_hash=$(cat conda-linux-64.lock | shasum -a 256 | cut -d' ' -f1)
2025-01-10T11:19:38.6360940Z [36;1mfile_hash=$(cat conda-linux-64.lock | shasum -a 256 | cut -d' ' -f1)[0m
2025-01-10T11:19:38.6361394Z [36;1mecho "file_hash=$file_hash" >> "${GITHUB_OUTPUT}"[0m
2025-01-10T11:19:38.6387310Z shell: /usr/bin/bash --noprofile --norc -e -o pipefail {0}
2025-01-10T11:19:38.6387604Z env:
2025-01-10T11:19:38.6387767Z   CACHE_NUMBER: 0
2025-01-10T11:19:38.6388354Z   PYTEST_FLAGS: --tardis-regression-data=/home/runner/work/tardis/tardis/tardis-regression-data --cov=tardis --cov-report=xml --cov-report=html --cov-append
2025-01-10T11:19:38.6388974Z   CODECOV_TOKEN: 
2025-01-10T11:19:38.6389152Z ##[endgroup]
2025-01-10T11:19:38.6692467Z ##[group]Run mamba-org/setup-micromamba@v1
2025-01-10T11:19:38.6692725Z with:
2025-01-10T11:19:38.6692913Z   environment-file: conda-linux-64.lock
2025-01-10T11:19:38.6693331Z   cache-environment-key: d7cd390425b0fd3cf82649dcc003efba9915fb4928f15d342148c3ccffcbe2ee
2025-01-10T11:19:38.6694335Z   cache-downloads-key: d7cd390425b0fd3cf82649dcc003efba9915fb4928f15d342148c3ccffcbe2ee
2025-01-10T11:19:38.6694738Z   environment-name: tardis
2025-01-10T11:19:38.6694953Z   cache-environment: true
2025-01-10T11:19:38.6695180Z   cache-downloads: true
2025-01-10T11:19:38.6695576Z env:
2025-01-10T11:19:38.6695733Z   CACHE_NUMBER: 0
2025-01-10T11:19:38.6696330Z   PYTEST_FLAGS: --tardis-regression-data=/home/runner/work/tardis/tardis/tardis-regression-data --cov=tardis --cov-report=xml --cov-report=html --cov-append
2025-01-10T11:19:38.6696964Z   CODECOV_TOKEN: 
2025-01-10T11:19:38.6697146Z ##[endgroup]
2025-01-10T11:19:38.8076150Z Will download micromamba to /home/runner/micromamba-bin/micromamba
2025-01-10T11:19:38.8085316Z ##[group]Install micromamba
2025-01-10T11:19:39.1736479Z micromamba installed to /home/runner/micromamba-bin/micromamba
2025-01-10T11:19:39.1737392Z ##[endgroup]
2025-01-10T11:19:39.1738005Z Adding conda-forge to condarc channels ...
2025-01-10T11:19:39.1747551Z ##[group]Initialize micromamba for bash.
2025-01-10T11:19:39.1765138Z [command]/home/runner/micromamba-bin/micromamba shell init -s bash -r /home/runner/micromamba --log-level warning --rc-file /home/runner/work/_temp/setup-micromamba/.condarc
2025-01-10T11:19:39.1878963Z Modifying RC file "/home/runner/.bashrc"
2025-01-10T11:19:39.1880343Z Generating config for root prefix [1m"/home/runner/micromamba"[0m
2025-01-10T11:19:39.1881226Z Setting mamba executable to: [1m"/home/runner/micromamba-bin/micromamba"[0m
2025-01-10T11:19:39.1882028Z Adding (or replacing) the following in your "/home/runner/.bashrc" file
2025-01-10T11:19:39.1882469Z 
2025-01-10T11:19:39.1882603Z # >>> mamba initialize >>>
2025-01-10T11:19:39.1883043Z # !! Contents within this block are managed by 'mamba init' !!
2025-01-10T11:19:39.1883841Z export MAMBA_EXE='/home/runner/micromamba-bin/micromamba';
2025-01-10T11:19:39.1884384Z export MAMBA_ROOT_PREFIX='/home/runner/micromamba';
2025-01-10T11:19:39.1885135Z __mamba_setup="$("$MAMBA_EXE" shell hook --shell bash --root-prefix "$MAMBA_ROOT_PREFIX" 2> /dev/null)"
2025-01-10T11:19:39.1885824Z if [ $? -eq 0 ]; then
2025-01-10T11:19:39.1886158Z     eval "$__mamba_setup"
2025-01-10T11:19:39.1886497Z else
2025-01-10T11:19:39.1887276Z     alias micromamba="$MAMBA_EXE"  # Fallback on help from mamba activate
2025-01-10T11:19:39.1887841Z fi
2025-01-10T11:19:39.1888095Z unset __mamba_setup
2025-01-10T11:19:39.1888425Z # <<< mamba initialize <<<
2025-01-10T11:19:39.1888650Z 
2025-01-10T11:19:39.1899820Z Moving mamba initialize block to .bash_profile
2025-01-10T11:19:39.1912325Z ##[endgroup]
2025-01-10T11:19:39.1913866Z ##[group]Restoring downloads from `/home/runner/micromamba/pkgs` ...
2025-01-10T11:19:40.4004984Z Received 247463936 of 356800233 (69.4%), 235.8 MBs/sec
2025-01-10T11:19:40.7900945Z Cache Size: ~340 MB (356800233 B)
2025-01-10T11:19:40.7959105Z [command]/usr/bin/tar -xf /home/runner/work/_temp/c4a97280-0177-4e22-bcfe-63968077a3ef/cache.tzst -P -C /home/runner/work/tardis/tardis --use-compress-program unzstd
2025-01-10T11:19:41.2562531Z Cache restored successfully
2025-01-10T11:19:41.3295705Z Restored cache with key `d7cd390425b0fd3cf82649dcc003efba9915fb4928f15d342148c3ccffcbe2ee-linux-64`
2025-01-10T11:19:41.3297340Z ##[endgroup]
2025-01-10T11:19:41.3307980Z ##[group]Restoring environment `tardis` from `/home/runner/micromamba/envs/tardis` ...
2025-01-10T11:19:41.3999285Z Received 356800233 of 356800233 (100.0%), 170.1 MBs/sec
2025-01-10T11:19:42.4696877Z Received 234881024 of 444592193 (52.8%), 222.7 MBs/sec
2025-01-10T11:19:43.0667238Z Cache Size: ~424 MB (444592193 B)
2025-01-10T11:19:43.0705831Z [command]/usr/bin/tar -xf /home/runner/work/_temp/0c1dbb7b-f859-4f39-8320-a2af8507ba41/cache.tzst -P -C /home/runner/work/tardis/tardis --use-compress-program unzstd
2025-01-10T11:19:43.4713019Z Received 444592193 of 444592193 (100.0%), 211.2 MBs/sec
2025-01-10T11:19:48.1468955Z Cache restored successfully
2025-01-10T11:19:48.2410418Z Restored cache with key `d7cd390425b0fd3cf82649dcc003efba9915fb4928f15d342148c3ccffcbe2ee-linux-64-tardis-args-4f53cda-root-dcc80ee-bin-[object Promise]-file-d7cd390425b0fd3cf82649dcc003efba9915fb4928f15d342148c3ccffcbe2ee`
2025-01-10T11:19:48.2412586Z ##[endgroup]
2025-01-10T11:19:48.2413016Z Adding environment tardis to auto-activate bash ...
2025-01-10T11:19:48.2423991Z Generating micromamba run shell.
2025-01-10T11:19:48.2440509Z ##[endgroup]
2025-01-10T11:19:48.2456560Z Set environment variables.
2025-01-10T11:19:48.2459039Z ##[group]micromamba info
2025-01-10T11:19:48.2460774Z [command]/home/runner/micromamba-bin/micromamba info -r /home/runner/micromamba -n tardis
2025-01-10T11:19:48.2702360Z 
2025-01-10T11:19:48.2704081Z        libmamba version : 1.5.10
2025-01-10T11:19:48.2704617Z      micromamba version : 1.5.10
2025-01-10T11:19:48.2705292Z            curl version : libcurl/8.10.1 OpenSSL/3.3.2 zlib/1.3.1 zstd/1.5.6 libssh2/1.11.0 nghttp2/1.58.0
2025-01-10T11:19:48.2706150Z      libarchive version : libarchive 3.7.4 zlib/1.2.13 bz2lib/1.0.8 libzstd/1.5.6
2025-01-10T11:19:48.2706836Z        envs directories : /home/runner/micromamba/envs
2025-01-10T11:19:48.2707434Z           package cache : /home/runner/micromamba/pkgs
2025-01-10T11:19:48.2707941Z                           /home/runner/.mamba/pkgs
2025-01-10T11:19:48.2708383Z             environment : tardis
2025-01-10T11:19:48.2708859Z            env location : /home/runner/micromamba/envs/tardis
2025-01-10T11:19:48.2709390Z       user config files : /home/runner/.mambarc
2025-01-10T11:19:48.2710023Z  populated config files : /home/runner/work/_temp/setup-micromamba/.condarc
2025-01-10T11:19:48.2710606Z        virtual packages : __unix=0=0
2025-01-10T11:19:48.2711005Z                           __linux=6.8.0=0
2025-01-10T11:19:48.2711405Z                           __glibc=2.39=0
2025-01-10T11:19:48.2711852Z                           __archspec=1=x86_64_v3
2025-01-10T11:19:48.2712412Z                channels : https://conda.anaconda.org/conda-forge/linux-64
2025-01-10T11:19:48.2713018Z                           https://conda.anaconda.org/conda-forge/noarch
2025-01-10T11:19:48.2713724Z        base environment : /home/runner/micromamba
2025-01-10T11:19:48.2714197Z                platform : linux-64
2025-01-10T11:19:48.2722460Z ##[endgroup]
2025-01-10T11:19:48.2723627Z ##[group]micromamba list
2025-01-10T11:19:48.2724825Z [command]/home/runner/micromamba-bin/micromamba list -r /home/runner/micromamba -n tardis
2025-01-10T11:19:48.6692973Z List of packages in environment: "/home/runner/micromamba/envs/tardis"
2025-01-10T11:19:48.6693975Z 
2025-01-10T11:19:48.6694437Z   Name                           Version              Build                    Channel    
2025-01-10T11:19:48.6696050Z ────────────────────────────────────────────────────────────────────────────────────────────
2025-01-10T11:19:48.6696951Z   _libgcc_mutex                  0.1                  conda_forge              conda-forge
2025-01-10T11:19:48.6697574Z   _openmp_mutex                  4.5                  2_gnu                    conda-forge
2025-01-10T11:19:48.6698184Z   alabaster                      0.7.16               pyhd8ed1ab_0             conda-forge
2025-01-10T11:19:48.6698765Z   anyio                          4.4.0                pyhd8ed1ab_0             conda-forge
2025-01-10T11:19:48.6699391Z   argon2-cffi                    23.1.0               pyhd8ed1ab_0             conda-forge
2025-01-10T11:19:48.6700106Z   argon2-cffi-bindings           21.2.0               py312h98912ed_4          conda-forge
2025-01-10T11:19:48.6700723Z   arrow                          1.3.0                pyhd8ed1ab_0             conda-forge
2025-01-10T11:19:48.6701269Z   astropy                        6.1.1                py312h085067d_0          conda-forge
2025-01-10T11:19:48.6701882Z   astropy-iers-data              0.2024.6.17.0.31.35  pyhd8ed1ab_0             conda-forge
2025-01-10T11:19:48.6702448Z   astropy-sphinx-theme           1.1                  pyhd8ed1ab_0             conda-forge
2025-01-10T11:19:48.6702912Z   asttokens                      2.4.1                pyhd8ed1ab_0             conda-forge
2025-01-10T11:19:48.6703313Z   async-lru                      2.0.4                pyhd8ed1ab_0             conda-forge
2025-01-10T11:19:48.6703945Z   atk-1.0                        2.38.0               h04ea711_2               conda-forge
2025-01-10T11:19:48.6704639Z   attrs                          23.2.0               pyh71513ae_0             conda-forge
2025-01-10T11:19:48.6705014Z   babel                          2.14.0               pyhd8ed1ab_0             conda-forge
2025-01-10T11:19:48.6705419Z   beautifulsoup4                 4.12.3               pyha770c72_0             conda-forge
2025-01-10T11:19:48.6705828Z   bleach                         6.1.0                pyhd8ed1ab_0             conda-forge
2025-01-10T11:19:48.6706198Z   blosc                          1.21.5               hc2324a3_1               conda-forge
2025-01-10T11:19:48.6706563Z   brotli                         1.1.0                hd590300_1               conda-forge
2025-01-10T11:19:48.6706942Z   brotli-bin                     1.1.0                hd590300_1               conda-forge
2025-01-10T11:19:48.6707351Z   brotli-python                  1.1.0                py312h30efb56_1          conda-forge
2025-01-10T11:19:48.6707751Z   bzip2                          1.0.8                hd590300_5               conda-forge
2025-01-10T11:19:48.6708118Z   c-ares                         1.28.1               hd590300_0               conda-forge
2025-01-10T11:19:48.6708503Z   c-blosc2                       2.14.4               hb4ffafa_1               conda-forge
2025-01-10T11:19:48.6708925Z   ca-certificates                2024.6.2             hbcca054_0               conda-forge
2025-01-10T11:19:48.6709408Z   cached-property                1.5.2                hd8ed1ab_1               conda-forge
2025-01-10T11:19:48.6709847Z   cached_property                1.5.2                pyha770c72_1             conda-forge
2025-01-10T11:19:48.6710247Z   cairo                          1.18.0               h3faef2a_0               conda-forge
2025-01-10T11:19:48.6710630Z   certifi                        2024.6.2             pyhd8ed1ab_0             conda-forge
2025-01-10T11:19:48.6711162Z   cffi                           1.16.0               py312hf06ca03_0          conda-forge
2025-01-10T11:19:48.6711589Z   charset-normalizer             3.3.2                pyhd8ed1ab_0             conda-forge
2025-01-10T11:19:48.6712012Z   click                          8.1.7                unix_pyh707e725_0        conda-forge
2025-01-10T11:19:48.6712405Z   codespell                      2.3.0                pyhd8ed1ab_0             conda-forge
2025-01-10T11:19:48.6712788Z   colorama                       0.4.6                pyhd8ed1ab_0             conda-forge
2025-01-10T11:19:48.6713118Z   comm                           0.2.2                pyhd8ed1ab_0             conda-forge
2025-01-10T11:19:48.6713577Z   commonmark                     0.9.1                py_0                     conda-forge
2025-01-10T11:19:48.6713937Z   contourpy                      1.2.1                py312h8572e83_0          conda-forge
2025-01-10T11:19:48.6714294Z   coverage                       7.5.3                py312h9a8786e_0          conda-forge
2025-01-10T11:19:48.6714639Z   cycler                         0.12.1               pyhd8ed1ab_0             conda-forge
2025-01-10T11:19:48.6715012Z   dataclasses                    0.8                  pyhc8e2a94_3             conda-forge
2025-01-10T11:19:48.6715373Z   debugpy                        1.8.1                py312h30efb56_0          conda-forge
2025-01-10T11:19:48.6715738Z   decorator                      5.1.1                pyhd8ed1ab_0             conda-forge
2025-01-10T11:19:48.6716100Z   defusedxml                     0.7.1                pyhd8ed1ab_0             conda-forge
2025-01-10T11:19:48.6716465Z   docutils                       0.20.1               py312h7900ff3_3          conda-forge
2025-01-10T11:19:48.6716815Z   dot2tex                        2.11.3               pyhd8ed1ab_0             conda-forge
2025-01-10T11:19:48.6717172Z   entrypoints                    0.4                  pyhd8ed1ab_0             conda-forge
2025-01-10T11:19:48.6717555Z   exceptiongroup                 1.2.0                pyhd8ed1ab_2             conda-forge
2025-01-10T11:19:48.6718058Z   executing                      2.0.1                pyhd8ed1ab_0             conda-forge
2025-01-10T11:19:48.6718418Z   expat                          2.6.2                h59595ed_0               conda-forge
2025-01-10T11:19:48.6718938Z   font-ttf-dejavu-sans-mono      2.37                 hab24e00_0               conda-forge
2025-01-10T11:19:48.6719487Z   font-ttf-inconsolata           3.000                h77eed37_0               conda-forge
2025-01-10T11:19:48.6720115Z   font-ttf-source-code-pro       2.038                h77eed37_0               conda-forge
2025-01-10T11:19:48.6720636Z   font-ttf-ubuntu                0.83                 h77eed37_2               conda-forge
2025-01-10T11:19:48.6721119Z   fontconfig                     2.14.2               h14ed4e7_0               conda-forge
2025-01-10T11:19:48.6721714Z   fonts-conda-ecosystem          1                    0                        conda-forge
2025-01-10T11:19:48.6722274Z   fonts-conda-forge              1                    0                        conda-forge
2025-01-10T11:19:48.6722778Z   fonttools                      4.53.0               py312h9a8786e_0          conda-forge
2025-01-10T11:19:48.6723249Z   fqdn                           1.5.1                pyhd8ed1ab_0             conda-forge
2025-01-10T11:19:48.6723802Z   freetype                       2.12.1               h267a509_2               conda-forge
2025-01-10T11:19:48.6724287Z   fribidi                        1.0.10               h36c2ea0_0               conda-forge
2025-01-10T11:19:48.6724758Z   future                         1.0.0                pyhd8ed1ab_0             conda-forge
2025-01-10T11:19:48.6794784Z   gdk-pixbuf                     2.42.12              hb9ae30d_0               conda-forge
2025-01-10T11:19:48.6795437Z   giflib                         5.2.2                hd590300_0               conda-forge
2025-01-10T11:19:48.6796270Z   git-lfs                        3.5.1                ha770c72_0               conda-forge
2025-01-10T11:19:48.6796631Z   gmp                            6.3.0                h59595ed_1               conda-forge
2025-01-10T11:19:48.6796955Z   gmpy2                          2.1.5                py312h1d5cde6_1          conda-forge
2025-01-10T11:19:48.6797307Z   graphite2                      1.3.13               h59595ed_1003            conda-forge
2025-01-10T11:19:48.6797656Z   graphviz                       11.0.0               hc68bbd7_0               conda-forge
2025-01-10T11:19:48.6797995Z   gtk2                           2.24.33              h280cfa0_4               conda-forge
2025-01-10T11:19:48.6798304Z   gts                            0.7.6                h977cf35_4               conda-forge
2025-01-10T11:19:48.6798614Z   h11                            0.14.0               pyhd8ed1ab_0             conda-forge
2025-01-10T11:19:48.6798925Z   h2                             4.1.0                pyhd8ed1ab_0             conda-forge
2025-01-10T11:19:48.6799250Z   h5py                           3.11.0               nompi_py312hb7ab980_102  conda-forge
2025-01-10T11:19:48.6799591Z   harfbuzz                       8.5.0                hfac3d4d_0               conda-forge
2025-01-10T11:19:48.6799930Z   hdf5                           1.14.3               nompi_hdf9ad27_105       conda-forge
2025-01-10T11:19:48.6800261Z   hpack                          4.0.0                pyh9f0ad1d_0             conda-forge
2025-01-10T11:19:48.6800611Z   httpcore                       1.0.5                pyhd8ed1ab_0             conda-forge
2025-01-10T11:19:48.6800953Z   httpx                          0.27.0               pyhd8ed1ab_0             conda-forge
2025-01-10T11:19:48.6801295Z   hyperframe                     6.0.1                pyhd8ed1ab_0             conda-forge
2025-01-10T11:19:48.6801627Z   icu                            73.2                 h59595ed_0               conda-forge
2025-01-10T11:19:48.6801940Z   idna                           3.7                  pyhd8ed1ab_0             conda-forge
2025-01-10T11:19:48.6802409Z   imagesize                      1.4.1                pyhd8ed1ab_0             conda-forge
2025-01-10T11:19:48.6802791Z   importlib-metadata             7.1.0                pyha770c72_0             conda-forge
2025-01-10T11:19:48.6803194Z   importlib_metadata             7.1.0                hd8ed1ab_0               conda-forge
2025-01-10T11:19:48.6803746Z   importlib_resources            6.4.0                pyhd8ed1ab_0             conda-forge
2025-01-10T11:19:48.6804126Z   iniconfig                      2.0.0                pyhd8ed1ab_0             conda-forge
2025-01-10T11:19:48.6804479Z   ipykernel                      6.29.4               pyh3099207_0             conda-forge
2025-01-10T11:19:48.6804826Z   ipython                        8.25.0               pyh707e725_0             conda-forge
2025-01-10T11:19:48.6805189Z   ipython_genutils               0.2.0                pyhd8ed1ab_1             conda-forge
2025-01-10T11:19:48.6805576Z   ipywidgets                     7.8.0                pyhd8ed1ab_0             conda-forge
2025-01-10T11:19:48.6805949Z   isoduration                    20.11.0              pyhd8ed1ab_0             conda-forge
2025-01-10T11:19:48.6806294Z   jedi                           0.19.1               pyhd8ed1ab_0             conda-forge
2025-01-10T11:19:48.6806634Z   jinja2                         3.1.4                pyhd8ed1ab_0             conda-forge
2025-01-10T11:19:48.6806978Z   json5                          0.9.25               pyhd8ed1ab_0             conda-forge
2025-01-10T11:19:48.6807330Z   jsonpointer                    3.0.0                py312h7900ff3_0          conda-forge
2025-01-10T11:19:48.6807702Z   jsonschema                     4.22.0               pyhd8ed1ab_0             conda-forge
2025-01-10T11:19:48.6808124Z   jsonschema-specifications      2023.12.1            pyhd8ed1ab_0             conda-forge
2025-01-10T11:19:48.6808727Z   jsonschema-with-format-nongpl  4.22.0               pyhd8ed1ab_0             conda-forge
2025-01-10T11:19:48.6809163Z   jupyter-lsp                    2.2.5                pyhd8ed1ab_0             conda-forge
2025-01-10T11:19:48.6809538Z   jupyter_client                 8.6.2                pyhd8ed1ab_0             conda-forge
2025-01-10T11:19:48.6809905Z   jupyter_core                   5.7.2                py312h7900ff3_0          conda-forge
2025-01-10T11:19:48.6810272Z   jupyter_events                 0.10.0               pyhd8ed1ab_0             conda-forge
2025-01-10T11:19:48.6810650Z   jupyter_server                 2.14.1               pyhd8ed1ab_0             conda-forge
2025-01-10T11:19:48.6811056Z   jupyter_server_terminals       0.5.3                pyhd8ed1ab_0             conda-forge
2025-01-10T11:19:48.6811455Z   jupyterlab                     4.2.2                pyhd8ed1ab_0             conda-forge
2025-01-10T11:19:48.6811843Z   jupyterlab_pygments            0.3.0                pyhd8ed1ab_1             conda-forge
2025-01-10T11:19:48.6812260Z   jupyterlab_server              2.27.2               pyhd8ed1ab_0             conda-forge
2025-01-10T11:19:48.6812663Z   jupyterlab_widgets             1.1.7                pyhd8ed1ab_0             conda-forge
2025-01-10T11:19:48.6813039Z   keyutils                       1.6.1                h166bdaf_0               conda-forge
2025-01-10T11:19:48.6813582Z   kiwisolver                     1.4.5                py312h8572e83_1          conda-forge
2025-01-10T11:19:48.6814011Z   krb5                           1.21.2               h659d440_0               conda-forge
2025-01-10T11:19:48.6814351Z   latexcodec                     2.0.1                pyh9f0ad1d_0             conda-forge
2025-01-10T11:19:48.6814688Z   lcms2                          2.16                 hb7c19ff_0               conda-forge
2025-01-10T11:19:48.6815033Z   ld_impl_linux-64               2.40                 hf3520f5_7               conda-forge
2025-01-10T11:19:48.6815371Z   lerc                           4.0.0                h27087fc_0               conda-forge
2025-01-10T11:19:48.6815693Z   libaec                         1.1.3                h59595ed_0               conda-forge
2025-01-10T11:19:48.6816164Z   libblas                        3.9.0                22_linux64_openblas      conda-forge
2025-01-10T11:19:48.6816536Z   libbrotlicommon                1.1.0                hd590300_1               conda-forge
2025-01-10T11:19:48.6816913Z   libbrotlidec                   1.1.0                hd590300_1               conda-forge
2025-01-10T11:19:48.6817272Z   libbrotlienc                   1.1.0                hd590300_1               conda-forge
2025-01-10T11:19:48.6817627Z   libcblas                       3.9.0                22_linux64_openblas      conda-forge
2025-01-10T11:19:48.6817964Z   libcurl                        8.8.0                hca28451_0               conda-forge
2025-01-10T11:19:48.6818304Z   libdeflate                     1.20                 hd590300_0               conda-forge
2025-01-10T11:19:48.6818675Z   libedit                        3.1.20191231         he28a2e2_2               conda-forge
2025-01-10T11:19:48.6819027Z   libev                          4.33                 hd590300_2               conda-forge
2025-01-10T11:19:48.6819357Z   libexpat                       2.6.2                h59595ed_0               conda-forge
2025-01-10T11:19:48.6819727Z   libffi                         3.4.2                h7f98852_5               conda-forge
2025-01-10T11:19:48.6820117Z   libgcc-ng                      13.2.0               h77fa898_10              conda-forge
2025-01-10T11:19:48.6820446Z   libgd                          2.3.3                h119a65a_9               conda-forge
2025-01-10T11:19:48.6820791Z   libgfortran-ng                 13.2.0               h69a702a_10              conda-forge
2025-01-10T11:19:48.6821163Z   libgfortran5                   13.2.0               h3d2ce59_10              conda-forge
2025-01-10T11:19:48.6821514Z   libglib                        2.80.2               h8a4344b_1               conda-forge
2025-01-10T11:19:48.6821961Z   libgomp                        13.2.0               h77fa898_10              conda-forge
2025-01-10T11:19:48.6822314Z   libiconv                       1.17                 hd590300_2               conda-forge
2025-01-10T11:19:48.6822670Z   libjpeg-turbo                  3.0.0                hd590300_1               conda-forge
2025-01-10T11:19:48.6823036Z   liblapack                      3.9.0                22_linux64_openblas      conda-forge
2025-01-10T11:19:48.6823730Z   libllvm14                      14.0.6               hcd5def8_4               conda-forge
2025-01-10T11:19:48.6824113Z   libnghttp2                     1.58.0               h47da74e_1               conda-forge
2025-01-10T11:19:48.6824459Z   libnsl                         2.0.1                hd590300_0               conda-forge
2025-01-10T11:19:48.6824823Z   libopenblas                    0.3.27               pthreads_h413a1c8_0      conda-forge
2025-01-10T11:19:48.6825185Z   libpng                         1.6.43               h2797004_0               conda-forge
2025-01-10T11:19:48.6825535Z   librsvg                        2.58.1               hadf69e7_0               conda-forge
2025-01-10T11:19:48.6825876Z   libsodium                      1.0.18               h36c2ea0_1               conda-forge
2025-01-10T11:19:48.6826221Z   libsqlite                      3.46.0               hde9e2c9_0               conda-forge
2025-01-10T11:19:48.6826559Z   libssh2                        1.11.0               h0841786_0               conda-forge
2025-01-10T11:19:48.6826909Z   libstdcxx-ng                   13.2.0               hc0a3c3a_10              conda-forge
2025-01-10T11:19:48.6827259Z   libtiff                        4.6.0                h1dd3fc0_3               conda-forge
2025-01-10T11:19:48.6827594Z   libuuid                        2.38.1               h0b41bf4_0               conda-forge
2025-01-10T11:19:48.6827931Z   libwebp                        1.4.0                h2c329e2_0               conda-forge
2025-01-10T11:19:48.6828280Z   libwebp-base                   1.4.0                hd590300_0               conda-forge
2025-01-10T11:19:48.6828763Z   libxcb                         1.15                 h0b41bf4_0               conda-forge
2025-01-10T11:19:48.6829103Z   libxcrypt                      4.4.36               hd590300_1               conda-forge
2025-01-10T11:19:48.6829447Z   libxml2                        2.12.7               hc051c1a_1               conda-forge
2025-01-10T11:19:48.6829776Z   libxslt                        1.1.39               h76b75d6_0               conda-forge
2025-01-10T11:19:48.6830111Z   libzlib                        1.3.1                h4ab18f5_1               conda-forge
2025-01-10T11:19:48.6830458Z   llvmlite                       0.42.0               py312hb06c811_1          conda-forge
2025-01-10T11:19:48.6830789Z   lxml                           5.2.2                py312hb90d8a5_0          conda-forge
2025-01-10T11:19:48.6831108Z   lz4-c                          1.9.4                hcb278e6_0               conda-forge
2025-01-10T11:19:48.6831424Z   lzo                            2.10                 hd590300_1001            conda-forge
2025-01-10T11:19:48.6831761Z   markupsafe                     2.1.5                py312h98912ed_0          conda-forge
2025-01-10T11:19:48.6832137Z   matplotlib-base                3.8.4                py312h20ab3a6_2          conda-forge
2025-01-10T11:19:48.6832542Z   matplotlib-inline              0.1.7                pyhd8ed1ab_0             conda-forge
2025-01-10T11:19:48.6832914Z   mistune                        3.0.2                pyhd8ed1ab_0             conda-forge
2025-01-10T11:19:48.6833237Z   mpc                            1.3.1                hfe3b2da_0               conda-forge
2025-01-10T11:19:48.6833678Z   mpfr                           4.2.1                h9458935_1               conda-forge
2025-01-10T11:19:48.6834001Z   mpmath                         1.3.0                pyhd8ed1ab_0             conda-forge
2025-01-10T11:19:48.6834486Z   munkres                        1.1.4                pyh9f0ad1d_0             conda-forge
2025-01-10T11:19:48.6835131Z   mypy_extensions                1.0.0                pyha770c72_0             conda-forge
2025-01-10T11:19:48.6835720Z   nbclassic                      1.1.0                pyhd8ed1ab_0             conda-forge
2025-01-10T11:19:48.6836216Z   nbclient                       0.10.0               pyhd8ed1ab_0             conda-forge
2025-01-10T11:19:48.6836572Z   nbconvert                      7.16.4               hd8ed1ab_1               conda-forge
2025-01-10T11:19:48.6836941Z   nbconvert-core                 7.16.4               pyhd8ed1ab_1             conda-forge
2025-01-10T11:19:48.6837336Z   nbconvert-pandoc               7.16.4               hd8ed1ab_1               conda-forge
2025-01-10T11:19:48.6837712Z   nbformat                       5.10.4               pyhd8ed1ab_0             conda-forge
2025-01-10T11:19:48.6838072Z   nbsphinx                       0.9.4                pyhd8ed1ab_0             conda-forge
2025-01-10T11:19:48.6838467Z   ncurses                        6.5                  h59595ed_0               conda-forge
2025-01-10T11:19:48.6838817Z   nest-asyncio                   1.6.0                pyhd8ed1ab_0             conda-forge
2025-01-10T11:19:48.6839169Z   networkx                       3.3                  pyhd8ed1ab_1             conda-forge
2025-01-10T11:19:48.6839504Z   nomkl                          1.0                  h5ca1d4c_0               conda-forge
2025-01-10T11:19:48.6839837Z   notebook                       7.2.1                pyhd8ed1ab_0             conda-forge
2025-01-10T11:19:48.6840199Z   notebook-shim                  0.2.4                pyhd8ed1ab_0             conda-forge
2025-01-10T11:19:48.6840553Z   numba                          0.59.1               py312hacefee8_0          conda-forge
2025-01-10T11:19:48.6840901Z   numexpr                        2.10.0               py312hf412c99_100        conda-forge
2025-01-10T11:19:48.6841241Z   numpy                          1.26.4               py312heda63a1_0          conda-forge
2025-01-10T11:19:48.6841752Z   numpydoc                       1.7.0                pyhd8ed1ab_1             conda-forge
2025-01-10T11:19:48.6842096Z   openjpeg                       2.5.2                h488ebb8_0               conda-forge
2025-01-10T11:19:48.6842428Z   openssl                        3.3.1                h4ab18f5_0               conda-forge
2025-01-10T11:19:48.6842770Z   overrides                      7.7.0                pyhd8ed1ab_0             conda-forge
2025-01-10T11:19:48.6843125Z   packaging                      24.1                 pyhd8ed1ab_0             conda-forge
2025-01-10T11:19:48.6843751Z   pandas                         2.2.2                py312h1d6d2e6_1          conda-forge
2025-01-10T11:19:48.6844111Z   pandoc                         3.2                  ha770c72_0               conda-forge
2025-01-10T11:19:48.6844476Z   pandocfilters                  1.5.0                pyhd8ed1ab_0             conda-forge
2025-01-10T11:19:48.6844839Z   pango                          1.54.0               h84a9a3c_0               conda-forge
2025-01-10T11:19:48.6845166Z   parso                          0.8.4                pyhd8ed1ab_0             conda-forge
2025-01-10T11:19:48.6845504Z   pathspec                       0.12.1               pyhd8ed1ab_0             conda-forge
2025-01-10T11:19:48.6845843Z   pbr                            6.0.0                pyhd8ed1ab_0             conda-forge
2025-01-10T11:19:48.6846164Z   pcre2                          10.44                h0f59acf_0               conda-forge
2025-01-10T11:19:48.6846496Z   pexpect                        4.9.0                pyhd8ed1ab_0             conda-forge
2025-01-10T11:19:48.6846844Z   pickleshare                    0.7.5                py_1003                  conda-forge
2025-01-10T11:19:48.6847194Z   pillow                         10.3.0               py312hdcec9eb_0          conda-forge
2025-01-10T11:19:48.6847642Z   pip                            24.0                 pyhd8ed1ab_0             conda-forge
2025-01-10T11:19:48.6847972Z   pixman                         0.43.2               h59595ed_0               conda-forge
2025-01-10T11:19:48.6848359Z   pkgutil-resolve-name           1.3.10               pyhd8ed1ab_1             conda-forge
2025-01-10T11:19:48.6848758Z   platformdirs                   4.2.2                pyhd8ed1ab_0             conda-forge
2025-01-10T11:19:48.6849118Z   plotly                         5.22.0               pyhd8ed1ab_0             conda-forge
2025-01-10T11:19:48.6849458Z   pluggy                         1.5.0                pyhd8ed1ab_0             conda-forge
2025-01-10T11:19:48.6849826Z   prometheus_client              0.20.0               pyhd8ed1ab_0             conda-forge
2025-01-10T11:19:48.6850223Z   prompt-toolkit                 3.0.47               pyha770c72_0             conda-forge
2025-01-10T11:19:48.6850589Z   psutil                         5.9.8                py312h98912ed_0          conda-forge
2025-01-10T11:19:48.6850949Z   pthread-stubs                  0.4                  h36c2ea0_1001            conda-forge
2025-01-10T11:19:48.6851315Z   ptyprocess                     0.7.0                pyhd3deb0d_0             conda-forge
2025-01-10T11:19:48.6851671Z   pure_eval                      0.2.2                pyhd8ed1ab_0             conda-forge
2025-01-10T11:19:48.6852024Z   py-cpuinfo                     9.0.0                pyhd8ed1ab_0             conda-forge
2025-01-10T11:19:48.6852377Z   pybtex                         0.24.0               pyhd8ed1ab_2             conda-forge
2025-01-10T11:19:48.6852743Z   pybtex-docutils                1.0.3                py312h7900ff3_1          conda-forge
2025-01-10T11:19:48.6853117Z   pycparser                      2.22                 pyhd8ed1ab_0             conda-forge
2025-01-10T11:19:48.6853642Z   pyerfa                         2.0.1.4              py312h085067d_1          conda-forge
2025-01-10T11:19:48.6853997Z   pygments                       2.18.0               pyhd8ed1ab_0             conda-forge
2025-01-10T11:19:48.6854482Z   pygraphviz                     1.13                 py312h4a1d8a7_1          conda-forge
2025-01-10T11:19:48.6854846Z   pyparsing                      3.1.2                pyhd8ed1ab_0             conda-forge
2025-01-10T11:19:48.6855194Z   pysocks                        1.7.1                pyha2e5f31_6             conda-forge
2025-01-10T11:19:48.6855536Z   pytables                       3.9.2                py312h96d95ec_2          conda-forge
2025-01-10T11:19:48.6855890Z   pytest                         8.2.2                pyhd8ed1ab_0             conda-forge
2025-01-10T11:19:48.6856239Z   pytest-cov                     5.0.0                pyhd8ed1ab_0             conda-forge
2025-01-10T11:19:48.6856631Z   pytest-doctestplus             1.2.1                pyhd8ed1ab_0             conda-forge
2025-01-10T11:19:48.6857025Z   pytest-html                    4.1.1                pyhd8ed1ab_0             conda-forge
2025-01-10T11:19:48.6857450Z   pytest-metadata                3.1.1                pyhd8ed1ab_0             conda-forge
2025-01-10T11:19:48.6857816Z   python                         3.12.4               h194c7f8_0_cpython       conda-forge
2025-01-10T11:19:48.6858182Z   python-dateutil                2.9.0                pyhd8ed1ab_0             conda-forge
2025-01-10T11:19:48.6858596Z   python-fastjsonschema          2.20.0               pyhd8ed1ab_0             conda-forge
2025-01-10T11:19:48.6859021Z   python-json-logger             2.0.7                pyhd8ed1ab_0             conda-forge
2025-01-10T11:19:48.6859417Z   python-tzdata                  2024.1               pyhd8ed1ab_0             conda-forge
2025-01-10T11:19:48.6859783Z   python_abi                     3.12                 4_cp312                  conda-forge
2025-01-10T11:19:48.6860125Z   pytz                           2024.1               pyhd8ed1ab_0             conda-forge
2025-01-10T11:19:48.6860612Z   pyyaml                         6.0.1                py312h98912ed_1          conda-forge
2025-01-10T11:19:48.6860957Z   pyzmq                          26.0.3               py312h8fd38d8_0          conda-forge
2025-01-10T11:19:48.6861296Z   qgrid                          1.3.1                pyhd8ed1ab_4             conda-forge
2025-01-10T11:19:48.6861666Z   radioactivedecay               0.5.1                pyhd8ed1ab_0             conda-forge
2025-01-10T11:19:48.6862035Z   readline                       8.2                  h8228510_1               conda-forge
2025-01-10T11:19:48.6862398Z   recommonmark                   0.7.1                pyhd8ed1ab_0             conda-forge
2025-01-10T11:19:48.6862770Z   referencing                    0.35.1               pyhd8ed1ab_0             conda-forge
2025-01-10T11:19:48.6863127Z   requests                       2.32.3               pyhd8ed1ab_0             conda-forge
2025-01-10T11:19:48.6863727Z   rfc3339-validator              0.1.4                pyhd8ed1ab_0             conda-forge
2025-01-10T11:19:48.6864136Z   rfc3986-validator              0.1.1                pyh9f0ad1d_0             conda-forge
2025-01-10T11:19:48.6864507Z   rpds-py                        0.18.1               py312h4413252_0          conda-forge
2025-01-10T11:19:48.6864831Z   ruff                           0.4.9                py312h5715c7c_0          conda-forge
2025-01-10T11:19:48.6865153Z   scipy                          1.13.1               py312hc2bc53b_0          conda-forge
2025-01-10T11:19:48.6865501Z   send2trash                     1.8.3                pyh0d859eb_0             conda-forge
2025-01-10T11:19:48.6865862Z   setuptools                     70.0.0               pyhd8ed1ab_0             conda-forge
2025-01-10T11:19:48.6866234Z   setuptools-scm                 8.1.0                pyhd8ed1ab_0             conda-forge
2025-01-10T11:19:48.6866616Z   setuptools_scm                 8.1.0                hd8ed1ab_0               conda-forge
2025-01-10T11:19:48.6866964Z   six                            1.16.0               pyh6c4a22f_0             conda-forge
2025-01-10T11:19:48.6867420Z   snakeviz                       2.2.0                pyhd8ed1ab_0             conda-forge
2025-01-10T11:19:48.6867761Z   snappy                         1.2.0                hdb0a2a9_1               conda-forge
2025-01-10T11:19:48.6868097Z   sniffio                        1.3.1                pyhd8ed1ab_0             conda-forge
2025-01-10T11:19:48.6868466Z   snowballstemmer                2.2.0                pyhd8ed1ab_0             conda-forge
2025-01-10T11:19:48.6868840Z   soupsieve                      2.5                  pyhd8ed1ab_1             conda-forge
2025-01-10T11:19:48.6869184Z   sphinx                         7.3.7                pyhd8ed1ab_0             conda-forge
2025-01-10T11:19:48.6869544Z   sphinx-astropy                 1.9.1                pyhd8ed1ab_0             conda-forge
2025-01-10T11:19:48.6869943Z   sphinx-automodapi              0.17.0               pyh717bed2_1             conda-forge
2025-01-10T11:19:48.6870339Z   sphinx-gallery                 0.16.0               pyhd8ed1ab_0             conda-forge
2025-01-10T11:19:48.6870741Z   sphinx-jsonschema              1.19.1               pyhd8ed1ab_0             conda-forge
2025-01-10T11:19:48.6871155Z   sphinx_bootstrap_theme         0.8.1                pyhd8ed1ab_0             conda-forge
2025-01-10T11:19:48.6871566Z   sphinx_rtd_theme               2.0.0                pyha770c72_0             conda-forge
2025-01-10T11:19:48.6871961Z   sphinxcontrib-apidoc           0.3.0                py_1                     conda-forge
2025-01-10T11:19:48.6872405Z   sphinxcontrib-applehelp        1.0.8                pyhd8ed1ab_0             conda-forge
2025-01-10T11:19:48.6872843Z   sphinxcontrib-bibtex           2.6.2                pyhd8ed1ab_0             conda-forge
2025-01-10T11:19:48.6873269Z   sphinxcontrib-devhelp          1.0.6                pyhd8ed1ab_0             conda-forge
2025-01-10T11:19:48.6874066Z   sphinxcontrib-htmlhelp         2.0.5                pyhd8ed1ab_0             conda-forge
2025-01-10T11:19:48.6874518Z   sphinxcontrib-jquery           4.1                  pyhd8ed1ab_0             conda-forge
2025-01-10T11:19:48.6874943Z   sphinxcontrib-jsmath           1.0.1                pyhd8ed1ab_0             conda-forge
2025-01-10T11:19:48.6875369Z   sphinxcontrib-qthelp           1.0.7                pyhd8ed1ab_0             conda-forge
2025-01-10T11:19:48.6875834Z   sphinxcontrib-serializinghtml  1.1.10               pyhd8ed1ab_0             conda-forge
2025-01-10T11:19:48.6876263Z   stack_data                     0.6.2                pyhd8ed1ab_0             conda-forge
2025-01-10T11:19:48.6876608Z   sympy                          1.12.1               pypyh2585a3b_103         conda-forge
2025-01-10T11:19:48.6876948Z   tabulate                       0.9.0                pyhd8ed1ab_1             conda-forge
2025-01-10T11:19:48.6877309Z   tenacity                       8.4.1                pyhd8ed1ab_0             conda-forge
2025-01-10T11:19:48.6877683Z   terminado                      0.18.1               pyh0d859eb_0             conda-forge
2025-01-10T11:19:48.6878043Z   tinycss2                       1.3.0                pyhd8ed1ab_0             conda-forge
2025-01-10T11:19:48.6878370Z   tk                             8.6.13               noxft_h4845f30_101       conda-forge
2025-01-10T11:19:48.6878683Z   toml                           0.10.2               pyhd8ed1ab_0             conda-forge
2025-01-10T11:19:48.6879006Z   tomli                          2.0.1                pyhd8ed1ab_0             conda-forge
2025-01-10T11:19:48.6879340Z   tornado                        6.4.1                py312h9a8786e_0          conda-forge
2025-01-10T11:19:48.6879668Z   tqdm                           4.66.4               pyhd8ed1ab_0             conda-forge
2025-01-10T11:19:48.6880004Z   traitlets                      5.14.3               pyhd8ed1ab_0             conda-forge
2025-01-10T11:19:48.6880362Z   typed-ast                      1.5.5                py312h98912ed_1          conda-forge
2025-01-10T11:19:48.6880883Z   types-python-dateutil          2.9.0.20240316       pyhd8ed1ab_0             conda-forge
2025-01-10T11:19:48.6881315Z   typing-extensions              4.12.2               hd8ed1ab_0               conda-forge
2025-01-10T11:19:48.6881717Z   typing_extensions              4.12.2               pyha770c72_0             conda-forge
2025-01-10T11:19:48.6882097Z   typing_utils                   0.1.0                pyhd8ed1ab_0             conda-forge
2025-01-10T11:19:48.6882454Z   tzdata                         2024a                h0c530f3_0               conda-forge
2025-01-10T11:19:48.6882817Z   uri-template                   1.3.0                pyhd8ed1ab_0             conda-forge
2025-01-10T11:19:48.6883171Z   urllib3                        2.2.2                pyhd8ed1ab_0             conda-forge
2025-01-10T11:19:48.6883738Z   wcwidth                        0.2.13               pyhd8ed1ab_0             conda-forge
2025-01-10T11:19:48.6884100Z   webcolors                      24.6.0               pyhd8ed1ab_0             conda-forge
2025-01-10T11:19:48.6884469Z   webencodings                   0.5.1                pyhd8ed1ab_2             conda-forge
2025-01-10T11:19:48.6884854Z   websocket-client               1.8.0                pyhd8ed1ab_0             conda-forge
2025-01-10T11:19:48.6885223Z   wheel                          0.43.0               pyhd8ed1ab_1             conda-forge
2025-01-10T11:19:48.6885596Z   widgetsnbextension             3.6.6                pyhd8ed1ab_0             conda-forge
2025-01-10T11:19:48.6885991Z   xorg-kbproto                   1.0.7                h7f98852_1002            conda-forge
2025-01-10T11:19:48.6886353Z   xorg-libice                    1.1.1                hd590300_0               conda-forge
2025-01-10T11:19:48.6886705Z   xorg-libsm                     1.2.4                h7391055_0               conda-forge
2025-01-10T11:19:48.6887204Z   xorg-libx11                    1.8.9                h8ee46fc_0               conda-forge
2025-01-10T11:19:48.6887590Z   xorg-libxau                    1.0.11               hd590300_0               conda-forge
2025-01-10T11:19:48.6887968Z   xorg-libxdmcp                  1.1.3                h7f98852_0               conda-forge
2025-01-10T11:19:48.6888342Z   xorg-libxext                   1.3.4                h0b41bf4_2               conda-forge
2025-01-10T11:19:48.6888718Z   xorg-libxrender                0.9.11               hd590300_0               conda-forge
2025-01-10T11:19:48.6889107Z   xorg-renderproto               0.11.1               h7f98852_1002            conda-forge
2025-01-10T11:19:48.6889511Z   xorg-xextproto                 7.3.0                h0b41bf4_1003            conda-forge
2025-01-10T11:19:48.6889885Z   xorg-xproto                    7.0.31               h7f98852_1007            conda-forge
2025-01-10T11:19:48.6890218Z   xz                             5.2.6                h166bdaf_0               conda-forge
2025-01-10T11:19:48.6890535Z   yaml                           0.2.5                h7f98852_2               conda-forge
2025-01-10T11:19:48.6890863Z   zeromq                         4.3.5                h75354e8_4               conda-forge
2025-01-10T11:19:48.6891195Z   zipp                           3.19.2               pyhd8ed1ab_0             conda-forge
2025-01-10T11:19:48.6891524Z   zlib                           1.3.1                h4ab18f5_1               conda-forge
2025-01-10T11:19:48.6891847Z   zlib-ng                        2.0.7                h0b41bf4_0               conda-forge
2025-01-10T11:19:48.6892167Z   zstd                           1.5.6                ha6fb4c9_0               conda-forge
2025-01-10T11:19:48.6892697Z ##[endgroup]
2025-01-10T11:19:48.6925024Z ##[group]Run pip install -e . --user
2025-01-10T11:19:48.6925341Z [36;1mpip install -e . --user[0m
2025-01-10T11:19:48.6954956Z shell: /usr/bin/bash -l {0}
2025-01-10T11:19:48.6955196Z env:
2025-01-10T11:19:48.6955368Z   CACHE_NUMBER: 0
2025-01-10T11:19:48.6955966Z   PYTEST_FLAGS: --tardis-regression-data=/home/runner/work/tardis/tardis/tardis-regression-data --cov=tardis --cov-report=xml --cov-report=html --cov-append
2025-01-10T11:19:48.6956776Z   CODECOV_TOKEN: 
2025-01-10T11:19:48.6956994Z   MAMBA_ROOT_PREFIX: /home/runner/micromamba
2025-01-10T11:19:48.6957329Z   MAMBA_EXE: /home/runner/micromamba-bin/micromamba
2025-01-10T11:19:48.6957672Z   CONDARC: /home/runner/work/_temp/setup-micromamba/.condarc
2025-01-10T11:19:48.6957971Z ##[endgroup]
2025-01-10T11:19:49.3992494Z Obtaining file:///home/runner/work/tardis/tardis
2025-01-10T11:19:49.4020484Z   Installing build dependencies: started
2025-01-10T11:19:52.0944239Z   Installing build dependencies: finished with status 'done'
2025-01-10T11:19:52.0950563Z   Checking if build backend supports build_editable: started
2025-01-10T11:19:52.2182977Z   Checking if build backend supports build_editable: finished with status 'done'
2025-01-10T11:19:52.2191270Z   Getting requirements to build editable: started
2025-01-10T11:19:52.6683923Z   Getting requirements to build editable: finished with status 'done'
2025-01-10T11:19:52.6692987Z   Preparing editable metadata (pyproject.toml): started
2025-01-10T11:19:53.1352963Z   Preparing editable metadata (pyproject.toml): finished with status 'done'
2025-01-10T11:19:53.1945101Z Requirement already satisfied: astropy in /home/runner/micromamba/envs/tardis/lib/python3.12/site-packages (from tardis==0.0.0) (6.1.1)
2025-01-10T11:19:53.2340563Z Requirement already satisfied: numpy>=1.23 in /home/runner/micromamba/envs/tardis/lib/python3.12/site-packages (from astropy->tardis==0.0.0) (1.26.4)
2025-01-10T11:19:53.2349982Z Requirement already satisfied: pyerfa>=2.0.1.1 in /home/runner/micromamba/envs/tardis/lib/python3.12/site-packages (from astropy->tardis==0.0.0) (2.0.1.4)
2025-01-10T11:19:53.2361119Z Requirement already satisfied: astropy-iers-data>=0.2024.5.27.0.30.8 in /home/runner/micromamba/envs/tardis/lib/python3.12/site-packages (from astropy->tardis==0.0.0) (0.2024.6.17.0.31.35)
2025-01-10T11:19:53.2369841Z Requirement already satisfied: PyYAML>=3.13 in /home/runner/micromamba/envs/tardis/lib/python3.12/site-packages (from astropy->tardis==0.0.0) (6.0.1)
2025-01-10T11:19:53.2380141Z Requirement already satisfied: packaging>=19.0 in /home/runner/micromamba/envs/tardis/lib/python3.12/site-packages (from astropy->tardis==0.0.0) (24.1)
2025-01-10T11:19:53.2469900Z Building wheels for collected packages: tardis
2025-01-10T11:19:53.2478939Z   Building editable for tardis (pyproject.toml): started
2025-01-10T11:19:53.9961102Z   Building editable for tardis (pyproject.toml): finished with status 'done'
2025-01-10T11:19:53.9968434Z   Created wheel for tardis: filename=tardis-0.0.0-0.editable-py3-none-any.whl size=8878 sha256=de0ca58d464683fbf2eb4350d6704f7e89736ea9ac75746037ed8e3ebbda5bd0
2025-01-10T11:19:53.9970199Z   Stored in directory: /tmp/pip-ephem-wheel-cache-9cv40y86/wheels/6a/c7/ae/89fa6dc2565455898176888ef0e2e475e4e90eb0124afcb995
2025-01-10T11:19:53.9996406Z Successfully built tardis
2025-01-10T11:19:54.7664247Z Installing collected packages: tardis
2025-01-10T11:19:54.7755227Z Successfully installed tardis-0.0.0
2025-01-10T11:19:55.0079975Z ##[group]Run pip install qgridnext
2025-01-10T11:19:55.0080307Z [36;1mpip install qgridnext[0m
2025-01-10T11:19:55.0106849Z shell: /usr/bin/bash -l {0}
2025-01-10T11:19:55.0107094Z env:
2025-01-10T11:19:55.0107265Z   CACHE_NUMBER: 0
2025-01-10T11:19:55.0107885Z   PYTEST_FLAGS: --tardis-regression-data=/home/runner/work/tardis/tardis/tardis-regression-data --cov=tardis --cov-report=xml --cov-report=html --cov-append
2025-01-10T11:19:55.0108547Z   CODECOV_TOKEN: 
2025-01-10T11:19:55.0108783Z   MAMBA_ROOT_PREFIX: /home/runner/micromamba
2025-01-10T11:19:55.0109099Z   MAMBA_EXE: /home/runner/micromamba-bin/micromamba
2025-01-10T11:19:55.0109454Z   CONDARC: /home/runner/work/_temp/setup-micromamba/.condarc
2025-01-10T11:19:55.0109759Z ##[endgroup]
2025-01-10T11:19:55.6185259Z Collecting qgridnext
2025-01-10T11:19:55.6374629Z   Downloading qgridnext-2.0.4-py3-none-any.whl.metadata (9.9 kB)
2025-01-10T11:19:55.6465035Z Requirement already satisfied: pandas>=0.20.0 in /home/runner/micromamba/envs/tardis/lib/python3.12/site-packages (from qgridnext) (2.2.2)
2025-01-10T11:19:55.6474416Z Requirement already satisfied: ipywidgets>=7.0.0 in /home/runner/micromamba/envs/tardis/lib/python3.12/site-packages (from qgridnext) (7.8.0)
2025-01-10T11:19:55.6484345Z Requirement already satisfied: numpy in /home/runner/micromamba/envs/tardis/lib/python3.12/site-packages (from qgridnext) (1.26.4)
2025-01-10T11:19:55.6494656Z Requirement already satisfied: traitlets in /home/runner/micromamba/envs/tardis/lib/python3.12/site-packages (from qgridnext) (5.14.3)
2025-01-10T11:19:55.6579384Z Requirement already satisfied: comm>=0.1.3 in /home/runner/micromamba/envs/tardis/lib/python3.12/site-packages (from ipywidgets>=7.0.0->qgridnext) (0.2.2)
2025-01-10T11:19:55.6590092Z Requirement already satisfied: ipython-genutils~=0.2.0 in /home/runner/micromamba/envs/tardis/lib/python3.12/site-packages (from ipywidgets>=7.0.0->qgridnext) (0.2.0)
2025-01-10T11:19:55.6604520Z Requirement already satisfied: widgetsnbextension~=3.6.5 in /home/runner/micromamba/envs/tardis/lib/python3.12/site-packages (from ipywidgets>=7.0.0->qgridnext) (3.6.6)
2025-01-10T11:19:55.6622970Z Requirement already satisfied: ipython>=4.0.0 in /home/runner/micromamba/envs/tardis/lib/python3.12/site-packages (from ipywidgets>=7.0.0->qgridnext) (8.25.0)
2025-01-10T11:19:55.6638184Z Requirement already satisfied: jupyterlab-widgets<3,>=1.0.0 in /home/runner/micromamba/envs/tardis/lib/python3.12/site-packages (from ipywidgets>=7.0.0->qgridnext) (1.1.7)
2025-01-10T11:19:55.7086647Z Requirement already satisfied: python-dateutil>=2.8.2 in /home/runner/micromamba/envs/tardis/lib/python3.12/site-packages (from pandas>=0.20.0->qgridnext) (2.9.0)
2025-01-10T11:19:55.7100477Z Requirement already satisfied: pytz>=2020.1 in /home/runner/micromamba/envs/tardis/lib/python3.12/site-packages (from pandas>=0.20.0->qgridnext) (2024.1)
2025-01-10T11:19:55.7108936Z Requirement already satisfied: tzdata>=2022.7 in /home/runner/micromamba/envs/tardis/lib/python3.12/site-packages (from pandas>=0.20.0->qgridnext) (2024.1)
2025-01-10T11:19:55.7423755Z Requirement already satisfied: decorator in /home/runner/micromamba/envs/tardis/lib/python3.12/site-packages (from ipython>=4.0.0->ipywidgets>=7.0.0->qgridnext) (5.1.1)
2025-01-10T11:19:55.7438471Z Requirement already satisfied: jedi>=0.16 in /home/runner/micromamba/envs/tardis/lib/python3.12/site-packages (from ipython>=4.0.0->ipywidgets>=7.0.0->qgridnext) (0.19.1)
2025-01-10T11:19:55.7447581Z Requirement already satisfied: matplotlib-inline in /home/runner/micromamba/envs/tardis/lib/python3.12/site-packages (from ipython>=4.0.0->ipywidgets>=7.0.0->qgridnext) (0.1.7)
2025-01-10T11:19:55.7458937Z Requirement already satisfied: prompt-toolkit<3.1.0,>=3.0.41 in /home/runner/micromamba/envs/tardis/lib/python3.12/site-packages (from ipython>=4.0.0->ipywidgets>=7.0.0->qgridnext) (3.0.47)
2025-01-10T11:19:55.7468790Z Requirement already satisfied: pygments>=2.4.0 in /home/runner/micromamba/envs/tardis/lib/python3.12/site-packages (from ipython>=4.0.0->ipywidgets>=7.0.0->qgridnext) (2.18.0)
2025-01-10T11:19:55.7479470Z Requirement already satisfied: stack-data in /home/runner/micromamba/envs/tardis/lib/python3.12/site-packages (from ipython>=4.0.0->ipywidgets>=7.0.0->qgridnext) (0.6.2)
2025-01-10T11:19:55.7499137Z Requirement already satisfied: pexpect>4.3 in /home/runner/micromamba/envs/tardis/lib/python3.12/site-packages (from ipython>=4.0.0->ipywidgets>=7.0.0->qgridnext) (4.9.0)
2025-01-10T11:19:55.7548178Z Requirement already satisfied: six>=1.5 in /home/runner/micromamba/envs/tardis/lib/python3.12/site-packages (from python-dateutil>=2.8.2->pandas>=0.20.0->qgridnext) (1.16.0)
2025-01-10T11:19:55.7605961Z Requirement already satisfied: notebook>=4.4.1 in /home/runner/micromamba/envs/tardis/lib/python3.12/site-packages (from widgetsnbextension~=3.6.5->ipywidgets>=7.0.0->qgridnext) (7.2.1)
2025-01-10T11:19:55.7797074Z Requirement already satisfied: parso<0.9.0,>=0.8.3 in /home/runner/micromamba/envs/tardis/lib/python3.12/site-packages (from jedi>=0.16->ipython>=4.0.0->ipywidgets>=7.0.0->qgridnext) (0.8.4)
2025-01-10T11:19:55.7941942Z Requirement already satisfied: jupyter-server<3,>=2.4.0 in /home/runner/micromamba/envs/tardis/lib/python3.12/site-packages (from notebook>=4.4.1->widgetsnbextension~=3.6.5->ipywidgets>=7.0.0->qgridnext) (2.14.1)
2025-01-10T11:19:55.7955871Z Requirement already satisfied: jupyterlab-server<3,>=2.27.1 in /home/runner/micromamba/envs/tardis/lib/python3.12/site-packages (from notebook>=4.4.1->widgetsnbextension~=3.6.5->ipywidgets>=7.0.0->qgridnext) (2.27.2)
2025-01-10T11:19:55.7971499Z Requirement already satisfied: jupyterlab<4.3,>=4.2.0 in /home/runner/micromamba/envs/tardis/lib/python3.12/site-packages (from notebook>=4.4.1->widgetsnbextension~=3.6.5->ipywidgets>=7.0.0->qgridnext) (4.2.2)
2025-01-10T11:19:55.7982542Z Requirement already satisfied: notebook-shim<0.3,>=0.2 in /home/runner/micromamba/envs/tardis/lib/python3.12/site-packages (from notebook>=4.4.1->widgetsnbextension~=3.6.5->ipywidgets>=7.0.0->qgridnext) (0.2.4)
2025-01-10T11:19:55.7991450Z Requirement already satisfied: tornado>=6.2.0 in /home/runner/micromamba/envs/tardis/lib/python3.12/site-packages (from notebook>=4.4.1->widgetsnbextension~=3.6.5->ipywidgets>=7.0.0->qgridnext) (6.4.1)
2025-01-10T11:19:55.8021774Z Requirement already satisfied: ptyprocess>=0.5 in /home/runner/micromamba/envs/tardis/lib/python3.12/site-packages (from pexpect>4.3->ipython>=4.0.0->ipywidgets>=7.0.0->qgridnext) (0.7.0)
2025-01-10T11:19:55.8051622Z Requirement already satisfied: wcwidth in /home/runner/micromamba/envs/tardis/lib/python3.12/site-packages (from prompt-toolkit<3.1.0,>=3.0.41->ipython>=4.0.0->ipywidgets>=7.0.0->qgridnext) (0.2.13)
2025-01-10T11:19:55.8187368Z Requirement already satisfied: executing>=1.2.0 in /home/runner/micromamba/envs/tardis/lib/python3.12/site-packages (from stack-data->ipython>=4.0.0->ipywidgets>=7.0.0->qgridnext) (2.0.1)
2025-01-10T11:19:55.8197458Z Requirement already satisfied: asttokens>=2.1.0 in /home/runner/micromamba/envs/tardis/lib/python3.12/site-packages (from stack-data->ipython>=4.0.0->ipywidgets>=7.0.0->qgridnext) (2.4.1)
2025-01-10T11:19:55.8205938Z Requirement already satisfied: pure-eval in /home/runner/micromamba/envs/tardis/lib/python3.12/site-packages (from stack-data->ipython>=4.0.0->ipywidgets>=7.0.0->qgridnext) (0.2.2)
2025-01-10T11:19:55.8543605Z Requirement already satisfied: anyio>=3.1.0 in /home/runner/micromamba/envs/tardis/lib/python3.12/site-packages (from jupyter-server<3,>=2.4.0->notebook>=4.4.1->widgetsnbextension~=3.6.5->ipywidgets>=7.0.0->qgridnext) (4.4.0)
2025-01-10T11:19:55.8554380Z Requirement already satisfied: argon2-cffi>=21.1 in /home/runner/micromamba/envs/tardis/lib/python3.12/site-packages (from jupyter-server<3,>=2.4.0->notebook>=4.4.1->widgetsnbextension~=3.6.5->ipywidgets>=7.0.0->qgridnext) (23.1.0)
2025-01-10T11:19:55.8563993Z Requirement already satisfied: jinja2>=3.0.3 in /home/runner/micromamba/envs/tardis/lib/python3.12/site-packages (from jupyter-server<3,>=2.4.0->notebook>=4.4.1->widgetsnbextension~=3.6.5->ipywidgets>=7.0.0->qgridnext) (3.1.4)
2025-01-10T11:19:55.8576564Z Requirement already satisfied: jupyter-client>=7.4.4 in /home/runner/micromamba/envs/tardis/lib/python3.12/site-packages (from jupyter-server<3,>=2.4.0->notebook>=4.4.1->widgetsnbextension~=3.6.5->ipywidgets>=7.0.0->qgridnext) (8.6.2)
2025-01-10T11:19:55.8589313Z Requirement already satisfied: jupyter-core!=5.0.*,>=4.12 in /home/runner/micromamba/envs/tardis/lib/python3.12/site-packages (from jupyter-server<3,>=2.4.0->notebook>=4.4.1->widgetsnbextension~=3.6.5->ipywidgets>=7.0.0->qgridnext) (5.7.2)
2025-01-10T11:19:55.8601500Z Requirement already satisfied: jupyter-events>=0.9.0 in /home/runner/micromamba/envs/tardis/lib/python3.12/site-packages (from jupyter-server<3,>=2.4.0->notebook>=4.4.1->widgetsnbextension~=3.6.5->ipywidgets>=7.0.0->qgridnext) (0.10.0)
2025-01-10T11:19:55.8613568Z Requirement already satisfied: jupyter-server-terminals>=0.4.4 in /home/runner/micromamba/envs/tardis/lib/python3.12/site-packages (from jupyter-server<3,>=2.4.0->notebook>=4.4.1->widgetsnbextension~=3.6.5->ipywidgets>=7.0.0->qgridnext) (0.5.3)
2025-01-10T11:19:55.8628098Z Requirement already satisfied: nbconvert>=6.4.4 in /home/runner/micromamba/envs/tardis/lib/python3.12/site-packages (from jupyter-server<3,>=2.4.0->notebook>=4.4.1->widgetsnbextension~=3.6.5->ipywidgets>=7.0.0->qgridnext) (7.16.4)
2025-01-10T11:19:55.8639343Z Requirement already satisfied: nbformat>=5.3.0 in /home/runner/micromamba/envs/tardis/lib/python3.12/site-packages (from jupyter-server<3,>=2.4.0->notebook>=4.4.1->widgetsnbextension~=3.6.5->ipywidgets>=7.0.0->qgridnext) (5.10.4)
2025-01-10T11:19:55.8649165Z Requirement already satisfied: overrides>=5.0 in /home/runner/micromamba/envs/tardis/lib/python3.12/site-packages (from jupyter-server<3,>=2.4.0->notebook>=4.4.1->widgetsnbextension~=3.6.5->ipywidgets>=7.0.0->qgridnext) (7.7.0)
2025-01-10T11:19:55.8659750Z Requirement already satisfied: packaging>=22.0 in /home/runner/micromamba/envs/tardis/lib/python3.12/site-packages (from jupyter-server<3,>=2.4.0->notebook>=4.4.1->widgetsnbextension~=3.6.5->ipywidgets>=7.0.0->qgridnext) (24.1)
2025-01-10T11:19:55.8669351Z Requirement already satisfied: prometheus-client>=0.9 in /home/runner/micromamba/envs/tardis/lib/python3.12/site-packages (from jupyter-server<3,>=2.4.0->notebook>=4.4.1->widgetsnbextension~=3.6.5->ipywidgets>=7.0.0->qgridnext) (0.20.0)
2025-01-10T11:19:55.8681065Z Requirement already satisfied: pyzmq>=24 in /home/runner/micromamba/envs/tardis/lib/python3.12/site-packages (from jupyter-server<3,>=2.4.0->notebook>=4.4.1->widgetsnbextension~=3.6.5->ipywidgets>=7.0.0->qgridnext) (26.0.3)
2025-01-10T11:19:55.8690847Z Requirement already satisfied: send2trash>=1.8.2 in /home/runner/micromamba/envs/tardis/lib/python3.12/site-packages (from jupyter-server<3,>=2.4.0->notebook>=4.4.1->widgetsnbextension~=3.6.5->ipywidgets>=7.0.0->qgridnext) (1.8.3)
2025-01-10T11:19:55.8702845Z Requirement already satisfied: terminado>=0.8.3 in /home/runner/micromamba/envs/tardis/lib/python3.12/site-packages (from jupyter-server<3,>=2.4.0->notebook>=4.4.1->widgetsnbextension~=3.6.5->ipywidgets>=7.0.0->qgridnext) (0.18.1)
2025-01-10T11:19:55.8721315Z Requirement already satisfied: websocket-client>=1.7 in /home/runner/micromamba/envs/tardis/lib/python3.12/site-packages (from jupyter-server<3,>=2.4.0->notebook>=4.4.1->widgetsnbextension~=3.6.5->ipywidgets>=7.0.0->qgridnext) (1.8.0)
2025-01-10T11:19:55.9003611Z Requirement already satisfied: async-lru>=1.0.0 in /home/runner/micromamba/envs/tardis/lib/python3.12/site-packages (from jupyterlab<4.3,>=4.2.0->notebook>=4.4.1->widgetsnbextension~=3.6.5->ipywidgets>=7.0.0->qgridnext) (2.0.4)
2025-01-10T11:19:55.9016054Z Requirement already satisfied: httpx>=0.25.0 in /home/runner/micromamba/envs/tardis/lib/python3.12/site-packages (from jupyterlab<4.3,>=4.2.0->notebook>=4.4.1->widgetsnbextension~=3.6.5->ipywidgets>=7.0.0->qgridnext) (0.27.0)
2025-01-10T11:19:55.9028829Z Requirement already satisfied: ipykernel>=6.5.0 in /home/runner/micromamba/envs/tardis/lib/python3.12/site-packages (from jupyterlab<4.3,>=4.2.0->notebook>=4.4.1->widgetsnbextension~=3.6.5->ipywidgets>=7.0.0->qgridnext) (6.29.4)
2025-01-10T11:19:55.9043278Z Requirement already satisfied: jupyter-lsp>=2.0.0 in /home/runner/micromamba/envs/tardis/lib/python3.12/site-packages (from jupyterlab<4.3,>=4.2.0->notebook>=4.4.1->widgetsnbextension~=3.6.5->ipywidgets>=7.0.0->qgridnext) (2.2.5)
2025-01-10T11:19:55.9070337Z Requirement already satisfied: setuptools>=40.1.0 in /home/runner/micromamba/envs/tardis/lib/python3.12/site-packages (from jupyterlab<4.3,>=4.2.0->notebook>=4.4.1->widgetsnbextension~=3.6.5->ipywidgets>=7.0.0->qgridnext) (70.0.0)
2025-01-10T11:19:55.9256729Z Requirement already satisfied: babel>=2.10 in /home/runner/micromamba/envs/tardis/lib/python3.12/site-packages (from jupyterlab-server<3,>=2.27.1->notebook>=4.4.1->widgetsnbextension~=3.6.5->ipywidgets>=7.0.0->qgridnext) (2.14.0)
2025-01-10T11:19:55.9283096Z Requirement already satisfied: json5>=0.9.0 in /home/runner/micromamba/envs/tardis/lib/python3.12/site-packages (from jupyterlab-server<3,>=2.27.1->notebook>=4.4.1->widgetsnbextension~=3.6.5->ipywidgets>=7.0.0->qgridnext) (0.9.25)
2025-01-10T11:19:55.9294838Z Requirement already satisfied: jsonschema>=4.18.0 in /home/runner/micromamba/envs/tardis/lib/python3.12/site-packages (from jupyterlab-server<3,>=2.27.1->notebook>=4.4.1->widgetsnbextension~=3.6.5->ipywidgets>=7.0.0->qgridnext) (4.22.0)
2025-01-10T11:19:55.9314289Z Requirement already satisfied: requests>=2.31 in /home/runner/micromamba/envs/tardis/lib/python3.12/site-packages (from jupyterlab-server<3,>=2.27.1->notebook>=4.4.1->widgetsnbextension~=3.6.5->ipywidgets>=7.0.0->qgridnext) (2.32.3)
2025-01-10T11:19:55.9656727Z Requirement already satisfied: idna>=2.8 in /home/runner/micromamba/envs/tardis/lib/python3.12/site-packages (from anyio>=3.1.0->jupyter-server<3,>=2.4.0->notebook>=4.4.1->widgetsnbextension~=3.6.5->ipywidgets>=7.0.0->qgridnext) (3.7)
2025-01-10T11:19:55.9666264Z Requirement already satisfied: sniffio>=1.1 in /home/runner/micromamba/envs/tardis/lib/python3.12/site-packages (from anyio>=3.1.0->jupyter-server<3,>=2.4.0->notebook>=4.4.1->widgetsnbextension~=3.6.5->ipywidgets>=7.0.0->qgridnext) (1.3.1)
2025-01-10T11:19:55.9756400Z Requirement already satisfied: argon2-cffi-bindings in /home/runner/micromamba/envs/tardis/lib/python3.12/site-packages (from argon2-cffi>=21.1->jupyter-server<3,>=2.4.0->notebook>=4.4.1->widgetsnbextension~=3.6.5->ipywidgets>=7.0.0->qgridnext) (21.2.0)
2025-01-10T11:19:55.9925981Z Requirement already satisfied: certifi in /home/runner/micromamba/envs/tardis/lib/python3.12/site-packages (from httpx>=0.25.0->jupyterlab<4.3,>=4.2.0->notebook>=4.4.1->widgetsnbextension~=3.6.5->ipywidgets>=7.0.0->qgridnext) (2024.6.2)
2025-01-10T11:19:55.9941371Z Requirement already satisfied: httpcore==1.* in /home/runner/micromamba/envs/tardis/lib/python3.12/site-packages (from httpx>=0.25.0->jupyterlab<4.3,>=4.2.0->notebook>=4.4.1->widgetsnbextension~=3.6.5->ipywidgets>=7.0.0->qgridnext) (1.0.5)
2025-01-10T11:19:56.0018852Z Requirement already satisfied: h11<0.15,>=0.13 in /home/runner/micromamba/envs/tardis/lib/python3.12/site-packages (from httpcore==1.*->httpx>=0.25.0->jupyterlab<4.3,>=4.2.0->notebook>=4.4.1->widgetsnbextension~=3.6.5->ipywidgets>=7.0.0->qgridnext) (0.14.0)
2025-01-10T11:19:56.0204278Z Requirement already satisfied: debugpy>=1.6.5 in /home/runner/micromamba/envs/tardis/lib/python3.12/site-packages (from ipykernel>=6.5.0->jupyterlab<4.3,>=4.2.0->notebook>=4.4.1->widgetsnbextension~=3.6.5->ipywidgets>=7.0.0->qgridnext) (1.8.1)
2025-01-10T11:19:56.0226645Z Requirement already satisfied: nest-asyncio in /home/runner/micromamba/envs/tardis/lib/python3.12/site-packages (from ipykernel>=6.5.0->jupyterlab<4.3,>=4.2.0->notebook>=4.4.1->widgetsnbextension~=3.6.5->ipywidgets>=7.0.0->qgridnext) (1.6.0)
2025-01-10T11:19:56.0241988Z Requirement already satisfied: psutil in /home/runner/micromamba/envs/tardis/lib/python3.12/site-packages (from ipykernel>=6.5.0->jupyterlab<4.3,>=4.2.0->notebook>=4.4.1->widgetsnbextension~=3.6.5->ipywidgets>=7.0.0->qgridnext) (5.9.8)
2025-01-10T11:19:56.0303931Z Requirement already satisfied: MarkupSafe>=2.0 in /home/runner/micromamba/envs/tardis/lib/python3.12/site-packages (from jinja2>=3.0.3->jupyter-server<3,>=2.4.0->notebook>=4.4.1->widgetsnbextension~=3.6.5->ipywidgets>=7.0.0->qgridnext) (2.1.5)
2025-01-10T11:19:56.0492540Z Requirement already satisfied: attrs>=22.2.0 in /home/runner/micromamba/envs/tardis/lib/python3.12/site-packages (from jsonschema>=4.18.0->jupyterlab-server<3,>=2.27.1->notebook>=4.4.1->widgetsnbextension~=3.6.5->ipywidgets>=7.0.0->qgridnext) (23.2.0)
2025-01-10T11:19:56.0503905Z Requirement already satisfied: jsonschema-specifications>=2023.03.6 in /home/runner/micromamba/envs/tardis/lib/python3.12/site-packages (from jsonschema>=4.18.0->jupyterlab-server<3,>=2.27.1->notebook>=4.4.1->widgetsnbextension~=3.6.5->ipywidgets>=7.0.0->qgridnext) (2023.12.1)
2025-01-10T11:19:56.0513183Z Requirement already satisfied: referencing>=0.28.4 in /home/runner/micromamba/envs/tardis/lib/python3.12/site-packages (from jsonschema>=4.18.0->jupyterlab-server<3,>=2.27.1->notebook>=4.4.1->widgetsnbextension~=3.6.5->ipywidgets>=7.0.0->qgridnext) (0.35.1)
2025-01-10T11:19:56.0522935Z Requirement already satisfied: rpds-py>=0.7.1 in /home/runner/micromamba/envs/tardis/lib/python3.12/site-packages (from jsonschema>=4.18.0->jupyterlab-server<3,>=2.27.1->notebook>=4.4.1->widgetsnbextension~=3.6.5->ipywidgets>=7.0.0->qgridnext) (0.18.1)
2025-01-10T11:19:56.0781329Z Requirement already satisfied: platformdirs>=2.5 in /home/runner/micromamba/envs/tardis/lib/python3.12/site-packages (from jupyter-core!=5.0.*,>=4.12->jupyter-server<3,>=2.4.0->notebook>=4.4.1->widgetsnbextension~=3.6.5->ipywidgets>=7.0.0->qgridnext) (4.2.2)
2025-01-10T11:19:56.0928040Z Requirement already satisfied: python-json-logger>=2.0.4 in /home/runner/micromamba/envs/tardis/lib/python3.12/site-packages (from jupyter-events>=0.9.0->jupyter-server<3,>=2.4.0->notebook>=4.4.1->widgetsnbextension~=3.6.5->ipywidgets>=7.0.0->qgridnext) (2.0.7)
2025-01-10T11:19:56.0937354Z Requirement already satisfied: pyyaml>=5.3 in /home/runner/micromamba/envs/tardis/lib/python3.12/site-packages (from jupyter-events>=0.9.0->jupyter-server<3,>=2.4.0->notebook>=4.4.1->widgetsnbextension~=3.6.5->ipywidgets>=7.0.0->qgridnext) (6.0.1)
2025-01-10T11:19:56.0948476Z Requirement already satisfied: rfc3339-validator in /home/runner/micromamba/envs/tardis/lib/python3.12/site-packages (from jupyter-events>=0.9.0->jupyter-server<3,>=2.4.0->notebook>=4.4.1->widgetsnbextension~=3.6.5->ipywidgets>=7.0.0->qgridnext) (0.1.4)
2025-01-10T11:19:56.0957832Z Requirement already satisfied: rfc3986-validator>=0.1.1 in /home/runner/micromamba/envs/tardis/lib/python3.12/site-packages (from jupyter-events>=0.9.0->jupyter-server<3,>=2.4.0->notebook>=4.4.1->widgetsnbextension~=3.6.5->ipywidgets>=7.0.0->qgridnext) (0.1.1)
2025-01-10T11:19:56.1384608Z Requirement already satisfied: beautifulsoup4 in /home/runner/micromamba/envs/tardis/lib/python3.12/site-packages (from nbconvert>=6.4.4->jupyter-server<3,>=2.4.0->notebook>=4.4.1->widgetsnbextension~=3.6.5->ipywidgets>=7.0.0->qgridnext) (4.12.3)
2025-01-10T11:19:56.1404520Z Requirement already satisfied: bleach!=5.0.0 in /home/runner/micromamba/envs/tardis/lib/python3.12/site-packages (from nbconvert>=6.4.4->jupyter-server<3,>=2.4.0->notebook>=4.4.1->widgetsnbextension~=3.6.5->ipywidgets>=7.0.0->qgridnext) (6.1.0)
2025-01-10T11:19:56.1419539Z Requirement already satisfied: defusedxml in /home/runner/micromamba/envs/tardis/lib/python3.12/site-packages (from nbconvert>=6.4.4->jupyter-server<3,>=2.4.0->notebook>=4.4.1->widgetsnbextension~=3.6.5->ipywidgets>=7.0.0->qgridnext) (0.7.1)
2025-01-10T11:19:56.1434993Z Requirement already satisfied: jupyterlab-pygments in /home/runner/micromamba/envs/tardis/lib/python3.12/site-packages (from nbconvert>=6.4.4->jupyter-server<3,>=2.4.0->notebook>=4.4.1->widgetsnbextension~=3.6.5->ipywidgets>=7.0.0->qgridnext) (0.3.0)
2025-01-10T11:19:56.1447816Z Requirement already satisfied: mistune<4,>=2.0.3 in /home/runner/micromamba/envs/tardis/lib/python3.12/site-packages (from nbconvert>=6.4.4->jupyter-server<3,>=2.4.0->notebook>=4.4.1->widgetsnbextension~=3.6.5->ipywidgets>=7.0.0->qgridnext) (3.0.2)
2025-01-10T11:19:56.1460966Z Requirement already satisfied: nbclient>=0.5.0 in /home/runner/micromamba/envs/tardis/lib/python3.12/site-packages (from nbconvert>=6.4.4->jupyter-server<3,>=2.4.0->notebook>=4.4.1->widgetsnbextension~=3.6.5->ipywidgets>=7.0.0->qgridnext) (0.10.0)
2025-01-10T11:19:56.1478265Z Requirement already satisfied: pandocfilters>=1.4.1 in /home/runner/micromamba/envs/tardis/lib/python3.12/site-packages (from nbconvert>=6.4.4->jupyter-server<3,>=2.4.0->notebook>=4.4.1->widgetsnbextension~=3.6.5->ipywidgets>=7.0.0->qgridnext) (1.5.0)
2025-01-10T11:19:56.1488524Z Requirement already satisfied: tinycss2 in /home/runner/micromamba/envs/tardis/lib/python3.12/site-packages (from nbconvert>=6.4.4->jupyter-server<3,>=2.4.0->notebook>=4.4.1->widgetsnbextension~=3.6.5->ipywidgets>=7.0.0->qgridnext) (1.3.0)
2025-01-10T11:19:56.1605187Z Requirement already satisfied: fastjsonschema>=2.15 in /home/runner/micromamba/envs/tardis/lib/python3.12/site-packages (from nbformat>=5.3.0->jupyter-server<3,>=2.4.0->notebook>=4.4.1->widgetsnbextension~=3.6.5->ipywidgets>=7.0.0->qgridnext) (2.20.0)
2025-01-10T11:19:56.1900536Z Requirement already satisfied: charset-normalizer<4,>=2 in /home/runner/micromamba/envs/tardis/lib/python3.12/site-packages (from requests>=2.31->jupyterlab-server<3,>=2.27.1->notebook>=4.4.1->widgetsnbextension~=3.6.5->ipywidgets>=7.0.0->qgridnext) (3.3.2)
2025-01-10T11:19:56.1915387Z Requirement already satisfied: urllib3<3,>=1.21.1 in /home/runner/micromamba/envs/tardis/lib/python3.12/site-packages (from requests>=2.31->jupyterlab-server<3,>=2.27.1->notebook>=4.4.1->widgetsnbextension~=3.6.5->ipywidgets>=7.0.0->qgridnext) (2.2.2)
2025-01-10T11:19:56.2667455Z Requirement already satisfied: webencodings in /home/runner/micromamba/envs/tardis/lib/python3.12/site-packages (from bleach!=5.0.0->nbconvert>=6.4.4->jupyter-server<3,>=2.4.0->notebook>=4.4.1->widgetsnbextension~=3.6.5->ipywidgets>=7.0.0->qgridnext) (0.5.1)
2025-01-10T11:19:56.3230920Z Requirement already satisfied: fqdn in /home/runner/micromamba/envs/tardis/lib/python3.12/site-packages (from jsonschema[format-nongpl]>=4.18.0->jupyter-events>=0.9.0->jupyter-server<3,>=2.4.0->notebook>=4.4.1->widgetsnbextension~=3.6.5->ipywidgets>=7.0.0->qgridnext) (1.5.1)
2025-01-10T11:19:56.3246907Z Requirement already satisfied: isoduration in /home/runner/micromamba/envs/tardis/lib/python3.12/site-packages (from jsonschema[format-nongpl]>=4.18.0->jupyter-events>=0.9.0->jupyter-server<3,>=2.4.0->notebook>=4.4.1->widgetsnbextension~=3.6.5->ipywidgets>=7.0.0->qgridnext) (20.11.0)
2025-01-10T11:19:56.3260049Z Requirement already satisfied: jsonpointer>1.13 in /home/runner/micromamba/envs/tardis/lib/python3.12/site-packages (from jsonschema[format-nongpl]>=4.18.0->jupyter-events>=0.9.0->jupyter-server<3,>=2.4.0->notebook>=4.4.1->widgetsnbextension~=3.6.5->ipywidgets>=7.0.0->qgridnext) (3.0.0)
2025-01-10T11:19:56.3278547Z Requirement already satisfied: uri-template in /home/runner/micromamba/envs/tardis/lib/python3.12/site-packages (from jsonschema[format-nongpl]>=4.18.0->jupyter-events>=0.9.0->jupyter-server<3,>=2.4.0->notebook>=4.4.1->widgetsnbextension~=3.6.5->ipywidgets>=7.0.0->qgridnext) (1.3.0)
2025-01-10T11:19:56.3293112Z Requirement already satisfied: webcolors>=1.11 in /home/runner/micromamba/envs/tardis/lib/python3.12/site-packages (from jsonschema[format-nongpl]>=4.18.0->jupyter-events>=0.9.0->jupyter-server<3,>=2.4.0->notebook>=4.4.1->widgetsnbextension~=3.6.5->ipywidgets>=7.0.0->qgridnext) (24.6.0)
2025-01-10T11:19:56.4305561Z Requirement already satisfied: cffi>=1.0.1 in /home/runner/micromamba/envs/tardis/lib/python3.12/site-packages (from argon2-cffi-bindings->argon2-cffi>=21.1->jupyter-server<3,>=2.4.0->notebook>=4.4.1->widgetsnbextension~=3.6.5->ipywidgets>=7.0.0->qgridnext) (1.16.0)
2025-01-10T11:19:56.4403308Z Requirement already satisfied: soupsieve>1.2 in /home/runner/micromamba/envs/tardis/lib/python3.12/site-packages (from beautifulsoup4->nbconvert>=6.4.4->jupyter-server<3,>=2.4.0->notebook>=4.4.1->widgetsnbextension~=3.6.5->ipywidgets>=7.0.0->qgridnext) (2.5)
2025-01-10T11:19:56.4919927Z Requirement already satisfied: pycparser in /home/runner/micromamba/envs/tardis/lib/python3.12/site-packages (from cffi>=1.0.1->argon2-cffi-bindings->argon2-cffi>=21.1->jupyter-server<3,>=2.4.0->notebook>=4.4.1->widgetsnbextension~=3.6.5->ipywidgets>=7.0.0->qgridnext) (2.22)
2025-01-10T11:19:56.5413663Z Requirement already satisfied: arrow>=0.15.0 in /home/runner/micromamba/envs/tardis/lib/python3.12/site-packages (from isoduration->jsonschema[format-nongpl]>=4.18.0->jupyter-events>=0.9.0->jupyter-server<3,>=2.4.0->notebook>=4.4.1->widgetsnbextension~=3.6.5->ipywidgets>=7.0.0->qgridnext) (1.3.0)
2025-01-10T11:19:56.5708969Z Requirement already satisfied: types-python-dateutil>=2.8.10 in /home/runner/micromamba/envs/tardis/lib/python3.12/site-packages (from arrow>=0.15.0->isoduration->jsonschema[format-nongpl]>=4.18.0->jupyter-events>=0.9.0->jupyter-server<3,>=2.4.0->notebook>=4.4.1->widgetsnbextension~=3.6.5->ipywidgets>=7.0.0->qgridnext) (2.9.0.20240316)
2025-01-10T11:19:56.6221395Z Downloading qgridnext-2.0.4-py3-none-any.whl (1.3 MB)
2025-01-10T11:19:56.6421778Z    ━━━━━━━━━━━━━━━━━━━━━━━━━━━━━━━━━━━━━━━━ 1.3/1.3 MB 72.5 MB/s eta 0:00:00
2025-01-10T11:19:57.4267110Z Installing collected packages: qgridnext
2025-01-10T11:19:57.5171118Z Successfully installed qgridnext-2.0.4
2025-01-10T11:19:57.7338096Z ##[group]Run pytest tardis --tardis-regression-data=/home/runner/work/tardis/tardis/tardis-regression-data --cov=tardis --cov-report=xml --cov-report=html --cov-append -m "not continuum"
2025-01-10T11:19:57.7339408Z [36;1mpytest tardis --tardis-regression-data=/home/runner/work/tardis/tardis/tardis-regression-data --cov=tardis --cov-report=xml --cov-report=html --cov-append -m "not continuum"[0m
2025-01-10T11:19:57.7366322Z shell: /usr/bin/bash -l {0}
2025-01-10T11:19:57.7366559Z env:
2025-01-10T11:19:57.7366735Z   CACHE_NUMBER: 0
2025-01-10T11:19:57.7367338Z   PYTEST_FLAGS: --tardis-regression-data=/home/runner/work/tardis/tardis/tardis-regression-data --cov=tardis --cov-report=xml --cov-report=html --cov-append
2025-01-10T11:19:57.7367975Z   CODECOV_TOKEN: 
2025-01-10T11:19:57.7368191Z   MAMBA_ROOT_PREFIX: /home/runner/micromamba
2025-01-10T11:19:57.7368495Z   MAMBA_EXE: /home/runner/micromamba-bin/micromamba
2025-01-10T11:19:57.7368880Z   CONDARC: /home/runner/work/_temp/setup-micromamba/.condarc
2025-01-10T11:19:57.7369183Z ##[endgroup]
2025-01-10T11:20:07.2054234Z ============================= test session starts ==============================
2025-01-10T11:20:07.2054958Z platform linux -- Python 3.12.4, pytest-8.2.2, pluggy-1.5.0
2025-01-10T11:20:07.2055527Z rootdir: /home/runner/work/tardis/tardis
2025-01-10T11:20:07.2055982Z configfile: pyproject.toml
2025-01-10T11:20:07.2056624Z plugins: anyio-4.4.0, doctestplus-1.2.1, cov-5.0.0, html-4.1.1, metadata-3.1.1
2025-01-10T11:20:07.2057304Z collected 1796 items / 2 deselected / 1794 selected
2025-01-10T11:20:07.2057660Z 
2025-01-10T11:20:12.2310102Z tardis/energy_input/tests/test_energy_source.py ..xxx                    [  0%]
2025-01-10T11:20:15.0613995Z tardis/energy_input/tests/test_gamma_ray_channel.py ...........          [  0%]
2025-01-10T11:20:16.9662297Z tardis/energy_input/tests/test_gamma_ray_grid.py xx.                     [  1%]
2025-01-10T11:20:18.7464929Z tardis/energy_input/tests/test_gamma_ray_interactions.py xx....          [  1%]
2025-01-10T11:20:18.7572575Z tardis/energy_input/tests/test_gamma_ray_packet_source.py sssssssss      [  1%]
2025-01-10T11:20:20.0522918Z tardis/energy_input/tests/test_util.py .....xxxx.....                    [  2%]
2025-01-10T11:20:20.3911728Z tardis/grid/tests/test_grid.py .                                         [  2%]
2025-01-10T11:20:20.3927753Z tardis/gui/tests/test_gui.py s                                           [  2%]
2025-01-10T11:20:23.9729003Z tardis/io/configuration/tests/test_config_reader.py ...........          [  3%]
2025-01-10T11:20:23.9860571Z tardis/io/configuration/tests/test_configuration_namespace.py .........  [  3%]
2025-01-10T11:20:24.0140143Z tardis/io/logger/tests/test_logging.py ssssssssssssssssssssssssssss      [  5%]
2025-01-10T11:21:02.0817669Z tardis/io/model/readers/tests/test_arepo_parser.py ..                    [  5%]
2025-01-10T11:21:02.0965941Z tardis/io/model/readers/tests/test_ascii_readers.py ...                  [  5%]
2025-01-10T11:21:02.1080084Z tardis/io/model/readers/tests/test_cmfgen_reader.py ..                   [  5%]
2025-01-10T11:21:02.1389778Z tardis/io/model/readers/tests/test_csvy_reader.py ....                   [  6%]
2025-01-10T11:21:02.1600427Z tardis/io/model/readers/tests/test_stella_reader.py ..                   [  6%]
2025-01-10T11:21:02.4660179Z tardis/io/tests/test_HDFWriter.py ...............                        [  7%]
2025-01-10T11:21:02.7878565Z tardis/io/tests/test_atomic.py .....                                     [  7%]
2025-01-10T11:21:02.8230757Z tardis/io/tests/test_decay.py ..                                         [  7%]
2025-01-10T11:21:03.0159193Z tardis/io/tests/test_model_reader.py ......                              [  7%]
2025-01-10T11:21:03.0229529Z tardis/model/geometry/tests/test_radial1d.py ..                          [  7%]
2025-01-10T11:22:01.9199809Z tardis/model/tests/test_base.py ........................................ [ 10%]
2025-01-10T11:22:02.9208694Z ............                                                             [ 10%]
2025-01-10T11:22:05.9922530Z tardis/model/tests/test_csvy_model.py .........                          [ 11%]
2025-01-10T11:22:06.0420340Z tardis/model/tests/test_density.py ..                                    [ 11%]
2025-01-10T11:22:07.4000414Z tardis/opacities/tests/test_opacity_solver.py .....                      [ 11%]
2025-01-10T11:22:08.7894262Z tardis/opacities/tests/test_opacity_state_numba.py .....                 [ 11%]
2025-01-10T11:22:10.4197796Z tardis/opacities/tests/test_tau_sobolev.py ..                            [ 12%]
2025-01-10T11:22:13.5290797Z tardis/plasma/equilibrium/tests/test_collisional_transitions.py ...      [ 12%]
2025-01-10T11:22:59.5077729Z tardis/plasma/equilibrium/tests/test_level_populations.py ....           [ 12%]
2025-01-10T11:23:10.6278892Z tardis/plasma/equilibrium/tests/test_rate_matrix.py .                    [ 12%]
2025-01-10T11:23:12.3872101Z tardis/plasma/tests/test_complete_plasmas.py .....................s..... [ 13%]
2025-01-10T11:23:15.3579287Z s....ssssss............s............ss.....s....ssssss............s..... [ 18%]
2025-01-10T11:23:17.1445119Z .......ss.....s....ssssss............s............ss.....s....ssssss.... [ 22%]
2025-01-10T11:23:20.1264088Z ........s............ss.....s........ss............s............ss.....s [ 26%]
2025-01-10T11:23:23.0813297Z ........ss............s............ss.....s....ssssss............s...... [ 30%]
2025-01-10T11:23:23.8375674Z ......ss.....s....ssssss............s............ss.....s.ss.ssssss..... [ 34%]
2025-01-10T11:23:27.1641094Z .......s............ss.....s....ssssss............s............ss.....s. [ 38%]
2025-01-10T11:23:30.0826961Z ...ssssss............s............ss.....s....ssssss............s....... [ 42%]
2025-01-10T11:23:33.1924436Z .....ss.....s....ssssss............s............s...........ssssss...... [ 46%]
2025-01-10T11:23:35.0640805Z ......s............s...........ssssss............s............s......... [ 50%]
2025-01-10T11:23:38.4158381Z ..ssssss............s............ss.....s....ssssss............s........ [ 54%]
2025-01-10T11:23:41.6707361Z ....ss.....s....ssssss..........................s.....s....ssss......... [ 58%]
2025-01-10T11:23:42.0105143Z ...................s.....s....ssss.......                                [ 60%]
2025-01-10T11:23:42.1282998Z tardis/plasma/tests/test_hdf_plasma.py ................................. [ 62%]
2025-01-10T11:23:42.1400675Z ......                                                                   [ 62%]
2025-01-10T11:23:42.2794691Z tardis/plasma/tests/test_nlte_excitation.py ...                          [ 62%]
2025-01-10T11:26:01.6486679Z tardis/plasma/tests/test_nlte_solver.py .....X                           [ 63%]
2025-01-10T11:26:01.6515773Z tardis/plasma/tests/test_plasma_continuum.py .                           [ 63%]
2025-01-10T11:26:25.4431364Z tardis/plasma/tests/test_plasma_vboundary.py .............               [ 63%]
2025-01-10T11:26:27.2667272Z ##[error]The operation was canceled.
2025-01-10T11:26:27.2736020Z Post job cleanup.
2025-01-10T11:26:27.2766171Z Post job cleanup.
2025-01-10T11:26:27.4131064Z Will use pre-installed micromamba at /home/runner/micromamba-bin/micromamba
2025-01-10T11:26:27.4139159Z Removing micromamba run shell ...
2025-01-10T11:26:27.4143325Z ##[group]Deinitialize micromamba for bash
2025-01-10T11:26:27.4162312Z [command]/home/runner/micromamba-bin/micromamba shell deinit -s bash -r /home/runner/micromamba --log-level warning --rc-file /home/runner/work/_temp/setup-micromamba/.condarc
2025-01-10T11:26:27.4267937Z Resetting RC file "/home/runner/.bashrc"
2025-01-10T11:26:27.4269788Z Deleting config for root prefix 
2025-01-10T11:26:27.4270852Z Clearing mamba executable environment variable
2025-01-10T11:26:27.4275375Z Removing the following in your "/home/runner/.bashrc" file
2025-01-10T11:26:27.4276172Z # >>> mamba initialize >>>
2025-01-10T11:26:27.4276727Z ...
2025-01-10T11:26:27.4277049Z # <<< mamba initialize <<<
2025-01-10T11:26:27.4301170Z Removing mamba initialize block from .bash_profile
2025-01-10T11:26:27.4316880Z ##[endgroup]
2025-01-10T11:26:27.4320855Z Removing environment tardis from auto-activate bash ...
2025-01-10T11:26:27.4494853Z Post job cleanup.
2025-01-10T11:26:27.4559083Z Post job cleanup.
2025-01-10T11:26:27.5622137Z [command]/usr/bin/git version
2025-01-10T11:26:27.5675531Z git version 2.47.1
2025-01-10T11:26:27.5748151Z Temporarily overriding HOME='/home/runner/work/_temp/950ec722-48f9-4a0f-b7a1-702023d617dd' before making global git config changes
2025-01-10T11:26:27.5749455Z Adding repository directory to the temporary git global config as a safe directory
2025-01-10T11:26:27.5756404Z [command]/usr/bin/git config --global --add safe.directory /home/runner/work/tardis/tardis/tardis-regression-data
2025-01-10T11:26:27.5801119Z [command]/usr/bin/git config --local --name-only --get-regexp core\.sshCommand
2025-01-10T11:26:27.5841457Z [command]/usr/bin/git submodule foreach --recursive sh -c "git config --local --name-only --get-regexp 'core\.sshCommand' && git config --local --unset-all 'core.sshCommand' || :"
2025-01-10T11:26:27.6107689Z [command]/usr/bin/git config --local --name-only --get-regexp http\.https\:\/\/github\.com\/\.extraheader
2025-01-10T11:26:27.6131740Z http.https://github.com/.extraheader
2025-01-10T11:26:27.6149426Z [command]/usr/bin/git config --local --unset-all http.https://github.com/.extraheader
2025-01-10T11:26:27.6185525Z [command]/usr/bin/git submodule foreach --recursive sh -c "git config --local --name-only --get-regexp 'http\.https\:\/\/github\.com\/\.extraheader' && git config --local --unset-all 'http.https://github.com/.extraheader' || :"
2025-01-10T11:26:27.6570137Z Post job cleanup.
2025-01-10T11:26:27.8053895Z [command]/usr/bin/git version
2025-01-10T11:26:27.8095102Z git version 2.47.1
2025-01-10T11:26:27.8148266Z Temporarily overriding HOME='/home/runner/work/_temp/88be5230-ab87-4f20-b868-d6dbd96f3eed' before making global git config changes
2025-01-10T11:26:27.8149743Z Adding repository directory to the temporary git global config as a safe directory
2025-01-10T11:26:27.8154572Z [command]/usr/bin/git config --global --add safe.directory /home/runner/work/tardis/tardis
2025-01-10T11:26:27.8191255Z [command]/usr/bin/git config --local --name-only --get-regexp core\.sshCommand
2025-01-10T11:26:27.8225273Z [command]/usr/bin/git submodule foreach --recursive sh -c "git config --local --name-only --get-regexp 'core\.sshCommand' && git config --local --unset-all 'core.sshCommand' || :"
2025-01-10T11:26:27.8481419Z [command]/usr/bin/git config --local --name-only --get-regexp http\.https\:\/\/github\.com\/\.extraheader
2025-01-10T11:26:27.8504608Z http.https://github.com/.extraheader
2025-01-10T11:26:27.8517664Z [command]/usr/bin/git config --local --unset-all http.https://github.com/.extraheader
2025-01-10T11:26:27.8551174Z [command]/usr/bin/git submodule foreach --recursive sh -c "git config --local --name-only --get-regexp 'http\.https\:\/\/github\.com\/\.extraheader' && git config --local --unset-all 'http.https://github.com/.extraheader' || :"
2025-01-10T11:26:27.8906130Z Cleaning up orphan processes
2025-01-10T11:26:27.9100174Z Terminate orphan process: pid (2542) (pytest)
