2025-01-27T17:41:59.1134040Z Prepare all required actions
2025-01-27T17:41:59.1135038Z Getting action download info
2025-01-27T17:41:59.2458686Z Download action repository 'actions/cache@v4' (SHA:1bd1e32a3bdc45362d1e726936510720a7c30a57)
2025-01-27T17:41:59.3794343Z ##[group]Run ./.github/actions/setup_lfs
2025-01-27T17:41:59.3795085Z with:
2025-01-27T17:41:59.3795701Z   regression-data-repo: tardis-sn/tardis-regression-data
2025-01-27T17:41:59.3796444Z env:
2025-01-27T17:41:59.3797092Z   CACHE_NUMBER: 0
2025-01-27T17:41:59.3798431Z   PYTEST_FLAGS: --tardis-regression-data=/home/runner/work/tardis/tardis/tardis-regression-data --cov=tardis --cov-report=xml --cov-report=html --cov-append
2025-01-27T17:41:59.3799849Z   CODECOV_TOKEN: 
2025-01-27T17:41:59.3800353Z ##[endgroup]
2025-01-27T17:41:59.3963149Z ##[group]Run actions/checkout@v4
2025-01-27T17:41:59.3963835Z with:
2025-01-27T17:41:59.3964363Z   repository: tardis-sn/tardis-regression-data
2025-01-27T17:41:59.3965070Z   path: tardis-regression-data
2025-01-27T17:41:59.3965843Z   token: ***
2025-01-27T17:41:59.3966392Z   ssh-strict: true
2025-01-27T17:41:59.3966883Z   ssh-user: git
2025-01-27T17:41:59.3967551Z   persist-credentials: true
2025-01-27T17:41:59.3968115Z   clean: true
2025-01-27T17:41:59.3968613Z   sparse-checkout-cone-mode: true
2025-01-27T17:41:59.3969207Z   fetch-depth: 1
2025-01-27T17:41:59.3969691Z   fetch-tags: false
2025-01-27T17:41:59.3970206Z   show-progress: true
2025-01-27T17:41:59.3970724Z   lfs: false
2025-01-27T17:41:59.3971223Z   submodules: false
2025-01-27T17:41:59.3971730Z   set-safe-directory: true
2025-01-27T17:41:59.3972267Z env:
2025-01-27T17:41:59.3972708Z   CACHE_NUMBER: 0
2025-01-27T17:41:59.3974002Z   PYTEST_FLAGS: --tardis-regression-data=/home/runner/work/tardis/tardis/tardis-regression-data --cov=tardis --cov-report=xml --cov-report=html --cov-append
2025-01-27T17:41:59.3975400Z   CODECOV_TOKEN: 
2025-01-27T17:41:59.3975886Z ##[endgroup]
2025-01-27T17:41:59.4913138Z Syncing repository: tardis-sn/tardis-regression-data
2025-01-27T17:41:59.4919331Z ##[group]Getting Git version info
2025-01-27T17:41:59.4920523Z Working directory is '/home/runner/work/tardis/tardis/tardis-regression-data'
2025-01-27T17:41:59.4960654Z [command]/usr/bin/git version
2025-01-27T17:41:59.5003046Z git version 2.48.1
2025-01-27T17:41:59.5028983Z ##[endgroup]
2025-01-27T17:41:59.5040688Z Temporarily overriding HOME='/home/runner/work/_temp/af7e6153-b7a6-437d-823f-28fb2a50ffb7' before making global git config changes
2025-01-27T17:41:59.5042317Z Adding repository directory to the temporary git global config as a safe directory
2025-01-27T17:41:59.5045646Z [command]/usr/bin/git config --global --add safe.directory /home/runner/work/tardis/tardis/tardis-regression-data
2025-01-27T17:41:59.5076323Z ##[group]Initializing the repository
2025-01-27T17:41:59.5081450Z [command]/usr/bin/git init /home/runner/work/tardis/tardis/tardis-regression-data
2025-01-27T17:41:59.5116121Z hint: Using 'master' as the name for the initial branch. This default branch name
2025-01-27T17:41:59.5118434Z hint: is subject to change. To configure the initial branch name to use in all
2025-01-27T17:41:59.5120571Z hint: of your new repositories, which will suppress this warning, call:
2025-01-27T17:41:59.5122162Z hint:
2025-01-27T17:41:59.5123322Z hint: 	git config --global init.defaultBranch <name>
2025-01-27T17:41:59.5124697Z hint:
2025-01-27T17:41:59.5125926Z hint: Names commonly chosen instead of 'master' are 'main', 'trunk' and
2025-01-27T17:41:59.5128143Z hint: 'development'. The just-created branch can be renamed via this command:
2025-01-27T17:41:59.5130204Z hint:
2025-01-27T17:41:59.5131131Z hint: 	git branch -m <name>
2025-01-27T17:41:59.5132951Z Initialized empty Git repository in /home/runner/work/tardis/tardis/tardis-regression-data/.git/
2025-01-27T17:41:59.5136542Z [command]/usr/bin/git remote add origin https://github.com/tardis-sn/tardis-regression-data
2025-01-27T17:41:59.5162308Z ##[endgroup]
2025-01-27T17:41:59.5163955Z ##[group]Disabling automatic garbage collection
2025-01-27T17:41:59.5167595Z [command]/usr/bin/git config --local gc.auto 0
2025-01-27T17:41:59.5199789Z ##[endgroup]
2025-01-27T17:41:59.5201457Z ##[group]Setting up auth
2025-01-27T17:41:59.5207248Z [command]/usr/bin/git config --local --name-only --get-regexp core\.sshCommand
2025-01-27T17:41:59.5238003Z [command]/usr/bin/git submodule foreach --recursive sh -c "git config --local --name-only --get-regexp 'core\.sshCommand' && git config --local --unset-all 'core.sshCommand' || :"
2025-01-27T17:41:59.5462786Z [command]/usr/bin/git config --local --name-only --get-regexp http\.https\:\/\/github\.com\/\.extraheader
2025-01-27T17:41:59.5494228Z [command]/usr/bin/git submodule foreach --recursive sh -c "git config --local --name-only --get-regexp 'http\.https\:\/\/github\.com\/\.extraheader' && git config --local --unset-all 'http.https://github.com/.extraheader' || :"
2025-01-27T17:41:59.5738211Z [command]/usr/bin/git config --local http.https://github.com/.extraheader AUTHORIZATION: basic ***
2025-01-27T17:41:59.5778530Z ##[endgroup]
2025-01-27T17:41:59.5779581Z ##[group]Determining the default branch
2025-01-27T17:41:59.5782207Z Retrieving the default branch name
2025-01-27T17:41:59.7879283Z Default branch 'main'
2025-01-27T17:41:59.7881940Z ##[endgroup]
2025-01-27T17:41:59.7883484Z ##[group]Fetching the repository
2025-01-27T17:41:59.7890446Z [command]/usr/bin/git -c protocol.version=2 fetch --no-tags --prune --no-recurse-submodules --depth=1 origin +refs/heads/main:refs/remotes/origin/main
2025-01-27T17:42:00.0380283Z From https://github.com/tardis-sn/tardis-regression-data
2025-01-27T17:42:00.0381643Z  * [new branch]      main       -> origin/main
2025-01-27T17:42:00.0406533Z ##[endgroup]
2025-01-27T17:42:00.0408113Z ##[group]Determining the checkout info
2025-01-27T17:42:00.0409437Z ##[endgroup]
2025-01-27T17:42:00.0414520Z [command]/usr/bin/git sparse-checkout disable
2025-01-27T17:42:00.0451470Z [command]/usr/bin/git config --local --unset-all extensions.worktreeConfig
2025-01-27T17:42:00.0480117Z ##[group]Checking out the ref
2025-01-27T17:42:00.0484321Z [command]/usr/bin/git checkout --progress --force -B main refs/remotes/origin/main
2025-01-27T17:42:00.1860358Z Switched to a new branch 'main'
2025-01-27T17:42:00.1862477Z branch 'main' set up to track 'origin/main'.
2025-01-27T17:42:00.2126355Z ##[endgroup]
2025-01-27T17:42:00.2163981Z [command]/usr/bin/git log -1 --format=%H
2025-01-27T17:42:00.2185957Z fa7729bc9c30e14b69acd641af8b692b56fcd416
2025-01-27T17:42:00.2333917Z ##[group]Run git lfs ls-files -l | cut -d' ' -f1 | sort > .lfs-assets-id
2025-01-27T17:42:00.2335614Z [36;1mgit lfs ls-files -l | cut -d' ' -f1 | sort > .lfs-assets-id[0m
2025-01-27T17:42:00.2370359Z shell: /usr/bin/bash --noprofile --norc -e -o pipefail {0}
2025-01-27T17:42:00.2371547Z env:
2025-01-27T17:42:00.2372149Z   CACHE_NUMBER: 0
2025-01-27T17:42:00.2374589Z   PYTEST_FLAGS: --tardis-regression-data=/home/runner/work/tardis/tardis/tardis-regression-data --cov=tardis --cov-report=xml --cov-report=html --cov-append
2025-01-27T17:42:00.2377559Z   CODECOV_TOKEN: 
2025-01-27T17:42:00.2378264Z ##[endgroup]
2025-01-27T17:42:00.4147239Z ##[group]Run actions/cache/restore@v4
2025-01-27T17:42:00.4148174Z with:
2025-01-27T17:42:00.4148859Z   path: tardis-regression-data/.git/lfs
2025-01-27T17:42:00.4150399Z   key: Linux-lfs-21f9fa4b6817cc69b9fae3598144724da7828e276a73bd17f47a2a49d9af090a-v1
2025-01-27T17:42:00.4152129Z   enableCrossOsArchive: false
2025-01-27T17:42:00.4152973Z   fail-on-cache-miss: false
2025-01-27T17:42:00.4153939Z   lookup-only: false
2025-01-27T17:42:00.4154592Z env:
2025-01-27T17:42:00.4155125Z   CACHE_NUMBER: 0
2025-01-27T17:42:00.4157616Z   PYTEST_FLAGS: --tardis-regression-data=/home/runner/work/tardis/tardis/tardis-regression-data --cov=tardis --cov-report=xml --cov-report=html --cov-append
2025-01-27T17:42:00.4160099Z   CODECOV_TOKEN: 
2025-01-27T17:42:00.4160700Z ##[endgroup]
2025-01-27T17:42:00.6245182Z Cache not found for input keys: Linux-lfs-21f9fa4b6817cc69b9fae3598144724da7828e276a73bd17f47a2a49d9af090a-v1
2025-01-27T17:42:00.6417622Z ##[group]Run git lfs pull
2025-01-27T17:42:00.6418641Z [36;1mgit lfs pull[0m
2025-01-27T17:42:00.6448596Z shell: /usr/bin/bash --noprofile --norc -e -o pipefail {0}
2025-01-27T17:42:00.6449743Z env:
2025-01-27T17:42:00.6450290Z   CACHE_NUMBER: 0
2025-01-27T17:42:00.6452618Z   PYTEST_FLAGS: --tardis-regression-data=/home/runner/work/tardis/tardis/tardis-regression-data --cov=tardis --cov-report=xml --cov-report=html --cov-append
2025-01-27T17:42:00.6455130Z   CODECOV_TOKEN: 
2025-01-27T17:42:00.6455746Z ##[endgroup]
