2025-01-27T17:42:23.1745870Z Prepare all required actions
2025-01-27T17:42:23.1746221Z Getting action download info
2025-01-27T17:42:23.2686915Z Download action repository 'mamba-org/setup-micromamba@v1' (SHA:4b9113af4fba0e9e1124b252dd6497a419e7396d)
2025-01-27T17:42:23.5399348Z ##[group]Run ./.github/actions/setup_env
2025-01-27T17:42:23.5399627Z with:
2025-01-27T17:42:23.5399807Z   os-label: linux-64
2025-01-27T17:42:23.5399991Z env:
2025-01-27T17:42:23.5400148Z   CACHE_NUMBER: 0
2025-01-27T17:42:23.5400757Z   PYTEST_FLAGS: --tardis-regression-data=/home/runner/work/tardis/tardis/tardis-regression-data --cov=tardis --cov-report=xml --cov-report=html --cov-append
2025-01-27T17:42:23.5401417Z   CODECOV_TOKEN: 
2025-01-27T17:42:23.5401607Z ##[endgroup]
2025-01-27T17:42:23.5425203Z ##[group]Run file_hash=$(cat conda-linux-64.lock | shasum -a 256 | cut -d' ' -f1)
2025-01-27T17:42:23.5425708Z [36;1mfile_hash=$(cat conda-linux-64.lock | shasum -a 256 | cut -d' ' -f1)[0m
2025-01-27T17:42:23.5426109Z [36;1mecho "file_hash=$file_hash" >> "${GITHUB_OUTPUT}"[0m
2025-01-27T17:42:23.5454280Z shell: /usr/bin/bash --noprofile --norc -e -o pipefail {0}
2025-01-27T17:42:23.5454600Z env:
2025-01-27T17:42:23.5454773Z   CACHE_NUMBER: 0
2025-01-27T17:42:23.5455377Z   PYTEST_FLAGS: --tardis-regression-data=/home/runner/work/tardis/tardis/tardis-regression-data --cov=tardis --cov-report=xml --cov-report=html --cov-append
2025-01-27T17:42:23.5456013Z   CODECOV_TOKEN: 
2025-01-27T17:42:23.5456203Z ##[endgroup]
2025-01-27T17:42:23.6084140Z ##[group]Run mamba-org/setup-micromamba@v1
2025-01-27T17:42:23.6084428Z with:
2025-01-27T17:42:23.6084620Z   environment-file: conda-linux-64.lock
2025-01-27T17:42:23.6085045Z   cache-environment-key: d7cd390425b0fd3cf82649dcc003efba9915fb4928f15d342148c3ccffcbe2ee
2025-01-27T17:42:23.6085639Z   cache-downloads-key: d7cd390425b0fd3cf82649dcc003efba9915fb4928f15d342148c3ccffcbe2ee
2025-01-27T17:42:23.6086044Z   environment-name: tardis
2025-01-27T17:42:23.6086279Z   cache-environment: true
2025-01-27T17:42:23.6086494Z   cache-downloads: true
2025-01-27T17:42:23.6086703Z env:
2025-01-27T17:42:23.6086857Z   CACHE_NUMBER: 0
2025-01-27T17:42:23.6088022Z   PYTEST_FLAGS: --tardis-regression-data=/home/runner/work/tardis/tardis/tardis-regression-data --cov=tardis --cov-report=xml --cov-report=html --cov-append
2025-01-27T17:42:23.6088667Z   CODECOV_TOKEN: 
2025-01-27T17:42:23.6088851Z ##[endgroup]
2025-01-27T17:42:23.7519133Z Will download micromamba to /home/runner/micromamba-bin/micromamba
2025-01-27T17:42:23.7531495Z ##[group]Install micromamba
2025-01-27T17:42:24.0098738Z micromamba installed to /home/runner/micromamba-bin/micromamba
2025-01-27T17:42:24.0100458Z ##[endgroup]
2025-01-27T17:42:24.0101734Z Adding conda-forge to condarc channels ...
2025-01-27T17:42:24.0114013Z ##[group]Initialize micromamba for bash.
2025-01-27T17:42:24.0138101Z [command]/home/runner/micromamba-bin/micromamba shell init -s bash -r /home/runner/micromamba --log-level warning --rc-file /home/runner/work/_temp/setup-micromamba/.condarc
2025-01-27T17:42:24.0254990Z Modifying RC file "/home/runner/.bashrc"
2025-01-27T17:42:24.0256526Z Generating config for root prefix [1m"/home/runner/micromamba"[0m
2025-01-27T17:42:24.0258883Z Setting mamba executable to: [1m"/home/runner/micromamba-bin/micromamba"[0m
2025-01-27T17:42:24.0260199Z Adding (or replacing) the following in your "/home/runner/.bashrc" file
2025-01-27T17:42:24.0261726Z 
2025-01-27T17:42:24.0261904Z # >>> mamba initialize >>>
2025-01-27T17:42:24.0262412Z # !! Contents within this block are managed by 'mamba init' !!
2025-01-27T17:42:24.0263114Z export MAMBA_EXE='/home/runner/micromamba-bin/micromamba';
2025-01-27T17:42:24.0263702Z export MAMBA_ROOT_PREFIX='/home/runner/micromamba';
2025-01-27T17:42:24.0264467Z __mamba_setup="$("$MAMBA_EXE" shell hook --shell bash --root-prefix "$MAMBA_ROOT_PREFIX" 2> /dev/null)"
2025-01-27T17:42:24.0265213Z if [ $? -eq 0 ]; then
2025-01-27T17:42:24.0265564Z     eval "$__mamba_setup"
2025-01-27T17:42:24.0265940Z else
2025-01-27T17:42:24.0266398Z     alias micromamba="$MAMBA_EXE"  # Fallback on help from mamba activate
2025-01-27T17:42:24.0267601Z fi
2025-01-27T17:42:24.0267871Z unset __mamba_setup
2025-01-27T17:42:24.0268188Z # <<< mamba initialize <<<
2025-01-27T17:42:24.0268418Z 
2025-01-27T17:42:24.0276230Z Moving mamba initialize block to .bash_profile
2025-01-27T17:42:24.0288820Z ##[endgroup]
2025-01-27T17:42:24.0290038Z ##[group]Restoring downloads from `/home/runner/micromamba/pkgs` ...
2025-01-27T17:42:25.1162960Z Received 222298112 of 356813217 (62.3%), 210.9 MBs/sec
2025-01-27T17:42:25.5935005Z Cache Size: ~340 MB (356813217 B)
2025-01-27T17:42:25.5974045Z [command]/usr/bin/tar -xf /home/runner/work/_temp/fb53a53d-0465-44cf-8aaf-3a37104377a4/cache.tzst -P -C /home/runner/work/tardis/tardis --use-compress-program unzstd
2025-01-27T17:42:26.1178968Z Received 356813217 of 356813217 (100.0%), 169.5 MBs/sec
2025-01-27T17:42:26.1331713Z Cache restored successfully
2025-01-27T17:42:26.2151656Z Restored cache with key `d7cd390425b0fd3cf82649dcc003efba9915fb4928f15d342148c3ccffcbe2ee-linux-64`
2025-01-27T17:42:26.2154227Z ##[endgroup]
2025-01-27T17:42:26.2171133Z ##[group]Restoring environment `tardis` from `/home/runner/micromamba/envs/tardis` ...
2025-01-27T17:42:27.2852164Z Received 234881024 of 444060167 (52.9%), 223.1 MBs/sec
2025-01-27T17:42:28.0639547Z Cache Size: ~423 MB (444060167 B)
2025-01-27T17:42:28.0720099Z [command]/usr/bin/tar -xf /home/runner/work/_temp/992a2690-eb88-40cf-815d-e078d850f8dd/cache.tzst -P -C /home/runner/work/tardis/tardis --use-compress-program unzstd
2025-01-27T17:42:28.2851850Z Received 444060167 of 444060167 (100.0%), 211.2 MBs/sec
2025-01-27T17:42:33.4977355Z Cache restored successfully
2025-01-27T17:42:33.5798373Z Restored cache with key `d7cd390425b0fd3cf82649dcc003efba9915fb4928f15d342148c3ccffcbe2ee-linux-64-tardis-args-4f53cda-root-dcc80ee-bin-[object Promise]-file-d7cd390425b0fd3cf82649dcc003efba9915fb4928f15d342148c3ccffcbe2ee`
2025-01-27T17:42:33.5799754Z ##[endgroup]
2025-01-27T17:42:33.5800001Z Adding environment tardis to auto-activate bash ...
2025-01-27T17:42:33.5811995Z Generating micromamba run shell.
2025-01-27T17:42:33.5821167Z ##[endgroup]
2025-01-27T17:42:33.5826812Z Set environment variables.
2025-01-27T17:42:33.5831133Z ##[group]micromamba info
2025-01-27T17:42:33.5834414Z [command]/home/runner/micromamba-bin/micromamba info -r /home/runner/micromamba -n tardis
2025-01-27T17:42:33.6071967Z 
2025-01-27T17:42:33.6072378Z        libmamba version : 1.5.10
2025-01-27T17:42:33.6072837Z      micromamba version : 1.5.10
2025-01-27T17:42:33.6073429Z            curl version : libcurl/8.10.1 OpenSSL/3.3.2 zlib/1.3.1 zstd/1.5.6 libssh2/1.11.0 nghttp2/1.58.0
2025-01-27T17:42:33.6074023Z      libarchive version : libarchive 3.7.4 zlib/1.2.13 bz2lib/1.0.8 libzstd/1.5.6
2025-01-27T17:42:33.6074448Z        envs directories : /home/runner/micromamba/envs
2025-01-27T17:42:33.6074793Z           package cache : /home/runner/micromamba/pkgs
2025-01-27T17:42:33.6075393Z                           /home/runner/.mamba/pkgs
2025-01-27T17:42:33.6075692Z             environment : tardis
2025-01-27T17:42:33.6075989Z            env location : /home/runner/micromamba/envs/tardis
2025-01-27T17:42:33.6076315Z       user config files : /home/runner/.mambarc
2025-01-27T17:42:33.6076716Z  populated config files : /home/runner/work/_temp/setup-micromamba/.condarc
2025-01-27T17:42:33.6077418Z        virtual packages : __unix=0=0
2025-01-27T17:42:33.6077688Z                           __linux=6.8.0=0
2025-01-27T17:42:33.6077951Z                           __glibc=2.39=0
2025-01-27T17:42:33.6078213Z                           __archspec=1=x86_64_v3
2025-01-27T17:42:33.6078716Z                channels : https://conda.anaconda.org/conda-forge/linux-64
2025-01-27T17:42:33.6079117Z                           https://conda.anaconda.org/conda-forge/noarch
2025-01-27T17:42:33.6079460Z        base environment : /home/runner/micromamba
2025-01-27T17:42:33.6079760Z                platform : linux-64
2025-01-27T17:42:33.6091274Z ##[endgroup]
2025-01-27T17:42:33.6095367Z ##[group]micromamba list
2025-01-27T17:42:33.6096654Z [command]/home/runner/micromamba-bin/micromamba list -r /home/runner/micromamba -n tardis
2025-01-27T17:42:34.0383554Z List of packages in environment: "/home/runner/micromamba/envs/tardis"
2025-01-27T17:42:34.0384668Z 
2025-01-27T17:42:34.0385482Z   Name                           Version              Build                    Channel    
2025-01-27T17:42:34.0386565Z â”€â”€â”€â”€â”€â”€â”€â”€â”€â”€â”€â”€â”€â”€â”€â”€â”€â”€â”€â”€â”€â”€â”€â”€â”€â”€â”€â”€â”€â”€â”€â”€â”€â”€â”€â”€â”€â”€â”€â”€â”€â”€â”€â”€â”€â”€â”€â”€â”€â”€â”€â”€â”€â”€â”€â”€â”€â”€â”€â”€â”€â”€â”€â”€â”€â”€â”€â”€â”€â”€â”€â”€â”€â”€â”€â”€â”€â”€â”€â”€â”€â”€â”€â”€â”€â”€â”€â”€â”€â”€â”€â”€
2025-01-27T17:42:34.0387421Z   _libgcc_mutex                  0.1                  conda_forge              conda-forge
2025-01-27T17:42:34.0388018Z   _openmp_mutex                  4.5                  2_gnu                    conda-forge
2025-01-27T17:42:34.0388625Z   alabaster                      0.7.16               pyhd8ed1ab_0             conda-forge
2025-01-27T17:42:34.0389185Z   anyio                          4.4.0                pyhd8ed1ab_0             conda-forge
2025-01-27T17:42:34.0389782Z   argon2-cffi                    23.1.0               pyhd8ed1ab_0             conda-forge
2025-01-27T17:42:34.0390480Z   argon2-cffi-bindings           21.2.0               py312h98912ed_4          conda-forge
2025-01-27T17:42:34.0391084Z   arrow                          1.3.0                pyhd8ed1ab_0             conda-forge
2025-01-27T17:42:34.0391630Z   astropy                        6.1.1                py312h085067d_0          conda-forge
2025-01-27T17:42:34.0392304Z   astropy-iers-data              0.2024.6.17.0.31.35  pyhd8ed1ab_0             conda-forge
2025-01-27T17:42:34.0393078Z   astropy-sphinx-theme           1.1                  pyhd8ed1ab_0             conda-forge
2025-01-27T17:42:34.0393740Z   asttokens                      2.4.1                pyhd8ed1ab_0             conda-forge
2025-01-27T17:42:34.0394334Z   async-lru                      2.0.4                pyhd8ed1ab_0             conda-forge
2025-01-27T17:42:34.0394900Z   atk-1.0                        2.38.0               h04ea711_2               conda-forge
2025-01-27T17:42:34.0395493Z   attrs                          23.2.0               pyh71513ae_0             conda-forge
2025-01-27T17:42:34.0395981Z   babel                          2.14.0               pyhd8ed1ab_0             conda-forge
2025-01-27T17:42:34.0396551Z   beautifulsoup4                 4.12.3               pyha770c72_0             conda-forge
2025-01-27T17:42:34.0397292Z   bleach                         6.1.0                pyhd8ed1ab_0             conda-forge
2025-01-27T17:42:34.0397957Z   blosc                          1.21.5               hc2324a3_1               conda-forge
2025-01-27T17:42:34.0398523Z   brotli                         1.1.0                hd590300_1               conda-forge
2025-01-27T17:42:34.0399108Z   brotli-bin                     1.1.0                hd590300_1               conda-forge
2025-01-27T17:42:34.0399745Z   brotli-python                  1.1.0                py312h30efb56_1          conda-forge
2025-01-27T17:42:34.0400732Z   bzip2                          1.0.8                hd590300_5               conda-forge
2025-01-27T17:42:34.0401279Z   c-ares                         1.28.1               hd590300_0               conda-forge
2025-01-27T17:42:34.0401861Z   c-blosc2                       2.14.4               hb4ffafa_1               conda-forge
2025-01-27T17:42:34.0402497Z   ca-certificates                2024.6.2             hbcca054_0               conda-forge
2025-01-27T17:42:34.0403185Z   cached-property                1.5.2                hd8ed1ab_1               conda-forge
2025-01-27T17:42:34.0403866Z   cached_property                1.5.2                pyha770c72_1             conda-forge
2025-01-27T17:42:34.0404484Z   cairo                          1.18.0               h3faef2a_0               conda-forge
2025-01-27T17:42:34.0405084Z   certifi                        2024.6.2             pyhd8ed1ab_0             conda-forge
2025-01-27T17:42:34.0405713Z   cffi                           1.16.0               py312hf06ca03_0          conda-forge
2025-01-27T17:42:34.0406571Z   charset-normalizer             3.3.2                pyhd8ed1ab_0             conda-forge
2025-01-27T17:42:34.0407392Z   click                          8.1.7                unix_pyh707e725_0        conda-forge
2025-01-27T17:42:34.0408001Z   codespell                      2.3.0                pyhd8ed1ab_0             conda-forge
2025-01-27T17:42:34.0408635Z   colorama                       0.4.6                pyhd8ed1ab_0             conda-forge
2025-01-27T17:42:34.0409223Z   comm                           0.2.2                pyhd8ed1ab_0             conda-forge
2025-01-27T17:42:34.0409818Z   commonmark                     0.9.1                py_0                     conda-forge
2025-01-27T17:42:34.0410476Z   contourpy                      1.2.1                py312h8572e83_0          conda-forge
2025-01-27T17:42:34.0411086Z   coverage                       7.5.3                py312h9a8786e_0          conda-forge
2025-01-27T17:42:34.0411658Z   cycler                         0.12.1               pyhd8ed1ab_0             conda-forge
2025-01-27T17:42:34.0412267Z   dataclasses                    0.8                  pyhc8e2a94_3             conda-forge
2025-01-27T17:42:34.0412898Z   debugpy                        1.8.1                py312h30efb56_0          conda-forge
2025-01-27T17:42:34.0413527Z   decorator                      5.1.1                pyhd8ed1ab_0             conda-forge
2025-01-27T17:42:34.0414171Z   defusedxml                     0.7.1                pyhd8ed1ab_0             conda-forge
2025-01-27T17:42:34.0414807Z   docutils                       0.20.1               py312h7900ff3_3          conda-forge
2025-01-27T17:42:34.0415451Z   dot2tex                        2.11.3               pyhd8ed1ab_0             conda-forge
2025-01-27T17:42:34.0416117Z   entrypoints                    0.4                  pyhd8ed1ab_0             conda-forge
2025-01-27T17:42:34.0416816Z   exceptiongroup                 1.2.0                pyhd8ed1ab_2             conda-forge
2025-01-27T17:42:34.0417649Z   executing                      2.0.1                pyhd8ed1ab_0             conda-forge
2025-01-27T17:42:34.0418270Z   expat                          2.6.2                h59595ed_0               conda-forge
2025-01-27T17:42:34.0418956Z   font-ttf-dejavu-sans-mono      2.37                 hab24e00_0               conda-forge
2025-01-27T17:42:34.0419741Z   font-ttf-inconsolata           3.000                h77eed37_0               conda-forge
2025-01-27T17:42:34.0420534Z   font-ttf-source-code-pro       2.038                h77eed37_0               conda-forge
2025-01-27T17:42:34.0421272Z   font-ttf-ubuntu                0.83                 h77eed37_2               conda-forge
2025-01-27T17:42:34.0421937Z   fontconfig                     2.14.2               h14ed4e7_0               conda-forge
2025-01-27T17:42:34.0422628Z   fonts-conda-ecosystem          1                    0                        conda-forge
2025-01-27T17:42:34.0423522Z   fonts-conda-forge              1                    0                        conda-forge
2025-01-27T17:42:34.0424199Z   fonttools                      4.53.0               py312h9a8786e_0          conda-forge
2025-01-27T17:42:34.0424819Z   fqdn                           1.5.1                pyhd8ed1ab_0             conda-forge
2025-01-27T17:42:34.0425394Z   freetype                       2.12.1               h267a509_2               conda-forge
2025-01-27T17:42:34.0425953Z   fribidi                        1.0.10               h36c2ea0_0               conda-forge
2025-01-27T17:42:34.0426474Z   future                         1.0.0                pyhd8ed1ab_0             conda-forge
2025-01-27T17:42:34.0426855Z   gdk-pixbuf                     2.42.12              hb9ae30d_0               conda-forge
2025-01-27T17:42:34.0427526Z   giflib                         5.2.2                hd590300_0               conda-forge
2025-01-27T17:42:34.0427913Z   git-lfs                        3.5.1                ha770c72_0               conda-forge
2025-01-27T17:42:34.0428411Z   gmp                            6.3.0                h59595ed_1               conda-forge
2025-01-27T17:42:34.0428734Z   gmpy2                          2.1.5                py312h1d5cde6_1          conda-forge
2025-01-27T17:42:34.0429114Z   graphite2                      1.3.13               h59595ed_1003            conda-forge
2025-01-27T17:42:34.0429475Z   graphviz                       11.0.0               hc68bbd7_0               conda-forge
2025-01-27T17:42:34.0429967Z   gtk2                           2.24.33              h280cfa0_4               conda-forge
2025-01-27T17:42:34.0430421Z   gts                            0.7.6                h977cf35_4               conda-forge
2025-01-27T17:42:34.0430748Z   h11                            0.14.0               pyhd8ed1ab_0             conda-forge
2025-01-27T17:42:34.0431066Z   h2                             4.1.0                pyhd8ed1ab_0             conda-forge
2025-01-27T17:42:34.0431403Z   h5py                           3.11.0               nompi_py312hb7ab980_102  conda-forge
2025-01-27T17:42:34.0431757Z   harfbuzz                       8.5.0                hfac3d4d_0               conda-forge
2025-01-27T17:42:34.0432098Z   hdf5                           1.14.3               nompi_hdf9ad27_105       conda-forge
2025-01-27T17:42:34.0432445Z   hpack                          4.0.0                pyh9f0ad1d_0             conda-forge
2025-01-27T17:42:34.0433060Z   httpcore                       1.0.5                pyhd8ed1ab_0             conda-forge
2025-01-27T17:42:34.0433829Z   httpx                          0.27.0               pyhd8ed1ab_0             conda-forge
2025-01-27T17:42:34.0434506Z   hyperframe                     6.0.1                pyhd8ed1ab_0             conda-forge
2025-01-27T17:42:34.0435158Z   icu                            73.2                 h59595ed_0               conda-forge
2025-01-27T17:42:34.0435579Z   idna                           3.7                  pyhd8ed1ab_0             conda-forge
2025-01-27T17:42:34.0435948Z   imagesize                      1.4.1                pyhd8ed1ab_0             conda-forge
2025-01-27T17:42:34.0436353Z   importlib-metadata             7.1.0                pyha770c72_0             conda-forge
2025-01-27T17:42:34.0436770Z   importlib_metadata             7.1.0                hd8ed1ab_0               conda-forge
2025-01-27T17:42:34.0437380Z   importlib_resources            6.4.0                pyhd8ed1ab_0             conda-forge
2025-01-27T17:42:34.0437775Z   iniconfig                      2.0.0                pyhd8ed1ab_0             conda-forge
2025-01-27T17:42:34.0438140Z   ipykernel                      6.29.4               pyh3099207_0             conda-forge
2025-01-27T17:42:34.0438492Z   ipython                        8.25.0               pyh707e725_0             conda-forge
2025-01-27T17:42:34.0438859Z   ipython_genutils               0.2.0                pyhd8ed1ab_1             conda-forge
2025-01-27T17:42:34.0439433Z   ipywidgets                     7.8.0                pyhd8ed1ab_0             conda-forge
2025-01-27T17:42:34.0439813Z   isoduration                    20.11.0              pyhd8ed1ab_0             conda-forge
2025-01-27T17:42:34.0440170Z   jedi                           0.19.1               pyhd8ed1ab_0             conda-forge
2025-01-27T17:42:34.0440505Z   jinja2                         3.1.4                pyhd8ed1ab_0             conda-forge
2025-01-27T17:42:34.0440846Z   json5                          0.9.25               pyhd8ed1ab_0             conda-forge
2025-01-27T17:42:34.0441205Z   jsonpointer                    3.0.0                py312h7900ff3_0          conda-forge
2025-01-27T17:42:34.0441576Z   jsonschema                     4.22.0               pyhd8ed1ab_0             conda-forge
2025-01-27T17:42:34.0442018Z   jsonschema-specifications      2023.12.1            pyhd8ed1ab_0             conda-forge
2025-01-27T17:42:34.0442514Z   jsonschema-with-format-nongpl  4.22.0               pyhd8ed1ab_0             conda-forge
2025-01-27T17:42:34.0443079Z   jupyter-lsp                    2.2.5                pyhd8ed1ab_0             conda-forge
2025-01-27T17:42:34.0443508Z   jupyter_client                 8.6.2                pyhd8ed1ab_0             conda-forge
2025-01-27T17:42:34.0443995Z   jupyter_core                   5.7.2                py312h7900ff3_0          conda-forge
2025-01-27T17:42:34.0444389Z   jupyter_events                 0.10.0               pyhd8ed1ab_0             conda-forge
2025-01-27T17:42:34.0445076Z   jupyter_server                 2.14.1               pyhd8ed1ab_0             conda-forge
2025-01-27T17:42:34.0445794Z   jupyter_server_terminals       0.5.3                pyhd8ed1ab_0             conda-forge
2025-01-27T17:42:34.0446513Z   jupyterlab                     4.2.2                pyhd8ed1ab_0             conda-forge
2025-01-27T17:42:34.0447361Z   jupyterlab_pygments            0.3.0                pyhd8ed1ab_1             conda-forge
2025-01-27T17:42:34.0448005Z   jupyterlab_server              2.27.2               pyhd8ed1ab_0             conda-forge
2025-01-27T17:42:34.0448449Z   jupyterlab_widgets             1.1.7                pyhd8ed1ab_0             conda-forge
2025-01-27T17:42:34.0448843Z   keyutils                       1.6.1                h166bdaf_0               conda-forge
2025-01-27T17:42:34.0449205Z   kiwisolver                     1.4.5                py312h8572e83_1          conda-forge
2025-01-27T17:42:34.0449554Z   krb5                           1.21.2               h659d440_0               conda-forge
2025-01-27T17:42:34.0449897Z   latexcodec                     2.0.1                pyh9f0ad1d_0             conda-forge
2025-01-27T17:42:34.0450244Z   lcms2                          2.16                 hb7c19ff_0               conda-forge
2025-01-27T17:42:34.0450595Z   ld_impl_linux-64               2.40                 hf3520f5_7               conda-forge
2025-01-27T17:42:34.0450939Z   lerc                           4.0.0                h27087fc_0               conda-forge
2025-01-27T17:42:34.0451272Z   libaec                         1.1.3                h59595ed_0               conda-forge
2025-01-27T17:42:34.0451620Z   libblas                        3.9.0                22_linux64_openblas      conda-forge
2025-01-27T17:42:34.0451998Z   libbrotlicommon                1.1.0                hd590300_1               conda-forge
2025-01-27T17:42:34.0452388Z   libbrotlidec                   1.1.0                hd590300_1               conda-forge
2025-01-27T17:42:34.0452762Z   libbrotlienc                   1.1.0                hd590300_1               conda-forge
2025-01-27T17:42:34.0453130Z   libcblas                       3.9.0                22_linux64_openblas      conda-forge
2025-01-27T17:42:34.0453481Z   libcurl                        8.8.0                hca28451_0               conda-forge
2025-01-27T17:42:34.0453831Z   libdeflate                     1.20                 hd590300_0               conda-forge
2025-01-27T17:42:34.0454430Z   libedit                        3.1.20191231         he28a2e2_2               conda-forge
2025-01-27T17:42:34.0454783Z   libev                          4.33                 hd590300_2               conda-forge
2025-01-27T17:42:34.0455121Z   libexpat                       2.6.2                h59595ed_0               conda-forge
2025-01-27T17:42:34.0455466Z   libffi                         3.4.2                h7f98852_5               conda-forge
2025-01-27T17:42:34.0455807Z   libgcc-ng                      13.2.0               h77fa898_10              conda-forge
2025-01-27T17:42:34.0456148Z   libgd                          2.3.3                h119a65a_9               conda-forge
2025-01-27T17:42:34.0456507Z   libgfortran-ng                 13.2.0               h69a702a_10              conda-forge
2025-01-27T17:42:34.0456888Z   libgfortran5                   13.2.0               h3d2ce59_10              conda-forge
2025-01-27T17:42:34.0457448Z   libglib                        2.80.2               h8a4344b_1               conda-forge
2025-01-27T17:42:34.0457814Z   libgomp                        13.2.0               h77fa898_10              conda-forge
2025-01-27T17:42:34.0458774Z   libiconv                       1.17                 hd590300_2               conda-forge
2025-01-27T17:42:34.0459481Z   libjpeg-turbo                  3.0.0                hd590300_1               conda-forge
2025-01-27T17:42:34.0459953Z   liblapack                      3.9.0                22_linux64_openblas      conda-forge
2025-01-27T17:42:34.0460337Z   libllvm14                      14.0.6               hcd5def8_4               conda-forge
2025-01-27T17:42:34.0460714Z   libnghttp2                     1.58.0               h47da74e_1               conda-forge
2025-01-27T17:42:34.0461075Z   libnsl                         2.0.1                hd590300_0               conda-forge
2025-01-27T17:42:34.0461448Z   libopenblas                    0.3.27               pthreads_h413a1c8_0      conda-forge
2025-01-27T17:42:34.0461831Z   libpng                         1.6.43               h2797004_0               conda-forge
2025-01-27T17:42:34.0462185Z   librsvg                        2.58.1               hadf69e7_0               conda-forge
2025-01-27T17:42:34.0462547Z   libsodium                      1.0.18               h36c2ea0_1               conda-forge
2025-01-27T17:42:34.0462911Z   libsqlite                      3.46.0               hde9e2c9_0               conda-forge
2025-01-27T17:42:34.0463267Z   libssh2                        1.11.0               h0841786_0               conda-forge
2025-01-27T17:42:34.0463630Z   libstdcxx-ng                   13.2.0               hc0a3c3a_10              conda-forge
2025-01-27T17:42:34.0463995Z   libtiff                        4.6.0                h1dd3fc0_3               conda-forge
2025-01-27T17:42:34.0464343Z   libuuid                        2.38.1               h0b41bf4_0               conda-forge
2025-01-27T17:42:34.0464684Z   libwebp                        1.4.0                h2c329e2_0               conda-forge
2025-01-27T17:42:34.0465048Z   libwebp-base                   1.4.0                hd590300_0               conda-forge
2025-01-27T17:42:34.0465403Z   libxcb                         1.15                 h0b41bf4_0               conda-forge
2025-01-27T17:42:34.0465755Z   libxcrypt                      4.4.36               hd590300_1               conda-forge
2025-01-27T17:42:34.0466105Z   libxml2                        2.12.7               hc051c1a_1               conda-forge
2025-01-27T17:42:34.0466448Z   libxslt                        1.1.39               h76b75d6_0               conda-forge
2025-01-27T17:42:34.0466793Z   libzlib                        1.3.1                h4ab18f5_1               conda-forge
2025-01-27T17:42:34.0467383Z   llvmlite                       0.42.0               py312hb06c811_1          conda-forge
2025-01-27T17:42:34.0467745Z   lxml                           5.2.2                py312hb90d8a5_0          conda-forge
2025-01-27T17:42:34.0468509Z   lz4-c                          1.9.4                hcb278e6_0               conda-forge
2025-01-27T17:42:34.0468864Z   lzo                            2.10                 hd590300_1001            conda-forge
2025-01-27T17:42:34.0469219Z   markupsafe                     2.1.5                py312h98912ed_0          conda-forge
2025-01-27T17:42:34.0469607Z   matplotlib-base                3.8.4                py312h20ab3a6_2          conda-forge
2025-01-27T17:42:34.0470011Z   matplotlib-inline              0.1.7                pyhd8ed1ab_0             conda-forge
2025-01-27T17:42:34.0470400Z   mistune                        3.0.2                pyhd8ed1ab_0             conda-forge
2025-01-27T17:42:34.0470737Z   mpc                            1.3.1                hfe3b2da_0               conda-forge
2025-01-27T17:42:34.0471061Z   mpfr                           4.2.1                h9458935_1               conda-forge
2025-01-27T17:42:34.0471394Z   mpmath                         1.3.0                pyhd8ed1ab_0             conda-forge
2025-01-27T17:42:34.0471750Z   munkres                        1.1.4                pyh9f0ad1d_0             conda-forge
2025-01-27T17:42:34.0472244Z   mypy_extensions                1.0.0                pyha770c72_0             conda-forge
2025-01-27T17:42:34.0472619Z   nbclassic                      1.1.0                pyhd8ed1ab_0             conda-forge
2025-01-27T17:42:34.0472980Z   nbclient                       0.10.0               pyhd8ed1ab_0             conda-forge
2025-01-27T17:42:34.0473340Z   nbconvert                      7.16.4               hd8ed1ab_1               conda-forge
2025-01-27T17:42:34.0473717Z   nbconvert-core                 7.16.4               pyhd8ed1ab_1             conda-forge
2025-01-27T17:42:34.0474121Z   nbconvert-pandoc               7.16.4               hd8ed1ab_1               conda-forge
2025-01-27T17:42:34.0474515Z   nbformat                       5.10.4               pyhd8ed1ab_0             conda-forge
2025-01-27T17:42:34.0474882Z   nbsphinx                       0.9.4                pyhd8ed1ab_0             conda-forge
2025-01-27T17:42:34.0475238Z   ncurses                        6.5                  h59595ed_0               conda-forge
2025-01-27T17:42:34.0475601Z   nest-asyncio                   1.6.0                pyhd8ed1ab_0             conda-forge
2025-01-27T17:42:34.0475970Z   networkx                       3.3                  pyhd8ed1ab_1             conda-forge
2025-01-27T17:42:34.0476311Z   nomkl                          1.0                  h5ca1d4c_0               conda-forge
2025-01-27T17:42:34.0476654Z   notebook                       7.2.1                pyhd8ed1ab_0             conda-forge
2025-01-27T17:42:34.0477228Z   notebook-shim                  0.2.4                pyhd8ed1ab_0             conda-forge
2025-01-27T17:42:34.0477706Z   numba                          0.59.1               py312hacefee8_0          conda-forge
2025-01-27T17:42:34.0478058Z   numexpr                        2.10.0               py312hf412c99_100        conda-forge
2025-01-27T17:42:34.0478414Z   numpy                          1.26.4               py312heda63a1_0          conda-forge
2025-01-27T17:42:34.0478762Z   numpydoc                       1.7.0                pyhd8ed1ab_1             conda-forge
2025-01-27T17:42:34.0479117Z   openjpeg                       2.5.2                h488ebb8_0               conda-forge
2025-01-27T17:42:34.0479468Z   openssl                        3.3.1                h4ab18f5_0               conda-forge
2025-01-27T17:42:34.0479827Z   overrides                      7.7.0                pyhd8ed1ab_0             conda-forge
2025-01-27T17:42:34.0480189Z   packaging                      24.1                 pyhd8ed1ab_0             conda-forge
2025-01-27T17:42:34.0480554Z   pandas                         2.2.2                py312h1d6d2e6_1          conda-forge
2025-01-27T17:42:34.0480934Z   pandoc                         3.2                  ha770c72_0               conda-forge
2025-01-27T17:42:34.0481305Z   pandocfilters                  1.5.0                pyhd8ed1ab_0             conda-forge
2025-01-27T17:42:34.0481810Z   pango                          1.54.0               h84a9a3c_0               conda-forge
2025-01-27T17:42:34.0482143Z   parso                          0.8.4                pyhd8ed1ab_0             conda-forge
2025-01-27T17:42:34.0482497Z   pathspec                       0.12.1               pyhd8ed1ab_0             conda-forge
2025-01-27T17:42:34.0482841Z   pbr                            6.0.0                pyhd8ed1ab_0             conda-forge
2025-01-27T17:42:34.0483173Z   pcre2                          10.44                h0f59acf_0               conda-forge
2025-01-27T17:42:34.0483520Z   pexpect                        4.9.0                pyhd8ed1ab_0             conda-forge
2025-01-27T17:42:34.0483885Z   pickleshare                    0.7.5                py_1003                  conda-forge
2025-01-27T17:42:34.0484246Z   pillow                         10.3.0               py312hdcec9eb_0          conda-forge
2025-01-27T17:42:34.0484590Z   pip                            24.0                 pyhd8ed1ab_0             conda-forge
2025-01-27T17:42:34.0485038Z   pixman                         0.43.2               h59595ed_0               conda-forge
2025-01-27T17:42:34.0485427Z   pkgutil-resolve-name           1.3.10               pyhd8ed1ab_1             conda-forge
2025-01-27T17:42:34.0485839Z   platformdirs                   4.2.2                pyhd8ed1ab_0             conda-forge
2025-01-27T17:42:34.0486199Z   plotly                         5.22.0               pyhd8ed1ab_0             conda-forge
2025-01-27T17:42:34.0486540Z   pluggy                         1.5.0                pyhd8ed1ab_0             conda-forge
2025-01-27T17:42:34.0486917Z   prometheus_client              0.20.0               pyhd8ed1ab_0             conda-forge
2025-01-27T17:42:34.0487506Z   prompt-toolkit                 3.0.47               pyha770c72_0             conda-forge
2025-01-27T17:42:34.0487889Z   psutil                         5.9.8                py312h98912ed_0          conda-forge
2025-01-27T17:42:34.0488261Z   pthread-stubs                  0.4                  h36c2ea0_1001            conda-forge
2025-01-27T17:42:34.0488640Z   ptyprocess                     0.7.0                pyhd3deb0d_0             conda-forge
2025-01-27T17:42:34.0489008Z   pure_eval                      0.2.2                pyhd8ed1ab_0             conda-forge
2025-01-27T17:42:34.0489365Z   py-cpuinfo                     9.0.0                pyhd8ed1ab_0             conda-forge
2025-01-27T17:42:34.0489728Z   pybtex                         0.24.0               pyhd8ed1ab_2             conda-forge
2025-01-27T17:42:34.0490105Z   pybtex-docutils                1.0.3                py312h7900ff3_1          conda-forge
2025-01-27T17:42:34.0490484Z   pycparser                      2.22                 pyhd8ed1ab_0             conda-forge
2025-01-27T17:42:34.0490838Z   pyerfa                         2.0.1.4              py312h085067d_1          conda-forge
2025-01-27T17:42:34.0491193Z   pygments                       2.18.0               pyhd8ed1ab_0             conda-forge
2025-01-27T17:42:34.0491556Z   pygraphviz                     1.13                 py312h4a1d8a7_1          conda-forge
2025-01-27T17:42:34.0491919Z   pyparsing                      3.1.2                pyhd8ed1ab_0             conda-forge
2025-01-27T17:42:34.0492273Z   pysocks                        1.7.1                pyha2e5f31_6             conda-forge
2025-01-27T17:42:34.0492621Z   pytables                       3.9.2                py312h96d95ec_2          conda-forge
2025-01-27T17:42:34.0492967Z   pytest                         8.2.2                pyhd8ed1ab_0             conda-forge
2025-01-27T17:42:34.0493318Z   pytest-cov                     5.0.0                pyhd8ed1ab_0             conda-forge
2025-01-27T17:42:34.0493712Z   pytest-doctestplus             1.2.1                pyhd8ed1ab_0             conda-forge
2025-01-27T17:42:34.0494113Z   pytest-html                    4.1.1                pyhd8ed1ab_0             conda-forge
2025-01-27T17:42:34.0494622Z   pytest-metadata                3.1.1                pyhd8ed1ab_0             conda-forge
2025-01-27T17:42:34.0494992Z   python                         3.12.4               h194c7f8_0_cpython       conda-forge
2025-01-27T17:42:34.0495362Z   python-dateutil                2.9.0                pyhd8ed1ab_0             conda-forge
2025-01-27T17:42:34.0495784Z   python-fastjsonschema          2.20.0               pyhd8ed1ab_0             conda-forge
2025-01-27T17:42:34.0496211Z   python-json-logger             2.0.7                pyhd8ed1ab_0             conda-forge
2025-01-27T17:42:34.0496610Z   python-tzdata                  2024.1               pyhd8ed1ab_0             conda-forge
2025-01-27T17:42:34.0497142Z   python_abi                     3.12                 4_cp312                  conda-forge
2025-01-27T17:42:34.0497507Z   pytz                           2024.1               pyhd8ed1ab_0             conda-forge
2025-01-27T17:42:34.0497860Z   pyyaml                         6.0.1                py312h98912ed_1          conda-forge
2025-01-27T17:42:34.0498323Z   pyzmq                          26.0.3               py312h8fd38d8_0          conda-forge
2025-01-27T17:42:34.0498659Z   qgrid                          1.3.1                pyhd8ed1ab_4             conda-forge
2025-01-27T17:42:34.0499035Z   radioactivedecay               0.5.1                pyhd8ed1ab_0             conda-forge
2025-01-27T17:42:34.0499413Z   readline                       8.2                  h8228510_1               conda-forge
2025-01-27T17:42:34.0499774Z   recommonmark                   0.7.1                pyhd8ed1ab_0             conda-forge
2025-01-27T17:42:34.0500173Z   referencing                    0.35.1               pyhd8ed1ab_0             conda-forge
2025-01-27T17:42:34.0500538Z   requests                       2.32.3               pyhd8ed1ab_0             conda-forge
2025-01-27T17:42:34.0500921Z   rfc3339-validator              0.1.4                pyhd8ed1ab_0             conda-forge
2025-01-27T17:42:34.0501335Z   rfc3986-validator              0.1.1                pyh9f0ad1d_0             conda-forge
2025-01-27T17:42:34.0501713Z   rpds-py                        0.18.1               py312h4413252_0          conda-forge
2025-01-27T17:42:34.0502045Z   ruff                           0.4.9                py312h5715c7c_0          conda-forge
2025-01-27T17:42:34.0502382Z   scipy                          1.13.1               py312hc2bc53b_0          conda-forge
2025-01-27T17:42:34.0502736Z   send2trash                     1.8.3                pyh0d859eb_0             conda-forge
2025-01-27T17:42:34.0503271Z   setuptools                     70.0.0               pyhd8ed1ab_0             conda-forge
2025-01-27T17:42:34.0503924Z   setuptools-scm                 8.1.0                pyhd8ed1ab_0             conda-forge
2025-01-27T17:42:34.0504612Z   setuptools_scm                 8.1.0                hd8ed1ab_0               conda-forge
2025-01-27T17:42:34.0505245Z   six                            1.16.0               pyh6c4a22f_0             conda-forge
2025-01-27T17:42:34.0505828Z   snakeviz                       2.2.0                pyhd8ed1ab_0             conda-forge
2025-01-27T17:42:34.0506457Z   snappy                         1.2.0                hdb0a2a9_1               conda-forge
2025-01-27T17:42:34.0507198Z   sniffio                        1.3.1                pyhd8ed1ab_0             conda-forge
2025-01-27T17:42:34.0507881Z   snowballstemmer                2.2.0                pyhd8ed1ab_0             conda-forge
2025-01-27T17:42:34.0508560Z   soupsieve                      2.5                  pyhd8ed1ab_1             conda-forge
2025-01-27T17:42:34.0509170Z   sphinx                         7.3.7                pyhd8ed1ab_0             conda-forge
2025-01-27T17:42:34.0509824Z   sphinx-astropy                 1.9.1                pyhd8ed1ab_0             conda-forge
2025-01-27T17:42:34.0510539Z   sphinx-automodapi              0.17.0               pyh717bed2_1             conda-forge
2025-01-27T17:42:34.0511335Z   sphinx-gallery                 0.16.0               pyhd8ed1ab_0             conda-forge
2025-01-27T17:42:34.0511762Z   sphinx-jsonschema              1.19.1               pyhd8ed1ab_0             conda-forge
2025-01-27T17:42:34.0512185Z   sphinx_bootstrap_theme         0.8.1                pyhd8ed1ab_0             conda-forge
2025-01-27T17:42:34.0512596Z   sphinx_rtd_theme               2.0.0                pyha770c72_0             conda-forge
2025-01-27T17:42:34.0512999Z   sphinxcontrib-apidoc           0.3.0                py_1                     conda-forge
2025-01-27T17:42:34.0513442Z   sphinxcontrib-applehelp        1.0.8                pyhd8ed1ab_0             conda-forge
2025-01-27T17:42:34.0514152Z   sphinxcontrib-bibtex           2.6.2                pyhd8ed1ab_0             conda-forge
2025-01-27T17:42:34.0514926Z   sphinxcontrib-devhelp          1.0.6                pyhd8ed1ab_0             conda-forge
2025-01-27T17:42:34.0515732Z   sphinxcontrib-htmlhelp         2.0.5                pyhd8ed1ab_0             conda-forge
2025-01-27T17:42:34.0516680Z   sphinxcontrib-jquery           4.1                  pyhd8ed1ab_0             conda-forge
2025-01-27T17:42:34.0517609Z   sphinxcontrib-jsmath           1.0.1                pyhd8ed1ab_0             conda-forge
2025-01-27T17:42:34.0518382Z   sphinxcontrib-qthelp           1.0.7                pyhd8ed1ab_0             conda-forge
2025-01-27T17:42:34.0519203Z   sphinxcontrib-serializinghtml  1.1.10               pyhd8ed1ab_0             conda-forge
2025-01-27T17:42:34.0519985Z   stack_data                     0.6.2                pyhd8ed1ab_0             conda-forge
2025-01-27T17:42:34.0520425Z   sympy                          1.12.1               pypyh2585a3b_103         conda-forge
2025-01-27T17:42:34.0520779Z   tabulate                       0.9.0                pyhd8ed1ab_1             conda-forge
2025-01-27T17:42:34.0521143Z   tenacity                       8.4.1                pyhd8ed1ab_0             conda-forge
2025-01-27T17:42:34.0521810Z   terminado                      0.18.1               pyh0d859eb_0             conda-forge
2025-01-27T17:42:34.0522458Z   tinycss2                       1.3.0                pyhd8ed1ab_0             conda-forge
2025-01-27T17:42:34.0523048Z   tk                             8.6.13               noxft_h4845f30_101       conda-forge
2025-01-27T17:42:34.0523625Z   toml                           0.10.2               pyhd8ed1ab_0             conda-forge
2025-01-27T17:42:34.0524210Z   tomli                          2.0.1                pyhd8ed1ab_0             conda-forge
2025-01-27T17:42:34.0524812Z   tornado                        6.4.1                py312h9a8786e_0          conda-forge
2025-01-27T17:42:34.0525407Z   tqdm                           4.66.4               pyhd8ed1ab_0             conda-forge
2025-01-27T17:42:34.0526007Z   traitlets                      5.14.3               pyhd8ed1ab_0             conda-forge
2025-01-27T17:42:34.0526651Z   typed-ast                      1.5.5                py312h98912ed_1          conda-forge
2025-01-27T17:42:34.0527548Z   types-python-dateutil          2.9.0.20240316       pyhd8ed1ab_0             conda-forge
2025-01-27T17:42:34.0528343Z   typing-extensions              4.12.2               hd8ed1ab_0               conda-forge
2025-01-27T17:42:34.0529069Z   typing_extensions              4.12.2               pyha770c72_0             conda-forge
2025-01-27T17:42:34.0529810Z   typing_utils                   0.1.0                pyhd8ed1ab_0             conda-forge
2025-01-27T17:42:34.0530459Z   tzdata                         2024a                h0c530f3_0               conda-forge
2025-01-27T17:42:34.0531100Z   uri-template                   1.3.0                pyhd8ed1ab_0             conda-forge
2025-01-27T17:42:34.0531748Z   urllib3                        2.2.2                pyhd8ed1ab_0             conda-forge
2025-01-27T17:42:34.0532371Z   wcwidth                        0.2.13               pyhd8ed1ab_0             conda-forge
2025-01-27T17:42:34.0533188Z   webcolors                      24.6.0               pyhd8ed1ab_0             conda-forge
2025-01-27T17:42:34.0533856Z   webencodings                   0.5.1                pyhd8ed1ab_2             conda-forge
2025-01-27T17:42:34.0534568Z   websocket-client               1.8.0                pyhd8ed1ab_0             conda-forge
2025-01-27T17:42:34.0535241Z   wheel                          0.43.0               pyhd8ed1ab_1             conda-forge
2025-01-27T17:42:34.0535923Z   widgetsnbextension             3.6.6                pyhd8ed1ab_0             conda-forge
2025-01-27T17:42:34.0536363Z   xorg-kbproto                   1.0.7                h7f98852_1002            conda-forge
2025-01-27T17:42:34.0536734Z   xorg-libice                    1.1.1                hd590300_0               conda-forge
2025-01-27T17:42:34.0537304Z   xorg-libsm                     1.2.4                h7391055_0               conda-forge
2025-01-27T17:42:34.0537878Z   xorg-libx11                    1.8.9                h8ee46fc_0               conda-forge
2025-01-27T17:42:34.0538403Z   xorg-libxau                    1.0.11               hd590300_0               conda-forge
2025-01-27T17:42:34.0538774Z   xorg-libxdmcp                  1.1.3                h7f98852_0               conda-forge
2025-01-27T17:42:34.0539349Z   xorg-libxext                   1.3.4                h0b41bf4_2               conda-forge
2025-01-27T17:42:34.0539750Z   xorg-libxrender                0.9.11               hd590300_0               conda-forge
2025-01-27T17:42:34.0540145Z   xorg-renderproto               0.11.1               h7f98852_1002            conda-forge
2025-01-27T17:42:34.0540534Z   xorg-xextproto                 7.3.0                h0b41bf4_1003            conda-forge
2025-01-27T17:42:34.0540903Z   xorg-xproto                    7.0.31               h7f98852_1007            conda-forge
2025-01-27T17:42:34.0541232Z   xz                             5.2.6                h166bdaf_0               conda-forge
2025-01-27T17:42:34.0541558Z   yaml                           0.2.5                h7f98852_2               conda-forge
2025-01-27T17:42:34.0542023Z   zeromq                         4.3.5                h75354e8_4               conda-forge
2025-01-27T17:42:34.0542607Z   zipp                           3.19.2               pyhd8ed1ab_0             conda-forge
2025-01-27T17:42:34.0543200Z   zlib                           1.3.1                h4ab18f5_1               conda-forge
2025-01-27T17:42:34.0543802Z   zlib-ng                        2.0.7                h0b41bf4_0               conda-forge
2025-01-27T17:42:34.0544390Z   zstd                           1.5.6                ha6fb4c9_0               conda-forge
2025-01-27T17:42:34.0545268Z ##[endgroup]
