2025-01-22T19:56:33.5573930Z Prepare all required actions
2025-01-22T19:56:33.5574650Z Getting action download info
2025-01-22T19:56:33.7056840Z Download action repository 'actions/cache@v4' (SHA:1bd1e32a3bdc45362d1e726936510720a7c30a57)
2025-01-22T19:56:33.8607740Z ##[group]Run ./.github/actions/setup_lfs
2025-01-22T19:56:33.8608100Z with:
2025-01-22T19:56:33.8608410Z   regression-data-repo: tardis-sn/tardis-regression-data
2025-01-22T19:56:33.8608740Z env:
2025-01-22T19:56:33.8608940Z   CACHE_NUMBER: 0
2025-01-22T19:56:33.8609540Z   PYTEST_FLAGS: --tardis-regression-data=/Users/runner/work/tardis/tardis/tardis-regression-data --cov=tardis --cov-report=xml --cov-report=html --cov-append
2025-01-22T19:56:33.8610150Z   CODECOV_TOKEN: 
2025-01-22T19:56:33.8610370Z ##[endgroup]
2025-01-22T19:56:33.8776970Z ##[group]Run actions/checkout@v4
2025-01-22T19:56:33.8777300Z with:
2025-01-22T19:56:33.8777540Z   repository: tardis-sn/tardis-regression-data
2025-01-22T19:56:33.8777860Z   path: tardis-regression-data
2025-01-22T19:56:33.8778220Z   token: ***
2025-01-22T19:56:33.8778490Z   ssh-strict: true
2025-01-22T19:56:33.8778740Z   ssh-user: git
2025-01-22T19:56:33.8779010Z   persist-credentials: true
2025-01-22T19:56:33.8779270Z   clean: true
2025-01-22T19:56:33.8779500Z   sparse-checkout-cone-mode: true
2025-01-22T19:56:33.8779780Z   fetch-depth: 1
2025-01-22T19:56:33.8780000Z   fetch-tags: false
2025-01-22T19:56:33.8780240Z   show-progress: true
2025-01-22T19:56:33.8780480Z   lfs: false
2025-01-22T19:56:33.8780730Z   submodules: false
2025-01-22T19:56:33.8780990Z   set-safe-directory: true
2025-01-22T19:56:33.8781260Z env:
2025-01-22T19:56:33.8781500Z   CACHE_NUMBER: 0
2025-01-22T19:56:33.8782110Z   PYTEST_FLAGS: --tardis-regression-data=/Users/runner/work/tardis/tardis/tardis-regression-data --cov=tardis --cov-report=xml --cov-report=html --cov-append
2025-01-22T19:56:33.8782730Z   CODECOV_TOKEN: 
2025-01-22T19:56:33.8782970Z ##[endgroup]
2025-01-22T19:56:34.0167450Z Syncing repository: tardis-sn/tardis-regression-data
2025-01-22T19:56:34.0168710Z ##[group]Getting Git version info
2025-01-22T19:56:34.0169490Z Working directory is '/Users/runner/work/tardis/tardis/tardis-regression-data'
2025-01-22T19:56:34.0170340Z [command]/opt/homebrew/bin/git version
2025-01-22T19:56:34.0170670Z git version 2.48.1
2025-01-22T19:56:34.0171630Z ##[endgroup]
2025-01-22T19:56:34.0172900Z Copying '/Users/runner/.gitconfig' to '/Users/runner/work/_temp/7bba886e-cadc-4501-bcd2-e3c206fe811a/.gitconfig'
2025-01-22T19:56:34.0182270Z Temporarily overriding HOME='/Users/runner/work/_temp/7bba886e-cadc-4501-bcd2-e3c206fe811a' before making global git config changes
2025-01-22T19:56:34.0186420Z Adding repository directory to the temporary git global config as a safe directory
2025-01-22T19:56:34.0188140Z [command]/opt/homebrew/bin/git config --global --add safe.directory /Users/runner/work/tardis/tardis/tardis-regression-data
2025-01-22T19:56:34.0247590Z ##[group]Initializing the repository
2025-01-22T19:56:34.0252220Z [command]/opt/homebrew/bin/git init /Users/runner/work/tardis/tardis/tardis-regression-data
2025-01-22T19:56:34.0360850Z hint: Using 'master' as the name for the initial branch. This default branch name
2025-01-22T19:56:34.0361650Z hint: is subject to change. To configure the initial branch name to use in all
2025-01-22T19:56:34.0362190Z hint: of your new repositories, which will suppress this warning, call:
2025-01-22T19:56:34.0362590Z hint:
2025-01-22T19:56:34.0362880Z hint: 	git config --global init.defaultBranch <name>
2025-01-22T19:56:34.0363250Z hint:
2025-01-22T19:56:34.0363580Z hint: Names commonly chosen instead of 'master' are 'main', 'trunk' and
2025-01-22T19:56:34.0364070Z hint: 'development'. The just-created branch can be renamed via this command:
2025-01-22T19:56:34.0364470Z hint:
2025-01-22T19:56:34.0364720Z hint: 	git branch -m <name>
2025-01-22T19:56:34.0367070Z Initialized empty Git repository in /Users/runner/work/tardis/tardis/tardis-regression-data/.git/
2025-01-22T19:56:34.0381920Z [command]/opt/homebrew/bin/git remote add origin https://github.com/tardis-sn/tardis-regression-data
2025-01-22T19:56:34.0448210Z ##[endgroup]
2025-01-22T19:56:34.0448810Z ##[group]Disabling automatic garbage collection
2025-01-22T19:56:34.0451110Z [command]/opt/homebrew/bin/git config --local gc.auto 0
2025-01-22T19:56:34.0515600Z ##[endgroup]
2025-01-22T19:56:34.0517680Z ##[group]Setting up auth
2025-01-22T19:56:34.0518910Z [command]/opt/homebrew/bin/git config --local --name-only --get-regexp core\.sshCommand
2025-01-22T19:56:34.0610200Z [command]/opt/homebrew/bin/git submodule foreach --recursive sh -c "git config --local --name-only --get-regexp 'core\.sshCommand' && git config --local --unset-all 'core.sshCommand' || :"
2025-01-22T19:56:34.2433600Z [command]/opt/homebrew/bin/git config --local --name-only --get-regexp http\.https\:\/\/github\.com\/\.extraheader
2025-01-22T19:56:34.2866390Z [command]/opt/homebrew/bin/git submodule foreach --recursive sh -c "git config --local --name-only --get-regexp 'http\.https\:\/\/github\.com\/\.extraheader' && git config --local --unset-all 'http.https://github.com/.extraheader' || :"
2025-01-22T19:56:34.4328430Z [command]/opt/homebrew/bin/git config --local http.https://github.com/.extraheader AUTHORIZATION: basic ***
2025-01-22T19:56:34.4658270Z ##[endgroup]
2025-01-22T19:56:34.4762670Z ##[group]Determining the default branch
2025-01-22T19:56:34.4864170Z Retrieving the default branch name
2025-01-22T19:56:34.9607920Z Default branch 'main'
2025-01-22T19:56:34.9709920Z ##[endgroup]
2025-01-22T19:56:34.9811840Z ##[group]Fetching the repository
2025-01-22T19:56:34.9914900Z [command]/opt/homebrew/bin/git -c protocol.version=2 fetch --no-tags --prune --no-recurse-submodules --depth=1 origin +refs/heads/main:refs/remotes/origin/main
2025-01-22T19:56:35.9621260Z From https://github.com/tardis-sn/tardis-regression-data
2025-01-22T19:56:35.9625360Z  * [new branch]      main       -> origin/main
2025-01-22T19:56:35.9692950Z ##[endgroup]
2025-01-22T19:56:35.9693780Z ##[group]Determining the checkout info
2025-01-22T19:56:35.9694580Z ##[endgroup]
2025-01-22T19:56:35.9696790Z [command]/opt/homebrew/bin/git sparse-checkout disable
2025-01-22T19:56:35.9769070Z [command]/opt/homebrew/bin/git config --local --unset-all extensions.worktreeConfig
2025-01-22T19:56:35.9874420Z ##[group]Checking out the ref
2025-01-22T19:56:35.9875240Z [command]/opt/homebrew/bin/git checkout --progress --force -B main refs/remotes/origin/main
2025-01-22T19:56:36.3502800Z Switched to a new branch 'main'
2025-01-22T19:56:36.3505010Z branch 'main' set up to track 'origin/main'.
2025-01-22T19:56:36.5370270Z ##[endgroup]
2025-01-22T19:56:36.5657710Z [command]/opt/homebrew/bin/git log -1 --format=%H
2025-01-22T19:56:36.5763560Z fa7729bc9c30e14b69acd641af8b692b56fcd416
2025-01-22T19:56:36.5962760Z ##[group]Run git lfs ls-files -l | cut -d' ' -f1 | sort > .lfs-assets-id
2025-01-22T19:56:36.5963370Z [36;1mgit lfs ls-files -l | cut -d' ' -f1 | sort > .lfs-assets-id[0m
2025-01-22T19:56:36.6052480Z shell: /bin/bash --noprofile --norc -e -o pipefail {0}
2025-01-22T19:56:36.6052790Z env:
2025-01-22T19:56:36.6052940Z   CACHE_NUMBER: 0
2025-01-22T19:56:36.6053410Z   PYTEST_FLAGS: --tardis-regression-data=/Users/runner/work/tardis/tardis/tardis-regression-data --cov=tardis --cov-report=xml --cov-report=html --cov-append
2025-01-22T19:56:36.6053900Z   CODECOV_TOKEN: 
2025-01-22T19:56:36.6054020Z ##[endgroup]
2025-01-22T19:56:36.9276310Z ##[group]Run actions/cache/restore@v4
2025-01-22T19:56:36.9276630Z with:
2025-01-22T19:56:36.9276840Z   path: tardis-regression-data/.git/lfs
2025-01-22T19:56:36.9277200Z   key: macOS-lfs-21f9fa4b6817cc69b9fae3598144724da7828e276a73bd17f47a2a49d9af090a-v1
2025-01-22T19:56:36.9277540Z   enableCrossOsArchive: false
2025-01-22T19:56:36.9277730Z   fail-on-cache-miss: false
2025-01-22T19:56:36.9277910Z   lookup-only: false
2025-01-22T19:56:36.9278090Z env:
2025-01-22T19:56:36.9278270Z   CACHE_NUMBER: 0
2025-01-22T19:56:36.9278770Z   PYTEST_FLAGS: --tardis-regression-data=/Users/runner/work/tardis/tardis/tardis-regression-data --cov=tardis --cov-report=xml --cov-report=html --cov-append
2025-01-22T19:56:36.9279730Z   CODECOV_TOKEN: 
2025-01-22T19:56:36.9279870Z ##[endgroup]
2025-01-22T19:56:38.5415600Z Received 25165824 of 1706796060 (1.5%), 24.0 MBs/sec
2025-01-22T19:56:39.5410640Z Received 88080384 of 1706796060 (5.2%), 41.8 MBs/sec
2025-01-22T19:56:40.5429720Z Received 159383552 of 1706796060 (9.3%), 50.5 MBs/sec
2025-01-22T19:56:41.5470350Z Received 230686720 of 1706796060 (13.5%), 54.8 MBs/sec
2025-01-22T19:56:42.5466030Z Received 297795584 of 1706796060 (17.4%), 56.6 MBs/sec
2025-01-22T19:56:43.5464010Z Received 364904448 of 1706796060 (21.4%), 57.9 MBs/sec
2025-01-22T19:56:44.5578290Z Received 419430400 of 1706796060 (24.6%), 56.9 MBs/sec
2025-01-22T19:56:45.5578010Z Received 499122176 of 1706796060 (29.2%), 59.3 MBs/sec
2025-01-22T19:56:46.5575390Z Received 574619648 of 1706796060 (33.7%), 60.7 MBs/sec
2025-01-22T19:56:47.5578020Z Received 650117120 of 1706796060 (38.1%), 61.8 MBs/sec
2025-01-22T19:56:48.5578420Z Received 713031680 of 1706796060 (41.8%), 61.7 MBs/sec
2025-01-22T19:56:49.5577650Z Received 780140544 of 1706796060 (45.7%), 61.9 MBs/sec
2025-01-22T19:56:50.5576200Z Received 851443712 of 1706796060 (49.9%), 62.3 MBs/sec
2025-01-22T19:56:51.5573110Z Received 918552576 of 1706796060 (53.8%), 62.5 MBs/sec
2025-01-22T19:56:52.5580890Z Received 981467136 of 1706796060 (57.5%), 62.3 MBs/sec
2025-01-22T19:56:53.5589020Z Received 1048576000 of 1706796060 (61.4%), 62.4 MBs/sec
2025-01-22T19:56:54.5596110Z Received 1153433600 of 1706796060 (67.6%), 64.6 MBs/sec
2025-01-22T19:56:55.5764060Z Received 1207959552 of 1706796060 (70.8%), 63.9 MBs/sec
2025-01-22T19:56:56.5746850Z Received 1270874112 of 1706796060 (74.5%), 63.6 MBs/sec
2025-01-22T19:56:57.6128330Z Received 1333788672 of 1706796060 (78.1%), 63.4 MBs/sec
2025-01-22T19:56:58.6089350Z Received 1392508928 of 1706796060 (81.6%), 63.0 MBs/sec
2025-01-22T19:56:59.6173000Z Received 1447034880 of 1706796060 (84.8%), 62.5 MBs/sec
2025-01-22T19:57:00.6143890Z Received 1501560832 of 1706796060 (88.0%), 62.1 MBs/sec
2025-01-22T19:57:01.6096250Z Received 1568669696 of 1706796060 (91.9%), 62.1 MBs/sec
2025-01-22T19:57:02.6093370Z Received 1619001344 of 1706796060 (94.9%), 61.6 MBs/sec
2025-01-22T19:57:03.6107370Z Received 1686110208 of 1706796060 (98.8%), 61.7 MBs/sec
2025-01-22T19:57:04.5637590Z Cache Size: ~1628 MB (1706796060 B)
2025-01-22T19:57:04.5723880Z [command]/opt/homebrew/bin/gtar -xf /Users/runner/work/_temp/bde1d09c-9c64-4661-a1c9-cd0e0a20123d/cache.tzst -P -C /Users/runner/work/tardis/tardis --delay-directory-restore --use-compress-program unzstd
2025-01-22T19:57:04.6128770Z Received 1706796060 of 1706796060 (100.0%), 60.1 MBs/sec
2025-01-22T19:57:13.6523310Z Cache restored successfully
2025-01-22T19:57:13.7255210Z Cache restored from key: macOS-lfs-21f9fa4b6817cc69b9fae3598144724da7828e276a73bd17f47a2a49d9af090a-v1
2025-01-22T19:57:13.7660180Z ##[group]Run git lfs checkout
2025-01-22T19:57:13.7660430Z [36;1mgit lfs checkout[0m
2025-01-22T19:57:13.7749060Z shell: /bin/bash --noprofile --norc -e -o pipefail {0}
2025-01-22T19:57:13.7749370Z env:
2025-01-22T19:57:13.7749540Z   CACHE_NUMBER: 0
2025-01-22T19:57:13.7750310Z   PYTEST_FLAGS: --tardis-regression-data=/Users/runner/work/tardis/tardis/tardis-regression-data --cov=tardis --cov-report=xml --cov-report=html --cov-append
2025-01-22T19:57:13.7751020Z   CODECOV_TOKEN: 
2025-01-22T19:57:13.7751260Z ##[endgroup]
2025-01-22T19:57:22.0118320Z Checking out LFS objects: 100% (204/204), 3.5 GB | 348 MB/s, done.
