2025-01-10T12:47:52.8153546Z Requested labels: ubuntu-latest
2025-01-10T12:47:52.8153831Z Job defined at: tardis-sn/tardis/.github/workflows/tests.yml@refs/pull/2933/merge
2025-01-10T12:47:52.8153976Z Waiting for a runner to pick up this job...
2025-01-10T12:47:53.1061588Z Job is waiting for a hosted runner to come online.
2025-01-10T12:47:56.9434932Z Job is about to start running on the hosted runner: GitHub Actions 10 (hosted)
2025-01-10T12:47:58.5908242Z Current runner version: '2.321.0'
2025-01-10T12:47:58.5935733Z ##[group]Operating System
2025-01-10T12:47:58.5936617Z Ubuntu
2025-01-10T12:47:58.5937114Z 24.04.1
2025-01-10T12:47:58.5937576Z LTS
2025-01-10T12:47:58.5938132Z ##[endgroup]
2025-01-10T12:47:58.5938674Z ##[group]Runner Image
2025-01-10T12:47:58.5939193Z Image: ubuntu-24.04
2025-01-10T12:47:58.5939749Z Version: 20250105.1.0
2025-01-10T12:47:58.5940800Z Included Software: https://github.com/actions/runner-images/blob/ubuntu24/20250105.1/images/ubuntu/Ubuntu2404-Readme.md
2025-01-10T12:47:58.5942193Z Image Release: https://github.com/actions/runner-images/releases/tag/ubuntu24%2F20250105.1
2025-01-10T12:47:58.5943123Z ##[endgroup]
2025-01-10T12:47:58.5943644Z ##[group]Runner Image Provisioner
2025-01-10T12:47:58.5944208Z 2.0.404.1
2025-01-10T12:47:58.5944938Z ##[endgroup]
2025-01-10T12:47:58.5947022Z ##[group]GITHUB_TOKEN Permissions
2025-01-10T12:47:58.5949036Z Actions: read
2025-01-10T12:47:58.5949836Z Attestations: read
2025-01-10T12:47:58.5950472Z Checks: read
2025-01-10T12:47:58.5950991Z Contents: read
2025-01-10T12:47:58.5951496Z Deployments: read
2025-01-10T12:47:58.5952062Z Discussions: read
2025-01-10T12:47:58.5952569Z Issues: read
2025-01-10T12:47:58.5953064Z Metadata: read
2025-01-10T12:47:58.5953617Z Packages: read
2025-01-10T12:47:58.5954119Z Pages: read
2025-01-10T12:47:58.5954778Z PullRequests: read
2025-01-10T12:47:58.5955390Z RepositoryProjects: read
2025-01-10T12:47:58.5955952Z SecurityEvents: read
2025-01-10T12:47:58.5956852Z Statuses: read
2025-01-10T12:47:58.5957738Z ##[endgroup]
2025-01-10T12:47:58.5961509Z Secret source: None
2025-01-10T12:47:58.5962184Z Prepare workflow directory
2025-01-10T12:47:58.6597385Z Prepare all required actions
2025-01-10T12:47:58.6634751Z Getting action download info
2025-01-10T12:47:58.8508585Z Download action repository 'actions/checkout@v4' (SHA:11bd71901bbe5b1630ceea73d27597364c9af683)
2025-01-10T12:47:58.9380592Z Download action repository 'actions/upload-artifact@v4' (SHA:6f51ac03b9356f520e9adb1b1b7802705f340c2b)
2025-01-10T12:47:59.0865995Z Complete job name: not continuum ubuntu-latest 
2025-01-10T12:47:59.1540413Z ##[group]Run actions/checkout@v4
2025-01-10T12:47:59.1541255Z with:
2025-01-10T12:47:59.1541666Z   repository: tardis-sn/tardis
2025-01-10T12:47:59.1542320Z   token: ***
2025-01-10T12:47:59.1542697Z   ssh-strict: true
2025-01-10T12:47:59.1543097Z   ssh-user: git
2025-01-10T12:47:59.1543498Z   persist-credentials: true
2025-01-10T12:47:59.1543937Z   clean: true
2025-01-10T12:47:59.1544339Z   sparse-checkout-cone-mode: true
2025-01-10T12:47:59.1545004Z   fetch-depth: 1
2025-01-10T12:47:59.1545423Z   fetch-tags: false
2025-01-10T12:47:59.1545821Z   show-progress: true
2025-01-10T12:47:59.1546224Z   lfs: false
2025-01-10T12:47:59.1546581Z   submodules: false
2025-01-10T12:47:59.1546986Z   set-safe-directory: true
2025-01-10T12:47:59.1547654Z env:
2025-01-10T12:47:59.1548020Z   CACHE_NUMBER: 0
2025-01-10T12:47:59.1549160Z   PYTEST_FLAGS: --tardis-regression-data=/home/runner/work/tardis/tardis/tardis-regression-data --cov=tardis --cov-report=xml --cov-report=html --cov-append
2025-01-10T12:47:59.1550415Z   CODECOV_TOKEN: 
2025-01-10T12:47:59.1550801Z ##[endgroup]
2025-01-10T12:47:59.3470048Z Syncing repository: tardis-sn/tardis
2025-01-10T12:47:59.3471685Z ##[group]Getting Git version info
2025-01-10T12:47:59.3472344Z Working directory is '/home/runner/work/tardis/tardis'
2025-01-10T12:47:59.3473241Z [command]/usr/bin/git version
2025-01-10T12:47:59.3525709Z git version 2.47.1
2025-01-10T12:47:59.3552723Z ##[endgroup]
2025-01-10T12:47:59.3567032Z Temporarily overriding HOME='/home/runner/work/_temp/bdc0988c-ee5d-4956-93e8-128b3c580d9c' before making global git config changes
2025-01-10T12:47:59.3568369Z Adding repository directory to the temporary git global config as a safe directory
2025-01-10T12:47:59.3572346Z [command]/usr/bin/git config --global --add safe.directory /home/runner/work/tardis/tardis
2025-01-10T12:47:59.3608918Z Deleting the contents of '/home/runner/work/tardis/tardis'
2025-01-10T12:47:59.3612577Z ##[group]Initializing the repository
2025-01-10T12:47:59.3617004Z [command]/usr/bin/git init /home/runner/work/tardis/tardis
2025-01-10T12:47:59.3692425Z hint: Using 'master' as the name for the initial branch. This default branch name
2025-01-10T12:47:59.3694276Z hint: is subject to change. To configure the initial branch name to use in all
2025-01-10T12:47:59.3695665Z hint: of your new repositories, which will suppress this warning, call:
2025-01-10T12:47:59.3696417Z hint:
2025-01-10T12:47:59.3697240Z hint: 	git config --global init.defaultBranch <name>
2025-01-10T12:47:59.3698018Z hint:
2025-01-10T12:47:59.3698640Z hint: Names commonly chosen instead of 'master' are 'main', 'trunk' and
2025-01-10T12:47:59.3700269Z hint: 'development'. The just-created branch can be renamed via this command:
2025-01-10T12:47:59.3701588Z hint:
2025-01-10T12:47:59.3702276Z hint: 	git branch -m <name>
2025-01-10T12:47:59.3703524Z Initialized empty Git repository in /home/runner/work/tardis/tardis/.git/
2025-01-10T12:47:59.3711079Z [command]/usr/bin/git remote add origin https://github.com/tardis-sn/tardis
2025-01-10T12:47:59.3745176Z ##[endgroup]
2025-01-10T12:47:59.3746385Z ##[group]Disabling automatic garbage collection
2025-01-10T12:47:59.3750241Z [command]/usr/bin/git config --local gc.auto 0
2025-01-10T12:47:59.3778915Z ##[endgroup]
2025-01-10T12:47:59.3780157Z ##[group]Setting up auth
2025-01-10T12:47:59.3786544Z [command]/usr/bin/git config --local --name-only --get-regexp core\.sshCommand
2025-01-10T12:47:59.3817066Z [command]/usr/bin/git submodule foreach --recursive sh -c "git config --local --name-only --get-regexp 'core\.sshCommand' && git config --local --unset-all 'core.sshCommand' || :"
2025-01-10T12:47:59.4111119Z [command]/usr/bin/git config --local --name-only --get-regexp http\.https\:\/\/github\.com\/\.extraheader
2025-01-10T12:47:59.4144037Z [command]/usr/bin/git submodule foreach --recursive sh -c "git config --local --name-only --get-regexp 'http\.https\:\/\/github\.com\/\.extraheader' && git config --local --unset-all 'http.https://github.com/.extraheader' || :"
2025-01-10T12:47:59.4372357Z [command]/usr/bin/git config --local http.https://github.com/.extraheader AUTHORIZATION: basic ***
2025-01-10T12:47:59.4416875Z ##[endgroup]
2025-01-10T12:47:59.4417947Z ##[group]Fetching the repository
2025-01-10T12:47:59.4425494Z [command]/usr/bin/git -c protocol.version=2 fetch --no-tags --prune --no-recurse-submodules --depth=1 origin +e46ae7cbb3998111f0e15283b95b44a59e50c78b:refs/remotes/pull/2933/merge
2025-01-10T12:48:00.5967972Z From https://github.com/tardis-sn/tardis
2025-01-10T12:48:00.5969772Z  * [new ref]         e46ae7cbb3998111f0e15283b95b44a59e50c78b -> pull/2933/merge
2025-01-10T12:48:00.5993814Z ##[endgroup]
2025-01-10T12:48:00.5995165Z ##[group]Determining the checkout info
2025-01-10T12:48:00.5996441Z ##[endgroup]
2025-01-10T12:48:00.6001139Z [command]/usr/bin/git sparse-checkout disable
2025-01-10T12:48:00.6041196Z [command]/usr/bin/git config --local --unset-all extensions.worktreeConfig
2025-01-10T12:48:00.6069900Z ##[group]Checking out the ref
2025-01-10T12:48:00.6072599Z [command]/usr/bin/git checkout --progress --force refs/remotes/pull/2933/merge
2025-01-10T12:48:00.8054159Z Note: switching to 'refs/remotes/pull/2933/merge'.
2025-01-10T12:48:00.8056009Z 
2025-01-10T12:48:00.8057097Z You are in 'detached HEAD' state. You can look around, make experimental
2025-01-10T12:48:00.8060782Z changes and commit them, and you can discard any commits you make in this
2025-01-10T12:48:00.8063325Z state without impacting any branches by switching back to a branch.
2025-01-10T12:48:00.8065822Z 
2025-01-10T12:48:00.8066812Z If you want to create a new branch to retain commits you create, you may
2025-01-10T12:48:00.8069222Z do so (now or later) by using -c with the switch command. Example:
2025-01-10T12:48:00.8070623Z 
2025-01-10T12:48:00.8071182Z   git switch -c <new-branch-name>
2025-01-10T12:48:00.8072153Z 
2025-01-10T12:48:00.8072757Z Or undo this operation with:
2025-01-10T12:48:00.8073721Z 
2025-01-10T12:48:00.8074831Z   git switch -
2025-01-10T12:48:00.8075570Z 
2025-01-10T12:48:00.8076737Z Turn off this advice by setting config variable advice.detachedHead to false
2025-01-10T12:48:00.8078603Z 
2025-01-10T12:48:00.8080614Z HEAD is now at e46ae7c Merge 413edbe58240060e720663b54942cd9da4b8413a into 0fc2c76326b8122f88ddaf369f17a637bbe37c63
2025-01-10T12:48:00.8087166Z ##[endgroup]
2025-01-10T12:48:00.8200996Z [command]/usr/bin/git log -1 --format=%H
2025-01-10T12:48:00.8203690Z e46ae7cbb3998111f0e15283b95b44a59e50c78b
2025-01-10T12:48:00.8523185Z Prepare all required actions
2025-01-10T12:48:00.8524661Z Getting action download info
2025-01-10T12:48:01.0121419Z Download action repository 'actions/cache@v4' (SHA:1bd1e32a3bdc45362d1e726936510720a7c30a57)
2025-01-10T12:48:01.1503190Z ##[group]Run ./.github/actions/setup_lfs
2025-01-10T12:48:01.1503581Z with:
2025-01-10T12:48:01.1503929Z   regression-data-repo: tardis-sn/tardis-regression-data
2025-01-10T12:48:01.1504345Z env:
2025-01-10T12:48:01.1504807Z   CACHE_NUMBER: 0
2025-01-10T12:48:01.1505622Z   PYTEST_FLAGS: --tardis-regression-data=/home/runner/work/tardis/tardis/tardis-regression-data --cov=tardis --cov-report=xml --cov-report=html --cov-append
2025-01-10T12:48:01.1506463Z   CODECOV_TOKEN: 
2025-01-10T12:48:01.1506721Z ##[endgroup]
2025-01-10T12:48:01.1641454Z ##[group]Run actions/checkout@v4
2025-01-10T12:48:01.1641831Z with:
2025-01-10T12:48:01.1642158Z   repository: tardis-sn/tardis-regression-data
2025-01-10T12:48:01.1642587Z   path: tardis-regression-data
2025-01-10T12:48:01.1643142Z   token: ***
2025-01-10T12:48:01.1643431Z   ssh-strict: true
2025-01-10T12:48:01.1643736Z   ssh-user: git
2025-01-10T12:48:01.1644048Z   persist-credentials: true
2025-01-10T12:48:01.1644379Z   clean: true
2025-01-10T12:48:01.1644947Z   sparse-checkout-cone-mode: true
2025-01-10T12:48:01.1645314Z   fetch-depth: 1
2025-01-10T12:48:01.1645603Z   fetch-tags: false
2025-01-10T12:48:01.1645910Z   show-progress: true
2025-01-10T12:48:01.1646217Z   lfs: false
2025-01-10T12:48:01.1646504Z   submodules: false
2025-01-10T12:48:01.1646816Z   set-safe-directory: true
2025-01-10T12:48:01.1647140Z env:
2025-01-10T12:48:01.1647397Z   CACHE_NUMBER: 0
2025-01-10T12:48:01.1648210Z   PYTEST_FLAGS: --tardis-regression-data=/home/runner/work/tardis/tardis/tardis-regression-data --cov=tardis --cov-report=xml --cov-report=html --cov-append
2025-01-10T12:48:01.1649059Z   CODECOV_TOKEN: 
2025-01-10T12:48:01.1649343Z ##[endgroup]
2025-01-10T12:48:01.2581784Z Syncing repository: tardis-sn/tardis-regression-data
2025-01-10T12:48:01.2587820Z ##[group]Getting Git version info
2025-01-10T12:48:01.2588756Z Working directory is '/home/runner/work/tardis/tardis/tardis-regression-data'
2025-01-10T12:48:01.2629118Z [command]/usr/bin/git version
2025-01-10T12:48:01.2672707Z git version 2.47.1
2025-01-10T12:48:01.2698125Z ##[endgroup]
2025-01-10T12:48:01.2711329Z Temporarily overriding HOME='/home/runner/work/_temp/0b32e15f-47b8-4510-b28e-e76e94cbf6ae' before making global git config changes
2025-01-10T12:48:01.2713008Z Adding repository directory to the temporary git global config as a safe directory
2025-01-10T12:48:01.2717007Z [command]/usr/bin/git config --global --add safe.directory /home/runner/work/tardis/tardis/tardis-regression-data
2025-01-10T12:48:01.2753464Z ##[group]Initializing the repository
2025-01-10T12:48:01.2759688Z [command]/usr/bin/git init /home/runner/work/tardis/tardis/tardis-regression-data
2025-01-10T12:48:01.2798271Z hint: Using 'master' as the name for the initial branch. This default branch name
2025-01-10T12:48:01.2799865Z hint: is subject to change. To configure the initial branch name to use in all
2025-01-10T12:48:01.2801224Z hint: of your new repositories, which will suppress this warning, call:
2025-01-10T12:48:01.2801980Z hint:
2025-01-10T12:48:01.2802512Z hint: 	git config --global init.defaultBranch <name>
2025-01-10T12:48:01.2803142Z hint:
2025-01-10T12:48:01.2803738Z hint: Names commonly chosen instead of 'master' are 'main', 'trunk' and
2025-01-10T12:48:01.2805052Z hint: 'development'. The just-created branch can be renamed via this command:
2025-01-10T12:48:01.2806188Z hint:
2025-01-10T12:48:01.2806643Z hint: 	git branch -m <name>
2025-01-10T12:48:01.2807584Z Initialized empty Git repository in /home/runner/work/tardis/tardis/tardis-regression-data/.git/
2025-01-10T12:48:01.2813144Z [command]/usr/bin/git remote add origin https://github.com/tardis-sn/tardis-regression-data
2025-01-10T12:48:01.2851386Z ##[endgroup]
2025-01-10T12:48:01.2852273Z ##[group]Disabling automatic garbage collection
2025-01-10T12:48:01.2858132Z [command]/usr/bin/git config --local gc.auto 0
2025-01-10T12:48:01.2889188Z ##[endgroup]
2025-01-10T12:48:01.2889938Z ##[group]Setting up auth
2025-01-10T12:48:01.2895844Z [command]/usr/bin/git config --local --name-only --get-regexp core\.sshCommand
2025-01-10T12:48:01.2927891Z [command]/usr/bin/git submodule foreach --recursive sh -c "git config --local --name-only --get-regexp 'core\.sshCommand' && git config --local --unset-all 'core.sshCommand' || :"
2025-01-10T12:48:01.3173513Z [command]/usr/bin/git config --local --name-only --get-regexp http\.https\:\/\/github\.com\/\.extraheader
2025-01-10T12:48:01.3203272Z [command]/usr/bin/git submodule foreach --recursive sh -c "git config --local --name-only --get-regexp 'http\.https\:\/\/github\.com\/\.extraheader' && git config --local --unset-all 'http.https://github.com/.extraheader' || :"
2025-01-10T12:48:01.3437134Z [command]/usr/bin/git config --local http.https://github.com/.extraheader AUTHORIZATION: basic ***
2025-01-10T12:48:01.3472796Z ##[endgroup]
2025-01-10T12:48:01.3473650Z ##[group]Determining the default branch
2025-01-10T12:48:01.3477376Z Retrieving the default branch name
2025-01-10T12:48:01.5792195Z Default branch 'main'
2025-01-10T12:48:01.5793239Z ##[endgroup]
2025-01-10T12:48:01.5794029Z ##[group]Fetching the repository
2025-01-10T12:48:01.5800064Z [command]/usr/bin/git -c protocol.version=2 fetch --no-tags --prune --no-recurse-submodules --depth=1 origin +refs/heads/main:refs/remotes/origin/main
2025-01-10T12:48:01.9785237Z From https://github.com/tardis-sn/tardis-regression-data
2025-01-10T12:48:01.9787546Z  * [new branch]      main       -> origin/main
2025-01-10T12:48:01.9813118Z ##[endgroup]
2025-01-10T12:48:01.9813962Z ##[group]Determining the checkout info
2025-01-10T12:48:01.9816767Z ##[endgroup]
2025-01-10T12:48:01.9820197Z [command]/usr/bin/git sparse-checkout disable
2025-01-10T12:48:01.9863004Z [command]/usr/bin/git config --local --unset-all extensions.worktreeConfig
2025-01-10T12:48:01.9892075Z ##[group]Checking out the ref
2025-01-10T12:48:01.9897124Z [command]/usr/bin/git checkout --progress --force -B main refs/remotes/origin/main
2025-01-10T12:48:02.9897375Z Switched to a new branch 'main'
2025-01-10T12:48:02.9898271Z branch 'main' set up to track 'origin/main'.
2025-01-10T12:48:03.0206788Z ##[endgroup]
2025-01-10T12:48:03.0250943Z [command]/usr/bin/git log -1 --format=%H
2025-01-10T12:48:03.0274749Z 666ab8501c2b2aea30d05b8822e7ddbfca078d23
2025-01-10T12:48:03.0412720Z ##[group]Run git lfs ls-files -l | cut -d' ' -f1 | sort > .lfs-assets-id
2025-01-10T12:48:03.0413275Z [36;1mgit lfs ls-files -l | cut -d' ' -f1 | sort > .lfs-assets-id[0m
2025-01-10T12:48:03.0445401Z shell: /usr/bin/bash --noprofile --norc -e -o pipefail {0}
2025-01-10T12:48:03.0445733Z env:
2025-01-10T12:48:03.0445904Z   CACHE_NUMBER: 0
2025-01-10T12:48:03.0446501Z   PYTEST_FLAGS: --tardis-regression-data=/home/runner/work/tardis/tardis/tardis-regression-data --cov=tardis --cov-report=xml --cov-report=html --cov-append
2025-01-10T12:48:03.0447165Z   CODECOV_TOKEN: 
2025-01-10T12:48:03.0447350Z ##[endgroup]
2025-01-10T12:48:03.1959777Z ##[group]Run actions/cache/restore@v4
2025-01-10T12:48:03.1960041Z with:
2025-01-10T12:48:03.1960231Z   path: tardis-regression-data/.git/lfs
2025-01-10T12:48:03.1960650Z   key: Linux-lfs-21f9fa4b6817cc69b9fae3598144724da7828e276a73bd17f47a2a49d9af090a-v1
2025-01-10T12:48:03.1961056Z   enableCrossOsArchive: false
2025-01-10T12:48:03.1961283Z   fail-on-cache-miss: false
2025-01-10T12:48:03.1961787Z   lookup-only: false
2025-01-10T12:48:03.1961978Z env:
2025-01-10T12:48:03.1962132Z   CACHE_NUMBER: 0
2025-01-10T12:48:03.1962730Z   PYTEST_FLAGS: --tardis-regression-data=/home/runner/work/tardis/tardis/tardis-regression-data --cov=tardis --cov-report=xml --cov-report=html --cov-append
2025-01-10T12:48:03.1963356Z   CODECOV_TOKEN: 
2025-01-10T12:48:03.1963533Z ##[endgroup]
2025-01-10T12:48:04.6123653Z Received 243269632 of 1708418946 (14.2%), 231.8 MBs/sec
2025-01-10T12:48:05.6136457Z Received 574619648 of 1708418946 (33.6%), 274.0 MBs/sec
2025-01-10T12:48:06.6155695Z Received 914358272 of 1708418946 (53.5%), 290.6 MBs/sec
2025-01-10T12:48:07.6141500Z Received 1233125376 of 1708418946 (72.2%), 293.9 MBs/sec
2025-01-10T12:48:08.6148895Z Received 1535115264 of 1708418946 (89.9%), 292.6 MBs/sec
2025-01-10T12:48:09.2372424Z Cache Size: ~1629 MB (1708418946 B)
2025-01-10T12:48:09.2421915Z [command]/usr/bin/tar -xf /home/runner/work/_temp/6dc58a6e-02d0-487e-8d3f-2f0c3e69d496/cache.tzst -P -C /home/runner/work/tardis/tardis --use-compress-program unzstd
2025-01-10T12:48:09.6158370Z Received 1708418946 of 1708418946 (100.0%), 271.4 MBs/sec
2025-01-10T12:48:15.5702430Z Cache restored successfully
2025-01-10T12:48:15.8700634Z Cache restored from key: Linux-lfs-21f9fa4b6817cc69b9fae3598144724da7828e276a73bd17f47a2a49d9af090a-v1
2025-01-10T12:48:15.8886849Z ##[group]Run git lfs checkout
2025-01-10T12:48:15.8887123Z [36;1mgit lfs checkout[0m
2025-01-10T12:48:15.8914082Z shell: /usr/bin/bash --noprofile --norc -e -o pipefail {0}
2025-01-10T12:48:15.8914402Z env:
2025-01-10T12:48:15.8914789Z   CACHE_NUMBER: 0
2025-01-10T12:48:15.8915411Z   PYTEST_FLAGS: --tardis-regression-data=/home/runner/work/tardis/tardis/tardis-regression-data --cov=tardis --cov-report=xml --cov-report=html --cov-append
2025-01-10T12:48:15.8916064Z   CODECOV_TOKEN: 
2025-01-10T12:48:15.8916249Z ##[endgroup]
2025-01-10T12:48:29.5651680Z Checking out LFS objects: 100% (204/204), 3.5 GB | 244 MB/s, done.
2025-01-10T12:48:31.3454231Z Prepare all required actions
2025-01-10T12:48:31.3454949Z Getting action download info
2025-01-10T12:48:31.4633117Z Download action repository 'mamba-org/setup-micromamba@v1' (SHA:4b9113af4fba0e9e1124b252dd6497a419e7396d)
2025-01-10T12:48:31.8256123Z ##[group]Run ./.github/actions/setup_env
2025-01-10T12:48:31.8256393Z with:
2025-01-10T12:48:31.8256582Z   os-label: linux-64
2025-01-10T12:48:31.8256766Z env:
2025-01-10T12:48:31.8256917Z   CACHE_NUMBER: 0
2025-01-10T12:48:31.8257513Z   PYTEST_FLAGS: --tardis-regression-data=/home/runner/work/tardis/tardis/tardis-regression-data --cov=tardis --cov-report=xml --cov-report=html --cov-append
2025-01-10T12:48:31.8258136Z   CODECOV_TOKEN: 
2025-01-10T12:48:31.8258312Z ##[endgroup]
2025-01-10T12:48:31.8278691Z ##[group]Run file_hash=$(cat conda-linux-64.lock | shasum -a 256 | cut -d' ' -f1)
2025-01-10T12:48:31.8279182Z [36;1mfile_hash=$(cat conda-linux-64.lock | shasum -a 256 | cut -d' ' -f1)[0m
2025-01-10T12:48:31.8279614Z [36;1mecho "file_hash=$file_hash" >> "${GITHUB_OUTPUT}"[0m
2025-01-10T12:48:31.8305631Z shell: /usr/bin/bash --noprofile --norc -e -o pipefail {0}
2025-01-10T12:48:31.8305935Z env:
2025-01-10T12:48:31.8306100Z   CACHE_NUMBER: 0
2025-01-10T12:48:31.8306705Z   PYTEST_FLAGS: --tardis-regression-data=/home/runner/work/tardis/tardis/tardis-regression-data --cov=tardis --cov-report=xml --cov-report=html --cov-append
2025-01-10T12:48:31.8307352Z   CODECOV_TOKEN: 
2025-01-10T12:48:31.8307536Z ##[endgroup]
2025-01-10T12:48:31.8613927Z ##[group]Run mamba-org/setup-micromamba@v1
2025-01-10T12:48:31.8614189Z with:
2025-01-10T12:48:31.8614378Z   environment-file: conda-linux-64.lock
2025-01-10T12:48:31.8615190Z   cache-environment-key: d7cd390425b0fd3cf82649dcc003efba9915fb4928f15d342148c3ccffcbe2ee
2025-01-10T12:48:31.8615752Z   cache-downloads-key: d7cd390425b0fd3cf82649dcc003efba9915fb4928f15d342148c3ccffcbe2ee
2025-01-10T12:48:31.8616165Z   environment-name: tardis
2025-01-10T12:48:31.8616386Z   cache-environment: true
2025-01-10T12:48:31.8616607Z   cache-downloads: true
2025-01-10T12:48:31.8616998Z env:
2025-01-10T12:48:31.8617158Z   CACHE_NUMBER: 0
2025-01-10T12:48:31.8617747Z   PYTEST_FLAGS: --tardis-regression-data=/home/runner/work/tardis/tardis/tardis-regression-data --cov=tardis --cov-report=xml --cov-report=html --cov-append
2025-01-10T12:48:31.8618372Z   CODECOV_TOKEN: 
2025-01-10T12:48:31.8618553Z ##[endgroup]
2025-01-10T12:48:32.0009738Z Will download micromamba to /home/runner/micromamba-bin/micromamba
2025-01-10T12:48:32.0032585Z ##[group]Install micromamba
2025-01-10T12:48:32.3525699Z micromamba installed to /home/runner/micromamba-bin/micromamba
2025-01-10T12:48:32.3526555Z ##[endgroup]
2025-01-10T12:48:32.3527430Z Adding conda-forge to condarc channels ...
2025-01-10T12:48:32.3538532Z ##[group]Initialize micromamba for bash.
2025-01-10T12:48:32.3555511Z [command]/home/runner/micromamba-bin/micromamba shell init -s bash -r /home/runner/micromamba --log-level warning --rc-file /home/runner/work/_temp/setup-micromamba/.condarc
2025-01-10T12:48:32.3673475Z Modifying RC file "/home/runner/.bashrc"
2025-01-10T12:48:32.3675689Z Generating config for root prefix [1m"/home/runner/micromamba"[0m
2025-01-10T12:48:32.3676648Z Setting mamba executable to: [1m"/home/runner/micromamba-bin/micromamba"[0m
2025-01-10T12:48:32.3677415Z Adding (or replacing) the following in your "/home/runner/.bashrc" file
2025-01-10T12:48:32.3680095Z 
2025-01-10T12:48:32.3680366Z # >>> mamba initialize >>>
2025-01-10T12:48:32.3680888Z # !! Contents within this block are managed by 'mamba init' !!
2025-01-10T12:48:32.3681541Z export MAMBA_EXE='/home/runner/micromamba-bin/micromamba';
2025-01-10T12:48:32.3682129Z export MAMBA_ROOT_PREFIX='/home/runner/micromamba';
2025-01-10T12:48:32.3682905Z __mamba_setup="$("$MAMBA_EXE" shell hook --shell bash --root-prefix "$MAMBA_ROOT_PREFIX" 2> /dev/null)"
2025-01-10T12:48:32.3683679Z if [ $? -eq 0 ]; then
2025-01-10T12:48:32.3684010Z     eval "$__mamba_setup"
2025-01-10T12:48:32.3684361Z else
2025-01-10T12:48:32.3685464Z     alias micromamba="$MAMBA_EXE"  # Fallback on help from mamba activate
2025-01-10T12:48:32.3686115Z fi
2025-01-10T12:48:32.3686395Z unset __mamba_setup
2025-01-10T12:48:32.3686750Z # <<< mamba initialize <<<
2025-01-10T12:48:32.3687000Z 
2025-01-10T12:48:32.3696150Z Moving mamba initialize block to .bash_profile
2025-01-10T12:48:32.3711206Z ##[endgroup]
2025-01-10T12:48:32.3712692Z ##[group]Restoring downloads from `/home/runner/micromamba/pkgs` ...
2025-01-10T12:48:33.5932240Z Received 239075328 of 356800233 (67.0%), 228.2 MBs/sec
2025-01-10T12:48:33.9498715Z Cache Size: ~340 MB (356800233 B)
2025-01-10T12:48:33.9536819Z [command]/usr/bin/tar -xf /home/runner/work/_temp/61e33b6d-aade-41c4-9d53-a087fb747084/cache.tzst -P -C /home/runner/work/tardis/tardis --use-compress-program unzstd
2025-01-10T12:48:34.4088454Z Cache restored successfully
2025-01-10T12:48:34.4835233Z Restored cache with key `d7cd390425b0fd3cf82649dcc003efba9915fb4928f15d342148c3ccffcbe2ee-linux-64`
2025-01-10T12:48:34.4836084Z ##[endgroup]
2025-01-10T12:48:34.4848739Z ##[group]Restoring environment `tardis` from `/home/runner/micromamba/envs/tardis` ...
2025-01-10T12:48:34.5934738Z Received 356800233 of 356800233 (100.0%), 170.1 MBs/sec
2025-01-10T12:48:35.6245898Z Received 218103808 of 444592193 (49.1%), 207.8 MBs/sec
2025-01-10T12:48:36.3445538Z Cache Size: ~424 MB (444592193 B)
2025-01-10T12:48:36.3561909Z [command]/usr/bin/tar -xf /home/runner/work/_temp/e4d71f05-6ef8-43b1-8c5b-1798dcd64889/cache.tzst -P -C /home/runner/work/tardis/tardis --use-compress-program unzstd
2025-01-10T12:48:36.6214363Z Received 444592193 of 444592193 (100.0%), 211.7 MBs/sec
2025-01-10T12:48:41.8670966Z Cache restored successfully
2025-01-10T12:48:41.9635439Z Restored cache with key `d7cd390425b0fd3cf82649dcc003efba9915fb4928f15d342148c3ccffcbe2ee-linux-64-tardis-args-4f53cda-root-dcc80ee-bin-[object Promise]-file-d7cd390425b0fd3cf82649dcc003efba9915fb4928f15d342148c3ccffcbe2ee`
2025-01-10T12:48:41.9637465Z ##[endgroup]
2025-01-10T12:48:41.9637893Z Adding environment tardis to auto-activate bash ...
2025-01-10T12:48:41.9646397Z Generating micromamba run shell.
2025-01-10T12:48:41.9658019Z ##[endgroup]
2025-01-10T12:48:41.9662114Z Set environment variables.
2025-01-10T12:48:41.9666233Z ##[group]micromamba info
2025-01-10T12:48:41.9669749Z [command]/home/runner/micromamba-bin/micromamba info -r /home/runner/micromamba -n tardis
2025-01-10T12:48:41.9895455Z 
2025-01-10T12:48:41.9896417Z        libmamba version : 1.5.10
2025-01-10T12:48:41.9896928Z      micromamba version : 1.5.10
2025-01-10T12:48:41.9897652Z            curl version : libcurl/8.10.1 OpenSSL/3.3.2 zlib/1.3.1 zstd/1.5.6 libssh2/1.11.0 nghttp2/1.58.0
2025-01-10T12:48:41.9898642Z      libarchive version : libarchive 3.7.4 zlib/1.2.13 bz2lib/1.0.8 libzstd/1.5.6
2025-01-10T12:48:41.9899373Z        envs directories : /home/runner/micromamba/envs
2025-01-10T12:48:41.9899967Z           package cache : /home/runner/micromamba/pkgs
2025-01-10T12:48:41.9900585Z                           /home/runner/.mamba/pkgs
2025-01-10T12:48:41.9901028Z             environment : tardis
2025-01-10T12:48:41.9901531Z            env location : /home/runner/micromamba/envs/tardis
2025-01-10T12:48:41.9902072Z       user config files : /home/runner/.mambarc
2025-01-10T12:48:41.9902752Z  populated config files : /home/runner/work/_temp/setup-micromamba/.condarc
2025-01-10T12:48:41.9903485Z        virtual packages : __unix=0=0
2025-01-10T12:48:41.9903990Z                           __linux=6.8.0=0
2025-01-10T12:48:41.9904682Z                           __glibc=2.39=0
2025-01-10T12:48:41.9905196Z                           __archspec=1=x86_64_v3
2025-01-10T12:48:41.9905872Z                channels : https://conda.anaconda.org/conda-forge/linux-64
2025-01-10T12:48:41.9906657Z                           https://conda.anaconda.org/conda-forge/noarch
2025-01-10T12:48:41.9907290Z        base environment : /home/runner/micromamba
2025-01-10T12:48:41.9907752Z                platform : linux-64
2025-01-10T12:48:41.9914729Z ##[endgroup]
2025-01-10T12:48:41.9915696Z ##[group]micromamba list
2025-01-10T12:48:41.9916703Z [command]/home/runner/micromamba-bin/micromamba list -r /home/runner/micromamba -n tardis
2025-01-10T12:48:42.3800862Z List of packages in environment: "/home/runner/micromamba/envs/tardis"
2025-01-10T12:48:42.3801396Z 
2025-01-10T12:48:42.3801635Z   Name                           Version              Build                    Channel    
2025-01-10T12:48:42.3802687Z â”€â”€â”€â”€â”€â”€â”€â”€â”€â”€â”€â”€â”€â”€â”€â”€â”€â”€â”€â”€â”€â”€â”€â”€â”€â”€â”€â”€â”€â”€â”€â”€â”€â”€â”€â”€â”€â”€â”€â”€â”€â”€â”€â”€â”€â”€â”€â”€â”€â”€â”€â”€â”€â”€â”€â”€â”€â”€â”€â”€â”€â”€â”€â”€â”€â”€â”€â”€â”€â”€â”€â”€â”€â”€â”€â”€â”€â”€â”€â”€â”€â”€â”€â”€â”€â”€â”€â”€â”€â”€â”€â”€
2025-01-10T12:48:42.3803370Z   _libgcc_mutex                  0.1                  conda_forge              conda-forge
2025-01-10T12:48:42.3803950Z   _openmp_mutex                  4.5                  2_gnu                    conda-forge
2025-01-10T12:48:42.3804757Z   alabaster                      0.7.16               pyhd8ed1ab_0             conda-forge
2025-01-10T12:48:42.3805328Z   anyio                          4.4.0                pyhd8ed1ab_0             conda-forge
2025-01-10T12:48:42.3805942Z   argon2-cffi                    23.1.0               pyhd8ed1ab_0             conda-forge
2025-01-10T12:48:42.3806618Z   argon2-cffi-bindings           21.2.0               py312h98912ed_4          conda-forge
2025-01-10T12:48:42.3807228Z   arrow                          1.3.0                pyhd8ed1ab_0             conda-forge
2025-01-10T12:48:42.3807756Z   astropy                        6.1.1                py312h085067d_0          conda-forge
2025-01-10T12:48:42.3808389Z   astropy-iers-data              0.2024.6.17.0.31.35  pyhd8ed1ab_0             conda-forge
2025-01-10T12:48:42.3809152Z   astropy-sphinx-theme           1.1                  pyhd8ed1ab_0             conda-forge
2025-01-10T12:48:42.3809833Z   asttokens                      2.4.1                pyhd8ed1ab_0             conda-forge
2025-01-10T12:48:42.3810413Z   async-lru                      2.0.4                pyhd8ed1ab_0             conda-forge
2025-01-10T12:48:42.3810976Z   atk-1.0                        2.38.0               h04ea711_2               conda-forge
2025-01-10T12:48:42.3811967Z   attrs                          23.2.0               pyh71513ae_0             conda-forge
2025-01-10T12:48:42.3812482Z   babel                          2.14.0               pyhd8ed1ab_0             conda-forge
2025-01-10T12:48:42.3813054Z   beautifulsoup4                 4.12.3               pyha770c72_0             conda-forge
2025-01-10T12:48:42.3813628Z   bleach                         6.1.0                pyhd8ed1ab_0             conda-forge
2025-01-10T12:48:42.3814156Z   blosc                          1.21.5               hc2324a3_1               conda-forge
2025-01-10T12:48:42.3814873Z   brotli                         1.1.0                hd590300_1               conda-forge
2025-01-10T12:48:42.3815427Z   brotli-bin                     1.1.0                hd590300_1               conda-forge
2025-01-10T12:48:42.3816046Z   brotli-python                  1.1.0                py312h30efb56_1          conda-forge
2025-01-10T12:48:42.3816622Z   bzip2                          1.0.8                hd590300_5               conda-forge
2025-01-10T12:48:42.3817143Z   c-ares                         1.28.1               hd590300_0               conda-forge
2025-01-10T12:48:42.3817749Z   c-blosc2                       2.14.4               hb4ffafa_1               conda-forge
2025-01-10T12:48:42.3818335Z   ca-certificates                2024.6.2             hbcca054_0               conda-forge
2025-01-10T12:48:42.3818974Z   cached-property                1.5.2                hd8ed1ab_1               conda-forge
2025-01-10T12:48:42.3819603Z   cached_property                1.5.2                pyha770c72_1             conda-forge
2025-01-10T12:48:42.3820189Z   cairo                          1.18.0               h3faef2a_0               conda-forge
2025-01-10T12:48:42.3820758Z   certifi                        2024.6.2             pyhd8ed1ab_0             conda-forge
2025-01-10T12:48:42.3821527Z   cffi                           1.16.0               py312hf06ca03_0          conda-forge
2025-01-10T12:48:42.3822173Z   charset-normalizer             3.3.2                pyhd8ed1ab_0             conda-forge
2025-01-10T12:48:42.3822809Z   click                          8.1.7                unix_pyh707e725_0        conda-forge
2025-01-10T12:48:42.3823397Z   codespell                      2.3.0                pyhd8ed1ab_0             conda-forge
2025-01-10T12:48:42.3824014Z   colorama                       0.4.6                pyhd8ed1ab_0             conda-forge
2025-01-10T12:48:42.3824755Z   comm                           0.2.2                pyhd8ed1ab_0             conda-forge
2025-01-10T12:48:42.3825343Z   commonmark                     0.9.1                py_0                     conda-forge
2025-01-10T12:48:42.3825956Z   contourpy                      1.2.1                py312h8572e83_0          conda-forge
2025-01-10T12:48:42.3826566Z   coverage                       7.5.3                py312h9a8786e_0          conda-forge
2025-01-10T12:48:42.3827163Z   cycler                         0.12.1               pyhd8ed1ab_0             conda-forge
2025-01-10T12:48:42.3827768Z   dataclasses                    0.8                  pyhc8e2a94_3             conda-forge
2025-01-10T12:48:42.3828356Z   debugpy                        1.8.1                py312h30efb56_0          conda-forge
2025-01-10T12:48:42.3828920Z   decorator                      5.1.1                pyhd8ed1ab_0             conda-forge
2025-01-10T12:48:42.3829550Z   defusedxml                     0.7.1                pyhd8ed1ab_0             conda-forge
2025-01-10T12:48:42.3830167Z   docutils                       0.20.1               py312h7900ff3_3          conda-forge
2025-01-10T12:48:42.3830766Z   dot2tex                        2.11.3               pyhd8ed1ab_0             conda-forge
2025-01-10T12:48:42.3831387Z   entrypoints                    0.4                  pyhd8ed1ab_0             conda-forge
2025-01-10T12:48:42.3832054Z   exceptiongroup                 1.2.0                pyhd8ed1ab_2             conda-forge
2025-01-10T12:48:42.3832876Z   executing                      2.0.1                pyhd8ed1ab_0             conda-forge
2025-01-10T12:48:42.3833469Z   expat                          2.6.2                h59595ed_0               conda-forge
2025-01-10T12:48:42.3834140Z   font-ttf-dejavu-sans-mono      2.37                 hab24e00_0               conda-forge
2025-01-10T12:48:42.3835038Z   font-ttf-inconsolata           3.000                h77eed37_0               conda-forge
2025-01-10T12:48:42.3835792Z   font-ttf-source-code-pro       2.038                h77eed37_0               conda-forge
2025-01-10T12:48:42.3836503Z   font-ttf-ubuntu                0.83                 h77eed37_2               conda-forge
2025-01-10T12:48:42.3837143Z   fontconfig                     2.14.2               h14ed4e7_0               conda-forge
2025-01-10T12:48:42.3837811Z   fonts-conda-ecosystem          1                    0                        conda-forge
2025-01-10T12:48:42.3838506Z   fonts-conda-forge              1                    0                        conda-forge
2025-01-10T12:48:42.3839154Z   fonttools                      4.53.0               py312h9a8786e_0          conda-forge
2025-01-10T12:48:42.3839740Z   fqdn                           1.5.1                pyhd8ed1ab_0             conda-forge
2025-01-10T12:48:42.3840318Z   freetype                       2.12.1               h267a509_2               conda-forge
2025-01-10T12:48:42.3840910Z   fribidi                        1.0.10               h36c2ea0_0               conda-forge
2025-01-10T12:48:42.3841495Z   future                         1.0.0                pyhd8ed1ab_0             conda-forge
2025-01-10T12:48:42.3842082Z   gdk-pixbuf                     2.42.12              hb9ae30d_0               conda-forge
2025-01-10T12:48:42.3842748Z   giflib                         5.2.2                hd590300_0               conda-forge
2025-01-10T12:48:42.3843287Z   git-lfs                        3.5.1                ha770c72_0               conda-forge
2025-01-10T12:48:42.3843639Z   gmp                            6.3.0                h59595ed_1               conda-forge
2025-01-10T12:48:42.3843968Z   gmpy2                          2.1.5                py312h1d5cde6_1          conda-forge
2025-01-10T12:48:42.3844327Z   graphite2                      1.3.13               h59595ed_1003            conda-forge
2025-01-10T12:48:42.3844927Z   graphviz                       11.0.0               hc68bbd7_0               conda-forge
2025-01-10T12:48:42.3845274Z   gtk2                           2.24.33              h280cfa0_4               conda-forge
2025-01-10T12:48:42.3845600Z   gts                            0.7.6                h977cf35_4               conda-forge
2025-01-10T12:48:42.3845922Z   h11                            0.14.0               pyhd8ed1ab_0             conda-forge
2025-01-10T12:48:42.3846317Z   h2                             4.1.0                pyhd8ed1ab_0             conda-forge
2025-01-10T12:48:42.3846894Z   h5py                           3.11.0               nompi_py312hb7ab980_102  conda-forge
2025-01-10T12:48:42.3847486Z   harfbuzz                       8.5.0                hfac3d4d_0               conda-forge
2025-01-10T12:48:42.3848062Z   hdf5                           1.14.3               nompi_hdf9ad27_105       conda-forge
2025-01-10T12:48:42.3848622Z   hpack                          4.0.0                pyh9f0ad1d_0             conda-forge
2025-01-10T12:48:42.3849206Z   httpcore                       1.0.5                pyhd8ed1ab_0             conda-forge
2025-01-10T12:48:42.3850051Z   httpx                          0.27.0               pyhd8ed1ab_0             conda-forge
2025-01-10T12:48:42.3850638Z   hyperframe                     6.0.1                pyhd8ed1ab_0             conda-forge
2025-01-10T12:48:42.3851206Z   icu                            73.2                 h59595ed_0               conda-forge
2025-01-10T12:48:42.3851739Z   idna                           3.7                  pyhd8ed1ab_0             conda-forge
2025-01-10T12:48:42.3852475Z   imagesize                      1.4.1                pyhd8ed1ab_0             conda-forge
2025-01-10T12:48:42.3853189Z   importlib-metadata             7.1.0                pyha770c72_0             conda-forge
2025-01-10T12:48:42.3853927Z   importlib_metadata             7.1.0                hd8ed1ab_0               conda-forge
2025-01-10T12:48:42.3854803Z   importlib_resources            6.4.0                pyhd8ed1ab_0             conda-forge
2025-01-10T12:48:42.3855486Z   iniconfig                      2.0.0                pyhd8ed1ab_0             conda-forge
2025-01-10T12:48:42.3855871Z   ipykernel                      6.29.4               pyh3099207_0             conda-forge
2025-01-10T12:48:42.3856229Z   ipython                        8.25.0               pyh707e725_0             conda-forge
2025-01-10T12:48:42.3856602Z   ipython_genutils               0.2.0                pyhd8ed1ab_1             conda-forge
2025-01-10T12:48:42.3857008Z   ipywidgets                     7.8.0                pyhd8ed1ab_0             conda-forge
2025-01-10T12:48:42.3857384Z   isoduration                    20.11.0              pyhd8ed1ab_0             conda-forge
2025-01-10T12:48:42.3857736Z   jedi                           0.19.1               pyhd8ed1ab_0             conda-forge
2025-01-10T12:48:42.3858064Z   jinja2                         3.1.4                pyhd8ed1ab_0             conda-forge
2025-01-10T12:48:42.3858397Z   json5                          0.9.25               pyhd8ed1ab_0             conda-forge
2025-01-10T12:48:42.3858749Z   jsonpointer                    3.0.0                py312h7900ff3_0          conda-forge
2025-01-10T12:48:42.3859116Z   jsonschema                     4.22.0               pyhd8ed1ab_0             conda-forge
2025-01-10T12:48:42.3859540Z   jsonschema-specifications      2023.12.1            pyhd8ed1ab_0             conda-forge
2025-01-10T12:48:42.3860201Z   jsonschema-with-format-nongpl  4.22.0               pyhd8ed1ab_0             conda-forge
2025-01-10T12:48:42.3860649Z   jupyter-lsp                    2.2.5                pyhd8ed1ab_0             conda-forge
2025-01-10T12:48:42.3861021Z   jupyter_client                 8.6.2                pyhd8ed1ab_0             conda-forge
2025-01-10T12:48:42.3861390Z   jupyter_core                   5.7.2                py312h7900ff3_0          conda-forge
2025-01-10T12:48:42.3861761Z   jupyter_events                 0.10.0               pyhd8ed1ab_0             conda-forge
2025-01-10T12:48:42.3862139Z   jupyter_server                 2.14.1               pyhd8ed1ab_0             conda-forge
2025-01-10T12:48:42.3862541Z   jupyter_server_terminals       0.5.3                pyhd8ed1ab_0             conda-forge
2025-01-10T12:48:42.3862938Z   jupyterlab                     4.2.2                pyhd8ed1ab_0             conda-forge
2025-01-10T12:48:42.3863324Z   jupyterlab_pygments            0.3.0                pyhd8ed1ab_1             conda-forge
2025-01-10T12:48:42.3863734Z   jupyterlab_server              2.27.2               pyhd8ed1ab_0             conda-forge
2025-01-10T12:48:42.3864137Z   jupyterlab_widgets             1.1.7                pyhd8ed1ab_0             conda-forge
2025-01-10T12:48:42.3864702Z   keyutils                       1.6.1                h166bdaf_0               conda-forge
2025-01-10T12:48:42.3865066Z   kiwisolver                     1.4.5                py312h8572e83_1          conda-forge
2025-01-10T12:48:42.3865404Z   krb5                           1.21.2               h659d440_0               conda-forge
2025-01-10T12:48:42.3865756Z   latexcodec                     2.0.1                pyh9f0ad1d_0             conda-forge
2025-01-10T12:48:42.3866104Z   lcms2                          2.16                 hb7c19ff_0               conda-forge
2025-01-10T12:48:42.3866455Z   ld_impl_linux-64               2.40                 hf3520f5_7               conda-forge
2025-01-10T12:48:42.3866794Z   lerc                           4.0.0                h27087fc_0               conda-forge
2025-01-10T12:48:42.3867123Z   libaec                         1.1.3                h59595ed_0               conda-forge
2025-01-10T12:48:42.3867606Z   libblas                        3.9.0                22_linux64_openblas      conda-forge
2025-01-10T12:48:42.3867979Z   libbrotlicommon                1.1.0                hd590300_1               conda-forge
2025-01-10T12:48:42.3868357Z   libbrotlidec                   1.1.0                hd590300_1               conda-forge
2025-01-10T12:48:42.3868719Z   libbrotlienc                   1.1.0                hd590300_1               conda-forge
2025-01-10T12:48:42.3869077Z   libcblas                       3.9.0                22_linux64_openblas      conda-forge
2025-01-10T12:48:42.3869428Z   libcurl                        8.8.0                hca28451_0               conda-forge
2025-01-10T12:48:42.3869881Z   libdeflate                     1.20                 hd590300_0               conda-forge
2025-01-10T12:48:42.3870556Z   libedit                        3.1.20191231         he28a2e2_2               conda-forge
2025-01-10T12:48:42.3871130Z   libev                          4.33                 hd590300_2               conda-forge
2025-01-10T12:48:42.3871664Z   libexpat                       2.6.2                h59595ed_0               conda-forge
2025-01-10T12:48:42.3872192Z   libffi                         3.4.2                h7f98852_5               conda-forge
2025-01-10T12:48:42.3872816Z   libgcc-ng                      13.2.0               h77fa898_10              conda-forge
2025-01-10T12:48:42.3873440Z   libgd                          2.3.3                h119a65a_9               conda-forge
2025-01-10T12:48:42.3874110Z   libgfortran-ng                 13.2.0               h69a702a_10              conda-forge
2025-01-10T12:48:42.3874975Z   libgfortran5                   13.2.0               h3d2ce59_10              conda-forge
2025-01-10T12:48:42.3875604Z   libglib                        2.80.2               h8a4344b_1               conda-forge
2025-01-10T12:48:42.3876265Z   libgomp                        13.2.0               h77fa898_10              conda-forge
2025-01-10T12:48:42.3876762Z   libiconv                       1.17                 hd590300_2               conda-forge
2025-01-10T12:48:42.3877147Z   libjpeg-turbo                  3.0.0                hd590300_1               conda-forge
2025-01-10T12:48:42.3877532Z   liblapack                      3.9.0                22_linux64_openblas      conda-forge
2025-01-10T12:48:42.3877902Z   libllvm14                      14.0.6               hcd5def8_4               conda-forge
2025-01-10T12:48:42.3878271Z   libnghttp2                     1.58.0               h47da74e_1               conda-forge
2025-01-10T12:48:42.3878622Z   libnsl                         2.0.1                hd590300_0               conda-forge
2025-01-10T12:48:42.3878984Z   libopenblas                    0.3.27               pthreads_h413a1c8_0      conda-forge
2025-01-10T12:48:42.3879348Z   libpng                         1.6.43               h2797004_0               conda-forge
2025-01-10T12:48:42.3879688Z   librsvg                        2.58.1               hadf69e7_0               conda-forge
2025-01-10T12:48:42.3880038Z   libsodium                      1.0.18               h36c2ea0_1               conda-forge
2025-01-10T12:48:42.3880390Z   libsqlite                      3.46.0               hde9e2c9_0               conda-forge
2025-01-10T12:48:42.3880736Z   libssh2                        1.11.0               h0841786_0               conda-forge
2025-01-10T12:48:42.3881085Z   libstdcxx-ng                   13.2.0               hc0a3c3a_10              conda-forge
2025-01-10T12:48:42.3881444Z   libtiff                        4.6.0                h1dd3fc0_3               conda-forge
2025-01-10T12:48:42.3881781Z   libuuid                        2.38.1               h0b41bf4_0               conda-forge
2025-01-10T12:48:42.3882115Z   libwebp                        1.4.0                h2c329e2_0               conda-forge
2025-01-10T12:48:42.3882463Z   libwebp-base                   1.4.0                hd590300_0               conda-forge
2025-01-10T12:48:42.3883038Z   libxcb                         1.15                 h0b41bf4_0               conda-forge
2025-01-10T12:48:42.3883385Z   libxcrypt                      4.4.36               hd590300_1               conda-forge
2025-01-10T12:48:42.3883734Z   libxml2                        2.12.7               hc051c1a_1               conda-forge
2025-01-10T12:48:42.3884066Z   libxslt                        1.1.39               h76b75d6_0               conda-forge
2025-01-10T12:48:42.3884397Z   libzlib                        1.3.1                h4ab18f5_1               conda-forge
2025-01-10T12:48:42.3884941Z   llvmlite                       0.42.0               py312hb06c811_1          conda-forge
2025-01-10T12:48:42.3885281Z   lxml                           5.2.2                py312hb90d8a5_0          conda-forge
2025-01-10T12:48:42.3885609Z   lz4-c                          1.9.4                hcb278e6_0               conda-forge
2025-01-10T12:48:42.3885926Z   lzo                            2.10                 hd590300_1001            conda-forge
2025-01-10T12:48:42.3886257Z   markupsafe                     2.1.5                py312h98912ed_0          conda-forge
2025-01-10T12:48:42.3886637Z   matplotlib-base                3.8.4                py312h20ab3a6_2          conda-forge
2025-01-10T12:48:42.3887034Z   matplotlib-inline              0.1.7                pyhd8ed1ab_0             conda-forge
2025-01-10T12:48:42.3887421Z   mistune                        3.0.2                pyhd8ed1ab_0             conda-forge
2025-01-10T12:48:42.3887752Z   mpc                            1.3.1                hfe3b2da_0               conda-forge
2025-01-10T12:48:42.3888066Z   mpfr                           4.2.1                h9458935_1               conda-forge
2025-01-10T12:48:42.3888393Z   mpmath                         1.3.0                pyhd8ed1ab_0             conda-forge
2025-01-10T12:48:42.3889007Z   munkres                        1.1.4                pyh9f0ad1d_0             conda-forge
2025-01-10T12:48:42.3889401Z   mypy_extensions                1.0.0                pyha770c72_0             conda-forge
2025-01-10T12:48:42.3889770Z   nbclassic                      1.1.0                pyhd8ed1ab_0             conda-forge
2025-01-10T12:48:42.3890134Z   nbclient                       0.10.0               pyhd8ed1ab_0             conda-forge
2025-01-10T12:48:42.3890491Z   nbconvert                      7.16.4               hd8ed1ab_1               conda-forge
2025-01-10T12:48:42.3890869Z   nbconvert-core                 7.16.4               pyhd8ed1ab_1             conda-forge
2025-01-10T12:48:42.3891269Z   nbconvert-pandoc               7.16.4               hd8ed1ab_1               conda-forge
2025-01-10T12:48:42.3891653Z   nbformat                       5.10.4               pyhd8ed1ab_0             conda-forge
2025-01-10T12:48:42.3892005Z   nbsphinx                       0.9.4                pyhd8ed1ab_0             conda-forge
2025-01-10T12:48:42.3892352Z   ncurses                        6.5                  h59595ed_0               conda-forge
2025-01-10T12:48:42.3892707Z   nest-asyncio                   1.6.0                pyhd8ed1ab_0             conda-forge
2025-01-10T12:48:42.3893073Z   networkx                       3.3                  pyhd8ed1ab_1             conda-forge
2025-01-10T12:48:42.3893413Z   nomkl                          1.0                  h5ca1d4c_0               conda-forge
2025-01-10T12:48:42.3893754Z   notebook                       7.2.1                pyhd8ed1ab_0             conda-forge
2025-01-10T12:48:42.3894127Z   notebook-shim                  0.2.4                pyhd8ed1ab_0             conda-forge
2025-01-10T12:48:42.3894633Z   numba                          0.59.1               py312hacefee8_0          conda-forge
2025-01-10T12:48:42.3894991Z   numexpr                        2.10.0               py312hf412c99_100        conda-forge
2025-01-10T12:48:42.3895337Z   numpy                          1.26.4               py312heda63a1_0          conda-forge
2025-01-10T12:48:42.3895797Z   numpydoc                       1.7.0                pyhd8ed1ab_1             conda-forge
2025-01-10T12:48:42.3896149Z   openjpeg                       2.5.2                h488ebb8_0               conda-forge
2025-01-10T12:48:42.3896485Z   openssl                        3.3.1                h4ab18f5_0               conda-forge
2025-01-10T12:48:42.3896827Z   overrides                      7.7.0                pyhd8ed1ab_0             conda-forge
2025-01-10T12:48:42.3897184Z   packaging                      24.1                 pyhd8ed1ab_0             conda-forge
2025-01-10T12:48:42.3897547Z   pandas                         2.2.2                py312h1d6d2e6_1          conda-forge
2025-01-10T12:48:42.3897883Z   pandoc                         3.2                  ha770c72_0               conda-forge
2025-01-10T12:48:42.3898242Z   pandocfilters                  1.5.0                pyhd8ed1ab_0             conda-forge
2025-01-10T12:48:42.3898600Z   pango                          1.54.0               h84a9a3c_0               conda-forge
2025-01-10T12:48:42.3898931Z   parso                          0.8.4                pyhd8ed1ab_0             conda-forge
2025-01-10T12:48:42.3899273Z   pathspec                       0.12.1               pyhd8ed1ab_0             conda-forge
2025-01-10T12:48:42.3899607Z   pbr                            6.0.0                pyhd8ed1ab_0             conda-forge
2025-01-10T12:48:42.3899929Z   pcre2                          10.44                h0f59acf_0               conda-forge
2025-01-10T12:48:42.3900266Z   pexpect                        4.9.0                pyhd8ed1ab_0             conda-forge
2025-01-10T12:48:42.3900617Z   pickleshare                    0.7.5                py_1003                  conda-forge
2025-01-10T12:48:42.3900970Z   pillow                         10.3.0               py312hdcec9eb_0          conda-forge
2025-01-10T12:48:42.3901413Z   pip                            24.0                 pyhd8ed1ab_0             conda-forge
2025-01-10T12:48:42.3901744Z   pixman                         0.43.2               h59595ed_0               conda-forge
2025-01-10T12:48:42.3902130Z   pkgutil-resolve-name           1.3.10               pyhd8ed1ab_1             conda-forge
2025-01-10T12:48:42.3902529Z   platformdirs                   4.2.2                pyhd8ed1ab_0             conda-forge
2025-01-10T12:48:42.3902885Z   plotly                         5.22.0               pyhd8ed1ab_0             conda-forge
2025-01-10T12:48:42.3903223Z   pluggy                         1.5.0                pyhd8ed1ab_0             conda-forge
2025-01-10T12:48:42.3903586Z   prometheus_client              0.20.0               pyhd8ed1ab_0             conda-forge
2025-01-10T12:48:42.3903978Z   prompt-toolkit                 3.0.47               pyha770c72_0             conda-forge
2025-01-10T12:48:42.3904381Z   psutil                         5.9.8                py312h98912ed_0          conda-forge
2025-01-10T12:48:42.3904886Z   pthread-stubs                  0.4                  h36c2ea0_1001            conda-forge
2025-01-10T12:48:42.3905254Z   ptyprocess                     0.7.0                pyhd3deb0d_0             conda-forge
2025-01-10T12:48:42.3905609Z   pure_eval                      0.2.2                pyhd8ed1ab_0             conda-forge
2025-01-10T12:48:42.3905960Z   py-cpuinfo                     9.0.0                pyhd8ed1ab_0             conda-forge
2025-01-10T12:48:42.3906308Z   pybtex                         0.24.0               pyhd8ed1ab_2             conda-forge
2025-01-10T12:48:42.3906673Z   pybtex-docutils                1.0.3                py312h7900ff3_1          conda-forge
2025-01-10T12:48:42.3907049Z   pycparser                      2.22                 pyhd8ed1ab_0             conda-forge
2025-01-10T12:48:42.3907418Z   pyerfa                         2.0.1.4              py312h085067d_1          conda-forge
2025-01-10T12:48:42.3907772Z   pygments                       2.18.0               pyhd8ed1ab_0             conda-forge
2025-01-10T12:48:42.3908252Z   pygraphviz                     1.13                 py312h4a1d8a7_1          conda-forge
2025-01-10T12:48:42.3908611Z   pyparsing                      3.1.2                pyhd8ed1ab_0             conda-forge
2025-01-10T12:48:42.3908960Z   pysocks                        1.7.1                pyha2e5f31_6             conda-forge
2025-01-10T12:48:42.3909322Z   pytables                       3.9.2                py312h96d95ec_2          conda-forge
2025-01-10T12:48:42.3909662Z   pytest                         8.2.2                pyhd8ed1ab_0             conda-forge
2025-01-10T12:48:42.3910006Z   pytest-cov                     5.0.0                pyhd8ed1ab_0             conda-forge
2025-01-10T12:48:42.3910396Z   pytest-doctestplus             1.2.1                pyhd8ed1ab_0             conda-forge
2025-01-10T12:48:42.3910788Z   pytest-html                    4.1.1                pyhd8ed1ab_0             conda-forge
2025-01-10T12:48:42.3911171Z   pytest-metadata                3.1.1                pyhd8ed1ab_0             conda-forge
2025-01-10T12:48:42.3911538Z   python                         3.12.4               h194c7f8_0_cpython       conda-forge
2025-01-10T12:48:42.3911904Z   python-dateutil                2.9.0                pyhd8ed1ab_0             conda-forge
2025-01-10T12:48:42.3912324Z   python-fastjsonschema          2.20.0               pyhd8ed1ab_0             conda-forge
2025-01-10T12:48:42.3912744Z   python-json-logger             2.0.7                pyhd8ed1ab_0             conda-forge
2025-01-10T12:48:42.3913156Z   python-tzdata                  2024.1               pyhd8ed1ab_0             conda-forge
2025-01-10T12:48:42.3913534Z   python_abi                     3.12                 4_cp312                  conda-forge
2025-01-10T12:48:42.3913878Z   pytz                           2024.1               pyhd8ed1ab_0             conda-forge
2025-01-10T12:48:42.3914346Z   pyyaml                         6.0.1                py312h98912ed_1          conda-forge
2025-01-10T12:48:42.3914859Z   pyzmq                          26.0.3               py312h8fd38d8_0          conda-forge
2025-01-10T12:48:42.3915204Z   qgrid                          1.3.1                pyhd8ed1ab_4             conda-forge
2025-01-10T12:48:42.3915576Z   radioactivedecay               0.5.1                pyhd8ed1ab_0             conda-forge
2025-01-10T12:48:42.3915961Z   readline                       8.2                  h8228510_1               conda-forge
2025-01-10T12:48:42.3916329Z   recommonmark                   0.7.1                pyhd8ed1ab_0             conda-forge
2025-01-10T12:48:42.3916705Z   referencing                    0.35.1               pyhd8ed1ab_0             conda-forge
2025-01-10T12:48:42.3917070Z   requests                       2.32.3               pyhd8ed1ab_0             conda-forge
2025-01-10T12:48:42.3917442Z   rfc3339-validator              0.1.4                pyhd8ed1ab_0             conda-forge
2025-01-10T12:48:42.3917849Z   rfc3986-validator              0.1.1                pyh9f0ad1d_0             conda-forge
2025-01-10T12:48:42.3918221Z   rpds-py                        0.18.1               py312h4413252_0          conda-forge
2025-01-10T12:48:42.3918545Z   ruff                           0.4.9                py312h5715c7c_0          conda-forge
2025-01-10T12:48:42.3918866Z   scipy                          1.13.1               py312hc2bc53b_0          conda-forge
2025-01-10T12:48:42.3919209Z   send2trash                     1.8.3                pyh0d859eb_0             conda-forge
2025-01-10T12:48:42.3919570Z   setuptools                     70.0.0               pyhd8ed1ab_0             conda-forge
2025-01-10T12:48:42.3919943Z   setuptools-scm                 8.1.0                pyhd8ed1ab_0             conda-forge
2025-01-10T12:48:42.3920321Z   setuptools_scm                 8.1.0                hd8ed1ab_0               conda-forge
2025-01-10T12:48:42.3920690Z   six                            1.16.0               pyh6c4a22f_0             conda-forge
2025-01-10T12:48:42.3921147Z   snakeviz                       2.2.0                pyhd8ed1ab_0             conda-forge
2025-01-10T12:48:42.3921488Z   snappy                         1.2.0                hdb0a2a9_1               conda-forge
2025-01-10T12:48:42.3921825Z   sniffio                        1.3.1                pyhd8ed1ab_0             conda-forge
2025-01-10T12:48:42.3922197Z   snowballstemmer                2.2.0                pyhd8ed1ab_0             conda-forge
2025-01-10T12:48:42.3922571Z   soupsieve                      2.5                  pyhd8ed1ab_1             conda-forge
2025-01-10T12:48:42.3922914Z   sphinx                         7.3.7                pyhd8ed1ab_0             conda-forge
2025-01-10T12:48:42.3923275Z   sphinx-astropy                 1.9.1                pyhd8ed1ab_0             conda-forge
2025-01-10T12:48:42.3923673Z   sphinx-automodapi              0.17.0               pyh717bed2_1             conda-forge
2025-01-10T12:48:42.3924073Z   sphinx-gallery                 0.16.0               pyhd8ed1ab_0             conda-forge
2025-01-10T12:48:42.3924631Z   sphinx-jsonschema              1.19.1               pyhd8ed1ab_0             conda-forge
2025-01-10T12:48:42.3925146Z   sphinx_bootstrap_theme         0.8.1                pyhd8ed1ab_0             conda-forge
2025-01-10T12:48:42.3925562Z   sphinx_rtd_theme               2.0.0                pyha770c72_0             conda-forge
2025-01-10T12:48:42.3925966Z   sphinxcontrib-apidoc           0.3.0                py_1                     conda-forge
2025-01-10T12:48:42.3926412Z   sphinxcontrib-applehelp        1.0.8                pyhd8ed1ab_0             conda-forge
2025-01-10T12:48:42.3926861Z   sphinxcontrib-bibtex           2.6.2                pyhd8ed1ab_0             conda-forge
2025-01-10T12:48:42.3927297Z   sphinxcontrib-devhelp          1.0.6                pyhd8ed1ab_0             conda-forge
2025-01-10T12:48:42.3927883Z   sphinxcontrib-htmlhelp         2.0.5                pyhd8ed1ab_0             conda-forge
2025-01-10T12:48:42.3928345Z   sphinxcontrib-jquery           4.1                  pyhd8ed1ab_0             conda-forge
2025-01-10T12:48:42.3928776Z   sphinxcontrib-jsmath           1.0.1                pyhd8ed1ab_0             conda-forge
2025-01-10T12:48:42.3929201Z   sphinxcontrib-qthelp           1.0.7                pyhd8ed1ab_0             conda-forge
2025-01-10T12:48:42.3929669Z   sphinxcontrib-serializinghtml  1.1.10               pyhd8ed1ab_0             conda-forge
2025-01-10T12:48:42.3930099Z   stack_data                     0.6.2                pyhd8ed1ab_0             conda-forge
2025-01-10T12:48:42.3930446Z   sympy                          1.12.1               pypyh2585a3b_103         conda-forge
2025-01-10T12:48:42.3930792Z   tabulate                       0.9.0                pyhd8ed1ab_1             conda-forge
2025-01-10T12:48:42.3931141Z   tenacity                       8.4.1                pyhd8ed1ab_0             conda-forge
2025-01-10T12:48:42.3931504Z   terminado                      0.18.1               pyh0d859eb_0             conda-forge
2025-01-10T12:48:42.3931865Z   tinycss2                       1.3.0                pyhd8ed1ab_0             conda-forge
2025-01-10T12:48:42.3932196Z   tk                             8.6.13               noxft_h4845f30_101       conda-forge
2025-01-10T12:48:42.3932514Z   toml                           0.10.2               pyhd8ed1ab_0             conda-forge
2025-01-10T12:48:42.3932840Z   tomli                          2.0.1                pyhd8ed1ab_0             conda-forge
2025-01-10T12:48:42.3933194Z   tornado                        6.4.1                py312h9a8786e_0          conda-forge
2025-01-10T12:48:42.3933526Z   tqdm                           4.66.4               pyhd8ed1ab_0             conda-forge
2025-01-10T12:48:42.3933867Z   traitlets                      5.14.3               pyhd8ed1ab_0             conda-forge
2025-01-10T12:48:42.3934223Z   typed-ast                      1.5.5                py312h98912ed_1          conda-forge
2025-01-10T12:48:42.3935031Z   types-python-dateutil          2.9.0.20240316       pyhd8ed1ab_0             conda-forge
2025-01-10T12:48:42.3935466Z   typing-extensions              4.12.2               hd8ed1ab_0               conda-forge
2025-01-10T12:48:42.3935868Z   typing_extensions              4.12.2               pyha770c72_0             conda-forge
2025-01-10T12:48:42.3936249Z   typing_utils                   0.1.0                pyhd8ed1ab_0             conda-forge
2025-01-10T12:48:42.3936622Z   tzdata                         2024a                h0c530f3_0               conda-forge
2025-01-10T12:48:42.3936982Z   uri-template                   1.3.0                pyhd8ed1ab_0             conda-forge
2025-01-10T12:48:42.3937342Z   urllib3                        2.2.2                pyhd8ed1ab_0             conda-forge
2025-01-10T12:48:42.3937683Z   wcwidth                        0.2.13               pyhd8ed1ab_0             conda-forge
2025-01-10T12:48:42.3938038Z   webcolors                      24.6.0               pyhd8ed1ab_0             conda-forge
2025-01-10T12:48:42.3938408Z   webencodings                   0.5.1                pyhd8ed1ab_2             conda-forge
2025-01-10T12:48:42.3938795Z   websocket-client               1.8.0                pyhd8ed1ab_0             conda-forge
2025-01-10T12:48:42.3939158Z   wheel                          0.43.0               pyhd8ed1ab_1             conda-forge
2025-01-10T12:48:42.3939533Z   widgetsnbextension             3.6.6                pyhd8ed1ab_0             conda-forge
2025-01-10T12:48:42.3940203Z   xorg-kbproto                   1.0.7                h7f98852_1002            conda-forge
2025-01-10T12:48:42.3940817Z   xorg-libice                    1.1.1                hd590300_0               conda-forge
2025-01-10T12:48:42.3941435Z   xorg-libsm                     1.2.4                h7391055_0               conda-forge
2025-01-10T12:48:42.3942195Z   xorg-libx11                    1.8.9                h8ee46fc_0               conda-forge
2025-01-10T12:48:42.3942577Z   xorg-libxau                    1.0.11               hd590300_0               conda-forge
2025-01-10T12:48:42.3942954Z   xorg-libxdmcp                  1.1.3                h7f98852_0               conda-forge
2025-01-10T12:48:42.3943328Z   xorg-libxext                   1.3.4                h0b41bf4_2               conda-forge
2025-01-10T12:48:42.3943713Z   xorg-libxrender                0.9.11               hd590300_0               conda-forge
2025-01-10T12:48:42.3944129Z   xorg-renderproto               0.11.1               h7f98852_1002            conda-forge
2025-01-10T12:48:42.3944769Z   xorg-xextproto                 7.3.0                h0b41bf4_1003            conda-forge
2025-01-10T12:48:42.3945167Z   xorg-xproto                    7.0.31               h7f98852_1007            conda-forge
2025-01-10T12:48:42.3945501Z   xz                             5.2.6                h166bdaf_0               conda-forge
2025-01-10T12:48:42.3945819Z   yaml                           0.2.5                h7f98852_2               conda-forge
2025-01-10T12:48:42.3946154Z   zeromq                         4.3.5                h75354e8_4               conda-forge
2025-01-10T12:48:42.3946486Z   zipp                           3.19.2               pyhd8ed1ab_0             conda-forge
2025-01-10T12:48:42.3946879Z   zlib                           1.3.1                h4ab18f5_1               conda-forge
2025-01-10T12:48:42.3947352Z   zlib-ng                        2.0.7                h0b41bf4_0               conda-forge
2025-01-10T12:48:42.3947680Z   zstd                           1.5.6                ha6fb4c9_0               conda-forge
2025-01-10T12:48:42.3948264Z ##[endgroup]
2025-01-10T12:48:42.3980460Z ##[group]Run pip install -e . --user
2025-01-10T12:48:42.3980801Z [36;1mpip install -e . --user[0m
2025-01-10T12:48:42.4009933Z shell: /usr/bin/bash -l {0}
2025-01-10T12:48:42.4010188Z env:
2025-01-10T12:48:42.4010359Z   CACHE_NUMBER: 0
2025-01-10T12:48:42.4010974Z   PYTEST_FLAGS: --tardis-regression-data=/home/runner/work/tardis/tardis/tardis-regression-data --cov=tardis --cov-report=xml --cov-report=html --cov-append
2025-01-10T12:48:42.4011787Z   CODECOV_TOKEN: 
2025-01-10T12:48:42.4012004Z   MAMBA_ROOT_PREFIX: /home/runner/micromamba
2025-01-10T12:48:42.4012307Z   MAMBA_EXE: /home/runner/micromamba-bin/micromamba
2025-01-10T12:48:42.4012651Z   CONDARC: /home/runner/work/_temp/setup-micromamba/.condarc
2025-01-10T12:48:42.4012951Z ##[endgroup]
2025-01-10T12:48:43.1223554Z Obtaining file:///home/runner/work/tardis/tardis
2025-01-10T12:48:43.1250585Z   Installing build dependencies: started
2025-01-10T12:48:46.0037247Z   Installing build dependencies: finished with status 'done'
2025-01-10T12:48:46.0042380Z   Checking if build backend supports build_editable: started
2025-01-10T12:48:46.1260106Z   Checking if build backend supports build_editable: finished with status 'done'
2025-01-10T12:48:46.1267791Z   Getting requirements to build editable: started
2025-01-10T12:48:46.6002931Z   Getting requirements to build editable: finished with status 'done'
2025-01-10T12:48:46.6011576Z   Preparing editable metadata (pyproject.toml): started
2025-01-10T12:48:47.0778461Z   Preparing editable metadata (pyproject.toml): finished with status 'done'
2025-01-10T12:48:47.1362462Z Requirement already satisfied: astropy in /home/runner/micromamba/envs/tardis/lib/python3.12/site-packages (from tardis==0.0.0) (6.1.1)
2025-01-10T12:48:47.1770348Z Requirement already satisfied: numpy>=1.23 in /home/runner/micromamba/envs/tardis/lib/python3.12/site-packages (from astropy->tardis==0.0.0) (1.26.4)
2025-01-10T12:48:47.1778939Z Requirement already satisfied: pyerfa>=2.0.1.1 in /home/runner/micromamba/envs/tardis/lib/python3.12/site-packages (from astropy->tardis==0.0.0) (2.0.1.4)
2025-01-10T12:48:47.1789152Z Requirement already satisfied: astropy-iers-data>=0.2024.5.27.0.30.8 in /home/runner/micromamba/envs/tardis/lib/python3.12/site-packages (from astropy->tardis==0.0.0) (0.2024.6.17.0.31.35)
2025-01-10T12:48:47.1797414Z Requirement already satisfied: PyYAML>=3.13 in /home/runner/micromamba/envs/tardis/lib/python3.12/site-packages (from astropy->tardis==0.0.0) (6.0.1)
2025-01-10T12:48:47.1807329Z Requirement already satisfied: packaging>=19.0 in /home/runner/micromamba/envs/tardis/lib/python3.12/site-packages (from astropy->tardis==0.0.0) (24.1)
2025-01-10T12:48:47.1895008Z Building wheels for collected packages: tardis
2025-01-10T12:48:47.1904141Z   Building editable for tardis (pyproject.toml): started
2025-01-10T12:48:47.9459812Z   Building editable for tardis (pyproject.toml): finished with status 'done'
2025-01-10T12:48:47.9465950Z   Created wheel for tardis: filename=tardis-0.0.0-0.editable-py3-none-any.whl size=8878 sha256=4a83aad72af5d3a364e4fc9881b36939d0763333356815a3a6565c13f0cbd3f1
2025-01-10T12:48:47.9467503Z   Stored in directory: /tmp/pip-ephem-wheel-cache-6n5lkzzn/wheels/6a/c7/ae/89fa6dc2565455898176888ef0e2e475e4e90eb0124afcb995
2025-01-10T12:48:47.9493508Z Successfully built tardis
2025-01-10T12:48:48.7183910Z Installing collected packages: tardis
2025-01-10T12:48:48.7273985Z Successfully installed tardis-0.0.0
2025-01-10T12:48:48.9644148Z ##[group]Run pip install qgridnext
2025-01-10T12:48:48.9644610Z [36;1mpip install qgridnext[0m
2025-01-10T12:48:48.9671212Z shell: /usr/bin/bash -l {0}
2025-01-10T12:48:48.9671447Z env:
2025-01-10T12:48:48.9671623Z   CACHE_NUMBER: 0
2025-01-10T12:48:48.9672231Z   PYTEST_FLAGS: --tardis-regression-data=/home/runner/work/tardis/tardis/tardis-regression-data --cov=tardis --cov-report=xml --cov-report=html --cov-append
2025-01-10T12:48:48.9672874Z   CODECOV_TOKEN: 
2025-01-10T12:48:48.9673101Z   MAMBA_ROOT_PREFIX: /home/runner/micromamba
2025-01-10T12:48:48.9673431Z   MAMBA_EXE: /home/runner/micromamba-bin/micromamba
2025-01-10T12:48:48.9673793Z   CONDARC: /home/runner/work/_temp/setup-micromamba/.condarc
2025-01-10T12:48:48.9674098Z ##[endgroup]
2025-01-10T12:48:49.5997590Z Collecting qgridnext
2025-01-10T12:48:49.6484865Z   Downloading qgridnext-2.0.4-py3-none-any.whl.metadata (9.9 kB)
2025-01-10T12:48:49.6622773Z Requirement already satisfied: pandas>=0.20.0 in /home/runner/micromamba/envs/tardis/lib/python3.12/site-packages (from qgridnext) (2.2.2)
2025-01-10T12:48:49.6635296Z Requirement already satisfied: ipywidgets>=7.0.0 in /home/runner/micromamba/envs/tardis/lib/python3.12/site-packages (from qgridnext) (7.8.0)
2025-01-10T12:48:49.6649737Z Requirement already satisfied: numpy in /home/runner/micromamba/envs/tardis/lib/python3.12/site-packages (from qgridnext) (1.26.4)
2025-01-10T12:48:49.6666099Z Requirement already satisfied: traitlets in /home/runner/micromamba/envs/tardis/lib/python3.12/site-packages (from qgridnext) (5.14.3)
2025-01-10T12:48:49.6811860Z Requirement already satisfied: comm>=0.1.3 in /home/runner/micromamba/envs/tardis/lib/python3.12/site-packages (from ipywidgets>=7.0.0->qgridnext) (0.2.2)
2025-01-10T12:48:49.6821140Z Requirement already satisfied: ipython-genutils~=0.2.0 in /home/runner/micromamba/envs/tardis/lib/python3.12/site-packages (from ipywidgets>=7.0.0->qgridnext) (0.2.0)
2025-01-10T12:48:49.6834986Z Requirement already satisfied: widgetsnbextension~=3.6.5 in /home/runner/micromamba/envs/tardis/lib/python3.12/site-packages (from ipywidgets>=7.0.0->qgridnext) (3.6.6)
2025-01-10T12:48:49.6853974Z Requirement already satisfied: ipython>=4.0.0 in /home/runner/micromamba/envs/tardis/lib/python3.12/site-packages (from ipywidgets>=7.0.0->qgridnext) (8.25.0)
2025-01-10T12:48:49.6869152Z Requirement already satisfied: jupyterlab-widgets<3,>=1.0.0 in /home/runner/micromamba/envs/tardis/lib/python3.12/site-packages (from ipywidgets>=7.0.0->qgridnext) (1.1.7)
2025-01-10T12:48:49.7317680Z Requirement already satisfied: python-dateutil>=2.8.2 in /home/runner/micromamba/envs/tardis/lib/python3.12/site-packages (from pandas>=0.20.0->qgridnext) (2.9.0)
2025-01-10T12:48:49.7331357Z Requirement already satisfied: pytz>=2020.1 in /home/runner/micromamba/envs/tardis/lib/python3.12/site-packages (from pandas>=0.20.0->qgridnext) (2024.1)
2025-01-10T12:48:49.7339718Z Requirement already satisfied: tzdata>=2022.7 in /home/runner/micromamba/envs/tardis/lib/python3.12/site-packages (from pandas>=0.20.0->qgridnext) (2024.1)
2025-01-10T12:48:49.7658139Z Requirement already satisfied: decorator in /home/runner/micromamba/envs/tardis/lib/python3.12/site-packages (from ipython>=4.0.0->ipywidgets>=7.0.0->qgridnext) (5.1.1)
2025-01-10T12:48:49.7673066Z Requirement already satisfied: jedi>=0.16 in /home/runner/micromamba/envs/tardis/lib/python3.12/site-packages (from ipython>=4.0.0->ipywidgets>=7.0.0->qgridnext) (0.19.1)
2025-01-10T12:48:49.7682426Z Requirement already satisfied: matplotlib-inline in /home/runner/micromamba/envs/tardis/lib/python3.12/site-packages (from ipython>=4.0.0->ipywidgets>=7.0.0->qgridnext) (0.1.7)
2025-01-10T12:48:49.7694393Z Requirement already satisfied: prompt-toolkit<3.1.0,>=3.0.41 in /home/runner/micromamba/envs/tardis/lib/python3.12/site-packages (from ipython>=4.0.0->ipywidgets>=7.0.0->qgridnext) (3.0.47)
2025-01-10T12:48:49.7704925Z Requirement already satisfied: pygments>=2.4.0 in /home/runner/micromamba/envs/tardis/lib/python3.12/site-packages (from ipython>=4.0.0->ipywidgets>=7.0.0->qgridnext) (2.18.0)
2025-01-10T12:48:49.7715528Z Requirement already satisfied: stack-data in /home/runner/micromamba/envs/tardis/lib/python3.12/site-packages (from ipython>=4.0.0->ipywidgets>=7.0.0->qgridnext) (0.6.2)
2025-01-10T12:48:49.7735922Z Requirement already satisfied: pexpect>4.3 in /home/runner/micromamba/envs/tardis/lib/python3.12/site-packages (from ipython>=4.0.0->ipywidgets>=7.0.0->qgridnext) (4.9.0)
2025-01-10T12:48:49.7786385Z Requirement already satisfied: six>=1.5 in /home/runner/micromamba/envs/tardis/lib/python3.12/site-packages (from python-dateutil>=2.8.2->pandas>=0.20.0->qgridnext) (1.16.0)
2025-01-10T12:48:49.7848143Z Requirement already satisfied: notebook>=4.4.1 in /home/runner/micromamba/envs/tardis/lib/python3.12/site-packages (from widgetsnbextension~=3.6.5->ipywidgets>=7.0.0->qgridnext) (7.2.1)
2025-01-10T12:48:49.8043434Z Requirement already satisfied: parso<0.9.0,>=0.8.3 in /home/runner/micromamba/envs/tardis/lib/python3.12/site-packages (from jedi>=0.16->ipython>=4.0.0->ipywidgets>=7.0.0->qgridnext) (0.8.4)
2025-01-10T12:48:49.8197616Z Requirement already satisfied: jupyter-server<3,>=2.4.0 in /home/runner/micromamba/envs/tardis/lib/python3.12/site-packages (from notebook>=4.4.1->widgetsnbextension~=3.6.5->ipywidgets>=7.0.0->qgridnext) (2.14.1)
2025-01-10T12:48:49.8211935Z Requirement already satisfied: jupyterlab-server<3,>=2.27.1 in /home/runner/micromamba/envs/tardis/lib/python3.12/site-packages (from notebook>=4.4.1->widgetsnbextension~=3.6.5->ipywidgets>=7.0.0->qgridnext) (2.27.2)
2025-01-10T12:48:49.8228510Z Requirement already satisfied: jupyterlab<4.3,>=4.2.0 in /home/runner/micromamba/envs/tardis/lib/python3.12/site-packages (from notebook>=4.4.1->widgetsnbextension~=3.6.5->ipywidgets>=7.0.0->qgridnext) (4.2.2)
2025-01-10T12:48:49.8240137Z Requirement already satisfied: notebook-shim<0.3,>=0.2 in /home/runner/micromamba/envs/tardis/lib/python3.12/site-packages (from notebook>=4.4.1->widgetsnbextension~=3.6.5->ipywidgets>=7.0.0->qgridnext) (0.2.4)
2025-01-10T12:48:49.8249280Z Requirement already satisfied: tornado>=6.2.0 in /home/runner/micromamba/envs/tardis/lib/python3.12/site-packages (from notebook>=4.4.1->widgetsnbextension~=3.6.5->ipywidgets>=7.0.0->qgridnext) (6.4.1)
2025-01-10T12:48:49.8281006Z Requirement already satisfied: ptyprocess>=0.5 in /home/runner/micromamba/envs/tardis/lib/python3.12/site-packages (from pexpect>4.3->ipython>=4.0.0->ipywidgets>=7.0.0->qgridnext) (0.7.0)
2025-01-10T12:48:49.8311469Z Requirement already satisfied: wcwidth in /home/runner/micromamba/envs/tardis/lib/python3.12/site-packages (from prompt-toolkit<3.1.0,>=3.0.41->ipython>=4.0.0->ipywidgets>=7.0.0->qgridnext) (0.2.13)
2025-01-10T12:48:49.8454963Z Requirement already satisfied: executing>=1.2.0 in /home/runner/micromamba/envs/tardis/lib/python3.12/site-packages (from stack-data->ipython>=4.0.0->ipywidgets>=7.0.0->qgridnext) (2.0.1)
2025-01-10T12:48:49.8465953Z Requirement already satisfied: asttokens>=2.1.0 in /home/runner/micromamba/envs/tardis/lib/python3.12/site-packages (from stack-data->ipython>=4.0.0->ipywidgets>=7.0.0->qgridnext) (2.4.1)
2025-01-10T12:48:49.8474888Z Requirement already satisfied: pure-eval in /home/runner/micromamba/envs/tardis/lib/python3.12/site-packages (from stack-data->ipython>=4.0.0->ipywidgets>=7.0.0->qgridnext) (0.2.2)
2025-01-10T12:48:49.8824778Z Requirement already satisfied: anyio>=3.1.0 in /home/runner/micromamba/envs/tardis/lib/python3.12/site-packages (from jupyter-server<3,>=2.4.0->notebook>=4.4.1->widgetsnbextension~=3.6.5->ipywidgets>=7.0.0->qgridnext) (4.4.0)
2025-01-10T12:48:49.8835131Z Requirement already satisfied: argon2-cffi>=21.1 in /home/runner/micromamba/envs/tardis/lib/python3.12/site-packages (from jupyter-server<3,>=2.4.0->notebook>=4.4.1->widgetsnbextension~=3.6.5->ipywidgets>=7.0.0->qgridnext) (23.1.0)
2025-01-10T12:48:49.8845047Z Requirement already satisfied: jinja2>=3.0.3 in /home/runner/micromamba/envs/tardis/lib/python3.12/site-packages (from jupyter-server<3,>=2.4.0->notebook>=4.4.1->widgetsnbextension~=3.6.5->ipywidgets>=7.0.0->qgridnext) (3.1.4)
2025-01-10T12:48:49.8858260Z Requirement already satisfied: jupyter-client>=7.4.4 in /home/runner/micromamba/envs/tardis/lib/python3.12/site-packages (from jupyter-server<3,>=2.4.0->notebook>=4.4.1->widgetsnbextension~=3.6.5->ipywidgets>=7.0.0->qgridnext) (8.6.2)
2025-01-10T12:48:49.8870739Z Requirement already satisfied: jupyter-core!=5.0.*,>=4.12 in /home/runner/micromamba/envs/tardis/lib/python3.12/site-packages (from jupyter-server<3,>=2.4.0->notebook>=4.4.1->widgetsnbextension~=3.6.5->ipywidgets>=7.0.0->qgridnext) (5.7.2)
2025-01-10T12:48:49.8882672Z Requirement already satisfied: jupyter-events>=0.9.0 in /home/runner/micromamba/envs/tardis/lib/python3.12/site-packages (from jupyter-server<3,>=2.4.0->notebook>=4.4.1->widgetsnbextension~=3.6.5->ipywidgets>=7.0.0->qgridnext) (0.10.0)
2025-01-10T12:48:49.8894711Z Requirement already satisfied: jupyter-server-terminals>=0.4.4 in /home/runner/micromamba/envs/tardis/lib/python3.12/site-packages (from jupyter-server<3,>=2.4.0->notebook>=4.4.1->widgetsnbextension~=3.6.5->ipywidgets>=7.0.0->qgridnext) (0.5.3)
2025-01-10T12:48:49.8909422Z Requirement already satisfied: nbconvert>=6.4.4 in /home/runner/micromamba/envs/tardis/lib/python3.12/site-packages (from jupyter-server<3,>=2.4.0->notebook>=4.4.1->widgetsnbextension~=3.6.5->ipywidgets>=7.0.0->qgridnext) (7.16.4)
2025-01-10T12:48:49.8920549Z Requirement already satisfied: nbformat>=5.3.0 in /home/runner/micromamba/envs/tardis/lib/python3.12/site-packages (from jupyter-server<3,>=2.4.0->notebook>=4.4.1->widgetsnbextension~=3.6.5->ipywidgets>=7.0.0->qgridnext) (5.10.4)
2025-01-10T12:48:49.8931526Z Requirement already satisfied: overrides>=5.0 in /home/runner/micromamba/envs/tardis/lib/python3.12/site-packages (from jupyter-server<3,>=2.4.0->notebook>=4.4.1->widgetsnbextension~=3.6.5->ipywidgets>=7.0.0->qgridnext) (7.7.0)
2025-01-10T12:48:49.8944371Z Requirement already satisfied: packaging>=22.0 in /home/runner/micromamba/envs/tardis/lib/python3.12/site-packages (from jupyter-server<3,>=2.4.0->notebook>=4.4.1->widgetsnbextension~=3.6.5->ipywidgets>=7.0.0->qgridnext) (24.1)
2025-01-10T12:48:49.8954171Z Requirement already satisfied: prometheus-client>=0.9 in /home/runner/micromamba/envs/tardis/lib/python3.12/site-packages (from jupyter-server<3,>=2.4.0->notebook>=4.4.1->widgetsnbextension~=3.6.5->ipywidgets>=7.0.0->qgridnext) (0.20.0)
2025-01-10T12:48:49.8965884Z Requirement already satisfied: pyzmq>=24 in /home/runner/micromamba/envs/tardis/lib/python3.12/site-packages (from jupyter-server<3,>=2.4.0->notebook>=4.4.1->widgetsnbextension~=3.6.5->ipywidgets>=7.0.0->qgridnext) (26.0.3)
2025-01-10T12:48:49.8975775Z Requirement already satisfied: send2trash>=1.8.2 in /home/runner/micromamba/envs/tardis/lib/python3.12/site-packages (from jupyter-server<3,>=2.4.0->notebook>=4.4.1->widgetsnbextension~=3.6.5->ipywidgets>=7.0.0->qgridnext) (1.8.3)
2025-01-10T12:48:49.8987968Z Requirement already satisfied: terminado>=0.8.3 in /home/runner/micromamba/envs/tardis/lib/python3.12/site-packages (from jupyter-server<3,>=2.4.0->notebook>=4.4.1->widgetsnbextension~=3.6.5->ipywidgets>=7.0.0->qgridnext) (0.18.1)
2025-01-10T12:48:49.9005840Z Requirement already satisfied: websocket-client>=1.7 in /home/runner/micromamba/envs/tardis/lib/python3.12/site-packages (from jupyter-server<3,>=2.4.0->notebook>=4.4.1->widgetsnbextension~=3.6.5->ipywidgets>=7.0.0->qgridnext) (1.8.0)
2025-01-10T12:48:49.9293858Z Requirement already satisfied: async-lru>=1.0.0 in /home/runner/micromamba/envs/tardis/lib/python3.12/site-packages (from jupyterlab<4.3,>=4.2.0->notebook>=4.4.1->widgetsnbextension~=3.6.5->ipywidgets>=7.0.0->qgridnext) (2.0.4)
2025-01-10T12:48:49.9306165Z Requirement already satisfied: httpx>=0.25.0 in /home/runner/micromamba/envs/tardis/lib/python3.12/site-packages (from jupyterlab<4.3,>=4.2.0->notebook>=4.4.1->widgetsnbextension~=3.6.5->ipywidgets>=7.0.0->qgridnext) (0.27.0)
2025-01-10T12:48:49.9319154Z Requirement already satisfied: ipykernel>=6.5.0 in /home/runner/micromamba/envs/tardis/lib/python3.12/site-packages (from jupyterlab<4.3,>=4.2.0->notebook>=4.4.1->widgetsnbextension~=3.6.5->ipywidgets>=7.0.0->qgridnext) (6.29.4)
2025-01-10T12:48:49.9333920Z Requirement already satisfied: jupyter-lsp>=2.0.0 in /home/runner/micromamba/envs/tardis/lib/python3.12/site-packages (from jupyterlab<4.3,>=4.2.0->notebook>=4.4.1->widgetsnbextension~=3.6.5->ipywidgets>=7.0.0->qgridnext) (2.2.5)
2025-01-10T12:48:49.9361393Z Requirement already satisfied: setuptools>=40.1.0 in /home/runner/micromamba/envs/tardis/lib/python3.12/site-packages (from jupyterlab<4.3,>=4.2.0->notebook>=4.4.1->widgetsnbextension~=3.6.5->ipywidgets>=7.0.0->qgridnext) (70.0.0)
2025-01-10T12:48:49.9556002Z Requirement already satisfied: babel>=2.10 in /home/runner/micromamba/envs/tardis/lib/python3.12/site-packages (from jupyterlab-server<3,>=2.27.1->notebook>=4.4.1->widgetsnbextension~=3.6.5->ipywidgets>=7.0.0->qgridnext) (2.14.0)
2025-01-10T12:48:49.9618771Z Requirement already satisfied: json5>=0.9.0 in /home/runner/micromamba/envs/tardis/lib/python3.12/site-packages (from jupyterlab-server<3,>=2.27.1->notebook>=4.4.1->widgetsnbextension~=3.6.5->ipywidgets>=7.0.0->qgridnext) (0.9.25)
2025-01-10T12:48:49.9621565Z Requirement already satisfied: jsonschema>=4.18.0 in /home/runner/micromamba/envs/tardis/lib/python3.12/site-packages (from jupyterlab-server<3,>=2.27.1->notebook>=4.4.1->widgetsnbextension~=3.6.5->ipywidgets>=7.0.0->qgridnext) (4.22.0)
2025-01-10T12:48:49.9624262Z Requirement already satisfied: requests>=2.31 in /home/runner/micromamba/envs/tardis/lib/python3.12/site-packages (from jupyterlab-server<3,>=2.27.1->notebook>=4.4.1->widgetsnbextension~=3.6.5->ipywidgets>=7.0.0->qgridnext) (2.32.3)
2025-01-10T12:48:49.9979716Z Requirement already satisfied: idna>=2.8 in /home/runner/micromamba/envs/tardis/lib/python3.12/site-packages (from anyio>=3.1.0->jupyter-server<3,>=2.4.0->notebook>=4.4.1->widgetsnbextension~=3.6.5->ipywidgets>=7.0.0->qgridnext) (3.7)
2025-01-10T12:48:49.9989251Z Requirement already satisfied: sniffio>=1.1 in /home/runner/micromamba/envs/tardis/lib/python3.12/site-packages (from anyio>=3.1.0->jupyter-server<3,>=2.4.0->notebook>=4.4.1->widgetsnbextension~=3.6.5->ipywidgets>=7.0.0->qgridnext) (1.3.1)
2025-01-10T12:48:50.0086382Z Requirement already satisfied: argon2-cffi-bindings in /home/runner/micromamba/envs/tardis/lib/python3.12/site-packages (from argon2-cffi>=21.1->jupyter-server<3,>=2.4.0->notebook>=4.4.1->widgetsnbextension~=3.6.5->ipywidgets>=7.0.0->qgridnext) (21.2.0)
2025-01-10T12:48:50.0264715Z Requirement already satisfied: certifi in /home/runner/micromamba/envs/tardis/lib/python3.12/site-packages (from httpx>=0.25.0->jupyterlab<4.3,>=4.2.0->notebook>=4.4.1->widgetsnbextension~=3.6.5->ipywidgets>=7.0.0->qgridnext) (2024.6.2)
2025-01-10T12:48:50.0279675Z Requirement already satisfied: httpcore==1.* in /home/runner/micromamba/envs/tardis/lib/python3.12/site-packages (from httpx>=0.25.0->jupyterlab<4.3,>=4.2.0->notebook>=4.4.1->widgetsnbextension~=3.6.5->ipywidgets>=7.0.0->qgridnext) (1.0.5)
2025-01-10T12:48:50.0359792Z Requirement already satisfied: h11<0.15,>=0.13 in /home/runner/micromamba/envs/tardis/lib/python3.12/site-packages (from httpcore==1.*->httpx>=0.25.0->jupyterlab<4.3,>=4.2.0->notebook>=4.4.1->widgetsnbextension~=3.6.5->ipywidgets>=7.0.0->qgridnext) (0.14.0)
2025-01-10T12:48:50.0549735Z Requirement already satisfied: debugpy>=1.6.5 in /home/runner/micromamba/envs/tardis/lib/python3.12/site-packages (from ipykernel>=6.5.0->jupyterlab<4.3,>=4.2.0->notebook>=4.4.1->widgetsnbextension~=3.6.5->ipywidgets>=7.0.0->qgridnext) (1.8.1)
2025-01-10T12:48:50.0571590Z Requirement already satisfied: nest-asyncio in /home/runner/micromamba/envs/tardis/lib/python3.12/site-packages (from ipykernel>=6.5.0->jupyterlab<4.3,>=4.2.0->notebook>=4.4.1->widgetsnbextension~=3.6.5->ipywidgets>=7.0.0->qgridnext) (1.6.0)
2025-01-10T12:48:50.0587251Z Requirement already satisfied: psutil in /home/runner/micromamba/envs/tardis/lib/python3.12/site-packages (from ipykernel>=6.5.0->jupyterlab<4.3,>=4.2.0->notebook>=4.4.1->widgetsnbextension~=3.6.5->ipywidgets>=7.0.0->qgridnext) (5.9.8)
2025-01-10T12:48:50.0653439Z Requirement already satisfied: MarkupSafe>=2.0 in /home/runner/micromamba/envs/tardis/lib/python3.12/site-packages (from jinja2>=3.0.3->jupyter-server<3,>=2.4.0->notebook>=4.4.1->widgetsnbextension~=3.6.5->ipywidgets>=7.0.0->qgridnext) (2.1.5)
2025-01-10T12:48:50.0852280Z Requirement already satisfied: attrs>=22.2.0 in /home/runner/micromamba/envs/tardis/lib/python3.12/site-packages (from jsonschema>=4.18.0->jupyterlab-server<3,>=2.27.1->notebook>=4.4.1->widgetsnbextension~=3.6.5->ipywidgets>=7.0.0->qgridnext) (23.2.0)
2025-01-10T12:48:50.0862607Z Requirement already satisfied: jsonschema-specifications>=2023.03.6 in /home/runner/micromamba/envs/tardis/lib/python3.12/site-packages (from jsonschema>=4.18.0->jupyterlab-server<3,>=2.27.1->notebook>=4.4.1->widgetsnbextension~=3.6.5->ipywidgets>=7.0.0->qgridnext) (2023.12.1)
2025-01-10T12:48:50.0871154Z Requirement already satisfied: referencing>=0.28.4 in /home/runner/micromamba/envs/tardis/lib/python3.12/site-packages (from jsonschema>=4.18.0->jupyterlab-server<3,>=2.27.1->notebook>=4.4.1->widgetsnbextension~=3.6.5->ipywidgets>=7.0.0->qgridnext) (0.35.1)
2025-01-10T12:48:50.0880074Z Requirement already satisfied: rpds-py>=0.7.1 in /home/runner/micromamba/envs/tardis/lib/python3.12/site-packages (from jsonschema>=4.18.0->jupyterlab-server<3,>=2.27.1->notebook>=4.4.1->widgetsnbextension~=3.6.5->ipywidgets>=7.0.0->qgridnext) (0.18.1)
2025-01-10T12:48:50.1148950Z Requirement already satisfied: platformdirs>=2.5 in /home/runner/micromamba/envs/tardis/lib/python3.12/site-packages (from jupyter-core!=5.0.*,>=4.12->jupyter-server<3,>=2.4.0->notebook>=4.4.1->widgetsnbextension~=3.6.5->ipywidgets>=7.0.0->qgridnext) (4.2.2)
2025-01-10T12:48:50.1299037Z Requirement already satisfied: python-json-logger>=2.0.4 in /home/runner/micromamba/envs/tardis/lib/python3.12/site-packages (from jupyter-events>=0.9.0->jupyter-server<3,>=2.4.0->notebook>=4.4.1->widgetsnbextension~=3.6.5->ipywidgets>=7.0.0->qgridnext) (2.0.7)
2025-01-10T12:48:50.1306551Z Requirement already satisfied: pyyaml>=5.3 in /home/runner/micromamba/envs/tardis/lib/python3.12/site-packages (from jupyter-events>=0.9.0->jupyter-server<3,>=2.4.0->notebook>=4.4.1->widgetsnbextension~=3.6.5->ipywidgets>=7.0.0->qgridnext) (6.0.1)
2025-01-10T12:48:50.1316821Z Requirement already satisfied: rfc3339-validator in /home/runner/micromamba/envs/tardis/lib/python3.12/site-packages (from jupyter-events>=0.9.0->jupyter-server<3,>=2.4.0->notebook>=4.4.1->widgetsnbextension~=3.6.5->ipywidgets>=7.0.0->qgridnext) (0.1.4)
2025-01-10T12:48:50.1325192Z Requirement already satisfied: rfc3986-validator>=0.1.1 in /home/runner/micromamba/envs/tardis/lib/python3.12/site-packages (from jupyter-events>=0.9.0->jupyter-server<3,>=2.4.0->notebook>=4.4.1->widgetsnbextension~=3.6.5->ipywidgets>=7.0.0->qgridnext) (0.1.1)
2025-01-10T12:48:50.1757058Z Requirement already satisfied: beautifulsoup4 in /home/runner/micromamba/envs/tardis/lib/python3.12/site-packages (from nbconvert>=6.4.4->jupyter-server<3,>=2.4.0->notebook>=4.4.1->widgetsnbextension~=3.6.5->ipywidgets>=7.0.0->qgridnext) (4.12.3)
2025-01-10T12:48:50.1775560Z Requirement already satisfied: bleach!=5.0.0 in /home/runner/micromamba/envs/tardis/lib/python3.12/site-packages (from nbconvert>=6.4.4->jupyter-server<3,>=2.4.0->notebook>=4.4.1->widgetsnbextension~=3.6.5->ipywidgets>=7.0.0->qgridnext) (6.1.0)
2025-01-10T12:48:50.1789159Z Requirement already satisfied: defusedxml in /home/runner/micromamba/envs/tardis/lib/python3.12/site-packages (from nbconvert>=6.4.4->jupyter-server<3,>=2.4.0->notebook>=4.4.1->widgetsnbextension~=3.6.5->ipywidgets>=7.0.0->qgridnext) (0.7.1)
2025-01-10T12:48:50.1803466Z Requirement already satisfied: jupyterlab-pygments in /home/runner/micromamba/envs/tardis/lib/python3.12/site-packages (from nbconvert>=6.4.4->jupyter-server<3,>=2.4.0->notebook>=4.4.1->widgetsnbextension~=3.6.5->ipywidgets>=7.0.0->qgridnext) (0.3.0)
2025-01-10T12:48:50.1815440Z Requirement already satisfied: mistune<4,>=2.0.3 in /home/runner/micromamba/envs/tardis/lib/python3.12/site-packages (from nbconvert>=6.4.4->jupyter-server<3,>=2.4.0->notebook>=4.4.1->widgetsnbextension~=3.6.5->ipywidgets>=7.0.0->qgridnext) (3.0.2)
2025-01-10T12:48:50.1827618Z Requirement already satisfied: nbclient>=0.5.0 in /home/runner/micromamba/envs/tardis/lib/python3.12/site-packages (from nbconvert>=6.4.4->jupyter-server<3,>=2.4.0->notebook>=4.4.1->widgetsnbextension~=3.6.5->ipywidgets>=7.0.0->qgridnext) (0.10.0)
2025-01-10T12:48:50.1843554Z Requirement already satisfied: pandocfilters>=1.4.1 in /home/runner/micromamba/envs/tardis/lib/python3.12/site-packages (from nbconvert>=6.4.4->jupyter-server<3,>=2.4.0->notebook>=4.4.1->widgetsnbextension~=3.6.5->ipywidgets>=7.0.0->qgridnext) (1.5.0)
2025-01-10T12:48:50.1853053Z Requirement already satisfied: tinycss2 in /home/runner/micromamba/envs/tardis/lib/python3.12/site-packages (from nbconvert>=6.4.4->jupyter-server<3,>=2.4.0->notebook>=4.4.1->widgetsnbextension~=3.6.5->ipywidgets>=7.0.0->qgridnext) (1.3.0)
2025-01-10T12:48:50.1972710Z Requirement already satisfied: fastjsonschema>=2.15 in /home/runner/micromamba/envs/tardis/lib/python3.12/site-packages (from nbformat>=5.3.0->jupyter-server<3,>=2.4.0->notebook>=4.4.1->widgetsnbextension~=3.6.5->ipywidgets>=7.0.0->qgridnext) (2.20.0)
2025-01-10T12:48:50.2279329Z Requirement already satisfied: charset-normalizer<4,>=2 in /home/runner/micromamba/envs/tardis/lib/python3.12/site-packages (from requests>=2.31->jupyterlab-server<3,>=2.27.1->notebook>=4.4.1->widgetsnbextension~=3.6.5->ipywidgets>=7.0.0->qgridnext) (3.3.2)
2025-01-10T12:48:50.2292454Z Requirement already satisfied: urllib3<3,>=1.21.1 in /home/runner/micromamba/envs/tardis/lib/python3.12/site-packages (from requests>=2.31->jupyterlab-server<3,>=2.27.1->notebook>=4.4.1->widgetsnbextension~=3.6.5->ipywidgets>=7.0.0->qgridnext) (2.2.2)
2025-01-10T12:48:50.3084113Z Requirement already satisfied: webencodings in /home/runner/micromamba/envs/tardis/lib/python3.12/site-packages (from bleach!=5.0.0->nbconvert>=6.4.4->jupyter-server<3,>=2.4.0->notebook>=4.4.1->widgetsnbextension~=3.6.5->ipywidgets>=7.0.0->qgridnext) (0.5.1)
2025-01-10T12:48:50.3645682Z Requirement already satisfied: fqdn in /home/runner/micromamba/envs/tardis/lib/python3.12/site-packages (from jsonschema[format-nongpl]>=4.18.0->jupyter-events>=0.9.0->jupyter-server<3,>=2.4.0->notebook>=4.4.1->widgetsnbextension~=3.6.5->ipywidgets>=7.0.0->qgridnext) (1.5.1)
2025-01-10T12:48:50.3662176Z Requirement already satisfied: isoduration in /home/runner/micromamba/envs/tardis/lib/python3.12/site-packages (from jsonschema[format-nongpl]>=4.18.0->jupyter-events>=0.9.0->jupyter-server<3,>=2.4.0->notebook>=4.4.1->widgetsnbextension~=3.6.5->ipywidgets>=7.0.0->qgridnext) (20.11.0)
2025-01-10T12:48:50.3675447Z Requirement already satisfied: jsonpointer>1.13 in /home/runner/micromamba/envs/tardis/lib/python3.12/site-packages (from jsonschema[format-nongpl]>=4.18.0->jupyter-events>=0.9.0->jupyter-server<3,>=2.4.0->notebook>=4.4.1->widgetsnbextension~=3.6.5->ipywidgets>=7.0.0->qgridnext) (3.0.0)
2025-01-10T12:48:50.3691568Z Requirement already satisfied: uri-template in /home/runner/micromamba/envs/tardis/lib/python3.12/site-packages (from jsonschema[format-nongpl]>=4.18.0->jupyter-events>=0.9.0->jupyter-server<3,>=2.4.0->notebook>=4.4.1->widgetsnbextension~=3.6.5->ipywidgets>=7.0.0->qgridnext) (1.3.0)
2025-01-10T12:48:50.3705135Z Requirement already satisfied: webcolors>=1.11 in /home/runner/micromamba/envs/tardis/lib/python3.12/site-packages (from jsonschema[format-nongpl]>=4.18.0->jupyter-events>=0.9.0->jupyter-server<3,>=2.4.0->notebook>=4.4.1->widgetsnbextension~=3.6.5->ipywidgets>=7.0.0->qgridnext) (24.6.0)
2025-01-10T12:48:50.4720388Z Requirement already satisfied: cffi>=1.0.1 in /home/runner/micromamba/envs/tardis/lib/python3.12/site-packages (from argon2-cffi-bindings->argon2-cffi>=21.1->jupyter-server<3,>=2.4.0->notebook>=4.4.1->widgetsnbextension~=3.6.5->ipywidgets>=7.0.0->qgridnext) (1.16.0)
2025-01-10T12:48:50.4820542Z Requirement already satisfied: soupsieve>1.2 in /home/runner/micromamba/envs/tardis/lib/python3.12/site-packages (from beautifulsoup4->nbconvert>=6.4.4->jupyter-server<3,>=2.4.0->notebook>=4.4.1->widgetsnbextension~=3.6.5->ipywidgets>=7.0.0->qgridnext) (2.5)
2025-01-10T12:48:50.5343242Z Requirement already satisfied: pycparser in /home/runner/micromamba/envs/tardis/lib/python3.12/site-packages (from cffi>=1.0.1->argon2-cffi-bindings->argon2-cffi>=21.1->jupyter-server<3,>=2.4.0->notebook>=4.4.1->widgetsnbextension~=3.6.5->ipywidgets>=7.0.0->qgridnext) (2.22)
2025-01-10T12:48:50.5846157Z Requirement already satisfied: arrow>=0.15.0 in /home/runner/micromamba/envs/tardis/lib/python3.12/site-packages (from isoduration->jsonschema[format-nongpl]>=4.18.0->jupyter-events>=0.9.0->jupyter-server<3,>=2.4.0->notebook>=4.4.1->widgetsnbextension~=3.6.5->ipywidgets>=7.0.0->qgridnext) (1.3.0)
2025-01-10T12:48:50.6156443Z Requirement already satisfied: types-python-dateutil>=2.8.10 in /home/runner/micromamba/envs/tardis/lib/python3.12/site-packages (from arrow>=0.15.0->isoduration->jsonschema[format-nongpl]>=4.18.0->jupyter-events>=0.9.0->jupyter-server<3,>=2.4.0->notebook>=4.4.1->widgetsnbextension~=3.6.5->ipywidgets>=7.0.0->qgridnext) (2.9.0.20240316)
2025-01-10T12:48:50.6497334Z Downloading qgridnext-2.0.4-py3-none-any.whl (1.3 MB)
2025-01-10T12:48:50.7186570Z    â”â”â”â”â”â”â”â”â”â”â”â”â”â”â”â”â”â”â”â”â”â”â”â”â”â”â”â”â”â”â”â”â”â”â”â”â”â”â”â” 1.3/1.3 MB 19.1 MB/s eta 0:00:00
2025-01-10T12:48:51.5116110Z Installing collected packages: qgridnext
2025-01-10T12:48:51.6020291Z Successfully installed qgridnext-2.0.4
2025-01-10T12:48:51.8345813Z ##[group]Run pytest tardis --tardis-regression-data=/home/runner/work/tardis/tardis/tardis-regression-data --cov=tardis --cov-report=xml --cov-report=html --cov-append -m "not continuum"
2025-01-10T12:48:51.8347128Z [36;1mpytest tardis --tardis-regression-data=/home/runner/work/tardis/tardis/tardis-regression-data --cov=tardis --cov-report=xml --cov-report=html --cov-append -m "not continuum"[0m
2025-01-10T12:48:51.8374225Z shell: /usr/bin/bash -l {0}
2025-01-10T12:48:51.8374612Z env:
2025-01-10T12:48:51.8374858Z   CACHE_NUMBER: 0
2025-01-10T12:48:51.8375475Z   PYTEST_FLAGS: --tardis-regression-data=/home/runner/work/tardis/tardis/tardis-regression-data --cov=tardis --cov-report=xml --cov-report=html --cov-append
2025-01-10T12:48:51.8376111Z   CODECOV_TOKEN: 
2025-01-10T12:48:51.8376331Z   MAMBA_ROOT_PREFIX: /home/runner/micromamba
2025-01-10T12:48:51.8376632Z   MAMBA_EXE: /home/runner/micromamba-bin/micromamba
2025-01-10T12:48:51.8377021Z   CONDARC: /home/runner/work/_temp/setup-micromamba/.condarc
2025-01-10T12:48:51.8377326Z ##[endgroup]
2025-01-10T12:49:00.4157898Z ============================= test session starts ==============================
2025-01-10T12:49:00.4160043Z platform linux -- Python 3.12.4, pytest-8.2.2, pluggy-1.5.0
2025-01-10T12:49:00.4160661Z rootdir: /home/runner/work/tardis/tardis
2025-01-10T12:49:00.4161126Z configfile: pyproject.toml
2025-01-10T12:49:00.4161728Z plugins: anyio-4.4.0, doctestplus-1.2.1, cov-5.0.0, html-4.1.1, metadata-3.1.1
2025-01-10T12:49:00.4162423Z collected 1796 items / 2 deselected / 1794 selected
2025-01-10T12:49:00.4162794Z 
2025-01-10T12:49:05.4445365Z tardis/energy_input/tests/test_energy_source.py ..xxx                    [  0%]
2025-01-10T12:49:08.5252683Z tardis/energy_input/tests/test_gamma_ray_channel.py ...........          [  0%]
2025-01-10T12:49:10.1910411Z tardis/energy_input/tests/test_gamma_ray_grid.py xx.                     [  1%]
2025-01-10T12:49:12.0155842Z tardis/energy_input/tests/test_gamma_ray_interactions.py xx....          [  1%]
2025-01-10T12:49:12.0251844Z tardis/energy_input/tests/test_gamma_ray_packet_source.py sssssssss      [  1%]
2025-01-10T12:49:13.3665626Z tardis/energy_input/tests/test_util.py .....xxxx.....                    [  2%]
2025-01-10T12:49:13.7238396Z tardis/grid/tests/test_grid.py .                                         [  2%]
2025-01-10T12:49:13.7253909Z tardis/gui/tests/test_gui.py s                                           [  2%]
2025-01-10T12:49:17.4799072Z tardis/io/configuration/tests/test_config_reader.py ...........          [  3%]
2025-01-10T12:49:17.4927601Z tardis/io/configuration/tests/test_configuration_namespace.py .........  [  3%]
2025-01-10T12:49:17.5199064Z tardis/io/logger/tests/test_logging.py ssssssssssssssssssssssssssss      [  5%]
2025-01-10T12:49:57.3149542Z tardis/io/model/readers/tests/test_arepo_parser.py ..                    [  5%]
2025-01-10T12:49:57.3295528Z tardis/io/model/readers/tests/test_ascii_readers.py ...                  [  5%]
2025-01-10T12:49:57.3399771Z tardis/io/model/readers/tests/test_cmfgen_reader.py ..                   [  5%]
2025-01-10T12:49:57.3697042Z tardis/io/model/readers/tests/test_csvy_reader.py ....                   [  6%]
2025-01-10T12:49:57.3900842Z tardis/io/model/readers/tests/test_stella_reader.py ..                   [  6%]
2025-01-10T12:49:57.6932181Z tardis/io/tests/test_HDFWriter.py ...............                        [  7%]
2025-01-10T12:49:58.0301121Z tardis/io/tests/test_atomic.py .....                                     [  7%]
2025-01-10T12:49:58.0496792Z tardis/io/tests/test_decay.py ..                                         [  7%]
2025-01-10T12:49:58.2469626Z tardis/io/tests/test_model_reader.py ......                              [  7%]
2025-01-10T12:49:58.2535226Z tardis/model/geometry/tests/test_radial1d.py ..                          [  7%]
2025-01-10T12:50:56.6237110Z tardis/model/tests/test_base.py ........................................ [ 10%]
2025-01-10T12:50:57.6228195Z ............                                                             [ 10%]
2025-01-10T12:51:00.6730628Z tardis/model/tests/test_csvy_model.py .........                          [ 11%]
2025-01-10T12:51:00.7200122Z tardis/model/tests/test_density.py ..                                    [ 11%]
2025-01-10T12:51:02.0053469Z tardis/opacities/tests/test_opacity_solver.py .....                      [ 11%]
2025-01-10T12:51:03.3732839Z tardis/opacities/tests/test_opacity_state_numba.py .....                 [ 11%]
2025-01-10T12:51:05.0099241Z tardis/opacities/tests/test_tau_sobolev.py ..                            [ 12%]
2025-01-10T12:51:08.1363675Z tardis/plasma/equilibrium/tests/test_collisional_transitions.py ...      [ 12%]
2025-01-10T12:51:53.6876518Z tardis/plasma/equilibrium/tests/test_level_populations.py ....           [ 12%]
2025-01-10T12:52:05.1412131Z tardis/plasma/equilibrium/tests/test_rate_matrix.py .                    [ 12%]
2025-01-10T12:52:06.5442407Z tardis/plasma/tests/test_complete_plasmas.py .....................s..... [ 13%]
2025-01-10T12:52:09.4279012Z s....ssssss............s............ss.....s....ssssss............s..... [ 18%]
2025-01-10T12:52:11.4232608Z .......ss.....s....ssssss............s............ss.....s....ssssss.... [ 22%]
2025-01-10T12:52:14.3134127Z ........s............ss.....s........ss............s............ss.....s [ 26%]
2025-01-10T12:52:17.2194730Z ........ss............s............ss.....s....ssssss............s...... [ 30%]
2025-01-10T12:52:17.9769393Z ......ss.....s....ssssss............s............ss.....s.ss.ssssss..... [ 34%]
2025-01-10T12:52:20.8692676Z .......s............ss.....s....ssssss............s............ss.....s. [ 38%]
2025-01-10T12:52:24.0409935Z ...ssssss............s............ss.....s....ssssss............s....... [ 42%]
2025-01-10T12:52:27.1410214Z .....ss.....s....ssssss............s............s...........ssssss...... [ 46%]
2025-01-10T12:52:28.9707522Z ......s............s...........ssssss............s............s......... [ 50%]
2025-01-10T12:52:31.8687673Z ..ssssss............s............ss.....s....ssssss............s........ [ 54%]
2025-01-10T12:52:35.0661360Z ....ss.....s....ssssss..........................s.....s....ssss......... [ 58%]
2025-01-10T12:52:35.7236981Z ...................s.....s....ssss.......                                [ 60%]
2025-01-10T12:52:35.8390935Z tardis/plasma/tests/test_hdf_plasma.py ................................. [ 62%]
2025-01-10T12:52:35.8508070Z ......                                                                   [ 62%]
2025-01-10T12:52:35.9922319Z tardis/plasma/tests/test_nlte_excitation.py ...                          [ 62%]
2025-01-10T12:54:51.1755732Z tardis/plasma/tests/test_nlte_solver.py .....X                           [ 63%]
2025-01-10T12:54:51.1781796Z tardis/plasma/tests/test_plasma_continuum.py .                           [ 63%]
2025-01-10T12:55:14.3590595Z tardis/plasma/tests/test_plasma_vboundary.py .............               [ 63%]
2025-01-10T12:55:27.2728702Z tardis/plasma/tests/test_tardis_model_density_config.py ...              [ 64%]
2025-01-10T12:55:28.0137771Z tardis/simulation/tests/test_convergence.py .....                        [ 64%]
2025-01-10T12:55:36.5006407Z tardis/simulation/tests/test_simulation.py .............                 [ 65%]
2025-01-10T12:55:36.5198417Z tardis/spectrum/tests/test_cuda_formal_integral.py sssssssssssssssssssss [ 66%]
2025-01-10T12:55:36.9758497Z ssss...ssssssssssssssssssssss                                            [ 67%]
2025-01-10T12:55:36.9830647Z tardis/spectrum/tests/test_luminosity.py ....                            [ 68%]
2025-01-10T12:55:38.5528824Z tardis/spectrum/tests/test_numba_formal_integral.py .................... [ 69%]
2025-01-10T12:55:38.5719619Z ..........                                                               [ 69%]
2025-01-10T12:55:38.7403441Z tardis/spectrum/tests/test_spectrum.py ................................. [ 71%]
2025-01-10T12:55:38.7723240Z .........                                                                [ 72%]
2025-01-10T12:55:58.1643753Z tardis/spectrum/tests/test_spectrum_solver.py ....                       [ 72%]
2025-01-10T12:57:00.0966725Z tardis/tests/test_tardis_full.py ....                                    [ 72%]
2025-01-10T12:58:24.4523565Z tardis/tests/test_tardis_full_formal_integral.py ................        [ 73%]
2025-01-10T12:58:24.5254905Z tardis/tests/test_util.py .............................................  [ 75%]
2025-01-10T12:58:27.1340161Z tardis/transport/montecarlo/tests/test_base.py x.....................    [ 77%]
2025-01-10T12:58:34.8104269Z tardis/transport/montecarlo/tests/test_interaction.py .......            [ 77%]
2025-01-10T12:58:35.0297963Z tardis/transport/montecarlo/tests/test_macro_atom.py ....                [ 77%]
2025-01-10T12:58:35.0486419Z tardis/transport/montecarlo/tests/test_montecarlo.py sssssssssssssssssss [ 78%]
2025-01-10T12:58:35.0886926Z sssssssssssssssssssssssssssssssssssssssssssss                            [ 81%]
2025-01-10T12:58:43.9511889Z tardis/transport/montecarlo/tests/test_montecarlo_main_loop.py x..       [ 81%]
2025-01-10T12:58:43.9579912Z tardis/transport/montecarlo/tests/test_nonhomologous.py ...              [ 81%]
2025-01-10T12:58:49.7343293Z tardis/transport/montecarlo/tests/test_numba_interface.py .....x.        [ 82%]
2025-01-10T12:58:50.2236875Z tardis/transport/montecarlo/tests/test_opacities.py ...............      [ 82%]
2025-01-10T12:58:51.2521440Z tardis/transport/montecarlo/tests/test_packet.py .................xXXXXX [ 84%]
2025-01-10T12:58:51.3882717Z XX.........                                                              [ 84%]
2025-01-10T12:58:51.4163988Z tardis/transport/montecarlo/tests/test_packet_source.py ........         [ 85%]
2025-01-10T12:58:51.7234964Z tardis/transport/montecarlo/tests/test_rpacket_last_interaction_tracker.py . [ 85%]
2025-01-10T12:58:52.1415547Z .....                                                                    [ 85%]
2025-01-10T12:59:27.5241241Z tardis/transport/montecarlo/tests/test_rpacket_tracker.py ......         [ 85%]
2025-01-10T12:59:27.5531303Z tardis/transport/montecarlo/tests/test_single_packet_loop.py xxx         [ 86%]
2025-01-10T12:59:27.5562596Z tardis/transport/montecarlo/tests/test_tracker_utils.py ..               [ 86%]
2025-01-10T12:59:30.4982342Z tardis/transport/montecarlo/tests/test_vpacket.py ..x.                   [ 86%]
2025-01-10T12:59:30.5155429Z tardis/transport/montecarlo/tests/test_weighted_packet_source.py ....    [ 86%]
2025-01-10T12:59:33.9878338Z tardis/transport/montecarlo/tests/test_weighted_packet_source_integration.py . [ 86%]
2025-01-10T12:59:33.9880644Z                                                                          [ 86%]
2025-01-10T12:59:34.7409031Z tardis/transport/tests/test_doppler_factor.py ..................         [ 87%]
2025-01-10T12:59:36.0969927Z tardis/visualization/tools/tests/test_convergence_plot.py .............. [ 88%]
2025-01-10T12:59:38.2965212Z ......                                                                   [ 88%]
2025-01-10T12:59:43.0040378Z tardis/visualization/tools/tests/test_liv_plot.py ...................... [ 90%]
2025-01-10T12:59:45.6779113Z .............................                                            [ 91%]
2025-01-10T12:59:48.5319192Z tardis/visualization/tools/tests/test_rpacket_plot.py .................. [ 92%]
2025-01-10T12:59:56.0466319Z ....                                                                     [ 92%]
2025-01-10T13:00:02.0612979Z tardis/visualization/tools/tests/test_sdec_plot.py ..................... [ 94%]
2025-01-10T13:00:09.6595007Z ..............................                                           [ 95%]
2025-01-10T13:00:10.0933289Z tardis/visualization/widgets/tests/test_custom_abundance.py ........ss.. [ 96%]
2025-01-10T13:00:10.1647692Z ....                                                                     [ 96%]
2025-01-10T13:00:11.2093813Z tardis/visualization/widgets/tests/test_line_info.py ................... [ 97%]
2025-01-10T13:00:11.8393062Z ..................                                                       [ 98%]
2025-01-10T13:01:15.0370623Z tardis/visualization/widgets/tests/test_shell_info.py .................. [ 99%]
2025-01-10T13:01:22.3832637Z ......                                                                   [100%]
2025-01-10T13:01:22.3833094Z 
2025-01-10T13:01:22.3833291Z =============================== warnings summary ===============================
2025-01-10T13:01:22.3833871Z tardis/io/configuration/config_validator.py:6
2025-01-10T13:01:22.3834389Z tardis/io/configuration/config_validator.py:6
2025-01-10T13:01:22.3835429Z   /home/runner/work/tardis/tardis/tardis/io/configuration/config_validator.py:6: DeprecationWarning:
2025-01-10T13:01:22.3836221Z   
2025-01-10T13:01:22.3838403Z   jsonschema.RefResolver is deprecated as of v4.18.0, in favor of the https://github.com/python-jsonschema/referencing library, which provides more compliant referencing behavior as well as more flexible APIs for customization. A future release will remove RefResolver. Please file a feature request (on referencing) if you are missing an API for the kind of customization you need.
2025-01-10T13:01:22.3840490Z 
2025-01-10T13:01:22.3840924Z ../../../micromamba/envs/tardis/lib/python3.12/site-packages/jupyter_client/connect.py:22
2025-01-10T13:01:22.3842118Z   /home/runner/micromamba/envs/tardis/lib/python3.12/site-packages/jupyter_client/connect.py:22: DeprecationWarning:
2025-01-10T13:01:22.3843010Z   
2025-01-10T13:01:22.3843447Z   Jupyter is migrating its paths to use standard platformdirs
2025-01-10T13:01:22.3844147Z   given by the platformdirs library.  To remove this warning and
2025-01-10T13:01:22.3845094Z   see the appropriate new directories, set the environment variable
2025-01-10T13:01:22.3845747Z   `JUPYTER_PLATFORM_DIRS=1` and then run `jupyter --paths`.
2025-01-10T13:01:22.3846407Z   The use of platformdirs will be the default in `jupyter_core` v6
2025-01-10T13:01:22.3846829Z 
2025-01-10T13:01:22.3854230Z tardis/io/tests/test_HDFWriter.py::test_multi_index_write
2025-01-10T13:01:22.3855288Z tardis/visualization/widgets/tests/test_shell_info.py::TestHDFShellInfo::test_shells_data
2025-01-10T13:01:22.3856200Z   /home/runner/work/tardis/tardis/tardis/io/util.py:276: PerformanceWarning:
2025-01-10T13:01:22.3856802Z   
2025-01-10T13:01:22.3857046Z   
2025-01-10T13:01:22.3857516Z   your performance may suffer as PyTables will pickle object types that it cannot
2025-01-10T13:01:22.3858417Z   map directly to c-types [inferred_type->mixed,key->block0_values] [items->Index([0], dtype='int64')]
2025-01-10T13:01:22.3859008Z 
2025-01-10T13:01:22.3859333Z tardis/io/tests/test_model_reader.py::test_read_cmfgen_isotope_abundances
2025-01-10T13:01:22.3860143Z tardis/plasma/tests/test_tardis_model_density_config.py::test_electron_densities
2025-01-10T13:01:22.3861015Z tardis/plasma/tests/test_tardis_model_density_config.py::test_isotope_number_densities
2025-01-10T13:01:22.3861837Z tardis/plasma/tests/test_tardis_model_density_config.py::test_t_rad
2025-01-10T13:01:22.3862778Z   /home/runner/work/tardis/tardis/tardis/io/model/readers/cmfgen_deprecated.py:82: DeprecationWarning:
2025-01-10T13:01:22.3863550Z   
2025-01-10T13:01:22.3863872Z   The current CMFGEN model parser is deprecated
2025-01-10T13:01:22.3864197Z 
2025-01-10T13:01:22.3864376Z tardis/io/tests/test_model_reader.py: 1 warning
2025-01-10T13:01:22.3865139Z tardis/plasma/tests/test_tardis_model_density_config.py: 9 warnings
2025-01-10T13:01:22.3866342Z   /home/runner/work/tardis/tardis/tardis/io/model/readers/cmfgen_deprecated.py:40: DeprecationWarning:
2025-01-10T13:01:22.3867097Z   
2025-01-10T13:01:22.3867411Z   The current CMFGEN model parser is deprecated
2025-01-10T13:01:22.3867724Z 
2025-01-10T13:01:22.3868071Z tardis/model/tests/test_base.py::TestModelFromPaper1Config::test_abundances
2025-01-10T13:01:22.3869117Z   /home/runner/work/tardis/tardis/tardis/transport/montecarlo/montecarlo_main_loop.py:123: NumbaTypeSafetyWarning:
2025-01-10T13:01:22.3870028Z   
2025-01-10T13:01:22.3871040Z   [1m[1m[1munsafe cast from uint64 to int64. Precision may be lost.[0m[0m[0m
2025-01-10T13:01:22.3871492Z 
2025-01-10T13:01:22.3871654Z tardis/model/tests/test_base.py: 6 warnings
2025-01-10T13:01:22.3872104Z tardis/model/tests/test_csvy_model.py: 2 warnings
2025-01-10T13:01:22.3872694Z tardis/plasma/tests/test_tardis_model_density_config.py: 3 warnings
2025-01-10T13:01:22.3873510Z   /home/runner/work/tardis/tardis/tardis/model/geometry/radial1d.py:50: DeprecationWarning:
2025-01-10T13:01:22.3874173Z   
2025-01-10T13:01:22.3874649Z   v_inner_boundary < 0, assuming default value
2025-01-10T13:01:22.3874940Z 
2025-01-10T13:01:22.3875097Z tardis/model/tests/test_base.py: 6 warnings
2025-01-10T13:01:22.3875540Z tardis/model/tests/test_csvy_model.py: 2 warnings
2025-01-10T13:01:22.3876102Z tardis/plasma/tests/test_tardis_model_density_config.py: 3 warnings
2025-01-10T13:01:22.3876946Z   /home/runner/work/tardis/tardis/tardis/model/geometry/radial1d.py:61: DeprecationWarning:
2025-01-10T13:01:22.3877616Z   
2025-01-10T13:01:22.3877900Z   v_outer_boundary < 0, assuming default value
2025-01-10T13:01:22.3878174Z 
2025-01-10T13:01:22.3878448Z tardis/plasma/tests/test_complete_plasmas.py: 20 warnings
2025-01-10T13:01:22.3879220Z   /home/runner/work/tardis/tardis/tardis/plasma/tests/test_complete_plasmas.py:197: UserWarning:
2025-01-10T13:01:22.3879904Z   
2025-01-10T13:01:22.3880165Z   Property "atomic_mass" not found
2025-01-10T13:01:22.3880417Z 
2025-01-10T13:01:22.3881117Z tardis/plasma/tests/test_complete_plasmas.py::TestPlasma::test_plasma_properties[radiative_rates_type:detailed-w_epsilon:1e-10-j_blues_norm_factor]
2025-01-10T13:01:22.3882543Z tardis/plasma/tests/test_complete_plasmas.py::TestPlasma::test_plasma_properties[radiative_rates_type:detailed-j_blues_norm_factor]
2025-01-10T13:01:22.3883709Z   /home/runner/work/tardis/tardis/tardis/plasma/tests/test_complete_plasmas.py:197: UserWarning:
2025-01-10T13:01:22.3884368Z   
2025-01-10T13:01:22.3884783Z   Property "j_blues_norm_factor" not found
2025-01-10T13:01:22.3885054Z 
2025-01-10T13:01:22.3885719Z tardis/plasma/tests/test_complete_plasmas.py::TestPlasma::test_plasma_properties[radiative_rates_type:detailed-w_epsilon:1e-10-j_blue_estimator]
2025-01-10T13:01:22.3887119Z tardis/plasma/tests/test_complete_plasmas.py::TestPlasma::test_plasma_properties[radiative_rates_type:detailed-j_blue_estimator]
2025-01-10T13:01:22.3888302Z   /home/runner/work/tardis/tardis/tardis/plasma/tests/test_complete_plasmas.py:197: UserWarning:
2025-01-10T13:01:22.3888996Z   
2025-01-10T13:01:22.3889268Z   Property "j_blue_estimator" not found
2025-01-10T13:01:22.3889535Z 
2025-01-10T13:01:22.3890169Z tardis/plasma/tests/test_complete_plasmas.py::TestPlasma::test_plasma_properties[radiative_rates_type:detailed-w_epsilon:1e-10-volume]
2025-01-10T13:01:22.3891476Z tardis/plasma/tests/test_complete_plasmas.py::TestPlasma::test_plasma_properties[radiative_rates_type:detailed-volume]
2025-01-10T13:01:22.3892578Z   /home/runner/work/tardis/tardis/tardis/plasma/tests/test_complete_plasmas.py:197: UserWarning:
2025-01-10T13:01:22.3893242Z   
2025-01-10T13:01:22.3893497Z   Property "volume" not found
2025-01-10T13:01:22.3893718Z 
2025-01-10T13:01:22.3894331Z tardis/plasma/tests/test_complete_plasmas.py::TestPlasma::test_plasma_properties[radiative_rates_type:detailed-w_epsilon:1e-10-r_inner]
2025-01-10T13:01:22.3895792Z tardis/plasma/tests/test_complete_plasmas.py::TestPlasma::test_plasma_properties[radiative_rates_type:detailed-r_inner]
2025-01-10T13:01:22.3897078Z   /home/runner/work/tardis/tardis/tardis/plasma/tests/test_complete_plasmas.py:197: UserWarning:
2025-01-10T13:01:22.3897747Z   
2025-01-10T13:01:22.3898002Z   Property "r_inner" not found
2025-01-10T13:01:22.3898231Z 
2025-01-10T13:01:22.3898582Z tardis/plasma/tests/test_plasma_vboundary.py::test_plasma_vboundary[2900-3750]
2025-01-10T13:01:22.3899378Z tardis/plasma/tests/test_plasma_vboundary.py::test_plasma_vboundary[2900-3850]
2025-01-10T13:01:22.3900169Z tardis/plasma/tests/test_plasma_vboundary.py::test_plasma_vboundary[2900-3900]
2025-01-10T13:01:22.3901207Z   /home/runner/work/tardis/tardis/tardis/model/geometry/radial1d.py:71: UserWarning:
2025-01-10T13:01:22.3901852Z   
2025-01-10T13:01:22.3902286Z   Requesting inner boundary below inner shell. Extrapolating the inner cell
2025-01-10T13:01:22.3902719Z 
2025-01-10T13:01:22.3903048Z tardis/spectrum/tests/test_spectrum_solver.py::TestSpectrumSolver::test_solve
2025-01-10T13:01:22.3903841Z   /home/runner/work/tardis/tardis/tardis/spectrum/base.py:70: UserWarning:
2025-01-10T13:01:22.3904413Z   
2025-01-10T13:01:22.3905236Z   SpectrumSolver.spectrum_virtual_packets is zero. Please run the montecarlo simulation with no_of_virtual_packets > 0
2025-01-10T13:01:22.3905885Z 
2025-01-10T13:01:22.3906217Z tardis/spectrum/tests/test_spectrum_solver.py::TestSpectrumSolver::test_solve
2025-01-10T13:01:22.3907000Z   /home/runner/work/tardis/tardis/tardis/spectrum/base.py:111: UserWarning:
2025-01-10T13:01:22.3907555Z   
2025-01-10T13:01:22.3908263Z   SpectrumSolver.integrator: The FormalIntegrator is not yet available.Please run the montecarlo simulation at least once.
2025-01-10T13:01:22.3908959Z 
2025-01-10T13:01:22.3909290Z tardis/transport/montecarlo/tests/test_vpacket.py::test_trace_vpacket_volley
2025-01-10T13:01:22.3909923Z   <string>:3: NumbaPendingDeprecationWarning:
2025-01-10T13:01:22.3910309Z   
2025-01-10T13:01:22.3912132Z   [1m[1mCode using Numba extension API maybe depending on 'old_style' error-capturing, which is deprecated and will be replaced by 'new_style' in a future release. See details at https://numba.readthedocs.io/en/latest/reference/deprecation.html#deprecation-of-old-style-numba-captured-errors
2025-01-10T13:01:22.3913771Z   Exception origin:
2025-01-10T13:01:22.3914334Z     File "/home/runner/micromamba/envs/tardis/lib/python3.12/inspect.py", line 3180, in _bind
2025-01-10T13:01:22.3915129Z       raise TypeError(msg) from None
2025-01-10T13:01:22.3915511Z   [0m[0m
2025-01-10T13:01:22.3915648Z 
2025-01-10T13:01:22.3916148Z tardis/visualization/tools/tests/test_sdec_plot.py::TestSDECPlotter::test_mpl_image[plotter_generate_plot_mpl4]
2025-01-10T13:01:22.3917213Z   /home/runner/work/tardis/tardis/tardis/visualization/tools/sdec_plot.py:1225: RuntimeWarning:
2025-01-10T13:01:22.3917904Z   
2025-01-10T13:01:22.3919418Z   More than 20 figures have been opened. Figures created through the pyplot interface (`matplotlib.pyplot.figure`) are retained until explicitly closed and may consume too much memory. (To control this warning, see the rcParam `figure.max_open_warning`). Consider using `matplotlib.pyplot.close()`.
2025-01-10T13:01:22.3920907Z 
2025-01-10T13:01:22.3921456Z tardis/visualization/widgets/tests/test_custom_abundance.py::TestCustomAbundanceWidget::test_update_input_item_value
2025-01-10T13:01:22.3922692Z tardis/visualization/widgets/tests/test_custom_abundance.py::TestCustomAbundanceWidget::test_update_input_item_value
2025-01-10T13:01:22.3923911Z tardis/visualization/widgets/tests/test_custom_abundance.py::TestCustomAbundanceWidget::test_update_input_item_value
2025-01-10T13:01:22.3925354Z tardis/visualization/widgets/tests/test_custom_abundance.py::TestCustomAbundanceWidget::test_update_input_item_value
2025-01-10T13:01:22.3926633Z tardis/visualization/widgets/tests/test_custom_abundance.py::TestCustomAbundanceWidget::test_update_input_item_value
2025-01-10T13:01:22.3927854Z tardis/visualization/widgets/tests/test_custom_abundance.py::TestCustomAbundanceWidget::test_update_input_item_value
2025-01-10T13:01:22.3929093Z   /home/runner/micromamba/envs/tardis/lib/python3.12/site-packages/traitlets/traitlets.py:1385: DeprecationWarning:
2025-01-10T13:01:22.3930105Z   
2025-01-10T13:01:22.3930536Z   Passing unrecognized arguments to super(Checkbox).__init__(icon='lock').
2025-01-10T13:01:22.3931246Z   object.__init__() takes exactly one argument (the instance to initialize)
2025-01-10T13:01:22.3932028Z   This is deprecated in traitlets 4.2.This error will be raised in a future release of traitlets.
2025-01-10T13:01:22.3932546Z 
2025-01-10T13:01:22.3933316Z tardis/visualization/widgets/tests/test_custom_abundance.py::TestCustomAbundanceWidget::test_update_input_item_value
2025-01-10T13:01:22.3934700Z tardis/visualization/widgets/tests/test_custom_abundance.py::TestCustomAbundanceWidget::test_update_input_item_value
2025-01-10T13:01:22.3935954Z   /home/runner/micromamba/envs/tardis/lib/python3.12/site-packages/traitlets/traitlets.py:1385: DeprecationWarning:
2025-01-10T13:01:22.3936733Z   
2025-01-10T13:01:22.3937141Z   Passing unrecognized arguments to super(FloatText).__init__(min=0).
2025-01-10T13:01:22.3937825Z   object.__init__() takes exactly one argument (the instance to initialize)
2025-01-10T13:01:22.3938563Z   This is deprecated in traitlets 4.2.This error will be raised in a future release of traitlets.
2025-01-10T13:01:22.3939041Z 
2025-01-10T13:01:22.3939569Z tardis/visualization/widgets/tests/test_custom_abundance.py::TestCustomAbundanceWidget::test_update_input_item_value
2025-01-10T13:01:22.3940748Z   /home/runner/micromamba/envs/tardis/lib/python3.12/site-packages/traitlets/traitlets.py:1385: DeprecationWarning:
2025-01-10T13:01:22.3941526Z   
2025-01-10T13:01:22.3941944Z   Passing unrecognized arguments to super(HTML).__init__(indent=True).
2025-01-10T13:01:22.3942609Z   object.__init__() takes exactly one argument (the instance to initialize)
2025-01-10T13:01:22.3943366Z   This is deprecated in traitlets 4.2.This error will be raised in a future release of traitlets.
2025-01-10T13:01:22.3943880Z 
2025-01-10T13:01:22.3944699Z tardis/visualization/widgets/tests/test_line_info.py::TestLineInfoWidgetData::test_get_species_interactions[wavelength_range0-packet_out_nu]
2025-01-10T13:01:22.3946027Z   /home/runner/micromamba/envs/tardis/lib/python3.12/site-packages/qgridnext/grid.py:820: DeprecationWarning:
2025-01-10T13:01:22.3946780Z   
2025-01-10T13:01:22.3947332Z   QgridWidget._precision_changed is deprecated in traitlets 4.1: use @observe and @unobserve instead.
2025-01-10T13:01:22.3947894Z 
2025-01-10T13:01:22.3948293Z tardis/visualization/widgets/tests/test_shell_info.py::TestHDFShellInfo::test_shells_data
2025-01-10T13:01:22.3949147Z   /home/runner/work/tardis/tardis/tardis/io/util.py:289: PerformanceWarning:
2025-01-10T13:01:22.3949711Z   
2025-01-10T13:01:22.3949932Z   
2025-01-10T13:01:22.3950388Z   your performance may suffer as PyTables will pickle object types that it cannot
2025-01-10T13:01:22.3951344Z   map directly to c-types [inferred_type->mixed,key->block0_values] [items->Index([0], dtype='int64')]
2025-01-10T13:01:22.3951908Z 
2025-01-10T13:01:22.3952293Z tardis/visualization/widgets/tests/test_shell_info.py::TestHDFShellInfo::test_shells_data
2025-01-10T13:01:22.3953179Z   /home/runner/work/tardis/tardis/tardis/io/util.py:292: PerformanceWarning:
2025-01-10T13:01:22.3953731Z   
2025-01-10T13:01:22.3953956Z   
2025-01-10T13:01:22.3954436Z   your performance may suffer as PyTables will pickle object types that it cannot
2025-01-10T13:01:22.3955395Z   map directly to c-types [inferred_type->mixed,key->values] [items->None]
2025-01-10T13:01:22.3955894Z 
2025-01-10T13:01:22.3956387Z tardis/visualization/widgets/tests/test_shell_info.py::TestHDFShellInfo::test_shells_data
2025-01-10T13:01:22.3957324Z   /home/runner/work/tardis/tardis/tardis/spectrum/formal_integral.py:398: UserWarning:
2025-01-10T13:01:22.3957945Z   
2025-01-10T13:01:22.3958372Z   The number of interpolate_shells was not specified. The value was set to 80.
2025-01-10T13:01:22.3958818Z 
2025-01-10T13:01:22.3959104Z -- Docs: https://docs.pytest.org/en/stable/how-to/capture-warnings.html
2025-01-10T13:01:22.3959763Z 
2025-01-10T13:01:22.3960017Z ---------- coverage: platform linux, python 3.12.4-final-0 -----------
2025-01-10T13:01:22.3960574Z Coverage HTML written to dir coverage_html_report
2025-01-10T13:01:22.3961059Z Coverage XML written to file coverage.xml
2025-01-10T13:01:22.3961331Z 
2025-01-10T13:01:22.3961689Z = 1438 passed, 329 skipped, 2 deselected, 19 xfailed, 8 xpassed, 90 warnings in 743.60s (0:12:23) =
2025-01-10T13:01:24.6486901Z ##[group]Run mv .coverage .coverage.2
2025-01-10T13:01:24.6487260Z [36;1mmv .coverage .coverage.2[0m
2025-01-10T13:01:24.6551953Z shell: /usr/bin/bash -l {0}
2025-01-10T13:01:24.6552195Z env:
2025-01-10T13:01:24.6552362Z   CACHE_NUMBER: 0
2025-01-10T13:01:24.6552978Z   PYTEST_FLAGS: --tardis-regression-data=/home/runner/work/tardis/tardis/tardis-regression-data --cov=tardis --cov-report=xml --cov-report=html --cov-append
2025-01-10T13:01:24.6553624Z   CODECOV_TOKEN: 
2025-01-10T13:01:24.6553840Z   MAMBA_ROOT_PREFIX: /home/runner/micromamba
2025-01-10T13:01:24.6554154Z   MAMBA_EXE: /home/runner/micromamba-bin/micromamba
2025-01-10T13:01:24.6554614Z   CONDARC: /home/runner/work/_temp/setup-micromamba/.condarc
2025-01-10T13:01:24.6554930Z ##[endgroup]
2025-01-10T13:01:24.7729835Z ##[group]Run actions/upload-artifact@v4
2025-01-10T13:01:24.7730134Z with:
2025-01-10T13:01:24.7730368Z   name: coverage-not-continuum-ubuntu-latest
2025-01-10T13:01:24.7730657Z   include-hidden-files: true
2025-01-10T13:01:24.7730895Z   path: .coverage*
!.coveragerc

2025-01-10T13:01:24.7731134Z   if-no-files-found: warn
2025-01-10T13:01:24.7731354Z   compression-level: 6
2025-01-10T13:01:24.7731556Z   overwrite: false
2025-01-10T13:01:24.7731738Z env:
2025-01-10T13:01:24.7731898Z   CACHE_NUMBER: 0
2025-01-10T13:01:24.7732504Z   PYTEST_FLAGS: --tardis-regression-data=/home/runner/work/tardis/tardis/tardis-regression-data --cov=tardis --cov-report=xml --cov-report=html --cov-append
2025-01-10T13:01:24.7733139Z   CODECOV_TOKEN: 
2025-01-10T13:01:24.7733368Z   MAMBA_ROOT_PREFIX: /home/runner/micromamba
2025-01-10T13:01:24.7733669Z   MAMBA_EXE: /home/runner/micromamba-bin/micromamba
2025-01-10T13:01:24.7734017Z   CONDARC: /home/runner/work/_temp/setup-micromamba/.condarc
2025-01-10T13:01:24.7734344Z ##[endgroup]
2025-01-10T13:01:25.0039359Z With the provided path, there will be 1 file uploaded
2025-01-10T13:01:25.0044884Z Artifact name is valid!
2025-01-10T13:01:25.0046484Z Root directory input is valid!
2025-01-10T13:01:25.1491747Z Beginning upload of artifact content to blob storage
2025-01-10T13:01:25.3141884Z Uploaded bytes 19629
2025-01-10T13:01:25.3505183Z Finished uploading artifact content to blob storage!
2025-01-10T13:01:25.3508778Z SHA256 hash of uploaded artifact zip is 7f6054c18d3f2ebb8c25f637f030c6a83089ed719ae9dff7f353db9109f032e7
2025-01-10T13:01:25.3510759Z Finalizing artifact upload
2025-01-10T13:01:25.4392996Z Artifact coverage-not-continuum-ubuntu-latest.zip successfully finalized. Artifact ID 2412860557
2025-01-10T13:01:25.4394357Z Artifact coverage-not-continuum-ubuntu-latest has been successfully uploaded! Final size is 19629 bytes. Artifact ID is 2412860557
2025-01-10T13:01:25.4403355Z Artifact download URL: https://github.com/tardis-sn/tardis/actions/runs/12709812441/artifacts/2412860557
2025-01-10T13:01:25.4577267Z Post job cleanup.
2025-01-10T13:01:25.4608188Z Post job cleanup.
2025-01-10T13:01:25.5958411Z Will use pre-installed micromamba at /home/runner/micromamba-bin/micromamba
2025-01-10T13:01:25.5965177Z Removing micromamba run shell ...
2025-01-10T13:01:25.5968608Z ##[group]Deinitialize micromamba for bash
2025-01-10T13:01:25.5987637Z [command]/home/runner/micromamba-bin/micromamba shell deinit -s bash -r /home/runner/micromamba --log-level warning --rc-file /home/runner/work/_temp/setup-micromamba/.condarc
2025-01-10T13:01:25.6092850Z Resetting RC file "/home/runner/.bashrc"
2025-01-10T13:01:25.6093447Z Deleting config for root prefix 
2025-01-10T13:01:25.6093944Z Clearing mamba executable environment variable
2025-01-10T13:01:25.6096552Z Removing the following in your "/home/runner/.bashrc" file
2025-01-10T13:01:25.6097217Z # >>> mamba initialize >>>
2025-01-10T13:01:25.6097610Z ...
2025-01-10T13:01:25.6097851Z # <<< mamba initialize <<<
2025-01-10T13:01:25.6126530Z Removing mamba initialize block from .bash_profile
2025-01-10T13:01:25.6141193Z ##[endgroup]
2025-01-10T13:01:25.6145648Z Removing environment tardis from auto-activate bash ...
2025-01-10T13:01:25.6266112Z Post job cleanup.
2025-01-10T13:01:25.6302218Z Post job cleanup.
2025-01-10T13:01:25.7280087Z [command]/usr/bin/git version
2025-01-10T13:01:25.7316989Z git version 2.47.1
2025-01-10T13:01:25.7359007Z Temporarily overriding HOME='/home/runner/work/_temp/ba01471b-27d6-4a1b-8a16-ab47cd1e134a' before making global git config changes
2025-01-10T13:01:25.7360184Z Adding repository directory to the temporary git global config as a safe directory
2025-01-10T13:01:25.7371499Z [command]/usr/bin/git config --global --add safe.directory /home/runner/work/tardis/tardis/tardis-regression-data
2025-01-10T13:01:25.7405799Z [command]/usr/bin/git config --local --name-only --get-regexp core\.sshCommand
2025-01-10T13:01:25.7437220Z [command]/usr/bin/git submodule foreach --recursive sh -c "git config --local --name-only --get-regexp 'core\.sshCommand' && git config --local --unset-all 'core.sshCommand' || :"
2025-01-10T13:01:25.7673474Z [command]/usr/bin/git config --local --name-only --get-regexp http\.https\:\/\/github\.com\/\.extraheader
2025-01-10T13:01:25.7699256Z http.https://github.com/.extraheader
2025-01-10T13:01:25.7717207Z [command]/usr/bin/git config --local --unset-all http.https://github.com/.extraheader
2025-01-10T13:01:25.7753419Z [command]/usr/bin/git submodule foreach --recursive sh -c "git config --local --name-only --get-regexp 'http\.https\:\/\/github\.com\/\.extraheader' && git config --local --unset-all 'http.https://github.com/.extraheader' || :"
2025-01-10T13:01:25.8149639Z Post job cleanup.
2025-01-10T13:01:25.9095178Z [command]/usr/bin/git version
2025-01-10T13:01:25.9131310Z git version 2.47.1
2025-01-10T13:01:25.9180935Z Temporarily overriding HOME='/home/runner/work/_temp/94977254-8a86-48c2-b4bf-4c1a0f2ba7fd' before making global git config changes
2025-01-10T13:01:25.9182273Z Adding repository directory to the temporary git global config as a safe directory
2025-01-10T13:01:25.9187239Z [command]/usr/bin/git config --global --add safe.directory /home/runner/work/tardis/tardis
2025-01-10T13:01:25.9221826Z [command]/usr/bin/git config --local --name-only --get-regexp core\.sshCommand
2025-01-10T13:01:25.9253861Z [command]/usr/bin/git submodule foreach --recursive sh -c "git config --local --name-only --get-regexp 'core\.sshCommand' && git config --local --unset-all 'core.sshCommand' || :"
2025-01-10T13:01:25.9486517Z [command]/usr/bin/git config --local --name-only --get-regexp http\.https\:\/\/github\.com\/\.extraheader
2025-01-10T13:01:25.9507473Z http.https://github.com/.extraheader
2025-01-10T13:01:25.9520044Z [command]/usr/bin/git config --local --unset-all http.https://github.com/.extraheader
2025-01-10T13:01:25.9550343Z [command]/usr/bin/git submodule foreach --recursive sh -c "git config --local --name-only --get-regexp 'http\.https\:\/\/github\.com\/\.extraheader' && git config --local --unset-all 'http.https://github.com/.extraheader' || :"
2025-01-10T13:01:25.9874129Z Cleaning up orphan processes
