2025-03-03T06:54:57.5959852Z Requested labels: macos-latest
2025-03-03T06:54:57.5960119Z Job defined at: tardis-sn/tardis/.github/workflows/tests.yml@refs/pull/3000/merge
2025-03-03T06:54:57.5960217Z Waiting for a runner to pick up this job...
2025-03-03T06:54:57.8397792Z Job is waiting for a hosted runner to come online.
2025-03-03T06:55:00.7058133Z Job is about to start running on the hosted runner: GitHub Actions 31 (hosted)
2025-03-03T06:55:02.2238590Z Current runner version: '2.322.0'
2025-03-03T06:55:02.2255930Z ##[group]Operating System
2025-03-03T06:55:02.2256510Z macOS
2025-03-03T06:55:02.2256920Z 14.7.2
2025-03-03T06:55:02.2257310Z 23H311
2025-03-03T06:55:02.2257710Z ##[endgroup]
2025-03-03T06:55:02.2258120Z ##[group]Runner Image
2025-03-03T06:55:02.2258560Z Image: macos-14-arm64
2025-03-03T06:55:02.2258990Z Version: 20250120.774
2025-03-03T06:55:02.2259770Z Included Software: https://github.com/actions/runner-images/blob/macos-14-arm64/20250120.774/images/macos/macos-14-arm64-Readme.md
2025-03-03T06:55:02.2260820Z Image Release: https://github.com/actions/runner-images/releases/tag/macos-14-arm64%2F20250120.774
2025-03-03T06:55:02.2261520Z ##[endgroup]
2025-03-03T06:55:02.2261940Z ##[group]Runner Image Provisioner
2025-03-03T06:55:02.2262450Z 2.0.422.1+55c30c14fe2a0a1547db1b656933ae07d97649a9
2025-03-03T06:55:02.2262960Z ##[endgroup]
2025-03-03T06:55:02.2264470Z ##[group]GITHUB_TOKEN Permissions
2025-03-03T06:55:02.2265690Z Actions: read
2025-03-03T06:55:02.2266130Z Attestations: read
2025-03-03T06:55:02.2266540Z Checks: read
2025-03-03T06:55:02.2266930Z Contents: read
2025-03-03T06:55:02.2267340Z Deployments: read
2025-03-03T06:55:02.2267740Z Discussions: read
2025-03-03T06:55:02.2268150Z Issues: read
2025-03-03T06:55:02.2268560Z Metadata: read
2025-03-03T06:55:02.2268970Z Packages: read
2025-03-03T06:55:02.2269370Z Pages: read
2025-03-03T06:55:02.2269770Z PullRequests: read
2025-03-03T06:55:02.2270190Z RepositoryProjects: read
2025-03-03T06:55:02.2270640Z SecurityEvents: read
2025-03-03T06:55:02.2271060Z Statuses: read
2025-03-03T06:55:02.2271470Z ##[endgroup]
2025-03-03T06:55:02.2273540Z Secret source: None
2025-03-03T06:55:02.2274160Z Prepare workflow directory
2025-03-03T06:55:02.2622380Z Prepare all required actions
2025-03-03T06:55:02.2647590Z Getting action download info
2025-03-03T06:55:02.4393400Z Download action repository 'actions/checkout@v4' (SHA:11bd71901bbe5b1630ceea73d27597364c9af683)
2025-03-03T06:55:02.9235790Z Download action repository 'actions/upload-artifact@v4' (SHA:4cec3d8aa04e39d1a68397de0c4cd6fb9dce8ec1)
2025-03-03T06:55:04.2543220Z Complete job name: not continuum macos-latest 
2025-03-03T06:55:04.2964790Z ##[group]Run actions/checkout@v4
2025-03-03T06:55:04.2965500Z with:
2025-03-03T06:55:04.2965920Z   repository: tardis-sn/tardis
2025-03-03T06:55:04.2966510Z   token: ***
2025-03-03T06:55:04.2966920Z   ssh-strict: true
2025-03-03T06:55:04.2967320Z   ssh-user: git
2025-03-03T06:55:04.2967740Z   persist-credentials: true
2025-03-03T06:55:04.2968170Z   clean: true
2025-03-03T06:55:04.2968580Z   sparse-checkout-cone-mode: true
2025-03-03T06:55:04.2969030Z   fetch-depth: 1
2025-03-03T06:55:04.2969440Z   fetch-tags: false
2025-03-03T06:55:04.2969840Z   show-progress: true
2025-03-03T06:55:04.2970250Z   lfs: false
2025-03-03T06:55:04.2970660Z   submodules: false
2025-03-03T06:55:04.2971070Z   set-safe-directory: true
2025-03-03T06:55:04.2971610Z env:
2025-03-03T06:55:04.2972000Z   CACHE_NUMBER: 0
2025-03-03T06:55:04.2972940Z   PYTEST_FLAGS: --tardis-regression-data=/Users/runner/work/tardis/tardis/tardis-regression-data --cov=tardis --cov-report=xml --cov-report=html --cov-append
2025-03-03T06:55:04.2974010Z   CODECOV_TOKEN: 
2025-03-03T06:55:04.2974410Z ##[endgroup]
2025-03-03T06:55:04.6517050Z Syncing repository: tardis-sn/tardis
2025-03-03T06:55:04.6518580Z ##[group]Getting Git version info
2025-03-03T06:55:04.6519180Z Working directory is '/Users/runner/work/tardis/tardis'
2025-03-03T06:55:04.6521820Z [command]/opt/homebrew/bin/git version
2025-03-03T06:55:04.7067320Z git version 2.48.1
2025-03-03T06:55:04.7093360Z ##[endgroup]
2025-03-03T06:55:04.7100010Z Copying '/Users/runner/.gitconfig' to '/Users/runner/work/_temp/5ff5473f-549e-40b0-8d20-8d4906a7a1de/.gitconfig'
2025-03-03T06:55:04.7181620Z Temporarily overriding HOME='/Users/runner/work/_temp/5ff5473f-549e-40b0-8d20-8d4906a7a1de' before making global git config changes
2025-03-03T06:55:04.7183090Z Adding repository directory to the temporary git global config as a safe directory
2025-03-03T06:55:04.7188590Z [command]/opt/homebrew/bin/git config --global --add safe.directory /Users/runner/work/tardis/tardis
2025-03-03T06:55:04.7433750Z Deleting the contents of '/Users/runner/work/tardis/tardis'
2025-03-03T06:55:04.7438600Z ##[group]Initializing the repository
2025-03-03T06:55:04.7447820Z [command]/opt/homebrew/bin/git init /Users/runner/work/tardis/tardis
2025-03-03T06:55:04.7738950Z hint: Using 'master' as the name for the initial branch. This default branch name
2025-03-03T06:55:04.7740200Z hint: is subject to change. To configure the initial branch name to use in all
2025-03-03T06:55:04.7741000Z hint: of your new repositories, which will suppress this warning, call:
2025-03-03T06:55:04.7741680Z hint:
2025-03-03T06:55:04.7742280Z hint: 	git config --global init.defaultBranch <name>
2025-03-03T06:55:04.7742840Z hint:
2025-03-03T06:55:04.7743420Z hint: Names commonly chosen instead of 'master' are 'main', 'trunk' and
2025-03-03T06:55:04.7744230Z hint: 'development'. The just-created branch can be renamed via this command:
2025-03-03T06:55:04.7744940Z hint:
2025-03-03T06:55:04.7745350Z hint: 	git branch -m <name>
2025-03-03T06:55:04.7746040Z Initialized empty Git repository in /Users/runner/work/tardis/tardis/.git/
2025-03-03T06:55:04.7799320Z [command]/opt/homebrew/bin/git remote add origin https://github.com/tardis-sn/tardis
2025-03-03T06:55:04.7854330Z ##[endgroup]
2025-03-03T06:55:04.7855260Z ##[group]Disabling automatic garbage collection
2025-03-03T06:55:04.7855990Z [command]/opt/homebrew/bin/git config --local gc.auto 0
2025-03-03T06:55:04.7916530Z ##[endgroup]
2025-03-03T06:55:04.7917310Z ##[group]Setting up auth
2025-03-03T06:55:04.7940890Z [command]/opt/homebrew/bin/git config --local --name-only --get-regexp core\.sshCommand
2025-03-03T06:55:04.8000550Z [command]/opt/homebrew/bin/git submodule foreach --recursive sh -c "git config --local --name-only --get-regexp 'core\.sshCommand' && git config --local --unset-all 'core.sshCommand' || :"
2025-03-03T06:55:04.9302940Z [command]/opt/homebrew/bin/git config --local --name-only --get-regexp http\.https\:\/\/github\.com\/\.extraheader
2025-03-03T06:55:04.9374120Z [command]/opt/homebrew/bin/git submodule foreach --recursive sh -c "git config --local --name-only --get-regexp 'http\.https\:\/\/github\.com\/\.extraheader' && git config --local --unset-all 'http.https://github.com/.extraheader' || :"
2025-03-03T06:55:05.0001260Z [command]/opt/homebrew/bin/git config --local http.https://github.com/.extraheader AUTHORIZATION: basic ***
2025-03-03T06:55:05.0082920Z ##[endgroup]
2025-03-03T06:55:05.0083770Z ##[group]Fetching the repository
2025-03-03T06:55:05.0088860Z [command]/opt/homebrew/bin/git -c protocol.version=2 fetch --no-tags --prune --no-recurse-submodules --depth=1 origin +93ba886c8cf789a453a05d01bfb779cf53255903:refs/remotes/pull/3000/merge
2025-03-03T06:55:06.9787230Z From https://github.com/tardis-sn/tardis
2025-03-03T06:55:06.9789910Z  * [new ref]         93ba886c8cf789a453a05d01bfb779cf53255903 -> pull/3000/merge
2025-03-03T06:55:06.9887490Z ##[endgroup]
2025-03-03T06:55:06.9888490Z ##[group]Determining the checkout info
2025-03-03T06:55:06.9889600Z ##[endgroup]
2025-03-03T06:55:06.9891330Z [command]/opt/homebrew/bin/git sparse-checkout disable
2025-03-03T06:55:06.9960830Z [command]/opt/homebrew/bin/git config --local --unset-all extensions.worktreeConfig
2025-03-03T06:55:07.0012960Z ##[group]Checking out the ref
2025-03-03T06:55:07.0016210Z [command]/opt/homebrew/bin/git checkout --progress --force refs/remotes/pull/3000/merge
2025-03-03T06:55:07.1997560Z HEAD is now at 93ba886 Merge d6e63ae71774f863d8978fc2766a40dd297fbb17 into a51af908c6403099d3162da0bf4b0fbaca439cac
2025-03-03T06:55:07.2009900Z ##[endgroup]
2025-03-03T06:55:07.2070200Z [command]/opt/homebrew/bin/git log -1 --format=%H
2025-03-03T06:55:07.2107460Z 93ba886c8cf789a453a05d01bfb779cf53255903
2025-03-03T06:55:07.2382330Z Prepare all required actions
2025-03-03T06:55:07.2383580Z Getting action download info
2025-03-03T06:55:07.4028070Z Download action repository 'actions/cache@v4' (SHA:d4323d4df104b026a6aa633fdb11d772146be0bf)
2025-03-03T06:55:08.5034800Z ##[group]Run ./.github/actions/setup_lfs
2025-03-03T06:55:08.5035220Z with:
2025-03-03T06:55:08.5035500Z   regression-data-repo: tardis-sn/tardis-regression-data
2025-03-03T06:55:08.5035850Z   atom-data-sparse: false
2025-03-03T06:55:08.5036080Z env:
2025-03-03T06:55:08.5036210Z   CACHE_NUMBER: 0
2025-03-03T06:55:08.5036790Z   PYTEST_FLAGS: --tardis-regression-data=/Users/runner/work/tardis/tardis/tardis-regression-data --cov=tardis --cov-report=xml --cov-report=html --cov-append
2025-03-03T06:55:08.5037460Z   CODECOV_TOKEN: 
2025-03-03T06:55:08.5037660Z ##[endgroup]
2025-03-03T06:55:08.5151040Z ##[group]Run actions/checkout@v4
2025-03-03T06:55:08.5151230Z with:
2025-03-03T06:55:08.5151390Z   repository: tardis-sn/tardis-regression-data
2025-03-03T06:55:08.5151650Z   path: tardis-regression-data
2025-03-03T06:55:08.5151830Z   lfs: false
2025-03-03T06:55:08.5152070Z   token: ***
2025-03-03T06:55:08.5152200Z   ssh-strict: true
2025-03-03T06:55:08.5152370Z   ssh-user: git
2025-03-03T06:55:08.5152510Z   persist-credentials: true
2025-03-03T06:55:08.5152670Z   clean: true
2025-03-03T06:55:08.5152820Z   sparse-checkout-cone-mode: true
2025-03-03T06:55:08.5153000Z   fetch-depth: 1
2025-03-03T06:55:08.5153130Z   fetch-tags: false
2025-03-03T06:55:08.5153270Z   show-progress: true
2025-03-03T06:55:08.5153420Z   submodules: false
2025-03-03T06:55:08.5153570Z   set-safe-directory: true
2025-03-03T06:55:08.5153720Z env:
2025-03-03T06:55:08.5153840Z   CACHE_NUMBER: 0
2025-03-03T06:55:08.5154310Z   PYTEST_FLAGS: --tardis-regression-data=/Users/runner/work/tardis/tardis/tardis-regression-data --cov=tardis --cov-report=xml --cov-report=html --cov-append
2025-03-03T06:55:08.5154790Z   CODECOV_TOKEN: 
2025-03-03T06:55:08.5154930Z ##[endgroup]
2025-03-03T06:55:08.6010340Z Syncing repository: tardis-sn/tardis-regression-data
2025-03-03T06:55:08.6011780Z ##[group]Getting Git version info
2025-03-03T06:55:08.6012160Z Working directory is '/Users/runner/work/tardis/tardis/tardis-regression-data'
2025-03-03T06:55:08.6041540Z [command]/opt/homebrew/bin/git version
2025-03-03T06:55:08.6081730Z git version 2.48.1
2025-03-03T06:55:08.6095200Z ##[endgroup]
2025-03-03T06:55:08.6099860Z Copying '/Users/runner/.gitconfig' to '/Users/runner/work/_temp/64418913-0666-4d8d-a8ef-0963da62c223/.gitconfig'
2025-03-03T06:55:08.6106890Z Temporarily overriding HOME='/Users/runner/work/_temp/64418913-0666-4d8d-a8ef-0963da62c223' before making global git config changes
2025-03-03T06:55:08.6107500Z Adding repository directory to the temporary git global config as a safe directory
2025-03-03T06:55:08.6109970Z [command]/opt/homebrew/bin/git config --global --add safe.directory /Users/runner/work/tardis/tardis/tardis-regression-data
2025-03-03T06:55:08.6149630Z ##[group]Initializing the repository
2025-03-03T06:55:08.6152680Z [command]/opt/homebrew/bin/git init /Users/runner/work/tardis/tardis/tardis-regression-data
2025-03-03T06:55:08.6214790Z hint: Using 'master' as the name for the initial branch. This default branch name
2025-03-03T06:55:08.6216510Z hint: is subject to change. To configure the initial branch name to use in all
2025-03-03T06:55:08.6216930Z hint: of your new repositories, which will suppress this warning, call:
2025-03-03T06:55:08.6217220Z hint:
2025-03-03T06:55:08.6217450Z hint: 	git config --global init.defaultBranch <name>
2025-03-03T06:55:08.6217680Z hint:
2025-03-03T06:55:08.6217920Z hint: Names commonly chosen instead of 'master' are 'main', 'trunk' and
2025-03-03T06:55:08.6218310Z hint: 'development'. The just-created branch can be renamed via this command:
2025-03-03T06:55:08.6218610Z hint:
2025-03-03T06:55:08.6218850Z hint: 	git branch -m <name>
2025-03-03T06:55:08.6219290Z Initialized empty Git repository in /Users/runner/work/tardis/tardis/tardis-regression-data/.git/
2025-03-03T06:55:08.6223510Z [command]/opt/homebrew/bin/git remote add origin https://github.com/tardis-sn/tardis-regression-data
2025-03-03T06:55:08.6261810Z ##[endgroup]
2025-03-03T06:55:08.6262360Z ##[group]Disabling automatic garbage collection
2025-03-03T06:55:08.6264190Z [command]/opt/homebrew/bin/git config --local gc.auto 0
2025-03-03T06:55:08.6299840Z ##[endgroup]
2025-03-03T06:55:08.6300140Z ##[group]Setting up auth
2025-03-03T06:55:08.6303870Z [command]/opt/homebrew/bin/git config --local --name-only --get-regexp core\.sshCommand
2025-03-03T06:55:08.6345880Z [command]/opt/homebrew/bin/git submodule foreach --recursive sh -c "git config --local --name-only --get-regexp 'core\.sshCommand' && git config --local --unset-all 'core.sshCommand' || :"
2025-03-03T06:55:08.6803780Z [command]/opt/homebrew/bin/git config --local --name-only --get-regexp http\.https\:\/\/github\.com\/\.extraheader
2025-03-03T06:55:08.6829600Z [command]/opt/homebrew/bin/git submodule foreach --recursive sh -c "git config --local --name-only --get-regexp 'http\.https\:\/\/github\.com\/\.extraheader' && git config --local --unset-all 'http.https://github.com/.extraheader' || :"
2025-03-03T06:55:08.7462750Z [command]/opt/homebrew/bin/git config --local http.https://github.com/.extraheader AUTHORIZATION: basic ***
2025-03-03T06:55:08.7464490Z ##[endgroup]
2025-03-03T06:55:08.7465110Z ##[group]Determining the default branch
2025-03-03T06:55:08.7512490Z Retrieving the default branch name
2025-03-03T06:55:09.1610260Z Default branch 'main'
2025-03-03T06:55:09.1714020Z ##[endgroup]
2025-03-03T06:55:09.1815270Z ##[group]Fetching the repository
2025-03-03T06:55:09.1916720Z [command]/opt/homebrew/bin/git -c protocol.version=2 fetch --no-tags --prune --no-recurse-submodules --depth=1 origin +refs/heads/main:refs/remotes/origin/main
2025-03-03T06:55:10.0961620Z From https://github.com/tardis-sn/tardis-regression-data
2025-03-03T06:55:10.1063420Z  * [new branch]      main       -> origin/main
2025-03-03T06:55:10.1882440Z ##[endgroup]
2025-03-03T06:55:10.1984110Z ##[group]Determining the checkout info
2025-03-03T06:55:10.2087180Z ##[endgroup]
2025-03-03T06:55:10.2188540Z [command]/opt/homebrew/bin/git sparse-checkout disable
2025-03-03T06:55:10.2492180Z [command]/opt/homebrew/bin/git config --local --unset-all extensions.worktreeConfig
2025-03-03T06:55:10.2795660Z ##[group]Checking out the ref
2025-03-03T06:55:10.2897150Z [command]/opt/homebrew/bin/git checkout --progress --force -B main refs/remotes/origin/main
2025-03-03T06:55:10.5531750Z Switched to a new branch 'main'
2025-03-03T06:55:10.5539740Z branch 'main' set up to track 'origin/main'.
2025-03-03T06:55:10.6211090Z ##[endgroup]
2025-03-03T06:55:10.6289150Z [command]/opt/homebrew/bin/git log -1 --format=%H
2025-03-03T06:55:10.6384620Z b2fdf418ac1a3631f8c3d2a5f392b6ebfa09ba0b
2025-03-03T06:55:10.6576350Z ##[group]Run if [ "false" == "true" ]; then
2025-03-03T06:55:10.6576770Z [36;1mif [ "false" == "true" ]; then[0m
2025-03-03T06:55:10.6577080Z [36;1m  echo "Using atom data sparse checkout"[0m
2025-03-03T06:55:10.6577430Z [36;1m  echo "atom_data/kurucz_cd23_chianti_H_He.h5" > .lfs-files-list[0m
2025-03-03T06:55:10.6577720Z [36;1melse[0m
2025-03-03T06:55:10.6577910Z [36;1m  echo "Using full repository checkout"[0m
2025-03-03T06:55:10.6578240Z [36;1m  git lfs ls-files -l | cut -d' ' -f1 | sort > .lfs-files-list[0m
2025-03-03T06:55:10.6578510Z [36;1mfi[0m
2025-03-03T06:55:10.6644570Z shell: /bin/bash --noprofile --norc -e -o pipefail {0}
2025-03-03T06:55:10.6644830Z env:
2025-03-03T06:55:10.6644960Z   CACHE_NUMBER: 0
2025-03-03T06:55:10.6645440Z   PYTEST_FLAGS: --tardis-regression-data=/Users/runner/work/tardis/tardis/tardis-regression-data --cov=tardis --cov-report=xml --cov-report=html --cov-append
2025-03-03T06:55:10.6645980Z   CODECOV_TOKEN: 
2025-03-03T06:55:10.6646130Z ##[endgroup]
2025-03-03T06:55:10.6977240Z Using full repository checkout
2025-03-03T06:55:10.9812880Z ##[group]Run actions/cache/restore@v4
2025-03-03T06:55:10.9813200Z with:
2025-03-03T06:55:10.9813600Z   path: tardis-regression-data/.git/lfs
2025-03-03T06:55:10.9814140Z   key: tardis-regression-full-data-6e3f921411cf0a4e16018f0781785ab8728ab151c8f95ea20b0c8e8609b9a332-tardis-sn/tardis-regression-data-v1
2025-03-03T06:55:10.9817610Z   fail-on-cache-miss: true
2025-03-03T06:55:10.9817860Z   enableCrossOsArchive: false
2025-03-03T06:55:10.9818080Z   lookup-only: false
2025-03-03T06:55:10.9818230Z env:
2025-03-03T06:55:10.9818370Z   CACHE_NUMBER: 0
2025-03-03T06:55:10.9818880Z   PYTEST_FLAGS: --tardis-regression-data=/Users/runner/work/tardis/tardis/tardis-regression-data --cov=tardis --cov-report=xml --cov-report=html --cov-append
2025-03-03T06:55:10.9819400Z   CODECOV_TOKEN: 
2025-03-03T06:55:10.9819560Z ##[endgroup]
2025-03-03T06:55:11.2485930Z Cache hit for: tardis-regression-full-data-6e3f921411cf0a4e16018f0781785ab8728ab151c8f95ea20b0c8e8609b9a332-tardis-sn/tardis-regression-data-v1
2025-03-03T06:55:12.4224520Z Received 25165824 of 2160718086 (1.2%), 24.0 MBs/sec
2025-03-03T06:55:13.4224960Z Received 121634816 of 2160718086 (5.6%), 57.9 MBs/sec
2025-03-03T06:55:14.4240170Z Received 188743680 of 2160718086 (8.7%), 59.9 MBs/sec
2025-03-03T06:55:15.4252270Z Received 301989888 of 2160718086 (14.0%), 71.9 MBs/sec
2025-03-03T06:55:16.4253320Z Received 402653184 of 2160718086 (18.6%), 76.7 MBs/sec
2025-03-03T06:55:17.4276750Z Received 528482304 of 2160718086 (24.5%), 83.9 MBs/sec
2025-03-03T06:55:18.4275280Z Received 629145600 of 2160718086 (29.1%), 85.6 MBs/sec
2025-03-03T06:55:19.4288600Z Received 725614592 of 2160718086 (33.6%), 86.4 MBs/sec
2025-03-03T06:55:20.4330280Z Received 805306368 of 2160718086 (37.3%), 85.2 MBs/sec
2025-03-03T06:55:21.4329380Z Received 905969664 of 2160718086 (41.9%), 86.3 MBs/sec
2025-03-03T06:55:22.4344750Z Received 968884224 of 2160718086 (44.8%), 83.9 MBs/sec
2025-03-03T06:55:23.4365600Z Received 1073741824 of 2160718086 (49.7%), 85.2 MBs/sec
2025-03-03T06:55:24.4375970Z Received 1191182336 of 2160718086 (55.1%), 87.3 MBs/sec
2025-03-03T06:55:25.4374090Z Received 1287651328 of 2160718086 (59.6%), 87.6 MBs/sec
2025-03-03T06:55:26.4399780Z Received 1363148800 of 2160718086 (63.1%), 86.6 MBs/sec
2025-03-03T06:55:27.4437710Z Received 1463812096 of 2160718086 (67.7%), 87.1 MBs/sec
2025-03-03T06:55:28.4433620Z Received 1522532352 of 2160718086 (70.5%), 85.3 MBs/sec
2025-03-03T06:55:29.5259330Z Received 1610612736 of 2160718086 (74.5%), 84.9 MBs/sec
2025-03-03T06:55:30.5233320Z Received 1660944384 of 2160718086 (76.9%), 82.9 MBs/sec
2025-03-03T06:55:31.5380760Z Received 1744830464 of 2160718086 (80.8%), 82.7 MBs/sec
2025-03-03T06:55:32.5383280Z Received 1816133632 of 2160718086 (84.1%), 82.0 MBs/sec
2025-03-03T06:55:33.5388120Z Received 1883242496 of 2160718086 (87.2%), 81.2 MBs/sec
2025-03-03T06:55:34.5390960Z Received 1979711488 of 2160718086 (91.6%), 81.7 MBs/sec
2025-03-03T06:55:35.5395230Z Received 2059403264 of 2160718086 (95.3%), 81.4 MBs/sec
2025-03-03T06:55:36.5446900Z Received 2147483648 of 2160718086 (99.4%), 81.5 MBs/sec
2025-03-03T06:55:36.8691870Z Received 2160718086 of 2160718086 (100.0%), 81.0 MBs/sec
2025-03-03T06:55:36.8937980Z Cache Size: ~2061 MB (2160718086 B)
2025-03-03T06:55:36.9091820Z [command]/opt/homebrew/bin/gtar -xf /Users/runner/work/_temp/d14e7dd1-6c73-4f34-b15f-066bb653b8a1/cache.tzst -P -C /Users/runner/work/tardis/tardis --delay-directory-restore --use-compress-program unzstd
2025-03-03T06:55:48.0819270Z Cache restored successfully
2025-03-03T06:55:48.2619320Z Cache restored from key: tardis-regression-full-data-6e3f921411cf0a4e16018f0781785ab8728ab151c8f95ea20b0c8e8609b9a332-tardis-sn/tardis-regression-data-v1
2025-03-03T06:55:48.2791510Z ##[group]Run git lfs checkout
2025-03-03T06:55:48.2791770Z [36;1mgit lfs checkout[0m
2025-03-03T06:55:48.2989420Z shell: /bin/bash --noprofile --norc -e -o pipefail {0}
2025-03-03T06:55:48.2989800Z env:
2025-03-03T06:55:48.2989990Z   CACHE_NUMBER: 0
2025-03-03T06:55:48.2990580Z   PYTEST_FLAGS: --tardis-regression-data=/Users/runner/work/tardis/tardis/tardis-regression-data --cov=tardis --cov-report=xml --cov-report=html --cov-append
2025-03-03T06:55:48.2994250Z   CODECOV_TOKEN: 
2025-03-03T06:55:48.2994650Z ##[endgroup]
2025-03-03T06:56:01.7509250Z Checking out LFS objects: 100% (204/204), 5.7 GB | 345 MB/s, done.
2025-03-03T06:56:13.9102360Z Prepare all required actions
2025-03-03T06:56:13.9103160Z Getting action download info
2025-03-03T06:56:14.0356410Z Download action repository 'mamba-org/setup-micromamba@v1' (SHA:4b9113af4fba0e9e1124b252dd6497a419e7396d)
2025-03-03T06:56:15.1908990Z ##[group]Run ./.github/actions/setup_env
2025-03-03T06:56:15.1909770Z with:
2025-03-03T06:56:15.1910280Z   os-label: osx-arm64
2025-03-03T06:56:15.1910950Z env:
2025-03-03T06:56:15.1911420Z   CACHE_NUMBER: 0
2025-03-03T06:56:15.1912800Z   PYTEST_FLAGS: --tardis-regression-data=/Users/runner/work/tardis/tardis/tardis-regression-data --cov=tardis --cov-report=xml --cov-report=html --cov-append
2025-03-03T06:56:15.1914390Z   CODECOV_TOKEN: 
2025-03-03T06:56:15.1914760Z ##[endgroup]
2025-03-03T06:56:15.1956240Z ##[group]Run file_hash=$(cat conda-osx-arm64.lock | shasum -a 256 | cut -d' ' -f1)
2025-03-03T06:56:15.1956680Z [36;1mfile_hash=$(cat conda-osx-arm64.lock | shasum -a 256 | cut -d' ' -f1)[0m
2025-03-03T06:56:15.1957160Z [36;1mecho "file_hash=tardis-conda-env-osx-arm64-${file_hash}-v1" >> "${GITHUB_OUTPUT}"[0m
2025-03-03T06:56:15.2129620Z shell: /bin/bash --noprofile --norc -e -o pipefail {0}
2025-03-03T06:56:15.2130020Z env:
2025-03-03T06:56:15.2130240Z   CACHE_NUMBER: 0
2025-03-03T06:56:15.2131440Z   PYTEST_FLAGS: --tardis-regression-data=/Users/runner/work/tardis/tardis/tardis-regression-data --cov=tardis --cov-report=xml --cov-report=html --cov-append
2025-03-03T06:56:15.2132100Z   CODECOV_TOKEN: 
2025-03-03T06:56:15.2132280Z ##[endgroup]
2025-03-03T06:56:15.3511540Z ##[group]Run mamba-org/setup-micromamba@v1
2025-03-03T06:56:15.3512010Z with:
2025-03-03T06:56:15.3512190Z   environment-file: conda-osx-arm64.lock
2025-03-03T06:56:15.3512750Z   cache-environment-key: tardis-conda-env-osx-arm64-354e2cc8bd515676980814f312c10753c2dc4a43f483398b98b444c582fdd35f-v1
2025-03-03T06:56:15.3513450Z   cache-downloads-key: tardis-conda-env-osx-arm64-354e2cc8bd515676980814f312c10753c2dc4a43f483398b98b444c582fdd35f-v1
2025-03-03T06:56:15.3513940Z   environment-name: tardis
2025-03-03T06:56:15.3514160Z   cache-environment: true
2025-03-03T06:56:15.3514340Z   cache-downloads: true
2025-03-03T06:56:15.3514520Z env:
2025-03-03T06:56:15.3526610Z   CACHE_NUMBER: 0
2025-03-03T06:56:15.3527100Z   PYTEST_FLAGS: --tardis-regression-data=/Users/runner/work/tardis/tardis/tardis-regression-data --cov=tardis --cov-report=xml --cov-report=html --cov-append
2025-03-03T06:56:15.3527600Z   CODECOV_TOKEN: 
2025-03-03T06:56:15.3527740Z ##[endgroup]
2025-03-03T06:56:15.7049160Z Will download micromamba to /Users/runner/micromamba-bin/micromamba
2025-03-03T06:56:15.7057020Z ##[group]Install micromamba
2025-03-03T06:56:16.4229750Z micromamba installed to /Users/runner/micromamba-bin/micromamba
2025-03-03T06:56:16.4233270Z ##[endgroup]
2025-03-03T06:56:16.4233930Z Adding conda-forge to condarc channels ...
2025-03-03T06:56:16.4256500Z ##[group]Initialize micromamba for bash.
2025-03-03T06:56:16.4267780Z [command]/Users/runner/micromamba-bin/micromamba shell init -s bash -r /Users/runner/micromamba --log-level warning --rc-file /Users/runner/work/_temp/setup-micromamba/.condarc
2025-03-03T06:56:16.4536120Z Modifying RC file "/Users/runner/.bash_profile"
2025-03-03T06:56:16.4538530Z Generating config for root prefix [1m"/Users/runner/micromamba"[0m
2025-03-03T06:56:16.4539090Z Setting mamba executable to: [1m"/Users/runner/micromamba-bin/micromamba"[0m
2025-03-03T06:56:16.4539510Z Adding (or replacing) the following in your "/Users/runner/.bash_profile" file
2025-03-03T06:56:16.4539740Z 
2025-03-03T06:56:16.4539820Z # >>> mamba initialize >>>
2025-03-03T06:56:16.4540060Z # !! Contents within this block are managed by 'mamba init' !!
2025-03-03T06:56:16.4540390Z export MAMBA_EXE='/Users/runner/micromamba-bin/micromamba';
2025-03-03T06:56:16.4540690Z export MAMBA_ROOT_PREFIX='/Users/runner/micromamba';
2025-03-03T06:56:16.4541090Z __mamba_setup="$("$MAMBA_EXE" shell hook --shell bash --root-prefix "$MAMBA_ROOT_PREFIX" 2> /dev/null)"
2025-03-03T06:56:16.4542010Z if [ $? -eq 0 ]; then
2025-03-03T06:56:16.4545280Z     eval "$__mamba_setup"
2025-03-03T06:56:16.4545460Z else
2025-03-03T06:56:16.4545690Z     alias micromamba="$MAMBA_EXE"  # Fallback on help from mamba activate
2025-03-03T06:56:16.4545990Z fi
2025-03-03T06:56:16.4546110Z unset __mamba_setup
2025-03-03T06:56:16.4546270Z # <<< mamba initialize <<<
2025-03-03T06:56:16.4546390Z 
2025-03-03T06:56:16.4546710Z ##[endgroup]
2025-03-03T06:56:16.4547150Z ##[group]Restoring downloads from `/Users/runner/micromamba/pkgs` ...
2025-03-03T06:56:17.8586100Z Received 58720256 of 310631401 (18.9%), 55.8 MBs/sec
2025-03-03T06:56:18.8615690Z Received 188743680 of 310631401 (60.8%), 89.7 MBs/sec
2025-03-03T06:56:19.8625580Z Received 264241152 of 310631401 (85.1%), 83.8 MBs/sec
2025-03-03T06:56:20.3151980Z Cache Size: ~296 MB (310631401 B)
2025-03-03T06:56:20.3187010Z [command]/opt/homebrew/bin/gtar -xf /Users/runner/work/_temp/e6bc7e4f-bde9-4982-be3f-6396715d63e4/cache.tzst -P -C /Users/runner/work/tardis/tardis --delay-directory-restore --use-compress-program unzstd
2025-03-03T06:56:20.8644010Z Received 310631401 of 310631401 (100.0%), 73.9 MBs/sec
2025-03-03T06:56:20.9355830Z Cache restored successfully
2025-03-03T06:56:20.9392760Z Restored cache with key `tardis-conda-env-osx-arm64-354e2cc8bd515676980814f312c10753c2dc4a43f483398b98b444c582fdd35f-v1-osx-arm64`
2025-03-03T06:56:20.9398260Z ##[endgroup]
2025-03-03T06:56:20.9602210Z ##[group]Restoring environment `tardis` from `/Users/runner/micromamba/envs/tardis` ...
2025-03-03T06:56:22.1704700Z Received 41943040 of 385953952 (10.9%), 40.0 MBs/sec
2025-03-03T06:56:23.1693850Z Received 167772160 of 385953952 (43.5%), 80.0 MBs/sec
2025-03-03T06:56:24.1701950Z Received 276824064 of 385953952 (71.7%), 87.9 MBs/sec
2025-03-03T06:56:25.1737700Z Received 381759648 of 385953952 (98.9%), 90.9 MBs/sec
2025-03-03T06:56:25.2866900Z Cache Size: ~368 MB (385953952 B)
2025-03-03T06:56:25.2914370Z [command]/opt/homebrew/bin/gtar -xf /Users/runner/work/_temp/50c5de04-e5d2-4371-9710-eebe31102ff8/cache.tzst -P -C /Users/runner/work/tardis/tardis --delay-directory-restore --use-compress-program unzstd
2025-03-03T06:56:26.1765130Z Received 385953952 of 385953952 (100.0%), 73.5 MBs/sec
2025-03-03T06:56:38.6778300Z Cache restored successfully
2025-03-03T06:56:38.6882470Z Restored cache with key `tardis-conda-env-osx-arm64-354e2cc8bd515676980814f312c10753c2dc4a43f483398b98b444c582fdd35f-v1-osx-arm64-tardis-args-4f53cda-root-873f6fe-bin-[object Promise]-file-354e2cc8bd515676980814f312c10753c2dc4a43f483398b98b444c582fdd35f`
2025-03-03T06:56:38.6937950Z ##[endgroup]
2025-03-03T06:56:38.7003650Z Adding environment tardis to auto-activate bash ...
2025-03-03T06:56:38.7091370Z Generating micromamba run shell.
2025-03-03T06:56:38.7111570Z ##[endgroup]
2025-03-03T06:56:38.7115360Z Set environment variables.
2025-03-03T06:56:38.7120090Z ##[group]micromamba info
2025-03-03T06:56:38.7124020Z [command]/Users/runner/micromamba-bin/micromamba info -r /Users/runner/micromamba -n tardis
2025-03-03T06:56:39.1609030Z 
2025-03-03T06:56:39.1611440Z        libmamba version : 1.5.10
2025-03-03T06:56:39.1611870Z      micromamba version : 1.5.10
2025-03-03T06:56:39.1612350Z            curl version : libcurl/8.10.1 (OpenSSL/3.3.2) SecureTransport zlib/1.3.1 zstd/1.5.6 libssh2/1.11.0 nghttp2/1.58.0
2025-03-03T06:56:39.1613010Z      libarchive version : libarchive 3.7.4 zlib/1.2.13 bz2lib/1.0.8 libzstd/1.5.6
2025-03-03T06:56:39.1613470Z        envs directories : /Users/runner/micromamba/envs
2025-03-03T06:56:39.1613960Z           package cache : /Users/runner/micromamba/pkgs
2025-03-03T06:56:39.1614300Z                           /Users/runner/.mamba/pkgs
2025-03-03T06:56:39.1614620Z             environment : tardis
2025-03-03T06:56:39.1614960Z            env location : /Users/runner/micromamba/envs/tardis
2025-03-03T06:56:39.1615300Z       user config files : /Users/runner/.mambarc
2025-03-03T06:56:39.1615840Z  populated config files : /Users/runner/work/_temp/setup-micromamba/.condarc
2025-03-03T06:56:39.1616200Z        virtual packages : __unix=0=0
2025-03-03T06:56:39.1637800Z                           __osx=14.7.2=0
2025-03-03T06:56:39.1638210Z                           __archspec=1=arm64
2025-03-03T06:56:39.1638820Z                channels : https://conda.anaconda.org/conda-forge/osx-arm64
2025-03-03T06:56:39.1639190Z                           https://conda.anaconda.org/conda-forge/noarch
2025-03-03T06:56:39.1639570Z        base environment : /Users/runner/micromamba
2025-03-03T06:56:39.1639890Z                platform : osx-arm64
2025-03-03T06:56:39.1640480Z ##[endgroup]
2025-03-03T06:56:39.1640840Z ##[group]micromamba list
2025-03-03T06:56:39.1641380Z [command]/Users/runner/micromamba-bin/micromamba list -r /Users/runner/micromamba -n tardis
2025-03-03T06:56:39.5494950Z List of packages in environment: "/Users/runner/micromamba/envs/tardis"
2025-03-03T06:56:39.5496420Z 
2025-03-03T06:56:39.5497070Z   Name                           Version              Build                    Channel    
2025-03-03T06:56:39.5499370Z â”€â”€â”€â”€â”€â”€â”€â”€â”€â”€â”€â”€â”€â”€â”€â”€â”€â”€â”€â”€â”€â”€â”€â”€â”€â”€â”€â”€â”€â”€â”€â”€â”€â”€â”€â”€â”€â”€â”€â”€â”€â”€â”€â”€â”€â”€â”€â”€â”€â”€â”€â”€â”€â”€â”€â”€â”€â”€â”€â”€â”€â”€â”€â”€â”€â”€â”€â”€â”€â”€â”€â”€â”€â”€â”€â”€â”€â”€â”€â”€â”€â”€â”€â”€â”€â”€â”€â”€â”€â”€â”€â”€
2025-03-03T06:56:39.5500280Z   alabaster                      0.7.16               pyhd8ed1ab_0             conda-forge
2025-03-03T06:56:39.5500720Z   anyio                          4.4.0                pyhd8ed1ab_0             conda-forge
2025-03-03T06:56:39.5501190Z   appnope                        0.1.4                pyhd8ed1ab_1             conda-forge
2025-03-03T06:56:39.5501660Z   argon2-cffi                    23.1.0               pyhd8ed1ab_1             conda-forge
2025-03-03T06:56:39.5502080Z   argon2-cffi-bindings           21.2.0               py312h024a12e_5          conda-forge
2025-03-03T06:56:39.5502550Z   arrow                          1.3.0                pyhd8ed1ab_1             conda-forge
2025-03-03T06:56:39.5502930Z   astropy                        6.1.1                py312hbebd99a_1          conda-forge
2025-03-03T06:56:39.5503430Z   astropy-iers-data              0.2024.6.17.0.31.35  pyhd8ed1ab_0             conda-forge
2025-03-03T06:56:39.5503910Z   astropy-sphinx-theme           1.1                  pyhd8ed1ab_1             conda-forge
2025-03-03T06:56:39.5504470Z   asttokens                      2.4.1                pyhd8ed1ab_0             conda-forge
2025-03-03T06:56:39.5504860Z   async-lru                      2.0.4                pyhd8ed1ab_1             conda-forge
2025-03-03T06:56:39.5505320Z   atk-1.0                        2.38.0               hd03087b_2               conda-forge
2025-03-03T06:56:39.5505680Z   attrs                          23.2.0               pyh71513ae_0             conda-forge
2025-03-03T06:56:39.5506120Z   babel                          2.14.0               pyhd8ed1ab_0             conda-forge
2025-03-03T06:56:39.5506580Z   beautifulsoup4                 4.12.3               pyha770c72_1             conda-forge
2025-03-03T06:56:39.5506980Z   bleach                         6.1.0                pyhd8ed1ab_0             conda-forge
2025-03-03T06:56:39.5507420Z   blosc                          1.21.6               h7dd00d9_1               conda-forge
2025-03-03T06:56:39.5507860Z   brotli                         1.1.0                hd74edd7_2               conda-forge
2025-03-03T06:56:39.5508270Z   brotli-bin                     1.1.0                hd74edd7_2               conda-forge
2025-03-03T06:56:39.5508760Z   brotli-python                  1.1.0                py312hde4cb15_2          conda-forge
2025-03-03T06:56:39.5509130Z   bzip2                          1.0.8                h99b78c6_7               conda-forge
2025-03-03T06:56:39.5509540Z   c-ares                         1.28.1               h93a5062_0               conda-forge
2025-03-03T06:56:39.5509900Z   c-blosc2                       2.15.2               h9cbb436_1               conda-forge
2025-03-03T06:56:39.5510380Z   ca-certificates                2024.12.14           hf0a4a13_0               conda-forge
2025-03-03T06:56:39.5510790Z   cached-property                1.5.2                hd8ed1ab_1               conda-forge
2025-03-03T06:56:39.5512280Z   cached_property                1.5.2                pyha770c72_1             conda-forge
2025-03-03T06:56:39.5515300Z   cairo                          1.18.0               hc6c324b_2               conda-forge
2025-03-03T06:56:39.5516230Z   certifi                        2024.12.14           pyhd8ed1ab_0             conda-forge
2025-03-03T06:56:39.5517270Z   cffi                           1.16.0               py312h8e38eb3_0          conda-forge
2025-03-03T06:56:39.5518250Z   charset-normalizer             3.3.2                pyhd8ed1ab_0             conda-forge
2025-03-03T06:56:39.5519600Z   click                          8.1.7                unix_pyh707e725_1        conda-forge
2025-03-03T06:56:39.5520530Z   codespell                      2.3.0                pyhd8ed1ab_1             conda-forge
2025-03-03T06:56:39.5521530Z   colorama                       0.4.6                pyhd8ed1ab_1             conda-forge
2025-03-03T06:56:39.5522460Z   comm                           0.2.2                pyhd8ed1ab_1             conda-forge
2025-03-03T06:56:39.5523920Z   commonmark                     0.9.1                py_0                     conda-forge
2025-03-03T06:56:39.5538760Z   contourpy                      1.2.1                py312h0fef576_0          conda-forge
2025-03-03T06:56:39.5541130Z   coverage                       7.5.3                py312h7e5086c_0          conda-forge
2025-03-03T06:56:39.5544000Z   cycler                         0.12.1               pyhd8ed1ab_1             conda-forge
2025-03-03T06:56:39.5545450Z   dataclasses                    0.8                  pyhc8e2a94_3             conda-forge
2025-03-03T06:56:39.5546990Z   debugpy                        1.8.1                py312h20a0b95_0          conda-forge
2025-03-03T06:56:39.5549240Z   decorator                      5.1.1                pyhd8ed1ab_1             conda-forge
2025-03-03T06:56:39.5550110Z   defusedxml                     0.7.1                pyhd8ed1ab_0             conda-forge
2025-03-03T06:56:39.5551180Z   docutils                       0.20.1               py312h81bd7bf_3          conda-forge
2025-03-03T06:56:39.5551630Z   dot2tex                        2.11.3               pyhd8ed1ab_1             conda-forge
2025-03-03T06:56:39.5552160Z   entrypoints                    0.4                  pyhd8ed1ab_1             conda-forge
2025-03-03T06:56:39.5552740Z   exceptiongroup                 1.2.0                pyhd8ed1ab_2             conda-forge
2025-03-03T06:56:39.5553280Z   executing                      2.0.1                pyhd8ed1ab_0             conda-forge
2025-03-03T06:56:39.5553950Z   expat                          2.6.2                hebf3989_0               conda-forge
2025-03-03T06:56:39.5555880Z   font-ttf-dejavu-sans-mono      2.37                 hab24e00_0               conda-forge
2025-03-03T06:56:39.5556530Z   font-ttf-inconsolata           3.000                h77eed37_0               conda-forge
2025-03-03T06:56:39.5557060Z   font-ttf-source-code-pro       2.038                h77eed37_0               conda-forge
2025-03-03T06:56:39.5557520Z   font-ttf-ubuntu                0.83                 h77eed37_3               conda-forge
2025-03-03T06:56:39.5558000Z   fontconfig                     2.14.2               h82840c6_0               conda-forge
2025-03-03T06:56:39.5558550Z   fonts-conda-ecosystem          1                    0                        conda-forge
2025-03-03T06:56:39.5559030Z   fonts-conda-forge              1                    0                        conda-forge
2025-03-03T06:56:39.5559590Z   fonttools                      4.53.0               py312h7e5086c_0          conda-forge
2025-03-03T06:56:39.5560210Z   fqdn                           1.5.1                pyhd8ed1ab_1             conda-forge
2025-03-03T06:56:39.5560670Z   freetype                       2.12.1               hadb7bae_2               conda-forge
2025-03-03T06:56:39.5561120Z   fribidi                        1.0.10               h27ca646_0               conda-forge
2025-03-03T06:56:39.5562270Z   future                         1.0.0                pyhd8ed1ab_1             conda-forge
2025-03-03T06:56:39.5563110Z   gdk-pixbuf                     2.42.12              h7ddc832_0               conda-forge
2025-03-03T06:56:39.5563600Z   gettext                        0.22.5               h8414b35_3               conda-forge
2025-03-03T06:56:39.5563960Z   gettext-tools                  0.22.5               h8414b35_3               conda-forge
2025-03-03T06:56:39.5564450Z   giflib                         5.2.2                h93a5062_0               conda-forge
2025-03-03T06:56:39.5564870Z   git-lfs                        3.5.1                h40ddcf5_1               conda-forge
2025-03-03T06:56:39.5565230Z   gmp                            6.3.0                h7bae524_2               conda-forge
2025-03-03T06:56:39.5565610Z   gmpy2                          2.1.5                py312h524cf62_3          conda-forge
2025-03-03T06:56:39.5565970Z   graphite2                      1.3.13               hebf3989_1003            conda-forge
2025-03-03T06:56:39.5566470Z   graphviz                       11.0.0               h9bb9bc9_0               conda-forge
2025-03-03T06:56:39.5566810Z   gtk2                           2.24.33              h7895bb2_4               conda-forge
2025-03-03T06:56:39.5567220Z   gts                            0.7.6                he42f4ea_4               conda-forge
2025-03-03T06:56:39.5567560Z   h11                            0.14.0               pyhd8ed1ab_1             conda-forge
2025-03-03T06:56:39.5568030Z   h2                             4.1.0                pyhd8ed1ab_1             conda-forge
2025-03-03T06:56:39.5568380Z   h5py                           3.11.0               nompi_py312h3cd0824_103  conda-forge
2025-03-03T06:56:39.5617530Z   harfbuzz                       8.5.0                h1836168_0               conda-forge
2025-03-03T06:56:39.5618610Z   hdf5                           1.14.3               nompi_hec07895_105       conda-forge
2025-03-03T06:56:39.5619510Z   hpack                          4.0.0                pyhd8ed1ab_1             conda-forge
2025-03-03T06:56:39.5620670Z   httpcore                       1.0.5                pyhd8ed1ab_0             conda-forge
2025-03-03T06:56:39.5621920Z   httpx                          0.27.0               pyhd8ed1ab_0             conda-forge
2025-03-03T06:56:39.5623030Z   hyperframe                     6.0.1                pyhd8ed1ab_1             conda-forge
2025-03-03T06:56:39.5624140Z   icu                            73.2                 hc8870d7_0               conda-forge
2025-03-03T06:56:39.5625000Z   idna                           3.7                  pyhd8ed1ab_0             conda-forge
2025-03-03T06:56:39.5625930Z   imagesize                      1.4.1                pyhd8ed1ab_0             conda-forge
2025-03-03T06:56:39.5626880Z   importlib-metadata             7.1.0                pyha770c72_0             conda-forge
2025-03-03T06:56:39.5627870Z   importlib_metadata             7.1.0                hd8ed1ab_0               conda-forge
2025-03-03T06:56:39.5628910Z   importlib_resources            6.4.0                pyhd8ed1ab_0             conda-forge
2025-03-03T06:56:39.5629790Z   iniconfig                      2.0.0                pyhd8ed1ab_1             conda-forge
2025-03-03T06:56:39.5630590Z   ipykernel                      6.29.4               pyh57ce528_0             conda-forge
2025-03-03T06:56:39.5631390Z   ipython                        8.25.0               pyh707e725_0             conda-forge
2025-03-03T06:56:39.5632430Z   ipython_genutils               0.2.0                pyhd8ed1ab_2             conda-forge
2025-03-03T06:56:39.5633290Z   ipywidgets                     7.8.0                pyhd8ed1ab_0             conda-forge
2025-03-03T06:56:39.5634260Z   isoduration                    20.11.0              pyhd8ed1ab_1             conda-forge
2025-03-03T06:56:39.5635180Z   jedi                           0.19.1               pyhd8ed1ab_0             conda-forge
2025-03-03T06:56:39.5637240Z   jinja2                         3.1.4                pyhd8ed1ab_1             conda-forge
2025-03-03T06:56:39.5638700Z   json5                          0.9.25               pyhd8ed1ab_0             conda-forge
2025-03-03T06:56:39.5639650Z   jsonpointer                    3.0.0                py312h81bd7bf_1          conda-forge
2025-03-03T06:56:39.5640490Z   jsonschema                     4.22.0               pyhd8ed1ab_0             conda-forge
2025-03-03T06:56:39.5641580Z   jsonschema-specifications      2023.12.1            pyhd8ed1ab_0             conda-forge
2025-03-03T06:56:39.5642690Z   jsonschema-with-format-nongpl  4.22.0               pyhd8ed1ab_0             conda-forge
2025-03-03T06:56:39.5643680Z   jupyter-lsp                    2.2.5                pyhd8ed1ab_1             conda-forge
2025-03-03T06:56:39.5644550Z   jupyter_client                 8.6.2                pyhd8ed1ab_0             conda-forge
2025-03-03T06:56:39.5645430Z   jupyter_core                   5.7.2                pyh31011fe_1             conda-forge
2025-03-03T06:56:39.5646300Z   jupyter_events                 0.10.0               pyhd8ed1ab_1             conda-forge
2025-03-03T06:56:39.5647400Z   jupyter_server                 2.14.1               pyhd8ed1ab_1             conda-forge
2025-03-03T06:56:39.5648350Z   jupyter_server_terminals       0.5.3                pyhd8ed1ab_1             conda-forge
2025-03-03T06:56:39.5649290Z   jupyterlab                     4.2.2                pyhd8ed1ab_0             conda-forge
2025-03-03T06:56:39.5650230Z   jupyterlab_pygments            0.3.0                pyhd8ed1ab_2             conda-forge
2025-03-03T06:56:39.5651270Z   jupyterlab_server              2.27.2               pyhd8ed1ab_0             conda-forge
2025-03-03T06:56:39.5652170Z   jupyterlab_widgets             1.1.7                pyhd8ed1ab_0             conda-forge
2025-03-03T06:56:39.5653230Z   kiwisolver                     1.4.5                py312h6142ec9_2          conda-forge
2025-03-03T06:56:39.5654150Z   krb5                           1.21.2               h92f50d5_0               conda-forge
2025-03-03T06:56:39.5654990Z   latexcodec                     2.0.1                pyh9f0ad1d_0             conda-forge
2025-03-03T06:56:39.5656280Z   lcms2                          2.16                 ha0e7c42_0               conda-forge
2025-03-03T06:56:39.5657520Z   lerc                           4.0.0                h9a09cb3_0               conda-forge
2025-03-03T06:56:39.5658360Z   libaec                         1.1.3                hebf3989_0               conda-forge
2025-03-03T06:56:39.5659240Z   libasprintf                    0.22.5               h8414b35_3               conda-forge
2025-03-03T06:56:39.5660090Z   libasprintf-devel              0.22.5               h8414b35_3               conda-forge
2025-03-03T06:56:39.5660640Z   libblas                        3.9.0                24_osxarm64_openblas     conda-forge
2025-03-03T06:56:39.5661060Z   libbrotlicommon                1.1.0                hd74edd7_2               conda-forge
2025-03-03T06:56:39.5661540Z   libbrotlidec                   1.1.0                hd74edd7_2               conda-forge
2025-03-03T06:56:39.5661910Z   libbrotlienc                   1.1.0                hd74edd7_2               conda-forge
2025-03-03T06:56:39.5662330Z   libcblas                       3.9.0                24_osxarm64_openblas     conda-forge
2025-03-03T06:56:39.5662690Z   libcurl                        8.8.0                h7b6f9a7_0               conda-forge
2025-03-03T06:56:39.5663090Z   libcxx                         19.1.6               ha82da77_1               conda-forge
2025-03-03T06:56:39.5663470Z   libdeflate                     1.20                 h93a5062_0               conda-forge
2025-03-03T06:56:39.5663950Z   libedit                        3.1.20191231         hc8eb9b7_2               conda-forge
2025-03-03T06:56:39.5664300Z   libev                          4.33                 h93a5062_2               conda-forge
2025-03-03T06:56:39.5665170Z   libexpat                       2.6.2                hebf3989_0               conda-forge
2025-03-03T06:56:39.5665770Z   libffi                         3.4.2                h3422bc3_5               conda-forge
2025-03-03T06:56:39.5666130Z   libgd                          2.3.3                hfdf3952_9               conda-forge
2025-03-03T06:56:39.5666530Z   libgettextpo                   0.22.5               h8414b35_3               conda-forge
2025-03-03T06:56:39.5666970Z   libgettextpo-devel             0.22.5               h8414b35_3               conda-forge
2025-03-03T06:56:39.5667400Z   libgfortran                    5.0.0                13_2_0_hd922786_3        conda-forge
2025-03-03T06:56:39.5667770Z   libgfortran5                   13.2.0               hf226fd6_3               conda-forge
2025-03-03T06:56:39.5668190Z   libglib                        2.80.2               h59d46d9_1               conda-forge
2025-03-03T06:56:39.5668600Z   libiconv                       1.17                 h0d3ecfb_2               conda-forge
2025-03-03T06:56:39.5669190Z   libintl                        0.22.5               h8414b35_3               conda-forge
2025-03-03T06:56:39.5669490Z   libintl-devel                  0.22.5               h8414b35_3               conda-forge
2025-03-03T06:56:39.5669940Z   libjpeg-turbo                  3.0.0                hb547adb_1               conda-forge
2025-03-03T06:56:39.5670310Z   liblapack                      3.9.0                24_osxarm64_openblas     conda-forge
2025-03-03T06:56:39.5670710Z   libllvm14                      14.0.6               hd1a9a77_4               conda-forge
2025-03-03T06:56:39.5671180Z   libnghttp2                     1.58.0               ha4dd798_1               conda-forge
2025-03-03T06:56:39.5671550Z   libopenblas                    0.3.27               openmp_h517c56d_1        conda-forge
2025-03-03T06:56:39.5671950Z   libpng                         1.6.43               h091b4b1_0               conda-forge
2025-03-03T06:56:39.5672250Z   librsvg                        2.58.1               hbc281fb_0               conda-forge
2025-03-03T06:56:39.5672560Z   libsodium                      1.0.18               h27ca646_1               conda-forge
2025-03-03T06:56:39.5672860Z   libsqlite                      3.46.0               hfb93653_0               conda-forge
2025-03-03T06:56:39.5673290Z   libssh2                        1.11.0               h7a5bd25_0               conda-forge
2025-03-03T06:56:39.5673620Z   libtiff                        4.6.0                h07db509_3               conda-forge
2025-03-03T06:56:39.5674290Z   libwebp                        1.4.0                h54798ee_0               conda-forge
2025-03-03T06:56:39.5674660Z   libwebp-base                   1.4.0                h93a5062_0               conda-forge
2025-03-03T06:56:39.5675020Z   libxcb                         1.16                 hc9fafa5_1               conda-forge
2025-03-03T06:56:39.5675410Z   libxml2                        2.12.7               h9a80f22_3               conda-forge
2025-03-03T06:56:39.5675700Z   libxslt                        1.1.39               h223e5b9_0               conda-forge
2025-03-03T06:56:39.5676030Z   libzlib                        1.3.1                h8359307_2               conda-forge
2025-03-03T06:56:39.5676380Z   llvm-openmp                    18.1.7               hde57baf_0               conda-forge
2025-03-03T06:56:39.5676810Z   llvmlite                       0.43.0               py312ha9ca408_1          conda-forge
2025-03-03T06:56:39.5677150Z   lxml                           5.2.2                py312h0e5ab22_0          conda-forge
2025-03-03T06:56:39.5677550Z   lz4-c                          1.10.0               h286801f_1               conda-forge
2025-03-03T06:56:39.5677890Z   markupsafe                     2.1.5                py312h024a12e_1          conda-forge
2025-03-03T06:56:39.5678280Z   matplotlib-base                3.8.4                py312h4479663_2          conda-forge
2025-03-03T06:56:39.5678980Z   matplotlib-inline              0.1.7                pyhd8ed1ab_1             conda-forge
2025-03-03T06:56:39.5679630Z   mistune                        3.0.2                pyhd8ed1ab_1             conda-forge
2025-03-03T06:56:39.5680030Z   mpc                            1.3.1                h8f1351a_1               conda-forge
2025-03-03T06:56:39.5680360Z   mpfr                           4.2.1                hb693164_3               conda-forge
2025-03-03T06:56:39.5680790Z   mpmath                         1.3.0                pyhd8ed1ab_1             conda-forge
2025-03-03T06:56:39.5681150Z   munkres                        1.1.4                pyh9f0ad1d_0             conda-forge
2025-03-03T06:56:39.5681600Z   mypy_extensions                1.0.0                pyha770c72_1             conda-forge
2025-03-03T06:56:39.5681990Z   nbclassic                      1.1.0                pyhd8ed1ab_1             conda-forge
2025-03-03T06:56:39.5682430Z   nbclient                       0.10.0               pyhd8ed1ab_0             conda-forge
2025-03-03T06:56:39.5682870Z   nbconvert                      7.16.4               hd8ed1ab_3               conda-forge
2025-03-03T06:56:39.5683270Z   nbconvert-core                 7.16.4               pyhd8ed1ab_3             conda-forge
2025-03-03T06:56:39.5683630Z   nbconvert-pandoc               7.16.4               hd8ed1ab_3               conda-forge
2025-03-03T06:56:39.5684000Z   nbformat                       5.10.4               pyhd8ed1ab_1             conda-forge
2025-03-03T06:56:39.5684390Z   nbsphinx                       0.9.4                pyhd8ed1ab_0             conda-forge
2025-03-03T06:56:39.5684780Z   ncurses                        6.5                  h7bae524_1               conda-forge
2025-03-03T06:56:39.5685140Z   nest-asyncio                   1.6.0                pyhd8ed1ab_1             conda-forge
2025-03-03T06:56:39.5685530Z   networkx                       3.3                  pyhd8ed1ab_1             conda-forge
2025-03-03T06:56:39.5685920Z   notebook                       7.2.1                pyhd8ed1ab_0             conda-forge
2025-03-03T06:56:39.5686320Z   notebook-shim                  0.2.4                pyhd8ed1ab_1             conda-forge
2025-03-03T06:56:39.5686630Z   numba                          0.60.0               py312h41cea2d_0          conda-forge
2025-03-03T06:56:39.5686920Z   numexpr                        2.10.0               py312h8ae5369_0          conda-forge
2025-03-03T06:56:39.5687260Z   numpy                          2.0.2                py312h94ee1e1_1          conda-forge
2025-03-03T06:56:39.5687550Z   numpydoc                       1.7.0                pyhd8ed1ab_3             conda-forge
2025-03-03T06:56:39.5687840Z   openjpeg                       2.5.2                h9f1df11_0               conda-forge
2025-03-03T06:56:39.5688190Z   openssl                        3.4.0                h81ee809_1               conda-forge
2025-03-03T06:56:39.5688490Z   overrides                      7.7.0                pyhd8ed1ab_1             conda-forge
2025-03-03T06:56:39.5688810Z   packaging                      24.1                 pyhd8ed1ab_0             conda-forge
2025-03-03T06:56:39.5689110Z   pandas                         2.2.2                py312h8ae5369_1          conda-forge
2025-03-03T06:56:39.5689400Z   pandoc                         3.2.1                hce30654_0               conda-forge
2025-03-03T06:56:39.5689700Z   pandocfilters                  1.5.0                pyhd8ed1ab_0             conda-forge
2025-03-03T06:56:39.5690010Z   pango                          1.54.0               h5cb9fbc_0               conda-forge
2025-03-03T06:56:39.5690290Z   parso                          0.8.4                pyhd8ed1ab_1             conda-forge
2025-03-03T06:56:39.5690600Z   pathspec                       0.12.1               pyhd8ed1ab_1             conda-forge
2025-03-03T06:56:39.5690880Z   pbr                            6.0.0                pyhd8ed1ab_0             conda-forge
2025-03-03T06:56:39.5691410Z   pcre2                          10.44                h297a79d_2               conda-forge
2025-03-03T06:56:39.5691930Z   pexpect                        4.9.0                pyhd8ed1ab_1             conda-forge
2025-03-03T06:56:39.5692240Z   pickleshare                    0.7.5                pyhd8ed1ab_1004          conda-forge
2025-03-03T06:56:39.5692540Z   pillow                         10.3.0               py312h39b1d8d_1          conda-forge
2025-03-03T06:56:39.5692830Z   pip                            24.0                 pyhd8ed1ab_0             conda-forge
2025-03-03T06:56:39.5693100Z   pixman                         0.43.4               hebf3989_0               conda-forge
2025-03-03T06:56:39.5693430Z   pkgutil-resolve-name           1.3.10               pyhd8ed1ab_2             conda-forge
2025-03-03T06:56:39.5693770Z   platformdirs                   4.2.2                pyhd8ed1ab_0             conda-forge
2025-03-03T06:56:39.5694080Z   plotly                         5.22.0               pyhd8ed1ab_0             conda-forge
2025-03-03T06:56:39.5694370Z   pluggy                         1.5.0                pyhd8ed1ab_1             conda-forge
2025-03-03T06:56:39.5694690Z   prometheus_client              0.20.0               pyhd8ed1ab_0             conda-forge
2025-03-03T06:56:39.5695030Z   prompt-toolkit                 3.0.47               pyha770c72_0             conda-forge
2025-03-03T06:56:39.5695460Z   psutil                         5.9.8                py312he37b823_0          conda-forge
2025-03-03T06:56:39.5695770Z   pthread-stubs                  0.4                  hd74edd7_1002            conda-forge
2025-03-03T06:56:39.5696080Z   ptyprocess                     0.7.0                pyhd8ed1ab_1             conda-forge
2025-03-03T06:56:39.5696380Z   pure_eval                      0.2.2                pyhd8ed1ab_0             conda-forge
2025-03-03T06:56:39.5696690Z   py-cpuinfo                     9.0.0                pyhd8ed1ab_1             conda-forge
2025-03-03T06:56:39.5696990Z   pybtex                         0.24.0               pyhd8ed1ab_3             conda-forge
2025-03-03T06:56:39.5697300Z   pybtex-docutils                1.0.3                py312h81bd7bf_2          conda-forge
2025-03-03T06:56:39.5697620Z   pycparser                      2.22                 pyh29332c3_1             conda-forge
2025-03-03T06:56:39.5697920Z   pyerfa                         2.0.1.4              py312h755e627_2          conda-forge
2025-03-03T06:56:39.5698210Z   pygments                       2.18.0               pyhd8ed1ab_1             conda-forge
2025-03-03T06:56:39.5698510Z   pygraphviz                     1.13                 py312h5f4d302_1          conda-forge
2025-03-03T06:56:39.5698820Z   pyobjc-core                    10.3.1               py312hd24fc31_1          conda-forge
2025-03-03T06:56:39.5699160Z   pyobjc-framework-cocoa         10.3.1               py312hd24fc31_1          conda-forge
2025-03-03T06:56:39.5699500Z   pyparsing                      3.1.2                pyhd8ed1ab_0             conda-forge
2025-03-03T06:56:39.5699810Z   pysocks                        1.7.1                pyha55dd90_7             conda-forge
2025-03-03T06:56:39.5700110Z   pytables                       3.10.2               py312h2ca37b8_0          conda-forge
2025-03-03T06:56:39.5700410Z   pytest                         8.2.2                pyhd8ed1ab_0             conda-forge
2025-03-03T06:56:39.5700710Z   pytest-cov                     5.0.0                pyhd8ed1ab_0             conda-forge
2025-03-03T06:56:39.5701030Z   pytest-doctestplus             1.2.1                pyhd8ed1ab_0             conda-forge
2025-03-03T06:56:39.5701360Z   pytest-html                    4.1.1                pyhd8ed1ab_1             conda-forge
2025-03-03T06:56:39.5701690Z   pytest-metadata                3.1.1                pyhd8ed1ab_1             conda-forge
2025-03-03T06:56:39.5702010Z   python                         3.12.4               h30c5eda_0_cpython       conda-forge
2025-03-03T06:56:39.5702560Z   python-dateutil                2.9.0.post0          pyhff2d567_1             conda-forge
2025-03-03T06:56:39.5703060Z   python-fastjsonschema          2.20.0               pyhd8ed1ab_0             conda-forge
2025-03-03T06:56:39.5703420Z   python-json-logger             2.0.7                pyhd8ed1ab_0             conda-forge
2025-03-03T06:56:39.5703760Z   python-tzdata                  2024.1               pyhd8ed1ab_0             conda-forge
2025-03-03T06:56:39.5704070Z   python_abi                     3.12                 5_cp312                  conda-forge
2025-03-03T06:56:39.5704370Z   pytz                           2024.1               pyhd8ed1ab_0             conda-forge
2025-03-03T06:56:39.5704660Z   pyyaml                         6.0.1                py312h02f2b3b_1          conda-forge
2025-03-03T06:56:39.5704950Z   pyzmq                          26.0.3               py312hfa13136_0          conda-forge
2025-03-03T06:56:39.5705230Z   qgrid                          1.3.1                pyhd8ed1ab_4             conda-forge
2025-03-03T06:56:39.5705550Z   radioactivedecay               0.5.1                pyhd8ed1ab_1             conda-forge
2025-03-03T06:56:39.5705870Z   readline                       8.2                  h92ec313_1               conda-forge
2025-03-03T06:56:39.5706180Z   recommonmark                   0.7.1                pyhd8ed1ab_1             conda-forge
2025-03-03T06:56:39.5706500Z   referencing                    0.35.1               pyhd8ed1ab_1             conda-forge
2025-03-03T06:56:39.5706800Z   requests                       2.32.3               pyhd8ed1ab_1             conda-forge
2025-03-03T06:56:39.5707130Z   rfc3339-validator              0.1.4                pyhd8ed1ab_1             conda-forge
2025-03-03T06:56:39.5707470Z   rfc3986-validator              0.1.1                pyh9f0ad1d_0             conda-forge
2025-03-03T06:56:39.5707780Z   rpds-py                        0.18.1               py312h552d48e_0          conda-forge
2025-03-03T06:56:39.5708080Z   ruff                           0.4.9                py312h3402d49_0          conda-forge
2025-03-03T06:56:39.5708370Z   scipy                          1.13.1               py312h14ffa8f_0          conda-forge
2025-03-03T06:56:39.5708670Z   send2trash                     1.8.3                pyh31c8845_1             conda-forge
2025-03-03T06:56:39.5708980Z   setuptools                     70.0.0               pyhd8ed1ab_0             conda-forge
2025-03-03T06:56:39.5709310Z   setuptools-scm                 8.1.0                pyhd8ed1ab_1             conda-forge
2025-03-03T06:56:39.5709640Z   setuptools_scm                 8.1.0                hd8ed1ab_1               conda-forge
2025-03-03T06:56:39.5709940Z   six                            1.16.0               pyhd8ed1ab_1             conda-forge
2025-03-03T06:56:39.5710230Z   snakeviz                       2.2.0                pyhd8ed1ab_0             conda-forge
2025-03-03T06:56:39.5710530Z   snappy                         1.2.1                h98b9ce2_1               conda-forge
2025-03-03T06:56:39.5710830Z   sniffio                        1.3.1                pyhd8ed1ab_1             conda-forge
2025-03-03T06:56:39.5711160Z   snowballstemmer                2.2.0                pyhd8ed1ab_0             conda-forge
2025-03-03T06:56:39.5711490Z   soupsieve                      2.5                  pyhd8ed1ab_1             conda-forge
2025-03-03T06:56:39.5711790Z   sphinx                         7.3.7                pyhd8ed1ab_0             conda-forge
2025-03-03T06:56:39.5712100Z   sphinx-astropy                 1.9.1                pyhd8ed1ab_1             conda-forge
2025-03-03T06:56:39.5712450Z   sphinx-automodapi              0.17.0               pyh717bed2_1             conda-forge
2025-03-03T06:56:39.5712800Z   sphinx-gallery                 0.16.0               pyhd8ed1ab_0             conda-forge
2025-03-03T06:56:39.5713140Z   sphinx-jsonschema              1.19.1               pyhd8ed1ab_1             conda-forge
2025-03-03T06:56:39.5713500Z   sphinx_bootstrap_theme         0.8.1                pyhd8ed1ab_1             conda-forge
2025-03-03T06:56:39.5714120Z   sphinx_rtd_theme               2.0.0                pyha770c72_0             conda-forge
2025-03-03T06:56:39.5714480Z   sphinxcontrib-apidoc           0.3.0                py_1                     conda-forge
2025-03-03T06:56:39.5714870Z   sphinxcontrib-applehelp        1.0.8                pyhd8ed1ab_0             conda-forge
2025-03-03T06:56:39.5715320Z   sphinxcontrib-bibtex           2.6.2                pyhd8ed1ab_0             conda-forge
2025-03-03T06:56:39.5715700Z   sphinxcontrib-devhelp          1.0.6                pyhd8ed1ab_0             conda-forge
2025-03-03T06:56:39.5716070Z   sphinxcontrib-htmlhelp         2.0.5                pyhd8ed1ab_0             conda-forge
2025-03-03T06:56:39.5716430Z   sphinxcontrib-jquery           4.1                  pyhd8ed1ab_1             conda-forge
2025-03-03T06:56:39.5716790Z   sphinxcontrib-jsmath           1.0.1                pyhd8ed1ab_1             conda-forge
2025-03-03T06:56:39.5717150Z   sphinxcontrib-qthelp           1.0.7                pyhd8ed1ab_0             conda-forge
2025-03-03T06:56:39.5717560Z   sphinxcontrib-serializinghtml  1.1.10               pyhd8ed1ab_1             conda-forge
2025-03-03T06:56:39.5717920Z   stack_data                     0.6.2                pyhd8ed1ab_0             conda-forge
2025-03-03T06:56:39.5718230Z   sympy                          1.12.1               pypyh2585a3b_103         conda-forge
2025-03-03T06:56:39.5718530Z   tabulate                       0.9.0                pyhd8ed1ab_2             conda-forge
2025-03-03T06:56:39.5718830Z   tenacity                       8.4.1                pyhd8ed1ab_0             conda-forge
2025-03-03T06:56:39.5719140Z   terminado                      0.18.1               pyh31c8845_0             conda-forge
2025-03-03T06:56:39.5719440Z   tinycss2                       1.3.0                pyhd8ed1ab_0             conda-forge
2025-03-03T06:56:39.5719730Z   tk                             8.6.13               h5083fa2_1               conda-forge
2025-03-03T06:56:39.5720020Z   toml                           0.10.2               pyhd8ed1ab_1             conda-forge
2025-03-03T06:56:39.5720320Z   tomli                          2.0.1                pyhd8ed1ab_0             conda-forge
2025-03-03T06:56:39.5720610Z   tornado                        6.4.1                py312h024a12e_1          conda-forge
2025-03-03T06:56:39.5720900Z   tqdm                           4.66.4               pyhd8ed1ab_0             conda-forge
2025-03-03T06:56:39.5721190Z   traitlets                      5.14.3               pyhd8ed1ab_1             conda-forge
2025-03-03T06:56:39.5721500Z   typed-ast                      1.5.5                py312h02f2b3b_1          conda-forge
2025-03-03T06:56:39.5721850Z   types-python-dateutil          2.9.0.20240316       pyhd8ed1ab_0             conda-forge
2025-03-03T06:56:39.5722220Z   typing-extensions              4.12.2               hd8ed1ab_1               conda-forge
2025-03-03T06:56:39.5722580Z   typing_extensions              4.12.2               pyha770c72_1             conda-forge
2025-03-03T06:56:39.5722920Z   typing_utils                   0.1.0                pyhd8ed1ab_1             conda-forge
2025-03-03T06:56:39.5723240Z   tzdata                         2024a                h8827d51_1               conda-forge
2025-03-03T06:56:39.5723550Z   uri-template                   1.3.0                pyhd8ed1ab_1             conda-forge
2025-03-03T06:56:39.5723860Z   urllib3                        2.2.2                pyhd8ed1ab_1             conda-forge
2025-03-03T06:56:39.5724160Z   wcwidth                        0.2.13               pyhd8ed1ab_1             conda-forge
2025-03-03T06:56:39.5724460Z   webcolors                      24.6.0               pyhd8ed1ab_0             conda-forge
2025-03-03T06:56:39.5724780Z   webencodings                   0.5.1                pyhd8ed1ab_3             conda-forge
2025-03-03T06:56:39.5725120Z   websocket-client               1.8.0                pyhd8ed1ab_1             conda-forge
2025-03-03T06:56:39.5725620Z   wheel                          0.43.0               pyhd8ed1ab_1             conda-forge
2025-03-03T06:56:39.5726080Z   widgetsnbextension             3.6.6                pyhd8ed1ab_0             conda-forge
2025-03-03T06:56:39.5726420Z   xorg-libxau                    1.0.11               hd74edd7_1               conda-forge
2025-03-03T06:56:39.5726750Z   xorg-libxdmcp                  1.1.3                hd74edd7_2               conda-forge
2025-03-03T06:56:39.5727040Z   xz                             5.2.6                h57fd34a_0               conda-forge
2025-03-03T06:56:39.5727320Z   yaml                           0.2.5                h3422bc3_2               conda-forge
2025-03-03T06:56:39.5727600Z   zeromq                         4.3.5                hcc0f68c_4               conda-forge
2025-03-03T06:56:39.5727880Z   zipp                           3.19.2               pyhd8ed1ab_0             conda-forge
2025-03-03T06:56:39.5728160Z   zlib                           1.3.1                h8359307_2               conda-forge
2025-03-03T06:56:39.5728440Z   zlib-ng                        2.2.3                h13dfb9a_0               conda-forge
2025-03-03T06:56:39.5728730Z   zstandard                      0.23.0               py312h15fbf35_1          conda-forge
2025-03-03T06:56:39.5729020Z   zstd                           1.5.6                hb46c0d2_0               conda-forge
2025-03-03T06:56:39.5729560Z ##[endgroup]
2025-03-03T06:56:39.5862210Z ##[group]Run pip install -e . --user
2025-03-03T06:56:39.5862590Z [36;1mpip install -e . --user[0m
2025-03-03T06:56:39.8303410Z shell: /bin/bash -l {0}
2025-03-03T06:56:39.8303610Z env:
2025-03-03T06:56:39.8303760Z   CACHE_NUMBER: 0
2025-03-03T06:56:39.8304270Z   PYTEST_FLAGS: --tardis-regression-data=/Users/runner/work/tardis/tardis/tardis-regression-data --cov=tardis --cov-report=xml --cov-report=html --cov-append
2025-03-03T06:56:39.8304780Z   CODECOV_TOKEN: 
2025-03-03T06:56:39.8304960Z   MAMBA_ROOT_PREFIX: /Users/runner/micromamba
2025-03-03T06:56:39.8305230Z   MAMBA_EXE: /Users/runner/micromamba-bin/micromamba
2025-03-03T06:56:39.8305520Z   CONDARC: /Users/runner/work/_temp/setup-micromamba/.condarc
2025-03-03T06:56:39.8305760Z ##[endgroup]
2025-03-03T06:56:41.2167730Z Obtaining file:///Users/runner/work/tardis/tardis
2025-03-03T06:56:41.2201020Z   Installing build dependencies: started
2025-03-03T06:56:44.8726200Z   Installing build dependencies: finished with status 'done'
2025-03-03T06:56:44.8739150Z   Checking if build backend supports build_editable: started
2025-03-03T06:56:45.0021410Z   Checking if build backend supports build_editable: finished with status 'done'
2025-03-03T06:56:45.0024050Z   Getting requirements to build editable: started
2025-03-03T06:56:45.5472540Z   Getting requirements to build editable: finished with status 'done'
2025-03-03T06:56:45.5534170Z   Preparing editable metadata (pyproject.toml): started
2025-03-03T06:56:46.0161890Z   Preparing editable metadata (pyproject.toml): finished with status 'done'
2025-03-03T06:56:46.0588490Z Requirement already satisfied: astropy in /Users/runner/micromamba/envs/tardis/lib/python3.12/site-packages (from tardis==0.0.0) (6.1.1)
2025-03-03T06:56:46.0867600Z Requirement already satisfied: numpy>=1.23 in /Users/runner/micromamba/envs/tardis/lib/python3.12/site-packages (from astropy->tardis==0.0.0) (2.0.2)
2025-03-03T06:56:46.0873240Z Requirement already satisfied: pyerfa>=2.0.1.1 in /Users/runner/micromamba/envs/tardis/lib/python3.12/site-packages (from astropy->tardis==0.0.0) (2.0.1.4)
2025-03-03T06:56:46.0880190Z Requirement already satisfied: astropy-iers-data>=0.2024.5.27.0.30.8 in /Users/runner/micromamba/envs/tardis/lib/python3.12/site-packages (from astropy->tardis==0.0.0) (0.2024.6.17.0.31.35)
2025-03-03T06:56:46.0884410Z Requirement already satisfied: PyYAML>=3.13 in /Users/runner/micromamba/envs/tardis/lib/python3.12/site-packages (from astropy->tardis==0.0.0) (6.0.1)
2025-03-03T06:56:46.0890650Z Requirement already satisfied: packaging>=19.0 in /Users/runner/micromamba/envs/tardis/lib/python3.12/site-packages (from astropy->tardis==0.0.0) (24.1)
2025-03-03T06:56:46.0947340Z Building wheels for collected packages: tardis
2025-03-03T06:56:46.0956120Z   Building editable for tardis (pyproject.toml): started
2025-03-03T06:56:46.8203710Z   Building editable for tardis (pyproject.toml): finished with status 'done'
2025-03-03T06:56:46.8291580Z   Created wheel for tardis: filename=tardis-0.0.0-0.editable-py3-none-any.whl size=8878 sha256=b5844152b8ab153273be04f91dc1a1e02b2cae68fbebe4fb917762853a8deae6
2025-03-03T06:56:46.8301470Z   Stored in directory: /private/var/folders/2s/h6hvv9ps03xgz_krkkstvq_r0000gn/T/pip-ephem-wheel-cache-kp039rrs/wheels/bb/4f/6a/0829b918c1c10bc28535ce7f14be21eee54375bdd9cd0c306a
2025-03-03T06:56:46.8302200Z Successfully built tardis
2025-03-03T06:56:47.4860360Z Installing collected packages: tardis
2025-03-03T06:56:47.4970210Z Successfully installed tardis-0.0.0
2025-03-03T06:56:47.8536360Z ##[group]Run pip install qgridnext
2025-03-03T06:56:47.8537030Z [36;1mpip install qgridnext[0m
2025-03-03T06:56:47.8640580Z shell: /bin/bash -l {0}
2025-03-03T06:56:47.8640810Z env:
2025-03-03T06:56:47.8641030Z   CACHE_NUMBER: 0
2025-03-03T06:56:47.8641580Z   PYTEST_FLAGS: --tardis-regression-data=/Users/runner/work/tardis/tardis/tardis-regression-data --cov=tardis --cov-report=xml --cov-report=html --cov-append
2025-03-03T06:56:47.8642120Z   CODECOV_TOKEN: 
2025-03-03T06:56:47.8642310Z   MAMBA_ROOT_PREFIX: /Users/runner/micromamba
2025-03-03T06:56:47.8642640Z   MAMBA_EXE: /Users/runner/micromamba-bin/micromamba
2025-03-03T06:56:47.8642950Z   CONDARC: /Users/runner/work/_temp/setup-micromamba/.condarc
2025-03-03T06:56:47.8643210Z ##[endgroup]
2025-03-03T06:56:48.5786940Z Collecting qgridnext
2025-03-03T06:56:48.6112350Z   Downloading qgridnext-2.0.4-py3-none-any.whl.metadata (9.9 kB)
2025-03-03T06:56:48.6252020Z Requirement already satisfied: pandas>=0.20.0 in /Users/runner/micromamba/envs/tardis/lib/python3.12/site-packages (from qgridnext) (2.2.2)
2025-03-03T06:56:48.6257720Z Requirement already satisfied: ipywidgets>=7.0.0 in /Users/runner/micromamba/envs/tardis/lib/python3.12/site-packages (from qgridnext) (7.8.0)
2025-03-03T06:56:48.6264020Z Requirement already satisfied: numpy in /Users/runner/micromamba/envs/tardis/lib/python3.12/site-packages (from qgridnext) (2.0.2)
2025-03-03T06:56:48.6269980Z Requirement already satisfied: traitlets in /Users/runner/micromamba/envs/tardis/lib/python3.12/site-packages (from qgridnext) (5.14.3)
2025-03-03T06:56:48.6321490Z Requirement already satisfied: comm>=0.1.3 in /Users/runner/micromamba/envs/tardis/lib/python3.12/site-packages (from ipywidgets>=7.0.0->qgridnext) (0.2.2)
2025-03-03T06:56:48.6326110Z Requirement already satisfied: ipython-genutils~=0.2.0 in /Users/runner/micromamba/envs/tardis/lib/python3.12/site-packages (from ipywidgets>=7.0.0->qgridnext) (0.2.0)
2025-03-03T06:56:48.6334090Z Requirement already satisfied: widgetsnbextension~=3.6.5 in /Users/runner/micromamba/envs/tardis/lib/python3.12/site-packages (from ipywidgets>=7.0.0->qgridnext) (3.6.6)
2025-03-03T06:56:48.6342290Z Requirement already satisfied: ipython>=4.0.0 in /Users/runner/micromamba/envs/tardis/lib/python3.12/site-packages (from ipywidgets>=7.0.0->qgridnext) (8.25.0)
2025-03-03T06:56:48.6350370Z Requirement already satisfied: jupyterlab-widgets<3,>=1.0.0 in /Users/runner/micromamba/envs/tardis/lib/python3.12/site-packages (from ipywidgets>=7.0.0->qgridnext) (1.1.7)
2025-03-03T06:56:48.6619120Z Requirement already satisfied: python-dateutil>=2.8.2 in /Users/runner/micromamba/envs/tardis/lib/python3.12/site-packages (from pandas>=0.20.0->qgridnext) (2.9.0.post0)
2025-03-03T06:56:48.6627900Z Requirement already satisfied: pytz>=2020.1 in /Users/runner/micromamba/envs/tardis/lib/python3.12/site-packages (from pandas>=0.20.0->qgridnext) (2024.1)
2025-03-03T06:56:48.6632790Z Requirement already satisfied: tzdata>=2022.7 in /Users/runner/micromamba/envs/tardis/lib/python3.12/site-packages (from pandas>=0.20.0->qgridnext) (2024.1)
2025-03-03T06:56:48.6825830Z Requirement already satisfied: decorator in /Users/runner/micromamba/envs/tardis/lib/python3.12/site-packages (from ipython>=4.0.0->ipywidgets>=7.0.0->qgridnext) (5.1.1)
2025-03-03T06:56:48.6835590Z Requirement already satisfied: jedi>=0.16 in /Users/runner/micromamba/envs/tardis/lib/python3.12/site-packages (from ipython>=4.0.0->ipywidgets>=7.0.0->qgridnext) (0.19.1)
2025-03-03T06:56:48.6840590Z Requirement already satisfied: matplotlib-inline in /Users/runner/micromamba/envs/tardis/lib/python3.12/site-packages (from ipython>=4.0.0->ipywidgets>=7.0.0->qgridnext) (0.1.7)
2025-03-03T06:56:48.6845920Z Requirement already satisfied: prompt-toolkit<3.1.0,>=3.0.41 in /Users/runner/micromamba/envs/tardis/lib/python3.12/site-packages (from ipython>=4.0.0->ipywidgets>=7.0.0->qgridnext) (3.0.47)
2025-03-03T06:56:48.6851280Z Requirement already satisfied: pygments>=2.4.0 in /Users/runner/micromamba/envs/tardis/lib/python3.12/site-packages (from ipython>=4.0.0->ipywidgets>=7.0.0->qgridnext) (2.18.0)
2025-03-03T06:56:48.6858770Z Requirement already satisfied: stack-data in /Users/runner/micromamba/envs/tardis/lib/python3.12/site-packages (from ipython>=4.0.0->ipywidgets>=7.0.0->qgridnext) (0.6.2)
2025-03-03T06:56:48.6869920Z Requirement already satisfied: pexpect>4.3 in /Users/runner/micromamba/envs/tardis/lib/python3.12/site-packages (from ipython>=4.0.0->ipywidgets>=7.0.0->qgridnext) (4.9.0)
2025-03-03T06:56:48.6898970Z Requirement already satisfied: six>=1.5 in /Users/runner/micromamba/envs/tardis/lib/python3.12/site-packages (from python-dateutil>=2.8.2->pandas>=0.20.0->qgridnext) (1.16.0)
2025-03-03T06:56:48.6937570Z Requirement already satisfied: notebook>=4.4.1 in /Users/runner/micromamba/envs/tardis/lib/python3.12/site-packages (from widgetsnbextension~=3.6.5->ipywidgets>=7.0.0->qgridnext) (7.2.1)
2025-03-03T06:56:48.7074330Z Requirement already satisfied: parso<0.9.0,>=0.8.3 in /Users/runner/micromamba/envs/tardis/lib/python3.12/site-packages (from jedi>=0.16->ipython>=4.0.0->ipywidgets>=7.0.0->qgridnext) (0.8.4)
2025-03-03T06:56:48.7179170Z Requirement already satisfied: jupyter-server<3,>=2.4.0 in /Users/runner/micromamba/envs/tardis/lib/python3.12/site-packages (from notebook>=4.4.1->widgetsnbextension~=3.6.5->ipywidgets>=7.0.0->qgridnext) (2.14.1)
2025-03-03T06:56:48.7288140Z Requirement already satisfied: jupyterlab-server<3,>=2.27.1 in /Users/runner/micromamba/envs/tardis/lib/python3.12/site-packages (from notebook>=4.4.1->widgetsnbextension~=3.6.5->ipywidgets>=7.0.0->qgridnext) (2.27.2)
2025-03-03T06:56:48.7387150Z Requirement already satisfied: jupyterlab<4.3,>=4.2.0 in /Users/runner/micromamba/envs/tardis/lib/python3.12/site-packages (from notebook>=4.4.1->widgetsnbextension~=3.6.5->ipywidgets>=7.0.0->qgridnext) (4.2.2)
2025-03-03T06:56:48.7489370Z Requirement already satisfied: notebook-shim<0.3,>=0.2 in /Users/runner/micromamba/envs/tardis/lib/python3.12/site-packages (from notebook>=4.4.1->widgetsnbextension~=3.6.5->ipywidgets>=7.0.0->qgridnext) (0.2.4)
2025-03-03T06:56:48.7591420Z Requirement already satisfied: tornado>=6.2.0 in /Users/runner/micromamba/envs/tardis/lib/python3.12/site-packages (from notebook>=4.4.1->widgetsnbextension~=3.6.5->ipywidgets>=7.0.0->qgridnext) (6.4.1)
2025-03-03T06:56:48.7692220Z Requirement already satisfied: ptyprocess>=0.5 in /Users/runner/micromamba/envs/tardis/lib/python3.12/site-packages (from pexpect>4.3->ipython>=4.0.0->ipywidgets>=7.0.0->qgridnext) (0.7.0)
2025-03-03T06:56:48.7794280Z Requirement already satisfied: wcwidth in /Users/runner/micromamba/envs/tardis/lib/python3.12/site-packages (from prompt-toolkit<3.1.0,>=3.0.41->ipython>=4.0.0->ipywidgets>=7.0.0->qgridnext) (0.2.13)
2025-03-03T06:56:48.7896030Z Requirement already satisfied: executing>=1.2.0 in /Users/runner/micromamba/envs/tardis/lib/python3.12/site-packages (from stack-data->ipython>=4.0.0->ipywidgets>=7.0.0->qgridnext) (2.0.1)
2025-03-03T06:56:48.7996180Z Requirement already satisfied: asttokens>=2.1.0 in /Users/runner/micromamba/envs/tardis/lib/python3.12/site-packages (from stack-data->ipython>=4.0.0->ipywidgets>=7.0.0->qgridnext) (2.4.1)
2025-03-03T06:56:48.8096450Z Requirement already satisfied: pure-eval in /Users/runner/micromamba/envs/tardis/lib/python3.12/site-packages (from stack-data->ipython>=4.0.0->ipywidgets>=7.0.0->qgridnext) (0.2.2)
2025-03-03T06:56:48.8198300Z Requirement already satisfied: anyio>=3.1.0 in /Users/runner/micromamba/envs/tardis/lib/python3.12/site-packages (from jupyter-server<3,>=2.4.0->notebook>=4.4.1->widgetsnbextension~=3.6.5->ipywidgets>=7.0.0->qgridnext) (4.4.0)
2025-03-03T06:56:48.8298440Z Requirement already satisfied: argon2-cffi>=21.1 in /Users/runner/micromamba/envs/tardis/lib/python3.12/site-packages (from jupyter-server<3,>=2.4.0->notebook>=4.4.1->widgetsnbextension~=3.6.5->ipywidgets>=7.0.0->qgridnext) (23.1.0)
2025-03-03T06:56:48.8399190Z Requirement already satisfied: jinja2>=3.0.3 in /Users/runner/micromamba/envs/tardis/lib/python3.12/site-packages (from jupyter-server<3,>=2.4.0->notebook>=4.4.1->widgetsnbextension~=3.6.5->ipywidgets>=7.0.0->qgridnext) (3.1.4)
2025-03-03T06:56:48.8500610Z Requirement already satisfied: jupyter-client>=7.4.4 in /Users/runner/micromamba/envs/tardis/lib/python3.12/site-packages (from jupyter-server<3,>=2.4.0->notebook>=4.4.1->widgetsnbextension~=3.6.5->ipywidgets>=7.0.0->qgridnext) (8.6.2)
2025-03-03T06:56:48.8601700Z Requirement already satisfied: jupyter-core!=5.0.*,>=4.12 in /Users/runner/micromamba/envs/tardis/lib/python3.12/site-packages (from jupyter-server<3,>=2.4.0->notebook>=4.4.1->widgetsnbextension~=3.6.5->ipywidgets>=7.0.0->qgridnext) (5.7.2)
2025-03-03T06:56:48.8702760Z Requirement already satisfied: jupyter-events>=0.9.0 in /Users/runner/micromamba/envs/tardis/lib/python3.12/site-packages (from jupyter-server<3,>=2.4.0->notebook>=4.4.1->widgetsnbextension~=3.6.5->ipywidgets>=7.0.0->qgridnext) (0.10.0)
2025-03-03T06:56:48.8804980Z Requirement already satisfied: jupyter-server-terminals>=0.4.4 in /Users/runner/micromamba/envs/tardis/lib/python3.12/site-packages (from jupyter-server<3,>=2.4.0->notebook>=4.4.1->widgetsnbextension~=3.6.5->ipywidgets>=7.0.0->qgridnext) (0.5.3)
2025-03-03T06:56:48.8907460Z Requirement already satisfied: nbconvert>=6.4.4 in /Users/runner/micromamba/envs/tardis/lib/python3.12/site-packages (from jupyter-server<3,>=2.4.0->notebook>=4.4.1->widgetsnbextension~=3.6.5->ipywidgets>=7.0.0->qgridnext) (7.16.4)
2025-03-03T06:56:48.9009230Z Requirement already satisfied: nbformat>=5.3.0 in /Users/runner/micromamba/envs/tardis/lib/python3.12/site-packages (from jupyter-server<3,>=2.4.0->notebook>=4.4.1->widgetsnbextension~=3.6.5->ipywidgets>=7.0.0->qgridnext) (5.10.4)
2025-03-03T06:56:48.9110440Z Requirement already satisfied: overrides>=5.0 in /Users/runner/micromamba/envs/tardis/lib/python3.12/site-packages (from jupyter-server<3,>=2.4.0->notebook>=4.4.1->widgetsnbextension~=3.6.5->ipywidgets>=7.0.0->qgridnext) (7.7.0)
2025-03-03T06:56:48.9212000Z Requirement already satisfied: packaging>=22.0 in /Users/runner/micromamba/envs/tardis/lib/python3.12/site-packages (from jupyter-server<3,>=2.4.0->notebook>=4.4.1->widgetsnbextension~=3.6.5->ipywidgets>=7.0.0->qgridnext) (24.1)
2025-03-03T06:56:48.9314330Z Requirement already satisfied: prometheus-client>=0.9 in /Users/runner/micromamba/envs/tardis/lib/python3.12/site-packages (from jupyter-server<3,>=2.4.0->notebook>=4.4.1->widgetsnbextension~=3.6.5->ipywidgets>=7.0.0->qgridnext) (0.20.0)
2025-03-03T06:56:48.9416680Z Requirement already satisfied: pyzmq>=24 in /Users/runner/micromamba/envs/tardis/lib/python3.12/site-packages (from jupyter-server<3,>=2.4.0->notebook>=4.4.1->widgetsnbextension~=3.6.5->ipywidgets>=7.0.0->qgridnext) (26.0.3)
2025-03-03T06:56:48.9516960Z Requirement already satisfied: send2trash>=1.8.2 in /Users/runner/micromamba/envs/tardis/lib/python3.12/site-packages (from jupyter-server<3,>=2.4.0->notebook>=4.4.1->widgetsnbextension~=3.6.5->ipywidgets>=7.0.0->qgridnext) (1.8.3)
2025-03-03T06:56:48.9619040Z Requirement already satisfied: terminado>=0.8.3 in /Users/runner/micromamba/envs/tardis/lib/python3.12/site-packages (from jupyter-server<3,>=2.4.0->notebook>=4.4.1->widgetsnbextension~=3.6.5->ipywidgets>=7.0.0->qgridnext) (0.18.1)
2025-03-03T06:56:48.9723090Z Requirement already satisfied: websocket-client>=1.7 in /Users/runner/micromamba/envs/tardis/lib/python3.12/site-packages (from jupyter-server<3,>=2.4.0->notebook>=4.4.1->widgetsnbextension~=3.6.5->ipywidgets>=7.0.0->qgridnext) (1.8.0)
2025-03-03T06:56:48.9827620Z Requirement already satisfied: async-lru>=1.0.0 in /Users/runner/micromamba/envs/tardis/lib/python3.12/site-packages (from jupyterlab<4.3,>=4.2.0->notebook>=4.4.1->widgetsnbextension~=3.6.5->ipywidgets>=7.0.0->qgridnext) (2.0.4)
2025-03-03T06:56:48.9935080Z Requirement already satisfied: httpx>=0.25.0 in /Users/runner/micromamba/envs/tardis/lib/python3.12/site-packages (from jupyterlab<4.3,>=4.2.0->notebook>=4.4.1->widgetsnbextension~=3.6.5->ipywidgets>=7.0.0->qgridnext) (0.27.0)
2025-03-03T06:56:49.0035140Z Requirement already satisfied: ipykernel>=6.5.0 in /Users/runner/micromamba/envs/tardis/lib/python3.12/site-packages (from jupyterlab<4.3,>=4.2.0->notebook>=4.4.1->widgetsnbextension~=3.6.5->ipywidgets>=7.0.0->qgridnext) (6.29.4)
2025-03-03T06:56:49.0135040Z Requirement already satisfied: jupyter-lsp>=2.0.0 in /Users/runner/micromamba/envs/tardis/lib/python3.12/site-packages (from jupyterlab<4.3,>=4.2.0->notebook>=4.4.1->widgetsnbextension~=3.6.5->ipywidgets>=7.0.0->qgridnext) (2.2.5)
2025-03-03T06:56:49.0238760Z Requirement already satisfied: setuptools>=40.1.0 in /Users/runner/micromamba/envs/tardis/lib/python3.12/site-packages (from jupyterlab<4.3,>=4.2.0->notebook>=4.4.1->widgetsnbextension~=3.6.5->ipywidgets>=7.0.0->qgridnext) (70.0.0)
2025-03-03T06:56:49.0346740Z Requirement already satisfied: babel>=2.10 in /Users/runner/micromamba/envs/tardis/lib/python3.12/site-packages (from jupyterlab-server<3,>=2.27.1->notebook>=4.4.1->widgetsnbextension~=3.6.5->ipywidgets>=7.0.0->qgridnext) (2.14.0)
2025-03-03T06:56:49.0449090Z Requirement already satisfied: json5>=0.9.0 in /Users/runner/micromamba/envs/tardis/lib/python3.12/site-packages (from jupyterlab-server<3,>=2.27.1->notebook>=4.4.1->widgetsnbextension~=3.6.5->ipywidgets>=7.0.0->qgridnext) (0.9.25)
2025-03-03T06:56:49.0549710Z Requirement already satisfied: jsonschema>=4.18.0 in /Users/runner/micromamba/envs/tardis/lib/python3.12/site-packages (from jupyterlab-server<3,>=2.27.1->notebook>=4.4.1->widgetsnbextension~=3.6.5->ipywidgets>=7.0.0->qgridnext) (4.22.0)
2025-03-03T06:56:49.0651650Z Requirement already satisfied: requests>=2.31 in /Users/runner/micromamba/envs/tardis/lib/python3.12/site-packages (from jupyterlab-server<3,>=2.27.1->notebook>=4.4.1->widgetsnbextension~=3.6.5->ipywidgets>=7.0.0->qgridnext) (2.32.3)
2025-03-03T06:56:49.0752370Z Requirement already satisfied: idna>=2.8 in /Users/runner/micromamba/envs/tardis/lib/python3.12/site-packages (from anyio>=3.1.0->jupyter-server<3,>=2.4.0->notebook>=4.4.1->widgetsnbextension~=3.6.5->ipywidgets>=7.0.0->qgridnext) (3.7)
2025-03-03T06:56:49.0854050Z Requirement already satisfied: sniffio>=1.1 in /Users/runner/micromamba/envs/tardis/lib/python3.12/site-packages (from anyio>=3.1.0->jupyter-server<3,>=2.4.0->notebook>=4.4.1->widgetsnbextension~=3.6.5->ipywidgets>=7.0.0->qgridnext) (1.3.1)
2025-03-03T06:56:49.0954500Z Requirement already satisfied: argon2-cffi-bindings in /Users/runner/micromamba/envs/tardis/lib/python3.12/site-packages (from argon2-cffi>=21.1->jupyter-server<3,>=2.4.0->notebook>=4.4.1->widgetsnbextension~=3.6.5->ipywidgets>=7.0.0->qgridnext) (21.2.0)
2025-03-03T06:56:49.1057420Z Requirement already satisfied: certifi in /Users/runner/micromamba/envs/tardis/lib/python3.12/site-packages (from httpx>=0.25.0->jupyterlab<4.3,>=4.2.0->notebook>=4.4.1->widgetsnbextension~=3.6.5->ipywidgets>=7.0.0->qgridnext) (2024.12.14)
2025-03-03T06:56:49.1158270Z Requirement already satisfied: httpcore==1.* in /Users/runner/micromamba/envs/tardis/lib/python3.12/site-packages (from httpx>=0.25.0->jupyterlab<4.3,>=4.2.0->notebook>=4.4.1->widgetsnbextension~=3.6.5->ipywidgets>=7.0.0->qgridnext) (1.0.5)
2025-03-03T06:56:49.1288410Z Requirement already satisfied: h11<0.15,>=0.13 in /Users/runner/micromamba/envs/tardis/lib/python3.12/site-packages (from httpcore==1.*->httpx>=0.25.0->jupyterlab<4.3,>=4.2.0->notebook>=4.4.1->widgetsnbextension~=3.6.5->ipywidgets>=7.0.0->qgridnext) (0.14.0)
2025-03-03T06:56:49.1342520Z Requirement already satisfied: appnope in /Users/runner/micromamba/envs/tardis/lib/python3.12/site-packages (from ipykernel>=6.5.0->jupyterlab<4.3,>=4.2.0->notebook>=4.4.1->widgetsnbextension~=3.6.5->ipywidgets>=7.0.0->qgridnext) (0.1.4)
2025-03-03T06:56:49.1445980Z Requirement already satisfied: debugpy>=1.6.5 in /Users/runner/micromamba/envs/tardis/lib/python3.12/site-packages (from ipykernel>=6.5.0->jupyterlab<4.3,>=4.2.0->notebook>=4.4.1->widgetsnbextension~=3.6.5->ipywidgets>=7.0.0->qgridnext) (1.8.1)
2025-03-03T06:56:49.1548530Z Requirement already satisfied: nest-asyncio in /Users/runner/micromamba/envs/tardis/lib/python3.12/site-packages (from ipykernel>=6.5.0->jupyterlab<4.3,>=4.2.0->notebook>=4.4.1->widgetsnbextension~=3.6.5->ipywidgets>=7.0.0->qgridnext) (1.6.0)
2025-03-03T06:56:49.1650670Z Requirement already satisfied: psutil in /Users/runner/micromamba/envs/tardis/lib/python3.12/site-packages (from ipykernel>=6.5.0->jupyterlab<4.3,>=4.2.0->notebook>=4.4.1->widgetsnbextension~=3.6.5->ipywidgets>=7.0.0->qgridnext) (5.9.8)
2025-03-03T06:56:49.1753040Z Requirement already satisfied: MarkupSafe>=2.0 in /Users/runner/micromamba/envs/tardis/lib/python3.12/site-packages (from jinja2>=3.0.3->jupyter-server<3,>=2.4.0->notebook>=4.4.1->widgetsnbextension~=3.6.5->ipywidgets>=7.0.0->qgridnext) (2.1.5)
2025-03-03T06:56:49.1855660Z Requirement already satisfied: attrs>=22.2.0 in /Users/runner/micromamba/envs/tardis/lib/python3.12/site-packages (from jsonschema>=4.18.0->jupyterlab-server<3,>=2.27.1->notebook>=4.4.1->widgetsnbextension~=3.6.5->ipywidgets>=7.0.0->qgridnext) (23.2.0)
2025-03-03T06:56:49.1957910Z Requirement already satisfied: jsonschema-specifications>=2023.03.6 in /Users/runner/micromamba/envs/tardis/lib/python3.12/site-packages (from jsonschema>=4.18.0->jupyterlab-server<3,>=2.27.1->notebook>=4.4.1->widgetsnbextension~=3.6.5->ipywidgets>=7.0.0->qgridnext) (2023.12.1)
2025-03-03T06:56:49.2061860Z Requirement already satisfied: referencing>=0.28.4 in /Users/runner/micromamba/envs/tardis/lib/python3.12/site-packages (from jsonschema>=4.18.0->jupyterlab-server<3,>=2.27.1->notebook>=4.4.1->widgetsnbextension~=3.6.5->ipywidgets>=7.0.0->qgridnext) (0.35.1)
2025-03-03T06:56:49.2166960Z Requirement already satisfied: rpds-py>=0.7.1 in /Users/runner/micromamba/envs/tardis/lib/python3.12/site-packages (from jsonschema>=4.18.0->jupyterlab-server<3,>=2.27.1->notebook>=4.4.1->widgetsnbextension~=3.6.5->ipywidgets>=7.0.0->qgridnext) (0.18.1)
2025-03-03T06:56:49.2267110Z Requirement already satisfied: platformdirs>=2.5 in /Users/runner/micromamba/envs/tardis/lib/python3.12/site-packages (from jupyter-core!=5.0.*,>=4.12->jupyter-server<3,>=2.4.0->notebook>=4.4.1->widgetsnbextension~=3.6.5->ipywidgets>=7.0.0->qgridnext) (4.2.2)
2025-03-03T06:56:49.2369800Z Requirement already satisfied: python-json-logger>=2.0.4 in /Users/runner/micromamba/envs/tardis/lib/python3.12/site-packages (from jupyter-events>=0.9.0->jupyter-server<3,>=2.4.0->notebook>=4.4.1->widgetsnbextension~=3.6.5->ipywidgets>=7.0.0->qgridnext) (2.0.7)
2025-03-03T06:56:49.2469670Z Requirement already satisfied: pyyaml>=5.3 in /Users/runner/micromamba/envs/tardis/lib/python3.12/site-packages (from jupyter-events>=0.9.0->jupyter-server<3,>=2.4.0->notebook>=4.4.1->widgetsnbextension~=3.6.5->ipywidgets>=7.0.0->qgridnext) (6.0.1)
2025-03-03T06:56:49.2519960Z Requirement already satisfied: rfc3339-validator in /Users/runner/micromamba/envs/tardis/lib/python3.12/site-packages (from jupyter-events>=0.9.0->jupyter-server<3,>=2.4.0->notebook>=4.4.1->widgetsnbextension~=3.6.5->ipywidgets>=7.0.0->qgridnext) (0.1.4)
2025-03-03T06:56:49.2521610Z Requirement already satisfied: rfc3986-validator>=0.1.1 in /Users/runner/micromamba/envs/tardis/lib/python3.12/site-packages (from jupyter-events>=0.9.0->jupyter-server<3,>=2.4.0->notebook>=4.4.1->widgetsnbextension~=3.6.5->ipywidgets>=7.0.0->qgridnext) (0.1.1)
2025-03-03T06:56:49.2523460Z Requirement already satisfied: beautifulsoup4 in /Users/runner/micromamba/envs/tardis/lib/python3.12/site-packages (from nbconvert>=6.4.4->jupyter-server<3,>=2.4.0->notebook>=4.4.1->widgetsnbextension~=3.6.5->ipywidgets>=7.0.0->qgridnext) (4.12.3)
2025-03-03T06:56:49.2524940Z Requirement already satisfied: bleach!=5.0.0 in /Users/runner/micromamba/envs/tardis/lib/python3.12/site-packages (from nbconvert>=6.4.4->jupyter-server<3,>=2.4.0->notebook>=4.4.1->widgetsnbextension~=3.6.5->ipywidgets>=7.0.0->qgridnext) (6.1.0)
2025-03-03T06:56:49.2526410Z Requirement already satisfied: defusedxml in /Users/runner/micromamba/envs/tardis/lib/python3.12/site-packages (from nbconvert>=6.4.4->jupyter-server<3,>=2.4.0->notebook>=4.4.1->widgetsnbextension~=3.6.5->ipywidgets>=7.0.0->qgridnext) (0.7.1)
2025-03-03T06:56:49.2528270Z Requirement already satisfied: jupyterlab-pygments in /Users/runner/micromamba/envs/tardis/lib/python3.12/site-packages (from nbconvert>=6.4.4->jupyter-server<3,>=2.4.0->notebook>=4.4.1->widgetsnbextension~=3.6.5->ipywidgets>=7.0.0->qgridnext) (0.3.0)
2025-03-03T06:56:49.2529700Z Requirement already satisfied: mistune<4,>=2.0.3 in /Users/runner/micromamba/envs/tardis/lib/python3.12/site-packages (from nbconvert>=6.4.4->jupyter-server<3,>=2.4.0->notebook>=4.4.1->widgetsnbextension~=3.6.5->ipywidgets>=7.0.0->qgridnext) (3.0.2)
2025-03-03T06:56:49.2531080Z Requirement already satisfied: nbclient>=0.5.0 in /Users/runner/micromamba/envs/tardis/lib/python3.12/site-packages (from nbconvert>=6.4.4->jupyter-server<3,>=2.4.0->notebook>=4.4.1->widgetsnbextension~=3.6.5->ipywidgets>=7.0.0->qgridnext) (0.10.0)
2025-03-03T06:56:49.2532450Z Requirement already satisfied: pandocfilters>=1.4.1 in /Users/runner/micromamba/envs/tardis/lib/python3.12/site-packages (from nbconvert>=6.4.4->jupyter-server<3,>=2.4.0->notebook>=4.4.1->widgetsnbextension~=3.6.5->ipywidgets>=7.0.0->qgridnext) (1.5.0)
2025-03-03T06:56:49.2533930Z Requirement already satisfied: tinycss2 in /Users/runner/micromamba/envs/tardis/lib/python3.12/site-packages (from nbconvert>=6.4.4->jupyter-server<3,>=2.4.0->notebook>=4.4.1->widgetsnbextension~=3.6.5->ipywidgets>=7.0.0->qgridnext) (1.3.0)
2025-03-03T06:56:49.2535320Z Requirement already satisfied: fastjsonschema>=2.15 in /Users/runner/micromamba/envs/tardis/lib/python3.12/site-packages (from nbformat>=5.3.0->jupyter-server<3,>=2.4.0->notebook>=4.4.1->widgetsnbextension~=3.6.5->ipywidgets>=7.0.0->qgridnext) (2.20.0)
2025-03-03T06:56:49.2536740Z Requirement already satisfied: charset_normalizer<4,>=2 in /Users/runner/micromamba/envs/tardis/lib/python3.12/site-packages (from requests>=2.31->jupyterlab-server<3,>=2.27.1->notebook>=4.4.1->widgetsnbextension~=3.6.5->ipywidgets>=7.0.0->qgridnext) (3.3.2)
2025-03-03T06:56:49.2538150Z Requirement already satisfied: urllib3<3,>=1.21.1 in /Users/runner/micromamba/envs/tardis/lib/python3.12/site-packages (from requests>=2.31->jupyterlab-server<3,>=2.27.1->notebook>=4.4.1->widgetsnbextension~=3.6.5->ipywidgets>=7.0.0->qgridnext) (2.2.2)
2025-03-03T06:56:49.2539540Z Requirement already satisfied: webencodings in /Users/runner/micromamba/envs/tardis/lib/python3.12/site-packages (from bleach!=5.0.0->nbconvert>=6.4.4->jupyter-server<3,>=2.4.0->notebook>=4.4.1->widgetsnbextension~=3.6.5->ipywidgets>=7.0.0->qgridnext) (0.5.1)
2025-03-03T06:56:49.2544920Z Requirement already satisfied: fqdn in /Users/runner/micromamba/envs/tardis/lib/python3.12/site-packages (from jsonschema[format-nongpl]>=4.18.0->jupyter-events>=0.9.0->jupyter-server<3,>=2.4.0->notebook>=4.4.1->widgetsnbextension~=3.6.5->ipywidgets>=7.0.0->qgridnext) (1.5.1)
2025-03-03T06:56:49.2546570Z Requirement already satisfied: isoduration in /Users/runner/micromamba/envs/tardis/lib/python3.12/site-packages (from jsonschema[format-nongpl]>=4.18.0->jupyter-events>=0.9.0->jupyter-server<3,>=2.4.0->notebook>=4.4.1->widgetsnbextension~=3.6.5->ipywidgets>=7.0.0->qgridnext) (20.11.0)
2025-03-03T06:56:49.2548190Z Requirement already satisfied: jsonpointer>1.13 in /Users/runner/micromamba/envs/tardis/lib/python3.12/site-packages (from jsonschema[format-nongpl]>=4.18.0->jupyter-events>=0.9.0->jupyter-server<3,>=2.4.0->notebook>=4.4.1->widgetsnbextension~=3.6.5->ipywidgets>=7.0.0->qgridnext) (3.0.0)
2025-03-03T06:56:49.2549860Z Requirement already satisfied: uri-template in /Users/runner/micromamba/envs/tardis/lib/python3.12/site-packages (from jsonschema[format-nongpl]>=4.18.0->jupyter-events>=0.9.0->jupyter-server<3,>=2.4.0->notebook>=4.4.1->widgetsnbextension~=3.6.5->ipywidgets>=7.0.0->qgridnext) (1.3.0)
2025-03-03T06:56:49.2551410Z Requirement already satisfied: webcolors>=1.11 in /Users/runner/micromamba/envs/tardis/lib/python3.12/site-packages (from jsonschema[format-nongpl]>=4.18.0->jupyter-events>=0.9.0->jupyter-server<3,>=2.4.0->notebook>=4.4.1->widgetsnbextension~=3.6.5->ipywidgets>=7.0.0->qgridnext) (24.6.0)
2025-03-03T06:56:49.3179640Z Requirement already satisfied: cffi>=1.0.1 in /Users/runner/micromamba/envs/tardis/lib/python3.12/site-packages (from argon2-cffi-bindings->argon2-cffi>=21.1->jupyter-server<3,>=2.4.0->notebook>=4.4.1->widgetsnbextension~=3.6.5->ipywidgets>=7.0.0->qgridnext) (1.16.0)
2025-03-03T06:56:49.3307350Z Requirement already satisfied: soupsieve>1.2 in /Users/runner/micromamba/envs/tardis/lib/python3.12/site-packages (from beautifulsoup4->nbconvert>=6.4.4->jupyter-server<3,>=2.4.0->notebook>=4.4.1->widgetsnbextension~=3.6.5->ipywidgets>=7.0.0->qgridnext) (2.5)
2025-03-03T06:56:49.3909660Z Requirement already satisfied: pycparser in /Users/runner/micromamba/envs/tardis/lib/python3.12/site-packages (from cffi>=1.0.1->argon2-cffi-bindings->argon2-cffi>=21.1->jupyter-server<3,>=2.4.0->notebook>=4.4.1->widgetsnbextension~=3.6.5->ipywidgets>=7.0.0->qgridnext) (2.22)
2025-03-03T06:56:49.4517050Z Requirement already satisfied: arrow>=0.15.0 in /Users/runner/micromamba/envs/tardis/lib/python3.12/site-packages (from isoduration->jsonschema[format-nongpl]>=4.18.0->jupyter-events>=0.9.0->jupyter-server<3,>=2.4.0->notebook>=4.4.1->widgetsnbextension~=3.6.5->ipywidgets>=7.0.0->qgridnext) (1.3.0)
2025-03-03T06:56:49.4918170Z Requirement already satisfied: types-python-dateutil>=2.8.10 in /Users/runner/micromamba/envs/tardis/lib/python3.12/site-packages (from arrow>=0.15.0->isoduration->jsonschema[format-nongpl]>=4.18.0->jupyter-events>=0.9.0->jupyter-server<3,>=2.4.0->notebook>=4.4.1->widgetsnbextension~=3.6.5->ipywidgets>=7.0.0->qgridnext) (2.9.0.20240316)
2025-03-03T06:56:49.5421930Z Downloading qgridnext-2.0.4-py3-none-any.whl (1.3 MB)
2025-03-03T06:56:49.6215610Z    â”â”â”â”â”â”â”â”â”â”â”â”â”â”â”â”â”â”â”â”â”â”â”â”â”â”â”â”â”â”â”â”â”â”â”â”â”â”â”â” 1.3/1.3 MB 14.9 MB/s eta 0:00:00
2025-03-03T06:56:50.3742220Z Installing collected packages: qgridnext
2025-03-03T06:56:50.4288820Z Successfully installed qgridnext-2.0.4
2025-03-03T06:56:50.7223070Z ##[group]Run pytest tardis --tardis-regression-data=/Users/runner/work/tardis/tardis/tardis-regression-data --cov=tardis --cov-report=xml --cov-report=html --cov-append -m "not continuum"
2025-03-03T06:56:50.7224130Z [36;1mpytest tardis --tardis-regression-data=/Users/runner/work/tardis/tardis/tardis-regression-data --cov=tardis --cov-report=xml --cov-report=html --cov-append -m "not continuum"[0m
2025-03-03T06:56:50.7282070Z shell: /bin/bash -l {0}
2025-03-03T06:56:50.7282280Z env:
2025-03-03T06:56:50.7282440Z   CACHE_NUMBER: 0
2025-03-03T06:56:50.7282950Z   PYTEST_FLAGS: --tardis-regression-data=/Users/runner/work/tardis/tardis/tardis-regression-data --cov=tardis --cov-report=xml --cov-report=html --cov-append
2025-03-03T06:56:50.7283480Z   CODECOV_TOKEN: 
2025-03-03T06:56:50.7283660Z   MAMBA_ROOT_PREFIX: /Users/runner/micromamba
2025-03-03T06:56:50.7284030Z   MAMBA_EXE: /Users/runner/micromamba-bin/micromamba
2025-03-03T06:56:50.7284420Z   CONDARC: /Users/runner/work/_temp/setup-micromamba/.condarc
2025-03-03T06:56:50.7284680Z ##[endgroup]
2025-03-03T06:57:06.1061050Z ============================= test session starts ==============================
2025-03-03T06:57:06.1062230Z platform darwin -- Python 3.12.4, pytest-8.2.2, pluggy-1.5.0
2025-03-03T06:57:06.1063570Z rootdir: /Users/runner/work/tardis/tardis
2025-03-03T06:57:06.1063900Z configfile: pyproject.toml
2025-03-03T06:57:06.1064430Z plugins: cov-5.0.0, html-4.1.1, metadata-3.1.1, doctestplus-1.2.1, anyio-4.4.0
2025-03-03T06:57:06.1065020Z collected 1798 items / 2 deselected / 1796 selected
2025-03-03T06:57:06.1065370Z 
2025-03-03T06:57:10.2529490Z tardis/energy_input/tests/test_energy_source.py ..xxx                    [  0%]
2025-03-03T06:57:13.1824870Z tardis/energy_input/tests/test_gamma_ray_channel.py .............        [  1%]
2025-03-03T06:57:14.6643580Z tardis/energy_input/tests/test_gamma_ray_grid.py xx.                     [  1%]
2025-03-03T06:57:16.0071440Z tardis/energy_input/tests/test_gamma_ray_interactions.py xx....          [  1%]
2025-03-03T06:57:16.0215210Z tardis/energy_input/tests/test_gamma_ray_packet_source.py sssssssss      [  2%]
2025-03-03T06:57:16.9335700Z tardis/energy_input/tests/test_util.py .....xxxx.....                    [  2%]
2025-03-03T06:57:17.3332490Z tardis/grid/tests/test_grid.py .                                         [  2%]
2025-03-03T06:57:17.3344730Z tardis/gui/tests/test_gui.py s                                           [  2%]
2025-03-03T06:57:20.7746640Z tardis/io/configuration/tests/test_config_reader.py ...........          [  3%]
2025-03-03T06:57:20.7747570Z tardis/io/configuration/tests/test_configuration_namespace.py .........  [  4%]
2025-03-03T06:57:20.8144950Z tardis/io/logger/tests/test_logging.py ssssssssssssssssssssssssssss      [  5%]
2025-03-03T06:57:53.5761880Z tardis/io/model/readers/tests/test_arepo_parser.py ..                    [  5%]
2025-03-03T06:57:53.6112280Z tardis/io/model/readers/tests/test_ascii_readers.py ...                  [  5%]
2025-03-03T06:57:53.6277020Z tardis/io/model/readers/tests/test_cmfgen_reader.py ..                   [  5%]
2025-03-03T06:57:53.6712280Z tardis/io/model/readers/tests/test_csvy_reader.py ....                   [  6%]
2025-03-03T06:57:53.6976490Z tardis/io/model/readers/tests/test_stella_reader.py ..                   [  6%]
2025-03-03T06:57:54.0127670Z tardis/io/tests/test_HDFWriter.py ...............                        [  7%]
2025-03-03T06:57:54.6586140Z tardis/io/tests/test_atomic.py .....                                     [  7%]
2025-03-03T06:57:54.6841870Z tardis/io/tests/test_decay.py ..                                         [  7%]
2025-03-03T06:57:54.8281210Z tardis/io/tests/test_model_reader.py ......                              [  7%]
2025-03-03T06:57:54.8505180Z tardis/model/geometry/tests/test_radial1d.py ..                          [  7%]
2025-03-03T06:58:24.5089020Z tardis/model/tests/test_base.py ........................................ [ 10%]
2025-03-03T06:58:25.2523210Z ............                                                             [ 10%]
2025-03-03T06:58:27.6428900Z tardis/model/tests/test_csvy_model.py .........                          [ 11%]
2025-03-03T06:58:27.6757090Z tardis/model/tests/test_density.py ..                                    [ 11%]
2025-03-03T06:58:29.0522620Z tardis/opacities/tests/test_opacity_solver.py .....                      [ 11%]
2025-03-03T06:58:30.1627200Z tardis/opacities/tests/test_opacity_state_numba.py .....                 [ 12%]
2025-03-03T06:58:31.9898830Z tardis/opacities/tests/test_tau_sobolev.py ..                            [ 12%]
2025-03-03T06:58:34.2278220Z tardis/plasma/equilibrium/tests/test_collisional_transitions.py ...      [ 12%]
2025-03-03T06:59:10.4162640Z tardis/plasma/equilibrium/tests/test_level_populations.py ....           [ 12%]
2025-03-03T06:59:18.9987310Z tardis/plasma/equilibrium/tests/test_rate_matrix.py .                    [ 12%]
2025-03-03T06:59:19.9445360Z tardis/plasma/tests/test_complete_plasmas.py ..............s......s..... [ 14%]
2025-03-03T06:59:21.8494760Z s....ssssss............s......s.....ss.....s....ssssss............s..... [ 18%]
2025-03-03T06:59:22.9526430Z .s.....ss.....s....ssssss............s......s.....ss.....s....ssssss.... [ 22%]
2025-03-03T06:59:25.0218820Z ........s......s.....ss.....s....ssssss............s......s.....ss.....s [ 26%]
2025-03-03T06:59:27.0873900Z ....ssssss............s......s.....ss.....s....ssssss............s...... [ 30%]
2025-03-03T06:59:27.6207590Z s.....ss.....s....ssssss............s......s.....ss.....s.ss.ssssss..... [ 34%]
2025-03-03T06:59:29.6199160Z .......s......s.....ss.....s....ssssss............s......s.....ss.....s. [ 38%]
2025-03-03T06:59:31.5008140Z ...ssssss............s......s.....ss.....s....ssssss............s......s [ 42%]
2025-03-03T06:59:33.4635940Z .....ss.....s....ssssss............s......s.....s...........ssssss...... [ 46%]
2025-03-03T06:59:34.6735070Z ......s......s.....s...........ssssss............s......s.....s......... [ 50%]
2025-03-03T06:59:36.8642930Z ..ssssss............s......s.....ss.....s....ssssss............s......s. [ 54%]
2025-03-03T06:59:38.9532940Z ....ss.....s....ssssss...................s......s.....s....ssss......... [ 58%]
2025-03-03T06:59:39.1743290Z ............s......s.....s....ssss.......                                [ 60%]
2025-03-03T06:59:39.3286800Z tardis/plasma/tests/test_hdf_plasma.py ................................. [ 62%]
2025-03-03T06:59:39.3360490Z ......                                                                   [ 62%]
2025-03-03T06:59:39.5211180Z tardis/plasma/tests/test_nlte_excitation.py ...                          [ 62%]
2025-03-03T07:01:12.8180480Z tardis/plasma/tests/test_nlte_solver.py .....X                           [ 63%]
2025-03-03T07:01:12.8205270Z tardis/plasma/tests/test_plasma_continuum.py .                           [ 63%]
2025-03-03T07:01:28.1166670Z tardis/plasma/tests/test_plasma_vboundary.py .............               [ 63%]
2025-03-03T07:01:37.1383780Z tardis/plasma/tests/test_tardis_model_density_config.py ...              [ 64%]
2025-03-03T07:01:37.6188900Z tardis/simulation/tests/test_convergence.py .....                        [ 64%]
2025-03-03T07:01:43.2085960Z tardis/simulation/tests/test_simulation.py .............                 [ 65%]
2025-03-03T07:01:43.2190920Z tardis/spectrum/tests/test_cuda_formal_integral.py sssssssssssssssssssss [ 66%]
2025-03-03T07:01:43.4498480Z ssss...ssssssssssssssssssssss                                            [ 67%]
2025-03-03T07:01:43.4538570Z tardis/spectrum/tests/test_luminosity.py ....                            [ 68%]
2025-03-03T07:01:44.6760730Z tardis/spectrum/tests/test_numba_formal_integral.py .................... [ 69%]
2025-03-03T07:01:44.6857660Z ..........                                                               [ 69%]
2025-03-03T07:01:44.7875340Z tardis/spectrum/tests/test_spectrum.py ................................. [ 71%]
2025-03-03T07:01:44.8061300Z .........                                                                [ 72%]
2025-03-03T07:01:58.8933530Z tardis/spectrum/tests/test_spectrum_solver.py ....                       [ 72%]
2025-03-03T07:02:45.7631530Z tardis/tests/test_tardis_full.py ....                                    [ 72%]
2025-03-03T07:04:14.7956200Z tardis/tests/test_tardis_full_formal_integral.py ................        [ 73%]
2025-03-03T07:04:14.8585360Z tardis/tests/test_util.py .............................................  [ 75%]
2025-03-03T07:04:17.8491950Z tardis/transport/montecarlo/tests/test_base.py x.....................    [ 77%]
2025-03-03T07:04:23.1022610Z tardis/transport/montecarlo/tests/test_interaction.py .......            [ 77%]
2025-03-03T07:04:23.2615840Z tardis/transport/montecarlo/tests/test_macro_atom.py ....                [ 77%]
2025-03-03T07:04:23.2725160Z tardis/transport/montecarlo/tests/test_montecarlo.py sssssssssssssssssss [ 78%]
2025-03-03T07:04:23.3012240Z sssssssssssssssssssssssssssssssssssssssssssss                            [ 81%]
2025-03-03T07:04:31.0581790Z tardis/transport/montecarlo/tests/test_montecarlo_main_loop.py x..       [ 81%]
2025-03-03T07:04:31.0701670Z tardis/transport/montecarlo/tests/test_nonhomologous.py ...              [ 81%]
2025-03-03T07:04:33.8330350Z tardis/transport/montecarlo/tests/test_numba_interface.py .....x.        [ 82%]
2025-03-03T07:04:34.2288380Z tardis/transport/montecarlo/tests/test_opacities.py ...............      [ 82%]
2025-03-03T07:04:35.0385940Z tardis/transport/montecarlo/tests/test_packet.py .................xXXXXX [ 84%]
2025-03-03T07:04:35.1369210Z XX.........                                                              [ 84%]
2025-03-03T07:04:35.1660070Z tardis/transport/montecarlo/tests/test_packet_source.py ........         [ 85%]
2025-03-03T07:04:35.4052650Z tardis/transport/montecarlo/tests/test_rpacket_last_interaction_tracker.py . [ 85%]
2025-03-03T07:04:35.7168940Z .....                                                                    [ 85%]
2025-03-03T07:04:46.6102150Z tardis/transport/montecarlo/tests/test_rpacket_tracker.py ......         [ 85%]
2025-03-03T07:04:46.6346030Z tardis/transport/montecarlo/tests/test_single_packet_loop.py xxx         [ 86%]
2025-03-03T07:04:46.6365980Z tardis/transport/montecarlo/tests/test_tracker_utils.py ..               [ 86%]
2025-03-03T07:04:48.5222370Z tardis/transport/montecarlo/tests/test_vpacket.py ..x.                   [ 86%]
2025-03-03T07:04:48.5504550Z tardis/transport/montecarlo/tests/test_weighted_packet_source.py ....    [ 86%]
2025-03-03T07:04:51.4300400Z tardis/transport/montecarlo/tests/test_weighted_packet_source_integration.py . [ 86%]
2025-03-03T07:04:51.4305960Z                                                                          [ 86%]
2025-03-03T07:04:51.9963350Z tardis/transport/tests/test_doppler_factor.py ..................         [ 87%]
2025-03-03T07:04:53.8786190Z tardis/visualization/tools/tests/test_convergence_plot.py .............. [ 88%]
2025-03-03T07:04:55.6985630Z ......                                                                   [ 88%]
2025-03-03T07:05:00.2642030Z tardis/visualization/tools/tests/test_liv_plot.py ...................... [ 90%]
2025-03-03T07:05:03.8724080Z .............................                                            [ 91%]
2025-03-03T07:05:07.0006010Z tardis/visualization/tools/tests/test_rpacket_plot.py .................. [ 92%]
2025-03-03T07:05:14.4291250Z ....                                                                     [ 92%]
2025-03-03T07:05:19.3178690Z tardis/visualization/tools/tests/test_sdec_plot.py ..................... [ 94%]
2025-03-03T07:05:26.3556170Z ..............................                                           [ 95%]
2025-03-03T07:05:26.7178720Z tardis/visualization/widgets/tests/test_custom_abundance.py ........ss.. [ 96%]
2025-03-03T07:05:26.7617410Z ....                                                                     [ 96%]
2025-03-03T07:05:27.5923820Z tardis/visualization/widgets/tests/test_line_info.py ................... [ 97%]
2025-03-03T07:05:28.1231960Z ..................                                                       [ 98%]
2025-03-03T07:08:32.5070680Z tardis/visualization/widgets/tests/test_shell_info.py .................. [ 99%]
2025-03-03T07:08:40.2717630Z ......                                                                   [100%]
2025-03-03T07:08:40.2719290Z 
2025-03-03T07:08:40.2719720Z =============================== warnings summary ===============================
2025-03-03T07:08:40.2720340Z tardis/io/configuration/config_validator.py:6
2025-03-03T07:08:40.2721350Z tardis/io/configuration/config_validator.py:6
2025-03-03T07:08:40.2722050Z   /Users/runner/work/tardis/tardis/tardis/io/configuration/config_validator.py:6: DeprecationWarning:
2025-03-03T07:08:40.2723280Z   
2025-03-03T07:08:40.2724940Z   jsonschema.RefResolver is deprecated as of v4.18.0, in favor of the https://github.com/python-jsonschema/referencing library, which provides more compliant referencing behavior as well as more flexible APIs for customization. A future release will remove RefResolver. Please file a feature request (on referencing) if you are missing an API for the kind of customization you need.
2025-03-03T07:08:40.2726780Z 
2025-03-03T07:08:40.2727100Z ../../../micromamba/envs/tardis/lib/python3.12/site-packages/jupyter_client/connect.py:22
2025-03-03T07:08:40.2740220Z   /Users/runner/micromamba/envs/tardis/lib/python3.12/site-packages/jupyter_client/connect.py:22: DeprecationWarning:
2025-03-03T07:08:40.2740730Z   
2025-03-03T07:08:40.2741040Z   Jupyter is migrating its paths to use standard platformdirs
2025-03-03T07:08:40.2741440Z   given by the platformdirs library.  To remove this warning and
2025-03-03T07:08:40.2741890Z   see the appropriate new directories, set the environment variable
2025-03-03T07:08:40.2742290Z   `JUPYTER_PLATFORM_DIRS=1` and then run `jupyter --paths`.
2025-03-03T07:08:40.2742680Z   The use of platformdirs will be the default in `jupyter_core` v6
2025-03-03T07:08:40.2742920Z 
2025-03-03T07:08:40.2743020Z tardis/plasma/properties/__init__.py:17
2025-03-03T07:08:40.2743540Z   /Users/runner/work/tardis/tardis/tardis/plasma/properties/__init__.py:17: DeprecationWarning:
2025-03-03T07:08:40.2744000Z   
2025-03-03T07:08:40.2744660Z   The numpy.linalg.linalg has been made private and renamed to numpy.linalg._linalg. All public functions exported by it are available from numpy.linalg. Please use numpy.linalg.LinAlgError instead.
2025-03-03T07:08:40.2745200Z 
2025-03-03T07:08:40.2770680Z tardis/io/tests/test_HDFWriter.py::test_multi_index_write
2025-03-03T07:08:40.2771250Z tardis/visualization/widgets/tests/test_shell_info.py::TestHDFShellInfo::test_shells_data
2025-03-03T07:08:40.2771920Z   /Users/runner/work/tardis/tardis/tardis/io/util.py:276: PerformanceWarning:
2025-03-03T07:08:40.2772380Z   
2025-03-03T07:08:40.2772590Z   
2025-03-03T07:08:40.2772960Z   your performance may suffer as PyTables will pickle object types that it cannot
2025-03-03T07:08:40.2773510Z   map directly to c-types [inferred_type->mixed,key->block0_values] [items->Index([0], dtype='int64')]
2025-03-03T07:08:40.2773910Z 
2025-03-03T07:08:40.2774160Z tardis/io/tests/test_model_reader.py::test_read_cmfgen_isotope_abundances
2025-03-03T07:08:40.2774710Z tardis/plasma/tests/test_tardis_model_density_config.py::test_electron_densities
2025-03-03T07:08:40.2775300Z tardis/plasma/tests/test_tardis_model_density_config.py::test_isotope_number_densities
2025-03-03T07:08:40.2775810Z tardis/plasma/tests/test_tardis_model_density_config.py::test_t_rad
2025-03-03T07:08:40.2776410Z   /Users/runner/work/tardis/tardis/tardis/io/model/readers/cmfgen_deprecated.py:82: DeprecationWarning:
2025-03-03T07:08:40.2776950Z   
2025-03-03T07:08:40.2777170Z   The current CMFGEN model parser is deprecated
2025-03-03T07:08:40.2777400Z 
2025-03-03T07:08:40.2777550Z tardis/io/tests/test_model_reader.py: 1 warning
2025-03-03T07:08:40.2777890Z tardis/plasma/tests/test_tardis_model_density_config.py: 9 warnings
2025-03-03T07:08:40.2778440Z   /Users/runner/work/tardis/tardis/tardis/io/model/readers/cmfgen_deprecated.py:40: DeprecationWarning:
2025-03-03T07:08:40.2796230Z   
2025-03-03T07:08:40.2796720Z   The current CMFGEN model parser is deprecated
2025-03-03T07:08:40.2796970Z 
2025-03-03T07:08:40.2797210Z tardis/model/tests/test_base.py::TestModelFromPaper1Config::test_abundances
2025-03-03T07:08:40.2797990Z   /Users/runner/work/tardis/tardis/tardis/transport/montecarlo/montecarlo_main_loop.py:123: NumbaTypeSafetyWarning:
2025-03-03T07:08:40.2798550Z   
2025-03-03T07:08:40.2803820Z   [1m[1m[1munsafe cast from uint64 to int64. Precision may be lost.[0m[0m[0m
2025-03-03T07:08:40.2804110Z 
2025-03-03T07:08:40.2804190Z tardis/model/tests/test_base.py: 6 warnings
2025-03-03T07:08:40.2804570Z tardis/model/tests/test_csvy_model.py: 2 warnings
2025-03-03T07:08:40.2805060Z tardis/plasma/tests/test_tardis_model_density_config.py: 3 warnings
2025-03-03T07:08:40.2805730Z   /Users/runner/work/tardis/tardis/tardis/model/geometry/radial1d.py:50: DeprecationWarning:
2025-03-03T07:08:40.2806190Z   
2025-03-03T07:08:40.2806400Z   v_inner_boundary < 0, assuming default value
2025-03-03T07:08:40.2806610Z 
2025-03-03T07:08:40.2806740Z tardis/model/tests/test_base.py: 6 warnings
2025-03-03T07:08:40.2807050Z tardis/model/tests/test_csvy_model.py: 2 warnings
2025-03-03T07:08:40.2807480Z tardis/plasma/tests/test_tardis_model_density_config.py: 3 warnings
2025-03-03T07:08:40.2808360Z   /Users/runner/work/tardis/tardis/tardis/model/geometry/radial1d.py:61: DeprecationWarning:
2025-03-03T07:08:40.2808820Z   
2025-03-03T07:08:40.2809040Z   v_outer_boundary < 0, assuming default value
2025-03-03T07:08:40.2809240Z 
2025-03-03T07:08:40.2809580Z tardis/plasma/equilibrium/tests/test_collisional_transitions.py::test_legacy_chianti_collisional_strengths
2025-03-03T07:08:40.2810280Z tardis/plasma/equilibrium/tests/test_collisional_transitions.py::test_legacy_chianti_collisional_strengths
2025-03-03T07:08:40.2810990Z tardis/plasma/equilibrium/tests/test_collisional_transitions.py::test_legacy_chianti_collisional_strengths
2025-03-03T07:08:40.2811690Z tardis/plasma/equilibrium/tests/test_collisional_transitions.py::test_legacy_chianti_collisional_strengths
2025-03-03T07:08:40.2812560Z tardis/plasma/equilibrium/tests/test_level_populations.py::TestLevelPopulationSolver::test_calculate_level_population_simple[collisional_rate_solver0-radiative_transitions0]
2025-03-03T07:08:40.2813650Z tardis/plasma/equilibrium/tests/test_level_populations.py::TestLevelPopulationSolver::test_calculate_level_population_empty[collisional_rate_solver0-radiative_transitions0]
2025-03-03T07:08:40.2814660Z tardis/plasma/equilibrium/tests/test_level_populations.py::TestLevelPopulationSolver::test_calculate_level_population_zeros[collisional_rate_solver0-radiative_transitions0]
2025-03-03T07:08:40.2815660Z tardis/plasma/equilibrium/tests/test_level_populations.py::TestLevelPopulationSolver::test_solve[collisional_rate_solver0-radiative_transitions0]
2025-03-03T07:08:40.2816480Z tardis/plasma/equilibrium/tests/test_rate_matrix.py::test_rate_matrix_solver[collisional_rate_solver0-radiative_transitions0]
2025-03-03T07:08:40.2817210Z   /Users/runner/micromamba/envs/tardis/lib/python3.12/pickle.py:323: DeprecationWarning:
2025-03-03T07:08:40.2817620Z   
2025-03-03T07:08:40.2818980Z   numpy.core.numeric is deprecated and has been renamed to numpy._core.numeric. The numpy._core namespace contains private NumPy internals and its use is discouraged, as NumPy internals can change without warning in any release. In practice, most real-world usage of numpy.core is to access functionality in the public NumPy API. If that is the case, use the public NumPy API. If not, you are using NumPy internals. If you would still like to access an internal attribute, use numpy._core.numeric._frombuffer.
2025-03-03T07:08:40.2820310Z 
2025-03-03T07:08:40.2820750Z tardis/plasma/equilibrium/tests/test_level_populations.py::TestLevelPopulationSolver::test_solve[collisional_rate_solver0-radiative_transitions0]
2025-03-03T07:08:40.2821530Z   /Users/runner/work/tardis/tardis/tardis/plasma/equilibrium/level_populations.py:65: FutureWarning:
2025-03-03T07:08:40.2822590Z   
2025-03-03T07:08:40.2823000Z   A value is trying to be set on a copy of a DataFrame or Series through chained assignment using an inplace method.
2025-03-03T07:08:40.2823780Z   The behavior will change in pandas 3.0. This inplace method will never work because the intermediate object on which we are setting values always behaves as a copy.
2025-03-03T07:08:40.2824430Z   
2025-03-03T07:08:40.2825140Z   For example, when doing 'df[col].method(value, inplace=True)', try using 'df.method({col: value}, inplace=True)' or df[col] = df[col].method(value) instead, to perform the operation inplace on the original object.
2025-03-03T07:08:40.2825810Z 
2025-03-03T07:08:40.2826130Z tardis/plasma/tests/test_plasma_vboundary.py::test_plasma_vboundary[2900-3750]
2025-03-03T07:08:40.2826730Z tardis/plasma/tests/test_plasma_vboundary.py::test_plasma_vboundary[2900-3850]
2025-03-03T07:08:40.2827310Z tardis/plasma/tests/test_plasma_vboundary.py::test_plasma_vboundary[2900-3900]
2025-03-03T07:08:40.2827900Z   /Users/runner/work/tardis/tardis/tardis/model/geometry/radial1d.py:71: UserWarning:
2025-03-03T07:08:40.2828950Z   
2025-03-03T07:08:40.2829270Z   Requesting inner boundary below inner shell. Extrapolating the inner cell
2025-03-03T07:08:40.2829560Z 
2025-03-03T07:08:40.2830280Z tardis/spectrum/tests/test_numba_formal_integral.py::test_trapezoid_integration[100.0]
2025-03-03T07:08:40.2830780Z tardis/spectrum/tests/test_numba_formal_integral.py::test_trapezoid_integration[1000.0]
2025-03-03T07:08:40.2831330Z tardis/spectrum/tests/test_numba_formal_integral.py::test_trapezoid_integration[10000.0]
2025-03-03T07:08:40.2831890Z tardis/spectrum/tests/test_numba_formal_integral.py::test_trapezoid_integration[100000.0]
2025-03-03T07:08:40.2832470Z   /Users/runner/work/tardis/tardis/tardis/spectrum/tests/test_numba_formal_integral.py:35: DeprecationWarning:
2025-03-03T07:08:40.2832960Z   
2025-03-03T07:08:40.2833320Z   `trapz` is deprecated. Use `trapezoid` instead, or one of the numerical integration functions in `scipy.integrate`.
2025-03-03T07:08:40.2833680Z 
2025-03-03T07:08:40.2833900Z tardis/spectrum/tests/test_spectrum_solver.py::TestSpectrumSolver::test_solve
2025-03-03T07:08:40.2834360Z   /Users/runner/work/tardis/tardis/tardis/spectrum/base.py:70: UserWarning:
2025-03-03T07:08:40.2834750Z   
2025-03-03T07:08:40.2835130Z   SpectrumSolver.spectrum_virtual_packets is zero. Please run the montecarlo simulation with no_of_virtual_packets > 0
2025-03-03T07:08:40.2835510Z 
2025-03-03T07:08:40.2835750Z tardis/spectrum/tests/test_spectrum_solver.py::TestSpectrumSolver::test_solve
2025-03-03T07:08:40.2836210Z   /Users/runner/work/tardis/tardis/tardis/spectrum/base.py:111: UserWarning:
2025-03-03T07:08:40.2836610Z   
2025-03-03T07:08:40.2837010Z   SpectrumSolver.integrator: The FormalIntegrator is not yet available.Please run the montecarlo simulation at least once.
2025-03-03T07:08:40.2837400Z 
2025-03-03T07:08:40.2837660Z tardis/tests/test_util.py::test_calculate_luminosity[string_io0-100 km-result0]
2025-03-03T07:08:40.2838160Z tardis/tests/test_util.py::test_calculate_luminosity[string_io1-500 km-result1]
2025-03-03T07:08:40.2838640Z   /Users/runner/work/tardis/tardis/tardis/util/base.py:188: DeprecationWarning:
2025-03-03T07:08:40.2839040Z   
2025-03-03T07:08:40.2839390Z   `trapz` is deprecated. Use `trapezoid` instead, or one of the numerical integration functions in `scipy.integrate`.
2025-03-03T07:08:40.2839740Z 
2025-03-03T07:08:40.2839940Z tardis/visualization/tools/tests/test_sdec_plot.py: 48 warnings
2025-03-03T07:08:40.2840480Z   /Users/runner/work/tardis/tardis/tardis/visualization/tools/sdec_plot.py:736: DeprecationWarning:
2025-03-03T07:08:40.2840880Z   
2025-03-03T07:08:40.2841140Z   `in1d` is deprecated. Use `np.isin` instead.
2025-03-03T07:08:40.2841340Z 
2025-03-03T07:08:40.2841470Z tardis/visualization/tools/tests/test_sdec_plot.py: 48 warnings
2025-03-03T07:08:40.2842010Z   /Users/runner/work/tardis/tardis/tardis/visualization/tools/sdec_plot.py:758: DeprecationWarning:
2025-03-03T07:08:40.2842410Z   
2025-03-03T07:08:40.2843000Z   `in1d` is deprecated. Use `np.isin` instead.
2025-03-03T07:08:40.2843250Z 
2025-03-03T07:08:40.2843420Z tardis/visualization/tools/tests/test_sdec_plot.py: 48 warnings
2025-03-03T07:08:40.2843910Z   /Users/runner/work/tardis/tardis/tardis/visualization/tools/sdec_plot.py:779: DeprecationWarning:
2025-03-03T07:08:40.2844410Z   
2025-03-03T07:08:40.2844600Z   `in1d` is deprecated. Use `np.isin` instead.
2025-03-03T07:08:40.2844820Z 
2025-03-03T07:08:40.2845150Z tardis/visualization/tools/tests/test_sdec_plot.py::TestSDECPlotter::test_mpl_image[plotter_generate_plot_mpl4]
2025-03-03T07:08:40.2845740Z   /Users/runner/work/tardis/tardis/tardis/visualization/tools/sdec_plot.py:1225: RuntimeWarning:
2025-03-03T07:08:40.2846190Z   
2025-03-03T07:08:40.2846970Z   More than 20 figures have been opened. Figures created through the pyplot interface (`matplotlib.pyplot.figure`) are retained until explicitly closed and may consume too much memory. (To control this warning, see the rcParam `figure.max_open_warning`). Consider using `matplotlib.pyplot.close()`.
2025-03-03T07:08:40.2847800Z 
2025-03-03T07:08:40.2848130Z tardis/visualization/widgets/tests/test_custom_abundance.py::TestCustomAbundanceWidget::test_update_input_item_value
2025-03-03T07:08:40.2849040Z tardis/visualization/widgets/tests/test_custom_abundance.py::TestCustomAbundanceWidget::test_update_input_item_value
2025-03-03T07:08:40.2849740Z tardis/visualization/widgets/tests/test_custom_abundance.py::TestCustomAbundanceWidget::test_update_input_item_value
2025-03-03T07:08:40.2850470Z tardis/visualization/widgets/tests/test_custom_abundance.py::TestCustomAbundanceWidget::test_update_input_item_value
2025-03-03T07:08:40.2851180Z tardis/visualization/widgets/tests/test_custom_abundance.py::TestCustomAbundanceWidget::test_update_input_item_value
2025-03-03T07:08:40.2851920Z tardis/visualization/widgets/tests/test_custom_abundance.py::TestCustomAbundanceWidget::test_update_input_item_value
2025-03-03T07:08:40.2852600Z   /Users/runner/micromamba/envs/tardis/lib/python3.12/site-packages/traitlets/traitlets.py:1385: DeprecationWarning:
2025-03-03T07:08:40.2853160Z   
2025-03-03T07:08:40.2853430Z   Passing unrecognized arguments to super(Checkbox).__init__(icon='lock').
2025-03-03T07:08:40.2853910Z   object.__init__() takes exactly one argument (the instance to initialize)
2025-03-03T07:08:40.2854390Z   This is deprecated in traitlets 4.2.This error will be raised in a future release of traitlets.
2025-03-03T07:08:40.2854700Z 
2025-03-03T07:08:40.2855040Z tardis/visualization/widgets/tests/test_custom_abundance.py::TestCustomAbundanceWidget::test_update_input_item_value
2025-03-03T07:08:40.2855760Z tardis/visualization/widgets/tests/test_custom_abundance.py::TestCustomAbundanceWidget::test_update_input_item_value
2025-03-03T07:08:40.2856500Z   /Users/runner/micromamba/envs/tardis/lib/python3.12/site-packages/traitlets/traitlets.py:1385: DeprecationWarning:
2025-03-03T07:08:40.2856990Z   
2025-03-03T07:08:40.2857260Z   Passing unrecognized arguments to super(FloatText).__init__(min=0).
2025-03-03T07:08:40.2857730Z   object.__init__() takes exactly one argument (the instance to initialize)
2025-03-03T07:08:40.2858190Z   This is deprecated in traitlets 4.2.This error will be raised in a future release of traitlets.
2025-03-03T07:08:40.2858520Z 
2025-03-03T07:08:40.2858850Z tardis/visualization/widgets/tests/test_custom_abundance.py::TestCustomAbundanceWidget::test_update_input_item_value
2025-03-03T07:08:40.2859530Z   /Users/runner/micromamba/envs/tardis/lib/python3.12/site-packages/traitlets/traitlets.py:1385: DeprecationWarning:
2025-03-03T07:08:40.2860030Z   
2025-03-03T07:08:40.2860300Z   Passing unrecognized arguments to super(HTML).__init__(indent=True).
2025-03-03T07:08:40.2860780Z   object.__init__() takes exactly one argument (the instance to initialize)
2025-03-03T07:08:40.2861240Z   This is deprecated in traitlets 4.2.This error will be raised in a future release of traitlets.
2025-03-03T07:08:40.2861560Z 
2025-03-03T07:08:40.2862290Z tardis/visualization/widgets/tests/test_line_info.py::TestLineInfoWidgetData::test_get_species_interactions[wavelength_range0-packet_out_nu]
2025-03-03T07:08:40.2863120Z   /Users/runner/micromamba/envs/tardis/lib/python3.12/site-packages/qgridnext/grid.py:820: DeprecationWarning:
2025-03-03T07:08:40.2863540Z   
2025-03-03T07:08:40.2863920Z   QgridWidget._precision_changed is deprecated in traitlets 4.1: use @observe and @unobserve instead.
2025-03-03T07:08:40.2864210Z 
2025-03-03T07:08:40.2864470Z tardis/visualization/widgets/tests/test_shell_info.py::TestHDFShellInfo::test_shells_data
2025-03-03T07:08:40.2865020Z   /Users/runner/work/tardis/tardis/tardis/io/util.py:289: PerformanceWarning:
2025-03-03T07:08:40.2865350Z   
2025-03-03T07:08:40.2865560Z   
2025-03-03T07:08:40.2865850Z   your performance may suffer as PyTables will pickle object types that it cannot
2025-03-03T07:08:40.2866390Z   map directly to c-types [inferred_type->mixed,key->block0_values] [items->Index([0], dtype='int64')]
2025-03-03T07:08:40.2866670Z 
2025-03-03T07:08:40.2866930Z tardis/visualization/widgets/tests/test_shell_info.py::TestHDFShellInfo::test_shells_data
2025-03-03T07:08:40.2867470Z   /Users/runner/work/tardis/tardis/tardis/io/util.py:292: PerformanceWarning:
2025-03-03T07:08:40.2867810Z   
2025-03-03T07:08:40.2868190Z   
2025-03-03T07:08:40.2868610Z   your performance may suffer as PyTables will pickle object types that it cannot
2025-03-03T07:08:40.2869100Z   map directly to c-types [inferred_type->mixed,key->values] [items->None]
2025-03-03T07:08:40.2869390Z 
2025-03-03T07:08:40.2869600Z tardis/visualization/widgets/tests/test_shell_info.py::TestHDFShellInfo::test_shells_data
2025-03-03T07:08:40.2870190Z   /Users/runner/work/tardis/tardis/tardis/spectrum/formal_integral.py:398: UserWarning:
2025-03-03T07:08:40.2870560Z   
2025-03-03T07:08:40.2870880Z   The number of interpolate_shells was not specified. The value was set to 80.
2025-03-03T07:08:40.2871150Z 
2025-03-03T07:08:40.2871390Z -- Docs: https://docs.pytest.org/en/stable/how-to/capture-warnings.html
2025-03-03T07:08:40.2871620Z 
2025-03-03T07:08:40.2871850Z ---------- coverage: platform darwin, python 3.12.4-final-0 ----------
2025-03-03T07:08:40.2872240Z Coverage HTML written to dir coverage_html_report
2025-03-03T07:08:40.2872540Z Coverage XML written to file coverage.xml
2025-03-03T07:08:40.2872960Z 
2025-03-03T07:08:40.2873400Z = 1412 passed, 357 skipped, 2 deselected, 19 xfailed, 8 xpassed, 222 warnings in 696.00s (0:11:35) =
2025-03-03T07:08:42.0909130Z ##[group]Run mv .coverage .coverage.0
2025-03-03T07:08:42.0911680Z [36;1mmv .coverage .coverage.0[0m
2025-03-03T07:08:42.1438030Z shell: /bin/bash -l {0}
2025-03-03T07:08:42.1438220Z env:
2025-03-03T07:08:42.1438360Z   CACHE_NUMBER: 0
2025-03-03T07:08:42.1438860Z   PYTEST_FLAGS: --tardis-regression-data=/Users/runner/work/tardis/tardis/tardis-regression-data --cov=tardis --cov-report=xml --cov-report=html --cov-append
2025-03-03T07:08:42.1439480Z   CODECOV_TOKEN: 
2025-03-03T07:08:42.1439650Z   MAMBA_ROOT_PREFIX: /Users/runner/micromamba
2025-03-03T07:08:42.1439900Z   MAMBA_EXE: /Users/runner/micromamba-bin/micromamba
2025-03-03T07:08:42.1440180Z   CONDARC: /Users/runner/work/_temp/setup-micromamba/.condarc
2025-03-03T07:08:42.1440420Z ##[endgroup]
2025-03-03T07:08:42.3832350Z ##[group]Run actions/upload-artifact@v4
2025-03-03T07:08:42.3832680Z with:
2025-03-03T07:08:42.3832890Z   name: coverage-not-continuum-macos-latest
2025-03-03T07:08:42.3833210Z   include-hidden-files: true
2025-03-03T07:08:42.3833460Z   path: .coverage*
!.coveragerc

2025-03-03T07:08:42.3833730Z   if-no-files-found: warn
2025-03-03T07:08:42.3834020Z   compression-level: 6
2025-03-03T07:08:42.3834290Z   overwrite: false
2025-03-03T07:08:42.3834560Z env:
2025-03-03T07:08:42.3834740Z   CACHE_NUMBER: 0
2025-03-03T07:08:42.3835380Z   PYTEST_FLAGS: --tardis-regression-data=/Users/runner/work/tardis/tardis/tardis-regression-data --cov=tardis --cov-report=xml --cov-report=html --cov-append
2025-03-03T07:08:42.3835980Z   CODECOV_TOKEN: 
2025-03-03T07:08:42.3836250Z   MAMBA_ROOT_PREFIX: /Users/runner/micromamba
2025-03-03T07:08:42.3836630Z   MAMBA_EXE: /Users/runner/micromamba-bin/micromamba
2025-03-03T07:08:42.3837040Z   CONDARC: /Users/runner/work/_temp/setup-micromamba/.condarc
2025-03-03T07:08:42.3837380Z ##[endgroup]
2025-03-03T07:08:42.8974810Z With the provided path, there will be 2 files uploaded
2025-03-03T07:08:42.8977350Z Artifact name is valid!
2025-03-03T07:08:42.8978010Z Root directory input is valid!
2025-03-03T07:08:43.1023130Z Beginning upload of artifact content to blob storage
2025-03-03T07:08:43.3071880Z Uploaded bytes 29808
2025-03-03T07:08:43.3580840Z Finished uploading artifact content to blob storage!
2025-03-03T07:08:43.3584430Z SHA256 hash of uploaded artifact zip is ca2b6c7af2136e7623253e683b1e38cf93516c13f4e714629357086e42d4c4b1
2025-03-03T07:08:43.3586900Z Finalizing artifact upload
2025-03-03T07:08:43.5638810Z Artifact coverage-not-continuum-macos-latest.zip successfully finalized. Artifact ID 2679669535
2025-03-03T07:08:43.5719020Z Artifact coverage-not-continuum-macos-latest has been successfully uploaded! Final size is 29808 bytes. Artifact ID is 2679669535
2025-03-03T07:08:43.5765730Z Artifact download URL: https://github.com/tardis-sn/tardis/actions/runs/13625136839/artifacts/2679669535
2025-03-03T07:08:43.5819350Z Post job cleanup.
2025-03-03T07:08:43.5866130Z Post job cleanup.
2025-03-03T07:08:43.7381760Z Will use pre-installed micromamba at /Users/runner/micromamba-bin/micromamba
2025-03-03T07:08:43.7384360Z Removing micromamba run shell ...
2025-03-03T07:08:43.7386150Z ##[group]Deinitialize micromamba for bash
2025-03-03T07:08:43.7401050Z [command]/Users/runner/micromamba-bin/micromamba shell deinit -s bash -r /Users/runner/micromamba --log-level warning --rc-file /Users/runner/work/_temp/setup-micromamba/.condarc
2025-03-03T07:08:43.7535870Z Resetting RC file "/Users/runner/.bash_profile"
2025-03-03T07:08:43.7536310Z Deleting config for root prefix 
2025-03-03T07:08:43.7536950Z Clearing mamba executable environment variable
2025-03-03T07:08:43.7549750Z Removing the following in your "/Users/runner/.bash_profile" file
2025-03-03T07:08:43.7550050Z # >>> mamba initialize >>>
2025-03-03T07:08:43.7550280Z ...
2025-03-03T07:08:43.7550550Z # <<< mamba initialize <<<
2025-03-03T07:08:43.7576240Z Removing environment tardis from auto-activate bash ...
2025-03-03T07:08:43.7677300Z Post job cleanup.
2025-03-03T07:08:43.7727690Z Post job cleanup.
2025-03-03T07:08:43.8900440Z [command]/opt/homebrew/bin/git version
2025-03-03T07:08:43.9115380Z git version 2.48.1
2025-03-03T07:08:43.9137490Z Copying '/Users/runner/.gitconfig' to '/Users/runner/work/_temp/6f358bcc-bd8d-4854-a941-ba35b92492a2/.gitconfig'
2025-03-03T07:08:43.9144130Z Temporarily overriding HOME='/Users/runner/work/_temp/6f358bcc-bd8d-4854-a941-ba35b92492a2' before making global git config changes
2025-03-03T07:08:43.9144710Z Adding repository directory to the temporary git global config as a safe directory
2025-03-03T07:08:43.9152660Z [command]/opt/homebrew/bin/git config --global --add safe.directory /Users/runner/work/tardis/tardis/tardis-regression-data
2025-03-03T07:08:43.9241470Z [command]/opt/homebrew/bin/git config --local --name-only --get-regexp core\.sshCommand
2025-03-03T07:08:43.9324380Z [command]/opt/homebrew/bin/git submodule foreach --recursive sh -c "git config --local --name-only --get-regexp 'core\.sshCommand' && git config --local --unset-all 'core.sshCommand' || :"
2025-03-03T07:08:44.0625930Z [command]/opt/homebrew/bin/git config --local --name-only --get-regexp http\.https\:\/\/github\.com\/\.extraheader
2025-03-03T07:08:44.0664090Z http.https://github.com/.extraheader
2025-03-03T07:08:44.0677140Z [command]/opt/homebrew/bin/git config --local --unset-all http.https://github.com/.extraheader
2025-03-03T07:08:44.0736570Z [command]/opt/homebrew/bin/git submodule foreach --recursive sh -c "git config --local --name-only --get-regexp 'http\.https\:\/\/github\.com\/\.extraheader' && git config --local --unset-all 'http.https://github.com/.extraheader' || :"
2025-03-03T07:08:44.1606450Z Post job cleanup.
2025-03-03T07:08:44.2883950Z [command]/opt/homebrew/bin/git version
2025-03-03T07:08:44.2940480Z git version 2.48.1
2025-03-03T07:08:44.2970550Z Copying '/Users/runner/.gitconfig' to '/Users/runner/work/_temp/c54ae98f-7302-43f8-b230-42f6d1a09ade/.gitconfig'
2025-03-03T07:08:44.2978030Z Temporarily overriding HOME='/Users/runner/work/_temp/c54ae98f-7302-43f8-b230-42f6d1a09ade' before making global git config changes
2025-03-03T07:08:44.2979080Z Adding repository directory to the temporary git global config as a safe directory
2025-03-03T07:08:44.2982040Z [command]/opt/homebrew/bin/git config --global --add safe.directory /Users/runner/work/tardis/tardis
2025-03-03T07:08:44.3050860Z [command]/opt/homebrew/bin/git config --local --name-only --get-regexp core\.sshCommand
2025-03-03T07:08:44.3108450Z [command]/opt/homebrew/bin/git submodule foreach --recursive sh -c "git config --local --name-only --get-regexp 'core\.sshCommand' && git config --local --unset-all 'core.sshCommand' || :"
2025-03-03T07:08:44.3912130Z [command]/opt/homebrew/bin/git config --local --name-only --get-regexp http\.https\:\/\/github\.com\/\.extraheader
2025-03-03T07:08:44.3960750Z http.https://github.com/.extraheader
2025-03-03T07:08:44.3970410Z [command]/opt/homebrew/bin/git config --local --unset-all http.https://github.com/.extraheader
2025-03-03T07:08:44.4038420Z [command]/opt/homebrew/bin/git submodule foreach --recursive sh -c "git config --local --name-only --get-regexp 'http\.https\:\/\/github\.com\/\.extraheader' && git config --local --unset-all 'http.https://github.com/.extraheader' || :"
2025-03-03T07:08:44.4949650Z Cleaning up orphan processes
