2025-03-03T06:54:57.5295085Z Requested labels: macos-latest
2025-03-03T06:54:57.5295436Z Job defined at: tardis-sn/tardis/.github/workflows/tests.yml@refs/pull/3000/merge
2025-03-03T06:54:57.5295546Z Waiting for a runner to pick up this job...
2025-03-03T06:54:57.7014804Z Job is waiting for a hosted runner to come online.
2025-03-03T06:55:01.4396741Z Job is about to start running on the hosted runner: GitHub Actions 16 (hosted)
2025-03-03T06:55:03.0742060Z Current runner version: '2.322.0'
2025-03-03T06:55:03.0763110Z ##[group]Operating System
2025-03-03T06:55:03.0763680Z macOS
2025-03-03T06:55:03.0764010Z 14.7.2
2025-03-03T06:55:03.0764320Z 23H311
2025-03-03T06:55:03.0764640Z ##[endgroup]
2025-03-03T06:55:03.0764960Z ##[group]Runner Image
2025-03-03T06:55:03.0765320Z Image: macos-14-arm64
2025-03-03T06:55:03.0765670Z Version: 20250120.774
2025-03-03T06:55:03.0766380Z Included Software: https://github.com/actions/runner-images/blob/macos-14-arm64/20250120.774/images/macos/macos-14-arm64-Readme.md
2025-03-03T06:55:03.0767370Z Image Release: https://github.com/actions/runner-images/releases/tag/macos-14-arm64%2F20250120.774
2025-03-03T06:55:03.0767980Z ##[endgroup]
2025-03-03T06:55:03.0768320Z ##[group]Runner Image Provisioner
2025-03-03T06:55:03.0768740Z 2.0.422.1+55c30c14fe2a0a1547db1b656933ae07d97649a9
2025-03-03T06:55:03.0769160Z ##[endgroup]
2025-03-03T06:55:03.0770630Z ##[group]GITHUB_TOKEN Permissions
2025-03-03T06:55:03.0772230Z Actions: read
2025-03-03T06:55:03.0772590Z Attestations: read
2025-03-03T06:55:03.0772930Z Checks: read
2025-03-03T06:55:03.0773250Z Contents: read
2025-03-03T06:55:03.0773600Z Deployments: read
2025-03-03T06:55:03.0773930Z Discussions: read
2025-03-03T06:55:03.0774250Z Issues: read
2025-03-03T06:55:03.0774580Z Metadata: read
2025-03-03T06:55:03.0774900Z Packages: read
2025-03-03T06:55:03.0775220Z Pages: read
2025-03-03T06:55:03.0775520Z PullRequests: read
2025-03-03T06:55:03.0775860Z RepositoryProjects: read
2025-03-03T06:55:03.0776230Z SecurityEvents: read
2025-03-03T06:55:03.0776570Z Statuses: read
2025-03-03T06:55:03.0776900Z ##[endgroup]
2025-03-03T06:55:03.0779530Z Secret source: None
2025-03-03T06:55:03.0779980Z Prepare workflow directory
2025-03-03T06:55:03.1193640Z Prepare all required actions
2025-03-03T06:55:03.1222010Z Getting action download info
2025-03-03T06:55:03.3079760Z Download action repository 'actions/checkout@v4' (SHA:11bd71901bbe5b1630ceea73d27597364c9af683)
2025-03-03T06:55:03.6345890Z Download action repository 'actions/upload-artifact@v4' (SHA:4cec3d8aa04e39d1a68397de0c4cd6fb9dce8ec1)
2025-03-03T06:55:04.9042370Z Complete job name:  continuum macos-latest 
2025-03-03T06:55:04.9449150Z ##[group]Run actions/checkout@v4
2025-03-03T06:55:04.9449950Z with:
2025-03-03T06:55:04.9450290Z   repository: tardis-sn/tardis
2025-03-03T06:55:04.9450800Z   token: ***
2025-03-03T06:55:04.9451110Z   ssh-strict: true
2025-03-03T06:55:04.9451480Z   ssh-user: git
2025-03-03T06:55:04.9451820Z   persist-credentials: true
2025-03-03T06:55:04.9452190Z   clean: true
2025-03-03T06:55:04.9452520Z   sparse-checkout-cone-mode: true
2025-03-03T06:55:04.9452900Z   fetch-depth: 1
2025-03-03T06:55:04.9453220Z   fetch-tags: false
2025-03-03T06:55:04.9453550Z   show-progress: true
2025-03-03T06:55:04.9453910Z   lfs: false
2025-03-03T06:55:04.9454240Z   submodules: false
2025-03-03T06:55:04.9454580Z   set-safe-directory: true
2025-03-03T06:55:04.9455140Z env:
2025-03-03T06:55:04.9455440Z   CACHE_NUMBER: 0
2025-03-03T06:55:04.9456340Z   PYTEST_FLAGS: --tardis-regression-data=/Users/runner/work/tardis/tardis/tardis-regression-data --cov=tardis --cov-report=xml --cov-report=html --cov-append
2025-03-03T06:55:04.9457310Z   CODECOV_TOKEN: 
2025-03-03T06:55:04.9457640Z ##[endgroup]
2025-03-03T06:55:05.3261940Z Syncing repository: tardis-sn/tardis
2025-03-03T06:55:05.3265210Z ##[group]Getting Git version info
2025-03-03T06:55:05.3266270Z Working directory is '/Users/runner/work/tardis/tardis'
2025-03-03T06:55:05.3287480Z [command]/opt/homebrew/bin/git version
2025-03-03T06:55:05.3849780Z git version 2.48.1
2025-03-03T06:55:05.3889110Z ##[endgroup]
2025-03-03T06:55:05.3901520Z Copying '/Users/runner/.gitconfig' to '/Users/runner/work/_temp/0ae521e7-89f2-4781-b8fe-4baeee9acf0b/.gitconfig'
2025-03-03T06:55:05.3923460Z Temporarily overriding HOME='/Users/runner/work/_temp/0ae521e7-89f2-4781-b8fe-4baeee9acf0b' before making global git config changes
2025-03-03T06:55:05.3924760Z Adding repository directory to the temporary git global config as a safe directory
2025-03-03T06:55:05.3926590Z [command]/opt/homebrew/bin/git config --global --add safe.directory /Users/runner/work/tardis/tardis
2025-03-03T06:55:05.4041660Z Deleting the contents of '/Users/runner/work/tardis/tardis'
2025-03-03T06:55:05.4045650Z ##[group]Initializing the repository
2025-03-03T06:55:05.4049400Z [command]/opt/homebrew/bin/git init /Users/runner/work/tardis/tardis
2025-03-03T06:55:05.4262400Z hint: Using 'master' as the name for the initial branch. This default branch name
2025-03-03T06:55:05.4264600Z hint: is subject to change. To configure the initial branch name to use in all
2025-03-03T06:55:05.4266690Z hint: of your new repositories, which will suppress this warning, call:
2025-03-03T06:55:05.4268340Z hint:
2025-03-03T06:55:05.4269430Z hint: 	git config --global init.defaultBranch <name>
2025-03-03T06:55:05.4270700Z hint:
2025-03-03T06:55:05.4271940Z hint: Names commonly chosen instead of 'master' are 'main', 'trunk' and
2025-03-03T06:55:05.4274180Z hint: 'development'. The just-created branch can be renamed via this command:
2025-03-03T06:55:05.4275150Z hint:
2025-03-03T06:55:05.4275480Z hint: 	git branch -m <name>
2025-03-03T06:55:05.4276140Z Initialized empty Git repository in /Users/runner/work/tardis/tardis/.git/
2025-03-03T06:55:05.4281810Z [command]/opt/homebrew/bin/git remote add origin https://github.com/tardis-sn/tardis
2025-03-03T06:55:05.4384020Z ##[endgroup]
2025-03-03T06:55:05.4385770Z ##[group]Disabling automatic garbage collection
2025-03-03T06:55:05.4387350Z [command]/opt/homebrew/bin/git config --local gc.auto 0
2025-03-03T06:55:05.4407350Z ##[endgroup]
2025-03-03T06:55:05.4408260Z ##[group]Setting up auth
2025-03-03T06:55:05.4421300Z [command]/opt/homebrew/bin/git config --local --name-only --get-regexp core\.sshCommand
2025-03-03T06:55:05.4482670Z [command]/opt/homebrew/bin/git submodule foreach --recursive sh -c "git config --local --name-only --get-regexp 'core\.sshCommand' && git config --local --unset-all 'core.sshCommand' || :"
2025-03-03T06:55:05.5266710Z [command]/opt/homebrew/bin/git config --local --name-only --get-regexp http\.https\:\/\/github\.com\/\.extraheader
2025-03-03T06:55:05.5318780Z [command]/opt/homebrew/bin/git submodule foreach --recursive sh -c "git config --local --name-only --get-regexp 'http\.https\:\/\/github\.com\/\.extraheader' && git config --local --unset-all 'http.https://github.com/.extraheader' || :"
2025-03-03T06:55:05.6043100Z [command]/opt/homebrew/bin/git config --local http.https://github.com/.extraheader AUTHORIZATION: basic ***
2025-03-03T06:55:05.6129100Z ##[endgroup]
2025-03-03T06:55:05.6137260Z ##[group]Fetching the repository
2025-03-03T06:55:05.6139630Z [command]/opt/homebrew/bin/git -c protocol.version=2 fetch --no-tags --prune --no-recurse-submodules --depth=1 origin +93ba886c8cf789a453a05d01bfb779cf53255903:refs/remotes/pull/3000/merge
2025-03-03T06:55:07.5381560Z From https://github.com/tardis-sn/tardis
2025-03-03T06:55:07.5384170Z  * [new ref]         93ba886c8cf789a453a05d01bfb779cf53255903 -> pull/3000/merge
2025-03-03T06:55:07.5513240Z ##[endgroup]
2025-03-03T06:55:07.5514090Z ##[group]Determining the checkout info
2025-03-03T06:55:07.5515000Z ##[endgroup]
2025-03-03T06:55:07.5515880Z [command]/opt/homebrew/bin/git sparse-checkout disable
2025-03-03T06:55:07.5592620Z [command]/opt/homebrew/bin/git config --local --unset-all extensions.worktreeConfig
2025-03-03T06:55:07.5660870Z ##[group]Checking out the ref
2025-03-03T06:55:07.5674190Z [command]/opt/homebrew/bin/git checkout --progress --force refs/remotes/pull/3000/merge
2025-03-03T06:55:07.8518510Z HEAD is now at 93ba886 Merge d6e63ae71774f863d8978fc2766a40dd297fbb17 into a51af908c6403099d3162da0bf4b0fbaca439cac
2025-03-03T06:55:07.8643460Z ##[endgroup]
2025-03-03T06:55:07.8650150Z [command]/opt/homebrew/bin/git log -1 --format=%H
2025-03-03T06:55:07.8713710Z 93ba886c8cf789a453a05d01bfb779cf53255903
2025-03-03T06:55:07.9236130Z Prepare all required actions
2025-03-03T06:55:07.9237580Z Getting action download info
2025-03-03T06:55:08.0585030Z Download action repository 'actions/cache@v4' (SHA:d4323d4df104b026a6aa633fdb11d772146be0bf)
2025-03-03T06:55:09.1883000Z ##[group]Run ./.github/actions/setup_lfs
2025-03-03T06:55:09.1883270Z with:
2025-03-03T06:55:09.1883460Z   regression-data-repo: tardis-sn/tardis-regression-data
2025-03-03T06:55:09.1883710Z   atom-data-sparse: false
2025-03-03T06:55:09.1883860Z env:
2025-03-03T06:55:09.1883980Z   CACHE_NUMBER: 0
2025-03-03T06:55:09.1884470Z   PYTEST_FLAGS: --tardis-regression-data=/Users/runner/work/tardis/tardis/tardis-regression-data --cov=tardis --cov-report=xml --cov-report=html --cov-append
2025-03-03T06:55:09.1885020Z   CODECOV_TOKEN: 
2025-03-03T06:55:09.1885160Z ##[endgroup]
2025-03-03T06:55:09.2004170Z ##[group]Run actions/checkout@v4
2025-03-03T06:55:09.2004390Z with:
2025-03-03T06:55:09.2004550Z   repository: tardis-sn/tardis-regression-data
2025-03-03T06:55:09.2004840Z   path: tardis-regression-data
2025-03-03T06:55:09.2005040Z   lfs: false
2025-03-03T06:55:09.2005290Z   token: ***
2025-03-03T06:55:09.2005420Z   ssh-strict: true
2025-03-03T06:55:09.2005590Z   ssh-user: git
2025-03-03T06:55:09.2005730Z   persist-credentials: true
2025-03-03T06:55:09.2005900Z   clean: true
2025-03-03T06:55:09.2006050Z   sparse-checkout-cone-mode: true
2025-03-03T06:55:09.2006240Z   fetch-depth: 1
2025-03-03T06:55:09.2006380Z   fetch-tags: false
2025-03-03T06:55:09.2006530Z   show-progress: true
2025-03-03T06:55:09.2006680Z   submodules: false
2025-03-03T06:55:09.2006820Z   set-safe-directory: true
2025-03-03T06:55:09.2006980Z env:
2025-03-03T06:55:09.2007100Z   CACHE_NUMBER: 0
2025-03-03T06:55:09.2007590Z   PYTEST_FLAGS: --tardis-regression-data=/Users/runner/work/tardis/tardis/tardis-regression-data --cov=tardis --cov-report=xml --cov-report=html --cov-append
2025-03-03T06:55:09.2008110Z   CODECOV_TOKEN: 
2025-03-03T06:55:09.2008240Z ##[endgroup]
2025-03-03T06:55:09.3721520Z Syncing repository: tardis-sn/tardis-regression-data
2025-03-03T06:55:09.3743760Z ##[group]Getting Git version info
2025-03-03T06:55:09.3745120Z Working directory is '/Users/runner/work/tardis/tardis/tardis-regression-data'
2025-03-03T06:55:09.3745990Z [command]/opt/homebrew/bin/git version
2025-03-03T06:55:09.3746450Z git version 2.48.1
2025-03-03T06:55:09.3747560Z ##[endgroup]
2025-03-03T06:55:09.3849970Z Copying '/Users/runner/.gitconfig' to '/Users/runner/work/_temp/63444f61-799d-4a61-94da-2aeb9b852891/.gitconfig'
2025-03-03T06:55:09.3951680Z Temporarily overriding HOME='/Users/runner/work/_temp/63444f61-799d-4a61-94da-2aeb9b852891' before making global git config changes
2025-03-03T06:55:09.4053420Z Adding repository directory to the temporary git global config as a safe directory
2025-03-03T06:55:09.4086770Z [command]/opt/homebrew/bin/git config --global --add safe.directory /Users/runner/work/tardis/tardis/tardis-regression-data
2025-03-03T06:55:09.4144080Z ##[group]Initializing the repository
2025-03-03T06:55:09.4161600Z [command]/opt/homebrew/bin/git init /Users/runner/work/tardis/tardis/tardis-regression-data
2025-03-03T06:55:09.4163230Z hint: Using 'master' as the name for the initial branch. This default branch name
2025-03-03T06:55:09.4166150Z hint: is subject to change. To configure the initial branch name to use in all
2025-03-03T06:55:09.4169710Z hint: of your new repositories, which will suppress this warning, call:
2025-03-03T06:55:09.4197770Z hint:
2025-03-03T06:55:09.4228250Z hint: 	git config --global init.defaultBranch <name>
2025-03-03T06:55:09.4291500Z hint:
2025-03-03T06:55:09.4300040Z hint: Names commonly chosen instead of 'master' are 'main', 'trunk' and
2025-03-03T06:55:09.4374230Z hint: 'development'. The just-created branch can be renamed via this command:
2025-03-03T06:55:09.4390210Z hint:
2025-03-03T06:55:09.4391070Z hint: 	git branch -m <name>
2025-03-03T06:55:09.4392260Z Initialized empty Git repository in /Users/runner/work/tardis/tardis/tardis-regression-data/.git/
2025-03-03T06:55:09.4410460Z [command]/opt/homebrew/bin/git remote add origin https://github.com/tardis-sn/tardis-regression-data
2025-03-03T06:55:09.4412830Z ##[endgroup]
2025-03-03T06:55:09.4414090Z ##[group]Disabling automatic garbage collection
2025-03-03T06:55:09.4415120Z [command]/opt/homebrew/bin/git config --local gc.auto 0
2025-03-03T06:55:09.4416560Z ##[endgroup]
2025-03-03T06:55:09.4417220Z ##[group]Setting up auth
2025-03-03T06:55:09.4418040Z [command]/opt/homebrew/bin/git config --local --name-only --get-regexp core\.sshCommand
2025-03-03T06:55:09.4420600Z [command]/opt/homebrew/bin/git submodule foreach --recursive sh -c "git config --local --name-only --get-regexp 'core\.sshCommand' && git config --local --unset-all 'core.sshCommand' || :"
2025-03-03T06:55:09.5227150Z [command]/opt/homebrew/bin/git config --local --name-only --get-regexp http\.https\:\/\/github\.com\/\.extraheader
2025-03-03T06:55:09.5307920Z [command]/opt/homebrew/bin/git submodule foreach --recursive sh -c "git config --local --name-only --get-regexp 'http\.https\:\/\/github\.com\/\.extraheader' && git config --local --unset-all 'http.https://github.com/.extraheader' || :"
2025-03-03T06:55:09.6155750Z [command]/opt/homebrew/bin/git config --local http.https://github.com/.extraheader AUTHORIZATION: basic ***
2025-03-03T06:55:09.6186010Z ##[endgroup]
2025-03-03T06:55:09.6186520Z ##[group]Determining the default branch
2025-03-03T06:55:09.6187360Z Retrieving the default branch name
2025-03-03T06:55:10.1220430Z Default branch 'main'
2025-03-03T06:55:10.1340940Z ##[endgroup]
2025-03-03T06:55:10.1474560Z ##[group]Fetching the repository
2025-03-03T06:55:10.1627770Z [command]/opt/homebrew/bin/git -c protocol.version=2 fetch --no-tags --prune --no-recurse-submodules --depth=1 origin +refs/heads/main:refs/remotes/origin/main
2025-03-03T06:55:11.0854830Z From https://github.com/tardis-sn/tardis-regression-data
2025-03-03T06:55:11.0855600Z  * [new branch]      main       -> origin/main
2025-03-03T06:55:11.0970890Z ##[endgroup]
2025-03-03T06:55:11.0971340Z ##[group]Determining the checkout info
2025-03-03T06:55:11.0971790Z ##[endgroup]
2025-03-03T06:55:11.0983020Z [command]/opt/homebrew/bin/git sparse-checkout disable
2025-03-03T06:55:11.1053990Z [command]/opt/homebrew/bin/git config --local --unset-all extensions.worktreeConfig
2025-03-03T06:55:11.1119330Z ##[group]Checking out the ref
2025-03-03T06:55:11.1127510Z [command]/opt/homebrew/bin/git checkout --progress --force -B main refs/remotes/origin/main
2025-03-03T06:55:11.3892520Z Switched to a new branch 'main'
2025-03-03T06:55:11.3993570Z branch 'main' set up to track 'origin/main'.
2025-03-03T06:55:11.5644360Z ##[endgroup]
2025-03-03T06:55:11.5968380Z [command]/opt/homebrew/bin/git log -1 --format=%H
2025-03-03T06:55:11.6013110Z b2fdf418ac1a3631f8c3d2a5f392b6ebfa09ba0b
2025-03-03T06:55:11.6083030Z ##[group]Run if [ "false" == "true" ]; then
2025-03-03T06:55:11.6083420Z [36;1mif [ "false" == "true" ]; then[0m
2025-03-03T06:55:11.6083700Z [36;1m  echo "Using atom data sparse checkout"[0m
2025-03-03T06:55:11.6084100Z [36;1m  echo "atom_data/kurucz_cd23_chianti_H_He.h5" > .lfs-files-list[0m
2025-03-03T06:55:11.6084410Z [36;1melse[0m
2025-03-03T06:55:11.6084620Z [36;1m  echo "Using full repository checkout"[0m
2025-03-03T06:55:11.6085030Z [36;1m  git lfs ls-files -l | cut -d' ' -f1 | sort > .lfs-files-list[0m
2025-03-03T06:55:11.6085340Z [36;1mfi[0m
2025-03-03T06:55:11.6156690Z shell: /bin/bash --noprofile --norc -e -o pipefail {0}
2025-03-03T06:55:11.6156990Z env:
2025-03-03T06:55:11.6157130Z   CACHE_NUMBER: 0
2025-03-03T06:55:11.6157680Z   PYTEST_FLAGS: --tardis-regression-data=/Users/runner/work/tardis/tardis/tardis-regression-data --cov=tardis --cov-report=xml --cov-report=html --cov-append
2025-03-03T06:55:11.6158240Z   CODECOV_TOKEN: 
2025-03-03T06:55:11.6158390Z ##[endgroup]
2025-03-03T06:55:11.6606600Z Using full repository checkout
2025-03-03T06:55:11.9775460Z ##[group]Run actions/cache/restore@v4
2025-03-03T06:55:11.9775750Z with:
2025-03-03T06:55:11.9776250Z   path: tardis-regression-data/.git/lfs
2025-03-03T06:55:11.9776800Z   key: tardis-regression-full-data-6e3f921411cf0a4e16018f0781785ab8728ab151c8f95ea20b0c8e8609b9a332-tardis-sn/tardis-regression-data-v1
2025-03-03T06:55:11.9780180Z   fail-on-cache-miss: true
2025-03-03T06:55:11.9780370Z   enableCrossOsArchive: false
2025-03-03T06:55:11.9780560Z   lookup-only: false
2025-03-03T06:55:11.9780730Z env:
2025-03-03T06:55:11.9780860Z   CACHE_NUMBER: 0
2025-03-03T06:55:11.9781370Z   PYTEST_FLAGS: --tardis-regression-data=/Users/runner/work/tardis/tardis/tardis-regression-data --cov=tardis --cov-report=xml --cov-report=html --cov-append
2025-03-03T06:55:11.9781890Z   CODECOV_TOKEN: 
2025-03-03T06:55:11.9782030Z ##[endgroup]
2025-03-03T06:55:12.2956260Z Cache hit for: tardis-regression-full-data-6e3f921411cf0a4e16018f0781785ab8728ab151c8f95ea20b0c8e8609b9a332-tardis-sn/tardis-regression-data-v1
2025-03-03T06:55:13.4997060Z Received 54525952 of 2160718086 (2.5%), 51.9 MBs/sec
2025-03-03T06:55:14.5014640Z Received 125829120 of 2160718086 (5.8%), 59.9 MBs/sec
2025-03-03T06:55:15.5084660Z Received 163577856 of 2160718086 (7.6%), 51.9 MBs/sec
2025-03-03T06:55:16.5122080Z Received 264241152 of 2160718086 (12.2%), 62.8 MBs/sec
2025-03-03T06:55:17.5169310Z Received 343932928 of 2160718086 (15.9%), 65.4 MBs/sec
2025-03-03T06:55:18.5171850Z Received 402653184 of 2160718086 (18.6%), 63.8 MBs/sec
2025-03-03T06:55:19.5371180Z Received 536870912 of 2160718086 (24.8%), 72.8 MBs/sec
2025-03-03T06:55:20.5373490Z Received 603979776 of 2160718086 (28.0%), 71.7 MBs/sec
2025-03-03T06:55:21.5377290Z Received 700448768 of 2160718086 (32.4%), 73.9 MBs/sec
2025-03-03T06:55:22.5382820Z Received 805306368 of 2160718086 (37.3%), 76.5 MBs/sec
2025-03-03T06:55:23.5403060Z Received 910163968 of 2160718086 (42.1%), 78.6 MBs/sec
2025-03-03T06:55:24.5407700Z Received 989855744 of 2160718086 (45.8%), 78.4 MBs/sec
2025-03-03T06:55:25.5416840Z Received 1069547520 of 2160718086 (49.5%), 78.2 MBs/sec
2025-03-03T06:55:26.5430080Z Received 1132462080 of 2160718086 (52.4%), 76.9 MBs/sec
2025-03-03T06:55:27.5428240Z Received 1207959552 of 2160718086 (55.9%), 76.6 MBs/sec
2025-03-03T06:55:28.5438950Z Received 1304428544 of 2160718086 (60.4%), 77.5 MBs/sec
2025-03-03T06:55:29.5487360Z Received 1367343104 of 2160718086 (63.3%), 76.5 MBs/sec
2025-03-03T06:55:30.5562690Z Received 1447034880 of 2160718086 (67.0%), 76.4 MBs/sec
2025-03-03T06:55:31.5528720Z Received 1493172224 of 2160718086 (69.1%), 74.7 MBs/sec
2025-03-03T06:55:32.5539020Z Received 1564475392 of 2160718086 (72.4%), 74.4 MBs/sec
2025-03-03T06:55:33.5558530Z Received 1610612736 of 2160718086 (74.5%), 72.9 MBs/sec
2025-03-03T06:55:34.5555890Z Received 1686110208 of 2160718086 (78.0%), 72.9 MBs/sec
2025-03-03T06:55:35.5569520Z Received 1744830464 of 2160718086 (80.8%), 72.2 MBs/sec
2025-03-03T06:55:36.5570760Z Received 1820327936 of 2160718086 (84.2%), 72.2 MBs/sec
2025-03-03T06:55:37.5584230Z Received 1879048192 of 2160718086 (87.0%), 71.5 MBs/sec
2025-03-03T06:55:38.5620320Z Received 1946157056 of 2160718086 (90.1%), 71.2 MBs/sec
2025-03-03T06:55:39.5665390Z Received 2013265920 of 2160718086 (93.2%), 70.9 MBs/sec
2025-03-03T06:55:40.5669170Z Received 2101346304 of 2160718086 (97.3%), 71.4 MBs/sec
2025-03-03T06:55:41.3523910Z Received 2160718086 of 2160718086 (100.0%), 71.4 MBs/sec
2025-03-03T06:55:41.3531410Z Cache Size: ~2061 MB (2160718086 B)
2025-03-03T06:55:41.3714150Z [command]/opt/homebrew/bin/gtar -xf /Users/runner/work/_temp/cf7772fd-c827-48b7-8995-63e7549be360/cache.tzst -P -C /Users/runner/work/tardis/tardis --delay-directory-restore --use-compress-program unzstd
2025-03-03T06:55:51.8421110Z Cache restored successfully
2025-03-03T06:55:52.0200500Z Cache restored from key: tardis-regression-full-data-6e3f921411cf0a4e16018f0781785ab8728ab151c8f95ea20b0c8e8609b9a332-tardis-sn/tardis-regression-data-v1
2025-03-03T06:55:52.0392760Z ##[group]Run git lfs checkout
2025-03-03T06:55:52.0393020Z [36;1mgit lfs checkout[0m
2025-03-03T06:55:52.0525000Z shell: /bin/bash --noprofile --norc -e -o pipefail {0}
2025-03-03T06:55:52.0529680Z env:
2025-03-03T06:55:52.0529980Z   CACHE_NUMBER: 0
2025-03-03T06:55:52.0530650Z   PYTEST_FLAGS: --tardis-regression-data=/Users/runner/work/tardis/tardis/tardis-regression-data --cov=tardis --cov-report=xml --cov-report=html --cov-append
2025-03-03T06:55:52.0531820Z   CODECOV_TOKEN: 
2025-03-03T06:55:52.0532060Z ##[endgroup]
2025-03-03T06:56:05.4843180Z Checking out LFS objects: 100% (204/204), 5.7 GB | 343 MB/s, done.
2025-03-03T06:56:17.0561800Z Prepare all required actions
2025-03-03T06:56:17.0562300Z Getting action download info
2025-03-03T06:56:17.2181990Z Download action repository 'mamba-org/setup-micromamba@v1' (SHA:4b9113af4fba0e9e1124b252dd6497a419e7396d)
2025-03-03T06:56:18.2613540Z ##[group]Run ./.github/actions/setup_env
2025-03-03T06:56:18.2613830Z with:
2025-03-03T06:56:18.2614000Z   os-label: osx-arm64
2025-03-03T06:56:18.2614360Z env:
2025-03-03T06:56:18.2614560Z   CACHE_NUMBER: 0
2025-03-03T06:56:18.2615330Z   PYTEST_FLAGS: --tardis-regression-data=/Users/runner/work/tardis/tardis/tardis-regression-data --cov=tardis --cov-report=xml --cov-report=html --cov-append
2025-03-03T06:56:18.2615890Z   CODECOV_TOKEN: 
2025-03-03T06:56:18.2616190Z ##[endgroup]
2025-03-03T06:56:18.2663630Z ##[group]Run file_hash=$(cat conda-osx-arm64.lock | shasum -a 256 | cut -d' ' -f1)
2025-03-03T06:56:18.2664040Z [36;1mfile_hash=$(cat conda-osx-arm64.lock | shasum -a 256 | cut -d' ' -f1)[0m
2025-03-03T06:56:18.2664520Z [36;1mecho "file_hash=tardis-conda-env-osx-arm64-${file_hash}-v1" >> "${GITHUB_OUTPUT}"[0m
2025-03-03T06:56:18.2713890Z shell: /bin/bash --noprofile --norc -e -o pipefail {0}
2025-03-03T06:56:18.2714100Z env:
2025-03-03T06:56:18.2714230Z   CACHE_NUMBER: 0
2025-03-03T06:56:18.2714680Z   PYTEST_FLAGS: --tardis-regression-data=/Users/runner/work/tardis/tardis/tardis-regression-data --cov=tardis --cov-report=xml --cov-report=html --cov-append
2025-03-03T06:56:18.2715140Z   CODECOV_TOKEN: 
2025-03-03T06:56:18.2715290Z ##[endgroup]
2025-03-03T06:56:18.4071560Z ##[group]Run mamba-org/setup-micromamba@v1
2025-03-03T06:56:18.4071760Z with:
2025-03-03T06:56:18.4071910Z   environment-file: conda-osx-arm64.lock
2025-03-03T06:56:18.4072340Z   cache-environment-key: tardis-conda-env-osx-arm64-354e2cc8bd515676980814f312c10753c2dc4a43f483398b98b444c582fdd35f-v1
2025-03-03T06:56:18.4072970Z   cache-downloads-key: tardis-conda-env-osx-arm64-354e2cc8bd515676980814f312c10753c2dc4a43f483398b98b444c582fdd35f-v1
2025-03-03T06:56:18.4073370Z   environment-name: tardis
2025-03-03T06:56:18.4073550Z   cache-environment: true
2025-03-03T06:56:18.4073700Z   cache-downloads: true
2025-03-03T06:56:18.4073850Z env:
2025-03-03T06:56:18.4073970Z   CACHE_NUMBER: 0
2025-03-03T06:56:18.4074410Z   PYTEST_FLAGS: --tardis-regression-data=/Users/runner/work/tardis/tardis/tardis-regression-data --cov=tardis --cov-report=xml --cov-report=html --cov-append
2025-03-03T06:56:18.4074890Z   CODECOV_TOKEN: 
2025-03-03T06:56:18.4075010Z ##[endgroup]
2025-03-03T06:56:18.7865140Z Will download micromamba to /Users/runner/micromamba-bin/micromamba
2025-03-03T06:56:18.7869730Z ##[group]Install micromamba
2025-03-03T06:56:19.4306750Z micromamba installed to /Users/runner/micromamba-bin/micromamba
2025-03-03T06:56:19.4308430Z ##[endgroup]
2025-03-03T06:56:19.4309160Z Adding conda-forge to condarc channels ...
2025-03-03T06:56:19.4355610Z ##[group]Initialize micromamba for bash.
2025-03-03T06:56:19.4365200Z [command]/Users/runner/micromamba-bin/micromamba shell init -s bash -r /Users/runner/micromamba --log-level warning --rc-file /Users/runner/work/_temp/setup-micromamba/.condarc
2025-03-03T06:56:19.4685480Z Modifying RC file "/Users/runner/.bash_profile"
2025-03-03T06:56:19.4688720Z Generating config for root prefix [1m"/Users/runner/micromamba"[0m
2025-03-03T06:56:19.4689990Z Setting mamba executable to: [1m"/Users/runner/micromamba-bin/micromamba"[0m
2025-03-03T06:56:19.4690390Z Adding (or replacing) the following in your "/Users/runner/.bash_profile" file
2025-03-03T06:56:19.4690630Z 
2025-03-03T06:56:19.4690720Z # >>> mamba initialize >>>
2025-03-03T06:56:19.4690950Z # !! Contents within this block are managed by 'mamba init' !!
2025-03-03T06:56:19.4691250Z export MAMBA_EXE='/Users/runner/micromamba-bin/micromamba';
2025-03-03T06:56:19.4694460Z export MAMBA_ROOT_PREFIX='/Users/runner/micromamba';
2025-03-03T06:56:19.4694900Z __mamba_setup="$("$MAMBA_EXE" shell hook --shell bash --root-prefix "$MAMBA_ROOT_PREFIX" 2> /dev/null)"
2025-03-03T06:56:19.4695670Z if [ $? -eq 0 ]; then
2025-03-03T06:56:19.4695850Z     eval "$__mamba_setup"
2025-03-03T06:56:19.4696010Z else
2025-03-03T06:56:19.4696250Z     alias micromamba="$MAMBA_EXE"  # Fallback on help from mamba activate
2025-03-03T06:56:19.4696520Z fi
2025-03-03T06:56:19.4696660Z unset __mamba_setup
2025-03-03T06:56:19.4696840Z # <<< mamba initialize <<<
2025-03-03T06:56:19.4696980Z 
2025-03-03T06:56:19.4697350Z ##[endgroup]
2025-03-03T06:56:19.4697890Z ##[group]Restoring downloads from `/Users/runner/micromamba/pkgs` ...
2025-03-03T06:56:20.8588630Z Received 41943040 of 310631401 (13.5%), 39.9 MBs/sec
2025-03-03T06:56:21.8602940Z Received 142606336 of 310631401 (45.9%), 67.9 MBs/sec
2025-03-03T06:56:22.8591540Z Received 276824064 of 310631401 (89.1%), 87.9 MBs/sec
2025-03-03T06:56:23.4590520Z Cache Size: ~296 MB (310631401 B)
2025-03-03T06:56:23.4677170Z [command]/opt/homebrew/bin/gtar -xf /Users/runner/work/_temp/53c52de6-3eaa-4b45-a6ae-d2645373a94f/cache.tzst -P -C /Users/runner/work/tardis/tardis --delay-directory-restore --use-compress-program unzstd
2025-03-03T06:56:23.8612410Z Received 310631401 of 310631401 (100.0%), 74.0 MBs/sec
2025-03-03T06:56:23.9589070Z Cache restored successfully
2025-03-03T06:56:23.9640160Z Restored cache with key `tardis-conda-env-osx-arm64-354e2cc8bd515676980814f312c10753c2dc4a43f483398b98b444c582fdd35f-v1-osx-arm64`
2025-03-03T06:56:23.9641590Z ##[endgroup]
2025-03-03T06:56:23.9676290Z ##[group]Restoring environment `tardis` from `/Users/runner/micromamba/envs/tardis` ...
2025-03-03T06:56:25.2025870Z Received 67108864 of 385953952 (17.4%), 64.0 MBs/sec
2025-03-03T06:56:26.2023550Z Received 201326592 of 385953952 (52.2%), 96.0 MBs/sec
2025-03-03T06:56:27.2049180Z Received 322961408 of 385953952 (83.7%), 102.6 MBs/sec
2025-03-03T06:56:28.1749510Z Cache Size: ~368 MB (385953952 B)
2025-03-03T06:56:28.1777320Z [command]/opt/homebrew/bin/gtar -xf /Users/runner/work/_temp/d70a0eb7-81bb-4a2f-90ee-e9e43801e3e0/cache.tzst -P -C /Users/runner/work/tardis/tardis --delay-directory-restore --use-compress-program unzstd
2025-03-03T06:56:28.2071170Z Received 385953952 of 385953952 (100.0%), 91.9 MBs/sec
2025-03-03T06:56:39.7882320Z Cache restored successfully
2025-03-03T06:56:39.7979770Z Restored cache with key `tardis-conda-env-osx-arm64-354e2cc8bd515676980814f312c10753c2dc4a43f483398b98b444c582fdd35f-v1-osx-arm64-tardis-args-4f53cda-root-873f6fe-bin-[object Promise]-file-354e2cc8bd515676980814f312c10753c2dc4a43f483398b98b444c582fdd35f`
2025-03-03T06:56:39.8083510Z ##[endgroup]
2025-03-03T06:56:39.8156410Z Adding environment tardis to auto-activate bash ...
2025-03-03T06:56:39.8170600Z Generating micromamba run shell.
2025-03-03T06:56:39.8175070Z ##[endgroup]
2025-03-03T06:56:39.8180090Z Set environment variables.
2025-03-03T06:56:39.8180960Z ##[group]micromamba info
2025-03-03T06:56:39.8182530Z [command]/Users/runner/micromamba-bin/micromamba info -r /Users/runner/micromamba -n tardis
2025-03-03T06:56:40.2548510Z 
2025-03-03T06:56:40.2552000Z        libmamba version : 1.5.10
2025-03-03T06:56:40.2553560Z      micromamba version : 1.5.10
2025-03-03T06:56:40.2554400Z            curl version : libcurl/8.10.1 (OpenSSL/3.3.2) SecureTransport zlib/1.3.1 zstd/1.5.6 libssh2/1.11.0 nghttp2/1.58.0
2025-03-03T06:56:40.2555150Z      libarchive version : libarchive 3.7.4 zlib/1.2.13 bz2lib/1.0.8 libzstd/1.5.6
2025-03-03T06:56:40.2555680Z        envs directories : /Users/runner/micromamba/envs
2025-03-03T06:56:40.2556160Z           package cache : /Users/runner/micromamba/pkgs
2025-03-03T06:56:40.2556540Z                           /Users/runner/.mamba/pkgs
2025-03-03T06:56:40.2556800Z             environment : tardis
2025-03-03T06:56:40.2557250Z            env location : /Users/runner/micromamba/envs/tardis
2025-03-03T06:56:40.2557580Z       user config files : /Users/runner/.mambarc
2025-03-03T06:56:40.2563280Z  populated config files : /Users/runner/work/_temp/setup-micromamba/.condarc
2025-03-03T06:56:40.2563640Z        virtual packages : __unix=0=0
2025-03-03T06:56:40.2563950Z                           __osx=14.7.2=0
2025-03-03T06:56:40.2565530Z                           __archspec=1=arm64
2025-03-03T06:56:40.2566100Z                channels : https://conda.anaconda.org/conda-forge/osx-arm64
2025-03-03T06:56:40.2566510Z                           https://conda.anaconda.org/conda-forge/noarch
2025-03-03T06:56:40.2566900Z        base environment : /Users/runner/micromamba
2025-03-03T06:56:40.2567240Z                platform : osx-arm64
2025-03-03T06:56:40.2568430Z ##[endgroup]
2025-03-03T06:56:40.2568800Z ##[group]micromamba list
2025-03-03T06:56:40.2569370Z [command]/Users/runner/micromamba-bin/micromamba list -r /Users/runner/micromamba -n tardis
2025-03-03T06:56:40.5570980Z List of packages in environment: "/Users/runner/micromamba/envs/tardis"
2025-03-03T06:56:40.5572500Z 
2025-03-03T06:56:40.5572810Z   Name                           Version              Build                    Channel    
2025-03-03T06:56:40.5574900Z â”€â”€â”€â”€â”€â”€â”€â”€â”€â”€â”€â”€â”€â”€â”€â”€â”€â”€â”€â”€â”€â”€â”€â”€â”€â”€â”€â”€â”€â”€â”€â”€â”€â”€â”€â”€â”€â”€â”€â”€â”€â”€â”€â”€â”€â”€â”€â”€â”€â”€â”€â”€â”€â”€â”€â”€â”€â”€â”€â”€â”€â”€â”€â”€â”€â”€â”€â”€â”€â”€â”€â”€â”€â”€â”€â”€â”€â”€â”€â”€â”€â”€â”€â”€â”€â”€â”€â”€â”€â”€â”€â”€
2025-03-03T06:56:40.5585610Z   alabaster                      0.7.16               pyhd8ed1ab_0             conda-forge
2025-03-03T06:56:40.5586270Z   anyio                          4.4.0                pyhd8ed1ab_0             conda-forge
2025-03-03T06:56:40.5586790Z   appnope                        0.1.4                pyhd8ed1ab_1             conda-forge
2025-03-03T06:56:40.5587330Z   argon2-cffi                    23.1.0               pyhd8ed1ab_1             conda-forge
2025-03-03T06:56:40.5591130Z   argon2-cffi-bindings           21.2.0               py312h024a12e_5          conda-forge
2025-03-03T06:56:40.5591620Z   arrow                          1.3.0                pyhd8ed1ab_1             conda-forge
2025-03-03T06:56:40.5592050Z   astropy                        6.1.1                py312hbebd99a_1          conda-forge
2025-03-03T06:56:40.5592630Z   astropy-iers-data              0.2024.6.17.0.31.35  pyhd8ed1ab_0             conda-forge
2025-03-03T06:56:40.5593130Z   astropy-sphinx-theme           1.1                  pyhd8ed1ab_1             conda-forge
2025-03-03T06:56:40.5593660Z   asttokens                      2.4.1                pyhd8ed1ab_0             conda-forge
2025-03-03T06:56:40.5594400Z   async-lru                      2.0.4                pyhd8ed1ab_1             conda-forge
2025-03-03T06:56:40.5594860Z   atk-1.0                        2.38.0               hd03087b_2               conda-forge
2025-03-03T06:56:40.5595270Z   attrs                          23.2.0               pyh71513ae_0             conda-forge
2025-03-03T06:56:40.5595660Z   babel                          2.14.0               pyhd8ed1ab_0             conda-forge
2025-03-03T06:56:40.5596020Z   beautifulsoup4                 4.12.3               pyha770c72_1             conda-forge
2025-03-03T06:56:40.5596470Z   bleach                         6.1.0                pyhd8ed1ab_0             conda-forge
2025-03-03T06:56:40.5596930Z   blosc                          1.21.6               h7dd00d9_1               conda-forge
2025-03-03T06:56:40.5597320Z   brotli                         1.1.0                hd74edd7_2               conda-forge
2025-03-03T06:56:40.5597940Z   brotli-bin                     1.1.0                hd74edd7_2               conda-forge
2025-03-03T06:56:40.5598420Z   brotli-python                  1.1.0                py312hde4cb15_2          conda-forge
2025-03-03T06:56:40.5598790Z   bzip2                          1.0.8                h99b78c6_7               conda-forge
2025-03-03T06:56:40.5599210Z   c-ares                         1.28.1               h93a5062_0               conda-forge
2025-03-03T06:56:40.5599550Z   c-blosc2                       2.15.2               h9cbb436_1               conda-forge
2025-03-03T06:56:40.5599990Z   ca-certificates                2024.12.14           hf0a4a13_0               conda-forge
2025-03-03T06:56:40.5600770Z   cached-property                1.5.2                hd8ed1ab_1               conda-forge
2025-03-03T06:56:40.5601480Z   cached_property                1.5.2                pyha770c72_1             conda-forge
2025-03-03T06:56:40.5601840Z   cairo                          1.18.0               hc6c324b_2               conda-forge
2025-03-03T06:56:40.5602340Z   certifi                        2024.12.14           pyhd8ed1ab_0             conda-forge
2025-03-03T06:56:40.5602780Z   cffi                           1.16.0               py312h8e38eb3_0          conda-forge
2025-03-03T06:56:40.5603180Z   charset-normalizer             3.3.2                pyhd8ed1ab_0             conda-forge
2025-03-03T06:56:40.5603660Z   click                          8.1.7                unix_pyh707e725_1        conda-forge
2025-03-03T06:56:40.5604050Z   codespell                      2.3.0                pyhd8ed1ab_1             conda-forge
2025-03-03T06:56:40.5604840Z   colorama                       0.4.6                pyhd8ed1ab_1             conda-forge
2025-03-03T06:56:40.5605220Z   comm                           0.2.2                pyhd8ed1ab_1             conda-forge
2025-03-03T06:56:40.5605610Z   commonmark                     0.9.1                py_0                     conda-forge
2025-03-03T06:56:40.5605990Z   contourpy                      1.2.1                py312h0fef576_0          conda-forge
2025-03-03T06:56:40.5606400Z   coverage                       7.5.3                py312h7e5086c_0          conda-forge
2025-03-03T06:56:40.5606730Z   cycler                         0.12.1               pyhd8ed1ab_1             conda-forge
2025-03-03T06:56:40.5607200Z   dataclasses                    0.8                  pyhc8e2a94_3             conda-forge
2025-03-03T06:56:40.5607660Z   debugpy                        1.8.1                py312h20a0b95_0          conda-forge
2025-03-03T06:56:40.5608000Z   decorator                      5.1.1                pyhd8ed1ab_1             conda-forge
2025-03-03T06:56:40.5608460Z   defusedxml                     0.7.1                pyhd8ed1ab_0             conda-forge
2025-03-03T06:56:40.5608910Z   docutils                       0.20.1               py312h81bd7bf_3          conda-forge
2025-03-03T06:56:40.5609310Z   dot2tex                        2.11.3               pyhd8ed1ab_1             conda-forge
2025-03-03T06:56:40.5609670Z   entrypoints                    0.4                  pyhd8ed1ab_1             conda-forge
2025-03-03T06:56:40.5610110Z   exceptiongroup                 1.2.0                pyhd8ed1ab_2             conda-forge
2025-03-03T06:56:40.5610490Z   executing                      2.0.1                pyhd8ed1ab_0             conda-forge
2025-03-03T06:56:40.5610980Z   expat                          2.6.2                hebf3989_0               conda-forge
2025-03-03T06:56:40.5611440Z   font-ttf-dejavu-sans-mono      2.37                 hab24e00_0               conda-forge
2025-03-03T06:56:40.5612040Z   font-ttf-inconsolata           3.000                h77eed37_0               conda-forge
2025-03-03T06:56:40.5612590Z   font-ttf-source-code-pro       2.038                h77eed37_0               conda-forge
2025-03-03T06:56:40.5613030Z   font-ttf-ubuntu                0.83                 h77eed37_3               conda-forge
2025-03-03T06:56:40.5613450Z   fontconfig                     2.14.2               h82840c6_0               conda-forge
2025-03-03T06:56:40.5613840Z   fonts-conda-ecosystem          1                    0                        conda-forge
2025-03-03T06:56:40.5614280Z   fonts-conda-forge              1                    0                        conda-forge
2025-03-03T06:56:40.5614650Z   fonttools                      4.53.0               py312h7e5086c_0          conda-forge
2025-03-03T06:56:40.5615040Z   fqdn                           1.5.1                pyhd8ed1ab_1             conda-forge
2025-03-03T06:56:40.5615370Z   freetype                       2.12.1               hadb7bae_2               conda-forge
2025-03-03T06:56:40.5616140Z   fribidi                        1.0.10               h27ca646_0               conda-forge
2025-03-03T06:56:40.5616600Z   future                         1.0.0                pyhd8ed1ab_1             conda-forge
2025-03-03T06:56:40.5617030Z   gdk-pixbuf                     2.42.12              h7ddc832_0               conda-forge
2025-03-03T06:56:40.5617420Z   gettext                        0.22.5               h8414b35_3               conda-forge
2025-03-03T06:56:40.5618030Z   gettext-tools                  0.22.5               h8414b35_3               conda-forge
2025-03-03T06:56:40.5619060Z   giflib                         5.2.2                h93a5062_0               conda-forge
2025-03-03T06:56:40.5619800Z   git-lfs                        3.5.1                h40ddcf5_1               conda-forge
2025-03-03T06:56:40.5620610Z   gmp                            6.3.0                h7bae524_2               conda-forge
2025-03-03T06:56:40.5621050Z   gmpy2                          2.1.5                py312h524cf62_3          conda-forge
2025-03-03T06:56:40.5621540Z   graphite2                      1.3.13               hebf3989_1003            conda-forge
2025-03-03T06:56:40.5651760Z   graphviz                       11.0.0               h9bb9bc9_0               conda-forge
2025-03-03T06:56:40.5652220Z   gtk2                           2.24.33              h7895bb2_4               conda-forge
2025-03-03T06:56:40.5652910Z   gts                            0.7.6                he42f4ea_4               conda-forge
2025-03-03T06:56:40.5653310Z   h11                            0.14.0               pyhd8ed1ab_1             conda-forge
2025-03-03T06:56:40.5653780Z   h2                             4.1.0                pyhd8ed1ab_1             conda-forge
2025-03-03T06:56:40.5654230Z   h5py                           3.11.0               nompi_py312h3cd0824_103  conda-forge
2025-03-03T06:56:40.5654680Z   harfbuzz                       8.5.0                h1836168_0               conda-forge
2025-03-03T06:56:40.5655190Z   hdf5                           1.14.3               nompi_hec07895_105       conda-forge
2025-03-03T06:56:40.5655610Z   hpack                          4.0.0                pyhd8ed1ab_1             conda-forge
2025-03-03T06:56:40.5656080Z   httpcore                       1.0.5                pyhd8ed1ab_0             conda-forge
2025-03-03T06:56:40.5656380Z   httpx                          0.27.0               pyhd8ed1ab_0             conda-forge
2025-03-03T06:56:40.5656670Z   hyperframe                     6.0.1                pyhd8ed1ab_1             conda-forge
2025-03-03T06:56:40.5656950Z   icu                            73.2                 hc8870d7_0               conda-forge
2025-03-03T06:56:40.5657210Z   idna                           3.7                  pyhd8ed1ab_0             conda-forge
2025-03-03T06:56:40.5657490Z   imagesize                      1.4.1                pyhd8ed1ab_0             conda-forge
2025-03-03T06:56:40.5657800Z   importlib-metadata             7.1.0                pyha770c72_0             conda-forge
2025-03-03T06:56:40.5658140Z   importlib_metadata             7.1.0                hd8ed1ab_0               conda-forge
2025-03-03T06:56:40.5658480Z   importlib_resources            6.4.0                pyhd8ed1ab_0             conda-forge
2025-03-03T06:56:40.5658800Z   iniconfig                      2.0.0                pyhd8ed1ab_1             conda-forge
2025-03-03T06:56:40.5659170Z   ipykernel                      6.29.4               pyh57ce528_0             conda-forge
2025-03-03T06:56:40.5659530Z   ipython                        8.25.0               pyh707e725_0             conda-forge
2025-03-03T06:56:40.5659840Z   ipython_genutils               0.2.0                pyhd8ed1ab_2             conda-forge
2025-03-03T06:56:40.5660220Z   ipywidgets                     7.8.0                pyhd8ed1ab_0             conda-forge
2025-03-03T06:56:40.5660740Z   isoduration                    20.11.0              pyhd8ed1ab_1             conda-forge
2025-03-03T06:56:40.5661480Z   jedi                           0.19.1               pyhd8ed1ab_0             conda-forge
2025-03-03T06:56:40.5661940Z   jinja2                         3.1.4                pyhd8ed1ab_1             conda-forge
2025-03-03T06:56:40.5662560Z   json5                          0.9.25               pyhd8ed1ab_0             conda-forge
2025-03-03T06:56:40.5662880Z   jsonpointer                    3.0.0                py312h81bd7bf_1          conda-forge
2025-03-03T06:56:40.5663250Z   jsonschema                     4.22.0               pyhd8ed1ab_0             conda-forge
2025-03-03T06:56:40.5663600Z   jsonschema-specifications      2023.12.1            pyhd8ed1ab_0             conda-forge
2025-03-03T06:56:40.5664040Z   jsonschema-with-format-nongpl  4.22.0               pyhd8ed1ab_0             conda-forge
2025-03-03T06:56:40.5664400Z   jupyter-lsp                    2.2.5                pyhd8ed1ab_1             conda-forge
2025-03-03T06:56:40.5664710Z   jupyter_client                 8.6.2                pyhd8ed1ab_0             conda-forge
2025-03-03T06:56:40.5665020Z   jupyter_core                   5.7.2                pyh31011fe_1             conda-forge
2025-03-03T06:56:40.5665340Z   jupyter_events                 0.10.0               pyhd8ed1ab_1             conda-forge
2025-03-03T06:56:40.5665690Z   jupyter_server                 2.14.1               pyhd8ed1ab_1             conda-forge
2025-03-03T06:56:40.5666190Z   jupyter_server_terminals       0.5.3                pyhd8ed1ab_1             conda-forge
2025-03-03T06:56:40.5666560Z   jupyterlab                     4.2.2                pyhd8ed1ab_0             conda-forge
2025-03-03T06:56:40.5666960Z   jupyterlab_pygments            0.3.0                pyhd8ed1ab_2             conda-forge
2025-03-03T06:56:40.5667390Z   jupyterlab_server              2.27.2               pyhd8ed1ab_0             conda-forge
2025-03-03T06:56:40.5667750Z   jupyterlab_widgets             1.1.7                pyhd8ed1ab_0             conda-forge
2025-03-03T06:56:40.5668070Z   kiwisolver                     1.4.5                py312h6142ec9_2          conda-forge
2025-03-03T06:56:40.5668450Z   krb5                           1.21.2               h92f50d5_0               conda-forge
2025-03-03T06:56:40.5668870Z   latexcodec                     2.0.1                pyh9f0ad1d_0             conda-forge
2025-03-03T06:56:40.5669190Z   lcms2                          2.16                 ha0e7c42_0               conda-forge
2025-03-03T06:56:40.5669530Z   lerc                           4.0.0                h9a09cb3_0               conda-forge
2025-03-03T06:56:40.5669840Z   libaec                         1.1.3                hebf3989_0               conda-forge
2025-03-03T06:56:40.5670220Z   libasprintf                    0.22.5               h8414b35_3               conda-forge
2025-03-03T06:56:40.5670600Z   libasprintf-devel              0.22.5               h8414b35_3               conda-forge
2025-03-03T06:56:40.5670970Z   libblas                        3.9.0                24_osxarm64_openblas     conda-forge
2025-03-03T06:56:40.5671300Z   libbrotlicommon                1.1.0                hd74edd7_2               conda-forge
2025-03-03T06:56:40.5671660Z   libbrotlidec                   1.1.0                hd74edd7_2               conda-forge
2025-03-03T06:56:40.5671980Z   libbrotlienc                   1.1.0                hd74edd7_2               conda-forge
2025-03-03T06:56:40.5672350Z   libcblas                       3.9.0                24_osxarm64_openblas     conda-forge
2025-03-03T06:56:40.5672770Z   libcurl                        8.8.0                h7b6f9a7_0               conda-forge
2025-03-03T06:56:40.5673060Z   libcxx                         19.1.6               ha82da77_1               conda-forge
2025-03-03T06:56:40.5673400Z   libdeflate                     1.20                 h93a5062_0               conda-forge
2025-03-03T06:56:40.5673710Z   libedit                        3.1.20191231         hc8eb9b7_2               conda-forge
2025-03-03T06:56:40.5674200Z   libev                          4.33                 h93a5062_2               conda-forge
2025-03-03T06:56:40.5674520Z   libexpat                       2.6.2                hebf3989_0               conda-forge
2025-03-03T06:56:40.5674940Z   libffi                         3.4.2                h3422bc3_5               conda-forge
2025-03-03T06:56:40.5675240Z   libgd                          2.3.3                hfdf3952_9               conda-forge
2025-03-03T06:56:40.5675660Z   libgettextpo                   0.22.5               h8414b35_3               conda-forge
2025-03-03T06:56:40.5676030Z   libgettextpo-devel             0.22.5               h8414b35_3               conda-forge
2025-03-03T06:56:40.5676390Z   libgfortran                    5.0.0                13_2_0_hd922786_3        conda-forge
2025-03-03T06:56:40.5676740Z   libgfortran5                   13.2.0               hf226fd6_3               conda-forge
2025-03-03T06:56:40.5677130Z   libglib                        2.80.2               h59d46d9_1               conda-forge
2025-03-03T06:56:40.5677500Z   libiconv                       1.17                 h0d3ecfb_2               conda-forge
2025-03-03T06:56:40.5677820Z   libintl                        0.22.5               h8414b35_3               conda-forge
2025-03-03T06:56:40.5678160Z   libintl-devel                  0.22.5               h8414b35_3               conda-forge
2025-03-03T06:56:40.5678490Z   libjpeg-turbo                  3.0.0                hb547adb_1               conda-forge
2025-03-03T06:56:40.5678810Z   liblapack                      3.9.0                24_osxarm64_openblas     conda-forge
2025-03-03T06:56:40.5679090Z   libllvm14                      14.0.6               hd1a9a77_4               conda-forge
2025-03-03T06:56:40.5679460Z   libnghttp2                     1.58.0               ha4dd798_1               conda-forge
2025-03-03T06:56:40.5679800Z   libopenblas                    0.3.27               openmp_h517c56d_1        conda-forge
2025-03-03T06:56:40.5680180Z   libpng                         1.6.43               h091b4b1_0               conda-forge
2025-03-03T06:56:40.5680480Z   librsvg                        2.58.1               hbc281fb_0               conda-forge
2025-03-03T06:56:40.5680890Z   libsodium                      1.0.18               h27ca646_1               conda-forge
2025-03-03T06:56:40.5681160Z   libsqlite                      3.46.0               hfb93653_0               conda-forge
2025-03-03T06:56:40.5681460Z   libssh2                        1.11.0               h7a5bd25_0               conda-forge
2025-03-03T06:56:40.5681820Z   libtiff                        4.6.0                h07db509_3               conda-forge
2025-03-03T06:56:40.5682110Z   libwebp                        1.4.0                h54798ee_0               conda-forge
2025-03-03T06:56:40.5682470Z   libwebp-base                   1.4.0                h93a5062_0               conda-forge
2025-03-03T06:56:40.5682730Z   libxcb                         1.16                 hc9fafa5_1               conda-forge
2025-03-03T06:56:40.5683070Z   libxml2                        2.12.7               h9a80f22_3               conda-forge
2025-03-03T06:56:40.5683330Z   libxslt                        1.1.39               h223e5b9_0               conda-forge
2025-03-03T06:56:40.5683650Z   libzlib                        1.3.1                h8359307_2               conda-forge
2025-03-03T06:56:40.5683960Z   llvm-openmp                    18.1.7               hde57baf_0               conda-forge
2025-03-03T06:56:40.5684310Z   llvmlite                       0.43.0               py312ha9ca408_1          conda-forge
2025-03-03T06:56:40.5684650Z   lxml                           5.2.2                py312h0e5ab22_0          conda-forge
2025-03-03T06:56:40.5684930Z   lz4-c                          1.10.0               h286801f_1               conda-forge
2025-03-03T06:56:40.5685260Z   markupsafe                     2.1.5                py312h024a12e_1          conda-forge
2025-03-03T06:56:40.5685550Z   matplotlib-base                3.8.4                py312h4479663_2          conda-forge
2025-03-03T06:56:40.5686080Z   matplotlib-inline              0.1.7                pyhd8ed1ab_1             conda-forge
2025-03-03T06:56:40.5686510Z   mistune                        3.0.2                pyhd8ed1ab_1             conda-forge
2025-03-03T06:56:40.5686910Z   mpc                            1.3.1                h8f1351a_1               conda-forge
2025-03-03T06:56:40.5687180Z   mpfr                           4.2.1                hb693164_3               conda-forge
2025-03-03T06:56:40.5687530Z   mpmath                         1.3.0                pyhd8ed1ab_1             conda-forge
2025-03-03T06:56:40.5687800Z   munkres                        1.1.4                pyh9f0ad1d_0             conda-forge
2025-03-03T06:56:40.5688080Z   mypy_extensions                1.0.0                pyha770c72_1             conda-forge
2025-03-03T06:56:40.5688360Z   nbclassic                      1.1.0                pyhd8ed1ab_1             conda-forge
2025-03-03T06:56:40.5688680Z   nbclient                       0.10.0               pyhd8ed1ab_0             conda-forge
2025-03-03T06:56:40.5689050Z   nbconvert                      7.16.4               hd8ed1ab_3               conda-forge
2025-03-03T06:56:40.5689400Z   nbconvert-core                 7.16.4               pyhd8ed1ab_3             conda-forge
2025-03-03T06:56:40.5689750Z   nbconvert-pandoc               7.16.4               hd8ed1ab_3               conda-forge
2025-03-03T06:56:40.5690040Z   nbformat                       5.10.4               pyhd8ed1ab_1             conda-forge
2025-03-03T06:56:40.5690310Z   nbsphinx                       0.9.4                pyhd8ed1ab_0             conda-forge
2025-03-03T06:56:40.5690640Z   ncurses                        6.5                  h7bae524_1               conda-forge
2025-03-03T06:56:40.5690960Z   nest-asyncio                   1.6.0                pyhd8ed1ab_1             conda-forge
2025-03-03T06:56:40.5691240Z   networkx                       3.3                  pyhd8ed1ab_1             conda-forge
2025-03-03T06:56:40.5691550Z   notebook                       7.2.1                pyhd8ed1ab_0             conda-forge
2025-03-03T06:56:40.5691940Z   notebook-shim                  0.2.4                pyhd8ed1ab_1             conda-forge
2025-03-03T06:56:40.5692220Z   numba                          0.60.0               py312h41cea2d_0          conda-forge
2025-03-03T06:56:40.5692480Z   numexpr                        2.10.0               py312h8ae5369_0          conda-forge
2025-03-03T06:56:40.5692750Z   numpy                          2.0.2                py312h94ee1e1_1          conda-forge
2025-03-03T06:56:40.5693020Z   numpydoc                       1.7.0                pyhd8ed1ab_3             conda-forge
2025-03-03T06:56:40.5693280Z   openjpeg                       2.5.2                h9f1df11_0               conda-forge
2025-03-03T06:56:40.5693550Z   openssl                        3.4.0                h81ee809_1               conda-forge
2025-03-03T06:56:40.5693820Z   overrides                      7.7.0                pyhd8ed1ab_1             conda-forge
2025-03-03T06:56:40.5694100Z   packaging                      24.1                 pyhd8ed1ab_0             conda-forge
2025-03-03T06:56:40.5694370Z   pandas                         2.2.2                py312h8ae5369_1          conda-forge
2025-03-03T06:56:40.5694630Z   pandoc                         3.2.1                hce30654_0               conda-forge
2025-03-03T06:56:40.5694950Z   pandocfilters                  1.5.0                pyhd8ed1ab_0             conda-forge
2025-03-03T06:56:40.5695220Z   pango                          1.54.0               h5cb9fbc_0               conda-forge
2025-03-03T06:56:40.5695480Z   parso                          0.8.4                pyhd8ed1ab_1             conda-forge
2025-03-03T06:56:40.5695740Z   pathspec                       0.12.1               pyhd8ed1ab_1             conda-forge
2025-03-03T06:56:40.5696000Z   pbr                            6.0.0                pyhd8ed1ab_0             conda-forge
2025-03-03T06:56:40.5696560Z   pcre2                          10.44                h297a79d_2               conda-forge
2025-03-03T06:56:40.5696930Z   pexpect                        4.9.0                pyhd8ed1ab_1             conda-forge
2025-03-03T06:56:40.5697290Z   pickleshare                    0.7.5                pyhd8ed1ab_1004          conda-forge
2025-03-03T06:56:40.5697570Z   pillow                         10.3.0               py312h39b1d8d_1          conda-forge
2025-03-03T06:56:40.5697820Z   pip                            24.0                 pyhd8ed1ab_0             conda-forge
2025-03-03T06:56:40.5698080Z   pixman                         0.43.4               hebf3989_0               conda-forge
2025-03-03T06:56:40.5698370Z   pkgutil-resolve-name           1.3.10               pyhd8ed1ab_2             conda-forge
2025-03-03T06:56:40.5698740Z   platformdirs                   4.2.2                pyhd8ed1ab_0             conda-forge
2025-03-03T06:56:40.5699030Z   plotly                         5.22.0               pyhd8ed1ab_0             conda-forge
2025-03-03T06:56:40.5699330Z   pluggy                         1.5.0                pyhd8ed1ab_1             conda-forge
2025-03-03T06:56:40.5699610Z   prometheus_client              0.20.0               pyhd8ed1ab_0             conda-forge
2025-03-03T06:56:40.5699910Z   prompt-toolkit                 3.0.47               pyha770c72_0             conda-forge
2025-03-03T06:56:40.5700190Z   psutil                         5.9.8                py312he37b823_0          conda-forge
2025-03-03T06:56:40.5700470Z   pthread-stubs                  0.4                  hd74edd7_1002            conda-forge
2025-03-03T06:56:40.5700750Z   ptyprocess                     0.7.0                pyhd8ed1ab_1             conda-forge
2025-03-03T06:56:40.5701030Z   pure_eval                      0.2.2                pyhd8ed1ab_0             conda-forge
2025-03-03T06:56:40.5701300Z   py-cpuinfo                     9.0.0                pyhd8ed1ab_1             conda-forge
2025-03-03T06:56:40.5701580Z   pybtex                         0.24.0               pyhd8ed1ab_3             conda-forge
2025-03-03T06:56:40.5701870Z   pybtex-docutils                1.0.3                py312h81bd7bf_2          conda-forge
2025-03-03T06:56:40.5702160Z   pycparser                      2.22                 pyh29332c3_1             conda-forge
2025-03-03T06:56:40.5702430Z   pyerfa                         2.0.1.4              py312h755e627_2          conda-forge
2025-03-03T06:56:40.5702700Z   pygments                       2.18.0               pyhd8ed1ab_1             conda-forge
2025-03-03T06:56:40.5702970Z   pygraphviz                     1.13                 py312h5f4d302_1          conda-forge
2025-03-03T06:56:40.5703260Z   pyobjc-core                    10.3.1               py312hd24fc31_1          conda-forge
2025-03-03T06:56:40.5703570Z   pyobjc-framework-cocoa         10.3.1               py312hd24fc31_1          conda-forge
2025-03-03T06:56:40.5703880Z   pyparsing                      3.1.2                pyhd8ed1ab_0             conda-forge
2025-03-03T06:56:40.5704150Z   pysocks                        1.7.1                pyha55dd90_7             conda-forge
2025-03-03T06:56:40.5704420Z   pytables                       3.10.2               py312h2ca37b8_0          conda-forge
2025-03-03T06:56:40.5704680Z   pytest                         8.2.2                pyhd8ed1ab_0             conda-forge
2025-03-03T06:56:40.5704950Z   pytest-cov                     5.0.0                pyhd8ed1ab_0             conda-forge
2025-03-03T06:56:40.5705250Z   pytest-doctestplus             1.2.1                pyhd8ed1ab_0             conda-forge
2025-03-03T06:56:40.5705540Z   pytest-html                    4.1.1                pyhd8ed1ab_1             conda-forge
2025-03-03T06:56:40.5705830Z   pytest-metadata                3.1.1                pyhd8ed1ab_1             conda-forge
2025-03-03T06:56:40.5706110Z   python                         3.12.4               h30c5eda_0_cpython       conda-forge
2025-03-03T06:56:40.5706510Z   python-dateutil                2.9.0.post0          pyhff2d567_1             conda-forge
2025-03-03T06:56:40.5707060Z   python-fastjsonschema          2.20.0               pyhd8ed1ab_0             conda-forge
2025-03-03T06:56:40.5707410Z   python-json-logger             2.0.7                pyhd8ed1ab_0             conda-forge
2025-03-03T06:56:40.5707720Z   python-tzdata                  2024.1               pyhd8ed1ab_0             conda-forge
2025-03-03T06:56:40.5708010Z   python_abi                     3.12                 5_cp312                  conda-forge
2025-03-03T06:56:40.5708270Z   pytz                           2024.1               pyhd8ed1ab_0             conda-forge
2025-03-03T06:56:40.5708520Z   pyyaml                         6.0.1                py312h02f2b3b_1          conda-forge
2025-03-03T06:56:40.5708790Z   pyzmq                          26.0.3               py312hfa13136_0          conda-forge
2025-03-03T06:56:40.5709060Z   qgrid                          1.3.1                pyhd8ed1ab_4             conda-forge
2025-03-03T06:56:40.5709340Z   radioactivedecay               0.5.1                pyhd8ed1ab_1             conda-forge
2025-03-03T06:56:40.5709630Z   readline                       8.2                  h92ec313_1               conda-forge
2025-03-03T06:56:40.5709910Z   recommonmark                   0.7.1                pyhd8ed1ab_1             conda-forge
2025-03-03T06:56:40.5710200Z   referencing                    0.35.1               pyhd8ed1ab_1             conda-forge
2025-03-03T06:56:40.5710470Z   requests                       2.32.3               pyhd8ed1ab_1             conda-forge
2025-03-03T06:56:40.5710760Z   rfc3339-validator              0.1.4                pyhd8ed1ab_1             conda-forge
2025-03-03T06:56:40.5711060Z   rfc3986-validator              0.1.1                pyh9f0ad1d_0             conda-forge
2025-03-03T06:56:40.5711340Z   rpds-py                        0.18.1               py312h552d48e_0          conda-forge
2025-03-03T06:56:40.5711600Z   ruff                           0.4.9                py312h3402d49_0          conda-forge
2025-03-03T06:56:40.5711860Z   scipy                          1.13.1               py312h14ffa8f_0          conda-forge
2025-03-03T06:56:40.5712130Z   send2trash                     1.8.3                pyh31c8845_1             conda-forge
2025-03-03T06:56:40.5712410Z   setuptools                     70.0.0               pyhd8ed1ab_0             conda-forge
2025-03-03T06:56:40.5712700Z   setuptools-scm                 8.1.0                pyhd8ed1ab_1             conda-forge
2025-03-03T06:56:40.5712990Z   setuptools_scm                 8.1.0                hd8ed1ab_1               conda-forge
2025-03-03T06:56:40.5713260Z   six                            1.16.0               pyhd8ed1ab_1             conda-forge
2025-03-03T06:56:40.5713530Z   snakeviz                       2.2.0                pyhd8ed1ab_0             conda-forge
2025-03-03T06:56:40.5713800Z   snappy                         1.2.1                h98b9ce2_1               conda-forge
2025-03-03T06:56:40.5714060Z   sniffio                        1.3.1                pyhd8ed1ab_1             conda-forge
2025-03-03T06:56:40.5714360Z   snowballstemmer                2.2.0                pyhd8ed1ab_0             conda-forge
2025-03-03T06:56:40.5714650Z   soupsieve                      2.5                  pyhd8ed1ab_1             conda-forge
2025-03-03T06:56:40.5714910Z   sphinx                         7.3.7                pyhd8ed1ab_0             conda-forge
2025-03-03T06:56:40.5715190Z   sphinx-astropy                 1.9.1                pyhd8ed1ab_1             conda-forge
2025-03-03T06:56:40.5715570Z   sphinx-automodapi              0.17.0               pyh717bed2_1             conda-forge
2025-03-03T06:56:40.5715890Z   sphinx-gallery                 0.16.0               pyhd8ed1ab_0             conda-forge
2025-03-03T06:56:40.5716190Z   sphinx-jsonschema              1.19.1               pyhd8ed1ab_1             conda-forge
2025-03-03T06:56:40.5716630Z   sphinx_bootstrap_theme         0.8.1                pyhd8ed1ab_1             conda-forge
2025-03-03T06:56:40.5717020Z   sphinx_rtd_theme               2.0.0                pyha770c72_0             conda-forge
2025-03-03T06:56:40.5717340Z   sphinxcontrib-apidoc           0.3.0                py_1                     conda-forge
2025-03-03T06:56:40.5717670Z   sphinxcontrib-applehelp        1.0.8                pyhd8ed1ab_0             conda-forge
2025-03-03T06:56:40.5718010Z   sphinxcontrib-bibtex           2.6.2                pyhd8ed1ab_0             conda-forge
2025-03-03T06:56:40.5718340Z   sphinxcontrib-devhelp          1.0.6                pyhd8ed1ab_0             conda-forge
2025-03-03T06:56:40.5718670Z   sphinxcontrib-htmlhelp         2.0.5                pyhd8ed1ab_0             conda-forge
2025-03-03T06:56:40.5719000Z   sphinxcontrib-jquery           4.1                  pyhd8ed1ab_1             conda-forge
2025-03-03T06:56:40.5719320Z   sphinxcontrib-jsmath           1.0.1                pyhd8ed1ab_1             conda-forge
2025-03-03T06:56:40.5719640Z   sphinxcontrib-qthelp           1.0.7                pyhd8ed1ab_0             conda-forge
2025-03-03T06:56:40.5720000Z   sphinxcontrib-serializinghtml  1.1.10               pyhd8ed1ab_1             conda-forge
2025-03-03T06:56:40.5720330Z   stack_data                     0.6.2                pyhd8ed1ab_0             conda-forge
2025-03-03T06:56:40.5720600Z   sympy                          1.12.1               pypyh2585a3b_103         conda-forge
2025-03-03T06:56:40.5720860Z   tabulate                       0.9.0                pyhd8ed1ab_2             conda-forge
2025-03-03T06:56:40.5721130Z   tenacity                       8.4.1                pyhd8ed1ab_0             conda-forge
2025-03-03T06:56:40.5721410Z   terminado                      0.18.1               pyh31c8845_0             conda-forge
2025-03-03T06:56:40.5721680Z   tinycss2                       1.3.0                pyhd8ed1ab_0             conda-forge
2025-03-03T06:56:40.5721930Z   tk                             8.6.13               h5083fa2_1               conda-forge
2025-03-03T06:56:40.5722180Z   toml                           0.10.2               pyhd8ed1ab_1             conda-forge
2025-03-03T06:56:40.5722430Z   tomli                          2.0.1                pyhd8ed1ab_0             conda-forge
2025-03-03T06:56:40.5722690Z   tornado                        6.4.1                py312h024a12e_1          conda-forge
2025-03-03T06:56:40.5722950Z   tqdm                           4.66.4               pyhd8ed1ab_0             conda-forge
2025-03-03T06:56:40.5723220Z   traitlets                      5.14.3               pyhd8ed1ab_1             conda-forge
2025-03-03T06:56:40.5723490Z   typed-ast                      1.5.5                py312h02f2b3b_1          conda-forge
2025-03-03T06:56:40.5723920Z   types-python-dateutil          2.9.0.20240316       pyhd8ed1ab_0             conda-forge
2025-03-03T06:56:40.5724270Z   typing-extensions              4.12.2               hd8ed1ab_1               conda-forge
2025-03-03T06:56:40.5724600Z   typing_extensions              4.12.2               pyha770c72_1             conda-forge
2025-03-03T06:56:40.5724930Z   typing_utils                   0.1.0                pyhd8ed1ab_1             conda-forge
2025-03-03T06:56:40.5725340Z   tzdata                         2024a                h8827d51_1               conda-forge
2025-03-03T06:56:40.5725650Z   uri-template                   1.3.0                pyhd8ed1ab_1             conda-forge
2025-03-03T06:56:40.5725940Z   urllib3                        2.2.2                pyhd8ed1ab_1             conda-forge
2025-03-03T06:56:40.5726220Z   wcwidth                        0.2.13               pyhd8ed1ab_1             conda-forge
2025-03-03T06:56:40.5726500Z   webcolors                      24.6.0               pyhd8ed1ab_0             conda-forge
2025-03-03T06:56:40.5726800Z   webencodings                   0.5.1                pyhd8ed1ab_3             conda-forge
2025-03-03T06:56:40.5727240Z   websocket-client               1.8.0                pyhd8ed1ab_1             conda-forge
2025-03-03T06:56:40.5727640Z   wheel                          0.43.0               pyhd8ed1ab_1             conda-forge
2025-03-03T06:56:40.5727950Z   widgetsnbextension             3.6.6                pyhd8ed1ab_0             conda-forge
2025-03-03T06:56:40.5728260Z   xorg-libxau                    1.0.11               hd74edd7_1               conda-forge
2025-03-03T06:56:40.5728560Z   xorg-libxdmcp                  1.1.3                hd74edd7_2               conda-forge
2025-03-03T06:56:40.5728830Z   xz                             5.2.6                h57fd34a_0               conda-forge
2025-03-03T06:56:40.5729080Z   yaml                           0.2.5                h3422bc3_2               conda-forge
2025-03-03T06:56:40.5729340Z   zeromq                         4.3.5                hcc0f68c_4               conda-forge
2025-03-03T06:56:40.5729600Z   zipp                           3.19.2               pyhd8ed1ab_0             conda-forge
2025-03-03T06:56:40.5729860Z   zlib                           1.3.1                h8359307_2               conda-forge
2025-03-03T06:56:40.5730120Z   zlib-ng                        2.2.3                h13dfb9a_0               conda-forge
2025-03-03T06:56:40.5730390Z   zstandard                      0.23.0               py312h15fbf35_1          conda-forge
2025-03-03T06:56:40.5730970Z   zstd                           1.5.6                hb46c0d2_0               conda-forge
2025-03-03T06:56:40.5731680Z ##[endgroup]
2025-03-03T06:56:40.5794810Z ##[group]Run pip install -e . --user
2025-03-03T06:56:40.5795040Z [36;1mpip install -e . --user[0m
2025-03-03T06:56:40.6921080Z shell: /bin/bash -l {0}
2025-03-03T06:56:40.6921270Z env:
2025-03-03T06:56:40.6921410Z   CACHE_NUMBER: 0
2025-03-03T06:56:40.6921900Z   PYTEST_FLAGS: --tardis-regression-data=/Users/runner/work/tardis/tardis/tardis-regression-data --cov=tardis --cov-report=xml --cov-report=html --cov-append
2025-03-03T06:56:40.6922410Z   CODECOV_TOKEN: 
2025-03-03T06:56:40.6922570Z   MAMBA_ROOT_PREFIX: /Users/runner/micromamba
2025-03-03T06:56:40.6922810Z   MAMBA_EXE: /Users/runner/micromamba-bin/micromamba
2025-03-03T06:56:40.6923090Z   CONDARC: /Users/runner/work/_temp/setup-micromamba/.condarc
2025-03-03T06:56:40.6923320Z ##[endgroup]
2025-03-03T06:56:41.6537260Z Obtaining file:///Users/runner/work/tardis/tardis
2025-03-03T06:56:41.6560630Z   Installing build dependencies: started
2025-03-03T06:56:44.2929070Z   Installing build dependencies: finished with status 'done'
2025-03-03T06:56:44.2936760Z   Checking if build backend supports build_editable: started
2025-03-03T06:56:44.3972470Z   Checking if build backend supports build_editable: finished with status 'done'
2025-03-03T06:56:44.3982140Z   Getting requirements to build editable: started
2025-03-03T06:56:44.8103810Z   Getting requirements to build editable: finished with status 'done'
2025-03-03T06:56:44.8116600Z   Preparing editable metadata (pyproject.toml): started
2025-03-03T06:56:45.1939700Z   Preparing editable metadata (pyproject.toml): finished with status 'done'
2025-03-03T06:56:45.2388490Z Requirement already satisfied: astropy in /Users/runner/micromamba/envs/tardis/lib/python3.12/site-packages (from tardis==0.0.0) (6.1.1)
2025-03-03T06:56:45.2702160Z Requirement already satisfied: numpy>=1.23 in /Users/runner/micromamba/envs/tardis/lib/python3.12/site-packages (from astropy->tardis==0.0.0) (2.0.2)
2025-03-03T06:56:45.2710970Z Requirement already satisfied: pyerfa>=2.0.1.1 in /Users/runner/micromamba/envs/tardis/lib/python3.12/site-packages (from astropy->tardis==0.0.0) (2.0.1.4)
2025-03-03T06:56:45.2719230Z Requirement already satisfied: astropy-iers-data>=0.2024.5.27.0.30.8 in /Users/runner/micromamba/envs/tardis/lib/python3.12/site-packages (from astropy->tardis==0.0.0) (0.2024.6.17.0.31.35)
2025-03-03T06:56:45.2722800Z Requirement already satisfied: PyYAML>=3.13 in /Users/runner/micromamba/envs/tardis/lib/python3.12/site-packages (from astropy->tardis==0.0.0) (6.0.1)
2025-03-03T06:56:45.2729620Z Requirement already satisfied: packaging>=19.0 in /Users/runner/micromamba/envs/tardis/lib/python3.12/site-packages (from astropy->tardis==0.0.0) (24.1)
2025-03-03T06:56:45.2807470Z Building wheels for collected packages: tardis
2025-03-03T06:56:45.2813720Z   Building editable for tardis (pyproject.toml): started
2025-03-03T06:56:45.9258180Z   Building editable for tardis (pyproject.toml): finished with status 'done'
2025-03-03T06:56:45.9283340Z   Created wheel for tardis: filename=tardis-0.0.0-0.editable-py3-none-any.whl size=8878 sha256=10c4177fa78c6d2315e227ffdc61c21e14ff1593ca3f5776a519faea95d9b4b0
2025-03-03T06:56:45.9382370Z   Stored in directory: /private/var/folders/2s/h6hvv9ps03xgz_krkkstvq_r0000gn/T/pip-ephem-wheel-cache-ney96y7t/wheels/bb/4f/6a/0829b918c1c10bc28535ce7f14be21eee54375bdd9cd0c306a
2025-03-03T06:56:45.9393270Z Successfully built tardis
2025-03-03T06:56:46.5359230Z Installing collected packages: tardis
2025-03-03T06:56:46.5422820Z Successfully installed tardis-0.0.0
2025-03-03T06:56:46.8441120Z ##[group]Run pip install qgridnext
2025-03-03T06:56:46.8442410Z [36;1mpip install qgridnext[0m
2025-03-03T06:56:46.8536710Z shell: /bin/bash -l {0}
2025-03-03T06:56:46.8536930Z env:
2025-03-03T06:56:46.8537090Z   CACHE_NUMBER: 0
2025-03-03T06:56:46.8537610Z   PYTEST_FLAGS: --tardis-regression-data=/Users/runner/work/tardis/tardis/tardis-regression-data --cov=tardis --cov-report=xml --cov-report=html --cov-append
2025-03-03T06:56:46.8538120Z   CODECOV_TOKEN: 
2025-03-03T06:56:46.8538360Z   MAMBA_ROOT_PREFIX: /Users/runner/micromamba
2025-03-03T06:56:46.8538620Z   MAMBA_EXE: /Users/runner/micromamba-bin/micromamba
2025-03-03T06:56:46.8538930Z   CONDARC: /Users/runner/work/_temp/setup-micromamba/.condarc
2025-03-03T06:56:46.8539180Z ##[endgroup]
2025-03-03T06:56:47.6074110Z Collecting qgridnext
2025-03-03T06:56:47.6384480Z   Downloading qgridnext-2.0.4-py3-none-any.whl.metadata (9.9 kB)
2025-03-03T06:56:47.6570210Z Requirement already satisfied: pandas>=0.20.0 in /Users/runner/micromamba/envs/tardis/lib/python3.12/site-packages (from qgridnext) (2.2.2)
2025-03-03T06:56:47.6575320Z Requirement already satisfied: ipywidgets>=7.0.0 in /Users/runner/micromamba/envs/tardis/lib/python3.12/site-packages (from qgridnext) (7.8.0)
2025-03-03T06:56:47.6581330Z Requirement already satisfied: numpy in /Users/runner/micromamba/envs/tardis/lib/python3.12/site-packages (from qgridnext) (2.0.2)
2025-03-03T06:56:47.6587800Z Requirement already satisfied: traitlets in /Users/runner/micromamba/envs/tardis/lib/python3.12/site-packages (from qgridnext) (5.14.3)
2025-03-03T06:56:47.6636490Z Requirement already satisfied: comm>=0.1.3 in /Users/runner/micromamba/envs/tardis/lib/python3.12/site-packages (from ipywidgets>=7.0.0->qgridnext) (0.2.2)
2025-03-03T06:56:47.6641500Z Requirement already satisfied: ipython-genutils~=0.2.0 in /Users/runner/micromamba/envs/tardis/lib/python3.12/site-packages (from ipywidgets>=7.0.0->qgridnext) (0.2.0)
2025-03-03T06:56:47.6649700Z Requirement already satisfied: widgetsnbextension~=3.6.5 in /Users/runner/micromamba/envs/tardis/lib/python3.12/site-packages (from ipywidgets>=7.0.0->qgridnext) (3.6.6)
2025-03-03T06:56:47.6658600Z Requirement already satisfied: ipython>=4.0.0 in /Users/runner/micromamba/envs/tardis/lib/python3.12/site-packages (from ipywidgets>=7.0.0->qgridnext) (8.25.0)
2025-03-03T06:56:47.6666640Z Requirement already satisfied: jupyterlab-widgets<3,>=1.0.0 in /Users/runner/micromamba/envs/tardis/lib/python3.12/site-packages (from ipywidgets>=7.0.0->qgridnext) (1.1.7)
2025-03-03T06:56:47.6973950Z Requirement already satisfied: python-dateutil>=2.8.2 in /Users/runner/micromamba/envs/tardis/lib/python3.12/site-packages (from pandas>=0.20.0->qgridnext) (2.9.0.post0)
2025-03-03T06:56:47.6985230Z Requirement already satisfied: pytz>=2020.1 in /Users/runner/micromamba/envs/tardis/lib/python3.12/site-packages (from pandas>=0.20.0->qgridnext) (2024.1)
2025-03-03T06:56:47.6993060Z Requirement already satisfied: tzdata>=2022.7 in /Users/runner/micromamba/envs/tardis/lib/python3.12/site-packages (from pandas>=0.20.0->qgridnext) (2024.1)
2025-03-03T06:56:47.7208750Z Requirement already satisfied: decorator in /Users/runner/micromamba/envs/tardis/lib/python3.12/site-packages (from ipython>=4.0.0->ipywidgets>=7.0.0->qgridnext) (5.1.1)
2025-03-03T06:56:47.7219230Z Requirement already satisfied: jedi>=0.16 in /Users/runner/micromamba/envs/tardis/lib/python3.12/site-packages (from ipython>=4.0.0->ipywidgets>=7.0.0->qgridnext) (0.19.1)
2025-03-03T06:56:47.7224990Z Requirement already satisfied: matplotlib-inline in /Users/runner/micromamba/envs/tardis/lib/python3.12/site-packages (from ipython>=4.0.0->ipywidgets>=7.0.0->qgridnext) (0.1.7)
2025-03-03T06:56:47.7230550Z Requirement already satisfied: prompt-toolkit<3.1.0,>=3.0.41 in /Users/runner/micromamba/envs/tardis/lib/python3.12/site-packages (from ipython>=4.0.0->ipywidgets>=7.0.0->qgridnext) (3.0.47)
2025-03-03T06:56:47.7236550Z Requirement already satisfied: pygments>=2.4.0 in /Users/runner/micromamba/envs/tardis/lib/python3.12/site-packages (from ipython>=4.0.0->ipywidgets>=7.0.0->qgridnext) (2.18.0)
2025-03-03T06:56:47.7242130Z Requirement already satisfied: stack-data in /Users/runner/micromamba/envs/tardis/lib/python3.12/site-packages (from ipython>=4.0.0->ipywidgets>=7.0.0->qgridnext) (0.6.2)
2025-03-03T06:56:47.7254080Z Requirement already satisfied: pexpect>4.3 in /Users/runner/micromamba/envs/tardis/lib/python3.12/site-packages (from ipython>=4.0.0->ipywidgets>=7.0.0->qgridnext) (4.9.0)
2025-03-03T06:56:47.7279920Z Requirement already satisfied: six>=1.5 in /Users/runner/micromamba/envs/tardis/lib/python3.12/site-packages (from python-dateutil>=2.8.2->pandas>=0.20.0->qgridnext) (1.16.0)
2025-03-03T06:56:47.7313900Z Requirement already satisfied: notebook>=4.4.1 in /Users/runner/micromamba/envs/tardis/lib/python3.12/site-packages (from widgetsnbextension~=3.6.5->ipywidgets>=7.0.0->qgridnext) (7.2.1)
2025-03-03T06:56:47.7429130Z Requirement already satisfied: parso<0.9.0,>=0.8.3 in /Users/runner/micromamba/envs/tardis/lib/python3.12/site-packages (from jedi>=0.16->ipython>=4.0.0->ipywidgets>=7.0.0->qgridnext) (0.8.4)
2025-03-03T06:56:47.7516180Z Requirement already satisfied: jupyter-server<3,>=2.4.0 in /Users/runner/micromamba/envs/tardis/lib/python3.12/site-packages (from notebook>=4.4.1->widgetsnbextension~=3.6.5->ipywidgets>=7.0.0->qgridnext) (2.14.1)
2025-03-03T06:56:47.7523590Z Requirement already satisfied: jupyterlab-server<3,>=2.27.1 in /Users/runner/micromamba/envs/tardis/lib/python3.12/site-packages (from notebook>=4.4.1->widgetsnbextension~=3.6.5->ipywidgets>=7.0.0->qgridnext) (2.27.2)
2025-03-03T06:56:47.7535190Z Requirement already satisfied: jupyterlab<4.3,>=4.2.0 in /Users/runner/micromamba/envs/tardis/lib/python3.12/site-packages (from notebook>=4.4.1->widgetsnbextension~=3.6.5->ipywidgets>=7.0.0->qgridnext) (4.2.2)
2025-03-03T06:56:47.7636920Z Requirement already satisfied: notebook-shim<0.3,>=0.2 in /Users/runner/micromamba/envs/tardis/lib/python3.12/site-packages (from notebook>=4.4.1->widgetsnbextension~=3.6.5->ipywidgets>=7.0.0->qgridnext) (0.2.4)
2025-03-03T06:56:47.7738680Z Requirement already satisfied: tornado>=6.2.0 in /Users/runner/micromamba/envs/tardis/lib/python3.12/site-packages (from notebook>=4.4.1->widgetsnbextension~=3.6.5->ipywidgets>=7.0.0->qgridnext) (6.4.1)
2025-03-03T06:56:47.7845460Z Requirement already satisfied: ptyprocess>=0.5 in /Users/runner/micromamba/envs/tardis/lib/python3.12/site-packages (from pexpect>4.3->ipython>=4.0.0->ipywidgets>=7.0.0->qgridnext) (0.7.0)
2025-03-03T06:56:47.7947160Z Requirement already satisfied: wcwidth in /Users/runner/micromamba/envs/tardis/lib/python3.12/site-packages (from prompt-toolkit<3.1.0,>=3.0.41->ipython>=4.0.0->ipywidgets>=7.0.0->qgridnext) (0.2.13)
2025-03-03T06:56:47.8048840Z Requirement already satisfied: executing>=1.2.0 in /Users/runner/micromamba/envs/tardis/lib/python3.12/site-packages (from stack-data->ipython>=4.0.0->ipywidgets>=7.0.0->qgridnext) (2.0.1)
2025-03-03T06:56:47.8158250Z Requirement already satisfied: asttokens>=2.1.0 in /Users/runner/micromamba/envs/tardis/lib/python3.12/site-packages (from stack-data->ipython>=4.0.0->ipywidgets>=7.0.0->qgridnext) (2.4.1)
2025-03-03T06:56:47.8260300Z Requirement already satisfied: pure-eval in /Users/runner/micromamba/envs/tardis/lib/python3.12/site-packages (from stack-data->ipython>=4.0.0->ipywidgets>=7.0.0->qgridnext) (0.2.2)
2025-03-03T06:56:47.8363930Z Requirement already satisfied: anyio>=3.1.0 in /Users/runner/micromamba/envs/tardis/lib/python3.12/site-packages (from jupyter-server<3,>=2.4.0->notebook>=4.4.1->widgetsnbextension~=3.6.5->ipywidgets>=7.0.0->qgridnext) (4.4.0)
2025-03-03T06:56:47.8467110Z Requirement already satisfied: argon2-cffi>=21.1 in /Users/runner/micromamba/envs/tardis/lib/python3.12/site-packages (from jupyter-server<3,>=2.4.0->notebook>=4.4.1->widgetsnbextension~=3.6.5->ipywidgets>=7.0.0->qgridnext) (23.1.0)
2025-03-03T06:56:47.8572580Z Requirement already satisfied: jinja2>=3.0.3 in /Users/runner/micromamba/envs/tardis/lib/python3.12/site-packages (from jupyter-server<3,>=2.4.0->notebook>=4.4.1->widgetsnbextension~=3.6.5->ipywidgets>=7.0.0->qgridnext) (3.1.4)
2025-03-03T06:56:47.8675830Z Requirement already satisfied: jupyter-client>=7.4.4 in /Users/runner/micromamba/envs/tardis/lib/python3.12/site-packages (from jupyter-server<3,>=2.4.0->notebook>=4.4.1->widgetsnbextension~=3.6.5->ipywidgets>=7.0.0->qgridnext) (8.6.2)
2025-03-03T06:56:47.8777790Z Requirement already satisfied: jupyter-core!=5.0.*,>=4.12 in /Users/runner/micromamba/envs/tardis/lib/python3.12/site-packages (from jupyter-server<3,>=2.4.0->notebook>=4.4.1->widgetsnbextension~=3.6.5->ipywidgets>=7.0.0->qgridnext) (5.7.2)
2025-03-03T06:56:47.8879630Z Requirement already satisfied: jupyter-events>=0.9.0 in /Users/runner/micromamba/envs/tardis/lib/python3.12/site-packages (from jupyter-server<3,>=2.4.0->notebook>=4.4.1->widgetsnbextension~=3.6.5->ipywidgets>=7.0.0->qgridnext) (0.10.0)
2025-03-03T06:56:47.8981670Z Requirement already satisfied: jupyter-server-terminals>=0.4.4 in /Users/runner/micromamba/envs/tardis/lib/python3.12/site-packages (from jupyter-server<3,>=2.4.0->notebook>=4.4.1->widgetsnbextension~=3.6.5->ipywidgets>=7.0.0->qgridnext) (0.5.3)
2025-03-03T06:56:47.9083670Z Requirement already satisfied: nbconvert>=6.4.4 in /Users/runner/micromamba/envs/tardis/lib/python3.12/site-packages (from jupyter-server<3,>=2.4.0->notebook>=4.4.1->widgetsnbextension~=3.6.5->ipywidgets>=7.0.0->qgridnext) (7.16.4)
2025-03-03T06:56:47.9191600Z Requirement already satisfied: nbformat>=5.3.0 in /Users/runner/micromamba/envs/tardis/lib/python3.12/site-packages (from jupyter-server<3,>=2.4.0->notebook>=4.4.1->widgetsnbextension~=3.6.5->ipywidgets>=7.0.0->qgridnext) (5.10.4)
2025-03-03T06:56:47.9293080Z Requirement already satisfied: overrides>=5.0 in /Users/runner/micromamba/envs/tardis/lib/python3.12/site-packages (from jupyter-server<3,>=2.4.0->notebook>=4.4.1->widgetsnbextension~=3.6.5->ipywidgets>=7.0.0->qgridnext) (7.7.0)
2025-03-03T06:56:47.9392900Z Requirement already satisfied: packaging>=22.0 in /Users/runner/micromamba/envs/tardis/lib/python3.12/site-packages (from jupyter-server<3,>=2.4.0->notebook>=4.4.1->widgetsnbextension~=3.6.5->ipywidgets>=7.0.0->qgridnext) (24.1)
2025-03-03T06:56:47.9494050Z Requirement already satisfied: prometheus-client>=0.9 in /Users/runner/micromamba/envs/tardis/lib/python3.12/site-packages (from jupyter-server<3,>=2.4.0->notebook>=4.4.1->widgetsnbextension~=3.6.5->ipywidgets>=7.0.0->qgridnext) (0.20.0)
2025-03-03T06:56:47.9595270Z Requirement already satisfied: pyzmq>=24 in /Users/runner/micromamba/envs/tardis/lib/python3.12/site-packages (from jupyter-server<3,>=2.4.0->notebook>=4.4.1->widgetsnbextension~=3.6.5->ipywidgets>=7.0.0->qgridnext) (26.0.3)
2025-03-03T06:56:47.9696130Z Requirement already satisfied: send2trash>=1.8.2 in /Users/runner/micromamba/envs/tardis/lib/python3.12/site-packages (from jupyter-server<3,>=2.4.0->notebook>=4.4.1->widgetsnbextension~=3.6.5->ipywidgets>=7.0.0->qgridnext) (1.8.3)
2025-03-03T06:56:47.9796970Z Requirement already satisfied: terminado>=0.8.3 in /Users/runner/micromamba/envs/tardis/lib/python3.12/site-packages (from jupyter-server<3,>=2.4.0->notebook>=4.4.1->widgetsnbextension~=3.6.5->ipywidgets>=7.0.0->qgridnext) (0.18.1)
2025-03-03T06:56:47.9898110Z Requirement already satisfied: websocket-client>=1.7 in /Users/runner/micromamba/envs/tardis/lib/python3.12/site-packages (from jupyter-server<3,>=2.4.0->notebook>=4.4.1->widgetsnbextension~=3.6.5->ipywidgets>=7.0.0->qgridnext) (1.8.0)
2025-03-03T06:56:47.9998760Z Requirement already satisfied: async-lru>=1.0.0 in /Users/runner/micromamba/envs/tardis/lib/python3.12/site-packages (from jupyterlab<4.3,>=4.2.0->notebook>=4.4.1->widgetsnbextension~=3.6.5->ipywidgets>=7.0.0->qgridnext) (2.0.4)
2025-03-03T06:56:48.0099940Z Requirement already satisfied: httpx>=0.25.0 in /Users/runner/micromamba/envs/tardis/lib/python3.12/site-packages (from jupyterlab<4.3,>=4.2.0->notebook>=4.4.1->widgetsnbextension~=3.6.5->ipywidgets>=7.0.0->qgridnext) (0.27.0)
2025-03-03T06:56:48.0201140Z Requirement already satisfied: ipykernel>=6.5.0 in /Users/runner/micromamba/envs/tardis/lib/python3.12/site-packages (from jupyterlab<4.3,>=4.2.0->notebook>=4.4.1->widgetsnbextension~=3.6.5->ipywidgets>=7.0.0->qgridnext) (6.29.4)
2025-03-03T06:56:48.0301120Z Requirement already satisfied: jupyter-lsp>=2.0.0 in /Users/runner/micromamba/envs/tardis/lib/python3.12/site-packages (from jupyterlab<4.3,>=4.2.0->notebook>=4.4.1->widgetsnbextension~=3.6.5->ipywidgets>=7.0.0->qgridnext) (2.2.5)
2025-03-03T06:56:48.0402470Z Requirement already satisfied: setuptools>=40.1.0 in /Users/runner/micromamba/envs/tardis/lib/python3.12/site-packages (from jupyterlab<4.3,>=4.2.0->notebook>=4.4.1->widgetsnbextension~=3.6.5->ipywidgets>=7.0.0->qgridnext) (70.0.0)
2025-03-03T06:56:48.0503320Z Requirement already satisfied: babel>=2.10 in /Users/runner/micromamba/envs/tardis/lib/python3.12/site-packages (from jupyterlab-server<3,>=2.27.1->notebook>=4.4.1->widgetsnbextension~=3.6.5->ipywidgets>=7.0.0->qgridnext) (2.14.0)
2025-03-03T06:56:48.0603750Z Requirement already satisfied: json5>=0.9.0 in /Users/runner/micromamba/envs/tardis/lib/python3.12/site-packages (from jupyterlab-server<3,>=2.27.1->notebook>=4.4.1->widgetsnbextension~=3.6.5->ipywidgets>=7.0.0->qgridnext) (0.9.25)
2025-03-03T06:56:48.0704860Z Requirement already satisfied: jsonschema>=4.18.0 in /Users/runner/micromamba/envs/tardis/lib/python3.12/site-packages (from jupyterlab-server<3,>=2.27.1->notebook>=4.4.1->widgetsnbextension~=3.6.5->ipywidgets>=7.0.0->qgridnext) (4.22.0)
2025-03-03T06:56:48.0807660Z Requirement already satisfied: requests>=2.31 in /Users/runner/micromamba/envs/tardis/lib/python3.12/site-packages (from jupyterlab-server<3,>=2.27.1->notebook>=4.4.1->widgetsnbextension~=3.6.5->ipywidgets>=7.0.0->qgridnext) (2.32.3)
2025-03-03T06:56:48.0907020Z Requirement already satisfied: idna>=2.8 in /Users/runner/micromamba/envs/tardis/lib/python3.12/site-packages (from anyio>=3.1.0->jupyter-server<3,>=2.4.0->notebook>=4.4.1->widgetsnbextension~=3.6.5->ipywidgets>=7.0.0->qgridnext) (3.7)
2025-03-03T06:56:48.1007250Z Requirement already satisfied: sniffio>=1.1 in /Users/runner/micromamba/envs/tardis/lib/python3.12/site-packages (from anyio>=3.1.0->jupyter-server<3,>=2.4.0->notebook>=4.4.1->widgetsnbextension~=3.6.5->ipywidgets>=7.0.0->qgridnext) (1.3.1)
2025-03-03T06:56:48.1109270Z Requirement already satisfied: argon2-cffi-bindings in /Users/runner/micromamba/envs/tardis/lib/python3.12/site-packages (from argon2-cffi>=21.1->jupyter-server<3,>=2.4.0->notebook>=4.4.1->widgetsnbextension~=3.6.5->ipywidgets>=7.0.0->qgridnext) (21.2.0)
2025-03-03T06:56:48.1209380Z Requirement already satisfied: certifi in /Users/runner/micromamba/envs/tardis/lib/python3.12/site-packages (from httpx>=0.25.0->jupyterlab<4.3,>=4.2.0->notebook>=4.4.1->widgetsnbextension~=3.6.5->ipywidgets>=7.0.0->qgridnext) (2024.12.14)
2025-03-03T06:56:48.1311540Z Requirement already satisfied: httpcore==1.* in /Users/runner/micromamba/envs/tardis/lib/python3.12/site-packages (from httpx>=0.25.0->jupyterlab<4.3,>=4.2.0->notebook>=4.4.1->widgetsnbextension~=3.6.5->ipywidgets>=7.0.0->qgridnext) (1.0.5)
2025-03-03T06:56:48.1411700Z Requirement already satisfied: h11<0.15,>=0.13 in /Users/runner/micromamba/envs/tardis/lib/python3.12/site-packages (from httpcore==1.*->httpx>=0.25.0->jupyterlab<4.3,>=4.2.0->notebook>=4.4.1->widgetsnbextension~=3.6.5->ipywidgets>=7.0.0->qgridnext) (0.14.0)
2025-03-03T06:56:48.1514100Z Requirement already satisfied: appnope in /Users/runner/micromamba/envs/tardis/lib/python3.12/site-packages (from ipykernel>=6.5.0->jupyterlab<4.3,>=4.2.0->notebook>=4.4.1->widgetsnbextension~=3.6.5->ipywidgets>=7.0.0->qgridnext) (0.1.4)
2025-03-03T06:56:48.1618850Z Requirement already satisfied: debugpy>=1.6.5 in /Users/runner/micromamba/envs/tardis/lib/python3.12/site-packages (from ipykernel>=6.5.0->jupyterlab<4.3,>=4.2.0->notebook>=4.4.1->widgetsnbextension~=3.6.5->ipywidgets>=7.0.0->qgridnext) (1.8.1)
2025-03-03T06:56:48.1719640Z Requirement already satisfied: nest-asyncio in /Users/runner/micromamba/envs/tardis/lib/python3.12/site-packages (from ipykernel>=6.5.0->jupyterlab<4.3,>=4.2.0->notebook>=4.4.1->widgetsnbextension~=3.6.5->ipywidgets>=7.0.0->qgridnext) (1.6.0)
2025-03-03T06:56:48.1821230Z Requirement already satisfied: psutil in /Users/runner/micromamba/envs/tardis/lib/python3.12/site-packages (from ipykernel>=6.5.0->jupyterlab<4.3,>=4.2.0->notebook>=4.4.1->widgetsnbextension~=3.6.5->ipywidgets>=7.0.0->qgridnext) (5.9.8)
2025-03-03T06:56:48.1921300Z Requirement already satisfied: MarkupSafe>=2.0 in /Users/runner/micromamba/envs/tardis/lib/python3.12/site-packages (from jinja2>=3.0.3->jupyter-server<3,>=2.4.0->notebook>=4.4.1->widgetsnbextension~=3.6.5->ipywidgets>=7.0.0->qgridnext) (2.1.5)
2025-03-03T06:56:48.2022630Z Requirement already satisfied: attrs>=22.2.0 in /Users/runner/micromamba/envs/tardis/lib/python3.12/site-packages (from jsonschema>=4.18.0->jupyterlab-server<3,>=2.27.1->notebook>=4.4.1->widgetsnbextension~=3.6.5->ipywidgets>=7.0.0->qgridnext) (23.2.0)
2025-03-03T06:56:48.2124060Z Requirement already satisfied: jsonschema-specifications>=2023.03.6 in /Users/runner/micromamba/envs/tardis/lib/python3.12/site-packages (from jsonschema>=4.18.0->jupyterlab-server<3,>=2.27.1->notebook>=4.4.1->widgetsnbextension~=3.6.5->ipywidgets>=7.0.0->qgridnext) (2023.12.1)
2025-03-03T06:56:48.2217890Z Requirement already satisfied: referencing>=0.28.4 in /Users/runner/micromamba/envs/tardis/lib/python3.12/site-packages (from jsonschema>=4.18.0->jupyterlab-server<3,>=2.27.1->notebook>=4.4.1->widgetsnbextension~=3.6.5->ipywidgets>=7.0.0->qgridnext) (0.35.1)
2025-03-03T06:56:48.2353080Z Requirement already satisfied: rpds-py>=0.7.1 in /Users/runner/micromamba/envs/tardis/lib/python3.12/site-packages (from jsonschema>=4.18.0->jupyterlab-server<3,>=2.27.1->notebook>=4.4.1->widgetsnbextension~=3.6.5->ipywidgets>=7.0.0->qgridnext) (0.18.1)
2025-03-03T06:56:48.2360340Z Requirement already satisfied: platformdirs>=2.5 in /Users/runner/micromamba/envs/tardis/lib/python3.12/site-packages (from jupyter-core!=5.0.*,>=4.12->jupyter-server<3,>=2.4.0->notebook>=4.4.1->widgetsnbextension~=3.6.5->ipywidgets>=7.0.0->qgridnext) (4.2.2)
2025-03-03T06:56:48.2464920Z Requirement already satisfied: python-json-logger>=2.0.4 in /Users/runner/micromamba/envs/tardis/lib/python3.12/site-packages (from jupyter-events>=0.9.0->jupyter-server<3,>=2.4.0->notebook>=4.4.1->widgetsnbextension~=3.6.5->ipywidgets>=7.0.0->qgridnext) (2.0.7)
2025-03-03T06:56:48.2565890Z Requirement already satisfied: pyyaml>=5.3 in /Users/runner/micromamba/envs/tardis/lib/python3.12/site-packages (from jupyter-events>=0.9.0->jupyter-server<3,>=2.4.0->notebook>=4.4.1->widgetsnbextension~=3.6.5->ipywidgets>=7.0.0->qgridnext) (6.0.1)
2025-03-03T06:56:48.2667990Z Requirement already satisfied: rfc3339-validator in /Users/runner/micromamba/envs/tardis/lib/python3.12/site-packages (from jupyter-events>=0.9.0->jupyter-server<3,>=2.4.0->notebook>=4.4.1->widgetsnbextension~=3.6.5->ipywidgets>=7.0.0->qgridnext) (0.1.4)
2025-03-03T06:56:48.2769150Z Requirement already satisfied: rfc3986-validator>=0.1.1 in /Users/runner/micromamba/envs/tardis/lib/python3.12/site-packages (from jupyter-events>=0.9.0->jupyter-server<3,>=2.4.0->notebook>=4.4.1->widgetsnbextension~=3.6.5->ipywidgets>=7.0.0->qgridnext) (0.1.1)
2025-03-03T06:56:48.2870270Z Requirement already satisfied: beautifulsoup4 in /Users/runner/micromamba/envs/tardis/lib/python3.12/site-packages (from nbconvert>=6.4.4->jupyter-server<3,>=2.4.0->notebook>=4.4.1->widgetsnbextension~=3.6.5->ipywidgets>=7.0.0->qgridnext) (4.12.3)
2025-03-03T06:56:48.2971650Z Requirement already satisfied: bleach!=5.0.0 in /Users/runner/micromamba/envs/tardis/lib/python3.12/site-packages (from nbconvert>=6.4.4->jupyter-server<3,>=2.4.0->notebook>=4.4.1->widgetsnbextension~=3.6.5->ipywidgets>=7.0.0->qgridnext) (6.1.0)
2025-03-03T06:56:48.3072470Z Requirement already satisfied: defusedxml in /Users/runner/micromamba/envs/tardis/lib/python3.12/site-packages (from nbconvert>=6.4.4->jupyter-server<3,>=2.4.0->notebook>=4.4.1->widgetsnbextension~=3.6.5->ipywidgets>=7.0.0->qgridnext) (0.7.1)
2025-03-03T06:56:48.3174360Z Requirement already satisfied: jupyterlab-pygments in /Users/runner/micromamba/envs/tardis/lib/python3.12/site-packages (from nbconvert>=6.4.4->jupyter-server<3,>=2.4.0->notebook>=4.4.1->widgetsnbextension~=3.6.5->ipywidgets>=7.0.0->qgridnext) (0.3.0)
2025-03-03T06:56:48.3274830Z Requirement already satisfied: mistune<4,>=2.0.3 in /Users/runner/micromamba/envs/tardis/lib/python3.12/site-packages (from nbconvert>=6.4.4->jupyter-server<3,>=2.4.0->notebook>=4.4.1->widgetsnbextension~=3.6.5->ipywidgets>=7.0.0->qgridnext) (3.0.2)
2025-03-03T06:56:48.3376520Z Requirement already satisfied: nbclient>=0.5.0 in /Users/runner/micromamba/envs/tardis/lib/python3.12/site-packages (from nbconvert>=6.4.4->jupyter-server<3,>=2.4.0->notebook>=4.4.1->widgetsnbextension~=3.6.5->ipywidgets>=7.0.0->qgridnext) (0.10.0)
2025-03-03T06:56:48.3477160Z Requirement already satisfied: pandocfilters>=1.4.1 in /Users/runner/micromamba/envs/tardis/lib/python3.12/site-packages (from nbconvert>=6.4.4->jupyter-server<3,>=2.4.0->notebook>=4.4.1->widgetsnbextension~=3.6.5->ipywidgets>=7.0.0->qgridnext) (1.5.0)
2025-03-03T06:56:48.3580790Z Requirement already satisfied: tinycss2 in /Users/runner/micromamba/envs/tardis/lib/python3.12/site-packages (from nbconvert>=6.4.4->jupyter-server<3,>=2.4.0->notebook>=4.4.1->widgetsnbextension~=3.6.5->ipywidgets>=7.0.0->qgridnext) (1.3.0)
2025-03-03T06:56:48.3681350Z Requirement already satisfied: fastjsonschema>=2.15 in /Users/runner/micromamba/envs/tardis/lib/python3.12/site-packages (from nbformat>=5.3.0->jupyter-server<3,>=2.4.0->notebook>=4.4.1->widgetsnbextension~=3.6.5->ipywidgets>=7.0.0->qgridnext) (2.20.0)
2025-03-03T06:56:48.3783410Z Requirement already satisfied: charset_normalizer<4,>=2 in /Users/runner/micromamba/envs/tardis/lib/python3.12/site-packages (from requests>=2.31->jupyterlab-server<3,>=2.27.1->notebook>=4.4.1->widgetsnbextension~=3.6.5->ipywidgets>=7.0.0->qgridnext) (3.3.2)
2025-03-03T06:56:48.3885870Z Requirement already satisfied: urllib3<3,>=1.21.1 in /Users/runner/micromamba/envs/tardis/lib/python3.12/site-packages (from requests>=2.31->jupyterlab-server<3,>=2.27.1->notebook>=4.4.1->widgetsnbextension~=3.6.5->ipywidgets>=7.0.0->qgridnext) (2.2.2)
2025-03-03T06:56:48.3968750Z Requirement already satisfied: webencodings in /Users/runner/micromamba/envs/tardis/lib/python3.12/site-packages (from bleach!=5.0.0->nbconvert>=6.4.4->jupyter-server<3,>=2.4.0->notebook>=4.4.1->widgetsnbextension~=3.6.5->ipywidgets>=7.0.0->qgridnext) (0.5.1)
2025-03-03T06:56:48.3987010Z Requirement already satisfied: fqdn in /Users/runner/micromamba/envs/tardis/lib/python3.12/site-packages (from jsonschema[format-nongpl]>=4.18.0->jupyter-events>=0.9.0->jupyter-server<3,>=2.4.0->notebook>=4.4.1->widgetsnbextension~=3.6.5->ipywidgets>=7.0.0->qgridnext) (1.5.1)
2025-03-03T06:56:48.3988750Z Requirement already satisfied: isoduration in /Users/runner/micromamba/envs/tardis/lib/python3.12/site-packages (from jsonschema[format-nongpl]>=4.18.0->jupyter-events>=0.9.0->jupyter-server<3,>=2.4.0->notebook>=4.4.1->widgetsnbextension~=3.6.5->ipywidgets>=7.0.0->qgridnext) (20.11.0)
2025-03-03T06:56:48.3993640Z Requirement already satisfied: jsonpointer>1.13 in /Users/runner/micromamba/envs/tardis/lib/python3.12/site-packages (from jsonschema[format-nongpl]>=4.18.0->jupyter-events>=0.9.0->jupyter-server<3,>=2.4.0->notebook>=4.4.1->widgetsnbextension~=3.6.5->ipywidgets>=7.0.0->qgridnext) (3.0.0)
2025-03-03T06:56:48.3995310Z Requirement already satisfied: uri-template in /Users/runner/micromamba/envs/tardis/lib/python3.12/site-packages (from jsonschema[format-nongpl]>=4.18.0->jupyter-events>=0.9.0->jupyter-server<3,>=2.4.0->notebook>=4.4.1->widgetsnbextension~=3.6.5->ipywidgets>=7.0.0->qgridnext) (1.3.0)
2025-03-03T06:56:48.3996720Z Requirement already satisfied: webcolors>=1.11 in /Users/runner/micromamba/envs/tardis/lib/python3.12/site-packages (from jsonschema[format-nongpl]>=4.18.0->jupyter-events>=0.9.0->jupyter-server<3,>=2.4.0->notebook>=4.4.1->widgetsnbextension~=3.6.5->ipywidgets>=7.0.0->qgridnext) (24.6.0)
2025-03-03T06:56:48.3998390Z Requirement already satisfied: cffi>=1.0.1 in /Users/runner/micromamba/envs/tardis/lib/python3.12/site-packages (from argon2-cffi-bindings->argon2-cffi>=21.1->jupyter-server<3,>=2.4.0->notebook>=4.4.1->widgetsnbextension~=3.6.5->ipywidgets>=7.0.0->qgridnext) (1.16.0)
2025-03-03T06:56:48.3999690Z Requirement already satisfied: soupsieve>1.2 in /Users/runner/micromamba/envs/tardis/lib/python3.12/site-packages (from beautifulsoup4->nbconvert>=6.4.4->jupyter-server<3,>=2.4.0->notebook>=4.4.1->widgetsnbextension~=3.6.5->ipywidgets>=7.0.0->qgridnext) (2.5)
2025-03-03T06:56:48.4001050Z Requirement already satisfied: pycparser in /Users/runner/micromamba/envs/tardis/lib/python3.12/site-packages (from cffi>=1.0.1->argon2-cffi-bindings->argon2-cffi>=21.1->jupyter-server<3,>=2.4.0->notebook>=4.4.1->widgetsnbextension~=3.6.5->ipywidgets>=7.0.0->qgridnext) (2.22)
2025-03-03T06:56:48.4002850Z Requirement already satisfied: arrow>=0.15.0 in /Users/runner/micromamba/envs/tardis/lib/python3.12/site-packages (from isoduration->jsonschema[format-nongpl]>=4.18.0->jupyter-events>=0.9.0->jupyter-server<3,>=2.4.0->notebook>=4.4.1->widgetsnbextension~=3.6.5->ipywidgets>=7.0.0->qgridnext) (1.3.0)
2025-03-03T06:56:48.4004390Z Requirement already satisfied: types-python-dateutil>=2.8.10 in /Users/runner/micromamba/envs/tardis/lib/python3.12/site-packages (from arrow>=0.15.0->isoduration->jsonschema[format-nongpl]>=4.18.0->jupyter-events>=0.9.0->jupyter-server<3,>=2.4.0->notebook>=4.4.1->widgetsnbextension~=3.6.5->ipywidgets>=7.0.0->qgridnext) (2.9.0.20240316)
2025-03-03T06:56:48.4150640Z Downloading qgridnext-2.0.4-py3-none-any.whl (1.3 MB)
2025-03-03T06:56:48.4620710Z    â”â”â”â”â”â”â”â”â”â”â”â”â”â”â”â”â”â”â”â”â”â”â”â”â”â”â”â”â”â”â”â”â”â”â”â”â”â”â”â” 1.3/1.3 MB 27.2 MB/s eta 0:00:00
2025-03-03T06:56:49.0917620Z Installing collected packages: qgridnext
2025-03-03T06:56:49.1412440Z Successfully installed qgridnext-2.0.4
2025-03-03T06:56:49.4300070Z ##[group]Run pytest tardis --tardis-regression-data=/Users/runner/work/tardis/tardis/tardis-regression-data --cov=tardis --cov-report=xml --cov-report=html --cov-append -m " continuum"
2025-03-03T06:56:49.4301270Z [36;1mpytest tardis --tardis-regression-data=/Users/runner/work/tardis/tardis/tardis-regression-data --cov=tardis --cov-report=xml --cov-report=html --cov-append -m " continuum"[0m
2025-03-03T06:56:49.4437900Z shell: /bin/bash -l {0}
2025-03-03T06:56:49.4438110Z env:
2025-03-03T06:56:49.4438290Z   CACHE_NUMBER: 0
2025-03-03T06:56:49.4438800Z   PYTEST_FLAGS: --tardis-regression-data=/Users/runner/work/tardis/tardis/tardis-regression-data --cov=tardis --cov-report=xml --cov-report=html --cov-append
2025-03-03T06:56:49.4439330Z   CODECOV_TOKEN: 
2025-03-03T06:56:49.4439520Z   MAMBA_ROOT_PREFIX: /Users/runner/micromamba
2025-03-03T06:56:49.4439800Z   MAMBA_EXE: /Users/runner/micromamba-bin/micromamba
2025-03-03T06:56:49.4440260Z   CONDARC: /Users/runner/work/_temp/setup-micromamba/.condarc
2025-03-03T06:56:49.4440550Z ##[endgroup]
2025-03-03T06:57:03.7316810Z ============================= test session starts ==============================
2025-03-03T06:57:03.7318810Z platform darwin -- Python 3.12.4, pytest-8.2.2, pluggy-1.5.0
2025-03-03T06:57:03.7319290Z rootdir: /Users/runner/work/tardis/tardis
2025-03-03T06:57:03.7319610Z configfile: pyproject.toml
2025-03-03T06:57:03.7320110Z plugins: cov-5.0.0, html-4.1.1, metadata-3.1.1, doctestplus-1.2.1, anyio-4.4.0
2025-03-03T06:57:03.7320500Z collected 1798 items / 1796 deselected / 2 selected
2025-03-03T06:57:03.7320740Z 
2025-03-03T06:58:08.5313250Z tardis/transport/montecarlo/estimators/tests/test_continuum_property_solver.py . [ 50%]
2025-03-03T06:58:08.5313920Z                                                                          [ 50%]
2025-03-03T06:58:34.8564570Z tardis/transport/montecarlo/tests/test_continuum.py .                    [100%]
2025-03-03T06:58:34.8565000Z 
2025-03-03T06:58:34.8565320Z =============================== warnings summary ===============================
2025-03-03T06:58:34.8565770Z tardis/io/configuration/config_validator.py:6
2025-03-03T06:58:34.8566120Z tardis/io/configuration/config_validator.py:6
2025-03-03T06:58:34.8566580Z   /Users/runner/work/tardis/tardis/tardis/io/configuration/config_validator.py:6: DeprecationWarning:
2025-03-03T06:58:34.8567200Z   
2025-03-03T06:58:34.8568300Z   jsonschema.RefResolver is deprecated as of v4.18.0, in favor of the https://github.com/python-jsonschema/referencing library, which provides more compliant referencing behavior as well as more flexible APIs for customization. A future release will remove RefResolver. Please file a feature request (on referencing) if you are missing an API for the kind of customization you need.
2025-03-03T06:58:34.8569380Z 
2025-03-03T06:58:34.8569670Z ../../../micromamba/envs/tardis/lib/python3.12/site-packages/jupyter_client/connect.py:22
2025-03-03T06:58:34.8570440Z   /Users/runner/micromamba/envs/tardis/lib/python3.12/site-packages/jupyter_client/connect.py:22: DeprecationWarning:
2025-03-03T06:58:34.8570950Z   
2025-03-03T06:58:34.8571340Z   Jupyter is migrating its paths to use standard platformdirs
2025-03-03T06:58:34.8571760Z   given by the platformdirs library.  To remove this warning and
2025-03-03T06:58:34.8572390Z   see the appropriate new directories, set the environment variable
2025-03-03T06:58:34.8572810Z   `JUPYTER_PLATFORM_DIRS=1` and then run `jupyter --paths`.
2025-03-03T06:58:34.8573310Z   The use of platformdirs will be the default in `jupyter_core` v6
2025-03-03T06:58:34.8573600Z 
2025-03-03T06:58:34.8573690Z tardis/plasma/properties/__init__.py:17
2025-03-03T06:58:34.8574200Z   /Users/runner/work/tardis/tardis/tardis/plasma/properties/__init__.py:17: DeprecationWarning:
2025-03-03T06:58:34.8574790Z   
2025-03-03T06:58:34.8577010Z   The numpy.linalg.linalg has been made private and renamed to numpy.linalg._linalg. All public functions exported by it are available from numpy.linalg. Please use numpy.linalg.LinAlgError instead.
2025-03-03T06:58:34.8577590Z 
2025-03-03T06:58:34.8582200Z tardis/transport/montecarlo/estimators/tests/test_continuum_property_solver.py::test_continuum_estimators
2025-03-03T06:58:34.8582880Z   /Users/runner/work/tardis/tardis/tardis/transport/montecarlo/montecarlo_main_loop.py:123: NumbaTypeSafetyWarning:
2025-03-03T06:58:34.8584190Z   
2025-03-03T06:58:34.8585350Z   [1m[1m[1munsafe cast from uint64 to int64. Precision may be lost.[0m[0m[0m
2025-03-03T06:58:34.8585650Z 
2025-03-03T06:58:34.8585880Z -- Docs: https://docs.pytest.org/en/stable/how-to/capture-warnings.html
2025-03-03T06:58:34.8586180Z 
2025-03-03T06:58:34.8586320Z ---------- coverage: platform darwin, python 3.12.4-final-0 ----------
2025-03-03T06:58:34.8586760Z Coverage HTML written to dir coverage_html_report
2025-03-03T06:58:34.8587070Z Coverage XML written to file coverage.xml
2025-03-03T06:58:34.8587290Z 
2025-03-03T06:58:34.8587480Z ========== 2 passed, 1796 deselected, 5 warnings in 92.65s (0:01:32) ===========
2025-03-03T06:58:35.8231210Z ##[group]Run mv .coverage .coverage.1
2025-03-03T06:58:35.8231900Z [36;1mmv .coverage .coverage.1[0m
2025-03-03T06:58:35.8556660Z shell: /bin/bash -l {0}
2025-03-03T06:58:35.8556890Z env:
2025-03-03T06:58:35.8557170Z   CACHE_NUMBER: 0
2025-03-03T06:58:35.8557860Z   PYTEST_FLAGS: --tardis-regression-data=/Users/runner/work/tardis/tardis/tardis-regression-data --cov=tardis --cov-report=xml --cov-report=html --cov-append
2025-03-03T06:58:35.8558510Z   CODECOV_TOKEN: 
2025-03-03T06:58:35.8558780Z   MAMBA_ROOT_PREFIX: /Users/runner/micromamba
2025-03-03T06:58:35.8559120Z   MAMBA_EXE: /Users/runner/micromamba-bin/micromamba
2025-03-03T06:58:35.8559530Z   CONDARC: /Users/runner/work/_temp/setup-micromamba/.condarc
2025-03-03T06:58:35.8559830Z ##[endgroup]
2025-03-03T06:58:36.0224130Z ##[group]Run actions/upload-artifact@v4
2025-03-03T06:58:36.0224410Z with:
2025-03-03T06:58:36.0224570Z   name: coverage--continuum-macos-latest
2025-03-03T06:58:36.0224780Z   include-hidden-files: true
2025-03-03T06:58:36.0224970Z   path: .coverage*
!.coveragerc

2025-03-03T06:58:36.0225150Z   if-no-files-found: warn
2025-03-03T06:58:36.0225340Z   compression-level: 6
2025-03-03T06:58:36.0225490Z   overwrite: false
2025-03-03T06:58:36.0225740Z env:
2025-03-03T06:58:36.0225930Z   CACHE_NUMBER: 0
2025-03-03T06:58:36.0226470Z   PYTEST_FLAGS: --tardis-regression-data=/Users/runner/work/tardis/tardis/tardis-regression-data --cov=tardis --cov-report=xml --cov-report=html --cov-append
2025-03-03T06:58:36.0227020Z   CODECOV_TOKEN: 
2025-03-03T06:58:36.0227310Z   MAMBA_ROOT_PREFIX: /Users/runner/micromamba
2025-03-03T06:58:36.0227560Z   MAMBA_EXE: /Users/runner/micromamba-bin/micromamba
2025-03-03T06:58:36.0227960Z   CONDARC: /Users/runner/work/_temp/setup-micromamba/.condarc
2025-03-03T06:58:36.0228390Z ##[endgroup]
2025-03-03T06:58:36.4015040Z With the provided path, there will be 2 files uploaded
2025-03-03T06:58:36.4018100Z Artifact name is valid!
2025-03-03T06:58:36.4018680Z Root directory input is valid!
2025-03-03T06:58:36.5856540Z Beginning upload of artifact content to blob storage
2025-03-03T06:58:36.8115640Z Uploaded bytes 28173
2025-03-03T06:58:36.8605530Z Finished uploading artifact content to blob storage!
2025-03-03T06:58:36.8606850Z SHA256 hash of uploaded artifact zip is 46709c70b991da7f61a2970e5cd857a94f9f0dc2282cd0d6328963d3c3e6b164
2025-03-03T06:58:36.8607870Z Finalizing artifact upload
2025-03-03T06:58:36.9483880Z Artifact coverage--continuum-macos-latest.zip successfully finalized. Artifact ID 2679634224
2025-03-03T06:58:36.9485030Z Artifact coverage--continuum-macos-latest has been successfully uploaded! Final size is 28173 bytes. Artifact ID is 2679634224
2025-03-03T06:58:36.9493700Z Artifact download URL: https://github.com/tardis-sn/tardis/actions/runs/13625136839/artifacts/2679634224
2025-03-03T06:58:36.9613240Z Post job cleanup.
2025-03-03T06:58:36.9675460Z Post job cleanup.
2025-03-03T06:58:37.0821450Z Will use pre-installed micromamba at /Users/runner/micromamba-bin/micromamba
2025-03-03T06:58:37.0824290Z Removing micromamba run shell ...
2025-03-03T06:58:37.0826340Z ##[group]Deinitialize micromamba for bash
2025-03-03T06:58:37.0841300Z [command]/Users/runner/micromamba-bin/micromamba shell deinit -s bash -r /Users/runner/micromamba --log-level warning --rc-file /Users/runner/work/_temp/setup-micromamba/.condarc
2025-03-03T06:58:37.0981190Z Resetting RC file "/Users/runner/.bash_profile"
2025-03-03T06:58:37.0981540Z Deleting config for root prefix 
2025-03-03T06:58:37.0981800Z Clearing mamba executable environment variable
2025-03-03T06:58:37.1003920Z Removing the following in your "/Users/runner/.bash_profile" file
2025-03-03T06:58:37.1004220Z # >>> mamba initialize >>>
2025-03-03T06:58:37.1004390Z ...
2025-03-03T06:58:37.1004540Z # <<< mamba initialize <<<
2025-03-03T06:58:37.1031910Z Removing environment tardis from auto-activate bash ...
2025-03-03T06:58:37.1116460Z Post job cleanup.
2025-03-03T06:58:37.1161010Z Post job cleanup.
2025-03-03T06:58:37.2108320Z [command]/opt/homebrew/bin/git version
2025-03-03T06:58:37.2285150Z git version 2.48.1
2025-03-03T06:58:37.2306270Z Copying '/Users/runner/.gitconfig' to '/Users/runner/work/_temp/79a1d0d8-a62b-4cbe-a628-0151f923a847/.gitconfig'
2025-03-03T06:58:37.2312470Z Temporarily overriding HOME='/Users/runner/work/_temp/79a1d0d8-a62b-4cbe-a628-0151f923a847' before making global git config changes
2025-03-03T06:58:37.2313100Z Adding repository directory to the temporary git global config as a safe directory
2025-03-03T06:58:37.2315980Z [command]/opt/homebrew/bin/git config --global --add safe.directory /Users/runner/work/tardis/tardis/tardis-regression-data
2025-03-03T06:58:37.2402710Z [command]/opt/homebrew/bin/git config --local --name-only --get-regexp core\.sshCommand
2025-03-03T06:58:37.2443580Z [command]/opt/homebrew/bin/git submodule foreach --recursive sh -c "git config --local --name-only --get-regexp 'core\.sshCommand' && git config --local --unset-all 'core.sshCommand' || :"
2025-03-03T06:58:37.3600150Z [command]/opt/homebrew/bin/git config --local --name-only --get-regexp http\.https\:\/\/github\.com\/\.extraheader
2025-03-03T06:58:37.3635950Z http.https://github.com/.extraheader
2025-03-03T06:58:37.3644930Z [command]/opt/homebrew/bin/git config --local --unset-all http.https://github.com/.extraheader
2025-03-03T06:58:37.3695940Z [command]/opt/homebrew/bin/git submodule foreach --recursive sh -c "git config --local --name-only --get-regexp 'http\.https\:\/\/github\.com\/\.extraheader' && git config --local --unset-all 'http.https://github.com/.extraheader' || :"
2025-03-03T06:58:37.4295110Z Post job cleanup.
2025-03-03T06:58:37.5861050Z [command]/opt/homebrew/bin/git version
2025-03-03T06:58:37.5954130Z git version 2.48.1
2025-03-03T06:58:37.6017230Z Copying '/Users/runner/.gitconfig' to '/Users/runner/work/_temp/caeb46bc-8c4b-449e-b2ca-08088f47e999/.gitconfig'
2025-03-03T06:58:37.6017990Z Temporarily overriding HOME='/Users/runner/work/_temp/caeb46bc-8c4b-449e-b2ca-08088f47e999' before making global git config changes
2025-03-03T06:58:37.6018610Z Adding repository directory to the temporary git global config as a safe directory
2025-03-03T06:58:37.6019180Z [command]/opt/homebrew/bin/git config --global --add safe.directory /Users/runner/work/tardis/tardis
2025-03-03T06:58:37.6020050Z [command]/opt/homebrew/bin/git config --local --name-only --get-regexp core\.sshCommand
2025-03-03T06:58:37.6021140Z [command]/opt/homebrew/bin/git submodule foreach --recursive sh -c "git config --local --name-only --get-regexp 'core\.sshCommand' && git config --local --unset-all 'core.sshCommand' || :"
2025-03-03T06:58:37.6517040Z [command]/opt/homebrew/bin/git config --local --name-only --get-regexp http\.https\:\/\/github\.com\/\.extraheader
2025-03-03T06:58:37.6548970Z http.https://github.com/.extraheader
2025-03-03T06:58:37.6557110Z [command]/opt/homebrew/bin/git config --local --unset-all http.https://github.com/.extraheader
2025-03-03T06:58:37.6602960Z [command]/opt/homebrew/bin/git submodule foreach --recursive sh -c "git config --local --name-only --get-regexp 'http\.https\:\/\/github\.com\/\.extraheader' && git config --local --unset-all 'http.https://github.com/.extraheader' || :"
2025-03-03T06:58:37.7253110Z Cleaning up orphan processes
