2025-01-27T11:08:36.8726978Z Requested labels: ubuntu-latest
2025-01-27T11:08:36.8727396Z Job defined at: tardis-sn/tardis/.github/workflows/tests.yml@refs/pull/2954/merge
2025-01-27T11:08:36.8727550Z Waiting for a runner to pick up this job...
2025-01-27T11:08:37.1173373Z Job is waiting for a hosted runner to come online.
2025-01-27T11:08:41.3085623Z Job is about to start running on the hosted runner: GitHub Actions 3 (hosted)
2025-01-27T11:08:42.9397081Z ##[debug]Starting:  continuum ubuntu-latest 
2025-01-27T11:08:42.9417280Z ##[debug]Cleaning runner temp folder: /home/runner/work/_temp
2025-01-27T11:08:42.9513201Z ##[debug]Starting: Set up job
2025-01-27T11:08:42.9514316Z Current runner version: '2.321.0'
2025-01-27T11:08:42.9535005Z ##[group]Operating System
2025-01-27T11:08:42.9535803Z Ubuntu
2025-01-27T11:08:42.9536254Z 24.04.1
2025-01-27T11:08:42.9536993Z LTS
2025-01-27T11:08:42.9537587Z ##[endgroup]
2025-01-27T11:08:42.9538051Z ##[group]Runner Image
2025-01-27T11:08:42.9538597Z Image: ubuntu-24.04
2025-01-27T11:08:42.9539178Z Version: 20250120.5.0
2025-01-27T11:08:42.9540153Z Included Software: https://github.com/actions/runner-images/blob/ubuntu24/20250120.5/images/ubuntu/Ubuntu2404-Readme.md
2025-01-27T11:08:42.9541914Z Image Release: https://github.com/actions/runner-images/releases/tag/ubuntu24%2F20250120.5
2025-01-27T11:08:42.9543285Z ##[endgroup]
2025-01-27T11:08:42.9543771Z ##[group]Runner Image Provisioner
2025-01-27T11:08:42.9544376Z 2.0.417.1
2025-01-27T11:08:42.9545071Z ##[endgroup]
2025-01-27T11:08:42.9547302Z ##[group]GITHUB_TOKEN Permissions
2025-01-27T11:08:42.9549368Z Actions: read
2025-01-27T11:08:42.9549892Z Attestations: read
2025-01-27T11:08:42.9550492Z Checks: read
2025-01-27T11:08:42.9550986Z Contents: read
2025-01-27T11:08:42.9551443Z Deployments: read
2025-01-27T11:08:42.9551996Z Discussions: read
2025-01-27T11:08:42.9552516Z Issues: read
2025-01-27T11:08:42.9552971Z Metadata: read
2025-01-27T11:08:42.9553508Z Packages: read
2025-01-27T11:08:42.9553979Z Pages: read
2025-01-27T11:08:42.9554456Z PullRequests: read
2025-01-27T11:08:42.9555027Z RepositoryProjects: read
2025-01-27T11:08:42.9555564Z SecurityEvents: read
2025-01-27T11:08:42.9556074Z Statuses: read
2025-01-27T11:08:42.9556900Z ##[endgroup]
2025-01-27T11:08:42.9559743Z Secret source: None
2025-01-27T11:08:42.9560726Z ##[debug]Primary repository: tardis-sn/tardis
2025-01-27T11:08:42.9561526Z Prepare workflow directory
2025-01-27T11:08:42.9623010Z ##[debug]Creating pipeline directory: '/home/runner/work/tardis'
2025-01-27T11:08:42.9626053Z ##[debug]Creating workspace directory: '/home/runner/work/tardis/tardis'
2025-01-27T11:08:42.9627977Z ##[debug]Update context data
2025-01-27T11:08:42.9631507Z ##[debug]Evaluating job-level environment variables
2025-01-27T11:08:43.0068004Z ##[debug]Evaluating: format('--tardis-regression-data={0}/tardis-regression-data --cov=tardis --cov-report=xml --cov-report=html --cov-append', github.workspace)
2025-01-27T11:08:43.0073749Z ##[debug]Evaluating format:
2025-01-27T11:08:43.0077672Z ##[debug]..Evaluating String:
2025-01-27T11:08:43.0084934Z ##[debug]..=> '--tardis-regression-data={0}/tardis-regression-data --cov=tardis --cov-report=xml --cov-report=html --cov-append'
2025-01-27T11:08:43.0099159Z ##[debug]..Evaluating Index:
2025-01-27T11:08:43.0101043Z ##[debug]....Evaluating github:
2025-01-27T11:08:43.0102827Z ##[debug]....=> Object
2025-01-27T11:08:43.0109519Z ##[debug]....Evaluating String:
2025-01-27T11:08:43.0110070Z ##[debug]....=> 'workspace'
2025-01-27T11:08:43.0113329Z ##[debug]..=> '/home/runner/work/tardis/tardis'
2025-01-27T11:08:43.0115292Z ##[debug]=> '--tardis-regression-data=/home/runner/work/tardis/tardis/tardis-regression-data --cov=tardis --cov-report=xml --cov-report=html --cov-append'
2025-01-27T11:08:43.0120337Z ##[debug]Result: '--tardis-regression-data=/home/runner/work/tardis/tardis/tardis-regression-data --cov=tardis --cov-report=xml --cov-report=html --cov-append'
2025-01-27T11:08:43.0131213Z ##[debug]Evaluating: secrets.CODECOV_TOKEN
2025-01-27T11:08:43.0131801Z ##[debug]Evaluating Index:
2025-01-27T11:08:43.0132269Z ##[debug]..Evaluating secrets:
2025-01-27T11:08:43.0132776Z ##[debug]..=> Object
2025-01-27T11:08:43.0133213Z ##[debug]..Evaluating String:
2025-01-27T11:08:43.0133693Z ##[debug]..=> 'CODECOV_TOKEN'
2025-01-27T11:08:43.0134218Z ##[debug]=> null
2025-01-27T11:08:43.0135497Z ##[debug]Result: null
2025-01-27T11:08:43.0147008Z ##[debug]Evaluating job container
2025-01-27T11:08:43.0149785Z ##[debug]Evaluating job service containers
2025-01-27T11:08:43.0152538Z ##[debug]Evaluating job defaults
2025-01-27T11:08:43.0194179Z Prepare all required actions
2025-01-27T11:08:43.0229752Z Getting action download info
2025-01-27T11:08:43.1920191Z Download action repository 'actions/checkout@v4' (SHA:11bd71901bbe5b1630ceea73d27597364c9af683)
2025-01-27T11:08:43.1954115Z ##[debug]Copied action archive '/opt/actionarchivecache/actions_checkout/11bd71901bbe5b1630ceea73d27597364c9af683.tar.gz' to '/home/runner/work/_actions/_temp_7c6232ff-b907-4412-8d0d-6a4826b102ba/d17a7d9d-7b5b-4486-a5e6-403e70250eb0.tar.gz'
2025-01-27T11:08:43.2554804Z ##[debug]Unwrap 'actions-checkout-11bd719' to '/home/runner/work/_actions/actions/checkout/v4'
2025-01-27T11:08:43.2693128Z ##[debug]Archive '/home/runner/work/_actions/_temp_7c6232ff-b907-4412-8d0d-6a4826b102ba/d17a7d9d-7b5b-4486-a5e6-403e70250eb0.tar.gz' has been unzipped into '/home/runner/work/_actions/actions/checkout/v4'.
2025-01-27T11:08:43.2794239Z Download action repository 'actions/upload-artifact@v4' (SHA:65c4c4a1ddee5b72f698fdd19549f0f0fb45cf08)
2025-01-27T11:08:43.2868114Z ##[debug]Copied action archive '/opt/actionarchivecache/actions_upload-artifact/65c4c4a1ddee5b72f698fdd19549f0f0fb45cf08.tar.gz' to '/home/runner/work/_actions/_temp_565c3911-3b65-4833-a5e5-7c5b6d70b938/686d571e-fc36-4f88-9039-a040e7cb37cf.tar.gz'
2025-01-27T11:08:43.3581079Z ##[debug]Unwrap 'actions-upload-artifact-65c4c4a' to '/home/runner/work/_actions/actions/upload-artifact/v4'
2025-01-27T11:08:43.3895495Z ##[debug]Archive '/home/runner/work/_actions/_temp_565c3911-3b65-4833-a5e5-7c5b6d70b938/686d571e-fc36-4f88-9039-a040e7cb37cf.tar.gz' has been unzipped into '/home/runner/work/_actions/actions/upload-artifact/v4'.
2025-01-27T11:08:43.3956907Z ##[debug]action.yml for action: '/home/runner/work/_actions/actions/checkout/v4/action.yml'.
2025-01-27T11:08:43.4432902Z ##[debug]action.yml for action: '/home/runner/work/_actions/actions/upload-artifact/v4/action.yml'.
2025-01-27T11:08:43.4508713Z ##[debug]Set step '__actions_checkout' display name to: 'Run actions/checkout@v4'
2025-01-27T11:08:43.4511346Z ##[debug]Set step '__self' display name to: 'Setup LFS'
2025-01-27T11:08:43.4512876Z ##[debug]Set step '__self_2' display name to: 'Setup environment'
2025-01-27T11:08:43.4514392Z ##[debug]Set step '__run' display name to: 'Install package editable'
2025-01-27T11:08:43.4515859Z ##[debug]Set step '__run_2' display name to: 'Install package git'
2025-01-27T11:08:43.4517683Z ##[debug]Set step '__run_3' display name to: 'Install qgridnext'
2025-01-27T11:08:43.4519162Z ##[debug]Set step '__run_4' display name to: 'Run tests'
2025-01-27T11:08:43.4520660Z ##[debug]Set step '__run_5' display name to: 'Regression Data Generation tests'
2025-01-27T11:08:43.4538599Z ##[debug]Evaluating: format('mv .coverage .coverage.{0}', strategy.job-index)
2025-01-27T11:08:43.4539356Z ##[debug]Evaluating format:
2025-01-27T11:08:43.4539821Z ##[debug]..Evaluating String:
2025-01-27T11:08:43.4540326Z ##[debug]..=> 'mv .coverage .coverage.{0}'
2025-01-27T11:08:43.4541033Z ##[debug]..Evaluating Index:
2025-01-27T11:08:43.4541515Z ##[debug]....Evaluating strategy:
2025-01-27T11:08:43.4542013Z ##[debug]....=> Object
2025-01-27T11:08:43.4542463Z ##[debug]....Evaluating String:
2025-01-27T11:08:43.4542929Z ##[debug]....=> 'job-index'
2025-01-27T11:08:43.4543857Z ##[debug]..=> 3
2025-01-27T11:08:43.4544316Z ##[debug]=> 'mv .coverage .coverage.3'
2025-01-27T11:08:43.4544862Z ##[debug]Result: 'mv .coverage .coverage.3'
2025-01-27T11:08:43.4545799Z ##[debug]Set step '__run_6' display name to: 'Run mv .coverage .coverage.3'
2025-01-27T11:08:43.4547930Z ##[debug]Set step '__actions_upload-artifact' display name to: 'Run actions/upload-artifact@v4'
2025-01-27T11:08:43.4548849Z Complete job name:  continuum ubuntu-latest 
2025-01-27T11:08:43.4589093Z ##[debug]Collect running processes for tracking orphan processes.
2025-01-27T11:08:43.4835268Z ##[debug]Finishing: Set up job
2025-01-27T11:08:43.4938988Z ##[debug]Evaluating condition for step: 'Run actions/checkout@v4'
2025-01-27T11:08:43.4948557Z ##[debug]Evaluating: success()
2025-01-27T11:08:43.4949781Z ##[debug]Evaluating success:
2025-01-27T11:08:43.4956545Z ##[debug]=> true
2025-01-27T11:08:43.4957543Z ##[debug]Result: true
2025-01-27T11:08:43.4971140Z ##[debug]Starting: Run actions/checkout@v4
2025-01-27T11:08:43.5038797Z ##[debug]Register post job cleanup for action: actions/checkout@v4
2025-01-27T11:08:43.5144635Z ##[debug]Loading inputs
2025-01-27T11:08:43.5151736Z ##[debug]Evaluating: github.repository
2025-01-27T11:08:43.5152730Z ##[debug]Evaluating Index:
2025-01-27T11:08:43.5153565Z ##[debug]..Evaluating github:
2025-01-27T11:08:43.5154461Z ##[debug]..=> Object
2025-01-27T11:08:43.5155278Z ##[debug]..Evaluating String:
2025-01-27T11:08:43.5156164Z ##[debug]..=> 'repository'
2025-01-27T11:08:43.5157753Z ##[debug]=> 'tardis-sn/tardis'
2025-01-27T11:08:43.5158643Z ##[debug]Result: 'tardis-sn/tardis'
2025-01-27T11:08:43.5162779Z ##[debug]Evaluating: github.token
2025-01-27T11:08:43.5163697Z ##[debug]Evaluating Index:
2025-01-27T11:08:43.5164585Z ##[debug]..Evaluating github:
2025-01-27T11:08:43.5165437Z ##[debug]..=> Object
2025-01-27T11:08:43.5166243Z ##[debug]..Evaluating String:
2025-01-27T11:08:43.5167281Z ##[debug]..=> 'token'
2025-01-27T11:08:43.5168348Z ##[debug]=> '***'
2025-01-27T11:08:43.5169425Z ##[debug]Result: '***'
2025-01-27T11:08:43.5197687Z ##[debug]Loading env
2025-01-27T11:08:43.5279220Z ##[group]Run actions/checkout@v4
2025-01-27T11:08:43.5280051Z with:
2025-01-27T11:08:43.5280442Z   repository: tardis-sn/tardis
2025-01-27T11:08:43.5281054Z   token: ***
2025-01-27T11:08:43.5281425Z   ssh-strict: true
2025-01-27T11:08:43.5281802Z   ssh-user: git
2025-01-27T11:08:43.5282183Z   persist-credentials: true
2025-01-27T11:08:43.5282624Z   clean: true
2025-01-27T11:08:43.5283004Z   sparse-checkout-cone-mode: true
2025-01-27T11:08:43.5283468Z   fetch-depth: 1
2025-01-27T11:08:43.5283840Z   fetch-tags: false
2025-01-27T11:08:43.5284232Z   show-progress: true
2025-01-27T11:08:43.5284630Z   lfs: false
2025-01-27T11:08:43.5284987Z   submodules: false
2025-01-27T11:08:43.5285422Z   set-safe-directory: true
2025-01-27T11:08:43.5286159Z env:
2025-01-27T11:08:43.5286514Z   CACHE_NUMBER: 0
2025-01-27T11:08:43.5287856Z   PYTEST_FLAGS: --tardis-regression-data=/home/runner/work/tardis/tardis/tardis-regression-data --cov=tardis --cov-report=xml --cov-report=html --cov-append
2025-01-27T11:08:43.5289055Z   CODECOV_TOKEN: 
2025-01-27T11:08:43.5289428Z ##[endgroup]
2025-01-27T11:08:43.7037129Z ##[debug]GITHUB_WORKSPACE = '/home/runner/work/tardis/tardis'
2025-01-27T11:08:43.7039211Z ##[debug]qualified repository = 'tardis-sn/tardis'
2025-01-27T11:08:43.7040689Z ##[debug]ref = 'refs/pull/2954/merge'
2025-01-27T11:08:43.7042154Z ##[debug]commit = '2614d14b8c11ad88e69e296981c7b43872f05731'
2025-01-27T11:08:43.7043729Z ##[debug]clean = true
2025-01-27T11:08:43.7045008Z ##[debug]filter = undefined
2025-01-27T11:08:43.7046343Z ##[debug]fetch depth = 1
2025-01-27T11:08:43.7047859Z ##[debug]fetch tags = false
2025-01-27T11:08:43.7049221Z ##[debug]show progress = true
2025-01-27T11:08:43.7050431Z ##[debug]lfs = false
2025-01-27T11:08:43.7051585Z ##[debug]submodules = false
2025-01-27T11:08:43.7052935Z ##[debug]recursive submodules = false
2025-01-27T11:08:43.7054368Z ##[debug]GitHub Host URL = 
2025-01-27T11:08:43.7056763Z ::add-matcher::/home/runner/work/_actions/actions/checkout/v4/dist/problem-matcher.json
2025-01-27T11:08:43.7157975Z ##[debug]Added matchers: 'checkout-git'. Problem matchers scan action output for known warning or error strings and report these inline.
2025-01-27T11:08:43.7162891Z Syncing repository: tardis-sn/tardis
2025-01-27T11:08:43.7164832Z ::group::Getting Git version info
2025-01-27T11:08:43.7166971Z ##[group]Getting Git version info
2025-01-27T11:08:43.7168104Z Working directory is '/home/runner/work/tardis/tardis'
2025-01-27T11:08:43.7169660Z ##[debug]Getting git version
2025-01-27T11:08:43.7170858Z [command]/usr/bin/git version
2025-01-27T11:08:43.7210776Z git version 2.48.1
2025-01-27T11:08:43.7235642Z ##[debug]0
2025-01-27T11:08:43.7237429Z ##[debug]git version 2.48.1
2025-01-27T11:08:43.7238241Z ##[debug]
2025-01-27T11:08:43.7239666Z ##[debug]Set git useragent to: git/2.48.1 (github-actions-checkout)
2025-01-27T11:08:43.7328271Z ::endgroup::
2025-01-27T11:08:43.7329054Z ##[endgroup]
2025-01-27T11:08:43.7334520Z ::add-mask::***
2025-01-27T11:08:43.7336146Z Temporarily overriding HOME='/home/runner/work/_temp/1973284f-0775-4fd9-91af-cf813f866503' before making global git config changes
2025-01-27T11:08:43.7338112Z Adding repository directory to the temporary git global config as a safe directory
2025-01-27T11:08:43.7339244Z [command]/usr/bin/git config --global --add safe.directory /home/runner/work/tardis/tardis
2025-01-27T11:08:43.7340308Z ##[debug]0
2025-01-27T11:08:43.7340985Z ##[debug]
2025-01-27T11:08:43.7341457Z Deleting the contents of '/home/runner/work/tardis/tardis'
2025-01-27T11:08:43.7342483Z ::group::Initializing the repository
2025-01-27T11:08:43.7343076Z ##[group]Initializing the repository
2025-01-27T11:08:43.7343713Z [command]/usr/bin/git init /home/runner/work/tardis/tardis
2025-01-27T11:08:43.7376476Z hint: Using 'master' as the name for the initial branch. This default branch name
2025-01-27T11:08:43.7377786Z hint: is subject to change. To configure the initial branch name to use in all
2025-01-27T11:08:43.7378719Z hint: of your new repositories, which will suppress this warning, call:
2025-01-27T11:08:43.7379389Z hint:
2025-01-27T11:08:43.7379835Z hint: 	git config --global init.defaultBranch <name>
2025-01-27T11:08:43.7380385Z hint:
2025-01-27T11:08:43.7380902Z hint: Names commonly chosen instead of 'master' are 'main', 'trunk' and
2025-01-27T11:08:43.7382279Z hint: 'development'. The just-created branch can be renamed via this command:
2025-01-27T11:08:43.7382980Z hint:
2025-01-27T11:08:43.7383327Z hint: 	git branch -m <name>
2025-01-27T11:08:43.7383993Z Initialized empty Git repository in /home/runner/work/tardis/tardis/.git/
2025-01-27T11:08:43.7387397Z ##[debug]0
2025-01-27T11:08:43.7388279Z ##[debug]Initialized empty Git repository in /home/runner/work/tardis/tardis/.git/
2025-01-27T11:08:43.7389006Z ##[debug]
2025-01-27T11:08:43.7392789Z [command]/usr/bin/git remote add origin https://github.com/tardis-sn/tardis
2025-01-27T11:08:43.7422925Z ##[debug]0
2025-01-27T11:08:43.7423582Z ##[debug]
2025-01-27T11:08:43.7424245Z ::endgroup::
2025-01-27T11:08:43.7424594Z ##[endgroup]
2025-01-27T11:08:43.7425241Z ::group::Disabling automatic garbage collection
2025-01-27T11:08:43.7425827Z ##[group]Disabling automatic garbage collection
2025-01-27T11:08:43.7427748Z [command]/usr/bin/git config --local gc.auto 0
2025-01-27T11:08:43.7456579Z ##[debug]0
2025-01-27T11:08:43.7457447Z ##[debug]
2025-01-27T11:08:43.7458045Z ::endgroup::
2025-01-27T11:08:43.7458403Z ##[endgroup]
2025-01-27T11:08:43.7459000Z ::group::Setting up auth
2025-01-27T11:08:43.7459431Z ##[group]Setting up auth
2025-01-27T11:08:43.7464817Z [command]/usr/bin/git config --local --name-only --get-regexp core\.sshCommand
2025-01-27T11:08:43.7487977Z ##[debug]1
2025-01-27T11:08:43.7488630Z ##[debug]
2025-01-27T11:08:43.7493925Z [command]/usr/bin/git submodule foreach --recursive sh -c "git config --local --name-only --get-regexp 'core\.sshCommand' && git config --local --unset-all 'core.sshCommand' || :"
2025-01-27T11:08:43.7773929Z ##[debug]0
2025-01-27T11:08:43.7774592Z ##[debug]
2025-01-27T11:08:43.7778845Z [command]/usr/bin/git config --local --name-only --get-regexp http\.https\:\/\/github\.com\/\.extraheader
2025-01-27T11:08:43.7801966Z ##[debug]1
2025-01-27T11:08:43.7802745Z ##[debug]
2025-01-27T11:08:43.7806955Z [command]/usr/bin/git submodule foreach --recursive sh -c "git config --local --name-only --get-regexp 'http\.https\:\/\/github\.com\/\.extraheader' && git config --local --unset-all 'http.https://github.com/.extraheader' || :"
2025-01-27T11:08:43.8032116Z ##[debug]0
2025-01-27T11:08:43.8032784Z ##[debug]
2025-01-27T11:08:43.8041650Z [command]/usr/bin/git config --local http.https://github.com/.extraheader AUTHORIZATION: basic ***
2025-01-27T11:08:43.8072533Z ##[debug]0
2025-01-27T11:08:43.8073732Z ##[debug]
2025-01-27T11:08:43.8081550Z ::endgroup::
2025-01-27T11:08:43.8082242Z ##[endgroup]
2025-01-27T11:08:43.8083473Z ::group::Fetching the repository
2025-01-27T11:08:43.8084393Z ##[group]Fetching the repository
2025-01-27T11:08:43.8091976Z [command]/usr/bin/git -c protocol.version=2 fetch --no-tags --prune --no-recurse-submodules --depth=1 origin +2614d14b8c11ad88e69e296981c7b43872f05731:refs/remotes/pull/2954/merge
2025-01-27T11:08:45.0297474Z From https://github.com/tardis-sn/tardis
2025-01-27T11:08:45.0298694Z  * [new ref]         2614d14b8c11ad88e69e296981c7b43872f05731 -> pull/2954/merge
2025-01-27T11:08:45.0329204Z ##[debug]0
2025-01-27T11:08:45.0330336Z ##[debug]
2025-01-27T11:08:45.0330987Z ::endgroup::
2025-01-27T11:08:45.0331414Z ##[endgroup]
2025-01-27T11:08:45.0332239Z ::group::Determining the checkout info
2025-01-27T11:08:45.0333228Z ##[group]Determining the checkout info
2025-01-27T11:08:45.0334101Z ::endgroup::
2025-01-27T11:08:45.0334479Z ##[endgroup]
2025-01-27T11:08:45.0340508Z [command]/usr/bin/git sparse-checkout disable
2025-01-27T11:08:45.0380310Z ##[debug]0
2025-01-27T11:08:45.0381480Z ##[debug]
2025-01-27T11:08:45.0385555Z [command]/usr/bin/git config --local --unset-all extensions.worktreeConfig
2025-01-27T11:08:45.0417665Z ##[debug]0
2025-01-27T11:08:45.0418398Z ##[debug]
2025-01-27T11:08:45.0419140Z ::group::Checking out the ref
2025-01-27T11:08:45.0419716Z ##[group]Checking out the ref
2025-01-27T11:08:45.0420953Z [command]/usr/bin/git checkout --progress --force refs/remotes/pull/2954/merge
2025-01-27T11:08:45.2427405Z Note: switching to 'refs/remotes/pull/2954/merge'.
2025-01-27T11:08:45.2428214Z 
2025-01-27T11:08:45.2428724Z You are in 'detached HEAD' state. You can look around, make experimental
2025-01-27T11:08:45.2429863Z changes and commit them, and you can discard any commits you make in this
2025-01-27T11:08:45.2431042Z state without impacting any branches by switching back to a branch.
2025-01-27T11:08:45.2431697Z 
2025-01-27T11:08:45.2432156Z If you want to create a new branch to retain commits you create, you may
2025-01-27T11:08:45.2433201Z do so (now or later) by using -c with the switch command. Example:
2025-01-27T11:08:45.2433819Z 
2025-01-27T11:08:45.2434135Z   git switch -c <new-branch-name>
2025-01-27T11:08:45.2434668Z 
2025-01-27T11:08:45.2434975Z Or undo this operation with:
2025-01-27T11:08:45.2435433Z 
2025-01-27T11:08:45.2435740Z   git switch -
2025-01-27T11:08:45.2436162Z 
2025-01-27T11:08:45.2437005Z Turn off this advice by setting config variable advice.detachedHead to false
2025-01-27T11:08:45.2437827Z 
2025-01-27T11:08:45.2438745Z HEAD is now at 2614d14 Merge c1c16392871f8450f6f5d0ff7144bf2d2cf4d7bc into ba33d7b6d9d42ff82557ca382cff5b2a54f91c51
2025-01-27T11:08:45.2448424Z ##[debug]0
2025-01-27T11:08:45.2450191Z ##[debug]
2025-01-27T11:08:45.2451960Z ::endgroup::
2025-01-27T11:08:45.2453041Z ##[endgroup]
2025-01-27T11:08:45.2486415Z ##[debug]0
2025-01-27T11:08:45.2488790Z ##[debug]commit 2614d14b8c11ad88e69e296981c7b43872f05731
2025-01-27T11:08:45.2490736Z ##[debug]Author: Atharva Arya <aryaatharva18@gmail.com>
2025-01-27T11:08:45.2492486Z ##[debug]Date:   Mon Jan 27 11:06:30 2025 +0000
2025-01-27T11:08:45.2493891Z ##[debug]
2025-01-27T11:08:45.2495926Z ##[debug]    Merge c1c16392871f8450f6f5d0ff7144bf2d2cf4d7bc into ba33d7b6d9d42ff82557ca382cff5b2a54f91c51
2025-01-27T11:08:45.2498110Z ##[debug]
2025-01-27T11:08:45.2499125Z [command]/usr/bin/git log -1 --format=%H
2025-01-27T11:08:45.2516397Z 2614d14b8c11ad88e69e296981c7b43872f05731
2025-01-27T11:08:45.2522897Z ##[debug]0
2025-01-27T11:08:45.2525589Z ##[debug]2614d14b8c11ad88e69e296981c7b43872f05731
2025-01-27T11:08:45.2527716Z ##[debug]
2025-01-27T11:08:45.2530518Z ##[debug]Unsetting HOME override
2025-01-27T11:08:45.2540747Z ::remove-matcher owner=checkout-git::
2025-01-27T11:08:45.2555973Z ##[debug]Removed matchers: 'checkout-git'
2025-01-27T11:08:45.2610285Z ##[debug]Node Action run completed with exit code 0
2025-01-27T11:08:45.2644383Z ##[debug]Save intra-action state isPost = true
2025-01-27T11:08:45.2646307Z ##[debug]Save intra-action state setSafeDirectory = true
2025-01-27T11:08:45.2648732Z ##[debug]Save intra-action state repositoryPath = /home/runner/work/tardis/tardis
2025-01-27T11:08:45.2653932Z ##[debug]Set output commit = 2614d14b8c11ad88e69e296981c7b43872f05731
2025-01-27T11:08:45.2655705Z ##[debug]Set output ref = refs/pull/2954/merge
2025-01-27T11:08:45.2662765Z ##[debug]Finishing: Run actions/checkout@v4
2025-01-27T11:08:45.2687427Z ##[debug]Evaluating condition for step: 'Setup LFS'
2025-01-27T11:08:45.2691021Z ##[debug]Evaluating: success()
2025-01-27T11:08:45.2692573Z ##[debug]Evaluating success:
2025-01-27T11:08:45.2694204Z ##[debug]=> true
2025-01-27T11:08:45.2695618Z ##[debug]Result: true
2025-01-27T11:08:45.2697675Z ##[debug]Starting: Setup LFS
2025-01-27T11:08:45.2863992Z Prepare all required actions
2025-01-27T11:08:45.2865195Z Getting action download info
2025-01-27T11:08:45.5106365Z ##[debug]Action 'actions/checkout@v4' already downloaded at '/home/runner/work/_actions/actions/checkout/v4'.
2025-01-27T11:08:45.5109479Z Download action repository 'actions/cache@v4' (SHA:1bd1e32a3bdc45362d1e726936510720a7c30a57)
2025-01-27T11:08:45.5173997Z ##[debug]Copied action archive '/opt/actionarchivecache/actions_cache/1bd1e32a3bdc45362d1e726936510720a7c30a57.tar.gz' to '/home/runner/work/_actions/_temp_4a3c610d-b238-4a0a-bccb-b3e04cae89f7/a260d73c-b85e-4e6b-8243-970e26429869.tar.gz'
2025-01-27T11:08:45.5872736Z ##[debug]Unwrap 'actions-cache-1bd1e32' to '/home/runner/work/_actions/actions/cache/v4'
2025-01-27T11:08:45.6118656Z ##[debug]Archive '/home/runner/work/_actions/_temp_4a3c610d-b238-4a0a-bccb-b3e04cae89f7/a260d73c-b85e-4e6b-8243-970e26429869.tar.gz' has been unzipped into '/home/runner/work/_actions/actions/cache/v4'.
2025-01-27T11:08:45.6156248Z ##[debug]action.yml for action: '/home/runner/work/_actions/actions/checkout/v4/action.yml'.
2025-01-27T11:08:45.6226152Z ##[debug]action.yml for action: '/home/runner/work/_actions/actions/cache/v4/restore/action.yml'.
2025-01-27T11:08:45.6297969Z ##[debug]Register post job cleanup for action: /./.github/actions/setup_lfs
2025-01-27T11:08:45.6316800Z ##[debug]Loading inputs
2025-01-27T11:08:45.6319142Z ##[debug]Loading env
2025-01-27T11:08:45.6326777Z ##[group]Run ./.github/actions/setup_lfs
2025-01-27T11:08:45.6327101Z with:
2025-01-27T11:08:45.6327384Z   regression-data-repo: tardis-sn/tardis-regression-data
2025-01-27T11:08:45.6327780Z   atom-data-sparse: false
2025-01-27T11:08:45.6328034Z env:
2025-01-27T11:08:45.6328227Z   CACHE_NUMBER: 0
2025-01-27T11:08:45.6328900Z   PYTEST_FLAGS: --tardis-regression-data=/home/runner/work/tardis/tardis/tardis-regression-data --cov=tardis --cov-report=xml --cov-report=html --cov-append
2025-01-27T11:08:45.6329623Z   CODECOV_TOKEN: 
2025-01-27T11:08:45.6329840Z ##[endgroup]
2025-01-27T11:08:45.6375114Z ##[debug]Evaluating condition for step: 'run'
2025-01-27T11:08:45.6376399Z ##[debug]Evaluating: success()
2025-01-27T11:08:45.6376951Z ##[debug]Evaluating success:
2025-01-27T11:08:45.6377786Z ##[debug]=> true
2025-01-27T11:08:45.6378257Z ##[debug]Result: true
2025-01-27T11:08:45.6385556Z ##[debug]Starting: run
2025-01-27T11:08:45.6417764Z ##[debug]Register post job cleanup for action: actions/checkout@v4
2025-01-27T11:08:45.6432484Z ##[debug]Loading inputs
2025-01-27T11:08:45.6433686Z ##[debug]Evaluating: inputs.regression-data-repo
2025-01-27T11:08:45.6434093Z ##[debug]Evaluating Index:
2025-01-27T11:08:45.6434397Z ##[debug]..Evaluating inputs:
2025-01-27T11:08:45.6434701Z ##[debug]..=> Object
2025-01-27T11:08:45.6434974Z ##[debug]..Evaluating String:
2025-01-27T11:08:45.6435270Z ##[debug]..=> 'regression-data-repo'
2025-01-27T11:08:45.6435642Z ##[debug]=> 'tardis-sn/tardis-regression-data'
2025-01-27T11:08:45.6436020Z ##[debug]Result: 'tardis-sn/tardis-regression-data'
2025-01-27T11:08:45.6441342Z ##[debug]Evaluating: (((inputs.atom-data-sparse == 'true') && 'atom_data/kurucz_cd23_chianti_H_He.h5') || '')
2025-01-27T11:08:45.6441930Z ##[debug]Evaluating Or:
2025-01-27T11:08:45.6443967Z ##[debug]..Evaluating And:
2025-01-27T11:08:45.6446186Z ##[debug]....Evaluating Equal:
2025-01-27T11:08:45.6447590Z ##[debug]......Evaluating Index:
2025-01-27T11:08:45.6447913Z ##[debug]........Evaluating inputs:
2025-01-27T11:08:45.6448239Z ##[debug]........=> Object
2025-01-27T11:08:45.6448527Z ##[debug]........Evaluating String:
2025-01-27T11:08:45.6448845Z ##[debug]........=> 'atom-data-sparse'
2025-01-27T11:08:45.6449408Z ##[debug]......=> 'false'
2025-01-27T11:08:45.6449730Z ##[debug]......Evaluating String:
2025-01-27T11:08:45.6450009Z ##[debug]......=> 'true'
2025-01-27T11:08:45.6453012Z ##[debug]....=> false
2025-01-27T11:08:45.6453486Z ##[debug]..=> false
2025-01-27T11:08:45.6453893Z ##[debug]..Evaluating String:
2025-01-27T11:08:45.6454168Z ##[debug]..=> ''
2025-01-27T11:08:45.6454409Z ##[debug]=> ''
2025-01-27T11:08:45.6458774Z ##[debug]Expanded: ((('false' == 'true') && 'atom_data/kurucz_cd23_chianti_H_He.h5') || '')
2025-01-27T11:08:45.6459210Z ##[debug]Result: ''
2025-01-27T11:08:45.6461092Z ##[debug]Evaluating: github.token
2025-01-27T11:08:45.6461419Z ##[debug]Evaluating Index:
2025-01-27T11:08:45.6461716Z ##[debug]..Evaluating github:
2025-01-27T11:08:45.6462007Z ##[debug]..=> Object
2025-01-27T11:08:45.6462276Z ##[debug]..Evaluating String:
2025-01-27T11:08:45.6462554Z ##[debug]..=> 'token'
2025-01-27T11:08:45.6463093Z ##[debug]=> '***'
2025-01-27T11:08:45.6463470Z ##[debug]Result: '***'
2025-01-27T11:08:45.6473425Z ##[debug]Loading env
2025-01-27T11:08:45.6478187Z ##[group]Run actions/checkout@v4
2025-01-27T11:08:45.6478471Z with:
2025-01-27T11:08:45.6478715Z   repository: tardis-sn/tardis-regression-data
2025-01-27T11:08:45.6479043Z   path: tardis-regression-data
2025-01-27T11:08:45.6479311Z   lfs: false
2025-01-27T11:08:45.6479652Z   token: ***
2025-01-27T11:08:45.6479870Z   ssh-strict: true
2025-01-27T11:08:45.6480096Z   ssh-user: git
2025-01-27T11:08:45.6480325Z   persist-credentials: true
2025-01-27T11:08:45.6480578Z   clean: true
2025-01-27T11:08:45.6480821Z   sparse-checkout-cone-mode: true
2025-01-27T11:08:45.6481090Z   fetch-depth: 1
2025-01-27T11:08:45.6481308Z   fetch-tags: false
2025-01-27T11:08:45.6481535Z   show-progress: true
2025-01-27T11:08:45.6481759Z   submodules: false
2025-01-27T11:08:45.6481987Z   set-safe-directory: true
2025-01-27T11:08:45.6482230Z env:
2025-01-27T11:08:45.6482418Z   CACHE_NUMBER: 0
2025-01-27T11:08:45.6483076Z   PYTEST_FLAGS: --tardis-regression-data=/home/runner/work/tardis/tardis/tardis-regression-data --cov=tardis --cov-report=xml --cov-report=html --cov-append
2025-01-27T11:08:45.6483757Z   CODECOV_TOKEN: 
2025-01-27T11:08:45.6483970Z ##[endgroup]
2025-01-27T11:08:45.7379089Z ##[debug]GITHUB_WORKSPACE = '/home/runner/work/tardis/tardis'
2025-01-27T11:08:45.7385628Z ##[debug]qualified repository = 'tardis-sn/tardis-regression-data'
2025-01-27T11:08:45.7387010Z ##[debug]ref = ''
2025-01-27T11:08:45.7387872Z ##[debug]commit = 'undefined'
2025-01-27T11:08:45.7388712Z ##[debug]clean = true
2025-01-27T11:08:45.7389518Z ##[debug]filter = undefined
2025-01-27T11:08:45.7390344Z ##[debug]fetch depth = 1
2025-01-27T11:08:45.7391141Z ##[debug]fetch tags = false
2025-01-27T11:08:45.7391965Z ##[debug]show progress = true
2025-01-27T11:08:45.7392811Z ##[debug]lfs = false
2025-01-27T11:08:45.7393611Z ##[debug]submodules = false
2025-01-27T11:08:45.7394427Z ##[debug]recursive submodules = false
2025-01-27T11:08:45.7409259Z ##[debug]GitHub Host URL = 
2025-01-27T11:08:45.7411071Z ::add-matcher::/home/runner/work/_actions/actions/checkout/v4/dist/problem-matcher.json
2025-01-27T11:08:45.7415617Z ##[debug]Added matchers: 'checkout-git'. Problem matchers scan action output for known warning or error strings and report these inline.
2025-01-27T11:08:45.7417181Z Syncing repository: tardis-sn/tardis-regression-data
2025-01-27T11:08:45.7422795Z ::group::Getting Git version info
2025-01-27T11:08:45.7423337Z ##[group]Getting Git version info
2025-01-27T11:08:45.7424219Z Working directory is '/home/runner/work/tardis/tardis/tardis-regression-data'
2025-01-27T11:08:45.7451047Z ##[debug]Getting git version
2025-01-27T11:08:45.7465317Z [command]/usr/bin/git version
2025-01-27T11:08:45.7507127Z git version 2.48.1
2025-01-27T11:08:45.7529407Z ##[debug]0
2025-01-27T11:08:45.7530175Z ##[debug]git version 2.48.1
2025-01-27T11:08:45.7530639Z ##[debug]
2025-01-27T11:08:45.7531738Z ##[debug]Set git useragent to: git/2.48.1 (github-actions-checkout)
2025-01-27T11:08:45.7532787Z ::endgroup::
2025-01-27T11:08:45.7533179Z ##[endgroup]
2025-01-27T11:08:45.7534798Z ::add-mask::***
2025-01-27T11:08:45.7545621Z Temporarily overriding HOME='/home/runner/work/_temp/7780acff-cda9-4cae-8562-cc33769cf761' before making global git config changes
2025-01-27T11:08:45.7547355Z Adding repository directory to the temporary git global config as a safe directory
2025-01-27T11:08:45.7552074Z [command]/usr/bin/git config --global --add safe.directory /home/runner/work/tardis/tardis/tardis-regression-data
2025-01-27T11:08:45.7578259Z ##[debug]0
2025-01-27T11:08:45.7579009Z ##[debug]
2025-01-27T11:08:45.7581925Z ::group::Initializing the repository
2025-01-27T11:08:45.7582472Z ##[group]Initializing the repository
2025-01-27T11:08:45.7587620Z [command]/usr/bin/git init /home/runner/work/tardis/tardis/tardis-regression-data
2025-01-27T11:08:45.7622756Z hint: Using 'master' as the name for the initial branch. This default branch name
2025-01-27T11:08:45.7623720Z hint: is subject to change. To configure the initial branch name to use in all
2025-01-27T11:08:45.7624630Z hint: of your new repositories, which will suppress this warning, call:
2025-01-27T11:08:45.7625263Z hint:
2025-01-27T11:08:45.7625572Z hint: 	git config --global init.defaultBranch <name>
2025-01-27T11:08:45.7625893Z hint:
2025-01-27T11:08:45.7626223Z hint: Names commonly chosen instead of 'master' are 'main', 'trunk' and
2025-01-27T11:08:45.7626918Z hint: 'development'. The just-created branch can be renamed via this command:
2025-01-27T11:08:45.7627339Z hint:
2025-01-27T11:08:45.7627562Z hint: 	git branch -m <name>
2025-01-27T11:08:45.7628083Z Initialized empty Git repository in /home/runner/work/tardis/tardis/tardis-regression-data/.git/
2025-01-27T11:08:45.7629651Z ##[debug]0
2025-01-27T11:08:45.7630510Z ##[debug]Initialized empty Git repository in /home/runner/work/tardis/tardis/tardis-regression-data/.git/
2025-01-27T11:08:45.7631006Z ##[debug]
2025-01-27T11:08:45.7634157Z [command]/usr/bin/git remote add origin https://github.com/tardis-sn/tardis-regression-data
2025-01-27T11:08:45.7662973Z ##[debug]0
2025-01-27T11:08:45.7663549Z ##[debug]
2025-01-27T11:08:45.7663938Z ::endgroup::
2025-01-27T11:08:45.7664159Z ##[endgroup]
2025-01-27T11:08:45.7664577Z ::group::Disabling automatic garbage collection
2025-01-27T11:08:45.7664939Z ##[group]Disabling automatic garbage collection
2025-01-27T11:08:45.7668099Z [command]/usr/bin/git config --local gc.auto 0
2025-01-27T11:08:45.7694991Z ##[debug]0
2025-01-27T11:08:45.7695568Z ##[debug]
2025-01-27T11:08:45.7695941Z ::endgroup::
2025-01-27T11:08:45.7696153Z ##[endgroup]
2025-01-27T11:08:45.7696924Z ::group::Setting up auth
2025-01-27T11:08:45.7697339Z ##[group]Setting up auth
2025-01-27T11:08:45.7702999Z [command]/usr/bin/git config --local --name-only --get-regexp core\.sshCommand
2025-01-27T11:08:45.7725764Z ##[debug]1
2025-01-27T11:08:45.7726303Z ##[debug]
2025-01-27T11:08:45.7730815Z [command]/usr/bin/git submodule foreach --recursive sh -c "git config --local --name-only --get-regexp 'core\.sshCommand' && git config --local --unset-all 'core.sshCommand' || :"
2025-01-27T11:08:45.7947291Z ##[debug]0
2025-01-27T11:08:45.7947846Z ##[debug]
2025-01-27T11:08:45.7951996Z [command]/usr/bin/git config --local --name-only --get-regexp http\.https\:\/\/github\.com\/\.extraheader
2025-01-27T11:08:45.7975417Z ##[debug]1
2025-01-27T11:08:45.7976044Z ##[debug]
2025-01-27T11:08:45.7980280Z [command]/usr/bin/git submodule foreach --recursive sh -c "git config --local --name-only --get-regexp 'http\.https\:\/\/github\.com\/\.extraheader' && git config --local --unset-all 'http.https://github.com/.extraheader' || :"
2025-01-27T11:08:45.8196297Z ##[debug]0
2025-01-27T11:08:45.8197289Z ##[debug]
2025-01-27T11:08:45.8204271Z [command]/usr/bin/git config --local http.https://github.com/.extraheader AUTHORIZATION: basic ***
2025-01-27T11:08:45.8231637Z ##[debug]0
2025-01-27T11:08:45.8232188Z ##[debug]
2025-01-27T11:08:45.8240215Z ::endgroup::
2025-01-27T11:08:45.8240585Z ##[endgroup]
2025-01-27T11:08:45.8241229Z ::group::Determining the default branch
2025-01-27T11:08:45.8268587Z ##[group]Determining the default branch
2025-01-27T11:08:45.8269193Z Retrieving the default branch name
2025-01-27T11:08:46.0931937Z Default branch 'main'
2025-01-27T11:08:46.0933533Z ::endgroup::
2025-01-27T11:08:46.0933840Z ##[endgroup]
2025-01-27T11:08:46.0940288Z ::group::Fetching the repository
2025-01-27T11:08:46.0940750Z ##[group]Fetching the repository
2025-01-27T11:08:46.0947120Z [command]/usr/bin/git -c protocol.version=2 fetch --no-tags --prune --no-recurse-submodules --depth=1 origin +refs/heads/main:refs/remotes/origin/main
2025-01-27T11:08:46.5381030Z From https://github.com/tardis-sn/tardis-regression-data
2025-01-27T11:08:46.5383146Z  * [new branch]      main       -> origin/main
2025-01-27T11:08:46.5409538Z ##[debug]0
2025-01-27T11:08:46.5417709Z ##[debug]
2025-01-27T11:08:46.5419561Z ::endgroup::
2025-01-27T11:08:46.5419876Z ##[endgroup]
2025-01-27T11:08:46.5420447Z ::group::Determining the checkout info
2025-01-27T11:08:46.5420938Z ##[group]Determining the checkout info
2025-01-27T11:08:46.5421693Z ::endgroup::
2025-01-27T11:08:46.5422006Z ##[endgroup]
2025-01-27T11:08:46.5422879Z [command]/usr/bin/git sparse-checkout disable
2025-01-27T11:08:46.5459428Z ##[debug]0
2025-01-27T11:08:46.5460772Z ##[debug]
2025-01-27T11:08:46.5464384Z [command]/usr/bin/git config --local --unset-all extensions.worktreeConfig
2025-01-27T11:08:46.5492133Z ##[debug]0
2025-01-27T11:08:46.5492742Z ##[debug]
2025-01-27T11:08:46.5493261Z ::group::Checking out the ref
2025-01-27T11:08:46.5493661Z ##[group]Checking out the ref
2025-01-27T11:08:46.5497569Z [command]/usr/bin/git checkout --progress --force -B main refs/remotes/origin/main
2025-01-27T11:08:46.6887298Z Switched to a new branch 'main'
2025-01-27T11:08:46.6888987Z branch 'main' set up to track 'origin/main'.
2025-01-27T11:08:46.7152083Z ##[debug]0
2025-01-27T11:08:46.7153007Z ##[debug]branch 'main' set up to track 'origin/main'.
2025-01-27T11:08:46.7153459Z ##[debug]
2025-01-27T11:08:46.7154134Z ::endgroup::
2025-01-27T11:08:46.7154428Z ##[endgroup]
2025-01-27T11:08:46.7192856Z ##[debug]0
2025-01-27T11:08:46.7193737Z ##[debug]commit fa7729bc9c30e14b69acd641af8b692b56fcd416
2025-01-27T11:08:46.7194283Z ##[debug]Author: KasukabeDefenceForce <abhinavohri13@gmail.com>
2025-01-27T11:08:46.7194636Z ##[debug]Date:   Mon Jan 13 20:44:58 2025 +0530
2025-01-27T11:08:46.7194883Z ##[debug]
2025-01-27T11:08:46.7195138Z ##[debug]    copy the regression data files at the correct file path (#35)
2025-01-27T11:08:46.7195465Z ##[debug]
2025-01-27T11:08:46.7198862Z [command]/usr/bin/git log -1 --format=%H
2025-01-27T11:08:46.7223693Z fa7729bc9c30e14b69acd641af8b692b56fcd416
2025-01-27T11:08:46.7229561Z ##[debug]0
2025-01-27T11:08:46.7230252Z ##[debug]fa7729bc9c30e14b69acd641af8b692b56fcd416
2025-01-27T11:08:46.7230567Z ##[debug]
2025-01-27T11:08:46.7236836Z ##[debug]Unsetting HOME override
2025-01-27T11:08:46.7243978Z ::remove-matcher owner=checkout-git::
2025-01-27T11:08:46.7245382Z ##[debug]Removed matchers: 'checkout-git'
2025-01-27T11:08:46.7327288Z ##[debug]Node Action run completed with exit code 0
2025-01-27T11:08:46.7331508Z ##[debug]Save intra-action state isPost = true
2025-01-27T11:08:46.7331938Z ##[debug]Save intra-action state setSafeDirectory = true
2025-01-27T11:08:46.7332442Z ##[debug]Save intra-action state repositoryPath = /home/runner/work/tardis/tardis/tardis-regression-data
2025-01-27T11:08:46.7333335Z ##[debug]Set output commit = fa7729bc9c30e14b69acd641af8b692b56fcd416
2025-01-27T11:08:46.7333710Z ##[debug]Set output ref = refs/heads/main
2025-01-27T11:08:46.7336888Z ##[debug]Finished: run
2025-01-27T11:08:46.7342616Z ##[debug]Evaluating condition for step: 'run'
2025-01-27T11:08:46.7345181Z ##[debug]Evaluating: success()
2025-01-27T11:08:46.7345571Z ##[debug]Evaluating success:
2025-01-27T11:08:46.7346028Z ##[debug]=> true
2025-01-27T11:08:46.7346461Z ##[debug]Result: true
2025-01-27T11:08:46.7347560Z ##[debug]Starting: run
2025-01-27T11:08:46.7368029Z ##[debug]Loading inputs
2025-01-27T11:08:46.7370084Z ##[debug]Evaluating: format('if [ "{0}" == "true" ]; then
2025-01-27T11:08:46.7370617Z ##[debug]  echo "Using atom data sparse checkout"
2025-01-27T11:08:46.7370972Z ##[debug]  echo "atom_data/kurucz_cd23_chianti_H_He.h5" > .lfs-files-list
2025-01-27T11:08:46.7371288Z ##[debug]else
2025-01-27T11:08:46.7371489Z ##[debug]  echo "Using full repository checkout"
2025-01-27T11:08:46.7371824Z ##[debug]  git lfs ls-files -l | cut -d'' '' -f1 | sort > .lfs-files-list
2025-01-27T11:08:46.7372121Z ##[debug]fi
2025-01-27T11:08:46.7372303Z ##[debug]', inputs.atom-data-sparse)
2025-01-27T11:08:46.7372612Z ##[debug]Evaluating format:
2025-01-27T11:08:46.7372845Z ##[debug]..Evaluating String:
2025-01-27T11:08:46.7373111Z ##[debug]..=> 'if [ "{0}" == "true" ]; then
2025-01-27T11:08:46.7373375Z ##[debug]  echo "Using atom data sparse checkout"
2025-01-27T11:08:46.7373707Z ##[debug]  echo "atom_data/kurucz_cd23_chianti_H_He.h5" > .lfs-files-list
2025-01-27T11:08:46.7374006Z ##[debug]else
2025-01-27T11:08:46.7374196Z ##[debug]  echo "Using full repository checkout"
2025-01-27T11:08:46.7374544Z ##[debug]  git lfs ls-files -l | cut -d'' '' -f1 | sort > .lfs-files-list
2025-01-27T11:08:46.7374846Z ##[debug]fi
2025-01-27T11:08:46.7374993Z ##[debug]'
2025-01-27T11:08:46.7375366Z ##[debug]..Evaluating Index:
2025-01-27T11:08:46.7375603Z ##[debug]....Evaluating inputs:
2025-01-27T11:08:46.7375835Z ##[debug]....=> Object
2025-01-27T11:08:46.7376073Z ##[debug]....Evaluating String:
2025-01-27T11:08:46.7376310Z ##[debug]....=> 'atom-data-sparse'
2025-01-27T11:08:46.7376582Z ##[debug]..=> 'false'
2025-01-27T11:08:46.7377086Z ##[debug]=> 'if [ "false" == "true" ]; then
2025-01-27T11:08:46.7377365Z ##[debug]  echo "Using atom data sparse checkout"
2025-01-27T11:08:46.7377706Z ##[debug]  echo "atom_data/kurucz_cd23_chianti_H_He.h5" > .lfs-files-list
2025-01-27T11:08:46.7378008Z ##[debug]else
2025-01-27T11:08:46.7378198Z ##[debug]  echo "Using full repository checkout"
2025-01-27T11:08:46.7378526Z ##[debug]  git lfs ls-files -l | cut -d'' '' -f1 | sort > .lfs-files-list
2025-01-27T11:08:46.7378820Z ##[debug]fi
2025-01-27T11:08:46.7378973Z ##[debug]'
2025-01-27T11:08:46.7379197Z ##[debug]Result: 'if [ "false" == "true" ]; then
2025-01-27T11:08:46.7379469Z ##[debug]  echo "Using atom data sparse checkout"
2025-01-27T11:08:46.7379803Z ##[debug]  echo "atom_data/kurucz_cd23_chianti_H_He.h5" > .lfs-files-list
2025-01-27T11:08:46.7380106Z ##[debug]else
2025-01-27T11:08:46.7380298Z ##[debug]  echo "Using full repository checkout"
2025-01-27T11:08:46.7380616Z ##[debug]  git lfs ls-files -l | cut -d'' '' -f1 | sort > .lfs-files-list
2025-01-27T11:08:46.7380924Z ##[debug]fi
2025-01-27T11:08:46.7381074Z ##[debug]'
2025-01-27T11:08:46.7381600Z ##[debug]Loading env
2025-01-27T11:08:46.7396185Z ##[group]Run if [ "false" == "true" ]; then
2025-01-27T11:08:46.7396541Z [36;1mif [ "false" == "true" ]; then[0m
2025-01-27T11:08:46.7397041Z [36;1m  echo "Using atom data sparse checkout"[0m
2025-01-27T11:08:46.7397400Z [36;1m  echo "atom_data/kurucz_cd23_chianti_H_He.h5" > .lfs-files-list[0m
2025-01-27T11:08:46.7397733Z [36;1melse[0m
2025-01-27T11:08:46.7397940Z [36;1m  echo "Using full repository checkout"[0m
2025-01-27T11:08:46.7398273Z [36;1m  git lfs ls-files -l | cut -d' ' -f1 | sort > .lfs-files-list[0m
2025-01-27T11:08:46.7398563Z [36;1mfi[0m
2025-01-27T11:08:46.7432019Z shell: /usr/bin/bash --noprofile --norc -e -o pipefail {0}
2025-01-27T11:08:46.7432328Z env:
2025-01-27T11:08:46.7432489Z   CACHE_NUMBER: 0
2025-01-27T11:08:46.7433087Z   PYTEST_FLAGS: --tardis-regression-data=/home/runner/work/tardis/tardis/tardis-regression-data --cov=tardis --cov-report=xml --cov-report=html --cov-append
2025-01-27T11:08:46.7433904Z   CODECOV_TOKEN: 
2025-01-27T11:08:46.7434082Z ##[endgroup]
2025-01-27T11:08:46.7481552Z ##[debug]/usr/bin/bash --noprofile --norc -e -o pipefail /home/runner/work/_temp/c35dd7af-fce4-45c7-a1fe-8d06c139cd52.sh
2025-01-27T11:08:46.7502047Z Using full repository checkout
2025-01-27T11:08:46.8317785Z ##[debug]Finished: run
2025-01-27T11:08:46.8320579Z ##[debug]Evaluating condition for step: 'run'
2025-01-27T11:08:46.8322333Z ##[debug]Evaluating: success()
2025-01-27T11:08:46.8322681Z ##[debug]Evaluating success:
2025-01-27T11:08:46.8323051Z ##[debug]=> true
2025-01-27T11:08:46.8323389Z ##[debug]Result: true
2025-01-27T11:08:46.8323925Z ##[debug]Starting: run
2025-01-27T11:08:46.8365415Z ##[debug]Loading inputs
2025-01-27T11:08:46.8369046Z ##[debug]Evaluating: format('tardis-regression-{0}-{1}-{2}-v1', (((inputs.atom-data-sparse == 'true') && 'atom-data-sparse') || 'full-data'), hashFiles('tardis-regression-data/.lfs-files-list'), inputs.regression-data-repo)
2025-01-27T11:08:46.8369847Z ##[debug]Evaluating format:
2025-01-27T11:08:46.8370085Z ##[debug]..Evaluating String:
2025-01-27T11:08:46.8370371Z ##[debug]..=> 'tardis-regression-{0}-{1}-{2}-v1'
2025-01-27T11:08:46.8370787Z ##[debug]..Evaluating Or:
2025-01-27T11:08:46.8371007Z ##[debug]....Evaluating And:
2025-01-27T11:08:46.8371239Z ##[debug]......Evaluating Equal:
2025-01-27T11:08:46.8371473Z ##[debug]........Evaluating Index:
2025-01-27T11:08:46.8371728Z ##[debug]..........Evaluating inputs:
2025-01-27T11:08:46.8371990Z ##[debug]..........=> Object
2025-01-27T11:08:46.8372250Z ##[debug]..........Evaluating String:
2025-01-27T11:08:46.8372520Z ##[debug]..........=> 'atom-data-sparse'
2025-01-27T11:08:46.8372804Z ##[debug]........=> 'false'
2025-01-27T11:08:46.8373023Z ##[debug]........Evaluating String:
2025-01-27T11:08:46.8373247Z ##[debug]........=> 'true'
2025-01-27T11:08:46.8373453Z ##[debug]......=> false
2025-01-27T11:08:46.8373677Z ##[debug]....=> false
2025-01-27T11:08:46.8373904Z ##[debug]....Evaluating String:
2025-01-27T11:08:46.8374123Z ##[debug]....=> 'full-data'
2025-01-27T11:08:46.8374329Z ##[debug]..=> 'full-data'
2025-01-27T11:08:46.8374547Z ##[debug]..Evaluating hashFiles:
2025-01-27T11:08:46.8384509Z ##[debug]....Evaluating String:
2025-01-27T11:08:46.8384851Z ##[debug]....=> 'tardis-regression-data/.lfs-files-list'
2025-01-27T11:08:46.8385250Z ##[debug]Search root directory: '/home/runner/work/tardis/tardis'
2025-01-27T11:08:46.8385828Z ##[debug]Search pattern: 'tardis-regression-data/.lfs-files-list'
2025-01-27T11:08:46.8390047Z ##[debug]Starting process:
2025-01-27T11:08:46.8390478Z ##[debug]  File name: '/home/runner/runners/2.321.0/externals/node20/bin/node'
2025-01-27T11:08:46.8390913Z ##[debug]  Arguments: '"/home/runner/runners/2.321.0/bin/hashFiles"'
2025-01-27T11:08:46.8391307Z ##[debug]  Working directory: '/home/runner/work/tardis/tardis'
2025-01-27T11:08:46.8391684Z ##[debug]  Require exit code zero: 'False'
2025-01-27T11:08:46.8391973Z ##[debug]  Encoding web name:  ; code page: ''
2025-01-27T11:08:46.8392292Z ##[debug]  Force kill process on cancellation: 'False'
2025-01-27T11:08:46.8392574Z ##[debug]  Redirected STDIN: 'False'
2025-01-27T11:08:46.8392828Z ##[debug]  Persist current code page: 'False'
2025-01-27T11:08:46.8393119Z ##[debug]  Keep redirected STDIN open: 'False'
2025-01-27T11:08:46.8393392Z ##[debug]  High priority process: 'False'
2025-01-27T11:08:46.8398899Z ##[debug]Updated oom_score_adj to 500 for PID: 2051.
2025-01-27T11:08:46.8399526Z ##[debug]Process started with process id 2051, waiting for process exit.
2025-01-27T11:08:46.8766042Z ##[debug]Match Pattern: tardis-regression-data/.lfs-files-list
2025-01-27T11:08:46.8774273Z ##[debug]::debug::followSymbolicLinks 'false'
2025-01-27T11:08:46.8797832Z ##[debug]::debug::followSymbolicLinks 'false'
2025-01-27T11:08:46.8798282Z ##[debug]::debug::implicitDescendants 'true'
2025-01-27T11:08:46.8800490Z ##[debug]::debug::matchDirectories 'true'
2025-01-27T11:08:46.8801038Z ##[debug]::debug::omitBrokenSymbolicLinks 'true'
2025-01-27T11:08:46.8804341Z ##[debug]::debug::Search path '/home/runner/work/tardis/tardis/tardis-regression-data/.lfs-files-list'
2025-01-27T11:08:46.8821734Z ##[debug]/home/runner/work/tardis/tardis/tardis-regression-data/.lfs-files-list
2025-01-27T11:08:46.8872806Z ##[debug]Found 1 files to hash.
2025-01-27T11:08:46.8877762Z ##[debug]Hash result: '21f9fa4b6817cc69b9fae3598144724da7828e276a73bd17f47a2a49d9af090a'
2025-01-27T11:08:46.8879321Z ##[debug]undefined
2025-01-27T11:08:46.8906507Z ##[debug]STDOUT/STDERR stream read finished.
2025-01-27T11:08:46.8906588Z ##[debug]STDOUT/STDERR stream read finished.
2025-01-27T11:08:46.8908167Z ##[debug]Finished process 2051 with exit code 0, and elapsed time 00:00:00.0513648.
2025-01-27T11:08:46.8909282Z ##[debug]..=> '21f9fa4b6817cc69b9fae3598144724da7828e276a73bd17f47a2a49d9af090a'
2025-01-27T11:08:46.8909970Z ##[debug]..Evaluating Index:
2025-01-27T11:08:46.8910238Z ##[debug]....Evaluating inputs:
2025-01-27T11:08:46.8910551Z ##[debug]....=> Object
2025-01-27T11:08:46.8910833Z ##[debug]....Evaluating String:
2025-01-27T11:08:46.8911108Z ##[debug]....=> 'regression-data-repo'
2025-01-27T11:08:46.8911509Z ##[debug]..=> 'tardis-sn/tardis-regression-data'
2025-01-27T11:08:46.8912298Z ##[debug]=> 'tardis-regression-full-data-21f9fa4b6817cc69b9fae3598144724da7828e276a73bd17f47a2a49d9af090a-tardis-sn/tardis-regression-data-v1'
2025-01-27T11:08:46.8913521Z ##[debug]Result: 'tardis-regression-full-data-21f9fa4b6817cc69b9fae3598144724da7828e276a73bd17f47a2a49d9af090a-tardis-sn/tardis-regression-data-v1'
2025-01-27T11:08:46.8917865Z ##[debug]Loading env
2025-01-27T11:08:46.8921899Z ##[group]Run actions/cache/restore@v4
2025-01-27T11:08:46.8922157Z with:
2025-01-27T11:08:46.8922337Z   path: tardis-regression-data/.git/lfs
2025-01-27T11:08:46.8922959Z   key: tardis-regression-full-data-21f9fa4b6817cc69b9fae3598144724da7828e276a73bd17f47a2a49d9af090a-tardis-sn/tardis-regression-data-v1
2025-01-27T11:08:46.8923572Z   fail-on-cache-miss: true
2025-01-27T11:08:46.8923794Z   enableCrossOsArchive: false
2025-01-27T11:08:46.8924007Z   lookup-only: false
2025-01-27T11:08:46.8924183Z env:
2025-01-27T11:08:46.8924326Z   CACHE_NUMBER: 0
2025-01-27T11:08:46.8924913Z   PYTEST_FLAGS: --tardis-regression-data=/home/runner/work/tardis/tardis/tardis-regression-data --cov=tardis --cov-report=xml --cov-report=html --cov-append
2025-01-27T11:08:46.8925537Z   CODECOV_TOKEN: 
2025-01-27T11:08:46.8925704Z ##[endgroup]
2025-01-27T11:08:47.0129178Z ##[debug]Cache service version: v1
2025-01-27T11:08:47.0131590Z ##[debug]Resolved Keys:
2025-01-27T11:08:47.0135065Z ##[debug]["tardis-regression-full-data-21f9fa4b6817cc69b9fae3598144724da7828e276a73bd17f47a2a49d9af090a-tardis-sn/tardis-regression-data-v1"]
2025-01-27T11:08:47.0136218Z ##[debug]Checking zstd --quiet --version
2025-01-27T11:08:47.0240881Z ##[debug]1.5.6
2025-01-27T11:08:47.0245498Z ##[debug]zstd version: 1.5.6
2025-01-27T11:08:47.0257278Z ##[debug]Resource Url: https://acghubeus2.actions.githubusercontent.com/znkvyY1krvQ9BQOW4KRYIIo6lJBomEBkuJ1KNuIenT8KNTvLXL/_apis/artifactcache/cache?keys=tardis-regression-full-data-21f9fa4b6817cc69b9fae3598144724da7828e276a73bd17f47a2a49d9af090a-tardis-sn%2Ftardis-regression-data-v1&version=3583419d1e39533a34cee514049fac84c31f569026b650b6999994056146e85d
2025-01-27T11:08:47.1709263Z ##[debug]Resource Url: https://acghubeus2.actions.githubusercontent.com/znkvyY1krvQ9BQOW4KRYIIo6lJBomEBkuJ1KNuIenT8KNTvLXL/_apis/artifactcache/caches?key=tardis-regression-full-data-21f9fa4b6817cc69b9fae3598144724da7828e276a73bd17f47a2a49d9af090a-tardis-sn%2Ftardis-regression-data-v1
2025-01-27T11:08:47.1978028Z ##[debug]Failed to delete archive: Error: ENOENT: no such file or directory, unlink ''
2025-01-27T11:08:47.1999284Z ##[error]Failed to restore cache entry. Exiting as fail-on-cache-miss is set. Input key: tardis-regression-full-data-21f9fa4b6817cc69b9fae3598144724da7828e276a73bd17f47a2a49d9af090a-tardis-sn/tardis-regression-data-v1
2025-01-27T11:08:47.2026233Z ##[debug]Node Action run completed with exit code 1
2025-01-27T11:08:47.2043426Z ##[debug]Set output cache-primary-key = tardis-regression-full-data-21f9fa4b6817cc69b9fae3598144724da7828e276a73bd17f47a2a49d9af090a-tardis-sn/tardis-regression-data-v1
2025-01-27T11:08:47.2048313Z ##[debug]Finished: run
2025-01-27T11:08:47.2052595Z ##[debug]Evaluating condition for step: 'run'
2025-01-27T11:08:47.2055528Z ##[debug]Evaluating: (success() && (steps.lfs-cache-regression-data.outputs.cache-hit == 'true'))
2025-01-27T11:08:47.2056250Z ##[debug]Evaluating And:
2025-01-27T11:08:47.2056558Z ##[debug]..Evaluating success:
2025-01-27T11:08:47.2057252Z ##[debug]..=> false
2025-01-27T11:08:47.2057539Z ##[debug]=> false
2025-01-27T11:08:47.2058860Z ##[debug]Expanded: (false && (steps['lfs-cache-regression-data']['outputs']['cache-hit'] == 'true'))
2025-01-27T11:08:47.2059384Z ##[debug]Result: false
2025-01-27T11:08:47.2068324Z ##[debug]Finishing: Setup LFS
2025-01-27T11:08:47.2074810Z ##[debug]Evaluating condition for step: 'Setup environment'
2025-01-27T11:08:47.2075905Z ##[debug]Evaluating: success()
2025-01-27T11:08:47.2076234Z ##[debug]Evaluating success:
2025-01-27T11:08:47.2076558Z ##[debug]=> false
2025-01-27T11:08:47.2077223Z ##[debug]Result: false
2025-01-27T11:08:47.2081998Z ##[debug]Evaluating condition for step: 'Install package editable'
2025-01-27T11:08:47.2084302Z ##[debug]Evaluating: (success() && !inputs.pip_git)
2025-01-27T11:08:47.2084683Z ##[debug]Evaluating And:
2025-01-27T11:08:47.2084979Z ##[debug]..Evaluating success:
2025-01-27T11:08:47.2085311Z ##[debug]..=> false
2025-01-27T11:08:47.2085567Z ##[debug]=> false
2025-01-27T11:08:47.2087001Z ##[debug]Expanded: (false && !inputs['pip_git'])
2025-01-27T11:08:47.2087445Z ##[debug]Result: false
2025-01-27T11:08:47.2091634Z ##[debug]Evaluating condition for step: 'Install package git'
2025-01-27T11:08:47.2092859Z ##[debug]Evaluating: (success() && inputs.pip_git)
2025-01-27T11:08:47.2093223Z ##[debug]Evaluating And:
2025-01-27T11:08:47.2093514Z ##[debug]..Evaluating success:
2025-01-27T11:08:47.2093844Z ##[debug]..=> false
2025-01-27T11:08:47.2094102Z ##[debug]=> false
2025-01-27T11:08:47.2094494Z ##[debug]Expanded: (false && inputs['pip_git'])
2025-01-27T11:08:47.2094853Z ##[debug]Result: false
2025-01-27T11:08:47.2099209Z ##[debug]Evaluating condition for step: 'Install qgridnext'
2025-01-27T11:08:47.2100402Z ##[debug]Evaluating: (success() && !inputs.pip_git)
2025-01-27T11:08:47.2100781Z ##[debug]Evaluating And:
2025-01-27T11:08:47.2101073Z ##[debug]..Evaluating success:
2025-01-27T11:08:47.2101398Z ##[debug]..=> false
2025-01-27T11:08:47.2101656Z ##[debug]=> false
2025-01-27T11:08:47.2102062Z ##[debug]Expanded: (false && !inputs['pip_git'])
2025-01-27T11:08:47.2102430Z ##[debug]Result: false
2025-01-27T11:08:47.2106352Z ##[debug]Evaluating condition for step: 'Run tests'
2025-01-27T11:08:47.2107484Z ##[debug]Evaluating: success()
2025-01-27T11:08:47.2107804Z ##[debug]Evaluating success:
2025-01-27T11:08:47.2108120Z ##[debug]=> false
2025-01-27T11:08:47.2108428Z ##[debug]Result: false
2025-01-27T11:08:47.2112630Z ##[debug]Evaluating condition for step: 'Regression Data Generation tests'
2025-01-27T11:08:47.2115944Z ##[debug]Evaluating: (success() && (contains(github.event.pull_request.labels[*].name, 'run-generation-tests') || (github.ref == 'refs/heads/master')))
2025-01-27T11:08:47.2116596Z ##[debug]Evaluating And:
2025-01-27T11:08:47.2117233Z ##[debug]..Evaluating success:
2025-01-27T11:08:47.2117571Z ##[debug]..=> false
2025-01-27T11:08:47.2117834Z ##[debug]=> false
2025-01-27T11:08:47.2119632Z ##[debug]Expanded: (false && (contains(github['event']['pull_request']['labels'][*]['name'], 'run-generation-tests') || (github['ref'] == 'refs/heads/master')))
2025-01-27T11:08:47.2120284Z ##[debug]Result: false
2025-01-27T11:08:47.2124491Z ##[debug]Evaluating condition for step: 'Run mv .coverage .coverage.3'
2025-01-27T11:08:47.2125556Z ##[debug]Evaluating: success()
2025-01-27T11:08:47.2125875Z ##[debug]Evaluating success:
2025-01-27T11:08:47.2126191Z ##[debug]=> false
2025-01-27T11:08:47.2126498Z ##[debug]Result: false
2025-01-27T11:08:47.2131148Z ##[debug]Evaluating condition for step: 'Run actions/upload-artifact@v4'
2025-01-27T11:08:47.2132165Z ##[debug]Evaluating: success()
2025-01-27T11:08:47.2132484Z ##[debug]Evaluating success:
2025-01-27T11:08:47.2132792Z ##[debug]=> false
2025-01-27T11:08:47.2133097Z ##[debug]Result: false
2025-01-27T11:08:47.2138081Z ##[debug]Evaluating condition for step: 'Post Setup LFS'
2025-01-27T11:08:47.2139822Z ##[debug]Evaluating: always()
2025-01-27T11:08:47.2140151Z ##[debug]Evaluating always:
2025-01-27T11:08:47.2140840Z ##[debug]=> true
2025-01-27T11:08:47.2141186Z ##[debug]Result: true
2025-01-27T11:08:47.2141688Z ##[debug]Starting: Post Setup LFS
2025-01-27T11:08:47.2202501Z ##[debug]Loading inputs
2025-01-27T11:08:47.2204455Z ##[debug]Loading env
2025-01-27T11:08:47.2208612Z Post job cleanup.
2025-01-27T11:08:47.2210638Z ##[debug]Evaluating condition for step: 'run'
2025-01-27T11:08:47.2211532Z ##[debug]Evaluating: always()
2025-01-27T11:08:47.2211846Z ##[debug]Evaluating always:
2025-01-27T11:08:47.2212145Z ##[debug]=> true
2025-01-27T11:08:47.2212463Z ##[debug]Result: true
2025-01-27T11:08:47.2212877Z ##[debug]Starting: run
2025-01-27T11:08:47.2265779Z ##[debug]Loading inputs
2025-01-27T11:08:47.2267114Z ##[debug]Evaluating: inputs.regression-data-repo
2025-01-27T11:08:47.2267484Z ##[debug]Evaluating Index:
2025-01-27T11:08:47.2267712Z ##[debug]..Evaluating inputs:
2025-01-27T11:08:47.2267965Z ##[debug]..=> Object
2025-01-27T11:08:47.2268190Z ##[debug]..Evaluating String:
2025-01-27T11:08:47.2268433Z ##[debug]..=> 'regression-data-repo'
2025-01-27T11:08:47.2268771Z ##[debug]=> 'tardis-sn/tardis-regression-data'
2025-01-27T11:08:47.2269090Z ##[debug]Result: 'tardis-sn/tardis-regression-data'
2025-01-27T11:08:47.2270107Z ##[debug]Evaluating: (((inputs.atom-data-sparse == 'true') && 'atom_data/kurucz_cd23_chianti_H_He.h5') || '')
2025-01-27T11:08:47.2270549Z ##[debug]Evaluating Or:
2025-01-27T11:08:47.2270762Z ##[debug]..Evaluating And:
2025-01-27T11:08:47.2270986Z ##[debug]....Evaluating Equal:
2025-01-27T11:08:47.2271226Z ##[debug]......Evaluating Index:
2025-01-27T11:08:47.2271455Z ##[debug]........Evaluating inputs:
2025-01-27T11:08:47.2271694Z ##[debug]........=> Object
2025-01-27T11:08:47.2271910Z ##[debug]........Evaluating String:
2025-01-27T11:08:47.2272157Z ##[debug]........=> 'atom-data-sparse'
2025-01-27T11:08:47.2272418Z ##[debug]......=> 'false'
2025-01-27T11:08:47.2272623Z ##[debug]......Evaluating String:
2025-01-27T11:08:47.2272844Z ##[debug]......=> 'true'
2025-01-27T11:08:47.2273047Z ##[debug]....=> false
2025-01-27T11:08:47.2273231Z ##[debug]..=> false
2025-01-27T11:08:47.2273418Z ##[debug]..Evaluating String:
2025-01-27T11:08:47.2273629Z ##[debug]..=> ''
2025-01-27T11:08:47.2273808Z ##[debug]=> ''
2025-01-27T11:08:47.2274145Z ##[debug]Expanded: ((('false' == 'true') && 'atom_data/kurucz_cd23_chianti_H_He.h5') || '')
2025-01-27T11:08:47.2274495Z ##[debug]Result: ''
2025-01-27T11:08:47.2275765Z ##[debug]Evaluating: github.token
2025-01-27T11:08:47.2276022Z ##[debug]Evaluating Index:
2025-01-27T11:08:47.2276254Z ##[debug]..Evaluating github:
2025-01-27T11:08:47.2276477Z ##[debug]..=> Object
2025-01-27T11:08:47.2276842Z ##[debug]..Evaluating String:
2025-01-27T11:08:47.2277060Z ##[debug]..=> 'token'
2025-01-27T11:08:47.2277487Z ##[debug]=> '***'
2025-01-27T11:08:47.2277795Z ##[debug]Result: '***'
2025-01-27T11:08:47.2286342Z ##[debug]Loading env
2025-01-27T11:08:47.2291189Z Post job cleanup.
2025-01-27T11:08:47.3249316Z ##[debug]Getting git version
2025-01-27T11:08:47.3264185Z [command]/usr/bin/git version
2025-01-27T11:08:47.3299366Z git version 2.48.1
2025-01-27T11:08:47.3321434Z ##[debug]0
2025-01-27T11:08:47.3322016Z ##[debug]git version 2.48.1
2025-01-27T11:08:47.3322337Z ##[debug]
2025-01-27T11:08:47.3323036Z ##[debug]Set git useragent to: git/2.48.1 (github-actions-checkout)
2025-01-27T11:08:47.3326988Z ::add-mask::***
2025-01-27T11:08:47.3346243Z Temporarily overriding HOME='/home/runner/work/_temp/29b427ff-f025-41f7-b556-9c710f7c6eb9' before making global git config changes
2025-01-27T11:08:47.3347956Z Adding repository directory to the temporary git global config as a safe directory
2025-01-27T11:08:47.3351674Z [command]/usr/bin/git config --global --add safe.directory /home/runner/work/tardis/tardis/tardis-regression-data
2025-01-27T11:08:47.3377185Z ##[debug]0
2025-01-27T11:08:47.3377956Z ##[debug]
2025-01-27T11:08:47.3384108Z [command]/usr/bin/git config --local --name-only --get-regexp core\.sshCommand
2025-01-27T11:08:47.3413539Z ##[debug]1
2025-01-27T11:08:47.3419114Z ##[debug]
2025-01-27T11:08:47.3419950Z [command]/usr/bin/git submodule foreach --recursive sh -c "git config --local --name-only --get-regexp 'core\.sshCommand' && git config --local --unset-all 'core.sshCommand' || :"
2025-01-27T11:08:47.3638499Z ##[debug]0
2025-01-27T11:08:47.3639057Z ##[debug]
2025-01-27T11:08:47.3644632Z [command]/usr/bin/git config --local --name-only --get-regexp http\.https\:\/\/github\.com\/\.extraheader
2025-01-27T11:08:47.3665332Z http.https://github.com/.extraheader
2025-01-27T11:08:47.3671964Z ##[debug]0
2025-01-27T11:08:47.3672641Z ##[debug]http.https://github.com/.extraheader
2025-01-27T11:08:47.3673141Z ##[debug]
2025-01-27T11:08:47.3678979Z [command]/usr/bin/git config --local --unset-all http.https://github.com/.extraheader
2025-01-27T11:08:47.3704479Z ##[debug]0
2025-01-27T11:08:47.3705110Z ##[debug]
2025-01-27T11:08:47.3710405Z [command]/usr/bin/git submodule foreach --recursive sh -c "git config --local --name-only --get-regexp 'http\.https\:\/\/github\.com\/\.extraheader' && git config --local --unset-all 'http.https://github.com/.extraheader' || :"
2025-01-27T11:08:47.3927433Z ##[debug]0
2025-01-27T11:08:47.3928035Z ##[debug]
2025-01-27T11:08:47.3928647Z ##[debug]Unsetting HOME override
2025-01-27T11:08:47.3990185Z ##[debug]Node Action run completed with exit code 0
2025-01-27T11:08:47.3992431Z ##[debug]Finished: run
2025-01-27T11:08:47.3996095Z ##[debug]Finishing: Post Setup LFS
2025-01-27T11:08:47.4002862Z ##[debug]Evaluating condition for step: 'Post Run actions/checkout@v4'
2025-01-27T11:08:47.4004409Z ##[debug]Evaluating: always()
2025-01-27T11:08:47.4004774Z ##[debug]Evaluating always:
2025-01-27T11:08:47.4005112Z ##[debug]=> true
2025-01-27T11:08:47.4005463Z ##[debug]Result: true
2025-01-27T11:08:47.4006043Z ##[debug]Starting: Post Run actions/checkout@v4
2025-01-27T11:08:47.4062079Z ##[debug]Loading inputs
2025-01-27T11:08:47.4063071Z ##[debug]Evaluating: github.repository
2025-01-27T11:08:47.4063383Z ##[debug]Evaluating Index:
2025-01-27T11:08:47.4063633Z ##[debug]..Evaluating github:
2025-01-27T11:08:47.4063876Z ##[debug]..=> Object
2025-01-27T11:08:47.4064098Z ##[debug]..Evaluating String:
2025-01-27T11:08:47.4064333Z ##[debug]..=> 'repository'
2025-01-27T11:08:47.4064613Z ##[debug]=> 'tardis-sn/tardis'
2025-01-27T11:08:47.4064863Z ##[debug]Result: 'tardis-sn/tardis'
2025-01-27T11:08:47.4066488Z ##[debug]Evaluating: github.token
2025-01-27T11:08:47.4067075Z ##[debug]Evaluating Index:
2025-01-27T11:08:47.4067324Z ##[debug]..Evaluating github:
2025-01-27T11:08:47.4067600Z ##[debug]..=> Object
2025-01-27T11:08:47.4067850Z ##[debug]..Evaluating String:
2025-01-27T11:08:47.4068072Z ##[debug]..=> 'token'
2025-01-27T11:08:47.4068489Z ##[debug]=> '***'
2025-01-27T11:08:47.4068790Z ##[debug]Result: '***'
2025-01-27T11:08:47.4078461Z ##[debug]Loading env
2025-01-27T11:08:47.4082095Z Post job cleanup.
2025-01-27T11:08:47.5004479Z ##[debug]Getting git version
2025-01-27T11:08:47.5019762Z [command]/usr/bin/git version
2025-01-27T11:08:47.5055265Z git version 2.48.1
2025-01-27T11:08:47.5078010Z ##[debug]0
2025-01-27T11:08:47.5078675Z ##[debug]git version 2.48.1
2025-01-27T11:08:47.5079053Z ##[debug]
2025-01-27T11:08:47.5079878Z ##[debug]Set git useragent to: git/2.48.1 (github-actions-checkout)
2025-01-27T11:08:47.5083494Z ::add-mask::***
2025-01-27T11:08:47.5099820Z Temporarily overriding HOME='/home/runner/work/_temp/d49733ab-fcc9-42d5-b5c0-6905c68d2f7b' before making global git config changes
2025-01-27T11:08:47.5101048Z Adding repository directory to the temporary git global config as a safe directory
2025-01-27T11:08:47.5112224Z [command]/usr/bin/git config --global --add safe.directory /home/runner/work/tardis/tardis
2025-01-27T11:08:47.5140081Z ##[debug]0
2025-01-27T11:08:47.5147338Z ##[debug]
2025-01-27T11:08:47.5147847Z [command]/usr/bin/git config --local --name-only --get-regexp core\.sshCommand
2025-01-27T11:08:47.5172872Z ##[debug]1
2025-01-27T11:08:47.5178699Z ##[debug]
2025-01-27T11:08:47.5179667Z [command]/usr/bin/git submodule foreach --recursive sh -c "git config --local --name-only --get-regexp 'core\.sshCommand' && git config --local --unset-all 'core.sshCommand' || :"
2025-01-27T11:08:47.5399209Z ##[debug]0
2025-01-27T11:08:47.5399798Z ##[debug]
2025-01-27T11:08:47.5405382Z [command]/usr/bin/git config --local --name-only --get-regexp http\.https\:\/\/github\.com\/\.extraheader
2025-01-27T11:08:47.5424967Z http.https://github.com/.extraheader
2025-01-27T11:08:47.5431417Z ##[debug]0
2025-01-27T11:08:47.5432013Z ##[debug]http.https://github.com/.extraheader
2025-01-27T11:08:47.5432459Z ##[debug]
2025-01-27T11:08:47.5437797Z [command]/usr/bin/git config --local --unset-all http.https://github.com/.extraheader
2025-01-27T11:08:47.5462569Z ##[debug]0
2025-01-27T11:08:47.5466946Z ##[debug]
2025-01-27T11:08:47.5467916Z [command]/usr/bin/git submodule foreach --recursive sh -c "git config --local --name-only --get-regexp 'http\.https\:\/\/github\.com\/\.extraheader' && git config --local --unset-all 'http.https://github.com/.extraheader' || :"
2025-01-27T11:08:47.5682692Z ##[debug]0
2025-01-27T11:08:47.5683187Z ##[debug]
2025-01-27T11:08:47.5683730Z ##[debug]Unsetting HOME override
2025-01-27T11:08:47.5744472Z ##[debug]Node Action run completed with exit code 0
2025-01-27T11:08:47.5746903Z ##[debug]Finishing: Post Run actions/checkout@v4
2025-01-27T11:08:47.5785019Z ##[debug]Starting: Complete job
2025-01-27T11:08:47.5786559Z Uploading runner diagnostic logs
2025-01-27T11:08:47.5797810Z ##[debug]Starting diagnostic file upload.
2025-01-27T11:08:47.5798131Z ##[debug]Setting up diagnostic log folders.
2025-01-27T11:08:47.5799823Z ##[debug]Creating diagnostic log files folder.
2025-01-27T11:08:47.5808349Z ##[debug]Copying 1 worker diagnostic logs.
2025-01-27T11:08:47.5817277Z ##[debug]Copying 1 runner diagnostic logs.
2025-01-27T11:08:47.5818642Z ##[debug]Zipping diagnostic files.
2025-01-27T11:08:47.5904322Z ##[debug]Uploading diagnostic metadata file.
2025-01-27T11:08:47.5934845Z ##[debug]Diagnostic file upload complete.
2025-01-27T11:08:47.5935360Z Completed runner diagnostic log upload
2025-01-27T11:08:47.5935637Z Cleaning up orphan processes
2025-01-27T11:08:47.6215202Z ##[debug]Finishing: Complete job
2025-01-27T11:08:47.6246194Z ##[debug]Finishing:  continuum ubuntu-latest 
