2025-02-19T15:59:27.8955778Z Prepare all required actions
2025-02-19T15:59:27.8956965Z Getting action download info
2025-02-19T15:59:28.0134137Z Download action repository 'mamba-org/setup-micromamba@v1' (SHA:4b9113af4fba0e9e1124b252dd6497a419e7396d)
2025-02-19T15:59:28.2380626Z ##[group]Run ./.github/actions/setup_env
2025-02-19T15:59:28.2381106Z with:
2025-02-19T15:59:28.2381439Z   os-label: linux-64
2025-02-19T15:59:28.2381787Z env:
2025-02-19T15:59:28.2382129Z   CACHE_NUMBER: 0
2025-02-19T15:59:28.2383104Z   PYTEST_FLAGS: --tardis-regression-data=/home/runner/work/tardis/tardis/tardis-regression-data --cov=tardis --cov-report=xml --cov-report=html --cov-append
2025-02-19T15:59:28.2383970Z   CODECOV_TOKEN: 
2025-02-19T15:59:28.2384307Z ##[endgroup]
2025-02-19T15:59:28.2490570Z ##[group]Run file_hash=$(cat conda-linux-64.lock | shasum -a 256 | cut -d' ' -f1)
2025-02-19T15:59:28.2491422Z [36;1mfile_hash=$(cat conda-linux-64.lock | shasum -a 256 | cut -d' ' -f1)[0m
2025-02-19T15:59:28.2492149Z [36;1mecho "file_hash=tardis-conda-env-linux-64-${file_hash}-v1" >> "${GITHUB_OUTPUT}"[0m
2025-02-19T15:59:28.2645805Z shell: /usr/bin/bash --noprofile --norc -e -o pipefail {0}
2025-02-19T15:59:28.2646345Z env:
2025-02-19T15:59:28.2646668Z   CACHE_NUMBER: 0
2025-02-19T15:59:28.2647474Z   PYTEST_FLAGS: --tardis-regression-data=/home/runner/work/tardis/tardis/tardis-regression-data --cov=tardis --cov-report=xml --cov-report=html --cov-append
2025-02-19T15:59:28.2648339Z   CODECOV_TOKEN: 
2025-02-19T15:59:28.2648680Z ##[endgroup]
2025-02-19T15:59:28.3153329Z ##[group]Run mamba-org/setup-micromamba@v1
2025-02-19T15:59:28.3153820Z with:
2025-02-19T15:59:28.3154188Z   environment-file: conda-linux-64.lock
2025-02-19T15:59:28.3155131Z   cache-environment-key: tardis-conda-env-linux-64-d7cd390425b0fd3cf82649dcc003efba9915fb4928f15d342148c3ccffcbe2ee-v1
2025-02-19T15:59:28.3156213Z   cache-downloads-key: tardis-conda-env-linux-64-d7cd390425b0fd3cf82649dcc003efba9915fb4928f15d342148c3ccffcbe2ee-v1
2025-02-19T15:59:28.3156977Z   environment-name: tardis
2025-02-19T15:59:28.3157384Z   cache-environment: true
2025-02-19T15:59:28.3157937Z   cache-downloads: true
2025-02-19T15:59:28.3158333Z env:
2025-02-19T15:59:28.3158665Z   CACHE_NUMBER: 0
2025-02-19T15:59:28.3159464Z   PYTEST_FLAGS: --tardis-regression-data=/home/runner/work/tardis/tardis/tardis-regression-data --cov=tardis --cov-report=xml --cov-report=html --cov-append
2025-02-19T15:59:28.3160323Z   CODECOV_TOKEN: 
2025-02-19T15:59:28.3160664Z ##[endgroup]
2025-02-19T15:59:28.4530855Z Will download micromamba to /home/runner/micromamba-bin/micromamba
2025-02-19T15:59:28.4539903Z ##[group]Install micromamba
2025-02-19T15:59:28.7419794Z micromamba installed to /home/runner/micromamba-bin/micromamba
2025-02-19T15:59:28.7421086Z ##[endgroup]
2025-02-19T15:59:28.7421970Z Adding conda-forge to condarc channels ...
2025-02-19T15:59:28.7431699Z ##[group]Initialize micromamba for bash.
2025-02-19T15:59:28.7448556Z [command]/home/runner/micromamba-bin/micromamba shell init -s bash -r /home/runner/micromamba --log-level warning --rc-file /home/runner/work/_temp/setup-micromamba/.condarc
2025-02-19T15:59:28.7594907Z Modifying RC file "/home/runner/.bashrc"
2025-02-19T15:59:28.7596122Z Generating config for root prefix [1m"/home/runner/micromamba"[0m
2025-02-19T15:59:28.7597138Z Setting mamba executable to: [1m"/home/runner/micromamba-bin/micromamba"[0m
2025-02-19T15:59:28.7597812Z Adding (or replacing) the following in your "/home/runner/.bashrc" file
2025-02-19T15:59:28.7598176Z 
2025-02-19T15:59:28.7598331Z # >>> mamba initialize >>>
2025-02-19T15:59:28.7598789Z # !! Contents within this block are managed by 'mamba init' !!
2025-02-19T15:59:28.7599346Z export MAMBA_EXE='/home/runner/micromamba-bin/micromamba';
2025-02-19T15:59:28.7599886Z export MAMBA_ROOT_PREFIX='/home/runner/micromamba';
2025-02-19T15:59:28.7600649Z __mamba_setup="$("$MAMBA_EXE" shell hook --shell bash --root-prefix "$MAMBA_ROOT_PREFIX" 2> /dev/null)"
2025-02-19T15:59:28.7601327Z if [ $? -eq 0 ]; then
2025-02-19T15:59:28.7601860Z     eval "$__mamba_setup"
2025-02-19T15:59:28.7603103Z else
2025-02-19T15:59:28.7603934Z     alias micromamba="$MAMBA_EXE"  # Fallback on help from mamba activate
2025-02-19T15:59:28.7604805Z fi
2025-02-19T15:59:28.7605229Z unset __mamba_setup
2025-02-19T15:59:28.7605715Z # <<< mamba initialize <<<
2025-02-19T15:59:28.7606040Z 
2025-02-19T15:59:28.7614581Z Moving mamba initialize block to .bash_profile
2025-02-19T15:59:28.7624738Z ##[endgroup]
2025-02-19T15:59:28.7626281Z ##[group]Restoring downloads from `/home/runner/micromamba/pkgs` ...
2025-02-19T15:59:29.9155903Z Received 264241152 of 356815776 (74.1%), 251.7 MBs/sec
2025-02-19T15:59:30.2108131Z Cache Size: ~340 MB (356815776 B)
2025-02-19T15:59:30.2148445Z [command]/usr/bin/tar -xf /home/runner/work/_temp/ff0a3d80-fcd2-4f26-b78c-a1df7f15b5b7/cache.tzst -P -C /home/runner/work/tardis/tardis --use-compress-program unzstd
2025-02-19T15:59:30.6930201Z Cache restored successfully
2025-02-19T15:59:30.7670278Z Restored cache with key `tardis-conda-env-linux-64-d7cd390425b0fd3cf82649dcc003efba9915fb4928f15d342148c3ccffcbe2ee-v1-linux-64`
2025-02-19T15:59:30.7684915Z ##[endgroup]
2025-02-19T15:59:30.7687428Z ##[group]Restoring environment `tardis` from `/home/runner/micromamba/envs/tardis` ...
2025-02-19T15:59:30.9156888Z Received 356815776 of 356815776 (100.0%), 170.1 MBs/sec
2025-02-19T15:59:31.8614133Z Received 314572800 of 444032293 (70.8%), 299.1 MBs/sec
2025-02-19T15:59:32.3143773Z Cache Size: ~423 MB (444032293 B)
2025-02-19T15:59:32.3215873Z [command]/usr/bin/tar -xf /home/runner/work/_temp/ce36a559-71ce-478e-a459-9310f755abba/cache.tzst -P -C /home/runner/work/tardis/tardis --use-compress-program unzstd
2025-02-19T15:59:32.8597302Z Received 444032293 of 444032293 (100.0%), 211.3 MBs/sec
2025-02-19T15:59:37.4557106Z Cache restored successfully
2025-02-19T15:59:37.5488038Z Restored cache with key `tardis-conda-env-linux-64-d7cd390425b0fd3cf82649dcc003efba9915fb4928f15d342148c3ccffcbe2ee-v1-linux-64-tardis-args-4f53cda-root-dcc80ee-bin-[object Promise]-file-d7cd390425b0fd3cf82649dcc003efba9915fb4928f15d342148c3ccffcbe2ee`
2025-02-19T15:59:37.5490125Z ##[endgroup]
2025-02-19T15:59:37.5490498Z Adding environment tardis to auto-activate bash ...
2025-02-19T15:59:37.5500675Z Generating micromamba run shell.
2025-02-19T15:59:37.5512900Z ##[endgroup]
2025-02-19T15:59:37.5518886Z Set environment variables.
2025-02-19T15:59:37.5523383Z ##[group]micromamba info
2025-02-19T15:59:37.5526724Z [command]/home/runner/micromamba-bin/micromamba info -r /home/runner/micromamba -n tardis
2025-02-19T15:59:37.5785320Z 
2025-02-19T15:59:37.5785911Z        libmamba version : 1.5.10
2025-02-19T15:59:37.5789849Z      micromamba version : 1.5.10
2025-02-19T15:59:37.5790626Z            curl version : libcurl/8.10.1 OpenSSL/3.3.2 zlib/1.3.1 zstd/1.5.6 libssh2/1.11.0 nghttp2/1.58.0
2025-02-19T15:59:37.5791207Z      libarchive version : libarchive 3.7.4 zlib/1.2.13 bz2lib/1.0.8 libzstd/1.5.6
2025-02-19T15:59:37.5791990Z        envs directories : /home/runner/micromamba/envs
2025-02-19T15:59:37.5792407Z           package cache : /home/runner/micromamba/pkgs
2025-02-19T15:59:37.5792933Z                           /home/runner/.mamba/pkgs
2025-02-19T15:59:37.5793220Z             environment : tardis
2025-02-19T15:59:37.5793508Z            env location : /home/runner/micromamba/envs/tardis
2025-02-19T15:59:37.5794178Z       user config files : /home/runner/.mambarc
2025-02-19T15:59:37.5794877Z  populated config files : /home/runner/work/_temp/setup-micromamba/.condarc
2025-02-19T15:59:37.5795571Z        virtual packages : __unix=0=0
2025-02-19T15:59:37.5796043Z                           __linux=6.8.0=0
2025-02-19T15:59:37.5796505Z                           __glibc=2.39=0
2025-02-19T15:59:37.5796980Z                           __archspec=1=x86_64_v3
2025-02-19T15:59:37.5797612Z                channels : https://conda.anaconda.org/conda-forge/linux-64
2025-02-19T15:59:37.5798353Z                           https://conda.anaconda.org/conda-forge/noarch
2025-02-19T15:59:37.5798938Z        base environment : /home/runner/micromamba
2025-02-19T15:59:37.5799751Z                platform : linux-64
2025-02-19T15:59:37.5802314Z ##[endgroup]
2025-02-19T15:59:37.5803511Z ##[group]micromamba list
2025-02-19T15:59:37.5804560Z [command]/home/runner/micromamba-bin/micromamba list -r /home/runner/micromamba -n tardis
2025-02-19T15:59:37.9693586Z List of packages in environment: "/home/runner/micromamba/envs/tardis"
2025-02-19T15:59:37.9694134Z 
2025-02-19T15:59:37.9694394Z   Name                           Version              Build                    Channel    
2025-02-19T15:59:37.9695566Z â”€â”€â”€â”€â”€â”€â”€â”€â”€â”€â”€â”€â”€â”€â”€â”€â”€â”€â”€â”€â”€â”€â”€â”€â”€â”€â”€â”€â”€â”€â”€â”€â”€â”€â”€â”€â”€â”€â”€â”€â”€â”€â”€â”€â”€â”€â”€â”€â”€â”€â”€â”€â”€â”€â”€â”€â”€â”€â”€â”€â”€â”€â”€â”€â”€â”€â”€â”€â”€â”€â”€â”€â”€â”€â”€â”€â”€â”€â”€â”€â”€â”€â”€â”€â”€â”€â”€â”€â”€â”€â”€â”€
2025-02-19T15:59:37.9696346Z   _libgcc_mutex                  0.1                  conda_forge              conda-forge
2025-02-19T15:59:37.9696936Z   _openmp_mutex                  4.5                  2_gnu                    conda-forge
2025-02-19T15:59:37.9697586Z   alabaster                      0.7.16               pyhd8ed1ab_0             conda-forge
2025-02-19T15:59:37.9698172Z   anyio                          4.4.0                pyhd8ed1ab_0             conda-forge
2025-02-19T15:59:37.9698756Z   argon2-cffi                    23.1.0               pyhd8ed1ab_0             conda-forge
2025-02-19T15:59:37.9699396Z   argon2-cffi-bindings           21.2.0               py312h98912ed_4          conda-forge
2025-02-19T15:59:37.9699997Z   arrow                          1.3.0                pyhd8ed1ab_0             conda-forge
2025-02-19T15:59:37.9700564Z   astropy                        6.1.1                py312h085067d_0          conda-forge
2025-02-19T15:59:37.9701264Z   astropy-iers-data              0.2024.6.17.0.31.35  pyhd8ed1ab_0             conda-forge
2025-02-19T15:59:37.9701999Z   astropy-sphinx-theme           1.1                  pyhd8ed1ab_0             conda-forge
2025-02-19T15:59:37.9702662Z   asttokens                      2.4.1                pyhd8ed1ab_0             conda-forge
2025-02-19T15:59:37.9703430Z   async-lru                      2.0.4                pyhd8ed1ab_0             conda-forge
2025-02-19T15:59:37.9704011Z   atk-1.0                        2.38.0               h04ea711_2               conda-forge
2025-02-19T15:59:37.9704498Z   attrs                          23.2.0               pyh71513ae_0             conda-forge
2025-02-19T15:59:37.9705024Z   babel                          2.14.0               pyhd8ed1ab_0             conda-forge
2025-02-19T15:59:37.9705536Z   beautifulsoup4                 4.12.3               pyha770c72_0             conda-forge
2025-02-19T15:59:37.9705930Z   bleach                         6.1.0                pyhd8ed1ab_0             conda-forge
2025-02-19T15:59:37.9706276Z   blosc                          1.21.5               hc2324a3_1               conda-forge
2025-02-19T15:59:37.9706602Z   brotli                         1.1.0                hd590300_1               conda-forge
2025-02-19T15:59:37.9707281Z   brotli-bin                     1.1.0                hd590300_1               conda-forge
2025-02-19T15:59:37.9707685Z   brotli-python                  1.1.0                py312h30efb56_1          conda-forge
2025-02-19T15:59:37.9708044Z   bzip2                          1.0.8                hd590300_5               conda-forge
2025-02-19T15:59:37.9708383Z   c-ares                         1.28.1               hd590300_0               conda-forge
2025-02-19T15:59:37.9708723Z   c-blosc2                       2.14.4               hb4ffafa_1               conda-forge
2025-02-19T15:59:37.9709171Z   ca-certificates                2024.6.2             hbcca054_0               conda-forge
2025-02-19T15:59:37.9709577Z   cached-property                1.5.2                hd8ed1ab_1               conda-forge
2025-02-19T15:59:37.9709985Z   cached_property                1.5.2                pyha770c72_1             conda-forge
2025-02-19T15:59:37.9710355Z   cairo                          1.18.0               h3faef2a_0               conda-forge
2025-02-19T15:59:37.9710704Z   certifi                        2024.6.2             pyhd8ed1ab_0             conda-forge
2025-02-19T15:59:37.9711293Z   cffi                           1.16.0               py312hf06ca03_0          conda-forge
2025-02-19T15:59:37.9711668Z   charset-normalizer             3.3.2                pyhd8ed1ab_0             conda-forge
2025-02-19T15:59:37.9712045Z   click                          8.1.7                unix_pyh707e725_0        conda-forge
2025-02-19T15:59:37.9712600Z   codespell                      2.3.0                pyhd8ed1ab_0             conda-forge
2025-02-19T15:59:37.9742659Z   colorama                       0.4.6                pyhd8ed1ab_0             conda-forge
2025-02-19T15:59:37.9743445Z   comm                           0.2.2                pyhd8ed1ab_0             conda-forge
2025-02-19T15:59:37.9744045Z   commonmark                     0.9.1                py_0                     conda-forge
2025-02-19T15:59:37.9744683Z   contourpy                      1.2.1                py312h8572e83_0          conda-forge
2025-02-19T15:59:37.9745335Z   coverage                       7.5.3                py312h9a8786e_0          conda-forge
2025-02-19T15:59:37.9745951Z   cycler                         0.12.1               pyhd8ed1ab_0             conda-forge
2025-02-19T15:59:37.9746582Z   dataclasses                    0.8                  pyhc8e2a94_3             conda-forge
2025-02-19T15:59:37.9747237Z   debugpy                        1.8.1                py312h30efb56_0          conda-forge
2025-02-19T15:59:37.9747900Z   decorator                      5.1.1                pyhd8ed1ab_0             conda-forge
2025-02-19T15:59:37.9748552Z   defusedxml                     0.7.1                pyhd8ed1ab_0             conda-forge
2025-02-19T15:59:37.9749208Z   docutils                       0.20.1               py312h7900ff3_3          conda-forge
2025-02-19T15:59:37.9749846Z   dot2tex                        2.11.3               pyhd8ed1ab_0             conda-forge
2025-02-19T15:59:37.9750515Z   entrypoints                    0.4                  pyhd8ed1ab_0             conda-forge
2025-02-19T15:59:37.9751229Z   exceptiongroup                 1.2.0                pyhd8ed1ab_2             conda-forge
2025-02-19T15:59:37.9751906Z   executing                      2.0.1                pyhd8ed1ab_0             conda-forge
2025-02-19T15:59:37.9752524Z   expat                          2.6.2                h59595ed_0               conda-forge
2025-02-19T15:59:37.9753458Z   font-ttf-dejavu-sans-mono      2.37                 hab24e00_0               conda-forge
2025-02-19T15:59:37.9754276Z   font-ttf-inconsolata           3.000                h77eed37_0               conda-forge
2025-02-19T15:59:37.9755068Z   font-ttf-source-code-pro       2.038                h77eed37_0               conda-forge
2025-02-19T15:59:37.9755843Z   font-ttf-ubuntu                0.83                 h77eed37_2               conda-forge
2025-02-19T15:59:37.9756844Z   fontconfig                     2.14.2               h14ed4e7_0               conda-forge
2025-02-19T15:59:37.9757525Z   fonts-conda-ecosystem          1                    0                        conda-forge
2025-02-19T15:59:37.9757976Z   fonts-conda-forge              1                    0                        conda-forge
2025-02-19T15:59:37.9758365Z   fonttools                      4.53.0               py312h9a8786e_0          conda-forge
2025-02-19T15:59:37.9758729Z   fqdn                           1.5.1                pyhd8ed1ab_0             conda-forge
2025-02-19T15:59:37.9759085Z   freetype                       2.12.1               h267a509_2               conda-forge
2025-02-19T15:59:37.9759441Z   fribidi                        1.0.10               h36c2ea0_0               conda-forge
2025-02-19T15:59:37.9759786Z   future                         1.0.0                pyhd8ed1ab_0             conda-forge
2025-02-19T15:59:37.9760147Z   gdk-pixbuf                     2.42.12              hb9ae30d_0               conda-forge
2025-02-19T15:59:37.9760527Z   giflib                         5.2.2                hd590300_0               conda-forge
2025-02-19T15:59:37.9761064Z   git-lfs                        3.5.1                ha770c72_0               conda-forge
2025-02-19T15:59:37.9761393Z   gmp                            6.3.0                h59595ed_1               conda-forge
2025-02-19T15:59:37.9761720Z   gmpy2                          2.1.5                py312h1d5cde6_1          conda-forge
2025-02-19T15:59:37.9762068Z   graphite2                      1.3.13               h59595ed_1003            conda-forge
2025-02-19T15:59:37.9762433Z   graphviz                       11.0.0               hc68bbd7_0               conda-forge
2025-02-19T15:59:37.9763049Z   gtk2                           2.24.33              h280cfa0_4               conda-forge
2025-02-19T15:59:37.9763386Z   gts                            0.7.6                h977cf35_4               conda-forge
2025-02-19T15:59:37.9763724Z   h11                            0.14.0               pyhd8ed1ab_0             conda-forge
2025-02-19T15:59:37.9764044Z   h2                             4.1.0                pyhd8ed1ab_0             conda-forge
2025-02-19T15:59:37.9764374Z   h5py                           3.11.0               nompi_py312hb7ab980_102  conda-forge
2025-02-19T15:59:37.9764723Z   harfbuzz                       8.5.0                hfac3d4d_0               conda-forge
2025-02-19T15:59:37.9765075Z   hdf5                           1.14.3               nompi_hdf9ad27_105       conda-forge
2025-02-19T15:59:37.9765412Z   hpack                          4.0.0                pyh9f0ad1d_0             conda-forge
2025-02-19T15:59:37.9765770Z   httpcore                       1.0.5                pyhd8ed1ab_0             conda-forge
2025-02-19T15:59:37.9766133Z   httpx                          0.27.0               pyhd8ed1ab_0             conda-forge
2025-02-19T15:59:37.9766496Z   hyperframe                     6.0.1                pyhd8ed1ab_0             conda-forge
2025-02-19T15:59:37.9766848Z   icu                            73.2                 h59595ed_0               conda-forge
2025-02-19T15:59:37.9767178Z   idna                           3.7                  pyhd8ed1ab_0             conda-forge
2025-02-19T15:59:37.9767547Z   imagesize                      1.4.1                pyhd8ed1ab_0             conda-forge
2025-02-19T15:59:37.9767962Z   importlib-metadata             7.1.0                pyha770c72_0             conda-forge
2025-02-19T15:59:37.9768387Z   importlib_metadata             7.1.0                hd8ed1ab_0               conda-forge
2025-02-19T15:59:37.9768804Z   importlib_resources            6.4.0                pyhd8ed1ab_0             conda-forge
2025-02-19T15:59:37.9769195Z   iniconfig                      2.0.0                pyhd8ed1ab_0             conda-forge
2025-02-19T15:59:37.9769557Z   ipykernel                      6.29.4               pyh3099207_0             conda-forge
2025-02-19T15:59:37.9770065Z   ipython                        8.25.0               pyh707e725_0             conda-forge
2025-02-19T15:59:37.9770440Z   ipython_genutils               0.2.0                pyhd8ed1ab_1             conda-forge
2025-02-19T15:59:37.9770833Z   ipywidgets                     7.8.0                pyhd8ed1ab_0             conda-forge
2025-02-19T15:59:37.9771206Z   isoduration                    20.11.0              pyhd8ed1ab_0             conda-forge
2025-02-19T15:59:37.9771570Z   jedi                           0.19.1               pyhd8ed1ab_0             conda-forge
2025-02-19T15:59:37.9771926Z   jinja2                         3.1.4                pyhd8ed1ab_0             conda-forge
2025-02-19T15:59:37.9772276Z   json5                          0.9.25               pyhd8ed1ab_0             conda-forge
2025-02-19T15:59:37.9772642Z   jsonpointer                    3.0.0                py312h7900ff3_0          conda-forge
2025-02-19T15:59:37.9773315Z   jsonschema                     4.22.0               pyhd8ed1ab_0             conda-forge
2025-02-19T15:59:37.9773762Z   jsonschema-specifications      2023.12.1            pyhd8ed1ab_0             conda-forge
2025-02-19T15:59:37.9774400Z   jsonschema-with-format-nongpl  4.22.0               pyhd8ed1ab_0             conda-forge
2025-02-19T15:59:37.9774842Z   jupyter-lsp                    2.2.5                pyhd8ed1ab_0             conda-forge
2025-02-19T15:59:37.9775223Z   jupyter_client                 8.6.2                pyhd8ed1ab_0             conda-forge
2025-02-19T15:59:37.9775600Z   jupyter_core                   5.7.2                py312h7900ff3_0          conda-forge
2025-02-19T15:59:37.9775991Z   jupyter_events                 0.10.0               pyhd8ed1ab_0             conda-forge
2025-02-19T15:59:37.9776374Z   jupyter_server                 2.14.1               pyhd8ed1ab_0             conda-forge
2025-02-19T15:59:37.9776785Z   jupyter_server_terminals       0.5.3                pyhd8ed1ab_0             conda-forge
2025-02-19T15:59:37.9777407Z   jupyterlab                     4.2.2                pyhd8ed1ab_0             conda-forge
2025-02-19T15:59:37.9778090Z   jupyterlab_pygments            0.3.0                pyhd8ed1ab_1             conda-forge
2025-02-19T15:59:37.9778605Z   jupyterlab_server              2.27.2               pyhd8ed1ab_0             conda-forge
2025-02-19T15:59:37.9779016Z   jupyterlab_widgets             1.1.7                pyhd8ed1ab_0             conda-forge
2025-02-19T15:59:37.9779398Z   keyutils                       1.6.1                h166bdaf_0               conda-forge
2025-02-19T15:59:37.9779761Z   kiwisolver                     1.4.5                py312h8572e83_1          conda-forge
2025-02-19T15:59:37.9780104Z   krb5                           1.21.2               h659d440_0               conda-forge
2025-02-19T15:59:37.9780452Z   latexcodec                     2.0.1                pyh9f0ad1d_0             conda-forge
2025-02-19T15:59:37.9780798Z   lcms2                          2.16                 hb7c19ff_0               conda-forge
2025-02-19T15:59:37.9781155Z   ld_impl_linux-64               2.40                 hf3520f5_7               conda-forge
2025-02-19T15:59:37.9781506Z   lerc                           4.0.0                h27087fc_0               conda-forge
2025-02-19T15:59:37.9781841Z   libaec                         1.1.3                h59595ed_0               conda-forge
2025-02-19T15:59:37.9782192Z   libblas                        3.9.0                22_linux64_openblas      conda-forge
2025-02-19T15:59:37.9782575Z   libbrotlicommon                1.1.0                hd590300_1               conda-forge
2025-02-19T15:59:37.9783122Z   libbrotlidec                   1.1.0                hd590300_1               conda-forge
2025-02-19T15:59:37.9783499Z   libbrotlienc                   1.1.0                hd590300_1               conda-forge
2025-02-19T15:59:37.9783867Z   libcblas                       3.9.0                22_linux64_openblas      conda-forge
2025-02-19T15:59:37.9784372Z   libcurl                        8.8.0                hca28451_0               conda-forge
2025-02-19T15:59:37.9784733Z   libdeflate                     1.20                 hd590300_0               conda-forge
2025-02-19T15:59:37.9785101Z   libedit                        3.1.20191231         he28a2e2_2               conda-forge
2025-02-19T15:59:37.9785445Z   libev                          4.33                 hd590300_2               conda-forge
2025-02-19T15:59:37.9785784Z   libexpat                       2.6.2                h59595ed_0               conda-forge
2025-02-19T15:59:37.9786137Z   libffi                         3.4.2                h7f98852_5               conda-forge
2025-02-19T15:59:37.9786481Z   libgcc-ng                      13.2.0               h77fa898_10              conda-forge
2025-02-19T15:59:37.9786821Z   libgd                          2.3.3                h119a65a_9               conda-forge
2025-02-19T15:59:37.9787184Z   libgfortran-ng                 13.2.0               h69a702a_10              conda-forge
2025-02-19T15:59:37.9787584Z   libgfortran5                   13.2.0               h3d2ce59_10              conda-forge
2025-02-19T15:59:37.9788065Z   libglib                        2.80.2               h8a4344b_1               conda-forge
2025-02-19T15:59:37.9788438Z   libgomp                        13.2.0               h77fa898_10              conda-forge
2025-02-19T15:59:37.9788793Z   libiconv                       1.17                 hd590300_2               conda-forge
2025-02-19T15:59:37.9789166Z   libjpeg-turbo                  3.0.0                hd590300_1               conda-forge
2025-02-19T15:59:37.9789546Z   liblapack                      3.9.0                22_linux64_openblas      conda-forge
2025-02-19T15:59:37.9789914Z   libllvm14                      14.0.6               hcd5def8_4               conda-forge
2025-02-19T15:59:37.9790286Z   libnghttp2                     1.58.0               h47da74e_1               conda-forge
2025-02-19T15:59:37.9790644Z   libnsl                         2.0.1                hd590300_0               conda-forge
2025-02-19T15:59:37.9791013Z   libopenblas                    0.3.27               pthreads_h413a1c8_0      conda-forge
2025-02-19T15:59:37.9791389Z   libpng                         1.6.43               h2797004_0               conda-forge
2025-02-19T15:59:37.9791734Z   librsvg                        2.58.1               hadf69e7_0               conda-forge
2025-02-19T15:59:37.9792101Z   libsodium                      1.0.18               h36c2ea0_1               conda-forge
2025-02-19T15:59:37.9792464Z   libsqlite                      3.46.0               hde9e2c9_0               conda-forge
2025-02-19T15:59:37.9792982Z   libssh2                        1.11.0               h0841786_0               conda-forge
2025-02-19T15:59:37.9793348Z   libstdcxx-ng                   13.2.0               hc0a3c3a_10              conda-forge
2025-02-19T15:59:37.9793710Z   libtiff                        4.6.0                h1dd3fc0_3               conda-forge
2025-02-19T15:59:37.9794074Z   libuuid                        2.38.1               h0b41bf4_0               conda-forge
2025-02-19T15:59:37.9794425Z   libwebp                        1.4.0                h2c329e2_0               conda-forge
2025-02-19T15:59:37.9794791Z   libwebp-base                   1.4.0                hd590300_0               conda-forge
2025-02-19T15:59:37.9795144Z   libxcb                         1.15                 h0b41bf4_0               conda-forge
2025-02-19T15:59:37.9795489Z   libxcrypt                      4.4.36               hd590300_1               conda-forge
2025-02-19T15:59:37.9795844Z   libxml2                        2.12.7               hc051c1a_1               conda-forge
2025-02-19T15:59:37.9796191Z   libxslt                        1.1.39               h76b75d6_0               conda-forge
2025-02-19T15:59:37.9796532Z   libzlib                        1.3.1                h4ab18f5_1               conda-forge
2025-02-19T15:59:37.9797029Z   llvmlite                       0.42.0               py312hb06c811_1          conda-forge
2025-02-19T15:59:37.9797377Z   lxml                           5.2.2                py312hb90d8a5_0          conda-forge
2025-02-19T15:59:37.9797706Z   lz4-c                          1.9.4                hcb278e6_0               conda-forge
2025-02-19T15:59:37.9798024Z   lzo                            2.10                 hd590300_1001            conda-forge
2025-02-19T15:59:37.9798369Z   markupsafe                     2.1.5                py312h98912ed_0          conda-forge
2025-02-19T15:59:37.9798763Z   matplotlib-base                3.8.4                py312h20ab3a6_2          conda-forge
2025-02-19T15:59:37.9799168Z   matplotlib-inline              0.1.7                pyhd8ed1ab_0             conda-forge
2025-02-19T15:59:37.9799555Z   mistune                        3.0.2                pyhd8ed1ab_0             conda-forge
2025-02-19T15:59:37.9799889Z   mpc                            1.3.1                hfe3b2da_0               conda-forge
2025-02-19T15:59:37.9800218Z   mpfr                           4.2.1                h9458935_1               conda-forge
2025-02-19T15:59:37.9800667Z   mpmath                         1.3.0                pyhd8ed1ab_0             conda-forge
2025-02-19T15:59:37.9801010Z   munkres                        1.1.4                pyh9f0ad1d_0             conda-forge
2025-02-19T15:59:37.9801376Z   mypy_extensions                1.0.0                pyha770c72_0             conda-forge
2025-02-19T15:59:37.9801752Z   nbclassic                      1.1.0                pyhd8ed1ab_0             conda-forge
2025-02-19T15:59:37.9802114Z   nbclient                       0.10.0               pyhd8ed1ab_0             conda-forge
2025-02-19T15:59:37.9802474Z   nbconvert                      7.16.4               hd8ed1ab_1               conda-forge
2025-02-19T15:59:37.9803056Z   nbconvert-core                 7.16.4               pyhd8ed1ab_1             conda-forge
2025-02-19T15:59:37.9803457Z   nbconvert-pandoc               7.16.4               hd8ed1ab_1               conda-forge
2025-02-19T15:59:37.9803856Z   nbformat                       5.10.4               pyhd8ed1ab_0             conda-forge
2025-02-19T15:59:37.9804212Z   nbsphinx                       0.9.4                pyhd8ed1ab_0             conda-forge
2025-02-19T15:59:37.9804570Z   ncurses                        6.5                  h59595ed_0               conda-forge
2025-02-19T15:59:37.9804930Z   nest-asyncio                   1.6.0                pyhd8ed1ab_0             conda-forge
2025-02-19T15:59:37.9805304Z   networkx                       3.3                  pyhd8ed1ab_1             conda-forge
2025-02-19T15:59:37.9805647Z   nomkl                          1.0                  h5ca1d4c_0               conda-forge
2025-02-19T15:59:37.9805994Z   notebook                       7.2.1                pyhd8ed1ab_0             conda-forge
2025-02-19T15:59:37.9806370Z   notebook-shim                  0.2.4                pyhd8ed1ab_0             conda-forge
2025-02-19T15:59:37.9806733Z   numba                          0.59.1               py312hacefee8_0          conda-forge
2025-02-19T15:59:37.9807078Z   numexpr                        2.10.0               py312hf412c99_100        conda-forge
2025-02-19T15:59:37.9807424Z   numpy                          1.26.4               py312heda63a1_0          conda-forge
2025-02-19T15:59:37.9807776Z   numpydoc                       1.7.0                pyhd8ed1ab_1             conda-forge
2025-02-19T15:59:37.9808132Z   openjpeg                       2.5.2                h488ebb8_0               conda-forge
2025-02-19T15:59:37.9808475Z   openssl                        3.3.1                h4ab18f5_0               conda-forge
2025-02-19T15:59:37.9808824Z   overrides                      7.7.0                pyhd8ed1ab_0             conda-forge
2025-02-19T15:59:37.9809189Z   packaging                      24.1                 pyhd8ed1ab_0             conda-forge
2025-02-19T15:59:37.9809543Z   pandas                         2.2.2                py312h1d6d2e6_1          conda-forge
2025-02-19T15:59:37.9810070Z   pandoc                         3.2                  ha770c72_0               conda-forge
2025-02-19T15:59:37.9810444Z   pandocfilters                  1.5.0                pyhd8ed1ab_0             conda-forge
2025-02-19T15:59:37.9810820Z   pango                          1.54.0               h84a9a3c_0               conda-forge
2025-02-19T15:59:37.9811154Z   parso                          0.8.4                pyhd8ed1ab_0             conda-forge
2025-02-19T15:59:37.9811503Z   pathspec                       0.12.1               pyhd8ed1ab_0             conda-forge
2025-02-19T15:59:37.9811851Z   pbr                            6.0.0                pyhd8ed1ab_0             conda-forge
2025-02-19T15:59:37.9812177Z   pcre2                          10.44                h0f59acf_0               conda-forge
2025-02-19T15:59:37.9812521Z   pexpect                        4.9.0                pyhd8ed1ab_0             conda-forge
2025-02-19T15:59:37.9813062Z   pickleshare                    0.7.5                py_1003                  conda-forge
2025-02-19T15:59:37.9813427Z   pillow                         10.3.0               py312hdcec9eb_0          conda-forge
2025-02-19T15:59:37.9813905Z   pip                            24.0                 pyhd8ed1ab_0             conda-forge
2025-02-19T15:59:37.9814240Z   pixman                         0.43.2               h59595ed_0               conda-forge
2025-02-19T15:59:37.9814633Z   pkgutil-resolve-name           1.3.10               pyhd8ed1ab_1             conda-forge
2025-02-19T15:59:37.9815047Z   platformdirs                   4.2.2                pyhd8ed1ab_0             conda-forge
2025-02-19T15:59:37.9815413Z   plotly                         5.22.0               pyhd8ed1ab_0             conda-forge
2025-02-19T15:59:37.9815757Z   pluggy                         1.5.0                pyhd8ed1ab_0             conda-forge
2025-02-19T15:59:37.9816134Z   prometheus_client              0.20.0               pyhd8ed1ab_0             conda-forge
2025-02-19T15:59:37.9816547Z   prompt-toolkit                 3.0.47               pyha770c72_0             conda-forge
2025-02-19T15:59:37.9816924Z   psutil                         5.9.8                py312h98912ed_0          conda-forge
2025-02-19T15:59:37.9817285Z   pthread-stubs                  0.4                  h36c2ea0_1001            conda-forge
2025-02-19T15:59:37.9817661Z   ptyprocess                     0.7.0                pyhd3deb0d_0             conda-forge
2025-02-19T15:59:37.9818020Z   pure_eval                      0.2.2                pyhd8ed1ab_0             conda-forge
2025-02-19T15:59:37.9818376Z   py-cpuinfo                     9.0.0                pyhd8ed1ab_0             conda-forge
2025-02-19T15:59:37.9818729Z   pybtex                         0.24.0               pyhd8ed1ab_2             conda-forge
2025-02-19T15:59:37.9819101Z   pybtex-docutils                1.0.3                py312h7900ff3_1          conda-forge
2025-02-19T15:59:37.9819499Z   pycparser                      2.22                 pyhd8ed1ab_0             conda-forge
2025-02-19T15:59:37.9819857Z   pyerfa                         2.0.1.4              py312h085067d_1          conda-forge
2025-02-19T15:59:37.9820214Z   pygments                       2.18.0               pyhd8ed1ab_0             conda-forge
2025-02-19T15:59:37.9820576Z   pygraphviz                     1.13                 py312h4a1d8a7_1          conda-forge
2025-02-19T15:59:37.9820944Z   pyparsing                      3.1.2                pyhd8ed1ab_0             conda-forge
2025-02-19T15:59:37.9821299Z   pysocks                        1.7.1                pyha2e5f31_6             conda-forge
2025-02-19T15:59:37.9821653Z   pytables                       3.9.2                py312h96d95ec_2          conda-forge
2025-02-19T15:59:37.9822003Z   pytest                         8.2.2                pyhd8ed1ab_0             conda-forge
2025-02-19T15:59:37.9822367Z   pytest-cov                     5.0.0                pyhd8ed1ab_0             conda-forge
2025-02-19T15:59:37.9823058Z   pytest-doctestplus             1.2.1                pyhd8ed1ab_0             conda-forge
2025-02-19T15:59:37.9823460Z   pytest-html                    4.1.1                pyhd8ed1ab_0             conda-forge
2025-02-19T15:59:37.9823847Z   pytest-metadata                3.1.1                pyhd8ed1ab_0             conda-forge
2025-02-19T15:59:37.9824221Z   python                         3.12.4               h194c7f8_0_cpython       conda-forge
2025-02-19T15:59:37.9824592Z   python-dateutil                2.9.0                pyhd8ed1ab_0             conda-forge
2025-02-19T15:59:37.9825011Z   python-fastjsonschema          2.20.0               pyhd8ed1ab_0             conda-forge
2025-02-19T15:59:37.9825441Z   python-json-logger             2.0.7                pyhd8ed1ab_0             conda-forge
2025-02-19T15:59:37.9825849Z   python-tzdata                  2024.1               pyhd8ed1ab_0             conda-forge
2025-02-19T15:59:37.9826238Z   python_abi                     3.12                 4_cp312                  conda-forge
2025-02-19T15:59:37.9826587Z   pytz                           2024.1               pyhd8ed1ab_0             conda-forge
2025-02-19T15:59:37.9827062Z   pyyaml                         6.0.1                py312h98912ed_1          conda-forge
2025-02-19T15:59:37.9827399Z   pyzmq                          26.0.3               py312h8fd38d8_0          conda-forge
2025-02-19T15:59:37.9827734Z   qgrid                          1.3.1                pyhd8ed1ab_4             conda-forge
2025-02-19T15:59:37.9828111Z   radioactivedecay               0.5.1                pyhd8ed1ab_0             conda-forge
2025-02-19T15:59:37.9828491Z   readline                       8.2                  h8228510_1               conda-forge
2025-02-19T15:59:37.9828853Z   recommonmark                   0.7.1                pyhd8ed1ab_0             conda-forge
2025-02-19T15:59:37.9829232Z   referencing                    0.35.1               pyhd8ed1ab_0             conda-forge
2025-02-19T15:59:37.9829602Z   requests                       2.32.3               pyhd8ed1ab_0             conda-forge
2025-02-19T15:59:37.9829985Z   rfc3339-validator              0.1.4                pyhd8ed1ab_0             conda-forge
2025-02-19T15:59:37.9830422Z   rfc3986-validator              0.1.1                pyh9f0ad1d_0             conda-forge
2025-02-19T15:59:37.9830797Z   rpds-py                        0.18.1               py312h4413252_0          conda-forge
2025-02-19T15:59:37.9831130Z   ruff                           0.4.9                py312h5715c7c_0          conda-forge
2025-02-19T15:59:37.9831460Z   scipy                          1.13.1               py312hc2bc53b_0          conda-forge
2025-02-19T15:59:37.9831820Z   send2trash                     1.8.3                pyh0d859eb_0             conda-forge
2025-02-19T15:59:37.9832195Z   setuptools                     70.0.0               pyhd8ed1ab_0             conda-forge
2025-02-19T15:59:37.9832578Z   setuptools-scm                 8.1.0                pyhd8ed1ab_0             conda-forge
2025-02-19T15:59:37.9833116Z   setuptools_scm                 8.1.0                hd8ed1ab_0               conda-forge
2025-02-19T15:59:37.9833470Z   six                            1.16.0               pyh6c4a22f_0             conda-forge
2025-02-19T15:59:37.9833806Z   snakeviz                       2.2.0                pyhd8ed1ab_0             conda-forge
2025-02-19T15:59:37.9834152Z   snappy                         1.2.0                hdb0a2a9_1               conda-forge
2025-02-19T15:59:37.9834495Z   sniffio                        1.3.1                pyhd8ed1ab_0             conda-forge
2025-02-19T15:59:37.9834868Z   snowballstemmer                2.2.0                pyhd8ed1ab_0             conda-forge
2025-02-19T15:59:37.9835247Z   soupsieve                      2.5                  pyhd8ed1ab_1             conda-forge
2025-02-19T15:59:37.9835600Z   sphinx                         7.3.7                pyhd8ed1ab_0             conda-forge
2025-02-19T15:59:37.9836103Z   sphinx-astropy                 1.9.1                pyhd8ed1ab_0             conda-forge
2025-02-19T15:59:37.9836512Z   sphinx-automodapi              0.17.0               pyh717bed2_1             conda-forge
2025-02-19T15:59:37.9836917Z   sphinx-gallery                 0.16.0               pyhd8ed1ab_0             conda-forge
2025-02-19T15:59:37.9837315Z   sphinx-jsonschema              1.19.1               pyhd8ed1ab_0             conda-forge
2025-02-19T15:59:37.9837732Z   sphinx_bootstrap_theme         0.8.1                pyhd8ed1ab_0             conda-forge
2025-02-19T15:59:37.9838137Z   sphinx_rtd_theme               2.0.0                pyha770c72_0             conda-forge
2025-02-19T15:59:37.9838544Z   sphinxcontrib-apidoc           0.3.0                py_1                     conda-forge
2025-02-19T15:59:37.9838989Z   sphinxcontrib-applehelp        1.0.8                pyhd8ed1ab_0             conda-forge
2025-02-19T15:59:37.9839438Z   sphinxcontrib-bibtex           2.6.2                pyhd8ed1ab_0             conda-forge
2025-02-19T15:59:37.9839875Z   sphinxcontrib-devhelp          1.0.6                pyhd8ed1ab_0             conda-forge
2025-02-19T15:59:37.9840434Z   sphinxcontrib-htmlhelp         2.0.5                pyhd8ed1ab_0             conda-forge
2025-02-19T15:59:37.9840871Z   sphinxcontrib-jquery           4.1                  pyhd8ed1ab_0             conda-forge
2025-02-19T15:59:37.9841398Z   sphinxcontrib-jsmath           1.0.1                pyhd8ed1ab_0             conda-forge
2025-02-19T15:59:37.9842182Z   sphinxcontrib-qthelp           1.0.7                pyhd8ed1ab_0             conda-forge
2025-02-19T15:59:37.9843144Z   sphinxcontrib-serializinghtml  1.1.10               pyhd8ed1ab_0             conda-forge
2025-02-19T15:59:37.9843905Z   stack_data                     0.6.2                pyhd8ed1ab_0             conda-forge
2025-02-19T15:59:37.9844270Z   sympy                          1.12.1               pypyh2585a3b_103         conda-forge
2025-02-19T15:59:37.9844631Z   tabulate                       0.9.0                pyhd8ed1ab_1             conda-forge
2025-02-19T15:59:37.9844991Z   tenacity                       8.4.1                pyhd8ed1ab_0             conda-forge
2025-02-19T15:59:37.9845351Z   terminado                      0.18.1               pyh0d859eb_0             conda-forge
2025-02-19T15:59:37.9845719Z   tinycss2                       1.3.0                pyhd8ed1ab_0             conda-forge
2025-02-19T15:59:37.9846058Z   tk                             8.6.13               noxft_h4845f30_101       conda-forge
2025-02-19T15:59:37.9846387Z   toml                           0.10.2               pyhd8ed1ab_0             conda-forge
2025-02-19T15:59:37.9846725Z   tomli                          2.0.1                pyhd8ed1ab_0             conda-forge
2025-02-19T15:59:37.9847078Z   tornado                        6.4.1                py312h9a8786e_0          conda-forge
2025-02-19T15:59:37.9847433Z   tqdm                           4.66.4               pyhd8ed1ab_0             conda-forge
2025-02-19T15:59:37.9847783Z   traitlets                      5.14.3               pyhd8ed1ab_0             conda-forge
2025-02-19T15:59:37.9848150Z   typed-ast                      1.5.5                py312h98912ed_1          conda-forge
2025-02-19T15:59:37.9848564Z   types-python-dateutil          2.9.0.20240316       pyhd8ed1ab_0             conda-forge
2025-02-19T15:59:37.9849008Z   typing-extensions              4.12.2               hd8ed1ab_0               conda-forge
2025-02-19T15:59:37.9849421Z   typing_extensions              4.12.2               pyha770c72_0             conda-forge
2025-02-19T15:59:37.9849814Z   typing_utils                   0.1.0                pyhd8ed1ab_0             conda-forge
2025-02-19T15:59:37.9850183Z   tzdata                         2024a                h0c530f3_0               conda-forge
2025-02-19T15:59:37.9850562Z   uri-template                   1.3.0                pyhd8ed1ab_0             conda-forge
2025-02-19T15:59:37.9851086Z   urllib3                        2.2.2                pyhd8ed1ab_0             conda-forge
2025-02-19T15:59:37.9851448Z   wcwidth                        0.2.13               pyhd8ed1ab_0             conda-forge
2025-02-19T15:59:37.9851810Z   webcolors                      24.6.0               pyhd8ed1ab_0             conda-forge
2025-02-19T15:59:37.9852187Z   webencodings                   0.5.1                pyhd8ed1ab_2             conda-forge
2025-02-19T15:59:37.9852592Z   websocket-client               1.8.0                pyhd8ed1ab_0             conda-forge
2025-02-19T15:59:37.9853290Z   wheel                          0.43.0               pyhd8ed1ab_1             conda-forge
2025-02-19T15:59:37.9853692Z   widgetsnbextension             3.6.6                pyhd8ed1ab_0             conda-forge
2025-02-19T15:59:37.9854093Z   xorg-kbproto                   1.0.7                h7f98852_1002            conda-forge
2025-02-19T15:59:37.9854462Z   xorg-libice                    1.1.1                hd590300_0               conda-forge
2025-02-19T15:59:37.9854828Z   xorg-libsm                     1.2.4                h7391055_0               conda-forge
2025-02-19T15:59:37.9855354Z   xorg-libx11                    1.8.9                h8ee46fc_0               conda-forge
2025-02-19T15:59:37.9855721Z   xorg-libxau                    1.0.11               hd590300_0               conda-forge
2025-02-19T15:59:37.9856099Z   xorg-libxdmcp                  1.1.3                h7f98852_0               conda-forge
2025-02-19T15:59:37.9856469Z   xorg-libxext                   1.3.4                h0b41bf4_2               conda-forge
2025-02-19T15:59:37.9856854Z   xorg-libxrender                0.9.11               hd590300_0               conda-forge
2025-02-19T15:59:37.9857249Z   xorg-renderproto               0.11.1               h7f98852_1002            conda-forge
2025-02-19T15:59:37.9857644Z   xorg-xextproto                 7.3.0                h0b41bf4_1003            conda-forge
2025-02-19T15:59:37.9858027Z   xorg-xproto                    7.0.31               h7f98852_1007            conda-forge
2025-02-19T15:59:37.9858363Z   xz                             5.2.6                h166bdaf_0               conda-forge
2025-02-19T15:59:37.9858683Z   yaml                           0.2.5                h7f98852_2               conda-forge
2025-02-19T15:59:37.9859018Z   zeromq                         4.3.5                h75354e8_4               conda-forge
2025-02-19T15:59:37.9859361Z   zipp                           3.19.2               pyhd8ed1ab_0             conda-forge
2025-02-19T15:59:37.9859688Z   zlib                           1.3.1                h4ab18f5_1               conda-forge
2025-02-19T15:59:37.9860019Z   zlib-ng                        2.0.7                h0b41bf4_0               conda-forge
2025-02-19T15:59:37.9860348Z   zstd                           1.5.6                ha6fb4c9_0               conda-forge
2025-02-19T15:59:37.9860874Z ##[endgroup]
