2025-02-24T21:39:52.9494141Z Requested labels: macos-latest
2025-02-24T21:39:52.9494463Z Job defined at: tardis-sn/tardis/.github/workflows/tests.yml@refs/pull/2992/merge
2025-02-24T21:39:52.9494607Z Waiting for a runner to pick up this job...
2025-02-24T21:39:53.1118398Z Job is waiting for a hosted runner to come online.
2025-02-24T21:39:56.8394886Z Job is about to start running on the hosted runner: GitHub Actions 1 (hosted)
2025-02-24T21:39:58.2974560Z Current runner version: '2.322.0'
2025-02-24T21:39:58.2993960Z ##[group]Operating System
2025-02-24T21:39:58.2994510Z macOS
2025-02-24T21:39:58.2994820Z 14.7.2
2025-02-24T21:39:58.2995120Z 23H311
2025-02-24T21:39:58.2995420Z ##[endgroup]
2025-02-24T21:39:58.2995740Z ##[group]Runner Image
2025-02-24T21:39:58.2996080Z Image: macos-14-arm64
2025-02-24T21:39:58.2996410Z Version: 20250120.774
2025-02-24T21:39:58.2997110Z Included Software: https://github.com/actions/runner-images/blob/macos-14-arm64/20250120.774/images/macos/macos-14-arm64-Readme.md
2025-02-24T21:39:58.2998060Z Image Release: https://github.com/actions/runner-images/releases/tag/macos-14-arm64%2F20250120.774
2025-02-24T21:39:58.2998650Z ##[endgroup]
2025-02-24T21:39:58.2998980Z ##[group]Runner Image Provisioner
2025-02-24T21:39:58.2999390Z 2.0.422.1+55c30c14fe2a0a1547db1b656933ae07d97649a9
2025-02-24T21:39:58.2999800Z ##[endgroup]
2025-02-24T21:39:58.3001210Z ##[group]GITHUB_TOKEN Permissions
2025-02-24T21:39:58.3002520Z Actions: read
2025-02-24T21:39:58.3002870Z Attestations: read
2025-02-24T21:39:58.3003190Z Checks: read
2025-02-24T21:39:58.3003490Z Contents: read
2025-02-24T21:39:58.3003800Z Deployments: read
2025-02-24T21:39:58.3004120Z Discussions: read
2025-02-24T21:39:58.3004430Z Issues: read
2025-02-24T21:39:58.3004730Z Metadata: read
2025-02-24T21:39:58.3006500Z Packages: read
2025-02-24T21:39:58.3006810Z Pages: read
2025-02-24T21:39:58.3007120Z PullRequests: read
2025-02-24T21:39:58.3007450Z RepositoryProjects: read
2025-02-24T21:39:58.3007800Z SecurityEvents: read
2025-02-24T21:39:58.3008130Z Statuses: read
2025-02-24T21:39:58.3008450Z ##[endgroup]
2025-02-24T21:39:58.3010690Z Secret source: None
2025-02-24T21:39:58.3011190Z Prepare workflow directory
2025-02-24T21:39:58.3373050Z Prepare all required actions
2025-02-24T21:39:58.3399620Z Getting action download info
2025-02-24T21:39:58.5214340Z ##[group]Download immutable action package 'actions/checkout@v4'
2025-02-24T21:39:58.5215120Z Version: 4.2.2
2025-02-24T21:39:58.5215760Z Digest: sha256:ccb2698953eaebd21c7bf6268a94f9c26518a7e38e27e0b83c1fe1ad049819b1
2025-02-24T21:39:58.5216500Z Source commit SHA: 11bd71901bbe5b1630ceea73d27597364c9af683
2025-02-24T21:39:58.5216940Z ##[endgroup]
2025-02-24T21:39:58.9135030Z ##[group]Download immutable action package 'actions/upload-artifact@v4'
2025-02-24T21:39:58.9135620Z Version: 4.6.1
2025-02-24T21:39:58.9136120Z Digest: sha256:3f6a28e7a1e0b5c8e2249e28da121a049fa5b91863b04390a46a82e4f8e2da98
2025-02-24T21:39:58.9136750Z Source commit SHA: 4cec3d8aa04e39d1a68397de0c4cd6fb9dce8ec1
2025-02-24T21:39:58.9137240Z ##[endgroup]
2025-02-24T21:39:59.6384060Z Complete job name:  continuum macos-latest 
2025-02-24T21:39:59.6885240Z ##[group]Run actions/checkout@v4
2025-02-24T21:39:59.6886000Z with:
2025-02-24T21:39:59.6886310Z   repository: tardis-sn/tardis
2025-02-24T21:39:59.6886870Z   token: ***
2025-02-24T21:39:59.6887150Z   ssh-strict: true
2025-02-24T21:39:59.6887440Z   ssh-user: git
2025-02-24T21:39:59.6887740Z   persist-credentials: true
2025-02-24T21:39:59.6888090Z   clean: true
2025-02-24T21:39:59.6888390Z   sparse-checkout-cone-mode: true
2025-02-24T21:39:59.6888750Z   fetch-depth: 1
2025-02-24T21:39:59.6889050Z   fetch-tags: false
2025-02-24T21:39:59.6889350Z   show-progress: true
2025-02-24T21:39:59.6889660Z   lfs: false
2025-02-24T21:39:59.6889950Z   submodules: false
2025-02-24T21:39:59.6890260Z   set-safe-directory: true
2025-02-24T21:39:59.6890880Z env:
2025-02-24T21:39:59.6891160Z   CACHE_NUMBER: 0
2025-02-24T21:39:59.6891970Z   PYTEST_FLAGS: --tardis-regression-data=/Users/runner/work/tardis/tardis/tardis-regression-data --cov=tardis --cov-report=xml --cov-report=html --cov-append
2025-02-24T21:39:59.6892850Z   CODECOV_TOKEN: 
2025-02-24T21:39:59.6893150Z ##[endgroup]
2025-02-24T21:40:00.1827430Z Syncing repository: tardis-sn/tardis
2025-02-24T21:40:00.1829270Z ##[group]Getting Git version info
2025-02-24T21:40:00.1829800Z Working directory is '/Users/runner/work/tardis/tardis'
2025-02-24T21:40:00.1835310Z [command]/opt/homebrew/bin/git version
2025-02-24T21:40:00.2524730Z git version 2.48.1
2025-02-24T21:40:00.2564510Z ##[endgroup]
2025-02-24T21:40:00.2572850Z Copying '/Users/runner/.gitconfig' to '/Users/runner/work/_temp/3779f900-a04f-44c5-84c3-81946744353d/.gitconfig'
2025-02-24T21:40:00.2587730Z Temporarily overriding HOME='/Users/runner/work/_temp/3779f900-a04f-44c5-84c3-81946744353d' before making global git config changes
2025-02-24T21:40:00.2590650Z Adding repository directory to the temporary git global config as a safe directory
2025-02-24T21:40:00.2592910Z [command]/opt/homebrew/bin/git config --global --add safe.directory /Users/runner/work/tardis/tardis
2025-02-24T21:40:00.2722060Z Deleting the contents of '/Users/runner/work/tardis/tardis'
2025-02-24T21:40:00.2730090Z ##[group]Initializing the repository
2025-02-24T21:40:00.2740430Z [command]/opt/homebrew/bin/git init /Users/runner/work/tardis/tardis
2025-02-24T21:40:00.2969970Z hint: Using 'master' as the name for the initial branch. This default branch name
2025-02-24T21:40:00.2977080Z hint: is subject to change. To configure the initial branch name to use in all
2025-02-24T21:40:00.2977850Z hint: of your new repositories, which will suppress this warning, call:
2025-02-24T21:40:00.2978530Z hint:
2025-02-24T21:40:00.2979210Z hint: 	git config --global init.defaultBranch <name>
2025-02-24T21:40:00.2979730Z hint:
2025-02-24T21:40:00.2980290Z hint: Names commonly chosen instead of 'master' are 'main', 'trunk' and
2025-02-24T21:40:00.2980990Z hint: 'development'. The just-created branch can be renamed via this command:
2025-02-24T21:40:00.2981590Z hint:
2025-02-24T21:40:00.2981960Z hint: 	git branch -m <name>
2025-02-24T21:40:00.2982510Z Initialized empty Git repository in /Users/runner/work/tardis/tardis/.git/
2025-02-24T21:40:00.2992940Z [command]/opt/homebrew/bin/git remote add origin https://github.com/tardis-sn/tardis
2025-02-24T21:40:00.3083840Z ##[endgroup]
2025-02-24T21:40:00.3086670Z ##[group]Disabling automatic garbage collection
2025-02-24T21:40:00.3087570Z [command]/opt/homebrew/bin/git config --local gc.auto 0
2025-02-24T21:40:00.3157000Z ##[endgroup]
2025-02-24T21:40:00.3158950Z ##[group]Setting up auth
2025-02-24T21:40:00.3160810Z [command]/opt/homebrew/bin/git config --local --name-only --get-regexp core\.sshCommand
2025-02-24T21:40:00.3237160Z [command]/opt/homebrew/bin/git submodule foreach --recursive sh -c "git config --local --name-only --get-regexp 'core\.sshCommand' && git config --local --unset-all 'core.sshCommand' || :"
2025-02-24T21:40:00.4450520Z [command]/opt/homebrew/bin/git config --local --name-only --get-regexp http\.https\:\/\/github\.com\/\.extraheader
2025-02-24T21:40:00.4500730Z [command]/opt/homebrew/bin/git submodule foreach --recursive sh -c "git config --local --name-only --get-regexp 'http\.https\:\/\/github\.com\/\.extraheader' && git config --local --unset-all 'http.https://github.com/.extraheader' || :"
2025-02-24T21:40:00.5285040Z [command]/opt/homebrew/bin/git config --local http.https://github.com/.extraheader AUTHORIZATION: basic ***
2025-02-24T21:40:00.5435020Z ##[endgroup]
2025-02-24T21:40:00.5435750Z ##[group]Fetching the repository
2025-02-24T21:40:00.5445040Z [command]/opt/homebrew/bin/git -c protocol.version=2 fetch --no-tags --prune --no-recurse-submodules --depth=1 origin +89547fbfde45c5efd2d9a67042a688afc8ec8a45:refs/remotes/pull/2992/merge
2025-02-24T21:40:02.7347680Z From https://github.com/tardis-sn/tardis
2025-02-24T21:40:02.7348870Z  * [new ref]         89547fbfde45c5efd2d9a67042a688afc8ec8a45 -> pull/2992/merge
2025-02-24T21:40:02.7412460Z ##[endgroup]
2025-02-24T21:40:02.7436390Z ##[group]Determining the checkout info
2025-02-24T21:40:02.7438660Z ##[endgroup]
2025-02-24T21:40:02.7440440Z [command]/opt/homebrew/bin/git sparse-checkout disable
2025-02-24T21:40:02.7514580Z [command]/opt/homebrew/bin/git config --local --unset-all extensions.worktreeConfig
2025-02-24T21:40:02.7574630Z ##[group]Checking out the ref
2025-02-24T21:40:02.7576760Z [command]/opt/homebrew/bin/git checkout --progress --force refs/remotes/pull/2992/merge
2025-02-24T21:40:03.0951040Z HEAD is now at 89547fb Merge 4b8e818d38a0c0e4f0dc0c1279e279af5ff94453 into e0297c6a3e05bd816fe46385781e9e7d16bc6238
2025-02-24T21:40:03.0985450Z ##[endgroup]
2025-02-24T21:40:03.1156490Z [command]/opt/homebrew/bin/git log -1 --format=%H
2025-02-24T21:40:03.1216000Z 89547fbfde45c5efd2d9a67042a688afc8ec8a45
2025-02-24T21:40:03.1549590Z Prepare all required actions
2025-02-24T21:40:03.1550670Z Getting action download info
2025-02-24T21:40:03.3521550Z ##[group]Download immutable action package 'actions/cache@v4'
2025-02-24T21:40:03.3522590Z Version: 4.2.1
2025-02-24T21:40:03.3523830Z Digest: sha256:b0404c9628d43aa6855629075b28f32cadf8efc5c26198438149f78500112940
2025-02-24T21:40:03.3525080Z Source commit SHA: 0c907a75c2c80ebcb7f088228285e798b750cf8f
2025-02-24T21:40:03.3526050Z ##[endgroup]
2025-02-24T21:40:03.9641840Z ##[group]Run ./.github/actions/setup_lfs
2025-02-24T21:40:03.9642200Z with:
2025-02-24T21:40:03.9642500Z   regression-data-repo: tardis-sn/tardis-regression-data
2025-02-24T21:40:03.9642890Z   atom-data-sparse: false
2025-02-24T21:40:03.9643150Z env:
2025-02-24T21:40:03.9643370Z   CACHE_NUMBER: 0
2025-02-24T21:40:03.9644030Z   PYTEST_FLAGS: --tardis-regression-data=/Users/runner/work/tardis/tardis/tardis-regression-data --cov=tardis --cov-report=xml --cov-report=html --cov-append
2025-02-24T21:40:03.9644730Z   CODECOV_TOKEN: 
2025-02-24T21:40:03.9644970Z ##[endgroup]
2025-02-24T21:40:03.9763140Z ##[group]Run actions/checkout@v4
2025-02-24T21:40:03.9763460Z with:
2025-02-24T21:40:03.9763720Z   repository: tardis-sn/tardis-regression-data
2025-02-24T21:40:03.9764030Z   path: tardis-regression-data
2025-02-24T21:40:03.9764290Z   lfs: false
2025-02-24T21:40:03.9764620Z   token: ***
2025-02-24T21:40:03.9764830Z   ssh-strict: true
2025-02-24T21:40:03.9765060Z   ssh-user: git
2025-02-24T21:40:03.9765300Z   persist-credentials: true
2025-02-24T21:40:03.9765560Z   clean: true
2025-02-24T21:40:03.9765820Z   sparse-checkout-cone-mode: true
2025-02-24T21:40:03.9766110Z   fetch-depth: 1
2025-02-24T21:40:03.9766380Z   fetch-tags: false
2025-02-24T21:40:03.9766630Z   show-progress: true
2025-02-24T21:40:03.9766890Z   submodules: false
2025-02-24T21:40:03.9767150Z   set-safe-directory: true
2025-02-24T21:40:03.9767420Z env:
2025-02-24T21:40:03.9767640Z   CACHE_NUMBER: 0
2025-02-24T21:40:03.9768340Z   PYTEST_FLAGS: --tardis-regression-data=/Users/runner/work/tardis/tardis/tardis-regression-data --cov=tardis --cov-report=xml --cov-report=html --cov-append
2025-02-24T21:40:03.9769010Z   CODECOV_TOKEN: 
2025-02-24T21:40:03.9769250Z ##[endgroup]
2025-02-24T21:40:04.1066950Z Syncing repository: tardis-sn/tardis-regression-data
2025-02-24T21:40:04.1067680Z ##[group]Getting Git version info
2025-02-24T21:40:04.1068270Z Working directory is '/Users/runner/work/tardis/tardis/tardis-regression-data'
2025-02-24T21:40:04.1076430Z [command]/opt/homebrew/bin/git version
2025-02-24T21:40:04.1153500Z git version 2.48.1
2025-02-24T21:40:04.1168750Z ##[endgroup]
2025-02-24T21:40:04.1175830Z Copying '/Users/runner/.gitconfig' to '/Users/runner/work/_temp/f099e1d6-072a-4e8a-a605-561962d0acaa/.gitconfig'
2025-02-24T21:40:04.1185260Z Temporarily overriding HOME='/Users/runner/work/_temp/f099e1d6-072a-4e8a-a605-561962d0acaa' before making global git config changes
2025-02-24T21:40:04.1187770Z Adding repository directory to the temporary git global config as a safe directory
2025-02-24T21:40:04.1190070Z [command]/opt/homebrew/bin/git config --global --add safe.directory /Users/runner/work/tardis/tardis/tardis-regression-data
2025-02-24T21:40:04.1247910Z ##[group]Initializing the repository
2025-02-24T21:40:04.1258450Z [command]/opt/homebrew/bin/git init /Users/runner/work/tardis/tardis/tardis-regression-data
2025-02-24T21:40:04.1372350Z hint: Using 'master' as the name for the initial branch. This default branch name
2025-02-24T21:40:04.1373280Z hint: is subject to change. To configure the initial branch name to use in all
2025-02-24T21:40:04.1373920Z hint: of your new repositories, which will suppress this warning, call:
2025-02-24T21:40:04.1375020Z hint:
2025-02-24T21:40:04.1376930Z hint: 	git config --global init.defaultBranch <name>
2025-02-24T21:40:04.1378300Z hint:
2025-02-24T21:40:04.1379290Z hint: Names commonly chosen instead of 'master' are 'main', 'trunk' and
2025-02-24T21:40:04.1382200Z hint: 'development'. The just-created branch can be renamed via this command:
2025-02-24T21:40:04.1383470Z hint:
2025-02-24T21:40:04.1384180Z hint: 	git branch -m <name>
2025-02-24T21:40:04.1385680Z Initialized empty Git repository in /Users/runner/work/tardis/tardis/tardis-regression-data/.git/
2025-02-24T21:40:04.1389030Z [command]/opt/homebrew/bin/git remote add origin https://github.com/tardis-sn/tardis-regression-data
2025-02-24T21:40:04.1447500Z ##[endgroup]
2025-02-24T21:40:04.1449520Z ##[group]Disabling automatic garbage collection
2025-02-24T21:40:04.1451440Z [command]/opt/homebrew/bin/git config --local gc.auto 0
2025-02-24T21:40:04.1511450Z ##[endgroup]
2025-02-24T21:40:04.1512360Z ##[group]Setting up auth
2025-02-24T21:40:04.1514280Z [command]/opt/homebrew/bin/git config --local --name-only --get-regexp core\.sshCommand
2025-02-24T21:40:04.1591170Z [command]/opt/homebrew/bin/git submodule foreach --recursive sh -c "git config --local --name-only --get-regexp 'core\.sshCommand' && git config --local --unset-all 'core.sshCommand' || :"
2025-02-24T21:40:04.2312210Z [command]/opt/homebrew/bin/git config --local --name-only --get-regexp http\.https\:\/\/github\.com\/\.extraheader
2025-02-24T21:40:04.2364800Z [command]/opt/homebrew/bin/git submodule foreach --recursive sh -c "git config --local --name-only --get-regexp 'http\.https\:\/\/github\.com\/\.extraheader' && git config --local --unset-all 'http.https://github.com/.extraheader' || :"
2025-02-24T21:40:04.3649820Z [command]/opt/homebrew/bin/git config --local http.https://github.com/.extraheader AUTHORIZATION: basic ***
2025-02-24T21:40:04.3654010Z ##[endgroup]
2025-02-24T21:40:04.3655460Z ##[group]Determining the default branch
2025-02-24T21:40:04.3656600Z Retrieving the default branch name
2025-02-24T21:40:05.0712570Z Default branch 'main'
2025-02-24T21:40:05.0722660Z ##[endgroup]
2025-02-24T21:40:05.0723280Z ##[group]Fetching the repository
2025-02-24T21:40:05.0724150Z [command]/opt/homebrew/bin/git -c protocol.version=2 fetch --no-tags --prune --no-recurse-submodules --depth=1 origin +refs/heads/main:refs/remotes/origin/main
2025-02-24T21:40:06.0380230Z From https://github.com/tardis-sn/tardis-regression-data
2025-02-24T21:40:06.0382190Z  * [new branch]      main       -> origin/main
2025-02-24T21:40:06.0470720Z ##[endgroup]
2025-02-24T21:40:06.0472450Z ##[group]Determining the checkout info
2025-02-24T21:40:06.0474520Z ##[endgroup]
2025-02-24T21:40:06.0487070Z [command]/opt/homebrew/bin/git sparse-checkout disable
2025-02-24T21:40:06.0570300Z [command]/opt/homebrew/bin/git config --local --unset-all extensions.worktreeConfig
2025-02-24T21:40:06.0650610Z ##[group]Checking out the ref
2025-02-24T21:40:06.0651450Z [command]/opt/homebrew/bin/git checkout --progress --force -B main refs/remotes/origin/main
2025-02-24T21:40:06.4138910Z Switched to a new branch 'main'
2025-02-24T21:40:06.4140730Z branch 'main' set up to track 'origin/main'.
2025-02-24T21:40:06.5078680Z ##[endgroup]
2025-02-24T21:40:06.5179910Z [command]/opt/homebrew/bin/git log -1 --format=%H
2025-02-24T21:40:06.5242150Z b2fdf418ac1a3631f8c3d2a5f392b6ebfa09ba0b
2025-02-24T21:40:06.5403920Z ##[group]Run if [ "false" == "true" ]; then
2025-02-24T21:40:06.5404400Z [36;1mif [ "false" == "true" ]; then[0m
2025-02-24T21:40:06.5404680Z [36;1m  echo "Using atom data sparse checkout"[0m
2025-02-24T21:40:06.5404990Z [36;1m  echo "atom_data/kurucz_cd23_chianti_H_He.h5" > .lfs-files-list[0m
2025-02-24T21:40:06.5405300Z [36;1melse[0m
2025-02-24T21:40:06.5405490Z [36;1m  echo "Using full repository checkout"[0m
2025-02-24T21:40:06.5405780Z [36;1m  git lfs ls-files -l | cut -d' ' -f1 | sort > .lfs-files-list[0m
2025-02-24T21:40:06.5406050Z [36;1mfi[0m
2025-02-24T21:40:06.5475300Z shell: /bin/bash --noprofile --norc -e -o pipefail {0}
2025-02-24T21:40:06.5478230Z env:
2025-02-24T21:40:06.5478430Z   CACHE_NUMBER: 0
2025-02-24T21:40:06.5478930Z   PYTEST_FLAGS: --tardis-regression-data=/Users/runner/work/tardis/tardis/tardis-regression-data --cov=tardis --cov-report=xml --cov-report=html --cov-append
2025-02-24T21:40:06.5479460Z   CODECOV_TOKEN: 
2025-02-24T21:40:06.5479850Z ##[endgroup]
2025-02-24T21:40:06.5783000Z Using full repository checkout
2025-02-24T21:40:06.8509150Z ##[group]Run actions/cache/restore@v4
2025-02-24T21:40:06.8509450Z with:
2025-02-24T21:40:06.8509620Z   path: tardis-regression-data/.git/lfs
2025-02-24T21:40:06.8510130Z   key: tardis-regression-full-data-6e3f921411cf0a4e16018f0781785ab8728ab151c8f95ea20b0c8e8609b9a332-tardis-sn/tardis-regression-data-v1
2025-02-24T21:40:06.8510650Z   fail-on-cache-miss: true
2025-02-24T21:40:06.8510840Z   enableCrossOsArchive: false
2025-02-24T21:40:06.8511040Z   lookup-only: false
2025-02-24T21:40:06.8511210Z env:
2025-02-24T21:40:06.8511400Z   CACHE_NUMBER: 0
2025-02-24T21:40:06.8511940Z   PYTEST_FLAGS: --tardis-regression-data=/Users/runner/work/tardis/tardis/tardis-regression-data --cov=tardis --cov-report=xml --cov-report=html --cov-append
2025-02-24T21:40:06.8512460Z   CODECOV_TOKEN: 
2025-02-24T21:40:06.8512610Z ##[endgroup]
2025-02-24T21:40:07.1256120Z Cache hit for: tardis-regression-full-data-6e3f921411cf0a4e16018f0781785ab8728ab151c8f95ea20b0c8e8609b9a332-tardis-sn/tardis-regression-data-v1
2025-02-24T21:40:08.3454340Z Received 20971520 of 2160718086 (1.0%), 19.9 MBs/sec
2025-02-24T21:40:09.3495040Z Received 121634816 of 2160718086 (5.6%), 57.5 MBs/sec
2025-02-24T21:40:10.3511950Z Received 159383552 of 2160718086 (7.4%), 50.4 MBs/sec
2025-02-24T21:40:11.3534380Z Received 222298112 of 2160718086 (10.3%), 52.7 MBs/sec
2025-02-24T21:40:12.3546350Z Received 264241152 of 2160718086 (12.2%), 50.2 MBs/sec
2025-02-24T21:40:13.3570270Z Received 285212672 of 2160718086 (13.2%), 45.2 MBs/sec
2025-02-24T21:40:14.3623590Z Received 356515840 of 2160718086 (16.5%), 48.4 MBs/sec
2025-02-24T21:40:15.3629960Z Received 398458880 of 2160718086 (18.4%), 47.3 MBs/sec
2025-02-24T21:40:16.3706280Z Received 423624704 of 2160718086 (19.6%), 44.7 MBs/sec
2025-02-24T21:40:17.3703730Z Received 499122176 of 2160718086 (23.1%), 47.4 MBs/sec
2025-02-24T21:40:18.3730570Z Received 532676608 of 2160718086 (24.7%), 46.0 MBs/sec
2025-02-24T21:40:19.3750610Z Received 562036736 of 2160718086 (26.0%), 44.5 MBs/sec
2025-02-24T21:40:20.3756850Z Received 624951296 of 2160718086 (28.9%), 45.7 MBs/sec
2025-02-24T21:40:21.3782900Z Received 671088640 of 2160718086 (31.1%), 45.6 MBs/sec
2025-02-24T21:40:22.3795780Z Received 734003200 of 2160718086 (34.0%), 46.5 MBs/sec
2025-02-24T21:40:23.3815370Z Received 796917760 of 2160718086 (36.9%), 47.4 MBs/sec
2025-02-24T21:40:24.3941480Z Received 826277888 of 2160718086 (38.2%), 46.2 MBs/sec
2025-02-24T21:40:25.4057970Z Received 897581056 of 2160718086 (41.5%), 47.4 MBs/sec
2025-02-24T21:40:26.4083960Z Received 943718400 of 2160718086 (43.7%), 47.2 MBs/sec
2025-02-24T21:40:27.4105450Z Received 1006632960 of 2160718086 (46.6%), 47.8 MBs/sec
2025-02-24T21:40:28.4129710Z Received 1069547520 of 2160718086 (49.5%), 48.4 MBs/sec
2025-02-24T21:40:29.4171030Z Received 1111490560 of 2160718086 (51.4%), 48.0 MBs/sec
2025-02-24T21:40:30.4190370Z Received 1195376640 of 2160718086 (55.3%), 49.4 MBs/sec
2025-02-24T21:40:31.4191480Z Received 1245708288 of 2160718086 (57.7%), 49.3 MBs/sec
2025-02-24T21:40:32.4203680Z Received 1312817152 of 2160718086 (60.8%), 49.9 MBs/sec
2025-02-24T21:40:33.4219250Z Received 1367343104 of 2160718086 (63.3%), 50.0 MBs/sec
2025-02-24T21:40:34.4307070Z Received 1430257664 of 2160718086 (66.2%), 50.3 MBs/sec
2025-02-24T21:40:35.4267570Z Received 1476395008 of 2160718086 (68.3%), 50.1 MBs/sec
2025-02-24T21:40:36.4274580Z Received 1535115264 of 2160718086 (71.0%), 50.3 MBs/sec
2025-02-24T21:40:37.4300970Z Received 1602224128 of 2160718086 (74.2%), 50.8 MBs/sec
2025-02-24T21:40:38.4393430Z Received 1623195648 of 2160718086 (75.1%), 49.8 MBs/sec
2025-02-24T21:40:39.4417530Z Received 1698693120 of 2160718086 (78.6%), 50.5 MBs/sec
2025-02-24T21:40:40.4420300Z Received 1744830464 of 2160718086 (80.8%), 50.3 MBs/sec
2025-02-24T21:40:41.4414660Z Received 1811939328 of 2160718086 (83.9%), 50.7 MBs/sec
2025-02-24T21:40:42.4760310Z Received 1870659584 of 2160718086 (86.6%), 50.8 MBs/sec
2025-02-24T21:40:43.4585160Z Received 1879048192 of 2160718086 (87.0%), 49.6 MBs/sec
2025-02-24T21:40:44.4609760Z Received 1946157056 of 2160718086 (90.1%), 50.0 MBs/sec
2025-02-24T21:40:45.4770940Z Received 2009071616 of 2160718086 (93.0%), 50.2 MBs/sec
2025-02-24T21:40:46.4833180Z Received 2013265920 of 2160718086 (93.2%), 49.0 MBs/sec
2025-02-24T21:40:47.4856350Z Received 2076180480 of 2160718086 (96.1%), 49.3 MBs/sec
2025-02-24T21:40:48.4875440Z Received 2139095040 of 2160718086 (99.0%), 49.6 MBs/sec
2025-02-24T21:40:49.4976610Z Received 2152329478 of 2160718086 (99.6%), 48.7 MBs/sec
2025-02-24T21:40:50.4932400Z Received 2156523782 of 2160718086 (99.8%), 47.7 MBs/sec
2025-02-24T21:40:50.5783300Z Received 2160718086 of 2160718086 (100.0%), 47.6 MBs/sec
2025-02-24T21:40:50.5813240Z Cache Size: ~2061 MB (2160718086 B)
2025-02-24T21:40:50.5962390Z [command]/opt/homebrew/bin/gtar -xf /Users/runner/work/_temp/7911d8cf-ecd9-47af-b3be-257ee6cc2cf0/cache.tzst -P -C /Users/runner/work/tardis/tardis --delay-directory-restore --use-compress-program unzstd
2025-02-24T21:41:04.6941390Z Cache restored successfully
2025-02-24T21:41:04.8412120Z Cache restored from key: tardis-regression-full-data-6e3f921411cf0a4e16018f0781785ab8728ab151c8f95ea20b0c8e8609b9a332-tardis-sn/tardis-regression-data-v1
2025-02-24T21:41:04.8576270Z ##[group]Run git lfs checkout
2025-02-24T21:41:04.8576620Z [36;1mgit lfs checkout[0m
2025-02-24T21:41:04.8771840Z shell: /bin/bash --noprofile --norc -e -o pipefail {0}
2025-02-24T21:41:04.8772200Z env:
2025-02-24T21:41:04.8772560Z   CACHE_NUMBER: 0
2025-02-24T21:41:04.8773190Z   PYTEST_FLAGS: --tardis-regression-data=/Users/runner/work/tardis/tardis/tardis-regression-data --cov=tardis --cov-report=xml --cov-report=html --cov-append
2025-02-24T21:41:04.8773970Z   CODECOV_TOKEN: 
2025-02-24T21:41:04.8774200Z ##[endgroup]
2025-02-24T21:41:18.5139080Z Checking out LFS objects: 100% (204/204), 5.7 GB | 356 MB/s, done.
2025-02-24T21:41:33.7727060Z Prepare all required actions
2025-02-24T21:41:33.7727560Z Getting action download info
2025-02-24T21:41:34.0506300Z Download action repository 'mamba-org/setup-micromamba@v1' (SHA:4b9113af4fba0e9e1124b252dd6497a419e7396d)
2025-02-24T21:41:35.2362890Z ##[group]Run ./.github/actions/setup_env
2025-02-24T21:41:35.2363160Z with:
2025-02-24T21:41:35.2363320Z   os-label: osx-arm64
2025-02-24T21:41:35.2363490Z env:
2025-02-24T21:41:35.2363700Z   CACHE_NUMBER: 0
2025-02-24T21:41:35.2364300Z   PYTEST_FLAGS: --tardis-regression-data=/Users/runner/work/tardis/tardis/tardis-regression-data --cov=tardis --cov-report=xml --cov-report=html --cov-append
2025-02-24T21:41:35.2364860Z   CODECOV_TOKEN: 
2025-02-24T21:41:35.2365120Z ##[endgroup]
2025-02-24T21:41:35.2393030Z ##[group]Run file_hash=$(cat conda-osx-arm64.lock | shasum -a 256 | cut -d' ' -f1)
2025-02-24T21:41:35.2393650Z [36;1mfile_hash=$(cat conda-osx-arm64.lock | shasum -a 256 | cut -d' ' -f1)[0m
2025-02-24T21:41:35.2394330Z [36;1mecho "file_hash=tardis-conda-env-osx-arm64-${file_hash}-v1" >> "${GITHUB_OUTPUT}"[0m
2025-02-24T21:41:35.2445400Z shell: /bin/bash --noprofile --norc -e -o pipefail {0}
2025-02-24T21:41:35.2445660Z env:
2025-02-24T21:41:35.2445850Z   CACHE_NUMBER: 0
2025-02-24T21:41:35.2446410Z   PYTEST_FLAGS: --tardis-regression-data=/Users/runner/work/tardis/tardis/tardis-regression-data --cov=tardis --cov-report=xml --cov-report=html --cov-append
2025-02-24T21:41:35.2446920Z   CODECOV_TOKEN: 
2025-02-24T21:41:35.2447080Z ##[endgroup]
2025-02-24T21:41:35.4075260Z ##[group]Run mamba-org/setup-micromamba@v1
2025-02-24T21:41:35.4075460Z with:
2025-02-24T21:41:35.4075600Z   environment-file: conda-osx-arm64.lock
2025-02-24T21:41:35.4076050Z   cache-environment-key: tardis-conda-env-osx-arm64-354e2cc8bd515676980814f312c10753c2dc4a43f483398b98b444c582fdd35f-v1
2025-02-24T21:41:35.4083220Z   cache-downloads-key: tardis-conda-env-osx-arm64-354e2cc8bd515676980814f312c10753c2dc4a43f483398b98b444c582fdd35f-v1
2025-02-24T21:41:35.4083650Z   environment-name: tardis
2025-02-24T21:41:35.4083830Z   cache-environment: true
2025-02-24T21:41:35.4083990Z   cache-downloads: true
2025-02-24T21:41:35.4084130Z env:
2025-02-24T21:41:35.4084240Z   CACHE_NUMBER: 0
2025-02-24T21:41:35.4084720Z   PYTEST_FLAGS: --tardis-regression-data=/Users/runner/work/tardis/tardis/tardis-regression-data --cov=tardis --cov-report=xml --cov-report=html --cov-append
2025-02-24T21:41:35.4085210Z   CODECOV_TOKEN: 
2025-02-24T21:41:35.4085340Z ##[endgroup]
2025-02-24T21:41:35.6995580Z Will download micromamba to /Users/runner/micromamba-bin/micromamba
2025-02-24T21:41:35.7000260Z ##[group]Install micromamba
2025-02-24T21:41:36.2524530Z micromamba installed to /Users/runner/micromamba-bin/micromamba
2025-02-24T21:41:36.2526040Z ##[endgroup]
2025-02-24T21:41:36.2547330Z Adding conda-forge to condarc channels ...
2025-02-24T21:41:36.2667180Z ##[group]Initialize micromamba for bash.
2025-02-24T21:41:36.2701500Z [command]/Users/runner/micromamba-bin/micromamba shell init -s bash -r /Users/runner/micromamba --log-level warning --rc-file /Users/runner/work/_temp/setup-micromamba/.condarc
2025-02-24T21:41:36.3039270Z Modifying RC file "/Users/runner/.bash_profile"
2025-02-24T21:41:36.3041000Z Generating config for root prefix [1m"/Users/runner/micromamba"[0m
2025-02-24T21:41:36.3042370Z Setting mamba executable to: [1m"/Users/runner/micromamba-bin/micromamba"[0m
2025-02-24T21:41:36.3042800Z Adding (or replacing) the following in your "/Users/runner/.bash_profile" file
2025-02-24T21:41:36.3043110Z 
2025-02-24T21:41:36.3043190Z # >>> mamba initialize >>>
2025-02-24T21:41:36.3043470Z # !! Contents within this block are managed by 'mamba init' !!
2025-02-24T21:41:36.3043830Z export MAMBA_EXE='/Users/runner/micromamba-bin/micromamba';
2025-02-24T21:41:36.3044150Z export MAMBA_ROOT_PREFIX='/Users/runner/micromamba';
2025-02-24T21:41:36.3044630Z __mamba_setup="$("$MAMBA_EXE" shell hook --shell bash --root-prefix "$MAMBA_ROOT_PREFIX" 2> /dev/null)"
2025-02-24T21:41:36.3045630Z if [ $? -eq 0 ]; then
2025-02-24T21:41:36.3045830Z     eval "$__mamba_setup"
2025-02-24T21:41:36.3046020Z else
2025-02-24T21:41:36.3046230Z     alias micromamba="$MAMBA_EXE"  # Fallback on help from mamba activate
2025-02-24T21:41:36.3046500Z fi
2025-02-24T21:41:36.3046640Z unset __mamba_setup
2025-02-24T21:41:36.3046800Z # <<< mamba initialize <<<
2025-02-24T21:41:36.3046910Z 
2025-02-24T21:41:36.3050930Z ##[endgroup]
2025-02-24T21:41:36.3051800Z ##[group]Restoring downloads from `/Users/runner/micromamba/pkgs` ...
2025-02-24T21:41:37.6763550Z Received 12582912 of 310631401 (4.1%), 12.0 MBs/sec
2025-02-24T21:41:38.6806030Z Received 109051904 of 310631401 (35.1%), 51.8 MBs/sec
2025-02-24T21:41:39.6827650Z Received 201326592 of 310631401 (64.8%), 63.8 MBs/sec
2025-02-24T21:41:40.6838080Z Received 293854185 of 310631401 (94.6%), 69.9 MBs/sec
2025-02-24T21:41:41.0838870Z Cache Size: ~296 MB (310631401 B)
2025-02-24T21:41:41.1003710Z [command]/opt/homebrew/bin/gtar -xf /Users/runner/work/_temp/fdb9c96b-addd-4129-a2ff-5864efaddd26/cache.tzst -P -C /Users/runner/work/tardis/tardis --delay-directory-restore --use-compress-program unzstd
2025-02-24T21:41:41.6870080Z Received 310631401 of 310631401 (100.0%), 59.1 MBs/sec
2025-02-24T21:41:42.1699690Z Cache restored successfully
2025-02-24T21:41:42.1776450Z Restored cache with key `tardis-conda-env-osx-arm64-354e2cc8bd515676980814f312c10753c2dc4a43f483398b98b444c582fdd35f-v1-osx-arm64`
2025-02-24T21:41:42.1779790Z ##[endgroup]
2025-02-24T21:41:42.1913100Z ##[group]Restoring environment `tardis` from `/Users/runner/micromamba/envs/tardis` ...
2025-02-24T21:41:43.5839890Z Received 8388608 of 385953952 (2.2%), 8.0 MBs/sec
2025-02-24T21:41:44.5908670Z Received 58720256 of 385953952 (15.2%), 27.9 MBs/sec
2025-02-24T21:41:45.5924410Z Received 146800640 of 385953952 (38.0%), 46.5 MBs/sec
2025-02-24T21:41:46.5945670Z Received 213909504 of 385953952 (55.4%), 50.9 MBs/sec
2025-02-24T21:41:47.6022250Z Received 289406976 of 385953952 (75.0%), 55.1 MBs/sec
2025-02-24T21:41:48.6046070Z Received 381759648 of 385953952 (98.9%), 60.6 MBs/sec
2025-02-24T21:41:48.9960010Z Cache Size: ~368 MB (385953952 B)
2025-02-24T21:41:49.0046170Z [command]/opt/homebrew/bin/gtar -xf /Users/runner/work/_temp/67188f63-ec56-466f-95e6-842976a30b7c/cache.tzst -P -C /Users/runner/work/tardis/tardis --delay-directory-restore --use-compress-program unzstd
2025-02-24T21:41:49.5998740Z Received 385953952 of 385953952 (100.0%), 52.5 MBs/sec
2025-02-24T21:42:10.0284320Z Cache restored successfully
2025-02-24T21:42:10.0368690Z Restored cache with key `tardis-conda-env-osx-arm64-354e2cc8bd515676980814f312c10753c2dc4a43f483398b98b444c582fdd35f-v1-osx-arm64-tardis-args-4f53cda-root-873f6fe-bin-[object Promise]-file-354e2cc8bd515676980814f312c10753c2dc4a43f483398b98b444c582fdd35f`
2025-02-24T21:42:10.0374350Z ##[endgroup]
2025-02-24T21:42:10.0375740Z Adding environment tardis to auto-activate bash ...
2025-02-24T21:42:10.0380260Z Generating micromamba run shell.
2025-02-24T21:42:10.0427800Z ##[endgroup]
2025-02-24T21:42:10.0434430Z Set environment variables.
2025-02-24T21:42:10.0446460Z ##[group]micromamba info
2025-02-24T21:42:10.0451330Z [command]/Users/runner/micromamba-bin/micromamba info -r /Users/runner/micromamba -n tardis
2025-02-24T21:42:10.5828820Z 
2025-02-24T21:42:10.5830030Z        libmamba version : 1.5.10
2025-02-24T21:42:10.5830350Z      micromamba version : 1.5.10
2025-02-24T21:42:10.5835980Z            curl version : libcurl/8.10.1 (OpenSSL/3.3.2) SecureTransport zlib/1.3.1 zstd/1.5.6 libssh2/1.11.0 nghttp2/1.58.0
2025-02-24T21:42:10.5838730Z      libarchive version : libarchive 3.7.4 zlib/1.2.13 bz2lib/1.0.8 libzstd/1.5.6
2025-02-24T21:42:10.5839210Z        envs directories : /Users/runner/micromamba/envs
2025-02-24T21:42:10.5839560Z           package cache : /Users/runner/micromamba/pkgs
2025-02-24T21:42:10.5841930Z                           /Users/runner/.mamba/pkgs
2025-02-24T21:42:10.5842910Z             environment : tardis
2025-02-24T21:42:10.5844440Z            env location : /Users/runner/micromamba/envs/tardis
2025-02-24T21:42:10.5884100Z       user config files : /Users/runner/.mambarc
2025-02-24T21:42:10.5884770Z  populated config files : /Users/runner/work/_temp/setup-micromamba/.condarc
2025-02-24T21:42:10.5885300Z        virtual packages : __unix=0=0
2025-02-24T21:42:10.5885590Z                           __osx=14.7.2=0
2025-02-24T21:42:10.5885850Z                           __archspec=1=arm64
2025-02-24T21:42:10.5886230Z                channels : https://conda.anaconda.org/conda-forge/osx-arm64
2025-02-24T21:42:10.5886720Z                           https://conda.anaconda.org/conda-forge/noarch
2025-02-24T21:42:10.5888220Z        base environment : /Users/runner/micromamba
2025-02-24T21:42:10.5888910Z                platform : osx-arm64
2025-02-24T21:42:10.5890480Z ##[endgroup]
2025-02-24T21:42:10.5891860Z ##[group]micromamba list
2025-02-24T21:42:10.5893960Z [command]/Users/runner/micromamba-bin/micromamba list -r /Users/runner/micromamba -n tardis
2025-02-24T21:42:11.1160820Z List of packages in environment: "/Users/runner/micromamba/envs/tardis"
2025-02-24T21:42:11.1161520Z 
2025-02-24T21:42:11.1163090Z   Name                           Version              Build                    Channel    
2025-02-24T21:42:11.1171600Z â”€â”€â”€â”€â”€â”€â”€â”€â”€â”€â”€â”€â”€â”€â”€â”€â”€â”€â”€â”€â”€â”€â”€â”€â”€â”€â”€â”€â”€â”€â”€â”€â”€â”€â”€â”€â”€â”€â”€â”€â”€â”€â”€â”€â”€â”€â”€â”€â”€â”€â”€â”€â”€â”€â”€â”€â”€â”€â”€â”€â”€â”€â”€â”€â”€â”€â”€â”€â”€â”€â”€â”€â”€â”€â”€â”€â”€â”€â”€â”€â”€â”€â”€â”€â”€â”€â”€â”€â”€â”€â”€â”€
2025-02-24T21:42:11.1173690Z   alabaster                      0.7.16               pyhd8ed1ab_0             conda-forge
2025-02-24T21:42:11.1174150Z   anyio                          4.4.0                pyhd8ed1ab_0             conda-forge
2025-02-24T21:42:11.1174450Z   appnope                        0.1.4                pyhd8ed1ab_1             conda-forge
2025-02-24T21:42:11.1174760Z   argon2-cffi                    23.1.0               pyhd8ed1ab_1             conda-forge
2025-02-24T21:42:11.1235810Z   argon2-cffi-bindings           21.2.0               py312h024a12e_5          conda-forge
2025-02-24T21:42:11.1236180Z   arrow                          1.3.0                pyhd8ed1ab_1             conda-forge
2025-02-24T21:42:11.1236530Z   astropy                        6.1.1                py312hbebd99a_1          conda-forge
2025-02-24T21:42:11.1236890Z   astropy-iers-data              0.2024.6.17.0.31.35  pyhd8ed1ab_0             conda-forge
2025-02-24T21:42:11.1237260Z   astropy-sphinx-theme           1.1                  pyhd8ed1ab_1             conda-forge
2025-02-24T21:42:11.1261110Z   asttokens                      2.4.1                pyhd8ed1ab_0             conda-forge
2025-02-24T21:42:11.1264490Z   async-lru                      2.0.4                pyhd8ed1ab_1             conda-forge
2025-02-24T21:42:11.1264820Z   atk-1.0                        2.38.0               hd03087b_2               conda-forge
2025-02-24T21:42:11.1265120Z   attrs                          23.2.0               pyh71513ae_0             conda-forge
2025-02-24T21:42:11.1265450Z   babel                          2.14.0               pyhd8ed1ab_0             conda-forge
2025-02-24T21:42:11.1272730Z   beautifulsoup4                 4.12.3               pyha770c72_1             conda-forge
2025-02-24T21:42:11.1273110Z   bleach                         6.1.0                pyhd8ed1ab_0             conda-forge
2025-02-24T21:42:11.1273970Z   blosc                          1.21.6               h7dd00d9_1               conda-forge
2025-02-24T21:42:11.1285570Z   brotli                         1.1.0                hd74edd7_2               conda-forge
2025-02-24T21:42:11.1287220Z   brotli-bin                     1.1.0                hd74edd7_2               conda-forge
2025-02-24T21:42:11.1288290Z   brotli-python                  1.1.0                py312hde4cb15_2          conda-forge
2025-02-24T21:42:11.1288720Z   bzip2                          1.0.8                h99b78c6_7               conda-forge
2025-02-24T21:42:11.1289050Z   c-ares                         1.28.1               h93a5062_0               conda-forge
2025-02-24T21:42:11.1289470Z   c-blosc2                       2.15.2               h9cbb436_1               conda-forge
2025-02-24T21:42:11.1309810Z   ca-certificates                2024.12.14           hf0a4a13_0               conda-forge
2025-02-24T21:42:11.1310470Z   cached-property                1.5.2                hd8ed1ab_1               conda-forge
2025-02-24T21:42:11.1310880Z   cached_property                1.5.2                pyha770c72_1             conda-forge
2025-02-24T21:42:11.1311190Z   cairo                          1.18.0               hc6c324b_2               conda-forge
2025-02-24T21:42:11.1311550Z   certifi                        2024.12.14           pyhd8ed1ab_0             conda-forge
2025-02-24T21:42:11.1311850Z   cffi                           1.16.0               py312h8e38eb3_0          conda-forge
2025-02-24T21:42:11.1312230Z   charset-normalizer             3.3.2                pyhd8ed1ab_0             conda-forge
2025-02-24T21:42:11.1313150Z   click                          8.1.7                unix_pyh707e725_1        conda-forge
2025-02-24T21:42:11.1320460Z   codespell                      2.3.0                pyhd8ed1ab_1             conda-forge
2025-02-24T21:42:11.1320790Z   colorama                       0.4.6                pyhd8ed1ab_1             conda-forge
2025-02-24T21:42:11.1321150Z   comm                           0.2.2                pyhd8ed1ab_1             conda-forge
2025-02-24T21:42:11.1321440Z   commonmark                     0.9.1                py_0                     conda-forge
2025-02-24T21:42:11.1321790Z   contourpy                      1.2.1                py312h0fef576_0          conda-forge
2025-02-24T21:42:11.1322140Z   coverage                       7.5.3                py312h7e5086c_0          conda-forge
2025-02-24T21:42:11.1322480Z   cycler                         0.12.1               pyhd8ed1ab_1             conda-forge
2025-02-24T21:42:11.1322910Z   dataclasses                    0.8                  pyhc8e2a94_3             conda-forge
2025-02-24T21:42:11.1323900Z   debugpy                        1.8.1                py312h20a0b95_0          conda-forge
2025-02-24T21:42:11.1324310Z   decorator                      5.1.1                pyhd8ed1ab_1             conda-forge
2025-02-24T21:42:11.1324680Z   defusedxml                     0.7.1                pyhd8ed1ab_0             conda-forge
2025-02-24T21:42:11.1325090Z   docutils                       0.20.1               py312h81bd7bf_3          conda-forge
2025-02-24T21:42:11.1325440Z   dot2tex                        2.11.3               pyhd8ed1ab_1             conda-forge
2025-02-24T21:42:11.1325900Z   entrypoints                    0.4                  pyhd8ed1ab_1             conda-forge
2025-02-24T21:42:11.1326350Z   exceptiongroup                 1.2.0                pyhd8ed1ab_2             conda-forge
2025-02-24T21:42:11.1326820Z   executing                      2.0.1                pyhd8ed1ab_0             conda-forge
2025-02-24T21:42:11.1327230Z   expat                          2.6.2                hebf3989_0               conda-forge
2025-02-24T21:42:11.1327670Z   font-ttf-dejavu-sans-mono      2.37                 hab24e00_0               conda-forge
2025-02-24T21:42:11.1328170Z   font-ttf-inconsolata           3.000                h77eed37_0               conda-forge
2025-02-24T21:42:11.1328640Z   font-ttf-source-code-pro       2.038                h77eed37_0               conda-forge
2025-02-24T21:42:11.1329180Z   font-ttf-ubuntu                0.83                 h77eed37_3               conda-forge
2025-02-24T21:42:11.1329550Z   fontconfig                     2.14.2               h82840c6_0               conda-forge
2025-02-24T21:42:11.1330030Z   fonts-conda-ecosystem          1                    0                        conda-forge
2025-02-24T21:42:11.1330460Z   fonts-conda-forge              1                    0                        conda-forge
2025-02-24T21:42:11.1330930Z   fonttools                      4.53.0               py312h7e5086c_0          conda-forge
2025-02-24T21:42:11.1331320Z   fqdn                           1.5.1                pyhd8ed1ab_1             conda-forge
2025-02-24T21:42:11.1332040Z   freetype                       2.12.1               hadb7bae_2               conda-forge
2025-02-24T21:42:11.1332450Z   fribidi                        1.0.10               h27ca646_0               conda-forge
2025-02-24T21:42:11.1332830Z   future                         1.0.0                pyhd8ed1ab_1             conda-forge
2025-02-24T21:42:11.1333270Z   gdk-pixbuf                     2.42.12              h7ddc832_0               conda-forge
2025-02-24T21:42:11.1333630Z   gettext                        0.22.5               h8414b35_3               conda-forge
2025-02-24T21:42:11.1334360Z   gettext-tools                  0.22.5               h8414b35_3               conda-forge
2025-02-24T21:42:11.1335000Z   giflib                         5.2.2                h93a5062_0               conda-forge
2025-02-24T21:42:11.1335380Z   git-lfs                        3.5.1                h40ddcf5_1               conda-forge
2025-02-24T21:42:11.1335700Z   gmp                            6.3.0                h7bae524_2               conda-forge
2025-02-24T21:42:11.1336080Z   gmpy2                          2.1.5                py312h524cf62_3          conda-forge
2025-02-24T21:42:11.1336450Z   graphite2                      1.3.13               hebf3989_1003            conda-forge
2025-02-24T21:42:11.1336790Z   graphviz                       11.0.0               h9bb9bc9_0               conda-forge
2025-02-24T21:42:11.1337100Z   gtk2                           2.24.33              h7895bb2_4               conda-forge
2025-02-24T21:42:11.1337370Z   gts                            0.7.6                he42f4ea_4               conda-forge
2025-02-24T21:42:11.1337730Z   h11                            0.14.0               pyhd8ed1ab_1             conda-forge
2025-02-24T21:42:11.1338060Z   h2                             4.1.0                pyhd8ed1ab_1             conda-forge
2025-02-24T21:42:11.1338650Z   h5py                           3.11.0               nompi_py312h3cd0824_103  conda-forge
2025-02-24T21:42:11.1339030Z   harfbuzz                       8.5.0                h1836168_0               conda-forge
2025-02-24T21:42:11.1339360Z   hdf5                           1.14.3               nompi_hec07895_105       conda-forge
2025-02-24T21:42:11.1339690Z   hpack                          4.0.0                pyhd8ed1ab_1             conda-forge
2025-02-24T21:42:11.1340500Z   httpcore                       1.0.5                pyhd8ed1ab_0             conda-forge
2025-02-24T21:42:11.1347980Z   httpx                          0.27.0               pyhd8ed1ab_0             conda-forge
2025-02-24T21:42:11.1348490Z   hyperframe                     6.0.1                pyhd8ed1ab_1             conda-forge
2025-02-24T21:42:11.1348860Z   icu                            73.2                 hc8870d7_0               conda-forge
2025-02-24T21:42:11.1349210Z   idna                           3.7                  pyhd8ed1ab_0             conda-forge
2025-02-24T21:42:11.1350860Z   imagesize                      1.4.1                pyhd8ed1ab_0             conda-forge
2025-02-24T21:42:11.1351440Z   importlib-metadata             7.1.0                pyha770c72_0             conda-forge
2025-02-24T21:42:11.1351850Z   importlib_metadata             7.1.0                hd8ed1ab_0               conda-forge
2025-02-24T21:42:11.1352570Z   importlib_resources            6.4.0                pyhd8ed1ab_0             conda-forge
2025-02-24T21:42:11.1355120Z   iniconfig                      2.0.0                pyhd8ed1ab_1             conda-forge
2025-02-24T21:42:11.1356010Z   ipykernel                      6.29.4               pyh57ce528_0             conda-forge
2025-02-24T21:42:11.1356360Z   ipython                        8.25.0               pyh707e725_0             conda-forge
2025-02-24T21:42:11.1356770Z   ipython_genutils               0.2.0                pyhd8ed1ab_2             conda-forge
2025-02-24T21:42:11.1357190Z   ipywidgets                     7.8.0                pyhd8ed1ab_0             conda-forge
2025-02-24T21:42:11.1358180Z   isoduration                    20.11.0              pyhd8ed1ab_1             conda-forge
2025-02-24T21:42:11.1358600Z   jedi                           0.19.1               pyhd8ed1ab_0             conda-forge
2025-02-24T21:42:11.1358940Z   jinja2                         3.1.4                pyhd8ed1ab_1             conda-forge
2025-02-24T21:42:11.1359320Z   json5                          0.9.25               pyhd8ed1ab_0             conda-forge
2025-02-24T21:42:11.1359680Z   jsonpointer                    3.0.0                py312h81bd7bf_1          conda-forge
2025-02-24T21:42:11.1360090Z   jsonschema                     4.22.0               pyhd8ed1ab_0             conda-forge
2025-02-24T21:42:11.1360510Z   jsonschema-specifications      2023.12.1            pyhd8ed1ab_0             conda-forge
2025-02-24T21:42:11.1361020Z   jsonschema-with-format-nongpl  4.22.0               pyhd8ed1ab_0             conda-forge
2025-02-24T21:42:11.1361450Z   jupyter-lsp                    2.2.5                pyhd8ed1ab_1             conda-forge
2025-02-24T21:42:11.1361820Z   jupyter_client                 8.6.2                pyhd8ed1ab_0             conda-forge
2025-02-24T21:42:11.1362130Z   jupyter_core                   5.7.2                pyh31011fe_1             conda-forge
2025-02-24T21:42:11.1362480Z   jupyter_events                 0.10.0               pyhd8ed1ab_1             conda-forge
2025-02-24T21:42:11.1362900Z   jupyter_server                 2.14.1               pyhd8ed1ab_1             conda-forge
2025-02-24T21:42:11.1363310Z   jupyter_server_terminals       0.5.3                pyhd8ed1ab_1             conda-forge
2025-02-24T21:42:11.1363750Z   jupyterlab                     4.2.2                pyhd8ed1ab_0             conda-forge
2025-02-24T21:42:11.1364120Z   jupyterlab_pygments            0.3.0                pyhd8ed1ab_2             conda-forge
2025-02-24T21:42:11.1364840Z   jupyterlab_server              2.27.2               pyhd8ed1ab_0             conda-forge
2025-02-24T21:42:11.1365230Z   jupyterlab_widgets             1.1.7                pyhd8ed1ab_0             conda-forge
2025-02-24T21:42:11.1365650Z   kiwisolver                     1.4.5                py312h6142ec9_2          conda-forge
2025-02-24T21:42:11.1366000Z   krb5                           1.21.2               h92f50d5_0               conda-forge
2025-02-24T21:42:11.1366410Z   latexcodec                     2.0.1                pyh9f0ad1d_0             conda-forge
2025-02-24T21:42:11.1366820Z   lcms2                          2.16                 ha0e7c42_0               conda-forge
2025-02-24T21:42:11.1367140Z   lerc                           4.0.0                h9a09cb3_0               conda-forge
2025-02-24T21:42:11.1379330Z   libaec                         1.1.3                hebf3989_0               conda-forge
2025-02-24T21:42:11.1379720Z   libasprintf                    0.22.5               h8414b35_3               conda-forge
2025-02-24T21:42:11.1380100Z   libasprintf-devel              0.22.5               h8414b35_3               conda-forge
2025-02-24T21:42:11.1380460Z   libblas                        3.9.0                24_osxarm64_openblas     conda-forge
2025-02-24T21:42:11.1380770Z   libbrotlicommon                1.1.0                hd74edd7_2               conda-forge
2025-02-24T21:42:11.1381140Z   libbrotlidec                   1.1.0                hd74edd7_2               conda-forge
2025-02-24T21:42:11.1381550Z   libbrotlienc                   1.1.0                hd74edd7_2               conda-forge
2025-02-24T21:42:11.1381850Z   libcblas                       3.9.0                24_osxarm64_openblas     conda-forge
2025-02-24T21:42:11.1382200Z   libcurl                        8.8.0                h7b6f9a7_0               conda-forge
2025-02-24T21:42:11.1382600Z   libcxx                         19.1.6               ha82da77_1               conda-forge
2025-02-24T21:42:11.1382960Z   libdeflate                     1.20                 h93a5062_0               conda-forge
2025-02-24T21:42:11.1383910Z   libedit                        3.1.20191231         hc8eb9b7_2               conda-forge
2025-02-24T21:42:11.1384270Z   libev                          4.33                 h93a5062_2               conda-forge
2025-02-24T21:42:11.1384630Z   libexpat                       2.6.2                hebf3989_0               conda-forge
2025-02-24T21:42:11.1384940Z   libffi                         3.4.2                h3422bc3_5               conda-forge
2025-02-24T21:42:11.1385220Z   libgd                          2.3.3                hfdf3952_9               conda-forge
2025-02-24T21:42:11.1385520Z   libgettextpo                   0.22.5               h8414b35_3               conda-forge
2025-02-24T21:42:11.1385840Z   libgettextpo-devel             0.22.5               h8414b35_3               conda-forge
2025-02-24T21:42:11.1386170Z   libgfortran                    5.0.0                13_2_0_hd922786_3        conda-forge
2025-02-24T21:42:11.1386490Z   libgfortran5                   13.2.0               hf226fd6_3               conda-forge
2025-02-24T21:42:11.1397780Z   libglib                        2.80.2               h59d46d9_1               conda-forge
2025-02-24T21:42:11.1398100Z   libiconv                       1.17                 h0d3ecfb_2               conda-forge
2025-02-24T21:42:11.1398440Z   libintl                        0.22.5               h8414b35_3               conda-forge
2025-02-24T21:42:11.1399890Z   libintl-devel                  0.22.5               h8414b35_3               conda-forge
2025-02-24T21:42:11.1405100Z   libjpeg-turbo                  3.0.0                hb547adb_1               conda-forge
2025-02-24T21:42:11.1405470Z   liblapack                      3.9.0                24_osxarm64_openblas     conda-forge
2025-02-24T21:42:11.1405800Z   libllvm14                      14.0.6               hd1a9a77_4               conda-forge
2025-02-24T21:42:11.1407350Z   libnghttp2                     1.58.0               ha4dd798_1               conda-forge
2025-02-24T21:42:11.1407680Z   libopenblas                    0.3.27               openmp_h517c56d_1        conda-forge
2025-02-24T21:42:11.1408800Z   libpng                         1.6.43               h091b4b1_0               conda-forge
2025-02-24T21:42:11.1409140Z   librsvg                        2.58.1               hbc281fb_0               conda-forge
2025-02-24T21:42:11.1409460Z   libsodium                      1.0.18               h27ca646_1               conda-forge
2025-02-24T21:42:11.1409800Z   libsqlite                      3.46.0               hfb93653_0               conda-forge
2025-02-24T21:42:11.1410130Z   libssh2                        1.11.0               h7a5bd25_0               conda-forge
2025-02-24T21:42:11.1410470Z   libtiff                        4.6.0                h07db509_3               conda-forge
2025-02-24T21:42:11.1410800Z   libwebp                        1.4.0                h54798ee_0               conda-forge
2025-02-24T21:42:11.1411160Z   libwebp-base                   1.4.0                h93a5062_0               conda-forge
2025-02-24T21:42:11.1411520Z   libxcb                         1.16                 hc9fafa5_1               conda-forge
2025-02-24T21:42:11.1411850Z   libxml2                        2.12.7               h9a80f22_3               conda-forge
2025-02-24T21:42:11.1412210Z   libxslt                        1.1.39               h223e5b9_0               conda-forge
2025-02-24T21:42:11.1412560Z   libzlib                        1.3.1                h8359307_2               conda-forge
2025-02-24T21:42:11.1412900Z   llvm-openmp                    18.1.7               hde57baf_0               conda-forge
2025-02-24T21:42:11.1413250Z   llvmlite                       0.43.0               py312ha9ca408_1          conda-forge
2025-02-24T21:42:11.1413590Z   lxml                           5.2.2                py312h0e5ab22_0          conda-forge
2025-02-24T21:42:11.1413920Z   lz4-c                          1.10.0               h286801f_1               conda-forge
2025-02-24T21:42:11.1414640Z   markupsafe                     2.1.5                py312h024a12e_1          conda-forge
2025-02-24T21:42:11.1415040Z   matplotlib-base                3.8.4                py312h4479663_2          conda-forge
2025-02-24T21:42:11.1415400Z   matplotlib-inline              0.1.7                pyhd8ed1ab_1             conda-forge
2025-02-24T21:42:11.1415740Z   mistune                        3.0.2                pyhd8ed1ab_1             conda-forge
2025-02-24T21:42:11.1416020Z   mpc                            1.3.1                h8f1351a_1               conda-forge
2025-02-24T21:42:11.1416290Z   mpfr                           4.2.1                hb693164_3               conda-forge
2025-02-24T21:42:11.1416570Z   mpmath                         1.3.0                pyhd8ed1ab_1             conda-forge
2025-02-24T21:42:11.1416850Z   munkres                        1.1.4                pyh9f0ad1d_0             conda-forge
2025-02-24T21:42:11.1417150Z   mypy_extensions                1.0.0                pyha770c72_1             conda-forge
2025-02-24T21:42:11.1417470Z   nbclassic                      1.1.0                pyhd8ed1ab_1             conda-forge
2025-02-24T21:42:11.1417780Z   nbclient                       0.10.0               pyhd8ed1ab_0             conda-forge
2025-02-24T21:42:11.1418080Z   nbconvert                      7.16.4               hd8ed1ab_3               conda-forge
2025-02-24T21:42:11.1418390Z   nbconvert-core                 7.16.4               pyhd8ed1ab_3             conda-forge
2025-02-24T21:42:11.1418720Z   nbconvert-pandoc               7.16.4               hd8ed1ab_3               conda-forge
2025-02-24T21:42:11.1419190Z   nbformat                       5.10.4               pyhd8ed1ab_1             conda-forge
2025-02-24T21:42:11.1419490Z   nbsphinx                       0.9.4                pyhd8ed1ab_0             conda-forge
2025-02-24T21:42:11.1420250Z   ncurses                        6.5                  h7bae524_1               conda-forge
2025-02-24T21:42:11.1420560Z   nest-asyncio                   1.6.0                pyhd8ed1ab_1             conda-forge
2025-02-24T21:42:11.1420860Z   networkx                       3.3                  pyhd8ed1ab_1             conda-forge
2025-02-24T21:42:11.1421150Z   notebook                       7.2.1                pyhd8ed1ab_0             conda-forge
2025-02-24T21:42:11.1421460Z   notebook-shim                  0.2.4                pyhd8ed1ab_1             conda-forge
2025-02-24T21:42:11.1421890Z   numba                          0.60.0               py312h41cea2d_0          conda-forge
2025-02-24T21:42:11.1422290Z   numexpr                        2.10.0               py312h8ae5369_0          conda-forge
2025-02-24T21:42:11.1422720Z   numpy                          2.0.2                py312h94ee1e1_1          conda-forge
2025-02-24T21:42:11.1423080Z   numpydoc                       1.7.0                pyhd8ed1ab_3             conda-forge
2025-02-24T21:42:11.1423540Z   openjpeg                       2.5.2                h9f1df11_0               conda-forge
2025-02-24T21:42:11.1423900Z   openssl                        3.4.0                h81ee809_1               conda-forge
2025-02-24T21:42:11.1424350Z   overrides                      7.7.0                pyhd8ed1ab_1             conda-forge
2025-02-24T21:42:11.1424810Z   packaging                      24.1                 pyhd8ed1ab_0             conda-forge
2025-02-24T21:42:11.1425190Z   pandas                         2.2.2                py312h8ae5369_1          conda-forge
2025-02-24T21:42:11.1425610Z   pandoc                         3.2.1                hce30654_0               conda-forge
2025-02-24T21:42:11.1426110Z   pandocfilters                  1.5.0                pyhd8ed1ab_0             conda-forge
2025-02-24T21:42:11.1429800Z   pango                          1.54.0               h5cb9fbc_0               conda-forge
2025-02-24T21:42:11.1443020Z   parso                          0.8.4                pyhd8ed1ab_1             conda-forge
2025-02-24T21:42:11.1443950Z   pathspec                       0.12.1               pyhd8ed1ab_1             conda-forge
2025-02-24T21:42:11.1444410Z   pbr                            6.0.0                pyhd8ed1ab_0             conda-forge
2025-02-24T21:42:11.1444960Z   pcre2                          10.44                h297a79d_2               conda-forge
2025-02-24T21:42:11.1445460Z   pexpect                        4.9.0                pyhd8ed1ab_1             conda-forge
2025-02-24T21:42:11.1445890Z   pickleshare                    0.7.5                pyhd8ed1ab_1004          conda-forge
2025-02-24T21:42:11.1446380Z   pillow                         10.3.0               py312h39b1d8d_1          conda-forge
2025-02-24T21:42:11.1446810Z   pip                            24.0                 pyhd8ed1ab_0             conda-forge
2025-02-24T21:42:11.1447250Z   pixman                         0.43.4               hebf3989_0               conda-forge
2025-02-24T21:42:11.1447680Z   pkgutil-resolve-name           1.3.10               pyhd8ed1ab_2             conda-forge
2025-02-24T21:42:11.1448180Z   platformdirs                   4.2.2                pyhd8ed1ab_0             conda-forge
2025-02-24T21:42:11.1448650Z   plotly                         5.22.0               pyhd8ed1ab_0             conda-forge
2025-02-24T21:42:11.1449010Z   pluggy                         1.5.0                pyhd8ed1ab_1             conda-forge
2025-02-24T21:42:11.1449460Z   prometheus_client              0.20.0               pyhd8ed1ab_0             conda-forge
2025-02-24T21:42:11.1449870Z   prompt-toolkit                 3.0.47               pyha770c72_0             conda-forge
2025-02-24T21:42:11.1450360Z   psutil                         5.9.8                py312he37b823_0          conda-forge
2025-02-24T21:42:11.1450750Z   pthread-stubs                  0.4                  hd74edd7_1002            conda-forge
2025-02-24T21:42:11.1451440Z   ptyprocess                     0.7.0                pyhd8ed1ab_1             conda-forge
2025-02-24T21:42:11.1451850Z   pure_eval                      0.2.2                pyhd8ed1ab_0             conda-forge
2025-02-24T21:42:11.1452280Z   py-cpuinfo                     9.0.0                pyhd8ed1ab_1             conda-forge
2025-02-24T21:42:11.1452980Z   pybtex                         0.24.0               pyhd8ed1ab_3             conda-forge
2025-02-24T21:42:11.1454060Z   pybtex-docutils                1.0.3                py312h81bd7bf_2          conda-forge
2025-02-24T21:42:11.1454630Z   pycparser                      2.22                 pyh29332c3_1             conda-forge
2025-02-24T21:42:11.1455020Z   pyerfa                         2.0.1.4              py312h755e627_2          conda-forge
2025-02-24T21:42:11.1455450Z   pygments                       2.18.0               pyhd8ed1ab_1             conda-forge
2025-02-24T21:42:11.1456070Z   pygraphviz                     1.13                 py312h5f4d302_1          conda-forge
2025-02-24T21:42:11.1456550Z   pyobjc-core                    10.3.1               py312hd24fc31_1          conda-forge
2025-02-24T21:42:11.1457110Z   pyobjc-framework-cocoa         10.3.1               py312hd24fc31_1          conda-forge
2025-02-24T21:42:11.1457680Z   pyparsing                      3.1.2                pyhd8ed1ab_0             conda-forge
2025-02-24T21:42:11.1458880Z   pysocks                        1.7.1                pyha55dd90_7             conda-forge
2025-02-24T21:42:11.1459260Z   pytables                       3.10.2               py312h2ca37b8_0          conda-forge
2025-02-24T21:42:11.1467850Z   pytest                         8.2.2                pyhd8ed1ab_0             conda-forge
2025-02-24T21:42:11.1468380Z   pytest-cov                     5.0.0                pyhd8ed1ab_0             conda-forge
2025-02-24T21:42:11.1468710Z   pytest-doctestplus             1.2.1                pyhd8ed1ab_0             conda-forge
2025-02-24T21:42:11.1469790Z   pytest-html                    4.1.1                pyhd8ed1ab_1             conda-forge
2025-02-24T21:42:11.1470830Z   pytest-metadata                3.1.1                pyhd8ed1ab_1             conda-forge
2025-02-24T21:42:11.1472760Z   python                         3.12.4               h30c5eda_0_cpython       conda-forge
2025-02-24T21:42:11.1473090Z   python-dateutil                2.9.0.post0          pyhff2d567_1             conda-forge
2025-02-24T21:42:11.1473440Z   python-fastjsonschema          2.20.0               pyhd8ed1ab_0             conda-forge
2025-02-24T21:42:11.1473800Z   python-json-logger             2.0.7                pyhd8ed1ab_0             conda-forge
2025-02-24T21:42:11.1474130Z   python-tzdata                  2024.1               pyhd8ed1ab_0             conda-forge
2025-02-24T21:42:11.1474690Z   python_abi                     3.12                 5_cp312                  conda-forge
2025-02-24T21:42:11.1474990Z   pytz                           2024.1               pyhd8ed1ab_0             conda-forge
2025-02-24T21:42:11.1475290Z   pyyaml                         6.0.1                py312h02f2b3b_1          conda-forge
2025-02-24T21:42:11.1475570Z   pyzmq                          26.0.3               py312hfa13136_0          conda-forge
2025-02-24T21:42:11.1475850Z   qgrid                          1.3.1                pyhd8ed1ab_4             conda-forge
2025-02-24T21:42:11.1476170Z   radioactivedecay               0.5.1                pyhd8ed1ab_1             conda-forge
2025-02-24T21:42:11.1476470Z   readline                       8.2                  h92ec313_1               conda-forge
2025-02-24T21:42:11.1476780Z   recommonmark                   0.7.1                pyhd8ed1ab_1             conda-forge
2025-02-24T21:42:11.1477090Z   referencing                    0.35.1               pyhd8ed1ab_1             conda-forge
2025-02-24T21:42:11.1477400Z   requests                       2.32.3               pyhd8ed1ab_1             conda-forge
2025-02-24T21:42:11.1478050Z   rfc3339-validator              0.1.4                pyhd8ed1ab_1             conda-forge
2025-02-24T21:42:11.1478390Z   rfc3986-validator              0.1.1                pyh9f0ad1d_0             conda-forge
2025-02-24T21:42:11.1478700Z   rpds-py                        0.18.1               py312h552d48e_0          conda-forge
2025-02-24T21:42:11.1478980Z   ruff                           0.4.9                py312h3402d49_0          conda-forge
2025-02-24T21:42:11.1479250Z   scipy                          1.13.1               py312h14ffa8f_0          conda-forge
2025-02-24T21:42:11.1479540Z   send2trash                     1.8.3                pyh31c8845_1             conda-forge
2025-02-24T21:42:11.1479850Z   setuptools                     70.0.0               pyhd8ed1ab_0             conda-forge
2025-02-24T21:42:11.1480160Z   setuptools-scm                 8.1.0                pyhd8ed1ab_1             conda-forge
2025-02-24T21:42:11.1480480Z   setuptools_scm                 8.1.0                hd8ed1ab_1               conda-forge
2025-02-24T21:42:11.1480780Z   six                            1.16.0               pyhd8ed1ab_1             conda-forge
2025-02-24T21:42:11.1481070Z   snakeviz                       2.2.0                pyhd8ed1ab_0             conda-forge
2025-02-24T21:42:11.1481350Z   snappy                         1.2.1                h98b9ce2_1               conda-forge
2025-02-24T21:42:11.1481640Z   sniffio                        1.3.1                pyhd8ed1ab_1             conda-forge
2025-02-24T21:42:11.1481950Z   snowballstemmer                2.2.0                pyhd8ed1ab_0             conda-forge
2025-02-24T21:42:11.1482320Z   soupsieve                      2.5                  pyhd8ed1ab_1             conda-forge
2025-02-24T21:42:11.1482750Z   sphinx                         7.3.7                pyhd8ed1ab_0             conda-forge
2025-02-24T21:42:11.1483060Z   sphinx-astropy                 1.9.1                pyhd8ed1ab_1             conda-forge
2025-02-24T21:42:11.1483400Z   sphinx-automodapi              0.17.0               pyh717bed2_1             conda-forge
2025-02-24T21:42:11.1483730Z   sphinx-gallery                 0.16.0               pyhd8ed1ab_0             conda-forge
2025-02-24T21:42:11.1484260Z   sphinx-jsonschema              1.19.1               pyhd8ed1ab_1             conda-forge
2025-02-24T21:42:11.1484640Z   sphinx_bootstrap_theme         0.8.1                pyhd8ed1ab_1             conda-forge
2025-02-24T21:42:11.1484970Z   sphinx_rtd_theme               2.0.0                pyha770c72_0             conda-forge
2025-02-24T21:42:11.1485310Z   sphinxcontrib-apidoc           0.3.0                py_1                     conda-forge
2025-02-24T21:42:11.1485680Z   sphinxcontrib-applehelp        1.0.8                pyhd8ed1ab_0             conda-forge
2025-02-24T21:42:11.1486040Z   sphinxcontrib-bibtex           2.6.2                pyhd8ed1ab_0             conda-forge
2025-02-24T21:42:11.1486390Z   sphinxcontrib-devhelp          1.0.6                pyhd8ed1ab_0             conda-forge
2025-02-24T21:42:11.1489290Z   sphinxcontrib-htmlhelp         2.0.5                pyhd8ed1ab_0             conda-forge
2025-02-24T21:42:11.1490370Z   sphinxcontrib-jquery           4.1                  pyhd8ed1ab_1             conda-forge
2025-02-24T21:42:11.1492540Z   sphinxcontrib-jsmath           1.0.1                pyhd8ed1ab_1             conda-forge
2025-02-24T21:42:11.1492950Z   sphinxcontrib-qthelp           1.0.7                pyhd8ed1ab_0             conda-forge
2025-02-24T21:42:11.1493340Z   sphinxcontrib-serializinghtml  1.1.10               pyhd8ed1ab_1             conda-forge
2025-02-24T21:42:11.1493700Z   stack_data                     0.6.2                pyhd8ed1ab_0             conda-forge
2025-02-24T21:42:11.1493990Z   sympy                          1.12.1               pypyh2585a3b_103         conda-forge
2025-02-24T21:42:11.1494290Z   tabulate                       0.9.0                pyhd8ed1ab_2             conda-forge
2025-02-24T21:42:11.1494580Z   tenacity                       8.4.1                pyhd8ed1ab_0             conda-forge
2025-02-24T21:42:11.1495410Z   terminado                      0.18.1               pyh31c8845_0             conda-forge
2025-02-24T21:42:11.1495720Z   tinycss2                       1.3.0                pyhd8ed1ab_0             conda-forge
2025-02-24T21:42:11.1496010Z   tk                             8.6.13               h5083fa2_1               conda-forge
2025-02-24T21:42:11.1496270Z   toml                           0.10.2               pyhd8ed1ab_1             conda-forge
2025-02-24T21:42:11.1496560Z   tomli                          2.0.1                pyhd8ed1ab_0             conda-forge
2025-02-24T21:42:11.1496850Z   tornado                        6.4.1                py312h024a12e_1          conda-forge
2025-02-24T21:42:11.1497130Z   tqdm                           4.66.4               pyhd8ed1ab_0             conda-forge
2025-02-24T21:42:11.1498060Z   traitlets                      5.14.3               pyhd8ed1ab_1             conda-forge
2025-02-24T21:42:11.1498740Z   typed-ast                      1.5.5                py312h02f2b3b_1          conda-forge
2025-02-24T21:42:11.1499090Z   types-python-dateutil          2.9.0.20240316       pyhd8ed1ab_0             conda-forge
2025-02-24T21:42:11.1499460Z   typing-extensions              4.12.2               hd8ed1ab_1               conda-forge
2025-02-24T21:42:11.1503610Z   typing_extensions              4.12.2               pyha770c72_1             conda-forge
2025-02-24T21:42:11.1503960Z   typing_utils                   0.1.0                pyhd8ed1ab_1             conda-forge
2025-02-24T21:42:11.1504260Z   tzdata                         2024a                h8827d51_1               conda-forge
2025-02-24T21:42:11.1504570Z   uri-template                   1.3.0                pyhd8ed1ab_1             conda-forge
2025-02-24T21:42:11.1504870Z   urllib3                        2.2.2                pyhd8ed1ab_1             conda-forge
2025-02-24T21:42:11.1505170Z   wcwidth                        0.2.13               pyhd8ed1ab_1             conda-forge
2025-02-24T21:42:11.1505480Z   webcolors                      24.6.0               pyhd8ed1ab_0             conda-forge
2025-02-24T21:42:11.1506230Z   webencodings                   0.5.1                pyhd8ed1ab_3             conda-forge
2025-02-24T21:42:11.1506570Z   websocket-client               1.8.0                pyhd8ed1ab_1             conda-forge
2025-02-24T21:42:11.1506890Z   wheel                          0.43.0               pyhd8ed1ab_1             conda-forge
2025-02-24T21:42:11.1507200Z   widgetsnbextension             3.6.6                pyhd8ed1ab_0             conda-forge
2025-02-24T21:42:11.1507530Z   xorg-libxau                    1.0.11               hd74edd7_1               conda-forge
2025-02-24T21:42:11.1507840Z   xorg-libxdmcp                  1.1.3                hd74edd7_2               conda-forge
2025-02-24T21:42:11.1508130Z   xz                             5.2.6                h57fd34a_0               conda-forge
2025-02-24T21:42:11.1508410Z   yaml                           0.2.5                h3422bc3_2               conda-forge
2025-02-24T21:42:11.1508690Z   zeromq                         4.3.5                hcc0f68c_4               conda-forge
2025-02-24T21:42:11.1508970Z   zipp                           3.19.2               pyhd8ed1ab_0             conda-forge
2025-02-24T21:42:11.1509250Z   zlib                           1.3.1                h8359307_2               conda-forge
2025-02-24T21:42:11.1509530Z   zlib-ng                        2.2.3                h13dfb9a_0               conda-forge
2025-02-24T21:42:11.1509830Z   zstandard                      0.23.0               py312h15fbf35_1          conda-forge
2025-02-24T21:42:11.1510120Z   zstd                           1.5.6                hb46c0d2_0               conda-forge
2025-02-24T21:42:11.1510620Z ##[endgroup]
2025-02-24T21:42:11.1589680Z ##[group]Run pip install -e . --user
2025-02-24T21:42:11.1589950Z [36;1mpip install -e . --user[0m
2025-02-24T21:42:11.3786600Z shell: /bin/bash -l {0}
2025-02-24T21:42:11.3786820Z env:
2025-02-24T21:42:11.3786960Z   CACHE_NUMBER: 0
2025-02-24T21:42:11.3787490Z   PYTEST_FLAGS: --tardis-regression-data=/Users/runner/work/tardis/tardis/tardis-regression-data --cov=tardis --cov-report=xml --cov-report=html --cov-append
2025-02-24T21:42:11.3788020Z   CODECOV_TOKEN: 
2025-02-24T21:42:11.3788220Z   MAMBA_ROOT_PREFIX: /Users/runner/micromamba
2025-02-24T21:42:11.3788490Z   MAMBA_EXE: /Users/runner/micromamba-bin/micromamba
2025-02-24T21:42:11.3788810Z   CONDARC: /Users/runner/work/_temp/setup-micromamba/.condarc
2025-02-24T21:42:11.3789070Z ##[endgroup]
2025-02-24T21:42:12.6681380Z Obtaining file:///Users/runner/work/tardis/tardis
2025-02-24T21:42:12.6725730Z   Installing build dependencies: started
2025-02-24T21:42:17.3024340Z   Installing build dependencies: finished with status 'done'
2025-02-24T21:42:17.3098010Z   Checking if build backend supports build_editable: started
2025-02-24T21:42:17.4388460Z   Checking if build backend supports build_editable: finished with status 'done'
2025-02-24T21:42:17.4402100Z   Getting requirements to build editable: started
2025-02-24T21:42:18.3751250Z   Getting requirements to build editable: finished with status 'done'
2025-02-24T21:42:18.3849120Z   Preparing editable metadata (pyproject.toml): started
2025-02-24T21:42:18.9995030Z   Preparing editable metadata (pyproject.toml): finished with status 'done'
2025-02-24T21:42:19.0707020Z Requirement already satisfied: astropy in /Users/runner/micromamba/envs/tardis/lib/python3.12/site-packages (from tardis==0.0.0) (6.1.1)
2025-02-24T21:42:19.1142240Z Requirement already satisfied: numpy>=1.23 in /Users/runner/micromamba/envs/tardis/lib/python3.12/site-packages (from astropy->tardis==0.0.0) (2.0.2)
2025-02-24T21:42:19.1174850Z Requirement already satisfied: pyerfa>=2.0.1.1 in /Users/runner/micromamba/envs/tardis/lib/python3.12/site-packages (from astropy->tardis==0.0.0) (2.0.1.4)
2025-02-24T21:42:19.1178410Z Requirement already satisfied: astropy-iers-data>=0.2024.5.27.0.30.8 in /Users/runner/micromamba/envs/tardis/lib/python3.12/site-packages (from astropy->tardis==0.0.0) (0.2024.6.17.0.31.35)
2025-02-24T21:42:19.1179660Z Requirement already satisfied: PyYAML>=3.13 in /Users/runner/micromamba/envs/tardis/lib/python3.12/site-packages (from astropy->tardis==0.0.0) (6.0.1)
2025-02-24T21:42:19.1182510Z Requirement already satisfied: packaging>=19.0 in /Users/runner/micromamba/envs/tardis/lib/python3.12/site-packages (from astropy->tardis==0.0.0) (24.1)
2025-02-24T21:42:19.1249260Z Building wheels for collected packages: tardis
2025-02-24T21:42:19.1424200Z   Building editable for tardis (pyproject.toml): started
2025-02-24T21:42:20.0164900Z   Building editable for tardis (pyproject.toml): finished with status 'done'
2025-02-24T21:42:20.0172610Z   Created wheel for tardis: filename=tardis-0.0.0-0.editable-py3-none-any.whl size=8877 sha256=18b807bec5fe6003d0b6656314082511260c869f6aa134c4bddb8f072e94e976
2025-02-24T21:42:20.0175010Z   Stored in directory: /private/var/folders/2s/h6hvv9ps03xgz_krkkstvq_r0000gn/T/pip-ephem-wheel-cache-rfd_p4cv/wheels/bb/4f/6a/0829b918c1c10bc28535ce7f14be21eee54375bdd9cd0c306a
2025-02-24T21:42:20.0202430Z Successfully built tardis
2025-02-24T21:42:20.6952880Z Installing collected packages: tardis
2025-02-24T21:42:20.7035190Z Successfully installed tardis-0.0.0
2025-02-24T21:42:21.0136660Z ##[group]Run pip install qgridnext
2025-02-24T21:42:21.0137100Z [36;1mpip install qgridnext[0m
2025-02-24T21:42:21.0277520Z shell: /bin/bash -l {0}
2025-02-24T21:42:21.0277870Z env:
2025-02-24T21:42:21.0278100Z   CACHE_NUMBER: 0
2025-02-24T21:42:21.0278750Z   PYTEST_FLAGS: --tardis-regression-data=/Users/runner/work/tardis/tardis/tardis-regression-data --cov=tardis --cov-report=xml --cov-report=html --cov-append
2025-02-24T21:42:21.0279320Z   CODECOV_TOKEN: 
2025-02-24T21:42:21.0279630Z   MAMBA_ROOT_PREFIX: /Users/runner/micromamba
2025-02-24T21:42:21.0279960Z   MAMBA_EXE: /Users/runner/micromamba-bin/micromamba
2025-02-24T21:42:21.0280750Z   CONDARC: /Users/runner/work/_temp/setup-micromamba/.condarc
2025-02-24T21:42:21.0281080Z ##[endgroup]
2025-02-24T21:42:21.8514530Z Collecting qgridnext
2025-02-24T21:42:21.8846400Z   Downloading qgridnext-2.0.4-py3-none-any.whl.metadata (9.9 kB)
2025-02-24T21:42:21.9044240Z Requirement already satisfied: pandas>=0.20.0 in /Users/runner/micromamba/envs/tardis/lib/python3.12/site-packages (from qgridnext) (2.2.2)
2025-02-24T21:42:21.9049930Z Requirement already satisfied: ipywidgets>=7.0.0 in /Users/runner/micromamba/envs/tardis/lib/python3.12/site-packages (from qgridnext) (7.8.0)
2025-02-24T21:42:21.9056360Z Requirement already satisfied: numpy in /Users/runner/micromamba/envs/tardis/lib/python3.12/site-packages (from qgridnext) (2.0.2)
2025-02-24T21:42:21.9062890Z Requirement already satisfied: traitlets in /Users/runner/micromamba/envs/tardis/lib/python3.12/site-packages (from qgridnext) (5.14.3)
2025-02-24T21:42:21.9118360Z Requirement already satisfied: comm>=0.1.3 in /Users/runner/micromamba/envs/tardis/lib/python3.12/site-packages (from ipywidgets>=7.0.0->qgridnext) (0.2.2)
2025-02-24T21:42:21.9122670Z Requirement already satisfied: ipython-genutils~=0.2.0 in /Users/runner/micromamba/envs/tardis/lib/python3.12/site-packages (from ipywidgets>=7.0.0->qgridnext) (0.2.0)
2025-02-24T21:42:21.9132040Z Requirement already satisfied: widgetsnbextension~=3.6.5 in /Users/runner/micromamba/envs/tardis/lib/python3.12/site-packages (from ipywidgets>=7.0.0->qgridnext) (3.6.6)
2025-02-24T21:42:21.9141030Z Requirement already satisfied: ipython>=4.0.0 in /Users/runner/micromamba/envs/tardis/lib/python3.12/site-packages (from ipywidgets>=7.0.0->qgridnext) (8.25.0)
2025-02-24T21:42:21.9149990Z Requirement already satisfied: jupyterlab-widgets<3,>=1.0.0 in /Users/runner/micromamba/envs/tardis/lib/python3.12/site-packages (from ipywidgets>=7.0.0->qgridnext) (1.1.7)
2025-02-24T21:42:21.9450960Z Requirement already satisfied: python-dateutil>=2.8.2 in /Users/runner/micromamba/envs/tardis/lib/python3.12/site-packages (from pandas>=0.20.0->qgridnext) (2.9.0.post0)
2025-02-24T21:42:21.9459680Z Requirement already satisfied: pytz>=2020.1 in /Users/runner/micromamba/envs/tardis/lib/python3.12/site-packages (from pandas>=0.20.0->qgridnext) (2024.1)
2025-02-24T21:42:21.9466390Z Requirement already satisfied: tzdata>=2022.7 in /Users/runner/micromamba/envs/tardis/lib/python3.12/site-packages (from pandas>=0.20.0->qgridnext) (2024.1)
2025-02-24T21:42:21.9688470Z Requirement already satisfied: decorator in /Users/runner/micromamba/envs/tardis/lib/python3.12/site-packages (from ipython>=4.0.0->ipywidgets>=7.0.0->qgridnext) (5.1.1)
2025-02-24T21:42:21.9699780Z Requirement already satisfied: jedi>=0.16 in /Users/runner/micromamba/envs/tardis/lib/python3.12/site-packages (from ipython>=4.0.0->ipywidgets>=7.0.0->qgridnext) (0.19.1)
2025-02-24T21:42:21.9705160Z Requirement already satisfied: matplotlib-inline in /Users/runner/micromamba/envs/tardis/lib/python3.12/site-packages (from ipython>=4.0.0->ipywidgets>=7.0.0->qgridnext) (0.1.7)
2025-02-24T21:42:21.9711230Z Requirement already satisfied: prompt-toolkit<3.1.0,>=3.0.41 in /Users/runner/micromamba/envs/tardis/lib/python3.12/site-packages (from ipython>=4.0.0->ipywidgets>=7.0.0->qgridnext) (3.0.47)
2025-02-24T21:42:21.9717190Z Requirement already satisfied: pygments>=2.4.0 in /Users/runner/micromamba/envs/tardis/lib/python3.12/site-packages (from ipython>=4.0.0->ipywidgets>=7.0.0->qgridnext) (2.18.0)
2025-02-24T21:42:21.9724970Z Requirement already satisfied: stack-data in /Users/runner/micromamba/envs/tardis/lib/python3.12/site-packages (from ipython>=4.0.0->ipywidgets>=7.0.0->qgridnext) (0.6.2)
2025-02-24T21:42:21.9736750Z Requirement already satisfied: pexpect>4.3 in /Users/runner/micromamba/envs/tardis/lib/python3.12/site-packages (from ipython>=4.0.0->ipywidgets>=7.0.0->qgridnext) (4.9.0)
2025-02-24T21:42:21.9768020Z Requirement already satisfied: six>=1.5 in /Users/runner/micromamba/envs/tardis/lib/python3.12/site-packages (from python-dateutil>=2.8.2->pandas>=0.20.0->qgridnext) (1.16.0)
2025-02-24T21:42:21.9806860Z Requirement already satisfied: notebook>=4.4.1 in /Users/runner/micromamba/envs/tardis/lib/python3.12/site-packages (from widgetsnbextension~=3.6.5->ipywidgets>=7.0.0->qgridnext) (7.2.1)
2025-02-24T21:42:21.9939370Z Requirement already satisfied: parso<0.9.0,>=0.8.3 in /Users/runner/micromamba/envs/tardis/lib/python3.12/site-packages (from jedi>=0.16->ipython>=4.0.0->ipywidgets>=7.0.0->qgridnext) (0.8.4)
2025-02-24T21:42:22.0117740Z Requirement already satisfied: jupyter-server<3,>=2.4.0 in /Users/runner/micromamba/envs/tardis/lib/python3.12/site-packages (from notebook>=4.4.1->widgetsnbextension~=3.6.5->ipywidgets>=7.0.0->qgridnext) (2.14.1)
2025-02-24T21:42:22.0217600Z Requirement already satisfied: jupyterlab-server<3,>=2.27.1 in /Users/runner/micromamba/envs/tardis/lib/python3.12/site-packages (from notebook>=4.4.1->widgetsnbextension~=3.6.5->ipywidgets>=7.0.0->qgridnext) (2.27.2)
2025-02-24T21:42:22.0320950Z Requirement already satisfied: jupyterlab<4.3,>=4.2.0 in /Users/runner/micromamba/envs/tardis/lib/python3.12/site-packages (from notebook>=4.4.1->widgetsnbextension~=3.6.5->ipywidgets>=7.0.0->qgridnext) (4.2.2)
2025-02-24T21:42:22.0425790Z Requirement already satisfied: notebook-shim<0.3,>=0.2 in /Users/runner/micromamba/envs/tardis/lib/python3.12/site-packages (from notebook>=4.4.1->widgetsnbextension~=3.6.5->ipywidgets>=7.0.0->qgridnext) (0.2.4)
2025-02-24T21:42:22.0527950Z Requirement already satisfied: tornado>=6.2.0 in /Users/runner/micromamba/envs/tardis/lib/python3.12/site-packages (from notebook>=4.4.1->widgetsnbextension~=3.6.5->ipywidgets>=7.0.0->qgridnext) (6.4.1)
2025-02-24T21:42:22.0629910Z Requirement already satisfied: ptyprocess>=0.5 in /Users/runner/micromamba/envs/tardis/lib/python3.12/site-packages (from pexpect>4.3->ipython>=4.0.0->ipywidgets>=7.0.0->qgridnext) (0.7.0)
2025-02-24T21:42:22.0639820Z Requirement already satisfied: wcwidth in /Users/runner/micromamba/envs/tardis/lib/python3.12/site-packages (from prompt-toolkit<3.1.0,>=3.0.41->ipython>=4.0.0->ipywidgets>=7.0.0->qgridnext) (0.2.13)
2025-02-24T21:42:22.0641040Z Requirement already satisfied: executing>=1.2.0 in /Users/runner/micromamba/envs/tardis/lib/python3.12/site-packages (from stack-data->ipython>=4.0.0->ipywidgets>=7.0.0->qgridnext) (2.0.1)
2025-02-24T21:42:22.0642170Z Requirement already satisfied: asttokens>=2.1.0 in /Users/runner/micromamba/envs/tardis/lib/python3.12/site-packages (from stack-data->ipython>=4.0.0->ipywidgets>=7.0.0->qgridnext) (2.4.1)
2025-02-24T21:42:22.0643280Z Requirement already satisfied: pure-eval in /Users/runner/micromamba/envs/tardis/lib/python3.12/site-packages (from stack-data->ipython>=4.0.0->ipywidgets>=7.0.0->qgridnext) (0.2.2)
2025-02-24T21:42:22.0824170Z Requirement already satisfied: anyio>=3.1.0 in /Users/runner/micromamba/envs/tardis/lib/python3.12/site-packages (from jupyter-server<3,>=2.4.0->notebook>=4.4.1->widgetsnbextension~=3.6.5->ipywidgets>=7.0.0->qgridnext) (4.4.0)
2025-02-24T21:42:22.0829080Z Requirement already satisfied: argon2-cffi>=21.1 in /Users/runner/micromamba/envs/tardis/lib/python3.12/site-packages (from jupyter-server<3,>=2.4.0->notebook>=4.4.1->widgetsnbextension~=3.6.5->ipywidgets>=7.0.0->qgridnext) (23.1.0)
2025-02-24T21:42:22.0834310Z Requirement already satisfied: jinja2>=3.0.3 in /Users/runner/micromamba/envs/tardis/lib/python3.12/site-packages (from jupyter-server<3,>=2.4.0->notebook>=4.4.1->widgetsnbextension~=3.6.5->ipywidgets>=7.0.0->qgridnext) (3.1.4)
2025-02-24T21:42:22.0843470Z Requirement already satisfied: jupyter-client>=7.4.4 in /Users/runner/micromamba/envs/tardis/lib/python3.12/site-packages (from jupyter-server<3,>=2.4.0->notebook>=4.4.1->widgetsnbextension~=3.6.5->ipywidgets>=7.0.0->qgridnext) (8.6.2)
2025-02-24T21:42:22.0851510Z Requirement already satisfied: jupyter-core!=5.0.*,>=4.12 in /Users/runner/micromamba/envs/tardis/lib/python3.12/site-packages (from jupyter-server<3,>=2.4.0->notebook>=4.4.1->widgetsnbextension~=3.6.5->ipywidgets>=7.0.0->qgridnext) (5.7.2)
2025-02-24T21:42:22.0859110Z Requirement already satisfied: jupyter-events>=0.9.0 in /Users/runner/micromamba/envs/tardis/lib/python3.12/site-packages (from jupyter-server<3,>=2.4.0->notebook>=4.4.1->widgetsnbextension~=3.6.5->ipywidgets>=7.0.0->qgridnext) (0.10.0)
2025-02-24T21:42:22.0866810Z Requirement already satisfied: jupyter-server-terminals>=0.4.4 in /Users/runner/micromamba/envs/tardis/lib/python3.12/site-packages (from jupyter-server<3,>=2.4.0->notebook>=4.4.1->widgetsnbextension~=3.6.5->ipywidgets>=7.0.0->qgridnext) (0.5.3)
2025-02-24T21:42:22.0878470Z Requirement already satisfied: nbconvert>=6.4.4 in /Users/runner/micromamba/envs/tardis/lib/python3.12/site-packages (from jupyter-server<3,>=2.4.0->notebook>=4.4.1->widgetsnbextension~=3.6.5->ipywidgets>=7.0.0->qgridnext) (7.16.4)
2025-02-24T21:42:22.0884620Z Requirement already satisfied: nbformat>=5.3.0 in /Users/runner/micromamba/envs/tardis/lib/python3.12/site-packages (from jupyter-server<3,>=2.4.0->notebook>=4.4.1->widgetsnbextension~=3.6.5->ipywidgets>=7.0.0->qgridnext) (5.10.4)
2025-02-24T21:42:22.0889750Z Requirement already satisfied: overrides>=5.0 in /Users/runner/micromamba/envs/tardis/lib/python3.12/site-packages (from jupyter-server<3,>=2.4.0->notebook>=4.4.1->widgetsnbextension~=3.6.5->ipywidgets>=7.0.0->qgridnext) (7.7.0)
2025-02-24T21:42:22.0896100Z Requirement already satisfied: packaging>=22.0 in /Users/runner/micromamba/envs/tardis/lib/python3.12/site-packages (from jupyter-server<3,>=2.4.0->notebook>=4.4.1->widgetsnbextension~=3.6.5->ipywidgets>=7.0.0->qgridnext) (24.1)
2025-02-24T21:42:22.0900390Z Requirement already satisfied: prometheus-client>=0.9 in /Users/runner/micromamba/envs/tardis/lib/python3.12/site-packages (from jupyter-server<3,>=2.4.0->notebook>=4.4.1->widgetsnbextension~=3.6.5->ipywidgets>=7.0.0->qgridnext) (0.20.0)
2025-02-24T21:42:22.0919580Z Requirement already satisfied: pyzmq>=24 in /Users/runner/micromamba/envs/tardis/lib/python3.12/site-packages (from jupyter-server<3,>=2.4.0->notebook>=4.4.1->widgetsnbextension~=3.6.5->ipywidgets>=7.0.0->qgridnext) (26.0.3)
2025-02-24T21:42:22.0925000Z Requirement already satisfied: send2trash>=1.8.2 in /Users/runner/micromamba/envs/tardis/lib/python3.12/site-packages (from jupyter-server<3,>=2.4.0->notebook>=4.4.1->widgetsnbextension~=3.6.5->ipywidgets>=7.0.0->qgridnext) (1.8.3)
2025-02-24T21:42:22.0933620Z Requirement already satisfied: terminado>=0.8.3 in /Users/runner/micromamba/envs/tardis/lib/python3.12/site-packages (from jupyter-server<3,>=2.4.0->notebook>=4.4.1->widgetsnbextension~=3.6.5->ipywidgets>=7.0.0->qgridnext) (0.18.1)
2025-02-24T21:42:22.0947720Z Requirement already satisfied: websocket-client>=1.7 in /Users/runner/micromamba/envs/tardis/lib/python3.12/site-packages (from jupyter-server<3,>=2.4.0->notebook>=4.4.1->widgetsnbextension~=3.6.5->ipywidgets>=7.0.0->qgridnext) (1.8.0)
2025-02-24T21:42:22.1136870Z Requirement already satisfied: async-lru>=1.0.0 in /Users/runner/micromamba/envs/tardis/lib/python3.12/site-packages (from jupyterlab<4.3,>=4.2.0->notebook>=4.4.1->widgetsnbextension~=3.6.5->ipywidgets>=7.0.0->qgridnext) (2.0.4)
2025-02-24T21:42:22.1144840Z Requirement already satisfied: httpx>=0.25.0 in /Users/runner/micromamba/envs/tardis/lib/python3.12/site-packages (from jupyterlab<4.3,>=4.2.0->notebook>=4.4.1->widgetsnbextension~=3.6.5->ipywidgets>=7.0.0->qgridnext) (0.27.0)
2025-02-24T21:42:22.1153490Z Requirement already satisfied: ipykernel>=6.5.0 in /Users/runner/micromamba/envs/tardis/lib/python3.12/site-packages (from jupyterlab<4.3,>=4.2.0->notebook>=4.4.1->widgetsnbextension~=3.6.5->ipywidgets>=7.0.0->qgridnext) (6.29.4)
2025-02-24T21:42:22.1161950Z Requirement already satisfied: jupyter-lsp>=2.0.0 in /Users/runner/micromamba/envs/tardis/lib/python3.12/site-packages (from jupyterlab<4.3,>=4.2.0->notebook>=4.4.1->widgetsnbextension~=3.6.5->ipywidgets>=7.0.0->qgridnext) (2.2.5)
2025-02-24T21:42:22.1180300Z Requirement already satisfied: setuptools>=40.1.0 in /Users/runner/micromamba/envs/tardis/lib/python3.12/site-packages (from jupyterlab<4.3,>=4.2.0->notebook>=4.4.1->widgetsnbextension~=3.6.5->ipywidgets>=7.0.0->qgridnext) (70.0.0)
2025-02-24T21:42:22.1314560Z Requirement already satisfied: babel>=2.10 in /Users/runner/micromamba/envs/tardis/lib/python3.12/site-packages (from jupyterlab-server<3,>=2.27.1->notebook>=4.4.1->widgetsnbextension~=3.6.5->ipywidgets>=7.0.0->qgridnext) (2.14.0)
2025-02-24T21:42:22.1335800Z Requirement already satisfied: json5>=0.9.0 in /Users/runner/micromamba/envs/tardis/lib/python3.12/site-packages (from jupyterlab-server<3,>=2.27.1->notebook>=4.4.1->widgetsnbextension~=3.6.5->ipywidgets>=7.0.0->qgridnext) (0.9.25)
2025-02-24T21:42:22.1344090Z Requirement already satisfied: jsonschema>=4.18.0 in /Users/runner/micromamba/envs/tardis/lib/python3.12/site-packages (from jupyterlab-server<3,>=2.27.1->notebook>=4.4.1->widgetsnbextension~=3.6.5->ipywidgets>=7.0.0->qgridnext) (4.22.0)
2025-02-24T21:42:22.1357290Z Requirement already satisfied: requests>=2.31 in /Users/runner/micromamba/envs/tardis/lib/python3.12/site-packages (from jupyterlab-server<3,>=2.27.1->notebook>=4.4.1->widgetsnbextension~=3.6.5->ipywidgets>=7.0.0->qgridnext) (2.32.3)
2025-02-24T21:42:22.1608860Z Requirement already satisfied: idna>=2.8 in /Users/runner/micromamba/envs/tardis/lib/python3.12/site-packages (from anyio>=3.1.0->jupyter-server<3,>=2.4.0->notebook>=4.4.1->widgetsnbextension~=3.6.5->ipywidgets>=7.0.0->qgridnext) (3.7)
2025-02-24T21:42:22.1710700Z Requirement already satisfied: sniffio>=1.1 in /Users/runner/micromamba/envs/tardis/lib/python3.12/site-packages (from anyio>=3.1.0->jupyter-server<3,>=2.4.0->notebook>=4.4.1->widgetsnbextension~=3.6.5->ipywidgets>=7.0.0->qgridnext) (1.3.1)
2025-02-24T21:42:22.1813480Z Requirement already satisfied: argon2-cffi-bindings in /Users/runner/micromamba/envs/tardis/lib/python3.12/site-packages (from argon2-cffi>=21.1->jupyter-server<3,>=2.4.0->notebook>=4.4.1->widgetsnbextension~=3.6.5->ipywidgets>=7.0.0->qgridnext) (21.2.0)
2025-02-24T21:42:22.2015440Z Requirement already satisfied: certifi in /Users/runner/micromamba/envs/tardis/lib/python3.12/site-packages (from httpx>=0.25.0->jupyterlab<4.3,>=4.2.0->notebook>=4.4.1->widgetsnbextension~=3.6.5->ipywidgets>=7.0.0->qgridnext) (2024.12.14)
2025-02-24T21:42:22.2117200Z Requirement already satisfied: httpcore==1.* in /Users/runner/micromamba/envs/tardis/lib/python3.12/site-packages (from httpx>=0.25.0->jupyterlab<4.3,>=4.2.0->notebook>=4.4.1->widgetsnbextension~=3.6.5->ipywidgets>=7.0.0->qgridnext) (1.0.5)
2025-02-24T21:42:22.2219540Z Requirement already satisfied: h11<0.15,>=0.13 in /Users/runner/micromamba/envs/tardis/lib/python3.12/site-packages (from httpcore==1.*->httpx>=0.25.0->jupyterlab<4.3,>=4.2.0->notebook>=4.4.1->widgetsnbextension~=3.6.5->ipywidgets>=7.0.0->qgridnext) (0.14.0)
2025-02-24T21:42:22.2321500Z Requirement already satisfied: appnope in /Users/runner/micromamba/envs/tardis/lib/python3.12/site-packages (from ipykernel>=6.5.0->jupyterlab<4.3,>=4.2.0->notebook>=4.4.1->widgetsnbextension~=3.6.5->ipywidgets>=7.0.0->qgridnext) (0.1.4)
2025-02-24T21:42:22.2422360Z Requirement already satisfied: debugpy>=1.6.5 in /Users/runner/micromamba/envs/tardis/lib/python3.12/site-packages (from ipykernel>=6.5.0->jupyterlab<4.3,>=4.2.0->notebook>=4.4.1->widgetsnbextension~=3.6.5->ipywidgets>=7.0.0->qgridnext) (1.8.1)
2025-02-24T21:42:22.2526640Z Requirement already satisfied: nest-asyncio in /Users/runner/micromamba/envs/tardis/lib/python3.12/site-packages (from ipykernel>=6.5.0->jupyterlab<4.3,>=4.2.0->notebook>=4.4.1->widgetsnbextension~=3.6.5->ipywidgets>=7.0.0->qgridnext) (1.6.0)
2025-02-24T21:42:22.2628380Z Requirement already satisfied: psutil in /Users/runner/micromamba/envs/tardis/lib/python3.12/site-packages (from ipykernel>=6.5.0->jupyterlab<4.3,>=4.2.0->notebook>=4.4.1->widgetsnbextension~=3.6.5->ipywidgets>=7.0.0->qgridnext) (5.9.8)
2025-02-24T21:42:22.2732200Z Requirement already satisfied: MarkupSafe>=2.0 in /Users/runner/micromamba/envs/tardis/lib/python3.12/site-packages (from jinja2>=3.0.3->jupyter-server<3,>=2.4.0->notebook>=4.4.1->widgetsnbextension~=3.6.5->ipywidgets>=7.0.0->qgridnext) (2.1.5)
2025-02-24T21:42:22.2832540Z Requirement already satisfied: attrs>=22.2.0 in /Users/runner/micromamba/envs/tardis/lib/python3.12/site-packages (from jsonschema>=4.18.0->jupyterlab-server<3,>=2.27.1->notebook>=4.4.1->widgetsnbextension~=3.6.5->ipywidgets>=7.0.0->qgridnext) (23.2.0)
2025-02-24T21:42:22.2933860Z Requirement already satisfied: jsonschema-specifications>=2023.03.6 in /Users/runner/micromamba/envs/tardis/lib/python3.12/site-packages (from jsonschema>=4.18.0->jupyterlab-server<3,>=2.27.1->notebook>=4.4.1->widgetsnbextension~=3.6.5->ipywidgets>=7.0.0->qgridnext) (2023.12.1)
2025-02-24T21:42:22.3022890Z Requirement already satisfied: referencing>=0.28.4 in /Users/runner/micromamba/envs/tardis/lib/python3.12/site-packages (from jsonschema>=4.18.0->jupyterlab-server<3,>=2.27.1->notebook>=4.4.1->widgetsnbextension~=3.6.5->ipywidgets>=7.0.0->qgridnext) (0.35.1)
2025-02-24T21:42:22.3031640Z Requirement already satisfied: rpds-py>=0.7.1 in /Users/runner/micromamba/envs/tardis/lib/python3.12/site-packages (from jsonschema>=4.18.0->jupyterlab-server<3,>=2.27.1->notebook>=4.4.1->widgetsnbextension~=3.6.5->ipywidgets>=7.0.0->qgridnext) (0.18.1)
2025-02-24T21:42:22.3041000Z Requirement already satisfied: platformdirs>=2.5 in /Users/runner/micromamba/envs/tardis/lib/python3.12/site-packages (from jupyter-core!=5.0.*,>=4.12->jupyter-server<3,>=2.4.0->notebook>=4.4.1->widgetsnbextension~=3.6.5->ipywidgets>=7.0.0->qgridnext) (4.2.2)
2025-02-24T21:42:22.3042980Z Requirement already satisfied: python-json-logger>=2.0.4 in /Users/runner/micromamba/envs/tardis/lib/python3.12/site-packages (from jupyter-events>=0.9.0->jupyter-server<3,>=2.4.0->notebook>=4.4.1->widgetsnbextension~=3.6.5->ipywidgets>=7.0.0->qgridnext) (2.0.7)
2025-02-24T21:42:22.3046630Z Requirement already satisfied: pyyaml>=5.3 in /Users/runner/micromamba/envs/tardis/lib/python3.12/site-packages (from jupyter-events>=0.9.0->jupyter-server<3,>=2.4.0->notebook>=4.4.1->widgetsnbextension~=3.6.5->ipywidgets>=7.0.0->qgridnext) (6.0.1)
2025-02-24T21:42:22.3048530Z Requirement already satisfied: rfc3339-validator in /Users/runner/micromamba/envs/tardis/lib/python3.12/site-packages (from jupyter-events>=0.9.0->jupyter-server<3,>=2.4.0->notebook>=4.4.1->widgetsnbextension~=3.6.5->ipywidgets>=7.0.0->qgridnext) (0.1.4)
2025-02-24T21:42:22.3049960Z Requirement already satisfied: rfc3986-validator>=0.1.1 in /Users/runner/micromamba/envs/tardis/lib/python3.12/site-packages (from jupyter-events>=0.9.0->jupyter-server<3,>=2.4.0->notebook>=4.4.1->widgetsnbextension~=3.6.5->ipywidgets>=7.0.0->qgridnext) (0.1.1)
2025-02-24T21:42:22.3304910Z Requirement already satisfied: beautifulsoup4 in /Users/runner/micromamba/envs/tardis/lib/python3.12/site-packages (from nbconvert>=6.4.4->jupyter-server<3,>=2.4.0->notebook>=4.4.1->widgetsnbextension~=3.6.5->ipywidgets>=7.0.0->qgridnext) (4.12.3)
2025-02-24T21:42:22.3318080Z Requirement already satisfied: bleach!=5.0.0 in /Users/runner/micromamba/envs/tardis/lib/python3.12/site-packages (from nbconvert>=6.4.4->jupyter-server<3,>=2.4.0->notebook>=4.4.1->widgetsnbextension~=3.6.5->ipywidgets>=7.0.0->qgridnext) (6.1.0)
2025-02-24T21:42:22.3327850Z Requirement already satisfied: defusedxml in /Users/runner/micromamba/envs/tardis/lib/python3.12/site-packages (from nbconvert>=6.4.4->jupyter-server<3,>=2.4.0->notebook>=4.4.1->widgetsnbextension~=3.6.5->ipywidgets>=7.0.0->qgridnext) (0.7.1)
2025-02-24T21:42:22.3337900Z Requirement already satisfied: jupyterlab-pygments in /Users/runner/micromamba/envs/tardis/lib/python3.12/site-packages (from nbconvert>=6.4.4->jupyter-server<3,>=2.4.0->notebook>=4.4.1->widgetsnbextension~=3.6.5->ipywidgets>=7.0.0->qgridnext) (0.3.0)
2025-02-24T21:42:22.3345030Z Requirement already satisfied: mistune<4,>=2.0.3 in /Users/runner/micromamba/envs/tardis/lib/python3.12/site-packages (from nbconvert>=6.4.4->jupyter-server<3,>=2.4.0->notebook>=4.4.1->widgetsnbextension~=3.6.5->ipywidgets>=7.0.0->qgridnext) (3.0.2)
2025-02-24T21:42:22.3352200Z Requirement already satisfied: nbclient>=0.5.0 in /Users/runner/micromamba/envs/tardis/lib/python3.12/site-packages (from nbconvert>=6.4.4->jupyter-server<3,>=2.4.0->notebook>=4.4.1->widgetsnbextension~=3.6.5->ipywidgets>=7.0.0->qgridnext) (0.10.0)
2025-02-24T21:42:22.3362750Z Requirement already satisfied: pandocfilters>=1.4.1 in /Users/runner/micromamba/envs/tardis/lib/python3.12/site-packages (from nbconvert>=6.4.4->jupyter-server<3,>=2.4.0->notebook>=4.4.1->widgetsnbextension~=3.6.5->ipywidgets>=7.0.0->qgridnext) (1.5.0)
2025-02-24T21:42:22.3368120Z Requirement already satisfied: tinycss2 in /Users/runner/micromamba/envs/tardis/lib/python3.12/site-packages (from nbconvert>=6.4.4->jupyter-server<3,>=2.4.0->notebook>=4.4.1->widgetsnbextension~=3.6.5->ipywidgets>=7.0.0->qgridnext) (1.3.0)
2025-02-24T21:42:22.3450300Z Requirement already satisfied: fastjsonschema>=2.15 in /Users/runner/micromamba/envs/tardis/lib/python3.12/site-packages (from nbformat>=5.3.0->jupyter-server<3,>=2.4.0->notebook>=4.4.1->widgetsnbextension~=3.6.5->ipywidgets>=7.0.0->qgridnext) (2.20.0)
2025-02-24T21:42:22.3708380Z Requirement already satisfied: charset_normalizer<4,>=2 in /Users/runner/micromamba/envs/tardis/lib/python3.12/site-packages (from requests>=2.31->jupyterlab-server<3,>=2.27.1->notebook>=4.4.1->widgetsnbextension~=3.6.5->ipywidgets>=7.0.0->qgridnext) (3.3.2)
2025-02-24T21:42:22.3718660Z Requirement already satisfied: urllib3<3,>=1.21.1 in /Users/runner/micromamba/envs/tardis/lib/python3.12/site-packages (from requests>=2.31->jupyterlab-server<3,>=2.27.1->notebook>=4.4.1->widgetsnbextension~=3.6.5->ipywidgets>=7.0.0->qgridnext) (2.2.2)
2025-02-24T21:42:22.4308180Z Requirement already satisfied: webencodings in /Users/runner/micromamba/envs/tardis/lib/python3.12/site-packages (from bleach!=5.0.0->nbconvert>=6.4.4->jupyter-server<3,>=2.4.0->notebook>=4.4.1->widgetsnbextension~=3.6.5->ipywidgets>=7.0.0->qgridnext) (0.5.1)
2025-02-24T21:42:22.4743340Z Requirement already satisfied: fqdn in /Users/runner/micromamba/envs/tardis/lib/python3.12/site-packages (from jsonschema[format-nongpl]>=4.18.0->jupyter-events>=0.9.0->jupyter-server<3,>=2.4.0->notebook>=4.4.1->widgetsnbextension~=3.6.5->ipywidgets>=7.0.0->qgridnext) (1.5.1)
2025-02-24T21:42:22.4751910Z Requirement already satisfied: isoduration in /Users/runner/micromamba/envs/tardis/lib/python3.12/site-packages (from jsonschema[format-nongpl]>=4.18.0->jupyter-events>=0.9.0->jupyter-server<3,>=2.4.0->notebook>=4.4.1->widgetsnbextension~=3.6.5->ipywidgets>=7.0.0->qgridnext) (20.11.0)
2025-02-24T21:42:22.4759260Z Requirement already satisfied: jsonpointer>1.13 in /Users/runner/micromamba/envs/tardis/lib/python3.12/site-packages (from jsonschema[format-nongpl]>=4.18.0->jupyter-events>=0.9.0->jupyter-server<3,>=2.4.0->notebook>=4.4.1->widgetsnbextension~=3.6.5->ipywidgets>=7.0.0->qgridnext) (3.0.0)
2025-02-24T21:42:22.4772940Z Requirement already satisfied: uri-template in /Users/runner/micromamba/envs/tardis/lib/python3.12/site-packages (from jsonschema[format-nongpl]>=4.18.0->jupyter-events>=0.9.0->jupyter-server<3,>=2.4.0->notebook>=4.4.1->widgetsnbextension~=3.6.5->ipywidgets>=7.0.0->qgridnext) (1.3.0)
2025-02-24T21:42:22.4781160Z Requirement already satisfied: webcolors>=1.11 in /Users/runner/micromamba/envs/tardis/lib/python3.12/site-packages (from jsonschema[format-nongpl]>=4.18.0->jupyter-events>=0.9.0->jupyter-server<3,>=2.4.0->notebook>=4.4.1->widgetsnbextension~=3.6.5->ipywidgets>=7.0.0->qgridnext) (24.6.0)
2025-02-24T21:42:22.5572670Z Requirement already satisfied: cffi>=1.0.1 in /Users/runner/micromamba/envs/tardis/lib/python3.12/site-packages (from argon2-cffi-bindings->argon2-cffi>=21.1->jupyter-server<3,>=2.4.0->notebook>=4.4.1->widgetsnbextension~=3.6.5->ipywidgets>=7.0.0->qgridnext) (1.16.0)
2025-02-24T21:42:22.5644940Z Requirement already satisfied: soupsieve>1.2 in /Users/runner/micromamba/envs/tardis/lib/python3.12/site-packages (from beautifulsoup4->nbconvert>=6.4.4->jupyter-server<3,>=2.4.0->notebook>=4.4.1->widgetsnbextension~=3.6.5->ipywidgets>=7.0.0->qgridnext) (2.5)
2025-02-24T21:42:22.6275510Z Requirement already satisfied: pycparser in /Users/runner/micromamba/envs/tardis/lib/python3.12/site-packages (from cffi>=1.0.1->argon2-cffi-bindings->argon2-cffi>=21.1->jupyter-server<3,>=2.4.0->notebook>=4.4.1->widgetsnbextension~=3.6.5->ipywidgets>=7.0.0->qgridnext) (2.22)
2025-02-24T21:42:22.6779010Z Requirement already satisfied: arrow>=0.15.0 in /Users/runner/micromamba/envs/tardis/lib/python3.12/site-packages (from isoduration->jsonschema[format-nongpl]>=4.18.0->jupyter-events>=0.9.0->jupyter-server<3,>=2.4.0->notebook>=4.4.1->widgetsnbextension~=3.6.5->ipywidgets>=7.0.0->qgridnext) (1.3.0)
2025-02-24T21:42:22.7061270Z Requirement already satisfied: types-python-dateutil>=2.8.10 in /Users/runner/micromamba/envs/tardis/lib/python3.12/site-packages (from arrow>=0.15.0->isoduration->jsonschema[format-nongpl]>=4.18.0->jupyter-events>=0.9.0->jupyter-server<3,>=2.4.0->notebook>=4.4.1->widgetsnbextension~=3.6.5->ipywidgets>=7.0.0->qgridnext) (2.9.0.20240316)
2025-02-24T21:42:22.7480780Z Downloading qgridnext-2.0.4-py3-none-any.whl (1.3 MB)
2025-02-24T21:42:22.7998470Z    â”â”â”â”â”â”â”â”â”â”â”â”â”â”â”â”â”â”â”â”â”â”â”â”â”â”â”â”â”â”â”â”â”â”â”â”â”â”â”â” 1.3/1.3 MB 22.3 MB/s eta 0:00:00
2025-02-24T21:42:23.6901360Z Installing collected packages: qgridnext
2025-02-24T21:42:23.7448910Z Successfully installed qgridnext-2.0.4
2025-02-24T21:42:24.0521060Z ##[group]Run pytest tardis --tardis-regression-data=/Users/runner/work/tardis/tardis/tardis-regression-data --cov=tardis --cov-report=xml --cov-report=html --cov-append -m " continuum"
2025-02-24T21:42:24.0523900Z [36;1mpytest tardis --tardis-regression-data=/Users/runner/work/tardis/tardis/tardis-regression-data --cov=tardis --cov-report=xml --cov-report=html --cov-append -m " continuum"[0m
2025-02-24T21:42:24.0606100Z shell: /bin/bash -l {0}
2025-02-24T21:42:24.0606320Z env:
2025-02-24T21:42:24.0606460Z   CACHE_NUMBER: 0
2025-02-24T21:42:24.0606940Z   PYTEST_FLAGS: --tardis-regression-data=/Users/runner/work/tardis/tardis/tardis-regression-data --cov=tardis --cov-report=xml --cov-report=html --cov-append
2025-02-24T21:42:24.0607440Z   CODECOV_TOKEN: 
2025-02-24T21:42:24.0607680Z   MAMBA_ROOT_PREFIX: /Users/runner/micromamba
2025-02-24T21:42:24.0607940Z   MAMBA_EXE: /Users/runner/micromamba-bin/micromamba
2025-02-24T21:42:24.0608300Z   CONDARC: /Users/runner/work/_temp/setup-micromamba/.condarc
2025-02-24T21:42:24.0608640Z ##[endgroup]
2025-02-24T21:42:42.0184930Z /Users/runner/work/tardis/tardis/tardis/io/model/readers/tests/test_artis_readers.py:61: SyntaxWarning:
2025-02-24T21:42:42.0185480Z 
2025-02-24T21:42:42.0185640Z assertion is always true, perhaps remove parentheses?
2025-02-24T21:42:42.0185840Z 
2025-02-24T21:42:47.2421760Z /Users/runner/work/tardis/tardis/tardis/io/model/readers/tests/test_artis_readers.py:61: SyntaxWarning:
2025-02-24T21:42:47.2426830Z 
2025-02-24T21:42:47.2440650Z assertion is always true, perhaps remove parentheses?
2025-02-24T21:42:47.2441610Z 
2025-02-24T21:42:48.7795990Z ============================= test session starts ==============================
2025-02-24T21:42:48.7797290Z platform darwin -- Python 3.12.4, pytest-8.2.2, pluggy-1.5.0
2025-02-24T21:42:48.7798550Z rootdir: /Users/runner/work/tardis/tardis
2025-02-24T21:42:48.7799400Z configfile: pyproject.toml
2025-02-24T21:42:48.7800580Z plugins: cov-5.0.0, html-4.1.1, metadata-3.1.1, doctestplus-1.2.1, anyio-4.4.0
2025-02-24T21:42:48.7801800Z collected 1796 items / 1 error / 1794 deselected / 2 selected
2025-02-24T21:42:48.7802590Z 
2025-02-24T21:42:48.7802890Z ==================================== ERRORS ====================================
2025-02-24T21:42:48.7805290Z _____ ERROR collecting tardis/io/model/readers/tests/test_artis_readers.py _____
2025-02-24T21:42:48.7806940Z ImportError while importing test module '/Users/runner/work/tardis/tardis/tardis/io/model/readers/tests/test_artis_readers.py'.
2025-02-24T21:42:48.7808560Z Hint: make sure your test modules/packages have valid Python names.
2025-02-24T21:42:48.7809510Z Traceback:
2025-02-24T21:42:48.7810380Z ../../../micromamba/envs/tardis/lib/python3.12/importlib/__init__.py:90: in import_module
2025-02-24T21:42:48.7813060Z     return _bootstrap._gcd_import(name[level:], package, level)
2025-02-24T21:42:48.7814350Z tardis/io/model/readers/tests/test_artis_readers.py:6: in <module>
2025-02-24T21:42:48.7815550Z     from tardis.io.model.readers.artis import (
2025-02-24T21:42:48.7817230Z E   ImportError: cannot import name 'read_artis_mass_fractions' from 'tardis.io.model.readers.artis' (/Users/runner/work/tardis/tardis/tardis/io/model/readers/artis.py)
2025-02-24T21:42:48.7819050Z ------------------------------- Captured stdout --------------------------------
2025-02-24T21:42:48.7822040Z [[1mpy.warnings         [0m][[1;33mWARNING[0m]  
2025-02-24T21:42:48.7823540Z 	/Users/runner/work/tardis/tardis/tardis/io/model/readers/tests/test_artis_readers.py:61: PytestAssertRewriteWarning:
2025-02-24T21:42:48.7824710Z 
2025-02-24T21:42:48.7825000Z assertion is always true, perhaps remove parentheses?
2025-02-24T21:42:48.7825610Z 
2025-02-24T21:42:48.7825980Z  ([1mwarnings.py[0m:112)
2025-02-24T21:42:48.7826760Z =============================== warnings summary ===============================
2025-02-24T21:42:48.7827610Z tardis/io/configuration/config_validator.py:6
2025-02-24T21:42:48.7828570Z tardis/io/configuration/config_validator.py:6
2025-02-24T21:42:48.7831470Z   /Users/runner/work/tardis/tardis/tardis/io/configuration/config_validator.py:6: DeprecationWarning:
2025-02-24T21:42:48.7833130Z   
2025-02-24T21:42:48.7836250Z   jsonschema.RefResolver is deprecated as of v4.18.0, in favor of the https://github.com/python-jsonschema/referencing library, which provides more compliant referencing behavior as well as more flexible APIs for customization. A future release will remove RefResolver. Please file a feature request (on referencing) if you are missing an API for the kind of customization you need.
2025-02-24T21:42:48.7839190Z 
2025-02-24T21:42:48.7839810Z ../../../micromamba/envs/tardis/lib/python3.12/site-packages/jupyter_client/connect.py:22
2025-02-24T21:42:48.7841430Z   /Users/runner/micromamba/envs/tardis/lib/python3.12/site-packages/jupyter_client/connect.py:22: DeprecationWarning:
2025-02-24T21:42:48.7842790Z   
2025-02-24T21:42:48.7843490Z   Jupyter is migrating its paths to use standard platformdirs
2025-02-24T21:42:48.7844910Z   given by the platformdirs library.  To remove this warning and
2025-02-24T21:42:48.7846980Z   see the appropriate new directories, set the environment variable
2025-02-24T21:42:48.7848100Z   `JUPYTER_PLATFORM_DIRS=1` and then run `jupyter --paths`.
2025-02-24T21:42:48.7849490Z   The use of platformdirs will be the default in `jupyter_core` v6
2025-02-24T21:42:48.7850060Z 
2025-02-24T21:42:48.7850500Z tardis/plasma/properties/__init__.py:17
2025-02-24T21:42:48.7851740Z   /Users/runner/work/tardis/tardis/tardis/plasma/properties/__init__.py:17: DeprecationWarning:
2025-02-24T21:42:48.7852870Z   
2025-02-24T21:42:48.7854550Z   The numpy.linalg.linalg has been made private and renamed to numpy.linalg._linalg. All public functions exported by it are available from numpy.linalg. Please use numpy.linalg.LinAlgError instead.
2025-02-24T21:42:48.7864680Z 
2025-02-24T21:42:48.7865150Z -- Docs: https://docs.pytest.org/en/stable/how-to/capture-warnings.html
2025-02-24T21:42:48.7865910Z 
2025-02-24T21:42:48.7866380Z ---------- coverage: platform darwin, python 3.12.4-final-0 ----------
2025-02-24T21:42:48.7867330Z Coverage HTML written to dir coverage_html_report
2025-02-24T21:42:48.7868190Z Coverage XML written to file coverage.xml
2025-02-24T21:42:48.7868700Z 
2025-02-24T21:42:48.7868970Z =========================== short test summary info ============================
2025-02-24T21:42:48.7870070Z ERROR tardis/io/model/readers/tests/test_artis_readers.py
2025-02-24T21:42:48.7871140Z !!!!!!!!!!!!!!!!!!!! Interrupted: 1 error during collection !!!!!!!!!!!!!!!!!!!!
2025-02-24T21:42:48.7872090Z ================ 1794 deselected, 4 warnings, 1 error in 9.34s =================
2025-02-24T21:42:49.7705370Z ##[error]Process completed with exit code 2.
2025-02-24T21:42:49.8091770Z Post job cleanup.
2025-02-24T21:42:49.8190540Z Post job cleanup.
2025-02-24T21:42:50.0215470Z Will use pre-installed micromamba at /Users/runner/micromamba-bin/micromamba
2025-02-24T21:42:50.0222220Z Removing micromamba run shell ...
2025-02-24T21:42:50.0222900Z ##[group]Deinitialize micromamba for bash
2025-02-24T21:42:50.0245470Z [command]/Users/runner/micromamba-bin/micromamba shell deinit -s bash -r /Users/runner/micromamba --log-level warning --rc-file /Users/runner/work/_temp/setup-micromamba/.condarc
2025-02-24T21:42:50.0440390Z Resetting RC file "/Users/runner/.bash_profile"
2025-02-24T21:42:50.0444640Z Deleting config for root prefix 
2025-02-24T21:42:50.0446450Z Clearing mamba executable environment variable
2025-02-24T21:42:50.0447690Z Removing the following in your "/Users/runner/.bash_profile" file
2025-02-24T21:42:50.0448530Z # >>> mamba initialize >>>
2025-02-24T21:42:50.0448850Z ...
2025-02-24T21:42:50.0449110Z # <<< mamba initialize <<<
2025-02-24T21:42:50.0514990Z Removing environment tardis from auto-activate bash ...
2025-02-24T21:42:50.0640220Z Post job cleanup.
2025-02-24T21:42:50.0711090Z Post job cleanup.
2025-02-24T21:42:50.1706120Z [command]/opt/homebrew/bin/git version
2025-02-24T21:42:50.1755820Z git version 2.48.1
2025-02-24T21:42:50.1782480Z Copying '/Users/runner/.gitconfig' to '/Users/runner/work/_temp/4bdbd3cb-eb27-4c41-bf92-040a94666a13/.gitconfig'
2025-02-24T21:42:50.1788860Z Temporarily overriding HOME='/Users/runner/work/_temp/4bdbd3cb-eb27-4c41-bf92-040a94666a13' before making global git config changes
2025-02-24T21:42:50.1789530Z Adding repository directory to the temporary git global config as a safe directory
2025-02-24T21:42:50.1792340Z [command]/opt/homebrew/bin/git config --global --add safe.directory /Users/runner/work/tardis/tardis/tardis-regression-data
2025-02-24T21:42:50.1862380Z [command]/opt/homebrew/bin/git config --local --name-only --get-regexp core\.sshCommand
2025-02-24T21:42:50.1910700Z [command]/opt/homebrew/bin/git submodule foreach --recursive sh -c "git config --local --name-only --get-regexp 'core\.sshCommand' && git config --local --unset-all 'core.sshCommand' || :"
2025-02-24T21:42:50.2857240Z [command]/opt/homebrew/bin/git config --local --name-only --get-regexp http\.https\:\/\/github\.com\/\.extraheader
2025-02-24T21:42:50.2893830Z http.https://github.com/.extraheader
2025-02-24T21:42:50.2902330Z [command]/opt/homebrew/bin/git config --local --unset-all http.https://github.com/.extraheader
2025-02-24T21:42:50.2961940Z [command]/opt/homebrew/bin/git submodule foreach --recursive sh -c "git config --local --name-only --get-regexp 'http\.https\:\/\/github\.com\/\.extraheader' && git config --local --unset-all 'http.https://github.com/.extraheader' || :"
2025-02-24T21:42:50.3652270Z Post job cleanup.
2025-02-24T21:42:50.4631950Z [command]/opt/homebrew/bin/git version
2025-02-24T21:42:50.4692160Z git version 2.48.1
2025-02-24T21:42:50.5021600Z Copying '/Users/runner/.gitconfig' to '/Users/runner/work/_temp/8a535c82-2020-4cc8-a53a-89191733177f/.gitconfig'
2025-02-24T21:42:50.5023840Z Temporarily overriding HOME='/Users/runner/work/_temp/8a535c82-2020-4cc8-a53a-89191733177f' before making global git config changes
2025-02-24T21:42:50.5026870Z Adding repository directory to the temporary git global config as a safe directory
2025-02-24T21:42:50.5028120Z [command]/opt/homebrew/bin/git config --global --add safe.directory /Users/runner/work/tardis/tardis
2025-02-24T21:42:50.5030560Z [command]/opt/homebrew/bin/git config --local --name-only --get-regexp core\.sshCommand
2025-02-24T21:42:50.5032410Z [command]/opt/homebrew/bin/git submodule foreach --recursive sh -c "git config --local --name-only --get-regexp 'core\.sshCommand' && git config --local --unset-all 'core.sshCommand' || :"
2025-02-24T21:42:50.5697560Z [command]/opt/homebrew/bin/git config --local --name-only --get-regexp http\.https\:\/\/github\.com\/\.extraheader
2025-02-24T21:42:50.5739720Z http.https://github.com/.extraheader
2025-02-24T21:42:50.5748940Z [command]/opt/homebrew/bin/git config --local --unset-all http.https://github.com/.extraheader
2025-02-24T21:42:50.5818920Z [command]/opt/homebrew/bin/git submodule foreach --recursive sh -c "git config --local --name-only --get-regexp 'http\.https\:\/\/github\.com\/\.extraheader' && git config --local --unset-all 'http.https://github.com/.extraheader' || :"
2025-02-24T21:42:50.6541340Z Cleaning up orphan processes
