2025-02-19T21:34:30.1376187Z Requested labels: macos-latest
2025-02-19T21:34:30.1376447Z Job defined at: tardis-sn/tardis/.github/workflows/tests.yml@refs/pull/2983/merge
2025-02-19T21:34:30.1376568Z Waiting for a runner to pick up this job...
2025-02-19T21:34:30.3585824Z Job is waiting for a hosted runner to come online.
2025-02-19T21:35:59.8348126Z Job is about to start running on the hosted runner: GitHub Actions 13 (hosted)
2025-02-19T21:36:01.4118300Z Current runner version: '2.322.0'
2025-02-19T21:36:01.4142210Z ##[group]Operating System
2025-02-19T21:36:01.4142720Z macOS
2025-02-19T21:36:01.4143040Z 14.7.2
2025-02-19T21:36:01.4143330Z 23H311
2025-02-19T21:36:01.4143640Z ##[endgroup]
2025-02-19T21:36:01.4143950Z ##[group]Runner Image
2025-02-19T21:36:01.4144290Z Image: macos-14-arm64
2025-02-19T21:36:01.4144620Z Version: 20250120.774
2025-02-19T21:36:01.4145310Z Included Software: https://github.com/actions/runner-images/blob/macos-14-arm64/20250120.774/images/macos/macos-14-arm64-Readme.md
2025-02-19T21:36:01.4146260Z Image Release: https://github.com/actions/runner-images/releases/tag/macos-14-arm64%2F20250120.774
2025-02-19T21:36:01.4146850Z ##[endgroup]
2025-02-19T21:36:01.4147180Z ##[group]Runner Image Provisioner
2025-02-19T21:36:01.4147590Z 2.0.422.1+55c30c14fe2a0a1547db1b656933ae07d97649a9
2025-02-19T21:36:01.4147990Z ##[endgroup]
2025-02-19T21:36:01.4149380Z ##[group]GITHUB_TOKEN Permissions
2025-02-19T21:36:01.4150510Z Actions: read
2025-02-19T21:36:01.4150860Z Attestations: read
2025-02-19T21:36:01.4151180Z Checks: read
2025-02-19T21:36:01.4151480Z Contents: read
2025-02-19T21:36:01.4151790Z Deployments: read
2025-02-19T21:36:01.4152110Z Discussions: read
2025-02-19T21:36:01.4152430Z Issues: read
2025-02-19T21:36:01.4152740Z Metadata: read
2025-02-19T21:36:01.4153140Z Packages: read
2025-02-19T21:36:01.4153480Z Pages: read
2025-02-19T21:36:01.4153790Z PullRequests: read
2025-02-19T21:36:01.4154130Z RepositoryProjects: read
2025-02-19T21:36:01.4154480Z SecurityEvents: read
2025-02-19T21:36:01.4154820Z Statuses: read
2025-02-19T21:36:01.4155140Z ##[endgroup]
2025-02-19T21:36:01.4157220Z Secret source: None
2025-02-19T21:36:01.4157730Z Prepare workflow directory
2025-02-19T21:36:01.4552230Z Prepare all required actions
2025-02-19T21:36:01.4580280Z Getting action download info
2025-02-19T21:36:01.6683280Z ##[group]Download immutable action package 'actions/checkout@v4'
2025-02-19T21:36:01.6683940Z Version: 4.2.2
2025-02-19T21:36:01.6684560Z Digest: sha256:ccb2698953eaebd21c7bf6268a94f9c26518a7e38e27e0b83c1fe1ad049819b1
2025-02-19T21:36:01.6685330Z Source commit SHA: 11bd71901bbe5b1630ceea73d27597364c9af683
2025-02-19T21:36:01.6685800Z ##[endgroup]
2025-02-19T21:36:02.0045690Z ##[group]Download immutable action package 'actions/upload-artifact@v4'
2025-02-19T21:36:02.0046430Z Version: 4.6.0
2025-02-19T21:36:02.0047000Z Digest: sha256:bf85474c8423f9cd48bd2caf3ce5adb1711e2dfdb055b040bd36b044e4290329
2025-02-19T21:36:02.0047740Z Source commit SHA: 65c4c4a1ddee5b72f698fdd19549f0f0fb45cf08
2025-02-19T21:36:02.0048300Z ##[endgroup]
2025-02-19T21:36:02.1445430Z Complete job name: not continuum macos-latest 
2025-02-19T21:36:02.1831540Z ##[group]Run actions/checkout@v4
2025-02-19T21:36:02.1832200Z with:
2025-02-19T21:36:02.1832540Z   repository: tardis-sn/tardis
2025-02-19T21:36:02.1833060Z   token: ***
2025-02-19T21:36:02.1833380Z   ssh-strict: true
2025-02-19T21:36:02.1833710Z   ssh-user: git
2025-02-19T21:36:02.1834030Z   persist-credentials: true
2025-02-19T21:36:02.1834410Z   clean: true
2025-02-19T21:36:02.1834740Z   sparse-checkout-cone-mode: true
2025-02-19T21:36:02.1835120Z   fetch-depth: 1
2025-02-19T21:36:02.1835440Z   fetch-tags: false
2025-02-19T21:36:02.1835760Z   show-progress: true
2025-02-19T21:36:02.1836080Z   lfs: false
2025-02-19T21:36:02.1836390Z   submodules: false
2025-02-19T21:36:02.1836710Z   set-safe-directory: true
2025-02-19T21:36:02.1837170Z env:
2025-02-19T21:36:02.1837460Z   CACHE_NUMBER: 0
2025-02-19T21:36:02.1838300Z   PYTEST_FLAGS: --tardis-regression-data=/Users/runner/work/tardis/tardis/tardis-regression-data --cov=tardis --cov-report=xml --cov-report=html --cov-append
2025-02-19T21:36:02.1839210Z   CODECOV_TOKEN: 
2025-02-19T21:36:02.1839520Z ##[endgroup]
2025-02-19T21:36:02.4485400Z Syncing repository: tardis-sn/tardis
2025-02-19T21:36:02.4486740Z ##[group]Getting Git version info
2025-02-19T21:36:02.4487260Z Working directory is '/Users/runner/work/tardis/tardis'
2025-02-19T21:36:02.4584340Z [command]/opt/homebrew/bin/git version
2025-02-19T21:36:02.6036180Z git version 2.48.1
2025-02-19T21:36:02.6269300Z ##[endgroup]
2025-02-19T21:36:02.6273480Z Copying '/Users/runner/.gitconfig' to '/Users/runner/work/_temp/f6313e8a-7aa1-44a6-bdd6-d2b9e0269b02/.gitconfig'
2025-02-19T21:36:02.6275660Z Temporarily overriding HOME='/Users/runner/work/_temp/f6313e8a-7aa1-44a6-bdd6-d2b9e0269b02' before making global git config changes
2025-02-19T21:36:02.6276910Z Adding repository directory to the temporary git global config as a safe directory
2025-02-19T21:36:02.6278010Z [command]/opt/homebrew/bin/git config --global --add safe.directory /Users/runner/work/tardis/tardis
2025-02-19T21:36:02.6280050Z Deleting the contents of '/Users/runner/work/tardis/tardis'
2025-02-19T21:36:02.6281000Z ##[group]Initializing the repository
2025-02-19T21:36:02.6281770Z [command]/opt/homebrew/bin/git init /Users/runner/work/tardis/tardis
2025-02-19T21:36:02.6391800Z hint: Using 'master' as the name for the initial branch. This default branch name
2025-02-19T21:36:02.6394080Z hint: is subject to change. To configure the initial branch name to use in all
2025-02-19T21:36:02.6394920Z hint: of your new repositories, which will suppress this warning, call:
2025-02-19T21:36:02.6395560Z hint:
2025-02-19T21:36:02.6396050Z hint: 	git config --global init.defaultBranch <name>
2025-02-19T21:36:02.6396610Z hint:
2025-02-19T21:36:02.6397150Z hint: Names commonly chosen instead of 'master' are 'main', 'trunk' and
2025-02-19T21:36:02.6397930Z hint: 'development'. The just-created branch can be renamed via this command:
2025-02-19T21:36:02.6398580Z hint:
2025-02-19T21:36:02.6398930Z hint: 	git branch -m <name>
2025-02-19T21:36:02.6399590Z Initialized empty Git repository in /Users/runner/work/tardis/tardis/.git/
2025-02-19T21:36:02.6404660Z [command]/opt/homebrew/bin/git remote add origin https://github.com/tardis-sn/tardis
2025-02-19T21:36:02.6680270Z ##[endgroup]
2025-02-19T21:36:02.6681030Z ##[group]Disabling automatic garbage collection
2025-02-19T21:36:02.6682020Z [command]/opt/homebrew/bin/git config --local gc.auto 0
2025-02-19T21:36:02.6683900Z ##[endgroup]
2025-02-19T21:36:02.6684840Z ##[group]Setting up auth
2025-02-19T21:36:02.6685740Z [command]/opt/homebrew/bin/git config --local --name-only --get-regexp core\.sshCommand
2025-02-19T21:36:02.6687930Z [command]/opt/homebrew/bin/git submodule foreach --recursive sh -c "git config --local --name-only --get-regexp 'core\.sshCommand' && git config --local --unset-all 'core.sshCommand' || :"
2025-02-19T21:36:02.7188940Z [command]/opt/homebrew/bin/git config --local --name-only --get-regexp http\.https\:\/\/github\.com\/\.extraheader
2025-02-19T21:36:02.7227680Z [command]/opt/homebrew/bin/git submodule foreach --recursive sh -c "git config --local --name-only --get-regexp 'http\.https\:\/\/github\.com\/\.extraheader' && git config --local --unset-all 'http.https://github.com/.extraheader' || :"
2025-02-19T21:36:02.7929200Z [command]/opt/homebrew/bin/git config --local http.https://github.com/.extraheader AUTHORIZATION: basic ***
2025-02-19T21:36:02.8203990Z ##[endgroup]
2025-02-19T21:36:02.8204660Z ##[group]Fetching the repository
2025-02-19T21:36:02.8211800Z [command]/opt/homebrew/bin/git -c protocol.version=2 fetch --no-tags --prune --no-recurse-submodules --depth=1 origin +9f2905f05c2cc36acf73c90262c882a2bc8ae3c8:refs/remotes/pull/2983/merge
2025-02-19T21:36:04.6789600Z From https://github.com/tardis-sn/tardis
2025-02-19T21:36:04.6792250Z  * [new ref]         9f2905f05c2cc36acf73c90262c882a2bc8ae3c8 -> pull/2983/merge
2025-02-19T21:36:04.6852360Z ##[endgroup]
2025-02-19T21:36:04.6853270Z ##[group]Determining the checkout info
2025-02-19T21:36:04.6854270Z ##[endgroup]
2025-02-19T21:36:04.6858470Z [command]/opt/homebrew/bin/git sparse-checkout disable
2025-02-19T21:36:04.6912160Z [command]/opt/homebrew/bin/git config --local --unset-all extensions.worktreeConfig
2025-02-19T21:36:04.6958260Z ##[group]Checking out the ref
2025-02-19T21:36:04.6960870Z [command]/opt/homebrew/bin/git checkout --progress --force refs/remotes/pull/2983/merge
2025-02-19T21:36:04.8929890Z HEAD is now at 9f2905f Merge 5dc751ea05f67bda52286343957fb4a33ac53276 into cec8b531cc56e66219fe3ca2efdbf837c008b852
2025-02-19T21:36:04.8939980Z ##[endgroup]
2025-02-19T21:36:04.8994800Z [command]/opt/homebrew/bin/git log -1 --format=%H
2025-02-19T21:36:04.9034430Z 9f2905f05c2cc36acf73c90262c882a2bc8ae3c8
2025-02-19T21:36:04.9334250Z Prepare all required actions
2025-02-19T21:36:04.9335300Z Getting action download info
2025-02-19T21:36:05.0998500Z ##[group]Download immutable action package 'actions/cache@v4'
2025-02-19T21:36:05.0999490Z Version: 4.2.1
2025-02-19T21:36:05.1000470Z Digest: sha256:b0404c9628d43aa6855629075b28f32cadf8efc5c26198438149f78500112940
2025-02-19T21:36:05.1001710Z Source commit SHA: 0c907a75c2c80ebcb7f088228285e798b750cf8f
2025-02-19T21:36:05.1002620Z ##[endgroup]
2025-02-19T21:36:05.7479860Z ##[group]Run ./.github/actions/setup_lfs
2025-02-19T21:36:05.7480470Z with:
2025-02-19T21:36:05.7480980Z   regression-data-repo: tardis-sn/tardis-regression-data
2025-02-19T21:36:05.7481590Z   atom-data-sparse: false
2025-02-19T21:36:05.7482060Z env:
2025-02-19T21:36:05.7482510Z   CACHE_NUMBER: 0
2025-02-19T21:36:05.7483430Z   PYTEST_FLAGS: --tardis-regression-data=/Users/runner/work/tardis/tardis/tardis-regression-data --cov=tardis --cov-report=xml --cov-report=html --cov-append
2025-02-19T21:36:05.7484440Z   CODECOV_TOKEN: 
2025-02-19T21:36:05.7484910Z ##[endgroup]
2025-02-19T21:36:05.7627280Z ##[group]Run actions/checkout@v4
2025-02-19T21:36:05.7627810Z with:
2025-02-19T21:36:05.7628290Z   repository: tardis-sn/tardis-regression-data
2025-02-19T21:36:05.7628850Z   path: tardis-regression-data
2025-02-19T21:36:05.7629340Z   lfs: false
2025-02-19T21:36:05.7630050Z   token: ***
2025-02-19T21:36:05.7630490Z   ssh-strict: true
2025-02-19T21:36:05.7630940Z   ssh-user: git
2025-02-19T21:36:05.7631420Z   persist-credentials: true
2025-02-19T21:36:05.7631880Z   clean: true
2025-02-19T21:36:05.7632330Z   sparse-checkout-cone-mode: true
2025-02-19T21:36:05.7632800Z   fetch-depth: 1
2025-02-19T21:36:05.7633270Z   fetch-tags: false
2025-02-19T21:36:05.7633710Z   show-progress: true
2025-02-19T21:36:05.7634150Z   submodules: false
2025-02-19T21:36:05.7634610Z   set-safe-directory: true
2025-02-19T21:36:05.7635070Z env:
2025-02-19T21:36:05.7635480Z   CACHE_NUMBER: 0
2025-02-19T21:36:05.7636360Z   PYTEST_FLAGS: --tardis-regression-data=/Users/runner/work/tardis/tardis/tardis-regression-data --cov=tardis --cov-report=xml --cov-report=html --cov-append
2025-02-19T21:36:05.7637280Z   CODECOV_TOKEN: 
2025-02-19T21:36:05.7637720Z ##[endgroup]
2025-02-19T21:36:05.8673970Z Syncing repository: tardis-sn/tardis-regression-data
2025-02-19T21:36:05.8676780Z ##[group]Getting Git version info
2025-02-19T21:36:05.8677540Z Working directory is '/Users/runner/work/tardis/tardis/tardis-regression-data'
2025-02-19T21:36:05.8704380Z [command]/opt/homebrew/bin/git version
2025-02-19T21:36:05.8750060Z git version 2.48.1
2025-02-19T21:36:05.8764230Z ##[endgroup]
2025-02-19T21:36:05.8769850Z Copying '/Users/runner/.gitconfig' to '/Users/runner/work/_temp/95bee543-a86b-4ba2-9995-5edefc0af8ae/.gitconfig'
2025-02-19T21:36:05.8776040Z Temporarily overriding HOME='/Users/runner/work/_temp/95bee543-a86b-4ba2-9995-5edefc0af8ae' before making global git config changes
2025-02-19T21:36:05.8777230Z Adding repository directory to the temporary git global config as a safe directory
2025-02-19T21:36:05.8779510Z [command]/opt/homebrew/bin/git config --global --add safe.directory /Users/runner/work/tardis/tardis/tardis-regression-data
2025-02-19T21:36:05.8828350Z ##[group]Initializing the repository
2025-02-19T21:36:05.8831450Z [command]/opt/homebrew/bin/git init /Users/runner/work/tardis/tardis/tardis-regression-data
2025-02-19T21:36:05.8906690Z hint: Using 'master' as the name for the initial branch. This default branch name
2025-02-19T21:36:05.8907760Z hint: is subject to change. To configure the initial branch name to use in all
2025-02-19T21:36:05.8908680Z hint: of your new repositories, which will suppress this warning, call:
2025-02-19T21:36:05.8909730Z hint:
2025-02-19T21:36:05.8910320Z hint: 	git config --global init.defaultBranch <name>
2025-02-19T21:36:05.8910920Z hint:
2025-02-19T21:36:05.8911490Z hint: Names commonly chosen instead of 'master' are 'main', 'trunk' and
2025-02-19T21:36:05.8912830Z hint: 'development'. The just-created branch can be renamed via this command:
2025-02-19T21:36:05.8913490Z hint:
2025-02-19T21:36:05.8913940Z hint: 	git branch -m <name>
2025-02-19T21:36:05.8914670Z Initialized empty Git repository in /Users/runner/work/tardis/tardis/tardis-regression-data/.git/
2025-02-19T21:36:05.8916470Z [command]/opt/homebrew/bin/git remote add origin https://github.com/tardis-sn/tardis-regression-data
2025-02-19T21:36:05.8963570Z ##[endgroup]
2025-02-19T21:36:05.8964380Z ##[group]Disabling automatic garbage collection
2025-02-19T21:36:05.8965930Z [command]/opt/homebrew/bin/git config --local gc.auto 0
2025-02-19T21:36:05.9008900Z ##[endgroup]
2025-02-19T21:36:05.9009650Z ##[group]Setting up auth
2025-02-19T21:36:05.9013480Z [command]/opt/homebrew/bin/git config --local --name-only --get-regexp core\.sshCommand
2025-02-19T21:36:05.9053480Z [command]/opt/homebrew/bin/git submodule foreach --recursive sh -c "git config --local --name-only --get-regexp 'core\.sshCommand' && git config --local --unset-all 'core.sshCommand' || :"
2025-02-19T21:36:05.9574450Z [command]/opt/homebrew/bin/git config --local --name-only --get-regexp http\.https\:\/\/github\.com\/\.extraheader
2025-02-19T21:36:05.9609300Z [command]/opt/homebrew/bin/git submodule foreach --recursive sh -c "git config --local --name-only --get-regexp 'http\.https\:\/\/github\.com\/\.extraheader' && git config --local --unset-all 'http.https://github.com/.extraheader' || :"
2025-02-19T21:36:06.0148600Z [command]/opt/homebrew/bin/git config --local http.https://github.com/.extraheader AUTHORIZATION: basic ***
2025-02-19T21:36:06.0200340Z ##[endgroup]
2025-02-19T21:36:06.0201200Z ##[group]Determining the default branch
2025-02-19T21:36:06.0201800Z Retrieving the default branch name
2025-02-19T21:36:06.4444400Z Default branch 'main'
2025-02-19T21:36:06.4646020Z ##[endgroup]
2025-02-19T21:36:06.4747250Z ##[group]Fetching the repository
2025-02-19T21:36:06.4848820Z [command]/opt/homebrew/bin/git -c protocol.version=2 fetch --no-tags --prune --no-recurse-submodules --depth=1 origin +refs/heads/main:refs/remotes/origin/main
2025-02-19T21:36:07.4346240Z From https://github.com/tardis-sn/tardis-regression-data
2025-02-19T21:36:07.4447780Z  * [new branch]      main       -> origin/main
2025-02-19T21:36:07.4711260Z ##[endgroup]
2025-02-19T21:36:07.4746430Z ##[group]Determining the checkout info
2025-02-19T21:36:07.4763560Z ##[endgroup]
2025-02-19T21:36:07.4770860Z [command]/opt/homebrew/bin/git sparse-checkout disable
2025-02-19T21:36:07.5007630Z [command]/opt/homebrew/bin/git config --local --unset-all extensions.worktreeConfig
2025-02-19T21:36:07.5042390Z ##[group]Checking out the ref
2025-02-19T21:36:07.5051630Z [command]/opt/homebrew/bin/git checkout --progress --force -B main refs/remotes/origin/main
2025-02-19T21:36:07.6878530Z Switched to a new branch 'main'
2025-02-19T21:36:07.6880840Z branch 'main' set up to track 'origin/main'.
2025-02-19T21:36:07.7646240Z ##[endgroup]
2025-02-19T21:36:07.7709340Z [command]/opt/homebrew/bin/git log -1 --format=%H
2025-02-19T21:36:07.7759600Z 84e768462f20f09fbccc05625cdcc1d8ffbe404c
2025-02-19T21:36:07.7848920Z ##[group]Run if [ "false" == "true" ]; then
2025-02-19T21:36:07.7849190Z [36;1mif [ "false" == "true" ]; then[0m
2025-02-19T21:36:07.7849400Z [36;1m  echo "Using atom data sparse checkout"[0m
2025-02-19T21:36:07.7849740Z [36;1m  echo "atom_data/kurucz_cd23_chianti_H_He.h5" > .lfs-files-list[0m
2025-02-19T21:36:07.7850020Z [36;1melse[0m
2025-02-19T21:36:07.7850210Z [36;1m  echo "Using full repository checkout"[0m
2025-02-19T21:36:07.7850510Z [36;1m  git lfs ls-files -l | cut -d' ' -f1 | sort > .lfs-files-list[0m
2025-02-19T21:36:07.7850820Z [36;1mfi[0m
2025-02-19T21:36:07.7912070Z shell: /bin/bash --noprofile --norc -e -o pipefail {0}
2025-02-19T21:36:07.7913950Z env:
2025-02-19T21:36:07.7914120Z   CACHE_NUMBER: 0
2025-02-19T21:36:07.7914600Z   PYTEST_FLAGS: --tardis-regression-data=/Users/runner/work/tardis/tardis/tardis-regression-data --cov=tardis --cov-report=xml --cov-report=html --cov-append
2025-02-19T21:36:07.7915120Z   CODECOV_TOKEN: 
2025-02-19T21:36:07.7915510Z ##[endgroup]
2025-02-19T21:36:07.8271550Z Using full repository checkout
2025-02-19T21:36:08.1489240Z ##[group]Run actions/cache/restore@v4
2025-02-19T21:36:08.1489460Z with:
2025-02-19T21:36:08.1489640Z   path: tardis-regression-data/.git/lfs
2025-02-19T21:36:08.1490180Z   key: tardis-regression-full-data-c8ff2bbb6048b3f24d3f52a1e85b013ad47e52c369a6ce4cfdeff528b659b86f-tardis-sn/tardis-regression-data-v1
2025-02-19T21:36:08.1490710Z   fail-on-cache-miss: true
2025-02-19T21:36:08.1490910Z   enableCrossOsArchive: false
2025-02-19T21:36:08.1491090Z   lookup-only: false
2025-02-19T21:36:08.1491270Z env:
2025-02-19T21:36:08.1491400Z   CACHE_NUMBER: 0
2025-02-19T21:36:08.1491960Z   PYTEST_FLAGS: --tardis-regression-data=/Users/runner/work/tardis/tardis/tardis-regression-data --cov=tardis --cov-report=xml --cov-report=html --cov-append
2025-02-19T21:36:08.1492480Z   CODECOV_TOKEN: 
2025-02-19T21:36:08.1492630Z ##[endgroup]
2025-02-19T21:36:08.4815550Z Cache hit for: tardis-regression-full-data-c8ff2bbb6048b3f24d3f52a1e85b013ad47e52c369a6ce4cfdeff528b659b86f-tardis-sn/tardis-regression-data-v1
2025-02-19T21:36:09.7955780Z Received 29360128 of 2161656325 (1.4%), 28.0 MBs/sec
2025-02-19T21:36:10.7886940Z Received 100663296 of 2161656325 (4.7%), 47.9 MBs/sec
2025-02-19T21:36:11.7913670Z Received 134217728 of 2161656325 (6.2%), 42.6 MBs/sec
2025-02-19T21:36:12.7909430Z Received 201326592 of 2161656325 (9.3%), 47.9 MBs/sec
2025-02-19T21:36:13.7914950Z Received 268435456 of 2161656325 (12.4%), 51.1 MBs/sec
2025-02-19T21:36:14.7936230Z Received 335544320 of 2161656325 (15.5%), 53.3 MBs/sec
2025-02-19T21:36:15.7970740Z Received 402653184 of 2161656325 (18.6%), 54.8 MBs/sec
2025-02-19T21:36:16.7976490Z Received 473956352 of 2161656325 (21.9%), 56.4 MBs/sec
2025-02-19T21:36:17.7993350Z Received 536870912 of 2161656325 (24.8%), 56.8 MBs/sec
2025-02-19T21:36:18.8000680Z Received 612368384 of 2161656325 (28.3%), 58.3 MBs/sec
2025-02-19T21:36:19.8010010Z Received 671088640 of 2161656325 (31.0%), 58.1 MBs/sec
2025-02-19T21:36:20.8020980Z Received 746586112 of 2161656325 (34.5%), 59.2 MBs/sec
2025-02-19T21:36:21.8029030Z Received 805306368 of 2161656325 (37.3%), 59.0 MBs/sec
2025-02-19T21:36:22.8036650Z Received 876609536 of 2161656325 (40.6%), 59.6 MBs/sec
2025-02-19T21:36:23.8072300Z Received 939524096 of 2161656325 (43.5%), 59.6 MBs/sec
2025-02-19T21:36:24.8081970Z Received 989855744 of 2161656325 (45.8%), 58.9 MBs/sec
2025-02-19T21:36:25.8105610Z Received 1073741824 of 2161656325 (49.7%), 60.1 MBs/sec
2025-02-19T21:36:26.8107810Z Received 1124073472 of 2161656325 (52.0%), 59.5 MBs/sec
2025-02-19T21:36:27.8142170Z Received 1203765248 of 2161656325 (55.7%), 60.3 MBs/sec
2025-02-19T21:36:28.8176390Z Received 1245708288 of 2161656325 (57.6%), 59.3 MBs/sec
2025-02-19T21:36:29.8255010Z Received 1312817152 of 2161656325 (60.7%), 59.5 MBs/sec
2025-02-19T21:36:30.8208880Z Received 1363148800 of 2161656325 (63.1%), 59.0 MBs/sec
2025-02-19T21:36:31.8207730Z Received 1426063360 of 2161656325 (66.0%), 59.0 MBs/sec
2025-02-19T21:36:32.8230740Z Received 1476395008 of 2161656325 (68.3%), 58.6 MBs/sec
2025-02-19T21:36:33.8269980Z Received 1526726656 of 2161656325 (70.6%), 58.2 MBs/sec
2025-02-19T21:36:34.8239620Z Received 1606418432 of 2161656325 (74.3%), 58.8 MBs/sec
2025-02-19T21:36:35.8247240Z Received 1644167168 of 2161656325 (76.1%), 58.0 MBs/sec
2025-02-19T21:36:36.8252450Z Received 1723858944 of 2161656325 (79.7%), 58.6 MBs/sec
2025-02-19T21:36:37.8255180Z Received 1778384896 of 2161656325 (82.3%), 58.4 MBs/sec
2025-02-19T21:36:38.8258670Z Received 1849688064 of 2161656325 (85.6%), 58.7 MBs/sec
2025-02-19T21:36:39.8265820Z Received 1895825408 of 2161656325 (87.7%), 58.2 MBs/sec
2025-02-19T21:36:40.8272960Z Received 1967128576 of 2161656325 (91.0%), 58.5 MBs/sec
2025-02-19T21:36:41.8279600Z Received 2017460224 of 2161656325 (93.3%), 58.2 MBs/sec
2025-02-19T21:36:42.8288400Z Received 2097152000 of 2161656325 (97.0%), 58.7 MBs/sec
2025-02-19T21:36:43.8314200Z Received 2143289344 of 2161656325 (99.2%), 58.3 MBs/sec
2025-02-19T21:36:44.8368790Z Received 2153267717 of 2161656325 (99.6%), 57.0 MBs/sec
2025-02-19T21:36:45.0327340Z Received 2161656325 of 2161656325 (100.0%), 56.9 MBs/sec
2025-02-19T21:36:45.0332940Z Cache Size: ~2062 MB (2161656325 B)
2025-02-19T21:36:45.0383960Z [command]/opt/homebrew/bin/gtar -xf /Users/runner/work/_temp/8524ba77-0a20-4153-87c2-6cfbf50bfd25/cache.tzst -P -C /Users/runner/work/tardis/tardis --delay-directory-restore --use-compress-program unzstd
2025-02-19T21:36:54.4889360Z Cache restored successfully
2025-02-19T21:36:54.6160200Z Cache restored from key: tardis-regression-full-data-c8ff2bbb6048b3f24d3f52a1e85b013ad47e52c369a6ce4cfdeff528b659b86f-tardis-sn/tardis-regression-data-v1
2025-02-19T21:36:54.6329410Z ##[group]Run git lfs checkout
2025-02-19T21:36:54.6329980Z [36;1mgit lfs checkout[0m
2025-02-19T21:36:54.6534930Z shell: /bin/bash --noprofile --norc -e -o pipefail {0}
2025-02-19T21:36:54.6535410Z env:
2025-02-19T21:36:54.6535760Z   CACHE_NUMBER: 0
2025-02-19T21:36:54.6536460Z   PYTEST_FLAGS: --tardis-regression-data=/Users/runner/work/tardis/tardis/tardis-regression-data --cov=tardis --cov-report=xml --cov-report=html --cov-append
2025-02-19T21:36:54.6537050Z   CODECOV_TOKEN: 
2025-02-19T21:36:54.6537240Z ##[endgroup]
2025-02-19T21:37:08.1881440Z Checking out LFS objects: 100% (204/204), 5.7 GB | 338 MB/s, done.
2025-02-19T21:37:18.2378350Z Prepare all required actions
2025-02-19T21:37:18.2378890Z Getting action download info
2025-02-19T21:37:18.4768370Z Download action repository 'mamba-org/setup-micromamba@v1' (SHA:4b9113af4fba0e9e1124b252dd6497a419e7396d)
2025-02-19T21:37:19.6165980Z ##[group]Run ./.github/actions/setup_env
2025-02-19T21:37:19.6166210Z with:
2025-02-19T21:37:19.6166380Z   os-label: osx-arm64
2025-02-19T21:37:19.6166590Z env:
2025-02-19T21:37:19.6166800Z   CACHE_NUMBER: 0
2025-02-19T21:37:19.6167290Z   PYTEST_FLAGS: --tardis-regression-data=/Users/runner/work/tardis/tardis/tardis-regression-data --cov=tardis --cov-report=xml --cov-report=html --cov-append
2025-02-19T21:37:19.6167790Z   CODECOV_TOKEN: 
2025-02-19T21:37:19.6167950Z ##[endgroup]
2025-02-19T21:37:19.6190300Z ##[group]Run file_hash=$(cat conda-osx-arm64.lock | shasum -a 256 | cut -d' ' -f1)
2025-02-19T21:37:19.6190730Z [36;1mfile_hash=$(cat conda-osx-arm64.lock | shasum -a 256 | cut -d' ' -f1)[0m
2025-02-19T21:37:19.6191230Z [36;1mecho "file_hash=tardis-conda-env-osx-arm64-${file_hash}-v1" >> "${GITHUB_OUTPUT}"[0m
2025-02-19T21:37:19.6244140Z shell: /bin/bash --noprofile --norc -e -o pipefail {0}
2025-02-19T21:37:19.6244380Z env:
2025-02-19T21:37:19.6244520Z   CACHE_NUMBER: 0
2025-02-19T21:37:19.6245030Z   PYTEST_FLAGS: --tardis-regression-data=/Users/runner/work/tardis/tardis/tardis-regression-data --cov=tardis --cov-report=xml --cov-report=html --cov-append
2025-02-19T21:37:19.6245630Z   CODECOV_TOKEN: 
2025-02-19T21:37:19.6245790Z ##[endgroup]
2025-02-19T21:37:19.8061610Z ##[group]Run mamba-org/setup-micromamba@v1
2025-02-19T21:37:19.8061830Z with:
2025-02-19T21:37:19.8062010Z   environment-file: conda-osx-arm64.lock
2025-02-19T21:37:19.8062490Z   cache-environment-key: tardis-conda-env-osx-arm64-bf0d0a4d4c847cca72476c6c68c493d56c484aada7e80de0e42c7607fcef5824-v1
2025-02-19T21:37:19.8063190Z   cache-downloads-key: tardis-conda-env-osx-arm64-bf0d0a4d4c847cca72476c6c68c493d56c484aada7e80de0e42c7607fcef5824-v1
2025-02-19T21:37:19.8063640Z   environment-name: tardis
2025-02-19T21:37:19.8063820Z   cache-environment: true
2025-02-19T21:37:19.8064030Z   cache-downloads: true
2025-02-19T21:37:19.8064190Z env:
2025-02-19T21:37:19.8064330Z   CACHE_NUMBER: 0
2025-02-19T21:37:19.8064850Z   PYTEST_FLAGS: --tardis-regression-data=/Users/runner/work/tardis/tardis/tardis-regression-data --cov=tardis --cov-report=xml --cov-report=html --cov-append
2025-02-19T21:37:19.8069280Z   CODECOV_TOKEN: 
2025-02-19T21:37:19.8069430Z ##[endgroup]
2025-02-19T21:37:20.3682300Z Will download micromamba to /Users/runner/micromamba-bin/micromamba
2025-02-19T21:37:20.3857870Z ##[group]Install micromamba
2025-02-19T21:37:21.1375130Z micromamba installed to /Users/runner/micromamba-bin/micromamba
2025-02-19T21:37:21.1375760Z ##[endgroup]
2025-02-19T21:37:21.1376080Z Adding conda-forge to condarc channels ...
2025-02-19T21:37:21.1382230Z ##[group]Initialize micromamba for bash.
2025-02-19T21:37:21.1391590Z [command]/Users/runner/micromamba-bin/micromamba shell init -s bash -r /Users/runner/micromamba --log-level warning --rc-file /Users/runner/work/_temp/setup-micromamba/.condarc
2025-02-19T21:37:21.1617300Z Modifying RC file "/Users/runner/.bash_profile"
2025-02-19T21:37:21.1618310Z Generating config for root prefix [1m"/Users/runner/micromamba"[0m
2025-02-19T21:37:21.1618760Z Setting mamba executable to: [1m"/Users/runner/micromamba-bin/micromamba"[0m
2025-02-19T21:37:21.1619470Z Adding (or replacing) the following in your "/Users/runner/.bash_profile" file
2025-02-19T21:37:21.1619720Z 
2025-02-19T21:37:21.1619790Z # >>> mamba initialize >>>
2025-02-19T21:37:21.1620040Z # !! Contents within this block are managed by 'mamba init' !!
2025-02-19T21:37:21.1620360Z export MAMBA_EXE='/Users/runner/micromamba-bin/micromamba';
2025-02-19T21:37:21.1620650Z export MAMBA_ROOT_PREFIX='/Users/runner/micromamba';
2025-02-19T21:37:21.1621100Z __mamba_setup="$("$MAMBA_EXE" shell hook --shell bash --root-prefix "$MAMBA_ROOT_PREFIX" 2> /dev/null)"
2025-02-19T21:37:21.1621990Z if [ $? -eq 0 ]; then
2025-02-19T21:37:21.1622190Z     eval "$__mamba_setup"
2025-02-19T21:37:21.1622360Z else
2025-02-19T21:37:21.1622570Z     alias micromamba="$MAMBA_EXE"  # Fallback on help from mamba activate
2025-02-19T21:37:21.1622840Z fi
2025-02-19T21:37:21.1622980Z unset __mamba_setup
2025-02-19T21:37:21.1623150Z # <<< mamba initialize <<<
2025-02-19T21:37:21.1623250Z 
2025-02-19T21:37:21.1625180Z ##[endgroup]
2025-02-19T21:37:21.1625840Z ##[group]Restoring downloads from `/Users/runner/micromamba/pkgs` ...
2025-02-19T21:37:22.5631920Z Received 41943040 of 310594474 (13.5%), 40.0 MBs/sec
2025-02-19T21:37:23.5636230Z Received 100663296 of 310594474 (32.4%), 48.0 MBs/sec
2025-02-19T21:37:24.5637300Z Received 176160768 of 310594474 (56.7%), 56.0 MBs/sec
2025-02-19T21:37:25.5641350Z Received 234881024 of 310594474 (75.6%), 56.0 MBs/sec
2025-02-19T21:37:26.5672330Z Received 310594474 of 310594474 (100.0%), 59.2 MBs/sec
2025-02-19T21:37:26.5933440Z Cache Size: ~296 MB (310594474 B)
2025-02-19T21:37:26.5985720Z [command]/opt/homebrew/bin/gtar -xf /Users/runner/work/_temp/6a8e9acd-0844-486c-830c-a2fe174dc944/cache.tzst -P -C /Users/runner/work/tardis/tardis --delay-directory-restore --use-compress-program unzstd
2025-02-19T21:37:27.2142130Z Cache restored successfully
2025-02-19T21:37:27.2177770Z Restored cache with key `tardis-conda-env-osx-arm64-bf0d0a4d4c847cca72476c6c68c493d56c484aada7e80de0e42c7607fcef5824-v1-osx-arm64`
2025-02-19T21:37:27.2179390Z ##[endgroup]
2025-02-19T21:37:27.2252310Z ##[group]Restoring environment `tardis` from `/Users/runner/micromamba/envs/tardis` ...
2025-02-19T21:37:28.5699920Z Received 37748736 of 385513979 (9.8%), 35.7 MBs/sec
2025-02-19T21:37:29.5676290Z Received 100663296 of 385513979 (26.1%), 47.8 MBs/sec
2025-02-19T21:37:30.5683350Z Received 163577856 of 385513979 (42.4%), 51.8 MBs/sec
2025-02-19T21:37:31.5690330Z Received 234881024 of 385513979 (60.9%), 55.9 MBs/sec
2025-02-19T21:37:32.5686390Z Received 310378496 of 385513979 (80.5%), 59.1 MBs/sec
2025-02-19T21:37:33.3819120Z Cache Size: ~368 MB (385513979 B)
2025-02-19T21:37:33.3848740Z [command]/opt/homebrew/bin/gtar -xf /Users/runner/work/_temp/ebbb7fe7-7a1c-4208-902a-04745e65eee3/cache.tzst -P -C /Users/runner/work/tardis/tardis --delay-directory-restore --use-compress-program unzstd
2025-02-19T21:37:33.5706990Z Received 385513979 of 385513979 (100.0%), 61.2 MBs/sec
2025-02-19T21:37:45.7220360Z Cache restored successfully
2025-02-19T21:37:45.7350270Z Restored cache with key `tardis-conda-env-osx-arm64-bf0d0a4d4c847cca72476c6c68c493d56c484aada7e80de0e42c7607fcef5824-v1-osx-arm64-tardis-args-4f53cda-root-873f6fe-bin-[object Promise]-file-bf0d0a4d4c847cca72476c6c68c493d56c484aada7e80de0e42c7607fcef5824`
2025-02-19T21:37:45.7371410Z ##[endgroup]
2025-02-19T21:37:45.7371800Z Adding environment tardis to auto-activate bash ...
2025-02-19T21:37:45.7372860Z Generating micromamba run shell.
2025-02-19T21:37:45.7374630Z ##[endgroup]
2025-02-19T21:37:45.7379450Z Set environment variables.
2025-02-19T21:37:45.7381000Z ##[group]micromamba info
2025-02-19T21:37:45.7383080Z [command]/Users/runner/micromamba-bin/micromamba info -r /Users/runner/micromamba -n tardis
2025-02-19T21:37:46.1731320Z 
2025-02-19T21:37:46.1731930Z        libmamba version : 1.5.10
2025-02-19T21:37:46.1732660Z      micromamba version : 1.5.10
2025-02-19T21:37:46.1733800Z            curl version : libcurl/8.10.1 (OpenSSL/3.3.2) SecureTransport zlib/1.3.1 zstd/1.5.6 libssh2/1.11.0 nghttp2/1.58.0
2025-02-19T21:37:46.1734370Z      libarchive version : libarchive 3.7.4 zlib/1.2.13 bz2lib/1.0.8 libzstd/1.5.6
2025-02-19T21:37:46.1734840Z        envs directories : /Users/runner/micromamba/envs
2025-02-19T21:37:46.1735190Z           package cache : /Users/runner/micromamba/pkgs
2025-02-19T21:37:46.1735820Z                           /Users/runner/.mamba/pkgs
2025-02-19T21:37:46.1736250Z             environment : tardis
2025-02-19T21:37:46.1736630Z            env location : /Users/runner/micromamba/envs/tardis
2025-02-19T21:37:46.1736950Z       user config files : /Users/runner/.mambarc
2025-02-19T21:37:46.1739000Z  populated config files : /Users/runner/work/_temp/setup-micromamba/.condarc
2025-02-19T21:37:46.1739400Z        virtual packages : __unix=0=0
2025-02-19T21:37:46.1739740Z                           __osx=14.7.2=0
2025-02-19T21:37:46.1740000Z                           __archspec=1=arm64
2025-02-19T21:37:46.1740440Z                channels : https://conda.anaconda.org/conda-forge/osx-arm64
2025-02-19T21:37:46.1740810Z                           https://conda.anaconda.org/conda-forge/noarch
2025-02-19T21:37:46.1741180Z        base environment : /Users/runner/micromamba
2025-02-19T21:37:46.1741460Z                platform : osx-arm64
2025-02-19T21:37:46.1742860Z ##[endgroup]
2025-02-19T21:37:46.1743420Z ##[group]micromamba list
2025-02-19T21:37:46.1744580Z [command]/Users/runner/micromamba-bin/micromamba list -r /Users/runner/micromamba -n tardis
2025-02-19T21:37:46.6212110Z List of packages in environment: "/Users/runner/micromamba/envs/tardis"
2025-02-19T21:37:46.6213610Z 
2025-02-19T21:37:46.6213990Z   Name                           Version              Build                    Channel    
2025-02-19T21:37:46.6215510Z â”€â”€â”€â”€â”€â”€â”€â”€â”€â”€â”€â”€â”€â”€â”€â”€â”€â”€â”€â”€â”€â”€â”€â”€â”€â”€â”€â”€â”€â”€â”€â”€â”€â”€â”€â”€â”€â”€â”€â”€â”€â”€â”€â”€â”€â”€â”€â”€â”€â”€â”€â”€â”€â”€â”€â”€â”€â”€â”€â”€â”€â”€â”€â”€â”€â”€â”€â”€â”€â”€â”€â”€â”€â”€â”€â”€â”€â”€â”€â”€â”€â”€â”€â”€â”€â”€â”€â”€â”€â”€â”€â”€
2025-02-19T21:37:46.6216270Z   alabaster                      0.7.16               pyhd8ed1ab_0             conda-forge
2025-02-19T21:37:46.6216770Z   anyio                          4.4.0                pyhd8ed1ab_0             conda-forge
2025-02-19T21:37:46.6217320Z   appnope                        0.1.4                pyhd8ed1ab_0             conda-forge
2025-02-19T21:37:46.6217810Z   argon2-cffi                    23.1.0               pyhd8ed1ab_0             conda-forge
2025-02-19T21:37:46.6218400Z   argon2-cffi-bindings           21.2.0               py312h02f2b3b_4          conda-forge
2025-02-19T21:37:46.6218930Z   arrow                          1.3.0                pyhd8ed1ab_0             conda-forge
2025-02-19T21:37:46.6222150Z   astropy                        6.1.1                py312hbebd99a_0          conda-forge
2025-02-19T21:37:46.6222710Z   astropy-iers-data              0.2024.6.17.0.31.35  pyhd8ed1ab_0             conda-forge
2025-02-19T21:37:46.6223250Z   astropy-sphinx-theme           1.1                  pyhd8ed1ab_0             conda-forge
2025-02-19T21:37:46.6223780Z   asttokens                      2.4.1                pyhd8ed1ab_0             conda-forge
2025-02-19T21:37:46.6226290Z   async-lru                      2.0.4                pyhd8ed1ab_0             conda-forge
2025-02-19T21:37:46.6227110Z   atk-1.0                        2.38.0               hd03087b_2               conda-forge
2025-02-19T21:37:46.6227750Z   attrs                          23.2.0               pyh71513ae_0             conda-forge
2025-02-19T21:37:46.6228400Z   babel                          2.14.0               pyhd8ed1ab_0             conda-forge
2025-02-19T21:37:46.6228900Z   beautifulsoup4                 4.12.3               pyha770c72_0             conda-forge
2025-02-19T21:37:46.6229590Z   bleach                         6.1.0                pyhd8ed1ab_0             conda-forge
2025-02-19T21:37:46.6231590Z   blosc                          1.21.5               h9c252e8_1               conda-forge
2025-02-19T21:37:46.6233680Z   brotli                         1.1.0                hb547adb_1               conda-forge
2025-02-19T21:37:46.6234290Z   brotli-bin                     1.1.0                hb547adb_1               conda-forge
2025-02-19T21:37:46.6234790Z   brotli-python                  1.1.0                py312h9f69965_1          conda-forge
2025-02-19T21:37:46.6235300Z   bzip2                          1.0.8                h93a5062_5               conda-forge
2025-02-19T21:37:46.6235820Z   c-ares                         1.28.1               h93a5062_0               conda-forge
2025-02-19T21:37:46.6236240Z   c-blosc2                       2.14.4               ha57e6be_1               conda-forge
2025-02-19T21:37:46.6237470Z   ca-certificates                2024.6.2             hf0a4a13_0               conda-forge
2025-02-19T21:37:46.6238430Z   cached-property                1.5.2                hd8ed1ab_1               conda-forge
2025-02-19T21:37:46.6241040Z   cached_property                1.5.2                pyha770c72_1             conda-forge
2025-02-19T21:37:46.6241630Z   cairo                          1.18.0               hd1e100b_0               conda-forge
2025-02-19T21:37:46.6242050Z   certifi                        2024.6.2             pyhd8ed1ab_0             conda-forge
2025-02-19T21:37:46.6242670Z   cffi                           1.16.0               py312h8e38eb3_0          conda-forge
2025-02-19T21:37:46.6243480Z   charset-normalizer             3.3.2                pyhd8ed1ab_0             conda-forge
2025-02-19T21:37:46.6244180Z   click                          8.1.7                unix_pyh707e725_0        conda-forge
2025-02-19T21:37:46.6244490Z   codespell                      2.3.0                pyhd8ed1ab_0             conda-forge
2025-02-19T21:37:46.6244900Z   colorama                       0.4.6                pyhd8ed1ab_0             conda-forge
2025-02-19T21:37:46.6245310Z   comm                           0.2.2                pyhd8ed1ab_0             conda-forge
2025-02-19T21:37:46.6245710Z   commonmark                     0.9.1                py_0                     conda-forge
2025-02-19T21:37:46.6271890Z   contourpy                      1.2.1                py312h0fef576_0          conda-forge
2025-02-19T21:37:46.6272350Z   coverage                       7.5.3                py312h7e5086c_0          conda-forge
2025-02-19T21:37:46.6272750Z   cycler                         0.12.1               pyhd8ed1ab_0             conda-forge
2025-02-19T21:37:46.6273180Z   dataclasses                    0.8                  pyhc8e2a94_3             conda-forge
2025-02-19T21:37:46.6273630Z   debugpy                        1.8.1                py312h20a0b95_0          conda-forge
2025-02-19T21:37:46.6274100Z   decorator                      5.1.1                pyhd8ed1ab_0             conda-forge
2025-02-19T21:37:46.6274460Z   defusedxml                     0.7.1                pyhd8ed1ab_0             conda-forge
2025-02-19T21:37:46.6274760Z   docutils                       0.20.1               py312h81bd7bf_3          conda-forge
2025-02-19T21:37:46.6275080Z   dot2tex                        2.11.3               pyhd8ed1ab_0             conda-forge
2025-02-19T21:37:46.6276960Z   entrypoints                    0.4                  pyhd8ed1ab_0             conda-forge
2025-02-19T21:37:46.6277520Z   exceptiongroup                 1.2.0                pyhd8ed1ab_2             conda-forge
2025-02-19T21:37:46.6278050Z   executing                      2.0.1                pyhd8ed1ab_0             conda-forge
2025-02-19T21:37:46.6278560Z   expat                          2.6.2                hebf3989_0               conda-forge
2025-02-19T21:37:46.6279050Z   font-ttf-dejavu-sans-mono      2.37                 hab24e00_0               conda-forge
2025-02-19T21:37:46.6279530Z   font-ttf-inconsolata           3.000                h77eed37_0               conda-forge
2025-02-19T21:37:46.6280110Z   font-ttf-source-code-pro       2.038                h77eed37_0               conda-forge
2025-02-19T21:37:46.6280680Z   font-ttf-ubuntu                0.83                 h77eed37_2               conda-forge
2025-02-19T21:37:46.6281240Z   fontconfig                     2.14.2               h82840c6_0               conda-forge
2025-02-19T21:37:46.6281780Z   fonts-conda-ecosystem          1                    0                        conda-forge
2025-02-19T21:37:46.6282270Z   fonts-conda-forge              1                    0                        conda-forge
2025-02-19T21:37:46.6282830Z   fonttools                      4.53.0               py312h7e5086c_0          conda-forge
2025-02-19T21:37:46.6283180Z   fqdn                           1.5.1                pyhd8ed1ab_0             conda-forge
2025-02-19T21:37:46.6283800Z   freetype                       2.12.1               hadb7bae_2               conda-forge
2025-02-19T21:37:46.6284190Z   fribidi                        1.0.10               h27ca646_0               conda-forge
2025-02-19T21:37:46.6284610Z   future                         1.0.0                pyhd8ed1ab_0             conda-forge
2025-02-19T21:37:46.6285000Z   gdk-pixbuf                     2.42.12              h7ddc832_0               conda-forge
2025-02-19T21:37:46.6285430Z   gettext                        0.22.5               h8fbad5d_2               conda-forge
2025-02-19T21:37:46.6285960Z   gettext-tools                  0.22.5               h8fbad5d_2               conda-forge
2025-02-19T21:37:46.6286490Z   giflib                         5.2.2                h93a5062_0               conda-forge
2025-02-19T21:37:46.6286780Z   git-lfs                        3.5.1                hce30654_0               conda-forge
2025-02-19T21:37:46.6287060Z   gmp                            6.3.0                hebf3989_1               conda-forge
2025-02-19T21:37:46.6287340Z   gmpy2                          2.1.5                py312hfa9fade_1          conda-forge
2025-02-19T21:37:46.6287630Z   graphite2                      1.3.13               hebf3989_1003            conda-forge
2025-02-19T21:37:46.6287930Z   graphviz                       11.0.0               h9bb9bc9_0               conda-forge
2025-02-19T21:37:46.6288230Z   gtk2                           2.24.33              h7895bb2_4               conda-forge
2025-02-19T21:37:46.6288580Z   gts                            0.7.6                he42f4ea_4               conda-forge
2025-02-19T21:37:46.6288850Z   h11                            0.14.0               pyhd8ed1ab_0             conda-forge
2025-02-19T21:37:46.6289220Z   h2                             4.1.0                pyhd8ed1ab_0             conda-forge
2025-02-19T21:37:46.6289500Z   h5py                           3.11.0               nompi_py312h903599c_102  conda-forge
2025-02-19T21:37:46.6289870Z   harfbuzz                       8.5.0                h1836168_0               conda-forge
2025-02-19T21:37:46.6290260Z   hdf5                           1.14.3               nompi_hec07895_105       conda-forge
2025-02-19T21:37:46.6290590Z   hpack                          4.0.0                pyh9f0ad1d_0             conda-forge
2025-02-19T21:37:46.6291020Z   httpcore                       1.0.5                pyhd8ed1ab_0             conda-forge
2025-02-19T21:37:46.6291530Z   httpx                          0.27.0               pyhd8ed1ab_0             conda-forge
2025-02-19T21:37:46.6291840Z   hyperframe                     6.0.1                pyhd8ed1ab_0             conda-forge
2025-02-19T21:37:46.6292130Z   icu                            73.2                 hc8870d7_0               conda-forge
2025-02-19T21:37:46.6292400Z   idna                           3.7                  pyhd8ed1ab_0             conda-forge
2025-02-19T21:37:46.6292690Z   imagesize                      1.4.1                pyhd8ed1ab_0             conda-forge
2025-02-19T21:37:46.6293030Z   importlib-metadata             7.1.0                pyha770c72_0             conda-forge
2025-02-19T21:37:46.6293410Z   importlib_metadata             7.1.0                hd8ed1ab_0               conda-forge
2025-02-19T21:37:46.6293880Z   importlib_resources            6.4.0                pyhd8ed1ab_0             conda-forge
2025-02-19T21:37:46.6294210Z   iniconfig                      2.0.0                pyhd8ed1ab_0             conda-forge
2025-02-19T21:37:46.6294510Z   ipykernel                      6.29.4               pyh57ce528_0             conda-forge
2025-02-19T21:37:46.6294800Z   ipython                        8.25.0               pyh707e725_0             conda-forge
2025-02-19T21:37:46.6295130Z   ipython_genutils               0.2.0                pyhd8ed1ab_1             conda-forge
2025-02-19T21:37:46.6295470Z   ipywidgets                     7.8.0                pyhd8ed1ab_0             conda-forge
2025-02-19T21:37:46.6296050Z   isoduration                    20.11.0              pyhd8ed1ab_0             conda-forge
2025-02-19T21:37:46.6296390Z   jedi                           0.19.1               pyhd8ed1ab_0             conda-forge
2025-02-19T21:37:46.6296760Z   jinja2                         3.1.4                pyhd8ed1ab_0             conda-forge
2025-02-19T21:37:46.6297100Z   json5                          0.9.25               pyhd8ed1ab_0             conda-forge
2025-02-19T21:37:46.6297440Z   jsonpointer                    3.0.0                py312h81bd7bf_0          conda-forge
2025-02-19T21:37:46.6297820Z   jsonschema                     4.22.0               pyhd8ed1ab_0             conda-forge
2025-02-19T21:37:46.6298150Z   jsonschema-specifications      2023.12.1            pyhd8ed1ab_0             conda-forge
2025-02-19T21:37:46.6298600Z   jsonschema-with-format-nongpl  4.22.0               pyhd8ed1ab_0             conda-forge
2025-02-19T21:37:46.6298970Z   jupyter-lsp                    2.2.5                pyhd8ed1ab_0             conda-forge
2025-02-19T21:37:46.6299380Z   jupyter_client                 8.6.2                pyhd8ed1ab_0             conda-forge
2025-02-19T21:37:46.6299710Z   jupyter_core                   5.7.2                py312h81bd7bf_0          conda-forge
2025-02-19T21:37:46.6300070Z   jupyter_events                 0.10.0               pyhd8ed1ab_0             conda-forge
2025-02-19T21:37:46.6300400Z   jupyter_server                 2.14.1               pyhd8ed1ab_0             conda-forge
2025-02-19T21:37:46.6300870Z   jupyter_server_terminals       0.5.3                pyhd8ed1ab_0             conda-forge
2025-02-19T21:37:46.6301280Z   jupyterlab                     4.2.2                pyhd8ed1ab_0             conda-forge
2025-02-19T21:37:46.6301630Z   jupyterlab_pygments            0.3.0                pyhd8ed1ab_1             conda-forge
2025-02-19T21:37:46.6302050Z   jupyterlab_server              2.27.2               pyhd8ed1ab_0             conda-forge
2025-02-19T21:37:46.6302400Z   jupyterlab_widgets             1.1.7                pyhd8ed1ab_0             conda-forge
2025-02-19T21:37:46.6302780Z   kiwisolver                     1.4.5                py312h389731b_1          conda-forge
2025-02-19T21:37:46.6303080Z   krb5                           1.21.2               h92f50d5_0               conda-forge
2025-02-19T21:37:46.6303460Z   latexcodec                     2.0.1                pyh9f0ad1d_0             conda-forge
2025-02-19T21:37:46.6303910Z   lcms2                          2.16                 ha0e7c42_0               conda-forge
2025-02-19T21:37:46.6304250Z   lerc                           4.0.0                h9a09cb3_0               conda-forge
2025-02-19T21:37:46.6304580Z   libaec                         1.1.3                hebf3989_0               conda-forge
2025-02-19T21:37:46.6304900Z   libasprintf                    0.22.5               h8fbad5d_2               conda-forge
2025-02-19T21:37:46.6305270Z   libasprintf-devel              0.22.5               h8fbad5d_2               conda-forge
2025-02-19T21:37:46.6305650Z   libblas                        3.9.0                22_osxarm64_openblas     conda-forge
2025-02-19T21:37:46.6305980Z   libbrotlicommon                1.1.0                hb547adb_1               conda-forge
2025-02-19T21:37:46.6306370Z   libbrotlidec                   1.1.0                hb547adb_1               conda-forge
2025-02-19T21:37:46.6306690Z   libbrotlienc                   1.1.0                hb547adb_1               conda-forge
2025-02-19T21:37:46.6307020Z   libcblas                       3.9.0                22_osxarm64_openblas     conda-forge
2025-02-19T21:37:46.6307350Z   libcurl                        8.8.0                h7b6f9a7_0               conda-forge
2025-02-19T21:37:46.6307740Z   libcxx                         17.0.6               h5f092b4_0               conda-forge
2025-02-19T21:37:46.6308050Z   libdeflate                     1.20                 h93a5062_0               conda-forge
2025-02-19T21:37:46.6308420Z   libedit                        3.1.20191231         hc8eb9b7_2               conda-forge
2025-02-19T21:37:46.6308800Z   libev                          4.33                 h93a5062_2               conda-forge
2025-02-19T21:37:46.6309080Z   libexpat                       2.6.2                hebf3989_0               conda-forge
2025-02-19T21:37:46.6309410Z   libffi                         3.4.2                h3422bc3_5               conda-forge
2025-02-19T21:37:46.6309730Z   libgd                          2.3.3                hfdf3952_9               conda-forge
2025-02-19T21:37:46.6310080Z   libgettextpo                   0.22.5               h8fbad5d_2               conda-forge
2025-02-19T21:37:46.6310430Z   libgettextpo-devel             0.22.5               h8fbad5d_2               conda-forge
2025-02-19T21:37:46.6310810Z   libgfortran                    5.0.0                13_2_0_hd922786_3        conda-forge
2025-02-19T21:37:46.6311100Z   libgfortran5                   13.2.0               hf226fd6_3               conda-forge
2025-02-19T21:37:46.6311640Z   libglib                        2.80.2               h59d46d9_1               conda-forge
2025-02-19T21:37:46.6311930Z   libiconv                       1.17                 h0d3ecfb_2               conda-forge
2025-02-19T21:37:46.6312320Z   libintl                        0.22.5               h8fbad5d_2               conda-forge
2025-02-19T21:37:46.6312610Z   libintl-devel                  0.22.5               h8fbad5d_2               conda-forge
2025-02-19T21:37:46.6312950Z   libjpeg-turbo                  3.0.0                hb547adb_1               conda-forge
2025-02-19T21:37:46.6313310Z   liblapack                      3.9.0                22_osxarm64_openblas     conda-forge
2025-02-19T21:37:46.6313620Z   libllvm14                      14.0.6               hd1a9a77_4               conda-forge
2025-02-19T21:37:46.6313980Z   libnghttp2                     1.58.0               ha4dd798_1               conda-forge
2025-02-19T21:37:46.6314320Z   libopenblas                    0.3.27               openmp_h6c19121_0        conda-forge
2025-02-19T21:37:46.6314680Z   libpng                         1.6.43               h091b4b1_0               conda-forge
2025-02-19T21:37:46.6315000Z   librsvg                        2.58.1               hbc281fb_0               conda-forge
2025-02-19T21:37:46.6315310Z   libsodium                      1.0.18               h27ca646_1               conda-forge
2025-02-19T21:37:46.6315630Z   libsqlite                      3.46.0               hfb93653_0               conda-forge
2025-02-19T21:37:46.6316080Z   libssh2                        1.11.0               h7a5bd25_0               conda-forge
2025-02-19T21:37:46.6316420Z   libtiff                        4.6.0                h07db509_3               conda-forge
2025-02-19T21:37:46.6316690Z   libwebp                        1.4.0                h54798ee_0               conda-forge
2025-02-19T21:37:46.6317060Z   libwebp-base                   1.4.0                h93a5062_0               conda-forge
2025-02-19T21:37:46.6317390Z   libxcb                         1.16                 hf2054a2_0               conda-forge
2025-02-19T21:37:46.6317660Z   libxml2                        2.12.7               ha661575_1               conda-forge
2025-02-19T21:37:46.6317940Z   libxslt                        1.1.39               h223e5b9_0               conda-forge
2025-02-19T21:37:46.6318280Z   libzlib                        1.3.1                hfb2fe0b_1               conda-forge
2025-02-19T21:37:46.6318600Z   llvm-openmp                    18.1.7               hde57baf_0               conda-forge
2025-02-19T21:37:46.6318920Z   llvmlite                       0.42.0               py312h17030e7_1          conda-forge
2025-02-19T21:37:46.6319200Z   lxml                           5.2.2                py312h0e5ab22_0          conda-forge
2025-02-19T21:37:46.6319460Z   lz4-c                          1.9.4                hb7217d7_0               conda-forge
2025-02-19T21:37:46.6319770Z   markupsafe                     2.1.5                py312he37b823_0          conda-forge
2025-02-19T21:37:46.6320240Z   matplotlib-base                3.8.4                py312h4479663_2          conda-forge
2025-02-19T21:37:46.6320600Z   matplotlib-inline              0.1.7                pyhd8ed1ab_0             conda-forge
2025-02-19T21:37:46.6320910Z   mistune                        3.0.2                pyhd8ed1ab_0             conda-forge
2025-02-19T21:37:46.6321200Z   mpc                            1.3.1                h91ba8db_0               conda-forge
2025-02-19T21:37:46.6321460Z   mpfr                           4.2.1                h41d338b_1               conda-forge
2025-02-19T21:37:46.6321720Z   mpmath                         1.3.0                pyhd8ed1ab_0             conda-forge
2025-02-19T21:37:46.6322000Z   munkres                        1.1.4                pyh9f0ad1d_0             conda-forge
2025-02-19T21:37:46.6322290Z   mypy_extensions                1.0.0                pyha770c72_0             conda-forge
2025-02-19T21:37:46.6322590Z   nbclassic                      1.1.0                pyhd8ed1ab_0             conda-forge
2025-02-19T21:37:46.6322870Z   nbclient                       0.10.0               pyhd8ed1ab_0             conda-forge
2025-02-19T21:37:46.6323160Z   nbconvert                      7.16.4               hd8ed1ab_1               conda-forge
2025-02-19T21:37:46.6323450Z   nbconvert-core                 7.16.4               pyhd8ed1ab_1             conda-forge
2025-02-19T21:37:46.6323780Z   nbconvert-pandoc               7.16.4               hd8ed1ab_1               conda-forge
2025-02-19T21:37:46.6324080Z   nbformat                       5.10.4               pyhd8ed1ab_0             conda-forge
2025-02-19T21:37:46.6324360Z   nbsphinx                       0.9.4                pyhd8ed1ab_0             conda-forge
2025-02-19T21:37:46.6324630Z   ncurses                        6.5                  hb89a1cb_0               conda-forge
2025-02-19T21:37:46.6324910Z   nest-asyncio                   1.6.0                pyhd8ed1ab_0             conda-forge
2025-02-19T21:37:46.6325200Z   networkx                       3.3                  pyhd8ed1ab_1             conda-forge
2025-02-19T21:37:46.6325470Z   notebook                       7.2.1                pyhd8ed1ab_0             conda-forge
2025-02-19T21:37:46.6325760Z   notebook-shim                  0.2.4                pyhd8ed1ab_0             conda-forge
2025-02-19T21:37:46.6326050Z   numba                          0.59.1               py312hbaff935_0          conda-forge
2025-02-19T21:37:46.6326450Z   numexpr                        2.10.0               py312h8ae5369_0          conda-forge
2025-02-19T21:37:46.6326730Z   numpy                          1.26.4               py312h8442bc7_0          conda-forge
2025-02-19T21:37:46.6327000Z   numpydoc                       1.7.0                pyhd8ed1ab_1             conda-forge
2025-02-19T21:37:46.6327280Z   openjpeg                       2.5.2                h9f1df11_0               conda-forge
2025-02-19T21:37:46.6327560Z   openssl                        3.3.1                hfb2fe0b_0               conda-forge
2025-02-19T21:37:46.6327830Z   overrides                      7.7.0                pyhd8ed1ab_0             conda-forge
2025-02-19T21:37:46.6328120Z   packaging                      24.1                 pyhd8ed1ab_0             conda-forge
2025-02-19T21:37:46.6328400Z   pandas                         2.2.2                py312h8ae5369_1          conda-forge
2025-02-19T21:37:46.6328670Z   pandoc                         3.2                  hce30654_0               conda-forge
2025-02-19T21:37:46.6328980Z   pandocfilters                  1.5.0                pyhd8ed1ab_0             conda-forge
2025-02-19T21:37:46.6329260Z   pango                          1.54.0               h5cb9fbc_0               conda-forge
2025-02-19T21:37:46.6329530Z   parso                          0.8.4                pyhd8ed1ab_0             conda-forge
2025-02-19T21:37:46.6329800Z   pathspec                       0.12.1               pyhd8ed1ab_0             conda-forge
2025-02-19T21:37:46.6330160Z   pbr                            6.0.0                pyhd8ed1ab_0             conda-forge
2025-02-19T21:37:46.6330430Z   pcre2                          10.44                h297a79d_0               conda-forge
2025-02-19T21:37:46.6330700Z   pexpect                        4.9.0                pyhd8ed1ab_0             conda-forge
2025-02-19T21:37:46.6330990Z   pickleshare                    0.7.5                py_1003                  conda-forge
2025-02-19T21:37:46.6331280Z   pillow                         10.3.0               py312h39b1d8d_1          conda-forge
2025-02-19T21:37:46.6331540Z   pip                            24.0                 pyhd8ed1ab_0             conda-forge
2025-02-19T21:37:46.6331810Z   pixman                         0.43.4               hebf3989_0               conda-forge
2025-02-19T21:37:46.6332110Z   pkgutil-resolve-name           1.3.10               pyhd8ed1ab_1             conda-forge
2025-02-19T21:37:46.6332430Z   platformdirs                   4.2.2                pyhd8ed1ab_0             conda-forge
2025-02-19T21:37:46.6332720Z   plotly                         5.22.0               pyhd8ed1ab_0             conda-forge
2025-02-19T21:37:46.6332990Z   pluggy                         1.5.0                pyhd8ed1ab_0             conda-forge
2025-02-19T21:37:46.6333280Z   prometheus_client              0.20.0               pyhd8ed1ab_0             conda-forge
2025-02-19T21:37:46.6333600Z   prompt-toolkit                 3.0.47               pyha770c72_0             conda-forge
2025-02-19T21:37:46.6333890Z   psutil                         5.9.8                py312he37b823_0          conda-forge
2025-02-19T21:37:46.6334170Z   pthread-stubs                  0.4                  h27ca646_1001            conda-forge
2025-02-19T21:37:46.6334460Z   ptyprocess                     0.7.0                pyhd3deb0d_0             conda-forge
2025-02-19T21:37:46.6334750Z   pure_eval                      0.2.2                pyhd8ed1ab_0             conda-forge
2025-02-19T21:37:46.6335040Z   py-cpuinfo                     9.0.0                pyhd8ed1ab_0             conda-forge
2025-02-19T21:37:46.6335320Z   pybtex                         0.24.0               pyhd8ed1ab_2             conda-forge
2025-02-19T21:37:46.6335610Z   pybtex-docutils                1.0.3                py312h81bd7bf_1          conda-forge
2025-02-19T21:37:46.6335910Z   pycparser                      2.22                 pyhd8ed1ab_0             conda-forge
2025-02-19T21:37:46.6336290Z   pyerfa                         2.0.1.4              py312hbebd99a_1          conda-forge
2025-02-19T21:37:46.6336560Z   pygments                       2.18.0               pyhd8ed1ab_0             conda-forge
2025-02-19T21:37:46.6336850Z   pygraphviz                     1.13                 py312h5f4d302_1          conda-forge
2025-02-19T21:37:46.6337140Z   pyobjc-core                    10.3.1               py312hbb55c70_0          conda-forge
2025-02-19T21:37:46.6337470Z   pyobjc-framework-cocoa         10.3.1               py312hbb55c70_0          conda-forge
2025-02-19T21:37:46.6337790Z   pyparsing                      3.1.2                pyhd8ed1ab_0             conda-forge
2025-02-19T21:37:46.6338070Z   pysocks                        1.7.1                pyha2e5f31_6             conda-forge
2025-02-19T21:37:46.6338350Z   pytables                       3.9.2                py312hb622ae1_2          conda-forge
2025-02-19T21:37:46.6338630Z   pytest                         8.2.2                pyhd8ed1ab_0             conda-forge
2025-02-19T21:37:46.6338910Z   pytest-cov                     5.0.0                pyhd8ed1ab_0             conda-forge
2025-02-19T21:37:46.6339220Z   pytest-doctestplus             1.2.1                pyhd8ed1ab_0             conda-forge
2025-02-19T21:37:46.6339530Z   pytest-html                    4.1.1                pyhd8ed1ab_0             conda-forge
2025-02-19T21:37:46.6339830Z   pytest-metadata                3.1.1                pyhd8ed1ab_0             conda-forge
2025-02-19T21:37:46.6340370Z   python                         3.12.4               h30c5eda_0_cpython       conda-forge
2025-02-19T21:37:46.6340680Z   python-dateutil                2.9.0                pyhd8ed1ab_0             conda-forge
2025-02-19T21:37:46.6341020Z   python-fastjsonschema          2.20.0               pyhd8ed1ab_0             conda-forge
2025-02-19T21:37:46.6341350Z   python-json-logger             2.0.7                pyhd8ed1ab_0             conda-forge
2025-02-19T21:37:46.6341670Z   python-tzdata                  2024.1               pyhd8ed1ab_0             conda-forge
2025-02-19T21:37:46.6341970Z   python_abi                     3.12                 4_cp312                  conda-forge
2025-02-19T21:37:46.6342240Z   pytz                           2024.1               pyhd8ed1ab_0             conda-forge
2025-02-19T21:37:46.6342510Z   pyyaml                         6.0.1                py312h02f2b3b_1          conda-forge
2025-02-19T21:37:46.6342780Z   pyzmq                          26.0.3               py312hfa13136_0          conda-forge
2025-02-19T21:37:46.6343050Z   qgrid                          1.3.1                pyhd8ed1ab_4             conda-forge
2025-02-19T21:37:46.6343420Z   radioactivedecay               0.5.1                pyhd8ed1ab_0             conda-forge
2025-02-19T21:37:46.6343720Z   readline                       8.2                  h92ec313_1               conda-forge
2025-02-19T21:37:46.6344000Z   recommonmark                   0.7.1                pyhd8ed1ab_0             conda-forge
2025-02-19T21:37:46.6344300Z   referencing                    0.35.1               pyhd8ed1ab_0             conda-forge
2025-02-19T21:37:46.6344590Z   requests                       2.32.3               pyhd8ed1ab_0             conda-forge
2025-02-19T21:37:46.6344900Z   rfc3339-validator              0.1.4                pyhd8ed1ab_0             conda-forge
2025-02-19T21:37:46.6345220Z   rfc3986-validator              0.1.1                pyh9f0ad1d_0             conda-forge
2025-02-19T21:37:46.6345520Z   rpds-py                        0.18.1               py312h552d48e_0          conda-forge
2025-02-19T21:37:46.6345780Z   ruff                           0.4.9                py312h3402d49_0          conda-forge
2025-02-19T21:37:46.6346050Z   scipy                          1.13.1               py312h14ffa8f_0          conda-forge
2025-02-19T21:37:46.6346320Z   send2trash                     1.8.3                pyh31c8845_0             conda-forge
2025-02-19T21:37:46.6346730Z   setuptools                     70.0.0               pyhd8ed1ab_0             conda-forge
2025-02-19T21:37:46.6347110Z   setuptools-scm                 8.1.0                pyhd8ed1ab_0             conda-forge
2025-02-19T21:37:46.6347410Z   setuptools_scm                 8.1.0                hd8ed1ab_0               conda-forge
2025-02-19T21:37:46.6347680Z   six                            1.16.0               pyh6c4a22f_0             conda-forge
2025-02-19T21:37:46.6347950Z   snakeviz                       2.2.0                pyhd8ed1ab_0             conda-forge
2025-02-19T21:37:46.6348230Z   snappy                         1.2.0                hd04f947_1               conda-forge
2025-02-19T21:37:46.6348500Z   sniffio                        1.3.1                pyhd8ed1ab_0             conda-forge
2025-02-19T21:37:46.6348800Z   snowballstemmer                2.2.0                pyhd8ed1ab_0             conda-forge
2025-02-19T21:37:46.6349100Z   soupsieve                      2.5                  pyhd8ed1ab_1             conda-forge
2025-02-19T21:37:46.6349370Z   sphinx                         7.3.7                pyhd8ed1ab_0             conda-forge
2025-02-19T21:37:46.6349660Z   sphinx-astropy                 1.9.1                pyhd8ed1ab_0             conda-forge
2025-02-19T21:37:46.6349980Z   sphinx-automodapi              0.17.0               pyh717bed2_1             conda-forge
2025-02-19T21:37:46.6350320Z   sphinx-gallery                 0.16.0               pyhd8ed1ab_0             conda-forge
2025-02-19T21:37:46.6350740Z   sphinx-jsonschema              1.19.1               pyhd8ed1ab_0             conda-forge
2025-02-19T21:37:46.6351070Z   sphinx_bootstrap_theme         0.8.1                pyhd8ed1ab_0             conda-forge
2025-02-19T21:37:46.6351390Z   sphinx_rtd_theme               2.0.0                pyha770c72_0             conda-forge
2025-02-19T21:37:46.6351770Z   sphinxcontrib-apidoc           0.3.0                py_1                     conda-forge
2025-02-19T21:37:46.6352120Z   sphinxcontrib-applehelp        1.0.8                pyhd8ed1ab_0             conda-forge
2025-02-19T21:37:46.6352460Z   sphinxcontrib-bibtex           2.6.2                pyhd8ed1ab_0             conda-forge
2025-02-19T21:37:46.6352800Z   sphinxcontrib-devhelp          1.0.6                pyhd8ed1ab_0             conda-forge
2025-02-19T21:37:46.6353150Z   sphinxcontrib-htmlhelp         2.0.5                pyhd8ed1ab_0             conda-forge
2025-02-19T21:37:46.6353570Z   sphinxcontrib-jquery           4.1                  pyhd8ed1ab_0             conda-forge
2025-02-19T21:37:46.6353980Z   sphinxcontrib-jsmath           1.0.1                pyhd8ed1ab_0             conda-forge
2025-02-19T21:37:46.6354490Z   sphinxcontrib-qthelp           1.0.7                pyhd8ed1ab_0             conda-forge
2025-02-19T21:37:46.6354940Z   sphinxcontrib-serializinghtml  1.1.10               pyhd8ed1ab_0             conda-forge
2025-02-19T21:37:46.6355340Z   stack_data                     0.6.2                pyhd8ed1ab_0             conda-forge
2025-02-19T21:37:46.6355690Z   sympy                          1.12.1               pypyh2585a3b_103         conda-forge
2025-02-19T21:37:46.6356030Z   tabulate                       0.9.0                pyhd8ed1ab_1             conda-forge
2025-02-19T21:37:46.6356430Z   tenacity                       8.4.1                pyhd8ed1ab_0             conda-forge
2025-02-19T21:37:46.6356780Z   terminado                      0.18.1               pyh31c8845_0             conda-forge
2025-02-19T21:37:46.6362790Z   tinycss2                       1.3.0                pyhd8ed1ab_0             conda-forge
2025-02-19T21:37:46.6363080Z   tk                             8.6.13               h5083fa2_1               conda-forge
2025-02-19T21:37:46.6363350Z   toml                           0.10.2               pyhd8ed1ab_0             conda-forge
2025-02-19T21:37:46.6363630Z   tomli                          2.0.1                pyhd8ed1ab_0             conda-forge
2025-02-19T21:37:46.6364070Z   tornado                        6.4.1                py312h7e5086c_0          conda-forge
2025-02-19T21:37:46.6364340Z   tqdm                           4.66.4               pyhd8ed1ab_0             conda-forge
2025-02-19T21:37:46.6364610Z   traitlets                      5.14.3               pyhd8ed1ab_0             conda-forge
2025-02-19T21:37:46.6364900Z   typed-ast                      1.5.5                py312h02f2b3b_1          conda-forge
2025-02-19T21:37:46.6365220Z   types-python-dateutil          2.9.0.20240316       pyhd8ed1ab_0             conda-forge
2025-02-19T21:37:46.6365560Z   typing-extensions              4.12.2               hd8ed1ab_0               conda-forge
2025-02-19T21:37:46.6365880Z   typing_extensions              4.12.2               pyha770c72_0             conda-forge
2025-02-19T21:37:46.6366180Z   typing_utils                   0.1.0                pyhd8ed1ab_0             conda-forge
2025-02-19T21:37:46.6366470Z   tzdata                         2024a                h0c530f3_0               conda-forge
2025-02-19T21:37:46.6366760Z   uri-template                   1.3.0                pyhd8ed1ab_0             conda-forge
2025-02-19T21:37:46.6367040Z   urllib3                        2.2.2                pyhd8ed1ab_0             conda-forge
2025-02-19T21:37:46.6367310Z   wcwidth                        0.2.13               pyhd8ed1ab_0             conda-forge
2025-02-19T21:37:46.6367590Z   webcolors                      24.6.0               pyhd8ed1ab_0             conda-forge
2025-02-19T21:37:46.6367990Z   webencodings                   0.5.1                pyhd8ed1ab_2             conda-forge
2025-02-19T21:37:46.6368300Z   websocket-client               1.8.0                pyhd8ed1ab_0             conda-forge
2025-02-19T21:37:46.6368590Z   wheel                          0.43.0               pyhd8ed1ab_1             conda-forge
2025-02-19T21:37:46.6368890Z   widgetsnbextension             3.6.6                pyhd8ed1ab_0             conda-forge
2025-02-19T21:37:46.6369200Z   xorg-libxau                    1.0.11               hb547adb_0               conda-forge
2025-02-19T21:37:46.6369490Z   xorg-libxdmcp                  1.1.3                h27ca646_0               conda-forge
2025-02-19T21:37:46.6369750Z   xz                             5.2.6                h57fd34a_0               conda-forge
2025-02-19T21:37:46.6370000Z   yaml                           0.2.5                h3422bc3_2               conda-forge
2025-02-19T21:37:46.6370260Z   zeromq                         4.3.5                hcc0f68c_4               conda-forge
2025-02-19T21:37:46.6370530Z   zipp                           3.19.2               pyhd8ed1ab_0             conda-forge
2025-02-19T21:37:46.6370780Z   zlib                           1.3.1                hfb2fe0b_1               conda-forge
2025-02-19T21:37:46.6371040Z   zlib-ng                        2.0.7                h1a8c8d9_0               conda-forge
2025-02-19T21:37:46.6371300Z   zstd                           1.5.6                hb46c0d2_0               conda-forge
2025-02-19T21:37:46.6371760Z ##[endgroup]
2025-02-19T21:37:46.6419090Z ##[group]Run pip install -e . --user
2025-02-19T21:37:46.6419330Z [36;1mpip install -e . --user[0m
2025-02-19T21:37:46.8920280Z shell: /bin/bash -l {0}
2025-02-19T21:37:46.8920480Z env:
2025-02-19T21:37:46.8920630Z   CACHE_NUMBER: 0
2025-02-19T21:37:46.8921130Z   PYTEST_FLAGS: --tardis-regression-data=/Users/runner/work/tardis/tardis/tardis-regression-data --cov=tardis --cov-report=xml --cov-report=html --cov-append
2025-02-19T21:37:46.8921650Z   CODECOV_TOKEN: 
2025-02-19T21:37:46.8921830Z   MAMBA_ROOT_PREFIX: /Users/runner/micromamba
2025-02-19T21:37:46.8922090Z   MAMBA_EXE: /Users/runner/micromamba-bin/micromamba
2025-02-19T21:37:46.8922390Z   CONDARC: /Users/runner/work/_temp/setup-micromamba/.condarc
2025-02-19T21:37:46.8922620Z ##[endgroup]
2025-02-19T21:37:48.2348060Z Obtaining file:///Users/runner/work/tardis/tardis
2025-02-19T21:37:48.2370780Z   Installing build dependencies: started
2025-02-19T21:37:50.8454360Z   Installing build dependencies: finished with status 'done'
2025-02-19T21:37:50.8462740Z   Checking if build backend supports build_editable: started
2025-02-19T21:37:50.9426010Z   Checking if build backend supports build_editable: finished with status 'done'
2025-02-19T21:37:50.9434900Z   Getting requirements to build editable: started
2025-02-19T21:37:51.4019060Z   Getting requirements to build editable: finished with status 'done'
2025-02-19T21:37:51.4029670Z   Preparing editable metadata (pyproject.toml): started
2025-02-19T21:37:51.7600380Z   Preparing editable metadata (pyproject.toml): finished with status 'done'
2025-02-19T21:37:51.8005370Z Requirement already satisfied: astropy in /Users/runner/micromamba/envs/tardis/lib/python3.12/site-packages (from tardis==0.0.0) (6.1.1)
2025-02-19T21:37:51.8252690Z Requirement already satisfied: numpy>=1.23 in /Users/runner/micromamba/envs/tardis/lib/python3.12/site-packages (from astropy->tardis==0.0.0) (1.26.4)
2025-02-19T21:37:51.8258410Z Requirement already satisfied: pyerfa>=2.0.1.1 in /Users/runner/micromamba/envs/tardis/lib/python3.12/site-packages (from astropy->tardis==0.0.0) (2.0.1.4)
2025-02-19T21:37:51.8264830Z Requirement already satisfied: astropy-iers-data>=0.2024.5.27.0.30.8 in /Users/runner/micromamba/envs/tardis/lib/python3.12/site-packages (from astropy->tardis==0.0.0) (0.2024.6.17.0.31.35)
2025-02-19T21:37:51.8269740Z Requirement already satisfied: PyYAML>=3.13 in /Users/runner/micromamba/envs/tardis/lib/python3.12/site-packages (from astropy->tardis==0.0.0) (6.0.1)
2025-02-19T21:37:51.8275280Z Requirement already satisfied: packaging>=19.0 in /Users/runner/micromamba/envs/tardis/lib/python3.12/site-packages (from astropy->tardis==0.0.0) (24.1)
2025-02-19T21:37:51.8339410Z Building wheels for collected packages: tardis
2025-02-19T21:37:51.8345810Z   Building editable for tardis (pyproject.toml): started
2025-02-19T21:37:52.4598250Z   Building editable for tardis (pyproject.toml): finished with status 'done'
2025-02-19T21:37:52.4605230Z   Created wheel for tardis: filename=tardis-0.0.0-0.editable-py3-none-any.whl size=8877 sha256=5bec43f91270e77ef1ce2c90db1df283385f7e92a0f43e02ccaa7ca27e5b6b4d
2025-02-19T21:37:52.4606300Z   Stored in directory: /private/var/folders/2s/h6hvv9ps03xgz_krkkstvq_r0000gn/T/pip-ephem-wheel-cache-h8zs7i62/wheels/bb/4f/6a/0829b918c1c10bc28535ce7f14be21eee54375bdd9cd0c306a
2025-02-19T21:37:52.4631740Z Successfully built tardis
2025-02-19T21:37:53.0099550Z Installing collected packages: tardis
2025-02-19T21:37:53.0156430Z Successfully installed tardis-0.0.0
2025-02-19T21:37:53.2679440Z ##[group]Run pip install qgridnext
2025-02-19T21:37:53.2679730Z [36;1mpip install qgridnext[0m
2025-02-19T21:37:53.2742680Z shell: /bin/bash -l {0}
2025-02-19T21:37:53.2742900Z env:
2025-02-19T21:37:53.2743050Z   CACHE_NUMBER: 0
2025-02-19T21:37:53.2743580Z   PYTEST_FLAGS: --tardis-regression-data=/Users/runner/work/tardis/tardis/tardis-regression-data --cov=tardis --cov-report=xml --cov-report=html --cov-append
2025-02-19T21:37:53.2744140Z   CODECOV_TOKEN: 
2025-02-19T21:37:53.2744330Z   MAMBA_ROOT_PREFIX: /Users/runner/micromamba
2025-02-19T21:37:53.2744600Z   MAMBA_EXE: /Users/runner/micromamba-bin/micromamba
2025-02-19T21:37:53.2744900Z   CONDARC: /Users/runner/work/_temp/setup-micromamba/.condarc
2025-02-19T21:37:53.2745150Z ##[endgroup]
2025-02-19T21:37:53.8397860Z Collecting qgridnext
2025-02-19T21:37:53.8745650Z   Downloading qgridnext-2.0.4-py3-none-any.whl.metadata (9.9 kB)
2025-02-19T21:37:53.8903140Z Requirement already satisfied: pandas>=0.20.0 in /Users/runner/micromamba/envs/tardis/lib/python3.12/site-packages (from qgridnext) (2.2.2)
2025-02-19T21:37:53.8910280Z Requirement already satisfied: ipywidgets>=7.0.0 in /Users/runner/micromamba/envs/tardis/lib/python3.12/site-packages (from qgridnext) (7.8.0)
2025-02-19T21:37:53.8915750Z Requirement already satisfied: numpy in /Users/runner/micromamba/envs/tardis/lib/python3.12/site-packages (from qgridnext) (1.26.4)
2025-02-19T21:37:53.8923130Z Requirement already satisfied: traitlets in /Users/runner/micromamba/envs/tardis/lib/python3.12/site-packages (from qgridnext) (5.14.3)
2025-02-19T21:37:53.8979540Z Requirement already satisfied: comm>=0.1.3 in /Users/runner/micromamba/envs/tardis/lib/python3.12/site-packages (from ipywidgets>=7.0.0->qgridnext) (0.2.2)
2025-02-19T21:37:53.8984430Z Requirement already satisfied: ipython-genutils~=0.2.0 in /Users/runner/micromamba/envs/tardis/lib/python3.12/site-packages (from ipywidgets>=7.0.0->qgridnext) (0.2.0)
2025-02-19T21:37:53.8992750Z Requirement already satisfied: widgetsnbextension~=3.6.5 in /Users/runner/micromamba/envs/tardis/lib/python3.12/site-packages (from ipywidgets>=7.0.0->qgridnext) (3.6.6)
2025-02-19T21:37:53.9001230Z Requirement already satisfied: ipython>=4.0.0 in /Users/runner/micromamba/envs/tardis/lib/python3.12/site-packages (from ipywidgets>=7.0.0->qgridnext) (8.25.0)
2025-02-19T21:37:53.9009320Z Requirement already satisfied: jupyterlab-widgets<3,>=1.0.0 in /Users/runner/micromamba/envs/tardis/lib/python3.12/site-packages (from ipywidgets>=7.0.0->qgridnext) (1.1.7)
2025-02-19T21:37:53.9296820Z Requirement already satisfied: python-dateutil>=2.8.2 in /Users/runner/micromamba/envs/tardis/lib/python3.12/site-packages (from pandas>=0.20.0->qgridnext) (2.9.0)
2025-02-19T21:37:53.9305660Z Requirement already satisfied: pytz>=2020.1 in /Users/runner/micromamba/envs/tardis/lib/python3.12/site-packages (from pandas>=0.20.0->qgridnext) (2024.1)
2025-02-19T21:37:53.9315180Z Requirement already satisfied: tzdata>=2022.7 in /Users/runner/micromamba/envs/tardis/lib/python3.12/site-packages (from pandas>=0.20.0->qgridnext) (2024.1)
2025-02-19T21:37:53.9601940Z Requirement already satisfied: decorator in /Users/runner/micromamba/envs/tardis/lib/python3.12/site-packages (from ipython>=4.0.0->ipywidgets>=7.0.0->qgridnext) (5.1.1)
2025-02-19T21:37:53.9614570Z Requirement already satisfied: jedi>=0.16 in /Users/runner/micromamba/envs/tardis/lib/python3.12/site-packages (from ipython>=4.0.0->ipywidgets>=7.0.0->qgridnext) (0.19.1)
2025-02-19T21:37:53.9620450Z Requirement already satisfied: matplotlib-inline in /Users/runner/micromamba/envs/tardis/lib/python3.12/site-packages (from ipython>=4.0.0->ipywidgets>=7.0.0->qgridnext) (0.1.7)
2025-02-19T21:37:53.9629350Z Requirement already satisfied: prompt-toolkit<3.1.0,>=3.0.41 in /Users/runner/micromamba/envs/tardis/lib/python3.12/site-packages (from ipython>=4.0.0->ipywidgets>=7.0.0->qgridnext) (3.0.47)
2025-02-19T21:37:53.9634780Z Requirement already satisfied: pygments>=2.4.0 in /Users/runner/micromamba/envs/tardis/lib/python3.12/site-packages (from ipython>=4.0.0->ipywidgets>=7.0.0->qgridnext) (2.18.0)
2025-02-19T21:37:53.9638160Z Requirement already satisfied: stack-data in /Users/runner/micromamba/envs/tardis/lib/python3.12/site-packages (from ipython>=4.0.0->ipywidgets>=7.0.0->qgridnext) (0.6.2)
2025-02-19T21:37:53.9651990Z Requirement already satisfied: pexpect>4.3 in /Users/runner/micromamba/envs/tardis/lib/python3.12/site-packages (from ipython>=4.0.0->ipywidgets>=7.0.0->qgridnext) (4.9.0)
2025-02-19T21:37:53.9682690Z Requirement already satisfied: six>=1.5 in /Users/runner/micromamba/envs/tardis/lib/python3.12/site-packages (from python-dateutil>=2.8.2->pandas>=0.20.0->qgridnext) (1.16.0)
2025-02-19T21:37:53.9719330Z Requirement already satisfied: notebook>=4.4.1 in /Users/runner/micromamba/envs/tardis/lib/python3.12/site-packages (from widgetsnbextension~=3.6.5->ipywidgets>=7.0.0->qgridnext) (7.2.1)
2025-02-19T21:37:53.9844320Z Requirement already satisfied: parso<0.9.0,>=0.8.3 in /Users/runner/micromamba/envs/tardis/lib/python3.12/site-packages (from jedi>=0.16->ipython>=4.0.0->ipywidgets>=7.0.0->qgridnext) (0.8.4)
2025-02-19T21:37:53.9939090Z Requirement already satisfied: jupyter-server<3,>=2.4.0 in /Users/runner/micromamba/envs/tardis/lib/python3.12/site-packages (from notebook>=4.4.1->widgetsnbextension~=3.6.5->ipywidgets>=7.0.0->qgridnext) (2.14.1)
2025-02-19T21:37:53.9947520Z Requirement already satisfied: jupyterlab-server<3,>=2.27.1 in /Users/runner/micromamba/envs/tardis/lib/python3.12/site-packages (from notebook>=4.4.1->widgetsnbextension~=3.6.5->ipywidgets>=7.0.0->qgridnext) (2.27.2)
2025-02-19T21:37:53.9958110Z Requirement already satisfied: jupyterlab<4.3,>=4.2.0 in /Users/runner/micromamba/envs/tardis/lib/python3.12/site-packages (from notebook>=4.4.1->widgetsnbextension~=3.6.5->ipywidgets>=7.0.0->qgridnext) (4.2.2)
2025-02-19T21:37:53.9964700Z Requirement already satisfied: notebook-shim<0.3,>=0.2 in /Users/runner/micromamba/envs/tardis/lib/python3.12/site-packages (from notebook>=4.4.1->widgetsnbextension~=3.6.5->ipywidgets>=7.0.0->qgridnext) (0.2.4)
2025-02-19T21:37:53.9970840Z Requirement already satisfied: tornado>=6.2.0 in /Users/runner/micromamba/envs/tardis/lib/python3.12/site-packages (from notebook>=4.4.1->widgetsnbextension~=3.6.5->ipywidgets>=7.0.0->qgridnext) (6.4.1)
2025-02-19T21:37:53.9989780Z Requirement already satisfied: ptyprocess>=0.5 in /Users/runner/micromamba/envs/tardis/lib/python3.12/site-packages (from pexpect>4.3->ipython>=4.0.0->ipywidgets>=7.0.0->qgridnext) (0.7.0)
2025-02-19T21:37:54.0007210Z Requirement already satisfied: wcwidth in /Users/runner/micromamba/envs/tardis/lib/python3.12/site-packages (from prompt-toolkit<3.1.0,>=3.0.41->ipython>=4.0.0->ipywidgets>=7.0.0->qgridnext) (0.2.13)
2025-02-19T21:37:54.0110030Z Requirement already satisfied: executing>=1.2.0 in /Users/runner/micromamba/envs/tardis/lib/python3.12/site-packages (from stack-data->ipython>=4.0.0->ipywidgets>=7.0.0->qgridnext) (2.0.1)
2025-02-19T21:37:54.0114680Z Requirement already satisfied: asttokens>=2.1.0 in /Users/runner/micromamba/envs/tardis/lib/python3.12/site-packages (from stack-data->ipython>=4.0.0->ipywidgets>=7.0.0->qgridnext) (2.4.1)
2025-02-19T21:37:54.0119470Z Requirement already satisfied: pure-eval in /Users/runner/micromamba/envs/tardis/lib/python3.12/site-packages (from stack-data->ipython>=4.0.0->ipywidgets>=7.0.0->qgridnext) (0.2.2)
2025-02-19T21:37:54.0381220Z Requirement already satisfied: anyio>=3.1.0 in /Users/runner/micromamba/envs/tardis/lib/python3.12/site-packages (from jupyter-server<3,>=2.4.0->notebook>=4.4.1->widgetsnbextension~=3.6.5->ipywidgets>=7.0.0->qgridnext) (4.4.0)
2025-02-19T21:37:54.0403650Z Requirement already satisfied: argon2-cffi>=21.1 in /Users/runner/micromamba/envs/tardis/lib/python3.12/site-packages (from jupyter-server<3,>=2.4.0->notebook>=4.4.1->widgetsnbextension~=3.6.5->ipywidgets>=7.0.0->qgridnext) (23.1.0)
2025-02-19T21:37:54.0506250Z Requirement already satisfied: jinja2>=3.0.3 in /Users/runner/micromamba/envs/tardis/lib/python3.12/site-packages (from jupyter-server<3,>=2.4.0->notebook>=4.4.1->widgetsnbextension~=3.6.5->ipywidgets>=7.0.0->qgridnext) (3.1.4)
2025-02-19T21:37:54.0606200Z Requirement already satisfied: jupyter-client>=7.4.4 in /Users/runner/micromamba/envs/tardis/lib/python3.12/site-packages (from jupyter-server<3,>=2.4.0->notebook>=4.4.1->widgetsnbextension~=3.6.5->ipywidgets>=7.0.0->qgridnext) (8.6.2)
2025-02-19T21:37:54.0706600Z Requirement already satisfied: jupyter-core!=5.0.*,>=4.12 in /Users/runner/micromamba/envs/tardis/lib/python3.12/site-packages (from jupyter-server<3,>=2.4.0->notebook>=4.4.1->widgetsnbextension~=3.6.5->ipywidgets>=7.0.0->qgridnext) (5.7.2)
2025-02-19T21:37:54.0809000Z Requirement already satisfied: jupyter-events>=0.9.0 in /Users/runner/micromamba/envs/tardis/lib/python3.12/site-packages (from jupyter-server<3,>=2.4.0->notebook>=4.4.1->widgetsnbextension~=3.6.5->ipywidgets>=7.0.0->qgridnext) (0.10.0)
2025-02-19T21:37:54.0911160Z Requirement already satisfied: jupyter-server-terminals>=0.4.4 in /Users/runner/micromamba/envs/tardis/lib/python3.12/site-packages (from jupyter-server<3,>=2.4.0->notebook>=4.4.1->widgetsnbextension~=3.6.5->ipywidgets>=7.0.0->qgridnext) (0.5.3)
2025-02-19T21:37:54.0977970Z Requirement already satisfied: nbconvert>=6.4.4 in /Users/runner/micromamba/envs/tardis/lib/python3.12/site-packages (from jupyter-server<3,>=2.4.0->notebook>=4.4.1->widgetsnbextension~=3.6.5->ipywidgets>=7.0.0->qgridnext) (7.16.4)
2025-02-19T21:37:54.0979520Z Requirement already satisfied: nbformat>=5.3.0 in /Users/runner/micromamba/envs/tardis/lib/python3.12/site-packages (from jupyter-server<3,>=2.4.0->notebook>=4.4.1->widgetsnbextension~=3.6.5->ipywidgets>=7.0.0->qgridnext) (5.10.4)
2025-02-19T21:37:54.0981270Z Requirement already satisfied: overrides>=5.0 in /Users/runner/micromamba/envs/tardis/lib/python3.12/site-packages (from jupyter-server<3,>=2.4.0->notebook>=4.4.1->widgetsnbextension~=3.6.5->ipywidgets>=7.0.0->qgridnext) (7.7.0)
2025-02-19T21:37:54.0982580Z Requirement already satisfied: packaging>=22.0 in /Users/runner/micromamba/envs/tardis/lib/python3.12/site-packages (from jupyter-server<3,>=2.4.0->notebook>=4.4.1->widgetsnbextension~=3.6.5->ipywidgets>=7.0.0->qgridnext) (24.1)
2025-02-19T21:37:54.0983880Z Requirement already satisfied: prometheus-client>=0.9 in /Users/runner/micromamba/envs/tardis/lib/python3.12/site-packages (from jupyter-server<3,>=2.4.0->notebook>=4.4.1->widgetsnbextension~=3.6.5->ipywidgets>=7.0.0->qgridnext) (0.20.0)
2025-02-19T21:37:54.0985530Z Requirement already satisfied: pyzmq>=24 in /Users/runner/micromamba/envs/tardis/lib/python3.12/site-packages (from jupyter-server<3,>=2.4.0->notebook>=4.4.1->widgetsnbextension~=3.6.5->ipywidgets>=7.0.0->qgridnext) (26.0.3)
2025-02-19T21:37:54.0986960Z Requirement already satisfied: send2trash>=1.8.2 in /Users/runner/micromamba/envs/tardis/lib/python3.12/site-packages (from jupyter-server<3,>=2.4.0->notebook>=4.4.1->widgetsnbextension~=3.6.5->ipywidgets>=7.0.0->qgridnext) (1.8.3)
2025-02-19T21:37:54.0989400Z Requirement already satisfied: terminado>=0.8.3 in /Users/runner/micromamba/envs/tardis/lib/python3.12/site-packages (from jupyter-server<3,>=2.4.0->notebook>=4.4.1->widgetsnbextension~=3.6.5->ipywidgets>=7.0.0->qgridnext) (0.18.1)
2025-02-19T21:37:54.0990780Z Requirement already satisfied: websocket-client>=1.7 in /Users/runner/micromamba/envs/tardis/lib/python3.12/site-packages (from jupyter-server<3,>=2.4.0->notebook>=4.4.1->widgetsnbextension~=3.6.5->ipywidgets>=7.0.0->qgridnext) (1.8.0)
2025-02-19T21:37:54.0992140Z Requirement already satisfied: async-lru>=1.0.0 in /Users/runner/micromamba/envs/tardis/lib/python3.12/site-packages (from jupyterlab<4.3,>=4.2.0->notebook>=4.4.1->widgetsnbextension~=3.6.5->ipywidgets>=7.0.0->qgridnext) (2.0.4)
2025-02-19T21:37:54.0996980Z Requirement already satisfied: httpx>=0.25.0 in /Users/runner/micromamba/envs/tardis/lib/python3.12/site-packages (from jupyterlab<4.3,>=4.2.0->notebook>=4.4.1->widgetsnbextension~=3.6.5->ipywidgets>=7.0.0->qgridnext) (0.27.0)
2025-02-19T21:37:54.0998710Z Requirement already satisfied: ipykernel>=6.5.0 in /Users/runner/micromamba/envs/tardis/lib/python3.12/site-packages (from jupyterlab<4.3,>=4.2.0->notebook>=4.4.1->widgetsnbextension~=3.6.5->ipywidgets>=7.0.0->qgridnext) (6.29.4)
2025-02-19T21:37:54.1000060Z Requirement already satisfied: jupyter-lsp>=2.0.0 in /Users/runner/micromamba/envs/tardis/lib/python3.12/site-packages (from jupyterlab<4.3,>=4.2.0->notebook>=4.4.1->widgetsnbextension~=3.6.5->ipywidgets>=7.0.0->qgridnext) (2.2.5)
2025-02-19T21:37:54.1001230Z Requirement already satisfied: setuptools>=40.1.0 in /Users/runner/micromamba/envs/tardis/lib/python3.12/site-packages (from jupyterlab<4.3,>=4.2.0->notebook>=4.4.1->widgetsnbextension~=3.6.5->ipywidgets>=7.0.0->qgridnext) (70.0.0)
2025-02-19T21:37:54.1002380Z Requirement already satisfied: babel>=2.10 in /Users/runner/micromamba/envs/tardis/lib/python3.12/site-packages (from jupyterlab-server<3,>=2.27.1->notebook>=4.4.1->widgetsnbextension~=3.6.5->ipywidgets>=7.0.0->qgridnext) (2.14.0)
2025-02-19T21:37:54.1044250Z Requirement already satisfied: json5>=0.9.0 in /Users/runner/micromamba/envs/tardis/lib/python3.12/site-packages (from jupyterlab-server<3,>=2.27.1->notebook>=4.4.1->widgetsnbextension~=3.6.5->ipywidgets>=7.0.0->qgridnext) (0.9.25)
2025-02-19T21:37:54.1144690Z Requirement already satisfied: jsonschema>=4.18.0 in /Users/runner/micromamba/envs/tardis/lib/python3.12/site-packages (from jupyterlab-server<3,>=2.27.1->notebook>=4.4.1->widgetsnbextension~=3.6.5->ipywidgets>=7.0.0->qgridnext) (4.22.0)
2025-02-19T21:37:54.1246740Z Requirement already satisfied: requests>=2.31 in /Users/runner/micromamba/envs/tardis/lib/python3.12/site-packages (from jupyterlab-server<3,>=2.27.1->notebook>=4.4.1->widgetsnbextension~=3.6.5->ipywidgets>=7.0.0->qgridnext) (2.32.3)
2025-02-19T21:37:54.1347500Z Requirement already satisfied: idna>=2.8 in /Users/runner/micromamba/envs/tardis/lib/python3.12/site-packages (from anyio>=3.1.0->jupyter-server<3,>=2.4.0->notebook>=4.4.1->widgetsnbextension~=3.6.5->ipywidgets>=7.0.0->qgridnext) (3.7)
2025-02-19T21:37:54.1449160Z Requirement already satisfied: sniffio>=1.1 in /Users/runner/micromamba/envs/tardis/lib/python3.12/site-packages (from anyio>=3.1.0->jupyter-server<3,>=2.4.0->notebook>=4.4.1->widgetsnbextension~=3.6.5->ipywidgets>=7.0.0->qgridnext) (1.3.1)
2025-02-19T21:37:54.1551540Z Requirement already satisfied: argon2-cffi-bindings in /Users/runner/micromamba/envs/tardis/lib/python3.12/site-packages (from argon2-cffi>=21.1->jupyter-server<3,>=2.4.0->notebook>=4.4.1->widgetsnbextension~=3.6.5->ipywidgets>=7.0.0->qgridnext) (21.2.0)
2025-02-19T21:37:54.1654260Z Requirement already satisfied: certifi in /Users/runner/micromamba/envs/tardis/lib/python3.12/site-packages (from httpx>=0.25.0->jupyterlab<4.3,>=4.2.0->notebook>=4.4.1->widgetsnbextension~=3.6.5->ipywidgets>=7.0.0->qgridnext) (2024.6.2)
2025-02-19T21:37:54.1758870Z Requirement already satisfied: httpcore==1.* in /Users/runner/micromamba/envs/tardis/lib/python3.12/site-packages (from httpx>=0.25.0->jupyterlab<4.3,>=4.2.0->notebook>=4.4.1->widgetsnbextension~=3.6.5->ipywidgets>=7.0.0->qgridnext) (1.0.5)
2025-02-19T21:37:54.1862490Z Requirement already satisfied: h11<0.15,>=0.13 in /Users/runner/micromamba/envs/tardis/lib/python3.12/site-packages (from httpcore==1.*->httpx>=0.25.0->jupyterlab<4.3,>=4.2.0->notebook>=4.4.1->widgetsnbextension~=3.6.5->ipywidgets>=7.0.0->qgridnext) (0.14.0)
2025-02-19T21:37:54.1962910Z Requirement already satisfied: appnope in /Users/runner/micromamba/envs/tardis/lib/python3.12/site-packages (from ipykernel>=6.5.0->jupyterlab<4.3,>=4.2.0->notebook>=4.4.1->widgetsnbextension~=3.6.5->ipywidgets>=7.0.0->qgridnext) (0.1.4)
2025-02-19T21:37:54.2065000Z Requirement already satisfied: debugpy>=1.6.5 in /Users/runner/micromamba/envs/tardis/lib/python3.12/site-packages (from ipykernel>=6.5.0->jupyterlab<4.3,>=4.2.0->notebook>=4.4.1->widgetsnbextension~=3.6.5->ipywidgets>=7.0.0->qgridnext) (1.8.1)
2025-02-19T21:37:54.2168260Z Requirement already satisfied: nest-asyncio in /Users/runner/micromamba/envs/tardis/lib/python3.12/site-packages (from ipykernel>=6.5.0->jupyterlab<4.3,>=4.2.0->notebook>=4.4.1->widgetsnbextension~=3.6.5->ipywidgets>=7.0.0->qgridnext) (1.6.0)
2025-02-19T21:37:54.2267550Z Requirement already satisfied: psutil in /Users/runner/micromamba/envs/tardis/lib/python3.12/site-packages (from ipykernel>=6.5.0->jupyterlab<4.3,>=4.2.0->notebook>=4.4.1->widgetsnbextension~=3.6.5->ipywidgets>=7.0.0->qgridnext) (5.9.8)
2025-02-19T21:37:54.2369990Z Requirement already satisfied: MarkupSafe>=2.0 in /Users/runner/micromamba/envs/tardis/lib/python3.12/site-packages (from jinja2>=3.0.3->jupyter-server<3,>=2.4.0->notebook>=4.4.1->widgetsnbextension~=3.6.5->ipywidgets>=7.0.0->qgridnext) (2.1.5)
2025-02-19T21:37:54.2470250Z Requirement already satisfied: attrs>=22.2.0 in /Users/runner/micromamba/envs/tardis/lib/python3.12/site-packages (from jsonschema>=4.18.0->jupyterlab-server<3,>=2.27.1->notebook>=4.4.1->widgetsnbextension~=3.6.5->ipywidgets>=7.0.0->qgridnext) (23.2.0)
2025-02-19T21:37:54.2572620Z Requirement already satisfied: jsonschema-specifications>=2023.03.6 in /Users/runner/micromamba/envs/tardis/lib/python3.12/site-packages (from jsonschema>=4.18.0->jupyterlab-server<3,>=2.27.1->notebook>=4.4.1->widgetsnbextension~=3.6.5->ipywidgets>=7.0.0->qgridnext) (2023.12.1)
2025-02-19T21:37:54.2673050Z Requirement already satisfied: referencing>=0.28.4 in /Users/runner/micromamba/envs/tardis/lib/python3.12/site-packages (from jsonschema>=4.18.0->jupyterlab-server<3,>=2.27.1->notebook>=4.4.1->widgetsnbextension~=3.6.5->ipywidgets>=7.0.0->qgridnext) (0.35.1)
2025-02-19T21:37:54.2773700Z Requirement already satisfied: rpds-py>=0.7.1 in /Users/runner/micromamba/envs/tardis/lib/python3.12/site-packages (from jsonschema>=4.18.0->jupyterlab-server<3,>=2.27.1->notebook>=4.4.1->widgetsnbextension~=3.6.5->ipywidgets>=7.0.0->qgridnext) (0.18.1)
2025-02-19T21:37:54.2875340Z Requirement already satisfied: platformdirs>=2.5 in /Users/runner/micromamba/envs/tardis/lib/python3.12/site-packages (from jupyter-core!=5.0.*,>=4.12->jupyter-server<3,>=2.4.0->notebook>=4.4.1->widgetsnbextension~=3.6.5->ipywidgets>=7.0.0->qgridnext) (4.2.2)
2025-02-19T21:37:54.2975890Z Requirement already satisfied: python-json-logger>=2.0.4 in /Users/runner/micromamba/envs/tardis/lib/python3.12/site-packages (from jupyter-events>=0.9.0->jupyter-server<3,>=2.4.0->notebook>=4.4.1->widgetsnbextension~=3.6.5->ipywidgets>=7.0.0->qgridnext) (2.0.7)
2025-02-19T21:37:54.3076140Z Requirement already satisfied: pyyaml>=5.3 in /Users/runner/micromamba/envs/tardis/lib/python3.12/site-packages (from jupyter-events>=0.9.0->jupyter-server<3,>=2.4.0->notebook>=4.4.1->widgetsnbextension~=3.6.5->ipywidgets>=7.0.0->qgridnext) (6.0.1)
2025-02-19T21:37:54.3176670Z Requirement already satisfied: rfc3339-validator in /Users/runner/micromamba/envs/tardis/lib/python3.12/site-packages (from jupyter-events>=0.9.0->jupyter-server<3,>=2.4.0->notebook>=4.4.1->widgetsnbextension~=3.6.5->ipywidgets>=7.0.0->qgridnext) (0.1.4)
2025-02-19T21:37:54.3278420Z Requirement already satisfied: rfc3986-validator>=0.1.1 in /Users/runner/micromamba/envs/tardis/lib/python3.12/site-packages (from jupyter-events>=0.9.0->jupyter-server<3,>=2.4.0->notebook>=4.4.1->widgetsnbextension~=3.6.5->ipywidgets>=7.0.0->qgridnext) (0.1.1)
2025-02-19T21:37:54.3378970Z Requirement already satisfied: beautifulsoup4 in /Users/runner/micromamba/envs/tardis/lib/python3.12/site-packages (from nbconvert>=6.4.4->jupyter-server<3,>=2.4.0->notebook>=4.4.1->widgetsnbextension~=3.6.5->ipywidgets>=7.0.0->qgridnext) (4.12.3)
2025-02-19T21:37:54.3479900Z Requirement already satisfied: bleach!=5.0.0 in /Users/runner/micromamba/envs/tardis/lib/python3.12/site-packages (from nbconvert>=6.4.4->jupyter-server<3,>=2.4.0->notebook>=4.4.1->widgetsnbextension~=3.6.5->ipywidgets>=7.0.0->qgridnext) (6.1.0)
2025-02-19T21:37:54.3580540Z Requirement already satisfied: defusedxml in /Users/runner/micromamba/envs/tardis/lib/python3.12/site-packages (from nbconvert>=6.4.4->jupyter-server<3,>=2.4.0->notebook>=4.4.1->widgetsnbextension~=3.6.5->ipywidgets>=7.0.0->qgridnext) (0.7.1)
2025-02-19T21:37:54.3682740Z Requirement already satisfied: jupyterlab-pygments in /Users/runner/micromamba/envs/tardis/lib/python3.12/site-packages (from nbconvert>=6.4.4->jupyter-server<3,>=2.4.0->notebook>=4.4.1->widgetsnbextension~=3.6.5->ipywidgets>=7.0.0->qgridnext) (0.3.0)
2025-02-19T21:37:54.3782710Z Requirement already satisfied: mistune<4,>=2.0.3 in /Users/runner/micromamba/envs/tardis/lib/python3.12/site-packages (from nbconvert>=6.4.4->jupyter-server<3,>=2.4.0->notebook>=4.4.1->widgetsnbextension~=3.6.5->ipywidgets>=7.0.0->qgridnext) (3.0.2)
2025-02-19T21:37:54.3884040Z Requirement already satisfied: nbclient>=0.5.0 in /Users/runner/micromamba/envs/tardis/lib/python3.12/site-packages (from nbconvert>=6.4.4->jupyter-server<3,>=2.4.0->notebook>=4.4.1->widgetsnbextension~=3.6.5->ipywidgets>=7.0.0->qgridnext) (0.10.0)
2025-02-19T21:37:54.3985250Z Requirement already satisfied: pandocfilters>=1.4.1 in /Users/runner/micromamba/envs/tardis/lib/python3.12/site-packages (from nbconvert>=6.4.4->jupyter-server<3,>=2.4.0->notebook>=4.4.1->widgetsnbextension~=3.6.5->ipywidgets>=7.0.0->qgridnext) (1.5.0)
2025-02-19T21:37:54.4085760Z Requirement already satisfied: tinycss2 in /Users/runner/micromamba/envs/tardis/lib/python3.12/site-packages (from nbconvert>=6.4.4->jupyter-server<3,>=2.4.0->notebook>=4.4.1->widgetsnbextension~=3.6.5->ipywidgets>=7.0.0->qgridnext) (1.3.0)
2025-02-19T21:37:54.4186290Z Requirement already satisfied: fastjsonschema>=2.15 in /Users/runner/micromamba/envs/tardis/lib/python3.12/site-packages (from nbformat>=5.3.0->jupyter-server<3,>=2.4.0->notebook>=4.4.1->widgetsnbextension~=3.6.5->ipywidgets>=7.0.0->qgridnext) (2.20.0)
2025-02-19T21:37:54.4289510Z Requirement already satisfied: charset-normalizer<4,>=2 in /Users/runner/micromamba/envs/tardis/lib/python3.12/site-packages (from requests>=2.31->jupyterlab-server<3,>=2.27.1->notebook>=4.4.1->widgetsnbextension~=3.6.5->ipywidgets>=7.0.0->qgridnext) (3.3.2)
2025-02-19T21:37:54.4417170Z Requirement already satisfied: urllib3<3,>=1.21.1 in /Users/runner/micromamba/envs/tardis/lib/python3.12/site-packages (from requests>=2.31->jupyterlab-server<3,>=2.27.1->notebook>=4.4.1->widgetsnbextension~=3.6.5->ipywidgets>=7.0.0->qgridnext) (2.2.2)
2025-02-19T21:37:54.4492050Z Requirement already satisfied: webencodings in /Users/runner/micromamba/envs/tardis/lib/python3.12/site-packages (from bleach!=5.0.0->nbconvert>=6.4.4->jupyter-server<3,>=2.4.0->notebook>=4.4.1->widgetsnbextension~=3.6.5->ipywidgets>=7.0.0->qgridnext) (0.5.1)
2025-02-19T21:37:54.4592710Z Requirement already satisfied: fqdn in /Users/runner/micromamba/envs/tardis/lib/python3.12/site-packages (from jsonschema[format-nongpl]>=4.18.0->jupyter-events>=0.9.0->jupyter-server<3,>=2.4.0->notebook>=4.4.1->widgetsnbextension~=3.6.5->ipywidgets>=7.0.0->qgridnext) (1.5.1)
2025-02-19T21:37:54.4694940Z Requirement already satisfied: isoduration in /Users/runner/micromamba/envs/tardis/lib/python3.12/site-packages (from jsonschema[format-nongpl]>=4.18.0->jupyter-events>=0.9.0->jupyter-server<3,>=2.4.0->notebook>=4.4.1->widgetsnbextension~=3.6.5->ipywidgets>=7.0.0->qgridnext) (20.11.0)
2025-02-19T21:37:54.4795580Z Requirement already satisfied: jsonpointer>1.13 in /Users/runner/micromamba/envs/tardis/lib/python3.12/site-packages (from jsonschema[format-nongpl]>=4.18.0->jupyter-events>=0.9.0->jupyter-server<3,>=2.4.0->notebook>=4.4.1->widgetsnbextension~=3.6.5->ipywidgets>=7.0.0->qgridnext) (3.0.0)
2025-02-19T21:37:54.4902330Z Requirement already satisfied: uri-template in /Users/runner/micromamba/envs/tardis/lib/python3.12/site-packages (from jsonschema[format-nongpl]>=4.18.0->jupyter-events>=0.9.0->jupyter-server<3,>=2.4.0->notebook>=4.4.1->widgetsnbextension~=3.6.5->ipywidgets>=7.0.0->qgridnext) (1.3.0)
2025-02-19T21:37:54.5004530Z Requirement already satisfied: webcolors>=1.11 in /Users/runner/micromamba/envs/tardis/lib/python3.12/site-packages (from jsonschema[format-nongpl]>=4.18.0->jupyter-events>=0.9.0->jupyter-server<3,>=2.4.0->notebook>=4.4.1->widgetsnbextension~=3.6.5->ipywidgets>=7.0.0->qgridnext) (24.6.0)
2025-02-19T21:37:54.5122440Z Requirement already satisfied: cffi>=1.0.1 in /Users/runner/micromamba/envs/tardis/lib/python3.12/site-packages (from argon2-cffi-bindings->argon2-cffi>=21.1->jupyter-server<3,>=2.4.0->notebook>=4.4.1->widgetsnbextension~=3.6.5->ipywidgets>=7.0.0->qgridnext) (1.16.0)
2025-02-19T21:37:54.5310390Z Requirement already satisfied: soupsieve>1.2 in /Users/runner/micromamba/envs/tardis/lib/python3.12/site-packages (from beautifulsoup4->nbconvert>=6.4.4->jupyter-server<3,>=2.4.0->notebook>=4.4.1->widgetsnbextension~=3.6.5->ipywidgets>=7.0.0->qgridnext) (2.5)
2025-02-19T21:37:54.5710050Z Requirement already satisfied: pycparser in /Users/runner/micromamba/envs/tardis/lib/python3.12/site-packages (from cffi>=1.0.1->argon2-cffi-bindings->argon2-cffi>=21.1->jupyter-server<3,>=2.4.0->notebook>=4.4.1->widgetsnbextension~=3.6.5->ipywidgets>=7.0.0->qgridnext) (2.22)
2025-02-19T21:37:54.6026960Z Requirement already satisfied: arrow>=0.15.0 in /Users/runner/micromamba/envs/tardis/lib/python3.12/site-packages (from isoduration->jsonschema[format-nongpl]>=4.18.0->jupyter-events>=0.9.0->jupyter-server<3,>=2.4.0->notebook>=4.4.1->widgetsnbextension~=3.6.5->ipywidgets>=7.0.0->qgridnext) (1.3.0)
2025-02-19T21:37:54.6312160Z Requirement already satisfied: types-python-dateutil>=2.8.10 in /Users/runner/micromamba/envs/tardis/lib/python3.12/site-packages (from arrow>=0.15.0->isoduration->jsonschema[format-nongpl]>=4.18.0->jupyter-events>=0.9.0->jupyter-server<3,>=2.4.0->notebook>=4.4.1->widgetsnbextension~=3.6.5->ipywidgets>=7.0.0->qgridnext) (2.9.0.20240316)
2025-02-19T21:37:54.6613490Z Downloading qgridnext-2.0.4-py3-none-any.whl (1.3 MB)
2025-02-19T21:37:54.7115150Z    â”â”â”â”â”â”â”â”â”â”â”â”â”â”â”â”â”â”â”â”â”â”â”â”â”â”â”â”â”â”â”â”â”â”â”â”â”â”â”â” 1.3/1.3 MB 27.3 MB/s eta 0:00:00
2025-02-19T21:37:55.2438860Z Installing collected packages: qgridnext
2025-02-19T21:37:55.2885390Z Successfully installed qgridnext-2.0.4
2025-02-19T21:37:55.5038050Z ##[group]Run pytest tardis --tardis-regression-data=/Users/runner/work/tardis/tardis/tardis-regression-data --cov=tardis --cov-report=xml --cov-report=html --cov-append -m "not continuum"
2025-02-19T21:37:55.5039270Z [36;1mpytest tardis --tardis-regression-data=/Users/runner/work/tardis/tardis/tardis-regression-data --cov=tardis --cov-report=xml --cov-report=html --cov-append -m "not continuum"[0m
2025-02-19T21:37:55.5097070Z shell: /bin/bash -l {0}
2025-02-19T21:37:55.5097350Z env:
2025-02-19T21:37:55.5097670Z   CACHE_NUMBER: 0
2025-02-19T21:37:55.5098330Z   PYTEST_FLAGS: --tardis-regression-data=/Users/runner/work/tardis/tardis/tardis-regression-data --cov=tardis --cov-report=xml --cov-report=html --cov-append
2025-02-19T21:37:55.5099010Z   CODECOV_TOKEN: 
2025-02-19T21:37:55.5099280Z   MAMBA_ROOT_PREFIX: /Users/runner/micromamba
2025-02-19T21:37:55.5099710Z   MAMBA_EXE: /Users/runner/micromamba-bin/micromamba
2025-02-19T21:37:55.5100340Z   CONDARC: /Users/runner/work/_temp/setup-micromamba/.condarc
2025-02-19T21:37:55.5100820Z ##[endgroup]
2025-02-19T21:38:07.9103710Z ============================= test session starts ==============================
2025-02-19T21:38:07.9104550Z platform darwin -- Python 3.12.4, pytest-8.2.2, pluggy-1.5.0
2025-02-19T21:38:07.9105080Z rootdir: /Users/runner/work/tardis/tardis
2025-02-19T21:38:07.9105650Z configfile: pyproject.toml
2025-02-19T21:38:07.9106220Z plugins: cov-5.0.0, html-4.1.1, metadata-3.1.1, doctestplus-1.2.1, anyio-4.4.0
2025-02-19T21:38:07.9106830Z collected 1796 items / 2 deselected / 1794 selected
2025-02-19T21:38:07.9107310Z 
2025-02-19T21:38:11.0151980Z tardis/energy_input/tests/test_energy_source.py ..xxx                    [  0%]
2025-02-19T21:38:12.9884360Z tardis/energy_input/tests/test_gamma_ray_channel.py ...........          [  0%]
2025-02-19T21:38:14.2174170Z tardis/energy_input/tests/test_gamma_ray_grid.py xx.                     [  1%]
2025-02-19T21:38:15.3316900Z tardis/energy_input/tests/test_gamma_ray_interactions.py xx....          [  1%]
2025-02-19T21:38:15.3370030Z tardis/energy_input/tests/test_gamma_ray_packet_source.py sssssssss      [  1%]
2025-02-19T21:38:16.2131130Z tardis/energy_input/tests/test_util.py .....xxxx.....                    [  2%]
2025-02-19T21:38:16.5212680Z tardis/grid/tests/test_grid.py .                                         [  2%]
2025-02-19T21:38:16.5261440Z tardis/gui/tests/test_gui.py s                                           [  2%]
2025-02-19T21:38:19.3961760Z tardis/io/configuration/tests/test_config_reader.py ...........          [  3%]
2025-02-19T21:38:19.4123860Z tardis/io/configuration/tests/test_configuration_namespace.py .........  [  3%]
2025-02-19T21:38:19.4374090Z tardis/io/logger/tests/test_logging.py ssssssssssssssssssssssssssss      [  5%]
2025-02-19T21:38:51.1816450Z tardis/io/model/readers/tests/test_arepo_parser.py ..                    [  5%]
2025-02-19T21:38:51.2316900Z tardis/io/model/readers/tests/test_ascii_readers.py ...                  [  5%]
2025-02-19T21:38:51.2566300Z tardis/io/model/readers/tests/test_cmfgen_reader.py ..                   [  5%]
2025-02-19T21:38:51.3016310Z tardis/io/model/readers/tests/test_csvy_reader.py ....                   [  6%]
2025-02-19T21:38:51.3284530Z tardis/io/model/readers/tests/test_stella_reader.py ..                   [  6%]
2025-02-19T21:38:51.7701580Z tardis/io/tests/test_HDFWriter.py ...............                        [  7%]
2025-02-19T21:38:52.5024670Z tardis/io/tests/test_atomic.py .....                                     [  7%]
2025-02-19T21:38:52.5239080Z tardis/io/tests/test_decay.py ..                                         [  7%]
2025-02-19T21:38:52.7216800Z tardis/io/tests/test_model_reader.py ......                              [  7%]
2025-02-19T21:38:52.7417130Z tardis/model/geometry/tests/test_radial1d.py ..                          [  7%]
2025-02-19T21:39:29.1145940Z tardis/model/tests/test_base.py ........................................ [ 10%]
2025-02-19T21:39:29.9838140Z ............                                                             [ 10%]
2025-02-19T21:39:32.8109470Z tardis/model/tests/test_csvy_model.py .........                          [ 11%]
2025-02-19T21:39:32.8539790Z tardis/model/tests/test_density.py ..                                    [ 11%]
2025-02-19T21:39:35.0076000Z tardis/opacities/tests/test_opacity_solver.py .....                      [ 11%]
2025-02-19T21:39:36.1164210Z tardis/opacities/tests/test_opacity_state_numba.py .....                 [ 11%]
2025-02-19T21:39:38.1968060Z tardis/opacities/tests/test_tau_sobolev.py ..                            [ 12%]
2025-02-19T21:39:40.9253000Z tardis/plasma/equilibrium/tests/test_collisional_transitions.py ...      [ 12%]
2025-02-19T21:40:26.5672560Z tardis/plasma/equilibrium/tests/test_level_populations.py ....           [ 12%]
2025-02-19T21:40:39.0340240Z tardis/plasma/equilibrium/tests/test_rate_matrix.py .                    [ 12%]
2025-02-19T21:40:40.6561810Z tardis/plasma/tests/test_complete_plasmas.py ..............s......s..... [ 13%]
2025-02-19T21:40:43.4269550Z s....ssssss............s......s.....ss.....s....ssssss............s..... [ 18%]
2025-02-19T21:40:45.1968980Z .s.....ss.....s....ssssss............s......s.....ss.....s....ssssss.... [ 22%]
2025-02-19T21:40:47.9199650Z ........s......s.....ss.....s....ssssss............s......s.....ss.....s [ 26%]
2025-02-19T21:40:50.6258620Z ....ssssss............s......s.....ss.....s....ssssss............s...... [ 30%]
2025-02-19T21:40:51.3733460Z s.....ss.....s....ssssss............s......s.....ss.....s.ss.ssssss..... [ 34%]
2025-02-19T21:40:53.7698330Z .......s......s.....ss.....s....ssssss............s......s.....ss.....s. [ 38%]
2025-02-19T21:40:56.6662970Z ...ssssss............s......s.....ss.....s....ssssss............s......s [ 42%]
2025-02-19T21:41:00.7213920Z .....ss.....s....ssssss............s......s.....s...........ssssss...... [ 46%]
2025-02-19T21:41:03.6746210Z ......s......s.....s...........ssssss............s......s.....s......... [ 50%]
2025-02-19T21:41:06.5220100Z ..ssssss............s......s.....ss.....s....ssssss............s......s. [ 54%]
2025-02-19T21:41:09.1189930Z ....ss.....s....ssssss...................s......s.....s....ssss......... [ 58%]
2025-02-19T21:41:09.3956710Z ............s......s.....s....ssss.......                                [ 60%]
2025-02-19T21:41:09.7375490Z tardis/plasma/tests/test_hdf_plasma.py ................................. [ 62%]
2025-02-19T21:41:09.7461550Z ......                                                                   [ 62%]
2025-02-19T21:41:10.2166180Z tardis/plasma/tests/test_nlte_excitation.py ...                          [ 62%]
2025-02-19T21:43:18.6124980Z tardis/plasma/tests/test_nlte_solver.py .....X                           [ 63%]
2025-02-19T21:43:18.6328850Z tardis/plasma/tests/test_plasma_continuum.py .                           [ 63%]
2025-02-19T21:43:37.4439090Z tardis/plasma/tests/test_plasma_vboundary.py .............               [ 63%]
2025-02-19T21:43:48.2124920Z tardis/plasma/tests/test_tardis_model_density_config.py ...              [ 64%]
2025-02-19T21:43:48.7875450Z tardis/simulation/tests/test_convergence.py .....                        [ 64%]
2025-02-19T21:43:56.6059460Z tardis/simulation/tests/test_simulation.py .............                 [ 65%]
2025-02-19T21:43:56.6224010Z tardis/spectrum/tests/test_cuda_formal_integral.py sssssssssssssssssssss [ 66%]
2025-02-19T21:43:56.9615540Z ssss...ssssssssssssssssssssss                                            [ 67%]
2025-02-19T21:43:56.9669530Z tardis/spectrum/tests/test_luminosity.py ....                            [ 68%]
2025-02-19T21:43:57.9146590Z tardis/spectrum/tests/test_numba_formal_integral.py .................... [ 69%]
2025-02-19T21:43:57.9250840Z ..........                                                               [ 69%]
2025-02-19T21:43:58.0418000Z tardis/spectrum/tests/test_spectrum.py ................................. [ 71%]
2025-02-19T21:43:58.0688780Z .........                                                                [ 72%]
2025-02-19T21:44:22.4621420Z tardis/spectrum/tests/test_spectrum_solver.py ....                       [ 72%]
2025-02-19T21:45:22.3258670Z tardis/tests/test_tardis_full.py ....                                    [ 72%]
2025-02-19T21:46:50.6043990Z tardis/tests/test_tardis_full_formal_integral.py ................        [ 73%]
2025-02-19T21:46:50.6499810Z tardis/tests/test_util.py .............................................  [ 75%]
2025-02-19T21:46:52.6718910Z tardis/transport/montecarlo/tests/test_base.py x.....................    [ 77%]
2025-02-19T21:46:57.1639820Z tardis/transport/montecarlo/tests/test_interaction.py .......            [ 77%]
2025-02-19T21:46:57.3171470Z tardis/transport/montecarlo/tests/test_macro_atom.py ....                [ 77%]
2025-02-19T21:46:57.3292550Z tardis/transport/montecarlo/tests/test_montecarlo.py sssssssssssssssssss [ 78%]
2025-02-19T21:46:57.3515280Z sssssssssssssssssssssssssssssssssssssssssssss                            [ 81%]
2025-02-19T21:47:04.2924670Z tardis/transport/montecarlo/tests/test_montecarlo_main_loop.py x..       [ 81%]
2025-02-19T21:47:04.3024210Z tardis/transport/montecarlo/tests/test_nonhomologous.py ...              [ 81%]
2025-02-19T21:47:06.7309990Z tardis/transport/montecarlo/tests/test_numba_interface.py .....x.        [ 82%]
2025-02-19T21:47:07.0711980Z tardis/transport/montecarlo/tests/test_opacities.py ...............      [ 82%]
2025-02-19T21:47:07.7436130Z tardis/transport/montecarlo/tests/test_packet.py .................xXXXXX [ 84%]
2025-02-19T21:47:07.8386570Z XX.........                                                              [ 84%]
2025-02-19T21:47:07.8673720Z tardis/transport/montecarlo/tests/test_packet_source.py ........         [ 85%]
2025-02-19T21:47:08.0838490Z tardis/transport/montecarlo/tests/test_rpacket_last_interaction_tracker.py . [ 85%]
2025-02-19T21:47:08.3582830Z .....                                                                    [ 85%]
2025-02-19T21:47:17.4089600Z tardis/transport/montecarlo/tests/test_rpacket_tracker.py ......         [ 85%]
2025-02-19T21:47:17.4297170Z tardis/transport/montecarlo/tests/test_single_packet_loop.py xxx         [ 86%]
2025-02-19T21:47:17.4326470Z tardis/transport/montecarlo/tests/test_tracker_utils.py ..               [ 86%]
2025-02-19T21:47:18.7220560Z tardis/transport/montecarlo/tests/test_vpacket.py ..x.                   [ 86%]
2025-02-19T21:47:18.7380070Z tardis/transport/montecarlo/tests/test_weighted_packet_source.py ....    [ 86%]
2025-02-19T21:47:21.3827200Z tardis/transport/montecarlo/tests/test_weighted_packet_source_integration.py . [ 86%]
2025-02-19T21:47:21.3828460Z                                                                          [ 86%]
2025-02-19T21:47:21.9080160Z tardis/transport/tests/test_doppler_factor.py ..................         [ 87%]
2025-02-19T21:47:23.9908780Z tardis/visualization/tools/tests/test_convergence_plot.py .............. [ 88%]
2025-02-19T21:47:25.8037790Z ......                                                                   [ 88%]
2025-02-19T21:47:29.1478030Z tardis/visualization/tools/tests/test_liv_plot.py ...................... [ 90%]
2025-02-19T21:47:32.2812390Z .............................                                            [ 91%]
2025-02-19T21:47:34.8525620Z tardis/visualization/tools/tests/test_rpacket_plot.py .................. [ 92%]
2025-02-19T21:47:41.5960830Z ....                                                                     [ 92%]
2025-02-19T21:47:45.8946620Z tardis/visualization/tools/tests/test_sdec_plot.py ..................... [ 94%]
2025-02-19T21:47:51.8144440Z ..............................                                           [ 95%]
2025-02-19T21:47:52.1444670Z tardis/visualization/widgets/tests/test_custom_abundance.py ........ss.. [ 96%]
2025-02-19T21:47:52.1814520Z ....                                                                     [ 96%]
2025-02-19T21:47:52.8836110Z tardis/visualization/widgets/tests/test_line_info.py ................... [ 97%]
2025-02-19T21:47:53.3603010Z ..................                                                       [ 98%]
2025-02-19T21:51:06.8296770Z tardis/visualization/widgets/tests/test_shell_info.py .................. [ 99%]
2025-02-19T21:51:16.1670620Z ......                                                                   [100%]
2025-02-19T21:51:16.1679180Z 
2025-02-19T21:51:16.1679570Z =============================== warnings summary ===============================
2025-02-19T21:51:16.1680070Z tardis/io/configuration/config_validator.py:6
2025-02-19T21:51:16.1680610Z tardis/io/configuration/config_validator.py:6
2025-02-19T21:51:16.1681400Z   /Users/runner/work/tardis/tardis/tardis/io/configuration/config_validator.py:6: DeprecationWarning:
2025-02-19T21:51:16.1682140Z   
2025-02-19T21:51:16.1683370Z   jsonschema.RefResolver is deprecated as of v4.18.0, in favor of the https://github.com/python-jsonschema/referencing library, which provides more compliant referencing behavior as well as more flexible APIs for customization. A future release will remove RefResolver. Please file a feature request (on referencing) if you are missing an API for the kind of customization you need.
2025-02-19T21:51:16.1684490Z 
2025-02-19T21:51:16.1684820Z ../../../micromamba/envs/tardis/lib/python3.12/site-packages/jupyter_client/connect.py:22
2025-02-19T21:51:16.1685550Z   /Users/runner/micromamba/envs/tardis/lib/python3.12/site-packages/jupyter_client/connect.py:22: DeprecationWarning:
2025-02-19T21:51:16.1686110Z   
2025-02-19T21:51:16.1686480Z   Jupyter is migrating its paths to use standard platformdirs
2025-02-19T21:51:16.1686960Z   given by the platformdirs library.  To remove this warning and
2025-02-19T21:51:16.1687410Z   see the appropriate new directories, set the environment variable
2025-02-19T21:51:16.1687890Z   `JUPYTER_PLATFORM_DIRS=1` and then run `jupyter --paths`.
2025-02-19T21:51:16.1688300Z   The use of platformdirs will be the default in `jupyter_core` v6
2025-02-19T21:51:16.1688590Z 
2025-02-19T21:51:16.1693560Z tardis/io/tests/test_HDFWriter.py::test_multi_index_write
2025-02-19T21:51:16.1694140Z tardis/visualization/widgets/tests/test_shell_info.py::TestHDFShellInfo::test_shells_data
2025-02-19T21:51:16.1694730Z   /Users/runner/work/tardis/tardis/tardis/io/util.py:276: PerformanceWarning:
2025-02-19T21:51:16.1695110Z   
2025-02-19T21:51:16.1695410Z   
2025-02-19T21:51:16.1695800Z   your performance may suffer as PyTables will pickle object types that it cannot
2025-02-19T21:51:16.1696420Z   map directly to c-types [inferred_type->mixed,key->block0_values] [items->Index([0], dtype='int64')]
2025-02-19T21:51:16.1696830Z 
2025-02-19T21:51:16.1697110Z tardis/io/tests/test_model_reader.py::test_read_cmfgen_isotope_abundances
2025-02-19T21:51:16.1697620Z tardis/plasma/tests/test_tardis_model_density_config.py::test_electron_densities
2025-02-19T21:51:16.1698190Z tardis/plasma/tests/test_tardis_model_density_config.py::test_isotope_number_densities
2025-02-19T21:51:16.1698880Z tardis/plasma/tests/test_tardis_model_density_config.py::test_t_rad
2025-02-19T21:51:16.1699470Z   /Users/runner/work/tardis/tardis/tardis/io/model/readers/cmfgen_deprecated.py:82: DeprecationWarning:
2025-02-19T21:51:16.1699910Z   
2025-02-19T21:51:16.1701310Z   The current CMFGEN model parser is deprecated
2025-02-19T21:51:16.1701520Z 
2025-02-19T21:51:16.1703210Z tardis/io/tests/test_model_reader.py: 1 warning
2025-02-19T21:51:16.1704380Z tardis/plasma/tests/test_tardis_model_density_config.py: 9 warnings
2025-02-19T21:51:16.1705930Z   /Users/runner/work/tardis/tardis/tardis/io/model/readers/cmfgen_deprecated.py:40: DeprecationWarning:
2025-02-19T21:51:16.1707170Z   
2025-02-19T21:51:16.1737100Z   The current CMFGEN model parser is deprecated
2025-02-19T21:51:16.1737330Z 
2025-02-19T21:51:16.1737540Z tardis/model/tests/test_base.py::TestModelFromPaper1Config::test_abundances
2025-02-19T21:51:16.1738190Z   /Users/runner/work/tardis/tardis/tardis/transport/montecarlo/montecarlo_main_loop.py:123: NumbaTypeSafetyWarning:
2025-02-19T21:51:16.1738690Z   
2025-02-19T21:51:16.1760310Z   [1m[1m[1munsafe cast from uint64 to int64. Precision may be lost.[0m[0m[0m
2025-02-19T21:51:16.1761770Z 
2025-02-19T21:51:16.1761880Z tardis/model/tests/test_base.py: 6 warnings
2025-02-19T21:51:16.1763370Z tardis/model/tests/test_csvy_model.py: 2 warnings
2025-02-19T21:51:16.1765300Z tardis/plasma/tests/test_tardis_model_density_config.py: 3 warnings
2025-02-19T21:51:16.1766050Z   /Users/runner/work/tardis/tardis/tardis/model/geometry/radial1d.py:50: DeprecationWarning:
2025-02-19T21:51:16.1767020Z   
2025-02-19T21:51:16.1767410Z   v_inner_boundary < 0, assuming default value
2025-02-19T21:51:16.1768920Z 
2025-02-19T21:51:16.1769080Z tardis/model/tests/test_base.py: 6 warnings
2025-02-19T21:51:16.1769390Z tardis/model/tests/test_csvy_model.py: 2 warnings
2025-02-19T21:51:16.1770630Z tardis/plasma/tests/test_tardis_model_density_config.py: 3 warnings
2025-02-19T21:51:16.1771140Z   /Users/runner/work/tardis/tardis/tardis/model/geometry/radial1d.py:61: DeprecationWarning:
2025-02-19T21:51:16.1771580Z   
2025-02-19T21:51:16.1772380Z   v_outer_boundary < 0, assuming default value
2025-02-19T21:51:16.1772590Z 
2025-02-19T21:51:16.1773950Z tardis/plasma/equilibrium/tests/test_level_populations.py::TestLevelPopulationSolver::test_solve[collisional_rate_solver0-radiative_transitions0]
2025-02-19T21:51:16.1774680Z   /Users/runner/work/tardis/tardis/tardis/plasma/equilibrium/level_populations.py:65: FutureWarning:
2025-02-19T21:51:16.1775120Z   
2025-02-19T21:51:16.1775510Z   A value is trying to be set on a copy of a DataFrame or Series through chained assignment using an inplace method.
2025-02-19T21:51:16.1777200Z   The behavior will change in pandas 3.0. This inplace method will never work because the intermediate object on which we are setting values always behaves as a copy.
2025-02-19T21:51:16.1777770Z   
2025-02-19T21:51:16.1778840Z   For example, when doing 'df[col].method(value, inplace=True)', try using 'df.method({col: value}, inplace=True)' or df[col] = df[col].method(value) instead, to perform the operation inplace on the original object.
2025-02-19T21:51:16.1779380Z 
2025-02-19T21:51:16.1779610Z tardis/plasma/tests/test_plasma_vboundary.py::test_plasma_vboundary[2900-3750]
2025-02-19T21:51:16.1782580Z tardis/plasma/tests/test_plasma_vboundary.py::test_plasma_vboundary[2900-3850]
2025-02-19T21:51:16.1783080Z tardis/plasma/tests/test_plasma_vboundary.py::test_plasma_vboundary[2900-3900]
2025-02-19T21:51:16.1785530Z   /Users/runner/work/tardis/tardis/tardis/model/geometry/radial1d.py:71: UserWarning:
2025-02-19T21:51:16.1787320Z   
2025-02-19T21:51:16.1792630Z   Requesting inner boundary below inner shell. Extrapolating the inner cell
2025-02-19T21:51:16.1792870Z 
2025-02-19T21:51:16.1794420Z tardis/spectrum/tests/test_spectrum_solver.py::TestSpectrumSolver::test_solve
2025-02-19T21:51:16.1796400Z   /Users/runner/work/tardis/tardis/tardis/spectrum/base.py:70: UserWarning:
2025-02-19T21:51:16.1799380Z   
2025-02-19T21:51:16.1801060Z   SpectrumSolver.spectrum_virtual_packets is zero. Please run the montecarlo simulation with no_of_virtual_packets > 0
2025-02-19T21:51:16.1802710Z 
2025-02-19T21:51:16.1804400Z tardis/spectrum/tests/test_spectrum_solver.py::TestSpectrumSolver::test_solve
2025-02-19T21:51:16.1910790Z   /Users/runner/work/tardis/tardis/tardis/spectrum/base.py:111: UserWarning:
2025-02-19T21:51:16.1911170Z   
2025-02-19T21:51:16.1911540Z   SpectrumSolver.integrator: The FormalIntegrator is not yet available.Please run the montecarlo simulation at least once.
2025-02-19T21:51:16.1911930Z 
2025-02-19T21:51:16.1912140Z tardis/transport/montecarlo/tests/test_vpacket.py::test_trace_vpacket_volley
2025-02-19T21:51:16.1913320Z   <string>:3: NumbaPendingDeprecationWarning:
2025-02-19T21:51:16.1913600Z   
2025-02-19T21:51:16.1914740Z   [1m[1mCode using Numba extension API maybe depending on 'old_style' error-capturing, which is deprecated and will be replaced by 'new_style' in a future release. See details at https://numba.readthedocs.io/en/latest/reference/deprecation.html#deprecation-of-old-style-numba-captured-errors
2025-02-19T21:51:16.1916220Z   Exception origin:
2025-02-19T21:51:16.1916620Z     File "/Users/runner/micromamba/envs/tardis/lib/python3.12/inspect.py", line 3180, in _bind
2025-02-19T21:51:16.1917170Z       raise TypeError(msg) from None
2025-02-19T21:51:16.1917490Z   [0m[0m
2025-02-19T21:51:16.1917620Z 
2025-02-19T21:51:16.1917990Z tardis/visualization/tools/tests/test_sdec_plot.py::TestSDECPlotter::test_mpl_image[plotter_generate_plot_mpl4]
2025-02-19T21:51:16.1918650Z   /Users/runner/work/tardis/tardis/tardis/visualization/tools/sdec_plot.py:1225: RuntimeWarning:
2025-02-19T21:51:16.1919190Z   
2025-02-19T21:51:16.1920050Z   More than 20 figures have been opened. Figures created through the pyplot interface (`matplotlib.pyplot.figure`) are retained until explicitly closed and may consume too much memory. (To control this warning, see the rcParam `figure.max_open_warning`). Consider using `matplotlib.pyplot.close()`.
2025-02-19T21:51:16.1920890Z 
2025-02-19T21:51:16.1921210Z tardis/visualization/widgets/tests/test_custom_abundance.py::TestCustomAbundanceWidget::test_update_input_item_value
2025-02-19T21:51:16.1921990Z tardis/visualization/widgets/tests/test_custom_abundance.py::TestCustomAbundanceWidget::test_update_input_item_value
2025-02-19T21:51:16.1922740Z tardis/visualization/widgets/tests/test_custom_abundance.py::TestCustomAbundanceWidget::test_update_input_item_value
2025-02-19T21:51:16.1923570Z tardis/visualization/widgets/tests/test_custom_abundance.py::TestCustomAbundanceWidget::test_update_input_item_value
2025-02-19T21:51:16.1924280Z tardis/visualization/widgets/tests/test_custom_abundance.py::TestCustomAbundanceWidget::test_update_input_item_value
2025-02-19T21:51:16.1925060Z tardis/visualization/widgets/tests/test_custom_abundance.py::TestCustomAbundanceWidget::test_update_input_item_value
2025-02-19T21:51:16.1925750Z   /Users/runner/micromamba/envs/tardis/lib/python3.12/site-packages/traitlets/traitlets.py:1385: DeprecationWarning:
2025-02-19T21:51:16.1926280Z   
2025-02-19T21:51:16.1926590Z   Passing unrecognized arguments to super(Checkbox).__init__(icon='lock').
2025-02-19T21:51:16.1927130Z   object.__init__() takes exactly one argument (the instance to initialize)
2025-02-19T21:51:16.1927680Z   This is deprecated in traitlets 4.2.This error will be raised in a future release of traitlets.
2025-02-19T21:51:16.1927940Z 
2025-02-19T21:51:16.1928250Z tardis/visualization/widgets/tests/test_custom_abundance.py::TestCustomAbundanceWidget::test_update_input_item_value
2025-02-19T21:51:16.1929070Z tardis/visualization/widgets/tests/test_custom_abundance.py::TestCustomAbundanceWidget::test_update_input_item_value
2025-02-19T21:51:16.1929770Z   /Users/runner/micromamba/envs/tardis/lib/python3.12/site-packages/traitlets/traitlets.py:1385: DeprecationWarning:
2025-02-19T21:51:16.1930360Z   
2025-02-19T21:51:16.1930750Z   Passing unrecognized arguments to super(FloatText).__init__(min=0).
2025-02-19T21:51:16.1931310Z   object.__init__() takes exactly one argument (the instance to initialize)
2025-02-19T21:51:16.1931830Z   This is deprecated in traitlets 4.2.This error will be raised in a future release of traitlets.
2025-02-19T21:51:16.1932200Z 
2025-02-19T21:51:16.1932650Z tardis/visualization/widgets/tests/test_custom_abundance.py::TestCustomAbundanceWidget::test_update_input_item_value
2025-02-19T21:51:16.1933360Z   /Users/runner/micromamba/envs/tardis/lib/python3.12/site-packages/traitlets/traitlets.py:1385: DeprecationWarning:
2025-02-19T21:51:16.1933930Z   
2025-02-19T21:51:16.1934280Z   Passing unrecognized arguments to super(HTML).__init__(indent=True).
2025-02-19T21:51:16.1934730Z   object.__init__() takes exactly one argument (the instance to initialize)
2025-02-19T21:51:16.1935540Z   This is deprecated in traitlets 4.2.This error will be raised in a future release of traitlets.
2025-02-19T21:51:16.1935830Z 
2025-02-19T21:51:16.1936270Z tardis/visualization/widgets/tests/test_line_info.py::TestLineInfoWidgetData::test_get_species_interactions[wavelength_range0-packet_out_nu]
2025-02-19T21:51:16.1937290Z   /Users/runner/micromamba/envs/tardis/lib/python3.12/site-packages/qgridnext/grid.py:814: DeprecationWarning:
2025-02-19T21:51:16.1937780Z   
2025-02-19T21:51:16.1938260Z   QgridWidget._df_changed is deprecated in traitlets 4.1: use @observe and @unobserve instead.
2025-02-19T21:51:16.1938600Z 
2025-02-19T21:51:16.1938840Z tardis/visualization/widgets/tests/test_shell_info.py::TestHDFShellInfo::test_shells_data
2025-02-19T21:51:16.1939420Z   /Users/runner/work/tardis/tardis/tardis/io/util.py:289: PerformanceWarning:
2025-02-19T21:51:16.1939800Z   
2025-02-19T21:51:16.1939990Z   
2025-02-19T21:51:16.1940340Z   your performance may suffer as PyTables will pickle object types that it cannot
2025-02-19T21:51:16.1940800Z   map directly to c-types [inferred_type->mixed,key->block0_values] [items->Index([0], dtype='int64')]
2025-02-19T21:51:16.1941100Z 
2025-02-19T21:51:16.1941320Z tardis/visualization/widgets/tests/test_shell_info.py::TestHDFShellInfo::test_shells_data
2025-02-19T21:51:16.1941790Z   /Users/runner/work/tardis/tardis/tardis/io/util.py:292: PerformanceWarning:
2025-02-19T21:51:16.1942100Z   
2025-02-19T21:51:16.1942220Z   
2025-02-19T21:51:16.1942600Z   your performance may suffer as PyTables will pickle object types that it cannot
2025-02-19T21:51:16.1943020Z   map directly to c-types [inferred_type->mixed,key->values] [items->None]
2025-02-19T21:51:16.1943320Z 
2025-02-19T21:51:16.1943540Z tardis/visualization/widgets/tests/test_shell_info.py::TestHDFShellInfo::test_shells_data
2025-02-19T21:51:16.1944060Z   /Users/runner/work/tardis/tardis/tardis/spectrum/formal_integral.py:398: UserWarning:
2025-02-19T21:51:16.1944390Z   
2025-02-19T21:51:16.1944640Z   The number of interpolate_shells was not specified. The value was set to 80.
2025-02-19T21:51:16.1944870Z 
2025-02-19T21:51:16.1945110Z -- Docs: https://docs.pytest.org/en/stable/how-to/capture-warnings.html
2025-02-19T21:51:16.1945390Z 
2025-02-19T21:51:16.1945530Z ---------- coverage: platform darwin, python 3.12.4-final-0 ----------
2025-02-19T21:51:16.1945830Z Coverage HTML written to dir coverage_html_report
2025-02-19T21:51:16.1946080Z Coverage XML written to file coverage.xml
2025-02-19T21:51:16.1946220Z 
2025-02-19T21:51:16.1946500Z = 1410 passed, 357 skipped, 2 deselected, 19 xfailed, 8 xpassed, 63 warnings in 789.64s (0:13:09) =
2025-02-19T21:51:19.0177930Z ##[group]Run mv .coverage .coverage.0
2025-02-19T21:51:19.0179870Z [36;1mmv .coverage .coverage.0[0m
2025-02-19T21:51:19.1279570Z shell: /bin/bash -l {0}
2025-02-19T21:51:19.1280240Z env:
2025-02-19T21:51:19.1280720Z   CACHE_NUMBER: 0
2025-02-19T21:51:19.1282210Z   PYTEST_FLAGS: --tardis-regression-data=/Users/runner/work/tardis/tardis/tardis-regression-data --cov=tardis --cov-report=xml --cov-report=html --cov-append
2025-02-19T21:51:19.1283760Z   CODECOV_TOKEN: 
2025-02-19T21:51:19.1284440Z   MAMBA_ROOT_PREFIX: /Users/runner/micromamba
2025-02-19T21:51:19.1285250Z   MAMBA_EXE: /Users/runner/micromamba-bin/micromamba
2025-02-19T21:51:19.1286080Z   CONDARC: /Users/runner/work/_temp/setup-micromamba/.condarc
2025-02-19T21:51:19.1288080Z ##[endgroup]
2025-02-19T21:51:19.6390800Z ##[group]Run actions/upload-artifact@v4
2025-02-19T21:51:19.6391140Z with:
2025-02-19T21:51:19.6391430Z   name: coverage-not-continuum-macos-latest
2025-02-19T21:51:19.6391700Z   include-hidden-files: true
2025-02-19T21:51:19.6391950Z   path: .coverage*
!.coveragerc

2025-02-19T21:51:19.6392160Z   if-no-files-found: warn
2025-02-19T21:51:19.6392380Z   compression-level: 6
2025-02-19T21:51:19.6392580Z   overwrite: false
2025-02-19T21:51:19.6392780Z env:
2025-02-19T21:51:19.6392940Z   CACHE_NUMBER: 0
2025-02-19T21:51:19.6393760Z   PYTEST_FLAGS: --tardis-regression-data=/Users/runner/work/tardis/tardis/tardis-regression-data --cov=tardis --cov-report=xml --cov-report=html --cov-append
2025-02-19T21:51:19.6394330Z   CODECOV_TOKEN: 
2025-02-19T21:51:19.6394550Z   MAMBA_ROOT_PREFIX: /Users/runner/micromamba
2025-02-19T21:51:19.6395060Z   MAMBA_EXE: /Users/runner/micromamba-bin/micromamba
2025-02-19T21:51:19.6396160Z   CONDARC: /Users/runner/work/_temp/setup-micromamba/.condarc
2025-02-19T21:51:19.6396780Z ##[endgroup]
2025-02-19T21:51:20.4657790Z With the provided path, there will be 2 files uploaded
2025-02-19T21:51:20.4658200Z Artifact name is valid!
2025-02-19T21:51:20.4658390Z Root directory input is valid!
2025-02-19T21:51:20.7271650Z Beginning upload of artifact content to blob storage
2025-02-19T21:51:20.9933830Z Uploaded bytes 29601
2025-02-19T21:51:21.0566520Z Finished uploading artifact content to blob storage!
2025-02-19T21:51:21.0568470Z SHA256 hash of uploaded artifact zip is 222d67be36bd33bab9b09470562d796f1c6543276d8fd02f59ffd955b2aa9888
2025-02-19T21:51:21.0569650Z Finalizing artifact upload
2025-02-19T21:51:21.1896490Z Artifact coverage-not-continuum-macos-latest.zip successfully finalized. Artifact ID 2619587701
2025-02-19T21:51:21.1898250Z Artifact coverage-not-continuum-macos-latest has been successfully uploaded! Final size is 29601 bytes. Artifact ID is 2619587701
2025-02-19T21:51:21.1977450Z Artifact download URL: https://github.com/tardis-sn/tardis/actions/runs/13422795476/artifacts/2619587701
2025-02-19T21:51:21.2191790Z Post job cleanup.
2025-02-19T21:51:21.2373780Z Post job cleanup.
2025-02-19T21:51:21.5361590Z Will use pre-installed micromamba at /Users/runner/micromamba-bin/micromamba
2025-02-19T21:51:21.5362380Z Removing micromamba run shell ...
2025-02-19T21:51:21.5362920Z ##[group]Deinitialize micromamba for bash
2025-02-19T21:51:21.5404870Z [command]/Users/runner/micromamba-bin/micromamba shell deinit -s bash -r /Users/runner/micromamba --log-level warning --rc-file /Users/runner/work/_temp/setup-micromamba/.condarc
2025-02-19T21:51:21.5609770Z Resetting RC file "/Users/runner/.bash_profile"
2025-02-19T21:51:21.5637000Z Deleting config for root prefix 
2025-02-19T21:51:21.5637270Z Clearing mamba executable environment variable
2025-02-19T21:51:21.5663500Z Removing the following in your "/Users/runner/.bash_profile" file
2025-02-19T21:51:21.5674140Z # >>> mamba initialize >>>
2025-02-19T21:51:21.5674590Z ...
2025-02-19T21:51:21.5674850Z # <<< mamba initialize <<<
2025-02-19T21:51:21.5726020Z Removing environment tardis from auto-activate bash ...
2025-02-19T21:51:21.5816700Z Post job cleanup.
2025-02-19T21:51:21.5883840Z Post job cleanup.
2025-02-19T21:51:21.7096170Z [command]/opt/homebrew/bin/git version
2025-02-19T21:51:21.7608180Z git version 2.48.1
2025-02-19T21:51:21.7638070Z Copying '/Users/runner/.gitconfig' to '/Users/runner/work/_temp/4412fe6c-3cb6-45cc-b6b3-943b403073d2/.gitconfig'
2025-02-19T21:51:21.7647320Z Temporarily overriding HOME='/Users/runner/work/_temp/4412fe6c-3cb6-45cc-b6b3-943b403073d2' before making global git config changes
2025-02-19T21:51:21.7649130Z Adding repository directory to the temporary git global config as a safe directory
2025-02-19T21:51:21.7651200Z [command]/opt/homebrew/bin/git config --global --add safe.directory /Users/runner/work/tardis/tardis/tardis-regression-data
2025-02-19T21:51:21.7923250Z [command]/opt/homebrew/bin/git config --local --name-only --get-regexp core\.sshCommand
2025-02-19T21:51:21.7924970Z [command]/opt/homebrew/bin/git submodule foreach --recursive sh -c "git config --local --name-only --get-regexp 'core\.sshCommand' && git config --local --unset-all 'core.sshCommand' || :"
2025-02-19T21:51:21.9071660Z [command]/opt/homebrew/bin/git config --local --name-only --get-regexp http\.https\:\/\/github\.com\/\.extraheader
2025-02-19T21:51:21.9134480Z http.https://github.com/.extraheader
2025-02-19T21:51:21.9145190Z [command]/opt/homebrew/bin/git config --local --unset-all http.https://github.com/.extraheader
2025-02-19T21:51:21.9220240Z [command]/opt/homebrew/bin/git submodule foreach --recursive sh -c "git config --local --name-only --get-regexp 'http\.https\:\/\/github\.com\/\.extraheader' && git config --local --unset-all 'http.https://github.com/.extraheader' || :"
2025-02-19T21:51:22.1000350Z Post job cleanup.
2025-02-19T21:51:22.3105270Z [command]/opt/homebrew/bin/git version
2025-02-19T21:51:22.3163530Z git version 2.48.1
2025-02-19T21:51:22.3194260Z Copying '/Users/runner/.gitconfig' to '/Users/runner/work/_temp/06021012-4a22-4908-8562-bc5bf76dd275/.gitconfig'
2025-02-19T21:51:22.3203130Z Temporarily overriding HOME='/Users/runner/work/_temp/06021012-4a22-4908-8562-bc5bf76dd275' before making global git config changes
2025-02-19T21:51:22.3204850Z Adding repository directory to the temporary git global config as a safe directory
2025-02-19T21:51:22.3212640Z [command]/opt/homebrew/bin/git config --global --add safe.directory /Users/runner/work/tardis/tardis
2025-02-19T21:51:22.3277260Z [command]/opt/homebrew/bin/git config --local --name-only --get-regexp core\.sshCommand
2025-02-19T21:51:22.3345320Z [command]/opt/homebrew/bin/git submodule foreach --recursive sh -c "git config --local --name-only --get-regexp 'core\.sshCommand' && git config --local --unset-all 'core.sshCommand' || :"
2025-02-19T21:51:22.5231590Z [command]/opt/homebrew/bin/git config --local --name-only --get-regexp http\.https\:\/\/github\.com\/\.extraheader
2025-02-19T21:51:22.5289590Z http.https://github.com/.extraheader
2025-02-19T21:51:22.5302760Z [command]/opt/homebrew/bin/git config --local --unset-all http.https://github.com/.extraheader
2025-02-19T21:51:22.5435590Z [command]/opt/homebrew/bin/git submodule foreach --recursive sh -c "git config --local --name-only --get-regexp 'http\.https\:\/\/github\.com\/\.extraheader' && git config --local --unset-all 'http.https://github.com/.extraheader' || :"
2025-02-19T21:51:22.7574640Z Cleaning up orphan processes
