2025-01-21T01:43:31.6071135Z Prepare all required actions
2025-01-21T01:43:31.6072841Z Getting action download info
2025-01-21T01:43:31.7024708Z Download action repository 'actions/cache@v4' (SHA:1bd1e32a3bdc45362d1e726936510720a7c30a57)
2025-01-21T01:43:31.8456790Z ##[group]Run ./.github/actions/setup_lfs
2025-01-21T01:43:31.8457627Z with:
2025-01-21T01:43:31.8458381Z   regression-data-repo: tardis-sn/tardis-regression-data
2025-01-21T01:43:31.8459221Z env:
2025-01-21T01:43:31.8459901Z   CACHE_NUMBER: 0
2025-01-21T01:43:31.8461136Z   PYTEST_FLAGS: --tardis-regression-data=/home/runner/work/tardis/tardis/tardis-regression-data --cov=tardis --cov-report=xml --cov-report=html --cov-append
2025-01-21T01:43:31.8462531Z   CODECOV_TOKEN: 
2025-01-21T01:43:31.8463208Z ##[endgroup]
2025-01-21T01:43:31.8620039Z ##[group]Run actions/checkout@v4
2025-01-21T01:43:31.8620807Z with:
2025-01-21T01:43:31.8621656Z   repository: tardis-sn/tardis-regression-data
2025-01-21T01:43:31.8622476Z   path: tardis-regression-data
2025-01-21T01:43:31.8623394Z   token: ***
2025-01-21T01:43:31.8624101Z   ssh-strict: true
2025-01-21T01:43:31.8624769Z   ssh-user: git
2025-01-21T01:43:31.8625451Z   persist-credentials: true
2025-01-21T01:43:31.8626159Z   clean: true
2025-01-21T01:43:31.8626854Z   sparse-checkout-cone-mode: true
2025-01-21T01:43:31.8627605Z   fetch-depth: 1
2025-01-21T01:43:31.8628278Z   fetch-tags: false
2025-01-21T01:43:31.8628964Z   show-progress: true
2025-01-21T01:43:31.8629651Z   lfs: false
2025-01-21T01:43:31.8630310Z   submodules: false
2025-01-21T01:43:31.8631003Z   set-safe-directory: true
2025-01-21T01:43:31.8631808Z env:
2025-01-21T01:43:31.8632442Z   CACHE_NUMBER: 0
2025-01-21T01:43:31.8633673Z   PYTEST_FLAGS: --tardis-regression-data=/home/runner/work/tardis/tardis/tardis-regression-data --cov=tardis --cov-report=xml --cov-report=html --cov-append
2025-01-21T01:43:31.8634913Z   CODECOV_TOKEN: 
2025-01-21T01:43:31.8635572Z ##[endgroup]
2025-01-21T01:43:31.9563010Z Syncing repository: tardis-sn/tardis-regression-data
2025-01-21T01:43:31.9569371Z ##[group]Getting Git version info
2025-01-21T01:43:31.9570455Z Working directory is '/home/runner/work/tardis/tardis/tardis-regression-data'
2025-01-21T01:43:31.9612231Z [command]/usr/bin/git version
2025-01-21T01:43:31.9654408Z git version 2.47.1
2025-01-21T01:43:31.9680201Z ##[endgroup]
2025-01-21T01:43:31.9694078Z Temporarily overriding HOME='/home/runner/work/_temp/01c75829-f474-4125-be55-ce2071be3d02' before making global git config changes
2025-01-21T01:43:31.9696580Z Adding repository directory to the temporary git global config as a safe directory
2025-01-21T01:43:31.9700874Z [command]/usr/bin/git config --global --add safe.directory /home/runner/work/tardis/tardis/tardis-regression-data
2025-01-21T01:43:31.9731916Z ##[group]Initializing the repository
2025-01-21T01:43:31.9737466Z [command]/usr/bin/git init /home/runner/work/tardis/tardis/tardis-regression-data
2025-01-21T01:43:31.9772591Z hint: Using 'master' as the name for the initial branch. This default branch name
2025-01-21T01:43:31.9774368Z hint: is subject to change. To configure the initial branch name to use in all
2025-01-21T01:43:31.9776146Z hint: of your new repositories, which will suppress this warning, call:
2025-01-21T01:43:31.9777691Z hint:
2025-01-21T01:43:31.9779020Z hint: 	git config --global init.defaultBranch <name>
2025-01-21T01:43:31.9780466Z hint:
2025-01-21T01:43:31.9782100Z hint: Names commonly chosen instead of 'master' are 'main', 'trunk' and
2025-01-21T01:43:31.9783954Z hint: 'development'. The just-created branch can be renamed via this command:
2025-01-21T01:43:31.9785872Z hint:
2025-01-21T01:43:31.9787077Z hint: 	git branch -m <name>
2025-01-21T01:43:31.9788874Z Initialized empty Git repository in /home/runner/work/tardis/tardis/tardis-regression-data/.git/
2025-01-21T01:43:31.9792697Z [command]/usr/bin/git remote add origin https://github.com/tardis-sn/tardis-regression-data
2025-01-21T01:43:31.9817576Z ##[endgroup]
2025-01-21T01:43:31.9819479Z ##[group]Disabling automatic garbage collection
2025-01-21T01:43:31.9822153Z [command]/usr/bin/git config --local gc.auto 0
2025-01-21T01:43:31.9851800Z ##[endgroup]
2025-01-21T01:43:31.9853778Z ##[group]Setting up auth
2025-01-21T01:43:31.9858450Z [command]/usr/bin/git config --local --name-only --get-regexp core\.sshCommand
2025-01-21T01:43:31.9887838Z [command]/usr/bin/git submodule foreach --recursive sh -c "git config --local --name-only --get-regexp 'core\.sshCommand' && git config --local --unset-all 'core.sshCommand' || :"
2025-01-21T01:43:32.0109466Z [command]/usr/bin/git config --local --name-only --get-regexp http\.https\:\/\/github\.com\/\.extraheader
2025-01-21T01:43:32.0138918Z [command]/usr/bin/git submodule foreach --recursive sh -c "git config --local --name-only --get-regexp 'http\.https\:\/\/github\.com\/\.extraheader' && git config --local --unset-all 'http.https://github.com/.extraheader' || :"
2025-01-21T01:43:32.0375472Z [command]/usr/bin/git config --local http.https://github.com/.extraheader AUTHORIZATION: basic ***
2025-01-21T01:43:32.0414154Z ##[endgroup]
2025-01-21T01:43:32.0415175Z ##[group]Determining the default branch
2025-01-21T01:43:32.0418553Z Retrieving the default branch name
2025-01-21T01:43:32.2104488Z Default branch 'main'
2025-01-21T01:43:32.2106920Z ##[endgroup]
2025-01-21T01:43:32.2108933Z ##[group]Fetching the repository
2025-01-21T01:43:32.2112622Z [command]/usr/bin/git -c protocol.version=2 fetch --no-tags --prune --no-recurse-submodules --depth=1 origin +refs/heads/main:refs/remotes/origin/main
2025-01-21T01:43:32.5434235Z From https://github.com/tardis-sn/tardis-regression-data
2025-01-21T01:43:32.5435077Z  * [new branch]      main       -> origin/main
2025-01-21T01:43:32.5464551Z ##[endgroup]
2025-01-21T01:43:32.5465405Z ##[group]Determining the checkout info
2025-01-21T01:43:32.5466566Z ##[endgroup]
2025-01-21T01:43:32.5472026Z [command]/usr/bin/git sparse-checkout disable
2025-01-21T01:43:32.5507846Z [command]/usr/bin/git config --local --unset-all extensions.worktreeConfig
2025-01-21T01:43:32.5535685Z ##[group]Checking out the ref
2025-01-21T01:43:32.5539650Z [command]/usr/bin/git checkout --progress --force -B main refs/remotes/origin/main
2025-01-21T01:43:32.6750086Z Switched to a new branch 'main'
2025-01-21T01:43:32.6751940Z branch 'main' set up to track 'origin/main'.
2025-01-21T01:43:32.7027930Z ##[endgroup]
2025-01-21T01:43:32.7067847Z [command]/usr/bin/git log -1 --format=%H
2025-01-21T01:43:32.7091723Z fa7729bc9c30e14b69acd641af8b692b56fcd416
2025-01-21T01:43:32.7229391Z ##[group]Run git lfs ls-files -l | cut -d' ' -f1 | sort > .lfs-assets-id
2025-01-21T01:43:32.7229972Z [36;1mgit lfs ls-files -l | cut -d' ' -f1 | sort > .lfs-assets-id[0m
2025-01-21T01:43:32.7262958Z shell: /usr/bin/bash --noprofile --norc -e -o pipefail {0}
2025-01-21T01:43:32.7263333Z env:
2025-01-21T01:43:32.7263540Z   CACHE_NUMBER: 0
2025-01-21T01:43:32.7264201Z   PYTEST_FLAGS: --tardis-regression-data=/home/runner/work/tardis/tardis/tardis-regression-data --cov=tardis --cov-report=xml --cov-report=html --cov-append
2025-01-21T01:43:32.7264858Z   CODECOV_TOKEN: 
2025-01-21T01:43:32.7265104Z ##[endgroup]
2025-01-21T01:43:32.8724884Z ##[group]Run actions/cache/restore@v4
2025-01-21T01:43:32.8725257Z with:
2025-01-21T01:43:32.8725518Z   path: tardis-regression-data/.git/lfs
2025-01-21T01:43:32.8726096Z   key: Linux-lfs-21f9fa4b6817cc69b9fae3598144724da7828e276a73bd17f47a2a49d9af090a-v1
2025-01-21T01:43:32.8726645Z   enableCrossOsArchive: false
2025-01-21T01:43:32.8726961Z   fail-on-cache-miss: false
2025-01-21T01:43:32.8727541Z   lookup-only: false
2025-01-21T01:43:32.8727770Z env:
2025-01-21T01:43:32.8727961Z   CACHE_NUMBER: 0
2025-01-21T01:43:32.8728591Z   PYTEST_FLAGS: --tardis-regression-data=/home/runner/work/tardis/tardis/tardis-regression-data --cov=tardis --cov-report=xml --cov-report=html --cov-append
2025-01-21T01:43:32.8729276Z   CODECOV_TOKEN: 
2025-01-21T01:43:32.8729484Z ##[endgroup]
2025-01-21T01:43:34.1505192Z Received 343932928 of 1708418946 (20.1%), 327.7 MBs/sec
2025-01-21T01:43:35.1508111Z Received 775946240 of 1708418946 (45.4%), 369.8 MBs/sec
2025-01-21T01:43:36.1508588Z Received 1220542464 of 1708418946 (71.4%), 387.9 MBs/sec
2025-01-21T01:43:37.1557616Z Received 1602224128 of 1708418946 (93.8%), 381.5 MBs/sec
2025-01-21T01:43:37.3968244Z Cache Size: ~1629 MB (1708418946 B)
2025-01-21T01:43:37.4024782Z [command]/usr/bin/tar -xf /home/runner/work/_temp/d8cd3c44-59ba-4148-8f9f-82ae91d515f0/cache.tzst -P -C /home/runner/work/tardis/tardis --use-compress-program unzstd
2025-01-21T01:43:38.1548445Z Received 1708418946 of 1708418946 (100.0%), 325.5 MBs/sec
2025-01-21T01:43:43.7565898Z Cache restored successfully
2025-01-21T01:43:44.4502272Z Cache restored from key: Linux-lfs-21f9fa4b6817cc69b9fae3598144724da7828e276a73bd17f47a2a49d9af090a-v1
2025-01-21T01:43:44.4663315Z ##[group]Run git lfs checkout
2025-01-21T01:43:44.4663580Z [36;1mgit lfs checkout[0m
2025-01-21T01:43:44.4692046Z shell: /usr/bin/bash --noprofile --norc -e -o pipefail {0}
2025-01-21T01:43:44.4692349Z env:
2025-01-21T01:43:44.4692512Z   CACHE_NUMBER: 0
2025-01-21T01:43:44.4693104Z   PYTEST_FLAGS: --tardis-regression-data=/home/runner/work/tardis/tardis/tardis-regression-data --cov=tardis --cov-report=xml --cov-report=html --cov-append
2025-01-21T01:43:44.4693767Z   CODECOV_TOKEN: 
2025-01-21T01:43:44.4693947Z ##[endgroup]
2025-01-21T01:43:57.6826193Z Checking out LFS objects: 100% (204/204), 3.5 GB | 248 MB/s, done.
