2025-01-14T19:03:58.7988819Z Prepare all required actions
2025-01-14T19:03:58.7989167Z Getting action download info
2025-01-14T19:03:58.9164699Z Download action repository 'mamba-org/setup-micromamba@v1' (SHA:4b9113af4fba0e9e1124b252dd6497a419e7396d)
2025-01-14T19:03:59.2712597Z ##[group]Run ./.github/actions/setup_env
2025-01-14T19:03:59.2712870Z with:
2025-01-14T19:03:59.2713051Z   os-label: linux-64
2025-01-14T19:03:59.2713239Z env:
2025-01-14T19:03:59.2713391Z   CACHE_NUMBER: 0
2025-01-14T19:03:59.2713991Z   PYTEST_FLAGS: --tardis-regression-data=/home/runner/work/tardis/tardis/tardis-regression-data --cov=tardis --cov-report=xml --cov-report=html --cov-append
2025-01-14T19:03:59.2714817Z   CODECOV_TOKEN: 
2025-01-14T19:03:59.2715002Z ##[endgroup]
2025-01-14T19:03:59.2735111Z ##[group]Run file_hash=$(cat conda-linux-64.lock | shasum -a 256 | cut -d' ' -f1)
2025-01-14T19:03:59.2735616Z [36;1mfile_hash=$(cat conda-linux-64.lock | shasum -a 256 | cut -d' ' -f1)[0m
2025-01-14T19:03:59.2735999Z [36;1mecho "file_hash=$file_hash" >> "${GITHUB_OUTPUT}"[0m
2025-01-14T19:03:59.2761505Z shell: /usr/bin/bash --noprofile --norc -e -o pipefail {0}
2025-01-14T19:03:59.2761806Z env:
2025-01-14T19:03:59.2761970Z   CACHE_NUMBER: 0
2025-01-14T19:03:59.2762552Z   PYTEST_FLAGS: --tardis-regression-data=/home/runner/work/tardis/tardis/tardis-regression-data --cov=tardis --cov-report=xml --cov-report=html --cov-append
2025-01-14T19:03:59.2763188Z   CODECOV_TOKEN: 
2025-01-14T19:03:59.2763370Z ##[endgroup]
2025-01-14T19:03:59.3065394Z ##[group]Run mamba-org/setup-micromamba@v1
2025-01-14T19:03:59.3065653Z with:
2025-01-14T19:03:59.3065839Z   environment-file: conda-linux-64.lock
2025-01-14T19:03:59.3066266Z   cache-environment-key: d7cd390425b0fd3cf82649dcc003efba9915fb4928f15d342148c3ccffcbe2ee
2025-01-14T19:03:59.3066824Z   cache-downloads-key: d7cd390425b0fd3cf82649dcc003efba9915fb4928f15d342148c3ccffcbe2ee
2025-01-14T19:03:59.3067391Z   environment-name: tardis
2025-01-14T19:03:59.3067611Z   cache-environment: true
2025-01-14T19:03:59.3067813Z   cache-downloads: true
2025-01-14T19:03:59.3068006Z env:
2025-01-14T19:03:59.3068162Z   CACHE_NUMBER: 0
2025-01-14T19:03:59.3068758Z   PYTEST_FLAGS: --tardis-regression-data=/home/runner/work/tardis/tardis/tardis-regression-data --cov=tardis --cov-report=xml --cov-report=html --cov-append
2025-01-14T19:03:59.3069385Z   CODECOV_TOKEN: 
2025-01-14T19:03:59.3069559Z ##[endgroup]
2025-01-14T19:03:59.4422404Z Will download micromamba to /home/runner/micromamba-bin/micromamba
2025-01-14T19:03:59.4442135Z ##[group]Install micromamba
2025-01-14T19:04:00.1055849Z micromamba installed to /home/runner/micromamba-bin/micromamba
2025-01-14T19:04:00.1056899Z ##[endgroup]
2025-01-14T19:04:00.1057674Z Adding conda-forge to condarc channels ...
2025-01-14T19:04:00.1067635Z ##[group]Initialize micromamba for bash.
2025-01-14T19:04:00.1083495Z [command]/home/runner/micromamba-bin/micromamba shell init -s bash -r /home/runner/micromamba --log-level warning --rc-file /home/runner/work/_temp/setup-micromamba/.condarc
2025-01-14T19:04:00.1192695Z Modifying RC file "/home/runner/.bashrc"
2025-01-14T19:04:00.1193657Z Generating config for root prefix [1m"/home/runner/micromamba"[0m
2025-01-14T19:04:00.1194886Z Setting mamba executable to: [1m"/home/runner/micromamba-bin/micromamba"[0m
2025-01-14T19:04:00.1195610Z Adding (or replacing) the following in your "/home/runner/.bashrc" file
2025-01-14T19:04:00.1196049Z 
2025-01-14T19:04:00.1196187Z # >>> mamba initialize >>>
2025-01-14T19:04:00.1196638Z # !! Contents within this block are managed by 'mamba init' !!
2025-01-14T19:04:00.1197251Z export MAMBA_EXE='/home/runner/micromamba-bin/micromamba';
2025-01-14T19:04:00.1197811Z export MAMBA_ROOT_PREFIX='/home/runner/micromamba';
2025-01-14T19:04:00.1198563Z __mamba_setup="$("$MAMBA_EXE" shell hook --shell bash --root-prefix "$MAMBA_ROOT_PREFIX" 2> /dev/null)"
2025-01-14T19:04:00.1199300Z if [ $? -eq 0 ]; then
2025-01-14T19:04:00.1199620Z     eval "$__mamba_setup"
2025-01-14T19:04:00.1199929Z else
2025-01-14T19:04:00.1200372Z     alias micromamba="$MAMBA_EXE"  # Fallback on help from mamba activate
2025-01-14T19:04:00.1201270Z fi
2025-01-14T19:04:00.1201521Z unset __mamba_setup
2025-01-14T19:04:00.1201835Z # <<< mamba initialize <<<
2025-01-14T19:04:00.1202054Z 
2025-01-14T19:04:00.1216183Z Moving mamba initialize block to .bash_profile
2025-01-14T19:04:00.1482527Z ##[endgroup]
2025-01-14T19:04:00.1484049Z ##[group]Restoring downloads from `/home/runner/micromamba/pkgs` ...
2025-01-14T19:04:01.3492838Z Received 192937984 of 356800233 (54.1%), 184.0 MBs/sec
2025-01-14T19:04:02.3495327Z Received 352605929 of 356800233 (98.8%), 168.1 MBs/sec
2025-01-14T19:04:02.4288563Z Cache Size: ~340 MB (356800233 B)
2025-01-14T19:04:02.4330314Z [command]/usr/bin/tar -xf /home/runner/work/_temp/c356c9d0-0aef-4f05-bb3f-14b1356e0522/cache.tzst -P -C /home/runner/work/tardis/tardis --use-compress-program unzstd
2025-01-14T19:04:02.8938553Z Cache restored successfully
2025-01-14T19:04:02.9656099Z Restored cache with key `d7cd390425b0fd3cf82649dcc003efba9915fb4928f15d342148c3ccffcbe2ee-linux-64`
2025-01-14T19:04:02.9657151Z ##[endgroup]
2025-01-14T19:04:02.9667821Z ##[group]Restoring environment `tardis` from `/home/runner/micromamba/envs/tardis` ...
2025-01-14T19:04:03.3494860Z Received 356800233 of 356800233 (100.0%), 113.4 MBs/sec
2025-01-14T19:04:04.1140332Z Received 226492416 of 444592193 (50.9%), 216.0 MBs/sec
2025-01-14T19:04:05.1073930Z Cache Size: ~424 MB (444592193 B)
2025-01-14T19:04:05.1150972Z Received 444592193 of 444592193 (100.0%), 211.9 MBs/sec
2025-01-14T19:04:05.1198711Z [command]/usr/bin/tar -xf /home/runner/work/_temp/09a1af3d-9d93-42fe-9406-eedf9930c2d2/cache.tzst -P -C /home/runner/work/tardis/tardis --use-compress-program unzstd
2025-01-14T19:04:10.2595853Z Cache restored successfully
2025-01-14T19:04:10.3553176Z Restored cache with key `d7cd390425b0fd3cf82649dcc003efba9915fb4928f15d342148c3ccffcbe2ee-linux-64-tardis-args-4f53cda-root-dcc80ee-bin-[object Promise]-file-d7cd390425b0fd3cf82649dcc003efba9915fb4928f15d342148c3ccffcbe2ee`
2025-01-14T19:04:10.3558707Z ##[endgroup]
2025-01-14T19:04:10.3559052Z Adding environment tardis to auto-activate bash ...
2025-01-14T19:04:10.3565125Z Generating micromamba run shell.
2025-01-14T19:04:10.3574682Z ##[endgroup]
2025-01-14T19:04:10.3580642Z Set environment variables.
2025-01-14T19:04:10.3585070Z ##[group]micromamba info
2025-01-14T19:04:10.3587978Z [command]/home/runner/micromamba-bin/micromamba info -r /home/runner/micromamba -n tardis
2025-01-14T19:04:10.3813856Z 
2025-01-14T19:04:10.3814292Z        libmamba version : 1.5.10
2025-01-14T19:04:10.3815048Z      micromamba version : 1.5.10
2025-01-14T19:04:10.3815889Z            curl version : libcurl/8.10.1 OpenSSL/3.3.2 zlib/1.3.1 zstd/1.5.6 libssh2/1.11.0 nghttp2/1.58.0
2025-01-14T19:04:10.3817037Z      libarchive version : libarchive 3.7.4 zlib/1.2.13 bz2lib/1.0.8 libzstd/1.5.6
2025-01-14T19:04:10.3818038Z        envs directories : /home/runner/micromamba/envs
2025-01-14T19:04:10.3818686Z           package cache : /home/runner/micromamba/pkgs
2025-01-14T19:04:10.3819299Z                           /home/runner/.mamba/pkgs
2025-01-14T19:04:10.3819853Z             environment : tardis
2025-01-14T19:04:10.3820419Z            env location : /home/runner/micromamba/envs/tardis
2025-01-14T19:04:10.3821079Z       user config files : /home/runner/.mambarc
2025-01-14T19:04:10.3821905Z  populated config files : /home/runner/work/_temp/setup-micromamba/.condarc
2025-01-14T19:04:10.3822698Z        virtual packages : __unix=0=0
2025-01-14T19:04:10.3823193Z                           __linux=6.8.0=0
2025-01-14T19:04:10.3823761Z                           __glibc=2.39=0
2025-01-14T19:04:10.3824339Z                           __archspec=1=x86_64_v3
2025-01-14T19:04:10.3825286Z                channels : https://conda.anaconda.org/conda-forge/linux-64
2025-01-14T19:04:10.3826161Z                           https://conda.anaconda.org/conda-forge/noarch
2025-01-14T19:04:10.3826916Z        base environment : /home/runner/micromamba
2025-01-14T19:04:10.3827577Z                platform : linux-64
2025-01-14T19:04:10.3834221Z ##[endgroup]
2025-01-14T19:04:10.3834955Z ##[group]micromamba list
2025-01-14T19:04:10.3836249Z [command]/home/runner/micromamba-bin/micromamba list -r /home/runner/micromamba -n tardis
2025-01-14T19:04:10.7696717Z List of packages in environment: "/home/runner/micromamba/envs/tardis"
2025-01-14T19:04:10.7697297Z 
2025-01-14T19:04:10.7697550Z   Name                           Version              Build                    Channel    
2025-01-14T19:04:10.7698579Z â”€â”€â”€â”€â”€â”€â”€â”€â”€â”€â”€â”€â”€â”€â”€â”€â”€â”€â”€â”€â”€â”€â”€â”€â”€â”€â”€â”€â”€â”€â”€â”€â”€â”€â”€â”€â”€â”€â”€â”€â”€â”€â”€â”€â”€â”€â”€â”€â”€â”€â”€â”€â”€â”€â”€â”€â”€â”€â”€â”€â”€â”€â”€â”€â”€â”€â”€â”€â”€â”€â”€â”€â”€â”€â”€â”€â”€â”€â”€â”€â”€â”€â”€â”€â”€â”€â”€â”€â”€â”€â”€â”€
2025-01-14T19:04:10.7699238Z   _libgcc_mutex                  0.1                  conda_forge              conda-forge
2025-01-14T19:04:10.7699853Z   _openmp_mutex                  4.5                  2_gnu                    conda-forge
2025-01-14T19:04:10.7700440Z   alabaster                      0.7.16               pyhd8ed1ab_0             conda-forge
2025-01-14T19:04:10.7701040Z   anyio                          4.4.0                pyhd8ed1ab_0             conda-forge
2025-01-14T19:04:10.7701614Z   argon2-cffi                    23.1.0               pyhd8ed1ab_0             conda-forge
2025-01-14T19:04:10.7702262Z   argon2-cffi-bindings           21.2.0               py312h98912ed_4          conda-forge
2025-01-14T19:04:10.7702844Z   arrow                          1.3.0                pyhd8ed1ab_0             conda-forge
2025-01-14T19:04:10.7703371Z   astropy                        6.1.1                py312h085067d_0          conda-forge
2025-01-14T19:04:10.7703965Z   astropy-iers-data              0.2024.6.17.0.31.35  pyhd8ed1ab_0             conda-forge
2025-01-14T19:04:10.7704896Z   astropy-sphinx-theme           1.1                  pyhd8ed1ab_0             conda-forge
2025-01-14T19:04:10.7705674Z   asttokens                      2.4.1                pyhd8ed1ab_0             conda-forge
2025-01-14T19:04:10.7706675Z   async-lru                      2.0.4                pyhd8ed1ab_0             conda-forge
2025-01-14T19:04:10.7707242Z   atk-1.0                        2.38.0               h04ea711_2               conda-forge
2025-01-14T19:04:10.7707789Z   attrs                          23.2.0               pyh71513ae_0             conda-forge
2025-01-14T19:04:10.7708313Z   babel                          2.14.0               pyhd8ed1ab_0             conda-forge
2025-01-14T19:04:10.7708864Z   beautifulsoup4                 4.12.3               pyha770c72_0             conda-forge
2025-01-14T19:04:10.7709431Z   bleach                         6.1.0                pyhd8ed1ab_0             conda-forge
2025-01-14T19:04:10.7709892Z   blosc                          1.21.5               hc2324a3_1               conda-forge
2025-01-14T19:04:10.7710261Z   brotli                         1.1.0                hd590300_1               conda-forge
2025-01-14T19:04:10.7710633Z   brotli-bin                     1.1.0                hd590300_1               conda-forge
2025-01-14T19:04:10.7711021Z   brotli-python                  1.1.0                py312h30efb56_1          conda-forge
2025-01-14T19:04:10.7711381Z   bzip2                          1.0.8                hd590300_5               conda-forge
2025-01-14T19:04:10.7711707Z   c-ares                         1.28.1               hd590300_0               conda-forge
2025-01-14T19:04:10.7712040Z   c-blosc2                       2.14.4               hb4ffafa_1               conda-forge
2025-01-14T19:04:10.7712437Z   ca-certificates                2024.6.2             hbcca054_0               conda-forge
2025-01-14T19:04:10.7712841Z   cached-property                1.5.2                hd8ed1ab_1               conda-forge
2025-01-14T19:04:10.7713242Z   cached_property                1.5.2                pyha770c72_1             conda-forge
2025-01-14T19:04:10.7713600Z   cairo                          1.18.0               h3faef2a_0               conda-forge
2025-01-14T19:04:10.7713950Z   certifi                        2024.6.2             pyhd8ed1ab_0             conda-forge
2025-01-14T19:04:10.7714728Z   cffi                           1.16.0               py312hf06ca03_0          conda-forge
2025-01-14T19:04:10.7715126Z   charset-normalizer             3.3.2                pyhd8ed1ab_0             conda-forge
2025-01-14T19:04:10.7715497Z   click                          8.1.7                unix_pyh707e725_0        conda-forge
2025-01-14T19:04:10.7715837Z   codespell                      2.3.0                pyhd8ed1ab_0             conda-forge
2025-01-14T19:04:10.7716185Z   colorama                       0.4.6                pyhd8ed1ab_0             conda-forge
2025-01-14T19:04:10.7716510Z   comm                           0.2.2                pyhd8ed1ab_0             conda-forge
2025-01-14T19:04:10.7716837Z   commonmark                     0.9.1                py_0                     conda-forge
2025-01-14T19:04:10.7717181Z   contourpy                      1.2.1                py312h8572e83_0          conda-forge
2025-01-14T19:04:10.7717527Z   coverage                       7.5.3                py312h9a8786e_0          conda-forge
2025-01-14T19:04:10.7717862Z   cycler                         0.12.1               pyhd8ed1ab_0             conda-forge
2025-01-14T19:04:10.7718206Z   dataclasses                    0.8                  pyhc8e2a94_3             conda-forge
2025-01-14T19:04:10.7718551Z   debugpy                        1.8.1                py312h30efb56_0          conda-forge
2025-01-14T19:04:10.7718898Z   decorator                      5.1.1                pyhd8ed1ab_0             conda-forge
2025-01-14T19:04:10.7719246Z   defusedxml                     0.7.1                pyhd8ed1ab_0             conda-forge
2025-01-14T19:04:10.7719590Z   docutils                       0.20.1               py312h7900ff3_3          conda-forge
2025-01-14T19:04:10.7719930Z   dot2tex                        2.11.3               pyhd8ed1ab_0             conda-forge
2025-01-14T19:04:10.7720418Z   entrypoints                    0.4                  pyhd8ed1ab_0             conda-forge
2025-01-14T19:04:10.7720788Z   exceptiongroup                 1.2.0                pyhd8ed1ab_2             conda-forge
2025-01-14T19:04:10.7721155Z   executing                      2.0.1                pyhd8ed1ab_0             conda-forge
2025-01-14T19:04:10.7721484Z   expat                          2.6.2                h59595ed_0               conda-forge
2025-01-14T19:04:10.7721859Z   font-ttf-dejavu-sans-mono      2.37                 hab24e00_0               conda-forge
2025-01-14T19:04:10.7722285Z   font-ttf-inconsolata           3.000                h77eed37_0               conda-forge
2025-01-14T19:04:10.7722705Z   font-ttf-source-code-pro       2.038                h77eed37_0               conda-forge
2025-01-14T19:04:10.7723105Z   font-ttf-ubuntu                0.83                 h77eed37_2               conda-forge
2025-01-14T19:04:10.7723468Z   fontconfig                     2.14.2               h14ed4e7_0               conda-forge
2025-01-14T19:04:10.7723847Z   fonts-conda-ecosystem          1                    0                        conda-forge
2025-01-14T19:04:10.7724243Z   fonts-conda-forge              1                    0                        conda-forge
2025-01-14T19:04:10.7724790Z   fonttools                      4.53.0               py312h9a8786e_0          conda-forge
2025-01-14T19:04:10.7725123Z   fqdn                           1.5.1                pyhd8ed1ab_0             conda-forge
2025-01-14T19:04:10.7725446Z   freetype                       2.12.1               h267a509_2               conda-forge
2025-01-14T19:04:10.7725783Z   fribidi                        1.0.10               h36c2ea0_0               conda-forge
2025-01-14T19:04:10.7726107Z   future                         1.0.0                pyhd8ed1ab_0             conda-forge
2025-01-14T19:04:10.7726445Z   gdk-pixbuf                     2.42.12              hb9ae30d_0               conda-forge
2025-01-14T19:04:10.7726864Z   giflib                         5.2.2                hd590300_0               conda-forge
2025-01-14T19:04:10.7727212Z   git-lfs                        3.5.1                ha770c72_0               conda-forge
2025-01-14T19:04:10.7727652Z   gmp                            6.3.0                h59595ed_1               conda-forge
2025-01-14T19:04:10.7727965Z   gmpy2                          2.1.5                py312h1d5cde6_1          conda-forge
2025-01-14T19:04:10.7728297Z   graphite2                      1.3.13               h59595ed_1003            conda-forge
2025-01-14T19:04:10.7728640Z   graphviz                       11.0.0               hc68bbd7_0               conda-forge
2025-01-14T19:04:10.7728989Z   gtk2                           2.24.33              h280cfa0_4               conda-forge
2025-01-14T19:04:10.7729304Z   gts                            0.7.6                h977cf35_4               conda-forge
2025-01-14T19:04:10.7729609Z   h11                            0.14.0               pyhd8ed1ab_0             conda-forge
2025-01-14T19:04:10.7729915Z   h2                             4.1.0                pyhd8ed1ab_0             conda-forge
2025-01-14T19:04:10.7730228Z   h5py                           3.11.0               nompi_py312hb7ab980_102  conda-forge
2025-01-14T19:04:10.7730558Z   harfbuzz                       8.5.0                hfac3d4d_0               conda-forge
2025-01-14T19:04:10.7730883Z   hdf5                           1.14.3               nompi_hdf9ad27_105       conda-forge
2025-01-14T19:04:10.7731203Z   hpack                          4.0.0                pyh9f0ad1d_0             conda-forge
2025-01-14T19:04:10.7731534Z   httpcore                       1.0.5                pyhd8ed1ab_0             conda-forge
2025-01-14T19:04:10.7731958Z   httpx                          0.27.0               pyhd8ed1ab_0             conda-forge
2025-01-14T19:04:10.7732297Z   hyperframe                     6.0.1                pyhd8ed1ab_0             conda-forge
2025-01-14T19:04:10.7732779Z   icu                            73.2                 h59595ed_0               conda-forge
2025-01-14T19:04:10.7733087Z   idna                           3.7                  pyhd8ed1ab_0             conda-forge
2025-01-14T19:04:10.7733422Z   imagesize                      1.4.1                pyhd8ed1ab_0             conda-forge
2025-01-14T19:04:10.7733798Z   importlib-metadata             7.1.0                pyha770c72_0             conda-forge
2025-01-14T19:04:10.7734196Z   importlib_metadata             7.1.0                hd8ed1ab_0               conda-forge
2025-01-14T19:04:10.7734810Z   importlib_resources            6.4.0                pyhd8ed1ab_0             conda-forge
2025-01-14T19:04:10.7735206Z   iniconfig                      2.0.0                pyhd8ed1ab_0             conda-forge
2025-01-14T19:04:10.7735661Z   ipykernel                      6.29.4               pyh3099207_0             conda-forge
2025-01-14T19:04:10.7736264Z   ipython                        8.25.0               pyh707e725_0             conda-forge
2025-01-14T19:04:10.7736902Z   ipython_genutils               0.2.0                pyhd8ed1ab_1             conda-forge
2025-01-14T19:04:10.7737553Z   ipywidgets                     7.8.0                pyhd8ed1ab_0             conda-forge
2025-01-14T19:04:10.7738187Z   isoduration                    20.11.0              pyhd8ed1ab_0             conda-forge
2025-01-14T19:04:10.7738779Z   jedi                           0.19.1               pyhd8ed1ab_0             conda-forge
2025-01-14T19:04:10.7739346Z   jinja2                         3.1.4                pyhd8ed1ab_0             conda-forge
2025-01-14T19:04:10.7739916Z   json5                          0.9.25               pyhd8ed1ab_0             conda-forge
2025-01-14T19:04:10.7740402Z   jsonpointer                    3.0.0                py312h7900ff3_0          conda-forge
2025-01-14T19:04:10.7741045Z   jsonschema                     4.22.0               pyhd8ed1ab_0             conda-forge
2025-01-14T19:04:10.7741800Z   jsonschema-specifications      2023.12.1            pyhd8ed1ab_0             conda-forge
2025-01-14T19:04:10.7742670Z   jsonschema-with-format-nongpl  4.22.0               pyhd8ed1ab_0             conda-forge
2025-01-14T19:04:10.7743665Z   jupyter-lsp                    2.2.5                pyhd8ed1ab_0             conda-forge
2025-01-14T19:04:10.7744103Z   jupyter_client                 8.6.2                pyhd8ed1ab_0             conda-forge
2025-01-14T19:04:10.7744704Z   jupyter_core                   5.7.2                py312h7900ff3_0          conda-forge
2025-01-14T19:04:10.7745104Z   jupyter_events                 0.10.0               pyhd8ed1ab_0             conda-forge
2025-01-14T19:04:10.7745479Z   jupyter_server                 2.14.1               pyhd8ed1ab_0             conda-forge
2025-01-14T19:04:10.7745882Z   jupyter_server_terminals       0.5.3                pyhd8ed1ab_0             conda-forge
2025-01-14T19:04:10.7746275Z   jupyterlab                     4.2.2                pyhd8ed1ab_0             conda-forge
2025-01-14T19:04:10.7746670Z   jupyterlab_pygments            0.3.0                pyhd8ed1ab_1             conda-forge
2025-01-14T19:04:10.7747079Z   jupyterlab_server              2.27.2               pyhd8ed1ab_0             conda-forge
2025-01-14T19:04:10.7747475Z   jupyterlab_widgets             1.1.7                pyhd8ed1ab_0             conda-forge
2025-01-14T19:04:10.7747841Z   keyutils                       1.6.1                h166bdaf_0               conda-forge
2025-01-14T19:04:10.7748186Z   kiwisolver                     1.4.5                py312h8572e83_1          conda-forge
2025-01-14T19:04:10.7748523Z   krb5                           1.21.2               h659d440_0               conda-forge
2025-01-14T19:04:10.7748861Z   latexcodec                     2.0.1                pyh9f0ad1d_0             conda-forge
2025-01-14T19:04:10.7749202Z   lcms2                          2.16                 hb7c19ff_0               conda-forge
2025-01-14T19:04:10.7749698Z   ld_impl_linux-64               2.40                 hf3520f5_7               conda-forge
2025-01-14T19:04:10.7750036Z   lerc                           4.0.0                h27087fc_0               conda-forge
2025-01-14T19:04:10.7750359Z   libaec                         1.1.3                h59595ed_0               conda-forge
2025-01-14T19:04:10.7750695Z   libblas                        3.9.0                22_linux64_openblas      conda-forge
2025-01-14T19:04:10.7751062Z   libbrotlicommon                1.1.0                hd590300_1               conda-forge
2025-01-14T19:04:10.7751433Z   libbrotlidec                   1.1.0                hd590300_1               conda-forge
2025-01-14T19:04:10.7751792Z   libbrotlienc                   1.1.0                hd590300_1               conda-forge
2025-01-14T19:04:10.7752148Z   libcblas                       3.9.0                22_linux64_openblas      conda-forge
2025-01-14T19:04:10.7752485Z   libcurl                        8.8.0                hca28451_0               conda-forge
2025-01-14T19:04:10.7752834Z   libdeflate                     1.20                 hd590300_0               conda-forge
2025-01-14T19:04:10.7753186Z   libedit                        3.1.20191231         he28a2e2_2               conda-forge
2025-01-14T19:04:10.7753522Z   libev                          4.33                 hd590300_2               conda-forge
2025-01-14T19:04:10.7753849Z   libexpat                       2.6.2                h59595ed_0               conda-forge
2025-01-14T19:04:10.7754179Z   libffi                         3.4.2                h7f98852_5               conda-forge
2025-01-14T19:04:10.7754694Z   libgcc-ng                      13.2.0               h77fa898_10              conda-forge
2025-01-14T19:04:10.7755034Z   libgd                          2.3.3                h119a65a_9               conda-forge
2025-01-14T19:04:10.7755377Z   libgfortran-ng                 13.2.0               h69a702a_10              conda-forge
2025-01-14T19:04:10.7755742Z   libgfortran5                   13.2.0               h3d2ce59_10              conda-forge
2025-01-14T19:04:10.7756093Z   libglib                        2.80.2               h8a4344b_1               conda-forge
2025-01-14T19:04:10.7756555Z   libgomp                        13.2.0               h77fa898_10              conda-forge
2025-01-14T19:04:10.7756894Z   libiconv                       1.17                 hd590300_2               conda-forge
2025-01-14T19:04:10.7757246Z   libjpeg-turbo                  3.0.0                hd590300_1               conda-forge
2025-01-14T19:04:10.7757607Z   liblapack                      3.9.0                22_linux64_openblas      conda-forge
2025-01-14T19:04:10.7757959Z   libllvm14                      14.0.6               hcd5def8_4               conda-forge
2025-01-14T19:04:10.7758315Z   libnghttp2                     1.58.0               h47da74e_1               conda-forge
2025-01-14T19:04:10.7758671Z   libnsl                         2.0.1                hd590300_0               conda-forge
2025-01-14T19:04:10.7759038Z   libopenblas                    0.3.27               pthreads_h413a1c8_0      conda-forge
2025-01-14T19:04:10.7759408Z   libpng                         1.6.43               h2797004_0               conda-forge
2025-01-14T19:04:10.7759741Z   librsvg                        2.58.1               hadf69e7_0               conda-forge
2025-01-14T19:04:10.7760084Z   libsodium                      1.0.18               h36c2ea0_1               conda-forge
2025-01-14T19:04:10.7760430Z   libsqlite                      3.46.0               hde9e2c9_0               conda-forge
2025-01-14T19:04:10.7760768Z   libssh2                        1.11.0               h0841786_0               conda-forge
2025-01-14T19:04:10.7761112Z   libstdcxx-ng                   13.2.0               hc0a3c3a_10              conda-forge
2025-01-14T19:04:10.7761461Z   libtiff                        4.6.0                h1dd3fc0_3               conda-forge
2025-01-14T19:04:10.7761795Z   libuuid                        2.38.1               h0b41bf4_0               conda-forge
2025-01-14T19:04:10.7762320Z   libwebp                        1.4.0                h2c329e2_0               conda-forge
2025-01-14T19:04:10.7762668Z   libwebp-base                   1.4.0                hd590300_0               conda-forge
2025-01-14T19:04:10.7763005Z   libxcb                         1.15                 h0b41bf4_0               conda-forge
2025-01-14T19:04:10.7763341Z   libxcrypt                      4.4.36               hd590300_1               conda-forge
2025-01-14T19:04:10.7763714Z   libxml2                        2.12.7               hc051c1a_1               conda-forge
2025-01-14T19:04:10.7764049Z   libxslt                        1.1.39               h76b75d6_0               conda-forge
2025-01-14T19:04:10.7764533Z   libzlib                        1.3.1                h4ab18f5_1               conda-forge
2025-01-14T19:04:10.7764916Z   llvmlite                       0.42.0               py312hb06c811_1          conda-forge
2025-01-14T19:04:10.7765268Z   lxml                           5.2.2                py312hb90d8a5_0          conda-forge
2025-01-14T19:04:10.7765595Z   lz4-c                          1.9.4                hcb278e6_0               conda-forge
2025-01-14T19:04:10.7765910Z   lzo                            2.10                 hd590300_1001            conda-forge
2025-01-14T19:04:10.7766242Z   markupsafe                     2.1.5                py312h98912ed_0          conda-forge
2025-01-14T19:04:10.7766617Z   matplotlib-base                3.8.4                py312h20ab3a6_2          conda-forge
2025-01-14T19:04:10.7767018Z   matplotlib-inline              0.1.7                pyhd8ed1ab_0             conda-forge
2025-01-14T19:04:10.7767387Z   mistune                        3.0.2                pyhd8ed1ab_0             conda-forge
2025-01-14T19:04:10.7767708Z   mpc                            1.3.1                hfe3b2da_0               conda-forge
2025-01-14T19:04:10.7768013Z   mpfr                           4.2.1                h9458935_1               conda-forge
2025-01-14T19:04:10.7768334Z   mpmath                         1.3.0                pyhd8ed1ab_0             conda-forge
2025-01-14T19:04:10.7768973Z   munkres                        1.1.4                pyh9f0ad1d_0             conda-forge
2025-01-14T19:04:10.7769333Z   mypy_extensions                1.0.0                pyha770c72_0             conda-forge
2025-01-14T19:04:10.7769694Z   nbclassic                      1.1.0                pyhd8ed1ab_0             conda-forge
2025-01-14T19:04:10.7770047Z   nbclient                       0.10.0               pyhd8ed1ab_0             conda-forge
2025-01-14T19:04:10.7770394Z   nbconvert                      7.16.4               hd8ed1ab_1               conda-forge
2025-01-14T19:04:10.7770757Z   nbconvert-core                 7.16.4               pyhd8ed1ab_1             conda-forge
2025-01-14T19:04:10.7771155Z   nbconvert-pandoc               7.16.4               hd8ed1ab_1               conda-forge
2025-01-14T19:04:10.7771536Z   nbformat                       5.10.4               pyhd8ed1ab_0             conda-forge
2025-01-14T19:04:10.7771880Z   nbsphinx                       0.9.4                pyhd8ed1ab_0             conda-forge
2025-01-14T19:04:10.7772220Z   ncurses                        6.5                  h59595ed_0               conda-forge
2025-01-14T19:04:10.7772573Z   nest-asyncio                   1.6.0                pyhd8ed1ab_0             conda-forge
2025-01-14T19:04:10.7772926Z   networkx                       3.3                  pyhd8ed1ab_1             conda-forge
2025-01-14T19:04:10.7773254Z   nomkl                          1.0                  h5ca1d4c_0               conda-forge
2025-01-14T19:04:10.7773584Z   notebook                       7.2.1                pyhd8ed1ab_0             conda-forge
2025-01-14T19:04:10.7773941Z   notebook-shim                  0.2.4                pyhd8ed1ab_0             conda-forge
2025-01-14T19:04:10.7774288Z   numba                          0.59.1               py312hacefee8_0          conda-forge
2025-01-14T19:04:10.7774938Z   numexpr                        2.10.0               py312hf412c99_100        conda-forge
2025-01-14T19:04:10.7775295Z   numpy                          1.26.4               py312heda63a1_0          conda-forge
2025-01-14T19:04:10.7775637Z   numpydoc                       1.7.0                pyhd8ed1ab_1             conda-forge
2025-01-14T19:04:10.7775982Z   openjpeg                       2.5.2                h488ebb8_0               conda-forge
2025-01-14T19:04:10.7776321Z   openssl                        3.3.1                h4ab18f5_0               conda-forge
2025-01-14T19:04:10.7776661Z   overrides                      7.7.0                pyhd8ed1ab_0             conda-forge
2025-01-14T19:04:10.7777009Z   packaging                      24.1                 pyhd8ed1ab_0             conda-forge
2025-01-14T19:04:10.7777351Z   pandas                         2.2.2                py312h1d6d2e6_1          conda-forge
2025-01-14T19:04:10.7777699Z   pandoc                         3.2                  ha770c72_0               conda-forge
2025-01-14T19:04:10.7778050Z   pandocfilters                  1.5.0                pyhd8ed1ab_0             conda-forge
2025-01-14T19:04:10.7778414Z   pango                          1.54.0               h84a9a3c_0               conda-forge
2025-01-14T19:04:10.7778737Z   parso                          0.8.4                pyhd8ed1ab_0             conda-forge
2025-01-14T19:04:10.7779073Z   pathspec                       0.12.1               pyhd8ed1ab_0             conda-forge
2025-01-14T19:04:10.7779410Z   pbr                            6.0.0                pyhd8ed1ab_0             conda-forge
2025-01-14T19:04:10.7779742Z   pcre2                          10.44                h0f59acf_0               conda-forge
2025-01-14T19:04:10.7780076Z   pexpect                        4.9.0                pyhd8ed1ab_0             conda-forge
2025-01-14T19:04:10.7780428Z   pickleshare                    0.7.5                py_1003                  conda-forge
2025-01-14T19:04:10.7780780Z   pillow                         10.3.0               py312hdcec9eb_0          conda-forge
2025-01-14T19:04:10.7781268Z   pip                            24.0                 pyhd8ed1ab_0             conda-forge
2025-01-14T19:04:10.7781594Z   pixman                         0.43.2               h59595ed_0               conda-forge
2025-01-14T19:04:10.7781970Z   pkgutil-resolve-name           1.3.10               pyhd8ed1ab_1             conda-forge
2025-01-14T19:04:10.7782370Z   platformdirs                   4.2.2                pyhd8ed1ab_0             conda-forge
2025-01-14T19:04:10.7782725Z   plotly                         5.22.0               pyhd8ed1ab_0             conda-forge
2025-01-14T19:04:10.7783058Z   pluggy                         1.5.0                pyhd8ed1ab_0             conda-forge
2025-01-14T19:04:10.7783425Z   prometheus_client              0.20.0               pyhd8ed1ab_0             conda-forge
2025-01-14T19:04:10.7783819Z   prompt-toolkit                 3.0.47               pyha770c72_0             conda-forge
2025-01-14T19:04:10.7784177Z   psutil                         5.9.8                py312h98912ed_0          conda-forge
2025-01-14T19:04:10.7784742Z   pthread-stubs                  0.4                  h36c2ea0_1001            conda-forge
2025-01-14T19:04:10.7785126Z   ptyprocess                     0.7.0                pyhd3deb0d_0             conda-forge
2025-01-14T19:04:10.7785479Z   pure_eval                      0.2.2                pyhd8ed1ab_0             conda-forge
2025-01-14T19:04:10.7785826Z   py-cpuinfo                     9.0.0                pyhd8ed1ab_0             conda-forge
2025-01-14T19:04:10.7786166Z   pybtex                         0.24.0               pyhd8ed1ab_2             conda-forge
2025-01-14T19:04:10.7786525Z   pybtex-docutils                1.0.3                py312h7900ff3_1          conda-forge
2025-01-14T19:04:10.7786893Z   pycparser                      2.22                 pyhd8ed1ab_0             conda-forge
2025-01-14T19:04:10.7787362Z   pyerfa                         2.0.1.4              py312h085067d_1          conda-forge
2025-01-14T19:04:10.7787705Z   pygments                       2.18.0               pyhd8ed1ab_0             conda-forge
2025-01-14T19:04:10.7788059Z   pygraphviz                     1.13                 py312h4a1d8a7_1          conda-forge
2025-01-14T19:04:10.7788415Z   pyparsing                      3.1.2                pyhd8ed1ab_0             conda-forge
2025-01-14T19:04:10.7788769Z   pysocks                        1.7.1                pyha2e5f31_6             conda-forge
2025-01-14T19:04:10.7789108Z   pytables                       3.9.2                py312h96d95ec_2          conda-forge
2025-01-14T19:04:10.7789449Z   pytest                         8.2.2                pyhd8ed1ab_0             conda-forge
2025-01-14T19:04:10.7789792Z   pytest-cov                     5.0.0                pyhd8ed1ab_0             conda-forge
2025-01-14T19:04:10.7790180Z   pytest-doctestplus             1.2.1                pyhd8ed1ab_0             conda-forge
2025-01-14T19:04:10.7790566Z   pytest-html                    4.1.1                pyhd8ed1ab_0             conda-forge
2025-01-14T19:04:10.7790944Z   pytest-metadata                3.1.1                pyhd8ed1ab_0             conda-forge
2025-01-14T19:04:10.7791305Z   python                         3.12.4               h194c7f8_0_cpython       conda-forge
2025-01-14T19:04:10.7791665Z   python-dateutil                2.9.0                pyhd8ed1ab_0             conda-forge
2025-01-14T19:04:10.7792074Z   python-fastjsonschema          2.20.0               pyhd8ed1ab_0             conda-forge
2025-01-14T19:04:10.7792492Z   python-json-logger             2.0.7                pyhd8ed1ab_0             conda-forge
2025-01-14T19:04:10.7792887Z   python-tzdata                  2024.1               pyhd8ed1ab_0             conda-forge
2025-01-14T19:04:10.7793249Z   python_abi                     3.12                 4_cp312                  conda-forge
2025-01-14T19:04:10.7793592Z   pytz                           2024.1               pyhd8ed1ab_0             conda-forge
2025-01-14T19:04:10.7794037Z   pyyaml                         6.0.1                py312h98912ed_1          conda-forge
2025-01-14T19:04:10.7794366Z   pyzmq                          26.0.3               py312h8fd38d8_0          conda-forge
2025-01-14T19:04:10.7794862Z   qgrid                          1.3.1                pyhd8ed1ab_4             conda-forge
2025-01-14T19:04:10.7795231Z   radioactivedecay               0.5.1                pyhd8ed1ab_0             conda-forge
2025-01-14T19:04:10.7795597Z   readline                       8.2                  h8228510_1               conda-forge
2025-01-14T19:04:10.7795945Z   recommonmark                   0.7.1                pyhd8ed1ab_0             conda-forge
2025-01-14T19:04:10.7796311Z   referencing                    0.35.1               pyhd8ed1ab_0             conda-forge
2025-01-14T19:04:10.7796673Z   requests                       2.32.3               pyhd8ed1ab_0             conda-forge
2025-01-14T19:04:10.7797057Z   rfc3339-validator              0.1.4                pyhd8ed1ab_0             conda-forge
2025-01-14T19:04:10.7797456Z   rfc3986-validator              0.1.1                pyh9f0ad1d_0             conda-forge
2025-01-14T19:04:10.7797818Z   rpds-py                        0.18.1               py312h4413252_0          conda-forge
2025-01-14T19:04:10.7798160Z   ruff                           0.4.9                py312h5715c7c_0          conda-forge
2025-01-14T19:04:10.7798501Z   scipy                          1.13.1               py312hc2bc53b_0          conda-forge
2025-01-14T19:04:10.7798851Z   send2trash                     1.8.3                pyh0d859eb_0             conda-forge
2025-01-14T19:04:10.7799215Z   setuptools                     70.0.0               pyhd8ed1ab_0             conda-forge
2025-01-14T19:04:10.7799589Z   setuptools-scm                 8.1.0                pyhd8ed1ab_0             conda-forge
2025-01-14T19:04:10.7800096Z   setuptools_scm                 8.1.0                hd8ed1ab_0               conda-forge
2025-01-14T19:04:10.7800445Z   six                            1.16.0               pyh6c4a22f_0             conda-forge
2025-01-14T19:04:10.7800774Z   snakeviz                       2.2.0                pyhd8ed1ab_0             conda-forge
2025-01-14T19:04:10.7801110Z   snappy                         1.2.0                hdb0a2a9_1               conda-forge
2025-01-14T19:04:10.7801441Z   sniffio                        1.3.1                pyhd8ed1ab_0             conda-forge
2025-01-14T19:04:10.7801810Z   snowballstemmer                2.2.0                pyhd8ed1ab_0             conda-forge
2025-01-14T19:04:10.7802180Z   soupsieve                      2.5                  pyhd8ed1ab_1             conda-forge
2025-01-14T19:04:10.7802517Z   sphinx                         7.3.7                pyhd8ed1ab_0             conda-forge
2025-01-14T19:04:10.7802872Z   sphinx-astropy                 1.9.1                pyhd8ed1ab_0             conda-forge
2025-01-14T19:04:10.7803279Z   sphinx-automodapi              0.17.0               pyh717bed2_1             conda-forge
2025-01-14T19:04:10.7803678Z   sphinx-gallery                 0.16.0               pyhd8ed1ab_0             conda-forge
2025-01-14T19:04:10.7804070Z   sphinx-jsonschema              1.19.1               pyhd8ed1ab_0             conda-forge
2025-01-14T19:04:10.7804638Z   sphinx_bootstrap_theme         0.8.1                pyhd8ed1ab_0             conda-forge
2025-01-14T19:04:10.7805054Z   sphinx_rtd_theme               2.0.0                pyha770c72_0             conda-forge
2025-01-14T19:04:10.7805447Z   sphinxcontrib-apidoc           0.3.0                py_1                     conda-forge
2025-01-14T19:04:10.7805878Z   sphinxcontrib-applehelp        1.0.8                pyhd8ed1ab_0             conda-forge
2025-01-14T19:04:10.7806313Z   sphinxcontrib-bibtex           2.6.2                pyhd8ed1ab_0             conda-forge
2025-01-14T19:04:10.7806743Z   sphinxcontrib-devhelp          1.0.6                pyhd8ed1ab_0             conda-forge
2025-01-14T19:04:10.7807301Z   sphinxcontrib-htmlhelp         2.0.5                pyhd8ed1ab_0             conda-forge
2025-01-14T19:04:10.7807727Z   sphinxcontrib-jquery           4.1                  pyhd8ed1ab_0             conda-forge
2025-01-14T19:04:10.7808142Z   sphinxcontrib-jsmath           1.0.1                pyhd8ed1ab_0             conda-forge
2025-01-14T19:04:10.7808562Z   sphinxcontrib-qthelp           1.0.7                pyhd8ed1ab_0             conda-forge
2025-01-14T19:04:10.7809023Z   sphinxcontrib-serializinghtml  1.1.10               pyhd8ed1ab_0             conda-forge
2025-01-14T19:04:10.7809451Z   stack_data                     0.6.2                pyhd8ed1ab_0             conda-forge
2025-01-14T19:04:10.7809797Z   sympy                          1.12.1               pypyh2585a3b_103         conda-forge
2025-01-14T19:04:10.7810135Z   tabulate                       0.9.0                pyhd8ed1ab_1             conda-forge
2025-01-14T19:04:10.7810486Z   tenacity                       8.4.1                pyhd8ed1ab_0             conda-forge
2025-01-14T19:04:10.7810841Z   terminado                      0.18.1               pyh0d859eb_0             conda-forge
2025-01-14T19:04:10.7811187Z   tinycss2                       1.3.0                pyhd8ed1ab_0             conda-forge
2025-01-14T19:04:10.7811509Z   tk                             8.6.13               noxft_h4845f30_101       conda-forge
2025-01-14T19:04:10.7811819Z   toml                           0.10.2               pyhd8ed1ab_0             conda-forge
2025-01-14T19:04:10.7812143Z   tomli                          2.0.1                pyhd8ed1ab_0             conda-forge
2025-01-14T19:04:10.7812474Z   tornado                        6.4.1                py312h9a8786e_0          conda-forge
2025-01-14T19:04:10.7812801Z   tqdm                           4.66.4               pyhd8ed1ab_0             conda-forge
2025-01-14T19:04:10.7813254Z   traitlets                      5.14.3               pyhd8ed1ab_0             conda-forge
2025-01-14T19:04:10.7813610Z   typed-ast                      1.5.5                py312h98912ed_1          conda-forge
2025-01-14T19:04:10.7814012Z   types-python-dateutil          2.9.0.20240316       pyhd8ed1ab_0             conda-forge
2025-01-14T19:04:10.7814591Z   typing-extensions              4.12.2               hd8ed1ab_0               conda-forge
2025-01-14T19:04:10.7815004Z   typing_extensions              4.12.2               pyha770c72_0             conda-forge
2025-01-14T19:04:10.7815391Z   typing_utils                   0.1.0                pyhd8ed1ab_0             conda-forge
2025-01-14T19:04:10.7815737Z   tzdata                         2024a                h0c530f3_0               conda-forge
2025-01-14T19:04:10.7816090Z   uri-template                   1.3.0                pyhd8ed1ab_0             conda-forge
2025-01-14T19:04:10.7816447Z   urllib3                        2.2.2                pyhd8ed1ab_0             conda-forge
2025-01-14T19:04:10.7816790Z   wcwidth                        0.2.13               pyhd8ed1ab_0             conda-forge
2025-01-14T19:04:10.7817137Z   webcolors                      24.6.0               pyhd8ed1ab_0             conda-forge
2025-01-14T19:04:10.7817495Z   webencodings                   0.5.1                pyhd8ed1ab_2             conda-forge
2025-01-14T19:04:10.7817871Z   websocket-client               1.8.0                pyhd8ed1ab_0             conda-forge
2025-01-14T19:04:10.7818229Z   wheel                          0.43.0               pyhd8ed1ab_1             conda-forge
2025-01-14T19:04:10.7818590Z   widgetsnbextension             3.6.6                pyhd8ed1ab_0             conda-forge
2025-01-14T19:04:10.7818977Z   xorg-kbproto                   1.0.7                h7f98852_1002            conda-forge
2025-01-14T19:04:10.7819333Z   xorg-libice                    1.1.1                hd590300_0               conda-forge
2025-01-14T19:04:10.7819688Z   xorg-libsm                     1.2.4                h7391055_0               conda-forge
2025-01-14T19:04:10.7820037Z   xorg-libx11                    1.8.9                h8ee46fc_0               conda-forge
2025-01-14T19:04:10.7820510Z   xorg-libxau                    1.0.11               hd590300_0               conda-forge
2025-01-14T19:04:10.7820868Z   xorg-libxdmcp                  1.1.3                h7f98852_0               conda-forge
2025-01-14T19:04:10.7821228Z   xorg-libxext                   1.3.4                h0b41bf4_2               conda-forge
2025-01-14T19:04:10.7821597Z   xorg-libxrender                0.9.11               hd590300_0               conda-forge
2025-01-14T19:04:10.7821982Z   xorg-renderproto               0.11.1               h7f98852_1002            conda-forge
2025-01-14T19:04:10.7822360Z   xorg-xextproto                 7.3.0                h0b41bf4_1003            conda-forge
2025-01-14T19:04:10.7822727Z   xorg-xproto                    7.0.31               h7f98852_1007            conda-forge
2025-01-14T19:04:10.7823061Z   xz                             5.2.6                h166bdaf_0               conda-forge
2025-01-14T19:04:10.7823368Z   yaml                           0.2.5                h7f98852_2               conda-forge
2025-01-14T19:04:10.7823683Z   zeromq                         4.3.5                h75354e8_4               conda-forge
2025-01-14T19:04:10.7824004Z   zipp                           3.19.2               pyhd8ed1ab_0             conda-forge
2025-01-14T19:04:10.7824316Z   zlib                           1.3.1                h4ab18f5_1               conda-forge
2025-01-14T19:04:10.7824838Z   zlib-ng                        2.0.7                h0b41bf4_0               conda-forge
2025-01-14T19:04:10.7825161Z   zstd                           1.5.6                ha6fb4c9_0               conda-forge
2025-01-14T19:04:10.7825677Z ##[endgroup]
