2025-01-06T14:14:24.5146960Z Requested labels: ubuntu-latest
2025-01-06T14:14:24.5147315Z Job defined at: tardis-sn/tardis/.github/workflows/tests.yml@refs/heads/master
2025-01-06T14:14:24.5147461Z Waiting for a runner to pick up this job...
2025-01-06T14:14:25.5628771Z Job is waiting for a hosted runner to come online.
2025-01-06T14:14:28.5021625Z Job is about to start running on the hosted runner: GitHub Actions 35 (hosted)
2025-01-06T14:14:29.8246281Z Current runner version: '2.321.0'
2025-01-06T14:14:29.8274809Z ##[group]Operating System
2025-01-06T14:14:29.8276157Z Ubuntu
2025-01-06T14:14:29.8277115Z 24.04.1
2025-01-06T14:14:29.8277998Z LTS
2025-01-06T14:14:29.8278822Z ##[endgroup]
2025-01-06T14:14:29.8279884Z ##[group]Runner Image
2025-01-06T14:14:29.8280947Z Image: ubuntu-24.04
2025-01-06T14:14:29.8281833Z Version: 20241215.1.0
2025-01-06T14:14:29.8283863Z Included Software: https://github.com/actions/runner-images/blob/ubuntu24/20241215.1/images/ubuntu/Ubuntu2404-Readme.md
2025-01-06T14:14:29.8286596Z Image Release: https://github.com/actions/runner-images/releases/tag/ubuntu24%2F20241215.1
2025-01-06T14:14:29.8288353Z ##[endgroup]
2025-01-06T14:14:29.8289378Z ##[group]Runner Image Provisioner
2025-01-06T14:14:29.8290378Z 2.0.404.1
2025-01-06T14:14:29.8291199Z ##[endgroup]
2025-01-06T14:14:29.8293516Z ##[group]GITHUB_TOKEN Permissions
2025-01-06T14:14:29.8295908Z Actions: write
2025-01-06T14:14:29.8296772Z Attestations: write
2025-01-06T14:14:29.8297441Z Checks: write
2025-01-06T14:14:29.8297972Z Contents: write
2025-01-06T14:14:29.8298501Z Deployments: write
2025-01-06T14:14:29.8299071Z Discussions: write
2025-01-06T14:14:29.8299553Z Issues: write
2025-01-06T14:14:29.8300059Z Metadata: read
2025-01-06T14:14:29.8300618Z Packages: write
2025-01-06T14:14:29.8301131Z Pages: write
2025-01-06T14:14:29.8301643Z PullRequests: write
2025-01-06T14:14:29.8302225Z RepositoryProjects: write
2025-01-06T14:14:29.8302812Z SecurityEvents: write
2025-01-06T14:14:29.8303313Z Statuses: write
2025-01-06T14:14:29.8303857Z ##[endgroup]
2025-01-06T14:14:29.8306937Z Secret source: Actions
2025-01-06T14:14:29.8307676Z Prepare workflow directory
2025-01-06T14:14:29.8827862Z Prepare all required actions
2025-01-06T14:14:29.8863818Z Getting action download info
2025-01-06T14:14:30.0539041Z Download action repository 'actions/checkout@v4' (SHA:11bd71901bbe5b1630ceea73d27597364c9af683)
2025-01-06T14:14:30.1461876Z Download action repository 'actions/upload-artifact@v4' (SHA:6f51ac03b9356f520e9adb1b1b7802705f340c2b)
2025-01-06T14:14:30.5015974Z Complete job name:  continuum ubuntu-latest 
2025-01-06T14:14:30.5655530Z ##[group]Run actions/checkout@v4
2025-01-06T14:14:30.5656418Z with:
2025-01-06T14:14:30.5656816Z   repository: tardis-sn/tardis
2025-01-06T14:14:30.5657437Z   token: ***
2025-01-06T14:14:30.5657813Z   ssh-strict: true
2025-01-06T14:14:30.5658209Z   ssh-user: git
2025-01-06T14:14:30.5658611Z   persist-credentials: true
2025-01-06T14:14:30.5659055Z   clean: true
2025-01-06T14:14:30.5659464Z   sparse-checkout-cone-mode: true
2025-01-06T14:14:30.5659959Z   fetch-depth: 1
2025-01-06T14:14:30.5660352Z   fetch-tags: false
2025-01-06T14:14:30.5660751Z   show-progress: true
2025-01-06T14:14:30.5661165Z   lfs: false
2025-01-06T14:14:30.5661545Z   submodules: false
2025-01-06T14:14:30.5661947Z   set-safe-directory: true
2025-01-06T14:14:30.5662583Z env:
2025-01-06T14:14:30.5662946Z   CACHE_NUMBER: 0
2025-01-06T14:14:30.5664073Z   PYTEST_FLAGS: --tardis-regression-data=/home/runner/work/tardis/tardis/tardis-regression-data --cov=tardis --cov-report=xml --cov-report=html --cov-append
2025-01-06T14:14:30.5665735Z   CODECOV_TOKEN: ***
2025-01-06T14:14:30.5666157Z ##[endgroup]
2025-01-06T14:14:30.7766042Z Syncing repository: tardis-sn/tardis
2025-01-06T14:14:30.7767728Z ##[group]Getting Git version info
2025-01-06T14:14:30.7768395Z Working directory is '/home/runner/work/tardis/tardis'
2025-01-06T14:14:30.7769294Z [command]/usr/bin/git version
2025-01-06T14:14:30.7829313Z git version 2.47.1
2025-01-06T14:14:30.7856439Z ##[endgroup]
2025-01-06T14:14:30.7870218Z Temporarily overriding HOME='/home/runner/work/_temp/cb9b3340-599a-4a12-a34c-371c175cc51d' before making global git config changes
2025-01-06T14:14:30.7871560Z Adding repository directory to the temporary git global config as a safe directory
2025-01-06T14:14:30.7882487Z [command]/usr/bin/git config --global --add safe.directory /home/runner/work/tardis/tardis
2025-01-06T14:14:30.7920113Z Deleting the contents of '/home/runner/work/tardis/tardis'
2025-01-06T14:14:30.7923784Z ##[group]Initializing the repository
2025-01-06T14:14:30.7928186Z [command]/usr/bin/git init /home/runner/work/tardis/tardis
2025-01-06T14:14:30.8003440Z hint: Using 'master' as the name for the initial branch. This default branch name
2025-01-06T14:14:30.8012611Z hint: is subject to change. To configure the initial branch name to use in all
2025-01-06T14:14:30.8014322Z hint: of your new repositories, which will suppress this warning, call:
2025-01-06T14:14:30.8015774Z hint:
2025-01-06T14:14:30.8021713Z hint: 	git config --global init.defaultBranch <name>
2025-01-06T14:14:30.8022776Z hint:
2025-01-06T14:14:30.8023757Z hint: Names commonly chosen instead of 'master' are 'main', 'trunk' and
2025-01-06T14:14:30.8025480Z hint: 'development'. The just-created branch can be renamed via this command:
2025-01-06T14:14:30.8026703Z hint:
2025-01-06T14:14:30.8027408Z hint: 	git branch -m <name>
2025-01-06T14:14:30.8028605Z Initialized empty Git repository in /home/runner/work/tardis/tardis/.git/
2025-01-06T14:14:30.8031394Z [command]/usr/bin/git remote add origin https://github.com/tardis-sn/tardis
2025-01-06T14:14:30.8060535Z ##[endgroup]
2025-01-06T14:14:30.8061651Z ##[group]Disabling automatic garbage collection
2025-01-06T14:14:30.8064453Z [command]/usr/bin/git config --local gc.auto 0
2025-01-06T14:14:30.8096865Z ##[endgroup]
2025-01-06T14:14:30.8098317Z ##[group]Setting up auth
2025-01-06T14:14:30.8104066Z [command]/usr/bin/git config --local --name-only --get-regexp core\.sshCommand
2025-01-06T14:14:30.8135432Z [command]/usr/bin/git submodule foreach --recursive sh -c "git config --local --name-only --get-regexp 'core\.sshCommand' && git config --local --unset-all 'core.sshCommand' || :"
2025-01-06T14:14:30.8490409Z [command]/usr/bin/git config --local --name-only --get-regexp http\.https\:\/\/github\.com\/\.extraheader
2025-01-06T14:14:30.8524303Z [command]/usr/bin/git submodule foreach --recursive sh -c "git config --local --name-only --get-regexp 'http\.https\:\/\/github\.com\/\.extraheader' && git config --local --unset-all 'http.https://github.com/.extraheader' || :"
2025-01-06T14:14:30.8775816Z [command]/usr/bin/git config --local http.https://github.com/.extraheader AUTHORIZATION: basic ***
2025-01-06T14:14:30.8812754Z ##[endgroup]
2025-01-06T14:14:30.8813974Z ##[group]Fetching the repository
2025-01-06T14:14:30.8823186Z [command]/usr/bin/git -c protocol.version=2 fetch --no-tags --prune --no-recurse-submodules --depth=1 origin +7e37d5fe0adb8b767cd033924165b5060f22f170:refs/remotes/origin/master
2025-01-06T14:14:32.1536896Z From https://github.com/tardis-sn/tardis
2025-01-06T14:14:32.1538034Z  * [new ref]         7e37d5fe0adb8b767cd033924165b5060f22f170 -> origin/master
2025-01-06T14:14:32.1570557Z ##[endgroup]
2025-01-06T14:14:32.1576519Z ##[group]Determining the checkout info
2025-01-06T14:14:32.1577865Z ##[endgroup]
2025-01-06T14:14:32.1581159Z [command]/usr/bin/git sparse-checkout disable
2025-01-06T14:14:32.1623210Z [command]/usr/bin/git config --local --unset-all extensions.worktreeConfig
2025-01-06T14:14:32.1653655Z ##[group]Checking out the ref
2025-01-06T14:14:32.1658201Z [command]/usr/bin/git checkout --progress --force -B master refs/remotes/origin/master
2025-01-06T14:14:32.3648067Z Reset branch 'master'
2025-01-06T14:14:32.3649523Z branch 'master' set up to track 'origin/master'.
2025-01-06T14:14:32.3672047Z ##[endgroup]
2025-01-06T14:14:32.3714815Z [command]/usr/bin/git log -1 --format=%H
2025-01-06T14:14:32.3737992Z 7e37d5fe0adb8b767cd033924165b5060f22f170
2025-01-06T14:14:32.4104512Z Prepare all required actions
2025-01-06T14:14:32.4106131Z Getting action download info
2025-01-06T14:14:32.5387675Z Download action repository 'actions/cache@v4' (SHA:1bd1e32a3bdc45362d1e726936510720a7c30a57)
2025-01-06T14:14:32.8445189Z ##[group]Run ./.github/actions/setup_lfs
2025-01-06T14:14:32.8445525Z with:
2025-01-06T14:14:32.8445823Z   regression-data-repo: tardis-sn/tardis-regression-data
2025-01-06T14:14:32.8446181Z env:
2025-01-06T14:14:32.8446389Z   CACHE_NUMBER: 0
2025-01-06T14:14:32.8447292Z   PYTEST_FLAGS: --tardis-regression-data=/home/runner/work/tardis/tardis/tardis-regression-data --cov=tardis --cov-report=xml --cov-report=html --cov-append
2025-01-06T14:14:32.8448238Z   CODECOV_TOKEN: ***
2025-01-06T14:14:32.8448484Z ##[endgroup]
2025-01-06T14:14:32.8573344Z ##[group]Run actions/checkout@v4
2025-01-06T14:14:32.8573648Z with:
2025-01-06T14:14:32.8573914Z   repository: tardis-sn/tardis-regression-data
2025-01-06T14:14:32.8574246Z   path: tardis-regression-data
2025-01-06T14:14:32.8574712Z   token: ***
2025-01-06T14:14:32.8575112Z   ssh-strict: true
2025-01-06T14:14:32.8575348Z   ssh-user: git
2025-01-06T14:14:32.8575591Z   persist-credentials: true
2025-01-06T14:14:32.8575853Z   clean: true
2025-01-06T14:14:32.8576092Z   sparse-checkout-cone-mode: true
2025-01-06T14:14:32.8576380Z   fetch-depth: 1
2025-01-06T14:14:32.8576613Z   fetch-tags: false
2025-01-06T14:14:32.8576846Z   show-progress: true
2025-01-06T14:14:32.8577154Z   lfs: false
2025-01-06T14:14:32.8577546Z   submodules: false
2025-01-06T14:14:32.8577933Z   set-safe-directory: true
2025-01-06T14:14:32.8578189Z env:
2025-01-06T14:14:32.8578393Z   CACHE_NUMBER: 0
2025-01-06T14:14:32.8579057Z   PYTEST_FLAGS: --tardis-regression-data=/home/runner/work/tardis/tardis/tardis-regression-data --cov=tardis --cov-report=xml --cov-report=html --cov-append
2025-01-06T14:14:32.8579838Z   CODECOV_TOKEN: ***
2025-01-06T14:14:32.8580072Z ##[endgroup]
2025-01-06T14:14:32.9496772Z Syncing repository: tardis-sn/tardis-regression-data
2025-01-06T14:14:32.9502870Z ##[group]Getting Git version info
2025-01-06T14:14:32.9503609Z Working directory is '/home/runner/work/tardis/tardis/tardis-regression-data'
2025-01-06T14:14:32.9543932Z [command]/usr/bin/git version
2025-01-06T14:14:32.9579336Z git version 2.47.1
2025-01-06T14:14:32.9604258Z ##[endgroup]
2025-01-06T14:14:32.9622927Z Temporarily overriding HOME='/home/runner/work/_temp/8dd290e2-3997-4136-97f6-ea584aa72243' before making global git config changes
2025-01-06T14:14:32.9623806Z Adding repository directory to the temporary git global config as a safe directory
2025-01-06T14:14:32.9628179Z [command]/usr/bin/git config --global --add safe.directory /home/runner/work/tardis/tardis/tardis-regression-data
2025-01-06T14:14:32.9656712Z ##[group]Initializing the repository
2025-01-06T14:14:32.9661459Z [command]/usr/bin/git init /home/runner/work/tardis/tardis/tardis-regression-data
2025-01-06T14:14:32.9696702Z hint: Using 'master' as the name for the initial branch. This default branch name
2025-01-06T14:14:32.9697707Z hint: is subject to change. To configure the initial branch name to use in all
2025-01-06T14:14:32.9698635Z hint: of your new repositories, which will suppress this warning, call:
2025-01-06T14:14:32.9699104Z hint:
2025-01-06T14:14:32.9699609Z hint: 	git config --global init.defaultBranch <name>
2025-01-06T14:14:32.9700226Z hint:
2025-01-06T14:14:32.9700839Z hint: Names commonly chosen instead of 'master' are 'main', 'trunk' and
2025-01-06T14:14:32.9701791Z hint: 'development'. The just-created branch can be renamed via this command:
2025-01-06T14:14:32.9702578Z hint:
2025-01-06T14:14:32.9702984Z hint: 	git branch -m <name>
2025-01-06T14:14:32.9703897Z Initialized empty Git repository in /home/runner/work/tardis/tardis/tardis-regression-data/.git/
2025-01-06T14:14:32.9710076Z [command]/usr/bin/git remote add origin https://github.com/tardis-sn/tardis-regression-data
2025-01-06T14:14:32.9739768Z ##[endgroup]
2025-01-06T14:14:32.9740811Z ##[group]Disabling automatic garbage collection
2025-01-06T14:14:32.9745328Z [command]/usr/bin/git config --local gc.auto 0
2025-01-06T14:14:32.9773981Z ##[endgroup]
2025-01-06T14:14:32.9774727Z ##[group]Setting up auth
2025-01-06T14:14:32.9781350Z [command]/usr/bin/git config --local --name-only --get-regexp core\.sshCommand
2025-01-06T14:14:32.9810623Z [command]/usr/bin/git submodule foreach --recursive sh -c "git config --local --name-only --get-regexp 'core\.sshCommand' && git config --local --unset-all 'core.sshCommand' || :"
2025-01-06T14:14:33.0031613Z [command]/usr/bin/git config --local --name-only --get-regexp http\.https\:\/\/github\.com\/\.extraheader
2025-01-06T14:14:33.0060942Z [command]/usr/bin/git submodule foreach --recursive sh -c "git config --local --name-only --get-regexp 'http\.https\:\/\/github\.com\/\.extraheader' && git config --local --unset-all 'http.https://github.com/.extraheader' || :"
2025-01-06T14:14:33.0282422Z [command]/usr/bin/git config --local http.https://github.com/.extraheader AUTHORIZATION: basic ***
2025-01-06T14:14:33.0327023Z ##[endgroup]
2025-01-06T14:14:33.0327501Z ##[group]Determining the default branch
2025-01-06T14:14:33.0330405Z Retrieving the default branch name
2025-01-06T14:14:33.2430416Z Default branch 'main'
2025-01-06T14:14:33.2432181Z ##[endgroup]
2025-01-06T14:14:33.2433357Z ##[group]Fetching the repository
2025-01-06T14:14:33.2443217Z [command]/usr/bin/git -c protocol.version=2 fetch --no-tags --prune --no-recurse-submodules --depth=1 origin +refs/heads/main:refs/remotes/origin/main
2025-01-06T14:14:33.5727736Z From https://github.com/tardis-sn/tardis-regression-data
2025-01-06T14:14:33.5728783Z  * [new branch]      main       -> origin/main
2025-01-06T14:14:33.5753445Z ##[endgroup]
2025-01-06T14:14:33.5755517Z ##[group]Determining the checkout info
2025-01-06T14:14:33.5756237Z ##[endgroup]
2025-01-06T14:14:33.5761259Z [command]/usr/bin/git sparse-checkout disable
2025-01-06T14:14:33.5798699Z [command]/usr/bin/git config --local --unset-all extensions.worktreeConfig
2025-01-06T14:14:33.5827598Z ##[group]Checking out the ref
2025-01-06T14:14:33.5831853Z [command]/usr/bin/git checkout --progress --force -B main refs/remotes/origin/main
2025-01-06T14:14:34.5866345Z Updating files:  45% (109/238)
2025-01-06T14:14:34.5870072Z Updating files:  46% (110/238)
2025-01-06T14:14:34.5875657Z Updating files:  47% (112/238)
2025-01-06T14:14:34.5880559Z Updating files:  48% (115/238)
2025-01-06T14:14:34.5886215Z Updating files:  49% (117/238)
2025-01-06T14:14:34.5950355Z Updating files:  50% (119/238)
2025-01-06T14:14:34.5955110Z Updating files:  51% (122/238)
2025-01-06T14:14:34.5962091Z Updating files:  52% (124/238)
2025-01-06T14:14:34.5965408Z Updating files:  53% (127/238)
2025-01-06T14:14:34.5970999Z Updating files:  54% (129/238)
2025-01-06T14:14:34.5976401Z Updating files:  55% (131/238)
2025-01-06T14:14:34.5981974Z Updating files:  56% (134/238)
2025-01-06T14:14:34.5988687Z Updating files:  57% (136/238)
2025-01-06T14:14:34.5995556Z Updating files:  58% (139/238)
2025-01-06T14:14:34.6000493Z Updating files:  59% (141/238)
2025-01-06T14:14:34.6006287Z Updating files:  60% (143/238)
2025-01-06T14:14:34.6011225Z Updating files:  61% (146/238)
2025-01-06T14:14:34.6016047Z Updating files:  62% (148/238)
2025-01-06T14:14:34.6021864Z Updating files:  63% (150/238)
2025-01-06T14:14:34.6025774Z Updating files:  64% (153/238)
2025-01-06T14:14:34.6032641Z Updating files:  65% (155/238)
2025-01-06T14:14:34.6036237Z Updating files:  66% (158/238)
2025-01-06T14:14:34.6040355Z Updating files:  67% (160/238)
2025-01-06T14:14:34.6046483Z Updating files:  68% (162/238)
2025-01-06T14:14:34.6051986Z Updating files:  69% (165/238)
2025-01-06T14:14:34.6058234Z Updating files:  70% (167/238)
2025-01-06T14:14:34.6063439Z Updating files:  71% (169/238)
2025-01-06T14:14:34.6066311Z Updating files:  72% (172/238)
2025-01-06T14:14:34.6071261Z Updating files:  73% (174/238)
2025-01-06T14:14:34.6076342Z Updating files:  74% (177/238)
2025-01-06T14:14:34.6079875Z Updating files:  75% (179/238)
2025-01-06T14:14:34.6084000Z Updating files:  76% (181/238)
2025-01-06T14:14:34.6089770Z Updating files:  77% (184/238)
2025-01-06T14:14:34.6098148Z Updating files:  78% (186/238)
2025-01-06T14:14:34.6101497Z Updating files:  79% (189/238)
2025-01-06T14:14:34.6105169Z Updating files:  80% (191/238)
2025-01-06T14:14:34.6109597Z Updating files:  81% (193/238)
2025-01-06T14:14:34.6113241Z Updating files:  82% (196/238)
2025-01-06T14:14:34.6115660Z Updating files:  83% (198/238)
2025-01-06T14:14:34.6121067Z Updating files:  84% (200/238)
2025-01-06T14:14:34.6125275Z Updating files:  85% (203/238)
2025-01-06T14:14:34.6132652Z Updating files:  86% (205/238)
2025-01-06T14:14:34.6136521Z Updating files:  87% (208/238)
2025-01-06T14:14:34.6140351Z Updating files:  88% (210/238)
2025-01-06T14:14:34.6144382Z Updating files:  89% (212/238)
2025-01-06T14:14:34.6147664Z Updating files:  90% (215/238)
2025-01-06T14:14:34.6151716Z Updating files:  91% (217/238)
2025-01-06T14:14:34.6158356Z Updating files:  92% (219/238)
2025-01-06T14:14:34.6162605Z Updating files:  93% (222/238)
2025-01-06T14:14:34.6167164Z Updating files:  94% (224/238)
2025-01-06T14:14:34.6170329Z Updating files:  95% (227/238)
2025-01-06T14:14:34.6173361Z Updating files:  96% (229/238)
2025-01-06T14:14:34.6179208Z Updating files:  97% (231/238)
2025-01-06T14:14:34.6183209Z Updating files:  98% (234/238)
2025-01-06T14:14:34.6188344Z Updating files:  99% (236/238)
2025-01-06T14:14:34.6189054Z Updating files: 100% (238/238)
2025-01-06T14:14:34.6189471Z Updating files: 100% (238/238), done.
2025-01-06T14:14:34.6205470Z Switched to a new branch 'main'
2025-01-06T14:14:34.6209312Z branch 'main' set up to track 'origin/main'.
2025-01-06T14:14:34.6476551Z ##[endgroup]
2025-01-06T14:14:34.6514818Z [command]/usr/bin/git log -1 --format=%H
2025-01-06T14:14:34.6538777Z 666ab8501c2b2aea30d05b8822e7ddbfca078d23
2025-01-06T14:14:34.6667339Z ##[group]Run git lfs ls-files -l | cut -d' ' -f1 | sort > .lfs-assets-id
2025-01-06T14:14:34.6667863Z [36;1mgit lfs ls-files -l | cut -d' ' -f1 | sort > .lfs-assets-id[0m
2025-01-06T14:14:34.6699217Z shell: /usr/bin/bash --noprofile --norc -e -o pipefail {0}
2025-01-06T14:14:34.6699535Z env:
2025-01-06T14:14:34.6699691Z   CACHE_NUMBER: 0
2025-01-06T14:14:34.6700293Z   PYTEST_FLAGS: --tardis-regression-data=/home/runner/work/tardis/tardis/tardis-regression-data --cov=tardis --cov-report=xml --cov-report=html --cov-append
2025-01-06T14:14:34.6701085Z   CODECOV_TOKEN: ***
2025-01-06T14:14:34.6701278Z ##[endgroup]
2025-01-06T14:14:34.8141459Z ##[group]Run actions/cache/restore@v4
2025-01-06T14:14:34.8141731Z with:
2025-01-06T14:14:34.8141927Z   path: tardis-regression-data/.git/lfs
2025-01-06T14:14:34.8142351Z   key: Linux-lfs-21f9fa4b6817cc69b9fae3598144724da7828e276a73bd17f47a2a49d9af090a-v1
2025-01-06T14:14:34.8142769Z   enableCrossOsArchive: false
2025-01-06T14:14:34.8143003Z   fail-on-cache-miss: false
2025-01-06T14:14:34.8143219Z   lookup-only: false
2025-01-06T14:14:34.8143407Z env:
2025-01-06T14:14:34.8143559Z   CACHE_NUMBER: 0
2025-01-06T14:14:34.8144198Z   PYTEST_FLAGS: --tardis-regression-data=/home/runner/work/tardis/tardis/tardis-regression-data --cov=tardis --cov-report=xml --cov-report=html --cov-append
2025-01-06T14:14:34.8145464Z   CODECOV_TOKEN: ***
2025-01-06T14:14:34.8145682Z ##[endgroup]
2025-01-06T14:14:36.0935824Z Received 385875968 of 1708418946 (22.6%), 365.4 MBs/sec
2025-01-06T14:14:37.0979952Z Received 809500672 of 1708418946 (47.4%), 383.9 MBs/sec
2025-01-06T14:14:38.1035908Z Received 1228931072 of 1708418946 (71.9%), 389.0 MBs/sec
2025-01-06T14:14:39.1002570Z Received 1606418432 of 1708418946 (94.0%), 381.7 MBs/sec
2025-01-06T14:14:39.3984843Z Cache Size: ~1629 MB (1708418946 B)
2025-01-06T14:14:39.4031493Z [command]/usr/bin/tar -xf /home/runner/work/_temp/84ab6012-954e-4010-8a27-6a8d9df70a08/cache.tzst -P -C /home/runner/work/tardis/tardis --use-compress-program unzstd
2025-01-06T14:14:40.1009022Z Received 1708418946 of 1708418946 (100.0%), 324.9 MBs/sec
2025-01-06T14:14:45.7676374Z Cache restored successfully
2025-01-06T14:14:46.1047311Z Cache restored from key: Linux-lfs-21f9fa4b6817cc69b9fae3598144724da7828e276a73bd17f47a2a49d9af090a-v1
2025-01-06T14:14:46.1258242Z ##[group]Run git lfs checkout
2025-01-06T14:14:46.1258511Z [36;1mgit lfs checkout[0m
2025-01-06T14:14:46.1284782Z shell: /usr/bin/bash --noprofile --norc -e -o pipefail {0}
2025-01-06T14:14:46.1285314Z env:
2025-01-06T14:14:46.1285485Z   CACHE_NUMBER: 0
2025-01-06T14:14:46.1286102Z   PYTEST_FLAGS: --tardis-regression-data=/home/runner/work/tardis/tardis/tardis-regression-data --cov=tardis --cov-report=xml --cov-report=html --cov-append
2025-01-06T14:14:46.1287097Z   CODECOV_TOKEN: ***
2025-01-06T14:14:46.1287295Z ##[endgroup]
2025-01-06T14:14:56.9131053Z Checking out LFS objects: 100% (204/204), 3.5 GB | 334 MB/s, done.
2025-01-06T14:14:59.9340473Z Prepare all required actions
2025-01-06T14:14:59.9340810Z Getting action download info
2025-01-06T14:15:00.0548534Z Download action repository 'mamba-org/setup-micromamba@v1' (SHA:4b9113af4fba0e9e1124b252dd6497a419e7396d)
2025-01-06T14:15:00.3300814Z ##[group]Run ./.github/actions/setup_env
2025-01-06T14:15:00.3301073Z with:
2025-01-06T14:15:00.3301252Z   os-label: linux-64
2025-01-06T14:15:00.3301436Z env:
2025-01-06T14:15:00.3301595Z   CACHE_NUMBER: 0
2025-01-06T14:15:00.3302194Z   PYTEST_FLAGS: --tardis-regression-data=/home/runner/work/tardis/tardis/tardis-regression-data --cov=tardis --cov-report=xml --cov-report=html --cov-append
2025-01-06T14:15:00.3302938Z   CODECOV_TOKEN: ***
2025-01-06T14:15:00.3303127Z ##[endgroup]
2025-01-06T14:15:00.3322255Z ##[group]Run file_hash=$(cat conda-linux-64.lock | shasum -a 256 | cut -d' ' -f1)
2025-01-06T14:15:00.3322761Z [36;1mfile_hash=$(cat conda-linux-64.lock | shasum -a 256 | cut -d' ' -f1)[0m
2025-01-06T14:15:00.3323212Z [36;1mecho "file_hash=$file_hash" >> "${GITHUB_OUTPUT}"[0m
2025-01-06T14:15:00.3348962Z shell: /usr/bin/bash --noprofile --norc -e -o pipefail {0}
2025-01-06T14:15:00.3349279Z env:
2025-01-06T14:15:00.3349449Z   CACHE_NUMBER: 0
2025-01-06T14:15:00.3350062Z   PYTEST_FLAGS: --tardis-regression-data=/home/runner/work/tardis/tardis/tardis-regression-data --cov=tardis --cov-report=xml --cov-report=html --cov-append
2025-01-06T14:15:00.3350792Z   CODECOV_TOKEN: ***
2025-01-06T14:15:00.3350983Z ##[endgroup]
2025-01-06T14:15:00.4396653Z ##[group]Run mamba-org/setup-micromamba@v1
2025-01-06T14:15:00.4396917Z with:
2025-01-06T14:15:00.4397111Z   environment-file: conda-linux-64.lock
2025-01-06T14:15:00.4397528Z   cache-environment-key: d7cd390425b0fd3cf82649dcc003efba9915fb4928f15d342148c3ccffcbe2ee
2025-01-06T14:15:00.4398118Z   cache-downloads-key: d7cd390425b0fd3cf82649dcc003efba9915fb4928f15d342148c3ccffcbe2ee
2025-01-06T14:15:00.4398520Z   environment-name: tardis
2025-01-06T14:15:00.4398734Z   cache-environment: true
2025-01-06T14:15:00.4398959Z   cache-downloads: true
2025-01-06T14:15:00.4399159Z env:
2025-01-06T14:15:00.4399319Z   CACHE_NUMBER: 0
2025-01-06T14:15:00.4399922Z   PYTEST_FLAGS: --tardis-regression-data=/home/runner/work/tardis/tardis/tardis-regression-data --cov=tardis --cov-report=xml --cov-report=html --cov-append
2025-01-06T14:15:00.4400684Z   CODECOV_TOKEN: ***
2025-01-06T14:15:00.4400875Z ##[endgroup]
2025-01-06T14:15:00.5817657Z Will download micromamba to /home/runner/micromamba-bin/micromamba
2025-01-06T14:15:00.5827911Z ##[group]Install micromamba
2025-01-06T14:15:00.8454048Z micromamba installed to /home/runner/micromamba-bin/micromamba
2025-01-06T14:15:00.8455201Z ##[endgroup]
2025-01-06T14:15:00.8455845Z Adding conda-forge to condarc channels ...
2025-01-06T14:15:00.8465456Z ##[group]Initialize micromamba for bash.
2025-01-06T14:15:00.8481969Z [command]/home/runner/micromamba-bin/micromamba shell init -s bash -r /home/runner/micromamba --log-level warning --rc-file /home/runner/work/_temp/setup-micromamba/.condarc
2025-01-06T14:15:00.8646423Z Modifying RC file "/home/runner/.bashrc"
2025-01-06T14:15:00.8647540Z Generating config for root prefix [1m"/home/runner/micromamba"[0m
2025-01-06T14:15:00.8648166Z Setting mamba executable to: [1m"/home/runner/micromamba-bin/micromamba"[0m
2025-01-06T14:15:00.8648803Z Adding (or replacing) the following in your "/home/runner/.bashrc" file
2025-01-06T14:15:00.8649085Z 
2025-01-06T14:15:00.8649179Z # >>> mamba initialize >>>
2025-01-06T14:15:00.8649476Z # !! Contents within this block are managed by 'mamba init' !!
2025-01-06T14:15:00.8649867Z export MAMBA_EXE='/home/runner/micromamba-bin/micromamba';
2025-01-06T14:15:00.8650225Z export MAMBA_ROOT_PREFIX='/home/runner/micromamba';
2025-01-06T14:15:00.8650710Z __mamba_setup="$("$MAMBA_EXE" shell hook --shell bash --root-prefix "$MAMBA_ROOT_PREFIX" 2> /dev/null)"
2025-01-06T14:15:00.8651471Z if [ $? -eq 0 ]; then
2025-01-06T14:15:00.8651684Z     eval "$__mamba_setup"
2025-01-06T14:15:00.8651892Z else
2025-01-06T14:15:00.8652344Z     alias micromamba="$MAMBA_EXE"  # Fallback on help from mamba activate
2025-01-06T14:15:00.8652695Z fi
2025-01-06T14:15:00.8652867Z unset __mamba_setup
2025-01-06T14:15:00.8653067Z # <<< mamba initialize <<<
2025-01-06T14:15:00.8653205Z 
2025-01-06T14:15:00.8665031Z Moving mamba initialize block to .bash_profile
2025-01-06T14:15:00.8734484Z ##[endgroup]
2025-01-06T14:15:00.8735741Z ##[group]Restoring downloads from `/home/runner/micromamba/pkgs` ...
2025-01-06T14:15:02.0065313Z Received 285212672 of 356800233 (79.9%), 269.8 MBs/sec
2025-01-06T14:15:02.1712472Z Cache Size: ~340 MB (356800233 B)
2025-01-06T14:15:02.1776088Z [command]/usr/bin/tar -xf /home/runner/work/_temp/aa66da90-eaf5-4013-b622-8fa8e6f3549c/cache.tzst -P -C /home/runner/work/tardis/tardis --use-compress-program unzstd
2025-01-06T14:15:02.6521123Z Cache restored successfully
2025-01-06T14:15:02.7229306Z Restored cache with key `d7cd390425b0fd3cf82649dcc003efba9915fb4928f15d342148c3ccffcbe2ee-linux-64`
2025-01-06T14:15:02.7231327Z ##[endgroup]
2025-01-06T14:15:02.7240903Z ##[group]Restoring environment `tardis` from `/home/runner/micromamba/envs/tardis` ...
2025-01-06T14:15:03.0061012Z Received 356800233 of 356800233 (100.0%), 169.5 MBs/sec
2025-01-06T14:15:03.8099904Z Received 369098752 of 444592193 (83.0%), 350.2 MBs/sec
2025-01-06T14:15:03.9673543Z Cache Size: ~424 MB (444592193 B)
2025-01-06T14:15:03.9713007Z [command]/usr/bin/tar -xf /home/runner/work/_temp/c0e4af2e-c292-4ca9-bcf6-5da61c9e5c41/cache.tzst -P -C /home/runner/work/tardis/tardis --use-compress-program unzstd
2025-01-06T14:15:04.8097883Z Received 444592193 of 444592193 (100.0%), 211.4 MBs/sec
2025-01-06T14:15:09.4789066Z Cache restored successfully
2025-01-06T14:15:09.5551331Z Restored cache with key `d7cd390425b0fd3cf82649dcc003efba9915fb4928f15d342148c3ccffcbe2ee-linux-64-tardis-args-4f53cda-root-dcc80ee-bin-[object Promise]-file-d7cd390425b0fd3cf82649dcc003efba9915fb4928f15d342148c3ccffcbe2ee`
2025-01-06T14:15:09.5553183Z ##[endgroup]
2025-01-06T14:15:09.5553544Z Adding environment tardis to auto-activate bash ...
2025-01-06T14:15:09.5561841Z Generating micromamba run shell.
2025-01-06T14:15:09.5572390Z ##[endgroup]
2025-01-06T14:15:09.5578337Z Set environment variables.
2025-01-06T14:15:09.5582047Z ##[group]micromamba info
2025-01-06T14:15:09.5585230Z [command]/home/runner/micromamba-bin/micromamba info -r /home/runner/micromamba -n tardis
2025-01-06T14:15:09.5813763Z 
2025-01-06T14:15:09.5814465Z        libmamba version : 1.5.10
2025-01-06T14:15:09.5815143Z      micromamba version : 1.5.10
2025-01-06T14:15:09.5815807Z            curl version : libcurl/8.10.1 OpenSSL/3.3.2 zlib/1.3.1 zstd/1.5.6 libssh2/1.11.0 nghttp2/1.58.0
2025-01-06T14:15:09.5816640Z      libarchive version : libarchive 3.7.4 zlib/1.2.13 bz2lib/1.0.8 libzstd/1.5.6
2025-01-06T14:15:09.5817275Z        envs directories : /home/runner/micromamba/envs
2025-01-06T14:15:09.5817799Z           package cache : /home/runner/micromamba/pkgs
2025-01-06T14:15:09.5818257Z                           /home/runner/.mamba/pkgs
2025-01-06T14:15:09.5818530Z             environment : tardis
2025-01-06T14:15:09.5818829Z            env location : /home/runner/micromamba/envs/tardis
2025-01-06T14:15:09.5819143Z       user config files : /home/runner/.mambarc
2025-01-06T14:15:09.5819529Z  populated config files : /home/runner/work/_temp/setup-micromamba/.condarc
2025-01-06T14:15:09.5819907Z        virtual packages : __unix=0=0
2025-01-06T14:15:09.5820155Z                           __linux=6.8.0=0
2025-01-06T14:15:09.5820398Z                           __glibc=2.39=0
2025-01-06T14:15:09.5820649Z                           __archspec=1=x86_64_v3
2025-01-06T14:15:09.5820995Z                channels : https://conda.anaconda.org/conda-forge/linux-64
2025-01-06T14:15:09.5821562Z                           https://conda.anaconda.org/conda-forge/noarch
2025-01-06T14:15:09.5822161Z        base environment : /home/runner/micromamba
2025-01-06T14:15:09.5822446Z                platform : linux-64
2025-01-06T14:15:09.5830508Z ##[endgroup]
2025-01-06T14:15:09.5831484Z ##[group]micromamba list
2025-01-06T14:15:09.5832640Z [command]/home/runner/micromamba-bin/micromamba list -r /home/runner/micromamba -n tardis
2025-01-06T14:15:09.9780186Z List of packages in environment: "/home/runner/micromamba/envs/tardis"
2025-01-06T14:15:09.9780712Z 
2025-01-06T14:15:09.9780960Z   Name                           Version              Build                    Channel    
2025-01-06T14:15:09.9781989Z ────────────────────────────────────────────────────────────────────────────────────────────
2025-01-06T14:15:09.9782661Z   _libgcc_mutex                  0.1                  conda_forge              conda-forge
2025-01-06T14:15:09.9783330Z   _openmp_mutex                  4.5                  2_gnu                    conda-forge
2025-01-06T14:15:09.9783990Z   alabaster                      0.7.16               pyhd8ed1ab_0             conda-forge
2025-01-06T14:15:09.9784560Z   anyio                          4.4.0                pyhd8ed1ab_0             conda-forge
2025-01-06T14:15:09.9785359Z   argon2-cffi                    23.1.0               pyhd8ed1ab_0             conda-forge
2025-01-06T14:15:09.9786027Z   argon2-cffi-bindings           21.2.0               py312h98912ed_4          conda-forge
2025-01-06T14:15:09.9786625Z   arrow                          1.3.0                pyhd8ed1ab_0             conda-forge
2025-01-06T14:15:09.9787149Z   astropy                        6.1.1                py312h085067d_0          conda-forge
2025-01-06T14:15:09.9787769Z   astropy-iers-data              0.2024.6.17.0.31.35  pyhd8ed1ab_0             conda-forge
2025-01-06T14:15:09.9788521Z   astropy-sphinx-theme           1.1                  pyhd8ed1ab_0             conda-forge
2025-01-06T14:15:09.9789334Z   asttokens                      2.4.1                pyhd8ed1ab_0             conda-forge
2025-01-06T14:15:09.9789952Z   async-lru                      2.0.4                pyhd8ed1ab_0             conda-forge
2025-01-06T14:15:09.9790526Z   atk-1.0                        2.38.0               h04ea711_2               conda-forge
2025-01-06T14:15:09.9791058Z   attrs                          23.2.0               pyh71513ae_0             conda-forge
2025-01-06T14:15:09.9791644Z   babel                          2.14.0               pyhd8ed1ab_0             conda-forge
2025-01-06T14:15:09.9792201Z   beautifulsoup4                 4.12.3               pyha770c72_0             conda-forge
2025-01-06T14:15:09.9792781Z   bleach                         6.1.0                pyhd8ed1ab_0             conda-forge
2025-01-06T14:15:09.9793244Z   blosc                          1.21.5               hc2324a3_1               conda-forge
2025-01-06T14:15:09.9793594Z   brotli                         1.1.0                hd590300_1               conda-forge
2025-01-06T14:15:09.9793965Z   brotli-bin                     1.1.0                hd590300_1               conda-forge
2025-01-06T14:15:09.9794352Z   brotli-python                  1.1.0                py312h30efb56_1          conda-forge
2025-01-06T14:15:09.9794718Z   bzip2                          1.0.8                hd590300_5               conda-forge
2025-01-06T14:15:09.9795299Z   c-ares                         1.28.1               hd590300_0               conda-forge
2025-01-06T14:15:09.9795655Z   c-blosc2                       2.14.4               hb4ffafa_1               conda-forge
2025-01-06T14:15:09.9796041Z   ca-certificates                2024.6.2             hbcca054_0               conda-forge
2025-01-06T14:15:09.9796451Z   cached-property                1.5.2                hd8ed1ab_1               conda-forge
2025-01-06T14:15:09.9796869Z   cached_property                1.5.2                pyha770c72_1             conda-forge
2025-01-06T14:15:09.9797240Z   cairo                          1.18.0               h3faef2a_0               conda-forge
2025-01-06T14:15:09.9797894Z   certifi                        2024.6.2             pyhd8ed1ab_0             conda-forge
2025-01-06T14:15:09.9798376Z   cffi                           1.16.0               py312hf06ca03_0          conda-forge
2025-01-06T14:15:09.9798819Z   charset-normalizer             3.3.2                pyhd8ed1ab_0             conda-forge
2025-01-06T14:15:09.9799197Z   click                          8.1.7                unix_pyh707e725_0        conda-forge
2025-01-06T14:15:09.9799551Z   codespell                      2.3.0                pyhd8ed1ab_0             conda-forge
2025-01-06T14:15:09.9799911Z   colorama                       0.4.6                pyhd8ed1ab_0             conda-forge
2025-01-06T14:15:09.9800259Z   comm                           0.2.2                pyhd8ed1ab_0             conda-forge
2025-01-06T14:15:09.9800605Z   commonmark                     0.9.1                py_0                     conda-forge
2025-01-06T14:15:09.9800966Z   contourpy                      1.2.1                py312h8572e83_0          conda-forge
2025-01-06T14:15:09.9801326Z   coverage                       7.5.3                py312h9a8786e_0          conda-forge
2025-01-06T14:15:09.9801678Z   cycler                         0.12.1               pyhd8ed1ab_0             conda-forge
2025-01-06T14:15:09.9802033Z   dataclasses                    0.8                  pyhc8e2a94_3             conda-forge
2025-01-06T14:15:09.9802394Z   debugpy                        1.8.1                py312h30efb56_0          conda-forge
2025-01-06T14:15:09.9802751Z   decorator                      5.1.1                pyhd8ed1ab_0             conda-forge
2025-01-06T14:15:09.9803114Z   defusedxml                     0.7.1                pyhd8ed1ab_0             conda-forge
2025-01-06T14:15:09.9803471Z   docutils                       0.20.1               py312h7900ff3_3          conda-forge
2025-01-06T14:15:09.9803819Z   dot2tex                        2.11.3               pyhd8ed1ab_0             conda-forge
2025-01-06T14:15:09.9804183Z   entrypoints                    0.4                  pyhd8ed1ab_0             conda-forge
2025-01-06T14:15:09.9804567Z   exceptiongroup                 1.2.0                pyhd8ed1ab_2             conda-forge
2025-01-06T14:15:09.9805121Z   executing                      2.0.1                pyhd8ed1ab_0             conda-forge
2025-01-06T14:15:09.9805482Z   expat                          2.6.2                h59595ed_0               conda-forge
2025-01-06T14:15:09.9805869Z   font-ttf-dejavu-sans-mono      2.37                 hab24e00_0               conda-forge
2025-01-06T14:15:09.9806314Z   font-ttf-inconsolata           3.000                h77eed37_0               conda-forge
2025-01-06T14:15:09.9806761Z   font-ttf-source-code-pro       2.038                h77eed37_0               conda-forge
2025-01-06T14:15:09.9807178Z   font-ttf-ubuntu                0.83                 h77eed37_2               conda-forge
2025-01-06T14:15:09.9807552Z   fontconfig                     2.14.2               h14ed4e7_0               conda-forge
2025-01-06T14:15:09.9807952Z   fonts-conda-ecosystem          1                    0                        conda-forge
2025-01-06T14:15:09.9808366Z   fonts-conda-forge              1                    0                        conda-forge
2025-01-06T14:15:09.9808748Z   fonttools                      4.53.0               py312h9a8786e_0          conda-forge
2025-01-06T14:15:09.9809092Z   fqdn                           1.5.1                pyhd8ed1ab_0             conda-forge
2025-01-06T14:15:09.9809431Z   freetype                       2.12.1               h267a509_2               conda-forge
2025-01-06T14:15:09.9809781Z   fribidi                        1.0.10               h36c2ea0_0               conda-forge
2025-01-06T14:15:09.9810125Z   future                         1.0.0                pyhd8ed1ab_0             conda-forge
2025-01-06T14:15:09.9810477Z   gdk-pixbuf                     2.42.12              hb9ae30d_0               conda-forge
2025-01-06T14:15:09.9810959Z   giflib                         5.2.2                hd590300_0               conda-forge
2025-01-06T14:15:09.9811393Z   git-lfs                        3.5.1                ha770c72_0               conda-forge
2025-01-06T14:15:09.9811718Z   gmp                            6.3.0                h59595ed_1               conda-forge
2025-01-06T14:15:09.9812038Z   gmpy2                          2.1.5                py312h1d5cde6_1          conda-forge
2025-01-06T14:15:09.9812385Z   graphite2                      1.3.13               h59595ed_1003            conda-forge
2025-01-06T14:15:09.9812740Z   graphviz                       11.0.0               hc68bbd7_0               conda-forge
2025-01-06T14:15:09.9813084Z   gtk2                           2.24.33              h280cfa0_4               conda-forge
2025-01-06T14:15:09.9813400Z   gts                            0.7.6                h977cf35_4               conda-forge
2025-01-06T14:15:09.9813716Z   h11                            0.14.0               pyhd8ed1ab_0             conda-forge
2025-01-06T14:15:09.9814044Z   h2                             4.1.0                pyhd8ed1ab_0             conda-forge
2025-01-06T14:15:09.9814372Z   h5py                           3.11.0               nompi_py312hb7ab980_102  conda-forge
2025-01-06T14:15:09.9814717Z   harfbuzz                       8.5.0                hfac3d4d_0               conda-forge
2025-01-06T14:15:09.9815220Z   hdf5                           1.14.3               nompi_hdf9ad27_105       conda-forge
2025-01-06T14:15:09.9815552Z   hpack                          4.0.0                pyh9f0ad1d_0             conda-forge
2025-01-06T14:15:09.9815896Z   httpcore                       1.0.5                pyhd8ed1ab_0             conda-forge
2025-01-06T14:15:09.9816304Z   httpx                          0.27.0               pyhd8ed1ab_0             conda-forge
2025-01-06T14:15:09.9816928Z   hyperframe                     6.0.1                pyhd8ed1ab_0             conda-forge
2025-01-06T14:15:09.9817488Z   icu                            73.2                 h59595ed_0               conda-forge
2025-01-06T14:15:09.9817816Z   idna                           3.7                  pyhd8ed1ab_0             conda-forge
2025-01-06T14:15:09.9818160Z   imagesize                      1.4.1                pyhd8ed1ab_0             conda-forge
2025-01-06T14:15:09.9818583Z   importlib-metadata             7.1.0                pyha770c72_0             conda-forge
2025-01-06T14:15:09.9819276Z   importlib_metadata             7.1.0                hd8ed1ab_0               conda-forge
2025-01-06T14:15:09.9819909Z   importlib_resources            6.4.0                pyhd8ed1ab_0             conda-forge
2025-01-06T14:15:09.9820484Z   iniconfig                      2.0.0                pyhd8ed1ab_0             conda-forge
2025-01-06T14:15:09.9821091Z   ipykernel                      6.29.4               pyh3099207_0             conda-forge
2025-01-06T14:15:09.9821718Z   ipython                        8.25.0               pyh707e725_0             conda-forge
2025-01-06T14:15:09.9822408Z   ipython_genutils               0.2.0                pyhd8ed1ab_1             conda-forge
2025-01-06T14:15:09.9823079Z   ipywidgets                     7.8.0                pyhd8ed1ab_0             conda-forge
2025-01-06T14:15:09.9823715Z   isoduration                    20.11.0              pyhd8ed1ab_0             conda-forge
2025-01-06T14:15:09.9824324Z   jedi                           0.19.1               pyhd8ed1ab_0             conda-forge
2025-01-06T14:15:09.9824996Z   jinja2                         3.1.4                pyhd8ed1ab_0             conda-forge
2025-01-06T14:15:09.9825596Z   json5                          0.9.25               pyhd8ed1ab_0             conda-forge
2025-01-06T14:15:09.9826247Z   jsonpointer                    3.0.0                py312h7900ff3_0          conda-forge
2025-01-06T14:15:09.9826889Z   jsonschema                     4.22.0               pyhd8ed1ab_0             conda-forge
2025-01-06T14:15:09.9827795Z   jsonschema-specifications      2023.12.1            pyhd8ed1ab_0             conda-forge
2025-01-06T14:15:09.9828849Z   jsonschema-with-format-nongpl  4.22.0               pyhd8ed1ab_0             conda-forge
2025-01-06T14:15:09.9829592Z   jupyter-lsp                    2.2.5                pyhd8ed1ab_0             conda-forge
2025-01-06T14:15:09.9830189Z   jupyter_client                 8.6.2                pyhd8ed1ab_0             conda-forge
2025-01-06T14:15:09.9830831Z   jupyter_core                   5.7.2                py312h7900ff3_0          conda-forge
2025-01-06T14:15:09.9831411Z   jupyter_events                 0.10.0               pyhd8ed1ab_0             conda-forge
2025-01-06T14:15:09.9832035Z   jupyter_server                 2.14.1               pyhd8ed1ab_0             conda-forge
2025-01-06T14:15:09.9832742Z   jupyter_server_terminals       0.5.3                pyhd8ed1ab_0             conda-forge
2025-01-06T14:15:09.9833398Z   jupyterlab                     4.2.2                pyhd8ed1ab_0             conda-forge
2025-01-06T14:15:09.9834029Z   jupyterlab_pygments            0.3.0                pyhd8ed1ab_1             conda-forge
2025-01-06T14:15:09.9834714Z   jupyterlab_server              2.27.2               pyhd8ed1ab_0             conda-forge
2025-01-06T14:15:09.9835411Z   jupyterlab_widgets             1.1.7                pyhd8ed1ab_0             conda-forge
2025-01-06T14:15:09.9835794Z   keyutils                       1.6.1                h166bdaf_0               conda-forge
2025-01-06T14:15:09.9836159Z   kiwisolver                     1.4.5                py312h8572e83_1          conda-forge
2025-01-06T14:15:09.9836503Z   krb5                           1.21.2               h659d440_0               conda-forge
2025-01-06T14:15:09.9836848Z   latexcodec                     2.0.1                pyh9f0ad1d_0             conda-forge
2025-01-06T14:15:09.9837525Z   lcms2                          2.16                 hb7c19ff_0               conda-forge
2025-01-06T14:15:09.9838000Z   ld_impl_linux-64               2.40                 hf3520f5_7               conda-forge
2025-01-06T14:15:09.9838437Z   lerc                           4.0.0                h27087fc_0               conda-forge
2025-01-06T14:15:09.9838923Z   libaec                         1.1.3                h59595ed_0               conda-forge
2025-01-06T14:15:09.9839361Z   libblas                        3.9.0                22_linux64_openblas      conda-forge
2025-01-06T14:15:09.9839827Z   libbrotlicommon                1.1.0                hd590300_1               conda-forge
2025-01-06T14:15:09.9840401Z   libbrotlidec                   1.1.0                hd590300_1               conda-forge
2025-01-06T14:15:09.9873417Z   libbrotlienc                   1.1.0                hd590300_1               conda-forge
2025-01-06T14:15:09.9873927Z   libcblas                       3.9.0                22_linux64_openblas      conda-forge
2025-01-06T14:15:09.9874390Z   libcurl                        8.8.0                hca28451_0               conda-forge
2025-01-06T14:15:09.9875211Z   libdeflate                     1.20                 hd590300_0               conda-forge
2025-01-06T14:15:09.9875845Z   libedit                        3.1.20191231         he28a2e2_2               conda-forge
2025-01-06T14:15:09.9876439Z   libev                          4.33                 hd590300_2               conda-forge
2025-01-06T14:15:09.9877073Z   libexpat                       2.6.2                h59595ed_0               conda-forge
2025-01-06T14:15:09.9877773Z   libffi                         3.4.2                h7f98852_5               conda-forge
2025-01-06T14:15:09.9878416Z   libgcc-ng                      13.2.0               h77fa898_10              conda-forge
2025-01-06T14:15:09.9879035Z   libgd                          2.3.3                h119a65a_9               conda-forge
2025-01-06T14:15:09.9879678Z   libgfortran-ng                 13.2.0               h69a702a_10              conda-forge
2025-01-06T14:15:09.9880770Z   libgfortran5                   13.2.0               h3d2ce59_10              conda-forge
2025-01-06T14:15:09.9881614Z   libglib                        2.80.2               h8a4344b_1               conda-forge
2025-01-06T14:15:09.9882259Z   libgomp                        13.2.0               h77fa898_10              conda-forge
2025-01-06T14:15:09.9882887Z   libiconv                       1.17                 hd590300_2               conda-forge
2025-01-06T14:15:09.9883547Z   libjpeg-turbo                  3.0.0                hd590300_1               conda-forge
2025-01-06T14:15:09.9884229Z   liblapack                      3.9.0                22_linux64_openblas      conda-forge
2025-01-06T14:15:09.9885084Z   libllvm14                      14.0.6               hcd5def8_4               conda-forge
2025-01-06T14:15:09.9885787Z   libnghttp2                     1.58.0               h47da74e_1               conda-forge
2025-01-06T14:15:09.9886428Z   libnsl                         2.0.1                hd590300_0               conda-forge
2025-01-06T14:15:09.9887094Z   libopenblas                    0.3.27               pthreads_h413a1c8_0      conda-forge
2025-01-06T14:15:09.9887767Z   libpng                         1.6.43               h2797004_0               conda-forge
2025-01-06T14:15:09.9888402Z   librsvg                        2.58.1               hadf69e7_0               conda-forge
2025-01-06T14:15:09.9889064Z   libsodium                      1.0.18               h36c2ea0_1               conda-forge
2025-01-06T14:15:09.9889718Z   libsqlite                      3.46.0               hde9e2c9_0               conda-forge
2025-01-06T14:15:09.9890354Z   libssh2                        1.11.0               h0841786_0               conda-forge
2025-01-06T14:15:09.9891008Z   libstdcxx-ng                   13.2.0               hc0a3c3a_10              conda-forge
2025-01-06T14:15:09.9891658Z   libtiff                        4.6.0                h1dd3fc0_3               conda-forge
2025-01-06T14:15:09.9892195Z   libuuid                        2.38.1               h0b41bf4_0               conda-forge
2025-01-06T14:15:09.9892561Z   libwebp                        1.4.0                h2c329e2_0               conda-forge
2025-01-06T14:15:09.9892931Z   libwebp-base                   1.4.0                hd590300_0               conda-forge
2025-01-06T14:15:09.9893299Z   libxcb                         1.15                 h0b41bf4_0               conda-forge
2025-01-06T14:15:09.9893650Z   libxcrypt                      4.4.36               hd590300_1               conda-forge
2025-01-06T14:15:09.9894004Z   libxml2                        2.12.7               hc051c1a_1               conda-forge
2025-01-06T14:15:09.9894345Z   libxslt                        1.1.39               h76b75d6_0               conda-forge
2025-01-06T14:15:09.9894685Z   libzlib                        1.3.1                h4ab18f5_1               conda-forge
2025-01-06T14:15:09.9895259Z   llvmlite                       0.42.0               py312hb06c811_1          conda-forge
2025-01-06T14:15:09.9895625Z   lxml                           5.2.2                py312hb90d8a5_0          conda-forge
2025-01-06T14:15:09.9895961Z   lz4-c                          1.9.4                hcb278e6_0               conda-forge
2025-01-06T14:15:09.9896284Z   lzo                            2.10                 hd590300_1001            conda-forge
2025-01-06T14:15:09.9896631Z   markupsafe                     2.1.5                py312h98912ed_0          conda-forge
2025-01-06T14:15:09.9897013Z   matplotlib-base                3.8.4                py312h20ab3a6_2          conda-forge
2025-01-06T14:15:09.9897422Z   matplotlib-inline              0.1.7                pyhd8ed1ab_0             conda-forge
2025-01-06T14:15:09.9897811Z   mistune                        3.0.2                pyhd8ed1ab_0             conda-forge
2025-01-06T14:15:09.9898143Z   mpc                            1.3.1                hfe3b2da_0               conda-forge
2025-01-06T14:15:09.9898459Z   mpfr                           4.2.1                h9458935_1               conda-forge
2025-01-06T14:15:09.9898989Z   mpmath                         1.3.0                pyhd8ed1ab_0             conda-forge
2025-01-06T14:15:09.9899440Z   munkres                        1.1.4                pyh9f0ad1d_0             conda-forge
2025-01-06T14:15:09.9899812Z   mypy_extensions                1.0.0                pyha770c72_0             conda-forge
2025-01-06T14:15:09.9900189Z   nbclassic                      1.1.0                pyhd8ed1ab_0             conda-forge
2025-01-06T14:15:09.9900543Z   nbclient                       0.10.0               pyhd8ed1ab_0             conda-forge
2025-01-06T14:15:09.9900904Z   nbconvert                      7.16.4               hd8ed1ab_1               conda-forge
2025-01-06T14:15:09.9901279Z   nbconvert-core                 7.16.4               pyhd8ed1ab_1             conda-forge
2025-01-06T14:15:09.9901678Z   nbconvert-pandoc               7.16.4               hd8ed1ab_1               conda-forge
2025-01-06T14:15:09.9902072Z   nbformat                       5.10.4               pyhd8ed1ab_0             conda-forge
2025-01-06T14:15:09.9902428Z   nbsphinx                       0.9.4                pyhd8ed1ab_0             conda-forge
2025-01-06T14:15:09.9902771Z   ncurses                        6.5                  h59595ed_0               conda-forge
2025-01-06T14:15:09.9903127Z   nest-asyncio                   1.6.0                pyhd8ed1ab_0             conda-forge
2025-01-06T14:15:09.9903494Z   networkx                       3.3                  pyhd8ed1ab_1             conda-forge
2025-01-06T14:15:09.9903825Z   nomkl                          1.0                  h5ca1d4c_0               conda-forge
2025-01-06T14:15:09.9904162Z   notebook                       7.2.1                pyhd8ed1ab_0             conda-forge
2025-01-06T14:15:09.9904523Z   notebook-shim                  0.2.4                pyhd8ed1ab_0             conda-forge
2025-01-06T14:15:09.9905041Z   numba                          0.59.1               py312hacefee8_0          conda-forge
2025-01-06T14:15:09.9905397Z   numexpr                        2.10.0               py312hf412c99_100        conda-forge
2025-01-06T14:15:09.9905746Z   numpy                          1.26.4               py312heda63a1_0          conda-forge
2025-01-06T14:15:09.9906081Z   numpydoc                       1.7.0                pyhd8ed1ab_1             conda-forge
2025-01-06T14:15:09.9906427Z   openjpeg                       2.5.2                h488ebb8_0               conda-forge
2025-01-06T14:15:09.9906763Z   openssl                        3.3.1                h4ab18f5_0               conda-forge
2025-01-06T14:15:09.9907128Z   overrides                      7.7.0                pyhd8ed1ab_0             conda-forge
2025-01-06T14:15:09.9907492Z   packaging                      24.1                 pyhd8ed1ab_0             conda-forge
2025-01-06T14:15:09.9907840Z   pandas                         2.2.2                py312h1d6d2e6_1          conda-forge
2025-01-06T14:15:09.9908176Z   pandoc                         3.2                  ha770c72_0               conda-forge
2025-01-06T14:15:09.9908537Z   pandocfilters                  1.5.0                pyhd8ed1ab_0             conda-forge
2025-01-06T14:15:09.9908895Z   pango                          1.54.0               h84a9a3c_0               conda-forge
2025-01-06T14:15:09.9909222Z   parso                          0.8.4                pyhd8ed1ab_0             conda-forge
2025-01-06T14:15:09.9909567Z   pathspec                       0.12.1               pyhd8ed1ab_0             conda-forge
2025-01-06T14:15:09.9909914Z   pbr                            6.0.0                pyhd8ed1ab_0             conda-forge
2025-01-06T14:15:09.9910235Z   pcre2                          10.44                h0f59acf_0               conda-forge
2025-01-06T14:15:09.9910571Z   pexpect                        4.9.0                pyhd8ed1ab_0             conda-forge
2025-01-06T14:15:09.9910933Z   pickleshare                    0.7.5                py_1003                  conda-forge
2025-01-06T14:15:09.9911422Z   pillow                         10.3.0               py312hdcec9eb_0          conda-forge
2025-01-06T14:15:09.9911852Z   pip                            24.0                 pyhd8ed1ab_0             conda-forge
2025-01-06T14:15:09.9912180Z   pixman                         0.43.2               h59595ed_0               conda-forge
2025-01-06T14:15:09.9912563Z   pkgutil-resolve-name           1.3.10               pyhd8ed1ab_1             conda-forge
2025-01-06T14:15:09.9912976Z   platformdirs                   4.2.2                pyhd8ed1ab_0             conda-forge
2025-01-06T14:15:09.9913338Z   plotly                         5.22.0               pyhd8ed1ab_0             conda-forge
2025-01-06T14:15:09.9913674Z   pluggy                         1.5.0                pyhd8ed1ab_0             conda-forge
2025-01-06T14:15:09.9914060Z   prometheus_client              0.20.0               pyhd8ed1ab_0             conda-forge
2025-01-06T14:15:09.9914472Z   prompt-toolkit                 3.0.47               pyha770c72_0             conda-forge
2025-01-06T14:15:09.9914845Z   psutil                         5.9.8                py312h98912ed_0          conda-forge
2025-01-06T14:15:09.9915382Z   pthread-stubs                  0.4                  h36c2ea0_1001            conda-forge
2025-01-06T14:15:09.9915765Z   ptyprocess                     0.7.0                pyhd3deb0d_0             conda-forge
2025-01-06T14:15:09.9916123Z   pure_eval                      0.2.2                pyhd8ed1ab_0             conda-forge
2025-01-06T14:15:09.9916477Z   py-cpuinfo                     9.0.0                pyhd8ed1ab_0             conda-forge
2025-01-06T14:15:09.9916830Z   pybtex                         0.24.0               pyhd8ed1ab_2             conda-forge
2025-01-06T14:15:09.9917208Z   pybtex-docutils                1.0.3                py312h7900ff3_1          conda-forge
2025-01-06T14:15:09.9917598Z   pycparser                      2.22                 pyhd8ed1ab_0             conda-forge
2025-01-06T14:15:09.9917958Z   pyerfa                         2.0.1.4              py312h085067d_1          conda-forge
2025-01-06T14:15:09.9918316Z   pygments                       2.18.0               pyhd8ed1ab_0             conda-forge
2025-01-06T14:15:09.9918677Z   pygraphviz                     1.13                 py312h4a1d8a7_1          conda-forge
2025-01-06T14:15:09.9919042Z   pyparsing                      3.1.2                pyhd8ed1ab_0             conda-forge
2025-01-06T14:15:09.9919394Z   pysocks                        1.7.1                pyha2e5f31_6             conda-forge
2025-01-06T14:15:09.9919743Z   pytables                       3.9.2                py312h96d95ec_2          conda-forge
2025-01-06T14:15:09.9920088Z   pytest                         8.2.2                pyhd8ed1ab_0             conda-forge
2025-01-06T14:15:09.9920450Z   pytest-cov                     5.0.0                pyhd8ed1ab_0             conda-forge
2025-01-06T14:15:09.9920846Z   pytest-doctestplus             1.2.1                pyhd8ed1ab_0             conda-forge
2025-01-06T14:15:09.9921247Z   pytest-html                    4.1.1                pyhd8ed1ab_0             conda-forge
2025-01-06T14:15:09.9921627Z   pytest-metadata                3.1.1                pyhd8ed1ab_0             conda-forge
2025-01-06T14:15:09.9922001Z   python                         3.12.4               h194c7f8_0_cpython       conda-forge
2025-01-06T14:15:09.9922371Z   python-dateutil                2.9.0                pyhd8ed1ab_0             conda-forge
2025-01-06T14:15:09.9922792Z   python-fastjsonschema          2.20.0               pyhd8ed1ab_0             conda-forge
2025-01-06T14:15:09.9923221Z   python-json-logger             2.0.7                pyhd8ed1ab_0             conda-forge
2025-01-06T14:15:09.9923625Z   python-tzdata                  2024.1               pyhd8ed1ab_0             conda-forge
2025-01-06T14:15:09.9924010Z   python_abi                     3.12                 4_cp312                  conda-forge
2025-01-06T14:15:09.9924481Z   pytz                           2024.1               pyhd8ed1ab_0             conda-forge
2025-01-06T14:15:09.9925191Z   pyyaml                         6.0.1                py312h98912ed_1          conda-forge
2025-01-06T14:15:09.9925818Z   pyzmq                          26.0.3               py312h8fd38d8_0          conda-forge
2025-01-06T14:15:09.9926400Z   qgrid                          1.3.1                pyhd8ed1ab_4             conda-forge
2025-01-06T14:15:09.9927039Z   radioactivedecay               0.5.1                pyhd8ed1ab_0             conda-forge
2025-01-06T14:15:09.9927603Z   readline                       8.2                  h8228510_1               conda-forge
2025-01-06T14:15:09.9928007Z   recommonmark                   0.7.1                pyhd8ed1ab_0             conda-forge
2025-01-06T14:15:09.9928391Z   referencing                    0.35.1               pyhd8ed1ab_0             conda-forge
2025-01-06T14:15:09.9928765Z   requests                       2.32.3               pyhd8ed1ab_0             conda-forge
2025-01-06T14:15:09.9929151Z   rfc3339-validator              0.1.4                pyhd8ed1ab_0             conda-forge
2025-01-06T14:15:09.9929554Z   rfc3986-validator              0.1.1                pyh9f0ad1d_0             conda-forge
2025-01-06T14:15:09.9929927Z   rpds-py                        0.18.1               py312h4413252_0          conda-forge
2025-01-06T14:15:09.9930265Z   ruff                           0.4.9                py312h5715c7c_0          conda-forge
2025-01-06T14:15:09.9930607Z   scipy                          1.13.1               py312hc2bc53b_0          conda-forge
2025-01-06T14:15:09.9930970Z   send2trash                     1.8.3                pyh0d859eb_0             conda-forge
2025-01-06T14:15:09.9931338Z   setuptools                     70.0.0               pyhd8ed1ab_0             conda-forge
2025-01-06T14:15:09.9931724Z   setuptools-scm                 8.1.0                pyhd8ed1ab_0             conda-forge
2025-01-06T14:15:09.9932113Z   setuptools_scm                 8.1.0                hd8ed1ab_0               conda-forge
2025-01-06T14:15:09.9932469Z   six                            1.16.0               pyh6c4a22f_0             conda-forge
2025-01-06T14:15:09.9932811Z   snakeviz                       2.2.0                pyhd8ed1ab_0             conda-forge
2025-01-06T14:15:09.9933158Z   snappy                         1.2.0                hdb0a2a9_1               conda-forge
2025-01-06T14:15:09.9933509Z   sniffio                        1.3.1                pyhd8ed1ab_0             conda-forge
2025-01-06T14:15:09.9933884Z   snowballstemmer                2.2.0                pyhd8ed1ab_0             conda-forge
2025-01-06T14:15:09.9934264Z   soupsieve                      2.5                  pyhd8ed1ab_1             conda-forge
2025-01-06T14:15:09.9934615Z   sphinx                         7.3.7                pyhd8ed1ab_0             conda-forge
2025-01-06T14:15:09.9935164Z   sphinx-astropy                 1.9.1                pyhd8ed1ab_0             conda-forge
2025-01-06T14:15:09.9935581Z   sphinx-automodapi              0.17.0               pyh717bed2_1             conda-forge
2025-01-06T14:15:09.9935988Z   sphinx-gallery                 0.16.0               pyhd8ed1ab_0             conda-forge
2025-01-06T14:15:09.9936394Z   sphinx-jsonschema              1.19.1               pyhd8ed1ab_0             conda-forge
2025-01-06T14:15:09.9936817Z   sphinx_bootstrap_theme         0.8.1                pyhd8ed1ab_0             conda-forge
2025-01-06T14:15:09.9937230Z   sphinx_rtd_theme               2.0.0                pyha770c72_0             conda-forge
2025-01-06T14:15:09.9937633Z   sphinxcontrib-apidoc           0.3.0                py_1                     conda-forge
2025-01-06T14:15:09.9938078Z   sphinxcontrib-applehelp        1.0.8                pyhd8ed1ab_0             conda-forge
2025-01-06T14:15:09.9938523Z   sphinxcontrib-bibtex           2.6.2                pyhd8ed1ab_0             conda-forge
2025-01-06T14:15:09.9939146Z   sphinxcontrib-devhelp          1.0.6                pyhd8ed1ab_0             conda-forge
2025-01-06T14:15:09.9939694Z   sphinxcontrib-htmlhelp         2.0.5                pyhd8ed1ab_0             conda-forge
2025-01-06T14:15:09.9940141Z   sphinxcontrib-jquery           4.1                  pyhd8ed1ab_0             conda-forge
2025-01-06T14:15:09.9940569Z   sphinxcontrib-jsmath           1.0.1                pyhd8ed1ab_0             conda-forge
2025-01-06T14:15:09.9940993Z   sphinxcontrib-qthelp           1.0.7                pyhd8ed1ab_0             conda-forge
2025-01-06T14:15:09.9941463Z   sphinxcontrib-serializinghtml  1.1.10               pyhd8ed1ab_0             conda-forge
2025-01-06T14:15:09.9941906Z   stack_data                     0.6.2                pyhd8ed1ab_0             conda-forge
2025-01-06T14:15:09.9942254Z   sympy                          1.12.1               pypyh2585a3b_103         conda-forge
2025-01-06T14:15:09.9942601Z   tabulate                       0.9.0                pyhd8ed1ab_1             conda-forge
2025-01-06T14:15:09.9942968Z   tenacity                       8.4.1                pyhd8ed1ab_0             conda-forge
2025-01-06T14:15:09.9943334Z   terminado                      0.18.1               pyh0d859eb_0             conda-forge
2025-01-06T14:15:09.9943689Z   tinycss2                       1.3.0                pyhd8ed1ab_0             conda-forge
2025-01-06T14:15:09.9944017Z   tk                             8.6.13               noxft_h4845f30_101       conda-forge
2025-01-06T14:15:09.9944338Z   toml                           0.10.2               pyhd8ed1ab_0             conda-forge
2025-01-06T14:15:09.9944702Z   tomli                          2.0.1                pyhd8ed1ab_0             conda-forge
2025-01-06T14:15:09.9945197Z   tornado                        6.4.1                py312h9a8786e_0          conda-forge
2025-01-06T14:15:09.9945531Z   tqdm                           4.66.4               pyhd8ed1ab_0             conda-forge
2025-01-06T14:15:09.9945884Z   traitlets                      5.14.3               pyhd8ed1ab_0             conda-forge
2025-01-06T14:15:09.9946244Z   typed-ast                      1.5.5                py312h98912ed_1          conda-forge
2025-01-06T14:15:09.9946653Z   types-python-dateutil          2.9.0.20240316       pyhd8ed1ab_0             conda-forge
2025-01-06T14:15:09.9947093Z   typing-extensions              4.12.2               hd8ed1ab_0               conda-forge
2025-01-06T14:15:09.9947509Z   typing_extensions              4.12.2               pyha770c72_0             conda-forge
2025-01-06T14:15:09.9947896Z   typing_utils                   0.1.0                pyhd8ed1ab_0             conda-forge
2025-01-06T14:15:09.9948257Z   tzdata                         2024a                h0c530f3_0               conda-forge
2025-01-06T14:15:09.9948624Z   uri-template                   1.3.0                pyhd8ed1ab_0             conda-forge
2025-01-06T14:15:09.9948988Z   urllib3                        2.2.2                pyhd8ed1ab_0             conda-forge
2025-01-06T14:15:09.9949347Z   wcwidth                        0.2.13               pyhd8ed1ab_0             conda-forge
2025-01-06T14:15:09.9949707Z   webcolors                      24.6.0               pyhd8ed1ab_0             conda-forge
2025-01-06T14:15:09.9950080Z   webencodings                   0.5.1                pyhd8ed1ab_2             conda-forge
2025-01-06T14:15:09.9950474Z   websocket-client               1.8.0                pyhd8ed1ab_0             conda-forge
2025-01-06T14:15:09.9950845Z   wheel                          0.43.0               pyhd8ed1ab_1             conda-forge
2025-01-06T14:15:09.9951219Z   widgetsnbextension             3.6.6                pyhd8ed1ab_0             conda-forge
2025-01-06T14:15:09.9951620Z   xorg-kbproto                   1.0.7                h7f98852_1002            conda-forge
2025-01-06T14:15:09.9951984Z   xorg-libice                    1.1.1                hd590300_0               conda-forge
2025-01-06T14:15:09.9952472Z   xorg-libsm                     1.2.4                h7391055_0               conda-forge
2025-01-06T14:15:09.9952933Z   xorg-libx11                    1.8.9                h8ee46fc_0               conda-forge
2025-01-06T14:15:09.9953298Z   xorg-libxau                    1.0.11               hd590300_0               conda-forge
2025-01-06T14:15:09.9953666Z   xorg-libxdmcp                  1.1.3                h7f98852_0               conda-forge
2025-01-06T14:15:09.9954039Z   xorg-libxext                   1.3.4                h0b41bf4_2               conda-forge
2025-01-06T14:15:09.9954421Z   xorg-libxrender                0.9.11               hd590300_0               conda-forge
2025-01-06T14:15:09.9954811Z   xorg-renderproto               0.11.1               h7f98852_1002            conda-forge
2025-01-06T14:15:09.9955411Z   xorg-xextproto                 7.3.0                h0b41bf4_1003            conda-forge
2025-01-06T14:15:09.9955799Z   xorg-xproto                    7.0.31               h7f98852_1007            conda-forge
2025-01-06T14:15:09.9956140Z   xz                             5.2.6                h166bdaf_0               conda-forge
2025-01-06T14:15:09.9956463Z   yaml                           0.2.5                h7f98852_2               conda-forge
2025-01-06T14:15:09.9956787Z   zeromq                         4.3.5                h75354e8_4               conda-forge
2025-01-06T14:15:09.9957135Z   zipp                           3.19.2               pyhd8ed1ab_0             conda-forge
2025-01-06T14:15:09.9957461Z   zlib                           1.3.1                h4ab18f5_1               conda-forge
2025-01-06T14:15:09.9957785Z   zlib-ng                        2.0.7                h0b41bf4_0               conda-forge
2025-01-06T14:15:09.9958108Z   zstd                           1.5.6                ha6fb4c9_0               conda-forge
2025-01-06T14:15:09.9958631Z ##[endgroup]
2025-01-06T14:15:09.9989395Z ##[group]Run pip install -e . --user
2025-01-06T14:15:09.9989726Z [36;1mpip install -e . --user[0m
2025-01-06T14:15:10.0018271Z shell: /usr/bin/bash -l {0}
2025-01-06T14:15:10.0018518Z env:
2025-01-06T14:15:10.0018696Z   CACHE_NUMBER: 0
2025-01-06T14:15:10.0019330Z   PYTEST_FLAGS: --tardis-regression-data=/home/runner/work/tardis/tardis/tardis-regression-data --cov=tardis --cov-report=xml --cov-report=html --cov-append
2025-01-06T14:15:10.0020160Z   CODECOV_TOKEN: ***
2025-01-06T14:15:10.0020399Z   MAMBA_ROOT_PREFIX: /home/runner/micromamba
2025-01-06T14:15:10.0020710Z   MAMBA_EXE: /home/runner/micromamba-bin/micromamba
2025-01-06T14:15:10.0021072Z   CONDARC: /home/runner/work/_temp/setup-micromamba/.condarc
2025-01-06T14:15:10.0021378Z ##[endgroup]
2025-01-06T14:15:10.7201568Z Obtaining file:///home/runner/work/tardis/tardis
2025-01-06T14:15:10.7228650Z   Installing build dependencies: started
2025-01-06T14:15:13.4041248Z   Installing build dependencies: finished with status 'done'
2025-01-06T14:15:13.4046664Z   Checking if build backend supports build_editable: started
2025-01-06T14:15:13.5220267Z   Checking if build backend supports build_editable: finished with status 'done'
2025-01-06T14:15:13.5227773Z   Getting requirements to build editable: started
2025-01-06T14:15:13.9683829Z   Getting requirements to build editable: finished with status 'done'
2025-01-06T14:15:13.9692905Z   Preparing editable metadata (pyproject.toml): started
2025-01-06T14:15:14.4188925Z   Preparing editable metadata (pyproject.toml): finished with status 'done'
2025-01-06T14:15:14.4890483Z Requirement already satisfied: astropy in /home/runner/micromamba/envs/tardis/lib/python3.12/site-packages (from tardis==0.0.0) (6.1.1)
2025-01-06T14:15:14.5339029Z Requirement already satisfied: numpy>=1.23 in /home/runner/micromamba/envs/tardis/lib/python3.12/site-packages (from astropy->tardis==0.0.0) (1.26.4)
2025-01-06T14:15:14.5348173Z Requirement already satisfied: pyerfa>=2.0.1.1 in /home/runner/micromamba/envs/tardis/lib/python3.12/site-packages (from astropy->tardis==0.0.0) (2.0.1.4)
2025-01-06T14:15:14.5362101Z Requirement already satisfied: astropy-iers-data>=0.2024.5.27.0.30.8 in /home/runner/micromamba/envs/tardis/lib/python3.12/site-packages (from astropy->tardis==0.0.0) (0.2024.6.17.0.31.35)
2025-01-06T14:15:14.5370964Z Requirement already satisfied: PyYAML>=3.13 in /home/runner/micromamba/envs/tardis/lib/python3.12/site-packages (from astropy->tardis==0.0.0) (6.0.1)
2025-01-06T14:15:14.5381035Z Requirement already satisfied: packaging>=19.0 in /home/runner/micromamba/envs/tardis/lib/python3.12/site-packages (from astropy->tardis==0.0.0) (24.1)
2025-01-06T14:15:14.5468386Z Building wheels for collected packages: tardis
2025-01-06T14:15:14.5477504Z   Building editable for tardis (pyproject.toml): started
2025-01-06T14:15:15.3919756Z   Building editable for tardis (pyproject.toml): finished with status 'done'
2025-01-06T14:15:15.3926285Z   Created wheel for tardis: filename=tardis-0.0.0-0.editable-py3-none-any.whl size=8877 sha256=63dd0d51de511d60ed4a5db8e6ead9418250334fd23f8d83ffff1cf8caf87c2f
2025-01-06T14:15:15.3929185Z   Stored in directory: /tmp/pip-ephem-wheel-cache-1d942nbx/wheels/6a/c7/ae/89fa6dc2565455898176888ef0e2e475e4e90eb0124afcb995
2025-01-06T14:15:15.3954335Z Successfully built tardis
2025-01-06T14:15:16.1673740Z Installing collected packages: tardis
2025-01-06T14:15:16.5134267Z Successfully installed tardis-0.0.0
2025-01-06T14:15:16.7375396Z ##[group]Run pip install qgridnext
2025-01-06T14:15:16.7375736Z [36;1mpip install qgridnext[0m
2025-01-06T14:15:16.7401831Z shell: /usr/bin/bash -l {0}
2025-01-06T14:15:16.7402067Z env:
2025-01-06T14:15:16.7402240Z   CACHE_NUMBER: 0
2025-01-06T14:15:16.7402868Z   PYTEST_FLAGS: --tardis-regression-data=/home/runner/work/tardis/tardis/tardis-regression-data --cov=tardis --cov-report=xml --cov-report=html --cov-append
2025-01-06T14:15:16.7403659Z   CODECOV_TOKEN: ***
2025-01-06T14:15:16.7403896Z   MAMBA_ROOT_PREFIX: /home/runner/micromamba
2025-01-06T14:15:16.7404201Z   MAMBA_EXE: /home/runner/micromamba-bin/micromamba
2025-01-06T14:15:16.7404565Z   CONDARC: /home/runner/work/_temp/setup-micromamba/.condarc
2025-01-06T14:15:16.7405204Z ##[endgroup]
2025-01-06T14:15:17.3514124Z Collecting qgridnext
2025-01-06T14:15:17.3815244Z   Downloading qgridnext-2.0.4-py3-none-any.whl.metadata (9.9 kB)
2025-01-06T14:15:17.3905998Z Requirement already satisfied: pandas>=0.20.0 in /home/runner/micromamba/envs/tardis/lib/python3.12/site-packages (from qgridnext) (2.2.2)
2025-01-06T14:15:17.3914414Z Requirement already satisfied: ipywidgets>=7.0.0 in /home/runner/micromamba/envs/tardis/lib/python3.12/site-packages (from qgridnext) (7.8.0)
2025-01-06T14:15:17.3923136Z Requirement already satisfied: numpy in /home/runner/micromamba/envs/tardis/lib/python3.12/site-packages (from qgridnext) (1.26.4)
2025-01-06T14:15:17.3932881Z Requirement already satisfied: traitlets in /home/runner/micromamba/envs/tardis/lib/python3.12/site-packages (from qgridnext) (5.14.3)
2025-01-06T14:15:17.4017596Z Requirement already satisfied: comm>=0.1.3 in /home/runner/micromamba/envs/tardis/lib/python3.12/site-packages (from ipywidgets>=7.0.0->qgridnext) (0.2.2)
2025-01-06T14:15:17.4025765Z Requirement already satisfied: ipython-genutils~=0.2.0 in /home/runner/micromamba/envs/tardis/lib/python3.12/site-packages (from ipywidgets>=7.0.0->qgridnext) (0.2.0)
2025-01-06T14:15:17.4038096Z Requirement already satisfied: widgetsnbextension~=3.6.5 in /home/runner/micromamba/envs/tardis/lib/python3.12/site-packages (from ipywidgets>=7.0.0->qgridnext) (3.6.6)
2025-01-06T14:15:17.4055443Z Requirement already satisfied: ipython>=4.0.0 in /home/runner/micromamba/envs/tardis/lib/python3.12/site-packages (from ipywidgets>=7.0.0->qgridnext) (8.25.0)
2025-01-06T14:15:17.4069649Z Requirement already satisfied: jupyterlab-widgets<3,>=1.0.0 in /home/runner/micromamba/envs/tardis/lib/python3.12/site-packages (from ipywidgets>=7.0.0->qgridnext) (1.1.7)
2025-01-06T14:15:17.4529766Z Requirement already satisfied: python-dateutil>=2.8.2 in /home/runner/micromamba/envs/tardis/lib/python3.12/site-packages (from pandas>=0.20.0->qgridnext) (2.9.0)
2025-01-06T14:15:17.4542918Z Requirement already satisfied: pytz>=2020.1 in /home/runner/micromamba/envs/tardis/lib/python3.12/site-packages (from pandas>=0.20.0->qgridnext) (2024.1)
2025-01-06T14:15:17.4550955Z Requirement already satisfied: tzdata>=2022.7 in /home/runner/micromamba/envs/tardis/lib/python3.12/site-packages (from pandas>=0.20.0->qgridnext) (2024.1)
2025-01-06T14:15:17.4883171Z Requirement already satisfied: decorator in /home/runner/micromamba/envs/tardis/lib/python3.12/site-packages (from ipython>=4.0.0->ipywidgets>=7.0.0->qgridnext) (5.1.1)
2025-01-06T14:15:17.4897661Z Requirement already satisfied: jedi>=0.16 in /home/runner/micromamba/envs/tardis/lib/python3.12/site-packages (from ipython>=4.0.0->ipywidgets>=7.0.0->qgridnext) (0.19.1)
2025-01-06T14:15:17.4905763Z Requirement already satisfied: matplotlib-inline in /home/runner/micromamba/envs/tardis/lib/python3.12/site-packages (from ipython>=4.0.0->ipywidgets>=7.0.0->qgridnext) (0.1.7)
2025-01-06T14:15:17.4917243Z Requirement already satisfied: prompt-toolkit<3.1.0,>=3.0.41 in /home/runner/micromamba/envs/tardis/lib/python3.12/site-packages (from ipython>=4.0.0->ipywidgets>=7.0.0->qgridnext) (3.0.47)
2025-01-06T14:15:17.4926316Z Requirement already satisfied: pygments>=2.4.0 in /home/runner/micromamba/envs/tardis/lib/python3.12/site-packages (from ipython>=4.0.0->ipywidgets>=7.0.0->qgridnext) (2.18.0)
2025-01-06T14:15:17.4935819Z Requirement already satisfied: stack-data in /home/runner/micromamba/envs/tardis/lib/python3.12/site-packages (from ipython>=4.0.0->ipywidgets>=7.0.0->qgridnext) (0.6.2)
2025-01-06T14:15:17.4954571Z Requirement already satisfied: pexpect>4.3 in /home/runner/micromamba/envs/tardis/lib/python3.12/site-packages (from ipython>=4.0.0->ipywidgets>=7.0.0->qgridnext) (4.9.0)
2025-01-06T14:15:17.5002666Z Requirement already satisfied: six>=1.5 in /home/runner/micromamba/envs/tardis/lib/python3.12/site-packages (from python-dateutil>=2.8.2->pandas>=0.20.0->qgridnext) (1.16.0)
2025-01-06T14:15:17.5058704Z Requirement already satisfied: notebook>=4.4.1 in /home/runner/micromamba/envs/tardis/lib/python3.12/site-packages (from widgetsnbextension~=3.6.5->ipywidgets>=7.0.0->qgridnext) (7.2.1)
2025-01-06T14:15:17.5247758Z Requirement already satisfied: parso<0.9.0,>=0.8.3 in /home/runner/micromamba/envs/tardis/lib/python3.12/site-packages (from jedi>=0.16->ipython>=4.0.0->ipywidgets>=7.0.0->qgridnext) (0.8.4)
2025-01-06T14:15:17.5394648Z Requirement already satisfied: jupyter-server<3,>=2.4.0 in /home/runner/micromamba/envs/tardis/lib/python3.12/site-packages (from notebook>=4.4.1->widgetsnbextension~=3.6.5->ipywidgets>=7.0.0->qgridnext) (2.14.1)
2025-01-06T14:15:17.5407622Z Requirement already satisfied: jupyterlab-server<3,>=2.27.1 in /home/runner/micromamba/envs/tardis/lib/python3.12/site-packages (from notebook>=4.4.1->widgetsnbextension~=3.6.5->ipywidgets>=7.0.0->qgridnext) (2.27.2)
2025-01-06T14:15:17.5422405Z Requirement already satisfied: jupyterlab<4.3,>=4.2.0 in /home/runner/micromamba/envs/tardis/lib/python3.12/site-packages (from notebook>=4.4.1->widgetsnbextension~=3.6.5->ipywidgets>=7.0.0->qgridnext) (4.2.2)
2025-01-06T14:15:17.5432483Z Requirement already satisfied: notebook-shim<0.3,>=0.2 in /home/runner/micromamba/envs/tardis/lib/python3.12/site-packages (from notebook>=4.4.1->widgetsnbextension~=3.6.5->ipywidgets>=7.0.0->qgridnext) (0.2.4)
2025-01-06T14:15:17.5440536Z Requirement already satisfied: tornado>=6.2.0 in /home/runner/micromamba/envs/tardis/lib/python3.12/site-packages (from notebook>=4.4.1->widgetsnbextension~=3.6.5->ipywidgets>=7.0.0->qgridnext) (6.4.1)
2025-01-06T14:15:17.5470121Z Requirement already satisfied: ptyprocess>=0.5 in /home/runner/micromamba/envs/tardis/lib/python3.12/site-packages (from pexpect>4.3->ipython>=4.0.0->ipywidgets>=7.0.0->qgridnext) (0.7.0)
2025-01-06T14:15:17.5498544Z Requirement already satisfied: wcwidth in /home/runner/micromamba/envs/tardis/lib/python3.12/site-packages (from prompt-toolkit<3.1.0,>=3.0.41->ipython>=4.0.0->ipywidgets>=7.0.0->qgridnext) (0.2.13)
2025-01-06T14:15:17.5634550Z Requirement already satisfied: executing>=1.2.0 in /home/runner/micromamba/envs/tardis/lib/python3.12/site-packages (from stack-data->ipython>=4.0.0->ipywidgets>=7.0.0->qgridnext) (2.0.1)
2025-01-06T14:15:17.5643580Z Requirement already satisfied: asttokens>=2.1.0 in /home/runner/micromamba/envs/tardis/lib/python3.12/site-packages (from stack-data->ipython>=4.0.0->ipywidgets>=7.0.0->qgridnext) (2.4.1)
2025-01-06T14:15:17.5651291Z Requirement already satisfied: pure-eval in /home/runner/micromamba/envs/tardis/lib/python3.12/site-packages (from stack-data->ipython>=4.0.0->ipywidgets>=7.0.0->qgridnext) (0.2.2)
2025-01-06T14:15:17.5988978Z Requirement already satisfied: anyio>=3.1.0 in /home/runner/micromamba/envs/tardis/lib/python3.12/site-packages (from jupyter-server<3,>=2.4.0->notebook>=4.4.1->widgetsnbextension~=3.6.5->ipywidgets>=7.0.0->qgridnext) (4.4.0)
2025-01-06T14:15:17.5999617Z Requirement already satisfied: argon2-cffi>=21.1 in /home/runner/micromamba/envs/tardis/lib/python3.12/site-packages (from jupyter-server<3,>=2.4.0->notebook>=4.4.1->widgetsnbextension~=3.6.5->ipywidgets>=7.0.0->qgridnext) (23.1.0)
2025-01-06T14:15:17.6007865Z Requirement already satisfied: jinja2>=3.0.3 in /home/runner/micromamba/envs/tardis/lib/python3.12/site-packages (from jupyter-server<3,>=2.4.0->notebook>=4.4.1->widgetsnbextension~=3.6.5->ipywidgets>=7.0.0->qgridnext) (3.1.4)
2025-01-06T14:15:17.6019109Z Requirement already satisfied: jupyter-client>=7.4.4 in /home/runner/micromamba/envs/tardis/lib/python3.12/site-packages (from jupyter-server<3,>=2.4.0->notebook>=4.4.1->widgetsnbextension~=3.6.5->ipywidgets>=7.0.0->qgridnext) (8.6.2)
2025-01-06T14:15:17.6030442Z Requirement already satisfied: jupyter-core!=5.0.*,>=4.12 in /home/runner/micromamba/envs/tardis/lib/python3.12/site-packages (from jupyter-server<3,>=2.4.0->notebook>=4.4.1->widgetsnbextension~=3.6.5->ipywidgets>=7.0.0->qgridnext) (5.7.2)
2025-01-06T14:15:17.6041191Z Requirement already satisfied: jupyter-events>=0.9.0 in /home/runner/micromamba/envs/tardis/lib/python3.12/site-packages (from jupyter-server<3,>=2.4.0->notebook>=4.4.1->widgetsnbextension~=3.6.5->ipywidgets>=7.0.0->qgridnext) (0.10.0)
2025-01-06T14:15:17.6052761Z Requirement already satisfied: jupyter-server-terminals>=0.4.4 in /home/runner/micromamba/envs/tardis/lib/python3.12/site-packages (from jupyter-server<3,>=2.4.0->notebook>=4.4.1->widgetsnbextension~=3.6.5->ipywidgets>=7.0.0->qgridnext) (0.5.3)
2025-01-06T14:15:17.6066076Z Requirement already satisfied: nbconvert>=6.4.4 in /home/runner/micromamba/envs/tardis/lib/python3.12/site-packages (from jupyter-server<3,>=2.4.0->notebook>=4.4.1->widgetsnbextension~=3.6.5->ipywidgets>=7.0.0->qgridnext) (7.16.4)
2025-01-06T14:15:17.6076051Z Requirement already satisfied: nbformat>=5.3.0 in /home/runner/micromamba/envs/tardis/lib/python3.12/site-packages (from jupyter-server<3,>=2.4.0->notebook>=4.4.1->widgetsnbextension~=3.6.5->ipywidgets>=7.0.0->qgridnext) (5.10.4)
2025-01-06T14:15:17.6084729Z Requirement already satisfied: overrides>=5.0 in /home/runner/micromamba/envs/tardis/lib/python3.12/site-packages (from jupyter-server<3,>=2.4.0->notebook>=4.4.1->widgetsnbextension~=3.6.5->ipywidgets>=7.0.0->qgridnext) (7.7.0)
2025-01-06T14:15:17.6094416Z Requirement already satisfied: packaging>=22.0 in /home/runner/micromamba/envs/tardis/lib/python3.12/site-packages (from jupyter-server<3,>=2.4.0->notebook>=4.4.1->widgetsnbextension~=3.6.5->ipywidgets>=7.0.0->qgridnext) (24.1)
2025-01-06T14:15:17.6102981Z Requirement already satisfied: prometheus-client>=0.9 in /home/runner/micromamba/envs/tardis/lib/python3.12/site-packages (from jupyter-server<3,>=2.4.0->notebook>=4.4.1->widgetsnbextension~=3.6.5->ipywidgets>=7.0.0->qgridnext) (0.20.0)
2025-01-06T14:15:17.6113490Z Requirement already satisfied: pyzmq>=24 in /home/runner/micromamba/envs/tardis/lib/python3.12/site-packages (from jupyter-server<3,>=2.4.0->notebook>=4.4.1->widgetsnbextension~=3.6.5->ipywidgets>=7.0.0->qgridnext) (26.0.3)
2025-01-06T14:15:17.6122186Z Requirement already satisfied: send2trash>=1.8.2 in /home/runner/micromamba/envs/tardis/lib/python3.12/site-packages (from jupyter-server<3,>=2.4.0->notebook>=4.4.1->widgetsnbextension~=3.6.5->ipywidgets>=7.0.0->qgridnext) (1.8.3)
2025-01-06T14:15:17.6133523Z Requirement already satisfied: terminado>=0.8.3 in /home/runner/micromamba/envs/tardis/lib/python3.12/site-packages (from jupyter-server<3,>=2.4.0->notebook>=4.4.1->widgetsnbextension~=3.6.5->ipywidgets>=7.0.0->qgridnext) (0.18.1)
2025-01-06T14:15:17.6150685Z Requirement already satisfied: websocket-client>=1.7 in /home/runner/micromamba/envs/tardis/lib/python3.12/site-packages (from jupyter-server<3,>=2.4.0->notebook>=4.4.1->widgetsnbextension~=3.6.5->ipywidgets>=7.0.0->qgridnext) (1.8.0)
2025-01-06T14:15:17.6434666Z Requirement already satisfied: async-lru>=1.0.0 in /home/runner/micromamba/envs/tardis/lib/python3.12/site-packages (from jupyterlab<4.3,>=4.2.0->notebook>=4.4.1->widgetsnbextension~=3.6.5->ipywidgets>=7.0.0->qgridnext) (2.0.4)
2025-01-06T14:15:17.6446402Z Requirement already satisfied: httpx>=0.25.0 in /home/runner/micromamba/envs/tardis/lib/python3.12/site-packages (from jupyterlab<4.3,>=4.2.0->notebook>=4.4.1->widgetsnbextension~=3.6.5->ipywidgets>=7.0.0->qgridnext) (0.27.0)
2025-01-06T14:15:17.6458055Z Requirement already satisfied: ipykernel>=6.5.0 in /home/runner/micromamba/envs/tardis/lib/python3.12/site-packages (from jupyterlab<4.3,>=4.2.0->notebook>=4.4.1->widgetsnbextension~=3.6.5->ipywidgets>=7.0.0->qgridnext) (6.29.4)
2025-01-06T14:15:17.6471698Z Requirement already satisfied: jupyter-lsp>=2.0.0 in /home/runner/micromamba/envs/tardis/lib/python3.12/site-packages (from jupyterlab<4.3,>=4.2.0->notebook>=4.4.1->widgetsnbextension~=3.6.5->ipywidgets>=7.0.0->qgridnext) (2.2.5)
2025-01-06T14:15:17.6497370Z Requirement already satisfied: setuptools>=40.1.0 in /home/runner/micromamba/envs/tardis/lib/python3.12/site-packages (from jupyterlab<4.3,>=4.2.0->notebook>=4.4.1->widgetsnbextension~=3.6.5->ipywidgets>=7.0.0->qgridnext) (70.0.0)
2025-01-06T14:15:17.6685602Z Requirement already satisfied: babel>=2.10 in /home/runner/micromamba/envs/tardis/lib/python3.12/site-packages (from jupyterlab-server<3,>=2.27.1->notebook>=4.4.1->widgetsnbextension~=3.6.5->ipywidgets>=7.0.0->qgridnext) (2.14.0)
2025-01-06T14:15:17.6712146Z Requirement already satisfied: json5>=0.9.0 in /home/runner/micromamba/envs/tardis/lib/python3.12/site-packages (from jupyterlab-server<3,>=2.27.1->notebook>=4.4.1->widgetsnbextension~=3.6.5->ipywidgets>=7.0.0->qgridnext) (0.9.25)
2025-01-06T14:15:17.6722507Z Requirement already satisfied: jsonschema>=4.18.0 in /home/runner/micromamba/envs/tardis/lib/python3.12/site-packages (from jupyterlab-server<3,>=2.27.1->notebook>=4.4.1->widgetsnbextension~=3.6.5->ipywidgets>=7.0.0->qgridnext) (4.22.0)
2025-01-06T14:15:17.6740841Z Requirement already satisfied: requests>=2.31 in /home/runner/micromamba/envs/tardis/lib/python3.12/site-packages (from jupyterlab-server<3,>=2.27.1->notebook>=4.4.1->widgetsnbextension~=3.6.5->ipywidgets>=7.0.0->qgridnext) (2.32.3)
2025-01-06T14:15:17.7093963Z Requirement already satisfied: idna>=2.8 in /home/runner/micromamba/envs/tardis/lib/python3.12/site-packages (from anyio>=3.1.0->jupyter-server<3,>=2.4.0->notebook>=4.4.1->widgetsnbextension~=3.6.5->ipywidgets>=7.0.0->qgridnext) (3.7)
2025-01-06T14:15:17.7103022Z Requirement already satisfied: sniffio>=1.1 in /home/runner/micromamba/envs/tardis/lib/python3.12/site-packages (from anyio>=3.1.0->jupyter-server<3,>=2.4.0->notebook>=4.4.1->widgetsnbextension~=3.6.5->ipywidgets>=7.0.0->qgridnext) (1.3.1)
2025-01-06T14:15:17.7193656Z Requirement already satisfied: argon2-cffi-bindings in /home/runner/micromamba/envs/tardis/lib/python3.12/site-packages (from argon2-cffi>=21.1->jupyter-server<3,>=2.4.0->notebook>=4.4.1->widgetsnbextension~=3.6.5->ipywidgets>=7.0.0->qgridnext) (21.2.0)
2025-01-06T14:15:17.7362051Z Requirement already satisfied: certifi in /home/runner/micromamba/envs/tardis/lib/python3.12/site-packages (from httpx>=0.25.0->jupyterlab<4.3,>=4.2.0->notebook>=4.4.1->widgetsnbextension~=3.6.5->ipywidgets>=7.0.0->qgridnext) (2024.6.2)
2025-01-06T14:15:17.7376642Z Requirement already satisfied: httpcore==1.* in /home/runner/micromamba/envs/tardis/lib/python3.12/site-packages (from httpx>=0.25.0->jupyterlab<4.3,>=4.2.0->notebook>=4.4.1->widgetsnbextension~=3.6.5->ipywidgets>=7.0.0->qgridnext) (1.0.5)
2025-01-06T14:15:17.7454488Z Requirement already satisfied: h11<0.15,>=0.13 in /home/runner/micromamba/envs/tardis/lib/python3.12/site-packages (from httpcore==1.*->httpx>=0.25.0->jupyterlab<4.3,>=4.2.0->notebook>=4.4.1->widgetsnbextension~=3.6.5->ipywidgets>=7.0.0->qgridnext) (0.14.0)
2025-01-06T14:15:17.7639619Z Requirement already satisfied: debugpy>=1.6.5 in /home/runner/micromamba/envs/tardis/lib/python3.12/site-packages (from ipykernel>=6.5.0->jupyterlab<4.3,>=4.2.0->notebook>=4.4.1->widgetsnbextension~=3.6.5->ipywidgets>=7.0.0->qgridnext) (1.8.1)
2025-01-06T14:15:17.7659911Z Requirement already satisfied: nest-asyncio in /home/runner/micromamba/envs/tardis/lib/python3.12/site-packages (from ipykernel>=6.5.0->jupyterlab<4.3,>=4.2.0->notebook>=4.4.1->widgetsnbextension~=3.6.5->ipywidgets>=7.0.0->qgridnext) (1.6.0)
2025-01-06T14:15:17.7674259Z Requirement already satisfied: psutil in /home/runner/micromamba/envs/tardis/lib/python3.12/site-packages (from ipykernel>=6.5.0->jupyterlab<4.3,>=4.2.0->notebook>=4.4.1->widgetsnbextension~=3.6.5->ipywidgets>=7.0.0->qgridnext) (5.9.8)
2025-01-06T14:15:17.7735822Z Requirement already satisfied: MarkupSafe>=2.0 in /home/runner/micromamba/envs/tardis/lib/python3.12/site-packages (from jinja2>=3.0.3->jupyter-server<3,>=2.4.0->notebook>=4.4.1->widgetsnbextension~=3.6.5->ipywidgets>=7.0.0->qgridnext) (2.1.5)
2025-01-06T14:15:17.7926289Z Requirement already satisfied: attrs>=22.2.0 in /home/runner/micromamba/envs/tardis/lib/python3.12/site-packages (from jsonschema>=4.18.0->jupyterlab-server<3,>=2.27.1->notebook>=4.4.1->widgetsnbextension~=3.6.5->ipywidgets>=7.0.0->qgridnext) (23.2.0)
2025-01-06T14:15:17.7936171Z Requirement already satisfied: jsonschema-specifications>=2023.03.6 in /home/runner/micromamba/envs/tardis/lib/python3.12/site-packages (from jsonschema>=4.18.0->jupyterlab-server<3,>=2.27.1->notebook>=4.4.1->widgetsnbextension~=3.6.5->ipywidgets>=7.0.0->qgridnext) (2023.12.1)
2025-01-06T14:15:17.7944523Z Requirement already satisfied: referencing>=0.28.4 in /home/runner/micromamba/envs/tardis/lib/python3.12/site-packages (from jsonschema>=4.18.0->jupyterlab-server<3,>=2.27.1->notebook>=4.4.1->widgetsnbextension~=3.6.5->ipywidgets>=7.0.0->qgridnext) (0.35.1)
2025-01-06T14:15:17.7953479Z Requirement already satisfied: rpds-py>=0.7.1 in /home/runner/micromamba/envs/tardis/lib/python3.12/site-packages (from jsonschema>=4.18.0->jupyterlab-server<3,>=2.27.1->notebook>=4.4.1->widgetsnbextension~=3.6.5->ipywidgets>=7.0.0->qgridnext) (0.18.1)
2025-01-06T14:15:17.8216523Z Requirement already satisfied: platformdirs>=2.5 in /home/runner/micromamba/envs/tardis/lib/python3.12/site-packages (from jupyter-core!=5.0.*,>=4.12->jupyter-server<3,>=2.4.0->notebook>=4.4.1->widgetsnbextension~=3.6.5->ipywidgets>=7.0.0->qgridnext) (4.2.2)
2025-01-06T14:15:17.8365781Z Requirement already satisfied: python-json-logger>=2.0.4 in /home/runner/micromamba/envs/tardis/lib/python3.12/site-packages (from jupyter-events>=0.9.0->jupyter-server<3,>=2.4.0->notebook>=4.4.1->widgetsnbextension~=3.6.5->ipywidgets>=7.0.0->qgridnext) (2.0.7)
2025-01-06T14:15:17.8373992Z Requirement already satisfied: pyyaml>=5.3 in /home/runner/micromamba/envs/tardis/lib/python3.12/site-packages (from jupyter-events>=0.9.0->jupyter-server<3,>=2.4.0->notebook>=4.4.1->widgetsnbextension~=3.6.5->ipywidgets>=7.0.0->qgridnext) (6.0.1)
2025-01-06T14:15:17.8384193Z Requirement already satisfied: rfc3339-validator in /home/runner/micromamba/envs/tardis/lib/python3.12/site-packages (from jupyter-events>=0.9.0->jupyter-server<3,>=2.4.0->notebook>=4.4.1->widgetsnbextension~=3.6.5->ipywidgets>=7.0.0->qgridnext) (0.1.4)
2025-01-06T14:15:17.8392757Z Requirement already satisfied: rfc3986-validator>=0.1.1 in /home/runner/micromamba/envs/tardis/lib/python3.12/site-packages (from jupyter-events>=0.9.0->jupyter-server<3,>=2.4.0->notebook>=4.4.1->widgetsnbextension~=3.6.5->ipywidgets>=7.0.0->qgridnext) (0.1.1)
2025-01-06T14:15:17.8820795Z Requirement already satisfied: beautifulsoup4 in /home/runner/micromamba/envs/tardis/lib/python3.12/site-packages (from nbconvert>=6.4.4->jupyter-server<3,>=2.4.0->notebook>=4.4.1->widgetsnbextension~=3.6.5->ipywidgets>=7.0.0->qgridnext) (4.12.3)
2025-01-06T14:15:17.8839418Z Requirement already satisfied: bleach!=5.0.0 in /home/runner/micromamba/envs/tardis/lib/python3.12/site-packages (from nbconvert>=6.4.4->jupyter-server<3,>=2.4.0->notebook>=4.4.1->widgetsnbextension~=3.6.5->ipywidgets>=7.0.0->qgridnext) (6.1.0)
2025-01-06T14:15:17.8853141Z Requirement already satisfied: defusedxml in /home/runner/micromamba/envs/tardis/lib/python3.12/site-packages (from nbconvert>=6.4.4->jupyter-server<3,>=2.4.0->notebook>=4.4.1->widgetsnbextension~=3.6.5->ipywidgets>=7.0.0->qgridnext) (0.7.1)
2025-01-06T14:15:17.8867291Z Requirement already satisfied: jupyterlab-pygments in /home/runner/micromamba/envs/tardis/lib/python3.12/site-packages (from nbconvert>=6.4.4->jupyter-server<3,>=2.4.0->notebook>=4.4.1->widgetsnbextension~=3.6.5->ipywidgets>=7.0.0->qgridnext) (0.3.0)
2025-01-06T14:15:17.8878638Z Requirement already satisfied: mistune<4,>=2.0.3 in /home/runner/micromamba/envs/tardis/lib/python3.12/site-packages (from nbconvert>=6.4.4->jupyter-server<3,>=2.4.0->notebook>=4.4.1->widgetsnbextension~=3.6.5->ipywidgets>=7.0.0->qgridnext) (3.0.2)
2025-01-06T14:15:17.8890909Z Requirement already satisfied: nbclient>=0.5.0 in /home/runner/micromamba/envs/tardis/lib/python3.12/site-packages (from nbconvert>=6.4.4->jupyter-server<3,>=2.4.0->notebook>=4.4.1->widgetsnbextension~=3.6.5->ipywidgets>=7.0.0->qgridnext) (0.10.0)
2025-01-06T14:15:17.8907036Z Requirement already satisfied: pandocfilters>=1.4.1 in /home/runner/micromamba/envs/tardis/lib/python3.12/site-packages (from nbconvert>=6.4.4->jupyter-server<3,>=2.4.0->notebook>=4.4.1->widgetsnbextension~=3.6.5->ipywidgets>=7.0.0->qgridnext) (1.5.0)
2025-01-06T14:15:17.8915971Z Requirement already satisfied: tinycss2 in /home/runner/micromamba/envs/tardis/lib/python3.12/site-packages (from nbconvert>=6.4.4->jupyter-server<3,>=2.4.0->notebook>=4.4.1->widgetsnbextension~=3.6.5->ipywidgets>=7.0.0->qgridnext) (1.3.0)
2025-01-06T14:15:17.9031082Z Requirement already satisfied: fastjsonschema>=2.15 in /home/runner/micromamba/envs/tardis/lib/python3.12/site-packages (from nbformat>=5.3.0->jupyter-server<3,>=2.4.0->notebook>=4.4.1->widgetsnbextension~=3.6.5->ipywidgets>=7.0.0->qgridnext) (2.20.0)
2025-01-06T14:15:17.9333873Z Requirement already satisfied: charset-normalizer<4,>=2 in /home/runner/micromamba/envs/tardis/lib/python3.12/site-packages (from requests>=2.31->jupyterlab-server<3,>=2.27.1->notebook>=4.4.1->widgetsnbextension~=3.6.5->ipywidgets>=7.0.0->qgridnext) (3.3.2)
2025-01-06T14:15:17.9347407Z Requirement already satisfied: urllib3<3,>=1.21.1 in /home/runner/micromamba/envs/tardis/lib/python3.12/site-packages (from requests>=2.31->jupyterlab-server<3,>=2.27.1->notebook>=4.4.1->widgetsnbextension~=3.6.5->ipywidgets>=7.0.0->qgridnext) (2.2.2)
2025-01-06T14:15:18.0117391Z Requirement already satisfied: webencodings in /home/runner/micromamba/envs/tardis/lib/python3.12/site-packages (from bleach!=5.0.0->nbconvert>=6.4.4->jupyter-server<3,>=2.4.0->notebook>=4.4.1->widgetsnbextension~=3.6.5->ipywidgets>=7.0.0->qgridnext) (0.5.1)
2025-01-06T14:15:18.0677856Z Requirement already satisfied: fqdn in /home/runner/micromamba/envs/tardis/lib/python3.12/site-packages (from jsonschema[format-nongpl]>=4.18.0->jupyter-events>=0.9.0->jupyter-server<3,>=2.4.0->notebook>=4.4.1->widgetsnbextension~=3.6.5->ipywidgets>=7.0.0->qgridnext) (1.5.1)
2025-01-06T14:15:18.0694535Z Requirement already satisfied: isoduration in /home/runner/micromamba/envs/tardis/lib/python3.12/site-packages (from jsonschema[format-nongpl]>=4.18.0->jupyter-events>=0.9.0->jupyter-server<3,>=2.4.0->notebook>=4.4.1->widgetsnbextension~=3.6.5->ipywidgets>=7.0.0->qgridnext) (20.11.0)
2025-01-06T14:15:18.0708191Z Requirement already satisfied: jsonpointer>1.13 in /home/runner/micromamba/envs/tardis/lib/python3.12/site-packages (from jsonschema[format-nongpl]>=4.18.0->jupyter-events>=0.9.0->jupyter-server<3,>=2.4.0->notebook>=4.4.1->widgetsnbextension~=3.6.5->ipywidgets>=7.0.0->qgridnext) (3.0.0)
2025-01-06T14:15:18.0724811Z Requirement already satisfied: uri-template in /home/runner/micromamba/envs/tardis/lib/python3.12/site-packages (from jsonschema[format-nongpl]>=4.18.0->jupyter-events>=0.9.0->jupyter-server<3,>=2.4.0->notebook>=4.4.1->widgetsnbextension~=3.6.5->ipywidgets>=7.0.0->qgridnext) (1.3.0)
2025-01-06T14:15:18.0739086Z Requirement already satisfied: webcolors>=1.11 in /home/runner/micromamba/envs/tardis/lib/python3.12/site-packages (from jsonschema[format-nongpl]>=4.18.0->jupyter-events>=0.9.0->jupyter-server<3,>=2.4.0->notebook>=4.4.1->widgetsnbextension~=3.6.5->ipywidgets>=7.0.0->qgridnext) (24.6.0)
2025-01-06T14:15:18.1743893Z Requirement already satisfied: cffi>=1.0.1 in /home/runner/micromamba/envs/tardis/lib/python3.12/site-packages (from argon2-cffi-bindings->argon2-cffi>=21.1->jupyter-server<3,>=2.4.0->notebook>=4.4.1->widgetsnbextension~=3.6.5->ipywidgets>=7.0.0->qgridnext) (1.16.0)
2025-01-06T14:15:18.1842533Z Requirement already satisfied: soupsieve>1.2 in /home/runner/micromamba/envs/tardis/lib/python3.12/site-packages (from beautifulsoup4->nbconvert>=6.4.4->jupyter-server<3,>=2.4.0->notebook>=4.4.1->widgetsnbextension~=3.6.5->ipywidgets>=7.0.0->qgridnext) (2.5)
2025-01-06T14:15:18.2389548Z Requirement already satisfied: pycparser in /home/runner/micromamba/envs/tardis/lib/python3.12/site-packages (from cffi>=1.0.1->argon2-cffi-bindings->argon2-cffi>=21.1->jupyter-server<3,>=2.4.0->notebook>=4.4.1->widgetsnbextension~=3.6.5->ipywidgets>=7.0.0->qgridnext) (2.22)
2025-01-06T14:15:18.2891331Z Requirement already satisfied: arrow>=0.15.0 in /home/runner/micromamba/envs/tardis/lib/python3.12/site-packages (from isoduration->jsonschema[format-nongpl]>=4.18.0->jupyter-events>=0.9.0->jupyter-server<3,>=2.4.0->notebook>=4.4.1->widgetsnbextension~=3.6.5->ipywidgets>=7.0.0->qgridnext) (1.3.0)
2025-01-06T14:15:18.3187559Z Requirement already satisfied: types-python-dateutil>=2.8.10 in /home/runner/micromamba/envs/tardis/lib/python3.12/site-packages (from arrow>=0.15.0->isoduration->jsonschema[format-nongpl]>=4.18.0->jupyter-events>=0.9.0->jupyter-server<3,>=2.4.0->notebook>=4.4.1->widgetsnbextension~=3.6.5->ipywidgets>=7.0.0->qgridnext) (2.9.0.20240316)
2025-01-06T14:15:18.3468312Z Downloading qgridnext-2.0.4-py3-none-any.whl (1.3 MB)
2025-01-06T14:15:18.3831753Z    ━━━━━━━━━━━━━━━━━━━━━━━━━━━━━━━━━━━━━━━━ 1.3/1.3 MB 37.0 MB/s eta 0:00:00
2025-01-06T14:15:19.1776724Z Installing collected packages: qgridnext
2025-01-06T14:15:19.2654427Z Successfully installed qgridnext-2.0.4
2025-01-06T14:15:19.4718561Z ##[group]Run pytest tardis --tardis-regression-data=/home/runner/work/tardis/tardis/tardis-regression-data --cov=tardis --cov-report=xml --cov-report=html --cov-append -m " continuum"
2025-01-06T14:15:19.4719859Z [36;1mpytest tardis --tardis-regression-data=/home/runner/work/tardis/tardis/tardis-regression-data --cov=tardis --cov-report=xml --cov-report=html --cov-append -m " continuum"[0m
2025-01-06T14:15:19.4746704Z shell: /usr/bin/bash -l {0}
2025-01-06T14:15:19.4746946Z env:
2025-01-06T14:15:19.4747119Z   CACHE_NUMBER: 0
2025-01-06T14:15:19.4747739Z   PYTEST_FLAGS: --tardis-regression-data=/home/runner/work/tardis/tardis/tardis-regression-data --cov=tardis --cov-report=xml --cov-report=html --cov-append
2025-01-06T14:15:19.4748575Z   CODECOV_TOKEN: ***
2025-01-06T14:15:19.4748811Z   MAMBA_ROOT_PREFIX: /home/runner/micromamba
2025-01-06T14:15:19.4749119Z   MAMBA_EXE: /home/runner/micromamba-bin/micromamba
2025-01-06T14:15:19.4749500Z   CONDARC: /home/runner/work/_temp/setup-micromamba/.condarc
2025-01-06T14:15:19.4749803Z ##[endgroup]
2025-01-06T14:15:29.0265169Z ============================= test session starts ==============================
2025-01-06T14:15:29.0266303Z platform linux -- Python 3.12.4, pytest-8.2.2, pluggy-1.5.0
2025-01-06T14:15:29.0266994Z rootdir: /home/runner/work/tardis/tardis
2025-01-06T14:15:29.0267463Z configfile: pyproject.toml
2025-01-06T14:15:29.0268051Z plugins: anyio-4.4.0, doctestplus-1.2.1, cov-5.0.0, html-4.1.1, metadata-3.1.1
2025-01-06T14:15:29.0268732Z collected 1796 items / 1794 deselected / 2 selected
2025-01-06T14:15:29.0269092Z 
2025-01-06T14:17:16.9052118Z tardis/transport/montecarlo/estimators/tests/test_continuum_property_solver.py . [ 50%]
2025-01-06T14:17:16.9053752Z                                                                          [ 50%]
2025-01-06T14:17:49.5126559Z tardis/transport/montecarlo/tests/test_continuum.py .                    [100%]
2025-01-06T14:17:49.5127128Z 
2025-01-06T14:17:49.5127373Z =============================== warnings summary ===============================
2025-01-06T14:17:49.5127945Z tardis/io/configuration/config_validator.py:6
2025-01-06T14:17:49.5128474Z tardis/io/configuration/config_validator.py:6
2025-01-06T14:17:49.5129288Z   /home/runner/work/tardis/tardis/tardis/io/configuration/config_validator.py:6: DeprecationWarning:
2025-01-06T14:17:49.5130057Z   
2025-01-06T14:17:49.5132131Z   jsonschema.RefResolver is deprecated as of v4.18.0, in favor of the https://github.com/python-jsonschema/referencing library, which provides more compliant referencing behavior as well as more flexible APIs for customization. A future release will remove RefResolver. Please file a feature request (on referencing) if you are missing an API for the kind of customization you need.
2025-01-06T14:17:49.5134171Z 
2025-01-06T14:17:49.5134571Z ../../../micromamba/envs/tardis/lib/python3.12/site-packages/jupyter_client/connect.py:22
2025-01-06T14:17:49.5136015Z   /home/runner/micromamba/envs/tardis/lib/python3.12/site-packages/jupyter_client/connect.py:22: DeprecationWarning:
2025-01-06T14:17:49.5136725Z   
2025-01-06T14:17:49.5137111Z   Jupyter is migrating its paths to use standard platformdirs
2025-01-06T14:17:49.5137770Z   given by the platformdirs library.  To remove this warning and
2025-01-06T14:17:49.5138471Z   see the appropriate new directories, set the environment variable
2025-01-06T14:17:49.5139132Z   `JUPYTER_PLATFORM_DIRS=1` and then run `jupyter --paths`.
2025-01-06T14:17:49.5139735Z   The use of platformdirs will be the default in `jupyter_core` v6
2025-01-06T14:17:49.5140118Z 
2025-01-06T14:17:49.5147651Z tardis/transport/montecarlo/estimators/tests/test_continuum_property_solver.py::test_continuum_estimators
2025-01-06T14:17:49.5148910Z   /home/runner/work/tardis/tardis/tardis/transport/montecarlo/montecarlo_main_loop.py:123: NumbaTypeSafetyWarning:
2025-01-06T14:17:49.5149716Z   
2025-01-06T14:17:49.5150420Z   [1m[1m[1munsafe cast from uint64 to int64. Precision may be lost.[0m[0m[0m
2025-01-06T14:17:49.5151127Z 
2025-01-06T14:17:49.5151443Z -- Docs: https://docs.pytest.org/en/stable/how-to/capture-warnings.html
2025-01-06T14:17:49.5151866Z 
2025-01-06T14:17:49.5152127Z ---------- coverage: platform linux, python 3.12.4-final-0 -----------
2025-01-06T14:17:49.5152665Z Coverage HTML written to dir coverage_html_report
2025-01-06T14:17:49.5153126Z Coverage XML written to file coverage.xml
2025-01-06T14:17:49.5153407Z 
2025-01-06T14:17:49.5153659Z ========== 2 passed, 1794 deselected, 4 warnings in 142.08s (0:02:22) ==========
2025-01-06T14:17:50.5072664Z ##[group]Run pytest tardis --tardis-regression-data=/home/runner/work/tardis/tardis/tardis-regression-data --cov=tardis --cov-report=xml --cov-report=html --cov-append --generate-reference -m " continuum"
2025-01-06T14:17:50.5074066Z [36;1mpytest tardis --tardis-regression-data=/home/runner/work/tardis/tardis/tardis-regression-data --cov=tardis --cov-report=xml --cov-report=html --cov-append --generate-reference -m " continuum"[0m
2025-01-06T14:17:50.5109981Z shell: /usr/bin/bash -l {0}
2025-01-06T14:17:50.5110223Z env:
2025-01-06T14:17:50.5110396Z   CACHE_NUMBER: 0
2025-01-06T14:17:50.5111008Z   PYTEST_FLAGS: --tardis-regression-data=/home/runner/work/tardis/tardis/tardis-regression-data --cov=tardis --cov-report=xml --cov-report=html --cov-append
2025-01-06T14:17:50.5112115Z   CODECOV_TOKEN: ***
2025-01-06T14:17:50.5112368Z   MAMBA_ROOT_PREFIX: /home/runner/micromamba
2025-01-06T14:17:50.5112673Z   MAMBA_EXE: /home/runner/micromamba-bin/micromamba
2025-01-06T14:17:50.5113046Z   CONDARC: /home/runner/work/_temp/setup-micromamba/.condarc
2025-01-06T14:17:50.5113347Z ##[endgroup]
2025-01-06T14:17:57.8335710Z ============================= test session starts ==============================
2025-01-06T14:17:57.8336264Z platform linux -- Python 3.12.4, pytest-8.2.2, pluggy-1.5.0
2025-01-06T14:17:57.8336696Z rootdir: /home/runner/work/tardis/tardis
2025-01-06T14:17:57.8337040Z configfile: pyproject.toml
2025-01-06T14:17:57.8337471Z plugins: anyio-4.4.0, doctestplus-1.2.1, cov-5.0.0, html-4.1.1, metadata-3.1.1
2025-01-06T14:17:57.8337969Z collected 1796 items / 1794 deselected / 2 selected
2025-01-06T14:17:57.8338255Z 
2025-01-06T14:19:44.6313510Z tardis/transport/montecarlo/estimators/tests/test_continuum_property_solver.py . [ 50%]
2025-01-06T14:19:44.6315630Z                                                                          [ 50%]
2025-01-06T14:20:17.3383219Z tardis/transport/montecarlo/tests/test_continuum.py s                    [100%]
2025-01-06T14:20:17.3383836Z 
2025-01-06T14:20:17.3384074Z =============================== warnings summary ===============================
2025-01-06T14:20:17.3384622Z tardis/io/configuration/config_validator.py:6
2025-01-06T14:20:17.3385334Z tardis/io/configuration/config_validator.py:6
2025-01-06T14:20:17.3386150Z   /home/runner/work/tardis/tardis/tardis/io/configuration/config_validator.py:6: DeprecationWarning:
2025-01-06T14:20:17.3386910Z   
2025-01-06T14:20:17.3388939Z   jsonschema.RefResolver is deprecated as of v4.18.0, in favor of the https://github.com/python-jsonschema/referencing library, which provides more compliant referencing behavior as well as more flexible APIs for customization. A future release will remove RefResolver. Please file a feature request (on referencing) if you are missing an API for the kind of customization you need.
2025-01-06T14:20:17.3391035Z 
2025-01-06T14:20:17.3391456Z ../../../micromamba/envs/tardis/lib/python3.12/site-packages/jupyter_client/connect.py:22
2025-01-06T14:20:17.3392545Z   /home/runner/micromamba/envs/tardis/lib/python3.12/site-packages/jupyter_client/connect.py:22: DeprecationWarning:
2025-01-06T14:20:17.3393369Z   
2025-01-06T14:20:17.3393780Z   Jupyter is migrating its paths to use standard platformdirs
2025-01-06T14:20:17.3394456Z   given by the platformdirs library.  To remove this warning and
2025-01-06T14:20:17.3395268Z   see the appropriate new directories, set the environment variable
2025-01-06T14:20:17.3395902Z   `JUPYTER_PLATFORM_DIRS=1` and then run `jupyter --paths`.
2025-01-06T14:20:17.3396478Z   The use of platformdirs will be the default in `jupyter_core` v6
2025-01-06T14:20:17.3396868Z 
2025-01-06T14:20:17.3397422Z tardis/transport/montecarlo/estimators/tests/test_continuum_property_solver.py::test_continuum_estimators
2025-01-06T14:20:17.3398607Z   /home/runner/work/tardis/tardis/tardis/transport/montecarlo/montecarlo_main_loop.py:123: NumbaTypeSafetyWarning:
2025-01-06T14:20:17.3399395Z   
2025-01-06T14:20:17.3400517Z   [1m[1m[1munsafe cast from uint64 to int64. Precision may be lost.[0m[0m[0m
2025-01-06T14:20:17.3400942Z 
2025-01-06T14:20:17.3401291Z tardis/transport/montecarlo/tests/test_continuum.py::test_montecarlo_continuum
2025-01-06T14:20:17.3402083Z tardis/transport/montecarlo/tests/test_continuum.py::test_montecarlo_continuum
2025-01-06T14:20:17.3402846Z   /home/runner/work/tardis/tardis/tardis/io/util.py:289: PerformanceWarning:
2025-01-06T14:20:17.3403386Z   
2025-01-06T14:20:17.3403622Z   
2025-01-06T14:20:17.3404070Z   your performance may suffer as PyTables will pickle object types that it cannot
2025-01-06T14:20:17.3405053Z   map directly to c-types [inferred_type->mixed,key->block0_values] [items->Index([0], dtype='int64')]
2025-01-06T14:20:17.3405837Z 
2025-01-06T14:20:17.3406181Z tardis/transport/montecarlo/tests/test_continuum.py::test_montecarlo_continuum
2025-01-06T14:20:17.3406974Z tardis/transport/montecarlo/tests/test_continuum.py::test_montecarlo_continuum
2025-01-06T14:20:17.3407752Z tardis/transport/montecarlo/tests/test_continuum.py::test_montecarlo_continuum
2025-01-06T14:20:17.3408524Z tardis/transport/montecarlo/tests/test_continuum.py::test_montecarlo_continuum
2025-01-06T14:20:17.3409293Z   /home/runner/work/tardis/tardis/tardis/io/util.py:276: PerformanceWarning:
2025-01-06T14:20:17.3409837Z   
2025-01-06T14:20:17.3410077Z   
2025-01-06T14:20:17.3410534Z   your performance may suffer as PyTables will pickle object types that it cannot
2025-01-06T14:20:17.3411401Z   map directly to c-types [inferred_type->mixed,key->block0_values] [items->Index([0], dtype='int64')]
2025-01-06T14:20:17.3411926Z 
2025-01-06T14:20:17.3412267Z tardis/transport/montecarlo/tests/test_continuum.py::test_montecarlo_continuum
2025-01-06T14:20:17.3413053Z   /home/runner/work/tardis/tardis/tardis/io/util.py:280: PerformanceWarning:
2025-01-06T14:20:17.3413598Z   
2025-01-06T14:20:17.3413825Z   
2025-01-06T14:20:17.3414262Z   your performance may suffer as PyTables will pickle object types that it cannot
2025-01-06T14:20:17.3415187Z   map directly to c-types [inferred_type->mixed-integer,key->axis1_level0] [items->None]
2025-01-06T14:20:17.3415659Z 
2025-01-06T14:20:17.3416011Z tardis/transport/montecarlo/tests/test_continuum.py::test_montecarlo_continuum
2025-01-06T14:20:17.3416772Z   /home/runner/work/tardis/tardis/tardis/io/util.py:280: PerformanceWarning:
2025-01-06T14:20:17.3417317Z   
2025-01-06T14:20:17.3417541Z   
2025-01-06T14:20:17.3417952Z   your performance may suffer as PyTables will pickle object types that it cannot
2025-01-06T14:20:17.3418704Z   map directly to c-types [inferred_type->mixed-integer,key->axis1_level1] [items->None]
2025-01-06T14:20:17.3419182Z 
2025-01-06T14:20:17.3419521Z tardis/transport/montecarlo/tests/test_continuum.py::test_montecarlo_continuum
2025-01-06T14:20:17.3420312Z   /home/runner/work/tardis/tardis/tardis/io/util.py:280: PerformanceWarning:
2025-01-06T14:20:17.3420858Z   
2025-01-06T14:20:17.3421086Z   
2025-01-06T14:20:17.3421530Z   your performance may suffer as PyTables will pickle object types that it cannot
2025-01-06T14:20:17.3422282Z   map directly to c-types [inferred_type->mixed-integer,key->axis1] [items->None]
2025-01-06T14:20:17.3422734Z 
2025-01-06T14:20:17.3423060Z tardis/transport/montecarlo/tests/test_continuum.py::test_montecarlo_continuum
2025-01-06T14:20:17.3423821Z   /home/runner/work/tardis/tardis/tardis/io/util.py:269: PerformanceWarning:
2025-01-06T14:20:17.3424379Z   
2025-01-06T14:20:17.3424612Z   
2025-01-06T14:20:17.3425231Z   your performance may suffer as PyTables will pickle object types that it cannot
2025-01-06T14:20:17.3425978Z   map directly to c-types [inferred_type->mixed-integer,key->index] [items->None]
2025-01-06T14:20:17.3426421Z 
2025-01-06T14:20:17.3426759Z tardis/transport/montecarlo/tests/test_continuum.py::test_montecarlo_continuum
2025-01-06T14:20:17.3427529Z   /home/runner/work/tardis/tardis/tardis/io/util.py:280: PerformanceWarning:
2025-01-06T14:20:17.3428074Z   
2025-01-06T14:20:17.3428303Z   
2025-01-06T14:20:17.3428925Z   your performance may suffer as PyTables will pickle object types that it cannot
2025-01-06T14:20:17.3429665Z   map directly to c-types [inferred_type->mixed-integer,key->axis0] [items->None]
2025-01-06T14:20:17.3430101Z 
2025-01-06T14:20:17.3430436Z tardis/transport/montecarlo/tests/test_continuum.py::test_montecarlo_continuum
2025-01-06T14:20:17.3431193Z   /home/runner/work/tardis/tardis/tardis/io/util.py:280: PerformanceWarning:
2025-01-06T14:20:17.3431739Z   
2025-01-06T14:20:17.3431968Z   
2025-01-06T14:20:17.3432405Z   your performance may suffer as PyTables will pickle object types that it cannot
2025-01-06T14:20:17.3433130Z   map directly to c-types [inferred_type->integer,key->block1_items] [items->None]
2025-01-06T14:20:17.3433783Z 
2025-01-06T14:20:17.3434120Z tardis/transport/montecarlo/tests/test_continuum.py::test_montecarlo_continuum
2025-01-06T14:20:17.3434990Z   /home/runner/work/tardis/tardis/tardis/io/util.py:280: PerformanceWarning:
2025-01-06T14:20:17.3435503Z   
2025-01-06T14:20:17.3435720Z   
2025-01-06T14:20:17.3436136Z   your performance may suffer as PyTables will pickle object types that it cannot
2025-01-06T14:20:17.3436827Z   map directly to c-types [inferred_type->integer,key->block0_items] [items->None]
2025-01-06T14:20:17.3437233Z 
2025-01-06T14:20:17.3437560Z tardis/transport/montecarlo/tests/test_continuum.py::test_montecarlo_continuum
2025-01-06T14:20:17.3438314Z   /home/runner/work/tardis/tardis/tardis/io/util.py:280: PerformanceWarning:
2025-01-06T14:20:17.3438864Z   
2025-01-06T14:20:17.3439084Z   
2025-01-06T14:20:17.3439498Z   your performance may suffer as PyTables will pickle object types that it cannot
2025-01-06T14:20:17.3440192Z   map directly to c-types [inferred_type->integer,key->axis0] [items->None]
2025-01-06T14:20:17.3440599Z 
2025-01-06T14:20:17.3440930Z tardis/transport/montecarlo/tests/test_continuum.py::test_montecarlo_continuum
2025-01-06T14:20:17.3441693Z   /home/runner/work/tardis/tardis/tardis/io/util.py:292: PerformanceWarning:
2025-01-06T14:20:17.3442237Z   
2025-01-06T14:20:17.3442462Z   
2025-01-06T14:20:17.3442891Z   your performance may suffer as PyTables will pickle object types that it cannot
2025-01-06T14:20:17.3443614Z   map directly to c-types [inferred_type->mixed-integer,key->values] [items->None]
2025-01-06T14:20:17.3444069Z 
2025-01-06T14:20:17.3444394Z tardis/transport/montecarlo/tests/test_continuum.py::test_montecarlo_continuum
2025-01-06T14:20:17.3445344Z   /home/runner/work/tardis/tardis/tardis/spectrum/base.py:70: UserWarning:
2025-01-06T14:20:17.3445883Z   
2025-01-06T14:20:17.3446532Z   SpectrumSolver.spectrum_virtual_packets is zero. Please run the montecarlo simulation with no_of_virtual_packets > 0
2025-01-06T14:20:17.3447168Z 
2025-01-06T14:20:17.3447516Z tardis/transport/montecarlo/tests/test_continuum.py::test_montecarlo_continuum
2025-01-06T14:20:17.3448272Z   /home/runner/work/tardis/tardis/tardis/spectrum/base.py:94: UserWarning:
2025-01-06T14:20:17.3448808Z   
2025-01-06T14:20:17.3449990Z   The FormalIntegrator is not yet implemented for the full relativity mode or continuum processes. Please run with config option enable_full_relativity: False and continuum_processes_enabled: False This RETURNS AN EMPTY SPECTRUM!
2025-01-06T14:20:17.3451155Z 
2025-01-06T14:20:17.3451449Z -- Docs: https://docs.pytest.org/en/stable/how-to/capture-warnings.html
2025-01-06T14:20:17.3451872Z 
2025-01-06T14:20:17.3452117Z ---------- coverage: platform linux, python 3.12.4-final-0 -----------
2025-01-06T14:20:17.3452657Z Coverage HTML written to dir coverage_html_report
2025-01-06T14:20:17.3453102Z Coverage XML written to file coverage.xml
2025-01-06T14:20:17.3453365Z 
2025-01-06T14:20:17.3453631Z ==== 1 passed, 1 skipped, 1794 deselected, 21 warnings in 140.64s (0:02:20) ====
2025-01-06T14:20:18.3675854Z ##[group]Run mv .coverage .coverage.3
2025-01-06T14:20:18.3676337Z [36;1mmv .coverage .coverage.3[0m
2025-01-06T14:20:18.3702567Z shell: /usr/bin/bash -l {0}
2025-01-06T14:20:18.3702804Z env:
2025-01-06T14:20:18.3702982Z   CACHE_NUMBER: 0
2025-01-06T14:20:18.3703609Z   PYTEST_FLAGS: --tardis-regression-data=/home/runner/work/tardis/tardis/tardis-regression-data --cov=tardis --cov-report=xml --cov-report=html --cov-append
2025-01-06T14:20:18.3704416Z   CODECOV_TOKEN: ***
2025-01-06T14:20:18.3704647Z   MAMBA_ROOT_PREFIX: /home/runner/micromamba
2025-01-06T14:20:18.3705181Z   MAMBA_EXE: /home/runner/micromamba-bin/micromamba
2025-01-06T14:20:18.3705530Z   CONDARC: /home/runner/work/_temp/setup-micromamba/.condarc
2025-01-06T14:20:18.3705829Z ##[endgroup]
2025-01-06T14:20:18.4833261Z ##[group]Run actions/upload-artifact@v4
2025-01-06T14:20:18.4833544Z with:
2025-01-06T14:20:18.4833748Z   name: coverage--continuum-ubuntu-latest
2025-01-06T14:20:18.4834186Z   include-hidden-files: true
2025-01-06T14:20:18.4834425Z   path: .coverage*
!.coveragerc

2025-01-06T14:20:18.4834662Z   if-no-files-found: warn
2025-01-06T14:20:18.4835092Z   compression-level: 6
2025-01-06T14:20:18.4835327Z   overwrite: false
2025-01-06T14:20:18.4835512Z env:
2025-01-06T14:20:18.4835677Z   CACHE_NUMBER: 0
2025-01-06T14:20:18.4836275Z   PYTEST_FLAGS: --tardis-regression-data=/home/runner/work/tardis/tardis/tardis-regression-data --cov=tardis --cov-report=xml --cov-report=html --cov-append
2025-01-06T14:20:18.4837041Z   CODECOV_TOKEN: ***
2025-01-06T14:20:18.4837270Z   MAMBA_ROOT_PREFIX: /home/runner/micromamba
2025-01-06T14:20:18.4837568Z   MAMBA_EXE: /home/runner/micromamba-bin/micromamba
2025-01-06T14:20:18.4837911Z   CONDARC: /home/runner/work/_temp/setup-micromamba/.condarc
2025-01-06T14:20:18.4838237Z ##[endgroup]
2025-01-06T14:20:18.7118872Z With the provided path, there will be 1 file uploaded
2025-01-06T14:20:18.7124798Z Artifact name is valid!
2025-01-06T14:20:18.7126289Z Root directory input is valid!
2025-01-06T14:20:18.8266419Z Beginning upload of artifact content to blob storage
2025-01-06T14:20:18.9165301Z Uploaded bytes 18407
2025-01-06T14:20:18.9389366Z Finished uploading artifact content to blob storage!
2025-01-06T14:20:18.9392057Z SHA256 hash of uploaded artifact zip is eb9b4b188ba7f969b2e3fc2c1662329196ae25121c7871f65b308dbe135932e6
2025-01-06T14:20:18.9394062Z Finalizing artifact upload
2025-01-06T14:20:19.0119164Z Artifact coverage--continuum-ubuntu-latest.zip successfully finalized. Artifact ID 2390538333
2025-01-06T14:20:19.0120370Z Artifact coverage--continuum-ubuntu-latest has been successfully uploaded! Final size is 18407 bytes. Artifact ID is 2390538333
2025-01-06T14:20:19.0127474Z Artifact download URL: https://github.com/tardis-sn/tardis/actions/runs/12634068540/artifacts/2390538333
2025-01-06T14:20:19.0251208Z Post job cleanup.
2025-01-06T14:20:19.0281065Z Post job cleanup.
2025-01-06T14:20:19.1613184Z Will use pre-installed micromamba at /home/runner/micromamba-bin/micromamba
2025-01-06T14:20:19.1620547Z Removing micromamba run shell ...
2025-01-06T14:20:19.1624463Z ##[group]Deinitialize micromamba for bash
2025-01-06T14:20:19.1643074Z [command]/home/runner/micromamba-bin/micromamba shell deinit -s bash -r /home/runner/micromamba --log-level warning --rc-file /home/runner/work/_temp/setup-micromamba/.condarc
2025-01-06T14:20:19.1740711Z Resetting RC file "/home/runner/.bashrc"
2025-01-06T14:20:19.1741261Z Deleting config for root prefix 
2025-01-06T14:20:19.1741771Z Clearing mamba executable environment variable
2025-01-06T14:20:19.1743607Z Removing the following in your "/home/runner/.bashrc" file
2025-01-06T14:20:19.1744307Z # >>> mamba initialize >>>
2025-01-06T14:20:19.1744738Z ...
2025-01-06T14:20:19.1745259Z # <<< mamba initialize <<<
2025-01-06T14:20:19.1774037Z Removing mamba initialize block from .bash_profile
2025-01-06T14:20:19.1789195Z ##[endgroup]
2025-01-06T14:20:19.1793038Z Removing environment tardis from auto-activate bash ...
2025-01-06T14:20:19.1949385Z Post job cleanup.
2025-01-06T14:20:19.1990390Z Post job cleanup.
2025-01-06T14:20:19.2981214Z [command]/usr/bin/git version
2025-01-06T14:20:19.3018690Z git version 2.47.1
2025-01-06T14:20:19.3061092Z Temporarily overriding HOME='/home/runner/work/_temp/dd9fea79-262a-4ef6-89f1-1c19fd70fec7' before making global git config changes
2025-01-06T14:20:19.3062151Z Adding repository directory to the temporary git global config as a safe directory
2025-01-06T14:20:19.3066899Z [command]/usr/bin/git config --global --add safe.directory /home/runner/work/tardis/tardis/tardis-regression-data
2025-01-06T14:20:19.3101761Z [command]/usr/bin/git config --local --name-only --get-regexp core\.sshCommand
2025-01-06T14:20:19.3133012Z [command]/usr/bin/git submodule foreach --recursive sh -c "git config --local --name-only --get-regexp 'core\.sshCommand' && git config --local --unset-all 'core.sshCommand' || :"
2025-01-06T14:20:19.3361582Z [command]/usr/bin/git config --local --name-only --get-regexp http\.https\:\/\/github\.com\/\.extraheader
2025-01-06T14:20:19.3382368Z http.https://github.com/.extraheader
2025-01-06T14:20:19.3394691Z [command]/usr/bin/git config --local --unset-all http.https://github.com/.extraheader
2025-01-06T14:20:19.3425062Z [command]/usr/bin/git submodule foreach --recursive sh -c "git config --local --name-only --get-regexp 'http\.https\:\/\/github\.com\/\.extraheader' && git config --local --unset-all 'http.https://github.com/.extraheader' || :"
2025-01-06T14:20:19.3756741Z Post job cleanup.
2025-01-06T14:20:19.4704093Z [command]/usr/bin/git version
2025-01-06T14:20:19.4740493Z git version 2.47.1
2025-01-06T14:20:19.4782842Z Temporarily overriding HOME='/home/runner/work/_temp/dd886d56-bb28-407d-bd8b-4b2b4d2dcd59' before making global git config changes
2025-01-06T14:20:19.4783926Z Adding repository directory to the temporary git global config as a safe directory
2025-01-06T14:20:19.4795488Z [command]/usr/bin/git config --global --add safe.directory /home/runner/work/tardis/tardis
2025-01-06T14:20:19.4831139Z [command]/usr/bin/git config --local --name-only --get-regexp core\.sshCommand
2025-01-06T14:20:19.4863237Z [command]/usr/bin/git submodule foreach --recursive sh -c "git config --local --name-only --get-regexp 'core\.sshCommand' && git config --local --unset-all 'core.sshCommand' || :"
2025-01-06T14:20:19.5096915Z [command]/usr/bin/git config --local --name-only --get-regexp http\.https\:\/\/github\.com\/\.extraheader
2025-01-06T14:20:19.5117541Z http.https://github.com/.extraheader
2025-01-06T14:20:19.5129600Z [command]/usr/bin/git config --local --unset-all http.https://github.com/.extraheader
2025-01-06T14:20:19.5159766Z [command]/usr/bin/git submodule foreach --recursive sh -c "git config --local --name-only --get-regexp 'http\.https\:\/\/github\.com\/\.extraheader' && git config --local --unset-all 'http.https://github.com/.extraheader' || :"
2025-01-06T14:20:19.5487560Z Cleaning up orphan processes
