2025-01-09T19:04:37.5427069Z Requested labels: ubuntu-latest
2025-01-09T19:04:37.5429555Z Job defined at: tardis-sn/tardis/.github/workflows/tests.yml@refs/pull/2932/merge
2025-01-09T19:04:37.5429913Z Waiting for a runner to pick up this job...
2025-01-09T19:04:37.8284254Z Job is waiting for a hosted runner to come online.
2025-01-09T19:04:40.6339050Z Job is about to start running on the hosted runner: GitHub Actions 50 (hosted)
2025-01-09T19:04:42.2808378Z Current runner version: '2.321.0'
2025-01-09T19:04:42.2833538Z ##[group]Operating System
2025-01-09T19:04:42.2834380Z Ubuntu
2025-01-09T19:04:42.2834933Z 24.04.1
2025-01-09T19:04:42.2835623Z LTS
2025-01-09T19:04:42.2836090Z ##[endgroup]
2025-01-09T19:04:42.2836659Z ##[group]Runner Image
2025-01-09T19:04:42.2837275Z Image: ubuntu-24.04
2025-01-09T19:04:42.2837794Z Version: 20250105.1.0
2025-01-09T19:04:42.2838870Z Included Software: https://github.com/actions/runner-images/blob/ubuntu24/20250105.1/images/ubuntu/Ubuntu2404-Readme.md
2025-01-09T19:04:42.2840268Z Image Release: https://github.com/actions/runner-images/releases/tag/ubuntu24%2F20250105.1
2025-01-09T19:04:42.2841155Z ##[endgroup]
2025-01-09T19:04:42.2841721Z ##[group]Runner Image Provisioner
2025-01-09T19:04:42.2842312Z 2.0.404.1
2025-01-09T19:04:42.2842769Z ##[endgroup]
2025-01-09T19:04:42.2844936Z ##[group]GITHUB_TOKEN Permissions
2025-01-09T19:04:42.2847194Z Actions: read
2025-01-09T19:04:42.2848020Z Attestations: read
2025-01-09T19:04:42.2848617Z Checks: read
2025-01-09T19:04:42.2849201Z Contents: read
2025-01-09T19:04:42.2849671Z Deployments: read
2025-01-09T19:04:42.2850172Z Discussions: read
2025-01-09T19:04:42.2850753Z Issues: read
2025-01-09T19:04:42.2851197Z Metadata: read
2025-01-09T19:04:42.2851687Z Packages: read
2025-01-09T19:04:42.2852250Z Pages: read
2025-01-09T19:04:42.2852701Z PullRequests: read
2025-01-09T19:04:42.2853231Z RepositoryProjects: read
2025-01-09T19:04:42.2853853Z SecurityEvents: read
2025-01-09T19:04:42.2854341Z Statuses: read
2025-01-09T19:04:42.2854831Z ##[endgroup]
2025-01-09T19:04:42.2858054Z Secret source: None
2025-01-09T19:04:42.2858734Z Prepare workflow directory
2025-01-09T19:04:42.3498388Z Prepare all required actions
2025-01-09T19:04:42.3534756Z Getting action download info
2025-01-09T19:04:42.5264866Z Download action repository 'actions/checkout@v4' (SHA:11bd71901bbe5b1630ceea73d27597364c9af683)
2025-01-09T19:04:42.6157248Z Download action repository 'actions/upload-artifact@v4' (SHA:6f51ac03b9356f520e9adb1b1b7802705f340c2b)
2025-01-09T19:04:42.7737278Z Complete job name: not continuum ubuntu-latest 
2025-01-09T19:04:42.8505830Z ##[group]Run actions/checkout@v4
2025-01-09T19:04:42.8506720Z with:
2025-01-09T19:04:42.8507122Z   repository: tardis-sn/tardis
2025-01-09T19:04:42.8507846Z   token: ***
2025-01-09T19:04:42.8508230Z   ssh-strict: true
2025-01-09T19:04:42.8508636Z   ssh-user: git
2025-01-09T19:04:42.8509040Z   persist-credentials: true
2025-01-09T19:04:42.8509497Z   clean: true
2025-01-09T19:04:42.8509898Z   sparse-checkout-cone-mode: true
2025-01-09T19:04:42.8510648Z   fetch-depth: 1
2025-01-09T19:04:42.8511063Z   fetch-tags: false
2025-01-09T19:04:42.8511485Z   show-progress: true
2025-01-09T19:04:42.8511899Z   lfs: false
2025-01-09T19:04:42.8512294Z   submodules: false
2025-01-09T19:04:42.8512706Z   set-safe-directory: true
2025-01-09T19:04:42.8513455Z env:
2025-01-09T19:04:42.8513825Z   CACHE_NUMBER: 0
2025-01-09T19:04:42.8514995Z   PYTEST_FLAGS: --tardis-regression-data=/home/runner/work/tardis/tardis/tardis-regression-data --cov=tardis --cov-report=xml --cov-report=html --cov-append
2025-01-09T19:04:42.8516572Z   CODECOV_TOKEN: 
2025-01-09T19:04:42.8516975Z ##[endgroup]
2025-01-09T19:04:43.0287793Z Syncing repository: tardis-sn/tardis
2025-01-09T19:04:43.0290524Z ##[group]Getting Git version info
2025-01-09T19:04:43.0291648Z Working directory is '/home/runner/work/tardis/tardis'
2025-01-09T19:04:43.0293226Z [command]/usr/bin/git version
2025-01-09T19:04:43.0336081Z git version 2.47.1
2025-01-09T19:04:43.0364962Z ##[endgroup]
2025-01-09T19:04:43.0379746Z Temporarily overriding HOME='/home/runner/work/_temp/fe3300e5-3bbf-4ee6-8750-3a09b75fb8b6' before making global git config changes
2025-01-09T19:04:43.0381137Z Adding repository directory to the temporary git global config as a safe directory
2025-01-09T19:04:43.0385472Z [command]/usr/bin/git config --global --add safe.directory /home/runner/work/tardis/tardis
2025-01-09T19:04:43.0422999Z Deleting the contents of '/home/runner/work/tardis/tardis'
2025-01-09T19:04:43.0427698Z ##[group]Initializing the repository
2025-01-09T19:04:43.0431739Z [command]/usr/bin/git init /home/runner/work/tardis/tardis
2025-01-09T19:04:43.0494480Z hint: Using 'master' as the name for the initial branch. This default branch name
2025-01-09T19:04:43.0496132Z hint: is subject to change. To configure the initial branch name to use in all
2025-01-09T19:04:43.0497601Z hint: of your new repositories, which will suppress this warning, call:
2025-01-09T19:04:43.0498959Z hint:
2025-01-09T19:04:43.0499949Z hint: 	git config --global init.defaultBranch <name>
2025-01-09T19:04:43.0501187Z hint:
2025-01-09T19:04:43.0502239Z hint: Names commonly chosen instead of 'master' are 'main', 'trunk' and
2025-01-09T19:04:43.0503356Z hint: 'development'. The just-created branch can be renamed via this command:
2025-01-09T19:04:43.0504209Z hint:
2025-01-09T19:04:43.0504647Z hint: 	git branch -m <name>
2025-01-09T19:04:43.0505715Z Initialized empty Git repository in /home/runner/work/tardis/tardis/.git/
2025-01-09T19:04:43.0512955Z [command]/usr/bin/git remote add origin https://github.com/tardis-sn/tardis
2025-01-09T19:04:43.0551232Z ##[endgroup]
2025-01-09T19:04:43.0551968Z ##[group]Disabling automatic garbage collection
2025-01-09T19:04:43.0555694Z [command]/usr/bin/git config --local gc.auto 0
2025-01-09T19:04:43.0586133Z ##[endgroup]
2025-01-09T19:04:43.0586837Z ##[group]Setting up auth
2025-01-09T19:04:43.0593141Z [command]/usr/bin/git config --local --name-only --get-regexp core\.sshCommand
2025-01-09T19:04:43.0623951Z [command]/usr/bin/git submodule foreach --recursive sh -c "git config --local --name-only --get-regexp 'core\.sshCommand' && git config --local --unset-all 'core.sshCommand' || :"
2025-01-09T19:04:43.0911605Z [command]/usr/bin/git config --local --name-only --get-regexp http\.https\:\/\/github\.com\/\.extraheader
2025-01-09T19:04:43.0942892Z [command]/usr/bin/git submodule foreach --recursive sh -c "git config --local --name-only --get-regexp 'http\.https\:\/\/github\.com\/\.extraheader' && git config --local --unset-all 'http.https://github.com/.extraheader' || :"
2025-01-09T19:04:43.1174699Z [command]/usr/bin/git config --local http.https://github.com/.extraheader AUTHORIZATION: basic ***
2025-01-09T19:04:43.1213997Z ##[endgroup]
2025-01-09T19:04:43.1215551Z ##[group]Fetching the repository
2025-01-09T19:04:43.1224582Z [command]/usr/bin/git -c protocol.version=2 fetch --no-tags --prune --no-recurse-submodules --depth=1 origin +55bdb23838417c834ac9f6ff1ca273a53910f449:refs/remotes/pull/2932/merge
2025-01-09T19:04:44.3544472Z From https://github.com/tardis-sn/tardis
2025-01-09T19:04:44.3546657Z  * [new ref]         55bdb23838417c834ac9f6ff1ca273a53910f449 -> pull/2932/merge
2025-01-09T19:04:44.3572762Z ##[endgroup]
2025-01-09T19:04:44.3574298Z ##[group]Determining the checkout info
2025-01-09T19:04:44.3576002Z ##[endgroup]
2025-01-09T19:04:44.3580163Z [command]/usr/bin/git sparse-checkout disable
2025-01-09T19:04:44.3621392Z [command]/usr/bin/git config --local --unset-all extensions.worktreeConfig
2025-01-09T19:04:44.3651534Z ##[group]Checking out the ref
2025-01-09T19:04:44.3656269Z [command]/usr/bin/git checkout --progress --force refs/remotes/pull/2932/merge
2025-01-09T19:04:44.5658914Z Note: switching to 'refs/remotes/pull/2932/merge'.
2025-01-09T19:04:44.5660477Z 
2025-01-09T19:04:44.5661467Z You are in 'detached HEAD' state. You can look around, make experimental
2025-01-09T19:04:44.5665630Z changes and commit them, and you can discard any commits you make in this
2025-01-09T19:04:44.5667900Z state without impacting any branches by switching back to a branch.
2025-01-09T19:04:44.5669206Z 
2025-01-09T19:04:44.5670070Z If you want to create a new branch to retain commits you create, you may
2025-01-09T19:04:44.5672074Z do so (now or later) by using -c with the switch command. Example:
2025-01-09T19:04:44.5673227Z 
2025-01-09T19:04:44.5673743Z   git switch -c <new-branch-name>
2025-01-09T19:04:44.5674604Z 
2025-01-09T19:04:44.5675297Z Or undo this operation with:
2025-01-09T19:04:44.5676095Z 
2025-01-09T19:04:44.5676948Z   git switch -
2025-01-09T19:04:44.5677595Z 
2025-01-09T19:04:44.5678607Z Turn off this advice by setting config variable advice.detachedHead to false
2025-01-09T19:04:44.5680030Z 
2025-01-09T19:04:44.5681470Z HEAD is now at 55bdb23 Merge d0d10c14bfa4ba1136591bd16255beae05040f8d into 0fc2c76326b8122f88ddaf369f17a637bbe37c63
2025-01-09T19:04:44.5689222Z ##[endgroup]
2025-01-09T19:04:44.5736757Z [command]/usr/bin/git log -1 --format=%H
2025-01-09T19:04:44.5852549Z 55bdb23838417c834ac9f6ff1ca273a53910f449
2025-01-09T19:04:44.6083580Z Prepare all required actions
2025-01-09T19:04:44.6084136Z Getting action download info
2025-01-09T19:04:44.7776884Z Download action repository 'actions/cache@v4' (SHA:1bd1e32a3bdc45362d1e726936510720a7c30a57)
2025-01-09T19:04:44.9085347Z ##[group]Run ./.github/actions/setup_lfs
2025-01-09T19:04:44.9085741Z with:
2025-01-09T19:04:44.9086072Z   regression-data-repo: tardis-sn/tardis-regression-data
2025-01-09T19:04:44.9086482Z env:
2025-01-09T19:04:44.9086763Z   CACHE_NUMBER: 0
2025-01-09T19:04:44.9087551Z   PYTEST_FLAGS: --tardis-regression-data=/home/runner/work/tardis/tardis/tardis-regression-data --cov=tardis --cov-report=xml --cov-report=html --cov-append
2025-01-09T19:04:44.9088375Z   CODECOV_TOKEN: 
2025-01-09T19:04:44.9088628Z ##[endgroup]
2025-01-09T19:04:44.9230525Z ##[group]Run actions/checkout@v4
2025-01-09T19:04:44.9230910Z with:
2025-01-09T19:04:44.9231240Z   repository: tardis-sn/tardis-regression-data
2025-01-09T19:04:44.9231653Z   path: tardis-regression-data
2025-01-09T19:04:44.9232225Z   token: ***
2025-01-09T19:04:44.9232510Z   ssh-strict: true
2025-01-09T19:04:44.9232790Z   ssh-user: git
2025-01-09T19:04:44.9233091Z   persist-credentials: true
2025-01-09T19:04:44.9233408Z   clean: true
2025-01-09T19:04:44.9233724Z   sparse-checkout-cone-mode: true
2025-01-09T19:04:44.9234077Z   fetch-depth: 1
2025-01-09T19:04:44.9234361Z   fetch-tags: false
2025-01-09T19:04:44.9234664Z   show-progress: true
2025-01-09T19:04:44.9234964Z   lfs: false
2025-01-09T19:04:44.9235396Z   submodules: false
2025-01-09T19:04:44.9235699Z   set-safe-directory: true
2025-01-09T19:04:44.9236018Z env:
2025-01-09T19:04:44.9236268Z   CACHE_NUMBER: 0
2025-01-09T19:04:44.9237055Z   PYTEST_FLAGS: --tardis-regression-data=/home/runner/work/tardis/tardis/tardis-regression-data --cov=tardis --cov-report=xml --cov-report=html --cov-append
2025-01-09T19:04:44.9237885Z   CODECOV_TOKEN: 
2025-01-09T19:04:44.9238160Z ##[endgroup]
2025-01-09T19:04:45.0209513Z Syncing repository: tardis-sn/tardis-regression-data
2025-01-09T19:04:45.0218425Z ##[group]Getting Git version info
2025-01-09T19:04:45.0219322Z Working directory is '/home/runner/work/tardis/tardis/tardis-regression-data'
2025-01-09T19:04:45.0260167Z [command]/usr/bin/git version
2025-01-09T19:04:45.0307458Z git version 2.47.1
2025-01-09T19:04:45.0333208Z ##[endgroup]
2025-01-09T19:04:45.0347363Z Temporarily overriding HOME='/home/runner/work/_temp/2167891a-6e46-4764-a6e5-7d010554a814' before making global git config changes
2025-01-09T19:04:45.0348726Z Adding repository directory to the temporary git global config as a safe directory
2025-01-09T19:04:45.0353050Z [command]/usr/bin/git config --global --add safe.directory /home/runner/work/tardis/tardis/tardis-regression-data
2025-01-09T19:04:45.0387604Z ##[group]Initializing the repository
2025-01-09T19:04:45.0392747Z [command]/usr/bin/git init /home/runner/work/tardis/tardis/tardis-regression-data
2025-01-09T19:04:45.0430951Z hint: Using 'master' as the name for the initial branch. This default branch name
2025-01-09T19:04:45.0432279Z hint: is subject to change. To configure the initial branch name to use in all
2025-01-09T19:04:45.0433470Z hint: of your new repositories, which will suppress this warning, call:
2025-01-09T19:04:45.0434366Z hint:
2025-01-09T19:04:45.0435005Z hint: 	git config --global init.defaultBranch <name>
2025-01-09T19:04:45.0436025Z hint:
2025-01-09T19:04:45.0436800Z hint: Names commonly chosen instead of 'master' are 'main', 'trunk' and
2025-01-09T19:04:45.0438061Z hint: 'development'. The just-created branch can be renamed via this command:
2025-01-09T19:04:45.0439438Z hint:
2025-01-09T19:04:45.0440049Z hint: 	git branch -m <name>
2025-01-09T19:04:45.0441256Z Initialized empty Git repository in /home/runner/work/tardis/tardis/tardis-regression-data/.git/
2025-01-09T19:04:45.0445654Z [command]/usr/bin/git remote add origin https://github.com/tardis-sn/tardis-regression-data
2025-01-09T19:04:45.0476986Z ##[endgroup]
2025-01-09T19:04:45.0477896Z ##[group]Disabling automatic garbage collection
2025-01-09T19:04:45.0482711Z [command]/usr/bin/git config --local gc.auto 0
2025-01-09T19:04:45.0512513Z ##[endgroup]
2025-01-09T19:04:45.0513422Z ##[group]Setting up auth
2025-01-09T19:04:45.0520039Z [command]/usr/bin/git config --local --name-only --get-regexp core\.sshCommand
2025-01-09T19:04:45.0550225Z [command]/usr/bin/git submodule foreach --recursive sh -c "git config --local --name-only --get-regexp 'core\.sshCommand' && git config --local --unset-all 'core.sshCommand' || :"
2025-01-09T19:04:45.0781690Z [command]/usr/bin/git config --local --name-only --get-regexp http\.https\:\/\/github\.com\/\.extraheader
2025-01-09T19:04:45.0813395Z [command]/usr/bin/git submodule foreach --recursive sh -c "git config --local --name-only --get-regexp 'http\.https\:\/\/github\.com\/\.extraheader' && git config --local --unset-all 'http.https://github.com/.extraheader' || :"
2025-01-09T19:04:45.1076200Z [command]/usr/bin/git config --local http.https://github.com/.extraheader AUTHORIZATION: basic ***
2025-01-09T19:04:45.1121244Z ##[endgroup]
2025-01-09T19:04:45.1122184Z ##[group]Determining the default branch
2025-01-09T19:04:45.1125837Z Retrieving the default branch name
2025-01-09T19:04:45.3206203Z Default branch 'main'
2025-01-09T19:04:45.3207136Z ##[endgroup]
2025-01-09T19:04:45.3207676Z ##[group]Fetching the repository
2025-01-09T19:04:45.3214106Z [command]/usr/bin/git -c protocol.version=2 fetch --no-tags --prune --no-recurse-submodules --depth=1 origin +refs/heads/main:refs/remotes/origin/main
2025-01-09T19:04:45.5797214Z From https://github.com/tardis-sn/tardis-regression-data
2025-01-09T19:04:45.5797732Z  * [new branch]      main       -> origin/main
2025-01-09T19:04:45.5824037Z ##[endgroup]
2025-01-09T19:04:45.5824733Z ##[group]Determining the checkout info
2025-01-09T19:04:45.5825989Z ##[endgroup]
2025-01-09T19:04:45.5831815Z [command]/usr/bin/git sparse-checkout disable
2025-01-09T19:04:45.5873823Z [command]/usr/bin/git config --local --unset-all extensions.worktreeConfig
2025-01-09T19:04:45.5906843Z ##[group]Checking out the ref
2025-01-09T19:04:45.5912236Z [command]/usr/bin/git checkout --progress --force -B main refs/remotes/origin/main
2025-01-09T19:04:45.7221852Z Switched to a new branch 'main'
2025-01-09T19:04:45.7223412Z branch 'main' set up to track 'origin/main'.
2025-01-09T19:04:45.7515855Z ##[endgroup]
2025-01-09T19:04:45.7565264Z [command]/usr/bin/git log -1 --format=%H
2025-01-09T19:04:45.7594863Z 666ab8501c2b2aea30d05b8822e7ddbfca078d23
2025-01-09T19:04:45.7742654Z ##[group]Run git lfs ls-files -l | cut -d' ' -f1 | sort > .lfs-assets-id
2025-01-09T19:04:45.7743265Z [36;1mgit lfs ls-files -l | cut -d' ' -f1 | sort > .lfs-assets-id[0m
2025-01-09T19:04:45.7774921Z shell: /usr/bin/bash --noprofile --norc -e -o pipefail {0}
2025-01-09T19:04:45.7775565Z env:
2025-01-09T19:04:45.7775751Z   CACHE_NUMBER: 0
2025-01-09T19:04:45.7776410Z   PYTEST_FLAGS: --tardis-regression-data=/home/runner/work/tardis/tardis/tardis-regression-data --cov=tardis --cov-report=xml --cov-report=html --cov-append
2025-01-09T19:04:45.7777124Z   CODECOV_TOKEN: 
2025-01-09T19:04:45.7777323Z ##[endgroup]
2025-01-09T19:04:45.9333660Z ##[group]Run actions/cache/restore@v4
2025-01-09T19:04:45.9333950Z with:
2025-01-09T19:04:45.9334147Z   path: tardis-regression-data/.git/lfs
2025-01-09T19:04:45.9334608Z   key: Linux-lfs-21f9fa4b6817cc69b9fae3598144724da7828e276a73bd17f47a2a49d9af090a-v1
2025-01-09T19:04:45.9335237Z   enableCrossOsArchive: false
2025-01-09T19:04:45.9335511Z   fail-on-cache-miss: false
2025-01-09T19:04:45.9336090Z   lookup-only: false
2025-01-09T19:04:45.9336290Z env:
2025-01-09T19:04:45.9336454Z   CACHE_NUMBER: 0
2025-01-09T19:04:45.9337066Z   PYTEST_FLAGS: --tardis-regression-data=/home/runner/work/tardis/tardis/tardis-regression-data --cov=tardis --cov-report=xml --cov-report=html --cov-append
2025-01-09T19:04:45.9337707Z   CODECOV_TOKEN: 
2025-01-09T19:04:45.9337886Z ##[endgroup]
2025-01-09T19:04:47.1872726Z Received 314572800 of 1708418946 (18.4%), 300.0 MBs/sec
2025-01-09T19:04:48.1894107Z Received 725614592 of 1708418946 (42.5%), 345.5 MBs/sec
2025-01-09T19:04:49.1956402Z Received 1145044992 of 1708418946 (67.0%), 363.3 MBs/sec
2025-01-09T19:04:50.1936306Z Received 1530920960 of 1708418946 (89.6%), 364.5 MBs/sec
2025-01-09T19:04:50.7610545Z Cache Size: ~1629 MB (1708418946 B)
2025-01-09T19:04:50.7749238Z [command]/usr/bin/tar -xf /home/runner/work/_temp/0dccc810-f62f-43ab-b5d7-7164fc538cdf/cache.tzst -P -C /home/runner/work/tardis/tardis --use-compress-program unzstd
2025-01-09T19:04:51.1939821Z Received 1708418946 of 1708418946 (100.0%), 325.4 MBs/sec
2025-01-09T19:04:57.1590940Z Cache restored successfully
2025-01-09T19:04:57.5035451Z Cache restored from key: Linux-lfs-21f9fa4b6817cc69b9fae3598144724da7828e276a73bd17f47a2a49d9af090a-v1
2025-01-09T19:04:57.5234774Z ##[group]Run git lfs checkout
2025-01-09T19:04:57.5235265Z [36;1mgit lfs checkout[0m
2025-01-09T19:04:57.5263081Z shell: /usr/bin/bash --noprofile --norc -e -o pipefail {0}
2025-01-09T19:04:57.5263412Z env:
2025-01-09T19:04:57.5263579Z   CACHE_NUMBER: 0
2025-01-09T19:04:57.5264219Z   PYTEST_FLAGS: --tardis-regression-data=/home/runner/work/tardis/tardis/tardis-regression-data --cov=tardis --cov-report=xml --cov-report=html --cov-append
2025-01-09T19:04:57.5264866Z   CODECOV_TOKEN: 
2025-01-09T19:04:57.5265269Z ##[endgroup]
2025-01-09T19:05:08.8090919Z Checking out LFS objects: 100% (204/204), 3.5 GB | 339 MB/s, done.
2025-01-09T19:05:12.6577131Z Prepare all required actions
2025-01-09T19:05:12.6577477Z Getting action download info
2025-01-09T19:05:12.8188064Z Download action repository 'mamba-org/setup-micromamba@v1' (SHA:4b9113af4fba0e9e1124b252dd6497a419e7396d)
2025-01-09T19:05:13.1177171Z ##[group]Run ./.github/actions/setup_env
2025-01-09T19:05:13.1177447Z with:
2025-01-09T19:05:13.1177627Z   os-label: linux-64
2025-01-09T19:05:13.1177815Z env:
2025-01-09T19:05:13.1177964Z   CACHE_NUMBER: 0
2025-01-09T19:05:13.1178583Z   PYTEST_FLAGS: --tardis-regression-data=/home/runner/work/tardis/tardis/tardis-regression-data --cov=tardis --cov-report=xml --cov-report=html --cov-append
2025-01-09T19:05:13.1179207Z   CODECOV_TOKEN: 
2025-01-09T19:05:13.1179385Z ##[endgroup]
2025-01-09T19:05:13.1200912Z ##[group]Run file_hash=$(cat conda-linux-64.lock | shasum -a 256 | cut -d' ' -f1)
2025-01-09T19:05:13.1201426Z [36;1mfile_hash=$(cat conda-linux-64.lock | shasum -a 256 | cut -d' ' -f1)[0m
2025-01-09T19:05:13.1201875Z [36;1mecho "file_hash=$file_hash" >> "${GITHUB_OUTPUT}"[0m
2025-01-09T19:05:13.1229418Z shell: /usr/bin/bash --noprofile --norc -e -o pipefail {0}
2025-01-09T19:05:13.1229760Z env:
2025-01-09T19:05:13.1229934Z   CACHE_NUMBER: 0
2025-01-09T19:05:13.1230549Z   PYTEST_FLAGS: --tardis-regression-data=/home/runner/work/tardis/tardis/tardis-regression-data --cov=tardis --cov-report=xml --cov-report=html --cov-append
2025-01-09T19:05:13.1231189Z   CODECOV_TOKEN: 
2025-01-09T19:05:13.1231371Z ##[endgroup]
2025-01-09T19:05:13.1526938Z ##[group]Run mamba-org/setup-micromamba@v1
2025-01-09T19:05:13.1527254Z with:
2025-01-09T19:05:13.1527481Z   environment-file: conda-linux-64.lock
2025-01-09T19:05:13.1527967Z   cache-environment-key: d7cd390425b0fd3cf82649dcc003efba9915fb4928f15d342148c3ccffcbe2ee
2025-01-09T19:05:13.1528613Z   cache-downloads-key: d7cd390425b0fd3cf82649dcc003efba9915fb4928f15d342148c3ccffcbe2ee
2025-01-09T19:05:13.1529072Z   environment-name: tardis
2025-01-09T19:05:13.1529337Z   cache-environment: true
2025-01-09T19:05:13.1529608Z   cache-downloads: true
2025-01-09T19:05:13.1529830Z env:
2025-01-09T19:05:13.1530020Z   CACHE_NUMBER: 0
2025-01-09T19:05:13.1530931Z   PYTEST_FLAGS: --tardis-regression-data=/home/runner/work/tardis/tardis/tardis-regression-data --cov=tardis --cov-report=xml --cov-report=html --cov-append
2025-01-09T19:05:13.1531657Z   CODECOV_TOKEN: 
2025-01-09T19:05:13.1531871Z ##[endgroup]
2025-01-09T19:05:13.3140199Z Will download micromamba to /home/runner/micromamba-bin/micromamba
2025-01-09T19:05:13.3152150Z ##[group]Install micromamba
2025-01-09T19:05:13.5515393Z micromamba installed to /home/runner/micromamba-bin/micromamba
2025-01-09T19:05:13.5516394Z ##[endgroup]
2025-01-09T19:05:13.5521138Z Adding conda-forge to condarc channels ...
2025-01-09T19:05:13.5529275Z ##[group]Initialize micromamba for bash.
2025-01-09T19:05:13.5546429Z [command]/home/runner/micromamba-bin/micromamba shell init -s bash -r /home/runner/micromamba --log-level warning --rc-file /home/runner/work/_temp/setup-micromamba/.condarc
2025-01-09T19:05:13.5661249Z Modifying RC file "/home/runner/.bashrc"
2025-01-09T19:05:13.5662711Z Generating config for root prefix [1m"/home/runner/micromamba"[0m
2025-01-09T19:05:13.5665767Z Setting mamba executable to: [1m"/home/runner/micromamba-bin/micromamba"[0m
2025-01-09T19:05:13.5666604Z Adding (or replacing) the following in your "/home/runner/.bashrc" file
2025-01-09T19:05:13.5667102Z 
2025-01-09T19:05:13.5667247Z # >>> mamba initialize >>>
2025-01-09T19:05:13.5667743Z # !! Contents within this block are managed by 'mamba init' !!
2025-01-09T19:05:13.5668403Z export MAMBA_EXE='/home/runner/micromamba-bin/micromamba';
2025-01-09T19:05:13.5669016Z export MAMBA_ROOT_PREFIX='/home/runner/micromamba';
2025-01-09T19:05:13.5669841Z __mamba_setup="$("$MAMBA_EXE" shell hook --shell bash --root-prefix "$MAMBA_ROOT_PREFIX" 2> /dev/null)"
2025-01-09T19:05:13.5670623Z if [ $? -eq 0 ]; then
2025-01-09T19:05:13.5670969Z     eval "$__mamba_setup"
2025-01-09T19:05:13.5671320Z else
2025-01-09T19:05:13.5672145Z     alias micromamba="$MAMBA_EXE"  # Fallback on help from mamba activate
2025-01-09T19:05:13.5672761Z fi
2025-01-09T19:05:13.5673068Z unset __mamba_setup
2025-01-09T19:05:13.5673408Z # <<< mamba initialize <<<
2025-01-09T19:05:13.5673644Z 
2025-01-09T19:05:13.5682157Z Moving mamba initialize block to .bash_profile
2025-01-09T19:05:13.5694662Z ##[endgroup]
2025-01-09T19:05:13.5696257Z ##[group]Restoring downloads from `/home/runner/micromamba/pkgs` ...
2025-01-09T19:05:14.6665818Z Received 310378496 of 356800233 (87.0%), 296.0 MBs/sec
2025-01-09T19:05:14.7775233Z Cache Size: ~340 MB (356800233 B)
2025-01-09T19:05:14.7815951Z [command]/usr/bin/tar -xf /home/runner/work/_temp/228fe3a7-4dd1-4352-bcf5-13d0e59a88d5/cache.tzst -P -C /home/runner/work/tardis/tardis --use-compress-program unzstd
2025-01-09T19:05:15.2439145Z Cache restored successfully
2025-01-09T19:05:15.3173923Z Restored cache with key `d7cd390425b0fd3cf82649dcc003efba9915fb4928f15d342148c3ccffcbe2ee-linux-64`
2025-01-09T19:05:15.3176313Z ##[endgroup]
2025-01-09T19:05:15.3187234Z ##[group]Restoring environment `tardis` from `/home/runner/micromamba/envs/tardis` ...
2025-01-09T19:05:15.6717594Z Received 356800233 of 356800233 (100.0%), 169.7 MBs/sec
2025-01-09T19:05:16.3867187Z Received 331350016 of 444592193 (74.5%), 315.4 MBs/sec
2025-01-09T19:05:16.6384987Z Cache Size: ~424 MB (444592193 B)
2025-01-09T19:05:16.6512923Z [command]/usr/bin/tar -xf /home/runner/work/_temp/e7e0ec2e-b51f-4d52-8bda-4134ca78d32a/cache.tzst -P -C /home/runner/work/tardis/tardis --use-compress-program unzstd
2025-01-09T19:05:17.3886876Z Received 444592193 of 444592193 (100.0%), 211.6 MBs/sec
2025-01-09T19:05:21.9786588Z Cache restored successfully
2025-01-09T19:05:22.0836910Z Restored cache with key `d7cd390425b0fd3cf82649dcc003efba9915fb4928f15d342148c3ccffcbe2ee-linux-64-tardis-args-4f53cda-root-dcc80ee-bin-[object Promise]-file-d7cd390425b0fd3cf82649dcc003efba9915fb4928f15d342148c3ccffcbe2ee`
2025-01-09T19:05:22.0838851Z ##[endgroup]
2025-01-09T19:05:22.0839126Z Adding environment tardis to auto-activate bash ...
2025-01-09T19:05:22.0849253Z Generating micromamba run shell.
2025-01-09T19:05:22.0857964Z ##[endgroup]
2025-01-09T19:05:22.0865211Z Set environment variables.
2025-01-09T19:05:22.0868375Z ##[group]micromamba info
2025-01-09T19:05:22.0872030Z [command]/home/runner/micromamba-bin/micromamba info -r /home/runner/micromamba -n tardis
2025-01-09T19:05:22.1108582Z 
2025-01-09T19:05:22.1109295Z        libmamba version : 1.5.10
2025-01-09T19:05:22.1110019Z      micromamba version : 1.5.10
2025-01-09T19:05:22.1110617Z            curl version : libcurl/8.10.1 OpenSSL/3.3.2 zlib/1.3.1 zstd/1.5.6 libssh2/1.11.0 nghttp2/1.58.0
2025-01-09T19:05:22.1111241Z      libarchive version : libarchive 3.7.4 zlib/1.2.13 bz2lib/1.0.8 libzstd/1.5.6
2025-01-09T19:05:22.1111744Z        envs directories : /home/runner/micromamba/envs
2025-01-09T19:05:22.1112120Z           package cache : /home/runner/micromamba/pkgs
2025-01-09T19:05:22.1112518Z                           /home/runner/.mamba/pkgs
2025-01-09T19:05:22.1112839Z             environment : tardis
2025-01-09T19:05:22.1113180Z            env location : /home/runner/micromamba/envs/tardis
2025-01-09T19:05:22.1113569Z       user config files : /home/runner/.mambarc
2025-01-09T19:05:22.1114023Z  populated config files : /home/runner/work/_temp/setup-micromamba/.condarc
2025-01-09T19:05:22.1114477Z        virtual packages : __unix=0=0
2025-01-09T19:05:22.1114774Z                           __linux=6.8.0=0
2025-01-09T19:05:22.1115313Z                           __glibc=2.39=0
2025-01-09T19:05:22.1115669Z                           __archspec=1=x86_64_v3
2025-01-09T19:05:22.1116176Z                channels : https://conda.anaconda.org/conda-forge/linux-64
2025-01-09T19:05:22.1116627Z                           https://conda.anaconda.org/conda-forge/noarch
2025-01-09T19:05:22.1117003Z        base environment : /home/runner/micromamba
2025-01-09T19:05:22.1117323Z                platform : linux-64
2025-01-09T19:05:22.1126267Z ##[endgroup]
2025-01-09T19:05:22.1127213Z ##[group]micromamba list
2025-01-09T19:05:22.1128603Z [command]/home/runner/micromamba-bin/micromamba list -r /home/runner/micromamba -n tardis
2025-01-09T19:05:22.5038230Z List of packages in environment: "/home/runner/micromamba/envs/tardis"
2025-01-09T19:05:22.5038808Z 
2025-01-09T19:05:22.5039055Z   Name                           Version              Build                    Channel    
2025-01-09T19:05:22.5040069Z ────────────────────────────────────────────────────────────────────────────────────────────
2025-01-09T19:05:22.5040746Z   _libgcc_mutex                  0.1                  conda_forge              conda-forge
2025-01-09T19:05:22.5041346Z   _openmp_mutex                  4.5                  2_gnu                    conda-forge
2025-01-09T19:05:22.5041924Z   alabaster                      0.7.16               pyhd8ed1ab_0             conda-forge
2025-01-09T19:05:22.5042474Z   anyio                          4.4.0                pyhd8ed1ab_0             conda-forge
2025-01-09T19:05:22.5043057Z   argon2-cffi                    23.1.0               pyhd8ed1ab_0             conda-forge
2025-01-09T19:05:22.5043745Z   argon2-cffi-bindings           21.2.0               py312h98912ed_4          conda-forge
2025-01-09T19:05:22.5044310Z   arrow                          1.3.0                pyhd8ed1ab_0             conda-forge
2025-01-09T19:05:22.5044914Z   astropy                        6.1.1                py312h085067d_0          conda-forge
2025-01-09T19:05:22.5050621Z   astropy-iers-data              0.2024.6.17.0.31.35  pyhd8ed1ab_0             conda-forge
2025-01-09T19:05:22.5051382Z   astropy-sphinx-theme           1.1                  pyhd8ed1ab_0             conda-forge
2025-01-09T19:05:22.5051839Z   asttokens                      2.4.1                pyhd8ed1ab_0             conda-forge
2025-01-09T19:05:22.5052217Z   async-lru                      2.0.4                pyhd8ed1ab_0             conda-forge
2025-01-09T19:05:22.5052583Z   atk-1.0                        2.38.0               h04ea711_2               conda-forge
2025-01-09T19:05:22.5052921Z   attrs                          23.2.0               pyh71513ae_0             conda-forge
2025-01-09T19:05:22.5053640Z   babel                          2.14.0               pyhd8ed1ab_0             conda-forge
2025-01-09T19:05:22.5054007Z   beautifulsoup4                 4.12.3               pyha770c72_0             conda-forge
2025-01-09T19:05:22.5054374Z   bleach                         6.1.0                pyhd8ed1ab_0             conda-forge
2025-01-09T19:05:22.5054708Z   blosc                          1.21.5               hc2324a3_1               conda-forge
2025-01-09T19:05:22.5055284Z   brotli                         1.1.0                hd590300_1               conda-forge
2025-01-09T19:05:22.5055683Z   brotli-bin                     1.1.0                hd590300_1               conda-forge
2025-01-09T19:05:22.5056061Z   brotli-python                  1.1.0                py312h30efb56_1          conda-forge
2025-01-09T19:05:22.5056425Z   bzip2                          1.0.8                hd590300_5               conda-forge
2025-01-09T19:05:22.5056758Z   c-ares                         1.28.1               hd590300_0               conda-forge
2025-01-09T19:05:22.5057092Z   c-blosc2                       2.14.4               hb4ffafa_1               conda-forge
2025-01-09T19:05:22.5057469Z   ca-certificates                2024.6.2             hbcca054_0               conda-forge
2025-01-09T19:05:22.5057865Z   cached-property                1.5.2                hd8ed1ab_1               conda-forge
2025-01-09T19:05:22.5058256Z   cached_property                1.5.2                pyha770c72_1             conda-forge
2025-01-09T19:05:22.5058625Z   cairo                          1.18.0               h3faef2a_0               conda-forge
2025-01-09T19:05:22.5058969Z   certifi                        2024.6.2             pyhd8ed1ab_0             conda-forge
2025-01-09T19:05:22.5059480Z   cffi                           1.16.0               py312hf06ca03_0          conda-forge
2025-01-09T19:05:22.5059872Z   charset-normalizer             3.3.2                pyhd8ed1ab_0             conda-forge
2025-01-09T19:05:22.5060272Z   click                          8.1.7                unix_pyh707e725_0        conda-forge
2025-01-09T19:05:22.5060634Z   codespell                      2.3.0                pyhd8ed1ab_0             conda-forge
2025-01-09T19:05:22.5061000Z   colorama                       0.4.6                pyhd8ed1ab_0             conda-forge
2025-01-09T19:05:22.5061350Z   comm                           0.2.2                pyhd8ed1ab_0             conda-forge
2025-01-09T19:05:22.5061705Z   commonmark                     0.9.1                py_0                     conda-forge
2025-01-09T19:05:22.5062074Z   contourpy                      1.2.1                py312h8572e83_0          conda-forge
2025-01-09T19:05:22.5062428Z   coverage                       7.5.3                py312h9a8786e_0          conda-forge
2025-01-09T19:05:22.5062778Z   cycler                         0.12.1               pyhd8ed1ab_0             conda-forge
2025-01-09T19:05:22.5063142Z   dataclasses                    0.8                  pyhc8e2a94_3             conda-forge
2025-01-09T19:05:22.5063497Z   debugpy                        1.8.1                py312h30efb56_0          conda-forge
2025-01-09T19:05:22.5063853Z   decorator                      5.1.1                pyhd8ed1ab_0             conda-forge
2025-01-09T19:05:22.5064213Z   defusedxml                     0.7.1                pyhd8ed1ab_0             conda-forge
2025-01-09T19:05:22.5064569Z   docutils                       0.20.1               py312h7900ff3_3          conda-forge
2025-01-09T19:05:22.5064917Z   dot2tex                        2.11.3               pyhd8ed1ab_0             conda-forge
2025-01-09T19:05:22.5065427Z   entrypoints                    0.4                  pyhd8ed1ab_0             conda-forge
2025-01-09T19:05:22.5065820Z   exceptiongroup                 1.2.0                pyhd8ed1ab_2             conda-forge
2025-01-09T19:05:22.5066194Z   executing                      2.0.1                pyhd8ed1ab_0             conda-forge
2025-01-09T19:05:22.5066670Z   expat                          2.6.2                h59595ed_0               conda-forge
2025-01-09T19:05:22.5067061Z   font-ttf-dejavu-sans-mono      2.37                 hab24e00_0               conda-forge
2025-01-09T19:05:22.5067502Z   font-ttf-inconsolata           3.000                h77eed37_0               conda-forge
2025-01-09T19:05:22.5067942Z   font-ttf-source-code-pro       2.038                h77eed37_0               conda-forge
2025-01-09T19:05:22.5068357Z   font-ttf-ubuntu                0.83                 h77eed37_2               conda-forge
2025-01-09T19:05:22.5068733Z   fontconfig                     2.14.2               h14ed4e7_0               conda-forge
2025-01-09T19:05:22.5069126Z   fonts-conda-ecosystem          1                    0                        conda-forge
2025-01-09T19:05:22.5069533Z   fonts-conda-forge              1                    0                        conda-forge
2025-01-09T19:05:22.5069904Z   fonttools                      4.53.0               py312h9a8786e_0          conda-forge
2025-01-09T19:05:22.5070253Z   fqdn                           1.5.1                pyhd8ed1ab_0             conda-forge
2025-01-09T19:05:22.5070586Z   freetype                       2.12.1               h267a509_2               conda-forge
2025-01-09T19:05:22.5070953Z   fribidi                        1.0.10               h36c2ea0_0               conda-forge
2025-01-09T19:05:22.5071423Z   future                         1.0.0                pyhd8ed1ab_0             conda-forge
2025-01-09T19:05:22.5071888Z   gdk-pixbuf                     2.42.12              hb9ae30d_0               conda-forge
2025-01-09T19:05:22.5072575Z   giflib                         5.2.2                hd590300_0               conda-forge
2025-01-09T19:05:22.5073192Z   git-lfs                        3.5.1                ha770c72_0               conda-forge
2025-01-09T19:05:22.5073606Z   gmp                            6.3.0                h59595ed_1               conda-forge
2025-01-09T19:05:22.5074342Z   gmpy2                          2.1.5                py312h1d5cde6_1          conda-forge
2025-01-09T19:05:22.5075207Z   graphite2                      1.3.13               h59595ed_1003            conda-forge
2025-01-09T19:05:22.5075830Z   graphviz                       11.0.0               hc68bbd7_0               conda-forge
2025-01-09T19:05:22.5076341Z   gtk2                           2.24.33              h280cfa0_4               conda-forge
2025-01-09T19:05:22.5077043Z   gts                            0.7.6                h977cf35_4               conda-forge
2025-01-09T19:05:22.5077856Z   h11                            0.14.0               pyhd8ed1ab_0             conda-forge
2025-01-09T19:05:22.5152062Z   h2                             4.1.0                pyhd8ed1ab_0             conda-forge
2025-01-09T19:05:22.5152782Z   h5py                           3.11.0               nompi_py312hb7ab980_102  conda-forge
2025-01-09T19:05:22.5153283Z   harfbuzz                       8.5.0                hfac3d4d_0               conda-forge
2025-01-09T19:05:22.5154070Z   hdf5                           1.14.3               nompi_hdf9ad27_105       conda-forge
2025-01-09T19:05:22.5154427Z   hpack                          4.0.0                pyh9f0ad1d_0             conda-forge
2025-01-09T19:05:22.5154804Z   httpcore                       1.0.5                pyhd8ed1ab_0             conda-forge
2025-01-09T19:05:22.5155339Z   httpx                          0.27.0               pyhd8ed1ab_0             conda-forge
2025-01-09T19:05:22.5155699Z   hyperframe                     6.0.1                pyhd8ed1ab_0             conda-forge
2025-01-09T19:05:22.5156057Z   icu                            73.2                 h59595ed_0               conda-forge
2025-01-09T19:05:22.5156384Z   idna                           3.7                  pyhd8ed1ab_0             conda-forge
2025-01-09T19:05:22.5156738Z   imagesize                      1.4.1                pyhd8ed1ab_0             conda-forge
2025-01-09T19:05:22.5157512Z   importlib-metadata             7.1.0                pyha770c72_0             conda-forge
2025-01-09T19:05:22.5157934Z   importlib_metadata             7.1.0                hd8ed1ab_0               conda-forge
2025-01-09T19:05:22.5158348Z   importlib_resources            6.4.0                pyhd8ed1ab_0             conda-forge
2025-01-09T19:05:22.5158752Z   iniconfig                      2.0.0                pyhd8ed1ab_0             conda-forge
2025-01-09T19:05:22.5159117Z   ipykernel                      6.29.4               pyh3099207_0             conda-forge
2025-01-09T19:05:22.5159477Z   ipython                        8.25.0               pyh707e725_0             conda-forge
2025-01-09T19:05:22.5159863Z   ipython_genutils               0.2.0                pyhd8ed1ab_1             conda-forge
2025-01-09T19:05:22.5160274Z   ipywidgets                     7.8.0                pyhd8ed1ab_0             conda-forge
2025-01-09T19:05:22.5160678Z   isoduration                    20.11.0              pyhd8ed1ab_0             conda-forge
2025-01-09T19:05:22.5161073Z   jedi                           0.19.1               pyhd8ed1ab_0             conda-forge
2025-01-09T19:05:22.5161445Z   jinja2                         3.1.4                pyhd8ed1ab_0             conda-forge
2025-01-09T19:05:22.5161809Z   json5                          0.9.25               pyhd8ed1ab_0             conda-forge
2025-01-09T19:05:22.5162193Z   jsonpointer                    3.0.0                py312h7900ff3_0          conda-forge
2025-01-09T19:05:22.5162589Z   jsonschema                     4.22.0               pyhd8ed1ab_0             conda-forge
2025-01-09T19:05:22.5163052Z   jsonschema-specifications      2023.12.1            pyhd8ed1ab_0             conda-forge
2025-01-09T19:05:22.5163717Z   jsonschema-with-format-nongpl  4.22.0               pyhd8ed1ab_0             conda-forge
2025-01-09T19:05:22.5164188Z   jupyter-lsp                    2.2.5                pyhd8ed1ab_0             conda-forge
2025-01-09T19:05:22.5164612Z   jupyter_client                 8.6.2                pyhd8ed1ab_0             conda-forge
2025-01-09T19:05:22.5165183Z   jupyter_core                   5.7.2                py312h7900ff3_0          conda-forge
2025-01-09T19:05:22.5165675Z   jupyter_events                 0.10.0               pyhd8ed1ab_0             conda-forge
2025-01-09T19:05:22.5166084Z   jupyter_server                 2.14.1               pyhd8ed1ab_0             conda-forge
2025-01-09T19:05:22.5166521Z   jupyter_server_terminals       0.5.3                pyhd8ed1ab_0             conda-forge
2025-01-09T19:05:22.5166953Z   jupyterlab                     4.2.2                pyhd8ed1ab_0             conda-forge
2025-01-09T19:05:22.5167370Z   jupyterlab_pygments            0.3.0                pyhd8ed1ab_1             conda-forge
2025-01-09T19:05:22.5167816Z   jupyterlab_server              2.27.2               pyhd8ed1ab_0             conda-forge
2025-01-09T19:05:22.5168247Z   jupyterlab_widgets             1.1.7                pyhd8ed1ab_0             conda-forge
2025-01-09T19:05:22.5168654Z   keyutils                       1.6.1                h166bdaf_0               conda-forge
2025-01-09T19:05:22.5169243Z   kiwisolver                     1.4.5                py312h8572e83_1          conda-forge
2025-01-09T19:05:22.5169823Z   krb5                           1.21.2               h659d440_0               conda-forge
2025-01-09T19:05:22.5170322Z   latexcodec                     2.0.1                pyh9f0ad1d_0             conda-forge
2025-01-09T19:05:22.5170686Z   lcms2                          2.16                 hb7c19ff_0               conda-forge
2025-01-09T19:05:22.5171044Z   ld_impl_linux-64               2.40                 hf3520f5_7               conda-forge
2025-01-09T19:05:22.5171391Z   lerc                           4.0.0                h27087fc_0               conda-forge
2025-01-09T19:05:22.5171723Z   libaec                         1.1.3                h59595ed_0               conda-forge
2025-01-09T19:05:22.5172221Z   libblas                        3.9.0                22_linux64_openblas      conda-forge
2025-01-09T19:05:22.5172604Z   libbrotlicommon                1.1.0                hd590300_1               conda-forge
2025-01-09T19:05:22.5172991Z   libbrotlidec                   1.1.0                hd590300_1               conda-forge
2025-01-09T19:05:22.5173360Z   libbrotlienc                   1.1.0                hd590300_1               conda-forge
2025-01-09T19:05:22.5173724Z   libcblas                       3.9.0                22_linux64_openblas      conda-forge
2025-01-09T19:05:22.5174068Z   libcurl                        8.8.0                hca28451_0               conda-forge
2025-01-09T19:05:22.5174415Z   libdeflate                     1.20                 hd590300_0               conda-forge
2025-01-09T19:05:22.5174775Z   libedit                        3.1.20191231         he28a2e2_2               conda-forge
2025-01-09T19:05:22.5175260Z   libev                          4.33                 hd590300_2               conda-forge
2025-01-09T19:05:22.5175601Z   libexpat                       2.6.2                h59595ed_0               conda-forge
2025-01-09T19:05:22.5175946Z   libffi                         3.4.2                h7f98852_5               conda-forge
2025-01-09T19:05:22.5176294Z   libgcc-ng                      13.2.0               h77fa898_10              conda-forge
2025-01-09T19:05:22.5176634Z   libgd                          2.3.3                h119a65a_9               conda-forge
2025-01-09T19:05:22.5176992Z   libgfortran-ng                 13.2.0               h69a702a_10              conda-forge
2025-01-09T19:05:22.5177370Z   libgfortran5                   13.2.0               h3d2ce59_10              conda-forge
2025-01-09T19:05:22.5177723Z   libglib                        2.80.2               h8a4344b_1               conda-forge
2025-01-09T19:05:22.5178184Z   libgomp                        13.2.0               h77fa898_10              conda-forge
2025-01-09T19:05:22.5178537Z   libiconv                       1.17                 hd590300_2               conda-forge
2025-01-09T19:05:22.5178895Z   libjpeg-turbo                  3.0.0                hd590300_1               conda-forge
2025-01-09T19:05:22.5179263Z   liblapack                      3.9.0                22_linux64_openblas      conda-forge
2025-01-09T19:05:22.5179618Z   libllvm14                      14.0.6               hcd5def8_4               conda-forge
2025-01-09T19:05:22.5179973Z   libnghttp2                     1.58.0               h47da74e_1               conda-forge
2025-01-09T19:05:22.5180341Z   libnsl                         2.0.1                hd590300_0               conda-forge
2025-01-09T19:05:22.5180725Z   libopenblas                    0.3.27               pthreads_h413a1c8_0      conda-forge
2025-01-09T19:05:22.5181103Z   libpng                         1.6.43               h2797004_0               conda-forge
2025-01-09T19:05:22.5181447Z   librsvg                        2.58.1               hadf69e7_0               conda-forge
2025-01-09T19:05:22.5181804Z   libsodium                      1.0.18               h36c2ea0_1               conda-forge
2025-01-09T19:05:22.5182160Z   libsqlite                      3.46.0               hde9e2c9_0               conda-forge
2025-01-09T19:05:22.5182747Z   libssh2                        1.11.0               h0841786_0               conda-forge
2025-01-09T19:05:22.5183340Z   libstdcxx-ng                   13.2.0               hc0a3c3a_10              conda-forge
2025-01-09T19:05:22.5183923Z   libtiff                        4.6.0                h1dd3fc0_3               conda-forge
2025-01-09T19:05:22.5184318Z   libuuid                        2.38.1               h0b41bf4_0               conda-forge
2025-01-09T19:05:22.5184660Z   libwebp                        1.4.0                h2c329e2_0               conda-forge
2025-01-09T19:05:22.5185189Z   libwebp-base                   1.4.0                hd590300_0               conda-forge
2025-01-09T19:05:22.5185776Z   libxcb                         1.15                 h0b41bf4_0               conda-forge
2025-01-09T19:05:22.5186158Z   libxcrypt                      4.4.36               hd590300_1               conda-forge
2025-01-09T19:05:22.5186528Z   libxml2                        2.12.7               hc051c1a_1               conda-forge
2025-01-09T19:05:22.5186876Z   libxslt                        1.1.39               h76b75d6_0               conda-forge
2025-01-09T19:05:22.5187223Z   libzlib                        1.3.1                h4ab18f5_1               conda-forge
2025-01-09T19:05:22.5187577Z   llvmlite                       0.42.0               py312hb06c811_1          conda-forge
2025-01-09T19:05:22.5187925Z   lxml                           5.2.2                py312hb90d8a5_0          conda-forge
2025-01-09T19:05:22.5188259Z   lz4-c                          1.9.4                hcb278e6_0               conda-forge
2025-01-09T19:05:22.5188577Z   lzo                            2.10                 hd590300_1001            conda-forge
2025-01-09T19:05:22.5188929Z   markupsafe                     2.1.5                py312h98912ed_0          conda-forge
2025-01-09T19:05:22.5189314Z   matplotlib-base                3.8.4                py312h20ab3a6_2          conda-forge
2025-01-09T19:05:22.5189725Z   matplotlib-inline              0.1.7                pyhd8ed1ab_0             conda-forge
2025-01-09T19:05:22.5190110Z   mistune                        3.0.2                pyhd8ed1ab_0             conda-forge
2025-01-09T19:05:22.5190458Z   mpc                            1.3.1                hfe3b2da_0               conda-forge
2025-01-09T19:05:22.5190797Z   mpfr                           4.2.1                h9458935_1               conda-forge
2025-01-09T19:05:22.5191150Z   mpmath                         1.3.0                pyhd8ed1ab_0             conda-forge
2025-01-09T19:05:22.5191615Z   munkres                        1.1.4                pyh9f0ad1d_0             conda-forge
2025-01-09T19:05:22.5191998Z   mypy_extensions                1.0.0                pyha770c72_0             conda-forge
2025-01-09T19:05:22.5192378Z   nbclassic                      1.1.0                pyhd8ed1ab_0             conda-forge
2025-01-09T19:05:22.5192737Z   nbclient                       0.10.0               pyhd8ed1ab_0             conda-forge
2025-01-09T19:05:22.5193096Z   nbconvert                      7.16.4               hd8ed1ab_1               conda-forge
2025-01-09T19:05:22.5193468Z   nbconvert-core                 7.16.4               pyhd8ed1ab_1             conda-forge
2025-01-09T19:05:22.5193870Z   nbconvert-pandoc               7.16.4               hd8ed1ab_1               conda-forge
2025-01-09T19:05:22.5194260Z   nbformat                       5.10.4               pyhd8ed1ab_0             conda-forge
2025-01-09T19:05:22.5194623Z   nbsphinx                       0.9.4                pyhd8ed1ab_0             conda-forge
2025-01-09T19:05:22.5194969Z   ncurses                        6.5                  h59595ed_0               conda-forge
2025-01-09T19:05:22.5195671Z   nest-asyncio                   1.6.0                pyhd8ed1ab_0             conda-forge
2025-01-09T19:05:22.5196042Z   networkx                       3.3                  pyhd8ed1ab_1             conda-forge
2025-01-09T19:05:22.5196377Z   nomkl                          1.0                  h5ca1d4c_0               conda-forge
2025-01-09T19:05:22.5196733Z   notebook                       7.2.1                pyhd8ed1ab_0             conda-forge
2025-01-09T19:05:22.5197125Z   notebook-shim                  0.2.4                pyhd8ed1ab_0             conda-forge
2025-01-09T19:05:22.5197485Z   numba                          0.59.1               py312hacefee8_0          conda-forge
2025-01-09T19:05:22.5197823Z   numexpr                        2.10.0               py312hf412c99_100        conda-forge
2025-01-09T19:05:22.5198167Z   numpy                          1.26.4               py312heda63a1_0          conda-forge
2025-01-09T19:05:22.5198511Z   numpydoc                       1.7.0                pyhd8ed1ab_1             conda-forge
2025-01-09T19:05:22.5198987Z   openjpeg                       2.5.2                h488ebb8_0               conda-forge
2025-01-09T19:05:22.5199363Z   openssl                        3.3.1                h4ab18f5_0               conda-forge
2025-01-09T19:05:22.5199723Z   overrides                      7.7.0                pyhd8ed1ab_0             conda-forge
2025-01-09T19:05:22.5200081Z   packaging                      24.1                 pyhd8ed1ab_0             conda-forge
2025-01-09T19:05:22.5200445Z   pandas                         2.2.2                py312h1d6d2e6_1          conda-forge
2025-01-09T19:05:22.5200808Z   pandoc                         3.2                  ha770c72_0               conda-forge
2025-01-09T19:05:22.5201174Z   pandocfilters                  1.5.0                pyhd8ed1ab_0             conda-forge
2025-01-09T19:05:22.5201529Z   pango                          1.54.0               h84a9a3c_0               conda-forge
2025-01-09T19:05:22.5201866Z   parso                          0.8.4                pyhd8ed1ab_0             conda-forge
2025-01-09T19:05:22.5202209Z   pathspec                       0.12.1               pyhd8ed1ab_0             conda-forge
2025-01-09T19:05:22.5202547Z   pbr                            6.0.0                pyhd8ed1ab_0             conda-forge
2025-01-09T19:05:22.5202879Z   pcre2                          10.44                h0f59acf_0               conda-forge
2025-01-09T19:05:22.5203218Z   pexpect                        4.9.0                pyhd8ed1ab_0             conda-forge
2025-01-09T19:05:22.5203575Z   pickleshare                    0.7.5                py_1003                  conda-forge
2025-01-09T19:05:22.5203937Z   pillow                         10.3.0               py312hdcec9eb_0          conda-forge
2025-01-09T19:05:22.5204410Z   pip                            24.0                 pyhd8ed1ab_0             conda-forge
2025-01-09T19:05:22.5204748Z   pixman                         0.43.2               h59595ed_0               conda-forge
2025-01-09T19:05:22.5205386Z   pkgutil-resolve-name           1.3.10               pyhd8ed1ab_1             conda-forge
2025-01-09T19:05:22.5205812Z   platformdirs                   4.2.2                pyhd8ed1ab_0             conda-forge
2025-01-09T19:05:22.5206187Z   plotly                         5.22.0               pyhd8ed1ab_0             conda-forge
2025-01-09T19:05:22.5206536Z   pluggy                         1.5.0                pyhd8ed1ab_0             conda-forge
2025-01-09T19:05:22.5206913Z   prometheus_client              0.20.0               pyhd8ed1ab_0             conda-forge
2025-01-09T19:05:22.5207321Z   prompt-toolkit                 3.0.47               pyha770c72_0             conda-forge
2025-01-09T19:05:22.5207699Z   psutil                         5.9.8                py312h98912ed_0          conda-forge
2025-01-09T19:05:22.5208080Z   pthread-stubs                  0.4                  h36c2ea0_1001            conda-forge
2025-01-09T19:05:22.5208463Z   ptyprocess                     0.7.0                pyhd3deb0d_0             conda-forge
2025-01-09T19:05:22.5208829Z   pure_eval                      0.2.2                pyhd8ed1ab_0             conda-forge
2025-01-09T19:05:22.5209188Z   py-cpuinfo                     9.0.0                pyhd8ed1ab_0             conda-forge
2025-01-09T19:05:22.5209538Z   pybtex                         0.24.0               pyhd8ed1ab_2             conda-forge
2025-01-09T19:05:22.5209909Z   pybtex-docutils                1.0.3                py312h7900ff3_1          conda-forge
2025-01-09T19:05:22.5210288Z   pycparser                      2.22                 pyhd8ed1ab_0             conda-forge
2025-01-09T19:05:22.5210643Z   pyerfa                         2.0.1.4              py312h085067d_1          conda-forge
2025-01-09T19:05:22.5210998Z   pygments                       2.18.0               pyhd8ed1ab_0             conda-forge
2025-01-09T19:05:22.5211361Z   pygraphviz                     1.13                 py312h4a1d8a7_1          conda-forge
2025-01-09T19:05:22.5211859Z   pyparsing                      3.1.2                pyhd8ed1ab_0             conda-forge
2025-01-09T19:05:22.5212217Z   pysocks                        1.7.1                pyha2e5f31_6             conda-forge
2025-01-09T19:05:22.5212567Z   pytables                       3.9.2                py312h96d95ec_2          conda-forge
2025-01-09T19:05:22.5212914Z   pytest                         8.2.2                pyhd8ed1ab_0             conda-forge
2025-01-09T19:05:22.5213274Z   pytest-cov                     5.0.0                pyhd8ed1ab_0             conda-forge
2025-01-09T19:05:22.5213665Z   pytest-doctestplus             1.2.1                pyhd8ed1ab_0             conda-forge
2025-01-09T19:05:22.5214078Z   pytest-html                    4.1.1                pyhd8ed1ab_0             conda-forge
2025-01-09T19:05:22.5214472Z   pytest-metadata                3.1.1                pyhd8ed1ab_0             conda-forge
2025-01-09T19:05:22.5214859Z   python                         3.12.4               h194c7f8_0_cpython       conda-forge
2025-01-09T19:05:22.5215438Z   python-dateutil                2.9.0                pyhd8ed1ab_0             conda-forge
2025-01-09T19:05:22.5215867Z   python-fastjsonschema          2.20.0               pyhd8ed1ab_0             conda-forge
2025-01-09T19:05:22.5216296Z   python-json-logger             2.0.7                pyhd8ed1ab_0             conda-forge
2025-01-09T19:05:22.5216702Z   python-tzdata                  2024.1               pyhd8ed1ab_0             conda-forge
2025-01-09T19:05:22.5217074Z   python_abi                     3.12                 4_cp312                  conda-forge
2025-01-09T19:05:22.5217418Z   pytz                           2024.1               pyhd8ed1ab_0             conda-forge
2025-01-09T19:05:22.5217879Z   pyyaml                         6.0.1                py312h98912ed_1          conda-forge
2025-01-09T19:05:22.5218227Z   pyzmq                          26.0.3               py312h8fd38d8_0          conda-forge
2025-01-09T19:05:22.5218572Z   qgrid                          1.3.1                pyhd8ed1ab_4             conda-forge
2025-01-09T19:05:22.5218956Z   radioactivedecay               0.5.1                pyhd8ed1ab_0             conda-forge
2025-01-09T19:05:22.5219330Z   readline                       8.2                  h8228510_1               conda-forge
2025-01-09T19:05:22.5219695Z   recommonmark                   0.7.1                pyhd8ed1ab_0             conda-forge
2025-01-09T19:05:22.5220072Z   referencing                    0.35.1               pyhd8ed1ab_0             conda-forge
2025-01-09T19:05:22.5220445Z   requests                       2.32.3               pyhd8ed1ab_0             conda-forge
2025-01-09T19:05:22.5220829Z   rfc3339-validator              0.1.4                pyhd8ed1ab_0             conda-forge
2025-01-09T19:05:22.5221247Z   rfc3986-validator              0.1.1                pyh9f0ad1d_0             conda-forge
2025-01-09T19:05:22.5221622Z   rpds-py                        0.18.1               py312h4413252_0          conda-forge
2025-01-09T19:05:22.5221958Z   ruff                           0.4.9                py312h5715c7c_0          conda-forge
2025-01-09T19:05:22.5222289Z   scipy                          1.13.1               py312hc2bc53b_0          conda-forge
2025-01-09T19:05:22.5222643Z   send2trash                     1.8.3                pyh0d859eb_0             conda-forge
2025-01-09T19:05:22.5223011Z   setuptools                     70.0.0               pyhd8ed1ab_0             conda-forge
2025-01-09T19:05:22.5223389Z   setuptools-scm                 8.1.0                pyhd8ed1ab_0             conda-forge
2025-01-09T19:05:22.5223777Z   setuptools_scm                 8.1.0                hd8ed1ab_0               conda-forge
2025-01-09T19:05:22.5224132Z   six                            1.16.0               pyh6c4a22f_0             conda-forge
2025-01-09T19:05:22.5224469Z   snakeviz                       2.2.0                pyhd8ed1ab_0             conda-forge
2025-01-09T19:05:22.5224934Z   snappy                         1.2.0                hdb0a2a9_1               conda-forge
2025-01-09T19:05:22.5225564Z   sniffio                        1.3.1                pyhd8ed1ab_0             conda-forge
2025-01-09T19:05:22.5225947Z   snowballstemmer                2.2.0                pyhd8ed1ab_0             conda-forge
2025-01-09T19:05:22.5226324Z   soupsieve                      2.5                  pyhd8ed1ab_1             conda-forge
2025-01-09T19:05:22.5226672Z   sphinx                         7.3.7                pyhd8ed1ab_0             conda-forge
2025-01-09T19:05:22.5227035Z   sphinx-astropy                 1.9.1                pyhd8ed1ab_0             conda-forge
2025-01-09T19:05:22.5227437Z   sphinx-automodapi              0.17.0               pyh717bed2_1             conda-forge
2025-01-09T19:05:22.5227845Z   sphinx-gallery                 0.16.0               pyhd8ed1ab_0             conda-forge
2025-01-09T19:05:22.5228262Z   sphinx-jsonschema              1.19.1               pyhd8ed1ab_0             conda-forge
2025-01-09T19:05:22.5228695Z   sphinx_bootstrap_theme         0.8.1                pyhd8ed1ab_0             conda-forge
2025-01-09T19:05:22.5229107Z   sphinx_rtd_theme               2.0.0                pyha770c72_0             conda-forge
2025-01-09T19:05:22.5229525Z   sphinxcontrib-apidoc           0.3.0                py_1                     conda-forge
2025-01-09T19:05:22.5230025Z   sphinxcontrib-applehelp        1.0.8                pyhd8ed1ab_0             conda-forge
2025-01-09T19:05:22.5230474Z   sphinxcontrib-bibtex           2.6.2                pyhd8ed1ab_0             conda-forge
2025-01-09T19:05:22.5230916Z   sphinxcontrib-devhelp          1.0.6                pyhd8ed1ab_0             conda-forge
2025-01-09T19:05:22.5231480Z   sphinxcontrib-htmlhelp         2.0.5                pyhd8ed1ab_0             conda-forge
2025-01-09T19:05:22.5231921Z   sphinxcontrib-jquery           4.1                  pyhd8ed1ab_0             conda-forge
2025-01-09T19:05:22.5232354Z   sphinxcontrib-jsmath           1.0.1                pyhd8ed1ab_0             conda-forge
2025-01-09T19:05:22.5232782Z   sphinxcontrib-qthelp           1.0.7                pyhd8ed1ab_0             conda-forge
2025-01-09T19:05:22.5233256Z   sphinxcontrib-serializinghtml  1.1.10               pyhd8ed1ab_0             conda-forge
2025-01-09T19:05:22.5233690Z   stack_data                     0.6.2                pyhd8ed1ab_0             conda-forge
2025-01-09T19:05:22.5234046Z   sympy                          1.12.1               pypyh2585a3b_103         conda-forge
2025-01-09T19:05:22.5234405Z   tabulate                       0.9.0                pyhd8ed1ab_1             conda-forge
2025-01-09T19:05:22.5234769Z   tenacity                       8.4.1                pyhd8ed1ab_0             conda-forge
2025-01-09T19:05:22.5235235Z   terminado                      0.18.1               pyh0d859eb_0             conda-forge
2025-01-09T19:05:22.5235596Z   tinycss2                       1.3.0                pyhd8ed1ab_0             conda-forge
2025-01-09T19:05:22.5235930Z   tk                             8.6.13               noxft_h4845f30_101       conda-forge
2025-01-09T19:05:22.5236250Z   toml                           0.10.2               pyhd8ed1ab_0             conda-forge
2025-01-09T19:05:22.5236579Z   tomli                          2.0.1                pyhd8ed1ab_0             conda-forge
2025-01-09T19:05:22.5236920Z   tornado                        6.4.1                py312h9a8786e_0          conda-forge
2025-01-09T19:05:22.5237257Z   tqdm                           4.66.4               pyhd8ed1ab_0             conda-forge
2025-01-09T19:05:22.5237599Z   traitlets                      5.14.3               pyhd8ed1ab_0             conda-forge
2025-01-09T19:05:22.5237964Z   typed-ast                      1.5.5                py312h98912ed_1          conda-forge
2025-01-09T19:05:22.5238380Z   types-python-dateutil          2.9.0.20240316       pyhd8ed1ab_0             conda-forge
2025-01-09T19:05:22.5238950Z   typing-extensions              4.12.2               hd8ed1ab_0               conda-forge
2025-01-09T19:05:22.5239356Z   typing_extensions              4.12.2               pyha770c72_0             conda-forge
2025-01-09T19:05:22.5239752Z   typing_utils                   0.1.0                pyhd8ed1ab_0             conda-forge
2025-01-09T19:05:22.5240107Z   tzdata                         2024a                h0c530f3_0               conda-forge
2025-01-09T19:05:22.5240471Z   uri-template                   1.3.0                pyhd8ed1ab_0             conda-forge
2025-01-09T19:05:22.5240834Z   urllib3                        2.2.2                pyhd8ed1ab_0             conda-forge
2025-01-09T19:05:22.5241180Z   wcwidth                        0.2.13               pyhd8ed1ab_0             conda-forge
2025-01-09T19:05:22.5241540Z   webcolors                      24.6.0               pyhd8ed1ab_0             conda-forge
2025-01-09T19:05:22.5241919Z   webencodings                   0.5.1                pyhd8ed1ab_2             conda-forge
2025-01-09T19:05:22.5242314Z   websocket-client               1.8.0                pyhd8ed1ab_0             conda-forge
2025-01-09T19:05:22.5242692Z   wheel                          0.43.0               pyhd8ed1ab_1             conda-forge
2025-01-09T19:05:22.5243071Z   widgetsnbextension             3.6.6                pyhd8ed1ab_0             conda-forge
2025-01-09T19:05:22.5243474Z   xorg-kbproto                   1.0.7                h7f98852_1002            conda-forge
2025-01-09T19:05:22.5243841Z   xorg-libice                    1.1.1                hd590300_0               conda-forge
2025-01-09T19:05:22.5244204Z   xorg-libsm                     1.2.4                h7391055_0               conda-forge
2025-01-09T19:05:22.5244685Z   xorg-libx11                    1.8.9                h8ee46fc_0               conda-forge
2025-01-09T19:05:22.5245172Z   xorg-libxau                    1.0.11               hd590300_0               conda-forge
2025-01-09T19:05:22.5245554Z   xorg-libxdmcp                  1.1.3                h7f98852_0               conda-forge
2025-01-09T19:05:22.5245929Z   xorg-libxext                   1.3.4                h0b41bf4_2               conda-forge
2025-01-09T19:05:22.5246309Z   xorg-libxrender                0.9.11               hd590300_0               conda-forge
2025-01-09T19:05:22.5246699Z   xorg-renderproto               0.11.1               h7f98852_1002            conda-forge
2025-01-09T19:05:22.5247088Z   xorg-xextproto                 7.3.0                h0b41bf4_1003            conda-forge
2025-01-09T19:05:22.5247459Z   xorg-xproto                    7.0.31               h7f98852_1007            conda-forge
2025-01-09T19:05:22.5247796Z   xz                             5.2.6                h166bdaf_0               conda-forge
2025-01-09T19:05:22.5248112Z   yaml                           0.2.5                h7f98852_2               conda-forge
2025-01-09T19:05:22.5248438Z   zeromq                         4.3.5                h75354e8_4               conda-forge
2025-01-09T19:05:22.5248770Z   zipp                           3.19.2               pyhd8ed1ab_0             conda-forge
2025-01-09T19:05:22.5249091Z   zlib                           1.3.1                h4ab18f5_1               conda-forge
2025-01-09T19:05:22.5249424Z   zlib-ng                        2.0.7                h0b41bf4_0               conda-forge
2025-01-09T19:05:22.5249745Z   zstd                           1.5.6                ha6fb4c9_0               conda-forge
2025-01-09T19:05:22.5250289Z ##[endgroup]
2025-01-09T19:05:22.5284014Z ##[group]Run pip install -e . --user
2025-01-09T19:05:22.5284345Z [36;1mpip install -e . --user[0m
2025-01-09T19:05:22.5314467Z shell: /usr/bin/bash -l {0}
2025-01-09T19:05:22.5314718Z env:
2025-01-09T19:05:22.5314893Z   CACHE_NUMBER: 0
2025-01-09T19:05:22.5315666Z   PYTEST_FLAGS: --tardis-regression-data=/home/runner/work/tardis/tardis/tardis-regression-data --cov=tardis --cov-report=xml --cov-report=html --cov-append
2025-01-09T19:05:22.5316516Z   CODECOV_TOKEN: 
2025-01-09T19:05:22.5316742Z   MAMBA_ROOT_PREFIX: /home/runner/micromamba
2025-01-09T19:05:22.5317049Z   MAMBA_EXE: /home/runner/micromamba-bin/micromamba
2025-01-09T19:05:22.5317400Z   CONDARC: /home/runner/work/_temp/setup-micromamba/.condarc
2025-01-09T19:05:22.5317710Z ##[endgroup]
2025-01-09T19:05:23.1936259Z Obtaining file:///home/runner/work/tardis/tardis
2025-01-09T19:05:23.1964687Z   Installing build dependencies: started
2025-01-09T19:05:25.9418814Z   Installing build dependencies: finished with status 'done'
2025-01-09T19:05:25.9423907Z   Checking if build backend supports build_editable: started
2025-01-09T19:05:26.0754547Z   Checking if build backend supports build_editable: finished with status 'done'
2025-01-09T19:05:26.0763101Z   Getting requirements to build editable: started
2025-01-09T19:05:26.5312608Z   Getting requirements to build editable: finished with status 'done'
2025-01-09T19:05:26.5321282Z   Preparing editable metadata (pyproject.toml): started
2025-01-09T19:05:27.0057685Z   Preparing editable metadata (pyproject.toml): finished with status 'done'
2025-01-09T19:05:27.0646587Z Requirement already satisfied: astropy in /home/runner/micromamba/envs/tardis/lib/python3.12/site-packages (from tardis==0.0.0) (6.1.1)
2025-01-09T19:05:27.1044810Z Requirement already satisfied: numpy>=1.23 in /home/runner/micromamba/envs/tardis/lib/python3.12/site-packages (from astropy->tardis==0.0.0) (1.26.4)
2025-01-09T19:05:27.1054397Z Requirement already satisfied: pyerfa>=2.0.1.1 in /home/runner/micromamba/envs/tardis/lib/python3.12/site-packages (from astropy->tardis==0.0.0) (2.0.1.4)
2025-01-09T19:05:27.1065223Z Requirement already satisfied: astropy-iers-data>=0.2024.5.27.0.30.8 in /home/runner/micromamba/envs/tardis/lib/python3.12/site-packages (from astropy->tardis==0.0.0) (0.2024.6.17.0.31.35)
2025-01-09T19:05:27.1073808Z Requirement already satisfied: PyYAML>=3.13 in /home/runner/micromamba/envs/tardis/lib/python3.12/site-packages (from astropy->tardis==0.0.0) (6.0.1)
2025-01-09T19:05:27.1083631Z Requirement already satisfied: packaging>=19.0 in /home/runner/micromamba/envs/tardis/lib/python3.12/site-packages (from astropy->tardis==0.0.0) (24.1)
2025-01-09T19:05:27.1171971Z Building wheels for collected packages: tardis
2025-01-09T19:05:27.1181058Z   Building editable for tardis (pyproject.toml): started
2025-01-09T19:05:27.9175914Z   Building editable for tardis (pyproject.toml): finished with status 'done'
2025-01-09T19:05:27.9185236Z   Created wheel for tardis: filename=tardis-0.0.0-0.editable-py3-none-any.whl size=8878 sha256=f02a963f13d3cb3472e63ab424253fa7ad53e26f57cec1369d927d9d76cc6b76
2025-01-09T19:05:27.9186954Z   Stored in directory: /tmp/pip-ephem-wheel-cache-8xfjrv7f/wheels/6a/c7/ae/89fa6dc2565455898176888ef0e2e475e4e90eb0124afcb995
2025-01-09T19:05:27.9216517Z Successfully built tardis
2025-01-09T19:05:28.7863970Z Installing collected packages: tardis
2025-01-09T19:05:29.2797933Z Successfully installed tardis-0.0.0
2025-01-09T19:05:29.5372256Z ##[group]Run pip install qgridnext
2025-01-09T19:05:29.5372614Z [36;1mpip install qgridnext[0m
2025-01-09T19:05:29.5401297Z shell: /usr/bin/bash -l {0}
2025-01-09T19:05:29.5401568Z env:
2025-01-09T19:05:29.5401763Z   CACHE_NUMBER: 0
2025-01-09T19:05:29.5402506Z   PYTEST_FLAGS: --tardis-regression-data=/home/runner/work/tardis/tardis/tardis-regression-data --cov=tardis --cov-report=xml --cov-report=html --cov-append
2025-01-09T19:05:29.5403303Z   CODECOV_TOKEN: 
2025-01-09T19:05:29.5403558Z   MAMBA_ROOT_PREFIX: /home/runner/micromamba
2025-01-09T19:05:29.5403922Z   MAMBA_EXE: /home/runner/micromamba-bin/micromamba
2025-01-09T19:05:29.5404341Z   CONDARC: /home/runner/work/_temp/setup-micromamba/.condarc
2025-01-09T19:05:29.5404837Z ##[endgroup]
2025-01-09T19:05:30.7364925Z Collecting qgridnext
2025-01-09T19:05:30.7538301Z   Downloading qgridnext-2.0.4-py3-none-any.whl.metadata (9.9 kB)
2025-01-09T19:05:30.7629539Z Requirement already satisfied: pandas>=0.20.0 in /home/runner/micromamba/envs/tardis/lib/python3.12/site-packages (from qgridnext) (2.2.2)
2025-01-09T19:05:30.7638399Z Requirement already satisfied: ipywidgets>=7.0.0 in /home/runner/micromamba/envs/tardis/lib/python3.12/site-packages (from qgridnext) (7.8.0)
2025-01-09T19:05:30.7647477Z Requirement already satisfied: numpy in /home/runner/micromamba/envs/tardis/lib/python3.12/site-packages (from qgridnext) (1.26.4)
2025-01-09T19:05:30.7657207Z Requirement already satisfied: traitlets in /home/runner/micromamba/envs/tardis/lib/python3.12/site-packages (from qgridnext) (5.14.3)
2025-01-09T19:05:30.7750119Z Requirement already satisfied: comm>=0.1.3 in /home/runner/micromamba/envs/tardis/lib/python3.12/site-packages (from ipywidgets>=7.0.0->qgridnext) (0.2.2)
2025-01-09T19:05:30.7759098Z Requirement already satisfied: ipython-genutils~=0.2.0 in /home/runner/micromamba/envs/tardis/lib/python3.12/site-packages (from ipywidgets>=7.0.0->qgridnext) (0.2.0)
2025-01-09T19:05:30.7772057Z Requirement already satisfied: widgetsnbextension~=3.6.5 in /home/runner/micromamba/envs/tardis/lib/python3.12/site-packages (from ipywidgets>=7.0.0->qgridnext) (3.6.6)
2025-01-09T19:05:30.7791956Z Requirement already satisfied: ipython>=4.0.0 in /home/runner/micromamba/envs/tardis/lib/python3.12/site-packages (from ipywidgets>=7.0.0->qgridnext) (8.25.0)
2025-01-09T19:05:30.7806413Z Requirement already satisfied: jupyterlab-widgets<3,>=1.0.0 in /home/runner/micromamba/envs/tardis/lib/python3.12/site-packages (from ipywidgets>=7.0.0->qgridnext) (1.1.7)
2025-01-09T19:05:30.8270356Z Requirement already satisfied: python-dateutil>=2.8.2 in /home/runner/micromamba/envs/tardis/lib/python3.12/site-packages (from pandas>=0.20.0->qgridnext) (2.9.0)
2025-01-09T19:05:30.8283490Z Requirement already satisfied: pytz>=2020.1 in /home/runner/micromamba/envs/tardis/lib/python3.12/site-packages (from pandas>=0.20.0->qgridnext) (2024.1)
2025-01-09T19:05:30.8291553Z Requirement already satisfied: tzdata>=2022.7 in /home/runner/micromamba/envs/tardis/lib/python3.12/site-packages (from pandas>=0.20.0->qgridnext) (2024.1)
2025-01-09T19:05:30.8622997Z Requirement already satisfied: decorator in /home/runner/micromamba/envs/tardis/lib/python3.12/site-packages (from ipython>=4.0.0->ipywidgets>=7.0.0->qgridnext) (5.1.1)
2025-01-09T19:05:30.8640749Z Requirement already satisfied: jedi>=0.16 in /home/runner/micromamba/envs/tardis/lib/python3.12/site-packages (from ipython>=4.0.0->ipywidgets>=7.0.0->qgridnext) (0.19.1)
2025-01-09T19:05:30.8650746Z Requirement already satisfied: matplotlib-inline in /home/runner/micromamba/envs/tardis/lib/python3.12/site-packages (from ipython>=4.0.0->ipywidgets>=7.0.0->qgridnext) (0.1.7)
2025-01-09T19:05:30.8662627Z Requirement already satisfied: prompt-toolkit<3.1.0,>=3.0.41 in /home/runner/micromamba/envs/tardis/lib/python3.12/site-packages (from ipython>=4.0.0->ipywidgets>=7.0.0->qgridnext) (3.0.47)
2025-01-09T19:05:30.8672252Z Requirement already satisfied: pygments>=2.4.0 in /home/runner/micromamba/envs/tardis/lib/python3.12/site-packages (from ipython>=4.0.0->ipywidgets>=7.0.0->qgridnext) (2.18.0)
2025-01-09T19:05:30.8681839Z Requirement already satisfied: stack-data in /home/runner/micromamba/envs/tardis/lib/python3.12/site-packages (from ipython>=4.0.0->ipywidgets>=7.0.0->qgridnext) (0.6.2)
2025-01-09T19:05:30.8701947Z Requirement already satisfied: pexpect>4.3 in /home/runner/micromamba/envs/tardis/lib/python3.12/site-packages (from ipython>=4.0.0->ipywidgets>=7.0.0->qgridnext) (4.9.0)
2025-01-09T19:05:30.8755735Z Requirement already satisfied: six>=1.5 in /home/runner/micromamba/envs/tardis/lib/python3.12/site-packages (from python-dateutil>=2.8.2->pandas>=0.20.0->qgridnext) (1.16.0)
2025-01-09T19:05:30.8816170Z Requirement already satisfied: notebook>=4.4.1 in /home/runner/micromamba/envs/tardis/lib/python3.12/site-packages (from widgetsnbextension~=3.6.5->ipywidgets>=7.0.0->qgridnext) (7.2.1)
2025-01-09T19:05:30.9014911Z Requirement already satisfied: parso<0.9.0,>=0.8.3 in /home/runner/micromamba/envs/tardis/lib/python3.12/site-packages (from jedi>=0.16->ipython>=4.0.0->ipywidgets>=7.0.0->qgridnext) (0.8.4)
2025-01-09T19:05:30.9169547Z Requirement already satisfied: jupyter-server<3,>=2.4.0 in /home/runner/micromamba/envs/tardis/lib/python3.12/site-packages (from notebook>=4.4.1->widgetsnbextension~=3.6.5->ipywidgets>=7.0.0->qgridnext) (2.14.1)
2025-01-09T19:05:30.9184220Z Requirement already satisfied: jupyterlab-server<3,>=2.27.1 in /home/runner/micromamba/envs/tardis/lib/python3.12/site-packages (from notebook>=4.4.1->widgetsnbextension~=3.6.5->ipywidgets>=7.0.0->qgridnext) (2.27.2)
2025-01-09T19:05:30.9201589Z Requirement already satisfied: jupyterlab<4.3,>=4.2.0 in /home/runner/micromamba/envs/tardis/lib/python3.12/site-packages (from notebook>=4.4.1->widgetsnbextension~=3.6.5->ipywidgets>=7.0.0->qgridnext) (4.2.2)
2025-01-09T19:05:30.9213197Z Requirement already satisfied: notebook-shim<0.3,>=0.2 in /home/runner/micromamba/envs/tardis/lib/python3.12/site-packages (from notebook>=4.4.1->widgetsnbextension~=3.6.5->ipywidgets>=7.0.0->qgridnext) (0.2.4)
2025-01-09T19:05:30.9222305Z Requirement already satisfied: tornado>=6.2.0 in /home/runner/micromamba/envs/tardis/lib/python3.12/site-packages (from notebook>=4.4.1->widgetsnbextension~=3.6.5->ipywidgets>=7.0.0->qgridnext) (6.4.1)
2025-01-09T19:05:30.9255425Z Requirement already satisfied: ptyprocess>=0.5 in /home/runner/micromamba/envs/tardis/lib/python3.12/site-packages (from pexpect>4.3->ipython>=4.0.0->ipywidgets>=7.0.0->qgridnext) (0.7.0)
2025-01-09T19:05:30.9286216Z Requirement already satisfied: wcwidth in /home/runner/micromamba/envs/tardis/lib/python3.12/site-packages (from prompt-toolkit<3.1.0,>=3.0.41->ipython>=4.0.0->ipywidgets>=7.0.0->qgridnext) (0.2.13)
2025-01-09T19:05:30.9435682Z Requirement already satisfied: executing>=1.2.0 in /home/runner/micromamba/envs/tardis/lib/python3.12/site-packages (from stack-data->ipython>=4.0.0->ipywidgets>=7.0.0->qgridnext) (2.0.1)
2025-01-09T19:05:30.9446294Z Requirement already satisfied: asttokens>=2.1.0 in /home/runner/micromamba/envs/tardis/lib/python3.12/site-packages (from stack-data->ipython>=4.0.0->ipywidgets>=7.0.0->qgridnext) (2.4.1)
2025-01-09T19:05:30.9454622Z Requirement already satisfied: pure-eval in /home/runner/micromamba/envs/tardis/lib/python3.12/site-packages (from stack-data->ipython>=4.0.0->ipywidgets>=7.0.0->qgridnext) (0.2.2)
2025-01-09T19:05:30.9816731Z Requirement already satisfied: anyio>=3.1.0 in /home/runner/micromamba/envs/tardis/lib/python3.12/site-packages (from jupyter-server<3,>=2.4.0->notebook>=4.4.1->widgetsnbextension~=3.6.5->ipywidgets>=7.0.0->qgridnext) (4.4.0)
2025-01-09T19:05:30.9826190Z Requirement already satisfied: argon2-cffi>=21.1 in /home/runner/micromamba/envs/tardis/lib/python3.12/site-packages (from jupyter-server<3,>=2.4.0->notebook>=4.4.1->widgetsnbextension~=3.6.5->ipywidgets>=7.0.0->qgridnext) (23.1.0)
2025-01-09T19:05:30.9834507Z Requirement already satisfied: jinja2>=3.0.3 in /home/runner/micromamba/envs/tardis/lib/python3.12/site-packages (from jupyter-server<3,>=2.4.0->notebook>=4.4.1->widgetsnbextension~=3.6.5->ipywidgets>=7.0.0->qgridnext) (3.1.4)
2025-01-09T19:05:30.9846229Z Requirement already satisfied: jupyter-client>=7.4.4 in /home/runner/micromamba/envs/tardis/lib/python3.12/site-packages (from jupyter-server<3,>=2.4.0->notebook>=4.4.1->widgetsnbextension~=3.6.5->ipywidgets>=7.0.0->qgridnext) (8.6.2)
2025-01-09T19:05:30.9858172Z Requirement already satisfied: jupyter-core!=5.0.*,>=4.12 in /home/runner/micromamba/envs/tardis/lib/python3.12/site-packages (from jupyter-server<3,>=2.4.0->notebook>=4.4.1->widgetsnbextension~=3.6.5->ipywidgets>=7.0.0->qgridnext) (5.7.2)
2025-01-09T19:05:30.9869407Z Requirement already satisfied: jupyter-events>=0.9.0 in /home/runner/micromamba/envs/tardis/lib/python3.12/site-packages (from jupyter-server<3,>=2.4.0->notebook>=4.4.1->widgetsnbextension~=3.6.5->ipywidgets>=7.0.0->qgridnext) (0.10.0)
2025-01-09T19:05:30.9880610Z Requirement already satisfied: jupyter-server-terminals>=0.4.4 in /home/runner/micromamba/envs/tardis/lib/python3.12/site-packages (from jupyter-server<3,>=2.4.0->notebook>=4.4.1->widgetsnbextension~=3.6.5->ipywidgets>=7.0.0->qgridnext) (0.5.3)
2025-01-09T19:05:30.9894211Z Requirement already satisfied: nbconvert>=6.4.4 in /home/runner/micromamba/envs/tardis/lib/python3.12/site-packages (from jupyter-server<3,>=2.4.0->notebook>=4.4.1->widgetsnbextension~=3.6.5->ipywidgets>=7.0.0->qgridnext) (7.16.4)
2025-01-09T19:05:30.9904548Z Requirement already satisfied: nbformat>=5.3.0 in /home/runner/micromamba/envs/tardis/lib/python3.12/site-packages (from jupyter-server<3,>=2.4.0->notebook>=4.4.1->widgetsnbextension~=3.6.5->ipywidgets>=7.0.0->qgridnext) (5.10.4)
2025-01-09T19:05:30.9914138Z Requirement already satisfied: overrides>=5.0 in /home/runner/micromamba/envs/tardis/lib/python3.12/site-packages (from jupyter-server<3,>=2.4.0->notebook>=4.4.1->widgetsnbextension~=3.6.5->ipywidgets>=7.0.0->qgridnext) (7.7.0)
2025-01-09T19:05:30.9924098Z Requirement already satisfied: packaging>=22.0 in /home/runner/micromamba/envs/tardis/lib/python3.12/site-packages (from jupyter-server<3,>=2.4.0->notebook>=4.4.1->widgetsnbextension~=3.6.5->ipywidgets>=7.0.0->qgridnext) (24.1)
2025-01-09T19:05:30.9936012Z Requirement already satisfied: prometheus-client>=0.9 in /home/runner/micromamba/envs/tardis/lib/python3.12/site-packages (from jupyter-server<3,>=2.4.0->notebook>=4.4.1->widgetsnbextension~=3.6.5->ipywidgets>=7.0.0->qgridnext) (0.20.0)
2025-01-09T19:05:30.9947359Z Requirement already satisfied: pyzmq>=24 in /home/runner/micromamba/envs/tardis/lib/python3.12/site-packages (from jupyter-server<3,>=2.4.0->notebook>=4.4.1->widgetsnbextension~=3.6.5->ipywidgets>=7.0.0->qgridnext) (26.0.3)
2025-01-09T19:05:30.9956341Z Requirement already satisfied: send2trash>=1.8.2 in /home/runner/micromamba/envs/tardis/lib/python3.12/site-packages (from jupyter-server<3,>=2.4.0->notebook>=4.4.1->widgetsnbextension~=3.6.5->ipywidgets>=7.0.0->qgridnext) (1.8.3)
2025-01-09T19:05:30.9968161Z Requirement already satisfied: terminado>=0.8.3 in /home/runner/micromamba/envs/tardis/lib/python3.12/site-packages (from jupyter-server<3,>=2.4.0->notebook>=4.4.1->widgetsnbextension~=3.6.5->ipywidgets>=7.0.0->qgridnext) (0.18.1)
2025-01-09T19:05:30.9986065Z Requirement already satisfied: websocket-client>=1.7 in /home/runner/micromamba/envs/tardis/lib/python3.12/site-packages (from jupyter-server<3,>=2.4.0->notebook>=4.4.1->widgetsnbextension~=3.6.5->ipywidgets>=7.0.0->qgridnext) (1.8.0)
2025-01-09T19:05:31.0288464Z Requirement already satisfied: async-lru>=1.0.0 in /home/runner/micromamba/envs/tardis/lib/python3.12/site-packages (from jupyterlab<4.3,>=4.2.0->notebook>=4.4.1->widgetsnbextension~=3.6.5->ipywidgets>=7.0.0->qgridnext) (2.0.4)
2025-01-09T19:05:31.0300116Z Requirement already satisfied: httpx>=0.25.0 in /home/runner/micromamba/envs/tardis/lib/python3.12/site-packages (from jupyterlab<4.3,>=4.2.0->notebook>=4.4.1->widgetsnbextension~=3.6.5->ipywidgets>=7.0.0->qgridnext) (0.27.0)
2025-01-09T19:05:31.0313014Z Requirement already satisfied: ipykernel>=6.5.0 in /home/runner/micromamba/envs/tardis/lib/python3.12/site-packages (from jupyterlab<4.3,>=4.2.0->notebook>=4.4.1->widgetsnbextension~=3.6.5->ipywidgets>=7.0.0->qgridnext) (6.29.4)
2025-01-09T19:05:31.0328085Z Requirement already satisfied: jupyter-lsp>=2.0.0 in /home/runner/micromamba/envs/tardis/lib/python3.12/site-packages (from jupyterlab<4.3,>=4.2.0->notebook>=4.4.1->widgetsnbextension~=3.6.5->ipywidgets>=7.0.0->qgridnext) (2.2.5)
2025-01-09T19:05:31.0354852Z Requirement already satisfied: setuptools>=40.1.0 in /home/runner/micromamba/envs/tardis/lib/python3.12/site-packages (from jupyterlab<4.3,>=4.2.0->notebook>=4.4.1->widgetsnbextension~=3.6.5->ipywidgets>=7.0.0->qgridnext) (70.0.0)
2025-01-09T19:05:31.0554691Z Requirement already satisfied: babel>=2.10 in /home/runner/micromamba/envs/tardis/lib/python3.12/site-packages (from jupyterlab-server<3,>=2.27.1->notebook>=4.4.1->widgetsnbextension~=3.6.5->ipywidgets>=7.0.0->qgridnext) (2.14.0)
2025-01-09T19:05:31.0583735Z Requirement already satisfied: json5>=0.9.0 in /home/runner/micromamba/envs/tardis/lib/python3.12/site-packages (from jupyterlab-server<3,>=2.27.1->notebook>=4.4.1->widgetsnbextension~=3.6.5->ipywidgets>=7.0.0->qgridnext) (0.9.25)
2025-01-09T19:05:31.0596024Z Requirement already satisfied: jsonschema>=4.18.0 in /home/runner/micromamba/envs/tardis/lib/python3.12/site-packages (from jupyterlab-server<3,>=2.27.1->notebook>=4.4.1->widgetsnbextension~=3.6.5->ipywidgets>=7.0.0->qgridnext) (4.22.0)
2025-01-09T19:05:31.0615990Z Requirement already satisfied: requests>=2.31 in /home/runner/micromamba/envs/tardis/lib/python3.12/site-packages (from jupyterlab-server<3,>=2.27.1->notebook>=4.4.1->widgetsnbextension~=3.6.5->ipywidgets>=7.0.0->qgridnext) (2.32.3)
2025-01-09T19:05:31.0992975Z Requirement already satisfied: idna>=2.8 in /home/runner/micromamba/envs/tardis/lib/python3.12/site-packages (from anyio>=3.1.0->jupyter-server<3,>=2.4.0->notebook>=4.4.1->widgetsnbextension~=3.6.5->ipywidgets>=7.0.0->qgridnext) (3.7)
2025-01-09T19:05:31.1003892Z Requirement already satisfied: sniffio>=1.1 in /home/runner/micromamba/envs/tardis/lib/python3.12/site-packages (from anyio>=3.1.0->jupyter-server<3,>=2.4.0->notebook>=4.4.1->widgetsnbextension~=3.6.5->ipywidgets>=7.0.0->qgridnext) (1.3.1)
2025-01-09T19:05:31.1103539Z Requirement already satisfied: argon2-cffi-bindings in /home/runner/micromamba/envs/tardis/lib/python3.12/site-packages (from argon2-cffi>=21.1->jupyter-server<3,>=2.4.0->notebook>=4.4.1->widgetsnbextension~=3.6.5->ipywidgets>=7.0.0->qgridnext) (21.2.0)
2025-01-09T19:05:31.1284582Z Requirement already satisfied: certifi in /home/runner/micromamba/envs/tardis/lib/python3.12/site-packages (from httpx>=0.25.0->jupyterlab<4.3,>=4.2.0->notebook>=4.4.1->widgetsnbextension~=3.6.5->ipywidgets>=7.0.0->qgridnext) (2024.6.2)
2025-01-09T19:05:31.1300866Z Requirement already satisfied: httpcore==1.* in /home/runner/micromamba/envs/tardis/lib/python3.12/site-packages (from httpx>=0.25.0->jupyterlab<4.3,>=4.2.0->notebook>=4.4.1->widgetsnbextension~=3.6.5->ipywidgets>=7.0.0->qgridnext) (1.0.5)
2025-01-09T19:05:31.1384005Z Requirement already satisfied: h11<0.15,>=0.13 in /home/runner/micromamba/envs/tardis/lib/python3.12/site-packages (from httpcore==1.*->httpx>=0.25.0->jupyterlab<4.3,>=4.2.0->notebook>=4.4.1->widgetsnbextension~=3.6.5->ipywidgets>=7.0.0->qgridnext) (0.14.0)
2025-01-09T19:05:31.1576474Z Requirement already satisfied: debugpy>=1.6.5 in /home/runner/micromamba/envs/tardis/lib/python3.12/site-packages (from ipykernel>=6.5.0->jupyterlab<4.3,>=4.2.0->notebook>=4.4.1->widgetsnbextension~=3.6.5->ipywidgets>=7.0.0->qgridnext) (1.8.1)
2025-01-09T19:05:31.1600478Z Requirement already satisfied: nest-asyncio in /home/runner/micromamba/envs/tardis/lib/python3.12/site-packages (from ipykernel>=6.5.0->jupyterlab<4.3,>=4.2.0->notebook>=4.4.1->widgetsnbextension~=3.6.5->ipywidgets>=7.0.0->qgridnext) (1.6.0)
2025-01-09T19:05:31.1617151Z Requirement already satisfied: psutil in /home/runner/micromamba/envs/tardis/lib/python3.12/site-packages (from ipykernel>=6.5.0->jupyterlab<4.3,>=4.2.0->notebook>=4.4.1->widgetsnbextension~=3.6.5->ipywidgets>=7.0.0->qgridnext) (5.9.8)
2025-01-09T19:05:31.1689378Z Requirement already satisfied: MarkupSafe>=2.0 in /home/runner/micromamba/envs/tardis/lib/python3.12/site-packages (from jinja2>=3.0.3->jupyter-server<3,>=2.4.0->notebook>=4.4.1->widgetsnbextension~=3.6.5->ipywidgets>=7.0.0->qgridnext) (2.1.5)
2025-01-09T19:05:31.1894224Z Requirement already satisfied: attrs>=22.2.0 in /home/runner/micromamba/envs/tardis/lib/python3.12/site-packages (from jsonschema>=4.18.0->jupyterlab-server<3,>=2.27.1->notebook>=4.4.1->widgetsnbextension~=3.6.5->ipywidgets>=7.0.0->qgridnext) (23.2.0)
2025-01-09T19:05:31.1906239Z Requirement already satisfied: jsonschema-specifications>=2023.03.6 in /home/runner/micromamba/envs/tardis/lib/python3.12/site-packages (from jsonschema>=4.18.0->jupyterlab-server<3,>=2.27.1->notebook>=4.4.1->widgetsnbextension~=3.6.5->ipywidgets>=7.0.0->qgridnext) (2023.12.1)
2025-01-09T19:05:31.1916402Z Requirement already satisfied: referencing>=0.28.4 in /home/runner/micromamba/envs/tardis/lib/python3.12/site-packages (from jsonschema>=4.18.0->jupyterlab-server<3,>=2.27.1->notebook>=4.4.1->widgetsnbextension~=3.6.5->ipywidgets>=7.0.0->qgridnext) (0.35.1)
2025-01-09T19:05:31.1926813Z Requirement already satisfied: rpds-py>=0.7.1 in /home/runner/micromamba/envs/tardis/lib/python3.12/site-packages (from jsonschema>=4.18.0->jupyterlab-server<3,>=2.27.1->notebook>=4.4.1->widgetsnbextension~=3.6.5->ipywidgets>=7.0.0->qgridnext) (0.18.1)
2025-01-09T19:05:31.2207009Z Requirement already satisfied: platformdirs>=2.5 in /home/runner/micromamba/envs/tardis/lib/python3.12/site-packages (from jupyter-core!=5.0.*,>=4.12->jupyter-server<3,>=2.4.0->notebook>=4.4.1->widgetsnbextension~=3.6.5->ipywidgets>=7.0.0->qgridnext) (4.2.2)
2025-01-09T19:05:31.2373085Z Requirement already satisfied: python-json-logger>=2.0.4 in /home/runner/micromamba/envs/tardis/lib/python3.12/site-packages (from jupyter-events>=0.9.0->jupyter-server<3,>=2.4.0->notebook>=4.4.1->widgetsnbextension~=3.6.5->ipywidgets>=7.0.0->qgridnext) (2.0.7)
2025-01-09T19:05:31.2383558Z Requirement already satisfied: pyyaml>=5.3 in /home/runner/micromamba/envs/tardis/lib/python3.12/site-packages (from jupyter-events>=0.9.0->jupyter-server<3,>=2.4.0->notebook>=4.4.1->widgetsnbextension~=3.6.5->ipywidgets>=7.0.0->qgridnext) (6.0.1)
2025-01-09T19:05:31.2396438Z Requirement already satisfied: rfc3339-validator in /home/runner/micromamba/envs/tardis/lib/python3.12/site-packages (from jupyter-events>=0.9.0->jupyter-server<3,>=2.4.0->notebook>=4.4.1->widgetsnbextension~=3.6.5->ipywidgets>=7.0.0->qgridnext) (0.1.4)
2025-01-09T19:05:31.2406528Z Requirement already satisfied: rfc3986-validator>=0.1.1 in /home/runner/micromamba/envs/tardis/lib/python3.12/site-packages (from jupyter-events>=0.9.0->jupyter-server<3,>=2.4.0->notebook>=4.4.1->widgetsnbextension~=3.6.5->ipywidgets>=7.0.0->qgridnext) (0.1.1)
2025-01-09T19:05:31.2874870Z Requirement already satisfied: beautifulsoup4 in /home/runner/micromamba/envs/tardis/lib/python3.12/site-packages (from nbconvert>=6.4.4->jupyter-server<3,>=2.4.0->notebook>=4.4.1->widgetsnbextension~=3.6.5->ipywidgets>=7.0.0->qgridnext) (4.12.3)
2025-01-09T19:05:31.2897028Z Requirement already satisfied: bleach!=5.0.0 in /home/runner/micromamba/envs/tardis/lib/python3.12/site-packages (from nbconvert>=6.4.4->jupyter-server<3,>=2.4.0->notebook>=4.4.1->widgetsnbextension~=3.6.5->ipywidgets>=7.0.0->qgridnext) (6.1.0)
2025-01-09T19:05:31.2913695Z Requirement already satisfied: defusedxml in /home/runner/micromamba/envs/tardis/lib/python3.12/site-packages (from nbconvert>=6.4.4->jupyter-server<3,>=2.4.0->notebook>=4.4.1->widgetsnbextension~=3.6.5->ipywidgets>=7.0.0->qgridnext) (0.7.1)
2025-01-09T19:05:31.2930112Z Requirement already satisfied: jupyterlab-pygments in /home/runner/micromamba/envs/tardis/lib/python3.12/site-packages (from nbconvert>=6.4.4->jupyter-server<3,>=2.4.0->notebook>=4.4.1->widgetsnbextension~=3.6.5->ipywidgets>=7.0.0->qgridnext) (0.3.0)
2025-01-09T19:05:31.2943280Z Requirement already satisfied: mistune<4,>=2.0.3 in /home/runner/micromamba/envs/tardis/lib/python3.12/site-packages (from nbconvert>=6.4.4->jupyter-server<3,>=2.4.0->notebook>=4.4.1->widgetsnbextension~=3.6.5->ipywidgets>=7.0.0->qgridnext) (3.0.2)
2025-01-09T19:05:31.2956615Z Requirement already satisfied: nbclient>=0.5.0 in /home/runner/micromamba/envs/tardis/lib/python3.12/site-packages (from nbconvert>=6.4.4->jupyter-server<3,>=2.4.0->notebook>=4.4.1->widgetsnbextension~=3.6.5->ipywidgets>=7.0.0->qgridnext) (0.10.0)
2025-01-09T19:05:31.2974428Z Requirement already satisfied: pandocfilters>=1.4.1 in /home/runner/micromamba/envs/tardis/lib/python3.12/site-packages (from nbconvert>=6.4.4->jupyter-server<3,>=2.4.0->notebook>=4.4.1->widgetsnbextension~=3.6.5->ipywidgets>=7.0.0->qgridnext) (1.5.0)
2025-01-09T19:05:31.2985322Z Requirement already satisfied: tinycss2 in /home/runner/micromamba/envs/tardis/lib/python3.12/site-packages (from nbconvert>=6.4.4->jupyter-server<3,>=2.4.0->notebook>=4.4.1->widgetsnbextension~=3.6.5->ipywidgets>=7.0.0->qgridnext) (1.3.0)
2025-01-09T19:05:31.3111134Z Requirement already satisfied: fastjsonschema>=2.15 in /home/runner/micromamba/envs/tardis/lib/python3.12/site-packages (from nbformat>=5.3.0->jupyter-server<3,>=2.4.0->notebook>=4.4.1->widgetsnbextension~=3.6.5->ipywidgets>=7.0.0->qgridnext) (2.20.0)
2025-01-09T19:05:31.3434641Z Requirement already satisfied: charset-normalizer<4,>=2 in /home/runner/micromamba/envs/tardis/lib/python3.12/site-packages (from requests>=2.31->jupyterlab-server<3,>=2.27.1->notebook>=4.4.1->widgetsnbextension~=3.6.5->ipywidgets>=7.0.0->qgridnext) (3.3.2)
2025-01-09T19:05:31.3449778Z Requirement already satisfied: urllib3<3,>=1.21.1 in /home/runner/micromamba/envs/tardis/lib/python3.12/site-packages (from requests>=2.31->jupyterlab-server<3,>=2.27.1->notebook>=4.4.1->widgetsnbextension~=3.6.5->ipywidgets>=7.0.0->qgridnext) (2.2.2)
2025-01-09T19:05:31.4275951Z Requirement already satisfied: webencodings in /home/runner/micromamba/envs/tardis/lib/python3.12/site-packages (from bleach!=5.0.0->nbconvert>=6.4.4->jupyter-server<3,>=2.4.0->notebook>=4.4.1->widgetsnbextension~=3.6.5->ipywidgets>=7.0.0->qgridnext) (0.5.1)
2025-01-09T19:05:31.4896844Z Requirement already satisfied: fqdn in /home/runner/micromamba/envs/tardis/lib/python3.12/site-packages (from jsonschema[format-nongpl]>=4.18.0->jupyter-events>=0.9.0->jupyter-server<3,>=2.4.0->notebook>=4.4.1->widgetsnbextension~=3.6.5->ipywidgets>=7.0.0->qgridnext) (1.5.1)
2025-01-09T19:05:31.4918116Z Requirement already satisfied: isoduration in /home/runner/micromamba/envs/tardis/lib/python3.12/site-packages (from jsonschema[format-nongpl]>=4.18.0->jupyter-events>=0.9.0->jupyter-server<3,>=2.4.0->notebook>=4.4.1->widgetsnbextension~=3.6.5->ipywidgets>=7.0.0->qgridnext) (20.11.0)
2025-01-09T19:05:31.4934108Z Requirement already satisfied: jsonpointer>1.13 in /home/runner/micromamba/envs/tardis/lib/python3.12/site-packages (from jsonschema[format-nongpl]>=4.18.0->jupyter-events>=0.9.0->jupyter-server<3,>=2.4.0->notebook>=4.4.1->widgetsnbextension~=3.6.5->ipywidgets>=7.0.0->qgridnext) (3.0.0)
2025-01-09T19:05:31.4953039Z Requirement already satisfied: uri-template in /home/runner/micromamba/envs/tardis/lib/python3.12/site-packages (from jsonschema[format-nongpl]>=4.18.0->jupyter-events>=0.9.0->jupyter-server<3,>=2.4.0->notebook>=4.4.1->widgetsnbextension~=3.6.5->ipywidgets>=7.0.0->qgridnext) (1.3.0)
2025-01-09T19:05:31.4969136Z Requirement already satisfied: webcolors>=1.11 in /home/runner/micromamba/envs/tardis/lib/python3.12/site-packages (from jsonschema[format-nongpl]>=4.18.0->jupyter-events>=0.9.0->jupyter-server<3,>=2.4.0->notebook>=4.4.1->widgetsnbextension~=3.6.5->ipywidgets>=7.0.0->qgridnext) (24.6.0)
2025-01-09T19:05:31.6101113Z Requirement already satisfied: cffi>=1.0.1 in /home/runner/micromamba/envs/tardis/lib/python3.12/site-packages (from argon2-cffi-bindings->argon2-cffi>=21.1->jupyter-server<3,>=2.4.0->notebook>=4.4.1->widgetsnbextension~=3.6.5->ipywidgets>=7.0.0->qgridnext) (1.16.0)
2025-01-09T19:05:31.6209550Z Requirement already satisfied: soupsieve>1.2 in /home/runner/micromamba/envs/tardis/lib/python3.12/site-packages (from beautifulsoup4->nbconvert>=6.4.4->jupyter-server<3,>=2.4.0->notebook>=4.4.1->widgetsnbextension~=3.6.5->ipywidgets>=7.0.0->qgridnext) (2.5)
2025-01-09T19:05:31.6768002Z Requirement already satisfied: pycparser in /home/runner/micromamba/envs/tardis/lib/python3.12/site-packages (from cffi>=1.0.1->argon2-cffi-bindings->argon2-cffi>=21.1->jupyter-server<3,>=2.4.0->notebook>=4.4.1->widgetsnbextension~=3.6.5->ipywidgets>=7.0.0->qgridnext) (2.22)
2025-01-09T19:05:31.7283133Z Requirement already satisfied: arrow>=0.15.0 in /home/runner/micromamba/envs/tardis/lib/python3.12/site-packages (from isoduration->jsonschema[format-nongpl]>=4.18.0->jupyter-events>=0.9.0->jupyter-server<3,>=2.4.0->notebook>=4.4.1->widgetsnbextension~=3.6.5->ipywidgets>=7.0.0->qgridnext) (1.3.0)
2025-01-09T19:05:31.7603047Z Requirement already satisfied: types-python-dateutil>=2.8.10 in /home/runner/micromamba/envs/tardis/lib/python3.12/site-packages (from arrow>=0.15.0->isoduration->jsonschema[format-nongpl]>=4.18.0->jupyter-events>=0.9.0->jupyter-server<3,>=2.4.0->notebook>=4.4.1->widgetsnbextension~=3.6.5->ipywidgets>=7.0.0->qgridnext) (2.9.0.20240316)
2025-01-09T19:05:31.7947767Z Downloading qgridnext-2.0.4-py3-none-any.whl (1.3 MB)
2025-01-09T19:05:31.8121653Z    ━━━━━━━━━━━━━━━━━━━━━━━━━━━━━━━━━━━━━━━━ 1.3/1.3 MB 86.3 MB/s eta 0:00:00
2025-01-09T19:05:32.6485471Z Installing collected packages: qgridnext
2025-01-09T19:05:32.7518135Z Successfully installed qgridnext-2.0.4
2025-01-09T19:05:32.9800605Z ##[group]Run pytest tardis --tardis-regression-data=/home/runner/work/tardis/tardis/tardis-regression-data --cov=tardis --cov-report=xml --cov-report=html --cov-append -m "not continuum"
2025-01-09T19:05:32.9801960Z [36;1mpytest tardis --tardis-regression-data=/home/runner/work/tardis/tardis/tardis-regression-data --cov=tardis --cov-report=xml --cov-report=html --cov-append -m "not continuum"[0m
2025-01-09T19:05:32.9829559Z shell: /usr/bin/bash -l {0}
2025-01-09T19:05:32.9829823Z env:
2025-01-09T19:05:32.9829999Z   CACHE_NUMBER: 0
2025-01-09T19:05:32.9830626Z   PYTEST_FLAGS: --tardis-regression-data=/home/runner/work/tardis/tardis/tardis-regression-data --cov=tardis --cov-report=xml --cov-report=html --cov-append
2025-01-09T19:05:32.9831281Z   CODECOV_TOKEN: 
2025-01-09T19:05:32.9831499Z   MAMBA_ROOT_PREFIX: /home/runner/micromamba
2025-01-09T19:05:32.9831811Z   MAMBA_EXE: /home/runner/micromamba-bin/micromamba
2025-01-09T19:05:32.9832209Z   CONDARC: /home/runner/work/_temp/setup-micromamba/.condarc
2025-01-09T19:05:32.9832522Z ##[endgroup]
2025-01-09T19:05:41.8619659Z ============================= test session starts ==============================
2025-01-09T19:05:41.8620498Z platform linux -- Python 3.12.4, pytest-8.2.2, pluggy-1.5.0
2025-01-09T19:05:41.8621061Z rootdir: /home/runner/work/tardis/tardis
2025-01-09T19:05:41.8621504Z configfile: pyproject.toml
2025-01-09T19:05:41.8622101Z plugins: anyio-4.4.0, doctestplus-1.2.1, cov-5.0.0, html-4.1.1, metadata-3.1.1
2025-01-09T19:05:41.8622816Z collected 1796 items / 2 deselected / 1794 selected
2025-01-09T19:05:41.8623173Z 
2025-01-09T19:05:47.0263891Z tardis/energy_input/tests/test_energy_source.py ..xxx                    [  0%]
2025-01-09T19:05:49.8513225Z tardis/energy_input/tests/test_gamma_ray_channel.py ...........          [  0%]
2025-01-09T19:05:51.7078664Z tardis/energy_input/tests/test_gamma_ray_grid.py xx.                     [  1%]
2025-01-09T19:05:53.4999779Z tardis/energy_input/tests/test_gamma_ray_interactions.py xx....          [  1%]
2025-01-09T19:05:53.5115410Z tardis/energy_input/tests/test_gamma_ray_packet_source.py sssssssss      [  1%]
2025-01-09T19:05:54.8726920Z tardis/energy_input/tests/test_util.py .....xxxx.....                    [  2%]
2025-01-09T19:05:55.2194282Z tardis/grid/tests/test_grid.py .                                         [  2%]
2025-01-09T19:05:55.2211407Z tardis/gui/tests/test_gui.py s                                           [  2%]
2025-01-09T19:05:58.8586327Z tardis/io/configuration/tests/test_config_reader.py ...........          [  3%]
2025-01-09T19:05:58.8738132Z tardis/io/configuration/tests/test_configuration_namespace.py .........  [  3%]
2025-01-09T19:05:58.9027061Z tardis/io/logger/tests/test_logging.py ssssssssssssssssssssssssssss      [  5%]
2025-01-09T19:06:40.8352787Z tardis/io/model/readers/tests/test_arepo_parser.py ..                    [  5%]
2025-01-09T19:06:40.8511704Z tardis/io/model/readers/tests/test_ascii_readers.py ...                  [  5%]
2025-01-09T19:06:40.8637610Z tardis/io/model/readers/tests/test_cmfgen_reader.py ..                   [  5%]
2025-01-09T19:06:40.8991411Z tardis/io/model/readers/tests/test_csvy_reader.py ....                   [  6%]
2025-01-09T19:06:40.9235309Z tardis/io/model/readers/tests/test_stella_reader.py ..                   [  6%]
2025-01-09T19:06:41.2612228Z tardis/io/tests/test_HDFWriter.py ...............                        [  7%]
2025-01-09T19:06:41.6158886Z tardis/io/tests/test_atomic.py .....                                     [  7%]
2025-01-09T19:06:41.6554105Z tardis/io/tests/test_decay.py ..                                         [  7%]
2025-01-09T19:06:41.8623738Z tardis/io/tests/test_model_reader.py ......                              [  7%]
2025-01-09T19:06:41.8700226Z tardis/model/geometry/tests/test_radial1d.py ..                          [  7%]
2025-01-09T19:07:45.0481280Z tardis/model/tests/test_base.py ........................................ [ 10%]
2025-01-09T19:07:46.0904018Z ............                                                             [ 10%]
2025-01-09T19:07:49.2917311Z tardis/model/tests/test_csvy_model.py .........                          [ 11%]
2025-01-09T19:07:49.3462122Z tardis/model/tests/test_density.py ..                                    [ 11%]
2025-01-09T19:07:50.7561433Z tardis/opacities/tests/test_opacity_solver.py .....                      [ 11%]
2025-01-09T19:07:52.1802727Z tardis/opacities/tests/test_opacity_state_numba.py .....                 [ 11%]
2025-01-09T19:07:53.9303198Z tardis/opacities/tests/test_tau_sobolev.py ..                            [ 12%]
2025-01-09T19:07:57.3470960Z tardis/plasma/equilibrium/tests/test_collisional_transitions.py ...      [ 12%]
2025-01-09T19:08:45.0624066Z tardis/plasma/equilibrium/tests/test_level_populations.py ....           [ 12%]
2025-01-09T19:08:56.4701872Z tardis/plasma/equilibrium/tests/test_rate_matrix.py .                    [ 12%]
2025-01-09T19:08:58.2743142Z tardis/plasma/tests/test_complete_plasmas.py .....................s..... [ 13%]
2025-01-09T19:09:01.3720654Z s....ssssss............s............ss.....s....ssssss............s..... [ 18%]
2025-01-09T19:09:03.2203657Z .......ss.....s....ssssss............s............ss.....s....ssssss.... [ 22%]
2025-01-09T19:09:06.2862146Z ........s............ss.....s........ss............s............ss.....s [ 26%]
2025-01-09T19:09:09.4133604Z ........ss............s............ss.....s....ssssss............s...... [ 30%]
2025-01-09T19:09:10.2377771Z ......ss.....s....ssssss............s............ss.....s.ss.ssssss..... [ 34%]
2025-01-09T19:09:13.8507424Z .......s............ss.....s....ssssss............s............ss.....s. [ 38%]
2025-01-09T19:09:16.9663601Z ...ssssss............s............ss.....s....ssssss............s....... [ 42%]
2025-01-09T19:09:20.3575533Z .....ss.....s....ssssss............s............s...........ssssss...... [ 46%]
2025-01-09T19:09:22.3136719Z ......s............s...........ssssss............s............s......... [ 50%]
2025-01-09T19:09:25.8783578Z ..ssssss............s............ss.....s....ssssss............s........ [ 54%]
2025-01-09T19:09:29.3366093Z ....ss.....s....ssssss..........................s.....s....ssss......... [ 58%]
2025-01-09T19:09:29.6946372Z ...................s.....s....ssss.......                                [ 60%]
2025-01-09T19:09:29.8330857Z tardis/plasma/tests/test_hdf_plasma.py ................................. [ 62%]
2025-01-09T19:09:29.8457632Z ......                                                                   [ 62%]
2025-01-09T19:09:30.0001195Z tardis/plasma/tests/test_nlte_excitation.py ...                          [ 62%]
2025-01-09T19:11:53.0738933Z tardis/plasma/tests/test_nlte_solver.py .....X                           [ 63%]
2025-01-09T19:11:53.0766286Z tardis/plasma/tests/test_plasma_continuum.py .                           [ 63%]
2025-01-09T19:12:18.3422180Z tardis/plasma/tests/test_plasma_vboundary.py .............               [ 63%]
2025-01-09T19:12:31.7229534Z tardis/plasma/tests/test_tardis_model_density_config.py ...              [ 64%]
2025-01-09T19:12:32.4970459Z tardis/simulation/tests/test_convergence.py .....                        [ 64%]
2025-01-09T19:12:41.3586805Z tardis/simulation/tests/test_simulation.py .............                 [ 65%]
2025-01-09T19:12:41.3782532Z tardis/spectrum/tests/test_cuda_formal_integral.py sssssssssssssssssssss [ 66%]
2025-01-09T19:12:41.9063386Z ssss...ssssssssssssssssssssss                                            [ 67%]
2025-01-09T19:12:41.9141295Z tardis/spectrum/tests/test_luminosity.py ....                            [ 68%]
2025-01-09T19:12:44.4995482Z tardis/spectrum/tests/test_numba_formal_integral.py .................... [ 69%]
2025-01-09T19:12:44.5193025Z ..........                                                               [ 69%]
2025-01-09T19:12:44.7166842Z tardis/spectrum/tests/test_spectrum.py ................................. [ 71%]
2025-01-09T19:12:44.7570485Z .........                                                                [ 72%]
2025-01-09T19:13:04.2820056Z tardis/spectrum/tests/test_spectrum_solver.py ....                       [ 72%]
2025-01-09T19:14:08.7960018Z tardis/tests/test_tardis_full.py ....                                    [ 72%]
2025-01-09T19:15:36.1593968Z tardis/tests/test_tardis_full_formal_integral.py ................        [ 73%]
2025-01-09T19:15:36.2425846Z tardis/tests/test_util.py .............................................  [ 75%]
2025-01-09T19:15:39.6296324Z tardis/transport/montecarlo/tests/test_base.py x.....................    [ 77%]
2025-01-09T19:15:47.2147412Z tardis/transport/montecarlo/tests/test_interaction.py .......            [ 77%]
2025-01-09T19:15:47.4549741Z tardis/transport/montecarlo/tests/test_macro_atom.py ....                [ 77%]
2025-01-09T19:15:47.4729594Z tardis/transport/montecarlo/tests/test_montecarlo.py sssssssssssssssssss [ 78%]
2025-01-09T19:15:47.5167904Z sssssssssssssssssssssssssssssssssssssssssssss                            [ 81%]
2025-01-09T19:15:56.8875809Z tardis/transport/montecarlo/tests/test_montecarlo_main_loop.py x..       [ 81%]
2025-01-09T19:15:56.8947655Z tardis/transport/montecarlo/tests/test_nonhomologous.py ...              [ 81%]
2025-01-09T19:16:03.7774010Z tardis/transport/montecarlo/tests/test_numba_interface.py .....x.        [ 82%]
2025-01-09T19:16:04.2922753Z tardis/transport/montecarlo/tests/test_opacities.py ...............      [ 82%]
2025-01-09T19:16:05.4193083Z tardis/transport/montecarlo/tests/test_packet.py .................xXXXXX [ 84%]
2025-01-09T19:16:05.5694161Z XX.........                                                              [ 84%]
2025-01-09T19:16:05.6023611Z tardis/transport/montecarlo/tests/test_packet_source.py ........         [ 85%]
2025-01-09T19:16:05.9515810Z tardis/transport/montecarlo/tests/test_rpacket_last_interaction_tracker.py . [ 85%]
2025-01-09T19:16:06.4419743Z .....                                                                    [ 85%]
2025-01-09T19:16:44.7673827Z tardis/transport/montecarlo/tests/test_rpacket_tracker.py ......         [ 85%]
2025-01-09T19:16:44.7969055Z tardis/transport/montecarlo/tests/test_single_packet_loop.py xxx         [ 86%]
2025-01-09T19:16:44.8001441Z tardis/transport/montecarlo/tests/test_tracker_utils.py ..               [ 86%]
2025-01-09T19:16:47.4146527Z tardis/transport/montecarlo/tests/test_vpacket.py ..x.                   [ 86%]
2025-01-09T19:16:47.4327967Z tardis/transport/montecarlo/tests/test_weighted_packet_source.py ....    [ 86%]
2025-01-09T19:16:50.9953190Z tardis/transport/montecarlo/tests/test_weighted_packet_source_integration.py . [ 86%]
2025-01-09T19:16:50.9954726Z                                                                          [ 86%]
2025-01-09T19:16:51.7721230Z tardis/transport/tests/test_doppler_factor.py ..................         [ 87%]
2025-01-09T19:16:53.1587842Z tardis/visualization/tools/tests/test_convergence_plot.py .............. [ 88%]
2025-01-09T19:16:55.4645584Z ......                                                                   [ 88%]
2025-01-09T19:17:00.9674454Z tardis/visualization/tools/tests/test_liv_plot.py ...................... [ 90%]
2025-01-09T19:17:03.8144265Z .............................                                            [ 91%]
2025-01-09T19:17:06.7090553Z tardis/visualization/tools/tests/test_rpacket_plot.py .................. [ 92%]
2025-01-09T19:17:13.8653511Z ....                                                                     [ 92%]
2025-01-09T19:17:20.2134705Z tardis/visualization/tools/tests/test_sdec_plot.py ..................... [ 94%]
2025-01-09T19:17:28.6834785Z ..............................                                           [ 95%]
2025-01-09T19:17:29.1395740Z tardis/visualization/widgets/tests/test_custom_abundance.py ........ss.. [ 96%]
2025-01-09T19:17:29.2200211Z ....                                                                     [ 96%]
2025-01-09T19:17:30.3569404Z tardis/visualization/widgets/tests/test_line_info.py ................... [ 97%]
2025-01-09T19:17:31.0253767Z ..................                                                       [ 98%]
2025-01-09T19:18:36.1862468Z tardis/visualization/widgets/tests/test_shell_info.py .................. [ 99%]
2025-01-09T19:18:43.6666229Z ......                                                                   [100%]
2025-01-09T19:18:43.6666788Z 
2025-01-09T19:18:43.6666971Z =============================== warnings summary ===============================
2025-01-09T19:18:43.6667606Z tardis/io/configuration/config_validator.py:6
2025-01-09T19:18:43.6668247Z tardis/io/configuration/config_validator.py:6
2025-01-09T19:18:43.6669391Z   /home/runner/work/tardis/tardis/tardis/io/configuration/config_validator.py:6: DeprecationWarning:
2025-01-09T19:18:43.6670481Z   
2025-01-09T19:18:43.6672538Z   jsonschema.RefResolver is deprecated as of v4.18.0, in favor of the https://github.com/python-jsonschema/referencing library, which provides more compliant referencing behavior as well as more flexible APIs for customization. A future release will remove RefResolver. Please file a feature request (on referencing) if you are missing an API for the kind of customization you need.
2025-01-09T19:18:43.6674176Z 
2025-01-09T19:18:43.6674496Z ../../../micromamba/envs/tardis/lib/python3.12/site-packages/jupyter_client/connect.py:22
2025-01-09T19:18:43.6675629Z   /home/runner/micromamba/envs/tardis/lib/python3.12/site-packages/jupyter_client/connect.py:22: DeprecationWarning:
2025-01-09T19:18:43.6676695Z   
2025-01-09T19:18:43.6677179Z   Jupyter is migrating its paths to use standard platformdirs
2025-01-09T19:18:43.6677888Z   given by the platformdirs library.  To remove this warning and
2025-01-09T19:18:43.6678421Z   see the appropriate new directories, set the environment variable
2025-01-09T19:18:43.6678937Z   `JUPYTER_PLATFORM_DIRS=1` and then run `jupyter --paths`.
2025-01-09T19:18:43.6679429Z   The use of platformdirs will be the default in `jupyter_core` v6
2025-01-09T19:18:43.6679784Z 
2025-01-09T19:18:43.6686147Z tardis/io/tests/test_HDFWriter.py::test_multi_index_write
2025-01-09T19:18:43.6686739Z tardis/visualization/widgets/tests/test_shell_info.py::TestHDFShellInfo::test_shells_data
2025-01-09T19:18:43.6687317Z   /home/runner/work/tardis/tardis/tardis/io/util.py:276: PerformanceWarning:
2025-01-09T19:18:43.6687686Z   
2025-01-09T19:18:43.6687843Z   
2025-01-09T19:18:43.6688136Z   your performance may suffer as PyTables will pickle object types that it cannot
2025-01-09T19:18:43.6688687Z   map directly to c-types [inferred_type->mixed,key->block0_values] [items->Index([0], dtype='int64')]
2025-01-09T19:18:43.6689036Z 
2025-01-09T19:18:43.6689240Z tardis/io/tests/test_model_reader.py::test_read_cmfgen_isotope_abundances
2025-01-09T19:18:43.6689727Z tardis/plasma/tests/test_tardis_model_density_config.py::test_electron_densities
2025-01-09T19:18:43.6690255Z tardis/plasma/tests/test_tardis_model_density_config.py::test_isotope_number_densities
2025-01-09T19:18:43.6690743Z tardis/plasma/tests/test_tardis_model_density_config.py::test_t_rad
2025-01-09T19:18:43.6691313Z   /home/runner/work/tardis/tardis/tardis/io/model/readers/cmfgen_deprecated.py:82: DeprecationWarning:
2025-01-09T19:18:43.6691778Z   
2025-01-09T19:18:43.6691974Z   The current CMFGEN model parser is deprecated
2025-01-09T19:18:43.6692168Z 
2025-01-09T19:18:43.6692275Z tardis/io/tests/test_model_reader.py: 1 warning
2025-01-09T19:18:43.6692633Z tardis/plasma/tests/test_tardis_model_density_config.py: 9 warnings
2025-01-09T19:18:43.6693192Z   /home/runner/work/tardis/tardis/tardis/io/model/readers/cmfgen_deprecated.py:40: DeprecationWarning:
2025-01-09T19:18:43.6693901Z   
2025-01-09T19:18:43.6694094Z   The current CMFGEN model parser is deprecated
2025-01-09T19:18:43.6694284Z 
2025-01-09T19:18:43.6694489Z tardis/model/tests/test_base.py::TestModelFromPaper1Config::test_abundances
2025-01-09T19:18:43.6695344Z   /home/runner/work/tardis/tardis/tardis/transport/montecarlo/montecarlo_main_loop.py:123: NumbaTypeSafetyWarning:
2025-01-09T19:18:43.6695872Z   
2025-01-09T19:18:43.6696567Z   [1m[1m[1munsafe cast from uint64 to int64. Precision may be lost.[0m[0m[0m
2025-01-09T19:18:43.6696841Z 
2025-01-09T19:18:43.6696950Z tardis/model/tests/test_base.py: 6 warnings
2025-01-09T19:18:43.6697243Z tardis/model/tests/test_csvy_model.py: 2 warnings
2025-01-09T19:18:43.6697615Z tardis/plasma/tests/test_tardis_model_density_config.py: 3 warnings
2025-01-09T19:18:43.6698152Z   /home/runner/work/tardis/tardis/tardis/model/geometry/radial1d.py:50: DeprecationWarning:
2025-01-09T19:18:43.6698572Z   
2025-01-09T19:18:43.6698759Z   v_inner_boundary < 0, assuming default value
2025-01-09T19:18:43.6698950Z 
2025-01-09T19:18:43.6699046Z tardis/model/tests/test_base.py: 6 warnings
2025-01-09T19:18:43.6699339Z tardis/model/tests/test_csvy_model.py: 2 warnings
2025-01-09T19:18:43.6699706Z tardis/plasma/tests/test_tardis_model_density_config.py: 3 warnings
2025-01-09T19:18:43.6700229Z   /home/runner/work/tardis/tardis/tardis/model/geometry/radial1d.py:61: DeprecationWarning:
2025-01-09T19:18:43.6700650Z   
2025-01-09T19:18:43.6700841Z   v_outer_boundary < 0, assuming default value
2025-01-09T19:18:43.6701030Z 
2025-01-09T19:18:43.6701492Z tardis/plasma/equilibrium/tests/test_level_populations.py::TestLevelPopulationSolver::test_solve[collisional_rate_solver0-radiative_transitions0]
2025-01-09T19:18:43.6702311Z   /home/runner/work/tardis/tardis/tardis/plasma/equilibrium/level_populations.py:65: FutureWarning:
2025-01-09T19:18:43.6702770Z   
2025-01-09T19:18:43.6703123Z   A value is trying to be set on a copy of a DataFrame or Series through chained assignment using an inplace method.
2025-01-09T19:18:43.6703944Z   The behavior will change in pandas 3.0. This inplace method will never work because the intermediate object on which we are setting values always behaves as a copy.
2025-01-09T19:18:43.6704538Z   
2025-01-09T19:18:43.6705382Z   For example, when doing 'df[col].method(value, inplace=True)', try using 'df.method({col: value}, inplace=True)' or df[col] = df[col].method(value) instead, to perform the operation inplace on the original object.
2025-01-09T19:18:43.6705994Z 
2025-01-09T19:18:43.6706148Z tardis/plasma/tests/test_complete_plasmas.py: 20 warnings
2025-01-09T19:18:43.6706664Z   /home/runner/work/tardis/tardis/tardis/plasma/tests/test_complete_plasmas.py:197: UserWarning:
2025-01-09T19:18:43.6707102Z   
2025-01-09T19:18:43.6707272Z   Property "atomic_mass" not found
2025-01-09T19:18:43.6707440Z 
2025-01-09T19:18:43.6707870Z tardis/plasma/tests/test_complete_plasmas.py::TestPlasma::test_plasma_properties[radiative_rates_type:detailed-w_epsilon:1e-10-j_blues_norm_factor]
2025-01-09T19:18:43.6708765Z tardis/plasma/tests/test_complete_plasmas.py::TestPlasma::test_plasma_properties[radiative_rates_type:detailed-j_blues_norm_factor]
2025-01-09T19:18:43.6709508Z   /home/runner/work/tardis/tardis/tardis/plasma/tests/test_complete_plasmas.py:197: UserWarning:
2025-01-09T19:18:43.6709960Z   
2025-01-09T19:18:43.6710144Z   Property "j_blues_norm_factor" not found
2025-01-09T19:18:43.6710331Z 
2025-01-09T19:18:43.6710748Z tardis/plasma/tests/test_complete_plasmas.py::TestPlasma::test_plasma_properties[radiative_rates_type:detailed-w_epsilon:1e-10-j_blue_estimator]
2025-01-09T19:18:43.6711601Z tardis/plasma/tests/test_complete_plasmas.py::TestPlasma::test_plasma_properties[radiative_rates_type:detailed-j_blue_estimator]
2025-01-09T19:18:43.6712331Z   /home/runner/work/tardis/tardis/tardis/plasma/tests/test_complete_plasmas.py:197: UserWarning:
2025-01-09T19:18:43.6712759Z   
2025-01-09T19:18:43.6712935Z   Property "j_blue_estimator" not found
2025-01-09T19:18:43.6713261Z 
2025-01-09T19:18:43.6713650Z tardis/plasma/tests/test_complete_plasmas.py::TestPlasma::test_plasma_properties[radiative_rates_type:detailed-w_epsilon:1e-10-volume]
2025-01-09T19:18:43.6714438Z tardis/plasma/tests/test_complete_plasmas.py::TestPlasma::test_plasma_properties[radiative_rates_type:detailed-volume]
2025-01-09T19:18:43.6715325Z   /home/runner/work/tardis/tardis/tardis/plasma/tests/test_complete_plasmas.py:197: UserWarning:
2025-01-09T19:18:43.6715761Z   
2025-01-09T19:18:43.6716056Z   Property "volume" not found
2025-01-09T19:18:43.6716210Z 
2025-01-09T19:18:43.6716600Z tardis/plasma/tests/test_complete_plasmas.py::TestPlasma::test_plasma_properties[radiative_rates_type:detailed-w_epsilon:1e-10-r_inner]
2025-01-09T19:18:43.6717403Z tardis/plasma/tests/test_complete_plasmas.py::TestPlasma::test_plasma_properties[radiative_rates_type:detailed-r_inner]
2025-01-09T19:18:43.6718104Z   /home/runner/work/tardis/tardis/tardis/plasma/tests/test_complete_plasmas.py:197: UserWarning:
2025-01-09T19:18:43.6718537Z   
2025-01-09T19:18:43.6718704Z   Property "r_inner" not found
2025-01-09T19:18:43.6718856Z 
2025-01-09T19:18:43.6719066Z tardis/plasma/tests/test_plasma_vboundary.py::test_plasma_vboundary[2900-3750]
2025-01-09T19:18:43.6719561Z tardis/plasma/tests/test_plasma_vboundary.py::test_plasma_vboundary[2900-3850]
2025-01-09T19:18:43.6720045Z tardis/plasma/tests/test_plasma_vboundary.py::test_plasma_vboundary[2900-3900]
2025-01-09T19:18:43.6720566Z   /home/runner/work/tardis/tardis/tardis/model/geometry/radial1d.py:71: UserWarning:
2025-01-09T19:18:43.6720951Z   
2025-01-09T19:18:43.6721228Z   Requesting inner boundary below inner shell. Extrapolating the inner cell
2025-01-09T19:18:43.6721509Z 
2025-01-09T19:18:43.6721715Z tardis/spectrum/tests/test_spectrum_solver.py::TestSpectrumSolver::test_solve
2025-01-09T19:18:43.6722204Z   /home/runner/work/tardis/tardis/tardis/spectrum/base.py:70: UserWarning:
2025-01-09T19:18:43.6722548Z   
2025-01-09T19:18:43.6722952Z   SpectrumSolver.spectrum_virtual_packets is zero. Please run the montecarlo simulation with no_of_virtual_packets > 0
2025-01-09T19:18:43.6723368Z 
2025-01-09T19:18:43.6723575Z tardis/spectrum/tests/test_spectrum_solver.py::TestSpectrumSolver::test_solve
2025-01-09T19:18:43.6724059Z   /home/runner/work/tardis/tardis/tardis/spectrum/base.py:111: UserWarning:
2025-01-09T19:18:43.6724404Z   
2025-01-09T19:18:43.6724826Z   SpectrumSolver.integrator: The FormalIntegrator is not yet available.Please run the montecarlo simulation at least once.
2025-01-09T19:18:43.6725437Z 
2025-01-09T19:18:43.6725655Z tardis/transport/montecarlo/tests/test_vpacket.py::test_trace_vpacket_volley
2025-01-09T19:18:43.6726060Z   <string>:3: NumbaPendingDeprecationWarning:
2025-01-09T19:18:43.6726311Z   
2025-01-09T19:18:43.6727464Z   [1m[1mCode using Numba extension API maybe depending on 'old_style' error-capturing, which is deprecated and will be replaced by 'new_style' in a future release. See details at https://numba.readthedocs.io/en/latest/reference/deprecation.html#deprecation-of-old-style-numba-captured-errors
2025-01-09T19:18:43.6728486Z   Exception origin:
2025-01-09T19:18:43.6728856Z     File "/home/runner/micromamba/envs/tardis/lib/python3.12/inspect.py", line 3180, in _bind
2025-01-09T19:18:43.6729276Z       raise TypeError(msg) from None
2025-01-09T19:18:43.6729530Z   [0m[0m
2025-01-09T19:18:43.6729632Z 
2025-01-09T19:18:43.6729958Z tardis/visualization/tools/tests/test_sdec_plot.py::TestSDECPlotter::test_mpl_image[plotter_generate_plot_mpl4]
2025-01-09T19:18:43.6730645Z   /home/runner/work/tardis/tardis/tardis/visualization/tools/sdec_plot.py:1225: RuntimeWarning:
2025-01-09T19:18:43.6731079Z   
2025-01-09T19:18:43.6732013Z   More than 20 figures have been opened. Figures created through the pyplot interface (`matplotlib.pyplot.figure`) are retained until explicitly closed and may consume too much memory. (To control this warning, see the rcParam `figure.max_open_warning`). Consider using `matplotlib.pyplot.close()`.
2025-01-09T19:18:43.6732968Z 
2025-01-09T19:18:43.6733511Z tardis/visualization/widgets/tests/test_custom_abundance.py::TestCustomAbundanceWidget::test_update_input_item_value
2025-01-09T19:18:43.6734296Z tardis/visualization/widgets/tests/test_custom_abundance.py::TestCustomAbundanceWidget::test_update_input_item_value
2025-01-09T19:18:43.6735237Z tardis/visualization/widgets/tests/test_custom_abundance.py::TestCustomAbundanceWidget::test_update_input_item_value
2025-01-09T19:18:43.6736127Z tardis/visualization/widgets/tests/test_custom_abundance.py::TestCustomAbundanceWidget::test_update_input_item_value
2025-01-09T19:18:43.6736905Z tardis/visualization/widgets/tests/test_custom_abundance.py::TestCustomAbundanceWidget::test_update_input_item_value
2025-01-09T19:18:43.6737681Z tardis/visualization/widgets/tests/test_custom_abundance.py::TestCustomAbundanceWidget::test_update_input_item_value
2025-01-09T19:18:43.6738464Z   /home/runner/micromamba/envs/tardis/lib/python3.12/site-packages/traitlets/traitlets.py:1385: DeprecationWarning:
2025-01-09T19:18:43.6738976Z   
2025-01-09T19:18:43.6739261Z   Passing unrecognized arguments to super(Checkbox).__init__(icon='lock').
2025-01-09T19:18:43.6739710Z   object.__init__() takes exactly one argument (the instance to initialize)
2025-01-09T19:18:43.6740202Z   This is deprecated in traitlets 4.2.This error will be raised in a future release of traitlets.
2025-01-09T19:18:43.6740523Z 
2025-01-09T19:18:43.6740881Z tardis/visualization/widgets/tests/test_custom_abundance.py::TestCustomAbundanceWidget::test_update_input_item_value
2025-01-09T19:18:43.6741653Z tardis/visualization/widgets/tests/test_custom_abundance.py::TestCustomAbundanceWidget::test_update_input_item_value
2025-01-09T19:18:43.6742421Z   /home/runner/micromamba/envs/tardis/lib/python3.12/site-packages/traitlets/traitlets.py:1385: DeprecationWarning:
2025-01-09T19:18:43.6742911Z   
2025-01-09T19:18:43.6743169Z   Passing unrecognized arguments to super(FloatText).__init__(min=0).
2025-01-09T19:18:43.6743602Z   object.__init__() takes exactly one argument (the instance to initialize)
2025-01-09T19:18:43.6744095Z   This is deprecated in traitlets 4.2.This error will be raised in a future release of traitlets.
2025-01-09T19:18:43.6744422Z 
2025-01-09T19:18:43.6744770Z tardis/visualization/widgets/tests/test_custom_abundance.py::TestCustomAbundanceWidget::test_update_input_item_value
2025-01-09T19:18:43.6745757Z   /home/runner/micromamba/envs/tardis/lib/python3.12/site-packages/traitlets/traitlets.py:1385: DeprecationWarning:
2025-01-09T19:18:43.6746262Z   
2025-01-09T19:18:43.6746524Z   Passing unrecognized arguments to super(HTML).__init__(indent=True).
2025-01-09T19:18:43.6746943Z   object.__init__() takes exactly one argument (the instance to initialize)
2025-01-09T19:18:43.6747421Z   This is deprecated in traitlets 4.2.This error will be raised in a future release of traitlets.
2025-01-09T19:18:43.6747736Z 
2025-01-09T19:18:43.6748160Z tardis/visualization/widgets/tests/test_line_info.py::TestLineInfoWidgetData::test_get_species_interactions[wavelength_range0-packet_out_nu]
2025-01-09T19:18:43.6749001Z   /home/runner/micromamba/envs/tardis/lib/python3.12/site-packages/qgridnext/grid.py:820: DeprecationWarning:
2025-01-09T19:18:43.6749467Z   
2025-01-09T19:18:43.6749817Z   QgridWidget._precision_changed is deprecated in traitlets 4.1: use @observe and @unobserve instead.
2025-01-09T19:18:43.6750174Z 
2025-01-09T19:18:43.6750424Z tardis/visualization/widgets/tests/test_shell_info.py::TestHDFShellInfo::test_shells_data
2025-01-09T19:18:43.6750969Z   /home/runner/work/tardis/tardis/tardis/io/util.py:289: PerformanceWarning:
2025-01-09T19:18:43.6751318Z   
2025-01-09T19:18:43.6751464Z   
2025-01-09T19:18:43.6751745Z   your performance may suffer as PyTables will pickle object types that it cannot
2025-01-09T19:18:43.6752295Z   map directly to c-types [inferred_type->mixed,key->block0_values] [items->Index([0], dtype='int64')]
2025-01-09T19:18:43.6752638Z 
2025-01-09T19:18:43.6752903Z tardis/visualization/widgets/tests/test_shell_info.py::TestHDFShellInfo::test_shells_data
2025-01-09T19:18:43.6753609Z   /home/runner/work/tardis/tardis/tardis/io/util.py:292: PerformanceWarning:
2025-01-09T19:18:43.6753967Z   
2025-01-09T19:18:43.6754117Z   
2025-01-09T19:18:43.6754396Z   your performance may suffer as PyTables will pickle object types that it cannot
2025-01-09T19:18:43.6754861Z   map directly to c-types [inferred_type->mixed,key->values] [items->None]
2025-01-09T19:18:43.6755340Z 
2025-01-09T19:18:43.6755721Z tardis/visualization/widgets/tests/test_shell_info.py::TestHDFShellInfo::test_shells_data
2025-01-09T19:18:43.6756304Z   /home/runner/work/tardis/tardis/tardis/spectrum/formal_integral.py:398: UserWarning:
2025-01-09T19:18:43.6756700Z   
2025-01-09T19:18:43.6756967Z   The number of interpolate_shells was not specified. The value was set to 80.
2025-01-09T19:18:43.6757247Z 
2025-01-09T19:18:43.6757438Z -- Docs: https://docs.pytest.org/en/stable/how-to/capture-warnings.html
2025-01-09T19:18:43.6757715Z 
2025-01-09T19:18:43.6757878Z ---------- coverage: platform linux, python 3.12.4-final-0 -----------
2025-01-09T19:18:43.6758244Z Coverage HTML written to dir coverage_html_report
2025-01-09T19:18:43.6758536Z Coverage XML written to file coverage.xml
2025-01-09T19:18:43.6758715Z 
2025-01-09T19:18:43.6758947Z = 1438 passed, 329 skipped, 2 deselected, 19 xfailed, 8 xpassed, 91 warnings in 783.54s (0:13:03) =
2025-01-09T19:18:46.6946249Z ##[group]Run mv .coverage .coverage.2
2025-01-09T19:18:46.6946645Z [36;1mmv .coverage .coverage.2[0m
2025-01-09T19:18:46.6976493Z shell: /usr/bin/bash -l {0}
2025-01-09T19:18:46.6976780Z env:
2025-01-09T19:18:46.6976992Z   CACHE_NUMBER: 0
2025-01-09T19:18:46.6977821Z   PYTEST_FLAGS: --tardis-regression-data=/home/runner/work/tardis/tardis/tardis-regression-data --cov=tardis --cov-report=xml --cov-report=html --cov-append
2025-01-09T19:18:46.6978678Z   CODECOV_TOKEN: 
2025-01-09T19:18:46.6978959Z   MAMBA_ROOT_PREFIX: /home/runner/micromamba
2025-01-09T19:18:46.6979387Z   MAMBA_EXE: /home/runner/micromamba-bin/micromamba
2025-01-09T19:18:46.6979851Z   CONDARC: /home/runner/work/_temp/setup-micromamba/.condarc
2025-01-09T19:18:46.6980246Z ##[endgroup]
2025-01-09T19:18:46.8330562Z ##[group]Run actions/upload-artifact@v4
2025-01-09T19:18:46.8330872Z with:
2025-01-09T19:18:46.8331100Z   name: coverage-not-continuum-ubuntu-latest
2025-01-09T19:18:46.8331394Z   include-hidden-files: true
2025-01-09T19:18:46.8331638Z   path: .coverage*
!.coveragerc

2025-01-09T19:18:46.8331881Z   if-no-files-found: warn
2025-01-09T19:18:46.8332104Z   compression-level: 6
2025-01-09T19:18:46.8332312Z   overwrite: false
2025-01-09T19:18:46.8332500Z env:
2025-01-09T19:18:46.8332665Z   CACHE_NUMBER: 0
2025-01-09T19:18:46.8333290Z   PYTEST_FLAGS: --tardis-regression-data=/home/runner/work/tardis/tardis/tardis-regression-data --cov=tardis --cov-report=xml --cov-report=html --cov-append
2025-01-09T19:18:46.8333957Z   CODECOV_TOKEN: 
2025-01-09T19:18:46.8334180Z   MAMBA_ROOT_PREFIX: /home/runner/micromamba
2025-01-09T19:18:46.8334483Z   MAMBA_EXE: /home/runner/micromamba-bin/micromamba
2025-01-09T19:18:46.8334850Z   CONDARC: /home/runner/work/_temp/setup-micromamba/.condarc
2025-01-09T19:18:46.8335479Z ##[endgroup]
2025-01-09T19:18:47.0667703Z With the provided path, there will be 1 file uploaded
2025-01-09T19:18:47.0673137Z Artifact name is valid!
2025-01-09T19:18:47.0674507Z Root directory input is valid!
2025-01-09T19:18:47.1655267Z Beginning upload of artifact content to blob storage
2025-01-09T19:18:47.2598290Z Uploaded bytes 19629
2025-01-09T19:18:47.2778167Z Finished uploading artifact content to blob storage!
2025-01-09T19:18:47.2781141Z SHA256 hash of uploaded artifact zip is 9d60b4f254195547d31725cbac26cf59cdc1e747568a7e3004fcf71d904e6338
2025-01-09T19:18:47.2782959Z Finalizing artifact upload
2025-01-09T19:18:47.3567080Z Artifact coverage-not-continuum-ubuntu-latest.zip successfully finalized. Artifact ID 2409184433
2025-01-09T19:18:47.3568720Z Artifact coverage-not-continuum-ubuntu-latest has been successfully uploaded! Final size is 19629 bytes. Artifact ID is 2409184433
2025-01-09T19:18:47.3576196Z Artifact download URL: https://github.com/tardis-sn/tardis/actions/runs/12696788751/artifacts/2409184433
2025-01-09T19:18:47.3721157Z Post job cleanup.
2025-01-09T19:18:47.3754159Z Post job cleanup.
2025-01-09T19:18:47.5190371Z Will use pre-installed micromamba at /home/runner/micromamba-bin/micromamba
2025-01-09T19:18:47.5198174Z Removing micromamba run shell ...
2025-01-09T19:18:47.5202813Z ##[group]Deinitialize micromamba for bash
2025-01-09T19:18:47.5222938Z [command]/home/runner/micromamba-bin/micromamba shell deinit -s bash -r /home/runner/micromamba --log-level warning --rc-file /home/runner/work/_temp/setup-micromamba/.condarc
2025-01-09T19:18:47.5340533Z Resetting RC file "/home/runner/.bashrc"
2025-01-09T19:18:47.5341038Z Deleting config for root prefix 
2025-01-09T19:18:47.5341497Z Clearing mamba executable environment variable
2025-01-09T19:18:47.5342032Z Removing the following in your "/home/runner/.bashrc" file
2025-01-09T19:18:47.5342494Z # >>> mamba initialize >>>
2025-01-09T19:18:47.5342848Z ...
2025-01-09T19:18:47.5343076Z # <<< mamba initialize <<<
2025-01-09T19:18:47.5383081Z Removing mamba initialize block from .bash_profile
2025-01-09T19:18:47.5403856Z ##[endgroup]
2025-01-09T19:18:47.5408921Z Removing environment tardis from auto-activate bash ...
2025-01-09T19:18:47.5563799Z Post job cleanup.
2025-01-09T19:18:47.5603104Z Post job cleanup.
2025-01-09T19:18:47.6677130Z [command]/usr/bin/git version
2025-01-09T19:18:47.6718011Z git version 2.47.1
2025-01-09T19:18:47.6773786Z Temporarily overriding HOME='/home/runner/work/_temp/df99cff2-2b19-466e-a1cd-1debd5f05711' before making global git config changes
2025-01-09T19:18:47.6775611Z Adding repository directory to the temporary git global config as a safe directory
2025-01-09T19:18:47.6780443Z [command]/usr/bin/git config --global --add safe.directory /home/runner/work/tardis/tardis/tardis-regression-data
2025-01-09T19:18:47.6824634Z [command]/usr/bin/git config --local --name-only --get-regexp core\.sshCommand
2025-01-09T19:18:47.6862584Z [command]/usr/bin/git submodule foreach --recursive sh -c "git config --local --name-only --get-regexp 'core\.sshCommand' && git config --local --unset-all 'core.sshCommand' || :"
2025-01-09T19:18:47.7122044Z [command]/usr/bin/git config --local --name-only --get-regexp http\.https\:\/\/github\.com\/\.extraheader
2025-01-09T19:18:47.7150976Z http.https://github.com/.extraheader
2025-01-09T19:18:47.7165309Z [command]/usr/bin/git config --local --unset-all http.https://github.com/.extraheader
2025-01-09T19:18:47.7202116Z [command]/usr/bin/git submodule foreach --recursive sh -c "git config --local --name-only --get-regexp 'http\.https\:\/\/github\.com\/\.extraheader' && git config --local --unset-all 'http.https://github.com/.extraheader' || :"
2025-01-09T19:18:47.7614555Z Post job cleanup.
2025-01-09T19:18:47.8763201Z [command]/usr/bin/git version
2025-01-09T19:18:47.8820520Z git version 2.47.1
2025-01-09T19:18:47.8890061Z Temporarily overriding HOME='/home/runner/work/_temp/85025359-83db-4aac-9707-9145131e12ef' before making global git config changes
2025-01-09T19:18:47.8891633Z Adding repository directory to the temporary git global config as a safe directory
2025-01-09T19:18:47.8910568Z [command]/usr/bin/git config --global --add safe.directory /home/runner/work/tardis/tardis
2025-01-09T19:18:47.8963282Z [command]/usr/bin/git config --local --name-only --get-regexp core\.sshCommand
2025-01-09T19:18:47.9008777Z [command]/usr/bin/git submodule foreach --recursive sh -c "git config --local --name-only --get-regexp 'core\.sshCommand' && git config --local --unset-all 'core.sshCommand' || :"
2025-01-09T19:18:47.9281000Z [command]/usr/bin/git config --local --name-only --get-regexp http\.https\:\/\/github\.com\/\.extraheader
2025-01-09T19:18:47.9306199Z http.https://github.com/.extraheader
2025-01-09T19:18:47.9320112Z [command]/usr/bin/git config --local --unset-all http.https://github.com/.extraheader
2025-01-09T19:18:47.9355610Z [command]/usr/bin/git submodule foreach --recursive sh -c "git config --local --name-only --get-regexp 'http\.https\:\/\/github\.com\/\.extraheader' && git config --local --unset-all 'http.https://github.com/.extraheader' || :"
2025-01-09T19:18:47.9723672Z Cleaning up orphan processes
