2025-01-09T19:04:37.2440591Z Requested labels: ubuntu-latest
2025-01-09T19:04:37.2441041Z Job defined at: tardis-sn/tardis/.github/workflows/tests.yml@refs/pull/2932/merge
2025-01-09T19:04:37.2441185Z Waiting for a runner to pick up this job...
2025-01-09T19:04:37.6991367Z Job is waiting for a hosted runner to come online.
2025-01-09T19:04:40.2691673Z Job is about to start running on the hosted runner: GitHub Actions 15 (hosted)
2025-01-09T19:04:42.3216178Z Current runner version: '2.321.0'
2025-01-09T19:04:42.3240864Z ##[group]Operating System
2025-01-09T19:04:42.3241572Z Ubuntu
2025-01-09T19:04:42.3242174Z 24.04.1
2025-01-09T19:04:42.3242675Z LTS
2025-01-09T19:04:42.3243102Z ##[endgroup]
2025-01-09T19:04:42.3243922Z ##[group]Runner Image
2025-01-09T19:04:42.3244493Z Image: ubuntu-24.04
2025-01-09T19:04:42.3244959Z Version: 20250105.1.0
2025-01-09T19:04:42.3246068Z Included Software: https://github.com/actions/runner-images/blob/ubuntu24/20250105.1/images/ubuntu/Ubuntu2404-Readme.md
2025-01-09T19:04:42.3247409Z Image Release: https://github.com/actions/runner-images/releases/tag/ubuntu24%2F20250105.1
2025-01-09T19:04:42.3248328Z ##[endgroup]
2025-01-09T19:04:42.3248844Z ##[group]Runner Image Provisioner
2025-01-09T19:04:42.3249421Z 2.0.404.1
2025-01-09T19:04:42.3249911Z ##[endgroup]
2025-01-09T19:04:42.3251970Z ##[group]GITHUB_TOKEN Permissions
2025-01-09T19:04:42.3253985Z Actions: read
2025-01-09T19:04:42.3254801Z Attestations: read
2025-01-09T19:04:42.3255461Z Checks: read
2025-01-09T19:04:42.3255926Z Contents: read
2025-01-09T19:04:42.3256420Z Deployments: read
2025-01-09T19:04:42.3256986Z Discussions: read
2025-01-09T19:04:42.3257466Z Issues: read
2025-01-09T19:04:42.3257938Z Metadata: read
2025-01-09T19:04:42.3258473Z Packages: read
2025-01-09T19:04:42.3258945Z Pages: read
2025-01-09T19:04:42.3259426Z PullRequests: read
2025-01-09T19:04:42.3259995Z RepositoryProjects: read
2025-01-09T19:04:42.3260521Z SecurityEvents: read
2025-01-09T19:04:42.3261030Z Statuses: read
2025-01-09T19:04:42.3261560Z ##[endgroup]
2025-01-09T19:04:42.3264526Z Secret source: None
2025-01-09T19:04:42.3265246Z Prepare workflow directory
2025-01-09T19:04:42.3885812Z Prepare all required actions
2025-01-09T19:04:42.3923370Z Getting action download info
2025-01-09T19:04:42.5613583Z Download action repository 'actions/checkout@v4' (SHA:11bd71901bbe5b1630ceea73d27597364c9af683)
2025-01-09T19:04:42.6604855Z Download action repository 'actions/upload-artifact@v4' (SHA:6f51ac03b9356f520e9adb1b1b7802705f340c2b)
2025-01-09T19:04:42.8178901Z Complete job name:  continuum ubuntu-latest 
2025-01-09T19:04:42.8823743Z ##[group]Run actions/checkout@v4
2025-01-09T19:04:42.8824634Z with:
2025-01-09T19:04:42.8825062Z   repository: tardis-sn/tardis
2025-01-09T19:04:42.8825693Z   token: ***
2025-01-09T19:04:42.8826080Z   ssh-strict: true
2025-01-09T19:04:42.8826470Z   ssh-user: git
2025-01-09T19:04:42.8826861Z   persist-credentials: true
2025-01-09T19:04:42.8827334Z   clean: true
2025-01-09T19:04:42.8827724Z   sparse-checkout-cone-mode: true
2025-01-09T19:04:42.8828200Z   fetch-depth: 1
2025-01-09T19:04:42.8828589Z   fetch-tags: false
2025-01-09T19:04:42.8828973Z   show-progress: true
2025-01-09T19:04:42.8829368Z   lfs: false
2025-01-09T19:04:42.8829782Z   submodules: false
2025-01-09T19:04:42.8830170Z   set-safe-directory: true
2025-01-09T19:04:42.8830788Z env:
2025-01-09T19:04:42.8831138Z   CACHE_NUMBER: 0
2025-01-09T19:04:42.8832245Z   PYTEST_FLAGS: --tardis-regression-data=/home/runner/work/tardis/tardis/tardis-regression-data --cov=tardis --cov-report=xml --cov-report=html --cov-append
2025-01-09T19:04:42.8833606Z   CODECOV_TOKEN: 
2025-01-09T19:04:42.8833985Z ##[endgroup]
2025-01-09T19:04:43.1198393Z Syncing repository: tardis-sn/tardis
2025-01-09T19:04:43.1200919Z ##[group]Getting Git version info
2025-01-09T19:04:43.1202004Z Working directory is '/home/runner/work/tardis/tardis'
2025-01-09T19:04:43.1203903Z [command]/usr/bin/git version
2025-01-09T19:04:43.1285048Z git version 2.47.1
2025-01-09T19:04:43.1314800Z ##[endgroup]
2025-01-09T19:04:43.1328780Z Temporarily overriding HOME='/home/runner/work/_temp/bcbe5dd3-39f9-4a66-b977-1462c90e52de' before making global git config changes
2025-01-09T19:04:43.1330114Z Adding repository directory to the temporary git global config as a safe directory
2025-01-09T19:04:43.1333923Z [command]/usr/bin/git config --global --add safe.directory /home/runner/work/tardis/tardis
2025-01-09T19:04:43.1370619Z Deleting the contents of '/home/runner/work/tardis/tardis'
2025-01-09T19:04:43.1375133Z ##[group]Initializing the repository
2025-01-09T19:04:43.1379799Z [command]/usr/bin/git init /home/runner/work/tardis/tardis
2025-01-09T19:04:43.1485566Z hint: Using 'master' as the name for the initial branch. This default branch name
2025-01-09T19:04:43.1487320Z hint: is subject to change. To configure the initial branch name to use in all
2025-01-09T19:04:43.1488279Z hint: of your new repositories, which will suppress this warning, call:
2025-01-09T19:04:43.1488960Z hint:
2025-01-09T19:04:43.1489440Z hint: 	git config --global init.defaultBranch <name>
2025-01-09T19:04:43.1490028Z hint:
2025-01-09T19:04:43.1490572Z hint: Names commonly chosen instead of 'master' are 'main', 'trunk' and
2025-01-09T19:04:43.1491476Z hint: 'development'. The just-created branch can be renamed via this command:
2025-01-09T19:04:43.1492318Z hint:
2025-01-09T19:04:43.1493008Z hint: 	git branch -m <name>
2025-01-09T19:04:43.1494168Z Initialized empty Git repository in /home/runner/work/tardis/tardis/.git/
2025-01-09T19:04:43.1506210Z [command]/usr/bin/git remote add origin https://github.com/tardis-sn/tardis
2025-01-09T19:04:43.1546883Z ##[endgroup]
2025-01-09T19:04:43.1547605Z ##[group]Disabling automatic garbage collection
2025-01-09T19:04:43.1552165Z [command]/usr/bin/git config --local gc.auto 0
2025-01-09T19:04:43.1582975Z ##[endgroup]
2025-01-09T19:04:43.1584442Z ##[group]Setting up auth
2025-01-09T19:04:43.1590889Z [command]/usr/bin/git config --local --name-only --get-regexp core\.sshCommand
2025-01-09T19:04:43.1621537Z [command]/usr/bin/git submodule foreach --recursive sh -c "git config --local --name-only --get-regexp 'core\.sshCommand' && git config --local --unset-all 'core.sshCommand' || :"
2025-01-09T19:04:43.1970509Z [command]/usr/bin/git config --local --name-only --get-regexp http\.https\:\/\/github\.com\/\.extraheader
2025-01-09T19:04:43.2001841Z [command]/usr/bin/git submodule foreach --recursive sh -c "git config --local --name-only --get-regexp 'http\.https\:\/\/github\.com\/\.extraheader' && git config --local --unset-all 'http.https://github.com/.extraheader' || :"
2025-01-09T19:04:43.2245618Z [command]/usr/bin/git config --local http.https://github.com/.extraheader AUTHORIZATION: basic ***
2025-01-09T19:04:43.2286965Z ##[endgroup]
2025-01-09T19:04:43.2288167Z ##[group]Fetching the repository
2025-01-09T19:04:43.2297720Z [command]/usr/bin/git -c protocol.version=2 fetch --no-tags --prune --no-recurse-submodules --depth=1 origin +55bdb23838417c834ac9f6ff1ca273a53910f449:refs/remotes/pull/2932/merge
2025-01-09T19:04:44.8585778Z From https://github.com/tardis-sn/tardis
2025-01-09T19:04:44.8587726Z  * [new ref]         55bdb23838417c834ac9f6ff1ca273a53910f449 -> pull/2932/merge
2025-01-09T19:04:44.8611982Z ##[endgroup]
2025-01-09T19:04:44.8613067Z ##[group]Determining the checkout info
2025-01-09T19:04:44.8614802Z ##[endgroup]
2025-01-09T19:04:44.8620413Z [command]/usr/bin/git sparse-checkout disable
2025-01-09T19:04:44.8661255Z [command]/usr/bin/git config --local --unset-all extensions.worktreeConfig
2025-01-09T19:04:44.8689738Z ##[group]Checking out the ref
2025-01-09T19:04:44.8693693Z [command]/usr/bin/git checkout --progress --force refs/remotes/pull/2932/merge
2025-01-09T19:04:45.0675745Z Note: switching to 'refs/remotes/pull/2932/merge'.
2025-01-09T19:04:45.0678347Z 
2025-01-09T19:04:45.0679194Z You are in 'detached HEAD' state. You can look around, make experimental
2025-01-09T19:04:45.0681315Z changes and commit them, and you can discard any commits you make in this
2025-01-09T19:04:45.0683620Z state without impacting any branches by switching back to a branch.
2025-01-09T19:04:45.0684880Z 
2025-01-09T19:04:45.0685688Z If you want to create a new branch to retain commits you create, you may
2025-01-09T19:04:45.0687593Z do so (now or later) by using -c with the switch command. Example:
2025-01-09T19:04:45.0688677Z 
2025-01-09T19:04:45.0689154Z   git switch -c <new-branch-name>
2025-01-09T19:04:45.0689960Z 
2025-01-09T19:04:45.0690414Z Or undo this operation with:
2025-01-09T19:04:45.0691162Z 
2025-01-09T19:04:45.0691870Z   git switch -
2025-01-09T19:04:45.0692442Z 
2025-01-09T19:04:45.0693571Z Turn off this advice by setting config variable advice.detachedHead to false
2025-01-09T19:04:45.0694948Z 
2025-01-09T19:04:45.0696476Z HEAD is now at 55bdb23 Merge d0d10c14bfa4ba1136591bd16255beae05040f8d into 0fc2c76326b8122f88ddaf369f17a637bbe37c63
2025-01-09T19:04:45.0705241Z ##[endgroup]
2025-01-09T19:04:45.0842835Z [command]/usr/bin/git log -1 --format=%H
2025-01-09T19:04:45.0844433Z 55bdb23838417c834ac9f6ff1ca273a53910f449
2025-01-09T19:04:45.1087757Z Prepare all required actions
2025-01-09T19:04:45.1088764Z Getting action download info
2025-01-09T19:04:45.2830177Z Download action repository 'actions/cache@v4' (SHA:1bd1e32a3bdc45362d1e726936510720a7c30a57)
2025-01-09T19:04:45.4161654Z ##[group]Run ./.github/actions/setup_lfs
2025-01-09T19:04:45.4162019Z with:
2025-01-09T19:04:45.4162341Z   regression-data-repo: tardis-sn/tardis-regression-data
2025-01-09T19:04:45.4162718Z env:
2025-01-09T19:04:45.4162985Z   CACHE_NUMBER: 0
2025-01-09T19:04:45.4163890Z   PYTEST_FLAGS: --tardis-regression-data=/home/runner/work/tardis/tardis/tardis-regression-data --cov=tardis --cov-report=xml --cov-report=html --cov-append
2025-01-09T19:04:45.4164688Z   CODECOV_TOKEN: 
2025-01-09T19:04:45.4164937Z ##[endgroup]
2025-01-09T19:04:45.4294368Z ##[group]Run actions/checkout@v4
2025-01-09T19:04:45.4294738Z with:
2025-01-09T19:04:45.4295039Z   repository: tardis-sn/tardis-regression-data
2025-01-09T19:04:45.4295410Z   path: tardis-regression-data
2025-01-09T19:04:45.4295929Z   token: ***
2025-01-09T19:04:45.4296186Z   ssh-strict: true
2025-01-09T19:04:45.4296453Z   ssh-user: git
2025-01-09T19:04:45.4296730Z   persist-credentials: true
2025-01-09T19:04:45.4297021Z   clean: true
2025-01-09T19:04:45.4297298Z   sparse-checkout-cone-mode: true
2025-01-09T19:04:45.4297615Z   fetch-depth: 1
2025-01-09T19:04:45.4297870Z   fetch-tags: false
2025-01-09T19:04:45.4298140Z   show-progress: true
2025-01-09T19:04:45.4298411Z   lfs: false
2025-01-09T19:04:45.4298670Z   submodules: false
2025-01-09T19:04:45.4298948Z   set-safe-directory: true
2025-01-09T19:04:45.4299232Z env:
2025-01-09T19:04:45.4299462Z   CACHE_NUMBER: 0
2025-01-09T19:04:45.4300184Z   PYTEST_FLAGS: --tardis-regression-data=/home/runner/work/tardis/tardis/tardis-regression-data --cov=tardis --cov-report=xml --cov-report=html --cov-append
2025-01-09T19:04:45.4300933Z   CODECOV_TOKEN: 
2025-01-09T19:04:45.4301180Z ##[endgroup]
2025-01-09T19:04:45.5227277Z Syncing repository: tardis-sn/tardis-regression-data
2025-01-09T19:04:45.5233339Z ##[group]Getting Git version info
2025-01-09T19:04:45.5234368Z Working directory is '/home/runner/work/tardis/tardis/tardis-regression-data'
2025-01-09T19:04:45.5274976Z [command]/usr/bin/git version
2025-01-09T19:04:45.5317628Z git version 2.47.1
2025-01-09T19:04:45.5342681Z ##[endgroup]
2025-01-09T19:04:45.5354474Z Temporarily overriding HOME='/home/runner/work/_temp/b0faf68a-fe9b-4e90-a940-af9f298d5b2f' before making global git config changes
2025-01-09T19:04:45.5355610Z Adding repository directory to the temporary git global config as a safe directory
2025-01-09T19:04:45.5359692Z [command]/usr/bin/git config --global --add safe.directory /home/runner/work/tardis/tardis/tardis-regression-data
2025-01-09T19:04:45.5389236Z ##[group]Initializing the repository
2025-01-09T19:04:45.5394506Z [command]/usr/bin/git init /home/runner/work/tardis/tardis/tardis-regression-data
2025-01-09T19:04:45.5429487Z hint: Using 'master' as the name for the initial branch. This default branch name
2025-01-09T19:04:45.5430606Z hint: is subject to change. To configure the initial branch name to use in all
2025-01-09T19:04:45.5431563Z hint: of your new repositories, which will suppress this warning, call:
2025-01-09T19:04:45.5432289Z hint:
2025-01-09T19:04:45.5432690Z hint: 	git config --global init.defaultBranch <name>
2025-01-09T19:04:45.5433066Z hint:
2025-01-09T19:04:45.5433617Z hint: Names commonly chosen instead of 'master' are 'main', 'trunk' and
2025-01-09T19:04:45.5434589Z hint: 'development'. The just-created branch can be renamed via this command:
2025-01-09T19:04:45.5435371Z hint:
2025-01-09T19:04:45.5435632Z hint: 	git branch -m <name>
2025-01-09T19:04:45.5436170Z Initialized empty Git repository in /home/runner/work/tardis/tardis/tardis-regression-data/.git/
2025-01-09T19:04:45.5443920Z [command]/usr/bin/git remote add origin https://github.com/tardis-sn/tardis-regression-data
2025-01-09T19:04:45.5474809Z ##[endgroup]
2025-01-09T19:04:45.5475344Z ##[group]Disabling automatic garbage collection
2025-01-09T19:04:45.5480668Z [command]/usr/bin/git config --local gc.auto 0
2025-01-09T19:04:45.5509332Z ##[endgroup]
2025-01-09T19:04:45.5510211Z ##[group]Setting up auth
2025-01-09T19:04:45.5516479Z [command]/usr/bin/git config --local --name-only --get-regexp core\.sshCommand
2025-01-09T19:04:45.5545195Z [command]/usr/bin/git submodule foreach --recursive sh -c "git config --local --name-only --get-regexp 'core\.sshCommand' && git config --local --unset-all 'core.sshCommand' || :"
2025-01-09T19:04:45.5767597Z [command]/usr/bin/git config --local --name-only --get-regexp http\.https\:\/\/github\.com\/\.extraheader
2025-01-09T19:04:45.5796637Z [command]/usr/bin/git submodule foreach --recursive sh -c "git config --local --name-only --get-regexp 'http\.https\:\/\/github\.com\/\.extraheader' && git config --local --unset-all 'http.https://github.com/.extraheader' || :"
2025-01-09T19:04:45.6029053Z [command]/usr/bin/git config --local http.https://github.com/.extraheader AUTHORIZATION: basic ***
2025-01-09T19:04:45.6068329Z ##[endgroup]
2025-01-09T19:04:45.6069510Z ##[group]Determining the default branch
2025-01-09T19:04:45.6072755Z Retrieving the default branch name
2025-01-09T19:04:45.9644995Z Default branch 'main'
2025-01-09T19:04:45.9650882Z ##[endgroup]
2025-01-09T19:04:45.9654501Z ##[group]Fetching the repository
2025-01-09T19:04:45.9655821Z [command]/usr/bin/git -c protocol.version=2 fetch --no-tags --prune --no-recurse-submodules --depth=1 origin +refs/heads/main:refs/remotes/origin/main
2025-01-09T19:04:46.6501427Z From https://github.com/tardis-sn/tardis-regression-data
2025-01-09T19:04:46.6502620Z  * [new branch]      main       -> origin/main
2025-01-09T19:04:46.6528513Z ##[endgroup]
2025-01-09T19:04:46.6529367Z ##[group]Determining the checkout info
2025-01-09T19:04:46.6530304Z ##[endgroup]
2025-01-09T19:04:46.6536315Z [command]/usr/bin/git sparse-checkout disable
2025-01-09T19:04:46.6574994Z [command]/usr/bin/git config --local --unset-all extensions.worktreeConfig
2025-01-09T19:04:46.6604898Z ##[group]Checking out the ref
2025-01-09T19:04:46.6610385Z [command]/usr/bin/git checkout --progress --force -B main refs/remotes/origin/main
2025-01-09T19:04:46.7838389Z Switched to a new branch 'main'
2025-01-09T19:04:46.7839901Z branch 'main' set up to track 'origin/main'.
2025-01-09T19:04:46.8099462Z ##[endgroup]
2025-01-09T19:04:46.8139228Z [command]/usr/bin/git log -1 --format=%H
2025-01-09T19:04:46.8162466Z 666ab8501c2b2aea30d05b8822e7ddbfca078d23
2025-01-09T19:04:46.8296167Z ##[group]Run git lfs ls-files -l | cut -d' ' -f1 | sort > .lfs-assets-id
2025-01-09T19:04:46.8296748Z [36;1mgit lfs ls-files -l | cut -d' ' -f1 | sort > .lfs-assets-id[0m
2025-01-09T19:04:46.8329128Z shell: /usr/bin/bash --noprofile --norc -e -o pipefail {0}
2025-01-09T19:04:46.8329465Z env:
2025-01-09T19:04:46.8329634Z   CACHE_NUMBER: 0
2025-01-09T19:04:46.8330251Z   PYTEST_FLAGS: --tardis-regression-data=/home/runner/work/tardis/tardis/tardis-regression-data --cov=tardis --cov-report=xml --cov-report=html --cov-append
2025-01-09T19:04:46.8330913Z   CODECOV_TOKEN: 
2025-01-09T19:04:46.8331095Z ##[endgroup]
2025-01-09T19:04:46.9840709Z ##[group]Run actions/cache/restore@v4
2025-01-09T19:04:46.9841017Z with:
2025-01-09T19:04:46.9841243Z   path: tardis-regression-data/.git/lfs
2025-01-09T19:04:46.9841771Z   key: Linux-lfs-21f9fa4b6817cc69b9fae3598144724da7828e276a73bd17f47a2a49d9af090a-v1
2025-01-09T19:04:46.9842288Z   enableCrossOsArchive: false
2025-01-09T19:04:46.9842559Z   fail-on-cache-miss: false
2025-01-09T19:04:46.9843137Z   lookup-only: false
2025-01-09T19:04:46.9843360Z env:
2025-01-09T19:04:46.9843867Z   CACHE_NUMBER: 0
2025-01-09T19:04:46.9844608Z   PYTEST_FLAGS: --tardis-regression-data=/home/runner/work/tardis/tardis/tardis-regression-data --cov=tardis --cov-report=xml --cov-report=html --cov-append
2025-01-09T19:04:46.9845386Z   CODECOV_TOKEN: 
2025-01-09T19:04:46.9845599Z ##[endgroup]
2025-01-09T19:04:48.6308178Z Received 16777216 of 1708418946 (1.0%), 16.0 MBs/sec
2025-01-09T19:04:49.6310781Z Received 188743680 of 1708418946 (11.0%), 90.0 MBs/sec
2025-01-09T19:04:50.6315857Z Received 356515840 of 1708418946 (20.9%), 113.3 MBs/sec
2025-01-09T19:04:51.6328279Z Received 536870912 of 1708418946 (31.4%), 127.9 MBs/sec
2025-01-09T19:04:52.6333201Z Received 708837376 of 1708418946 (41.5%), 135.1 MBs/sec
2025-01-09T19:04:53.6344611Z Received 872415232 of 1708418946 (51.1%), 138.6 MBs/sec
2025-01-09T19:04:54.6343148Z Received 1056964608 of 1708418946 (61.9%), 143.9 MBs/sec
2025-01-09T19:04:55.6357863Z Received 1233125376 of 1708418946 (72.2%), 146.9 MBs/sec
2025-01-09T19:04:56.6366655Z Received 1388314624 of 1708418946 (81.3%), 147.0 MBs/sec
2025-01-09T19:04:57.6373819Z Received 1539309568 of 1708418946 (90.1%), 146.7 MBs/sec
2025-01-09T19:04:58.6371239Z Received 1686110208 of 1708418946 (98.7%), 146.1 MBs/sec
2025-01-09T19:04:58.7300897Z Cache Size: ~1629 MB (1708418946 B)
2025-01-09T19:04:58.7372488Z [command]/usr/bin/tar -xf /home/runner/work/_temp/1d2f606f-1adc-4873-8063-ed6ac2e97ab7/cache.tzst -P -C /home/runner/work/tardis/tardis --use-compress-program unzstd
2025-01-09T19:04:59.6383883Z Received 1708418946 of 1708418946 (100.0%), 135.7 MBs/sec
2025-01-09T19:05:05.1167792Z Cache restored successfully
2025-01-09T19:05:05.5049059Z Cache restored from key: Linux-lfs-21f9fa4b6817cc69b9fae3598144724da7828e276a73bd17f47a2a49d9af090a-v1
2025-01-09T19:05:05.5211864Z ##[group]Run git lfs checkout
2025-01-09T19:05:05.5212123Z [36;1mgit lfs checkout[0m
2025-01-09T19:05:05.5241144Z shell: /usr/bin/bash --noprofile --norc -e -o pipefail {0}
2025-01-09T19:05:05.5241491Z env:
2025-01-09T19:05:05.5241663Z   CACHE_NUMBER: 0
2025-01-09T19:05:05.5242291Z   PYTEST_FLAGS: --tardis-regression-data=/home/runner/work/tardis/tardis/tardis-regression-data --cov=tardis --cov-report=xml --cov-report=html --cov-append
2025-01-09T19:05:05.5242937Z   CODECOV_TOKEN: 
2025-01-09T19:05:05.5243114Z ##[endgroup]
2025-01-09T19:05:16.2485046Z Checking out LFS objects: 100% (204/204), 3.5 GB | 337 MB/s, done.
2025-01-09T19:05:19.8710310Z Prepare all required actions
2025-01-09T19:05:19.8710658Z Getting action download info
2025-01-09T19:05:20.0256421Z Download action repository 'mamba-org/setup-micromamba@v1' (SHA:4b9113af4fba0e9e1124b252dd6497a419e7396d)
2025-01-09T19:05:20.8402315Z ##[group]Run ./.github/actions/setup_env
2025-01-09T19:05:20.8402571Z with:
2025-01-09T19:05:20.8402750Z   os-label: linux-64
2025-01-09T19:05:20.8402933Z env:
2025-01-09T19:05:20.8403088Z   CACHE_NUMBER: 0
2025-01-09T19:05:20.8404148Z   PYTEST_FLAGS: --tardis-regression-data=/home/runner/work/tardis/tardis/tardis-regression-data --cov=tardis --cov-report=xml --cov-report=html --cov-append
2025-01-09T19:05:20.8404820Z   CODECOV_TOKEN: 
2025-01-09T19:05:20.8405005Z ##[endgroup]
2025-01-09T19:05:20.8425083Z ##[group]Run file_hash=$(cat conda-linux-64.lock | shasum -a 256 | cut -d' ' -f1)
2025-01-09T19:05:20.8425565Z [36;1mfile_hash=$(cat conda-linux-64.lock | shasum -a 256 | cut -d' ' -f1)[0m
2025-01-09T19:05:20.8425997Z [36;1mecho "file_hash=$file_hash" >> "${GITHUB_OUTPUT}"[0m
2025-01-09T19:05:20.8451491Z shell: /usr/bin/bash --noprofile --norc -e -o pipefail {0}
2025-01-09T19:05:20.8451793Z env:
2025-01-09T19:05:20.8451953Z   CACHE_NUMBER: 0
2025-01-09T19:05:20.8452551Z   PYTEST_FLAGS: --tardis-regression-data=/home/runner/work/tardis/tardis/tardis-regression-data --cov=tardis --cov-report=xml --cov-report=html --cov-append
2025-01-09T19:05:20.8453193Z   CODECOV_TOKEN: 
2025-01-09T19:05:20.8453373Z ##[endgroup]
2025-01-09T19:05:20.8789835Z ##[group]Run mamba-org/setup-micromamba@v1
2025-01-09T19:05:20.8790301Z with:
2025-01-09T19:05:20.8790493Z   environment-file: conda-linux-64.lock
2025-01-09T19:05:20.8790912Z   cache-environment-key: d7cd390425b0fd3cf82649dcc003efba9915fb4928f15d342148c3ccffcbe2ee
2025-01-09T19:05:20.8791495Z   cache-downloads-key: d7cd390425b0fd3cf82649dcc003efba9915fb4928f15d342148c3ccffcbe2ee
2025-01-09T19:05:20.8791909Z   environment-name: tardis
2025-01-09T19:05:20.8792129Z   cache-environment: true
2025-01-09T19:05:20.8792344Z   cache-downloads: true
2025-01-09T19:05:20.8792529Z env:
2025-01-09T19:05:20.8792691Z   CACHE_NUMBER: 0
2025-01-09T19:05:20.8793294Z   PYTEST_FLAGS: --tardis-regression-data=/home/runner/work/tardis/tardis/tardis-regression-data --cov=tardis --cov-report=xml --cov-report=html --cov-append
2025-01-09T19:05:20.8794241Z   CODECOV_TOKEN: 
2025-01-09T19:05:20.8794425Z ##[endgroup]
2025-01-09T19:05:21.0192503Z Will download micromamba to /home/runner/micromamba-bin/micromamba
2025-01-09T19:05:21.0203671Z ##[group]Install micromamba
2025-01-09T19:05:21.6995007Z micromamba installed to /home/runner/micromamba-bin/micromamba
2025-01-09T19:05:21.6995966Z ##[endgroup]
2025-01-09T19:05:21.6996511Z Adding conda-forge to condarc channels ...
2025-01-09T19:05:21.7007682Z ##[group]Initialize micromamba for bash.
2025-01-09T19:05:21.7024853Z [command]/home/runner/micromamba-bin/micromamba shell init -s bash -r /home/runner/micromamba --log-level warning --rc-file /home/runner/work/_temp/setup-micromamba/.condarc
2025-01-09T19:05:21.7133119Z Modifying RC file "/home/runner/.bashrc"
2025-01-09T19:05:21.7134334Z Generating config for root prefix [1m"/home/runner/micromamba"[0m
2025-01-09T19:05:21.7144658Z Setting mamba executable to: [1m"/home/runner/micromamba-bin/micromamba"[0m
2025-01-09T19:05:21.7145545Z Adding (or replacing) the following in your "/home/runner/.bashrc" file
2025-01-09T19:05:21.7146035Z 
2025-01-09T19:05:21.7146199Z # >>> mamba initialize >>>
2025-01-09T19:05:21.7146666Z # !! Contents within this block are managed by 'mamba init' !!
2025-01-09T19:05:21.7147371Z export MAMBA_EXE='/home/runner/micromamba-bin/micromamba';
2025-01-09T19:05:21.7148008Z export MAMBA_ROOT_PREFIX='/home/runner/micromamba';
2025-01-09T19:05:21.7148846Z __mamba_setup="$("$MAMBA_EXE" shell hook --shell bash --root-prefix "$MAMBA_ROOT_PREFIX" 2> /dev/null)"
2025-01-09T19:05:21.7149640Z if [ $? -eq 0 ]; then
2025-01-09T19:05:21.7149998Z     eval "$__mamba_setup"
2025-01-09T19:05:21.7150364Z else
2025-01-09T19:05:21.7151207Z     alias micromamba="$MAMBA_EXE"  # Fallback on help from mamba activate
2025-01-09T19:05:21.7151837Z fi
2025-01-09T19:05:21.7152132Z unset __mamba_setup
2025-01-09T19:05:21.7152469Z # <<< mamba initialize <<<
2025-01-09T19:05:21.7152722Z 
2025-01-09T19:05:21.7155915Z Moving mamba initialize block to .bash_profile
2025-01-09T19:05:21.7168983Z ##[endgroup]
2025-01-09T19:05:21.7170116Z ##[group]Restoring downloads from `/home/runner/micromamba/pkgs` ...
2025-01-09T19:05:23.2385732Z Received 29360128 of 356800233 (8.2%), 27.9 MBs/sec
2025-01-09T19:05:24.2411878Z Received 184549376 of 356800233 (51.7%), 87.9 MBs/sec
2025-01-09T19:05:25.2425107Z Received 331350016 of 356800233 (92.9%), 105.2 MBs/sec
2025-01-09T19:05:25.3162030Z Cache Size: ~340 MB (356800233 B)
2025-01-09T19:05:25.3201408Z [command]/usr/bin/tar -xf /home/runner/work/_temp/d35d5a76-7b14-41da-a5aa-17281239ca72/cache.tzst -P -C /home/runner/work/tardis/tardis --use-compress-program unzstd
2025-01-09T19:05:25.7759280Z Cache restored successfully
2025-01-09T19:05:25.8484059Z Restored cache with key `d7cd390425b0fd3cf82649dcc003efba9915fb4928f15d342148c3ccffcbe2ee-linux-64`
2025-01-09T19:05:25.8485299Z ##[endgroup]
2025-01-09T19:05:25.8496450Z ##[group]Restoring environment `tardis` from `/home/runner/micromamba/envs/tardis` ...
2025-01-09T19:05:26.2403222Z Received 356800233 of 356800233 (100.0%), 85.0 MBs/sec
2025-01-09T19:05:27.1841750Z Received 33554432 of 444592193 (7.5%), 32.0 MBs/sec
2025-01-09T19:05:28.1853030Z Received 184549376 of 444592193 (41.5%), 88.0 MBs/sec
2025-01-09T19:05:29.1857303Z Received 352321536 of 444592193 (79.2%), 112.0 MBs/sec
2025-01-09T19:05:29.7045876Z Cache Size: ~424 MB (444592193 B)
2025-01-09T19:05:29.7085065Z [command]/usr/bin/tar -xf /home/runner/work/_temp/3bb18850-6c14-457f-a6a8-12030bc5cb02/cache.tzst -P -C /home/runner/work/tardis/tardis --use-compress-program unzstd
2025-01-09T19:05:30.1871617Z Received 444592193 of 444592193 (100.0%), 105.9 MBs/sec
2025-01-09T19:05:35.3367529Z Cache restored successfully
2025-01-09T19:05:35.4121135Z Restored cache with key `d7cd390425b0fd3cf82649dcc003efba9915fb4928f15d342148c3ccffcbe2ee-linux-64-tardis-args-4f53cda-root-dcc80ee-bin-[object Promise]-file-d7cd390425b0fd3cf82649dcc003efba9915fb4928f15d342148c3ccffcbe2ee`
2025-01-09T19:05:35.4122766Z ##[endgroup]
2025-01-09T19:05:35.4123017Z Adding environment tardis to auto-activate bash ...
2025-01-09T19:05:35.4133104Z Generating micromamba run shell.
2025-01-09T19:05:35.4143631Z ##[endgroup]
2025-01-09T19:05:35.4148444Z Set environment variables.
2025-01-09T19:05:35.4152306Z ##[group]micromamba info
2025-01-09T19:05:35.4155727Z [command]/home/runner/micromamba-bin/micromamba info -r /home/runner/micromamba -n tardis
2025-01-09T19:05:35.4383863Z 
2025-01-09T19:05:35.4384260Z        libmamba version : 1.5.10
2025-01-09T19:05:35.4384722Z      micromamba version : 1.5.10
2025-01-09T19:05:35.4385179Z            curl version : libcurl/8.10.1 OpenSSL/3.3.2 zlib/1.3.1 zstd/1.5.6 libssh2/1.11.0 nghttp2/1.58.0
2025-01-09T19:05:35.4385717Z      libarchive version : libarchive 3.7.4 zlib/1.2.13 bz2lib/1.0.8 libzstd/1.5.6
2025-01-09T19:05:35.4386114Z        envs directories : /home/runner/micromamba/envs
2025-01-09T19:05:35.4386433Z           package cache : /home/runner/micromamba/pkgs
2025-01-09T19:05:35.4386732Z                           /home/runner/.mamba/pkgs
2025-01-09T19:05:35.4386993Z             environment : tardis
2025-01-09T19:05:35.4387269Z            env location : /home/runner/micromamba/envs/tardis
2025-01-09T19:05:35.4387575Z       user config files : /home/runner/.mambarc
2025-01-09T19:05:35.4387966Z  populated config files : /home/runner/work/_temp/setup-micromamba/.condarc
2025-01-09T19:05:35.4388330Z        virtual packages : __unix=0=0
2025-01-09T19:05:35.4388573Z                           __linux=6.8.0=0
2025-01-09T19:05:35.4388820Z                           __glibc=2.39=0
2025-01-09T19:05:35.4389067Z                           __archspec=1=x86_64_v3
2025-01-09T19:05:35.4389741Z                channels : https://conda.anaconda.org/conda-forge/linux-64
2025-01-09T19:05:35.4390184Z                           https://conda.anaconda.org/conda-forge/noarch
2025-01-09T19:05:35.4390647Z        base environment : /home/runner/micromamba
2025-01-09T19:05:35.4390921Z                platform : linux-64
2025-01-09T19:05:35.4400335Z ##[endgroup]
2025-01-09T19:05:35.4400968Z ##[group]micromamba list
2025-01-09T19:05:35.4402210Z [command]/home/runner/micromamba-bin/micromamba list -r /home/runner/micromamba -n tardis
2025-01-09T19:05:35.8280687Z List of packages in environment: "/home/runner/micromamba/envs/tardis"
2025-01-09T19:05:35.8281741Z 
2025-01-09T19:05:35.8282015Z   Name                           Version              Build                    Channel    
2025-01-09T19:05:35.8282820Z ────────────────────────────────────────────────────────────────────────────────────────────
2025-01-09T19:05:35.8283232Z   _libgcc_mutex                  0.1                  conda_forge              conda-forge
2025-01-09T19:05:35.8283924Z   _openmp_mutex                  4.5                  2_gnu                    conda-forge
2025-01-09T19:05:35.8284332Z   alabaster                      0.7.16               pyhd8ed1ab_0             conda-forge
2025-01-09T19:05:35.8284710Z   anyio                          4.4.0                pyhd8ed1ab_0             conda-forge
2025-01-09T19:05:35.8285090Z   argon2-cffi                    23.1.0               pyhd8ed1ab_0             conda-forge
2025-01-09T19:05:35.8285545Z   argon2-cffi-bindings           21.2.0               py312h98912ed_4          conda-forge
2025-01-09T19:05:35.8286342Z   arrow                          1.3.0                pyhd8ed1ab_0             conda-forge
2025-01-09T19:05:35.8286707Z   astropy                        6.1.1                py312h085067d_0          conda-forge
2025-01-09T19:05:35.8287130Z   astropy-iers-data              0.2024.6.17.0.31.35  pyhd8ed1ab_0             conda-forge
2025-01-09T19:05:35.8287596Z   astropy-sphinx-theme           1.1                  pyhd8ed1ab_0             conda-forge
2025-01-09T19:05:35.8288017Z   asttokens                      2.4.1                pyhd8ed1ab_0             conda-forge
2025-01-09T19:05:35.8288403Z   async-lru                      2.0.4                pyhd8ed1ab_0             conda-forge
2025-01-09T19:05:35.8288765Z   atk-1.0                        2.38.0               h04ea711_2               conda-forge
2025-01-09T19:05:35.8289113Z   attrs                          23.2.0               pyh71513ae_0             conda-forge
2025-01-09T19:05:35.8289464Z   babel                          2.14.0               pyhd8ed1ab_0             conda-forge
2025-01-09T19:05:35.8289857Z   beautifulsoup4                 4.12.3               pyha770c72_0             conda-forge
2025-01-09T19:05:35.8290248Z   bleach                         6.1.0                pyhd8ed1ab_0             conda-forge
2025-01-09T19:05:35.8290710Z   blosc                          1.21.5               hc2324a3_1               conda-forge
2025-01-09T19:05:35.8291169Z   brotli                         1.1.0                hd590300_1               conda-forge
2025-01-09T19:05:35.8291539Z   brotli-bin                     1.1.0                hd590300_1               conda-forge
2025-01-09T19:05:35.8291925Z   brotli-python                  1.1.0                py312h30efb56_1          conda-forge
2025-01-09T19:05:35.8292270Z   bzip2                          1.0.8                hd590300_5               conda-forge
2025-01-09T19:05:35.8292611Z   c-ares                         1.28.1               hd590300_0               conda-forge
2025-01-09T19:05:35.8292961Z   c-blosc2                       2.14.4               hb4ffafa_1               conda-forge
2025-01-09T19:05:35.8293338Z   ca-certificates                2024.6.2             hbcca054_0               conda-forge
2025-01-09T19:05:35.8293999Z   cached-property                1.5.2                hd8ed1ab_1               conda-forge
2025-01-09T19:05:35.8294543Z   cached_property                1.5.2                pyha770c72_1             conda-forge
2025-01-09T19:05:35.8294906Z   cairo                          1.18.0               h3faef2a_0               conda-forge
2025-01-09T19:05:35.8295249Z   certifi                        2024.6.2             pyhd8ed1ab_0             conda-forge
2025-01-09T19:05:35.8295587Z   cffi                           1.16.0               py312hf06ca03_0          conda-forge
2025-01-09T19:05:35.8295954Z   charset-normalizer             3.3.2                pyhd8ed1ab_0             conda-forge
2025-01-09T19:05:35.8296329Z   click                          8.1.7                unix_pyh707e725_0        conda-forge
2025-01-09T19:05:35.8296696Z   codespell                      2.3.0                pyhd8ed1ab_0             conda-forge
2025-01-09T19:05:35.8297182Z   colorama                       0.4.6                pyhd8ed1ab_0             conda-forge
2025-01-09T19:05:35.8297640Z   comm                           0.2.2                pyhd8ed1ab_0             conda-forge
2025-01-09T19:05:35.8298231Z   commonmark                     0.9.1                py_0                     conda-forge
2025-01-09T19:05:35.8298696Z   contourpy                      1.2.1                py312h8572e83_0          conda-forge
2025-01-09T19:05:35.8299143Z   coverage                       7.5.3                py312h9a8786e_0          conda-forge
2025-01-09T19:05:35.8299671Z   cycler                         0.12.1               pyhd8ed1ab_0             conda-forge
2025-01-09T19:05:35.8300151Z   dataclasses                    0.8                  pyhc8e2a94_3             conda-forge
2025-01-09T19:05:35.8300772Z   debugpy                        1.8.1                py312h30efb56_0          conda-forge
2025-01-09T19:05:35.8301334Z   decorator                      5.1.1                pyhd8ed1ab_0             conda-forge
2025-01-09T19:05:35.8301773Z   defusedxml                     0.7.1                pyhd8ed1ab_0             conda-forge
2025-01-09T19:05:35.8302305Z   docutils                       0.20.1               py312h7900ff3_3          conda-forge
2025-01-09T19:05:35.8302753Z   dot2tex                        2.11.3               pyhd8ed1ab_0             conda-forge
2025-01-09T19:05:35.8303235Z   entrypoints                    0.4                  pyhd8ed1ab_0             conda-forge
2025-01-09T19:05:35.8375791Z   exceptiongroup                 1.2.0                pyhd8ed1ab_2             conda-forge
2025-01-09T19:05:35.8376436Z   executing                      2.0.1                pyhd8ed1ab_0             conda-forge
2025-01-09T19:05:35.8376988Z   expat                          2.6.2                h59595ed_0               conda-forge
2025-01-09T19:05:35.8377659Z   font-ttf-dejavu-sans-mono      2.37                 hab24e00_0               conda-forge
2025-01-09T19:05:35.8378435Z   font-ttf-inconsolata           3.000                h77eed37_0               conda-forge
2025-01-09T19:05:35.8379104Z   font-ttf-source-code-pro       2.038                h77eed37_0               conda-forge
2025-01-09T19:05:35.8379543Z   font-ttf-ubuntu                0.83                 h77eed37_2               conda-forge
2025-01-09T19:05:35.8379920Z   fontconfig                     2.14.2               h14ed4e7_0               conda-forge
2025-01-09T19:05:35.8380319Z   fonts-conda-ecosystem          1                    0                        conda-forge
2025-01-09T19:05:35.8380727Z   fonts-conda-forge              1                    0                        conda-forge
2025-01-09T19:05:35.8381095Z   fonttools                      4.53.0               py312h9a8786e_0          conda-forge
2025-01-09T19:05:35.8381436Z   fqdn                           1.5.1                pyhd8ed1ab_0             conda-forge
2025-01-09T19:05:35.8381761Z   freetype                       2.12.1               h267a509_2               conda-forge
2025-01-09T19:05:35.8382095Z   fribidi                        1.0.10               h36c2ea0_0               conda-forge
2025-01-09T19:05:35.8382424Z   future                         1.0.0                pyhd8ed1ab_0             conda-forge
2025-01-09T19:05:35.8383023Z   gdk-pixbuf                     2.42.12              hb9ae30d_0               conda-forge
2025-01-09T19:05:35.8383659Z   giflib                         5.2.2                hd590300_0               conda-forge
2025-01-09T19:05:35.8384035Z   git-lfs                        3.5.1                ha770c72_0               conda-forge
2025-01-09T19:05:35.8384359Z   gmp                            6.3.0                h59595ed_1               conda-forge
2025-01-09T19:05:35.8384684Z   gmpy2                          2.1.5                py312h1d5cde6_1          conda-forge
2025-01-09T19:05:35.8385022Z   graphite2                      1.3.13               h59595ed_1003            conda-forge
2025-01-09T19:05:35.8385366Z   graphviz                       11.0.0               hc68bbd7_0               conda-forge
2025-01-09T19:05:35.8385690Z   gtk2                           2.24.33              h280cfa0_4               conda-forge
2025-01-09T19:05:35.8386001Z   gts                            0.7.6                h977cf35_4               conda-forge
2025-01-09T19:05:35.8386312Z   h11                            0.14.0               pyhd8ed1ab_0             conda-forge
2025-01-09T19:05:35.8386618Z   h2                             4.1.0                pyhd8ed1ab_0             conda-forge
2025-01-09T19:05:35.8386929Z   h5py                           3.11.0               nompi_py312hb7ab980_102  conda-forge
2025-01-09T19:05:35.8387271Z   harfbuzz                       8.5.0                hfac3d4d_0               conda-forge
2025-01-09T19:05:35.8387761Z   hdf5                           1.14.3               nompi_hdf9ad27_105       conda-forge
2025-01-09T19:05:35.8388087Z   hpack                          4.0.0                pyh9f0ad1d_0             conda-forge
2025-01-09T19:05:35.8388419Z   httpcore                       1.0.5                pyhd8ed1ab_0             conda-forge
2025-01-09T19:05:35.8388768Z   httpx                          0.27.0               pyhd8ed1ab_0             conda-forge
2025-01-09T19:05:35.8389109Z   hyperframe                     6.0.1                pyhd8ed1ab_0             conda-forge
2025-01-09T19:05:35.8389439Z   icu                            73.2                 h59595ed_0               conda-forge
2025-01-09T19:05:35.8389740Z   idna                           3.7                  pyhd8ed1ab_0             conda-forge
2025-01-09T19:05:35.8390071Z   imagesize                      1.4.1                pyhd8ed1ab_0             conda-forge
2025-01-09T19:05:35.8390449Z   importlib-metadata             7.1.0                pyha770c72_0             conda-forge
2025-01-09T19:05:35.8390851Z   importlib_metadata             7.1.0                hd8ed1ab_0               conda-forge
2025-01-09T19:05:35.8391246Z   importlib_resources            6.4.0                pyhd8ed1ab_0             conda-forge
2025-01-09T19:05:35.8391653Z   iniconfig                      2.0.0                pyhd8ed1ab_0             conda-forge
2025-01-09T19:05:35.8392011Z   ipykernel                      6.29.4               pyh3099207_0             conda-forge
2025-01-09T19:05:35.8392359Z   ipython                        8.25.0               pyh707e725_0             conda-forge
2025-01-09T19:05:35.8392722Z   ipython_genutils               0.2.0                pyhd8ed1ab_1             conda-forge
2025-01-09T19:05:35.8393091Z   ipywidgets                     7.8.0                pyhd8ed1ab_0             conda-forge
2025-01-09T19:05:35.8393622Z   isoduration                    20.11.0              pyhd8ed1ab_0             conda-forge
2025-01-09T19:05:35.8393976Z   jedi                           0.19.1               pyhd8ed1ab_0             conda-forge
2025-01-09T19:05:35.8394316Z   jinja2                         3.1.4                pyhd8ed1ab_0             conda-forge
2025-01-09T19:05:35.8394657Z   json5                          0.9.25               pyhd8ed1ab_0             conda-forge
2025-01-09T19:05:35.8395004Z   jsonpointer                    3.0.0                py312h7900ff3_0          conda-forge
2025-01-09T19:05:35.8395481Z   jsonschema                     4.22.0               pyhd8ed1ab_0             conda-forge
2025-01-09T19:05:35.8395904Z   jsonschema-specifications      2023.12.1            pyhd8ed1ab_0             conda-forge
2025-01-09T19:05:35.8396383Z   jsonschema-with-format-nongpl  4.22.0               pyhd8ed1ab_0             conda-forge
2025-01-09T19:05:35.8396808Z   jupyter-lsp                    2.2.5                pyhd8ed1ab_0             conda-forge
2025-01-09T19:05:35.8397177Z   jupyter_client                 8.6.2                pyhd8ed1ab_0             conda-forge
2025-01-09T19:05:35.8397545Z   jupyter_core                   5.7.2                py312h7900ff3_0          conda-forge
2025-01-09T19:05:35.8397915Z   jupyter_events                 0.10.0               pyhd8ed1ab_0             conda-forge
2025-01-09T19:05:35.8398289Z   jupyter_server                 2.14.1               pyhd8ed1ab_0             conda-forge
2025-01-09T19:05:35.8398692Z   jupyter_server_terminals       0.5.3                pyhd8ed1ab_0             conda-forge
2025-01-09T19:05:35.8399089Z   jupyterlab                     4.2.2                pyhd8ed1ab_0             conda-forge
2025-01-09T19:05:35.8399471Z   jupyterlab_pygments            0.3.0                pyhd8ed1ab_1             conda-forge
2025-01-09T19:05:35.8399873Z   jupyterlab_server              2.27.2               pyhd8ed1ab_0             conda-forge
2025-01-09T19:05:35.8400287Z   jupyterlab_widgets             1.1.7                pyhd8ed1ab_0             conda-forge
2025-01-09T19:05:35.8400668Z   keyutils                       1.6.1                h166bdaf_0               conda-forge
2025-01-09T19:05:35.8401174Z   kiwisolver                     1.4.5                py312h8572e83_1          conda-forge
2025-01-09T19:05:35.8401507Z   krb5                           1.21.2               h659d440_0               conda-forge
2025-01-09T19:05:35.8401837Z   latexcodec                     2.0.1                pyh9f0ad1d_0             conda-forge
2025-01-09T19:05:35.8402181Z   lcms2                          2.16                 hb7c19ff_0               conda-forge
2025-01-09T19:05:35.8402529Z   ld_impl_linux-64               2.40                 hf3520f5_7               conda-forge
2025-01-09T19:05:35.8402865Z   lerc                           4.0.0                h27087fc_0               conda-forge
2025-01-09T19:05:35.8403184Z   libaec                         1.1.3                h59595ed_0               conda-forge
2025-01-09T19:05:35.8403992Z   libblas                        3.9.0                22_linux64_openblas      conda-forge
2025-01-09T19:05:35.8404506Z   libbrotlicommon                1.1.0                hd590300_1               conda-forge
2025-01-09T19:05:35.8404884Z   libbrotlidec                   1.1.0                hd590300_1               conda-forge
2025-01-09T19:05:35.8405244Z   libbrotlienc                   1.1.0                hd590300_1               conda-forge
2025-01-09T19:05:35.8405604Z   libcblas                       3.9.0                22_linux64_openblas      conda-forge
2025-01-09T19:05:35.8405949Z   libcurl                        8.8.0                hca28451_0               conda-forge
2025-01-09T19:05:35.8406294Z   libdeflate                     1.20                 hd590300_0               conda-forge
2025-01-09T19:05:35.8406648Z   libedit                        3.1.20191231         he28a2e2_2               conda-forge
2025-01-09T19:05:35.8406984Z   libev                          4.33                 hd590300_2               conda-forge
2025-01-09T19:05:35.8407313Z   libexpat                       2.6.2                h59595ed_0               conda-forge
2025-01-09T19:05:35.8407649Z   libffi                         3.4.2                h7f98852_5               conda-forge
2025-01-09T19:05:35.8407982Z   libgcc-ng                      13.2.0               h77fa898_10              conda-forge
2025-01-09T19:05:35.8408313Z   libgd                          2.3.3                h119a65a_9               conda-forge
2025-01-09T19:05:35.8408796Z   libgfortran-ng                 13.2.0               h69a702a_10              conda-forge
2025-01-09T19:05:35.8409220Z   libgfortran5                   13.2.0               h3d2ce59_10              conda-forge
2025-01-09T19:05:35.8409572Z   libglib                        2.80.2               h8a4344b_1               conda-forge
2025-01-09T19:05:35.8409908Z   libgomp                        13.2.0               h77fa898_10              conda-forge
2025-01-09T19:05:35.8410245Z   libiconv                       1.17                 hd590300_2               conda-forge
2025-01-09T19:05:35.8410603Z   libjpeg-turbo                  3.0.0                hd590300_1               conda-forge
2025-01-09T19:05:35.8410973Z   liblapack                      3.9.0                22_linux64_openblas      conda-forge
2025-01-09T19:05:35.8411326Z   libllvm14                      14.0.6               hcd5def8_4               conda-forge
2025-01-09T19:05:35.8411695Z   libnghttp2                     1.58.0               h47da74e_1               conda-forge
2025-01-09T19:05:35.8412037Z   libnsl                         2.0.1                hd590300_0               conda-forge
2025-01-09T19:05:35.8412401Z   libopenblas                    0.3.27               pthreads_h413a1c8_0      conda-forge
2025-01-09T19:05:35.8412751Z   libpng                         1.6.43               h2797004_0               conda-forge
2025-01-09T19:05:35.8413081Z   librsvg                        2.58.1               hadf69e7_0               conda-forge
2025-01-09T19:05:35.8413607Z   libsodium                      1.0.18               h36c2ea0_1               conda-forge
2025-01-09T19:05:35.8414635Z   libsqlite                      3.46.0               hde9e2c9_0               conda-forge
2025-01-09T19:05:35.8415249Z   libssh2                        1.11.0               h0841786_0               conda-forge
2025-01-09T19:05:35.8415826Z   libstdcxx-ng                   13.2.0               hc0a3c3a_10              conda-forge
2025-01-09T19:05:35.8416194Z   libtiff                        4.6.0                h1dd3fc0_3               conda-forge
2025-01-09T19:05:35.8416533Z   libuuid                        2.38.1               h0b41bf4_0               conda-forge
2025-01-09T19:05:35.8416875Z   libwebp                        1.4.0                h2c329e2_0               conda-forge
2025-01-09T19:05:35.8417222Z   libwebp-base                   1.4.0                hd590300_0               conda-forge
2025-01-09T19:05:35.8417575Z   libxcb                         1.15                 h0b41bf4_0               conda-forge
2025-01-09T19:05:35.8417922Z   libxcrypt                      4.4.36               hd590300_1               conda-forge
2025-01-09T19:05:35.8418268Z   libxml2                        2.12.7               hc051c1a_1               conda-forge
2025-01-09T19:05:35.8418606Z   libxslt                        1.1.39               h76b75d6_0               conda-forge
2025-01-09T19:05:35.8418945Z   libzlib                        1.3.1                h4ab18f5_1               conda-forge
2025-01-09T19:05:35.8419296Z   llvmlite                       0.42.0               py312hb06c811_1          conda-forge
2025-01-09T19:05:35.8419634Z   lxml                           5.2.2                py312hb90d8a5_0          conda-forge
2025-01-09T19:05:35.8419952Z   lz4-c                          1.9.4                hcb278e6_0               conda-forge
2025-01-09T19:05:35.8420265Z   lzo                            2.10                 hd590300_1001            conda-forge
2025-01-09T19:05:35.8420601Z   markupsafe                     2.1.5                py312h98912ed_0          conda-forge
2025-01-09T19:05:35.8420983Z   matplotlib-base                3.8.4                py312h20ab3a6_2          conda-forge
2025-01-09T19:05:35.8421382Z   matplotlib-inline              0.1.7                pyhd8ed1ab_0             conda-forge
2025-01-09T19:05:35.8421766Z   mistune                        3.0.2                pyhd8ed1ab_0             conda-forge
2025-01-09T19:05:35.8422226Z   mpc                            1.3.1                hfe3b2da_0               conda-forge
2025-01-09T19:05:35.8422545Z   mpfr                           4.2.1                h9458935_1               conda-forge
2025-01-09T19:05:35.8422866Z   mpmath                         1.3.0                pyhd8ed1ab_0             conda-forge
2025-01-09T19:05:35.8423204Z   munkres                        1.1.4                pyh9f0ad1d_0             conda-forge
2025-01-09T19:05:35.8423780Z   mypy_extensions                1.0.0                pyha770c72_0             conda-forge
2025-01-09T19:05:35.8424165Z   nbclassic                      1.1.0                pyhd8ed1ab_0             conda-forge
2025-01-09T19:05:35.8424520Z   nbclient                       0.10.0               pyhd8ed1ab_0             conda-forge
2025-01-09T19:05:35.8424869Z   nbconvert                      7.16.4               hd8ed1ab_1               conda-forge
2025-01-09T19:05:35.8425237Z   nbconvert-core                 7.16.4               pyhd8ed1ab_1             conda-forge
2025-01-09T19:05:35.8425643Z   nbconvert-pandoc               7.16.4               hd8ed1ab_1               conda-forge
2025-01-09T19:05:35.8426024Z   nbformat                       5.10.4               pyhd8ed1ab_0             conda-forge
2025-01-09T19:05:35.8426370Z   nbsphinx                       0.9.4                pyhd8ed1ab_0             conda-forge
2025-01-09T19:05:35.8426711Z   ncurses                        6.5                  h59595ed_0               conda-forge
2025-01-09T19:05:35.8427067Z   nest-asyncio                   1.6.0                pyhd8ed1ab_0             conda-forge
2025-01-09T19:05:35.8427578Z   networkx                       3.3                  pyhd8ed1ab_1             conda-forge
2025-01-09T19:05:35.8427913Z   nomkl                          1.0                  h5ca1d4c_0               conda-forge
2025-01-09T19:05:35.8428249Z   notebook                       7.2.1                pyhd8ed1ab_0             conda-forge
2025-01-09T19:05:35.8428616Z   notebook-shim                  0.2.4                pyhd8ed1ab_0             conda-forge
2025-01-09T19:05:35.8428969Z   numba                          0.59.1               py312hacefee8_0          conda-forge
2025-01-09T19:05:35.8429313Z   numexpr                        2.10.0               py312hf412c99_100        conda-forge
2025-01-09T19:05:35.8429649Z   numpy                          1.26.4               py312heda63a1_0          conda-forge
2025-01-09T19:05:35.8429988Z   numpydoc                       1.7.0                pyhd8ed1ab_1             conda-forge
2025-01-09T19:05:35.8430345Z   openjpeg                       2.5.2                h488ebb8_0               conda-forge
2025-01-09T19:05:35.8430688Z   openssl                        3.3.1                h4ab18f5_0               conda-forge
2025-01-09T19:05:35.8431035Z   overrides                      7.7.0                pyhd8ed1ab_0             conda-forge
2025-01-09T19:05:35.8431393Z   packaging                      24.1                 pyhd8ed1ab_0             conda-forge
2025-01-09T19:05:35.8431757Z   pandas                         2.2.2                py312h1d6d2e6_1          conda-forge
2025-01-09T19:05:35.8432098Z   pandoc                         3.2                  ha770c72_0               conda-forge
2025-01-09T19:05:35.8432455Z   pandocfilters                  1.5.0                pyhd8ed1ab_0             conda-forge
2025-01-09T19:05:35.8432819Z   pango                          1.54.0               h84a9a3c_0               conda-forge
2025-01-09T19:05:35.8433152Z   parso                          0.8.4                pyhd8ed1ab_0             conda-forge
2025-01-09T19:05:35.8433709Z   pathspec                       0.12.1               pyhd8ed1ab_0             conda-forge
2025-01-09T19:05:35.8434051Z   pbr                            6.0.0                pyhd8ed1ab_0             conda-forge
2025-01-09T19:05:35.8434368Z   pcre2                          10.44                h0f59acf_0               conda-forge
2025-01-09T19:05:35.8434820Z   pexpect                        4.9.0                pyhd8ed1ab_0             conda-forge
2025-01-09T19:05:35.8435181Z   pickleshare                    0.7.5                py_1003                  conda-forge
2025-01-09T19:05:35.8435535Z   pillow                         10.3.0               py312hdcec9eb_0          conda-forge
2025-01-09T19:05:35.8435866Z   pip                            24.0                 pyhd8ed1ab_0             conda-forge
2025-01-09T19:05:35.8436188Z   pixman                         0.43.2               h59595ed_0               conda-forge
2025-01-09T19:05:35.8436578Z   pkgutil-resolve-name           1.3.10               pyhd8ed1ab_1             conda-forge
2025-01-09T19:05:35.8436982Z   platformdirs                   4.2.2                pyhd8ed1ab_0             conda-forge
2025-01-09T19:05:35.8437342Z   plotly                         5.22.0               pyhd8ed1ab_0             conda-forge
2025-01-09T19:05:35.8437681Z   pluggy                         1.5.0                pyhd8ed1ab_0             conda-forge
2025-01-09T19:05:35.8438062Z   prometheus_client              0.20.0               pyhd8ed1ab_0             conda-forge
2025-01-09T19:05:35.8438461Z   prompt-toolkit                 3.0.47               pyha770c72_0             conda-forge
2025-01-09T19:05:35.8438823Z   psutil                         5.9.8                py312h98912ed_0          conda-forge
2025-01-09T19:05:35.8439179Z   pthread-stubs                  0.4                  h36c2ea0_1001            conda-forge
2025-01-09T19:05:35.8439550Z   ptyprocess                     0.7.0                pyhd3deb0d_0             conda-forge
2025-01-09T19:05:35.8440025Z   pure_eval                      0.2.2                pyhd8ed1ab_0             conda-forge
2025-01-09T19:05:35.8440374Z   py-cpuinfo                     9.0.0                pyhd8ed1ab_0             conda-forge
2025-01-09T19:05:35.8440728Z   pybtex                         0.24.0               pyhd8ed1ab_2             conda-forge
2025-01-09T19:05:35.8441104Z   pybtex-docutils                1.0.3                py312h7900ff3_1          conda-forge
2025-01-09T19:05:35.8441479Z   pycparser                      2.22                 pyhd8ed1ab_0             conda-forge
2025-01-09T19:05:35.8441832Z   pyerfa                         2.0.1.4              py312h085067d_1          conda-forge
2025-01-09T19:05:35.8442177Z   pygments                       2.18.0               pyhd8ed1ab_0             conda-forge
2025-01-09T19:05:35.8442533Z   pygraphviz                     1.13                 py312h4a1d8a7_1          conda-forge
2025-01-09T19:05:35.8442902Z   pyparsing                      3.1.2                pyhd8ed1ab_0             conda-forge
2025-01-09T19:05:35.8443259Z   pysocks                        1.7.1                pyha2e5f31_6             conda-forge
2025-01-09T19:05:35.8443781Z   pytables                       3.9.2                py312h96d95ec_2          conda-forge
2025-01-09T19:05:35.8444130Z   pytest                         8.2.2                pyhd8ed1ab_0             conda-forge
2025-01-09T19:05:35.8444482Z   pytest-cov                     5.0.0                pyhd8ed1ab_0             conda-forge
2025-01-09T19:05:35.8444874Z   pytest-doctestplus             1.2.1                pyhd8ed1ab_0             conda-forge
2025-01-09T19:05:35.8445264Z   pytest-html                    4.1.1                pyhd8ed1ab_0             conda-forge
2025-01-09T19:05:35.8445646Z   pytest-metadata                3.1.1                pyhd8ed1ab_0             conda-forge
2025-01-09T19:05:35.8446017Z   python                         3.12.4               h194c7f8_0_cpython       conda-forge
2025-01-09T19:05:35.8446388Z   python-dateutil                2.9.0                pyhd8ed1ab_0             conda-forge
2025-01-09T19:05:35.8446808Z   python-fastjsonschema          2.20.0               pyhd8ed1ab_0             conda-forge
2025-01-09T19:05:35.8447236Z   python-json-logger             2.0.7                pyhd8ed1ab_0             conda-forge
2025-01-09T19:05:35.8447768Z   python-tzdata                  2024.1               pyhd8ed1ab_0             conda-forge
2025-01-09T19:05:35.8448150Z   python_abi                     3.12                 4_cp312                  conda-forge
2025-01-09T19:05:35.8448491Z   pytz                           2024.1               pyhd8ed1ab_0             conda-forge
2025-01-09T19:05:35.8448824Z   pyyaml                         6.0.1                py312h98912ed_1          conda-forge
2025-01-09T19:05:35.8449158Z   pyzmq                          26.0.3               py312h8fd38d8_0          conda-forge
2025-01-09T19:05:35.8449490Z   qgrid                          1.3.1                pyhd8ed1ab_4             conda-forge
2025-01-09T19:05:35.8449867Z   radioactivedecay               0.5.1                pyhd8ed1ab_0             conda-forge
2025-01-09T19:05:35.8450238Z   readline                       8.2                  h8228510_1               conda-forge
2025-01-09T19:05:35.8450594Z   recommonmark                   0.7.1                pyhd8ed1ab_0             conda-forge
2025-01-09T19:05:35.8450973Z   referencing                    0.35.1               pyhd8ed1ab_0             conda-forge
2025-01-09T19:05:35.8451336Z   requests                       2.32.3               pyhd8ed1ab_0             conda-forge
2025-01-09T19:05:35.8451712Z   rfc3339-validator              0.1.4                pyhd8ed1ab_0             conda-forge
2025-01-09T19:05:35.8452117Z   rfc3986-validator              0.1.1                pyh9f0ad1d_0             conda-forge
2025-01-09T19:05:35.8452487Z   rpds-py                        0.18.1               py312h4413252_0          conda-forge
2025-01-09T19:05:35.8452928Z   ruff                           0.4.9                py312h5715c7c_0          conda-forge
2025-01-09T19:05:35.8453259Z   scipy                          1.13.1               py312hc2bc53b_0          conda-forge
2025-01-09T19:05:35.8453764Z   send2trash                     1.8.3                pyh0d859eb_0             conda-forge
2025-01-09T19:05:35.8454132Z   setuptools                     70.0.0               pyhd8ed1ab_0             conda-forge
2025-01-09T19:05:35.8454510Z   setuptools-scm                 8.1.0                pyhd8ed1ab_0             conda-forge
2025-01-09T19:05:35.8454886Z   setuptools_scm                 8.1.0                hd8ed1ab_0               conda-forge
2025-01-09T19:05:35.8455235Z   six                            1.16.0               pyh6c4a22f_0             conda-forge
2025-01-09T19:05:35.8455568Z   snakeviz                       2.2.0                pyhd8ed1ab_0             conda-forge
2025-01-09T19:05:35.8455909Z   snappy                         1.2.0                hdb0a2a9_1               conda-forge
2025-01-09T19:05:35.8456255Z   sniffio                        1.3.1                pyhd8ed1ab_0             conda-forge
2025-01-09T19:05:35.8456624Z   snowballstemmer                2.2.0                pyhd8ed1ab_0             conda-forge
2025-01-09T19:05:35.8457005Z   soupsieve                      2.5                  pyhd8ed1ab_1             conda-forge
2025-01-09T19:05:35.8457352Z   sphinx                         7.3.7                pyhd8ed1ab_0             conda-forge
2025-01-09T19:05:35.8457715Z   sphinx-astropy                 1.9.1                pyhd8ed1ab_0             conda-forge
2025-01-09T19:05:35.8458117Z   sphinx-automodapi              0.17.0               pyh717bed2_1             conda-forge
2025-01-09T19:05:35.8458522Z   sphinx-gallery                 0.16.0               pyhd8ed1ab_0             conda-forge
2025-01-09T19:05:35.8458919Z   sphinx-jsonschema              1.19.1               pyhd8ed1ab_0             conda-forge
2025-01-09T19:05:35.8459340Z   sphinx_bootstrap_theme         0.8.1                pyhd8ed1ab_0             conda-forge
2025-01-09T19:05:35.8459746Z   sphinx_rtd_theme               2.0.0                pyha770c72_0             conda-forge
2025-01-09T19:05:35.8460146Z   sphinxcontrib-apidoc           0.3.0                py_1                     conda-forge
2025-01-09T19:05:35.8460704Z   sphinxcontrib-applehelp        1.0.8                pyhd8ed1ab_0             conda-forge
2025-01-09T19:05:35.8461155Z   sphinxcontrib-bibtex           2.6.2                pyhd8ed1ab_0             conda-forge
2025-01-09T19:05:35.8461588Z   sphinxcontrib-devhelp          1.0.6                pyhd8ed1ab_0             conda-forge
2025-01-09T19:05:35.8462031Z   sphinxcontrib-htmlhelp         2.0.5                pyhd8ed1ab_0             conda-forge
2025-01-09T19:05:35.8462465Z   sphinxcontrib-jquery           4.1                  pyhd8ed1ab_0             conda-forge
2025-01-09T19:05:35.8462889Z   sphinxcontrib-jsmath           1.0.1                pyhd8ed1ab_0             conda-forge
2025-01-09T19:05:35.8463321Z   sphinxcontrib-qthelp           1.0.7                pyhd8ed1ab_0             conda-forge
2025-01-09T19:05:35.8463942Z   sphinxcontrib-serializinghtml  1.1.10               pyhd8ed1ab_0             conda-forge
2025-01-09T19:05:35.8464382Z   stack_data                     0.6.2                pyhd8ed1ab_0             conda-forge
2025-01-09T19:05:35.8464736Z   sympy                          1.12.1               pypyh2585a3b_103         conda-forge
2025-01-09T19:05:35.8465079Z   tabulate                       0.9.0                pyhd8ed1ab_1             conda-forge
2025-01-09T19:05:35.8465430Z   tenacity                       8.4.1                pyhd8ed1ab_0             conda-forge
2025-01-09T19:05:35.8465783Z   terminado                      0.18.1               pyh0d859eb_0             conda-forge
2025-01-09T19:05:35.8466134Z   tinycss2                       1.3.0                pyhd8ed1ab_0             conda-forge
2025-01-09T19:05:35.8466588Z   tk                             8.6.13               noxft_h4845f30_101       conda-forge
2025-01-09T19:05:35.8466905Z   toml                           0.10.2               pyhd8ed1ab_0             conda-forge
2025-01-09T19:05:35.8467232Z   tomli                          2.0.1                pyhd8ed1ab_0             conda-forge
2025-01-09T19:05:35.8467572Z   tornado                        6.4.1                py312h9a8786e_0          conda-forge
2025-01-09T19:05:35.8467905Z   tqdm                           4.66.4               pyhd8ed1ab_0             conda-forge
2025-01-09T19:05:35.8468250Z   traitlets                      5.14.3               pyhd8ed1ab_0             conda-forge
2025-01-09T19:05:35.8468605Z   typed-ast                      1.5.5                py312h98912ed_1          conda-forge
2025-01-09T19:05:35.8469011Z   types-python-dateutil          2.9.0.20240316       pyhd8ed1ab_0             conda-forge
2025-01-09T19:05:35.8469451Z   typing-extensions              4.12.2               hd8ed1ab_0               conda-forge
2025-01-09T19:05:35.8469858Z   typing_extensions              4.12.2               pyha770c72_0             conda-forge
2025-01-09T19:05:35.8470238Z   typing_utils                   0.1.0                pyhd8ed1ab_0             conda-forge
2025-01-09T19:05:35.8470594Z   tzdata                         2024a                h0c530f3_0               conda-forge
2025-01-09T19:05:35.8470957Z   uri-template                   1.3.0                pyhd8ed1ab_0             conda-forge
2025-01-09T19:05:35.8471317Z   urllib3                        2.2.2                pyhd8ed1ab_0             conda-forge
2025-01-09T19:05:35.8471663Z   wcwidth                        0.2.13               pyhd8ed1ab_0             conda-forge
2025-01-09T19:05:35.8472015Z   webcolors                      24.6.0               pyhd8ed1ab_0             conda-forge
2025-01-09T19:05:35.8472384Z   webencodings                   0.5.1                pyhd8ed1ab_2             conda-forge
2025-01-09T19:05:35.8472776Z   websocket-client               1.8.0                pyhd8ed1ab_0             conda-forge
2025-01-09T19:05:35.8473143Z   wheel                          0.43.0               pyhd8ed1ab_1             conda-forge
2025-01-09T19:05:35.8473731Z   widgetsnbextension             3.6.6                pyhd8ed1ab_0             conda-forge
2025-01-09T19:05:35.8474135Z   xorg-kbproto                   1.0.7                h7f98852_1002            conda-forge
2025-01-09T19:05:35.8474635Z   xorg-libice                    1.1.1                hd590300_0               conda-forge
2025-01-09T19:05:35.8474999Z   xorg-libsm                     1.2.4                h7391055_0               conda-forge
2025-01-09T19:05:35.8475352Z   xorg-libx11                    1.8.9                h8ee46fc_0               conda-forge
2025-01-09T19:05:35.8475708Z   xorg-libxau                    1.0.11               hd590300_0               conda-forge
2025-01-09T19:05:35.8476076Z   xorg-libxdmcp                  1.1.3                h7f98852_0               conda-forge
2025-01-09T19:05:35.8476451Z   xorg-libxext                   1.3.4                h0b41bf4_2               conda-forge
2025-01-09T19:05:35.8476830Z   xorg-libxrender                0.9.11               hd590300_0               conda-forge
2025-01-09T19:05:35.8477225Z   xorg-renderproto               0.11.1               h7f98852_1002            conda-forge
2025-01-09T19:05:35.8477618Z   xorg-xextproto                 7.3.0                h0b41bf4_1003            conda-forge
2025-01-09T19:05:35.8477988Z   xorg-xproto                    7.0.31               h7f98852_1007            conda-forge
2025-01-09T19:05:35.8478318Z   xz                             5.2.6                h166bdaf_0               conda-forge
2025-01-09T19:05:35.8478627Z   yaml                           0.2.5                h7f98852_2               conda-forge
2025-01-09T19:05:35.8478950Z   zeromq                         4.3.5                h75354e8_4               conda-forge
2025-01-09T19:05:35.8479399Z   zipp                           3.19.2               pyhd8ed1ab_0             conda-forge
2025-01-09T19:05:35.8479725Z   zlib                           1.3.1                h4ab18f5_1               conda-forge
2025-01-09T19:05:35.8480049Z   zlib-ng                        2.0.7                h0b41bf4_0               conda-forge
2025-01-09T19:05:35.8480371Z   zstd                           1.5.6                ha6fb4c9_0               conda-forge
2025-01-09T19:05:35.8480877Z ##[endgroup]
2025-01-09T19:05:35.8511945Z ##[group]Run pip install -e . --user
2025-01-09T19:05:35.8512262Z [36;1mpip install -e . --user[0m
2025-01-09T19:05:35.8541052Z shell: /usr/bin/bash -l {0}
2025-01-09T19:05:35.8541285Z env:
2025-01-09T19:05:35.8541456Z   CACHE_NUMBER: 0
2025-01-09T19:05:35.8542073Z   PYTEST_FLAGS: --tardis-regression-data=/home/runner/work/tardis/tardis/tardis-regression-data --cov=tardis --cov-report=xml --cov-report=html --cov-append
2025-01-09T19:05:35.8542710Z   CODECOV_TOKEN: 
2025-01-09T19:05:35.8542952Z   MAMBA_ROOT_PREFIX: /home/runner/micromamba
2025-01-09T19:05:35.8543261Z   MAMBA_EXE: /home/runner/micromamba-bin/micromamba
2025-01-09T19:05:35.8543724Z   CONDARC: /home/runner/work/_temp/setup-micromamba/.condarc
2025-01-09T19:05:35.8544024Z ##[endgroup]
2025-01-09T19:05:36.5362452Z Obtaining file:///home/runner/work/tardis/tardis
2025-01-09T19:05:36.5391137Z   Installing build dependencies: started
2025-01-09T19:05:39.3903164Z   Installing build dependencies: finished with status 'done'
2025-01-09T19:05:39.3909047Z   Checking if build backend supports build_editable: started
2025-01-09T19:05:39.5101757Z   Checking if build backend supports build_editable: finished with status 'done'
2025-01-09T19:05:39.5108627Z   Getting requirements to build editable: started
2025-01-09T19:05:39.9532179Z   Getting requirements to build editable: finished with status 'done'
2025-01-09T19:05:39.9541062Z   Preparing editable metadata (pyproject.toml): started
2025-01-09T19:05:40.4011755Z   Preparing editable metadata (pyproject.toml): finished with status 'done'
2025-01-09T19:05:40.4588071Z Requirement already satisfied: astropy in /home/runner/micromamba/envs/tardis/lib/python3.12/site-packages (from tardis==0.0.0) (6.1.1)
2025-01-09T19:05:40.5005256Z Requirement already satisfied: numpy>=1.23 in /home/runner/micromamba/envs/tardis/lib/python3.12/site-packages (from astropy->tardis==0.0.0) (1.26.4)
2025-01-09T19:05:40.5014276Z Requirement already satisfied: pyerfa>=2.0.1.1 in /home/runner/micromamba/envs/tardis/lib/python3.12/site-packages (from astropy->tardis==0.0.0) (2.0.1.4)
2025-01-09T19:05:40.5024845Z Requirement already satisfied: astropy-iers-data>=0.2024.5.27.0.30.8 in /home/runner/micromamba/envs/tardis/lib/python3.12/site-packages (from astropy->tardis==0.0.0) (0.2024.6.17.0.31.35)
2025-01-09T19:05:40.5032994Z Requirement already satisfied: PyYAML>=3.13 in /home/runner/micromamba/envs/tardis/lib/python3.12/site-packages (from astropy->tardis==0.0.0) (6.0.1)
2025-01-09T19:05:40.5042649Z Requirement already satisfied: packaging>=19.0 in /home/runner/micromamba/envs/tardis/lib/python3.12/site-packages (from astropy->tardis==0.0.0) (24.1)
2025-01-09T19:05:40.5130863Z Building wheels for collected packages: tardis
2025-01-09T19:05:40.5140004Z   Building editable for tardis (pyproject.toml): started
2025-01-09T19:05:41.3426666Z   Building editable for tardis (pyproject.toml): finished with status 'done'
2025-01-09T19:05:41.3434908Z   Created wheel for tardis: filename=tardis-0.0.0-0.editable-py3-none-any.whl size=8878 sha256=c4f96da34d374d6813d27de07cbc4d187cb83664a8b7253f706e140e9fb08795
2025-01-09T19:05:41.3437140Z   Stored in directory: /tmp/pip-ephem-wheel-cache-kujk4_zo/wheels/6a/c7/ae/89fa6dc2565455898176888ef0e2e475e4e90eb0124afcb995
2025-01-09T19:05:41.3462246Z Successfully built tardis
2025-01-09T19:05:42.1981690Z Installing collected packages: tardis
2025-01-09T19:05:42.6944480Z Successfully installed tardis-0.0.0
2025-01-09T19:05:42.9301662Z ##[group]Run pip install qgridnext
2025-01-09T19:05:42.9302008Z [36;1mpip install qgridnext[0m
2025-01-09T19:05:42.9328373Z shell: /usr/bin/bash -l {0}
2025-01-09T19:05:42.9328615Z env:
2025-01-09T19:05:42.9328794Z   CACHE_NUMBER: 0
2025-01-09T19:05:42.9329418Z   PYTEST_FLAGS: --tardis-regression-data=/home/runner/work/tardis/tardis/tardis-regression-data --cov=tardis --cov-report=xml --cov-report=html --cov-append
2025-01-09T19:05:42.9330076Z   CODECOV_TOKEN: 
2025-01-09T19:05:42.9330301Z   MAMBA_ROOT_PREFIX: /home/runner/micromamba
2025-01-09T19:05:42.9330607Z   MAMBA_EXE: /home/runner/micromamba-bin/micromamba
2025-01-09T19:05:42.9330982Z   CONDARC: /home/runner/work/_temp/setup-micromamba/.condarc
2025-01-09T19:05:42.9331293Z ##[endgroup]
2025-01-09T19:05:43.8139575Z Collecting qgridnext
2025-01-09T19:05:43.8506306Z   Downloading qgridnext-2.0.4-py3-none-any.whl.metadata (9.9 kB)
2025-01-09T19:05:43.8652332Z Requirement already satisfied: pandas>=0.20.0 in /home/runner/micromamba/envs/tardis/lib/python3.12/site-packages (from qgridnext) (2.2.2)
2025-01-09T19:05:43.8666280Z Requirement already satisfied: ipywidgets>=7.0.0 in /home/runner/micromamba/envs/tardis/lib/python3.12/site-packages (from qgridnext) (7.8.0)
2025-01-09T19:05:43.8681239Z Requirement already satisfied: numpy in /home/runner/micromamba/envs/tardis/lib/python3.12/site-packages (from qgridnext) (1.26.4)
2025-01-09T19:05:43.8697369Z Requirement already satisfied: traitlets in /home/runner/micromamba/envs/tardis/lib/python3.12/site-packages (from qgridnext) (5.14.3)
2025-01-09T19:05:43.8840655Z Requirement already satisfied: comm>=0.1.3 in /home/runner/micromamba/envs/tardis/lib/python3.12/site-packages (from ipywidgets>=7.0.0->qgridnext) (0.2.2)
2025-01-09T19:05:43.8853730Z Requirement already satisfied: ipython-genutils~=0.2.0 in /home/runner/micromamba/envs/tardis/lib/python3.12/site-packages (from ipywidgets>=7.0.0->qgridnext) (0.2.0)
2025-01-09T19:05:43.8873774Z Requirement already satisfied: widgetsnbextension~=3.6.5 in /home/runner/micromamba/envs/tardis/lib/python3.12/site-packages (from ipywidgets>=7.0.0->qgridnext) (3.6.6)
2025-01-09T19:05:43.8902379Z Requirement already satisfied: ipython>=4.0.0 in /home/runner/micromamba/envs/tardis/lib/python3.12/site-packages (from ipywidgets>=7.0.0->qgridnext) (8.25.0)
2025-01-09T19:05:43.8924912Z Requirement already satisfied: jupyterlab-widgets<3,>=1.0.0 in /home/runner/micromamba/envs/tardis/lib/python3.12/site-packages (from ipywidgets>=7.0.0->qgridnext) (1.1.7)
2025-01-09T19:05:43.9447878Z Requirement already satisfied: python-dateutil>=2.8.2 in /home/runner/micromamba/envs/tardis/lib/python3.12/site-packages (from pandas>=0.20.0->qgridnext) (2.9.0)
2025-01-09T19:05:43.9461628Z Requirement already satisfied: pytz>=2020.1 in /home/runner/micromamba/envs/tardis/lib/python3.12/site-packages (from pandas>=0.20.0->qgridnext) (2024.1)
2025-01-09T19:05:43.9470245Z Requirement already satisfied: tzdata>=2022.7 in /home/runner/micromamba/envs/tardis/lib/python3.12/site-packages (from pandas>=0.20.0->qgridnext) (2024.1)
2025-01-09T19:05:43.9787041Z Requirement already satisfied: decorator in /home/runner/micromamba/envs/tardis/lib/python3.12/site-packages (from ipython>=4.0.0->ipywidgets>=7.0.0->qgridnext) (5.1.1)
2025-01-09T19:05:43.9802018Z Requirement already satisfied: jedi>=0.16 in /home/runner/micromamba/envs/tardis/lib/python3.12/site-packages (from ipython>=4.0.0->ipywidgets>=7.0.0->qgridnext) (0.19.1)
2025-01-09T19:05:43.9811270Z Requirement already satisfied: matplotlib-inline in /home/runner/micromamba/envs/tardis/lib/python3.12/site-packages (from ipython>=4.0.0->ipywidgets>=7.0.0->qgridnext) (0.1.7)
2025-01-09T19:05:43.9823355Z Requirement already satisfied: prompt-toolkit<3.1.0,>=3.0.41 in /home/runner/micromamba/envs/tardis/lib/python3.12/site-packages (from ipython>=4.0.0->ipywidgets>=7.0.0->qgridnext) (3.0.47)
2025-01-09T19:05:43.9833280Z Requirement already satisfied: pygments>=2.4.0 in /home/runner/micromamba/envs/tardis/lib/python3.12/site-packages (from ipython>=4.0.0->ipywidgets>=7.0.0->qgridnext) (2.18.0)
2025-01-09T19:05:43.9844211Z Requirement already satisfied: stack-data in /home/runner/micromamba/envs/tardis/lib/python3.12/site-packages (from ipython>=4.0.0->ipywidgets>=7.0.0->qgridnext) (0.6.2)
2025-01-09T19:05:43.9864070Z Requirement already satisfied: pexpect>4.3 in /home/runner/micromamba/envs/tardis/lib/python3.12/site-packages (from ipython>=4.0.0->ipywidgets>=7.0.0->qgridnext) (4.9.0)
2025-01-09T19:05:43.9916243Z Requirement already satisfied: six>=1.5 in /home/runner/micromamba/envs/tardis/lib/python3.12/site-packages (from python-dateutil>=2.8.2->pandas>=0.20.0->qgridnext) (1.16.0)
2025-01-09T19:05:43.9973863Z Requirement already satisfied: notebook>=4.4.1 in /home/runner/micromamba/envs/tardis/lib/python3.12/site-packages (from widgetsnbextension~=3.6.5->ipywidgets>=7.0.0->qgridnext) (7.2.1)
2025-01-09T19:05:44.0170173Z Requirement already satisfied: parso<0.9.0,>=0.8.3 in /home/runner/micromamba/envs/tardis/lib/python3.12/site-packages (from jedi>=0.16->ipython>=4.0.0->ipywidgets>=7.0.0->qgridnext) (0.8.4)
2025-01-09T19:05:44.0319965Z Requirement already satisfied: jupyter-server<3,>=2.4.0 in /home/runner/micromamba/envs/tardis/lib/python3.12/site-packages (from notebook>=4.4.1->widgetsnbextension~=3.6.5->ipywidgets>=7.0.0->qgridnext) (2.14.1)
2025-01-09T19:05:44.0333116Z Requirement already satisfied: jupyterlab-server<3,>=2.27.1 in /home/runner/micromamba/envs/tardis/lib/python3.12/site-packages (from notebook>=4.4.1->widgetsnbextension~=3.6.5->ipywidgets>=7.0.0->qgridnext) (2.27.2)
2025-01-09T19:05:44.0348430Z Requirement already satisfied: jupyterlab<4.3,>=4.2.0 in /home/runner/micromamba/envs/tardis/lib/python3.12/site-packages (from notebook>=4.4.1->widgetsnbextension~=3.6.5->ipywidgets>=7.0.0->qgridnext) (4.2.2)
2025-01-09T19:05:44.0361160Z Requirement already satisfied: notebook-shim<0.3,>=0.2 in /home/runner/micromamba/envs/tardis/lib/python3.12/site-packages (from notebook>=4.4.1->widgetsnbextension~=3.6.5->ipywidgets>=7.0.0->qgridnext) (0.2.4)
2025-01-09T19:05:44.0370542Z Requirement already satisfied: tornado>=6.2.0 in /home/runner/micromamba/envs/tardis/lib/python3.12/site-packages (from notebook>=4.4.1->widgetsnbextension~=3.6.5->ipywidgets>=7.0.0->qgridnext) (6.4.1)
2025-01-09T19:05:44.0402446Z Requirement already satisfied: ptyprocess>=0.5 in /home/runner/micromamba/envs/tardis/lib/python3.12/site-packages (from pexpect>4.3->ipython>=4.0.0->ipywidgets>=7.0.0->qgridnext) (0.7.0)
2025-01-09T19:05:44.0432478Z Requirement already satisfied: wcwidth in /home/runner/micromamba/envs/tardis/lib/python3.12/site-packages (from prompt-toolkit<3.1.0,>=3.0.41->ipython>=4.0.0->ipywidgets>=7.0.0->qgridnext) (0.2.13)
2025-01-09T19:05:44.0575888Z Requirement already satisfied: executing>=1.2.0 in /home/runner/micromamba/envs/tardis/lib/python3.12/site-packages (from stack-data->ipython>=4.0.0->ipywidgets>=7.0.0->qgridnext) (2.0.1)
2025-01-09T19:05:44.0586100Z Requirement already satisfied: asttokens>=2.1.0 in /home/runner/micromamba/envs/tardis/lib/python3.12/site-packages (from stack-data->ipython>=4.0.0->ipywidgets>=7.0.0->qgridnext) (2.4.1)
2025-01-09T19:05:44.0594725Z Requirement already satisfied: pure-eval in /home/runner/micromamba/envs/tardis/lib/python3.12/site-packages (from stack-data->ipython>=4.0.0->ipywidgets>=7.0.0->qgridnext) (0.2.2)
2025-01-09T19:05:44.0941489Z Requirement already satisfied: anyio>=3.1.0 in /home/runner/micromamba/envs/tardis/lib/python3.12/site-packages (from jupyter-server<3,>=2.4.0->notebook>=4.4.1->widgetsnbextension~=3.6.5->ipywidgets>=7.0.0->qgridnext) (4.4.0)
2025-01-09T19:05:44.0952433Z Requirement already satisfied: argon2-cffi>=21.1 in /home/runner/micromamba/envs/tardis/lib/python3.12/site-packages (from jupyter-server<3,>=2.4.0->notebook>=4.4.1->widgetsnbextension~=3.6.5->ipywidgets>=7.0.0->qgridnext) (23.1.0)
2025-01-09T19:05:44.0962470Z Requirement already satisfied: jinja2>=3.0.3 in /home/runner/micromamba/envs/tardis/lib/python3.12/site-packages (from jupyter-server<3,>=2.4.0->notebook>=4.4.1->widgetsnbextension~=3.6.5->ipywidgets>=7.0.0->qgridnext) (3.1.4)
2025-01-09T19:05:44.0975227Z Requirement already satisfied: jupyter-client>=7.4.4 in /home/runner/micromamba/envs/tardis/lib/python3.12/site-packages (from jupyter-server<3,>=2.4.0->notebook>=4.4.1->widgetsnbextension~=3.6.5->ipywidgets>=7.0.0->qgridnext) (8.6.2)
2025-01-09T19:05:44.0988204Z Requirement already satisfied: jupyter-core!=5.0.*,>=4.12 in /home/runner/micromamba/envs/tardis/lib/python3.12/site-packages (from jupyter-server<3,>=2.4.0->notebook>=4.4.1->widgetsnbextension~=3.6.5->ipywidgets>=7.0.0->qgridnext) (5.7.2)
2025-01-09T19:05:44.1000432Z Requirement already satisfied: jupyter-events>=0.9.0 in /home/runner/micromamba/envs/tardis/lib/python3.12/site-packages (from jupyter-server<3,>=2.4.0->notebook>=4.4.1->widgetsnbextension~=3.6.5->ipywidgets>=7.0.0->qgridnext) (0.10.0)
2025-01-09T19:05:44.1012477Z Requirement already satisfied: jupyter-server-terminals>=0.4.4 in /home/runner/micromamba/envs/tardis/lib/python3.12/site-packages (from jupyter-server<3,>=2.4.0->notebook>=4.4.1->widgetsnbextension~=3.6.5->ipywidgets>=7.0.0->qgridnext) (0.5.3)
2025-01-09T19:05:44.1027472Z Requirement already satisfied: nbconvert>=6.4.4 in /home/runner/micromamba/envs/tardis/lib/python3.12/site-packages (from jupyter-server<3,>=2.4.0->notebook>=4.4.1->widgetsnbextension~=3.6.5->ipywidgets>=7.0.0->qgridnext) (7.16.4)
2025-01-09T19:05:44.1040186Z Requirement already satisfied: nbformat>=5.3.0 in /home/runner/micromamba/envs/tardis/lib/python3.12/site-packages (from jupyter-server<3,>=2.4.0->notebook>=4.4.1->widgetsnbextension~=3.6.5->ipywidgets>=7.0.0->qgridnext) (5.10.4)
2025-01-09T19:05:44.1054087Z Requirement already satisfied: overrides>=5.0 in /home/runner/micromamba/envs/tardis/lib/python3.12/site-packages (from jupyter-server<3,>=2.4.0->notebook>=4.4.1->widgetsnbextension~=3.6.5->ipywidgets>=7.0.0->qgridnext) (7.7.0)
2025-01-09T19:05:44.1069019Z Requirement already satisfied: packaging>=22.0 in /home/runner/micromamba/envs/tardis/lib/python3.12/site-packages (from jupyter-server<3,>=2.4.0->notebook>=4.4.1->widgetsnbextension~=3.6.5->ipywidgets>=7.0.0->qgridnext) (24.1)
2025-01-09T19:05:44.1082128Z Requirement already satisfied: prometheus-client>=0.9 in /home/runner/micromamba/envs/tardis/lib/python3.12/site-packages (from jupyter-server<3,>=2.4.0->notebook>=4.4.1->widgetsnbextension~=3.6.5->ipywidgets>=7.0.0->qgridnext) (0.20.0)
2025-01-09T19:05:44.1099490Z Requirement already satisfied: pyzmq>=24 in /home/runner/micromamba/envs/tardis/lib/python3.12/site-packages (from jupyter-server<3,>=2.4.0->notebook>=4.4.1->widgetsnbextension~=3.6.5->ipywidgets>=7.0.0->qgridnext) (26.0.3)
2025-01-09T19:05:44.1113348Z Requirement already satisfied: send2trash>=1.8.2 in /home/runner/micromamba/envs/tardis/lib/python3.12/site-packages (from jupyter-server<3,>=2.4.0->notebook>=4.4.1->widgetsnbextension~=3.6.5->ipywidgets>=7.0.0->qgridnext) (1.8.3)
2025-01-09T19:05:44.1131814Z Requirement already satisfied: terminado>=0.8.3 in /home/runner/micromamba/envs/tardis/lib/python3.12/site-packages (from jupyter-server<3,>=2.4.0->notebook>=4.4.1->widgetsnbextension~=3.6.5->ipywidgets>=7.0.0->qgridnext) (0.18.1)
2025-01-09T19:05:44.1160246Z Requirement already satisfied: websocket-client>=1.7 in /home/runner/micromamba/envs/tardis/lib/python3.12/site-packages (from jupyter-server<3,>=2.4.0->notebook>=4.4.1->widgetsnbextension~=3.6.5->ipywidgets>=7.0.0->qgridnext) (1.8.0)
2025-01-09T19:05:44.1510265Z Requirement already satisfied: async-lru>=1.0.0 in /home/runner/micromamba/envs/tardis/lib/python3.12/site-packages (from jupyterlab<4.3,>=4.2.0->notebook>=4.4.1->widgetsnbextension~=3.6.5->ipywidgets>=7.0.0->qgridnext) (2.0.4)
2025-01-09T19:05:44.1522697Z Requirement already satisfied: httpx>=0.25.0 in /home/runner/micromamba/envs/tardis/lib/python3.12/site-packages (from jupyterlab<4.3,>=4.2.0->notebook>=4.4.1->widgetsnbextension~=3.6.5->ipywidgets>=7.0.0->qgridnext) (0.27.0)
2025-01-09T19:05:44.1535642Z Requirement already satisfied: ipykernel>=6.5.0 in /home/runner/micromamba/envs/tardis/lib/python3.12/site-packages (from jupyterlab<4.3,>=4.2.0->notebook>=4.4.1->widgetsnbextension~=3.6.5->ipywidgets>=7.0.0->qgridnext) (6.29.4)
2025-01-09T19:05:44.1550942Z Requirement already satisfied: jupyter-lsp>=2.0.0 in /home/runner/micromamba/envs/tardis/lib/python3.12/site-packages (from jupyterlab<4.3,>=4.2.0->notebook>=4.4.1->widgetsnbextension~=3.6.5->ipywidgets>=7.0.0->qgridnext) (2.2.5)
2025-01-09T19:05:44.1578433Z Requirement already satisfied: setuptools>=40.1.0 in /home/runner/micromamba/envs/tardis/lib/python3.12/site-packages (from jupyterlab<4.3,>=4.2.0->notebook>=4.4.1->widgetsnbextension~=3.6.5->ipywidgets>=7.0.0->qgridnext) (70.0.0)
2025-01-09T19:05:44.1774022Z Requirement already satisfied: babel>=2.10 in /home/runner/micromamba/envs/tardis/lib/python3.12/site-packages (from jupyterlab-server<3,>=2.27.1->notebook>=4.4.1->widgetsnbextension~=3.6.5->ipywidgets>=7.0.0->qgridnext) (2.14.0)
2025-01-09T19:05:44.1801622Z Requirement already satisfied: json5>=0.9.0 in /home/runner/micromamba/envs/tardis/lib/python3.12/site-packages (from jupyterlab-server<3,>=2.27.1->notebook>=4.4.1->widgetsnbextension~=3.6.5->ipywidgets>=7.0.0->qgridnext) (0.9.25)
2025-01-09T19:05:44.1814103Z Requirement already satisfied: jsonschema>=4.18.0 in /home/runner/micromamba/envs/tardis/lib/python3.12/site-packages (from jupyterlab-server<3,>=2.27.1->notebook>=4.4.1->widgetsnbextension~=3.6.5->ipywidgets>=7.0.0->qgridnext) (4.22.0)
2025-01-09T19:05:44.1835807Z Requirement already satisfied: requests>=2.31 in /home/runner/micromamba/envs/tardis/lib/python3.12/site-packages (from jupyterlab-server<3,>=2.27.1->notebook>=4.4.1->widgetsnbextension~=3.6.5->ipywidgets>=7.0.0->qgridnext) (2.32.3)
2025-01-09T19:05:44.2195636Z Requirement already satisfied: idna>=2.8 in /home/runner/micromamba/envs/tardis/lib/python3.12/site-packages (from anyio>=3.1.0->jupyter-server<3,>=2.4.0->notebook>=4.4.1->widgetsnbextension~=3.6.5->ipywidgets>=7.0.0->qgridnext) (3.7)
2025-01-09T19:05:44.2205060Z Requirement already satisfied: sniffio>=1.1 in /home/runner/micromamba/envs/tardis/lib/python3.12/site-packages (from anyio>=3.1.0->jupyter-server<3,>=2.4.0->notebook>=4.4.1->widgetsnbextension~=3.6.5->ipywidgets>=7.0.0->qgridnext) (1.3.1)
2025-01-09T19:05:44.2299156Z Requirement already satisfied: argon2-cffi-bindings in /home/runner/micromamba/envs/tardis/lib/python3.12/site-packages (from argon2-cffi>=21.1->jupyter-server<3,>=2.4.0->notebook>=4.4.1->widgetsnbextension~=3.6.5->ipywidgets>=7.0.0->qgridnext) (21.2.0)
2025-01-09T19:05:44.2474101Z Requirement already satisfied: certifi in /home/runner/micromamba/envs/tardis/lib/python3.12/site-packages (from httpx>=0.25.0->jupyterlab<4.3,>=4.2.0->notebook>=4.4.1->widgetsnbextension~=3.6.5->ipywidgets>=7.0.0->qgridnext) (2024.6.2)
2025-01-09T19:05:44.2489663Z Requirement already satisfied: httpcore==1.* in /home/runner/micromamba/envs/tardis/lib/python3.12/site-packages (from httpx>=0.25.0->jupyterlab<4.3,>=4.2.0->notebook>=4.4.1->widgetsnbextension~=3.6.5->ipywidgets>=7.0.0->qgridnext) (1.0.5)
2025-01-09T19:05:44.2569864Z Requirement already satisfied: h11<0.15,>=0.13 in /home/runner/micromamba/envs/tardis/lib/python3.12/site-packages (from httpcore==1.*->httpx>=0.25.0->jupyterlab<4.3,>=4.2.0->notebook>=4.4.1->widgetsnbextension~=3.6.5->ipywidgets>=7.0.0->qgridnext) (0.14.0)
2025-01-09T19:05:44.2758718Z Requirement already satisfied: debugpy>=1.6.5 in /home/runner/micromamba/envs/tardis/lib/python3.12/site-packages (from ipykernel>=6.5.0->jupyterlab<4.3,>=4.2.0->notebook>=4.4.1->widgetsnbextension~=3.6.5->ipywidgets>=7.0.0->qgridnext) (1.8.1)
2025-01-09T19:05:44.2780797Z Requirement already satisfied: nest-asyncio in /home/runner/micromamba/envs/tardis/lib/python3.12/site-packages (from ipykernel>=6.5.0->jupyterlab<4.3,>=4.2.0->notebook>=4.4.1->widgetsnbextension~=3.6.5->ipywidgets>=7.0.0->qgridnext) (1.6.0)
2025-01-09T19:05:44.2796345Z Requirement already satisfied: psutil in /home/runner/micromamba/envs/tardis/lib/python3.12/site-packages (from ipykernel>=6.5.0->jupyterlab<4.3,>=4.2.0->notebook>=4.4.1->widgetsnbextension~=3.6.5->ipywidgets>=7.0.0->qgridnext) (5.9.8)
2025-01-09T19:05:44.2859922Z Requirement already satisfied: MarkupSafe>=2.0 in /home/runner/micromamba/envs/tardis/lib/python3.12/site-packages (from jinja2>=3.0.3->jupyter-server<3,>=2.4.0->notebook>=4.4.1->widgetsnbextension~=3.6.5->ipywidgets>=7.0.0->qgridnext) (2.1.5)
2025-01-09T19:05:44.3071741Z Requirement already satisfied: attrs>=22.2.0 in /home/runner/micromamba/envs/tardis/lib/python3.12/site-packages (from jsonschema>=4.18.0->jupyterlab-server<3,>=2.27.1->notebook>=4.4.1->widgetsnbextension~=3.6.5->ipywidgets>=7.0.0->qgridnext) (23.2.0)
2025-01-09T19:05:44.3087254Z Requirement already satisfied: jsonschema-specifications>=2023.03.6 in /home/runner/micromamba/envs/tardis/lib/python3.12/site-packages (from jsonschema>=4.18.0->jupyterlab-server<3,>=2.27.1->notebook>=4.4.1->widgetsnbextension~=3.6.5->ipywidgets>=7.0.0->qgridnext) (2023.12.1)
2025-01-09T19:05:44.3101059Z Requirement already satisfied: referencing>=0.28.4 in /home/runner/micromamba/envs/tardis/lib/python3.12/site-packages (from jsonschema>=4.18.0->jupyterlab-server<3,>=2.27.1->notebook>=4.4.1->widgetsnbextension~=3.6.5->ipywidgets>=7.0.0->qgridnext) (0.35.1)
2025-01-09T19:05:44.3114574Z Requirement already satisfied: rpds-py>=0.7.1 in /home/runner/micromamba/envs/tardis/lib/python3.12/site-packages (from jsonschema>=4.18.0->jupyterlab-server<3,>=2.27.1->notebook>=4.4.1->widgetsnbextension~=3.6.5->ipywidgets>=7.0.0->qgridnext) (0.18.1)
2025-01-09T19:05:44.3415125Z Requirement already satisfied: platformdirs>=2.5 in /home/runner/micromamba/envs/tardis/lib/python3.12/site-packages (from jupyter-core!=5.0.*,>=4.12->jupyter-server<3,>=2.4.0->notebook>=4.4.1->widgetsnbextension~=3.6.5->ipywidgets>=7.0.0->qgridnext) (4.2.2)
2025-01-09T19:05:44.3565106Z Requirement already satisfied: python-json-logger>=2.0.4 in /home/runner/micromamba/envs/tardis/lib/python3.12/site-packages (from jupyter-events>=0.9.0->jupyter-server<3,>=2.4.0->notebook>=4.4.1->widgetsnbextension~=3.6.5->ipywidgets>=7.0.0->qgridnext) (2.0.7)
2025-01-09T19:05:44.3573168Z Requirement already satisfied: pyyaml>=5.3 in /home/runner/micromamba/envs/tardis/lib/python3.12/site-packages (from jupyter-events>=0.9.0->jupyter-server<3,>=2.4.0->notebook>=4.4.1->widgetsnbextension~=3.6.5->ipywidgets>=7.0.0->qgridnext) (6.0.1)
2025-01-09T19:05:44.3585279Z Requirement already satisfied: rfc3339-validator in /home/runner/micromamba/envs/tardis/lib/python3.12/site-packages (from jupyter-events>=0.9.0->jupyter-server<3,>=2.4.0->notebook>=4.4.1->widgetsnbextension~=3.6.5->ipywidgets>=7.0.0->qgridnext) (0.1.4)
2025-01-09T19:05:44.3594725Z Requirement already satisfied: rfc3986-validator>=0.1.1 in /home/runner/micromamba/envs/tardis/lib/python3.12/site-packages (from jupyter-events>=0.9.0->jupyter-server<3,>=2.4.0->notebook>=4.4.1->widgetsnbextension~=3.6.5->ipywidgets>=7.0.0->qgridnext) (0.1.1)
2025-01-09T19:05:44.4060700Z Requirement already satisfied: beautifulsoup4 in /home/runner/micromamba/envs/tardis/lib/python3.12/site-packages (from nbconvert>=6.4.4->jupyter-server<3,>=2.4.0->notebook>=4.4.1->widgetsnbextension~=3.6.5->ipywidgets>=7.0.0->qgridnext) (4.12.3)
2025-01-09T19:05:44.4080359Z Requirement already satisfied: bleach!=5.0.0 in /home/runner/micromamba/envs/tardis/lib/python3.12/site-packages (from nbconvert>=6.4.4->jupyter-server<3,>=2.4.0->notebook>=4.4.1->widgetsnbextension~=3.6.5->ipywidgets>=7.0.0->qgridnext) (6.1.0)
2025-01-09T19:05:44.4095400Z Requirement already satisfied: defusedxml in /home/runner/micromamba/envs/tardis/lib/python3.12/site-packages (from nbconvert>=6.4.4->jupyter-server<3,>=2.4.0->notebook>=4.4.1->widgetsnbextension~=3.6.5->ipywidgets>=7.0.0->qgridnext) (0.7.1)
2025-01-09T19:05:44.4110980Z Requirement already satisfied: jupyterlab-pygments in /home/runner/micromamba/envs/tardis/lib/python3.12/site-packages (from nbconvert>=6.4.4->jupyter-server<3,>=2.4.0->notebook>=4.4.1->widgetsnbextension~=3.6.5->ipywidgets>=7.0.0->qgridnext) (0.3.0)
2025-01-09T19:05:44.4123806Z Requirement already satisfied: mistune<4,>=2.0.3 in /home/runner/micromamba/envs/tardis/lib/python3.12/site-packages (from nbconvert>=6.4.4->jupyter-server<3,>=2.4.0->notebook>=4.4.1->widgetsnbextension~=3.6.5->ipywidgets>=7.0.0->qgridnext) (3.0.2)
2025-01-09T19:05:44.4137185Z Requirement already satisfied: nbclient>=0.5.0 in /home/runner/micromamba/envs/tardis/lib/python3.12/site-packages (from nbconvert>=6.4.4->jupyter-server<3,>=2.4.0->notebook>=4.4.1->widgetsnbextension~=3.6.5->ipywidgets>=7.0.0->qgridnext) (0.10.0)
2025-01-09T19:05:44.4155815Z Requirement already satisfied: pandocfilters>=1.4.1 in /home/runner/micromamba/envs/tardis/lib/python3.12/site-packages (from nbconvert>=6.4.4->jupyter-server<3,>=2.4.0->notebook>=4.4.1->widgetsnbextension~=3.6.5->ipywidgets>=7.0.0->qgridnext) (1.5.0)
2025-01-09T19:05:44.4166318Z Requirement already satisfied: tinycss2 in /home/runner/micromamba/envs/tardis/lib/python3.12/site-packages (from nbconvert>=6.4.4->jupyter-server<3,>=2.4.0->notebook>=4.4.1->widgetsnbextension~=3.6.5->ipywidgets>=7.0.0->qgridnext) (1.3.0)
2025-01-09T19:05:44.4283892Z Requirement already satisfied: fastjsonschema>=2.15 in /home/runner/micromamba/envs/tardis/lib/python3.12/site-packages (from nbformat>=5.3.0->jupyter-server<3,>=2.4.0->notebook>=4.4.1->widgetsnbextension~=3.6.5->ipywidgets>=7.0.0->qgridnext) (2.20.0)
2025-01-09T19:05:44.4597595Z Requirement already satisfied: charset-normalizer<4,>=2 in /home/runner/micromamba/envs/tardis/lib/python3.12/site-packages (from requests>=2.31->jupyterlab-server<3,>=2.27.1->notebook>=4.4.1->widgetsnbextension~=3.6.5->ipywidgets>=7.0.0->qgridnext) (3.3.2)
2025-01-09T19:05:44.4612234Z Requirement already satisfied: urllib3<3,>=1.21.1 in /home/runner/micromamba/envs/tardis/lib/python3.12/site-packages (from requests>=2.31->jupyterlab-server<3,>=2.27.1->notebook>=4.4.1->widgetsnbextension~=3.6.5->ipywidgets>=7.0.0->qgridnext) (2.2.2)
2025-01-09T19:05:44.5404276Z Requirement already satisfied: webencodings in /home/runner/micromamba/envs/tardis/lib/python3.12/site-packages (from bleach!=5.0.0->nbconvert>=6.4.4->jupyter-server<3,>=2.4.0->notebook>=4.4.1->widgetsnbextension~=3.6.5->ipywidgets>=7.0.0->qgridnext) (0.5.1)
2025-01-09T19:05:44.5977493Z Requirement already satisfied: fqdn in /home/runner/micromamba/envs/tardis/lib/python3.12/site-packages (from jsonschema[format-nongpl]>=4.18.0->jupyter-events>=0.9.0->jupyter-server<3,>=2.4.0->notebook>=4.4.1->widgetsnbextension~=3.6.5->ipywidgets>=7.0.0->qgridnext) (1.5.1)
2025-01-09T19:05:44.6000828Z Requirement already satisfied: isoduration in /home/runner/micromamba/envs/tardis/lib/python3.12/site-packages (from jsonschema[format-nongpl]>=4.18.0->jupyter-events>=0.9.0->jupyter-server<3,>=2.4.0->notebook>=4.4.1->widgetsnbextension~=3.6.5->ipywidgets>=7.0.0->qgridnext) (20.11.0)
2025-01-09T19:05:44.6015065Z Requirement already satisfied: jsonpointer>1.13 in /home/runner/micromamba/envs/tardis/lib/python3.12/site-packages (from jsonschema[format-nongpl]>=4.18.0->jupyter-events>=0.9.0->jupyter-server<3,>=2.4.0->notebook>=4.4.1->widgetsnbextension~=3.6.5->ipywidgets>=7.0.0->qgridnext) (3.0.0)
2025-01-09T19:05:44.6031279Z Requirement already satisfied: uri-template in /home/runner/micromamba/envs/tardis/lib/python3.12/site-packages (from jsonschema[format-nongpl]>=4.18.0->jupyter-events>=0.9.0->jupyter-server<3,>=2.4.0->notebook>=4.4.1->widgetsnbextension~=3.6.5->ipywidgets>=7.0.0->qgridnext) (1.3.0)
2025-01-09T19:05:44.6045038Z Requirement already satisfied: webcolors>=1.11 in /home/runner/micromamba/envs/tardis/lib/python3.12/site-packages (from jsonschema[format-nongpl]>=4.18.0->jupyter-events>=0.9.0->jupyter-server<3,>=2.4.0->notebook>=4.4.1->widgetsnbextension~=3.6.5->ipywidgets>=7.0.0->qgridnext) (24.6.0)
2025-01-09T19:05:44.7070166Z Requirement already satisfied: cffi>=1.0.1 in /home/runner/micromamba/envs/tardis/lib/python3.12/site-packages (from argon2-cffi-bindings->argon2-cffi>=21.1->jupyter-server<3,>=2.4.0->notebook>=4.4.1->widgetsnbextension~=3.6.5->ipywidgets>=7.0.0->qgridnext) (1.16.0)
2025-01-09T19:05:44.7167015Z Requirement already satisfied: soupsieve>1.2 in /home/runner/micromamba/envs/tardis/lib/python3.12/site-packages (from beautifulsoup4->nbconvert>=6.4.4->jupyter-server<3,>=2.4.0->notebook>=4.4.1->widgetsnbextension~=3.6.5->ipywidgets>=7.0.0->qgridnext) (2.5)
2025-01-09T19:05:44.7699258Z Requirement already satisfied: pycparser in /home/runner/micromamba/envs/tardis/lib/python3.12/site-packages (from cffi>=1.0.1->argon2-cffi-bindings->argon2-cffi>=21.1->jupyter-server<3,>=2.4.0->notebook>=4.4.1->widgetsnbextension~=3.6.5->ipywidgets>=7.0.0->qgridnext) (2.22)
2025-01-09T19:05:44.8216037Z Requirement already satisfied: arrow>=0.15.0 in /home/runner/micromamba/envs/tardis/lib/python3.12/site-packages (from isoduration->jsonschema[format-nongpl]>=4.18.0->jupyter-events>=0.9.0->jupyter-server<3,>=2.4.0->notebook>=4.4.1->widgetsnbextension~=3.6.5->ipywidgets>=7.0.0->qgridnext) (1.3.0)
2025-01-09T19:05:44.8518703Z Requirement already satisfied: types-python-dateutil>=2.8.10 in /home/runner/micromamba/envs/tardis/lib/python3.12/site-packages (from arrow>=0.15.0->isoduration->jsonschema[format-nongpl]>=4.18.0->jupyter-events>=0.9.0->jupyter-server<3,>=2.4.0->notebook>=4.4.1->widgetsnbextension~=3.6.5->ipywidgets>=7.0.0->qgridnext) (2.9.0.20240316)
2025-01-09T19:05:44.8826646Z Downloading qgridnext-2.0.4-py3-none-any.whl (1.3 MB)
2025-01-09T19:05:44.9305543Z    ━━━━━━━━━━━━━━━━━━━━━━━━━━━━━━━━━━━━━━━━ 1.3/1.3 MB 27.6 MB/s eta 0:00:00
2025-01-09T19:05:45.7251316Z Installing collected packages: qgridnext
2025-01-09T19:05:45.8140119Z Successfully installed qgridnext-2.0.4
2025-01-09T19:05:46.0257625Z ##[group]Run pytest tardis --tardis-regression-data=/home/runner/work/tardis/tardis/tardis-regression-data --cov=tardis --cov-report=xml --cov-report=html --cov-append -m " continuum"
2025-01-09T19:05:46.0259863Z [36;1mpytest tardis --tardis-regression-data=/home/runner/work/tardis/tardis/tardis-regression-data --cov=tardis --cov-report=xml --cov-report=html --cov-append -m " continuum"[0m
2025-01-09T19:05:46.0296383Z shell: /usr/bin/bash -l {0}
2025-01-09T19:05:46.0296638Z env:
2025-01-09T19:05:46.0296810Z   CACHE_NUMBER: 0
2025-01-09T19:05:46.0297434Z   PYTEST_FLAGS: --tardis-regression-data=/home/runner/work/tardis/tardis/tardis-regression-data --cov=tardis --cov-report=xml --cov-report=html --cov-append
2025-01-09T19:05:46.0298117Z   CODECOV_TOKEN: 
2025-01-09T19:05:46.0298340Z   MAMBA_ROOT_PREFIX: /home/runner/micromamba
2025-01-09T19:05:46.0298642Z   MAMBA_EXE: /home/runner/micromamba-bin/micromamba
2025-01-09T19:05:46.0299027Z   CONDARC: /home/runner/work/_temp/setup-micromamba/.condarc
2025-01-09T19:05:46.0299335Z ##[endgroup]
2025-01-09T19:05:54.9087547Z ============================= test session starts ==============================
2025-01-09T19:05:54.9088461Z platform linux -- Python 3.12.4, pytest-8.2.2, pluggy-1.5.0
2025-01-09T19:05:54.9089233Z rootdir: /home/runner/work/tardis/tardis
2025-01-09T19:05:54.9089847Z configfile: pyproject.toml
2025-01-09T19:05:54.9090558Z plugins: anyio-4.4.0, doctestplus-1.2.1, cov-5.0.0, html-4.1.1, metadata-3.1.1
2025-01-09T19:05:54.9091261Z collected 1796 items / 1794 deselected / 2 selected
2025-01-09T19:05:54.9091512Z 
2025-01-09T19:07:44.3438680Z tardis/transport/montecarlo/estimators/tests/test_continuum_property_solver.py . [ 50%]
2025-01-09T19:07:44.3441072Z                                                                          [ 50%]
2025-01-09T19:08:17.1164700Z tardis/transport/montecarlo/tests/test_continuum.py .                    [100%]
2025-01-09T19:08:17.1165196Z 
2025-01-09T19:08:17.1165506Z =============================== warnings summary ===============================
2025-01-09T19:08:17.1166230Z tardis/io/configuration/config_validator.py:6
2025-01-09T19:08:17.1166879Z tardis/io/configuration/config_validator.py:6
2025-01-09T19:08:17.1167578Z   /home/runner/work/tardis/tardis/tardis/io/configuration/config_validator.py:6: DeprecationWarning:
2025-01-09T19:08:17.1168117Z   
2025-01-09T19:08:17.1169528Z   jsonschema.RefResolver is deprecated as of v4.18.0, in favor of the https://github.com/python-jsonschema/referencing library, which provides more compliant referencing behavior as well as more flexible APIs for customization. A future release will remove RefResolver. Please file a feature request (on referencing) if you are missing an API for the kind of customization you need.
2025-01-09T19:08:17.1171201Z 
2025-01-09T19:08:17.1171477Z ../../../micromamba/envs/tardis/lib/python3.12/site-packages/jupyter_client/connect.py:22
2025-01-09T19:08:17.1172250Z   /home/runner/micromamba/envs/tardis/lib/python3.12/site-packages/jupyter_client/connect.py:22: DeprecationWarning:
2025-01-09T19:08:17.1172827Z   
2025-01-09T19:08:17.1173093Z   Jupyter is migrating its paths to use standard platformdirs
2025-01-09T19:08:17.1173756Z   given by the platformdirs library.  To remove this warning and
2025-01-09T19:08:17.1174207Z   see the appropriate new directories, set the environment variable
2025-01-09T19:08:17.1174647Z   `JUPYTER_PLATFORM_DIRS=1` and then run `jupyter --paths`.
2025-01-09T19:08:17.1175070Z   The use of platformdirs will be the default in `jupyter_core` v6
2025-01-09T19:08:17.1175343Z 
2025-01-09T19:08:17.1181295Z tardis/transport/montecarlo/estimators/tests/test_continuum_property_solver.py::test_continuum_estimators
2025-01-09T19:08:17.1182135Z   /home/runner/work/tardis/tardis/tardis/transport/montecarlo/montecarlo_main_loop.py:123: NumbaTypeSafetyWarning:
2025-01-09T19:08:17.1182665Z   
2025-01-09T19:08:17.1183191Z   [1m[1m[1munsafe cast from uint64 to int64. Precision may be lost.[0m[0m[0m
2025-01-09T19:08:17.1183949Z 
2025-01-09T19:08:17.1184175Z -- Docs: https://docs.pytest.org/en/stable/how-to/capture-warnings.html
2025-01-09T19:08:17.1184474Z 
2025-01-09T19:08:17.1184646Z ---------- coverage: platform linux, python 3.12.4-final-0 -----------
2025-01-09T19:08:17.1185017Z Coverage HTML written to dir coverage_html_report
2025-01-09T19:08:17.1185314Z Coverage XML written to file coverage.xml
2025-01-09T19:08:17.1185491Z 
2025-01-09T19:08:17.1185655Z ========== 2 passed, 1794 deselected, 4 warnings in 143.81s (0:02:23) ==========
2025-01-09T19:08:18.2830158Z ##[group]Run mv .coverage .coverage.3
2025-01-09T19:08:18.2830497Z [36;1mmv .coverage .coverage.3[0m
2025-01-09T19:08:18.2856872Z shell: /usr/bin/bash -l {0}
2025-01-09T19:08:18.2857100Z env:
2025-01-09T19:08:18.2857268Z   CACHE_NUMBER: 0
2025-01-09T19:08:18.2857875Z   PYTEST_FLAGS: --tardis-regression-data=/home/runner/work/tardis/tardis/tardis-regression-data --cov=tardis --cov-report=xml --cov-report=html --cov-append
2025-01-09T19:08:18.2858539Z   CODECOV_TOKEN: 
2025-01-09T19:08:18.2858757Z   MAMBA_ROOT_PREFIX: /home/runner/micromamba
2025-01-09T19:08:18.2859057Z   MAMBA_EXE: /home/runner/micromamba-bin/micromamba
2025-01-09T19:08:18.2859402Z   CONDARC: /home/runner/work/_temp/setup-micromamba/.condarc
2025-01-09T19:08:18.2859909Z ##[endgroup]
2025-01-09T19:08:18.4017474Z ##[group]Run actions/upload-artifact@v4
2025-01-09T19:08:18.4017767Z with:
2025-01-09T19:08:18.4017998Z   name: coverage--continuum-ubuntu-latest
2025-01-09T19:08:18.4018283Z   include-hidden-files: true
2025-01-09T19:08:18.4018524Z   path: .coverage*
!.coveragerc

2025-01-09T19:08:18.4018779Z   if-no-files-found: warn
2025-01-09T19:08:18.4018996Z   compression-level: 6
2025-01-09T19:08:18.4019197Z   overwrite: false
2025-01-09T19:08:18.4019381Z env:
2025-01-09T19:08:18.4019542Z   CACHE_NUMBER: 0
2025-01-09T19:08:18.4020152Z   PYTEST_FLAGS: --tardis-regression-data=/home/runner/work/tardis/tardis/tardis-regression-data --cov=tardis --cov-report=xml --cov-report=html --cov-append
2025-01-09T19:08:18.4020787Z   CODECOV_TOKEN: 
2025-01-09T19:08:18.4021000Z   MAMBA_ROOT_PREFIX: /home/runner/micromamba
2025-01-09T19:08:18.4021298Z   MAMBA_EXE: /home/runner/micromamba-bin/micromamba
2025-01-09T19:08:18.4021646Z   CONDARC: /home/runner/work/_temp/setup-micromamba/.condarc
2025-01-09T19:08:18.4021972Z ##[endgroup]
2025-01-09T19:08:18.6415575Z With the provided path, there will be 1 file uploaded
2025-01-09T19:08:18.6421188Z Artifact name is valid!
2025-01-09T19:08:18.6422653Z Root directory input is valid!
2025-01-09T19:08:18.8731249Z Beginning upload of artifact content to blob storage
2025-01-09T19:08:19.1644392Z Uploaded bytes 18048
2025-01-09T19:08:19.2296452Z Finished uploading artifact content to blob storage!
2025-01-09T19:08:19.2299277Z SHA256 hash of uploaded artifact zip is c6510caeadd0cd99a23c1812092fbcc59067566bf6b2cf3322207384e2224a7a
2025-01-09T19:08:19.2300819Z Finalizing artifact upload
2025-01-09T19:08:19.3697459Z Artifact coverage--continuum-ubuntu-latest.zip successfully finalized. Artifact ID 2409133018
2025-01-09T19:08:19.3698802Z Artifact coverage--continuum-ubuntu-latest has been successfully uploaded! Final size is 18048 bytes. Artifact ID is 2409133018
2025-01-09T19:08:19.3705058Z Artifact download URL: https://github.com/tardis-sn/tardis/actions/runs/12696788751/artifacts/2409133018
2025-01-09T19:08:19.3831427Z Post job cleanup.
2025-01-09T19:08:19.3862211Z Post job cleanup.
2025-01-09T19:08:19.5382985Z Will use pre-installed micromamba at /home/runner/micromamba-bin/micromamba
2025-01-09T19:08:19.5390783Z Removing micromamba run shell ...
2025-01-09T19:08:19.5395108Z ##[group]Deinitialize micromamba for bash
2025-01-09T19:08:19.5415755Z [command]/home/runner/micromamba-bin/micromamba shell deinit -s bash -r /home/runner/micromamba --log-level warning --rc-file /home/runner/work/_temp/setup-micromamba/.condarc
2025-01-09T19:08:19.5524667Z Resetting RC file "/home/runner/.bashrc"
2025-01-09T19:08:19.5525523Z Deleting config for root prefix 
2025-01-09T19:08:19.5526283Z Clearing mamba executable environment variable
2025-01-09T19:08:19.5541963Z Removing the following in your "/home/runner/.bashrc" file
2025-01-09T19:08:19.5542753Z # >>> mamba initialize >>>
2025-01-09T19:08:19.5543103Z ...
2025-01-09T19:08:19.5543387Z # <<< mamba initialize <<<
2025-01-09T19:08:19.5559647Z Removing mamba initialize block from .bash_profile
2025-01-09T19:08:19.5575963Z ##[endgroup]
2025-01-09T19:08:19.5580565Z Removing environment tardis from auto-activate bash ...
2025-01-09T19:08:19.5701789Z Post job cleanup.
2025-01-09T19:08:19.5738665Z Post job cleanup.
2025-01-09T19:08:19.6720621Z [command]/usr/bin/git version
2025-01-09T19:08:19.6757978Z git version 2.47.1
2025-01-09T19:08:19.6808344Z Temporarily overriding HOME='/home/runner/work/_temp/0007a587-164d-439f-96c2-b6921f3652fa' before making global git config changes
2025-01-09T19:08:19.6809637Z Adding repository directory to the temporary git global config as a safe directory
2025-01-09T19:08:19.6814683Z [command]/usr/bin/git config --global --add safe.directory /home/runner/work/tardis/tardis/tardis-regression-data
2025-01-09T19:08:19.6850018Z [command]/usr/bin/git config --local --name-only --get-regexp core\.sshCommand
2025-01-09T19:08:19.6883372Z [command]/usr/bin/git submodule foreach --recursive sh -c "git config --local --name-only --get-regexp 'core\.sshCommand' && git config --local --unset-all 'core.sshCommand' || :"
2025-01-09T19:08:19.7112668Z [command]/usr/bin/git config --local --name-only --get-regexp http\.https\:\/\/github\.com\/\.extraheader
2025-01-09T19:08:19.7136978Z http.https://github.com/.extraheader
2025-01-09T19:08:19.7150947Z [command]/usr/bin/git config --local --unset-all http.https://github.com/.extraheader
2025-01-09T19:08:19.7186415Z [command]/usr/bin/git submodule foreach --recursive sh -c "git config --local --name-only --get-regexp 'http\.https\:\/\/github\.com\/\.extraheader' && git config --local --unset-all 'http.https://github.com/.extraheader' || :"
2025-01-09T19:08:19.7530847Z Post job cleanup.
2025-01-09T19:08:19.8560604Z [command]/usr/bin/git version
2025-01-09T19:08:19.8597077Z git version 2.47.1
2025-01-09T19:08:19.8641097Z Temporarily overriding HOME='/home/runner/work/_temp/90ae8cbd-363a-481a-87be-abed5c2aa0d1' before making global git config changes
2025-01-09T19:08:19.8642436Z Adding repository directory to the temporary git global config as a safe directory
2025-01-09T19:08:19.8654951Z [command]/usr/bin/git config --global --add safe.directory /home/runner/work/tardis/tardis
2025-01-09T19:08:19.8690293Z [command]/usr/bin/git config --local --name-only --get-regexp core\.sshCommand
2025-01-09T19:08:19.8722988Z [command]/usr/bin/git submodule foreach --recursive sh -c "git config --local --name-only --get-regexp 'core\.sshCommand' && git config --local --unset-all 'core.sshCommand' || :"
2025-01-09T19:08:19.8956417Z [command]/usr/bin/git config --local --name-only --get-regexp http\.https\:\/\/github\.com\/\.extraheader
2025-01-09T19:08:19.8976464Z http.https://github.com/.extraheader
2025-01-09T19:08:19.8988485Z [command]/usr/bin/git config --local --unset-all http.https://github.com/.extraheader
2025-01-09T19:08:19.9018359Z [command]/usr/bin/git submodule foreach --recursive sh -c "git config --local --name-only --get-regexp 'http\.https\:\/\/github\.com\/\.extraheader' && git config --local --unset-all 'http.https://github.com/.extraheader' || :"
2025-01-09T19:08:19.9343042Z Cleaning up orphan processes
