2025-02-11T05:58:42.5254727Z Requested labels: ubuntu-latest
2025-02-11T05:58:42.5255084Z Job defined at: tardis-sn/tardis/.github/workflows/tests.yml@refs/pull/2964/merge
2025-02-11T05:58:42.5255189Z Waiting for a runner to pick up this job...
2025-02-11T05:58:42.7436597Z Job is waiting for a hosted runner to come online.
2025-02-11T05:58:45.8439919Z Job is about to start running on the hosted runner: GitHub Actions 50 (hosted)
2025-02-11T05:58:47.2172140Z Current runner version: '2.322.0'
2025-02-11T05:58:47.2196895Z ##[group]Operating System
2025-02-11T05:58:47.2197767Z Ubuntu
2025-02-11T05:58:47.2198525Z 24.04.1
2025-02-11T05:58:47.2199015Z LTS
2025-02-11T05:58:47.2199599Z ##[endgroup]
2025-02-11T05:58:47.2200128Z ##[group]Runner Image
2025-02-11T05:58:47.2200729Z Image: ubuntu-24.04
2025-02-11T05:58:47.2201308Z Version: 20250202.1.0
2025-02-11T05:58:47.2202327Z Included Software: https://github.com/actions/runner-images/blob/ubuntu24/20250202.1/images/ubuntu/Ubuntu2404-Readme.md
2025-02-11T05:58:47.2203722Z Image Release: https://github.com/actions/runner-images/releases/tag/ubuntu24%2F20250202.1
2025-02-11T05:58:47.2204636Z ##[endgroup]
2025-02-11T05:58:47.2205174Z ##[group]Runner Image Provisioner
2025-02-11T05:58:47.2205810Z 2.0.422.1
2025-02-11T05:58:47.2206253Z ##[endgroup]
2025-02-11T05:58:47.2208670Z ##[group]GITHUB_TOKEN Permissions
2025-02-11T05:58:47.2210806Z Actions: read
2025-02-11T05:58:47.2211610Z Attestations: read
2025-02-11T05:58:47.2212238Z Checks: read
2025-02-11T05:58:47.2212711Z Contents: read
2025-02-11T05:58:47.2213305Z Deployments: read
2025-02-11T05:58:47.2213825Z Discussions: read
2025-02-11T05:58:47.2214282Z Issues: read
2025-02-11T05:58:47.2214842Z Metadata: read
2025-02-11T05:58:47.2215343Z Packages: read
2025-02-11T05:58:47.2215883Z Pages: read
2025-02-11T05:58:47.2216389Z PullRequests: read
2025-02-11T05:58:47.2216887Z RepositoryProjects: read
2025-02-11T05:58:47.2217495Z SecurityEvents: read
2025-02-11T05:58:47.2218280Z Statuses: read
2025-02-11T05:58:47.2218812Z ##[endgroup]
2025-02-11T05:58:47.2221983Z Secret source: None
2025-02-11T05:58:47.2222682Z Prepare workflow directory
2025-02-11T05:58:47.2831592Z Prepare all required actions
2025-02-11T05:58:47.2867546Z Getting action download info
2025-02-11T05:58:47.4515767Z ##[group]Download immutable action package 'actions/checkout@v4'
2025-02-11T05:58:47.4516696Z Version: 4.2.2
2025-02-11T05:58:47.4517589Z Digest: sha256:ccb2698953eaebd21c7bf6268a94f9c26518a7e38e27e0b83c1fe1ad049819b1
2025-02-11T05:58:47.4518953Z Source commit SHA: 11bd71901bbe5b1630ceea73d27597364c9af683
2025-02-11T05:58:47.4519635Z ##[endgroup]
2025-02-11T05:58:47.5552985Z ##[group]Download immutable action package 'actions/upload-artifact@v4'
2025-02-11T05:58:47.5553780Z Version: 4.6.0
2025-02-11T05:58:47.5554474Z Digest: sha256:bf85474c8423f9cd48bd2caf3ce5adb1711e2dfdb055b040bd36b044e4290329
2025-02-11T05:58:47.5555386Z Source commit SHA: 65c4c4a1ddee5b72f698fdd19549f0f0fb45cf08
2025-02-11T05:58:47.5556028Z ##[endgroup]
2025-02-11T05:58:47.7357341Z Complete job name: not continuum ubuntu-latest 
2025-02-11T05:58:47.8104626Z ##[group]Run actions/checkout@v4
2025-02-11T05:58:47.8105543Z with:
2025-02-11T05:58:47.8106017Z   repository: tardis-sn/tardis
2025-02-11T05:58:47.8106784Z   token: ***
2025-02-11T05:58:47.8107219Z   ssh-strict: true
2025-02-11T05:58:47.8107655Z   ssh-user: git
2025-02-11T05:58:47.8108334Z   persist-credentials: true
2025-02-11T05:58:47.8108849Z   clean: true
2025-02-11T05:58:47.8109302Z   sparse-checkout-cone-mode: true
2025-02-11T05:58:47.8109864Z   fetch-depth: 1
2025-02-11T05:58:47.8110300Z   fetch-tags: false
2025-02-11T05:58:47.8110730Z   show-progress: true
2025-02-11T05:58:47.8111182Z   lfs: false
2025-02-11T05:58:47.8111589Z   submodules: false
2025-02-11T05:58:47.8112039Z   set-safe-directory: true
2025-02-11T05:58:47.8112803Z env:
2025-02-11T05:58:47.8113207Z   CACHE_NUMBER: 0
2025-02-11T05:58:47.8114436Z   PYTEST_FLAGS: --tardis-regression-data=/home/runner/work/tardis/tardis/tardis-regression-data --cov=tardis --cov-report=xml --cov-report=html --cov-append
2025-02-11T05:58:47.8115918Z   CODECOV_TOKEN: 
2025-02-11T05:58:47.8116670Z ##[endgroup]
2025-02-11T05:58:48.0656353Z Syncing repository: tardis-sn/tardis
2025-02-11T05:58:48.0658895Z ##[group]Getting Git version info
2025-02-11T05:58:48.0659640Z Working directory is '/home/runner/work/tardis/tardis'
2025-02-11T05:58:48.0660627Z [command]/usr/bin/git version
2025-02-11T05:58:48.0758785Z git version 2.48.1
2025-02-11T05:58:48.0787841Z ##[endgroup]
2025-02-11T05:58:48.0803270Z Temporarily overriding HOME='/home/runner/work/_temp/39b57741-f01d-4173-a3c3-db06a442382c' before making global git config changes
2025-02-11T05:58:48.0805722Z Adding repository directory to the temporary git global config as a safe directory
2025-02-11T05:58:48.0809914Z [command]/usr/bin/git config --global --add safe.directory /home/runner/work/tardis/tardis
2025-02-11T05:58:48.0852218Z Deleting the contents of '/home/runner/work/tardis/tardis'
2025-02-11T05:58:48.0856410Z ##[group]Initializing the repository
2025-02-11T05:58:48.0861216Z [command]/usr/bin/git init /home/runner/work/tardis/tardis
2025-02-11T05:58:48.0940809Z hint: Using 'master' as the name for the initial branch. This default branch name
2025-02-11T05:58:48.0942197Z hint: is subject to change. To configure the initial branch name to use in all
2025-02-11T05:58:48.0943175Z hint: of your new repositories, which will suppress this warning, call:
2025-02-11T05:58:48.0943907Z hint:
2025-02-11T05:58:48.0944480Z hint: 	git config --global init.defaultBranch <name>
2025-02-11T05:58:48.0945119Z hint:
2025-02-11T05:58:48.0945738Z hint: Names commonly chosen instead of 'master' are 'main', 'trunk' and
2025-02-11T05:58:48.0946687Z hint: 'development'. The just-created branch can be renamed via this command:
2025-02-11T05:58:48.0947443Z hint:
2025-02-11T05:58:48.0947890Z hint: 	git branch -m <name>
2025-02-11T05:58:48.0950126Z Initialized empty Git repository in /home/runner/work/tardis/tardis/.git/
2025-02-11T05:58:48.0962055Z [command]/usr/bin/git remote add origin https://github.com/tardis-sn/tardis
2025-02-11T05:58:48.0996269Z ##[endgroup]
2025-02-11T05:58:48.0997687Z ##[group]Disabling automatic garbage collection
2025-02-11T05:58:48.1001181Z [command]/usr/bin/git config --local gc.auto 0
2025-02-11T05:58:48.1030018Z ##[endgroup]
2025-02-11T05:58:48.1031408Z ##[group]Setting up auth
2025-02-11T05:58:48.1037421Z [command]/usr/bin/git config --local --name-only --get-regexp core\.sshCommand
2025-02-11T05:58:48.1067756Z [command]/usr/bin/git submodule foreach --recursive sh -c "git config --local --name-only --get-regexp 'core\.sshCommand' && git config --local --unset-all 'core.sshCommand' || :"
2025-02-11T05:58:48.1413991Z [command]/usr/bin/git config --local --name-only --get-regexp http\.https\:\/\/github\.com\/\.extraheader
2025-02-11T05:58:48.1446252Z [command]/usr/bin/git submodule foreach --recursive sh -c "git config --local --name-only --get-regexp 'http\.https\:\/\/github\.com\/\.extraheader' && git config --local --unset-all 'http.https://github.com/.extraheader' || :"
2025-02-11T05:58:48.1672664Z [command]/usr/bin/git config --local http.https://github.com/.extraheader AUTHORIZATION: basic ***
2025-02-11T05:58:48.1709202Z ##[endgroup]
2025-02-11T05:58:48.1710631Z ##[group]Fetching the repository
2025-02-11T05:58:48.1719311Z [command]/usr/bin/git -c protocol.version=2 fetch --no-tags --prune --no-recurse-submodules --depth=1 origin +ffd9ececccd3cc412b06adc53dbfc15a5bd79043:refs/remotes/pull/2964/merge
2025-02-11T05:58:49.5718661Z From https://github.com/tardis-sn/tardis
2025-02-11T05:58:49.5720265Z  * [new ref]         ffd9ececccd3cc412b06adc53dbfc15a5bd79043 -> pull/2964/merge
2025-02-11T05:58:49.5746323Z ##[endgroup]
2025-02-11T05:58:49.5747632Z ##[group]Determining the checkout info
2025-02-11T05:58:49.5749127Z ##[endgroup]
2025-02-11T05:58:49.5753271Z [command]/usr/bin/git sparse-checkout disable
2025-02-11T05:58:49.5793078Z [command]/usr/bin/git config --local --unset-all extensions.worktreeConfig
2025-02-11T05:58:49.5820084Z ##[group]Checking out the ref
2025-02-11T05:58:49.5823618Z [command]/usr/bin/git checkout --progress --force refs/remotes/pull/2964/merge
2025-02-11T05:58:49.7858429Z Note: switching to 'refs/remotes/pull/2964/merge'.
2025-02-11T05:58:49.7859661Z 
2025-02-11T05:58:49.7860626Z You are in 'detached HEAD' state. You can look around, make experimental
2025-02-11T05:58:49.7863133Z changes and commit them, and you can discard any commits you make in this
2025-02-11T05:58:49.7865683Z state without impacting any branches by switching back to a branch.
2025-02-11T05:58:49.7867769Z 
2025-02-11T05:58:49.7868998Z If you want to create a new branch to retain commits you create, you may
2025-02-11T05:58:49.7871334Z do so (now or later) by using -c with the switch command. Example:
2025-02-11T05:58:49.7872675Z 
2025-02-11T05:58:49.7873247Z   git switch -c <new-branch-name>
2025-02-11T05:58:49.7874225Z 
2025-02-11T05:58:49.7874780Z Or undo this operation with:
2025-02-11T05:58:49.7875715Z 
2025-02-11T05:58:49.7876204Z   git switch -
2025-02-11T05:58:49.7876904Z 
2025-02-11T05:58:49.7878357Z Turn off this advice by setting config variable advice.detachedHead to false
2025-02-11T05:58:49.7880259Z 
2025-02-11T05:58:49.7881900Z HEAD is now at ffd9ece Merge 25fdcbe00822c22df0ef4887bc99714d3a641b7a into 13c9a314d4165ff320d000df7d67b5c5f91a69dd
2025-02-11T05:58:49.7886875Z ##[endgroup]
2025-02-11T05:58:49.7924716Z [command]/usr/bin/git log -1 --format=%H
2025-02-11T05:58:49.7947398Z ffd9ececccd3cc412b06adc53dbfc15a5bd79043
2025-02-11T05:58:49.8331493Z Prepare all required actions
2025-02-11T05:58:49.8332868Z Getting action download info
2025-02-11T05:58:49.9792641Z ##[group]Download immutable action package 'actions/cache@v4'
2025-02-11T05:58:49.9794130Z Version: 4.2.0
2025-02-11T05:58:49.9795611Z Digest: sha256:5bc11090595acbf82dbfb02747bf0bfd91544e869357fd3ac0eb41f509632110
2025-02-11T05:58:49.9797584Z Source commit SHA: 1bd1e32a3bdc45362d1e726936510720a7c30a57
2025-02-11T05:58:49.9799101Z ##[endgroup]
2025-02-11T05:58:50.1239827Z ##[group]Run ./.github/actions/setup_lfs
2025-02-11T05:58:50.1240948Z with:
2025-02-11T05:58:50.1241965Z   regression-data-repo: tardis-sn/tardis-regression-data
2025-02-11T05:58:50.1243271Z   atom-data-sparse: false
2025-02-11T05:58:50.1244243Z env:
2025-02-11T05:58:50.1244994Z   CACHE_NUMBER: 0
2025-02-11T05:58:50.1247341Z   PYTEST_FLAGS: --tardis-regression-data=/home/runner/work/tardis/tardis/tardis-regression-data --cov=tardis --cov-report=xml --cov-report=html --cov-append
2025-02-11T05:58:50.1250181Z   CODECOV_TOKEN: 
2025-02-11T05:58:50.1251014Z ##[endgroup]
2025-02-11T05:58:50.1463757Z ##[group]Run actions/checkout@v4
2025-02-11T05:58:50.1464784Z with:
2025-02-11T05:58:50.1465675Z   repository: tardis-sn/tardis-regression-data
2025-02-11T05:58:50.1466899Z   path: tardis-regression-data
2025-02-11T05:58:50.1467873Z   lfs: false
2025-02-11T05:58:50.1469073Z   token: ***
2025-02-11T05:58:50.1469876Z   ssh-strict: true
2025-02-11T05:58:50.1470712Z   ssh-user: git
2025-02-11T05:58:50.1471563Z   persist-credentials: true
2025-02-11T05:58:50.1472519Z   clean: true
2025-02-11T05:58:50.1473383Z   sparse-checkout-cone-mode: true
2025-02-11T05:58:50.1474443Z   fetch-depth: 1
2025-02-11T05:58:50.1475280Z   fetch-tags: false
2025-02-11T05:58:50.1476139Z   show-progress: true
2025-02-11T05:58:50.1477027Z   submodules: false
2025-02-11T05:58:50.1477901Z   set-safe-directory: true
2025-02-11T05:58:50.1478932Z env:
2025-02-11T05:58:50.1479672Z   CACHE_NUMBER: 0
2025-02-11T05:58:50.1482106Z   PYTEST_FLAGS: --tardis-regression-data=/home/runner/work/tardis/tardis/tardis-regression-data --cov=tardis --cov-report=xml --cov-report=html --cov-append
2025-02-11T05:58:50.1484823Z   CODECOV_TOKEN: 
2025-02-11T05:58:50.1485653Z ##[endgroup]
2025-02-11T05:58:50.2432176Z Syncing repository: tardis-sn/tardis-regression-data
2025-02-11T05:58:50.2439455Z ##[group]Getting Git version info
2025-02-11T05:58:50.2442236Z Working directory is '/home/runner/work/tardis/tardis/tardis-regression-data'
2025-02-11T05:58:50.2488839Z [command]/usr/bin/git version
2025-02-11T05:58:50.2524854Z git version 2.48.1
2025-02-11T05:58:50.2552195Z ##[endgroup]
2025-02-11T05:58:50.2566558Z Temporarily overriding HOME='/home/runner/work/_temp/5282b2d2-128d-432e-afff-4aa7e8ae7aa0' before making global git config changes
2025-02-11T05:58:50.2571679Z Adding repository directory to the temporary git global config as a safe directory
2025-02-11T05:58:50.2576154Z [command]/usr/bin/git config --global --add safe.directory /home/runner/work/tardis/tardis/tardis-regression-data
2025-02-11T05:58:50.2603992Z ##[group]Initializing the repository
2025-02-11T05:58:50.2610335Z [command]/usr/bin/git init /home/runner/work/tardis/tardis/tardis-regression-data
2025-02-11T05:58:50.2646157Z hint: Using 'master' as the name for the initial branch. This default branch name
2025-02-11T05:58:50.2648951Z hint: is subject to change. To configure the initial branch name to use in all
2025-02-11T05:58:50.2650785Z hint: of your new repositories, which will suppress this warning, call:
2025-02-11T05:58:50.2652135Z hint:
2025-02-11T05:58:50.2653450Z hint: 	git config --global init.defaultBranch <name>
2025-02-11T05:58:50.2654871Z hint:
2025-02-11T05:58:50.2655998Z hint: Names commonly chosen instead of 'master' are 'main', 'trunk' and
2025-02-11T05:58:50.2658647Z hint: 'development'. The just-created branch can be renamed via this command:
2025-02-11T05:58:50.2660132Z hint:
2025-02-11T05:58:50.2660927Z hint: 	git branch -m <name>
2025-02-11T05:58:50.2662855Z Initialized empty Git repository in /home/runner/work/tardis/tardis/tardis-regression-data/.git/
2025-02-11T05:58:50.2666421Z [command]/usr/bin/git remote add origin https://github.com/tardis-sn/tardis-regression-data
2025-02-11T05:58:50.2695474Z ##[endgroup]
2025-02-11T05:58:50.2698175Z ##[group]Disabling automatic garbage collection
2025-02-11T05:58:50.2700491Z [command]/usr/bin/git config --local gc.auto 0
2025-02-11T05:58:50.2730389Z ##[endgroup]
2025-02-11T05:58:50.2732773Z ##[group]Setting up auth
2025-02-11T05:58:50.2737294Z [command]/usr/bin/git config --local --name-only --get-regexp core\.sshCommand
2025-02-11T05:58:50.2769612Z [command]/usr/bin/git submodule foreach --recursive sh -c "git config --local --name-only --get-regexp 'core\.sshCommand' && git config --local --unset-all 'core.sshCommand' || :"
2025-02-11T05:58:50.2994779Z [command]/usr/bin/git config --local --name-only --get-regexp http\.https\:\/\/github\.com\/\.extraheader
2025-02-11T05:58:50.3025346Z [command]/usr/bin/git submodule foreach --recursive sh -c "git config --local --name-only --get-regexp 'http\.https\:\/\/github\.com\/\.extraheader' && git config --local --unset-all 'http.https://github.com/.extraheader' || :"
2025-02-11T05:58:50.3265250Z [command]/usr/bin/git config --local http.https://github.com/.extraheader AUTHORIZATION: basic ***
2025-02-11T05:58:50.3301560Z ##[endgroup]
2025-02-11T05:58:50.3303020Z ##[group]Determining the default branch
2025-02-11T05:58:50.3304705Z Retrieving the default branch name
2025-02-11T05:58:50.5516115Z Default branch 'main'
2025-02-11T05:58:50.5519010Z ##[endgroup]
2025-02-11T05:58:50.5521322Z ##[group]Fetching the repository
2025-02-11T05:58:50.5525633Z [command]/usr/bin/git -c protocol.version=2 fetch --no-tags --prune --no-recurse-submodules --depth=1 origin +refs/heads/main:refs/remotes/origin/main
2025-02-11T05:58:50.8365273Z From https://github.com/tardis-sn/tardis-regression-data
2025-02-11T05:58:50.8366945Z  * [new branch]      main       -> origin/main
2025-02-11T05:58:50.8390754Z ##[endgroup]
2025-02-11T05:58:50.8391165Z ##[group]Determining the checkout info
2025-02-11T05:58:50.8392813Z ##[endgroup]
2025-02-11T05:58:50.8397789Z [command]/usr/bin/git sparse-checkout disable
2025-02-11T05:58:50.8434472Z [command]/usr/bin/git config --local --unset-all extensions.worktreeConfig
2025-02-11T05:58:50.8462161Z ##[group]Checking out the ref
2025-02-11T05:58:50.8466945Z [command]/usr/bin/git checkout --progress --force -B main refs/remotes/origin/main
2025-02-11T05:58:50.9834176Z Switched to a new branch 'main'
2025-02-11T05:58:50.9835408Z branch 'main' set up to track 'origin/main'.
2025-02-11T05:58:51.0102208Z ##[endgroup]
2025-02-11T05:58:51.0140385Z [command]/usr/bin/git log -1 --format=%H
2025-02-11T05:58:51.0163975Z fa7729bc9c30e14b69acd641af8b692b56fcd416
2025-02-11T05:58:51.0295241Z ##[group]Run if [ "false" == "true" ]; then
2025-02-11T05:58:51.0295814Z [36;1mif [ "false" == "true" ]; then[0m
2025-02-11T05:58:51.0296324Z [36;1m  echo "Using atom data sparse checkout"[0m
2025-02-11T05:58:51.0296979Z [36;1m  echo "atom_data/kurucz_cd23_chianti_H_He.h5" > .lfs-files-list[0m
2025-02-11T05:58:51.0297331Z [36;1melse[0m
2025-02-11T05:58:51.0297556Z [36;1m  echo "Using full repository checkout"[0m
2025-02-11T05:58:51.0298068Z [36;1m  git lfs ls-files -l | cut -d' ' -f1 | sort > .lfs-files-list[0m
2025-02-11T05:58:51.0298404Z [36;1mfi[0m
2025-02-11T05:58:51.0330438Z shell: /usr/bin/bash --noprofile --norc -e -o pipefail {0}
2025-02-11T05:58:51.0330785Z env:
2025-02-11T05:58:51.0330971Z   CACHE_NUMBER: 0
2025-02-11T05:58:51.0331608Z   PYTEST_FLAGS: --tardis-regression-data=/home/runner/work/tardis/tardis/tardis-regression-data --cov=tardis --cov-report=xml --cov-report=html --cov-append
2025-02-11T05:58:51.0332257Z   CODECOV_TOKEN: 
2025-02-11T05:58:51.0332450Z ##[endgroup]
2025-02-11T05:58:51.0399821Z Using full repository checkout
2025-02-11T05:58:51.1826737Z ##[group]Run actions/cache/restore@v4
2025-02-11T05:58:51.1827007Z with:
2025-02-11T05:58:51.1827223Z   path: tardis-regression-data/.git/lfs
2025-02-11T05:58:51.1828347Z   key: tardis-regression-full-data-21f9fa4b6817cc69b9fae3598144724da7828e276a73bd17f47a2a49d9af090a-tardis-sn/tardis-regression-data-v1
2025-02-11T05:58:51.1829061Z   fail-on-cache-miss: true
2025-02-11T05:58:51.1829318Z   enableCrossOsArchive: false
2025-02-11T05:58:51.1829560Z   lookup-only: false
2025-02-11T05:58:51.1829763Z env:
2025-02-11T05:58:51.1829935Z   CACHE_NUMBER: 0
2025-02-11T05:58:51.1830580Z   PYTEST_FLAGS: --tardis-regression-data=/home/runner/work/tardis/tardis/tardis-regression-data --cov=tardis --cov-report=xml --cov-report=html --cov-append
2025-02-11T05:58:51.1831269Z   CODECOV_TOKEN: 
2025-02-11T05:58:51.1831464Z ##[endgroup]
2025-02-11T05:58:51.3892724Z Cache hit for: tardis-regression-full-data-21f9fa4b6817cc69b9fae3598144724da7828e276a73bd17f47a2a49d9af090a-tardis-sn/tardis-regression-data-v1
2025-02-11T05:58:52.4486596Z Received 201326592 of 1707217599 (11.8%), 191.6 MBs/sec
2025-02-11T05:58:53.4530185Z Received 390070272 of 1707217599 (22.8%), 185.8 MBs/sec
2025-02-11T05:58:54.4463848Z Received 566231040 of 1707217599 (33.2%), 179.9 MBs/sec
2025-02-11T05:58:55.4470287Z Received 767557632 of 1707217599 (45.0%), 182.9 MBs/sec
2025-02-11T05:58:56.4464883Z Received 939524096 of 1707217599 (55.0%), 179.1 MBs/sec
2025-02-11T05:58:57.4476330Z Received 1145044992 of 1707217599 (67.1%), 181.9 MBs/sec
2025-02-11T05:58:58.5369036Z Received 1342177280 of 1707217599 (78.6%), 180.5 MBs/sec
2025-02-11T05:58:59.5364608Z Received 1560281088 of 1707217599 (91.4%), 183.9 MBs/sec
2025-02-11T05:59:00.3709029Z Received 1707217599 of 1707217599 (100.0%), 182.4 MBs/sec
2025-02-11T05:59:00.3715999Z Cache Size: ~1628 MB (1707217599 B)
2025-02-11T05:59:00.3756382Z [command]/usr/bin/tar -xf /home/runner/work/_temp/a69e618c-a379-4945-8150-439a799efb87/cache.tzst -P -C /home/runner/work/tardis/tardis --use-compress-program unzstd
2025-02-11T05:59:06.9534101Z Cache restored successfully
2025-02-11T05:59:07.2473594Z Cache restored from key: tardis-regression-full-data-21f9fa4b6817cc69b9fae3598144724da7828e276a73bd17f47a2a49d9af090a-tardis-sn/tardis-regression-data-v1
2025-02-11T05:59:07.2636114Z ##[group]Run git lfs checkout
2025-02-11T05:59:07.2636550Z [36;1mgit lfs checkout[0m
2025-02-11T05:59:07.2672332Z shell: /usr/bin/bash --noprofile --norc -e -o pipefail {0}
2025-02-11T05:59:07.2672858Z env:
2025-02-11T05:59:07.2673139Z   CACHE_NUMBER: 0
2025-02-11T05:59:07.2674173Z   PYTEST_FLAGS: --tardis-regression-data=/home/runner/work/tardis/tardis/tardis-regression-data --cov=tardis --cov-report=xml --cov-report=html --cov-append
2025-02-11T05:59:07.2675336Z   CODECOV_TOKEN: 
2025-02-11T05:59:07.2675650Z ##[endgroup]
2025-02-11T05:59:20.7877912Z Checking out LFS objects: 100% (204/204), 3.5 GB | 257 MB/s, done.
2025-02-11T05:59:22.4446783Z Prepare all required actions
2025-02-11T05:59:22.4447114Z Getting action download info
2025-02-11T05:59:22.5494341Z Download action repository 'mamba-org/setup-micromamba@v1' (SHA:4b9113af4fba0e9e1124b252dd6497a419e7396d)
2025-02-11T05:59:22.8304470Z ##[group]Run ./.github/actions/setup_env
2025-02-11T05:59:22.8304935Z with:
2025-02-11T05:59:22.8305127Z   os-label: linux-64
2025-02-11T05:59:22.8305335Z env:
2025-02-11T05:59:22.8305507Z   CACHE_NUMBER: 0
2025-02-11T05:59:22.8306117Z   PYTEST_FLAGS: --tardis-regression-data=/home/runner/work/tardis/tardis/tardis-regression-data --cov=tardis --cov-report=xml --cov-report=html --cov-append
2025-02-11T05:59:22.8306753Z   CODECOV_TOKEN: 
2025-02-11T05:59:22.8306944Z ##[endgroup]
2025-02-11T05:59:22.8326954Z ##[group]Run file_hash=$(cat conda-linux-64.lock | shasum -a 256 | cut -d' ' -f1)
2025-02-11T05:59:22.8327456Z [36;1mfile_hash=$(cat conda-linux-64.lock | shasum -a 256 | cut -d' ' -f1)[0m
2025-02-11T05:59:22.8328163Z [36;1mecho "file_hash=tardis-conda-env-linux-64-${file_hash}-v1" >> "${GITHUB_OUTPUT}"[0m
2025-02-11T05:59:22.8354262Z shell: /usr/bin/bash --noprofile --norc -e -o pipefail {0}
2025-02-11T05:59:22.8354578Z env:
2025-02-11T05:59:22.8354759Z   CACHE_NUMBER: 0
2025-02-11T05:59:22.8355366Z   PYTEST_FLAGS: --tardis-regression-data=/home/runner/work/tardis/tardis/tardis-regression-data --cov=tardis --cov-report=xml --cov-report=html --cov-append
2025-02-11T05:59:22.8356004Z   CODECOV_TOKEN: 
2025-02-11T05:59:22.8356196Z ##[endgroup]
2025-02-11T05:59:22.8655140Z ##[group]Run mamba-org/setup-micromamba@v1
2025-02-11T05:59:22.8655407Z with:
2025-02-11T05:59:22.8655604Z   environment-file: conda-linux-64.lock
2025-02-11T05:59:22.8656169Z   cache-environment-key: tardis-conda-env-linux-64-d7cd390425b0fd3cf82649dcc003efba9915fb4928f15d342148c3ccffcbe2ee-v1
2025-02-11T05:59:22.8657019Z   cache-downloads-key: tardis-conda-env-linux-64-d7cd390425b0fd3cf82649dcc003efba9915fb4928f15d342148c3ccffcbe2ee-v1
2025-02-11T05:59:22.8657567Z   environment-name: tardis
2025-02-11T05:59:22.8657804Z   cache-environment: true
2025-02-11T05:59:22.8658374Z   cache-downloads: true
2025-02-11T05:59:22.8658587Z env:
2025-02-11T05:59:22.8658760Z   CACHE_NUMBER: 0
2025-02-11T05:59:22.8659365Z   PYTEST_FLAGS: --tardis-regression-data=/home/runner/work/tardis/tardis/tardis-regression-data --cov=tardis --cov-report=xml --cov-report=html --cov-append
2025-02-11T05:59:22.8660009Z   CODECOV_TOKEN: 
2025-02-11T05:59:22.8660201Z ##[endgroup]
2025-02-11T05:59:23.0059938Z Will download micromamba to /home/runner/micromamba-bin/micromamba
2025-02-11T05:59:23.0070308Z ##[group]Install micromamba
2025-02-11T05:59:23.3031040Z micromamba installed to /home/runner/micromamba-bin/micromamba
2025-02-11T05:59:23.3031989Z ##[endgroup]
2025-02-11T05:59:23.3032619Z Adding conda-forge to condarc channels ...
2025-02-11T05:59:23.3043294Z ##[group]Initialize micromamba for bash.
2025-02-11T05:59:23.3061317Z [command]/home/runner/micromamba-bin/micromamba shell init -s bash -r /home/runner/micromamba --log-level warning --rc-file /home/runner/work/_temp/setup-micromamba/.condarc
2025-02-11T05:59:23.3173586Z Modifying RC file "/home/runner/.bashrc"
2025-02-11T05:59:23.3175238Z Generating config for root prefix [1m"/home/runner/micromamba"[0m
2025-02-11T05:59:23.3177317Z Setting mamba executable to: [1m"/home/runner/micromamba-bin/micromamba"[0m
2025-02-11T05:59:23.3178393Z Adding (or replacing) the following in your "/home/runner/.bashrc" file
2025-02-11T05:59:23.3178892Z 
2025-02-11T05:59:23.3179045Z # >>> mamba initialize >>>
2025-02-11T05:59:23.3179560Z # !! Contents within this block are managed by 'mamba init' !!
2025-02-11T05:59:23.3180263Z export MAMBA_EXE='/home/runner/micromamba-bin/micromamba';
2025-02-11T05:59:23.3180916Z export MAMBA_ROOT_PREFIX='/home/runner/micromamba';
2025-02-11T05:59:23.3181789Z __mamba_setup="$("$MAMBA_EXE" shell hook --shell bash --root-prefix "$MAMBA_ROOT_PREFIX" 2> /dev/null)"
2025-02-11T05:59:23.3182568Z if [ $? -eq 0 ]; then
2025-02-11T05:59:23.3183311Z     eval "$__mamba_setup"
2025-02-11T05:59:23.3183693Z else
2025-02-11T05:59:23.3184173Z     alias micromamba="$MAMBA_EXE"  # Fallback on help from mamba activate
2025-02-11T05:59:23.3184793Z fi
2025-02-11T05:59:23.3185089Z unset __mamba_setup
2025-02-11T05:59:23.3185439Z # <<< mamba initialize <<<
2025-02-11T05:59:23.3185934Z 
2025-02-11T05:59:23.3192071Z Moving mamba initialize block to .bash_profile
2025-02-11T05:59:23.3204144Z ##[endgroup]
2025-02-11T05:59:23.3207277Z ##[group]Restoring downloads from `/home/runner/micromamba/pkgs` ...
2025-02-11T05:59:24.4265064Z Received 297795584 of 356815776 (83.5%), 284.0 MBs/sec
2025-02-11T05:59:24.6134751Z Cache Size: ~340 MB (356815776 B)
2025-02-11T05:59:24.6173906Z [command]/usr/bin/tar -xf /home/runner/work/_temp/fc39b84e-5b3a-464b-8cbd-de2362f4e185/cache.tzst -P -C /home/runner/work/tardis/tardis --use-compress-program unzstd
2025-02-11T05:59:25.0757512Z Cache restored successfully
2025-02-11T05:59:25.1528378Z Restored cache with key `tardis-conda-env-linux-64-d7cd390425b0fd3cf82649dcc003efba9915fb4928f15d342148c3ccffcbe2ee-v1-linux-64`
2025-02-11T05:59:25.1530134Z ##[endgroup]
2025-02-11T05:59:25.1540548Z ##[group]Restoring environment `tardis` from `/home/runner/micromamba/envs/tardis` ...
2025-02-11T05:59:25.4272952Z Received 356815776 of 356815776 (100.0%), 170.1 MBs/sec
2025-02-11T05:59:26.2324066Z Received 318767104 of 444032293 (71.8%), 303.1 MBs/sec
2025-02-11T05:59:26.6876946Z Cache Size: ~423 MB (444032293 B)
2025-02-11T05:59:26.6915454Z [command]/usr/bin/tar -xf /home/runner/work/_temp/74771591-0bab-425f-81ba-2294a67a9c60/cache.tzst -P -C /home/runner/work/tardis/tardis --use-compress-program unzstd
2025-02-11T05:59:27.2339862Z Received 444032293 of 444032293 (100.0%), 211.3 MBs/sec
2025-02-11T05:59:31.6985354Z Cache restored successfully
2025-02-11T05:59:31.7842445Z Restored cache with key `tardis-conda-env-linux-64-d7cd390425b0fd3cf82649dcc003efba9915fb4928f15d342148c3ccffcbe2ee-v1-linux-64-tardis-args-4f53cda-root-dcc80ee-bin-[object Promise]-file-d7cd390425b0fd3cf82649dcc003efba9915fb4928f15d342148c3ccffcbe2ee`
2025-02-11T05:59:31.7845180Z ##[endgroup]
2025-02-11T05:59:31.7845621Z Adding environment tardis to auto-activate bash ...
2025-02-11T05:59:31.7852801Z Generating micromamba run shell.
2025-02-11T05:59:31.7863616Z ##[endgroup]
2025-02-11T05:59:31.7868871Z Set environment variables.
2025-02-11T05:59:31.7873220Z ##[group]micromamba info
2025-02-11T05:59:31.7876828Z [command]/home/runner/micromamba-bin/micromamba info -r /home/runner/micromamba -n tardis
2025-02-11T05:59:31.8116358Z 
2025-02-11T05:59:31.8117049Z        libmamba version : 1.5.10
2025-02-11T05:59:31.8117757Z      micromamba version : 1.5.10
2025-02-11T05:59:31.8118582Z            curl version : libcurl/8.10.1 OpenSSL/3.3.2 zlib/1.3.1 zstd/1.5.6 libssh2/1.11.0 nghttp2/1.58.0
2025-02-11T05:59:31.8119391Z      libarchive version : libarchive 3.7.4 zlib/1.2.13 bz2lib/1.0.8 libzstd/1.5.6
2025-02-11T05:59:31.8119924Z        envs directories : /home/runner/micromamba/envs
2025-02-11T05:59:31.8120400Z           package cache : /home/runner/micromamba/pkgs
2025-02-11T05:59:31.8120892Z                           /home/runner/.mamba/pkgs
2025-02-11T05:59:31.8121292Z             environment : tardis
2025-02-11T05:59:31.8121726Z            env location : /home/runner/micromamba/envs/tardis
2025-02-11T05:59:31.8122188Z       user config files : /home/runner/.mambarc
2025-02-11T05:59:31.8122702Z  populated config files : /home/runner/work/_temp/setup-micromamba/.condarc
2025-02-11T05:59:31.8123403Z        virtual packages : __unix=0=0
2025-02-11T05:59:31.8123809Z                           __linux=6.8.0=0
2025-02-11T05:59:31.8124152Z                           __glibc=2.39=0
2025-02-11T05:59:31.8124591Z                           __archspec=1=x86_64_v3
2025-02-11T05:59:31.8202270Z                channels : https://conda.anaconda.org/conda-forge/linux-64
2025-02-11T05:59:31.8202993Z                           https://conda.anaconda.org/conda-forge/noarch
2025-02-11T05:59:31.8204007Z        base environment : /home/runner/micromamba
2025-02-11T05:59:31.8204517Z                platform : linux-64
2025-02-11T05:59:31.8205244Z ##[endgroup]
2025-02-11T05:59:31.8205785Z ##[group]micromamba list
2025-02-11T05:59:31.8206369Z [command]/home/runner/micromamba-bin/micromamba list -r /home/runner/micromamba -n tardis
2025-02-11T05:59:32.2073459Z List of packages in environment: "/home/runner/micromamba/envs/tardis"
2025-02-11T05:59:32.2074212Z 
2025-02-11T05:59:32.2074556Z   Name                           Version              Build                    Channel    
2025-02-11T05:59:32.2075882Z â”€â”€â”€â”€â”€â”€â”€â”€â”€â”€â”€â”€â”€â”€â”€â”€â”€â”€â”€â”€â”€â”€â”€â”€â”€â”€â”€â”€â”€â”€â”€â”€â”€â”€â”€â”€â”€â”€â”€â”€â”€â”€â”€â”€â”€â”€â”€â”€â”€â”€â”€â”€â”€â”€â”€â”€â”€â”€â”€â”€â”€â”€â”€â”€â”€â”€â”€â”€â”€â”€â”€â”€â”€â”€â”€â”€â”€â”€â”€â”€â”€â”€â”€â”€â”€â”€â”€â”€â”€â”€â”€â”€
2025-02-11T05:59:32.2076511Z   _libgcc_mutex                  0.1                  conda_forge              conda-forge
2025-02-11T05:59:32.2077031Z   _openmp_mutex                  4.5                  2_gnu                    conda-forge
2025-02-11T05:59:32.2077559Z   alabaster                      0.7.16               pyhd8ed1ab_0             conda-forge
2025-02-11T05:59:32.2078326Z   anyio                          4.4.0                pyhd8ed1ab_0             conda-forge
2025-02-11T05:59:32.2078811Z   argon2-cffi                    23.1.0               pyhd8ed1ab_0             conda-forge
2025-02-11T05:59:32.2079387Z   argon2-cffi-bindings           21.2.0               py312h98912ed_4          conda-forge
2025-02-11T05:59:32.2079885Z   arrow                          1.3.0                pyhd8ed1ab_0             conda-forge
2025-02-11T05:59:32.2080337Z   astropy                        6.1.1                py312h085067d_0          conda-forge
2025-02-11T05:59:32.2080872Z   astropy-iers-data              0.2024.6.17.0.31.35  pyhd8ed1ab_0             conda-forge
2025-02-11T05:59:32.2081342Z   astropy-sphinx-theme           1.1                  pyhd8ed1ab_0             conda-forge
2025-02-11T05:59:32.2081774Z   asttokens                      2.4.1                pyhd8ed1ab_0             conda-forge
2025-02-11T05:59:32.2082171Z   async-lru                      2.0.4                pyhd8ed1ab_0             conda-forge
2025-02-11T05:59:32.2082545Z   atk-1.0                        2.38.0               h04ea711_2               conda-forge
2025-02-11T05:59:32.2082906Z   attrs                          23.2.0               pyh71513ae_0             conda-forge
2025-02-11T05:59:32.2083281Z   babel                          2.14.0               pyhd8ed1ab_0             conda-forge
2025-02-11T05:59:32.2083684Z   beautifulsoup4                 4.12.3               pyha770c72_0             conda-forge
2025-02-11T05:59:32.2084241Z   bleach                         6.1.0                pyhd8ed1ab_0             conda-forge
2025-02-11T05:59:32.2084653Z   blosc                          1.21.5               hc2324a3_1               conda-forge
2025-02-11T05:59:32.2085025Z   brotli                         1.1.0                hd590300_1               conda-forge
2025-02-11T05:59:32.2085405Z   brotli-bin                     1.1.0                hd590300_1               conda-forge
2025-02-11T05:59:32.2085811Z   brotli-python                  1.1.0                py312h30efb56_1          conda-forge
2025-02-11T05:59:32.2086196Z   bzip2                          1.0.8                hd590300_5               conda-forge
2025-02-11T05:59:32.2086551Z   c-ares                         1.28.1               hd590300_0               conda-forge
2025-02-11T05:59:32.2086928Z   c-blosc2                       2.14.4               hb4ffafa_1               conda-forge
2025-02-11T05:59:32.2087340Z   ca-certificates                2024.6.2             hbcca054_0               conda-forge
2025-02-11T05:59:32.2087777Z   cached-property                1.5.2                hd8ed1ab_1               conda-forge
2025-02-11T05:59:32.2088446Z   cached_property                1.5.2                pyha770c72_1             conda-forge
2025-02-11T05:59:32.2088870Z   cairo                          1.18.0               h3faef2a_0               conda-forge
2025-02-11T05:59:32.2089544Z   certifi                        2024.6.2             pyhd8ed1ab_0             conda-forge
2025-02-11T05:59:32.2089935Z   cffi                           1.16.0               py312hf06ca03_0          conda-forge
2025-02-11T05:59:32.2090349Z   charset-normalizer             3.3.2                pyhd8ed1ab_0             conda-forge
2025-02-11T05:59:32.2090966Z   click                          8.1.7                unix_pyh707e725_0        conda-forge
2025-02-11T05:59:32.2091380Z   codespell                      2.3.0                pyhd8ed1ab_0             conda-forge
2025-02-11T05:59:32.2091777Z   colorama                       0.4.6                pyhd8ed1ab_0             conda-forge
2025-02-11T05:59:32.2092141Z   comm                           0.2.2                pyhd8ed1ab_0             conda-forge
2025-02-11T05:59:32.2092500Z   commonmark                     0.9.1                py_0                     conda-forge
2025-02-11T05:59:32.2092879Z   contourpy                      1.2.1                py312h8572e83_0          conda-forge
2025-02-11T05:59:32.2093250Z   coverage                       7.5.3                py312h9a8786e_0          conda-forge
2025-02-11T05:59:32.2093613Z   cycler                         0.12.1               pyhd8ed1ab_0             conda-forge
2025-02-11T05:59:32.2093987Z   dataclasses                    0.8                  pyhc8e2a94_3             conda-forge
2025-02-11T05:59:32.2094366Z   debugpy                        1.8.1                py312h30efb56_0          conda-forge
2025-02-11T05:59:32.2094733Z   decorator                      5.1.1                pyhd8ed1ab_0             conda-forge
2025-02-11T05:59:32.2095112Z   defusedxml                     0.7.1                pyhd8ed1ab_0             conda-forge
2025-02-11T05:59:32.2095489Z   docutils                       0.20.1               py312h7900ff3_3          conda-forge
2025-02-11T05:59:32.2095856Z   dot2tex                        2.11.3               pyhd8ed1ab_0             conda-forge
2025-02-11T05:59:32.2096233Z   entrypoints                    0.4                  pyhd8ed1ab_0             conda-forge
2025-02-11T05:59:32.2096633Z   exceptiongroup                 1.2.0                pyhd8ed1ab_2             conda-forge
2025-02-11T05:59:32.2097034Z   executing                      2.0.1                pyhd8ed1ab_0             conda-forge
2025-02-11T05:59:32.2097415Z   expat                          2.6.2                h59595ed_0               conda-forge
2025-02-11T05:59:32.2097831Z   font-ttf-dejavu-sans-mono      2.37                 hab24e00_0               conda-forge
2025-02-11T05:59:32.2098499Z   font-ttf-inconsolata           3.000                h77eed37_0               conda-forge
2025-02-11T05:59:32.2098964Z   font-ttf-source-code-pro       2.038                h77eed37_0               conda-forge
2025-02-11T05:59:32.2099394Z   font-ttf-ubuntu                0.83                 h77eed37_2               conda-forge
2025-02-11T05:59:32.2099786Z   fontconfig                     2.14.2               h14ed4e7_0               conda-forge
2025-02-11T05:59:32.2100205Z   fonts-conda-ecosystem          1                    0                        conda-forge
2025-02-11T05:59:32.2100622Z   fonts-conda-forge              1                    0                        conda-forge
2025-02-11T05:59:32.2101014Z   fonttools                      4.53.0               py312h9a8786e_0          conda-forge
2025-02-11T05:59:32.2101391Z   fqdn                           1.5.1                pyhd8ed1ab_0             conda-forge
2025-02-11T05:59:32.2101745Z   freetype                       2.12.1               h267a509_2               conda-forge
2025-02-11T05:59:32.2102109Z   fribidi                        1.0.10               h36c2ea0_0               conda-forge
2025-02-11T05:59:32.2102466Z   future                         1.0.0                pyhd8ed1ab_0             conda-forge
2025-02-11T05:59:32.2102846Z   gdk-pixbuf                     2.42.12              hb9ae30d_0               conda-forge
2025-02-11T05:59:32.2103418Z   giflib                         5.2.2                hd590300_0               conda-forge
2025-02-11T05:59:32.2103812Z   git-lfs                        3.5.1                ha770c72_0               conda-forge
2025-02-11T05:59:32.2104152Z   gmp                            6.3.0                h59595ed_1               conda-forge
2025-02-11T05:59:32.2104723Z   gmpy2                          2.1.5                py312h1d5cde6_1          conda-forge
2025-02-11T05:59:32.2105338Z   graphite2                      1.3.13               h59595ed_1003            conda-forge
2025-02-11T05:59:32.2105967Z   graphviz                       11.0.0               hc68bbd7_0               conda-forge
2025-02-11T05:59:32.2106611Z   gtk2                           2.24.33              h280cfa0_4               conda-forge
2025-02-11T05:59:32.2107212Z   gts                            0.7.6                h977cf35_4               conda-forge
2025-02-11T05:59:32.2107766Z   h11                            0.14.0               pyhd8ed1ab_0             conda-forge
2025-02-11T05:59:32.2108551Z   h2                             4.1.0                pyhd8ed1ab_0             conda-forge
2025-02-11T05:59:32.2109099Z   h5py                           3.11.0               nompi_py312hb7ab980_102  conda-forge
2025-02-11T05:59:32.2109679Z   harfbuzz                       8.5.0                hfac3d4d_0               conda-forge
2025-02-11T05:59:32.2110309Z   hdf5                           1.14.3               nompi_hdf9ad27_105       conda-forge
2025-02-11T05:59:32.2110945Z   hpack                          4.0.0                pyh9f0ad1d_0             conda-forge
2025-02-11T05:59:32.2111518Z   httpcore                       1.0.5                pyhd8ed1ab_0             conda-forge
2025-02-11T05:59:32.2112307Z   httpx                          0.27.0               pyhd8ed1ab_0             conda-forge
2025-02-11T05:59:32.2112966Z   hyperframe                     6.0.1                pyhd8ed1ab_0             conda-forge
2025-02-11T05:59:32.2113590Z   icu                            73.2                 h59595ed_0               conda-forge
2025-02-11T05:59:32.2114131Z   idna                           3.7                  pyhd8ed1ab_0             conda-forge
2025-02-11T05:59:32.2114697Z   imagesize                      1.4.1                pyhd8ed1ab_0             conda-forge
2025-02-11T05:59:32.2115382Z   importlib-metadata             7.1.0                pyha770c72_0             conda-forge
2025-02-11T05:59:32.2116013Z   importlib_metadata             7.1.0                hd8ed1ab_0               conda-forge
2025-02-11T05:59:32.2116758Z   importlib_resources            6.4.0                pyhd8ed1ab_0             conda-forge
2025-02-11T05:59:32.2117504Z   iniconfig                      2.0.0                pyhd8ed1ab_0             conda-forge
2025-02-11T05:59:32.2118337Z   ipykernel                      6.29.4               pyh3099207_0             conda-forge
2025-02-11T05:59:32.2119003Z   ipython                        8.25.0               pyh707e725_0             conda-forge
2025-02-11T05:59:32.2119693Z   ipython_genutils               0.2.0                pyhd8ed1ab_1             conda-forge
2025-02-11T05:59:32.2120327Z   ipywidgets                     7.8.0                pyhd8ed1ab_0             conda-forge
2025-02-11T05:59:32.2120935Z   isoduration                    20.11.0              pyhd8ed1ab_0             conda-forge
2025-02-11T05:59:32.2121521Z   jedi                           0.19.1               pyhd8ed1ab_0             conda-forge
2025-02-11T05:59:32.2122075Z   jinja2                         3.1.4                pyhd8ed1ab_0             conda-forge
2025-02-11T05:59:32.2122647Z   json5                          0.9.25               pyhd8ed1ab_0             conda-forge
2025-02-11T05:59:32.2123218Z   jsonpointer                    3.0.0                py312h7900ff3_0          conda-forge
2025-02-11T05:59:32.2123866Z   jsonschema                     4.22.0               pyhd8ed1ab_0             conda-forge
2025-02-11T05:59:32.2124759Z   jsonschema-specifications      2023.12.1            pyhd8ed1ab_0             conda-forge
2025-02-11T05:59:32.2125618Z   jsonschema-with-format-nongpl  4.22.0               pyhd8ed1ab_0             conda-forge
2025-02-11T05:59:32.2126321Z   jupyter-lsp                    2.2.5                pyhd8ed1ab_0             conda-forge
2025-02-11T05:59:32.2127130Z   jupyter_client                 8.6.2                pyhd8ed1ab_0             conda-forge
2025-02-11T05:59:32.2127745Z   jupyter_core                   5.7.2                py312h7900ff3_0          conda-forge
2025-02-11T05:59:32.2128530Z   jupyter_events                 0.10.0               pyhd8ed1ab_0             conda-forge
2025-02-11T05:59:32.2128932Z   jupyter_server                 2.14.1               pyhd8ed1ab_0             conda-forge
2025-02-11T05:59:32.2129360Z   jupyter_server_terminals       0.5.3                pyhd8ed1ab_0             conda-forge
2025-02-11T05:59:32.2129816Z   jupyterlab                     4.2.2                pyhd8ed1ab_0             conda-forge
2025-02-11T05:59:32.2130232Z   jupyterlab_pygments            0.3.0                pyhd8ed1ab_1             conda-forge
2025-02-11T05:59:32.2130657Z   jupyterlab_server              2.27.2               pyhd8ed1ab_0             conda-forge
2025-02-11T05:59:32.2131074Z   jupyterlab_widgets             1.1.7                pyhd8ed1ab_0             conda-forge
2025-02-11T05:59:32.2131480Z   keyutils                       1.6.1                h166bdaf_0               conda-forge
2025-02-11T05:59:32.2131850Z   kiwisolver                     1.4.5                py312h8572e83_1          conda-forge
2025-02-11T05:59:32.2132211Z   krb5                           1.21.2               h659d440_0               conda-forge
2025-02-11T05:59:32.2132564Z   latexcodec                     2.0.1                pyh9f0ad1d_0             conda-forge
2025-02-11T05:59:32.2132923Z   lcms2                          2.16                 hb7c19ff_0               conda-forge
2025-02-11T05:59:32.2133293Z   ld_impl_linux-64               2.40                 hf3520f5_7               conda-forge
2025-02-11T05:59:32.2133652Z   lerc                           4.0.0                h27087fc_0               conda-forge
2025-02-11T05:59:32.2133988Z   libaec                         1.1.3                h59595ed_0               conda-forge
2025-02-11T05:59:32.2134345Z   libblas                        3.9.0                22_linux64_openblas      conda-forge
2025-02-11T05:59:32.2134732Z   libbrotlicommon                1.1.0                hd590300_1               conda-forge
2025-02-11T05:59:32.2135120Z   libbrotlidec                   1.1.0                hd590300_1               conda-forge
2025-02-11T05:59:32.2135506Z   libbrotlienc                   1.1.0                hd590300_1               conda-forge
2025-02-11T05:59:32.2135877Z   libcblas                       3.9.0                22_linux64_openblas      conda-forge
2025-02-11T05:59:32.2136234Z   libcurl                        8.8.0                hca28451_0               conda-forge
2025-02-11T05:59:32.2136595Z   libdeflate                     1.20                 hd590300_0               conda-forge
2025-02-11T05:59:32.2136971Z   libedit                        3.1.20191231         he28a2e2_2               conda-forge
2025-02-11T05:59:32.2137328Z   libev                          4.33                 hd590300_2               conda-forge
2025-02-11T05:59:32.2137690Z   libexpat                       2.6.2                h59595ed_0               conda-forge
2025-02-11T05:59:32.2138336Z   libffi                         3.4.2                h7f98852_5               conda-forge
2025-02-11T05:59:32.2138709Z   libgcc-ng                      13.2.0               h77fa898_10              conda-forge
2025-02-11T05:59:32.2139068Z   libgd                          2.3.3                h119a65a_9               conda-forge
2025-02-11T05:59:32.2139443Z   libgfortran-ng                 13.2.0               h69a702a_10              conda-forge
2025-02-11T05:59:32.2140109Z   libgfortran5                   13.2.0               h3d2ce59_10              conda-forge
2025-02-11T05:59:32.2140815Z   libglib                        2.80.2               h8a4344b_1               conda-forge
2025-02-11T05:59:32.2141468Z   libgomp                        13.2.0               h77fa898_10              conda-forge
2025-02-11T05:59:32.2142276Z   libiconv                       1.17                 hd590300_2               conda-forge
2025-02-11T05:59:32.2142674Z   libjpeg-turbo                  3.0.0                hd590300_1               conda-forge
2025-02-11T05:59:32.2143079Z   liblapack                      3.9.0                22_linux64_openblas      conda-forge
2025-02-11T05:59:32.2143462Z   libllvm14                      14.0.6               hcd5def8_4               conda-forge
2025-02-11T05:59:32.2143838Z   libnghttp2                     1.58.0               h47da74e_1               conda-forge
2025-02-11T05:59:32.2144201Z   libnsl                         2.0.1                hd590300_0               conda-forge
2025-02-11T05:59:32.2144587Z   libopenblas                    0.3.27               pthreads_h413a1c8_0      conda-forge
2025-02-11T05:59:32.2144966Z   libpng                         1.6.43               h2797004_0               conda-forge
2025-02-11T05:59:32.2145319Z   librsvg                        2.58.1               hadf69e7_0               conda-forge
2025-02-11T05:59:32.2145697Z   libsodium                      1.0.18               h36c2ea0_1               conda-forge
2025-02-11T05:59:32.2146068Z   libsqlite                      3.46.0               hde9e2c9_0               conda-forge
2025-02-11T05:59:32.2146431Z   libssh2                        1.11.0               h0841786_0               conda-forge
2025-02-11T05:59:32.2146805Z   libstdcxx-ng                   13.2.0               hc0a3c3a_10              conda-forge
2025-02-11T05:59:32.2147178Z   libtiff                        4.6.0                h1dd3fc0_3               conda-forge
2025-02-11T05:59:32.2147542Z   libuuid                        2.38.1               h0b41bf4_0               conda-forge
2025-02-11T05:59:32.2147898Z   libwebp                        1.4.0                h2c329e2_0               conda-forge
2025-02-11T05:59:32.2148489Z   libwebp-base                   1.4.0                hd590300_0               conda-forge
2025-02-11T05:59:32.2148849Z   libxcb                         1.15                 h0b41bf4_0               conda-forge
2025-02-11T05:59:32.2149210Z   libxcrypt                      4.4.36               hd590300_1               conda-forge
2025-02-11T05:59:32.2149569Z   libxml2                        2.12.7               hc051c1a_1               conda-forge
2025-02-11T05:59:32.2149924Z   libxslt                        1.1.39               h76b75d6_0               conda-forge
2025-02-11T05:59:32.2150279Z   libzlib                        1.3.1                h4ab18f5_1               conda-forge
2025-02-11T05:59:32.2150636Z   llvmlite                       0.42.0               py312hb06c811_1          conda-forge
2025-02-11T05:59:32.2150996Z   lxml                           5.2.2                py312hb90d8a5_0          conda-forge
2025-02-11T05:59:32.2151331Z   lz4-c                          1.9.4                hcb278e6_0               conda-forge
2025-02-11T05:59:32.2151654Z   lzo                            2.10                 hd590300_1001            conda-forge
2025-02-11T05:59:32.2152016Z   markupsafe                     2.1.5                py312h98912ed_0          conda-forge
2025-02-11T05:59:32.2152404Z   matplotlib-base                3.8.4                py312h20ab3a6_2          conda-forge
2025-02-11T05:59:32.2152821Z   matplotlib-inline              0.1.7                pyhd8ed1ab_0             conda-forge
2025-02-11T05:59:32.2153210Z   mistune                        3.0.2                pyhd8ed1ab_0             conda-forge
2025-02-11T05:59:32.2153552Z   mpc                            1.3.1                hfe3b2da_0               conda-forge
2025-02-11T05:59:32.2154284Z   mpfr                           4.2.1                h9458935_1               conda-forge
2025-02-11T05:59:32.2154719Z   mpmath                         1.3.0                pyhd8ed1ab_0             conda-forge
2025-02-11T05:59:32.2155094Z   munkres                        1.1.4                pyh9f0ad1d_0             conda-forge
2025-02-11T05:59:32.2155482Z   mypy_extensions                1.0.0                pyha770c72_0             conda-forge
2025-02-11T05:59:32.2155980Z   nbclassic                      1.1.0                pyhd8ed1ab_0             conda-forge
2025-02-11T05:59:32.2156352Z   nbclient                       0.10.0               pyhd8ed1ab_0             conda-forge
2025-02-11T05:59:32.2156727Z   nbconvert                      7.16.4               hd8ed1ab_1               conda-forge
2025-02-11T05:59:32.2157160Z   nbconvert-core                 7.16.4               pyhd8ed1ab_1             conda-forge
2025-02-11T05:59:32.2157575Z   nbconvert-pandoc               7.16.4               hd8ed1ab_1               conda-forge
2025-02-11T05:59:32.2158149Z   nbformat                       5.10.4               pyhd8ed1ab_0             conda-forge
2025-02-11T05:59:32.2158528Z   nbsphinx                       0.9.4                pyhd8ed1ab_0             conda-forge
2025-02-11T05:59:32.2158885Z   ncurses                        6.5                  h59595ed_0               conda-forge
2025-02-11T05:59:32.2159264Z   nest-asyncio                   1.6.0                pyhd8ed1ab_0             conda-forge
2025-02-11T05:59:32.2159642Z   networkx                       3.3                  pyhd8ed1ab_1             conda-forge
2025-02-11T05:59:32.2159992Z   nomkl                          1.0                  h5ca1d4c_0               conda-forge
2025-02-11T05:59:32.2160343Z   notebook                       7.2.1                pyhd8ed1ab_0             conda-forge
2025-02-11T05:59:32.2160717Z   notebook-shim                  0.2.4                pyhd8ed1ab_0             conda-forge
2025-02-11T05:59:32.2161088Z   numba                          0.59.1               py312hacefee8_0          conda-forge
2025-02-11T05:59:32.2161448Z   numexpr                        2.10.0               py312hf412c99_100        conda-forge
2025-02-11T05:59:32.2161802Z   numpy                          1.26.4               py312heda63a1_0          conda-forge
2025-02-11T05:59:32.2162155Z   numpydoc                       1.7.0                pyhd8ed1ab_1             conda-forge
2025-02-11T05:59:32.2162517Z   openjpeg                       2.5.2                h488ebb8_0               conda-forge
2025-02-11T05:59:32.2162872Z   openssl                        3.3.1                h4ab18f5_0               conda-forge
2025-02-11T05:59:32.2163277Z   overrides                      7.7.0                pyhd8ed1ab_0             conda-forge
2025-02-11T05:59:32.2163652Z   packaging                      24.1                 pyhd8ed1ab_0             conda-forge
2025-02-11T05:59:32.2164020Z   pandas                         2.2.2                py312h1d6d2e6_1          conda-forge
2025-02-11T05:59:32.2164400Z   pandoc                         3.2                  ha770c72_0               conda-forge
2025-02-11T05:59:32.2164779Z   pandocfilters                  1.5.0                pyhd8ed1ab_0             conda-forge
2025-02-11T05:59:32.2165166Z   pango                          1.54.0               h84a9a3c_0               conda-forge
2025-02-11T05:59:32.2165517Z   parso                          0.8.4                pyhd8ed1ab_0             conda-forge
2025-02-11T05:59:32.2165871Z   pathspec                       0.12.1               pyhd8ed1ab_0             conda-forge
2025-02-11T05:59:32.2166222Z   pbr                            6.0.0                pyhd8ed1ab_0             conda-forge
2025-02-11T05:59:32.2166562Z   pcre2                          10.44                h0f59acf_0               conda-forge
2025-02-11T05:59:32.2166914Z   pexpect                        4.9.0                pyhd8ed1ab_0             conda-forge
2025-02-11T05:59:32.2167284Z   pickleshare                    0.7.5                py_1003                  conda-forge
2025-02-11T05:59:32.2167770Z   pillow                         10.3.0               py312hdcec9eb_0          conda-forge
2025-02-11T05:59:32.2168291Z   pip                            24.0                 pyhd8ed1ab_0             conda-forge
2025-02-11T05:59:32.2168641Z   pixman                         0.43.2               h59595ed_0               conda-forge
2025-02-11T05:59:32.2169160Z   pkgutil-resolve-name           1.3.10               pyhd8ed1ab_1             conda-forge
2025-02-11T05:59:32.2169587Z   platformdirs                   4.2.2                pyhd8ed1ab_0             conda-forge
2025-02-11T05:59:32.2169960Z   plotly                         5.22.0               pyhd8ed1ab_0             conda-forge
2025-02-11T05:59:32.2170313Z   pluggy                         1.5.0                pyhd8ed1ab_0             conda-forge
2025-02-11T05:59:32.2170698Z   prometheus_client              0.20.0               pyhd8ed1ab_0             conda-forge
2025-02-11T05:59:32.2171116Z   prompt-toolkit                 3.0.47               pyha770c72_0             conda-forge
2025-02-11T05:59:32.2171505Z   psutil                         5.9.8                py312h98912ed_0          conda-forge
2025-02-11T05:59:32.2171875Z   pthread-stubs                  0.4                  h36c2ea0_1001            conda-forge
2025-02-11T05:59:32.2172264Z   ptyprocess                     0.7.0                pyhd3deb0d_0             conda-forge
2025-02-11T05:59:32.2172638Z   pure_eval                      0.2.2                pyhd8ed1ab_0             conda-forge
2025-02-11T05:59:32.2173007Z   py-cpuinfo                     9.0.0                pyhd8ed1ab_0             conda-forge
2025-02-11T05:59:32.2173372Z   pybtex                         0.24.0               pyhd8ed1ab_2             conda-forge
2025-02-11T05:59:32.2173762Z   pybtex-docutils                1.0.3                py312h7900ff3_1          conda-forge
2025-02-11T05:59:32.2174156Z   pycparser                      2.22                 pyhd8ed1ab_0             conda-forge
2025-02-11T05:59:32.2174523Z   pyerfa                         2.0.1.4              py312h085067d_1          conda-forge
2025-02-11T05:59:32.2174886Z   pygments                       2.18.0               pyhd8ed1ab_0             conda-forge
2025-02-11T05:59:32.2175262Z   pygraphviz                     1.13                 py312h4a1d8a7_1          conda-forge
2025-02-11T05:59:32.2175645Z   pyparsing                      3.1.2                pyhd8ed1ab_0             conda-forge
2025-02-11T05:59:32.2176013Z   pysocks                        1.7.1                pyha2e5f31_6             conda-forge
2025-02-11T05:59:32.2176378Z   pytables                       3.9.2                py312h96d95ec_2          conda-forge
2025-02-11T05:59:32.2176741Z   pytest                         8.2.2                pyhd8ed1ab_0             conda-forge
2025-02-11T05:59:32.2177103Z   pytest-cov                     5.0.0                pyhd8ed1ab_0             conda-forge
2025-02-11T05:59:32.2177514Z   pytest-doctestplus             1.2.1                pyhd8ed1ab_0             conda-forge
2025-02-11T05:59:32.2178110Z   pytest-html                    4.1.1                pyhd8ed1ab_0             conda-forge
2025-02-11T05:59:32.2178528Z   pytest-metadata                3.1.1                pyhd8ed1ab_0             conda-forge
2025-02-11T05:59:32.2178917Z   python                         3.12.4               h194c7f8_0_cpython       conda-forge
2025-02-11T05:59:32.2179303Z   python-dateutil                2.9.0                pyhd8ed1ab_0             conda-forge
2025-02-11T05:59:32.2179738Z   python-fastjsonschema          2.20.0               pyhd8ed1ab_0             conda-forge
2025-02-11T05:59:32.2180175Z   python-json-logger             2.0.7                pyhd8ed1ab_0             conda-forge
2025-02-11T05:59:32.2180590Z   python-tzdata                  2024.1               pyhd8ed1ab_0             conda-forge
2025-02-11T05:59:32.2180972Z   python_abi                     3.12                 4_cp312                  conda-forge
2025-02-11T05:59:32.2181472Z   pytz                           2024.1               pyhd8ed1ab_0             conda-forge
2025-02-11T05:59:32.2181828Z   pyyaml                         6.0.1                py312h98912ed_1          conda-forge
2025-02-11T05:59:32.2182179Z   pyzmq                          26.0.3               py312h8fd38d8_0          conda-forge
2025-02-11T05:59:32.2182629Z   qgrid                          1.3.1                pyhd8ed1ab_4             conda-forge
2025-02-11T05:59:32.2183019Z   radioactivedecay               0.5.1                pyhd8ed1ab_0             conda-forge
2025-02-11T05:59:32.2183403Z   readline                       8.2                  h8228510_1               conda-forge
2025-02-11T05:59:32.2183777Z   recommonmark                   0.7.1                pyhd8ed1ab_0             conda-forge
2025-02-11T05:59:32.2184165Z   referencing                    0.35.1               pyhd8ed1ab_0             conda-forge
2025-02-11T05:59:32.2184548Z   requests                       2.32.3               pyhd8ed1ab_0             conda-forge
2025-02-11T05:59:32.2184940Z   rfc3339-validator              0.1.4                pyhd8ed1ab_0             conda-forge
2025-02-11T05:59:32.2185355Z   rfc3986-validator              0.1.1                pyh9f0ad1d_0             conda-forge
2025-02-11T05:59:32.2185751Z   rpds-py                        0.18.1               py312h4413252_0          conda-forge
2025-02-11T05:59:32.2186094Z   ruff                           0.4.9                py312h5715c7c_0          conda-forge
2025-02-11T05:59:32.2186438Z   scipy                          1.13.1               py312hc2bc53b_0          conda-forge
2025-02-11T05:59:32.2186803Z   send2trash                     1.8.3                pyh0d859eb_0             conda-forge
2025-02-11T05:59:32.2187188Z   setuptools                     70.0.0               pyhd8ed1ab_0             conda-forge
2025-02-11T05:59:32.2187584Z   setuptools-scm                 8.1.0                pyhd8ed1ab_0             conda-forge
2025-02-11T05:59:32.2188156Z   setuptools_scm                 8.1.0                hd8ed1ab_0               conda-forge
2025-02-11T05:59:32.2188530Z   six                            1.16.0               pyh6c4a22f_0             conda-forge
2025-02-11T05:59:32.2188876Z   snakeviz                       2.2.0                pyhd8ed1ab_0             conda-forge
2025-02-11T05:59:32.2189241Z   snappy                         1.2.0                hdb0a2a9_1               conda-forge
2025-02-11T05:59:32.2189598Z   sniffio                        1.3.1                pyhd8ed1ab_0             conda-forge
2025-02-11T05:59:32.2189987Z   snowballstemmer                2.2.0                pyhd8ed1ab_0             conda-forge
2025-02-11T05:59:32.2190376Z   soupsieve                      2.5                  pyhd8ed1ab_1             conda-forge
2025-02-11T05:59:32.2190735Z   sphinx                         7.3.7                pyhd8ed1ab_0             conda-forge
2025-02-11T05:59:32.2191115Z   sphinx-astropy                 1.9.1                pyhd8ed1ab_0             conda-forge
2025-02-11T05:59:32.2191544Z   sphinx-automodapi              0.17.0               pyh717bed2_1             conda-forge
2025-02-11T05:59:32.2191965Z   sphinx-gallery                 0.16.0               pyhd8ed1ab_0             conda-forge
2025-02-11T05:59:32.2192386Z   sphinx-jsonschema              1.19.1               pyhd8ed1ab_0             conda-forge
2025-02-11T05:59:32.2192817Z   sphinx_bootstrap_theme         0.8.1                pyhd8ed1ab_0             conda-forge
2025-02-11T05:59:32.2193236Z   sphinx_rtd_theme               2.0.0                pyha770c72_0             conda-forge
2025-02-11T05:59:32.2193655Z   sphinxcontrib-apidoc           0.3.0                py_1                     conda-forge
2025-02-11T05:59:32.2194110Z   sphinxcontrib-applehelp        1.0.8                pyhd8ed1ab_0             conda-forge
2025-02-11T05:59:32.2194571Z   sphinxcontrib-bibtex           2.6.2                pyhd8ed1ab_0             conda-forge
2025-02-11T05:59:32.2195140Z   sphinxcontrib-devhelp          1.0.6                pyhd8ed1ab_0             conda-forge
2025-02-11T05:59:32.2195605Z   sphinxcontrib-htmlhelp         2.0.5                pyhd8ed1ab_0             conda-forge
2025-02-11T05:59:32.2196062Z   sphinxcontrib-jquery           4.1                  pyhd8ed1ab_0             conda-forge
2025-02-11T05:59:32.2196621Z   sphinxcontrib-jsmath           1.0.1                pyhd8ed1ab_0             conda-forge
2025-02-11T05:59:32.2197061Z   sphinxcontrib-qthelp           1.0.7                pyhd8ed1ab_0             conda-forge
2025-02-11T05:59:32.2197539Z   sphinxcontrib-serializinghtml  1.1.10               pyhd8ed1ab_0             conda-forge
2025-02-11T05:59:32.2198156Z   stack_data                     0.6.2                pyhd8ed1ab_0             conda-forge
2025-02-11T05:59:32.2198520Z   sympy                          1.12.1               pypyh2585a3b_103         conda-forge
2025-02-11T05:59:32.2198883Z   tabulate                       0.9.0                pyhd8ed1ab_1             conda-forge
2025-02-11T05:59:32.2199243Z   tenacity                       8.4.1                pyhd8ed1ab_0             conda-forge
2025-02-11T05:59:32.2199611Z   terminado                      0.18.1               pyh0d859eb_0             conda-forge
2025-02-11T05:59:32.2199977Z   tinycss2                       1.3.0                pyhd8ed1ab_0             conda-forge
2025-02-11T05:59:32.2200327Z   tk                             8.6.13               noxft_h4845f30_101       conda-forge
2025-02-11T05:59:32.2200657Z   toml                           0.10.2               pyhd8ed1ab_0             conda-forge
2025-02-11T05:59:32.2200997Z   tomli                          2.0.1                pyhd8ed1ab_0             conda-forge
2025-02-11T05:59:32.2201354Z   tornado                        6.4.1                py312h9a8786e_0          conda-forge
2025-02-11T05:59:32.2201704Z   tqdm                           4.66.4               pyhd8ed1ab_0             conda-forge
2025-02-11T05:59:32.2202063Z   traitlets                      5.14.3               pyhd8ed1ab_0             conda-forge
2025-02-11T05:59:32.2202434Z   typed-ast                      1.5.5                py312h98912ed_1          conda-forge
2025-02-11T05:59:32.2202852Z   types-python-dateutil          2.9.0.20240316       pyhd8ed1ab_0             conda-forge
2025-02-11T05:59:32.2203306Z   typing-extensions              4.12.2               hd8ed1ab_0               conda-forge
2025-02-11T05:59:32.2203724Z   typing_extensions              4.12.2               pyha770c72_0             conda-forge
2025-02-11T05:59:32.2204120Z   typing_utils                   0.1.0                pyhd8ed1ab_0             conda-forge
2025-02-11T05:59:32.2204491Z   tzdata                         2024a                h0c530f3_0               conda-forge
2025-02-11T05:59:32.2204866Z   uri-template                   1.3.0                pyhd8ed1ab_0             conda-forge
2025-02-11T05:59:32.2205248Z   urllib3                        2.2.2                pyhd8ed1ab_0             conda-forge
2025-02-11T05:59:32.2205613Z   wcwidth                        0.2.13               pyhd8ed1ab_0             conda-forge
2025-02-11T05:59:32.2205984Z   webcolors                      24.6.0               pyhd8ed1ab_0             conda-forge
2025-02-11T05:59:32.2206368Z   webencodings                   0.5.1                pyhd8ed1ab_2             conda-forge
2025-02-11T05:59:32.2206775Z   websocket-client               1.8.0                pyhd8ed1ab_0             conda-forge
2025-02-11T05:59:32.2207154Z   wheel                          0.43.0               pyhd8ed1ab_1             conda-forge
2025-02-11T05:59:32.2207547Z   widgetsnbextension             3.6.6                pyhd8ed1ab_0             conda-forge
2025-02-11T05:59:32.2208116Z   xorg-kbproto                   1.0.7                h7f98852_1002            conda-forge
2025-02-11T05:59:32.2208505Z   xorg-libice                    1.1.1                hd590300_0               conda-forge
2025-02-11T05:59:32.2208998Z   xorg-libsm                     1.2.4                h7391055_0               conda-forge
2025-02-11T05:59:32.2209373Z   xorg-libx11                    1.8.9                h8ee46fc_0               conda-forge
2025-02-11T05:59:32.2209744Z   xorg-libxau                    1.0.11               hd590300_0               conda-forge
2025-02-11T05:59:32.2210237Z   xorg-libxdmcp                  1.1.3                h7f98852_0               conda-forge
2025-02-11T05:59:32.2210625Z   xorg-libxext                   1.3.4                h0b41bf4_2               conda-forge
2025-02-11T05:59:32.2211017Z   xorg-libxrender                0.9.11               hd590300_0               conda-forge
2025-02-11T05:59:32.2211422Z   xorg-renderproto               0.11.1               h7f98852_1002            conda-forge
2025-02-11T05:59:32.2211823Z   xorg-xextproto                 7.3.0                h0b41bf4_1003            conda-forge
2025-02-11T05:59:32.2212211Z   xorg-xproto                    7.0.31               h7f98852_1007            conda-forge
2025-02-11T05:59:32.2212564Z   xz                             5.2.6                h166bdaf_0               conda-forge
2025-02-11T05:59:32.2212889Z   yaml                           0.2.5                h7f98852_2               conda-forge
2025-02-11T05:59:32.2213242Z   zeromq                         4.3.5                h75354e8_4               conda-forge
2025-02-11T05:59:32.2213590Z   zipp                           3.19.2               pyhd8ed1ab_0             conda-forge
2025-02-11T05:59:32.2213929Z   zlib                           1.3.1                h4ab18f5_1               conda-forge
2025-02-11T05:59:32.2214269Z   zlib-ng                        2.0.7                h0b41bf4_0               conda-forge
2025-02-11T05:59:32.2214604Z   zstd                           1.5.6                ha6fb4c9_0               conda-forge
2025-02-11T05:59:32.2215156Z ##[endgroup]
2025-02-11T05:59:32.2264323Z ##[group]Run pip install -e . --user
2025-02-11T05:59:32.2264653Z [36;1mpip install -e . --user[0m
2025-02-11T05:59:32.2294519Z shell: /usr/bin/bash -l {0}
2025-02-11T05:59:32.2294779Z env:
2025-02-11T05:59:32.2294968Z   CACHE_NUMBER: 0
2025-02-11T05:59:32.2295604Z   PYTEST_FLAGS: --tardis-regression-data=/home/runner/work/tardis/tardis/tardis-regression-data --cov=tardis --cov-report=xml --cov-report=html --cov-append
2025-02-11T05:59:32.2296277Z   CODECOV_TOKEN: 
2025-02-11T05:59:32.2296512Z   MAMBA_ROOT_PREFIX: /home/runner/micromamba
2025-02-11T05:59:32.2296830Z   MAMBA_EXE: /home/runner/micromamba-bin/micromamba
2025-02-11T05:59:32.2297191Z   CONDARC: /home/runner/work/_temp/setup-micromamba/.condarc
2025-02-11T05:59:32.2297507Z ##[endgroup]
2025-02-11T05:59:32.9041141Z Obtaining file:///home/runner/work/tardis/tardis
2025-02-11T05:59:32.9068564Z   Installing build dependencies: started
2025-02-11T05:59:35.6337823Z   Installing build dependencies: finished with status 'done'
2025-02-11T05:59:35.6344220Z   Checking if build backend supports build_editable: started
2025-02-11T05:59:35.7567702Z   Checking if build backend supports build_editable: finished with status 'done'
2025-02-11T05:59:35.7574737Z   Getting requirements to build editable: started
2025-02-11T05:59:36.2243544Z   Getting requirements to build editable: finished with status 'done'
2025-02-11T05:59:36.2252732Z   Preparing editable metadata (pyproject.toml): started
2025-02-11T05:59:36.6809418Z   Preparing editable metadata (pyproject.toml): finished with status 'done'
2025-02-11T05:59:36.7393454Z Requirement already satisfied: astropy in /home/runner/micromamba/envs/tardis/lib/python3.12/site-packages (from tardis==0.0.0) (6.1.1)
2025-02-11T05:59:36.7775154Z Requirement already satisfied: numpy>=1.23 in /home/runner/micromamba/envs/tardis/lib/python3.12/site-packages (from astropy->tardis==0.0.0) (1.26.4)
2025-02-11T05:59:36.7786090Z Requirement already satisfied: pyerfa>=2.0.1.1 in /home/runner/micromamba/envs/tardis/lib/python3.12/site-packages (from astropy->tardis==0.0.0) (2.0.1.4)
2025-02-11T05:59:36.7797362Z Requirement already satisfied: astropy-iers-data>=0.2024.5.27.0.30.8 in /home/runner/micromamba/envs/tardis/lib/python3.12/site-packages (from astropy->tardis==0.0.0) (0.2024.6.17.0.31.35)
2025-02-11T05:59:36.7806244Z Requirement already satisfied: PyYAML>=3.13 in /home/runner/micromamba/envs/tardis/lib/python3.12/site-packages (from astropy->tardis==0.0.0) (6.0.1)
2025-02-11T05:59:36.7816700Z Requirement already satisfied: packaging>=19.0 in /home/runner/micromamba/envs/tardis/lib/python3.12/site-packages (from astropy->tardis==0.0.0) (24.1)
2025-02-11T05:59:36.7904577Z Building wheels for collected packages: tardis
2025-02-11T05:59:36.7913696Z   Building editable for tardis (pyproject.toml): started
2025-02-11T05:59:37.5487224Z   Building editable for tardis (pyproject.toml): finished with status 'done'
2025-02-11T05:59:37.5494408Z   Created wheel for tardis: filename=tardis-0.0.0-0.editable-py3-none-any.whl size=8879 sha256=012547b07b78616a7ac60abc09059f4dcd11d51a5bc41f836fc441be6bf73702
2025-02-11T05:59:37.5496214Z   Stored in directory: /tmp/pip-ephem-wheel-cache-sp8m2u1d/wheels/6a/c7/ae/89fa6dc2565455898176888ef0e2e475e4e90eb0124afcb995
2025-02-11T05:59:37.5522888Z Successfully built tardis
2025-02-11T05:59:38.3262668Z Installing collected packages: tardis
2025-02-11T05:59:38.3349402Z Successfully installed tardis-0.0.0
2025-02-11T05:59:38.5281770Z ##[group]Run pip install qgridnext
2025-02-11T05:59:38.5282102Z [36;1mpip install qgridnext[0m
2025-02-11T05:59:38.5309727Z shell: /usr/bin/bash -l {0}
2025-02-11T05:59:38.5309981Z env:
2025-02-11T05:59:38.5310169Z   CACHE_NUMBER: 0
2025-02-11T05:59:38.5310812Z   PYTEST_FLAGS: --tardis-regression-data=/home/runner/work/tardis/tardis/tardis-regression-data --cov=tardis --cov-report=xml --cov-report=html --cov-append
2025-02-11T05:59:38.5311486Z   CODECOV_TOKEN: 
2025-02-11T05:59:38.5311722Z   MAMBA_ROOT_PREFIX: /home/runner/micromamba
2025-02-11T05:59:38.5312041Z   MAMBA_EXE: /home/runner/micromamba-bin/micromamba
2025-02-11T05:59:38.5312398Z   CONDARC: /home/runner/work/_temp/setup-micromamba/.condarc
2025-02-11T05:59:38.5312710Z ##[endgroup]
2025-02-11T05:59:39.1377882Z Collecting qgridnext
2025-02-11T05:59:39.1661043Z   Downloading qgridnext-2.0.4-py3-none-any.whl.metadata (9.9 kB)
2025-02-11T05:59:39.1744831Z Requirement already satisfied: pandas>=0.20.0 in /home/runner/micromamba/envs/tardis/lib/python3.12/site-packages (from qgridnext) (2.2.2)
2025-02-11T05:59:39.1754048Z Requirement already satisfied: ipywidgets>=7.0.0 in /home/runner/micromamba/envs/tardis/lib/python3.12/site-packages (from qgridnext) (7.8.0)
2025-02-11T05:59:39.1763833Z Requirement already satisfied: numpy in /home/runner/micromamba/envs/tardis/lib/python3.12/site-packages (from qgridnext) (1.26.4)
2025-02-11T05:59:39.1774381Z Requirement already satisfied: traitlets in /home/runner/micromamba/envs/tardis/lib/python3.12/site-packages (from qgridnext) (5.14.3)
2025-02-11T05:59:39.1858303Z Requirement already satisfied: comm>=0.1.3 in /home/runner/micromamba/envs/tardis/lib/python3.12/site-packages (from ipywidgets>=7.0.0->qgridnext) (0.2.2)
2025-02-11T05:59:39.1867191Z Requirement already satisfied: ipython-genutils~=0.2.0 in /home/runner/micromamba/envs/tardis/lib/python3.12/site-packages (from ipywidgets>=7.0.0->qgridnext) (0.2.0)
2025-02-11T05:59:39.1881038Z Requirement already satisfied: widgetsnbextension~=3.6.5 in /home/runner/micromamba/envs/tardis/lib/python3.12/site-packages (from ipywidgets>=7.0.0->qgridnext) (3.6.6)
2025-02-11T05:59:39.1899159Z Requirement already satisfied: ipython>=4.0.0 in /home/runner/micromamba/envs/tardis/lib/python3.12/site-packages (from ipywidgets>=7.0.0->qgridnext) (8.25.0)
2025-02-11T05:59:39.1914158Z Requirement already satisfied: jupyterlab-widgets<3,>=1.0.0 in /home/runner/micromamba/envs/tardis/lib/python3.12/site-packages (from ipywidgets>=7.0.0->qgridnext) (1.1.7)
2025-02-11T05:59:39.2352625Z Requirement already satisfied: python-dateutil>=2.8.2 in /home/runner/micromamba/envs/tardis/lib/python3.12/site-packages (from pandas>=0.20.0->qgridnext) (2.9.0)
2025-02-11T05:59:39.2366583Z Requirement already satisfied: pytz>=2020.1 in /home/runner/micromamba/envs/tardis/lib/python3.12/site-packages (from pandas>=0.20.0->qgridnext) (2024.1)
2025-02-11T05:59:39.2375234Z Requirement already satisfied: tzdata>=2022.7 in /home/runner/micromamba/envs/tardis/lib/python3.12/site-packages (from pandas>=0.20.0->qgridnext) (2024.1)
2025-02-11T05:59:39.2687580Z Requirement already satisfied: decorator in /home/runner/micromamba/envs/tardis/lib/python3.12/site-packages (from ipython>=4.0.0->ipywidgets>=7.0.0->qgridnext) (5.1.1)
2025-02-11T05:59:39.2702683Z Requirement already satisfied: jedi>=0.16 in /home/runner/micromamba/envs/tardis/lib/python3.12/site-packages (from ipython>=4.0.0->ipywidgets>=7.0.0->qgridnext) (0.19.1)
2025-02-11T05:59:39.2711780Z Requirement already satisfied: matplotlib-inline in /home/runner/micromamba/envs/tardis/lib/python3.12/site-packages (from ipython>=4.0.0->ipywidgets>=7.0.0->qgridnext) (0.1.7)
2025-02-11T05:59:39.2723140Z Requirement already satisfied: prompt-toolkit<3.1.0,>=3.0.41 in /home/runner/micromamba/envs/tardis/lib/python3.12/site-packages (from ipython>=4.0.0->ipywidgets>=7.0.0->qgridnext) (3.0.47)
2025-02-11T05:59:39.2732799Z Requirement already satisfied: pygments>=2.4.0 in /home/runner/micromamba/envs/tardis/lib/python3.12/site-packages (from ipython>=4.0.0->ipywidgets>=7.0.0->qgridnext) (2.18.0)
2025-02-11T05:59:39.2743435Z Requirement already satisfied: stack-data in /home/runner/micromamba/envs/tardis/lib/python3.12/site-packages (from ipython>=4.0.0->ipywidgets>=7.0.0->qgridnext) (0.6.2)
2025-02-11T05:59:39.2762954Z Requirement already satisfied: pexpect>4.3 in /home/runner/micromamba/envs/tardis/lib/python3.12/site-packages (from ipython>=4.0.0->ipywidgets>=7.0.0->qgridnext) (4.9.0)
2025-02-11T05:59:39.2811364Z Requirement already satisfied: six>=1.5 in /home/runner/micromamba/envs/tardis/lib/python3.12/site-packages (from python-dateutil>=2.8.2->pandas>=0.20.0->qgridnext) (1.16.0)
2025-02-11T05:59:39.2871078Z Requirement already satisfied: notebook>=4.4.1 in /home/runner/micromamba/envs/tardis/lib/python3.12/site-packages (from widgetsnbextension~=3.6.5->ipywidgets>=7.0.0->qgridnext) (7.2.1)
2025-02-11T05:59:39.3056933Z Requirement already satisfied: parso<0.9.0,>=0.8.3 in /home/runner/micromamba/envs/tardis/lib/python3.12/site-packages (from jedi>=0.16->ipython>=4.0.0->ipywidgets>=7.0.0->qgridnext) (0.8.4)
2025-02-11T05:59:39.3202959Z Requirement already satisfied: jupyter-server<3,>=2.4.0 in /home/runner/micromamba/envs/tardis/lib/python3.12/site-packages (from notebook>=4.4.1->widgetsnbextension~=3.6.5->ipywidgets>=7.0.0->qgridnext) (2.14.1)
2025-02-11T05:59:39.3217546Z Requirement already satisfied: jupyterlab-server<3,>=2.27.1 in /home/runner/micromamba/envs/tardis/lib/python3.12/site-packages (from notebook>=4.4.1->widgetsnbextension~=3.6.5->ipywidgets>=7.0.0->qgridnext) (2.27.2)
2025-02-11T05:59:39.3233545Z Requirement already satisfied: jupyterlab<4.3,>=4.2.0 in /home/runner/micromamba/envs/tardis/lib/python3.12/site-packages (from notebook>=4.4.1->widgetsnbextension~=3.6.5->ipywidgets>=7.0.0->qgridnext) (4.2.2)
2025-02-11T05:59:39.3244436Z Requirement already satisfied: notebook-shim<0.3,>=0.2 in /home/runner/micromamba/envs/tardis/lib/python3.12/site-packages (from notebook>=4.4.1->widgetsnbextension~=3.6.5->ipywidgets>=7.0.0->qgridnext) (0.2.4)
2025-02-11T05:59:39.3253501Z Requirement already satisfied: tornado>=6.2.0 in /home/runner/micromamba/envs/tardis/lib/python3.12/site-packages (from notebook>=4.4.1->widgetsnbextension~=3.6.5->ipywidgets>=7.0.0->qgridnext) (6.4.1)
2025-02-11T05:59:39.3283442Z Requirement already satisfied: ptyprocess>=0.5 in /home/runner/micromamba/envs/tardis/lib/python3.12/site-packages (from pexpect>4.3->ipython>=4.0.0->ipywidgets>=7.0.0->qgridnext) (0.7.0)
2025-02-11T05:59:39.3312504Z Requirement already satisfied: wcwidth in /home/runner/micromamba/envs/tardis/lib/python3.12/site-packages (from prompt-toolkit<3.1.0,>=3.0.41->ipython>=4.0.0->ipywidgets>=7.0.0->qgridnext) (0.2.13)
2025-02-11T05:59:39.3448526Z Requirement already satisfied: executing>=1.2.0 in /home/runner/micromamba/envs/tardis/lib/python3.12/site-packages (from stack-data->ipython>=4.0.0->ipywidgets>=7.0.0->qgridnext) (2.0.1)
2025-02-11T05:59:39.3458516Z Requirement already satisfied: asttokens>=2.1.0 in /home/runner/micromamba/envs/tardis/lib/python3.12/site-packages (from stack-data->ipython>=4.0.0->ipywidgets>=7.0.0->qgridnext) (2.4.1)
2025-02-11T05:59:39.3467030Z Requirement already satisfied: pure-eval in /home/runner/micromamba/envs/tardis/lib/python3.12/site-packages (from stack-data->ipython>=4.0.0->ipywidgets>=7.0.0->qgridnext) (0.2.2)
2025-02-11T05:59:39.3800874Z Requirement already satisfied: anyio>=3.1.0 in /home/runner/micromamba/envs/tardis/lib/python3.12/site-packages (from jupyter-server<3,>=2.4.0->notebook>=4.4.1->widgetsnbextension~=3.6.5->ipywidgets>=7.0.0->qgridnext) (4.4.0)
2025-02-11T05:59:39.3811868Z Requirement already satisfied: argon2-cffi>=21.1 in /home/runner/micromamba/envs/tardis/lib/python3.12/site-packages (from jupyter-server<3,>=2.4.0->notebook>=4.4.1->widgetsnbextension~=3.6.5->ipywidgets>=7.0.0->qgridnext) (23.1.0)
2025-02-11T05:59:39.3821724Z Requirement already satisfied: jinja2>=3.0.3 in /home/runner/micromamba/envs/tardis/lib/python3.12/site-packages (from jupyter-server<3,>=2.4.0->notebook>=4.4.1->widgetsnbextension~=3.6.5->ipywidgets>=7.0.0->qgridnext) (3.1.4)
2025-02-11T05:59:39.3834119Z Requirement already satisfied: jupyter-client>=7.4.4 in /home/runner/micromamba/envs/tardis/lib/python3.12/site-packages (from jupyter-server<3,>=2.4.0->notebook>=4.4.1->widgetsnbextension~=3.6.5->ipywidgets>=7.0.0->qgridnext) (8.6.2)
2025-02-11T05:59:39.3846380Z Requirement already satisfied: jupyter-core!=5.0.*,>=4.12 in /home/runner/micromamba/envs/tardis/lib/python3.12/site-packages (from jupyter-server<3,>=2.4.0->notebook>=4.4.1->widgetsnbextension~=3.6.5->ipywidgets>=7.0.0->qgridnext) (5.7.2)
2025-02-11T05:59:39.3858337Z Requirement already satisfied: jupyter-events>=0.9.0 in /home/runner/micromamba/envs/tardis/lib/python3.12/site-packages (from jupyter-server<3,>=2.4.0->notebook>=4.4.1->widgetsnbextension~=3.6.5->ipywidgets>=7.0.0->qgridnext) (0.10.0)
2025-02-11T05:59:39.3869877Z Requirement already satisfied: jupyter-server-terminals>=0.4.4 in /home/runner/micromamba/envs/tardis/lib/python3.12/site-packages (from jupyter-server<3,>=2.4.0->notebook>=4.4.1->widgetsnbextension~=3.6.5->ipywidgets>=7.0.0->qgridnext) (0.5.3)
2025-02-11T05:59:39.3884399Z Requirement already satisfied: nbconvert>=6.4.4 in /home/runner/micromamba/envs/tardis/lib/python3.12/site-packages (from jupyter-server<3,>=2.4.0->notebook>=4.4.1->widgetsnbextension~=3.6.5->ipywidgets>=7.0.0->qgridnext) (7.16.4)
2025-02-11T05:59:39.3895387Z Requirement already satisfied: nbformat>=5.3.0 in /home/runner/micromamba/envs/tardis/lib/python3.12/site-packages (from jupyter-server<3,>=2.4.0->notebook>=4.4.1->widgetsnbextension~=3.6.5->ipywidgets>=7.0.0->qgridnext) (5.10.4)
2025-02-11T05:59:39.3905291Z Requirement already satisfied: overrides>=5.0 in /home/runner/micromamba/envs/tardis/lib/python3.12/site-packages (from jupyter-server<3,>=2.4.0->notebook>=4.4.1->widgetsnbextension~=3.6.5->ipywidgets>=7.0.0->qgridnext) (7.7.0)
2025-02-11T05:59:39.3915587Z Requirement already satisfied: packaging>=22.0 in /home/runner/micromamba/envs/tardis/lib/python3.12/site-packages (from jupyter-server<3,>=2.4.0->notebook>=4.4.1->widgetsnbextension~=3.6.5->ipywidgets>=7.0.0->qgridnext) (24.1)
2025-02-11T05:59:39.3925062Z Requirement already satisfied: prometheus-client>=0.9 in /home/runner/micromamba/envs/tardis/lib/python3.12/site-packages (from jupyter-server<3,>=2.4.0->notebook>=4.4.1->widgetsnbextension~=3.6.5->ipywidgets>=7.0.0->qgridnext) (0.20.0)
2025-02-11T05:59:39.3936588Z Requirement already satisfied: pyzmq>=24 in /home/runner/micromamba/envs/tardis/lib/python3.12/site-packages (from jupyter-server<3,>=2.4.0->notebook>=4.4.1->widgetsnbextension~=3.6.5->ipywidgets>=7.0.0->qgridnext) (26.0.3)
2025-02-11T05:59:39.3946567Z Requirement already satisfied: send2trash>=1.8.2 in /home/runner/micromamba/envs/tardis/lib/python3.12/site-packages (from jupyter-server<3,>=2.4.0->notebook>=4.4.1->widgetsnbextension~=3.6.5->ipywidgets>=7.0.0->qgridnext) (1.8.3)
2025-02-11T05:59:39.3958894Z Requirement already satisfied: terminado>=0.8.3 in /home/runner/micromamba/envs/tardis/lib/python3.12/site-packages (from jupyter-server<3,>=2.4.0->notebook>=4.4.1->widgetsnbextension~=3.6.5->ipywidgets>=7.0.0->qgridnext) (0.18.1)
2025-02-11T05:59:39.3976749Z Requirement already satisfied: websocket-client>=1.7 in /home/runner/micromamba/envs/tardis/lib/python3.12/site-packages (from jupyter-server<3,>=2.4.0->notebook>=4.4.1->widgetsnbextension~=3.6.5->ipywidgets>=7.0.0->qgridnext) (1.8.0)
2025-02-11T05:59:39.4259585Z Requirement already satisfied: async-lru>=1.0.0 in /home/runner/micromamba/envs/tardis/lib/python3.12/site-packages (from jupyterlab<4.3,>=4.2.0->notebook>=4.4.1->widgetsnbextension~=3.6.5->ipywidgets>=7.0.0->qgridnext) (2.0.4)
2025-02-11T05:59:39.4272265Z Requirement already satisfied: httpx>=0.25.0 in /home/runner/micromamba/envs/tardis/lib/python3.12/site-packages (from jupyterlab<4.3,>=4.2.0->notebook>=4.4.1->widgetsnbextension~=3.6.5->ipywidgets>=7.0.0->qgridnext) (0.27.0)
2025-02-11T05:59:39.4285002Z Requirement already satisfied: ipykernel>=6.5.0 in /home/runner/micromamba/envs/tardis/lib/python3.12/site-packages (from jupyterlab<4.3,>=4.2.0->notebook>=4.4.1->widgetsnbextension~=3.6.5->ipywidgets>=7.0.0->qgridnext) (6.29.4)
2025-02-11T05:59:39.4299902Z Requirement already satisfied: jupyter-lsp>=2.0.0 in /home/runner/micromamba/envs/tardis/lib/python3.12/site-packages (from jupyterlab<4.3,>=4.2.0->notebook>=4.4.1->widgetsnbextension~=3.6.5->ipywidgets>=7.0.0->qgridnext) (2.2.5)
2025-02-11T05:59:39.4326821Z Requirement already satisfied: setuptools>=40.1.0 in /home/runner/micromamba/envs/tardis/lib/python3.12/site-packages (from jupyterlab<4.3,>=4.2.0->notebook>=4.4.1->widgetsnbextension~=3.6.5->ipywidgets>=7.0.0->qgridnext) (70.0.0)
2025-02-11T05:59:39.4513884Z Requirement already satisfied: babel>=2.10 in /home/runner/micromamba/envs/tardis/lib/python3.12/site-packages (from jupyterlab-server<3,>=2.27.1->notebook>=4.4.1->widgetsnbextension~=3.6.5->ipywidgets>=7.0.0->qgridnext) (2.14.0)
2025-02-11T05:59:39.4540518Z Requirement already satisfied: json5>=0.9.0 in /home/runner/micromamba/envs/tardis/lib/python3.12/site-packages (from jupyterlab-server<3,>=2.27.1->notebook>=4.4.1->widgetsnbextension~=3.6.5->ipywidgets>=7.0.0->qgridnext) (0.9.25)
2025-02-11T05:59:39.4552239Z Requirement already satisfied: jsonschema>=4.18.0 in /home/runner/micromamba/envs/tardis/lib/python3.12/site-packages (from jupyterlab-server<3,>=2.27.1->notebook>=4.4.1->widgetsnbextension~=3.6.5->ipywidgets>=7.0.0->qgridnext) (4.22.0)
2025-02-11T05:59:39.4588574Z Requirement already satisfied: requests>=2.31 in /home/runner/micromamba/envs/tardis/lib/python3.12/site-packages (from jupyterlab-server<3,>=2.27.1->notebook>=4.4.1->widgetsnbextension~=3.6.5->ipywidgets>=7.0.0->qgridnext) (2.32.3)
2025-02-11T05:59:39.4935134Z Requirement already satisfied: idna>=2.8 in /home/runner/micromamba/envs/tardis/lib/python3.12/site-packages (from anyio>=3.1.0->jupyter-server<3,>=2.4.0->notebook>=4.4.1->widgetsnbextension~=3.6.5->ipywidgets>=7.0.0->qgridnext) (3.7)
2025-02-11T05:59:39.4943870Z Requirement already satisfied: sniffio>=1.1 in /home/runner/micromamba/envs/tardis/lib/python3.12/site-packages (from anyio>=3.1.0->jupyter-server<3,>=2.4.0->notebook>=4.4.1->widgetsnbextension~=3.6.5->ipywidgets>=7.0.0->qgridnext) (1.3.1)
2025-02-11T05:59:39.5034819Z Requirement already satisfied: argon2-cffi-bindings in /home/runner/micromamba/envs/tardis/lib/python3.12/site-packages (from argon2-cffi>=21.1->jupyter-server<3,>=2.4.0->notebook>=4.4.1->widgetsnbextension~=3.6.5->ipywidgets>=7.0.0->qgridnext) (21.2.0)
2025-02-11T05:59:39.5206459Z Requirement already satisfied: certifi in /home/runner/micromamba/envs/tardis/lib/python3.12/site-packages (from httpx>=0.25.0->jupyterlab<4.3,>=4.2.0->notebook>=4.4.1->widgetsnbextension~=3.6.5->ipywidgets>=7.0.0->qgridnext) (2024.6.2)
2025-02-11T05:59:39.5222303Z Requirement already satisfied: httpcore==1.* in /home/runner/micromamba/envs/tardis/lib/python3.12/site-packages (from httpx>=0.25.0->jupyterlab<4.3,>=4.2.0->notebook>=4.4.1->widgetsnbextension~=3.6.5->ipywidgets>=7.0.0->qgridnext) (1.0.5)
2025-02-11T05:59:39.5301354Z Requirement already satisfied: h11<0.15,>=0.13 in /home/runner/micromamba/envs/tardis/lib/python3.12/site-packages (from httpcore==1.*->httpx>=0.25.0->jupyterlab<4.3,>=4.2.0->notebook>=4.4.1->widgetsnbextension~=3.6.5->ipywidgets>=7.0.0->qgridnext) (0.14.0)
2025-02-11T05:59:39.5487442Z Requirement already satisfied: debugpy>=1.6.5 in /home/runner/micromamba/envs/tardis/lib/python3.12/site-packages (from ipykernel>=6.5.0->jupyterlab<4.3,>=4.2.0->notebook>=4.4.1->widgetsnbextension~=3.6.5->ipywidgets>=7.0.0->qgridnext) (1.8.1)
2025-02-11T05:59:39.5509689Z Requirement already satisfied: nest-asyncio in /home/runner/micromamba/envs/tardis/lib/python3.12/site-packages (from ipykernel>=6.5.0->jupyterlab<4.3,>=4.2.0->notebook>=4.4.1->widgetsnbextension~=3.6.5->ipywidgets>=7.0.0->qgridnext) (1.6.0)
2025-02-11T05:59:39.5525286Z Requirement already satisfied: psutil in /home/runner/micromamba/envs/tardis/lib/python3.12/site-packages (from ipykernel>=6.5.0->jupyterlab<4.3,>=4.2.0->notebook>=4.4.1->widgetsnbextension~=3.6.5->ipywidgets>=7.0.0->qgridnext) (5.9.8)
2025-02-11T05:59:39.5588428Z Requirement already satisfied: MarkupSafe>=2.0 in /home/runner/micromamba/envs/tardis/lib/python3.12/site-packages (from jinja2>=3.0.3->jupyter-server<3,>=2.4.0->notebook>=4.4.1->widgetsnbextension~=3.6.5->ipywidgets>=7.0.0->qgridnext) (2.1.5)
2025-02-11T05:59:39.5780622Z Requirement already satisfied: attrs>=22.2.0 in /home/runner/micromamba/envs/tardis/lib/python3.12/site-packages (from jsonschema>=4.18.0->jupyterlab-server<3,>=2.27.1->notebook>=4.4.1->widgetsnbextension~=3.6.5->ipywidgets>=7.0.0->qgridnext) (23.2.0)
2025-02-11T05:59:39.5791791Z Requirement already satisfied: jsonschema-specifications>=2023.03.6 in /home/runner/micromamba/envs/tardis/lib/python3.12/site-packages (from jsonschema>=4.18.0->jupyterlab-server<3,>=2.27.1->notebook>=4.4.1->widgetsnbextension~=3.6.5->ipywidgets>=7.0.0->qgridnext) (2023.12.1)
2025-02-11T05:59:39.5801153Z Requirement already satisfied: referencing>=0.28.4 in /home/runner/micromamba/envs/tardis/lib/python3.12/site-packages (from jsonschema>=4.18.0->jupyterlab-server<3,>=2.27.1->notebook>=4.4.1->widgetsnbextension~=3.6.5->ipywidgets>=7.0.0->qgridnext) (0.35.1)
2025-02-11T05:59:39.5810977Z Requirement already satisfied: rpds-py>=0.7.1 in /home/runner/micromamba/envs/tardis/lib/python3.12/site-packages (from jsonschema>=4.18.0->jupyterlab-server<3,>=2.27.1->notebook>=4.4.1->widgetsnbextension~=3.6.5->ipywidgets>=7.0.0->qgridnext) (0.18.1)
2025-02-11T05:59:39.6071639Z Requirement already satisfied: platformdirs>=2.5 in /home/runner/micromamba/envs/tardis/lib/python3.12/site-packages (from jupyter-core!=5.0.*,>=4.12->jupyter-server<3,>=2.4.0->notebook>=4.4.1->widgetsnbextension~=3.6.5->ipywidgets>=7.0.0->qgridnext) (4.2.2)
2025-02-11T05:59:39.6221247Z Requirement already satisfied: python-json-logger>=2.0.4 in /home/runner/micromamba/envs/tardis/lib/python3.12/site-packages (from jupyter-events>=0.9.0->jupyter-server<3,>=2.4.0->notebook>=4.4.1->widgetsnbextension~=3.6.5->ipywidgets>=7.0.0->qgridnext) (2.0.7)
2025-02-11T05:59:39.6230982Z Requirement already satisfied: pyyaml>=5.3 in /home/runner/micromamba/envs/tardis/lib/python3.12/site-packages (from jupyter-events>=0.9.0->jupyter-server<3,>=2.4.0->notebook>=4.4.1->widgetsnbextension~=3.6.5->ipywidgets>=7.0.0->qgridnext) (6.0.1)
2025-02-11T05:59:39.6242377Z Requirement already satisfied: rfc3339-validator in /home/runner/micromamba/envs/tardis/lib/python3.12/site-packages (from jupyter-events>=0.9.0->jupyter-server<3,>=2.4.0->notebook>=4.4.1->widgetsnbextension~=3.6.5->ipywidgets>=7.0.0->qgridnext) (0.1.4)
2025-02-11T05:59:39.6251867Z Requirement already satisfied: rfc3986-validator>=0.1.1 in /home/runner/micromamba/envs/tardis/lib/python3.12/site-packages (from jupyter-events>=0.9.0->jupyter-server<3,>=2.4.0->notebook>=4.4.1->widgetsnbextension~=3.6.5->ipywidgets>=7.0.0->qgridnext) (0.1.1)
2025-02-11T05:59:39.6668939Z Requirement already satisfied: beautifulsoup4 in /home/runner/micromamba/envs/tardis/lib/python3.12/site-packages (from nbconvert>=6.4.4->jupyter-server<3,>=2.4.0->notebook>=4.4.1->widgetsnbextension~=3.6.5->ipywidgets>=7.0.0->qgridnext) (4.12.3)
2025-02-11T05:59:39.6689087Z Requirement already satisfied: bleach!=5.0.0 in /home/runner/micromamba/envs/tardis/lib/python3.12/site-packages (from nbconvert>=6.4.4->jupyter-server<3,>=2.4.0->notebook>=4.4.1->widgetsnbextension~=3.6.5->ipywidgets>=7.0.0->qgridnext) (6.1.0)
2025-02-11T05:59:39.6704416Z Requirement already satisfied: defusedxml in /home/runner/micromamba/envs/tardis/lib/python3.12/site-packages (from nbconvert>=6.4.4->jupyter-server<3,>=2.4.0->notebook>=4.4.1->widgetsnbextension~=3.6.5->ipywidgets>=7.0.0->qgridnext) (0.7.1)
2025-02-11T05:59:39.6719256Z Requirement already satisfied: jupyterlab-pygments in /home/runner/micromamba/envs/tardis/lib/python3.12/site-packages (from nbconvert>=6.4.4->jupyter-server<3,>=2.4.0->notebook>=4.4.1->widgetsnbextension~=3.6.5->ipywidgets>=7.0.0->qgridnext) (0.3.0)
2025-02-11T05:59:39.6731623Z Requirement already satisfied: mistune<4,>=2.0.3 in /home/runner/micromamba/envs/tardis/lib/python3.12/site-packages (from nbconvert>=6.4.4->jupyter-server<3,>=2.4.0->notebook>=4.4.1->widgetsnbextension~=3.6.5->ipywidgets>=7.0.0->qgridnext) (3.0.2)
2025-02-11T05:59:39.6744622Z Requirement already satisfied: nbclient>=0.5.0 in /home/runner/micromamba/envs/tardis/lib/python3.12/site-packages (from nbconvert>=6.4.4->jupyter-server<3,>=2.4.0->notebook>=4.4.1->widgetsnbextension~=3.6.5->ipywidgets>=7.0.0->qgridnext) (0.10.0)
2025-02-11T05:59:39.6765056Z Requirement already satisfied: pandocfilters>=1.4.1 in /home/runner/micromamba/envs/tardis/lib/python3.12/site-packages (from nbconvert>=6.4.4->jupyter-server<3,>=2.4.0->notebook>=4.4.1->widgetsnbextension~=3.6.5->ipywidgets>=7.0.0->qgridnext) (1.5.0)
2025-02-11T05:59:39.6775680Z Requirement already satisfied: tinycss2 in /home/runner/micromamba/envs/tardis/lib/python3.12/site-packages (from nbconvert>=6.4.4->jupyter-server<3,>=2.4.0->notebook>=4.4.1->widgetsnbextension~=3.6.5->ipywidgets>=7.0.0->qgridnext) (1.3.0)
2025-02-11T05:59:39.6889254Z Requirement already satisfied: fastjsonschema>=2.15 in /home/runner/micromamba/envs/tardis/lib/python3.12/site-packages (from nbformat>=5.3.0->jupyter-server<3,>=2.4.0->notebook>=4.4.1->widgetsnbextension~=3.6.5->ipywidgets>=7.0.0->qgridnext) (2.20.0)
2025-02-11T05:59:39.7192500Z Requirement already satisfied: charset-normalizer<4,>=2 in /home/runner/micromamba/envs/tardis/lib/python3.12/site-packages (from requests>=2.31->jupyterlab-server<3,>=2.27.1->notebook>=4.4.1->widgetsnbextension~=3.6.5->ipywidgets>=7.0.0->qgridnext) (3.3.2)
2025-02-11T05:59:39.7207483Z Requirement already satisfied: urllib3<3,>=1.21.1 in /home/runner/micromamba/envs/tardis/lib/python3.12/site-packages (from requests>=2.31->jupyterlab-server<3,>=2.27.1->notebook>=4.4.1->widgetsnbextension~=3.6.5->ipywidgets>=7.0.0->qgridnext) (2.2.2)
2025-02-11T05:59:39.7982369Z Requirement already satisfied: webencodings in /home/runner/micromamba/envs/tardis/lib/python3.12/site-packages (from bleach!=5.0.0->nbconvert>=6.4.4->jupyter-server<3,>=2.4.0->notebook>=4.4.1->widgetsnbextension~=3.6.5->ipywidgets>=7.0.0->qgridnext) (0.5.1)
2025-02-11T05:59:39.8546791Z Requirement already satisfied: fqdn in /home/runner/micromamba/envs/tardis/lib/python3.12/site-packages (from jsonschema[format-nongpl]>=4.18.0->jupyter-events>=0.9.0->jupyter-server<3,>=2.4.0->notebook>=4.4.1->widgetsnbextension~=3.6.5->ipywidgets>=7.0.0->qgridnext) (1.5.1)
2025-02-11T05:59:39.8565611Z Requirement already satisfied: isoduration in /home/runner/micromamba/envs/tardis/lib/python3.12/site-packages (from jsonschema[format-nongpl]>=4.18.0->jupyter-events>=0.9.0->jupyter-server<3,>=2.4.0->notebook>=4.4.1->widgetsnbextension~=3.6.5->ipywidgets>=7.0.0->qgridnext) (20.11.0)
2025-02-11T05:59:39.8579968Z Requirement already satisfied: jsonpointer>1.13 in /home/runner/micromamba/envs/tardis/lib/python3.12/site-packages (from jsonschema[format-nongpl]>=4.18.0->jupyter-events>=0.9.0->jupyter-server<3,>=2.4.0->notebook>=4.4.1->widgetsnbextension~=3.6.5->ipywidgets>=7.0.0->qgridnext) (3.0.0)
2025-02-11T05:59:39.8598348Z Requirement already satisfied: uri-template in /home/runner/micromamba/envs/tardis/lib/python3.12/site-packages (from jsonschema[format-nongpl]>=4.18.0->jupyter-events>=0.9.0->jupyter-server<3,>=2.4.0->notebook>=4.4.1->widgetsnbextension~=3.6.5->ipywidgets>=7.0.0->qgridnext) (1.3.0)
2025-02-11T05:59:39.8612862Z Requirement already satisfied: webcolors>=1.11 in /home/runner/micromamba/envs/tardis/lib/python3.12/site-packages (from jsonschema[format-nongpl]>=4.18.0->jupyter-events>=0.9.0->jupyter-server<3,>=2.4.0->notebook>=4.4.1->widgetsnbextension~=3.6.5->ipywidgets>=7.0.0->qgridnext) (24.6.0)
2025-02-11T05:59:39.9631247Z Requirement already satisfied: cffi>=1.0.1 in /home/runner/micromamba/envs/tardis/lib/python3.12/site-packages (from argon2-cffi-bindings->argon2-cffi>=21.1->jupyter-server<3,>=2.4.0->notebook>=4.4.1->widgetsnbextension~=3.6.5->ipywidgets>=7.0.0->qgridnext) (1.16.0)
2025-02-11T05:59:39.9729668Z Requirement already satisfied: soupsieve>1.2 in /home/runner/micromamba/envs/tardis/lib/python3.12/site-packages (from beautifulsoup4->nbconvert>=6.4.4->jupyter-server<3,>=2.4.0->notebook>=4.4.1->widgetsnbextension~=3.6.5->ipywidgets>=7.0.0->qgridnext) (2.5)
2025-02-11T05:59:40.0255079Z Requirement already satisfied: pycparser in /home/runner/micromamba/envs/tardis/lib/python3.12/site-packages (from cffi>=1.0.1->argon2-cffi-bindings->argon2-cffi>=21.1->jupyter-server<3,>=2.4.0->notebook>=4.4.1->widgetsnbextension~=3.6.5->ipywidgets>=7.0.0->qgridnext) (2.22)
2025-02-11T05:59:40.0759249Z Requirement already satisfied: arrow>=0.15.0 in /home/runner/micromamba/envs/tardis/lib/python3.12/site-packages (from isoduration->jsonschema[format-nongpl]>=4.18.0->jupyter-events>=0.9.0->jupyter-server<3,>=2.4.0->notebook>=4.4.1->widgetsnbextension~=3.6.5->ipywidgets>=7.0.0->qgridnext) (1.3.0)
2025-02-11T05:59:40.1054937Z Requirement already satisfied: types-python-dateutil>=2.8.10 in /home/runner/micromamba/envs/tardis/lib/python3.12/site-packages (from arrow>=0.15.0->isoduration->jsonschema[format-nongpl]>=4.18.0->jupyter-events>=0.9.0->jupyter-server<3,>=2.4.0->notebook>=4.4.1->widgetsnbextension~=3.6.5->ipywidgets>=7.0.0->qgridnext) (2.9.0.20240316)
2025-02-11T05:59:40.1378174Z Downloading qgridnext-2.0.4-py3-none-any.whl (1.3 MB)
2025-02-11T05:59:40.1741687Z    â”â”â”â”â”â”â”â”â”â”â”â”â”â”â”â”â”â”â”â”â”â”â”â”â”â”â”â”â”â”â”â”â”â”â”â”â”â”â”â” 1.3/1.3 MB 36.9 MB/s eta 0:00:00
2025-02-11T05:59:40.9635176Z Installing collected packages: qgridnext
2025-02-11T05:59:41.0316827Z Successfully installed qgridnext-2.0.4
2025-02-11T05:59:41.2096983Z ##[group]Run pytest tardis --tardis-regression-data=/home/runner/work/tardis/tardis/tardis-regression-data --cov=tardis --cov-report=xml --cov-report=html --cov-append -m "not continuum"
2025-02-11T05:59:41.2098550Z [36;1mpytest tardis --tardis-regression-data=/home/runner/work/tardis/tardis/tardis-regression-data --cov=tardis --cov-report=xml --cov-report=html --cov-append -m "not continuum"[0m
2025-02-11T05:59:41.2125651Z shell: /usr/bin/bash -l {0}
2025-02-11T05:59:41.2125914Z env:
2025-02-11T05:59:41.2126099Z   CACHE_NUMBER: 0
2025-02-11T05:59:41.2126717Z   PYTEST_FLAGS: --tardis-regression-data=/home/runner/work/tardis/tardis/tardis-regression-data --cov=tardis --cov-report=xml --cov-report=html --cov-append
2025-02-11T05:59:41.2127359Z   CODECOV_TOKEN: 
2025-02-11T05:59:41.2127591Z   MAMBA_ROOT_PREFIX: /home/runner/micromamba
2025-02-11T05:59:41.2127905Z   MAMBA_EXE: /home/runner/micromamba-bin/micromamba
2025-02-11T05:59:41.2128417Z   CONDARC: /home/runner/work/_temp/setup-micromamba/.condarc
2025-02-11T05:59:41.2128739Z ##[endgroup]
2025-02-11T05:59:49.5211763Z ============================= test session starts ==============================
2025-02-11T05:59:49.5212509Z platform linux -- Python 3.12.4, pytest-8.2.2, pluggy-1.5.0
2025-02-11T05:59:49.5213130Z rootdir: /home/runner/work/tardis/tardis
2025-02-11T05:59:49.5213646Z configfile: pyproject.toml
2025-02-11T05:59:49.5214408Z plugins: anyio-4.4.0, doctestplus-1.2.1, html-4.1.1, metadata-3.1.1, cov-5.0.0
2025-02-11T05:59:49.5215518Z collected 1796 items / 2 deselected / 1794 selected
2025-02-11T05:59:49.5215908Z 
2025-02-11T05:59:54.3371810Z tardis/energy_input/tests/test_energy_source.py ..xxx                    [  0%]
2025-02-11T05:59:57.2853787Z tardis/energy_input/tests/test_gamma_ray_channel.py ...........          [  0%]
2025-02-11T05:59:58.8228571Z tardis/energy_input/tests/test_gamma_ray_grid.py xx.                     [  1%]
2025-02-11T06:00:00.6477524Z tardis/energy_input/tests/test_gamma_ray_interactions.py xx....          [  1%]
2025-02-11T06:00:00.6590142Z tardis/energy_input/tests/test_gamma_ray_packet_source.py sssssssss      [  1%]
2025-02-11T06:00:02.0650235Z tardis/energy_input/tests/test_util.py .....xxxx.....                    [  2%]
2025-02-11T06:00:02.4935728Z tardis/grid/tests/test_grid.py .                                         [  2%]
2025-02-11T06:00:02.4951114Z tardis/gui/tests/test_gui.py s                                           [  2%]
2025-02-11T06:00:05.9289530Z tardis/io/configuration/tests/test_config_reader.py ...........          [  3%]
2025-02-11T06:00:05.9413404Z tardis/io/configuration/tests/test_configuration_namespace.py .........  [  3%]
2025-02-11T06:00:05.9677532Z tardis/io/logger/tests/test_logging.py ssssssssssssssssssssssssssss      [  5%]
2025-02-11T06:00:43.0836600Z tardis/io/model/readers/tests/test_arepo_parser.py ..                    [  5%]
2025-02-11T06:00:43.0983146Z tardis/io/model/readers/tests/test_ascii_readers.py ...                  [  5%]
2025-02-11T06:00:43.1087906Z tardis/io/model/readers/tests/test_cmfgen_reader.py ..                   [  5%]
2025-02-11T06:00:43.1414049Z tardis/io/model/readers/tests/test_csvy_reader.py ....                   [  6%]
2025-02-11T06:00:43.1633201Z tardis/io/model/readers/tests/test_stella_reader.py ..                   [  6%]
2025-02-11T06:00:43.4731596Z tardis/io/tests/test_HDFWriter.py ...............                        [  7%]
2025-02-11T06:00:43.7910473Z tardis/io/tests/test_atomic.py .....                                     [  7%]
2025-02-11T06:00:43.8106754Z tardis/io/tests/test_decay.py ..                                         [  7%]
2025-02-11T06:00:44.0063625Z tardis/io/tests/test_model_reader.py ......                              [  7%]
2025-02-11T06:00:44.0130146Z tardis/model/geometry/tests/test_radial1d.py ..                          [  7%]
2025-02-11T06:01:42.7805369Z tardis/model/tests/test_base.py ........................................ [ 10%]
2025-02-11T06:01:43.7754444Z ............                                                             [ 10%]
2025-02-11T06:01:46.8650472Z tardis/model/tests/test_csvy_model.py .........                          [ 11%]
2025-02-11T06:01:46.9139138Z tardis/model/tests/test_density.py ..                                    [ 11%]
2025-02-11T06:01:48.2286169Z tardis/opacities/tests/test_opacity_solver.py .....                      [ 11%]
2025-02-11T06:01:49.5670059Z tardis/opacities/tests/test_opacity_state_numba.py .....                 [ 11%]
2025-02-11T06:01:51.2120764Z tardis/opacities/tests/test_tau_sobolev.py ..                            [ 12%]
2025-02-11T06:01:54.3140265Z tardis/plasma/equilibrium/tests/test_collisional_transitions.py ...      [ 12%]
2025-02-11T06:02:19.6895643Z ##[error]The operation was canceled.
2025-02-11T06:02:19.6965641Z Post job cleanup.
2025-02-11T06:02:19.6996519Z Post job cleanup.
2025-02-11T06:02:19.8352064Z Will use pre-installed micromamba at /home/runner/micromamba-bin/micromamba
2025-02-11T06:02:19.8358140Z Removing micromamba run shell ...
2025-02-11T06:02:19.8362421Z ##[group]Deinitialize micromamba for bash
2025-02-11T06:02:19.8384975Z [command]/home/runner/micromamba-bin/micromamba shell deinit -s bash -r /home/runner/micromamba --log-level warning --rc-file /home/runner/work/_temp/setup-micromamba/.condarc
2025-02-11T06:02:19.8500677Z Resetting RC file "/home/runner/.bashrc"
2025-02-11T06:02:19.8501234Z Deleting config for root prefix 
2025-02-11T06:02:19.8501741Z Clearing mamba executable environment variable
2025-02-11T06:02:19.8502361Z Removing the following in your "/home/runner/.bashrc" file
2025-02-11T06:02:19.8503343Z # >>> mamba initialize >>>
2025-02-11T06:02:19.8503695Z ...
2025-02-11T06:02:19.8503994Z # <<< mamba initialize <<<
2025-02-11T06:02:19.8538444Z Removing mamba initialize block from .bash_profile
2025-02-11T06:02:19.8555248Z ##[endgroup]
2025-02-11T06:02:19.8560790Z Removing environment tardis from auto-activate bash ...
2025-02-11T06:02:19.8686603Z Post job cleanup.
2025-02-11T06:02:19.8743645Z Post job cleanup.
2025-02-11T06:02:19.9768302Z [command]/usr/bin/git version
2025-02-11T06:02:19.9810099Z git version 2.48.1
2025-02-11T06:02:19.9874869Z Temporarily overriding HOME='/home/runner/work/_temp/6266ca64-a5b7-4881-ad6c-13a31817937c' before making global git config changes
2025-02-11T06:02:19.9880343Z Adding repository directory to the temporary git global config as a safe directory
2025-02-11T06:02:19.9881531Z [command]/usr/bin/git config --global --add safe.directory /home/runner/work/tardis/tardis/tardis-regression-data
2025-02-11T06:02:19.9928382Z [command]/usr/bin/git config --local --name-only --get-regexp core\.sshCommand
2025-02-11T06:02:19.9974736Z [command]/usr/bin/git submodule foreach --recursive sh -c "git config --local --name-only --get-regexp 'core\.sshCommand' && git config --local --unset-all 'core.sshCommand' || :"
2025-02-11T06:02:20.0302703Z [command]/usr/bin/git config --local --name-only --get-regexp http\.https\:\/\/github\.com\/\.extraheader
2025-02-11T06:02:20.0336875Z http.https://github.com/.extraheader
2025-02-11T06:02:20.0353697Z [command]/usr/bin/git config --local --unset-all http.https://github.com/.extraheader
2025-02-11T06:02:20.0400276Z [command]/usr/bin/git submodule foreach --recursive sh -c "git config --local --name-only --get-regexp 'http\.https\:\/\/github\.com\/\.extraheader' && git config --local --unset-all 'http.https://github.com/.extraheader' || :"
2025-02-11T06:02:20.0902296Z Post job cleanup.
2025-02-11T06:02:20.1902243Z [command]/usr/bin/git version
2025-02-11T06:02:20.1951087Z git version 2.48.1
2025-02-11T06:02:20.1996251Z Temporarily overriding HOME='/home/runner/work/_temp/418c5047-b544-44a0-958e-21d31fc63365' before making global git config changes
2025-02-11T06:02:20.1999284Z Adding repository directory to the temporary git global config as a safe directory
2025-02-11T06:02:20.2002276Z [command]/usr/bin/git config --global --add safe.directory /home/runner/work/tardis/tardis
2025-02-11T06:02:20.2043466Z [command]/usr/bin/git config --local --name-only --get-regexp core\.sshCommand
2025-02-11T06:02:20.2081969Z [command]/usr/bin/git submodule foreach --recursive sh -c "git config --local --name-only --get-regexp 'core\.sshCommand' && git config --local --unset-all 'core.sshCommand' || :"
2025-02-11T06:02:20.2350868Z [command]/usr/bin/git config --local --name-only --get-regexp http\.https\:\/\/github\.com\/\.extraheader
2025-02-11T06:02:20.2374970Z http.https://github.com/.extraheader
2025-02-11T06:02:20.2392153Z [command]/usr/bin/git config --local --unset-all http.https://github.com/.extraheader
2025-02-11T06:02:20.2427435Z [command]/usr/bin/git submodule foreach --recursive sh -c "git config --local --name-only --get-regexp 'http\.https\:\/\/github\.com\/\.extraheader' && git config --local --unset-all 'http.https://github.com/.extraheader' || :"
2025-02-11T06:02:20.2825221Z Cleaning up orphan processes
2025-02-11T06:02:20.3055722Z Terminate orphan process: pid (2576) (pytest)
