2025-01-15T14:32:00.9174740Z Prepare all required actions
2025-01-15T14:32:00.9175480Z Getting action download info
2025-01-15T14:32:01.1775450Z Download action repository 'mamba-org/setup-micromamba@v1' (SHA:4b9113af4fba0e9e1124b252dd6497a419e7396d)
2025-01-15T14:32:02.4805190Z ##[group]Run ./.github/actions/setup_env
2025-01-15T14:32:02.4805520Z with:
2025-01-15T14:32:02.4805680Z   os-label: osx-arm64
2025-01-15T14:32:02.4805860Z env:
2025-01-15T14:32:02.4805990Z   CACHE_NUMBER: 0
2025-01-15T14:32:02.4806470Z   PYTEST_FLAGS: --tardis-regression-data=/Users/runner/work/tardis/tardis/tardis-regression-data --cov=tardis --cov-report=xml --cov-report=html --cov-append
2025-01-15T14:32:02.4807000Z   CODECOV_TOKEN: 
2025-01-15T14:32:02.4807140Z ##[endgroup]
2025-01-15T14:32:02.4870120Z ##[group]Run file_hash=$(cat conda-osx-arm64.lock | shasum -a 256 | cut -d' ' -f1)
2025-01-15T14:32:02.4871550Z [36;1mfile_hash=$(cat conda-osx-arm64.lock | shasum -a 256 | cut -d' ' -f1)[0m
2025-01-15T14:32:02.4872490Z [36;1mecho "file_hash=$file_hash" >> "${GITHUB_OUTPUT}"[0m
2025-01-15T14:32:02.4966790Z shell: /bin/bash --noprofile --norc -e -o pipefail {0}
2025-01-15T14:32:02.4967470Z env:
2025-01-15T14:32:02.4967870Z   CACHE_NUMBER: 0
2025-01-15T14:32:02.4969710Z   PYTEST_FLAGS: --tardis-regression-data=/Users/runner/work/tardis/tardis/tardis-regression-data --cov=tardis --cov-report=xml --cov-report=html --cov-append
2025-01-15T14:32:02.4971360Z   CODECOV_TOKEN: 
2025-01-15T14:32:02.4971780Z ##[endgroup]
2025-01-15T14:32:02.7663550Z ##[group]Run mamba-org/setup-micromamba@v1
2025-01-15T14:32:02.7664250Z with:
2025-01-15T14:32:02.7664720Z   environment-file: conda-osx-arm64.lock
2025-01-15T14:32:02.7666180Z   cache-environment-key: 354e2cc8bd515676980814f312c10753c2dc4a43f483398b98b444c582fdd35f
2025-01-15T14:32:02.7666750Z   cache-downloads-key: 354e2cc8bd515676980814f312c10753c2dc4a43f483398b98b444c582fdd35f
2025-01-15T14:32:02.7667140Z   environment-name: tardis
2025-01-15T14:32:02.7667320Z   cache-environment: true
2025-01-15T14:32:02.7667490Z   cache-downloads: true
2025-01-15T14:32:02.7667730Z env:
2025-01-15T14:32:02.7668410Z   CACHE_NUMBER: 0
2025-01-15T14:32:02.7668970Z   PYTEST_FLAGS: --tardis-regression-data=/Users/runner/work/tardis/tardis/tardis-regression-data --cov=tardis --cov-report=xml --cov-report=html --cov-append
2025-01-15T14:32:02.7669600Z   CODECOV_TOKEN: 
2025-01-15T14:32:02.7669760Z ##[endgroup]
2025-01-15T14:32:03.4435270Z Will download micromamba to /Users/runner/micromamba-bin/micromamba
2025-01-15T14:32:03.4448170Z ##[group]Install micromamba
2025-01-15T14:32:04.2060740Z micromamba installed to /Users/runner/micromamba-bin/micromamba
2025-01-15T14:32:04.2062160Z ##[endgroup]
2025-01-15T14:32:04.2063660Z Adding conda-forge to condarc channels ...
2025-01-15T14:32:04.2096690Z ##[group]Initialize micromamba for bash.
2025-01-15T14:32:04.2111080Z [command]/Users/runner/micromamba-bin/micromamba shell init -s bash -r /Users/runner/micromamba --log-level warning --rc-file /Users/runner/work/_temp/setup-micromamba/.condarc
2025-01-15T14:32:04.2418290Z Modifying RC file "/Users/runner/.bash_profile"
2025-01-15T14:32:04.2419170Z Generating config for root prefix [1m"/Users/runner/micromamba"[0m
2025-01-15T14:32:04.2419660Z Setting mamba executable to: [1m"/Users/runner/micromamba-bin/micromamba"[0m
2025-01-15T14:32:04.2420900Z Adding (or replacing) the following in your "/Users/runner/.bash_profile" file
2025-01-15T14:32:04.2421250Z 
2025-01-15T14:32:04.2421430Z # >>> mamba initialize >>>
2025-01-15T14:32:04.2421790Z # !! Contents within this block are managed by 'mamba init' !!
2025-01-15T14:32:04.2422150Z export MAMBA_EXE='/Users/runner/micromamba-bin/micromamba';
2025-01-15T14:32:04.2425270Z export MAMBA_ROOT_PREFIX='/Users/runner/micromamba';
2025-01-15T14:32:04.2425810Z __mamba_setup="$("$MAMBA_EXE" shell hook --shell bash --root-prefix "$MAMBA_ROOT_PREFIX" 2> /dev/null)"
2025-01-15T14:32:04.2426400Z if [ $? -eq 0 ]; then
2025-01-15T14:32:04.2426750Z     eval "$__mamba_setup"
2025-01-15T14:32:04.2427000Z else
2025-01-15T14:32:04.2427750Z     alias micromamba="$MAMBA_EXE"  # Fallback on help from mamba activate
2025-01-15T14:32:04.2428320Z fi
2025-01-15T14:32:04.2428450Z unset __mamba_setup
2025-01-15T14:32:04.2428670Z # <<< mamba initialize <<<
2025-01-15T14:32:04.2428870Z 
2025-01-15T14:32:04.2451530Z ##[endgroup]
2025-01-15T14:32:04.2454080Z ##[group]Restoring downloads from `/Users/runner/micromamba/pkgs` ...
2025-01-15T14:32:05.6198370Z Received 29360128 of 310634157 (9.5%), 27.9 MBs/sec
2025-01-15T14:32:06.6258440Z Received 88080384 of 310634157 (28.4%), 41.8 MBs/sec
2025-01-15T14:32:07.6271110Z Received 155189248 of 310634157 (50.0%), 49.2 MBs/sec
2025-01-15T14:32:08.6271090Z Received 213909504 of 310634157 (68.9%), 50.9 MBs/sec
2025-01-15T14:32:09.6273270Z Received 264241152 of 310634157 (85.1%), 50.3 MBs/sec
2025-01-15T14:32:10.2533220Z Cache Size: ~296 MB (310634157 B)
2025-01-15T14:32:10.2618160Z [command]/opt/homebrew/bin/gtar -xf /Users/runner/work/_temp/902c9868-53a7-4799-9258-4c1091356e59/cache.tzst -P -C /Users/runner/work/tardis/tardis --delay-directory-restore --use-compress-program unzstd
2025-01-15T14:32:10.6295460Z Received 310634157 of 310634157 (100.0%), 49.3 MBs/sec
2025-01-15T14:32:11.2247910Z Cache restored successfully
2025-01-15T14:32:11.2315670Z Restored cache with key `354e2cc8bd515676980814f312c10753c2dc4a43f483398b98b444c582fdd35f-osx-arm64`
2025-01-15T14:32:11.2324620Z ##[endgroup]
2025-01-15T14:32:11.2372980Z ##[group]Restoring environment `tardis` from `/Users/runner/micromamba/envs/tardis` ...
2025-01-15T14:32:12.5755970Z Received 29360128 of 385976706 (7.6%), 28.0 MBs/sec
2025-01-15T14:32:13.5760060Z Received 79691776 of 385976706 (20.6%), 38.0 MBs/sec
2025-01-15T14:32:14.5770790Z Received 134217728 of 385976706 (34.8%), 42.7 MBs/sec
2025-01-15T14:32:15.5774600Z Received 188743680 of 385976706 (48.9%), 45.0 MBs/sec
2025-01-15T14:32:16.5771990Z Received 239075328 of 385976706 (61.9%), 45.6 MBs/sec
2025-01-15T14:32:17.5772920Z Received 306184192 of 385976706 (79.3%), 48.7 MBs/sec
2025-01-15T14:32:18.5792450Z Received 373393794 of 385976706 (96.7%), 50.8 MBs/sec
2025-01-15T14:32:18.9465270Z Cache Size: ~368 MB (385976706 B)
2025-01-15T14:32:18.9539260Z [command]/opt/homebrew/bin/gtar -xf /Users/runner/work/_temp/cbcf0de0-b7f7-4bd6-b4ae-02a2964b4ce7/cache.tzst -P -C /Users/runner/work/tardis/tardis --delay-directory-restore --use-compress-program unzstd
2025-01-15T14:32:19.5835080Z Received 385976706 of 385976706 (100.0%), 46.0 MBs/sec
2025-01-15T14:32:37.4855710Z Cache restored successfully
2025-01-15T14:32:37.4965870Z Restored cache with key `354e2cc8bd515676980814f312c10753c2dc4a43f483398b98b444c582fdd35f-osx-arm64-tardis-args-4f53cda-root-873f6fe-bin-[object Promise]-file-354e2cc8bd515676980814f312c10753c2dc4a43f483398b98b444c582fdd35f`
2025-01-15T14:32:37.4967920Z ##[endgroup]
2025-01-15T14:32:37.5070110Z Adding environment tardis to auto-activate bash ...
2025-01-15T14:32:37.5307380Z Generating micromamba run shell.
2025-01-15T14:32:37.5354990Z ##[endgroup]
2025-01-15T14:32:37.5356300Z Set environment variables.
2025-01-15T14:32:37.5358200Z ##[group]micromamba info
2025-01-15T14:32:37.5366860Z [command]/Users/runner/micromamba-bin/micromamba info -r /Users/runner/micromamba -n tardis
2025-01-15T14:32:38.0139060Z 
2025-01-15T14:32:38.0145970Z        libmamba version : 1.5.10
2025-01-15T14:32:38.0182090Z      micromamba version : 1.5.10
2025-01-15T14:32:38.0183230Z            curl version : libcurl/8.10.1 (OpenSSL/3.3.2) SecureTransport zlib/1.3.1 zstd/1.5.6 libssh2/1.11.0 nghttp2/1.58.0
2025-01-15T14:32:38.0184540Z      libarchive version : libarchive 3.7.4 zlib/1.2.13 bz2lib/1.0.8 libzstd/1.5.6
2025-01-15T14:32:38.0185630Z        envs directories : /Users/runner/micromamba/envs
2025-01-15T14:32:38.0186370Z           package cache : /Users/runner/micromamba/pkgs
2025-01-15T14:32:38.0187200Z                           /Users/runner/.mamba/pkgs
2025-01-15T14:32:38.0187850Z             environment : tardis
2025-01-15T14:32:38.0188600Z            env location : /Users/runner/micromamba/envs/tardis
2025-01-15T14:32:38.0192420Z       user config files : /Users/runner/.mambarc
2025-01-15T14:32:38.0193430Z  populated config files : /Users/runner/work/_temp/setup-micromamba/.condarc
2025-01-15T14:32:38.0194340Z        virtual packages : __unix=0=0
2025-01-15T14:32:38.0195080Z                           __osx=14.7.2=0
2025-01-15T14:32:38.0195700Z                           __archspec=1=arm64
2025-01-15T14:32:38.0196790Z                channels : https://conda.anaconda.org/conda-forge/osx-arm64
2025-01-15T14:32:38.0197760Z                           https://conda.anaconda.org/conda-forge/noarch
2025-01-15T14:32:38.0198540Z        base environment : /Users/runner/micromamba
2025-01-15T14:32:38.0199310Z                platform : osx-arm64
2025-01-15T14:32:38.0201170Z ##[endgroup]
2025-01-15T14:32:38.0202040Z ##[group]micromamba list
2025-01-15T14:32:38.0203330Z [command]/Users/runner/micromamba-bin/micromamba list -r /Users/runner/micromamba -n tardis
2025-01-15T14:32:38.5607370Z List of packages in environment: "/Users/runner/micromamba/envs/tardis"
2025-01-15T14:32:38.5609860Z 
2025-01-15T14:32:38.5610570Z   Name                           Version              Build                    Channel    
2025-01-15T14:32:38.5612540Z â”€â”€â”€â”€â”€â”€â”€â”€â”€â”€â”€â”€â”€â”€â”€â”€â”€â”€â”€â”€â”€â”€â”€â”€â”€â”€â”€â”€â”€â”€â”€â”€â”€â”€â”€â”€â”€â”€â”€â”€â”€â”€â”€â”€â”€â”€â”€â”€â”€â”€â”€â”€â”€â”€â”€â”€â”€â”€â”€â”€â”€â”€â”€â”€â”€â”€â”€â”€â”€â”€â”€â”€â”€â”€â”€â”€â”€â”€â”€â”€â”€â”€â”€â”€â”€â”€â”€â”€â”€â”€â”€â”€
2025-01-15T14:32:38.5613160Z   alabaster                      0.7.16               pyhd8ed1ab_0             conda-forge
2025-01-15T14:32:38.5613640Z   anyio                          4.4.0                pyhd8ed1ab_0             conda-forge
2025-01-15T14:32:38.5614160Z   appnope                        0.1.4                pyhd8ed1ab_1             conda-forge
2025-01-15T14:32:38.5614630Z   argon2-cffi                    23.1.0               pyhd8ed1ab_1             conda-forge
2025-01-15T14:32:38.5615220Z   argon2-cffi-bindings           21.2.0               py312h024a12e_5          conda-forge
2025-01-15T14:32:38.5615770Z   arrow                          1.3.0                pyhd8ed1ab_1             conda-forge
2025-01-15T14:32:38.5616290Z   astropy                        6.1.1                py312hbebd99a_1          conda-forge
2025-01-15T14:32:38.5616820Z   astropy-iers-data              0.2024.6.17.0.31.35  pyhd8ed1ab_0             conda-forge
2025-01-15T14:32:38.5617330Z   astropy-sphinx-theme           1.1                  pyhd8ed1ab_1             conda-forge
2025-01-15T14:32:38.5617920Z   asttokens                      2.4.1                pyhd8ed1ab_0             conda-forge
2025-01-15T14:32:38.5618360Z   async-lru                      2.0.4                pyhd8ed1ab_1             conda-forge
2025-01-15T14:32:38.5619450Z   atk-1.0                        2.38.0               hd03087b_2               conda-forge
2025-01-15T14:32:38.5619890Z   attrs                          23.2.0               pyh71513ae_0             conda-forge
2025-01-15T14:32:38.5620350Z   babel                          2.14.0               pyhd8ed1ab_0             conda-forge
2025-01-15T14:32:38.5620960Z   beautifulsoup4                 4.12.3               pyha770c72_1             conda-forge
2025-01-15T14:32:38.5622490Z   bleach                         6.1.0                pyhd8ed1ab_0             conda-forge
2025-01-15T14:32:38.5623030Z   blosc                          1.21.6               h7dd00d9_1               conda-forge
2025-01-15T14:32:38.5624080Z   brotli                         1.1.0                hd74edd7_2               conda-forge
2025-01-15T14:32:38.5624530Z   brotli-bin                     1.1.0                hd74edd7_2               conda-forge
2025-01-15T14:32:38.5625230Z   brotli-python                  1.1.0                py312hde4cb15_2          conda-forge
2025-01-15T14:32:38.5626100Z   bzip2                          1.0.8                h99b78c6_7               conda-forge
2025-01-15T14:32:38.5626840Z   c-ares                         1.28.1               h93a5062_0               conda-forge
2025-01-15T14:32:38.5628080Z   c-blosc2                       2.15.2               h9cbb436_1               conda-forge
2025-01-15T14:32:38.5643920Z   ca-certificates                2024.12.14           hf0a4a13_0               conda-forge
2025-01-15T14:32:38.5644650Z   cached-property                1.5.2                hd8ed1ab_1               conda-forge
2025-01-15T14:32:38.5645290Z   cached_property                1.5.2                pyha770c72_1             conda-forge
2025-01-15T14:32:38.5648590Z   cairo                          1.18.0               hc6c324b_2               conda-forge
2025-01-15T14:32:38.5649950Z   certifi                        2024.12.14           pyhd8ed1ab_0             conda-forge
2025-01-15T14:32:38.5650940Z   cffi                           1.16.0               py312h8e38eb3_0          conda-forge
2025-01-15T14:32:38.5653090Z   charset-normalizer             3.3.2                pyhd8ed1ab_0             conda-forge
2025-01-15T14:32:38.5654290Z   click                          8.1.7                unix_pyh707e725_1        conda-forge
2025-01-15T14:32:38.5655260Z   codespell                      2.3.0                pyhd8ed1ab_1             conda-forge
2025-01-15T14:32:38.5656500Z   colorama                       0.4.6                pyhd8ed1ab_1             conda-forge
2025-01-15T14:32:38.5657460Z   comm                           0.2.2                pyhd8ed1ab_1             conda-forge
2025-01-15T14:32:38.5659090Z   commonmark                     0.9.1                py_0                     conda-forge
2025-01-15T14:32:38.5660330Z   contourpy                      1.2.1                py312h0fef576_0          conda-forge
2025-01-15T14:32:38.5661340Z   coverage                       7.5.3                py312h7e5086c_0          conda-forge
2025-01-15T14:32:38.5662490Z   cycler                         0.12.1               pyhd8ed1ab_1             conda-forge
2025-01-15T14:32:38.5663470Z   dataclasses                    0.8                  pyhc8e2a94_3             conda-forge
2025-01-15T14:32:38.5664550Z   debugpy                        1.8.1                py312h20a0b95_0          conda-forge
2025-01-15T14:32:38.5665510Z   decorator                      5.1.1                pyhd8ed1ab_1             conda-forge
2025-01-15T14:32:38.5666790Z   defusedxml                     0.7.1                pyhd8ed1ab_0             conda-forge
2025-01-15T14:32:38.5669410Z   docutils                       0.20.1               py312h81bd7bf_3          conda-forge
2025-01-15T14:32:38.5670600Z   dot2tex                        2.11.3               pyhd8ed1ab_1             conda-forge
2025-01-15T14:32:38.5671510Z   entrypoints                    0.4                  pyhd8ed1ab_1             conda-forge
2025-01-15T14:32:38.5672640Z   exceptiongroup                 1.2.0                pyhd8ed1ab_2             conda-forge
2025-01-15T14:32:38.5673130Z   executing                      2.0.1                pyhd8ed1ab_0             conda-forge
2025-01-15T14:32:38.5673610Z   expat                          2.6.2                hebf3989_0               conda-forge
2025-01-15T14:32:38.5674120Z   font-ttf-dejavu-sans-mono      2.37                 hab24e00_0               conda-forge
2025-01-15T14:32:38.5675220Z   font-ttf-inconsolata           3.000                h77eed37_0               conda-forge
2025-01-15T14:32:38.5675760Z   font-ttf-source-code-pro       2.038                h77eed37_0               conda-forge
2025-01-15T14:32:38.5676730Z   font-ttf-ubuntu                0.83                 h77eed37_3               conda-forge
2025-01-15T14:32:38.5677120Z   fontconfig                     2.14.2               h82840c6_0               conda-forge
2025-01-15T14:32:38.5677560Z   fonts-conda-ecosystem          1                    0                        conda-forge
2025-01-15T14:32:38.5677930Z   fonts-conda-forge              1                    0                        conda-forge
2025-01-15T14:32:38.5678380Z   fonttools                      4.53.0               py312h7e5086c_0          conda-forge
2025-01-15T14:32:38.5678900Z   fqdn                           1.5.1                pyhd8ed1ab_1             conda-forge
2025-01-15T14:32:38.5679330Z   freetype                       2.12.1               hadb7bae_2               conda-forge
2025-01-15T14:32:38.5679920Z   fribidi                        1.0.10               h27ca646_0               conda-forge
2025-01-15T14:32:38.5680260Z   future                         1.0.0                pyhd8ed1ab_1             conda-forge
2025-01-15T14:32:38.5680670Z   gdk-pixbuf                     2.42.12              h7ddc832_0               conda-forge
2025-01-15T14:32:38.5681020Z   gettext                        0.22.5               h8414b35_3               conda-forge
2025-01-15T14:32:38.5681570Z   gettext-tools                  0.22.5               h8414b35_3               conda-forge
2025-01-15T14:32:38.5682020Z   giflib                         5.2.2                h93a5062_0               conda-forge
2025-01-15T14:32:38.5682400Z   git-lfs                        3.5.1                h40ddcf5_1               conda-forge
2025-01-15T14:32:38.5682890Z   gmp                            6.3.0                h7bae524_2               conda-forge
2025-01-15T14:32:38.5683270Z   gmpy2                          2.1.5                py312h524cf62_3          conda-forge
2025-01-15T14:32:38.5683760Z   graphite2                      1.3.13               hebf3989_1003            conda-forge
2025-01-15T14:32:38.5684220Z   graphviz                       11.0.0               h9bb9bc9_0               conda-forge
2025-01-15T14:32:38.5684560Z   gtk2                           2.24.33              h7895bb2_4               conda-forge
2025-01-15T14:32:38.5684940Z   gts                            0.7.6                he42f4ea_4               conda-forge
2025-01-15T14:32:38.5685240Z   h11                            0.14.0               pyhd8ed1ab_1             conda-forge
2025-01-15T14:32:38.5685620Z   h2                             4.1.0                pyhd8ed1ab_1             conda-forge
2025-01-15T14:32:38.5686010Z   h5py                           3.11.0               nompi_py312h3cd0824_103  conda-forge
2025-01-15T14:32:38.5686330Z   harfbuzz                       8.5.0                h1836168_0               conda-forge
2025-01-15T14:32:38.5686700Z   hdf5                           1.14.3               nompi_hec07895_105       conda-forge
2025-01-15T14:32:38.5687020Z   hpack                          4.0.0                pyhd8ed1ab_1             conda-forge
2025-01-15T14:32:38.5687420Z   httpcore                       1.0.5                pyhd8ed1ab_0             conda-forge
2025-01-15T14:32:38.5687760Z   httpx                          0.27.0               pyhd8ed1ab_0             conda-forge
2025-01-15T14:32:38.5688130Z   hyperframe                     6.0.1                pyhd8ed1ab_1             conda-forge
2025-01-15T14:32:38.5688430Z   icu                            73.2                 hc8870d7_0               conda-forge
2025-01-15T14:32:38.5688780Z   idna                           3.7                  pyhd8ed1ab_0             conda-forge
2025-01-15T14:32:38.5689110Z   imagesize                      1.4.1                pyhd8ed1ab_0             conda-forge
2025-01-15T14:32:38.5689510Z   importlib-metadata             7.1.0                pyha770c72_0             conda-forge
2025-01-15T14:32:38.5689890Z   importlib_metadata             7.1.0                hd8ed1ab_0               conda-forge
2025-01-15T14:32:38.5691130Z   importlib_resources            6.4.0                pyhd8ed1ab_0             conda-forge
2025-01-15T14:32:38.5691540Z   iniconfig                      2.0.0                pyhd8ed1ab_1             conda-forge
2025-01-15T14:32:38.5691990Z   ipykernel                      6.29.4               pyh57ce528_0             conda-forge
2025-01-15T14:32:38.5692350Z   ipython                        8.25.0               pyh707e725_0             conda-forge
2025-01-15T14:32:38.5692860Z   ipython_genutils               0.2.0                pyhd8ed1ab_2             conda-forge
2025-01-15T14:32:38.5693310Z   ipywidgets                     7.8.0                pyhd8ed1ab_0             conda-forge
2025-01-15T14:32:38.5693710Z   isoduration                    20.11.0              pyhd8ed1ab_1             conda-forge
2025-01-15T14:32:38.5703650Z   jedi                           0.19.1               pyhd8ed1ab_0             conda-forge
2025-01-15T14:32:38.5704630Z   jinja2                         3.1.4                pyhd8ed1ab_1             conda-forge
2025-01-15T14:32:38.5705740Z   json5                          0.9.25               pyhd8ed1ab_0             conda-forge
2025-01-15T14:32:38.5706760Z   jsonpointer                    3.0.0                py312h81bd7bf_1          conda-forge
2025-01-15T14:32:38.5707860Z   jsonschema                     4.22.0               pyhd8ed1ab_0             conda-forge
2025-01-15T14:32:38.5709040Z   jsonschema-specifications      2023.12.1            pyhd8ed1ab_0             conda-forge
2025-01-15T14:32:38.5710450Z   jsonschema-with-format-nongpl  4.22.0               pyhd8ed1ab_0             conda-forge
2025-01-15T14:32:38.5711560Z   jupyter-lsp                    2.2.5                pyhd8ed1ab_1             conda-forge
2025-01-15T14:32:38.5712730Z   jupyter_client                 8.6.2                pyhd8ed1ab_0             conda-forge
2025-01-15T14:32:38.5713780Z   jupyter_core                   5.7.2                pyh31011fe_1             conda-forge
2025-01-15T14:32:38.5714900Z   jupyter_events                 0.10.0               pyhd8ed1ab_1             conda-forge
2025-01-15T14:32:38.5716000Z   jupyter_server                 2.14.1               pyhd8ed1ab_1             conda-forge
2025-01-15T14:32:38.5719760Z   jupyter_server_terminals       0.5.3                pyhd8ed1ab_1             conda-forge
2025-01-15T14:32:38.5720240Z   jupyterlab                     4.2.2                pyhd8ed1ab_0             conda-forge
2025-01-15T14:32:38.5720730Z   jupyterlab_pygments            0.3.0                pyhd8ed1ab_2             conda-forge
2025-01-15T14:32:38.5721170Z   jupyterlab_server              2.27.2               pyhd8ed1ab_0             conda-forge
2025-01-15T14:32:38.5721680Z   jupyterlab_widgets             1.1.7                pyhd8ed1ab_0             conda-forge
2025-01-15T14:32:38.5722080Z   kiwisolver                     1.4.5                py312h6142ec9_2          conda-forge
2025-01-15T14:32:38.5722910Z   krb5                           1.21.2               h92f50d5_0               conda-forge
2025-01-15T14:32:38.5723430Z   latexcodec                     2.0.1                pyh9f0ad1d_0             conda-forge
2025-01-15T14:32:38.5723850Z   lcms2                          2.16                 ha0e7c42_0               conda-forge
2025-01-15T14:32:38.5724320Z   lerc                           4.0.0                h9a09cb3_0               conda-forge
2025-01-15T14:32:38.5724690Z   libaec                         1.1.3                hebf3989_0               conda-forge
2025-01-15T14:32:38.5748710Z   libasprintf                    0.22.5               h8414b35_3               conda-forge
2025-01-15T14:32:38.5749210Z   libasprintf-devel              0.22.5               h8414b35_3               conda-forge
2025-01-15T14:32:38.5749670Z   libblas                        3.9.0                24_osxarm64_openblas     conda-forge
2025-01-15T14:32:38.5750000Z   libbrotlicommon                1.1.0                hd74edd7_2               conda-forge
2025-01-15T14:32:38.5750390Z   libbrotlidec                   1.1.0                hd74edd7_2               conda-forge
2025-01-15T14:32:38.5751960Z   libbrotlienc                   1.1.0                hd74edd7_2               conda-forge
2025-01-15T14:32:38.5752330Z   libcblas                       3.9.0                24_osxarm64_openblas     conda-forge
2025-01-15T14:32:38.5752800Z   libcurl                        8.8.0                h7b6f9a7_0               conda-forge
2025-01-15T14:32:38.5753160Z   libcxx                         19.1.6               ha82da77_1               conda-forge
2025-01-15T14:32:38.5753510Z   libdeflate                     1.20                 h93a5062_0               conda-forge
2025-01-15T14:32:38.5753820Z   libedit                        3.1.20191231         hc8eb9b7_2               conda-forge
2025-01-15T14:32:38.5754380Z   libev                          4.33                 h93a5062_2               conda-forge
2025-01-15T14:32:38.5754670Z   libexpat                       2.6.2                hebf3989_0               conda-forge
2025-01-15T14:32:38.5755040Z   libffi                         3.4.2                h3422bc3_5               conda-forge
2025-01-15T14:32:38.5755320Z   libgd                          2.3.3                hfdf3952_9               conda-forge
2025-01-15T14:32:38.5755600Z   libgettextpo                   0.22.5               h8414b35_3               conda-forge
2025-01-15T14:32:38.5755970Z   libgettextpo-devel             0.22.5               h8414b35_3               conda-forge
2025-01-15T14:32:38.5756280Z   libgfortran                    5.0.0                13_2_0_hd922786_3        conda-forge
2025-01-15T14:32:38.5756630Z   libgfortran5                   13.2.0               hf226fd6_3               conda-forge
2025-01-15T14:32:38.5756920Z   libglib                        2.80.2               h59d46d9_1               conda-forge
2025-01-15T14:32:38.5757200Z   libiconv                       1.17                 h0d3ecfb_2               conda-forge
2025-01-15T14:32:38.5757470Z   libintl                        0.22.5               h8414b35_3               conda-forge
2025-01-15T14:32:38.5757760Z   libintl-devel                  0.22.5               h8414b35_3               conda-forge
2025-01-15T14:32:38.5758070Z   libjpeg-turbo                  3.0.0                hb547adb_1               conda-forge
2025-01-15T14:32:38.5758420Z   liblapack                      3.9.0                24_osxarm64_openblas     conda-forge
2025-01-15T14:32:38.5758710Z   libllvm14                      14.0.6               hd1a9a77_4               conda-forge
2025-01-15T14:32:38.5759000Z   libnghttp2                     1.58.0               ha4dd798_1               conda-forge
2025-01-15T14:32:38.5759300Z   libopenblas                    0.3.27               openmp_h517c56d_1        conda-forge
2025-01-15T14:32:38.5759670Z   libpng                         1.6.43               h091b4b1_0               conda-forge
2025-01-15T14:32:38.5760030Z   librsvg                        2.58.1               hbc281fb_0               conda-forge
2025-01-15T14:32:38.5760410Z   libsodium                      1.0.18               h27ca646_1               conda-forge
2025-01-15T14:32:38.5760740Z   libsqlite                      3.46.0               hfb93653_0               conda-forge
2025-01-15T14:32:38.5761130Z   libssh2                        1.11.0               h7a5bd25_0               conda-forge
2025-01-15T14:32:38.5761460Z   libtiff                        4.6.0                h07db509_3               conda-forge
2025-01-15T14:32:38.5761880Z   libwebp                        1.4.0                h54798ee_0               conda-forge
2025-01-15T14:32:38.5762230Z   libwebp-base                   1.4.0                h93a5062_0               conda-forge
2025-01-15T14:32:38.5762570Z   libxcb                         1.16                 hc9fafa5_1               conda-forge
2025-01-15T14:32:38.5762900Z   libxml2                        2.12.7               h9a80f22_3               conda-forge
2025-01-15T14:32:38.5763250Z   libxslt                        1.1.39               h223e5b9_0               conda-forge
2025-01-15T14:32:38.5763810Z   libzlib                        1.3.1                h8359307_2               conda-forge
2025-01-15T14:32:38.5764170Z   llvm-openmp                    18.1.7               hde57baf_0               conda-forge
2025-01-15T14:32:38.5764570Z   llvmlite                       0.43.0               py312ha9ca408_1          conda-forge
2025-01-15T14:32:38.5764890Z   lxml                           5.2.2                py312h0e5ab22_0          conda-forge
2025-01-15T14:32:38.5765240Z   lz4-c                          1.10.0               h286801f_1               conda-forge
2025-01-15T14:32:38.5765590Z   markupsafe                     2.1.5                py312h024a12e_1          conda-forge
2025-01-15T14:32:38.5766140Z   matplotlib-base                3.8.4                py312h4479663_2          conda-forge
2025-01-15T14:32:38.5766450Z   matplotlib-inline              0.1.7                pyhd8ed1ab_1             conda-forge
2025-01-15T14:32:38.5766860Z   mistune                        3.0.2                pyhd8ed1ab_1             conda-forge
2025-01-15T14:32:38.5767220Z   mpc                            1.3.1                h8f1351a_1               conda-forge
2025-01-15T14:32:38.5767560Z   mpfr                           4.2.1                hb693164_3               conda-forge
2025-01-15T14:32:38.5767920Z   mpmath                         1.3.0                pyhd8ed1ab_1             conda-forge
2025-01-15T14:32:38.5768270Z   munkres                        1.1.4                pyh9f0ad1d_0             conda-forge
2025-01-15T14:32:38.5768560Z   mypy_extensions                1.0.0                pyha770c72_1             conda-forge
2025-01-15T14:32:38.5768950Z   nbclassic                      1.1.0                pyhd8ed1ab_1             conda-forge
2025-01-15T14:32:38.5769320Z   nbclient                       0.10.0               pyhd8ed1ab_0             conda-forge
2025-01-15T14:32:38.5769680Z   nbconvert                      7.16.4               hd8ed1ab_3               conda-forge
2025-01-15T14:32:38.5770080Z   nbconvert-core                 7.16.4               pyhd8ed1ab_3             conda-forge
2025-01-15T14:32:38.5770540Z   nbconvert-pandoc               7.16.4               hd8ed1ab_3               conda-forge
2025-01-15T14:32:38.5770910Z   nbformat                       5.10.4               pyhd8ed1ab_1             conda-forge
2025-01-15T14:32:38.5771320Z   nbsphinx                       0.9.4                pyhd8ed1ab_0             conda-forge
2025-01-15T14:32:38.5771700Z   ncurses                        6.5                  h7bae524_1               conda-forge
2025-01-15T14:32:38.5772300Z   nest-asyncio                   1.6.0                pyhd8ed1ab_1             conda-forge
2025-01-15T14:32:38.5772710Z   networkx                       3.3                  pyhd8ed1ab_1             conda-forge
2025-01-15T14:32:38.5772990Z   notebook                       7.2.1                pyhd8ed1ab_0             conda-forge
2025-01-15T14:32:38.5773370Z   notebook-shim                  0.2.4                pyhd8ed1ab_1             conda-forge
2025-01-15T14:32:38.5773720Z   numba                          0.60.0               py312h41cea2d_0          conda-forge
2025-01-15T14:32:38.5774110Z   numexpr                        2.10.0               py312h8ae5369_0          conda-forge
2025-01-15T14:32:38.5774380Z   numpy                          2.0.2                py312h94ee1e1_1          conda-forge
2025-01-15T14:32:38.5774760Z   numpydoc                       1.7.0                pyhd8ed1ab_3             conda-forge
2025-01-15T14:32:38.5775100Z   openjpeg                       2.5.2                h9f1df11_0               conda-forge
2025-01-15T14:32:38.5775440Z   openssl                        3.4.0                h81ee809_1               conda-forge
2025-01-15T14:32:38.5775790Z   overrides                      7.7.0                pyhd8ed1ab_1             conda-forge
2025-01-15T14:32:38.5776140Z   packaging                      24.1                 pyhd8ed1ab_0             conda-forge
2025-01-15T14:32:38.5776850Z   pandas                         2.2.2                py312h8ae5369_1          conda-forge
2025-01-15T14:32:38.5777190Z   pandoc                         3.2.1                hce30654_0               conda-forge
2025-01-15T14:32:38.5777480Z   pandocfilters                  1.5.0                pyhd8ed1ab_0             conda-forge
2025-01-15T14:32:38.5777760Z   pango                          1.54.0               h5cb9fbc_0               conda-forge
2025-01-15T14:32:38.5778030Z   parso                          0.8.4                pyhd8ed1ab_1             conda-forge
2025-01-15T14:32:38.5778350Z   pathspec                       0.12.1               pyhd8ed1ab_1             conda-forge
2025-01-15T14:32:38.5778850Z   pbr                            6.0.0                pyhd8ed1ab_0             conda-forge
2025-01-15T14:32:38.5779110Z   pcre2                          10.44                h297a79d_2               conda-forge
2025-01-15T14:32:38.5779390Z   pexpect                        4.9.0                pyhd8ed1ab_1             conda-forge
2025-01-15T14:32:38.5779680Z   pickleshare                    0.7.5                pyhd8ed1ab_1004          conda-forge
2025-01-15T14:32:38.5779960Z   pillow                         10.3.0               py312h39b1d8d_1          conda-forge
2025-01-15T14:32:38.5780230Z   pip                            24.0                 pyhd8ed1ab_0             conda-forge
2025-01-15T14:32:38.5780490Z   pixman                         0.43.4               hebf3989_0               conda-forge
2025-01-15T14:32:38.5780800Z   pkgutil-resolve-name           1.3.10               pyhd8ed1ab_2             conda-forge
2025-01-15T14:32:38.5781130Z   platformdirs                   4.2.2                pyhd8ed1ab_0             conda-forge
2025-01-15T14:32:38.5781420Z   plotly                         5.22.0               pyhd8ed1ab_0             conda-forge
2025-01-15T14:32:38.5781690Z   pluggy                         1.5.0                pyhd8ed1ab_1             conda-forge
2025-01-15T14:32:38.5781990Z   prometheus_client              0.20.0               pyhd8ed1ab_0             conda-forge
2025-01-15T14:32:38.5782310Z   prompt-toolkit                 3.0.47               pyha770c72_0             conda-forge
2025-01-15T14:32:38.5782620Z   psutil                         5.9.8                py312he37b823_0          conda-forge
2025-01-15T14:32:38.5782910Z   pthread-stubs                  0.4                  hd74edd7_1002            conda-forge
2025-01-15T14:32:38.5783220Z   ptyprocess                     0.7.0                pyhd8ed1ab_1             conda-forge
2025-01-15T14:32:38.5783520Z   pure_eval                      0.2.2                pyhd8ed1ab_0             conda-forge
2025-01-15T14:32:38.5783810Z   py-cpuinfo                     9.0.0                pyhd8ed1ab_1             conda-forge
2025-01-15T14:32:38.5784110Z   pybtex                         0.24.0               pyhd8ed1ab_3             conda-forge
2025-01-15T14:32:38.5784430Z   pybtex-docutils                1.0.3                py312h81bd7bf_2          conda-forge
2025-01-15T14:32:38.5784740Z   pycparser                      2.22                 pyh29332c3_1             conda-forge
2025-01-15T14:32:38.5785040Z   pyerfa                         2.0.1.4              py312h755e627_2          conda-forge
2025-01-15T14:32:38.5785340Z   pygments                       2.18.0               pyhd8ed1ab_1             conda-forge
2025-01-15T14:32:38.5785640Z   pygraphviz                     1.13                 py312h5f4d302_1          conda-forge
2025-01-15T14:32:38.5785930Z   pyobjc-core                    10.3.1               py312hd24fc31_1          conda-forge
2025-01-15T14:32:38.5786260Z   pyobjc-framework-cocoa         10.3.1               py312hd24fc31_1          conda-forge
2025-01-15T14:32:38.5786580Z   pyparsing                      3.1.2                pyhd8ed1ab_0             conda-forge
2025-01-15T14:32:38.5786860Z   pysocks                        1.7.1                pyha55dd90_7             conda-forge
2025-01-15T14:32:38.5787610Z   pytables                       3.10.2               py312h2ca37b8_0          conda-forge
2025-01-15T14:32:38.5787900Z   pytest                         8.2.2                pyhd8ed1ab_0             conda-forge
2025-01-15T14:32:38.5788200Z   pytest-cov                     5.0.0                pyhd8ed1ab_0             conda-forge
2025-01-15T14:32:38.5788530Z   pytest-doctestplus             1.2.1                pyhd8ed1ab_0             conda-forge
2025-01-15T14:32:38.5788870Z   pytest-html                    4.1.1                pyhd8ed1ab_1             conda-forge
2025-01-15T14:32:38.5789190Z   pytest-metadata                3.1.1                pyhd8ed1ab_1             conda-forge
2025-01-15T14:32:38.5789780Z   python                         3.12.4               h30c5eda_0_cpython       conda-forge
2025-01-15T14:32:38.5790080Z   python-dateutil                2.9.0.post0          pyhff2d567_1             conda-forge
2025-01-15T14:32:38.5790420Z   python-fastjsonschema          2.20.0               pyhd8ed1ab_0             conda-forge
2025-01-15T14:32:38.5790770Z   python-json-logger             2.0.7                pyhd8ed1ab_0             conda-forge
2025-01-15T14:32:38.5791090Z   python-tzdata                  2024.1               pyhd8ed1ab_0             conda-forge
2025-01-15T14:32:38.5791380Z   python_abi                     3.12                 5_cp312                  conda-forge
2025-01-15T14:32:38.5791650Z   pytz                           2024.1               pyhd8ed1ab_0             conda-forge
2025-01-15T14:32:38.5791920Z   pyyaml                         6.0.1                py312h02f2b3b_1          conda-forge
2025-01-15T14:32:38.5792190Z   pyzmq                          26.0.3               py312hfa13136_0          conda-forge
2025-01-15T14:32:38.5792460Z   qgrid                          1.3.1                pyhd8ed1ab_4             conda-forge
2025-01-15T14:32:38.5792770Z   radioactivedecay               0.5.1                pyhd8ed1ab_1             conda-forge
2025-01-15T14:32:38.5793070Z   readline                       8.2                  h92ec313_1               conda-forge
2025-01-15T14:32:38.5793360Z   recommonmark                   0.7.1                pyhd8ed1ab_1             conda-forge
2025-01-15T14:32:38.5793670Z   referencing                    0.35.1               pyhd8ed1ab_1             conda-forge
2025-01-15T14:32:38.5793950Z   requests                       2.32.3               pyhd8ed1ab_1             conda-forge
2025-01-15T14:32:38.5794260Z   rfc3339-validator              0.1.4                pyhd8ed1ab_1             conda-forge
2025-01-15T14:32:38.5794590Z   rfc3986-validator              0.1.1                pyh9f0ad1d_0             conda-forge
2025-01-15T14:32:38.5794890Z   rpds-py                        0.18.1               py312h552d48e_0          conda-forge
2025-01-15T14:32:38.5795150Z   ruff                           0.4.9                py312h3402d49_0          conda-forge
2025-01-15T14:32:38.5795410Z   scipy                          1.13.1               py312h14ffa8f_0          conda-forge
2025-01-15T14:32:38.5795700Z   send2trash                     1.8.3                pyh31c8845_1             conda-forge
2025-01-15T14:32:38.5795990Z   setuptools                     70.0.0               pyhd8ed1ab_0             conda-forge
2025-01-15T14:32:38.5796290Z   setuptools-scm                 8.1.0                pyhd8ed1ab_1             conda-forge
2025-01-15T14:32:38.5796590Z   setuptools_scm                 8.1.0                hd8ed1ab_1               conda-forge
2025-01-15T14:32:38.5796870Z   six                            1.16.0               pyhd8ed1ab_1             conda-forge
2025-01-15T14:32:38.5797130Z   snakeviz                       2.2.0                pyhd8ed1ab_0             conda-forge
2025-01-15T14:32:38.5797410Z   snappy                         1.2.1                h98b9ce2_1               conda-forge
2025-01-15T14:32:38.5797690Z   sniffio                        1.3.1                pyhd8ed1ab_1             conda-forge
2025-01-15T14:32:38.5798100Z   snowballstemmer                2.2.0                pyhd8ed1ab_0             conda-forge
2025-01-15T14:32:38.5798410Z   soupsieve                      2.5                  pyhd8ed1ab_1             conda-forge
2025-01-15T14:32:38.5798690Z   sphinx                         7.3.7                pyhd8ed1ab_0             conda-forge
2025-01-15T14:32:38.5798980Z   sphinx-astropy                 1.9.1                pyhd8ed1ab_1             conda-forge
2025-01-15T14:32:38.5799300Z   sphinx-automodapi              0.17.0               pyh717bed2_1             conda-forge
2025-01-15T14:32:38.5799700Z   sphinx-gallery                 0.16.0               pyhd8ed1ab_0             conda-forge
2025-01-15T14:32:38.5800140Z   sphinx-jsonschema              1.19.1               pyhd8ed1ab_1             conda-forge
2025-01-15T14:32:38.5800480Z   sphinx_bootstrap_theme         0.8.1                pyhd8ed1ab_1             conda-forge
2025-01-15T14:32:38.5800800Z   sphinx_rtd_theme               2.0.0                pyha770c72_0             conda-forge
2025-01-15T14:32:38.5801130Z   sphinxcontrib-apidoc           0.3.0                py_1                     conda-forge
2025-01-15T14:32:38.5801480Z   sphinxcontrib-applehelp        1.0.8                pyhd8ed1ab_0             conda-forge
2025-01-15T14:32:38.5801870Z   sphinxcontrib-bibtex           2.6.2                pyhd8ed1ab_0             conda-forge
2025-01-15T14:32:38.5802210Z   sphinxcontrib-devhelp          1.0.6                pyhd8ed1ab_0             conda-forge
2025-01-15T14:32:38.5802560Z   sphinxcontrib-htmlhelp         2.0.5                pyhd8ed1ab_0             conda-forge
2025-01-15T14:32:38.5802900Z   sphinxcontrib-jquery           4.1                  pyhd8ed1ab_1             conda-forge
2025-01-15T14:32:38.5803240Z   sphinxcontrib-jsmath           1.0.1                pyhd8ed1ab_1             conda-forge
2025-01-15T14:32:38.5803580Z   sphinxcontrib-qthelp           1.0.7                pyhd8ed1ab_0             conda-forge
2025-01-15T14:32:38.5803960Z   sphinxcontrib-serializinghtml  1.1.10               pyhd8ed1ab_1             conda-forge
2025-01-15T14:32:38.5804290Z   stack_data                     0.6.2                pyhd8ed1ab_0             conda-forge
2025-01-15T14:32:38.5804570Z   sympy                          1.12.1               pypyh2585a3b_103         conda-forge
2025-01-15T14:32:38.5804850Z   tabulate                       0.9.0                pyhd8ed1ab_2             conda-forge
2025-01-15T14:32:38.5805130Z   tenacity                       8.4.1                pyhd8ed1ab_0             conda-forge
2025-01-15T14:32:38.5805410Z   terminado                      0.18.1               pyh31c8845_0             conda-forge
2025-01-15T14:32:38.5805700Z   tinycss2                       1.3.0                pyhd8ed1ab_0             conda-forge
2025-01-15T14:32:38.5805960Z   tk                             8.6.13               h5083fa2_1               conda-forge
2025-01-15T14:32:38.5806210Z   toml                           0.10.2               pyhd8ed1ab_1             conda-forge
2025-01-15T14:32:38.5806480Z   tomli                          2.0.1                pyhd8ed1ab_0             conda-forge
2025-01-15T14:32:38.5806750Z   tornado                        6.4.1                py312h024a12e_1          conda-forge
2025-01-15T14:32:38.5807020Z   tqdm                           4.66.4               pyhd8ed1ab_0             conda-forge
2025-01-15T14:32:38.5807300Z   traitlets                      5.14.3               pyhd8ed1ab_1             conda-forge
2025-01-15T14:32:38.5807580Z   typed-ast                      1.5.5                py312h02f2b3b_1          conda-forge
2025-01-15T14:32:38.5807910Z   types-python-dateutil          2.9.0.20240316       pyhd8ed1ab_0             conda-forge
2025-01-15T14:32:38.5808250Z   typing-extensions              4.12.2               hd8ed1ab_1               conda-forge
2025-01-15T14:32:38.5808570Z   typing_extensions              4.12.2               pyha770c72_1             conda-forge
2025-01-15T14:32:38.5809010Z   typing_utils                   0.1.0                pyhd8ed1ab_1             conda-forge
2025-01-15T14:32:38.5809300Z   tzdata                         2024a                h8827d51_1               conda-forge
2025-01-15T14:32:38.5809590Z   uri-template                   1.3.0                pyhd8ed1ab_1             conda-forge
2025-01-15T14:32:38.5809880Z   urllib3                        2.2.2                pyhd8ed1ab_1             conda-forge
2025-01-15T14:32:38.5810160Z   wcwidth                        0.2.13               pyhd8ed1ab_1             conda-forge
2025-01-15T14:32:38.5810440Z   webcolors                      24.6.0               pyhd8ed1ab_0             conda-forge
2025-01-15T14:32:38.5810740Z   webencodings                   0.5.1                pyhd8ed1ab_3             conda-forge
2025-01-15T14:32:38.5811170Z   websocket-client               1.8.0                pyhd8ed1ab_1             conda-forge
2025-01-15T14:32:38.5811470Z   wheel                          0.43.0               pyhd8ed1ab_1             conda-forge
2025-01-15T14:32:38.5811780Z   widgetsnbextension             3.6.6                pyhd8ed1ab_0             conda-forge
2025-01-15T14:32:38.5812090Z   xorg-libxau                    1.0.11               hd74edd7_1               conda-forge
2025-01-15T14:32:38.5812390Z   xorg-libxdmcp                  1.1.3                hd74edd7_2               conda-forge
2025-01-15T14:32:38.5812670Z   xz                             5.2.6                h57fd34a_0               conda-forge
2025-01-15T14:32:38.5812920Z   yaml                           0.2.5                h3422bc3_2               conda-forge
2025-01-15T14:32:38.5813180Z   zeromq                         4.3.5                hcc0f68c_4               conda-forge
2025-01-15T14:32:38.5813460Z   zipp                           3.19.2               pyhd8ed1ab_0             conda-forge
2025-01-15T14:32:38.5813710Z   zlib                           1.3.1                h8359307_2               conda-forge
2025-01-15T14:32:38.5813970Z   zlib-ng                        2.2.3                h13dfb9a_0               conda-forge
2025-01-15T14:32:38.5814260Z   zstandard                      0.23.0               py312h15fbf35_1          conda-forge
2025-01-15T14:32:38.5814540Z   zstd                           1.5.6                hb46c0d2_0               conda-forge
2025-01-15T14:32:38.5815090Z ##[endgroup]
