2025-01-08T17:06:21.0202840Z Prepare all required actions
2025-01-08T17:06:21.0203310Z Getting action download info
2025-01-08T17:06:21.1640270Z Download action repository 'actions/cache@v4' (SHA:1bd1e32a3bdc45362d1e726936510720a7c30a57)
2025-01-08T17:06:22.2968320Z ##[group]Run ./.github/actions/setup_lfs
2025-01-08T17:06:22.2968590Z with:
2025-01-08T17:06:22.2968780Z   regression-data-repo: tardis-sn/tardis-regression-data
2025-01-08T17:06:22.2969020Z env:
2025-01-08T17:06:22.2969140Z   CACHE_NUMBER: 0
2025-01-08T17:06:22.2969660Z   PYTEST_FLAGS: --tardis-regression-data=/Users/runner/work/tardis/tardis/tardis-regression-data --cov=tardis --cov-report=xml --cov-report=html --cov-append
2025-01-08T17:06:22.2970170Z   CODECOV_TOKEN: 
2025-01-08T17:06:22.2970300Z ##[endgroup]
2025-01-08T17:06:22.3192020Z ##[group]Run actions/checkout@v4
2025-01-08T17:06:22.3192240Z with:
2025-01-08T17:06:22.3192400Z   repository: tardis-sn/tardis-regression-data
2025-01-08T17:06:22.3192620Z   path: tardis-regression-data
2025-01-08T17:06:22.3192890Z   token: ***
2025-01-08T17:06:22.3193080Z   ssh-strict: true
2025-01-08T17:06:22.3193260Z   ssh-user: git
2025-01-08T17:06:22.3193390Z   persist-credentials: true
2025-01-08T17:06:22.3193560Z   clean: true
2025-01-08T17:06:22.3193690Z   sparse-checkout-cone-mode: true
2025-01-08T17:06:22.3193860Z   fetch-depth: 1
2025-01-08T17:06:22.3193990Z   fetch-tags: false
2025-01-08T17:06:22.3194120Z   show-progress: true
2025-01-08T17:06:22.3194250Z   lfs: false
2025-01-08T17:06:22.3194370Z   submodules: false
2025-01-08T17:06:22.3194500Z   set-safe-directory: true
2025-01-08T17:06:22.3194650Z env:
2025-01-08T17:06:22.3194760Z   CACHE_NUMBER: 0
2025-01-08T17:06:22.3195230Z   PYTEST_FLAGS: --tardis-regression-data=/Users/runner/work/tardis/tardis/tardis-regression-data --cov=tardis --cov-report=xml --cov-report=html --cov-append
2025-01-08T17:06:22.3195720Z   CODECOV_TOKEN: 
2025-01-08T17:06:22.3195850Z ##[endgroup]
2025-01-08T17:06:22.4472870Z Syncing repository: tardis-sn/tardis-regression-data
2025-01-08T17:06:22.4474530Z ##[group]Getting Git version info
2025-01-08T17:06:22.4475570Z Working directory is '/Users/runner/work/tardis/tardis/tardis-regression-data'
2025-01-08T17:06:22.4476540Z [command]/opt/homebrew/bin/git version
2025-01-08T17:06:22.4476870Z git version 2.47.1
2025-01-08T17:06:22.4477900Z ##[endgroup]
2025-01-08T17:06:22.4479040Z Copying '/Users/runner/.gitconfig' to '/Users/runner/work/_temp/f673d1da-0b1c-45c1-869a-3ae2a5d4c5cb/.gitconfig'
2025-01-08T17:06:22.4479790Z Temporarily overriding HOME='/Users/runner/work/_temp/f673d1da-0b1c-45c1-869a-3ae2a5d4c5cb' before making global git config changes
2025-01-08T17:06:22.4480470Z Adding repository directory to the temporary git global config as a safe directory
2025-01-08T17:06:22.4481110Z [command]/opt/homebrew/bin/git config --global --add safe.directory /Users/runner/work/tardis/tardis/tardis-regression-data
2025-01-08T17:06:22.4482230Z ##[group]Initializing the repository
2025-01-08T17:06:22.4485610Z [command]/opt/homebrew/bin/git init /Users/runner/work/tardis/tardis/tardis-regression-data
2025-01-08T17:06:22.4578160Z hint: Using 'master' as the name for the initial branch. This default branch name
2025-01-08T17:06:22.4579070Z hint: is subject to change. To configure the initial branch name to use in all
2025-01-08T17:06:22.4580860Z hint: of your new repositories, which will suppress this warning, call:
2025-01-08T17:06:22.4582760Z hint:
2025-01-08T17:06:22.4583680Z hint: 	git config --global init.defaultBranch <name>
2025-01-08T17:06:22.4584070Z hint:
2025-01-08T17:06:22.4584310Z hint: Names commonly chosen instead of 'master' are 'main', 'trunk' and
2025-01-08T17:06:22.4584720Z hint: 'development'. The just-created branch can be renamed via this command:
2025-01-08T17:06:22.4585010Z hint:
2025-01-08T17:06:22.4585150Z hint: 	git branch -m <name>
2025-01-08T17:06:22.4585490Z Initialized empty Git repository in /Users/runner/work/tardis/tardis/tardis-regression-data/.git/
2025-01-08T17:06:22.4588250Z [command]/opt/homebrew/bin/git remote add origin https://github.com/tardis-sn/tardis-regression-data
2025-01-08T17:06:22.4657370Z ##[endgroup]
2025-01-08T17:06:22.4658670Z ##[group]Disabling automatic garbage collection
2025-01-08T17:06:22.4661430Z [command]/opt/homebrew/bin/git config --local gc.auto 0
2025-01-08T17:06:22.4738340Z ##[endgroup]
2025-01-08T17:06:22.4763890Z ##[group]Setting up auth
2025-01-08T17:06:22.4773270Z [command]/opt/homebrew/bin/git config --local --name-only --get-regexp core\.sshCommand
2025-01-08T17:06:22.4826470Z [command]/opt/homebrew/bin/git submodule foreach --recursive sh -c "git config --local --name-only --get-regexp 'core\.sshCommand' && git config --local --unset-all 'core.sshCommand' || :"
2025-01-08T17:06:22.5680900Z [command]/opt/homebrew/bin/git config --local --name-only --get-regexp http\.https\:\/\/github\.com\/\.extraheader
2025-01-08T17:06:22.5709420Z [command]/opt/homebrew/bin/git submodule foreach --recursive sh -c "git config --local --name-only --get-regexp 'http\.https\:\/\/github\.com\/\.extraheader' && git config --local --unset-all 'http.https://github.com/.extraheader' || :"
2025-01-08T17:06:22.7495650Z [command]/opt/homebrew/bin/git config --local http.https://github.com/.extraheader AUTHORIZATION: basic ***
2025-01-08T17:06:22.7799140Z ##[endgroup]
2025-01-08T17:06:22.7901450Z ##[group]Determining the default branch
2025-01-08T17:06:22.7948740Z Retrieving the default branch name
2025-01-08T17:06:23.1944420Z Default branch 'main'
2025-01-08T17:06:23.1952440Z ##[endgroup]
2025-01-08T17:06:23.1977250Z ##[group]Fetching the repository
2025-01-08T17:06:23.2002120Z [command]/opt/homebrew/bin/git -c protocol.version=2 fetch --no-tags --prune --no-recurse-submodules --depth=1 origin +refs/heads/main:refs/remotes/origin/main
2025-01-08T17:06:24.1944380Z From https://github.com/tardis-sn/tardis-regression-data
2025-01-08T17:06:24.1945180Z  * [new branch]      main       -> origin/main
2025-01-08T17:06:24.2011090Z ##[endgroup]
2025-01-08T17:06:24.2011470Z ##[group]Determining the checkout info
2025-01-08T17:06:24.2011780Z ##[endgroup]
2025-01-08T17:06:24.2011990Z [command]/opt/homebrew/bin/git sparse-checkout disable
2025-01-08T17:06:24.2058780Z [command]/opt/homebrew/bin/git config --local --unset-all extensions.worktreeConfig
2025-01-08T17:06:24.2098930Z ##[group]Checking out the ref
2025-01-08T17:06:24.2101230Z [command]/opt/homebrew/bin/git checkout --progress --force -B main refs/remotes/origin/main
2025-01-08T17:06:24.4481340Z Switched to a new branch 'main'
2025-01-08T17:06:24.4481970Z branch 'main' set up to track 'origin/main'.
2025-01-08T17:06:24.5292490Z ##[endgroup]
2025-01-08T17:06:24.5353750Z [command]/opt/homebrew/bin/git log -1 --format=%H
2025-01-08T17:06:24.5398410Z 666ab8501c2b2aea30d05b8822e7ddbfca078d23
2025-01-08T17:06:24.5483230Z ##[group]Run git lfs ls-files -l | cut -d' ' -f1 | sort > .lfs-assets-id
2025-01-08T17:06:24.5483620Z [36;1mgit lfs ls-files -l | cut -d' ' -f1 | sort > .lfs-assets-id[0m
2025-01-08T17:06:24.5544300Z shell: /bin/bash --noprofile --norc -e -o pipefail {0}
2025-01-08T17:06:24.5544540Z env:
2025-01-08T17:06:24.5544720Z   CACHE_NUMBER: 0
2025-01-08T17:06:24.5545250Z   PYTEST_FLAGS: --tardis-regression-data=/Users/runner/work/tardis/tardis/tardis-regression-data --cov=tardis --cov-report=xml --cov-report=html --cov-append
2025-01-08T17:06:24.5545810Z   CODECOV_TOKEN: 
2025-01-08T17:06:24.5545940Z ##[endgroup]
2025-01-08T17:06:24.7865410Z ##[group]Run actions/cache/restore@v4
2025-01-08T17:06:24.7865700Z with:
2025-01-08T17:06:24.7865840Z   path: tardis-regression-data/.git/lfs
2025-01-08T17:06:24.7866220Z   key: macOS-lfs-21f9fa4b6817cc69b9fae3598144724da7828e276a73bd17f47a2a49d9af090a-v1
2025-01-08T17:06:24.7866600Z   enableCrossOsArchive: false
2025-01-08T17:06:24.7866800Z   fail-on-cache-miss: false
2025-01-08T17:06:24.7867030Z   lookup-only: false
2025-01-08T17:06:24.7867210Z env:
2025-01-08T17:06:24.7867380Z   CACHE_NUMBER: 0
2025-01-08T17:06:24.7867870Z   PYTEST_FLAGS: --tardis-regression-data=/Users/runner/work/tardis/tardis/tardis-regression-data --cov=tardis --cov-report=xml --cov-report=html --cov-append
2025-01-08T17:06:24.7868700Z   CODECOV_TOKEN: 
2025-01-08T17:06:24.7868840Z ##[endgroup]
2025-01-08T17:06:26.3151970Z Received 29360128 of 1706796060 (1.7%), 28.0 MBs/sec
2025-01-08T17:06:27.3143000Z Received 104857600 of 1706796060 (6.1%), 50.0 MBs/sec
2025-01-08T17:06:28.3148940Z Received 176160768 of 1706796060 (10.3%), 56.0 MBs/sec
2025-01-08T17:06:29.3189860Z Received 230686720 of 1706796060 (13.5%), 55.0 MBs/sec
2025-01-08T17:06:30.3159050Z Received 301989888 of 1706796060 (17.7%), 57.6 MBs/sec
2025-01-08T17:06:31.3182590Z Received 352321536 of 1706796060 (20.6%), 56.0 MBs/sec
2025-01-08T17:06:32.3181130Z Received 423624704 of 1706796060 (24.8%), 57.7 MBs/sec
2025-01-08T17:06:33.3202420Z Received 499122176 of 1706796060 (29.2%), 59.5 MBs/sec
2025-01-08T17:06:34.3204650Z Received 574619648 of 1706796060 (33.7%), 60.8 MBs/sec
2025-01-08T17:06:35.3214710Z Received 645922816 of 1706796060 (37.8%), 61.6 MBs/sec
2025-01-08T17:06:36.3318830Z Received 738197504 of 1706796060 (43.3%), 63.9 MBs/sec
2025-01-08T17:06:37.3286740Z Received 817889280 of 1706796060 (47.9%), 64.9 MBs/sec
2025-01-08T17:06:38.3324810Z Received 905969664 of 1706796060 (53.1%), 66.4 MBs/sec
2025-01-08T17:06:39.3315280Z Received 989855744 of 1706796060 (58.0%), 67.3 MBs/sec
2025-01-08T17:06:40.3319500Z Received 1082130432 of 1706796060 (63.4%), 68.7 MBs/sec
2025-01-08T17:06:41.3314260Z Received 1170210816 of 1706796060 (68.6%), 69.7 MBs/sec
2025-01-08T17:06:42.3328850Z Received 1245708288 of 1706796060 (73.0%), 69.8 MBs/sec
2025-01-08T17:06:43.3358610Z Received 1308622848 of 1706796060 (76.7%), 69.3 MBs/sec
2025-01-08T17:06:44.3352260Z Received 1375731712 of 1706796060 (80.6%), 69.0 MBs/sec
2025-01-08T17:06:45.3462200Z Received 1447034880 of 1706796060 (84.8%), 68.9 MBs/sec
2025-01-08T17:06:46.3414360Z Received 1505755136 of 1706796060 (88.2%), 68.3 MBs/sec
2025-01-08T17:06:47.3452210Z Received 1564475392 of 1706796060 (91.7%), 67.7 MBs/sec
2025-01-08T17:06:48.3451900Z Received 1648361472 of 1706796060 (96.6%), 68.3 MBs/sec
2025-01-08T17:06:49.3514410Z Received 1706796060 of 1706796060 (100.0%), 67.7 MBs/sec
2025-01-08T17:06:49.9655440Z Cache Size: ~1628 MB (1706796060 B)
2025-01-08T17:06:50.0041780Z [command]/opt/homebrew/bin/gtar -xf /Users/runner/work/_temp/15d7dfaa-4f36-4c05-9bd0-5f85bf1b88ab/cache.tzst -P -C /Users/runner/work/tardis/tardis --delay-directory-restore --use-compress-program unzstd
2025-01-08T17:06:57.4535650Z Cache restored successfully
2025-01-08T17:06:57.5341990Z Cache restored from key: macOS-lfs-21f9fa4b6817cc69b9fae3598144724da7828e276a73bd17f47a2a49d9af090a-v1
2025-01-08T17:06:57.5771940Z ##[group]Run git lfs checkout
2025-01-08T17:06:57.5772260Z [36;1mgit lfs checkout[0m
2025-01-08T17:06:57.5992730Z shell: /bin/bash --noprofile --norc -e -o pipefail {0}
2025-01-08T17:06:57.5993160Z env:
2025-01-08T17:06:57.5993280Z   CACHE_NUMBER: 0
2025-01-08T17:06:57.5993760Z   PYTEST_FLAGS: --tardis-regression-data=/Users/runner/work/tardis/tardis/tardis-regression-data --cov=tardis --cov-report=xml --cov-report=html --cov-append
2025-01-08T17:06:57.5994420Z   CODECOV_TOKEN: 
2025-01-08T17:06:57.5994610Z ##[endgroup]
2025-01-08T17:07:06.8238550Z Checking out LFS objects: 100% (204/204), 3.5 GB | 309 MB/s, done.
