2025-02-21T20:15:01.1133019Z Requested labels: ubuntu-latest
2025-02-21T20:15:01.1133304Z Job defined at: tardis-sn/tardis/.github/workflows/lfs-cache.yml@refs/pull/2988/merge
2025-02-21T20:15:01.1133503Z Reusable workflow chain:
2025-02-21T20:15:01.1133589Z tardis-sn/tardis/.github/workflows/tests.yml@refs/pull/2988/merge (6422afed1da57ccdb2e8ce3250e79c863f70158b)
2025-02-21T20:15:01.1133682Z -> tardis-sn/tardis/.github/workflows/lfs-cache.yml@refs/pull/2988/merge (6422afed1da57ccdb2e8ce3250e79c863f70158b)
2025-02-21T20:15:01.1133770Z Waiting for a runner to pick up this job...
2025-02-21T20:15:01.5556727Z Job is waiting for a hosted runner to come online.
2025-02-21T20:15:04.8217683Z Job is about to start running on the hosted runner: GitHub Actions 39 (hosted)
2025-02-21T20:15:06.4333916Z Current runner version: '2.322.0'
2025-02-21T20:15:06.4360021Z ##[group]Operating System
2025-02-21T20:15:06.4360846Z Ubuntu
2025-02-21T20:15:06.4361349Z 24.04.1
2025-02-21T20:15:06.4361921Z LTS
2025-02-21T20:15:06.4362451Z ##[endgroup]
2025-02-21T20:15:06.4362967Z ##[group]Runner Image
2025-02-21T20:15:06.4363613Z Image: ubuntu-24.04
2025-02-21T20:15:06.4364118Z Version: 20250209.1.0
2025-02-21T20:15:06.4365146Z Included Software: https://github.com/actions/runner-images/blob/ubuntu24/20250209.1/images/ubuntu/Ubuntu2404-Readme.md
2025-02-21T20:15:06.4366591Z Image Release: https://github.com/actions/runner-images/releases/tag/ubuntu24%2F20250209.1
2025-02-21T20:15:06.4367507Z ##[endgroup]
2025-02-21T20:15:06.4368080Z ##[group]Runner Image Provisioner
2025-02-21T20:15:06.4368930Z 2.0.422.1
2025-02-21T20:15:06.4369420Z ##[endgroup]
2025-02-21T20:15:06.4371658Z ##[group]GITHUB_TOKEN Permissions
2025-02-21T20:15:06.4373604Z Actions: read
2025-02-21T20:15:06.4374467Z Attestations: read
2025-02-21T20:15:06.4375082Z Checks: read
2025-02-21T20:15:06.4375654Z Contents: read
2025-02-21T20:15:06.4376188Z Deployments: read
2025-02-21T20:15:06.4376719Z Discussions: read
2025-02-21T20:15:06.4377291Z Issues: read
2025-02-21T20:15:06.4377822Z Metadata: read
2025-02-21T20:15:06.4378316Z Packages: read
2025-02-21T20:15:06.4379152Z Pages: read
2025-02-21T20:15:06.4379640Z PullRequests: read
2025-02-21T20:15:06.4380164Z RepositoryProjects: read
2025-02-21T20:15:06.4380814Z SecurityEvents: read
2025-02-21T20:15:06.4381355Z Statuses: read
2025-02-21T20:15:06.4381887Z ##[endgroup]
2025-02-21T20:15:06.4384748Z Secret source: None
2025-02-21T20:15:06.4385465Z Prepare workflow directory
2025-02-21T20:15:06.4864647Z Prepare all required actions
2025-02-21T20:15:06.4902003Z Getting action download info
2025-02-21T20:15:06.6942313Z ##[group]Download immutable action package 'actions/checkout@v4'
2025-02-21T20:15:06.6943613Z Version: 4.2.2
2025-02-21T20:15:06.6944687Z Digest: sha256:ccb2698953eaebd21c7bf6268a94f9c26518a7e38e27e0b83c1fe1ad049819b1
2025-02-21T20:15:06.6945744Z Source commit SHA: 11bd71901bbe5b1630ceea73d27597364c9af683
2025-02-21T20:15:06.6946354Z ##[endgroup]
2025-02-21T20:15:07.4978959Z ##[group]Download immutable action package 'actions/cache@v4'
2025-02-21T20:15:07.4980082Z Version: 4.2.1
2025-02-21T20:15:07.4981180Z Digest: sha256:b0404c9628d43aa6855629075b28f32cadf8efc5c26198438149f78500112940
2025-02-21T20:15:07.4982693Z Source commit SHA: 0c907a75c2c80ebcb7f088228285e798b750cf8f
2025-02-21T20:15:07.4983778Z ##[endgroup]
2025-02-21T20:15:07.8928248Z Uses: tardis-sn/tardis/.github/workflows/lfs-cache.yml@refs/pull/2988/merge (6422afed1da57ccdb2e8ce3250e79c863f70158b)
2025-02-21T20:15:07.8932200Z ##[group] Inputs
2025-02-21T20:15:07.8933550Z   atom-data-sparse: false
2025-02-21T20:15:07.8934863Z   regression-data-repo: tardis-sn/tardis-regression-data
2025-02-21T20:15:07.8936260Z   allow_lfs_pull: false
2025-02-21T20:15:07.8937196Z ##[endgroup]
2025-02-21T20:15:07.8938155Z Complete job name: test-cache / lfs-cache
2025-02-21T20:15:07.9821606Z ##[group]Run actions/checkout@v4
2025-02-21T20:15:07.9822992Z with:
2025-02-21T20:15:07.9823937Z   repository: tardis-sn/tardis-regression-data
2025-02-21T20:15:07.9825169Z   path: tardis-regression-data
2025-02-21T20:15:07.9826471Z   token: ***
2025-02-21T20:15:07.9827276Z   ssh-strict: true
2025-02-21T20:15:07.9828113Z   ssh-user: git
2025-02-21T20:15:07.9829132Z   persist-credentials: true
2025-02-21T20:15:07.9830097Z   clean: true
2025-02-21T20:15:07.9830950Z   sparse-checkout-cone-mode: true
2025-02-21T20:15:07.9832005Z   fetch-depth: 1
2025-02-21T20:15:07.9832838Z   fetch-tags: false
2025-02-21T20:15:07.9833686Z   show-progress: true
2025-02-21T20:15:07.9834554Z   lfs: false
2025-02-21T20:15:07.9835355Z   submodules: false
2025-02-21T20:15:07.9836225Z   set-safe-directory: true
2025-02-21T20:15:07.9837414Z ##[endgroup]
2025-02-21T20:15:11.9620175Z Syncing repository: tardis-sn/tardis-regression-data
2025-02-21T20:15:11.9621696Z ##[group]Getting Git version info
2025-02-21T20:15:11.9622606Z Working directory is '/home/runner/work/tardis/tardis/tardis-regression-data'
2025-02-21T20:15:11.9623295Z [command]/usr/bin/git version
2025-02-21T20:15:12.1338956Z git version 2.48.1
2025-02-21T20:15:12.1439216Z ##[endgroup]
2025-02-21T20:15:12.1455388Z Temporarily overriding HOME='/home/runner/work/_temp/ef710fcc-2559-4a4c-ab3a-76ddf78f746e' before making global git config changes
2025-02-21T20:15:12.1456849Z Adding repository directory to the temporary git global config as a safe directory
2025-02-21T20:15:12.1462627Z [command]/usr/bin/git config --global --add safe.directory /home/runner/work/tardis/tardis/tardis-regression-data
2025-02-21T20:15:12.1557722Z ##[group]Initializing the repository
2025-02-21T20:15:12.1563689Z [command]/usr/bin/git init /home/runner/work/tardis/tardis/tardis-regression-data
2025-02-21T20:15:12.2052089Z hint: Using 'master' as the name for the initial branch. This default branch name
2025-02-21T20:15:12.2053758Z hint: is subject to change. To configure the initial branch name to use in all
2025-02-21T20:15:12.2054852Z hint: of your new repositories, which will suppress this warning, call:
2025-02-21T20:15:12.2055392Z hint:
2025-02-21T20:15:12.2055795Z hint: 	git config --global init.defaultBranch <name>
2025-02-21T20:15:12.2056222Z hint:
2025-02-21T20:15:12.2056646Z hint: Names commonly chosen instead of 'master' are 'main', 'trunk' and
2025-02-21T20:15:12.2057328Z hint: 'development'. The just-created branch can be renamed via this command:
2025-02-21T20:15:12.2057845Z hint:
2025-02-21T20:15:12.2058139Z hint: 	git branch -m <name>
2025-02-21T20:15:12.2210880Z Initialized empty Git repository in /home/runner/work/tardis/tardis/tardis-regression-data/.git/
2025-02-21T20:15:12.2222099Z [command]/usr/bin/git remote add origin https://github.com/tardis-sn/tardis-regression-data
2025-02-21T20:15:12.2330104Z ##[endgroup]
2025-02-21T20:15:12.2330763Z ##[group]Disabling automatic garbage collection
2025-02-21T20:15:12.2334442Z [command]/usr/bin/git config --local gc.auto 0
2025-02-21T20:15:12.2361859Z ##[endgroup]
2025-02-21T20:15:12.2369532Z ##[group]Setting up auth
2025-02-21T20:15:12.2370113Z [command]/usr/bin/git config --local --name-only --get-regexp core\.sshCommand
2025-02-21T20:15:12.2397492Z [command]/usr/bin/git submodule foreach --recursive sh -c "git config --local --name-only --get-regexp 'core\.sshCommand' && git config --local --unset-all 'core.sshCommand' || :"
2025-02-21T20:15:12.4766799Z [command]/usr/bin/git config --local --name-only --get-regexp http\.https\:\/\/github\.com\/\.extraheader
2025-02-21T20:15:12.4797907Z [command]/usr/bin/git submodule foreach --recursive sh -c "git config --local --name-only --get-regexp 'http\.https\:\/\/github\.com\/\.extraheader' && git config --local --unset-all 'http.https://github.com/.extraheader' || :"
2025-02-21T20:15:12.5036972Z [command]/usr/bin/git config --local http.https://github.com/.extraheader AUTHORIZATION: basic ***
2025-02-21T20:15:12.5078061Z ##[endgroup]
2025-02-21T20:15:12.5079514Z ##[group]Determining the default branch
2025-02-21T20:15:12.5082796Z Retrieving the default branch name
2025-02-21T20:15:12.9571997Z Default branch 'main'
2025-02-21T20:15:12.9573207Z ##[endgroup]
2025-02-21T20:15:12.9573816Z ##[group]Fetching the repository
2025-02-21T20:15:12.9579958Z [command]/usr/bin/git -c protocol.version=2 fetch --no-tags --prune --no-recurse-submodules --depth=1 origin +refs/heads/main:refs/remotes/origin/main
2025-02-21T20:15:13.6527632Z From https://github.com/tardis-sn/tardis-regression-data
2025-02-21T20:15:13.6528418Z  * [new branch]      main       -> origin/main
2025-02-21T20:15:13.6654269Z ##[endgroup]
2025-02-21T20:15:13.6654893Z ##[group]Determining the checkout info
2025-02-21T20:15:13.6656686Z ##[endgroup]
2025-02-21T20:15:13.6662390Z [command]/usr/bin/git sparse-checkout disable
2025-02-21T20:15:13.6780336Z [command]/usr/bin/git config --local --unset-all extensions.worktreeConfig
2025-02-21T20:15:13.6809700Z ##[group]Checking out the ref
2025-02-21T20:15:13.6814700Z [command]/usr/bin/git checkout --progress --force -B main refs/remotes/origin/main
2025-02-21T20:15:14.7993886Z Updating files:   3% (8/238)
2025-02-21T20:15:14.7997077Z Updating files:   4% (10/238)
2025-02-21T20:15:14.8007328Z Updating files:   5% (12/238)
2025-02-21T20:15:14.8124595Z Updating files:   6% (15/238)
2025-02-21T20:15:14.8131655Z Updating files:   7% (17/238)
2025-02-21T20:15:14.8139273Z Updating files:   8% (20/238)
2025-02-21T20:15:14.8145883Z Updating files:   9% (22/238)
2025-02-21T20:15:14.8153592Z Updating files:  10% (24/238)
2025-02-21T20:15:14.8158854Z Updating files:  11% (27/238)
2025-02-21T20:15:14.8164286Z Updating files:  12% (29/238)
2025-02-21T20:15:14.8176054Z Updating files:  13% (31/238)
2025-02-21T20:15:14.8181159Z Updating files:  14% (34/238)
2025-02-21T20:15:14.8188524Z Updating files:  15% (36/238)
2025-02-21T20:15:14.8194220Z Updating files:  16% (39/238)
2025-02-21T20:15:14.8199271Z Updating files:  17% (41/238)
2025-02-21T20:15:14.8205758Z Updating files:  18% (43/238)
2025-02-21T20:15:14.8209045Z Updating files:  19% (46/238)
2025-02-21T20:15:14.8218282Z Updating files:  20% (48/238)
2025-02-21T20:15:14.8224964Z Updating files:  21% (50/238)
2025-02-21T20:15:14.8229581Z Updating files:  22% (53/238)
2025-02-21T20:15:14.8236629Z Updating files:  23% (55/238)
2025-02-21T20:15:14.8241100Z Updating files:  24% (58/238)
2025-02-21T20:15:14.8246185Z Updating files:  25% (60/238)
2025-02-21T20:15:14.8252642Z Updating files:  26% (62/238)
2025-02-21T20:15:14.8261727Z Updating files:  27% (65/238)
2025-02-21T20:15:14.8267503Z Updating files:  28% (67/238)
2025-02-21T20:15:14.8271775Z Updating files:  29% (70/238)
2025-02-21T20:15:14.8276057Z Updating files:  30% (72/238)
2025-02-21T20:15:14.8281783Z Updating files:  31% (74/238)
2025-02-21T20:15:14.8285987Z Updating files:  32% (77/238)
2025-02-21T20:15:14.8289636Z Updating files:  33% (79/238)
2025-02-21T20:15:14.8297586Z Updating files:  34% (81/238)
2025-02-21T20:15:14.8301794Z Updating files:  35% (84/238)
2025-02-21T20:15:14.8309155Z Updating files:  36% (86/238)
2025-02-21T20:15:14.8313143Z Updating files:  37% (89/238)
2025-02-21T20:15:14.8318248Z Updating files:  38% (91/238)
2025-02-21T20:15:14.8324601Z Updating files:  39% (93/238)
2025-02-21T20:15:14.8331350Z Updating files:  40% (96/238)
2025-02-21T20:15:14.8335345Z Updating files:  41% (98/238)
2025-02-21T20:15:14.8342154Z Updating files:  42% (100/238)
2025-02-21T20:15:14.8347853Z Updating files:  43% (103/238)
2025-02-21T20:15:14.8352858Z Updating files:  44% (105/238)
2025-02-21T20:15:14.8356738Z Updating files:  45% (108/238)
2025-02-21T20:15:14.8361127Z Updating files:  46% (110/238)
2025-02-21T20:15:14.8366579Z Updating files:  47% (112/238)
2025-02-21T20:15:14.8370956Z Updating files:  48% (115/238)
2025-02-21T20:15:14.8377489Z Updating files:  49% (117/238)
2025-02-21T20:15:14.8384943Z Updating files:  50% (119/238)
2025-02-21T20:15:14.8389571Z Updating files:  51% (122/238)
2025-02-21T20:15:14.8396517Z Updating files:  52% (124/238)
2025-02-21T20:15:14.8400157Z Updating files:  53% (127/238)
2025-02-21T20:15:14.8403696Z Updating files:  54% (129/238)
2025-02-21T20:15:14.8410242Z Updating files:  55% (131/238)
2025-02-21T20:15:14.8414351Z Updating files:  56% (134/238)
2025-02-21T20:15:14.8424591Z Updating files:  57% (136/238)
2025-02-21T20:15:14.8428523Z Updating files:  58% (139/238)
2025-02-21T20:15:14.8432486Z Updating files:  59% (141/238)
2025-02-21T20:15:14.8437485Z Updating files:  60% (143/238)
2025-02-21T20:15:14.8440591Z Updating files:  61% (146/238)
2025-02-21T20:15:14.8444486Z Updating files:  62% (148/238)
2025-02-21T20:15:14.8450803Z Updating files:  63% (150/238)
2025-02-21T20:15:14.8454973Z Updating files:  64% (153/238)
2025-02-21T20:15:14.8460534Z Updating files:  65% (155/238)
2025-02-21T20:15:14.8464228Z Updating files:  66% (158/238)
2025-02-21T20:15:14.8468265Z Updating files:  67% (160/238)
2025-02-21T20:15:14.8475391Z Updating files:  68% (162/238)
2025-02-21T20:15:14.8479728Z Updating files:  69% (165/238)
2025-02-21T20:15:14.8484105Z Updating files:  70% (167/238)
2025-02-21T20:15:14.8488811Z Updating files:  71% (169/238)
2025-02-21T20:15:14.8492113Z Updating files:  72% (172/238)
2025-02-21T20:15:14.8496669Z Updating files:  73% (174/238)
2025-02-21T20:15:14.8499967Z Updating files:  74% (177/238)
2025-02-21T20:15:14.8504548Z Updating files:  75% (179/238)
2025-02-21T20:15:14.8508550Z Updating files:  76% (181/238)
2025-02-21T20:15:14.8512993Z Updating files:  77% (184/238)
2025-02-21T20:15:14.8521592Z Updating files:  78% (186/238)
2025-02-21T20:15:14.8525570Z Updating files:  79% (189/238)
2025-02-21T20:15:14.8528385Z Updating files:  80% (191/238)
2025-02-21T20:15:14.8532636Z Updating files:  81% (193/238)
2025-02-21T20:15:14.8535921Z Updating files:  82% (196/238)
2025-02-21T20:15:14.8539114Z Updating files:  83% (198/238)
2025-02-21T20:15:14.8543141Z Updating files:  84% (200/238)
2025-02-21T20:15:14.8547372Z Updating files:  85% (203/238)
2025-02-21T20:15:14.8555822Z Updating files:  86% (205/238)
2025-02-21T20:15:14.8559832Z Updating files:  87% (208/238)
2025-02-21T20:15:14.8563110Z Updating files:  88% (210/238)
2025-02-21T20:15:14.8569618Z Updating files:  89% (212/238)
2025-02-21T20:15:14.8572526Z Updating files:  90% (215/238)
2025-02-21T20:15:14.8575439Z Updating files:  91% (217/238)
2025-02-21T20:15:14.8581716Z Updating files:  92% (219/238)
2025-02-21T20:15:14.8586038Z Updating files:  93% (222/238)
2025-02-21T20:15:14.8591883Z Updating files:  94% (224/238)
2025-02-21T20:15:14.8594784Z Updating files:  95% (227/238)
2025-02-21T20:15:14.8598003Z Updating files:  96% (229/238)
2025-02-21T20:15:14.8603545Z Updating files:  97% (231/238)
2025-02-21T20:15:14.8606900Z Updating files:  98% (234/238)
2025-02-21T20:15:14.8610976Z Updating files:  99% (236/238)
2025-02-21T20:15:14.8611400Z Updating files: 100% (238/238)
2025-02-21T20:15:14.8611797Z Updating files: 100% (238/238), done.
2025-02-21T20:15:14.8626368Z Switched to a new branch 'main'
2025-02-21T20:15:14.8630099Z branch 'main' set up to track 'origin/main'.
2025-02-21T20:15:14.9022701Z ##[endgroup]
2025-02-21T20:15:14.9062050Z [command]/usr/bin/git log -1 --format=%H
2025-02-21T20:15:14.9084939Z 84e768462f20f09fbccc05625cdcc1d8ffbe404c
2025-02-21T20:15:14.9287731Z ##[group]Run if [ "false" == "true" ]; then
2025-02-21T20:15:14.9288108Z [36;1mif [ "false" == "true" ]; then[0m
2025-02-21T20:15:14.9288411Z [36;1m  echo "Using atom data sparse checkout"[0m
2025-02-21T20:15:14.9289071Z [36;1m  echo "atom_data/kurucz_cd23_chianti_H_He.h5" > .lfs-files-list[0m
2025-02-21T20:15:14.9289400Z [36;1melse[0m
2025-02-21T20:15:14.9289619Z [36;1m  echo "Using full repository checkout"[0m
2025-02-21T20:15:14.9289977Z [36;1m  git lfs ls-files -l | cut -d' ' -f1 | sort > .lfs-files-list[0m
2025-02-21T20:15:14.9290296Z [36;1mfi[0m
2025-02-21T20:15:14.9833394Z shell: /usr/bin/bash -l {0}
2025-02-21T20:15:14.9833709Z ##[endgroup]
2025-02-21T20:15:15.2052052Z Using full repository checkout
2025-02-21T20:15:15.3989939Z ##[group]Run actions/cache/restore@v4
2025-02-21T20:15:15.3990267Z with:
2025-02-21T20:15:15.3990512Z   path: tardis-regression-data/.git/lfs
2025-02-21T20:15:15.3991342Z   key: tardis-regression-full-data-c8ff2bbb6048b3f24d3f52a1e85b013ad47e52c369a6ce4cfdeff528b659b86f-tardis-sn/tardis-regression-data-v1
2025-02-21T20:15:15.3992132Z   lookup-only: true
2025-02-21T20:15:15.3992388Z   enableCrossOsArchive: false
2025-02-21T20:15:15.3992687Z   fail-on-cache-miss: false
2025-02-21T20:15:15.3992949Z ##[endgroup]
2025-02-21T20:15:15.7338986Z Cache hit for: tardis-regression-full-data-c8ff2bbb6048b3f24d3f52a1e85b013ad47e52c369a6ce4cfdeff528b659b86f-tardis-sn/tardis-regression-data-v1
2025-02-21T20:15:15.7340401Z Lookup only - skipping download
2025-02-21T20:15:16.1335272Z Cache found and can be restored from key: tardis-regression-full-data-c8ff2bbb6048b3f24d3f52a1e85b013ad47e52c369a6ce4cfdeff528b659b86f-tardis-sn/tardis-regression-data-v1
2025-02-21T20:15:16.1469488Z ##[group]Run git lfs checkout
2025-02-21T20:15:16.1469788Z [36;1mgit lfs checkout[0m
2025-02-21T20:15:16.1524515Z shell: /usr/bin/bash -l {0}
2025-02-21T20:15:16.1524922Z ##[endgroup]
2025-02-21T20:15:16.2760562Z Skipped checkout for "arepo_data/arepo_snapshot.hdf5", content not local. Use fetch to download.
2025-02-21T20:15:16.2761537Z Skipped checkout for "arepo_data/arepo_snapshot.json", content not local. Use fetch to download.
2025-02-21T20:15:16.2763389Z Skipped checkout for "atom_data/chianti_He.h5", content not local. Use fetch to download.
2025-02-21T20:15:16.2765076Z Skipped checkout for "atom_data/kurucz_atom_chianti_many.h5", content not local. Use fetch to download.
2025-02-21T20:15:16.2766698Z Skipped checkout for "atom_data/kurucz_cd23_chianti_H_He.h5", content not local. Use fetch to download.
2025-02-21T20:15:16.2768310Z Skipped checkout for "atom_data/kurucz_cd23_chianti_Si.h5", content not local. Use fetch to download.
2025-02-21T20:15:16.2770393Z Skipped checkout for "atom_data/new_kurucz_cd23_chianti_H_He.h5", content not local. Use fetch to download.
2025-02-21T20:15:16.2772616Z Skipped checkout for "atom_data/nlte_atom_data/TestNLTE_He_Ti.h5", content not local. Use fetch to download.
2025-02-21T20:15:16.2774251Z Skipped checkout for "atom_data/stardis_atom_data/tardis_adata_vald_longlist.hdf", content not local. Use fetch to download.
2025-02-21T20:15:16.2776055Z Skipped checkout for "atom_data/stardis_atom_data/tardis_adata_vald_shortlist.hdf", content not local. Use fetch to download.
2025-02-21T20:15:16.2777914Z Skipped checkout for "tardis/opacities/tests/test_tau_sobolev/test_calculate_beta_sobolevs.npy", content not local. Use fetch to download.
2025-02-21T20:15:16.2780125Z Skipped checkout for "tardis/opacities/tests/test_tau_sobolev/test_calculate_sobolev_line_opacity.h5", content not local. Use fetch to download.
2025-02-21T20:15:16.2782438Z Skipped checkout for "tardis/plasma/equilibrium/tests/test_level_populations/test_level_population_solver/test_solve__collisional_rate_solver0-radiative_transitions0__.h5", content not local. Use fetch to download.
2025-02-21T20:15:16.2784054Z Skipped checkout for "tardis/plasma/equilibrium/tests/test_rate_matrix/test_rate_matrix_solver__collisional_rate_solver0-radiative_transitions0__.h5", content not local. Use fetch to download.
2025-02-21T20:15:16.2786553Z Skipped checkout for "tardis/plasma/tests/test_complete_plasmas/test_plasma/TestPlasma.h5", content not local. Use fetch to download.
2025-02-21T20:15:16.2788182Z Skipped checkout for "tardis/plasma/tests/test_complete_plasmas/test_plasma/plasma_unittest_disable_electron_scattering_False.h5", content not local. Use fetch to download.
2025-02-21T20:15:16.2790271Z Skipped checkout for "tardis/plasma/tests/test_complete_plasmas/test_plasma/plasma_unittest_disable_electron_scattering_True.h5", content not local. Use fetch to download.
2025-02-21T20:15:16.2791884Z Skipped checkout for "tardis/plasma/tests/test_complete_plasmas/test_plasma/plasma_unittest_excitation_dilute-lte.h5", content not local. Use fetch to download.
2025-02-21T20:15:16.2793384Z Skipped checkout for "tardis/plasma/tests/test_complete_plasmas/test_plasma/plasma_unittest_excitation_lte.h5", content not local. Use fetch to download.
2025-02-21T20:15:16.2795019Z Skipped checkout for "tardis/plasma/tests/test_complete_plasmas/test_plasma/plasma_unittest_helium_treatment_recomb-nlte.h5", content not local. Use fetch to download.
2025-02-21T20:15:16.2796847Z Skipped checkout for "tardis/plasma/tests/test_complete_plasmas/test_plasma/plasma_unittest_helium_treatment_recomb-nlte_delta_treatment_0.5.h5", content not local. Use fetch to download.
2025-02-21T20:15:16.2798803Z Skipped checkout for "tardis/plasma/tests/test_complete_plasmas/test_plasma/plasma_unittest_initial_t_inner_10000 K.h5", content not local. Use fetch to download.
2025-02-21T20:15:16.2800840Z Skipped checkout for "tardis/plasma/tests/test_complete_plasmas/test_plasma/plasma_unittest_initial_t_rad_10000 K.h5", content not local. Use fetch to download.
2025-02-21T20:15:16.2802562Z Skipped checkout for "tardis/plasma/tests/test_complete_plasmas/test_plasma/plasma_unittest_ionization_lte.h5", content not local. Use fetch to download.
2025-02-21T20:15:16.2804476Z Skipped checkout for "tardis/plasma/tests/test_complete_plasmas/test_plasma/plasma_unittest_ionization_nebular.h5", content not local. Use fetch to download.
2025-02-21T20:15:16.2806291Z Skipped checkout for "tardis/plasma/tests/test_complete_plasmas/test_plasma/plasma_unittest_line_interaction_type_downbranch.h5", content not local. Use fetch to download.
2025-02-21T20:15:16.2808186Z Skipped checkout for "tardis/plasma/tests/test_complete_plasmas/test_plasma/plasma_unittest_line_interaction_type_macroatom.h5", content not local. Use fetch to download.
2025-02-21T20:15:16.2810093Z Skipped checkout for "tardis/plasma/tests/test_complete_plasmas/test_plasma/plasma_unittest_line_interaction_type_scatter.h5", content not local. Use fetch to download.
2025-02-21T20:15:16.2811837Z Skipped checkout for "tardis/plasma/tests/test_complete_plasmas/test_plasma/plasma_unittest_nlte.h5", content not local. Use fetch to download.
2025-02-21T20:15:16.2813513Z Skipped checkout for "tardis/plasma/tests/test_complete_plasmas/test_plasma/plasma_unittest_nlte_classical_nebular.h5", content not local. Use fetch to download.
2025-02-21T20:15:16.2815322Z Skipped checkout for "tardis/plasma/tests/test_complete_plasmas/test_plasma/plasma_unittest_nlte_coronal_approximation.h5", content not local. Use fetch to download.
2025-02-21T20:15:16.2817161Z Skipped checkout for "tardis/plasma/tests/test_complete_plasmas/test_plasma/plasma_unittest_radiative_rates_type_blackbody.h5", content not local. Use fetch to download.
2025-02-21T20:15:16.2819144Z Skipped checkout for "tardis/plasma/tests/test_complete_plasmas/test_plasma/plasma_unittest_radiative_rates_type_detailed.h5", content not local. Use fetch to download.
2025-02-21T20:15:16.2821072Z Skipped checkout for "tardis/plasma/tests/test_complete_plasmas/test_plasma/plasma_unittest_radiative_rates_type_detailed_w_epsilon_1e-10.h5", content not local. Use fetch to download.
2025-02-21T20:15:16.2823072Z Skipped checkout for "tardis/plasma/tests/test_complete_plasmas/test_plasma/plasma_unittest_radiative_rates_type_dilute-blackbody.h5", content not local. Use fetch to download.
2025-02-21T20:15:16.2824790Z Skipped checkout for "tardis/plasma/tests/test_hdf_plasma/test_collection__density__.npy", content not local. Use fetch to download.
2025-02-21T20:15:16.2826191Z Skipped checkout for "tardis/plasma/tests/test_hdf_plasma/test_collection__t_rad__.npy", content not local. Use fetch to download.
2025-02-21T20:15:16.2827594Z Skipped checkout for "tardis/plasma/tests/test_hdf_plasma/test_collection__w__.npy", content not local. Use fetch to download.
2025-02-21T20:15:16.2829591Z Skipped checkout for "tardis/plasma/tests/test_hdf_plasma/test_hdf_levels.h5", content not local. Use fetch to download.
2025-02-21T20:15:16.2831076Z Skipped checkout for "tardis/plasma/tests/test_hdf_plasma/test_hdf_plasma__abundance__.npy", content not local. Use fetch to download.
2025-02-21T20:15:16.2833363Z Skipped checkout for "tardis/plasma/tests/test_hdf_plasma/test_hdf_plasma__atomic_mass__.npy", content not local. Use fetch to download.
2025-02-21T20:15:16.2834940Z Skipped checkout for "tardis/plasma/tests/test_hdf_plasma/test_hdf_plasma__beta_rad__.npy", content not local. Use fetch to download.
2025-02-21T20:15:16.2836486Z Skipped checkout for "tardis/plasma/tests/test_hdf_plasma/test_hdf_plasma__beta_sobolev__.npy", content not local. Use fetch to download.
2025-02-21T20:15:16.2838025Z Skipped checkout for "tardis/plasma/tests/test_hdf_plasma/test_hdf_plasma__density__.npy", content not local. Use fetch to download.
2025-02-21T20:15:16.2839837Z Skipped checkout for "tardis/plasma/tests/test_hdf_plasma/test_hdf_plasma__electron_densities__.npy", content not local. Use fetch to download.
2025-02-21T20:15:16.2841710Z Skipped checkout for "tardis/plasma/tests/test_hdf_plasma/test_hdf_plasma__excitation_energy__.npy", content not local. Use fetch to download.
2025-02-21T20:15:16.2843277Z Skipped checkout for "tardis/plasma/tests/test_hdf_plasma/test_hdf_plasma__f_lu__.npy", content not local. Use fetch to download.
2025-02-21T20:15:16.2844912Z Skipped checkout for "tardis/plasma/tests/test_hdf_plasma/test_hdf_plasma__g__.npy", content not local. Use fetch to download.
2025-02-21T20:15:16.2846399Z Skipped checkout for "tardis/plasma/tests/test_hdf_plasma/test_hdf_plasma__g_electron__.npy", content not local. Use fetch to download.
2025-02-21T20:15:16.2848102Z Skipped checkout for "tardis/plasma/tests/test_hdf_plasma/test_hdf_plasma__general_level_boltzmann_factor__.npy", content not local. Use fetch to download.
2025-02-21T20:15:16.2850075Z Skipped checkout for "tardis/plasma/tests/test_hdf_plasma/test_hdf_plasma__ion_number_density__.npy", content not local. Use fetch to download.
2025-02-21T20:15:16.2851602Z Skipped checkout for "tardis/plasma/tests/test_hdf_plasma/test_hdf_plasma__ionization_data__.npy", content not local. Use fetch to download.
2025-02-21T20:15:16.2853170Z Skipped checkout for "tardis/plasma/tests/test_hdf_plasma/test_hdf_plasma__j_blues__.npy", content not local. Use fetch to download.
2025-02-21T20:15:16.2854734Z Skipped checkout for "tardis/plasma/tests/test_hdf_plasma/test_hdf_plasma__level_boltzmann_factor__.npy", content not local. Use fetch to download.
2025-02-21T20:15:16.2856339Z Skipped checkout for "tardis/plasma/tests/test_hdf_plasma/test_hdf_plasma__level_number_density__.npy", content not local. Use fetch to download.
2025-02-21T20:15:16.2857872Z Skipped checkout for "tardis/plasma/tests/test_hdf_plasma/test_hdf_plasma__lines__.npy", content not local. Use fetch to download.
2025-02-21T20:15:16.2859776Z Skipped checkout for "tardis/plasma/tests/test_hdf_plasma/test_hdf_plasma__lines_lower_level_index__.npy", content not local. Use fetch to download.
2025-02-21T20:15:16.2861343Z Skipped checkout for "tardis/plasma/tests/test_hdf_plasma/test_hdf_plasma__lines_upper_level_index__.npy", content not local. Use fetch to download.
2025-02-21T20:15:16.2862804Z Skipped checkout for "tardis/plasma/tests/test_hdf_plasma/test_hdf_plasma__metastability__.npy", content not local. Use fetch to download.
2025-02-21T20:15:16.2864304Z Skipped checkout for "tardis/plasma/tests/test_hdf_plasma/test_hdf_plasma__nu__.npy", content not local. Use fetch to download.
2025-02-21T20:15:16.2865734Z Skipped checkout for "tardis/plasma/tests/test_hdf_plasma/test_hdf_plasma__number_density__.npy", content not local. Use fetch to download.
2025-02-21T20:15:16.2867701Z Skipped checkout for "tardis/plasma/tests/test_hdf_plasma/test_hdf_plasma__partition_function__.npy", content not local. Use fetch to download.
2025-02-21T20:15:16.2869238Z Skipped checkout for "tardis/plasma/tests/test_hdf_plasma/test_hdf_plasma__phi__.npy", content not local. Use fetch to download.
2025-02-21T20:15:16.2871277Z Skipped checkout for "tardis/plasma/tests/test_hdf_plasma/test_hdf_plasma__selected_atoms__.npy", content not local. Use fetch to download.
2025-02-21T20:15:16.2873096Z Skipped checkout for "tardis/plasma/tests/test_hdf_plasma/test_hdf_plasma__stimulated_emission_factor__.npy", content not local. Use fetch to download.
2025-02-21T20:15:16.2874644Z Skipped checkout for "tardis/plasma/tests/test_hdf_plasma/test_hdf_plasma__t_electrons__.npy", content not local. Use fetch to download.
2025-02-21T20:15:16.2876140Z Skipped checkout for "tardis/plasma/tests/test_hdf_plasma/test_hdf_plasma__t_rad__.npy", content not local. Use fetch to download.
2025-02-21T20:15:16.2877784Z Skipped checkout for "tardis/plasma/tests/test_hdf_plasma/test_hdf_plasma__tau_sobolevs__.npy", content not local. Use fetch to download.
2025-02-21T20:15:16.2879542Z Skipped checkout for "tardis/plasma/tests/test_hdf_plasma/test_hdf_plasma__transition_probabilities__.npy", content not local. Use fetch to download.
2025-02-21T20:15:16.2881252Z Skipped checkout for "tardis/plasma/tests/test_hdf_plasma/test_hdf_plasma__w__.npy", content not local. Use fetch to download.
2025-02-21T20:15:16.2882718Z Skipped checkout for "tardis/plasma/tests/test_hdf_plasma/test_hdf_plasma__wavelength_cm__.npy", content not local. Use fetch to download.
2025-02-21T20:15:16.2884298Z Skipped checkout for "tardis/plasma/tests/test_hdf_plasma/test_hdf_scalars__link_t_rad_t_electron__.npy", content not local. Use fetch to download.
2025-02-21T20:15:16.2886126Z Skipped checkout for "tardis/plasma/tests/test_hdf_plasma/test_hdf_scalars__time_explosion__.npy", content not local. Use fetch to download.
2025-02-21T20:15:16.2888481Z Skipped checkout for "tardis/plasma/tests/test_nlte_excitation/test_coll_exc_deexc_matrix__coll_exc_coeff_values0-coll_deexc_coeff_values0-3__.npy", content not local. Use fetch to download.
2025-02-21T20:15:16.2890224Z Skipped checkout for "tardis/plasma/tests/test_nlte_excitation/test_coll_exc_deexc_matrix__coll_exc_coeff_values1-coll_deexc_coeff_values1-3__.npy", content not local. Use fetch to download.
2025-02-21T20:15:16.2891837Z Skipped checkout for "tardis/plasma/tests/test_nlte_excitation/test_prepare_bound_bound_rate_matrix.npy", content not local. Use fetch to download.
2025-02-21T20:15:16.2893197Z Skipped checkout for "tardis/plasma/tests/test_nlte_solver/test_jacobian_matrix.npy", content not local. Use fetch to download.
2025-02-21T20:15:16.2895376Z Skipped checkout for "tardis/plasma/tests/test_nlte_solver/test_rate_matrix.npy", content not local. Use fetch to download.
2025-02-21T20:15:16.2896871Z Skipped checkout for "tardis/plasma/tests/test_plasma_continuum/test_exp1_times_exp.npy", content not local. Use fetch to download.
2025-02-21T20:15:16.2898771Z Skipped checkout for "tardis/plasma/tests/test_tardis_model_density_config/test_electron_densities.npy", content not local. Use fetch to download.
2025-02-21T20:15:16.2900425Z Skipped checkout for "tardis/plasma/tests/test_tardis_model_density_config/test_isotope_number_densities.h5", content not local. Use fetch to download.
2025-02-21T20:15:16.2901998Z Skipped checkout for "tardis/plasma/tests/test_tardis_model_density_config/test_t_rad.npy", content not local. Use fetch to download.
2025-02-21T20:15:16.2903758Z Skipped checkout for "tardis/simulation/tests/test_simulation/test_plasma_estimates__dilution_factor__.h5", content not local. Use fetch to download.
2025-02-21T20:15:16.2905353Z Skipped checkout for "tardis/simulation/tests/test_simulation/test_plasma_estimates__j_estimator__.h5", content not local. Use fetch to download.
2025-02-21T20:15:16.2907134Z Skipped checkout for "tardis/simulation/tests/test_simulation/test_plasma_estimates__nu_bar_estimator__.h5", content not local. Use fetch to download.
2025-02-21T20:15:16.2908848Z Skipped checkout for "tardis/simulation/tests/test_simulation/test_plasma_estimates__output_energies__.h5", content not local. Use fetch to download.
2025-02-21T20:15:16.2910425Z Skipped checkout for "tardis/simulation/tests/test_simulation/test_plasma_estimates__output_nus__.h5", content not local. Use fetch to download.
2025-02-21T20:15:16.2911922Z Skipped checkout for "tardis/simulation/tests/test_simulation/test_plasma_estimates__t_radiative__.h5", content not local. Use fetch to download.
2025-02-21T20:15:16.2913542Z Skipped checkout for "tardis/simulation/tests/test_simulation/test_plasma_state_iterations__iterations_electron_densities__.h5", content not local. Use fetch to download.
2025-02-21T20:15:16.2915155Z Skipped checkout for "tardis/simulation/tests/test_simulation/test_plasma_state_iterations__iterations_t_inner__.h5", content not local. Use fetch to download.
2025-02-21T20:15:16.2916892Z Skipped checkout for "tardis/simulation/tests/test_simulation/test_plasma_state_iterations__iterations_t_rad__.h5", content not local. Use fetch to download.
2025-02-21T20:15:16.2918729Z Skipped checkout for "tardis/simulation/tests/test_simulation/test_plasma_state_iterations__iterations_w__.h5", content not local. Use fetch to download.
2025-02-21T20:15:16.2920628Z Skipped checkout for "tardis/spectrum/tests/test_spectrum_solver/test_spectrum_solver/TestSpectrumSolver.h5", content not local. Use fetch to download.
2025-02-21T20:15:16.2922293Z Skipped checkout for "tardis/tests/test_tardis_full/test_transport_simple/TestTransportSimple.h5", content not local. Use fetch to download.
2025-02-21T20:15:16.2924300Z Skipped checkout for "tardis/tests/test_tardis_full_formal_integral/test_transport_simple_formal_integral/test_j_blue_estimators__-1-downbranch__.npy", content not local. Use fetch to download.
2025-02-21T20:15:16.2926385Z Skipped checkout for "tardis/tests/test_tardis_full_formal_integral/test_transport_simple_formal_integral/test_j_blue_estimators__-1-macroatom__.npy", content not local. Use fetch to download.
2025-02-21T20:15:16.2928461Z Skipped checkout for "tardis/tests/test_tardis_full_formal_integral/test_transport_simple_formal_integral/test_j_blue_estimators__30-downbranch__.npy", content not local. Use fetch to download.
2025-02-21T20:15:16.2930705Z Skipped checkout for "tardis/tests/test_tardis_full_formal_integral/test_transport_simple_formal_integral/test_j_blue_estimators__30-macroatom__.npy", content not local. Use fetch to download.
2025-02-21T20:15:16.2932739Z Skipped checkout for "tardis/tests/test_tardis_full_formal_integral/test_transport_simple_formal_integral/test_simulation__-1-downbranch__.h5", content not local. Use fetch to download.
2025-02-21T20:15:16.2934747Z Skipped checkout for "tardis/tests/test_tardis_full_formal_integral/test_transport_simple_formal_integral/test_simulation__-1-macroatom__.h5", content not local. Use fetch to download.
2025-02-21T20:15:16.2936738Z Skipped checkout for "tardis/tests/test_tardis_full_formal_integral/test_transport_simple_formal_integral/test_simulation__30-downbranch__.h5", content not local. Use fetch to download.
2025-02-21T20:15:16.2938838Z Skipped checkout for "tardis/tests/test_tardis_full_formal_integral/test_transport_simple_formal_integral/test_simulation__30-macroatom__.h5", content not local. Use fetch to download.
2025-02-21T20:15:16.2940835Z Skipped checkout for "tardis/tests/test_tardis_full_formal_integral/test_transport_simple_formal_integral/test_spectrum__-1-downbranch__.npy", content not local. Use fetch to download.
2025-02-21T20:15:16.2942818Z Skipped checkout for "tardis/tests/test_tardis_full_formal_integral/test_transport_simple_formal_integral/test_spectrum__-1-macroatom__.npy", content not local. Use fetch to download.
2025-02-21T20:15:16.2944805Z Skipped checkout for "tardis/tests/test_tardis_full_formal_integral/test_transport_simple_formal_integral/test_spectrum__30-downbranch__.npy", content not local. Use fetch to download.
2025-02-21T20:15:16.2946771Z Skipped checkout for "tardis/tests/test_tardis_full_formal_integral/test_transport_simple_formal_integral/test_spectrum__30-macroatom__.npy", content not local. Use fetch to download.
2025-02-21T20:15:16.2948944Z Skipped checkout for "tardis/tests/test_tardis_full_formal_integral/test_transport_simple_formal_integral/test_spectrum_integrated__-1-downbranch__.npy", content not local. Use fetch to download.
2025-02-21T20:15:16.2951073Z Skipped checkout for "tardis/tests/test_tardis_full_formal_integral/test_transport_simple_formal_integral/test_spectrum_integrated__-1-macroatom__.npy", content not local. Use fetch to download.
2025-02-21T20:15:16.2953195Z Skipped checkout for "tardis/tests/test_tardis_full_formal_integral/test_transport_simple_formal_integral/test_spectrum_integrated__30-downbranch__.npy", content not local. Use fetch to download.
2025-02-21T20:15:16.2955301Z Skipped checkout for "tardis/tests/test_tardis_full_formal_integral/test_transport_simple_formal_integral/test_spectrum_integrated__30-macroatom__.npy", content not local. Use fetch to download.
2025-02-21T20:15:16.2957172Z Skipped checkout for "tardis/transport/montecarlo/tests/test_continuum/test_montecarlo_continuum.h5", content not local. Use fetch to download.
2025-02-21T20:15:16.2959007Z Skipped checkout for "tardis/transport/montecarlo/tests/test_montecarlo_main_loop/test_montecarlo_main_loop.h5", content not local. Use fetch to download.
2025-02-21T20:15:16.2960941Z Skipped checkout for "tardis/transport/montecarlo/tests/test_montecarlo_main_loop/test_montecarlo_main_loop_vpacket_log.h5", content not local. Use fetch to download.
2025-02-21T20:15:16.2962949Z Skipped checkout for "tardis/transport/montecarlo/tests/test_packet_source/test_black_body_simple_source/test_bb_attributes.h5", content not local. Use fetch to download.
2025-02-21T20:15:16.2964832Z Skipped checkout for "tardis/transport/montecarlo/tests/test_packet_source/test_black_body_simple_source/test_bb_energies.npy", content not local. Use fetch to download.
2025-02-21T20:15:16.2966682Z Skipped checkout for "tardis/transport/montecarlo/tests/test_packet_source/test_black_body_simple_source/test_bb_mus.npy", content not local. Use fetch to download.
2025-02-21T20:15:16.2968499Z Skipped checkout for "tardis/transport/montecarlo/tests/test_packet_source/test_black_body_simple_source/test_bb_nus.npy", content not local. Use fetch to download.
2025-02-21T20:15:16.2994735Z Skipped checkout for "tardis/transport/montecarlo/tests/test_packet_source/test_black_body_simple_source_rel/test_bb_attributes.h5", content not local. Use fetch to download.
2025-02-21T20:15:16.2996720Z Skipped checkout for "tardis/transport/montecarlo/tests/test_packet_source/test_black_body_simple_source_rel/test_bb_energies.npy", content not local. Use fetch to download.
2025-02-21T20:15:16.2998747Z Skipped checkout for "tardis/transport/montecarlo/tests/test_packet_source/test_black_body_simple_source_rel/test_bb_mus.npy", content not local. Use fetch to download.
2025-02-21T20:15:16.3000590Z Skipped checkout for "tardis/transport/montecarlo/tests/test_packet_source/test_black_body_simple_source_rel/test_bb_nus.npy", content not local. Use fetch to download.
2025-02-21T20:15:16.3002366Z Skipped checkout for "tardis/transport/montecarlo/tests/test_rpacket_tracker/test_boundary_interactions.npy", content not local. Use fetch to download.
2025-02-21T20:15:16.3004295Z Skipped checkout for "tardis/transport/montecarlo/tests/test_weighted_packet_source/test_black_body_weighted_source/test_bb_attributes.h5", content not local. Use fetch to download.
2025-02-21T20:15:16.3006310Z Skipped checkout for "tardis/transport/montecarlo/tests/test_weighted_packet_source/test_black_body_weighted_source/test_bb_energies.npy", content not local. Use fetch to download.
2025-02-21T20:15:16.3008293Z Skipped checkout for "tardis/transport/montecarlo/tests/test_weighted_packet_source/test_black_body_weighted_source/test_bb_mus.npy", content not local. Use fetch to download.
2025-02-21T20:15:16.3010354Z Skipped checkout for "tardis/transport/montecarlo/tests/test_weighted_packet_source/test_black_body_weighted_source/test_bb_nus.npy", content not local. Use fetch to download.
2025-02-21T20:15:16.3012334Z Skipped checkout for "tardis/visualization/tools/tests/test_liv_plot/test_liv_plotter/test_generate_plot_mpl__plotter_generate_plot_mpl0__.h5", content not local. Use fetch to download.
2025-02-21T20:15:16.3014379Z Skipped checkout for "tardis/visualization/tools/tests/test_liv_plot/test_liv_plotter/test_generate_plot_mpl__plotter_generate_plot_mpl1__.h5", content not local. Use fetch to download.
2025-02-21T20:15:16.3015826Z Skipped checkout for "tardis/visualization/tools/tests/test_liv_plot/test_liv_plotter/test_generate_plot_mpl__plotter_generate_plot_mpl2__.h5", content not local. Use fetch to download.
2025-02-21T20:15:16.3017967Z Skipped checkout for "tardis/visualization/tools/tests/test_liv_plot/test_liv_plotter/test_generate_plot_mpl__plotter_generate_plot_mpl3__.h5", content not local. Use fetch to download.
2025-02-21T20:15:16.3020171Z Skipped checkout for "tardis/visualization/tools/tests/test_liv_plot/test_liv_plotter/test_generate_plot_mpl__plotter_generate_plot_mpl4__.h5", content not local. Use fetch to download.
2025-02-21T20:15:16.3022255Z Skipped checkout for "tardis/visualization/tools/tests/test_liv_plot/test_liv_plotter/test_generate_plot_mpl__plotter_generate_plot_mpl5__.h5", content not local. Use fetch to download.
2025-02-21T20:15:16.3024462Z Skipped checkout for "tardis/visualization/tools/tests/test_liv_plot/test_liv_plotter/test_generate_plot_mpl__plotter_generate_plot_mpl6__.h5", content not local. Use fetch to download.
2025-02-21T20:15:16.3026627Z Skipped checkout for "tardis/visualization/tools/tests/test_liv_plot/test_liv_plotter/test_generate_plot_mpl__plotter_generate_plot_mpl7__.h5", content not local. Use fetch to download.
2025-02-21T20:15:16.3028804Z Skipped checkout for "tardis/visualization/tools/tests/test_liv_plot/test_liv_plotter/test_generate_plot_ply__plotter_generate_plot_ply0__.h5", content not local. Use fetch to download.
2025-02-21T20:15:16.3030809Z Skipped checkout for "tardis/visualization/tools/tests/test_liv_plot/test_liv_plotter/test_generate_plot_ply__plotter_generate_plot_ply1__.h5", content not local. Use fetch to download.
2025-02-21T20:15:16.3032815Z Skipped checkout for "tardis/visualization/tools/tests/test_liv_plot/test_liv_plotter/test_generate_plot_ply__plotter_generate_plot_ply2__.h5", content not local. Use fetch to download.
2025-02-21T20:15:16.3034817Z Skipped checkout for "tardis/visualization/tools/tests/test_liv_plot/test_liv_plotter/test_generate_plot_ply__plotter_generate_plot_ply3__.h5", content not local. Use fetch to download.
2025-02-21T20:15:16.3036829Z Skipped checkout for "tardis/visualization/tools/tests/test_liv_plot/test_liv_plotter/test_generate_plot_ply__plotter_generate_plot_ply4__.h5", content not local. Use fetch to download.
2025-02-21T20:15:16.3038953Z Skipped checkout for "tardis/visualization/tools/tests/test_liv_plot/test_liv_plotter/test_generate_plot_ply__plotter_generate_plot_ply5__.h5", content not local. Use fetch to download.
2025-02-21T20:15:16.3040965Z Skipped checkout for "tardis/visualization/tools/tests/test_liv_plot/test_liv_plotter/test_generate_plot_ply__plotter_generate_plot_ply6__.h5", content not local. Use fetch to download.
2025-02-21T20:15:16.3042992Z Skipped checkout for "tardis/visualization/tools/tests/test_liv_plot/test_liv_plotter/test_generate_plot_ply__plotter_generate_plot_ply7__.h5", content not local. Use fetch to download.
2025-02-21T20:15:16.3044951Z Skipped checkout for "tardis/visualization/tools/tests/test_liv_plot/test_liv_plotter/test_parse_species_list___keep_colour__.npy", content not local. Use fetch to download.
2025-02-21T20:15:16.3046845Z Skipped checkout for "tardis/visualization/tools/tests/test_liv_plot/test_liv_plotter/test_parse_species_list___species_list__.npy", content not local. Use fetch to download.
2025-02-21T20:15:16.3048874Z Skipped checkout for "tardis/visualization/tools/tests/test_liv_plot/test_liv_plotter/test_parse_species_list___species_mapped__.npy", content not local. Use fetch to download.
2025-02-21T20:15:16.3050934Z Skipped checkout for "tardis/visualization/tools/tests/test_liv_plot/test_liv_plotter/test_prepare_plot_data__plotter_prepare_plot_data0-new_bin_edges__.npy", content not local. Use fetch to download.
2025-02-21T20:15:16.3053098Z Skipped checkout for "tardis/visualization/tools/tests/test_liv_plot/test_liv_plotter/test_prepare_plot_data__plotter_prepare_plot_data0-plot_colors__.npy", content not local. Use fetch to download.
2025-02-21T20:15:16.3055239Z Skipped checkout for "tardis/visualization/tools/tests/test_liv_plot/test_liv_plotter/test_prepare_plot_data__plotter_prepare_plot_data0-plot_data__.npy", content not local. Use fetch to download.
2025-02-21T20:15:16.3057388Z Skipped checkout for "tardis/visualization/tools/tests/test_liv_plot/test_liv_plotter/test_prepare_plot_data__plotter_prepare_plot_data1-new_bin_edges__.npy", content not local. Use fetch to download.
2025-02-21T20:15:16.3059723Z Skipped checkout for "tardis/visualization/tools/tests/test_liv_plot/test_liv_plotter/test_prepare_plot_data__plotter_prepare_plot_data1-plot_colors__.npy", content not local. Use fetch to download.
2025-02-21T20:15:16.3061869Z Skipped checkout for "tardis/visualization/tools/tests/test_liv_plot/test_liv_plotter/test_prepare_plot_data__plotter_prepare_plot_data1-plot_data__.npy", content not local. Use fetch to download.
2025-02-21T20:15:16.3064173Z Skipped checkout for "tardis/visualization/tools/tests/test_liv_plot/test_liv_plotter/test_prepare_plot_data__plotter_prepare_plot_data2-new_bin_edges__.npy", content not local. Use fetch to download.
2025-02-21T20:15:16.3066461Z Skipped checkout for "tardis/visualization/tools/tests/test_liv_plot/test_liv_plotter/test_prepare_plot_data__plotter_prepare_plot_data2-plot_colors__.npy", content not local. Use fetch to download.
2025-02-21T20:15:16.3068738Z Skipped checkout for "tardis/visualization/tools/tests/test_liv_plot/test_liv_plotter/test_prepare_plot_data__plotter_prepare_plot_data2-plot_data__.npy", content not local. Use fetch to download.
2025-02-21T20:15:16.3070887Z Skipped checkout for "tardis/visualization/tools/tests/test_liv_plot/test_liv_plotter/test_prepare_plot_data__plotter_prepare_plot_data3-new_bin_edges__.npy", content not local. Use fetch to download.
2025-02-21T20:15:16.3073050Z Skipped checkout for "tardis/visualization/tools/tests/test_liv_plot/test_liv_plotter/test_prepare_plot_data__plotter_prepare_plot_data3-plot_colors__.npy", content not local. Use fetch to download.
2025-02-21T20:15:16.3075182Z Skipped checkout for "tardis/visualization/tools/tests/test_liv_plot/test_liv_plotter/test_prepare_plot_data__plotter_prepare_plot_data3-plot_data__.npy", content not local. Use fetch to download.
2025-02-21T20:15:16.3077331Z Skipped checkout for "tardis/visualization/tools/tests/test_liv_plot/test_liv_plotter/test_prepare_plot_data__plotter_prepare_plot_data4-new_bin_edges__.npy", content not local. Use fetch to download.
2025-02-21T20:15:16.3079601Z Skipped checkout for "tardis/visualization/tools/tests/test_liv_plot/test_liv_plotter/test_prepare_plot_data__plotter_prepare_plot_data4-plot_colors__.npy", content not local. Use fetch to download.
2025-02-21T20:15:16.3081748Z Skipped checkout for "tardis/visualization/tools/tests/test_liv_plot/test_liv_plotter/test_prepare_plot_data__plotter_prepare_plot_data4-plot_data__.npy", content not local. Use fetch to download.
2025-02-21T20:15:16.3083900Z Skipped checkout for "tardis/visualization/tools/tests/test_liv_plot/test_liv_plotter/test_prepare_plot_data__plotter_prepare_plot_data5-new_bin_edges__.npy", content not local. Use fetch to download.
2025-02-21T20:15:16.3086070Z Skipped checkout for "tardis/visualization/tools/tests/test_liv_plot/test_liv_plotter/test_prepare_plot_data__plotter_prepare_plot_data5-plot_colors__.npy", content not local. Use fetch to download.
2025-02-21T20:15:16.3088217Z Skipped checkout for "tardis/visualization/tools/tests/test_liv_plot/test_liv_plotter/test_prepare_plot_data__plotter_prepare_plot_data5-plot_data__.npy", content not local. Use fetch to download.
2025-02-21T20:15:16.3090499Z Skipped checkout for "tardis/visualization/tools/tests/test_liv_plot/test_liv_plotter/test_prepare_plot_data__plotter_prepare_plot_data6-new_bin_edges__.npy", content not local. Use fetch to download.
2025-02-21T20:15:16.3092184Z Skipped checkout for "tardis/visualization/tools/tests/test_liv_plot/test_liv_plotter/test_prepare_plot_data__plotter_prepare_plot_data6-plot_colors__.npy", content not local. Use fetch to download.
2025-02-21T20:15:16.3093930Z Skipped checkout for "tardis/visualization/tools/tests/test_liv_plot/test_liv_plotter/test_prepare_plot_data__plotter_prepare_plot_data6-plot_data__.npy", content not local. Use fetch to download.
2025-02-21T20:15:16.3096088Z Skipped checkout for "tardis/visualization/tools/tests/test_liv_plot/test_liv_plotter/test_prepare_plot_data__plotter_prepare_plot_data7-new_bin_edges__.npy", content not local. Use fetch to download.
2025-02-21T20:15:16.3098252Z Skipped checkout for "tardis/visualization/tools/tests/test_liv_plot/test_liv_plotter/test_prepare_plot_data__plotter_prepare_plot_data7-plot_colors__.npy", content not local. Use fetch to download.
2025-02-21T20:15:16.3100534Z Skipped checkout for "tardis/visualization/tools/tests/test_liv_plot/test_liv_plotter/test_prepare_plot_data__plotter_prepare_plot_data7-plot_data__.npy", content not local. Use fetch to download.
2025-02-21T20:15:16.3102969Z Skipped checkout for "tardis/visualization/tools/tests/test_sdec_plot/test_sdec_plotter/test_calculate_plotting_data__plotter_calculate_plotting_data0__.h5", content not local. Use fetch to download.
2025-02-21T20:15:16.3105328Z Skipped checkout for "tardis/visualization/tools/tests/test_sdec_plot/test_sdec_plotter/test_calculate_plotting_data__plotter_calculate_plotting_data10__.h5", content not local. Use fetch to download.
2025-02-21T20:15:16.3106786Z Skipped checkout for "tardis/visualization/tools/tests/test_sdec_plot/test_sdec_plotter/test_calculate_plotting_data__plotter_calculate_plotting_data11__.h5", content not local. Use fetch to download.
2025-02-21T20:15:16.3108465Z Skipped checkout for "tardis/visualization/tools/tests/test_sdec_plot/test_sdec_plotter/test_calculate_plotting_data__plotter_calculate_plotting_data12__.h5", content not local. Use fetch to download.
2025-02-21T20:15:16.3110146Z Skipped checkout for "tardis/visualization/tools/tests/test_sdec_plot/test_sdec_plotter/test_calculate_plotting_data__plotter_calculate_plotting_data13__.h5", content not local. Use fetch to download.
2025-02-21T20:15:16.3111661Z Skipped checkout for "tardis/visualization/tools/tests/test_sdec_plot/test_sdec_plotter/test_calculate_plotting_data__plotter_calculate_plotting_data14__.h5", content not local. Use fetch to download.
2025-02-21T20:15:16.3113929Z Skipped checkout for "tardis/visualization/tools/tests/test_sdec_plot/test_sdec_plotter/test_calculate_plotting_data__plotter_calculate_plotting_data15__.h5", content not local. Use fetch to download.
2025-02-21T20:15:16.3116183Z Skipped checkout for "tardis/visualization/tools/tests/test_sdec_plot/test_sdec_plotter/test_calculate_plotting_data__plotter_calculate_plotting_data1__.h5", content not local. Use fetch to download.
2025-02-21T20:15:16.3118396Z Skipped checkout for "tardis/visualization/tools/tests/test_sdec_plot/test_sdec_plotter/test_calculate_plotting_data__plotter_calculate_plotting_data2__.h5", content not local. Use fetch to download.
2025-02-21T20:15:16.3120769Z Skipped checkout for "tardis/visualization/tools/tests/test_sdec_plot/test_sdec_plotter/test_calculate_plotting_data__plotter_calculate_plotting_data3__.h5", content not local. Use fetch to download.
2025-02-21T20:15:16.3122949Z Skipped checkout for "tardis/visualization/tools/tests/test_sdec_plot/test_sdec_plotter/test_calculate_plotting_data__plotter_calculate_plotting_data4__.h5", content not local. Use fetch to download.
2025-02-21T20:15:16.3125181Z Skipped checkout for "tardis/visualization/tools/tests/test_sdec_plot/test_sdec_plotter/test_calculate_plotting_data__plotter_calculate_plotting_data5__.h5", content not local. Use fetch to download.
2025-02-21T20:15:16.3126901Z Skipped checkout for "tardis/visualization/tools/tests/test_sdec_plot/test_sdec_plotter/test_calculate_plotting_data__plotter_calculate_plotting_data6__.h5", content not local. Use fetch to download.
2025-02-21T20:15:16.3128128Z Skipped checkout for "tardis/visualization/tools/tests/test_sdec_plot/test_sdec_plotter/test_calculate_plotting_data__plotter_calculate_plotting_data7__.h5", content not local. Use fetch to download.
2025-02-21T20:15:16.3129527Z Skipped checkout for "tardis/visualization/tools/tests/test_sdec_plot/test_sdec_plotter/test_calculate_plotting_data__plotter_calculate_plotting_data8__.h5", content not local. Use fetch to download.
2025-02-21T20:15:16.3130774Z Skipped checkout for "tardis/visualization/tools/tests/test_sdec_plot/test_sdec_plotter/test_calculate_plotting_data__plotter_calculate_plotting_data9__.h5", content not local. Use fetch to download.
2025-02-21T20:15:16.3131964Z Skipped checkout for "tardis/visualization/tools/tests/test_sdec_plot/test_sdec_plotter/test_generate_plot_mpl__plotter_generate_plot_ply0__.h5", content not local. Use fetch to download.
2025-02-21T20:15:16.3133272Z Skipped checkout for "tardis/visualization/tools/tests/test_sdec_plot/test_sdec_plotter/test_generate_plot_mpl__plotter_generate_plot_ply10__.h5", content not local. Use fetch to download.
2025-02-21T20:15:16.3134537Z Skipped checkout for "tardis/visualization/tools/tests/test_sdec_plot/test_sdec_plotter/test_generate_plot_mpl__plotter_generate_plot_ply11__.h5", content not local. Use fetch to download.
2025-02-21T20:15:16.3136662Z Skipped checkout for "tardis/visualization/tools/tests/test_sdec_plot/test_sdec_plotter/test_generate_plot_mpl__plotter_generate_plot_ply12__.h5", content not local. Use fetch to download.
2025-02-21T20:15:16.3137863Z Skipped checkout for "tardis/visualization/tools/tests/test_sdec_plot/test_sdec_plotter/test_generate_plot_mpl__plotter_generate_plot_ply13__.h5", content not local. Use fetch to download.
2025-02-21T20:15:16.3139228Z Skipped checkout for "tardis/visualization/tools/tests/test_sdec_plot/test_sdec_plotter/test_generate_plot_mpl__plotter_generate_plot_ply14__.h5", content not local. Use fetch to download.
2025-02-21T20:15:16.3140406Z Skipped checkout for "tardis/visualization/tools/tests/test_sdec_plot/test_sdec_plotter/test_generate_plot_mpl__plotter_generate_plot_ply15__.h5", content not local. Use fetch to download.
2025-02-21T20:15:16.3141571Z Skipped checkout for "tardis/visualization/tools/tests/test_sdec_plot/test_sdec_plotter/test_generate_plot_mpl__plotter_generate_plot_ply1__.h5", content not local. Use fetch to download.
2025-02-21T20:15:16.3142716Z Skipped checkout for "tardis/visualization/tools/tests/test_sdec_plot/test_sdec_plotter/test_generate_plot_mpl__plotter_generate_plot_ply2__.h5", content not local. Use fetch to download.
2025-02-21T20:15:16.3143848Z Skipped checkout for "tardis/visualization/tools/tests/test_sdec_plot/test_sdec_plotter/test_generate_plot_mpl__plotter_generate_plot_ply3__.h5", content not local. Use fetch to download.
2025-02-21T20:15:16.3144986Z Skipped checkout for "tardis/visualization/tools/tests/test_sdec_plot/test_sdec_plotter/test_generate_plot_mpl__plotter_generate_plot_ply4__.h5", content not local. Use fetch to download.
2025-02-21T20:15:16.3146124Z Skipped checkout for "tardis/visualization/tools/tests/test_sdec_plot/test_sdec_plotter/test_generate_plot_mpl__plotter_generate_plot_ply5__.h5", content not local. Use fetch to download.
2025-02-21T20:15:16.3147258Z Skipped checkout for "tardis/visualization/tools/tests/test_sdec_plot/test_sdec_plotter/test_generate_plot_mpl__plotter_generate_plot_ply6__.h5", content not local. Use fetch to download.
2025-02-21T20:15:16.3148398Z Skipped checkout for "tardis/visualization/tools/tests/test_sdec_plot/test_sdec_plotter/test_generate_plot_mpl__plotter_generate_plot_ply7__.h5", content not local. Use fetch to download.
2025-02-21T20:15:16.3149848Z Skipped checkout for "tardis/visualization/tools/tests/test_sdec_plot/test_sdec_plotter/test_generate_plot_mpl__plotter_generate_plot_ply8__.h5", content not local. Use fetch to download.
2025-02-21T20:15:16.3150994Z Skipped checkout for "tardis/visualization/tools/tests/test_sdec_plot/test_sdec_plotter/test_generate_plot_mpl__plotter_generate_plot_ply9__.h5", content not local. Use fetch to download.
2025-02-21T20:15:16.3152129Z Skipped checkout for "tardis/visualization/tools/tests/test_sdec_plot/test_sdec_plotter/test_parse_species_list___full_species_list__.npy", content not local. Use fetch to download.
2025-02-21T20:15:16.3153220Z Skipped checkout for "tardis/visualization/tools/tests/test_sdec_plot/test_sdec_plotter/test_parse_species_list___keep_colour__.npy", content not local. Use fetch to download.
2025-02-21T20:15:16.3154294Z Skipped checkout for "tardis/visualization/tools/tests/test_sdec_plot/test_sdec_plotter/test_parse_species_list___species_list__.npy", content not local. Use fetch to download.
2025-02-21T20:15:16.3155030Z Checking out LFS objects: 100% (204/204), 5.7 GB | 0 B/s, done.
2025-02-21T20:15:16.3239331Z Post job cleanup.
2025-02-21T20:15:16.4168341Z [command]/usr/bin/git version
2025-02-21T20:15:16.4206065Z git version 2.48.1
2025-02-21T20:15:16.4248988Z Temporarily overriding HOME='/home/runner/work/_temp/8b331d9a-903e-441e-97e7-e40d76b282a3' before making global git config changes
2025-02-21T20:15:16.4249898Z Adding repository directory to the temporary git global config as a safe directory
2025-02-21T20:15:16.4261616Z [command]/usr/bin/git config --global --add safe.directory /home/runner/work/tardis/tardis/tardis-regression-data
2025-02-21T20:15:16.4295652Z [command]/usr/bin/git config --local --name-only --get-regexp core\.sshCommand
2025-02-21T20:15:16.4328377Z [command]/usr/bin/git submodule foreach --recursive sh -c "git config --local --name-only --get-regexp 'core\.sshCommand' && git config --local --unset-all 'core.sshCommand' || :"
2025-02-21T20:15:16.4561151Z [command]/usr/bin/git config --local --name-only --get-regexp http\.https\:\/\/github\.com\/\.extraheader
2025-02-21T20:15:16.4581706Z http.https://github.com/.extraheader
2025-02-21T20:15:16.4594228Z [command]/usr/bin/git config --local --unset-all http.https://github.com/.extraheader
2025-02-21T20:15:16.4624522Z [command]/usr/bin/git submodule foreach --recursive sh -c "git config --local --name-only --get-regexp 'http\.https\:\/\/github\.com\/\.extraheader' && git config --local --unset-all 'http.https://github.com/.extraheader' || :"
2025-02-21T20:15:16.4955477Z Cleaning up orphan processes
