2025-01-08T18:26:50.6572223Z Requested labels: macos-latest
2025-01-08T18:26:50.6572483Z Job defined at: tardis-sn/tardis/.github/workflows/tests.yml@refs/pull/2897/merge
2025-01-08T18:26:50.6572579Z Waiting for a runner to pick up this job...
2025-01-08T18:26:50.9392299Z Job is waiting for a hosted runner to come online.
2025-01-08T18:26:54.4316177Z Job is about to start running on the hosted runner: GitHub Actions 6 (hosted)
2025-01-08T18:26:55.8385610Z Current runner version: '2.321.0'
2025-01-08T18:26:55.8405180Z ##[group]Operating System
2025-01-08T18:26:55.8405720Z macOS
2025-01-08T18:26:55.8406030Z 14.7.2
2025-01-08T18:26:55.8406320Z 23H311
2025-01-08T18:26:55.8406630Z ##[endgroup]
2025-01-08T18:26:55.8406950Z ##[group]Runner Image
2025-01-08T18:26:55.8407310Z Image: macos-14-arm64
2025-01-08T18:26:55.8407620Z Version: 20250106.725
2025-01-08T18:26:55.8408310Z Included Software: https://github.com/actions/runner-images/blob/macos-14-arm64/20250106.725/images/macos/macos-14-arm64-Readme.md
2025-01-08T18:26:55.8409240Z Image Release: https://github.com/actions/runner-images/releases/tag/macos-14-arm64%2F20250106.725
2025-01-08T18:26:55.8409820Z ##[endgroup]
2025-01-08T18:26:55.8410130Z ##[group]Runner Image Provisioner
2025-01-08T18:26:55.8410530Z 2.0.404.1+573eac7f0cc07d6bb82d8b9bf5e1ffa69a554644
2025-01-08T18:26:55.8410940Z ##[endgroup]
2025-01-08T18:26:55.8412310Z ##[group]GITHUB_TOKEN Permissions
2025-01-08T18:26:55.8413630Z Actions: read
2025-01-08T18:26:55.8413970Z Attestations: read
2025-01-08T18:26:55.8414280Z Checks: read
2025-01-08T18:26:55.8414580Z Contents: read
2025-01-08T18:26:55.8414880Z Deployments: read
2025-01-08T18:26:55.8415190Z Discussions: read
2025-01-08T18:26:55.8415490Z Issues: read
2025-01-08T18:26:55.8415780Z Metadata: read
2025-01-08T18:26:55.8416090Z Packages: read
2025-01-08T18:26:55.8416390Z Pages: read
2025-01-08T18:26:55.8416680Z PullRequests: read
2025-01-08T18:26:55.8417000Z RepositoryProjects: read
2025-01-08T18:26:55.8417520Z SecurityEvents: read
2025-01-08T18:26:55.8417840Z Statuses: read
2025-01-08T18:26:55.8418140Z ##[endgroup]
2025-01-08T18:26:55.8420650Z Secret source: None
2025-01-08T18:26:55.8421050Z Prepare workflow directory
2025-01-08T18:26:55.8789870Z Prepare all required actions
2025-01-08T18:26:55.8817300Z Getting action download info
2025-01-08T18:26:56.0697010Z Download action repository 'actions/checkout@v4' (SHA:11bd71901bbe5b1630ceea73d27597364c9af683)
2025-01-08T18:26:56.3559600Z Download action repository 'actions/upload-artifact@v4' (SHA:6f51ac03b9356f520e9adb1b1b7802705f340c2b)
2025-01-08T18:26:56.5363220Z Complete job name:  continuum macos-latest 
2025-01-08T18:26:56.5742410Z ##[group]Run actions/checkout@v4
2025-01-08T18:26:56.5742910Z with:
2025-01-08T18:26:56.5743190Z   repository: tardis-sn/tardis
2025-01-08T18:26:56.5743660Z   token: ***
2025-01-08T18:26:56.5743930Z   ssh-strict: true
2025-01-08T18:26:56.5744220Z   ssh-user: git
2025-01-08T18:26:56.5744500Z   persist-credentials: true
2025-01-08T18:26:56.5744820Z   clean: true
2025-01-08T18:26:56.5745100Z   sparse-checkout-cone-mode: true
2025-01-08T18:26:56.5745440Z   fetch-depth: 1
2025-01-08T18:26:56.5745710Z   fetch-tags: false
2025-01-08T18:26:56.5746000Z   show-progress: true
2025-01-08T18:26:56.5746290Z   lfs: false
2025-01-08T18:26:56.5746550Z   submodules: false
2025-01-08T18:26:56.5746840Z   set-safe-directory: true
2025-01-08T18:26:56.5747250Z env:
2025-01-08T18:26:56.5747510Z   CACHE_NUMBER: 0
2025-01-08T18:26:56.5748280Z   PYTEST_FLAGS: --tardis-regression-data=/Users/runner/work/tardis/tardis/tardis-regression-data --cov=tardis --cov-report=xml --cov-report=html --cov-append
2025-01-08T18:26:56.5749130Z   CODECOV_TOKEN: 
2025-01-08T18:26:56.5749410Z ##[endgroup]
2025-01-08T18:26:56.9296350Z Syncing repository: tardis-sn/tardis
2025-01-08T18:26:56.9317800Z ##[group]Getting Git version info
2025-01-08T18:26:56.9318470Z Working directory is '/Users/runner/work/tardis/tardis'
2025-01-08T18:26:56.9319160Z [command]/opt/homebrew/bin/git version
2025-01-08T18:26:56.9861880Z git version 2.47.1
2025-01-08T18:26:56.9893430Z ##[endgroup]
2025-01-08T18:26:56.9902520Z Copying '/Users/runner/.gitconfig' to '/Users/runner/work/_temp/aa06c73f-1353-4c57-9fb0-8d662930b4e1/.gitconfig'
2025-01-08T18:26:56.9913910Z Temporarily overriding HOME='/Users/runner/work/_temp/aa06c73f-1353-4c57-9fb0-8d662930b4e1' before making global git config changes
2025-01-08T18:26:56.9915010Z Adding repository directory to the temporary git global config as a safe directory
2025-01-08T18:26:56.9917430Z [command]/opt/homebrew/bin/git config --global --add safe.directory /Users/runner/work/tardis/tardis
2025-01-08T18:26:57.0005720Z Deleting the contents of '/Users/runner/work/tardis/tardis'
2025-01-08T18:26:57.0007970Z ##[group]Initializing the repository
2025-01-08T18:26:57.0013160Z [command]/opt/homebrew/bin/git init /Users/runner/work/tardis/tardis
2025-01-08T18:26:57.0184750Z hint: Using 'master' as the name for the initial branch. This default branch name
2025-01-08T18:26:57.0185750Z hint: is subject to change. To configure the initial branch name to use in all
2025-01-08T18:26:57.0186480Z hint: of your new repositories, which will suppress this warning, call:
2025-01-08T18:26:57.0187080Z hint:
2025-01-08T18:26:57.0187490Z hint: 	git config --global init.defaultBranch <name>
2025-01-08T18:26:57.0187990Z hint:
2025-01-08T18:26:57.0188410Z hint: Names commonly chosen instead of 'master' are 'main', 'trunk' and
2025-01-08T18:26:57.0189130Z hint: 'development'. The just-created branch can be renamed via this command:
2025-01-08T18:26:57.0189730Z hint:
2025-01-08T18:26:57.0190100Z hint: 	git branch -m <name>
2025-01-08T18:26:57.0190690Z Initialized empty Git repository in /Users/runner/work/tardis/tardis/.git/
2025-01-08T18:26:57.0194060Z [command]/opt/homebrew/bin/git remote add origin https://github.com/tardis-sn/tardis
2025-01-08T18:26:57.0268190Z ##[endgroup]
2025-01-08T18:26:57.0268860Z ##[group]Disabling automatic garbage collection
2025-01-08T18:26:57.0271000Z [command]/opt/homebrew/bin/git config --local gc.auto 0
2025-01-08T18:26:57.0320820Z ##[endgroup]
2025-01-08T18:26:57.0321820Z ##[group]Setting up auth
2025-01-08T18:26:57.0326030Z [command]/opt/homebrew/bin/git config --local --name-only --get-regexp core\.sshCommand
2025-01-08T18:26:57.0376530Z [command]/opt/homebrew/bin/git submodule foreach --recursive sh -c "git config --local --name-only --get-regexp 'core\.sshCommand' && git config --local --unset-all 'core.sshCommand' || :"
2025-01-08T18:26:57.1194700Z [command]/opt/homebrew/bin/git config --local --name-only --get-regexp http\.https\:\/\/github\.com\/\.extraheader
2025-01-08T18:26:57.1237450Z [command]/opt/homebrew/bin/git submodule foreach --recursive sh -c "git config --local --name-only --get-regexp 'http\.https\:\/\/github\.com\/\.extraheader' && git config --local --unset-all 'http.https://github.com/.extraheader' || :"
2025-01-08T18:26:57.1893930Z [command]/opt/homebrew/bin/git config --local http.https://github.com/.extraheader AUTHORIZATION: basic ***
2025-01-08T18:26:57.1982290Z ##[endgroup]
2025-01-08T18:26:57.2019750Z ##[group]Fetching the repository
2025-01-08T18:26:57.2025630Z [command]/opt/homebrew/bin/git -c protocol.version=2 fetch --no-tags --prune --no-recurse-submodules --depth=1 origin +5649bb70b84e6c20da8fbd6fd53e261f279a9f74:refs/remotes/pull/2897/merge
2025-01-08T18:26:58.9477400Z From https://github.com/tardis-sn/tardis
2025-01-08T18:26:58.9479330Z  * [new ref]         5649bb70b84e6c20da8fbd6fd53e261f279a9f74 -> pull/2897/merge
2025-01-08T18:26:58.9529050Z ##[endgroup]
2025-01-08T18:26:58.9529900Z ##[group]Determining the checkout info
2025-01-08T18:26:58.9530880Z ##[endgroup]
2025-01-08T18:26:58.9552160Z [command]/opt/homebrew/bin/git sparse-checkout disable
2025-01-08T18:26:58.9594680Z [command]/opt/homebrew/bin/git config --local --unset-all extensions.worktreeConfig
2025-01-08T18:26:58.9642830Z ##[group]Checking out the ref
2025-01-08T18:26:58.9645050Z [command]/opt/homebrew/bin/git checkout --progress --force refs/remotes/pull/2897/merge
2025-01-08T18:26:59.1724800Z HEAD is now at 5649bb7 Merge ae56f91c57dd66e449a00438708bcccb1e3f7caf into 7e37d5fe0adb8b767cd033924165b5060f22f170
2025-01-08T18:26:59.1742510Z ##[endgroup]
2025-01-08T18:26:59.1815810Z [command]/opt/homebrew/bin/git log -1 --format=%H
2025-01-08T18:26:59.1864660Z 5649bb70b84e6c20da8fbd6fd53e261f279a9f74
2025-01-08T18:26:59.2151140Z Prepare all required actions
2025-01-08T18:26:59.2152180Z Getting action download info
2025-01-08T18:26:59.3719330Z Download action repository 'actions/cache@v4' (SHA:1bd1e32a3bdc45362d1e726936510720a7c30a57)
2025-01-08T18:26:59.4820320Z ##[group]Run ./.github/actions/setup_lfs
2025-01-08T18:26:59.4821040Z with:
2025-01-08T18:26:59.4821710Z   regression-data-repo: tardis-sn/tardis-regression-data
2025-01-08T18:26:59.4822500Z env:
2025-01-08T18:26:59.4822990Z   CACHE_NUMBER: 0
2025-01-08T18:26:59.4824520Z   PYTEST_FLAGS: --tardis-regression-data=/Users/runner/work/tardis/tardis/tardis-regression-data --cov=tardis --cov-report=xml --cov-report=html --cov-append
2025-01-08T18:26:59.4826220Z   CODECOV_TOKEN: 
2025-01-08T18:26:59.4826790Z ##[endgroup]
2025-01-08T18:26:59.4968050Z ##[group]Run actions/checkout@v4
2025-01-08T18:26:59.4968760Z with:
2025-01-08T18:26:59.4969300Z   repository: tardis-sn/tardis-regression-data
2025-01-08T18:26:59.4970030Z   path: tardis-regression-data
2025-01-08T18:26:59.4970830Z   token: ***
2025-01-08T18:26:59.4971310Z   ssh-strict: true
2025-01-08T18:26:59.4971830Z   ssh-user: git
2025-01-08T18:26:59.4972350Z   persist-credentials: true
2025-01-08T18:26:59.4972920Z   clean: true
2025-01-08T18:26:59.4973420Z   sparse-checkout-cone-mode: true
2025-01-08T18:26:59.4974030Z   fetch-depth: 1
2025-01-08T18:26:59.4974540Z   fetch-tags: false
2025-01-08T18:26:59.4975060Z   show-progress: true
2025-01-08T18:26:59.4975590Z   lfs: false
2025-01-08T18:26:59.4976080Z   submodules: false
2025-01-08T18:26:59.4976600Z   set-safe-directory: true
2025-01-08T18:26:59.4977160Z env:
2025-01-08T18:26:59.4977610Z   CACHE_NUMBER: 0
2025-01-08T18:26:59.4979020Z   PYTEST_FLAGS: --tardis-regression-data=/Users/runner/work/tardis/tardis/tardis-regression-data --cov=tardis --cov-report=xml --cov-report=html --cov-append
2025-01-08T18:26:59.4980640Z   CODECOV_TOKEN: 
2025-01-08T18:26:59.4981140Z ##[endgroup]
2025-01-08T18:26:59.7947950Z Syncing repository: tardis-sn/tardis-regression-data
2025-01-08T18:26:59.8052320Z ##[group]Getting Git version info
2025-01-08T18:26:59.8152270Z Working directory is '/Users/runner/work/tardis/tardis/tardis-regression-data'
2025-01-08T18:26:59.8355530Z [command]/opt/homebrew/bin/git version
2025-01-08T18:26:59.8458660Z git version 2.47.1
2025-01-08T18:26:59.8882880Z ##[endgroup]
2025-01-08T18:26:59.9093840Z Copying '/Users/runner/.gitconfig' to '/Users/runner/work/_temp/8d3065dc-ab7f-4e5b-aeb4-61921d965bb2/.gitconfig'
2025-01-08T18:26:59.9196880Z Temporarily overriding HOME='/Users/runner/work/_temp/8d3065dc-ab7f-4e5b-aeb4-61921d965bb2' before making global git config changes
2025-01-08T18:26:59.9249360Z Adding repository directory to the temporary git global config as a safe directory
2025-01-08T18:26:59.9354030Z [command]/opt/homebrew/bin/git config --global --add safe.directory /Users/runner/work/tardis/tardis/tardis-regression-data
2025-01-08T18:26:59.9513250Z ##[group]Initializing the repository
2025-01-08T18:26:59.9598490Z [command]/opt/homebrew/bin/git init /Users/runner/work/tardis/tardis/tardis-regression-data
2025-01-08T18:26:59.9601960Z hint: Using 'master' as the name for the initial branch. This default branch name
2025-01-08T18:26:59.9642990Z hint: is subject to change. To configure the initial branch name to use in all
2025-01-08T18:26:59.9654390Z hint: of your new repositories, which will suppress this warning, call:
2025-01-08T18:26:59.9655390Z hint:
2025-01-08T18:26:59.9656070Z hint: 	git config --global init.defaultBranch <name>
2025-01-08T18:26:59.9661850Z hint:
2025-01-08T18:26:59.9663730Z hint: Names commonly chosen instead of 'master' are 'main', 'trunk' and
2025-01-08T18:26:59.9666230Z hint: 'development'. The just-created branch can be renamed via this command:
2025-01-08T18:26:59.9668220Z hint:
2025-01-08T18:26:59.9669620Z hint: 	git branch -m <name>
2025-01-08T18:26:59.9672150Z Initialized empty Git repository in /Users/runner/work/tardis/tardis/tardis-regression-data/.git/
2025-01-08T18:26:59.9681990Z [command]/opt/homebrew/bin/git remote add origin https://github.com/tardis-sn/tardis-regression-data
2025-01-08T18:26:59.9688070Z ##[endgroup]
2025-01-08T18:26:59.9690340Z ##[group]Disabling automatic garbage collection
2025-01-08T18:26:59.9693180Z [command]/opt/homebrew/bin/git config --local gc.auto 0
2025-01-08T18:26:59.9697710Z ##[endgroup]
2025-01-08T18:26:59.9699780Z ##[group]Setting up auth
2025-01-08T18:26:59.9702070Z [command]/opt/homebrew/bin/git config --local --name-only --get-regexp core\.sshCommand
2025-01-08T18:26:59.9708770Z [command]/opt/homebrew/bin/git submodule foreach --recursive sh -c "git config --local --name-only --get-regexp 'core\.sshCommand' && git config --local --unset-all 'core.sshCommand' || :"
2025-01-08T18:26:59.9712180Z [command]/opt/homebrew/bin/git config --local --name-only --get-regexp http\.https\:\/\/github\.com\/\.extraheader
2025-01-08T18:26:59.9715390Z [command]/opt/homebrew/bin/git submodule foreach --recursive sh -c "git config --local --name-only --get-regexp 'http\.https\:\/\/github\.com\/\.extraheader' && git config --local --unset-all 'http.https://github.com/.extraheader' || :"
2025-01-08T18:26:59.9827090Z [command]/opt/homebrew/bin/git config --local http.https://github.com/.extraheader AUTHORIZATION: basic ***
2025-01-08T18:26:59.9895810Z ##[endgroup]
2025-01-08T18:26:59.9897030Z ##[group]Determining the default branch
2025-01-08T18:26:59.9900000Z Retrieving the default branch name
2025-01-08T18:27:00.4116280Z Default branch 'main'
2025-01-08T18:27:00.4119930Z ##[endgroup]
2025-01-08T18:27:00.4283350Z ##[group]Fetching the repository
2025-01-08T18:27:00.4414510Z [command]/opt/homebrew/bin/git -c protocol.version=2 fetch --no-tags --prune --no-recurse-submodules --depth=1 origin +refs/heads/main:refs/remotes/origin/main
2025-01-08T18:27:01.6582300Z From https://github.com/tardis-sn/tardis-regression-data
2025-01-08T18:27:01.6685250Z  * [new branch]      main       -> origin/main
2025-01-08T18:27:01.6854210Z ##[endgroup]
2025-01-08T18:27:01.6881680Z ##[group]Determining the checkout info
2025-01-08T18:27:01.6923720Z ##[endgroup]
2025-01-08T18:27:01.6984300Z [command]/opt/homebrew/bin/git sparse-checkout disable
2025-01-08T18:27:01.7288590Z [command]/opt/homebrew/bin/git config --local --unset-all extensions.worktreeConfig
2025-01-08T18:27:01.7482980Z ##[group]Checking out the ref
2025-01-08T18:27:01.7483630Z [command]/opt/homebrew/bin/git checkout --progress --force -B main refs/remotes/origin/main
2025-01-08T18:27:02.0132960Z Switched to a new branch 'main'
2025-01-08T18:27:02.0163190Z branch 'main' set up to track 'origin/main'.
2025-01-08T18:27:02.1056750Z ##[endgroup]
2025-01-08T18:27:02.1138410Z [command]/opt/homebrew/bin/git log -1 --format=%H
2025-01-08T18:27:02.1193490Z 666ab8501c2b2aea30d05b8822e7ddbfca078d23
2025-01-08T18:27:02.1290120Z ##[group]Run git lfs ls-files -l | cut -d' ' -f1 | sort > .lfs-assets-id
2025-01-08T18:27:02.1290590Z [36;1mgit lfs ls-files -l | cut -d' ' -f1 | sort > .lfs-assets-id[0m
2025-01-08T18:27:02.1352780Z shell: /bin/bash --noprofile --norc -e -o pipefail {0}
2025-01-08T18:27:02.1353070Z env:
2025-01-08T18:27:02.1353220Z   CACHE_NUMBER: 0
2025-01-08T18:27:02.1353740Z   PYTEST_FLAGS: --tardis-regression-data=/Users/runner/work/tardis/tardis/tardis-regression-data --cov=tardis --cov-report=xml --cov-report=html --cov-append
2025-01-08T18:27:02.1354290Z   CODECOV_TOKEN: 
2025-01-08T18:27:02.1354420Z ##[endgroup]
2025-01-08T18:27:02.3562840Z ##[group]Run actions/cache/restore@v4
2025-01-08T18:27:02.3563100Z with:
2025-01-08T18:27:02.3563260Z   path: tardis-regression-data/.git/lfs
2025-01-08T18:27:02.3563630Z   key: macOS-lfs-21f9fa4b6817cc69b9fae3598144724da7828e276a73bd17f47a2a49d9af090a-v1
2025-01-08T18:27:02.3563970Z   enableCrossOsArchive: false
2025-01-08T18:27:02.3564160Z   fail-on-cache-miss: false
2025-01-08T18:27:02.3564320Z   lookup-only: false
2025-01-08T18:27:02.3564540Z env:
2025-01-08T18:27:02.3564730Z   CACHE_NUMBER: 0
2025-01-08T18:27:02.3565570Z   PYTEST_FLAGS: --tardis-regression-data=/Users/runner/work/tardis/tardis/tardis-regression-data --cov=tardis --cov-report=xml --cov-report=html --cov-append
2025-01-08T18:27:02.3566110Z   CODECOV_TOKEN: 
2025-01-08T18:27:02.3566250Z ##[endgroup]
2025-01-08T18:27:03.8832810Z Received 29360128 of 1706796060 (1.7%), 27.3 MBs/sec
2025-01-08T18:27:04.8798560Z Received 83886080 of 1706796060 (4.9%), 39.5 MBs/sec
2025-01-08T18:27:05.8797430Z Received 142606336 of 1706796060 (8.4%), 45.0 MBs/sec
2025-01-08T18:27:06.8799130Z Received 209715200 of 1706796060 (12.3%), 49.7 MBs/sec
2025-01-08T18:27:07.8801580Z Received 293601280 of 1706796060 (17.2%), 55.7 MBs/sec
2025-01-08T18:27:08.8812190Z Received 385875968 of 1706796060 (22.6%), 61.1 MBs/sec
2025-01-08T18:27:09.8806820Z Received 469762048 of 1706796060 (27.5%), 63.8 MBs/sec
2025-01-08T18:27:10.8861920Z Received 528482304 of 1706796060 (31.0%), 62.8 MBs/sec
2025-01-08T18:27:11.8816060Z Received 591396864 of 1706796060 (34.6%), 62.5 MBs/sec
2025-01-08T18:27:12.8819130Z Received 662700032 of 1706796060 (38.8%), 63.0 MBs/sec
2025-01-08T18:27:13.8826830Z Received 742391808 of 1706796060 (43.5%), 64.2 MBs/sec
2025-01-08T18:27:14.8831860Z Received 801112064 of 1706796060 (46.9%), 63.5 MBs/sec
2025-01-08T18:27:15.8859430Z Received 884998144 of 1706796060 (51.9%), 64.8 MBs/sec
2025-01-08T18:27:16.8857170Z Received 947912704 of 1706796060 (55.5%), 64.4 MBs/sec
2025-01-08T18:27:17.8855360Z Received 1056964608 of 1706796060 (61.9%), 67.1 MBs/sec
2025-01-08T18:27:18.8855050Z Received 1128267776 of 1706796060 (66.1%), 67.1 MBs/sec
2025-01-08T18:27:19.8863360Z Received 1207959552 of 1706796060 (70.8%), 67.6 MBs/sec
2025-01-08T18:27:20.8866190Z Received 1283457024 of 1706796060 (75.2%), 67.9 MBs/sec
2025-01-08T18:27:21.8870380Z Received 1333788672 of 1706796060 (78.1%), 66.8 MBs/sec
2025-01-08T18:27:22.8866930Z Received 1392508928 of 1706796060 (81.6%), 66.3 MBs/sec
2025-01-08T18:27:23.8870120Z Received 1447034880 of 1706796060 (84.8%), 65.6 MBs/sec
2025-01-08T18:27:24.8898770Z Received 1505755136 of 1706796060 (88.2%), 65.2 MBs/sec
2025-01-08T18:27:25.8892210Z Received 1564475392 of 1706796060 (91.7%), 64.8 MBs/sec
2025-01-08T18:27:26.8906030Z Received 1631584256 of 1706796060 (95.6%), 64.7 MBs/sec
2025-01-08T18:27:27.8928940Z Received 1702601756 of 1706796060 (99.8%), 64.9 MBs/sec
2025-01-08T18:27:28.3539150Z Cache Size: ~1628 MB (1706796060 B)
2025-01-08T18:27:28.3796520Z [command]/opt/homebrew/bin/gtar -xf /Users/runner/work/_temp/2b3ef22e-0ed2-4883-af1e-65ea36840ad8/cache.tzst -P -C /Users/runner/work/tardis/tardis --delay-directory-restore --use-compress-program unzstd
2025-01-08T18:27:28.8957350Z Received 1706796060 of 1706796060 (100.0%), 62.5 MBs/sec
2025-01-08T18:27:34.8178260Z Cache restored successfully
2025-01-08T18:27:34.8908370Z Cache restored from key: macOS-lfs-21f9fa4b6817cc69b9fae3598144724da7828e276a73bd17f47a2a49d9af090a-v1
2025-01-08T18:27:34.9166500Z ##[group]Run git lfs checkout
2025-01-08T18:27:34.9166850Z [36;1mgit lfs checkout[0m
2025-01-08T18:27:34.9269100Z shell: /bin/bash --noprofile --norc -e -o pipefail {0}
2025-01-08T18:27:34.9269430Z env:
2025-01-08T18:27:34.9269740Z   CACHE_NUMBER: 0
2025-01-08T18:27:34.9270410Z   PYTEST_FLAGS: --tardis-regression-data=/Users/runner/work/tardis/tardis/tardis-regression-data --cov=tardis --cov-report=xml --cov-report=html --cov-append
2025-01-08T18:27:34.9271110Z   CODECOV_TOKEN: 
2025-01-08T18:27:34.9271420Z ##[endgroup]
2025-01-08T18:27:42.6277520Z Checking out LFS objects: 100% (204/204), 3.5 GB | 347 MB/s, done.
2025-01-08T18:27:47.5936850Z Prepare all required actions
2025-01-08T18:27:47.5937350Z Getting action download info
2025-01-08T18:27:47.7432790Z Download action repository 'mamba-org/setup-micromamba@v1' (SHA:4b9113af4fba0e9e1124b252dd6497a419e7396d)
2025-01-08T18:27:48.8562960Z ##[group]Run ./.github/actions/setup_env
2025-01-08T18:27:48.8563340Z with:
2025-01-08T18:27:48.8563530Z   os-label: osx-arm64
2025-01-08T18:27:48.8563830Z env:
2025-01-08T18:27:48.8563940Z   CACHE_NUMBER: 0
2025-01-08T18:27:48.8564400Z   PYTEST_FLAGS: --tardis-regression-data=/Users/runner/work/tardis/tardis/tardis-regression-data --cov=tardis --cov-report=xml --cov-report=html --cov-append
2025-01-08T18:27:48.8565210Z   CODECOV_TOKEN: 
2025-01-08T18:27:48.8565430Z ##[endgroup]
2025-01-08T18:27:48.8588180Z ##[group]Run file_hash=$(cat conda-osx-arm64.lock | shasum -a 256 | cut -d' ' -f1)
2025-01-08T18:27:48.8589100Z [36;1mfile_hash=$(cat conda-osx-arm64.lock | shasum -a 256 | cut -d' ' -f1)[0m
2025-01-08T18:27:48.8589500Z [36;1mecho "file_hash=$file_hash" >> "${GITHUB_OUTPUT}"[0m
2025-01-08T18:27:48.8636340Z shell: /bin/bash --noprofile --norc -e -o pipefail {0}
2025-01-08T18:27:48.8636590Z env:
2025-01-08T18:27:48.8636710Z   CACHE_NUMBER: 0
2025-01-08T18:27:48.8637180Z   PYTEST_FLAGS: --tardis-regression-data=/Users/runner/work/tardis/tardis/tardis-regression-data --cov=tardis --cov-report=xml --cov-report=html --cov-append
2025-01-08T18:27:48.8637670Z   CODECOV_TOKEN: 
2025-01-08T18:27:48.8637800Z ##[endgroup]
2025-01-08T18:27:48.9524070Z ##[group]Run mamba-org/setup-micromamba@v1
2025-01-08T18:27:48.9524290Z with:
2025-01-08T18:27:48.9524430Z   environment-file: conda-osx-arm64.lock
2025-01-08T18:27:48.9524760Z   cache-environment-key: bf0d0a4d4c847cca72476c6c68c493d56c484aada7e80de0e42c7607fcef5824
2025-01-08T18:27:48.9525210Z   cache-downloads-key: bf0d0a4d4c847cca72476c6c68c493d56c484aada7e80de0e42c7607fcef5824
2025-01-08T18:27:48.9525510Z   environment-name: tardis
2025-01-08T18:27:48.9525680Z   cache-environment: true
2025-01-08T18:27:48.9525870Z   cache-downloads: true
2025-01-08T18:27:48.9526010Z env:
2025-01-08T18:27:48.9526120Z   CACHE_NUMBER: 0
2025-01-08T18:27:48.9526560Z   PYTEST_FLAGS: --tardis-regression-data=/Users/runner/work/tardis/tardis/tardis-regression-data --cov=tardis --cov-report=xml --cov-report=html --cov-append
2025-01-08T18:27:48.9527040Z   CODECOV_TOKEN: 
2025-01-08T18:27:48.9527170Z ##[endgroup]
2025-01-08T18:27:49.2109380Z Will download micromamba to /Users/runner/micromamba-bin/micromamba
2025-01-08T18:27:49.2125040Z ##[group]Install micromamba
2025-01-08T18:27:50.0350990Z micromamba installed to /Users/runner/micromamba-bin/micromamba
2025-01-08T18:27:50.0352050Z ##[endgroup]
2025-01-08T18:27:50.0352420Z Adding conda-forge to condarc channels ...
2025-01-08T18:27:50.0360560Z ##[group]Initialize micromamba for bash.
2025-01-08T18:27:50.0373490Z [command]/Users/runner/micromamba-bin/micromamba shell init -s bash -r /Users/runner/micromamba --log-level warning --rc-file /Users/runner/work/_temp/setup-micromamba/.condarc
2025-01-08T18:27:50.0595280Z Modifying RC file "/Users/runner/.bash_profile"
2025-01-08T18:27:50.0599050Z Generating config for root prefix [1m"/Users/runner/micromamba"[0m
2025-01-08T18:27:50.0599540Z Setting mamba executable to: [1m"/Users/runner/micromamba-bin/micromamba"[0m
2025-01-08T18:27:50.0599960Z Adding (or replacing) the following in your "/Users/runner/.bash_profile" file
2025-01-08T18:27:50.0600200Z 
2025-01-08T18:27:50.0600270Z # >>> mamba initialize >>>
2025-01-08T18:27:50.0600500Z # !! Contents within this block are managed by 'mamba init' !!
2025-01-08T18:27:50.0600810Z export MAMBA_EXE='/Users/runner/micromamba-bin/micromamba';
2025-01-08T18:27:50.0601130Z export MAMBA_ROOT_PREFIX='/Users/runner/micromamba';
2025-01-08T18:27:50.0601500Z __mamba_setup="$("$MAMBA_EXE" shell hook --shell bash --root-prefix "$MAMBA_ROOT_PREFIX" 2> /dev/null)"
2025-01-08T18:27:50.0602020Z if [ $? -eq 0 ]; then
2025-01-08T18:27:50.0602260Z     eval "$__mamba_setup"
2025-01-08T18:27:50.0603100Z else
2025-01-08T18:27:50.0603580Z     alias micromamba="$MAMBA_EXE"  # Fallback on help from mamba activate
2025-01-08T18:27:50.0603840Z fi
2025-01-08T18:27:50.0604080Z unset __mamba_setup
2025-01-08T18:27:50.0604290Z # <<< mamba initialize <<<
2025-01-08T18:27:50.0604450Z 
2025-01-08T18:27:50.0604780Z ##[endgroup]
2025-01-08T18:27:50.0605400Z ##[group]Restoring downloads from `/Users/runner/micromamba/pkgs` ...
2025-01-08T18:27:51.4923020Z Received 37748736 of 310595873 (12.2%), 35.6 MBs/sec
2025-01-08T18:27:52.4927930Z Received 113246208 of 310595873 (36.5%), 53.7 MBs/sec
2025-01-08T18:27:53.4932370Z Received 188743680 of 310595873 (60.8%), 59.8 MBs/sec
2025-01-08T18:27:54.4940090Z Received 272629760 of 310595873 (87.8%), 64.8 MBs/sec
2025-01-08T18:27:54.9693280Z Cache Size: ~296 MB (310595873 B)
2025-01-08T18:27:54.9771240Z [command]/opt/homebrew/bin/gtar -xf /Users/runner/work/_temp/532c1c56-2811-4faa-8100-4c241d063fbd/cache.tzst -P -C /Users/runner/work/tardis/tardis --delay-directory-restore --use-compress-program unzstd
2025-01-08T18:27:55.4693210Z Cache restored successfully
2025-01-08T18:27:55.4729740Z Restored cache with key `bf0d0a4d4c847cca72476c6c68c493d56c484aada7e80de0e42c7607fcef5824-osx-arm64`
2025-01-08T18:27:55.4730570Z ##[endgroup]
2025-01-08T18:27:55.4900210Z ##[group]Restoring environment `tardis` from `/Users/runner/micromamba/envs/tardis` ...
2025-01-08T18:27:55.4959300Z Received 310595873 of 310595873 (100.0%), 59.1 MBs/sec
2025-01-08T18:27:56.8235910Z Received 37748736 of 385775710 (9.8%), 36.0 MBs/sec
2025-01-08T18:27:57.8236860Z Received 121634816 of 385775710 (31.5%), 58.0 MBs/sec
2025-01-08T18:27:58.8237670Z Received 197132288 of 385775710 (51.1%), 62.7 MBs/sec
2025-01-08T18:27:59.8241030Z Received 272629760 of 385775710 (70.7%), 65.0 MBs/sec
2025-01-08T18:28:00.8243530Z Received 348127232 of 385775710 (90.2%), 66.4 MBs/sec
2025-01-08T18:28:01.2870900Z Cache Size: ~368 MB (385775710 B)
2025-01-08T18:28:01.2956680Z [command]/opt/homebrew/bin/gtar -xf /Users/runner/work/_temp/3a80fa12-f54c-4ddc-9d3c-d3108d6c540e/cache.tzst -P -C /Users/runner/work/tardis/tardis --delay-directory-restore --use-compress-program unzstd
2025-01-08T18:28:01.8342470Z Received 385775710 of 385775710 (100.0%), 61.3 MBs/sec
2025-01-08T18:28:12.6058540Z Cache restored successfully
2025-01-08T18:28:12.6088760Z Restored cache with key `bf0d0a4d4c847cca72476c6c68c493d56c484aada7e80de0e42c7607fcef5824-osx-arm64-tardis-args-4f53cda-root-873f6fe-bin-[object Promise]-file-bf0d0a4d4c847cca72476c6c68c493d56c484aada7e80de0e42c7607fcef5824`
2025-01-08T18:28:12.6090970Z ##[endgroup]
2025-01-08T18:28:12.6091280Z Adding environment tardis to auto-activate bash ...
2025-01-08T18:28:12.6126910Z Generating micromamba run shell.
2025-01-08T18:28:12.6134650Z ##[endgroup]
2025-01-08T18:28:12.6139190Z Set environment variables.
2025-01-08T18:28:12.6165520Z ##[group]micromamba info
2025-01-08T18:28:12.6168630Z [command]/Users/runner/micromamba-bin/micromamba info -r /Users/runner/micromamba -n tardis
2025-01-08T18:28:13.0434430Z 
2025-01-08T18:28:13.0535270Z        libmamba version : 1.5.10
2025-01-08T18:28:13.0653380Z      micromamba version : 1.5.10
2025-01-08T18:28:13.0786240Z            curl version : libcurl/8.10.1 (OpenSSL/3.3.2) SecureTransport zlib/1.3.1 zstd/1.5.6 libssh2/1.11.0 nghttp2/1.58.0
2025-01-08T18:28:13.0887520Z      libarchive version : libarchive 3.7.4 zlib/1.2.13 bz2lib/1.0.8 libzstd/1.5.6
2025-01-08T18:28:13.0942700Z        envs directories : /Users/runner/micromamba/envs
2025-01-08T18:28:13.0944030Z           package cache : /Users/runner/micromamba/pkgs
2025-01-08T18:28:13.0944540Z                           /Users/runner/.mamba/pkgs
2025-01-08T18:28:13.0946090Z             environment : tardis
2025-01-08T18:28:13.0946700Z            env location : /Users/runner/micromamba/envs/tardis
2025-01-08T18:28:13.0947640Z       user config files : /Users/runner/.mambarc
2025-01-08T18:28:13.0948440Z  populated config files : /Users/runner/work/_temp/setup-micromamba/.condarc
2025-01-08T18:28:13.0954010Z        virtual packages : __unix=0=0
2025-01-08T18:28:13.0954400Z                           __osx=14.7.2=0
2025-01-08T18:28:13.0954670Z                           __archspec=1=arm64
2025-01-08T18:28:13.0955230Z                channels : https://conda.anaconda.org/conda-forge/osx-arm64
2025-01-08T18:28:13.0955630Z                           https://conda.anaconda.org/conda-forge/noarch
2025-01-08T18:28:13.0956170Z        base environment : /Users/runner/micromamba
2025-01-08T18:28:13.0956640Z                platform : osx-arm64
2025-01-08T18:28:13.0957240Z ##[endgroup]
2025-01-08T18:28:13.0957880Z ##[group]micromamba list
2025-01-08T18:28:13.0958560Z [command]/Users/runner/micromamba-bin/micromamba list -r /Users/runner/micromamba -n tardis
2025-01-08T18:28:13.3892250Z List of packages in environment: "/Users/runner/micromamba/envs/tardis"
2025-01-08T18:28:13.3899850Z 
2025-01-08T18:28:13.3900100Z   Name                           Version              Build                    Channel    
2025-01-08T18:28:13.3903230Z â”€â”€â”€â”€â”€â”€â”€â”€â”€â”€â”€â”€â”€â”€â”€â”€â”€â”€â”€â”€â”€â”€â”€â”€â”€â”€â”€â”€â”€â”€â”€â”€â”€â”€â”€â”€â”€â”€â”€â”€â”€â”€â”€â”€â”€â”€â”€â”€â”€â”€â”€â”€â”€â”€â”€â”€â”€â”€â”€â”€â”€â”€â”€â”€â”€â”€â”€â”€â”€â”€â”€â”€â”€â”€â”€â”€â”€â”€â”€â”€â”€â”€â”€â”€â”€â”€â”€â”€â”€â”€â”€â”€
2025-01-08T18:28:13.3903680Z   alabaster                      0.7.16               pyhd8ed1ab_0             conda-forge
2025-01-08T18:28:13.3904160Z   anyio                          4.4.0                pyhd8ed1ab_0             conda-forge
2025-01-08T18:28:13.3904530Z   appnope                        0.1.4                pyhd8ed1ab_0             conda-forge
2025-01-08T18:28:13.3904990Z   argon2-cffi                    23.1.0               pyhd8ed1ab_0             conda-forge
2025-01-08T18:28:13.3905450Z   argon2-cffi-bindings           21.2.0               py312h02f2b3b_4          conda-forge
2025-01-08T18:28:13.3905930Z   arrow                          1.3.0                pyhd8ed1ab_0             conda-forge
2025-01-08T18:28:13.3906310Z   astropy                        6.1.1                py312hbebd99a_0          conda-forge
2025-01-08T18:28:13.3906770Z   astropy-iers-data              0.2024.6.17.0.31.35  pyhd8ed1ab_0             conda-forge
2025-01-08T18:28:13.3907280Z   astropy-sphinx-theme           1.1                  pyhd8ed1ab_0             conda-forge
2025-01-08T18:28:13.3907710Z   asttokens                      2.4.1                pyhd8ed1ab_0             conda-forge
2025-01-08T18:28:13.3908260Z   async-lru                      2.0.4                pyhd8ed1ab_0             conda-forge
2025-01-08T18:28:13.3908790Z   atk-1.0                        2.38.0               hd03087b_2               conda-forge
2025-01-08T18:28:13.3909180Z   attrs                          23.2.0               pyh71513ae_0             conda-forge
2025-01-08T18:28:13.3909530Z   babel                          2.14.0               pyhd8ed1ab_0             conda-forge
2025-01-08T18:28:13.3910030Z   beautifulsoup4                 4.12.3               pyha770c72_0             conda-forge
2025-01-08T18:28:13.3910460Z   bleach                         6.1.0                pyhd8ed1ab_0             conda-forge
2025-01-08T18:28:13.3910930Z   blosc                          1.21.5               h9c252e8_1               conda-forge
2025-01-08T18:28:13.3911300Z   brotli                         1.1.0                hb547adb_1               conda-forge
2025-01-08T18:28:13.3911750Z   brotli-bin                     1.1.0                hb547adb_1               conda-forge
2025-01-08T18:28:13.3912150Z   brotli-python                  1.1.0                py312h9f69965_1          conda-forge
2025-01-08T18:28:13.3912610Z   bzip2                          1.0.8                h93a5062_5               conda-forge
2025-01-08T18:28:13.3913000Z   c-ares                         1.28.1               h93a5062_0               conda-forge
2025-01-08T18:28:13.3913440Z   c-blosc2                       2.14.4               ha57e6be_1               conda-forge
2025-01-08T18:28:13.3913950Z   ca-certificates                2024.6.2             hf0a4a13_0               conda-forge
2025-01-08T18:28:13.3914970Z   cached-property                1.5.2                hd8ed1ab_1               conda-forge
2025-01-08T18:28:13.3915520Z   cached_property                1.5.2                pyha770c72_1             conda-forge
2025-01-08T18:28:13.3915900Z   cairo                          1.18.0               hd1e100b_0               conda-forge
2025-01-08T18:28:13.3916270Z   certifi                        2024.6.2             pyhd8ed1ab_0             conda-forge
2025-01-08T18:28:13.3916620Z   cffi                           1.16.0               py312h8e38eb3_0          conda-forge
2025-01-08T18:28:13.3917180Z   charset-normalizer             3.3.2                pyhd8ed1ab_0             conda-forge
2025-01-08T18:28:13.3917680Z   click                          8.1.7                unix_pyh707e725_0        conda-forge
2025-01-08T18:28:13.3918220Z   codespell                      2.3.0                pyhd8ed1ab_0             conda-forge
2025-01-08T18:28:13.3918810Z   colorama                       0.4.6                pyhd8ed1ab_0             conda-forge
2025-01-08T18:28:13.3919270Z   comm                           0.2.2                pyhd8ed1ab_0             conda-forge
2025-01-08T18:28:13.3919780Z   commonmark                     0.9.1                py_0                     conda-forge
2025-01-08T18:28:13.3920320Z   contourpy                      1.2.1                py312h0fef576_0          conda-forge
2025-01-08T18:28:13.3920700Z   coverage                       7.5.3                py312h7e5086c_0          conda-forge
2025-01-08T18:28:13.3921110Z   cycler                         0.12.1               pyhd8ed1ab_0             conda-forge
2025-01-08T18:28:13.3921460Z   dataclasses                    0.8                  pyhc8e2a94_3             conda-forge
2025-01-08T18:28:13.3921900Z   debugpy                        1.8.1                py312h20a0b95_0          conda-forge
2025-01-08T18:28:13.3922240Z   decorator                      5.1.1                pyhd8ed1ab_0             conda-forge
2025-01-08T18:28:13.3922680Z   defusedxml                     0.7.1                pyhd8ed1ab_0             conda-forge
2025-01-08T18:28:13.3923030Z   docutils                       0.20.1               py312h81bd7bf_3          conda-forge
2025-01-08T18:28:13.3923570Z   dot2tex                        2.11.3               pyhd8ed1ab_0             conda-forge
2025-01-08T18:28:13.3923920Z   entrypoints                    0.4                  pyhd8ed1ab_0             conda-forge
2025-01-08T18:28:13.3924380Z   exceptiongroup                 1.2.0                pyhd8ed1ab_2             conda-forge
2025-01-08T18:28:13.3924760Z   executing                      2.0.1                pyhd8ed1ab_0             conda-forge
2025-01-08T18:28:13.3925180Z   expat                          2.6.2                hebf3989_0               conda-forge
2025-01-08T18:28:13.3925680Z   font-ttf-dejavu-sans-mono      2.37                 hab24e00_0               conda-forge
2025-01-08T18:28:13.3926170Z   font-ttf-inconsolata           3.000                h77eed37_0               conda-forge
2025-01-08T18:28:13.3926660Z   font-ttf-source-code-pro       2.038                h77eed37_0               conda-forge
2025-01-08T18:28:13.3927040Z   font-ttf-ubuntu                0.83                 h77eed37_2               conda-forge
2025-01-08T18:28:13.3927440Z   fontconfig                     2.14.2               h82840c6_0               conda-forge
2025-01-08T18:28:13.3927800Z   fonts-conda-ecosystem          1                    0                        conda-forge
2025-01-08T18:28:13.3928310Z   fonts-conda-forge              1                    0                        conda-forge
2025-01-08T18:28:13.3928670Z   fonttools                      4.53.0               py312h7e5086c_0          conda-forge
2025-01-08T18:28:13.3929120Z   fqdn                           1.5.1                pyhd8ed1ab_0             conda-forge
2025-01-08T18:28:13.3929500Z   freetype                       2.12.1               hadb7bae_2               conda-forge
2025-01-08T18:28:13.3930010Z   fribidi                        1.0.10               h27ca646_0               conda-forge
2025-01-08T18:28:13.3931040Z   future                         1.0.0                pyhd8ed1ab_0             conda-forge
2025-01-08T18:28:13.3931630Z   gdk-pixbuf                     2.42.12              h7ddc832_0               conda-forge
2025-01-08T18:28:13.3932050Z   gettext                        0.22.5               h8fbad5d_2               conda-forge
2025-01-08T18:28:13.3932790Z   gettext-tools                  0.22.5               h8fbad5d_2               conda-forge
2025-01-08T18:28:13.3933480Z   giflib                         5.2.2                h93a5062_0               conda-forge
2025-01-08T18:28:13.3933850Z   git-lfs                        3.5.1                hce30654_0               conda-forge
2025-01-08T18:28:13.3934240Z   gmp                            6.3.0                hebf3989_1               conda-forge
2025-01-08T18:28:13.3934890Z   gmpy2                          2.1.5                py312hfa9fade_1          conda-forge
2025-01-08T18:28:13.3935240Z   graphite2                      1.3.13               hebf3989_1003            conda-forge
2025-01-08T18:28:13.3935690Z   graphviz                       11.0.0               h9bb9bc9_0               conda-forge
2025-01-08T18:28:13.3936030Z   gtk2                           2.24.33              h7895bb2_4               conda-forge
2025-01-08T18:28:13.3936380Z   gts                            0.7.6                he42f4ea_4               conda-forge
2025-01-08T18:28:13.3936690Z   h11                            0.14.0               pyhd8ed1ab_0             conda-forge
2025-01-08T18:28:13.3937070Z   h2                             4.1.0                pyhd8ed1ab_0             conda-forge
2025-01-08T18:28:13.3937490Z   h5py                           3.11.0               nompi_py312h903599c_102  conda-forge
2025-01-08T18:28:13.3937840Z   harfbuzz                       8.5.0                h1836168_0               conda-forge
2025-01-08T18:28:13.3938260Z   hdf5                           1.14.3               nompi_hec07895_105       conda-forge
2025-01-08T18:28:13.3938630Z   hpack                          4.0.0                pyh9f0ad1d_0             conda-forge
2025-01-08T18:28:13.3939350Z   httpcore                       1.0.5                pyhd8ed1ab_0             conda-forge
2025-01-08T18:28:13.3939700Z   httpx                          0.27.0               pyhd8ed1ab_0             conda-forge
2025-01-08T18:28:13.3940110Z   hyperframe                     6.0.1                pyhd8ed1ab_0             conda-forge
2025-01-08T18:28:13.3940430Z   icu                            73.2                 hc8870d7_0               conda-forge
2025-01-08T18:28:13.3940780Z   idna                           3.7                  pyhd8ed1ab_0             conda-forge
2025-01-08T18:28:13.3941110Z   imagesize                      1.4.1                pyhd8ed1ab_0             conda-forge
2025-01-08T18:28:13.3941520Z   importlib-metadata             7.1.0                pyha770c72_0             conda-forge
2025-01-08T18:28:13.3941920Z   importlib_metadata             7.1.0                hd8ed1ab_0               conda-forge
2025-01-08T18:28:13.3942410Z   importlib_resources            6.4.0                pyhd8ed1ab_0             conda-forge
2025-01-08T18:28:13.3942830Z   iniconfig                      2.0.0                pyhd8ed1ab_0             conda-forge
2025-01-08T18:28:13.3943170Z   ipykernel                      6.29.4               pyh57ce528_0             conda-forge
2025-01-08T18:28:13.3943540Z   ipython                        8.25.0               pyh707e725_0             conda-forge
2025-01-08T18:28:13.3943910Z   ipython_genutils               0.2.0                pyhd8ed1ab_1             conda-forge
2025-01-08T18:28:13.3944320Z   ipywidgets                     7.8.0                pyhd8ed1ab_0             conda-forge
2025-01-08T18:28:13.3944660Z   isoduration                    20.11.0              pyhd8ed1ab_0             conda-forge
2025-01-08T18:28:13.3945150Z   jedi                           0.19.1               pyhd8ed1ab_0             conda-forge
2025-01-08T18:28:13.3945940Z   jinja2                         3.1.4                pyhd8ed1ab_0             conda-forge
2025-01-08T18:28:13.3946370Z   json5                          0.9.25               pyhd8ed1ab_0             conda-forge
2025-01-08T18:28:13.3946710Z   jsonpointer                    3.0.0                py312h81bd7bf_0          conda-forge
2025-01-08T18:28:13.3947110Z   jsonschema                     4.22.0               pyhd8ed1ab_0             conda-forge
2025-01-08T18:28:13.3947500Z   jsonschema-specifications      2023.12.1            pyhd8ed1ab_0             conda-forge
2025-01-08T18:28:13.3948000Z   jsonschema-with-format-nongpl  4.22.0               pyhd8ed1ab_0             conda-forge
2025-01-08T18:28:13.3948460Z   jupyter-lsp                    2.2.5                pyhd8ed1ab_0             conda-forge
2025-01-08T18:28:13.3948970Z   jupyter_client                 8.6.2                pyhd8ed1ab_0             conda-forge
2025-01-08T18:28:13.3949430Z   jupyter_core                   5.7.2                py312h81bd7bf_0          conda-forge
2025-01-08T18:28:13.3949780Z   jupyter_events                 0.10.0               pyhd8ed1ab_0             conda-forge
2025-01-08T18:28:13.3950210Z   jupyter_server                 2.14.1               pyhd8ed1ab_0             conda-forge
2025-01-08T18:28:13.3950580Z   jupyter_server_terminals       0.5.3                pyhd8ed1ab_0             conda-forge
2025-01-08T18:28:13.3950990Z   jupyterlab                     4.2.2                pyhd8ed1ab_0             conda-forge
2025-01-08T18:28:13.3951370Z   jupyterlab_pygments            0.3.0                pyhd8ed1ab_1             conda-forge
2025-01-08T18:28:13.3951780Z   jupyterlab_server              2.27.2               pyhd8ed1ab_0             conda-forge
2025-01-08T18:28:13.3952150Z   jupyterlab_widgets             1.1.7                pyhd8ed1ab_0             conda-forge
2025-01-08T18:28:13.3952570Z   kiwisolver                     1.4.5                py312h389731b_1          conda-forge
2025-01-08T18:28:13.3952960Z   krb5                           1.21.2               h92f50d5_0               conda-forge
2025-01-08T18:28:13.3953330Z   latexcodec                     2.0.1                pyh9f0ad1d_0             conda-forge
2025-01-08T18:28:13.3953640Z   lcms2                          2.16                 ha0e7c42_0               conda-forge
2025-01-08T18:28:13.3953920Z   lerc                           4.0.0                h9a09cb3_0               conda-forge
2025-01-08T18:28:13.3954280Z   libaec                         1.1.3                hebf3989_0               conda-forge
2025-01-08T18:28:13.3954590Z   libasprintf                    0.22.5               h8fbad5d_2               conda-forge
2025-01-08T18:28:13.3955080Z   libasprintf-devel              0.22.5               h8fbad5d_2               conda-forge
2025-01-08T18:28:13.3955420Z   libblas                        3.9.0                22_osxarm64_openblas     conda-forge
2025-01-08T18:28:13.3955820Z   libbrotlicommon                1.1.0                hb547adb_1               conda-forge
2025-01-08T18:28:13.3978260Z   libbrotlidec                   1.1.0                hb547adb_1               conda-forge
2025-01-08T18:28:13.3978810Z   libbrotlienc                   1.1.0                hb547adb_1               conda-forge
2025-01-08T18:28:13.3979250Z   libcblas                       3.9.0                22_osxarm64_openblas     conda-forge
2025-01-08T18:28:13.3979610Z   libcurl                        8.8.0                h7b6f9a7_0               conda-forge
2025-01-08T18:28:13.3980010Z   libcxx                         17.0.6               h5f092b4_0               conda-forge
2025-01-08T18:28:13.3980480Z   libdeflate                     1.20                 h93a5062_0               conda-forge
2025-01-08T18:28:13.3980870Z   libedit                        3.1.20191231         hc8eb9b7_2               conda-forge
2025-01-08T18:28:13.3981250Z   libev                          4.33                 h93a5062_2               conda-forge
2025-01-08T18:28:13.3981890Z   libexpat                       2.6.2                hebf3989_0               conda-forge
2025-01-08T18:28:13.3982330Z   libffi                         3.4.2                h3422bc3_5               conda-forge
2025-01-08T18:28:13.3982650Z   libgd                          2.3.3                hfdf3952_9               conda-forge
2025-01-08T18:28:13.3983020Z   libgettextpo                   0.22.5               h8fbad5d_2               conda-forge
2025-01-08T18:28:13.3983380Z   libgettextpo-devel             0.22.5               h8fbad5d_2               conda-forge
2025-01-08T18:28:13.3983780Z   libgfortran                    5.0.0                13_2_0_hd922786_3        conda-forge
2025-01-08T18:28:13.3984120Z   libgfortran5                   13.2.0               hf226fd6_3               conda-forge
2025-01-08T18:28:13.3984810Z   libglib                        2.80.2               h59d46d9_1               conda-forge
2025-01-08T18:28:13.3985160Z   libiconv                       1.17                 h0d3ecfb_2               conda-forge
2025-01-08T18:28:13.3985500Z   libintl                        0.22.5               h8fbad5d_2               conda-forge
2025-01-08T18:28:13.3985870Z   libintl-devel                  0.22.5               h8fbad5d_2               conda-forge
2025-01-08T18:28:13.3986300Z   libjpeg-turbo                  3.0.0                hb547adb_1               conda-forge
2025-01-08T18:28:13.3986690Z   liblapack                      3.9.0                22_osxarm64_openblas     conda-forge
2025-01-08T18:28:13.3987030Z   libllvm14                      14.0.6               hd1a9a77_4               conda-forge
2025-01-08T18:28:13.3987330Z   libnghttp2                     1.58.0               ha4dd798_1               conda-forge
2025-01-08T18:28:13.3987680Z   libopenblas                    0.3.27               openmp_h6c19121_0        conda-forge
2025-01-08T18:28:13.3988060Z   libpng                         1.6.43               h091b4b1_0               conda-forge
2025-01-08T18:28:13.3988380Z   librsvg                        2.58.1               hbc281fb_0               conda-forge
2025-01-08T18:28:13.3988770Z   libsodium                      1.0.18               h27ca646_1               conda-forge
2025-01-08T18:28:13.3989110Z   libsqlite                      3.46.0               hfb93653_0               conda-forge
2025-01-08T18:28:13.3989440Z   libssh2                        1.11.0               h7a5bd25_0               conda-forge
2025-01-08T18:28:13.3989760Z   libtiff                        4.6.0                h07db509_3               conda-forge
2025-01-08T18:28:13.3990090Z   libwebp                        1.4.0                h54798ee_0               conda-forge
2025-01-08T18:28:13.3990460Z   libwebp-base                   1.4.0                h93a5062_0               conda-forge
2025-01-08T18:28:13.3990750Z   libxcb                         1.16                 hf2054a2_0               conda-forge
2025-01-08T18:28:13.3991020Z   libxml2                        2.12.7               ha661575_1               conda-forge
2025-01-08T18:28:13.3991290Z   libxslt                        1.1.39               h223e5b9_0               conda-forge
2025-01-08T18:28:13.3991560Z   libzlib                        1.3.1                hfb2fe0b_1               conda-forge
2025-01-08T18:28:13.3991840Z   llvm-openmp                    18.1.7               hde57baf_0               conda-forge
2025-01-08T18:28:13.3992120Z   llvmlite                       0.42.0               py312h17030e7_1          conda-forge
2025-01-08T18:28:13.3992390Z   lxml                           5.2.2                py312h0e5ab22_0          conda-forge
2025-01-08T18:28:13.3992650Z   lz4-c                          1.9.4                hb7217d7_0               conda-forge
2025-01-08T18:28:13.3992910Z   markupsafe                     2.1.5                py312he37b823_0          conda-forge
2025-01-08T18:28:13.3993230Z   matplotlib-base                3.8.4                py312h4479663_2          conda-forge
2025-01-08T18:28:13.3994050Z   matplotlib-inline              0.1.7                pyhd8ed1ab_0             conda-forge
2025-01-08T18:28:13.3994500Z   mistune                        3.0.2                pyhd8ed1ab_0             conda-forge
2025-01-08T18:28:13.3994780Z   mpc                            1.3.1                h91ba8db_0               conda-forge
2025-01-08T18:28:13.3995040Z   mpfr                           4.2.1                h41d338b_1               conda-forge
2025-01-08T18:28:13.3995320Z   mpmath                         1.3.0                pyhd8ed1ab_0             conda-forge
2025-01-08T18:28:13.3995600Z   munkres                        1.1.4                pyh9f0ad1d_0             conda-forge
2025-01-08T18:28:13.3995900Z   mypy_extensions                1.0.0                pyha770c72_0             conda-forge
2025-01-08T18:28:13.3996210Z   nbclassic                      1.1.0                pyhd8ed1ab_0             conda-forge
2025-01-08T18:28:13.3996750Z   nbclient                       0.10.0               pyhd8ed1ab_0             conda-forge
2025-01-08T18:28:13.3997100Z   nbconvert                      7.16.4               hd8ed1ab_1               conda-forge
2025-01-08T18:28:13.3997410Z   nbconvert-core                 7.16.4               pyhd8ed1ab_1             conda-forge
2025-01-08T18:28:13.3997750Z   nbconvert-pandoc               7.16.4               hd8ed1ab_1               conda-forge
2025-01-08T18:28:13.3998120Z   nbformat                       5.10.4               pyhd8ed1ab_0             conda-forge
2025-01-08T18:28:13.3998560Z   nbsphinx                       0.9.4                pyhd8ed1ab_0             conda-forge
2025-01-08T18:28:13.3998870Z   ncurses                        6.5                  hb89a1cb_0               conda-forge
2025-01-08T18:28:13.3999160Z   nest-asyncio                   1.6.0                pyhd8ed1ab_0             conda-forge
2025-01-08T18:28:13.3999490Z   networkx                       3.3                  pyhd8ed1ab_1             conda-forge
2025-01-08T18:28:13.3999780Z   notebook                       7.2.1                pyhd8ed1ab_0             conda-forge
2025-01-08T18:28:13.4000070Z   notebook-shim                  0.2.4                pyhd8ed1ab_0             conda-forge
2025-01-08T18:28:13.4000360Z   numba                          0.59.1               py312hbaff935_0          conda-forge
2025-01-08T18:28:13.4000630Z   numexpr                        2.10.0               py312h8ae5369_0          conda-forge
2025-01-08T18:28:13.4000910Z   numpy                          1.26.4               py312h8442bc7_0          conda-forge
2025-01-08T18:28:13.4001190Z   numpydoc                       1.7.0                pyhd8ed1ab_1             conda-forge
2025-01-08T18:28:13.4001470Z   openjpeg                       2.5.2                h9f1df11_0               conda-forge
2025-01-08T18:28:13.4001750Z   openssl                        3.3.1                hfb2fe0b_0               conda-forge
2025-01-08T18:28:13.4002050Z   overrides                      7.7.0                pyhd8ed1ab_0             conda-forge
2025-01-08T18:28:13.4002370Z   packaging                      24.1                 pyhd8ed1ab_0             conda-forge
2025-01-08T18:28:13.4002660Z   pandas                         2.2.2                py312h8ae5369_1          conda-forge
2025-01-08T18:28:13.4002930Z   pandoc                         3.2                  hce30654_0               conda-forge
2025-01-08T18:28:13.4003300Z   pandocfilters                  1.5.0                pyhd8ed1ab_0             conda-forge
2025-01-08T18:28:13.4003600Z   pango                          1.54.0               h5cb9fbc_0               conda-forge
2025-01-08T18:28:13.4003870Z   parso                          0.8.4                pyhd8ed1ab_0             conda-forge
2025-01-08T18:28:13.4004160Z   pathspec                       0.12.1               pyhd8ed1ab_0             conda-forge
2025-01-08T18:28:13.4004450Z   pbr                            6.0.0                pyhd8ed1ab_0             conda-forge
2025-01-08T18:28:13.4004900Z   pcre2                          10.44                h297a79d_0               conda-forge
2025-01-08T18:28:13.4005190Z   pexpect                        4.9.0                pyhd8ed1ab_0             conda-forge
2025-01-08T18:28:13.4005490Z   pickleshare                    0.7.5                py_1003                  conda-forge
2025-01-08T18:28:13.4005790Z   pillow                         10.3.0               py312h39b1d8d_1          conda-forge
2025-01-08T18:28:13.4006060Z   pip                            24.0                 pyhd8ed1ab_0             conda-forge
2025-01-08T18:28:13.4006340Z   pixman                         0.43.4               hebf3989_0               conda-forge
2025-01-08T18:28:13.4006660Z   pkgutil-resolve-name           1.3.10               pyhd8ed1ab_1             conda-forge
2025-01-08T18:28:13.4007000Z   platformdirs                   4.2.2                pyhd8ed1ab_0             conda-forge
2025-01-08T18:28:13.4007470Z   plotly                         5.22.0               pyhd8ed1ab_0             conda-forge
2025-01-08T18:28:13.4007760Z   pluggy                         1.5.0                pyhd8ed1ab_0             conda-forge
2025-01-08T18:28:13.4008070Z   prometheus_client              0.20.0               pyhd8ed1ab_0             conda-forge
2025-01-08T18:28:13.4008400Z   prompt-toolkit                 3.0.47               pyha770c72_0             conda-forge
2025-01-08T18:28:13.4008700Z   psutil                         5.9.8                py312he37b823_0          conda-forge
2025-01-08T18:28:13.4009000Z   pthread-stubs                  0.4                  h27ca646_1001            conda-forge
2025-01-08T18:28:13.4009300Z   ptyprocess                     0.7.0                pyhd3deb0d_0             conda-forge
2025-01-08T18:28:13.4009600Z   pure_eval                      0.2.2                pyhd8ed1ab_0             conda-forge
2025-01-08T18:28:13.4009900Z   py-cpuinfo                     9.0.0                pyhd8ed1ab_0             conda-forge
2025-01-08T18:28:13.4010200Z   pybtex                         0.24.0               pyhd8ed1ab_2             conda-forge
2025-01-08T18:28:13.4010510Z   pybtex-docutils                1.0.3                py312h81bd7bf_1          conda-forge
2025-01-08T18:28:13.4010830Z   pycparser                      2.22                 pyhd8ed1ab_0             conda-forge
2025-01-08T18:28:13.4011130Z   pyerfa                         2.0.1.4              py312hbebd99a_1          conda-forge
2025-01-08T18:28:13.4011420Z   pygments                       2.18.0               pyhd8ed1ab_0             conda-forge
2025-01-08T18:28:13.4011720Z   pygraphviz                     1.13                 py312h5f4d302_1          conda-forge
2025-01-08T18:28:13.4012030Z   pyobjc-core                    10.3.1               py312hbb55c70_0          conda-forge
2025-01-08T18:28:13.4012370Z   pyobjc-framework-cocoa         10.3.1               py312hbb55c70_0          conda-forge
2025-01-08T18:28:13.4012700Z   pyparsing                      3.1.2                pyhd8ed1ab_0             conda-forge
2025-01-08T18:28:13.4012990Z   pysocks                        1.7.1                pyha2e5f31_6             conda-forge
2025-01-08T18:28:13.4013290Z   pytables                       3.9.2                py312hb622ae1_2          conda-forge
2025-01-08T18:28:13.4013570Z   pytest                         8.2.2                pyhd8ed1ab_0             conda-forge
2025-01-08T18:28:13.4013860Z   pytest-cov                     5.0.0                pyhd8ed1ab_0             conda-forge
2025-01-08T18:28:13.4014190Z   pytest-doctestplus             1.2.1                pyhd8ed1ab_0             conda-forge
2025-01-08T18:28:13.4014520Z   pytest-html                    4.1.1                pyhd8ed1ab_0             conda-forge
2025-01-08T18:28:13.4014830Z   pytest-metadata                3.1.1                pyhd8ed1ab_0             conda-forge
2025-01-08T18:28:13.4015130Z   python                         3.12.4               h30c5eda_0_cpython       conda-forge
2025-01-08T18:28:13.4015590Z   python-dateutil                2.9.0                pyhd8ed1ab_0             conda-forge
2025-01-08T18:28:13.4015940Z   python-fastjsonschema          2.20.0               pyhd8ed1ab_0             conda-forge
2025-01-08T18:28:13.4016290Z   python-json-logger             2.0.7                pyhd8ed1ab_0             conda-forge
2025-01-08T18:28:13.4016620Z   python-tzdata                  2024.1               pyhd8ed1ab_0             conda-forge
2025-01-08T18:28:13.4016920Z   python_abi                     3.12                 4_cp312                  conda-forge
2025-01-08T18:28:13.4017220Z   pytz                           2024.1               pyhd8ed1ab_0             conda-forge
2025-01-08T18:28:13.4017530Z   pyyaml                         6.0.1                py312h02f2b3b_1          conda-forge
2025-01-08T18:28:13.4017830Z   pyzmq                          26.0.3               py312hfa13136_0          conda-forge
2025-01-08T18:28:13.4018280Z   qgrid                          1.3.1                pyhd8ed1ab_4             conda-forge
2025-01-08T18:28:13.4018600Z   radioactivedecay               0.5.1                pyhd8ed1ab_0             conda-forge
2025-01-08T18:28:13.4018910Z   readline                       8.2                  h92ec313_1               conda-forge
2025-01-08T18:28:13.4019210Z   recommonmark                   0.7.1                pyhd8ed1ab_0             conda-forge
2025-01-08T18:28:13.4019510Z   referencing                    0.35.1               pyhd8ed1ab_0             conda-forge
2025-01-08T18:28:13.4019820Z   requests                       2.32.3               pyhd8ed1ab_0             conda-forge
2025-01-08T18:28:13.4020130Z   rfc3339-validator              0.1.4                pyhd8ed1ab_0             conda-forge
2025-01-08T18:28:13.4020460Z   rfc3986-validator              0.1.1                pyh9f0ad1d_0             conda-forge
2025-01-08T18:28:13.4020760Z   rpds-py                        0.18.1               py312h552d48e_0          conda-forge
2025-01-08T18:28:13.4021040Z   ruff                           0.4.9                py312h3402d49_0          conda-forge
2025-01-08T18:28:13.4021320Z   scipy                          1.13.1               py312h14ffa8f_0          conda-forge
2025-01-08T18:28:13.4021610Z   send2trash                     1.8.3                pyh31c8845_0             conda-forge
2025-01-08T18:28:13.4021910Z   setuptools                     70.0.0               pyhd8ed1ab_0             conda-forge
2025-01-08T18:28:13.4022230Z   setuptools-scm                 8.1.0                pyhd8ed1ab_0             conda-forge
2025-01-08T18:28:13.4022540Z   setuptools_scm                 8.1.0                hd8ed1ab_0               conda-forge
2025-01-08T18:28:13.4022830Z   six                            1.16.0               pyh6c4a22f_0             conda-forge
2025-01-08T18:28:13.4023100Z   snakeviz                       2.2.0                pyhd8ed1ab_0             conda-forge
2025-01-08T18:28:13.4023390Z   snappy                         1.2.0                hd04f947_1               conda-forge
2025-01-08T18:28:13.4023670Z   sniffio                        1.3.1                pyhd8ed1ab_0             conda-forge
2025-01-08T18:28:13.4023970Z   snowballstemmer                2.2.0                pyhd8ed1ab_0             conda-forge
2025-01-08T18:28:13.4024280Z   soupsieve                      2.5                  pyhd8ed1ab_1             conda-forge
2025-01-08T18:28:13.4024560Z   sphinx                         7.3.7                pyhd8ed1ab_0             conda-forge
2025-01-08T18:28:13.4024860Z   sphinx-astropy                 1.9.1                pyhd8ed1ab_0             conda-forge
2025-01-08T18:28:13.4025180Z   sphinx-automodapi              0.17.0               pyh717bed2_1             conda-forge
2025-01-08T18:28:13.4025500Z   sphinx-gallery                 0.16.0               pyhd8ed1ab_0             conda-forge
2025-01-08T18:28:13.4025820Z   sphinx-jsonschema              1.19.1               pyhd8ed1ab_0             conda-forge
2025-01-08T18:28:13.4026300Z   sphinx_bootstrap_theme         0.8.1                pyhd8ed1ab_0             conda-forge
2025-01-08T18:28:13.4026620Z   sphinx_rtd_theme               2.0.0                pyha770c72_0             conda-forge
2025-01-08T18:28:13.4026940Z   sphinxcontrib-apidoc           0.3.0                py_1                     conda-forge
2025-01-08T18:28:13.4027290Z   sphinxcontrib-applehelp        1.0.8                pyhd8ed1ab_0             conda-forge
2025-01-08T18:28:13.4027750Z   sphinxcontrib-bibtex           2.6.2                pyhd8ed1ab_0             conda-forge
2025-01-08T18:28:13.4028100Z   sphinxcontrib-devhelp          1.0.6                pyhd8ed1ab_0             conda-forge
2025-01-08T18:28:13.4028480Z   sphinxcontrib-htmlhelp         2.0.5                pyhd8ed1ab_0             conda-forge
2025-01-08T18:28:13.4028840Z   sphinxcontrib-jquery           4.1                  pyhd8ed1ab_0             conda-forge
2025-01-08T18:28:13.4029360Z   sphinxcontrib-jsmath           1.0.1                pyhd8ed1ab_0             conda-forge
2025-01-08T18:28:13.4029710Z   sphinxcontrib-qthelp           1.0.7                pyhd8ed1ab_0             conda-forge
2025-01-08T18:28:13.4030100Z   sphinxcontrib-serializinghtml  1.1.10               pyhd8ed1ab_0             conda-forge
2025-01-08T18:28:13.4030450Z   stack_data                     0.6.2                pyhd8ed1ab_0             conda-forge
2025-01-08T18:28:13.4030740Z   sympy                          1.12.1               pypyh2585a3b_103         conda-forge
2025-01-08T18:28:13.4031030Z   tabulate                       0.9.0                pyhd8ed1ab_1             conda-forge
2025-01-08T18:28:13.4031320Z   tenacity                       8.4.1                pyhd8ed1ab_0             conda-forge
2025-01-08T18:28:13.4031610Z   terminado                      0.18.1               pyh31c8845_0             conda-forge
2025-01-08T18:28:13.4031910Z   tinycss2                       1.3.0                pyhd8ed1ab_0             conda-forge
2025-01-08T18:28:13.4032180Z   tk                             8.6.13               h5083fa2_1               conda-forge
2025-01-08T18:28:13.4032450Z   toml                           0.10.2               pyhd8ed1ab_0             conda-forge
2025-01-08T18:28:13.4032720Z   tomli                          2.0.1                pyhd8ed1ab_0             conda-forge
2025-01-08T18:28:13.4033000Z   tornado                        6.4.1                py312h7e5086c_0          conda-forge
2025-01-08T18:28:13.4033280Z   tqdm                           4.66.4               pyhd8ed1ab_0             conda-forge
2025-01-08T18:28:13.4033560Z   traitlets                      5.14.3               pyhd8ed1ab_0             conda-forge
2025-01-08T18:28:13.4033850Z   typed-ast                      1.5.5                py312h02f2b3b_1          conda-forge
2025-01-08T18:28:13.4034180Z   types-python-dateutil          2.9.0.20240316       pyhd8ed1ab_0             conda-forge
2025-01-08T18:28:13.4034550Z   typing-extensions              4.12.2               hd8ed1ab_0               conda-forge
2025-01-08T18:28:13.4034880Z   typing_extensions              4.12.2               pyha770c72_0             conda-forge
2025-01-08T18:28:13.4035190Z   typing_utils                   0.1.0                pyhd8ed1ab_0             conda-forge
2025-01-08T18:28:13.4035470Z   tzdata                         2024a                h0c530f3_0               conda-forge
2025-01-08T18:28:13.4035760Z   uri-template                   1.3.0                pyhd8ed1ab_0             conda-forge
2025-01-08T18:28:13.4036050Z   urllib3                        2.2.2                pyhd8ed1ab_0             conda-forge
2025-01-08T18:28:13.4036320Z   wcwidth                        0.2.13               pyhd8ed1ab_0             conda-forge
2025-01-08T18:28:13.4036600Z   webcolors                      24.6.0               pyhd8ed1ab_0             conda-forge
2025-01-08T18:28:13.4036890Z   webencodings                   0.5.1                pyhd8ed1ab_2             conda-forge
2025-01-08T18:28:13.4037200Z   websocket-client               1.8.0                pyhd8ed1ab_0             conda-forge
2025-01-08T18:28:13.4037630Z   wheel                          0.43.0               pyhd8ed1ab_1             conda-forge
2025-01-08T18:28:13.4037940Z   widgetsnbextension             3.6.6                pyhd8ed1ab_0             conda-forge
2025-01-08T18:28:13.4038250Z   xorg-libxau                    1.0.11               hb547adb_0               conda-forge
2025-01-08T18:28:13.4038640Z   xorg-libxdmcp                  1.1.3                h27ca646_0               conda-forge
2025-01-08T18:28:13.4038910Z   xz                             5.2.6                h57fd34a_0               conda-forge
2025-01-08T18:28:13.4039160Z   yaml                           0.2.5                h3422bc3_2               conda-forge
2025-01-08T18:28:13.4039420Z   zeromq                         4.3.5                hcc0f68c_4               conda-forge
2025-01-08T18:28:13.4039820Z   zipp                           3.19.2               pyhd8ed1ab_0             conda-forge
2025-01-08T18:28:13.4040080Z   zlib                           1.3.1                hfb2fe0b_1               conda-forge
2025-01-08T18:28:13.4040350Z   zlib-ng                        2.0.7                h1a8c8d9_0               conda-forge
2025-01-08T18:28:13.4040610Z   zstd                           1.5.6                hb46c0d2_0               conda-forge
2025-01-08T18:28:13.4041120Z ##[endgroup]
2025-01-08T18:28:13.4092770Z ##[group]Run pip install -e . --user
2025-01-08T18:28:13.4093130Z [36;1mpip install -e . --user[0m
2025-01-08T18:28:13.5412590Z shell: /bin/bash -l {0}
2025-01-08T18:28:13.5412870Z env:
2025-01-08T18:28:13.5413130Z   CACHE_NUMBER: 0
2025-01-08T18:28:13.5439090Z   PYTEST_FLAGS: --tardis-regression-data=/Users/runner/work/tardis/tardis/tardis-regression-data --cov=tardis --cov-report=xml --cov-report=html --cov-append
2025-01-08T18:28:13.5440000Z   CODECOV_TOKEN: 
2025-01-08T18:28:13.5440280Z   MAMBA_ROOT_PREFIX: /Users/runner/micromamba
2025-01-08T18:28:13.5440600Z   MAMBA_EXE: /Users/runner/micromamba-bin/micromamba
2025-01-08T18:28:13.5440970Z   CONDARC: /Users/runner/work/_temp/setup-micromamba/.condarc
2025-01-08T18:28:13.5441240Z ##[endgroup]
2025-01-08T18:28:14.8824990Z Obtaining file:///Users/runner/work/tardis/tardis
2025-01-08T18:28:14.8860430Z   Installing build dependencies: started
2025-01-08T18:28:17.5191320Z   Installing build dependencies: finished with status 'done'
2025-01-08T18:28:17.5198980Z   Checking if build backend supports build_editable: started
2025-01-08T18:28:17.6184740Z   Checking if build backend supports build_editable: finished with status 'done'
2025-01-08T18:28:17.6193640Z   Getting requirements to build editable: started
2025-01-08T18:28:18.0343850Z   Getting requirements to build editable: finished with status 'done'
2025-01-08T18:28:18.0357460Z   Preparing editable metadata (pyproject.toml): started
2025-01-08T18:28:18.4175930Z   Preparing editable metadata (pyproject.toml): finished with status 'done'
2025-01-08T18:28:18.4584750Z Requirement already satisfied: astropy in /Users/runner/micromamba/envs/tardis/lib/python3.12/site-packages (from tardis==0.0.0) (6.1.1)
2025-01-08T18:28:18.4864750Z Requirement already satisfied: numpy>=1.23 in /Users/runner/micromamba/envs/tardis/lib/python3.12/site-packages (from astropy->tardis==0.0.0) (1.26.4)
2025-01-08T18:28:18.4888300Z Requirement already satisfied: pyerfa>=2.0.1.1 in /Users/runner/micromamba/envs/tardis/lib/python3.12/site-packages (from astropy->tardis==0.0.0) (2.0.1.4)
2025-01-08T18:28:18.4895590Z Requirement already satisfied: astropy-iers-data>=0.2024.5.27.0.30.8 in /Users/runner/micromamba/envs/tardis/lib/python3.12/site-packages (from astropy->tardis==0.0.0) (0.2024.6.17.0.31.35)
2025-01-08T18:28:18.4896610Z Requirement already satisfied: PyYAML>=3.13 in /Users/runner/micromamba/envs/tardis/lib/python3.12/site-packages (from astropy->tardis==0.0.0) (6.0.1)
2025-01-08T18:28:18.4897500Z Requirement already satisfied: packaging>=19.0 in /Users/runner/micromamba/envs/tardis/lib/python3.12/site-packages (from astropy->tardis==0.0.0) (24.1)
2025-01-08T18:28:18.4946450Z Building wheels for collected packages: tardis
2025-01-08T18:28:18.4953130Z   Building editable for tardis (pyproject.toml): started
2025-01-08T18:28:19.1124510Z   Building editable for tardis (pyproject.toml): finished with status 'done'
2025-01-08T18:28:19.1130650Z   Created wheel for tardis: filename=tardis-0.0.0-0.editable-py3-none-any.whl size=8879 sha256=9d4295eda05c2ad6bf3f7e61ca6c18b40eb45cee69902215461da3731ad393d1
2025-01-08T18:28:19.1131700Z   Stored in directory: /private/var/folders/ml/x_tvfgn50_s7p67dm1ypcqqm0000gn/T/pip-ephem-wheel-cache-5xdd98h7/wheels/bb/4f/6a/0829b918c1c10bc28535ce7f14be21eee54375bdd9cd0c306a
2025-01-08T18:28:19.1154110Z Successfully built tardis
2025-01-08T18:28:19.6555490Z Installing collected packages: tardis
2025-01-08T18:28:19.6656510Z Successfully installed tardis-0.0.0
2025-01-08T18:28:19.9271890Z ##[group]Run pip install qgridnext
2025-01-08T18:28:19.9272220Z [36;1mpip install qgridnext[0m
2025-01-08T18:28:19.9349880Z shell: /bin/bash -l {0}
2025-01-08T18:28:19.9350080Z env:
2025-01-08T18:28:19.9350220Z   CACHE_NUMBER: 0
2025-01-08T18:28:19.9350740Z   PYTEST_FLAGS: --tardis-regression-data=/Users/runner/work/tardis/tardis/tardis-regression-data --cov=tardis --cov-report=xml --cov-report=html --cov-append
2025-01-08T18:28:19.9351250Z   CODECOV_TOKEN: 
2025-01-08T18:28:19.9351450Z   MAMBA_ROOT_PREFIX: /Users/runner/micromamba
2025-01-08T18:28:19.9351700Z   MAMBA_EXE: /Users/runner/micromamba-bin/micromamba
2025-01-08T18:28:19.9352000Z   CONDARC: /Users/runner/work/_temp/setup-micromamba/.condarc
2025-01-08T18:28:19.9352260Z ##[endgroup]
2025-01-08T18:28:20.5148580Z Collecting qgridnext
2025-01-08T18:28:20.5506880Z   Downloading qgridnext-2.0.4-py3-none-any.whl.metadata (9.9 kB)
2025-01-08T18:28:20.5667840Z Requirement already satisfied: pandas>=0.20.0 in /Users/runner/micromamba/envs/tardis/lib/python3.12/site-packages (from qgridnext) (2.2.2)
2025-01-08T18:28:20.5672950Z Requirement already satisfied: ipywidgets>=7.0.0 in /Users/runner/micromamba/envs/tardis/lib/python3.12/site-packages (from qgridnext) (7.8.0)
2025-01-08T18:28:20.5679030Z Requirement already satisfied: numpy in /Users/runner/micromamba/envs/tardis/lib/python3.12/site-packages (from qgridnext) (1.26.4)
2025-01-08T18:28:20.5685450Z Requirement already satisfied: traitlets in /Users/runner/micromamba/envs/tardis/lib/python3.12/site-packages (from qgridnext) (5.14.3)
2025-01-08T18:28:20.5737910Z Requirement already satisfied: comm>=0.1.3 in /Users/runner/micromamba/envs/tardis/lib/python3.12/site-packages (from ipywidgets>=7.0.0->qgridnext) (0.2.2)
2025-01-08T18:28:20.5742830Z Requirement already satisfied: ipython-genutils~=0.2.0 in /Users/runner/micromamba/envs/tardis/lib/python3.12/site-packages (from ipywidgets>=7.0.0->qgridnext) (0.2.0)
2025-01-08T18:28:20.5751200Z Requirement already satisfied: widgetsnbextension~=3.6.5 in /Users/runner/micromamba/envs/tardis/lib/python3.12/site-packages (from ipywidgets>=7.0.0->qgridnext) (3.6.6)
2025-01-08T18:28:20.5760030Z Requirement already satisfied: ipython>=4.0.0 in /Users/runner/micromamba/envs/tardis/lib/python3.12/site-packages (from ipywidgets>=7.0.0->qgridnext) (8.25.0)
2025-01-08T18:28:20.5768570Z Requirement already satisfied: jupyterlab-widgets<3,>=1.0.0 in /Users/runner/micromamba/envs/tardis/lib/python3.12/site-packages (from ipywidgets>=7.0.0->qgridnext) (1.1.7)
2025-01-08T18:28:20.6052630Z Requirement already satisfied: python-dateutil>=2.8.2 in /Users/runner/micromamba/envs/tardis/lib/python3.12/site-packages (from pandas>=0.20.0->qgridnext) (2.9.0)
2025-01-08T18:28:20.6061690Z Requirement already satisfied: pytz>=2020.1 in /Users/runner/micromamba/envs/tardis/lib/python3.12/site-packages (from pandas>=0.20.0->qgridnext) (2024.1)
2025-01-08T18:28:20.6067320Z Requirement already satisfied: tzdata>=2022.7 in /Users/runner/micromamba/envs/tardis/lib/python3.12/site-packages (from pandas>=0.20.0->qgridnext) (2024.1)
2025-01-08T18:28:20.6277810Z Requirement already satisfied: decorator in /Users/runner/micromamba/envs/tardis/lib/python3.12/site-packages (from ipython>=4.0.0->ipywidgets>=7.0.0->qgridnext) (5.1.1)
2025-01-08T18:28:20.6290340Z Requirement already satisfied: jedi>=0.16 in /Users/runner/micromamba/envs/tardis/lib/python3.12/site-packages (from ipython>=4.0.0->ipywidgets>=7.0.0->qgridnext) (0.19.1)
2025-01-08T18:28:20.6296710Z Requirement already satisfied: matplotlib-inline in /Users/runner/micromamba/envs/tardis/lib/python3.12/site-packages (from ipython>=4.0.0->ipywidgets>=7.0.0->qgridnext) (0.1.7)
2025-01-08T18:28:20.6303470Z Requirement already satisfied: prompt-toolkit<3.1.0,>=3.0.41 in /Users/runner/micromamba/envs/tardis/lib/python3.12/site-packages (from ipython>=4.0.0->ipywidgets>=7.0.0->qgridnext) (3.0.47)
2025-01-08T18:28:20.6309300Z Requirement already satisfied: pygments>=2.4.0 in /Users/runner/micromamba/envs/tardis/lib/python3.12/site-packages (from ipython>=4.0.0->ipywidgets>=7.0.0->qgridnext) (2.18.0)
2025-01-08T18:28:20.6315070Z Requirement already satisfied: stack-data in /Users/runner/micromamba/envs/tardis/lib/python3.12/site-packages (from ipython>=4.0.0->ipywidgets>=7.0.0->qgridnext) (0.6.2)
2025-01-08T18:28:20.6327090Z Requirement already satisfied: pexpect>4.3 in /Users/runner/micromamba/envs/tardis/lib/python3.12/site-packages (from ipython>=4.0.0->ipywidgets>=7.0.0->qgridnext) (4.9.0)
2025-01-08T18:28:20.6354890Z Requirement already satisfied: six>=1.5 in /Users/runner/micromamba/envs/tardis/lib/python3.12/site-packages (from python-dateutil>=2.8.2->pandas>=0.20.0->qgridnext) (1.16.0)
2025-01-08T18:28:20.6391080Z Requirement already satisfied: notebook>=4.4.1 in /Users/runner/micromamba/envs/tardis/lib/python3.12/site-packages (from widgetsnbextension~=3.6.5->ipywidgets>=7.0.0->qgridnext) (7.2.1)
2025-01-08T18:28:20.6515020Z Requirement already satisfied: parso<0.9.0,>=0.8.3 in /Users/runner/micromamba/envs/tardis/lib/python3.12/site-packages (from jedi>=0.16->ipython>=4.0.0->ipywidgets>=7.0.0->qgridnext) (0.8.4)
2025-01-08T18:28:20.6611720Z Requirement already satisfied: jupyter-server<3,>=2.4.0 in /Users/runner/micromamba/envs/tardis/lib/python3.12/site-packages (from notebook>=4.4.1->widgetsnbextension~=3.6.5->ipywidgets>=7.0.0->qgridnext) (2.14.1)
2025-01-08T18:28:20.6714090Z Requirement already satisfied: jupyterlab-server<3,>=2.27.1 in /Users/runner/micromamba/envs/tardis/lib/python3.12/site-packages (from notebook>=4.4.1->widgetsnbextension~=3.6.5->ipywidgets>=7.0.0->qgridnext) (2.27.2)
2025-01-08T18:28:20.6815850Z Requirement already satisfied: jupyterlab<4.3,>=4.2.0 in /Users/runner/micromamba/envs/tardis/lib/python3.12/site-packages (from notebook>=4.4.1->widgetsnbextension~=3.6.5->ipywidgets>=7.0.0->qgridnext) (4.2.2)
2025-01-08T18:28:20.6916190Z Requirement already satisfied: notebook-shim<0.3,>=0.2 in /Users/runner/micromamba/envs/tardis/lib/python3.12/site-packages (from notebook>=4.4.1->widgetsnbextension~=3.6.5->ipywidgets>=7.0.0->qgridnext) (0.2.4)
2025-01-08T18:28:20.7016610Z Requirement already satisfied: tornado>=6.2.0 in /Users/runner/micromamba/envs/tardis/lib/python3.12/site-packages (from notebook>=4.4.1->widgetsnbextension~=3.6.5->ipywidgets>=7.0.0->qgridnext) (6.4.1)
2025-01-08T18:28:20.7118060Z Requirement already satisfied: ptyprocess>=0.5 in /Users/runner/micromamba/envs/tardis/lib/python3.12/site-packages (from pexpect>4.3->ipython>=4.0.0->ipywidgets>=7.0.0->qgridnext) (0.7.0)
2025-01-08T18:28:20.7219740Z Requirement already satisfied: wcwidth in /Users/runner/micromamba/envs/tardis/lib/python3.12/site-packages (from prompt-toolkit<3.1.0,>=3.0.41->ipython>=4.0.0->ipywidgets>=7.0.0->qgridnext) (0.2.13)
2025-01-08T18:28:20.7321360Z Requirement already satisfied: executing>=1.2.0 in /Users/runner/micromamba/envs/tardis/lib/python3.12/site-packages (from stack-data->ipython>=4.0.0->ipywidgets>=7.0.0->qgridnext) (2.0.1)
2025-01-08T18:28:20.7422440Z Requirement already satisfied: asttokens>=2.1.0 in /Users/runner/micromamba/envs/tardis/lib/python3.12/site-packages (from stack-data->ipython>=4.0.0->ipywidgets>=7.0.0->qgridnext) (2.4.1)
2025-01-08T18:28:20.7523220Z Requirement already satisfied: pure-eval in /Users/runner/micromamba/envs/tardis/lib/python3.12/site-packages (from stack-data->ipython>=4.0.0->ipywidgets>=7.0.0->qgridnext) (0.2.2)
2025-01-08T18:28:20.7624780Z Requirement already satisfied: anyio>=3.1.0 in /Users/runner/micromamba/envs/tardis/lib/python3.12/site-packages (from jupyter-server<3,>=2.4.0->notebook>=4.4.1->widgetsnbextension~=3.6.5->ipywidgets>=7.0.0->qgridnext) (4.4.0)
2025-01-08T18:28:20.7724920Z Requirement already satisfied: argon2-cffi>=21.1 in /Users/runner/micromamba/envs/tardis/lib/python3.12/site-packages (from jupyter-server<3,>=2.4.0->notebook>=4.4.1->widgetsnbextension~=3.6.5->ipywidgets>=7.0.0->qgridnext) (23.1.0)
2025-01-08T18:28:20.7826900Z Requirement already satisfied: jinja2>=3.0.3 in /Users/runner/micromamba/envs/tardis/lib/python3.12/site-packages (from jupyter-server<3,>=2.4.0->notebook>=4.4.1->widgetsnbextension~=3.6.5->ipywidgets>=7.0.0->qgridnext) (3.1.4)
2025-01-08T18:28:20.7929200Z Requirement already satisfied: jupyter-client>=7.4.4 in /Users/runner/micromamba/envs/tardis/lib/python3.12/site-packages (from jupyter-server<3,>=2.4.0->notebook>=4.4.1->widgetsnbextension~=3.6.5->ipywidgets>=7.0.0->qgridnext) (8.6.2)
2025-01-08T18:28:20.8029550Z Requirement already satisfied: jupyter-core!=5.0.*,>=4.12 in /Users/runner/micromamba/envs/tardis/lib/python3.12/site-packages (from jupyter-server<3,>=2.4.0->notebook>=4.4.1->widgetsnbextension~=3.6.5->ipywidgets>=7.0.0->qgridnext) (5.7.2)
2025-01-08T18:28:20.8131340Z Requirement already satisfied: jupyter-events>=0.9.0 in /Users/runner/micromamba/envs/tardis/lib/python3.12/site-packages (from jupyter-server<3,>=2.4.0->notebook>=4.4.1->widgetsnbextension~=3.6.5->ipywidgets>=7.0.0->qgridnext) (0.10.0)
2025-01-08T18:28:20.8231970Z Requirement already satisfied: jupyter-server-terminals>=0.4.4 in /Users/runner/micromamba/envs/tardis/lib/python3.12/site-packages (from jupyter-server<3,>=2.4.0->notebook>=4.4.1->widgetsnbextension~=3.6.5->ipywidgets>=7.0.0->qgridnext) (0.5.3)
2025-01-08T18:28:20.8333730Z Requirement already satisfied: nbconvert>=6.4.4 in /Users/runner/micromamba/envs/tardis/lib/python3.12/site-packages (from jupyter-server<3,>=2.4.0->notebook>=4.4.1->widgetsnbextension~=3.6.5->ipywidgets>=7.0.0->qgridnext) (7.16.4)
2025-01-08T18:28:20.8434240Z Requirement already satisfied: nbformat>=5.3.0 in /Users/runner/micromamba/envs/tardis/lib/python3.12/site-packages (from jupyter-server<3,>=2.4.0->notebook>=4.4.1->widgetsnbextension~=3.6.5->ipywidgets>=7.0.0->qgridnext) (5.10.4)
2025-01-08T18:28:20.8535760Z Requirement already satisfied: overrides>=5.0 in /Users/runner/micromamba/envs/tardis/lib/python3.12/site-packages (from jupyter-server<3,>=2.4.0->notebook>=4.4.1->widgetsnbextension~=3.6.5->ipywidgets>=7.0.0->qgridnext) (7.7.0)
2025-01-08T18:28:20.8636710Z Requirement already satisfied: packaging>=22.0 in /Users/runner/micromamba/envs/tardis/lib/python3.12/site-packages (from jupyter-server<3,>=2.4.0->notebook>=4.4.1->widgetsnbextension~=3.6.5->ipywidgets>=7.0.0->qgridnext) (24.1)
2025-01-08T18:28:20.8738790Z Requirement already satisfied: prometheus-client>=0.9 in /Users/runner/micromamba/envs/tardis/lib/python3.12/site-packages (from jupyter-server<3,>=2.4.0->notebook>=4.4.1->widgetsnbextension~=3.6.5->ipywidgets>=7.0.0->qgridnext) (0.20.0)
2025-01-08T18:28:20.8831110Z Requirement already satisfied: pyzmq>=24 in /Users/runner/micromamba/envs/tardis/lib/python3.12/site-packages (from jupyter-server<3,>=2.4.0->notebook>=4.4.1->widgetsnbextension~=3.6.5->ipywidgets>=7.0.0->qgridnext) (26.0.3)
2025-01-08T18:28:20.8868530Z Requirement already satisfied: send2trash>=1.8.2 in /Users/runner/micromamba/envs/tardis/lib/python3.12/site-packages (from jupyter-server<3,>=2.4.0->notebook>=4.4.1->widgetsnbextension~=3.6.5->ipywidgets>=7.0.0->qgridnext) (1.8.3)
2025-01-08T18:28:20.8870010Z Requirement already satisfied: terminado>=0.8.3 in /Users/runner/micromamba/envs/tardis/lib/python3.12/site-packages (from jupyter-server<3,>=2.4.0->notebook>=4.4.1->widgetsnbextension~=3.6.5->ipywidgets>=7.0.0->qgridnext) (0.18.1)
2025-01-08T18:28:20.8871370Z Requirement already satisfied: websocket-client>=1.7 in /Users/runner/micromamba/envs/tardis/lib/python3.12/site-packages (from jupyter-server<3,>=2.4.0->notebook>=4.4.1->widgetsnbextension~=3.6.5->ipywidgets>=7.0.0->qgridnext) (1.8.0)
2025-01-08T18:28:20.8872640Z Requirement already satisfied: async-lru>=1.0.0 in /Users/runner/micromamba/envs/tardis/lib/python3.12/site-packages (from jupyterlab<4.3,>=4.2.0->notebook>=4.4.1->widgetsnbextension~=3.6.5->ipywidgets>=7.0.0->qgridnext) (2.0.4)
2025-01-08T18:28:20.8873860Z Requirement already satisfied: httpx>=0.25.0 in /Users/runner/micromamba/envs/tardis/lib/python3.12/site-packages (from jupyterlab<4.3,>=4.2.0->notebook>=4.4.1->widgetsnbextension~=3.6.5->ipywidgets>=7.0.0->qgridnext) (0.27.0)
2025-01-08T18:28:20.8875490Z Requirement already satisfied: ipykernel>=6.5.0 in /Users/runner/micromamba/envs/tardis/lib/python3.12/site-packages (from jupyterlab<4.3,>=4.2.0->notebook>=4.4.1->widgetsnbextension~=3.6.5->ipywidgets>=7.0.0->qgridnext) (6.29.4)
2025-01-08T18:28:20.8876990Z Requirement already satisfied: jupyter-lsp>=2.0.0 in /Users/runner/micromamba/envs/tardis/lib/python3.12/site-packages (from jupyterlab<4.3,>=4.2.0->notebook>=4.4.1->widgetsnbextension~=3.6.5->ipywidgets>=7.0.0->qgridnext) (2.2.5)
2025-01-08T18:28:20.8878250Z Requirement already satisfied: setuptools>=40.1.0 in /Users/runner/micromamba/envs/tardis/lib/python3.12/site-packages (from jupyterlab<4.3,>=4.2.0->notebook>=4.4.1->widgetsnbextension~=3.6.5->ipywidgets>=7.0.0->qgridnext) (70.0.0)
2025-01-08T18:28:20.8879480Z Requirement already satisfied: babel>=2.10 in /Users/runner/micromamba/envs/tardis/lib/python3.12/site-packages (from jupyterlab-server<3,>=2.27.1->notebook>=4.4.1->widgetsnbextension~=3.6.5->ipywidgets>=7.0.0->qgridnext) (2.14.0)
2025-01-08T18:28:20.8880720Z Requirement already satisfied: json5>=0.9.0 in /Users/runner/micromamba/envs/tardis/lib/python3.12/site-packages (from jupyterlab-server<3,>=2.27.1->notebook>=4.4.1->widgetsnbextension~=3.6.5->ipywidgets>=7.0.0->qgridnext) (0.9.25)
2025-01-08T18:28:20.8881980Z Requirement already satisfied: jsonschema>=4.18.0 in /Users/runner/micromamba/envs/tardis/lib/python3.12/site-packages (from jupyterlab-server<3,>=2.27.1->notebook>=4.4.1->widgetsnbextension~=3.6.5->ipywidgets>=7.0.0->qgridnext) (4.22.0)
2025-01-08T18:28:20.8883250Z Requirement already satisfied: requests>=2.31 in /Users/runner/micromamba/envs/tardis/lib/python3.12/site-packages (from jupyterlab-server<3,>=2.27.1->notebook>=4.4.1->widgetsnbextension~=3.6.5->ipywidgets>=7.0.0->qgridnext) (2.32.3)
2025-01-08T18:28:20.8884500Z Requirement already satisfied: idna>=2.8 in /Users/runner/micromamba/envs/tardis/lib/python3.12/site-packages (from anyio>=3.1.0->jupyter-server<3,>=2.4.0->notebook>=4.4.1->widgetsnbextension~=3.6.5->ipywidgets>=7.0.0->qgridnext) (3.7)
2025-01-08T18:28:20.8885770Z Requirement already satisfied: sniffio>=1.1 in /Users/runner/micromamba/envs/tardis/lib/python3.12/site-packages (from anyio>=3.1.0->jupyter-server<3,>=2.4.0->notebook>=4.4.1->widgetsnbextension~=3.6.5->ipywidgets>=7.0.0->qgridnext) (1.3.1)
2025-01-08T18:28:20.8887100Z Requirement already satisfied: argon2-cffi-bindings in /Users/runner/micromamba/envs/tardis/lib/python3.12/site-packages (from argon2-cffi>=21.1->jupyter-server<3,>=2.4.0->notebook>=4.4.1->widgetsnbextension~=3.6.5->ipywidgets>=7.0.0->qgridnext) (21.2.0)
2025-01-08T18:28:20.8888450Z Requirement already satisfied: certifi in /Users/runner/micromamba/envs/tardis/lib/python3.12/site-packages (from httpx>=0.25.0->jupyterlab<4.3,>=4.2.0->notebook>=4.4.1->widgetsnbextension~=3.6.5->ipywidgets>=7.0.0->qgridnext) (2024.6.2)
2025-01-08T18:28:20.8889710Z Requirement already satisfied: httpcore==1.* in /Users/runner/micromamba/envs/tardis/lib/python3.12/site-packages (from httpx>=0.25.0->jupyterlab<4.3,>=4.2.0->notebook>=4.4.1->widgetsnbextension~=3.6.5->ipywidgets>=7.0.0->qgridnext) (1.0.5)
2025-01-08T18:28:20.8891020Z Requirement already satisfied: h11<0.15,>=0.13 in /Users/runner/micromamba/envs/tardis/lib/python3.12/site-packages (from httpcore==1.*->httpx>=0.25.0->jupyterlab<4.3,>=4.2.0->notebook>=4.4.1->widgetsnbextension~=3.6.5->ipywidgets>=7.0.0->qgridnext) (0.14.0)
2025-01-08T18:28:20.8892310Z Requirement already satisfied: appnope in /Users/runner/micromamba/envs/tardis/lib/python3.12/site-packages (from ipykernel>=6.5.0->jupyterlab<4.3,>=4.2.0->notebook>=4.4.1->widgetsnbextension~=3.6.5->ipywidgets>=7.0.0->qgridnext) (0.1.4)
2025-01-08T18:28:20.8893600Z Requirement already satisfied: debugpy>=1.6.5 in /Users/runner/micromamba/envs/tardis/lib/python3.12/site-packages (from ipykernel>=6.5.0->jupyterlab<4.3,>=4.2.0->notebook>=4.4.1->widgetsnbextension~=3.6.5->ipywidgets>=7.0.0->qgridnext) (1.8.1)
2025-01-08T18:28:20.8895020Z Requirement already satisfied: nest-asyncio in /Users/runner/micromamba/envs/tardis/lib/python3.12/site-packages (from ipykernel>=6.5.0->jupyterlab<4.3,>=4.2.0->notebook>=4.4.1->widgetsnbextension~=3.6.5->ipywidgets>=7.0.0->qgridnext) (1.6.0)
2025-01-08T18:28:20.8896400Z Requirement already satisfied: psutil in /Users/runner/micromamba/envs/tardis/lib/python3.12/site-packages (from ipykernel>=6.5.0->jupyterlab<4.3,>=4.2.0->notebook>=4.4.1->widgetsnbextension~=3.6.5->ipywidgets>=7.0.0->qgridnext) (5.9.8)
2025-01-08T18:28:20.8897570Z Requirement already satisfied: MarkupSafe>=2.0 in /Users/runner/micromamba/envs/tardis/lib/python3.12/site-packages (from jinja2>=3.0.3->jupyter-server<3,>=2.4.0->notebook>=4.4.1->widgetsnbextension~=3.6.5->ipywidgets>=7.0.0->qgridnext) (2.1.5)
2025-01-08T18:28:20.8899240Z Requirement already satisfied: attrs>=22.2.0 in /Users/runner/micromamba/envs/tardis/lib/python3.12/site-packages (from jsonschema>=4.18.0->jupyterlab-server<3,>=2.27.1->notebook>=4.4.1->widgetsnbextension~=3.6.5->ipywidgets>=7.0.0->qgridnext) (23.2.0)
2025-01-08T18:28:20.8900700Z Requirement already satisfied: jsonschema-specifications>=2023.03.6 in /Users/runner/micromamba/envs/tardis/lib/python3.12/site-packages (from jsonschema>=4.18.0->jupyterlab-server<3,>=2.27.1->notebook>=4.4.1->widgetsnbextension~=3.6.5->ipywidgets>=7.0.0->qgridnext) (2023.12.1)
2025-01-08T18:28:20.8902110Z Requirement already satisfied: referencing>=0.28.4 in /Users/runner/micromamba/envs/tardis/lib/python3.12/site-packages (from jsonschema>=4.18.0->jupyterlab-server<3,>=2.27.1->notebook>=4.4.1->widgetsnbextension~=3.6.5->ipywidgets>=7.0.0->qgridnext) (0.35.1)
2025-01-08T18:28:20.8903500Z Requirement already satisfied: rpds-py>=0.7.1 in /Users/runner/micromamba/envs/tardis/lib/python3.12/site-packages (from jsonschema>=4.18.0->jupyterlab-server<3,>=2.27.1->notebook>=4.4.1->widgetsnbextension~=3.6.5->ipywidgets>=7.0.0->qgridnext) (0.18.1)
2025-01-08T18:28:20.8904880Z Requirement already satisfied: platformdirs>=2.5 in /Users/runner/micromamba/envs/tardis/lib/python3.12/site-packages (from jupyter-core!=5.0.*,>=4.12->jupyter-server<3,>=2.4.0->notebook>=4.4.1->widgetsnbextension~=3.6.5->ipywidgets>=7.0.0->qgridnext) (4.2.2)
2025-01-08T18:28:20.8906290Z Requirement already satisfied: python-json-logger>=2.0.4 in /Users/runner/micromamba/envs/tardis/lib/python3.12/site-packages (from jupyter-events>=0.9.0->jupyter-server<3,>=2.4.0->notebook>=4.4.1->widgetsnbextension~=3.6.5->ipywidgets>=7.0.0->qgridnext) (2.0.7)
2025-01-08T18:28:20.8907650Z Requirement already satisfied: pyyaml>=5.3 in /Users/runner/micromamba/envs/tardis/lib/python3.12/site-packages (from jupyter-events>=0.9.0->jupyter-server<3,>=2.4.0->notebook>=4.4.1->widgetsnbextension~=3.6.5->ipywidgets>=7.0.0->qgridnext) (6.0.1)
2025-01-08T18:28:20.8909000Z Requirement already satisfied: rfc3339-validator in /Users/runner/micromamba/envs/tardis/lib/python3.12/site-packages (from jupyter-events>=0.9.0->jupyter-server<3,>=2.4.0->notebook>=4.4.1->widgetsnbextension~=3.6.5->ipywidgets>=7.0.0->qgridnext) (0.1.4)
2025-01-08T18:28:20.8910380Z Requirement already satisfied: rfc3986-validator>=0.1.1 in /Users/runner/micromamba/envs/tardis/lib/python3.12/site-packages (from jupyter-events>=0.9.0->jupyter-server<3,>=2.4.0->notebook>=4.4.1->widgetsnbextension~=3.6.5->ipywidgets>=7.0.0->qgridnext) (0.1.1)
2025-01-08T18:28:20.9039390Z Requirement already satisfied: beautifulsoup4 in /Users/runner/micromamba/envs/tardis/lib/python3.12/site-packages (from nbconvert>=6.4.4->jupyter-server<3,>=2.4.0->notebook>=4.4.1->widgetsnbextension~=3.6.5->ipywidgets>=7.0.0->qgridnext) (4.12.3)
2025-01-08T18:28:20.9052730Z Requirement already satisfied: bleach!=5.0.0 in /Users/runner/micromamba/envs/tardis/lib/python3.12/site-packages (from nbconvert>=6.4.4->jupyter-server<3,>=2.4.0->notebook>=4.4.1->widgetsnbextension~=3.6.5->ipywidgets>=7.0.0->qgridnext) (6.1.0)
2025-01-08T18:28:20.9062100Z Requirement already satisfied: defusedxml in /Users/runner/micromamba/envs/tardis/lib/python3.12/site-packages (from nbconvert>=6.4.4->jupyter-server<3,>=2.4.0->notebook>=4.4.1->widgetsnbextension~=3.6.5->ipywidgets>=7.0.0->qgridnext) (0.7.1)
2025-01-08T18:28:20.9071830Z Requirement already satisfied: jupyterlab-pygments in /Users/runner/micromamba/envs/tardis/lib/python3.12/site-packages (from nbconvert>=6.4.4->jupyter-server<3,>=2.4.0->notebook>=4.4.1->widgetsnbextension~=3.6.5->ipywidgets>=7.0.0->qgridnext) (0.3.0)
2025-01-08T18:28:20.9078980Z Requirement already satisfied: mistune<4,>=2.0.3 in /Users/runner/micromamba/envs/tardis/lib/python3.12/site-packages (from nbconvert>=6.4.4->jupyter-server<3,>=2.4.0->notebook>=4.4.1->widgetsnbextension~=3.6.5->ipywidgets>=7.0.0->qgridnext) (3.0.2)
2025-01-08T18:28:20.9086280Z Requirement already satisfied: nbclient>=0.5.0 in /Users/runner/micromamba/envs/tardis/lib/python3.12/site-packages (from nbconvert>=6.4.4->jupyter-server<3,>=2.4.0->notebook>=4.4.1->widgetsnbextension~=3.6.5->ipywidgets>=7.0.0->qgridnext) (0.10.0)
2025-01-08T18:28:20.9097000Z Requirement already satisfied: pandocfilters>=1.4.1 in /Users/runner/micromamba/envs/tardis/lib/python3.12/site-packages (from nbconvert>=6.4.4->jupyter-server<3,>=2.4.0->notebook>=4.4.1->widgetsnbextension~=3.6.5->ipywidgets>=7.0.0->qgridnext) (1.5.0)
2025-01-08T18:28:20.9102350Z Requirement already satisfied: tinycss2 in /Users/runner/micromamba/envs/tardis/lib/python3.12/site-packages (from nbconvert>=6.4.4->jupyter-server<3,>=2.4.0->notebook>=4.4.1->widgetsnbextension~=3.6.5->ipywidgets>=7.0.0->qgridnext) (1.3.0)
2025-01-08T18:28:20.9181320Z Requirement already satisfied: fastjsonschema>=2.15 in /Users/runner/micromamba/envs/tardis/lib/python3.12/site-packages (from nbformat>=5.3.0->jupyter-server<3,>=2.4.0->notebook>=4.4.1->widgetsnbextension~=3.6.5->ipywidgets>=7.0.0->qgridnext) (2.20.0)
2025-01-08T18:28:20.9388320Z Requirement already satisfied: charset-normalizer<4,>=2 in /Users/runner/micromamba/envs/tardis/lib/python3.12/site-packages (from requests>=2.31->jupyterlab-server<3,>=2.27.1->notebook>=4.4.1->widgetsnbextension~=3.6.5->ipywidgets>=7.0.0->qgridnext) (3.3.2)
2025-01-08T18:28:20.9396560Z Requirement already satisfied: urllib3<3,>=1.21.1 in /Users/runner/micromamba/envs/tardis/lib/python3.12/site-packages (from requests>=2.31->jupyterlab-server<3,>=2.27.1->notebook>=4.4.1->widgetsnbextension~=3.6.5->ipywidgets>=7.0.0->qgridnext) (2.2.2)
2025-01-08T18:28:20.9934800Z Requirement already satisfied: webencodings in /Users/runner/micromamba/envs/tardis/lib/python3.12/site-packages (from bleach!=5.0.0->nbconvert>=6.4.4->jupyter-server<3,>=2.4.0->notebook>=4.4.1->widgetsnbextension~=3.6.5->ipywidgets>=7.0.0->qgridnext) (0.5.1)
2025-01-08T18:28:21.0336230Z Requirement already satisfied: fqdn in /Users/runner/micromamba/envs/tardis/lib/python3.12/site-packages (from jsonschema[format-nongpl]>=4.18.0->jupyter-events>=0.9.0->jupyter-server<3,>=2.4.0->notebook>=4.4.1->widgetsnbextension~=3.6.5->ipywidgets>=7.0.0->qgridnext) (1.5.1)
2025-01-08T18:28:21.0437700Z Requirement already satisfied: isoduration in /Users/runner/micromamba/envs/tardis/lib/python3.12/site-packages (from jsonschema[format-nongpl]>=4.18.0->jupyter-events>=0.9.0->jupyter-server<3,>=2.4.0->notebook>=4.4.1->widgetsnbextension~=3.6.5->ipywidgets>=7.0.0->qgridnext) (20.11.0)
2025-01-08T18:28:21.0538570Z Requirement already satisfied: jsonpointer>1.13 in /Users/runner/micromamba/envs/tardis/lib/python3.12/site-packages (from jsonschema[format-nongpl]>=4.18.0->jupyter-events>=0.9.0->jupyter-server<3,>=2.4.0->notebook>=4.4.1->widgetsnbextension~=3.6.5->ipywidgets>=7.0.0->qgridnext) (3.0.0)
2025-01-08T18:28:21.0640290Z Requirement already satisfied: uri-template in /Users/runner/micromamba/envs/tardis/lib/python3.12/site-packages (from jsonschema[format-nongpl]>=4.18.0->jupyter-events>=0.9.0->jupyter-server<3,>=2.4.0->notebook>=4.4.1->widgetsnbextension~=3.6.5->ipywidgets>=7.0.0->qgridnext) (1.3.0)
2025-01-08T18:28:21.0740900Z Requirement already satisfied: webcolors>=1.11 in /Users/runner/micromamba/envs/tardis/lib/python3.12/site-packages (from jsonschema[format-nongpl]>=4.18.0->jupyter-events>=0.9.0->jupyter-server<3,>=2.4.0->notebook>=4.4.1->widgetsnbextension~=3.6.5->ipywidgets>=7.0.0->qgridnext) (24.6.0)
2025-01-08T18:28:21.1144190Z Requirement already satisfied: cffi>=1.0.1 in /Users/runner/micromamba/envs/tardis/lib/python3.12/site-packages (from argon2-cffi-bindings->argon2-cffi>=21.1->jupyter-server<3,>=2.4.0->notebook>=4.4.1->widgetsnbextension~=3.6.5->ipywidgets>=7.0.0->qgridnext) (1.16.0)
2025-01-08T18:28:21.1244910Z Requirement already satisfied: soupsieve>1.2 in /Users/runner/micromamba/envs/tardis/lib/python3.12/site-packages (from beautifulsoup4->nbconvert>=6.4.4->jupyter-server<3,>=2.4.0->notebook>=4.4.1->widgetsnbextension~=3.6.5->ipywidgets>=7.0.0->qgridnext) (2.5)
2025-01-08T18:28:21.1647590Z Requirement already satisfied: pycparser in /Users/runner/micromamba/envs/tardis/lib/python3.12/site-packages (from cffi>=1.0.1->argon2-cffi-bindings->argon2-cffi>=21.1->jupyter-server<3,>=2.4.0->notebook>=4.4.1->widgetsnbextension~=3.6.5->ipywidgets>=7.0.0->qgridnext) (2.22)
2025-01-08T18:28:21.2011070Z Requirement already satisfied: arrow>=0.15.0 in /Users/runner/micromamba/envs/tardis/lib/python3.12/site-packages (from isoduration->jsonschema[format-nongpl]>=4.18.0->jupyter-events>=0.9.0->jupyter-server<3,>=2.4.0->notebook>=4.4.1->widgetsnbextension~=3.6.5->ipywidgets>=7.0.0->qgridnext) (1.3.0)
2025-01-08T18:28:21.2173960Z Requirement already satisfied: types-python-dateutil>=2.8.10 in /Users/runner/micromamba/envs/tardis/lib/python3.12/site-packages (from arrow>=0.15.0->isoduration->jsonschema[format-nongpl]>=4.18.0->jupyter-events>=0.9.0->jupyter-server<3,>=2.4.0->notebook>=4.4.1->widgetsnbextension~=3.6.5->ipywidgets>=7.0.0->qgridnext) (2.9.0.20240316)
2025-01-08T18:28:21.2431460Z Downloading qgridnext-2.0.4-py3-none-any.whl (1.3 MB)
2025-01-08T18:28:21.2948270Z    â”â”â”â”â”â”â”â”â”â”â”â”â”â”â”â”â”â”â”â”â”â”â”â”â”â”â”â”â”â”â”â”â”â”â”â”â”â”â”â” 1.3/1.3 MB 26.0 MB/s eta 0:00:00
2025-01-08T18:28:22.0018390Z Installing collected packages: qgridnext
2025-01-08T18:28:22.0582400Z Successfully installed qgridnext-2.0.4
2025-01-08T18:28:22.3499200Z ##[group]Run pytest tardis --tardis-regression-data=/Users/runner/work/tardis/tardis/tardis-regression-data --cov=tardis --cov-report=xml --cov-report=html --cov-append -m " continuum"
2025-01-08T18:28:22.3500230Z [36;1mpytest tardis --tardis-regression-data=/Users/runner/work/tardis/tardis/tardis-regression-data --cov=tardis --cov-report=xml --cov-report=html --cov-append -m " continuum"[0m
2025-01-08T18:28:22.3578580Z shell: /bin/bash -l {0}
2025-01-08T18:28:22.3578840Z env:
2025-01-08T18:28:22.3579020Z   CACHE_NUMBER: 0
2025-01-08T18:28:22.3579530Z   PYTEST_FLAGS: --tardis-regression-data=/Users/runner/work/tardis/tardis/tardis-regression-data --cov=tardis --cov-report=xml --cov-report=html --cov-append
2025-01-08T18:28:22.3580090Z   CODECOV_TOKEN: 
2025-01-08T18:28:22.3580280Z   MAMBA_ROOT_PREFIX: /Users/runner/micromamba
2025-01-08T18:28:22.3580530Z   MAMBA_EXE: /Users/runner/micromamba-bin/micromamba
2025-01-08T18:28:22.3580940Z   CONDARC: /Users/runner/work/_temp/setup-micromamba/.condarc
2025-01-08T18:28:22.3581200Z ##[endgroup]
2025-01-08T18:28:38.0899920Z ============================= test session starts ==============================
2025-01-08T18:28:38.0900790Z platform darwin -- Python 3.12.4, pytest-8.2.2, pluggy-1.5.0
2025-01-08T18:28:38.0907530Z rootdir: /Users/runner/work/tardis/tardis
2025-01-08T18:28:38.0908340Z configfile: pyproject.toml
2025-01-08T18:28:38.0908710Z plugins: cov-5.0.0, html-4.1.1, metadata-3.1.1, doctestplus-1.2.1, anyio-4.4.0
2025-01-08T18:28:38.0909180Z collected 1796 items / 1794 deselected / 2 selected
2025-01-08T18:28:38.0909340Z 
2025-01-08T18:29:41.3918070Z tardis/transport/montecarlo/estimators/tests/test_continuum_property_solver.py . [ 50%]
2025-01-08T18:29:41.3946870Z                                                                          [ 50%]
2025-01-08T18:30:08.0213200Z tardis/transport/montecarlo/tests/test_continuum.py .                    [100%]
2025-01-08T18:30:08.0213650Z 
2025-01-08T18:30:08.0213830Z =============================== warnings summary ===============================
2025-01-08T18:30:08.0214170Z tardis/io/configuration/config_validator.py:6
2025-01-08T18:30:08.0222550Z tardis/io/configuration/config_validator.py:6
2025-01-08T18:30:08.0223110Z   /Users/runner/work/tardis/tardis/tardis/io/configuration/config_validator.py:6: DeprecationWarning:
2025-01-08T18:30:08.0223660Z   
2025-01-08T18:30:08.0224930Z   jsonschema.RefResolver is deprecated as of v4.18.0, in favor of the https://github.com/python-jsonschema/referencing library, which provides more compliant referencing behavior as well as more flexible APIs for customization. A future release will remove RefResolver. Please file a feature request (on referencing) if you are missing an API for the kind of customization you need.
2025-01-08T18:30:08.0226060Z 
2025-01-08T18:30:08.0226370Z ../../../micromamba/envs/tardis/lib/python3.12/site-packages/jupyter_client/connect.py:22
2025-01-08T18:30:08.0227070Z   /Users/runner/micromamba/envs/tardis/lib/python3.12/site-packages/jupyter_client/connect.py:22: DeprecationWarning:
2025-01-08T18:30:08.0227610Z   
2025-01-08T18:30:08.0227930Z   Jupyter is migrating its paths to use standard platformdirs
2025-01-08T18:30:08.0228300Z   given by the platformdirs library.  To remove this warning and
2025-01-08T18:30:08.0228790Z   see the appropriate new directories, set the environment variable
2025-01-08T18:30:08.0229140Z   `JUPYTER_PLATFORM_DIRS=1` and then run `jupyter --paths`.
2025-01-08T18:30:08.0229560Z   The use of platformdirs will be the default in `jupyter_core` v6
2025-01-08T18:30:08.0229840Z 
2025-01-08T18:30:08.0237200Z tardis/transport/montecarlo/estimators/tests/test_continuum_property_solver.py::test_continuum_estimators
2025-01-08T18:30:08.0237970Z   /Users/runner/work/tardis/tardis/tardis/transport/montecarlo/montecarlo_main_loop.py:123: NumbaTypeSafetyWarning:
2025-01-08T18:30:08.0238460Z   
2025-01-08T18:30:08.0239940Z   [1m[1m[1munsafe cast from uint64 to int64. Precision may be lost.[0m[0m[0m
2025-01-08T18:30:08.0241030Z 
2025-01-08T18:30:08.0241220Z -- Docs: https://docs.pytest.org/en/stable/how-to/capture-warnings.html
2025-01-08T18:30:08.0241580Z 
2025-01-08T18:30:08.0241780Z ---------- coverage: platform darwin, python 3.12.4-final-0 ----------
2025-01-08T18:30:08.0242210Z Coverage HTML written to dir coverage_html_report
2025-01-08T18:30:08.0242540Z Coverage XML written to file coverage.xml
2025-01-08T18:30:08.0242760Z 
2025-01-08T18:30:08.0242950Z ========== 2 passed, 1794 deselected, 4 warnings in 91.87s (0:01:31) ===========
2025-01-08T18:30:08.9393870Z ##[group]Run mv .coverage .coverage.1
2025-01-08T18:30:08.9394260Z [36;1mmv .coverage .coverage.1[0m
2025-01-08T18:30:08.9646330Z shell: /bin/bash -l {0}
2025-01-08T18:30:08.9646640Z env:
2025-01-08T18:30:08.9646830Z   CACHE_NUMBER: 0
2025-01-08T18:30:08.9647330Z   PYTEST_FLAGS: --tardis-regression-data=/Users/runner/work/tardis/tardis/tardis-regression-data --cov=tardis --cov-report=xml --cov-report=html --cov-append
2025-01-08T18:30:08.9647930Z   CODECOV_TOKEN: 
2025-01-08T18:30:08.9648190Z   MAMBA_ROOT_PREFIX: /Users/runner/micromamba
2025-01-08T18:30:08.9648430Z   MAMBA_EXE: /Users/runner/micromamba-bin/micromamba
2025-01-08T18:30:08.9648890Z   CONDARC: /Users/runner/work/_temp/setup-micromamba/.condarc
2025-01-08T18:30:08.9649190Z ##[endgroup]
2025-01-08T18:30:09.1342010Z ##[group]Run actions/upload-artifact@v4
2025-01-08T18:30:09.1342240Z with:
2025-01-08T18:30:09.1342520Z   name: coverage--continuum-macos-latest
2025-01-08T18:30:09.1342740Z   include-hidden-files: true
2025-01-08T18:30:09.1342940Z   path: .coverage*
!.coveragerc

2025-01-08T18:30:09.1343210Z   if-no-files-found: warn
2025-01-08T18:30:09.1343440Z   compression-level: 6
2025-01-08T18:30:09.1343600Z   overwrite: false
2025-01-08T18:30:09.1343750Z env:
2025-01-08T18:30:09.1343890Z   CACHE_NUMBER: 0
2025-01-08T18:30:09.1344450Z   PYTEST_FLAGS: --tardis-regression-data=/Users/runner/work/tardis/tardis/tardis-regression-data --cov=tardis --cov-report=xml --cov-report=html --cov-append
2025-01-08T18:30:09.1344960Z   CODECOV_TOKEN: 
2025-01-08T18:30:09.1345140Z   MAMBA_ROOT_PREFIX: /Users/runner/micromamba
2025-01-08T18:30:09.1345620Z   MAMBA_EXE: /Users/runner/micromamba-bin/micromamba
2025-01-08T18:30:09.1345970Z   CONDARC: /Users/runner/work/_temp/setup-micromamba/.condarc
2025-01-08T18:30:09.1346330Z ##[endgroup]
2025-01-08T18:30:09.4586530Z With the provided path, there will be 2 files uploaded
2025-01-08T18:30:09.4589230Z Artifact name is valid!
2025-01-08T18:30:09.4589760Z Root directory input is valid!
2025-01-08T18:30:09.6864220Z Beginning upload of artifact content to blob storage
2025-01-08T18:30:09.8806900Z Uploaded bytes 27403
2025-01-08T18:30:09.9217210Z Finished uploading artifact content to blob storage!
2025-01-08T18:30:09.9218370Z SHA256 hash of uploaded artifact zip is 6706d4608fdda597f21094b7606d99e13b3f51448b8e8a4c0012d681178af4e4
2025-01-08T18:30:09.9219450Z Finalizing artifact upload
2025-01-08T18:30:10.0367330Z Artifact coverage--continuum-macos-latest.zip successfully finalized. Artifact ID 2403185824
2025-01-08T18:30:10.0368090Z Artifact coverage--continuum-macos-latest has been successfully uploaded! Final size is 27403 bytes. Artifact ID is 2403185824
2025-01-08T18:30:10.0377490Z Artifact download URL: https://github.com/tardis-sn/tardis/actions/runs/12676748325/artifacts/2403185824
2025-01-08T18:30:10.0471240Z Post job cleanup.
2025-01-08T18:30:10.0503270Z Post job cleanup.
2025-01-08T18:30:10.1815520Z Will use pre-installed micromamba at /Users/runner/micromamba-bin/micromamba
2025-01-08T18:30:10.1818940Z Removing micromamba run shell ...
2025-01-08T18:30:10.1821260Z ##[group]Deinitialize micromamba for bash
2025-01-08T18:30:10.1835140Z [command]/Users/runner/micromamba-bin/micromamba shell deinit -s bash -r /Users/runner/micromamba --log-level warning --rc-file /Users/runner/work/_temp/setup-micromamba/.condarc
2025-01-08T18:30:10.1996690Z Resetting RC file "/Users/runner/.bash_profile"
2025-01-08T18:30:10.1997150Z Deleting config for root prefix 
2025-01-08T18:30:10.1997670Z Clearing mamba executable environment variable
2025-01-08T18:30:10.1998640Z Removing the following in your "/Users/runner/.bash_profile" file
2025-01-08T18:30:10.2000460Z # >>> mamba initialize >>>
2025-01-08T18:30:10.2000620Z ...
2025-01-08T18:30:10.2000780Z # <<< mamba initialize <<<
2025-01-08T18:30:10.2022700Z Removing environment tardis from auto-activate bash ...
2025-01-08T18:30:10.2117150Z Post job cleanup.
2025-01-08T18:30:10.2393980Z Post job cleanup.
2025-01-08T18:30:10.3361410Z [command]/opt/homebrew/bin/git version
2025-01-08T18:30:10.3661550Z git version 2.47.1
2025-01-08T18:30:10.3772560Z Copying '/Users/runner/.gitconfig' to '/Users/runner/work/_temp/5992bc45-643f-4f17-8488-a88c104c5231/.gitconfig'
2025-01-08T18:30:10.3781840Z Temporarily overriding HOME='/Users/runner/work/_temp/5992bc45-643f-4f17-8488-a88c104c5231' before making global git config changes
2025-01-08T18:30:10.3785330Z Adding repository directory to the temporary git global config as a safe directory
2025-01-08T18:30:10.3799790Z [command]/opt/homebrew/bin/git config --global --add safe.directory /Users/runner/work/tardis/tardis/tardis-regression-data
2025-01-08T18:30:10.3842550Z [command]/opt/homebrew/bin/git config --local --name-only --get-regexp core\.sshCommand
2025-01-08T18:30:10.3926280Z [command]/opt/homebrew/bin/git submodule foreach --recursive sh -c "git config --local --name-only --get-regexp 'core\.sshCommand' && git config --local --unset-all 'core.sshCommand' || :"
2025-01-08T18:30:10.5868380Z [command]/opt/homebrew/bin/git config --local --name-only --get-regexp http\.https\:\/\/github\.com\/\.extraheader
2025-01-08T18:30:10.5869370Z http.https://github.com/.extraheader
2025-01-08T18:30:10.5870750Z [command]/opt/homebrew/bin/git config --local --unset-all http.https://github.com/.extraheader
2025-01-08T18:30:10.5888270Z [command]/opt/homebrew/bin/git submodule foreach --recursive sh -c "git config --local --name-only --get-regexp 'http\.https\:\/\/github\.com\/\.extraheader' && git config --local --unset-all 'http.https://github.com/.extraheader' || :"
2025-01-08T18:30:10.6645240Z Post job cleanup.
2025-01-08T18:30:10.7808700Z [command]/opt/homebrew/bin/git version
2025-01-08T18:30:10.7874940Z git version 2.47.1
2025-01-08T18:30:10.7876760Z Copying '/Users/runner/.gitconfig' to '/Users/runner/work/_temp/f3d3b24a-583a-40fc-9306-688c9032dd54/.gitconfig'
2025-01-08T18:30:10.7878140Z Temporarily overriding HOME='/Users/runner/work/_temp/f3d3b24a-583a-40fc-9306-688c9032dd54' before making global git config changes
2025-01-08T18:30:10.7878920Z Adding repository directory to the temporary git global config as a safe directory
2025-01-08T18:30:10.7879710Z [command]/opt/homebrew/bin/git config --global --add safe.directory /Users/runner/work/tardis/tardis
2025-01-08T18:30:10.7946550Z [command]/opt/homebrew/bin/git config --local --name-only --get-regexp core\.sshCommand
2025-01-08T18:30:10.7948110Z [command]/opt/homebrew/bin/git submodule foreach --recursive sh -c "git config --local --name-only --get-regexp 'core\.sshCommand' && git config --local --unset-all 'core.sshCommand' || :"
2025-01-08T18:30:10.8491740Z [command]/opt/homebrew/bin/git config --local --name-only --get-regexp http\.https\:\/\/github\.com\/\.extraheader
2025-01-08T18:30:10.8527430Z http.https://github.com/.extraheader
2025-01-08T18:30:10.8535730Z [command]/opt/homebrew/bin/git config --local --unset-all http.https://github.com/.extraheader
2025-01-08T18:30:10.8584760Z [command]/opt/homebrew/bin/git submodule foreach --recursive sh -c "git config --local --name-only --get-regexp 'http\.https\:\/\/github\.com\/\.extraheader' && git config --local --unset-all 'http.https://github.com/.extraheader' || :"
2025-01-08T18:30:10.9176110Z Cleaning up orphan processes
