2025-01-13T20:00:27.0870897Z Requested labels: macos-latest
2025-01-13T20:00:27.0871122Z Job defined at: tardis-sn/tardis/.github/workflows/tests.yml@refs/pull/2942/merge
2025-01-13T20:00:27.0871197Z Waiting for a runner to pick up this job...
2025-01-13T20:00:27.2746244Z Job is waiting for a hosted runner to come online.
2025-01-13T20:00:30.3447344Z Job is about to start running on the hosted runner: GitHub Actions 20 (hosted)
2025-01-13T20:00:31.6420090Z Current runner version: '2.321.0'
2025-01-13T20:00:31.6440180Z ##[group]Operating System
2025-01-13T20:00:31.6440620Z macOS
2025-01-13T20:00:31.6440910Z 14.7.2
2025-01-13T20:00:31.6441190Z 23H311
2025-01-13T20:00:31.6441490Z ##[endgroup]
2025-01-13T20:00:31.6441800Z ##[group]Runner Image
2025-01-13T20:00:31.6442140Z Image: macos-14-arm64
2025-01-13T20:00:31.6442450Z Version: 20250106.725
2025-01-13T20:00:31.6443100Z Included Software: https://github.com/actions/runner-images/blob/macos-14-arm64/20250106.725/images/macos/macos-14-arm64-Readme.md
2025-01-13T20:00:31.6444000Z Image Release: https://github.com/actions/runner-images/releases/tag/macos-14-arm64%2F20250106.725
2025-01-13T20:00:31.6444570Z ##[endgroup]
2025-01-13T20:00:31.6444870Z ##[group]Runner Image Provisioner
2025-01-13T20:00:31.6445270Z 2.0.404.1+573eac7f0cc07d6bb82d8b9bf5e1ffa69a554644
2025-01-13T20:00:31.6445660Z ##[endgroup]
2025-01-13T20:00:31.6446940Z ##[group]GITHUB_TOKEN Permissions
2025-01-13T20:00:31.6447920Z Actions: read
2025-01-13T20:00:31.6448230Z Attestations: read
2025-01-13T20:00:31.6448530Z Checks: read
2025-01-13T20:00:31.6448810Z Contents: read
2025-01-13T20:00:31.6449100Z Deployments: read
2025-01-13T20:00:31.6449410Z Discussions: read
2025-01-13T20:00:31.6449700Z Issues: read
2025-01-13T20:00:31.6449990Z Metadata: read
2025-01-13T20:00:31.6450280Z Packages: read
2025-01-13T20:00:31.6450560Z Pages: read
2025-01-13T20:00:31.6450850Z PullRequests: read
2025-01-13T20:00:31.6451160Z RepositoryProjects: read
2025-01-13T20:00:31.6451480Z SecurityEvents: read
2025-01-13T20:00:31.6451780Z Statuses: read
2025-01-13T20:00:31.6452080Z ##[endgroup]
2025-01-13T20:00:31.6454020Z Secret source: None
2025-01-13T20:00:31.6454440Z Prepare workflow directory
2025-01-13T20:00:31.6786750Z Prepare all required actions
2025-01-13T20:00:31.6811920Z Getting action download info
2025-01-13T20:00:31.8469750Z Download action repository 'actions/checkout@v4' (SHA:11bd71901bbe5b1630ceea73d27597364c9af683)
2025-01-13T20:00:32.1186430Z Download action repository 'actions/upload-artifact@v4' (SHA:65c4c4a1ddee5b72f698fdd19549f0f0fb45cf08)
2025-01-13T20:00:33.3847690Z Complete job name:  continuum macos-latest 
2025-01-13T20:00:33.4233940Z ##[group]Run actions/checkout@v4
2025-01-13T20:00:33.4234450Z with:
2025-01-13T20:00:33.4234740Z   repository: tardis-sn/tardis
2025-01-13T20:00:33.4235180Z   token: ***
2025-01-13T20:00:33.4235450Z   ssh-strict: true
2025-01-13T20:00:33.4235740Z   ssh-user: git
2025-01-13T20:00:33.4236030Z   persist-credentials: true
2025-01-13T20:00:33.4236360Z   clean: true
2025-01-13T20:00:33.4236650Z   sparse-checkout-cone-mode: true
2025-01-13T20:00:33.4237000Z   fetch-depth: 1
2025-01-13T20:00:33.4237290Z   fetch-tags: false
2025-01-13T20:00:33.4237580Z   show-progress: true
2025-01-13T20:00:33.4237880Z   lfs: false
2025-01-13T20:00:33.4238190Z   submodules: false
2025-01-13T20:00:33.4238490Z   set-safe-directory: true
2025-01-13T20:00:33.4238900Z env:
2025-01-13T20:00:33.4239170Z   CACHE_NUMBER: 0
2025-01-13T20:00:33.4239980Z   PYTEST_FLAGS: --tardis-regression-data=/Users/runner/work/tardis/tardis/tardis-regression-data --cov=tardis --cov-report=xml --cov-report=html --cov-append
2025-01-13T20:00:33.4240870Z   CODECOV_TOKEN: 
2025-01-13T20:00:33.4241160Z ##[endgroup]
2025-01-13T20:00:33.7093260Z Syncing repository: tardis-sn/tardis
2025-01-13T20:00:33.7094640Z ##[group]Getting Git version info
2025-01-13T20:00:33.7095130Z Working directory is '/Users/runner/work/tardis/tardis'
2025-01-13T20:00:33.7095980Z [command]/opt/homebrew/bin/git version
2025-01-13T20:00:33.7582750Z git version 2.47.1
2025-01-13T20:00:33.7607650Z ##[endgroup]
2025-01-13T20:00:33.7614510Z Copying '/Users/runner/.gitconfig' to '/Users/runner/work/_temp/3ff9c859-a531-46a4-a604-bb92dc54ec76/.gitconfig'
2025-01-13T20:00:33.7621330Z Temporarily overriding HOME='/Users/runner/work/_temp/3ff9c859-a531-46a4-a604-bb92dc54ec76' before making global git config changes
2025-01-13T20:00:33.7622370Z Adding repository directory to the temporary git global config as a safe directory
2025-01-13T20:00:33.7624990Z [command]/opt/homebrew/bin/git config --global --add safe.directory /Users/runner/work/tardis/tardis
2025-01-13T20:00:33.7713330Z Deleting the contents of '/Users/runner/work/tardis/tardis'
2025-01-13T20:00:33.7727530Z ##[group]Initializing the repository
2025-01-13T20:00:33.7728780Z [command]/opt/homebrew/bin/git init /Users/runner/work/tardis/tardis
2025-01-13T20:00:33.7906490Z hint: Using 'master' as the name for the initial branch. This default branch name
2025-01-13T20:00:33.7907960Z hint: is subject to change. To configure the initial branch name to use in all
2025-01-13T20:00:33.7908840Z hint: of your new repositories, which will suppress this warning, call:
2025-01-13T20:00:33.7909390Z hint:
2025-01-13T20:00:33.7909820Z hint: 	git config --global init.defaultBranch <name>
2025-01-13T20:00:33.7910300Z hint:
2025-01-13T20:00:33.7910760Z hint: Names commonly chosen instead of 'master' are 'main', 'trunk' and
2025-01-13T20:00:33.7911470Z hint: 'development'. The just-created branch can be renamed via this command:
2025-01-13T20:00:33.7912060Z hint:
2025-01-13T20:00:33.7912390Z hint: 	git branch -m <name>
2025-01-13T20:00:33.7912910Z Initialized empty Git repository in /Users/runner/work/tardis/tardis/.git/
2025-01-13T20:00:33.7918100Z [command]/opt/homebrew/bin/git remote add origin https://github.com/tardis-sn/tardis
2025-01-13T20:00:33.7987630Z ##[endgroup]
2025-01-13T20:00:33.7988260Z ##[group]Disabling automatic garbage collection
2025-01-13T20:00:33.7989900Z [command]/opt/homebrew/bin/git config --local gc.auto 0
2025-01-13T20:00:33.8041120Z ##[endgroup]
2025-01-13T20:00:33.8041830Z ##[group]Setting up auth
2025-01-13T20:00:33.8045450Z [command]/opt/homebrew/bin/git config --local --name-only --get-regexp core\.sshCommand
2025-01-13T20:00:33.8093960Z [command]/opt/homebrew/bin/git submodule foreach --recursive sh -c "git config --local --name-only --get-regexp 'core\.sshCommand' && git config --local --unset-all 'core.sshCommand' || :"
2025-01-13T20:00:33.8769270Z [command]/opt/homebrew/bin/git config --local --name-only --get-regexp http\.https\:\/\/github\.com\/\.extraheader
2025-01-13T20:00:33.8816130Z [command]/opt/homebrew/bin/git submodule foreach --recursive sh -c "git config --local --name-only --get-regexp 'http\.https\:\/\/github\.com\/\.extraheader' && git config --local --unset-all 'http.https://github.com/.extraheader' || :"
2025-01-13T20:00:33.9321970Z [command]/opt/homebrew/bin/git config --local http.https://github.com/.extraheader AUTHORIZATION: basic ***
2025-01-13T20:00:33.9398940Z ##[endgroup]
2025-01-13T20:00:33.9399890Z ##[group]Fetching the repository
2025-01-13T20:00:33.9406920Z [command]/opt/homebrew/bin/git -c protocol.version=2 fetch --no-tags --prune --no-recurse-submodules --depth=1 origin +194cf02eb69d542bf9cf78b6cde64ce1c94a8eac:refs/remotes/pull/2942/merge
2025-01-13T20:00:35.6264800Z From https://github.com/tardis-sn/tardis
2025-01-13T20:00:35.6266240Z  * [new ref]         194cf02eb69d542bf9cf78b6cde64ce1c94a8eac -> pull/2942/merge
2025-01-13T20:00:35.6350730Z ##[endgroup]
2025-01-13T20:00:35.6351450Z ##[group]Determining the checkout info
2025-01-13T20:00:35.6352200Z ##[endgroup]
2025-01-13T20:00:35.6354350Z [command]/opt/homebrew/bin/git sparse-checkout disable
2025-01-13T20:00:35.6415930Z [command]/opt/homebrew/bin/git config --local --unset-all extensions.worktreeConfig
2025-01-13T20:00:35.6456870Z ##[group]Checking out the ref
2025-01-13T20:00:35.6459020Z [command]/opt/homebrew/bin/git checkout --progress --force refs/remotes/pull/2942/merge
2025-01-13T20:00:35.8418610Z HEAD is now at 194cf02 Merge 6f7c6047dc04885e976989c001ddff546e7a3c25 into b4bc6ac32afba1ed86870074cd69db14d7845052
2025-01-13T20:00:35.8427360Z ##[endgroup]
2025-01-13T20:00:35.8481040Z [command]/opt/homebrew/bin/git log -1 --format=%H
2025-01-13T20:00:35.8521090Z 194cf02eb69d542bf9cf78b6cde64ce1c94a8eac
2025-01-13T20:00:35.8783840Z Prepare all required actions
2025-01-13T20:00:35.8784840Z Getting action download info
2025-01-13T20:00:36.0324810Z Download action repository 'actions/cache@v4' (SHA:1bd1e32a3bdc45362d1e726936510720a7c30a57)
2025-01-13T20:00:36.1324260Z ##[group]Run ./.github/actions/setup_lfs
2025-01-13T20:00:36.1324930Z with:
2025-01-13T20:00:36.1325540Z   regression-data-repo: tardis-sn/tardis-regression-data
2025-01-13T20:00:36.1326270Z env:
2025-01-13T20:00:36.1326720Z   CACHE_NUMBER: 0
2025-01-13T20:00:36.1328130Z   PYTEST_FLAGS: --tardis-regression-data=/Users/runner/work/tardis/tardis/tardis-regression-data --cov=tardis --cov-report=xml --cov-report=html --cov-append
2025-01-13T20:00:36.1329650Z   CODECOV_TOKEN: 
2025-01-13T20:00:36.1330160Z ##[endgroup]
2025-01-13T20:00:36.1456960Z ##[group]Run actions/checkout@v4
2025-01-13T20:00:36.1457550Z with:
2025-01-13T20:00:36.1458060Z   repository: tardis-sn/tardis-regression-data
2025-01-13T20:00:36.1458770Z   path: tardis-regression-data
2025-01-13T20:00:36.1459490Z   token: ***
2025-01-13T20:00:36.1459970Z   ssh-strict: true
2025-01-13T20:00:36.1460460Z   ssh-user: git
2025-01-13T20:00:36.1460950Z   persist-credentials: true
2025-01-13T20:00:36.1461520Z   clean: true
2025-01-13T20:00:36.1462020Z   sparse-checkout-cone-mode: true
2025-01-13T20:00:36.1462600Z   fetch-depth: 1
2025-01-13T20:00:36.1463080Z   fetch-tags: false
2025-01-13T20:00:36.1463570Z   show-progress: true
2025-01-13T20:00:36.1464060Z   lfs: false
2025-01-13T20:00:36.1464530Z   submodules: false
2025-01-13T20:00:36.1465030Z   set-safe-directory: true
2025-01-13T20:00:36.1465560Z env:
2025-01-13T20:00:36.1465990Z   CACHE_NUMBER: 0
2025-01-13T20:00:36.1467330Z   PYTEST_FLAGS: --tardis-regression-data=/Users/runner/work/tardis/tardis/tardis-regression-data --cov=tardis --cov-report=xml --cov-report=html --cov-append
2025-01-13T20:00:36.1468880Z   CODECOV_TOKEN: 
2025-01-13T20:00:36.1469350Z ##[endgroup]
2025-01-13T20:00:36.2207480Z Syncing repository: tardis-sn/tardis-regression-data
2025-01-13T20:00:36.2209690Z ##[group]Getting Git version info
2025-01-13T20:00:36.2210690Z Working directory is '/Users/runner/work/tardis/tardis/tardis-regression-data'
2025-01-13T20:00:36.2238480Z [command]/opt/homebrew/bin/git version
2025-01-13T20:00:36.2278510Z git version 2.47.1
2025-01-13T20:00:36.2291880Z ##[endgroup]
2025-01-13T20:00:36.2296530Z Copying '/Users/runner/.gitconfig' to '/Users/runner/work/_temp/aab987f0-733b-4223-a19c-43653982c0ce/.gitconfig'
2025-01-13T20:00:36.2303500Z Temporarily overriding HOME='/Users/runner/work/_temp/aab987f0-733b-4223-a19c-43653982c0ce' before making global git config changes
2025-01-13T20:00:36.2305260Z Adding repository directory to the temporary git global config as a safe directory
2025-01-13T20:00:36.2306900Z [command]/opt/homebrew/bin/git config --global --add safe.directory /Users/runner/work/tardis/tardis/tardis-regression-data
2025-01-13T20:00:36.2343740Z ##[group]Initializing the repository
2025-01-13T20:00:36.2346730Z [command]/opt/homebrew/bin/git init /Users/runner/work/tardis/tardis/tardis-regression-data
2025-01-13T20:00:36.2408310Z hint: Using 'master' as the name for the initial branch. This default branch name
2025-01-13T20:00:36.2410020Z hint: is subject to change. To configure the initial branch name to use in all
2025-01-13T20:00:36.2411530Z hint: of your new repositories, which will suppress this warning, call:
2025-01-13T20:00:36.2412510Z hint:
2025-01-13T20:00:36.2413160Z hint: 	git config --global init.defaultBranch <name>
2025-01-13T20:00:36.2413920Z hint:
2025-01-13T20:00:36.2414650Z hint: Names commonly chosen instead of 'master' are 'main', 'trunk' and
2025-01-13T20:00:36.2415750Z hint: 'development'. The just-created branch can be renamed via this command:
2025-01-13T20:00:36.2416650Z hint:
2025-01-13T20:00:36.2417170Z hint: 	git branch -m <name>
2025-01-13T20:00:36.2418200Z Initialized empty Git repository in /Users/runner/work/tardis/tardis/tardis-regression-data/.git/
2025-01-13T20:00:36.2421000Z [command]/opt/homebrew/bin/git remote add origin https://github.com/tardis-sn/tardis-regression-data
2025-01-13T20:00:36.2456950Z ##[endgroup]
2025-01-13T20:00:36.2457890Z ##[group]Disabling automatic garbage collection
2025-01-13T20:00:36.2459330Z [command]/opt/homebrew/bin/git config --local gc.auto 0
2025-01-13T20:00:36.2493660Z ##[endgroup]
2025-01-13T20:00:36.2494500Z ##[group]Setting up auth
2025-01-13T20:00:36.2497060Z [command]/opt/homebrew/bin/git config --local --name-only --get-regexp core\.sshCommand
2025-01-13T20:00:36.2531270Z [command]/opt/homebrew/bin/git submodule foreach --recursive sh -c "git config --local --name-only --get-regexp 'core\.sshCommand' && git config --local --unset-all 'core.sshCommand' || :"
2025-01-13T20:00:36.3973650Z [command]/opt/homebrew/bin/git config --local --name-only --get-regexp http\.https\:\/\/github\.com\/\.extraheader
2025-01-13T20:00:36.4289580Z [command]/opt/homebrew/bin/git submodule foreach --recursive sh -c "git config --local --name-only --get-regexp 'http\.https\:\/\/github\.com\/\.extraheader' && git config --local --unset-all 'http.https://github.com/.extraheader' || :"
2025-01-13T20:00:36.4995870Z [command]/opt/homebrew/bin/git config --local http.https://github.com/.extraheader AUTHORIZATION: basic ***
2025-01-13T20:00:36.5059020Z ##[endgroup]
2025-01-13T20:00:36.5078630Z ##[group]Determining the default branch
2025-01-13T20:00:36.5097340Z Retrieving the default branch name
2025-01-13T20:00:36.8740240Z Default branch 'main'
2025-01-13T20:00:36.8766560Z ##[endgroup]
2025-01-13T20:00:36.8776900Z ##[group]Fetching the repository
2025-01-13T20:00:36.8779800Z [command]/opt/homebrew/bin/git -c protocol.version=2 fetch --no-tags --prune --no-recurse-submodules --depth=1 origin +refs/heads/main:refs/remotes/origin/main
2025-01-13T20:00:37.9535640Z From https://github.com/tardis-sn/tardis-regression-data
2025-01-13T20:00:37.9636890Z  * [new branch]      main       -> origin/main
2025-01-13T20:00:37.9939680Z ##[endgroup]
2025-01-13T20:00:38.0146460Z ##[group]Determining the checkout info
2025-01-13T20:00:38.0248170Z ##[endgroup]
2025-01-13T20:00:38.0248450Z [command]/opt/homebrew/bin/git sparse-checkout disable
2025-01-13T20:00:38.0549890Z [command]/opt/homebrew/bin/git config --local --unset-all extensions.worktreeConfig
2025-01-13T20:00:38.0852950Z ##[group]Checking out the ref
2025-01-13T20:00:38.0954790Z [command]/opt/homebrew/bin/git checkout --progress --force -B main refs/remotes/origin/main
2025-01-13T20:00:38.2359840Z Switched to a new branch 'main'
2025-01-13T20:00:38.2460870Z branch 'main' set up to track 'origin/main'.
2025-01-13T20:00:38.3293910Z ##[endgroup]
2025-01-13T20:00:38.3359370Z [command]/opt/homebrew/bin/git log -1 --format=%H
2025-01-13T20:00:38.3395650Z fa7729bc9c30e14b69acd641af8b692b56fcd416
2025-01-13T20:00:38.3474810Z ##[group]Run git lfs ls-files -l | cut -d' ' -f1 | sort > .lfs-assets-id
2025-01-13T20:00:38.3475220Z [36;1mgit lfs ls-files -l | cut -d' ' -f1 | sort > .lfs-assets-id[0m
2025-01-13T20:00:38.3532100Z shell: /bin/bash --noprofile --norc -e -o pipefail {0}
2025-01-13T20:00:38.3532340Z env:
2025-01-13T20:00:38.3532450Z   CACHE_NUMBER: 0
2025-01-13T20:00:38.3532900Z   PYTEST_FLAGS: --tardis-regression-data=/Users/runner/work/tardis/tardis/tardis-regression-data --cov=tardis --cov-report=xml --cov-report=html --cov-append
2025-01-13T20:00:38.3533370Z   CODECOV_TOKEN: 
2025-01-13T20:00:38.3533490Z ##[endgroup]
2025-01-13T20:00:38.5533520Z ##[group]Run actions/cache/restore@v4
2025-01-13T20:00:38.5533690Z with:
2025-01-13T20:00:38.5533840Z   path: tardis-regression-data/.git/lfs
2025-01-13T20:00:38.5534170Z   key: macOS-lfs-21f9fa4b6817cc69b9fae3598144724da7828e276a73bd17f47a2a49d9af090a-v1
2025-01-13T20:00:38.5534470Z   enableCrossOsArchive: false
2025-01-13T20:00:38.5534650Z   fail-on-cache-miss: false
2025-01-13T20:00:38.5534800Z   lookup-only: false
2025-01-13T20:00:38.5534940Z env:
2025-01-13T20:00:38.5535060Z   CACHE_NUMBER: 0
2025-01-13T20:00:38.5535750Z   PYTEST_FLAGS: --tardis-regression-data=/Users/runner/work/tardis/tardis/tardis-regression-data --cov=tardis --cov-report=xml --cov-report=html --cov-append
2025-01-13T20:00:38.5536220Z   CODECOV_TOKEN: 
2025-01-13T20:00:38.5536360Z ##[endgroup]
2025-01-13T20:00:40.0665410Z Received 50331648 of 1706796060 (2.9%), 48.0 MBs/sec
2025-01-13T20:00:41.0675230Z Received 121634816 of 1706796060 (7.1%), 57.9 MBs/sec
2025-01-13T20:00:42.0676020Z Received 201326592 of 1706796060 (11.8%), 63.9 MBs/sec
2025-01-13T20:00:43.0680720Z Received 260046848 of 1706796060 (15.2%), 62.0 MBs/sec
2025-01-13T20:00:44.0685210Z Received 343932928 of 1706796060 (20.2%), 65.5 MBs/sec
2025-01-13T20:00:45.0690860Z Received 419430400 of 1706796060 (24.6%), 66.6 MBs/sec
2025-01-13T20:00:46.0695710Z Received 499122176 of 1706796060 (29.2%), 68.0 MBs/sec
2025-01-13T20:00:47.0701440Z Received 578813952 of 1706796060 (33.9%), 69.0 MBs/sec
2025-01-13T20:00:48.0708500Z Received 658505728 of 1706796060 (38.6%), 69.7 MBs/sec
2025-01-13T20:00:49.0714420Z Received 738197504 of 1706796060 (43.3%), 70.4 MBs/sec
2025-01-13T20:00:50.0750790Z Received 817889280 of 1706796060 (47.9%), 70.9 MBs/sec
2025-01-13T20:00:51.0719530Z Received 910163968 of 1706796060 (53.3%), 72.3 MBs/sec
2025-01-13T20:00:52.0731780Z Received 998244352 of 1706796060 (58.5%), 73.2 MBs/sec
2025-01-13T20:00:53.0730560Z Received 1090519040 of 1706796060 (63.9%), 74.2 MBs/sec
2025-01-13T20:00:54.0736660Z Received 1170210816 of 1706796060 (68.6%), 74.4 MBs/sec
2025-01-13T20:00:55.0740030Z Received 1245708288 of 1706796060 (73.0%), 74.2 MBs/sec
2025-01-13T20:00:56.0752540Z Received 1329594368 of 1706796060 (77.9%), 74.5 MBs/sec
2025-01-13T20:00:57.0751170Z Received 1413480448 of 1706796060 (82.8%), 74.8 MBs/sec
2025-01-13T20:00:58.0758610Z Received 1480589312 of 1706796060 (86.7%), 74.3 MBs/sec
2025-01-13T20:00:59.0767190Z Received 1560281088 of 1706796060 (91.4%), 74.4 MBs/sec
2025-01-13T20:01:00.0776100Z Received 1631584256 of 1706796060 (95.6%), 74.1 MBs/sec
2025-01-13T20:01:01.0821520Z Received 1706796060 of 1706796060 (100.0%), 73.9 MBs/sec
2025-01-13T20:01:01.4354080Z Cache Size: ~1628 MB (1706796060 B)
2025-01-13T20:01:01.4439830Z [command]/opt/homebrew/bin/gtar -xf /Users/runner/work/_temp/6c5bf041-0200-4241-91b0-a982aefc9213/cache.tzst -P -C /Users/runner/work/tardis/tardis --delay-directory-restore --use-compress-program unzstd
2025-01-13T20:01:06.8939120Z Cache restored successfully
2025-01-13T20:01:06.9800370Z Cache restored from key: macOS-lfs-21f9fa4b6817cc69b9fae3598144724da7828e276a73bd17f47a2a49d9af090a-v1
2025-01-13T20:01:06.9996080Z ##[group]Run git lfs checkout
2025-01-13T20:01:06.9996620Z [36;1mgit lfs checkout[0m
2025-01-13T20:01:07.0084550Z shell: /bin/bash --noprofile --norc -e -o pipefail {0}
2025-01-13T20:01:07.0084870Z env:
2025-01-13T20:01:07.0085200Z   CACHE_NUMBER: 0
2025-01-13T20:01:07.0085730Z   PYTEST_FLAGS: --tardis-regression-data=/Users/runner/work/tardis/tardis/tardis-regression-data --cov=tardis --cov-report=xml --cov-report=html --cov-append
2025-01-13T20:01:07.0086300Z   CODECOV_TOKEN: 
2025-01-13T20:01:07.0086610Z ##[endgroup]
2025-01-13T20:01:13.6169470Z Checking out LFS objects: 100% (204/204), 3.5 GB | 374 MB/s, done.
2025-01-13T20:01:19.4097690Z Prepare all required actions
2025-01-13T20:01:19.4098230Z Getting action download info
2025-01-13T20:01:19.7615000Z Download action repository 'mamba-org/setup-micromamba@v1' (SHA:4b9113af4fba0e9e1124b252dd6497a419e7396d)
2025-01-13T20:01:20.9807170Z ##[group]Run ./.github/actions/setup_env
2025-01-13T20:01:20.9807480Z with:
2025-01-13T20:01:20.9807690Z   os-label: osx-arm64
2025-01-13T20:01:20.9807930Z env:
2025-01-13T20:01:20.9808210Z   CACHE_NUMBER: 0
2025-01-13T20:01:20.9808810Z   PYTEST_FLAGS: --tardis-regression-data=/Users/runner/work/tardis/tardis/tardis-regression-data --cov=tardis --cov-report=xml --cov-report=html --cov-append
2025-01-13T20:01:20.9809390Z   CODECOV_TOKEN: 
2025-01-13T20:01:20.9809580Z ##[endgroup]
2025-01-13T20:01:20.9864340Z ##[group]Run file_hash=$(cat conda-osx-arm64.lock | shasum -a 256 | cut -d' ' -f1)
2025-01-13T20:01:20.9865540Z [36;1mfile_hash=$(cat conda-osx-arm64.lock | shasum -a 256 | cut -d' ' -f1)[0m
2025-01-13T20:01:20.9866550Z [36;1mecho "file_hash=$file_hash" >> "${GITHUB_OUTPUT}"[0m
2025-01-13T20:01:20.9986470Z shell: /bin/bash --noprofile --norc -e -o pipefail {0}
2025-01-13T20:01:20.9988530Z env:
2025-01-13T20:01:20.9988930Z   CACHE_NUMBER: 0
2025-01-13T20:01:20.9990310Z   PYTEST_FLAGS: --tardis-regression-data=/Users/runner/work/tardis/tardis/tardis-regression-data --cov=tardis --cov-report=xml --cov-report=html --cov-append
2025-01-13T20:01:20.9991760Z   CODECOV_TOKEN: 
2025-01-13T20:01:20.9992190Z ##[endgroup]
2025-01-13T20:01:21.1032520Z ##[group]Run mamba-org/setup-micromamba@v1
2025-01-13T20:01:21.1032770Z with:
2025-01-13T20:01:21.1032930Z   environment-file: conda-osx-arm64.lock
2025-01-13T20:01:21.1033300Z   cache-environment-key: bf0d0a4d4c847cca72476c6c68c493d56c484aada7e80de0e42c7607fcef5824
2025-01-13T20:01:21.1033780Z   cache-downloads-key: bf0d0a4d4c847cca72476c6c68c493d56c484aada7e80de0e42c7607fcef5824
2025-01-13T20:01:21.1034120Z   environment-name: tardis
2025-01-13T20:01:21.1034300Z   cache-environment: true
2025-01-13T20:01:21.1034540Z   cache-downloads: true
2025-01-13T20:01:21.1034720Z env:
2025-01-13T20:01:21.1034850Z   CACHE_NUMBER: 0
2025-01-13T20:01:21.1035380Z   PYTEST_FLAGS: --tardis-regression-data=/Users/runner/work/tardis/tardis/tardis-regression-data --cov=tardis --cov-report=xml --cov-report=html --cov-append
2025-01-13T20:01:21.1035890Z   CODECOV_TOKEN: 
2025-01-13T20:01:21.1036040Z ##[endgroup]
2025-01-13T20:01:21.3938330Z Will download micromamba to /Users/runner/micromamba-bin/micromamba
2025-01-13T20:01:21.3942600Z ##[group]Install micromamba
2025-01-13T20:01:21.9951690Z micromamba installed to /Users/runner/micromamba-bin/micromamba
2025-01-13T20:01:21.9952170Z ##[endgroup]
2025-01-13T20:01:21.9952480Z Adding conda-forge to condarc channels ...
2025-01-13T20:01:21.9959110Z ##[group]Initialize micromamba for bash.
2025-01-13T20:01:21.9969610Z [command]/Users/runner/micromamba-bin/micromamba shell init -s bash -r /Users/runner/micromamba --log-level warning --rc-file /Users/runner/work/_temp/setup-micromamba/.condarc
2025-01-13T20:01:22.0161340Z Modifying RC file "/Users/runner/.bash_profile"
2025-01-13T20:01:22.0163820Z Generating config for root prefix [1m"/Users/runner/micromamba"[0m
2025-01-13T20:01:22.0165600Z Setting mamba executable to: [1m"/Users/runner/micromamba-bin/micromamba"[0m
2025-01-13T20:01:22.0166210Z Adding (or replacing) the following in your "/Users/runner/.bash_profile" file
2025-01-13T20:01:22.0166450Z 
2025-01-13T20:01:22.0166620Z # >>> mamba initialize >>>
2025-01-13T20:01:22.0166940Z # !! Contents within this block are managed by 'mamba init' !!
2025-01-13T20:01:22.0178200Z export MAMBA_EXE='/Users/runner/micromamba-bin/micromamba';
2025-01-13T20:01:22.0178550Z export MAMBA_ROOT_PREFIX='/Users/runner/micromamba';
2025-01-13T20:01:22.0178990Z __mamba_setup="$("$MAMBA_EXE" shell hook --shell bash --root-prefix "$MAMBA_ROOT_PREFIX" 2> /dev/null)"
2025-01-13T20:01:22.0179380Z if [ $? -eq 0 ]; then
2025-01-13T20:01:22.0179550Z     eval "$__mamba_setup"
2025-01-13T20:01:22.0180410Z else
2025-01-13T20:01:22.0180690Z     alias micromamba="$MAMBA_EXE"  # Fallback on help from mamba activate
2025-01-13T20:01:22.0181040Z fi
2025-01-13T20:01:22.0181160Z unset __mamba_setup
2025-01-13T20:01:22.0181310Z # <<< mamba initialize <<<
2025-01-13T20:01:22.0181440Z 
2025-01-13T20:01:22.0181700Z ##[endgroup]
2025-01-13T20:01:22.0182980Z ##[group]Restoring downloads from `/Users/runner/micromamba/pkgs` ...
2025-01-13T20:01:23.3800820Z Received 37748736 of 310595873 (12.2%), 36.0 MBs/sec
2025-01-13T20:01:24.3807140Z Received 121634816 of 310595873 (39.2%), 57.9 MBs/sec
2025-01-13T20:01:25.3809060Z Received 176160768 of 310595873 (56.7%), 56.0 MBs/sec
2025-01-13T20:01:26.3864060Z Received 281235745 of 310595873 (90.5%), 67.0 MBs/sec
2025-01-13T20:01:26.9631730Z Cache Size: ~296 MB (310595873 B)
2025-01-13T20:01:26.9658780Z [command]/opt/homebrew/bin/gtar -xf /Users/runner/work/_temp/e7cbfd77-9c5d-428e-b6d6-7361d80eb85e/cache.tzst -P -C /Users/runner/work/tardis/tardis --delay-directory-restore --use-compress-program unzstd
2025-01-13T20:01:27.3879950Z Received 310595873 of 310595873 (100.0%), 59.1 MBs/sec
2025-01-13T20:01:27.4472120Z Cache restored successfully
2025-01-13T20:01:27.4522880Z Restored cache with key `bf0d0a4d4c847cca72476c6c68c493d56c484aada7e80de0e42c7607fcef5824-osx-arm64`
2025-01-13T20:01:27.4526040Z ##[endgroup]
2025-01-13T20:01:27.4561940Z ##[group]Restoring environment `tardis` from `/Users/runner/micromamba/envs/tardis` ...
2025-01-13T20:01:28.8340480Z Received 4194304 of 385775710 (1.1%), 4.0 MBs/sec
2025-01-13T20:01:29.8363020Z Received 29360128 of 385775710 (7.6%), 14.0 MBs/sec
2025-01-13T20:01:30.8387470Z Received 62914560 of 385775710 (16.3%), 20.0 MBs/sec
2025-01-13T20:01:31.8408450Z Received 109051904 of 385775710 (28.3%), 26.0 MBs/sec
2025-01-13T20:01:32.8406160Z Received 155189248 of 385775710 (40.2%), 29.6 MBs/sec
2025-01-13T20:01:33.8445390Z Received 209715200 of 385775710 (54.4%), 33.3 MBs/sec
2025-01-13T20:01:34.8449530Z Received 264241152 of 385775710 (68.5%), 35.9 MBs/sec
2025-01-13T20:01:35.8472080Z Received 318767104 of 385775710 (82.6%), 37.9 MBs/sec
2025-01-13T20:01:36.8480180Z Received 364904448 of 385775710 (94.6%), 38.6 MBs/sec
2025-01-13T20:01:37.5996430Z Cache Size: ~368 MB (385775710 B)
2025-01-13T20:01:37.6031410Z [command]/opt/homebrew/bin/gtar -xf /Users/runner/work/_temp/f1babacf-ae8c-41c1-b90a-2f78e0153d01/cache.tzst -P -C /Users/runner/work/tardis/tardis --delay-directory-restore --use-compress-program unzstd
2025-01-13T20:01:37.8560410Z Received 385775710 of 385775710 (100.0%), 36.7 MBs/sec
2025-01-13T20:01:47.2416540Z Cache restored successfully
2025-01-13T20:01:47.2492190Z Restored cache with key `bf0d0a4d4c847cca72476c6c68c493d56c484aada7e80de0e42c7607fcef5824-osx-arm64-tardis-args-4f53cda-root-873f6fe-bin-[object Promise]-file-bf0d0a4d4c847cca72476c6c68c493d56c484aada7e80de0e42c7607fcef5824`
2025-01-13T20:01:47.2549430Z ##[endgroup]
2025-01-13T20:01:47.2549890Z Adding environment tardis to auto-activate bash ...
2025-01-13T20:01:47.2550840Z Generating micromamba run shell.
2025-01-13T20:01:47.2561740Z ##[endgroup]
2025-01-13T20:01:47.2566200Z Set environment variables.
2025-01-13T20:01:47.2567510Z ##[group]micromamba info
2025-01-13T20:01:47.2569140Z [command]/Users/runner/micromamba-bin/micromamba info -r /Users/runner/micromamba -n tardis
2025-01-13T20:01:47.7140040Z 
2025-01-13T20:01:47.7140570Z        libmamba version : 1.5.10
2025-01-13T20:01:47.7141110Z      micromamba version : 1.5.10
2025-01-13T20:01:47.7141700Z            curl version : libcurl/8.10.1 (OpenSSL/3.3.2) SecureTransport zlib/1.3.1 zstd/1.5.6 libssh2/1.11.0 nghttp2/1.58.0
2025-01-13T20:01:47.7142570Z      libarchive version : libarchive 3.7.4 zlib/1.2.13 bz2lib/1.0.8 libzstd/1.5.6
2025-01-13T20:01:47.7143090Z        envs directories : /Users/runner/micromamba/envs
2025-01-13T20:01:47.7143560Z           package cache : /Users/runner/micromamba/pkgs
2025-01-13T20:01:47.7144100Z                           /Users/runner/.mamba/pkgs
2025-01-13T20:01:47.7144560Z             environment : tardis
2025-01-13T20:01:47.7149130Z            env location : /Users/runner/micromamba/envs/tardis
2025-01-13T20:01:47.7149590Z       user config files : /Users/runner/.mambarc
2025-01-13T20:01:47.7149980Z  populated config files : /Users/runner/work/_temp/setup-micromamba/.condarc
2025-01-13T20:01:47.7150430Z        virtual packages : __unix=0=0
2025-01-13T20:01:47.7150770Z                           __osx=14.7.2=0
2025-01-13T20:01:47.7151010Z                           __archspec=1=arm64
2025-01-13T20:01:47.7151720Z                channels : https://conda.anaconda.org/conda-forge/osx-arm64
2025-01-13T20:01:47.7152110Z                           https://conda.anaconda.org/conda-forge/noarch
2025-01-13T20:01:47.7152500Z        base environment : /Users/runner/micromamba
2025-01-13T20:01:47.7152780Z                platform : osx-arm64
2025-01-13T20:01:47.7153360Z ##[endgroup]
2025-01-13T20:01:47.7153800Z ##[group]micromamba list
2025-01-13T20:01:47.7154370Z [command]/Users/runner/micromamba-bin/micromamba list -r /Users/runner/micromamba -n tardis
2025-01-13T20:01:48.1348310Z List of packages in environment: "/Users/runner/micromamba/envs/tardis"
2025-01-13T20:01:48.1351160Z 
2025-01-13T20:01:48.1351410Z   Name                           Version              Build                    Channel    
2025-01-13T20:01:48.1353220Z â”€â”€â”€â”€â”€â”€â”€â”€â”€â”€â”€â”€â”€â”€â”€â”€â”€â”€â”€â”€â”€â”€â”€â”€â”€â”€â”€â”€â”€â”€â”€â”€â”€â”€â”€â”€â”€â”€â”€â”€â”€â”€â”€â”€â”€â”€â”€â”€â”€â”€â”€â”€â”€â”€â”€â”€â”€â”€â”€â”€â”€â”€â”€â”€â”€â”€â”€â”€â”€â”€â”€â”€â”€â”€â”€â”€â”€â”€â”€â”€â”€â”€â”€â”€â”€â”€â”€â”€â”€â”€â”€â”€
2025-01-13T20:01:48.1353620Z   alabaster                      0.7.16               pyhd8ed1ab_0             conda-forge
2025-01-13T20:01:48.1354040Z   anyio                          4.4.0                pyhd8ed1ab_0             conda-forge
2025-01-13T20:01:48.1354410Z   appnope                        0.1.4                pyhd8ed1ab_0             conda-forge
2025-01-13T20:01:48.1354890Z   argon2-cffi                    23.1.0               pyhd8ed1ab_0             conda-forge
2025-01-13T20:01:48.1356220Z   argon2-cffi-bindings           21.2.0               py312h02f2b3b_4          conda-forge
2025-01-13T20:01:48.1356730Z   arrow                          1.3.0                pyhd8ed1ab_0             conda-forge
2025-01-13T20:01:48.1357160Z   astropy                        6.1.1                py312hbebd99a_0          conda-forge
2025-01-13T20:01:48.1357650Z   astropy-iers-data              0.2024.6.17.0.31.35  pyhd8ed1ab_0             conda-forge
2025-01-13T20:01:48.1358130Z   astropy-sphinx-theme           1.1                  pyhd8ed1ab_0             conda-forge
2025-01-13T20:01:48.1358530Z   asttokens                      2.4.1                pyhd8ed1ab_0             conda-forge
2025-01-13T20:01:48.1358960Z   async-lru                      2.0.4                pyhd8ed1ab_0             conda-forge
2025-01-13T20:01:48.1359290Z   atk-1.0                        2.38.0               hd03087b_2               conda-forge
2025-01-13T20:01:48.1359670Z   attrs                          23.2.0               pyh71513ae_0             conda-forge
2025-01-13T20:01:48.1360010Z   babel                          2.14.0               pyhd8ed1ab_0             conda-forge
2025-01-13T20:01:48.1360430Z   beautifulsoup4                 4.12.3               pyha770c72_0             conda-forge
2025-01-13T20:01:48.1360820Z   bleach                         6.1.0                pyhd8ed1ab_0             conda-forge
2025-01-13T20:01:48.1361240Z   blosc                          1.21.5               h9c252e8_1               conda-forge
2025-01-13T20:01:48.1362280Z   brotli                         1.1.0                hb547adb_1               conda-forge
2025-01-13T20:01:48.1362730Z   brotli-bin                     1.1.0                hb547adb_1               conda-forge
2025-01-13T20:01:48.1363100Z   brotli-python                  1.1.0                py312h9f69965_1          conda-forge
2025-01-13T20:01:48.1363560Z   bzip2                          1.0.8                h93a5062_5               conda-forge
2025-01-13T20:01:48.1363950Z   c-ares                         1.28.1               h93a5062_0               conda-forge
2025-01-13T20:01:48.1364610Z   c-blosc2                       2.14.4               ha57e6be_1               conda-forge
2025-01-13T20:01:48.1365010Z   ca-certificates                2024.6.2             hf0a4a13_0               conda-forge
2025-01-13T20:01:48.1365400Z   cached-property                1.5.2                hd8ed1ab_1               conda-forge
2025-01-13T20:01:48.1365870Z   cached_property                1.5.2                pyha770c72_1             conda-forge
2025-01-13T20:01:48.1366290Z   cairo                          1.18.0               hd1e100b_0               conda-forge
2025-01-13T20:01:48.1366850Z   certifi                        2024.6.2             pyhd8ed1ab_0             conda-forge
2025-01-13T20:01:48.1367230Z   cffi                           1.16.0               py312h8e38eb3_0          conda-forge
2025-01-13T20:01:48.1367650Z   charset-normalizer             3.3.2                pyhd8ed1ab_0             conda-forge
2025-01-13T20:01:48.1368140Z   click                          8.1.7                unix_pyh707e725_0        conda-forge
2025-01-13T20:01:48.1368560Z   codespell                      2.3.0                pyhd8ed1ab_0             conda-forge
2025-01-13T20:01:48.1369160Z   colorama                       0.4.6                pyhd8ed1ab_0             conda-forge
2025-01-13T20:01:48.1369740Z   comm                           0.2.2                pyhd8ed1ab_0             conda-forge
2025-01-13T20:01:48.1370160Z   commonmark                     0.9.1                py_0                     conda-forge
2025-01-13T20:01:48.1370540Z   contourpy                      1.2.1                py312h0fef576_0          conda-forge
2025-01-13T20:01:48.1370990Z   coverage                       7.5.3                py312h7e5086c_0          conda-forge
2025-01-13T20:01:48.1371380Z   cycler                         0.12.1               pyhd8ed1ab_0             conda-forge
2025-01-13T20:01:48.1371880Z   dataclasses                    0.8                  pyhc8e2a94_3             conda-forge
2025-01-13T20:01:48.1372310Z   debugpy                        1.8.1                py312h20a0b95_0          conda-forge
2025-01-13T20:01:48.1372740Z   decorator                      5.1.1                pyhd8ed1ab_0             conda-forge
2025-01-13T20:01:48.1373140Z   defusedxml                     0.7.1                pyhd8ed1ab_0             conda-forge
2025-01-13T20:01:48.1373630Z   docutils                       0.20.1               py312h81bd7bf_3          conda-forge
2025-01-13T20:01:48.1374010Z   dot2tex                        2.11.3               pyhd8ed1ab_0             conda-forge
2025-01-13T20:01:48.1374430Z   entrypoints                    0.4                  pyhd8ed1ab_0             conda-forge
2025-01-13T20:01:48.1374850Z   exceptiongroup                 1.2.0                pyhd8ed1ab_2             conda-forge
2025-01-13T20:01:48.1375240Z   executing                      2.0.1                pyhd8ed1ab_0             conda-forge
2025-01-13T20:01:48.1375620Z   expat                          2.6.2                hebf3989_0               conda-forge
2025-01-13T20:01:48.1376010Z   font-ttf-dejavu-sans-mono      2.37                 hab24e00_0               conda-forge
2025-01-13T20:01:48.1376450Z   font-ttf-inconsolata           3.000                h77eed37_0               conda-forge
2025-01-13T20:01:48.1376850Z   font-ttf-source-code-pro       2.038                h77eed37_0               conda-forge
2025-01-13T20:01:48.1377260Z   font-ttf-ubuntu                0.83                 h77eed37_2               conda-forge
2025-01-13T20:01:48.1377620Z   fontconfig                     2.14.2               h82840c6_0               conda-forge
2025-01-13T20:01:48.1378040Z   fonts-conda-ecosystem          1                    0                        conda-forge
2025-01-13T20:01:48.1378420Z   fonts-conda-forge              1                    0                        conda-forge
2025-01-13T20:01:48.1378830Z   fonttools                      4.53.0               py312h7e5086c_0          conda-forge
2025-01-13T20:01:48.1379430Z   fqdn                           1.5.1                pyhd8ed1ab_0             conda-forge
2025-01-13T20:01:48.1379840Z   freetype                       2.12.1               hadb7bae_2               conda-forge
2025-01-13T20:01:48.1380220Z   fribidi                        1.0.10               h27ca646_0               conda-forge
2025-01-13T20:01:48.1380630Z   future                         1.0.0                pyhd8ed1ab_0             conda-forge
2025-01-13T20:01:48.1381000Z   gdk-pixbuf                     2.42.12              h7ddc832_0               conda-forge
2025-01-13T20:01:48.1381420Z   gettext                        0.22.5               h8fbad5d_2               conda-forge
2025-01-13T20:01:48.1382070Z   gettext-tools                  0.22.5               h8fbad5d_2               conda-forge
2025-01-13T20:01:48.1382780Z   giflib                         5.2.2                h93a5062_0               conda-forge
2025-01-13T20:01:48.1383070Z   git-lfs                        3.5.1                hce30654_0               conda-forge
2025-01-13T20:01:48.1383530Z   gmp                            6.3.0                hebf3989_1               conda-forge
2025-01-13T20:01:48.1384300Z   gmpy2                          2.1.5                py312hfa9fade_1          conda-forge
2025-01-13T20:01:48.1384690Z   graphite2                      1.3.13               hebf3989_1003            conda-forge
2025-01-13T20:01:48.1385070Z   graphviz                       11.0.0               h9bb9bc9_0               conda-forge
2025-01-13T20:01:48.1385460Z   gtk2                           2.24.33              h7895bb2_4               conda-forge
2025-01-13T20:01:48.1385810Z   gts                            0.7.6                he42f4ea_4               conda-forge
2025-01-13T20:01:48.1386830Z   h11                            0.14.0               pyhd8ed1ab_0             conda-forge
2025-01-13T20:01:48.1387180Z   h2                             4.1.0                pyhd8ed1ab_0             conda-forge
2025-01-13T20:01:48.1387560Z   h5py                           3.11.0               nompi_py312h903599c_102  conda-forge
2025-01-13T20:01:48.1387900Z   harfbuzz                       8.5.0                h1836168_0               conda-forge
2025-01-13T20:01:48.1388280Z   hdf5                           1.14.3               nompi_hec07895_105       conda-forge
2025-01-13T20:01:48.1388630Z   hpack                          4.0.0                pyh9f0ad1d_0             conda-forge
2025-01-13T20:01:48.1389180Z   httpcore                       1.0.5                pyhd8ed1ab_0             conda-forge
2025-01-13T20:01:48.1389520Z   httpx                          0.27.0               pyhd8ed1ab_0             conda-forge
2025-01-13T20:01:48.1389890Z   hyperframe                     6.0.1                pyhd8ed1ab_0             conda-forge
2025-01-13T20:01:48.1390220Z   icu                            73.2                 hc8870d7_0               conda-forge
2025-01-13T20:01:48.1390560Z   idna                           3.7                  pyhd8ed1ab_0             conda-forge
2025-01-13T20:01:48.1390900Z   imagesize                      1.4.1                pyhd8ed1ab_0             conda-forge
2025-01-13T20:01:48.1391330Z   importlib-metadata             7.1.0                pyha770c72_0             conda-forge
2025-01-13T20:01:48.1391730Z   importlib_metadata             7.1.0                hd8ed1ab_0               conda-forge
2025-01-13T20:01:48.1392200Z   importlib_resources            6.4.0                pyhd8ed1ab_0             conda-forge
2025-01-13T20:01:48.1392640Z   iniconfig                      2.0.0                pyhd8ed1ab_0             conda-forge
2025-01-13T20:01:48.1392980Z   ipykernel                      6.29.4               pyh57ce528_0             conda-forge
2025-01-13T20:01:48.1393360Z   ipython                        8.25.0               pyh707e725_0             conda-forge
2025-01-13T20:01:48.1393730Z   ipython_genutils               0.2.0                pyhd8ed1ab_1             conda-forge
2025-01-13T20:01:48.1394530Z   ipywidgets                     7.8.0                pyhd8ed1ab_0             conda-forge
2025-01-13T20:01:48.1394920Z   isoduration                    20.11.0              pyhd8ed1ab_0             conda-forge
2025-01-13T20:01:48.1395310Z   jedi                           0.19.1               pyhd8ed1ab_0             conda-forge
2025-01-13T20:01:48.1395640Z   jinja2                         3.1.4                pyhd8ed1ab_0             conda-forge
2025-01-13T20:01:48.1396120Z   json5                          0.9.25               pyhd8ed1ab_0             conda-forge
2025-01-13T20:01:48.1396710Z   jsonpointer                    3.0.0                py312h81bd7bf_0          conda-forge
2025-01-13T20:01:48.1397170Z   jsonschema                     4.22.0               pyhd8ed1ab_0             conda-forge
2025-01-13T20:01:48.1425670Z   jsonschema-specifications      2023.12.1            pyhd8ed1ab_0             conda-forge
2025-01-13T20:01:48.1426180Z   jsonschema-with-format-nongpl  4.22.0               pyhd8ed1ab_0             conda-forge
2025-01-13T20:01:48.1426630Z   jupyter-lsp                    2.2.5                pyhd8ed1ab_0             conda-forge
2025-01-13T20:01:48.1427480Z   jupyter_client                 8.6.2                pyhd8ed1ab_0             conda-forge
2025-01-13T20:01:48.1427880Z   jupyter_core                   5.7.2                py312h81bd7bf_0          conda-forge
2025-01-13T20:01:48.1428290Z   jupyter_events                 0.10.0               pyhd8ed1ab_0             conda-forge
2025-01-13T20:01:48.1428680Z   jupyter_server                 2.14.1               pyhd8ed1ab_0             conda-forge
2025-01-13T20:01:48.1429150Z   jupyter_server_terminals       0.5.3                pyhd8ed1ab_0             conda-forge
2025-01-13T20:01:48.1429670Z   jupyterlab                     4.2.2                pyhd8ed1ab_0             conda-forge
2025-01-13T20:01:48.1430150Z   jupyterlab_pygments            0.3.0                pyhd8ed1ab_1             conda-forge
2025-01-13T20:01:48.1430590Z   jupyterlab_server              2.27.2               pyhd8ed1ab_0             conda-forge
2025-01-13T20:01:48.1430990Z   jupyterlab_widgets             1.1.7                pyhd8ed1ab_0             conda-forge
2025-01-13T20:01:48.1433120Z   kiwisolver                     1.4.5                py312h389731b_1          conda-forge
2025-01-13T20:01:48.1433460Z   krb5                           1.21.2               h92f50d5_0               conda-forge
2025-01-13T20:01:48.1433820Z   latexcodec                     2.0.1                pyh9f0ad1d_0             conda-forge
2025-01-13T20:01:48.1434190Z   lcms2                          2.16                 ha0e7c42_0               conda-forge
2025-01-13T20:01:48.1434590Z   lerc                           4.0.0                h9a09cb3_0               conda-forge
2025-01-13T20:01:48.1434960Z   libaec                         1.1.3                hebf3989_0               conda-forge
2025-01-13T20:01:48.1435310Z   libasprintf                    0.22.5               h8fbad5d_2               conda-forge
2025-01-13T20:01:48.1435730Z   libasprintf-devel              0.22.5               h8fbad5d_2               conda-forge
2025-01-13T20:01:48.1436120Z   libblas                        3.9.0                22_osxarm64_openblas     conda-forge
2025-01-13T20:01:48.1436500Z   libbrotlicommon                1.1.0                hb547adb_1               conda-forge
2025-01-13T20:01:48.1436930Z   libbrotlidec                   1.1.0                hb547adb_1               conda-forge
2025-01-13T20:01:48.1437310Z   libbrotlienc                   1.1.0                hb547adb_1               conda-forge
2025-01-13T20:01:48.1437670Z   libcblas                       3.9.0                22_osxarm64_openblas     conda-forge
2025-01-13T20:01:48.1438050Z   libcurl                        8.8.0                h7b6f9a7_0               conda-forge
2025-01-13T20:01:48.1438400Z   libcxx                         17.0.6               h5f092b4_0               conda-forge
2025-01-13T20:01:48.1439010Z   libdeflate                     1.20                 h93a5062_0               conda-forge
2025-01-13T20:01:48.1439370Z   libedit                        3.1.20191231         hc8eb9b7_2               conda-forge
2025-01-13T20:01:48.1439760Z   libev                          4.33                 h93a5062_2               conda-forge
2025-01-13T20:01:48.1440090Z   libexpat                       2.6.2                hebf3989_0               conda-forge
2025-01-13T20:01:48.1440420Z   libffi                         3.4.2                h3422bc3_5               conda-forge
2025-01-13T20:01:48.1440730Z   libgd                          2.3.3                hfdf3952_9               conda-forge
2025-01-13T20:01:48.1441100Z   libgettextpo                   0.22.5               h8fbad5d_2               conda-forge
2025-01-13T20:01:48.1441470Z   libgettextpo-devel             0.22.5               h8fbad5d_2               conda-forge
2025-01-13T20:01:48.1441870Z   libgfortran                    5.0.0                13_2_0_hd922786_3        conda-forge
2025-01-13T20:01:48.1442260Z   libgfortran5                   13.2.0               hf226fd6_3               conda-forge
2025-01-13T20:01:48.1442770Z   libglib                        2.80.2               h59d46d9_1               conda-forge
2025-01-13T20:01:48.1443130Z   libiconv                       1.17                 h0d3ecfb_2               conda-forge
2025-01-13T20:01:48.1443460Z   libintl                        0.22.5               h8fbad5d_2               conda-forge
2025-01-13T20:01:48.1443830Z   libintl-devel                  0.22.5               h8fbad5d_2               conda-forge
2025-01-13T20:01:48.1444170Z   libjpeg-turbo                  3.0.0                hb547adb_1               conda-forge
2025-01-13T20:01:48.1444470Z   liblapack                      3.9.0                22_osxarm64_openblas     conda-forge
2025-01-13T20:01:48.1444790Z   libllvm14                      14.0.6               hd1a9a77_4               conda-forge
2025-01-13T20:01:48.1445130Z   libnghttp2                     1.58.0               ha4dd798_1               conda-forge
2025-01-13T20:01:48.1445460Z   libopenblas                    0.3.27               openmp_h6c19121_0        conda-forge
2025-01-13T20:01:48.1445790Z   libpng                         1.6.43               h091b4b1_0               conda-forge
2025-01-13T20:01:48.1446050Z   librsvg                        2.58.1               hbc281fb_0               conda-forge
2025-01-13T20:01:48.1446390Z   libsodium                      1.0.18               h27ca646_1               conda-forge
2025-01-13T20:01:48.1446730Z   libsqlite                      3.46.0               hfb93653_0               conda-forge
2025-01-13T20:01:48.1447040Z   libssh2                        1.11.0               h7a5bd25_0               conda-forge
2025-01-13T20:01:48.1447370Z   libtiff                        4.6.0                h07db509_3               conda-forge
2025-01-13T20:01:48.1447670Z   libwebp                        1.4.0                h54798ee_0               conda-forge
2025-01-13T20:01:48.1447990Z   libwebp-base                   1.4.0                h93a5062_0               conda-forge
2025-01-13T20:01:48.1448300Z   libxcb                         1.16                 hf2054a2_0               conda-forge
2025-01-13T20:01:48.1448640Z   libxml2                        2.12.7               ha661575_1               conda-forge
2025-01-13T20:01:48.1448990Z   libxslt                        1.1.39               h223e5b9_0               conda-forge
2025-01-13T20:01:48.1449290Z   libzlib                        1.3.1                hfb2fe0b_1               conda-forge
2025-01-13T20:01:48.1449670Z   llvm-openmp                    18.1.7               hde57baf_0               conda-forge
2025-01-13T20:01:48.1450000Z   llvmlite                       0.42.0               py312h17030e7_1          conda-forge
2025-01-13T20:01:48.1450270Z   lxml                           5.2.2                py312h0e5ab22_0          conda-forge
2025-01-13T20:01:48.1450660Z   lz4-c                          1.9.4                hb7217d7_0               conda-forge
2025-01-13T20:01:48.1450930Z   markupsafe                     2.1.5                py312he37b823_0          conda-forge
2025-01-13T20:01:48.1451240Z   matplotlib-base                3.8.4                py312h4479663_2          conda-forge
2025-01-13T20:01:48.1451540Z   matplotlib-inline              0.1.7                pyhd8ed1ab_0             conda-forge
2025-01-13T20:01:48.1451850Z   mistune                        3.0.2                pyhd8ed1ab_0             conda-forge
2025-01-13T20:01:48.1452160Z   mpc                            1.3.1                h91ba8db_0               conda-forge
2025-01-13T20:01:48.1452410Z   mpfr                           4.2.1                h41d338b_1               conda-forge
2025-01-13T20:01:48.1452670Z   mpmath                         1.3.0                pyhd8ed1ab_0             conda-forge
2025-01-13T20:01:48.1452940Z   munkres                        1.1.4                pyh9f0ad1d_0             conda-forge
2025-01-13T20:01:48.1453230Z   mypy_extensions                1.0.0                pyha770c72_0             conda-forge
2025-01-13T20:01:48.1453520Z   nbclassic                      1.1.0                pyhd8ed1ab_0             conda-forge
2025-01-13T20:01:48.1453910Z   nbclient                       0.10.0               pyhd8ed1ab_0             conda-forge
2025-01-13T20:01:48.1454200Z   nbconvert                      7.16.4               hd8ed1ab_1               conda-forge
2025-01-13T20:01:48.1454490Z   nbconvert-core                 7.16.4               pyhd8ed1ab_1             conda-forge
2025-01-13T20:01:48.1454870Z   nbconvert-pandoc               7.16.4               hd8ed1ab_1               conda-forge
2025-01-13T20:01:48.1455160Z   nbformat                       5.10.4               pyhd8ed1ab_0             conda-forge
2025-01-13T20:01:48.1455440Z   nbsphinx                       0.9.4                pyhd8ed1ab_0             conda-forge
2025-01-13T20:01:48.1455710Z   ncurses                        6.5                  hb89a1cb_0               conda-forge
2025-01-13T20:01:48.1456020Z   nest-asyncio                   1.6.0                pyhd8ed1ab_0             conda-forge
2025-01-13T20:01:48.1456380Z   networkx                       3.3                  pyhd8ed1ab_1             conda-forge
2025-01-13T20:01:48.1456750Z   notebook                       7.2.1                pyhd8ed1ab_0             conda-forge
2025-01-13T20:01:48.1457040Z   notebook-shim                  0.2.4                pyhd8ed1ab_0             conda-forge
2025-01-13T20:01:48.1457360Z   numba                          0.59.1               py312hbaff935_0          conda-forge
2025-01-13T20:01:48.1457630Z   numexpr                        2.10.0               py312h8ae5369_0          conda-forge
2025-01-13T20:01:48.1457890Z   numpy                          1.26.4               py312h8442bc7_0          conda-forge
2025-01-13T20:01:48.1458170Z   numpydoc                       1.7.0                pyhd8ed1ab_1             conda-forge
2025-01-13T20:01:48.1458440Z   openjpeg                       2.5.2                h9f1df11_0               conda-forge
2025-01-13T20:01:48.1458720Z   openssl                        3.3.1                hfb2fe0b_0               conda-forge
2025-01-13T20:01:48.1459000Z   overrides                      7.7.0                pyhd8ed1ab_0             conda-forge
2025-01-13T20:01:48.1459280Z   packaging                      24.1                 pyhd8ed1ab_0             conda-forge
2025-01-13T20:01:48.1459550Z   pandas                         2.2.2                py312h8ae5369_1          conda-forge
2025-01-13T20:01:48.1459810Z   pandoc                         3.2                  hce30654_0               conda-forge
2025-01-13T20:01:48.1460130Z   pandocfilters                  1.5.0                pyhd8ed1ab_0             conda-forge
2025-01-13T20:01:48.1460410Z   pango                          1.54.0               h5cb9fbc_0               conda-forge
2025-01-13T20:01:48.1460770Z   parso                          0.8.4                pyhd8ed1ab_0             conda-forge
2025-01-13T20:01:48.1461050Z   pathspec                       0.12.1               pyhd8ed1ab_0             conda-forge
2025-01-13T20:01:48.1461320Z   pbr                            6.0.0                pyhd8ed1ab_0             conda-forge
2025-01-13T20:01:48.1461570Z   pcre2                          10.44                h297a79d_0               conda-forge
2025-01-13T20:01:48.1461840Z   pexpect                        4.9.0                pyhd8ed1ab_0             conda-forge
2025-01-13T20:01:48.1462120Z   pickleshare                    0.7.5                py_1003                  conda-forge
2025-01-13T20:01:48.1462390Z   pillow                         10.3.0               py312h39b1d8d_1          conda-forge
2025-01-13T20:01:48.1462650Z   pip                            24.0                 pyhd8ed1ab_0             conda-forge
2025-01-13T20:01:48.1462910Z   pixman                         0.43.4               hebf3989_0               conda-forge
2025-01-13T20:01:48.1463230Z   pkgutil-resolve-name           1.3.10               pyhd8ed1ab_1             conda-forge
2025-01-13T20:01:48.1463550Z   platformdirs                   4.2.2                pyhd8ed1ab_0             conda-forge
2025-01-13T20:01:48.1464090Z   plotly                         5.22.0               pyhd8ed1ab_0             conda-forge
2025-01-13T20:01:48.1464370Z   pluggy                         1.5.0                pyhd8ed1ab_0             conda-forge
2025-01-13T20:01:48.1464670Z   prometheus_client              0.20.0               pyhd8ed1ab_0             conda-forge
2025-01-13T20:01:48.1464990Z   prompt-toolkit                 3.0.47               pyha770c72_0             conda-forge
2025-01-13T20:01:48.1465280Z   psutil                         5.9.8                py312he37b823_0          conda-forge
2025-01-13T20:01:48.1465560Z   pthread-stubs                  0.4                  h27ca646_1001            conda-forge
2025-01-13T20:01:48.1465860Z   ptyprocess                     0.7.0                pyhd3deb0d_0             conda-forge
2025-01-13T20:01:48.1466140Z   pure_eval                      0.2.2                pyhd8ed1ab_0             conda-forge
2025-01-13T20:01:48.1466430Z   py-cpuinfo                     9.0.0                pyhd8ed1ab_0             conda-forge
2025-01-13T20:01:48.1466710Z   pybtex                         0.24.0               pyhd8ed1ab_2             conda-forge
2025-01-13T20:01:48.1467010Z   pybtex-docutils                1.0.3                py312h81bd7bf_1          conda-forge
2025-01-13T20:01:48.1467320Z   pycparser                      2.22                 pyhd8ed1ab_0             conda-forge
2025-01-13T20:01:48.1467600Z   pyerfa                         2.0.1.4              py312hbebd99a_1          conda-forge
2025-01-13T20:01:48.1467870Z   pygments                       2.18.0               pyhd8ed1ab_0             conda-forge
2025-01-13T20:01:48.1468150Z   pygraphviz                     1.13                 py312h5f4d302_1          conda-forge
2025-01-13T20:01:48.1468440Z   pyobjc-core                    10.3.1               py312hbb55c70_0          conda-forge
2025-01-13T20:01:48.1468760Z   pyobjc-framework-cocoa         10.3.1               py312hbb55c70_0          conda-forge
2025-01-13T20:01:48.1469070Z   pyparsing                      3.1.2                pyhd8ed1ab_0             conda-forge
2025-01-13T20:01:48.1469340Z   pysocks                        1.7.1                pyha2e5f31_6             conda-forge
2025-01-13T20:01:48.1469610Z   pytables                       3.9.2                py312hb622ae1_2          conda-forge
2025-01-13T20:01:48.1469880Z   pytest                         8.2.2                pyhd8ed1ab_0             conda-forge
2025-01-13T20:01:48.1470150Z   pytest-cov                     5.0.0                pyhd8ed1ab_0             conda-forge
2025-01-13T20:01:48.1470460Z   pytest-doctestplus             1.2.1                pyhd8ed1ab_0             conda-forge
2025-01-13T20:01:48.1470760Z   pytest-html                    4.1.1                pyhd8ed1ab_0             conda-forge
2025-01-13T20:01:48.1471370Z   pytest-metadata                3.1.1                pyhd8ed1ab_0             conda-forge
2025-01-13T20:01:48.1471670Z   python                         3.12.4               h30c5eda_0_cpython       conda-forge
2025-01-13T20:01:48.1471960Z   python-dateutil                2.9.0                pyhd8ed1ab_0             conda-forge
2025-01-13T20:01:48.1472290Z   python-fastjsonschema          2.20.0               pyhd8ed1ab_0             conda-forge
2025-01-13T20:01:48.1472620Z   python-json-logger             2.0.7                pyhd8ed1ab_0             conda-forge
2025-01-13T20:01:48.1473020Z   python-tzdata                  2024.1               pyhd8ed1ab_0             conda-forge
2025-01-13T20:01:48.1473300Z   python_abi                     3.12                 4_cp312                  conda-forge
2025-01-13T20:01:48.1473570Z   pytz                           2024.1               pyhd8ed1ab_0             conda-forge
2025-01-13T20:01:48.1473830Z   pyyaml                         6.0.1                py312h02f2b3b_1          conda-forge
2025-01-13T20:01:48.1474100Z   pyzmq                          26.0.3               py312hfa13136_0          conda-forge
2025-01-13T20:01:48.1474480Z   qgrid                          1.3.1                pyhd8ed1ab_4             conda-forge
2025-01-13T20:01:48.1474760Z   radioactivedecay               0.5.1                pyhd8ed1ab_0             conda-forge
2025-01-13T20:01:48.1475050Z   readline                       8.2                  h92ec313_1               conda-forge
2025-01-13T20:01:48.1475330Z   recommonmark                   0.7.1                pyhd8ed1ab_0             conda-forge
2025-01-13T20:01:48.1475630Z   referencing                    0.35.1               pyhd8ed1ab_0             conda-forge
2025-01-13T20:01:48.1475910Z   requests                       2.32.3               pyhd8ed1ab_0             conda-forge
2025-01-13T20:01:48.1476200Z   rfc3339-validator              0.1.4                pyhd8ed1ab_0             conda-forge
2025-01-13T20:01:48.1476520Z   rfc3986-validator              0.1.1                pyh9f0ad1d_0             conda-forge
2025-01-13T20:01:48.1476810Z   rpds-py                        0.18.1               py312h552d48e_0          conda-forge
2025-01-13T20:01:48.1477070Z   ruff                           0.4.9                py312h3402d49_0          conda-forge
2025-01-13T20:01:48.1477320Z   scipy                          1.13.1               py312h14ffa8f_0          conda-forge
2025-01-13T20:01:48.1477590Z   send2trash                     1.8.3                pyh31c8845_0             conda-forge
2025-01-13T20:01:48.1477870Z   setuptools                     70.0.0               pyhd8ed1ab_0             conda-forge
2025-01-13T20:01:48.1478530Z   setuptools-scm                 8.1.0                pyhd8ed1ab_0             conda-forge
2025-01-13T20:01:48.1478840Z   setuptools_scm                 8.1.0                hd8ed1ab_0               conda-forge
2025-01-13T20:01:48.1479130Z   six                            1.16.0               pyh6c4a22f_0             conda-forge
2025-01-13T20:01:48.1479390Z   snakeviz                       2.2.0                pyhd8ed1ab_0             conda-forge
2025-01-13T20:01:48.1479670Z   snappy                         1.2.0                hd04f947_1               conda-forge
2025-01-13T20:01:48.1479940Z   sniffio                        1.3.1                pyhd8ed1ab_0             conda-forge
2025-01-13T20:01:48.1480230Z   snowballstemmer                2.2.0                pyhd8ed1ab_0             conda-forge
2025-01-13T20:01:48.1480520Z   soupsieve                      2.5                  pyhd8ed1ab_1             conda-forge
2025-01-13T20:01:48.1480790Z   sphinx                         7.3.7                pyhd8ed1ab_0             conda-forge
2025-01-13T20:01:48.1481070Z   sphinx-astropy                 1.9.1                pyhd8ed1ab_0             conda-forge
2025-01-13T20:01:48.1481380Z   sphinx-automodapi              0.17.0               pyh717bed2_1             conda-forge
2025-01-13T20:01:48.1481790Z   sphinx-gallery                 0.16.0               pyhd8ed1ab_0             conda-forge
2025-01-13T20:01:48.1482140Z   sphinx-jsonschema              1.19.1               pyhd8ed1ab_0             conda-forge
2025-01-13T20:01:48.1482460Z   sphinx_bootstrap_theme         0.8.1                pyhd8ed1ab_0             conda-forge
2025-01-13T20:01:48.1482780Z   sphinx_rtd_theme               2.0.0                pyha770c72_0             conda-forge
2025-01-13T20:01:48.1483090Z   sphinxcontrib-apidoc           0.3.0                py_1                     conda-forge
2025-01-13T20:01:48.1483430Z   sphinxcontrib-applehelp        1.0.8                pyhd8ed1ab_0             conda-forge
2025-01-13T20:01:48.1483840Z   sphinxcontrib-bibtex           2.6.2                pyhd8ed1ab_0             conda-forge
2025-01-13T20:01:48.1484170Z   sphinxcontrib-devhelp          1.0.6                pyhd8ed1ab_0             conda-forge
2025-01-13T20:01:48.1484520Z   sphinxcontrib-htmlhelp         2.0.5                pyhd8ed1ab_0             conda-forge
2025-01-13T20:01:48.1484860Z   sphinxcontrib-jquery           4.1                  pyhd8ed1ab_0             conda-forge
2025-01-13T20:01:48.1485280Z   sphinxcontrib-jsmath           1.0.1                pyhd8ed1ab_0             conda-forge
2025-01-13T20:01:48.1485610Z   sphinxcontrib-qthelp           1.0.7                pyhd8ed1ab_0             conda-forge
2025-01-13T20:01:48.1485970Z   sphinxcontrib-serializinghtml  1.1.10               pyhd8ed1ab_0             conda-forge
2025-01-13T20:01:48.1486300Z   stack_data                     0.6.2                pyhd8ed1ab_0             conda-forge
2025-01-13T20:01:48.1486570Z   sympy                          1.12.1               pypyh2585a3b_103         conda-forge
2025-01-13T20:01:48.1486850Z   tabulate                       0.9.0                pyhd8ed1ab_1             conda-forge
2025-01-13T20:01:48.1487120Z   tenacity                       8.4.1                pyhd8ed1ab_0             conda-forge
2025-01-13T20:01:48.1487400Z   terminado                      0.18.1               pyh31c8845_0             conda-forge
2025-01-13T20:01:48.1487690Z   tinycss2                       1.3.0                pyhd8ed1ab_0             conda-forge
2025-01-13T20:01:48.1487950Z   tk                             8.6.13               h5083fa2_1               conda-forge
2025-01-13T20:01:48.1488200Z   toml                           0.10.2               pyhd8ed1ab_0             conda-forge
2025-01-13T20:01:48.1488450Z   tomli                          2.0.1                pyhd8ed1ab_0             conda-forge
2025-01-13T20:01:48.1488720Z   tornado                        6.4.1                py312h7e5086c_0          conda-forge
2025-01-13T20:01:48.1488990Z   tqdm                           4.66.4               pyhd8ed1ab_0             conda-forge
2025-01-13T20:01:48.1489270Z   traitlets                      5.14.3               pyhd8ed1ab_0             conda-forge
2025-01-13T20:01:48.1489560Z   typed-ast                      1.5.5                py312h02f2b3b_1          conda-forge
2025-01-13T20:01:48.1489870Z   types-python-dateutil          2.9.0.20240316       pyhd8ed1ab_0             conda-forge
2025-01-13T20:01:48.1490210Z   typing-extensions              4.12.2               hd8ed1ab_0               conda-forge
2025-01-13T20:01:48.1490530Z   typing_extensions              4.12.2               pyha770c72_0             conda-forge
2025-01-13T20:01:48.1490820Z   typing_utils                   0.1.0                pyhd8ed1ab_0             conda-forge
2025-01-13T20:01:48.1491100Z   tzdata                         2024a                h0c530f3_0               conda-forge
2025-01-13T20:01:48.1491380Z   uri-template                   1.3.0                pyhd8ed1ab_0             conda-forge
2025-01-13T20:01:48.1491670Z   urllib3                        2.2.2                pyhd8ed1ab_0             conda-forge
2025-01-13T20:01:48.1491940Z   wcwidth                        0.2.13               pyhd8ed1ab_0             conda-forge
2025-01-13T20:01:48.1492310Z   webcolors                      24.6.0               pyhd8ed1ab_0             conda-forge
2025-01-13T20:01:48.1492600Z   webencodings                   0.5.1                pyhd8ed1ab_2             conda-forge
2025-01-13T20:01:48.1492910Z   websocket-client               1.8.0                pyhd8ed1ab_0             conda-forge
2025-01-13T20:01:48.1493200Z   wheel                          0.43.0               pyhd8ed1ab_1             conda-forge
2025-01-13T20:01:48.1493500Z   widgetsnbextension             3.6.6                pyhd8ed1ab_0             conda-forge
2025-01-13T20:01:48.1493800Z   xorg-libxau                    1.0.11               hb547adb_0               conda-forge
2025-01-13T20:01:48.1494090Z   xorg-libxdmcp                  1.1.3                h27ca646_0               conda-forge
2025-01-13T20:01:48.1494360Z   xz                             5.2.6                h57fd34a_0               conda-forge
2025-01-13T20:01:48.1494610Z   yaml                           0.2.5                h3422bc3_2               conda-forge
2025-01-13T20:01:48.1494860Z   zeromq                         4.3.5                hcc0f68c_4               conda-forge
2025-01-13T20:01:48.1495220Z   zipp                           3.19.2               pyhd8ed1ab_0             conda-forge
2025-01-13T20:01:48.1495470Z   zlib                           1.3.1                hfb2fe0b_1               conda-forge
2025-01-13T20:01:48.1495730Z   zlib-ng                        2.0.7                h1a8c8d9_0               conda-forge
2025-01-13T20:01:48.1495980Z   zstd                           1.5.6                hb46c0d2_0               conda-forge
2025-01-13T20:01:48.1496420Z ##[endgroup]
2025-01-13T20:01:48.1550960Z ##[group]Run pip install -e . --user
2025-01-13T20:01:48.1551190Z [36;1mpip install -e . --user[0m
2025-01-13T20:01:48.1721730Z shell: /bin/bash -l {0}
2025-01-13T20:01:48.1721910Z env:
2025-01-13T20:01:48.1722030Z   CACHE_NUMBER: 0
2025-01-13T20:01:48.1722490Z   PYTEST_FLAGS: --tardis-regression-data=/Users/runner/work/tardis/tardis/tardis-regression-data --cov=tardis --cov-report=xml --cov-report=html --cov-append
2025-01-13T20:01:48.1722960Z   CODECOV_TOKEN: 
2025-01-13T20:01:48.1723140Z   MAMBA_ROOT_PREFIX: /Users/runner/micromamba
2025-01-13T20:01:48.1723380Z   MAMBA_EXE: /Users/runner/micromamba-bin/micromamba
2025-01-13T20:01:48.1723640Z   CONDARC: /Users/runner/work/_temp/setup-micromamba/.condarc
2025-01-13T20:01:48.1723870Z ##[endgroup]
2025-01-13T20:01:49.0836650Z Obtaining file:///Users/runner/work/tardis/tardis
2025-01-13T20:01:49.0862370Z   Installing build dependencies: started
2025-01-13T20:01:51.3842860Z   Installing build dependencies: finished with status 'done'
2025-01-13T20:01:51.3849430Z   Checking if build backend supports build_editable: started
2025-01-13T20:01:51.4853130Z   Checking if build backend supports build_editable: finished with status 'done'
2025-01-13T20:01:51.4863340Z   Getting requirements to build editable: started
2025-01-13T20:01:51.8921700Z   Getting requirements to build editable: finished with status 'done'
2025-01-13T20:01:51.8932450Z   Preparing editable metadata (pyproject.toml): started
2025-01-13T20:01:52.3578340Z   Preparing editable metadata (pyproject.toml): finished with status 'done'
2025-01-13T20:01:52.3998080Z Requirement already satisfied: astropy in /Users/runner/micromamba/envs/tardis/lib/python3.12/site-packages (from tardis==0.0.0) (6.1.1)
2025-01-13T20:01:52.4352280Z Requirement already satisfied: numpy>=1.23 in /Users/runner/micromamba/envs/tardis/lib/python3.12/site-packages (from astropy->tardis==0.0.0) (1.26.4)
2025-01-13T20:01:52.4366450Z Requirement already satisfied: pyerfa>=2.0.1.1 in /Users/runner/micromamba/envs/tardis/lib/python3.12/site-packages (from astropy->tardis==0.0.0) (2.0.1.4)
2025-01-13T20:01:52.4378070Z Requirement already satisfied: astropy-iers-data>=0.2024.5.27.0.30.8 in /Users/runner/micromamba/envs/tardis/lib/python3.12/site-packages (from astropy->tardis==0.0.0) (0.2024.6.17.0.31.35)
2025-01-13T20:01:52.4384070Z Requirement already satisfied: PyYAML>=3.13 in /Users/runner/micromamba/envs/tardis/lib/python3.12/site-packages (from astropy->tardis==0.0.0) (6.0.1)
2025-01-13T20:01:52.4393630Z Requirement already satisfied: packaging>=19.0 in /Users/runner/micromamba/envs/tardis/lib/python3.12/site-packages (from astropy->tardis==0.0.0) (24.1)
2025-01-13T20:01:52.4464010Z Building wheels for collected packages: tardis
2025-01-13T20:01:52.4566290Z   Building editable for tardis (pyproject.toml): started
2025-01-13T20:01:53.0913600Z   Building editable for tardis (pyproject.toml): finished with status 'done'
2025-01-13T20:01:53.0920390Z   Created wheel for tardis: filename=tardis-0.0.0-0.editable-py3-none-any.whl size=8878 sha256=8e728ffb8425756de1e0eaf0535163393bf3c7194021f4b6353e8198a399028d
2025-01-13T20:01:53.0921590Z   Stored in directory: /private/var/folders/ml/x_tvfgn50_s7p67dm1ypcqqm0000gn/T/pip-ephem-wheel-cache-cpu_tjpl/wheels/bb/4f/6a/0829b918c1c10bc28535ce7f14be21eee54375bdd9cd0c306a
2025-01-13T20:01:53.0943440Z Successfully built tardis
2025-01-13T20:01:53.6166750Z Installing collected packages: tardis
2025-01-13T20:01:53.6181240Z Successfully installed tardis-0.0.0
2025-01-13T20:01:53.8662280Z ##[group]Run pip install qgridnext
2025-01-13T20:01:53.8662550Z [36;1mpip install qgridnext[0m
2025-01-13T20:01:53.8715630Z shell: /bin/bash -l {0}
2025-01-13T20:01:53.8715830Z env:
2025-01-13T20:01:53.8715980Z   CACHE_NUMBER: 0
2025-01-13T20:01:53.8716490Z   PYTEST_FLAGS: --tardis-regression-data=/Users/runner/work/tardis/tardis/tardis-regression-data --cov=tardis --cov-report=xml --cov-report=html --cov-append
2025-01-13T20:01:53.8717090Z   CODECOV_TOKEN: 
2025-01-13T20:01:53.8717280Z   MAMBA_ROOT_PREFIX: /Users/runner/micromamba
2025-01-13T20:01:53.8717560Z   MAMBA_EXE: /Users/runner/micromamba-bin/micromamba
2025-01-13T20:01:53.8717880Z   CONDARC: /Users/runner/work/_temp/setup-micromamba/.condarc
2025-01-13T20:01:53.8718170Z ##[endgroup]
2025-01-13T20:01:54.4286200Z Collecting qgridnext
2025-01-13T20:01:54.4643800Z   Downloading qgridnext-2.0.4-py3-none-any.whl.metadata (9.9 kB)
2025-01-13T20:01:54.4784830Z Requirement already satisfied: pandas>=0.20.0 in /Users/runner/micromamba/envs/tardis/lib/python3.12/site-packages (from qgridnext) (2.2.2)
2025-01-13T20:01:54.4789860Z Requirement already satisfied: ipywidgets>=7.0.0 in /Users/runner/micromamba/envs/tardis/lib/python3.12/site-packages (from qgridnext) (7.8.0)
2025-01-13T20:01:54.4812230Z Requirement already satisfied: numpy in /Users/runner/micromamba/envs/tardis/lib/python3.12/site-packages (from qgridnext) (1.26.4)
2025-01-13T20:01:54.4813060Z Requirement already satisfied: traitlets in /Users/runner/micromamba/envs/tardis/lib/python3.12/site-packages (from qgridnext) (5.14.3)
2025-01-13T20:01:54.4853960Z Requirement already satisfied: comm>=0.1.3 in /Users/runner/micromamba/envs/tardis/lib/python3.12/site-packages (from ipywidgets>=7.0.0->qgridnext) (0.2.2)
2025-01-13T20:01:54.4858650Z Requirement already satisfied: ipython-genutils~=0.2.0 in /Users/runner/micromamba/envs/tardis/lib/python3.12/site-packages (from ipywidgets>=7.0.0->qgridnext) (0.2.0)
2025-01-13T20:01:54.4866870Z Requirement already satisfied: widgetsnbextension~=3.6.5 in /Users/runner/micromamba/envs/tardis/lib/python3.12/site-packages (from ipywidgets>=7.0.0->qgridnext) (3.6.6)
2025-01-13T20:01:54.4875090Z Requirement already satisfied: ipython>=4.0.0 in /Users/runner/micromamba/envs/tardis/lib/python3.12/site-packages (from ipywidgets>=7.0.0->qgridnext) (8.25.0)
2025-01-13T20:01:54.4883160Z Requirement already satisfied: jupyterlab-widgets<3,>=1.0.0 in /Users/runner/micromamba/envs/tardis/lib/python3.12/site-packages (from ipywidgets>=7.0.0->qgridnext) (1.1.7)
2025-01-13T20:01:54.5149750Z Requirement already satisfied: python-dateutil>=2.8.2 in /Users/runner/micromamba/envs/tardis/lib/python3.12/site-packages (from pandas>=0.20.0->qgridnext) (2.9.0)
2025-01-13T20:01:54.5158120Z Requirement already satisfied: pytz>=2020.1 in /Users/runner/micromamba/envs/tardis/lib/python3.12/site-packages (from pandas>=0.20.0->qgridnext) (2024.1)
2025-01-13T20:01:54.5163260Z Requirement already satisfied: tzdata>=2022.7 in /Users/runner/micromamba/envs/tardis/lib/python3.12/site-packages (from pandas>=0.20.0->qgridnext) (2024.1)
2025-01-13T20:01:54.5355460Z Requirement already satisfied: decorator in /Users/runner/micromamba/envs/tardis/lib/python3.12/site-packages (from ipython>=4.0.0->ipywidgets>=7.0.0->qgridnext) (5.1.1)
2025-01-13T20:01:54.5365670Z Requirement already satisfied: jedi>=0.16 in /Users/runner/micromamba/envs/tardis/lib/python3.12/site-packages (from ipython>=4.0.0->ipywidgets>=7.0.0->qgridnext) (0.19.1)
2025-01-13T20:01:54.5370860Z Requirement already satisfied: matplotlib-inline in /Users/runner/micromamba/envs/tardis/lib/python3.12/site-packages (from ipython>=4.0.0->ipywidgets>=7.0.0->qgridnext) (0.1.7)
2025-01-13T20:01:54.5376310Z Requirement already satisfied: prompt-toolkit<3.1.0,>=3.0.41 in /Users/runner/micromamba/envs/tardis/lib/python3.12/site-packages (from ipython>=4.0.0->ipywidgets>=7.0.0->qgridnext) (3.0.47)
2025-01-13T20:01:54.5381990Z Requirement already satisfied: pygments>=2.4.0 in /Users/runner/micromamba/envs/tardis/lib/python3.12/site-packages (from ipython>=4.0.0->ipywidgets>=7.0.0->qgridnext) (2.18.0)
2025-01-13T20:01:54.5387120Z Requirement already satisfied: stack-data in /Users/runner/micromamba/envs/tardis/lib/python3.12/site-packages (from ipython>=4.0.0->ipywidgets>=7.0.0->qgridnext) (0.6.2)
2025-01-13T20:01:54.5398040Z Requirement already satisfied: pexpect>4.3 in /Users/runner/micromamba/envs/tardis/lib/python3.12/site-packages (from ipython>=4.0.0->ipywidgets>=7.0.0->qgridnext) (4.9.0)
2025-01-13T20:01:54.5423790Z Requirement already satisfied: six>=1.5 in /Users/runner/micromamba/envs/tardis/lib/python3.12/site-packages (from python-dateutil>=2.8.2->pandas>=0.20.0->qgridnext) (1.16.0)
2025-01-13T20:01:54.5457140Z Requirement already satisfied: notebook>=4.4.1 in /Users/runner/micromamba/envs/tardis/lib/python3.12/site-packages (from widgetsnbextension~=3.6.5->ipywidgets>=7.0.0->qgridnext) (7.2.1)
2025-01-13T20:01:54.5569420Z Requirement already satisfied: parso<0.9.0,>=0.8.3 in /Users/runner/micromamba/envs/tardis/lib/python3.12/site-packages (from jedi>=0.16->ipython>=4.0.0->ipywidgets>=7.0.0->qgridnext) (0.8.4)
2025-01-13T20:01:54.5655050Z Requirement already satisfied: jupyter-server<3,>=2.4.0 in /Users/runner/micromamba/envs/tardis/lib/python3.12/site-packages (from notebook>=4.4.1->widgetsnbextension~=3.6.5->ipywidgets>=7.0.0->qgridnext) (2.14.1)
2025-01-13T20:01:54.5662140Z Requirement already satisfied: jupyterlab-server<3,>=2.27.1 in /Users/runner/micromamba/envs/tardis/lib/python3.12/site-packages (from notebook>=4.4.1->widgetsnbextension~=3.6.5->ipywidgets>=7.0.0->qgridnext) (2.27.2)
2025-01-13T20:01:54.5673220Z Requirement already satisfied: jupyterlab<4.3,>=4.2.0 in /Users/runner/micromamba/envs/tardis/lib/python3.12/site-packages (from notebook>=4.4.1->widgetsnbextension~=3.6.5->ipywidgets>=7.0.0->qgridnext) (4.2.2)
2025-01-13T20:01:54.5680440Z Requirement already satisfied: notebook-shim<0.3,>=0.2 in /Users/runner/micromamba/envs/tardis/lib/python3.12/site-packages (from notebook>=4.4.1->widgetsnbextension~=3.6.5->ipywidgets>=7.0.0->qgridnext) (0.2.4)
2025-01-13T20:01:54.5685650Z Requirement already satisfied: tornado>=6.2.0 in /Users/runner/micromamba/envs/tardis/lib/python3.12/site-packages (from notebook>=4.4.1->widgetsnbextension~=3.6.5->ipywidgets>=7.0.0->qgridnext) (6.4.1)
2025-01-13T20:01:54.5704690Z Requirement already satisfied: ptyprocess>=0.5 in /Users/runner/micromamba/envs/tardis/lib/python3.12/site-packages (from pexpect>4.3->ipython>=4.0.0->ipywidgets>=7.0.0->qgridnext) (0.7.0)
2025-01-13T20:01:54.5722740Z Requirement already satisfied: wcwidth in /Users/runner/micromamba/envs/tardis/lib/python3.12/site-packages (from prompt-toolkit<3.1.0,>=3.0.41->ipython>=4.0.0->ipywidgets>=7.0.0->qgridnext) (0.2.13)
2025-01-13T20:01:54.5809250Z Requirement already satisfied: executing>=1.2.0 in /Users/runner/micromamba/envs/tardis/lib/python3.12/site-packages (from stack-data->ipython>=4.0.0->ipywidgets>=7.0.0->qgridnext) (2.0.1)
2025-01-13T20:01:54.5814250Z Requirement already satisfied: asttokens>=2.1.0 in /Users/runner/micromamba/envs/tardis/lib/python3.12/site-packages (from stack-data->ipython>=4.0.0->ipywidgets>=7.0.0->qgridnext) (2.4.1)
2025-01-13T20:01:54.5818720Z Requirement already satisfied: pure-eval in /Users/runner/micromamba/envs/tardis/lib/python3.12/site-packages (from stack-data->ipython>=4.0.0->ipywidgets>=7.0.0->qgridnext) (0.2.2)
2025-01-13T20:01:54.6123990Z Requirement already satisfied: anyio>=3.1.0 in /Users/runner/micromamba/envs/tardis/lib/python3.12/site-packages (from jupyter-server<3,>=2.4.0->notebook>=4.4.1->widgetsnbextension~=3.6.5->ipywidgets>=7.0.0->qgridnext) (4.4.0)
2025-01-13T20:01:54.6224470Z Requirement already satisfied: argon2-cffi>=21.1 in /Users/runner/micromamba/envs/tardis/lib/python3.12/site-packages (from jupyter-server<3,>=2.4.0->notebook>=4.4.1->widgetsnbextension~=3.6.5->ipywidgets>=7.0.0->qgridnext) (23.1.0)
2025-01-13T20:01:54.6326660Z Requirement already satisfied: jinja2>=3.0.3 in /Users/runner/micromamba/envs/tardis/lib/python3.12/site-packages (from jupyter-server<3,>=2.4.0->notebook>=4.4.1->widgetsnbextension~=3.6.5->ipywidgets>=7.0.0->qgridnext) (3.1.4)
2025-01-13T20:01:54.6427050Z Requirement already satisfied: jupyter-client>=7.4.4 in /Users/runner/micromamba/envs/tardis/lib/python3.12/site-packages (from jupyter-server<3,>=2.4.0->notebook>=4.4.1->widgetsnbextension~=3.6.5->ipywidgets>=7.0.0->qgridnext) (8.6.2)
2025-01-13T20:01:54.6529060Z Requirement already satisfied: jupyter-core!=5.0.*,>=4.12 in /Users/runner/micromamba/envs/tardis/lib/python3.12/site-packages (from jupyter-server<3,>=2.4.0->notebook>=4.4.1->widgetsnbextension~=3.6.5->ipywidgets>=7.0.0->qgridnext) (5.7.2)
2025-01-13T20:01:54.6629600Z Requirement already satisfied: jupyter-events>=0.9.0 in /Users/runner/micromamba/envs/tardis/lib/python3.12/site-packages (from jupyter-server<3,>=2.4.0->notebook>=4.4.1->widgetsnbextension~=3.6.5->ipywidgets>=7.0.0->qgridnext) (0.10.0)
2025-01-13T20:01:54.6731450Z Requirement already satisfied: jupyter-server-terminals>=0.4.4 in /Users/runner/micromamba/envs/tardis/lib/python3.12/site-packages (from jupyter-server<3,>=2.4.0->notebook>=4.4.1->widgetsnbextension~=3.6.5->ipywidgets>=7.0.0->qgridnext) (0.5.3)
2025-01-13T20:01:54.6832160Z Requirement already satisfied: nbconvert>=6.4.4 in /Users/runner/micromamba/envs/tardis/lib/python3.12/site-packages (from jupyter-server<3,>=2.4.0->notebook>=4.4.1->widgetsnbextension~=3.6.5->ipywidgets>=7.0.0->qgridnext) (7.16.4)
2025-01-13T20:01:54.6933800Z Requirement already satisfied: nbformat>=5.3.0 in /Users/runner/micromamba/envs/tardis/lib/python3.12/site-packages (from jupyter-server<3,>=2.4.0->notebook>=4.4.1->widgetsnbextension~=3.6.5->ipywidgets>=7.0.0->qgridnext) (5.10.4)
2025-01-13T20:01:54.7034570Z Requirement already satisfied: overrides>=5.0 in /Users/runner/micromamba/envs/tardis/lib/python3.12/site-packages (from jupyter-server<3,>=2.4.0->notebook>=4.4.1->widgetsnbextension~=3.6.5->ipywidgets>=7.0.0->qgridnext) (7.7.0)
2025-01-13T20:01:54.7136370Z Requirement already satisfied: packaging>=22.0 in /Users/runner/micromamba/envs/tardis/lib/python3.12/site-packages (from jupyter-server<3,>=2.4.0->notebook>=4.4.1->widgetsnbextension~=3.6.5->ipywidgets>=7.0.0->qgridnext) (24.1)
2025-01-13T20:01:54.7238460Z Requirement already satisfied: prometheus-client>=0.9 in /Users/runner/micromamba/envs/tardis/lib/python3.12/site-packages (from jupyter-server<3,>=2.4.0->notebook>=4.4.1->widgetsnbextension~=3.6.5->ipywidgets>=7.0.0->qgridnext) (0.20.0)
2025-01-13T20:01:54.7338730Z Requirement already satisfied: pyzmq>=24 in /Users/runner/micromamba/envs/tardis/lib/python3.12/site-packages (from jupyter-server<3,>=2.4.0->notebook>=4.4.1->widgetsnbextension~=3.6.5->ipywidgets>=7.0.0->qgridnext) (26.0.3)
2025-01-13T20:01:54.7440750Z Requirement already satisfied: send2trash>=1.8.2 in /Users/runner/micromamba/envs/tardis/lib/python3.12/site-packages (from jupyter-server<3,>=2.4.0->notebook>=4.4.1->widgetsnbextension~=3.6.5->ipywidgets>=7.0.0->qgridnext) (1.8.3)
2025-01-13T20:01:54.7541310Z Requirement already satisfied: terminado>=0.8.3 in /Users/runner/micromamba/envs/tardis/lib/python3.12/site-packages (from jupyter-server<3,>=2.4.0->notebook>=4.4.1->widgetsnbextension~=3.6.5->ipywidgets>=7.0.0->qgridnext) (0.18.1)
2025-01-13T20:01:54.7643170Z Requirement already satisfied: websocket-client>=1.7 in /Users/runner/micromamba/envs/tardis/lib/python3.12/site-packages (from jupyter-server<3,>=2.4.0->notebook>=4.4.1->widgetsnbextension~=3.6.5->ipywidgets>=7.0.0->qgridnext) (1.8.0)
2025-01-13T20:01:54.7743720Z Requirement already satisfied: async-lru>=1.0.0 in /Users/runner/micromamba/envs/tardis/lib/python3.12/site-packages (from jupyterlab<4.3,>=4.2.0->notebook>=4.4.1->widgetsnbextension~=3.6.5->ipywidgets>=7.0.0->qgridnext) (2.0.4)
2025-01-13T20:01:54.7845570Z Requirement already satisfied: httpx>=0.25.0 in /Users/runner/micromamba/envs/tardis/lib/python3.12/site-packages (from jupyterlab<4.3,>=4.2.0->notebook>=4.4.1->widgetsnbextension~=3.6.5->ipywidgets>=7.0.0->qgridnext) (0.27.0)
2025-01-13T20:01:54.7946650Z Requirement already satisfied: ipykernel>=6.5.0 in /Users/runner/micromamba/envs/tardis/lib/python3.12/site-packages (from jupyterlab<4.3,>=4.2.0->notebook>=4.4.1->widgetsnbextension~=3.6.5->ipywidgets>=7.0.0->qgridnext) (6.29.4)
2025-01-13T20:01:54.8047890Z Requirement already satisfied: jupyter-lsp>=2.0.0 in /Users/runner/micromamba/envs/tardis/lib/python3.12/site-packages (from jupyterlab<4.3,>=4.2.0->notebook>=4.4.1->widgetsnbextension~=3.6.5->ipywidgets>=7.0.0->qgridnext) (2.2.5)
2025-01-13T20:01:54.8149270Z Requirement already satisfied: setuptools>=40.1.0 in /Users/runner/micromamba/envs/tardis/lib/python3.12/site-packages (from jupyterlab<4.3,>=4.2.0->notebook>=4.4.1->widgetsnbextension~=3.6.5->ipywidgets>=7.0.0->qgridnext) (70.0.0)
2025-01-13T20:01:54.8250750Z Requirement already satisfied: babel>=2.10 in /Users/runner/micromamba/envs/tardis/lib/python3.12/site-packages (from jupyterlab-server<3,>=2.27.1->notebook>=4.4.1->widgetsnbextension~=3.6.5->ipywidgets>=7.0.0->qgridnext) (2.14.0)
2025-01-13T20:01:54.8352370Z Requirement already satisfied: json5>=0.9.0 in /Users/runner/micromamba/envs/tardis/lib/python3.12/site-packages (from jupyterlab-server<3,>=2.27.1->notebook>=4.4.1->widgetsnbextension~=3.6.5->ipywidgets>=7.0.0->qgridnext) (0.9.25)
2025-01-13T20:01:54.8452920Z Requirement already satisfied: jsonschema>=4.18.0 in /Users/runner/micromamba/envs/tardis/lib/python3.12/site-packages (from jupyterlab-server<3,>=2.27.1->notebook>=4.4.1->widgetsnbextension~=3.6.5->ipywidgets>=7.0.0->qgridnext) (4.22.0)
2025-01-13T20:01:54.8553390Z Requirement already satisfied: requests>=2.31 in /Users/runner/micromamba/envs/tardis/lib/python3.12/site-packages (from jupyterlab-server<3,>=2.27.1->notebook>=4.4.1->widgetsnbextension~=3.6.5->ipywidgets>=7.0.0->qgridnext) (2.32.3)
2025-01-13T20:01:54.8654970Z Requirement already satisfied: idna>=2.8 in /Users/runner/micromamba/envs/tardis/lib/python3.12/site-packages (from anyio>=3.1.0->jupyter-server<3,>=2.4.0->notebook>=4.4.1->widgetsnbextension~=3.6.5->ipywidgets>=7.0.0->qgridnext) (3.7)
2025-01-13T20:01:54.8755670Z Requirement already satisfied: sniffio>=1.1 in /Users/runner/micromamba/envs/tardis/lib/python3.12/site-packages (from anyio>=3.1.0->jupyter-server<3,>=2.4.0->notebook>=4.4.1->widgetsnbextension~=3.6.5->ipywidgets>=7.0.0->qgridnext) (1.3.1)
2025-01-13T20:01:54.8855660Z Requirement already satisfied: argon2-cffi-bindings in /Users/runner/micromamba/envs/tardis/lib/python3.12/site-packages (from argon2-cffi>=21.1->jupyter-server<3,>=2.4.0->notebook>=4.4.1->widgetsnbextension~=3.6.5->ipywidgets>=7.0.0->qgridnext) (21.2.0)
2025-01-13T20:01:54.8957790Z Requirement already satisfied: certifi in /Users/runner/micromamba/envs/tardis/lib/python3.12/site-packages (from httpx>=0.25.0->jupyterlab<4.3,>=4.2.0->notebook>=4.4.1->widgetsnbextension~=3.6.5->ipywidgets>=7.0.0->qgridnext) (2024.6.2)
2025-01-13T20:01:54.9058520Z Requirement already satisfied: httpcore==1.* in /Users/runner/micromamba/envs/tardis/lib/python3.12/site-packages (from httpx>=0.25.0->jupyterlab<4.3,>=4.2.0->notebook>=4.4.1->widgetsnbextension~=3.6.5->ipywidgets>=7.0.0->qgridnext) (1.0.5)
2025-01-13T20:01:54.9059860Z Requirement already satisfied: h11<0.15,>=0.13 in /Users/runner/micromamba/envs/tardis/lib/python3.12/site-packages (from httpcore==1.*->httpx>=0.25.0->jupyterlab<4.3,>=4.2.0->notebook>=4.4.1->widgetsnbextension~=3.6.5->ipywidgets>=7.0.0->qgridnext) (0.14.0)
2025-01-13T20:01:54.9161700Z Requirement already satisfied: appnope in /Users/runner/micromamba/envs/tardis/lib/python3.12/site-packages (from ipykernel>=6.5.0->jupyterlab<4.3,>=4.2.0->notebook>=4.4.1->widgetsnbextension~=3.6.5->ipywidgets>=7.0.0->qgridnext) (0.1.4)
2025-01-13T20:01:54.9263540Z Requirement already satisfied: debugpy>=1.6.5 in /Users/runner/micromamba/envs/tardis/lib/python3.12/site-packages (from ipykernel>=6.5.0->jupyterlab<4.3,>=4.2.0->notebook>=4.4.1->widgetsnbextension~=3.6.5->ipywidgets>=7.0.0->qgridnext) (1.8.1)
2025-01-13T20:01:54.9365770Z Requirement already satisfied: nest-asyncio in /Users/runner/micromamba/envs/tardis/lib/python3.12/site-packages (from ipykernel>=6.5.0->jupyterlab<4.3,>=4.2.0->notebook>=4.4.1->widgetsnbextension~=3.6.5->ipywidgets>=7.0.0->qgridnext) (1.6.0)
2025-01-13T20:01:54.9467910Z Requirement already satisfied: psutil in /Users/runner/micromamba/envs/tardis/lib/python3.12/site-packages (from ipykernel>=6.5.0->jupyterlab<4.3,>=4.2.0->notebook>=4.4.1->widgetsnbextension~=3.6.5->ipywidgets>=7.0.0->qgridnext) (5.9.8)
2025-01-13T20:01:54.9569960Z Requirement already satisfied: MarkupSafe>=2.0 in /Users/runner/micromamba/envs/tardis/lib/python3.12/site-packages (from jinja2>=3.0.3->jupyter-server<3,>=2.4.0->notebook>=4.4.1->widgetsnbextension~=3.6.5->ipywidgets>=7.0.0->qgridnext) (2.1.5)
2025-01-13T20:01:54.9663270Z Requirement already satisfied: attrs>=22.2.0 in /Users/runner/micromamba/envs/tardis/lib/python3.12/site-packages (from jsonschema>=4.18.0->jupyterlab-server<3,>=2.27.1->notebook>=4.4.1->widgetsnbextension~=3.6.5->ipywidgets>=7.0.0->qgridnext) (23.2.0)
2025-01-13T20:01:54.9713120Z Requirement already satisfied: jsonschema-specifications>=2023.03.6 in /Users/runner/micromamba/envs/tardis/lib/python3.12/site-packages (from jsonschema>=4.18.0->jupyterlab-server<3,>=2.27.1->notebook>=4.4.1->widgetsnbextension~=3.6.5->ipywidgets>=7.0.0->qgridnext) (2023.12.1)
2025-01-13T20:01:54.9761190Z Requirement already satisfied: referencing>=0.28.4 in /Users/runner/micromamba/envs/tardis/lib/python3.12/site-packages (from jsonschema>=4.18.0->jupyterlab-server<3,>=2.27.1->notebook>=4.4.1->widgetsnbextension~=3.6.5->ipywidgets>=7.0.0->qgridnext) (0.35.1)
2025-01-13T20:01:54.9803480Z Requirement already satisfied: rpds-py>=0.7.1 in /Users/runner/micromamba/envs/tardis/lib/python3.12/site-packages (from jsonschema>=4.18.0->jupyterlab-server<3,>=2.27.1->notebook>=4.4.1->widgetsnbextension~=3.6.5->ipywidgets>=7.0.0->qgridnext) (0.18.1)
2025-01-13T20:01:54.9859570Z Requirement already satisfied: platformdirs>=2.5 in /Users/runner/micromamba/envs/tardis/lib/python3.12/site-packages (from jupyter-core!=5.0.*,>=4.12->jupyter-server<3,>=2.4.0->notebook>=4.4.1->widgetsnbextension~=3.6.5->ipywidgets>=7.0.0->qgridnext) (4.2.2)
2025-01-13T20:01:54.9892950Z Requirement already satisfied: python-json-logger>=2.0.4 in /Users/runner/micromamba/envs/tardis/lib/python3.12/site-packages (from jupyter-events>=0.9.0->jupyter-server<3,>=2.4.0->notebook>=4.4.1->widgetsnbextension~=3.6.5->ipywidgets>=7.0.0->qgridnext) (2.0.7)
2025-01-13T20:01:54.9898630Z Requirement already satisfied: pyyaml>=5.3 in /Users/runner/micromamba/envs/tardis/lib/python3.12/site-packages (from jupyter-events>=0.9.0->jupyter-server<3,>=2.4.0->notebook>=4.4.1->widgetsnbextension~=3.6.5->ipywidgets>=7.0.0->qgridnext) (6.0.1)
2025-01-13T20:01:54.9900250Z Requirement already satisfied: rfc3339-validator in /Users/runner/micromamba/envs/tardis/lib/python3.12/site-packages (from jupyter-events>=0.9.0->jupyter-server<3,>=2.4.0->notebook>=4.4.1->widgetsnbextension~=3.6.5->ipywidgets>=7.0.0->qgridnext) (0.1.4)
2025-01-13T20:01:54.9941770Z Requirement already satisfied: rfc3986-validator>=0.1.1 in /Users/runner/micromamba/envs/tardis/lib/python3.12/site-packages (from jupyter-events>=0.9.0->jupyter-server<3,>=2.4.0->notebook>=4.4.1->widgetsnbextension~=3.6.5->ipywidgets>=7.0.0->qgridnext) (0.1.1)
2025-01-13T20:01:54.9965960Z Requirement already satisfied: beautifulsoup4 in /Users/runner/micromamba/envs/tardis/lib/python3.12/site-packages (from nbconvert>=6.4.4->jupyter-server<3,>=2.4.0->notebook>=4.4.1->widgetsnbextension~=3.6.5->ipywidgets>=7.0.0->qgridnext) (4.12.3)
2025-01-13T20:01:55.0015050Z Requirement already satisfied: bleach!=5.0.0 in /Users/runner/micromamba/envs/tardis/lib/python3.12/site-packages (from nbconvert>=6.4.4->jupyter-server<3,>=2.4.0->notebook>=4.4.1->widgetsnbextension~=3.6.5->ipywidgets>=7.0.0->qgridnext) (6.1.0)
2025-01-13T20:01:55.0038260Z Requirement already satisfied: defusedxml in /Users/runner/micromamba/envs/tardis/lib/python3.12/site-packages (from nbconvert>=6.4.4->jupyter-server<3,>=2.4.0->notebook>=4.4.1->widgetsnbextension~=3.6.5->ipywidgets>=7.0.0->qgridnext) (0.7.1)
2025-01-13T20:01:55.0065780Z Requirement already satisfied: jupyterlab-pygments in /Users/runner/micromamba/envs/tardis/lib/python3.12/site-packages (from nbconvert>=6.4.4->jupyter-server<3,>=2.4.0->notebook>=4.4.1->widgetsnbextension~=3.6.5->ipywidgets>=7.0.0->qgridnext) (0.3.0)
2025-01-13T20:01:55.0070320Z Requirement already satisfied: mistune<4,>=2.0.3 in /Users/runner/micromamba/envs/tardis/lib/python3.12/site-packages (from nbconvert>=6.4.4->jupyter-server<3,>=2.4.0->notebook>=4.4.1->widgetsnbextension~=3.6.5->ipywidgets>=7.0.0->qgridnext) (3.0.2)
2025-01-13T20:01:55.0109700Z Requirement already satisfied: nbclient>=0.5.0 in /Users/runner/micromamba/envs/tardis/lib/python3.12/site-packages (from nbconvert>=6.4.4->jupyter-server<3,>=2.4.0->notebook>=4.4.1->widgetsnbextension~=3.6.5->ipywidgets>=7.0.0->qgridnext) (0.10.0)
2025-01-13T20:01:55.0112000Z Requirement already satisfied: pandocfilters>=1.4.1 in /Users/runner/micromamba/envs/tardis/lib/python3.12/site-packages (from nbconvert>=6.4.4->jupyter-server<3,>=2.4.0->notebook>=4.4.1->widgetsnbextension~=3.6.5->ipywidgets>=7.0.0->qgridnext) (1.5.0)
2025-01-13T20:01:55.0148370Z Requirement already satisfied: tinycss2 in /Users/runner/micromamba/envs/tardis/lib/python3.12/site-packages (from nbconvert>=6.4.4->jupyter-server<3,>=2.4.0->notebook>=4.4.1->widgetsnbextension~=3.6.5->ipywidgets>=7.0.0->qgridnext) (1.3.0)
2025-01-13T20:01:55.0183990Z Requirement already satisfied: fastjsonschema>=2.15 in /Users/runner/micromamba/envs/tardis/lib/python3.12/site-packages (from nbformat>=5.3.0->jupyter-server<3,>=2.4.0->notebook>=4.4.1->widgetsnbextension~=3.6.5->ipywidgets>=7.0.0->qgridnext) (2.20.0)
2025-01-13T20:01:55.0208320Z Requirement already satisfied: charset-normalizer<4,>=2 in /Users/runner/micromamba/envs/tardis/lib/python3.12/site-packages (from requests>=2.31->jupyterlab-server<3,>=2.27.1->notebook>=4.4.1->widgetsnbextension~=3.6.5->ipywidgets>=7.0.0->qgridnext) (3.3.2)
2025-01-13T20:01:55.0212620Z Requirement already satisfied: urllib3<3,>=1.21.1 in /Users/runner/micromamba/envs/tardis/lib/python3.12/site-packages (from requests>=2.31->jupyterlab-server<3,>=2.27.1->notebook>=4.4.1->widgetsnbextension~=3.6.5->ipywidgets>=7.0.0->qgridnext) (2.2.2)
2025-01-13T20:01:55.0244860Z Requirement already satisfied: webencodings in /Users/runner/micromamba/envs/tardis/lib/python3.12/site-packages (from bleach!=5.0.0->nbconvert>=6.4.4->jupyter-server<3,>=2.4.0->notebook>=4.4.1->widgetsnbextension~=3.6.5->ipywidgets>=7.0.0->qgridnext) (0.5.1)
2025-01-13T20:01:55.0255090Z Requirement already satisfied: fqdn in /Users/runner/micromamba/envs/tardis/lib/python3.12/site-packages (from jsonschema[format-nongpl]>=4.18.0->jupyter-events>=0.9.0->jupyter-server<3,>=2.4.0->notebook>=4.4.1->widgetsnbextension~=3.6.5->ipywidgets>=7.0.0->qgridnext) (1.5.1)
2025-01-13T20:01:55.0264130Z Requirement already satisfied: isoduration in /Users/runner/micromamba/envs/tardis/lib/python3.12/site-packages (from jsonschema[format-nongpl]>=4.18.0->jupyter-events>=0.9.0->jupyter-server<3,>=2.4.0->notebook>=4.4.1->widgetsnbextension~=3.6.5->ipywidgets>=7.0.0->qgridnext) (20.11.0)
2025-01-13T20:01:55.0291320Z Requirement already satisfied: jsonpointer>1.13 in /Users/runner/micromamba/envs/tardis/lib/python3.12/site-packages (from jsonschema[format-nongpl]>=4.18.0->jupyter-events>=0.9.0->jupyter-server<3,>=2.4.0->notebook>=4.4.1->widgetsnbextension~=3.6.5->ipywidgets>=7.0.0->qgridnext) (3.0.0)
2025-01-13T20:01:55.0294600Z Requirement already satisfied: uri-template in /Users/runner/micromamba/envs/tardis/lib/python3.12/site-packages (from jsonschema[format-nongpl]>=4.18.0->jupyter-events>=0.9.0->jupyter-server<3,>=2.4.0->notebook>=4.4.1->widgetsnbextension~=3.6.5->ipywidgets>=7.0.0->qgridnext) (1.3.0)
2025-01-13T20:01:55.0310760Z Requirement already satisfied: webcolors>=1.11 in /Users/runner/micromamba/envs/tardis/lib/python3.12/site-packages (from jsonschema[format-nongpl]>=4.18.0->jupyter-events>=0.9.0->jupyter-server<3,>=2.4.0->notebook>=4.4.1->widgetsnbextension~=3.6.5->ipywidgets>=7.0.0->qgridnext) (24.6.0)
2025-01-13T20:01:55.0341250Z Requirement already satisfied: cffi>=1.0.1 in /Users/runner/micromamba/envs/tardis/lib/python3.12/site-packages (from argon2-cffi-bindings->argon2-cffi>=21.1->jupyter-server<3,>=2.4.0->notebook>=4.4.1->widgetsnbextension~=3.6.5->ipywidgets>=7.0.0->qgridnext) (1.16.0)
2025-01-13T20:01:55.0351840Z Requirement already satisfied: soupsieve>1.2 in /Users/runner/micromamba/envs/tardis/lib/python3.12/site-packages (from beautifulsoup4->nbconvert>=6.4.4->jupyter-server<3,>=2.4.0->notebook>=4.4.1->widgetsnbextension~=3.6.5->ipywidgets>=7.0.0->qgridnext) (2.5)
2025-01-13T20:01:55.0595370Z Requirement already satisfied: pycparser in /Users/runner/micromamba/envs/tardis/lib/python3.12/site-packages (from cffi>=1.0.1->argon2-cffi-bindings->argon2-cffi>=21.1->jupyter-server<3,>=2.4.0->notebook>=4.4.1->widgetsnbextension~=3.6.5->ipywidgets>=7.0.0->qgridnext) (2.22)
2025-01-13T20:01:55.0936430Z Requirement already satisfied: arrow>=0.15.0 in /Users/runner/micromamba/envs/tardis/lib/python3.12/site-packages (from isoduration->jsonschema[format-nongpl]>=4.18.0->jupyter-events>=0.9.0->jupyter-server<3,>=2.4.0->notebook>=4.4.1->widgetsnbextension~=3.6.5->ipywidgets>=7.0.0->qgridnext) (1.3.0)
2025-01-13T20:01:55.1147790Z Requirement already satisfied: types-python-dateutil>=2.8.10 in /Users/runner/micromamba/envs/tardis/lib/python3.12/site-packages (from arrow>=0.15.0->isoduration->jsonschema[format-nongpl]>=4.18.0->jupyter-events>=0.9.0->jupyter-server<3,>=2.4.0->notebook>=4.4.1->widgetsnbextension~=3.6.5->ipywidgets>=7.0.0->qgridnext) (2.9.0.20240316)
2025-01-13T20:01:55.1412100Z Downloading qgridnext-2.0.4-py3-none-any.whl (1.3 MB)
2025-01-13T20:01:55.1963730Z    â”â”â”â”â”â”â”â”â”â”â”â”â”â”â”â”â”â”â”â”â”â”â”â”â”â”â”â”â”â”â”â”â”â”â”â”â”â”â”â” 1.3/1.3 MB 24.9 MB/s eta 0:00:00
2025-01-13T20:01:55.7332430Z Installing collected packages: qgridnext
2025-01-13T20:01:55.7820370Z Successfully installed qgridnext-2.0.4
2025-01-13T20:01:55.9851760Z ##[group]Run pytest tardis --tardis-regression-data=/Users/runner/work/tardis/tardis/tardis-regression-data --cov=tardis --cov-report=xml --cov-report=html --cov-append -m " continuum"
2025-01-13T20:01:55.9852770Z [36;1mpytest tardis --tardis-regression-data=/Users/runner/work/tardis/tardis/tardis-regression-data --cov=tardis --cov-report=xml --cov-report=html --cov-append -m " continuum"[0m
2025-01-13T20:01:55.9905030Z shell: /bin/bash -l {0}
2025-01-13T20:01:55.9905230Z env:
2025-01-13T20:01:55.9905380Z   CACHE_NUMBER: 0
2025-01-13T20:01:55.9905900Z   PYTEST_FLAGS: --tardis-regression-data=/Users/runner/work/tardis/tardis/tardis-regression-data --cov=tardis --cov-report=xml --cov-report=html --cov-append
2025-01-13T20:01:55.9906420Z   CODECOV_TOKEN: 
2025-01-13T20:01:55.9906610Z   MAMBA_ROOT_PREFIX: /Users/runner/micromamba
2025-01-13T20:01:55.9906880Z   MAMBA_EXE: /Users/runner/micromamba-bin/micromamba
2025-01-13T20:01:55.9907240Z   CONDARC: /Users/runner/work/_temp/setup-micromamba/.condarc
2025-01-13T20:01:55.9907550Z ##[endgroup]
2025-01-13T20:02:06.9224900Z ============================= test session starts ==============================
2025-01-13T20:02:06.9225430Z platform darwin -- Python 3.12.4, pytest-8.2.2, pluggy-1.5.0
2025-01-13T20:02:06.9225790Z rootdir: /Users/runner/work/tardis/tardis
2025-01-13T20:02:06.9226060Z configfile: pyproject.toml
2025-01-13T20:02:06.9226460Z plugins: cov-5.0.0, html-4.1.1, metadata-3.1.1, doctestplus-1.2.1, anyio-4.4.0
2025-01-13T20:02:06.9226860Z collected 1796 items / 1794 deselected / 2 selected
2025-01-13T20:02:06.9227130Z 
2025-01-13T20:03:00.0286250Z tardis/transport/montecarlo/estimators/tests/test_continuum_property_solver.py . [ 50%]
2025-01-13T20:03:00.0314260Z                                                                          [ 50%]
2025-01-13T20:03:26.0973710Z tardis/transport/montecarlo/tests/test_continuum.py .                    [100%]
2025-01-13T20:03:26.0974110Z 
2025-01-13T20:03:26.0974360Z =============================== warnings summary ===============================
2025-01-13T20:03:26.0974770Z tardis/io/configuration/config_validator.py:6
2025-01-13T20:03:26.0986510Z tardis/io/configuration/config_validator.py:6
2025-01-13T20:03:26.0987040Z   /Users/runner/work/tardis/tardis/tardis/io/configuration/config_validator.py:6: DeprecationWarning:
2025-01-13T20:03:26.0987620Z   
2025-01-13T20:03:26.0989200Z   jsonschema.RefResolver is deprecated as of v4.18.0, in favor of the https://github.com/python-jsonschema/referencing library, which provides more compliant referencing behavior as well as more flexible APIs for customization. A future release will remove RefResolver. Please file a feature request (on referencing) if you are missing an API for the kind of customization you need.
2025-01-13T20:03:26.0990220Z 
2025-01-13T20:03:26.0990470Z ../../../micromamba/envs/tardis/lib/python3.12/site-packages/jupyter_client/connect.py:22
2025-01-13T20:03:26.0991200Z   /Users/runner/micromamba/envs/tardis/lib/python3.12/site-packages/jupyter_client/connect.py:22: DeprecationWarning:
2025-01-13T20:03:26.0991670Z   
2025-01-13T20:03:26.0992000Z   Jupyter is migrating its paths to use standard platformdirs
2025-01-13T20:03:26.0992410Z   given by the platformdirs library.  To remove this warning and
2025-01-13T20:03:26.0992890Z   see the appropriate new directories, set the environment variable
2025-01-13T20:03:26.0993280Z   `JUPYTER_PLATFORM_DIRS=1` and then run `jupyter --paths`.
2025-01-13T20:03:26.0993710Z   The use of platformdirs will be the default in `jupyter_core` v6
2025-01-13T20:03:26.0993970Z 
2025-01-13T20:03:26.0999010Z tardis/transport/montecarlo/estimators/tests/test_continuum_property_solver.py::test_continuum_estimators
2025-01-13T20:03:26.0999840Z   /Users/runner/work/tardis/tardis/tardis/transport/montecarlo/montecarlo_main_loop.py:123: NumbaTypeSafetyWarning:
2025-01-13T20:03:26.1000420Z   
2025-01-13T20:03:26.1001420Z   [1m[1m[1munsafe cast from uint64 to int64. Precision may be lost.[0m[0m[0m
2025-01-13T20:03:26.1002490Z 
2025-01-13T20:03:26.1002750Z -- Docs: https://docs.pytest.org/en/stable/how-to/capture-warnings.html
2025-01-13T20:03:26.1002980Z 
2025-01-13T20:03:26.1003240Z ---------- coverage: platform darwin, python 3.12.4-final-0 ----------
2025-01-13T20:03:26.1003620Z Coverage HTML written to dir coverage_html_report
2025-01-13T20:03:26.1003850Z Coverage XML written to file coverage.xml
2025-01-13T20:03:26.1004080Z 
2025-01-13T20:03:26.1004280Z ========== 2 passed, 1794 deselected, 4 warnings in 80.47s (0:01:20) ===========
2025-01-13T20:03:26.9670730Z ##[group]Run mv .coverage .coverage.1
2025-01-13T20:03:26.9671110Z [36;1mmv .coverage .coverage.1[0m
2025-01-13T20:03:27.0131750Z shell: /bin/bash -l {0}
2025-01-13T20:03:27.0132010Z env:
2025-01-13T20:03:27.0132310Z   CACHE_NUMBER: 0
2025-01-13T20:03:27.0132890Z   PYTEST_FLAGS: --tardis-regression-data=/Users/runner/work/tardis/tardis/tardis-regression-data --cov=tardis --cov-report=xml --cov-report=html --cov-append
2025-01-13T20:03:27.0133530Z   CODECOV_TOKEN: 
2025-01-13T20:03:27.0133780Z   MAMBA_ROOT_PREFIX: /Users/runner/micromamba
2025-01-13T20:03:27.0134180Z   MAMBA_EXE: /Users/runner/micromamba-bin/micromamba
2025-01-13T20:03:27.0134530Z   CONDARC: /Users/runner/work/_temp/setup-micromamba/.condarc
2025-01-13T20:03:27.0134930Z ##[endgroup]
2025-01-13T20:03:27.1428780Z ##[group]Run actions/upload-artifact@v4
2025-01-13T20:03:27.1429210Z with:
2025-01-13T20:03:27.1429450Z   name: coverage--continuum-macos-latest
2025-01-13T20:03:27.1429770Z   include-hidden-files: true
2025-01-13T20:03:27.1430050Z   path: .coverage*
!.coveragerc

2025-01-13T20:03:27.1430380Z   if-no-files-found: warn
2025-01-13T20:03:27.1430610Z   compression-level: 6
2025-01-13T20:03:27.1430890Z   overwrite: false
2025-01-13T20:03:27.1431090Z env:
2025-01-13T20:03:27.1431250Z   CACHE_NUMBER: 0
2025-01-13T20:03:27.1431740Z   PYTEST_FLAGS: --tardis-regression-data=/Users/runner/work/tardis/tardis/tardis-regression-data --cov=tardis --cov-report=xml --cov-report=html --cov-append
2025-01-13T20:03:27.1432260Z   CODECOV_TOKEN: 
2025-01-13T20:03:27.1432440Z   MAMBA_ROOT_PREFIX: /Users/runner/micromamba
2025-01-13T20:03:27.1432810Z   MAMBA_EXE: /Users/runner/micromamba-bin/micromamba
2025-01-13T20:03:27.1433370Z   CONDARC: /Users/runner/work/_temp/setup-micromamba/.condarc
2025-01-13T20:03:27.1433800Z ##[endgroup]
2025-01-13T20:03:27.5218840Z With the provided path, there will be 2 files uploaded
2025-01-13T20:03:27.5223710Z Artifact name is valid!
2025-01-13T20:03:27.5289110Z Root directory input is valid!
2025-01-13T20:03:27.7257290Z Beginning upload of artifact content to blob storage
2025-01-13T20:03:27.9151320Z Uploaded bytes 27331
2025-01-13T20:03:27.9520970Z Finished uploading artifact content to blob storage!
2025-01-13T20:03:27.9521840Z SHA256 hash of uploaded artifact zip is ed64337c6f1e812068782f30ab46e0523f2b28450a1ede4fba53bf28f623baab
2025-01-13T20:03:27.9522800Z Finalizing artifact upload
2025-01-13T20:03:28.0571780Z Artifact coverage--continuum-macos-latest.zip successfully finalized. Artifact ID 2424449409
2025-01-13T20:03:28.0572410Z Artifact coverage--continuum-macos-latest has been successfully uploaded! Final size is 27331 bytes. Artifact ID is 2424449409
2025-01-13T20:03:28.0579610Z Artifact download URL: https://github.com/tardis-sn/tardis/actions/runs/12755060743/artifacts/2424449409
2025-01-13T20:03:28.0667810Z Post job cleanup.
2025-01-13T20:03:28.0701760Z Post job cleanup.
2025-01-13T20:03:28.1863720Z Will use pre-installed micromamba at /Users/runner/micromamba-bin/micromamba
2025-01-13T20:03:28.1867250Z Removing micromamba run shell ...
2025-01-13T20:03:28.1870430Z ##[group]Deinitialize micromamba for bash
2025-01-13T20:03:28.1887140Z [command]/Users/runner/micromamba-bin/micromamba shell deinit -s bash -r /Users/runner/micromamba --log-level warning --rc-file /Users/runner/work/_temp/setup-micromamba/.condarc
2025-01-13T20:03:28.2028500Z Resetting RC file "/Users/runner/.bash_profile"
2025-01-13T20:03:28.2028860Z Deleting config for root prefix 
2025-01-13T20:03:28.2029090Z Clearing mamba executable environment variable
2025-01-13T20:03:28.2050960Z Removing the following in your "/Users/runner/.bash_profile" file
2025-01-13T20:03:28.2051510Z # >>> mamba initialize >>>
2025-01-13T20:03:28.2051810Z ...
2025-01-13T20:03:28.2052040Z # <<< mamba initialize <<<
2025-01-13T20:03:28.2074280Z Removing environment tardis from auto-activate bash ...
2025-01-13T20:03:28.2155190Z Post job cleanup.
2025-01-13T20:03:28.2198590Z Post job cleanup.
2025-01-13T20:03:28.3072860Z [command]/opt/homebrew/bin/git version
2025-01-13T20:03:28.3253120Z git version 2.47.1
2025-01-13T20:03:28.3274470Z Copying '/Users/runner/.gitconfig' to '/Users/runner/work/_temp/429054bf-d3e4-42b2-a724-666700cc9566/.gitconfig'
2025-01-13T20:03:28.3280590Z Temporarily overriding HOME='/Users/runner/work/_temp/429054bf-d3e4-42b2-a724-666700cc9566' before making global git config changes
2025-01-13T20:03:28.3281220Z Adding repository directory to the temporary git global config as a safe directory
2025-01-13T20:03:28.3284350Z [command]/opt/homebrew/bin/git config --global --add safe.directory /Users/runner/work/tardis/tardis/tardis-regression-data
2025-01-13T20:03:28.3365980Z [command]/opt/homebrew/bin/git config --local --name-only --get-regexp core\.sshCommand
2025-01-13T20:03:28.3408900Z [command]/opt/homebrew/bin/git submodule foreach --recursive sh -c "git config --local --name-only --get-regexp 'core\.sshCommand' && git config --local --unset-all 'core.sshCommand' || :"
2025-01-13T20:03:28.4336020Z [command]/opt/homebrew/bin/git config --local --name-only --get-regexp http\.https\:\/\/github\.com\/\.extraheader
2025-01-13T20:03:28.4369340Z http.https://github.com/.extraheader
2025-01-13T20:03:28.4377080Z [command]/opt/homebrew/bin/git config --local --unset-all http.https://github.com/.extraheader
2025-01-13T20:03:28.4416910Z [command]/opt/homebrew/bin/git submodule foreach --recursive sh -c "git config --local --name-only --get-regexp 'http\.https\:\/\/github\.com\/\.extraheader' && git config --local --unset-all 'http.https://github.com/.extraheader' || :"
2025-01-13T20:03:28.4992990Z Post job cleanup.
2025-01-13T20:03:28.6727700Z [command]/opt/homebrew/bin/git version
2025-01-13T20:03:28.6802900Z git version 2.47.1
2025-01-13T20:03:28.6806890Z Copying '/Users/runner/.gitconfig' to '/Users/runner/work/_temp/3a333b2c-ae53-47b8-bb50-9c3641f6807f/.gitconfig'
2025-01-13T20:03:28.6807720Z Temporarily overriding HOME='/Users/runner/work/_temp/3a333b2c-ae53-47b8-bb50-9c3641f6807f' before making global git config changes
2025-01-13T20:03:28.6808540Z Adding repository directory to the temporary git global config as a safe directory
2025-01-13T20:03:28.6809160Z [command]/opt/homebrew/bin/git config --global --add safe.directory /Users/runner/work/tardis/tardis
2025-01-13T20:03:28.6810840Z [command]/opt/homebrew/bin/git config --local --name-only --get-regexp core\.sshCommand
2025-01-13T20:03:28.6845380Z [command]/opt/homebrew/bin/git submodule foreach --recursive sh -c "git config --local --name-only --get-regexp 'core\.sshCommand' && git config --local --unset-all 'core.sshCommand' || :"
2025-01-13T20:03:28.7341430Z [command]/opt/homebrew/bin/git config --local --name-only --get-regexp http\.https\:\/\/github\.com\/\.extraheader
2025-01-13T20:03:28.7372340Z http.https://github.com/.extraheader
2025-01-13T20:03:28.7380450Z [command]/opt/homebrew/bin/git config --local --unset-all http.https://github.com/.extraheader
2025-01-13T20:03:28.7426760Z [command]/opt/homebrew/bin/git submodule foreach --recursive sh -c "git config --local --name-only --get-regexp 'http\.https\:\/\/github\.com\/\.extraheader' && git config --local --unset-all 'http.https://github.com/.extraheader' || :"
2025-01-13T20:03:28.7967710Z Cleaning up orphan processes
