2025-01-13T19:35:08.0933702Z Requested labels: macos-latest
2025-01-13T19:35:08.0933995Z Job defined at: tardis-sn/tardis/.github/workflows/tests.yml@refs/pull/2940/merge
2025-01-13T19:35:08.0934147Z Waiting for a runner to pick up this job...
2025-01-13T19:35:08.4027751Z Job is waiting for a hosted runner to come online.
2025-01-13T19:35:12.6046102Z Job is about to start running on the hosted runner: GitHub Actions 26 (hosted)
2025-01-13T19:35:14.0614730Z Current runner version: '2.321.0'
2025-01-13T19:35:14.0636120Z ##[group]Operating System
2025-01-13T19:35:14.0636660Z macOS
2025-01-13T19:35:14.0636960Z 14.7.2
2025-01-13T19:35:14.0637270Z 23H311
2025-01-13T19:35:14.0637570Z ##[endgroup]
2025-01-13T19:35:14.0637890Z ##[group]Runner Image
2025-01-13T19:35:14.0638240Z Image: macos-14-arm64
2025-01-13T19:35:14.0638550Z Version: 20250106.725
2025-01-13T19:35:14.0639230Z Included Software: https://github.com/actions/runner-images/blob/macos-14-arm64/20250106.725/images/macos/macos-14-arm64-Readme.md
2025-01-13T19:35:14.0640180Z Image Release: https://github.com/actions/runner-images/releases/tag/macos-14-arm64%2F20250106.725
2025-01-13T19:35:14.0640750Z ##[endgroup]
2025-01-13T19:35:14.0641070Z ##[group]Runner Image Provisioner
2025-01-13T19:35:14.0641470Z 2.0.404.1+573eac7f0cc07d6bb82d8b9bf5e1ffa69a554644
2025-01-13T19:35:14.0641870Z ##[endgroup]
2025-01-13T19:35:14.0643240Z ##[group]GITHUB_TOKEN Permissions
2025-01-13T19:35:14.0644510Z Actions: read
2025-01-13T19:35:14.0644840Z Attestations: read
2025-01-13T19:35:14.0645140Z Checks: read
2025-01-13T19:35:14.0645440Z Contents: read
2025-01-13T19:35:14.0645740Z Deployments: read
2025-01-13T19:35:14.0646040Z Discussions: read
2025-01-13T19:35:14.0646340Z Issues: read
2025-01-13T19:35:14.0646630Z Metadata: read
2025-01-13T19:35:14.0646930Z Packages: read
2025-01-13T19:35:14.0647220Z Pages: read
2025-01-13T19:35:14.0647500Z PullRequests: read
2025-01-13T19:35:14.0647940Z RepositoryProjects: read
2025-01-13T19:35:14.0648280Z SecurityEvents: read
2025-01-13T19:35:14.0648590Z Statuses: read
2025-01-13T19:35:14.0648890Z ##[endgroup]
2025-01-13T19:35:14.0651170Z Secret source: None
2025-01-13T19:35:14.0651710Z Prepare workflow directory
2025-01-13T19:35:14.1043380Z Prepare all required actions
2025-01-13T19:35:14.1071170Z Getting action download info
2025-01-13T19:35:14.2582880Z Download action repository 'actions/checkout@v4' (SHA:11bd71901bbe5b1630ceea73d27597364c9af683)
2025-01-13T19:35:14.6731510Z Download action repository 'actions/upload-artifact@v4' (SHA:65c4c4a1ddee5b72f698fdd19549f0f0fb45cf08)
2025-01-13T19:35:15.9754180Z Complete job name: not continuum macos-latest 
2025-01-13T19:35:16.0168920Z ##[group]Run actions/checkout@v4
2025-01-13T19:35:16.0169810Z with:
2025-01-13T19:35:16.0170140Z   repository: tardis-sn/tardis
2025-01-13T19:35:16.0170760Z   token: ***
2025-01-13T19:35:16.0171060Z   ssh-strict: true
2025-01-13T19:35:16.0171360Z   ssh-user: git
2025-01-13T19:35:16.0171680Z   persist-credentials: true
2025-01-13T19:35:16.0172030Z   clean: true
2025-01-13T19:35:16.0172340Z   sparse-checkout-cone-mode: true
2025-01-13T19:35:16.0172720Z   fetch-depth: 1
2025-01-13T19:35:16.0173010Z   fetch-tags: false
2025-01-13T19:35:16.0173320Z   show-progress: true
2025-01-13T19:35:16.0173630Z   lfs: false
2025-01-13T19:35:16.0173930Z   submodules: false
2025-01-13T19:35:16.0174260Z   set-safe-directory: true
2025-01-13T19:35:16.0174730Z env:
2025-01-13T19:35:16.0175010Z   CACHE_NUMBER: 0
2025-01-13T19:35:16.0175900Z   PYTEST_FLAGS: --tardis-regression-data=/Users/runner/work/tardis/tardis/tardis-regression-data --cov=tardis --cov-report=xml --cov-report=html --cov-append
2025-01-13T19:35:16.0176900Z   CODECOV_TOKEN: 
2025-01-13T19:35:16.0177190Z ##[endgroup]
2025-01-13T19:35:16.3200610Z Syncing repository: tardis-sn/tardis
2025-01-13T19:35:16.3202030Z ##[group]Getting Git version info
2025-01-13T19:35:16.3202560Z Working directory is '/Users/runner/work/tardis/tardis'
2025-01-13T19:35:16.3222490Z [command]/opt/homebrew/bin/git version
2025-01-13T19:35:16.3818780Z git version 2.47.1
2025-01-13T19:35:16.3865060Z ##[endgroup]
2025-01-13T19:35:16.3870700Z Copying '/Users/runner/.gitconfig' to '/Users/runner/work/_temp/491a20d8-0f79-46b1-8b79-971c1e67df47/.gitconfig'
2025-01-13T19:35:16.3872180Z Temporarily overriding HOME='/Users/runner/work/_temp/491a20d8-0f79-46b1-8b79-971c1e67df47' before making global git config changes
2025-01-13T19:35:16.3901740Z Adding repository directory to the temporary git global config as a safe directory
2025-01-13T19:35:16.3903500Z [command]/opt/homebrew/bin/git config --global --add safe.directory /Users/runner/work/tardis/tardis
2025-01-13T19:35:16.4178460Z Deleting the contents of '/Users/runner/work/tardis/tardis'
2025-01-13T19:35:16.4181130Z ##[group]Initializing the repository
2025-01-13T19:35:16.4185530Z [command]/opt/homebrew/bin/git init /Users/runner/work/tardis/tardis
2025-01-13T19:35:16.4380400Z hint: Using 'master' as the name for the initial branch. This default branch name
2025-01-13T19:35:16.4381430Z hint: is subject to change. To configure the initial branch name to use in all
2025-01-13T19:35:16.4412540Z hint: of your new repositories, which will suppress this warning, call:
2025-01-13T19:35:16.4413320Z hint:
2025-01-13T19:35:16.4414030Z hint: 	git config --global init.defaultBranch <name>
2025-01-13T19:35:16.4416000Z hint:
2025-01-13T19:35:16.4416710Z hint: Names commonly chosen instead of 'master' are 'main', 'trunk' and
2025-01-13T19:35:16.4417600Z hint: 'development'. The just-created branch can be renamed via this command:
2025-01-13T19:35:16.4418330Z hint:
2025-01-13T19:35:16.4418780Z hint: 	git branch -m <name>
2025-01-13T19:35:16.4419440Z Initialized empty Git repository in /Users/runner/work/tardis/tardis/.git/
2025-01-13T19:35:16.4423420Z [command]/opt/homebrew/bin/git remote add origin https://github.com/tardis-sn/tardis
2025-01-13T19:35:16.4469670Z ##[endgroup]
2025-01-13T19:35:16.4470620Z ##[group]Disabling automatic garbage collection
2025-01-13T19:35:16.4471340Z [command]/opt/homebrew/bin/git config --local gc.auto 0
2025-01-13T19:35:16.4487390Z ##[endgroup]
2025-01-13T19:35:16.4488030Z ##[group]Setting up auth
2025-01-13T19:35:16.4492900Z [command]/opt/homebrew/bin/git config --local --name-only --get-regexp core\.sshCommand
2025-01-13T19:35:16.4538180Z [command]/opt/homebrew/bin/git submodule foreach --recursive sh -c "git config --local --name-only --get-regexp 'core\.sshCommand' && git config --local --unset-all 'core.sshCommand' || :"
2025-01-13T19:35:16.5695470Z [command]/opt/homebrew/bin/git config --local --name-only --get-regexp http\.https\:\/\/github\.com\/\.extraheader
2025-01-13T19:35:16.5754560Z [command]/opt/homebrew/bin/git submodule foreach --recursive sh -c "git config --local --name-only --get-regexp 'http\.https\:\/\/github\.com\/\.extraheader' && git config --local --unset-all 'http.https://github.com/.extraheader' || :"
2025-01-13T19:35:16.6256620Z [command]/opt/homebrew/bin/git config --local http.https://github.com/.extraheader AUTHORIZATION: basic ***
2025-01-13T19:35:16.6354590Z ##[endgroup]
2025-01-13T19:35:16.6355350Z ##[group]Fetching the repository
2025-01-13T19:35:16.6360720Z [command]/opt/homebrew/bin/git -c protocol.version=2 fetch --no-tags --prune --no-recurse-submodules --depth=1 origin +e0ca5b37f571246f16e4d838d1e758609b1b1ff4:refs/remotes/pull/2940/merge
2025-01-13T19:35:19.5272610Z From https://github.com/tardis-sn/tardis
2025-01-13T19:35:19.5273930Z  * [new ref]         e0ca5b37f571246f16e4d838d1e758609b1b1ff4 -> pull/2940/merge
2025-01-13T19:35:19.5439430Z ##[endgroup]
2025-01-13T19:35:19.5442220Z ##[group]Determining the checkout info
2025-01-13T19:35:19.5444280Z ##[endgroup]
2025-01-13T19:35:19.5445800Z [command]/opt/homebrew/bin/git sparse-checkout disable
2025-01-13T19:35:19.5508410Z [command]/opt/homebrew/bin/git config --local --unset-all extensions.worktreeConfig
2025-01-13T19:35:19.5571750Z ##[group]Checking out the ref
2025-01-13T19:35:19.5572880Z [command]/opt/homebrew/bin/git checkout --progress --force refs/remotes/pull/2940/merge
2025-01-13T19:35:19.8603960Z HEAD is now at e0ca5b3 Merge 3913efb25bcd8f939bf9099d99d4f597e81dc091 into b4bc6ac32afba1ed86870074cd69db14d7845052
2025-01-13T19:35:19.8614840Z ##[endgroup]
2025-01-13T19:35:19.8689810Z [command]/opt/homebrew/bin/git log -1 --format=%H
2025-01-13T19:35:19.8743810Z e0ca5b37f571246f16e4d838d1e758609b1b1ff4
2025-01-13T19:35:19.8984110Z Prepare all required actions
2025-01-13T19:35:19.8984540Z Getting action download info
2025-01-13T19:35:20.0712380Z Download action repository 'actions/cache@v4' (SHA:1bd1e32a3bdc45362d1e726936510720a7c30a57)
2025-01-13T19:35:20.3155920Z ##[group]Run ./.github/actions/setup_lfs
2025-01-13T19:35:20.3156560Z with:
2025-01-13T19:35:20.3156830Z   regression-data-repo: tardis-sn/tardis-regression-data
2025-01-13T19:35:20.3157150Z env:
2025-01-13T19:35:20.3157320Z   CACHE_NUMBER: 0
2025-01-13T19:35:20.3158030Z   PYTEST_FLAGS: --tardis-regression-data=/Users/runner/work/tardis/tardis/tardis-regression-data --cov=tardis --cov-report=xml --cov-report=html --cov-append
2025-01-13T19:35:20.3158640Z   CODECOV_TOKEN: 
2025-01-13T19:35:20.3158870Z ##[endgroup]
2025-01-13T19:35:20.3454400Z ##[group]Run actions/checkout@v4
2025-01-13T19:35:20.3454760Z with:
2025-01-13T19:35:20.3455110Z   repository: tardis-sn/tardis-regression-data
2025-01-13T19:35:20.3455410Z   path: tardis-regression-data
2025-01-13T19:35:20.3455820Z   token: ***
2025-01-13T19:35:20.3456330Z   ssh-strict: true
2025-01-13T19:35:20.3456590Z   ssh-user: git
2025-01-13T19:35:20.3456800Z   persist-credentials: true
2025-01-13T19:35:20.3457080Z   clean: true
2025-01-13T19:35:20.3457290Z   sparse-checkout-cone-mode: true
2025-01-13T19:35:20.3457530Z   fetch-depth: 1
2025-01-13T19:35:20.3457720Z   fetch-tags: false
2025-01-13T19:35:20.3457930Z   show-progress: true
2025-01-13T19:35:20.3458130Z   lfs: false
2025-01-13T19:35:20.3458320Z   submodules: false
2025-01-13T19:35:20.3458580Z   set-safe-directory: true
2025-01-13T19:35:20.3458800Z env:
2025-01-13T19:35:20.3458980Z   CACHE_NUMBER: 0
2025-01-13T19:35:20.3459680Z   PYTEST_FLAGS: --tardis-regression-data=/Users/runner/work/tardis/tardis/tardis-regression-data --cov=tardis --cov-report=xml --cov-report=html --cov-append
2025-01-13T19:35:20.3460270Z   CODECOV_TOKEN: 
2025-01-13T19:35:20.3460470Z ##[endgroup]
2025-01-13T19:35:20.4524190Z Syncing repository: tardis-sn/tardis-regression-data
2025-01-13T19:35:20.4528150Z ##[group]Getting Git version info
2025-01-13T19:35:20.4528610Z Working directory is '/Users/runner/work/tardis/tardis/tardis-regression-data'
2025-01-13T19:35:20.4558190Z [command]/opt/homebrew/bin/git version
2025-01-13T19:35:20.4621730Z git version 2.47.1
2025-01-13T19:35:20.4668690Z ##[endgroup]
2025-01-13T19:35:20.4671010Z Copying '/Users/runner/.gitconfig' to '/Users/runner/work/_temp/1d93883e-6e15-4c5c-8377-0396ccd94ae1/.gitconfig'
2025-01-13T19:35:20.4672100Z Temporarily overriding HOME='/Users/runner/work/_temp/1d93883e-6e15-4c5c-8377-0396ccd94ae1' before making global git config changes
2025-01-13T19:35:20.4672860Z Adding repository directory to the temporary git global config as a safe directory
2025-01-13T19:35:20.4673590Z [command]/opt/homebrew/bin/git config --global --add safe.directory /Users/runner/work/tardis/tardis/tardis-regression-data
2025-01-13T19:35:20.4717130Z ##[group]Initializing the repository
2025-01-13T19:35:20.4718110Z [command]/opt/homebrew/bin/git init /Users/runner/work/tardis/tardis/tardis-regression-data
2025-01-13T19:35:20.4832910Z hint: Using 'master' as the name for the initial branch. This default branch name
2025-01-13T19:35:20.4834450Z hint: is subject to change. To configure the initial branch name to use in all
2025-01-13T19:35:20.4836040Z hint: of your new repositories, which will suppress this warning, call:
2025-01-13T19:35:20.4837930Z hint:
2025-01-13T19:35:20.4838730Z hint: 	git config --global init.defaultBranch <name>
2025-01-13T19:35:20.4839700Z hint:
2025-01-13T19:35:20.4840670Z hint: Names commonly chosen instead of 'master' are 'main', 'trunk' and
2025-01-13T19:35:20.4842030Z hint: 'development'. The just-created branch can be renamed via this command:
2025-01-13T19:35:20.4843130Z hint:
2025-01-13T19:35:20.4843820Z hint: 	git branch -m <name>
2025-01-13T19:35:20.4845080Z Initialized empty Git repository in /Users/runner/work/tardis/tardis/tardis-regression-data/.git/
2025-01-13T19:35:20.4849440Z [command]/opt/homebrew/bin/git remote add origin https://github.com/tardis-sn/tardis-regression-data
2025-01-13T19:35:20.4859080Z ##[endgroup]
2025-01-13T19:35:20.4859620Z ##[group]Disabling automatic garbage collection
2025-01-13T19:35:20.4862960Z [command]/opt/homebrew/bin/git config --local gc.auto 0
2025-01-13T19:35:20.4915750Z ##[endgroup]
2025-01-13T19:35:20.4916250Z ##[group]Setting up auth
2025-01-13T19:35:20.4920060Z [command]/opt/homebrew/bin/git config --local --name-only --get-regexp core\.sshCommand
2025-01-13T19:35:20.4979230Z [command]/opt/homebrew/bin/git submodule foreach --recursive sh -c "git config --local --name-only --get-regexp 'core\.sshCommand' && git config --local --unset-all 'core.sshCommand' || :"
2025-01-13T19:35:20.5897890Z [command]/opt/homebrew/bin/git config --local --name-only --get-regexp http\.https\:\/\/github\.com\/\.extraheader
2025-01-13T19:35:20.5905350Z [command]/opt/homebrew/bin/git submodule foreach --recursive sh -c "git config --local --name-only --get-regexp 'http\.https\:\/\/github\.com\/\.extraheader' && git config --local --unset-all 'http.https://github.com/.extraheader' || :"
2025-01-13T19:35:20.6818620Z [command]/opt/homebrew/bin/git config --local http.https://github.com/.extraheader AUTHORIZATION: basic ***
2025-01-13T19:35:20.6876170Z ##[endgroup]
2025-01-13T19:35:20.6876490Z ##[group]Determining the default branch
2025-01-13T19:35:20.6878160Z Retrieving the default branch name
2025-01-13T19:35:21.1036620Z Default branch 'main'
2025-01-13T19:35:21.1037850Z ##[endgroup]
2025-01-13T19:35:21.1039200Z ##[group]Fetching the repository
2025-01-13T19:35:21.1079200Z [command]/opt/homebrew/bin/git -c protocol.version=2 fetch --no-tags --prune --no-recurse-submodules --depth=1 origin +refs/heads/main:refs/remotes/origin/main
2025-01-13T19:35:22.0567320Z From https://github.com/tardis-sn/tardis-regression-data
2025-01-13T19:35:22.0567700Z  * [new branch]      main       -> origin/main
2025-01-13T19:35:22.0619170Z ##[endgroup]
2025-01-13T19:35:22.0619460Z ##[group]Determining the checkout info
2025-01-13T19:35:22.0619870Z ##[endgroup]
2025-01-13T19:35:22.0623620Z [command]/opt/homebrew/bin/git sparse-checkout disable
2025-01-13T19:35:22.0680190Z [command]/opt/homebrew/bin/git config --local --unset-all extensions.worktreeConfig
2025-01-13T19:35:22.0769440Z ##[group]Checking out the ref
2025-01-13T19:35:22.0791570Z [command]/opt/homebrew/bin/git checkout --progress --force -B main refs/remotes/origin/main
2025-01-13T19:35:22.5515990Z Switched to a new branch 'main'
2025-01-13T19:35:22.5525070Z branch 'main' set up to track 'origin/main'.
2025-01-13T19:35:22.6409600Z ##[endgroup]
2025-01-13T19:35:22.6469440Z [command]/opt/homebrew/bin/git log -1 --format=%H
2025-01-13T19:35:22.6513390Z fa7729bc9c30e14b69acd641af8b692b56fcd416
2025-01-13T19:35:22.6613690Z ##[group]Run git lfs ls-files -l | cut -d' ' -f1 | sort > .lfs-assets-id
2025-01-13T19:35:22.6614080Z [36;1mgit lfs ls-files -l | cut -d' ' -f1 | sort > .lfs-assets-id[0m
2025-01-13T19:35:22.6673210Z shell: /bin/bash --noprofile --norc -e -o pipefail {0}
2025-01-13T19:35:22.6673490Z env:
2025-01-13T19:35:22.6673640Z   CACHE_NUMBER: 0
2025-01-13T19:35:22.6674160Z   PYTEST_FLAGS: --tardis-regression-data=/Users/runner/work/tardis/tardis/tardis-regression-data --cov=tardis --cov-report=xml --cov-report=html --cov-append
2025-01-13T19:35:22.6674720Z   CODECOV_TOKEN: 
2025-01-13T19:35:22.6674860Z ##[endgroup]
2025-01-13T19:35:23.0137450Z ##[group]Run actions/cache/restore@v4
2025-01-13T19:35:23.0137690Z with:
2025-01-13T19:35:23.0137830Z   path: tardis-regression-data/.git/lfs
2025-01-13T19:35:23.0138190Z   key: macOS-lfs-21f9fa4b6817cc69b9fae3598144724da7828e276a73bd17f47a2a49d9af090a-v1
2025-01-13T19:35:23.0138510Z   enableCrossOsArchive: false
2025-01-13T19:35:23.0138740Z   fail-on-cache-miss: false
2025-01-13T19:35:23.0138920Z   lookup-only: false
2025-01-13T19:35:23.0139060Z env:
2025-01-13T19:35:23.0139180Z   CACHE_NUMBER: 0
2025-01-13T19:35:23.0140010Z   PYTEST_FLAGS: --tardis-regression-data=/Users/runner/work/tardis/tardis/tardis-regression-data --cov=tardis --cov-report=xml --cov-report=html --cov-append
2025-01-13T19:35:23.0140520Z   CODECOV_TOKEN: 
2025-01-13T19:35:23.0140650Z ##[endgroup]
2025-01-13T19:35:24.5990160Z Received 37748736 of 1706796060 (2.2%), 35.9 MBs/sec
2025-01-13T19:35:25.5996180Z Received 75497472 of 1706796060 (4.4%), 35.9 MBs/sec
2025-01-13T19:35:26.6015990Z Received 125829120 of 1706796060 (7.4%), 39.9 MBs/sec
2025-01-13T19:35:27.6020860Z Received 197132288 of 1706796060 (11.5%), 46.9 MBs/sec
2025-01-13T19:35:28.6030620Z Received 239075328 of 1706796060 (14.0%), 45.5 MBs/sec
2025-01-13T19:35:29.6030730Z Received 293601280 of 1706796060 (17.2%), 46.6 MBs/sec
2025-01-13T19:35:30.6039450Z Received 373293056 of 1706796060 (21.9%), 50.8 MBs/sec
2025-01-13T19:35:31.6042130Z Received 444596224 of 1706796060 (26.0%), 52.9 MBs/sec
2025-01-13T19:35:32.6061150Z Received 520093696 of 1706796060 (30.5%), 55.0 MBs/sec
2025-01-13T19:35:33.6065440Z Received 566231040 of 1706796060 (33.2%), 53.9 MBs/sec
2025-01-13T19:35:34.6079070Z Received 633339904 of 1706796060 (37.1%), 54.8 MBs/sec
2025-01-13T19:35:35.6072380Z Received 713031680 of 1706796060 (41.8%), 56.6 MBs/sec
2025-01-13T19:35:36.6078570Z Received 784334848 of 1706796060 (46.0%), 57.5 MBs/sec
2025-01-13T19:35:37.6130930Z Received 864026624 of 1706796060 (50.6%), 58.8 MBs/sec
2025-01-13T19:35:38.6099960Z Received 931135488 of 1706796060 (54.6%), 59.1 MBs/sec
2025-01-13T19:35:39.6102810Z Received 1002438656 of 1706796060 (58.7%), 59.7 MBs/sec
2025-01-13T19:35:40.6271030Z Received 1086324736 of 1706796060 (63.6%), 60.8 MBs/sec
2025-01-13T19:35:41.6259010Z Received 1140850688 of 1706796060 (66.8%), 60.3 MBs/sec
2025-01-13T19:35:42.6257770Z Received 1195376640 of 1706796060 (70.0%), 59.9 MBs/sec
2025-01-13T19:35:43.6275800Z Received 1262485504 of 1706796060 (74.0%), 60.1 MBs/sec
2025-01-13T19:35:44.6286590Z Received 1329594368 of 1706796060 (77.9%), 60.3 MBs/sec
2025-01-13T19:35:45.6290040Z Received 1400897536 of 1706796060 (82.1%), 60.6 MBs/sec
2025-01-13T19:35:46.6301050Z Received 1459617792 of 1706796060 (85.5%), 60.4 MBs/sec
2025-01-13T19:35:47.6297270Z Received 1518338048 of 1706796060 (89.0%), 60.2 MBs/sec
2025-01-13T19:35:48.6315550Z Received 1593835520 of 1706796060 (93.4%), 60.7 MBs/sec
2025-01-13T19:35:49.6351780Z Received 1635778560 of 1706796060 (95.8%), 59.9 MBs/sec
2025-01-13T19:35:50.6349660Z Received 1702887424 of 1706796060 (99.8%), 60.1 MBs/sec
2025-01-13T19:35:51.0641240Z Cache Size: ~1628 MB (1706796060 B)
2025-01-13T19:35:51.0852840Z [command]/opt/homebrew/bin/gtar -xf /Users/runner/work/_temp/bddee64e-f035-4ee7-b65a-c5036be58fab/cache.tzst -P -C /Users/runner/work/tardis/tardis --delay-directory-restore --use-compress-program unzstd
2025-01-13T19:35:51.6407950Z Received 1706796060 of 1706796060 (100.0%), 58.0 MBs/sec
2025-01-13T19:36:00.2863960Z Cache restored successfully
2025-01-13T19:36:00.3802630Z Cache restored from key: macOS-lfs-21f9fa4b6817cc69b9fae3598144724da7828e276a73bd17f47a2a49d9af090a-v1
2025-01-13T19:36:00.4080330Z ##[group]Run git lfs checkout
2025-01-13T19:36:00.4080920Z [36;1mgit lfs checkout[0m
2025-01-13T19:36:00.4174880Z shell: /bin/bash --noprofile --norc -e -o pipefail {0}
2025-01-13T19:36:00.4175200Z env:
2025-01-13T19:36:00.4175480Z   CACHE_NUMBER: 0
2025-01-13T19:36:00.4176160Z   PYTEST_FLAGS: --tardis-regression-data=/Users/runner/work/tardis/tardis/tardis-regression-data --cov=tardis --cov-report=xml --cov-report=html --cov-append
2025-01-13T19:36:00.4176720Z   CODECOV_TOKEN: 
2025-01-13T19:36:00.4177020Z ##[endgroup]
2025-01-13T19:36:10.4370230Z Checking out LFS objects: 100% (204/204), 3.5 GB | 285 MB/s, done.
2025-01-13T19:36:18.7349440Z Prepare all required actions
2025-01-13T19:36:18.7349990Z Getting action download info
2025-01-13T19:36:18.8932050Z Download action repository 'mamba-org/setup-micromamba@v1' (SHA:4b9113af4fba0e9e1124b252dd6497a419e7396d)
2025-01-13T19:36:20.0346150Z ##[group]Run ./.github/actions/setup_env
2025-01-13T19:36:20.0346470Z with:
2025-01-13T19:36:20.0346680Z   os-label: osx-arm64
2025-01-13T19:36:20.0346890Z env:
2025-01-13T19:36:20.0347060Z   CACHE_NUMBER: 0
2025-01-13T19:36:20.0347610Z   PYTEST_FLAGS: --tardis-regression-data=/Users/runner/work/tardis/tardis/tardis-regression-data --cov=tardis --cov-report=xml --cov-report=html --cov-append
2025-01-13T19:36:20.0348780Z   CODECOV_TOKEN: 
2025-01-13T19:36:20.0349050Z ##[endgroup]
2025-01-13T19:36:20.0370850Z ##[group]Run file_hash=$(cat conda-osx-arm64.lock | shasum -a 256 | cut -d' ' -f1)
2025-01-13T19:36:20.0371310Z [36;1mfile_hash=$(cat conda-osx-arm64.lock | shasum -a 256 | cut -d' ' -f1)[0m
2025-01-13T19:36:20.0371680Z [36;1mecho "file_hash=$file_hash" >> "${GITHUB_OUTPUT}"[0m
2025-01-13T19:36:20.0423490Z shell: /bin/bash --noprofile --norc -e -o pipefail {0}
2025-01-13T19:36:20.0423720Z env:
2025-01-13T19:36:20.0423850Z   CACHE_NUMBER: 0
2025-01-13T19:36:20.0424350Z   PYTEST_FLAGS: --tardis-regression-data=/Users/runner/work/tardis/tardis/tardis-regression-data --cov=tardis --cov-report=xml --cov-report=html --cov-append
2025-01-13T19:36:20.0424840Z   CODECOV_TOKEN: 
2025-01-13T19:36:20.0424970Z ##[endgroup]
2025-01-13T19:36:20.1595090Z ##[group]Run mamba-org/setup-micromamba@v1
2025-01-13T19:36:20.1595330Z with:
2025-01-13T19:36:20.1595480Z   environment-file: conda-osx-arm64.lock
2025-01-13T19:36:20.1595850Z   cache-environment-key: bf0d0a4d4c847cca72476c6c68c493d56c484aada7e80de0e42c7607fcef5824
2025-01-13T19:36:20.1596320Z   cache-downloads-key: bf0d0a4d4c847cca72476c6c68c493d56c484aada7e80de0e42c7607fcef5824
2025-01-13T19:36:20.1596660Z   environment-name: tardis
2025-01-13T19:36:20.1596830Z   cache-environment: true
2025-01-13T19:36:20.1597030Z   cache-downloads: true
2025-01-13T19:36:20.1597190Z env:
2025-01-13T19:36:20.1597300Z   CACHE_NUMBER: 0
2025-01-13T19:36:20.1597780Z   PYTEST_FLAGS: --tardis-regression-data=/Users/runner/work/tardis/tardis/tardis-regression-data --cov=tardis --cov-report=xml --cov-report=html --cov-append
2025-01-13T19:36:20.1598270Z   CODECOV_TOKEN: 
2025-01-13T19:36:20.1598400Z ##[endgroup]
2025-01-13T19:36:21.3636480Z Will download micromamba to /Users/runner/micromamba-bin/micromamba
2025-01-13T19:36:21.3642540Z ##[group]Install micromamba
2025-01-13T19:36:22.2982510Z micromamba installed to /Users/runner/micromamba-bin/micromamba
2025-01-13T19:36:22.2985510Z ##[endgroup]
2025-01-13T19:36:22.2986370Z Adding conda-forge to condarc channels ...
2025-01-13T19:36:22.3021980Z ##[group]Initialize micromamba for bash.
2025-01-13T19:36:22.3049270Z [command]/Users/runner/micromamba-bin/micromamba shell init -s bash -r /Users/runner/micromamba --log-level warning --rc-file /Users/runner/work/_temp/setup-micromamba/.condarc
2025-01-13T19:36:22.3459810Z Modifying RC file "/Users/runner/.bash_profile"
2025-01-13T19:36:22.3461960Z Generating config for root prefix [1m"/Users/runner/micromamba"[0m
2025-01-13T19:36:22.3462420Z Setting mamba executable to: [1m"/Users/runner/micromamba-bin/micromamba"[0m
2025-01-13T19:36:22.3462840Z Adding (or replacing) the following in your "/Users/runner/.bash_profile" file
2025-01-13T19:36:22.3463070Z 
2025-01-13T19:36:22.3463130Z # >>> mamba initialize >>>
2025-01-13T19:36:22.3463390Z # !! Contents within this block are managed by 'mamba init' !!
2025-01-13T19:36:22.3463710Z export MAMBA_EXE='/Users/runner/micromamba-bin/micromamba';
2025-01-13T19:36:22.3464080Z export MAMBA_ROOT_PREFIX='/Users/runner/micromamba';
2025-01-13T19:36:22.3464490Z __mamba_setup="$("$MAMBA_EXE" shell hook --shell bash --root-prefix "$MAMBA_ROOT_PREFIX" 2> /dev/null)"
2025-01-13T19:36:22.3464900Z if [ $? -eq 0 ]; then
2025-01-13T19:36:22.3465070Z     eval "$__mamba_setup"
2025-01-13T19:36:22.3466140Z else
2025-01-13T19:36:22.3466390Z     alias micromamba="$MAMBA_EXE"  # Fallback on help from mamba activate
2025-01-13T19:36:22.3466700Z fi
2025-01-13T19:36:22.3466920Z unset __mamba_setup
2025-01-13T19:36:22.3467080Z # <<< mamba initialize <<<
2025-01-13T19:36:22.3467220Z 
2025-01-13T19:36:22.3467770Z ##[endgroup]
2025-01-13T19:36:22.3468510Z ##[group]Restoring downloads from `/Users/runner/micromamba/pkgs` ...
2025-01-13T19:36:23.7162930Z Received 25165824 of 310595873 (8.1%), 24.0 MBs/sec
2025-01-13T19:36:24.7016540Z Received 92274688 of 310595873 (29.7%), 44.0 MBs/sec
2025-01-13T19:36:25.7169290Z Received 150994944 of 310595873 (48.6%), 47.8 MBs/sec
2025-01-13T19:36:26.7133570Z Received 213909504 of 310595873 (68.9%), 50.8 MBs/sec
2025-01-13T19:36:27.7133760Z Received 268435456 of 310595873 (86.4%), 51.0 MBs/sec
2025-01-13T19:36:28.4103110Z Cache Size: ~296 MB (310595873 B)
2025-01-13T19:36:28.4138700Z [command]/opt/homebrew/bin/gtar -xf /Users/runner/work/_temp/6eb842de-3c1b-4411-88f7-5ce3d3117b53/cache.tzst -P -C /Users/runner/work/tardis/tardis --delay-directory-restore --use-compress-program unzstd
2025-01-13T19:36:28.7160200Z Received 310595873 of 310595873 (100.0%), 49.2 MBs/sec
2025-01-13T19:36:29.2091100Z Cache restored successfully
2025-01-13T19:36:29.2129190Z Restored cache with key `bf0d0a4d4c847cca72476c6c68c493d56c484aada7e80de0e42c7607fcef5824-osx-arm64`
2025-01-13T19:36:29.2133500Z ##[endgroup]
2025-01-13T19:36:29.2162130Z ##[group]Restoring environment `tardis` from `/Users/runner/micromamba/envs/tardis` ...
2025-01-13T19:36:30.5442470Z Received 29360128 of 385775710 (7.6%), 28.0 MBs/sec
2025-01-13T19:36:31.5581160Z Received 100663296 of 385775710 (26.1%), 47.9 MBs/sec
2025-01-13T19:36:32.5466830Z Received 150994944 of 385775710 (39.1%), 48.0 MBs/sec
2025-01-13T19:36:33.5498760Z Received 209715200 of 385775710 (54.4%), 49.9 MBs/sec
2025-01-13T19:36:34.5486750Z Received 268435456 of 385775710 (69.6%), 51.1 MBs/sec
2025-01-13T19:36:35.5513240Z Received 335544320 of 385775710 (87.0%), 53.3 MBs/sec
2025-01-13T19:36:36.2314430Z Cache Size: ~368 MB (385775710 B)
2025-01-13T19:36:36.2376200Z [command]/opt/homebrew/bin/gtar -xf /Users/runner/work/_temp/b8ced53d-5c2d-4f56-be45-f32af66e4f4d/cache.tzst -P -C /Users/runner/work/tardis/tardis --delay-directory-restore --use-compress-program unzstd
2025-01-13T19:36:36.5522590Z Received 385775710 of 385775710 (100.0%), 52.5 MBs/sec
2025-01-13T19:36:51.4163430Z Cache restored successfully
2025-01-13T19:36:51.4279990Z Restored cache with key `bf0d0a4d4c847cca72476c6c68c493d56c484aada7e80de0e42c7607fcef5824-osx-arm64-tardis-args-4f53cda-root-873f6fe-bin-[object Promise]-file-bf0d0a4d4c847cca72476c6c68c493d56c484aada7e80de0e42c7607fcef5824`
2025-01-13T19:36:51.4282620Z ##[endgroup]
2025-01-13T19:36:51.4283190Z Adding environment tardis to auto-activate bash ...
2025-01-13T19:36:51.4317790Z Generating micromamba run shell.
2025-01-13T19:36:51.4336030Z ##[endgroup]
2025-01-13T19:36:51.4375780Z Set environment variables.
2025-01-13T19:36:51.4390550Z ##[group]micromamba info
2025-01-13T19:36:51.4449850Z [command]/Users/runner/micromamba-bin/micromamba info -r /Users/runner/micromamba -n tardis
2025-01-13T19:36:51.9243330Z 
2025-01-13T19:36:51.9245540Z        libmamba version : 1.5.10
2025-01-13T19:36:51.9246300Z      micromamba version : 1.5.10
2025-01-13T19:36:51.9247570Z            curl version : libcurl/8.10.1 (OpenSSL/3.3.2) SecureTransport zlib/1.3.1 zstd/1.5.6 libssh2/1.11.0 nghttp2/1.58.0
2025-01-13T19:36:51.9249180Z      libarchive version : libarchive 3.7.4 zlib/1.2.13 bz2lib/1.0.8 libzstd/1.5.6
2025-01-13T19:36:51.9250510Z        envs directories : /Users/runner/micromamba/envs
2025-01-13T19:36:51.9251740Z           package cache : /Users/runner/micromamba/pkgs
2025-01-13T19:36:51.9252830Z                           /Users/runner/.mamba/pkgs
2025-01-13T19:36:51.9253170Z             environment : tardis
2025-01-13T19:36:51.9253550Z            env location : /Users/runner/micromamba/envs/tardis
2025-01-13T19:36:51.9265950Z       user config files : /Users/runner/.mambarc
2025-01-13T19:36:51.9266600Z  populated config files : /Users/runner/work/_temp/setup-micromamba/.condarc
2025-01-13T19:36:51.9266950Z        virtual packages : __unix=0=0
2025-01-13T19:36:51.9267260Z                           __osx=14.7.2=0
2025-01-13T19:36:51.9267500Z                           __archspec=1=arm64
2025-01-13T19:36:51.9268020Z                channels : https://conda.anaconda.org/conda-forge/osx-arm64
2025-01-13T19:36:51.9268380Z                           https://conda.anaconda.org/conda-forge/noarch
2025-01-13T19:36:51.9268730Z        base environment : /Users/runner/micromamba
2025-01-13T19:36:51.9268990Z                platform : osx-arm64
2025-01-13T19:36:51.9275610Z ##[endgroup]
2025-01-13T19:36:51.9275960Z ##[group]micromamba list
2025-01-13T19:36:51.9276530Z [command]/Users/runner/micromamba-bin/micromamba list -r /Users/runner/micromamba -n tardis
2025-01-13T19:36:52.3380350Z List of packages in environment: "/Users/runner/micromamba/envs/tardis"
2025-01-13T19:36:52.3381150Z 
2025-01-13T19:36:52.3381680Z   Name                           Version              Build                    Channel    
2025-01-13T19:36:52.3384700Z â”€â”€â”€â”€â”€â”€â”€â”€â”€â”€â”€â”€â”€â”€â”€â”€â”€â”€â”€â”€â”€â”€â”€â”€â”€â”€â”€â”€â”€â”€â”€â”€â”€â”€â”€â”€â”€â”€â”€â”€â”€â”€â”€â”€â”€â”€â”€â”€â”€â”€â”€â”€â”€â”€â”€â”€â”€â”€â”€â”€â”€â”€â”€â”€â”€â”€â”€â”€â”€â”€â”€â”€â”€â”€â”€â”€â”€â”€â”€â”€â”€â”€â”€â”€â”€â”€â”€â”€â”€â”€â”€â”€
2025-01-13T19:36:52.3385460Z   alabaster                      0.7.16               pyhd8ed1ab_0             conda-forge
2025-01-13T19:36:52.3386050Z   anyio                          4.4.0                pyhd8ed1ab_0             conda-forge
2025-01-13T19:36:52.3386510Z   appnope                        0.1.4                pyhd8ed1ab_0             conda-forge
2025-01-13T19:36:52.3387020Z   argon2-cffi                    23.1.0               pyhd8ed1ab_0             conda-forge
2025-01-13T19:36:52.3387550Z   argon2-cffi-bindings           21.2.0               py312h02f2b3b_4          conda-forge
2025-01-13T19:36:52.3388070Z   arrow                          1.3.0                pyhd8ed1ab_0             conda-forge
2025-01-13T19:36:52.3388590Z   astropy                        6.1.1                py312hbebd99a_0          conda-forge
2025-01-13T19:36:52.3389100Z   astropy-iers-data              0.2024.6.17.0.31.35  pyhd8ed1ab_0             conda-forge
2025-01-13T19:36:52.3389600Z   astropy-sphinx-theme           1.1                  pyhd8ed1ab_0             conda-forge
2025-01-13T19:36:52.3390100Z   asttokens                      2.4.1                pyhd8ed1ab_0             conda-forge
2025-01-13T19:36:52.3390730Z   async-lru                      2.0.4                pyhd8ed1ab_0             conda-forge
2025-01-13T19:36:52.3391240Z   atk-1.0                        2.38.0               hd03087b_2               conda-forge
2025-01-13T19:36:52.3391830Z   attrs                          23.2.0               pyh71513ae_0             conda-forge
2025-01-13T19:36:52.3392340Z   babel                          2.14.0               pyhd8ed1ab_0             conda-forge
2025-01-13T19:36:52.3392950Z   beautifulsoup4                 4.12.3               pyha770c72_0             conda-forge
2025-01-13T19:36:52.3396080Z   bleach                         6.1.0                pyhd8ed1ab_0             conda-forge
2025-01-13T19:36:52.3396760Z   blosc                          1.21.5               h9c252e8_1               conda-forge
2025-01-13T19:36:52.3397260Z   brotli                         1.1.0                hb547adb_1               conda-forge
2025-01-13T19:36:52.3397840Z   brotli-bin                     1.1.0                hb547adb_1               conda-forge
2025-01-13T19:36:52.3398360Z   brotli-python                  1.1.0                py312h9f69965_1          conda-forge
2025-01-13T19:36:52.3398800Z   bzip2                          1.0.8                h93a5062_5               conda-forge
2025-01-13T19:36:52.3399320Z   c-ares                         1.28.1               h93a5062_0               conda-forge
2025-01-13T19:36:52.3400600Z   c-blosc2                       2.14.4               ha57e6be_1               conda-forge
2025-01-13T19:36:52.3401740Z   ca-certificates                2024.6.2             hf0a4a13_0               conda-forge
2025-01-13T19:36:52.3402140Z   cached-property                1.5.2                hd8ed1ab_1               conda-forge
2025-01-13T19:36:52.3402630Z   cached_property                1.5.2                pyha770c72_1             conda-forge
2025-01-13T19:36:52.3403090Z   cairo                          1.18.0               hd1e100b_0               conda-forge
2025-01-13T19:36:52.3403520Z   certifi                        2024.6.2             pyhd8ed1ab_0             conda-forge
2025-01-13T19:36:52.3403870Z   cffi                           1.16.0               py312h8e38eb3_0          conda-forge
2025-01-13T19:36:52.3404630Z   charset-normalizer             3.3.2                pyhd8ed1ab_0             conda-forge
2025-01-13T19:36:52.3405240Z   click                          8.1.7                unix_pyh707e725_0        conda-forge
2025-01-13T19:36:52.3405740Z   codespell                      2.3.0                pyhd8ed1ab_0             conda-forge
2025-01-13T19:36:52.3406210Z   colorama                       0.4.6                pyhd8ed1ab_0             conda-forge
2025-01-13T19:36:52.3406750Z   comm                           0.2.2                pyhd8ed1ab_0             conda-forge
2025-01-13T19:36:52.3407190Z   commonmark                     0.9.1                py_0                     conda-forge
2025-01-13T19:36:52.3407550Z   contourpy                      1.2.1                py312h0fef576_0          conda-forge
2025-01-13T19:36:52.3407980Z   coverage                       7.5.3                py312h7e5086c_0          conda-forge
2025-01-13T19:36:52.3408350Z   cycler                         0.12.1               pyhd8ed1ab_0             conda-forge
2025-01-13T19:36:52.3408790Z   dataclasses                    0.8                  pyhc8e2a94_3             conda-forge
2025-01-13T19:36:52.3409120Z   debugpy                        1.8.1                py312h20a0b95_0          conda-forge
2025-01-13T19:36:52.3409670Z   decorator                      5.1.1                pyhd8ed1ab_0             conda-forge
2025-01-13T19:36:52.3410140Z   defusedxml                     0.7.1                pyhd8ed1ab_0             conda-forge
2025-01-13T19:36:52.3410700Z   docutils                       0.20.1               py312h81bd7bf_3          conda-forge
2025-01-13T19:36:52.3411090Z   dot2tex                        2.11.3               pyhd8ed1ab_0             conda-forge
2025-01-13T19:36:52.3411560Z   entrypoints                    0.4                  pyhd8ed1ab_0             conda-forge
2025-01-13T19:36:52.3411980Z   exceptiongroup                 1.2.0                pyhd8ed1ab_2             conda-forge
2025-01-13T19:36:52.3412440Z   executing                      2.0.1                pyhd8ed1ab_0             conda-forge
2025-01-13T19:36:52.3412850Z   expat                          2.6.2                hebf3989_0               conda-forge
2025-01-13T19:36:52.3413640Z   font-ttf-dejavu-sans-mono      2.37                 hab24e00_0               conda-forge
2025-01-13T19:36:52.3414050Z   font-ttf-inconsolata           3.000                h77eed37_0               conda-forge
2025-01-13T19:36:52.3414550Z   font-ttf-source-code-pro       2.038                h77eed37_0               conda-forge
2025-01-13T19:36:52.3415000Z   font-ttf-ubuntu                0.83                 h77eed37_2               conda-forge
2025-01-13T19:36:52.3415440Z   fontconfig                     2.14.2               h82840c6_0               conda-forge
2025-01-13T19:36:52.3415810Z   fonts-conda-ecosystem          1                    0                        conda-forge
2025-01-13T19:36:52.3416250Z   fonts-conda-forge              1                    0                        conda-forge
2025-01-13T19:36:52.3416610Z   fonttools                      4.53.0               py312h7e5086c_0          conda-forge
2025-01-13T19:36:52.3417000Z   fqdn                           1.5.1                pyhd8ed1ab_0             conda-forge
2025-01-13T19:36:52.3419020Z   freetype                       2.12.1               hadb7bae_2               conda-forge
2025-01-13T19:36:52.3419400Z   fribidi                        1.0.10               h27ca646_0               conda-forge
2025-01-13T19:36:52.3419820Z   future                         1.0.0                pyhd8ed1ab_0             conda-forge
2025-01-13T19:36:52.3420170Z   gdk-pixbuf                     2.42.12              h7ddc832_0               conda-forge
2025-01-13T19:36:52.3420550Z   gettext                        0.22.5               h8fbad5d_2               conda-forge
2025-01-13T19:36:52.3421160Z   gettext-tools                  0.22.5               h8fbad5d_2               conda-forge
2025-01-13T19:36:52.3422030Z   giflib                         5.2.2                h93a5062_0               conda-forge
2025-01-13T19:36:52.3422360Z   git-lfs                        3.5.1                hce30654_0               conda-forge
2025-01-13T19:36:52.3422740Z   gmp                            6.3.0                hebf3989_1               conda-forge
2025-01-13T19:36:52.3423140Z   gmpy2                          2.1.5                py312hfa9fade_1          conda-forge
2025-01-13T19:36:52.3423500Z   graphite2                      1.3.13               hebf3989_1003            conda-forge
2025-01-13T19:36:52.3423890Z   graphviz                       11.0.0               h9bb9bc9_0               conda-forge
2025-01-13T19:36:52.3424220Z   gtk2                           2.24.33              h7895bb2_4               conda-forge
2025-01-13T19:36:52.3424570Z   gts                            0.7.6                he42f4ea_4               conda-forge
2025-01-13T19:36:52.3424940Z   h11                            0.14.0               pyhd8ed1ab_0             conda-forge
2025-01-13T19:36:52.3425270Z   h2                             4.1.0                pyhd8ed1ab_0             conda-forge
2025-01-13T19:36:52.3425650Z   h5py                           3.11.0               nompi_py312h903599c_102  conda-forge
2025-01-13T19:36:52.3425970Z   harfbuzz                       8.5.0                h1836168_0               conda-forge
2025-01-13T19:36:52.3426570Z   hdf5                           1.14.3               nompi_hec07895_105       conda-forge
2025-01-13T19:36:52.3427020Z   hpack                          4.0.0                pyh9f0ad1d_0             conda-forge
2025-01-13T19:36:52.3427730Z   httpcore                       1.0.5                pyhd8ed1ab_0             conda-forge
2025-01-13T19:36:52.3428080Z   httpx                          0.27.0               pyhd8ed1ab_0             conda-forge
2025-01-13T19:36:52.3428580Z   hyperframe                     6.0.1                pyhd8ed1ab_0             conda-forge
2025-01-13T19:36:52.3429040Z   icu                            73.2                 hc8870d7_0               conda-forge
2025-01-13T19:36:52.3429370Z   idna                           3.7                  pyhd8ed1ab_0             conda-forge
2025-01-13T19:36:52.3432870Z   imagesize                      1.4.1                pyhd8ed1ab_0             conda-forge
2025-01-13T19:36:52.3433960Z   importlib-metadata             7.1.0                pyha770c72_0             conda-forge
2025-01-13T19:36:52.3434490Z   importlib_metadata             7.1.0                hd8ed1ab_0               conda-forge
2025-01-13T19:36:52.3434900Z   importlib_resources            6.4.0                pyhd8ed1ab_0             conda-forge
2025-01-13T19:36:52.3435350Z   iniconfig                      2.0.0                pyhd8ed1ab_0             conda-forge
2025-01-13T19:36:52.3435790Z   ipykernel                      6.29.4               pyh57ce528_0             conda-forge
2025-01-13T19:36:52.3436210Z   ipython                        8.25.0               pyh707e725_0             conda-forge
2025-01-13T19:36:52.3436590Z   ipython_genutils               0.2.0                pyhd8ed1ab_1             conda-forge
2025-01-13T19:36:52.3437010Z   ipywidgets                     7.8.0                pyhd8ed1ab_0             conda-forge
2025-01-13T19:36:52.3438080Z   isoduration                    20.11.0              pyhd8ed1ab_0             conda-forge
2025-01-13T19:36:52.3438490Z   jedi                           0.19.1               pyhd8ed1ab_0             conda-forge
2025-01-13T19:36:52.3438970Z   jinja2                         3.1.4                pyhd8ed1ab_0             conda-forge
2025-01-13T19:36:52.3439650Z   json5                          0.9.25               pyhd8ed1ab_0             conda-forge
2025-01-13T19:36:52.3440700Z   jsonpointer                    3.0.0                py312h81bd7bf_0          conda-forge
2025-01-13T19:36:52.3441490Z   jsonschema                     4.22.0               pyhd8ed1ab_0             conda-forge
2025-01-13T19:36:52.3442470Z   jsonschema-specifications      2023.12.1            pyhd8ed1ab_0             conda-forge
2025-01-13T19:36:52.3443150Z   jsonschema-with-format-nongpl  4.22.0               pyhd8ed1ab_0             conda-forge
2025-01-13T19:36:52.3468910Z   jupyter-lsp                    2.2.5                pyhd8ed1ab_0             conda-forge
2025-01-13T19:36:52.3469340Z   jupyter_client                 8.6.2                pyhd8ed1ab_0             conda-forge
2025-01-13T19:36:52.3469720Z   jupyter_core                   5.7.2                py312h81bd7bf_0          conda-forge
2025-01-13T19:36:52.3470190Z   jupyter_events                 0.10.0               pyhd8ed1ab_0             conda-forge
2025-01-13T19:36:52.3470560Z   jupyter_server                 2.14.1               pyhd8ed1ab_0             conda-forge
2025-01-13T19:36:52.3471010Z   jupyter_server_terminals       0.5.3                pyhd8ed1ab_0             conda-forge
2025-01-13T19:36:52.3471390Z   jupyterlab                     4.2.2                pyhd8ed1ab_0             conda-forge
2025-01-13T19:36:52.3471960Z   jupyterlab_pygments            0.3.0                pyhd8ed1ab_1             conda-forge
2025-01-13T19:36:52.3472380Z   jupyterlab_server              2.27.2               pyhd8ed1ab_0             conda-forge
2025-01-13T19:36:52.3475310Z   jupyterlab_widgets             1.1.7                pyhd8ed1ab_0             conda-forge
2025-01-13T19:36:52.3475750Z   kiwisolver                     1.4.5                py312h389731b_1          conda-forge
2025-01-13T19:36:52.3476250Z   krb5                           1.21.2               h92f50d5_0               conda-forge
2025-01-13T19:36:52.3476710Z   latexcodec                     2.0.1                pyh9f0ad1d_0             conda-forge
2025-01-13T19:36:52.3477120Z   lcms2                          2.16                 ha0e7c42_0               conda-forge
2025-01-13T19:36:52.3477610Z   lerc                           4.0.0                h9a09cb3_0               conda-forge
2025-01-13T19:36:52.3478010Z   libaec                         1.1.3                hebf3989_0               conda-forge
2025-01-13T19:36:52.3478510Z   libasprintf                    0.22.5               h8fbad5d_2               conda-forge
2025-01-13T19:36:52.3478960Z   libasprintf-devel              0.22.5               h8fbad5d_2               conda-forge
2025-01-13T19:36:52.3479440Z   libblas                        3.9.0                22_osxarm64_openblas     conda-forge
2025-01-13T19:36:52.3479870Z   libbrotlicommon                1.1.0                hb547adb_1               conda-forge
2025-01-13T19:36:52.3480250Z   libbrotlidec                   1.1.0                hb547adb_1               conda-forge
2025-01-13T19:36:52.3480700Z   libbrotlienc                   1.1.0                hb547adb_1               conda-forge
2025-01-13T19:36:52.3481070Z   libcblas                       3.9.0                22_osxarm64_openblas     conda-forge
2025-01-13T19:36:52.3481440Z   libcurl                        8.8.0                h7b6f9a7_0               conda-forge
2025-01-13T19:36:52.3481830Z   libcxx                         17.0.6               h5f092b4_0               conda-forge
2025-01-13T19:36:52.3482200Z   libdeflate                     1.20                 h93a5062_0               conda-forge
2025-01-13T19:36:52.3482620Z   libedit                        3.1.20191231         hc8eb9b7_2               conda-forge
2025-01-13T19:36:52.3483370Z   libev                          4.33                 h93a5062_2               conda-forge
2025-01-13T19:36:52.3483860Z   libexpat                       2.6.2                hebf3989_0               conda-forge
2025-01-13T19:36:52.3484180Z   libffi                         3.4.2                h3422bc3_5               conda-forge
2025-01-13T19:36:52.3484550Z   libgd                          2.3.3                hfdf3952_9               conda-forge
2025-01-13T19:36:52.3484840Z   libgettextpo                   0.22.5               h8fbad5d_2               conda-forge
2025-01-13T19:36:52.3485160Z   libgettextpo-devel             0.22.5               h8fbad5d_2               conda-forge
2025-01-13T19:36:52.3485680Z   libgfortran                    5.0.0                13_2_0_hd922786_3        conda-forge
2025-01-13T19:36:52.3486140Z   libgfortran5                   13.2.0               hf226fd6_3               conda-forge
2025-01-13T19:36:52.3486490Z   libglib                        2.80.2               h59d46d9_1               conda-forge
2025-01-13T19:36:52.3486850Z   libiconv                       1.17                 h0d3ecfb_2               conda-forge
2025-01-13T19:36:52.3487210Z   libintl                        0.22.5               h8fbad5d_2               conda-forge
2025-01-13T19:36:52.3487590Z   libintl-devel                  0.22.5               h8fbad5d_2               conda-forge
2025-01-13T19:36:52.3487980Z   libjpeg-turbo                  3.0.0                hb547adb_1               conda-forge
2025-01-13T19:36:52.3488390Z   liblapack                      3.9.0                22_osxarm64_openblas     conda-forge
2025-01-13T19:36:52.3488730Z   libllvm14                      14.0.6               hd1a9a77_4               conda-forge
2025-01-13T19:36:52.3489120Z   libnghttp2                     1.58.0               ha4dd798_1               conda-forge
2025-01-13T19:36:52.3489520Z   libopenblas                    0.3.27               openmp_h6c19121_0        conda-forge
2025-01-13T19:36:52.3489880Z   libpng                         1.6.43               h091b4b1_0               conda-forge
2025-01-13T19:36:52.3490640Z   librsvg                        2.58.1               hbc281fb_0               conda-forge
2025-01-13T19:36:52.3491170Z   libsodium                      1.0.18               h27ca646_1               conda-forge
2025-01-13T19:36:52.3493010Z   libsqlite                      3.46.0               hfb93653_0               conda-forge
2025-01-13T19:36:52.3494610Z   libssh2                        1.11.0               h7a5bd25_0               conda-forge
2025-01-13T19:36:52.3495100Z   libtiff                        4.6.0                h07db509_3               conda-forge
2025-01-13T19:36:52.3496550Z   libwebp                        1.4.0                h54798ee_0               conda-forge
2025-01-13T19:36:52.3496850Z   libwebp-base                   1.4.0                h93a5062_0               conda-forge
2025-01-13T19:36:52.3499860Z   libxcb                         1.16                 hf2054a2_0               conda-forge
2025-01-13T19:36:52.3500340Z   libxml2                        2.12.7               ha661575_1               conda-forge
2025-01-13T19:36:52.3502070Z   libxslt                        1.1.39               h223e5b9_0               conda-forge
2025-01-13T19:36:52.3503440Z   libzlib                        1.3.1                hfb2fe0b_1               conda-forge
2025-01-13T19:36:52.3505360Z   llvm-openmp                    18.1.7               hde57baf_0               conda-forge
2025-01-13T19:36:52.3505760Z   llvmlite                       0.42.0               py312h17030e7_1          conda-forge
2025-01-13T19:36:52.3508090Z   lxml                           5.2.2                py312h0e5ab22_0          conda-forge
2025-01-13T19:36:52.3508480Z   lz4-c                          1.9.4                hb7217d7_0               conda-forge
2025-01-13T19:36:52.3509620Z   markupsafe                     2.1.5                py312he37b823_0          conda-forge
2025-01-13T19:36:52.3510440Z   matplotlib-base                3.8.4                py312h4479663_2          conda-forge
2025-01-13T19:36:52.3510830Z   matplotlib-inline              0.1.7                pyhd8ed1ab_0             conda-forge
2025-01-13T19:36:52.3511210Z   mistune                        3.0.2                pyhd8ed1ab_0             conda-forge
2025-01-13T19:36:52.3511480Z   mpc                            1.3.1                h91ba8db_0               conda-forge
2025-01-13T19:36:52.3513670Z   mpfr                           4.2.1                h41d338b_1               conda-forge
2025-01-13T19:36:52.3514960Z   mpmath                         1.3.0                pyhd8ed1ab_0             conda-forge
2025-01-13T19:36:52.3517110Z   munkres                        1.1.4                pyh9f0ad1d_0             conda-forge
2025-01-13T19:36:52.3517470Z   mypy_extensions                1.0.0                pyha770c72_0             conda-forge
2025-01-13T19:36:52.3517830Z   nbclassic                      1.1.0                pyhd8ed1ab_0             conda-forge
2025-01-13T19:36:52.3519120Z   nbclient                       0.10.0               pyhd8ed1ab_0             conda-forge
2025-01-13T19:36:52.3519460Z   nbconvert                      7.16.4               hd8ed1ab_1               conda-forge
2025-01-13T19:36:52.3521180Z   nbconvert-core                 7.16.4               pyhd8ed1ab_1             conda-forge
2025-01-13T19:36:52.3522890Z   nbconvert-pandoc               7.16.4               hd8ed1ab_1               conda-forge
2025-01-13T19:36:52.3524650Z   nbformat                       5.10.4               pyhd8ed1ab_0             conda-forge
2025-01-13T19:36:52.3526240Z   nbsphinx                       0.9.4                pyhd8ed1ab_0             conda-forge
2025-01-13T19:36:52.3528020Z   ncurses                        6.5                  hb89a1cb_0               conda-forge
2025-01-13T19:36:52.3528360Z   nest-asyncio                   1.6.0                pyhd8ed1ab_0             conda-forge
2025-01-13T19:36:52.3529760Z   networkx                       3.3                  pyhd8ed1ab_1             conda-forge
2025-01-13T19:36:52.3530050Z   notebook                       7.2.1                pyhd8ed1ab_0             conda-forge
2025-01-13T19:36:52.3531240Z   notebook-shim                  0.2.4                pyhd8ed1ab_0             conda-forge
2025-01-13T19:36:52.3532730Z   numba                          0.59.1               py312hbaff935_0          conda-forge
2025-01-13T19:36:52.3534360Z   numexpr                        2.10.0               py312h8ae5369_0          conda-forge
2025-01-13T19:36:52.3537460Z   numpy                          1.26.4               py312h8442bc7_0          conda-forge
2025-01-13T19:36:52.3537750Z   numpydoc                       1.7.0                pyhd8ed1ab_1             conda-forge
2025-01-13T19:36:52.3538040Z   openjpeg                       2.5.2                h9f1df11_0               conda-forge
2025-01-13T19:36:52.3538470Z   openssl                        3.3.1                hfb2fe0b_0               conda-forge
2025-01-13T19:36:52.3538770Z   overrides                      7.7.0                pyhd8ed1ab_0             conda-forge
2025-01-13T19:36:52.3539890Z   packaging                      24.1                 pyhd8ed1ab_0             conda-forge
2025-01-13T19:36:52.3540660Z   pandas                         2.2.2                py312h8ae5369_1          conda-forge
2025-01-13T19:36:52.3540940Z   pandoc                         3.2                  hce30654_0               conda-forge
2025-01-13T19:36:52.3541310Z   pandocfilters                  1.5.0                pyhd8ed1ab_0             conda-forge
2025-01-13T19:36:52.3541620Z   pango                          1.54.0               h5cb9fbc_0               conda-forge
2025-01-13T19:36:52.3541890Z   parso                          0.8.4                pyhd8ed1ab_0             conda-forge
2025-01-13T19:36:52.3542180Z   pathspec                       0.12.1               pyhd8ed1ab_0             conda-forge
2025-01-13T19:36:52.3542790Z   pbr                            6.0.0                pyhd8ed1ab_0             conda-forge
2025-01-13T19:36:52.3543060Z   pcre2                          10.44                h297a79d_0               conda-forge
2025-01-13T19:36:52.3543350Z   pexpect                        4.9.0                pyhd8ed1ab_0             conda-forge
2025-01-13T19:36:52.3543640Z   pickleshare                    0.7.5                py_1003                  conda-forge
2025-01-13T19:36:52.3543930Z   pillow                         10.3.0               py312h39b1d8d_1          conda-forge
2025-01-13T19:36:52.3544190Z   pip                            24.0                 pyhd8ed1ab_0             conda-forge
2025-01-13T19:36:52.3545300Z   pixman                         0.43.4               hebf3989_0               conda-forge
2025-01-13T19:36:52.3545630Z   pkgutil-resolve-name           1.3.10               pyhd8ed1ab_1             conda-forge
2025-01-13T19:36:52.3545960Z   platformdirs                   4.2.2                pyhd8ed1ab_0             conda-forge
2025-01-13T19:36:52.3546250Z   plotly                         5.22.0               pyhd8ed1ab_0             conda-forge
2025-01-13T19:36:52.3546530Z   pluggy                         1.5.0                pyhd8ed1ab_0             conda-forge
2025-01-13T19:36:52.3547280Z   prometheus_client              0.20.0               pyhd8ed1ab_0             conda-forge
2025-01-13T19:36:52.3547620Z   prompt-toolkit                 3.0.47               pyha770c72_0             conda-forge
2025-01-13T19:36:52.3547920Z   psutil                         5.9.8                py312he37b823_0          conda-forge
2025-01-13T19:36:52.3548260Z   pthread-stubs                  0.4                  h27ca646_1001            conda-forge
2025-01-13T19:36:52.3548560Z   ptyprocess                     0.7.0                pyhd3deb0d_0             conda-forge
2025-01-13T19:36:52.3548860Z   pure_eval                      0.2.2                pyhd8ed1ab_0             conda-forge
2025-01-13T19:36:52.3549150Z   py-cpuinfo                     9.0.0                pyhd8ed1ab_0             conda-forge
2025-01-13T19:36:52.3549440Z   pybtex                         0.24.0               pyhd8ed1ab_2             conda-forge
2025-01-13T19:36:52.3549740Z   pybtex-docutils                1.0.3                py312h81bd7bf_1          conda-forge
2025-01-13T19:36:52.3550050Z   pycparser                      2.22                 pyhd8ed1ab_0             conda-forge
2025-01-13T19:36:52.3550340Z   pyerfa                         2.0.1.4              py312hbebd99a_1          conda-forge
2025-01-13T19:36:52.3550620Z   pygments                       2.18.0               pyhd8ed1ab_0             conda-forge
2025-01-13T19:36:52.3550920Z   pygraphviz                     1.13                 py312h5f4d302_1          conda-forge
2025-01-13T19:36:52.3551220Z   pyobjc-core                    10.3.1               py312hbb55c70_0          conda-forge
2025-01-13T19:36:52.3551560Z   pyobjc-framework-cocoa         10.3.1               py312hbb55c70_0          conda-forge
2025-01-13T19:36:52.3551890Z   pyparsing                      3.1.2                pyhd8ed1ab_0             conda-forge
2025-01-13T19:36:52.3552180Z   pysocks                        1.7.1                pyha2e5f31_6             conda-forge
2025-01-13T19:36:52.3552460Z   pytables                       3.9.2                py312hb622ae1_2          conda-forge
2025-01-13T19:36:52.3552740Z   pytest                         8.2.2                pyhd8ed1ab_0             conda-forge
2025-01-13T19:36:52.3553030Z   pytest-cov                     5.0.0                pyhd8ed1ab_0             conda-forge
2025-01-13T19:36:52.3553350Z   pytest-doctestplus             1.2.1                pyhd8ed1ab_0             conda-forge
2025-01-13T19:36:52.3553670Z   pytest-html                    4.1.1                pyhd8ed1ab_0             conda-forge
2025-01-13T19:36:52.3553980Z   pytest-metadata                3.1.1                pyhd8ed1ab_0             conda-forge
2025-01-13T19:36:52.3555760Z   python                         3.12.4               h30c5eda_0_cpython       conda-forge
2025-01-13T19:36:52.3556090Z   python-dateutil                2.9.0                pyhd8ed1ab_0             conda-forge
2025-01-13T19:36:52.3556440Z   python-fastjsonschema          2.20.0               pyhd8ed1ab_0             conda-forge
2025-01-13T19:36:52.3556790Z   python-json-logger             2.0.7                pyhd8ed1ab_0             conda-forge
2025-01-13T19:36:52.3557110Z   python-tzdata                  2024.1               pyhd8ed1ab_0             conda-forge
2025-01-13T19:36:52.3557420Z   python_abi                     3.12                 4_cp312                  conda-forge
2025-01-13T19:36:52.3557870Z   pytz                           2024.1               pyhd8ed1ab_0             conda-forge
2025-01-13T19:36:52.3558150Z   pyyaml                         6.0.1                py312h02f2b3b_1          conda-forge
2025-01-13T19:36:52.3558430Z   pyzmq                          26.0.3               py312hfa13136_0          conda-forge
2025-01-13T19:36:52.3558700Z   qgrid                          1.3.1                pyhd8ed1ab_4             conda-forge
2025-01-13T19:36:52.3559000Z   radioactivedecay               0.5.1                pyhd8ed1ab_0             conda-forge
2025-01-13T19:36:52.3559300Z   readline                       8.2                  h92ec313_1               conda-forge
2025-01-13T19:36:52.3559590Z   recommonmark                   0.7.1                pyhd8ed1ab_0             conda-forge
2025-01-13T19:36:52.3559900Z   referencing                    0.35.1               pyhd8ed1ab_0             conda-forge
2025-01-13T19:36:52.3560190Z   requests                       2.32.3               pyhd8ed1ab_0             conda-forge
2025-01-13T19:36:52.3560500Z   rfc3339-validator              0.1.4                pyhd8ed1ab_0             conda-forge
2025-01-13T19:36:52.3560830Z   rfc3986-validator              0.1.1                pyh9f0ad1d_0             conda-forge
2025-01-13T19:36:52.3561130Z   rpds-py                        0.18.1               py312h552d48e_0          conda-forge
2025-01-13T19:36:52.3561400Z   ruff                           0.4.9                py312h3402d49_0          conda-forge
2025-01-13T19:36:52.3561680Z   scipy                          1.13.1               py312h14ffa8f_0          conda-forge
2025-01-13T19:36:52.3561960Z   send2trash                     1.8.3                pyh31c8845_0             conda-forge
2025-01-13T19:36:52.3562250Z   setuptools                     70.0.0               pyhd8ed1ab_0             conda-forge
2025-01-13T19:36:52.3562560Z   setuptools-scm                 8.1.0                pyhd8ed1ab_0             conda-forge
2025-01-13T19:36:52.3562870Z   setuptools_scm                 8.1.0                hd8ed1ab_0               conda-forge
2025-01-13T19:36:52.3563150Z   six                            1.16.0               pyh6c4a22f_0             conda-forge
2025-01-13T19:36:52.3563430Z   snakeviz                       2.2.0                pyhd8ed1ab_0             conda-forge
2025-01-13T19:36:52.3563710Z   snappy                         1.2.0                hd04f947_1               conda-forge
2025-01-13T19:36:52.3563990Z   sniffio                        1.3.1                pyhd8ed1ab_0             conda-forge
2025-01-13T19:36:52.3564300Z   snowballstemmer                2.2.0                pyhd8ed1ab_0             conda-forge
2025-01-13T19:36:52.3564600Z   soupsieve                      2.5                  pyhd8ed1ab_1             conda-forge
2025-01-13T19:36:52.3564890Z   sphinx                         7.3.7                pyhd8ed1ab_0             conda-forge
2025-01-13T19:36:52.3565180Z   sphinx-astropy                 1.9.1                pyhd8ed1ab_0             conda-forge
2025-01-13T19:36:52.3565510Z   sphinx-automodapi              0.17.0               pyh717bed2_1             conda-forge
2025-01-13T19:36:52.3565840Z   sphinx-gallery                 0.16.0               pyhd8ed1ab_0             conda-forge
2025-01-13T19:36:52.3566290Z   sphinx-jsonschema              1.19.1               pyhd8ed1ab_0             conda-forge
2025-01-13T19:36:52.3566640Z   sphinx_bootstrap_theme         0.8.1                pyhd8ed1ab_0             conda-forge
2025-01-13T19:36:52.3566970Z   sphinx_rtd_theme               2.0.0                pyha770c72_0             conda-forge
2025-01-13T19:36:52.3567290Z   sphinxcontrib-apidoc           0.3.0                py_1                     conda-forge
2025-01-13T19:36:52.3567650Z   sphinxcontrib-applehelp        1.0.8                pyhd8ed1ab_0             conda-forge
2025-01-13T19:36:52.3568010Z   sphinxcontrib-bibtex           2.6.2                pyhd8ed1ab_0             conda-forge
2025-01-13T19:36:52.3568480Z   sphinxcontrib-devhelp          1.0.6                pyhd8ed1ab_0             conda-forge
2025-01-13T19:36:52.3568840Z   sphinxcontrib-htmlhelp         2.0.5                pyhd8ed1ab_0             conda-forge
2025-01-13T19:36:52.3569190Z   sphinxcontrib-jquery           4.1                  pyhd8ed1ab_0             conda-forge
2025-01-13T19:36:52.3569530Z   sphinxcontrib-jsmath           1.0.1                pyhd8ed1ab_0             conda-forge
2025-01-13T19:36:52.3569880Z   sphinxcontrib-qthelp           1.0.7                pyhd8ed1ab_0             conda-forge
2025-01-13T19:36:52.3570250Z   sphinxcontrib-serializinghtml  1.1.10               pyhd8ed1ab_0             conda-forge
2025-01-13T19:36:52.3570590Z   stack_data                     0.6.2                pyhd8ed1ab_0             conda-forge
2025-01-13T19:36:52.3570870Z   sympy                          1.12.1               pypyh2585a3b_103         conda-forge
2025-01-13T19:36:52.3571150Z   tabulate                       0.9.0                pyhd8ed1ab_1             conda-forge
2025-01-13T19:36:52.3571440Z   tenacity                       8.4.1                pyhd8ed1ab_0             conda-forge
2025-01-13T19:36:52.3571740Z   terminado                      0.18.1               pyh31c8845_0             conda-forge
2025-01-13T19:36:52.3572030Z   tinycss2                       1.3.0                pyhd8ed1ab_0             conda-forge
2025-01-13T19:36:52.3572300Z   tk                             8.6.13               h5083fa2_1               conda-forge
2025-01-13T19:36:52.3572570Z   toml                           0.10.2               pyhd8ed1ab_0             conda-forge
2025-01-13T19:36:52.3572830Z   tomli                          2.0.1                pyhd8ed1ab_0             conda-forge
2025-01-13T19:36:52.3573110Z   tornado                        6.4.1                py312h7e5086c_0          conda-forge
2025-01-13T19:36:52.3573380Z   tqdm                           4.66.4               pyhd8ed1ab_0             conda-forge
2025-01-13T19:36:52.3573670Z   traitlets                      5.14.3               pyhd8ed1ab_0             conda-forge
2025-01-13T19:36:52.3573950Z   typed-ast                      1.5.5                py312h02f2b3b_1          conda-forge
2025-01-13T19:36:52.3574280Z   types-python-dateutil          2.9.0.20240316       pyhd8ed1ab_0             conda-forge
2025-01-13T19:36:52.3574630Z   typing-extensions              4.12.2               hd8ed1ab_0               conda-forge
2025-01-13T19:36:52.3574960Z   typing_extensions              4.12.2               pyha770c72_0             conda-forge
2025-01-13T19:36:52.3575270Z   typing_utils                   0.1.0                pyhd8ed1ab_0             conda-forge
2025-01-13T19:36:52.3575560Z   tzdata                         2024a                h0c530f3_0               conda-forge
2025-01-13T19:36:52.3575860Z   uri-template                   1.3.0                pyhd8ed1ab_0             conda-forge
2025-01-13T19:36:52.3576150Z   urllib3                        2.2.2                pyhd8ed1ab_0             conda-forge
2025-01-13T19:36:52.3576430Z   wcwidth                        0.2.13               pyhd8ed1ab_0             conda-forge
2025-01-13T19:36:52.3576710Z   webcolors                      24.6.0               pyhd8ed1ab_0             conda-forge
2025-01-13T19:36:52.3577130Z   webencodings                   0.5.1                pyhd8ed1ab_2             conda-forge
2025-01-13T19:36:52.3577450Z   websocket-client               1.8.0                pyhd8ed1ab_0             conda-forge
2025-01-13T19:36:52.3577750Z   wheel                          0.43.0               pyhd8ed1ab_1             conda-forge
2025-01-13T19:36:52.3578060Z   widgetsnbextension             3.6.6                pyhd8ed1ab_0             conda-forge
2025-01-13T19:36:52.3578380Z   xorg-libxau                    1.0.11               hb547adb_0               conda-forge
2025-01-13T19:36:52.3578670Z   xorg-libxdmcp                  1.1.3                h27ca646_0               conda-forge
2025-01-13T19:36:52.3579070Z   xz                             5.2.6                h57fd34a_0               conda-forge
2025-01-13T19:36:52.3579320Z   yaml                           0.2.5                h3422bc3_2               conda-forge
2025-01-13T19:36:52.3579590Z   zeromq                         4.3.5                hcc0f68c_4               conda-forge
2025-01-13T19:36:52.3579870Z   zipp                           3.19.2               pyhd8ed1ab_0             conda-forge
2025-01-13T19:36:52.3580140Z   zlib                           1.3.1                hfb2fe0b_1               conda-forge
2025-01-13T19:36:52.3580400Z   zlib-ng                        2.0.7                h1a8c8d9_0               conda-forge
2025-01-13T19:36:52.3580680Z   zstd                           1.5.6                hb46c0d2_0               conda-forge
2025-01-13T19:36:52.3581130Z ##[endgroup]
2025-01-13T19:36:52.3686120Z ##[group]Run pip install -e . --user
2025-01-13T19:36:52.3686580Z [36;1mpip install -e . --user[0m
2025-01-13T19:36:52.5254320Z shell: /bin/bash -l {0}
2025-01-13T19:36:52.5254510Z env:
2025-01-13T19:36:52.5254650Z   CACHE_NUMBER: 0
2025-01-13T19:36:52.5255140Z   PYTEST_FLAGS: --tardis-regression-data=/Users/runner/work/tardis/tardis/tardis-regression-data --cov=tardis --cov-report=xml --cov-report=html --cov-append
2025-01-13T19:36:52.5255640Z   CODECOV_TOKEN: 
2025-01-13T19:36:52.5255810Z   MAMBA_ROOT_PREFIX: /Users/runner/micromamba
2025-01-13T19:36:52.5256060Z   MAMBA_EXE: /Users/runner/micromamba-bin/micromamba
2025-01-13T19:36:52.5256340Z   CONDARC: /Users/runner/work/_temp/setup-micromamba/.condarc
2025-01-13T19:36:52.5256580Z ##[endgroup]
2025-01-13T19:36:53.6175740Z Obtaining file:///Users/runner/work/tardis/tardis
2025-01-13T19:36:53.6199160Z   Installing build dependencies: started
2025-01-13T19:36:56.5258020Z   Installing build dependencies: finished with status 'done'
2025-01-13T19:36:56.5358400Z   Checking if build backend supports build_editable: started
2025-01-13T19:36:56.6556290Z   Checking if build backend supports build_editable: finished with status 'done'
2025-01-13T19:36:56.6557120Z   Getting requirements to build editable: started
2025-01-13T19:36:57.1046270Z   Getting requirements to build editable: finished with status 'done'
2025-01-13T19:36:57.1057690Z   Preparing editable metadata (pyproject.toml): started
2025-01-13T19:36:57.5272420Z   Preparing editable metadata (pyproject.toml): finished with status 'done'
2025-01-13T19:36:57.5699700Z Requirement already satisfied: astropy in /Users/runner/micromamba/envs/tardis/lib/python3.12/site-packages (from tardis==0.0.0) (6.1.1)
2025-01-13T19:36:57.5991360Z Requirement already satisfied: numpy>=1.23 in /Users/runner/micromamba/envs/tardis/lib/python3.12/site-packages (from astropy->tardis==0.0.0) (1.26.4)
2025-01-13T19:36:57.5997860Z Requirement already satisfied: pyerfa>=2.0.1.1 in /Users/runner/micromamba/envs/tardis/lib/python3.12/site-packages (from astropy->tardis==0.0.0) (2.0.1.4)
2025-01-13T19:36:57.6005670Z Requirement already satisfied: astropy-iers-data>=0.2024.5.27.0.30.8 in /Users/runner/micromamba/envs/tardis/lib/python3.12/site-packages (from astropy->tardis==0.0.0) (0.2024.6.17.0.31.35)
2025-01-13T19:36:57.6010180Z Requirement already satisfied: PyYAML>=3.13 in /Users/runner/micromamba/envs/tardis/lib/python3.12/site-packages (from astropy->tardis==0.0.0) (6.0.1)
2025-01-13T19:36:57.6016860Z Requirement already satisfied: packaging>=19.0 in /Users/runner/micromamba/envs/tardis/lib/python3.12/site-packages (from astropy->tardis==0.0.0) (24.1)
2025-01-13T19:36:57.6077060Z Building wheels for collected packages: tardis
2025-01-13T19:36:57.6178150Z   Building editable for tardis (pyproject.toml): started
2025-01-13T19:36:58.3497380Z   Building editable for tardis (pyproject.toml): finished with status 'done'
2025-01-13T19:36:58.3506110Z   Created wheel for tardis: filename=tardis-0.0.0-0.editable-py3-none-any.whl size=8876 sha256=4b616c3668241d4fa4fe7d87f74ce973b74e99cd468009052cfcbd0381dc5da8
2025-01-13T19:36:58.3508900Z   Stored in directory: /private/var/folders/ml/x_tvfgn50_s7p67dm1ypcqqm0000gn/T/pip-ephem-wheel-cache-glmdytdz/wheels/bb/4f/6a/0829b918c1c10bc28535ce7f14be21eee54375bdd9cd0c306a
2025-01-13T19:36:58.3535440Z Successfully built tardis
2025-01-13T19:36:58.9891500Z Installing collected packages: tardis
2025-01-13T19:36:58.9992900Z Successfully installed tardis-0.0.0
2025-01-13T19:36:59.2883960Z ##[group]Run pip install qgridnext
2025-01-13T19:36:59.2884400Z [36;1mpip install qgridnext[0m
2025-01-13T19:36:59.2948600Z shell: /bin/bash -l {0}
2025-01-13T19:36:59.2948900Z env:
2025-01-13T19:36:59.2949180Z   CACHE_NUMBER: 0
2025-01-13T19:36:59.2949730Z   PYTEST_FLAGS: --tardis-regression-data=/Users/runner/work/tardis/tardis/tardis-regression-data --cov=tardis --cov-report=xml --cov-report=html --cov-append
2025-01-13T19:36:59.2950350Z   CODECOV_TOKEN: 
2025-01-13T19:36:59.2950630Z   MAMBA_ROOT_PREFIX: /Users/runner/micromamba
2025-01-13T19:36:59.2951010Z   MAMBA_EXE: /Users/runner/micromamba-bin/micromamba
2025-01-13T19:36:59.2951410Z   CONDARC: /Users/runner/work/_temp/setup-micromamba/.condarc
2025-01-13T19:36:59.2951780Z ##[endgroup]
2025-01-13T19:36:59.9975530Z Collecting qgridnext
2025-01-13T19:37:00.0395810Z   Downloading qgridnext-2.0.4-py3-none-any.whl.metadata (9.9 kB)
2025-01-13T19:37:00.0781370Z Requirement already satisfied: pandas>=0.20.0 in /Users/runner/micromamba/envs/tardis/lib/python3.12/site-packages (from qgridnext) (2.2.2)
2025-01-13T19:37:00.0787930Z Requirement already satisfied: ipywidgets>=7.0.0 in /Users/runner/micromamba/envs/tardis/lib/python3.12/site-packages (from qgridnext) (7.8.0)
2025-01-13T19:37:00.0798560Z Requirement already satisfied: numpy in /Users/runner/micromamba/envs/tardis/lib/python3.12/site-packages (from qgridnext) (1.26.4)
2025-01-13T19:37:00.0806240Z Requirement already satisfied: traitlets in /Users/runner/micromamba/envs/tardis/lib/python3.12/site-packages (from qgridnext) (5.14.3)
2025-01-13T19:37:00.0867650Z Requirement already satisfied: comm>=0.1.3 in /Users/runner/micromamba/envs/tardis/lib/python3.12/site-packages (from ipywidgets>=7.0.0->qgridnext) (0.2.2)
2025-01-13T19:37:00.0876660Z Requirement already satisfied: ipython-genutils~=0.2.0 in /Users/runner/micromamba/envs/tardis/lib/python3.12/site-packages (from ipywidgets>=7.0.0->qgridnext) (0.2.0)
2025-01-13T19:37:00.0888380Z Requirement already satisfied: widgetsnbextension~=3.6.5 in /Users/runner/micromamba/envs/tardis/lib/python3.12/site-packages (from ipywidgets>=7.0.0->qgridnext) (3.6.6)
2025-01-13T19:37:00.0898720Z Requirement already satisfied: ipython>=4.0.0 in /Users/runner/micromamba/envs/tardis/lib/python3.12/site-packages (from ipywidgets>=7.0.0->qgridnext) (8.25.0)
2025-01-13T19:37:00.0912550Z Requirement already satisfied: jupyterlab-widgets<3,>=1.0.0 in /Users/runner/micromamba/envs/tardis/lib/python3.12/site-packages (from ipywidgets>=7.0.0->qgridnext) (1.1.7)
2025-01-13T19:37:00.1206800Z Requirement already satisfied: python-dateutil>=2.8.2 in /Users/runner/micromamba/envs/tardis/lib/python3.12/site-packages (from pandas>=0.20.0->qgridnext) (2.9.0)
2025-01-13T19:37:00.1221000Z Requirement already satisfied: pytz>=2020.1 in /Users/runner/micromamba/envs/tardis/lib/python3.12/site-packages (from pandas>=0.20.0->qgridnext) (2024.1)
2025-01-13T19:37:00.1227030Z Requirement already satisfied: tzdata>=2022.7 in /Users/runner/micromamba/envs/tardis/lib/python3.12/site-packages (from pandas>=0.20.0->qgridnext) (2024.1)
2025-01-13T19:37:00.1610210Z Requirement already satisfied: decorator in /Users/runner/micromamba/envs/tardis/lib/python3.12/site-packages (from ipython>=4.0.0->ipywidgets>=7.0.0->qgridnext) (5.1.1)
2025-01-13T19:37:00.1748500Z Requirement already satisfied: jedi>=0.16 in /Users/runner/micromamba/envs/tardis/lib/python3.12/site-packages (from ipython>=4.0.0->ipywidgets>=7.0.0->qgridnext) (0.19.1)
2025-01-13T19:37:00.1955450Z Requirement already satisfied: matplotlib-inline in /Users/runner/micromamba/envs/tardis/lib/python3.12/site-packages (from ipython>=4.0.0->ipywidgets>=7.0.0->qgridnext) (0.1.7)
2025-01-13T19:37:00.2055100Z Requirement already satisfied: prompt-toolkit<3.1.0,>=3.0.41 in /Users/runner/micromamba/envs/tardis/lib/python3.12/site-packages (from ipython>=4.0.0->ipywidgets>=7.0.0->qgridnext) (3.0.47)
2025-01-13T19:37:00.2160040Z Requirement already satisfied: pygments>=2.4.0 in /Users/runner/micromamba/envs/tardis/lib/python3.12/site-packages (from ipython>=4.0.0->ipywidgets>=7.0.0->qgridnext) (2.18.0)
2025-01-13T19:37:00.2258430Z Requirement already satisfied: stack-data in /Users/runner/micromamba/envs/tardis/lib/python3.12/site-packages (from ipython>=4.0.0->ipywidgets>=7.0.0->qgridnext) (0.6.2)
2025-01-13T19:37:00.2360400Z Requirement already satisfied: pexpect>4.3 in /Users/runner/micromamba/envs/tardis/lib/python3.12/site-packages (from ipython>=4.0.0->ipywidgets>=7.0.0->qgridnext) (4.9.0)
2025-01-13T19:37:00.2464380Z Requirement already satisfied: six>=1.5 in /Users/runner/micromamba/envs/tardis/lib/python3.12/site-packages (from python-dateutil>=2.8.2->pandas>=0.20.0->qgridnext) (1.16.0)
2025-01-13T19:37:00.2568320Z Requirement already satisfied: notebook>=4.4.1 in /Users/runner/micromamba/envs/tardis/lib/python3.12/site-packages (from widgetsnbextension~=3.6.5->ipywidgets>=7.0.0->qgridnext) (7.2.1)
2025-01-13T19:37:00.2670310Z Requirement already satisfied: parso<0.9.0,>=0.8.3 in /Users/runner/micromamba/envs/tardis/lib/python3.12/site-packages (from jedi>=0.16->ipython>=4.0.0->ipywidgets>=7.0.0->qgridnext) (0.8.4)
2025-01-13T19:37:00.2772250Z Requirement already satisfied: jupyter-server<3,>=2.4.0 in /Users/runner/micromamba/envs/tardis/lib/python3.12/site-packages (from notebook>=4.4.1->widgetsnbextension~=3.6.5->ipywidgets>=7.0.0->qgridnext) (2.14.1)
2025-01-13T19:37:00.2875570Z Requirement already satisfied: jupyterlab-server<3,>=2.27.1 in /Users/runner/micromamba/envs/tardis/lib/python3.12/site-packages (from notebook>=4.4.1->widgetsnbextension~=3.6.5->ipywidgets>=7.0.0->qgridnext) (2.27.2)
2025-01-13T19:37:00.2979450Z Requirement already satisfied: jupyterlab<4.3,>=4.2.0 in /Users/runner/micromamba/envs/tardis/lib/python3.12/site-packages (from notebook>=4.4.1->widgetsnbextension~=3.6.5->ipywidgets>=7.0.0->qgridnext) (4.2.2)
2025-01-13T19:37:00.3081690Z Requirement already satisfied: notebook-shim<0.3,>=0.2 in /Users/runner/micromamba/envs/tardis/lib/python3.12/site-packages (from notebook>=4.4.1->widgetsnbextension~=3.6.5->ipywidgets>=7.0.0->qgridnext) (0.2.4)
2025-01-13T19:37:00.3184100Z Requirement already satisfied: tornado>=6.2.0 in /Users/runner/micromamba/envs/tardis/lib/python3.12/site-packages (from notebook>=4.4.1->widgetsnbextension~=3.6.5->ipywidgets>=7.0.0->qgridnext) (6.4.1)
2025-01-13T19:37:00.3286340Z Requirement already satisfied: ptyprocess>=0.5 in /Users/runner/micromamba/envs/tardis/lib/python3.12/site-packages (from pexpect>4.3->ipython>=4.0.0->ipywidgets>=7.0.0->qgridnext) (0.7.0)
2025-01-13T19:37:00.3388460Z Requirement already satisfied: wcwidth in /Users/runner/micromamba/envs/tardis/lib/python3.12/site-packages (from prompt-toolkit<3.1.0,>=3.0.41->ipython>=4.0.0->ipywidgets>=7.0.0->qgridnext) (0.2.13)
2025-01-13T19:37:00.3488730Z Requirement already satisfied: executing>=1.2.0 in /Users/runner/micromamba/envs/tardis/lib/python3.12/site-packages (from stack-data->ipython>=4.0.0->ipywidgets>=7.0.0->qgridnext) (2.0.1)
2025-01-13T19:37:00.3589160Z Requirement already satisfied: asttokens>=2.1.0 in /Users/runner/micromamba/envs/tardis/lib/python3.12/site-packages (from stack-data->ipython>=4.0.0->ipywidgets>=7.0.0->qgridnext) (2.4.1)
2025-01-13T19:37:00.3689510Z Requirement already satisfied: pure-eval in /Users/runner/micromamba/envs/tardis/lib/python3.12/site-packages (from stack-data->ipython>=4.0.0->ipywidgets>=7.0.0->qgridnext) (0.2.2)
2025-01-13T19:37:00.3791690Z Requirement already satisfied: anyio>=3.1.0 in /Users/runner/micromamba/envs/tardis/lib/python3.12/site-packages (from jupyter-server<3,>=2.4.0->notebook>=4.4.1->widgetsnbextension~=3.6.5->ipywidgets>=7.0.0->qgridnext) (4.4.0)
2025-01-13T19:37:00.3892870Z Requirement already satisfied: argon2-cffi>=21.1 in /Users/runner/micromamba/envs/tardis/lib/python3.12/site-packages (from jupyter-server<3,>=2.4.0->notebook>=4.4.1->widgetsnbextension~=3.6.5->ipywidgets>=7.0.0->qgridnext) (23.1.0)
2025-01-13T19:37:00.3999720Z Requirement already satisfied: jinja2>=3.0.3 in /Users/runner/micromamba/envs/tardis/lib/python3.12/site-packages (from jupyter-server<3,>=2.4.0->notebook>=4.4.1->widgetsnbextension~=3.6.5->ipywidgets>=7.0.0->qgridnext) (3.1.4)
2025-01-13T19:37:00.4100620Z Requirement already satisfied: jupyter-client>=7.4.4 in /Users/runner/micromamba/envs/tardis/lib/python3.12/site-packages (from jupyter-server<3,>=2.4.0->notebook>=4.4.1->widgetsnbextension~=3.6.5->ipywidgets>=7.0.0->qgridnext) (8.6.2)
2025-01-13T19:37:00.4202070Z Requirement already satisfied: jupyter-core!=5.0.*,>=4.12 in /Users/runner/micromamba/envs/tardis/lib/python3.12/site-packages (from jupyter-server<3,>=2.4.0->notebook>=4.4.1->widgetsnbextension~=3.6.5->ipywidgets>=7.0.0->qgridnext) (5.7.2)
2025-01-13T19:37:00.4303700Z Requirement already satisfied: jupyter-events>=0.9.0 in /Users/runner/micromamba/envs/tardis/lib/python3.12/site-packages (from jupyter-server<3,>=2.4.0->notebook>=4.4.1->widgetsnbextension~=3.6.5->ipywidgets>=7.0.0->qgridnext) (0.10.0)
2025-01-13T19:37:00.4405130Z Requirement already satisfied: jupyter-server-terminals>=0.4.4 in /Users/runner/micromamba/envs/tardis/lib/python3.12/site-packages (from jupyter-server<3,>=2.4.0->notebook>=4.4.1->widgetsnbextension~=3.6.5->ipywidgets>=7.0.0->qgridnext) (0.5.3)
2025-01-13T19:37:00.4507040Z Requirement already satisfied: nbconvert>=6.4.4 in /Users/runner/micromamba/envs/tardis/lib/python3.12/site-packages (from jupyter-server<3,>=2.4.0->notebook>=4.4.1->widgetsnbextension~=3.6.5->ipywidgets>=7.0.0->qgridnext) (7.16.4)
2025-01-13T19:37:00.4610710Z Requirement already satisfied: nbformat>=5.3.0 in /Users/runner/micromamba/envs/tardis/lib/python3.12/site-packages (from jupyter-server<3,>=2.4.0->notebook>=4.4.1->widgetsnbextension~=3.6.5->ipywidgets>=7.0.0->qgridnext) (5.10.4)
2025-01-13T19:37:00.4720180Z Requirement already satisfied: overrides>=5.0 in /Users/runner/micromamba/envs/tardis/lib/python3.12/site-packages (from jupyter-server<3,>=2.4.0->notebook>=4.4.1->widgetsnbextension~=3.6.5->ipywidgets>=7.0.0->qgridnext) (7.7.0)
2025-01-13T19:37:00.4824730Z Requirement already satisfied: packaging>=22.0 in /Users/runner/micromamba/envs/tardis/lib/python3.12/site-packages (from jupyter-server<3,>=2.4.0->notebook>=4.4.1->widgetsnbextension~=3.6.5->ipywidgets>=7.0.0->qgridnext) (24.1)
2025-01-13T19:37:00.4925190Z Requirement already satisfied: prometheus-client>=0.9 in /Users/runner/micromamba/envs/tardis/lib/python3.12/site-packages (from jupyter-server<3,>=2.4.0->notebook>=4.4.1->widgetsnbextension~=3.6.5->ipywidgets>=7.0.0->qgridnext) (0.20.0)
2025-01-13T19:37:00.5027990Z Requirement already satisfied: pyzmq>=24 in /Users/runner/micromamba/envs/tardis/lib/python3.12/site-packages (from jupyter-server<3,>=2.4.0->notebook>=4.4.1->widgetsnbextension~=3.6.5->ipywidgets>=7.0.0->qgridnext) (26.0.3)
2025-01-13T19:37:00.5128980Z Requirement already satisfied: send2trash>=1.8.2 in /Users/runner/micromamba/envs/tardis/lib/python3.12/site-packages (from jupyter-server<3,>=2.4.0->notebook>=4.4.1->widgetsnbextension~=3.6.5->ipywidgets>=7.0.0->qgridnext) (1.8.3)
2025-01-13T19:37:00.5229610Z Requirement already satisfied: terminado>=0.8.3 in /Users/runner/micromamba/envs/tardis/lib/python3.12/site-packages (from jupyter-server<3,>=2.4.0->notebook>=4.4.1->widgetsnbextension~=3.6.5->ipywidgets>=7.0.0->qgridnext) (0.18.1)
2025-01-13T19:37:00.5330970Z Requirement already satisfied: websocket-client>=1.7 in /Users/runner/micromamba/envs/tardis/lib/python3.12/site-packages (from jupyter-server<3,>=2.4.0->notebook>=4.4.1->widgetsnbextension~=3.6.5->ipywidgets>=7.0.0->qgridnext) (1.8.0)
2025-01-13T19:37:00.5432140Z Requirement already satisfied: async-lru>=1.0.0 in /Users/runner/micromamba/envs/tardis/lib/python3.12/site-packages (from jupyterlab<4.3,>=4.2.0->notebook>=4.4.1->widgetsnbextension~=3.6.5->ipywidgets>=7.0.0->qgridnext) (2.0.4)
2025-01-13T19:37:00.5535090Z Requirement already satisfied: httpx>=0.25.0 in /Users/runner/micromamba/envs/tardis/lib/python3.12/site-packages (from jupyterlab<4.3,>=4.2.0->notebook>=4.4.1->widgetsnbextension~=3.6.5->ipywidgets>=7.0.0->qgridnext) (0.27.0)
2025-01-13T19:37:00.5637470Z Requirement already satisfied: ipykernel>=6.5.0 in /Users/runner/micromamba/envs/tardis/lib/python3.12/site-packages (from jupyterlab<4.3,>=4.2.0->notebook>=4.4.1->widgetsnbextension~=3.6.5->ipywidgets>=7.0.0->qgridnext) (6.29.4)
2025-01-13T19:37:00.5742010Z Requirement already satisfied: jupyter-lsp>=2.0.0 in /Users/runner/micromamba/envs/tardis/lib/python3.12/site-packages (from jupyterlab<4.3,>=4.2.0->notebook>=4.4.1->widgetsnbextension~=3.6.5->ipywidgets>=7.0.0->qgridnext) (2.2.5)
2025-01-13T19:37:00.5842210Z Requirement already satisfied: setuptools>=40.1.0 in /Users/runner/micromamba/envs/tardis/lib/python3.12/site-packages (from jupyterlab<4.3,>=4.2.0->notebook>=4.4.1->widgetsnbextension~=3.6.5->ipywidgets>=7.0.0->qgridnext) (70.0.0)
2025-01-13T19:37:00.5942130Z Requirement already satisfied: babel>=2.10 in /Users/runner/micromamba/envs/tardis/lib/python3.12/site-packages (from jupyterlab-server<3,>=2.27.1->notebook>=4.4.1->widgetsnbextension~=3.6.5->ipywidgets>=7.0.0->qgridnext) (2.14.0)
2025-01-13T19:37:00.5958320Z Requirement already satisfied: json5>=0.9.0 in /Users/runner/micromamba/envs/tardis/lib/python3.12/site-packages (from jupyterlab-server<3,>=2.27.1->notebook>=4.4.1->widgetsnbextension~=3.6.5->ipywidgets>=7.0.0->qgridnext) (0.9.25)
2025-01-13T19:37:00.5999640Z Requirement already satisfied: jsonschema>=4.18.0 in /Users/runner/micromamba/envs/tardis/lib/python3.12/site-packages (from jupyterlab-server<3,>=2.27.1->notebook>=4.4.1->widgetsnbextension~=3.6.5->ipywidgets>=7.0.0->qgridnext) (4.22.0)
2025-01-13T19:37:00.6003590Z Requirement already satisfied: requests>=2.31 in /Users/runner/micromamba/envs/tardis/lib/python3.12/site-packages (from jupyterlab-server<3,>=2.27.1->notebook>=4.4.1->widgetsnbextension~=3.6.5->ipywidgets>=7.0.0->qgridnext) (2.32.3)
2025-01-13T19:37:00.6006100Z Requirement already satisfied: idna>=2.8 in /Users/runner/micromamba/envs/tardis/lib/python3.12/site-packages (from anyio>=3.1.0->jupyter-server<3,>=2.4.0->notebook>=4.4.1->widgetsnbextension~=3.6.5->ipywidgets>=7.0.0->qgridnext) (3.7)
2025-01-13T19:37:00.6008150Z Requirement already satisfied: sniffio>=1.1 in /Users/runner/micromamba/envs/tardis/lib/python3.12/site-packages (from anyio>=3.1.0->jupyter-server<3,>=2.4.0->notebook>=4.4.1->widgetsnbextension~=3.6.5->ipywidgets>=7.0.0->qgridnext) (1.3.1)
2025-01-13T19:37:00.6010380Z Requirement already satisfied: argon2-cffi-bindings in /Users/runner/micromamba/envs/tardis/lib/python3.12/site-packages (from argon2-cffi>=21.1->jupyter-server<3,>=2.4.0->notebook>=4.4.1->widgetsnbextension~=3.6.5->ipywidgets>=7.0.0->qgridnext) (21.2.0)
2025-01-13T19:37:00.6014620Z Requirement already satisfied: certifi in /Users/runner/micromamba/envs/tardis/lib/python3.12/site-packages (from httpx>=0.25.0->jupyterlab<4.3,>=4.2.0->notebook>=4.4.1->widgetsnbextension~=3.6.5->ipywidgets>=7.0.0->qgridnext) (2024.6.2)
2025-01-13T19:37:00.6018210Z Requirement already satisfied: httpcore==1.* in /Users/runner/micromamba/envs/tardis/lib/python3.12/site-packages (from httpx>=0.25.0->jupyterlab<4.3,>=4.2.0->notebook>=4.4.1->widgetsnbextension~=3.6.5->ipywidgets>=7.0.0->qgridnext) (1.0.5)
2025-01-13T19:37:00.6022020Z Requirement already satisfied: h11<0.15,>=0.13 in /Users/runner/micromamba/envs/tardis/lib/python3.12/site-packages (from httpcore==1.*->httpx>=0.25.0->jupyterlab<4.3,>=4.2.0->notebook>=4.4.1->widgetsnbextension~=3.6.5->ipywidgets>=7.0.0->qgridnext) (0.14.0)
2025-01-13T19:37:00.6025780Z Requirement already satisfied: appnope in /Users/runner/micromamba/envs/tardis/lib/python3.12/site-packages (from ipykernel>=6.5.0->jupyterlab<4.3,>=4.2.0->notebook>=4.4.1->widgetsnbextension~=3.6.5->ipywidgets>=7.0.0->qgridnext) (0.1.4)
2025-01-13T19:37:00.6029910Z Requirement already satisfied: debugpy>=1.6.5 in /Users/runner/micromamba/envs/tardis/lib/python3.12/site-packages (from ipykernel>=6.5.0->jupyterlab<4.3,>=4.2.0->notebook>=4.4.1->widgetsnbextension~=3.6.5->ipywidgets>=7.0.0->qgridnext) (1.8.1)
2025-01-13T19:37:00.6035930Z Requirement already satisfied: nest-asyncio in /Users/runner/micromamba/envs/tardis/lib/python3.12/site-packages (from ipykernel>=6.5.0->jupyterlab<4.3,>=4.2.0->notebook>=4.4.1->widgetsnbextension~=3.6.5->ipywidgets>=7.0.0->qgridnext) (1.6.0)
2025-01-13T19:37:00.6037910Z Requirement already satisfied: psutil in /Users/runner/micromamba/envs/tardis/lib/python3.12/site-packages (from ipykernel>=6.5.0->jupyterlab<4.3,>=4.2.0->notebook>=4.4.1->widgetsnbextension~=3.6.5->ipywidgets>=7.0.0->qgridnext) (5.9.8)
2025-01-13T19:37:00.6039310Z Requirement already satisfied: MarkupSafe>=2.0 in /Users/runner/micromamba/envs/tardis/lib/python3.12/site-packages (from jinja2>=3.0.3->jupyter-server<3,>=2.4.0->notebook>=4.4.1->widgetsnbextension~=3.6.5->ipywidgets>=7.0.0->qgridnext) (2.1.5)
2025-01-13T19:37:00.6040660Z Requirement already satisfied: attrs>=22.2.0 in /Users/runner/micromamba/envs/tardis/lib/python3.12/site-packages (from jsonschema>=4.18.0->jupyterlab-server<3,>=2.27.1->notebook>=4.4.1->widgetsnbextension~=3.6.5->ipywidgets>=7.0.0->qgridnext) (23.2.0)
2025-01-13T19:37:00.6042250Z Requirement already satisfied: jsonschema-specifications>=2023.03.6 in /Users/runner/micromamba/envs/tardis/lib/python3.12/site-packages (from jsonschema>=4.18.0->jupyterlab-server<3,>=2.27.1->notebook>=4.4.1->widgetsnbextension~=3.6.5->ipywidgets>=7.0.0->qgridnext) (2023.12.1)
2025-01-13T19:37:00.6043780Z Requirement already satisfied: referencing>=0.28.4 in /Users/runner/micromamba/envs/tardis/lib/python3.12/site-packages (from jsonschema>=4.18.0->jupyterlab-server<3,>=2.27.1->notebook>=4.4.1->widgetsnbextension~=3.6.5->ipywidgets>=7.0.0->qgridnext) (0.35.1)
2025-01-13T19:37:00.6045300Z Requirement already satisfied: rpds-py>=0.7.1 in /Users/runner/micromamba/envs/tardis/lib/python3.12/site-packages (from jsonschema>=4.18.0->jupyterlab-server<3,>=2.27.1->notebook>=4.4.1->widgetsnbextension~=3.6.5->ipywidgets>=7.0.0->qgridnext) (0.18.1)
2025-01-13T19:37:00.6046800Z Requirement already satisfied: platformdirs>=2.5 in /Users/runner/micromamba/envs/tardis/lib/python3.12/site-packages (from jupyter-core!=5.0.*,>=4.12->jupyter-server<3,>=2.4.0->notebook>=4.4.1->widgetsnbextension~=3.6.5->ipywidgets>=7.0.0->qgridnext) (4.2.2)
2025-01-13T19:37:00.6048250Z Requirement already satisfied: python-json-logger>=2.0.4 in /Users/runner/micromamba/envs/tardis/lib/python3.12/site-packages (from jupyter-events>=0.9.0->jupyter-server<3,>=2.4.0->notebook>=4.4.1->widgetsnbextension~=3.6.5->ipywidgets>=7.0.0->qgridnext) (2.0.7)
2025-01-13T19:37:00.6049770Z Requirement already satisfied: pyyaml>=5.3 in /Users/runner/micromamba/envs/tardis/lib/python3.12/site-packages (from jupyter-events>=0.9.0->jupyter-server<3,>=2.4.0->notebook>=4.4.1->widgetsnbextension~=3.6.5->ipywidgets>=7.0.0->qgridnext) (6.0.1)
2025-01-13T19:37:00.6051230Z Requirement already satisfied: rfc3339-validator in /Users/runner/micromamba/envs/tardis/lib/python3.12/site-packages (from jupyter-events>=0.9.0->jupyter-server<3,>=2.4.0->notebook>=4.4.1->widgetsnbextension~=3.6.5->ipywidgets>=7.0.0->qgridnext) (0.1.4)
2025-01-13T19:37:00.6052730Z Requirement already satisfied: rfc3986-validator>=0.1.1 in /Users/runner/micromamba/envs/tardis/lib/python3.12/site-packages (from jupyter-events>=0.9.0->jupyter-server<3,>=2.4.0->notebook>=4.4.1->widgetsnbextension~=3.6.5->ipywidgets>=7.0.0->qgridnext) (0.1.1)
2025-01-13T19:37:00.6054170Z Requirement already satisfied: beautifulsoup4 in /Users/runner/micromamba/envs/tardis/lib/python3.12/site-packages (from nbconvert>=6.4.4->jupyter-server<3,>=2.4.0->notebook>=4.4.1->widgetsnbextension~=3.6.5->ipywidgets>=7.0.0->qgridnext) (4.12.3)
2025-01-13T19:37:00.6055570Z Requirement already satisfied: bleach!=5.0.0 in /Users/runner/micromamba/envs/tardis/lib/python3.12/site-packages (from nbconvert>=6.4.4->jupyter-server<3,>=2.4.0->notebook>=4.4.1->widgetsnbextension~=3.6.5->ipywidgets>=7.0.0->qgridnext) (6.1.0)
2025-01-13T19:37:00.6057310Z Requirement already satisfied: defusedxml in /Users/runner/micromamba/envs/tardis/lib/python3.12/site-packages (from nbconvert>=6.4.4->jupyter-server<3,>=2.4.0->notebook>=4.4.1->widgetsnbextension~=3.6.5->ipywidgets>=7.0.0->qgridnext) (0.7.1)
2025-01-13T19:37:00.6059070Z Requirement already satisfied: jupyterlab-pygments in /Users/runner/micromamba/envs/tardis/lib/python3.12/site-packages (from nbconvert>=6.4.4->jupyter-server<3,>=2.4.0->notebook>=4.4.1->widgetsnbextension~=3.6.5->ipywidgets>=7.0.0->qgridnext) (0.3.0)
2025-01-13T19:37:00.6060570Z Requirement already satisfied: mistune<4,>=2.0.3 in /Users/runner/micromamba/envs/tardis/lib/python3.12/site-packages (from nbconvert>=6.4.4->jupyter-server<3,>=2.4.0->notebook>=4.4.1->widgetsnbextension~=3.6.5->ipywidgets>=7.0.0->qgridnext) (3.0.2)
2025-01-13T19:37:00.6062020Z Requirement already satisfied: nbclient>=0.5.0 in /Users/runner/micromamba/envs/tardis/lib/python3.12/site-packages (from nbconvert>=6.4.4->jupyter-server<3,>=2.4.0->notebook>=4.4.1->widgetsnbextension~=3.6.5->ipywidgets>=7.0.0->qgridnext) (0.10.0)
2025-01-13T19:37:00.6063500Z Requirement already satisfied: pandocfilters>=1.4.1 in /Users/runner/micromamba/envs/tardis/lib/python3.12/site-packages (from nbconvert>=6.4.4->jupyter-server<3,>=2.4.0->notebook>=4.4.1->widgetsnbextension~=3.6.5->ipywidgets>=7.0.0->qgridnext) (1.5.0)
2025-01-13T19:37:00.6065030Z Requirement already satisfied: tinycss2 in /Users/runner/micromamba/envs/tardis/lib/python3.12/site-packages (from nbconvert>=6.4.4->jupyter-server<3,>=2.4.0->notebook>=4.4.1->widgetsnbextension~=3.6.5->ipywidgets>=7.0.0->qgridnext) (1.3.0)
2025-01-13T19:37:00.6066540Z Requirement already satisfied: fastjsonschema>=2.15 in /Users/runner/micromamba/envs/tardis/lib/python3.12/site-packages (from nbformat>=5.3.0->jupyter-server<3,>=2.4.0->notebook>=4.4.1->widgetsnbextension~=3.6.5->ipywidgets>=7.0.0->qgridnext) (2.20.0)
2025-01-13T19:37:00.6068020Z Requirement already satisfied: charset-normalizer<4,>=2 in /Users/runner/micromamba/envs/tardis/lib/python3.12/site-packages (from requests>=2.31->jupyterlab-server<3,>=2.27.1->notebook>=4.4.1->widgetsnbextension~=3.6.5->ipywidgets>=7.0.0->qgridnext) (3.3.2)
2025-01-13T19:37:00.6069570Z Requirement already satisfied: urllib3<3,>=1.21.1 in /Users/runner/micromamba/envs/tardis/lib/python3.12/site-packages (from requests>=2.31->jupyterlab-server<3,>=2.27.1->notebook>=4.4.1->widgetsnbextension~=3.6.5->ipywidgets>=7.0.0->qgridnext) (2.2.2)
2025-01-13T19:37:00.6567440Z Requirement already satisfied: webencodings in /Users/runner/micromamba/envs/tardis/lib/python3.12/site-packages (from bleach!=5.0.0->nbconvert>=6.4.4->jupyter-server<3,>=2.4.0->notebook>=4.4.1->widgetsnbextension~=3.6.5->ipywidgets>=7.0.0->qgridnext) (0.5.1)
2025-01-13T19:37:00.7029090Z Requirement already satisfied: fqdn in /Users/runner/micromamba/envs/tardis/lib/python3.12/site-packages (from jsonschema[format-nongpl]>=4.18.0->jupyter-events>=0.9.0->jupyter-server<3,>=2.4.0->notebook>=4.4.1->widgetsnbextension~=3.6.5->ipywidgets>=7.0.0->qgridnext) (1.5.1)
2025-01-13T19:37:00.7128270Z Requirement already satisfied: isoduration in /Users/runner/micromamba/envs/tardis/lib/python3.12/site-packages (from jsonschema[format-nongpl]>=4.18.0->jupyter-events>=0.9.0->jupyter-server<3,>=2.4.0->notebook>=4.4.1->widgetsnbextension~=3.6.5->ipywidgets>=7.0.0->qgridnext) (20.11.0)
2025-01-13T19:37:00.7231990Z Requirement already satisfied: jsonpointer>1.13 in /Users/runner/micromamba/envs/tardis/lib/python3.12/site-packages (from jsonschema[format-nongpl]>=4.18.0->jupyter-events>=0.9.0->jupyter-server<3,>=2.4.0->notebook>=4.4.1->widgetsnbextension~=3.6.5->ipywidgets>=7.0.0->qgridnext) (3.0.0)
2025-01-13T19:37:00.7331730Z Requirement already satisfied: uri-template in /Users/runner/micromamba/envs/tardis/lib/python3.12/site-packages (from jsonschema[format-nongpl]>=4.18.0->jupyter-events>=0.9.0->jupyter-server<3,>=2.4.0->notebook>=4.4.1->widgetsnbextension~=3.6.5->ipywidgets>=7.0.0->qgridnext) (1.3.0)
2025-01-13T19:37:00.7435260Z Requirement already satisfied: webcolors>=1.11 in /Users/runner/micromamba/envs/tardis/lib/python3.12/site-packages (from jsonschema[format-nongpl]>=4.18.0->jupyter-events>=0.9.0->jupyter-server<3,>=2.4.0->notebook>=4.4.1->widgetsnbextension~=3.6.5->ipywidgets>=7.0.0->qgridnext) (24.6.0)
2025-01-13T19:37:00.8027240Z Requirement already satisfied: cffi>=1.0.1 in /Users/runner/micromamba/envs/tardis/lib/python3.12/site-packages (from argon2-cffi-bindings->argon2-cffi>=21.1->jupyter-server<3,>=2.4.0->notebook>=4.4.1->widgetsnbextension~=3.6.5->ipywidgets>=7.0.0->qgridnext) (1.16.0)
2025-01-13T19:37:00.8129520Z Requirement already satisfied: soupsieve>1.2 in /Users/runner/micromamba/envs/tardis/lib/python3.12/site-packages (from beautifulsoup4->nbconvert>=6.4.4->jupyter-server<3,>=2.4.0->notebook>=4.4.1->widgetsnbextension~=3.6.5->ipywidgets>=7.0.0->qgridnext) (2.5)
2025-01-13T19:37:00.8548540Z Requirement already satisfied: pycparser in /Users/runner/micromamba/envs/tardis/lib/python3.12/site-packages (from cffi>=1.0.1->argon2-cffi-bindings->argon2-cffi>=21.1->jupyter-server<3,>=2.4.0->notebook>=4.4.1->widgetsnbextension~=3.6.5->ipywidgets>=7.0.0->qgridnext) (2.22)
2025-01-13T19:37:00.8919200Z Requirement already satisfied: arrow>=0.15.0 in /Users/runner/micromamba/envs/tardis/lib/python3.12/site-packages (from isoduration->jsonschema[format-nongpl]>=4.18.0->jupyter-events>=0.9.0->jupyter-server<3,>=2.4.0->notebook>=4.4.1->widgetsnbextension~=3.6.5->ipywidgets>=7.0.0->qgridnext) (1.3.0)
2025-01-13T19:37:00.9322520Z Requirement already satisfied: types-python-dateutil>=2.8.10 in /Users/runner/micromamba/envs/tardis/lib/python3.12/site-packages (from arrow>=0.15.0->isoduration->jsonschema[format-nongpl]>=4.18.0->jupyter-events>=0.9.0->jupyter-server<3,>=2.4.0->notebook>=4.4.1->widgetsnbextension~=3.6.5->ipywidgets>=7.0.0->qgridnext) (2.9.0.20240316)
2025-01-13T19:37:00.9624050Z Downloading qgridnext-2.0.4-py3-none-any.whl (1.3 MB)
2025-01-13T19:37:01.0227660Z    â”â”â”â”â”â”â”â”â”â”â”â”â”â”â”â”â”â”â”â”â”â”â”â”â”â”â”â”â”â”â”â”â”â”â”â”â”â”â”â” 1.3/1.3 MB 19.9 MB/s eta 0:00:00
2025-01-13T19:37:01.7355980Z Installing collected packages: qgridnext
2025-01-13T19:37:01.7891730Z Successfully installed qgridnext-2.0.4
2025-01-13T19:37:02.0610600Z ##[group]Run pytest tardis --tardis-regression-data=/Users/runner/work/tardis/tardis/tardis-regression-data --cov=tardis --cov-report=xml --cov-report=html --cov-append -m "not continuum"
2025-01-13T19:37:02.0611650Z [36;1mpytest tardis --tardis-regression-data=/Users/runner/work/tardis/tardis/tardis-regression-data --cov=tardis --cov-report=xml --cov-report=html --cov-append -m "not continuum"[0m
2025-01-13T19:37:02.0678300Z shell: /bin/bash -l {0}
2025-01-13T19:37:02.0678500Z env:
2025-01-13T19:37:02.0678640Z   CACHE_NUMBER: 0
2025-01-13T19:37:02.0679150Z   PYTEST_FLAGS: --tardis-regression-data=/Users/runner/work/tardis/tardis/tardis-regression-data --cov=tardis --cov-report=xml --cov-report=html --cov-append
2025-01-13T19:37:02.0679700Z   CODECOV_TOKEN: 
2025-01-13T19:37:02.0679920Z   MAMBA_ROOT_PREFIX: /Users/runner/micromamba
2025-01-13T19:37:02.0680200Z   MAMBA_EXE: /Users/runner/micromamba-bin/micromamba
2025-01-13T19:37:02.0680540Z   CONDARC: /Users/runner/work/_temp/setup-micromamba/.condarc
2025-01-13T19:37:02.0680830Z ##[endgroup]
2025-01-13T19:37:17.3842630Z ============================= test session starts ==============================
2025-01-13T19:37:17.3843780Z platform darwin -- Python 3.12.4, pytest-8.2.2, pluggy-1.5.0
2025-01-13T19:37:17.3844550Z rootdir: /Users/runner/work/tardis/tardis
2025-01-13T19:37:17.3845000Z configfile: pyproject.toml
2025-01-13T19:37:17.3845600Z plugins: cov-5.0.0, html-4.1.1, metadata-3.1.1, doctestplus-1.2.1, anyio-4.4.0
2025-01-13T19:37:17.3845940Z collected 1796 items / 2 deselected / 1794 selected
2025-01-13T19:37:17.3846110Z 
2025-01-13T19:37:20.6296110Z tardis/energy_input/tests/test_energy_source.py ..xxx                    [  0%]
2025-01-13T19:37:22.3024640Z tardis/energy_input/tests/test_gamma_ray_channel.py ...........          [  0%]
2025-01-13T19:37:23.5787860Z tardis/energy_input/tests/test_gamma_ray_grid.py xx.                     [  1%]
2025-01-13T19:37:24.7908420Z tardis/energy_input/tests/test_gamma_ray_interactions.py xx....          [  1%]
2025-01-13T19:37:24.7972420Z tardis/energy_input/tests/test_gamma_ray_packet_source.py sssssssss      [  1%]
2025-01-13T19:37:25.9268530Z tardis/energy_input/tests/test_util.py .....xxxx.....                    [  2%]
2025-01-13T19:37:26.2456680Z tardis/grid/tests/test_grid.py .                                         [  2%]
2025-01-13T19:37:26.2558730Z tardis/gui/tests/test_gui.py s                                           [  2%]
2025-01-13T19:37:29.3777520Z tardis/io/configuration/tests/test_config_reader.py ...........          [  3%]
2025-01-13T19:37:29.3849780Z tardis/io/configuration/tests/test_configuration_namespace.py .........  [  3%]
2025-01-13T19:37:29.4014570Z tardis/io/logger/tests/test_logging.py ssssssssssssssssssssssssssss      [  5%]
2025-01-13T19:38:00.6285430Z tardis/io/model/readers/tests/test_arepo_parser.py ..                    [  5%]
2025-01-13T19:38:00.6754370Z tardis/io/model/readers/tests/test_ascii_readers.py ...                  [  5%]
2025-01-13T19:38:00.6856180Z tardis/io/model/readers/tests/test_cmfgen_reader.py ..                   [  5%]
2025-01-13T19:38:00.7228640Z tardis/io/model/readers/tests/test_csvy_reader.py ....                   [  6%]
2025-01-13T19:38:00.7551880Z tardis/io/model/readers/tests/test_stella_reader.py ..                   [  6%]
2025-01-13T19:38:01.1754950Z tardis/io/tests/test_HDFWriter.py ...............                        [  7%]
2025-01-13T19:38:01.7802360Z tardis/io/tests/test_atomic.py .....                                     [  7%]
2025-01-13T19:38:01.7997160Z tardis/io/tests/test_decay.py ..                                         [  7%]
2025-01-13T19:38:02.0170430Z tardis/io/tests/test_model_reader.py ......                              [  7%]
2025-01-13T19:38:02.0231630Z tardis/model/geometry/tests/test_radial1d.py ..                          [  7%]
2025-01-13T19:38:34.3047150Z tardis/model/tests/test_base.py ........................................ [ 10%]
2025-01-13T19:38:35.0613890Z ............                                                             [ 10%]
2025-01-13T19:38:37.5122170Z tardis/model/tests/test_csvy_model.py .........                          [ 11%]
2025-01-13T19:38:37.5567940Z tardis/model/tests/test_density.py ..                                    [ 11%]
2025-01-13T19:38:39.2685610Z tardis/opacities/tests/test_opacity_solver.py .....                      [ 11%]
2025-01-13T19:38:40.6086130Z tardis/opacities/tests/test_opacity_state_numba.py .....                 [ 11%]
2025-01-13T19:38:42.3867650Z tardis/opacities/tests/test_tau_sobolev.py FF                            [ 12%]
2025-01-13T19:38:46.2321310Z tardis/plasma/equilibrium/tests/test_collisional_transitions.py ...      [ 12%]
2025-01-13T19:39:34.8049310Z tardis/plasma/equilibrium/tests/test_level_populations.py ....           [ 12%]
2025-01-13T19:39:46.7211010Z tardis/plasma/equilibrium/tests/test_rate_matrix.py .                    [ 12%]
2025-01-13T19:39:48.2560040Z tardis/plasma/tests/test_complete_plasmas.py .....................s..... [ 13%]
2025-01-13T19:39:51.1827040Z s....ssssss............s............ss.....s....ssssss............s..... [ 18%]
2025-01-13T19:39:52.8756360Z .......ss.....s....ssssss............s............ss.....s....ssssss.... [ 22%]
2025-01-13T19:39:55.6349860Z ........s............ss.....s........ss............s............ss.....s [ 26%]
2025-01-13T19:39:58.6121190Z ........ss............s............ss.....s....ssssss............s...... [ 30%]
2025-01-13T19:39:59.3755490Z ......ss.....s....ssssss............s............ss.....s.ss.ssssss..... [ 34%]
2025-01-13T19:40:02.1006240Z .......s............ss.....s....ssssss............s............ss.....s. [ 38%]
2025-01-13T19:40:04.6459850Z ...ssssss............s............ss.....s....ssssss............s....... [ 42%]
2025-01-13T19:40:07.4229130Z .....ss.....s....ssssss............s............s...........ssssss...... [ 46%]
2025-01-13T19:40:09.1866160Z ......s............s...........ssssss............s............s......... [ 50%]
2025-01-13T19:40:11.7384180Z ..ssssss............s............ss.....s....ssssss............s........ [ 54%]
2025-01-13T19:40:14.3128280Z ....ss.....s....ssssss..........................s.....s....ssss......... [ 58%]
2025-01-13T19:40:14.6452310Z ...................s.....s....ssss.......                                [ 60%]
2025-01-13T19:40:14.9346630Z tardis/plasma/tests/test_hdf_plasma.py ................................. [ 62%]
2025-01-13T19:40:14.9478990Z ......                                                                   [ 62%]
2025-01-13T19:40:15.3953490Z tardis/plasma/tests/test_nlte_excitation.py ...                          [ 62%]
2025-01-13T19:42:09.8941840Z tardis/plasma/tests/test_nlte_solver.py .....X                           [ 63%]
2025-01-13T19:42:09.8979840Z tardis/plasma/tests/test_plasma_continuum.py .                           [ 63%]
2025-01-13T19:42:29.9839770Z tardis/plasma/tests/test_plasma_vboundary.py .............               [ 63%]
2025-01-13T19:42:41.0182190Z tardis/plasma/tests/test_tardis_model_density_config.py ...              [ 64%]
2025-01-13T19:42:41.8086870Z tardis/simulation/tests/test_convergence.py .....                        [ 64%]
2025-01-13T19:42:52.2889200Z tardis/simulation/tests/test_simulation.py .............                 [ 65%]
2025-01-13T19:42:52.3007460Z tardis/spectrum/tests/test_cuda_formal_integral.py sssssssssssssssssssss [ 66%]
2025-01-13T19:42:52.6257080Z ssss...ssssssssssssssssssssss                                            [ 67%]
2025-01-13T19:42:52.6323560Z tardis/spectrum/tests/test_luminosity.py ....                            [ 68%]
2025-01-13T19:42:53.5828410Z tardis/spectrum/tests/test_numba_formal_integral.py .................... [ 69%]
2025-01-13T19:42:53.5947710Z ..........                                                               [ 69%]
2025-01-13T19:42:53.7894870Z tardis/spectrum/tests/test_spectrum.py ................................. [ 71%]
2025-01-13T19:42:53.8177770Z .........                                                                [ 72%]
2025-01-13T19:43:22.8491020Z tardis/spectrum/tests/test_spectrum_solver.py ....                       [ 72%]
2025-01-13T19:44:36.7016460Z tardis/tests/test_tardis_full.py ....                                    [ 72%]
2025-01-13T19:46:09.3961640Z tardis/tests/test_tardis_full_formal_integral.py ................        [ 73%]
2025-01-13T19:46:09.4606430Z tardis/tests/test_util.py .............................................  [ 75%]
2025-01-13T19:46:11.7621870Z tardis/transport/montecarlo/tests/test_base.py x.....................    [ 77%]
2025-01-13T19:46:16.6904300Z tardis/transport/montecarlo/tests/test_interaction.py .......            [ 77%]
2025-01-13T19:46:16.8373760Z tardis/transport/montecarlo/tests/test_macro_atom.py ....                [ 77%]
2025-01-13T19:46:16.8469820Z tardis/transport/montecarlo/tests/test_montecarlo.py sssssssssssssssssss [ 78%]
2025-01-13T19:46:16.8713400Z sssssssssssssssssssssssssssssssssssssssssssss                            [ 81%]
2025-01-13T19:46:24.8981650Z tardis/transport/montecarlo/tests/test_montecarlo_main_loop.py x..       [ 81%]
2025-01-13T19:46:24.9091630Z tardis/transport/montecarlo/tests/test_nonhomologous.py ...              [ 81%]
2025-01-13T19:46:27.2724650Z tardis/transport/montecarlo/tests/test_numba_interface.py .....x.        [ 82%]
2025-01-13T19:46:27.7138750Z tardis/transport/montecarlo/tests/test_opacities.py ...............      [ 82%]
2025-01-13T19:46:28.4907100Z tardis/transport/montecarlo/tests/test_packet.py .................xXXXXX [ 84%]
2025-01-13T19:46:28.5859680Z XX.........                                                              [ 84%]
2025-01-13T19:46:28.6210480Z tardis/transport/montecarlo/tests/test_packet_source.py ........         [ 85%]
2025-01-13T19:46:28.8675000Z tardis/transport/montecarlo/tests/test_rpacket_last_interaction_tracker.py . [ 85%]
2025-01-13T19:46:29.1581050Z .....                                                                    [ 85%]
2025-01-13T19:46:39.2198530Z tardis/transport/montecarlo/tests/test_rpacket_tracker.py ......         [ 85%]
2025-01-13T19:46:39.2422390Z tardis/transport/montecarlo/tests/test_single_packet_loop.py xxx         [ 86%]
2025-01-13T19:46:39.2452780Z tardis/transport/montecarlo/tests/test_tracker_utils.py ..               [ 86%]
2025-01-13T19:46:40.4621260Z tardis/transport/montecarlo/tests/test_vpacket.py ..x.                   [ 86%]
2025-01-13T19:46:40.4760310Z tardis/transport/montecarlo/tests/test_weighted_packet_source.py ....    [ 86%]
2025-01-13T19:46:43.4510090Z tardis/transport/montecarlo/tests/test_weighted_packet_source_integration.py . [ 86%]
2025-01-13T19:46:43.4513200Z                                                                          [ 86%]
2025-01-13T19:46:43.9836680Z tardis/transport/tests/test_doppler_factor.py ..................         [ 87%]
2025-01-13T19:46:46.1730490Z tardis/visualization/tools/tests/test_convergence_plot.py .............. [ 88%]
2025-01-13T19:46:47.7398800Z ......                                                                   [ 88%]
2025-01-13T19:46:51.0859340Z tardis/visualization/tools/tests/test_liv_plot.py ...................... [ 90%]
2025-01-13T19:46:54.4210070Z .............................                                            [ 91%]
2025-01-13T19:46:57.3118030Z tardis/visualization/tools/tests/test_rpacket_plot.py .................. [ 92%]
2025-01-13T19:47:04.2578430Z ....                                                                     [ 92%]
2025-01-13T19:47:09.0107230Z tardis/visualization/tools/tests/test_sdec_plot.py ..................... [ 94%]
2025-01-13T19:47:15.8909020Z ..............................                                           [ 95%]
2025-01-13T19:47:16.2501470Z tardis/visualization/widgets/tests/test_custom_abundance.py ........ss.. [ 96%]
2025-01-13T19:47:16.2954170Z ....                                                                     [ 96%]
2025-01-13T19:47:17.1474420Z tardis/visualization/widgets/tests/test_line_info.py ................... [ 97%]
2025-01-13T19:47:17.6873430Z ..................                                                       [ 98%]
2025-01-13T19:50:27.5031490Z tardis/visualization/widgets/tests/test_shell_info.py .................. [ 99%]
2025-01-13T19:50:34.0759910Z ......                                                                   [100%]
2025-01-13T19:50:34.0765590Z 
2025-01-13T19:50:34.0776360Z =================================== FAILURES ===================================
2025-01-13T19:50:34.0777260Z _____________________ test_calculate_sobolev_line_opacity ______________________
2025-01-13T19:50:34.0777690Z 
2025-01-13T19:50:34.0778080Z nb_simulation_verysimple = <tardis.simulation.base.Simulation object at 0x15ca97f50>
2025-01-13T19:50:34.0779410Z regression_data = <tardis.tests.fixtures.regression_data.RegressionData object at 0x15c834890>
2025-01-13T19:50:34.0779900Z 
2025-01-13T19:50:34.0780430Z     def test_calculate_sobolev_line_opacity(
2025-01-13T19:50:34.0780840Z         nb_simulation_verysimple, regression_data
2025-01-13T19:50:34.0781220Z     ):
2025-01-13T19:50:34.0781540Z         legacy_plasma = nb_simulation_verysimple.plasma
2025-01-13T19:50:34.0792600Z     
2025-01-13T19:50:34.0808720Z         actual = calculate_sobolev_line_opacity(
2025-01-13T19:50:34.0821090Z             legacy_plasma.lines,
2025-01-13T19:50:34.0821530Z             legacy_plasma.level_number_density,
2025-01-13T19:50:34.0821940Z             legacy_plasma.time_explosion,
2025-01-13T19:50:34.0822380Z             legacy_plasma.stimulated_emission_factor,
2025-01-13T19:50:34.0825560Z         )
2025-01-13T19:50:34.0825920Z >       expected = regression_data.sync_dataframe(actual)
2025-01-13T19:50:34.0826220Z 
2025-01-13T19:50:34.0826390Z tardis/opacities/tests/test_tau_sobolev.py:21: 
2025-01-13T19:50:34.0827190Z _ _ _ _ _ _ _ _ _ _ _ _ _ _ _ _ _ _ _ _ _ _ _ _ _ _ _ _ _ _ _ _ _ _ _ _ _ _ _ _ 
2025-01-13T19:50:34.0838410Z tardis/tests/fixtures/regression_data.py:88: in sync_dataframe
2025-01-13T19:50:34.0838870Z     return pd.read_hdf(self.fpath, key=key)
2025-01-13T19:50:34.0839300Z _ _ _ _ _ _ _ _ _ _ _ _ _ _ _ _ _ _ _ _ _ _ _ _ _ _ _ _ _ _ _ _ _ _ _ _ _ _ _ _ 
2025-01-13T19:50:34.0839510Z 
2025-01-13T19:50:34.0839950Z path_or_buf = '/Users/runner/work/tardis/tardis/tardis-regression-data/test_tau_sobolev/test_calculate_sobolev_line_opacity.h5'
2025-01-13T19:50:34.0840610Z key = 'data', mode = 'r', errors = 'strict', where = None, start = None
2025-01-13T19:50:34.0841080Z stop = None, columns = None, iterator = False, chunksize = None, kwargs = {}
2025-01-13T19:50:34.0841570Z exists = False
2025-01-13T19:50:34.0841660Z 
2025-01-13T19:50:34.0841760Z     def read_hdf(
2025-01-13T19:50:34.0842000Z         path_or_buf: FilePath | HDFStore,
2025-01-13T19:50:34.0842270Z         key=None,
2025-01-13T19:50:34.0842520Z         mode: str = "r",
2025-01-13T19:50:34.0842720Z         errors: str = "strict",
2025-01-13T19:50:34.0843010Z         where: str | list | None = None,
2025-01-13T19:50:34.0843270Z         start: int | None = None,
2025-01-13T19:50:34.0843560Z         stop: int | None = None,
2025-01-13T19:50:34.0843800Z         columns: list[str] | None = None,
2025-01-13T19:50:34.0844100Z         iterator: bool = False,
2025-01-13T19:50:34.0844350Z         chunksize: int | None = None,
2025-01-13T19:50:34.0844620Z         **kwargs,
2025-01-13T19:50:34.0844810Z     ):
2025-01-13T19:50:34.0845030Z         """
2025-01-13T19:50:34.0845260Z         Read from the store, close it if we opened it.
2025-01-13T19:50:34.0845590Z     
2025-01-13T19:50:34.0845860Z         Retrieve pandas object stored in file, optionally based on where
2025-01-13T19:50:34.0846210Z         criteria.
2025-01-13T19:50:34.0846380Z     
2025-01-13T19:50:34.0861040Z         .. warning::
2025-01-13T19:50:34.0861270Z     
2025-01-13T19:50:34.0861630Z            Pandas uses PyTables for reading and writing HDF5 files, which allows
2025-01-13T19:50:34.0862150Z            serializing object-dtype data with pickle when using the "fixed" format.
2025-01-13T19:50:34.0862640Z            Loading pickled data received from untrusted sources can be unsafe.
2025-01-13T19:50:34.0869410Z     
2025-01-13T19:50:34.0869830Z            See: https://docs.python.org/3/library/pickle.html for more.
2025-01-13T19:50:34.0870270Z     
2025-01-13T19:50:34.0870440Z         Parameters
2025-01-13T19:50:34.0870780Z         ----------
2025-01-13T19:50:34.0871000Z         path_or_buf : str, path object, pandas.HDFStore
2025-01-13T19:50:34.0871400Z             Any valid string path is acceptable. Only supports the local file system,
2025-01-13T19:50:34.0871820Z             remote URLs and file-like objects are not supported.
2025-01-13T19:50:34.0872240Z     
2025-01-13T19:50:34.0872490Z             If you want to pass in a path object, pandas accepts any
2025-01-13T19:50:34.0872850Z             ``os.PathLike``.
2025-01-13T19:50:34.0873050Z     
2025-01-13T19:50:34.0873470Z             Alternatively, pandas accepts an open :class:`pandas.HDFStore` object.
2025-01-13T19:50:34.0874280Z     
2025-01-13T19:50:34.0874540Z         key : object, optional
2025-01-13T19:50:34.0874880Z             The group identifier in the store. Can be omitted if the HDF file
2025-01-13T19:50:34.0875260Z             contains a single pandas object.
2025-01-13T19:50:34.0875540Z         mode : {'r', 'r+', 'a'}, default 'r'
2025-01-13T19:50:34.0875890Z             Mode to use when opening the file. Ignored if path_or_buf is a
2025-01-13T19:50:34.0876220Z             :class:`pandas.HDFStore`. Default is 'r'.
2025-01-13T19:50:34.0876600Z         errors : str, default 'strict'
2025-01-13T19:50:34.0876900Z             Specifies how encoding and decoding errors are to be handled.
2025-01-13T19:50:34.0877290Z             See the errors argument for :func:`open` for a full list
2025-01-13T19:50:34.0877630Z             of options.
2025-01-13T19:50:34.0877880Z         where : list, optional
2025-01-13T19:50:34.0878300Z             A list of Term (or convertible) objects.
2025-01-13T19:50:34.0878820Z         start : int, optional
2025-01-13T19:50:34.0879080Z             Row number to start selection.
2025-01-13T19:50:34.0879400Z         stop  : int, optional
2025-01-13T19:50:34.0879610Z             Row number to stop selection.
2025-01-13T19:50:34.0879910Z         columns : list, optional
2025-01-13T19:50:34.0880140Z             A list of columns names to return.
2025-01-13T19:50:34.0880510Z         iterator : bool, optional
2025-01-13T19:50:34.0880750Z             Return an iterator object.
2025-01-13T19:50:34.0881060Z         chunksize : int, optional
2025-01-13T19:50:34.0881370Z             Number of rows to include in an iteration when using an iterator.
2025-01-13T19:50:34.0881720Z         **kwargs
2025-01-13T19:50:34.0881970Z             Additional keyword arguments passed to HDFStore.
2025-01-13T19:50:34.0882310Z     
2025-01-13T19:50:34.0882460Z         Returns
2025-01-13T19:50:34.0882740Z         -------
2025-01-13T19:50:34.0882970Z         object
2025-01-13T19:50:34.0883310Z             The selected object. Return type depends on the object stored.
2025-01-13T19:50:34.0883670Z     
2025-01-13T19:50:34.0883810Z         See Also
2025-01-13T19:50:34.0884050Z         --------
2025-01-13T19:50:34.0884280Z         DataFrame.to_hdf : Write a HDF file from a DataFrame.
2025-01-13T19:50:34.0884670Z         HDFStore : Low-level access to HDF files.
2025-01-13T19:50:34.0884900Z     
2025-01-13T19:50:34.0885100Z         Examples
2025-01-13T19:50:34.0885280Z         --------
2025-01-13T19:50:34.0885580Z         >>> df = pd.DataFrame([[1, 1.0, 'a']], columns=['x', 'y', 'z'])  # doctest: +SKIP
2025-01-13T19:50:34.0885970Z         >>> df.to_hdf('./store.h5', 'data')  # doctest: +SKIP
2025-01-13T19:50:34.0886290Z         >>> reread = pd.read_hdf('./store.h5')  # doctest: +SKIP
2025-01-13T19:50:34.0886610Z         """
2025-01-13T19:50:34.0886800Z         if mode not in ["r", "r+", "a"]:
2025-01-13T19:50:34.0887780Z             raise ValueError(
2025-01-13T19:50:34.0888120Z                 f"mode {mode} is not allowed while performing a read. "
2025-01-13T19:50:34.0888510Z                 f"Allowed modes are r, r+ and a."
2025-01-13T19:50:34.0889260Z             )
2025-01-13T19:50:34.0889420Z         # grab the scope
2025-01-13T19:50:34.0889740Z         if where is not None:
2025-01-13T19:50:34.0890030Z             where = _ensure_term(where, scope_level=1)
2025-01-13T19:50:34.0890390Z     
2025-01-13T19:50:34.0890610Z         if isinstance(path_or_buf, HDFStore):
2025-01-13T19:50:34.0890970Z             if not path_or_buf.is_open:
2025-01-13T19:50:34.0891330Z                 raise OSError("The HDFStore must be open for reading.")
2025-01-13T19:50:34.0891660Z     
2025-01-13T19:50:34.0891910Z             store = path_or_buf
2025-01-13T19:50:34.0892270Z             auto_close = False
2025-01-13T19:50:34.0892620Z         else:
2025-01-13T19:50:34.0892880Z             path_or_buf = stringify_path(path_or_buf)
2025-01-13T19:50:34.0893190Z             if not isinstance(path_or_buf, str):
2025-01-13T19:50:34.0893570Z                 raise NotImplementedError(
2025-01-13T19:50:34.0893970Z                     "Support for generic buffers has not been implemented."
2025-01-13T19:50:34.0894370Z                 )
2025-01-13T19:50:34.0894580Z             try:
2025-01-13T19:50:34.0894910Z                 exists = os.path.exists(path_or_buf)
2025-01-13T19:50:34.0895190Z     
2025-01-13T19:50:34.0895440Z             # if filepath is too long
2025-01-13T19:50:34.0895780Z             except (TypeError, ValueError):
2025-01-13T19:50:34.0896140Z                 exists = False
2025-01-13T19:50:34.0896420Z     
2025-01-13T19:50:34.0896700Z             if not exists:
2025-01-13T19:50:34.0896990Z >               raise FileNotFoundError(f"File {path_or_buf} does not exist")
2025-01-13T19:50:34.0897680Z E               FileNotFoundError: File /Users/runner/work/tardis/tardis/tardis-regression-data/test_tau_sobolev/test_calculate_sobolev_line_opacity.h5 does not exist
2025-01-13T19:50:34.0898480Z 
2025-01-13T19:50:34.0898730Z ../../../micromamba/envs/tardis/lib/python3.12/site-packages/pandas/io/pytables.py:424: FileNotFoundError
2025-01-13T19:50:34.0899290Z ---------------------------- Captured stdout setup -----------------------------
2025-01-13T19:50:34.0904810Z [[1mtardis.io.model.parse_density_configuration[0m][[1;33mWARNING[0m]  
2025-01-13T19:50:34.0905580Z 	Number of density points larger than number of shells. Assuming inner point irrelevant ([1mparse_density_configuration.py[0m:114)
2025-01-13T19:50:34.0906220Z ---------------------------- Captured stderr setup -----------------------------
2025-01-13T19:50:34.0906440Z 
2025-01-13T19:50:34.0907140Z Iterations:â–ˆâ–ˆâ–ˆâ–ˆâ–ˆâ–ˆâ–ˆâ–ˆâ–ˆâ–ˆâ–ˆâ–ˆâ–ˆâ–ˆâ–ˆâ–ˆâ–ˆâ–ˆâ–ˆâ–ˆâ–ˆâ–ˆâ–ˆâ–ˆâ–ˆâ–ˆâ–ˆâ–ˆâ–ˆâ–ˆâ–ˆâ–ˆâ–ˆâ–ˆâ–ˆâ–ˆâ–ˆâ–ˆâ–ˆâ–ˆâ–ˆâ–ˆâ–ˆâ–ˆâ–ˆâ–ˆâ–ˆâ–ˆâ–ˆâ–ˆâ–ˆâ–ˆâ–ˆâ–ˆâ–ˆâ–ˆâ–ˆâ–ˆâ–ˆâ–ˆâ–ˆâ–ˆâ–ˆâ–ˆ                4/5 [00:10<00:02,  2.48s/it]
2025-01-13T19:50:34.0907430Z 
2025-01-13T19:50:34.0907670Z Packets:                                                                                   4030/? [00:10<00:00, 504.28it/s][A
2025-01-13T19:50:34.0948440Z ------------------------------ Captured log setup ------------------------------
2025-01-13T19:50:34.0949330Z WARNING  tardis.io.model.parse_density_configuration:parse_density_configuration.py:114 Number of density points larger than number of shells. Assuming inner point irrelevant
2025-01-13T19:50:34.0950050Z _________________________ test_calculate_beta_sobolevs _________________________
2025-01-13T19:50:34.0950320Z 
2025-01-13T19:50:34.0950530Z nb_simulation_verysimple = <tardis.simulation.base.Simulation object at 0x15ca97f50>
2025-01-13T19:50:34.0951080Z regression_data = <tardis.tests.fixtures.regression_data.RegressionData object at 0x15caac200>
2025-01-13T19:50:34.0951450Z 
2025-01-13T19:50:34.0951620Z     def test_calculate_beta_sobolevs(nb_simulation_verysimple, regression_data):
2025-01-13T19:50:34.0952040Z         legacy_plasma = nb_simulation_verysimple.plasma
2025-01-13T19:50:34.0952370Z     
2025-01-13T19:50:34.0952530Z         tau_sobolevs = calculate_sobolev_line_opacity(
2025-01-13T19:50:34.0952770Z             legacy_plasma.lines,
2025-01-13T19:50:34.0952970Z             legacy_plasma.level_number_density,
2025-01-13T19:50:34.0953200Z             legacy_plasma.time_explosion,
2025-01-13T19:50:34.0954000Z             legacy_plasma.stimulated_emission_factor,
2025-01-13T19:50:34.0954300Z         )
2025-01-13T19:50:34.0954540Z         actual = calculate_beta_sobolev(tau_sobolevs)
2025-01-13T19:50:34.0954850Z >       expected = regression_data.sync_ndarray(actual)
2025-01-13T19:50:34.0955030Z 
2025-01-13T19:50:34.0955120Z tardis/opacities/tests/test_tau_sobolev.py:35: 
2025-01-13T19:50:34.0955440Z _ _ _ _ _ _ _ _ _ _ _ _ _ _ _ _ _ _ _ _ _ _ _ _ _ _ _ _ _ _ _ _ _ _ _ _ _ _ _ _ 
2025-01-13T19:50:34.0955790Z tardis/tests/fixtures/regression_data.py:111: in sync_ndarray
2025-01-13T19:50:34.0957450Z     return np.load(self.fpath)
2025-01-13T19:50:34.0957710Z _ _ _ _ _ _ _ _ _ _ _ _ _ _ _ _ _ _ _ _ _ _ _ _ _ _ _ _ _ _ _ _ _ _ _ _ _ _ _ _ 
2025-01-13T19:50:34.0957930Z 
2025-01-13T19:50:34.0958330Z file = PosixPath('/Users/runner/work/tardis/tardis/tardis-regression-data/test_tau_sobolev/test_calculate_beta_sobolevs.npy')
2025-01-13T19:50:34.0959000Z mmap_mode = None, allow_pickle = False, fix_imports = True, encoding = 'ASCII'
2025-01-13T19:50:34.0959260Z 
2025-01-13T19:50:34.0959320Z     @set_module('numpy')
2025-01-13T19:50:34.0959560Z     def load(file, mmap_mode=None, allow_pickle=False, fix_imports=True,
2025-01-13T19:50:34.0959920Z              encoding='ASCII', *, max_header_size=format._MAX_HEADER_SIZE):
2025-01-13T19:50:34.0960220Z         """
2025-01-13T19:50:34.0960640Z         Load arrays or pickled objects from ``.npy``, ``.npz`` or pickled files.
2025-01-13T19:50:34.0961070Z     
2025-01-13T19:50:34.0961420Z         .. warning:: Loading files that contain object arrays uses the ``pickle``
2025-01-13T19:50:34.0961910Z                      module, which is not secure against erroneous or maliciously
2025-01-13T19:50:34.0962350Z                      constructed data. Consider passing ``allow_pickle=False`` to
2025-01-13T19:50:34.0963110Z                      load data that is known not to contain object arrays for the
2025-01-13T19:50:34.0963440Z                      safer handling of untrusted sources.
2025-01-13T19:50:34.0963810Z     
2025-01-13T19:50:34.0963970Z         Parameters
2025-01-13T19:50:34.0964230Z         ----------
2025-01-13T19:50:34.0964500Z         file : file-like object, string, or pathlib.Path
2025-01-13T19:50:34.0964940Z             The file to read. File-like objects must support the
2025-01-13T19:50:34.0965290Z             ``seek()`` and ``read()`` methods and must always
2025-01-13T19:50:34.0965720Z             be opened in binary mode.  Pickled files require that the
2025-01-13T19:50:34.0966120Z             file-like object support the ``readline()`` method as well.
2025-01-13T19:50:34.0966420Z         mmap_mode : {None, 'r+', 'r', 'w+', 'c'}, optional
2025-01-13T19:50:34.0966700Z             If not None, then memory-map the file, using the given mode (see
2025-01-13T19:50:34.0967030Z             `numpy.memmap` for a detailed description of the modes).  A
2025-01-13T19:50:34.0967400Z             memory-mapped array is kept on disk. However, it can be accessed
2025-01-13T19:50:34.0967860Z             and sliced like any ndarray.  Memory mapping is especially useful
2025-01-13T19:50:34.0968250Z             for accessing small fragments of large files without reading the
2025-01-13T19:50:34.0968540Z             entire file into memory.
2025-01-13T19:50:34.0968740Z         allow_pickle : bool, optional
2025-01-13T19:50:34.0969010Z             Allow loading pickled object arrays stored in npy files. Reasons for
2025-01-13T19:50:34.0969350Z             disallowing pickles include security, as loading pickled data can
2025-01-13T19:50:34.0969760Z             execute arbitrary code. If pickles are disallowed, loading object
2025-01-13T19:50:34.0970070Z             arrays will fail. Default: False
2025-01-13T19:50:34.0970260Z     
2025-01-13T19:50:34.0970490Z             .. versionchanged:: 1.16.3
2025-01-13T19:50:34.0970720Z                 Made default False in response to CVE-2019-6446.
2025-01-13T19:50:34.0970930Z     
2025-01-13T19:50:34.0971270Z         fix_imports : bool, optional
2025-01-13T19:50:34.0971550Z             Only useful when loading Python 2 generated pickled files on Python 3,
2025-01-13T19:50:34.0971990Z             which includes npy/npz files containing object arrays. If `fix_imports`
2025-01-13T19:50:34.0972460Z             is True, pickle will try to map the old Python 2 names to the new names
2025-01-13T19:50:34.0972830Z             used in Python 3.
2025-01-13T19:50:34.0973110Z         encoding : str, optional
2025-01-13T19:50:34.0973460Z             What encoding to use when reading Python 2 strings. Only useful when
2025-01-13T19:50:34.0973910Z             loading Python 2 generated pickled files in Python 3, which includes
2025-01-13T19:50:34.0974300Z             npy/npz files containing object arrays. Values other than 'latin1',
2025-01-13T19:50:34.0974910Z             'ASCII', and 'bytes' are not allowed, as they can corrupt numerical
2025-01-13T19:50:34.0975300Z             data. Default: 'ASCII'
2025-01-13T19:50:34.0975580Z         max_header_size : int, optional
2025-01-13T19:50:34.0975920Z             Maximum allowed size of the header.  Large headers may not be safe
2025-01-13T19:50:34.0976330Z             to load securely and thus require explicitly passing a larger value.
2025-01-13T19:50:34.0976680Z             See :py:func:`ast.literal_eval()` for details.
2025-01-13T19:50:34.0977090Z             This option is ignored when `allow_pickle` is passed.  In that case
2025-01-13T19:50:34.0977510Z             the file is by definition trusted and the limit is unnecessary.
2025-01-13T19:50:34.0977740Z     
2025-01-13T19:50:34.0977850Z         Returns
2025-01-13T19:50:34.0978000Z         -------
2025-01-13T19:50:34.0978270Z         result : array, tuple, dict, etc.
2025-01-13T19:50:34.0978620Z             Data stored in the file. For ``.npz`` files, the returned instance
2025-01-13T19:50:34.0979150Z             of NpzFile class must be closed to avoid leaking file descriptors.
2025-01-13T19:50:34.0979400Z     
2025-01-13T19:50:34.0979500Z         Raises
2025-01-13T19:50:34.0979620Z         ------
2025-01-13T19:50:34.0979820Z         OSError
2025-01-13T19:50:34.0980000Z             If the input file does not exist or cannot be read.
2025-01-13T19:50:34.0980220Z         UnpicklingError
2025-01-13T19:50:34.0980440Z             If ``allow_pickle=True``, but the file cannot be loaded as a pickle.
2025-01-13T19:50:34.0980680Z         ValueError
2025-01-13T19:50:34.0980890Z             The file contains an object array, but ``allow_pickle=False`` given.
2025-01-13T19:50:34.0981130Z         EOFError
2025-01-13T19:50:34.0981330Z             When calling ``np.load`` multiple times on the same file handle,
2025-01-13T19:50:34.0981590Z             if all data has already been read
2025-01-13T19:50:34.0981770Z     
2025-01-13T19:50:34.0981880Z         See Also
2025-01-13T19:50:34.0982040Z         --------
2025-01-13T19:50:34.0982190Z         save, savez, savez_compressed, loadtxt
2025-01-13T19:50:34.0982470Z         memmap : Create a memory-map to an array stored in a file on disk.
2025-01-13T19:50:34.0982810Z         lib.format.open_memmap : Create or load a memory-mapped ``.npy`` file.
2025-01-13T19:50:34.0983070Z     
2025-01-13T19:50:34.0983170Z         Notes
2025-01-13T19:50:34.0983290Z         -----
2025-01-13T19:50:34.0983510Z         - If the file contains pickle data, then whatever object is stored
2025-01-13T19:50:34.0983760Z           in the pickle is returned.
2025-01-13T19:50:34.0984000Z         - If the file is a ``.npy`` file, then a single array is returned.
2025-01-13T19:50:34.0984300Z         - If the file is a ``.npz`` file, then a dictionary-like object is
2025-01-13T19:50:34.0984630Z           returned, containing ``{filename: array}`` key-value pairs, one for
2025-01-13T19:50:34.0984890Z           each file in the archive.
2025-01-13T19:50:34.0985130Z         - If the file is a ``.npz`` file, the returned value supports the
2025-01-13T19:50:34.0985470Z           context manager protocol in a similar fashion to the open function::
2025-01-13T19:50:34.0985910Z     
2025-01-13T19:50:34.0986070Z             with load('foo.npz') as data:
2025-01-13T19:50:34.0986260Z                 a = data['a']
2025-01-13T19:50:34.0986430Z     
2025-01-13T19:50:34.0986690Z           The underlying file descriptor is closed when exiting the 'with'
2025-01-13T19:50:34.0986940Z           block.
2025-01-13T19:50:34.0987070Z     
2025-01-13T19:50:34.0987170Z         Examples
2025-01-13T19:50:34.0987300Z         --------
2025-01-13T19:50:34.0987470Z         Store data to disk, and load it again:
2025-01-13T19:50:34.0987650Z     
2025-01-13T19:50:34.0987830Z         >>> np.save('/tmp/123', np.array([[1, 2, 3], [4, 5, 6]]))
2025-01-13T19:50:34.0988050Z         >>> np.load('/tmp/123.npy')
2025-01-13T19:50:34.0988230Z         array([[1, 2, 3],
2025-01-13T19:50:34.0988380Z                [4, 5, 6]])
2025-01-13T19:50:34.0988530Z     
2025-01-13T19:50:34.0988690Z         Store compressed data to disk, and load it again:
2025-01-13T19:50:34.0988890Z     
2025-01-13T19:50:34.0989030Z         >>> a=np.array([[1, 2, 3], [4, 5, 6]])
2025-01-13T19:50:34.0989240Z         >>> b=np.array([1, 2])
2025-01-13T19:50:34.0989440Z         >>> np.savez('/tmp/123.npz', a=a, b=b)
2025-01-13T19:50:34.0989660Z         >>> data = np.load('/tmp/123.npz')
2025-01-13T19:50:34.0989860Z         >>> data['a']
2025-01-13T19:50:34.0990010Z         array([[1, 2, 3],
2025-01-13T19:50:34.0990160Z                [4, 5, 6]])
2025-01-13T19:50:34.0990300Z         >>> data['b']
2025-01-13T19:50:34.0990440Z         array([1, 2])
2025-01-13T19:50:34.0990580Z         >>> data.close()
2025-01-13T19:50:34.0990720Z     
2025-01-13T19:50:34.0990890Z         Mem-map the stored array, and then access the second row
2025-01-13T19:50:34.0991120Z         directly from disk:
2025-01-13T19:50:34.0991260Z     
2025-01-13T19:50:34.0991400Z         >>> X = np.load('/tmp/123.npy', mmap_mode='r')
2025-01-13T19:50:34.0991730Z         >>> X[1, :]
2025-01-13T19:50:34.0991870Z         memmap([4, 5, 6])
2025-01-13T19:50:34.0992010Z     
2025-01-13T19:50:34.0992120Z         """
2025-01-13T19:50:34.0992280Z         if encoding not in ('ASCII', 'latin1', 'bytes'):
2025-01-13T19:50:34.0992540Z             # The 'encoding' value for pickle also affects what encoding
2025-01-13T19:50:34.0992820Z             # the serialized binary data of NumPy arrays is loaded
2025-01-13T19:50:34.0993090Z             # in. Pickle does not pass on the encoding information to
2025-01-13T19:50:34.0993400Z             # NumPy. The unpickling code in numpy.core.multiarray is
2025-01-13T19:50:34.0993690Z             # written to assume that unicode data appearing where binary
2025-01-13T19:50:34.0993990Z             # should be is in 'latin1'. 'bytes' is also safe, as is 'ASCII'.
2025-01-13T19:50:34.0994220Z             #
2025-01-13T19:50:34.0994400Z             # Other encoding values can corrupt binary data, and we
2025-01-13T19:50:34.0994700Z             # purposefully disallow them. For the same reason, the errors=
2025-01-13T19:50:34.0995000Z             # argument is not exposed, as values other than 'strict'
2025-01-13T19:50:34.0995280Z             # result can similarly silently corrupt numerical data.
2025-01-13T19:50:34.0995580Z             raise ValueError("encoding must be 'ASCII', 'latin1', or 'bytes'")
2025-01-13T19:50:34.0995830Z     
2025-01-13T19:50:34.0996020Z         pickle_kwargs = dict(encoding=encoding, fix_imports=fix_imports)
2025-01-13T19:50:34.0996250Z     
2025-01-13T19:50:34.0996390Z         with contextlib.ExitStack() as stack:
2025-01-13T19:50:34.0996580Z             if hasattr(file, 'read'):
2025-01-13T19:50:34.0996760Z                 fid = file
2025-01-13T19:50:34.0996910Z                 own_fid = False
2025-01-13T19:50:34.0997060Z             else:
2025-01-13T19:50:34.0997250Z >               fid = stack.enter_context(open(os_fspath(file), "rb"))
2025-01-13T19:50:34.0997940Z E               FileNotFoundError: [Errno 2] No such file or directory: '/Users/runner/work/tardis/tardis/tardis-regression-data/test_tau_sobolev/test_calculate_beta_sobolevs.npy'
2025-01-13T19:50:34.0998670Z 
2025-01-13T19:50:34.0998930Z ../../../micromamba/envs/tardis/lib/python3.12/site-packages/numpy/lib/npyio.py:427: FileNotFoundError
2025-01-13T19:50:34.0999330Z =============================== warnings summary ===============================
2025-01-13T19:50:34.0999580Z tardis/io/configuration/config_validator.py:6
2025-01-13T19:50:34.0999810Z tardis/io/configuration/config_validator.py:6
2025-01-13T19:50:34.1000200Z   /Users/runner/work/tardis/tardis/tardis/io/configuration/config_validator.py:6: DeprecationWarning:
2025-01-13T19:50:34.1000660Z   
2025-01-13T19:50:34.1003510Z   jsonschema.RefResolver is deprecated as of v4.18.0, in favor of the https://github.com/python-jsonschema/referencing library, which provides more compliant referencing behavior as well as more flexible APIs for customization. A future release will remove RefResolver. Please file a feature request (on referencing) if you are missing an API for the kind of customization you need.
2025-01-13T19:50:34.1004640Z 
2025-01-13T19:50:34.1004840Z ../../../micromamba/envs/tardis/lib/python3.12/site-packages/jupyter_client/connect.py:22
2025-01-13T19:50:34.1005390Z   /Users/runner/micromamba/envs/tardis/lib/python3.12/site-packages/jupyter_client/connect.py:22: DeprecationWarning:
2025-01-13T19:50:34.1005820Z   
2025-01-13T19:50:34.1006020Z   Jupyter is migrating its paths to use standard platformdirs
2025-01-13T19:50:34.1006340Z   given by the platformdirs library.  To remove this warning and
2025-01-13T19:50:34.1006660Z   see the appropriate new directories, set the environment variable
2025-01-13T19:50:34.1006970Z   `JUPYTER_PLATFORM_DIRS=1` and then run `jupyter --paths`.
2025-01-13T19:50:34.1007270Z   The use of platformdirs will be the default in `jupyter_core` v6
2025-01-13T19:50:34.1007460Z 
2025-01-13T19:50:34.1007600Z tardis/io/tests/test_HDFWriter.py::test_multi_index_write
2025-01-13T19:50:34.1008610Z tardis/visualization/widgets/tests/test_shell_info.py::TestHDFShellInfo::test_shells_data
2025-01-13T19:50:34.1009050Z   /Users/runner/work/tardis/tardis/tardis/io/util.py:276: PerformanceWarning:
2025-01-13T19:50:34.1009330Z   
2025-01-13T19:50:34.1009440Z   
2025-01-13T19:50:34.1009660Z   your performance may suffer as PyTables will pickle object types that it cannot
2025-01-13T19:50:34.1010090Z   map directly to c-types [inferred_type->mixed,key->block0_values] [items->Index([0], dtype='int64')]
2025-01-13T19:50:34.1010360Z 
2025-01-13T19:50:34.1010520Z tardis/io/tests/test_model_reader.py::test_read_cmfgen_isotope_abundances
2025-01-13T19:50:34.1010900Z tardis/plasma/tests/test_tardis_model_density_config.py::test_electron_densities
2025-01-13T19:50:34.1011320Z tardis/plasma/tests/test_tardis_model_density_config.py::test_isotope_number_densities
2025-01-13T19:50:34.1011700Z tardis/plasma/tests/test_tardis_model_density_config.py::test_t_rad
2025-01-13T19:50:34.1012170Z   /Users/runner/work/tardis/tardis/tardis/io/model/readers/cmfgen_deprecated.py:82: DeprecationWarning:
2025-01-13T19:50:34.1012530Z   
2025-01-13T19:50:34.1012680Z   The current CMFGEN model parser is deprecated
2025-01-13T19:50:34.1012820Z 
2025-01-13T19:50:34.1012910Z tardis/io/tests/test_model_reader.py: 1 warning
2025-01-13T19:50:34.1013200Z tardis/plasma/tests/test_tardis_model_density_config.py: 9 warnings
2025-01-13T19:50:34.1013650Z   /Users/runner/work/tardis/tardis/tardis/io/model/readers/cmfgen_deprecated.py:40: DeprecationWarning:
2025-01-13T19:50:34.1014000Z   
2025-01-13T19:50:34.1014150Z   The current CMFGEN model parser is deprecated
2025-01-13T19:50:34.1014300Z 
2025-01-13T19:50:34.1014450Z tardis/model/tests/test_base.py::TestModelFromPaper1Config::test_abundances
2025-01-13T19:50:34.1014970Z   /Users/runner/work/tardis/tardis/tardis/transport/montecarlo/montecarlo_main_loop.py:123: NumbaTypeSafetyWarning:
2025-01-13T19:50:34.1015370Z   
2025-01-13T19:50:34.1015820Z   [1m[1m[1munsafe cast from uint64 to int64. Precision may be lost.[0m[0m[0m
2025-01-13T19:50:34.1016030Z 
2025-01-13T19:50:34.1016300Z tardis/model/tests/test_base.py: 6 warnings
2025-01-13T19:50:34.1016540Z tardis/model/tests/test_csvy_model.py: 2 warnings
2025-01-13T19:50:34.1016830Z tardis/plasma/tests/test_tardis_model_density_config.py: 3 warnings
2025-01-13T19:50:34.1017250Z   /Users/runner/work/tardis/tardis/tardis/model/geometry/radial1d.py:50: DeprecationWarning:
2025-01-13T19:50:34.1017570Z   
2025-01-13T19:50:34.1017710Z   v_inner_boundary < 0, assuming default value
2025-01-13T19:50:34.1017850Z 
2025-01-13T19:50:34.1017930Z tardis/model/tests/test_base.py: 6 warnings
2025-01-13T19:50:34.1018180Z tardis/model/tests/test_csvy_model.py: 2 warnings
2025-01-13T19:50:34.1018490Z tardis/plasma/tests/test_tardis_model_density_config.py: 3 warnings
2025-01-13T19:50:34.1018920Z   /Users/runner/work/tardis/tardis/tardis/model/geometry/radial1d.py:61: DeprecationWarning:
2025-01-13T19:50:34.1019250Z   
2025-01-13T19:50:34.1019400Z   v_outer_boundary < 0, assuming default value
2025-01-13T19:50:34.1019540Z 
2025-01-13T19:50:34.1019910Z tardis/plasma/equilibrium/tests/test_level_populations.py::TestLevelPopulationSolver::test_solve[collisional_rate_solver0-radiative_transitions0]
2025-01-13T19:50:34.1020570Z   /Users/runner/work/tardis/tardis/tardis/plasma/equilibrium/level_populations.py:65: FutureWarning:
2025-01-13T19:50:34.1020990Z   
2025-01-13T19:50:34.1021270Z   A value is trying to be set on a copy of a DataFrame or Series through chained assignment using an inplace method.
2025-01-13T19:50:34.1022000Z   The behavior will change in pandas 3.0. This inplace method will never work because the intermediate object on which we are setting values always behaves as a copy.
2025-01-13T19:50:34.1022470Z   
2025-01-13T19:50:34.1022940Z   For example, when doing 'df[col].method(value, inplace=True)', try using 'df.method({col: value}, inplace=True)' or df[col] = df[col].method(value) instead, to perform the operation inplace on the original object.
2025-01-13T19:50:34.1023520Z 
2025-01-13T19:50:34.1023630Z tardis/plasma/tests/test_complete_plasmas.py: 20 warnings
2025-01-13T19:50:34.1024060Z   /Users/runner/work/tardis/tardis/tardis/plasma/tests/test_complete_plasmas.py:197: UserWarning:
2025-01-13T19:50:34.1024400Z   
2025-01-13T19:50:34.1024520Z   Property "atomic_mass" not found
2025-01-13T19:50:34.1024640Z 
2025-01-13T19:50:34.1024990Z tardis/plasma/tests/test_complete_plasmas.py::TestPlasma::test_plasma_properties[radiative_rates_type:detailed-w_epsilon:1e-10-j_blues_norm_factor]
2025-01-13T19:50:34.1025680Z tardis/plasma/tests/test_complete_plasmas.py::TestPlasma::test_plasma_properties[radiative_rates_type:detailed-j_blues_norm_factor]
2025-01-13T19:50:34.1026280Z   /Users/runner/work/tardis/tardis/tardis/plasma/tests/test_complete_plasmas.py:197: UserWarning:
2025-01-13T19:50:34.1026640Z   
2025-01-13T19:50:34.1026770Z   Property "j_blues_norm_factor" not found
2025-01-13T19:50:34.1026940Z 
2025-01-13T19:50:34.1027270Z tardis/plasma/tests/test_complete_plasmas.py::TestPlasma::test_plasma_properties[radiative_rates_type:detailed-w_epsilon:1e-10-j_blue_estimator]
2025-01-13T19:50:34.1027950Z tardis/plasma/tests/test_complete_plasmas.py::TestPlasma::test_plasma_properties[radiative_rates_type:detailed-j_blue_estimator]
2025-01-13T19:50:34.1028520Z   /Users/runner/work/tardis/tardis/tardis/plasma/tests/test_complete_plasmas.py:197: UserWarning:
2025-01-13T19:50:34.1028880Z   
2025-01-13T19:50:34.1029010Z   Property "j_blue_estimator" not found
2025-01-13T19:50:34.1029150Z 
2025-01-13T19:50:34.1029450Z tardis/plasma/tests/test_complete_plasmas.py::TestPlasma::test_plasma_properties[radiative_rates_type:detailed-w_epsilon:1e-10-volume]
2025-01-13T19:50:34.1030080Z tardis/plasma/tests/test_complete_plasmas.py::TestPlasma::test_plasma_properties[radiative_rates_type:detailed-volume]
2025-01-13T19:50:34.1030640Z   /Users/runner/work/tardis/tardis/tardis/plasma/tests/test_complete_plasmas.py:197: UserWarning:
2025-01-13T19:50:34.1030970Z   
2025-01-13T19:50:34.1031220Z   Property "volume" not found
2025-01-13T19:50:34.1031340Z 
2025-01-13T19:50:34.1031910Z tardis/plasma/tests/test_complete_plasmas.py::TestPlasma::test_plasma_properties[radiative_rates_type:detailed-w_epsilon:1e-10-r_inner]
2025-01-13T19:50:34.1032740Z tardis/plasma/tests/test_complete_plasmas.py::TestPlasma::test_plasma_properties[radiative_rates_type:detailed-r_inner]
2025-01-13T19:50:34.1033550Z   /Users/runner/work/tardis/tardis/tardis/plasma/tests/test_complete_plasmas.py:197: UserWarning:
2025-01-13T19:50:34.1040620Z   
2025-01-13T19:50:34.1040790Z   Property "r_inner" not found
2025-01-13T19:50:34.1040910Z 
2025-01-13T19:50:34.1041090Z tardis/plasma/tests/test_plasma_vboundary.py::test_plasma_vboundary[2900-3750]
2025-01-13T19:50:34.1041490Z tardis/plasma/tests/test_plasma_vboundary.py::test_plasma_vboundary[2900-3850]
2025-01-13T19:50:34.1041880Z tardis/plasma/tests/test_plasma_vboundary.py::test_plasma_vboundary[2900-3900]
2025-01-13T19:50:34.1042320Z   /Users/runner/work/tardis/tardis/tardis/model/geometry/radial1d.py:71: UserWarning:
2025-01-13T19:50:34.1043630Z   
2025-01-13T19:50:34.1043860Z   Requesting inner boundary below inner shell. Extrapolating the inner cell
2025-01-13T19:50:34.1044080Z 
2025-01-13T19:50:34.1044240Z tardis/spectrum/tests/test_spectrum_solver.py::TestSpectrumSolver::test_solve
2025-01-13T19:50:34.1044640Z   /Users/runner/work/tardis/tardis/tardis/spectrum/base.py:70: UserWarning:
2025-01-13T19:50:34.1044910Z   
2025-01-13T19:50:34.1045230Z   SpectrumSolver.spectrum_virtual_packets is zero. Please run the montecarlo simulation with no_of_virtual_packets > 0
2025-01-13T19:50:34.1045550Z 
2025-01-13T19:50:34.1045720Z tardis/spectrum/tests/test_spectrum_solver.py::TestSpectrumSolver::test_solve
2025-01-13T19:50:34.1046110Z   /Users/runner/work/tardis/tardis/tardis/spectrum/base.py:111: UserWarning:
2025-01-13T19:50:34.1046380Z   
2025-01-13T19:50:34.1046720Z   SpectrumSolver.integrator: The FormalIntegrator is not yet available.Please run the montecarlo simulation at least once.
2025-01-13T19:50:34.1047230Z 
2025-01-13T19:50:34.1047410Z tardis/transport/montecarlo/tests/test_vpacket.py::test_trace_vpacket_volley
2025-01-13T19:50:34.1047730Z   <string>:3: NumbaPendingDeprecationWarning:
2025-01-13T19:50:34.1047930Z   
2025-01-13T19:50:34.1048850Z   [1m[1mCode using Numba extension API maybe depending on 'old_style' error-capturing, which is deprecated and will be replaced by 'new_style' in a future release. See details at https://numba.readthedocs.io/en/latest/reference/deprecation.html#deprecation-of-old-style-numba-captured-errors
2025-01-13T19:50:34.1049680Z   Exception origin:
2025-01-13T19:50:34.1049970Z     File "/Users/runner/micromamba/envs/tardis/lib/python3.12/inspect.py", line 3180, in _bind
2025-01-13T19:50:34.1050310Z       raise TypeError(msg) from None
2025-01-13T19:50:34.1050510Z   [0m[0m
2025-01-13T19:50:34.1050580Z 
2025-01-13T19:50:34.1050840Z tardis/visualization/tools/tests/test_sdec_plot.py::TestSDECPlotter::test_mpl_image[plotter_generate_plot_mpl4]
2025-01-13T19:50:34.1051390Z   /Users/runner/work/tardis/tardis/tardis/visualization/tools/sdec_plot.py:1225: RuntimeWarning:
2025-01-13T19:50:34.1051730Z   
2025-01-13T19:50:34.1052450Z   More than 20 figures have been opened. Figures created through the pyplot interface (`matplotlib.pyplot.figure`) are retained until explicitly closed and may consume too much memory. (To control this warning, see the rcParam `figure.max_open_warning`). Consider using `matplotlib.pyplot.close()`.
2025-01-13T19:50:34.1053160Z 
2025-01-13T19:50:34.1053440Z tardis/visualization/widgets/tests/test_custom_abundance.py::TestCustomAbundanceWidget::test_update_input_item_value
2025-01-13T19:50:34.1054250Z tardis/visualization/widgets/tests/test_custom_abundance.py::TestCustomAbundanceWidget::test_update_input_item_value
2025-01-13T19:50:34.1054890Z tardis/visualization/widgets/tests/test_custom_abundance.py::TestCustomAbundanceWidget::test_update_input_item_value
2025-01-13T19:50:34.1055520Z tardis/visualization/widgets/tests/test_custom_abundance.py::TestCustomAbundanceWidget::test_update_input_item_value
2025-01-13T19:50:34.1056360Z tardis/visualization/widgets/tests/test_custom_abundance.py::TestCustomAbundanceWidget::test_update_input_item_value
2025-01-13T19:50:34.1057000Z tardis/visualization/widgets/tests/test_custom_abundance.py::TestCustomAbundanceWidget::test_update_input_item_value
2025-01-13T19:50:34.1057650Z   /Users/runner/micromamba/envs/tardis/lib/python3.12/site-packages/traitlets/traitlets.py:1385: DeprecationWarning:
2025-01-13T19:50:34.1058060Z   
2025-01-13T19:50:34.1058290Z   Passing unrecognized arguments to super(Checkbox).__init__(icon='lock').
2025-01-13T19:50:34.1058660Z   object.__init__() takes exactly one argument (the instance to initialize)
2025-01-13T19:50:34.1059050Z   This is deprecated in traitlets 4.2.This error will be raised in a future release of traitlets.
2025-01-13T19:50:34.1059310Z 
2025-01-13T19:50:34.1059580Z tardis/visualization/widgets/tests/test_custom_abundance.py::TestCustomAbundanceWidget::test_update_input_item_value
2025-01-13T19:50:34.1060200Z tardis/visualization/widgets/tests/test_custom_abundance.py::TestCustomAbundanceWidget::test_update_input_item_value
2025-01-13T19:50:34.1060810Z   /Users/runner/micromamba/envs/tardis/lib/python3.12/site-packages/traitlets/traitlets.py:1385: DeprecationWarning:
2025-01-13T19:50:34.1061190Z   
2025-01-13T19:50:34.1061390Z   Passing unrecognized arguments to super(FloatText).__init__(min=0).
2025-01-13T19:50:34.1061740Z   object.__init__() takes exactly one argument (the instance to initialize)
2025-01-13T19:50:34.1062130Z   This is deprecated in traitlets 4.2.This error will be raised in a future release of traitlets.
2025-01-13T19:50:34.1062380Z 
2025-01-13T19:50:34.1062650Z tardis/visualization/widgets/tests/test_custom_abundance.py::TestCustomAbundanceWidget::test_update_input_item_value
2025-01-13T19:50:34.1063280Z   /Users/runner/micromamba/envs/tardis/lib/python3.12/site-packages/traitlets/traitlets.py:1385: DeprecationWarning:
2025-01-13T19:50:34.1063760Z   
2025-01-13T19:50:34.1063960Z   Passing unrecognized arguments to super(HTML).__init__(indent=True).
2025-01-13T19:50:34.1064320Z   object.__init__() takes exactly one argument (the instance to initialize)
2025-01-13T19:50:34.1064730Z   This is deprecated in traitlets 4.2.This error will be raised in a future release of traitlets.
2025-01-13T19:50:34.1064980Z 
2025-01-13T19:50:34.1065320Z tardis/visualization/widgets/tests/test_line_info.py::TestLineInfoWidgetData::test_get_species_interactions[wavelength_range0-packet_out_nu]
2025-01-13T19:50:34.1065970Z   /Users/runner/micromamba/envs/tardis/lib/python3.12/site-packages/qgridnext/grid.py:814: DeprecationWarning:
2025-01-13T19:50:34.1066330Z   
2025-01-13T19:50:34.1066580Z   QgridWidget._df_changed is deprecated in traitlets 4.1: use @observe and @unobserve instead.
2025-01-13T19:50:34.1066840Z 
2025-01-13T19:50:34.1067040Z tardis/visualization/widgets/tests/test_shell_info.py::TestHDFShellInfo::test_shells_data
2025-01-13T19:50:34.1067490Z   /Users/runner/work/tardis/tardis/tardis/io/util.py:289: PerformanceWarning:
2025-01-13T19:50:34.1067790Z   
2025-01-13T19:50:34.1067900Z   
2025-01-13T19:50:34.1068120Z   your performance may suffer as PyTables will pickle object types that it cannot
2025-01-13T19:50:34.1068550Z   map directly to c-types [inferred_type->mixed,key->block0_values] [items->Index([0], dtype='int64')]
2025-01-13T19:50:34.1068820Z 
2025-01-13T19:50:34.1069020Z tardis/visualization/widgets/tests/test_shell_info.py::TestHDFShellInfo::test_shells_data
2025-01-13T19:50:34.1069450Z   /Users/runner/work/tardis/tardis/tardis/io/util.py:292: PerformanceWarning:
2025-01-13T19:50:34.1069730Z   
2025-01-13T19:50:34.1069830Z   
2025-01-13T19:50:34.1070060Z   your performance may suffer as PyTables will pickle object types that it cannot
2025-01-13T19:50:34.1070420Z   map directly to c-types [inferred_type->mixed,key->values] [items->None]
2025-01-13T19:50:34.1070630Z 
2025-01-13T19:50:34.1070840Z tardis/visualization/widgets/tests/test_shell_info.py::TestHDFShellInfo::test_shells_data
2025-01-13T19:50:34.1071530Z   /Users/runner/work/tardis/tardis/tardis/spectrum/formal_integral.py:398: UserWarning:
2025-01-13T19:50:34.1071870Z   
2025-01-13T19:50:34.1072080Z   The number of interpolate_shells was not specified. The value was set to 80.
2025-01-13T19:50:34.1072300Z 
2025-01-13T19:50:34.1072450Z -- Docs: https://docs.pytest.org/en/stable/how-to/capture-warnings.html
2025-01-13T19:50:34.1072680Z 
2025-01-13T19:50:34.1072820Z ---------- coverage: platform darwin, python 3.12.4-final-0 ----------
2025-01-13T19:50:34.1073100Z Coverage HTML written to dir coverage_html_report
2025-01-13T19:50:34.1073400Z Coverage XML written to file coverage.xml
2025-01-13T19:50:34.1073550Z 
2025-01-13T19:50:34.1073650Z =========================== short test summary info ============================
2025-01-13T19:50:34.1074410Z FAILED tardis/opacities/tests/test_tau_sobolev.py::test_calculate_sobolev_line_opacity - FileNotFoundError: File /Users/runner/work/tardis/tardis/tardis-regression-data/test_tau_sobolev/test_calculate_sobolev_line_opacity.h5 does not exist
2025-01-13T19:50:34.1075660Z FAILED tardis/opacities/tests/test_tau_sobolev.py::test_calculate_beta_sobolevs - FileNotFoundError: [Errno 2] No such file or directory: '/Users/runner/work/tardis/tardis/tardis-regression-data/test_tau_sobolev/test_calculate_beta_sobolevs.npy'
2025-01-13T19:50:34.1076520Z = 2 failed, 1436 passed, 329 skipped, 2 deselected, 19 xfailed, 8 xpassed, 91 warnings in 798.22s (0:13:18) =
2025-01-13T19:50:35.9641630Z ##[error]Process completed with exit code 1.
2025-01-13T19:50:36.0389180Z Post job cleanup.
2025-01-13T19:50:36.0519510Z Post job cleanup.
2025-01-13T19:50:36.4513480Z Will use pre-installed micromamba at /Users/runner/micromamba-bin/micromamba
2025-01-13T19:50:36.4514800Z Removing micromamba run shell ...
2025-01-13T19:50:36.4516290Z ##[group]Deinitialize micromamba for bash
2025-01-13T19:50:36.4530310Z [command]/Users/runner/micromamba-bin/micromamba shell deinit -s bash -r /Users/runner/micromamba --log-level warning --rc-file /Users/runner/work/_temp/setup-micromamba/.condarc
2025-01-13T19:50:36.6228160Z Resetting RC file "/Users/runner/.bash_profile"
2025-01-13T19:50:36.6228530Z Deleting config for root prefix 
2025-01-13T19:50:36.6228750Z Clearing mamba executable environment variable
2025-01-13T19:50:36.6244660Z Removing the following in your "/Users/runner/.bash_profile" file
2025-01-13T19:50:36.6245210Z # >>> mamba initialize >>>
2025-01-13T19:50:36.6245430Z ...
2025-01-13T19:50:36.6245570Z # <<< mamba initialize <<<
2025-01-13T19:50:36.6297970Z Removing environment tardis from auto-activate bash ...
2025-01-13T19:50:36.6401670Z Post job cleanup.
2025-01-13T19:50:36.6447530Z Post job cleanup.
2025-01-13T19:50:36.8328800Z [command]/opt/homebrew/bin/git version
2025-01-13T19:50:36.8833810Z git version 2.47.1
2025-01-13T19:50:36.8857260Z Copying '/Users/runner/.gitconfig' to '/Users/runner/work/_temp/90964e54-1dfd-4096-a9eb-34ab62c1ee1d/.gitconfig'
2025-01-13T19:50:36.8863990Z Temporarily overriding HOME='/Users/runner/work/_temp/90964e54-1dfd-4096-a9eb-34ab62c1ee1d' before making global git config changes
2025-01-13T19:50:36.8864660Z Adding repository directory to the temporary git global config as a safe directory
2025-01-13T19:50:36.8867960Z [command]/opt/homebrew/bin/git config --global --add safe.directory /Users/runner/work/tardis/tardis/tardis-regression-data
2025-01-13T19:50:36.8961480Z [command]/opt/homebrew/bin/git config --local --name-only --get-regexp core\.sshCommand
2025-01-13T19:50:36.9041820Z [command]/opt/homebrew/bin/git submodule foreach --recursive sh -c "git config --local --name-only --get-regexp 'core\.sshCommand' && git config --local --unset-all 'core.sshCommand' || :"
2025-01-13T19:50:37.0148880Z [command]/opt/homebrew/bin/git config --local --name-only --get-regexp http\.https\:\/\/github\.com\/\.extraheader
2025-01-13T19:50:37.0204370Z http.https://github.com/.extraheader
2025-01-13T19:50:37.0215250Z [command]/opt/homebrew/bin/git config --local --unset-all http.https://github.com/.extraheader
2025-01-13T19:50:37.0291630Z [command]/opt/homebrew/bin/git submodule foreach --recursive sh -c "git config --local --name-only --get-regexp 'http\.https\:\/\/github\.com\/\.extraheader' && git config --local --unset-all 'http.https://github.com/.extraheader' || :"
2025-01-13T19:50:37.2396480Z Post job cleanup.
2025-01-13T19:50:37.3525480Z [command]/opt/homebrew/bin/git version
2025-01-13T19:50:37.3593110Z git version 2.47.1
2025-01-13T19:50:37.3625090Z Copying '/Users/runner/.gitconfig' to '/Users/runner/work/_temp/b0fbbc53-baa5-44ce-b07d-578ddcb07057/.gitconfig'
2025-01-13T19:50:37.3635530Z Temporarily overriding HOME='/Users/runner/work/_temp/b0fbbc53-baa5-44ce-b07d-578ddcb07057' before making global git config changes
2025-01-13T19:50:37.3636390Z Adding repository directory to the temporary git global config as a safe directory
2025-01-13T19:50:37.3641700Z [command]/opt/homebrew/bin/git config --global --add safe.directory /Users/runner/work/tardis/tardis
2025-01-13T19:50:37.3705600Z [command]/opt/homebrew/bin/git config --local --name-only --get-regexp core\.sshCommand
2025-01-13T19:50:37.3747460Z [command]/opt/homebrew/bin/git submodule foreach --recursive sh -c "git config --local --name-only --get-regexp 'core\.sshCommand' && git config --local --unset-all 'core.sshCommand' || :"
2025-01-13T19:50:37.4324490Z [command]/opt/homebrew/bin/git config --local --name-only --get-regexp http\.https\:\/\/github\.com\/\.extraheader
2025-01-13T19:50:37.4367710Z http.https://github.com/.extraheader
2025-01-13T19:50:37.4377670Z [command]/opt/homebrew/bin/git config --local --unset-all http.https://github.com/.extraheader
2025-01-13T19:50:37.4448610Z [command]/opt/homebrew/bin/git submodule foreach --recursive sh -c "git config --local --name-only --get-regexp 'http\.https\:\/\/github\.com\/\.extraheader' && git config --local --unset-all 'http.https://github.com/.extraheader' || :"
2025-01-13T19:50:37.5611980Z Cleaning up orphan processes
