2025-02-28T13:57:34.0410080Z Prepare all required actions
2025-02-28T13:57:34.0411200Z Getting action download info
2025-02-28T13:57:34.1744920Z Download action repository 'actions/cache@v4' (SHA:d4323d4df104b026a6aa633fdb11d772146be0bf)
2025-02-28T13:57:35.3092930Z ##[group]Run ./.github/actions/setup_lfs
2025-02-28T13:57:35.3093220Z with:
2025-02-28T13:57:35.3093420Z   regression-data-repo: tardis-sn/tardis-regression-data
2025-02-28T13:57:35.3093670Z   atom-data-sparse: false
2025-02-28T13:57:35.3093840Z env:
2025-02-28T13:57:35.3093960Z   CACHE_NUMBER: 0
2025-02-28T13:57:35.3094460Z   PYTEST_FLAGS: --tardis-regression-data=/Users/runner/work/tardis/tardis/tardis-regression-data --cov=tardis --cov-report=xml --cov-report=html --cov-append
2025-02-28T13:57:35.3094980Z   CODECOV_TOKEN: 
2025-02-28T13:57:35.3095120Z ##[endgroup]
2025-02-28T13:57:35.3223070Z ##[group]Run actions/checkout@v4
2025-02-28T13:57:35.3223300Z with:
2025-02-28T13:57:35.3223460Z   repository: tardis-sn/tardis-regression-data
2025-02-28T13:57:35.3223690Z   path: tardis-regression-data
2025-02-28T13:57:35.3223930Z   lfs: false
2025-02-28T13:57:35.3224210Z   token: ***
2025-02-28T13:57:35.3224340Z   ssh-strict: true
2025-02-28T13:57:35.3224530Z   ssh-user: git
2025-02-28T13:57:35.3224680Z   persist-credentials: true
2025-02-28T13:57:35.3224870Z   clean: true
2025-02-28T13:57:35.3225020Z   sparse-checkout-cone-mode: true
2025-02-28T13:57:35.3225210Z   fetch-depth: 1
2025-02-28T13:57:35.3225350Z   fetch-tags: false
2025-02-28T13:57:35.3225500Z   show-progress: true
2025-02-28T13:57:35.3225650Z   submodules: false
2025-02-28T13:57:35.3225820Z   set-safe-directory: true
2025-02-28T13:57:35.3225990Z env:
2025-02-28T13:57:35.3226110Z   CACHE_NUMBER: 0
2025-02-28T13:57:35.3226600Z   PYTEST_FLAGS: --tardis-regression-data=/Users/runner/work/tardis/tardis/tardis-regression-data --cov=tardis --cov-report=xml --cov-report=html --cov-append
2025-02-28T13:57:35.3227110Z   CODECOV_TOKEN: 
2025-02-28T13:57:35.3227260Z ##[endgroup]
2025-02-28T13:57:35.4182140Z Syncing repository: tardis-sn/tardis-regression-data
2025-02-28T13:57:35.4184760Z ##[group]Getting Git version info
2025-02-28T13:57:35.4185260Z Working directory is '/Users/runner/work/tardis/tardis/tardis-regression-data'
2025-02-28T13:57:35.4221330Z [command]/opt/homebrew/bin/git version
2025-02-28T13:57:35.4312060Z git version 2.48.1
2025-02-28T13:57:35.4338670Z ##[endgroup]
2025-02-28T13:57:35.4351470Z Copying '/Users/runner/.gitconfig' to '/Users/runner/work/_temp/68dbd615-212a-42a0-8b61-8c28e3c2a792/.gitconfig'
2025-02-28T13:57:35.4424510Z Temporarily overriding HOME='/Users/runner/work/_temp/68dbd615-212a-42a0-8b61-8c28e3c2a792' before making global git config changes
2025-02-28T13:57:35.4433310Z Adding repository directory to the temporary git global config as a safe directory
2025-02-28T13:57:35.4441430Z [command]/opt/homebrew/bin/git config --global --add safe.directory /Users/runner/work/tardis/tardis/tardis-regression-data
2025-02-28T13:57:35.4567230Z ##[group]Initializing the repository
2025-02-28T13:57:35.4567830Z [command]/opt/homebrew/bin/git init /Users/runner/work/tardis/tardis/tardis-regression-data
2025-02-28T13:57:35.4673960Z hint: Using 'master' as the name for the initial branch. This default branch name
2025-02-28T13:57:35.4681500Z hint: is subject to change. To configure the initial branch name to use in all
2025-02-28T13:57:35.4684630Z hint: of your new repositories, which will suppress this warning, call:
2025-02-28T13:57:35.4686620Z hint:
2025-02-28T13:57:35.4687450Z hint: 	git config --global init.defaultBranch <name>
2025-02-28T13:57:35.4689100Z hint:
2025-02-28T13:57:35.4690310Z hint: Names commonly chosen instead of 'master' are 'main', 'trunk' and
2025-02-28T13:57:35.4691670Z hint: 'development'. The just-created branch can be renamed via this command:
2025-02-28T13:57:35.4692420Z hint:
2025-02-28T13:57:35.4692660Z hint: 	git branch -m <name>
2025-02-28T13:57:35.4693190Z Initialized empty Git repository in /Users/runner/work/tardis/tardis/tardis-regression-data/.git/
2025-02-28T13:57:35.4720470Z [command]/opt/homebrew/bin/git remote add origin https://github.com/tardis-sn/tardis-regression-data
2025-02-28T13:57:35.4771580Z ##[endgroup]
2025-02-28T13:57:35.4772680Z ##[group]Disabling automatic garbage collection
2025-02-28T13:57:35.4775340Z [command]/opt/homebrew/bin/git config --local gc.auto 0
2025-02-28T13:57:35.4837510Z ##[endgroup]
2025-02-28T13:57:35.4837860Z ##[group]Setting up auth
2025-02-28T13:57:35.4845290Z [command]/opt/homebrew/bin/git config --local --name-only --get-regexp core\.sshCommand
2025-02-28T13:57:35.4907790Z [command]/opt/homebrew/bin/git submodule foreach --recursive sh -c "git config --local --name-only --get-regexp 'core\.sshCommand' && git config --local --unset-all 'core.sshCommand' || :"
2025-02-28T13:57:35.5493310Z [command]/opt/homebrew/bin/git config --local --name-only --get-regexp http\.https\:\/\/github\.com\/\.extraheader
2025-02-28T13:57:35.5553800Z [command]/opt/homebrew/bin/git submodule foreach --recursive sh -c "git config --local --name-only --get-regexp 'http\.https\:\/\/github\.com\/\.extraheader' && git config --local --unset-all 'http.https://github.com/.extraheader' || :"
2025-02-28T13:57:35.6204710Z [command]/opt/homebrew/bin/git config --local http.https://github.com/.extraheader AUTHORIZATION: basic ***
2025-02-28T13:57:35.6268080Z ##[endgroup]
2025-02-28T13:57:35.6271430Z ##[group]Determining the default branch
2025-02-28T13:57:35.6271850Z Retrieving the default branch name
2025-02-28T13:57:36.0404510Z Default branch 'main'
2025-02-28T13:57:36.0408980Z ##[endgroup]
2025-02-28T13:57:36.0416060Z ##[group]Fetching the repository
2025-02-28T13:57:36.0420830Z [command]/opt/homebrew/bin/git -c protocol.version=2 fetch --no-tags --prune --no-recurse-submodules --depth=1 origin +refs/heads/main:refs/remotes/origin/main
2025-02-28T13:57:36.9602020Z From https://github.com/tardis-sn/tardis-regression-data
2025-02-28T13:57:36.9602610Z  * [new branch]      main       -> origin/main
2025-02-28T13:57:36.9786770Z ##[endgroup]
2025-02-28T13:57:36.9788810Z ##[group]Determining the checkout info
2025-02-28T13:57:36.9790060Z ##[endgroup]
2025-02-28T13:57:36.9791180Z [command]/opt/homebrew/bin/git sparse-checkout disable
2025-02-28T13:57:36.9882130Z [command]/opt/homebrew/bin/git config --local --unset-all extensions.worktreeConfig
2025-02-28T13:57:36.9945400Z ##[group]Checking out the ref
2025-02-28T13:57:36.9948560Z [command]/opt/homebrew/bin/git checkout --progress --force -B main refs/remotes/origin/main
2025-02-28T13:57:37.2158160Z Switched to a new branch 'main'
2025-02-28T13:57:37.2161790Z branch 'main' set up to track 'origin/main'.
2025-02-28T13:57:37.3063950Z ##[endgroup]
2025-02-28T13:57:37.3141050Z [command]/opt/homebrew/bin/git log -1 --format=%H
2025-02-28T13:57:37.3196550Z b2fdf418ac1a3631f8c3d2a5f392b6ebfa09ba0b
2025-02-28T13:57:37.3346570Z ##[group]Run if [ "false" == "true" ]; then
2025-02-28T13:57:37.3348710Z [36;1mif [ "false" == "true" ]; then[0m
2025-02-28T13:57:37.3349710Z [36;1m  echo "Using atom data sparse checkout"[0m
2025-02-28T13:57:37.3350090Z [36;1m  echo "atom_data/kurucz_cd23_chianti_H_He.h5" > .lfs-files-list[0m
2025-02-28T13:57:37.3350410Z [36;1melse[0m
2025-02-28T13:57:37.3350610Z [36;1m  echo "Using full repository checkout"[0m
2025-02-28T13:57:37.3350970Z [36;1m  git lfs ls-files -l | cut -d' ' -f1 | sort > .lfs-files-list[0m
2025-02-28T13:57:37.3351220Z [36;1mfi[0m
2025-02-28T13:57:37.3542310Z shell: /bin/bash --noprofile --norc -e -o pipefail {0}
2025-02-28T13:57:37.3543060Z env:
2025-02-28T13:57:37.3543410Z   CACHE_NUMBER: 0
2025-02-28T13:57:37.3547800Z   PYTEST_FLAGS: --tardis-regression-data=/Users/runner/work/tardis/tardis/tardis-regression-data --cov=tardis --cov-report=xml --cov-report=html --cov-append
2025-02-28T13:57:37.3549250Z   CODECOV_TOKEN: 
2025-02-28T13:57:37.3549650Z ##[endgroup]
2025-02-28T13:57:37.3829780Z Using full repository checkout
2025-02-28T13:57:37.6279790Z ##[group]Run actions/cache/restore@v4
2025-02-28T13:57:37.6280050Z with:
2025-02-28T13:57:37.6280260Z   path: tardis-regression-data/.git/lfs
2025-02-28T13:57:37.6281140Z   key: tardis-regression-full-data-6e3f921411cf0a4e16018f0781785ab8728ab151c8f95ea20b0c8e8609b9a332-tardis-sn/tardis-regression-data-v1
2025-02-28T13:57:37.6283940Z   fail-on-cache-miss: true
2025-02-28T13:57:37.6284140Z   enableCrossOsArchive: false
2025-02-28T13:57:37.6284320Z   lookup-only: false
2025-02-28T13:57:37.6284570Z env:
2025-02-28T13:57:37.6284790Z   CACHE_NUMBER: 0
2025-02-28T13:57:37.6285340Z   PYTEST_FLAGS: --tardis-regression-data=/Users/runner/work/tardis/tardis/tardis-regression-data --cov=tardis --cov-report=xml --cov-report=html --cov-append
2025-02-28T13:57:37.6285860Z   CODECOV_TOKEN: 
2025-02-28T13:57:37.6286010Z ##[endgroup]
2025-02-28T13:57:37.9179520Z Cache hit for: tardis-regression-full-data-6e3f921411cf0a4e16018f0781785ab8728ab151c8f95ea20b0c8e8609b9a332-tardis-sn/tardis-regression-data-v1
2025-02-28T13:57:39.0968360Z Received 54525952 of 2160718086 (2.5%), 51.9 MBs/sec
2025-02-28T13:57:40.1019780Z Received 130023424 of 2160718086 (6.0%), 61.8 MBs/sec
2025-02-28T13:57:41.1022900Z Received 163577856 of 2160718086 (7.6%), 51.9 MBs/sec
2025-02-28T13:57:42.1029810Z Received 264241152 of 2160718086 (12.2%), 62.9 MBs/sec
2025-02-28T13:57:43.1167460Z Received 339738624 of 2160718086 (15.7%), 64.6 MBs/sec
2025-02-28T13:57:44.1172110Z Received 402653184 of 2160718086 (18.6%), 63.8 MBs/sec
2025-02-28T13:57:45.1181970Z Received 490733568 of 2160718086 (22.7%), 66.6 MBs/sec
2025-02-28T13:57:46.1188320Z Received 553648128 of 2160718086 (25.6%), 65.8 MBs/sec
2025-02-28T13:57:47.1192470Z Received 650117120 of 2160718086 (30.1%), 68.7 MBs/sec
2025-02-28T13:57:48.1234170Z Received 708837376 of 2160718086 (32.8%), 67.4 MBs/sec
2025-02-28T13:57:49.1221770Z Received 801112064 of 2160718086 (37.1%), 69.3 MBs/sec
2025-02-28T13:57:50.1234170Z Received 834666496 of 2160718086 (38.6%), 66.2 MBs/sec
2025-02-28T13:57:51.1242260Z Received 889192448 of 2160718086 (41.2%), 65.1 MBs/sec
2025-02-28T13:57:52.1319920Z Received 935329792 of 2160718086 (43.3%), 63.6 MBs/sec
2025-02-28T13:57:53.1319270Z Received 998244352 of 2160718086 (46.2%), 63.3 MBs/sec
2025-02-28T13:57:54.1394190Z Received 1069547520 of 2160718086 (49.5%), 63.6 MBs/sec
2025-02-28T13:57:55.1437430Z Received 1103101952 of 2160718086 (51.1%), 61.7 MBs/sec
2025-02-28T13:57:56.1455010Z Received 1186988032 of 2160718086 (54.9%), 62.7 MBs/sec
2025-02-28T13:57:57.1442670Z Received 1207959552 of 2160718086 (55.9%), 60.5 MBs/sec
2025-02-28T13:57:58.1463260Z Received 1241513984 of 2160718086 (57.5%), 59.1 MBs/sec
2025-02-28T13:57:59.1464040Z Received 1300234240 of 2160718086 (60.2%), 58.9 MBs/sec
2025-02-28T13:58:00.2150130Z Received 1342177280 of 2160718086 (62.1%), 57.9 MBs/sec
2025-02-28T13:58:01.2059320Z Received 1379926016 of 2160718086 (63.9%), 56.9 MBs/sec
2025-02-28T13:58:02.2059390Z Received 1442840576 of 2160718086 (66.8%), 57.1 MBs/sec
2025-02-28T13:58:03.2082660Z Received 1476395008 of 2160718086 (68.3%), 56.1 MBs/sec
2025-02-28T13:58:04.2183150Z Received 1539309568 of 2160718086 (71.2%), 56.2 MBs/sec
2025-02-28T13:58:05.2136540Z Received 1589641216 of 2160718086 (73.6%), 55.9 MBs/sec
2025-02-28T13:58:06.2158330Z Received 1614807040 of 2160718086 (74.7%), 54.8 MBs/sec
2025-02-28T13:58:07.2292130Z Received 1677721600 of 2160718086 (77.6%), 54.9 MBs/sec
2025-02-28T13:58:08.2225640Z Received 1736441856 of 2160718086 (80.4%), 55.0 MBs/sec
2025-02-28T13:58:09.2516680Z Received 1757413376 of 2160718086 (81.3%), 53.8 MBs/sec
2025-02-28T13:58:10.2477400Z Received 1820327936 of 2160718086 (84.2%), 54.0 MBs/sec
2025-02-28T13:58:11.2438300Z Received 1879048192 of 2160718086 (87.0%), 54.1 MBs/sec
2025-02-28T13:58:12.2427360Z Received 1946157056 of 2160718086 (90.1%), 54.4 MBs/sec
2025-02-28T13:58:13.4034270Z Received 2013265920 of 2160718086 (93.2%), 54.4 MBs/sec
2025-02-28T13:58:14.3984890Z Received 2076180480 of 2160718086 (96.1%), 54.5 MBs/sec
2025-02-28T13:58:15.3991850Z Received 2147483648 of 2160718086 (99.4%), 54.9 MBs/sec
2025-02-28T13:58:15.7726610Z Received 2160718086 of 2160718086 (100.0%), 54.7 MBs/sec
2025-02-28T13:58:15.7868560Z Cache Size: ~2061 MB (2160718086 B)
2025-02-28T13:58:15.8025390Z [command]/opt/homebrew/bin/gtar -xf /Users/runner/work/_temp/e393942d-e857-4f9f-b050-624189b18ec8/cache.tzst -P -C /Users/runner/work/tardis/tardis --delay-directory-restore --use-compress-program unzstd
2025-02-28T13:58:28.0708200Z Cache restored successfully
2025-02-28T13:58:28.1654470Z Cache restored from key: tardis-regression-full-data-6e3f921411cf0a4e16018f0781785ab8728ab151c8f95ea20b0c8e8609b9a332-tardis-sn/tardis-regression-data-v1
2025-02-28T13:58:28.1932250Z ##[group]Run git lfs checkout
2025-02-28T13:58:28.1932710Z [36;1mgit lfs checkout[0m
2025-02-28T13:58:28.2306040Z shell: /bin/bash --noprofile --norc -e -o pipefail {0}
2025-02-28T13:58:28.2306480Z env:
2025-02-28T13:58:28.2306690Z   CACHE_NUMBER: 0
2025-02-28T13:58:28.2307280Z   PYTEST_FLAGS: --tardis-regression-data=/Users/runner/work/tardis/tardis/tardis-regression-data --cov=tardis --cov-report=xml --cov-report=html --cov-append
2025-02-28T13:58:28.2307920Z   CODECOV_TOKEN: 
2025-02-28T13:58:28.2308270Z ##[endgroup]
2025-02-28T13:58:42.7090330Z Checking out LFS objects: 100% (204/204), 5.7 GB | 342 MB/s, done.
