2025-02-18T14:45:22.1569735Z Prepare all required actions
2025-02-18T14:45:22.1571197Z Getting action download info
2025-02-18T14:45:22.3500710Z ##[group]Download immutable action package 'actions/cache@v4'
2025-02-18T14:45:22.3501231Z Version: 4.2.0
2025-02-18T14:45:22.3501687Z Digest: sha256:5bc11090595acbf82dbfb02747bf0bfd91544e869357fd3ac0eb41f509632110
2025-02-18T14:45:22.3502288Z Source commit SHA: 1bd1e32a3bdc45362d1e726936510720a7c30a57
2025-02-18T14:45:22.3502709Z ##[endgroup]
2025-02-18T14:45:22.4723133Z ##[group]Run ./.github/actions/setup_lfs
2025-02-18T14:45:22.4723530Z with:
2025-02-18T14:45:22.4723856Z   regression-data-repo: tardis-sn/tardis-regression-data
2025-02-18T14:45:22.4724266Z   atom-data-sparse: false
2025-02-18T14:45:22.4724564Z env:
2025-02-18T14:45:22.4724801Z   CACHE_NUMBER: 0
2025-02-18T14:45:22.4725545Z   PYTEST_FLAGS: --tardis-regression-data=/home/runner/work/tardis/tardis/tardis-regression-data --cov=tardis --cov-report=xml --cov-report=html --cov-append
2025-02-18T14:45:22.4726536Z   CODECOV_TOKEN: 
2025-02-18T14:45:22.4726845Z ##[endgroup]
2025-02-18T14:45:22.4879716Z ##[group]Run actions/checkout@v4
2025-02-18T14:45:22.4880134Z with:
2025-02-18T14:45:22.4880467Z   repository: tardis-sn/tardis-regression-data
2025-02-18T14:45:22.4880882Z   path: tardis-regression-data
2025-02-18T14:45:22.4881218Z   lfs: false
2025-02-18T14:45:22.4881659Z   token: ***
2025-02-18T14:45:22.4881953Z   ssh-strict: true
2025-02-18T14:45:22.4882248Z   ssh-user: git
2025-02-18T14:45:22.4882561Z   persist-credentials: true
2025-02-18T14:45:22.4882881Z   clean: true
2025-02-18T14:45:22.4883190Z   sparse-checkout-cone-mode: true
2025-02-18T14:45:22.4883535Z   fetch-depth: 1
2025-02-18T14:45:22.4883826Z   fetch-tags: false
2025-02-18T14:45:22.4884122Z   show-progress: true
2025-02-18T14:45:22.4884423Z   submodules: false
2025-02-18T14:45:22.4884725Z   set-safe-directory: true
2025-02-18T14:45:22.4885036Z env:
2025-02-18T14:45:22.4885299Z   CACHE_NUMBER: 0
2025-02-18T14:45:22.4886043Z   PYTEST_FLAGS: --tardis-regression-data=/home/runner/work/tardis/tardis/tardis-regression-data --cov=tardis --cov-report=xml --cov-report=html --cov-append
2025-02-18T14:45:22.4887036Z   CODECOV_TOKEN: 
2025-02-18T14:45:22.4887324Z ##[endgroup]
2025-02-18T14:45:22.5848464Z Syncing repository: tardis-sn/tardis-regression-data
2025-02-18T14:45:22.5855170Z ##[group]Getting Git version info
2025-02-18T14:45:22.5855822Z Working directory is '/home/runner/work/tardis/tardis/tardis-regression-data'
2025-02-18T14:45:22.5898717Z [command]/usr/bin/git version
2025-02-18T14:45:22.5943490Z git version 2.48.1
2025-02-18T14:45:22.5968950Z ##[endgroup]
2025-02-18T14:45:22.5981914Z Temporarily overriding HOME='/home/runner/work/_temp/767f754f-5c0e-416f-b018-0a375c9e6b4a' before making global git config changes
2025-02-18T14:45:22.5982892Z Adding repository directory to the temporary git global config as a safe directory
2025-02-18T14:45:22.5987724Z [command]/usr/bin/git config --global --add safe.directory /home/runner/work/tardis/tardis/tardis-regression-data
2025-02-18T14:45:22.6021122Z ##[group]Initializing the repository
2025-02-18T14:45:22.6027100Z [command]/usr/bin/git init /home/runner/work/tardis/tardis/tardis-regression-data
2025-02-18T14:45:22.6064444Z hint: Using 'master' as the name for the initial branch. This default branch name
2025-02-18T14:45:22.6065578Z hint: is subject to change. To configure the initial branch name to use in all
2025-02-18T14:45:22.6066830Z hint: of your new repositories, which will suppress this warning, call:
2025-02-18T14:45:22.6067470Z hint:
2025-02-18T14:45:22.6067856Z hint: 	git config --global init.defaultBranch <name>
2025-02-18T14:45:22.6068261Z hint:
2025-02-18T14:45:22.6068677Z hint: Names commonly chosen instead of 'master' are 'main', 'trunk' and
2025-02-18T14:45:22.6069300Z hint: 'development'. The just-created branch can be renamed via this command:
2025-02-18T14:45:22.6069763Z hint:
2025-02-18T14:45:22.6070065Z hint: 	git branch -m <name>
2025-02-18T14:45:22.6070659Z Initialized empty Git repository in /home/runner/work/tardis/tardis/tardis-regression-data/.git/
2025-02-18T14:45:22.6076811Z [command]/usr/bin/git remote add origin https://github.com/tardis-sn/tardis-regression-data
2025-02-18T14:45:22.6109304Z ##[endgroup]
2025-02-18T14:45:22.6109908Z ##[group]Disabling automatic garbage collection
2025-02-18T14:45:22.6114043Z [command]/usr/bin/git config --local gc.auto 0
2025-02-18T14:45:22.6143050Z ##[endgroup]
2025-02-18T14:45:22.6143613Z ##[group]Setting up auth
2025-02-18T14:45:22.6149618Z [command]/usr/bin/git config --local --name-only --get-regexp core\.sshCommand
2025-02-18T14:45:22.6179356Z [command]/usr/bin/git submodule foreach --recursive sh -c "git config --local --name-only --get-regexp 'core\.sshCommand' && git config --local --unset-all 'core.sshCommand' || :"
2025-02-18T14:45:22.6411910Z [command]/usr/bin/git config --local --name-only --get-regexp http\.https\:\/\/github\.com\/\.extraheader
2025-02-18T14:45:22.6441831Z [command]/usr/bin/git submodule foreach --recursive sh -c "git config --local --name-only --get-regexp 'http\.https\:\/\/github\.com\/\.extraheader' && git config --local --unset-all 'http.https://github.com/.extraheader' || :"
2025-02-18T14:45:22.6687701Z [command]/usr/bin/git config --local http.https://github.com/.extraheader AUTHORIZATION: basic ***
2025-02-18T14:45:22.6726326Z ##[endgroup]
2025-02-18T14:45:22.6727310Z ##[group]Determining the default branch
2025-02-18T14:45:22.6730733Z Retrieving the default branch name
2025-02-18T14:45:23.0488628Z Default branch 'main'
2025-02-18T14:45:23.0489796Z ##[endgroup]
2025-02-18T14:45:23.0490314Z ##[group]Fetching the repository
2025-02-18T14:45:23.0498580Z [command]/usr/bin/git -c protocol.version=2 fetch --no-tags --prune --no-recurse-submodules --depth=1 origin +refs/heads/main:refs/remotes/origin/main
2025-02-18T14:45:23.7761521Z From https://github.com/tardis-sn/tardis-regression-data
2025-02-18T14:45:23.7762072Z  * [new branch]      main       -> origin/main
2025-02-18T14:45:23.7789319Z ##[endgroup]
2025-02-18T14:45:23.7791173Z ##[group]Determining the checkout info
2025-02-18T14:45:23.7791995Z ##[endgroup]
2025-02-18T14:45:23.7794331Z [command]/usr/bin/git sparse-checkout disable
2025-02-18T14:45:23.7837921Z [command]/usr/bin/git config --local --unset-all extensions.worktreeConfig
2025-02-18T14:45:23.7866729Z ##[group]Checking out the ref
2025-02-18T14:45:23.7871488Z [command]/usr/bin/git checkout --progress --force -B main refs/remotes/origin/main
2025-02-18T14:45:24.3885603Z Switched to a new branch 'main'
2025-02-18T14:45:24.3889708Z branch 'main' set up to track 'origin/main'.
2025-02-18T14:45:24.4157894Z ##[endgroup]
2025-02-18T14:45:24.4203518Z [command]/usr/bin/git log -1 --format=%H
2025-02-18T14:45:24.4229405Z fa7729bc9c30e14b69acd641af8b692b56fcd416
2025-02-18T14:45:24.4392897Z ##[group]Run if [ "false" == "true" ]; then
2025-02-18T14:45:24.4393308Z [36;1mif [ "false" == "true" ]; then[0m
2025-02-18T14:45:24.4393611Z [36;1m  echo "Using atom data sparse checkout"[0m
2025-02-18T14:45:24.4394272Z [36;1m  echo "atom_data/kurucz_cd23_chianti_H_He.h5" > .lfs-files-list[0m
2025-02-18T14:45:24.4394625Z [36;1melse[0m
2025-02-18T14:45:24.4394857Z [36;1m  echo "Using full repository checkout"[0m
2025-02-18T14:45:24.4395215Z [36;1m  git lfs ls-files -l | cut -d' ' -f1 | sort > .lfs-files-list[0m
2025-02-18T14:45:24.4395520Z [36;1mfi[0m
2025-02-18T14:45:24.4573088Z shell: /usr/bin/bash --noprofile --norc -e -o pipefail {0}
2025-02-18T14:45:24.4573443Z env:
2025-02-18T14:45:24.4573619Z   CACHE_NUMBER: 0
2025-02-18T14:45:24.4574248Z   PYTEST_FLAGS: --tardis-regression-data=/home/runner/work/tardis/tardis/tardis-regression-data --cov=tardis --cov-report=xml --cov-report=html --cov-append
2025-02-18T14:45:24.4574905Z   CODECOV_TOKEN: 
2025-02-18T14:45:24.4575087Z ##[endgroup]
2025-02-18T14:45:24.4669637Z Using full repository checkout
2025-02-18T14:45:24.6070210Z ##[group]Run actions/cache/restore@v4
2025-02-18T14:45:24.6070558Z with:
2025-02-18T14:45:24.6070778Z   path: tardis-regression-data/.git/lfs
2025-02-18T14:45:24.6071526Z   key: tardis-regression-full-data-21f9fa4b6817cc69b9fae3598144724da7828e276a73bd17f47a2a49d9af090a-tardis-sn/tardis-regression-data-v1
2025-02-18T14:45:24.6072461Z   fail-on-cache-miss: true
2025-02-18T14:45:24.6072716Z   enableCrossOsArchive: false
2025-02-18T14:45:24.6072971Z   lookup-only: false
2025-02-18T14:45:24.6073184Z env:
2025-02-18T14:45:24.6073607Z   CACHE_NUMBER: 0
2025-02-18T14:45:24.6100349Z   PYTEST_FLAGS: --tardis-regression-data=/home/runner/work/tardis/tardis/tardis-regression-data --cov=tardis --cov-report=xml --cov-report=html --cov-append
2025-02-18T14:45:24.6101421Z   CODECOV_TOKEN: 
2025-02-18T14:45:24.6101732Z ##[endgroup]
2025-02-18T14:45:24.9535718Z Cache hit for: tardis-regression-full-data-21f9fa4b6817cc69b9fae3598144724da7828e276a73bd17f47a2a49d9af090a-tardis-sn/tardis-regression-data-v1
2025-02-18T14:45:26.1864815Z Received 16777216 of 1707217599 (1.0%), 16.0 MBs/sec
2025-02-18T14:45:27.1906707Z Received 155189248 of 1707217599 (9.1%), 74.0 MBs/sec
2025-02-18T14:45:28.1875626Z Received 301989888 of 1707217599 (17.7%), 96.0 MBs/sec
2025-02-18T14:45:29.1874323Z Received 432013312 of 1707217599 (25.3%), 103.0 MBs/sec
2025-02-18T14:45:30.1883264Z Received 549453824 of 1707217599 (32.2%), 104.8 MBs/sec
2025-02-18T14:45:31.1895375Z Received 671088640 of 1707217599 (39.3%), 106.6 MBs/sec
2025-02-18T14:45:32.2746846Z Received 805306368 of 1707217599 (47.2%), 108.4 MBs/sec
2025-02-18T14:45:33.2794974Z Received 926941184 of 1707217599 (54.3%), 109.3 MBs/sec
2025-02-18T14:45:34.2784209Z Received 1048576000 of 1707217599 (61.4%), 110.0 MBs/sec
2025-02-18T14:45:35.2790986Z Received 1182793728 of 1707217599 (69.3%), 111.8 MBs/sec
2025-02-18T14:45:36.2795932Z Received 1321205760 of 1707217599 (77.4%), 113.6 MBs/sec
2025-02-18T14:45:37.2859798Z Received 1455423488 of 1707217599 (85.3%), 114.8 MBs/sec
2025-02-18T14:45:38.2808243Z Received 1598029824 of 1707217599 (93.6%), 116.4 MBs/sec
2025-02-18T14:45:39.2805317Z Received 1703023295 of 1707217599 (99.8%), 115.2 MBs/sec
2025-02-18T14:45:39.3529755Z Received 1707217599 of 1707217599 (100.0%), 114.9 MBs/sec
2025-02-18T14:45:39.3532364Z Cache Size: ~1628 MB (1707217599 B)
2025-02-18T14:45:39.3574983Z [command]/usr/bin/tar -xf /home/runner/work/_temp/36668c48-fd1d-4dad-b7d8-41c77b43b83b/cache.tzst -P -C /home/runner/work/tardis/tardis --use-compress-program unzstd
2025-02-18T14:45:45.8479584Z Cache restored successfully
2025-02-18T14:45:46.1738991Z Cache restored from key: tardis-regression-full-data-21f9fa4b6817cc69b9fae3598144724da7828e276a73bd17f47a2a49d9af090a-tardis-sn/tardis-regression-data-v1
2025-02-18T14:45:46.1875661Z ##[group]Run git lfs checkout
2025-02-18T14:45:46.1875941Z [36;1mgit lfs checkout[0m
2025-02-18T14:45:46.1930757Z shell: /usr/bin/bash --noprofile --norc -e -o pipefail {0}
2025-02-18T14:45:46.1931073Z env:
2025-02-18T14:45:46.1931249Z   CACHE_NUMBER: 0
2025-02-18T14:45:46.1931851Z   PYTEST_FLAGS: --tardis-regression-data=/home/runner/work/tardis/tardis/tardis-regression-data --cov=tardis --cov-report=xml --cov-report=html --cov-append
2025-02-18T14:45:46.1932670Z   CODECOV_TOKEN: 
2025-02-18T14:45:46.1932856Z ##[endgroup]
2025-02-18T14:45:57.7190371Z Checking out LFS objects: 100% (204/204), 3.5 GB | 294 MB/s, done.
