2025-01-08T21:59:30.5576721Z Requested labels: ubuntu-latest
2025-01-08T21:59:30.5577102Z Job defined at: tardis-sn/tardis/.github/workflows/tests.yml@refs/heads/master
2025-01-08T21:59:30.5577308Z Waiting for a runner to pick up this job...
2025-01-08T21:59:30.7254754Z Job is waiting for a hosted runner to come online.
2025-01-08T21:59:33.5764240Z Job is about to start running on the hosted runner: GitHub Actions 36 (hosted)
2025-01-08T21:59:34.8726847Z Current runner version: '2.321.0'
2025-01-08T21:59:34.8755187Z ##[group]Operating System
2025-01-08T21:59:34.8755989Z Ubuntu
2025-01-08T21:59:34.8756614Z 24.04.1
2025-01-08T21:59:34.8757160Z LTS
2025-01-08T21:59:34.8757663Z ##[endgroup]
2025-01-08T21:59:34.8758232Z ##[group]Runner Image
2025-01-08T21:59:34.8758831Z Image: ubuntu-24.04
2025-01-08T21:59:34.8759359Z Version: 20250105.1.0
2025-01-08T21:59:34.8760417Z Included Software: https://github.com/actions/runner-images/blob/ubuntu24/20250105.1/images/ubuntu/Ubuntu2404-Readme.md
2025-01-08T21:59:34.8761822Z Image Release: https://github.com/actions/runner-images/releases/tag/ubuntu24%2F20250105.1
2025-01-08T21:59:34.8762959Z ##[endgroup]
2025-01-08T21:59:34.8763585Z ##[group]Runner Image Provisioner
2025-01-08T21:59:34.8764156Z 2.0.404.1
2025-01-08T21:59:34.8764692Z ##[endgroup]
2025-01-08T21:59:34.8766952Z ##[group]GITHUB_TOKEN Permissions
2025-01-08T21:59:34.8769097Z Actions: write
2025-01-08T21:59:34.8769928Z Attestations: write
2025-01-08T21:59:34.8770564Z Checks: write
2025-01-08T21:59:34.8771143Z Contents: write
2025-01-08T21:59:34.8771693Z Deployments: write
2025-01-08T21:59:34.8772397Z Discussions: write
2025-01-08T21:59:34.8772992Z Issues: write
2025-01-08T21:59:34.8773526Z Metadata: read
2025-01-08T21:59:34.8774027Z Packages: write
2025-01-08T21:59:34.8774631Z Pages: write
2025-01-08T21:59:34.8775150Z PullRequests: write
2025-01-08T21:59:34.8775706Z RepositoryProjects: write
2025-01-08T21:59:34.8776370Z SecurityEvents: write
2025-01-08T21:59:34.8776915Z Statuses: write
2025-01-08T21:59:34.8777372Z ##[endgroup]
2025-01-08T21:59:34.8780500Z Secret source: Actions
2025-01-08T21:59:34.8781269Z Prepare workflow directory
2025-01-08T21:59:34.9305569Z Prepare all required actions
2025-01-08T21:59:34.9341497Z Getting action download info
2025-01-08T21:59:35.0986573Z Download action repository 'actions/checkout@v4' (SHA:11bd71901bbe5b1630ceea73d27597364c9af683)
2025-01-08T21:59:35.2018603Z Download action repository 'actions/upload-artifact@v4' (SHA:6f51ac03b9356f520e9adb1b1b7802705f340c2b)
2025-01-08T21:59:35.3463653Z Complete job name: not continuum ubuntu-latest 
2025-01-08T21:59:35.4146206Z ##[group]Run actions/checkout@v4
2025-01-08T21:59:35.4147039Z with:
2025-01-08T21:59:35.4147501Z   repository: tardis-sn/tardis
2025-01-08T21:59:35.4148133Z   token: ***
2025-01-08T21:59:35.4148546Z   ssh-strict: true
2025-01-08T21:59:35.4148954Z   ssh-user: git
2025-01-08T21:59:35.4149365Z   persist-credentials: true
2025-01-08T21:59:35.4149828Z   clean: true
2025-01-08T21:59:35.4150242Z   sparse-checkout-cone-mode: true
2025-01-08T21:59:35.4150724Z   fetch-depth: 1
2025-01-08T21:59:35.4151137Z   fetch-tags: false
2025-01-08T21:59:35.4151774Z   show-progress: true
2025-01-08T21:59:35.4152734Z   lfs: false
2025-01-08T21:59:35.4153392Z   submodules: false
2025-01-08T21:59:35.4154081Z   set-safe-directory: true
2025-01-08T21:59:35.4155573Z env:
2025-01-08T21:59:35.4155977Z   CACHE_NUMBER: 0
2025-01-08T21:59:35.4157138Z   PYTEST_FLAGS: --tardis-regression-data=/home/runner/work/tardis/tardis/tardis-regression-data --cov=tardis --cov-report=xml --cov-report=html --cov-append
2025-01-08T21:59:35.4158522Z   CODECOV_TOKEN: ***
2025-01-08T21:59:35.4158931Z ##[endgroup]
2025-01-08T21:59:35.6164189Z Syncing repository: tardis-sn/tardis
2025-01-08T21:59:35.6165873Z ##[group]Getting Git version info
2025-01-08T21:59:35.6166563Z Working directory is '/home/runner/work/tardis/tardis'
2025-01-08T21:59:35.6167468Z [command]/usr/bin/git version
2025-01-08T21:59:35.6224611Z git version 2.47.1
2025-01-08T21:59:35.6251447Z ##[endgroup]
2025-01-08T21:59:35.6271380Z Temporarily overriding HOME='/home/runner/work/_temp/e7b3fda1-a91f-49a4-bf98-52917727b0ee' before making global git config changes
2025-01-08T21:59:35.6272941Z Adding repository directory to the temporary git global config as a safe directory
2025-01-08T21:59:35.6276611Z [command]/usr/bin/git config --global --add safe.directory /home/runner/work/tardis/tardis
2025-01-08T21:59:35.6311187Z Deleting the contents of '/home/runner/work/tardis/tardis'
2025-01-08T21:59:35.6314886Z ##[group]Initializing the repository
2025-01-08T21:59:35.6318857Z [command]/usr/bin/git init /home/runner/work/tardis/tardis
2025-01-08T21:59:35.6408571Z hint: Using 'master' as the name for the initial branch. This default branch name
2025-01-08T21:59:35.6409889Z hint: is subject to change. To configure the initial branch name to use in all
2025-01-08T21:59:35.6411521Z hint: of your new repositories, which will suppress this warning, call:
2025-01-08T21:59:35.6412974Z hint:
2025-01-08T21:59:35.6413872Z hint: 	git config --global init.defaultBranch <name>
2025-01-08T21:59:35.6414994Z hint:
2025-01-08T21:59:35.6415696Z hint: Names commonly chosen instead of 'master' are 'main', 'trunk' and
2025-01-08T21:59:35.6416672Z hint: 'development'. The just-created branch can be renamed via this command:
2025-01-08T21:59:35.6417380Z hint:
2025-01-08T21:59:35.6417777Z hint: 	git branch -m <name>
2025-01-08T21:59:35.6418470Z Initialized empty Git repository in /home/runner/work/tardis/tardis/.git/
2025-01-08T21:59:35.6424776Z [command]/usr/bin/git remote add origin https://github.com/tardis-sn/tardis
2025-01-08T21:59:35.6457830Z ##[endgroup]
2025-01-08T21:59:35.6458571Z ##[group]Disabling automatic garbage collection
2025-01-08T21:59:35.6461659Z [command]/usr/bin/git config --local gc.auto 0
2025-01-08T21:59:35.6488909Z ##[endgroup]
2025-01-08T21:59:35.6489590Z ##[group]Setting up auth
2025-01-08T21:59:35.6495689Z [command]/usr/bin/git config --local --name-only --get-regexp core\.sshCommand
2025-01-08T21:59:35.6524372Z [command]/usr/bin/git submodule foreach --recursive sh -c "git config --local --name-only --get-regexp 'core\.sshCommand' && git config --local --unset-all 'core.sshCommand' || :"
2025-01-08T21:59:35.6824457Z [command]/usr/bin/git config --local --name-only --get-regexp http\.https\:\/\/github\.com\/\.extraheader
2025-01-08T21:59:35.6851454Z [command]/usr/bin/git submodule foreach --recursive sh -c "git config --local --name-only --get-regexp 'http\.https\:\/\/github\.com\/\.extraheader' && git config --local --unset-all 'http.https://github.com/.extraheader' || :"
2025-01-08T21:59:35.7071285Z [command]/usr/bin/git config --local http.https://github.com/.extraheader AUTHORIZATION: basic ***
2025-01-08T21:59:35.7114092Z ##[endgroup]
2025-01-08T21:59:35.7114851Z ##[group]Fetching the repository
2025-01-08T21:59:35.7123241Z [command]/usr/bin/git -c protocol.version=2 fetch --no-tags --prune --no-recurse-submodules --depth=1 origin +4d9f61f642156fc952fdd0a4cbba90321a592bd2:refs/remotes/origin/master
2025-01-08T21:59:36.8772845Z From https://github.com/tardis-sn/tardis
2025-01-08T21:59:36.8775314Z  * [new ref]         4d9f61f642156fc952fdd0a4cbba90321a592bd2 -> origin/master
2025-01-08T21:59:36.8797972Z ##[endgroup]
2025-01-08T21:59:36.8799357Z ##[group]Determining the checkout info
2025-01-08T21:59:36.8801193Z ##[endgroup]
2025-01-08T21:59:36.8810913Z [command]/usr/bin/git sparse-checkout disable
2025-01-08T21:59:36.8850022Z [command]/usr/bin/git config --local --unset-all extensions.worktreeConfig
2025-01-08T21:59:36.8881388Z ##[group]Checking out the ref
2025-01-08T21:59:36.8885918Z [command]/usr/bin/git checkout --progress --force -B master refs/remotes/origin/master
2025-01-08T21:59:37.0874011Z Reset branch 'master'
2025-01-08T21:59:37.0876980Z branch 'master' set up to track 'origin/master'.
2025-01-08T21:59:37.0899162Z ##[endgroup]
2025-01-08T21:59:37.0944557Z [command]/usr/bin/git log -1 --format=%H
2025-01-08T21:59:37.0970572Z 4d9f61f642156fc952fdd0a4cbba90321a592bd2
2025-01-08T21:59:37.1249412Z Prepare all required actions
2025-01-08T21:59:37.1249955Z Getting action download info
2025-01-08T21:59:37.2981898Z Download action repository 'actions/cache@v4' (SHA:1bd1e32a3bdc45362d1e726936510720a7c30a57)
2025-01-08T21:59:37.4334875Z ##[group]Run ./.github/actions/setup_lfs
2025-01-08T21:59:37.4335249Z with:
2025-01-08T21:59:37.4335569Z   regression-data-repo: tardis-sn/tardis-regression-data
2025-01-08T21:59:37.4335964Z env:
2025-01-08T21:59:37.4336199Z   CACHE_NUMBER: 0
2025-01-08T21:59:37.4337152Z   PYTEST_FLAGS: --tardis-regression-data=/home/runner/work/tardis/tardis/tardis-regression-data --cov=tardis --cov-report=xml --cov-report=html --cov-append
2025-01-08T21:59:37.4338172Z   CODECOV_TOKEN: ***
2025-01-08T21:59:37.4338452Z ##[endgroup]
2025-01-08T21:59:37.4463009Z ##[group]Run actions/checkout@v4
2025-01-08T21:59:37.4463358Z with:
2025-01-08T21:59:37.4463673Z   repository: tardis-sn/tardis-regression-data
2025-01-08T21:59:37.4464060Z   path: tardis-regression-data
2025-01-08T21:59:37.4464588Z   token: ***
2025-01-08T21:59:37.4464881Z   ssh-strict: true
2025-01-08T21:59:37.4465162Z   ssh-user: git
2025-01-08T21:59:37.4465451Z   persist-credentials: true
2025-01-08T21:59:37.4465769Z   clean: true
2025-01-08T21:59:37.4466053Z   sparse-checkout-cone-mode: true
2025-01-08T21:59:37.4466392Z   fetch-depth: 1
2025-01-08T21:59:37.4466672Z   fetch-tags: false
2025-01-08T21:59:37.4466954Z   show-progress: true
2025-01-08T21:59:37.4467238Z   lfs: false
2025-01-08T21:59:37.4467503Z   submodules: false
2025-01-08T21:59:37.4467801Z   set-safe-directory: true
2025-01-08T21:59:37.4468099Z env:
2025-01-08T21:59:37.4468352Z   CACHE_NUMBER: 0
2025-01-08T21:59:37.4469078Z   PYTEST_FLAGS: --tardis-regression-data=/home/runner/work/tardis/tardis/tardis-regression-data --cov=tardis --cov-report=xml --cov-report=html --cov-append
2025-01-08T21:59:37.4469923Z   CODECOV_TOKEN: ***
2025-01-08T21:59:37.4470205Z ##[endgroup]
2025-01-08T21:59:37.5387057Z Syncing repository: tardis-sn/tardis-regression-data
2025-01-08T21:59:37.5394276Z ##[group]Getting Git version info
2025-01-08T21:59:37.5395354Z Working directory is '/home/runner/work/tardis/tardis/tardis-regression-data'
2025-01-08T21:59:37.5442116Z [command]/usr/bin/git version
2025-01-08T21:59:37.5477816Z git version 2.47.1
2025-01-08T21:59:37.5503471Z ##[endgroup]
2025-01-08T21:59:37.5523146Z Temporarily overriding HOME='/home/runner/work/_temp/9267ff2a-d748-43e7-a9bc-0fe52f90635c' before making global git config changes
2025-01-08T21:59:37.5524658Z Adding repository directory to the temporary git global config as a safe directory
2025-01-08T21:59:37.5528984Z [command]/usr/bin/git config --global --add safe.directory /home/runner/work/tardis/tardis/tardis-regression-data
2025-01-08T21:59:37.5559328Z ##[group]Initializing the repository
2025-01-08T21:59:37.5564890Z [command]/usr/bin/git init /home/runner/work/tardis/tardis/tardis-regression-data
2025-01-08T21:59:37.5601181Z hint: Using 'master' as the name for the initial branch. This default branch name
2025-01-08T21:59:37.5602504Z hint: is subject to change. To configure the initial branch name to use in all
2025-01-08T21:59:37.5603544Z hint: of your new repositories, which will suppress this warning, call:
2025-01-08T21:59:37.5604182Z hint:
2025-01-08T21:59:37.5604791Z hint: 	git config --global init.defaultBranch <name>
2025-01-08T21:59:37.5605528Z hint:
2025-01-08T21:59:37.5606238Z hint: Names commonly chosen instead of 'master' are 'main', 'trunk' and
2025-01-08T21:59:37.5607319Z hint: 'development'. The just-created branch can be renamed via this command:
2025-01-08T21:59:37.5608219Z hint:
2025-01-08T21:59:37.5608741Z hint: 	git branch -m <name>
2025-01-08T21:59:37.5609752Z Initialized empty Git repository in /home/runner/work/tardis/tardis/tardis-regression-data/.git/
2025-01-08T21:59:37.5615541Z [command]/usr/bin/git remote add origin https://github.com/tardis-sn/tardis-regression-data
2025-01-08T21:59:37.5644926Z ##[endgroup]
2025-01-08T21:59:37.5645788Z ##[group]Disabling automatic garbage collection
2025-01-08T21:59:37.5649298Z [command]/usr/bin/git config --local gc.auto 0
2025-01-08T21:59:37.5677236Z ##[endgroup]
2025-01-08T21:59:37.5677753Z ##[group]Setting up auth
2025-01-08T21:59:37.5683845Z [command]/usr/bin/git config --local --name-only --get-regexp core\.sshCommand
2025-01-08T21:59:37.5711639Z [command]/usr/bin/git submodule foreach --recursive sh -c "git config --local --name-only --get-regexp 'core\.sshCommand' && git config --local --unset-all 'core.sshCommand' || :"
2025-01-08T21:59:37.5932717Z [command]/usr/bin/git config --local --name-only --get-regexp http\.https\:\/\/github\.com\/\.extraheader
2025-01-08T21:59:37.5960433Z [command]/usr/bin/git submodule foreach --recursive sh -c "git config --local --name-only --get-regexp 'http\.https\:\/\/github\.com\/\.extraheader' && git config --local --unset-all 'http.https://github.com/.extraheader' || :"
2025-01-08T21:59:37.6182443Z [command]/usr/bin/git config --local http.https://github.com/.extraheader AUTHORIZATION: basic ***
2025-01-08T21:59:37.6226284Z ##[endgroup]
2025-01-08T21:59:37.6227294Z ##[group]Determining the default branch
2025-01-08T21:59:37.6230556Z Retrieving the default branch name
2025-01-08T21:59:37.8147622Z Default branch 'main'
2025-01-08T21:59:37.8149190Z ##[endgroup]
2025-01-08T21:59:37.8151450Z ##[group]Fetching the repository
2025-01-08T21:59:37.8156839Z [command]/usr/bin/git -c protocol.version=2 fetch --no-tags --prune --no-recurse-submodules --depth=1 origin +refs/heads/main:refs/remotes/origin/main
2025-01-08T21:59:38.0834228Z From https://github.com/tardis-sn/tardis-regression-data
2025-01-08T21:59:38.0834873Z  * [new branch]      main       -> origin/main
2025-01-08T21:59:38.0858225Z ##[endgroup]
2025-01-08T21:59:38.0858595Z ##[group]Determining the checkout info
2025-01-08T21:59:38.0860412Z ##[endgroup]
2025-01-08T21:59:38.0865640Z [command]/usr/bin/git sparse-checkout disable
2025-01-08T21:59:38.0903722Z [command]/usr/bin/git config --local --unset-all extensions.worktreeConfig
2025-01-08T21:59:38.0931556Z ##[group]Checking out the ref
2025-01-08T21:59:38.0936095Z [command]/usr/bin/git checkout --progress --force -B main refs/remotes/origin/main
2025-01-08T21:59:38.2067308Z Switched to a new branch 'main'
2025-01-08T21:59:38.2070099Z branch 'main' set up to track 'origin/main'.
2025-01-08T21:59:38.2325645Z ##[endgroup]
2025-01-08T21:59:38.2363887Z [command]/usr/bin/git log -1 --format=%H
2025-01-08T21:59:38.2387350Z 666ab8501c2b2aea30d05b8822e7ddbfca078d23
2025-01-08T21:59:38.2511183Z ##[group]Run git lfs ls-files -l | cut -d' ' -f1 | sort > .lfs-assets-id
2025-01-08T21:59:38.2511759Z [36;1mgit lfs ls-files -l | cut -d' ' -f1 | sort > .lfs-assets-id[0m
2025-01-08T21:59:38.2543065Z shell: /usr/bin/bash --noprofile --norc -e -o pipefail {0}
2025-01-08T21:59:38.2543397Z env:
2025-01-08T21:59:38.2543553Z   CACHE_NUMBER: 0
2025-01-08T21:59:38.2544145Z   PYTEST_FLAGS: --tardis-regression-data=/home/runner/work/tardis/tardis/tardis-regression-data --cov=tardis --cov-report=xml --cov-report=html --cov-append
2025-01-08T21:59:38.2544950Z   CODECOV_TOKEN: ***
2025-01-08T21:59:38.2545145Z ##[endgroup]
2025-01-08T21:59:38.3990150Z ##[group]Run actions/cache/restore@v4
2025-01-08T21:59:38.3990479Z with:
2025-01-08T21:59:38.3990718Z   path: tardis-regression-data/.git/lfs
2025-01-08T21:59:38.3991240Z   key: Linux-lfs-21f9fa4b6817cc69b9fae3598144724da7828e276a73bd17f47a2a49d9af090a-v1
2025-01-08T21:59:38.3991774Z   enableCrossOsArchive: false
2025-01-08T21:59:38.3992062Z   fail-on-cache-miss: false
2025-01-08T21:59:38.3992554Z   lookup-only: false
2025-01-08T21:59:38.3992810Z env:
2025-01-08T21:59:38.3993011Z   CACHE_NUMBER: 0
2025-01-08T21:59:38.3993783Z   PYTEST_FLAGS: --tardis-regression-data=/home/runner/work/tardis/tardis/tardis-regression-data --cov=tardis --cov-report=xml --cov-report=html --cov-append
2025-01-08T21:59:38.3994784Z   CODECOV_TOKEN: ***
2025-01-08T21:59:38.3995018Z ##[endgroup]
2025-01-08T21:59:39.6613499Z Received 343932928 of 1708418946 (20.1%), 327.3 MBs/sec
2025-01-08T21:59:40.6619337Z Received 809500672 of 1708418946 (47.4%), 385.4 MBs/sec
2025-01-08T21:59:41.6618928Z Received 1258291200 of 1708418946 (73.7%), 399.6 MBs/sec
2025-01-08T21:59:42.6632904Z Received 1631584256 of 1708418946 (95.5%), 388.6 MBs/sec
2025-01-08T21:59:42.8597732Z Cache Size: ~1629 MB (1708418946 B)
2025-01-08T21:59:42.8636815Z [command]/usr/bin/tar -xf /home/runner/work/_temp/d1987faf-e99e-47b4-9b71-373ff212e68d/cache.tzst -P -C /home/runner/work/tardis/tardis --use-compress-program unzstd
2025-01-08T21:59:43.6635822Z Received 1708418946 of 1708418946 (100.0%), 325.5 MBs/sec
2025-01-08T21:59:49.1757825Z Cache restored successfully
2025-01-08T21:59:49.5963615Z Cache restored from key: Linux-lfs-21f9fa4b6817cc69b9fae3598144724da7828e276a73bd17f47a2a49d9af090a-v1
2025-01-08T21:59:49.6127199Z ##[group]Run git lfs checkout
2025-01-08T21:59:49.6127488Z [36;1mgit lfs checkout[0m
2025-01-08T21:59:49.6155200Z shell: /usr/bin/bash --noprofile --norc -e -o pipefail {0}
2025-01-08T21:59:49.6155535Z env:
2025-01-08T21:59:49.6155729Z   CACHE_NUMBER: 0
2025-01-08T21:59:49.6156362Z   PYTEST_FLAGS: --tardis-regression-data=/home/runner/work/tardis/tardis/tardis-regression-data --cov=tardis --cov-report=xml --cov-report=html --cov-append
2025-01-08T21:59:49.6157163Z   CODECOV_TOKEN: ***
2025-01-08T21:59:49.6157373Z ##[endgroup]
2025-01-08T22:00:03.3439669Z Checking out LFS objects: 100% (204/204), 3.5 GB | 246 MB/s, done.
2025-01-08T22:00:04.8715518Z Prepare all required actions
2025-01-08T22:00:04.8715857Z Getting action download info
2025-01-08T22:00:04.9850663Z Download action repository 'mamba-org/setup-micromamba@v1' (SHA:4b9113af4fba0e9e1124b252dd6497a419e7396d)
2025-01-08T22:00:05.3481054Z ##[group]Run ./.github/actions/setup_env
2025-01-08T22:00:05.3481331Z with:
2025-01-08T22:00:05.3481518Z   os-label: linux-64
2025-01-08T22:00:05.3481705Z env:
2025-01-08T22:00:05.3481865Z   CACHE_NUMBER: 0
2025-01-08T22:00:05.3482755Z   PYTEST_FLAGS: --tardis-regression-data=/home/runner/work/tardis/tardis/tardis-regression-data --cov=tardis --cov-report=xml --cov-report=html --cov-append
2025-01-08T22:00:05.3483507Z   CODECOV_TOKEN: ***
2025-01-08T22:00:05.3483698Z ##[endgroup]
2025-01-08T22:00:05.3503076Z ##[group]Run file_hash=$(cat conda-linux-64.lock | shasum -a 256 | cut -d' ' -f1)
2025-01-08T22:00:05.3503595Z [36;1mfile_hash=$(cat conda-linux-64.lock | shasum -a 256 | cut -d' ' -f1)[0m
2025-01-08T22:00:05.3504028Z [36;1mecho "file_hash=$file_hash" >> "${GITHUB_OUTPUT}"[0m
2025-01-08T22:00:05.3529990Z shell: /usr/bin/bash --noprofile --norc -e -o pipefail {0}
2025-01-08T22:00:05.3530319Z env:
2025-01-08T22:00:05.3530495Z   CACHE_NUMBER: 0
2025-01-08T22:00:05.3531105Z   PYTEST_FLAGS: --tardis-regression-data=/home/runner/work/tardis/tardis/tardis-regression-data --cov=tardis --cov-report=xml --cov-report=html --cov-append
2025-01-08T22:00:05.3531832Z   CODECOV_TOKEN: ***
2025-01-08T22:00:05.3532029Z ##[endgroup]
2025-01-08T22:00:05.3834086Z ##[group]Run mamba-org/setup-micromamba@v1
2025-01-08T22:00:05.3834359Z with:
2025-01-08T22:00:05.3834553Z   environment-file: conda-linux-64.lock
2025-01-08T22:00:05.3834979Z   cache-environment-key: d7cd390425b0fd3cf82649dcc003efba9915fb4928f15d342148c3ccffcbe2ee
2025-01-08T22:00:05.3835556Z   cache-downloads-key: d7cd390425b0fd3cf82649dcc003efba9915fb4928f15d342148c3ccffcbe2ee
2025-01-08T22:00:05.3835979Z   environment-name: tardis
2025-01-08T22:00:05.3836197Z   cache-environment: true
2025-01-08T22:00:05.3836424Z   cache-downloads: true
2025-01-08T22:00:05.3836623Z env:
2025-01-08T22:00:05.3836789Z   CACHE_NUMBER: 0
2025-01-08T22:00:05.3837401Z   PYTEST_FLAGS: --tardis-regression-data=/home/runner/work/tardis/tardis/tardis-regression-data --cov=tardis --cov-report=xml --cov-report=html --cov-append
2025-01-08T22:00:05.3838121Z   CODECOV_TOKEN: ***
2025-01-08T22:00:05.3838323Z ##[endgroup]
2025-01-08T22:00:05.5350786Z Will download micromamba to /home/runner/micromamba-bin/micromamba
2025-01-08T22:00:05.5361909Z ##[group]Install micromamba
2025-01-08T22:00:05.8142937Z micromamba installed to /home/runner/micromamba-bin/micromamba
2025-01-08T22:00:05.8143862Z ##[endgroup]
2025-01-08T22:00:05.8144820Z Adding conda-forge to condarc channels ...
2025-01-08T22:00:05.8157754Z ##[group]Initialize micromamba for bash.
2025-01-08T22:00:05.8182380Z [command]/home/runner/micromamba-bin/micromamba shell init -s bash -r /home/runner/micromamba --log-level warning --rc-file /home/runner/work/_temp/setup-micromamba/.condarc
2025-01-08T22:00:05.8300268Z Modifying RC file "/home/runner/.bashrc"
2025-01-08T22:00:05.8301546Z Generating config for root prefix [1m"/home/runner/micromamba"[0m
2025-01-08T22:00:05.8303867Z Setting mamba executable to: [1m"/home/runner/micromamba-bin/micromamba"[0m
2025-01-08T22:00:05.8305831Z Adding (or replacing) the following in your "/home/runner/.bashrc" file
2025-01-08T22:00:05.8307639Z 
2025-01-08T22:00:05.8307833Z # >>> mamba initialize >>>
2025-01-08T22:00:05.8308375Z # !! Contents within this block are managed by 'mamba init' !!
2025-01-08T22:00:05.8309053Z export MAMBA_EXE='/home/runner/micromamba-bin/micromamba';
2025-01-08T22:00:05.8309703Z export MAMBA_ROOT_PREFIX='/home/runner/micromamba';
2025-01-08T22:00:05.8310549Z __mamba_setup="$("$MAMBA_EXE" shell hook --shell bash --root-prefix "$MAMBA_ROOT_PREFIX" 2> /dev/null)"
2025-01-08T22:00:05.8311351Z if [ $? -eq 0 ]; then
2025-01-08T22:00:05.8311753Z     eval "$__mamba_setup"
2025-01-08T22:00:05.8312127Z else
2025-01-08T22:00:05.8313154Z     alias micromamba="$MAMBA_EXE"  # Fallback on help from mamba activate
2025-01-08T22:00:05.8313806Z fi
2025-01-08T22:00:05.8314142Z unset __mamba_setup
2025-01-08T22:00:05.8314488Z # <<< mamba initialize <<<
2025-01-08T22:00:05.8314743Z 
2025-01-08T22:00:05.8320280Z Moving mamba initialize block to .bash_profile
2025-01-08T22:00:05.8334213Z ##[endgroup]
2025-01-08T22:00:05.8335312Z ##[group]Restoring downloads from `/home/runner/micromamba/pkgs` ...
2025-01-08T22:00:06.9206023Z Received 352605929 of 356800233 (98.8%), 335.9 MBs/sec
2025-01-08T22:00:06.9499930Z Cache Size: ~340 MB (356800233 B)
2025-01-08T22:00:06.9538034Z [command]/usr/bin/tar -xf /home/runner/work/_temp/e10a8a7f-953c-4e21-a0e0-b361d17aa30c/cache.tzst -P -C /home/runner/work/tardis/tardis --use-compress-program unzstd
2025-01-08T22:00:07.4011308Z Cache restored successfully
2025-01-08T22:00:07.4737772Z Restored cache with key `d7cd390425b0fd3cf82649dcc003efba9915fb4928f15d342148c3ccffcbe2ee-linux-64`
2025-01-08T22:00:07.4739236Z ##[endgroup]
2025-01-08T22:00:07.4750159Z ##[group]Restoring environment `tardis` from `/home/runner/micromamba/envs/tardis` ...
2025-01-08T22:00:07.9255368Z Received 356800233 of 356800233 (100.0%), 169.6 MBs/sec
2025-01-08T22:00:08.5269023Z Received 381681664 of 444592193 (85.8%), 364.0 MBs/sec
2025-01-08T22:00:08.6877388Z Cache Size: ~424 MB (444592193 B)
2025-01-08T22:00:08.6916652Z [command]/usr/bin/tar -xf /home/runner/work/_temp/f1d48294-3bd3-4331-b8b9-459603eb8250/cache.tzst -P -C /home/runner/work/tardis/tardis --use-compress-program unzstd
2025-01-08T22:00:09.5277108Z Received 444592193 of 444592193 (100.0%), 211.9 MBs/sec
2025-01-08T22:00:13.9821215Z Cache restored successfully
2025-01-08T22:00:14.0657463Z Restored cache with key `d7cd390425b0fd3cf82649dcc003efba9915fb4928f15d342148c3ccffcbe2ee-linux-64-tardis-args-4f53cda-root-dcc80ee-bin-[object Promise]-file-d7cd390425b0fd3cf82649dcc003efba9915fb4928f15d342148c3ccffcbe2ee`
2025-01-08T22:00:14.0659557Z ##[endgroup]
2025-01-08T22:00:14.0660015Z Adding environment tardis to auto-activate bash ...
2025-01-08T22:00:14.0669976Z Generating micromamba run shell.
2025-01-08T22:00:14.0680555Z ##[endgroup]
2025-01-08T22:00:14.0687248Z Set environment variables.
2025-01-08T22:00:14.0691380Z ##[group]micromamba info
2025-01-08T22:00:14.0694845Z [command]/home/runner/micromamba-bin/micromamba info -r /home/runner/micromamba -n tardis
2025-01-08T22:00:14.0941919Z 
2025-01-08T22:00:14.0942607Z        libmamba version : 1.5.10
2025-01-08T22:00:14.0943053Z      micromamba version : 1.5.10
2025-01-08T22:00:14.0943721Z            curl version : libcurl/8.10.1 OpenSSL/3.3.2 zlib/1.3.1 zstd/1.5.6 libssh2/1.11.0 nghttp2/1.58.0
2025-01-08T22:00:14.0944601Z      libarchive version : libarchive 3.7.4 zlib/1.2.13 bz2lib/1.0.8 libzstd/1.5.6
2025-01-08T22:00:14.0945273Z        envs directories : /home/runner/micromamba/envs
2025-01-08T22:00:14.0945815Z           package cache : /home/runner/micromamba/pkgs
2025-01-08T22:00:14.0946348Z                           /home/runner/.mamba/pkgs
2025-01-08T22:00:14.0946841Z             environment : tardis
2025-01-08T22:00:14.0947301Z            env location : /home/runner/micromamba/envs/tardis
2025-01-08T22:00:14.0948163Z       user config files : /home/runner/.mambarc
2025-01-08T22:00:14.0948657Z  populated config files : /home/runner/work/_temp/setup-micromamba/.condarc
2025-01-08T22:00:14.0949051Z        virtual packages : __unix=0=0
2025-01-08T22:00:14.0949321Z                           __linux=6.8.0=0
2025-01-08T22:00:14.0949594Z                           __glibc=2.39=0
2025-01-08T22:00:14.0949856Z                           __archspec=1=x86_64_v3
2025-01-08T22:00:14.0950214Z                channels : https://conda.anaconda.org/conda-forge/linux-64
2025-01-08T22:00:14.0950606Z                           https://conda.anaconda.org/conda-forge/noarch
2025-01-08T22:00:14.0950945Z        base environment : /home/runner/micromamba
2025-01-08T22:00:14.0951231Z                platform : linux-64
2025-01-08T22:00:14.0957570Z ##[endgroup]
2025-01-08T22:00:14.0958299Z ##[group]micromamba list
2025-01-08T22:00:14.0959244Z [command]/home/runner/micromamba-bin/micromamba list -r /home/runner/micromamba -n tardis
2025-01-08T22:00:14.4828199Z List of packages in environment: "/home/runner/micromamba/envs/tardis"
2025-01-08T22:00:14.4830115Z 
2025-01-08T22:00:14.4830487Z   Name                           Version              Build                    Channel    
2025-01-08T22:00:14.4831646Z ────────────────────────────────────────────────────────────────────────────────────────────
2025-01-08T22:00:14.4832664Z   _libgcc_mutex                  0.1                  conda_forge              conda-forge
2025-01-08T22:00:14.4833437Z   _openmp_mutex                  4.5                  2_gnu                    conda-forge
2025-01-08T22:00:14.4834214Z   alabaster                      0.7.16               pyhd8ed1ab_0             conda-forge
2025-01-08T22:00:14.4834941Z   anyio                          4.4.0                pyhd8ed1ab_0             conda-forge
2025-01-08T22:00:14.4835606Z   argon2-cffi                    23.1.0               pyhd8ed1ab_0             conda-forge
2025-01-08T22:00:14.4836307Z   argon2-cffi-bindings           21.2.0               py312h98912ed_4          conda-forge
2025-01-08T22:00:14.4837001Z   arrow                          1.3.0                pyhd8ed1ab_0             conda-forge
2025-01-08T22:00:14.4837471Z   astropy                        6.1.1                py312h085067d_0          conda-forge
2025-01-08T22:00:14.4837965Z   astropy-iers-data              0.2024.6.17.0.31.35  pyhd8ed1ab_0             conda-forge
2025-01-08T22:00:14.4838493Z   astropy-sphinx-theme           1.1                  pyhd8ed1ab_0             conda-forge
2025-01-08T22:00:14.4839082Z   asttokens                      2.4.1                pyhd8ed1ab_0             conda-forge
2025-01-08T22:00:14.4839586Z   async-lru                      2.0.4                pyhd8ed1ab_0             conda-forge
2025-01-08T22:00:14.4840015Z   atk-1.0                        2.38.0               h04ea711_2               conda-forge
2025-01-08T22:00:14.4840463Z   attrs                          23.2.0               pyh71513ae_0             conda-forge
2025-01-08T22:00:14.4840877Z   babel                          2.14.0               pyhd8ed1ab_0             conda-forge
2025-01-08T22:00:14.4841324Z   beautifulsoup4                 4.12.3               pyha770c72_0             conda-forge
2025-01-08T22:00:14.4841774Z   bleach                         6.1.0                pyhd8ed1ab_0             conda-forge
2025-01-08T22:00:14.4842197Z   blosc                          1.21.5               hc2324a3_1               conda-forge
2025-01-08T22:00:14.4842790Z   brotli                         1.1.0                hd590300_1               conda-forge
2025-01-08T22:00:14.4843211Z   brotli-bin                     1.1.0                hd590300_1               conda-forge
2025-01-08T22:00:14.4843666Z   brotli-python                  1.1.0                py312h30efb56_1          conda-forge
2025-01-08T22:00:14.4844110Z   bzip2                          1.0.8                hd590300_5               conda-forge
2025-01-08T22:00:14.4844794Z   c-ares                         1.28.1               hd590300_0               conda-forge
2025-01-08T22:00:14.4845140Z   c-blosc2                       2.14.4               hb4ffafa_1               conda-forge
2025-01-08T22:00:14.4845516Z   ca-certificates                2024.6.2             hbcca054_0               conda-forge
2025-01-08T22:00:14.4845929Z   cached-property                1.5.2                hd8ed1ab_1               conda-forge
2025-01-08T22:00:14.4846328Z   cached_property                1.5.2                pyha770c72_1             conda-forge
2025-01-08T22:00:14.4846689Z   cairo                          1.18.0               h3faef2a_0               conda-forge
2025-01-08T22:00:14.4847033Z   certifi                        2024.6.2             pyhd8ed1ab_0             conda-forge
2025-01-08T22:00:14.4847528Z   cffi                           1.16.0               py312hf06ca03_0          conda-forge
2025-01-08T22:00:14.4847910Z   charset-normalizer             3.3.2                pyhd8ed1ab_0             conda-forge
2025-01-08T22:00:14.4848294Z   click                          8.1.7                unix_pyh707e725_0        conda-forge
2025-01-08T22:00:14.4848647Z   codespell                      2.3.0                pyhd8ed1ab_0             conda-forge
2025-01-08T22:00:14.4849003Z   colorama                       0.4.6                pyhd8ed1ab_0             conda-forge
2025-01-08T22:00:14.4849341Z   comm                           0.2.2                pyhd8ed1ab_0             conda-forge
2025-01-08T22:00:14.4849680Z   commonmark                     0.9.1                py_0                     conda-forge
2025-01-08T22:00:14.4850038Z   contourpy                      1.2.1                py312h8572e83_0          conda-forge
2025-01-08T22:00:14.4850391Z   coverage                       7.5.3                py312h9a8786e_0          conda-forge
2025-01-08T22:00:14.4850742Z   cycler                         0.12.1               pyhd8ed1ab_0             conda-forge
2025-01-08T22:00:14.4851116Z   dataclasses                    0.8                  pyhc8e2a94_3             conda-forge
2025-01-08T22:00:14.4851511Z   debugpy                        1.8.1                py312h30efb56_0          conda-forge
2025-01-08T22:00:14.4851893Z   decorator                      5.1.1                pyhd8ed1ab_0             conda-forge
2025-01-08T22:00:14.4852427Z   defusedxml                     0.7.1                pyhd8ed1ab_0             conda-forge
2025-01-08T22:00:14.4852795Z   docutils                       0.20.1               py312h7900ff3_3          conda-forge
2025-01-08T22:00:14.4853144Z   dot2tex                        2.11.3               pyhd8ed1ab_0             conda-forge
2025-01-08T22:00:14.4853506Z   entrypoints                    0.4                  pyhd8ed1ab_0             conda-forge
2025-01-08T22:00:14.4853903Z   exceptiongroup                 1.2.0                pyhd8ed1ab_2             conda-forge
2025-01-08T22:00:14.4854290Z   executing                      2.0.1                pyhd8ed1ab_0             conda-forge
2025-01-08T22:00:14.4854638Z   expat                          2.6.2                h59595ed_0               conda-forge
2025-01-08T22:00:14.4855028Z   font-ttf-dejavu-sans-mono      2.37                 hab24e00_0               conda-forge
2025-01-08T22:00:14.4855465Z   font-ttf-inconsolata           3.000                h77eed37_0               conda-forge
2025-01-08T22:00:14.4855903Z   font-ttf-source-code-pro       2.038                h77eed37_0               conda-forge
2025-01-08T22:00:14.4856313Z   font-ttf-ubuntu                0.83                 h77eed37_2               conda-forge
2025-01-08T22:00:14.4856693Z   fontconfig                     2.14.2               h14ed4e7_0               conda-forge
2025-01-08T22:00:14.4857088Z   fonts-conda-ecosystem          1                    0                        conda-forge
2025-01-08T22:00:14.4857494Z   fonts-conda-forge              1                    0                        conda-forge
2025-01-08T22:00:14.4857870Z   fonttools                      4.53.0               py312h9a8786e_0          conda-forge
2025-01-08T22:00:14.4858339Z   fqdn                           1.5.1                pyhd8ed1ab_0             conda-forge
2025-01-08T22:00:14.4858680Z   freetype                       2.12.1               h267a509_2               conda-forge
2025-01-08T22:00:14.4859151Z   fribidi                        1.0.10               h36c2ea0_0               conda-forge
2025-01-08T22:00:14.4859729Z   future                         1.0.0                pyhd8ed1ab_0             conda-forge
2025-01-08T22:00:14.4860331Z   gdk-pixbuf                     2.42.12              hb9ae30d_0               conda-forge
2025-01-08T22:00:14.4861125Z   giflib                         5.2.2                hd590300_0               conda-forge
2025-01-08T22:00:14.4862056Z   git-lfs                        3.5.1                ha770c72_0               conda-forge
2025-01-08T22:00:14.4862828Z   gmp                            6.3.0                h59595ed_1               conda-forge
2025-01-08T22:00:14.4863411Z   gmpy2                          2.1.5                py312h1d5cde6_1          conda-forge
2025-01-08T22:00:14.4863948Z   graphite2                      1.3.13               h59595ed_1003            conda-forge
2025-01-08T22:00:14.4864560Z   graphviz                       11.0.0               hc68bbd7_0               conda-forge
2025-01-08T22:00:14.4865157Z   gtk2                           2.24.33              h280cfa0_4               conda-forge
2025-01-08T22:00:14.4865739Z   gts                            0.7.6                h977cf35_4               conda-forge
2025-01-08T22:00:14.4866345Z   h11                            0.14.0               pyhd8ed1ab_0             conda-forge
2025-01-08T22:00:14.4866931Z   h2                             4.1.0                pyhd8ed1ab_0             conda-forge
2025-01-08T22:00:14.4867498Z   h5py                           3.11.0               nompi_py312hb7ab980_102  conda-forge
2025-01-08T22:00:14.4868080Z   harfbuzz                       8.5.0                hfac3d4d_0               conda-forge
2025-01-08T22:00:14.4868681Z   hdf5                           1.14.3               nompi_hdf9ad27_105       conda-forge
2025-01-08T22:00:14.4869232Z   hpack                          4.0.0                pyh9f0ad1d_0             conda-forge
2025-01-08T22:00:14.4869656Z   httpcore                       1.0.5                pyhd8ed1ab_0             conda-forge
2025-01-08T22:00:14.4870380Z   httpx                          0.27.0               pyhd8ed1ab_0             conda-forge
2025-01-08T22:00:14.4870998Z   hyperframe                     6.0.1                pyhd8ed1ab_0             conda-forge
2025-01-08T22:00:14.4871537Z   icu                            73.2                 h59595ed_0               conda-forge
2025-01-08T22:00:14.4871876Z   idna                           3.7                  pyhd8ed1ab_0             conda-forge
2025-01-08T22:00:14.4872475Z   imagesize                      1.4.1                pyhd8ed1ab_0             conda-forge
2025-01-08T22:00:14.4873106Z   importlib-metadata             7.1.0                pyha770c72_0             conda-forge
2025-01-08T22:00:14.4873641Z   importlib_metadata             7.1.0                hd8ed1ab_0               conda-forge
2025-01-08T22:00:14.4874048Z   importlib_resources            6.4.0                pyhd8ed1ab_0             conda-forge
2025-01-08T22:00:14.4874430Z   iniconfig                      2.0.0                pyhd8ed1ab_0             conda-forge
2025-01-08T22:00:14.4874782Z   ipykernel                      6.29.4               pyh3099207_0             conda-forge
2025-01-08T22:00:14.4875131Z   ipython                        8.25.0               pyh707e725_0             conda-forge
2025-01-08T22:00:14.4875499Z   ipython_genutils               0.2.0                pyhd8ed1ab_1             conda-forge
2025-01-08T22:00:14.4875891Z   ipywidgets                     7.8.0                pyhd8ed1ab_0             conda-forge
2025-01-08T22:00:14.4876263Z   isoduration                    20.11.0              pyhd8ed1ab_0             conda-forge
2025-01-08T22:00:14.4876814Z   jedi                           0.19.1               pyhd8ed1ab_0             conda-forge
2025-01-08T22:00:14.4877161Z   jinja2                         3.1.4                pyhd8ed1ab_0             conda-forge
2025-01-08T22:00:14.4877508Z   json5                          0.9.25               pyhd8ed1ab_0             conda-forge
2025-01-08T22:00:14.4877865Z   jsonpointer                    3.0.0                py312h7900ff3_0          conda-forge
2025-01-08T22:00:14.4878238Z   jsonschema                     4.22.0               pyhd8ed1ab_0             conda-forge
2025-01-08T22:00:14.4878670Z   jsonschema-specifications      2023.12.1            pyhd8ed1ab_0             conda-forge
2025-01-08T22:00:14.4879277Z   jsonschema-with-format-nongpl  4.22.0               pyhd8ed1ab_0             conda-forge
2025-01-08T22:00:14.4879718Z   jupyter-lsp                    2.2.5                pyhd8ed1ab_0             conda-forge
2025-01-08T22:00:14.4880101Z   jupyter_client                 8.6.2                pyhd8ed1ab_0             conda-forge
2025-01-08T22:00:14.4880475Z   jupyter_core                   5.7.2                py312h7900ff3_0          conda-forge
2025-01-08T22:00:14.4880848Z   jupyter_events                 0.10.0               pyhd8ed1ab_0             conda-forge
2025-01-08T22:00:14.4881224Z   jupyter_server                 2.14.1               pyhd8ed1ab_0             conda-forge
2025-01-08T22:00:14.4881629Z   jupyter_server_terminals       0.5.3                pyhd8ed1ab_0             conda-forge
2025-01-08T22:00:14.4882042Z   jupyterlab                     4.2.2                pyhd8ed1ab_0             conda-forge
2025-01-08T22:00:14.4882651Z   jupyterlab_pygments            0.3.0                pyhd8ed1ab_1             conda-forge
2025-01-08T22:00:14.4883069Z   jupyterlab_server              2.27.2               pyhd8ed1ab_0             conda-forge
2025-01-08T22:00:14.4883472Z   jupyterlab_widgets             1.1.7                pyhd8ed1ab_0             conda-forge
2025-01-08T22:00:14.4883862Z   keyutils                       1.6.1                h166bdaf_0               conda-forge
2025-01-08T22:00:14.4884215Z   kiwisolver                     1.4.5                py312h8572e83_1          conda-forge
2025-01-08T22:00:14.4884554Z   krb5                           1.21.2               h659d440_0               conda-forge
2025-01-08T22:00:14.4884901Z   latexcodec                     2.0.1                pyh9f0ad1d_0             conda-forge
2025-01-08T22:00:14.4885248Z   lcms2                          2.16                 hb7c19ff_0               conda-forge
2025-01-08T22:00:14.4885596Z   ld_impl_linux-64               2.40                 hf3520f5_7               conda-forge
2025-01-08T22:00:14.4885946Z   lerc                           4.0.0                h27087fc_0               conda-forge
2025-01-08T22:00:14.4886269Z   libaec                         1.1.3                h59595ed_0               conda-forge
2025-01-08T22:00:14.4886614Z   libblas                        3.9.0                22_linux64_openblas      conda-forge
2025-01-08T22:00:14.4886988Z   libbrotlicommon                1.1.0                hd590300_1               conda-forge
2025-01-08T22:00:14.4887370Z   libbrotlidec                   1.1.0                hd590300_1               conda-forge
2025-01-08T22:00:14.4887746Z   libbrotlienc                   1.1.0                hd590300_1               conda-forge
2025-01-08T22:00:14.4888109Z   libcblas                       3.9.0                22_linux64_openblas      conda-forge
2025-01-08T22:00:14.4888457Z   libcurl                        8.8.0                hca28451_0               conda-forge
2025-01-08T22:00:14.4888802Z   libdeflate                     1.20                 hd590300_0               conda-forge
2025-01-08T22:00:14.4889167Z   libedit                        3.1.20191231         he28a2e2_2               conda-forge
2025-01-08T22:00:14.4889515Z   libev                          4.33                 hd590300_2               conda-forge
2025-01-08T22:00:14.4889976Z   libexpat                       2.6.2                h59595ed_0               conda-forge
2025-01-08T22:00:14.4890323Z   libffi                         3.4.2                h7f98852_5               conda-forge
2025-01-08T22:00:14.4890668Z   libgcc-ng                      13.2.0               h77fa898_10              conda-forge
2025-01-08T22:00:14.4891019Z   libgd                          2.3.3                h119a65a_9               conda-forge
2025-01-08T22:00:14.4891375Z   libgfortran-ng                 13.2.0               h69a702a_10              conda-forge
2025-01-08T22:00:14.4891762Z   libgfortran5                   13.2.0               h3d2ce59_10              conda-forge
2025-01-08T22:00:14.4892416Z   libglib                        2.80.2               h8a4344b_1               conda-forge
2025-01-08T22:00:14.4892776Z   libgomp                        13.2.0               h77fa898_10              conda-forge
2025-01-08T22:00:14.4893131Z   libiconv                       1.17                 hd590300_2               conda-forge
2025-01-08T22:00:14.4893495Z   libjpeg-turbo                  3.0.0                hd590300_1               conda-forge
2025-01-08T22:00:14.4893869Z   liblapack                      3.9.0                22_linux64_openblas      conda-forge
2025-01-08T22:00:14.4894244Z   libllvm14                      14.0.6               hcd5def8_4               conda-forge
2025-01-08T22:00:14.4894609Z   libnghttp2                     1.58.0               h47da74e_1               conda-forge
2025-01-08T22:00:14.4894961Z   libnsl                         2.0.1                hd590300_0               conda-forge
2025-01-08T22:00:14.4895324Z   libopenblas                    0.3.27               pthreads_h413a1c8_0      conda-forge
2025-01-08T22:00:14.4895686Z   libpng                         1.6.43               h2797004_0               conda-forge
2025-01-08T22:00:14.4896032Z   librsvg                        2.58.1               hadf69e7_0               conda-forge
2025-01-08T22:00:14.4896390Z   libsodium                      1.0.18               h36c2ea0_1               conda-forge
2025-01-08T22:00:14.4896742Z   libsqlite                      3.46.0               hde9e2c9_0               conda-forge
2025-01-08T22:00:14.4897084Z   libssh2                        1.11.0               h0841786_0               conda-forge
2025-01-08T22:00:14.4897436Z   libstdcxx-ng                   13.2.0               hc0a3c3a_10              conda-forge
2025-01-08T22:00:14.4897801Z   libtiff                        4.6.0                h1dd3fc0_3               conda-forge
2025-01-08T22:00:14.4898145Z   libuuid                        2.38.1               h0b41bf4_0               conda-forge
2025-01-08T22:00:14.4898485Z   libwebp                        1.4.0                h2c329e2_0               conda-forge
2025-01-08T22:00:14.4898840Z   libwebp-base                   1.4.0                hd590300_0               conda-forge
2025-01-08T22:00:14.4899191Z   libxcb                         1.15                 h0b41bf4_0               conda-forge
2025-01-08T22:00:14.4899532Z   libxcrypt                      4.4.36               hd590300_1               conda-forge
2025-01-08T22:00:14.4899879Z   libxml2                        2.12.7               hc051c1a_1               conda-forge
2025-01-08T22:00:14.4900219Z   libxslt                        1.1.39               h76b75d6_0               conda-forge
2025-01-08T22:00:14.4900555Z   libzlib                        1.3.1                h4ab18f5_1               conda-forge
2025-01-08T22:00:14.4900903Z   llvmlite                       0.42.0               py312hb06c811_1          conda-forge
2025-01-08T22:00:14.4901245Z   lxml                           5.2.2                py312hb90d8a5_0          conda-forge
2025-01-08T22:00:14.4901573Z   lz4-c                          1.9.4                hcb278e6_0               conda-forge
2025-01-08T22:00:14.4901914Z   lzo                            2.10                 hd590300_1001            conda-forge
2025-01-08T22:00:14.4902998Z   markupsafe                     2.1.5                py312h98912ed_0          conda-forge
2025-01-08T22:00:14.4903728Z   matplotlib-base                3.8.4                py312h20ab3a6_2          conda-forge
2025-01-08T22:00:14.4904234Z   matplotlib-inline              0.1.7                pyhd8ed1ab_0             conda-forge
2025-01-08T22:00:14.4904613Z   mistune                        3.0.2                pyhd8ed1ab_0             conda-forge
2025-01-08T22:00:14.4904945Z   mpc                            1.3.1                hfe3b2da_0               conda-forge
2025-01-08T22:00:14.4905262Z   mpfr                           4.2.1                h9458935_1               conda-forge
2025-01-08T22:00:14.4905580Z   mpmath                         1.3.0                pyhd8ed1ab_0             conda-forge
2025-01-08T22:00:14.4906319Z   munkres                        1.1.4                pyh9f0ad1d_0             conda-forge
2025-01-08T22:00:14.4906746Z   mypy_extensions                1.0.0                pyha770c72_0             conda-forge
2025-01-08T22:00:14.4907134Z   nbclassic                      1.1.0                pyhd8ed1ab_0             conda-forge
2025-01-08T22:00:14.4907484Z   nbclient                       0.10.0               pyhd8ed1ab_0             conda-forge
2025-01-08T22:00:14.4907839Z   nbconvert                      7.16.4               hd8ed1ab_1               conda-forge
2025-01-08T22:00:14.4908216Z   nbconvert-core                 7.16.4               pyhd8ed1ab_1             conda-forge
2025-01-08T22:00:14.4908625Z   nbconvert-pandoc               7.16.4               hd8ed1ab_1               conda-forge
2025-01-08T22:00:14.4909251Z   nbformat                       5.10.4               pyhd8ed1ab_0             conda-forge
2025-01-08T22:00:14.4909780Z   nbsphinx                       0.9.4                pyhd8ed1ab_0             conda-forge
2025-01-08T22:00:14.4910266Z   ncurses                        6.5                  h59595ed_0               conda-forge
2025-01-08T22:00:14.4910743Z   nest-asyncio                   1.6.0                pyhd8ed1ab_0             conda-forge
2025-01-08T22:00:14.4911182Z   networkx                       3.3                  pyhd8ed1ab_1             conda-forge
2025-01-08T22:00:14.4911670Z   nomkl                          1.0                  h5ca1d4c_0               conda-forge
2025-01-08T22:00:14.4912118Z   notebook                       7.2.1                pyhd8ed1ab_0             conda-forge
2025-01-08T22:00:14.4976064Z   notebook-shim                  0.2.4                pyhd8ed1ab_0             conda-forge
2025-01-08T22:00:14.4976691Z   numba                          0.59.1               py312hacefee8_0          conda-forge
2025-01-08T22:00:14.4977326Z   numexpr                        2.10.0               py312hf412c99_100        conda-forge
2025-01-08T22:00:14.4977898Z   numpy                          1.26.4               py312heda63a1_0          conda-forge
2025-01-08T22:00:14.4978251Z   numpydoc                       1.7.0                pyhd8ed1ab_1             conda-forge
2025-01-08T22:00:14.4978627Z   openjpeg                       2.5.2                h488ebb8_0               conda-forge
2025-01-08T22:00:14.4978996Z   openssl                        3.3.1                h4ab18f5_0               conda-forge
2025-01-08T22:00:14.4979353Z   overrides                      7.7.0                pyhd8ed1ab_0             conda-forge
2025-01-08T22:00:14.4979730Z   packaging                      24.1                 pyhd8ed1ab_0             conda-forge
2025-01-08T22:00:14.4980090Z   pandas                         2.2.2                py312h1d6d2e6_1          conda-forge
2025-01-08T22:00:14.4980456Z   pandoc                         3.2                  ha770c72_0               conda-forge
2025-01-08T22:00:14.4980818Z   pandocfilters                  1.5.0                pyhd8ed1ab_0             conda-forge
2025-01-08T22:00:14.4981177Z   pango                          1.54.0               h84a9a3c_0               conda-forge
2025-01-08T22:00:14.4981708Z   parso                          0.8.4                pyhd8ed1ab_0             conda-forge
2025-01-08T22:00:14.4982050Z   pathspec                       0.12.1               pyhd8ed1ab_0             conda-forge
2025-01-08T22:00:14.4982607Z   pbr                            6.0.0                pyhd8ed1ab_0             conda-forge
2025-01-08T22:00:14.4982946Z   pcre2                          10.44                h0f59acf_0               conda-forge
2025-01-08T22:00:14.4983288Z   pexpect                        4.9.0                pyhd8ed1ab_0             conda-forge
2025-01-08T22:00:14.4983646Z   pickleshare                    0.7.5                py_1003                  conda-forge
2025-01-08T22:00:14.4983995Z   pillow                         10.3.0               py312hdcec9eb_0          conda-forge
2025-01-08T22:00:14.4984439Z   pip                            24.0                 pyhd8ed1ab_0             conda-forge
2025-01-08T22:00:14.4984772Z   pixman                         0.43.2               h59595ed_0               conda-forge
2025-01-08T22:00:14.4985169Z   pkgutil-resolve-name           1.3.10               pyhd8ed1ab_1             conda-forge
2025-01-08T22:00:14.4985570Z   platformdirs                   4.2.2                pyhd8ed1ab_0             conda-forge
2025-01-08T22:00:14.4985928Z   plotly                         5.22.0               pyhd8ed1ab_0             conda-forge
2025-01-08T22:00:14.4986265Z   pluggy                         1.5.0                pyhd8ed1ab_0             conda-forge
2025-01-08T22:00:14.4986636Z   prometheus_client              0.20.0               pyhd8ed1ab_0             conda-forge
2025-01-08T22:00:14.4987325Z   prompt-toolkit                 3.0.47               pyha770c72_0             conda-forge
2025-01-08T22:00:14.4987994Z   psutil                         5.9.8                py312h98912ed_0          conda-forge
2025-01-08T22:00:14.4988601Z   pthread-stubs                  0.4                  h36c2ea0_1001            conda-forge
2025-01-08T22:00:14.4989228Z   ptyprocess                     0.7.0                pyhd3deb0d_0             conda-forge
2025-01-08T22:00:14.4989600Z   pure_eval                      0.2.2                pyhd8ed1ab_0             conda-forge
2025-01-08T22:00:14.4989960Z   py-cpuinfo                     9.0.0                pyhd8ed1ab_0             conda-forge
2025-01-08T22:00:14.4990315Z   pybtex                         0.24.0               pyhd8ed1ab_2             conda-forge
2025-01-08T22:00:14.4990688Z   pybtex-docutils                1.0.3                py312h7900ff3_1          conda-forge
2025-01-08T22:00:14.4991067Z   pycparser                      2.22                 pyhd8ed1ab_0             conda-forge
2025-01-08T22:00:14.4991420Z   pyerfa                         2.0.1.4              py312h085067d_1          conda-forge
2025-01-08T22:00:14.4991780Z   pygments                       2.18.0               pyhd8ed1ab_0             conda-forge
2025-01-08T22:00:14.4992141Z   pygraphviz                     1.13                 py312h4a1d8a7_1          conda-forge
2025-01-08T22:00:14.4992709Z   pyparsing                      3.1.2                pyhd8ed1ab_0             conda-forge
2025-01-08T22:00:14.4993066Z   pysocks                        1.7.1                pyha2e5f31_6             conda-forge
2025-01-08T22:00:14.4993417Z   pytables                       3.9.2                py312h96d95ec_2          conda-forge
2025-01-08T22:00:14.4993768Z   pytest                         8.2.2                pyhd8ed1ab_0             conda-forge
2025-01-08T22:00:14.4994119Z   pytest-cov                     5.0.0                pyhd8ed1ab_0             conda-forge
2025-01-08T22:00:14.4994519Z   pytest-doctestplus             1.2.1                pyhd8ed1ab_0             conda-forge
2025-01-08T22:00:14.4994921Z   pytest-html                    4.1.1                pyhd8ed1ab_0             conda-forge
2025-01-08T22:00:14.4995301Z   pytest-metadata                3.1.1                pyhd8ed1ab_0             conda-forge
2025-01-08T22:00:14.4995829Z   python                         3.12.4               h194c7f8_0_cpython       conda-forge
2025-01-08T22:00:14.4996205Z   python-dateutil                2.9.0                pyhd8ed1ab_0             conda-forge
2025-01-08T22:00:14.4996624Z   python-fastjsonschema          2.20.0               pyhd8ed1ab_0             conda-forge
2025-01-08T22:00:14.4997053Z   python-json-logger             2.0.7                pyhd8ed1ab_0             conda-forge
2025-01-08T22:00:14.4997464Z   python-tzdata                  2024.1               pyhd8ed1ab_0             conda-forge
2025-01-08T22:00:14.4997842Z   python_abi                     3.12                 4_cp312                  conda-forge
2025-01-08T22:00:14.4998190Z   pytz                           2024.1               pyhd8ed1ab_0             conda-forge
2025-01-08T22:00:14.4998634Z   pyyaml                         6.0.1                py312h98912ed_1          conda-forge
2025-01-08T22:00:14.4998973Z   pyzmq                          26.0.3               py312h8fd38d8_0          conda-forge
2025-01-08T22:00:14.4999326Z   qgrid                          1.3.1                pyhd8ed1ab_4             conda-forge
2025-01-08T22:00:14.4999696Z   radioactivedecay               0.5.1                pyhd8ed1ab_0             conda-forge
2025-01-08T22:00:14.5000070Z   readline                       8.2                  h8228510_1               conda-forge
2025-01-08T22:00:14.5000425Z   recommonmark                   0.7.1                pyhd8ed1ab_0             conda-forge
2025-01-08T22:00:14.5000800Z   referencing                    0.35.1               pyhd8ed1ab_0             conda-forge
2025-01-08T22:00:14.5001159Z   requests                       2.32.3               pyhd8ed1ab_0             conda-forge
2025-01-08T22:00:14.5001542Z   rfc3339-validator              0.1.4                pyhd8ed1ab_0             conda-forge
2025-01-08T22:00:14.5001950Z   rfc3986-validator              0.1.1                pyh9f0ad1d_0             conda-forge
2025-01-08T22:00:14.5002546Z   rpds-py                        0.18.1               py312h4413252_0          conda-forge
2025-01-08T22:00:14.5002942Z   ruff                           0.4.9                py312h5715c7c_0          conda-forge
2025-01-08T22:00:14.5003276Z   scipy                          1.13.1               py312hc2bc53b_0          conda-forge
2025-01-08T22:00:14.5003626Z   send2trash                     1.8.3                pyh0d859eb_0             conda-forge
2025-01-08T22:00:14.5003992Z   setuptools                     70.0.0               pyhd8ed1ab_0             conda-forge
2025-01-08T22:00:14.5004377Z   setuptools-scm                 8.1.0                pyhd8ed1ab_0             conda-forge
2025-01-08T22:00:14.5004781Z   setuptools_scm                 8.1.0                hd8ed1ab_0               conda-forge
2025-01-08T22:00:14.5005141Z   six                            1.16.0               pyh6c4a22f_0             conda-forge
2025-01-08T22:00:14.5005479Z   snakeviz                       2.2.0                pyhd8ed1ab_0             conda-forge
2025-01-08T22:00:14.5005827Z   snappy                         1.2.0                hdb0a2a9_1               conda-forge
2025-01-08T22:00:14.5006169Z   sniffio                        1.3.1                pyhd8ed1ab_0             conda-forge
2025-01-08T22:00:14.5006543Z   snowballstemmer                2.2.0                pyhd8ed1ab_0             conda-forge
2025-01-08T22:00:14.5006917Z   soupsieve                      2.5                  pyhd8ed1ab_1             conda-forge
2025-01-08T22:00:14.5007268Z   sphinx                         7.3.7                pyhd8ed1ab_0             conda-forge
2025-01-08T22:00:14.5007632Z   sphinx-astropy                 1.9.1                pyhd8ed1ab_0             conda-forge
2025-01-08T22:00:14.5008050Z   sphinx-automodapi              0.17.0               pyh717bed2_1             conda-forge
2025-01-08T22:00:14.5008453Z   sphinx-gallery                 0.16.0               pyhd8ed1ab_0             conda-forge
2025-01-08T22:00:14.5008994Z   sphinx-jsonschema              1.19.1               pyhd8ed1ab_0             conda-forge
2025-01-08T22:00:14.5009405Z   sphinx_bootstrap_theme         0.8.1                pyhd8ed1ab_0             conda-forge
2025-01-08T22:00:14.5009805Z   sphinx_rtd_theme               2.0.0                pyha770c72_0             conda-forge
2025-01-08T22:00:14.5010207Z   sphinxcontrib-apidoc           0.3.0                py_1                     conda-forge
2025-01-08T22:00:14.5010646Z   sphinxcontrib-applehelp        1.0.8                pyhd8ed1ab_0             conda-forge
2025-01-08T22:00:14.5011092Z   sphinxcontrib-bibtex           2.6.2                pyhd8ed1ab_0             conda-forge
2025-01-08T22:00:14.5011528Z   sphinxcontrib-devhelp          1.0.6                pyhd8ed1ab_0             conda-forge
2025-01-08T22:00:14.5012096Z   sphinxcontrib-htmlhelp         2.0.5                pyhd8ed1ab_0             conda-forge
2025-01-08T22:00:14.5012784Z   sphinxcontrib-jquery           4.1                  pyhd8ed1ab_0             conda-forge
2025-01-08T22:00:14.5013242Z   sphinxcontrib-jsmath           1.0.1                pyhd8ed1ab_0             conda-forge
2025-01-08T22:00:14.5013678Z   sphinxcontrib-qthelp           1.0.7                pyhd8ed1ab_0             conda-forge
2025-01-08T22:00:14.5014148Z   sphinxcontrib-serializinghtml  1.1.10               pyhd8ed1ab_0             conda-forge
2025-01-08T22:00:14.5014585Z   stack_data                     0.6.2                pyhd8ed1ab_0             conda-forge
2025-01-08T22:00:14.5014947Z   sympy                          1.12.1               pypyh2585a3b_103         conda-forge
2025-01-08T22:00:14.5015296Z   tabulate                       0.9.0                pyhd8ed1ab_1             conda-forge
2025-01-08T22:00:14.5015652Z   tenacity                       8.4.1                pyhd8ed1ab_0             conda-forge
2025-01-08T22:00:14.5016018Z   terminado                      0.18.1               pyh0d859eb_0             conda-forge
2025-01-08T22:00:14.5016382Z   tinycss2                       1.3.0                pyhd8ed1ab_0             conda-forge
2025-01-08T22:00:14.5016720Z   tk                             8.6.13               noxft_h4845f30_101       conda-forge
2025-01-08T22:00:14.5017039Z   toml                           0.10.2               pyhd8ed1ab_0             conda-forge
2025-01-08T22:00:14.5017379Z   tomli                          2.0.1                pyhd8ed1ab_0             conda-forge
2025-01-08T22:00:14.5017721Z   tornado                        6.4.1                py312h9a8786e_0          conda-forge
2025-01-08T22:00:14.5018059Z   tqdm                           4.66.4               pyhd8ed1ab_0             conda-forge
2025-01-08T22:00:14.5018402Z   traitlets                      5.14.3               pyhd8ed1ab_0             conda-forge
2025-01-08T22:00:14.5018763Z   typed-ast                      1.5.5                py312h98912ed_1          conda-forge
2025-01-08T22:00:14.5019175Z   types-python-dateutil          2.9.0.20240316       pyhd8ed1ab_0             conda-forge
2025-01-08T22:00:14.5019616Z   typing-extensions              4.12.2               hd8ed1ab_0               conda-forge
2025-01-08T22:00:14.5020028Z   typing_extensions              4.12.2               pyha770c72_0             conda-forge
2025-01-08T22:00:14.5020419Z   typing_utils                   0.1.0                pyhd8ed1ab_0             conda-forge
2025-01-08T22:00:14.5020779Z   tzdata                         2024a                h0c530f3_0               conda-forge
2025-01-08T22:00:14.5021146Z   uri-template                   1.3.0                pyhd8ed1ab_0             conda-forge
2025-01-08T22:00:14.5021510Z   urllib3                        2.2.2                pyhd8ed1ab_0             conda-forge
2025-01-08T22:00:14.5021859Z   wcwidth                        0.2.13               pyhd8ed1ab_0             conda-forge
2025-01-08T22:00:14.5022394Z   webcolors                      24.6.0               pyhd8ed1ab_0             conda-forge
2025-01-08T22:00:14.5022798Z   webencodings                   0.5.1                pyhd8ed1ab_2             conda-forge
2025-01-08T22:00:14.5023333Z   websocket-client               1.8.0                pyhd8ed1ab_0             conda-forge
2025-01-08T22:00:14.5023712Z   wheel                          0.43.0               pyhd8ed1ab_1             conda-forge
2025-01-08T22:00:14.5024093Z   widgetsnbextension             3.6.6                pyhd8ed1ab_0             conda-forge
2025-01-08T22:00:14.5024492Z   xorg-kbproto                   1.0.7                h7f98852_1002            conda-forge
2025-01-08T22:00:14.5024858Z   xorg-libice                    1.1.1                hd590300_0               conda-forge
2025-01-08T22:00:14.5025221Z   xorg-libsm                     1.2.4                h7391055_0               conda-forge
2025-01-08T22:00:14.5025702Z   xorg-libx11                    1.8.9                h8ee46fc_0               conda-forge
2025-01-08T22:00:14.5026075Z   xorg-libxau                    1.0.11               hd590300_0               conda-forge
2025-01-08T22:00:14.5026449Z   xorg-libxdmcp                  1.1.3                h7f98852_0               conda-forge
2025-01-08T22:00:14.5026821Z   xorg-libxext                   1.3.4                h0b41bf4_2               conda-forge
2025-01-08T22:00:14.5027207Z   xorg-libxrender                0.9.11               hd590300_0               conda-forge
2025-01-08T22:00:14.5027600Z   xorg-renderproto               0.11.1               h7f98852_1002            conda-forge
2025-01-08T22:00:14.5027994Z   xorg-xextproto                 7.3.0                h0b41bf4_1003            conda-forge
2025-01-08T22:00:14.5028375Z   xorg-xproto                    7.0.31               h7f98852_1007            conda-forge
2025-01-08T22:00:14.5028718Z   xz                             5.2.6                h166bdaf_0               conda-forge
2025-01-08T22:00:14.5029039Z   yaml                           0.2.5                h7f98852_2               conda-forge
2025-01-08T22:00:14.5029369Z   zeromq                         4.3.5                h75354e8_4               conda-forge
2025-01-08T22:00:14.5029714Z   zipp                           3.19.2               pyhd8ed1ab_0             conda-forge
2025-01-08T22:00:14.5030043Z   zlib                           1.3.1                h4ab18f5_1               conda-forge
2025-01-08T22:00:14.5030376Z   zlib-ng                        2.0.7                h0b41bf4_0               conda-forge
2025-01-08T22:00:14.5030707Z   zstd                           1.5.6                ha6fb4c9_0               conda-forge
2025-01-08T22:00:14.5031211Z ##[endgroup]
2025-01-08T22:00:14.5061673Z ##[group]Run pip install -e . --user
2025-01-08T22:00:14.5061994Z [36;1mpip install -e . --user[0m
2025-01-08T22:00:14.5090560Z shell: /usr/bin/bash -l {0}
2025-01-08T22:00:14.5090801Z env:
2025-01-08T22:00:14.5090979Z   CACHE_NUMBER: 0
2025-01-08T22:00:14.5091600Z   PYTEST_FLAGS: --tardis-regression-data=/home/runner/work/tardis/tardis/tardis-regression-data --cov=tardis --cov-report=xml --cov-report=html --cov-append
2025-01-08T22:00:14.5092529Z   CODECOV_TOKEN: ***
2025-01-08T22:00:14.5092761Z   MAMBA_ROOT_PREFIX: /home/runner/micromamba
2025-01-08T22:00:14.5093066Z   MAMBA_EXE: /home/runner/micromamba-bin/micromamba
2025-01-08T22:00:14.5093413Z   CONDARC: /home/runner/work/_temp/setup-micromamba/.condarc
2025-01-08T22:00:14.5093718Z ##[endgroup]
2025-01-08T22:00:15.2087437Z Obtaining file:///home/runner/work/tardis/tardis
2025-01-08T22:00:15.2115262Z   Installing build dependencies: started
2025-01-08T22:00:17.8896559Z   Installing build dependencies: finished with status 'done'
2025-01-08T22:00:17.8902804Z   Checking if build backend supports build_editable: started
2025-01-08T22:00:18.0084938Z   Checking if build backend supports build_editable: finished with status 'done'
2025-01-08T22:00:18.0092041Z   Getting requirements to build editable: started
2025-01-08T22:00:18.4501721Z   Getting requirements to build editable: finished with status 'done'
2025-01-08T22:00:18.4511043Z   Preparing editable metadata (pyproject.toml): started
2025-01-08T22:00:18.8936966Z   Preparing editable metadata (pyproject.toml): finished with status 'done'
2025-01-08T22:00:18.9541227Z Requirement already satisfied: astropy in /home/runner/micromamba/envs/tardis/lib/python3.12/site-packages (from tardis==0.0.0) (6.1.1)
2025-01-08T22:00:18.9927534Z Requirement already satisfied: numpy>=1.23 in /home/runner/micromamba/envs/tardis/lib/python3.12/site-packages (from astropy->tardis==0.0.0) (1.26.4)
2025-01-08T22:00:18.9936804Z Requirement already satisfied: pyerfa>=2.0.1.1 in /home/runner/micromamba/envs/tardis/lib/python3.12/site-packages (from astropy->tardis==0.0.0) (2.0.1.4)
2025-01-08T22:00:18.9946942Z Requirement already satisfied: astropy-iers-data>=0.2024.5.27.0.30.8 in /home/runner/micromamba/envs/tardis/lib/python3.12/site-packages (from astropy->tardis==0.0.0) (0.2024.6.17.0.31.35)
2025-01-08T22:00:18.9955289Z Requirement already satisfied: PyYAML>=3.13 in /home/runner/micromamba/envs/tardis/lib/python3.12/site-packages (from astropy->tardis==0.0.0) (6.0.1)
2025-01-08T22:00:18.9964868Z Requirement already satisfied: packaging>=19.0 in /home/runner/micromamba/envs/tardis/lib/python3.12/site-packages (from astropy->tardis==0.0.0) (24.1)
2025-01-08T22:00:19.0052852Z Building wheels for collected packages: tardis
2025-01-08T22:00:19.0061378Z   Building editable for tardis (pyproject.toml): started
2025-01-08T22:00:19.7702853Z   Building editable for tardis (pyproject.toml): finished with status 'done'
2025-01-08T22:00:19.7709176Z   Created wheel for tardis: filename=tardis-0.0.0-0.editable-py3-none-any.whl size=8878 sha256=542c6998d20490c2d0c4bff41d762c6d8e3feeead9c5b53567a645121b941310
2025-01-08T22:00:19.7710496Z   Stored in directory: /tmp/pip-ephem-wheel-cache-xchxc95c/wheels/6a/c7/ae/89fa6dc2565455898176888ef0e2e475e4e90eb0124afcb995
2025-01-08T22:00:19.7736677Z Successfully built tardis
2025-01-08T22:00:20.5493191Z Installing collected packages: tardis
2025-01-08T22:00:20.5610852Z Successfully installed tardis-0.0.0
2025-01-08T22:00:20.7849145Z ##[group]Run pip install qgridnext
2025-01-08T22:00:20.7849461Z [36;1mpip install qgridnext[0m
2025-01-08T22:00:20.7875735Z shell: /usr/bin/bash -l {0}
2025-01-08T22:00:20.7875973Z env:
2025-01-08T22:00:20.7876147Z   CACHE_NUMBER: 0
2025-01-08T22:00:20.7876761Z   PYTEST_FLAGS: --tardis-regression-data=/home/runner/work/tardis/tardis/tardis-regression-data --cov=tardis --cov-report=xml --cov-report=html --cov-append
2025-01-08T22:00:20.7877569Z   CODECOV_TOKEN: ***
2025-01-08T22:00:20.7877810Z   MAMBA_ROOT_PREFIX: /home/runner/micromamba
2025-01-08T22:00:20.7878113Z   MAMBA_EXE: /home/runner/micromamba-bin/micromamba
2025-01-08T22:00:20.7878467Z   CONDARC: /home/runner/work/_temp/setup-micromamba/.condarc
2025-01-08T22:00:20.7878774Z ##[endgroup]
2025-01-08T22:00:21.3778848Z Collecting qgridnext
2025-01-08T22:00:21.3939586Z   Downloading qgridnext-2.0.4-py3-none-any.whl.metadata (9.9 kB)
2025-01-08T22:00:21.4030031Z Requirement already satisfied: pandas>=0.20.0 in /home/runner/micromamba/envs/tardis/lib/python3.12/site-packages (from qgridnext) (2.2.2)
2025-01-08T22:00:21.4039585Z Requirement already satisfied: ipywidgets>=7.0.0 in /home/runner/micromamba/envs/tardis/lib/python3.12/site-packages (from qgridnext) (7.8.0)
2025-01-08T22:00:21.4049468Z Requirement already satisfied: numpy in /home/runner/micromamba/envs/tardis/lib/python3.12/site-packages (from qgridnext) (1.26.4)
2025-01-08T22:00:21.4060124Z Requirement already satisfied: traitlets in /home/runner/micromamba/envs/tardis/lib/python3.12/site-packages (from qgridnext) (5.14.3)
2025-01-08T22:00:21.4144911Z Requirement already satisfied: comm>=0.1.3 in /home/runner/micromamba/envs/tardis/lib/python3.12/site-packages (from ipywidgets>=7.0.0->qgridnext) (0.2.2)
2025-01-08T22:00:21.4155282Z Requirement already satisfied: ipython-genutils~=0.2.0 in /home/runner/micromamba/envs/tardis/lib/python3.12/site-packages (from ipywidgets>=7.0.0->qgridnext) (0.2.0)
2025-01-08T22:00:21.4169067Z Requirement already satisfied: widgetsnbextension~=3.6.5 in /home/runner/micromamba/envs/tardis/lib/python3.12/site-packages (from ipywidgets>=7.0.0->qgridnext) (3.6.6)
2025-01-08T22:00:21.4187514Z Requirement already satisfied: ipython>=4.0.0 in /home/runner/micromamba/envs/tardis/lib/python3.12/site-packages (from ipywidgets>=7.0.0->qgridnext) (8.25.0)
2025-01-08T22:00:21.4202777Z Requirement already satisfied: jupyterlab-widgets<3,>=1.0.0 in /home/runner/micromamba/envs/tardis/lib/python3.12/site-packages (from ipywidgets>=7.0.0->qgridnext) (1.1.7)
2025-01-08T22:00:21.4652029Z Requirement already satisfied: python-dateutil>=2.8.2 in /home/runner/micromamba/envs/tardis/lib/python3.12/site-packages (from pandas>=0.20.0->qgridnext) (2.9.0)
2025-01-08T22:00:21.4669557Z Requirement already satisfied: pytz>=2020.1 in /home/runner/micromamba/envs/tardis/lib/python3.12/site-packages (from pandas>=0.20.0->qgridnext) (2024.1)
2025-01-08T22:00:21.4680817Z Requirement already satisfied: tzdata>=2022.7 in /home/runner/micromamba/envs/tardis/lib/python3.12/site-packages (from pandas>=0.20.0->qgridnext) (2024.1)
2025-01-08T22:00:21.5142027Z Requirement already satisfied: decorator in /home/runner/micromamba/envs/tardis/lib/python3.12/site-packages (from ipython>=4.0.0->ipywidgets>=7.0.0->qgridnext) (5.1.1)
2025-01-08T22:00:21.5157305Z Requirement already satisfied: jedi>=0.16 in /home/runner/micromamba/envs/tardis/lib/python3.12/site-packages (from ipython>=4.0.0->ipywidgets>=7.0.0->qgridnext) (0.19.1)
2025-01-08T22:00:21.5166258Z Requirement already satisfied: matplotlib-inline in /home/runner/micromamba/envs/tardis/lib/python3.12/site-packages (from ipython>=4.0.0->ipywidgets>=7.0.0->qgridnext) (0.1.7)
2025-01-08T22:00:21.5177799Z Requirement already satisfied: prompt-toolkit<3.1.0,>=3.0.41 in /home/runner/micromamba/envs/tardis/lib/python3.12/site-packages (from ipython>=4.0.0->ipywidgets>=7.0.0->qgridnext) (3.0.47)
2025-01-08T22:00:21.5187544Z Requirement already satisfied: pygments>=2.4.0 in /home/runner/micromamba/envs/tardis/lib/python3.12/site-packages (from ipython>=4.0.0->ipywidgets>=7.0.0->qgridnext) (2.18.0)
2025-01-08T22:00:21.5198301Z Requirement already satisfied: stack-data in /home/runner/micromamba/envs/tardis/lib/python3.12/site-packages (from ipython>=4.0.0->ipywidgets>=7.0.0->qgridnext) (0.6.2)
2025-01-08T22:00:21.5217889Z Requirement already satisfied: pexpect>4.3 in /home/runner/micromamba/envs/tardis/lib/python3.12/site-packages (from ipython>=4.0.0->ipywidgets>=7.0.0->qgridnext) (4.9.0)
2025-01-08T22:00:21.5265920Z Requirement already satisfied: six>=1.5 in /home/runner/micromamba/envs/tardis/lib/python3.12/site-packages (from python-dateutil>=2.8.2->pandas>=0.20.0->qgridnext) (1.16.0)
2025-01-08T22:00:21.5323757Z Requirement already satisfied: notebook>=4.4.1 in /home/runner/micromamba/envs/tardis/lib/python3.12/site-packages (from widgetsnbextension~=3.6.5->ipywidgets>=7.0.0->qgridnext) (7.2.1)
2025-01-08T22:00:21.5510515Z Requirement already satisfied: parso<0.9.0,>=0.8.3 in /home/runner/micromamba/envs/tardis/lib/python3.12/site-packages (from jedi>=0.16->ipython>=4.0.0->ipywidgets>=7.0.0->qgridnext) (0.8.4)
2025-01-08T22:00:21.5654354Z Requirement already satisfied: jupyter-server<3,>=2.4.0 in /home/runner/micromamba/envs/tardis/lib/python3.12/site-packages (from notebook>=4.4.1->widgetsnbextension~=3.6.5->ipywidgets>=7.0.0->qgridnext) (2.14.1)
2025-01-08T22:00:21.5668301Z Requirement already satisfied: jupyterlab-server<3,>=2.27.1 in /home/runner/micromamba/envs/tardis/lib/python3.12/site-packages (from notebook>=4.4.1->widgetsnbextension~=3.6.5->ipywidgets>=7.0.0->qgridnext) (2.27.2)
2025-01-08T22:00:21.5684083Z Requirement already satisfied: jupyterlab<4.3,>=4.2.0 in /home/runner/micromamba/envs/tardis/lib/python3.12/site-packages (from notebook>=4.4.1->widgetsnbextension~=3.6.5->ipywidgets>=7.0.0->qgridnext) (4.2.2)
2025-01-08T22:00:21.5695161Z Requirement already satisfied: notebook-shim<0.3,>=0.2 in /home/runner/micromamba/envs/tardis/lib/python3.12/site-packages (from notebook>=4.4.1->widgetsnbextension~=3.6.5->ipywidgets>=7.0.0->qgridnext) (0.2.4)
2025-01-08T22:00:21.5704276Z Requirement already satisfied: tornado>=6.2.0 in /home/runner/micromamba/envs/tardis/lib/python3.12/site-packages (from notebook>=4.4.1->widgetsnbextension~=3.6.5->ipywidgets>=7.0.0->qgridnext) (6.4.1)
2025-01-08T22:00:21.5734489Z Requirement already satisfied: ptyprocess>=0.5 in /home/runner/micromamba/envs/tardis/lib/python3.12/site-packages (from pexpect>4.3->ipython>=4.0.0->ipywidgets>=7.0.0->qgridnext) (0.7.0)
2025-01-08T22:00:21.5764247Z Requirement already satisfied: wcwidth in /home/runner/micromamba/envs/tardis/lib/python3.12/site-packages (from prompt-toolkit<3.1.0,>=3.0.41->ipython>=4.0.0->ipywidgets>=7.0.0->qgridnext) (0.2.13)
2025-01-08T22:00:21.5900633Z Requirement already satisfied: executing>=1.2.0 in /home/runner/micromamba/envs/tardis/lib/python3.12/site-packages (from stack-data->ipython>=4.0.0->ipywidgets>=7.0.0->qgridnext) (2.0.1)
2025-01-08T22:00:21.5913733Z Requirement already satisfied: asttokens>=2.1.0 in /home/runner/micromamba/envs/tardis/lib/python3.12/site-packages (from stack-data->ipython>=4.0.0->ipywidgets>=7.0.0->qgridnext) (2.4.1)
2025-01-08T22:00:21.5922115Z Requirement already satisfied: pure-eval in /home/runner/micromamba/envs/tardis/lib/python3.12/site-packages (from stack-data->ipython>=4.0.0->ipywidgets>=7.0.0->qgridnext) (0.2.2)
2025-01-08T22:00:21.6258513Z Requirement already satisfied: anyio>=3.1.0 in /home/runner/micromamba/envs/tardis/lib/python3.12/site-packages (from jupyter-server<3,>=2.4.0->notebook>=4.4.1->widgetsnbextension~=3.6.5->ipywidgets>=7.0.0->qgridnext) (4.4.0)
2025-01-08T22:00:21.6269403Z Requirement already satisfied: argon2-cffi>=21.1 in /home/runner/micromamba/envs/tardis/lib/python3.12/site-packages (from jupyter-server<3,>=2.4.0->notebook>=4.4.1->widgetsnbextension~=3.6.5->ipywidgets>=7.0.0->qgridnext) (23.1.0)
2025-01-08T22:00:21.6278960Z Requirement already satisfied: jinja2>=3.0.3 in /home/runner/micromamba/envs/tardis/lib/python3.12/site-packages (from jupyter-server<3,>=2.4.0->notebook>=4.4.1->widgetsnbextension~=3.6.5->ipywidgets>=7.0.0->qgridnext) (3.1.4)
2025-01-08T22:00:21.6291312Z Requirement already satisfied: jupyter-client>=7.4.4 in /home/runner/micromamba/envs/tardis/lib/python3.12/site-packages (from jupyter-server<3,>=2.4.0->notebook>=4.4.1->widgetsnbextension~=3.6.5->ipywidgets>=7.0.0->qgridnext) (8.6.2)
2025-01-08T22:00:21.6303925Z Requirement already satisfied: jupyter-core!=5.0.*,>=4.12 in /home/runner/micromamba/envs/tardis/lib/python3.12/site-packages (from jupyter-server<3,>=2.4.0->notebook>=4.4.1->widgetsnbextension~=3.6.5->ipywidgets>=7.0.0->qgridnext) (5.7.2)
2025-01-08T22:00:21.6316117Z Requirement already satisfied: jupyter-events>=0.9.0 in /home/runner/micromamba/envs/tardis/lib/python3.12/site-packages (from jupyter-server<3,>=2.4.0->notebook>=4.4.1->widgetsnbextension~=3.6.5->ipywidgets>=7.0.0->qgridnext) (0.10.0)
2025-01-08T22:00:21.6327870Z Requirement already satisfied: jupyter-server-terminals>=0.4.4 in /home/runner/micromamba/envs/tardis/lib/python3.12/site-packages (from jupyter-server<3,>=2.4.0->notebook>=4.4.1->widgetsnbextension~=3.6.5->ipywidgets>=7.0.0->qgridnext) (0.5.3)
2025-01-08T22:00:21.6342090Z Requirement already satisfied: nbconvert>=6.4.4 in /home/runner/micromamba/envs/tardis/lib/python3.12/site-packages (from jupyter-server<3,>=2.4.0->notebook>=4.4.1->widgetsnbextension~=3.6.5->ipywidgets>=7.0.0->qgridnext) (7.16.4)
2025-01-08T22:00:21.6353280Z Requirement already satisfied: nbformat>=5.3.0 in /home/runner/micromamba/envs/tardis/lib/python3.12/site-packages (from jupyter-server<3,>=2.4.0->notebook>=4.4.1->widgetsnbextension~=3.6.5->ipywidgets>=7.0.0->qgridnext) (5.10.4)
2025-01-08T22:00:21.6363254Z Requirement already satisfied: overrides>=5.0 in /home/runner/micromamba/envs/tardis/lib/python3.12/site-packages (from jupyter-server<3,>=2.4.0->notebook>=4.4.1->widgetsnbextension~=3.6.5->ipywidgets>=7.0.0->qgridnext) (7.7.0)
2025-01-08T22:00:21.6373797Z Requirement already satisfied: packaging>=22.0 in /home/runner/micromamba/envs/tardis/lib/python3.12/site-packages (from jupyter-server<3,>=2.4.0->notebook>=4.4.1->widgetsnbextension~=3.6.5->ipywidgets>=7.0.0->qgridnext) (24.1)
2025-01-08T22:00:21.6383569Z Requirement already satisfied: prometheus-client>=0.9 in /home/runner/micromamba/envs/tardis/lib/python3.12/site-packages (from jupyter-server<3,>=2.4.0->notebook>=4.4.1->widgetsnbextension~=3.6.5->ipywidgets>=7.0.0->qgridnext) (0.20.0)
2025-01-08T22:00:21.6394956Z Requirement already satisfied: pyzmq>=24 in /home/runner/micromamba/envs/tardis/lib/python3.12/site-packages (from jupyter-server<3,>=2.4.0->notebook>=4.4.1->widgetsnbextension~=3.6.5->ipywidgets>=7.0.0->qgridnext) (26.0.3)
2025-01-08T22:00:21.6404703Z Requirement already satisfied: send2trash>=1.8.2 in /home/runner/micromamba/envs/tardis/lib/python3.12/site-packages (from jupyter-server<3,>=2.4.0->notebook>=4.4.1->widgetsnbextension~=3.6.5->ipywidgets>=7.0.0->qgridnext) (1.8.3)
2025-01-08T22:00:21.6416816Z Requirement already satisfied: terminado>=0.8.3 in /home/runner/micromamba/envs/tardis/lib/python3.12/site-packages (from jupyter-server<3,>=2.4.0->notebook>=4.4.1->widgetsnbextension~=3.6.5->ipywidgets>=7.0.0->qgridnext) (0.18.1)
2025-01-08T22:00:21.6434791Z Requirement already satisfied: websocket-client>=1.7 in /home/runner/micromamba/envs/tardis/lib/python3.12/site-packages (from jupyter-server<3,>=2.4.0->notebook>=4.4.1->widgetsnbextension~=3.6.5->ipywidgets>=7.0.0->qgridnext) (1.8.0)
2025-01-08T22:00:21.6719399Z Requirement already satisfied: async-lru>=1.0.0 in /home/runner/micromamba/envs/tardis/lib/python3.12/site-packages (from jupyterlab<4.3,>=4.2.0->notebook>=4.4.1->widgetsnbextension~=3.6.5->ipywidgets>=7.0.0->qgridnext) (2.0.4)
2025-01-08T22:00:21.6731867Z Requirement already satisfied: httpx>=0.25.0 in /home/runner/micromamba/envs/tardis/lib/python3.12/site-packages (from jupyterlab<4.3,>=4.2.0->notebook>=4.4.1->widgetsnbextension~=3.6.5->ipywidgets>=7.0.0->qgridnext) (0.27.0)
2025-01-08T22:00:21.6744559Z Requirement already satisfied: ipykernel>=6.5.0 in /home/runner/micromamba/envs/tardis/lib/python3.12/site-packages (from jupyterlab<4.3,>=4.2.0->notebook>=4.4.1->widgetsnbextension~=3.6.5->ipywidgets>=7.0.0->qgridnext) (6.29.4)
2025-01-08T22:00:21.6759484Z Requirement already satisfied: jupyter-lsp>=2.0.0 in /home/runner/micromamba/envs/tardis/lib/python3.12/site-packages (from jupyterlab<4.3,>=4.2.0->notebook>=4.4.1->widgetsnbextension~=3.6.5->ipywidgets>=7.0.0->qgridnext) (2.2.5)
2025-01-08T22:00:21.6786396Z Requirement already satisfied: setuptools>=40.1.0 in /home/runner/micromamba/envs/tardis/lib/python3.12/site-packages (from jupyterlab<4.3,>=4.2.0->notebook>=4.4.1->widgetsnbextension~=3.6.5->ipywidgets>=7.0.0->qgridnext) (70.0.0)
2025-01-08T22:00:21.6973883Z Requirement already satisfied: babel>=2.10 in /home/runner/micromamba/envs/tardis/lib/python3.12/site-packages (from jupyterlab-server<3,>=2.27.1->notebook>=4.4.1->widgetsnbextension~=3.6.5->ipywidgets>=7.0.0->qgridnext) (2.14.0)
2025-01-08T22:00:21.7000555Z Requirement already satisfied: json5>=0.9.0 in /home/runner/micromamba/envs/tardis/lib/python3.12/site-packages (from jupyterlab-server<3,>=2.27.1->notebook>=4.4.1->widgetsnbextension~=3.6.5->ipywidgets>=7.0.0->qgridnext) (0.9.25)
2025-01-08T22:00:21.7012518Z Requirement already satisfied: jsonschema>=4.18.0 in /home/runner/micromamba/envs/tardis/lib/python3.12/site-packages (from jupyterlab-server<3,>=2.27.1->notebook>=4.4.1->widgetsnbextension~=3.6.5->ipywidgets>=7.0.0->qgridnext) (4.22.0)
2025-01-08T22:00:21.7031990Z Requirement already satisfied: requests>=2.31 in /home/runner/micromamba/envs/tardis/lib/python3.12/site-packages (from jupyterlab-server<3,>=2.27.1->notebook>=4.4.1->widgetsnbextension~=3.6.5->ipywidgets>=7.0.0->qgridnext) (2.32.3)
2025-01-08T22:00:21.7381144Z Requirement already satisfied: idna>=2.8 in /home/runner/micromamba/envs/tardis/lib/python3.12/site-packages (from anyio>=3.1.0->jupyter-server<3,>=2.4.0->notebook>=4.4.1->widgetsnbextension~=3.6.5->ipywidgets>=7.0.0->qgridnext) (3.7)
2025-01-08T22:00:21.7391341Z Requirement already satisfied: sniffio>=1.1 in /home/runner/micromamba/envs/tardis/lib/python3.12/site-packages (from anyio>=3.1.0->jupyter-server<3,>=2.4.0->notebook>=4.4.1->widgetsnbextension~=3.6.5->ipywidgets>=7.0.0->qgridnext) (1.3.1)
2025-01-08T22:00:21.7482857Z Requirement already satisfied: argon2-cffi-bindings in /home/runner/micromamba/envs/tardis/lib/python3.12/site-packages (from argon2-cffi>=21.1->jupyter-server<3,>=2.4.0->notebook>=4.4.1->widgetsnbextension~=3.6.5->ipywidgets>=7.0.0->qgridnext) (21.2.0)
2025-01-08T22:00:21.7652196Z Requirement already satisfied: certifi in /home/runner/micromamba/envs/tardis/lib/python3.12/site-packages (from httpx>=0.25.0->jupyterlab<4.3,>=4.2.0->notebook>=4.4.1->widgetsnbextension~=3.6.5->ipywidgets>=7.0.0->qgridnext) (2024.6.2)
2025-01-08T22:00:21.7667971Z Requirement already satisfied: httpcore==1.* in /home/runner/micromamba/envs/tardis/lib/python3.12/site-packages (from httpx>=0.25.0->jupyterlab<4.3,>=4.2.0->notebook>=4.4.1->widgetsnbextension~=3.6.5->ipywidgets>=7.0.0->qgridnext) (1.0.5)
2025-01-08T22:00:21.7745914Z Requirement already satisfied: h11<0.15,>=0.13 in /home/runner/micromamba/envs/tardis/lib/python3.12/site-packages (from httpcore==1.*->httpx>=0.25.0->jupyterlab<4.3,>=4.2.0->notebook>=4.4.1->widgetsnbextension~=3.6.5->ipywidgets>=7.0.0->qgridnext) (0.14.0)
2025-01-08T22:00:21.7930220Z Requirement already satisfied: debugpy>=1.6.5 in /home/runner/micromamba/envs/tardis/lib/python3.12/site-packages (from ipykernel>=6.5.0->jupyterlab<4.3,>=4.2.0->notebook>=4.4.1->widgetsnbextension~=3.6.5->ipywidgets>=7.0.0->qgridnext) (1.8.1)
2025-01-08T22:00:21.7952615Z Requirement already satisfied: nest-asyncio in /home/runner/micromamba/envs/tardis/lib/python3.12/site-packages (from ipykernel>=6.5.0->jupyterlab<4.3,>=4.2.0->notebook>=4.4.1->widgetsnbextension~=3.6.5->ipywidgets>=7.0.0->qgridnext) (1.6.0)
2025-01-08T22:00:21.7968379Z Requirement already satisfied: psutil in /home/runner/micromamba/envs/tardis/lib/python3.12/site-packages (from ipykernel>=6.5.0->jupyterlab<4.3,>=4.2.0->notebook>=4.4.1->widgetsnbextension~=3.6.5->ipywidgets>=7.0.0->qgridnext) (5.9.8)
2025-01-08T22:00:21.8031251Z Requirement already satisfied: MarkupSafe>=2.0 in /home/runner/micromamba/envs/tardis/lib/python3.12/site-packages (from jinja2>=3.0.3->jupyter-server<3,>=2.4.0->notebook>=4.4.1->widgetsnbextension~=3.6.5->ipywidgets>=7.0.0->qgridnext) (2.1.5)
2025-01-08T22:00:21.8220365Z Requirement already satisfied: attrs>=22.2.0 in /home/runner/micromamba/envs/tardis/lib/python3.12/site-packages (from jsonschema>=4.18.0->jupyterlab-server<3,>=2.27.1->notebook>=4.4.1->widgetsnbextension~=3.6.5->ipywidgets>=7.0.0->qgridnext) (23.2.0)
2025-01-08T22:00:21.8231685Z Requirement already satisfied: jsonschema-specifications>=2023.03.6 in /home/runner/micromamba/envs/tardis/lib/python3.12/site-packages (from jsonschema>=4.18.0->jupyterlab-server<3,>=2.27.1->notebook>=4.4.1->widgetsnbextension~=3.6.5->ipywidgets>=7.0.0->qgridnext) (2023.12.1)
2025-01-08T22:00:21.8241343Z Requirement already satisfied: referencing>=0.28.4 in /home/runner/micromamba/envs/tardis/lib/python3.12/site-packages (from jsonschema>=4.18.0->jupyterlab-server<3,>=2.27.1->notebook>=4.4.1->widgetsnbextension~=3.6.5->ipywidgets>=7.0.0->qgridnext) (0.35.1)
2025-01-08T22:00:21.8251393Z Requirement already satisfied: rpds-py>=0.7.1 in /home/runner/micromamba/envs/tardis/lib/python3.12/site-packages (from jsonschema>=4.18.0->jupyterlab-server<3,>=2.27.1->notebook>=4.4.1->widgetsnbextension~=3.6.5->ipywidgets>=7.0.0->qgridnext) (0.18.1)
2025-01-08T22:00:21.8512449Z Requirement already satisfied: platformdirs>=2.5 in /home/runner/micromamba/envs/tardis/lib/python3.12/site-packages (from jupyter-core!=5.0.*,>=4.12->jupyter-server<3,>=2.4.0->notebook>=4.4.1->widgetsnbextension~=3.6.5->ipywidgets>=7.0.0->qgridnext) (4.2.2)
2025-01-08T22:00:21.8660818Z Requirement already satisfied: python-json-logger>=2.0.4 in /home/runner/micromamba/envs/tardis/lib/python3.12/site-packages (from jupyter-events>=0.9.0->jupyter-server<3,>=2.4.0->notebook>=4.4.1->widgetsnbextension~=3.6.5->ipywidgets>=7.0.0->qgridnext) (2.0.7)
2025-01-08T22:00:21.8670574Z Requirement already satisfied: pyyaml>=5.3 in /home/runner/micromamba/envs/tardis/lib/python3.12/site-packages (from jupyter-events>=0.9.0->jupyter-server<3,>=2.4.0->notebook>=4.4.1->widgetsnbextension~=3.6.5->ipywidgets>=7.0.0->qgridnext) (6.0.1)
2025-01-08T22:00:21.8681839Z Requirement already satisfied: rfc3339-validator in /home/runner/micromamba/envs/tardis/lib/python3.12/site-packages (from jupyter-events>=0.9.0->jupyter-server<3,>=2.4.0->notebook>=4.4.1->widgetsnbextension~=3.6.5->ipywidgets>=7.0.0->qgridnext) (0.1.4)
2025-01-08T22:00:21.8691109Z Requirement already satisfied: rfc3986-validator>=0.1.1 in /home/runner/micromamba/envs/tardis/lib/python3.12/site-packages (from jupyter-events>=0.9.0->jupyter-server<3,>=2.4.0->notebook>=4.4.1->widgetsnbextension~=3.6.5->ipywidgets>=7.0.0->qgridnext) (0.1.1)
2025-01-08T22:00:21.9112769Z Requirement already satisfied: beautifulsoup4 in /home/runner/micromamba/envs/tardis/lib/python3.12/site-packages (from nbconvert>=6.4.4->jupyter-server<3,>=2.4.0->notebook>=4.4.1->widgetsnbextension~=3.6.5->ipywidgets>=7.0.0->qgridnext) (4.12.3)
2025-01-08T22:00:21.9132710Z Requirement already satisfied: bleach!=5.0.0 in /home/runner/micromamba/envs/tardis/lib/python3.12/site-packages (from nbconvert>=6.4.4->jupyter-server<3,>=2.4.0->notebook>=4.4.1->widgetsnbextension~=3.6.5->ipywidgets>=7.0.0->qgridnext) (6.1.0)
2025-01-08T22:00:21.9147587Z Requirement already satisfied: defusedxml in /home/runner/micromamba/envs/tardis/lib/python3.12/site-packages (from nbconvert>=6.4.4->jupyter-server<3,>=2.4.0->notebook>=4.4.1->widgetsnbextension~=3.6.5->ipywidgets>=7.0.0->qgridnext) (0.7.1)
2025-01-08T22:00:21.9162840Z Requirement already satisfied: jupyterlab-pygments in /home/runner/micromamba/envs/tardis/lib/python3.12/site-packages (from nbconvert>=6.4.4->jupyter-server<3,>=2.4.0->notebook>=4.4.1->widgetsnbextension~=3.6.5->ipywidgets>=7.0.0->qgridnext) (0.3.0)
2025-01-08T22:00:21.9174525Z Requirement already satisfied: mistune<4,>=2.0.3 in /home/runner/micromamba/envs/tardis/lib/python3.12/site-packages (from nbconvert>=6.4.4->jupyter-server<3,>=2.4.0->notebook>=4.4.1->widgetsnbextension~=3.6.5->ipywidgets>=7.0.0->qgridnext) (3.0.2)
2025-01-08T22:00:21.9187247Z Requirement already satisfied: nbclient>=0.5.0 in /home/runner/micromamba/envs/tardis/lib/python3.12/site-packages (from nbconvert>=6.4.4->jupyter-server<3,>=2.4.0->notebook>=4.4.1->widgetsnbextension~=3.6.5->ipywidgets>=7.0.0->qgridnext) (0.10.0)
2025-01-08T22:00:21.9203546Z Requirement already satisfied: pandocfilters>=1.4.1 in /home/runner/micromamba/envs/tardis/lib/python3.12/site-packages (from nbconvert>=6.4.4->jupyter-server<3,>=2.4.0->notebook>=4.4.1->widgetsnbextension~=3.6.5->ipywidgets>=7.0.0->qgridnext) (1.5.0)
2025-01-08T22:00:21.9213095Z Requirement already satisfied: tinycss2 in /home/runner/micromamba/envs/tardis/lib/python3.12/site-packages (from nbconvert>=6.4.4->jupyter-server<3,>=2.4.0->notebook>=4.4.1->widgetsnbextension~=3.6.5->ipywidgets>=7.0.0->qgridnext) (1.3.0)
2025-01-08T22:00:21.9325352Z Requirement already satisfied: fastjsonschema>=2.15 in /home/runner/micromamba/envs/tardis/lib/python3.12/site-packages (from nbformat>=5.3.0->jupyter-server<3,>=2.4.0->notebook>=4.4.1->widgetsnbextension~=3.6.5->ipywidgets>=7.0.0->qgridnext) (2.20.0)
2025-01-08T22:00:21.9624741Z Requirement already satisfied: charset-normalizer<4,>=2 in /home/runner/micromamba/envs/tardis/lib/python3.12/site-packages (from requests>=2.31->jupyterlab-server<3,>=2.27.1->notebook>=4.4.1->widgetsnbextension~=3.6.5->ipywidgets>=7.0.0->qgridnext) (3.3.2)
2025-01-08T22:00:21.9638086Z Requirement already satisfied: urllib3<3,>=1.21.1 in /home/runner/micromamba/envs/tardis/lib/python3.12/site-packages (from requests>=2.31->jupyterlab-server<3,>=2.27.1->notebook>=4.4.1->widgetsnbextension~=3.6.5->ipywidgets>=7.0.0->qgridnext) (2.2.2)
2025-01-08T22:00:22.0400668Z Requirement already satisfied: webencodings in /home/runner/micromamba/envs/tardis/lib/python3.12/site-packages (from bleach!=5.0.0->nbconvert>=6.4.4->jupyter-server<3,>=2.4.0->notebook>=4.4.1->widgetsnbextension~=3.6.5->ipywidgets>=7.0.0->qgridnext) (0.5.1)
2025-01-08T22:00:22.0962800Z Requirement already satisfied: fqdn in /home/runner/micromamba/envs/tardis/lib/python3.12/site-packages (from jsonschema[format-nongpl]>=4.18.0->jupyter-events>=0.9.0->jupyter-server<3,>=2.4.0->notebook>=4.4.1->widgetsnbextension~=3.6.5->ipywidgets>=7.0.0->qgridnext) (1.5.1)
2025-01-08T22:00:22.0979695Z Requirement already satisfied: isoduration in /home/runner/micromamba/envs/tardis/lib/python3.12/site-packages (from jsonschema[format-nongpl]>=4.18.0->jupyter-events>=0.9.0->jupyter-server<3,>=2.4.0->notebook>=4.4.1->widgetsnbextension~=3.6.5->ipywidgets>=7.0.0->qgridnext) (20.11.0)
2025-01-08T22:00:22.0993023Z Requirement already satisfied: jsonpointer>1.13 in /home/runner/micromamba/envs/tardis/lib/python3.12/site-packages (from jsonschema[format-nongpl]>=4.18.0->jupyter-events>=0.9.0->jupyter-server<3,>=2.4.0->notebook>=4.4.1->widgetsnbextension~=3.6.5->ipywidgets>=7.0.0->qgridnext) (3.0.0)
2025-01-08T22:00:22.1009272Z Requirement already satisfied: uri-template in /home/runner/micromamba/envs/tardis/lib/python3.12/site-packages (from jsonschema[format-nongpl]>=4.18.0->jupyter-events>=0.9.0->jupyter-server<3,>=2.4.0->notebook>=4.4.1->widgetsnbextension~=3.6.5->ipywidgets>=7.0.0->qgridnext) (1.3.0)
2025-01-08T22:00:22.1023205Z Requirement already satisfied: webcolors>=1.11 in /home/runner/micromamba/envs/tardis/lib/python3.12/site-packages (from jsonschema[format-nongpl]>=4.18.0->jupyter-events>=0.9.0->jupyter-server<3,>=2.4.0->notebook>=4.4.1->widgetsnbextension~=3.6.5->ipywidgets>=7.0.0->qgridnext) (24.6.0)
2025-01-08T22:00:22.2028637Z Requirement already satisfied: cffi>=1.0.1 in /home/runner/micromamba/envs/tardis/lib/python3.12/site-packages (from argon2-cffi-bindings->argon2-cffi>=21.1->jupyter-server<3,>=2.4.0->notebook>=4.4.1->widgetsnbextension~=3.6.5->ipywidgets>=7.0.0->qgridnext) (1.16.0)
2025-01-08T22:00:22.2123374Z Requirement already satisfied: soupsieve>1.2 in /home/runner/micromamba/envs/tardis/lib/python3.12/site-packages (from beautifulsoup4->nbconvert>=6.4.4->jupyter-server<3,>=2.4.0->notebook>=4.4.1->widgetsnbextension~=3.6.5->ipywidgets>=7.0.0->qgridnext) (2.5)
2025-01-08T22:00:22.2637006Z Requirement already satisfied: pycparser in /home/runner/micromamba/envs/tardis/lib/python3.12/site-packages (from cffi>=1.0.1->argon2-cffi-bindings->argon2-cffi>=21.1->jupyter-server<3,>=2.4.0->notebook>=4.4.1->widgetsnbextension~=3.6.5->ipywidgets>=7.0.0->qgridnext) (2.22)
2025-01-08T22:00:22.3124447Z Requirement already satisfied: arrow>=0.15.0 in /home/runner/micromamba/envs/tardis/lib/python3.12/site-packages (from isoduration->jsonschema[format-nongpl]>=4.18.0->jupyter-events>=0.9.0->jupyter-server<3,>=2.4.0->notebook>=4.4.1->widgetsnbextension~=3.6.5->ipywidgets>=7.0.0->qgridnext) (1.3.0)
2025-01-08T22:00:22.3417159Z Requirement already satisfied: types-python-dateutil>=2.8.10 in /home/runner/micromamba/envs/tardis/lib/python3.12/site-packages (from arrow>=0.15.0->isoduration->jsonschema[format-nongpl]>=4.18.0->jupyter-events>=0.9.0->jupyter-server<3,>=2.4.0->notebook>=4.4.1->widgetsnbextension~=3.6.5->ipywidgets>=7.0.0->qgridnext) (2.9.0.20240316)
2025-01-08T22:00:22.3670564Z Downloading qgridnext-2.0.4-py3-none-any.whl (1.3 MB)
2025-01-08T22:00:22.3936965Z    ━━━━━━━━━━━━━━━━━━━━━━━━━━━━━━━━━━━━━━━━ 1.3/1.3 MB 51.7 MB/s eta 0:00:00
2025-01-08T22:00:23.1834834Z Installing collected packages: qgridnext
2025-01-08T22:00:23.2733955Z Successfully installed qgridnext-2.0.4
2025-01-08T22:00:23.4827977Z ##[group]Run pytest tardis --tardis-regression-data=/home/runner/work/tardis/tardis/tardis-regression-data --cov=tardis --cov-report=xml --cov-report=html --cov-append -m "not continuum"
2025-01-08T22:00:23.4829281Z [36;1mpytest tardis --tardis-regression-data=/home/runner/work/tardis/tardis/tardis-regression-data --cov=tardis --cov-report=xml --cov-report=html --cov-append -m "not continuum"[0m
2025-01-08T22:00:23.4856703Z shell: /usr/bin/bash -l {0}
2025-01-08T22:00:23.4857137Z env:
2025-01-08T22:00:23.4857310Z   CACHE_NUMBER: 0
2025-01-08T22:00:23.4857937Z   PYTEST_FLAGS: --tardis-regression-data=/home/runner/work/tardis/tardis/tardis-regression-data --cov=tardis --cov-report=xml --cov-report=html --cov-append
2025-01-08T22:00:23.4858926Z   CODECOV_TOKEN: ***
2025-01-08T22:00:23.4859175Z   MAMBA_ROOT_PREFIX: /home/runner/micromamba
2025-01-08T22:00:23.4859479Z   MAMBA_EXE: /home/runner/micromamba-bin/micromamba
2025-01-08T22:00:23.4859858Z   CONDARC: /home/runner/work/_temp/setup-micromamba/.condarc
2025-01-08T22:00:23.4860161Z ##[endgroup]
2025-01-08T22:00:31.7843051Z ============================= test session starts ==============================
2025-01-08T22:00:31.7843734Z platform linux -- Python 3.12.4, pytest-8.2.2, pluggy-1.5.0
2025-01-08T22:00:31.7844281Z rootdir: /home/runner/work/tardis/tardis
2025-01-08T22:00:31.7844718Z configfile: pyproject.toml
2025-01-08T22:00:31.7845262Z plugins: anyio-4.4.0, doctestplus-1.2.1, cov-5.0.0, html-4.1.1, metadata-3.1.1
2025-01-08T22:00:31.7845941Z collected 1796 items / 2 deselected / 1794 selected
2025-01-08T22:00:31.7846265Z 
2025-01-08T22:00:36.6570205Z tardis/energy_input/tests/test_energy_source.py ..xxx                    [  0%]
2025-01-08T22:00:39.3613006Z tardis/energy_input/tests/test_gamma_ray_channel.py ...........          [  0%]
2025-01-08T22:00:41.0724612Z tardis/energy_input/tests/test_gamma_ray_grid.py xx.                     [  1%]
2025-01-08T22:00:42.7849145Z tardis/energy_input/tests/test_gamma_ray_interactions.py xx....          [  1%]
2025-01-08T22:00:42.7955266Z tardis/energy_input/tests/test_gamma_ray_packet_source.py sssssssss      [  1%]
2025-01-08T22:00:44.0476090Z tardis/energy_input/tests/test_util.py .....xxxx.....                    [  2%]
2025-01-08T22:00:44.3835134Z tardis/grid/tests/test_grid.py .                                         [  2%]
2025-01-08T22:00:44.3851559Z tardis/gui/tests/test_gui.py s                                           [  2%]
2025-01-08T22:00:48.1446806Z tardis/io/configuration/tests/test_config_reader.py ...........          [  3%]
2025-01-08T22:00:48.1589053Z tardis/io/configuration/tests/test_configuration_namespace.py .........  [  3%]
2025-01-08T22:00:48.1854366Z tardis/io/logger/tests/test_logging.py ssssssssssssssssssssssssssss      [  5%]
2025-01-08T22:01:25.1920259Z tardis/io/model/readers/tests/test_arepo_parser.py ..                    [  5%]
2025-01-08T22:01:25.2065281Z tardis/io/model/readers/tests/test_ascii_readers.py ...                  [  5%]
2025-01-08T22:01:25.2168763Z tardis/io/model/readers/tests/test_cmfgen_reader.py ..                   [  5%]
2025-01-08T22:01:25.2471503Z tardis/io/model/readers/tests/test_csvy_reader.py ....                   [  6%]
2025-01-08T22:01:25.2676274Z tardis/io/model/readers/tests/test_stella_reader.py ..                   [  6%]
2025-01-08T22:01:25.5704607Z tardis/io/tests/test_HDFWriter.py ...............                        [  7%]
2025-01-08T22:01:25.8764679Z tardis/io/tests/test_atomic.py .....                                     [  7%]
2025-01-08T22:01:25.9120088Z tardis/io/tests/test_decay.py ..                                         [  7%]
2025-01-08T22:01:26.1058683Z tardis/io/tests/test_model_reader.py ......                              [  7%]
2025-01-08T22:01:26.1127494Z tardis/model/geometry/tests/test_radial1d.py ..                          [  7%]
2025-01-08T22:02:23.2547409Z tardis/model/tests/test_base.py ........................................ [ 10%]
2025-01-08T22:02:24.2338141Z ............                                                             [ 10%]
2025-01-08T22:02:27.2600945Z tardis/model/tests/test_csvy_model.py .........                          [ 11%]
2025-01-08T22:02:27.3077478Z tardis/model/tests/test_density.py ..                                    [ 11%]
2025-01-08T22:02:28.5918610Z tardis/opacities/tests/test_opacity_solver.py .....                      [ 11%]
2025-01-08T22:02:29.9037490Z tardis/opacities/tests/test_opacity_state_numba.py .....                 [ 11%]
2025-01-08T22:02:31.4786954Z tardis/opacities/tests/test_tau_sobolev.py ..                            [ 12%]
2025-01-08T22:02:34.5179481Z tardis/plasma/equilibrium/tests/test_collisional_transitions.py ...      [ 12%]
2025-01-08T22:03:20.7232804Z tardis/plasma/equilibrium/tests/test_level_populations.py ....           [ 12%]
2025-01-08T22:03:32.2437709Z tardis/plasma/equilibrium/tests/test_rate_matrix.py .                    [ 12%]
2025-01-08T22:03:33.9023746Z tardis/plasma/tests/test_complete_plasmas.py .....................s..... [ 13%]
2025-01-08T22:03:36.8300785Z s....ssssss............s............ss.....s....ssssss............s..... [ 18%]
2025-01-08T22:03:38.5497608Z .......ss.....s....ssssss............s............ss.....s....ssssss.... [ 22%]
2025-01-08T22:03:41.4707949Z ........s............ss.....s........ss............s............ss.....s [ 26%]
2025-01-08T22:03:44.3961064Z ........ss............s............ss.....s....ssssss............s...... [ 30%]
2025-01-08T22:03:45.1436887Z ......ss.....s....ssssss............s............ss.....s.ss.ssssss..... [ 34%]
2025-01-08T22:03:48.3634236Z .......s............ss.....s....ssssss............s............ss.....s. [ 38%]
2025-01-08T22:03:51.2703215Z ...ssssss............s............ss.....s....ssssss............s....... [ 42%]
2025-01-08T22:03:54.3829695Z .....ss.....s....ssssss............s............s...........ssssss...... [ 46%]
2025-01-08T22:03:56.2368637Z ......s............s...........ssssss............s............s......... [ 50%]
2025-01-08T22:03:59.4760489Z ..ssssss............s............ss.....s....ssssss............s........ [ 54%]
2025-01-08T22:04:02.6654117Z ....ss.....s....ssssss..........................s.....s....ssss......... [ 58%]
2025-01-08T22:04:02.9957145Z ...................s.....s....ssss.......                                [ 60%]
2025-01-08T22:04:03.1090544Z tardis/plasma/tests/test_hdf_plasma.py ................................. [ 62%]
2025-01-08T22:04:03.1208643Z ......                                                                   [ 62%]
2025-01-08T22:04:03.2543186Z tardis/plasma/tests/test_nlte_excitation.py ...                          [ 62%]
2025-01-08T22:06:20.7023477Z tardis/plasma/tests/test_nlte_solver.py .....X                           [ 63%]
2025-01-08T22:06:20.7050152Z tardis/plasma/tests/test_plasma_continuum.py .                           [ 63%]
2025-01-08T22:06:44.0241893Z tardis/plasma/tests/test_plasma_vboundary.py .............               [ 63%]
2025-01-08T22:06:57.2359447Z tardis/plasma/tests/test_tardis_model_density_config.py ...              [ 64%]
2025-01-08T22:06:57.9779741Z tardis/simulation/tests/test_convergence.py .....                        [ 64%]
2025-01-08T22:07:06.6279297Z tardis/simulation/tests/test_simulation.py .............                 [ 65%]
2025-01-08T22:07:06.6473218Z tardis/spectrum/tests/test_cuda_formal_integral.py sssssssssssssssssssss [ 66%]
2025-01-08T22:07:07.1171933Z ssss...ssssssssssssssssssssss                                            [ 67%]
2025-01-08T22:07:07.1244938Z tardis/spectrum/tests/test_luminosity.py ....                            [ 68%]
2025-01-08T22:07:09.3096470Z tardis/spectrum/tests/test_numba_formal_integral.py .................... [ 69%]
2025-01-08T22:07:09.3287742Z ..........                                                               [ 69%]
2025-01-08T22:07:09.5026213Z tardis/spectrum/tests/test_spectrum.py ................................. [ 71%]
2025-01-08T22:07:09.5355452Z .........                                                                [ 72%]
2025-01-08T22:07:28.0543772Z tardis/spectrum/tests/test_spectrum_solver.py ....                       [ 72%]
2025-01-08T22:08:30.2093170Z tardis/tests/test_tardis_full.py ....                                    [ 72%]
2025-01-08T22:09:55.5957297Z tardis/tests/test_tardis_full_formal_integral.py ................        [ 73%]
2025-01-08T22:09:55.6738386Z tardis/tests/test_util.py .............................................  [ 75%]
2025-01-08T22:09:58.9469460Z tardis/transport/montecarlo/tests/test_base.py x.....................    [ 77%]
2025-01-08T22:10:06.5376250Z tardis/transport/montecarlo/tests/test_interaction.py .......            [ 77%]
2025-01-08T22:10:06.7673859Z tardis/transport/montecarlo/tests/test_macro_atom.py ....                [ 77%]
2025-01-08T22:10:06.7851973Z tardis/transport/montecarlo/tests/test_montecarlo.py sssssssssssssssssss [ 78%]
2025-01-08T22:10:06.8284698Z sssssssssssssssssssssssssssssssssssssssssssss                            [ 81%]
2025-01-08T22:10:15.8959464Z tardis/transport/montecarlo/tests/test_montecarlo_main_loop.py x..       [ 81%]
2025-01-08T22:10:15.9028814Z tardis/transport/montecarlo/tests/test_nonhomologous.py ...              [ 81%]
2025-01-08T22:10:22.3704861Z tardis/transport/montecarlo/tests/test_numba_interface.py .....x.        [ 82%]
2025-01-08T22:10:22.8603344Z tardis/transport/montecarlo/tests/test_opacities.py ...............      [ 82%]
2025-01-08T22:10:23.9223075Z tardis/transport/montecarlo/tests/test_packet.py .................xXXXXX [ 84%]
2025-01-08T22:10:24.0671498Z XX.........                                                              [ 84%]
2025-01-08T22:10:24.0958496Z tardis/transport/montecarlo/tests/test_packet_source.py ........         [ 85%]
2025-01-08T22:10:24.4259276Z tardis/transport/montecarlo/tests/test_rpacket_last_interaction_tracker.py . [ 85%]
2025-01-08T22:10:24.8637810Z .....                                                                    [ 85%]
2025-01-08T22:11:00.5667551Z tardis/transport/montecarlo/tests/test_rpacket_tracker.py ......         [ 85%]
2025-01-08T22:11:00.5955216Z tardis/transport/montecarlo/tests/test_single_packet_loop.py xxx         [ 86%]
2025-01-08T22:11:00.5987141Z tardis/transport/montecarlo/tests/test_tracker_utils.py ..               [ 86%]
2025-01-08T22:11:03.1254603Z tardis/transport/montecarlo/tests/test_vpacket.py ..x.                   [ 86%]
2025-01-08T22:11:03.1429739Z tardis/transport/montecarlo/tests/test_weighted_packet_source.py ....    [ 86%]
2025-01-08T22:11:06.5998936Z tardis/transport/montecarlo/tests/test_weighted_packet_source_integration.py . [ 86%]
2025-01-08T22:11:06.6001163Z                                                                          [ 86%]
2025-01-08T22:11:07.3440716Z tardis/transport/tests/test_doppler_factor.py ..................         [ 87%]
2025-01-08T22:11:08.6972968Z tardis/visualization/tools/tests/test_convergence_plot.py .............. [ 88%]
2025-01-08T22:11:10.9378326Z ......                                                                   [ 88%]
2025-01-08T22:11:16.0785651Z tardis/visualization/tools/tests/test_liv_plot.py ...................... [ 90%]
2025-01-08T22:11:18.7526413Z .............................                                            [ 91%]
2025-01-08T22:11:21.6107995Z tardis/visualization/tools/tests/test_rpacket_plot.py .................. [ 92%]
2025-01-08T22:11:28.6736846Z ....                                                                     [ 92%]
2025-01-08T22:11:34.6820053Z tardis/visualization/tools/tests/test_sdec_plot.py ..................... [ 94%]
2025-01-08T22:11:42.7756718Z ..............................                                           [ 95%]
2025-01-08T22:11:43.2115956Z tardis/visualization/widgets/tests/test_custom_abundance.py ........ss.. [ 96%]
2025-01-08T22:11:43.2841428Z ....                                                                     [ 96%]
2025-01-08T22:11:44.3431848Z tardis/visualization/widgets/tests/test_line_info.py ................... [ 97%]
2025-01-08T22:11:44.9747517Z ..................                                                       [ 98%]
2025-01-08T22:12:48.5469065Z tardis/visualization/widgets/tests/test_shell_info.py .................. [ 99%]
2025-01-08T22:12:55.5580752Z ......                                                                   [100%]
2025-01-08T22:12:55.5581259Z 
2025-01-08T22:12:55.5581439Z =============================== warnings summary ===============================
2025-01-08T22:12:55.5582033Z tardis/io/configuration/config_validator.py:6
2025-01-08T22:12:55.5582884Z tardis/io/configuration/config_validator.py:6
2025-01-08T22:12:55.5584321Z   /home/runner/work/tardis/tardis/tardis/io/configuration/config_validator.py:6: DeprecationWarning:
2025-01-08T22:12:55.5585303Z   
2025-01-08T22:12:55.5587124Z   jsonschema.RefResolver is deprecated as of v4.18.0, in favor of the https://github.com/python-jsonschema/referencing library, which provides more compliant referencing behavior as well as more flexible APIs for customization. A future release will remove RefResolver. Please file a feature request (on referencing) if you are missing an API for the kind of customization you need.
2025-01-08T22:12:55.5588695Z 
2025-01-08T22:12:55.5588990Z ../../../micromamba/envs/tardis/lib/python3.12/site-packages/jupyter_client/connect.py:22
2025-01-08T22:12:55.5589817Z   /home/runner/micromamba/envs/tardis/lib/python3.12/site-packages/jupyter_client/connect.py:22: DeprecationWarning:
2025-01-08T22:12:55.5590472Z   
2025-01-08T22:12:55.5590888Z   Jupyter is migrating its paths to use standard platformdirs
2025-01-08T22:12:55.5591558Z   given by the platformdirs library.  To remove this warning and
2025-01-08T22:12:55.5592203Z   see the appropriate new directories, set the environment variable
2025-01-08T22:12:55.5592843Z   `JUPYTER_PLATFORM_DIRS=1` and then run `jupyter --paths`.
2025-01-08T22:12:55.5593300Z   The use of platformdirs will be the default in `jupyter_core` v6
2025-01-08T22:12:55.5593584Z 
2025-01-08T22:12:55.5599263Z tardis/io/tests/test_HDFWriter.py::test_multi_index_write
2025-01-08T22:12:55.5599819Z tardis/visualization/widgets/tests/test_shell_info.py::TestHDFShellInfo::test_shells_data
2025-01-08T22:12:55.5600383Z   /home/runner/work/tardis/tardis/tardis/io/util.py:276: PerformanceWarning:
2025-01-08T22:12:55.5600749Z   
2025-01-08T22:12:55.5600906Z   
2025-01-08T22:12:55.5601196Z   your performance may suffer as PyTables will pickle object types that it cannot
2025-01-08T22:12:55.5601743Z   map directly to c-types [inferred_type->mixed,key->block0_values] [items->Index([0], dtype='int64')]
2025-01-08T22:12:55.5602093Z 
2025-01-08T22:12:55.5602500Z tardis/io/tests/test_model_reader.py::test_read_cmfgen_isotope_abundances
2025-01-08T22:12:55.5602998Z tardis/plasma/tests/test_tardis_model_density_config.py::test_electron_densities
2025-01-08T22:12:55.5603568Z tardis/plasma/tests/test_tardis_model_density_config.py::test_isotope_number_densities
2025-01-08T22:12:55.5604064Z tardis/plasma/tests/test_tardis_model_density_config.py::test_t_rad
2025-01-08T22:12:55.5604643Z   /home/runner/work/tardis/tardis/tardis/io/model/readers/cmfgen_deprecated.py:82: DeprecationWarning:
2025-01-08T22:12:55.5605102Z   
2025-01-08T22:12:55.5605298Z   The current CMFGEN model parser is deprecated
2025-01-08T22:12:55.5605487Z 
2025-01-08T22:12:55.5605601Z tardis/io/tests/test_model_reader.py: 1 warning
2025-01-08T22:12:55.5605957Z tardis/plasma/tests/test_tardis_model_density_config.py: 9 warnings
2025-01-08T22:12:55.5606516Z   /home/runner/work/tardis/tardis/tardis/io/model/readers/cmfgen_deprecated.py:40: DeprecationWarning:
2025-01-08T22:12:55.5606971Z   
2025-01-08T22:12:55.5607159Z   The current CMFGEN model parser is deprecated
2025-01-08T22:12:55.5607342Z 
2025-01-08T22:12:55.5607558Z tardis/model/tests/test_base.py::TestModelFromPaper1Config::test_abundances
2025-01-08T22:12:55.5608460Z   /home/runner/work/tardis/tardis/tardis/transport/montecarlo/montecarlo_main_loop.py:123: NumbaTypeSafetyWarning:
2025-01-08T22:12:55.5609152Z   
2025-01-08T22:12:55.5609901Z   [1m[1m[1munsafe cast from uint64 to int64. Precision may be lost.[0m[0m[0m
2025-01-08T22:12:55.5610178Z 
2025-01-08T22:12:55.5610286Z tardis/model/tests/test_base.py: 6 warnings
2025-01-08T22:12:55.5610578Z tardis/model/tests/test_csvy_model.py: 2 warnings
2025-01-08T22:12:55.5610972Z tardis/plasma/tests/test_tardis_model_density_config.py: 3 warnings
2025-01-08T22:12:55.5611495Z   /home/runner/work/tardis/tardis/tardis/model/geometry/radial1d.py:50: DeprecationWarning:
2025-01-08T22:12:55.5622013Z   
2025-01-08T22:12:55.5622536Z   v_inner_boundary < 0, assuming default value
2025-01-08T22:12:55.5623075Z 
2025-01-08T22:12:55.5623228Z tardis/model/tests/test_base.py: 6 warnings
2025-01-08T22:12:55.5623664Z tardis/model/tests/test_csvy_model.py: 2 warnings
2025-01-08T22:12:55.5624251Z tardis/plasma/tests/test_tardis_model_density_config.py: 3 warnings
2025-01-08T22:12:55.5625057Z   /home/runner/work/tardis/tardis/tardis/model/geometry/radial1d.py:61: DeprecationWarning:
2025-01-08T22:12:55.5625686Z   
2025-01-08T22:12:55.5625976Z   v_outer_boundary < 0, assuming default value
2025-01-08T22:12:55.5626251Z 
2025-01-08T22:12:55.5626974Z tardis/plasma/equilibrium/tests/test_level_populations.py::TestLevelPopulationSolver::test_solve[collisional_rate_solver0-radiative_transitions0]
2025-01-08T22:12:55.5628301Z   /home/runner/work/tardis/tardis/tardis/plasma/equilibrium/level_populations.py:65: FutureWarning:
2025-01-08T22:12:55.5628994Z   
2025-01-08T22:12:55.5629542Z   A value is trying to be set on a copy of a DataFrame or Series through chained assignment using an inplace method.
2025-01-08T22:12:55.5630780Z   The behavior will change in pandas 3.0. This inplace method will never work because the intermediate object on which we are setting values always behaves as a copy.
2025-01-08T22:12:55.5631693Z   
2025-01-08T22:12:55.5632797Z   For example, when doing 'df[col].method(value, inplace=True)', try using 'df.method({col: value}, inplace=True)' or df[col] = df[col].method(value) instead, to perform the operation inplace on the original object.
2025-01-08T22:12:55.5633748Z 
2025-01-08T22:12:55.5633971Z tardis/plasma/tests/test_complete_plasmas.py: 20 warnings
2025-01-08T22:12:55.5634770Z   /home/runner/work/tardis/tardis/tardis/plasma/tests/test_complete_plasmas.py:197: UserWarning:
2025-01-08T22:12:55.5635449Z   
2025-01-08T22:12:55.5635718Z   Property "atomic_mass" not found
2025-01-08T22:12:55.5635975Z 
2025-01-08T22:12:55.5636665Z tardis/plasma/tests/test_complete_plasmas.py::TestPlasma::test_plasma_properties[radiative_rates_type:detailed-w_epsilon:1e-10-j_blues_norm_factor]
2025-01-08T22:12:55.5638079Z tardis/plasma/tests/test_complete_plasmas.py::TestPlasma::test_plasma_properties[radiative_rates_type:detailed-j_blues_norm_factor]
2025-01-08T22:12:55.5639248Z   /home/runner/work/tardis/tardis/tardis/plasma/tests/test_complete_plasmas.py:197: UserWarning:
2025-01-08T22:12:55.5639923Z   
2025-01-08T22:12:55.5640206Z   Property "j_blues_norm_factor" not found
2025-01-08T22:12:55.5640489Z 
2025-01-08T22:12:55.5641157Z tardis/plasma/tests/test_complete_plasmas.py::TestPlasma::test_plasma_properties[radiative_rates_type:detailed-w_epsilon:1e-10-j_blue_estimator]
2025-01-08T22:12:55.5642684Z tardis/plasma/tests/test_complete_plasmas.py::TestPlasma::test_plasma_properties[radiative_rates_type:detailed-j_blue_estimator]
2025-01-08T22:12:55.5643852Z   /home/runner/work/tardis/tardis/tardis/plasma/tests/test_complete_plasmas.py:197: UserWarning:
2025-01-08T22:12:55.5644520Z   
2025-01-08T22:12:55.5644796Z   Property "j_blue_estimator" not found
2025-01-08T22:12:55.5645067Z 
2025-01-08T22:12:55.5645709Z tardis/plasma/tests/test_complete_plasmas.py::TestPlasma::test_plasma_properties[radiative_rates_type:detailed-w_epsilon:1e-10-volume]
2025-01-08T22:12:55.5646762Z tardis/plasma/tests/test_complete_plasmas.py::TestPlasma::test_plasma_properties[radiative_rates_type:detailed-volume]
2025-01-08T22:12:55.5647471Z   /home/runner/work/tardis/tardis/tardis/plasma/tests/test_complete_plasmas.py:197: UserWarning:
2025-01-08T22:12:55.5647914Z   
2025-01-08T22:12:55.5648236Z   Property "volume" not found
2025-01-08T22:12:55.5648403Z 
2025-01-08T22:12:55.5648808Z tardis/plasma/tests/test_complete_plasmas.py::TestPlasma::test_plasma_properties[radiative_rates_type:detailed-w_epsilon:1e-10-r_inner]
2025-01-08T22:12:55.5649624Z tardis/plasma/tests/test_complete_plasmas.py::TestPlasma::test_plasma_properties[radiative_rates_type:detailed-r_inner]
2025-01-08T22:12:55.5650329Z   /home/runner/work/tardis/tardis/tardis/plasma/tests/test_complete_plasmas.py:197: UserWarning:
2025-01-08T22:12:55.5650872Z   
2025-01-08T22:12:55.5651041Z   Property "r_inner" not found
2025-01-08T22:12:55.5651195Z 
2025-01-08T22:12:55.5651406Z tardis/plasma/tests/test_plasma_vboundary.py::test_plasma_vboundary[2900-3750]
2025-01-08T22:12:55.5651907Z tardis/plasma/tests/test_plasma_vboundary.py::test_plasma_vboundary[2900-3850]
2025-01-08T22:12:55.5652620Z tardis/plasma/tests/test_plasma_vboundary.py::test_plasma_vboundary[2900-3900]
2025-01-08T22:12:55.5653154Z   /home/runner/work/tardis/tardis/tardis/model/geometry/radial1d.py:71: UserWarning:
2025-01-08T22:12:55.5653546Z   
2025-01-08T22:12:55.5653823Z   Requesting inner boundary below inner shell. Extrapolating the inner cell
2025-01-08T22:12:55.5654099Z 
2025-01-08T22:12:55.5654316Z tardis/spectrum/tests/test_spectrum_solver.py::TestSpectrumSolver::test_solve
2025-01-08T22:12:55.5654805Z   /home/runner/work/tardis/tardis/tardis/spectrum/base.py:70: UserWarning:
2025-01-08T22:12:55.5655149Z   
2025-01-08T22:12:55.5655558Z   SpectrumSolver.spectrum_virtual_packets is zero. Please run the montecarlo simulation with no_of_virtual_packets > 0
2025-01-08T22:12:55.5655975Z 
2025-01-08T22:12:55.5656185Z tardis/spectrum/tests/test_spectrum_solver.py::TestSpectrumSolver::test_solve
2025-01-08T22:12:55.5656691Z   /home/runner/work/tardis/tardis/tardis/spectrum/base.py:111: UserWarning:
2025-01-08T22:12:55.5657047Z   
2025-01-08T22:12:55.5657486Z   SpectrumSolver.integrator: The FormalIntegrator is not yet available.Please run the montecarlo simulation at least once.
2025-01-08T22:12:55.5657917Z 
2025-01-08T22:12:55.5658134Z tardis/transport/montecarlo/tests/test_vpacket.py::test_trace_vpacket_volley
2025-01-08T22:12:55.5658553Z   <string>:3: NumbaPendingDeprecationWarning:
2025-01-08T22:12:55.5658811Z   
2025-01-08T22:12:55.5660107Z   [1m[1mCode using Numba extension API maybe depending on 'old_style' error-capturing, which is deprecated and will be replaced by 'new_style' in a future release. See details at https://numba.readthedocs.io/en/latest/reference/deprecation.html#deprecation-of-old-style-numba-captured-errors
2025-01-08T22:12:55.5661147Z   Exception origin:
2025-01-08T22:12:55.5661528Z     File "/home/runner/micromamba/envs/tardis/lib/python3.12/inspect.py", line 3180, in _bind
2025-01-08T22:12:55.5661953Z       raise TypeError(msg) from None
2025-01-08T22:12:55.5662368Z   [0m[0m
2025-01-08T22:12:55.5662534Z 
2025-01-08T22:12:55.5662886Z tardis/visualization/tools/tests/test_sdec_plot.py::TestSDECPlotter::test_mpl_image[plotter_generate_plot_mpl4]
2025-01-08T22:12:55.5663592Z   /home/runner/work/tardis/tardis/tardis/visualization/tools/sdec_plot.py:1225: RuntimeWarning:
2025-01-08T22:12:55.5664032Z   
2025-01-08T22:12:55.5664993Z   More than 20 figures have been opened. Figures created through the pyplot interface (`matplotlib.pyplot.figure`) are retained until explicitly closed and may consume too much memory. (To control this warning, see the rcParam `figure.max_open_warning`). Consider using `matplotlib.pyplot.close()`.
2025-01-08T22:12:55.5665935Z 
2025-01-08T22:12:55.5666303Z tardis/visualization/widgets/tests/test_custom_abundance.py::TestCustomAbundanceWidget::test_update_input_item_value
2025-01-08T22:12:55.5667081Z tardis/visualization/widgets/tests/test_custom_abundance.py::TestCustomAbundanceWidget::test_update_input_item_value
2025-01-08T22:12:55.5667856Z tardis/visualization/widgets/tests/test_custom_abundance.py::TestCustomAbundanceWidget::test_update_input_item_value
2025-01-08T22:12:55.5668797Z tardis/visualization/widgets/tests/test_custom_abundance.py::TestCustomAbundanceWidget::test_update_input_item_value
2025-01-08T22:12:55.5669577Z tardis/visualization/widgets/tests/test_custom_abundance.py::TestCustomAbundanceWidget::test_update_input_item_value
2025-01-08T22:12:55.5670353Z tardis/visualization/widgets/tests/test_custom_abundance.py::TestCustomAbundanceWidget::test_update_input_item_value
2025-01-08T22:12:55.5671131Z   /home/runner/micromamba/envs/tardis/lib/python3.12/site-packages/traitlets/traitlets.py:1385: DeprecationWarning:
2025-01-08T22:12:55.5671742Z   
2025-01-08T22:12:55.5672029Z   Passing unrecognized arguments to super(Checkbox).__init__(icon='lock').
2025-01-08T22:12:55.5672681Z   object.__init__() takes exactly one argument (the instance to initialize)
2025-01-08T22:12:55.5673186Z   This is deprecated in traitlets 4.2.This error will be raised in a future release of traitlets.
2025-01-08T22:12:55.5673511Z 
2025-01-08T22:12:55.5673870Z tardis/visualization/widgets/tests/test_custom_abundance.py::TestCustomAbundanceWidget::test_update_input_item_value
2025-01-08T22:12:55.5674642Z tardis/visualization/widgets/tests/test_custom_abundance.py::TestCustomAbundanceWidget::test_update_input_item_value
2025-01-08T22:12:55.5675421Z   /home/runner/micromamba/envs/tardis/lib/python3.12/site-packages/traitlets/traitlets.py:1385: DeprecationWarning:
2025-01-08T22:12:55.5675918Z   
2025-01-08T22:12:55.5676182Z   Passing unrecognized arguments to super(FloatText).__init__(min=0).
2025-01-08T22:12:55.5676617Z   object.__init__() takes exactly one argument (the instance to initialize)
2025-01-08T22:12:55.5677119Z   This is deprecated in traitlets 4.2.This error will be raised in a future release of traitlets.
2025-01-08T22:12:55.5677452Z 
2025-01-08T22:12:55.5677802Z tardis/visualization/widgets/tests/test_custom_abundance.py::TestCustomAbundanceWidget::test_update_input_item_value
2025-01-08T22:12:55.5678571Z   /home/runner/micromamba/envs/tardis/lib/python3.12/site-packages/traitlets/traitlets.py:1385: DeprecationWarning:
2025-01-08T22:12:55.5679072Z   
2025-01-08T22:12:55.5679339Z   Passing unrecognized arguments to super(HTML).__init__(indent=True).
2025-01-08T22:12:55.5679769Z   object.__init__() takes exactly one argument (the instance to initialize)
2025-01-08T22:12:55.5680259Z   This is deprecated in traitlets 4.2.This error will be raised in a future release of traitlets.
2025-01-08T22:12:55.5680579Z 
2025-01-08T22:12:55.5681007Z tardis/visualization/widgets/tests/test_line_info.py::TestLineInfoWidgetData::test_get_species_interactions[wavelength_range0-packet_out_nu]
2025-01-08T22:12:55.5681840Z   /home/runner/micromamba/envs/tardis/lib/python3.12/site-packages/qgridnext/grid.py:814: DeprecationWarning:
2025-01-08T22:12:55.5682415Z   
2025-01-08T22:12:55.5682747Z   QgridWidget._df_changed is deprecated in traitlets 4.1: use @observe and @unobserve instead.
2025-01-08T22:12:55.5683077Z 
2025-01-08T22:12:55.5683341Z tardis/visualization/widgets/tests/test_shell_info.py::TestHDFShellInfo::test_shells_data
2025-01-08T22:12:55.5683889Z   /home/runner/work/tardis/tardis/tardis/io/util.py:289: PerformanceWarning:
2025-01-08T22:12:55.5684250Z   
2025-01-08T22:12:55.5684403Z   
2025-01-08T22:12:55.5684695Z   your performance may suffer as PyTables will pickle object types that it cannot
2025-01-08T22:12:55.5685230Z   map directly to c-types [inferred_type->mixed,key->block0_values] [items->Index([0], dtype='int64')]
2025-01-08T22:12:55.5685569Z 
2025-01-08T22:12:55.5685828Z tardis/visualization/widgets/tests/test_shell_info.py::TestHDFShellInfo::test_shells_data
2025-01-08T22:12:55.5686372Z   /home/runner/work/tardis/tardis/tardis/io/util.py:292: PerformanceWarning:
2025-01-08T22:12:55.5686725Z   
2025-01-08T22:12:55.5686879Z   
2025-01-08T22:12:55.5687164Z   your performance may suffer as PyTables will pickle object types that it cannot
2025-01-08T22:12:55.5687625Z   map directly to c-types [inferred_type->mixed,key->values] [items->None]
2025-01-08T22:12:55.5687887Z 
2025-01-08T22:12:55.5688269Z tardis/visualization/widgets/tests/test_shell_info.py::TestHDFShellInfo::test_shells_data
2025-01-08T22:12:55.5688848Z   /home/runner/work/tardis/tardis/tardis/spectrum/formal_integral.py:398: UserWarning:
2025-01-08T22:12:55.5689255Z   
2025-01-08T22:12:55.5689535Z   The number of interpolate_shells was not specified. The value was set to 80.
2025-01-08T22:12:55.5689805Z 
2025-01-08T22:12:55.5689997Z -- Docs: https://docs.pytest.org/en/stable/how-to/capture-warnings.html
2025-01-08T22:12:55.5690272Z 
2025-01-08T22:12:55.5690435Z ---------- coverage: platform linux, python 3.12.4-final-0 -----------
2025-01-08T22:12:55.5690911Z Coverage HTML written to dir coverage_html_report
2025-01-08T22:12:55.5691207Z Coverage XML written to file coverage.xml
2025-01-08T22:12:55.5691387Z 
2025-01-08T22:12:55.5691627Z = 1438 passed, 329 skipped, 2 deselected, 19 xfailed, 8 xpassed, 91 warnings in 745.33s (0:12:25) =
2025-01-08T22:12:57.7000478Z ##[group]Run pytest tardis --tardis-regression-data=/home/runner/work/tardis/tardis/tardis-regression-data --cov=tardis --cov-report=xml --cov-report=html --cov-append --generate-reference -m "not continuum"
2025-01-08T22:12:57.7001895Z [36;1mpytest tardis --tardis-regression-data=/home/runner/work/tardis/tardis/tardis-regression-data --cov=tardis --cov-report=xml --cov-report=html --cov-append --generate-reference -m "not continuum"[0m
2025-01-08T22:12:57.7034581Z shell: /usr/bin/bash -l {0}
2025-01-08T22:12:57.7034817Z env:
2025-01-08T22:12:57.7034988Z   CACHE_NUMBER: 0
2025-01-08T22:12:57.7035594Z   PYTEST_FLAGS: --tardis-regression-data=/home/runner/work/tardis/tardis/tardis-regression-data --cov=tardis --cov-report=xml --cov-report=html --cov-append
2025-01-08T22:12:57.7036403Z   CODECOV_TOKEN: ***
2025-01-08T22:12:57.7036639Z   MAMBA_ROOT_PREFIX: /home/runner/micromamba
2025-01-08T22:12:57.7036938Z   MAMBA_EXE: /home/runner/micromamba-bin/micromamba
2025-01-08T22:12:57.7037311Z   CONDARC: /home/runner/work/_temp/setup-micromamba/.condarc
2025-01-08T22:12:57.7037618Z ##[endgroup]
2025-01-08T22:13:05.0582820Z ============================= test session starts ==============================
2025-01-08T22:13:05.0583562Z platform linux -- Python 3.12.4, pytest-8.2.2, pluggy-1.5.0
2025-01-08T22:13:05.0584135Z rootdir: /home/runner/work/tardis/tardis
2025-01-08T22:13:05.0584690Z configfile: pyproject.toml
2025-01-08T22:13:05.0585267Z plugins: anyio-4.4.0, doctestplus-1.2.1, cov-5.0.0, html-4.1.1, metadata-3.1.1
2025-01-08T22:13:05.0585957Z collected 1796 items / 2 deselected / 1794 selected
2025-01-08T22:13:05.0586306Z 
2025-01-08T22:13:09.9554830Z tardis/energy_input/tests/test_energy_source.py ..xxx                    [  0%]
2025-01-08T22:13:12.5620625Z tardis/energy_input/tests/test_gamma_ray_channel.py ...........          [  0%]
2025-01-08T22:13:14.1414503Z tardis/energy_input/tests/test_gamma_ray_grid.py xx.                     [  1%]
2025-01-08T22:13:15.8845287Z tardis/energy_input/tests/test_gamma_ray_interactions.py xx....          [  1%]
2025-01-08T22:13:15.8936250Z tardis/energy_input/tests/test_gamma_ray_packet_source.py sssssssss      [  1%]
2025-01-08T22:13:17.1631076Z tardis/energy_input/tests/test_util.py .....xxxx.....                    [  2%]
2025-01-08T22:13:17.4986860Z tardis/grid/tests/test_grid.py .                                         [  2%]
2025-01-08T22:13:17.5003000Z tardis/gui/tests/test_gui.py s                                           [  2%]
2025-01-08T22:13:21.0058576Z tardis/io/configuration/tests/test_config_reader.py ...........          [  3%]
2025-01-08T22:13:21.0188577Z tardis/io/configuration/tests/test_configuration_namespace.py .........  [  3%]
2025-01-08T22:13:21.0463203Z tardis/io/logger/tests/test_logging.py ssssssssssssssssssssssssssss      [  5%]
2025-01-08T22:13:21.0488372Z tardis/io/model/readers/tests/test_arepo_parser.py ss                    [  5%]
2025-01-08T22:13:21.0631459Z tardis/io/model/readers/tests/test_ascii_readers.py ...                  [  5%]
2025-01-08T22:13:21.0739788Z tardis/io/model/readers/tests/test_cmfgen_reader.py ..                   [  5%]
2025-01-08T22:13:21.1037502Z tardis/io/model/readers/tests/test_csvy_reader.py ....                   [  6%]
2025-01-08T22:13:21.1240674Z tardis/io/model/readers/tests/test_stella_reader.py ..                   [  6%]
2025-01-08T22:13:21.4311523Z tardis/io/tests/test_HDFWriter.py ...............                        [  7%]
2025-01-08T22:13:21.6993821Z tardis/io/tests/test_atomic.py .....                                     [  7%]
2025-01-08T22:13:21.7346004Z tardis/io/tests/test_decay.py ..                                         [  7%]
2025-01-08T22:13:21.9318299Z tardis/io/tests/test_model_reader.py ......                              [  7%]
2025-01-08T22:13:21.9390067Z tardis/model/geometry/tests/test_radial1d.py ..                          [  7%]
2025-01-08T22:14:20.4477266Z tardis/model/tests/test_base.py ........................................ [ 10%]
2025-01-08T22:14:21.4386567Z ............                                                             [ 10%]
2025-01-08T22:14:24.5009076Z tardis/model/tests/test_csvy_model.py .........                          [ 11%]
2025-01-08T22:14:24.5504640Z tardis/model/tests/test_density.py ..                                    [ 11%]
2025-01-08T22:14:26.1506810Z tardis/opacities/tests/test_opacity_solver.py .....                      [ 11%]
2025-01-08T22:14:27.4929354Z tardis/opacities/tests/test_opacity_state_numba.py .....                 [ 11%]
2025-01-08T22:14:29.2606740Z tardis/opacities/tests/test_tau_sobolev.py ss                            [ 12%]
2025-01-08T22:14:32.0473204Z tardis/plasma/equilibrium/tests/test_collisional_transitions.py ...      [ 12%]
2025-01-08T22:15:17.4660798Z tardis/plasma/equilibrium/tests/test_level_populations.py ...s           [ 12%]
2025-01-08T22:15:28.6563211Z tardis/plasma/equilibrium/tests/test_rate_matrix.py s                    [ 12%]
2025-01-08T22:15:30.2881923Z tardis/plasma/tests/test_complete_plasmas.py sssssssssssssssssssssssssss [ 13%]
2025-01-08T22:15:33.2097800Z ssssssssssssssssssssssssssssssssssssssssssssssssssssssssssssssssssssssss [ 18%]
2025-01-08T22:15:34.7278953Z ssssssssssssssssssssssssssssssssssssssssssssssssssssssssssssssssssssssss [ 22%]
2025-01-08T22:15:38.0399416Z ssssssssssssssssssssssssssssssssssssssssssssssssssssssssssssssssssssssss [ 26%]
2025-01-08T22:15:41.0490108Z ssssssssssssssssssssssssssssssssssssssssssssssssssssssssssssssssssssssss [ 30%]
2025-01-08T22:15:41.9840275Z ssssssssssssssssssssssssssssssssssssssssssssssssssssssssssssssssssssssss [ 34%]
2025-01-08T22:15:45.9968552Z ssssssssssssssssssssssssssssssssssssssssssssssssssssssssssssssssssssssss [ 38%]
2025-01-08T22:15:49.3465852Z ssssssssssssssssssssssssssssssssssssssssssssssssssssssssssssssssssssssss [ 42%]
2025-01-08T22:15:52.5397530Z ssssssssssssssssssssssssssssssssssssssssssssssssssssssssssssssssssssssss [ 46%]
2025-01-08T22:15:54.5798224Z ssssssssssssssssssssssssssssssssssssssssssssssssssssssssssssssssssssssss [ 50%]
2025-01-08T22:15:57.6498029Z ssssssssssssssssssssssssssssssssssssssssssssssssssssssssssssssssssssssss [ 54%]
2025-01-08T22:16:01.2349886Z ssssssssssssssssssssssssssssssssssssssssssssssssssssssssssssssssssssssss [ 58%]
2025-01-08T22:16:01.2972545Z sssssssssssssssssssssssssssssssssssssssss                                [ 60%]
2025-01-08T22:16:01.4123105Z tardis/plasma/tests/test_hdf_plasma.py sssssssss..sssssssssss.ssssssssss [ 62%]
2025-01-08T22:16:01.4246100Z ssssss                                                                   [ 62%]
2025-01-08T22:16:01.5566229Z tardis/plasma/tests/test_nlte_excitation.py sss                          [ 62%]
2025-01-08T22:18:18.1183953Z tardis/plasma/tests/test_nlte_solver.py ss...X                           [ 63%]
2025-01-08T22:18:18.1211635Z tardis/plasma/tests/test_plasma_continuum.py s                           [ 63%]
2025-01-08T22:18:41.3835417Z tardis/plasma/tests/test_plasma_vboundary.py .............               [ 63%]
2025-01-08T22:18:55.1846530Z tardis/plasma/tests/test_tardis_model_density_config.py sss              [ 64%]
2025-01-08T22:18:55.9319807Z tardis/simulation/tests/test_convergence.py .....                        [ 64%]
2025-01-08T22:19:04.5174296Z tardis/simulation/tests/test_simulation.py ssssssssss...                 [ 65%]
2025-01-08T22:19:04.5374162Z tardis/spectrum/tests/test_cuda_formal_integral.py sssssssssssssssssssss [ 66%]
2025-01-08T22:19:05.0275514Z ssss...ssssssssssssssssssssss                                            [ 67%]
2025-01-08T22:19:05.0350689Z tardis/spectrum/tests/test_luminosity.py ....                            [ 68%]
2025-01-08T22:19:06.6338685Z tardis/spectrum/tests/test_numba_formal_integral.py .................... [ 69%]
2025-01-08T22:19:06.6538514Z ..........                                                               [ 69%]
2025-01-08T22:19:07.3852528Z tardis/spectrum/tests/test_spectrum.py ................................. [ 71%]
2025-01-08T22:19:07.4183549Z .........                                                                [ 72%]
2025-01-08T22:20:39.6766370Z tardis/spectrum/tests/test_spectrum_solver.py ssss                       [ 72%]
2025-01-08T22:22:46.3829569Z tardis/tests/test_tardis_full.py .sss                                    [ 72%]
2025-01-08T22:24:00.7130528Z tardis/tests/test_tardis_full_formal_integral.py ssssssssssssssss        [ 73%]
2025-01-08T22:24:00.7951642Z tardis/tests/test_util.py .............................................  [ 75%]
2025-01-08T22:24:03.4279292Z tardis/transport/montecarlo/tests/test_base.py x.....................    [ 77%]
2025-01-08T22:24:11.1006963Z tardis/transport/montecarlo/tests/test_interaction.py .......            [ 77%]
2025-01-08T22:24:11.3173216Z tardis/transport/montecarlo/tests/test_macro_atom.py ....                [ 77%]
2025-01-08T22:24:11.3353134Z tardis/transport/montecarlo/tests/test_montecarlo.py sssssssssssssssssss [ 78%]
2025-01-08T22:24:11.3785730Z sssssssssssssssssssssssssssssssssssssssssssss                            [ 81%]
2025-01-08T22:26:27.0126939Z tardis/transport/montecarlo/tests/test_montecarlo_main_loop.py xss       [ 81%]
2025-01-08T22:26:27.0194316Z tardis/transport/montecarlo/tests/test_nonhomologous.py ...              [ 81%]
2025-01-08T22:26:33.1683192Z tardis/transport/montecarlo/tests/test_numba_interface.py .....x.        [ 82%]
2025-01-08T22:26:33.6498276Z tardis/transport/montecarlo/tests/test_opacities.py ...............      [ 82%]
2025-01-08T22:26:34.6759957Z tardis/transport/montecarlo/tests/test_packet.py .................xXXXXX [ 84%]
2025-01-08T22:26:34.8157505Z XX.........                                                              [ 84%]
2025-01-08T22:26:34.8515352Z tardis/transport/montecarlo/tests/test_packet_source.py ssssssss         [ 85%]
2025-01-08T22:26:35.1590173Z tardis/transport/montecarlo/tests/test_rpacket_last_interaction_tracker.py . [ 85%]
2025-01-08T22:26:35.5833939Z .....                                                                    [ 85%]
2025-01-08T22:27:10.1438926Z tardis/transport/montecarlo/tests/test_rpacket_tracker.py ....s.         [ 85%]
2025-01-08T22:27:10.1724041Z tardis/transport/montecarlo/tests/test_single_packet_loop.py xxx         [ 86%]
2025-01-08T22:27:10.1756783Z tardis/transport/montecarlo/tests/test_tracker_utils.py ..               [ 86%]
2025-01-08T22:27:12.5880082Z tardis/transport/montecarlo/tests/test_vpacket.py ..x.                   [ 86%]
2025-01-08T22:27:12.6086042Z tardis/transport/montecarlo/tests/test_weighted_packet_source.py ssss    [ 86%]
2025-01-08T22:27:16.0383378Z tardis/transport/montecarlo/tests/test_weighted_packet_source_integration.py . [ 86%]
2025-01-08T22:27:16.0385258Z                                                                          [ 86%]
2025-01-08T22:27:16.7887297Z tardis/transport/tests/test_doppler_factor.py ..................         [ 87%]
2025-01-08T22:27:18.1293880Z tardis/visualization/tools/tests/test_convergence_plot.py .............. [ 88%]
2025-01-08T22:27:20.3802075Z ......                                                                   [ 88%]
2025-01-08T22:27:25.6689539Z tardis/visualization/tools/tests/test_liv_plot.py ssssssssssssssssssssss [ 90%]
2025-01-08T22:27:29.1948906Z sssssssssssssssssssssssssssss                                            [ 91%]
2025-01-08T22:27:32.0568417Z tardis/visualization/tools/tests/test_rpacket_plot.py .................. [ 92%]
2025-01-08T22:27:39.0738671Z ....                                                                     [ 92%]
2025-01-08T22:27:45.7507672Z tardis/visualization/tools/tests/test_sdec_plot.py sssssssssssssssssssss [ 94%]
2025-01-08T22:27:55.5373269Z ssssssssssssssssssssssssssssss                                           [ 95%]
2025-01-08T22:27:55.9735557Z tardis/visualization/widgets/tests/test_custom_abundance.py ........ss.. [ 96%]
2025-01-08T22:27:56.0474034Z ....                                                                     [ 96%]
2025-01-08T22:27:57.1141340Z tardis/visualization/widgets/tests/test_line_info.py ................... [ 97%]
2025-01-08T22:27:57.7545281Z ..................                                                       [ 98%]
2025-01-08T22:29:01.1697193Z tardis/visualization/widgets/tests/test_shell_info.py .................. [ 99%]
2025-01-08T22:29:05.6920682Z ......                                                                   [100%]
2025-01-08T22:29:05.6921231Z 
2025-01-08T22:29:05.6921507Z =============================== warnings summary ===============================
2025-01-08T22:29:05.6922060Z tardis/io/configuration/config_validator.py:6
2025-01-08T22:29:05.6922972Z tardis/io/configuration/config_validator.py:6
2025-01-08T22:29:05.6924089Z   /home/runner/work/tardis/tardis/tardis/io/configuration/config_validator.py:6: DeprecationWarning:
2025-01-08T22:29:05.6925117Z   
2025-01-08T22:29:05.6927490Z   jsonschema.RefResolver is deprecated as of v4.18.0, in favor of the https://github.com/python-jsonschema/referencing library, which provides more compliant referencing behavior as well as more flexible APIs for customization. A future release will remove RefResolver. Please file a feature request (on referencing) if you are missing an API for the kind of customization you need.
2025-01-08T22:29:05.6929111Z 
2025-01-08T22:29:05.6929404Z ../../../micromamba/envs/tardis/lib/python3.12/site-packages/jupyter_client/connect.py:22
2025-01-08T22:29:05.6930232Z   /home/runner/micromamba/envs/tardis/lib/python3.12/site-packages/jupyter_client/connect.py:22: DeprecationWarning:
2025-01-08T22:29:05.6930855Z   
2025-01-08T22:29:05.6931141Z   Jupyter is migrating its paths to use standard platformdirs
2025-01-08T22:29:05.6931610Z   given by the platformdirs library.  To remove this warning and
2025-01-08T22:29:05.6932095Z   see the appropriate new directories, set the environment variable
2025-01-08T22:29:05.6932988Z   `JUPYTER_PLATFORM_DIRS=1` and then run `jupyter --paths`.
2025-01-08T22:29:05.6933699Z   The use of platformdirs will be the default in `jupyter_core` v6
2025-01-08T22:29:05.6934152Z 
2025-01-08T22:29:05.6934353Z tardis/io/tests/test_HDFWriter.py: 1 warning
2025-01-08T22:29:05.6934961Z tardis/plasma/tests/test_complete_plasmas.py: 20 warnings
2025-01-08T22:29:05.6935642Z tardis/spectrum/tests/test_spectrum_solver.py: 1 warning
2025-01-08T22:29:05.6936240Z tardis/tests/test_tardis_full.py: 1 warning
2025-01-08T22:29:05.6936964Z tardis/transport/montecarlo/tests/test_montecarlo_main_loop.py: 2 warnings
2025-01-08T22:29:05.6937825Z tardis/visualization/widgets/tests/test_shell_info.py: 1 warning
2025-01-08T22:29:05.6938470Z   /home/runner/work/tardis/tardis/tardis/io/util.py:276: PerformanceWarning:
2025-01-08T22:29:05.6938919Z   
2025-01-08T22:29:05.6939103Z   
2025-01-08T22:29:05.6939451Z   your performance may suffer as PyTables will pickle object types that it cannot
2025-01-08T22:29:05.6940021Z   map directly to c-types [inferred_type->mixed,key->block0_values] [items->Index([0], dtype='int64')]
2025-01-08T22:29:05.6940364Z 
2025-01-08T22:29:05.6940583Z tardis/io/tests/test_model_reader.py::test_read_cmfgen_isotope_abundances
2025-01-08T22:29:05.6941075Z tardis/plasma/tests/test_tardis_model_density_config.py::test_electron_densities
2025-01-08T22:29:05.6941614Z tardis/plasma/tests/test_tardis_model_density_config.py::test_isotope_number_densities
2025-01-08T22:29:05.6942117Z tardis/plasma/tests/test_tardis_model_density_config.py::test_t_rad
2025-01-08T22:29:05.6942922Z   /home/runner/work/tardis/tardis/tardis/io/model/readers/cmfgen_deprecated.py:82: DeprecationWarning:
2025-01-08T22:29:05.6943393Z   
2025-01-08T22:29:05.6943596Z   The current CMFGEN model parser is deprecated
2025-01-08T22:29:05.6943794Z 
2025-01-08T22:29:05.6943902Z tardis/io/tests/test_model_reader.py: 1 warning
2025-01-08T22:29:05.6944264Z tardis/plasma/tests/test_tardis_model_density_config.py: 9 warnings
2025-01-08T22:29:05.6945065Z   /home/runner/work/tardis/tardis/tardis/io/model/readers/cmfgen_deprecated.py:40: DeprecationWarning:
2025-01-08T22:29:05.6945529Z   
2025-01-08T22:29:05.6945722Z   The current CMFGEN model parser is deprecated
2025-01-08T22:29:05.6945908Z 
2025-01-08T22:29:05.6946263Z tardis/model/tests/test_base.py::TestModelFromPaper1Config::test_abundances
2025-01-08T22:29:05.6946925Z   /home/runner/work/tardis/tardis/tardis/transport/montecarlo/montecarlo_main_loop.py:123: NumbaTypeSafetyWarning:
2025-01-08T22:29:05.6947442Z   
2025-01-08T22:29:05.6947949Z   [1m[1m[1munsafe cast from uint64 to int64. Precision may be lost.[0m[0m[0m
2025-01-08T22:29:05.6948217Z 
2025-01-08T22:29:05.6948340Z tardis/model/tests/test_base.py: 6 warnings
2025-01-08T22:29:05.6948851Z tardis/model/tests/test_csvy_model.py: 2 warnings
2025-01-08T22:29:05.6949457Z tardis/plasma/tests/test_tardis_model_density_config.py: 3 warnings
2025-01-08T22:29:05.6950003Z   /home/runner/work/tardis/tardis/tardis/model/geometry/radial1d.py:50: DeprecationWarning:
2025-01-08T22:29:05.6950422Z   
2025-01-08T22:29:05.6950611Z   v_inner_boundary < 0, assuming default value
2025-01-08T22:29:05.6950793Z 
2025-01-08T22:29:05.6950896Z tardis/model/tests/test_base.py: 6 warnings
2025-01-08T22:29:05.6951187Z tardis/model/tests/test_csvy_model.py: 2 warnings
2025-01-08T22:29:05.6951553Z tardis/plasma/tests/test_tardis_model_density_config.py: 3 warnings
2025-01-08T22:29:05.6952071Z   /home/runner/work/tardis/tardis/tardis/model/geometry/radial1d.py:61: DeprecationWarning:
2025-01-08T22:29:05.6952688Z   
2025-01-08T22:29:05.6952882Z   v_outer_boundary < 0, assuming default value
2025-01-08T22:29:05.6953069Z 
2025-01-08T22:29:05.6953540Z tardis/plasma/equilibrium/tests/test_level_populations.py::TestLevelPopulationSolver::test_solve[collisional_rate_solver0-radiative_transitions0]
2025-01-08T22:29:05.6954375Z   /home/runner/work/tardis/tardis/tardis/plasma/equilibrium/level_populations.py:65: FutureWarning:
2025-01-08T22:29:05.6954830Z   
2025-01-08T22:29:05.6955187Z   A value is trying to be set on a copy of a DataFrame or Series through chained assignment using an inplace method.
2025-01-08T22:29:05.6955987Z   The behavior will change in pandas 3.0. This inplace method will never work because the intermediate object on which we are setting values always behaves as a copy.
2025-01-08T22:29:05.6956575Z   
2025-01-08T22:29:05.6957181Z   For example, when doing 'df[col].method(value, inplace=True)', try using 'df.method({col: value}, inplace=True)' or df[col] = df[col].method(value) instead, to perform the operation inplace on the original object.
2025-01-08T22:29:05.6957782Z 
2025-01-08T22:29:05.6958238Z tardis/plasma/equilibrium/tests/test_level_populations.py::TestLevelPopulationSolver::test_solve[collisional_rate_solver0-radiative_transitions0]
2025-01-08T22:29:05.6959136Z tardis/plasma/equilibrium/tests/test_rate_matrix.py::test_rate_matrix_solver[collisional_rate_solver0-radiative_transitions0]
2025-01-08T22:29:05.6959884Z   /home/runner/work/tardis/tardis/tardis/tests/fixtures/regression_data.py:82: PerformanceWarning:
2025-01-08T22:29:05.6960332Z   
2025-01-08T22:29:05.6960484Z   
2025-01-08T22:29:05.6960774Z   your performance may suffer as PyTables will pickle object types that it cannot
2025-01-08T22:29:05.6961248Z   map directly to c-types [inferred_type->integer,key->axis0] [items->None]
2025-01-08T22:29:05.6961521Z 
2025-01-08T22:29:05.6961975Z tardis/plasma/equilibrium/tests/test_level_populations.py::TestLevelPopulationSolver::test_solve[collisional_rate_solver0-radiative_transitions0]
2025-01-08T22:29:05.6963062Z tardis/plasma/equilibrium/tests/test_rate_matrix.py::test_rate_matrix_solver[collisional_rate_solver0-radiative_transitions0]
2025-01-08T22:29:05.6963809Z   /home/runner/work/tardis/tardis/tardis/tests/fixtures/regression_data.py:82: PerformanceWarning:
2025-01-08T22:29:05.6964262Z   
2025-01-08T22:29:05.6964415Z   
2025-01-08T22:29:05.6964700Z   your performance may suffer as PyTables will pickle object types that it cannot
2025-01-08T22:29:05.6965373Z   map directly to c-types [inferred_type->integer,key->block0_items] [items->None]
2025-01-08T22:29:05.6965663Z 
2025-01-08T22:29:05.6966140Z tardis/plasma/equilibrium/tests/test_rate_matrix.py::test_rate_matrix_solver[collisional_rate_solver0-radiative_transitions0]
2025-01-08T22:29:05.6966896Z   /home/runner/work/tardis/tardis/tardis/tests/fixtures/regression_data.py:82: PerformanceWarning:
2025-01-08T22:29:05.6967337Z   
2025-01-08T22:29:05.6967488Z   
2025-01-08T22:29:05.6967778Z   your performance may suffer as PyTables will pickle object types that it cannot
2025-01-08T22:29:05.6968420Z   map directly to c-types [inferred_type->mixed,key->block0_values] [items->Index([0, 1, 2, 3, 4, 5, 6, 7, 8, 9, 10, 11, 12, 13, 14, 15, 16, 17, 18, 19], dtype='object')]
2025-01-08T22:29:05.6968859Z 
2025-01-08T22:29:05.6969010Z tardis/plasma/tests/test_complete_plasmas.py: 20 warnings
2025-01-08T22:29:05.6969379Z tardis/spectrum/tests/test_spectrum_solver.py: 1 warning
2025-01-08T22:29:05.6969704Z tardis/tests/test_tardis_full.py: 1 warning
2025-01-08T22:29:05.6970083Z tardis/transport/montecarlo/tests/test_montecarlo_main_loop.py: 2 warnings
2025-01-08T22:29:05.6970541Z tardis/visualization/widgets/tests/test_shell_info.py: 1 warning
2025-01-08T22:29:05.6971006Z   /home/runner/work/tardis/tardis/tardis/io/util.py:289: PerformanceWarning:
2025-01-08T22:29:05.6971369Z   
2025-01-08T22:29:05.6971521Z   
2025-01-08T22:29:05.6971804Z   your performance may suffer as PyTables will pickle object types that it cannot
2025-01-08T22:29:05.6972601Z   map directly to c-types [inferred_type->mixed,key->block0_values] [items->Index([0], dtype='int64')]
2025-01-08T22:29:05.6972950Z 
2025-01-08T22:29:05.6973267Z tardis/plasma/tests/test_complete_plasmas.py::TestPlasma::test_plasma_properties[ionization:nebular-beta_rad]
2025-01-08T22:29:05.6974003Z tardis/plasma/tests/test_complete_plasmas.py::TestPlasma::test_plasma_properties[helium_treatment:recomb-nlte-beta_rad]
2025-01-08T22:29:05.6974839Z tardis/plasma/tests/test_complete_plasmas.py::TestPlasma::test_plasma_properties[helium_treatment:recomb-nlte-delta_treatment:0.5-beta_rad]
2025-01-08T22:29:05.6975531Z   /home/runner/work/tardis/tardis/tardis/io/util.py:280: PerformanceWarning:
2025-01-08T22:29:05.6975889Z   
2025-01-08T22:29:05.6976046Z   
2025-01-08T22:29:05.6976331Z   your performance may suffer as PyTables will pickle object types that it cannot
2025-01-08T22:29:05.6976797Z   map directly to c-types [inferred_type->floating,key->axis0] [items->None]
2025-01-08T22:29:05.6977067Z 
2025-01-08T22:29:05.6977372Z tardis/plasma/tests/test_complete_plasmas.py::TestPlasma::test_plasma_properties[ionization:nebular-beta_rad]
2025-01-08T22:29:05.6978095Z tardis/plasma/tests/test_complete_plasmas.py::TestPlasma::test_plasma_properties[helium_treatment:recomb-nlte-beta_rad]
2025-01-08T22:29:05.6978924Z tardis/plasma/tests/test_complete_plasmas.py::TestPlasma::test_plasma_properties[helium_treatment:recomb-nlte-delta_treatment:0.5-beta_rad]
2025-01-08T22:29:05.6979616Z   /home/runner/work/tardis/tardis/tardis/io/util.py:280: PerformanceWarning:
2025-01-08T22:29:05.6979968Z   
2025-01-08T22:29:05.6980120Z   
2025-01-08T22:29:05.6980401Z   your performance may suffer as PyTables will pickle object types that it cannot
2025-01-08T22:29:05.6980891Z   map directly to c-types [inferred_type->floating,key->block0_items] [items->None]
2025-01-08T22:29:05.6981182Z 
2025-01-08T22:29:05.6981328Z tardis/plasma/tests/test_complete_plasmas.py: 20 warnings
2025-01-08T22:29:05.6981691Z tardis/spectrum/tests/test_spectrum_solver.py: 1 warning
2025-01-08T22:29:05.6982011Z tardis/tests/test_tardis_full.py: 1 warning
2025-01-08T22:29:05.6982509Z tardis/tests/test_tardis_full_formal_integral.py: 4 warnings
2025-01-08T22:29:05.6982954Z tardis/transport/montecarlo/tests/test_montecarlo_main_loop.py: 2 warnings
2025-01-08T22:29:05.6983411Z tardis/visualization/widgets/tests/test_shell_info.py: 1 warning
2025-01-08T22:29:05.6984004Z   /home/runner/work/tardis/tardis/tardis/io/util.py:292: PerformanceWarning:
2025-01-08T22:29:05.6984360Z   
2025-01-08T22:29:05.6984511Z   
2025-01-08T22:29:05.6984797Z   your performance may suffer as PyTables will pickle object types that it cannot
2025-01-08T22:29:05.6985359Z   map directly to c-types [inferred_type->mixed,key->values] [items->None]
2025-01-08T22:29:05.6985625Z 
2025-01-08T22:29:05.6985837Z tardis/plasma/tests/test_plasma_vboundary.py::test_plasma_vboundary[2900-3750]
2025-01-08T22:29:05.6986339Z tardis/plasma/tests/test_plasma_vboundary.py::test_plasma_vboundary[2900-3850]
2025-01-08T22:29:05.6986829Z tardis/plasma/tests/test_plasma_vboundary.py::test_plasma_vboundary[2900-3900]
2025-01-08T22:29:05.6987353Z   /home/runner/work/tardis/tardis/tardis/model/geometry/radial1d.py:71: UserWarning:
2025-01-08T22:29:05.6987743Z   
2025-01-08T22:29:05.6988019Z   Requesting inner boundary below inner shell. Extrapolating the inner cell
2025-01-08T22:29:05.6988297Z 
2025-01-08T22:29:05.6988541Z tardis/spectrum/tests/test_spectrum_solver.py::TestSpectrumSolver::test_initialization
2025-01-08T22:29:05.6989070Z tardis/tests/test_tardis_full.py::TestTransportSimple::test_j_blue_estimators
2025-01-08T22:29:05.6989609Z tardis/transport/montecarlo/tests/test_montecarlo_main_loop.py::test_montecarlo_main_loop
2025-01-08T22:29:05.6990247Z tardis/transport/montecarlo/tests/test_montecarlo_main_loop.py::test_montecarlo_main_loop_vpacket_log
2025-01-08T22:29:05.6990876Z tardis/visualization/widgets/tests/test_shell_info.py::TestHDFShellInfo::test_shells_data
2025-01-08T22:29:05.6991454Z   /home/runner/work/tardis/tardis/tardis/spectrum/formal_integral.py:398: UserWarning:
2025-01-08T22:29:05.6991849Z   
2025-01-08T22:29:05.6992127Z   The number of interpolate_shells was not specified. The value was set to 80.
2025-01-08T22:29:05.6992568Z 
2025-01-08T22:29:05.6992937Z tardis/tests/test_tardis_full_formal_integral.py::TestTransportSimpleFormalIntegral::test_simulation[-1-downbranch]
2025-01-08T22:29:05.6993699Z tardis/tests/test_tardis_full_formal_integral.py::TestTransportSimpleFormalIntegral::test_simulation[-1-macroatom]
2025-01-08T22:29:05.6994436Z tardis/tests/test_tardis_full_formal_integral.py::TestTransportSimpleFormalIntegral::test_simulation[30-macroatom]
2025-01-08T22:29:05.6995189Z tardis/tests/test_tardis_full_formal_integral.py::TestTransportSimpleFormalIntegral::test_simulation[30-downbranch]
2025-01-08T22:29:05.6997884Z tardis/transport/montecarlo/tests/test_montecarlo_main_loop.py::test_montecarlo_main_loop
2025-01-08T22:29:05.6999058Z   /home/runner/work/tardis/tardis/tardis/transport/montecarlo/montecarlo_transport_state.py:131: UserWarning:
2025-01-08T22:29:05.6999906Z   
2025-01-08T22:29:05.7000958Z   MontecarloTransport.virt_packet_nus:Set 'virtual_packet_logging: True' in the configuration fileto access this propertyIt should be added under 'virtual' property of 'spectrum' property
2025-01-08T22:29:05.7001959Z 
2025-01-08T22:29:05.7002718Z tardis/tests/test_tardis_full_formal_integral.py::TestTransportSimpleFormalIntegral::test_simulation[-1-downbranch]
2025-01-08T22:29:05.7004001Z tardis/tests/test_tardis_full_formal_integral.py::TestTransportSimpleFormalIntegral::test_simulation[-1-macroatom]
2025-01-08T22:29:05.7005309Z tardis/tests/test_tardis_full_formal_integral.py::TestTransportSimpleFormalIntegral::test_simulation[30-macroatom]
2025-01-08T22:29:05.7006546Z tardis/tests/test_tardis_full_formal_integral.py::TestTransportSimpleFormalIntegral::test_simulation[30-downbranch]
2025-01-08T22:29:05.7007663Z tardis/transport/montecarlo/tests/test_montecarlo_main_loop.py::test_montecarlo_main_loop
2025-01-08T22:29:05.7008809Z   /home/runner/work/tardis/tardis/tardis/transport/montecarlo/montecarlo_transport_state.py:145: UserWarning:
2025-01-08T22:29:05.7009632Z   
2025-01-08T22:29:05.7010604Z   MontecarloTransport.virt_packet_energies:Set 'virtual_packet_logging: True' in the configuration fileto access this propertyIt should be added under 'virtual' property of 'spectrum' property
2025-01-08T22:29:05.7011476Z 
2025-01-08T22:29:05.7011836Z tardis/tests/test_tardis_full_formal_integral.py::TestTransportSimpleFormalIntegral::test_simulation[-1-downbranch]
2025-01-08T22:29:05.7012867Z tardis/tests/test_tardis_full_formal_integral.py::TestTransportSimpleFormalIntegral::test_simulation[-1-macroatom]
2025-01-08T22:29:05.7013745Z tardis/tests/test_tardis_full_formal_integral.py::TestTransportSimpleFormalIntegral::test_simulation[30-macroatom]
2025-01-08T22:29:05.7014493Z tardis/tests/test_tardis_full_formal_integral.py::TestTransportSimpleFormalIntegral::test_simulation[30-downbranch]
2025-01-08T22:29:05.7015164Z tardis/transport/montecarlo/tests/test_montecarlo_main_loop.py::test_montecarlo_main_loop
2025-01-08T22:29:05.7015841Z   /home/runner/work/tardis/tardis/tardis/transport/montecarlo/montecarlo_transport_state.py:176: UserWarning:
2025-01-08T22:29:05.7016334Z   
2025-01-08T22:29:05.7016979Z   MontecarloTransport.virt_packet_initial_rs:Set 'virtual_packet_logging: True' in the configuration fileto access this propertyIt should be added under 'virtual' property of 'spectrum' property
2025-01-08T22:29:05.7017613Z 
2025-01-08T22:29:05.7017947Z tardis/tests/test_tardis_full_formal_integral.py::TestTransportSimpleFormalIntegral::test_simulation[-1-downbranch]
2025-01-08T22:29:05.7018693Z tardis/tests/test_tardis_full_formal_integral.py::TestTransportSimpleFormalIntegral::test_simulation[-1-macroatom]
2025-01-08T22:29:05.7019424Z tardis/tests/test_tardis_full_formal_integral.py::TestTransportSimpleFormalIntegral::test_simulation[30-macroatom]
2025-01-08T22:29:05.7020158Z tardis/tests/test_tardis_full_formal_integral.py::TestTransportSimpleFormalIntegral::test_simulation[30-downbranch]
2025-01-08T22:29:05.7020821Z tardis/transport/montecarlo/tests/test_montecarlo_main_loop.py::test_montecarlo_main_loop
2025-01-08T22:29:05.7021500Z   /home/runner/work/tardis/tardis/tardis/transport/montecarlo/montecarlo_transport_state.py:190: UserWarning:
2025-01-08T22:29:05.7021987Z   
2025-01-08T22:29:05.7022834Z   MontecarloTransport.virt_packet_initial_mus:Set 'virtual_packet_logging: True' in the configuration fileto access this propertyIt should be added under 'virtual' property of 'spectrum' property
2025-01-08T22:29:05.7023474Z 
2025-01-08T22:29:05.7023817Z tardis/tests/test_tardis_full_formal_integral.py::TestTransportSimpleFormalIntegral::test_simulation[-1-downbranch]
2025-01-08T22:29:05.7024555Z tardis/tests/test_tardis_full_formal_integral.py::TestTransportSimpleFormalIntegral::test_simulation[-1-macroatom]
2025-01-08T22:29:05.7025283Z tardis/tests/test_tardis_full_formal_integral.py::TestTransportSimpleFormalIntegral::test_simulation[30-macroatom]
2025-01-08T22:29:05.7026020Z tardis/tests/test_tardis_full_formal_integral.py::TestTransportSimpleFormalIntegral::test_simulation[30-downbranch]
2025-01-08T22:29:05.7026683Z tardis/transport/montecarlo/tests/test_montecarlo_main_loop.py::test_montecarlo_main_loop
2025-01-08T22:29:05.7027403Z   /home/runner/work/tardis/tardis/tardis/transport/montecarlo/montecarlo_transport_state.py:204: UserWarning:
2025-01-08T22:29:05.7027913Z   
2025-01-08T22:29:05.7028596Z   MontecarloTransport.virt_packet_last_interaction_in_nu:Set 'virtual_packet_logging: True' in the configuration fileto access this propertyIt should be added under 'virtual' property of 'spectrum' property
2025-01-08T22:29:05.7029271Z 
2025-01-08T22:29:05.7029618Z tardis/tests/test_tardis_full_formal_integral.py::TestTransportSimpleFormalIntegral::test_simulation[-1-downbranch]
2025-01-08T22:29:05.7030369Z tardis/tests/test_tardis_full_formal_integral.py::TestTransportSimpleFormalIntegral::test_simulation[-1-macroatom]
2025-01-08T22:29:05.7031111Z tardis/tests/test_tardis_full_formal_integral.py::TestTransportSimpleFormalIntegral::test_simulation[30-macroatom]
2025-01-08T22:29:05.7031849Z tardis/tests/test_tardis_full_formal_integral.py::TestTransportSimpleFormalIntegral::test_simulation[30-downbranch]
2025-01-08T22:29:05.7032677Z tardis/transport/montecarlo/tests/test_montecarlo_main_loop.py::test_montecarlo_main_loop
2025-01-08T22:29:05.7033489Z   /home/runner/work/tardis/tardis/tardis/transport/montecarlo/montecarlo_transport_state.py:218: UserWarning:
2025-01-08T22:29:05.7033983Z   
2025-01-08T22:29:05.7034755Z   MontecarloTransport.virt_packet_last_interaction_in_r:Set 'virtual_packet_logging: True' in the configuration fileto access this propertyIt should be added under 'virtual' property of 'spectrum' property
2025-01-08T22:29:05.7035425Z 
2025-01-08T22:29:05.7035765Z tardis/tests/test_tardis_full_formal_integral.py::TestTransportSimpleFormalIntegral::test_simulation[-1-downbranch]
2025-01-08T22:29:05.7036502Z tardis/tests/test_tardis_full_formal_integral.py::TestTransportSimpleFormalIntegral::test_simulation[-1-macroatom]
2025-01-08T22:29:05.7037235Z tardis/tests/test_tardis_full_formal_integral.py::TestTransportSimpleFormalIntegral::test_simulation[30-macroatom]
2025-01-08T22:29:05.7037969Z tardis/tests/test_tardis_full_formal_integral.py::TestTransportSimpleFormalIntegral::test_simulation[30-downbranch]
2025-01-08T22:29:05.7038642Z tardis/transport/montecarlo/tests/test_montecarlo_main_loop.py::test_montecarlo_main_loop
2025-01-08T22:29:05.7039314Z   /home/runner/work/tardis/tardis/tardis/transport/montecarlo/montecarlo_transport_state.py:232: UserWarning:
2025-01-08T22:29:05.7039802Z   
2025-01-08T22:29:05.7040482Z   MontecarloTransport.virt_packet_last_interaction_type:Set 'virtual_packet_logging: True' in the configuration fileto access this propertyIt should be added under 'virtual' property of 'spectrum' property
2025-01-08T22:29:05.7041146Z 
2025-01-08T22:29:05.7041478Z tardis/tests/test_tardis_full_formal_integral.py::TestTransportSimpleFormalIntegral::test_simulation[-1-downbranch]
2025-01-08T22:29:05.7042358Z tardis/tests/test_tardis_full_formal_integral.py::TestTransportSimpleFormalIntegral::test_simulation[-1-macroatom]
2025-01-08T22:29:05.7043106Z tardis/tests/test_tardis_full_formal_integral.py::TestTransportSimpleFormalIntegral::test_simulation[30-macroatom]
2025-01-08T22:29:05.7043838Z tardis/tests/test_tardis_full_formal_integral.py::TestTransportSimpleFormalIntegral::test_simulation[30-downbranch]
2025-01-08T22:29:05.7044802Z tardis/transport/montecarlo/tests/test_montecarlo_main_loop.py::test_montecarlo_main_loop
2025-01-08T22:29:05.7045995Z   /home/runner/work/tardis/tardis/tardis/transport/montecarlo/montecarlo_transport_state.py:246: UserWarning:
2025-01-08T22:29:05.7046862Z   
2025-01-08T22:29:05.7048075Z   MontecarloTransport.virt_packet_last_line_interaction_in_id:Set 'virtual_packet_logging: True' in the configuration fileto access this propertyIt should be added under 'virtual' property of 'spectrum' property
2025-01-08T22:29:05.7049298Z 
2025-01-08T22:29:05.7049975Z tardis/tests/test_tardis_full_formal_integral.py::TestTransportSimpleFormalIntegral::test_simulation[-1-downbranch]
2025-01-08T22:29:05.7051341Z tardis/tests/test_tardis_full_formal_integral.py::TestTransportSimpleFormalIntegral::test_simulation[-1-macroatom]
2025-01-08T22:29:05.7052904Z tardis/tests/test_tardis_full_formal_integral.py::TestTransportSimpleFormalIntegral::test_simulation[30-macroatom]
2025-01-08T22:29:05.7054231Z tardis/tests/test_tardis_full_formal_integral.py::TestTransportSimpleFormalIntegral::test_simulation[30-downbranch]
2025-01-08T22:29:05.7055423Z tardis/transport/montecarlo/tests/test_montecarlo_main_loop.py::test_montecarlo_main_loop
2025-01-08T22:29:05.7056631Z   /home/runner/work/tardis/tardis/tardis/transport/montecarlo/montecarlo_transport_state.py:260: UserWarning:
2025-01-08T22:29:05.7057523Z   
2025-01-08T22:29:05.7058760Z   MontecarloTransport.virt_packet_last_line_interaction_out_id:Set 'virtual_packet_logging: True' in the configuration fileto access this propertyIt should be added under 'virtual' property of 'spectrum' property
2025-01-08T22:29:05.7059846Z 
2025-01-08T22:29:05.7060214Z tardis/tests/test_tardis_full_formal_integral.py::TestTransportSimpleFormalIntegral::test_simulation[-1-downbranch]
2025-01-08T22:29:05.7060981Z tardis/tests/test_tardis_full_formal_integral.py::TestTransportSimpleFormalIntegral::test_simulation[-1-macroatom]
2025-01-08T22:29:05.7061969Z tardis/tests/test_tardis_full_formal_integral.py::TestTransportSimpleFormalIntegral::test_simulation[30-macroatom]
2025-01-08T22:29:05.7062954Z tardis/tests/test_tardis_full_formal_integral.py::TestTransportSimpleFormalIntegral::test_simulation[30-downbranch]
2025-01-08T22:29:05.7063757Z tardis/transport/montecarlo/tests/test_montecarlo_main_loop.py::test_montecarlo_main_loop
2025-01-08T22:29:05.7064451Z   /home/runner/work/tardis/tardis/tardis/transport/montecarlo/montecarlo_transport_state.py:274: UserWarning:
2025-01-08T22:29:05.7064957Z   
2025-01-08T22:29:05.7065666Z   MontecarloTransport.virt_packet_last_line_interaction_shell_id:Set 'virtual_packet_logging: True' in the configuration fileto access this propertyIt should be added under 'virtual' property of 'spectrum' property
2025-01-08T22:29:05.7066367Z 
2025-01-08T22:29:05.7066630Z tardis/transport/montecarlo/tests/test_montecarlo_main_loop.py::test_montecarlo_main_loop
2025-01-08T22:29:05.7067183Z   /home/runner/work/tardis/tardis/tardis/spectrum/base.py:70: UserWarning:
2025-01-08T22:29:05.7067540Z   
2025-01-08T22:29:05.7067956Z   SpectrumSolver.spectrum_virtual_packets is zero. Please run the montecarlo simulation with no_of_virtual_packets > 0
2025-01-08T22:29:05.7068374Z 
2025-01-08T22:29:05.7068696Z tardis/transport/montecarlo/tests/test_packet_source.py::TestBlackBodySimpleSourceRel::test_bb_attributes
2025-01-08T22:29:05.7069312Z   /home/runner/work/tardis/tardis/tardis/io/util.py:292: PerformanceWarning:
2025-01-08T22:29:05.7069675Z   
2025-01-08T22:29:05.7069830Z   
2025-01-08T22:29:05.7070120Z   your performance may suffer as PyTables will pickle object types that it cannot
2025-01-08T22:29:05.7070614Z   map directly to c-types [inferred_type->mixed-integer,key->values] [items->None]
2025-01-08T22:29:05.7070899Z 
2025-01-08T22:29:05.7071119Z tardis/transport/montecarlo/tests/test_vpacket.py::test_trace_vpacket_volley
2025-01-08T22:29:05.7071527Z   <string>:3: NumbaPendingDeprecationWarning:
2025-01-08T22:29:05.7071794Z   
2025-01-08T22:29:05.7073238Z   [1m[1mCode using Numba extension API maybe depending on 'old_style' error-capturing, which is deprecated and will be replaced by 'new_style' in a future release. See details at https://numba.readthedocs.io/en/latest/reference/deprecation.html#deprecation-of-old-style-numba-captured-errors
2025-01-08T22:29:05.7074271Z   Exception origin:
2025-01-08T22:29:05.7074657Z     File "/home/runner/micromamba/envs/tardis/lib/python3.12/inspect.py", line 3180, in _bind
2025-01-08T22:29:05.7075090Z       raise TypeError(msg) from None
2025-01-08T22:29:05.7075353Z   [0m[0m
2025-01-08T22:29:05.7075449Z 
2025-01-08T22:29:05.7075621Z tardis/visualization/tools/tests/test_liv_plot.py: 16 warnings
2025-01-08T22:29:05.7076043Z tardis/visualization/tools/tests/test_sdec_plot.py: 16 warnings
2025-01-08T22:29:05.7076507Z   /home/runner/work/tardis/tardis/tardis/io/util.py:292: PerformanceWarning:
2025-01-08T22:29:05.7076874Z   
2025-01-08T22:29:05.7077039Z   
2025-01-08T22:29:05.7077335Z   your performance may suffer as PyTables will pickle object types that it cannot
2025-01-08T22:29:05.7077811Z   map directly to c-types [inferred_type->bytes,key->values] [items->None]
2025-01-08T22:29:05.7078075Z 
2025-01-08T22:29:05.7078247Z tardis/visualization/tools/tests/test_sdec_plot.py: 16 warnings
2025-01-08T22:29:05.7078724Z   /home/runner/work/tardis/tardis/tardis/io/util.py:280: PerformanceWarning:
2025-01-08T22:29:05.7079088Z   
2025-01-08T22:29:05.7079250Z   
2025-01-08T22:29:05.7079540Z   your performance may suffer as PyTables will pickle object types that it cannot
2025-01-08T22:29:05.7080031Z   map directly to c-types [inferred_type->mixed-integer,key->axis0] [items->None]
2025-01-08T22:29:05.7080318Z 
2025-01-08T22:29:05.7080482Z tardis/visualization/tools/tests/test_sdec_plot.py: 16 warnings
2025-01-08T22:29:05.7080944Z   /home/runner/work/tardis/tardis/tardis/io/util.py:280: PerformanceWarning:
2025-01-08T22:29:05.7081305Z   
2025-01-08T22:29:05.7081598Z   
2025-01-08T22:29:05.7081884Z   your performance may suffer as PyTables will pickle object types that it cannot
2025-01-08T22:29:05.7082554Z   map directly to c-types [inferred_type->mixed-integer,key->block0_items] [items->None]
2025-01-08T22:29:05.7082869Z 
2025-01-08T22:29:05.7083391Z tardis/visualization/tools/tests/test_sdec_plot.py::TestSDECPlotter::test_mpl_image[plotter_generate_plot_mpl4]
2025-01-08T22:29:05.7084176Z   /home/runner/work/tardis/tardis/tardis/visualization/tools/sdec_plot.py:1225: RuntimeWarning:
2025-01-08T22:29:05.7084847Z   
2025-01-08T22:29:05.7085909Z   More than 20 figures have been opened. Figures created through the pyplot interface (`matplotlib.pyplot.figure`) are retained until explicitly closed and may consume too much memory. (To control this warning, see the rcParam `figure.max_open_warning`). Consider using `matplotlib.pyplot.close()`.
2025-01-08T22:29:05.7086909Z 
2025-01-08T22:29:05.7097641Z tardis/visualization/widgets/tests/test_custom_abundance.py::TestCustomAbundanceWidget::test_update_input_item_value
2025-01-08T22:29:05.7098934Z tardis/visualization/widgets/tests/test_custom_abundance.py::TestCustomAbundanceWidget::test_update_input_item_value
2025-01-08T22:29:05.7100422Z tardis/visualization/widgets/tests/test_custom_abundance.py::TestCustomAbundanceWidget::test_update_input_item_value
2025-01-08T22:29:05.7101909Z tardis/visualization/widgets/tests/test_custom_abundance.py::TestCustomAbundanceWidget::test_update_input_item_value
2025-01-08T22:29:05.7103717Z tardis/visualization/widgets/tests/test_custom_abundance.py::TestCustomAbundanceWidget::test_update_input_item_value
2025-01-08T22:29:05.7105191Z tardis/visualization/widgets/tests/test_custom_abundance.py::TestCustomAbundanceWidget::test_update_input_item_value
2025-01-08T22:29:05.7106701Z   /home/runner/micromamba/envs/tardis/lib/python3.12/site-packages/traitlets/traitlets.py:1385: DeprecationWarning:
2025-01-08T22:29:05.7107649Z   
2025-01-08T22:29:05.7108161Z   Passing unrecognized arguments to super(Checkbox).__init__(icon='lock').
2025-01-08T22:29:05.7109006Z   object.__init__() takes exactly one argument (the instance to initialize)
2025-01-08T22:29:05.7109910Z   This is deprecated in traitlets 4.2.This error will be raised in a future release of traitlets.
2025-01-08T22:29:05.7110517Z 
2025-01-08T22:29:05.7111181Z tardis/visualization/widgets/tests/test_custom_abundance.py::TestCustomAbundanceWidget::test_update_input_item_value
2025-01-08T22:29:05.7112977Z tardis/visualization/widgets/tests/test_custom_abundance.py::TestCustomAbundanceWidget::test_update_input_item_value
2025-01-08T22:29:05.7114024Z   /home/runner/micromamba/envs/tardis/lib/python3.12/site-packages/traitlets/traitlets.py:1385: DeprecationWarning:
2025-01-08T22:29:05.7114557Z   
2025-01-08T22:29:05.7114837Z   Passing unrecognized arguments to super(FloatText).__init__(min=0).
2025-01-08T22:29:05.7115286Z   object.__init__() takes exactly one argument (the instance to initialize)
2025-01-08T22:29:05.7115795Z   This is deprecated in traitlets 4.2.This error will be raised in a future release of traitlets.
2025-01-08T22:29:05.7116136Z 
2025-01-08T22:29:05.7116504Z tardis/visualization/widgets/tests/test_custom_abundance.py::TestCustomAbundanceWidget::test_update_input_item_value
2025-01-08T22:29:05.7117307Z   /home/runner/micromamba/envs/tardis/lib/python3.12/site-packages/traitlets/traitlets.py:1385: DeprecationWarning:
2025-01-08T22:29:05.7117821Z   
2025-01-08T22:29:05.7118098Z   Passing unrecognized arguments to super(HTML).__init__(indent=True).
2025-01-08T22:29:05.7118541Z   object.__init__() takes exactly one argument (the instance to initialize)
2025-01-08T22:29:05.7119042Z   This is deprecated in traitlets 4.2.This error will be raised in a future release of traitlets.
2025-01-08T22:29:05.7119367Z 
2025-01-08T22:29:05.7119802Z tardis/visualization/widgets/tests/test_line_info.py::TestLineInfoWidgetData::test_get_species_interactions[wavelength_range0-packet_out_nu]
2025-01-08T22:29:05.7120639Z   /home/runner/micromamba/envs/tardis/lib/python3.12/site-packages/qgridnext/grid.py:820: DeprecationWarning:
2025-01-08T22:29:05.7121314Z   
2025-01-08T22:29:05.7121679Z   QgridWidget._precision_changed is deprecated in traitlets 4.1: use @observe and @unobserve instead.
2025-01-08T22:29:05.7122038Z 
2025-01-08T22:29:05.7122658Z -- Docs: https://docs.pytest.org/en/stable/how-to/capture-warnings.html
2025-01-08T22:29:05.7122956Z 
2025-01-08T22:29:05.7123134Z ---------- coverage: platform linux, python 3.12.4-final-0 -----------
2025-01-08T22:29:05.7123508Z Coverage HTML written to dir coverage_html_report
2025-01-08T22:29:05.7123810Z Coverage XML written to file coverage.xml
2025-01-08T22:29:05.7123994Z 
2025-01-08T22:29:05.7124236Z = 555 passed, 1212 skipped, 2 deselected, 19 xfailed, 8 xpassed, 268 warnings in 961.76s (0:16:01) =
2025-01-08T22:29:07.7831165Z ##[group]Run mv .coverage .coverage.2
2025-01-08T22:29:07.7831484Z [36;1mmv .coverage .coverage.2[0m
2025-01-08T22:29:07.7873537Z shell: /usr/bin/bash -l {0}
2025-01-08T22:29:07.7873789Z env:
2025-01-08T22:29:07.7873993Z   CACHE_NUMBER: 0
2025-01-08T22:29:07.7874621Z   PYTEST_FLAGS: --tardis-regression-data=/home/runner/work/tardis/tardis/tardis-regression-data --cov=tardis --cov-report=xml --cov-report=html --cov-append
2025-01-08T22:29:07.7875574Z   CODECOV_TOKEN: ***
2025-01-08T22:29:07.7876039Z   MAMBA_ROOT_PREFIX: /home/runner/micromamba
2025-01-08T22:29:07.7876556Z   MAMBA_EXE: /home/runner/micromamba-bin/micromamba
2025-01-08T22:29:07.7877157Z   CONDARC: /home/runner/work/_temp/setup-micromamba/.condarc
2025-01-08T22:29:07.7877681Z ##[endgroup]
2025-01-08T22:29:07.9133778Z ##[group]Run actions/upload-artifact@v4
2025-01-08T22:29:07.9134256Z with:
2025-01-08T22:29:07.9134623Z   name: coverage-not-continuum-ubuntu-latest
2025-01-08T22:29:07.9135127Z   include-hidden-files: true
2025-01-08T22:29:07.9135529Z   path: .coverage*
!.coveragerc

2025-01-08T22:29:07.9135941Z   if-no-files-found: warn
2025-01-08T22:29:07.9136320Z   compression-level: 6
2025-01-08T22:29:07.9136671Z   overwrite: false
2025-01-08T22:29:07.9137012Z env:
2025-01-08T22:29:07.9137291Z   CACHE_NUMBER: 0
2025-01-08T22:29:07.9138305Z   PYTEST_FLAGS: --tardis-regression-data=/home/runner/work/tardis/tardis/tardis-regression-data --cov=tardis --cov-report=xml --cov-report=html --cov-append
2025-01-08T22:29:07.9139635Z   CODECOV_TOKEN: ***
2025-01-08T22:29:07.9140011Z   MAMBA_ROOT_PREFIX: /home/runner/micromamba
2025-01-08T22:29:07.9140537Z   MAMBA_EXE: /home/runner/micromamba-bin/micromamba
2025-01-08T22:29:07.9141152Z   CONDARC: /home/runner/work/_temp/setup-micromamba/.condarc
2025-01-08T22:29:07.9141721Z ##[endgroup]
2025-01-08T22:29:08.1389885Z With the provided path, there will be 1 file uploaded
2025-01-08T22:29:08.1395578Z Artifact name is valid!
2025-01-08T22:29:08.1397248Z Root directory input is valid!
2025-01-08T22:29:08.2436572Z Beginning upload of artifact content to blob storage
2025-01-08T22:29:08.3048338Z Uploaded bytes 20047
2025-01-08T22:29:08.3229323Z Finished uploading artifact content to blob storage!
2025-01-08T22:29:08.3232785Z SHA256 hash of uploaded artifact zip is b4a77b8a8cde27dbe85c157f50baccc6f387372506c71ff45551b3b1b6308f0f
2025-01-08T22:29:08.3234370Z Finalizing artifact upload
2025-01-08T22:29:08.3973521Z Artifact coverage-not-continuum-ubuntu-latest.zip successfully finalized. Artifact ID 2404261478
2025-01-08T22:29:08.3974922Z Artifact coverage-not-continuum-ubuntu-latest has been successfully uploaded! Final size is 20047 bytes. Artifact ID is 2404261478
2025-01-08T22:29:08.3980981Z Artifact download URL: https://github.com/tardis-sn/tardis/actions/runs/12679760014/artifacts/2404261478
2025-01-08T22:29:08.4110130Z Post job cleanup.
2025-01-08T22:29:08.4140996Z Post job cleanup.
2025-01-08T22:29:08.5533424Z Will use pre-installed micromamba at /home/runner/micromamba-bin/micromamba
2025-01-08T22:29:08.5541923Z Removing micromamba run shell ...
2025-01-08T22:29:08.5547473Z ##[group]Deinitialize micromamba for bash
2025-01-08T22:29:08.5576940Z [command]/home/runner/micromamba-bin/micromamba shell deinit -s bash -r /home/runner/micromamba --log-level warning --rc-file /home/runner/work/_temp/setup-micromamba/.condarc
2025-01-08T22:29:08.5692129Z Resetting RC file "/home/runner/.bashrc"
2025-01-08T22:29:08.5693850Z Deleting config for root prefix 
2025-01-08T22:29:08.5694469Z Clearing mamba executable environment variable
2025-01-08T22:29:08.5696843Z Removing the following in your "/home/runner/.bashrc" file
2025-01-08T22:29:08.5697434Z # >>> mamba initialize >>>
2025-01-08T22:29:08.5697822Z ...
2025-01-08T22:29:08.5699442Z # <<< mamba initialize <<<
2025-01-08T22:29:08.5727431Z Removing mamba initialize block from .bash_profile
2025-01-08T22:29:08.5743589Z ##[endgroup]
2025-01-08T22:29:08.5747960Z Removing environment tardis from auto-activate bash ...
2025-01-08T22:29:08.5879254Z Post job cleanup.
2025-01-08T22:29:08.5916928Z Post job cleanup.
2025-01-08T22:29:08.6923935Z [command]/usr/bin/git version
2025-01-08T22:29:08.6961227Z git version 2.47.1
2025-01-08T22:29:08.7005931Z Temporarily overriding HOME='/home/runner/work/_temp/a4babfc9-bac3-45cd-a488-7c5af73ce4a5' before making global git config changes
2025-01-08T22:29:08.7007274Z Adding repository directory to the temporary git global config as a safe directory
2025-01-08T22:29:08.7020368Z [command]/usr/bin/git config --global --add safe.directory /home/runner/work/tardis/tardis/tardis-regression-data
2025-01-08T22:29:08.7057643Z [command]/usr/bin/git config --local --name-only --get-regexp core\.sshCommand
2025-01-08T22:29:08.7091879Z [command]/usr/bin/git submodule foreach --recursive sh -c "git config --local --name-only --get-regexp 'core\.sshCommand' && git config --local --unset-all 'core.sshCommand' || :"
2025-01-08T22:29:08.7333430Z [command]/usr/bin/git config --local --name-only --get-regexp http\.https\:\/\/github\.com\/\.extraheader
2025-01-08T22:29:08.7355095Z http.https://github.com/.extraheader
2025-01-08T22:29:08.7368137Z [command]/usr/bin/git config --local --unset-all http.https://github.com/.extraheader
2025-01-08T22:29:08.7401463Z [command]/usr/bin/git submodule foreach --recursive sh -c "git config --local --name-only --get-regexp 'http\.https\:\/\/github\.com\/\.extraheader' && git config --local --unset-all 'http.https://github.com/.extraheader' || :"
2025-01-08T22:29:08.7760028Z Post job cleanup.
2025-01-08T22:29:08.8726763Z [command]/usr/bin/git version
2025-01-08T22:29:08.8764933Z git version 2.47.1
2025-01-08T22:29:08.8809254Z Temporarily overriding HOME='/home/runner/work/_temp/017e9da8-a44a-4bc5-9b90-067a1eed5067' before making global git config changes
2025-01-08T22:29:08.8810542Z Adding repository directory to the temporary git global config as a safe directory
2025-01-08T22:29:08.8823334Z [command]/usr/bin/git config --global --add safe.directory /home/runner/work/tardis/tardis
2025-01-08T22:29:08.8859670Z [command]/usr/bin/git config --local --name-only --get-regexp core\.sshCommand
2025-01-08T22:29:08.8894670Z [command]/usr/bin/git submodule foreach --recursive sh -c "git config --local --name-only --get-regexp 'core\.sshCommand' && git config --local --unset-all 'core.sshCommand' || :"
2025-01-08T22:29:08.9135079Z [command]/usr/bin/git config --local --name-only --get-regexp http\.https\:\/\/github\.com\/\.extraheader
2025-01-08T22:29:08.9155967Z http.https://github.com/.extraheader
2025-01-08T22:29:08.9168320Z [command]/usr/bin/git config --local --unset-all http.https://github.com/.extraheader
2025-01-08T22:29:08.9199221Z [command]/usr/bin/git submodule foreach --recursive sh -c "git config --local --name-only --get-regexp 'http\.https\:\/\/github\.com\/\.extraheader' && git config --local --unset-all 'http.https://github.com/.extraheader' || :"
2025-01-08T22:29:08.9531195Z Cleaning up orphan processes
