2025-02-21T19:53:32.3965089Z Requested labels: macos-latest
2025-02-21T19:53:32.3965371Z Job defined at: tardis-sn/tardis/.github/workflows/tests.yml@refs/pull/2962/merge
2025-02-21T19:53:32.3965484Z Waiting for a runner to pick up this job...
2025-02-21T19:53:32.6948693Z Job is waiting for a hosted runner to come online.
2025-02-21T19:53:35.4756888Z Job is about to start running on the hosted runner: GitHub Actions 52 (hosted)
2025-02-21T19:53:36.8120140Z Current runner version: '2.322.0'
2025-02-21T19:53:36.8137040Z ##[group]Operating System
2025-02-21T19:53:36.8137490Z macOS
2025-02-21T19:53:36.8137790Z 14.7.2
2025-02-21T19:53:36.8138080Z 23H311
2025-02-21T19:53:36.8138370Z ##[endgroup]
2025-02-21T19:53:36.8138670Z ##[group]Runner Image
2025-02-21T19:53:36.8139000Z Image: macos-14-arm64
2025-02-21T19:53:36.8139320Z Version: 20250120.774
2025-02-21T19:53:36.8139990Z Included Software: https://github.com/actions/runner-images/blob/macos-14-arm64/20250120.774/images/macos/macos-14-arm64-Readme.md
2025-02-21T19:53:36.8140910Z Image Release: https://github.com/actions/runner-images/releases/tag/macos-14-arm64%2F20250120.774
2025-02-21T19:53:36.8141480Z ##[endgroup]
2025-02-21T19:53:36.8141790Z ##[group]Runner Image Provisioner
2025-02-21T19:53:36.8142200Z 2.0.422.1+55c30c14fe2a0a1547db1b656933ae07d97649a9
2025-02-21T19:53:36.8142600Z ##[endgroup]
2025-02-21T19:53:36.8144090Z ##[group]GITHUB_TOKEN Permissions
2025-02-21T19:53:36.8145090Z Actions: read
2025-02-21T19:53:36.8145410Z Attestations: read
2025-02-21T19:53:36.8145720Z Checks: read
2025-02-21T19:53:36.8146020Z Contents: read
2025-02-21T19:53:36.8146320Z Deployments: read
2025-02-21T19:53:36.8146620Z Discussions: read
2025-02-21T19:53:36.8146930Z Issues: read
2025-02-21T19:53:36.8147230Z Metadata: read
2025-02-21T19:53:36.8147520Z Packages: read
2025-02-21T19:53:36.8147830Z Pages: read
2025-02-21T19:53:36.8148120Z PullRequests: read
2025-02-21T19:53:36.8148470Z RepositoryProjects: read
2025-02-21T19:53:36.8148800Z SecurityEvents: read
2025-02-21T19:53:36.8149120Z Statuses: read
2025-02-21T19:53:36.8149430Z ##[endgroup]
2025-02-21T19:53:36.8151120Z Secret source: None
2025-02-21T19:53:36.8151560Z Prepare workflow directory
2025-02-21T19:53:36.8479080Z Prepare all required actions
2025-02-21T19:53:36.8504310Z Getting action download info
2025-02-21T19:53:37.0854750Z ##[group]Download immutable action package 'actions/checkout@v4'
2025-02-21T19:53:37.0855410Z Version: 4.2.2
2025-02-21T19:53:37.0856040Z Digest: sha256:ccb2698953eaebd21c7bf6268a94f9c26518a7e38e27e0b83c1fe1ad049819b1
2025-02-21T19:53:37.0857550Z Source commit SHA: 11bd71901bbe5b1630ceea73d27597364c9af683
2025-02-21T19:53:37.0859490Z ##[endgroup]
2025-02-21T19:53:37.5172640Z ##[group]Download immutable action package 'actions/upload-artifact@v4'
2025-02-21T19:53:37.5175380Z Version: 4.6.1
2025-02-21T19:53:37.5180220Z Digest: sha256:3f6a28e7a1e0b5c8e2249e28da121a049fa5b91863b04390a46a82e4f8e2da98
2025-02-21T19:53:37.5182520Z Source commit SHA: 4cec3d8aa04e39d1a68397de0c4cd6fb9dce8ec1
2025-02-21T19:53:37.5184090Z ##[endgroup]
2025-02-21T19:53:38.3083830Z Complete job name:  continuum macos-latest 
2025-02-21T19:53:38.3582290Z ##[group]Run actions/checkout@v4
2025-02-21T19:53:38.3583070Z with:
2025-02-21T19:53:38.3583410Z   repository: tardis-sn/tardis
2025-02-21T19:53:38.3584050Z   token: ***
2025-02-21T19:53:38.3584340Z   ssh-strict: true
2025-02-21T19:53:38.3584640Z   ssh-user: git
2025-02-21T19:53:38.3584950Z   persist-credentials: true
2025-02-21T19:53:38.3585320Z   clean: true
2025-02-21T19:53:38.3585650Z   sparse-checkout-cone-mode: true
2025-02-21T19:53:38.3586010Z   fetch-depth: 1
2025-02-21T19:53:38.3586310Z   fetch-tags: false
2025-02-21T19:53:38.3586620Z   show-progress: true
2025-02-21T19:53:38.3586930Z   lfs: false
2025-02-21T19:53:38.3587230Z   submodules: false
2025-02-21T19:53:38.3587530Z   set-safe-directory: true
2025-02-21T19:53:38.3588000Z env:
2025-02-21T19:53:38.3588280Z   CACHE_NUMBER: 0
2025-02-21T19:53:38.3589100Z   PYTEST_FLAGS: --tardis-regression-data=/Users/runner/work/tardis/tardis/tardis-regression-data --cov=tardis --cov-report=xml --cov-report=html --cov-append
2025-02-21T19:53:38.3590000Z   CODECOV_TOKEN: 
2025-02-21T19:53:38.3590310Z ##[endgroup]
2025-02-21T19:53:38.7279730Z Syncing repository: tardis-sn/tardis
2025-02-21T19:53:38.7282950Z ##[group]Getting Git version info
2025-02-21T19:53:38.7284080Z Working directory is '/Users/runner/work/tardis/tardis'
2025-02-21T19:53:38.7407110Z [command]/opt/homebrew/bin/git version
2025-02-21T19:53:38.8831800Z git version 2.48.1
2025-02-21T19:53:38.8887700Z ##[endgroup]
2025-02-21T19:53:38.8893080Z Copying '/Users/runner/.gitconfig' to '/Users/runner/work/_temp/3766431e-8a51-4841-95e9-2db562c1d76b/.gitconfig'
2025-02-21T19:53:38.8894220Z Temporarily overriding HOME='/Users/runner/work/_temp/3766431e-8a51-4841-95e9-2db562c1d76b' before making global git config changes
2025-02-21T19:53:38.8895260Z Adding repository directory to the temporary git global config as a safe directory
2025-02-21T19:53:38.8896180Z [command]/opt/homebrew/bin/git config --global --add safe.directory /Users/runner/work/tardis/tardis
2025-02-21T19:53:38.9095220Z Deleting the contents of '/Users/runner/work/tardis/tardis'
2025-02-21T19:53:38.9098460Z ##[group]Initializing the repository
2025-02-21T19:53:38.9100170Z [command]/opt/homebrew/bin/git init /Users/runner/work/tardis/tardis
2025-02-21T19:53:38.9575410Z hint: Using 'master' as the name for the initial branch. This default branch name
2025-02-21T19:53:38.9628810Z hint: is subject to change. To configure the initial branch name to use in all
2025-02-21T19:53:38.9733320Z hint: of your new repositories, which will suppress this warning, call:
2025-02-21T19:53:38.9837360Z hint:
2025-02-21T19:53:38.9931780Z hint: 	git config --global init.defaultBranch <name>
2025-02-21T19:53:39.0034570Z hint:
2025-02-21T19:53:39.0115350Z hint: Names commonly chosen instead of 'master' are 'main', 'trunk' and
2025-02-21T19:53:39.0218200Z hint: 'development'. The just-created branch can be renamed via this command:
2025-02-21T19:53:39.0309950Z hint:
2025-02-21T19:53:39.0356300Z hint: 	git branch -m <name>
2025-02-21T19:53:39.0364420Z Initialized empty Git repository in /Users/runner/work/tardis/tardis/.git/
2025-02-21T19:53:39.0367350Z [command]/opt/homebrew/bin/git remote add origin https://github.com/tardis-sn/tardis
2025-02-21T19:53:39.0441290Z ##[endgroup]
2025-02-21T19:53:39.0442220Z ##[group]Disabling automatic garbage collection
2025-02-21T19:53:39.0443670Z [command]/opt/homebrew/bin/git config --local gc.auto 0
2025-02-21T19:53:39.0445150Z ##[endgroup]
2025-02-21T19:53:39.0445700Z ##[group]Setting up auth
2025-02-21T19:53:39.0446450Z [command]/opt/homebrew/bin/git config --local --name-only --get-regexp core\.sshCommand
2025-02-21T19:53:39.0448110Z [command]/opt/homebrew/bin/git submodule foreach --recursive sh -c "git config --local --name-only --get-regexp 'core\.sshCommand' && git config --local --unset-all 'core.sshCommand' || :"
2025-02-21T19:53:39.1429470Z [command]/opt/homebrew/bin/git config --local --name-only --get-regexp http\.https\:\/\/github\.com\/\.extraheader
2025-02-21T19:53:39.1510270Z [command]/opt/homebrew/bin/git submodule foreach --recursive sh -c "git config --local --name-only --get-regexp 'http\.https\:\/\/github\.com\/\.extraheader' && git config --local --unset-all 'http.https://github.com/.extraheader' || :"
2025-02-21T19:53:39.2549930Z [command]/opt/homebrew/bin/git config --local http.https://github.com/.extraheader AUTHORIZATION: basic ***
2025-02-21T19:53:39.2671770Z ##[endgroup]
2025-02-21T19:53:39.2674520Z ##[group]Fetching the repository
2025-02-21T19:53:39.2685920Z [command]/opt/homebrew/bin/git -c protocol.version=2 fetch --no-tags --prune --no-recurse-submodules --depth=1 origin +93078b677e761387eccfc806a785e6be06cf9585:refs/remotes/pull/2962/merge
2025-02-21T19:53:41.9113650Z From https://github.com/tardis-sn/tardis
2025-02-21T19:53:41.9115920Z  * [new ref]         93078b677e761387eccfc806a785e6be06cf9585 -> pull/2962/merge
2025-02-21T19:53:41.9172390Z ##[endgroup]
2025-02-21T19:53:41.9172900Z ##[group]Determining the checkout info
2025-02-21T19:53:41.9173310Z ##[endgroup]
2025-02-21T19:53:41.9173670Z [command]/opt/homebrew/bin/git sparse-checkout disable
2025-02-21T19:53:41.9277020Z [command]/opt/homebrew/bin/git config --local --unset-all extensions.worktreeConfig
2025-02-21T19:53:41.9344790Z ##[group]Checking out the ref
2025-02-21T19:53:41.9357360Z [command]/opt/homebrew/bin/git checkout --progress --force refs/remotes/pull/2962/merge
2025-02-21T19:53:42.1762550Z HEAD is now at 93078b6 Merge 59b950094481030f3715ef5954332d5258a88eeb into 34c0a4ffd8db5db3e4a77fea9b6f2bea865123a1
2025-02-21T19:53:42.1783660Z ##[endgroup]
2025-02-21T19:53:42.1877190Z [command]/opt/homebrew/bin/git log -1 --format=%H
2025-02-21T19:53:42.1984110Z 93078b677e761387eccfc806a785e6be06cf9585
2025-02-21T19:53:42.2242350Z Prepare all required actions
2025-02-21T19:53:42.2243630Z Getting action download info
2025-02-21T19:53:42.3864040Z ##[group]Download immutable action package 'actions/cache@v4'
2025-02-21T19:53:42.3864450Z Version: 4.2.1
2025-02-21T19:53:42.3864830Z Digest: sha256:b0404c9628d43aa6855629075b28f32cadf8efc5c26198438149f78500112940
2025-02-21T19:53:42.3865250Z Source commit SHA: 0c907a75c2c80ebcb7f088228285e798b750cf8f
2025-02-21T19:53:42.3865590Z ##[endgroup]
2025-02-21T19:53:43.0172110Z ##[group]Run ./.github/actions/setup_lfs
2025-02-21T19:53:43.0172420Z with:
2025-02-21T19:53:43.0172670Z   regression-data-repo: tardis-sn/tardis-regression-data
2025-02-21T19:53:43.0173020Z   atom-data-sparse: false
2025-02-21T19:53:43.0173230Z env:
2025-02-21T19:53:43.0173390Z   CACHE_NUMBER: 0
2025-02-21T19:53:43.0173960Z   PYTEST_FLAGS: --tardis-regression-data=/Users/runner/work/tardis/tardis/tardis-regression-data --cov=tardis --cov-report=xml --cov-report=html --cov-append
2025-02-21T19:53:43.0174580Z   CODECOV_TOKEN: 
2025-02-21T19:53:43.0174800Z ##[endgroup]
2025-02-21T19:53:43.0299430Z ##[group]Run actions/checkout@v4
2025-02-21T19:53:43.0299740Z with:
2025-02-21T19:53:43.0299990Z   repository: tardis-sn/tardis-regression-data
2025-02-21T19:53:43.0300310Z   path: tardis-regression-data
2025-02-21T19:53:43.0300560Z   lfs: false
2025-02-21T19:53:43.0300900Z   token: ***
2025-02-21T19:53:43.0301110Z   ssh-strict: true
2025-02-21T19:53:43.0301320Z   ssh-user: git
2025-02-21T19:53:43.0301550Z   persist-credentials: true
2025-02-21T19:53:43.0301790Z   clean: true
2025-02-21T19:53:43.0302030Z   sparse-checkout-cone-mode: true
2025-02-21T19:53:43.0302300Z   fetch-depth: 1
2025-02-21T19:53:43.0302540Z   fetch-tags: false
2025-02-21T19:53:43.0302760Z   show-progress: true
2025-02-21T19:53:43.0302980Z   submodules: false
2025-02-21T19:53:43.0303210Z   set-safe-directory: true
2025-02-21T19:53:43.0303460Z env:
2025-02-21T19:53:43.0303650Z   CACHE_NUMBER: 0
2025-02-21T19:53:43.0304250Z   PYTEST_FLAGS: --tardis-regression-data=/Users/runner/work/tardis/tardis/tardis-regression-data --cov=tardis --cov-report=xml --cov-report=html --cov-append
2025-02-21T19:53:43.0304880Z   CODECOV_TOKEN: 
2025-02-21T19:53:43.0305100Z ##[endgroup]
2025-02-21T19:53:43.1452090Z Syncing repository: tardis-sn/tardis-regression-data
2025-02-21T19:53:43.1452780Z ##[group]Getting Git version info
2025-02-21T19:53:43.1453240Z Working directory is '/Users/runner/work/tardis/tardis/tardis-regression-data'
2025-02-21T19:53:43.1486320Z [command]/opt/homebrew/bin/git version
2025-02-21T19:53:43.1535640Z git version 2.48.1
2025-02-21T19:53:43.1550430Z ##[endgroup]
2025-02-21T19:53:43.1557100Z Copying '/Users/runner/.gitconfig' to '/Users/runner/work/_temp/5ebe11c0-4400-48df-9454-92f337528895/.gitconfig'
2025-02-21T19:53:43.1568970Z Temporarily overriding HOME='/Users/runner/work/_temp/5ebe11c0-4400-48df-9454-92f337528895' before making global git config changes
2025-02-21T19:53:43.1570250Z Adding repository directory to the temporary git global config as a safe directory
2025-02-21T19:53:43.1572390Z [command]/opt/homebrew/bin/git config --global --add safe.directory /Users/runner/work/tardis/tardis/tardis-regression-data
2025-02-21T19:53:43.1638230Z ##[group]Initializing the repository
2025-02-21T19:53:43.1643360Z [command]/opt/homebrew/bin/git init /Users/runner/work/tardis/tardis/tardis-regression-data
2025-02-21T19:53:43.1744640Z hint: Using 'master' as the name for the initial branch. This default branch name
2025-02-21T19:53:43.1746760Z hint: is subject to change. To configure the initial branch name to use in all
2025-02-21T19:53:43.1747520Z hint: of your new repositories, which will suppress this warning, call:
2025-02-21T19:53:43.1772750Z hint:
2025-02-21T19:53:43.1773100Z hint: 	git config --global init.defaultBranch <name>
2025-02-21T19:53:43.1773440Z hint:
2025-02-21T19:53:43.1773780Z hint: Names commonly chosen instead of 'master' are 'main', 'trunk' and
2025-02-21T19:53:43.1774970Z hint: 'development'. The just-created branch can be renamed via this command:
2025-02-21T19:53:43.1775350Z hint:
2025-02-21T19:53:43.1775610Z hint: 	git branch -m <name>
2025-02-21T19:53:43.1776070Z Initialized empty Git repository in /Users/runner/work/tardis/tardis/tardis-regression-data/.git/
2025-02-21T19:53:43.1777310Z [command]/opt/homebrew/bin/git remote add origin https://github.com/tardis-sn/tardis-regression-data
2025-02-21T19:53:43.1807150Z ##[endgroup]
2025-02-21T19:53:43.1808340Z ##[group]Disabling automatic garbage collection
2025-02-21T19:53:43.1809470Z [command]/opt/homebrew/bin/git config --local gc.auto 0
2025-02-21T19:53:43.1866960Z ##[endgroup]
2025-02-21T19:53:43.1868700Z ##[group]Setting up auth
2025-02-21T19:53:43.1870020Z [command]/opt/homebrew/bin/git config --local --name-only --get-regexp core\.sshCommand
2025-02-21T19:53:43.1919310Z [command]/opt/homebrew/bin/git submodule foreach --recursive sh -c "git config --local --name-only --get-regexp 'core\.sshCommand' && git config --local --unset-all 'core.sshCommand' || :"
2025-02-21T19:53:43.2478980Z [command]/opt/homebrew/bin/git config --local --name-only --get-regexp http\.https\:\/\/github\.com\/\.extraheader
2025-02-21T19:53:43.2531270Z [command]/opt/homebrew/bin/git submodule foreach --recursive sh -c "git config --local --name-only --get-regexp 'http\.https\:\/\/github\.com\/\.extraheader' && git config --local --unset-all 'http.https://github.com/.extraheader' || :"
2025-02-21T19:53:43.4037750Z [command]/opt/homebrew/bin/git config --local http.https://github.com/.extraheader AUTHORIZATION: basic ***
2025-02-21T19:53:43.4395570Z ##[endgroup]
2025-02-21T19:53:43.4497890Z ##[group]Determining the default branch
2025-02-21T19:53:43.4603620Z Retrieving the default branch name
2025-02-21T19:53:43.8715350Z Default branch 'main'
2025-02-21T19:53:43.8816890Z ##[endgroup]
2025-02-21T19:53:43.8918160Z ##[group]Fetching the repository
2025-02-21T19:53:43.9019270Z [command]/opt/homebrew/bin/git -c protocol.version=2 fetch --no-tags --prune --no-recurse-submodules --depth=1 origin +refs/heads/main:refs/remotes/origin/main
2025-02-21T19:53:44.9566740Z From https://github.com/tardis-sn/tardis-regression-data
2025-02-21T19:53:44.9568920Z  * [new branch]      main       -> origin/main
2025-02-21T19:53:44.9653160Z ##[endgroup]
2025-02-21T19:53:44.9653580Z ##[group]Determining the checkout info
2025-02-21T19:53:44.9653900Z ##[endgroup]
2025-02-21T19:53:44.9657830Z [command]/opt/homebrew/bin/git sparse-checkout disable
2025-02-21T19:53:44.9713860Z [command]/opt/homebrew/bin/git config --local --unset-all extensions.worktreeConfig
2025-02-21T19:53:44.9762970Z ##[group]Checking out the ref
2025-02-21T19:53:44.9765460Z [command]/opt/homebrew/bin/git checkout --progress --force -B main refs/remotes/origin/main
2025-02-21T19:53:45.1566570Z Switched to a new branch 'main'
2025-02-21T19:53:45.1667110Z branch 'main' set up to track 'origin/main'.
2025-02-21T19:53:45.2665800Z ##[endgroup]
2025-02-21T19:53:45.2767540Z [command]/opt/homebrew/bin/git log -1 --format=%H
2025-02-21T19:53:45.2830980Z 84e768462f20f09fbccc05625cdcc1d8ffbe404c
2025-02-21T19:53:45.2884910Z ##[group]Run if [ "false" == "true" ]; then
2025-02-21T19:53:45.2885230Z [36;1mif [ "false" == "true" ]; then[0m
2025-02-21T19:53:45.2885480Z [36;1m  echo "Using atom data sparse checkout"[0m
2025-02-21T19:53:45.2885840Z [36;1m  echo "atom_data/kurucz_cd23_chianti_H_He.h5" > .lfs-files-list[0m
2025-02-21T19:53:45.2886370Z [36;1melse[0m
2025-02-21T19:53:45.2886560Z [36;1m  echo "Using full repository checkout"[0m
2025-02-21T19:53:45.2886900Z [36;1m  git lfs ls-files -l | cut -d' ' -f1 | sort > .lfs-files-list[0m
2025-02-21T19:53:45.2887200Z [36;1mfi[0m
2025-02-21T19:53:45.2952140Z shell: /bin/bash --noprofile --norc -e -o pipefail {0}
2025-02-21T19:53:45.2978440Z env:
2025-02-21T19:53:45.2978620Z   CACHE_NUMBER: 0
2025-02-21T19:53:45.2979130Z   PYTEST_FLAGS: --tardis-regression-data=/Users/runner/work/tardis/tardis/tardis-regression-data --cov=tardis --cov-report=xml --cov-report=html --cov-append
2025-02-21T19:53:45.2979650Z   CODECOV_TOKEN: 
2025-02-21T19:53:45.2980110Z ##[endgroup]
2025-02-21T19:53:45.3352970Z Using full repository checkout
2025-02-21T19:53:45.5795870Z ##[group]Run actions/cache/restore@v4
2025-02-21T19:53:45.5796110Z with:
2025-02-21T19:53:45.5796270Z   path: tardis-regression-data/.git/lfs
2025-02-21T19:53:45.5796800Z   key: tardis-regression-full-data-c8ff2bbb6048b3f24d3f52a1e85b013ad47e52c369a6ce4cfdeff528b659b86f-tardis-sn/tardis-regression-data-v1
2025-02-21T19:53:45.5797320Z   fail-on-cache-miss: true
2025-02-21T19:53:45.5797510Z   enableCrossOsArchive: false
2025-02-21T19:53:45.5797700Z   lookup-only: false
2025-02-21T19:53:45.5797840Z env:
2025-02-21T19:53:45.5797980Z   CACHE_NUMBER: 0
2025-02-21T19:53:45.5798500Z   PYTEST_FLAGS: --tardis-regression-data=/Users/runner/work/tardis/tardis/tardis-regression-data --cov=tardis --cov-report=xml --cov-report=html --cov-append
2025-02-21T19:53:45.5799060Z   CODECOV_TOKEN: 
2025-02-21T19:53:45.5799270Z ##[endgroup]
2025-02-21T19:53:45.8592620Z Cache hit for: tardis-regression-full-data-c8ff2bbb6048b3f24d3f52a1e85b013ad47e52c369a6ce4cfdeff528b659b86f-tardis-sn/tardis-regression-data-v1
2025-02-21T19:53:47.0664410Z Received 29360128 of 2161656325 (1.4%), 28.0 MBs/sec
2025-02-21T19:53:48.0669840Z Received 92274688 of 2161656325 (4.3%), 44.0 MBs/sec
2025-02-21T19:53:49.0678790Z Received 134217728 of 2161656325 (6.2%), 42.6 MBs/sec
2025-02-21T19:53:50.0690480Z Received 205520896 of 2161656325 (9.5%), 49.0 MBs/sec
2025-02-21T19:53:51.1435750Z Received 268435456 of 2161656325 (12.4%), 50.4 MBs/sec
2025-02-21T19:53:52.1438110Z Received 327155712 of 2161656325 (15.1%), 51.3 MBs/sec
2025-02-21T19:53:53.1445500Z Received 385875968 of 2161656325 (17.9%), 52.0 MBs/sec
2025-02-21T19:53:54.1449840Z Received 436207616 of 2161656325 (20.2%), 51.5 MBs/sec
2025-02-21T19:53:55.1512320Z Received 490733568 of 2161656325 (22.7%), 51.5 MBs/sec
2025-02-21T19:53:56.1512950Z Received 557842432 of 2161656325 (25.8%), 52.7 MBs/sec
2025-02-21T19:53:57.1515010Z Received 624951296 of 2161656325 (28.9%), 53.8 MBs/sec
2025-02-21T19:53:58.1519880Z Received 671088640 of 2161656325 (31.0%), 52.9 MBs/sec
2025-02-21T19:53:59.1527910Z Received 754974720 of 2161656325 (34.9%), 55.0 MBs/sec
2025-02-21T19:54:00.1542200Z Received 830472192 of 2161656325 (38.4%), 56.2 MBs/sec
2025-02-21T19:54:01.1552420Z Received 905969664 of 2161656325 (41.9%), 57.3 MBs/sec
2025-02-21T19:54:02.1549280Z Received 968884224 of 2161656325 (44.8%), 57.4 MBs/sec
2025-02-21T19:54:03.1567990Z Received 1044381696 of 2161656325 (48.3%), 58.3 MBs/sec
2025-02-21T19:54:04.1691320Z Received 1103101952 of 2161656325 (51.0%), 58.1 MBs/sec
2025-02-21T19:54:05.1618490Z Received 1136656384 of 2161656325 (52.6%), 56.8 MBs/sec
2025-02-21T19:54:06.1718280Z Received 1191182336 of 2161656325 (55.1%), 56.5 MBs/sec
2025-02-21T19:54:07.1652070Z Received 1207959552 of 2161656325 (55.9%), 54.6 MBs/sec
2025-02-21T19:54:08.1662090Z Received 1258291200 of 2161656325 (58.2%), 54.3 MBs/sec
2025-02-21T19:54:09.1665580Z Received 1300234240 of 2161656325 (60.1%), 53.7 MBs/sec
2025-02-21T19:54:10.1668290Z Received 1342177280 of 2161656325 (62.1%), 53.1 MBs/sec
2025-02-21T19:54:11.1740760Z Received 1405091840 of 2161656325 (65.0%), 53.4 MBs/sec
2025-02-21T19:54:12.1739510Z Received 1463812096 of 2161656325 (67.7%), 53.5 MBs/sec
2025-02-21T19:54:13.1744260Z Received 1509949440 of 2161656325 (69.9%), 53.1 MBs/sec
2025-02-21T19:54:14.1833590Z Received 1568669696 of 2161656325 (72.6%), 53.2 MBs/sec
2025-02-21T19:54:15.1857770Z Received 1631584256 of 2161656325 (75.5%), 53.4 MBs/sec
2025-02-21T19:54:16.1860160Z Received 1723858944 of 2161656325 (79.7%), 54.6 MBs/sec
2025-02-21T19:54:17.1888430Z Received 1778384896 of 2161656325 (82.3%), 54.5 MBs/sec
2025-02-21T19:54:18.2114090Z Received 1879048192 of 2161656325 (86.9%), 55.7 MBs/sec
2025-02-21T19:54:19.2109260Z Received 1946157056 of 2161656325 (90.0%), 56.0 MBs/sec
2025-02-21T19:54:20.2108920Z Received 2013265920 of 2161656325 (93.1%), 56.2 MBs/sec
2025-02-21T19:54:21.2114480Z Received 2076180480 of 2161656325 (96.0%), 56.3 MBs/sec
2025-02-21T19:54:22.2859260Z Received 2147483648 of 2161656325 (99.3%), 56.6 MBs/sec
2025-02-21T19:54:22.6729370Z Received 2161656325 of 2161656325 (100.0%), 56.3 MBs/sec
2025-02-21T19:54:22.6741930Z Cache Size: ~2062 MB (2161656325 B)
2025-02-21T19:54:22.6868920Z [command]/opt/homebrew/bin/gtar -xf /Users/runner/work/_temp/a534f154-faf5-480a-ad82-e018d74c8504/cache.tzst -P -C /Users/runner/work/tardis/tardis --delay-directory-restore --use-compress-program unzstd
2025-02-21T19:54:35.1480050Z Cache restored successfully
2025-02-21T19:54:35.2670190Z Cache restored from key: tardis-regression-full-data-c8ff2bbb6048b3f24d3f52a1e85b013ad47e52c369a6ce4cfdeff528b659b86f-tardis-sn/tardis-regression-data-v1
2025-02-21T19:54:35.2890070Z ##[group]Run git lfs checkout
2025-02-21T19:54:35.2890560Z [36;1mgit lfs checkout[0m
2025-02-21T19:54:35.3127090Z shell: /bin/bash --noprofile --norc -e -o pipefail {0}
2025-02-21T19:54:35.3127510Z env:
2025-02-21T19:54:35.3127690Z   CACHE_NUMBER: 0
2025-02-21T19:54:35.3128570Z   PYTEST_FLAGS: --tardis-regression-data=/Users/runner/work/tardis/tardis/tardis-regression-data --cov=tardis --cov-report=xml --cov-report=html --cov-append
2025-02-21T19:54:35.3129160Z   CODECOV_TOKEN: 
2025-02-21T19:54:35.3129370Z ##[endgroup]
2025-02-21T19:54:48.0167850Z Checking out LFS objects: 100% (204/204), 5.7 GB | 392 MB/s, done.
2025-02-21T19:54:59.6069300Z Prepare all required actions
2025-02-21T19:54:59.6069970Z Getting action download info
2025-02-21T19:54:59.8804380Z Download action repository 'mamba-org/setup-micromamba@v1' (SHA:4b9113af4fba0e9e1124b252dd6497a419e7396d)
2025-02-21T19:55:01.0855450Z ##[group]Run ./.github/actions/setup_env
2025-02-21T19:55:01.0855760Z with:
2025-02-21T19:55:01.0855990Z   os-label: osx-arm64
2025-02-21T19:55:01.0856190Z env:
2025-02-21T19:55:01.0856360Z   CACHE_NUMBER: 0
2025-02-21T19:55:01.0856970Z   PYTEST_FLAGS: --tardis-regression-data=/Users/runner/work/tardis/tardis/tardis-regression-data --cov=tardis --cov-report=xml --cov-report=html --cov-append
2025-02-21T19:55:01.0857540Z   CODECOV_TOKEN: 
2025-02-21T19:55:01.0857760Z ##[endgroup]
2025-02-21T19:55:01.0901980Z ##[group]Run file_hash=$(cat conda-osx-arm64.lock | shasum -a 256 | cut -d' ' -f1)
2025-02-21T19:55:01.0904280Z [36;1mfile_hash=$(cat conda-osx-arm64.lock | shasum -a 256 | cut -d' ' -f1)[0m
2025-02-21T19:55:01.0905280Z [36;1mecho "file_hash=tardis-conda-env-osx-arm64-${file_hash}-v1" >> "${GITHUB_OUTPUT}"[0m
2025-02-21T19:55:01.1004820Z shell: /bin/bash --noprofile --norc -e -o pipefail {0}
2025-02-21T19:55:01.1005220Z env:
2025-02-21T19:55:01.1006200Z   CACHE_NUMBER: 0
2025-02-21T19:55:01.1006870Z   PYTEST_FLAGS: --tardis-regression-data=/Users/runner/work/tardis/tardis/tardis-regression-data --cov=tardis --cov-report=xml --cov-report=html --cov-append
2025-02-21T19:55:01.1010050Z   CODECOV_TOKEN: 
2025-02-21T19:55:01.1011480Z ##[endgroup]
2025-02-21T19:55:01.3099120Z ##[group]Run mamba-org/setup-micromamba@v1
2025-02-21T19:55:01.3099500Z with:
2025-02-21T19:55:01.3099720Z   environment-file: conda-osx-arm64.lock
2025-02-21T19:55:01.3100240Z   cache-environment-key: tardis-conda-env-osx-arm64-bf0d0a4d4c847cca72476c6c68c493d56c484aada7e80de0e42c7607fcef5824-v1
2025-02-21T19:55:01.3100940Z   cache-downloads-key: tardis-conda-env-osx-arm64-bf0d0a4d4c847cca72476c6c68c493d56c484aada7e80de0e42c7607fcef5824-v1
2025-02-21T19:55:01.3101440Z   environment-name: tardis
2025-02-21T19:55:01.3101670Z   cache-environment: true
2025-02-21T19:55:01.3101900Z   cache-downloads: true
2025-02-21T19:55:01.3102070Z env:
2025-02-21T19:55:01.3102250Z   CACHE_NUMBER: 0
2025-02-21T19:55:01.3102790Z   PYTEST_FLAGS: --tardis-regression-data=/Users/runner/work/tardis/tardis/tardis-regression-data --cov=tardis --cov-report=xml --cov-report=html --cov-append
2025-02-21T19:55:01.3106760Z   CODECOV_TOKEN: 
2025-02-21T19:55:01.3106910Z ##[endgroup]
2025-02-21T19:55:01.6607620Z Will download micromamba to /Users/runner/micromamba-bin/micromamba
2025-02-21T19:55:01.6628030Z ##[group]Install micromamba
2025-02-21T19:55:02.4880470Z micromamba installed to /Users/runner/micromamba-bin/micromamba
2025-02-21T19:55:02.4883790Z ##[endgroup]
2025-02-21T19:55:02.4889510Z Adding conda-forge to condarc channels ...
2025-02-21T19:55:02.4902220Z ##[group]Initialize micromamba for bash.
2025-02-21T19:55:02.4912390Z [command]/Users/runner/micromamba-bin/micromamba shell init -s bash -r /Users/runner/micromamba --log-level warning --rc-file /Users/runner/work/_temp/setup-micromamba/.condarc
2025-02-21T19:55:02.5200750Z Modifying RC file "/Users/runner/.bash_profile"
2025-02-21T19:55:02.5202370Z Generating config for root prefix [1m"/Users/runner/micromamba"[0m
2025-02-21T19:55:02.5203750Z Setting mamba executable to: [1m"/Users/runner/micromamba-bin/micromamba"[0m
2025-02-21T19:55:02.5206370Z Adding (or replacing) the following in your "/Users/runner/.bash_profile" file
2025-02-21T19:55:02.5207140Z 
2025-02-21T19:55:02.5207310Z # >>> mamba initialize >>>
2025-02-21T19:55:02.5208120Z # !! Contents within this block are managed by 'mamba init' !!
2025-02-21T19:55:02.5209010Z export MAMBA_EXE='/Users/runner/micromamba-bin/micromamba';
2025-02-21T19:55:02.5209950Z export MAMBA_ROOT_PREFIX='/Users/runner/micromamba';
2025-02-21T19:55:02.5211230Z __mamba_setup="$("$MAMBA_EXE" shell hook --shell bash --root-prefix "$MAMBA_ROOT_PREFIX" 2> /dev/null)"
2025-02-21T19:55:02.5215220Z if [ $? -eq 0 ]; then
2025-02-21T19:55:02.5215800Z     eval "$__mamba_setup"
2025-02-21T19:55:02.5216380Z else
2025-02-21T19:55:02.5217060Z     alias micromamba="$MAMBA_EXE"  # Fallback on help from mamba activate
2025-02-21T19:55:02.5217850Z fi
2025-02-21T19:55:02.5218310Z unset __mamba_setup
2025-02-21T19:55:02.5218830Z # <<< mamba initialize <<<
2025-02-21T19:55:02.5219220Z 
2025-02-21T19:55:02.5219930Z ##[endgroup]
2025-02-21T19:55:02.5221430Z ##[group]Restoring downloads from `/Users/runner/micromamba/pkgs` ...
2025-02-21T19:55:03.9422770Z Received 54525952 of 310594474 (17.6%), 51.9 MBs/sec
2025-02-21T19:55:04.9426150Z Received 121634816 of 310594474 (39.2%), 57.9 MBs/sec
2025-02-21T19:55:05.9432930Z Received 188743680 of 310594474 (60.8%), 60.0 MBs/sec
2025-02-21T19:55:06.9440380Z Received 260046848 of 310594474 (83.7%), 62.0 MBs/sec
2025-02-21T19:55:07.6619110Z Cache Size: ~296 MB (310594474 B)
2025-02-21T19:55:07.6654490Z [command]/opt/homebrew/bin/gtar -xf /Users/runner/work/_temp/698145e8-40a3-43be-897a-afbdf3445c95/cache.tzst -P -C /Users/runner/work/tardis/tardis --delay-directory-restore --use-compress-program unzstd
2025-02-21T19:55:07.9468560Z Received 310594474 of 310594474 (100.0%), 59.2 MBs/sec
2025-02-21T19:55:08.5547800Z Cache restored successfully
2025-02-21T19:55:08.5577710Z Restored cache with key `tardis-conda-env-osx-arm64-bf0d0a4d4c847cca72476c6c68c493d56c484aada7e80de0e42c7607fcef5824-v1-osx-arm64`
2025-02-21T19:55:08.5580900Z ##[endgroup]
2025-02-21T19:55:08.5672100Z ##[group]Restoring environment `tardis` from `/Users/runner/micromamba/envs/tardis` ...
2025-02-21T19:55:09.9862710Z Received 37748736 of 385513979 (9.8%), 36.0 MBs/sec
2025-02-21T19:55:10.9868470Z Received 83886080 of 385513979 (21.8%), 40.0 MBs/sec
2025-02-21T19:55:11.9879670Z Received 159383552 of 385513979 (41.3%), 50.6 MBs/sec
2025-02-21T19:55:12.9887020Z Received 234881024 of 385513979 (60.9%), 56.0 MBs/sec
2025-02-21T19:55:13.9888350Z Received 318767104 of 385513979 (82.7%), 60.8 MBs/sec
2025-02-21T19:55:14.6928770Z Cache Size: ~368 MB (385513979 B)
2025-02-21T19:55:14.6995920Z [command]/opt/homebrew/bin/gtar -xf /Users/runner/work/_temp/efa53ba2-cb4c-4823-b2e7-b4b10b690cb2/cache.tzst -P -C /Users/runner/work/tardis/tardis --delay-directory-restore --use-compress-program unzstd
2025-02-21T19:55:15.0010210Z Received 385513979 of 385513979 (100.0%), 61.2 MBs/sec
2025-02-21T19:55:26.6320610Z Cache restored successfully
2025-02-21T19:55:26.6400890Z Restored cache with key `tardis-conda-env-osx-arm64-bf0d0a4d4c847cca72476c6c68c493d56c484aada7e80de0e42c7607fcef5824-v1-osx-arm64-tardis-args-4f53cda-root-873f6fe-bin-[object Promise]-file-bf0d0a4d4c847cca72476c6c68c493d56c484aada7e80de0e42c7607fcef5824`
2025-02-21T19:55:26.6403500Z ##[endgroup]
2025-02-21T19:55:26.6403760Z Adding environment tardis to auto-activate bash ...
2025-02-21T19:55:26.6419570Z Generating micromamba run shell.
2025-02-21T19:55:26.6441370Z ##[endgroup]
2025-02-21T19:55:26.6457150Z Set environment variables.
2025-02-21T19:55:26.6488100Z ##[group]micromamba info
2025-02-21T19:55:26.6495440Z [command]/Users/runner/micromamba-bin/micromamba info -r /Users/runner/micromamba -n tardis
2025-02-21T19:55:27.1255450Z 
2025-02-21T19:55:27.1263840Z        libmamba version : 1.5.10
2025-02-21T19:55:27.1266250Z      micromamba version : 1.5.10
2025-02-21T19:55:27.1267920Z            curl version : libcurl/8.10.1 (OpenSSL/3.3.2) SecureTransport zlib/1.3.1 zstd/1.5.6 libssh2/1.11.0 nghttp2/1.58.0
2025-02-21T19:55:27.1268510Z      libarchive version : libarchive 3.7.4 zlib/1.2.13 bz2lib/1.0.8 libzstd/1.5.6
2025-02-21T19:55:27.1270510Z        envs directories : /Users/runner/micromamba/envs
2025-02-21T19:55:27.1272910Z           package cache : /Users/runner/micromamba/pkgs
2025-02-21T19:55:27.1273410Z                           /Users/runner/.mamba/pkgs
2025-02-21T19:55:27.1274110Z             environment : tardis
2025-02-21T19:55:27.1274540Z            env location : /Users/runner/micromamba/envs/tardis
2025-02-21T19:55:27.1275890Z       user config files : /Users/runner/.mambarc
2025-02-21T19:55:27.1294680Z  populated config files : /Users/runner/work/_temp/setup-micromamba/.condarc
2025-02-21T19:55:27.1297670Z        virtual packages : __unix=0=0
2025-02-21T19:55:27.1298000Z                           __osx=14.7.2=0
2025-02-21T19:55:27.1298340Z                           __archspec=1=arm64
2025-02-21T19:55:27.1300990Z                channels : https://conda.anaconda.org/conda-forge/osx-arm64
2025-02-21T19:55:27.1302730Z                           https://conda.anaconda.org/conda-forge/noarch
2025-02-21T19:55:27.1303050Z        base environment : /Users/runner/micromamba
2025-02-21T19:55:27.1305600Z                platform : osx-arm64
2025-02-21T19:55:27.1307640Z ##[endgroup]
2025-02-21T19:55:27.1310780Z ##[group]micromamba list
2025-02-21T19:55:27.1312310Z [command]/Users/runner/micromamba-bin/micromamba list -r /Users/runner/micromamba -n tardis
2025-02-21T19:55:27.5276570Z List of packages in environment: "/Users/runner/micromamba/envs/tardis"
2025-02-21T19:55:27.5277080Z 
2025-02-21T19:55:27.5277990Z   Name                           Version              Build                    Channel    
2025-02-21T19:55:27.5280340Z ────────────────────────────────────────────────────────────────────────────────────────────
2025-02-21T19:55:27.5280920Z   alabaster                      0.7.16               pyhd8ed1ab_0             conda-forge
2025-02-21T19:55:27.5281500Z   anyio                          4.4.0                pyhd8ed1ab_0             conda-forge
2025-02-21T19:55:27.5282070Z   appnope                        0.1.4                pyhd8ed1ab_0             conda-forge
2025-02-21T19:55:27.5282600Z   argon2-cffi                    23.1.0               pyhd8ed1ab_0             conda-forge
2025-02-21T19:55:27.5283260Z   argon2-cffi-bindings           21.2.0               py312h02f2b3b_4          conda-forge
2025-02-21T19:55:27.5284590Z   arrow                          1.3.0                pyhd8ed1ab_0             conda-forge
2025-02-21T19:55:27.5286560Z   astropy                        6.1.1                py312hbebd99a_0          conda-forge
2025-02-21T19:55:27.5287100Z   astropy-iers-data              0.2024.6.17.0.31.35  pyhd8ed1ab_0             conda-forge
2025-02-21T19:55:27.5287720Z   astropy-sphinx-theme           1.1                  pyhd8ed1ab_0             conda-forge
2025-02-21T19:55:27.5288220Z   asttokens                      2.4.1                pyhd8ed1ab_0             conda-forge
2025-02-21T19:55:27.5289370Z   async-lru                      2.0.4                pyhd8ed1ab_0             conda-forge
2025-02-21T19:55:27.5291190Z   atk-1.0                        2.38.0               hd03087b_2               conda-forge
2025-02-21T19:55:27.5291770Z   attrs                          23.2.0               pyh71513ae_0             conda-forge
2025-02-21T19:55:27.5292400Z   babel                          2.14.0               pyhd8ed1ab_0             conda-forge
2025-02-21T19:55:27.5293020Z   beautifulsoup4                 4.12.3               pyha770c72_0             conda-forge
2025-02-21T19:55:27.5293730Z   bleach                         6.1.0                pyhd8ed1ab_0             conda-forge
2025-02-21T19:55:27.5294300Z   blosc                          1.21.5               h9c252e8_1               conda-forge
2025-02-21T19:55:27.5294900Z   brotli                         1.1.0                hb547adb_1               conda-forge
2025-02-21T19:55:27.5296720Z   brotli-bin                     1.1.0                hb547adb_1               conda-forge
2025-02-21T19:55:27.5297240Z   brotli-python                  1.1.0                py312h9f69965_1          conda-forge
2025-02-21T19:55:27.5298160Z   bzip2                          1.0.8                h93a5062_5               conda-forge
2025-02-21T19:55:27.5298800Z   c-ares                         1.28.1               h93a5062_0               conda-forge
2025-02-21T19:55:27.5308240Z   c-blosc2                       2.14.4               ha57e6be_1               conda-forge
2025-02-21T19:55:27.5309220Z   ca-certificates                2024.6.2             hf0a4a13_0               conda-forge
2025-02-21T19:55:27.5310040Z   cached-property                1.5.2                hd8ed1ab_1               conda-forge
2025-02-21T19:55:27.5363300Z   cached_property                1.5.2                pyha770c72_1             conda-forge
2025-02-21T19:55:27.5364390Z   cairo                          1.18.0               hd1e100b_0               conda-forge
2025-02-21T19:55:27.5365150Z   certifi                        2024.6.2             pyhd8ed1ab_0             conda-forge
2025-02-21T19:55:27.5365680Z   cffi                           1.16.0               py312h8e38eb3_0          conda-forge
2025-02-21T19:55:27.5366120Z   charset-normalizer             3.3.2                pyhd8ed1ab_0             conda-forge
2025-02-21T19:55:27.5366540Z   click                          8.1.7                unix_pyh707e725_0        conda-forge
2025-02-21T19:55:27.5367140Z   codespell                      2.3.0                pyhd8ed1ab_0             conda-forge
2025-02-21T19:55:27.5367540Z   colorama                       0.4.6                pyhd8ed1ab_0             conda-forge
2025-02-21T19:55:27.5394950Z   comm                           0.2.2                pyhd8ed1ab_0             conda-forge
2025-02-21T19:55:27.5396400Z   commonmark                     0.9.1                py_0                     conda-forge
2025-02-21T19:55:27.5397320Z   contourpy                      1.2.1                py312h0fef576_0          conda-forge
2025-02-21T19:55:27.5398500Z   coverage                       7.5.3                py312h7e5086c_0          conda-forge
2025-02-21T19:55:27.5399410Z   cycler                         0.12.1               pyhd8ed1ab_0             conda-forge
2025-02-21T19:55:27.5400480Z   dataclasses                    0.8                  pyhc8e2a94_3             conda-forge
2025-02-21T19:55:27.5401290Z   debugpy                        1.8.1                py312h20a0b95_0          conda-forge
2025-02-21T19:55:27.5402240Z   decorator                      5.1.1                pyhd8ed1ab_0             conda-forge
2025-02-21T19:55:27.5403320Z   defusedxml                     0.7.1                pyhd8ed1ab_0             conda-forge
2025-02-21T19:55:27.5405120Z   docutils                       0.20.1               py312h81bd7bf_3          conda-forge
2025-02-21T19:55:27.5405520Z   dot2tex                        2.11.3               pyhd8ed1ab_0             conda-forge
2025-02-21T19:55:27.5406310Z   entrypoints                    0.4                  pyhd8ed1ab_0             conda-forge
2025-02-21T19:55:27.5406700Z   exceptiongroup                 1.2.0                pyhd8ed1ab_2             conda-forge
2025-02-21T19:55:27.5407160Z   executing                      2.0.1                pyhd8ed1ab_0             conda-forge
2025-02-21T19:55:27.5407510Z   expat                          2.6.2                hebf3989_0               conda-forge
2025-02-21T19:55:27.5408040Z   font-ttf-dejavu-sans-mono      2.37                 hab24e00_0               conda-forge
2025-02-21T19:55:27.5408480Z   font-ttf-inconsolata           3.000                h77eed37_0               conda-forge
2025-02-21T19:55:27.5408960Z   font-ttf-source-code-pro       2.038                h77eed37_0               conda-forge
2025-02-21T19:55:27.5409370Z   font-ttf-ubuntu                0.83                 h77eed37_2               conda-forge
2025-02-21T19:55:27.5409820Z   fontconfig                     2.14.2               h82840c6_0               conda-forge
2025-02-21T19:55:27.5410270Z   fonts-conda-ecosystem          1                    0                        conda-forge
2025-02-21T19:55:27.5410660Z   fonts-conda-forge              1                    0                        conda-forge
2025-02-21T19:55:27.5411090Z   fonttools                      4.53.0               py312h7e5086c_0          conda-forge
2025-02-21T19:55:27.5411470Z   fqdn                           1.5.1                pyhd8ed1ab_0             conda-forge
2025-02-21T19:55:27.5412130Z   freetype                       2.12.1               hadb7bae_2               conda-forge
2025-02-21T19:55:27.5412540Z   fribidi                        1.0.10               h27ca646_0               conda-forge
2025-02-21T19:55:27.5412960Z   future                         1.0.0                pyhd8ed1ab_0             conda-forge
2025-02-21T19:55:27.5413270Z   gdk-pixbuf                     2.42.12              h7ddc832_0               conda-forge
2025-02-21T19:55:27.5413580Z   gettext                        0.22.5               h8fbad5d_2               conda-forge
2025-02-21T19:55:27.5414160Z   gettext-tools                  0.22.5               h8fbad5d_2               conda-forge
2025-02-21T19:55:27.5414790Z   giflib                         5.2.2                h93a5062_0               conda-forge
2025-02-21T19:55:27.5415070Z   git-lfs                        3.5.1                hce30654_0               conda-forge
2025-02-21T19:55:27.5415360Z   gmp                            6.3.0                hebf3989_1               conda-forge
2025-02-21T19:55:27.5415640Z   gmpy2                          2.1.5                py312hfa9fade_1          conda-forge
2025-02-21T19:55:27.5415940Z   graphite2                      1.3.13               hebf3989_1003            conda-forge
2025-02-21T19:55:27.5416320Z   graphviz                       11.0.0               h9bb9bc9_0               conda-forge
2025-02-21T19:55:27.5416610Z   gtk2                           2.24.33              h7895bb2_4               conda-forge
2025-02-21T19:55:27.5416950Z   gts                            0.7.6                he42f4ea_4               conda-forge
2025-02-21T19:55:27.5417230Z   h11                            0.14.0               pyhd8ed1ab_0             conda-forge
2025-02-21T19:55:27.5417490Z   h2                             4.1.0                pyhd8ed1ab_0             conda-forge
2025-02-21T19:55:27.5417880Z   h5py                           3.11.0               nompi_py312h903599c_102  conda-forge
2025-02-21T19:55:27.5418270Z   harfbuzz                       8.5.0                h1836168_0               conda-forge
2025-02-21T19:55:27.5418620Z   hdf5                           1.14.3               nompi_hec07895_105       conda-forge
2025-02-21T19:55:27.5419040Z   hpack                          4.0.0                pyh9f0ad1d_0             conda-forge
2025-02-21T19:55:27.5419450Z   httpcore                       1.0.5                pyhd8ed1ab_0             conda-forge
2025-02-21T19:55:27.5420130Z   httpx                          0.27.0               pyhd8ed1ab_0             conda-forge
2025-02-21T19:55:27.5420470Z   hyperframe                     6.0.1                pyhd8ed1ab_0             conda-forge
2025-02-21T19:55:27.5420780Z   icu                            73.2                 hc8870d7_0               conda-forge
2025-02-21T19:55:27.5421050Z   idna                           3.7                  pyhd8ed1ab_0             conda-forge
2025-02-21T19:55:27.5421340Z   imagesize                      1.4.1                pyhd8ed1ab_0             conda-forge
2025-02-21T19:55:27.5421740Z   importlib-metadata             7.1.0                pyha770c72_0             conda-forge
2025-02-21T19:55:27.5422130Z   importlib_metadata             7.1.0                hd8ed1ab_0               conda-forge
2025-02-21T19:55:27.5422530Z   importlib_resources            6.4.0                pyhd8ed1ab_0             conda-forge
2025-02-21T19:55:27.5422850Z   iniconfig                      2.0.0                pyhd8ed1ab_0             conda-forge
2025-02-21T19:55:27.5423210Z   ipykernel                      6.29.4               pyh57ce528_0             conda-forge
2025-02-21T19:55:27.5423540Z   ipython                        8.25.0               pyh707e725_0             conda-forge
2025-02-21T19:55:27.5423910Z   ipython_genutils               0.2.0                pyhd8ed1ab_1             conda-forge
2025-02-21T19:55:27.5424270Z   ipywidgets                     7.8.0                pyhd8ed1ab_0             conda-forge
2025-02-21T19:55:27.5424630Z   isoduration                    20.11.0              pyhd8ed1ab_0             conda-forge
2025-02-21T19:55:27.5425330Z   jedi                           0.19.1               pyhd8ed1ab_0             conda-forge
2025-02-21T19:55:27.5425640Z   jinja2                         3.1.4                pyhd8ed1ab_0             conda-forge
2025-02-21T19:55:27.5425930Z   json5                          0.9.25               pyhd8ed1ab_0             conda-forge
2025-02-21T19:55:27.5426310Z   jsonpointer                    3.0.0                py312h81bd7bf_0          conda-forge
2025-02-21T19:55:27.5426670Z   jsonschema                     4.22.0               pyhd8ed1ab_0             conda-forge
2025-02-21T19:55:27.5427080Z   jsonschema-specifications      2023.12.1            pyhd8ed1ab_0             conda-forge
2025-02-21T19:55:27.5427670Z   jsonschema-with-format-nongpl  4.22.0               pyhd8ed1ab_0             conda-forge
2025-02-21T19:55:27.5428040Z   jupyter-lsp                    2.2.5                pyhd8ed1ab_0             conda-forge
2025-02-21T19:55:27.5428450Z   jupyter_client                 8.6.2                pyhd8ed1ab_0             conda-forge
2025-02-21T19:55:27.5428810Z   jupyter_core                   5.7.2                py312h81bd7bf_0          conda-forge
2025-02-21T19:55:27.5429230Z   jupyter_events                 0.10.0               pyhd8ed1ab_0             conda-forge
2025-02-21T19:55:27.5429600Z   jupyter_server                 2.14.1               pyhd8ed1ab_0             conda-forge
2025-02-21T19:55:27.5430030Z   jupyter_server_terminals       0.5.3                pyhd8ed1ab_0             conda-forge
2025-02-21T19:55:27.5430410Z   jupyterlab                     4.2.2                pyhd8ed1ab_0             conda-forge
2025-02-21T19:55:27.5430850Z   jupyterlab_pygments            0.3.0                pyhd8ed1ab_1             conda-forge
2025-02-21T19:55:27.5431310Z   jupyterlab_server              2.27.2               pyhd8ed1ab_0             conda-forge
2025-02-21T19:55:27.5431690Z   jupyterlab_widgets             1.1.7                pyhd8ed1ab_0             conda-forge
2025-02-21T19:55:27.5432130Z   kiwisolver                     1.4.5                py312h389731b_1          conda-forge
2025-02-21T19:55:27.5432450Z   krb5                           1.21.2               h92f50d5_0               conda-forge
2025-02-21T19:55:27.5432880Z   latexcodec                     2.0.1                pyh9f0ad1d_0             conda-forge
2025-02-21T19:55:27.5433440Z   lcms2                          2.16                 ha0e7c42_0               conda-forge
2025-02-21T19:55:27.5433820Z   lerc                           4.0.0                h9a09cb3_0               conda-forge
2025-02-21T19:55:27.5434160Z   libaec                         1.1.3                hebf3989_0               conda-forge
2025-02-21T19:55:27.5434620Z   libasprintf                    0.22.5               h8fbad5d_2               conda-forge
2025-02-21T19:55:27.5435020Z   libasprintf-devel              0.22.5               h8fbad5d_2               conda-forge
2025-02-21T19:55:27.5435430Z   libblas                        3.9.0                22_osxarm64_openblas     conda-forge
2025-02-21T19:55:27.5435830Z   libbrotlicommon                1.1.0                hb547adb_1               conda-forge
2025-02-21T19:55:27.5436200Z   libbrotlidec                   1.1.0                hb547adb_1               conda-forge
2025-02-21T19:55:27.5436620Z   libbrotlienc                   1.1.0                hb547adb_1               conda-forge
2025-02-21T19:55:27.5436990Z   libcblas                       3.9.0                22_osxarm64_openblas     conda-forge
2025-02-21T19:55:27.5437400Z   libcurl                        8.8.0                h7b6f9a7_0               conda-forge
2025-02-21T19:55:27.5437730Z   libcxx                         17.0.6               h5f092b4_0               conda-forge
2025-02-21T19:55:27.5438180Z   libdeflate                     1.20                 h93a5062_0               conda-forge
2025-02-21T19:55:27.5438530Z   libedit                        3.1.20191231         hc8eb9b7_2               conda-forge
2025-02-21T19:55:27.5439060Z   libev                          4.33                 h93a5062_2               conda-forge
2025-02-21T19:55:27.5439390Z   libexpat                       2.6.2                hebf3989_0               conda-forge
2025-02-21T19:55:27.5439690Z   libffi                         3.4.2                h3422bc3_5               conda-forge
2025-02-21T19:55:27.5440060Z   libgd                          2.3.3                hfdf3952_9               conda-forge
2025-02-21T19:55:27.5440410Z   libgettextpo                   0.22.5               h8fbad5d_2               conda-forge
2025-02-21T19:55:27.5440820Z   libgettextpo-devel             0.22.5               h8fbad5d_2               conda-forge
2025-02-21T19:55:27.5441220Z   libgfortran                    5.0.0                13_2_0_hd922786_3        conda-forge
2025-02-21T19:55:27.5441660Z   libgfortran5                   13.2.0               hf226fd6_3               conda-forge
2025-02-21T19:55:27.5442080Z   libglib                        2.80.2               h59d46d9_1               conda-forge
2025-02-21T19:55:27.5442440Z   libiconv                       1.17                 h0d3ecfb_2               conda-forge
2025-02-21T19:55:27.5442800Z   libintl                        0.22.5               h8fbad5d_2               conda-forge
2025-02-21T19:55:27.5443220Z   libintl-devel                  0.22.5               h8fbad5d_2               conda-forge
2025-02-21T19:55:27.5443590Z   libjpeg-turbo                  3.0.0                hb547adb_1               conda-forge
2025-02-21T19:55:27.5444010Z   liblapack                      3.9.0                22_osxarm64_openblas     conda-forge
2025-02-21T19:55:27.5444360Z   libllvm14                      14.0.6               hd1a9a77_4               conda-forge
2025-02-21T19:55:27.5444700Z   libnghttp2                     1.58.0               ha4dd798_1               conda-forge
2025-02-21T19:55:27.5445140Z   libopenblas                    0.3.27               openmp_h6c19121_0        conda-forge
2025-02-21T19:55:27.5445480Z   libpng                         1.6.43               h091b4b1_0               conda-forge
2025-02-21T19:55:27.5445820Z   librsvg                        2.58.1               hbc281fb_0               conda-forge
2025-02-21T19:55:27.5446170Z   libsodium                      1.0.18               h27ca646_1               conda-forge
2025-02-21T19:55:27.5446560Z   libsqlite                      3.46.0               hfb93653_0               conda-forge
2025-02-21T19:55:27.5447060Z   libssh2                        1.11.0               h7a5bd25_0               conda-forge
2025-02-21T19:55:27.5447430Z   libtiff                        4.6.0                h07db509_3               conda-forge
2025-02-21T19:55:27.5447770Z   libwebp                        1.4.0                h54798ee_0               conda-forge
2025-02-21T19:55:27.5448150Z   libwebp-base                   1.4.0                h93a5062_0               conda-forge
2025-02-21T19:55:27.5448520Z   libxcb                         1.16                 hf2054a2_0               conda-forge
2025-02-21T19:55:27.5448860Z   libxml2                        2.12.7               ha661575_1               conda-forge
2025-02-21T19:55:27.5449240Z   libxslt                        1.1.39               h223e5b9_0               conda-forge
2025-02-21T19:55:27.5449590Z   libzlib                        1.3.1                hfb2fe0b_1               conda-forge
2025-02-21T19:55:27.5449960Z   llvm-openmp                    18.1.7               hde57baf_0               conda-forge
2025-02-21T19:55:27.5450380Z   llvmlite                       0.42.0               py312h17030e7_1          conda-forge
2025-02-21T19:55:27.5450720Z   lxml                           5.2.2                py312h0e5ab22_0          conda-forge
2025-02-21T19:55:27.5451060Z   lz4-c                          1.9.4                hb7217d7_0               conda-forge
2025-02-21T19:55:27.5451360Z   markupsafe                     2.1.5                py312he37b823_0          conda-forge
2025-02-21T19:55:27.5451830Z   matplotlib-base                3.8.4                py312h4479663_2          conda-forge
2025-02-21T19:55:27.5452210Z   matplotlib-inline              0.1.7                pyhd8ed1ab_0             conda-forge
2025-02-21T19:55:27.5452610Z   mistune                        3.0.2                pyhd8ed1ab_0             conda-forge
2025-02-21T19:55:27.5453000Z   mpc                            1.3.1                h91ba8db_0               conda-forge
2025-02-21T19:55:27.5453320Z   mpfr                           4.2.1                h41d338b_1               conda-forge
2025-02-21T19:55:27.5453640Z   mpmath                         1.3.0                pyhd8ed1ab_0             conda-forge
2025-02-21T19:55:27.5453980Z   munkres                        1.1.4                pyh9f0ad1d_0             conda-forge
2025-02-21T19:55:27.5454350Z   mypy_extensions                1.0.0                pyha770c72_0             conda-forge
2025-02-21T19:55:27.5454740Z   nbclassic                      1.1.0                pyhd8ed1ab_0             conda-forge
2025-02-21T19:55:27.5455110Z   nbclient                       0.10.0               pyhd8ed1ab_0             conda-forge
2025-02-21T19:55:27.5455470Z   nbconvert                      7.16.4               hd8ed1ab_1               conda-forge
2025-02-21T19:55:27.5455860Z   nbconvert-core                 7.16.4               pyhd8ed1ab_1             conda-forge
2025-02-21T19:55:27.5456270Z   nbconvert-pandoc               7.16.4               hd8ed1ab_1               conda-forge
2025-02-21T19:55:27.5456690Z   nbformat                       5.10.4               pyhd8ed1ab_0             conda-forge
2025-02-21T19:55:27.5457030Z   nbsphinx                       0.9.4                pyhd8ed1ab_0             conda-forge
2025-02-21T19:55:27.5457370Z   ncurses                        6.5                  hb89a1cb_0               conda-forge
2025-02-21T19:55:27.5457710Z   nest-asyncio                   1.6.0                pyhd8ed1ab_0             conda-forge
2025-02-21T19:55:27.5458030Z   networkx                       3.3                  pyhd8ed1ab_1             conda-forge
2025-02-21T19:55:27.5458360Z   notebook                       7.2.1                pyhd8ed1ab_0             conda-forge
2025-02-21T19:55:27.5458670Z   notebook-shim                  0.2.4                pyhd8ed1ab_0             conda-forge
2025-02-21T19:55:27.5458980Z   numba                          0.59.1               py312hbaff935_0          conda-forge
2025-02-21T19:55:27.5459440Z   numexpr                        2.10.0               py312h8ae5369_0          conda-forge
2025-02-21T19:55:27.5459730Z   numpy                          1.26.4               py312h8442bc7_0          conda-forge
2025-02-21T19:55:27.5460030Z   numpydoc                       1.7.0                pyhd8ed1ab_1             conda-forge
2025-02-21T19:55:27.5460330Z   openjpeg                       2.5.2                h9f1df11_0               conda-forge
2025-02-21T19:55:27.5460630Z   openssl                        3.3.1                hfb2fe0b_0               conda-forge
2025-02-21T19:55:27.5460930Z   overrides                      7.7.0                pyhd8ed1ab_0             conda-forge
2025-02-21T19:55:27.5461240Z   packaging                      24.1                 pyhd8ed1ab_0             conda-forge
2025-02-21T19:55:27.5461540Z   pandas                         2.2.2                py312h8ae5369_1          conda-forge
2025-02-21T19:55:27.5461820Z   pandoc                         3.2                  hce30654_0               conda-forge
2025-02-21T19:55:27.5462200Z   pandocfilters                  1.5.0                pyhd8ed1ab_0             conda-forge
2025-02-21T19:55:27.5462500Z   pango                          1.54.0               h5cb9fbc_0               conda-forge
2025-02-21T19:55:27.5462790Z   parso                          0.8.4                pyhd8ed1ab_0             conda-forge
2025-02-21T19:55:27.5463090Z   pathspec                       0.12.1               pyhd8ed1ab_0             conda-forge
2025-02-21T19:55:27.5463510Z   pbr                            6.0.0                pyhd8ed1ab_0             conda-forge
2025-02-21T19:55:27.5463800Z   pcre2                          10.44                h297a79d_0               conda-forge
2025-02-21T19:55:27.5464090Z   pexpect                        4.9.0                pyhd8ed1ab_0             conda-forge
2025-02-21T19:55:27.5464390Z   pickleshare                    0.7.5                py_1003                  conda-forge
2025-02-21T19:55:27.5464700Z   pillow                         10.3.0               py312h39b1d8d_1          conda-forge
2025-02-21T19:55:27.5464980Z   pip                            24.0                 pyhd8ed1ab_0             conda-forge
2025-02-21T19:55:27.5465260Z   pixman                         0.43.4               hebf3989_0               conda-forge
2025-02-21T19:55:27.5465590Z   pkgutil-resolve-name           1.3.10               pyhd8ed1ab_1             conda-forge
2025-02-21T19:55:27.5465940Z   platformdirs                   4.2.2                pyhd8ed1ab_0             conda-forge
2025-02-21T19:55:27.5466240Z   plotly                         5.22.0               pyhd8ed1ab_0             conda-forge
2025-02-21T19:55:27.5466700Z   pluggy                         1.5.0                pyhd8ed1ab_0             conda-forge
2025-02-21T19:55:27.5467020Z   prometheus_client              0.20.0               pyhd8ed1ab_0             conda-forge
2025-02-21T19:55:27.5467360Z   prompt-toolkit                 3.0.47               pyha770c72_0             conda-forge
2025-02-21T19:55:27.5467680Z   psutil                         5.9.8                py312he37b823_0          conda-forge
2025-02-21T19:55:27.5467980Z   pthread-stubs                  0.4                  h27ca646_1001            conda-forge
2025-02-21T19:55:27.5468300Z   ptyprocess                     0.7.0                pyhd3deb0d_0             conda-forge
2025-02-21T19:55:27.5468610Z   pure_eval                      0.2.2                pyhd8ed1ab_0             conda-forge
2025-02-21T19:55:27.5468920Z   py-cpuinfo                     9.0.0                pyhd8ed1ab_0             conda-forge
2025-02-21T19:55:27.5469220Z   pybtex                         0.24.0               pyhd8ed1ab_2             conda-forge
2025-02-21T19:55:27.5469540Z   pybtex-docutils                1.0.3                py312h81bd7bf_1          conda-forge
2025-02-21T19:55:27.5469860Z   pycparser                      2.22                 pyhd8ed1ab_0             conda-forge
2025-02-21T19:55:27.5470300Z   pyerfa                         2.0.1.4              py312hbebd99a_1          conda-forge
2025-02-21T19:55:27.5470600Z   pygments                       2.18.0               pyhd8ed1ab_0             conda-forge
2025-02-21T19:55:27.5470910Z   pygraphviz                     1.13                 py312h5f4d302_1          conda-forge
2025-02-21T19:55:27.5471410Z   pyobjc-core                    10.3.1               py312hbb55c70_0          conda-forge
2025-02-21T19:55:27.5471800Z   pyobjc-framework-cocoa         10.3.1               py312hbb55c70_0          conda-forge
2025-02-21T19:55:27.5472180Z   pyparsing                      3.1.2                pyhd8ed1ab_0             conda-forge
2025-02-21T19:55:27.5472490Z   pysocks                        1.7.1                pyha2e5f31_6             conda-forge
2025-02-21T19:55:27.5472800Z   pytables                       3.9.2                py312hb622ae1_2          conda-forge
2025-02-21T19:55:27.5473110Z   pytest                         8.2.2                pyhd8ed1ab_0             conda-forge
2025-02-21T19:55:27.5473410Z   pytest-cov                     5.0.0                pyhd8ed1ab_0             conda-forge
2025-02-21T19:55:27.5473750Z   pytest-doctestplus             1.2.1                pyhd8ed1ab_0             conda-forge
2025-02-21T19:55:27.5474080Z   pytest-html                    4.1.1                pyhd8ed1ab_0             conda-forge
2025-02-21T19:55:27.5474400Z   pytest-metadata                3.1.1                pyhd8ed1ab_0             conda-forge
2025-02-21T19:55:27.5475080Z   python                         3.12.4               h30c5eda_0_cpython       conda-forge
2025-02-21T19:55:27.5475410Z   python-dateutil                2.9.0                pyhd8ed1ab_0             conda-forge
2025-02-21T19:55:27.5475780Z   python-fastjsonschema          2.20.0               pyhd8ed1ab_0             conda-forge
2025-02-21T19:55:27.5476140Z   python-json-logger             2.0.7                pyhd8ed1ab_0             conda-forge
2025-02-21T19:55:27.5476490Z   python-tzdata                  2024.1               pyhd8ed1ab_0             conda-forge
2025-02-21T19:55:27.5476800Z   python_abi                     3.12                 4_cp312                  conda-forge
2025-02-21T19:55:27.5477100Z   pytz                           2024.1               pyhd8ed1ab_0             conda-forge
2025-02-21T19:55:27.5477410Z   pyyaml                         6.0.1                py312h02f2b3b_1          conda-forge
2025-02-21T19:55:27.5477700Z   pyzmq                          26.0.3               py312hfa13136_0          conda-forge
2025-02-21T19:55:27.5477990Z   qgrid                          1.3.1                pyhd8ed1ab_4             conda-forge
2025-02-21T19:55:27.5478300Z   radioactivedecay               0.5.1                pyhd8ed1ab_0             conda-forge
2025-02-21T19:55:27.5478620Z   readline                       8.2                  h92ec313_1               conda-forge
2025-02-21T19:55:27.5478930Z   recommonmark                   0.7.1                pyhd8ed1ab_0             conda-forge
2025-02-21T19:55:27.5479250Z   referencing                    0.35.1               pyhd8ed1ab_0             conda-forge
2025-02-21T19:55:27.5479560Z   requests                       2.32.3               pyhd8ed1ab_0             conda-forge
2025-02-21T19:55:27.5479880Z   rfc3339-validator              0.1.4                pyhd8ed1ab_0             conda-forge
2025-02-21T19:55:27.5480220Z   rfc3986-validator              0.1.1                pyh9f0ad1d_0             conda-forge
2025-02-21T19:55:27.5480540Z   rpds-py                        0.18.1               py312h552d48e_0          conda-forge
2025-02-21T19:55:27.5480820Z   ruff                           0.4.9                py312h3402d49_0          conda-forge
2025-02-21T19:55:27.5481110Z   scipy                          1.13.1               py312h14ffa8f_0          conda-forge
2025-02-21T19:55:27.5481400Z   send2trash                     1.8.3                pyh31c8845_0             conda-forge
2025-02-21T19:55:27.5481910Z   setuptools                     70.0.0               pyhd8ed1ab_0             conda-forge
2025-02-21T19:55:27.5482230Z   setuptools-scm                 8.1.0                pyhd8ed1ab_0             conda-forge
2025-02-21T19:55:27.5482550Z   setuptools_scm                 8.1.0                hd8ed1ab_0               conda-forge
2025-02-21T19:55:27.5482850Z   six                            1.16.0               pyh6c4a22f_0             conda-forge
2025-02-21T19:55:27.5483140Z   snakeviz                       2.2.0                pyhd8ed1ab_0             conda-forge
2025-02-21T19:55:27.5483430Z   snappy                         1.2.0                hd04f947_1               conda-forge
2025-02-21T19:55:27.5483730Z   sniffio                        1.3.1                pyhd8ed1ab_0             conda-forge
2025-02-21T19:55:27.5484040Z   snowballstemmer                2.2.0                pyhd8ed1ab_0             conda-forge
2025-02-21T19:55:27.5484360Z   soupsieve                      2.5                  pyhd8ed1ab_1             conda-forge
2025-02-21T19:55:27.5484660Z   sphinx                         7.3.7                pyhd8ed1ab_0             conda-forge
2025-02-21T19:55:27.5484970Z   sphinx-astropy                 1.9.1                pyhd8ed1ab_0             conda-forge
2025-02-21T19:55:27.5485310Z   sphinx-automodapi              0.17.0               pyh717bed2_1             conda-forge
2025-02-21T19:55:27.5485650Z   sphinx-gallery                 0.16.0               pyhd8ed1ab_0             conda-forge
2025-02-21T19:55:27.5486110Z   sphinx-jsonschema              1.19.1               pyhd8ed1ab_0             conda-forge
2025-02-21T19:55:27.5486470Z   sphinx_bootstrap_theme         0.8.1                pyhd8ed1ab_0             conda-forge
2025-02-21T19:55:27.5486810Z   sphinx_rtd_theme               2.0.0                pyha770c72_0             conda-forge
2025-02-21T19:55:27.5487180Z   sphinxcontrib-apidoc           0.3.0                py_1                     conda-forge
2025-02-21T19:55:27.5487560Z   sphinxcontrib-applehelp        1.0.8                pyhd8ed1ab_0             conda-forge
2025-02-21T19:55:27.5487930Z   sphinxcontrib-bibtex           2.6.2                pyhd8ed1ab_0             conda-forge
2025-02-21T19:55:27.5488290Z   sphinxcontrib-devhelp          1.0.6                pyhd8ed1ab_0             conda-forge
2025-02-21T19:55:27.5488900Z   sphinxcontrib-htmlhelp         2.0.5                pyhd8ed1ab_0             conda-forge
2025-02-21T19:55:27.5489350Z   sphinxcontrib-jquery           4.1                  pyhd8ed1ab_0             conda-forge
2025-02-21T19:55:27.5489900Z   sphinxcontrib-jsmath           1.0.1                pyhd8ed1ab_0             conda-forge
2025-02-21T19:55:27.5490400Z   sphinxcontrib-qthelp           1.0.7                pyhd8ed1ab_0             conda-forge
2025-02-21T19:55:27.5490930Z   sphinxcontrib-serializinghtml  1.1.10               pyhd8ed1ab_0             conda-forge
2025-02-21T19:55:27.5491510Z   stack_data                     0.6.2                pyhd8ed1ab_0             conda-forge
2025-02-21T19:55:27.5491910Z   sympy                          1.12.1               pypyh2585a3b_103         conda-forge
2025-02-21T19:55:27.5492320Z   tabulate                       0.9.0                pyhd8ed1ab_1             conda-forge
2025-02-21T19:55:27.5492670Z   tenacity                       8.4.1                pyhd8ed1ab_0             conda-forge
2025-02-21T19:55:27.5493090Z   terminado                      0.18.1               pyh31c8845_0             conda-forge
2025-02-21T19:55:27.5493520Z   tinycss2                       1.3.0                pyhd8ed1ab_0             conda-forge
2025-02-21T19:55:27.5500360Z   tk                             8.6.13               h5083fa2_1               conda-forge
2025-02-21T19:55:27.5500660Z   toml                           0.10.2               pyhd8ed1ab_0             conda-forge
2025-02-21T19:55:27.5500940Z   tomli                          2.0.1                pyhd8ed1ab_0             conda-forge
2025-02-21T19:55:27.5501490Z   tornado                        6.4.1                py312h7e5086c_0          conda-forge
2025-02-21T19:55:27.5501810Z   tqdm                           4.66.4               pyhd8ed1ab_0             conda-forge
2025-02-21T19:55:27.5502130Z   traitlets                      5.14.3               pyhd8ed1ab_0             conda-forge
2025-02-21T19:55:27.5502490Z   typed-ast                      1.5.5                py312h02f2b3b_1          conda-forge
2025-02-21T19:55:27.5502870Z   types-python-dateutil          2.9.0.20240316       pyhd8ed1ab_0             conda-forge
2025-02-21T19:55:27.5503270Z   typing-extensions              4.12.2               hd8ed1ab_0               conda-forge
2025-02-21T19:55:27.5503640Z   typing_extensions              4.12.2               pyha770c72_0             conda-forge
2025-02-21T19:55:27.5503970Z   typing_utils                   0.1.0                pyhd8ed1ab_0             conda-forge
2025-02-21T19:55:27.5504270Z   tzdata                         2024a                h0c530f3_0               conda-forge
2025-02-21T19:55:27.5504580Z   uri-template                   1.3.0                pyhd8ed1ab_0             conda-forge
2025-02-21T19:55:27.5504890Z   urllib3                        2.2.2                pyhd8ed1ab_0             conda-forge
2025-02-21T19:55:27.5505180Z   wcwidth                        0.2.13               pyhd8ed1ab_0             conda-forge
2025-02-21T19:55:27.5505480Z   webcolors                      24.6.0               pyhd8ed1ab_0             conda-forge
2025-02-21T19:55:27.5505950Z   webencodings                   0.5.1                pyhd8ed1ab_2             conda-forge
2025-02-21T19:55:27.5506290Z   websocket-client               1.8.0                pyhd8ed1ab_0             conda-forge
2025-02-21T19:55:27.5506610Z   wheel                          0.43.0               pyhd8ed1ab_1             conda-forge
2025-02-21T19:55:27.5506930Z   widgetsnbextension             3.6.6                pyhd8ed1ab_0             conda-forge
2025-02-21T19:55:27.5507270Z   xorg-libxau                    1.0.11               hb547adb_0               conda-forge
2025-02-21T19:55:27.5507580Z   xorg-libxdmcp                  1.1.3                h27ca646_0               conda-forge
2025-02-21T19:55:27.5507880Z   xz                             5.2.6                h57fd34a_0               conda-forge
2025-02-21T19:55:27.5508140Z   yaml                           0.2.5                h3422bc3_2               conda-forge
2025-02-21T19:55:27.5508420Z   zeromq                         4.3.5                hcc0f68c_4               conda-forge
2025-02-21T19:55:27.5508710Z   zipp                           3.19.2               pyhd8ed1ab_0             conda-forge
2025-02-21T19:55:27.5508990Z   zlib                           1.3.1                hfb2fe0b_1               conda-forge
2025-02-21T19:55:27.5509270Z   zlib-ng                        2.0.7                h1a8c8d9_0               conda-forge
2025-02-21T19:55:27.5509540Z   zstd                           1.5.6                hb46c0d2_0               conda-forge
2025-02-21T19:55:27.5510030Z ##[endgroup]
2025-02-21T19:55:27.5681470Z ##[group]Run pip install -e . --user
2025-02-21T19:55:27.5681740Z [36;1mpip install -e . --user[0m
2025-02-21T19:55:27.7998280Z shell: /bin/bash -l {0}
2025-02-21T19:55:27.7998470Z env:
2025-02-21T19:55:27.7998610Z   CACHE_NUMBER: 0
2025-02-21T19:55:27.7999110Z   PYTEST_FLAGS: --tardis-regression-data=/Users/runner/work/tardis/tardis/tardis-regression-data --cov=tardis --cov-report=xml --cov-report=html --cov-append
2025-02-21T19:55:27.7999620Z   CODECOV_TOKEN: 
2025-02-21T19:55:27.7999800Z   MAMBA_ROOT_PREFIX: /Users/runner/micromamba
2025-02-21T19:55:27.8000050Z   MAMBA_EXE: /Users/runner/micromamba-bin/micromamba
2025-02-21T19:55:27.8000340Z   CONDARC: /Users/runner/work/_temp/setup-micromamba/.condarc
2025-02-21T19:55:27.8000590Z ##[endgroup]
2025-02-21T19:55:28.8152820Z Obtaining file:///Users/runner/work/tardis/tardis
2025-02-21T19:55:28.8176990Z   Installing build dependencies: started
2025-02-21T19:55:31.3457340Z   Installing build dependencies: finished with status 'done'
2025-02-21T19:55:31.3465920Z   Checking if build backend supports build_editable: started
2025-02-21T19:55:31.4483400Z   Checking if build backend supports build_editable: finished with status 'done'
2025-02-21T19:55:31.4492620Z   Getting requirements to build editable: started
2025-02-21T19:55:31.9288600Z   Getting requirements to build editable: finished with status 'done'
2025-02-21T19:55:31.9306850Z   Preparing editable metadata (pyproject.toml): started
2025-02-21T19:55:32.3376270Z   Preparing editable metadata (pyproject.toml): finished with status 'done'
2025-02-21T19:55:32.3804520Z Requirement already satisfied: astropy in /Users/runner/micromamba/envs/tardis/lib/python3.12/site-packages (from tardis==0.0.0) (6.1.1)
2025-02-21T19:55:32.4079860Z Requirement already satisfied: numpy>=1.23 in /Users/runner/micromamba/envs/tardis/lib/python3.12/site-packages (from astropy->tardis==0.0.0) (1.26.4)
2025-02-21T19:55:32.4088840Z Requirement already satisfied: pyerfa>=2.0.1.1 in /Users/runner/micromamba/envs/tardis/lib/python3.12/site-packages (from astropy->tardis==0.0.0) (2.0.1.4)
2025-02-21T19:55:32.4097900Z Requirement already satisfied: astropy-iers-data>=0.2024.5.27.0.30.8 in /Users/runner/micromamba/envs/tardis/lib/python3.12/site-packages (from astropy->tardis==0.0.0) (0.2024.6.17.0.31.35)
2025-02-21T19:55:32.4103170Z Requirement already satisfied: PyYAML>=3.13 in /Users/runner/micromamba/envs/tardis/lib/python3.12/site-packages (from astropy->tardis==0.0.0) (6.0.1)
2025-02-21T19:55:32.4109450Z Requirement already satisfied: packaging>=19.0 in /Users/runner/micromamba/envs/tardis/lib/python3.12/site-packages (from astropy->tardis==0.0.0) (24.1)
2025-02-21T19:55:32.4170460Z Building wheels for collected packages: tardis
2025-02-21T19:55:32.4177010Z   Building editable for tardis (pyproject.toml): started
2025-02-21T19:55:33.0106970Z   Building editable for tardis (pyproject.toml): finished with status 'done'
2025-02-21T19:55:33.0116730Z   Created wheel for tardis: filename=tardis-0.0.0-0.editable-py3-none-any.whl size=8877 sha256=ec1f3cf4b9381b5f72efbb3586c9197a1f146c40da678267aeab7d5f2c5819a0
2025-02-21T19:55:33.0119750Z   Stored in directory: /private/var/folders/2s/h6hvv9ps03xgz_krkkstvq_r0000gn/T/pip-ephem-wheel-cache-ys4u0tpw/wheels/bb/4f/6a/0829b918c1c10bc28535ce7f14be21eee54375bdd9cd0c306a
2025-02-21T19:55:33.0140710Z Successfully built tardis
2025-02-21T19:55:33.5351000Z Installing collected packages: tardis
2025-02-21T19:55:33.5406300Z Successfully installed tardis-0.0.0
2025-02-21T19:55:33.8137010Z ##[group]Run pip install qgridnext
2025-02-21T19:55:33.8137250Z [36;1mpip install qgridnext[0m
2025-02-21T19:55:33.8210920Z shell: /bin/bash -l {0}
2025-02-21T19:55:33.8211130Z env:
2025-02-21T19:55:33.8211320Z   CACHE_NUMBER: 0
2025-02-21T19:55:33.8211850Z   PYTEST_FLAGS: --tardis-regression-data=/Users/runner/work/tardis/tardis/tardis-regression-data --cov=tardis --cov-report=xml --cov-report=html --cov-append
2025-02-21T19:55:33.8212390Z   CODECOV_TOKEN: 
2025-02-21T19:55:33.8212610Z   MAMBA_ROOT_PREFIX: /Users/runner/micromamba
2025-02-21T19:55:33.8212880Z   MAMBA_EXE: /Users/runner/micromamba-bin/micromamba
2025-02-21T19:55:33.8213210Z   CONDARC: /Users/runner/work/_temp/setup-micromamba/.condarc
2025-02-21T19:55:33.8213480Z ##[endgroup]
2025-02-21T19:55:34.4610240Z Collecting qgridnext
2025-02-21T19:55:34.4980120Z   Downloading qgridnext-2.0.4-py3-none-any.whl.metadata (9.9 kB)
2025-02-21T19:55:34.5196380Z Requirement already satisfied: pandas>=0.20.0 in /Users/runner/micromamba/envs/tardis/lib/python3.12/site-packages (from qgridnext) (2.2.2)
2025-02-21T19:55:34.5201450Z Requirement already satisfied: ipywidgets>=7.0.0 in /Users/runner/micromamba/envs/tardis/lib/python3.12/site-packages (from qgridnext) (7.8.0)
2025-02-21T19:55:34.5207930Z Requirement already satisfied: numpy in /Users/runner/micromamba/envs/tardis/lib/python3.12/site-packages (from qgridnext) (1.26.4)
2025-02-21T19:55:34.5214380Z Requirement already satisfied: traitlets in /Users/runner/micromamba/envs/tardis/lib/python3.12/site-packages (from qgridnext) (5.14.3)
2025-02-21T19:55:34.5265500Z Requirement already satisfied: comm>=0.1.3 in /Users/runner/micromamba/envs/tardis/lib/python3.12/site-packages (from ipywidgets>=7.0.0->qgridnext) (0.2.2)
2025-02-21T19:55:34.5270510Z Requirement already satisfied: ipython-genutils~=0.2.0 in /Users/runner/micromamba/envs/tardis/lib/python3.12/site-packages (from ipywidgets>=7.0.0->qgridnext) (0.2.0)
2025-02-21T19:55:34.5279430Z Requirement already satisfied: widgetsnbextension~=3.6.5 in /Users/runner/micromamba/envs/tardis/lib/python3.12/site-packages (from ipywidgets>=7.0.0->qgridnext) (3.6.6)
2025-02-21T19:55:34.5288180Z Requirement already satisfied: ipython>=4.0.0 in /Users/runner/micromamba/envs/tardis/lib/python3.12/site-packages (from ipywidgets>=7.0.0->qgridnext) (8.25.0)
2025-02-21T19:55:34.5297590Z Requirement already satisfied: jupyterlab-widgets<3,>=1.0.0 in /Users/runner/micromamba/envs/tardis/lib/python3.12/site-packages (from ipywidgets>=7.0.0->qgridnext) (1.1.7)
2025-02-21T19:55:34.5580050Z Requirement already satisfied: python-dateutil>=2.8.2 in /Users/runner/micromamba/envs/tardis/lib/python3.12/site-packages (from pandas>=0.20.0->qgridnext) (2.9.0)
2025-02-21T19:55:34.5592160Z Requirement already satisfied: pytz>=2020.1 in /Users/runner/micromamba/envs/tardis/lib/python3.12/site-packages (from pandas>=0.20.0->qgridnext) (2024.1)
2025-02-21T19:55:34.5595040Z Requirement already satisfied: tzdata>=2022.7 in /Users/runner/micromamba/envs/tardis/lib/python3.12/site-packages (from pandas>=0.20.0->qgridnext) (2024.1)
2025-02-21T19:55:34.5868800Z Requirement already satisfied: decorator in /Users/runner/micromamba/envs/tardis/lib/python3.12/site-packages (from ipython>=4.0.0->ipywidgets>=7.0.0->qgridnext) (5.1.1)
2025-02-21T19:55:34.5885610Z Requirement already satisfied: jedi>=0.16 in /Users/runner/micromamba/envs/tardis/lib/python3.12/site-packages (from ipython>=4.0.0->ipywidgets>=7.0.0->qgridnext) (0.19.1)
2025-02-21T19:55:34.5891420Z Requirement already satisfied: matplotlib-inline in /Users/runner/micromamba/envs/tardis/lib/python3.12/site-packages (from ipython>=4.0.0->ipywidgets>=7.0.0->qgridnext) (0.1.7)
2025-02-21T19:55:34.5897380Z Requirement already satisfied: prompt-toolkit<3.1.0,>=3.0.41 in /Users/runner/micromamba/envs/tardis/lib/python3.12/site-packages (from ipython>=4.0.0->ipywidgets>=7.0.0->qgridnext) (3.0.47)
2025-02-21T19:55:34.5903300Z Requirement already satisfied: pygments>=2.4.0 in /Users/runner/micromamba/envs/tardis/lib/python3.12/site-packages (from ipython>=4.0.0->ipywidgets>=7.0.0->qgridnext) (2.18.0)
2025-02-21T19:55:34.5909020Z Requirement already satisfied: stack-data in /Users/runner/micromamba/envs/tardis/lib/python3.12/site-packages (from ipython>=4.0.0->ipywidgets>=7.0.0->qgridnext) (0.6.2)
2025-02-21T19:55:34.5921400Z Requirement already satisfied: pexpect>4.3 in /Users/runner/micromamba/envs/tardis/lib/python3.12/site-packages (from ipython>=4.0.0->ipywidgets>=7.0.0->qgridnext) (4.9.0)
2025-02-21T19:55:34.5949190Z Requirement already satisfied: six>=1.5 in /Users/runner/micromamba/envs/tardis/lib/python3.12/site-packages (from python-dateutil>=2.8.2->pandas>=0.20.0->qgridnext) (1.16.0)
2025-02-21T19:55:34.5996340Z Requirement already satisfied: notebook>=4.4.1 in /Users/runner/micromamba/envs/tardis/lib/python3.12/site-packages (from widgetsnbextension~=3.6.5->ipywidgets>=7.0.0->qgridnext) (7.2.1)
2025-02-21T19:55:34.6151920Z Requirement already satisfied: parso<0.9.0,>=0.8.3 in /Users/runner/micromamba/envs/tardis/lib/python3.12/site-packages (from jedi>=0.16->ipython>=4.0.0->ipywidgets>=7.0.0->qgridnext) (0.8.4)
2025-02-21T19:55:34.6352130Z Requirement already satisfied: jupyter-server<3,>=2.4.0 in /Users/runner/micromamba/envs/tardis/lib/python3.12/site-packages (from notebook>=4.4.1->widgetsnbextension~=3.6.5->ipywidgets>=7.0.0->qgridnext) (2.14.1)
2025-02-21T19:55:34.6454250Z Requirement already satisfied: jupyterlab-server<3,>=2.27.1 in /Users/runner/micromamba/envs/tardis/lib/python3.12/site-packages (from notebook>=4.4.1->widgetsnbextension~=3.6.5->ipywidgets>=7.0.0->qgridnext) (2.27.2)
2025-02-21T19:55:34.6554820Z Requirement already satisfied: jupyterlab<4.3,>=4.2.0 in /Users/runner/micromamba/envs/tardis/lib/python3.12/site-packages (from notebook>=4.4.1->widgetsnbextension~=3.6.5->ipywidgets>=7.0.0->qgridnext) (4.2.2)
2025-02-21T19:55:34.6656910Z Requirement already satisfied: notebook-shim<0.3,>=0.2 in /Users/runner/micromamba/envs/tardis/lib/python3.12/site-packages (from notebook>=4.4.1->widgetsnbextension~=3.6.5->ipywidgets>=7.0.0->qgridnext) (0.2.4)
2025-02-21T19:55:34.6757570Z Requirement already satisfied: tornado>=6.2.0 in /Users/runner/micromamba/envs/tardis/lib/python3.12/site-packages (from notebook>=4.4.1->widgetsnbextension~=3.6.5->ipywidgets>=7.0.0->qgridnext) (6.4.1)
2025-02-21T19:55:34.6860470Z Requirement already satisfied: ptyprocess>=0.5 in /Users/runner/micromamba/envs/tardis/lib/python3.12/site-packages (from pexpect>4.3->ipython>=4.0.0->ipywidgets>=7.0.0->qgridnext) (0.7.0)
2025-02-21T19:55:34.6962320Z Requirement already satisfied: wcwidth in /Users/runner/micromamba/envs/tardis/lib/python3.12/site-packages (from prompt-toolkit<3.1.0,>=3.0.41->ipython>=4.0.0->ipywidgets>=7.0.0->qgridnext) (0.2.13)
2025-02-21T19:55:34.7062830Z Requirement already satisfied: executing>=1.2.0 in /Users/runner/micromamba/envs/tardis/lib/python3.12/site-packages (from stack-data->ipython>=4.0.0->ipywidgets>=7.0.0->qgridnext) (2.0.1)
2025-02-21T19:55:34.7164880Z Requirement already satisfied: asttokens>=2.1.0 in /Users/runner/micromamba/envs/tardis/lib/python3.12/site-packages (from stack-data->ipython>=4.0.0->ipywidgets>=7.0.0->qgridnext) (2.4.1)
2025-02-21T19:55:34.7265770Z Requirement already satisfied: pure-eval in /Users/runner/micromamba/envs/tardis/lib/python3.12/site-packages (from stack-data->ipython>=4.0.0->ipywidgets>=7.0.0->qgridnext) (0.2.2)
2025-02-21T19:55:34.7367290Z Requirement already satisfied: anyio>=3.1.0 in /Users/runner/micromamba/envs/tardis/lib/python3.12/site-packages (from jupyter-server<3,>=2.4.0->notebook>=4.4.1->widgetsnbextension~=3.6.5->ipywidgets>=7.0.0->qgridnext) (4.4.0)
2025-02-21T19:55:34.7469420Z Requirement already satisfied: argon2-cffi>=21.1 in /Users/runner/micromamba/envs/tardis/lib/python3.12/site-packages (from jupyter-server<3,>=2.4.0->notebook>=4.4.1->widgetsnbextension~=3.6.5->ipywidgets>=7.0.0->qgridnext) (23.1.0)
2025-02-21T19:55:34.7548020Z Requirement already satisfied: jinja2>=3.0.3 in /Users/runner/micromamba/envs/tardis/lib/python3.12/site-packages (from jupyter-server<3,>=2.4.0->notebook>=4.4.1->widgetsnbextension~=3.6.5->ipywidgets>=7.0.0->qgridnext) (3.1.4)
2025-02-21T19:55:34.7549570Z Requirement already satisfied: jupyter-client>=7.4.4 in /Users/runner/micromamba/envs/tardis/lib/python3.12/site-packages (from jupyter-server<3,>=2.4.0->notebook>=4.4.1->widgetsnbextension~=3.6.5->ipywidgets>=7.0.0->qgridnext) (8.6.2)
2025-02-21T19:55:34.7561070Z Requirement already satisfied: jupyter-core!=5.0.*,>=4.12 in /Users/runner/micromamba/envs/tardis/lib/python3.12/site-packages (from jupyter-server<3,>=2.4.0->notebook>=4.4.1->widgetsnbextension~=3.6.5->ipywidgets>=7.0.0->qgridnext) (5.7.2)
2025-02-21T19:55:34.7563300Z Requirement already satisfied: jupyter-events>=0.9.0 in /Users/runner/micromamba/envs/tardis/lib/python3.12/site-packages (from jupyter-server<3,>=2.4.0->notebook>=4.4.1->widgetsnbextension~=3.6.5->ipywidgets>=7.0.0->qgridnext) (0.10.0)
2025-02-21T19:55:34.7564720Z Requirement already satisfied: jupyter-server-terminals>=0.4.4 in /Users/runner/micromamba/envs/tardis/lib/python3.12/site-packages (from jupyter-server<3,>=2.4.0->notebook>=4.4.1->widgetsnbextension~=3.6.5->ipywidgets>=7.0.0->qgridnext) (0.5.3)
2025-02-21T19:55:34.7570700Z Requirement already satisfied: nbconvert>=6.4.4 in /Users/runner/micromamba/envs/tardis/lib/python3.12/site-packages (from jupyter-server<3,>=2.4.0->notebook>=4.4.1->widgetsnbextension~=3.6.5->ipywidgets>=7.0.0->qgridnext) (7.16.4)
2025-02-21T19:55:34.7572230Z Requirement already satisfied: nbformat>=5.3.0 in /Users/runner/micromamba/envs/tardis/lib/python3.12/site-packages (from jupyter-server<3,>=2.4.0->notebook>=4.4.1->widgetsnbextension~=3.6.5->ipywidgets>=7.0.0->qgridnext) (5.10.4)
2025-02-21T19:55:34.7633680Z Requirement already satisfied: overrides>=5.0 in /Users/runner/micromamba/envs/tardis/lib/python3.12/site-packages (from jupyter-server<3,>=2.4.0->notebook>=4.4.1->widgetsnbextension~=3.6.5->ipywidgets>=7.0.0->qgridnext) (7.7.0)
2025-02-21T19:55:34.7718070Z Requirement already satisfied: packaging>=22.0 in /Users/runner/micromamba/envs/tardis/lib/python3.12/site-packages (from jupyter-server<3,>=2.4.0->notebook>=4.4.1->widgetsnbextension~=3.6.5->ipywidgets>=7.0.0->qgridnext) (24.1)
2025-02-21T19:55:34.7783940Z Requirement already satisfied: prometheus-client>=0.9 in /Users/runner/micromamba/envs/tardis/lib/python3.12/site-packages (from jupyter-server<3,>=2.4.0->notebook>=4.4.1->widgetsnbextension~=3.6.5->ipywidgets>=7.0.0->qgridnext) (0.20.0)
2025-02-21T19:55:34.7838570Z Requirement already satisfied: pyzmq>=24 in /Users/runner/micromamba/envs/tardis/lib/python3.12/site-packages (from jupyter-server<3,>=2.4.0->notebook>=4.4.1->widgetsnbextension~=3.6.5->ipywidgets>=7.0.0->qgridnext) (26.0.3)
2025-02-21T19:55:34.7893050Z Requirement already satisfied: send2trash>=1.8.2 in /Users/runner/micromamba/envs/tardis/lib/python3.12/site-packages (from jupyter-server<3,>=2.4.0->notebook>=4.4.1->widgetsnbextension~=3.6.5->ipywidgets>=7.0.0->qgridnext) (1.8.3)
2025-02-21T19:55:34.7895570Z Requirement already satisfied: terminado>=0.8.3 in /Users/runner/micromamba/envs/tardis/lib/python3.12/site-packages (from jupyter-server<3,>=2.4.0->notebook>=4.4.1->widgetsnbextension~=3.6.5->ipywidgets>=7.0.0->qgridnext) (0.18.1)
2025-02-21T19:55:34.7897040Z Requirement already satisfied: websocket-client>=1.7 in /Users/runner/micromamba/envs/tardis/lib/python3.12/site-packages (from jupyter-server<3,>=2.4.0->notebook>=4.4.1->widgetsnbextension~=3.6.5->ipywidgets>=7.0.0->qgridnext) (1.8.0)
2025-02-21T19:55:34.7902530Z Requirement already satisfied: async-lru>=1.0.0 in /Users/runner/micromamba/envs/tardis/lib/python3.12/site-packages (from jupyterlab<4.3,>=4.2.0->notebook>=4.4.1->widgetsnbextension~=3.6.5->ipywidgets>=7.0.0->qgridnext) (2.0.4)
2025-02-21T19:55:34.7903840Z Requirement already satisfied: httpx>=0.25.0 in /Users/runner/micromamba/envs/tardis/lib/python3.12/site-packages (from jupyterlab<4.3,>=4.2.0->notebook>=4.4.1->widgetsnbextension~=3.6.5->ipywidgets>=7.0.0->qgridnext) (0.27.0)
2025-02-21T19:55:34.7905780Z Requirement already satisfied: ipykernel>=6.5.0 in /Users/runner/micromamba/envs/tardis/lib/python3.12/site-packages (from jupyterlab<4.3,>=4.2.0->notebook>=4.4.1->widgetsnbextension~=3.6.5->ipywidgets>=7.0.0->qgridnext) (6.29.4)
2025-02-21T19:55:34.8007610Z Requirement already satisfied: jupyter-lsp>=2.0.0 in /Users/runner/micromamba/envs/tardis/lib/python3.12/site-packages (from jupyterlab<4.3,>=4.2.0->notebook>=4.4.1->widgetsnbextension~=3.6.5->ipywidgets>=7.0.0->qgridnext) (2.2.5)
2025-02-21T19:55:34.8048100Z Requirement already satisfied: setuptools>=40.1.0 in /Users/runner/micromamba/envs/tardis/lib/python3.12/site-packages (from jupyterlab<4.3,>=4.2.0->notebook>=4.4.1->widgetsnbextension~=3.6.5->ipywidgets>=7.0.0->qgridnext) (70.0.0)
2025-02-21T19:55:34.8060000Z Requirement already satisfied: babel>=2.10 in /Users/runner/micromamba/envs/tardis/lib/python3.12/site-packages (from jupyterlab-server<3,>=2.27.1->notebook>=4.4.1->widgetsnbextension~=3.6.5->ipywidgets>=7.0.0->qgridnext) (2.14.0)
2025-02-21T19:55:34.8061330Z Requirement already satisfied: json5>=0.9.0 in /Users/runner/micromamba/envs/tardis/lib/python3.12/site-packages (from jupyterlab-server<3,>=2.27.1->notebook>=4.4.1->widgetsnbextension~=3.6.5->ipywidgets>=7.0.0->qgridnext) (0.9.25)
2025-02-21T19:55:34.8062620Z Requirement already satisfied: jsonschema>=4.18.0 in /Users/runner/micromamba/envs/tardis/lib/python3.12/site-packages (from jupyterlab-server<3,>=2.27.1->notebook>=4.4.1->widgetsnbextension~=3.6.5->ipywidgets>=7.0.0->qgridnext) (4.22.0)
2025-02-21T19:55:34.8064360Z Requirement already satisfied: requests>=2.31 in /Users/runner/micromamba/envs/tardis/lib/python3.12/site-packages (from jupyterlab-server<3,>=2.27.1->notebook>=4.4.1->widgetsnbextension~=3.6.5->ipywidgets>=7.0.0->qgridnext) (2.32.3)
2025-02-21T19:55:34.8065700Z Requirement already satisfied: idna>=2.8 in /Users/runner/micromamba/envs/tardis/lib/python3.12/site-packages (from anyio>=3.1.0->jupyter-server<3,>=2.4.0->notebook>=4.4.1->widgetsnbextension~=3.6.5->ipywidgets>=7.0.0->qgridnext) (3.7)
2025-02-21T19:55:34.8067010Z Requirement already satisfied: sniffio>=1.1 in /Users/runner/micromamba/envs/tardis/lib/python3.12/site-packages (from anyio>=3.1.0->jupyter-server<3,>=2.4.0->notebook>=4.4.1->widgetsnbextension~=3.6.5->ipywidgets>=7.0.0->qgridnext) (1.3.1)
2025-02-21T19:55:34.8068380Z Requirement already satisfied: argon2-cffi-bindings in /Users/runner/micromamba/envs/tardis/lib/python3.12/site-packages (from argon2-cffi>=21.1->jupyter-server<3,>=2.4.0->notebook>=4.4.1->widgetsnbextension~=3.6.5->ipywidgets>=7.0.0->qgridnext) (21.2.0)
2025-02-21T19:55:34.8069610Z Requirement already satisfied: certifi in /Users/runner/micromamba/envs/tardis/lib/python3.12/site-packages (from httpx>=0.25.0->jupyterlab<4.3,>=4.2.0->notebook>=4.4.1->widgetsnbextension~=3.6.5->ipywidgets>=7.0.0->qgridnext) (2024.6.2)
2025-02-21T19:55:34.8070770Z Requirement already satisfied: httpcore==1.* in /Users/runner/micromamba/envs/tardis/lib/python3.12/site-packages (from httpx>=0.25.0->jupyterlab<4.3,>=4.2.0->notebook>=4.4.1->widgetsnbextension~=3.6.5->ipywidgets>=7.0.0->qgridnext) (1.0.5)
2025-02-21T19:55:34.8072210Z Requirement already satisfied: h11<0.15,>=0.13 in /Users/runner/micromamba/envs/tardis/lib/python3.12/site-packages (from httpcore==1.*->httpx>=0.25.0->jupyterlab<4.3,>=4.2.0->notebook>=4.4.1->widgetsnbextension~=3.6.5->ipywidgets>=7.0.0->qgridnext) (0.14.0)
2025-02-21T19:55:34.8073430Z Requirement already satisfied: appnope in /Users/runner/micromamba/envs/tardis/lib/python3.12/site-packages (from ipykernel>=6.5.0->jupyterlab<4.3,>=4.2.0->notebook>=4.4.1->widgetsnbextension~=3.6.5->ipywidgets>=7.0.0->qgridnext) (0.1.4)
2025-02-21T19:55:34.8074780Z Requirement already satisfied: debugpy>=1.6.5 in /Users/runner/micromamba/envs/tardis/lib/python3.12/site-packages (from ipykernel>=6.5.0->jupyterlab<4.3,>=4.2.0->notebook>=4.4.1->widgetsnbextension~=3.6.5->ipywidgets>=7.0.0->qgridnext) (1.8.1)
2025-02-21T19:55:34.8076270Z Requirement already satisfied: nest-asyncio in /Users/runner/micromamba/envs/tardis/lib/python3.12/site-packages (from ipykernel>=6.5.0->jupyterlab<4.3,>=4.2.0->notebook>=4.4.1->widgetsnbextension~=3.6.5->ipywidgets>=7.0.0->qgridnext) (1.6.0)
2025-02-21T19:55:34.8077480Z Requirement already satisfied: psutil in /Users/runner/micromamba/envs/tardis/lib/python3.12/site-packages (from ipykernel>=6.5.0->jupyterlab<4.3,>=4.2.0->notebook>=4.4.1->widgetsnbextension~=3.6.5->ipywidgets>=7.0.0->qgridnext) (5.9.8)
2025-02-21T19:55:34.8078690Z Requirement already satisfied: MarkupSafe>=2.0 in /Users/runner/micromamba/envs/tardis/lib/python3.12/site-packages (from jinja2>=3.0.3->jupyter-server<3,>=2.4.0->notebook>=4.4.1->widgetsnbextension~=3.6.5->ipywidgets>=7.0.0->qgridnext) (2.1.5)
2025-02-21T19:55:34.8162970Z Requirement already satisfied: attrs>=22.2.0 in /Users/runner/micromamba/envs/tardis/lib/python3.12/site-packages (from jsonschema>=4.18.0->jupyterlab-server<3,>=2.27.1->notebook>=4.4.1->widgetsnbextension~=3.6.5->ipywidgets>=7.0.0->qgridnext) (23.2.0)
2025-02-21T19:55:34.8167570Z Requirement already satisfied: jsonschema-specifications>=2023.03.6 in /Users/runner/micromamba/envs/tardis/lib/python3.12/site-packages (from jsonschema>=4.18.0->jupyterlab-server<3,>=2.27.1->notebook>=4.4.1->widgetsnbextension~=3.6.5->ipywidgets>=7.0.0->qgridnext) (2023.12.1)
2025-02-21T19:55:34.8173260Z Requirement already satisfied: referencing>=0.28.4 in /Users/runner/micromamba/envs/tardis/lib/python3.12/site-packages (from jsonschema>=4.18.0->jupyterlab-server<3,>=2.27.1->notebook>=4.4.1->widgetsnbextension~=3.6.5->ipywidgets>=7.0.0->qgridnext) (0.35.1)
2025-02-21T19:55:34.8179660Z Requirement already satisfied: rpds-py>=0.7.1 in /Users/runner/micromamba/envs/tardis/lib/python3.12/site-packages (from jsonschema>=4.18.0->jupyterlab-server<3,>=2.27.1->notebook>=4.4.1->widgetsnbextension~=3.6.5->ipywidgets>=7.0.0->qgridnext) (0.18.1)
2025-02-21T19:55:34.8357000Z Requirement already satisfied: platformdirs>=2.5 in /Users/runner/micromamba/envs/tardis/lib/python3.12/site-packages (from jupyter-core!=5.0.*,>=4.12->jupyter-server<3,>=2.4.0->notebook>=4.4.1->widgetsnbextension~=3.6.5->ipywidgets>=7.0.0->qgridnext) (4.2.2)
2025-02-21T19:55:34.8452050Z Requirement already satisfied: python-json-logger>=2.0.4 in /Users/runner/micromamba/envs/tardis/lib/python3.12/site-packages (from jupyter-events>=0.9.0->jupyter-server<3,>=2.4.0->notebook>=4.4.1->widgetsnbextension~=3.6.5->ipywidgets>=7.0.0->qgridnext) (2.0.7)
2025-02-21T19:55:34.8554480Z Requirement already satisfied: pyyaml>=5.3 in /Users/runner/micromamba/envs/tardis/lib/python3.12/site-packages (from jupyter-events>=0.9.0->jupyter-server<3,>=2.4.0->notebook>=4.4.1->widgetsnbextension~=3.6.5->ipywidgets>=7.0.0->qgridnext) (6.0.1)
2025-02-21T19:55:34.8656770Z Requirement already satisfied: rfc3339-validator in /Users/runner/micromamba/envs/tardis/lib/python3.12/site-packages (from jupyter-events>=0.9.0->jupyter-server<3,>=2.4.0->notebook>=4.4.1->widgetsnbextension~=3.6.5->ipywidgets>=7.0.0->qgridnext) (0.1.4)
2025-02-21T19:55:34.8758940Z Requirement already satisfied: rfc3986-validator>=0.1.1 in /Users/runner/micromamba/envs/tardis/lib/python3.12/site-packages (from jupyter-events>=0.9.0->jupyter-server<3,>=2.4.0->notebook>=4.4.1->widgetsnbextension~=3.6.5->ipywidgets>=7.0.0->qgridnext) (0.1.1)
2025-02-21T19:55:34.8861220Z Requirement already satisfied: beautifulsoup4 in /Users/runner/micromamba/envs/tardis/lib/python3.12/site-packages (from nbconvert>=6.4.4->jupyter-server<3,>=2.4.0->notebook>=4.4.1->widgetsnbextension~=3.6.5->ipywidgets>=7.0.0->qgridnext) (4.12.3)
2025-02-21T19:55:34.8963380Z Requirement already satisfied: bleach!=5.0.0 in /Users/runner/micromamba/envs/tardis/lib/python3.12/site-packages (from nbconvert>=6.4.4->jupyter-server<3,>=2.4.0->notebook>=4.4.1->widgetsnbextension~=3.6.5->ipywidgets>=7.0.0->qgridnext) (6.1.0)
2025-02-21T19:55:34.9065440Z Requirement already satisfied: defusedxml in /Users/runner/micromamba/envs/tardis/lib/python3.12/site-packages (from nbconvert>=6.4.4->jupyter-server<3,>=2.4.0->notebook>=4.4.1->widgetsnbextension~=3.6.5->ipywidgets>=7.0.0->qgridnext) (0.7.1)
2025-02-21T19:55:34.9168240Z Requirement already satisfied: jupyterlab-pygments in /Users/runner/micromamba/envs/tardis/lib/python3.12/site-packages (from nbconvert>=6.4.4->jupyter-server<3,>=2.4.0->notebook>=4.4.1->widgetsnbextension~=3.6.5->ipywidgets>=7.0.0->qgridnext) (0.3.0)
2025-02-21T19:55:34.9270280Z Requirement already satisfied: mistune<4,>=2.0.3 in /Users/runner/micromamba/envs/tardis/lib/python3.12/site-packages (from nbconvert>=6.4.4->jupyter-server<3,>=2.4.0->notebook>=4.4.1->widgetsnbextension~=3.6.5->ipywidgets>=7.0.0->qgridnext) (3.0.2)
2025-02-21T19:55:34.9386190Z Requirement already satisfied: nbclient>=0.5.0 in /Users/runner/micromamba/envs/tardis/lib/python3.12/site-packages (from nbconvert>=6.4.4->jupyter-server<3,>=2.4.0->notebook>=4.4.1->widgetsnbextension~=3.6.5->ipywidgets>=7.0.0->qgridnext) (0.10.0)
2025-02-21T19:55:34.9489050Z Requirement already satisfied: pandocfilters>=1.4.1 in /Users/runner/micromamba/envs/tardis/lib/python3.12/site-packages (from nbconvert>=6.4.4->jupyter-server<3,>=2.4.0->notebook>=4.4.1->widgetsnbextension~=3.6.5->ipywidgets>=7.0.0->qgridnext) (1.5.0)
2025-02-21T19:55:34.9591180Z Requirement already satisfied: tinycss2 in /Users/runner/micromamba/envs/tardis/lib/python3.12/site-packages (from nbconvert>=6.4.4->jupyter-server<3,>=2.4.0->notebook>=4.4.1->widgetsnbextension~=3.6.5->ipywidgets>=7.0.0->qgridnext) (1.3.0)
2025-02-21T19:55:34.9697120Z Requirement already satisfied: fastjsonschema>=2.15 in /Users/runner/micromamba/envs/tardis/lib/python3.12/site-packages (from nbformat>=5.3.0->jupyter-server<3,>=2.4.0->notebook>=4.4.1->widgetsnbextension~=3.6.5->ipywidgets>=7.0.0->qgridnext) (2.20.0)
2025-02-21T19:55:34.9799630Z Requirement already satisfied: charset-normalizer<4,>=2 in /Users/runner/micromamba/envs/tardis/lib/python3.12/site-packages (from requests>=2.31->jupyterlab-server<3,>=2.27.1->notebook>=4.4.1->widgetsnbextension~=3.6.5->ipywidgets>=7.0.0->qgridnext) (3.3.2)
2025-02-21T19:55:34.9916420Z Requirement already satisfied: urllib3<3,>=1.21.1 in /Users/runner/micromamba/envs/tardis/lib/python3.12/site-packages (from requests>=2.31->jupyterlab-server<3,>=2.27.1->notebook>=4.4.1->widgetsnbextension~=3.6.5->ipywidgets>=7.0.0->qgridnext) (2.2.2)
2025-02-21T19:55:35.0025320Z Requirement already satisfied: webencodings in /Users/runner/micromamba/envs/tardis/lib/python3.12/site-packages (from bleach!=5.0.0->nbconvert>=6.4.4->jupyter-server<3,>=2.4.0->notebook>=4.4.1->widgetsnbextension~=3.6.5->ipywidgets>=7.0.0->qgridnext) (0.5.1)
2025-02-21T19:55:35.0302780Z Requirement already satisfied: fqdn in /Users/runner/micromamba/envs/tardis/lib/python3.12/site-packages (from jsonschema[format-nongpl]>=4.18.0->jupyter-events>=0.9.0->jupyter-server<3,>=2.4.0->notebook>=4.4.1->widgetsnbextension~=3.6.5->ipywidgets>=7.0.0->qgridnext) (1.5.1)
2025-02-21T19:55:35.0311110Z Requirement already satisfied: isoduration in /Users/runner/micromamba/envs/tardis/lib/python3.12/site-packages (from jsonschema[format-nongpl]>=4.18.0->jupyter-events>=0.9.0->jupyter-server<3,>=2.4.0->notebook>=4.4.1->widgetsnbextension~=3.6.5->ipywidgets>=7.0.0->qgridnext) (20.11.0)
2025-02-21T19:55:35.0319220Z Requirement already satisfied: jsonpointer>1.13 in /Users/runner/micromamba/envs/tardis/lib/python3.12/site-packages (from jsonschema[format-nongpl]>=4.18.0->jupyter-events>=0.9.0->jupyter-server<3,>=2.4.0->notebook>=4.4.1->widgetsnbextension~=3.6.5->ipywidgets>=7.0.0->qgridnext) (3.0.0)
2025-02-21T19:55:35.0332980Z Requirement already satisfied: uri-template in /Users/runner/micromamba/envs/tardis/lib/python3.12/site-packages (from jsonschema[format-nongpl]>=4.18.0->jupyter-events>=0.9.0->jupyter-server<3,>=2.4.0->notebook>=4.4.1->widgetsnbextension~=3.6.5->ipywidgets>=7.0.0->qgridnext) (1.3.0)
2025-02-21T19:55:35.0346070Z Requirement already satisfied: webcolors>=1.11 in /Users/runner/micromamba/envs/tardis/lib/python3.12/site-packages (from jsonschema[format-nongpl]>=4.18.0->jupyter-events>=0.9.0->jupyter-server<3,>=2.4.0->notebook>=4.4.1->widgetsnbextension~=3.6.5->ipywidgets>=7.0.0->qgridnext) (24.6.0)
2025-02-21T19:55:35.1064920Z Requirement already satisfied: cffi>=1.0.1 in /Users/runner/micromamba/envs/tardis/lib/python3.12/site-packages (from argon2-cffi-bindings->argon2-cffi>=21.1->jupyter-server<3,>=2.4.0->notebook>=4.4.1->widgetsnbextension~=3.6.5->ipywidgets>=7.0.0->qgridnext) (1.16.0)
2025-02-21T19:55:35.1171210Z Requirement already satisfied: soupsieve>1.2 in /Users/runner/micromamba/envs/tardis/lib/python3.12/site-packages (from beautifulsoup4->nbconvert>=6.4.4->jupyter-server<3,>=2.4.0->notebook>=4.4.1->widgetsnbextension~=3.6.5->ipywidgets>=7.0.0->qgridnext) (2.5)
2025-02-21T19:55:35.1577580Z Requirement already satisfied: pycparser in /Users/runner/micromamba/envs/tardis/lib/python3.12/site-packages (from cffi>=1.0.1->argon2-cffi-bindings->argon2-cffi>=21.1->jupyter-server<3,>=2.4.0->notebook>=4.4.1->widgetsnbextension~=3.6.5->ipywidgets>=7.0.0->qgridnext) (2.22)
2025-02-21T19:55:35.1901720Z Requirement already satisfied: arrow>=0.15.0 in /Users/runner/micromamba/envs/tardis/lib/python3.12/site-packages (from isoduration->jsonschema[format-nongpl]>=4.18.0->jupyter-events>=0.9.0->jupyter-server<3,>=2.4.0->notebook>=4.4.1->widgetsnbextension~=3.6.5->ipywidgets>=7.0.0->qgridnext) (1.3.0)
2025-02-21T19:55:35.2090430Z Requirement already satisfied: types-python-dateutil>=2.8.10 in /Users/runner/micromamba/envs/tardis/lib/python3.12/site-packages (from arrow>=0.15.0->isoduration->jsonschema[format-nongpl]>=4.18.0->jupyter-events>=0.9.0->jupyter-server<3,>=2.4.0->notebook>=4.4.1->widgetsnbextension~=3.6.5->ipywidgets>=7.0.0->qgridnext) (2.9.0.20240316)
2025-02-21T19:55:35.2346270Z Downloading qgridnext-2.0.4-py3-none-any.whl (1.3 MB)
2025-02-21T19:55:35.2941860Z    ━━━━━━━━━━━━━━━━━━━━━━━━━━━━━━━━━━━━━━━━ 1.3/1.3 MB 22.3 MB/s eta 0:00:00
2025-02-21T19:55:35.8928370Z Installing collected packages: qgridnext
2025-02-21T19:55:35.9463920Z Successfully installed qgridnext-2.0.4
2025-02-21T19:55:36.1921690Z ##[group]Run pytest tardis --tardis-regression-data=/Users/runner/work/tardis/tardis/tardis-regression-data --cov=tardis --cov-report=xml --cov-report=html --cov-append -m " continuum"
2025-02-21T19:55:36.1922780Z [36;1mpytest tardis --tardis-regression-data=/Users/runner/work/tardis/tardis/tardis-regression-data --cov=tardis --cov-report=xml --cov-report=html --cov-append -m " continuum"[0m
2025-02-21T19:55:36.1993600Z shell: /bin/bash -l {0}
2025-02-21T19:55:36.1993810Z env:
2025-02-21T19:55:36.1993970Z   CACHE_NUMBER: 0
2025-02-21T19:55:36.1994570Z   PYTEST_FLAGS: --tardis-regression-data=/Users/runner/work/tardis/tardis/tardis-regression-data --cov=tardis --cov-report=xml --cov-report=html --cov-append
2025-02-21T19:55:36.1995130Z   CODECOV_TOKEN: 
2025-02-21T19:55:36.1995420Z   MAMBA_ROOT_PREFIX: /Users/runner/micromamba
2025-02-21T19:55:36.1995850Z   MAMBA_EXE: /Users/runner/micromamba-bin/micromamba
2025-02-21T19:55:36.1996360Z   CONDARC: /Users/runner/work/_temp/setup-micromamba/.condarc
2025-02-21T19:55:36.1996810Z ##[endgroup]
2025-02-21T19:55:50.8801350Z ============================= test session starts ==============================
2025-02-21T19:55:50.8841950Z platform darwin -- Python 3.12.4, pytest-8.2.2, pluggy-1.5.0
2025-02-21T19:55:50.8842850Z rootdir: /Users/runner/work/tardis/tardis
2025-02-21T19:55:50.8843400Z configfile: pyproject.toml
2025-02-21T19:55:50.8843890Z plugins: cov-5.0.0, html-4.1.1, metadata-3.1.1, doctestplus-1.2.1, anyio-4.4.0
2025-02-21T19:55:50.8844440Z collected 1796 items / 1794 deselected / 2 selected
2025-02-21T19:55:50.8845050Z 
2025-02-21T19:56:57.3345570Z tardis/transport/montecarlo/estimators/tests/test_continuum_property_solver.py . [ 50%]
2025-02-21T19:56:57.3346310Z                                                                          [ 50%]
2025-02-21T19:57:25.7509060Z tardis/transport/montecarlo/tests/test_continuum.py .                    [100%]
2025-02-21T19:57:25.7509500Z 
2025-02-21T19:57:25.7509810Z =============================== warnings summary ===============================
2025-02-21T19:57:25.7510200Z tardis/io/configuration/config_validator.py:6
2025-02-21T19:57:25.7510570Z tardis/io/configuration/config_validator.py:6
2025-02-21T19:57:25.7511030Z   /Users/runner/work/tardis/tardis/tardis/io/configuration/config_validator.py:6: DeprecationWarning:
2025-02-21T19:57:25.7511730Z   
2025-02-21T19:57:25.7512900Z   jsonschema.RefResolver is deprecated as of v4.18.0, in favor of the https://github.com/python-jsonschema/referencing library, which provides more compliant referencing behavior as well as more flexible APIs for customization. A future release will remove RefResolver. Please file a feature request (on referencing) if you are missing an API for the kind of customization you need.
2025-02-21T19:57:25.7514130Z 
2025-02-21T19:57:25.7514490Z ../../../micromamba/envs/tardis/lib/python3.12/site-packages/jupyter_client/connect.py:22
2025-02-21T19:57:25.7515210Z   /Users/runner/micromamba/envs/tardis/lib/python3.12/site-packages/jupyter_client/connect.py:22: DeprecationWarning:
2025-02-21T19:57:25.7515730Z   
2025-02-21T19:57:25.7516140Z   Jupyter is migrating its paths to use standard platformdirs
2025-02-21T19:57:25.7516560Z   given by the platformdirs library.  To remove this warning and
2025-02-21T19:57:25.7517110Z   see the appropriate new directories, set the environment variable
2025-02-21T19:57:25.7517570Z   `JUPYTER_PLATFORM_DIRS=1` and then run `jupyter --paths`.
2025-02-21T19:57:25.7518150Z   The use of platformdirs will be the default in `jupyter_core` v6
2025-02-21T19:57:25.7522510Z 
2025-02-21T19:57:25.7528830Z tardis/transport/montecarlo/estimators/tests/test_continuum_property_solver.py::test_continuum_estimators
2025-02-21T19:57:25.7529670Z   /Users/runner/work/tardis/tardis/tardis/transport/montecarlo/montecarlo_main_loop.py:123: NumbaTypeSafetyWarning:
2025-02-21T19:57:25.7530250Z   
2025-02-21T19:57:25.7531800Z   [1m[1m[1munsafe cast from uint64 to int64. Precision may be lost.[0m[0m[0m
2025-02-21T19:57:25.7532980Z 
2025-02-21T19:57:25.7533260Z -- Docs: https://docs.pytest.org/en/stable/how-to/capture-warnings.html
2025-02-21T19:57:25.7533490Z 
2025-02-21T19:57:25.7533700Z ---------- coverage: platform darwin, python 3.12.4-final-0 ----------
2025-02-21T19:57:25.7534120Z Coverage HTML written to dir coverage_html_report
2025-02-21T19:57:25.7534410Z Coverage XML written to file coverage.xml
2025-02-21T19:57:25.7534620Z 
2025-02-21T19:57:25.7534840Z ========== 2 passed, 1794 deselected, 4 warnings in 96.42s (0:01:36) ===========
2025-02-21T19:57:26.7416340Z ##[group]Run mv .coverage .coverage.1
2025-02-21T19:57:26.7416750Z [36;1mmv .coverage .coverage.1[0m
2025-02-21T19:57:26.7687780Z shell: /bin/bash -l {0}
2025-02-21T19:57:26.7688030Z env:
2025-02-21T19:57:26.7688260Z   CACHE_NUMBER: 0
2025-02-21T19:57:26.7688810Z   PYTEST_FLAGS: --tardis-regression-data=/Users/runner/work/tardis/tardis/tardis-regression-data --cov=tardis --cov-report=xml --cov-report=html --cov-append
2025-02-21T19:57:26.7689400Z   CODECOV_TOKEN: 
2025-02-21T19:57:26.7689630Z   MAMBA_ROOT_PREFIX: /Users/runner/micromamba
2025-02-21T19:57:26.7689970Z   MAMBA_EXE: /Users/runner/micromamba-bin/micromamba
2025-02-21T19:57:26.7690300Z   CONDARC: /Users/runner/work/_temp/setup-micromamba/.condarc
2025-02-21T19:57:26.7690640Z ##[endgroup]
2025-02-21T19:57:26.9614410Z ##[group]Run actions/upload-artifact@v4
2025-02-21T19:57:26.9614650Z with:
2025-02-21T19:57:26.9614820Z   name: coverage--continuum-macos-latest
2025-02-21T19:57:26.9615140Z   include-hidden-files: true
2025-02-21T19:57:26.9615350Z   path: .coverage*
!.coveragerc

2025-02-21T19:57:26.9615750Z   if-no-files-found: warn
2025-02-21T19:57:26.9616010Z   compression-level: 6
2025-02-21T19:57:26.9616220Z   overwrite: false
2025-02-21T19:57:26.9616370Z env:
2025-02-21T19:57:26.9616650Z   CACHE_NUMBER: 0
2025-02-21T19:57:26.9617190Z   PYTEST_FLAGS: --tardis-regression-data=/Users/runner/work/tardis/tardis/tardis-regression-data --cov=tardis --cov-report=xml --cov-report=html --cov-append
2025-02-21T19:57:26.9617810Z   CODECOV_TOKEN: 
2025-02-21T19:57:26.9618050Z   MAMBA_ROOT_PREFIX: /Users/runner/micromamba
2025-02-21T19:57:26.9618380Z   MAMBA_EXE: /Users/runner/micromamba-bin/micromamba
2025-02-21T19:57:26.9618740Z   CONDARC: /Users/runner/work/_temp/setup-micromamba/.condarc
2025-02-21T19:57:26.9619170Z ##[endgroup]
2025-02-21T19:57:27.3131820Z With the provided path, there will be 2 files uploaded
2025-02-21T19:57:27.3135220Z Artifact name is valid!
2025-02-21T19:57:27.3135860Z Root directory input is valid!
2025-02-21T19:57:27.5000520Z Beginning upload of artifact content to blob storage
2025-02-21T19:57:27.6916660Z Uploaded bytes 28000
2025-02-21T19:57:27.7342120Z Finished uploading artifact content to blob storage!
2025-02-21T19:57:27.7343370Z SHA256 hash of uploaded artifact zip is e881cbc16cf99a2e0af280bbe5737718da45593dd50d3a350547bc2c50482145
2025-02-21T19:57:27.7344490Z Finalizing artifact upload
2025-02-21T19:57:27.8324510Z Artifact coverage--continuum-macos-latest.zip successfully finalized. Artifact ID 2632625320
2025-02-21T19:57:27.8325730Z Artifact coverage--continuum-macos-latest has been successfully uploaded! Final size is 28000 bytes. Artifact ID is 2632625320
2025-02-21T19:57:27.8337670Z Artifact download URL: https://github.com/tardis-sn/tardis/actions/runs/13000456155/artifacts/2632625320
2025-02-21T19:57:27.8494170Z Post job cleanup.
2025-02-21T19:57:27.8566420Z Post job cleanup.
2025-02-21T19:57:28.0124360Z Will use pre-installed micromamba at /Users/runner/micromamba-bin/micromamba
2025-02-21T19:57:28.0126550Z Removing micromamba run shell ...
2025-02-21T19:57:28.0128530Z ##[group]Deinitialize micromamba for bash
2025-02-21T19:57:28.0140490Z [command]/Users/runner/micromamba-bin/micromamba shell deinit -s bash -r /Users/runner/micromamba --log-level warning --rc-file /Users/runner/work/_temp/setup-micromamba/.condarc
2025-02-21T19:57:28.0273220Z Resetting RC file "/Users/runner/.bash_profile"
2025-02-21T19:57:28.0273570Z Deleting config for root prefix 
2025-02-21T19:57:28.0273800Z Clearing mamba executable environment variable
2025-02-21T19:57:28.0301450Z Removing the following in your "/Users/runner/.bash_profile" file
2025-02-21T19:57:28.0301870Z # >>> mamba initialize >>>
2025-02-21T19:57:28.0302070Z ...
2025-02-21T19:57:28.0302230Z # <<< mamba initialize <<<
2025-02-21T19:57:28.0323970Z Removing environment tardis from auto-activate bash ...
2025-02-21T19:57:28.0402830Z Post job cleanup.
2025-02-21T19:57:28.0451930Z Post job cleanup.
2025-02-21T19:57:28.1504550Z [command]/opt/homebrew/bin/git version
2025-02-21T19:57:28.1713970Z git version 2.48.1
2025-02-21T19:57:28.1735050Z Copying '/Users/runner/.gitconfig' to '/Users/runner/work/_temp/220e6d8d-a24c-4438-893a-47bfe5485c20/.gitconfig'
2025-02-21T19:57:28.1741150Z Temporarily overriding HOME='/Users/runner/work/_temp/220e6d8d-a24c-4438-893a-47bfe5485c20' before making global git config changes
2025-02-21T19:57:28.1741730Z Adding repository directory to the temporary git global config as a safe directory
2025-02-21T19:57:28.1744800Z [command]/opt/homebrew/bin/git config --global --add safe.directory /Users/runner/work/tardis/tardis/tardis-regression-data
2025-02-21T19:57:28.1828760Z [command]/opt/homebrew/bin/git config --local --name-only --get-regexp core\.sshCommand
2025-02-21T19:57:28.1869040Z [command]/opt/homebrew/bin/git submodule foreach --recursive sh -c "git config --local --name-only --get-regexp 'core\.sshCommand' && git config --local --unset-all 'core.sshCommand' || :"
2025-02-21T19:57:28.3934270Z [command]/opt/homebrew/bin/git config --local --name-only --get-regexp http\.https\:\/\/github\.com\/\.extraheader
2025-02-21T19:57:28.4002070Z http.https://github.com/.extraheader
2025-02-21T19:57:28.4107400Z [command]/opt/homebrew/bin/git config --local --unset-all http.https://github.com/.extraheader
2025-02-21T19:57:28.4149990Z [command]/opt/homebrew/bin/git submodule foreach --recursive sh -c "git config --local --name-only --get-regexp 'http\.https\:\/\/github\.com\/\.extraheader' && git config --local --unset-all 'http.https://github.com/.extraheader' || :"
2025-02-21T19:57:28.4636610Z Post job cleanup.
2025-02-21T19:57:28.5514700Z [command]/opt/homebrew/bin/git version
2025-02-21T19:57:28.5560220Z git version 2.48.1
2025-02-21T19:57:28.5582080Z Copying '/Users/runner/.gitconfig' to '/Users/runner/work/_temp/3a7b4ecb-954e-4e04-bd4e-3852ea989a46/.gitconfig'
2025-02-21T19:57:28.5588230Z Temporarily overriding HOME='/Users/runner/work/_temp/3a7b4ecb-954e-4e04-bd4e-3852ea989a46' before making global git config changes
2025-02-21T19:57:28.5588820Z Adding repository directory to the temporary git global config as a safe directory
2025-02-21T19:57:28.5591480Z [command]/opt/homebrew/bin/git config --global --add safe.directory /Users/runner/work/tardis/tardis
2025-02-21T19:57:28.5650020Z [command]/opt/homebrew/bin/git config --local --name-only --get-regexp core\.sshCommand
2025-02-21T19:57:28.5696140Z [command]/opt/homebrew/bin/git submodule foreach --recursive sh -c "git config --local --name-only --get-regexp 'core\.sshCommand' && git config --local --unset-all 'core.sshCommand' || :"
2025-02-21T19:57:28.6285550Z [command]/opt/homebrew/bin/git config --local --name-only --get-regexp http\.https\:\/\/github\.com\/\.extraheader
2025-02-21T19:57:28.6318790Z http.https://github.com/.extraheader
2025-02-21T19:57:28.6326760Z [command]/opt/homebrew/bin/git config --local --unset-all http.https://github.com/.extraheader
2025-02-21T19:57:28.6380470Z [command]/opt/homebrew/bin/git submodule foreach --recursive sh -c "git config --local --name-only --get-regexp 'http\.https\:\/\/github\.com\/\.extraheader' && git config --local --unset-all 'http.https://github.com/.extraheader' || :"
2025-02-21T19:57:28.7000990Z Cleaning up orphan processes
