2025-02-28T13:53:04.5176846Z Prepare all required actions
2025-02-28T13:53:04.5178243Z Getting action download info
2025-02-28T13:53:04.6489156Z Download action repository 'actions/cache@v4' (SHA:d4323d4df104b026a6aa633fdb11d772146be0bf)
2025-02-28T13:53:04.9669741Z ##[group]Run ./.github/actions/setup_lfs
2025-02-28T13:53:04.9670839Z with:
2025-02-28T13:53:04.9671976Z   regression-data-repo: tardis-sn/tardis-regression-data
2025-02-28T13:53:04.9673250Z   atom-data-sparse: false
2025-02-28T13:53:04.9674159Z env:
2025-02-28T13:53:04.9674889Z   CACHE_NUMBER: 0
2025-02-28T13:53:04.9677186Z   PYTEST_FLAGS: --tardis-regression-data=/home/runner/work/tardis/tardis/tardis-regression-data --cov=tardis --cov-report=xml --cov-report=html --cov-append
2025-02-28T13:53:04.9679702Z   CODECOV_TOKEN: 
2025-02-28T13:53:04.9680511Z ##[endgroup]
2025-02-28T13:53:04.9888204Z ##[group]Run actions/checkout@v4
2025-02-28T13:53:04.9889197Z with:
2025-02-28T13:53:04.9890063Z   repository: tardis-sn/tardis-regression-data
2025-02-28T13:53:04.9891225Z   path: tardis-regression-data
2025-02-28T13:53:04.9892356Z   lfs: false
2025-02-28T13:53:04.9893397Z   token: ***
2025-02-28T13:53:04.9894172Z   ssh-strict: true
2025-02-28T13:53:04.9894988Z   ssh-user: git
2025-02-28T13:53:04.9895822Z   persist-credentials: true
2025-02-28T13:53:04.9896735Z   clean: true
2025-02-28T13:53:04.9897569Z   sparse-checkout-cone-mode: true
2025-02-28T13:53:04.9898565Z   fetch-depth: 1
2025-02-28T13:53:04.9899371Z   fetch-tags: false
2025-02-28T13:53:04.9900219Z   show-progress: true
2025-02-28T13:53:04.9901074Z   submodules: false
2025-02-28T13:53:04.9902022Z   set-safe-directory: true
2025-02-28T13:53:04.9902916Z env:
2025-02-28T13:53:04.9903638Z   CACHE_NUMBER: 0
2025-02-28T13:53:04.9905939Z   PYTEST_FLAGS: --tardis-regression-data=/home/runner/work/tardis/tardis/tardis-regression-data --cov=tardis --cov-report=xml --cov-report=html --cov-append
2025-02-28T13:53:04.9908411Z   CODECOV_TOKEN: 
2025-02-28T13:53:04.9909216Z ##[endgroup]
2025-02-28T13:53:05.0837508Z Syncing repository: tardis-sn/tardis-regression-data
2025-02-28T13:53:05.0842014Z ##[group]Getting Git version info
2025-02-28T13:53:05.0843604Z Working directory is '/home/runner/work/tardis/tardis/tardis-regression-data'
2025-02-28T13:53:05.0886555Z [command]/usr/bin/git version
2025-02-28T13:53:05.0928288Z git version 2.48.1
2025-02-28T13:53:05.0953443Z ##[endgroup]
2025-02-28T13:53:05.0966971Z Temporarily overriding HOME='/home/runner/work/_temp/182e2c3f-55a0-489f-ac1b-c9d229f7a628' before making global git config changes
2025-02-28T13:53:05.0969823Z Adding repository directory to the temporary git global config as a safe directory
2025-02-28T13:53:05.0973345Z [command]/usr/bin/git config --global --add safe.directory /home/runner/work/tardis/tardis/tardis-regression-data
2025-02-28T13:53:05.1002465Z ##[group]Initializing the repository
2025-02-28T13:53:05.1007805Z [command]/usr/bin/git init /home/runner/work/tardis/tardis/tardis-regression-data
2025-02-28T13:53:05.1043144Z hint: Using 'master' as the name for the initial branch. This default branch name
2025-02-28T13:53:05.1046352Z hint: is subject to change. To configure the initial branch name to use in all
2025-02-28T13:53:05.1049652Z hint: of your new repositories, which will suppress this warning, call:
2025-02-28T13:53:05.1052782Z hint:
2025-02-28T13:53:05.1054418Z hint: 	git config --global init.defaultBranch <name>
2025-02-28T13:53:05.1056546Z hint:
2025-02-28T13:53:05.1058567Z hint: Names commonly chosen instead of 'master' are 'main', 'trunk' and
2025-02-28T13:53:05.1062189Z hint: 'development'. The just-created branch can be renamed via this command:
2025-02-28T13:53:05.1064006Z hint:
2025-02-28T13:53:05.1064800Z hint: 	git branch -m <name>
2025-02-28T13:53:05.1066489Z Initialized empty Git repository in /home/runner/work/tardis/tardis/tardis-regression-data/.git/
2025-02-28T13:53:05.1072231Z [command]/usr/bin/git remote add origin https://github.com/tardis-sn/tardis-regression-data
2025-02-28T13:53:05.1088896Z ##[endgroup]
2025-02-28T13:53:05.1091609Z ##[group]Disabling automatic garbage collection
2025-02-28T13:53:05.1094268Z [command]/usr/bin/git config --local gc.auto 0
2025-02-28T13:53:05.1125444Z ##[endgroup]
2025-02-28T13:53:05.1127876Z ##[group]Setting up auth
2025-02-28T13:53:05.1132503Z [command]/usr/bin/git config --local --name-only --get-regexp core\.sshCommand
2025-02-28T13:53:05.1164550Z [command]/usr/bin/git submodule foreach --recursive sh -c "git config --local --name-only --get-regexp 'core\.sshCommand' && git config --local --unset-all 'core.sshCommand' || :"
2025-02-28T13:53:05.1387985Z [command]/usr/bin/git config --local --name-only --get-regexp http\.https\:\/\/github\.com\/\.extraheader
2025-02-28T13:53:05.1420033Z [command]/usr/bin/git submodule foreach --recursive sh -c "git config --local --name-only --get-regexp 'http\.https\:\/\/github\.com\/\.extraheader' && git config --local --unset-all 'http.https://github.com/.extraheader' || :"
2025-02-28T13:53:05.1652672Z [command]/usr/bin/git config --local http.https://github.com/.extraheader AUTHORIZATION: basic ***
2025-02-28T13:53:05.1695397Z ##[endgroup]
2025-02-28T13:53:05.1697473Z ##[group]Determining the default branch
2025-02-28T13:53:05.1699391Z Retrieving the default branch name
2025-02-28T13:53:05.4134055Z Default branch 'main'
2025-02-28T13:53:05.4136977Z ##[endgroup]
2025-02-28T13:53:05.4139536Z ##[group]Fetching the repository
2025-02-28T13:53:05.4146058Z [command]/usr/bin/git -c protocol.version=2 fetch --no-tags --prune --no-recurse-submodules --depth=1 origin +refs/heads/main:refs/remotes/origin/main
2025-02-28T13:53:05.7778920Z From https://github.com/tardis-sn/tardis-regression-data
2025-02-28T13:53:05.7780030Z  * [new branch]      main       -> origin/main
2025-02-28T13:53:05.7804425Z ##[endgroup]
2025-02-28T13:53:05.7804844Z ##[group]Determining the checkout info
2025-02-28T13:53:05.7806552Z ##[endgroup]
2025-02-28T13:53:05.7811841Z [command]/usr/bin/git sparse-checkout disable
2025-02-28T13:53:05.7847692Z [command]/usr/bin/git config --local --unset-all extensions.worktreeConfig
2025-02-28T13:53:05.7875040Z ##[group]Checking out the ref
2025-02-28T13:53:05.7878961Z [command]/usr/bin/git checkout --progress --force -B main refs/remotes/origin/main
2025-02-28T13:53:06.2634067Z Switched to a new branch 'main'
2025-02-28T13:53:06.2636054Z branch 'main' set up to track 'origin/main'.
2025-02-28T13:53:06.2900253Z ##[endgroup]
2025-02-28T13:53:06.2941000Z [command]/usr/bin/git log -1 --format=%H
2025-02-28T13:53:06.2965098Z b2fdf418ac1a3631f8c3d2a5f392b6ebfa09ba0b
2025-02-28T13:53:06.3095357Z ##[group]Run if [ "false" == "true" ]; then
2025-02-28T13:53:06.3095756Z [36;1mif [ "false" == "true" ]; then[0m
2025-02-28T13:53:06.3096073Z [36;1m  echo "Using atom data sparse checkout"[0m
2025-02-28T13:53:06.3096478Z [36;1m  echo "atom_data/kurucz_cd23_chianti_H_He.h5" > .lfs-files-list[0m
2025-02-28T13:53:06.3096824Z [36;1melse[0m
2025-02-28T13:53:06.3097053Z [36;1m  echo "Using full repository checkout"[0m
2025-02-28T13:53:06.3097413Z [36;1m  git lfs ls-files -l | cut -d' ' -f1 | sort > .lfs-files-list[0m
2025-02-28T13:53:06.3097758Z [36;1mfi[0m
2025-02-28T13:53:06.3146784Z shell: /usr/bin/bash --noprofile --norc -e -o pipefail {0}
2025-02-28T13:53:06.3147150Z env:
2025-02-28T13:53:06.3147332Z   CACHE_NUMBER: 0
2025-02-28T13:53:06.3147974Z   PYTEST_FLAGS: --tardis-regression-data=/home/runner/work/tardis/tardis/tardis-regression-data --cov=tardis --cov-report=xml --cov-report=html --cov-append
2025-02-28T13:53:06.3148641Z   CODECOV_TOKEN: 
2025-02-28T13:53:06.3149043Z ##[endgroup]
2025-02-28T13:53:06.3229694Z Using full repository checkout
2025-02-28T13:53:06.4625295Z ##[group]Run actions/cache/restore@v4
2025-02-28T13:53:06.4625732Z with:
2025-02-28T13:53:06.4626024Z   path: tardis-regression-data/.git/lfs
2025-02-28T13:53:06.4626997Z   key: tardis-regression-full-data-6e3f921411cf0a4e16018f0781785ab8728ab151c8f95ea20b0c8e8609b9a332-tardis-sn/tardis-regression-data-v1
2025-02-28T13:53:06.4653916Z   fail-on-cache-miss: true
2025-02-28T13:53:06.4654220Z   enableCrossOsArchive: false
2025-02-28T13:53:06.4654725Z   lookup-only: false
2025-02-28T13:53:06.4654938Z env:
2025-02-28T13:53:06.4655118Z   CACHE_NUMBER: 0
2025-02-28T13:53:06.4655767Z   PYTEST_FLAGS: --tardis-regression-data=/home/runner/work/tardis/tardis/tardis-regression-data --cov=tardis --cov-report=xml --cov-report=html --cov-append
2025-02-28T13:53:06.4656497Z   CODECOV_TOKEN: 
2025-02-28T13:53:06.4656694Z ##[endgroup]
2025-02-28T13:53:06.6640837Z Cache hit for: tardis-regression-full-data-6e3f921411cf0a4e16018f0781785ab8728ab151c8f95ea20b0c8e8609b9a332-tardis-sn/tardis-regression-data-v1
2025-02-28T13:53:07.7310996Z Received 230686720 of 2160718086 (10.7%), 217.6 MBs/sec
2025-02-28T13:53:08.7307483Z Received 511705088 of 2160718086 (23.7%), 242.7 MBs/sec
2025-02-28T13:53:09.7317099Z Received 750780416 of 2160718086 (34.7%), 237.7 MBs/sec
2025-02-28T13:53:10.7449472Z Received 973078528 of 2160718086 (45.0%), 230.6 MBs/sec
2025-02-28T13:53:11.7449593Z Received 1207959552 of 2160718086 (55.9%), 229.3 MBs/sec
2025-02-28T13:53:12.7455906Z Received 1476395008 of 2160718086 (68.3%), 233.7 MBs/sec
2025-02-28T13:53:13.7465061Z Received 1744830464 of 2160718086 (80.8%), 236.8 MBs/sec
2025-02-28T13:53:14.8437168Z Received 2013265920 of 2160718086 (93.2%), 236.3 MBs/sec
2025-02-28T13:53:15.4774749Z Received 2160718086 of 2160718086 (100.0%), 235.3 MBs/sec
2025-02-28T13:53:15.4776953Z Cache Size: ~2061 MB (2160718086 B)
2025-02-28T13:53:15.4815810Z [command]/usr/bin/tar -xf /home/runner/work/_temp/8d3ccd8c-5a56-401d-aea2-71e53533e3d1/cache.tzst -P -C /home/runner/work/tardis/tardis --use-compress-program unzstd
2025-02-28T13:53:26.8171187Z Cache restored successfully
2025-02-28T13:53:27.1901222Z Cache restored from key: tardis-regression-full-data-6e3f921411cf0a4e16018f0781785ab8728ab151c8f95ea20b0c8e8609b9a332-tardis-sn/tardis-regression-data-v1
2025-02-28T13:53:27.2086783Z ##[group]Run git lfs checkout
2025-02-28T13:53:27.2087229Z [36;1mgit lfs checkout[0m
2025-02-28T13:53:27.2149359Z shell: /usr/bin/bash --noprofile --norc -e -o pipefail {0}
2025-02-28T13:53:27.2149959Z env:
2025-02-28T13:53:27.2150267Z   CACHE_NUMBER: 0
2025-02-28T13:53:27.2151540Z   PYTEST_FLAGS: --tardis-regression-data=/home/runner/work/tardis/tardis/tardis-regression-data --cov=tardis --cov-report=xml --cov-report=html --cov-append
2025-02-28T13:53:27.2152760Z   CODECOV_TOKEN: 
2025-02-28T13:53:27.2153145Z ##[endgroup]
2025-02-28T13:53:47.3013923Z Checking out LFS objects: 100% (204/204), 5.7 GB | 281 MB/s, done.
