2025-02-04T14:08:25.0447110Z Requested labels: ubuntu-latest
2025-02-04T14:08:25.0447402Z Job defined at: tardis-sn/tardis/.github/workflows/lfs-cache.yml@refs/pull/2964/merge
2025-02-04T14:08:25.0447679Z Reusable workflow chain:
2025-02-04T14:08:25.0447815Z tardis-sn/tardis/.github/workflows/tests.yml@refs/pull/2964/merge (ada3ec6e9815f53c10056341d5e074f9b1fce410)
2025-02-04T14:08:25.0447958Z -> tardis-sn/tardis/.github/workflows/lfs-cache.yml@refs/pull/2964/merge (ada3ec6e9815f53c10056341d5e074f9b1fce410)
2025-02-04T14:08:25.0448076Z Waiting for a runner to pick up this job...
2025-02-04T14:08:25.5489516Z Job is waiting for a hosted runner to come online.
2025-02-04T14:08:29.4209319Z Job is about to start running on the hosted runner: GitHub Actions 9 (hosted)
2025-02-04T14:08:31.1592160Z Current runner version: '2.322.0'
2025-02-04T14:08:31.1618767Z ##[group]Operating System
2025-02-04T14:08:31.1619586Z Ubuntu
2025-02-04T14:08:31.1620249Z 24.04.1
2025-02-04T14:08:31.1620771Z LTS
2025-02-04T14:08:31.1621222Z ##[endgroup]
2025-02-04T14:08:31.1621914Z ##[group]Runner Image
2025-02-04T14:08:31.1622487Z Image: ubuntu-24.04
2025-02-04T14:08:31.1622952Z Version: 20250202.1.0
2025-02-04T14:08:31.1624096Z Included Software: https://github.com/actions/runner-images/blob/ubuntu24/20250202.1/images/ubuntu/Ubuntu2404-Readme.md
2025-02-04T14:08:31.1625478Z Image Release: https://github.com/actions/runner-images/releases/tag/ubuntu24%2F20250202.1
2025-02-04T14:08:31.1626333Z ##[endgroup]
2025-02-04T14:08:31.1627039Z ##[group]Runner Image Provisioner
2025-02-04T14:08:31.1627929Z 2.0.422.1
2025-02-04T14:08:31.1628731Z ##[endgroup]
2025-02-04T14:08:31.1632271Z ##[group]GITHUB_TOKEN Permissions
2025-02-04T14:08:31.1634375Z Actions: read
2025-02-04T14:08:31.1635250Z Attestations: read
2025-02-04T14:08:31.1635933Z Checks: read
2025-02-04T14:08:31.1636420Z Contents: read
2025-02-04T14:08:31.1636931Z Deployments: read
2025-02-04T14:08:31.1637521Z Discussions: read
2025-02-04T14:08:31.1638009Z Issues: read
2025-02-04T14:08:31.1638793Z Metadata: read
2025-02-04T14:08:31.1639315Z Packages: read
2025-02-04T14:08:31.1639904Z Pages: read
2025-02-04T14:08:31.1640405Z PullRequests: read
2025-02-04T14:08:31.1640907Z RepositoryProjects: read
2025-02-04T14:08:31.1641532Z SecurityEvents: read
2025-02-04T14:08:31.1642068Z Statuses: read
2025-02-04T14:08:31.1642541Z ##[endgroup]
2025-02-04T14:08:31.1645829Z Secret source: None
2025-02-04T14:08:31.1646553Z Prepare workflow directory
2025-02-04T14:08:31.2151731Z Prepare all required actions
2025-02-04T14:08:31.2189610Z Getting action download info
2025-02-04T14:08:31.3902215Z Download action repository 'actions/checkout@v4' (SHA:11bd71901bbe5b1630ceea73d27597364c9af683)
2025-02-04T14:08:31.4723805Z Download action repository 'actions/cache@v4' (SHA:1bd1e32a3bdc45362d1e726936510720a7c30a57)
2025-02-04T14:08:31.6457592Z Uses: tardis-sn/tardis/.github/workflows/lfs-cache.yml@refs/pull/2964/merge (ada3ec6e9815f53c10056341d5e074f9b1fce410)
2025-02-04T14:08:31.6460436Z ##[group] Inputs
2025-02-04T14:08:31.6461378Z   atom-data-sparse: false
2025-02-04T14:08:31.6461976Z   regression-data-repo: tardis-sn/tardis-regression-data
2025-02-04T14:08:31.6462596Z ##[endgroup]
2025-02-04T14:08:31.6463013Z Complete job name: test-cache / lfs-cache
2025-02-04T14:08:31.7257661Z ##[group]Run actions/checkout@v4
2025-02-04T14:08:31.7258750Z with:
2025-02-04T14:08:31.7259217Z   repository: tardis-sn/tardis-regression-data
2025-02-04T14:08:31.7259788Z   path: tardis-regression-data
2025-02-04T14:08:31.7260445Z   token: ***
2025-02-04T14:08:31.7260827Z   ssh-strict: true
2025-02-04T14:08:31.7261214Z   ssh-user: git
2025-02-04T14:08:31.7261612Z   persist-credentials: true
2025-02-04T14:08:31.7262051Z   clean: true
2025-02-04T14:08:31.7262438Z   sparse-checkout-cone-mode: true
2025-02-04T14:08:31.7262912Z   fetch-depth: 1
2025-02-04T14:08:31.7263328Z   fetch-tags: false
2025-02-04T14:08:31.7263723Z   show-progress: true
2025-02-04T14:08:31.7264129Z   lfs: false
2025-02-04T14:08:31.7264495Z   submodules: false
2025-02-04T14:08:31.7264893Z   set-safe-directory: true
2025-02-04T14:08:31.7265613Z ##[endgroup]
2025-02-04T14:08:31.9081198Z Syncing repository: tardis-sn/tardis-regression-data
2025-02-04T14:08:31.9083065Z ##[group]Getting Git version info
2025-02-04T14:08:31.9083920Z Working directory is '/home/runner/work/tardis/tardis/tardis-regression-data'
2025-02-04T14:08:31.9084959Z [command]/usr/bin/git version
2025-02-04T14:08:31.9162286Z git version 2.48.1
2025-02-04T14:08:31.9190839Z ##[endgroup]
2025-02-04T14:08:31.9207176Z Temporarily overriding HOME='/home/runner/work/_temp/98647cee-aba9-429b-a9a1-9fc4c2e7dd3e' before making global git config changes
2025-02-04T14:08:31.9209741Z Adding repository directory to the temporary git global config as a safe directory
2025-02-04T14:08:31.9214423Z [command]/usr/bin/git config --global --add safe.directory /home/runner/work/tardis/tardis/tardis-regression-data
2025-02-04T14:08:31.9253846Z ##[group]Initializing the repository
2025-02-04T14:08:31.9259882Z [command]/usr/bin/git init /home/runner/work/tardis/tardis/tardis-regression-data
2025-02-04T14:08:31.9335901Z hint: Using 'master' as the name for the initial branch. This default branch name
2025-02-04T14:08:31.9337338Z hint: is subject to change. To configure the initial branch name to use in all
2025-02-04T14:08:31.9338218Z hint: of your new repositories, which will suppress this warning, call:
2025-02-04T14:08:31.9339118Z hint:
2025-02-04T14:08:31.9339696Z hint: 	git config --global init.defaultBranch <name>
2025-02-04T14:08:31.9340304Z hint:
2025-02-04T14:08:31.9340853Z hint: Names commonly chosen instead of 'master' are 'main', 'trunk' and
2025-02-04T14:08:31.9341991Z hint: 'development'. The just-created branch can be renamed via this command:
2025-02-04T14:08:31.9343073Z hint:
2025-02-04T14:08:31.9343459Z hint: 	git branch -m <name>
2025-02-04T14:08:31.9344804Z Initialized empty Git repository in /home/runner/work/tardis/tardis/tardis-regression-data/.git/
2025-02-04T14:08:31.9356070Z [command]/usr/bin/git remote add origin https://github.com/tardis-sn/tardis-regression-data
2025-02-04T14:08:31.9412232Z ##[endgroup]
2025-02-04T14:08:31.9412976Z ##[group]Disabling automatic garbage collection
2025-02-04T14:08:31.9417253Z [command]/usr/bin/git config --local gc.auto 0
2025-02-04T14:08:31.9447822Z ##[endgroup]
2025-02-04T14:08:31.9448691Z ##[group]Setting up auth
2025-02-04T14:08:31.9454539Z [command]/usr/bin/git config --local --name-only --get-regexp core\.sshCommand
2025-02-04T14:08:31.9487547Z [command]/usr/bin/git submodule foreach --recursive sh -c "git config --local --name-only --get-regexp 'core\.sshCommand' && git config --local --unset-all 'core.sshCommand' || :"
2025-02-04T14:08:31.9814926Z [command]/usr/bin/git config --local --name-only --get-regexp http\.https\:\/\/github\.com\/\.extraheader
2025-02-04T14:08:31.9847342Z [command]/usr/bin/git submodule foreach --recursive sh -c "git config --local --name-only --get-regexp 'http\.https\:\/\/github\.com\/\.extraheader' && git config --local --unset-all 'http.https://github.com/.extraheader' || :"
2025-02-04T14:08:32.0101861Z [command]/usr/bin/git config --local http.https://github.com/.extraheader AUTHORIZATION: basic ***
2025-02-04T14:08:32.0140299Z ##[endgroup]
2025-02-04T14:08:32.0141785Z ##[group]Determining the default branch
2025-02-04T14:08:32.0143423Z Retrieving the default branch name
2025-02-04T14:08:32.2609786Z Default branch 'main'
2025-02-04T14:08:32.2611390Z ##[endgroup]
2025-02-04T14:08:32.2612495Z ##[group]Fetching the repository
2025-02-04T14:08:32.2619318Z [command]/usr/bin/git -c protocol.version=2 fetch --no-tags --prune --no-recurse-submodules --depth=1 origin +refs/heads/main:refs/remotes/origin/main
2025-02-04T14:08:32.7396547Z From https://github.com/tardis-sn/tardis-regression-data
2025-02-04T14:08:32.7398388Z  * [new branch]      main       -> origin/main
2025-02-04T14:08:32.7430104Z ##[endgroup]
2025-02-04T14:08:32.7431356Z ##[group]Determining the checkout info
2025-02-04T14:08:32.7432705Z ##[endgroup]
2025-02-04T14:08:32.7439680Z [command]/usr/bin/git sparse-checkout disable
2025-02-04T14:08:32.7492839Z [command]/usr/bin/git config --local --unset-all extensions.worktreeConfig
2025-02-04T14:08:32.7529998Z ##[group]Checking out the ref
2025-02-04T14:08:32.7535369Z [command]/usr/bin/git checkout --progress --force -B main refs/remotes/origin/main
2025-02-04T14:08:33.6462743Z Switched to a new branch 'main'
2025-02-04T14:08:33.6463541Z branch 'main' set up to track 'origin/main'.
2025-02-04T14:08:33.6835849Z ##[endgroup]
2025-02-04T14:08:33.6837527Z [command]/usr/bin/git log -1 --format=%H
2025-02-04T14:08:33.6838209Z fa7729bc9c30e14b69acd641af8b692b56fcd416
2025-02-04T14:08:33.7019682Z ##[group]Run if [ "false" == "true" ]; then
2025-02-04T14:08:33.7020199Z [36;1mif [ "false" == "true" ]; then[0m
2025-02-04T14:08:33.7020532Z [36;1m  echo "Using atom data sparse checkout"[0m
2025-02-04T14:08:33.7021170Z [36;1m  echo "atom_data/kurucz_cd23_chianti_H_He.h5" > .lfs-files-list[0m
2025-02-04T14:08:33.7021536Z [36;1melse[0m
2025-02-04T14:08:33.7021785Z [36;1m  echo "Using full repository checkout"[0m
2025-02-04T14:08:33.7022174Z [36;1m  git lfs ls-files -l | cut -d' ' -f1 | sort > .lfs-files-list[0m
2025-02-04T14:08:33.7022522Z [36;1mfi[0m
2025-02-04T14:08:33.7053044Z shell: /usr/bin/bash -l {0}
2025-02-04T14:08:33.7053346Z ##[endgroup]
2025-02-04T14:08:33.8027800Z Using full repository checkout
2025-02-04T14:08:33.9563116Z ##[group]Run actions/cache/restore@v4
2025-02-04T14:08:33.9563515Z with:
2025-02-04T14:08:33.9563775Z   path: tardis-regression-data/.git/lfs
2025-02-04T14:08:33.9564492Z   key: tardis-regression-full-data-21f9fa4b6817cc69b9fae3598144724da7828e276a73bd17f47a2a49d9af090a-tardis-sn/tardis-regression-data-v1
2025-02-04T14:08:33.9565212Z   lookup-only: true
2025-02-04T14:08:33.9565476Z   enableCrossOsArchive: false
2025-02-04T14:08:33.9565772Z   fail-on-cache-miss: false
2025-02-04T14:08:33.9566023Z ##[endgroup]
2025-02-04T14:08:34.2692993Z Lookup only - skipping download
2025-02-04T14:08:34.2845906Z Cache found and can be restored from key: tardis-regression-full-data-21f9fa4b6817cc69b9fae3598144724da7828e276a73bd17f47a2a49d9af090a-tardis-sn/tardis-regression-data-v1
2025-02-04T14:08:34.2962690Z ##[group]Run git lfs checkout
2025-02-04T14:08:34.2962995Z [36;1mgit lfs checkout[0m
2025-02-04T14:08:34.2991361Z shell: /usr/bin/bash -l {0}
2025-02-04T14:08:34.2991612Z ##[endgroup]
2025-02-04T14:08:34.4248403Z Skipped checkout for "arepo_data/arepo_snapshot.hdf5", content not local. Use fetch to download.
2025-02-04T14:08:34.4249892Z Skipped checkout for "arepo_data/arepo_snapshot.json", content not local. Use fetch to download.
2025-02-04T14:08:34.4251008Z Skipped checkout for "atom_data/chianti_He.h5", content not local. Use fetch to download.
2025-02-04T14:08:34.4252500Z Skipped checkout for "atom_data/kurucz_atom_chianti_many.h5", content not local. Use fetch to download.
2025-02-04T14:08:34.4254587Z Skipped checkout for "atom_data/kurucz_cd23_chianti_H_He.h5", content not local. Use fetch to download.
2025-02-04T14:08:34.4256683Z Skipped checkout for "atom_data/kurucz_cd23_chianti_Si.h5", content not local. Use fetch to download.
2025-02-04T14:08:34.4258749Z Skipped checkout for "atom_data/new_kurucz_cd23_chianti_H_He.h5", content not local. Use fetch to download.
2025-02-04T14:08:34.4260865Z Skipped checkout for "atom_data/nlte_atom_data/TestNLTE_He_Ti.h5", content not local. Use fetch to download.
2025-02-04T14:08:34.4262716Z Skipped checkout for "atom_data/stardis_atom_data/tardis_adata_vald_longlist.hdf", content not local. Use fetch to download.
2025-02-04T14:08:34.4266850Z Skipped checkout for "atom_data/stardis_atom_data/tardis_adata_vald_shortlist.hdf", content not local. Use fetch to download.
2025-02-04T14:08:34.4269295Z Skipped checkout for "tardis/opacities/tests/test_tau_sobolev/test_calculate_beta_sobolevs.npy", content not local. Use fetch to download.
2025-02-04T14:08:34.4271462Z Skipped checkout for "tardis/opacities/tests/test_tau_sobolev/test_calculate_sobolev_line_opacity.h5", content not local. Use fetch to download.
2025-02-04T14:08:34.4273570Z Skipped checkout for "tardis/plasma/equilibrium/tests/test_level_populations/test_level_population_solver/test_solve__collisional_rate_solver0-radiative_transitions0__.h5", content not local. Use fetch to download.
2025-02-04T14:08:34.4275979Z Skipped checkout for "tardis/plasma/equilibrium/tests/test_rate_matrix/test_rate_matrix_solver__collisional_rate_solver0-radiative_transitions0__.h5", content not local. Use fetch to download.
2025-02-04T14:08:34.4277872Z Skipped checkout for "tardis/plasma/tests/test_complete_plasmas/test_plasma/TestPlasma.h5", content not local. Use fetch to download.
2025-02-04T14:08:34.4279765Z Skipped checkout for "tardis/plasma/tests/test_complete_plasmas/test_plasma/plasma_unittest_disable_electron_scattering_False.h5", content not local. Use fetch to download.
2025-02-04T14:08:34.4282135Z Skipped checkout for "tardis/plasma/tests/test_complete_plasmas/test_plasma/plasma_unittest_disable_electron_scattering_True.h5", content not local. Use fetch to download.
2025-02-04T14:08:34.4284056Z Skipped checkout for "tardis/plasma/tests/test_complete_plasmas/test_plasma/plasma_unittest_excitation_dilute-lte.h5", content not local. Use fetch to download.
2025-02-04T14:08:34.4285842Z Skipped checkout for "tardis/plasma/tests/test_complete_plasmas/test_plasma/plasma_unittest_excitation_lte.h5", content not local. Use fetch to download.
2025-02-04T14:08:34.4287639Z Skipped checkout for "tardis/plasma/tests/test_complete_plasmas/test_plasma/plasma_unittest_helium_treatment_recomb-nlte.h5", content not local. Use fetch to download.
2025-02-04T14:08:34.4289776Z Skipped checkout for "tardis/plasma/tests/test_complete_plasmas/test_plasma/plasma_unittest_helium_treatment_recomb-nlte_delta_treatment_0.5.h5", content not local. Use fetch to download.
2025-02-04T14:08:34.4291774Z Skipped checkout for "tardis/plasma/tests/test_complete_plasmas/test_plasma/plasma_unittest_initial_t_inner_10000 K.h5", content not local. Use fetch to download.
2025-02-04T14:08:34.4293946Z Skipped checkout for "tardis/plasma/tests/test_complete_plasmas/test_plasma/plasma_unittest_initial_t_rad_10000 K.h5", content not local. Use fetch to download.
2025-02-04T14:08:34.4295801Z Skipped checkout for "tardis/plasma/tests/test_complete_plasmas/test_plasma/plasma_unittest_ionization_lte.h5", content not local. Use fetch to download.
2025-02-04T14:08:34.4297681Z Skipped checkout for "tardis/plasma/tests/test_complete_plasmas/test_plasma/plasma_unittest_ionization_nebular.h5", content not local. Use fetch to download.
2025-02-04T14:08:34.4299826Z Skipped checkout for "tardis/plasma/tests/test_complete_plasmas/test_plasma/plasma_unittest_line_interaction_type_downbranch.h5", content not local. Use fetch to download.
2025-02-04T14:08:34.4301861Z Skipped checkout for "tardis/plasma/tests/test_complete_plasmas/test_plasma/plasma_unittest_line_interaction_type_macroatom.h5", content not local. Use fetch to download.
2025-02-04T14:08:34.4303893Z Skipped checkout for "tardis/plasma/tests/test_complete_plasmas/test_plasma/plasma_unittest_line_interaction_type_scatter.h5", content not local. Use fetch to download.
2025-02-04T14:08:34.4305793Z Skipped checkout for "tardis/plasma/tests/test_complete_plasmas/test_plasma/plasma_unittest_nlte.h5", content not local. Use fetch to download.
2025-02-04T14:08:34.4307605Z Skipped checkout for "tardis/plasma/tests/test_complete_plasmas/test_plasma/plasma_unittest_nlte_classical_nebular.h5", content not local. Use fetch to download.
2025-02-04T14:08:34.4309731Z Skipped checkout for "tardis/plasma/tests/test_complete_plasmas/test_plasma/plasma_unittest_nlte_coronal_approximation.h5", content not local. Use fetch to download.
2025-02-04T14:08:34.4311727Z Skipped checkout for "tardis/plasma/tests/test_complete_plasmas/test_plasma/plasma_unittest_radiative_rates_type_blackbody.h5", content not local. Use fetch to download.
2025-02-04T14:08:34.4313849Z Skipped checkout for "tardis/plasma/tests/test_complete_plasmas/test_plasma/plasma_unittest_radiative_rates_type_detailed.h5", content not local. Use fetch to download.
2025-02-04T14:08:34.4315957Z Skipped checkout for "tardis/plasma/tests/test_complete_plasmas/test_plasma/plasma_unittest_radiative_rates_type_detailed_w_epsilon_1e-10.h5", content not local. Use fetch to download.
2025-02-04T14:08:34.4318140Z Skipped checkout for "tardis/plasma/tests/test_complete_plasmas/test_plasma/plasma_unittest_radiative_rates_type_dilute-blackbody.h5", content not local. Use fetch to download.
2025-02-04T14:08:34.4320278Z Skipped checkout for "tardis/plasma/tests/test_hdf_plasma/test_collection__density__.npy", content not local. Use fetch to download.
2025-02-04T14:08:34.4321795Z Skipped checkout for "tardis/plasma/tests/test_hdf_plasma/test_collection__t_rad__.npy", content not local. Use fetch to download.
2025-02-04T14:08:34.4323316Z Skipped checkout for "tardis/plasma/tests/test_hdf_plasma/test_collection__w__.npy", content not local. Use fetch to download.
2025-02-04T14:08:34.4325000Z Skipped checkout for "tardis/plasma/tests/test_hdf_plasma/test_hdf_levels.h5", content not local. Use fetch to download.
2025-02-04T14:08:34.4326477Z Skipped checkout for "tardis/plasma/tests/test_hdf_plasma/test_hdf_plasma__abundance__.npy", content not local. Use fetch to download.
2025-02-04T14:08:34.4328091Z Skipped checkout for "tardis/plasma/tests/test_hdf_plasma/test_hdf_plasma__atomic_mass__.npy", content not local. Use fetch to download.
2025-02-04T14:08:34.4329832Z Skipped checkout for "tardis/plasma/tests/test_hdf_plasma/test_hdf_plasma__beta_rad__.npy", content not local. Use fetch to download.
2025-02-04T14:08:34.4331372Z Skipped checkout for "tardis/plasma/tests/test_hdf_plasma/test_hdf_plasma__beta_sobolev__.npy", content not local. Use fetch to download.
2025-02-04T14:08:34.4332938Z Skipped checkout for "tardis/plasma/tests/test_hdf_plasma/test_hdf_plasma__density__.npy", content not local. Use fetch to download.
2025-02-04T14:08:34.4334558Z Skipped checkout for "tardis/plasma/tests/test_hdf_plasma/test_hdf_plasma__electron_densities__.npy", content not local. Use fetch to download.
2025-02-04T14:08:34.4336440Z Skipped checkout for "tardis/plasma/tests/test_hdf_plasma/test_hdf_plasma__excitation_energy__.npy", content not local. Use fetch to download.
2025-02-04T14:08:34.4337999Z Skipped checkout for "tardis/plasma/tests/test_hdf_plasma/test_hdf_plasma__f_lu__.npy", content not local. Use fetch to download.
2025-02-04T14:08:34.4339675Z Skipped checkout for "tardis/plasma/tests/test_hdf_plasma/test_hdf_plasma__g__.npy", content not local. Use fetch to download.
2025-02-04T14:08:34.4341216Z Skipped checkout for "tardis/plasma/tests/test_hdf_plasma/test_hdf_plasma__g_electron__.npy", content not local. Use fetch to download.
2025-02-04T14:08:34.4342905Z Skipped checkout for "tardis/plasma/tests/test_hdf_plasma/test_hdf_plasma__general_level_boltzmann_factor__.npy", content not local. Use fetch to download.
2025-02-04T14:08:34.4344644Z Skipped checkout for "tardis/plasma/tests/test_hdf_plasma/test_hdf_plasma__ion_number_density__.npy", content not local. Use fetch to download.
2025-02-04T14:08:34.4346269Z Skipped checkout for "tardis/plasma/tests/test_hdf_plasma/test_hdf_plasma__ionization_data__.npy", content not local. Use fetch to download.
2025-02-04T14:08:34.4347828Z Skipped checkout for "tardis/plasma/tests/test_hdf_plasma/test_hdf_plasma__j_blues__.npy", content not local. Use fetch to download.
2025-02-04T14:08:34.4349641Z Skipped checkout for "tardis/plasma/tests/test_hdf_plasma/test_hdf_plasma__level_boltzmann_factor__.npy", content not local. Use fetch to download.
2025-02-04T14:08:34.4351301Z Skipped checkout for "tardis/plasma/tests/test_hdf_plasma/test_hdf_plasma__level_number_density__.npy", content not local. Use fetch to download.
2025-02-04T14:08:34.4352879Z Skipped checkout for "tardis/plasma/tests/test_hdf_plasma/test_hdf_plasma__lines__.npy", content not local. Use fetch to download.
2025-02-04T14:08:34.4354641Z Skipped checkout for "tardis/plasma/tests/test_hdf_plasma/test_hdf_plasma__lines_lower_level_index__.npy", content not local. Use fetch to download.
2025-02-04T14:08:34.4356339Z Skipped checkout for "tardis/plasma/tests/test_hdf_plasma/test_hdf_plasma__lines_upper_level_index__.npy", content not local. Use fetch to download.
2025-02-04T14:08:34.4358066Z Skipped checkout for "tardis/plasma/tests/test_hdf_plasma/test_hdf_plasma__metastability__.npy", content not local. Use fetch to download.
2025-02-04T14:08:34.4359780Z Skipped checkout for "tardis/plasma/tests/test_hdf_plasma/test_hdf_plasma__nu__.npy", content not local. Use fetch to download.
2025-02-04T14:08:34.4361316Z Skipped checkout for "tardis/plasma/tests/test_hdf_plasma/test_hdf_plasma__number_density__.npy", content not local. Use fetch to download.
2025-02-04T14:08:34.4362942Z Skipped checkout for "tardis/plasma/tests/test_hdf_plasma/test_hdf_plasma__partition_function__.npy", content not local. Use fetch to download.
2025-02-04T14:08:34.4364770Z Skipped checkout for "tardis/plasma/tests/test_hdf_plasma/test_hdf_plasma__phi__.npy", content not local. Use fetch to download.
2025-02-04T14:08:34.4366359Z Skipped checkout for "tardis/plasma/tests/test_hdf_plasma/test_hdf_plasma__selected_atoms__.npy", content not local. Use fetch to download.
2025-02-04T14:08:34.4368066Z Skipped checkout for "tardis/plasma/tests/test_hdf_plasma/test_hdf_plasma__stimulated_emission_factor__.npy", content not local. Use fetch to download.
2025-02-04T14:08:34.4369936Z Skipped checkout for "tardis/plasma/tests/test_hdf_plasma/test_hdf_plasma__t_electrons__.npy", content not local. Use fetch to download.
2025-02-04T14:08:34.4371457Z Skipped checkout for "tardis/plasma/tests/test_hdf_plasma/test_hdf_plasma__t_rad__.npy", content not local. Use fetch to download.
2025-02-04T14:08:34.4372963Z Skipped checkout for "tardis/plasma/tests/test_hdf_plasma/test_hdf_plasma__tau_sobolevs__.npy", content not local. Use fetch to download.
2025-02-04T14:08:34.4374662Z Skipped checkout for "tardis/plasma/tests/test_hdf_plasma/test_hdf_plasma__transition_probabilities__.npy", content not local. Use fetch to download.
2025-02-04T14:08:34.4376461Z Skipped checkout for "tardis/plasma/tests/test_hdf_plasma/test_hdf_plasma__w__.npy", content not local. Use fetch to download.
2025-02-04T14:08:34.4377996Z Skipped checkout for "tardis/plasma/tests/test_hdf_plasma/test_hdf_plasma__wavelength_cm__.npy", content not local. Use fetch to download.
2025-02-04T14:08:34.4379782Z Skipped checkout for "tardis/plasma/tests/test_hdf_plasma/test_hdf_scalars__link_t_rad_t_electron__.npy", content not local. Use fetch to download.
2025-02-04T14:08:34.4381411Z Skipped checkout for "tardis/plasma/tests/test_hdf_plasma/test_hdf_scalars__time_explosion__.npy", content not local. Use fetch to download.
2025-02-04T14:08:34.4383317Z Skipped checkout for "tardis/plasma/tests/test_nlte_excitation/test_coll_exc_deexc_matrix__coll_exc_coeff_values0-coll_deexc_coeff_values0-3__.npy", content not local. Use fetch to download.
2025-02-04T14:08:34.4385464Z Skipped checkout for "tardis/plasma/tests/test_nlte_excitation/test_coll_exc_deexc_matrix__coll_exc_coeff_values1-coll_deexc_coeff_values1-3__.npy", content not local. Use fetch to download.
2025-02-04T14:08:34.4387400Z Skipped checkout for "tardis/plasma/tests/test_nlte_excitation/test_prepare_bound_bound_rate_matrix.npy", content not local. Use fetch to download.
2025-02-04T14:08:34.4389159Z Skipped checkout for "tardis/plasma/tests/test_nlte_solver/test_jacobian_matrix.npy", content not local. Use fetch to download.
2025-02-04T14:08:34.4390620Z Skipped checkout for "tardis/plasma/tests/test_nlte_solver/test_rate_matrix.npy", content not local. Use fetch to download.
2025-02-04T14:08:34.4392112Z Skipped checkout for "tardis/plasma/tests/test_plasma_continuum/test_exp1_times_exp.npy", content not local. Use fetch to download.
2025-02-04T14:08:34.4393734Z Skipped checkout for "tardis/plasma/tests/test_tardis_model_density_config/test_electron_densities.npy", content not local. Use fetch to download.
2025-02-04T14:08:34.4395495Z Skipped checkout for "tardis/plasma/tests/test_tardis_model_density_config/test_isotope_number_densities.h5", content not local. Use fetch to download.
2025-02-04T14:08:34.4397174Z Skipped checkout for "tardis/plasma/tests/test_tardis_model_density_config/test_t_rad.npy", content not local. Use fetch to download.
2025-02-04T14:08:34.4399023Z Skipped checkout for "tardis/simulation/tests/test_simulation/test_plasma_estimates__dilution_factor__.h5", content not local. Use fetch to download.
2025-02-04T14:08:34.4400838Z Skipped checkout for "tardis/simulation/tests/test_simulation/test_plasma_estimates__j_estimator__.h5", content not local. Use fetch to download.
2025-02-04T14:08:34.4402599Z Skipped checkout for "tardis/simulation/tests/test_simulation/test_plasma_estimates__nu_bar_estimator__.h5", content not local. Use fetch to download.
2025-02-04T14:08:34.4404348Z Skipped checkout for "tardis/simulation/tests/test_simulation/test_plasma_estimates__output_energies__.h5", content not local. Use fetch to download.
2025-02-04T14:08:34.4406316Z Skipped checkout for "tardis/simulation/tests/test_simulation/test_plasma_estimates__output_nus__.h5", content not local. Use fetch to download.
2025-02-04T14:08:34.4408052Z Skipped checkout for "tardis/simulation/tests/test_simulation/test_plasma_estimates__t_radiative__.h5", content not local. Use fetch to download.
2025-02-04T14:08:34.4410143Z Skipped checkout for "tardis/simulation/tests/test_simulation/test_plasma_state_iterations__iterations_electron_densities__.h5", content not local. Use fetch to download.
2025-02-04T14:08:34.4412100Z Skipped checkout for "tardis/simulation/tests/test_simulation/test_plasma_state_iterations__iterations_t_inner__.h5", content not local. Use fetch to download.
2025-02-04T14:08:34.4413953Z Skipped checkout for "tardis/simulation/tests/test_simulation/test_plasma_state_iterations__iterations_t_rad__.h5", content not local. Use fetch to download.
2025-02-04T14:08:34.4415802Z Skipped checkout for "tardis/simulation/tests/test_simulation/test_plasma_state_iterations__iterations_w__.h5", content not local. Use fetch to download.
2025-02-04T14:08:34.4417832Z Skipped checkout for "tardis/spectrum/tests/test_spectrum_solver/test_spectrum_solver/TestSpectrumSolver.h5", content not local. Use fetch to download.
2025-02-04T14:08:34.4419749Z Skipped checkout for "tardis/tests/test_tardis_full/test_transport_simple/TestTransportSimple.h5", content not local. Use fetch to download.
2025-02-04T14:08:34.4421816Z Skipped checkout for "tardis/tests/test_tardis_full_formal_integral/test_transport_simple_formal_integral/test_j_blue_estimators__-1-downbranch__.npy", content not local. Use fetch to download.
2025-02-04T14:08:34.4424064Z Skipped checkout for "tardis/tests/test_tardis_full_formal_integral/test_transport_simple_formal_integral/test_j_blue_estimators__-1-macroatom__.npy", content not local. Use fetch to download.
2025-02-04T14:08:34.4426269Z Skipped checkout for "tardis/tests/test_tardis_full_formal_integral/test_transport_simple_formal_integral/test_j_blue_estimators__30-downbranch__.npy", content not local. Use fetch to download.
2025-02-04T14:08:34.4428757Z Skipped checkout for "tardis/tests/test_tardis_full_formal_integral/test_transport_simple_formal_integral/test_j_blue_estimators__30-macroatom__.npy", content not local. Use fetch to download.
2025-02-04T14:08:34.4430961Z Skipped checkout for "tardis/tests/test_tardis_full_formal_integral/test_transport_simple_formal_integral/test_simulation__-1-downbranch__.h5", content not local. Use fetch to download.
2025-02-04T14:08:34.4433166Z Skipped checkout for "tardis/tests/test_tardis_full_formal_integral/test_transport_simple_formal_integral/test_simulation__-1-macroatom__.h5", content not local. Use fetch to download.
2025-02-04T14:08:34.4435327Z Skipped checkout for "tardis/tests/test_tardis_full_formal_integral/test_transport_simple_formal_integral/test_simulation__30-downbranch__.h5", content not local. Use fetch to download.
2025-02-04T14:08:34.4437573Z Skipped checkout for "tardis/tests/test_tardis_full_formal_integral/test_transport_simple_formal_integral/test_simulation__30-macroatom__.h5", content not local. Use fetch to download.
2025-02-04T14:08:34.4439923Z Skipped checkout for "tardis/tests/test_tardis_full_formal_integral/test_transport_simple_formal_integral/test_spectrum__-1-downbranch__.npy", content not local. Use fetch to download.
2025-02-04T14:08:34.4442068Z Skipped checkout for "tardis/tests/test_tardis_full_formal_integral/test_transport_simple_formal_integral/test_spectrum__-1-macroatom__.npy", content not local. Use fetch to download.
2025-02-04T14:08:34.4444187Z Skipped checkout for "tardis/tests/test_tardis_full_formal_integral/test_transport_simple_formal_integral/test_spectrum__30-downbranch__.npy", content not local. Use fetch to download.
2025-02-04T14:08:34.4446358Z Skipped checkout for "tardis/tests/test_tardis_full_formal_integral/test_transport_simple_formal_integral/test_spectrum__30-macroatom__.npy", content not local. Use fetch to download.
2025-02-04T14:08:34.4449047Z Skipped checkout for "tardis/tests/test_tardis_full_formal_integral/test_transport_simple_formal_integral/test_spectrum_integrated__-1-downbranch__.npy", content not local. Use fetch to download.
2025-02-04T14:08:34.4451358Z Skipped checkout for "tardis/tests/test_tardis_full_formal_integral/test_transport_simple_formal_integral/test_spectrum_integrated__-1-macroatom__.npy", content not local. Use fetch to download.
2025-02-04T14:08:34.4453623Z Skipped checkout for "tardis/tests/test_tardis_full_formal_integral/test_transport_simple_formal_integral/test_spectrum_integrated__30-downbranch__.npy", content not local. Use fetch to download.
2025-02-04T14:08:34.4455869Z Skipped checkout for "tardis/tests/test_tardis_full_formal_integral/test_transport_simple_formal_integral/test_spectrum_integrated__30-macroatom__.npy", content not local. Use fetch to download.
2025-02-04T14:08:34.4457907Z Skipped checkout for "tardis/transport/montecarlo/tests/test_continuum/test_montecarlo_continuum.h5", content not local. Use fetch to download.
2025-02-04T14:08:34.4459896Z Skipped checkout for "tardis/transport/montecarlo/tests/test_montecarlo_main_loop/test_montecarlo_main_loop.h5", content not local. Use fetch to download.
2025-02-04T14:08:34.4462030Z Skipped checkout for "tardis/transport/montecarlo/tests/test_montecarlo_main_loop/test_montecarlo_main_loop_vpacket_log.h5", content not local. Use fetch to download.
2025-02-04T14:08:34.4464052Z Skipped checkout for "tardis/transport/montecarlo/tests/test_packet_source/test_black_body_simple_source/test_bb_attributes.h5", content not local. Use fetch to download.
2025-02-04T14:08:34.4466060Z Skipped checkout for "tardis/transport/montecarlo/tests/test_packet_source/test_black_body_simple_source/test_bb_energies.npy", content not local. Use fetch to download.
2025-02-04T14:08:34.4468009Z Skipped checkout for "tardis/transport/montecarlo/tests/test_packet_source/test_black_body_simple_source/test_bb_mus.npy", content not local. Use fetch to download.
2025-02-04T14:08:34.4470121Z Skipped checkout for "tardis/transport/montecarlo/tests/test_packet_source/test_black_body_simple_source/test_bb_nus.npy", content not local. Use fetch to download.
2025-02-04T14:08:34.4472167Z Skipped checkout for "tardis/transport/montecarlo/tests/test_packet_source/test_black_body_simple_source_rel/test_bb_attributes.h5", content not local. Use fetch to download.
2025-02-04T14:08:34.4474224Z Skipped checkout for "tardis/transport/montecarlo/tests/test_packet_source/test_black_body_simple_source_rel/test_bb_energies.npy", content not local. Use fetch to download.
2025-02-04T14:08:34.4476245Z Skipped checkout for "tardis/transport/montecarlo/tests/test_packet_source/test_black_body_simple_source_rel/test_bb_mus.npy", content not local. Use fetch to download.
2025-02-04T14:08:34.4478205Z Skipped checkout for "tardis/transport/montecarlo/tests/test_packet_source/test_black_body_simple_source_rel/test_bb_nus.npy", content not local. Use fetch to download.
2025-02-04T14:08:34.4480314Z Skipped checkout for "tardis/transport/montecarlo/tests/test_rpacket_tracker/test_boundary_interactions.npy", content not local. Use fetch to download.
2025-02-04T14:08:34.4482407Z Skipped checkout for "tardis/transport/montecarlo/tests/test_weighted_packet_source/test_black_body_weighted_source/test_bb_attributes.h5", content not local. Use fetch to download.
2025-02-04T14:08:34.4484571Z Skipped checkout for "tardis/transport/montecarlo/tests/test_weighted_packet_source/test_black_body_weighted_source/test_bb_energies.npy", content not local. Use fetch to download.
2025-02-04T14:08:34.4486695Z Skipped checkout for "tardis/transport/montecarlo/tests/test_weighted_packet_source/test_black_body_weighted_source/test_bb_mus.npy", content not local. Use fetch to download.
2025-02-04T14:08:34.4488946Z Skipped checkout for "tardis/transport/montecarlo/tests/test_weighted_packet_source/test_black_body_weighted_source/test_bb_nus.npy", content not local. Use fetch to download.
2025-02-04T14:08:34.4491373Z Skipped checkout for "tardis/visualization/tools/tests/test_liv_plot/test_liv_plotter/test_generate_plot_mpl__plotter_generate_plot_mpl0__.h5", content not local. Use fetch to download.
2025-02-04T14:08:34.4493543Z Skipped checkout for "tardis/visualization/tools/tests/test_liv_plot/test_liv_plotter/test_generate_plot_mpl__plotter_generate_plot_mpl1__.h5", content not local. Use fetch to download.
2025-02-04T14:08:34.4495693Z Skipped checkout for "tardis/visualization/tools/tests/test_liv_plot/test_liv_plotter/test_generate_plot_mpl__plotter_generate_plot_mpl2__.h5", content not local. Use fetch to download.
2025-02-04T14:08:34.4497841Z Skipped checkout for "tardis/visualization/tools/tests/test_liv_plot/test_liv_plotter/test_generate_plot_mpl__plotter_generate_plot_mpl3__.h5", content not local. Use fetch to download.
2025-02-04T14:08:34.4500188Z Skipped checkout for "tardis/visualization/tools/tests/test_liv_plot/test_liv_plotter/test_generate_plot_mpl__plotter_generate_plot_mpl4__.h5", content not local. Use fetch to download.
2025-02-04T14:08:34.4502349Z Skipped checkout for "tardis/visualization/tools/tests/test_liv_plot/test_liv_plotter/test_generate_plot_mpl__plotter_generate_plot_mpl5__.h5", content not local. Use fetch to download.
2025-02-04T14:08:34.4504707Z Skipped checkout for "tardis/visualization/tools/tests/test_liv_plot/test_liv_plotter/test_generate_plot_mpl__plotter_generate_plot_mpl6__.h5", content not local. Use fetch to download.
2025-02-04T14:08:34.4506858Z Skipped checkout for "tardis/visualization/tools/tests/test_liv_plot/test_liv_plotter/test_generate_plot_mpl__plotter_generate_plot_mpl7__.h5", content not local. Use fetch to download.
2025-02-04T14:08:34.4509212Z Skipped checkout for "tardis/visualization/tools/tests/test_liv_plot/test_liv_plotter/test_generate_plot_ply__plotter_generate_plot_ply0__.h5", content not local. Use fetch to download.
2025-02-04T14:08:34.4511372Z Skipped checkout for "tardis/visualization/tools/tests/test_liv_plot/test_liv_plotter/test_generate_plot_ply__plotter_generate_plot_ply1__.h5", content not local. Use fetch to download.
2025-02-04T14:08:34.4513540Z Skipped checkout for "tardis/visualization/tools/tests/test_liv_plot/test_liv_plotter/test_generate_plot_ply__plotter_generate_plot_ply2__.h5", content not local. Use fetch to download.
2025-02-04T14:08:34.4515723Z Skipped checkout for "tardis/visualization/tools/tests/test_liv_plot/test_liv_plotter/test_generate_plot_ply__plotter_generate_plot_ply3__.h5", content not local. Use fetch to download.
2025-02-04T14:08:34.4517860Z Skipped checkout for "tardis/visualization/tools/tests/test_liv_plot/test_liv_plotter/test_generate_plot_ply__plotter_generate_plot_ply4__.h5", content not local. Use fetch to download.
2025-02-04T14:08:34.4520243Z Skipped checkout for "tardis/visualization/tools/tests/test_liv_plot/test_liv_plotter/test_generate_plot_ply__plotter_generate_plot_ply5__.h5", content not local. Use fetch to download.
2025-02-04T14:08:34.4522409Z Skipped checkout for "tardis/visualization/tools/tests/test_liv_plot/test_liv_plotter/test_generate_plot_ply__plotter_generate_plot_ply6__.h5", content not local. Use fetch to download.
2025-02-04T14:08:34.4524571Z Skipped checkout for "tardis/visualization/tools/tests/test_liv_plot/test_liv_plotter/test_generate_plot_ply__plotter_generate_plot_ply7__.h5", content not local. Use fetch to download.
2025-02-04T14:08:34.4526671Z Skipped checkout for "tardis/visualization/tools/tests/test_liv_plot/test_liv_plotter/test_parse_species_list___keep_colour__.npy", content not local. Use fetch to download.
2025-02-04T14:08:34.4528943Z Skipped checkout for "tardis/visualization/tools/tests/test_liv_plot/test_liv_plotter/test_parse_species_list___species_list__.npy", content not local. Use fetch to download.
2025-02-04T14:08:34.4530997Z Skipped checkout for "tardis/visualization/tools/tests/test_liv_plot/test_liv_plotter/test_parse_species_list___species_mapped__.npy", content not local. Use fetch to download.
2025-02-04T14:08:34.4533407Z Skipped checkout for "tardis/visualization/tools/tests/test_liv_plot/test_liv_plotter/test_prepare_plot_data__plotter_prepare_plot_data0-new_bin_edges__.npy", content not local. Use fetch to download.
2025-02-04T14:08:34.4535764Z Skipped checkout for "tardis/visualization/tools/tests/test_liv_plot/test_liv_plotter/test_prepare_plot_data__plotter_prepare_plot_data0-plot_colors__.npy", content not local. Use fetch to download.
2025-02-04T14:08:34.4538077Z Skipped checkout for "tardis/visualization/tools/tests/test_liv_plot/test_liv_plotter/test_prepare_plot_data__plotter_prepare_plot_data0-plot_data__.npy", content not local. Use fetch to download.
2025-02-04T14:08:34.4540548Z Skipped checkout for "tardis/visualization/tools/tests/test_liv_plot/test_liv_plotter/test_prepare_plot_data__plotter_prepare_plot_data1-new_bin_edges__.npy", content not local. Use fetch to download.
2025-02-04T14:08:34.4542377Z Skipped checkout for "tardis/visualization/tools/tests/test_liv_plot/test_liv_plotter/test_prepare_plot_data__plotter_prepare_plot_data1-plot_colors__.npy", content not local. Use fetch to download.
2025-02-04T14:08:34.4543676Z Skipped checkout for "tardis/visualization/tools/tests/test_liv_plot/test_liv_plotter/test_prepare_plot_data__plotter_prepare_plot_data1-plot_data__.npy", content not local. Use fetch to download.
2025-02-04T14:08:34.4545128Z Skipped checkout for "tardis/visualization/tools/tests/test_liv_plot/test_liv_plotter/test_prepare_plot_data__plotter_prepare_plot_data2-new_bin_edges__.npy", content not local. Use fetch to download.
2025-02-04T14:08:34.4546375Z Skipped checkout for "tardis/visualization/tools/tests/test_liv_plot/test_liv_plotter/test_prepare_plot_data__plotter_prepare_plot_data2-plot_colors__.npy", content not local. Use fetch to download.
2025-02-04T14:08:34.4547596Z Skipped checkout for "tardis/visualization/tools/tests/test_liv_plot/test_liv_plotter/test_prepare_plot_data__plotter_prepare_plot_data2-plot_data__.npy", content not local. Use fetch to download.
2025-02-04T14:08:34.4549121Z Skipped checkout for "tardis/visualization/tools/tests/test_liv_plot/test_liv_plotter/test_prepare_plot_data__plotter_prepare_plot_data3-new_bin_edges__.npy", content not local. Use fetch to download.
2025-02-04T14:08:34.4550371Z Skipped checkout for "tardis/visualization/tools/tests/test_liv_plot/test_liv_plotter/test_prepare_plot_data__plotter_prepare_plot_data3-plot_colors__.npy", content not local. Use fetch to download.
2025-02-04T14:08:34.4551583Z Skipped checkout for "tardis/visualization/tools/tests/test_liv_plot/test_liv_plotter/test_prepare_plot_data__plotter_prepare_plot_data3-plot_data__.npy", content not local. Use fetch to download.
2025-02-04T14:08:34.4553466Z Skipped checkout for "tardis/visualization/tools/tests/test_liv_plot/test_liv_plotter/test_prepare_plot_data__plotter_prepare_plot_data4-new_bin_edges__.npy", content not local. Use fetch to download.
2025-02-04T14:08:34.4555123Z Skipped checkout for "tardis/visualization/tools/tests/test_liv_plot/test_liv_plotter/test_prepare_plot_data__plotter_prepare_plot_data4-plot_colors__.npy", content not local. Use fetch to download.
2025-02-04T14:08:34.4556367Z Skipped checkout for "tardis/visualization/tools/tests/test_liv_plot/test_liv_plotter/test_prepare_plot_data__plotter_prepare_plot_data4-plot_data__.npy", content not local. Use fetch to download.
2025-02-04T14:08:34.4557819Z Skipped checkout for "tardis/visualization/tools/tests/test_liv_plot/test_liv_plotter/test_prepare_plot_data__plotter_prepare_plot_data5-new_bin_edges__.npy", content not local. Use fetch to download.
2025-02-04T14:08:34.4559272Z Skipped checkout for "tardis/visualization/tools/tests/test_liv_plot/test_liv_plotter/test_prepare_plot_data__plotter_prepare_plot_data5-plot_colors__.npy", content not local. Use fetch to download.
2025-02-04T14:08:34.4560496Z Skipped checkout for "tardis/visualization/tools/tests/test_liv_plot/test_liv_plotter/test_prepare_plot_data__plotter_prepare_plot_data5-plot_data__.npy", content not local. Use fetch to download.
2025-02-04T14:08:34.4561946Z Skipped checkout for "tardis/visualization/tools/tests/test_liv_plot/test_liv_plotter/test_prepare_plot_data__plotter_prepare_plot_data6-new_bin_edges__.npy", content not local. Use fetch to download.
2025-02-04T14:08:34.4563185Z Skipped checkout for "tardis/visualization/tools/tests/test_liv_plot/test_liv_plotter/test_prepare_plot_data__plotter_prepare_plot_data6-plot_colors__.npy", content not local. Use fetch to download.
2025-02-04T14:08:34.4564406Z Skipped checkout for "tardis/visualization/tools/tests/test_liv_plot/test_liv_plotter/test_prepare_plot_data__plotter_prepare_plot_data6-plot_data__.npy", content not local. Use fetch to download.
2025-02-04T14:08:34.4565617Z Skipped checkout for "tardis/visualization/tools/tests/test_liv_plot/test_liv_plotter/test_prepare_plot_data__plotter_prepare_plot_data7-new_bin_edges__.npy", content not local. Use fetch to download.
2025-02-04T14:08:34.4566832Z Skipped checkout for "tardis/visualization/tools/tests/test_liv_plot/test_liv_plotter/test_prepare_plot_data__plotter_prepare_plot_data7-plot_colors__.npy", content not local. Use fetch to download.
2025-02-04T14:08:34.4568051Z Skipped checkout for "tardis/visualization/tools/tests/test_liv_plot/test_liv_plotter/test_prepare_plot_data__plotter_prepare_plot_data7-plot_data__.npy", content not local. Use fetch to download.
2025-02-04T14:08:34.4569537Z Skipped checkout for "tardis/visualization/tools/tests/test_sdec_plot/test_sdec_plotter/test_calculate_plotting_data__plotter_calculate_plotting_data0__.h5", content not local. Use fetch to download.
2025-02-04T14:08:34.4570789Z Skipped checkout for "tardis/visualization/tools/tests/test_sdec_plot/test_sdec_plotter/test_calculate_plotting_data__plotter_calculate_plotting_data10__.h5", content not local. Use fetch to download.
2025-02-04T14:08:34.4572029Z Skipped checkout for "tardis/visualization/tools/tests/test_sdec_plot/test_sdec_plotter/test_calculate_plotting_data__plotter_calculate_plotting_data11__.h5", content not local. Use fetch to download.
2025-02-04T14:08:34.4573279Z Skipped checkout for "tardis/visualization/tools/tests/test_sdec_plot/test_sdec_plotter/test_calculate_plotting_data__plotter_calculate_plotting_data12__.h5", content not local. Use fetch to download.
2025-02-04T14:08:34.4574528Z Skipped checkout for "tardis/visualization/tools/tests/test_sdec_plot/test_sdec_plotter/test_calculate_plotting_data__plotter_calculate_plotting_data13__.h5", content not local. Use fetch to download.
2025-02-04T14:08:34.4575768Z Skipped checkout for "tardis/visualization/tools/tests/test_sdec_plot/test_sdec_plotter/test_calculate_plotting_data__plotter_calculate_plotting_data14__.h5", content not local. Use fetch to download.
2025-02-04T14:08:34.4577003Z Skipped checkout for "tardis/visualization/tools/tests/test_sdec_plot/test_sdec_plotter/test_calculate_plotting_data__plotter_calculate_plotting_data15__.h5", content not local. Use fetch to download.
2025-02-04T14:08:34.4578244Z Skipped checkout for "tardis/visualization/tools/tests/test_sdec_plot/test_sdec_plotter/test_calculate_plotting_data__plotter_calculate_plotting_data1__.h5", content not local. Use fetch to download.
2025-02-04T14:08:34.4579650Z Skipped checkout for "tardis/visualization/tools/tests/test_sdec_plot/test_sdec_plotter/test_calculate_plotting_data__plotter_calculate_plotting_data2__.h5", content not local. Use fetch to download.
2025-02-04T14:08:34.4581059Z Skipped checkout for "tardis/visualization/tools/tests/test_sdec_plot/test_sdec_plotter/test_calculate_plotting_data__plotter_calculate_plotting_data3__.h5", content not local. Use fetch to download.
2025-02-04T14:08:34.4582292Z Skipped checkout for "tardis/visualization/tools/tests/test_sdec_plot/test_sdec_plotter/test_calculate_plotting_data__plotter_calculate_plotting_data4__.h5", content not local. Use fetch to download.
2025-02-04T14:08:34.4583523Z Skipped checkout for "tardis/visualization/tools/tests/test_sdec_plot/test_sdec_plotter/test_calculate_plotting_data__plotter_calculate_plotting_data5__.h5", content not local. Use fetch to download.
2025-02-04T14:08:34.4584921Z Skipped checkout for "tardis/visualization/tools/tests/test_sdec_plot/test_sdec_plotter/test_calculate_plotting_data__plotter_calculate_plotting_data6__.h5", content not local. Use fetch to download.
2025-02-04T14:08:34.4586164Z Skipped checkout for "tardis/visualization/tools/tests/test_sdec_plot/test_sdec_plotter/test_calculate_plotting_data__plotter_calculate_plotting_data7__.h5", content not local. Use fetch to download.
2025-02-04T14:08:34.4587395Z Skipped checkout for "tardis/visualization/tools/tests/test_sdec_plot/test_sdec_plotter/test_calculate_plotting_data__plotter_calculate_plotting_data8__.h5", content not local. Use fetch to download.
2025-02-04T14:08:34.4588956Z Skipped checkout for "tardis/visualization/tools/tests/test_sdec_plot/test_sdec_plotter/test_calculate_plotting_data__plotter_calculate_plotting_data9__.h5", content not local. Use fetch to download.
2025-02-04T14:08:34.4590361Z Skipped checkout for "tardis/visualization/tools/tests/test_sdec_plot/test_sdec_plotter/test_generate_plot_mpl__plotter_generate_plot_ply0__.h5", content not local. Use fetch to download.
2025-02-04T14:08:34.4591720Z Skipped checkout for "tardis/visualization/tools/tests/test_sdec_plot/test_sdec_plotter/test_generate_plot_mpl__plotter_generate_plot_ply10__.h5", content not local. Use fetch to download.
2025-02-04T14:08:34.4593077Z Skipped checkout for "tardis/visualization/tools/tests/test_sdec_plot/test_sdec_plotter/test_generate_plot_mpl__plotter_generate_plot_ply11__.h5", content not local. Use fetch to download.
2025-02-04T14:08:34.4594395Z Skipped checkout for "tardis/visualization/tools/tests/test_sdec_plot/test_sdec_plotter/test_generate_plot_mpl__plotter_generate_plot_ply12__.h5", content not local. Use fetch to download.
2025-02-04T14:08:34.4595704Z Skipped checkout for "tardis/visualization/tools/tests/test_sdec_plot/test_sdec_plotter/test_generate_plot_mpl__plotter_generate_plot_ply13__.h5", content not local. Use fetch to download.
2025-02-04T14:08:34.4596913Z Skipped checkout for "tardis/visualization/tools/tests/test_sdec_plot/test_sdec_plotter/test_generate_plot_mpl__plotter_generate_plot_ply14__.h5", content not local. Use fetch to download.
2025-02-04T14:08:34.4598235Z Skipped checkout for "tardis/visualization/tools/tests/test_sdec_plot/test_sdec_plotter/test_generate_plot_mpl__plotter_generate_plot_ply15__.h5", content not local. Use fetch to download.
2025-02-04T14:08:34.4599769Z Skipped checkout for "tardis/visualization/tools/tests/test_sdec_plot/test_sdec_plotter/test_generate_plot_mpl__plotter_generate_plot_ply1__.h5", content not local. Use fetch to download.
2025-02-04T14:08:34.4600948Z Skipped checkout for "tardis/visualization/tools/tests/test_sdec_plot/test_sdec_plotter/test_generate_plot_mpl__plotter_generate_plot_ply2__.h5", content not local. Use fetch to download.
2025-02-04T14:08:34.4602097Z Skipped checkout for "tardis/visualization/tools/tests/test_sdec_plot/test_sdec_plotter/test_generate_plot_mpl__plotter_generate_plot_ply3__.h5", content not local. Use fetch to download.
2025-02-04T14:08:34.4603673Z Skipped checkout for "tardis/visualization/tools/tests/test_sdec_plot/test_sdec_plotter/test_generate_plot_mpl__plotter_generate_plot_ply4__.h5", content not local. Use fetch to download.
2025-02-04T14:08:34.4604867Z Skipped checkout for "tardis/visualization/tools/tests/test_sdec_plot/test_sdec_plotter/test_generate_plot_mpl__plotter_generate_plot_ply5__.h5", content not local. Use fetch to download.
2025-02-04T14:08:34.4606706Z Skipped checkout for "tardis/visualization/tools/tests/test_sdec_plot/test_sdec_plotter/test_generate_plot_mpl__plotter_generate_plot_ply6__.h5", content not local. Use fetch to download.
2025-02-04T14:08:34.4607863Z Skipped checkout for "tardis/visualization/tools/tests/test_sdec_plot/test_sdec_plotter/test_generate_plot_mpl__plotter_generate_plot_ply7__.h5", content not local. Use fetch to download.
2025-02-04T14:08:34.4609565Z Skipped checkout for "tardis/visualization/tools/tests/test_sdec_plot/test_sdec_plotter/test_generate_plot_mpl__plotter_generate_plot_ply8__.h5", content not local. Use fetch to download.
2025-02-04T14:08:34.4611847Z Skipped checkout for "tardis/visualization/tools/tests/test_sdec_plot/test_sdec_plotter/test_generate_plot_mpl__plotter_generate_plot_ply9__.h5", content not local. Use fetch to download.
2025-02-04T14:08:34.4613857Z Skipped checkout for "tardis/visualization/tools/tests/test_sdec_plot/test_sdec_plotter/test_parse_species_list___full_species_list__.npy", content not local. Use fetch to download.
2025-02-04T14:08:34.4615828Z Skipped checkout for "tardis/visualization/tools/tests/test_sdec_plot/test_sdec_plotter/test_parse_species_list___keep_colour__.npy", content not local. Use fetch to download.
2025-02-04T14:08:34.4617711Z Skipped checkout for "tardis/visualization/tools/tests/test_sdec_plot/test_sdec_plotter/test_parse_species_list___species_list__.npy", content not local. Use fetch to download.
2025-02-04T14:08:34.4619142Z Checking out LFS objects: 100% (204/204), 3.5 GB | 0 B/s, done.
2025-02-04T14:08:34.4776655Z Post job cleanup.
2025-02-04T14:08:34.5745629Z [command]/usr/bin/git version
2025-02-04T14:08:34.5783610Z git version 2.48.1
2025-02-04T14:08:34.5831510Z Temporarily overriding HOME='/home/runner/work/_temp/06087927-f2bd-4b40-9315-18d61ceb4efe' before making global git config changes
2025-02-04T14:08:34.5832847Z Adding repository directory to the temporary git global config as a safe directory
2025-02-04T14:08:34.5847581Z [command]/usr/bin/git config --global --add safe.directory /home/runner/work/tardis/tardis/tardis-regression-data
2025-02-04T14:08:34.5886152Z [command]/usr/bin/git config --local --name-only --get-regexp core\.sshCommand
2025-02-04T14:08:34.5921200Z [command]/usr/bin/git submodule foreach --recursive sh -c "git config --local --name-only --get-regexp 'core\.sshCommand' && git config --local --unset-all 'core.sshCommand' || :"
2025-02-04T14:08:34.6161768Z [command]/usr/bin/git config --local --name-only --get-regexp http\.https\:\/\/github\.com\/\.extraheader
2025-02-04T14:08:34.6184202Z http.https://github.com/.extraheader
2025-02-04T14:08:34.6198417Z [command]/usr/bin/git config --local --unset-all http.https://github.com/.extraheader
2025-02-04T14:08:34.6233229Z [command]/usr/bin/git submodule foreach --recursive sh -c "git config --local --name-only --get-regexp 'http\.https\:\/\/github\.com\/\.extraheader' && git config --local --unset-all 'http.https://github.com/.extraheader' || :"
2025-02-04T14:08:34.6603289Z Cleaning up orphan processes
