2025-01-27T15:51:38.2640092Z Prepare all required actions
2025-01-27T15:51:38.2640468Z Getting action download info
2025-01-27T15:51:38.4048112Z Download action repository 'mamba-org/setup-micromamba@v1' (SHA:4b9113af4fba0e9e1124b252dd6497a419e7396d)
2025-01-27T15:51:38.8158063Z ##[group]Run ./.github/actions/setup_env
2025-01-27T15:51:38.8158457Z with:
2025-01-27T15:51:38.8158638Z   os-label: linux-64
2025-01-27T15:51:38.8158823Z env:
2025-01-27T15:51:38.8158983Z   CACHE_NUMBER: 0
2025-01-27T15:51:38.8159606Z   PYTEST_FLAGS: --tardis-regression-data=/home/runner/work/tardis/tardis/tardis-regression-data --cov=tardis --cov-report=xml --cov-report=html --cov-append
2025-01-27T15:51:38.8160365Z   CODECOV_TOKEN: ***
2025-01-27T15:51:38.8160552Z ##[endgroup]
2025-01-27T15:51:38.8181267Z ##[group]Run file_hash=$(cat conda-linux-64.lock | shasum -a 256 | cut -d' ' -f1)
2025-01-27T15:51:38.8181761Z [36;1mfile_hash=$(cat conda-linux-64.lock | shasum -a 256 | cut -d' ' -f1)[0m
2025-01-27T15:51:38.8182286Z [36;1mecho "file_hash=tardis-conda-env-linux-64-${file_hash}-v1" >> "${GITHUB_OUTPUT}"[0m
2025-01-27T15:51:38.8209142Z shell: /usr/bin/bash --noprofile --norc -e -o pipefail {0}
2025-01-27T15:51:38.8209465Z env:
2025-01-27T15:51:38.8209630Z   CACHE_NUMBER: 0
2025-01-27T15:51:38.8210247Z   PYTEST_FLAGS: --tardis-regression-data=/home/runner/work/tardis/tardis/tardis-regression-data --cov=tardis --cov-report=xml --cov-report=html --cov-append
2025-01-27T15:51:38.8210993Z   CODECOV_TOKEN: ***
2025-01-27T15:51:38.8211190Z ##[endgroup]
2025-01-27T15:51:38.8538321Z ##[group]Run mamba-org/setup-micromamba@v1
2025-01-27T15:51:38.8538593Z with:
2025-01-27T15:51:38.8538788Z   environment-file: conda-linux-64.lock
2025-01-27T15:51:38.8539349Z   cache-environment-key: tardis-conda-env-linux-64-d7cd390425b0fd3cf82649dcc003efba9915fb4928f15d342148c3ccffcbe2ee-v1
2025-01-27T15:51:38.8540175Z   cache-downloads-key: tardis-conda-env-linux-64-d7cd390425b0fd3cf82649dcc003efba9915fb4928f15d342148c3ccffcbe2ee-v1
2025-01-27T15:51:38.8540705Z   environment-name: tardis
2025-01-27T15:51:38.8540945Z   cache-environment: true
2025-01-27T15:51:38.8541155Z   cache-downloads: true
2025-01-27T15:51:38.8541356Z env:
2025-01-27T15:51:38.8541522Z   CACHE_NUMBER: 0
2025-01-27T15:51:38.8542124Z   PYTEST_FLAGS: --tardis-regression-data=/home/runner/work/tardis/tardis/tardis-regression-data --cov=tardis --cov-report=xml --cov-report=html --cov-append
2025-01-27T15:51:38.8543022Z   CODECOV_TOKEN: ***
2025-01-27T15:51:38.8543220Z ##[endgroup]
2025-01-27T15:51:38.9923606Z Will download micromamba to /home/runner/micromamba-bin/micromamba
2025-01-27T15:51:38.9934223Z ##[group]Install micromamba
2025-01-27T15:51:39.3545546Z micromamba installed to /home/runner/micromamba-bin/micromamba
2025-01-27T15:51:39.3546722Z ##[endgroup]
2025-01-27T15:51:39.3547557Z Adding conda-forge to condarc channels ...
2025-01-27T15:51:39.3557418Z ##[group]Initialize micromamba for bash.
2025-01-27T15:51:39.3573632Z [command]/home/runner/micromamba-bin/micromamba shell init -s bash -r /home/runner/micromamba --log-level warning --rc-file /home/runner/work/_temp/setup-micromamba/.condarc
2025-01-27T15:51:39.3681195Z Modifying RC file "/home/runner/.bashrc"
2025-01-27T15:51:39.3682573Z Generating config for root prefix [1m"/home/runner/micromamba"[0m
2025-01-27T15:51:39.3684601Z Setting mamba executable to: [1m"/home/runner/micromamba-bin/micromamba"[0m
2025-01-27T15:51:39.3685716Z Adding (or replacing) the following in your "/home/runner/.bashrc" file
2025-01-27T15:51:39.3686257Z 
2025-01-27T15:51:39.3686449Z # >>> mamba initialize >>>
2025-01-27T15:51:39.3686960Z # !! Contents within this block are managed by 'mamba init' !!
2025-01-27T15:51:39.3687634Z export MAMBA_EXE='/home/runner/micromamba-bin/micromamba';
2025-01-27T15:51:39.3688266Z export MAMBA_ROOT_PREFIX='/home/runner/micromamba';
2025-01-27T15:51:39.3689156Z __mamba_setup="$("$MAMBA_EXE" shell hook --shell bash --root-prefix "$MAMBA_ROOT_PREFIX" 2> /dev/null)"
2025-01-27T15:51:39.3689948Z if [ $? -eq 0 ]; then
2025-01-27T15:51:39.3690344Z     eval "$__mamba_setup"
2025-01-27T15:51:39.3691240Z else
2025-01-27T15:51:39.3691716Z     alias micromamba="$MAMBA_EXE"  # Fallback on help from mamba activate
2025-01-27T15:51:39.3692322Z fi
2025-01-27T15:51:39.3692617Z unset __mamba_setup
2025-01-27T15:51:39.3692978Z # <<< mamba initialize <<<
2025-01-27T15:51:39.3693252Z 
2025-01-27T15:51:39.3700332Z Moving mamba initialize block to .bash_profile
2025-01-27T15:51:39.3711901Z ##[endgroup]
2025-01-27T15:51:39.3713116Z ##[group]Restoring downloads from `/home/runner/micromamba/pkgs` ...
2025-01-27T15:51:40.5506748Z Received 201326592 of 356815776 (56.4%), 191.8 MBs/sec
2025-01-27T15:51:41.2814014Z Cache Size: ~340 MB (356815776 B)
2025-01-27T15:51:41.2930393Z [command]/usr/bin/tar -xf /home/runner/work/_temp/180aa4be-afe2-40d5-ae87-b35fe8a3fd71/cache.tzst -P -C /home/runner/work/tardis/tardis --use-compress-program unzstd
2025-01-27T15:51:41.5488288Z Received 356815776 of 356815776 (100.0%), 170.1 MBs/sec
2025-01-27T15:51:41.7606633Z Cache restored successfully
2025-01-27T15:51:41.8344445Z Restored cache with key `tardis-conda-env-linux-64-d7cd390425b0fd3cf82649dcc003efba9915fb4928f15d342148c3ccffcbe2ee-v1-linux-64`
2025-01-27T15:51:41.8346911Z ##[endgroup]
2025-01-27T15:51:41.8356924Z ##[group]Restoring environment `tardis` from `/home/runner/micromamba/envs/tardis` ...
2025-01-27T15:51:42.9803339Z Received 188743680 of 444032293 (42.5%), 179.8 MBs/sec
2025-01-27T15:51:43.9801076Z Received 432013312 of 444032293 (97.3%), 206.0 MBs/sec
2025-01-27T15:51:44.0855311Z Cache Size: ~423 MB (444032293 B)
2025-01-27T15:51:44.0944233Z [command]/usr/bin/tar -xf /home/runner/work/_temp/e1f25611-6b06-42a1-9be8-846207ead7d8/cache.tzst -P -C /home/runner/work/tardis/tardis --use-compress-program unzstd
2025-01-27T15:51:44.9808568Z Received 444032293 of 444032293 (100.0%), 141.1 MBs/sec
2025-01-27T15:51:49.2913242Z Cache restored successfully
2025-01-27T15:51:49.3666140Z Restored cache with key `tardis-conda-env-linux-64-d7cd390425b0fd3cf82649dcc003efba9915fb4928f15d342148c3ccffcbe2ee-v1-linux-64-tardis-args-4f53cda-root-dcc80ee-bin-[object Promise]-file-d7cd390425b0fd3cf82649dcc003efba9915fb4928f15d342148c3ccffcbe2ee`
2025-01-27T15:51:49.3669962Z ##[endgroup]
2025-01-27T15:51:49.3670389Z Adding environment tardis to auto-activate bash ...
2025-01-27T15:51:49.3679259Z Generating micromamba run shell.
2025-01-27T15:51:49.3688735Z ##[endgroup]
2025-01-27T15:51:49.3694333Z Set environment variables.
2025-01-27T15:51:49.3698338Z ##[group]micromamba info
2025-01-27T15:51:49.3701303Z [command]/home/runner/micromamba-bin/micromamba info -r /home/runner/micromamba -n tardis
2025-01-27T15:51:49.3945143Z 
2025-01-27T15:51:49.3945385Z        libmamba version : 1.5.10
2025-01-27T15:51:49.3945842Z      micromamba version : 1.5.10
2025-01-27T15:51:49.3946565Z            curl version : libcurl/8.10.1 OpenSSL/3.3.2 zlib/1.3.1 zstd/1.5.6 libssh2/1.11.0 nghttp2/1.58.0
2025-01-27T15:51:49.3947494Z      libarchive version : libarchive 3.7.4 zlib/1.2.13 bz2lib/1.0.8 libzstd/1.5.6
2025-01-27T15:51:49.3948194Z        envs directories : /home/runner/micromamba/envs
2025-01-27T15:51:49.3948760Z           package cache : /home/runner/micromamba/pkgs
2025-01-27T15:51:49.3949255Z                           /home/runner/.mamba/pkgs
2025-01-27T15:51:49.3949693Z             environment : tardis
2025-01-27T15:51:49.3950190Z            env location : /home/runner/micromamba/envs/tardis
2025-01-27T15:51:49.3950735Z       user config files : /home/runner/.mambarc
2025-01-27T15:51:49.3951417Z  populated config files : /home/runner/work/_temp/setup-micromamba/.condarc
2025-01-27T15:51:49.3952041Z        virtual packages : __unix=0=0
2025-01-27T15:51:49.3952462Z                           __linux=6.8.0=0
2025-01-27T15:51:49.3952881Z                           __glibc=2.39=0
2025-01-27T15:51:49.3953313Z                           __archspec=1=x86_64_v3
2025-01-27T15:51:49.3953908Z                channels : https://conda.anaconda.org/conda-forge/linux-64
2025-01-27T15:51:49.3954546Z                           https://conda.anaconda.org/conda-forge/noarch
2025-01-27T15:51:49.3955620Z        base environment : /home/runner/micromamba
2025-01-27T15:51:49.3956082Z                platform : linux-64
2025-01-27T15:51:49.3962569Z ##[endgroup]
2025-01-27T15:51:49.3963127Z ##[group]micromamba list
2025-01-27T15:51:49.3964256Z [command]/home/runner/micromamba-bin/micromamba list -r /home/runner/micromamba -n tardis
2025-01-27T15:51:49.7843693Z List of packages in environment: "/home/runner/micromamba/envs/tardis"
2025-01-27T15:51:49.7844305Z 
2025-01-27T15:51:49.7844558Z   Name                           Version              Build                    Channel    
2025-01-27T15:51:49.7845758Z â”€â”€â”€â”€â”€â”€â”€â”€â”€â”€â”€â”€â”€â”€â”€â”€â”€â”€â”€â”€â”€â”€â”€â”€â”€â”€â”€â”€â”€â”€â”€â”€â”€â”€â”€â”€â”€â”€â”€â”€â”€â”€â”€â”€â”€â”€â”€â”€â”€â”€â”€â”€â”€â”€â”€â”€â”€â”€â”€â”€â”€â”€â”€â”€â”€â”€â”€â”€â”€â”€â”€â”€â”€â”€â”€â”€â”€â”€â”€â”€â”€â”€â”€â”€â”€â”€â”€â”€â”€â”€â”€â”€
2025-01-27T15:51:49.7846434Z   _libgcc_mutex                  0.1                  conda_forge              conda-forge
2025-01-27T15:51:49.7847036Z   _openmp_mutex                  4.5                  2_gnu                    conda-forge
2025-01-27T15:51:49.7847667Z   alabaster                      0.7.16               pyhd8ed1ab_0             conda-forge
2025-01-27T15:51:49.7848274Z   anyio                          4.4.0                pyhd8ed1ab_0             conda-forge
2025-01-27T15:51:49.7848826Z   argon2-cffi                    23.1.0               pyhd8ed1ab_0             conda-forge
2025-01-27T15:51:49.7849499Z   argon2-cffi-bindings           21.2.0               py312h98912ed_4          conda-forge
2025-01-27T15:51:49.7850082Z   arrow                          1.3.0                pyhd8ed1ab_0             conda-forge
2025-01-27T15:51:49.7850623Z   astropy                        6.1.1                py312h085067d_0          conda-forge
2025-01-27T15:51:49.7851296Z   astropy-iers-data              0.2024.6.17.0.31.35  pyhd8ed1ab_0             conda-forge
2025-01-27T15:51:49.7852090Z   astropy-sphinx-theme           1.1                  pyhd8ed1ab_0             conda-forge
2025-01-27T15:51:49.7852785Z   asttokens                      2.4.1                pyhd8ed1ab_0             conda-forge
2025-01-27T15:51:49.7853409Z   async-lru                      2.0.4                pyhd8ed1ab_0             conda-forge
2025-01-27T15:51:49.7853973Z   atk-1.0                        2.38.0               h04ea711_2               conda-forge
2025-01-27T15:51:49.7855031Z   attrs                          23.2.0               pyh71513ae_0             conda-forge
2025-01-27T15:51:49.7855587Z   babel                          2.14.0               pyhd8ed1ab_0             conda-forge
2025-01-27T15:51:49.7856178Z   beautifulsoup4                 4.12.3               pyha770c72_0             conda-forge
2025-01-27T15:51:49.7856806Z   bleach                         6.1.0                pyhd8ed1ab_0             conda-forge
2025-01-27T15:51:49.7857359Z   blosc                          1.21.5               hc2324a3_1               conda-forge
2025-01-27T15:51:49.7857906Z   brotli                         1.1.0                hd590300_1               conda-forge
2025-01-27T15:51:49.7858471Z   brotli-bin                     1.1.0                hd590300_1               conda-forge
2025-01-27T15:51:49.7859083Z   brotli-python                  1.1.0                py312h30efb56_1          conda-forge
2025-01-27T15:51:49.7859673Z   bzip2                          1.0.8                hd590300_5               conda-forge
2025-01-27T15:51:49.7860250Z   c-ares                         1.28.1               hd590300_0               conda-forge
2025-01-27T15:51:49.7860811Z   c-blosc2                       2.14.4               hb4ffafa_1               conda-forge
2025-01-27T15:51:49.7861432Z   ca-certificates                2024.6.2             hbcca054_0               conda-forge
2025-01-27T15:51:49.7862111Z   cached-property                1.5.2                hd8ed1ab_1               conda-forge
2025-01-27T15:51:49.7862793Z   cached_property                1.5.2                pyha770c72_1             conda-forge
2025-01-27T15:51:49.7863402Z   cairo                          1.18.0               h3faef2a_0               conda-forge
2025-01-27T15:51:49.7864204Z   certifi                        2024.6.2             pyhd8ed1ab_0             conda-forge
2025-01-27T15:51:49.7864786Z   cffi                           1.16.0               py312hf06ca03_0          conda-forge
2025-01-27T15:51:49.7865589Z   charset-normalizer             3.3.2                pyhd8ed1ab_0             conda-forge
2025-01-27T15:51:49.7866248Z   click                          8.1.7                unix_pyh707e725_0        conda-forge
2025-01-27T15:51:49.7866854Z   codespell                      2.3.0                pyhd8ed1ab_0             conda-forge
2025-01-27T15:51:49.7867480Z   colorama                       0.4.6                pyhd8ed1ab_0             conda-forge
2025-01-27T15:51:49.7868078Z   comm                           0.2.2                pyhd8ed1ab_0             conda-forge
2025-01-27T15:51:49.7868678Z   commonmark                     0.9.1                py_0                     conda-forge
2025-01-27T15:51:49.7869310Z   contourpy                      1.2.1                py312h8572e83_0          conda-forge
2025-01-27T15:51:49.7869928Z   coverage                       7.5.3                py312h9a8786e_0          conda-forge
2025-01-27T15:51:49.7870505Z   cycler                         0.12.1               pyhd8ed1ab_0             conda-forge
2025-01-27T15:51:49.7871097Z   dataclasses                    0.8                  pyhc8e2a94_3             conda-forge
2025-01-27T15:51:49.7871734Z   debugpy                        1.8.1                py312h30efb56_0          conda-forge
2025-01-27T15:51:49.7872362Z   decorator                      5.1.1                pyhd8ed1ab_0             conda-forge
2025-01-27T15:51:49.7872997Z   defusedxml                     0.7.1                pyhd8ed1ab_0             conda-forge
2025-01-27T15:51:49.7873614Z   docutils                       0.20.1               py312h7900ff3_3          conda-forge
2025-01-27T15:51:49.7874234Z   dot2tex                        2.11.3               pyhd8ed1ab_0             conda-forge
2025-01-27T15:51:49.7875005Z   entrypoints                    0.4                  pyhd8ed1ab_0             conda-forge
2025-01-27T15:51:49.7875687Z   exceptiongroup                 1.2.0                pyhd8ed1ab_2             conda-forge
2025-01-27T15:51:49.7876519Z   executing                      2.0.1                pyhd8ed1ab_0             conda-forge
2025-01-27T15:51:49.7877131Z   expat                          2.6.2                h59595ed_0               conda-forge
2025-01-27T15:51:49.7877813Z   font-ttf-dejavu-sans-mono      2.37                 hab24e00_0               conda-forge
2025-01-27T15:51:49.7878575Z   font-ttf-inconsolata           3.000                h77eed37_0               conda-forge
2025-01-27T15:51:49.7879343Z   font-ttf-source-code-pro       2.038                h77eed37_0               conda-forge
2025-01-27T15:51:49.7880070Z   font-ttf-ubuntu                0.83                 h77eed37_2               conda-forge
2025-01-27T15:51:49.7880731Z   fontconfig                     2.14.2               h14ed4e7_0               conda-forge
2025-01-27T15:51:49.7881426Z   fonts-conda-ecosystem          1                    0                        conda-forge
2025-01-27T15:51:49.7882132Z   fonts-conda-forge              1                    0                        conda-forge
2025-01-27T15:51:49.7882806Z   fonttools                      4.53.0               py312h9a8786e_0          conda-forge
2025-01-27T15:51:49.7883406Z   fqdn                           1.5.1                pyhd8ed1ab_0             conda-forge
2025-01-27T15:51:49.7883986Z   freetype                       2.12.1               h267a509_2               conda-forge
2025-01-27T15:51:49.7884567Z   fribidi                        1.0.10               h36c2ea0_0               conda-forge
2025-01-27T15:51:49.7885199Z   future                         1.0.0                pyhd8ed1ab_0             conda-forge
2025-01-27T15:51:49.7885590Z   gdk-pixbuf                     2.42.12              hb9ae30d_0               conda-forge
2025-01-27T15:51:49.7886195Z   giflib                         5.2.2                hd590300_0               conda-forge
2025-01-27T15:51:49.7886578Z   git-lfs                        3.5.1                ha770c72_0               conda-forge
2025-01-27T15:51:49.7886910Z   gmp                            6.3.0                h59595ed_1               conda-forge
2025-01-27T15:51:49.7887249Z   gmpy2                          2.1.5                py312h1d5cde6_1          conda-forge
2025-01-27T15:51:49.7887599Z   graphite2                      1.3.13               h59595ed_1003            conda-forge
2025-01-27T15:51:49.7887958Z   graphviz                       11.0.0               hc68bbd7_0               conda-forge
2025-01-27T15:51:49.7888299Z   gtk2                           2.24.33              h280cfa0_4               conda-forge
2025-01-27T15:51:49.7888785Z   gts                            0.7.6                h977cf35_4               conda-forge
2025-01-27T15:51:49.7889381Z   h11                            0.14.0               pyhd8ed1ab_0             conda-forge
2025-01-27T15:51:49.7889818Z   h2                             4.1.0                pyhd8ed1ab_0             conda-forge
2025-01-27T15:51:49.7890148Z   h5py                           3.11.0               nompi_py312hb7ab980_102  conda-forge
2025-01-27T15:51:49.7890671Z   harfbuzz                       8.5.0                hfac3d4d_0               conda-forge
2025-01-27T15:51:49.7891260Z   hdf5                           1.14.3               nompi_hdf9ad27_105       conda-forge
2025-01-27T15:51:49.7891831Z   hpack                          4.0.0                pyh9f0ad1d_0             conda-forge
2025-01-27T15:51:49.7892393Z   httpcore                       1.0.5                pyhd8ed1ab_0             conda-forge
2025-01-27T15:51:49.7893058Z   httpx                          0.27.0               pyhd8ed1ab_0             conda-forge
2025-01-27T15:51:49.7893705Z   hyperframe                     6.0.1                pyhd8ed1ab_0             conda-forge
2025-01-27T15:51:49.7894342Z   icu                            73.2                 h59595ed_0               conda-forge
2025-01-27T15:51:49.7895057Z   idna                           3.7                  pyhd8ed1ab_0             conda-forge
2025-01-27T15:51:49.7895699Z   imagesize                      1.4.1                pyhd8ed1ab_0             conda-forge
2025-01-27T15:51:49.7896600Z   importlib-metadata             7.1.0                pyha770c72_0             conda-forge
2025-01-27T15:51:49.7897368Z   importlib_metadata             7.1.0                hd8ed1ab_0               conda-forge
2025-01-27T15:51:49.7897804Z   importlib_resources            6.4.0                pyhd8ed1ab_0             conda-forge
2025-01-27T15:51:49.7898203Z   iniconfig                      2.0.0                pyhd8ed1ab_0             conda-forge
2025-01-27T15:51:49.7898613Z   ipykernel                      6.29.4               pyh3099207_0             conda-forge
2025-01-27T15:51:49.7898968Z   ipython                        8.25.0               pyh707e725_0             conda-forge
2025-01-27T15:51:49.7899344Z   ipython_genutils               0.2.0                pyhd8ed1ab_1             conda-forge
2025-01-27T15:51:49.7899730Z   ipywidgets                     7.8.0                pyhd8ed1ab_0             conda-forge
2025-01-27T15:51:49.7900117Z   isoduration                    20.11.0              pyhd8ed1ab_0             conda-forge
2025-01-27T15:51:49.7900473Z   jedi                           0.19.1               pyhd8ed1ab_0             conda-forge
2025-01-27T15:51:49.7900814Z   jinja2                         3.1.4                pyhd8ed1ab_0             conda-forge
2025-01-27T15:51:49.7901149Z   json5                          0.9.25               pyhd8ed1ab_0             conda-forge
2025-01-27T15:51:49.7901522Z   jsonpointer                    3.0.0                py312h7900ff3_0          conda-forge
2025-01-27T15:51:49.7901904Z   jsonschema                     4.22.0               pyhd8ed1ab_0             conda-forge
2025-01-27T15:51:49.7902493Z   jsonschema-specifications      2023.12.1            pyhd8ed1ab_0             conda-forge
2025-01-27T15:51:49.7902988Z   jsonschema-with-format-nongpl  4.22.0               pyhd8ed1ab_0             conda-forge
2025-01-27T15:51:49.7903427Z   jupyter-lsp                    2.2.5                pyhd8ed1ab_0             conda-forge
2025-01-27T15:51:49.7903809Z   jupyter_client                 8.6.2                pyhd8ed1ab_0             conda-forge
2025-01-27T15:51:49.7904190Z   jupyter_core                   5.7.2                py312h7900ff3_0          conda-forge
2025-01-27T15:51:49.7904572Z   jupyter_events                 0.10.0               pyhd8ed1ab_0             conda-forge
2025-01-27T15:51:49.7905172Z   jupyter_server                 2.14.1               pyhd8ed1ab_0             conda-forge
2025-01-27T15:51:49.7905593Z   jupyter_server_terminals       0.5.3                pyhd8ed1ab_0             conda-forge
2025-01-27T15:51:49.7905998Z   jupyterlab                     4.2.2                pyhd8ed1ab_0             conda-forge
2025-01-27T15:51:49.7906401Z   jupyterlab_pygments            0.3.0                pyhd8ed1ab_1             conda-forge
2025-01-27T15:51:49.7906809Z   jupyterlab_server              2.27.2               pyhd8ed1ab_0             conda-forge
2025-01-27T15:51:49.7907219Z   jupyterlab_widgets             1.1.7                pyhd8ed1ab_0             conda-forge
2025-01-27T15:51:49.7907597Z   keyutils                       1.6.1                h166bdaf_0               conda-forge
2025-01-27T15:51:49.7907962Z   kiwisolver                     1.4.5                py312h8572e83_1          conda-forge
2025-01-27T15:51:49.7908311Z   krb5                           1.21.2               h659d440_0               conda-forge
2025-01-27T15:51:49.7908651Z   latexcodec                     2.0.1                pyh9f0ad1d_0             conda-forge
2025-01-27T15:51:49.7908994Z   lcms2                          2.16                 hb7c19ff_0               conda-forge
2025-01-27T15:51:49.7909339Z   ld_impl_linux-64               2.40                 hf3520f5_7               conda-forge
2025-01-27T15:51:49.7909687Z   lerc                           4.0.0                h27087fc_0               conda-forge
2025-01-27T15:51:49.7910017Z   libaec                         1.1.3                h59595ed_0               conda-forge
2025-01-27T15:51:49.7910501Z   libblas                        3.9.0                22_linux64_openblas      conda-forge
2025-01-27T15:51:49.7910877Z   libbrotlicommon                1.1.0                hd590300_1               conda-forge
2025-01-27T15:51:49.7911262Z   libbrotlidec                   1.1.0                hd590300_1               conda-forge
2025-01-27T15:51:49.7911632Z   libbrotlienc                   1.1.0                hd590300_1               conda-forge
2025-01-27T15:51:49.7911997Z   libcblas                       3.9.0                22_linux64_openblas      conda-forge
2025-01-27T15:51:49.7912345Z   libcurl                        8.8.0                hca28451_0               conda-forge
2025-01-27T15:51:49.7912695Z   libdeflate                     1.20                 hd590300_0               conda-forge
2025-01-27T15:51:49.7913061Z   libedit                        3.1.20191231         he28a2e2_2               conda-forge
2025-01-27T15:51:49.7913411Z   libev                          4.33                 hd590300_2               conda-forge
2025-01-27T15:51:49.7913745Z   libexpat                       2.6.2                h59595ed_0               conda-forge
2025-01-27T15:51:49.7914088Z   libffi                         3.4.2                h7f98852_5               conda-forge
2025-01-27T15:51:49.7914423Z   libgcc-ng                      13.2.0               h77fa898_10              conda-forge
2025-01-27T15:51:49.7914759Z   libgd                          2.3.3                h119a65a_9               conda-forge
2025-01-27T15:51:49.7915289Z   libgfortran-ng                 13.2.0               h69a702a_10              conda-forge
2025-01-27T15:51:49.7915669Z   libgfortran5                   13.2.0               h3d2ce59_10              conda-forge
2025-01-27T15:51:49.7916184Z   libglib                        2.80.2               h8a4344b_1               conda-forge
2025-01-27T15:51:49.7916526Z   libgomp                        13.2.0               h77fa898_10              conda-forge
2025-01-27T15:51:49.7916876Z   libiconv                       1.17                 hd590300_2               conda-forge
2025-01-27T15:51:49.7917232Z   libjpeg-turbo                  3.0.0                hd590300_1               conda-forge
2025-01-27T15:51:49.7917600Z   liblapack                      3.9.0                22_linux64_openblas      conda-forge
2025-01-27T15:51:49.7917960Z   libllvm14                      14.0.6               hcd5def8_4               conda-forge
2025-01-27T15:51:49.7918320Z   libnghttp2                     1.58.0               h47da74e_1               conda-forge
2025-01-27T15:51:49.7918677Z   libnsl                         2.0.1                hd590300_0               conda-forge
2025-01-27T15:51:49.7919043Z   libopenblas                    0.3.27               pthreads_h413a1c8_0      conda-forge
2025-01-27T15:51:49.7919402Z   libpng                         1.6.43               h2797004_0               conda-forge
2025-01-27T15:51:49.7919746Z   librsvg                        2.58.1               hadf69e7_0               conda-forge
2025-01-27T15:51:49.7920099Z   libsodium                      1.0.18               h36c2ea0_1               conda-forge
2025-01-27T15:51:49.7920458Z   libsqlite                      3.46.0               hde9e2c9_0               conda-forge
2025-01-27T15:51:49.7920815Z   libssh2                        1.11.0               h0841786_0               conda-forge
2025-01-27T15:51:49.7921168Z   libstdcxx-ng                   13.2.0               hc0a3c3a_10              conda-forge
2025-01-27T15:51:49.7921529Z   libtiff                        4.6.0                h1dd3fc0_3               conda-forge
2025-01-27T15:51:49.7921870Z   libuuid                        2.38.1               h0b41bf4_0               conda-forge
2025-01-27T15:51:49.7922214Z   libwebp                        1.4.0                h2c329e2_0               conda-forge
2025-01-27T15:51:49.7922569Z   libwebp-base                   1.4.0                hd590300_0               conda-forge
2025-01-27T15:51:49.7923123Z   libxcb                         1.15                 h0b41bf4_0               conda-forge
2025-01-27T15:51:49.7923468Z   libxcrypt                      4.4.36               hd590300_1               conda-forge
2025-01-27T15:51:49.7923830Z   libxml2                        2.12.7               hc051c1a_1               conda-forge
2025-01-27T15:51:49.7924176Z   libxslt                        1.1.39               h76b75d6_0               conda-forge
2025-01-27T15:51:49.7924515Z   libzlib                        1.3.1                h4ab18f5_1               conda-forge
2025-01-27T15:51:49.7925015Z   llvmlite                       0.42.0               py312hb06c811_1          conda-forge
2025-01-27T15:51:49.7925374Z   lxml                           5.2.2                py312hb90d8a5_0          conda-forge
2025-01-27T15:51:49.7925713Z   lz4-c                          1.9.4                hcb278e6_0               conda-forge
2025-01-27T15:51:49.7926039Z   lzo                            2.10                 hd590300_1001            conda-forge
2025-01-27T15:51:49.7926379Z   markupsafe                     2.1.5                py312h98912ed_0          conda-forge
2025-01-27T15:51:49.7926767Z   matplotlib-base                3.8.4                py312h20ab3a6_2          conda-forge
2025-01-27T15:51:49.7927177Z   matplotlib-inline              0.1.7                pyhd8ed1ab_0             conda-forge
2025-01-27T15:51:49.7927561Z   mistune                        3.0.2                pyhd8ed1ab_0             conda-forge
2025-01-27T15:51:49.7927890Z   mpc                            1.3.1                hfe3b2da_0               conda-forge
2025-01-27T15:51:49.7928203Z   mpfr                           4.2.1                h9458935_1               conda-forge
2025-01-27T15:51:49.7928825Z   mpmath                         1.3.0                pyhd8ed1ab_0             conda-forge
2025-01-27T15:51:49.7929170Z   munkres                        1.1.4                pyh9f0ad1d_0             conda-forge
2025-01-27T15:51:49.7929544Z   mypy_extensions                1.0.0                pyha770c72_0             conda-forge
2025-01-27T15:51:49.7929922Z   nbclassic                      1.1.0                pyhd8ed1ab_0             conda-forge
2025-01-27T15:51:49.7930278Z   nbclient                       0.10.0               pyhd8ed1ab_0             conda-forge
2025-01-27T15:51:49.7930632Z   nbconvert                      7.16.4               hd8ed1ab_1               conda-forge
2025-01-27T15:51:49.7931010Z   nbconvert-core                 7.16.4               pyhd8ed1ab_1             conda-forge
2025-01-27T15:51:49.7931411Z   nbconvert-pandoc               7.16.4               hd8ed1ab_1               conda-forge
2025-01-27T15:51:49.7931803Z   nbformat                       5.10.4               pyhd8ed1ab_0             conda-forge
2025-01-27T15:51:49.7932160Z   nbsphinx                       0.9.4                pyhd8ed1ab_0             conda-forge
2025-01-27T15:51:49.7932516Z   ncurses                        6.5                  h59595ed_0               conda-forge
2025-01-27T15:51:49.7932872Z   nest-asyncio                   1.6.0                pyhd8ed1ab_0             conda-forge
2025-01-27T15:51:49.7933234Z   networkx                       3.3                  pyhd8ed1ab_1             conda-forge
2025-01-27T15:51:49.7933570Z   nomkl                          1.0                  h5ca1d4c_0               conda-forge
2025-01-27T15:51:49.7933908Z   notebook                       7.2.1                pyhd8ed1ab_0             conda-forge
2025-01-27T15:51:49.7934270Z   notebook-shim                  0.2.4                pyhd8ed1ab_0             conda-forge
2025-01-27T15:51:49.7934626Z   numba                          0.59.1               py312hacefee8_0          conda-forge
2025-01-27T15:51:49.7935251Z   numexpr                        2.10.0               py312hf412c99_100        conda-forge
2025-01-27T15:51:49.7935615Z   numpy                          1.26.4               py312heda63a1_0          conda-forge
2025-01-27T15:51:49.7936101Z   numpydoc                       1.7.0                pyhd8ed1ab_1             conda-forge
2025-01-27T15:51:49.7936451Z   openjpeg                       2.5.2                h488ebb8_0               conda-forge
2025-01-27T15:51:49.7936795Z   openssl                        3.3.1                h4ab18f5_0               conda-forge
2025-01-27T15:51:49.7937144Z   overrides                      7.7.0                pyhd8ed1ab_0             conda-forge
2025-01-27T15:51:49.7937500Z   packaging                      24.1                 pyhd8ed1ab_0             conda-forge
2025-01-27T15:51:49.7938047Z   pandas                         2.2.2                py312h1d6d2e6_1          conda-forge
2025-01-27T15:51:49.7938583Z   pandoc                         3.2                  ha770c72_0               conda-forge
2025-01-27T15:51:49.7939168Z   pandocfilters                  1.5.0                pyhd8ed1ab_0             conda-forge
2025-01-27T15:51:49.7939671Z   pango                          1.54.0               h84a9a3c_0               conda-forge
2025-01-27T15:51:49.7940107Z   parso                          0.8.4                pyhd8ed1ab_0             conda-forge
2025-01-27T15:51:49.7940615Z   pathspec                       0.12.1               pyhd8ed1ab_0             conda-forge
2025-01-27T15:51:49.7941087Z   pbr                            6.0.0                pyhd8ed1ab_0             conda-forge
2025-01-27T15:51:49.7941579Z   pcre2                          10.44                h0f59acf_0               conda-forge
2025-01-27T15:51:49.7942048Z   pexpect                        4.9.0                pyhd8ed1ab_0             conda-forge
2025-01-27T15:51:49.7942501Z   pickleshare                    0.7.5                py_1003                  conda-forge
2025-01-27T15:51:49.7943145Z   pillow                         10.3.0               py312hdcec9eb_0          conda-forge
2025-01-27T15:51:49.8007847Z   pip                            24.0                 pyhd8ed1ab_0             conda-forge
2025-01-27T15:51:49.8008588Z   pixman                         0.43.2               h59595ed_0               conda-forge
2025-01-27T15:51:49.8009305Z   pkgutil-resolve-name           1.3.10               pyhd8ed1ab_1             conda-forge
2025-01-27T15:51:49.8010028Z   platformdirs                   4.2.2                pyhd8ed1ab_0             conda-forge
2025-01-27T15:51:49.8010633Z   plotly                         5.22.0               pyhd8ed1ab_0             conda-forge
2025-01-27T15:51:49.8011012Z   pluggy                         1.5.0                pyhd8ed1ab_0             conda-forge
2025-01-27T15:51:49.8011417Z   prometheus_client              0.20.0               pyhd8ed1ab_0             conda-forge
2025-01-27T15:51:49.8011837Z   prompt-toolkit                 3.0.47               pyha770c72_0             conda-forge
2025-01-27T15:51:49.8012255Z   psutil                         5.9.8                py312h98912ed_0          conda-forge
2025-01-27T15:51:49.8012650Z   pthread-stubs                  0.4                  h36c2ea0_1001            conda-forge
2025-01-27T15:51:49.8013044Z   ptyprocess                     0.7.0                pyhd3deb0d_0             conda-forge
2025-01-27T15:51:49.8013406Z   pure_eval                      0.2.2                pyhd8ed1ab_0             conda-forge
2025-01-27T15:51:49.8013763Z   py-cpuinfo                     9.0.0                pyhd8ed1ab_0             conda-forge
2025-01-27T15:51:49.8014117Z   pybtex                         0.24.0               pyhd8ed1ab_2             conda-forge
2025-01-27T15:51:49.8014489Z   pybtex-docutils                1.0.3                py312h7900ff3_1          conda-forge
2025-01-27T15:51:49.8015091Z   pycparser                      2.22                 pyhd8ed1ab_0             conda-forge
2025-01-27T15:51:49.8015525Z   pyerfa                         2.0.1.4              py312h085067d_1          conda-forge
2025-01-27T15:51:49.8015894Z   pygments                       2.18.0               pyhd8ed1ab_0             conda-forge
2025-01-27T15:51:49.8016453Z   pygraphviz                     1.13                 py312h4a1d8a7_1          conda-forge
2025-01-27T15:51:49.8016820Z   pyparsing                      3.1.2                pyhd8ed1ab_0             conda-forge
2025-01-27T15:51:49.8017175Z   pysocks                        1.7.1                pyha2e5f31_6             conda-forge
2025-01-27T15:51:49.8017520Z   pytables                       3.9.2                py312h96d95ec_2          conda-forge
2025-01-27T15:51:49.8017870Z   pytest                         8.2.2                pyhd8ed1ab_0             conda-forge
2025-01-27T15:51:49.8018223Z   pytest-cov                     5.0.0                pyhd8ed1ab_0             conda-forge
2025-01-27T15:51:49.8018620Z   pytest-doctestplus             1.2.1                pyhd8ed1ab_0             conda-forge
2025-01-27T15:51:49.8019013Z   pytest-html                    4.1.1                pyhd8ed1ab_0             conda-forge
2025-01-27T15:51:49.8019396Z   pytest-metadata                3.1.1                pyhd8ed1ab_0             conda-forge
2025-01-27T15:51:49.8019781Z   python                         3.12.4               h194c7f8_0_cpython       conda-forge
2025-01-27T15:51:49.8020152Z   python-dateutil                2.9.0                pyhd8ed1ab_0             conda-forge
2025-01-27T15:51:49.8020575Z   python-fastjsonschema          2.20.0               pyhd8ed1ab_0             conda-forge
2025-01-27T15:51:49.8021009Z   python-json-logger             2.0.7                pyhd8ed1ab_0             conda-forge
2025-01-27T15:51:49.8021411Z   python-tzdata                  2024.1               pyhd8ed1ab_0             conda-forge
2025-01-27T15:51:49.8021785Z   python_abi                     3.12                 4_cp312                  conda-forge
2025-01-27T15:51:49.8022261Z   pytz                           2024.1               pyhd8ed1ab_0             conda-forge
2025-01-27T15:51:49.8022601Z   pyyaml                         6.0.1                py312h98912ed_1          conda-forge
2025-01-27T15:51:49.8022942Z   pyzmq                          26.0.3               py312h8fd38d8_0          conda-forge
2025-01-27T15:51:49.8023279Z   qgrid                          1.3.1                pyhd8ed1ab_4             conda-forge
2025-01-27T15:51:49.8023650Z   radioactivedecay               0.5.1                pyhd8ed1ab_0             conda-forge
2025-01-27T15:51:49.8024044Z   readline                       8.2                  h8228510_1               conda-forge
2025-01-27T15:51:49.8024417Z   recommonmark                   0.7.1                pyhd8ed1ab_0             conda-forge
2025-01-27T15:51:49.8025031Z   referencing                    0.35.1               pyhd8ed1ab_0             conda-forge
2025-01-27T15:51:49.8025439Z   requests                       2.32.3               pyhd8ed1ab_0             conda-forge
2025-01-27T15:51:49.8025836Z   rfc3339-validator              0.1.4                pyhd8ed1ab_0             conda-forge
2025-01-27T15:51:49.8026247Z   rfc3986-validator              0.1.1                pyh9f0ad1d_0             conda-forge
2025-01-27T15:51:49.8026631Z   rpds-py                        0.18.1               py312h4413252_0          conda-forge
2025-01-27T15:51:49.8026986Z   ruff                           0.4.9                py312h5715c7c_0          conda-forge
2025-01-27T15:51:49.8027316Z   scipy                          1.13.1               py312hc2bc53b_0          conda-forge
2025-01-27T15:51:49.8027673Z   send2trash                     1.8.3                pyh0d859eb_0             conda-forge
2025-01-27T15:51:49.8028041Z   setuptools                     70.0.0               pyhd8ed1ab_0             conda-forge
2025-01-27T15:51:49.8028418Z   setuptools-scm                 8.1.0                pyhd8ed1ab_0             conda-forge
2025-01-27T15:51:49.8028804Z   setuptools_scm                 8.1.0                hd8ed1ab_0               conda-forge
2025-01-27T15:51:49.8029150Z   six                            1.16.0               pyh6c4a22f_0             conda-forge
2025-01-27T15:51:49.8029626Z   snakeviz                       2.2.0                pyhd8ed1ab_0             conda-forge
2025-01-27T15:51:49.8029969Z   snappy                         1.2.0                hdb0a2a9_1               conda-forge
2025-01-27T15:51:49.8030316Z   sniffio                        1.3.1                pyhd8ed1ab_0             conda-forge
2025-01-27T15:51:49.8030689Z   snowballstemmer                2.2.0                pyhd8ed1ab_0             conda-forge
2025-01-27T15:51:49.8031066Z   soupsieve                      2.5                  pyhd8ed1ab_1             conda-forge
2025-01-27T15:51:49.8031419Z   sphinx                         7.3.7                pyhd8ed1ab_0             conda-forge
2025-01-27T15:51:49.8031784Z   sphinx-astropy                 1.9.1                pyhd8ed1ab_0             conda-forge
2025-01-27T15:51:49.8032189Z   sphinx-automodapi              0.17.0               pyh717bed2_1             conda-forge
2025-01-27T15:51:49.8032587Z   sphinx-gallery                 0.16.0               pyhd8ed1ab_0             conda-forge
2025-01-27T15:51:49.8032993Z   sphinx-jsonschema              1.19.1               pyhd8ed1ab_0             conda-forge
2025-01-27T15:51:49.8033410Z   sphinx_bootstrap_theme         0.8.1                pyhd8ed1ab_0             conda-forge
2025-01-27T15:51:49.8033812Z   sphinx_rtd_theme               2.0.0                pyha770c72_0             conda-forge
2025-01-27T15:51:49.8034235Z   sphinxcontrib-apidoc           0.3.0                py_1                     conda-forge
2025-01-27T15:51:49.8034684Z   sphinxcontrib-applehelp        1.0.8                pyhd8ed1ab_0             conda-forge
2025-01-27T15:51:49.8035345Z   sphinxcontrib-bibtex           2.6.2                pyhd8ed1ab_0             conda-forge
2025-01-27T15:51:49.8035930Z   sphinxcontrib-devhelp          1.0.6                pyhd8ed1ab_0             conda-forge
2025-01-27T15:51:49.8036376Z   sphinxcontrib-htmlhelp         2.0.5                pyhd8ed1ab_0             conda-forge
2025-01-27T15:51:49.8036824Z   sphinxcontrib-jquery           4.1                  pyhd8ed1ab_0             conda-forge
2025-01-27T15:51:49.8037252Z   sphinxcontrib-jsmath           1.0.1                pyhd8ed1ab_0             conda-forge
2025-01-27T15:51:49.8037686Z   sphinxcontrib-qthelp           1.0.7                pyhd8ed1ab_0             conda-forge
2025-01-27T15:51:49.8038164Z   sphinxcontrib-serializinghtml  1.1.10               pyhd8ed1ab_0             conda-forge
2025-01-27T15:51:49.8038606Z   stack_data                     0.6.2                pyhd8ed1ab_0             conda-forge
2025-01-27T15:51:49.8038961Z   sympy                          1.12.1               pypyh2585a3b_103         conda-forge
2025-01-27T15:51:49.8039307Z   tabulate                       0.9.0                pyhd8ed1ab_1             conda-forge
2025-01-27T15:51:49.8039673Z   tenacity                       8.4.1                pyhd8ed1ab_0             conda-forge
2025-01-27T15:51:49.8040028Z   terminado                      0.18.1               pyh0d859eb_0             conda-forge
2025-01-27T15:51:49.8040391Z   tinycss2                       1.3.0                pyhd8ed1ab_0             conda-forge
2025-01-27T15:51:49.8040731Z   tk                             8.6.13               noxft_h4845f30_101       conda-forge
2025-01-27T15:51:49.8041051Z   toml                           0.10.2               pyhd8ed1ab_0             conda-forge
2025-01-27T15:51:49.8041390Z   tomli                          2.0.1                pyhd8ed1ab_0             conda-forge
2025-01-27T15:51:49.8041729Z   tornado                        6.4.1                py312h9a8786e_0          conda-forge
2025-01-27T15:51:49.8042071Z   tqdm                           4.66.4               pyhd8ed1ab_0             conda-forge
2025-01-27T15:51:49.8042443Z   traitlets                      5.14.3               pyhd8ed1ab_0             conda-forge
2025-01-27T15:51:49.8042821Z   typed-ast                      1.5.5                py312h98912ed_1          conda-forge
2025-01-27T15:51:49.8043361Z   types-python-dateutil          2.9.0.20240316       pyhd8ed1ab_0             conda-forge
2025-01-27T15:51:49.8043801Z   typing-extensions              4.12.2               hd8ed1ab_0               conda-forge
2025-01-27T15:51:49.8044210Z   typing_extensions              4.12.2               pyha770c72_0             conda-forge
2025-01-27T15:51:49.8044596Z   typing_utils                   0.1.0                pyhd8ed1ab_0             conda-forge
2025-01-27T15:51:49.8045264Z   tzdata                         2024a                h0c530f3_0               conda-forge
2025-01-27T15:51:49.8045642Z   uri-template                   1.3.0                pyhd8ed1ab_0             conda-forge
2025-01-27T15:51:49.8046007Z   urllib3                        2.2.2                pyhd8ed1ab_0             conda-forge
2025-01-27T15:51:49.8046363Z   wcwidth                        0.2.13               pyhd8ed1ab_0             conda-forge
2025-01-27T15:51:49.8046719Z   webcolors                      24.6.0               pyhd8ed1ab_0             conda-forge
2025-01-27T15:51:49.8047116Z   webencodings                   0.5.1                pyhd8ed1ab_2             conda-forge
2025-01-27T15:51:49.8047510Z   websocket-client               1.8.0                pyhd8ed1ab_0             conda-forge
2025-01-27T15:51:49.8047892Z   wheel                          0.43.0               pyhd8ed1ab_1             conda-forge
2025-01-27T15:51:49.8048294Z   widgetsnbextension             3.6.6                pyhd8ed1ab_0             conda-forge
2025-01-27T15:51:49.8048698Z   xorg-kbproto                   1.0.7                h7f98852_1002            conda-forge
2025-01-27T15:51:49.8049069Z   xorg-libice                    1.1.1                hd590300_0               conda-forge
2025-01-27T15:51:49.8049552Z   xorg-libsm                     1.2.4                h7391055_0               conda-forge
2025-01-27T15:51:49.8049909Z   xorg-libx11                    1.8.9                h8ee46fc_0               conda-forge
2025-01-27T15:51:49.8050276Z   xorg-libxau                    1.0.11               hd590300_0               conda-forge
2025-01-27T15:51:49.8050661Z   xorg-libxdmcp                  1.1.3                h7f98852_0               conda-forge
2025-01-27T15:51:49.8051049Z   xorg-libxext                   1.3.4                h0b41bf4_2               conda-forge
2025-01-27T15:51:49.8051437Z   xorg-libxrender                0.9.11               hd590300_0               conda-forge
2025-01-27T15:51:49.8051835Z   xorg-renderproto               0.11.1               h7f98852_1002            conda-forge
2025-01-27T15:51:49.8052229Z   xorg-xextproto                 7.3.0                h0b41bf4_1003            conda-forge
2025-01-27T15:51:49.8052605Z   xorg-xproto                    7.0.31               h7f98852_1007            conda-forge
2025-01-27T15:51:49.8052946Z   xz                             5.2.6                h166bdaf_0               conda-forge
2025-01-27T15:51:49.8053261Z   yaml                           0.2.5                h7f98852_2               conda-forge
2025-01-27T15:51:49.8053594Z   zeromq                         4.3.5                h75354e8_4               conda-forge
2025-01-27T15:51:49.8053935Z   zipp                           3.19.2               pyhd8ed1ab_0             conda-forge
2025-01-27T15:51:49.8054269Z   zlib                           1.3.1                h4ab18f5_1               conda-forge
2025-01-27T15:51:49.8054600Z   zlib-ng                        2.0.7                h0b41bf4_0               conda-forge
2025-01-27T15:51:49.8055127Z   zstd                           1.5.6                ha6fb4c9_0               conda-forge
2025-01-27T15:51:49.8055646Z ##[endgroup]
