2025-02-23T16:37:58.4475170Z Prepare all required actions
2025-02-23T16:37:58.4475990Z Getting action download info
2025-02-23T16:37:58.5866350Z ##[group]Download immutable action package 'actions/cache@v4'
2025-02-23T16:37:58.5867090Z Version: 4.2.1
2025-02-23T16:37:58.5867770Z Digest: sha256:b0404c9628d43aa6855629075b28f32cadf8efc5c26198438149f78500112940
2025-02-23T16:37:58.5868720Z Source commit SHA: 0c907a75c2c80ebcb7f088228285e798b750cf8f
2025-02-23T16:37:58.5869370Z ##[endgroup]
2025-02-23T16:37:59.1077000Z ##[group]Run ./.github/actions/setup_lfs
2025-02-23T16:37:59.1077720Z with:
2025-02-23T16:37:59.1078340Z   regression-data-repo: tardis-sn/tardis-regression-data
2025-02-23T16:37:59.1079030Z   atom-data-sparse: false
2025-02-23T16:37:59.1079590Z env:
2025-02-23T16:37:59.1080090Z   CACHE_NUMBER: 0
2025-02-23T16:37:59.1081060Z   PYTEST_FLAGS: --tardis-regression-data=/Users/runner/work/tardis/tardis/tardis-regression-data --cov=tardis --cov-report=xml --cov-report=html --cov-append
2025-02-23T16:37:59.1082080Z   CODECOV_TOKEN: 
2025-02-23T16:37:59.1082640Z ##[endgroup]
2025-02-23T16:37:59.1218680Z ##[group]Run actions/checkout@v4
2025-02-23T16:37:59.1219300Z with:
2025-02-23T16:37:59.1219830Z   repository: tardis-sn/tardis-regression-data
2025-02-23T16:37:59.1220430Z   path: tardis-regression-data
2025-02-23T16:37:59.1220970Z   lfs: false
2025-02-23T16:37:59.1221570Z   token: ***
2025-02-23T16:37:59.1222180Z   ssh-strict: true
2025-02-23T16:37:59.1222670Z   ssh-user: git
2025-02-23T16:37:59.1223180Z   persist-credentials: true
2025-02-23T16:37:59.1223710Z   clean: true
2025-02-23T16:37:59.1224220Z   sparse-checkout-cone-mode: true
2025-02-23T16:37:59.1224780Z   fetch-depth: 1
2025-02-23T16:37:59.1225300Z   fetch-tags: false
2025-02-23T16:37:59.1225800Z   show-progress: true
2025-02-23T16:37:59.1226320Z   submodules: false
2025-02-23T16:37:59.1226830Z   set-safe-directory: true
2025-02-23T16:37:59.1227360Z env:
2025-02-23T16:37:59.1227830Z   CACHE_NUMBER: 0
2025-02-23T16:37:59.1228740Z   PYTEST_FLAGS: --tardis-regression-data=/Users/runner/work/tardis/tardis/tardis-regression-data --cov=tardis --cov-report=xml --cov-report=html --cov-append
2025-02-23T16:37:59.1229730Z   CODECOV_TOKEN: 
2025-02-23T16:37:59.1230240Z ##[endgroup]
2025-02-23T16:37:59.2418700Z Syncing repository: tardis-sn/tardis-regression-data
2025-02-23T16:37:59.2424250Z ##[group]Getting Git version info
2025-02-23T16:37:59.2425230Z Working directory is '/Users/runner/work/tardis/tardis/tardis-regression-data'
2025-02-23T16:37:59.2465180Z [command]/opt/homebrew/bin/git version
2025-02-23T16:37:59.2513250Z git version 2.48.1
2025-02-23T16:37:59.2528300Z ##[endgroup]
2025-02-23T16:37:59.2535200Z Copying '/Users/runner/.gitconfig' to '/Users/runner/work/_temp/23b1ef7e-9bfa-4f19-9584-8a925d15cb6d/.gitconfig'
2025-02-23T16:37:59.2542140Z Temporarily overriding HOME='/Users/runner/work/_temp/23b1ef7e-9bfa-4f19-9584-8a925d15cb6d' before making global git config changes
2025-02-23T16:37:59.2543270Z Adding repository directory to the temporary git global config as a safe directory
2025-02-23T16:37:59.2545340Z [command]/opt/homebrew/bin/git config --global --add safe.directory /Users/runner/work/tardis/tardis/tardis-regression-data
2025-02-23T16:37:59.2597670Z ##[group]Initializing the repository
2025-02-23T16:37:59.2600180Z [command]/opt/homebrew/bin/git init /Users/runner/work/tardis/tardis/tardis-regression-data
2025-02-23T16:37:59.2680430Z hint: Using 'master' as the name for the initial branch. This default branch name
2025-02-23T16:37:59.2682010Z hint: is subject to change. To configure the initial branch name to use in all
2025-02-23T16:37:59.2683260Z hint: of your new repositories, which will suppress this warning, call:
2025-02-23T16:37:59.2684350Z hint:
2025-02-23T16:37:59.2685280Z hint: 	git config --global init.defaultBranch <name>
2025-02-23T16:37:59.2686260Z hint:
2025-02-23T16:37:59.2687090Z hint: Names commonly chosen instead of 'master' are 'main', 'trunk' and
2025-02-23T16:37:59.2687990Z hint: 'development'. The just-created branch can be renamed via this command:
2025-02-23T16:37:59.2689270Z hint:
2025-02-23T16:37:59.2689870Z hint: 	git branch -m <name>
2025-02-23T16:37:59.2704220Z Initialized empty Git repository in /Users/runner/work/tardis/tardis/tardis-regression-data/.git/
2025-02-23T16:37:59.2706540Z [command]/opt/homebrew/bin/git remote add origin https://github.com/tardis-sn/tardis-regression-data
2025-02-23T16:37:59.2741980Z ##[endgroup]
2025-02-23T16:37:59.2742930Z ##[group]Disabling automatic garbage collection
2025-02-23T16:37:59.2743820Z [command]/opt/homebrew/bin/git config --local gc.auto 0
2025-02-23T16:37:59.2791700Z ##[endgroup]
2025-02-23T16:37:59.2792650Z ##[group]Setting up auth
2025-02-23T16:37:59.2795210Z [command]/opt/homebrew/bin/git config --local --name-only --get-regexp core\.sshCommand
2025-02-23T16:37:59.2841610Z [command]/opt/homebrew/bin/git submodule foreach --recursive sh -c "git config --local --name-only --get-regexp 'core\.sshCommand' && git config --local --unset-all 'core.sshCommand' || :"
2025-02-23T16:37:59.3422050Z [command]/opt/homebrew/bin/git config --local --name-only --get-regexp http\.https\:\/\/github\.com\/\.extraheader
2025-02-23T16:37:59.3465530Z [command]/opt/homebrew/bin/git submodule foreach --recursive sh -c "git config --local --name-only --get-regexp 'http\.https\:\/\/github\.com\/\.extraheader' && git config --local --unset-all 'http.https://github.com/.extraheader' || :"
2025-02-23T16:37:59.4071820Z [command]/opt/homebrew/bin/git config --local http.https://github.com/.extraheader AUTHORIZATION: basic ***
2025-02-23T16:37:59.4123360Z ##[endgroup]
2025-02-23T16:37:59.4124580Z ##[group]Determining the default branch
2025-02-23T16:37:59.4125370Z Retrieving the default branch name
2025-02-23T16:37:59.8816570Z Default branch 'main'
2025-02-23T16:37:59.8922150Z ##[endgroup]
2025-02-23T16:37:59.9025360Z ##[group]Fetching the repository
2025-02-23T16:37:59.9130960Z [command]/opt/homebrew/bin/git -c protocol.version=2 fetch --no-tags --prune --no-recurse-submodules --depth=1 origin +refs/heads/main:refs/remotes/origin/main
2025-02-23T16:38:00.8508270Z From https://github.com/tardis-sn/tardis-regression-data
2025-02-23T16:38:00.8613710Z  * [new branch]      main       -> origin/main
2025-02-23T16:38:00.8942170Z ##[endgroup]
2025-02-23T16:38:00.9042850Z ##[group]Determining the checkout info
2025-02-23T16:38:00.9050010Z ##[endgroup]
2025-02-23T16:38:00.9161430Z [command]/opt/homebrew/bin/git sparse-checkout disable
2025-02-23T16:38:00.9344790Z [command]/opt/homebrew/bin/git config --local --unset-all extensions.worktreeConfig
2025-02-23T16:38:00.9429020Z ##[group]Checking out the ref
2025-02-23T16:38:00.9447230Z [command]/opt/homebrew/bin/git checkout --progress --force -B main refs/remotes/origin/main
2025-02-23T16:38:01.2339360Z Switched to a new branch 'main'
2025-02-23T16:38:01.2467050Z branch 'main' set up to track 'origin/main'.
2025-02-23T16:38:01.5195560Z ##[endgroup]
2025-02-23T16:38:01.5323070Z [command]/opt/homebrew/bin/git log -1 --format=%H
2025-02-23T16:38:01.5345200Z 84e768462f20f09fbccc05625cdcc1d8ffbe404c
2025-02-23T16:38:01.5421450Z ##[group]Run if [ "false" == "true" ]; then
2025-02-23T16:38:01.5421940Z [36;1mif [ "false" == "true" ]; then[0m
2025-02-23T16:38:01.5422190Z [36;1m  echo "Using atom data sparse checkout"[0m
2025-02-23T16:38:01.5422530Z [36;1m  echo "atom_data/kurucz_cd23_chianti_H_He.h5" > .lfs-files-list[0m
2025-02-23T16:38:01.5422800Z [36;1melse[0m
2025-02-23T16:38:01.5423000Z [36;1m  echo "Using full repository checkout"[0m
2025-02-23T16:38:01.5423320Z [36;1m  git lfs ls-files -l | cut -d' ' -f1 | sort > .lfs-files-list[0m
2025-02-23T16:38:01.5423620Z [36;1mfi[0m
2025-02-23T16:38:01.5597210Z shell: /bin/bash --noprofile --norc -e -o pipefail {0}
2025-02-23T16:38:01.5599990Z env:
2025-02-23T16:38:01.5600180Z   CACHE_NUMBER: 0
2025-02-23T16:38:01.5600700Z   PYTEST_FLAGS: --tardis-regression-data=/Users/runner/work/tardis/tardis/tardis-regression-data --cov=tardis --cov-report=xml --cov-report=html --cov-append
2025-02-23T16:38:01.5601220Z   CODECOV_TOKEN: 
2025-02-23T16:38:01.5601400Z ##[endgroup]
2025-02-23T16:38:01.6088290Z Using full repository checkout
2025-02-23T16:38:01.8721600Z ##[group]Run actions/cache/restore@v4
2025-02-23T16:38:01.8722130Z with:
2025-02-23T16:38:01.8722300Z   path: tardis-regression-data/.git/lfs
2025-02-23T16:38:01.8722840Z   key: tardis-regression-full-data-c8ff2bbb6048b3f24d3f52a1e85b013ad47e52c369a6ce4cfdeff528b659b86f-tardis-sn/tardis-regression-data-v1
2025-02-23T16:38:01.8723370Z   fail-on-cache-miss: true
2025-02-23T16:38:01.8723560Z   enableCrossOsArchive: false
2025-02-23T16:38:01.8723760Z   lookup-only: false
2025-02-23T16:38:01.8723910Z env:
2025-02-23T16:38:01.8724040Z   CACHE_NUMBER: 0
2025-02-23T16:38:01.8724560Z   PYTEST_FLAGS: --tardis-regression-data=/Users/runner/work/tardis/tardis/tardis-regression-data --cov=tardis --cov-report=xml --cov-report=html --cov-append
2025-02-23T16:38:01.8725090Z   CODECOV_TOKEN: 
2025-02-23T16:38:01.8725260Z ##[endgroup]
2025-02-23T16:38:02.1766490Z Cache hit for: tardis-regression-full-data-c8ff2bbb6048b3f24d3f52a1e85b013ad47e52c369a6ce4cfdeff528b659b86f-tardis-sn/tardis-regression-data-v1
2025-02-23T16:38:03.4387230Z Received 29360128 of 2161656325 (1.4%), 27.9 MBs/sec
2025-02-23T16:38:04.4307110Z Received 121634816 of 2161656325 (5.6%), 57.9 MBs/sec
2025-02-23T16:38:05.4311220Z Received 192937984 of 2161656325 (8.9%), 61.2 MBs/sec
2025-02-23T16:38:06.4339380Z Received 264241152 of 2161656325 (12.2%), 62.9 MBs/sec
2025-02-23T16:38:07.4360390Z Received 322961408 of 2161656325 (14.9%), 61.5 MBs/sec
2025-02-23T16:38:08.4408970Z Received 432013312 of 2161656325 (20.0%), 68.5 MBs/sec
2025-02-23T16:38:09.4573180Z Received 536870912 of 2161656325 (24.8%), 72.8 MBs/sec
2025-02-23T16:38:10.4582250Z Received 633339904 of 2161656325 (29.3%), 75.2 MBs/sec
2025-02-23T16:38:11.4587890Z Received 754974720 of 2161656325 (34.9%), 79.7 MBs/sec
2025-02-23T16:38:12.4608560Z Received 830472192 of 2161656325 (38.4%), 78.9 MBs/sec
2025-02-23T16:38:13.4634580Z Received 931135488 of 2161656325 (43.1%), 80.4 MBs/sec
2025-02-23T16:38:14.4644270Z Received 947912704 of 2161656325 (43.9%), 75.1 MBs/sec
2025-02-23T16:38:15.4685520Z Received 1056964608 of 2161656325 (48.9%), 77.3 MBs/sec
2025-02-23T16:38:16.4694870Z Received 1128267776 of 2161656325 (52.2%), 76.6 MBs/sec
2025-02-23T16:38:17.4946520Z Received 1207959552 of 2161656325 (55.9%), 76.4 MBs/sec
2025-02-23T16:38:18.4948750Z Received 1291845632 of 2161656325 (59.8%), 76.7 MBs/sec
2025-02-23T16:38:19.5024250Z Received 1367343104 of 2161656325 (63.3%), 76.4 MBs/sec
2025-02-23T16:38:20.5448390Z Received 1476395008 of 2161656325 (68.3%), 77.7 MBs/sec
2025-02-23T16:38:21.5455040Z Received 1577058304 of 2161656325 (73.0%), 78.7 MBs/sec
2025-02-23T16:38:22.5502290Z Received 1635778560 of 2161656325 (75.7%), 77.5 MBs/sec
2025-02-23T16:38:23.5564840Z Received 1744830464 of 2161656325 (80.7%), 78.7 MBs/sec
2025-02-23T16:38:24.5556380Z Received 1824522240 of 2161656325 (84.4%), 78.6 MBs/sec
2025-02-23T16:38:25.5603900Z Received 1887436800 of 2161656325 (87.3%), 77.8 MBs/sec
2025-02-23T16:38:26.5609830Z Received 2009071616 of 2161656325 (92.9%), 79.4 MBs/sec
2025-02-23T16:38:27.5644660Z Received 2092957696 of 2161656325 (96.8%), 79.4 MBs/sec
2025-02-23T16:38:28.5647300Z Received 2153267717 of 2161656325 (99.6%), 78.6 MBs/sec
2025-02-23T16:38:28.7403380Z Received 2161656325 of 2161656325 (100.0%), 78.3 MBs/sec
2025-02-23T16:38:28.7722700Z Cache Size: ~2062 MB (2161656325 B)
2025-02-23T16:38:28.7909700Z [command]/opt/homebrew/bin/gtar -xf /Users/runner/work/_temp/bd7848c4-cc07-4112-8c14-7a5aabf0bfa5/cache.tzst -P -C /Users/runner/work/tardis/tardis --delay-directory-restore --use-compress-program unzstd
2025-02-23T16:38:39.9244060Z Cache restored successfully
2025-02-23T16:38:40.1110630Z Cache restored from key: tardis-regression-full-data-c8ff2bbb6048b3f24d3f52a1e85b013ad47e52c369a6ce4cfdeff528b659b86f-tardis-sn/tardis-regression-data-v1
2025-02-23T16:38:40.1322520Z ##[group]Run git lfs checkout
2025-02-23T16:38:40.1322860Z [36;1mgit lfs checkout[0m
2025-02-23T16:38:40.1453390Z shell: /bin/bash --noprofile --norc -e -o pipefail {0}
2025-02-23T16:38:40.1460930Z env:
2025-02-23T16:38:40.1461240Z   CACHE_NUMBER: 0
2025-02-23T16:38:40.1461800Z   PYTEST_FLAGS: --tardis-regression-data=/Users/runner/work/tardis/tardis/tardis-regression-data --cov=tardis --cov-report=xml --cov-report=html --cov-append
2025-02-23T16:38:40.1462380Z   CODECOV_TOKEN: 
2025-02-23T16:38:40.1462670Z ##[endgroup]
2025-02-23T16:38:52.2218440Z Checking out LFS objects: 100% (204/204), 5.7 GB | 390 MB/s, done.
