2025-02-21T13:24:45.1503050Z Prepare all required actions
2025-02-21T13:24:45.1503780Z Getting action download info
2025-02-21T13:24:45.2779190Z Download action repository 'mamba-org/setup-micromamba@v1' (SHA:4b9113af4fba0e9e1124b252dd6497a419e7396d)
2025-02-21T13:24:46.6519680Z ##[group]Run ./.github/actions/setup_env
2025-02-21T13:24:46.6519980Z with:
2025-02-21T13:24:46.6520230Z   os-label: osx-arm64
2025-02-21T13:24:46.6520460Z env:
2025-02-21T13:24:46.6520670Z   CACHE_NUMBER: 0
2025-02-21T13:24:46.6521170Z   PYTEST_FLAGS: --tardis-regression-data=/Users/runner/work/tardis/tardis/tardis-regression-data --cov=tardis --cov-report=xml --cov-report=html --cov-append
2025-02-21T13:24:46.6521730Z   CODECOV_TOKEN: 
2025-02-21T13:24:46.6522020Z ##[endgroup]
2025-02-21T13:24:46.6545140Z ##[group]Run file_hash=$(cat conda-osx-arm64.lock | shasum -a 256 | cut -d' ' -f1)
2025-02-21T13:24:46.6545810Z [36;1mfile_hash=$(cat conda-osx-arm64.lock | shasum -a 256 | cut -d' ' -f1)[0m
2025-02-21T13:24:46.6546490Z [36;1mecho "file_hash=tardis-conda-env-osx-arm64-${file_hash}-v1" >> "${GITHUB_OUTPUT}"[0m
2025-02-21T13:24:46.6606320Z shell: /bin/bash --noprofile --norc -e -o pipefail {0}
2025-02-21T13:24:46.6607090Z env:
2025-02-21T13:24:46.6607470Z   CACHE_NUMBER: 0
2025-02-21T13:24:46.6608780Z   PYTEST_FLAGS: --tardis-regression-data=/Users/runner/work/tardis/tardis/tardis-regression-data --cov=tardis --cov-report=xml --cov-report=html --cov-append
2025-02-21T13:24:46.6610180Z   CODECOV_TOKEN: 
2025-02-21T13:24:46.6610600Z ##[endgroup]
2025-02-21T13:24:46.7634100Z ##[group]Run mamba-org/setup-micromamba@v1
2025-02-21T13:24:46.7634490Z with:
2025-02-21T13:24:46.7634690Z   environment-file: conda-osx-arm64.lock
2025-02-21T13:24:46.7635190Z   cache-environment-key: tardis-conda-env-osx-arm64-bf0d0a4d4c847cca72476c6c68c493d56c484aada7e80de0e42c7607fcef5824-v1
2025-02-21T13:24:46.7635910Z   cache-downloads-key: tardis-conda-env-osx-arm64-bf0d0a4d4c847cca72476c6c68c493d56c484aada7e80de0e42c7607fcef5824-v1
2025-02-21T13:24:46.7636400Z   environment-name: tardis
2025-02-21T13:24:46.7636600Z   cache-environment: true
2025-02-21T13:24:46.7636780Z   cache-downloads: true
2025-02-21T13:24:46.7636970Z env:
2025-02-21T13:24:46.7637100Z   CACHE_NUMBER: 0
2025-02-21T13:24:46.7637630Z   PYTEST_FLAGS: --tardis-regression-data=/Users/runner/work/tardis/tardis/tardis-regression-data --cov=tardis --cov-report=xml --cov-report=html --cov-append
2025-02-21T13:24:46.7638140Z   CODECOV_TOKEN: 
2025-02-21T13:24:46.7638290Z ##[endgroup]
2025-02-21T13:24:47.0861060Z Will download micromamba to /Users/runner/micromamba-bin/micromamba
2025-02-21T13:24:47.0870070Z ##[group]Install micromamba
2025-02-21T13:24:47.6778670Z micromamba installed to /Users/runner/micromamba-bin/micromamba
2025-02-21T13:24:47.6780230Z ##[endgroup]
2025-02-21T13:24:47.6781450Z Adding conda-forge to condarc channels ...
2025-02-21T13:24:47.6795820Z ##[group]Initialize micromamba for bash.
2025-02-21T13:24:47.6809390Z [command]/Users/runner/micromamba-bin/micromamba shell init -s bash -r /Users/runner/micromamba --log-level warning --rc-file /Users/runner/work/_temp/setup-micromamba/.condarc
2025-02-21T13:24:47.7115570Z Modifying RC file "/Users/runner/.bash_profile"
2025-02-21T13:24:47.7118880Z Generating config for root prefix [1m"/Users/runner/micromamba"[0m
2025-02-21T13:24:47.7122000Z Setting mamba executable to: [1m"/Users/runner/micromamba-bin/micromamba"[0m
2025-02-21T13:24:47.7122500Z Adding (or replacing) the following in your "/Users/runner/.bash_profile" file
2025-02-21T13:24:47.7122820Z 
2025-02-21T13:24:47.7122950Z # >>> mamba initialize >>>
2025-02-21T13:24:47.7123320Z # !! Contents within this block are managed by 'mamba init' !!
2025-02-21T13:24:47.7127050Z export MAMBA_EXE='/Users/runner/micromamba-bin/micromamba';
2025-02-21T13:24:47.7128250Z export MAMBA_ROOT_PREFIX='/Users/runner/micromamba';
2025-02-21T13:24:47.7128900Z __mamba_setup="$("$MAMBA_EXE" shell hook --shell bash --root-prefix "$MAMBA_ROOT_PREFIX" 2> /dev/null)"
2025-02-21T13:24:47.7148090Z if [ $? -eq 0 ]; then
2025-02-21T13:24:47.7150780Z     eval "$__mamba_setup"
2025-02-21T13:24:47.7151360Z else
2025-02-21T13:24:47.7152010Z     alias micromamba="$MAMBA_EXE"  # Fallback on help from mamba activate
2025-02-21T13:24:47.7152750Z fi
2025-02-21T13:24:47.7153140Z unset __mamba_setup
2025-02-21T13:24:47.7153560Z # <<< mamba initialize <<<
2025-02-21T13:24:47.7153870Z 
2025-02-21T13:24:47.7154540Z ##[endgroup]
2025-02-21T13:24:47.7155690Z ##[group]Restoring downloads from `/Users/runner/micromamba/pkgs` ...
2025-02-21T13:24:48.8401850Z Received 121634816 of 310594474 (39.2%), 114.4 MBs/sec
2025-02-21T13:24:49.8477470Z Received 268435456 of 310594474 (86.4%), 125.9 MBs/sec
2025-02-21T13:24:50.1777760Z Cache Size: ~296 MB (310594474 B)
2025-02-21T13:24:50.1925190Z [command]/opt/homebrew/bin/gtar -xf /Users/runner/work/_temp/724ff998-eeac-42e8-b1f0-84dbb1d338e4/cache.tzst -P -C /Users/runner/work/tardis/tardis --delay-directory-restore --use-compress-program unzstd
2025-02-21T13:24:50.8511810Z Received 310594474 of 310594474 (100.0%), 97.6 MBs/sec
2025-02-21T13:24:52.2406720Z Cache restored successfully
2025-02-21T13:24:52.2469600Z Restored cache with key `tardis-conda-env-osx-arm64-bf0d0a4d4c847cca72476c6c68c493d56c484aada7e80de0e42c7607fcef5824-v1-osx-arm64`
2025-02-21T13:24:52.2473920Z ##[endgroup]
2025-02-21T13:24:52.2730290Z ##[group]Restoring environment `tardis` from `/Users/runner/micromamba/envs/tardis` ...
2025-02-21T13:24:53.3433490Z Received 83886080 of 385513979 (21.8%), 78.7 MBs/sec
2025-02-21T13:24:54.3466240Z Received 213909504 of 385513979 (55.5%), 101.0 MBs/sec
2025-02-21T13:24:55.3571560Z Received 343932928 of 385513979 (89.2%), 108.6 MBs/sec
2025-02-21T13:24:55.5975380Z Cache Size: ~368 MB (385513979 B)
2025-02-21T13:24:55.6079410Z [command]/opt/homebrew/bin/gtar -xf /Users/runner/work/_temp/01781995-385c-4de1-8a5f-760e4ddc35dc/cache.tzst -P -C /Users/runner/work/tardis/tardis --delay-directory-restore --use-compress-program unzstd
2025-02-21T13:24:56.3542970Z Received 385513979 of 385513979 (100.0%), 91.3 MBs/sec
2025-02-21T13:25:13.1733500Z Cache restored successfully
2025-02-21T13:25:13.1799010Z Restored cache with key `tardis-conda-env-osx-arm64-bf0d0a4d4c847cca72476c6c68c493d56c484aada7e80de0e42c7607fcef5824-v1-osx-arm64-tardis-args-4f53cda-root-873f6fe-bin-[object Promise]-file-bf0d0a4d4c847cca72476c6c68c493d56c484aada7e80de0e42c7607fcef5824`
2025-02-21T13:25:13.1822520Z ##[endgroup]
2025-02-21T13:25:13.1822970Z Adding environment tardis to auto-activate bash ...
2025-02-21T13:25:13.1891350Z Generating micromamba run shell.
2025-02-21T13:25:13.1983710Z ##[endgroup]
2025-02-21T13:25:13.1986170Z Set environment variables.
2025-02-21T13:25:13.2010580Z ##[group]micromamba info
2025-02-21T13:25:13.2018750Z [command]/Users/runner/micromamba-bin/micromamba info -r /Users/runner/micromamba -n tardis
2025-02-21T13:25:13.6706220Z 
2025-02-21T13:25:13.6709690Z        libmamba version : 1.5.10
2025-02-21T13:25:13.6711960Z      micromamba version : 1.5.10
2025-02-21T13:25:13.6713700Z            curl version : libcurl/8.10.1 (OpenSSL/3.3.2) SecureTransport zlib/1.3.1 zstd/1.5.6 libssh2/1.11.0 nghttp2/1.58.0
2025-02-21T13:25:13.6716280Z      libarchive version : libarchive 3.7.4 zlib/1.2.13 bz2lib/1.0.8 libzstd/1.5.6
2025-02-21T13:25:13.6717490Z        envs directories : /Users/runner/micromamba/envs
2025-02-21T13:25:13.6718880Z           package cache : /Users/runner/micromamba/pkgs
2025-02-21T13:25:13.6719520Z                           /Users/runner/.mamba/pkgs
2025-02-21T13:25:13.6719870Z             environment : tardis
2025-02-21T13:25:13.6720230Z            env location : /Users/runner/micromamba/envs/tardis
2025-02-21T13:25:13.6720860Z       user config files : /Users/runner/.mambarc
2025-02-21T13:25:13.6721290Z  populated config files : /Users/runner/work/_temp/setup-micromamba/.condarc
2025-02-21T13:25:13.6721840Z        virtual packages : __unix=0=0
2025-02-21T13:25:13.6722130Z                           __osx=14.7.2=0
2025-02-21T13:25:13.6731330Z                           __archspec=1=arm64
2025-02-21T13:25:13.6731770Z                channels : https://conda.anaconda.org/conda-forge/osx-arm64
2025-02-21T13:25:13.6740790Z                           https://conda.anaconda.org/conda-forge/noarch
2025-02-21T13:25:13.6741170Z        base environment : /Users/runner/micromamba
2025-02-21T13:25:13.6741560Z                platform : osx-arm64
2025-02-21T13:25:13.6742210Z ##[endgroup]
2025-02-21T13:25:13.6742640Z ##[group]micromamba list
2025-02-21T13:25:13.6743280Z [command]/Users/runner/micromamba-bin/micromamba list -r /Users/runner/micromamba -n tardis
2025-02-21T13:25:14.0566000Z List of packages in environment: "/Users/runner/micromamba/envs/tardis"
2025-02-21T13:25:14.0566410Z 
2025-02-21T13:25:14.0566900Z   Name                           Version              Build                    Channel    
2025-02-21T13:25:14.0568960Z â”€â”€â”€â”€â”€â”€â”€â”€â”€â”€â”€â”€â”€â”€â”€â”€â”€â”€â”€â”€â”€â”€â”€â”€â”€â”€â”€â”€â”€â”€â”€â”€â”€â”€â”€â”€â”€â”€â”€â”€â”€â”€â”€â”€â”€â”€â”€â”€â”€â”€â”€â”€â”€â”€â”€â”€â”€â”€â”€â”€â”€â”€â”€â”€â”€â”€â”€â”€â”€â”€â”€â”€â”€â”€â”€â”€â”€â”€â”€â”€â”€â”€â”€â”€â”€â”€â”€â”€â”€â”€â”€â”€
2025-02-21T13:25:14.0569680Z   alabaster                      0.7.16               pyhd8ed1ab_0             conda-forge
2025-02-21T13:25:14.0570070Z   anyio                          4.4.0                pyhd8ed1ab_0             conda-forge
2025-02-21T13:25:14.0570470Z   appnope                        0.1.4                pyhd8ed1ab_0             conda-forge
2025-02-21T13:25:14.0570910Z   argon2-cffi                    23.1.0               pyhd8ed1ab_0             conda-forge
2025-02-21T13:25:14.0571370Z   argon2-cffi-bindings           21.2.0               py312h02f2b3b_4          conda-forge
2025-02-21T13:25:14.0571930Z   arrow                          1.3.0                pyhd8ed1ab_0             conda-forge
2025-02-21T13:25:14.0573650Z   astropy                        6.1.1                py312hbebd99a_0          conda-forge
2025-02-21T13:25:14.0574230Z   astropy-iers-data              0.2024.6.17.0.31.35  pyhd8ed1ab_0             conda-forge
2025-02-21T13:25:14.0575170Z   astropy-sphinx-theme           1.1                  pyhd8ed1ab_0             conda-forge
2025-02-21T13:25:14.0575780Z   asttokens                      2.4.1                pyhd8ed1ab_0             conda-forge
2025-02-21T13:25:14.0576310Z   async-lru                      2.0.4                pyhd8ed1ab_0             conda-forge
2025-02-21T13:25:14.0576720Z   atk-1.0                        2.38.0               hd03087b_2               conda-forge
2025-02-21T13:25:14.0577250Z   attrs                          23.2.0               pyh71513ae_0             conda-forge
2025-02-21T13:25:14.0577670Z   babel                          2.14.0               pyhd8ed1ab_0             conda-forge
2025-02-21T13:25:14.0578050Z   beautifulsoup4                 4.12.3               pyha770c72_0             conda-forge
2025-02-21T13:25:14.0578510Z   bleach                         6.1.0                pyhd8ed1ab_0             conda-forge
2025-02-21T13:25:14.0578900Z   blosc                          1.21.5               h9c252e8_1               conda-forge
2025-02-21T13:25:14.0610800Z   brotli                         1.1.0                hb547adb_1               conda-forge
2025-02-21T13:25:14.0611300Z   brotli-bin                     1.1.0                hb547adb_1               conda-forge
2025-02-21T13:25:14.0611710Z   brotli-python                  1.1.0                py312h9f69965_1          conda-forge
2025-02-21T13:25:14.0612120Z   bzip2                          1.0.8                h93a5062_5               conda-forge
2025-02-21T13:25:14.0612490Z   c-ares                         1.28.1               h93a5062_0               conda-forge
2025-02-21T13:25:14.0613010Z   c-blosc2                       2.14.4               ha57e6be_1               conda-forge
2025-02-21T13:25:14.0613450Z   ca-certificates                2024.6.2             hf0a4a13_0               conda-forge
2025-02-21T13:25:14.0613950Z   cached-property                1.5.2                hd8ed1ab_1               conda-forge
2025-02-21T13:25:14.0614320Z   cached_property                1.5.2                pyha770c72_1             conda-forge
2025-02-21T13:25:14.0616020Z   cairo                          1.18.0               hd1e100b_0               conda-forge
2025-02-21T13:25:14.0616730Z   certifi                        2024.6.2             pyhd8ed1ab_0             conda-forge
2025-02-21T13:25:14.0617180Z   cffi                           1.16.0               py312h8e38eb3_0          conda-forge
2025-02-21T13:25:14.0617640Z   charset-normalizer             3.3.2                pyhd8ed1ab_0             conda-forge
2025-02-21T13:25:14.0618020Z   click                          8.1.7                unix_pyh707e725_0        conda-forge
2025-02-21T13:25:14.0618460Z   codespell                      2.3.0                pyhd8ed1ab_0             conda-forge
2025-02-21T13:25:14.0618840Z   colorama                       0.4.6                pyhd8ed1ab_0             conda-forge
2025-02-21T13:25:14.0619260Z   comm                           0.2.2                pyhd8ed1ab_0             conda-forge
2025-02-21T13:25:14.0619630Z   commonmark                     0.9.1                py_0                     conda-forge
2025-02-21T13:25:14.0620100Z   contourpy                      1.2.1                py312h0fef576_0          conda-forge
2025-02-21T13:25:14.0620660Z   coverage                       7.5.3                py312h7e5086c_0          conda-forge
2025-02-21T13:25:14.0621150Z   cycler                         0.12.1               pyhd8ed1ab_0             conda-forge
2025-02-21T13:25:14.0621580Z   dataclasses                    0.8                  pyhc8e2a94_3             conda-forge
2025-02-21T13:25:14.0621910Z   debugpy                        1.8.1                py312h20a0b95_0          conda-forge
2025-02-21T13:25:14.0622380Z   decorator                      5.1.1                pyhd8ed1ab_0             conda-forge
2025-02-21T13:25:14.0622750Z   defusedxml                     0.7.1                pyhd8ed1ab_0             conda-forge
2025-02-21T13:25:14.0623170Z   docutils                       0.20.1               py312h81bd7bf_3          conda-forge
2025-02-21T13:25:14.0623550Z   dot2tex                        2.11.3               pyhd8ed1ab_0             conda-forge
2025-02-21T13:25:14.0624000Z   entrypoints                    0.4                  pyhd8ed1ab_0             conda-forge
2025-02-21T13:25:14.0624500Z   exceptiongroup                 1.2.0                pyhd8ed1ab_2             conda-forge
2025-02-21T13:25:14.0625050Z   executing                      2.0.1                pyhd8ed1ab_0             conda-forge
2025-02-21T13:25:14.0625590Z   expat                          2.6.2                hebf3989_0               conda-forge
2025-02-21T13:25:14.0626160Z   font-ttf-dejavu-sans-mono      2.37                 hab24e00_0               conda-forge
2025-02-21T13:25:14.0626780Z   font-ttf-inconsolata           3.000                h77eed37_0               conda-forge
2025-02-21T13:25:14.0627370Z   font-ttf-source-code-pro       2.038                h77eed37_0               conda-forge
2025-02-21T13:25:14.0628020Z   font-ttf-ubuntu                0.83                 h77eed37_2               conda-forge
2025-02-21T13:25:14.0628420Z   fontconfig                     2.14.2               h82840c6_0               conda-forge
2025-02-21T13:25:14.0628810Z   fonts-conda-ecosystem          1                    0                        conda-forge
2025-02-21T13:25:14.0629160Z   fonts-conda-forge              1                    0                        conda-forge
2025-02-21T13:25:14.0629640Z   fonttools                      4.53.0               py312h7e5086c_0          conda-forge
2025-02-21T13:25:14.0630010Z   fqdn                           1.5.1                pyhd8ed1ab_0             conda-forge
2025-02-21T13:25:14.0630480Z   freetype                       2.12.1               hadb7bae_2               conda-forge
2025-02-21T13:25:14.0630940Z   fribidi                        1.0.10               h27ca646_0               conda-forge
2025-02-21T13:25:14.0631250Z   future                         1.0.0                pyhd8ed1ab_0             conda-forge
2025-02-21T13:25:14.0632280Z   gdk-pixbuf                     2.42.12              h7ddc832_0               conda-forge
2025-02-21T13:25:14.0632840Z   gettext                        0.22.5               h8fbad5d_2               conda-forge
2025-02-21T13:25:14.0633780Z   gettext-tools                  0.22.5               h8fbad5d_2               conda-forge
2025-02-21T13:25:14.0634650Z   giflib                         5.2.2                h93a5062_0               conda-forge
2025-02-21T13:25:14.0635070Z   git-lfs                        3.5.1                hce30654_0               conda-forge
2025-02-21T13:25:14.0635440Z   gmp                            6.3.0                hebf3989_1               conda-forge
2025-02-21T13:25:14.0635860Z   gmpy2                          2.1.5                py312hfa9fade_1          conda-forge
2025-02-21T13:25:14.0636290Z   graphite2                      1.3.13               hebf3989_1003            conda-forge
2025-02-21T13:25:14.0636650Z   graphviz                       11.0.0               h9bb9bc9_0               conda-forge
2025-02-21T13:25:14.0637050Z   gtk2                           2.24.33              h7895bb2_4               conda-forge
2025-02-21T13:25:14.0637410Z   gts                            0.7.6                he42f4ea_4               conda-forge
2025-02-21T13:25:14.0637810Z   h11                            0.14.0               pyhd8ed1ab_0             conda-forge
2025-02-21T13:25:14.0638130Z   h2                             4.1.0                pyhd8ed1ab_0             conda-forge
2025-02-21T13:25:14.0638530Z   h5py                           3.11.0               nompi_py312h903599c_102  conda-forge
2025-02-21T13:25:14.0638880Z   harfbuzz                       8.5.0                h1836168_0               conda-forge
2025-02-21T13:25:14.0639160Z   hdf5                           1.14.3               nompi_hec07895_105       conda-forge
2025-02-21T13:25:14.0639440Z   hpack                          4.0.0                pyh9f0ad1d_0             conda-forge
2025-02-21T13:25:14.0640030Z   httpcore                       1.0.5                pyhd8ed1ab_0             conda-forge
2025-02-21T13:25:14.0640340Z   httpx                          0.27.0               pyhd8ed1ab_0             conda-forge
2025-02-21T13:25:14.0640640Z   hyperframe                     6.0.1                pyhd8ed1ab_0             conda-forge
2025-02-21T13:25:14.0640940Z   icu                            73.2                 hc8870d7_0               conda-forge
2025-02-21T13:25:14.0641220Z   idna                           3.7                  pyhd8ed1ab_0             conda-forge
2025-02-21T13:25:14.0641510Z   imagesize                      1.4.1                pyhd8ed1ab_0             conda-forge
2025-02-21T13:25:14.0641930Z   importlib-metadata             7.1.0                pyha770c72_0             conda-forge
2025-02-21T13:25:14.0642270Z   importlib_metadata             7.1.0                hd8ed1ab_0               conda-forge
2025-02-21T13:25:14.0642680Z   importlib_resources            6.4.0                pyhd8ed1ab_0             conda-forge
2025-02-21T13:25:14.0643040Z   iniconfig                      2.0.0                pyhd8ed1ab_0             conda-forge
2025-02-21T13:25:14.0643350Z   ipykernel                      6.29.4               pyh57ce528_0             conda-forge
2025-02-21T13:25:14.0643840Z   ipython                        8.25.0               pyh707e725_0             conda-forge
2025-02-21T13:25:14.0644260Z   ipython_genutils               0.2.0                pyhd8ed1ab_1             conda-forge
2025-02-21T13:25:14.0644640Z   ipywidgets                     7.8.0                pyhd8ed1ab_0             conda-forge
2025-02-21T13:25:14.0645080Z   isoduration                    20.11.0              pyhd8ed1ab_0             conda-forge
2025-02-21T13:25:14.0645380Z   jedi                           0.19.1               pyhd8ed1ab_0             conda-forge
2025-02-21T13:25:14.0645670Z   jinja2                         3.1.4                pyhd8ed1ab_0             conda-forge
2025-02-21T13:25:14.0646150Z   json5                          0.9.25               pyhd8ed1ab_0             conda-forge
2025-02-21T13:25:14.0646790Z   jsonpointer                    3.0.0                py312h81bd7bf_0          conda-forge
2025-02-21T13:25:14.0647140Z   jsonschema                     4.22.0               pyhd8ed1ab_0             conda-forge
2025-02-21T13:25:14.0647540Z   jsonschema-specifications      2023.12.1            pyhd8ed1ab_0             conda-forge
2025-02-21T13:25:14.0647990Z   jsonschema-with-format-nongpl  4.22.0               pyhd8ed1ab_0             conda-forge
2025-02-21T13:25:14.0648380Z   jupyter-lsp                    2.2.5                pyhd8ed1ab_0             conda-forge
2025-02-21T13:25:14.0648690Z   jupyter_client                 8.6.2                pyhd8ed1ab_0             conda-forge
2025-02-21T13:25:14.0649060Z   jupyter_core                   5.7.2                py312h81bd7bf_0          conda-forge
2025-02-21T13:25:14.0649390Z   jupyter_events                 0.10.0               pyhd8ed1ab_0             conda-forge
2025-02-21T13:25:14.0649730Z   jupyter_server                 2.14.1               pyhd8ed1ab_0             conda-forge
2025-02-21T13:25:14.0650150Z   jupyter_server_terminals       0.5.3                pyhd8ed1ab_0             conda-forge
2025-02-21T13:25:14.0650560Z   jupyterlab                     4.2.2                pyhd8ed1ab_0             conda-forge
2025-02-21T13:25:14.0650990Z   jupyterlab_pygments            0.3.0                pyhd8ed1ab_1             conda-forge
2025-02-21T13:25:14.0652190Z   jupyterlab_server              2.27.2               pyhd8ed1ab_0             conda-forge
2025-02-21T13:25:14.0652750Z   jupyterlab_widgets             1.1.7                pyhd8ed1ab_0             conda-forge
2025-02-21T13:25:14.0653200Z   kiwisolver                     1.4.5                py312h389731b_1          conda-forge
2025-02-21T13:25:14.0653680Z   krb5                           1.21.2               h92f50d5_0               conda-forge
2025-02-21T13:25:14.0654140Z   latexcodec                     2.0.1                pyh9f0ad1d_0             conda-forge
2025-02-21T13:25:14.0654590Z   lcms2                          2.16                 ha0e7c42_0               conda-forge
2025-02-21T13:25:14.0655060Z   lerc                           4.0.0                h9a09cb3_0               conda-forge
2025-02-21T13:25:14.0655510Z   libaec                         1.1.3                hebf3989_0               conda-forge
2025-02-21T13:25:14.0656010Z   libasprintf                    0.22.5               h8fbad5d_2               conda-forge
2025-02-21T13:25:14.0656570Z   libasprintf-devel              0.22.5               h8fbad5d_2               conda-forge
2025-02-21T13:25:14.0657040Z   libblas                        3.9.0                22_osxarm64_openblas     conda-forge
2025-02-21T13:25:14.0657570Z   libbrotlicommon                1.1.0                hb547adb_1               conda-forge
2025-02-21T13:25:14.0658090Z   libbrotlidec                   1.1.0                hb547adb_1               conda-forge
2025-02-21T13:25:14.0658570Z   libbrotlienc                   1.1.0                hb547adb_1               conda-forge
2025-02-21T13:25:14.0659080Z   libcblas                       3.9.0                22_osxarm64_openblas     conda-forge
2025-02-21T13:25:14.0659470Z   libcurl                        8.8.0                h7b6f9a7_0               conda-forge
2025-02-21T13:25:14.0659960Z   libcxx                         17.0.6               h5f092b4_0               conda-forge
2025-02-21T13:25:14.0660420Z   libdeflate                     1.20                 h93a5062_0               conda-forge
2025-02-21T13:25:14.0660800Z   libedit                        3.1.20191231         hc8eb9b7_2               conda-forge
2025-02-21T13:25:14.0661180Z   libev                          4.33                 h93a5062_2               conda-forge
2025-02-21T13:25:14.0661510Z   libexpat                       2.6.2                hebf3989_0               conda-forge
2025-02-21T13:25:14.0662090Z   libffi                         3.4.2                h3422bc3_5               conda-forge
2025-02-21T13:25:14.0662550Z   libgd                          2.3.3                hfdf3952_9               conda-forge
2025-02-21T13:25:14.0662930Z   libgettextpo                   0.22.5               h8fbad5d_2               conda-forge
2025-02-21T13:25:14.0663300Z   libgettextpo-devel             0.22.5               h8fbad5d_2               conda-forge
2025-02-21T13:25:14.0663730Z   libgfortran                    5.0.0                13_2_0_hd922786_3        conda-forge
2025-02-21T13:25:14.0664110Z   libgfortran5                   13.2.0               hf226fd6_3               conda-forge
2025-02-21T13:25:14.0664490Z   libglib                        2.80.2               h59d46d9_1               conda-forge
2025-02-21T13:25:14.0664890Z   libiconv                       1.17                 h0d3ecfb_2               conda-forge
2025-02-21T13:25:14.0665220Z   libintl                        0.22.5               h8fbad5d_2               conda-forge
2025-02-21T13:25:14.0665610Z   libintl-devel                  0.22.5               h8fbad5d_2               conda-forge
2025-02-21T13:25:14.0665910Z   libjpeg-turbo                  3.0.0                hb547adb_1               conda-forge
2025-02-21T13:25:14.0666270Z   liblapack                      3.9.0                22_osxarm64_openblas     conda-forge
2025-02-21T13:25:14.0666600Z   libllvm14                      14.0.6               hd1a9a77_4               conda-forge
2025-02-21T13:25:14.0666980Z   libnghttp2                     1.58.0               ha4dd798_1               conda-forge
2025-02-21T13:25:14.0667330Z   libopenblas                    0.3.27               openmp_h6c19121_0        conda-forge
2025-02-21T13:25:14.0667700Z   libpng                         1.6.43               h091b4b1_0               conda-forge
2025-02-21T13:25:14.0668020Z   librsvg                        2.58.1               hbc281fb_0               conda-forge
2025-02-21T13:25:14.0668400Z   libsodium                      1.0.18               h27ca646_1               conda-forge
2025-02-21T13:25:14.0668750Z   libsqlite                      3.46.0               hfb93653_0               conda-forge
2025-02-21T13:25:14.0669090Z   libssh2                        1.11.0               h7a5bd25_0               conda-forge
2025-02-21T13:25:14.0669460Z   libtiff                        4.6.0                h07db509_3               conda-forge
2025-02-21T13:25:14.0669780Z   libwebp                        1.4.0                h54798ee_0               conda-forge
2025-02-21T13:25:14.0670180Z   libwebp-base                   1.4.0                h93a5062_0               conda-forge
2025-02-21T13:25:14.0670520Z   libxcb                         1.16                 hf2054a2_0               conda-forge
2025-02-21T13:25:14.0670870Z   libxml2                        2.12.7               ha661575_1               conda-forge
2025-02-21T13:25:14.0671190Z   libxslt                        1.1.39               h223e5b9_0               conda-forge
2025-02-21T13:25:14.0671580Z   libzlib                        1.3.1                hfb2fe0b_1               conda-forge
2025-02-21T13:25:14.0671940Z   llvm-openmp                    18.1.7               hde57baf_0               conda-forge
2025-02-21T13:25:14.0672320Z   llvmlite                       0.42.0               py312h17030e7_1          conda-forge
2025-02-21T13:25:14.0672650Z   lxml                           5.2.2                py312h0e5ab22_0          conda-forge
2025-02-21T13:25:14.0673020Z   lz4-c                          1.9.4                hb7217d7_0               conda-forge
2025-02-21T13:25:14.0673400Z   markupsafe                     2.1.5                py312he37b823_0          conda-forge
2025-02-21T13:25:14.0673720Z   matplotlib-base                3.8.4                py312h4479663_2          conda-forge
2025-02-21T13:25:14.0674130Z   matplotlib-inline              0.1.7                pyhd8ed1ab_0             conda-forge
2025-02-21T13:25:14.0674620Z   mistune                        3.0.2                pyhd8ed1ab_0             conda-forge
2025-02-21T13:25:14.0675090Z   mpc                            1.3.1                h91ba8db_0               conda-forge
2025-02-21T13:25:14.0675410Z   mpfr                           4.2.1                h41d338b_1               conda-forge
2025-02-21T13:25:14.0675790Z   mpmath                         1.3.0                pyhd8ed1ab_0             conda-forge
2025-02-21T13:25:14.0676130Z   munkres                        1.1.4                pyh9f0ad1d_0             conda-forge
2025-02-21T13:25:14.0676540Z   mypy_extensions                1.0.0                pyha770c72_0             conda-forge
2025-02-21T13:25:14.0676880Z   nbclassic                      1.1.0                pyhd8ed1ab_0             conda-forge
2025-02-21T13:25:14.0677170Z   nbclient                       0.10.0               pyhd8ed1ab_0             conda-forge
2025-02-21T13:25:14.0677560Z   nbconvert                      7.16.4               hd8ed1ab_1               conda-forge
2025-02-21T13:25:14.0677920Z   nbconvert-core                 7.16.4               pyhd8ed1ab_1             conda-forge
2025-02-21T13:25:14.0678330Z   nbconvert-pandoc               7.16.4               hd8ed1ab_1               conda-forge
2025-02-21T13:25:14.0678670Z   nbformat                       5.10.4               pyhd8ed1ab_0             conda-forge
2025-02-21T13:25:14.0678970Z   nbsphinx                       0.9.4                pyhd8ed1ab_0             conda-forge
2025-02-21T13:25:14.0679340Z   ncurses                        6.5                  hb89a1cb_0               conda-forge
2025-02-21T13:25:14.0679640Z   nest-asyncio                   1.6.0                pyhd8ed1ab_0             conda-forge
2025-02-21T13:25:14.0680030Z   networkx                       3.3                  pyhd8ed1ab_1             conda-forge
2025-02-21T13:25:14.0680400Z   notebook                       7.2.1                pyhd8ed1ab_0             conda-forge
2025-02-21T13:25:14.0680760Z   notebook-shim                  0.2.4                pyhd8ed1ab_0             conda-forge
2025-02-21T13:25:14.0681110Z   numba                          0.59.1               py312hbaff935_0          conda-forge
2025-02-21T13:25:14.0681440Z   numexpr                        2.10.0               py312h8ae5369_0          conda-forge
2025-02-21T13:25:14.0681750Z   numpy                          1.26.4               py312h8442bc7_0          conda-forge
2025-02-21T13:25:14.0682080Z   numpydoc                       1.7.0                pyhd8ed1ab_1             conda-forge
2025-02-21T13:25:14.0682450Z   openjpeg                       2.5.2                h9f1df11_0               conda-forge
2025-02-21T13:25:14.0682740Z   openssl                        3.3.1                hfb2fe0b_0               conda-forge
2025-02-21T13:25:14.0683030Z   overrides                      7.7.0                pyhd8ed1ab_0             conda-forge
2025-02-21T13:25:14.0683320Z   packaging                      24.1                 pyhd8ed1ab_0             conda-forge
2025-02-21T13:25:14.0683610Z   pandas                         2.2.2                py312h8ae5369_1          conda-forge
2025-02-21T13:25:14.0683890Z   pandoc                         3.2                  hce30654_0               conda-forge
2025-02-21T13:25:14.0684220Z   pandocfilters                  1.5.0                pyhd8ed1ab_0             conda-forge
2025-02-21T13:25:14.0684520Z   pango                          1.54.0               h5cb9fbc_0               conda-forge
2025-02-21T13:25:14.0684790Z   parso                          0.8.4                pyhd8ed1ab_0             conda-forge
2025-02-21T13:25:14.0685080Z   pathspec                       0.12.1               pyhd8ed1ab_0             conda-forge
2025-02-21T13:25:14.0685350Z   pbr                            6.0.0                pyhd8ed1ab_0             conda-forge
2025-02-21T13:25:14.0685620Z   pcre2                          10.44                h297a79d_0               conda-forge
2025-02-21T13:25:14.0685910Z   pexpect                        4.9.0                pyhd8ed1ab_0             conda-forge
2025-02-21T13:25:14.0686510Z   pickleshare                    0.7.5                py_1003                  conda-forge
2025-02-21T13:25:14.0686940Z   pillow                         10.3.0               py312h39b1d8d_1          conda-forge
2025-02-21T13:25:14.0687230Z   pip                            24.0                 pyhd8ed1ab_0             conda-forge
2025-02-21T13:25:14.0687510Z   pixman                         0.43.4               hebf3989_0               conda-forge
2025-02-21T13:25:14.0687830Z   pkgutil-resolve-name           1.3.10               pyhd8ed1ab_1             conda-forge
2025-02-21T13:25:14.0688170Z   platformdirs                   4.2.2                pyhd8ed1ab_0             conda-forge
2025-02-21T13:25:14.0688480Z   plotly                         5.22.0               pyhd8ed1ab_0             conda-forge
2025-02-21T13:25:14.0688770Z   pluggy                         1.5.0                pyhd8ed1ab_0             conda-forge
2025-02-21T13:25:14.0689090Z   prometheus_client              0.20.0               pyhd8ed1ab_0             conda-forge
2025-02-21T13:25:14.0689420Z   prompt-toolkit                 3.0.47               pyha770c72_0             conda-forge
2025-02-21T13:25:14.0689730Z   psutil                         5.9.8                py312he37b823_0          conda-forge
2025-02-21T13:25:14.0690030Z   pthread-stubs                  0.4                  h27ca646_1001            conda-forge
2025-02-21T13:25:14.0690350Z   ptyprocess                     0.7.0                pyhd3deb0d_0             conda-forge
2025-02-21T13:25:14.0690650Z   pure_eval                      0.2.2                pyhd8ed1ab_0             conda-forge
2025-02-21T13:25:14.0690940Z   py-cpuinfo                     9.0.0                pyhd8ed1ab_0             conda-forge
2025-02-21T13:25:14.0691230Z   pybtex                         0.24.0               pyhd8ed1ab_2             conda-forge
2025-02-21T13:25:14.0691530Z   pybtex-docutils                1.0.3                py312h81bd7bf_1          conda-forge
2025-02-21T13:25:14.0691840Z   pycparser                      2.22                 pyhd8ed1ab_0             conda-forge
2025-02-21T13:25:14.0692150Z   pyerfa                         2.0.1.4              py312hbebd99a_1          conda-forge
2025-02-21T13:25:14.0692450Z   pygments                       2.18.0               pyhd8ed1ab_0             conda-forge
2025-02-21T13:25:14.0692750Z   pygraphviz                     1.13                 py312h5f4d302_1          conda-forge
2025-02-21T13:25:14.0693060Z   pyobjc-core                    10.3.1               py312hbb55c70_0          conda-forge
2025-02-21T13:25:14.0693400Z   pyobjc-framework-cocoa         10.3.1               py312hbb55c70_0          conda-forge
2025-02-21T13:25:14.0693740Z   pyparsing                      3.1.2                pyhd8ed1ab_0             conda-forge
2025-02-21T13:25:14.0694040Z   pysocks                        1.7.1                pyha2e5f31_6             conda-forge
2025-02-21T13:25:14.0694340Z   pytables                       3.9.2                py312hb622ae1_2          conda-forge
2025-02-21T13:25:14.0694630Z   pytest                         8.2.2                pyhd8ed1ab_0             conda-forge
2025-02-21T13:25:14.0694930Z   pytest-cov                     5.0.0                pyhd8ed1ab_0             conda-forge
2025-02-21T13:25:14.0695260Z   pytest-doctestplus             1.2.1                pyhd8ed1ab_0             conda-forge
2025-02-21T13:25:14.0695590Z   pytest-html                    4.1.1                pyhd8ed1ab_0             conda-forge
2025-02-21T13:25:14.0695910Z   pytest-metadata                3.1.1                pyhd8ed1ab_0             conda-forge
2025-02-21T13:25:14.0696290Z   python                         3.12.4               h30c5eda_0_cpython       conda-forge
2025-02-21T13:25:14.0696600Z   python-dateutil                2.9.0                pyhd8ed1ab_0             conda-forge
2025-02-21T13:25:14.0696950Z   python-fastjsonschema          2.20.0               pyhd8ed1ab_0             conda-forge
2025-02-21T13:25:14.0697430Z   python-json-logger             2.0.7                pyhd8ed1ab_0             conda-forge
2025-02-21T13:25:14.0698020Z   python-tzdata                  2024.1               pyhd8ed1ab_0             conda-forge
2025-02-21T13:25:14.0698330Z   python_abi                     3.12                 4_cp312                  conda-forge
2025-02-21T13:25:14.0698630Z   pytz                           2024.1               pyhd8ed1ab_0             conda-forge
2025-02-21T13:25:14.0698920Z   pyyaml                         6.0.1                py312h02f2b3b_1          conda-forge
2025-02-21T13:25:14.0699210Z   pyzmq                          26.0.3               py312hfa13136_0          conda-forge
2025-02-21T13:25:14.0699490Z   qgrid                          1.3.1                pyhd8ed1ab_4             conda-forge
2025-02-21T13:25:14.0699800Z   radioactivedecay               0.5.1                pyhd8ed1ab_0             conda-forge
2025-02-21T13:25:14.0700120Z   readline                       8.2                  h92ec313_1               conda-forge
2025-02-21T13:25:14.0700430Z   recommonmark                   0.7.1                pyhd8ed1ab_0             conda-forge
2025-02-21T13:25:14.0700740Z   referencing                    0.35.1               pyhd8ed1ab_0             conda-forge
2025-02-21T13:25:14.0701040Z   requests                       2.32.3               pyhd8ed1ab_0             conda-forge
2025-02-21T13:25:14.0701350Z   rfc3339-validator              0.1.4                pyhd8ed1ab_0             conda-forge
2025-02-21T13:25:14.0701670Z   rfc3986-validator              0.1.1                pyh9f0ad1d_0             conda-forge
2025-02-21T13:25:14.0701970Z   rpds-py                        0.18.1               py312h552d48e_0          conda-forge
2025-02-21T13:25:14.0702240Z   ruff                           0.4.9                py312h3402d49_0          conda-forge
2025-02-21T13:25:14.0702510Z   scipy                          1.13.1               py312h14ffa8f_0          conda-forge
2025-02-21T13:25:14.0702800Z   send2trash                     1.8.3                pyh31c8845_0             conda-forge
2025-02-21T13:25:14.0703100Z   setuptools                     70.0.0               pyhd8ed1ab_0             conda-forge
2025-02-21T13:25:14.0703410Z   setuptools-scm                 8.1.0                pyhd8ed1ab_0             conda-forge
2025-02-21T13:25:14.0703730Z   setuptools_scm                 8.1.0                hd8ed1ab_0               conda-forge
2025-02-21T13:25:14.0704030Z   six                            1.16.0               pyh6c4a22f_0             conda-forge
2025-02-21T13:25:14.0704310Z   snakeviz                       2.2.0                pyhd8ed1ab_0             conda-forge
2025-02-21T13:25:14.0704600Z   snappy                         1.2.0                hd04f947_1               conda-forge
2025-02-21T13:25:14.0704880Z   sniffio                        1.3.1                pyhd8ed1ab_0             conda-forge
2025-02-21T13:25:14.0705200Z   snowballstemmer                2.2.0                pyhd8ed1ab_0             conda-forge
2025-02-21T13:25:14.0705520Z   soupsieve                      2.5                  pyhd8ed1ab_1             conda-forge
2025-02-21T13:25:14.0706010Z   sphinx                         7.3.7                pyhd8ed1ab_0             conda-forge
2025-02-21T13:25:14.0706390Z   sphinx-astropy                 1.9.1                pyhd8ed1ab_0             conda-forge
2025-02-21T13:25:14.0706860Z   sphinx-automodapi              0.17.0               pyh717bed2_1             conda-forge
2025-02-21T13:25:14.0707260Z   sphinx-gallery                 0.16.0               pyhd8ed1ab_0             conda-forge
2025-02-21T13:25:14.0714000Z   sphinx-jsonschema              1.19.1               pyhd8ed1ab_0             conda-forge
2025-02-21T13:25:14.0714400Z   sphinx_bootstrap_theme         0.8.1                pyhd8ed1ab_0             conda-forge
2025-02-21T13:25:14.0714740Z   sphinx_rtd_theme               2.0.0                pyha770c72_0             conda-forge
2025-02-21T13:25:14.0715360Z   sphinxcontrib-apidoc           0.3.0                py_1                     conda-forge
2025-02-21T13:25:14.0715880Z   sphinxcontrib-applehelp        1.0.8                pyhd8ed1ab_0             conda-forge
2025-02-21T13:25:14.0716240Z   sphinxcontrib-bibtex           2.6.2                pyhd8ed1ab_0             conda-forge
2025-02-21T13:25:14.0716630Z   sphinxcontrib-devhelp          1.0.6                pyhd8ed1ab_0             conda-forge
2025-02-21T13:25:14.0717000Z   sphinxcontrib-htmlhelp         2.0.5                pyhd8ed1ab_0             conda-forge
2025-02-21T13:25:14.0717370Z   sphinxcontrib-jquery           4.1                  pyhd8ed1ab_0             conda-forge
2025-02-21T13:25:14.0717730Z   sphinxcontrib-jsmath           1.0.1                pyhd8ed1ab_0             conda-forge
2025-02-21T13:25:14.0718090Z   sphinxcontrib-qthelp           1.0.7                pyhd8ed1ab_0             conda-forge
2025-02-21T13:25:14.0718480Z   sphinxcontrib-serializinghtml  1.1.10               pyhd8ed1ab_0             conda-forge
2025-02-21T13:25:14.0718840Z   stack_data                     0.6.2                pyhd8ed1ab_0             conda-forge
2025-02-21T13:25:14.0719140Z   sympy                          1.12.1               pypyh2585a3b_103         conda-forge
2025-02-21T13:25:14.0719440Z   tabulate                       0.9.0                pyhd8ed1ab_1             conda-forge
2025-02-21T13:25:14.0719750Z   tenacity                       8.4.1                pyhd8ed1ab_0             conda-forge
2025-02-21T13:25:14.0720060Z   terminado                      0.18.1               pyh31c8845_0             conda-forge
2025-02-21T13:25:14.0720360Z   tinycss2                       1.3.0                pyhd8ed1ab_0             conda-forge
2025-02-21T13:25:14.0720650Z   tk                             8.6.13               h5083fa2_1               conda-forge
2025-02-21T13:25:14.0720920Z   toml                           0.10.2               pyhd8ed1ab_0             conda-forge
2025-02-21T13:25:14.0721210Z   tomli                          2.0.1                pyhd8ed1ab_0             conda-forge
2025-02-21T13:25:14.0721510Z   tornado                        6.4.1                py312h7e5086c_0          conda-forge
2025-02-21T13:25:14.0721800Z   tqdm                           4.66.4               pyhd8ed1ab_0             conda-forge
2025-02-21T13:25:14.0722090Z   traitlets                      5.14.3               pyhd8ed1ab_0             conda-forge
2025-02-21T13:25:14.0722390Z   typed-ast                      1.5.5                py312h02f2b3b_1          conda-forge
2025-02-21T13:25:14.0722760Z   types-python-dateutil          2.9.0.20240316       pyhd8ed1ab_0             conda-forge
2025-02-21T13:25:14.0723130Z   typing-extensions              4.12.2               hd8ed1ab_0               conda-forge
2025-02-21T13:25:14.0723480Z   typing_extensions              4.12.2               pyha770c72_0             conda-forge
2025-02-21T13:25:14.0723820Z   typing_utils                   0.1.0                pyhd8ed1ab_0             conda-forge
2025-02-21T13:25:14.0724120Z   tzdata                         2024a                h0c530f3_0               conda-forge
2025-02-21T13:25:14.0724430Z   uri-template                   1.3.0                pyhd8ed1ab_0             conda-forge
2025-02-21T13:25:14.0724740Z   urllib3                        2.2.2                pyhd8ed1ab_0             conda-forge
2025-02-21T13:25:14.0725050Z   wcwidth                        0.2.13               pyhd8ed1ab_0             conda-forge
2025-02-21T13:25:14.0725350Z   webcolors                      24.6.0               pyhd8ed1ab_0             conda-forge
2025-02-21T13:25:14.0725660Z   webencodings                   0.5.1                pyhd8ed1ab_2             conda-forge
2025-02-21T13:25:14.0725990Z   websocket-client               1.8.0                pyhd8ed1ab_0             conda-forge
2025-02-21T13:25:14.0726310Z   wheel                          0.43.0               pyhd8ed1ab_1             conda-forge
2025-02-21T13:25:14.0726790Z   widgetsnbextension             3.6.6                pyhd8ed1ab_0             conda-forge
2025-02-21T13:25:14.0727260Z   xorg-libxau                    1.0.11               hb547adb_0               conda-forge
2025-02-21T13:25:14.0727580Z   xorg-libxdmcp                  1.1.3                h27ca646_0               conda-forge
2025-02-21T13:25:14.0727870Z   xz                             5.2.6                h57fd34a_0               conda-forge
2025-02-21T13:25:14.0728130Z   yaml                           0.2.5                h3422bc3_2               conda-forge
2025-02-21T13:25:14.0728400Z   zeromq                         4.3.5                hcc0f68c_4               conda-forge
2025-02-21T13:25:14.0728680Z   zipp                           3.19.2               pyhd8ed1ab_0             conda-forge
2025-02-21T13:25:14.0728950Z   zlib                           1.3.1                hfb2fe0b_1               conda-forge
2025-02-21T13:25:14.0729220Z   zlib-ng                        2.0.7                h1a8c8d9_0               conda-forge
2025-02-21T13:25:14.0729500Z   zstd                           1.5.6                hb46c0d2_0               conda-forge
2025-02-21T13:25:14.0729970Z ##[endgroup]
