2025-02-10T13:54:35.5379470Z Prepare all required actions
2025-02-10T13:54:35.5380400Z Getting action download info
2025-02-10T13:54:35.6863990Z Download action repository 'actions/cache@v4' (SHA:1bd1e32a3bdc45362d1e726936510720a7c30a57)
2025-02-10T13:54:35.8156620Z ##[group]Run ./.github/actions/setup_lfs
2025-02-10T13:54:35.8157250Z with:
2025-02-10T13:54:35.8157840Z   regression-data-repo: tardis-sn/tardis-regression-data
2025-02-10T13:54:35.8158560Z   atom-data-sparse: false
2025-02-10T13:54:35.8159070Z env:
2025-02-10T13:54:35.8159510Z   CACHE_NUMBER: 0
2025-02-10T13:54:35.8160770Z   PYTEST_FLAGS: --tardis-regression-data=/Users/runner/work/tardis/tardis/tardis-regression-data --cov=tardis --cov-report=xml --cov-report=html --cov-append
2025-02-10T13:54:35.8162110Z   CODECOV_TOKEN: 
2025-02-10T13:54:35.8162600Z ##[endgroup]
2025-02-10T13:54:35.8290830Z ##[group]Run actions/checkout@v4
2025-02-10T13:54:35.8291400Z with:
2025-02-10T13:54:35.8291880Z   repository: tardis-sn/tardis-regression-data
2025-02-10T13:54:35.8292490Z   path: tardis-regression-data
2025-02-10T13:54:35.8293040Z   lfs: false
2025-02-10T13:54:35.8293620Z   token: ***
2025-02-10T13:54:35.8294040Z   ssh-strict: true
2025-02-10T13:54:35.8294500Z   ssh-user: git
2025-02-10T13:54:35.8294960Z   persist-credentials: true
2025-02-10T13:54:35.8295490Z   clean: true
2025-02-10T13:54:35.8295970Z   sparse-checkout-cone-mode: true
2025-02-10T13:54:35.8296510Z   fetch-depth: 1
2025-02-10T13:54:35.8297060Z   fetch-tags: false
2025-02-10T13:54:35.8297520Z   show-progress: true
2025-02-10T13:54:35.8298000Z   submodules: false
2025-02-10T13:54:35.8298470Z   set-safe-directory: true
2025-02-10T13:54:35.8298970Z env:
2025-02-10T13:54:35.8299380Z   CACHE_NUMBER: 0
2025-02-10T13:54:35.8300570Z   PYTEST_FLAGS: --tardis-regression-data=/Users/runner/work/tardis/tardis/tardis-regression-data --cov=tardis --cov-report=xml --cov-report=html --cov-append
2025-02-10T13:54:35.8301850Z   CODECOV_TOKEN: 
2025-02-10T13:54:35.8302290Z ##[endgroup]
2025-02-10T13:54:35.9675390Z Syncing repository: tardis-sn/tardis-regression-data
2025-02-10T13:54:35.9679850Z ##[group]Getting Git version info
2025-02-10T13:54:35.9682560Z Working directory is '/Users/runner/work/tardis/tardis/tardis-regression-data'
2025-02-10T13:54:35.9708910Z [command]/opt/homebrew/bin/git version
2025-02-10T13:54:35.9752990Z git version 2.48.1
2025-02-10T13:54:35.9767550Z ##[endgroup]
2025-02-10T13:54:35.9773300Z Copying '/Users/runner/.gitconfig' to '/Users/runner/work/_temp/1123a1a4-870f-4dba-b731-1d330e8d79af/.gitconfig'
2025-02-10T13:54:35.9780820Z Temporarily overriding HOME='/Users/runner/work/_temp/1123a1a4-870f-4dba-b731-1d330e8d79af' before making global git config changes
2025-02-10T13:54:35.9782320Z Adding repository directory to the temporary git global config as a safe directory
2025-02-10T13:54:35.9784120Z [command]/opt/homebrew/bin/git config --global --add safe.directory /Users/runner/work/tardis/tardis/tardis-regression-data
2025-02-10T13:54:35.9832980Z ##[group]Initializing the repository
2025-02-10T13:54:35.9836050Z [command]/opt/homebrew/bin/git init /Users/runner/work/tardis/tardis/tardis-regression-data
2025-02-10T13:54:35.9906760Z hint: Using 'master' as the name for the initial branch. This default branch name
2025-02-10T13:54:35.9908770Z hint: is subject to change. To configure the initial branch name to use in all
2025-02-10T13:54:35.9909940Z hint: of your new repositories, which will suppress this warning, call:
2025-02-10T13:54:35.9910770Z hint:
2025-02-10T13:54:35.9911320Z hint: 	git config --global init.defaultBranch <name>
2025-02-10T13:54:35.9912000Z hint:
2025-02-10T13:54:35.9912630Z hint: Names commonly chosen instead of 'master' are 'main', 'trunk' and
2025-02-10T13:54:35.9913630Z hint: 'development'. The just-created branch can be renamed via this command:
2025-02-10T13:54:35.9914410Z hint:
2025-02-10T13:54:35.9914870Z hint: 	git branch -m <name>
2025-02-10T13:54:35.9915770Z Initialized empty Git repository in /Users/runner/work/tardis/tardis/tardis-regression-data/.git/
2025-02-10T13:54:35.9918040Z [command]/opt/homebrew/bin/git remote add origin https://github.com/tardis-sn/tardis-regression-data
2025-02-10T13:54:35.9957260Z ##[endgroup]
2025-02-10T13:54:35.9958440Z ##[group]Disabling automatic garbage collection
2025-02-10T13:54:35.9959300Z [command]/opt/homebrew/bin/git config --local gc.auto 0
2025-02-10T13:54:35.9999000Z ##[endgroup]
2025-02-10T13:54:35.9999910Z ##[group]Setting up auth
2025-02-10T13:54:36.0003140Z [command]/opt/homebrew/bin/git config --local --name-only --get-regexp core\.sshCommand
2025-02-10T13:54:36.0048370Z [command]/opt/homebrew/bin/git submodule foreach --recursive sh -c "git config --local --name-only --get-regexp 'core\.sshCommand' && git config --local --unset-all 'core.sshCommand' || :"
2025-02-10T13:54:36.0741580Z [command]/opt/homebrew/bin/git config --local --name-only --get-regexp http\.https\:\/\/github\.com\/\.extraheader
2025-02-10T13:54:36.0792840Z [command]/opt/homebrew/bin/git submodule foreach --recursive sh -c "git config --local --name-only --get-regexp 'http\.https\:\/\/github\.com\/\.extraheader' && git config --local --unset-all 'http.https://github.com/.extraheader' || :"
2025-02-10T13:54:36.1822150Z [command]/opt/homebrew/bin/git config --local http.https://github.com/.extraheader AUTHORIZATION: basic ***
2025-02-10T13:54:36.1910040Z ##[endgroup]
2025-02-10T13:54:36.1929870Z ##[group]Determining the default branch
2025-02-10T13:54:36.1934040Z Retrieving the default branch name
2025-02-10T13:54:36.6515430Z Default branch 'main'
2025-02-10T13:54:36.6526380Z ##[endgroup]
2025-02-10T13:54:36.6527070Z ##[group]Fetching the repository
2025-02-10T13:54:36.6527850Z [command]/opt/homebrew/bin/git -c protocol.version=2 fetch --no-tags --prune --no-recurse-submodules --depth=1 origin +refs/heads/main:refs/remotes/origin/main
2025-02-10T13:54:37.5826460Z From https://github.com/tardis-sn/tardis-regression-data
2025-02-10T13:54:37.5827320Z  * [new branch]      main       -> origin/main
2025-02-10T13:54:37.5919780Z ##[endgroup]
2025-02-10T13:54:37.5921260Z ##[group]Determining the checkout info
2025-02-10T13:54:37.5923130Z ##[endgroup]
2025-02-10T13:54:37.5924220Z [command]/opt/homebrew/bin/git sparse-checkout disable
2025-02-10T13:54:37.5966410Z [command]/opt/homebrew/bin/git config --local --unset-all extensions.worktreeConfig
2025-02-10T13:54:37.6033330Z ##[group]Checking out the ref
2025-02-10T13:54:37.6034120Z [command]/opt/homebrew/bin/git checkout --progress --force -B main refs/remotes/origin/main
2025-02-10T13:54:37.8274340Z Switched to a new branch 'main'
2025-02-10T13:54:37.8277090Z branch 'main' set up to track 'origin/main'.
2025-02-10T13:54:37.9290590Z ##[endgroup]
2025-02-10T13:54:37.9318750Z [command]/opt/homebrew/bin/git log -1 --format=%H
2025-02-10T13:54:37.9361750Z fa7729bc9c30e14b69acd641af8b692b56fcd416
2025-02-10T13:54:37.9494710Z ##[group]Run if [ "false" == "true" ]; then
2025-02-10T13:54:37.9495510Z [36;1mif [ "false" == "true" ]; then[0m
2025-02-10T13:54:37.9495810Z [36;1m  echo "Using atom data sparse checkout"[0m
2025-02-10T13:54:37.9496910Z [36;1m  echo "atom_data/kurucz_cd23_chianti_H_He.h5" > .lfs-files-list[0m
2025-02-10T13:54:37.9497280Z [36;1melse[0m
2025-02-10T13:54:37.9500890Z [36;1m  echo "Using full repository checkout"[0m
2025-02-10T13:54:37.9502290Z [36;1m  git lfs ls-files -l | cut -d' ' -f1 | sort > .lfs-files-list[0m
2025-02-10T13:54:37.9503480Z [36;1mfi[0m
2025-02-10T13:54:37.9599600Z shell: /bin/bash --noprofile --norc -e -o pipefail {0}
2025-02-10T13:54:37.9599950Z env:
2025-02-10T13:54:37.9600120Z   CACHE_NUMBER: 0
2025-02-10T13:54:37.9600680Z   PYTEST_FLAGS: --tardis-regression-data=/Users/runner/work/tardis/tardis/tardis-regression-data --cov=tardis --cov-report=xml --cov-report=html --cov-append
2025-02-10T13:54:37.9601230Z   CODECOV_TOKEN: 
2025-02-10T13:54:37.9601410Z ##[endgroup]
2025-02-10T13:54:37.9883390Z Using full repository checkout
2025-02-10T13:54:38.1901150Z ##[group]Run actions/cache/restore@v4
2025-02-10T13:54:38.1901520Z with:
2025-02-10T13:54:38.1901710Z   path: tardis-regression-data/.git/lfs
2025-02-10T13:54:38.1902590Z   key: tardis-regression-full-data-21f9fa4b6817cc69b9fae3598144724da7828e276a73bd17f47a2a49d9af090a-tardis-sn/tardis-regression-data-v1
2025-02-10T13:54:38.1903340Z   fail-on-cache-miss: true
2025-02-10T13:54:38.1903530Z   enableCrossOsArchive: false
2025-02-10T13:54:38.1903730Z   lookup-only: false
2025-02-10T13:54:38.1903900Z env:
2025-02-10T13:54:38.1904060Z   CACHE_NUMBER: 0
2025-02-10T13:54:38.1904570Z   PYTEST_FLAGS: --tardis-regression-data=/Users/runner/work/tardis/tardis/tardis-regression-data --cov=tardis --cov-report=xml --cov-report=html --cov-append
2025-02-10T13:54:38.1905090Z   CODECOV_TOKEN: 
2025-02-10T13:54:38.1905250Z ##[endgroup]
2025-02-10T13:54:39.7285460Z Received 33554432 of 1707218436 (2.0%), 32.0 MBs/sec
2025-02-10T13:54:40.7355770Z Received 75497472 of 1707218436 (4.4%), 36.0 MBs/sec
2025-02-10T13:54:41.7305580Z Received 121634816 of 1707218436 (7.1%), 38.6 MBs/sec
2025-02-10T13:54:42.7315720Z Received 176160768 of 1707218436 (10.3%), 42.0 MBs/sec
2025-02-10T13:54:43.7335290Z Received 251658240 of 1707218436 (14.7%), 47.9 MBs/sec
2025-02-10T13:54:44.7338020Z Received 306184192 of 1707218436 (17.9%), 48.6 MBs/sec
2025-02-10T13:54:45.7343440Z Received 360710144 of 1707218436 (21.1%), 49.1 MBs/sec
2025-02-10T13:54:46.7352120Z Received 436207616 of 1707218436 (25.6%), 51.9 MBs/sec
2025-02-10T13:54:47.7364920Z Received 494927872 of 1707218436 (29.0%), 52.4 MBs/sec
2025-02-10T13:54:48.7551510Z Received 553648128 of 1707218436 (32.4%), 52.7 MBs/sec
2025-02-10T13:54:49.7531450Z Received 624951296 of 1707218436 (36.6%), 54.1 MBs/sec
2025-02-10T13:54:50.7505740Z Received 687865856 of 1707218436 (40.3%), 54.6 MBs/sec
2025-02-10T13:54:51.7517380Z Received 746586112 of 1707218436 (43.7%), 54.7 MBs/sec
2025-02-10T13:54:52.7506510Z Received 805306368 of 1707218436 (47.2%), 54.8 MBs/sec
2025-02-10T13:54:53.7521860Z Received 872415232 of 1707218436 (51.1%), 55.4 MBs/sec
2025-02-10T13:54:54.7525490Z Received 922746880 of 1707218436 (54.0%), 54.9 MBs/sec
2025-02-10T13:54:55.7536640Z Received 977272832 of 1707218436 (57.2%), 54.7 MBs/sec
2025-02-10T13:54:56.7548380Z Received 1027604480 of 1707218436 (60.2%), 54.4 MBs/sec
2025-02-10T13:54:57.7554860Z Received 1094713344 of 1707218436 (64.1%), 54.9 MBs/sec
2025-02-10T13:54:58.7637450Z Received 1140850688 of 1707218436 (66.8%), 54.3 MBs/sec
2025-02-10T13:54:59.7633790Z Received 1203765248 of 1707218436 (70.5%), 54.6 MBs/sec
2025-02-10T13:55:00.7683100Z Received 1266679808 of 1707218436 (74.2%), 54.8 MBs/sec
2025-02-10T13:55:01.7649830Z Received 1329594368 of 1707218436 (77.9%), 55.0 MBs/sec
2025-02-10T13:55:02.7734090Z Received 1388314624 of 1707218436 (81.3%), 55.1 MBs/sec
2025-02-10T13:55:03.7695920Z Received 1438646272 of 1707218436 (84.3%), 54.8 MBs/sec
2025-02-10T13:55:04.7697060Z Received 1501560832 of 1707218436 (88.0%), 55.0 MBs/sec
2025-02-10T13:55:05.7721950Z Received 1564475392 of 1707218436 (91.6%), 55.2 MBs/sec
2025-02-10T13:55:06.7720150Z Received 1627389952 of 1707218436 (95.3%), 55.3 MBs/sec
2025-02-10T13:55:07.7872410Z Received 1660944384 of 1707218436 (97.3%), 54.5 MBs/sec
2025-02-10T13:55:08.4210700Z Cache Size: ~1628 MB (1707218436 B)
2025-02-10T13:55:08.4562900Z [command]/opt/homebrew/bin/gtar -xf /Users/runner/work/_temp/29147180-c90b-4bc6-87a6-731f0e6848d5/cache.tzst -P -C /Users/runner/work/tardis/tardis --delay-directory-restore --use-compress-program unzstd
2025-02-10T13:55:08.7750960Z Received 1707218436 of 1707218436 (100.0%), 54.2 MBs/sec
2025-02-10T13:55:17.4258420Z Cache restored successfully
2025-02-10T13:55:17.5754030Z Cache restored from key: tardis-regression-full-data-21f9fa4b6817cc69b9fae3598144724da7828e276a73bd17f47a2a49d9af090a-tardis-sn/tardis-regression-data-v1
2025-02-10T13:55:17.5908180Z ##[group]Run git lfs checkout
2025-02-10T13:55:17.5908510Z [36;1mgit lfs checkout[0m
2025-02-10T13:55:17.6018760Z shell: /bin/bash --noprofile --norc -e -o pipefail {0}
2025-02-10T13:55:17.6019390Z env:
2025-02-10T13:55:17.6019660Z   CACHE_NUMBER: 0
2025-02-10T13:55:17.6020210Z   PYTEST_FLAGS: --tardis-regression-data=/Users/runner/work/tardis/tardis/tardis-regression-data --cov=tardis --cov-report=xml --cov-report=html --cov-append
2025-02-10T13:55:17.6026360Z   CODECOV_TOKEN: 
2025-02-10T13:55:17.6027220Z ##[endgroup]
2025-02-10T13:55:26.9874140Z Checking out LFS objects: 100% (204/204), 3.5 GB | 295 MB/s, done.
