2025-02-20T05:38:53.5426754Z Prepare all required actions
2025-02-20T05:38:53.5427268Z Getting action download info
2025-02-20T05:38:53.6673855Z ##[group]Download immutable action package 'actions/cache@v4'
2025-02-20T05:38:53.6674379Z Version: 4.2.1
2025-02-20T05:38:53.6674834Z Digest: sha256:b0404c9628d43aa6855629075b28f32cadf8efc5c26198438149f78500112940
2025-02-20T05:38:53.6675444Z Source commit SHA: 0c907a75c2c80ebcb7f088228285e798b750cf8f
2025-02-20T05:38:53.6675872Z ##[endgroup]
2025-02-20T05:38:53.9336203Z ##[group]Run ./.github/actions/setup_lfs
2025-02-20T05:38:53.9336575Z with:
2025-02-20T05:38:53.9336864Z   regression-data-repo: tardis-sn/tardis-regression-data
2025-02-20T05:38:53.9337229Z   atom-data-sparse: false
2025-02-20T05:38:53.9337477Z env:
2025-02-20T05:38:53.9337679Z   CACHE_NUMBER: 0
2025-02-20T05:38:53.9338484Z   PYTEST_FLAGS: --tardis-regression-data=/home/runner/work/tardis/tardis/tardis-regression-data --cov=tardis --cov-report=xml --cov-report=html --cov-append
2025-02-20T05:38:53.9339200Z   CODECOV_TOKEN: 
2025-02-20T05:38:53.9339459Z ##[endgroup]
2025-02-20T05:38:53.9479711Z ##[group]Run actions/checkout@v4
2025-02-20T05:38:53.9480027Z with:
2025-02-20T05:38:53.9480285Z   repository: tardis-sn/tardis-regression-data
2025-02-20T05:38:53.9480620Z   path: tardis-regression-data
2025-02-20T05:38:53.9480885Z   lfs: false
2025-02-20T05:38:53.9481237Z   token: ***
2025-02-20T05:38:53.9481461Z   ssh-strict: true
2025-02-20T05:38:53.9481692Z   ssh-user: git
2025-02-20T05:38:53.9481924Z   persist-credentials: true
2025-02-20T05:38:53.9482179Z   clean: true
2025-02-20T05:38:53.9482418Z   sparse-checkout-cone-mode: true
2025-02-20T05:38:53.9482694Z   fetch-depth: 1
2025-02-20T05:38:53.9482918Z   fetch-tags: false
2025-02-20T05:38:53.9483150Z   show-progress: true
2025-02-20T05:38:53.9483387Z   submodules: false
2025-02-20T05:38:53.9483621Z   set-safe-directory: true
2025-02-20T05:38:53.9483864Z env:
2025-02-20T05:38:53.9484067Z   CACHE_NUMBER: 0
2025-02-20T05:38:53.9484716Z   PYTEST_FLAGS: --tardis-regression-data=/home/runner/work/tardis/tardis/tardis-regression-data --cov=tardis --cov-report=xml --cov-report=html --cov-append
2025-02-20T05:38:53.9485410Z   CODECOV_TOKEN: 
2025-02-20T05:38:53.9485639Z ##[endgroup]
2025-02-20T05:38:54.0403364Z Syncing repository: tardis-sn/tardis-regression-data
2025-02-20T05:38:54.0409669Z ##[group]Getting Git version info
2025-02-20T05:38:54.0410516Z Working directory is '/home/runner/work/tardis/tardis/tardis-regression-data'
2025-02-20T05:38:54.0457484Z [command]/usr/bin/git version
2025-02-20T05:38:54.0493088Z git version 2.48.1
2025-02-20T05:38:54.0517857Z ##[endgroup]
2025-02-20T05:38:54.0530030Z Temporarily overriding HOME='/home/runner/work/_temp/eae00251-58cd-4e75-bf44-4be31d8cd75f' before making global git config changes
2025-02-20T05:38:54.0531188Z Adding repository directory to the temporary git global config as a safe directory
2025-02-20T05:38:54.0535420Z [command]/usr/bin/git config --global --add safe.directory /home/runner/work/tardis/tardis/tardis-regression-data
2025-02-20T05:38:54.0564324Z ##[group]Initializing the repository
2025-02-20T05:38:54.0569419Z [command]/usr/bin/git init /home/runner/work/tardis/tardis/tardis-regression-data
2025-02-20T05:38:54.0605529Z hint: Using 'master' as the name for the initial branch. This default branch name
2025-02-20T05:38:54.0606613Z hint: is subject to change. To configure the initial branch name to use in all
2025-02-20T05:38:54.0607604Z hint: of your new repositories, which will suppress this warning, call:
2025-02-20T05:38:54.0608358Z hint:
2025-02-20T05:38:54.0608694Z hint: 	git config --global init.defaultBranch <name>
2025-02-20T05:38:54.0609062Z hint:
2025-02-20T05:38:54.0609590Z hint: Names commonly chosen instead of 'master' are 'main', 'trunk' and
2025-02-20T05:38:54.0610658Z hint: 'development'. The just-created branch can be renamed via this command:
2025-02-20T05:38:54.0611573Z hint:
2025-02-20T05:38:54.0612067Z hint: 	git branch -m <name>
2025-02-20T05:38:54.0613087Z Initialized empty Git repository in /home/runner/work/tardis/tardis/tardis-regression-data/.git/
2025-02-20T05:38:54.0620468Z [command]/usr/bin/git remote add origin https://github.com/tardis-sn/tardis-regression-data
2025-02-20T05:38:54.0649876Z ##[endgroup]
2025-02-20T05:38:54.0650614Z ##[group]Disabling automatic garbage collection
2025-02-20T05:38:54.0654367Z [command]/usr/bin/git config --local gc.auto 0
2025-02-20T05:38:54.0682448Z ##[endgroup]
2025-02-20T05:38:54.0683167Z ##[group]Setting up auth
2025-02-20T05:38:54.0688659Z [command]/usr/bin/git config --local --name-only --get-regexp core\.sshCommand
2025-02-20T05:38:54.0719071Z [command]/usr/bin/git submodule foreach --recursive sh -c "git config --local --name-only --get-regexp 'core\.sshCommand' && git config --local --unset-all 'core.sshCommand' || :"
2025-02-20T05:38:54.0943742Z [command]/usr/bin/git config --local --name-only --get-regexp http\.https\:\/\/github\.com\/\.extraheader
2025-02-20T05:38:54.0972927Z [command]/usr/bin/git submodule foreach --recursive sh -c "git config --local --name-only --get-regexp 'http\.https\:\/\/github\.com\/\.extraheader' && git config --local --unset-all 'http.https://github.com/.extraheader' || :"
2025-02-20T05:38:54.1209291Z [command]/usr/bin/git config --local http.https://github.com/.extraheader AUTHORIZATION: basic ***
2025-02-20T05:38:54.1245429Z ##[endgroup]
2025-02-20T05:38:54.1246311Z ##[group]Determining the default branch
2025-02-20T05:38:54.1250164Z Retrieving the default branch name
2025-02-20T05:38:54.3184507Z Default branch 'main'
2025-02-20T05:38:54.3185502Z ##[endgroup]
2025-02-20T05:38:54.3186178Z ##[group]Fetching the repository
2025-02-20T05:38:54.3192888Z [command]/usr/bin/git -c protocol.version=2 fetch --no-tags --prune --no-recurse-submodules --depth=1 origin +refs/heads/main:refs/remotes/origin/main
2025-02-20T05:38:54.8732451Z From https://github.com/tardis-sn/tardis-regression-data
2025-02-20T05:38:54.8734671Z  * [new branch]      main       -> origin/main
2025-02-20T05:38:54.8760361Z ##[endgroup]
2025-02-20T05:38:54.8761044Z ##[group]Determining the checkout info
2025-02-20T05:38:54.8762304Z ##[endgroup]
2025-02-20T05:38:54.8768284Z [command]/usr/bin/git sparse-checkout disable
2025-02-20T05:38:54.8806189Z [command]/usr/bin/git config --local --unset-all extensions.worktreeConfig
2025-02-20T05:38:54.8840035Z ##[group]Checking out the ref
2025-02-20T05:38:54.8840843Z [command]/usr/bin/git checkout --progress --force -B main refs/remotes/origin/main
2025-02-20T05:38:54.9873591Z Switched to a new branch 'main'
2025-02-20T05:38:54.9875199Z branch 'main' set up to track 'origin/main'.
2025-02-20T05:38:55.0143475Z ##[endgroup]
2025-02-20T05:38:55.0184803Z [command]/usr/bin/git log -1 --format=%H
2025-02-20T05:38:55.0208364Z 84e768462f20f09fbccc05625cdcc1d8ffbe404c
2025-02-20T05:38:55.0341706Z ##[group]Run if [ "false" == "true" ]; then
2025-02-20T05:38:55.0342140Z [36;1mif [ "false" == "true" ]; then[0m
2025-02-20T05:38:55.0342468Z [36;1m  echo "Using atom data sparse checkout"[0m
2025-02-20T05:38:55.0343107Z [36;1m  echo "atom_data/kurucz_cd23_chianti_H_He.h5" > .lfs-files-list[0m
2025-02-20T05:38:55.0343452Z [36;1melse[0m
2025-02-20T05:38:55.0343666Z [36;1m  echo "Using full repository checkout"[0m
2025-02-20T05:38:55.0344019Z [36;1m  git lfs ls-files -l | cut -d' ' -f1 | sort > .lfs-files-list[0m
2025-02-20T05:38:55.0344341Z [36;1mfi[0m
2025-02-20T05:38:55.0487119Z shell: /usr/bin/bash --noprofile --norc -e -o pipefail {0}
2025-02-20T05:38:55.0487507Z env:
2025-02-20T05:38:55.0487697Z   CACHE_NUMBER: 0
2025-02-20T05:38:55.0488590Z   PYTEST_FLAGS: --tardis-regression-data=/home/runner/work/tardis/tardis/tardis-regression-data --cov=tardis --cov-report=xml --cov-report=html --cov-append
2025-02-20T05:38:55.0489346Z   CODECOV_TOKEN: 
2025-02-20T05:38:55.0489583Z ##[endgroup]
2025-02-20T05:38:55.0580954Z Using full repository checkout
2025-02-20T05:38:55.1969159Z ##[group]Run actions/cache/restore@v4
2025-02-20T05:38:55.1969589Z with:
2025-02-20T05:38:55.1969866Z   path: tardis-regression-data/.git/lfs
2025-02-20T05:38:55.1970812Z   key: tardis-regression-full-data-c8ff2bbb6048b3f24d3f52a1e85b013ad47e52c369a6ce4cfdeff528b659b86f-tardis-sn/tardis-regression-data-v1
2025-02-20T05:38:55.1971913Z   fail-on-cache-miss: true
2025-02-20T05:38:55.1972234Z   enableCrossOsArchive: false
2025-02-20T05:38:55.1972548Z   lookup-only: false
2025-02-20T05:38:55.1972793Z env:
2025-02-20T05:38:55.1972974Z   CACHE_NUMBER: 0
2025-02-20T05:38:55.1973661Z   PYTEST_FLAGS: --tardis-regression-data=/home/runner/work/tardis/tardis/tardis-regression-data --cov=tardis --cov-report=xml --cov-report=html --cov-append
2025-02-20T05:38:55.1974384Z   CODECOV_TOKEN: 
2025-02-20T05:38:55.1974582Z ##[endgroup]
2025-02-20T05:38:55.3937849Z Cache hit for: tardis-regression-full-data-c8ff2bbb6048b3f24d3f52a1e85b013ad47e52c369a6ce4cfdeff528b659b86f-tardis-sn/tardis-regression-data-v1
2025-02-20T05:38:56.4467581Z Received 155189248 of 2161656325 (7.2%), 147.1 MBs/sec
2025-02-20T05:38:57.4464906Z Received 394264576 of 2161656325 (18.2%), 187.4 MBs/sec
2025-02-20T05:38:58.4485068Z Received 557842432 of 2161656325 (25.8%), 176.9 MBs/sec
2025-02-20T05:38:59.5252492Z Received 805306368 of 2161656325 (37.3%), 188.0 MBs/sec
2025-02-20T05:39:00.5253992Z Received 1052770304 of 2161656325 (48.7%), 197.4 MBs/sec
2025-02-20T05:39:01.5272707Z Received 1245708288 of 2161656325 (57.6%), 195.2 MBs/sec
2025-02-20T05:39:02.5275561Z Received 1476395008 of 2161656325 (68.3%), 198.7 MBs/sec
2025-02-20T05:39:03.5273420Z Received 1694498816 of 2161656325 (78.4%), 199.8 MBs/sec
2025-02-20T05:39:04.5274888Z Received 1904214016 of 2161656325 (88.1%), 199.8 MBs/sec
2025-02-20T05:39:05.5714768Z Received 2147483648 of 2161656325 (99.3%), 202.2 MBs/sec
2025-02-20T05:39:05.7104954Z Received 2161656325 of 2161656325 (100.0%), 200.7 MBs/sec
2025-02-20T05:39:05.7108161Z Cache Size: ~2062 MB (2161656325 B)
2025-02-20T05:39:05.7146082Z [command]/usr/bin/tar -xf /home/runner/work/_temp/75179de6-b172-45e2-b90d-b2812c302e58/cache.tzst -P -C /home/runner/work/tardis/tardis --use-compress-program unzstd
2025-02-20T05:39:17.0400718Z Cache restored successfully
2025-02-20T05:39:18.1371398Z Cache restored from key: tardis-regression-full-data-c8ff2bbb6048b3f24d3f52a1e85b013ad47e52c369a6ce4cfdeff528b659b86f-tardis-sn/tardis-regression-data-v1
2025-02-20T05:39:18.1513824Z ##[group]Run git lfs checkout
2025-02-20T05:39:18.1514080Z [36;1mgit lfs checkout[0m
2025-02-20T05:39:18.1569623Z shell: /usr/bin/bash --noprofile --norc -e -o pipefail {0}
2025-02-20T05:39:18.1569947Z env:
2025-02-20T05:39:18.1570119Z   CACHE_NUMBER: 0
2025-02-20T05:39:18.1570741Z   PYTEST_FLAGS: --tardis-regression-data=/home/runner/work/tardis/tardis/tardis-regression-data --cov=tardis --cov-report=xml --cov-report=html --cov-append
2025-02-20T05:39:18.1571397Z   CODECOV_TOKEN: 
2025-02-20T05:39:18.1571582Z ##[endgroup]
2025-02-20T05:39:37.4216981Z Checking out LFS objects: 100% (204/204), 5.7 GB | 264 MB/s, done.
