2025-01-20T14:42:08.9339240Z Prepare all required actions
2025-01-20T14:42:08.9340170Z Getting action download info
2025-01-20T14:42:09.2092160Z Download action repository 'mamba-org/setup-micromamba@v1' (SHA:4b9113af4fba0e9e1124b252dd6497a419e7396d)
2025-01-20T14:42:10.3875150Z ##[group]Run ./.github/actions/setup_env
2025-01-20T14:42:10.3875620Z with:
2025-01-20T14:42:10.3875860Z   os-label: osx-arm64
2025-01-20T14:42:10.3876260Z env:
2025-01-20T14:42:10.3876360Z   CACHE_NUMBER: 0
2025-01-20T14:42:10.3876820Z   PYTEST_FLAGS: --tardis-regression-data=/Users/runner/work/tardis/tardis/tardis-regression-data --cov=tardis --cov-report=xml --cov-report=html --cov-append
2025-01-20T14:42:10.3877410Z   CODECOV_TOKEN: 
2025-01-20T14:42:10.3877600Z ##[endgroup]
2025-01-20T14:42:10.3893640Z ##[group]Run file_hash=$(cat conda-osx-arm64.lock | shasum -a 256 | cut -d' ' -f1)
2025-01-20T14:42:10.3894040Z [36;1mfile_hash=$(cat conda-osx-arm64.lock | shasum -a 256 | cut -d' ' -f1)[0m
2025-01-20T14:42:10.3894360Z [36;1mecho "file_hash=$file_hash" >> "${GITHUB_OUTPUT}"[0m
2025-01-20T14:42:10.3941580Z shell: /bin/bash --noprofile --norc -e -o pipefail {0}
2025-01-20T14:42:10.3941820Z env:
2025-01-20T14:42:10.3941940Z   CACHE_NUMBER: 0
2025-01-20T14:42:10.3942420Z   PYTEST_FLAGS: --tardis-regression-data=/Users/runner/work/tardis/tardis/tardis-regression-data --cov=tardis --cov-report=xml --cov-report=html --cov-append
2025-01-20T14:42:10.3942930Z   CODECOV_TOKEN: 
2025-01-20T14:42:10.3943050Z ##[endgroup]
2025-01-20T14:42:10.5274820Z ##[group]Run mamba-org/setup-micromamba@v1
2025-01-20T14:42:10.5275060Z with:
2025-01-20T14:42:10.5275210Z   environment-file: conda-osx-arm64.lock
2025-01-20T14:42:10.5275540Z   cache-environment-key: 1f7898d12df82be70a455ac3eee1e61c51099641f17ef4c9df652c7e5d89506a
2025-01-20T14:42:10.5275990Z   cache-downloads-key: 1f7898d12df82be70a455ac3eee1e61c51099641f17ef4c9df652c7e5d89506a
2025-01-20T14:42:10.5276300Z   environment-name: tardis
2025-01-20T14:42:10.5276470Z   cache-environment: true
2025-01-20T14:42:10.5276620Z   cache-downloads: true
2025-01-20T14:42:10.5276810Z env:
2025-01-20T14:42:10.5276930Z   CACHE_NUMBER: 0
2025-01-20T14:42:10.5277380Z   PYTEST_FLAGS: --tardis-regression-data=/Users/runner/work/tardis/tardis/tardis-regression-data --cov=tardis --cov-report=xml --cov-report=html --cov-append
2025-01-20T14:42:10.5277900Z   CODECOV_TOKEN: 
2025-01-20T14:42:10.5278030Z ##[endgroup]
2025-01-20T14:42:10.8143300Z Will download micromamba to /Users/runner/micromamba-bin/micromamba
2025-01-20T14:42:10.8145460Z ##[group]Install micromamba
2025-01-20T14:42:11.5158130Z micromamba installed to /Users/runner/micromamba-bin/micromamba
2025-01-20T14:42:11.5158970Z ##[endgroup]
2025-01-20T14:42:11.5159250Z Adding conda-forge to condarc channels ...
2025-01-20T14:42:11.5182750Z ##[group]Initialize micromamba for bash.
2025-01-20T14:42:11.5192180Z [command]/Users/runner/micromamba-bin/micromamba shell init -s bash -r /Users/runner/micromamba --log-level warning --rc-file /Users/runner/work/_temp/setup-micromamba/.condarc
2025-01-20T14:42:11.5414460Z Modifying RC file "/Users/runner/.bash_profile"
2025-01-20T14:42:11.5416520Z Generating config for root prefix [1m"/Users/runner/micromamba"[0m
2025-01-20T14:42:11.5417860Z Setting mamba executable to: [1m"/Users/runner/micromamba-bin/micromamba"[0m
2025-01-20T14:42:11.5418630Z Adding (or replacing) the following in your "/Users/runner/.bash_profile" file
2025-01-20T14:42:11.5418880Z 
2025-01-20T14:42:11.5418940Z # >>> mamba initialize >>>
2025-01-20T14:42:11.5419170Z # !! Contents within this block are managed by 'mamba init' !!
2025-01-20T14:42:11.5419510Z export MAMBA_EXE='/Users/runner/micromamba-bin/micromamba';
2025-01-20T14:42:11.5419790Z export MAMBA_ROOT_PREFIX='/Users/runner/micromamba';
2025-01-20T14:42:11.5420200Z __mamba_setup="$("$MAMBA_EXE" shell hook --shell bash --root-prefix "$MAMBA_ROOT_PREFIX" 2> /dev/null)"
2025-01-20T14:42:11.5420540Z if [ $? -eq 0 ]; then
2025-01-20T14:42:11.5420800Z     eval "$__mamba_setup"
2025-01-20T14:42:11.5420960Z else
2025-01-20T14:42:11.5421540Z     alias micromamba="$MAMBA_EXE"  # Fallback on help from mamba activate
2025-01-20T14:42:11.5421830Z fi
2025-01-20T14:42:11.5421950Z unset __mamba_setup
2025-01-20T14:42:11.5422100Z # <<< mamba initialize <<<
2025-01-20T14:42:11.5422220Z 
2025-01-20T14:42:11.5423150Z ##[endgroup]
2025-01-20T14:42:11.5423870Z ##[group]Restoring downloads from `/Users/runner/micromamba/pkgs` ...
2025-01-20T14:42:11.7373970Z Cache miss
2025-01-20T14:42:11.7376040Z ##[endgroup]
2025-01-20T14:42:11.7378210Z ##[group]Restoring environment `tardis` from `/Users/runner/micromamba/envs/tardis` ...
2025-01-20T14:42:11.7828730Z Cache miss
2025-01-20T14:42:11.7829050Z ##[endgroup]
2025-01-20T14:42:11.7829350Z ##[group]Install environment `tardis`
2025-01-20T14:42:11.7830980Z [command]/Users/runner/micromamba-bin/micromamba create -y -r /Users/runner/micromamba -f conda-osx-arm64.lock -n tardis  --log-level warning --rc-file /Users/runner/work/_temp/setup-micromamba/.condarc
2025-01-20T14:42:12.2518140Z Transaction
2025-01-20T14:42:12.2618730Z 
2025-01-20T14:42:12.2719420Z   Prefix: /Users/runner/micromamba/envs/tardis
2025-01-20T14:42:12.2730870Z 
2025-01-20T14:42:12.2741270Z   Updating specs:
2025-01-20T14:42:12.2750340Z 
2025-01-20T14:42:12.2763750Z    - conda-forge/osx-arm64::c-ares==1.28.1=h93a5062_0[md5=04f776a6139f7eafc2f38668570eb7db]
2025-01-20T14:42:12.2766160Z    - conda-forge/osx-arm64::ca-certificates==2024.12.14=hf0a4a13_0[md5=7cb381a6783d91902638e4ed1ebd478e]
2025-01-20T14:42:12.2786750Z    - conda-forge/noarch::font-ttf-dejavu-sans-mono==2.37=hab24e00_0[md5=0c96522c6bdaed4b1566d11387caaf45]
2025-01-20T14:42:12.2794240Z    - conda-forge/noarch::font-ttf-inconsolata==3.000=h77eed37_0[md5=34893075a5c9e55cdafac56607368fc6]
2025-01-20T14:42:12.2794860Z    - conda-forge/noarch::font-ttf-source-code-pro==2.038=h77eed37_0[md5=4d59c254e01d9cde7957100457e2d5fb]
2025-01-20T14:42:12.2795520Z    - conda-forge/noarch::font-ttf-ubuntu==0.83=h77eed37_3[md5=49023d73832ef61042f6a237cb2687e7]
2025-01-20T14:42:12.2796020Z    - conda-forge/osx-arm64::fribidi==1.0.10=h27ca646_0[md5=c64443234ff91d70cb9c7dc926c58834]
2025-01-20T14:42:12.2796440Z    - conda-forge/osx-arm64::giflib==5.2.2=h93a5062_0[md5=95fa1486c77505330c20f7202492b913]
2025-01-20T14:42:12.2796860Z    - conda-forge/osx-arm64::git-lfs==3.5.1=h40ddcf5_1[md5=69e2c0464e3c3a2fb30a837ee38584cd]
2025-01-20T14:42:12.2797350Z    - conda-forge/osx-arm64::icu==73.2=hc8870d7_0[md5=8521bd47c0e11c5902535bb1a17c565f]
2025-01-20T14:42:12.2797770Z    - conda-forge/osx-arm64::libdeflate==1.20=h93a5062_0[md5=97efeaeba2a9a82bdf46fc6d025e3a57]
2025-01-20T14:42:12.2798180Z    - conda-forge/osx-arm64::libev==4.33=h93a5062_2[md5=36d33e440c31857372a72137f78bacf5]
2025-01-20T14:42:12.2798590Z    - conda-forge/osx-arm64::libexpat==2.6.2=hebf3989_0[md5=e3cde7cfa87f82f7cb13d482d5e0ad09]
2025-01-20T14:42:12.2799010Z    - conda-forge/osx-arm64::libffi==3.4.2=h3422bc3_5[md5=086914b672be056eb70fd4285b6783b6]
2025-01-20T14:42:12.2799420Z    - conda-forge/osx-arm64::libiconv==1.17=h0d3ecfb_2[md5=69bda57310071cf6d2b86caf11573d2d]
2025-01-20T14:42:12.2799850Z    - conda-forge/osx-arm64::libjpeg-turbo==3.0.0=hb547adb_1[md5=3ff1e053dc3a2b8e36b9bfa4256a58d1]
2025-01-20T14:42:12.2800300Z    - conda-forge/osx-arm64::libsodium==1.0.18=h27ca646_1[md5=90859688dbca4735b74c02af14c4c793]
2025-01-20T14:42:12.2800970Z    - conda-forge/osx-arm64::libwebp-base==1.4.0=h93a5062_0[md5=c0af0edfebe780b19940e94871f1a765]
2025-01-20T14:42:12.2801380Z    - conda-forge/osx-arm64::pandoc==3.2.1=hce30654_0[md5=9ab1789fa84c40b8257002cc979a2e1a]
2025-01-20T14:42:12.2801800Z    - conda-forge/osx-arm64::python_abi==3.12=5_cp312[md5=b76f9b1c862128e56ac7aa8cd2333de9]
2025-01-20T14:42:12.2802240Z    - conda-forge/noarch::tzdata==2024a=h8827d51_1[md5=8bfdead4e0fff0383ae4c9c50d0531bd]
2025-01-20T14:42:12.2802640Z    - conda-forge/osx-arm64::xz==5.2.6=h57fd34a_0[md5=39c6b54e94014701dd157f4f576ed211]
2025-01-20T14:42:12.2803020Z    - conda-forge/osx-arm64::yaml==0.2.5=h3422bc3_2[md5=4bb3f014845110883a3c5ee811fd84b4]
2025-01-20T14:42:12.2803430Z    - conda-forge/osx-arm64::bzip2==1.0.8=h99b78c6_7[md5=fc6948412dbbbe9a4c9ddbbcfe0a79ab]
2025-01-20T14:42:12.2804000Z    - conda-forge/osx-arm64::expat==2.6.2=hebf3989_0[md5=de0cff0ec74f273c4b6aa281479906c3]
2025-01-20T14:42:12.2804390Z    - conda-forge/noarch::fonts-conda-forge==1=0[md5=f766549260d6815b0c52253f1fb1bb29]
2025-01-20T14:42:12.2804830Z    - conda-forge/osx-arm64::libbrotlicommon==1.1.0=hd74edd7_2[md5=d0bf1dff146b799b319ea0434b93f779]
2025-01-20T14:42:12.2805250Z    - conda-forge/osx-arm64::libcxx==19.1.7=ha82da77_0[md5=5b3e1610ff8bd5443476b91d618f5b77]
2025-01-20T14:42:12.2805640Z    - conda-forge/osx-arm64::libintl==0.22.5=h8414b35_3[md5=3b98ec32e91b3b59ad53dbb9c96dd334]
2025-01-20T14:42:12.2806040Z    - conda-forge/osx-arm64::libzlib==1.3.1=h8359307_2[md5=369964e85dc26bfe78f41399b366c435]
2025-01-20T14:42:12.2806450Z    - conda-forge/osx-arm64::llvm-openmp==18.1.7=hde57baf_0[md5=2f651f8977594cc74852fa280785187a]
2025-01-20T14:42:12.2806860Z    - conda-forge/osx-arm64::ncurses==6.5=h5e97a16_2[md5=f6f7c5b7d0983be186c46c4f6f8f9af8]
2025-01-20T14:42:12.2807260Z    - conda-forge/osx-arm64::openssl==3.4.0=h81ee809_1[md5=22f971393637480bda8c679f374d8861]
2025-01-20T14:42:12.2807680Z    - conda-forge/osx-arm64::pthread-stubs==0.4=hd74edd7_1002[md5=415816daf82e0b23a736a069a75e9da7]
2025-01-20T14:42:12.2808110Z    - conda-forge/osx-arm64::xorg-libxau==1.0.11=hd74edd7_1[md5=7e0125f8fb619620a0011dc9297e2493]
2025-01-20T14:42:12.2808520Z    - conda-forge/osx-arm64::xorg-libxdmcp==1.1.3=hd74edd7_2[md5=6aa30139d9b6f59e7c2f336d761df4f3]
2025-01-20T14:42:12.2808940Z    - conda-forge/noarch::fonts-conda-ecosystem==1=0[md5=fee5683a3f04bd15cbd8318b096a27ab]
2025-01-20T14:42:12.2809370Z    - conda-forge/osx-arm64::gettext-tools==0.22.5=h8414b35_3[md5=47071f4b2915032e1d47119f779f9d9c]
2025-01-20T14:42:12.2809760Z    - conda-forge/osx-arm64::gmp==6.3.0=h7bae524_2[md5=eed7278dfbab727b56f2c0b64330814b]
2025-01-20T14:42:12.2810160Z    - conda-forge/osx-arm64::graphite2==1.3.13=hebf3989_1003[md5=339991336eeddb70076d8ca826dac625]
2025-01-20T14:42:12.2810560Z    - conda-forge/osx-arm64::lerc==4.0.0=h9a09cb3_0[md5=de462d5aacda3b30721b512c5da4e742]
2025-01-20T14:42:12.2810940Z    - conda-forge/osx-arm64::libaec==1.1.3=hebf3989_0[md5=6f0b8e56d2e7bae12a18fc5b2cd9f310]
2025-01-20T14:42:12.2811350Z    - conda-forge/osx-arm64::libasprintf==0.22.5=h8414b35_3[md5=472b673c083175195965a48f2f4808f8]
2025-01-20T14:42:12.2811780Z    - conda-forge/osx-arm64::libbrotlidec==1.1.0=hd74edd7_2[md5=55e66e68ce55523a6811633dd1ac74e2]
2025-01-20T14:42:12.2812200Z    - conda-forge/osx-arm64::libbrotlienc==1.1.0=hd74edd7_2[md5=4f3a434504c67b2c42565c0b85c1885c]
2025-01-20T14:42:12.2812630Z    - conda-forge/osx-arm64::libedit==3.1.20191231=hc8eb9b7_2[md5=30e4362988a2623e9eb34337b83e01f9]
2025-01-20T14:42:12.2813060Z    - conda-forge/osx-arm64::libgettextpo==0.22.5=h8414b35_3[md5=c8cd7295cfb7bda5cbabea4fef904349]
2025-01-20T14:42:12.2813480Z    - conda-forge/osx-arm64::libgfortran5==13.2.0=hf226fd6_3[md5=66ac81d54e95c534ae488726c1f698ea]
2025-01-20T14:42:12.2813910Z    - conda-forge/osx-arm64::libintl-devel==0.22.5=h8414b35_3[md5=271646de11b018c66e81eb4c4717b291]
2025-01-20T14:42:12.2814330Z    - conda-forge/osx-arm64::libllvm14==14.0.6=hd1a9a77_4[md5=9f3dce5d26ea56a9000cd74c034582bd]
2025-01-20T14:42:12.2814810Z    - conda-forge/osx-arm64::libnghttp2==1.58.0=ha4dd798_1[md5=1813e066bfcef82de579a0be8a766df4]
2025-01-20T14:42:12.2815360Z    - conda-forge/osx-arm64::libpng==1.6.43=h091b4b1_0[md5=77e684ca58d82cae9deebafb95b1a2b8]
2025-01-20T14:42:12.2815750Z    - conda-forge/osx-arm64::libsqlite==3.46.0=hfb93653_0[md5=12300188028c9bc02da965128b91b517]
2025-01-20T14:42:12.2816130Z    - conda-forge/osx-arm64::libssh2==1.11.0=h7a5bd25_0[md5=029f7dc931a3b626b94823bc77830b01]
2025-01-20T14:42:12.2816510Z    - conda-forge/osx-arm64::libxcb==1.16=hc9fafa5_1[md5=c40807bb9ee47958bf815406c87cbc5b]
2025-01-20T14:42:12.2816920Z    - conda-forge/osx-arm64::libxml2==2.12.7=h9a80f22_3[md5=705829a78a7ce3dff19a967f0f0f5ed3]
2025-01-20T14:42:12.2817340Z    - conda-forge/osx-arm64::lz4-c==1.10.0=h286801f_1[md5=01511afc6cc1909c5303cf31be17b44f]
2025-01-20T14:42:12.2817850Z    - conda-forge/osx-arm64::pcre2==10.44=h297a79d_2[md5=147c83e5e44780c7492998acbacddf52]
2025-01-20T14:42:12.2818310Z    - conda-forge/osx-arm64::pixman==0.43.4=hebf3989_0[md5=0308c68e711cd295aaa026a4f8c4b1e5]
2025-01-20T14:42:12.2818740Z    - conda-forge/osx-arm64::readline==8.2=h92ec313_1[md5=8cbb776a2f641b943d413b3e19df71f4]
2025-01-20T14:42:12.2819140Z    - conda-forge/osx-arm64::snappy==1.2.1=h98b9ce2_1[md5=ded86dee325290da2967a3fea3800eb5]
2025-01-20T14:42:12.2819530Z    - conda-forge/osx-arm64::tk==8.6.13=h5083fa2_1[md5=b50a57ba89c32b62428b71a875291c9b]
2025-01-20T14:42:12.2819990Z    - conda-forge/osx-arm64::zlib==1.3.1=h8359307_2[md5=e3170d898ca6cb48f1bb567afb92f775]
2025-01-20T14:42:12.2820430Z    - conda-forge/osx-arm64::zlib-ng==2.2.3=h13dfb9a_0[md5=b54d0a4f009486217e44dead73b3eeb6]
2025-01-20T14:42:12.2820820Z    - conda-forge/osx-arm64::zstd==1.5.6=hb46c0d2_0[md5=d96942c06c3e84bfcc5efb038724a7fd]
2025-01-20T14:42:12.2821210Z    - conda-forge/osx-arm64::blosc==1.21.6=h7dd00d9_1[md5=925acfb50a750aa178f7a0aced77f351]
2025-01-20T14:42:12.2821640Z    - conda-forge/osx-arm64::brotli-bin==1.1.0=hd74edd7_2[md5=b8512db2145dc3ae8d86cdc21a8d421e]
2025-01-20T14:42:12.2822070Z    - conda-forge/osx-arm64::c-blosc2==2.15.2=h9cbb436_1[md5=9b2a1e9b4c5af217b6fefe5b198e569d]
2025-01-20T14:42:12.2822500Z    - conda-forge/osx-arm64::freetype==2.12.1=hadb7bae_2[md5=e6085e516a3e304ce41a8ee08b9b89ad]
2025-01-20T14:42:12.2822910Z    - conda-forge/osx-arm64::krb5==1.21.2=h92f50d5_0[md5=92f1cff174a538e0722bf2efb16fc0b2]
2025-01-20T14:42:12.2823350Z    - conda-forge/osx-arm64::libasprintf-devel==0.22.5=h8414b35_3[md5=a03ca97f9fabf5626660697c2e0b8850]
2025-01-20T14:42:12.2823840Z    - conda-forge/osx-arm64::libgettextpo-devel==0.22.5=h8414b35_3[md5=7074dc1c9aae1bb5d7bccb4ff03746ca]
2025-01-20T14:42:12.2824300Z    - conda-forge/osx-arm64::libgfortran==5.0.0=13_2_0_hd922786_3[md5=4a55d9e169114b2b90d3ec4604cd7bbf]
2025-01-20T14:42:12.2824740Z    - conda-forge/osx-arm64::libglib==2.80.2=h59d46d9_1[md5=104d740896163d3e5b4b5ca7bc8f5bbb]
2025-01-20T14:42:12.2825160Z    - conda-forge/osx-arm64::libtiff==4.6.0=h07db509_3[md5=28c9f8c6dd75666dfb296aea06c49cb8]
2025-01-20T14:42:12.2825580Z    - conda-forge/osx-arm64::libxslt==1.1.39=h223e5b9_0[md5=560c9cacc33e927f55b998eaa0cb1732]
2025-01-20T14:42:12.2825980Z    - conda-forge/osx-arm64::mpfr==4.2.1=hb693164_3[md5=4e4ea852d54cc2b869842de5044662fb]
2025-01-20T14:42:12.2826400Z    - conda-forge/osx-arm64::python==3.12.4=h30c5eda_0_cpython[md5=e3e44e0e72aed46dcb810fa3e96784be]
2025-01-20T14:42:12.2826850Z    - conda-forge/noarch::alabaster==0.7.16=pyhd8ed1ab_0[md5=def531a3ac77b7fb8c21d17bb5d0badb]
2025-01-20T14:42:12.2827270Z    - conda-forge/noarch::appnope==0.1.4=pyhd8ed1ab_1[md5=54898d0f524c9dee622d44bbb081a8ab]
2025-01-20T14:42:12.2827740Z    - conda-forge/noarch::astropy-iers-data==0.2024.6.17.0.31.35=pyhd8ed1ab_0[md5=f535beec9185f435fd331ad9f7c47099]
2025-01-20T14:42:12.2828200Z    - conda-forge/osx-arm64::atk-1.0==2.38.0=hd03087b_2[md5=57301986d02d30d6805fdce6c99074ee]
2025-01-20T14:42:12.2828660Z    - conda-forge/noarch::attrs==23.2.0=pyh71513ae_0[md5=5e4c0743c70186509d1412e03c2d8dfa]
2025-01-20T14:42:12.2829060Z    - conda-forge/osx-arm64::brotli==1.1.0=hd74edd7_2[md5=215e3dc8f2f837906d066e7f01aa77c0]
2025-01-20T14:42:12.2829670Z    - conda-forge/osx-arm64::brotli-python==1.1.0=py312hde4cb15_2[md5=a83c2ef76ccb11bc2349f4f17696b15d]
2025-01-20T14:42:12.2830170Z    - conda-forge/noarch::cached_property==1.5.2=pyha770c72_1[md5=576d629e47797577ab0f1b351297ef4a]
2025-01-20T14:42:12.2830620Z    - conda-forge/noarch::certifi==2024.12.14=pyhd8ed1ab_0[md5=6feb87357ecd66733be3279f16a8c400]
2025-01-20T14:42:12.2831090Z    - conda-forge/noarch::charset-normalizer==3.3.2=pyhd8ed1ab_0[md5=7f4a9e3fcff3f6356ae99244a014da6a]
2025-01-20T14:42:12.2831570Z    - conda-forge/noarch::click==8.1.7=unix_pyh707e725_1[md5=cb8e52f28f5e592598190c562e7b5bf1]
2025-01-20T14:42:12.2832020Z    - conda-forge/noarch::codespell==2.3.0=pyhd8ed1ab_1[md5=840293a20343a601ca2738d359e403eb]
2025-01-20T14:42:12.2832620Z    - conda-forge/noarch::colorama==0.4.6=pyhd8ed1ab_1[md5=962b9857ee8e7018c22f2776ffa0b2d7]
2025-01-20T14:42:12.2833040Z    - conda-forge/noarch::cycler==0.12.1=pyhd8ed1ab_1[md5=44600c4667a319d67dbe0681fc0bc833]
2025-01-20T14:42:12.2833480Z    - conda-forge/noarch::dataclasses==0.8=pyhc8e2a94_3[md5=a362b2124b06aad102e2ee4581acee7d]
2025-01-20T14:42:12.2833930Z    - conda-forge/osx-arm64::debugpy==1.8.1=py312h20a0b95_0[md5=d850abbd9eeedbe2e734e397038f3f76]
2025-01-20T14:42:12.2834350Z    - conda-forge/noarch::decorator==5.1.1=pyhd8ed1ab_1[md5=d622d8d7ee8868870f9cbe259f381181]
2025-01-20T14:42:12.2834760Z    - conda-forge/noarch::defusedxml==0.7.1=pyhd8ed1ab_0[md5=961b3a227b437d82ad7054484cfa71b2]
2025-01-20T14:42:12.2835180Z    - conda-forge/osx-arm64::docutils==0.20.1=py312h81bd7bf_3[md5=50ea9a1ab48349f343ca2ae82833bda4]
2025-01-20T14:42:12.2835620Z    - conda-forge/noarch::entrypoints==0.4=pyhd8ed1ab_1[md5=3366592d3c219f2731721f11bc93755c]
2025-01-20T14:42:12.2836070Z    - conda-forge/noarch::exceptiongroup==1.2.0=pyhd8ed1ab_2[md5=8d652ea2ee8eaee02ed8dc820bc794aa]
2025-01-20T14:42:12.2836520Z    - conda-forge/noarch::executing==2.0.1=pyhd8ed1ab_0[md5=e16be50e378d8a4533b989035b196ab8]
2025-01-20T14:42:12.2836960Z    - conda-forge/osx-arm64::fontconfig==2.14.2=h82840c6_0[md5=f77d47ddb6d3cc5b39b9bdf65635afbb]
2025-01-20T14:42:12.2837390Z    - conda-forge/noarch::future==1.0.0=pyhd8ed1ab_1[md5=e75df25fe5ddec19b2f6ac8dfd33b838]
2025-01-20T14:42:12.2837840Z    - conda-forge/osx-arm64::gdk-pixbuf==2.42.12=h7ddc832_0[md5=151309a7e1eb57a3c2ab8088a1d74f3e]
2025-01-20T14:42:12.2838290Z    - conda-forge/osx-arm64::gettext==0.22.5=h8414b35_3[md5=89b31a91b3ac2b7b3b0e5bc4eb99c39d]
2025-01-20T14:42:12.2838740Z    - conda-forge/osx-arm64::greenlet==3.1.1=py312hd8f9ff3_1[md5=a86b17a70c836a899dc5b3098594d343]
2025-01-20T14:42:12.2839150Z    - conda-forge/osx-arm64::gts==0.7.6=he42f4ea_4[md5=21b4dd3098f63a74cf2aa9159cbef57d]
2025-01-20T14:42:12.2839550Z    - conda-forge/noarch::hpack==4.0.0=pyhd8ed1ab_1[md5=2aa5ff7fa34a81b9196532c84c10d865]
2025-01-20T14:42:12.2839990Z    - conda-forge/noarch::hyperframe==6.0.1=pyhd8ed1ab_1[md5=566e75c90c1d0c8c459eb0ad9833dc7a]
2025-01-20T14:42:12.2840410Z    - conda-forge/noarch::idna==3.7=pyhd8ed1ab_0[md5=c0cc1420498b17414d8617d0b9f506ca]
2025-01-20T14:42:12.2840820Z    - conda-forge/noarch::imagesize==1.4.1=pyhd8ed1ab_0[md5=7de5386c8fea29e76b303f37dde4c352]
2025-01-20T14:42:12.2841260Z    - conda-forge/noarch::iniconfig==2.0.0=pyhd8ed1ab_1[md5=6837f3eff7dcea42ecd714ce1ac2b108]
2025-01-20T14:42:12.2841720Z    - conda-forge/noarch::ipython_genutils==0.2.0=pyhd8ed1ab_2[md5=2f0ba4bc12af346bc6c99bdc377e8944]
2025-01-20T14:42:12.2842170Z    - conda-forge/noarch::json5==0.9.25=pyhd8ed1ab_0[md5=5d8c241a9261e720a34a07a3e1ac4109]
2025-01-20T14:42:12.2842610Z    - conda-forge/osx-arm64::jsonpointer==3.0.0=py312h81bd7bf_1[md5=80f403c03290e1662be03e026fb5f8ab]
2025-01-20T14:42:12.2843090Z    - conda-forge/noarch::jupyterlab_widgets==1.1.11=pyhd8ed1ab_0[md5=05a08b368343304618b6a88425aa851a]
2025-01-20T14:42:12.2843570Z    - conda-forge/osx-arm64::kiwisolver==1.4.5=py312h6142ec9_2[md5=158b38c2f94355fb30767aea4c65311e]
2025-01-20T14:42:12.2844010Z    - conda-forge/osx-arm64::lcms2==2.16=ha0e7c42_0[md5=66f6c134e76fe13cce8a9ea5814b5dd5]
2025-01-20T14:42:12.2844700Z    - conda-forge/osx-arm64::libcurl==8.8.0=h7b6f9a7_0[md5=245b30f99dc5379ebe1c78899be8d3f5]
2025-01-20T14:42:12.2845170Z    - conda-forge/osx-arm64::libopenblas==0.3.27=openmp_h517c56d_1[md5=71b8a34d70aa567a990162f327e81505]
2025-01-20T14:42:12.2845610Z    - conda-forge/osx-arm64::libwebp==1.4.0=h54798ee_0[md5=078abbcc54996b186b9144cf795bd30f]
2025-01-20T14:42:12.2846040Z    - conda-forge/osx-arm64::llvmlite==0.43.0=py312ha9ca408_1[md5=f081ee72987624a949a3562020b1135d]
2025-01-20T14:42:12.2846470Z    - conda-forge/osx-arm64::lxml==5.2.2=py312h0e5ab22_0[md5=d049fc23bf40c0f7d97bc4a35d91b97c]
2025-01-20T14:42:12.2846910Z    - conda-forge/osx-arm64::markupsafe==2.1.5=py312h024a12e_1[md5=66ee733dbdf8a9ca670f167bf5ea36b4]
2025-01-20T14:42:12.2847490Z    - conda-forge/noarch::mdurl==0.1.2=pyhd8ed1ab_1[md5=592132998493b3ff25fd7479396e8351]
2025-01-20T14:42:12.2847920Z    - conda-forge/noarch::mistune==3.0.2=pyhd8ed1ab_1[md5=c46df05cae629e55426773ac1f85d68f]
2025-01-20T14:42:12.2848560Z    - conda-forge/osx-arm64::mpc==1.3.1=h8f1351a_1[md5=a5635df796b71f6ca400fc7026f50701]
2025-01-20T14:42:12.2849210Z    - conda-forge/noarch::mpmath==1.3.0=pyhd8ed1ab_1[md5=3585aa87c43ab15b167b574cd73b057b]
2025-01-20T14:42:12.2849650Z    - conda-forge/noarch::munkres==1.1.4=pyh9f0ad1d_0[md5=2ba8498c1018c1e9c61eb99b973dfe19]
2025-01-20T14:42:12.2850090Z    - conda-forge/noarch::mypy_extensions==1.0.0=pyha770c72_1[md5=29097e7ea634a45cc5386b95cac6568f]
2025-01-20T14:42:12.2850570Z    - conda-forge/noarch::nest-asyncio==1.6.0=pyhd8ed1ab_1[md5=598fd7d4d0de2455fb74f56063969a97]
2025-01-20T14:42:12.2851130Z    - conda-forge/noarch::networkx==3.3=pyhd8ed1ab_1[md5=d335fd5704b46f4efb89a6774e81aef0]
2025-01-20T14:42:12.2851550Z    - conda-forge/osx-arm64::openjpeg==2.5.2=h9f1df11_0[md5=5029846003f0bc14414b9128a1f7c84b]
2025-01-20T14:42:12.2852010Z    - conda-forge/noarch::packaging==24.1=pyhd8ed1ab_0[md5=cbe1bb1f21567018ce595d9c2be0f0db]
2025-01-20T14:42:12.2852440Z    - conda-forge/noarch::pandocfilters==1.5.0=pyhd8ed1ab_0[md5=457c2c8c08e54905d6954e79cb5b5db9]
2025-01-20T14:42:12.2852880Z    - conda-forge/noarch::param==2.2.0=pyhd8ed1ab_0[md5=8bd46aebe85bd9c5f30affd520ab441f]
2025-01-20T14:42:12.2853260Z    - conda-forge/noarch::parso==0.8.4=pyhd8ed1ab_1[md5=5c092057b6badd30f75b06244ecd01c9]
2025-01-20T14:42:12.2853650Z    - conda-forge/noarch::pathspec==0.12.1=pyhd8ed1ab_1[md5=617f15191456cc6a13db418a275435e5]
2025-01-20T14:42:12.2854080Z    - conda-forge/noarch::pickleshare==0.7.5=pyhd8ed1ab_1004[md5=11a9d1d09a3615fc07c3faf79bc0b943]
2025-01-20T14:42:12.2854530Z    - conda-forge/noarch::pkgutil-resolve-name==1.3.10=pyhd8ed1ab_2[md5=5a5870a74432aa332f7d32180633ad05]
2025-01-20T14:42:12.2854980Z    - conda-forge/noarch::platformdirs==4.2.2=pyhd8ed1ab_0[md5=6f6cf28bf8e021933869bae3f84b8fc9]
2025-01-20T14:42:12.2855410Z    - conda-forge/noarch::pluggy==1.5.0=pyhd8ed1ab_1[md5=e9dcbce5f45f9ee500e728ae58b605b6]
2025-01-20T14:42:12.2855840Z    - conda-forge/osx-arm64::portalocker==3.0.0=py312h81bd7bf_0[md5=61154b85894071d8157d2be3d8748534]
2025-01-20T14:42:12.2856410Z    - conda-forge/noarch::prometheus_client==0.20.0=pyhd8ed1ab_0[md5=9a19b94034dd3abb2b348c8b93388035]
2025-01-20T14:42:12.2856870Z    - conda-forge/osx-arm64::psutil==5.9.8=py312he37b823_0[md5=cd6e99b9c5a623735161973b5f693a86]
2025-01-20T14:42:12.2857290Z    - conda-forge/noarch::ptyprocess==0.7.0=pyhd8ed1ab_1[md5=7d9daffbb8d8e0af0f769dbbcd173a54]
2025-01-20T14:42:12.2857700Z    - conda-forge/noarch::pure_eval==0.2.2=pyhd8ed1ab_0[md5=6784285c7e55cb7212efabc79e4c2883]
2025-01-20T14:42:12.2858090Z    - conda-forge/noarch::py-cpuinfo==9.0.0=pyhd8ed1ab_1[md5=46830ee16925d5ed250850503b5dc3a8]
2025-01-20T14:42:12.2858500Z    - conda-forge/noarch::pycparser==2.22=pyh29332c3_1[md5=12c566707c80111f9799308d9e265aef]
2025-01-20T14:42:12.2859000Z    - conda-forge/noarch::pygments==2.18.0=pyhd8ed1ab_1[md5=b38dc0206e2a530e5c2cf11dc086b31a]
2025-01-20T14:42:12.2859410Z    - conda-forge/noarch::pyparsing==3.1.2=pyhd8ed1ab_0[md5=b9a4dacf97241704529131a0dfc0494f]
2025-01-20T14:42:12.2860040Z    - conda-forge/noarch::pysocks==1.7.1=pyha55dd90_7[md5=461219d1a5bd61342293efa2c0c90eac]
2025-01-20T14:42:12.2860500Z    - conda-forge/noarch::python-fastjsonschema==2.20.0=pyhd8ed1ab_0[md5=b98d2018c01ce9980c03ee2850690fab]
2025-01-20T14:42:12.2860960Z    - conda-forge/noarch::python-json-logger==2.0.7=pyhd8ed1ab_0[md5=a61bf9ec79426938ff785eb69dbb1960]
2025-01-20T14:42:12.2861410Z    - conda-forge/noarch::python-tzdata==2024.1=pyhd8ed1ab_0[md5=98206ea9954216ee7540f0c773f2104d]
2025-01-20T14:42:12.2861850Z    - conda-forge/noarch::pytz==2024.1=pyhd8ed1ab_0[md5=3eeeeb9e4827ace8c0c1419c85d590ad]
2025-01-20T14:42:12.2862260Z    - conda-forge/osx-arm64::pyyaml==6.0.1=py312h02f2b3b_1[md5=a0c843e52a1c4422d8657dd76e9eb994]
2025-01-20T14:42:12.2862860Z    - conda-forge/noarch::rfc3986-validator==0.1.1=pyh9f0ad1d_0[md5=912a71cc01012ee38e6b90ddd561e36f]
2025-01-20T14:42:12.2863300Z    - conda-forge/osx-arm64::rpds-py==0.18.1=py312h552d48e_0[md5=a757322ddc8be67f7932a60aa7af13d9]
2025-01-20T14:42:12.2863720Z    - conda-forge/osx-arm64::ruff==0.4.9=py312h3402d49_0[md5=b6d2bd71026e8d37af4e6980fe1b0a7a]
2025-01-20T14:42:12.2864150Z    - conda-forge/noarch::setuptools==70.0.0=pyhd8ed1ab_0[md5=c8ddb4f34a208df4dd42509a0f6a1c89]
2025-01-20T14:42:12.2864550Z    - conda-forge/noarch::six==1.16.0=pyhd8ed1ab_1[md5=a516da6cfe1ec0a55e49737f017b4965]
2025-01-20T14:42:12.2864940Z    - conda-forge/noarch::sniffio==1.3.1=pyhd8ed1ab_1[md5=bf7a226e58dfb8346c70df36065d86c9]
2025-01-20T14:42:12.2865390Z    - conda-forge/noarch::snowballstemmer==2.2.0=pyhd8ed1ab_0[md5=4d22a9315e78c6827f806065957d566e]
2025-01-20T14:42:12.2865840Z    - conda-forge/noarch::soupsieve==2.5=pyhd8ed1ab_1[md5=3f144b2c34f8cb5a9abd9ed23a39c561]
2025-01-20T14:42:12.2866290Z    - conda-forge/noarch::sphinx_bootstrap_theme==0.8.1=pyhd8ed1ab_1[md5=9deb7f7e75fd37d7f484fef13cac9b96]
2025-01-20T14:42:12.2866790Z    - conda-forge/noarch::sphinxcontrib-jsmath==1.0.1=pyhd8ed1ab_1[md5=fa839b5ff59e192f411ccc7dae6588bb]
2025-01-20T14:42:12.2867230Z    - conda-forge/noarch::tabulate==0.9.0=pyhd8ed1ab_2[md5=959484a66b4b76befcddc4fa97c95567]
2025-01-20T14:42:12.2867640Z    - conda-forge/noarch::tenacity==8.4.1=pyhd8ed1ab_0[md5=2fcb668e39c694ece9a7748e3fad1a7e]
2025-01-20T14:42:12.2868040Z    - conda-forge/noarch::toml==0.10.2=pyhd8ed1ab_1[md5=b0dd904de08b7db706167240bf37b164]
2025-01-20T14:42:12.2868420Z    - conda-forge/noarch::tomli==2.0.1=pyhd8ed1ab_0[md5=5844808ffab9ebdb694585b50ba02a96]
2025-01-20T14:42:12.2868830Z    - conda-forge/osx-arm64::tornado==6.4.1=py312h024a12e_1[md5=967bc97bb9e258993289546479af971f]
2025-01-20T14:42:12.2869230Z    - conda-forge/noarch::traitlets==5.14.3=pyhd8ed1ab_1[md5=019a7385be9af33791c989871317e1ed]
2025-01-20T14:42:12.2869640Z    - conda-forge/osx-arm64::typed-ast==1.5.5=py312h02f2b3b_1[md5=38f4cccfb3f3e29afcc28ba7c7d07571]
2025-01-20T14:42:12.2870110Z    - conda-forge/noarch::types-python-dateutil==2.9.0.20240316=pyhd8ed1ab_0[md5=7831efa91d57475373ee52fb92e8d137]
2025-01-20T14:42:12.2870590Z    - conda-forge/noarch::typing_extensions==4.12.2=pyha770c72_1[md5=d17f13df8b65464ca316cbc000a3cb64]
2025-01-20T14:42:12.2871020Z    - conda-forge/noarch::typing_utils==0.1.0=pyhd8ed1ab_1[md5=f6d7aa696c67756a650e91e15e88223c]
2025-01-20T14:42:12.2871420Z    - conda-forge/noarch::uc-micro-py==1.0.3=pyhd8ed1ab_1[md5=9c96c9876ba45368a03056ddd0f20431]
2025-01-20T14:42:12.2871840Z    - conda-forge/noarch::uri-template==1.3.0=pyhd8ed1ab_1[md5=e7cb0f5745e4c5035a460248334af7eb]
2025-01-20T14:42:12.2872240Z    - conda-forge/noarch::wcwidth==0.2.13=pyhd8ed1ab_1[md5=b68980f2495d096e71c7fd9d7ccf63e6]
2025-01-20T14:42:12.2872630Z    - conda-forge/noarch::webcolors==24.6.0=pyhd8ed1ab_0[md5=419f2f6cf90fc7a6feee657752cd0f7b]
2025-01-20T14:42:12.2873050Z    - conda-forge/noarch::webencodings==0.5.1=pyhd8ed1ab_3[md5=2841eb5bfc75ce15e9a0054b98dcd64d]
2025-01-20T14:42:12.2873480Z    - conda-forge/noarch::websocket-client==1.8.0=pyhd8ed1ab_1[md5=84f8f77f0a9c6ef401ee96611745da8f]
2025-01-20T14:42:12.2873880Z    - conda-forge/noarch::wheel==0.43.0=pyhd8ed1ab_1[md5=0b5293a157c2b5cd513dd1b03d8d3aae]
2025-01-20T14:42:12.2874450Z    - conda-forge/noarch::xyzservices==2025.1.0=pyhd8ed1ab_0[md5=fdf07e281a9e5e10fc75b2dd444136e9]
2025-01-20T14:42:12.2874870Z    - conda-forge/osx-arm64::zeromq==4.3.5=hcc0f68c_4[md5=39fb79e7a7a880a03f82c1f2eb7f7c73]
2025-01-20T14:42:12.2875290Z    - conda-forge/noarch::zipp==3.19.2=pyhd8ed1ab_0[md5=49808e59df5535116f6878b2a820d6f4]
2025-01-20T14:42:12.2875720Z    - conda-forge/noarch::accessible-pygments==0.0.5=pyhd8ed1ab_1[md5=74ac5069774cdbc53910ec4d631a3999]
2025-01-20T14:42:12.2876130Z    - conda-forge/noarch::anyio==4.4.0=pyhd8ed1ab_0[md5=1fa97c6e8db1f82c64ff17a5efc4ae8e]
2025-01-20T14:42:12.2876550Z    - conda-forge/noarch::astropy-sphinx-theme==1.1=pyhd8ed1ab_1[md5=3612bc8ace3c9646f6c99c8aabc67052]
2025-01-20T14:42:12.2877110Z    - conda-forge/noarch::asttokens==2.4.1=pyhd8ed1ab_0[md5=5f25798dcefd8252ce5f9dc494d5f571]
2025-01-20T14:42:12.2877540Z    - conda-forge/noarch::async-lru==2.0.4=pyhd8ed1ab_1[md5=40c673c7d585623b8f1ee650c8734eb6]
2025-01-20T14:42:12.2877930Z    - conda-forge/noarch::babel==2.14.0=pyhd8ed1ab_0[md5=9669586875baeced8fc30c0826c3270e]
2025-01-20T14:42:12.2878330Z    - conda-forge/noarch::beautifulsoup4==4.12.3=pyha770c72_1[md5=d48f7e9fdec44baf6d1da416fe402b04]
2025-01-20T14:42:12.2878730Z    - conda-forge/noarch::bleach==6.1.0=pyhd8ed1ab_0[md5=0ed9d7c0e9afa7c025807a9a8136ea3e]
2025-01-20T14:42:12.2879130Z    - conda-forge/noarch::cached-property==1.5.2=hd8ed1ab_1[md5=9b347a7ec10940d3f7941ff6c460b551]
2025-01-20T14:42:12.2879530Z    - conda-forge/osx-arm64::cairo==1.18.0=hc6c324b_2[md5=6efeefcad878c15377f49f64e2cbf232]
2025-01-20T14:42:12.2879920Z    - conda-forge/osx-arm64::cffi==1.16.0=py312h8e38eb3_0[md5=960ecbd65860d3b1de5e30373e1bffb1]
2025-01-20T14:42:12.2880300Z    - conda-forge/noarch::comm==0.2.2=pyhd8ed1ab_1[md5=74673132601ec2b7fc592755605f4c1b]
2025-01-20T14:42:12.2880670Z    - conda-forge/noarch::commonmark==0.9.1=py_0[md5=6aa0173c14befcd577ded130cf6f22f5]
2025-01-20T14:42:12.2881070Z    - conda-forge/osx-arm64::coverage==7.5.3=py312h7e5086c_0[md5=3631dadcec974f1fb49efa995338db70]
2025-01-20T14:42:12.2881480Z    - conda-forge/noarch::dot2tex==2.11.3=pyhd8ed1ab_1[md5=8983edba106dd3d4a8ad126b42afd48e]
2025-01-20T14:42:12.2881880Z    - conda-forge/osx-arm64::fonttools==4.53.0=py312h7e5086c_0[md5=498008567a4abf4cd2f61f112ff53648]
2025-01-20T14:42:12.2882290Z    - conda-forge/osx-arm64::gmpy2==2.1.5=py312h524cf62_3[md5=ab7a5d10c7b4e249a9fe7bc280909803]
2025-01-20T14:42:12.2882670Z    - conda-forge/noarch::h11==0.14.0=pyhd8ed1ab_1[md5=7ee49e89531c0dcbba9466f6d115d585]
2025-01-20T14:42:12.2883020Z    - conda-forge/noarch::h2==4.1.0=pyhd8ed1ab_1[md5=825927dc7b0f287ef8d4d0011bb113b1]
2025-01-20T14:42:12.2883410Z    - conda-forge/osx-arm64::hdf5==1.14.3=nompi_hec07895_105[md5=f9c8c7304d52c8846eab5d6c34219812]
2025-01-20T14:42:12.2883830Z    - conda-forge/noarch::importlib-metadata==7.1.0=pyha770c72_0[md5=0896606848b2dc5cebdf111b6543aa04]
2025-01-20T14:42:12.2884290Z    - conda-forge/noarch::importlib_resources==6.4.0=pyhd8ed1ab_0[md5=c5d3907ad8bd7bf557521a1833cf7e6d]
2025-01-20T14:42:12.2884700Z    - conda-forge/noarch::jedi==0.19.1=pyhd8ed1ab_0[md5=81a3be0b2023e1ea8555781f0ad904a2]
2025-01-20T14:42:12.2885070Z    - conda-forge/noarch::jinja2==3.1.4=pyhd8ed1ab_1[md5=08cce3151bde4ecad7885bd9fb647532]
2025-01-20T14:42:12.2885460Z    - conda-forge/noarch::jupyter_core==5.7.2=pyh31011fe_1[md5=0a2980dada0dd7fd0998f0342308b1b1]
2025-01-20T14:42:12.2885890Z    - conda-forge/noarch::jupyterlab_pygments==0.3.0=pyhd8ed1ab_2[md5=fd312693df06da3578383232528c468d]
2025-01-20T14:42:12.2886310Z    - conda-forge/noarch::latexcodec==2.0.1=pyh9f0ad1d_0[md5=8d67904973263afd2985ba56aa2d6bb4]
2025-01-20T14:42:12.2886730Z    - conda-forge/osx-arm64::libblas==3.9.0=24_osxarm64_openblas[md5=35cb711e7bc46ee5f3dd67af99ad1986]
2025-01-20T14:42:12.2887140Z    - conda-forge/osx-arm64::libgd==2.3.3=hfdf3952_9[md5=0d847466f115fbdaaf2b6926f2e33278]
2025-01-20T14:42:12.2887540Z    - conda-forge/noarch::linkify-it-py==2.0.3=pyhd8ed1ab_1[md5=b02fe519b5dc0dc55e7299810fcdfb8e]
2025-01-20T14:42:12.2888070Z    - conda-forge/noarch::markdown-it-py==3.0.0=pyhd8ed1ab_1[md5=fee3164ac23dfca50cfcc8b85ddefb81]
2025-01-20T14:42:12.2888600Z    - conda-forge/noarch::matplotlib-inline==0.1.7=pyhd8ed1ab_1[md5=af6ab708897df59bd6e7283ceab1b56b]
2025-01-20T14:42:12.2889030Z    - conda-forge/noarch::overrides==7.7.0=pyhd8ed1ab_1[md5=e51f1e4089cad105b6cac64bd8166587]
2025-01-20T14:42:12.2889430Z    - conda-forge/noarch::pexpect==4.9.0=pyhd8ed1ab_1[md5=d0d408b1f18883a944376da5cf8101ea]
2025-01-20T14:42:12.2889820Z    - conda-forge/osx-arm64::pillow==10.3.0=py312h39b1d8d_1[md5=4d3a01b6c6df5cc761adb1f3da5b99c2]
2025-01-20T14:42:12.2890210Z    - conda-forge/noarch::pip==24.3.1=pyh8b19718_2[md5=04e691b9fadd93a8a9fad87a81d4fd8f]
2025-01-20T14:42:12.2890690Z    - conda-forge/noarch::plotly==5.22.0=pyhd8ed1ab_0[md5=5b409a5f738e7d76c2b426eddb7e9956]
2025-01-20T14:42:12.2891090Z    - conda-forge/noarch::prompt-toolkit==3.0.47=pyha770c72_0[md5=1247c861065d227781231950e14fe817]
2025-01-20T14:42:12.2891520Z    - conda-forge/osx-arm64::pyobjc-core==10.3.1=py312hd24fc31_1[md5=1533727287f098e669d75f9c54dc1601]
2025-01-20T14:42:12.2891930Z    - conda-forge/noarch::pytest==8.2.2=pyhd8ed1ab_0[md5=0f3f49c22c7ef3a1195fa61dad3c43be]
2025-01-20T14:42:12.2892360Z    - conda-forge/noarch::python-dateutil==2.9.0.post0=pyhff2d567_1[md5=5ba79d7c71f03c678c8ead841f347d6e]
2025-01-20T14:42:12.2892790Z    - conda-forge/noarch::pyviz_comms==3.0.4=pyhd8ed1ab_1[md5=99b8cf929b145ae310b333ce3496b56b]
2025-01-20T14:42:12.2893190Z    - conda-forge/osx-arm64::pyzmq==26.0.3=py312hfa13136_0[md5=7c695aab5ee68adbe8a046b73100e13c]
2025-01-20T14:42:12.2893590Z    - conda-forge/noarch::referencing==0.35.1=pyhd8ed1ab_1[md5=8c9083612c1bfe6878715ed5732605f8]
2025-01-20T14:42:12.2894030Z    - conda-forge/noarch::rfc3339-validator==0.1.4=pyhd8ed1ab_1[md5=36de09a8d3e5d5e6f4ee63af49e59706]
2025-01-20T14:42:12.2894450Z    - conda-forge/noarch::snakeviz==2.2.0=pyhd8ed1ab_0[md5=d9750d7c0ef0ab69cbee7557e88dd128]
2025-01-20T14:42:12.2894870Z    - conda-forge/noarch::terminado==0.18.1=pyh31c8845_0[md5=00b54981b923f5aefcd5e8547de056d5]
2025-01-20T14:42:12.2895260Z    - conda-forge/noarch::tinycss2==1.3.0=pyhd8ed1ab_0[md5=8662629d9a05f9cff364e31ca106c1ac]
2025-01-20T14:42:12.2895640Z    - conda-forge/noarch::tqdm==4.66.4=pyhd8ed1ab_0[md5=e74cd796e70a4261f86699ee0a3a7a24]
2025-01-20T14:42:12.2896040Z    - conda-forge/noarch::typing-extensions==4.12.2=hd8ed1ab_1[md5=b6a408c64b78ec7b779a3e5c7a902433]
2025-01-20T14:42:12.2896520Z    - conda-forge/osx-arm64::argon2-cffi-bindings==21.2.0=py312h024a12e_5[md5=6ccaeafe1a52b0d0e7ebfbf53a374649]
2025-01-20T14:42:12.2896950Z    - conda-forge/noarch::arrow==1.3.0=pyhd8ed1ab_1[md5=46b53236fdd990271b03c3978d4218a9]
2025-01-20T14:42:12.2897320Z    - conda-forge/noarch::fqdn==1.5.1=pyhd8ed1ab_1[md5=d3549fd50d450b6d9e7dddff25dd2110]
2025-01-20T14:42:12.2897700Z    - conda-forge/osx-arm64::harfbuzz==8.5.0=h1836168_0[md5=aa22b942b980c17612d344adcd0f8798]
2025-01-20T14:42:12.2898090Z    - conda-forge/noarch::httpcore==1.0.5=pyhd8ed1ab_0[md5=a6b9a0158301e697e4d0a36a3d60e133]
2025-01-20T14:42:12.2898510Z    - conda-forge/noarch::importlib_metadata==7.1.0=hd8ed1ab_0[md5=6ef2b72d291b39e479d7694efa2b2b98]
2025-01-20T14:42:12.2899150Z    - conda-forge/noarch::jsonschema-specifications==2023.12.1=pyhd8ed1ab_0[md5=a0e4efb5f35786a05af4809a2fb1f855]
2025-01-20T14:42:12.2899970Z    - conda-forge/noarch::jupyter_server_terminals==0.5.3=pyhd8ed1ab_1[md5=2d983ff1b82a1ccb6f2e9d8784bdd6bd]
2025-01-20T14:42:12.2900490Z    - conda-forge/osx-arm64::libcblas==3.9.0=24_osxarm64_openblas[md5=c8977086a19233153e454bb2b332a920]
2025-01-20T14:42:12.2900950Z    - conda-forge/osx-arm64::liblapack==3.9.0=24_osxarm64_openblas[md5=49a3241f76cdbe705e346204a328f66c]
2025-01-20T14:42:12.2901380Z    - conda-forge/noarch::markdown==3.6=pyhd8ed1ab_0[md5=06e9bebf748a0dea03ecbe1f0e27e909]
2025-01-20T14:42:12.2902030Z    - conda-forge/noarch::mdit-py-plugins==0.4.2=pyhd8ed1ab_1[md5=af2060041d4f3250a7eb6ab3ec0e549b]
2025-01-20T14:42:12.2902540Z    - conda-forge/noarch::pbr==6.0.0=pyhd8ed1ab_0[md5=8dbab5ba746ed14aa32cb232dc437f8f]
2025-01-20T14:42:12.2903550Z    - conda-forge/noarch::pybtex==0.24.0=pyhd8ed1ab_3[md5=556a52a96313364aa79990ed1337b9a5]
2025-01-20T14:42:12.2904130Z    - conda-forge/osx-arm64::pyobjc-framework-cocoa==10.3.1=py312hd24fc31_1[md5=b1c63f8abafc9530a9259e0d6a70e984]
2025-01-20T14:42:12.2904750Z    - conda-forge/noarch::pytest-cov==5.0.0=pyhd8ed1ab_0[md5=c54c0107057d67ddf077751339ec2c63]
2025-01-20T14:42:12.2905360Z    - conda-forge/noarch::pytest-doctestplus==1.2.1=pyhd8ed1ab_0[md5=7aa60393604ac35f03ee479158d7269a]
2025-01-20T14:42:12.2914500Z    - conda-forge/noarch::pytest-metadata==3.1.1=pyhd8ed1ab_1[md5=c4b7295798eff80144dc4ca4551efa80]
2025-01-20T14:42:12.2915000Z    - conda-forge/noarch::setuptools-scm==8.1.0=pyhd8ed1ab_1[md5=ac738a7f524d1b157e53fb9734f85e0e]
2025-01-20T14:42:12.2915800Z    - conda-forge/osx-arm64::sqlalchemy==2.0.37=py312hea69d52_0[md5=559b768b7c5afa968ff8e343a2dfff43]
2025-01-20T14:42:12.2916230Z    - conda-forge/noarch::stack_data==0.6.2=pyhd8ed1ab_0[md5=e7df0fdd404616638df5ece6e69ba7af]
2025-01-20T14:42:12.2916640Z    - conda-forge/noarch::sympy==1.12.1=pypyh2585a3b_103[md5=4af9db19148140eb2ff3b2a93697063b]
2025-01-20T14:42:12.2917060Z    - conda-forge/osx-arm64::watchfiles==1.0.4=py312hcd83bfe_0[md5=946eb0208d09b811a671fad9b2831f4e]
2025-01-20T14:42:12.2917490Z    - conda-forge/osx-arm64::zstandard==0.23.0=py312h15fbf35_1[md5=a4cde595509a7ad9c13b1a3809bcfe51]
2025-01-20T14:42:12.2917910Z    - conda-forge/noarch::argon2-cffi==23.1.0=pyhd8ed1ab_1[md5=a7ee488b71c30ada51c48468337b85ba]
2025-01-20T14:42:12.2918310Z    - conda-forge/noarch::httpx==0.27.0=pyhd8ed1ab_0[md5=9f359af5a886fd6ca6b2b6ea02e58332]
2025-01-20T14:42:12.2918690Z    - conda-forge/noarch::ipython==8.25.0=pyh707e725_0[md5=98466a37c08f3bdbb500786271859517]
2025-01-20T14:42:12.2919090Z    - conda-forge/noarch::isoduration==20.11.0=pyhd8ed1ab_1[md5=0b0154421989637d424ccf0f104be51a]
2025-01-20T14:42:12.2919500Z    - conda-forge/noarch::jsonschema==4.22.0=pyhd8ed1ab_0[md5=b9661a4b1200d6bc7d8a4cdafdc91468]
2025-01-20T14:42:12.2919910Z    - conda-forge/noarch::jupyter_client==8.6.2=pyhd8ed1ab_0[md5=3cdbb2fa84490e5fd44c9f9806c0d292]
2025-01-20T14:42:12.2920320Z    - conda-forge/osx-arm64::numpy==2.0.2=py312h94ee1e1_1[md5=a58476ff56fb71e1c89e2ed972d66368]
2025-01-20T14:42:12.2920710Z    - conda-forge/osx-arm64::pango==1.54.0=h5cb9fbc_0[md5=e490cbccf161da2220fd9be3463c0fac]
2025-01-20T14:42:12.2921140Z    - conda-forge/osx-arm64::pybtex-docutils==1.0.3=py312h81bd7bf_2[md5=573f5bef5c0b4ea1405e78e941a29284]
2025-01-20T14:42:12.2921590Z    - conda-forge/noarch::pytest-html==4.1.1=pyhd8ed1ab_1[md5=010e50e74c467db278f1398a74106a04]
2025-01-20T14:42:12.2922000Z    - conda-forge/noarch::send2trash==1.8.3=pyh31c8845_1[md5=e67b1b1fa7a79ff9e8e326d0caf55854]
2025-01-20T14:42:12.2922410Z    - conda-forge/noarch::setuptools_scm==8.1.0=hd8ed1ab_1[md5=4b2757cbafd866a23faba9dd2b6fd43e]
2025-01-20T14:42:12.2922830Z    - conda-forge/noarch::sphinxcontrib-apidoc==0.3.0=py_1[md5=855b087883443abb10f5faf6eef40860]
2025-01-20T14:42:12.2923240Z    - conda-forge/noarch::urllib3==2.2.2=pyhd8ed1ab_1[md5=e804c43f58255e977093a2298e442bb8]
2025-01-20T14:42:12.2923640Z    - conda-forge/osx-arm64::contourpy==1.2.1=py312h0fef576_0[md5=f825cced50aa6ae9f6ae158a49ecb68c]
2025-01-20T14:42:12.2924040Z    - conda-forge/osx-arm64::gtk2==2.24.33=h7895bb2_4[md5=9c1ba062d59f3f49a2d32d9611d72686]
2025-01-20T14:42:12.2924440Z    - conda-forge/osx-arm64::h5py==3.11.0=nompi_py312h3cd0824_103[md5=830cd76fef2c93656223a8bada8daf87]
2025-01-20T14:42:12.2924850Z    - conda-forge/noarch::ipykernel==6.29.4=pyh57ce528_0[md5=1e991f9ed4a81d3482d46edbeb54721a]
2025-01-20T14:42:12.2925310Z    - conda-forge/noarch::jsonschema-with-format-nongpl==4.22.0=pyhd8ed1ab_0[md5=32ab666927ee17b9468c2c72bbd7ba1b]
2025-01-20T14:42:12.2925770Z    - conda-forge/osx-arm64::librsvg==2.58.1=hbc281fb_0[md5=e642889ae7e977769f6d0328e2ec7497]
2025-01-20T14:42:12.2926160Z    - conda-forge/noarch::nbformat==5.10.4=pyhd8ed1ab_1[md5=bbe1963f1e47f594070ffe87cdf612ea]
2025-01-20T14:42:12.2926700Z    - conda-forge/osx-arm64::numba==0.60.0=py312h41cea2d_0[md5=deed63e07bfe8494e806baccc9d7fd1b]
2025-01-20T14:42:12.2927110Z    - conda-forge/osx-arm64::numexpr==2.10.0=py312h8ae5369_0[md5=52a038a2c531adb72b8b3056952b5d87]
2025-01-20T14:42:12.2927510Z    - conda-forge/osx-arm64::pandas==2.2.2=py312h8ae5369_1[md5=b38af0cd7ae3616c90a2511272385941]
2025-01-20T14:42:12.2927910Z    - conda-forge/osx-arm64::pyerfa==2.0.1.4=py312h755e627_2[md5=ef3ea1a3ab7cd65337a5b74100df6afe]
2025-01-20T14:42:12.2928310Z    - conda-forge/noarch::requests==2.32.3=pyhd8ed1ab_1[md5=a9b9368f3701a417eac9edbcae7cb737]
2025-01-20T14:42:12.2928700Z    - conda-forge/osx-arm64::scipy==1.13.1=py312h14ffa8f_0[md5=0ef7359585e53bb3ff4539cf204f9c62]
2025-01-20T14:42:12.2929220Z    - conda-forge/osx-arm64::astropy==6.1.1=py312hbebd99a_1[md5=7644abdd0d6856c12bcd767a89deeb30]
2025-01-20T14:42:12.2929610Z    - conda-forge/noarch::bokeh==3.6.2=pyhd8ed1ab_1[md5=976ff24762f1f991b08f7a7a41875086]
2025-01-20T14:42:12.2930010Z    - conda-forge/osx-arm64::graphviz==11.0.0=h9bb9bc9_0[md5=c004a0e5dfbe0ce38af9ab4684abd236]
2025-01-20T14:42:12.2930440Z    - conda-forge/noarch::jupyter_events==0.10.0=pyhd8ed1ab_1[md5=62186e6383f38cc6a3466f0fadde3f2e]
2025-01-20T14:42:12.2930880Z    - conda-forge/osx-arm64::matplotlib-base==3.8.4=py312h4479663_2[md5=e4c7e00cc31a921bb2541c10c3c58a8c]
2025-01-20T14:42:12.2931300Z    - conda-forge/noarch::nbclient==0.10.0=pyhd8ed1ab_0[md5=15b51397e0fe8ea7d7da60d83eb76ebc]
2025-01-20T14:42:12.2931710Z    - conda-forge/osx-arm64::pytables==3.10.2=py312h2ca37b8_0[md5=cbfcd2d7c0d86832ba94f75fd2ced8a8]
2025-01-20T14:42:12.2932130Z    - conda-forge/noarch::jupyter-cache==1.0.1=pyhff2d567_0[md5=b0ee650829b8974202a7abe7f8b81e5a]
2025-01-20T14:42:12.2932550Z    - conda-forge/noarch::nbconvert-core==7.16.4=pyhd8ed1ab_3[md5=fbc9010c36dd6fe433c045394df78efa]
2025-01-20T14:42:12.2932950Z    - conda-forge/noarch::panel==1.5.5=pyhd8ed1ab_0[md5=8b08e8583b83f7c1a0d9991bf7d497f3]
2025-01-20T14:42:12.2933350Z    - conda-forge/osx-arm64::pygraphviz==1.13=py312h5f4d302_1[md5=fd4b95cc009d28310e4cb3b090b8ac09]
2025-01-20T14:42:12.2933790Z    - conda-forge/noarch::radioactivedecay==0.5.1=pyhd8ed1ab_1[md5=aa87414b02794e2987c909ab373dec68]
2025-01-20T14:42:12.2934210Z    - conda-forge/noarch::jupyter_server==2.14.1=pyhd8ed1ab_1[md5=74321d43533c8651d7ae758b90242cb9]
2025-01-20T14:42:12.2934630Z    - conda-forge/noarch::nbconvert-pandoc==7.16.4=hd8ed1ab_3[md5=68b369ee7e24bd895c92722d22d0560f]
2025-01-20T14:42:12.2935050Z    - conda-forge/noarch::jupyter-lsp==2.2.5=pyhd8ed1ab_1[md5=0b4c3908e5a38ea22ebb98ee5888c768]
2025-01-20T14:42:12.2935480Z    - conda-forge/noarch::jupyterlab_server==2.27.2=pyhd8ed1ab_0[md5=d1cb7b113daaadd89e5aa6a32b28bf0d]
2025-01-20T14:42:12.2935890Z    - conda-forge/noarch::nbconvert==7.16.4=hd8ed1ab_3[md5=59b074b5c8185ec0f66b0b0229592c83]
2025-01-20T14:42:12.2936300Z    - conda-forge/noarch::notebook-shim==0.2.4=pyhd8ed1ab_1[md5=e7f89ea5f7ea9401642758ff50a2d9c1]
2025-01-20T14:42:12.2936710Z    - conda-forge/noarch::jupyterlab==4.2.2=pyhd8ed1ab_0[md5=405a9d330af26391c8001d56b3ef4239]
2025-01-20T14:42:12.2937100Z    - conda-forge/noarch::nbclassic==1.1.0=pyhd8ed1ab_1[md5=7a4d3e43cf7f83774d9a50051a6a7f62]
2025-01-20T14:42:12.2937490Z    - conda-forge/noarch::notebook==7.2.1=pyhd8ed1ab_0[md5=08fa71a038c2cac2e636a5a456df15d5]
2025-01-20T14:42:12.2937920Z    - conda-forge/noarch::widgetsnbextension==3.6.10=pyhd8ed1ab_0[md5=4d52bbdb661dc1b5a1c2aeb1afcd9a67]
2025-01-20T14:42:12.2938370Z    - conda-forge/noarch::ipywidgets==7.8.5=pyhd8ed1ab_0[md5=47672c493015ab57d5fcde9531ab18ef]
2025-01-20T14:42:12.2938760Z    - conda-forge/noarch::qgrid==1.3.1=pyhd8ed1ab_5[md5=0c8b2cb049b04f79899c1f2dee65091b]
2025-01-20T14:42:12.2939140Z    - conda-forge/noarch::myst-parser==4.0.0=pyhd8ed1ab_1[md5=fbc398f13e5f5a90f9065eaa5d91a28f]
2025-01-20T14:42:12.2939540Z    - conda-forge/noarch::myst-nb==1.1.2=pyhd8ed1ab_1[md5=b78625bb0b4b144fe7048523a178986d]
2025-01-20T14:42:12.2939990Z    - conda-forge/noarch::nbsphinx==0.9.4=pyhd8ed1ab_0[md5=9dc80eaeff56fb67dbf4f871b81bc13a]
2025-01-20T14:42:12.2940530Z    - conda-forge/noarch::numpydoc==1.7.0=pyhd8ed1ab_3[md5=4f5a67d2176fe024a7d83b3eb09b8e13]
2025-01-20T14:42:12.2940960Z    - conda-forge/noarch::pydata-sphinx-theme==0.15.4=pyhd8ed1ab_0[md5=c7c50dd5192caa58a05e6a4248a27acb]
2025-01-20T14:42:12.2941400Z    - conda-forge/noarch::recommonmark==0.7.1=pyhd8ed1ab_1[md5=2ab45b31c22ffd541590bd73011cccb2]
2025-01-20T14:42:12.2941830Z    - conda-forge/noarch::sphinx-automodapi==0.17.0=pyh717bed2_1[md5=ee327fec39b9a01d03d3010463df3ee1]
2025-01-20T14:42:12.2942280Z    - conda-forge/noarch::sphinx-copybutton==0.5.2=pyhd8ed1ab_1[md5=bf22cb9c439572760316ce0748af3713]
2025-01-20T14:42:12.2942710Z    - conda-forge/noarch::sphinx-design==0.6.1=pyhd8ed1ab_2[md5=3e6c15d914b03f83fc96344f917e0838]
2025-01-20T14:42:12.2943240Z    - conda-forge/noarch::sphinx-gallery==0.16.0=pyhd8ed1ab_0[md5=add28691ee89e875b190eda07929d5d4]
2025-01-20T14:42:12.2943680Z    - conda-forge/noarch::sphinx-jsonschema==1.19.1=pyhd8ed1ab_1[md5=dece792362306fc18e3117d93863a921]
2025-01-20T14:42:12.2944150Z    - conda-forge/noarch::sphinxcontrib-applehelp==1.0.8=pyhd8ed1ab_0[md5=611a35a27914fac3aa37611a6fe40bb5]
2025-01-20T14:42:12.2944630Z    - conda-forge/noarch::sphinxcontrib-bibtex==2.6.2=pyhd8ed1ab_0[md5=ac0947374ec8b703181808828bf5dfec]
2025-01-20T14:42:12.2945100Z    - conda-forge/noarch::sphinxcontrib-devhelp==1.0.6=pyhd8ed1ab_0[md5=d7e4954df0d3aea2eacc7835ad12671d]
2025-01-20T14:42:12.2945570Z    - conda-forge/noarch::sphinxcontrib-htmlhelp==2.0.5=pyhd8ed1ab_0[md5=7e1e7437273682ada2ed5e9e9714b140]
2025-01-20T14:42:12.2946030Z    - conda-forge/noarch::sphinxcontrib-jquery==4.1=pyhd8ed1ab_1[md5=403185829255321ea427333f7773dd1f]
2025-01-20T14:42:12.2946460Z    - conda-forge/noarch::sphinx-astropy==1.9.1=pyhd8ed1ab_1[md5=143070f15bdac34b79c607e5ae59ab1d]
2025-01-20T14:42:12.2946890Z    - conda-forge/noarch::sphinx_rtd_theme==2.0.0=pyha770c72_0[md5=baf6d9a33df1a789ca55e3b404c7ea28]
2025-01-20T14:42:12.2947330Z    - conda-forge/noarch::sphinxcontrib-qthelp==1.0.7=pyhd8ed1ab_0[md5=26acae54b06f178681bfb551760f5dd1]
2025-01-20T14:42:12.2947760Z    - conda-forge/noarch::sphinx==7.3.7=pyhd8ed1ab_0[md5=7b1465205e28d75d2c0e1a868ee00a67]
2025-01-20T14:42:12.2948210Z    - conda-forge/noarch::sphinxcontrib-serializinghtml==1.1.10=pyhd8ed1ab_1[md5=3bc61f7161d28137797e038263c04c54]
2025-01-20T14:42:12.2948700Z    - conda-forge/noarch::sphinxext-rediraffe==0.2.7=pyhd8ed1ab_2[md5=6e9abf97190dc7a1f0c207e86ef3abc5]
2025-01-20T14:42:12.2949090Z    - pyviz/noarch::nbsite==0.8.7=py_0[md5=8d3e4c7cf9d2304ad6a44b57a60c643f]
2025-01-20T14:42:12.2949290Z 
2025-01-20T14:42:12.2949290Z 
2025-01-20T14:42:12.2949410Z   Package                                      Version  Build                    Channel         Size
2025-01-20T14:42:12.2950050Z â”€â”€â”€â”€â”€â”€â”€â”€â”€â”€â”€â”€â”€â”€â”€â”€â”€â”€â”€â”€â”€â”€â”€â”€â”€â”€â”€â”€â”€â”€â”€â”€â”€â”€â”€â”€â”€â”€â”€â”€â”€â”€â”€â”€â”€â”€â”€â”€â”€â”€â”€â”€â”€â”€â”€â”€â”€â”€â”€â”€â”€â”€â”€â”€â”€â”€â”€â”€â”€â”€â”€â”€â”€â”€â”€â”€â”€â”€â”€â”€â”€â”€â”€â”€â”€â”€â”€â”€â”€â”€â”€â”€â”€â”€â”€â”€â”€â”€â”€â”€â”€â”€â”€
2025-01-20T14:42:12.2950340Z   Install:
2025-01-20T14:42:12.2950650Z â”€â”€â”€â”€â”€â”€â”€â”€â”€â”€â”€â”€â”€â”€â”€â”€â”€â”€â”€â”€â”€â”€â”€â”€â”€â”€â”€â”€â”€â”€â”€â”€â”€â”€â”€â”€â”€â”€â”€â”€â”€â”€â”€â”€â”€â”€â”€â”€â”€â”€â”€â”€â”€â”€â”€â”€â”€â”€â”€â”€â”€â”€â”€â”€â”€â”€â”€â”€â”€â”€â”€â”€â”€â”€â”€â”€â”€â”€â”€â”€â”€â”€â”€â”€â”€â”€â”€â”€â”€â”€â”€â”€â”€â”€â”€â”€â”€â”€â”€â”€â”€â”€â”€
2025-01-20T14:42:12.2950890Z 
2025-01-20T14:42:12.2951010Z   + c-ares                                      1.28.1  h93a5062_0               conda-forge         
2025-01-20T14:42:12.2951320Z   + ca-certificates                         2024.12.14  hf0a4a13_0               conda-forge         
2025-01-20T14:42:12.2951680Z   + font-ttf-dejavu-sans-mono                     2.37  hab24e00_0               conda-forge         
2025-01-20T14:42:12.2952030Z   + font-ttf-inconsolata                         3.000  h77eed37_0               conda-forge         
2025-01-20T14:42:12.2952390Z   + font-ttf-source-code-pro                     2.038  h77eed37_0               conda-forge         
2025-01-20T14:42:12.2952720Z   + font-ttf-ubuntu                               0.83  h77eed37_3               conda-forge         
2025-01-20T14:42:12.2953030Z   + fribidi                                     1.0.10  h27ca646_0               conda-forge         
2025-01-20T14:42:12.2953310Z   + giflib                                       5.2.2  h93a5062_0               conda-forge         
2025-01-20T14:42:12.2953710Z   + git-lfs                                      3.5.1  h40ddcf5_1               conda-forge         
2025-01-20T14:42:12.2953990Z   + icu                                           73.2  hc8870d7_0               conda-forge         
2025-01-20T14:42:12.2954260Z   + libdeflate                                    1.20  h93a5062_0               conda-forge         
2025-01-20T14:42:12.2954540Z   + libev                                         4.33  h93a5062_2               conda-forge         
2025-01-20T14:42:12.2954820Z   + libexpat                                     2.6.2  hebf3989_0               conda-forge         
2025-01-20T14:42:12.2955200Z   + libffi                                       3.4.2  h3422bc3_5               conda-forge         
2025-01-20T14:42:12.2955490Z   + libiconv                                      1.17  h0d3ecfb_2               conda-forge         
2025-01-20T14:42:12.2955800Z   + libjpeg-turbo                                3.0.0  hb547adb_1               conda-forge         
2025-01-20T14:42:12.2956100Z   + libsodium                                   1.0.18  h27ca646_1               conda-forge         
2025-01-20T14:42:12.2956400Z   + libwebp-base                                 1.4.0  h93a5062_0               conda-forge         
2025-01-20T14:42:12.2956710Z   + pandoc                                       3.2.1  hce30654_0               conda-forge         
2025-01-20T14:42:12.2957000Z   + python_abi                                    3.12  5_cp312                  conda-forge         
2025-01-20T14:42:12.2957280Z   + tzdata                                       2024a  h8827d51_1               conda-forge         
2025-01-20T14:42:12.2957550Z   + xz                                           5.2.6  h57fd34a_0               conda-forge         
2025-01-20T14:42:12.2957810Z   + yaml                                         0.2.5  h3422bc3_2               conda-forge         
2025-01-20T14:42:12.2958080Z   + bzip2                                        1.0.8  h99b78c6_7               conda-forge         
2025-01-20T14:42:12.2958360Z   + expat                                        2.6.2  hebf3989_0               conda-forge         
2025-01-20T14:42:12.2958650Z   + fonts-conda-forge                                1  0                        conda-forge         
2025-01-20T14:42:12.2959000Z   + libbrotlicommon                              1.1.0  hd74edd7_2               conda-forge         
2025-01-20T14:42:12.2959300Z   + libcxx                                      19.1.7  ha82da77_0               conda-forge         
2025-01-20T14:42:12.2959580Z   + libintl                                     0.22.5  h8414b35_3               conda-forge         
2025-01-20T14:42:12.2959860Z   + libzlib                                      1.3.1  h8359307_2               conda-forge         
2025-01-20T14:42:12.2960160Z   + llvm-openmp                                 18.1.7  hde57baf_0               conda-forge         
2025-01-20T14:42:12.2960450Z   + ncurses                                        6.5  h5e97a16_2               conda-forge         
2025-01-20T14:42:12.2960720Z   + openssl                                      3.4.0  h81ee809_1               conda-forge         
2025-01-20T14:42:12.2961020Z   + pthread-stubs                                  0.4  hd74edd7_1002            conda-forge         
2025-01-20T14:42:12.2961320Z   + xorg-libxau                                 1.0.11  hd74edd7_1               conda-forge         
2025-01-20T14:42:12.2961620Z   + xorg-libxdmcp                                1.1.3  hd74edd7_2               conda-forge         
2025-01-20T14:42:12.2961950Z   + fonts-conda-ecosystem                            1  0                        conda-forge         
2025-01-20T14:42:12.2962270Z   + gettext-tools                               0.22.5  h8414b35_3               conda-forge         
2025-01-20T14:42:12.2962560Z   + gmp                                          6.3.0  h7bae524_2               conda-forge         
2025-01-20T14:42:12.2962990Z   + graphite2                                   1.3.13  hebf3989_1003            conda-forge         
2025-01-20T14:42:12.2963270Z   + lerc                                         4.0.0  h9a09cb3_0               conda-forge         
2025-01-20T14:42:12.2963540Z   + libaec                                       1.1.3  hebf3989_0               conda-forge         
2025-01-20T14:42:12.2963830Z   + libasprintf                                 0.22.5  h8414b35_3               conda-forge         
2025-01-20T14:42:12.2964130Z   + libbrotlidec                                 1.1.0  hd74edd7_2               conda-forge         
2025-01-20T14:42:12.2964460Z   + libbrotlienc                                 1.1.0  hd74edd7_2               conda-forge         
2025-01-20T14:42:12.2964990Z   + libedit                               3.1.20191231  hc8eb9b7_2               conda-forge         
2025-01-20T14:42:12.2965300Z   + libgettextpo                                0.22.5  h8414b35_3               conda-forge         
2025-01-20T14:42:12.2965610Z   + libgfortran5                                13.2.0  hf226fd6_3               conda-forge         
2025-01-20T14:42:12.2965920Z   + libintl-devel                               0.22.5  h8414b35_3               conda-forge         
2025-01-20T14:42:12.2966220Z   + libllvm14                                   14.0.6  hd1a9a77_4               conda-forge         
2025-01-20T14:42:12.2966510Z   + libnghttp2                                  1.58.0  ha4dd798_1               conda-forge         
2025-01-20T14:42:12.2966800Z   + libpng                                      1.6.43  h091b4b1_0               conda-forge         
2025-01-20T14:42:12.2967090Z   + libsqlite                                   3.46.0  hfb93653_0               conda-forge         
2025-01-20T14:42:12.2967380Z   + libssh2                                     1.11.0  h7a5bd25_0               conda-forge         
2025-01-20T14:42:12.2967660Z   + libxcb                                        1.16  hc9fafa5_1               conda-forge         
2025-01-20T14:42:12.2967940Z   + libxml2                                     2.12.7  h9a80f22_3               conda-forge         
2025-01-20T14:42:12.2968210Z   + lz4-c                                       1.10.0  h286801f_1               conda-forge         
2025-01-20T14:42:12.2968480Z   + pcre2                                        10.44  h297a79d_2               conda-forge         
2025-01-20T14:42:12.2968760Z   + pixman                                      0.43.4  hebf3989_0               conda-forge         
2025-01-20T14:42:12.2969040Z   + readline                                       8.2  h92ec313_1               conda-forge         
2025-01-20T14:42:12.2969320Z   + snappy                                       1.2.1  h98b9ce2_1               conda-forge         
2025-01-20T14:42:12.2969590Z   + tk                                          8.6.13  h5083fa2_1               conda-forge         
2025-01-20T14:42:12.2969860Z   + zlib                                         1.3.1  h8359307_2               conda-forge         
2025-01-20T14:42:12.2970130Z   + zlib-ng                                      2.2.3  h13dfb9a_0               conda-forge         
2025-01-20T14:42:12.2970410Z   + zstd                                         1.5.6  hb46c0d2_0               conda-forge         
2025-01-20T14:42:12.2970690Z   + blosc                                       1.21.6  h7dd00d9_1               conda-forge         
2025-01-20T14:42:12.2970980Z   + brotli-bin                                   1.1.0  hd74edd7_2               conda-forge         
2025-01-20T14:42:12.2971280Z   + c-blosc2                                    2.15.2  h9cbb436_1               conda-forge         
2025-01-20T14:42:12.2971580Z   + freetype                                    2.12.1  hadb7bae_2               conda-forge         
2025-01-20T14:42:12.2971870Z   + krb5                                        1.21.2  h92f50d5_0               conda-forge         
2025-01-20T14:42:12.2972240Z   + libasprintf-devel                           0.22.5  h8414b35_3               conda-forge         
2025-01-20T14:42:12.2972590Z   + libgettextpo-devel                          0.22.5  h8414b35_3               conda-forge         
2025-01-20T14:42:12.2972920Z   + libgfortran                                  5.0.0  13_2_0_hd922786_3        conda-forge         
2025-01-20T14:42:12.2973220Z   + libglib                                     2.80.2  h59d46d9_1               conda-forge         
2025-01-20T14:42:12.2973510Z   + libtiff                                      4.6.0  h07db509_3               conda-forge         
2025-01-20T14:42:12.2973790Z   + libxslt                                     1.1.39  h223e5b9_0               conda-forge         
2025-01-20T14:42:12.2974260Z   + mpfr                                         4.2.1  hb693164_3               conda-forge         
2025-01-20T14:42:12.2974530Z   + python                                      3.12.4  h30c5eda_0_cpython       conda-forge         
2025-01-20T14:42:12.2974830Z   + alabaster                                   0.7.16  pyhd8ed1ab_0             conda-forge         
2025-01-20T14:42:12.2975130Z   + appnope                                      0.1.4  pyhd8ed1ab_1             conda-forge         
2025-01-20T14:42:12.2975460Z   + astropy-iers-data              0.2024.6.17.0.31.35  pyhd8ed1ab_0             conda-forge         
2025-01-20T14:42:12.2975770Z   + atk-1.0                                     2.38.0  hd03087b_2               conda-forge         
2025-01-20T14:42:12.2976040Z   + attrs                                       23.2.0  pyh71513ae_0             conda-forge         
2025-01-20T14:42:12.2976320Z   + brotli                                       1.1.0  hd74edd7_2               conda-forge         
2025-01-20T14:42:12.2976620Z   + brotli-python                                1.1.0  py312hde4cb15_2          conda-forge         
2025-01-20T14:42:12.2976940Z   + cached_property                              1.5.2  pyha770c72_1             conda-forge         
2025-01-20T14:42:12.2977250Z   + certifi                                 2024.12.14  pyhd8ed1ab_0             conda-forge         
2025-01-20T14:42:12.2977570Z   + charset-normalizer                           3.3.2  pyhd8ed1ab_0             conda-forge         
2025-01-20T14:42:12.2977880Z   + click                                        8.1.7  unix_pyh707e725_1        conda-forge         
2025-01-20T14:42:12.2978170Z   + codespell                                    2.3.0  pyhd8ed1ab_1             conda-forge         
2025-01-20T14:42:12.2978470Z   + colorama                                     0.4.6  pyhd8ed1ab_1             conda-forge         
2025-01-20T14:42:12.2978760Z   + cycler                                      0.12.1  pyhd8ed1ab_1             conda-forge         
2025-01-20T14:42:12.2979050Z   + dataclasses                                    0.8  pyhc8e2a94_3             conda-forge         
2025-01-20T14:42:12.2979350Z   + debugpy                                      1.8.1  py312h20a0b95_0          conda-forge         
2025-01-20T14:42:12.2979640Z   + decorator                                    5.1.1  pyhd8ed1ab_1             conda-forge         
2025-01-20T14:42:12.2980000Z   + defusedxml                                   0.7.1  pyhd8ed1ab_0             conda-forge         
2025-01-20T14:42:12.2980300Z   + docutils                                    0.20.1  py312h81bd7bf_3          conda-forge         
2025-01-20T14:42:12.2980600Z   + entrypoints                                    0.4  pyhd8ed1ab_1             conda-forge         
2025-01-20T14:42:12.2980910Z   + exceptiongroup                               1.2.0  pyhd8ed1ab_2             conda-forge         
2025-01-20T14:42:12.2981230Z   + executing                                    2.0.1  pyhd8ed1ab_0             conda-forge         
2025-01-20T14:42:12.2981520Z   + fontconfig                                  2.14.2  h82840c6_0               conda-forge         
2025-01-20T14:42:12.2981860Z   + future                                       1.0.0  pyhd8ed1ab_1             conda-forge         
2025-01-20T14:42:12.2982150Z   + gdk-pixbuf                                 2.42.12  h7ddc832_0               conda-forge         
2025-01-20T14:42:12.2982440Z   + gettext                                     0.22.5  h8414b35_3               conda-forge         
2025-01-20T14:42:12.2982730Z   + greenlet                                     3.1.1  py312hd8f9ff3_1          conda-forge         
2025-01-20T14:42:12.2983000Z   + gts                                          0.7.6  he42f4ea_4               conda-forge         
2025-01-20T14:42:12.2983270Z   + hpack                                        4.0.0  pyhd8ed1ab_1             conda-forge         
2025-01-20T14:42:12.2983660Z   + hyperframe                                   6.0.1  pyhd8ed1ab_1             conda-forge         
2025-01-20T14:42:12.2984010Z   + idna                                           3.7  pyhd8ed1ab_0             conda-forge         
2025-01-20T14:42:12.2984290Z   + imagesize                                    1.4.1  pyhd8ed1ab_0             conda-forge         
2025-01-20T14:42:12.2984590Z   + iniconfig                                    2.0.0  pyhd8ed1ab_1             conda-forge         
2025-01-20T14:42:12.2984900Z   + ipython_genutils                             0.2.0  pyhd8ed1ab_2             conda-forge         
2025-01-20T14:42:12.2985200Z   + json5                                       0.9.25  pyhd8ed1ab_0             conda-forge         
2025-01-20T14:42:12.2985500Z   + jsonpointer                                  3.0.0  py312h81bd7bf_1          conda-forge         
2025-01-20T14:42:12.2985820Z   + jupyterlab_widgets                          1.1.11  pyhd8ed1ab_0             conda-forge         
2025-01-20T14:42:12.2986140Z   + kiwisolver                                   1.4.5  py312h6142ec9_2          conda-forge         
2025-01-20T14:42:12.2986430Z   + lcms2                                         2.16  ha0e7c42_0               conda-forge         
2025-01-20T14:42:12.2986710Z   + libcurl                                      8.8.0  h7b6f9a7_0               conda-forge         
2025-01-20T14:42:12.2987000Z   + libopenblas                                 0.3.27  openmp_h517c56d_1        conda-forge         
2025-01-20T14:42:12.2987300Z   + libwebp                                      1.4.0  h54798ee_0               conda-forge         
2025-01-20T14:42:12.2987590Z   + llvmlite                                    0.43.0  py312ha9ca408_1          conda-forge         
2025-01-20T14:42:12.2987870Z   + lxml                                         5.2.2  py312h0e5ab22_0          conda-forge         
2025-01-20T14:42:12.2988150Z   + markupsafe                                   2.1.5  py312h024a12e_1          conda-forge         
2025-01-20T14:42:12.2988450Z   + mdurl                                        0.1.2  pyhd8ed1ab_1             conda-forge         
2025-01-20T14:42:12.2988730Z   + mistune                                      3.0.2  pyhd8ed1ab_1             conda-forge         
2025-01-20T14:42:12.2989000Z   + mpc                                          1.3.1  h8f1351a_1               conda-forge         
2025-01-20T14:42:12.2989280Z   + mpmath                                       1.3.0  pyhd8ed1ab_1             conda-forge         
2025-01-20T14:42:12.2989560Z   + munkres                                      1.1.4  pyh9f0ad1d_0             conda-forge         
2025-01-20T14:42:12.2989860Z   + mypy_extensions                              1.0.0  pyha770c72_1             conda-forge         
2025-01-20T14:42:12.2990170Z   + nest-asyncio                                 1.6.0  pyhd8ed1ab_1             conda-forge         
2025-01-20T14:42:12.2990470Z   + networkx                                       3.3  pyhd8ed1ab_1             conda-forge         
2025-01-20T14:42:12.2990760Z   + openjpeg                                     2.5.2  h9f1df11_0               conda-forge         
2025-01-20T14:42:12.2991060Z   + packaging                                     24.1  pyhd8ed1ab_0             conda-forge         
2025-01-20T14:42:12.2991410Z   + pandocfilters                                1.5.0  pyhd8ed1ab_0             conda-forge         
2025-01-20T14:42:12.2991710Z   + param                                        2.2.0  pyhd8ed1ab_0             conda-forge         
2025-01-20T14:42:12.2991980Z   + parso                                        0.8.4  pyhd8ed1ab_1             conda-forge         
2025-01-20T14:42:12.2992270Z   + pathspec                                    0.12.1  pyhd8ed1ab_1             conda-forge         
2025-01-20T14:42:12.2992570Z   + pickleshare                                  0.7.5  pyhd8ed1ab_1004          conda-forge         
2025-01-20T14:42:12.2992900Z   + pkgutil-resolve-name                        1.3.10  pyhd8ed1ab_2             conda-forge         
2025-01-20T14:42:12.2993330Z   + platformdirs                                 4.2.2  pyhd8ed1ab_0             conda-forge         
2025-01-20T14:42:12.2993630Z   + pluggy                                       1.5.0  pyhd8ed1ab_1             conda-forge         
2025-01-20T14:42:12.2993930Z   + portalocker                                  3.0.0  py312h81bd7bf_0          conda-forge         
2025-01-20T14:42:12.2994250Z   + prometheus_client                           0.20.0  pyhd8ed1ab_0             conda-forge         
2025-01-20T14:42:12.2994560Z   + psutil                                       5.9.8  py312he37b823_0          conda-forge         
2025-01-20T14:42:12.2994850Z   + ptyprocess                                   0.7.0  pyhd8ed1ab_1             conda-forge         
2025-01-20T14:42:12.2995150Z   + pure_eval                                    0.2.2  pyhd8ed1ab_0             conda-forge         
2025-01-20T14:42:12.2995450Z   + py-cpuinfo                                   9.0.0  pyhd8ed1ab_1             conda-forge         
2025-01-20T14:42:12.2995750Z   + pycparser                                     2.22  pyh29332c3_1             conda-forge         
2025-01-20T14:42:12.2996060Z   + pygments                                    2.18.0  pyhd8ed1ab_1             conda-forge         
2025-01-20T14:42:12.2996360Z   + pyparsing                                    3.1.2  pyhd8ed1ab_0             conda-forge         
2025-01-20T14:42:12.2996650Z   + pysocks                                      1.7.1  pyha55dd90_7             conda-forge         
2025-01-20T14:42:12.2996970Z   + python-fastjsonschema                       2.20.0  pyhd8ed1ab_0             conda-forge         
2025-01-20T14:42:12.2997320Z   + python-json-logger                           2.0.7  pyhd8ed1ab_0             conda-forge         
2025-01-20T14:42:12.2997660Z   + python-tzdata                               2024.1  pyhd8ed1ab_0             conda-forge         
2025-01-20T14:42:12.2997960Z   + pytz                                        2024.1  pyhd8ed1ab_0             conda-forge         
2025-01-20T14:42:12.2998230Z   + pyyaml                                       6.0.1  py312h02f2b3b_1          conda-forge         
2025-01-20T14:42:12.2998540Z   + rfc3986-validator                            0.1.1  pyh9f0ad1d_0             conda-forge         
2025-01-20T14:42:12.2998850Z   + rpds-py                                     0.18.1  py312h552d48e_0          conda-forge         
2025-01-20T14:42:12.2999140Z   + ruff                                         0.4.9  py312h3402d49_0          conda-forge         
2025-01-20T14:42:12.2999430Z   + setuptools                                  70.0.0  pyhd8ed1ab_0             conda-forge         
2025-01-20T14:42:12.2999710Z   + six                                         1.16.0  pyhd8ed1ab_1             conda-forge         
2025-01-20T14:42:12.2999990Z   + sniffio                                      1.3.1  pyhd8ed1ab_1             conda-forge         
2025-01-20T14:42:12.3000300Z   + snowballstemmer                              2.2.0  pyhd8ed1ab_0             conda-forge         
2025-01-20T14:42:12.3000610Z   + soupsieve                                      2.5  pyhd8ed1ab_1             conda-forge         
2025-01-20T14:42:12.3001120Z   + sphinx_bootstrap_theme                       0.8.1  pyhd8ed1ab_1             conda-forge         
2025-01-20T14:42:12.3001470Z   + sphinxcontrib-jsmath                         1.0.1  pyhd8ed1ab_1             conda-forge         
2025-01-20T14:42:12.3001790Z   + tabulate                                     0.9.0  pyhd8ed1ab_2             conda-forge         
2025-01-20T14:42:12.3002080Z   + tenacity                                     8.4.1  pyhd8ed1ab_0             conda-forge         
2025-01-20T14:42:12.3002360Z   + toml                                        0.10.2  pyhd8ed1ab_1             conda-forge         
2025-01-20T14:42:12.3002630Z   + tomli                                        2.0.1  pyhd8ed1ab_0             conda-forge         
2025-01-20T14:42:12.3003120Z   + tornado                                      6.4.1  py312h024a12e_1          conda-forge         
2025-01-20T14:42:12.3003410Z   + traitlets                                   5.14.3  pyhd8ed1ab_1             conda-forge         
2025-01-20T14:42:12.3003710Z   + typed-ast                                    1.5.5  py312h02f2b3b_1          conda-forge         
2025-01-20T14:42:12.3004050Z   + types-python-dateutil               2.9.0.20240316  pyhd8ed1ab_0             conda-forge         
2025-01-20T14:42:12.3004400Z   + typing_extensions                           4.12.2  pyha770c72_1             conda-forge         
2025-01-20T14:42:12.3004720Z   + typing_utils                                 0.1.0  pyhd8ed1ab_1             conda-forge         
2025-01-20T14:42:12.3005030Z   + uc-micro-py                                  1.0.3  pyhd8ed1ab_1             conda-forge         
2025-01-20T14:42:12.3005330Z   + uri-template                                 1.3.0  pyhd8ed1ab_1             conda-forge         
2025-01-20T14:42:12.3005630Z   + wcwidth                                     0.2.13  pyhd8ed1ab_1             conda-forge         
2025-01-20T14:42:12.3005920Z   + webcolors                                   24.6.0  pyhd8ed1ab_0             conda-forge         
2025-01-20T14:42:12.3006230Z   + webencodings                                 0.5.1  pyhd8ed1ab_3             conda-forge         
2025-01-20T14:42:12.3006550Z   + websocket-client                             1.8.0  pyhd8ed1ab_1             conda-forge         
2025-01-20T14:42:12.3006860Z   + wheel                                       0.43.0  pyhd8ed1ab_1             conda-forge         
2025-01-20T14:42:12.3007160Z   + xyzservices                               2025.1.0  pyhd8ed1ab_0             conda-forge         
2025-01-20T14:42:12.3007460Z   + zeromq                                       4.3.5  hcc0f68c_4               conda-forge         
2025-01-20T14:42:12.3007740Z   + zipp                                        3.19.2  pyhd8ed1ab_0             conda-forge         
2025-01-20T14:42:12.3008200Z   + accessible-pygments                          0.0.5  pyhd8ed1ab_1             conda-forge         
2025-01-20T14:42:12.3008610Z   + anyio                                        4.4.0  pyhd8ed1ab_0             conda-forge         
2025-01-20T14:42:12.3008960Z   + astropy-sphinx-theme                           1.1  pyhd8ed1ab_1             conda-forge         
2025-01-20T14:42:12.3009340Z   + asttokens                                    2.4.1  pyhd8ed1ab_0             conda-forge         
2025-01-20T14:42:12.3009650Z   + async-lru                                    2.0.4  pyhd8ed1ab_1             conda-forge         
2025-01-20T14:42:12.3009950Z   + babel                                       2.14.0  pyhd8ed1ab_0             conda-forge         
2025-01-20T14:42:12.3010270Z   + beautifulsoup4                              4.12.3  pyha770c72_1             conda-forge         
2025-01-20T14:42:12.3010580Z   + bleach                                       6.1.0  pyhd8ed1ab_0             conda-forge         
2025-01-20T14:42:12.3011140Z   + cached-property                              1.5.2  hd8ed1ab_1               conda-forge         
2025-01-20T14:42:12.3011600Z   + cairo                                       1.18.0  hc6c324b_2               conda-forge         
2025-01-20T14:42:12.3012030Z   + cffi                                        1.16.0  py312h8e38eb3_0          conda-forge         
2025-01-20T14:42:12.3016920Z   + comm                                         0.2.2  pyhd8ed1ab_1             conda-forge         
2025-01-20T14:42:12.3017210Z   + commonmark                                   0.9.1  py_0                     conda-forge         
2025-01-20T14:42:12.3017510Z   + coverage                                     7.5.3  py312h7e5086c_0          conda-forge         
2025-01-20T14:42:12.3017800Z   + dot2tex                                     2.11.3  pyhd8ed1ab_1             conda-forge         
2025-01-20T14:42:12.3018170Z   + fonttools                                   4.53.0  py312h7e5086c_0          conda-forge         
2025-01-20T14:42:12.3018450Z   + gmpy2                                        2.1.5  py312h524cf62_3          conda-forge         
2025-01-20T14:42:12.3018720Z   + h11                                         0.14.0  pyhd8ed1ab_1             conda-forge         
2025-01-20T14:42:12.3018980Z   + h2                                           4.1.0  pyhd8ed1ab_1             conda-forge         
2025-01-20T14:42:12.3019240Z   + hdf5                                        1.14.3  nompi_hec07895_105       conda-forge         
2025-01-20T14:42:12.3019550Z   + importlib-metadata                           7.1.0  pyha770c72_0             conda-forge         
2025-01-20T14:42:12.3019890Z   + importlib_resources                          6.4.0  pyhd8ed1ab_0             conda-forge         
2025-01-20T14:42:12.3020260Z   + jedi                                        0.19.1  pyhd8ed1ab_0             conda-forge         
2025-01-20T14:42:12.3020540Z   + jinja2                                       3.1.4  pyhd8ed1ab_1             conda-forge         
2025-01-20T14:42:12.3020830Z   + jupyter_core                                 5.7.2  pyh31011fe_1             conda-forge         
2025-01-20T14:42:12.3021160Z   + jupyterlab_pygments                          0.3.0  pyhd8ed1ab_2             conda-forge         
2025-01-20T14:42:12.3021480Z   + latexcodec                                   2.0.1  pyh9f0ad1d_0             conda-forge         
2025-01-20T14:42:12.3021780Z   + libblas                                      3.9.0  24_osxarm64_openblas     conda-forge         
2025-01-20T14:42:12.3022060Z   + libgd                                        2.3.3  hfdf3952_9               conda-forge         
2025-01-20T14:42:12.3022350Z   + linkify-it-py                                2.0.3  pyhd8ed1ab_1             conda-forge         
2025-01-20T14:42:12.3022660Z   + markdown-it-py                               3.0.0  pyhd8ed1ab_1             conda-forge         
2025-01-20T14:42:12.3022990Z   + matplotlib-inline                            0.1.7  pyhd8ed1ab_1             conda-forge         
2025-01-20T14:42:12.3023310Z   + overrides                                    7.7.0  pyhd8ed1ab_1             conda-forge         
2025-01-20T14:42:12.3023600Z   + pexpect                                      4.9.0  pyhd8ed1ab_1             conda-forge         
2025-01-20T14:42:12.3023910Z   + pillow                                      10.3.0  py312h39b1d8d_1          conda-forge         
2025-01-20T14:42:12.3024180Z   + pip                                         24.3.1  pyh8b19718_2             conda-forge         
2025-01-20T14:42:12.3024450Z   + plotly                                      5.22.0  pyhd8ed1ab_0             conda-forge         
2025-01-20T14:42:12.3024750Z   + prompt-toolkit                              3.0.47  pyha770c72_0             conda-forge         
2025-01-20T14:42:12.3025090Z   + pyobjc-core                                 10.3.1  py312hd24fc31_1          conda-forge         
2025-01-20T14:42:12.3025390Z   + pytest                                       8.2.2  pyhd8ed1ab_0             conda-forge         
2025-01-20T14:42:12.3025700Z   + python-dateutil                        2.9.0.post0  pyhff2d567_1             conda-forge         
2025-01-20T14:42:12.3026100Z   + pyviz_comms                                  3.0.4  pyhd8ed1ab_1             conda-forge         
2025-01-20T14:42:12.3026390Z   + pyzmq                                       26.0.3  py312hfa13136_0          conda-forge         
2025-01-20T14:42:12.3026680Z   + referencing                                 0.35.1  pyhd8ed1ab_1             conda-forge         
2025-01-20T14:42:12.3027010Z   + rfc3339-validator                            0.1.4  pyhd8ed1ab_1             conda-forge         
2025-01-20T14:42:12.3027320Z   + snakeviz                                     2.2.0  pyhd8ed1ab_0             conda-forge         
2025-01-20T14:42:12.3027660Z   + terminado                                   0.18.1  pyh31c8845_0             conda-forge         
2025-01-20T14:42:12.3027950Z   + tinycss2                                     1.3.0  pyhd8ed1ab_0             conda-forge         
2025-01-20T14:42:12.3028240Z   + tqdm                                        4.66.4  pyhd8ed1ab_0             conda-forge         
2025-01-20T14:42:12.3028540Z   + typing-extensions                           4.12.2  hd8ed1ab_1               conda-forge         
2025-01-20T14:42:12.3028880Z   + argon2-cffi-bindings                        21.2.0  py312h024a12e_5          conda-forge         
2025-01-20T14:42:12.3029200Z   + arrow                                        1.3.0  pyhd8ed1ab_1             conda-forge         
2025-01-20T14:42:12.3029470Z   + fqdn                                         1.5.1  pyhd8ed1ab_1             conda-forge         
2025-01-20T14:42:12.3029740Z   + harfbuzz                                     8.5.0  h1836168_0               conda-forge         
2025-01-20T14:42:12.3030040Z   + httpcore                                     1.0.5  pyhd8ed1ab_0             conda-forge         
2025-01-20T14:42:12.3030350Z   + importlib_metadata                           7.1.0  hd8ed1ab_0               conda-forge         
2025-01-20T14:42:12.3030720Z   + jsonschema-specifications                2023.12.1  pyhd8ed1ab_0             conda-forge         
2025-01-20T14:42:12.3031100Z   + jupyter_server_terminals                     0.5.3  pyhd8ed1ab_1             conda-forge         
2025-01-20T14:42:12.3031420Z   + libcblas                                     3.9.0  24_osxarm64_openblas     conda-forge         
2025-01-20T14:42:12.3031720Z   + liblapack                                    3.9.0  24_osxarm64_openblas     conda-forge         
2025-01-20T14:42:12.3032020Z   + markdown                                       3.6  pyhd8ed1ab_0             conda-forge         
2025-01-20T14:42:12.3032320Z   + mdit-py-plugins                              0.4.2  pyhd8ed1ab_1             conda-forge         
2025-01-20T14:42:12.3032620Z   + pbr                                          6.0.0  pyhd8ed1ab_0             conda-forge         
2025-01-20T14:42:12.3032900Z   + pybtex                                      0.24.0  pyhd8ed1ab_3             conda-forge         
2025-01-20T14:42:12.3033220Z   + pyobjc-framework-cocoa                      10.3.1  py312hd24fc31_1          conda-forge         
2025-01-20T14:42:12.3033560Z   + pytest-cov                                   5.0.0  pyhd8ed1ab_0             conda-forge         
2025-01-20T14:42:12.3033880Z   + pytest-doctestplus                           1.2.1  pyhd8ed1ab_0             conda-forge         
2025-01-20T14:42:12.3034220Z   + pytest-metadata                              3.1.1  pyhd8ed1ab_1             conda-forge         
2025-01-20T14:42:12.3034540Z   + setuptools-scm                               8.1.0  pyhd8ed1ab_1             conda-forge         
2025-01-20T14:42:12.3034850Z   + sqlalchemy                                  2.0.37  py312hea69d52_0          conda-forge         
2025-01-20T14:42:12.3035160Z   + stack_data                                   0.6.2  pyhd8ed1ab_0             conda-forge         
2025-01-20T14:42:12.3035440Z   + sympy                                       1.12.1  pypyh2585a3b_103         conda-forge         
2025-01-20T14:42:12.3035780Z   + watchfiles                                   1.0.4  py312hcd83bfe_0          conda-forge         
2025-01-20T14:42:12.3036080Z   + zstandard                                   0.23.0  py312h15fbf35_1          conda-forge         
2025-01-20T14:42:12.3036380Z   + argon2-cffi                                 23.1.0  pyhd8ed1ab_1             conda-forge         
2025-01-20T14:42:12.3036670Z   + httpx                                       0.27.0  pyhd8ed1ab_0             conda-forge         
2025-01-20T14:42:12.3036950Z   + ipython                                     8.25.0  pyh707e725_0             conda-forge         
2025-01-20T14:42:12.3037250Z   + isoduration                                20.11.0  pyhd8ed1ab_1             conda-forge         
2025-01-20T14:42:12.3037600Z   + jsonschema                                  4.22.0  pyhd8ed1ab_0             conda-forge         
2025-01-20T14:42:12.3037920Z   + jupyter_client                               8.6.2  pyhd8ed1ab_0             conda-forge         
2025-01-20T14:42:12.3038230Z   + numpy                                        2.0.2  py312h94ee1e1_1          conda-forge         
2025-01-20T14:42:12.3038500Z   + pango                                       1.54.0  h5cb9fbc_0               conda-forge         
2025-01-20T14:42:12.3038810Z   + pybtex-docutils                              1.0.3  py312h81bd7bf_2          conda-forge         
2025-01-20T14:42:12.3039120Z   + pytest-html                                  4.1.1  pyhd8ed1ab_1             conda-forge         
2025-01-20T14:42:12.3039430Z   + send2trash                                   1.8.3  pyh31c8845_1             conda-forge         
2025-01-20T14:42:12.3039730Z   + setuptools_scm                               8.1.0  hd8ed1ab_1               conda-forge         
2025-01-20T14:42:12.3040060Z   + sphinxcontrib-apidoc                         0.3.0  py_1                     conda-forge         
2025-01-20T14:42:12.3040380Z   + urllib3                                      2.2.2  pyhd8ed1ab_1             conda-forge         
2025-01-20T14:42:12.3040680Z   + contourpy                                    1.2.1  py312h0fef576_0          conda-forge         
2025-01-20T14:42:12.3040960Z   + gtk2                                       2.24.33  h7895bb2_4               conda-forge         
2025-01-20T14:42:12.3041230Z   + h5py                                        3.11.0  nompi_py312h3cd0824_103  conda-forge         
2025-01-20T14:42:12.3041510Z   + ipykernel                                   6.29.4  pyh57ce528_0             conda-forge         
2025-01-20T14:42:12.3041860Z   + jsonschema-with-format-nongpl               4.22.0  pyhd8ed1ab_0             conda-forge         
2025-01-20T14:42:12.3042210Z   + librsvg                                     2.58.1  hbc281fb_0               conda-forge         
2025-01-20T14:42:12.3042500Z   + nbformat                                    5.10.4  pyhd8ed1ab_1             conda-forge         
2025-01-20T14:42:12.3042780Z   + numba                                       0.60.0  py312h41cea2d_0          conda-forge         
2025-01-20T14:42:12.3043070Z   + numexpr                                     2.10.0  py312h8ae5369_0          conda-forge         
2025-01-20T14:42:12.3043350Z   + pandas                                       2.2.2  py312h8ae5369_1          conda-forge         
2025-01-20T14:42:12.3043630Z   + pyerfa                                     2.0.1.4  py312h755e627_2          conda-forge         
2025-01-20T14:42:12.3043920Z   + requests                                    2.32.3  pyhd8ed1ab_1             conda-forge         
2025-01-20T14:42:12.3044200Z   + scipy                                       1.13.1  py312h14ffa8f_0          conda-forge         
2025-01-20T14:42:12.3044490Z   + astropy                                      6.1.1  py312hbebd99a_1          conda-forge         
2025-01-20T14:42:12.3044770Z   + bokeh                                        3.6.2  pyhd8ed1ab_1             conda-forge         
2025-01-20T14:42:12.3045200Z   + graphviz                                    11.0.0  h9bb9bc9_0               conda-forge         
2025-01-20T14:42:12.3045510Z   + jupyter_events                              0.10.0  pyhd8ed1ab_1             conda-forge         
2025-01-20T14:42:12.3045830Z   + matplotlib-base                              3.8.4  py312h4479663_2          conda-forge         
2025-01-20T14:42:12.3046140Z   + nbclient                                    0.10.0  pyhd8ed1ab_0             conda-forge         
2025-01-20T14:42:12.3046430Z   + pytables                                    3.10.2  py312h2ca37b8_0          conda-forge         
2025-01-20T14:42:12.3046730Z   + jupyter-cache                                1.0.1  pyhff2d567_0             conda-forge         
2025-01-20T14:42:12.3047110Z   + nbconvert-core                              7.16.4  pyhd8ed1ab_3             conda-forge         
2025-01-20T14:42:12.3047410Z   + panel                                        1.5.5  pyhd8ed1ab_0             conda-forge         
2025-01-20T14:42:12.3047710Z   + pygraphviz                                    1.13  py312h5f4d302_1          conda-forge         
2025-01-20T14:42:12.3048030Z   + radioactivedecay                             0.5.1  pyhd8ed1ab_1             conda-forge         
2025-01-20T14:42:12.3048350Z   + jupyter_server                              2.14.1  pyhd8ed1ab_1             conda-forge         
2025-01-20T14:42:12.3048680Z   + nbconvert-pandoc                            7.16.4  hd8ed1ab_3               conda-forge         
2025-01-20T14:42:12.3048990Z   + jupyter-lsp                                  2.2.5  pyhd8ed1ab_1             conda-forge         
2025-01-20T14:42:12.3049310Z   + jupyterlab_server                           2.27.2  pyhd8ed1ab_0             conda-forge         
2025-01-20T14:42:12.3049630Z   + nbconvert                                   7.16.4  hd8ed1ab_3               conda-forge         
2025-01-20T14:42:12.3049930Z   + notebook-shim                                0.2.4  pyhd8ed1ab_1             conda-forge         
2025-01-20T14:42:12.3050240Z   + jupyterlab                                   4.2.2  pyhd8ed1ab_0             conda-forge         
2025-01-20T14:42:12.3050550Z   + nbclassic                                    1.1.0  pyhd8ed1ab_1             conda-forge         
2025-01-20T14:42:12.3050840Z   + notebook                                     7.2.1  pyhd8ed1ab_0             conda-forge         
2025-01-20T14:42:12.3051160Z   + widgetsnbextension                          3.6.10  pyhd8ed1ab_0             conda-forge         
2025-01-20T14:42:12.3051480Z   + ipywidgets                                   7.8.5  pyhd8ed1ab_0             conda-forge         
2025-01-20T14:42:12.3051780Z   + qgrid                                        1.3.1  pyhd8ed1ab_5             conda-forge         
2025-01-20T14:42:12.3052070Z   + myst-parser                                  4.0.0  pyhd8ed1ab_1             conda-forge         
2025-01-20T14:42:12.3052360Z   + myst-nb                                      1.1.2  pyhd8ed1ab_1             conda-forge         
2025-01-20T14:42:12.3052640Z   + nbsphinx                                     0.9.4  pyhd8ed1ab_0             conda-forge         
2025-01-20T14:42:12.3052940Z   + numpydoc                                     1.7.0  pyhd8ed1ab_3             conda-forge         
2025-01-20T14:42:12.3053250Z   + pydata-sphinx-theme                         0.15.4  pyhd8ed1ab_0             conda-forge         
2025-01-20T14:42:12.3053580Z   + recommonmark                                 0.7.1  pyhd8ed1ab_1             conda-forge         
2025-01-20T14:42:12.3053910Z   + sphinx-automodapi                           0.17.0  pyh717bed2_1             conda-forge         
2025-01-20T14:42:12.3054250Z   + sphinx-copybutton                            0.5.2  pyhd8ed1ab_1             conda-forge         
2025-01-20T14:42:12.3054580Z   + sphinx-design                                0.6.1  pyhd8ed1ab_2             conda-forge         
2025-01-20T14:42:12.3054940Z   + sphinx-gallery                              0.16.0  pyhd8ed1ab_0             conda-forge         
2025-01-20T14:42:12.3055270Z   + sphinx-jsonschema                           1.19.1  pyhd8ed1ab_1             conda-forge         
2025-01-20T14:42:12.3055620Z   + sphinxcontrib-applehelp                      1.0.8  pyhd8ed1ab_0             conda-forge         
2025-01-20T14:42:12.3055990Z   + sphinxcontrib-bibtex                         2.6.2  pyhd8ed1ab_0             conda-forge         
2025-01-20T14:42:12.3056370Z   + sphinxcontrib-devhelp                        1.0.6  pyhd8ed1ab_0             conda-forge         
2025-01-20T14:42:12.3056730Z   + sphinxcontrib-htmlhelp                       2.0.5  pyhd8ed1ab_0             conda-forge         
2025-01-20T14:42:12.3057160Z   + sphinxcontrib-jquery                           4.1  pyhd8ed1ab_1             conda-forge         
2025-01-20T14:42:12.3057500Z   + sphinx-astropy                               1.9.1  pyhd8ed1ab_1             conda-forge         
2025-01-20T14:42:12.3057820Z   + sphinx_rtd_theme                             2.0.0  pyha770c72_0             conda-forge         
2025-01-20T14:42:12.3058160Z   + sphinxcontrib-qthelp                         1.0.7  pyhd8ed1ab_0             conda-forge         
2025-01-20T14:42:12.3058470Z   + sphinx                                       7.3.7  pyhd8ed1ab_0             conda-forge         
2025-01-20T14:42:12.3058820Z   + sphinxcontrib-serializinghtml               1.1.10  pyhd8ed1ab_1             conda-forge         
2025-01-20T14:42:12.3059200Z   + sphinxext-rediraffe                          0.2.7  pyhd8ed1ab_2             conda-forge         
2025-01-20T14:42:12.3059500Z   + nbsite                                       0.8.7  py_0                     pyviz               
2025-01-20T14:42:12.3059680Z 
2025-01-20T14:42:12.3059730Z   Summary:
2025-01-20T14:42:12.3059800Z 
2025-01-20T14:42:12.3059850Z   Install: 334 packages
2025-01-20T14:42:12.3059950Z 
2025-01-20T14:42:12.3060080Z   Total download: 0 B
2025-01-20T14:42:12.3060170Z 
2025-01-20T14:42:12.3060460Z â”€â”€â”€â”€â”€â”€â”€â”€â”€â”€â”€â”€â”€â”€â”€â”€â”€â”€â”€â”€â”€â”€â”€â”€â”€â”€â”€â”€â”€â”€â”€â”€â”€â”€â”€â”€â”€â”€â”€â”€â”€â”€â”€â”€â”€â”€â”€â”€â”€â”€â”€â”€â”€â”€â”€â”€â”€â”€â”€â”€â”€â”€â”€â”€â”€â”€â”€â”€â”€â”€â”€â”€â”€â”€â”€â”€â”€â”€â”€â”€â”€â”€â”€â”€â”€â”€â”€â”€â”€â”€â”€â”€â”€â”€â”€â”€â”€â”€â”€â”€â”€â”€â”€
2025-01-20T14:42:12.3060700Z 
2025-01-20T14:42:12.3060700Z 
2025-01-20T14:42:12.3060700Z 
2025-01-20T14:42:12.3060750Z Transaction starting
2025-01-20T14:43:50.5851940Z 
2025-01-20T14:44:15.9212990Z 
2025-01-20T14:44:21.3520420Z 
2025-01-20T14:44:25.2170330Z 
2025-01-20T14:44:26.0985850Z 
2025-01-20T14:44:26.0986740Z Transaction finished
2025-01-20T14:44:26.0987170Z 
2025-01-20T14:44:26.0987640Z To activate this environment, use:
2025-01-20T14:44:26.0989370Z 
2025-01-20T14:44:26.0989550Z     micromamba activate tardis
2025-01-20T14:44:26.0989850Z 
2025-01-20T14:44:26.0990170Z Or to execute a single command in this environment, use:
2025-01-20T14:44:26.0990430Z 
2025-01-20T14:44:26.0990570Z     micromamba run -n tardis mycommand
2025-01-20T14:44:26.0990710Z 
2025-01-20T14:44:26.1245670Z ##[endgroup]
2025-01-20T14:44:26.1251650Z ##[group]Caching environment `tardis` in `/Users/runner/micromamba/envs/tardis` ...
2025-01-20T14:44:26.1844300Z [command]/opt/homebrew/bin/gtar --posix -cf cache.tzst --exclude cache.tzst -P -C /Users/runner/work/tardis/tardis --files-from manifest.txt --delay-directory-restore --use-compress-program zstdmt
2025-01-20T14:45:01.6529520Z Cache Size: ~410 MB (430118343 B)
2025-01-20T14:45:01.8582210Z Cache saved successfully
2025-01-20T14:45:01.8626780Z Saved cache with ID `2436`
2025-01-20T14:45:01.8634610Z ##[endgroup]
2025-01-20T14:45:01.8635050Z Adding environment tardis to auto-activate bash ...
2025-01-20T14:45:01.8643370Z Generating micromamba run shell.
2025-01-20T14:45:01.8659790Z ##[endgroup]
2025-01-20T14:45:01.8664430Z Set environment variables.
2025-01-20T14:45:01.8670750Z ##[group]micromamba info
2025-01-20T14:45:01.8679700Z [command]/Users/runner/micromamba-bin/micromamba info -r /Users/runner/micromamba -n tardis
2025-01-20T14:45:02.3660010Z 
2025-01-20T14:45:02.3679810Z        libmamba version : 1.5.10
2025-01-20T14:45:02.3690120Z      micromamba version : 1.5.10
2025-01-20T14:45:02.3690550Z            curl version : libcurl/8.10.1 (OpenSSL/3.3.2) SecureTransport zlib/1.3.1 zstd/1.5.6 libssh2/1.11.0 nghttp2/1.58.0
2025-01-20T14:45:02.3691070Z      libarchive version : libarchive 3.7.4 zlib/1.2.13 bz2lib/1.0.8 libzstd/1.5.6
2025-01-20T14:45:02.3691500Z        envs directories : /Users/runner/micromamba/envs
2025-01-20T14:45:02.3691790Z           package cache : /Users/runner/micromamba/pkgs
2025-01-20T14:45:02.3692080Z                           /Users/runner/.mamba/pkgs
2025-01-20T14:45:02.3692440Z             environment : tardis
2025-01-20T14:45:02.3692700Z            env location : /Users/runner/micromamba/envs/tardis
2025-01-20T14:45:02.3709860Z       user config files : /Users/runner/.mambarc
2025-01-20T14:45:02.3710840Z  populated config files : /Users/runner/work/_temp/setup-micromamba/.condarc
2025-01-20T14:45:02.3711680Z        virtual packages : __unix=0=0
2025-01-20T14:45:02.3712230Z                           __osx=14.7.2=0
2025-01-20T14:45:02.3712920Z                           __archspec=1=arm64
2025-01-20T14:45:02.3713910Z                channels : https://conda.anaconda.org/conda-forge/osx-arm64
2025-01-20T14:45:02.3714780Z                           https://conda.anaconda.org/conda-forge/noarch
2025-01-20T14:45:02.3715570Z        base environment : /Users/runner/micromamba
2025-01-20T14:45:02.3716180Z                platform : osx-arm64
2025-01-20T14:45:02.3717260Z ##[endgroup]
2025-01-20T14:45:02.3718170Z ##[group]micromamba list
2025-01-20T14:45:02.3719380Z [command]/Users/runner/micromamba-bin/micromamba list -r /Users/runner/micromamba -n tardis
2025-01-20T14:45:02.7601600Z List of packages in environment: "/Users/runner/micromamba/envs/tardis"
2025-01-20T14:45:02.7602020Z 
2025-01-20T14:45:02.7602370Z   Name                           Version              Build                    Channel    
2025-01-20T14:45:02.7603830Z â”€â”€â”€â”€â”€â”€â”€â”€â”€â”€â”€â”€â”€â”€â”€â”€â”€â”€â”€â”€â”€â”€â”€â”€â”€â”€â”€â”€â”€â”€â”€â”€â”€â”€â”€â”€â”€â”€â”€â”€â”€â”€â”€â”€â”€â”€â”€â”€â”€â”€â”€â”€â”€â”€â”€â”€â”€â”€â”€â”€â”€â”€â”€â”€â”€â”€â”€â”€â”€â”€â”€â”€â”€â”€â”€â”€â”€â”€â”€â”€â”€â”€â”€â”€â”€â”€â”€â”€â”€â”€â”€â”€
2025-01-20T14:45:02.7604290Z   accessible-pygments            0.0.5                pyhd8ed1ab_1             conda-forge
2025-01-20T14:45:02.7604750Z   alabaster                      0.7.16               pyhd8ed1ab_0             conda-forge
2025-01-20T14:45:02.7605130Z   anyio                          4.4.0                pyhd8ed1ab_0             conda-forge
2025-01-20T14:45:02.7605520Z   appnope                        0.1.4                pyhd8ed1ab_1             conda-forge
2025-01-20T14:45:02.7605930Z   argon2-cffi                    23.1.0               pyhd8ed1ab_1             conda-forge
2025-01-20T14:45:02.7606350Z   argon2-cffi-bindings           21.2.0               py312h024a12e_5          conda-forge
2025-01-20T14:45:02.7606740Z   arrow                          1.3.0                pyhd8ed1ab_1             conda-forge
2025-01-20T14:45:02.7607100Z   astropy                        6.1.1                py312hbebd99a_1          conda-forge
2025-01-20T14:45:02.7607460Z   astropy-iers-data              0.2024.6.17.0.31.35  pyhd8ed1ab_0             conda-forge
2025-01-20T14:45:02.7607880Z   astropy-sphinx-theme           1.1                  pyhd8ed1ab_1             conda-forge
2025-01-20T14:45:02.7608290Z   asttokens                      2.4.1                pyhd8ed1ab_0             conda-forge
2025-01-20T14:45:02.7608620Z   async-lru                      2.0.4                pyhd8ed1ab_1             conda-forge
2025-01-20T14:45:02.7608970Z   atk-1.0                        2.38.0               hd03087b_2               conda-forge
2025-01-20T14:45:02.7609330Z   attrs                          23.2.0               pyh71513ae_0             conda-forge
2025-01-20T14:45:02.7609630Z   babel                          2.14.0               pyhd8ed1ab_0             conda-forge
2025-01-20T14:45:02.7610020Z   beautifulsoup4                 4.12.3               pyha770c72_1             conda-forge
2025-01-20T14:45:02.7610360Z   bleach                         6.1.0                pyhd8ed1ab_0             conda-forge
2025-01-20T14:45:02.7611110Z   blosc                          1.21.6               h7dd00d9_1               conda-forge
2025-01-20T14:45:02.7611550Z   bokeh                          3.6.2                pyhd8ed1ab_1             conda-forge
2025-01-20T14:45:02.7611920Z   brotli                         1.1.0                hd74edd7_2               conda-forge
2025-01-20T14:45:02.7612270Z   brotli-bin                     1.1.0                hd74edd7_2               conda-forge
2025-01-20T14:45:02.7612750Z   brotli-python                  1.1.0                py312hde4cb15_2          conda-forge
2025-01-20T14:45:02.7613090Z   bzip2                          1.0.8                h99b78c6_7               conda-forge
2025-01-20T14:45:02.7613650Z   c-ares                         1.28.1               h93a5062_0               conda-forge
2025-01-20T14:45:02.7614000Z   c-blosc2                       2.15.2               h9cbb436_1               conda-forge
2025-01-20T14:45:02.7614370Z   ca-certificates                2024.12.14           hf0a4a13_0               conda-forge
2025-01-20T14:45:02.7614830Z   cached-property                1.5.2                hd8ed1ab_1               conda-forge
2025-01-20T14:45:02.7615230Z   cached_property                1.5.2                pyha770c72_1             conda-forge
2025-01-20T14:45:02.7615570Z   cairo                          1.18.0               hc6c324b_2               conda-forge
2025-01-20T14:45:02.7615970Z   certifi                        2024.12.14           pyhd8ed1ab_0             conda-forge
2025-01-20T14:45:02.7616290Z   cffi                           1.16.0               py312h8e38eb3_0          conda-forge
2025-01-20T14:45:02.7616630Z   charset-normalizer             3.3.2                pyhd8ed1ab_0             conda-forge
2025-01-20T14:45:02.7617090Z   click                          8.1.7                unix_pyh707e725_1        conda-forge
2025-01-20T14:45:02.7617490Z   codespell                      2.3.0                pyhd8ed1ab_1             conda-forge
2025-01-20T14:45:02.7617910Z   colorama                       0.4.6                pyhd8ed1ab_1             conda-forge
2025-01-20T14:45:02.7618320Z   comm                           0.2.2                pyhd8ed1ab_1             conda-forge
2025-01-20T14:45:02.7618700Z   commonmark                     0.9.1                py_0                     conda-forge
2025-01-20T14:45:02.7619080Z   contourpy                      1.2.1                py312h0fef576_0          conda-forge
2025-01-20T14:45:02.7619470Z   coverage                       7.5.3                py312h7e5086c_0          conda-forge
2025-01-20T14:45:02.7619840Z   cycler                         0.12.1               pyhd8ed1ab_1             conda-forge
2025-01-20T14:45:02.7620250Z   dataclasses                    0.8                  pyhc8e2a94_3             conda-forge
2025-01-20T14:45:02.7620610Z   debugpy                        1.8.1                py312h20a0b95_0          conda-forge
2025-01-20T14:45:02.7620960Z   decorator                      5.1.1                pyhd8ed1ab_1             conda-forge
2025-01-20T14:45:02.7621330Z   defusedxml                     0.7.1                pyhd8ed1ab_0             conda-forge
2025-01-20T14:45:02.7621670Z   docutils                       0.20.1               py312h81bd7bf_3          conda-forge
2025-01-20T14:45:02.7622000Z   dot2tex                        2.11.3               pyhd8ed1ab_1             conda-forge
2025-01-20T14:45:02.7645860Z   entrypoints                    0.4                  pyhd8ed1ab_1             conda-forge
2025-01-20T14:45:02.7646260Z   exceptiongroup                 1.2.0                pyhd8ed1ab_2             conda-forge
2025-01-20T14:45:02.7646600Z   executing                      2.0.1                pyhd8ed1ab_0             conda-forge
2025-01-20T14:45:02.7647020Z   expat                          2.6.2                hebf3989_0               conda-forge
2025-01-20T14:45:02.7647420Z   font-ttf-dejavu-sans-mono      2.37                 hab24e00_0               conda-forge
2025-01-20T14:45:02.7648330Z   font-ttf-inconsolata           3.000                h77eed37_0               conda-forge
2025-01-20T14:45:02.7648790Z   font-ttf-source-code-pro       2.038                h77eed37_0               conda-forge
2025-01-20T14:45:02.7649160Z   font-ttf-ubuntu                0.83                 h77eed37_3               conda-forge
2025-01-20T14:45:02.7649510Z   fontconfig                     2.14.2               h82840c6_0               conda-forge
2025-01-20T14:45:02.7649900Z   fonts-conda-ecosystem          1                    0                        conda-forge
2025-01-20T14:45:02.7650270Z   fonts-conda-forge              1                    0                        conda-forge
2025-01-20T14:45:02.7650610Z   fonttools                      4.53.0               py312h7e5086c_0          conda-forge
2025-01-20T14:45:02.7651300Z   fqdn                           1.5.1                pyhd8ed1ab_1             conda-forge
2025-01-20T14:45:02.7651630Z   freetype                       2.12.1               hadb7bae_2               conda-forge
2025-01-20T14:45:02.7651970Z   fribidi                        1.0.10               h27ca646_0               conda-forge
2025-01-20T14:45:02.7652350Z   future                         1.0.0                pyhd8ed1ab_1             conda-forge
2025-01-20T14:45:02.7652690Z   gdk-pixbuf                     2.42.12              h7ddc832_0               conda-forge
2025-01-20T14:45:02.7653090Z   gettext                        0.22.5               h8414b35_3               conda-forge
2025-01-20T14:45:02.7653430Z   gettext-tools                  0.22.5               h8414b35_3               conda-forge
2025-01-20T14:45:02.7653770Z   giflib                         5.2.2                h93a5062_0               conda-forge
2025-01-20T14:45:02.7654140Z   git-lfs                        3.5.1                h40ddcf5_1               conda-forge
2025-01-20T14:45:02.7654470Z   gmp                            6.3.0                h7bae524_2               conda-forge
2025-01-20T14:45:02.7654790Z   gmpy2                          2.1.5                py312h524cf62_3          conda-forge
2025-01-20T14:45:02.7655160Z   graphite2                      1.3.13               hebf3989_1003            conda-forge
2025-01-20T14:45:02.7655480Z   graphviz                       11.0.0               h9bb9bc9_0               conda-forge
2025-01-20T14:45:02.7655830Z   greenlet                       3.1.1                py312hd8f9ff3_1          conda-forge
2025-01-20T14:45:02.7656240Z   gtk2                           2.24.33              h7895bb2_4               conda-forge
2025-01-20T14:45:02.7656550Z   gts                            0.7.6                he42f4ea_4               conda-forge
2025-01-20T14:45:02.7656830Z   h11                            0.14.0               pyhd8ed1ab_1             conda-forge
2025-01-20T14:45:02.7657190Z   h2                             4.1.0                pyhd8ed1ab_1             conda-forge
2025-01-20T14:45:02.7657490Z   h5py                           3.11.0               nompi_py312h3cd0824_103  conda-forge
2025-01-20T14:45:02.7657810Z   harfbuzz                       8.5.0                h1836168_0               conda-forge
2025-01-20T14:45:02.7658240Z   hdf5                           1.14.3               nompi_hec07895_105       conda-forge
2025-01-20T14:45:02.7658580Z   hpack                          4.0.0                pyhd8ed1ab_1             conda-forge
2025-01-20T14:45:02.7658940Z   httpcore                       1.0.5                pyhd8ed1ab_0             conda-forge
2025-01-20T14:45:02.7659340Z   httpx                          0.27.0               pyhd8ed1ab_0             conda-forge
2025-01-20T14:45:02.7659700Z   hyperframe                     6.0.1                pyhd8ed1ab_1             conda-forge
2025-01-20T14:45:02.7660080Z   icu                            73.2                 hc8870d7_0               conda-forge
2025-01-20T14:45:02.7660380Z   idna                           3.7                  pyhd8ed1ab_0             conda-forge
2025-01-20T14:45:02.7660850Z   imagesize                      1.4.1                pyhd8ed1ab_0             conda-forge
2025-01-20T14:45:02.7661280Z   importlib-metadata             7.1.0                pyha770c72_0             conda-forge
2025-01-20T14:45:02.7661700Z   importlib_metadata             7.1.0                hd8ed1ab_0               conda-forge
2025-01-20T14:45:02.7662190Z   importlib_resources            6.4.0                pyhd8ed1ab_0             conda-forge
2025-01-20T14:45:02.7662660Z   iniconfig                      2.0.0                pyhd8ed1ab_1             conda-forge
2025-01-20T14:45:02.7662980Z   ipykernel                      6.29.4               pyh57ce528_0             conda-forge
2025-01-20T14:45:02.7663650Z   ipython                        8.25.0               pyh707e725_0             conda-forge
2025-01-20T14:45:02.7664330Z   ipython_genutils               0.2.0                pyhd8ed1ab_2             conda-forge
2025-01-20T14:45:02.7664810Z   ipywidgets                     7.8.5                pyhd8ed1ab_0             conda-forge
2025-01-20T14:45:02.7665160Z   isoduration                    20.11.0              pyhd8ed1ab_1             conda-forge
2025-01-20T14:45:02.7665480Z   jedi                           0.19.1               pyhd8ed1ab_0             conda-forge
2025-01-20T14:45:02.7665880Z   jinja2                         3.1.4                pyhd8ed1ab_1             conda-forge
2025-01-20T14:45:02.7666250Z   json5                          0.9.25               pyhd8ed1ab_0             conda-forge
2025-01-20T14:45:02.7666650Z   jsonpointer                    3.0.0                py312h81bd7bf_1          conda-forge
2025-01-20T14:45:02.7667090Z   jsonschema                     4.22.0               pyhd8ed1ab_0             conda-forge
2025-01-20T14:45:02.7667490Z   jsonschema-specifications      2023.12.1            pyhd8ed1ab_0             conda-forge
2025-01-20T14:45:02.7667970Z   jsonschema-with-format-nongpl  4.22.0               pyhd8ed1ab_0             conda-forge
2025-01-20T14:45:02.7668460Z   jupyter-cache                  1.0.1                pyhff2d567_0             conda-forge
2025-01-20T14:45:02.7668940Z   jupyter-lsp                    2.2.5                pyhd8ed1ab_1             conda-forge
2025-01-20T14:45:02.7669280Z   jupyter_client                 8.6.2                pyhd8ed1ab_0             conda-forge
2025-01-20T14:45:02.7669620Z   jupyter_core                   5.7.2                pyh31011fe_1             conda-forge
2025-01-20T14:45:02.7670010Z   jupyter_events                 0.10.0               pyhd8ed1ab_1             conda-forge
2025-01-20T14:45:02.7670360Z   jupyter_server                 2.14.1               pyhd8ed1ab_1             conda-forge
2025-01-20T14:45:02.7670730Z   jupyter_server_terminals       0.5.3                pyhd8ed1ab_1             conda-forge
2025-01-20T14:45:02.7671150Z   jupyterlab                     4.2.2                pyhd8ed1ab_0             conda-forge
2025-01-20T14:45:02.7671530Z   jupyterlab_pygments            0.3.0                pyhd8ed1ab_2             conda-forge
2025-01-20T14:45:02.7672100Z   jupyterlab_server              2.27.2               pyhd8ed1ab_0             conda-forge
2025-01-20T14:45:02.7672620Z   jupyterlab_widgets             1.1.11               pyhd8ed1ab_0             conda-forge
2025-01-20T14:45:02.7672980Z   kiwisolver                     1.4.5                py312h6142ec9_2          conda-forge
2025-01-20T14:45:02.7673290Z   krb5                           1.21.2               h92f50d5_0               conda-forge
2025-01-20T14:45:02.7673640Z   latexcodec                     2.0.1                pyh9f0ad1d_0             conda-forge
2025-01-20T14:45:02.7673970Z   lcms2                          2.16                 ha0e7c42_0               conda-forge
2025-01-20T14:45:02.7674340Z   lerc                           4.0.0                h9a09cb3_0               conda-forge
2025-01-20T14:45:02.7674730Z   libaec                         1.1.3                hebf3989_0               conda-forge
2025-01-20T14:45:02.7675050Z   libasprintf                    0.22.5               h8414b35_3               conda-forge
2025-01-20T14:45:02.7675550Z   libasprintf-devel              0.22.5               h8414b35_3               conda-forge
2025-01-20T14:45:02.7676130Z   libblas                        3.9.0                24_osxarm64_openblas     conda-forge
2025-01-20T14:45:02.7676480Z   libbrotlicommon                1.1.0                hd74edd7_2               conda-forge
2025-01-20T14:45:02.7676900Z   libbrotlidec                   1.1.0                hd74edd7_2               conda-forge
2025-01-20T14:45:02.7677310Z   libbrotlienc                   1.1.0                hd74edd7_2               conda-forge
2025-01-20T14:45:02.7677740Z   libcblas                       3.9.0                24_osxarm64_openblas     conda-forge
2025-01-20T14:45:02.7678290Z   libcurl                        8.8.0                h7b6f9a7_0               conda-forge
2025-01-20T14:45:02.7679190Z   libcxx                         19.1.7               ha82da77_0               conda-forge
2025-01-20T14:45:02.7679710Z   libdeflate                     1.20                 h93a5062_0               conda-forge
2025-01-20T14:45:02.7680090Z   libedit                        3.1.20191231         hc8eb9b7_2               conda-forge
2025-01-20T14:45:02.7680420Z   libev                          4.33                 h93a5062_2               conda-forge
2025-01-20T14:45:02.7680820Z   libexpat                       2.6.2                hebf3989_0               conda-forge
2025-01-20T14:45:02.7681140Z   libffi                         3.4.2                h3422bc3_5               conda-forge
2025-01-20T14:45:02.7681490Z   libgd                          2.3.3                hfdf3952_9               conda-forge
2025-01-20T14:45:02.7681880Z   libgettextpo                   0.22.5               h8414b35_3               conda-forge
2025-01-20T14:45:02.7682250Z   libgettextpo-devel             0.22.5               h8414b35_3               conda-forge
2025-01-20T14:45:02.7682650Z   libgfortran                    5.0.0                13_2_0_hd922786_3        conda-forge
2025-01-20T14:45:02.7683080Z   libgfortran5                   13.2.0               hf226fd6_3               conda-forge
2025-01-20T14:45:02.7683460Z   libglib                        2.80.2               h59d46d9_1               conda-forge
2025-01-20T14:45:02.7683840Z   libiconv                       1.17                 h0d3ecfb_2               conda-forge
2025-01-20T14:45:02.7684290Z   libintl                        0.22.5               h8414b35_3               conda-forge
2025-01-20T14:45:02.7684660Z   libintl-devel                  0.22.5               h8414b35_3               conda-forge
2025-01-20T14:45:02.7685150Z   libjpeg-turbo                  3.0.0                hb547adb_1               conda-forge
2025-01-20T14:45:02.7685570Z   liblapack                      3.9.0                24_osxarm64_openblas     conda-forge
2025-01-20T14:45:02.7686020Z   libllvm14                      14.0.6               hd1a9a77_4               conda-forge
2025-01-20T14:45:02.7686490Z   libnghttp2                     1.58.0               ha4dd798_1               conda-forge
2025-01-20T14:45:02.7686920Z   libopenblas                    0.3.27               openmp_h517c56d_1        conda-forge
2025-01-20T14:45:02.7687270Z   libpng                         1.6.43               h091b4b1_0               conda-forge
2025-01-20T14:45:02.7687650Z   librsvg                        2.58.1               hbc281fb_0               conda-forge
2025-01-20T14:45:02.7687950Z   libsodium                      1.0.18               h27ca646_1               conda-forge
2025-01-20T14:45:02.7688270Z   libsqlite                      3.46.0               hfb93653_0               conda-forge
2025-01-20T14:45:02.7688610Z   libssh2                        1.11.0               h7a5bd25_0               conda-forge
2025-01-20T14:45:02.7688910Z   libtiff                        4.6.0                h07db509_3               conda-forge
2025-01-20T14:45:02.7689200Z   libwebp                        1.4.0                h54798ee_0               conda-forge
2025-01-20T14:45:02.7689810Z   libwebp-base                   1.4.0                h93a5062_0               conda-forge
2025-01-20T14:45:02.7690120Z   libxcb                         1.16                 hc9fafa5_1               conda-forge
2025-01-20T14:45:02.7690440Z   libxml2                        2.12.7               h9a80f22_3               conda-forge
2025-01-20T14:45:02.7690770Z   libxslt                        1.1.39               h223e5b9_0               conda-forge
2025-01-20T14:45:02.7691060Z   libzlib                        1.3.1                h8359307_2               conda-forge
2025-01-20T14:45:02.7691380Z   linkify-it-py                  2.0.3                pyhd8ed1ab_1             conda-forge
2025-01-20T14:45:02.7691840Z   llvm-openmp                    18.1.7               hde57baf_0               conda-forge
2025-01-20T14:45:02.7692160Z   llvmlite                       0.43.0               py312ha9ca408_1          conda-forge
2025-01-20T14:45:02.7692540Z   lxml                           5.2.2                py312h0e5ab22_0          conda-forge
2025-01-20T14:45:02.7692860Z   lz4-c                          1.10.0               h286801f_1               conda-forge
2025-01-20T14:45:02.7693200Z   markdown                       3.6                  pyhd8ed1ab_0             conda-forge
2025-01-20T14:45:02.7693590Z   markdown-it-py                 3.0.0                pyhd8ed1ab_1             conda-forge
2025-01-20T14:45:02.7693930Z   markupsafe                     2.1.5                py312h024a12e_1          conda-forge
2025-01-20T14:45:02.7694270Z   matplotlib-base                3.8.4                py312h4479663_2          conda-forge
2025-01-20T14:45:02.7694680Z   matplotlib-inline              0.1.7                pyhd8ed1ab_1             conda-forge
2025-01-20T14:45:02.7695030Z   mdit-py-plugins                0.4.2                pyhd8ed1ab_1             conda-forge
2025-01-20T14:45:02.7695350Z   mdurl                          0.1.2                pyhd8ed1ab_1             conda-forge
2025-01-20T14:45:02.7695700Z   mistune                        3.0.2                pyhd8ed1ab_1             conda-forge
2025-01-20T14:45:02.7695990Z   mpc                            1.3.1                h8f1351a_1               conda-forge
2025-01-20T14:45:02.7696360Z   mpfr                           4.2.1                hb693164_3               conda-forge
2025-01-20T14:45:02.7696700Z   mpmath                         1.3.0                pyhd8ed1ab_1             conda-forge
2025-01-20T14:45:02.7697610Z   munkres                        1.1.4                pyh9f0ad1d_0             conda-forge
2025-01-20T14:45:02.7698980Z   mypy_extensions                1.0.0                pyha770c72_1             conda-forge
2025-01-20T14:45:02.7699450Z   myst-nb                        1.1.2                pyhd8ed1ab_1             conda-forge
2025-01-20T14:45:02.7699830Z   myst-parser                    4.0.0                pyhd8ed1ab_1             conda-forge
2025-01-20T14:45:02.7700310Z   nbclassic                      1.1.0                pyhd8ed1ab_1             conda-forge
2025-01-20T14:45:02.7700720Z   nbclient                       0.10.0               pyhd8ed1ab_0             conda-forge
2025-01-20T14:45:02.7701100Z   nbconvert                      7.16.4               hd8ed1ab_3               conda-forge
2025-01-20T14:45:02.7701560Z   nbconvert-core                 7.16.4               pyhd8ed1ab_3             conda-forge
2025-01-20T14:45:02.7701980Z   nbconvert-pandoc               7.16.4               hd8ed1ab_3               conda-forge
2025-01-20T14:45:02.7702340Z   nbformat                       5.10.4               pyhd8ed1ab_1             conda-forge
2025-01-20T14:45:02.7702830Z   nbsite                         0.8.7                py_0                     pyviz      
2025-01-20T14:45:02.7703220Z   nbsphinx                       0.9.4                pyhd8ed1ab_0             conda-forge
2025-01-20T14:45:02.7703560Z   ncurses                        6.5                  h5e97a16_2               conda-forge
2025-01-20T14:45:02.7704460Z   nest-asyncio                   1.6.0                pyhd8ed1ab_1             conda-forge
2025-01-20T14:45:02.7704870Z   networkx                       3.3                  pyhd8ed1ab_1             conda-forge
2025-01-20T14:45:02.7705200Z   notebook                       7.2.1                pyhd8ed1ab_0             conda-forge
2025-01-20T14:45:02.7705530Z   notebook-shim                  0.2.4                pyhd8ed1ab_1             conda-forge
2025-01-20T14:45:02.7705890Z   numba                          0.60.0               py312h41cea2d_0          conda-forge
2025-01-20T14:45:02.7706200Z   numexpr                        2.10.0               py312h8ae5369_0          conda-forge
2025-01-20T14:45:02.7706790Z   numpy                          2.0.2                py312h94ee1e1_1          conda-forge
2025-01-20T14:45:02.7707170Z   numpydoc                       1.7.0                pyhd8ed1ab_3             conda-forge
2025-01-20T14:45:02.7707620Z   openjpeg                       2.5.2                h9f1df11_0               conda-forge
2025-01-20T14:45:02.7708140Z   openssl                        3.4.0                h81ee809_1               conda-forge
2025-01-20T14:45:02.7708500Z   overrides                      7.7.0                pyhd8ed1ab_1             conda-forge
2025-01-20T14:45:02.7708870Z   packaging                      24.1                 pyhd8ed1ab_0             conda-forge
2025-01-20T14:45:02.7729460Z   pandas                         2.2.2                py312h8ae5369_1          conda-forge
2025-01-20T14:45:02.7729790Z   pandoc                         3.2.1                hce30654_0               conda-forge
2025-01-20T14:45:02.7730240Z   pandocfilters                  1.5.0                pyhd8ed1ab_0             conda-forge
2025-01-20T14:45:02.7730680Z   panel                          1.5.5                pyhd8ed1ab_0             conda-forge
2025-01-20T14:45:02.7731030Z   pango                          1.54.0               h5cb9fbc_0               conda-forge
2025-01-20T14:45:02.7731410Z   param                          2.2.0                pyhd8ed1ab_0             conda-forge
2025-01-20T14:45:02.7731730Z   parso                          0.8.4                pyhd8ed1ab_1             conda-forge
2025-01-20T14:45:02.7732100Z   pathspec                       0.12.1               pyhd8ed1ab_1             conda-forge
2025-01-20T14:45:02.7732600Z   pbr                            6.0.0                pyhd8ed1ab_0             conda-forge
2025-01-20T14:45:02.7732930Z   pcre2                          10.44                h297a79d_2               conda-forge
2025-01-20T14:45:02.7733400Z   pexpect                        4.9.0                pyhd8ed1ab_1             conda-forge
2025-01-20T14:45:02.7733740Z   pickleshare                    0.7.5                pyhd8ed1ab_1004          conda-forge
2025-01-20T14:45:02.7734030Z   pillow                         10.3.0               py312h39b1d8d_1          conda-forge
2025-01-20T14:45:02.7734340Z   pip                            24.3.1               pyh8b19718_2             conda-forge
2025-01-20T14:45:02.7734600Z   pixman                         0.43.4               hebf3989_0               conda-forge
2025-01-20T14:45:02.7734910Z   pkgutil-resolve-name           1.3.10               pyhd8ed1ab_2             conda-forge
2025-01-20T14:45:02.7735230Z   platformdirs                   4.2.2                pyhd8ed1ab_0             conda-forge
2025-01-20T14:45:02.7735510Z   plotly                         5.22.0               pyhd8ed1ab_0             conda-forge
2025-01-20T14:45:02.7735780Z   pluggy                         1.5.0                pyhd8ed1ab_1             conda-forge
2025-01-20T14:45:02.7736070Z   portalocker                    3.0.0                py312h81bd7bf_0          conda-forge
2025-01-20T14:45:02.7736380Z   prometheus_client              0.20.0               pyhd8ed1ab_0             conda-forge
2025-01-20T14:45:02.7736690Z   prompt-toolkit                 3.0.47               pyha770c72_0             conda-forge
2025-01-20T14:45:02.7737240Z   psutil                         5.9.8                py312he37b823_0          conda-forge
2025-01-20T14:45:02.7737520Z   pthread-stubs                  0.4                  hd74edd7_1002            conda-forge
2025-01-20T14:45:02.7737810Z   ptyprocess                     0.7.0                pyhd8ed1ab_1             conda-forge
2025-01-20T14:45:02.7738090Z   pure_eval                      0.2.2                pyhd8ed1ab_0             conda-forge
2025-01-20T14:45:02.7738460Z   py-cpuinfo                     9.0.0                pyhd8ed1ab_1             conda-forge
2025-01-20T14:45:02.7738740Z   pybtex                         0.24.0               pyhd8ed1ab_3             conda-forge
2025-01-20T14:45:02.7739140Z   pybtex-docutils                1.0.3                py312h81bd7bf_2          conda-forge
2025-01-20T14:45:02.7739430Z   pycparser                      2.22                 pyh29332c3_1             conda-forge
2025-01-20T14:45:02.7739720Z   pydata-sphinx-theme            0.15.4               pyhd8ed1ab_0             conda-forge
2025-01-20T14:45:02.7740010Z   pyerfa                         2.0.1.4              py312h755e627_2          conda-forge
2025-01-20T14:45:02.7740260Z   pygments                       2.18.0               pyhd8ed1ab_1             conda-forge
2025-01-20T14:45:02.7740520Z   pygraphviz                     1.13                 py312h5f4d302_1          conda-forge
2025-01-20T14:45:02.7740790Z   pyobjc-core                    10.3.1               py312hd24fc31_1          conda-forge
2025-01-20T14:45:02.7741100Z   pyobjc-framework-cocoa         10.3.1               py312hd24fc31_1          conda-forge
2025-01-20T14:45:02.7741390Z   pyparsing                      3.1.2                pyhd8ed1ab_0             conda-forge
2025-01-20T14:45:02.7741660Z   pysocks                        1.7.1                pyha55dd90_7             conda-forge
2025-01-20T14:45:02.7741910Z   pytables                       3.10.2               py312h2ca37b8_0          conda-forge
2025-01-20T14:45:02.7742170Z   pytest                         8.2.2                pyhd8ed1ab_0             conda-forge
2025-01-20T14:45:02.7742420Z   pytest-cov                     5.0.0                pyhd8ed1ab_0             conda-forge
2025-01-20T14:45:02.7742720Z   pytest-doctestplus             1.2.1                pyhd8ed1ab_0             conda-forge
2025-01-20T14:45:02.7743010Z   pytest-html                    4.1.1                pyhd8ed1ab_1             conda-forge
2025-01-20T14:45:02.7743290Z   pytest-metadata                3.1.1                pyhd8ed1ab_1             conda-forge
2025-01-20T14:45:02.7743570Z   python                         3.12.4               h30c5eda_0_cpython       conda-forge
2025-01-20T14:45:02.7743850Z   python-dateutil                2.9.0.post0          pyhff2d567_1             conda-forge
2025-01-20T14:45:02.7744170Z   python-fastjsonschema          2.20.0               pyhd8ed1ab_0             conda-forge
2025-01-20T14:45:02.7744490Z   python-json-logger             2.0.7                pyhd8ed1ab_0             conda-forge
2025-01-20T14:45:02.7744780Z   python-tzdata                  2024.1               pyhd8ed1ab_0             conda-forge
2025-01-20T14:45:02.7745060Z   python_abi                     3.12                 5_cp312                  conda-forge
2025-01-20T14:45:02.7745310Z   pytz                           2024.1               pyhd8ed1ab_0             conda-forge
2025-01-20T14:45:02.7745570Z   pyviz_comms                    3.0.4                pyhd8ed1ab_1             conda-forge
2025-01-20T14:45:02.7745830Z   pyyaml                         6.0.1                py312h02f2b3b_1          conda-forge
2025-01-20T14:45:02.7746070Z   pyzmq                          26.0.3               py312hfa13136_0          conda-forge
2025-01-20T14:45:02.7746320Z   qgrid                          1.3.1                pyhd8ed1ab_5             conda-forge
2025-01-20T14:45:02.7746590Z   radioactivedecay               0.5.1                pyhd8ed1ab_1             conda-forge
2025-01-20T14:45:02.7746930Z   readline                       8.2                  h92ec313_1               conda-forge
2025-01-20T14:45:02.7747200Z   recommonmark                   0.7.1                pyhd8ed1ab_1             conda-forge
2025-01-20T14:45:02.7747480Z   referencing                    0.35.1               pyhd8ed1ab_1             conda-forge
2025-01-20T14:45:02.7747750Z   requests                       2.32.3               pyhd8ed1ab_1             conda-forge
2025-01-20T14:45:02.7748030Z   rfc3339-validator              0.1.4                pyhd8ed1ab_1             conda-forge
2025-01-20T14:45:02.7748330Z   rfc3986-validator              0.1.1                pyh9f0ad1d_0             conda-forge
2025-01-20T14:45:02.7748670Z   rpds-py                        0.18.1               py312h552d48e_0          conda-forge
2025-01-20T14:45:02.7748910Z   ruff                           0.4.9                py312h3402d49_0          conda-forge
2025-01-20T14:45:02.7749160Z   scipy                          1.13.1               py312h14ffa8f_0          conda-forge
2025-01-20T14:45:02.7749440Z   send2trash                     1.8.3                pyh31c8845_1             conda-forge
2025-01-20T14:45:02.7749700Z   setuptools                     70.0.0               pyhd8ed1ab_0             conda-forge
2025-01-20T14:45:02.7749980Z   setuptools-scm                 8.1.0                pyhd8ed1ab_1             conda-forge
2025-01-20T14:45:02.7750260Z   setuptools_scm                 8.1.0                hd8ed1ab_1               conda-forge
2025-01-20T14:45:02.7750520Z   six                            1.16.0               pyhd8ed1ab_1             conda-forge
2025-01-20T14:45:02.7750760Z   snakeviz                       2.2.0                pyhd8ed1ab_0             conda-forge
2025-01-20T14:45:02.7751010Z   snappy                         1.2.1                h98b9ce2_1               conda-forge
2025-01-20T14:45:02.7751260Z   sniffio                        1.3.1                pyhd8ed1ab_1             conda-forge
2025-01-20T14:45:02.7751540Z   snowballstemmer                2.2.0                pyhd8ed1ab_0             conda-forge
2025-01-20T14:45:02.7751810Z   soupsieve                      2.5                  pyhd8ed1ab_1             conda-forge
2025-01-20T14:45:02.7752060Z   sphinx                         7.3.7                pyhd8ed1ab_0             conda-forge
2025-01-20T14:45:02.7752330Z   sphinx-astropy                 1.9.1                pyhd8ed1ab_1             conda-forge
2025-01-20T14:45:02.7752620Z   sphinx-automodapi              0.17.0               pyh717bed2_1             conda-forge
2025-01-20T14:45:02.7752920Z   sphinx-copybutton              0.5.2                pyhd8ed1ab_1             conda-forge
2025-01-20T14:45:02.7753220Z   sphinx-design                  0.6.1                pyhd8ed1ab_2             conda-forge
2025-01-20T14:45:02.7753510Z   sphinx-gallery                 0.16.0               pyhd8ed1ab_0             conda-forge
2025-01-20T14:45:02.7753800Z   sphinx-jsonschema              1.19.1               pyhd8ed1ab_1             conda-forge
2025-01-20T14:45:02.7754110Z   sphinx_bootstrap_theme         0.8.1                pyhd8ed1ab_1             conda-forge
2025-01-20T14:45:02.7754410Z   sphinx_rtd_theme               2.0.0                pyha770c72_0             conda-forge
2025-01-20T14:45:02.7754710Z   sphinxcontrib-apidoc           0.3.0                py_1                     conda-forge
2025-01-20T14:45:02.7755040Z   sphinxcontrib-applehelp        1.0.8                pyhd8ed1ab_0             conda-forge
2025-01-20T14:45:02.7755370Z   sphinxcontrib-bibtex           2.6.2                pyhd8ed1ab_0             conda-forge
2025-01-20T14:45:02.7755680Z   sphinxcontrib-devhelp          1.0.6                pyhd8ed1ab_0             conda-forge
2025-01-20T14:45:02.7756010Z   sphinxcontrib-htmlhelp         2.0.5                pyhd8ed1ab_0             conda-forge
2025-01-20T14:45:02.7756330Z   sphinxcontrib-jquery           4.1                  pyhd8ed1ab_1             conda-forge
2025-01-20T14:45:02.7756700Z   sphinxcontrib-jsmath           1.0.1                pyhd8ed1ab_1             conda-forge
2025-01-20T14:45:02.7757020Z   sphinxcontrib-qthelp           1.0.7                pyhd8ed1ab_0             conda-forge
2025-01-20T14:45:02.7757370Z   sphinxcontrib-serializinghtml  1.1.10               pyhd8ed1ab_1             conda-forge
2025-01-20T14:45:02.7757710Z   sphinxext-rediraffe            0.2.7                pyhd8ed1ab_2             conda-forge
2025-01-20T14:45:02.7758000Z   sqlalchemy                     2.0.37               py312hea69d52_0          conda-forge
2025-01-20T14:45:02.7758270Z   stack_data                     0.6.2                pyhd8ed1ab_0             conda-forge
2025-01-20T14:45:02.7758520Z   sympy                          1.12.1               pypyh2585a3b_103         conda-forge
2025-01-20T14:45:02.7758840Z   tabulate                       0.9.0                pyhd8ed1ab_2             conda-forge
2025-01-20T14:45:02.7759100Z   tenacity                       8.4.1                pyhd8ed1ab_0             conda-forge
2025-01-20T14:45:02.7759360Z   terminado                      0.18.1               pyh31c8845_0             conda-forge
2025-01-20T14:45:02.7759620Z   tinycss2                       1.3.0                pyhd8ed1ab_0             conda-forge
2025-01-20T14:45:02.7759860Z   tk                             8.6.13               h5083fa2_1               conda-forge
2025-01-20T14:45:02.7760100Z   toml                           0.10.2               pyhd8ed1ab_1             conda-forge
2025-01-20T14:45:02.7760340Z   tomli                          2.0.1                pyhd8ed1ab_0             conda-forge
2025-01-20T14:45:02.7760600Z   tornado                        6.4.1                py312h024a12e_1          conda-forge
2025-01-20T14:45:02.7760870Z   tqdm                           4.66.4               pyhd8ed1ab_0             conda-forge
2025-01-20T14:45:02.7761140Z   traitlets                      5.14.3               pyhd8ed1ab_1             conda-forge
2025-01-20T14:45:02.7761430Z   typed-ast                      1.5.5                py312h02f2b3b_1          conda-forge
2025-01-20T14:45:02.7761750Z   types-python-dateutil          2.9.0.20240316       pyhd8ed1ab_0             conda-forge
2025-01-20T14:45:02.7762090Z   typing-extensions              4.12.2               hd8ed1ab_1               conda-forge
2025-01-20T14:45:02.7762410Z   typing_extensions              4.12.2               pyha770c72_1             conda-forge
2025-01-20T14:45:02.7762710Z   typing_utils                   0.1.0                pyhd8ed1ab_1             conda-forge
2025-01-20T14:45:02.7762990Z   tzdata                         2024a                h8827d51_1               conda-forge
2025-01-20T14:45:02.7763280Z   uc-micro-py                    1.0.3                pyhd8ed1ab_1             conda-forge
2025-01-20T14:45:02.7763570Z   uri-template                   1.3.0                pyhd8ed1ab_1             conda-forge
2025-01-20T14:45:02.7763860Z   urllib3                        2.2.2                pyhd8ed1ab_1             conda-forge
2025-01-20T14:45:02.7764140Z   watchfiles                     1.0.4                py312hcd83bfe_0          conda-forge
2025-01-20T14:45:02.7764420Z   wcwidth                        0.2.13               pyhd8ed1ab_1             conda-forge
2025-01-20T14:45:02.7764700Z   webcolors                      24.6.0               pyhd8ed1ab_0             conda-forge
2025-01-20T14:45:02.7764990Z   webencodings                   0.5.1                pyhd8ed1ab_3             conda-forge
2025-01-20T14:45:02.7765300Z   websocket-client               1.8.0                pyhd8ed1ab_1             conda-forge
2025-01-20T14:45:02.7765600Z   wheel                          0.43.0               pyhd8ed1ab_1             conda-forge
2025-01-20T14:45:02.7765900Z   widgetsnbextension             3.6.10               pyhd8ed1ab_0             conda-forge
2025-01-20T14:45:02.7766210Z   xorg-libxau                    1.0.11               hd74edd7_1               conda-forge
2025-01-20T14:45:02.7766660Z   xorg-libxdmcp                  1.1.3                hd74edd7_2               conda-forge
2025-01-20T14:45:02.7766960Z   xyzservices                    2025.1.0             pyhd8ed1ab_0             conda-forge
2025-01-20T14:45:02.7767230Z   xz                             5.2.6                h57fd34a_0               conda-forge
2025-01-20T14:45:02.7767480Z   yaml                           0.2.5                h3422bc3_2               conda-forge
2025-01-20T14:45:02.7767730Z   zeromq                         4.3.5                hcc0f68c_4               conda-forge
2025-01-20T14:45:02.7767990Z   zipp                           3.19.2               pyhd8ed1ab_0             conda-forge
2025-01-20T14:45:02.7768240Z   zlib                           1.3.1                h8359307_2               conda-forge
2025-01-20T14:45:02.7772200Z   zlib-ng                        2.2.3                h13dfb9a_0               conda-forge
2025-01-20T14:45:02.7772480Z   zstandard                      0.23.0               py312h15fbf35_1          conda-forge
2025-01-20T14:45:02.7772760Z   zstd                           1.5.6                hb46c0d2_0               conda-forge
2025-01-20T14:45:02.7773180Z ##[endgroup]
