2025-01-27T13:10:23.8607095Z Requested labels: ubuntu-latest
2025-01-27T13:10:23.8607344Z Job defined at: tardis-sn/tardis/.github/workflows/tests.yml@refs/pull/2954/merge
2025-01-27T13:10:23.8607478Z Waiting for a runner to pick up this job...
2025-01-27T13:10:24.0139209Z Job is waiting for a hosted runner to come online.
2025-01-27T13:10:27.8211252Z Job is about to start running on the hosted runner: GitHub Actions 29 (hosted)
2025-01-27T13:10:30.0916892Z Current runner version: '2.321.0'
2025-01-27T13:10:30.0942596Z ##[group]Operating System
2025-01-27T13:10:30.0943363Z Ubuntu
2025-01-27T13:10:30.0943842Z 24.04.1
2025-01-27T13:10:30.0944410Z LTS
2025-01-27T13:10:30.0944897Z ##[endgroup]
2025-01-27T13:10:30.0945432Z ##[group]Runner Image
2025-01-27T13:10:30.0946022Z Image: ubuntu-24.04
2025-01-27T13:10:30.0946545Z Version: 20250120.5.0
2025-01-27T13:10:30.0947571Z Included Software: https://github.com/actions/runner-images/blob/ubuntu24/20250120.5/images/ubuntu/Ubuntu2404-Readme.md
2025-01-27T13:10:30.0949444Z Image Release: https://github.com/actions/runner-images/releases/tag/ubuntu24%2F20250120.5
2025-01-27T13:10:30.0950389Z ##[endgroup]
2025-01-27T13:10:30.0950907Z ##[group]Runner Image Provisioner
2025-01-27T13:10:30.0951564Z 2.0.417.1
2025-01-27T13:10:30.0952001Z ##[endgroup]
2025-01-27T13:10:30.0954125Z ##[group]GITHUB_TOKEN Permissions
2025-01-27T13:10:30.0956002Z Actions: read
2025-01-27T13:10:30.0956855Z Attestations: read
2025-01-27T13:10:30.0957454Z Checks: read
2025-01-27T13:10:30.0957932Z Contents: read
2025-01-27T13:10:30.0958687Z Deployments: read
2025-01-27T13:10:30.0959192Z Discussions: read
2025-01-27T13:10:30.0959671Z Issues: read
2025-01-27T13:10:30.0960219Z Metadata: read
2025-01-27T13:10:30.0960687Z Packages: read
2025-01-27T13:10:30.0961180Z Pages: read
2025-01-27T13:10:30.0961783Z PullRequests: read
2025-01-27T13:10:30.0962341Z RepositoryProjects: read
2025-01-27T13:10:30.0962924Z SecurityEvents: read
2025-01-27T13:10:30.0963568Z Statuses: read
2025-01-27T13:10:30.0964079Z ##[endgroup]
2025-01-27T13:10:30.0966920Z Secret source: None
2025-01-27T13:10:30.0967712Z Prepare workflow directory
2025-01-27T13:10:30.1585181Z Prepare all required actions
2025-01-27T13:10:30.1621365Z Getting action download info
2025-01-27T13:10:30.3745291Z Download action repository 'actions/checkout@v4' (SHA:11bd71901bbe5b1630ceea73d27597364c9af683)
2025-01-27T13:10:30.4719254Z Download action repository 'actions/upload-artifact@v4' (SHA:65c4c4a1ddee5b72f698fdd19549f0f0fb45cf08)
2025-01-27T13:10:30.6427030Z Complete job name:  continuum ubuntu-latest 
2025-01-27T13:10:30.7087320Z ##[group]Run actions/checkout@v4
2025-01-27T13:10:30.7088707Z with:
2025-01-27T13:10:30.7089133Z   repository: tardis-sn/tardis
2025-01-27T13:10:30.7089773Z   token: ***
2025-01-27T13:10:30.7090153Z   ssh-strict: true
2025-01-27T13:10:30.7090551Z   ssh-user: git
2025-01-27T13:10:30.7090950Z   persist-credentials: true
2025-01-27T13:10:30.7091442Z   clean: true
2025-01-27T13:10:30.7091887Z   sparse-checkout-cone-mode: true
2025-01-27T13:10:30.7092415Z   fetch-depth: 1
2025-01-27T13:10:30.7092851Z   fetch-tags: false
2025-01-27T13:10:30.7093306Z   show-progress: true
2025-01-27T13:10:30.7093780Z   lfs: false
2025-01-27T13:10:30.7094215Z   submodules: false
2025-01-27T13:10:30.7094703Z   set-safe-directory: true
2025-01-27T13:10:30.7095481Z env:
2025-01-27T13:10:30.7095892Z   CACHE_NUMBER: 0
2025-01-27T13:10:30.7097063Z   PYTEST_FLAGS: --tardis-regression-data=/home/runner/work/tardis/tardis/tardis-regression-data --cov=tardis --cov-report=xml --cov-report=html --cov-append
2025-01-27T13:10:30.7098573Z   CODECOV_TOKEN: 
2025-01-27T13:10:30.7099011Z ##[endgroup]
2025-01-27T13:10:30.9152445Z Syncing repository: tardis-sn/tardis
2025-01-27T13:10:30.9154194Z ##[group]Getting Git version info
2025-01-27T13:10:30.9154837Z Working directory is '/home/runner/work/tardis/tardis'
2025-01-27T13:10:30.9155800Z [command]/usr/bin/git version
2025-01-27T13:10:30.9210092Z git version 2.48.1
2025-01-27T13:10:30.9237988Z ##[endgroup]
2025-01-27T13:10:30.9252351Z Temporarily overriding HOME='/home/runner/work/_temp/9866b2df-5e1d-4505-8357-7e6a01cca17a' before making global git config changes
2025-01-27T13:10:30.9257327Z Adding repository directory to the temporary git global config as a safe directory
2025-01-27T13:10:30.9258616Z [command]/usr/bin/git config --global --add safe.directory /home/runner/work/tardis/tardis
2025-01-27T13:10:30.9292382Z Deleting the contents of '/home/runner/work/tardis/tardis'
2025-01-27T13:10:30.9296264Z ##[group]Initializing the repository
2025-01-27T13:10:30.9300354Z [command]/usr/bin/git init /home/runner/work/tardis/tardis
2025-01-27T13:10:30.9408968Z hint: Using 'master' as the name for the initial branch. This default branch name
2025-01-27T13:10:30.9410657Z hint: is subject to change. To configure the initial branch name to use in all
2025-01-27T13:10:30.9411571Z hint: of your new repositories, which will suppress this warning, call:
2025-01-27T13:10:30.9412270Z hint:
2025-01-27T13:10:30.9412789Z hint: 	git config --global init.defaultBranch <name>
2025-01-27T13:10:30.9413397Z hint:
2025-01-27T13:10:30.9413975Z hint: Names commonly chosen instead of 'master' are 'main', 'trunk' and
2025-01-27T13:10:30.9415014Z hint: 'development'. The just-created branch can be renamed via this command:
2025-01-27T13:10:30.9416339Z hint:
2025-01-27T13:10:30.9416999Z hint: 	git branch -m <name>
2025-01-27T13:10:30.9418324Z Initialized empty Git repository in /home/runner/work/tardis/tardis/.git/
2025-01-27T13:10:30.9430968Z [command]/usr/bin/git remote add origin https://github.com/tardis-sn/tardis
2025-01-27T13:10:30.9466397Z ##[endgroup]
2025-01-27T13:10:30.9467106Z ##[group]Disabling automatic garbage collection
2025-01-27T13:10:30.9470406Z [command]/usr/bin/git config --local gc.auto 0
2025-01-27T13:10:30.9498925Z ##[endgroup]
2025-01-27T13:10:30.9499668Z ##[group]Setting up auth
2025-01-27T13:10:30.9505596Z [command]/usr/bin/git config --local --name-only --get-regexp core\.sshCommand
2025-01-27T13:10:30.9535630Z [command]/usr/bin/git submodule foreach --recursive sh -c "git config --local --name-only --get-regexp 'core\.sshCommand' && git config --local --unset-all 'core.sshCommand' || :"
2025-01-27T13:10:30.9879431Z [command]/usr/bin/git config --local --name-only --get-regexp http\.https\:\/\/github\.com\/\.extraheader
2025-01-27T13:10:30.9908608Z [command]/usr/bin/git submodule foreach --recursive sh -c "git config --local --name-only --get-regexp 'http\.https\:\/\/github\.com\/\.extraheader' && git config --local --unset-all 'http.https://github.com/.extraheader' || :"
2025-01-27T13:10:31.0141406Z [command]/usr/bin/git config --local http.https://github.com/.extraheader AUTHORIZATION: basic ***
2025-01-27T13:10:31.0189655Z ##[endgroup]
2025-01-27T13:10:31.0190984Z ##[group]Fetching the repository
2025-01-27T13:10:31.0200368Z [command]/usr/bin/git -c protocol.version=2 fetch --no-tags --prune --no-recurse-submodules --depth=1 origin +38dcd29f53fc843f9ec46e7b0e3fbdf33a63134b:refs/remotes/pull/2954/merge
2025-01-27T13:10:32.7810589Z From https://github.com/tardis-sn/tardis
2025-01-27T13:10:32.7812955Z  * [new ref]         38dcd29f53fc843f9ec46e7b0e3fbdf33a63134b -> pull/2954/merge
2025-01-27T13:10:32.7835640Z ##[endgroup]
2025-01-27T13:10:32.7836943Z ##[group]Determining the checkout info
2025-01-27T13:10:32.7920443Z ##[endgroup]
2025-01-27T13:10:32.7921749Z [command]/usr/bin/git sparse-checkout disable
2025-01-27T13:10:32.7923841Z [command]/usr/bin/git config --local --unset-all extensions.worktreeConfig
2025-01-27T13:10:32.7927621Z ##[group]Checking out the ref
2025-01-27T13:10:32.7929119Z [command]/usr/bin/git checkout --progress --force refs/remotes/pull/2954/merge
2025-01-27T13:10:32.9968745Z Note: switching to 'refs/remotes/pull/2954/merge'.
2025-01-27T13:10:32.9969927Z 
2025-01-27T13:10:32.9970713Z You are in 'detached HEAD' state. You can look around, make experimental
2025-01-27T13:10:32.9972186Z changes and commit them, and you can discard any commits you make in this
2025-01-27T13:10:32.9973619Z state without impacting any branches by switching back to a branch.
2025-01-27T13:10:32.9974463Z 
2025-01-27T13:10:32.9975029Z If you want to create a new branch to retain commits you create, you may
2025-01-27T13:10:32.9976313Z do so (now or later) by using -c with the switch command. Example:
2025-01-27T13:10:32.9977045Z 
2025-01-27T13:10:32.9977369Z   git switch -c <new-branch-name>
2025-01-27T13:10:32.9977920Z 
2025-01-27T13:10:32.9978506Z Or undo this operation with:
2025-01-27T13:10:32.9979094Z 
2025-01-27T13:10:32.9979739Z   git switch -
2025-01-27T13:10:32.9980142Z 
2025-01-27T13:10:32.9980791Z Turn off this advice by setting config variable advice.detachedHead to false
2025-01-27T13:10:32.9981759Z 
2025-01-27T13:10:32.9982830Z HEAD is now at 38dcd29 Merge 058593b9ff275bce402dcf6cd3996a3d2c1a6144 into ba33d7b6d9d42ff82557ca382cff5b2a54f91c51
2025-01-27T13:10:32.9999381Z ##[endgroup]
2025-01-27T13:10:33.0041097Z [command]/usr/bin/git log -1 --format=%H
2025-01-27T13:10:33.0065816Z 38dcd29f53fc843f9ec46e7b0e3fbdf33a63134b
2025-01-27T13:10:33.0342097Z Prepare all required actions
2025-01-27T13:10:33.0342626Z Getting action download info
2025-01-27T13:10:33.2051897Z Download action repository 'actions/cache@v4' (SHA:1bd1e32a3bdc45362d1e726936510720a7c30a57)
2025-01-27T13:10:33.3367596Z ##[group]Run ./.github/actions/setup_lfs
2025-01-27T13:10:33.3367956Z with:
2025-01-27T13:10:33.3368454Z   regression-data-repo: tardis-sn/tardis-regression-data
2025-01-27T13:10:33.3368849Z   atom-data-sparse: false
2025-01-27T13:10:33.3369171Z env:
2025-01-27T13:10:33.3369406Z   CACHE_NUMBER: 0
2025-01-27T13:10:33.3370123Z   PYTEST_FLAGS: --tardis-regression-data=/home/runner/work/tardis/tardis/tardis-regression-data --cov=tardis --cov-report=xml --cov-report=html --cov-append
2025-01-27T13:10:33.3370868Z   CODECOV_TOKEN: 
2025-01-27T13:10:33.3371124Z ##[endgroup]
2025-01-27T13:10:33.3521209Z ##[group]Run actions/checkout@v4
2025-01-27T13:10:33.3521572Z with:
2025-01-27T13:10:33.3521877Z   repository: tardis-sn/tardis-regression-data
2025-01-27T13:10:33.3522314Z   path: tardis-regression-data
2025-01-27T13:10:33.3522635Z   lfs: false
2025-01-27T13:10:33.3523046Z   token: ***
2025-01-27T13:10:33.3523320Z   ssh-strict: true
2025-01-27T13:10:33.3523590Z   ssh-user: git
2025-01-27T13:10:33.3523881Z   persist-credentials: true
2025-01-27T13:10:33.3524210Z   clean: true
2025-01-27T13:10:33.3524494Z   sparse-checkout-cone-mode: true
2025-01-27T13:10:33.3524830Z   fetch-depth: 1
2025-01-27T13:10:33.3525106Z   fetch-tags: false
2025-01-27T13:10:33.3525409Z   show-progress: true
2025-01-27T13:10:33.3525707Z   submodules: false
2025-01-27T13:10:33.3525993Z   set-safe-directory: true
2025-01-27T13:10:33.3526295Z env:
2025-01-27T13:10:33.3526546Z   CACHE_NUMBER: 0
2025-01-27T13:10:33.3527280Z   PYTEST_FLAGS: --tardis-regression-data=/home/runner/work/tardis/tardis/tardis-regression-data --cov=tardis --cov-report=xml --cov-report=html --cov-append
2025-01-27T13:10:33.3528225Z   CODECOV_TOKEN: 
2025-01-27T13:10:33.3528516Z ##[endgroup]
2025-01-27T13:10:33.4459806Z Syncing repository: tardis-sn/tardis-regression-data
2025-01-27T13:10:33.4466793Z ##[group]Getting Git version info
2025-01-27T13:10:33.4467754Z Working directory is '/home/runner/work/tardis/tardis/tardis-regression-data'
2025-01-27T13:10:33.4509911Z [command]/usr/bin/git version
2025-01-27T13:10:33.4553172Z git version 2.48.1
2025-01-27T13:10:33.4578815Z ##[endgroup]
2025-01-27T13:10:33.4591790Z Temporarily overriding HOME='/home/runner/work/_temp/63caa9bf-c1fb-4515-8acb-4280b539e645' before making global git config changes
2025-01-27T13:10:33.4593429Z Adding repository directory to the temporary git global config as a safe directory
2025-01-27T13:10:33.4598280Z [command]/usr/bin/git config --global --add safe.directory /home/runner/work/tardis/tardis/tardis-regression-data
2025-01-27T13:10:33.4629168Z ##[group]Initializing the repository
2025-01-27T13:10:33.4635342Z [command]/usr/bin/git init /home/runner/work/tardis/tardis/tardis-regression-data
2025-01-27T13:10:33.4673670Z hint: Using 'master' as the name for the initial branch. This default branch name
2025-01-27T13:10:33.4674922Z hint: is subject to change. To configure the initial branch name to use in all
2025-01-27T13:10:33.4675756Z hint: of your new repositories, which will suppress this warning, call:
2025-01-27T13:10:33.4676500Z hint:
2025-01-27T13:10:33.4677110Z hint: 	git config --global init.defaultBranch <name>
2025-01-27T13:10:33.4677833Z hint:
2025-01-27T13:10:33.4678724Z hint: Names commonly chosen instead of 'master' are 'main', 'trunk' and
2025-01-27T13:10:33.4680151Z hint: 'development'. The just-created branch can be renamed via this command:
2025-01-27T13:10:33.4681012Z hint:
2025-01-27T13:10:33.4681524Z hint: 	git branch -m <name>
2025-01-27T13:10:33.4682512Z Initialized empty Git repository in /home/runner/work/tardis/tardis/tardis-regression-data/.git/
2025-01-27T13:10:33.4688408Z [command]/usr/bin/git remote add origin https://github.com/tardis-sn/tardis-regression-data
2025-01-27T13:10:33.4717018Z ##[endgroup]
2025-01-27T13:10:33.4718401Z ##[group]Disabling automatic garbage collection
2025-01-27T13:10:33.4722724Z [command]/usr/bin/git config --local gc.auto 0
2025-01-27T13:10:33.4751184Z ##[endgroup]
2025-01-27T13:10:33.4752101Z ##[group]Setting up auth
2025-01-27T13:10:33.4758287Z [command]/usr/bin/git config --local --name-only --get-regexp core\.sshCommand
2025-01-27T13:10:33.4786587Z [command]/usr/bin/git submodule foreach --recursive sh -c "git config --local --name-only --get-regexp 'core\.sshCommand' && git config --local --unset-all 'core.sshCommand' || :"
2025-01-27T13:10:33.5012171Z [command]/usr/bin/git config --local --name-only --get-regexp http\.https\:\/\/github\.com\/\.extraheader
2025-01-27T13:10:33.5040773Z [command]/usr/bin/git submodule foreach --recursive sh -c "git config --local --name-only --get-regexp 'http\.https\:\/\/github\.com\/\.extraheader' && git config --local --unset-all 'http.https://github.com/.extraheader' || :"
2025-01-27T13:10:33.5268748Z [command]/usr/bin/git config --local http.https://github.com/.extraheader AUTHORIZATION: basic ***
2025-01-27T13:10:33.5314209Z ##[endgroup]
2025-01-27T13:10:33.5314897Z ##[group]Determining the default branch
2025-01-27T13:10:33.5317892Z Retrieving the default branch name
2025-01-27T13:10:33.8654742Z Default branch 'main'
2025-01-27T13:10:33.8656045Z ##[endgroup]
2025-01-27T13:10:33.8656713Z ##[group]Fetching the repository
2025-01-27T13:10:33.8661621Z [command]/usr/bin/git -c protocol.version=2 fetch --no-tags --prune --no-recurse-submodules --depth=1 origin +refs/heads/main:refs/remotes/origin/main
2025-01-27T13:10:34.4962692Z From https://github.com/tardis-sn/tardis-regression-data
2025-01-27T13:10:34.4964764Z  * [new branch]      main       -> origin/main
2025-01-27T13:10:34.4992963Z ##[endgroup]
2025-01-27T13:10:34.4994624Z ##[group]Determining the checkout info
2025-01-27T13:10:34.4995673Z ##[endgroup]
2025-01-27T13:10:34.4997641Z [command]/usr/bin/git sparse-checkout disable
2025-01-27T13:10:34.5037111Z [command]/usr/bin/git config --local --unset-all extensions.worktreeConfig
2025-01-27T13:10:34.5066103Z ##[group]Checking out the ref
2025-01-27T13:10:34.5070857Z [command]/usr/bin/git checkout --progress --force -B main refs/remotes/origin/main
2025-01-27T13:10:34.6274484Z Switched to a new branch 'main'
2025-01-27T13:10:34.6276188Z branch 'main' set up to track 'origin/main'.
2025-01-27T13:10:34.6578729Z ##[endgroup]
2025-01-27T13:10:34.6583401Z [command]/usr/bin/git log -1 --format=%H
2025-01-27T13:10:34.6606774Z fa7729bc9c30e14b69acd641af8b692b56fcd416
2025-01-27T13:10:34.6747779Z ##[group]Run if [ "false" == "true" ]; then
2025-01-27T13:10:34.6748446Z [36;1mif [ "false" == "true" ]; then[0m
2025-01-27T13:10:34.6748783Z [36;1m  echo "Using atom data sparse checkout"[0m
2025-01-27T13:10:34.6749192Z [36;1m  echo "atom_data/kurucz_cd23_chianti_H_He.h5" > .lfs-files-list[0m
2025-01-27T13:10:34.6749575Z [36;1melse[0m
2025-01-27T13:10:34.6749825Z [36;1m  echo "Using full repository checkout"[0m
2025-01-27T13:10:34.6750241Z [36;1m  git lfs ls-files -l | cut -d' ' -f1 | sort > .lfs-files-list[0m
2025-01-27T13:10:34.6750598Z [36;1mfi[0m
2025-01-27T13:10:34.6783678Z shell: /usr/bin/bash --noprofile --norc -e -o pipefail {0}
2025-01-27T13:10:34.6784048Z env:
2025-01-27T13:10:34.6784257Z   CACHE_NUMBER: 0
2025-01-27T13:10:34.6784930Z   PYTEST_FLAGS: --tardis-regression-data=/home/runner/work/tardis/tardis/tardis-regression-data --cov=tardis --cov-report=xml --cov-report=html --cov-append
2025-01-27T13:10:34.6785611Z   CODECOV_TOKEN: 
2025-01-27T13:10:34.6786081Z ##[endgroup]
2025-01-27T13:10:34.6853535Z Using full repository checkout
2025-01-27T13:10:34.8252751Z ##[group]Run actions/cache/restore@v4
2025-01-27T13:10:34.8253149Z with:
2025-01-27T13:10:34.8253413Z   path: tardis-regression-data/.git/lfs
2025-01-27T13:10:34.8254227Z   key: tardis-regression-full-data-21f9fa4b6817cc69b9fae3598144724da7828e276a73bd17f47a2a49d9af090a-tardis-sn/tardis-regression-data-v1
2025-01-27T13:10:34.8255036Z   fail-on-cache-miss: true
2025-01-27T13:10:34.8255587Z   enableCrossOsArchive: false
2025-01-27T13:10:34.8255891Z   lookup-only: false
2025-01-27T13:10:34.8256125Z env:
2025-01-27T13:10:34.8256320Z   CACHE_NUMBER: 0
2025-01-27T13:10:34.8256977Z   PYTEST_FLAGS: --tardis-regression-data=/home/runner/work/tardis/tardis/tardis-regression-data --cov=tardis --cov-report=xml --cov-report=html --cov-append
2025-01-27T13:10:34.8257675Z   CODECOV_TOKEN: 
2025-01-27T13:10:34.8257895Z ##[endgroup]
2025-01-27T13:10:36.6238717Z Received 0 of 1707217032 (0.0%), 0.0 MBs/sec
2025-01-27T13:10:37.6252895Z Received 67108864 of 1707217032 (3.9%), 32.0 MBs/sec
2025-01-27T13:10:38.6263611Z Received 167772160 of 1707217032 (9.8%), 53.3 MBs/sec
2025-01-27T13:10:39.6265371Z Received 268435456 of 1707217032 (15.7%), 63.9 MBs/sec
2025-01-27T13:10:40.6290054Z Received 364904448 of 1707217032 (21.4%), 69.6 MBs/sec
2025-01-27T13:10:41.6266927Z Received 461373440 of 1707217032 (27.0%), 73.3 MBs/sec
2025-01-27T13:10:42.6273880Z Received 570425344 of 1707217032 (33.4%), 77.7 MBs/sec
2025-01-27T13:10:43.6283617Z Received 666894336 of 1707217032 (39.1%), 79.4 MBs/sec
2025-01-27T13:10:44.6321762Z Received 763363328 of 1707217032 (44.7%), 80.8 MBs/sec
2025-01-27T13:10:45.6327435Z Received 864026624 of 1707217032 (50.6%), 82.3 MBs/sec
2025-01-27T13:10:46.6336510Z Received 964689920 of 1707217032 (56.5%), 83.6 MBs/sec
2025-01-27T13:10:47.6346181Z Received 1056964608 of 1707217032 (61.9%), 83.9 MBs/sec
2025-01-27T13:10:48.6340477Z Received 1157627904 of 1707217032 (67.8%), 84.9 MBs/sec
2025-01-27T13:10:49.6351958Z Received 1258291200 of 1707217032 (73.7%), 85.6 MBs/sec
2025-01-27T13:10:50.6363965Z Received 1358954496 of 1707217032 (79.6%), 86.3 MBs/sec
2025-01-27T13:10:51.6366889Z Received 1463812096 of 1707217032 (85.7%), 87.2 MBs/sec
2025-01-27T13:10:52.6367760Z Received 1564475392 of 1707217032 (91.6%), 87.7 MBs/sec
2025-01-27T13:10:53.6380116Z Received 1665138688 of 1707217032 (97.5%), 88.1 MBs/sec
2025-01-27T13:10:54.0709038Z Cache Size: ~1628 MB (1707217032 B)
2025-01-27T13:10:54.0785177Z [command]/usr/bin/tar -xf /home/runner/work/_temp/93d767ae-af46-4a63-b65a-51763e6d92d7/cache.tzst -P -C /home/runner/work/tardis/tardis --use-compress-program unzstd
2025-01-27T13:10:54.6389377Z Received 1707217032 of 1707217032 (100.0%), 85.6 MBs/sec
2025-01-27T13:11:00.3369089Z Cache restored successfully
2025-01-27T13:11:01.1166744Z Cache restored from key: tardis-regression-full-data-21f9fa4b6817cc69b9fae3598144724da7828e276a73bd17f47a2a49d9af090a-tardis-sn/tardis-regression-data-v1
2025-01-27T13:11:01.1289972Z ##[group]Run git lfs checkout
2025-01-27T13:11:01.1290230Z [36;1mgit lfs checkout[0m
2025-01-27T13:11:01.1317798Z shell: /usr/bin/bash --noprofile --norc -e -o pipefail {0}
2025-01-27T13:11:01.1318225Z env:
2025-01-27T13:11:01.1318408Z   CACHE_NUMBER: 0
2025-01-27T13:11:01.1319021Z   PYTEST_FLAGS: --tardis-regression-data=/home/runner/work/tardis/tardis/tardis-regression-data --cov=tardis --cov-report=xml --cov-report=html --cov-append
2025-01-27T13:11:01.1319673Z   CODECOV_TOKEN: 
2025-01-27T13:11:01.1319872Z ##[endgroup]
2025-01-27T13:11:10.9360861Z Checking out LFS objects: 100% (204/204), 3.5 GB | 312 MB/s, done.
2025-01-27T13:11:14.1035874Z Prepare all required actions
2025-01-27T13:11:14.1036222Z Getting action download info
2025-01-27T13:11:14.2824627Z Download action repository 'mamba-org/setup-micromamba@v1' (SHA:4b9113af4fba0e9e1124b252dd6497a419e7396d)
2025-01-27T13:11:14.8610858Z ##[group]Run ./.github/actions/setup_env
2025-01-27T13:11:14.8611113Z with:
2025-01-27T13:11:14.8611294Z   os-label: linux-64
2025-01-27T13:11:14.8611659Z env:
2025-01-27T13:11:14.8611814Z   CACHE_NUMBER: 0
2025-01-27T13:11:14.8612421Z   PYTEST_FLAGS: --tardis-regression-data=/home/runner/work/tardis/tardis/tardis-regression-data --cov=tardis --cov-report=xml --cov-report=html --cov-append
2025-01-27T13:11:14.8613076Z   CODECOV_TOKEN: 
2025-01-27T13:11:14.8613255Z ##[endgroup]
2025-01-27T13:11:14.8634850Z ##[group]Run file_hash=$(cat conda-linux-64.lock | shasum -a 256 | cut -d' ' -f1)
2025-01-27T13:11:14.8635342Z [36;1mfile_hash=$(cat conda-linux-64.lock | shasum -a 256 | cut -d' ' -f1)[0m
2025-01-27T13:11:14.8635949Z [36;1mecho "file_hash=tardis-conda-env-linux-64-${file_hash}-v1" >> "${GITHUB_OUTPUT}"[0m
2025-01-27T13:11:14.8663058Z shell: /usr/bin/bash --noprofile --norc -e -o pipefail {0}
2025-01-27T13:11:14.8663368Z env:
2025-01-27T13:11:14.8663532Z   CACHE_NUMBER: 0
2025-01-27T13:11:14.8664134Z   PYTEST_FLAGS: --tardis-regression-data=/home/runner/work/tardis/tardis/tardis-regression-data --cov=tardis --cov-report=xml --cov-report=html --cov-append
2025-01-27T13:11:14.8664791Z   CODECOV_TOKEN: 
2025-01-27T13:11:14.8664974Z ##[endgroup]
2025-01-27T13:11:14.8968636Z ##[group]Run mamba-org/setup-micromamba@v1
2025-01-27T13:11:14.8968899Z with:
2025-01-27T13:11:14.8969089Z   environment-file: conda-linux-64.lock
2025-01-27T13:11:14.8969646Z   cache-environment-key: tardis-conda-env-linux-64-d7cd390425b0fd3cf82649dcc003efba9915fb4928f15d342148c3ccffcbe2ee-v1
2025-01-27T13:11:14.8970467Z   cache-downloads-key: tardis-conda-env-linux-64-d7cd390425b0fd3cf82649dcc003efba9915fb4928f15d342148c3ccffcbe2ee-v1
2025-01-27T13:11:14.8971019Z   environment-name: tardis
2025-01-27T13:11:14.8971246Z   cache-environment: true
2025-01-27T13:11:14.8971458Z   cache-downloads: true
2025-01-27T13:11:14.8971658Z env:
2025-01-27T13:11:14.8971816Z   CACHE_NUMBER: 0
2025-01-27T13:11:14.8972401Z   PYTEST_FLAGS: --tardis-regression-data=/home/runner/work/tardis/tardis/tardis-regression-data --cov=tardis --cov-report=xml --cov-report=html --cov-append
2025-01-27T13:11:14.8973056Z   CODECOV_TOKEN: 
2025-01-27T13:11:14.8973245Z ##[endgroup]
2025-01-27T13:11:15.0309470Z Will download micromamba to /home/runner/micromamba-bin/micromamba
2025-01-27T13:11:15.0318249Z ##[group]Install micromamba
2025-01-27T13:11:15.5279756Z micromamba installed to /home/runner/micromamba-bin/micromamba
2025-01-27T13:11:15.5280563Z ##[endgroup]
2025-01-27T13:11:15.5281322Z Adding conda-forge to condarc channels ...
2025-01-27T13:11:15.5290983Z ##[group]Initialize micromamba for bash.
2025-01-27T13:11:15.5306817Z [command]/home/runner/micromamba-bin/micromamba shell init -s bash -r /home/runner/micromamba --log-level warning --rc-file /home/runner/work/_temp/setup-micromamba/.condarc
2025-01-27T13:11:15.5413125Z Modifying RC file "/home/runner/.bashrc"
2025-01-27T13:11:15.5414011Z Generating config for root prefix [1m"/home/runner/micromamba"[0m
2025-01-27T13:11:15.5414825Z Setting mamba executable to: [1m"/home/runner/micromamba-bin/micromamba"[0m
2025-01-27T13:11:15.5415583Z Adding (or replacing) the following in your "/home/runner/.bashrc" file
2025-01-27T13:11:15.5416028Z 
2025-01-27T13:11:15.5416164Z # >>> mamba initialize >>>
2025-01-27T13:11:15.5416614Z # !! Contents within this block are managed by 'mamba init' !!
2025-01-27T13:11:15.5417231Z export MAMBA_EXE='/home/runner/micromamba-bin/micromamba';
2025-01-27T13:11:15.5417825Z export MAMBA_ROOT_PREFIX='/home/runner/micromamba';
2025-01-27T13:11:15.5418790Z __mamba_setup="$("$MAMBA_EXE" shell hook --shell bash --root-prefix "$MAMBA_ROOT_PREFIX" 2> /dev/null)"
2025-01-27T13:11:15.5419474Z if [ $? -eq 0 ]; then
2025-01-27T13:11:15.5420156Z     eval "$__mamba_setup"
2025-01-27T13:11:15.5420499Z else
2025-01-27T13:11:15.5420923Z     alias micromamba="$MAMBA_EXE"  # Fallback on help from mamba activate
2025-01-27T13:11:15.5421456Z fi
2025-01-27T13:11:15.5421712Z unset __mamba_setup
2025-01-27T13:11:15.5422008Z # <<< mamba initialize <<<
2025-01-27T13:11:15.5422237Z 
2025-01-27T13:11:15.5432502Z Moving mamba initialize block to .bash_profile
2025-01-27T13:11:15.5457709Z ##[endgroup]
2025-01-27T13:11:15.5459049Z ##[group]Restoring downloads from `/home/runner/micromamba/pkgs` ...
2025-01-27T13:11:17.1773356Z Received 0 of 356813101 (0.0%), 0.0 MBs/sec
2025-01-27T13:11:18.1783759Z Received 96468992 of 356813101 (27.0%), 46.0 MBs/sec
2025-01-27T13:11:19.1785544Z Received 247463936 of 356813101 (69.4%), 78.6 MBs/sec
2025-01-27T13:11:19.9857302Z Cache Size: ~340 MB (356813101 B)
2025-01-27T13:11:19.9895844Z [command]/usr/bin/tar -xf /home/runner/work/_temp/2d8f3f32-07a4-4b3f-9160-b5509cefb20f/cache.tzst -P -C /home/runner/work/tardis/tardis --use-compress-program unzstd
2025-01-27T13:11:20.1785905Z Received 356813101 of 356813101 (100.0%), 85.0 MBs/sec
2025-01-27T13:11:20.4508971Z Cache restored successfully
2025-01-27T13:11:20.5370223Z Restored cache with key `tardis-conda-env-linux-64-d7cd390425b0fd3cf82649dcc003efba9915fb4928f15d342148c3ccffcbe2ee-v1-linux-64`
2025-01-27T13:11:20.5371685Z ##[endgroup]
2025-01-27T13:11:20.5382696Z ##[group]Restoring environment `tardis` from `/home/runner/micromamba/envs/tardis` ...
2025-01-27T13:11:21.9325581Z Received 0 of 444054693 (0.0%), 0.0 MBs/sec
2025-01-27T13:11:22.9345013Z Received 92274688 of 444054693 (20.8%), 44.0 MBs/sec
2025-01-27T13:11:23.9349118Z Received 243269632 of 444054693 (54.8%), 77.3 MBs/sec
2025-01-27T13:11:24.9350106Z Received 390070272 of 444054693 (87.8%), 93.0 MBs/sec
2025-01-27T13:11:25.2918604Z Cache Size: ~423 MB (444054693 B)
2025-01-27T13:11:25.3025922Z [command]/usr/bin/tar -xf /home/runner/work/_temp/a5be9a73-d97d-4430-a630-9892fb536a3e/cache.tzst -P -C /home/runner/work/tardis/tardis --use-compress-program unzstd
2025-01-27T13:11:25.9357327Z Received 444054693 of 444054693 (100.0%), 84.6 MBs/sec
2025-01-27T13:11:30.5431815Z Cache restored successfully
2025-01-27T13:11:30.6184471Z Restored cache with key `tardis-conda-env-linux-64-d7cd390425b0fd3cf82649dcc003efba9915fb4928f15d342148c3ccffcbe2ee-v1-linux-64-tardis-args-4f53cda-root-dcc80ee-bin-[object Promise]-file-d7cd390425b0fd3cf82649dcc003efba9915fb4928f15d342148c3ccffcbe2ee`
2025-01-27T13:11:30.6186005Z ##[endgroup]
2025-01-27T13:11:30.6186258Z Adding environment tardis to auto-activate bash ...
2025-01-27T13:11:30.6197546Z Generating micromamba run shell.
2025-01-27T13:11:30.6206019Z ##[endgroup]
2025-01-27T13:11:30.6212471Z Set environment variables.
2025-01-27T13:11:30.6216651Z ##[group]micromamba info
2025-01-27T13:11:30.6220540Z [command]/home/runner/micromamba-bin/micromamba info -r /home/runner/micromamba -n tardis
2025-01-27T13:11:30.6446106Z 
2025-01-27T13:11:30.6446791Z        libmamba version : 1.5.10
2025-01-27T13:11:30.6447270Z      micromamba version : 1.5.10
2025-01-27T13:11:30.6447987Z            curl version : libcurl/8.10.1 OpenSSL/3.3.2 zlib/1.3.1 zstd/1.5.6 libssh2/1.11.0 nghttp2/1.58.0
2025-01-27T13:11:30.6449120Z      libarchive version : libarchive 3.7.4 zlib/1.2.13 bz2lib/1.0.8 libzstd/1.5.6
2025-01-27T13:11:30.6449847Z        envs directories : /home/runner/micromamba/envs
2025-01-27T13:11:30.6450412Z           package cache : /home/runner/micromamba/pkgs
2025-01-27T13:11:30.6450926Z                           /home/runner/.mamba/pkgs
2025-01-27T13:11:30.6451366Z             environment : tardis
2025-01-27T13:11:30.6451850Z            env location : /home/runner/micromamba/envs/tardis
2025-01-27T13:11:30.6452444Z       user config files : /home/runner/.mambarc
2025-01-27T13:11:30.6453083Z  populated config files : /home/runner/work/_temp/setup-micromamba/.condarc
2025-01-27T13:11:30.6453699Z        virtual packages : __unix=0=0
2025-01-27T13:11:30.6454147Z                           __linux=6.8.0=0
2025-01-27T13:11:30.6454955Z                           __glibc=2.39=0
2025-01-27T13:11:30.6455419Z                           __archspec=1=x86_64_v3
2025-01-27T13:11:30.6456033Z                channels : https://conda.anaconda.org/conda-forge/linux-64
2025-01-27T13:11:30.6456720Z                           https://conda.anaconda.org/conda-forge/noarch
2025-01-27T13:11:30.6457308Z        base environment : /home/runner/micromamba
2025-01-27T13:11:30.6458007Z                platform : linux-64
2025-01-27T13:11:30.6464696Z ##[endgroup]
2025-01-27T13:11:30.6465221Z ##[group]micromamba list
2025-01-27T13:11:30.6466830Z [command]/home/runner/micromamba-bin/micromamba list -r /home/runner/micromamba -n tardis
2025-01-27T13:11:31.0369282Z List of packages in environment: "/home/runner/micromamba/envs/tardis"
2025-01-27T13:11:31.0369824Z 
2025-01-27T13:11:31.0370060Z   Name                           Version              Build                    Channel    
2025-01-27T13:11:31.0371150Z â”€â”€â”€â”€â”€â”€â”€â”€â”€â”€â”€â”€â”€â”€â”€â”€â”€â”€â”€â”€â”€â”€â”€â”€â”€â”€â”€â”€â”€â”€â”€â”€â”€â”€â”€â”€â”€â”€â”€â”€â”€â”€â”€â”€â”€â”€â”€â”€â”€â”€â”€â”€â”€â”€â”€â”€â”€â”€â”€â”€â”€â”€â”€â”€â”€â”€â”€â”€â”€â”€â”€â”€â”€â”€â”€â”€â”€â”€â”€â”€â”€â”€â”€â”€â”€â”€â”€â”€â”€â”€â”€â”€
2025-01-27T13:11:31.0371817Z   _libgcc_mutex                  0.1                  conda_forge              conda-forge
2025-01-27T13:11:31.0372455Z   _openmp_mutex                  4.5                  2_gnu                    conda-forge
2025-01-27T13:11:31.0373030Z   alabaster                      0.7.16               pyhd8ed1ab_0             conda-forge
2025-01-27T13:11:31.0373605Z   anyio                          4.4.0                pyhd8ed1ab_0             conda-forge
2025-01-27T13:11:31.0374159Z   argon2-cffi                    23.1.0               pyhd8ed1ab_0             conda-forge
2025-01-27T13:11:31.0374816Z   argon2-cffi-bindings           21.2.0               py312h98912ed_4          conda-forge
2025-01-27T13:11:31.0375400Z   arrow                          1.3.0                pyhd8ed1ab_0             conda-forge
2025-01-27T13:11:31.0375917Z   astropy                        6.1.1                py312h085067d_0          conda-forge
2025-01-27T13:11:31.0376539Z   astropy-iers-data              0.2024.6.17.0.31.35  pyhd8ed1ab_0             conda-forge
2025-01-27T13:11:31.0377261Z   astropy-sphinx-theme           1.1                  pyhd8ed1ab_0             conda-forge
2025-01-27T13:11:31.0377951Z   asttokens                      2.4.1                pyhd8ed1ab_0             conda-forge
2025-01-27T13:11:31.0378884Z   async-lru                      2.0.4                pyhd8ed1ab_0             conda-forge
2025-01-27T13:11:31.0379486Z   atk-1.0                        2.38.0               h04ea711_2               conda-forge
2025-01-27T13:11:31.0380013Z   attrs                          23.2.0               pyh71513ae_0             conda-forge
2025-01-27T13:11:31.0380555Z   babel                          2.14.0               pyhd8ed1ab_0             conda-forge
2025-01-27T13:11:31.0381103Z   beautifulsoup4                 4.12.3               pyha770c72_0             conda-forge
2025-01-27T13:11:31.0381686Z   bleach                         6.1.0                pyhd8ed1ab_0             conda-forge
2025-01-27T13:11:31.0382260Z   blosc                          1.21.5               hc2324a3_1               conda-forge
2025-01-27T13:11:31.0382822Z   brotli                         1.1.0                hd590300_1               conda-forge
2025-01-27T13:11:31.0383391Z   brotli-bin                     1.1.0                hd590300_1               conda-forge
2025-01-27T13:11:31.0384029Z   brotli-python                  1.1.0                py312h30efb56_1          conda-forge
2025-01-27T13:11:31.0384685Z   bzip2                          1.0.8                hd590300_5               conda-forge
2025-01-27T13:11:31.0385235Z   c-ares                         1.28.1               hd590300_0               conda-forge
2025-01-27T13:11:31.0385797Z   c-blosc2                       2.14.4               hb4ffafa_1               conda-forge
2025-01-27T13:11:31.0386437Z   ca-certificates                2024.6.2             hbcca054_0               conda-forge
2025-01-27T13:11:31.0387480Z   cached-property                1.5.2                hd8ed1ab_1               conda-forge
2025-01-27T13:11:31.0388378Z   cached_property                1.5.2                pyha770c72_1             conda-forge
2025-01-27T13:11:31.0389105Z   cairo                          1.18.0               h3faef2a_0               conda-forge
2025-01-27T13:11:31.0389713Z   certifi                        2024.6.2             pyhd8ed1ab_0             conda-forge
2025-01-27T13:11:31.0390498Z   cffi                           1.16.0               py312hf06ca03_0          conda-forge
2025-01-27T13:11:31.0391163Z   charset-normalizer             3.3.2                pyhd8ed1ab_0             conda-forge
2025-01-27T13:11:31.0391815Z   click                          8.1.7                unix_pyh707e725_0        conda-forge
2025-01-27T13:11:31.0392423Z   codespell                      2.3.0                pyhd8ed1ab_0             conda-forge
2025-01-27T13:11:31.0393059Z   colorama                       0.4.6                pyhd8ed1ab_0             conda-forge
2025-01-27T13:11:31.0393651Z   comm                           0.2.2                pyhd8ed1ab_0             conda-forge
2025-01-27T13:11:31.0394249Z   commonmark                     0.9.1                py_0                     conda-forge
2025-01-27T13:11:31.0394860Z   contourpy                      1.2.1                py312h8572e83_0          conda-forge
2025-01-27T13:11:31.0395455Z   coverage                       7.5.3                py312h9a8786e_0          conda-forge
2025-01-27T13:11:31.0396019Z   cycler                         0.12.1               pyhd8ed1ab_0             conda-forge
2025-01-27T13:11:31.0396636Z   dataclasses                    0.8                  pyhc8e2a94_3             conda-forge
2025-01-27T13:11:31.0397259Z   debugpy                        1.8.1                py312h30efb56_0          conda-forge
2025-01-27T13:11:31.0397869Z   decorator                      5.1.1                pyhd8ed1ab_0             conda-forge
2025-01-27T13:11:31.0398656Z   defusedxml                     0.7.1                pyhd8ed1ab_0             conda-forge
2025-01-27T13:11:31.0399286Z   docutils                       0.20.1               py312h7900ff3_3          conda-forge
2025-01-27T13:11:31.0399917Z   dot2tex                        2.11.3               pyhd8ed1ab_0             conda-forge
2025-01-27T13:11:31.0400540Z   entrypoints                    0.4                  pyhd8ed1ab_0             conda-forge
2025-01-27T13:11:31.0401245Z   exceptiongroup                 1.2.0                pyhd8ed1ab_2             conda-forge
2025-01-27T13:11:31.0402156Z   executing                      2.0.1                pyhd8ed1ab_0             conda-forge
2025-01-27T13:11:31.0402934Z   expat                          2.6.2                h59595ed_0               conda-forge
2025-01-27T13:11:31.0403820Z   font-ttf-dejavu-sans-mono      2.37                 hab24e00_0               conda-forge
2025-01-27T13:11:31.0404772Z   font-ttf-inconsolata           3.000                h77eed37_0               conda-forge
2025-01-27T13:11:31.0405657Z   font-ttf-source-code-pro       2.038                h77eed37_0               conda-forge
2025-01-27T13:11:31.0406559Z   font-ttf-ubuntu                0.83                 h77eed37_2               conda-forge
2025-01-27T13:11:31.0407351Z   fontconfig                     2.14.2               h14ed4e7_0               conda-forge
2025-01-27T13:11:31.0408313Z   fonts-conda-ecosystem          1                    0                        conda-forge
2025-01-27T13:11:31.0409232Z   fonts-conda-forge              1                    0                        conda-forge
2025-01-27T13:11:31.0410041Z   fonttools                      4.53.0               py312h9a8786e_0          conda-forge
2025-01-27T13:11:31.0410572Z   fqdn                           1.5.1                pyhd8ed1ab_0             conda-forge
2025-01-27T13:11:31.0483694Z   freetype                       2.12.1               h267a509_2               conda-forge
2025-01-27T13:11:31.0484662Z   fribidi                        1.0.10               h36c2ea0_0               conda-forge
2025-01-27T13:11:31.0485264Z   future                         1.0.0                pyhd8ed1ab_0             conda-forge
2025-01-27T13:11:31.0485853Z   gdk-pixbuf                     2.42.12              hb9ae30d_0               conda-forge
2025-01-27T13:11:31.0486401Z   giflib                         5.2.2                hd590300_0               conda-forge
2025-01-27T13:11:31.0486986Z   git-lfs                        3.5.1                ha770c72_0               conda-forge
2025-01-27T13:11:31.0487316Z   gmp                            6.3.0                h59595ed_1               conda-forge
2025-01-27T13:11:31.0487642Z   gmpy2                          2.1.5                py312h1d5cde6_1          conda-forge
2025-01-27T13:11:31.0487978Z   graphite2                      1.3.13               h59595ed_1003            conda-forge
2025-01-27T13:11:31.0488566Z   graphviz                       11.0.0               hc68bbd7_0               conda-forge
2025-01-27T13:11:31.0488894Z   gtk2                           2.24.33              h280cfa0_4               conda-forge
2025-01-27T13:11:31.0489203Z   gts                            0.7.6                h977cf35_4               conda-forge
2025-01-27T13:11:31.0489527Z   h11                            0.14.0               pyhd8ed1ab_0             conda-forge
2025-01-27T13:11:31.0489843Z   h2                             4.1.0                pyhd8ed1ab_0             conda-forge
2025-01-27T13:11:31.0490161Z   h5py                           3.11.0               nompi_py312hb7ab980_102  conda-forge
2025-01-27T13:11:31.0490501Z   harfbuzz                       8.5.0                hfac3d4d_0               conda-forge
2025-01-27T13:11:31.0490851Z   hdf5                           1.14.3               nompi_hdf9ad27_105       conda-forge
2025-01-27T13:11:31.0491186Z   hpack                          4.0.0                pyh9f0ad1d_0             conda-forge
2025-01-27T13:11:31.0491524Z   httpcore                       1.0.5                pyhd8ed1ab_0             conda-forge
2025-01-27T13:11:31.0491853Z   httpx                          0.27.0               pyhd8ed1ab_0             conda-forge
2025-01-27T13:11:31.0492189Z   hyperframe                     6.0.1                pyhd8ed1ab_0             conda-forge
2025-01-27T13:11:31.0492517Z   icu                            73.2                 h59595ed_0               conda-forge
2025-01-27T13:11:31.0492824Z   idna                           3.7                  pyhd8ed1ab_0             conda-forge
2025-01-27T13:11:31.0493152Z   imagesize                      1.4.1                pyhd8ed1ab_0             conda-forge
2025-01-27T13:11:31.0493532Z   importlib-metadata             7.1.0                pyha770c72_0             conda-forge
2025-01-27T13:11:31.0493935Z   importlib_metadata             7.1.0                hd8ed1ab_0               conda-forge
2025-01-27T13:11:31.0494340Z   importlib_resources            6.4.0                pyhd8ed1ab_0             conda-forge
2025-01-27T13:11:31.0494714Z   iniconfig                      2.0.0                pyhd8ed1ab_0             conda-forge
2025-01-27T13:11:31.0495057Z   ipykernel                      6.29.4               pyh3099207_0             conda-forge
2025-01-27T13:11:31.0495414Z   ipython                        8.25.0               pyh707e725_0             conda-forge
2025-01-27T13:11:31.0495772Z   ipython_genutils               0.2.0                pyhd8ed1ab_1             conda-forge
2025-01-27T13:11:31.0496140Z   ipywidgets                     7.8.0                pyhd8ed1ab_0             conda-forge
2025-01-27T13:11:31.0496499Z   isoduration                    20.11.0              pyhd8ed1ab_0             conda-forge
2025-01-27T13:11:31.0496836Z   jedi                           0.19.1               pyhd8ed1ab_0             conda-forge
2025-01-27T13:11:31.0497168Z   jinja2                         3.1.4                pyhd8ed1ab_0             conda-forge
2025-01-27T13:11:31.0497631Z   json5                          0.9.25               pyhd8ed1ab_0             conda-forge
2025-01-27T13:11:31.0497984Z   jsonpointer                    3.0.0                py312h7900ff3_0          conda-forge
2025-01-27T13:11:31.0498511Z   jsonschema                     4.22.0               pyhd8ed1ab_0             conda-forge
2025-01-27T13:11:31.0498929Z   jsonschema-specifications      2023.12.1            pyhd8ed1ab_0             conda-forge
2025-01-27T13:11:31.0499530Z   jsonschema-with-format-nongpl  4.22.0               pyhd8ed1ab_0             conda-forge
2025-01-27T13:11:31.0499950Z   jupyter-lsp                    2.2.5                pyhd8ed1ab_0             conda-forge
2025-01-27T13:11:31.0500317Z   jupyter_client                 8.6.2                pyhd8ed1ab_0             conda-forge
2025-01-27T13:11:31.0500678Z   jupyter_core                   5.7.2                py312h7900ff3_0          conda-forge
2025-01-27T13:11:31.0501039Z   jupyter_events                 0.10.0               pyhd8ed1ab_0             conda-forge
2025-01-27T13:11:31.0501417Z   jupyter_server                 2.14.1               pyhd8ed1ab_0             conda-forge
2025-01-27T13:11:31.0501817Z   jupyter_server_terminals       0.5.3                pyhd8ed1ab_0             conda-forge
2025-01-27T13:11:31.0502212Z   jupyterlab                     4.2.2                pyhd8ed1ab_0             conda-forge
2025-01-27T13:11:31.0502595Z   jupyterlab_pygments            0.3.0                pyhd8ed1ab_1             conda-forge
2025-01-27T13:11:31.0502996Z   jupyterlab_server              2.27.2               pyhd8ed1ab_0             conda-forge
2025-01-27T13:11:31.0503381Z   jupyterlab_widgets             1.1.7                pyhd8ed1ab_0             conda-forge
2025-01-27T13:11:31.0503746Z   keyutils                       1.6.1                h166bdaf_0               conda-forge
2025-01-27T13:11:31.0504373Z   kiwisolver                     1.4.5                py312h8572e83_1          conda-forge
2025-01-27T13:11:31.0504981Z   krb5                           1.21.2               h659d440_0               conda-forge
2025-01-27T13:11:31.0505561Z   latexcodec                     2.0.1                pyh9f0ad1d_0             conda-forge
2025-01-27T13:11:31.0506152Z   lcms2                          2.16                 hb7c19ff_0               conda-forge
2025-01-27T13:11:31.0506531Z   ld_impl_linux-64               2.40                 hf3520f5_7               conda-forge
2025-01-27T13:11:31.0506899Z   lerc                           4.0.0                h27087fc_0               conda-forge
2025-01-27T13:11:31.0507224Z   libaec                         1.1.3                h59595ed_0               conda-forge
2025-01-27T13:11:31.0507565Z   libblas                        3.9.0                22_linux64_openblas      conda-forge
2025-01-27T13:11:31.0507931Z   libbrotlicommon                1.1.0                hd590300_1               conda-forge
2025-01-27T13:11:31.0508530Z   libbrotlidec                   1.1.0                hd590300_1               conda-forge
2025-01-27T13:11:31.0508912Z   libbrotlienc                   1.1.0                hd590300_1               conda-forge
2025-01-27T13:11:31.0509288Z   libcblas                       3.9.0                22_linux64_openblas      conda-forge
2025-01-27T13:11:31.0509641Z   libcurl                        8.8.0                hca28451_0               conda-forge
2025-01-27T13:11:31.0509988Z   libdeflate                     1.20                 hd590300_0               conda-forge
2025-01-27T13:11:31.0510367Z   libedit                        3.1.20191231         he28a2e2_2               conda-forge
2025-01-27T13:11:31.0510711Z   libev                          4.33                 hd590300_2               conda-forge
2025-01-27T13:11:31.0511042Z   libexpat                       2.6.2                h59595ed_0               conda-forge
2025-01-27T13:11:31.0511465Z   libffi                         3.4.2                h7f98852_5               conda-forge
2025-01-27T13:11:31.0511973Z   libgcc-ng                      13.2.0               h77fa898_10              conda-forge
2025-01-27T13:11:31.0512319Z   libgd                          2.3.3                h119a65a_9               conda-forge
2025-01-27T13:11:31.0512664Z   libgfortran-ng                 13.2.0               h69a702a_10              conda-forge
2025-01-27T13:11:31.0513036Z   libgfortran5                   13.2.0               h3d2ce59_10              conda-forge
2025-01-27T13:11:31.0513498Z   libglib                        2.80.2               h8a4344b_1               conda-forge
2025-01-27T13:11:31.0513829Z   libgomp                        13.2.0               h77fa898_10              conda-forge
2025-01-27T13:11:31.0514174Z   libiconv                       1.17                 hd590300_2               conda-forge
2025-01-27T13:11:31.0514527Z   libjpeg-turbo                  3.0.0                hd590300_1               conda-forge
2025-01-27T13:11:31.0514893Z   liblapack                      3.9.0                22_linux64_openblas      conda-forge
2025-01-27T13:11:31.0515258Z   libllvm14                      14.0.6               hcd5def8_4               conda-forge
2025-01-27T13:11:31.0515610Z   libnghttp2                     1.58.0               h47da74e_1               conda-forge
2025-01-27T13:11:31.0515955Z   libnsl                         2.0.1                hd590300_0               conda-forge
2025-01-27T13:11:31.0516318Z   libopenblas                    0.3.27               pthreads_h413a1c8_0      conda-forge
2025-01-27T13:11:31.0516681Z   libpng                         1.6.43               h2797004_0               conda-forge
2025-01-27T13:11:31.0517031Z   librsvg                        2.58.1               hadf69e7_0               conda-forge
2025-01-27T13:11:31.0517375Z   libsodium                      1.0.18               h36c2ea0_1               conda-forge
2025-01-27T13:11:31.0517722Z   libsqlite                      3.46.0               hde9e2c9_0               conda-forge
2025-01-27T13:11:31.0518296Z   libssh2                        1.11.0               h0841786_0               conda-forge
2025-01-27T13:11:31.0518662Z   libstdcxx-ng                   13.2.0               hc0a3c3a_10              conda-forge
2025-01-27T13:11:31.0519016Z   libtiff                        4.6.0                h1dd3fc0_3               conda-forge
2025-01-27T13:11:31.0519348Z   libuuid                        2.38.1               h0b41bf4_0               conda-forge
2025-01-27T13:11:31.0519682Z   libwebp                        1.4.0                h2c329e2_0               conda-forge
2025-01-27T13:11:31.0520027Z   libwebp-base                   1.4.0                hd590300_0               conda-forge
2025-01-27T13:11:31.0520368Z   libxcb                         1.15                 h0b41bf4_0               conda-forge
2025-01-27T13:11:31.0520713Z   libxcrypt                      4.4.36               hd590300_1               conda-forge
2025-01-27T13:11:31.0521052Z   libxml2                        2.12.7               hc051c1a_1               conda-forge
2025-01-27T13:11:31.0521383Z   libxslt                        1.1.39               h76b75d6_0               conda-forge
2025-01-27T13:11:31.0521713Z   libzlib                        1.3.1                h4ab18f5_1               conda-forge
2025-01-27T13:11:31.0522051Z   llvmlite                       0.42.0               py312hb06c811_1          conda-forge
2025-01-27T13:11:31.0522388Z   lxml                           5.2.2                py312hb90d8a5_0          conda-forge
2025-01-27T13:11:31.0522708Z   lz4-c                          1.9.4                hcb278e6_0               conda-forge
2025-01-27T13:11:31.0523008Z   lzo                            2.10                 hd590300_1001            conda-forge
2025-01-27T13:11:31.0523341Z   markupsafe                     2.1.5                py312h98912ed_0          conda-forge
2025-01-27T13:11:31.0523717Z   matplotlib-base                3.8.4                py312h20ab3a6_2          conda-forge
2025-01-27T13:11:31.0524246Z   matplotlib-inline              0.1.7                pyhd8ed1ab_0             conda-forge
2025-01-27T13:11:31.0524628Z   mistune                        3.0.2                pyhd8ed1ab_0             conda-forge
2025-01-27T13:11:31.0524958Z   mpc                            1.3.1                hfe3b2da_0               conda-forge
2025-01-27T13:11:31.0525271Z   mpfr                           4.2.1                h9458935_1               conda-forge
2025-01-27T13:11:31.0525720Z   mpmath                         1.3.0                pyhd8ed1ab_0             conda-forge
2025-01-27T13:11:31.0526056Z   munkres                        1.1.4                pyh9f0ad1d_0             conda-forge
2025-01-27T13:11:31.0526415Z   mypy_extensions                1.0.0                pyha770c72_0             conda-forge
2025-01-27T13:11:31.0526777Z   nbclassic                      1.1.0                pyhd8ed1ab_0             conda-forge
2025-01-27T13:11:31.0527127Z   nbclient                       0.10.0               pyhd8ed1ab_0             conda-forge
2025-01-27T13:11:31.0527481Z   nbconvert                      7.16.4               hd8ed1ab_1               conda-forge
2025-01-27T13:11:31.0527843Z   nbconvert-core                 7.16.4               pyhd8ed1ab_1             conda-forge
2025-01-27T13:11:31.0528432Z   nbconvert-pandoc               7.16.4               hd8ed1ab_1               conda-forge
2025-01-27T13:11:31.0528822Z   nbformat                       5.10.4               pyhd8ed1ab_0             conda-forge
2025-01-27T13:11:31.0529181Z   nbsphinx                       0.9.4                pyhd8ed1ab_0             conda-forge
2025-01-27T13:11:31.0529517Z   ncurses                        6.5                  h59595ed_0               conda-forge
2025-01-27T13:11:31.0529869Z   nest-asyncio                   1.6.0                pyhd8ed1ab_0             conda-forge
2025-01-27T13:11:31.0530220Z   networkx                       3.3                  pyhd8ed1ab_1             conda-forge
2025-01-27T13:11:31.0530551Z   nomkl                          1.0                  h5ca1d4c_0               conda-forge
2025-01-27T13:11:31.0530882Z   notebook                       7.2.1                pyhd8ed1ab_0             conda-forge
2025-01-27T13:11:31.0531239Z   notebook-shim                  0.2.4                pyhd8ed1ab_0             conda-forge
2025-01-27T13:11:31.0531613Z   numba                          0.59.1               py312hacefee8_0          conda-forge
2025-01-27T13:11:31.0531961Z   numexpr                        2.10.0               py312hf412c99_100        conda-forge
2025-01-27T13:11:31.0532292Z   numpy                          1.26.4               py312heda63a1_0          conda-forge
2025-01-27T13:11:31.0532625Z   numpydoc                       1.7.0                pyhd8ed1ab_1             conda-forge
2025-01-27T13:11:31.0532967Z   openjpeg                       2.5.2                h488ebb8_0               conda-forge
2025-01-27T13:11:31.0533301Z   openssl                        3.3.1                h4ab18f5_0               conda-forge
2025-01-27T13:11:31.0533652Z   overrides                      7.7.0                pyhd8ed1ab_0             conda-forge
2025-01-27T13:11:31.0534006Z   packaging                      24.1                 pyhd8ed1ab_0             conda-forge
2025-01-27T13:11:31.0534347Z   pandas                         2.2.2                py312h1d6d2e6_1          conda-forge
2025-01-27T13:11:31.0534666Z   pandoc                         3.2                  ha770c72_0               conda-forge
2025-01-27T13:11:31.0535022Z   pandocfilters                  1.5.0                pyhd8ed1ab_0             conda-forge
2025-01-27T13:11:31.0535380Z   pango                          1.54.0               h84a9a3c_0               conda-forge
2025-01-27T13:11:31.0535707Z   parso                          0.8.4                pyhd8ed1ab_0             conda-forge
2025-01-27T13:11:31.0536048Z   pathspec                       0.12.1               pyhd8ed1ab_0             conda-forge
2025-01-27T13:11:31.0536509Z   pbr                            6.0.0                pyhd8ed1ab_0             conda-forge
2025-01-27T13:11:31.0536846Z   pcre2                          10.44                h0f59acf_0               conda-forge
2025-01-27T13:11:31.0537179Z   pexpect                        4.9.0                pyhd8ed1ab_0             conda-forge
2025-01-27T13:11:31.0537534Z   pickleshare                    0.7.5                py_1003                  conda-forge
2025-01-27T13:11:31.0537994Z   pillow                         10.3.0               py312hdcec9eb_0          conda-forge
2025-01-27T13:11:31.0538471Z   pip                            24.0                 pyhd8ed1ab_0             conda-forge
2025-01-27T13:11:31.0538798Z   pixman                         0.43.2               h59595ed_0               conda-forge
2025-01-27T13:11:31.0539182Z   pkgutil-resolve-name           1.3.10               pyhd8ed1ab_1             conda-forge
2025-01-27T13:11:31.0539589Z   platformdirs                   4.2.2                pyhd8ed1ab_0             conda-forge
2025-01-27T13:11:31.0539949Z   plotly                         5.22.0               pyhd8ed1ab_0             conda-forge
2025-01-27T13:11:31.0540286Z   pluggy                         1.5.0                pyhd8ed1ab_0             conda-forge
2025-01-27T13:11:31.0540667Z   prometheus_client              0.20.0               pyhd8ed1ab_0             conda-forge
2025-01-27T13:11:31.0541063Z   prompt-toolkit                 3.0.47               pyha770c72_0             conda-forge
2025-01-27T13:11:31.0541429Z   psutil                         5.9.8                py312h98912ed_0          conda-forge
2025-01-27T13:11:31.0541779Z   pthread-stubs                  0.4                  h36c2ea0_1001            conda-forge
2025-01-27T13:11:31.0542138Z   ptyprocess                     0.7.0                pyhd3deb0d_0             conda-forge
2025-01-27T13:11:31.0542493Z   pure_eval                      0.2.2                pyhd8ed1ab_0             conda-forge
2025-01-27T13:11:31.0542850Z   py-cpuinfo                     9.0.0                pyhd8ed1ab_0             conda-forge
2025-01-27T13:11:31.0543198Z   pybtex                         0.24.0               pyhd8ed1ab_2             conda-forge
2025-01-27T13:11:31.0543562Z   pybtex-docutils                1.0.3                py312h7900ff3_1          conda-forge
2025-01-27T13:11:31.0543928Z   pycparser                      2.22                 pyhd8ed1ab_0             conda-forge
2025-01-27T13:11:31.0544283Z   pyerfa                         2.0.1.4              py312h085067d_1          conda-forge
2025-01-27T13:11:31.0544627Z   pygments                       2.18.0               pyhd8ed1ab_0             conda-forge
2025-01-27T13:11:31.0544986Z   pygraphviz                     1.13                 py312h4a1d8a7_1          conda-forge
2025-01-27T13:11:31.0545356Z   pyparsing                      3.1.2                pyhd8ed1ab_0             conda-forge
2025-01-27T13:11:31.0545708Z   pysocks                        1.7.1                pyha2e5f31_6             conda-forge
2025-01-27T13:11:31.0546054Z   pytables                       3.9.2                py312h96d95ec_2          conda-forge
2025-01-27T13:11:31.0546398Z   pytest                         8.2.2                pyhd8ed1ab_0             conda-forge
2025-01-27T13:11:31.0546743Z   pytest-cov                     5.0.0                pyhd8ed1ab_0             conda-forge
2025-01-27T13:11:31.0547129Z   pytest-doctestplus             1.2.1                pyhd8ed1ab_0             conda-forge
2025-01-27T13:11:31.0547520Z   pytest-html                    4.1.1                pyhd8ed1ab_0             conda-forge
2025-01-27T13:11:31.0547901Z   pytest-metadata                3.1.1                pyhd8ed1ab_0             conda-forge
2025-01-27T13:11:31.0548464Z   python                         3.12.4               h194c7f8_0_cpython       conda-forge
2025-01-27T13:11:31.0548839Z   python-dateutil                2.9.0                pyhd8ed1ab_0             conda-forge
2025-01-27T13:11:31.0549250Z   python-fastjsonschema          2.20.0               pyhd8ed1ab_0             conda-forge
2025-01-27T13:11:31.0549801Z   python-json-logger             2.0.7                pyhd8ed1ab_0             conda-forge
2025-01-27T13:11:31.0550219Z   python-tzdata                  2024.1               pyhd8ed1ab_0             conda-forge
2025-01-27T13:11:31.0550579Z   python_abi                     3.12                 4_cp312                  conda-forge
2025-01-27T13:11:31.0550928Z   pytz                           2024.1               pyhd8ed1ab_0             conda-forge
2025-01-27T13:11:31.0551362Z   pyyaml                         6.0.1                py312h98912ed_1          conda-forge
2025-01-27T13:11:31.0551692Z   pyzmq                          26.0.3               py312h8fd38d8_0          conda-forge
2025-01-27T13:11:31.0552019Z   qgrid                          1.3.1                pyhd8ed1ab_4             conda-forge
2025-01-27T13:11:31.0552386Z   radioactivedecay               0.5.1                pyhd8ed1ab_0             conda-forge
2025-01-27T13:11:31.0552766Z   readline                       8.2                  h8228510_1               conda-forge
2025-01-27T13:11:31.0553122Z   recommonmark                   0.7.1                pyhd8ed1ab_0             conda-forge
2025-01-27T13:11:31.0553495Z   referencing                    0.35.1               pyhd8ed1ab_0             conda-forge
2025-01-27T13:11:31.0553851Z   requests                       2.32.3               pyhd8ed1ab_0             conda-forge
2025-01-27T13:11:31.0554235Z   rfc3339-validator              0.1.4                pyhd8ed1ab_0             conda-forge
2025-01-27T13:11:31.0554636Z   rfc3986-validator              0.1.1                pyh9f0ad1d_0             conda-forge
2025-01-27T13:11:31.0555003Z   rpds-py                        0.18.1               py312h4413252_0          conda-forge
2025-01-27T13:11:31.0555330Z   ruff                           0.4.9                py312h5715c7c_0          conda-forge
2025-01-27T13:11:31.0555654Z   scipy                          1.13.1               py312hc2bc53b_0          conda-forge
2025-01-27T13:11:31.0556012Z   send2trash                     1.8.3                pyh0d859eb_0             conda-forge
2025-01-27T13:11:31.0556376Z   setuptools                     70.0.0               pyhd8ed1ab_0             conda-forge
2025-01-27T13:11:31.0556745Z   setuptools-scm                 8.1.0                pyhd8ed1ab_0             conda-forge
2025-01-27T13:11:31.0557121Z   setuptools_scm                 8.1.0                hd8ed1ab_0               conda-forge
2025-01-27T13:11:31.0557476Z   six                            1.16.0               pyh6c4a22f_0             conda-forge
2025-01-27T13:11:31.0557816Z   snakeviz                       2.2.0                pyhd8ed1ab_0             conda-forge
2025-01-27T13:11:31.0558355Z   snappy                         1.2.0                hdb0a2a9_1               conda-forge
2025-01-27T13:11:31.0558698Z   sniffio                        1.3.1                pyhd8ed1ab_0             conda-forge
2025-01-27T13:11:31.0559071Z   snowballstemmer                2.2.0                pyhd8ed1ab_0             conda-forge
2025-01-27T13:11:31.0559452Z   soupsieve                      2.5                  pyhd8ed1ab_1             conda-forge
2025-01-27T13:11:31.0559795Z   sphinx                         7.3.7                pyhd8ed1ab_0             conda-forge
2025-01-27T13:11:31.0560160Z   sphinx-astropy                 1.9.1                pyhd8ed1ab_0             conda-forge
2025-01-27T13:11:31.0560568Z   sphinx-automodapi              0.17.0               pyh717bed2_1             conda-forge
2025-01-27T13:11:31.0560977Z   sphinx-gallery                 0.16.0               pyhd8ed1ab_0             conda-forge
2025-01-27T13:11:31.0561376Z   sphinx-jsonschema              1.19.1               pyhd8ed1ab_0             conda-forge
2025-01-27T13:11:31.0561789Z   sphinx_bootstrap_theme         0.8.1                pyhd8ed1ab_0             conda-forge
2025-01-27T13:11:31.0562190Z   sphinx_rtd_theme               2.0.0                pyha770c72_0             conda-forge
2025-01-27T13:11:31.0562724Z   sphinxcontrib-apidoc           0.3.0                py_1                     conda-forge
2025-01-27T13:11:31.0563178Z   sphinxcontrib-applehelp        1.0.8                pyhd8ed1ab_0             conda-forge
2025-01-27T13:11:31.0563620Z   sphinxcontrib-bibtex           2.6.2                pyhd8ed1ab_0             conda-forge
2025-01-27T13:11:31.0564054Z   sphinxcontrib-devhelp          1.0.6                pyhd8ed1ab_0             conda-forge
2025-01-27T13:11:31.0564601Z   sphinxcontrib-htmlhelp         2.0.5                pyhd8ed1ab_0             conda-forge
2025-01-27T13:11:31.0565039Z   sphinxcontrib-jquery           4.1                  pyhd8ed1ab_0             conda-forge
2025-01-27T13:11:31.0565460Z   sphinxcontrib-jsmath           1.0.1                pyhd8ed1ab_0             conda-forge
2025-01-27T13:11:31.0565887Z   sphinxcontrib-qthelp           1.0.7                pyhd8ed1ab_0             conda-forge
2025-01-27T13:11:31.0566355Z   sphinxcontrib-serializinghtml  1.1.10               pyhd8ed1ab_0             conda-forge
2025-01-27T13:11:31.0566781Z   stack_data                     0.6.2                pyhd8ed1ab_0             conda-forge
2025-01-27T13:11:31.0567130Z   sympy                          1.12.1               pypyh2585a3b_103         conda-forge
2025-01-27T13:11:31.0567470Z   tabulate                       0.9.0                pyhd8ed1ab_1             conda-forge
2025-01-27T13:11:31.0567824Z   tenacity                       8.4.1                pyhd8ed1ab_0             conda-forge
2025-01-27T13:11:31.0568341Z   terminado                      0.18.1               pyh0d859eb_0             conda-forge
2025-01-27T13:11:31.0568691Z   tinycss2                       1.3.0                pyhd8ed1ab_0             conda-forge
2025-01-27T13:11:31.0569019Z   tk                             8.6.13               noxft_h4845f30_101       conda-forge
2025-01-27T13:11:31.0569336Z   toml                           0.10.2               pyhd8ed1ab_0             conda-forge
2025-01-27T13:11:31.0569665Z   tomli                          2.0.1                pyhd8ed1ab_0             conda-forge
2025-01-27T13:11:31.0569998Z   tornado                        6.4.1                py312h9a8786e_0          conda-forge
2025-01-27T13:11:31.0570332Z   tqdm                           4.66.4               pyhd8ed1ab_0             conda-forge
2025-01-27T13:11:31.0570670Z   traitlets                      5.14.3               pyhd8ed1ab_0             conda-forge
2025-01-27T13:11:31.0571039Z   typed-ast                      1.5.5                py312h98912ed_1          conda-forge
2025-01-27T13:11:31.0571441Z   types-python-dateutil          2.9.0.20240316       pyhd8ed1ab_0             conda-forge
2025-01-27T13:11:31.0571885Z   typing-extensions              4.12.2               hd8ed1ab_0               conda-forge
2025-01-27T13:11:31.0572288Z   typing_extensions              4.12.2               pyha770c72_0             conda-forge
2025-01-27T13:11:31.0572667Z   typing_utils                   0.1.0                pyhd8ed1ab_0             conda-forge
2025-01-27T13:11:31.0573026Z   tzdata                         2024a                h0c530f3_0               conda-forge
2025-01-27T13:11:31.0573387Z   uri-template                   1.3.0                pyhd8ed1ab_0             conda-forge
2025-01-27T13:11:31.0573747Z   urllib3                        2.2.2                pyhd8ed1ab_0             conda-forge
2025-01-27T13:11:31.0574098Z   wcwidth                        0.2.13               pyhd8ed1ab_0             conda-forge
2025-01-27T13:11:31.0574449Z   webcolors                      24.6.0               pyhd8ed1ab_0             conda-forge
2025-01-27T13:11:31.0574813Z   webencodings                   0.5.1                pyhd8ed1ab_2             conda-forge
2025-01-27T13:11:31.0575197Z   websocket-client               1.8.0                pyhd8ed1ab_0             conda-forge
2025-01-27T13:11:31.0575560Z   wheel                          0.43.0               pyhd8ed1ab_1             conda-forge
2025-01-27T13:11:31.0576069Z   widgetsnbextension             3.6.6                pyhd8ed1ab_0             conda-forge
2025-01-27T13:11:31.0576472Z   xorg-kbproto                   1.0.7                h7f98852_1002            conda-forge
2025-01-27T13:11:31.0576835Z   xorg-libice                    1.1.1                hd590300_0               conda-forge
2025-01-27T13:11:31.0577194Z   xorg-libsm                     1.2.4                h7391055_0               conda-forge
2025-01-27T13:11:31.0577654Z   xorg-libx11                    1.8.9                h8ee46fc_0               conda-forge
2025-01-27T13:11:31.0578009Z   xorg-libxau                    1.0.11               hd590300_0               conda-forge
2025-01-27T13:11:31.0578564Z   xorg-libxdmcp                  1.1.3                h7f98852_0               conda-forge
2025-01-27T13:11:31.0578949Z   xorg-libxext                   1.3.4                h0b41bf4_2               conda-forge
2025-01-27T13:11:31.0579337Z   xorg-libxrender                0.9.11               hd590300_0               conda-forge
2025-01-27T13:11:31.0579735Z   xorg-renderproto               0.11.1               h7f98852_1002            conda-forge
2025-01-27T13:11:31.0580143Z   xorg-xextproto                 7.3.0                h0b41bf4_1003            conda-forge
2025-01-27T13:11:31.0580519Z   xorg-xproto                    7.0.31               h7f98852_1007            conda-forge
2025-01-27T13:11:31.0580863Z   xz                             5.2.6                h166bdaf_0               conda-forge
2025-01-27T13:11:31.0581173Z   yaml                           0.2.5                h7f98852_2               conda-forge
2025-01-27T13:11:31.0581493Z   zeromq                         4.3.5                h75354e8_4               conda-forge
2025-01-27T13:11:31.0581820Z   zipp                           3.19.2               pyhd8ed1ab_0             conda-forge
2025-01-27T13:11:31.0582138Z   zlib                           1.3.1                h4ab18f5_1               conda-forge
2025-01-27T13:11:31.0582468Z   zlib-ng                        2.0.7                h0b41bf4_0               conda-forge
2025-01-27T13:11:31.0582790Z   zstd                           1.5.6                ha6fb4c9_0               conda-forge
2025-01-27T13:11:31.0583330Z ##[endgroup]
2025-01-27T13:11:31.0618746Z ##[group]Run pip install -e . --user
2025-01-27T13:11:31.0619076Z [36;1mpip install -e . --user[0m
2025-01-27T13:11:31.0649372Z shell: /usr/bin/bash -l {0}
2025-01-27T13:11:31.0649617Z env:
2025-01-27T13:11:31.0649798Z   CACHE_NUMBER: 0
2025-01-27T13:11:31.0650419Z   PYTEST_FLAGS: --tardis-regression-data=/home/runner/work/tardis/tardis/tardis-regression-data --cov=tardis --cov-report=xml --cov-report=html --cov-append
2025-01-27T13:11:31.0651086Z   CODECOV_TOKEN: 
2025-01-27T13:11:31.0651312Z   MAMBA_ROOT_PREFIX: /home/runner/micromamba
2025-01-27T13:11:31.0651613Z   MAMBA_EXE: /home/runner/micromamba-bin/micromamba
2025-01-27T13:11:31.0651957Z   CONDARC: /home/runner/work/_temp/setup-micromamba/.condarc
2025-01-27T13:11:31.0652260Z ##[endgroup]
2025-01-27T13:11:31.7470108Z Obtaining file:///home/runner/work/tardis/tardis
2025-01-27T13:11:31.7498429Z   Installing build dependencies: started
2025-01-27T13:11:34.3835819Z   Installing build dependencies: finished with status 'done'
2025-01-27T13:11:34.3842284Z   Checking if build backend supports build_editable: started
2025-01-27T13:11:34.5050832Z   Checking if build backend supports build_editable: finished with status 'done'
2025-01-27T13:11:34.5058227Z   Getting requirements to build editable: started
2025-01-27T13:11:34.9713172Z   Getting requirements to build editable: finished with status 'done'
2025-01-27T13:11:34.9721047Z   Preparing editable metadata (pyproject.toml): started
2025-01-27T13:11:35.4190538Z   Preparing editable metadata (pyproject.toml): finished with status 'done'
2025-01-27T13:11:35.4776568Z Requirement already satisfied: astropy in /home/runner/micromamba/envs/tardis/lib/python3.12/site-packages (from tardis==0.0.0) (6.1.1)
2025-01-27T13:11:35.5196531Z Requirement already satisfied: numpy>=1.23 in /home/runner/micromamba/envs/tardis/lib/python3.12/site-packages (from astropy->tardis==0.0.0) (1.26.4)
2025-01-27T13:11:35.5205828Z Requirement already satisfied: pyerfa>=2.0.1.1 in /home/runner/micromamba/envs/tardis/lib/python3.12/site-packages (from astropy->tardis==0.0.0) (2.0.1.4)
2025-01-27T13:11:35.5216150Z Requirement already satisfied: astropy-iers-data>=0.2024.5.27.0.30.8 in /home/runner/micromamba/envs/tardis/lib/python3.12/site-packages (from astropy->tardis==0.0.0) (0.2024.6.17.0.31.35)
2025-01-27T13:11:35.5226301Z Requirement already satisfied: PyYAML>=3.13 in /home/runner/micromamba/envs/tardis/lib/python3.12/site-packages (from astropy->tardis==0.0.0) (6.0.1)
2025-01-27T13:11:35.5240465Z Requirement already satisfied: packaging>=19.0 in /home/runner/micromamba/envs/tardis/lib/python3.12/site-packages (from astropy->tardis==0.0.0) (24.1)
2025-01-27T13:11:35.5377058Z Building wheels for collected packages: tardis
2025-01-27T13:11:35.5386757Z   Building editable for tardis (pyproject.toml): started
2025-01-27T13:11:36.2832114Z   Building editable for tardis (pyproject.toml): finished with status 'done'
2025-01-27T13:11:36.2838654Z   Created wheel for tardis: filename=tardis-0.0.0-0.editable-py3-none-any.whl size=8879 sha256=6ac1a7ebdca19dcde5d1735067a6d42bd3efea266cf7bc2e95a748626b0981b5
2025-01-27T13:11:36.2840328Z   Stored in directory: /tmp/pip-ephem-wheel-cache-v7_q86_t/wheels/6a/c7/ae/89fa6dc2565455898176888ef0e2e475e4e90eb0124afcb995
2025-01-27T13:11:36.2866948Z Successfully built tardis
2025-01-27T13:11:37.0605126Z Installing collected packages: tardis
2025-01-27T13:11:37.0694916Z Successfully installed tardis-0.0.0
2025-01-27T13:11:37.2673722Z ##[group]Run pip install qgridnext
2025-01-27T13:11:37.2674052Z [36;1mpip install qgridnext[0m
2025-01-27T13:11:37.2701584Z shell: /usr/bin/bash -l {0}
2025-01-27T13:11:37.2701821Z env:
2025-01-27T13:11:37.2701992Z   CACHE_NUMBER: 0
2025-01-27T13:11:37.2702618Z   PYTEST_FLAGS: --tardis-regression-data=/home/runner/work/tardis/tardis/tardis-regression-data --cov=tardis --cov-report=xml --cov-report=html --cov-append
2025-01-27T13:11:37.2703278Z   CODECOV_TOKEN: 
2025-01-27T13:11:37.2703503Z   MAMBA_ROOT_PREFIX: /home/runner/micromamba
2025-01-27T13:11:37.2703805Z   MAMBA_EXE: /home/runner/micromamba-bin/micromamba
2025-01-27T13:11:37.2704154Z   CONDARC: /home/runner/work/_temp/setup-micromamba/.condarc
2025-01-27T13:11:37.2704476Z ##[endgroup]
2025-01-27T13:11:37.9389867Z Collecting qgridnext
2025-01-27T13:11:37.9533088Z   Downloading qgridnext-2.0.4-py3-none-any.whl.metadata (9.9 kB)
2025-01-27T13:11:37.9619278Z Requirement already satisfied: pandas>=0.20.0 in /home/runner/micromamba/envs/tardis/lib/python3.12/site-packages (from qgridnext) (2.2.2)
2025-01-27T13:11:37.9627569Z Requirement already satisfied: ipywidgets>=7.0.0 in /home/runner/micromamba/envs/tardis/lib/python3.12/site-packages (from qgridnext) (7.8.0)
2025-01-27T13:11:37.9636476Z Requirement already satisfied: numpy in /home/runner/micromamba/envs/tardis/lib/python3.12/site-packages (from qgridnext) (1.26.4)
2025-01-27T13:11:37.9646217Z Requirement already satisfied: traitlets in /home/runner/micromamba/envs/tardis/lib/python3.12/site-packages (from qgridnext) (5.14.3)
2025-01-27T13:11:37.9730855Z Requirement already satisfied: comm>=0.1.3 in /home/runner/micromamba/envs/tardis/lib/python3.12/site-packages (from ipywidgets>=7.0.0->qgridnext) (0.2.2)
2025-01-27T13:11:37.9738887Z Requirement already satisfied: ipython-genutils~=0.2.0 in /home/runner/micromamba/envs/tardis/lib/python3.12/site-packages (from ipywidgets>=7.0.0->qgridnext) (0.2.0)
2025-01-27T13:11:37.9751377Z Requirement already satisfied: widgetsnbextension~=3.6.5 in /home/runner/micromamba/envs/tardis/lib/python3.12/site-packages (from ipywidgets>=7.0.0->qgridnext) (3.6.6)
2025-01-27T13:11:37.9768695Z Requirement already satisfied: ipython>=4.0.0 in /home/runner/micromamba/envs/tardis/lib/python3.12/site-packages (from ipywidgets>=7.0.0->qgridnext) (8.25.0)
2025-01-27T13:11:37.9783106Z Requirement already satisfied: jupyterlab-widgets<3,>=1.0.0 in /home/runner/micromamba/envs/tardis/lib/python3.12/site-packages (from ipywidgets>=7.0.0->qgridnext) (1.1.7)
2025-01-27T13:11:38.0250548Z Requirement already satisfied: python-dateutil>=2.8.2 in /home/runner/micromamba/envs/tardis/lib/python3.12/site-packages (from pandas>=0.20.0->qgridnext) (2.9.0)
2025-01-27T13:11:38.0263473Z Requirement already satisfied: pytz>=2020.1 in /home/runner/micromamba/envs/tardis/lib/python3.12/site-packages (from pandas>=0.20.0->qgridnext) (2024.1)
2025-01-27T13:11:38.0271175Z Requirement already satisfied: tzdata>=2022.7 in /home/runner/micromamba/envs/tardis/lib/python3.12/site-packages (from pandas>=0.20.0->qgridnext) (2024.1)
2025-01-27T13:11:38.0594372Z Requirement already satisfied: decorator in /home/runner/micromamba/envs/tardis/lib/python3.12/site-packages (from ipython>=4.0.0->ipywidgets>=7.0.0->qgridnext) (5.1.1)
2025-01-27T13:11:38.0608383Z Requirement already satisfied: jedi>=0.16 in /home/runner/micromamba/envs/tardis/lib/python3.12/site-packages (from ipython>=4.0.0->ipywidgets>=7.0.0->qgridnext) (0.19.1)
2025-01-27T13:11:38.0616209Z Requirement already satisfied: matplotlib-inline in /home/runner/micromamba/envs/tardis/lib/python3.12/site-packages (from ipython>=4.0.0->ipywidgets>=7.0.0->qgridnext) (0.1.7)
2025-01-27T13:11:38.0626771Z Requirement already satisfied: prompt-toolkit<3.1.0,>=3.0.41 in /home/runner/micromamba/envs/tardis/lib/python3.12/site-packages (from ipython>=4.0.0->ipywidgets>=7.0.0->qgridnext) (3.0.47)
2025-01-27T13:11:38.0635649Z Requirement already satisfied: pygments>=2.4.0 in /home/runner/micromamba/envs/tardis/lib/python3.12/site-packages (from ipython>=4.0.0->ipywidgets>=7.0.0->qgridnext) (2.18.0)
2025-01-27T13:11:38.0645013Z Requirement already satisfied: stack-data in /home/runner/micromamba/envs/tardis/lib/python3.12/site-packages (from ipython>=4.0.0->ipywidgets>=7.0.0->qgridnext) (0.6.2)
2025-01-27T13:11:38.0663137Z Requirement already satisfied: pexpect>4.3 in /home/runner/micromamba/envs/tardis/lib/python3.12/site-packages (from ipython>=4.0.0->ipywidgets>=7.0.0->qgridnext) (4.9.0)
2025-01-27T13:11:38.0710057Z Requirement already satisfied: six>=1.5 in /home/runner/micromamba/envs/tardis/lib/python3.12/site-packages (from python-dateutil>=2.8.2->pandas>=0.20.0->qgridnext) (1.16.0)
2025-01-27T13:11:38.0765954Z Requirement already satisfied: notebook>=4.4.1 in /home/runner/micromamba/envs/tardis/lib/python3.12/site-packages (from widgetsnbextension~=3.6.5->ipywidgets>=7.0.0->qgridnext) (7.2.1)
2025-01-27T13:11:38.0955001Z Requirement already satisfied: parso<0.9.0,>=0.8.3 in /home/runner/micromamba/envs/tardis/lib/python3.12/site-packages (from jedi>=0.16->ipython>=4.0.0->ipywidgets>=7.0.0->qgridnext) (0.8.4)
2025-01-27T13:11:38.1100402Z Requirement already satisfied: jupyter-server<3,>=2.4.0 in /home/runner/micromamba/envs/tardis/lib/python3.12/site-packages (from notebook>=4.4.1->widgetsnbextension~=3.6.5->ipywidgets>=7.0.0->qgridnext) (2.14.1)
2025-01-27T13:11:38.1113114Z Requirement already satisfied: jupyterlab-server<3,>=2.27.1 in /home/runner/micromamba/envs/tardis/lib/python3.12/site-packages (from notebook>=4.4.1->widgetsnbextension~=3.6.5->ipywidgets>=7.0.0->qgridnext) (2.27.2)
2025-01-27T13:11:38.1127854Z Requirement already satisfied: jupyterlab<4.3,>=4.2.0 in /home/runner/micromamba/envs/tardis/lib/python3.12/site-packages (from notebook>=4.4.1->widgetsnbextension~=3.6.5->ipywidgets>=7.0.0->qgridnext) (4.2.2)
2025-01-27T13:11:38.1137946Z Requirement already satisfied: notebook-shim<0.3,>=0.2 in /home/runner/micromamba/envs/tardis/lib/python3.12/site-packages (from notebook>=4.4.1->widgetsnbextension~=3.6.5->ipywidgets>=7.0.0->qgridnext) (0.2.4)
2025-01-27T13:11:38.1146007Z Requirement already satisfied: tornado>=6.2.0 in /home/runner/micromamba/envs/tardis/lib/python3.12/site-packages (from notebook>=4.4.1->widgetsnbextension~=3.6.5->ipywidgets>=7.0.0->qgridnext) (6.4.1)
2025-01-27T13:11:38.1175493Z Requirement already satisfied: ptyprocess>=0.5 in /home/runner/micromamba/envs/tardis/lib/python3.12/site-packages (from pexpect>4.3->ipython>=4.0.0->ipywidgets>=7.0.0->qgridnext) (0.7.0)
2025-01-27T13:11:38.1203585Z Requirement already satisfied: wcwidth in /home/runner/micromamba/envs/tardis/lib/python3.12/site-packages (from prompt-toolkit<3.1.0,>=3.0.41->ipython>=4.0.0->ipywidgets>=7.0.0->qgridnext) (0.2.13)
2025-01-27T13:11:38.1338819Z Requirement already satisfied: executing>=1.2.0 in /home/runner/micromamba/envs/tardis/lib/python3.12/site-packages (from stack-data->ipython>=4.0.0->ipywidgets>=7.0.0->qgridnext) (2.0.1)
2025-01-27T13:11:38.1348162Z Requirement already satisfied: asttokens>=2.1.0 in /home/runner/micromamba/envs/tardis/lib/python3.12/site-packages (from stack-data->ipython>=4.0.0->ipywidgets>=7.0.0->qgridnext) (2.4.1)
2025-01-27T13:11:38.1355445Z Requirement already satisfied: pure-eval in /home/runner/micromamba/envs/tardis/lib/python3.12/site-packages (from stack-data->ipython>=4.0.0->ipywidgets>=7.0.0->qgridnext) (0.2.2)
2025-01-27T13:11:38.1766803Z Requirement already satisfied: anyio>=3.1.0 in /home/runner/micromamba/envs/tardis/lib/python3.12/site-packages (from jupyter-server<3,>=2.4.0->notebook>=4.4.1->widgetsnbextension~=3.6.5->ipywidgets>=7.0.0->qgridnext) (4.4.0)
2025-01-27T13:11:38.1777134Z Requirement already satisfied: argon2-cffi>=21.1 in /home/runner/micromamba/envs/tardis/lib/python3.12/site-packages (from jupyter-server<3,>=2.4.0->notebook>=4.4.1->widgetsnbextension~=3.6.5->ipywidgets>=7.0.0->qgridnext) (23.1.0)
2025-01-27T13:11:38.1786036Z Requirement already satisfied: jinja2>=3.0.3 in /home/runner/micromamba/envs/tardis/lib/python3.12/site-packages (from jupyter-server<3,>=2.4.0->notebook>=4.4.1->widgetsnbextension~=3.6.5->ipywidgets>=7.0.0->qgridnext) (3.1.4)
2025-01-27T13:11:38.1797505Z Requirement already satisfied: jupyter-client>=7.4.4 in /home/runner/micromamba/envs/tardis/lib/python3.12/site-packages (from jupyter-server<3,>=2.4.0->notebook>=4.4.1->widgetsnbextension~=3.6.5->ipywidgets>=7.0.0->qgridnext) (8.6.2)
2025-01-27T13:11:38.1809583Z Requirement already satisfied: jupyter-core!=5.0.*,>=4.12 in /home/runner/micromamba/envs/tardis/lib/python3.12/site-packages (from jupyter-server<3,>=2.4.0->notebook>=4.4.1->widgetsnbextension~=3.6.5->ipywidgets>=7.0.0->qgridnext) (5.7.2)
2025-01-27T13:11:38.1820677Z Requirement already satisfied: jupyter-events>=0.9.0 in /home/runner/micromamba/envs/tardis/lib/python3.12/site-packages (from jupyter-server<3,>=2.4.0->notebook>=4.4.1->widgetsnbextension~=3.6.5->ipywidgets>=7.0.0->qgridnext) (0.10.0)
2025-01-27T13:11:38.1831727Z Requirement already satisfied: jupyter-server-terminals>=0.4.4 in /home/runner/micromamba/envs/tardis/lib/python3.12/site-packages (from jupyter-server<3,>=2.4.0->notebook>=4.4.1->widgetsnbextension~=3.6.5->ipywidgets>=7.0.0->qgridnext) (0.5.3)
2025-01-27T13:11:38.1845049Z Requirement already satisfied: nbconvert>=6.4.4 in /home/runner/micromamba/envs/tardis/lib/python3.12/site-packages (from jupyter-server<3,>=2.4.0->notebook>=4.4.1->widgetsnbextension~=3.6.5->ipywidgets>=7.0.0->qgridnext) (7.16.4)
2025-01-27T13:11:38.1855331Z Requirement already satisfied: nbformat>=5.3.0 in /home/runner/micromamba/envs/tardis/lib/python3.12/site-packages (from jupyter-server<3,>=2.4.0->notebook>=4.4.1->widgetsnbextension~=3.6.5->ipywidgets>=7.0.0->qgridnext) (5.10.4)
2025-01-27T13:11:38.1864505Z Requirement already satisfied: overrides>=5.0 in /home/runner/micromamba/envs/tardis/lib/python3.12/site-packages (from jupyter-server<3,>=2.4.0->notebook>=4.4.1->widgetsnbextension~=3.6.5->ipywidgets>=7.0.0->qgridnext) (7.7.0)
2025-01-27T13:11:38.1874315Z Requirement already satisfied: packaging>=22.0 in /home/runner/micromamba/envs/tardis/lib/python3.12/site-packages (from jupyter-server<3,>=2.4.0->notebook>=4.4.1->widgetsnbextension~=3.6.5->ipywidgets>=7.0.0->qgridnext) (24.1)
2025-01-27T13:11:38.1883144Z Requirement already satisfied: prometheus-client>=0.9 in /home/runner/micromamba/envs/tardis/lib/python3.12/site-packages (from jupyter-server<3,>=2.4.0->notebook>=4.4.1->widgetsnbextension~=3.6.5->ipywidgets>=7.0.0->qgridnext) (0.20.0)
2025-01-27T13:11:38.1893891Z Requirement already satisfied: pyzmq>=24 in /home/runner/micromamba/envs/tardis/lib/python3.12/site-packages (from jupyter-server<3,>=2.4.0->notebook>=4.4.1->widgetsnbextension~=3.6.5->ipywidgets>=7.0.0->qgridnext) (26.0.3)
2025-01-27T13:11:38.1903019Z Requirement already satisfied: send2trash>=1.8.2 in /home/runner/micromamba/envs/tardis/lib/python3.12/site-packages (from jupyter-server<3,>=2.4.0->notebook>=4.4.1->widgetsnbextension~=3.6.5->ipywidgets>=7.0.0->qgridnext) (1.8.3)
2025-01-27T13:11:38.1914581Z Requirement already satisfied: terminado>=0.8.3 in /home/runner/micromamba/envs/tardis/lib/python3.12/site-packages (from jupyter-server<3,>=2.4.0->notebook>=4.4.1->widgetsnbextension~=3.6.5->ipywidgets>=7.0.0->qgridnext) (0.18.1)
2025-01-27T13:11:38.1931880Z Requirement already satisfied: websocket-client>=1.7 in /home/runner/micromamba/envs/tardis/lib/python3.12/site-packages (from jupyter-server<3,>=2.4.0->notebook>=4.4.1->widgetsnbextension~=3.6.5->ipywidgets>=7.0.0->qgridnext) (1.8.0)
2025-01-27T13:11:38.2214404Z Requirement already satisfied: async-lru>=1.0.0 in /home/runner/micromamba/envs/tardis/lib/python3.12/site-packages (from jupyterlab<4.3,>=4.2.0->notebook>=4.4.1->widgetsnbextension~=3.6.5->ipywidgets>=7.0.0->qgridnext) (2.0.4)
2025-01-27T13:11:38.2225571Z Requirement already satisfied: httpx>=0.25.0 in /home/runner/micromamba/envs/tardis/lib/python3.12/site-packages (from jupyterlab<4.3,>=4.2.0->notebook>=4.4.1->widgetsnbextension~=3.6.5->ipywidgets>=7.0.0->qgridnext) (0.27.0)
2025-01-27T13:11:38.2236952Z Requirement already satisfied: ipykernel>=6.5.0 in /home/runner/micromamba/envs/tardis/lib/python3.12/site-packages (from jupyterlab<4.3,>=4.2.0->notebook>=4.4.1->widgetsnbextension~=3.6.5->ipywidgets>=7.0.0->qgridnext) (6.29.4)
2025-01-27T13:11:38.2251102Z Requirement already satisfied: jupyter-lsp>=2.0.0 in /home/runner/micromamba/envs/tardis/lib/python3.12/site-packages (from jupyterlab<4.3,>=4.2.0->notebook>=4.4.1->widgetsnbextension~=3.6.5->ipywidgets>=7.0.0->qgridnext) (2.2.5)
2025-01-27T13:11:38.2276554Z Requirement already satisfied: setuptools>=40.1.0 in /home/runner/micromamba/envs/tardis/lib/python3.12/site-packages (from jupyterlab<4.3,>=4.2.0->notebook>=4.4.1->widgetsnbextension~=3.6.5->ipywidgets>=7.0.0->qgridnext) (70.0.0)
2025-01-27T13:11:38.2463725Z Requirement already satisfied: babel>=2.10 in /home/runner/micromamba/envs/tardis/lib/python3.12/site-packages (from jupyterlab-server<3,>=2.27.1->notebook>=4.4.1->widgetsnbextension~=3.6.5->ipywidgets>=7.0.0->qgridnext) (2.14.0)
2025-01-27T13:11:38.2489248Z Requirement already satisfied: json5>=0.9.0 in /home/runner/micromamba/envs/tardis/lib/python3.12/site-packages (from jupyterlab-server<3,>=2.27.1->notebook>=4.4.1->widgetsnbextension~=3.6.5->ipywidgets>=7.0.0->qgridnext) (0.9.25)
2025-01-27T13:11:38.2499952Z Requirement already satisfied: jsonschema>=4.18.0 in /home/runner/micromamba/envs/tardis/lib/python3.12/site-packages (from jupyterlab-server<3,>=2.27.1->notebook>=4.4.1->widgetsnbextension~=3.6.5->ipywidgets>=7.0.0->qgridnext) (4.22.0)
2025-01-27T13:11:38.2517449Z Requirement already satisfied: requests>=2.31 in /home/runner/micromamba/envs/tardis/lib/python3.12/site-packages (from jupyterlab-server<3,>=2.27.1->notebook>=4.4.1->widgetsnbextension~=3.6.5->ipywidgets>=7.0.0->qgridnext) (2.32.3)
2025-01-27T13:11:38.2865119Z Requirement already satisfied: idna>=2.8 in /home/runner/micromamba/envs/tardis/lib/python3.12/site-packages (from anyio>=3.1.0->jupyter-server<3,>=2.4.0->notebook>=4.4.1->widgetsnbextension~=3.6.5->ipywidgets>=7.0.0->qgridnext) (3.7)
2025-01-27T13:11:38.2873550Z Requirement already satisfied: sniffio>=1.1 in /home/runner/micromamba/envs/tardis/lib/python3.12/site-packages (from anyio>=3.1.0->jupyter-server<3,>=2.4.0->notebook>=4.4.1->widgetsnbextension~=3.6.5->ipywidgets>=7.0.0->qgridnext) (1.3.1)
2025-01-27T13:11:38.2963912Z Requirement already satisfied: argon2-cffi-bindings in /home/runner/micromamba/envs/tardis/lib/python3.12/site-packages (from argon2-cffi>=21.1->jupyter-server<3,>=2.4.0->notebook>=4.4.1->widgetsnbextension~=3.6.5->ipywidgets>=7.0.0->qgridnext) (21.2.0)
2025-01-27T13:11:38.3132739Z Requirement already satisfied: certifi in /home/runner/micromamba/envs/tardis/lib/python3.12/site-packages (from httpx>=0.25.0->jupyterlab<4.3,>=4.2.0->notebook>=4.4.1->widgetsnbextension~=3.6.5->ipywidgets>=7.0.0->qgridnext) (2024.6.2)
2025-01-27T13:11:38.3147220Z Requirement already satisfied: httpcore==1.* in /home/runner/micromamba/envs/tardis/lib/python3.12/site-packages (from httpx>=0.25.0->jupyterlab<4.3,>=4.2.0->notebook>=4.4.1->widgetsnbextension~=3.6.5->ipywidgets>=7.0.0->qgridnext) (1.0.5)
2025-01-27T13:11:38.3224810Z Requirement already satisfied: h11<0.15,>=0.13 in /home/runner/micromamba/envs/tardis/lib/python3.12/site-packages (from httpcore==1.*->httpx>=0.25.0->jupyterlab<4.3,>=4.2.0->notebook>=4.4.1->widgetsnbextension~=3.6.5->ipywidgets>=7.0.0->qgridnext) (0.14.0)
2025-01-27T13:11:38.3418975Z Requirement already satisfied: debugpy>=1.6.5 in /home/runner/micromamba/envs/tardis/lib/python3.12/site-packages (from ipykernel>=6.5.0->jupyterlab<4.3,>=4.2.0->notebook>=4.4.1->widgetsnbextension~=3.6.5->ipywidgets>=7.0.0->qgridnext) (1.8.1)
2025-01-27T13:11:38.3439570Z Requirement already satisfied: nest-asyncio in /home/runner/micromamba/envs/tardis/lib/python3.12/site-packages (from ipykernel>=6.5.0->jupyterlab<4.3,>=4.2.0->notebook>=4.4.1->widgetsnbextension~=3.6.5->ipywidgets>=7.0.0->qgridnext) (1.6.0)
2025-01-27T13:11:38.3453895Z Requirement already satisfied: psutil in /home/runner/micromamba/envs/tardis/lib/python3.12/site-packages (from ipykernel>=6.5.0->jupyterlab<4.3,>=4.2.0->notebook>=4.4.1->widgetsnbextension~=3.6.5->ipywidgets>=7.0.0->qgridnext) (5.9.8)
2025-01-27T13:11:38.3515359Z Requirement already satisfied: MarkupSafe>=2.0 in /home/runner/micromamba/envs/tardis/lib/python3.12/site-packages (from jinja2>=3.0.3->jupyter-server<3,>=2.4.0->notebook>=4.4.1->widgetsnbextension~=3.6.5->ipywidgets>=7.0.0->qgridnext) (2.1.5)
2025-01-27T13:11:38.3706781Z Requirement already satisfied: attrs>=22.2.0 in /home/runner/micromamba/envs/tardis/lib/python3.12/site-packages (from jsonschema>=4.18.0->jupyterlab-server<3,>=2.27.1->notebook>=4.4.1->widgetsnbextension~=3.6.5->ipywidgets>=7.0.0->qgridnext) (23.2.0)
2025-01-27T13:11:38.3717088Z Requirement already satisfied: jsonschema-specifications>=2023.03.6 in /home/runner/micromamba/envs/tardis/lib/python3.12/site-packages (from jsonschema>=4.18.0->jupyterlab-server<3,>=2.27.1->notebook>=4.4.1->widgetsnbextension~=3.6.5->ipywidgets>=7.0.0->qgridnext) (2023.12.1)
2025-01-27T13:11:38.3725508Z Requirement already satisfied: referencing>=0.28.4 in /home/runner/micromamba/envs/tardis/lib/python3.12/site-packages (from jsonschema>=4.18.0->jupyterlab-server<3,>=2.27.1->notebook>=4.4.1->widgetsnbextension~=3.6.5->ipywidgets>=7.0.0->qgridnext) (0.35.1)
2025-01-27T13:11:38.3734360Z Requirement already satisfied: rpds-py>=0.7.1 in /home/runner/micromamba/envs/tardis/lib/python3.12/site-packages (from jsonschema>=4.18.0->jupyterlab-server<3,>=2.27.1->notebook>=4.4.1->widgetsnbextension~=3.6.5->ipywidgets>=7.0.0->qgridnext) (0.18.1)
2025-01-27T13:11:38.3999389Z Requirement already satisfied: platformdirs>=2.5 in /home/runner/micromamba/envs/tardis/lib/python3.12/site-packages (from jupyter-core!=5.0.*,>=4.12->jupyter-server<3,>=2.4.0->notebook>=4.4.1->widgetsnbextension~=3.6.5->ipywidgets>=7.0.0->qgridnext) (4.2.2)
2025-01-27T13:11:38.4147771Z Requirement already satisfied: python-json-logger>=2.0.4 in /home/runner/micromamba/envs/tardis/lib/python3.12/site-packages (from jupyter-events>=0.9.0->jupyter-server<3,>=2.4.0->notebook>=4.4.1->widgetsnbextension~=3.6.5->ipywidgets>=7.0.0->qgridnext) (2.0.7)
2025-01-27T13:11:38.4156214Z Requirement already satisfied: pyyaml>=5.3 in /home/runner/micromamba/envs/tardis/lib/python3.12/site-packages (from jupyter-events>=0.9.0->jupyter-server<3,>=2.4.0->notebook>=4.4.1->widgetsnbextension~=3.6.5->ipywidgets>=7.0.0->qgridnext) (6.0.1)
2025-01-27T13:11:38.4166636Z Requirement already satisfied: rfc3339-validator in /home/runner/micromamba/envs/tardis/lib/python3.12/site-packages (from jupyter-events>=0.9.0->jupyter-server<3,>=2.4.0->notebook>=4.4.1->widgetsnbextension~=3.6.5->ipywidgets>=7.0.0->qgridnext) (0.1.4)
2025-01-27T13:11:38.4175133Z Requirement already satisfied: rfc3986-validator>=0.1.1 in /home/runner/micromamba/envs/tardis/lib/python3.12/site-packages (from jupyter-events>=0.9.0->jupyter-server<3,>=2.4.0->notebook>=4.4.1->widgetsnbextension~=3.6.5->ipywidgets>=7.0.0->qgridnext) (0.1.1)
2025-01-27T13:11:38.4596859Z Requirement already satisfied: beautifulsoup4 in /home/runner/micromamba/envs/tardis/lib/python3.12/site-packages (from nbconvert>=6.4.4->jupyter-server<3,>=2.4.0->notebook>=4.4.1->widgetsnbextension~=3.6.5->ipywidgets>=7.0.0->qgridnext) (4.12.3)
2025-01-27T13:11:38.4615890Z Requirement already satisfied: bleach!=5.0.0 in /home/runner/micromamba/envs/tardis/lib/python3.12/site-packages (from nbconvert>=6.4.4->jupyter-server<3,>=2.4.0->notebook>=4.4.1->widgetsnbextension~=3.6.5->ipywidgets>=7.0.0->qgridnext) (6.1.0)
2025-01-27T13:11:38.4629707Z Requirement already satisfied: defusedxml in /home/runner/micromamba/envs/tardis/lib/python3.12/site-packages (from nbconvert>=6.4.4->jupyter-server<3,>=2.4.0->notebook>=4.4.1->widgetsnbextension~=3.6.5->ipywidgets>=7.0.0->qgridnext) (0.7.1)
2025-01-27T13:11:38.4643829Z Requirement already satisfied: jupyterlab-pygments in /home/runner/micromamba/envs/tardis/lib/python3.12/site-packages (from nbconvert>=6.4.4->jupyter-server<3,>=2.4.0->notebook>=4.4.1->widgetsnbextension~=3.6.5->ipywidgets>=7.0.0->qgridnext) (0.3.0)
2025-01-27T13:11:38.4655207Z Requirement already satisfied: mistune<4,>=2.0.3 in /home/runner/micromamba/envs/tardis/lib/python3.12/site-packages (from nbconvert>=6.4.4->jupyter-server<3,>=2.4.0->notebook>=4.4.1->widgetsnbextension~=3.6.5->ipywidgets>=7.0.0->qgridnext) (3.0.2)
2025-01-27T13:11:38.4666902Z Requirement already satisfied: nbclient>=0.5.0 in /home/runner/micromamba/envs/tardis/lib/python3.12/site-packages (from nbconvert>=6.4.4->jupyter-server<3,>=2.4.0->notebook>=4.4.1->widgetsnbextension~=3.6.5->ipywidgets>=7.0.0->qgridnext) (0.10.0)
2025-01-27T13:11:38.4683257Z Requirement already satisfied: pandocfilters>=1.4.1 in /home/runner/micromamba/envs/tardis/lib/python3.12/site-packages (from nbconvert>=6.4.4->jupyter-server<3,>=2.4.0->notebook>=4.4.1->widgetsnbextension~=3.6.5->ipywidgets>=7.0.0->qgridnext) (1.5.0)
2025-01-27T13:11:38.4692894Z Requirement already satisfied: tinycss2 in /home/runner/micromamba/envs/tardis/lib/python3.12/site-packages (from nbconvert>=6.4.4->jupyter-server<3,>=2.4.0->notebook>=4.4.1->widgetsnbextension~=3.6.5->ipywidgets>=7.0.0->qgridnext) (1.3.0)
2025-01-27T13:11:38.4836069Z Requirement already satisfied: fastjsonschema>=2.15 in /home/runner/micromamba/envs/tardis/lib/python3.12/site-packages (from nbformat>=5.3.0->jupyter-server<3,>=2.4.0->notebook>=4.4.1->widgetsnbextension~=3.6.5->ipywidgets>=7.0.0->qgridnext) (2.20.0)
2025-01-27T13:11:38.5207376Z Requirement already satisfied: charset-normalizer<4,>=2 in /home/runner/micromamba/envs/tardis/lib/python3.12/site-packages (from requests>=2.31->jupyterlab-server<3,>=2.27.1->notebook>=4.4.1->widgetsnbextension~=3.6.5->ipywidgets>=7.0.0->qgridnext) (3.3.2)
2025-01-27T13:11:38.5221432Z Requirement already satisfied: urllib3<3,>=1.21.1 in /home/runner/micromamba/envs/tardis/lib/python3.12/site-packages (from requests>=2.31->jupyterlab-server<3,>=2.27.1->notebook>=4.4.1->widgetsnbextension~=3.6.5->ipywidgets>=7.0.0->qgridnext) (2.2.2)
2025-01-27T13:11:38.6015210Z Requirement already satisfied: webencodings in /home/runner/micromamba/envs/tardis/lib/python3.12/site-packages (from bleach!=5.0.0->nbconvert>=6.4.4->jupyter-server<3,>=2.4.0->notebook>=4.4.1->widgetsnbextension~=3.6.5->ipywidgets>=7.0.0->qgridnext) (0.5.1)
2025-01-27T13:11:38.6589711Z Requirement already satisfied: fqdn in /home/runner/micromamba/envs/tardis/lib/python3.12/site-packages (from jsonschema[format-nongpl]>=4.18.0->jupyter-events>=0.9.0->jupyter-server<3,>=2.4.0->notebook>=4.4.1->widgetsnbextension~=3.6.5->ipywidgets>=7.0.0->qgridnext) (1.5.1)
2025-01-27T13:11:38.6606356Z Requirement already satisfied: isoduration in /home/runner/micromamba/envs/tardis/lib/python3.12/site-packages (from jsonschema[format-nongpl]>=4.18.0->jupyter-events>=0.9.0->jupyter-server<3,>=2.4.0->notebook>=4.4.1->widgetsnbextension~=3.6.5->ipywidgets>=7.0.0->qgridnext) (20.11.0)
2025-01-27T13:11:38.6620051Z Requirement already satisfied: jsonpointer>1.13 in /home/runner/micromamba/envs/tardis/lib/python3.12/site-packages (from jsonschema[format-nongpl]>=4.18.0->jupyter-events>=0.9.0->jupyter-server<3,>=2.4.0->notebook>=4.4.1->widgetsnbextension~=3.6.5->ipywidgets>=7.0.0->qgridnext) (3.0.0)
2025-01-27T13:11:38.6636350Z Requirement already satisfied: uri-template in /home/runner/micromamba/envs/tardis/lib/python3.12/site-packages (from jsonschema[format-nongpl]>=4.18.0->jupyter-events>=0.9.0->jupyter-server<3,>=2.4.0->notebook>=4.4.1->widgetsnbextension~=3.6.5->ipywidgets>=7.0.0->qgridnext) (1.3.0)
2025-01-27T13:11:38.6650607Z Requirement already satisfied: webcolors>=1.11 in /home/runner/micromamba/envs/tardis/lib/python3.12/site-packages (from jsonschema[format-nongpl]>=4.18.0->jupyter-events>=0.9.0->jupyter-server<3,>=2.4.0->notebook>=4.4.1->widgetsnbextension~=3.6.5->ipywidgets>=7.0.0->qgridnext) (24.6.0)
2025-01-27T13:11:38.7646689Z Requirement already satisfied: cffi>=1.0.1 in /home/runner/micromamba/envs/tardis/lib/python3.12/site-packages (from argon2-cffi-bindings->argon2-cffi>=21.1->jupyter-server<3,>=2.4.0->notebook>=4.4.1->widgetsnbextension~=3.6.5->ipywidgets>=7.0.0->qgridnext) (1.16.0)
2025-01-27T13:11:38.7742744Z Requirement already satisfied: soupsieve>1.2 in /home/runner/micromamba/envs/tardis/lib/python3.12/site-packages (from beautifulsoup4->nbconvert>=6.4.4->jupyter-server<3,>=2.4.0->notebook>=4.4.1->widgetsnbextension~=3.6.5->ipywidgets>=7.0.0->qgridnext) (2.5)
2025-01-27T13:11:38.8264649Z Requirement already satisfied: pycparser in /home/runner/micromamba/envs/tardis/lib/python3.12/site-packages (from cffi>=1.0.1->argon2-cffi-bindings->argon2-cffi>=21.1->jupyter-server<3,>=2.4.0->notebook>=4.4.1->widgetsnbextension~=3.6.5->ipywidgets>=7.0.0->qgridnext) (2.22)
2025-01-27T13:11:38.8757122Z Requirement already satisfied: arrow>=0.15.0 in /home/runner/micromamba/envs/tardis/lib/python3.12/site-packages (from isoduration->jsonschema[format-nongpl]>=4.18.0->jupyter-events>=0.9.0->jupyter-server<3,>=2.4.0->notebook>=4.4.1->widgetsnbextension~=3.6.5->ipywidgets>=7.0.0->qgridnext) (1.3.0)
2025-01-27T13:11:38.9053688Z Requirement already satisfied: types-python-dateutil>=2.8.10 in /home/runner/micromamba/envs/tardis/lib/python3.12/site-packages (from arrow>=0.15.0->isoduration->jsonschema[format-nongpl]>=4.18.0->jupyter-events>=0.9.0->jupyter-server<3,>=2.4.0->notebook>=4.4.1->widgetsnbextension~=3.6.5->ipywidgets>=7.0.0->qgridnext) (2.9.0.20240316)
2025-01-27T13:11:38.9286222Z Downloading qgridnext-2.0.4-py3-none-any.whl (1.3 MB)
2025-01-27T13:11:38.9522655Z    â”â”â”â”â”â”â”â”â”â”â”â”â”â”â”â”â”â”â”â”â”â”â”â”â”â”â”â”â”â”â”â”â”â”â”â”â”â”â”â” 1.3/1.3 MB 63.4 MB/s eta 0:00:00
2025-01-27T13:11:39.7474261Z Installing collected packages: qgridnext
2025-01-27T13:11:39.8151908Z Successfully installed qgridnext-2.0.4
2025-01-27T13:11:39.9957018Z ##[group]Run pytest tardis --tardis-regression-data=/home/runner/work/tardis/tardis/tardis-regression-data --cov=tardis --cov-report=xml --cov-report=html --cov-append -m " continuum"
2025-01-27T13:11:39.9958542Z [36;1mpytest tardis --tardis-regression-data=/home/runner/work/tardis/tardis/tardis-regression-data --cov=tardis --cov-report=xml --cov-report=html --cov-append -m " continuum"[0m
2025-01-27T13:11:39.9986092Z shell: /usr/bin/bash -l {0}
2025-01-27T13:11:39.9986331Z env:
2025-01-27T13:11:39.9986505Z   CACHE_NUMBER: 0
2025-01-27T13:11:39.9987132Z   PYTEST_FLAGS: --tardis-regression-data=/home/runner/work/tardis/tardis/tardis-regression-data --cov=tardis --cov-report=xml --cov-report=html --cov-append
2025-01-27T13:11:39.9987796Z   CODECOV_TOKEN: 
2025-01-27T13:11:39.9988016Z   MAMBA_ROOT_PREFIX: /home/runner/micromamba
2025-01-27T13:11:39.9988538Z   MAMBA_EXE: /home/runner/micromamba-bin/micromamba
2025-01-27T13:11:39.9988915Z   CONDARC: /home/runner/work/_temp/setup-micromamba/.condarc
2025-01-27T13:11:39.9989226Z ##[endgroup]
2025-01-27T13:11:48.3721193Z ============================= test session starts ==============================
2025-01-27T13:11:48.3722040Z platform linux -- Python 3.12.4, pytest-8.2.2, pluggy-1.5.0
2025-01-27T13:11:48.3723015Z rootdir: /home/runner/work/tardis/tardis
2025-01-27T13:11:48.3723493Z configfile: pyproject.toml
2025-01-27T13:11:48.3724085Z plugins: anyio-4.4.0, doctestplus-1.2.1, html-4.1.1, metadata-3.1.1, cov-5.0.0
2025-01-27T13:11:48.3724770Z collected 1796 items / 1794 deselected / 2 selected
2025-01-27T13:11:48.3725130Z 
2025-01-27T13:13:37.4418693Z tardis/transport/montecarlo/estimators/tests/test_continuum_property_solver.py . [ 50%]
2025-01-27T13:13:37.4420174Z                                                                          [ 50%]
2025-01-27T13:14:10.0932639Z tardis/transport/montecarlo/tests/test_continuum.py .                    [100%]
2025-01-27T13:14:10.0933331Z 
2025-01-27T13:14:10.0933528Z =============================== warnings summary ===============================
2025-01-27T13:14:10.0933948Z tardis/io/configuration/config_validator.py:6
2025-01-27T13:14:10.0934331Z tardis/io/configuration/config_validator.py:6
2025-01-27T13:14:10.0934991Z   /home/runner/work/tardis/tardis/tardis/io/configuration/config_validator.py:6: DeprecationWarning:
2025-01-27T13:14:10.0935635Z   
2025-01-27T13:14:10.0937198Z   jsonschema.RefResolver is deprecated as of v4.18.0, in favor of the https://github.com/python-jsonschema/referencing library, which provides more compliant referencing behavior as well as more flexible APIs for customization. A future release will remove RefResolver. Please file a feature request (on referencing) if you are missing an API for the kind of customization you need.
2025-01-27T13:14:10.0938914Z 
2025-01-27T13:14:10.0939224Z ../../../micromamba/envs/tardis/lib/python3.12/site-packages/jupyter_client/connect.py:22
2025-01-27T13:14:10.0940399Z   /home/runner/micromamba/envs/tardis/lib/python3.12/site-packages/jupyter_client/connect.py:22: DeprecationWarning:
2025-01-27T13:14:10.0941089Z   
2025-01-27T13:14:10.0941374Z   Jupyter is migrating its paths to use standard platformdirs
2025-01-27T13:14:10.0941842Z   given by the platformdirs library.  To remove this warning and
2025-01-27T13:14:10.0942324Z   see the appropriate new directories, set the environment variable
2025-01-27T13:14:10.0942793Z   `JUPYTER_PLATFORM_DIRS=1` and then run `jupyter --paths`.
2025-01-27T13:14:10.0943244Z   The use of platformdirs will be the default in `jupyter_core` v6
2025-01-27T13:14:10.0943532Z 
2025-01-27T13:14:10.0949839Z tardis/transport/montecarlo/estimators/tests/test_continuum_property_solver.py::test_continuum_estimators
2025-01-27T13:14:10.0950671Z   /home/runner/work/tardis/tardis/tardis/transport/montecarlo/montecarlo_main_loop.py:123: NumbaTypeSafetyWarning:
2025-01-27T13:14:10.0951205Z   
2025-01-27T13:14:10.0951726Z   [1m[1m[1munsafe cast from uint64 to int64. Precision may be lost.[0m[0m[0m
2025-01-27T13:14:10.0952347Z 
2025-01-27T13:14:10.0952567Z -- Docs: https://docs.pytest.org/en/stable/how-to/capture-warnings.html
2025-01-27T13:14:10.0952849Z 
2025-01-27T13:14:10.0953020Z ---------- coverage: platform linux, python 3.12.4-final-0 -----------
2025-01-27T13:14:10.0953394Z Coverage HTML written to dir coverage_html_report
2025-01-27T13:14:10.0953711Z Coverage XML written to file coverage.xml
2025-01-27T13:14:10.0953888Z 
2025-01-27T13:14:10.0954055Z ========== 2 passed, 1794 deselected, 4 warnings in 143.29s (0:02:23) ==========
2025-01-27T13:14:11.2141732Z ##[group]Run mv .coverage .coverage.3
2025-01-27T13:14:11.2142062Z [36;1mmv .coverage .coverage.3[0m
2025-01-27T13:14:11.2169488Z shell: /usr/bin/bash -l {0}
2025-01-27T13:14:11.2169724Z env:
2025-01-27T13:14:11.2169897Z   CACHE_NUMBER: 0
2025-01-27T13:14:11.2170525Z   PYTEST_FLAGS: --tardis-regression-data=/home/runner/work/tardis/tardis/tardis-regression-data --cov=tardis --cov-report=xml --cov-report=html --cov-append
2025-01-27T13:14:11.2171177Z   CODECOV_TOKEN: 
2025-01-27T13:14:11.2171394Z   MAMBA_ROOT_PREFIX: /home/runner/micromamba
2025-01-27T13:14:11.2171697Z   MAMBA_EXE: /home/runner/micromamba-bin/micromamba
2025-01-27T13:14:11.2172045Z   CONDARC: /home/runner/work/_temp/setup-micromamba/.condarc
2025-01-27T13:14:11.2172535Z ##[endgroup]
2025-01-27T13:14:11.3321452Z ##[group]Run actions/upload-artifact@v4
2025-01-27T13:14:11.3321750Z with:
2025-01-27T13:14:11.3321976Z   name: coverage--continuum-ubuntu-latest
2025-01-27T13:14:11.3322256Z   include-hidden-files: true
2025-01-27T13:14:11.3322506Z   path: .coverage*
!.coveragerc

2025-01-27T13:14:11.3322747Z   if-no-files-found: warn
2025-01-27T13:14:11.3322972Z   compression-level: 6
2025-01-27T13:14:11.3323181Z   overwrite: false
2025-01-27T13:14:11.3323367Z env:
2025-01-27T13:14:11.3323528Z   CACHE_NUMBER: 0
2025-01-27T13:14:11.3324139Z   PYTEST_FLAGS: --tardis-regression-data=/home/runner/work/tardis/tardis/tardis-regression-data --cov=tardis --cov-report=xml --cov-report=html --cov-append
2025-01-27T13:14:11.3324782Z   CODECOV_TOKEN: 
2025-01-27T13:14:11.3325000Z   MAMBA_ROOT_PREFIX: /home/runner/micromamba
2025-01-27T13:14:11.3325299Z   MAMBA_EXE: /home/runner/micromamba-bin/micromamba
2025-01-27T13:14:11.3325651Z   CONDARC: /home/runner/work/_temp/setup-micromamba/.condarc
2025-01-27T13:14:11.3325996Z ##[endgroup]
2025-01-27T13:14:11.5576295Z With the provided path, there will be 1 file uploaded
2025-01-27T13:14:11.5582327Z Artifact name is valid!
2025-01-27T13:14:11.5583562Z Root directory input is valid!
2025-01-27T13:14:11.8482407Z Beginning upload of artifact content to blob storage
2025-01-27T13:14:12.2572948Z Uploaded bytes 18364
2025-01-27T13:14:12.3435833Z Finished uploading artifact content to blob storage!
2025-01-27T13:14:12.3439327Z SHA256 hash of uploaded artifact zip is b013175b65b7b1563b3363900786e1750de2ff950aaa97e91e8648c4f2b61944
2025-01-27T13:14:12.3441417Z Finalizing artifact upload
2025-01-27T13:14:12.4914191Z Artifact coverage--continuum-ubuntu-latest.zip successfully finalized. Artifact ID 2490563662
2025-01-27T13:14:12.4915556Z Artifact coverage--continuum-ubuntu-latest has been successfully uploaded! Final size is 18364 bytes. Artifact ID is 2490563662
2025-01-27T13:14:12.4922881Z Artifact download URL: https://github.com/tardis-sn/tardis/actions/runs/12989755274/artifacts/2490563662
2025-01-27T13:14:12.5045609Z Post job cleanup.
2025-01-27T13:14:12.5076279Z Post job cleanup.
2025-01-27T13:14:12.6404409Z Will use pre-installed micromamba at /home/runner/micromamba-bin/micromamba
2025-01-27T13:14:12.6411651Z Removing micromamba run shell ...
2025-01-27T13:14:12.6415571Z ##[group]Deinitialize micromamba for bash
2025-01-27T13:14:12.6434016Z [command]/home/runner/micromamba-bin/micromamba shell deinit -s bash -r /home/runner/micromamba --log-level warning --rc-file /home/runner/work/_temp/setup-micromamba/.condarc
2025-01-27T13:14:12.6531464Z Resetting RC file "/home/runner/.bashrc"
2025-01-27T13:14:12.6531959Z Deleting config for root prefix 
2025-01-27T13:14:12.6532417Z Clearing mamba executable environment variable
2025-01-27T13:14:12.6534764Z Removing the following in your "/home/runner/.bashrc" file
2025-01-27T13:14:12.6535312Z # >>> mamba initialize >>>
2025-01-27T13:14:12.6535649Z ...
2025-01-27T13:14:12.6535903Z # <<< mamba initialize <<<
2025-01-27T13:14:12.6564274Z Removing mamba initialize block from .bash_profile
2025-01-27T13:14:12.6579669Z ##[endgroup]
2025-01-27T13:14:12.6583840Z Removing environment tardis from auto-activate bash ...
2025-01-27T13:14:12.6710854Z Post job cleanup.
2025-01-27T13:14:12.6747619Z Post job cleanup.
2025-01-27T13:14:12.7740511Z [command]/usr/bin/git version
2025-01-27T13:14:12.7776447Z git version 2.48.1
2025-01-27T13:14:12.7827434Z Temporarily overriding HOME='/home/runner/work/_temp/38c352c5-d971-491c-b6bf-406fa15f5a67' before making global git config changes
2025-01-27T13:14:12.7828932Z Adding repository directory to the temporary git global config as a safe directory
2025-01-27T13:14:12.7832971Z [command]/usr/bin/git config --global --add safe.directory /home/runner/work/tardis/tardis/tardis-regression-data
2025-01-27T13:14:12.7866992Z [command]/usr/bin/git config --local --name-only --get-regexp core\.sshCommand
2025-01-27T13:14:12.7899353Z [command]/usr/bin/git submodule foreach --recursive sh -c "git config --local --name-only --get-regexp 'core\.sshCommand' && git config --local --unset-all 'core.sshCommand' || :"
2025-01-27T13:14:12.8128252Z [command]/usr/bin/git config --local --name-only --get-regexp http\.https\:\/\/github\.com\/\.extraheader
2025-01-27T13:14:12.8148035Z http.https://github.com/.extraheader
2025-01-27T13:14:12.8161456Z [command]/usr/bin/git config --local --unset-all http.https://github.com/.extraheader
2025-01-27T13:14:12.8192526Z [command]/usr/bin/git submodule foreach --recursive sh -c "git config --local --name-only --get-regexp 'http\.https\:\/\/github\.com\/\.extraheader' && git config --local --unset-all 'http.https://github.com/.extraheader' || :"
2025-01-27T13:14:12.8544094Z Post job cleanup.
2025-01-27T13:14:12.9479351Z [command]/usr/bin/git version
2025-01-27T13:14:12.9515981Z git version 2.48.1
2025-01-27T13:14:12.9568678Z Temporarily overriding HOME='/home/runner/work/_temp/f0a2bdf2-df54-47bf-8443-13b6ec1a4b18' before making global git config changes
2025-01-27T13:14:12.9570014Z Adding repository directory to the temporary git global config as a safe directory
2025-01-27T13:14:12.9573775Z [command]/usr/bin/git config --global --add safe.directory /home/runner/work/tardis/tardis
2025-01-27T13:14:12.9610864Z [command]/usr/bin/git config --local --name-only --get-regexp core\.sshCommand
2025-01-27T13:14:12.9650204Z [command]/usr/bin/git submodule foreach --recursive sh -c "git config --local --name-only --get-regexp 'core\.sshCommand' && git config --local --unset-all 'core.sshCommand' || :"
2025-01-27T13:14:12.9903729Z [command]/usr/bin/git config --local --name-only --get-regexp http\.https\:\/\/github\.com\/\.extraheader
2025-01-27T13:14:12.9924411Z http.https://github.com/.extraheader
2025-01-27T13:14:12.9936756Z [command]/usr/bin/git config --local --unset-all http.https://github.com/.extraheader
2025-01-27T13:14:12.9967238Z [command]/usr/bin/git submodule foreach --recursive sh -c "git config --local --name-only --get-regexp 'http\.https\:\/\/github\.com\/\.extraheader' && git config --local --unset-all 'http.https://github.com/.extraheader' || :"
2025-01-27T13:14:13.0289695Z Cleaning up orphan processes
