2025-01-08T15:36:25.2862237Z Prepare all required actions
2025-01-08T15:36:25.2862598Z Getting action download info
2025-01-08T15:36:25.3925858Z Download action repository 'mamba-org/setup-micromamba@v1' (SHA:4b9113af4fba0e9e1124b252dd6497a419e7396d)
2025-01-08T15:36:25.6344811Z ##[group]Run ./.github/actions/setup_env
2025-01-08T15:36:25.6345083Z with:
2025-01-08T15:36:25.6345273Z   os-label: linux-64
2025-01-08T15:36:25.6345461Z env:
2025-01-08T15:36:25.6345615Z   CACHE_NUMBER: 0
2025-01-08T15:36:25.6346234Z   PYTEST_FLAGS: --tardis-regression-data=/home/runner/work/tardis/tardis/tardis-regression-data --cov=tardis --cov-report=xml --cov-report=html --cov-append
2025-01-08T15:36:25.6346881Z   CODECOV_TOKEN: 
2025-01-08T15:36:25.6347065Z ##[endgroup]
2025-01-08T15:36:25.6367337Z ##[group]Run file_hash=$(cat conda-linux-64.lock | shasum -a 256 | cut -d' ' -f1)
2025-01-08T15:36:25.6367842Z [36;1mfile_hash=$(cat conda-linux-64.lock | shasum -a 256 | cut -d' ' -f1)[0m
2025-01-08T15:36:25.6368246Z [36;1mecho "file_hash=$file_hash" >> "${GITHUB_OUTPUT}"[0m
2025-01-08T15:36:25.6394203Z shell: /usr/bin/bash --noprofile --norc -e -o pipefail {0}
2025-01-08T15:36:25.6394540Z env:
2025-01-08T15:36:25.6394708Z   CACHE_NUMBER: 0
2025-01-08T15:36:25.6395318Z   PYTEST_FLAGS: --tardis-regression-data=/home/runner/work/tardis/tardis/tardis-regression-data --cov=tardis --cov-report=xml --cov-report=html --cov-append
2025-01-08T15:36:25.6395986Z   CODECOV_TOKEN: 
2025-01-08T15:36:25.6396170Z ##[endgroup]
2025-01-08T15:36:25.6700122Z ##[group]Run mamba-org/setup-micromamba@v1
2025-01-08T15:36:25.6700393Z with:
2025-01-08T15:36:25.6700590Z   environment-file: conda-linux-64.lock
2025-01-08T15:36:25.6701016Z   cache-environment-key: d7cd390425b0fd3cf82649dcc003efba9915fb4928f15d342148c3ccffcbe2ee
2025-01-08T15:36:25.6701587Z   cache-downloads-key: d7cd390425b0fd3cf82649dcc003efba9915fb4928f15d342148c3ccffcbe2ee
2025-01-08T15:36:25.6701991Z   environment-name: tardis
2025-01-08T15:36:25.6702214Z   cache-environment: true
2025-01-08T15:36:25.6702427Z   cache-downloads: true
2025-01-08T15:36:25.6702634Z env:
2025-01-08T15:36:25.6702796Z   CACHE_NUMBER: 0
2025-01-08T15:36:25.6703887Z   PYTEST_FLAGS: --tardis-regression-data=/home/runner/work/tardis/tardis/tardis-regression-data --cov=tardis --cov-report=xml --cov-report=html --cov-append
2025-01-08T15:36:25.6704561Z   CODECOV_TOKEN: 
2025-01-08T15:36:25.6704749Z ##[endgroup]
2025-01-08T15:36:25.8128896Z Will download micromamba to /home/runner/micromamba-bin/micromamba
2025-01-08T15:36:25.8138879Z ##[group]Install micromamba
2025-01-08T15:36:26.1107672Z micromamba installed to /home/runner/micromamba-bin/micromamba
2025-01-08T15:36:26.1108713Z ##[endgroup]
2025-01-08T15:36:26.1109324Z Adding conda-forge to condarc channels ...
2025-01-08T15:36:26.1120015Z ##[group]Initialize micromamba for bash.
2025-01-08T15:36:26.1136582Z [command]/home/runner/micromamba-bin/micromamba shell init -s bash -r /home/runner/micromamba --log-level warning --rc-file /home/runner/work/_temp/setup-micromamba/.condarc
2025-01-08T15:36:26.1248303Z Modifying RC file "/home/runner/.bashrc"
2025-01-08T15:36:26.1250134Z Generating config for root prefix [1m"/home/runner/micromamba"[0m
2025-01-08T15:36:26.1251119Z Setting mamba executable to: [1m"/home/runner/micromamba-bin/micromamba"[0m
2025-01-08T15:36:26.1251961Z Adding (or replacing) the following in your "/home/runner/.bashrc" file
2025-01-08T15:36:26.1252435Z 
2025-01-08T15:36:26.1252585Z # >>> mamba initialize >>>
2025-01-08T15:36:26.1253300Z # !! Contents within this block are managed by 'mamba init' !!
2025-01-08T15:36:26.1253976Z export MAMBA_EXE='/home/runner/micromamba-bin/micromamba';
2025-01-08T15:36:26.1254596Z export MAMBA_ROOT_PREFIX='/home/runner/micromamba';
2025-01-08T15:36:26.1255420Z __mamba_setup="$("$MAMBA_EXE" shell hook --shell bash --root-prefix "$MAMBA_ROOT_PREFIX" 2> /dev/null)"
2025-01-08T15:36:26.1256259Z if [ $? -eq 0 ]; then
2025-01-08T15:36:26.1256657Z     eval "$__mamba_setup"
2025-01-08T15:36:26.1257023Z else
2025-01-08T15:36:26.1257491Z     alias micromamba="$MAMBA_EXE"  # Fallback on help from mamba activate
2025-01-08T15:36:26.1258484Z fi
2025-01-08T15:36:26.1258786Z unset __mamba_setup
2025-01-08T15:36:26.1259145Z # <<< mamba initialize <<<
2025-01-08T15:36:26.1259406Z 
2025-01-08T15:36:26.1268375Z Moving mamba initialize block to .bash_profile
2025-01-08T15:36:26.1281957Z ##[endgroup]
2025-01-08T15:36:26.1283332Z ##[group]Restoring downloads from `/home/runner/micromamba/pkgs` ...
2025-01-08T15:36:27.2390077Z Received 335544320 of 356800233 (94.0%), 320.3 MBs/sec
2025-01-08T15:36:27.4204990Z Cache Size: ~340 MB (356800233 B)
2025-01-08T15:36:27.4245437Z [command]/usr/bin/tar -xf /home/runner/work/_temp/11b77431-b9ee-45b8-a2db-fae64cd7eab5/cache.tzst -P -C /home/runner/work/tardis/tardis --use-compress-program unzstd
2025-01-08T15:36:27.8866250Z Cache restored successfully
2025-01-08T15:36:27.9598947Z Restored cache with key `d7cd390425b0fd3cf82649dcc003efba9915fb4928f15d342148c3ccffcbe2ee-linux-64`
2025-01-08T15:36:27.9599749Z ##[endgroup]
2025-01-08T15:36:27.9611567Z ##[group]Restoring environment `tardis` from `/home/runner/micromamba/envs/tardis` ...
2025-01-08T15:36:28.2386133Z Received 356800233 of 356800233 (100.0%), 170.2 MBs/sec
2025-01-08T15:36:29.0411841Z Received 369098752 of 444592193 (83.0%), 350.9 MBs/sec
2025-01-08T15:36:29.1904751Z Cache Size: ~424 MB (444592193 B)
2025-01-08T15:36:29.1945226Z [command]/usr/bin/tar -xf /home/runner/work/_temp/090eb4d9-de9e-4648-aece-906241f02d03/cache.tzst -P -C /home/runner/work/tardis/tardis --use-compress-program unzstd
2025-01-08T15:36:30.0398024Z Received 444592193 of 444592193 (100.0%), 211.7 MBs/sec
2025-01-08T15:36:34.3342724Z Cache restored successfully
2025-01-08T15:36:34.4962820Z Restored cache with key `d7cd390425b0fd3cf82649dcc003efba9915fb4928f15d342148c3ccffcbe2ee-linux-64-tardis-args-4f53cda-root-dcc80ee-bin-[object Promise]-file-d7cd390425b0fd3cf82649dcc003efba9915fb4928f15d342148c3ccffcbe2ee`
2025-01-08T15:36:34.4964627Z ##[endgroup]
2025-01-08T15:36:34.4965059Z Adding environment tardis to auto-activate bash ...
2025-01-08T15:36:34.4977699Z Generating micromamba run shell.
2025-01-08T15:36:34.4987942Z ##[endgroup]
2025-01-08T15:36:34.4993415Z Set environment variables.
2025-01-08T15:36:34.4997310Z ##[group]micromamba info
2025-01-08T15:36:34.5000289Z [command]/home/runner/micromamba-bin/micromamba info -r /home/runner/micromamba -n tardis
2025-01-08T15:36:34.5228003Z 
2025-01-08T15:36:34.5228563Z        libmamba version : 1.5.10
2025-01-08T15:36:34.5229133Z      micromamba version : 1.5.10
2025-01-08T15:36:34.5229971Z            curl version : libcurl/8.10.1 OpenSSL/3.3.2 zlib/1.3.1 zstd/1.5.6 libssh2/1.11.0 nghttp2/1.58.0
2025-01-08T15:36:34.5231097Z      libarchive version : libarchive 3.7.4 zlib/1.2.13 bz2lib/1.0.8 libzstd/1.5.6
2025-01-08T15:36:34.5231901Z        envs directories : /home/runner/micromamba/envs
2025-01-08T15:36:34.5232460Z           package cache : /home/runner/micromamba/pkgs
2025-01-08T15:36:34.5232958Z                           /home/runner/.mamba/pkgs
2025-01-08T15:36:34.5233637Z             environment : tardis
2025-01-08T15:36:34.5234128Z            env location : /home/runner/micromamba/envs/tardis
2025-01-08T15:36:34.5234710Z       user config files : /home/runner/.mambarc
2025-01-08T15:36:34.5235415Z  populated config files : /home/runner/work/_temp/setup-micromamba/.condarc
2025-01-08T15:36:34.5236119Z        virtual packages : __unix=0=0
2025-01-08T15:36:34.5236576Z                           __linux=6.8.0=0
2025-01-08T15:36:34.5237029Z                           __glibc=2.39=0
2025-01-08T15:36:34.5237487Z                           __archspec=1=x86_64_v3
2025-01-08T15:36:34.5238121Z                channels : https://conda.anaconda.org/conda-forge/linux-64
2025-01-08T15:36:34.5238800Z                           https://conda.anaconda.org/conda-forge/noarch
2025-01-08T15:36:34.5239418Z        base environment : /home/runner/micromamba
2025-01-08T15:36:34.5239933Z                platform : linux-64
2025-01-08T15:36:34.5247476Z ##[endgroup]
2025-01-08T15:36:34.5248020Z ##[group]micromamba list
2025-01-08T15:36:34.5249420Z [command]/home/runner/micromamba-bin/micromamba list -r /home/runner/micromamba -n tardis
2025-01-08T15:36:34.9139584Z List of packages in environment: "/home/runner/micromamba/envs/tardis"
2025-01-08T15:36:34.9140154Z 
2025-01-08T15:36:34.9140399Z   Name                           Version              Build                    Channel    
2025-01-08T15:36:34.9141443Z â”€â”€â”€â”€â”€â”€â”€â”€â”€â”€â”€â”€â”€â”€â”€â”€â”€â”€â”€â”€â”€â”€â”€â”€â”€â”€â”€â”€â”€â”€â”€â”€â”€â”€â”€â”€â”€â”€â”€â”€â”€â”€â”€â”€â”€â”€â”€â”€â”€â”€â”€â”€â”€â”€â”€â”€â”€â”€â”€â”€â”€â”€â”€â”€â”€â”€â”€â”€â”€â”€â”€â”€â”€â”€â”€â”€â”€â”€â”€â”€â”€â”€â”€â”€â”€â”€â”€â”€â”€â”€â”€â”€
2025-01-08T15:36:34.9142107Z   _libgcc_mutex                  0.1                  conda_forge              conda-forge
2025-01-08T15:36:34.9142710Z   _openmp_mutex                  4.5                  2_gnu                    conda-forge
2025-01-08T15:36:34.9143483Z   alabaster                      0.7.16               pyhd8ed1ab_0             conda-forge
2025-01-08T15:36:34.9144030Z   anyio                          4.4.0                pyhd8ed1ab_0             conda-forge
2025-01-08T15:36:34.9144576Z   argon2-cffi                    23.1.0               pyhd8ed1ab_0             conda-forge
2025-01-08T15:36:34.9145301Z   argon2-cffi-bindings           21.2.0               py312h98912ed_4          conda-forge
2025-01-08T15:36:34.9145894Z   arrow                          1.3.0                pyhd8ed1ab_0             conda-forge
2025-01-08T15:36:34.9146422Z   astropy                        6.1.1                py312h085067d_0          conda-forge
2025-01-08T15:36:34.9147037Z   astropy-iers-data              0.2024.6.17.0.31.35  pyhd8ed1ab_0             conda-forge
2025-01-08T15:36:34.9147893Z   astropy-sphinx-theme           1.1                  pyhd8ed1ab_0             conda-forge
2025-01-08T15:36:34.9148569Z   asttokens                      2.4.1                pyhd8ed1ab_0             conda-forge
2025-01-08T15:36:34.9149224Z   async-lru                      2.0.4                pyhd8ed1ab_0             conda-forge
2025-01-08T15:36:34.9149781Z   atk-1.0                        2.38.0               h04ea711_2               conda-forge
2025-01-08T15:36:34.9150321Z   attrs                          23.2.0               pyh71513ae_0             conda-forge
2025-01-08T15:36:34.9151319Z   babel                          2.14.0               pyhd8ed1ab_0             conda-forge
2025-01-08T15:36:34.9151886Z   beautifulsoup4                 4.12.3               pyha770c72_0             conda-forge
2025-01-08T15:36:34.9152454Z   bleach                         6.1.0                pyhd8ed1ab_0             conda-forge
2025-01-08T15:36:34.9152832Z   blosc                          1.21.5               hc2324a3_1               conda-forge
2025-01-08T15:36:34.9153417Z   brotli                         1.1.0                hd590300_1               conda-forge
2025-01-08T15:36:34.9153784Z   brotli-bin                     1.1.0                hd590300_1               conda-forge
2025-01-08T15:36:34.9154237Z   brotli-python                  1.1.0                py312h30efb56_1          conda-forge
2025-01-08T15:36:34.9154622Z   bzip2                          1.0.8                hd590300_5               conda-forge
2025-01-08T15:36:34.9154978Z   c-ares                         1.28.1               hd590300_0               conda-forge
2025-01-08T15:36:34.9155328Z   c-blosc2                       2.14.4               hb4ffafa_1               conda-forge
2025-01-08T15:36:34.9155715Z   ca-certificates                2024.6.2             hbcca054_0               conda-forge
2025-01-08T15:36:34.9156138Z   cached-property                1.5.2                hd8ed1ab_1               conda-forge
2025-01-08T15:36:34.9156543Z   cached_property                1.5.2                pyha770c72_1             conda-forge
2025-01-08T15:36:34.9156911Z   cairo                          1.18.0               h3faef2a_0               conda-forge
2025-01-08T15:36:34.9157265Z   certifi                        2024.6.2             pyhd8ed1ab_0             conda-forge
2025-01-08T15:36:34.9157614Z   cffi                           1.16.0               py312hf06ca03_0          conda-forge
2025-01-08T15:36:34.9158176Z   charset-normalizer             3.3.2                pyhd8ed1ab_0             conda-forge
2025-01-08T15:36:34.9158564Z   click                          8.1.7                unix_pyh707e725_0        conda-forge
2025-01-08T15:36:34.9158914Z   codespell                      2.3.0                pyhd8ed1ab_0             conda-forge
2025-01-08T15:36:34.9159276Z   colorama                       0.4.6                pyhd8ed1ab_0             conda-forge
2025-01-08T15:36:34.9159617Z   comm                           0.2.2                pyhd8ed1ab_0             conda-forge
2025-01-08T15:36:34.9159956Z   commonmark                     0.9.1                py_0                     conda-forge
2025-01-08T15:36:34.9160320Z   contourpy                      1.2.1                py312h8572e83_0          conda-forge
2025-01-08T15:36:34.9160674Z   coverage                       7.5.3                py312h9a8786e_0          conda-forge
2025-01-08T15:36:34.9161024Z   cycler                         0.12.1               pyhd8ed1ab_0             conda-forge
2025-01-08T15:36:34.9161400Z   dataclasses                    0.8                  pyhc8e2a94_3             conda-forge
2025-01-08T15:36:34.9161760Z   debugpy                        1.8.1                py312h30efb56_0          conda-forge
2025-01-08T15:36:34.9162113Z   decorator                      5.1.1                pyhd8ed1ab_0             conda-forge
2025-01-08T15:36:34.9162481Z   defusedxml                     0.7.1                pyhd8ed1ab_0             conda-forge
2025-01-08T15:36:34.9162846Z   docutils                       0.20.1               py312h7900ff3_3          conda-forge
2025-01-08T15:36:34.9163383Z   dot2tex                        2.11.3               pyhd8ed1ab_0             conda-forge
2025-01-08T15:36:34.9163752Z   entrypoints                    0.4                  pyhd8ed1ab_0             conda-forge
2025-01-08T15:36:34.9164135Z   exceptiongroup                 1.2.0                pyhd8ed1ab_2             conda-forge
2025-01-08T15:36:34.9164521Z   executing                      2.0.1                pyhd8ed1ab_0             conda-forge
2025-01-08T15:36:34.9164998Z   expat                          2.6.2                h59595ed_0               conda-forge
2025-01-08T15:36:34.9165394Z   font-ttf-dejavu-sans-mono      2.37                 hab24e00_0               conda-forge
2025-01-08T15:36:34.9165841Z   font-ttf-inconsolata           3.000                h77eed37_0               conda-forge
2025-01-08T15:36:34.9166284Z   font-ttf-source-code-pro       2.038                h77eed37_0               conda-forge
2025-01-08T15:36:34.9166705Z   font-ttf-ubuntu                0.83                 h77eed37_2               conda-forge
2025-01-08T15:36:34.9167090Z   fontconfig                     2.14.2               h14ed4e7_0               conda-forge
2025-01-08T15:36:34.9167603Z   fonts-conda-ecosystem          1                    0                        conda-forge
2025-01-08T15:36:34.9168119Z   fonts-conda-forge              1                    0                        conda-forge
2025-01-08T15:36:34.9168562Z   fonttools                      4.53.0               py312h9a8786e_0          conda-forge
2025-01-08T15:36:34.9169152Z   fqdn                           1.5.1                pyhd8ed1ab_0             conda-forge
2025-01-08T15:36:34.9169603Z   freetype                       2.12.1               h267a509_2               conda-forge
2025-01-08T15:36:34.9170132Z   fribidi                        1.0.10               h36c2ea0_0               conda-forge
2025-01-08T15:36:34.9170590Z   future                         1.0.0                pyhd8ed1ab_0             conda-forge
2025-01-08T15:36:34.9171056Z   gdk-pixbuf                     2.42.12              hb9ae30d_0               conda-forge
2025-01-08T15:36:34.9171653Z   giflib                         5.2.2                hd590300_0               conda-forge
2025-01-08T15:36:34.9172170Z   git-lfs                        3.5.1                ha770c72_0               conda-forge
2025-01-08T15:36:34.9172762Z   gmp                            6.3.0                h59595ed_1               conda-forge
2025-01-08T15:36:34.9173388Z   gmpy2                          2.1.5                py312h1d5cde6_1          conda-forge
2025-01-08T15:36:34.9173844Z   graphite2                      1.3.13               h59595ed_1003            conda-forge
2025-01-08T15:36:34.9174378Z   graphviz                       11.0.0               hc68bbd7_0               conda-forge
2025-01-08T15:36:34.9241527Z   gtk2                           2.24.33              h280cfa0_4               conda-forge
2025-01-08T15:36:34.9242140Z   gts                            0.7.6                h977cf35_4               conda-forge
2025-01-08T15:36:34.9242685Z   h11                            0.14.0               pyhd8ed1ab_0             conda-forge
2025-01-08T15:36:34.9243540Z   h2                             4.1.0                pyhd8ed1ab_0             conda-forge
2025-01-08T15:36:34.9244071Z   h5py                           3.11.0               nompi_py312hb7ab980_102  conda-forge
2025-01-08T15:36:34.9244637Z   harfbuzz                       8.5.0                hfac3d4d_0               conda-forge
2025-01-08T15:36:34.9245230Z   hdf5                           1.14.3               nompi_hdf9ad27_105       conda-forge
2025-01-08T15:36:34.9245681Z   hpack                          4.0.0                pyh9f0ad1d_0             conda-forge
2025-01-08T15:36:34.9246060Z   httpcore                       1.0.5                pyhd8ed1ab_0             conda-forge
2025-01-08T15:36:34.9246431Z   httpx                          0.27.0               pyhd8ed1ab_0             conda-forge
2025-01-08T15:36:34.9246784Z   hyperframe                     6.0.1                pyhd8ed1ab_0             conda-forge
2025-01-08T15:36:34.9247125Z   icu                            73.2                 h59595ed_0               conda-forge
2025-01-08T15:36:34.9247439Z   idna                           3.7                  pyhd8ed1ab_0             conda-forge
2025-01-08T15:36:34.9247784Z   imagesize                      1.4.1                pyhd8ed1ab_0             conda-forge
2025-01-08T15:36:34.9248402Z   importlib-metadata             7.1.0                pyha770c72_0             conda-forge
2025-01-08T15:36:34.9248817Z   importlib_metadata             7.1.0                hd8ed1ab_0               conda-forge
2025-01-08T15:36:34.9249226Z   importlib_resources            6.4.0                pyhd8ed1ab_0             conda-forge
2025-01-08T15:36:34.9249608Z   iniconfig                      2.0.0                pyhd8ed1ab_0             conda-forge
2025-01-08T15:36:34.9249972Z   ipykernel                      6.29.4               pyh3099207_0             conda-forge
2025-01-08T15:36:34.9250328Z   ipython                        8.25.0               pyh707e725_0             conda-forge
2025-01-08T15:36:34.9250696Z   ipython_genutils               0.2.0                pyhd8ed1ab_1             conda-forge
2025-01-08T15:36:34.9251075Z   ipywidgets                     7.8.0                pyhd8ed1ab_0             conda-forge
2025-01-08T15:36:34.9251447Z   isoduration                    20.11.0              pyhd8ed1ab_0             conda-forge
2025-01-08T15:36:34.9251803Z   jedi                           0.19.1               pyhd8ed1ab_0             conda-forge
2025-01-08T15:36:34.9252147Z   jinja2                         3.1.4                pyhd8ed1ab_0             conda-forge
2025-01-08T15:36:34.9252497Z   json5                          0.9.25               pyhd8ed1ab_0             conda-forge
2025-01-08T15:36:34.9252848Z   jsonpointer                    3.0.0                py312h7900ff3_0          conda-forge
2025-01-08T15:36:34.9253422Z   jsonschema                     4.22.0               pyhd8ed1ab_0             conda-forge
2025-01-08T15:36:34.9253860Z   jsonschema-specifications      2023.12.1            pyhd8ed1ab_0             conda-forge
2025-01-08T15:36:34.9254350Z   jsonschema-with-format-nongpl  4.22.0               pyhd8ed1ab_0             conda-forge
2025-01-08T15:36:34.9254911Z   jupyter-lsp                    2.2.5                pyhd8ed1ab_0             conda-forge
2025-01-08T15:36:34.9255295Z   jupyter_client                 8.6.2                pyhd8ed1ab_0             conda-forge
2025-01-08T15:36:34.9255666Z   jupyter_core                   5.7.2                py312h7900ff3_0          conda-forge
2025-01-08T15:36:34.9256045Z   jupyter_events                 0.10.0               pyhd8ed1ab_0             conda-forge
2025-01-08T15:36:34.9256429Z   jupyter_server                 2.14.1               pyhd8ed1ab_0             conda-forge
2025-01-08T15:36:34.9256852Z   jupyter_server_terminals       0.5.3                pyhd8ed1ab_0             conda-forge
2025-01-08T15:36:34.9257265Z   jupyterlab                     4.2.2                pyhd8ed1ab_0             conda-forge
2025-01-08T15:36:34.9257655Z   jupyterlab_pygments            0.3.0                pyhd8ed1ab_1             conda-forge
2025-01-08T15:36:34.9258064Z   jupyterlab_server              2.27.2               pyhd8ed1ab_0             conda-forge
2025-01-08T15:36:34.9258471Z   jupyterlab_widgets             1.1.7                pyhd8ed1ab_0             conda-forge
2025-01-08T15:36:34.9258848Z   keyutils                       1.6.1                h166bdaf_0               conda-forge
2025-01-08T15:36:34.9259211Z   kiwisolver                     1.4.5                py312h8572e83_1          conda-forge
2025-01-08T15:36:34.9259550Z   krb5                           1.21.2               h659d440_0               conda-forge
2025-01-08T15:36:34.9259893Z   latexcodec                     2.0.1                pyh9f0ad1d_0             conda-forge
2025-01-08T15:36:34.9260242Z   lcms2                          2.16                 hb7c19ff_0               conda-forge
2025-01-08T15:36:34.9260588Z   ld_impl_linux-64               2.40                 hf3520f5_7               conda-forge
2025-01-08T15:36:34.9260934Z   lerc                           4.0.0                h27087fc_0               conda-forge
2025-01-08T15:36:34.9261261Z   libaec                         1.1.3                h59595ed_0               conda-forge
2025-01-08T15:36:34.9261718Z   libblas                        3.9.0                22_linux64_openblas      conda-forge
2025-01-08T15:36:34.9262090Z   libbrotlicommon                1.1.0                hd590300_1               conda-forge
2025-01-08T15:36:34.9262467Z   libbrotlidec                   1.1.0                hd590300_1               conda-forge
2025-01-08T15:36:34.9262833Z   libbrotlienc                   1.1.0                hd590300_1               conda-forge
2025-01-08T15:36:34.9263415Z   libcblas                       3.9.0                22_linux64_openblas      conda-forge
2025-01-08T15:36:34.9263764Z   libcurl                        8.8.0                hca28451_0               conda-forge
2025-01-08T15:36:34.9264108Z   libdeflate                     1.20                 hd590300_0               conda-forge
2025-01-08T15:36:34.9264463Z   libedit                        3.1.20191231         he28a2e2_2               conda-forge
2025-01-08T15:36:34.9264817Z   libev                          4.33                 hd590300_2               conda-forge
2025-01-08T15:36:34.9265160Z   libexpat                       2.6.2                h59595ed_0               conda-forge
2025-01-08T15:36:34.9265502Z   libffi                         3.4.2                h7f98852_5               conda-forge
2025-01-08T15:36:34.9265842Z   libgcc-ng                      13.2.0               h77fa898_10              conda-forge
2025-01-08T15:36:34.9266184Z   libgd                          2.3.3                h119a65a_9               conda-forge
2025-01-08T15:36:34.9266530Z   libgfortran-ng                 13.2.0               h69a702a_10              conda-forge
2025-01-08T15:36:34.9266900Z   libgfortran5                   13.2.0               h3d2ce59_10              conda-forge
2025-01-08T15:36:34.9267252Z   libglib                        2.80.2               h8a4344b_1               conda-forge
2025-01-08T15:36:34.9267590Z   libgomp                        13.2.0               h77fa898_10              conda-forge
2025-01-08T15:36:34.9268061Z   libiconv                       1.17                 hd590300_2               conda-forge
2025-01-08T15:36:34.9268416Z   libjpeg-turbo                  3.0.0                hd590300_1               conda-forge
2025-01-08T15:36:34.9268789Z   liblapack                      3.9.0                22_linux64_openblas      conda-forge
2025-01-08T15:36:34.9269148Z   libllvm14                      14.0.6               hcd5def8_4               conda-forge
2025-01-08T15:36:34.9269506Z   libnghttp2                     1.58.0               h47da74e_1               conda-forge
2025-01-08T15:36:34.9269852Z   libnsl                         2.0.1                hd590300_0               conda-forge
2025-01-08T15:36:34.9270221Z   libopenblas                    0.3.27               pthreads_h413a1c8_0      conda-forge
2025-01-08T15:36:34.9270582Z   libpng                         1.6.43               h2797004_0               conda-forge
2025-01-08T15:36:34.9270923Z   librsvg                        2.58.1               hadf69e7_0               conda-forge
2025-01-08T15:36:34.9271284Z   libsodium                      1.0.18               h36c2ea0_1               conda-forge
2025-01-08T15:36:34.9271635Z   libsqlite                      3.46.0               hde9e2c9_0               conda-forge
2025-01-08T15:36:34.9271976Z   libssh2                        1.11.0               h0841786_0               conda-forge
2025-01-08T15:36:34.9272362Z   libstdcxx-ng                   13.2.0               hc0a3c3a_10              conda-forge
2025-01-08T15:36:34.9272717Z   libtiff                        4.6.0                h1dd3fc0_3               conda-forge
2025-01-08T15:36:34.9273207Z   libuuid                        2.38.1               h0b41bf4_0               conda-forge
2025-01-08T15:36:34.9273567Z   libwebp                        1.4.0                h2c329e2_0               conda-forge
2025-01-08T15:36:34.9273920Z   libwebp-base                   1.4.0                hd590300_0               conda-forge
2025-01-08T15:36:34.9274415Z   libxcb                         1.15                 h0b41bf4_0               conda-forge
2025-01-08T15:36:34.9274759Z   libxcrypt                      4.4.36               hd590300_1               conda-forge
2025-01-08T15:36:34.9275105Z   libxml2                        2.12.7               hc051c1a_1               conda-forge
2025-01-08T15:36:34.9275441Z   libxslt                        1.1.39               h76b75d6_0               conda-forge
2025-01-08T15:36:34.9275778Z   libzlib                        1.3.1                h4ab18f5_1               conda-forge
2025-01-08T15:36:34.9276125Z   llvmlite                       0.42.0               py312hb06c811_1          conda-forge
2025-01-08T15:36:34.9276470Z   lxml                           5.2.2                py312hb90d8a5_0          conda-forge
2025-01-08T15:36:34.9276792Z   lz4-c                          1.9.4                hcb278e6_0               conda-forge
2025-01-08T15:36:34.9277110Z   lzo                            2.10                 hd590300_1001            conda-forge
2025-01-08T15:36:34.9277453Z   markupsafe                     2.1.5                py312h98912ed_0          conda-forge
2025-01-08T15:36:34.9277840Z   matplotlib-base                3.8.4                py312h20ab3a6_2          conda-forge
2025-01-08T15:36:34.9278240Z   matplotlib-inline              0.1.7                pyhd8ed1ab_0             conda-forge
2025-01-08T15:36:34.9278614Z   mistune                        3.0.2                pyhd8ed1ab_0             conda-forge
2025-01-08T15:36:34.9278943Z   mpc                            1.3.1                hfe3b2da_0               conda-forge
2025-01-08T15:36:34.9279253Z   mpfr                           4.2.1                h9458935_1               conda-forge
2025-01-08T15:36:34.9279573Z   mpmath                         1.3.0                pyhd8ed1ab_0             conda-forge
2025-01-08T15:36:34.9279911Z   munkres                        1.1.4                pyh9f0ad1d_0             conda-forge
2025-01-08T15:36:34.9280395Z   mypy_extensions                1.0.0                pyha770c72_0             conda-forge
2025-01-08T15:36:34.9280758Z   nbclassic                      1.1.0                pyhd8ed1ab_0             conda-forge
2025-01-08T15:36:34.9281117Z   nbclient                       0.10.0               pyhd8ed1ab_0             conda-forge
2025-01-08T15:36:34.9281468Z   nbconvert                      7.16.4               hd8ed1ab_1               conda-forge
2025-01-08T15:36:34.9281838Z   nbconvert-core                 7.16.4               pyhd8ed1ab_1             conda-forge
2025-01-08T15:36:34.9282235Z   nbconvert-pandoc               7.16.4               hd8ed1ab_1               conda-forge
2025-01-08T15:36:34.9282618Z   nbformat                       5.10.4               pyhd8ed1ab_0             conda-forge
2025-01-08T15:36:34.9282961Z   nbsphinx                       0.9.4                pyhd8ed1ab_0             conda-forge
2025-01-08T15:36:34.9283468Z   ncurses                        6.5                  h59595ed_0               conda-forge
2025-01-08T15:36:34.9283836Z   nest-asyncio                   1.6.0                pyhd8ed1ab_0             conda-forge
2025-01-08T15:36:34.9284198Z   networkx                       3.3                  pyhd8ed1ab_1             conda-forge
2025-01-08T15:36:34.9284531Z   nomkl                          1.0                  h5ca1d4c_0               conda-forge
2025-01-08T15:36:34.9284895Z   notebook                       7.2.1                pyhd8ed1ab_0             conda-forge
2025-01-08T15:36:34.9285556Z   notebook-shim                  0.2.4                pyhd8ed1ab_0             conda-forge
2025-01-08T15:36:34.9286180Z   numba                          0.59.1               py312hacefee8_0          conda-forge
2025-01-08T15:36:34.9286762Z   numexpr                        2.10.0               py312hf412c99_100        conda-forge
2025-01-08T15:36:34.9287248Z   numpy                          1.26.4               py312heda63a1_0          conda-forge
2025-01-08T15:36:34.9287596Z   numpydoc                       1.7.0                pyhd8ed1ab_1             conda-forge
2025-01-08T15:36:34.9288088Z   openjpeg                       2.5.2                h488ebb8_0               conda-forge
2025-01-08T15:36:34.9288429Z   openssl                        3.3.1                h4ab18f5_0               conda-forge
2025-01-08T15:36:34.9288774Z   overrides                      7.7.0                pyhd8ed1ab_0             conda-forge
2025-01-08T15:36:34.9289134Z   packaging                      24.1                 pyhd8ed1ab_0             conda-forge
2025-01-08T15:36:34.9289482Z   pandas                         2.2.2                py312h1d6d2e6_1          conda-forge
2025-01-08T15:36:34.9289848Z   pandoc                         3.2                  ha770c72_0               conda-forge
2025-01-08T15:36:34.9290211Z   pandocfilters                  1.5.0                pyhd8ed1ab_0             conda-forge
2025-01-08T15:36:34.9290570Z   pango                          1.54.0               h84a9a3c_0               conda-forge
2025-01-08T15:36:34.9290906Z   parso                          0.8.4                pyhd8ed1ab_0             conda-forge
2025-01-08T15:36:34.9291253Z   pathspec                       0.12.1               pyhd8ed1ab_0             conda-forge
2025-01-08T15:36:34.9291592Z   pbr                            6.0.0                pyhd8ed1ab_0             conda-forge
2025-01-08T15:36:34.9291914Z   pcre2                          10.44                h0f59acf_0               conda-forge
2025-01-08T15:36:34.9292258Z   pexpect                        4.9.0                pyhd8ed1ab_0             conda-forge
2025-01-08T15:36:34.9292618Z   pickleshare                    0.7.5                py_1003                  conda-forge
2025-01-08T15:36:34.9292975Z   pillow                         10.3.0               py312hdcec9eb_0          conda-forge
2025-01-08T15:36:34.9293486Z   pip                            24.0                 pyhd8ed1ab_0             conda-forge
2025-01-08T15:36:34.9293968Z   pixman                         0.43.2               h59595ed_0               conda-forge
2025-01-08T15:36:34.9294365Z   pkgutil-resolve-name           1.3.10               pyhd8ed1ab_1             conda-forge
2025-01-08T15:36:34.9294776Z   platformdirs                   4.2.2                pyhd8ed1ab_0             conda-forge
2025-01-08T15:36:34.9295138Z   plotly                         5.22.0               pyhd8ed1ab_0             conda-forge
2025-01-08T15:36:34.9295476Z   pluggy                         1.5.0                pyhd8ed1ab_0             conda-forge
2025-01-08T15:36:34.9295849Z   prometheus_client              0.20.0               pyhd8ed1ab_0             conda-forge
2025-01-08T15:36:34.9296251Z   prompt-toolkit                 3.0.47               pyha770c72_0             conda-forge
2025-01-08T15:36:34.9296616Z   psutil                         5.9.8                py312h98912ed_0          conda-forge
2025-01-08T15:36:34.9296980Z   pthread-stubs                  0.4                  h36c2ea0_1001            conda-forge
2025-01-08T15:36:34.9297358Z   ptyprocess                     0.7.0                pyhd3deb0d_0             conda-forge
2025-01-08T15:36:34.9297717Z   pure_eval                      0.2.2                pyhd8ed1ab_0             conda-forge
2025-01-08T15:36:34.9298073Z   py-cpuinfo                     9.0.0                pyhd8ed1ab_0             conda-forge
2025-01-08T15:36:34.9298426Z   pybtex                         0.24.0               pyhd8ed1ab_2             conda-forge
2025-01-08T15:36:34.9298804Z   pybtex-docutils                1.0.3                py312h7900ff3_1          conda-forge
2025-01-08T15:36:34.9299182Z   pycparser                      2.22                 pyhd8ed1ab_0             conda-forge
2025-01-08T15:36:34.9299533Z   pyerfa                         2.0.1.4              py312h085067d_1          conda-forge
2025-01-08T15:36:34.9299885Z   pygments                       2.18.0               pyhd8ed1ab_0             conda-forge
2025-01-08T15:36:34.9300256Z   pygraphviz                     1.13                 py312h4a1d8a7_1          conda-forge
2025-01-08T15:36:34.9300744Z   pyparsing                      3.1.2                pyhd8ed1ab_0             conda-forge
2025-01-08T15:36:34.9301102Z   pysocks                        1.7.1                pyha2e5f31_6             conda-forge
2025-01-08T15:36:34.9301459Z   pytables                       3.9.2                py312h96d95ec_2          conda-forge
2025-01-08T15:36:34.9301813Z   pytest                         8.2.2                pyhd8ed1ab_0             conda-forge
2025-01-08T15:36:34.9302164Z   pytest-cov                     5.0.0                pyhd8ed1ab_0             conda-forge
2025-01-08T15:36:34.9302562Z   pytest-doctestplus             1.2.1                pyhd8ed1ab_0             conda-forge
2025-01-08T15:36:34.9302960Z   pytest-html                    4.1.1                pyhd8ed1ab_0             conda-forge
2025-01-08T15:36:34.9303571Z   pytest-metadata                3.1.1                pyhd8ed1ab_0             conda-forge
2025-01-08T15:36:34.9303977Z   python                         3.12.4               h194c7f8_0_cpython       conda-forge
2025-01-08T15:36:34.9304363Z   python-dateutil                2.9.0                pyhd8ed1ab_0             conda-forge
2025-01-08T15:36:34.9304789Z   python-fastjsonschema          2.20.0               pyhd8ed1ab_0             conda-forge
2025-01-08T15:36:34.9305220Z   python-json-logger             2.0.7                pyhd8ed1ab_0             conda-forge
2025-01-08T15:36:34.9305627Z   python-tzdata                  2024.1               pyhd8ed1ab_0             conda-forge
2025-01-08T15:36:34.9306002Z   python_abi                     3.12                 4_cp312                  conda-forge
2025-01-08T15:36:34.9306348Z   pytz                           2024.1               pyhd8ed1ab_0             conda-forge
2025-01-08T15:36:34.9306695Z   pyyaml                         6.0.1                py312h98912ed_1          conda-forge
2025-01-08T15:36:34.9307208Z   pyzmq                          26.0.3               py312h8fd38d8_0          conda-forge
2025-01-08T15:36:34.9307546Z   qgrid                          1.3.1                pyhd8ed1ab_4             conda-forge
2025-01-08T15:36:34.9307921Z   radioactivedecay               0.5.1                pyhd8ed1ab_0             conda-forge
2025-01-08T15:36:34.9308325Z   readline                       8.2                  h8228510_1               conda-forge
2025-01-08T15:36:34.9308699Z   recommonmark                   0.7.1                pyhd8ed1ab_0             conda-forge
2025-01-08T15:36:34.9309080Z   referencing                    0.35.1               pyhd8ed1ab_0             conda-forge
2025-01-08T15:36:34.9309445Z   requests                       2.32.3               pyhd8ed1ab_0             conda-forge
2025-01-08T15:36:34.9309834Z   rfc3339-validator              0.1.4                pyhd8ed1ab_0             conda-forge
2025-01-08T15:36:34.9310241Z   rfc3986-validator              0.1.1                pyh9f0ad1d_0             conda-forge
2025-01-08T15:36:34.9310635Z   rpds-py                        0.18.1               py312h4413252_0          conda-forge
2025-01-08T15:36:34.9310968Z   ruff                           0.4.9                py312h5715c7c_0          conda-forge
2025-01-08T15:36:34.9311297Z   scipy                          1.13.1               py312hc2bc53b_0          conda-forge
2025-01-08T15:36:34.9311650Z   send2trash                     1.8.3                pyh0d859eb_0             conda-forge
2025-01-08T15:36:34.9312018Z   setuptools                     70.0.0               pyhd8ed1ab_0             conda-forge
2025-01-08T15:36:34.9312396Z   setuptools-scm                 8.1.0                pyhd8ed1ab_0             conda-forge
2025-01-08T15:36:34.9312779Z   setuptools_scm                 8.1.0                hd8ed1ab_0               conda-forge
2025-01-08T15:36:34.9313360Z   six                            1.16.0               pyh6c4a22f_0             conda-forge
2025-01-08T15:36:34.9313722Z   snakeviz                       2.2.0                pyhd8ed1ab_0             conda-forge
2025-01-08T15:36:34.9314201Z   snappy                         1.2.0                hdb0a2a9_1               conda-forge
2025-01-08T15:36:34.9314547Z   sniffio                        1.3.1                pyhd8ed1ab_0             conda-forge
2025-01-08T15:36:34.9314931Z   snowballstemmer                2.2.0                pyhd8ed1ab_0             conda-forge
2025-01-08T15:36:34.9315313Z   soupsieve                      2.5                  pyhd8ed1ab_1             conda-forge
2025-01-08T15:36:34.9315666Z   sphinx                         7.3.7                pyhd8ed1ab_0             conda-forge
2025-01-08T15:36:34.9316038Z   sphinx-astropy                 1.9.1                pyhd8ed1ab_0             conda-forge
2025-01-08T15:36:34.9316448Z   sphinx-automodapi              0.17.0               pyh717bed2_1             conda-forge
2025-01-08T15:36:34.9316856Z   sphinx-gallery                 0.16.0               pyhd8ed1ab_0             conda-forge
2025-01-08T15:36:34.9317275Z   sphinx-jsonschema              1.19.1               pyhd8ed1ab_0             conda-forge
2025-01-08T15:36:34.9317699Z   sphinx_bootstrap_theme         0.8.1                pyhd8ed1ab_0             conda-forge
2025-01-08T15:36:34.9318110Z   sphinx_rtd_theme               2.0.0                pyha770c72_0             conda-forge
2025-01-08T15:36:34.9318519Z   sphinxcontrib-apidoc           0.3.0                py_1                     conda-forge
2025-01-08T15:36:34.9318967Z   sphinxcontrib-applehelp        1.0.8                pyhd8ed1ab_0             conda-forge
2025-01-08T15:36:34.9319416Z   sphinxcontrib-bibtex           2.6.2                pyhd8ed1ab_0             conda-forge
2025-01-08T15:36:34.9319848Z   sphinxcontrib-devhelp          1.0.6                pyhd8ed1ab_0             conda-forge
2025-01-08T15:36:34.9320293Z   sphinxcontrib-htmlhelp         2.0.5                pyhd8ed1ab_0             conda-forge
2025-01-08T15:36:34.9320854Z   sphinxcontrib-jquery           4.1                  pyhd8ed1ab_0             conda-forge
2025-01-08T15:36:34.9321287Z   sphinxcontrib-jsmath           1.0.1                pyhd8ed1ab_0             conda-forge
2025-01-08T15:36:34.9321725Z   sphinxcontrib-qthelp           1.0.7                pyhd8ed1ab_0             conda-forge
2025-01-08T15:36:34.9322198Z   sphinxcontrib-serializinghtml  1.1.10               pyhd8ed1ab_0             conda-forge
2025-01-08T15:36:34.9322635Z   stack_data                     0.6.2                pyhd8ed1ab_0             conda-forge
2025-01-08T15:36:34.9322996Z   sympy                          1.12.1               pypyh2585a3b_103         conda-forge
2025-01-08T15:36:34.9323531Z   tabulate                       0.9.0                pyhd8ed1ab_1             conda-forge
2025-01-08T15:36:34.9323891Z   tenacity                       8.4.1                pyhd8ed1ab_0             conda-forge
2025-01-08T15:36:34.9324247Z   terminado                      0.18.1               pyh0d859eb_0             conda-forge
2025-01-08T15:36:34.9324612Z   tinycss2                       1.3.0                pyhd8ed1ab_0             conda-forge
2025-01-08T15:36:34.9324942Z   tk                             8.6.13               noxft_h4845f30_101       conda-forge
2025-01-08T15:36:34.9325260Z   toml                           0.10.2               pyhd8ed1ab_0             conda-forge
2025-01-08T15:36:34.9325592Z   tomli                          2.0.1                pyhd8ed1ab_0             conda-forge
2025-01-08T15:36:34.9325938Z   tornado                        6.4.1                py312h9a8786e_0          conda-forge
2025-01-08T15:36:34.9326281Z   tqdm                           4.66.4               pyhd8ed1ab_0             conda-forge
2025-01-08T15:36:34.9326626Z   traitlets                      5.14.3               pyhd8ed1ab_0             conda-forge
2025-01-08T15:36:34.9326989Z   typed-ast                      1.5.5                py312h98912ed_1          conda-forge
2025-01-08T15:36:34.9327406Z   types-python-dateutil          2.9.0.20240316       pyhd8ed1ab_0             conda-forge
2025-01-08T15:36:34.9327980Z   typing-extensions              4.12.2               hd8ed1ab_0               conda-forge
2025-01-08T15:36:34.9328393Z   typing_extensions              4.12.2               pyha770c72_0             conda-forge
2025-01-08T15:36:34.9328779Z   typing_utils                   0.1.0                pyhd8ed1ab_0             conda-forge
2025-01-08T15:36:34.9329139Z   tzdata                         2024a                h0c530f3_0               conda-forge
2025-01-08T15:36:34.9329500Z   uri-template                   1.3.0                pyhd8ed1ab_0             conda-forge
2025-01-08T15:36:34.9329863Z   urllib3                        2.2.2                pyhd8ed1ab_0             conda-forge
2025-01-08T15:36:34.9330210Z   wcwidth                        0.2.13               pyhd8ed1ab_0             conda-forge
2025-01-08T15:36:34.9330566Z   webcolors                      24.6.0               pyhd8ed1ab_0             conda-forge
2025-01-08T15:36:34.9330949Z   webencodings                   0.5.1                pyhd8ed1ab_2             conda-forge
2025-01-08T15:36:34.9331349Z   websocket-client               1.8.0                pyhd8ed1ab_0             conda-forge
2025-01-08T15:36:34.9331721Z   wheel                          0.43.0               pyhd8ed1ab_1             conda-forge
2025-01-08T15:36:34.9332103Z   widgetsnbextension             3.6.6                pyhd8ed1ab_0             conda-forge
2025-01-08T15:36:34.9332499Z   xorg-kbproto                   1.0.7                h7f98852_1002            conda-forge
2025-01-08T15:36:34.9332868Z   xorg-libice                    1.1.1                hd590300_0               conda-forge
2025-01-08T15:36:34.9333335Z   xorg-libsm                     1.2.4                h7391055_0               conda-forge
2025-01-08T15:36:34.9333695Z   xorg-libx11                    1.8.9                h8ee46fc_0               conda-forge
2025-01-08T15:36:34.9334176Z   xorg-libxau                    1.0.11               hd590300_0               conda-forge
2025-01-08T15:36:34.9334558Z   xorg-libxdmcp                  1.1.3                h7f98852_0               conda-forge
2025-01-08T15:36:34.9334931Z   xorg-libxext                   1.3.4                h0b41bf4_2               conda-forge
2025-01-08T15:36:34.9335314Z   xorg-libxrender                0.9.11               hd590300_0               conda-forge
2025-01-08T15:36:34.9335712Z   xorg-renderproto               0.11.1               h7f98852_1002            conda-forge
2025-01-08T15:36:34.9336110Z   xorg-xextproto                 7.3.0                h0b41bf4_1003            conda-forge
2025-01-08T15:36:34.9336487Z   xorg-xproto                    7.0.31               h7f98852_1007            conda-forge
2025-01-08T15:36:34.9336831Z   xz                             5.2.6                h166bdaf_0               conda-forge
2025-01-08T15:36:34.9337142Z   yaml                           0.2.5                h7f98852_2               conda-forge
2025-01-08T15:36:34.9337469Z   zeromq                         4.3.5                h75354e8_4               conda-forge
2025-01-08T15:36:34.9337803Z   zipp                           3.19.2               pyhd8ed1ab_0             conda-forge
2025-01-08T15:36:34.9338129Z   zlib                           1.3.1                h4ab18f5_1               conda-forge
2025-01-08T15:36:34.9338459Z   zlib-ng                        2.0.7                h0b41bf4_0               conda-forge
2025-01-08T15:36:34.9338786Z   zstd                           1.5.6                ha6fb4c9_0               conda-forge
2025-01-08T15:36:34.9339321Z ##[endgroup]
