2025-01-08T22:47:58.1689152Z Prepare all required actions
2025-01-08T22:47:58.1690688Z Getting action download info
2025-01-08T22:47:58.2634237Z Download action repository 'mamba-org/setup-micromamba@v1' (SHA:4b9113af4fba0e9e1124b252dd6497a419e7396d)
2025-01-08T22:47:58.5169891Z ##[group]Run ./.github/actions/setup_env
2025-01-08T22:47:58.5170265Z with:
2025-01-08T22:47:58.5170490Z   os-label: linux-64
2025-01-08T22:47:58.5170943Z env:
2025-01-08T22:47:58.5171148Z   CACHE_NUMBER: 0
2025-01-08T22:47:58.5171836Z   PYTEST_FLAGS: --tardis-regression-data=/home/runner/work/tardis/tardis/tardis-regression-data --cov=tardis --cov-report=xml --cov-report=html --cov-append
2025-01-08T22:47:58.5172801Z   CODECOV_TOKEN: ***
2025-01-08T22:47:58.5173053Z ##[endgroup]
2025-01-08T22:47:58.5269411Z ##[group]Run file_hash=$(cat conda-linux-64.lock | shasum -a 256 | cut -d' ' -f1)
2025-01-08T22:47:58.5270081Z [36;1mfile_hash=$(cat conda-linux-64.lock | shasum -a 256 | cut -d' ' -f1)[0m
2025-01-08T22:47:58.5270560Z [36;1mecho "file_hash=$file_hash" >> "${GITHUB_OUTPUT}"[0m
2025-01-08T22:47:58.5301632Z shell: /usr/bin/bash --noprofile --norc -e -o pipefail {0}
2025-01-08T22:47:58.5302054Z env:
2025-01-08T22:47:58.5302289Z   CACHE_NUMBER: 0
2025-01-08T22:47:58.5302975Z   PYTEST_FLAGS: --tardis-regression-data=/home/runner/work/tardis/tardis/tardis-regression-data --cov=tardis --cov-report=xml --cov-report=html --cov-append
2025-01-08T22:47:58.5303830Z   CODECOV_TOKEN: ***
2025-01-08T22:47:58.5304067Z ##[endgroup]
2025-01-08T22:47:58.5653288Z ##[group]Run mamba-org/setup-micromamba@v1
2025-01-08T22:47:58.5653658Z with:
2025-01-08T22:47:58.5653899Z   environment-file: conda-linux-64.lock
2025-01-08T22:47:58.5654398Z   cache-environment-key: d7cd390425b0fd3cf82649dcc003efba9915fb4928f15d342148c3ccffcbe2ee
2025-01-08T22:47:58.5655029Z   cache-downloads-key: d7cd390425b0fd3cf82649dcc003efba9915fb4928f15d342148c3ccffcbe2ee
2025-01-08T22:47:58.5655485Z   environment-name: tardis
2025-01-08T22:47:58.5655747Z   cache-environment: true
2025-01-08T22:47:58.5656009Z   cache-downloads: true
2025-01-08T22:47:58.5656267Z env:
2025-01-08T22:47:58.5656469Z   CACHE_NUMBER: 0
2025-01-08T22:47:58.5657131Z   PYTEST_FLAGS: --tardis-regression-data=/home/runner/work/tardis/tardis/tardis-regression-data --cov=tardis --cov-report=xml --cov-report=html --cov-append
2025-01-08T22:47:58.5657952Z   CODECOV_TOKEN: ***
2025-01-08T22:47:58.5658205Z ##[endgroup]
2025-01-08T22:47:58.7028815Z Will download micromamba to /home/runner/micromamba-bin/micromamba
2025-01-08T22:47:58.7037501Z ##[group]Install micromamba
2025-01-08T22:47:58.9158118Z micromamba installed to /home/runner/micromamba-bin/micromamba
2025-01-08T22:47:58.9159546Z ##[endgroup]
2025-01-08T22:47:58.9160370Z Adding conda-forge to condarc channels ...
2025-01-08T22:47:58.9170169Z ##[group]Initialize micromamba for bash.
2025-01-08T22:47:58.9187112Z [command]/home/runner/micromamba-bin/micromamba shell init -s bash -r /home/runner/micromamba --log-level warning --rc-file /home/runner/work/_temp/setup-micromamba/.condarc
2025-01-08T22:47:58.9293910Z Modifying RC file "/home/runner/.bashrc"
2025-01-08T22:47:58.9295053Z Generating config for root prefix [1m"/home/runner/micromamba"[0m
2025-01-08T22:47:58.9296035Z Setting mamba executable to: [1m"/home/runner/micromamba-bin/micromamba"[0m
2025-01-08T22:47:58.9296652Z Adding (or replacing) the following in your "/home/runner/.bashrc" file
2025-01-08T22:47:58.9296990Z 
2025-01-08T22:47:58.9297104Z # >>> mamba initialize >>>
2025-01-08T22:47:58.9297445Z # !! Contents within this block are managed by 'mamba init' !!
2025-01-08T22:47:58.9297869Z export MAMBA_EXE='/home/runner/micromamba-bin/micromamba';
2025-01-08T22:47:58.9298272Z export MAMBA_ROOT_PREFIX='/home/runner/micromamba';
2025-01-08T22:47:58.9299044Z __mamba_setup="$("$MAMBA_EXE" shell hook --shell bash --root-prefix "$MAMBA_ROOT_PREFIX" 2> /dev/null)"
2025-01-08T22:47:58.9299517Z if [ $? -eq 0 ]; then
2025-01-08T22:47:58.9299762Z     eval "$__mamba_setup"
2025-01-08T22:47:58.9300023Z else
2025-01-08T22:47:58.9300334Z     alias micromamba="$MAMBA_EXE"  # Fallback on help from mamba activate
2025-01-08T22:47:58.9301403Z fi
2025-01-08T22:47:58.9301822Z unset __mamba_setup
2025-01-08T22:47:58.9302297Z # <<< mamba initialize <<<
2025-01-08T22:47:58.9302628Z 
2025-01-08T22:47:58.9312343Z Moving mamba initialize block to .bash_profile
2025-01-08T22:47:58.9323413Z ##[endgroup]
2025-01-08T22:47:58.9325180Z ##[group]Restoring downloads from `/home/runner/micromamba/pkgs` ...
2025-01-08T22:48:00.0678117Z Received 335544320 of 356800233 (94.0%), 320.0 MBs/sec
2025-01-08T22:48:00.1081797Z Cache Size: ~340 MB (356800233 B)
2025-01-08T22:48:00.1121926Z [command]/usr/bin/tar -xf /home/runner/work/_temp/557d1805-da8f-4d3d-9d8b-2cbd52c5969f/cache.tzst -P -C /home/runner/work/tardis/tardis --use-compress-program unzstd
2025-01-08T22:48:00.5749248Z Cache restored successfully
2025-01-08T22:48:00.6466746Z Restored cache with key `d7cd390425b0fd3cf82649dcc003efba9915fb4928f15d342148c3ccffcbe2ee-linux-64`
2025-01-08T22:48:00.6469662Z ##[endgroup]
2025-01-08T22:48:00.6481894Z ##[group]Restoring environment `tardis` from `/home/runner/micromamba/envs/tardis` ...
2025-01-08T22:48:01.0674853Z Received 356800233 of 356800233 (100.0%), 170.1 MBs/sec
2025-01-08T22:48:01.7452904Z Received 339738624 of 444592193 (76.4%), 323.4 MBs/sec
2025-01-08T22:48:02.0037202Z Cache Size: ~424 MB (444592193 B)
2025-01-08T22:48:02.0186704Z [command]/usr/bin/tar -xf /home/runner/work/_temp/f3420299-d167-4697-9057-60b29730cb22/cache.tzst -P -C /home/runner/work/tardis/tardis --use-compress-program unzstd
2025-01-08T22:48:02.7463044Z Received 444592193 of 444592193 (100.0%), 211.6 MBs/sec
2025-01-08T22:48:07.3717716Z Cache restored successfully
2025-01-08T22:48:07.7292261Z Restored cache with key `d7cd390425b0fd3cf82649dcc003efba9915fb4928f15d342148c3ccffcbe2ee-linux-64-tardis-args-4f53cda-root-dcc80ee-bin-[object Promise]-file-d7cd390425b0fd3cf82649dcc003efba9915fb4928f15d342148c3ccffcbe2ee`
2025-01-08T22:48:07.7293981Z ##[endgroup]
2025-01-08T22:48:07.7294384Z Adding environment tardis to auto-activate bash ...
2025-01-08T22:48:07.7307060Z Generating micromamba run shell.
2025-01-08T22:48:07.7318891Z ##[endgroup]
2025-01-08T22:48:07.7325363Z Set environment variables.
2025-01-08T22:48:07.7330047Z ##[group]micromamba info
2025-01-08T22:48:07.7333549Z [command]/home/runner/micromamba-bin/micromamba info -r /home/runner/micromamba -n tardis
2025-01-08T22:48:07.7567265Z 
2025-01-08T22:48:07.7568076Z        libmamba version : 1.5.10
2025-01-08T22:48:07.7568969Z      micromamba version : 1.5.10
2025-01-08T22:48:07.7570040Z            curl version : libcurl/8.10.1 OpenSSL/3.3.2 zlib/1.3.1 zstd/1.5.6 libssh2/1.11.0 nghttp2/1.58.0
2025-01-08T22:48:07.7570908Z      libarchive version : libarchive 3.7.4 zlib/1.2.13 bz2lib/1.0.8 libzstd/1.5.6
2025-01-08T22:48:07.7571576Z        envs directories : /home/runner/micromamba/envs
2025-01-08T22:48:07.7572109Z           package cache : /home/runner/micromamba/pkgs
2025-01-08T22:48:07.7572594Z                           /home/runner/.mamba/pkgs
2025-01-08T22:48:07.7573029Z             environment : tardis
2025-01-08T22:48:07.7573486Z            env location : /home/runner/micromamba/envs/tardis
2025-01-08T22:48:07.7573997Z       user config files : /home/runner/.mambarc
2025-01-08T22:48:07.7574615Z  populated config files : /home/runner/work/_temp/setup-micromamba/.condarc
2025-01-08T22:48:07.7575223Z        virtual packages : __unix=0=0
2025-01-08T22:48:07.7575657Z                           __linux=6.8.0=0
2025-01-08T22:48:07.7576060Z                           __glibc=2.39=0
2025-01-08T22:48:07.7576472Z                           __archspec=1=x86_64_v3
2025-01-08T22:48:07.7577041Z                channels : https://conda.anaconda.org/conda-forge/linux-64
2025-01-08T22:48:07.7577656Z                           https://conda.anaconda.org/conda-forge/noarch
2025-01-08T22:48:07.7578176Z        base environment : /home/runner/micromamba
2025-01-08T22:48:07.7578826Z                platform : linux-64
2025-01-08T22:48:07.7586105Z ##[endgroup]
2025-01-08T22:48:07.7586660Z ##[group]micromamba list
2025-01-08T22:48:07.7588871Z [command]/home/runner/micromamba-bin/micromamba list -r /home/runner/micromamba -n tardis
2025-01-08T22:48:08.1465117Z List of packages in environment: "/home/runner/micromamba/envs/tardis"
2025-01-08T22:48:08.1465829Z 
2025-01-08T22:48:08.1466130Z   Name                           Version              Build                    Channel    
2025-01-08T22:48:08.1467409Z â”€â”€â”€â”€â”€â”€â”€â”€â”€â”€â”€â”€â”€â”€â”€â”€â”€â”€â”€â”€â”€â”€â”€â”€â”€â”€â”€â”€â”€â”€â”€â”€â”€â”€â”€â”€â”€â”€â”€â”€â”€â”€â”€â”€â”€â”€â”€â”€â”€â”€â”€â”€â”€â”€â”€â”€â”€â”€â”€â”€â”€â”€â”€â”€â”€â”€â”€â”€â”€â”€â”€â”€â”€â”€â”€â”€â”€â”€â”€â”€â”€â”€â”€â”€â”€â”€â”€â”€â”€â”€â”€â”€
2025-01-08T22:48:08.1467879Z   _libgcc_mutex                  0.1                  conda_forge              conda-forge
2025-01-08T22:48:08.1468289Z   _openmp_mutex                  4.5                  2_gnu                    conda-forge
2025-01-08T22:48:08.1468978Z   alabaster                      0.7.16               pyhd8ed1ab_0             conda-forge
2025-01-08T22:48:08.1469360Z   anyio                          4.4.0                pyhd8ed1ab_0             conda-forge
2025-01-08T22:48:08.1469757Z   argon2-cffi                    23.1.0               pyhd8ed1ab_0             conda-forge
2025-01-08T22:48:08.1470202Z   argon2-cffi-bindings           21.2.0               py312h98912ed_4          conda-forge
2025-01-08T22:48:08.1470615Z   arrow                          1.3.0                pyhd8ed1ab_0             conda-forge
2025-01-08T22:48:08.1470994Z   astropy                        6.1.1                py312h085067d_0          conda-forge
2025-01-08T22:48:08.1471414Z   astropy-iers-data              0.2024.6.17.0.31.35  pyhd8ed1ab_0             conda-forge
2025-01-08T22:48:08.1471868Z   astropy-sphinx-theme           1.1                  pyhd8ed1ab_0             conda-forge
2025-01-08T22:48:08.1472284Z   asttokens                      2.4.1                pyhd8ed1ab_0             conda-forge
2025-01-08T22:48:08.1472663Z   async-lru                      2.0.4                pyhd8ed1ab_0             conda-forge
2025-01-08T22:48:08.1473022Z   atk-1.0                        2.38.0               h04ea711_2               conda-forge
2025-01-08T22:48:08.1473375Z   attrs                          23.2.0               pyh71513ae_0             conda-forge
2025-01-08T22:48:08.1473724Z   babel                          2.14.0               pyhd8ed1ab_0             conda-forge
2025-01-08T22:48:08.1474109Z   beautifulsoup4                 4.12.3               pyha770c72_0             conda-forge
2025-01-08T22:48:08.1474504Z   bleach                         6.1.0                pyhd8ed1ab_0             conda-forge
2025-01-08T22:48:08.1474869Z   blosc                          1.21.5               hc2324a3_1               conda-forge
2025-01-08T22:48:08.1475220Z   brotli                         1.1.0                hd590300_1               conda-forge
2025-01-08T22:48:08.1475583Z   brotli-bin                     1.1.0                hd590300_1               conda-forge
2025-01-08T22:48:08.1475971Z   brotli-python                  1.1.0                py312h30efb56_1          conda-forge
2025-01-08T22:48:08.1476349Z   bzip2                          1.0.8                hd590300_5               conda-forge
2025-01-08T22:48:08.1477120Z   c-ares                         1.28.1               hd590300_0               conda-forge
2025-01-08T22:48:08.1477754Z   c-blosc2                       2.14.4               hb4ffafa_1               conda-forge
2025-01-08T22:48:08.1478333Z   ca-certificates                2024.6.2             hbcca054_0               conda-forge
2025-01-08T22:48:08.1479033Z   cached-property                1.5.2                hd8ed1ab_1               conda-forge
2025-01-08T22:48:08.1479457Z   cached_property                1.5.2                pyha770c72_1             conda-forge
2025-01-08T22:48:08.1479851Z   cairo                          1.18.0               h3faef2a_0               conda-forge
2025-01-08T22:48:08.1480237Z   certifi                        2024.6.2             pyhd8ed1ab_0             conda-forge
2025-01-08T22:48:08.1480588Z   cffi                           1.16.0               py312hf06ca03_0          conda-forge
2025-01-08T22:48:08.1481173Z   charset-normalizer             3.3.2                pyhd8ed1ab_0             conda-forge
2025-01-08T22:48:08.1481543Z   click                          8.1.7                unix_pyh707e725_0        conda-forge
2025-01-08T22:48:08.1481886Z   codespell                      2.3.0                pyhd8ed1ab_0             conda-forge
2025-01-08T22:48:08.1482347Z   colorama                       0.4.6                pyhd8ed1ab_0             conda-forge
2025-01-08T22:48:08.1482671Z   comm                           0.2.2                pyhd8ed1ab_0             conda-forge
2025-01-08T22:48:08.1482999Z   commonmark                     0.9.1                py_0                     conda-forge
2025-01-08T22:48:08.1483339Z   contourpy                      1.2.1                py312h8572e83_0          conda-forge
2025-01-08T22:48:08.1483691Z   coverage                       7.5.3                py312h9a8786e_0          conda-forge
2025-01-08T22:48:08.1484035Z   cycler                         0.12.1               pyhd8ed1ab_0             conda-forge
2025-01-08T22:48:08.1484393Z   dataclasses                    0.8                  pyhc8e2a94_3             conda-forge
2025-01-08T22:48:08.1484735Z   debugpy                        1.8.1                py312h30efb56_0          conda-forge
2025-01-08T22:48:08.1485076Z   decorator                      5.1.1                pyhd8ed1ab_0             conda-forge
2025-01-08T22:48:08.1485435Z   defusedxml                     0.7.1                pyhd8ed1ab_0             conda-forge
2025-01-08T22:48:08.1485787Z   docutils                       0.20.1               py312h7900ff3_3          conda-forge
2025-01-08T22:48:08.1486138Z   dot2tex                        2.11.3               pyhd8ed1ab_0             conda-forge
2025-01-08T22:48:08.1486491Z   entrypoints                    0.4                  pyhd8ed1ab_0             conda-forge
2025-01-08T22:48:08.1486865Z   exceptiongroup                 1.2.0                pyhd8ed1ab_2             conda-forge
2025-01-08T22:48:08.1487238Z   executing                      2.0.1                pyhd8ed1ab_0             conda-forge
2025-01-08T22:48:08.1487570Z   expat                          2.6.2                h59595ed_0               conda-forge
2025-01-08T22:48:08.1487953Z   font-ttf-dejavu-sans-mono      2.37                 hab24e00_0               conda-forge
2025-01-08T22:48:08.1488531Z   font-ttf-inconsolata           3.000                h77eed37_0               conda-forge
2025-01-08T22:48:08.1488982Z   font-ttf-source-code-pro       2.038                h77eed37_0               conda-forge
2025-01-08T22:48:08.1489388Z   font-ttf-ubuntu                0.83                 h77eed37_2               conda-forge
2025-01-08T22:48:08.1489754Z   fontconfig                     2.14.2               h14ed4e7_0               conda-forge
2025-01-08T22:48:08.1490133Z   fonts-conda-ecosystem          1                    0                        conda-forge
2025-01-08T22:48:08.1490522Z   fonts-conda-forge              1                    0                        conda-forge
2025-01-08T22:48:08.1490892Z   fonttools                      4.53.0               py312h9a8786e_0          conda-forge
2025-01-08T22:48:08.1491226Z   fqdn                           1.5.1                pyhd8ed1ab_0             conda-forge
2025-01-08T22:48:08.1491550Z   freetype                       2.12.1               h267a509_2               conda-forge
2025-01-08T22:48:08.1491889Z   fribidi                        1.0.10               h36c2ea0_0               conda-forge
2025-01-08T22:48:08.1492219Z   future                         1.0.0                pyhd8ed1ab_0             conda-forge
2025-01-08T22:48:08.1492561Z   gdk-pixbuf                     2.42.12              hb9ae30d_0               conda-forge
2025-01-08T22:48:08.1492929Z   giflib                         5.2.2                hd590300_0               conda-forge
2025-01-08T22:48:08.1493319Z   git-lfs                        3.5.1                ha770c72_0               conda-forge
2025-01-08T22:48:08.1493760Z   gmp                            6.3.0                h59595ed_1               conda-forge
2025-01-08T22:48:08.1494076Z   gmpy2                          2.1.5                py312h1d5cde6_1          conda-forge
2025-01-08T22:48:08.1494416Z   graphite2                      1.3.13               h59595ed_1003            conda-forge
2025-01-08T22:48:08.1494863Z   graphviz                       11.0.0               hc68bbd7_0               conda-forge
2025-01-08T22:48:08.1495196Z   gtk2                           2.24.33              h280cfa0_4               conda-forge
2025-01-08T22:48:08.1495506Z   gts                            0.7.6                h977cf35_4               conda-forge
2025-01-08T22:48:08.1495809Z   h11                            0.14.0               pyhd8ed1ab_0             conda-forge
2025-01-08T22:48:08.1496116Z   h2                             4.1.0                pyhd8ed1ab_0             conda-forge
2025-01-08T22:48:08.1496434Z   h5py                           3.11.0               nompi_py312hb7ab980_102  conda-forge
2025-01-08T22:48:08.1496773Z   harfbuzz                       8.5.0                hfac3d4d_0               conda-forge
2025-01-08T22:48:08.1497106Z   hdf5                           1.14.3               nompi_hdf9ad27_105       conda-forge
2025-01-08T22:48:08.1497426Z   hpack                          4.0.0                pyh9f0ad1d_0             conda-forge
2025-01-08T22:48:08.1497766Z   httpcore                       1.0.5                pyhd8ed1ab_0             conda-forge
2025-01-08T22:48:08.1498646Z   httpx                          0.27.0               pyhd8ed1ab_0             conda-forge
2025-01-08T22:48:08.1499310Z   hyperframe                     6.0.1                pyhd8ed1ab_0             conda-forge
2025-01-08T22:48:08.1499923Z   icu                            73.2                 h59595ed_0               conda-forge
2025-01-08T22:48:08.1500429Z   idna                           3.7                  pyhd8ed1ab_0             conda-forge
2025-01-08T22:48:08.1500776Z   imagesize                      1.4.1                pyhd8ed1ab_0             conda-forge
2025-01-08T22:48:08.1501152Z   importlib-metadata             7.1.0                pyha770c72_0             conda-forge
2025-01-08T22:48:08.1501547Z   importlib_metadata             7.1.0                hd8ed1ab_0               conda-forge
2025-01-08T22:48:08.1502040Z   importlib_resources            6.4.0                pyhd8ed1ab_0             conda-forge
2025-01-08T22:48:08.1502706Z   iniconfig                      2.0.0                pyhd8ed1ab_0             conda-forge
2025-01-08T22:48:08.1503217Z   ipykernel                      6.29.4               pyh3099207_0             conda-forge
2025-01-08T22:48:08.1503557Z   ipython                        8.25.0               pyh707e725_0             conda-forge
2025-01-08T22:48:08.1503909Z   ipython_genutils               0.2.0                pyhd8ed1ab_1             conda-forge
2025-01-08T22:48:08.1504278Z   ipywidgets                     7.8.0                pyhd8ed1ab_0             conda-forge
2025-01-08T22:48:08.1504914Z   isoduration                    20.11.0              pyhd8ed1ab_0             conda-forge
2025-01-08T22:48:08.1505313Z   jedi                           0.19.1               pyhd8ed1ab_0             conda-forge
2025-01-08T22:48:08.1505862Z   jinja2                         3.1.4                pyhd8ed1ab_0             conda-forge
2025-01-08T22:48:08.1506378Z   json5                          0.9.25               pyhd8ed1ab_0             conda-forge
2025-01-08T22:48:08.1506814Z   jsonpointer                    3.0.0                py312h7900ff3_0          conda-forge
2025-01-08T22:48:08.1507184Z   jsonschema                     4.22.0               pyhd8ed1ab_0             conda-forge
2025-01-08T22:48:08.1507812Z   jsonschema-specifications      2023.12.1            pyhd8ed1ab_0             conda-forge
2025-01-08T22:48:08.1508832Z   jsonschema-with-format-nongpl  4.22.0               pyhd8ed1ab_0             conda-forge
2025-01-08T22:48:08.1509850Z   jupyter-lsp                    2.2.5                pyhd8ed1ab_0             conda-forge
2025-01-08T22:48:08.1510518Z   jupyter_client                 8.6.2                pyhd8ed1ab_0             conda-forge
2025-01-08T22:48:08.1511193Z   jupyter_core                   5.7.2                py312h7900ff3_0          conda-forge
2025-01-08T22:48:08.1511769Z   jupyter_events                 0.10.0               pyhd8ed1ab_0             conda-forge
2025-01-08T22:48:08.1512143Z   jupyter_server                 2.14.1               pyhd8ed1ab_0             conda-forge
2025-01-08T22:48:08.1512538Z   jupyter_server_terminals       0.5.3                pyhd8ed1ab_0             conda-forge
2025-01-08T22:48:08.1512927Z   jupyterlab                     4.2.2                pyhd8ed1ab_0             conda-forge
2025-01-08T22:48:08.1513308Z   jupyterlab_pygments            0.3.0                pyhd8ed1ab_1             conda-forge
2025-01-08T22:48:08.1513702Z   jupyterlab_server              2.27.2               pyhd8ed1ab_0             conda-forge
2025-01-08T22:48:08.1514102Z   jupyterlab_widgets             1.1.7                pyhd8ed1ab_0             conda-forge
2025-01-08T22:48:08.1514479Z   keyutils                       1.6.1                h166bdaf_0               conda-forge
2025-01-08T22:48:08.1514832Z   kiwisolver                     1.4.5                py312h8572e83_1          conda-forge
2025-01-08T22:48:08.1515171Z   krb5                           1.21.2               h659d440_0               conda-forge
2025-01-08T22:48:08.1515501Z   latexcodec                     2.0.1                pyh9f0ad1d_0             conda-forge
2025-01-08T22:48:08.1515838Z   lcms2                          2.16                 hb7c19ff_0               conda-forge
2025-01-08T22:48:08.1516175Z   ld_impl_linux-64               2.40                 hf3520f5_7               conda-forge
2025-01-08T22:48:08.1516505Z   lerc                           4.0.0                h27087fc_0               conda-forge
2025-01-08T22:48:08.1516833Z   libaec                         1.1.3                h59595ed_0               conda-forge
2025-01-08T22:48:08.1517168Z   libblas                        3.9.0                22_linux64_openblas      conda-forge
2025-01-08T22:48:08.1517537Z   libbrotlicommon                1.1.0                hd590300_1               conda-forge
2025-01-08T22:48:08.1517910Z   libbrotlidec                   1.1.0                hd590300_1               conda-forge
2025-01-08T22:48:08.1518264Z   libbrotlienc                   1.1.0                hd590300_1               conda-forge
2025-01-08T22:48:08.1518854Z   libcblas                       3.9.0                22_linux64_openblas      conda-forge
2025-01-08T22:48:08.1519360Z   libcurl                        8.8.0                hca28451_0               conda-forge
2025-01-08T22:48:08.1519943Z   libdeflate                     1.20                 hd590300_0               conda-forge
2025-01-08T22:48:08.1520547Z   libedit                        3.1.20191231         he28a2e2_2               conda-forge
2025-01-08T22:48:08.1521135Z   libev                          4.33                 hd590300_2               conda-forge
2025-01-08T22:48:08.1521697Z   libexpat                       2.6.2                h59595ed_0               conda-forge
2025-01-08T22:48:08.1522263Z   libffi                         3.4.2                h7f98852_5               conda-forge
2025-01-08T22:48:08.1522833Z   libgcc-ng                      13.2.0               h77fa898_10              conda-forge
2025-01-08T22:48:08.1523392Z   libgd                          2.3.3                h119a65a_9               conda-forge
2025-01-08T22:48:08.1523987Z   libgfortran-ng                 13.2.0               h69a702a_10              conda-forge
2025-01-08T22:48:08.1524690Z   libgfortran5                   13.2.0               h3d2ce59_10              conda-forge
2025-01-08T22:48:08.1525289Z   libglib                        2.80.2               h8a4344b_1               conda-forge
2025-01-08T22:48:08.1526028Z   libgomp                        13.2.0               h77fa898_10              conda-forge
2025-01-08T22:48:08.1526597Z   libiconv                       1.17                 hd590300_2               conda-forge
2025-01-08T22:48:08.1527201Z   libjpeg-turbo                  3.0.0                hd590300_1               conda-forge
2025-01-08T22:48:08.1527964Z   liblapack                      3.9.0                22_linux64_openblas      conda-forge
2025-01-08T22:48:08.1528719Z   libllvm14                      14.0.6               hcd5def8_4               conda-forge
2025-01-08T22:48:08.1529327Z   libnghttp2                     1.58.0               h47da74e_1               conda-forge
2025-01-08T22:48:08.1529906Z   libnsl                         2.0.1                hd590300_0               conda-forge
2025-01-08T22:48:08.1530504Z   libopenblas                    0.3.27               pthreads_h413a1c8_0      conda-forge
2025-01-08T22:48:08.1531083Z   libpng                         1.6.43               h2797004_0               conda-forge
2025-01-08T22:48:08.1531653Z   librsvg                        2.58.1               hadf69e7_0               conda-forge
2025-01-08T22:48:08.1532245Z   libsodium                      1.0.18               h36c2ea0_1               conda-forge
2025-01-08T22:48:08.1532840Z   libsqlite                      3.46.0               hde9e2c9_0               conda-forge
2025-01-08T22:48:08.1533435Z   libssh2                        1.11.0               h0841786_0               conda-forge
2025-01-08T22:48:08.1534029Z   libstdcxx-ng                   13.2.0               hc0a3c3a_10              conda-forge
2025-01-08T22:48:08.1534628Z   libtiff                        4.6.0                h1dd3fc0_3               conda-forge
2025-01-08T22:48:08.1535198Z   libuuid                        2.38.1               h0b41bf4_0               conda-forge
2025-01-08T22:48:08.1535772Z   libwebp                        1.4.0                h2c329e2_0               conda-forge
2025-01-08T22:48:08.1536379Z   libwebp-base                   1.4.0                hd590300_0               conda-forge
2025-01-08T22:48:08.1536994Z   libxcb                         1.15                 h0b41bf4_0               conda-forge
2025-01-08T22:48:08.1537572Z   libxcrypt                      4.4.36               hd590300_1               conda-forge
2025-01-08T22:48:08.1538142Z   libxml2                        2.12.7               hc051c1a_1               conda-forge
2025-01-08T22:48:08.1538854Z   libxslt                        1.1.39               h76b75d6_0               conda-forge
2025-01-08T22:48:08.1539423Z   libzlib                        1.3.1                h4ab18f5_1               conda-forge
2025-01-08T22:48:08.1539991Z   llvmlite                       0.42.0               py312hb06c811_1          conda-forge
2025-01-08T22:48:08.1540554Z   lxml                           5.2.2                py312hb90d8a5_0          conda-forge
2025-01-08T22:48:08.1541086Z   lz4-c                          1.9.4                hcb278e6_0               conda-forge
2025-01-08T22:48:08.1541619Z   lzo                            2.10                 hd590300_1001            conda-forge
2025-01-08T22:48:08.1542185Z   markupsafe                     2.1.5                py312h98912ed_0          conda-forge
2025-01-08T22:48:08.1542821Z   matplotlib-base                3.8.4                py312h20ab3a6_2          conda-forge
2025-01-08T22:48:08.1543508Z   matplotlib-inline              0.1.7                pyhd8ed1ab_0             conda-forge
2025-01-08T22:48:08.1544133Z   mistune                        3.0.2                pyhd8ed1ab_0             conda-forge
2025-01-08T22:48:08.1544669Z   mpc                            1.3.1                hfe3b2da_0               conda-forge
2025-01-08T22:48:08.1545181Z   mpfr                           4.2.1                h9458935_1               conda-forge
2025-01-08T22:48:08.1545724Z   mpmath                         1.3.0                pyhd8ed1ab_0             conda-forge
2025-01-08T22:48:08.1546282Z   munkres                        1.1.4                pyh9f0ad1d_0             conda-forge
2025-01-08T22:48:08.1547055Z   mypy_extensions                1.0.0                pyha770c72_0             conda-forge
2025-01-08T22:48:08.1547652Z   nbclassic                      1.1.0                pyhd8ed1ab_0             conda-forge
2025-01-08T22:48:08.1548226Z   nbclient                       0.10.0               pyhd8ed1ab_0             conda-forge
2025-01-08T22:48:08.1549099Z   nbconvert                      7.16.4               hd8ed1ab_1               conda-forge
2025-01-08T22:48:08.1549727Z   nbconvert-core                 7.16.4               pyhd8ed1ab_1             conda-forge
2025-01-08T22:48:08.1550394Z   nbconvert-pandoc               7.16.4               hd8ed1ab_1               conda-forge
2025-01-08T22:48:08.1551040Z   nbformat                       5.10.4               pyhd8ed1ab_0             conda-forge
2025-01-08T22:48:08.1551642Z   nbsphinx                       0.9.4                pyhd8ed1ab_0             conda-forge
2025-01-08T22:48:08.1552233Z   ncurses                        6.5                  h59595ed_0               conda-forge
2025-01-08T22:48:08.1552831Z   nest-asyncio                   1.6.0                pyhd8ed1ab_0             conda-forge
2025-01-08T22:48:08.1553440Z   networkx                       3.3                  pyhd8ed1ab_1             conda-forge
2025-01-08T22:48:08.1554015Z   nomkl                          1.0                  h5ca1d4c_0               conda-forge
2025-01-08T22:48:08.1554583Z   notebook                       7.2.1                pyhd8ed1ab_0             conda-forge
2025-01-08T22:48:08.1555207Z   notebook-shim                  0.2.4                pyhd8ed1ab_0             conda-forge
2025-01-08T22:48:08.1555813Z   numba                          0.59.1               py312hacefee8_0          conda-forge
2025-01-08T22:48:08.1556387Z   numexpr                        2.10.0               py312hf412c99_100        conda-forge
2025-01-08T22:48:08.1556964Z   numpy                          1.26.4               py312heda63a1_0          conda-forge
2025-01-08T22:48:08.1557554Z   numpydoc                       1.7.0                pyhd8ed1ab_1             conda-forge
2025-01-08T22:48:08.1558149Z   openjpeg                       2.5.2                h488ebb8_0               conda-forge
2025-01-08T22:48:08.1558864Z   openssl                        3.3.1                h4ab18f5_0               conda-forge
2025-01-08T22:48:08.1559470Z   overrides                      7.7.0                pyhd8ed1ab_0             conda-forge
2025-01-08T22:48:08.1560084Z   packaging                      24.1                 pyhd8ed1ab_0             conda-forge
2025-01-08T22:48:08.1560682Z   pandas                         2.2.2                py312h1d6d2e6_1          conda-forge
2025-01-08T22:48:08.1561269Z   pandoc                         3.2                  ha770c72_0               conda-forge
2025-01-08T22:48:08.1639100Z   pandocfilters                  1.5.0                pyhd8ed1ab_0             conda-forge
2025-01-08T22:48:08.1639859Z   pango                          1.54.0               h84a9a3c_0               conda-forge
2025-01-08T22:48:08.1640502Z   parso                          0.8.4                pyhd8ed1ab_0             conda-forge
2025-01-08T22:48:08.1641097Z   pathspec                       0.12.1               pyhd8ed1ab_0             conda-forge
2025-01-08T22:48:08.1641768Z   pbr                            6.0.0                pyhd8ed1ab_0             conda-forge
2025-01-08T22:48:08.1642265Z   pcre2                          10.44                h0f59acf_0               conda-forge
2025-01-08T22:48:08.1642772Z   pexpect                        4.9.0                pyhd8ed1ab_0             conda-forge
2025-01-08T22:48:08.1643407Z   pickleshare                    0.7.5                py_1003                  conda-forge
2025-01-08T22:48:08.1644006Z   pillow                         10.3.0               py312hdcec9eb_0          conda-forge
2025-01-08T22:48:08.1644576Z   pip                            24.0                 pyhd8ed1ab_0             conda-forge
2025-01-08T22:48:08.1645424Z   pixman                         0.43.2               h59595ed_0               conda-forge
2025-01-08T22:48:08.1646091Z   pkgutil-resolve-name           1.3.10               pyhd8ed1ab_1             conda-forge
2025-01-08T22:48:08.1646805Z   platformdirs                   4.2.2                pyhd8ed1ab_0             conda-forge
2025-01-08T22:48:08.1647692Z   plotly                         5.22.0               pyhd8ed1ab_0             conda-forge
2025-01-08T22:48:08.1648294Z   pluggy                         1.5.0                pyhd8ed1ab_0             conda-forge
2025-01-08T22:48:08.1649127Z   prometheus_client              0.20.0               pyhd8ed1ab_0             conda-forge
2025-01-08T22:48:08.1649548Z   prompt-toolkit                 3.0.47               pyha770c72_0             conda-forge
2025-01-08T22:48:08.1649930Z   psutil                         5.9.8                py312h98912ed_0          conda-forge
2025-01-08T22:48:08.1650306Z   pthread-stubs                  0.4                  h36c2ea0_1001            conda-forge
2025-01-08T22:48:08.1650686Z   ptyprocess                     0.7.0                pyhd3deb0d_0             conda-forge
2025-01-08T22:48:08.1651038Z   pure_eval                      0.2.2                pyhd8ed1ab_0             conda-forge
2025-01-08T22:48:08.1651392Z   py-cpuinfo                     9.0.0                pyhd8ed1ab_0             conda-forge
2025-01-08T22:48:08.1651732Z   pybtex                         0.24.0               pyhd8ed1ab_2             conda-forge
2025-01-08T22:48:08.1652098Z   pybtex-docutils                1.0.3                py312h7900ff3_1          conda-forge
2025-01-08T22:48:08.1652467Z   pycparser                      2.22                 pyhd8ed1ab_0             conda-forge
2025-01-08T22:48:08.1652810Z   pyerfa                         2.0.1.4              py312h085067d_1          conda-forge
2025-01-08T22:48:08.1653151Z   pygments                       2.18.0               pyhd8ed1ab_0             conda-forge
2025-01-08T22:48:08.1653508Z   pygraphviz                     1.13                 py312h4a1d8a7_1          conda-forge
2025-01-08T22:48:08.1653858Z   pyparsing                      3.1.2                pyhd8ed1ab_0             conda-forge
2025-01-08T22:48:08.1654201Z   pysocks                        1.7.1                pyha2e5f31_6             conda-forge
2025-01-08T22:48:08.1654548Z   pytables                       3.9.2                py312h96d95ec_2          conda-forge
2025-01-08T22:48:08.1654883Z   pytest                         8.2.2                pyhd8ed1ab_0             conda-forge
2025-01-08T22:48:08.1655229Z   pytest-cov                     5.0.0                pyhd8ed1ab_0             conda-forge
2025-01-08T22:48:08.1655629Z   pytest-doctestplus             1.2.1                pyhd8ed1ab_0             conda-forge
2025-01-08T22:48:08.1656018Z   pytest-html                    4.1.1                pyhd8ed1ab_0             conda-forge
2025-01-08T22:48:08.1656397Z   pytest-metadata                3.1.1                pyhd8ed1ab_0             conda-forge
2025-01-08T22:48:08.1656757Z   python                         3.12.4               h194c7f8_0_cpython       conda-forge
2025-01-08T22:48:08.1657120Z   python-dateutil                2.9.0                pyhd8ed1ab_0             conda-forge
2025-01-08T22:48:08.1657533Z   python-fastjsonschema          2.20.0               pyhd8ed1ab_0             conda-forge
2025-01-08T22:48:08.1657958Z   python-json-logger             2.0.7                pyhd8ed1ab_0             conda-forge
2025-01-08T22:48:08.1658534Z   python-tzdata                  2024.1               pyhd8ed1ab_0             conda-forge
2025-01-08T22:48:08.1659203Z   python_abi                     3.12                 4_cp312                  conda-forge
2025-01-08T22:48:08.1659781Z   pytz                           2024.1               pyhd8ed1ab_0             conda-forge
2025-01-08T22:48:08.1660350Z   pyyaml                         6.0.1                py312h98912ed_1          conda-forge
2025-01-08T22:48:08.1660978Z   pyzmq                          26.0.3               py312h8fd38d8_0          conda-forge
2025-01-08T22:48:08.1661306Z   qgrid                          1.3.1                pyhd8ed1ab_4             conda-forge
2025-01-08T22:48:08.1661668Z   radioactivedecay               0.5.1                pyhd8ed1ab_0             conda-forge
2025-01-08T22:48:08.1662158Z   readline                       8.2                  h8228510_1               conda-forge
2025-01-08T22:48:08.1662542Z   recommonmark                   0.7.1                pyhd8ed1ab_0             conda-forge
2025-01-08T22:48:08.1662908Z   referencing                    0.35.1               pyhd8ed1ab_0             conda-forge
2025-01-08T22:48:08.1663262Z   requests                       2.32.3               pyhd8ed1ab_0             conda-forge
2025-01-08T22:48:08.1663630Z   rfc3339-validator              0.1.4                pyhd8ed1ab_0             conda-forge
2025-01-08T22:48:08.1664035Z   rfc3986-validator              0.1.1                pyh9f0ad1d_0             conda-forge
2025-01-08T22:48:08.1664393Z   rpds-py                        0.18.1               py312h4413252_0          conda-forge
2025-01-08T22:48:08.1664717Z   ruff                           0.4.9                py312h5715c7c_0          conda-forge
2025-01-08T22:48:08.1665042Z   scipy                          1.13.1               py312hc2bc53b_0          conda-forge
2025-01-08T22:48:08.1665383Z   send2trash                     1.8.3                pyh0d859eb_0             conda-forge
2025-01-08T22:48:08.1665743Z   setuptools                     70.0.0               pyhd8ed1ab_0             conda-forge
2025-01-08T22:48:08.1666111Z   setuptools-scm                 8.1.0                pyhd8ed1ab_0             conda-forge
2025-01-08T22:48:08.1666478Z   setuptools_scm                 8.1.0                hd8ed1ab_0               conda-forge
2025-01-08T22:48:08.1666821Z   six                            1.16.0               pyh6c4a22f_0             conda-forge
2025-01-08T22:48:08.1667148Z   snakeviz                       2.2.0                pyhd8ed1ab_0             conda-forge
2025-01-08T22:48:08.1667483Z   snappy                         1.2.0                hdb0a2a9_1               conda-forge
2025-01-08T22:48:08.1667819Z   sniffio                        1.3.1                pyhd8ed1ab_0             conda-forge
2025-01-08T22:48:08.1668190Z   snowballstemmer                2.2.0                pyhd8ed1ab_0             conda-forge
2025-01-08T22:48:08.1668749Z   soupsieve                      2.5                  pyhd8ed1ab_1             conda-forge
2025-01-08T22:48:08.1669096Z   sphinx                         7.3.7                pyhd8ed1ab_0             conda-forge
2025-01-08T22:48:08.1669454Z   sphinx-astropy                 1.9.1                pyhd8ed1ab_0             conda-forge
2025-01-08T22:48:08.1669849Z   sphinx-automodapi              0.17.0               pyh717bed2_1             conda-forge
2025-01-08T22:48:08.1670247Z   sphinx-gallery                 0.16.0               pyhd8ed1ab_0             conda-forge
2025-01-08T22:48:08.1670636Z   sphinx-jsonschema              1.19.1               pyhd8ed1ab_0             conda-forge
2025-01-08T22:48:08.1671043Z   sphinx_bootstrap_theme         0.8.1                pyhd8ed1ab_0             conda-forge
2025-01-08T22:48:08.1671447Z   sphinx_rtd_theme               2.0.0                pyha770c72_0             conda-forge
2025-01-08T22:48:08.1671838Z   sphinxcontrib-apidoc           0.3.0                py_1                     conda-forge
2025-01-08T22:48:08.1672266Z   sphinxcontrib-applehelp        1.0.8                pyhd8ed1ab_0             conda-forge
2025-01-08T22:48:08.1672698Z   sphinxcontrib-bibtex           2.6.2                pyhd8ed1ab_0             conda-forge
2025-01-08T22:48:08.1673121Z   sphinxcontrib-devhelp          1.0.6                pyhd8ed1ab_0             conda-forge
2025-01-08T22:48:08.1673551Z   sphinxcontrib-htmlhelp         2.0.5                pyhd8ed1ab_0             conda-forge
2025-01-08T22:48:08.1674106Z   sphinxcontrib-jquery           4.1                  pyhd8ed1ab_0             conda-forge
2025-01-08T22:48:08.1674525Z   sphinxcontrib-jsmath           1.0.1                pyhd8ed1ab_0             conda-forge
2025-01-08T22:48:08.1674944Z   sphinxcontrib-qthelp           1.0.7                pyhd8ed1ab_0             conda-forge
2025-01-08T22:48:08.1675507Z   sphinxcontrib-serializinghtml  1.1.10               pyhd8ed1ab_0             conda-forge
2025-01-08T22:48:08.1675928Z   stack_data                     0.6.2                pyhd8ed1ab_0             conda-forge
2025-01-08T22:48:08.1676265Z   sympy                          1.12.1               pypyh2585a3b_103         conda-forge
2025-01-08T22:48:08.1676605Z   tabulate                       0.9.0                pyhd8ed1ab_1             conda-forge
2025-01-08T22:48:08.1676946Z   tenacity                       8.4.1                pyhd8ed1ab_0             conda-forge
2025-01-08T22:48:08.1677330Z   terminado                      0.18.1               pyh0d859eb_0             conda-forge
2025-01-08T22:48:08.1677681Z   tinycss2                       1.3.0                pyhd8ed1ab_0             conda-forge
2025-01-08T22:48:08.1678001Z   tk                             8.6.13               noxft_h4845f30_101       conda-forge
2025-01-08T22:48:08.1678309Z   toml                           0.10.2               pyhd8ed1ab_0             conda-forge
2025-01-08T22:48:08.1678821Z   tomli                          2.0.1                pyhd8ed1ab_0             conda-forge
2025-01-08T22:48:08.1679161Z   tornado                        6.4.1                py312h9a8786e_0          conda-forge
2025-01-08T22:48:08.1679491Z   tqdm                           4.66.4               pyhd8ed1ab_0             conda-forge
2025-01-08T22:48:08.1679835Z   traitlets                      5.14.3               pyhd8ed1ab_0             conda-forge
2025-01-08T22:48:08.1680185Z   typed-ast                      1.5.5                py312h98912ed_1          conda-forge
2025-01-08T22:48:08.1680591Z   types-python-dateutil          2.9.0.20240316       pyhd8ed1ab_0             conda-forge
2025-01-08T22:48:08.1681018Z   typing-extensions              4.12.2               hd8ed1ab_0               conda-forge
2025-01-08T22:48:08.1681413Z   typing_extensions              4.12.2               pyha770c72_0             conda-forge
2025-01-08T22:48:08.1681798Z   typing_utils                   0.1.0                pyhd8ed1ab_0             conda-forge
2025-01-08T22:48:08.1682147Z   tzdata                         2024a                h0c530f3_0               conda-forge
2025-01-08T22:48:08.1682500Z   uri-template                   1.3.0                pyhd8ed1ab_0             conda-forge
2025-01-08T22:48:08.1682848Z   urllib3                        2.2.2                pyhd8ed1ab_0             conda-forge
2025-01-08T22:48:08.1683184Z   wcwidth                        0.2.13               pyhd8ed1ab_0             conda-forge
2025-01-08T22:48:08.1683528Z   webcolors                      24.6.0               pyhd8ed1ab_0             conda-forge
2025-01-08T22:48:08.1683895Z   webencodings                   0.5.1                pyhd8ed1ab_2             conda-forge
2025-01-08T22:48:08.1684281Z   websocket-client               1.8.0                pyhd8ed1ab_0             conda-forge
2025-01-08T22:48:08.1684639Z   wheel                          0.43.0               pyhd8ed1ab_1             conda-forge
2025-01-08T22:48:08.1685013Z   widgetsnbextension             3.6.6                pyhd8ed1ab_0             conda-forge
2025-01-08T22:48:08.1685401Z   xorg-kbproto                   1.0.7                h7f98852_1002            conda-forge
2025-01-08T22:48:08.1685757Z   xorg-libice                    1.1.1                hd590300_0               conda-forge
2025-01-08T22:48:08.1686110Z   xorg-libsm                     1.2.4                h7391055_0               conda-forge
2025-01-08T22:48:08.1686456Z   xorg-libx11                    1.8.9                h8ee46fc_0               conda-forge
2025-01-08T22:48:08.1686944Z   xorg-libxau                    1.0.11               hd590300_0               conda-forge
2025-01-08T22:48:08.1687302Z   xorg-libxdmcp                  1.1.3                h7f98852_0               conda-forge
2025-01-08T22:48:08.1687660Z   xorg-libxext                   1.3.4                h0b41bf4_2               conda-forge
2025-01-08T22:48:08.1688158Z   xorg-libxrender                0.9.11               hd590300_0               conda-forge
2025-01-08T22:48:08.1688859Z   xorg-renderproto               0.11.1               h7f98852_1002            conda-forge
2025-01-08T22:48:08.1689261Z   xorg-xextproto                 7.3.0                h0b41bf4_1003            conda-forge
2025-01-08T22:48:08.1689633Z   xorg-xproto                    7.0.31               h7f98852_1007            conda-forge
2025-01-08T22:48:08.1689961Z   xz                             5.2.6                h166bdaf_0               conda-forge
2025-01-08T22:48:08.1690263Z   yaml                           0.2.5                h7f98852_2               conda-forge
2025-01-08T22:48:08.1690582Z   zeromq                         4.3.5                h75354e8_4               conda-forge
2025-01-08T22:48:08.1690909Z   zipp                           3.19.2               pyhd8ed1ab_0             conda-forge
2025-01-08T22:48:08.1691227Z   zlib                           1.3.1                h4ab18f5_1               conda-forge
2025-01-08T22:48:08.1691547Z   zlib-ng                        2.0.7                h0b41bf4_0               conda-forge
2025-01-08T22:48:08.1691865Z   zstd                           1.5.6                ha6fb4c9_0               conda-forge
2025-01-08T22:48:08.1692370Z ##[endgroup]
