2025-01-21T13:49:27.3770833Z Requested labels: macos-latest
2025-01-21T13:49:27.3771234Z Job defined at: tardis-sn/tardis/.github/workflows/tests.yml@refs/pull/2872/merge
2025-01-21T13:49:27.3771401Z Waiting for a runner to pick up this job...
2025-01-21T13:49:27.5547742Z Job is waiting for a hosted runner to come online.
2025-01-21T13:49:31.4344889Z Job is about to start running on the hosted runner: GitHub Actions 22 (hosted)
2025-01-21T13:49:33.5145650Z Current runner version: '2.321.0'
2025-01-21T13:49:33.5173350Z ##[group]Operating System
2025-01-21T13:49:33.5173930Z macOS
2025-01-21T13:49:33.5174230Z 14.7.2
2025-01-21T13:49:33.5174530Z 23H311
2025-01-21T13:49:33.5174840Z ##[endgroup]
2025-01-21T13:49:33.5175160Z ##[group]Runner Image
2025-01-21T13:49:33.5175510Z Image: macos-14-arm64
2025-01-21T13:49:33.5175820Z Version: 20250113.751
2025-01-21T13:49:33.5176510Z Included Software: https://github.com/actions/runner-images/blob/macos-14-arm64/20250113.751/images/macos/macos-14-arm64-Readme.md
2025-01-21T13:49:33.5177450Z Image Release: https://github.com/actions/runner-images/releases/tag/macos-14-arm64%2F20250113.751
2025-01-21T13:49:33.5178020Z ##[endgroup]
2025-01-21T13:49:33.5178330Z ##[group]Runner Image Provisioner
2025-01-21T13:49:33.5178730Z 2.0.414.1+2ecee806bcbb7b5d267443ac0090547f461e95b1
2025-01-21T13:49:33.5179130Z ##[endgroup]
2025-01-21T13:49:33.5180520Z ##[group]GITHUB_TOKEN Permissions
2025-01-21T13:49:33.5182150Z Actions: read
2025-01-21T13:49:33.5182470Z Attestations: read
2025-01-21T13:49:33.5182770Z Checks: read
2025-01-21T13:49:33.5183070Z Contents: read
2025-01-21T13:49:33.5183360Z Deployments: read
2025-01-21T13:49:33.5183720Z Discussions: read
2025-01-21T13:49:33.5184030Z Issues: read
2025-01-21T13:49:33.5185440Z Metadata: read
2025-01-21T13:49:33.5186370Z Packages: read
2025-01-21T13:49:33.5187210Z Pages: read
2025-01-21T13:49:33.5187520Z PullRequests: read
2025-01-21T13:49:33.5187830Z RepositoryProjects: read
2025-01-21T13:49:33.5188170Z SecurityEvents: read
2025-01-21T13:49:33.5188490Z Statuses: read
2025-01-21T13:49:33.5188780Z ##[endgroup]
2025-01-21T13:49:33.5191860Z Secret source: None
2025-01-21T13:49:33.5192260Z Prepare workflow directory
2025-01-21T13:49:33.5700380Z Prepare all required actions
2025-01-21T13:49:33.5774990Z Getting action download info
2025-01-21T13:49:33.7372740Z Download action repository 'actions/checkout@v4' (SHA:11bd71901bbe5b1630ceea73d27597364c9af683)
2025-01-21T13:49:34.1729980Z Download action repository 'actions/upload-artifact@v4' (SHA:65c4c4a1ddee5b72f698fdd19549f0f0fb45cf08)
2025-01-21T13:49:35.5786690Z Complete job name:  continuum macos-latest 
2025-01-21T13:49:35.6333280Z ##[group]Run actions/checkout@v4
2025-01-21T13:49:35.6335970Z with:
2025-01-21T13:49:35.6336500Z   repository: tardis-sn/tardis
2025-01-21T13:49:35.6337170Z   token: ***
2025-01-21T13:49:35.6337480Z   ssh-strict: true
2025-01-21T13:49:35.6337790Z   ssh-user: git
2025-01-21T13:49:35.6338100Z   persist-credentials: true
2025-01-21T13:49:35.6338590Z   clean: true
2025-01-21T13:49:35.6338900Z   sparse-checkout-cone-mode: true
2025-01-21T13:49:35.6339290Z   fetch-depth: 1
2025-01-21T13:49:35.6339600Z   fetch-tags: false
2025-01-21T13:49:35.6339930Z   show-progress: true
2025-01-21T13:49:35.6340250Z   lfs: false
2025-01-21T13:49:35.6340590Z   submodules: false
2025-01-21T13:49:35.6340980Z   set-safe-directory: true
2025-01-21T13:49:35.6341590Z env:
2025-01-21T13:49:35.6342020Z   CACHE_NUMBER: 0
2025-01-21T13:49:35.6342910Z   PYTEST_FLAGS: --tardis-regression-data=/Users/runner/work/tardis/tardis/tardis-regression-data --cov=tardis --cov-report=xml --cov-report=html --cov-append
2025-01-21T13:49:35.6343920Z   CODECOV_TOKEN: 
2025-01-21T13:49:35.6344230Z ##[endgroup]
2025-01-21T13:49:36.0561270Z Syncing repository: tardis-sn/tardis
2025-01-21T13:49:36.0562790Z ##[group]Getting Git version info
2025-01-21T13:49:36.0563260Z Working directory is '/Users/runner/work/tardis/tardis'
2025-01-21T13:49:36.0564040Z [command]/opt/homebrew/bin/git version
2025-01-21T13:49:36.0884990Z git version 2.48.0
2025-01-21T13:49:36.0919280Z ##[endgroup]
2025-01-21T13:49:36.0931160Z Copying '/Users/runner/.gitconfig' to '/Users/runner/work/_temp/23036019-151b-41a8-97b1-547882e1adbc/.gitconfig'
2025-01-21T13:49:36.0942850Z Temporarily overriding HOME='/Users/runner/work/_temp/23036019-151b-41a8-97b1-547882e1adbc' before making global git config changes
2025-01-21T13:49:36.0945450Z Adding repository directory to the temporary git global config as a safe directory
2025-01-21T13:49:36.0948690Z [command]/opt/homebrew/bin/git config --global --add safe.directory /Users/runner/work/tardis/tardis
2025-01-21T13:49:36.1075440Z Deleting the contents of '/Users/runner/work/tardis/tardis'
2025-01-21T13:49:36.1079070Z ##[group]Initializing the repository
2025-01-21T13:49:36.1083920Z [command]/opt/homebrew/bin/git init /Users/runner/work/tardis/tardis
2025-01-21T13:49:36.1298660Z hint: Using 'master' as the name for the initial branch. This default branch name
2025-01-21T13:49:36.1300650Z hint: is subject to change. To configure the initial branch name to use in all
2025-01-21T13:49:36.1302430Z hint: of your new repositories, which will suppress this warning, call:
2025-01-21T13:49:36.1303720Z hint:
2025-01-21T13:49:36.1304650Z hint: 	git config --global init.defaultBranch <name>
2025-01-21T13:49:36.1305770Z hint:
2025-01-21T13:49:36.1306810Z hint: Names commonly chosen instead of 'master' are 'main', 'trunk' and
2025-01-21T13:49:36.1308480Z hint: 'development'. The just-created branch can be renamed via this command:
2025-01-21T13:49:36.1309940Z hint:
2025-01-21T13:49:36.1310710Z hint: 	git branch -m <name>
2025-01-21T13:49:36.1312020Z Initialized empty Git repository in /Users/runner/work/tardis/tardis/.git/
2025-01-21T13:49:36.1315200Z [command]/opt/homebrew/bin/git remote add origin https://github.com/tardis-sn/tardis
2025-01-21T13:49:36.1406010Z ##[endgroup]
2025-01-21T13:49:36.1406630Z ##[group]Disabling automatic garbage collection
2025-01-21T13:49:36.1407190Z [command]/opt/homebrew/bin/git config --local gc.auto 0
2025-01-21T13:49:36.1462500Z ##[endgroup]
2025-01-21T13:49:36.1466460Z ##[group]Setting up auth
2025-01-21T13:49:36.1467090Z [command]/opt/homebrew/bin/git config --local --name-only --get-regexp core\.sshCommand
2025-01-21T13:49:36.1525020Z [command]/opt/homebrew/bin/git submodule foreach --recursive sh -c "git config --local --name-only --get-regexp 'core\.sshCommand' && git config --local --unset-all 'core.sshCommand' || :"
2025-01-21T13:49:36.2664780Z [command]/opt/homebrew/bin/git config --local --name-only --get-regexp http\.https\:\/\/github\.com\/\.extraheader
2025-01-21T13:49:36.2765020Z [command]/opt/homebrew/bin/git submodule foreach --recursive sh -c "git config --local --name-only --get-regexp 'http\.https\:\/\/github\.com\/\.extraheader' && git config --local --unset-all 'http.https://github.com/.extraheader' || :"
2025-01-21T13:49:36.3599800Z [command]/opt/homebrew/bin/git config --local http.https://github.com/.extraheader AUTHORIZATION: basic ***
2025-01-21T13:49:36.3723540Z ##[endgroup]
2025-01-21T13:49:36.3725180Z ##[group]Fetching the repository
2025-01-21T13:49:36.3737070Z [command]/opt/homebrew/bin/git -c protocol.version=2 fetch --no-tags --prune --no-recurse-submodules --depth=1 origin +ba03bfcac6955a1aacf8b5514ed498f8aba310bd:refs/remotes/pull/2872/merge
2025-01-21T13:49:38.4909160Z From https://github.com/tardis-sn/tardis
2025-01-21T13:49:38.4911190Z  * [new ref]         ba03bfcac6955a1aacf8b5514ed498f8aba310bd -> pull/2872/merge
2025-01-21T13:49:38.4996070Z ##[endgroup]
2025-01-21T13:49:38.4997980Z ##[group]Determining the checkout info
2025-01-21T13:49:38.5000110Z ##[endgroup]
2025-01-21T13:49:38.5001530Z [command]/opt/homebrew/bin/git sparse-checkout disable
2025-01-21T13:49:38.5069430Z [command]/opt/homebrew/bin/git config --local --unset-all extensions.worktreeConfig
2025-01-21T13:49:38.5131310Z ##[group]Checking out the ref
2025-01-21T13:49:38.5137220Z [command]/opt/homebrew/bin/git checkout --progress --force refs/remotes/pull/2872/merge
2025-01-21T13:49:38.8260140Z HEAD is now at ba03bfc Merge 51f694673da3b0bfedede887dbc6b7ab0d18f1d4 into aa180cf97513f46d6d3b617c05907691f413c057
2025-01-21T13:49:38.8294590Z ##[endgroup]
2025-01-21T13:49:38.8417490Z [command]/opt/homebrew/bin/git log -1 --format=%H
2025-01-21T13:49:38.8536030Z ba03bfcac6955a1aacf8b5514ed498f8aba310bd
2025-01-21T13:49:38.8875140Z Prepare all required actions
2025-01-21T13:49:38.8876080Z Getting action download info
2025-01-21T13:49:39.0011820Z Download action repository 'mamba-org/setup-micromamba@v2' (SHA:0dea6379afdaffa5d528b3d1dabc45da37f443fc)
2025-01-21T13:49:40.1681680Z ##[group]Run ./.github/actions/setup_env
2025-01-21T13:49:40.1682130Z with:
2025-01-21T13:49:40.1682340Z   os-label: osx-arm64
2025-01-21T13:49:40.1703080Z env:
2025-01-21T13:49:40.1703270Z   CACHE_NUMBER: 0
2025-01-21T13:49:40.1703800Z   PYTEST_FLAGS: --tardis-regression-data=/Users/runner/work/tardis/tardis/tardis-regression-data --cov=tardis --cov-report=xml --cov-report=html --cov-append
2025-01-21T13:49:40.1704320Z   CODECOV_TOKEN: 
2025-01-21T13:49:40.1704470Z ##[endgroup]
2025-01-21T13:49:40.1800040Z ##[group]Run mamba-org/setup-micromamba@v2
2025-01-21T13:49:40.1800250Z with:
2025-01-21T13:49:40.1800370Z   init-shell: bash
2025-01-21T13:49:40.1800580Z   create-args: conda-lock
2025-01-21T13:49:40.1800840Z   environment-name: tardis-base
2025-01-21T13:49:40.1801030Z   micromamba-binary-path: ../micromamba
2025-01-21T13:49:40.1801240Z env:
2025-01-21T13:49:40.1801490Z   CACHE_NUMBER: 0
2025-01-21T13:49:40.1802080Z   PYTEST_FLAGS: --tardis-regression-data=/Users/runner/work/tardis/tardis/tardis-regression-data --cov=tardis --cov-report=xml --cov-report=html --cov-append
2025-01-21T13:49:40.1802610Z   CODECOV_TOKEN: 
2025-01-21T13:49:40.1802740Z ##[endgroup]
2025-01-21T13:49:40.3410070Z Will download micromamba to /Users/runner/work/tardis/micromamba
2025-01-21T13:49:40.3417460Z ##[group]Install micromamba
2025-01-21T13:49:41.0695720Z micromamba installed to /Users/runner/work/tardis/micromamba
2025-01-21T13:49:41.0757580Z ##[endgroup]
2025-01-21T13:49:41.0782530Z Adding conda-forge to condarc channels ...
2025-01-21T13:49:41.0792960Z ##[group]Initialize micromamba for bash.
2025-01-21T13:49:41.0795260Z [command]/Users/runner/work/tardis/micromamba shell init -s bash -r /Users/runner/micromamba --log-level warning --rc-file /Users/runner/work/_temp/setup-micromamba/.condarc
2025-01-21T13:49:41.0961820Z Running `shell init`, which:
2025-01-21T13:49:41.0964170Z  - modifies RC file: "/Users/runner/.bash_profile"
2025-01-21T13:49:41.0964940Z  - generates config for root prefix: [1m"/Users/runner/micromamba"[0m
2025-01-21T13:49:41.0965510Z  - sets mamba executable to: [1m"/Users/runner/work/tardis/micromamba"[0m
2025-01-21T13:49:41.0966000Z The following has been added in your "/Users/runner/.bash_profile" file
2025-01-21T13:49:41.0966330Z 
2025-01-21T13:49:41.0966490Z # >>> mamba initialize >>>
2025-01-21T13:49:41.0966850Z # !! Contents within this block are managed by 'micromamba shell init' !!
2025-01-21T13:49:41.0967270Z export MAMBA_EXE='/Users/runner/work/tardis/micromamba';
2025-01-21T13:49:41.0967660Z export MAMBA_ROOT_PREFIX='/Users/runner/micromamba';
2025-01-21T13:49:41.0968160Z __mamba_setup="$("$MAMBA_EXE" shell hook --shell bash --root-prefix "$MAMBA_ROOT_PREFIX" 2> /dev/null)"
2025-01-21T13:49:41.0968600Z if [ $? -eq 0 ]; then
2025-01-21T13:49:41.0968870Z     eval "$__mamba_setup"
2025-01-21T13:49:41.0969140Z else
2025-01-21T13:49:41.0969450Z     alias micromamba="$MAMBA_EXE"  # Fallback on help from micromamba activate
2025-01-21T13:49:41.0969850Z fi
2025-01-21T13:49:41.0970080Z unset __mamba_setup
2025-01-21T13:49:41.0970340Z # <<< mamba initialize <<<
2025-01-21T13:49:41.0970540Z 
2025-01-21T13:49:41.0996360Z ##[endgroup]
2025-01-21T13:49:41.1025190Z ##[group]Install environment `tardis-base`
2025-01-21T13:49:41.1055460Z [command]/Users/runner/work/tardis/micromamba create -y -r /Users/runner/micromamba -n tardis-base conda-lock --log-level warning --rc-file /Users/runner/work/_temp/setup-micromamba/.condarc
2025-01-21T13:49:47.2651690Z 
2025-01-21T13:49:47.3793580Z 
2025-01-21T13:49:47.3895190Z Transaction
2025-01-21T13:49:47.3997720Z 
2025-01-21T13:49:47.4098880Z   Prefix: /Users/runner/micromamba/envs/tardis-base
2025-01-21T13:49:47.4199600Z 
2025-01-21T13:49:47.4301320Z   Updating specs:
2025-01-21T13:49:47.4347950Z 
2025-01-21T13:49:47.4350260Z    - conda-lock
2025-01-21T13:49:47.4365040Z 
2025-01-21T13:49:47.4365480Z 
2025-01-21T13:49:47.4399640Z   Package                           Version  Build               Channel          Size
2025-01-21T13:49:47.4441010Z ────────────────────────────────────────────────────────────────────────────────────────
2025-01-21T13:49:47.4441830Z   Install:
2025-01-21T13:49:47.4442860Z ────────────────────────────────────────────────────────────────────────────────────────
2025-01-21T13:49:47.4443320Z 
2025-01-21T13:49:47.4443910Z   + annotated-types                   0.7.0  pyhd8ed1ab_1        conda-forge      18kB
2025-01-21T13:49:47.4444900Z   + appdirs                           1.4.4  pyhd8ed1ab_1        conda-forge      15kB
2025-01-21T13:49:47.4446030Z   + backports                           1.0  pyhd8ed1ab_5        conda-forge       7kB
2025-01-21T13:49:47.4447010Z   + backports.tarfile                 1.2.0  pyhd8ed1ab_1        conda-forge      33kB
2025-01-21T13:49:47.4448190Z   + brotli-python                     1.1.0  py313h3579c5c_2     conda-forge     339kB
2025-01-21T13:49:47.4449370Z   + bzip2                             1.0.8  h99b78c6_7          conda-forge     123kB
2025-01-21T13:49:47.4450400Z   + ca-certificates              2024.12.14  hf0a4a13_0          conda-forge     157kB
2025-01-21T13:49:47.4451410Z   + cachecontrol                     0.14.2  pyha770c72_0        conda-forge      23kB
2025-01-21T13:49:47.4452710Z   + cachecontrol-with-filecache      0.14.2  pyhd8ed1ab_0        conda-forge       7kB
2025-01-21T13:49:47.4453840Z   + cachy                             0.3.0  pyhd8ed1ab_2        conda-forge      23kB
2025-01-21T13:49:47.4455270Z   + certifi                      2024.12.14  pyhd8ed1ab_0        conda-forge     162kB
2025-01-21T13:49:47.4455800Z   + charset-normalizer                3.4.1  pyhd8ed1ab_0        conda-forge      47kB
2025-01-21T13:49:47.4456190Z   + click                             8.1.8  pyh707e725_0        conda-forge      85kB
2025-01-21T13:49:47.4461040Z   + click-default-group               1.2.4  pyhd8ed1ab_1        conda-forge      10kB
2025-01-21T13:49:47.4461560Z   + clikit                            0.6.2  pyhd8ed1ab_3        conda-forge      64kB
2025-01-21T13:49:47.4461940Z   + conda-lock                        2.5.7  pyhd8ed1ab_1        conda-forge     884kB
2025-01-21T13:49:47.4462370Z   + crashtest                         0.4.1  pyhd8ed1ab_1        conda-forge      12kB
2025-01-21T13:49:47.4462870Z   + distlib                           0.3.9  pyhd8ed1ab_1        conda-forge     274kB
2025-01-21T13:49:47.4463280Z   + ensureconda                       1.4.4  pyhd8ed1ab_1        conda-forge      14kB
2025-01-21T13:49:47.4463730Z   + filelock                         3.16.1  pyhd8ed1ab_1        conda-forge      17kB
2025-01-21T13:49:47.4464080Z   + gitdb                            4.0.12  pyhd8ed1ab_0        conda-forge      53kB
2025-01-21T13:49:47.4464480Z   + gitpython                        3.1.44  pyhff2d567_0        conda-forge     157kB
2025-01-21T13:49:47.4464920Z   + html5lib                            1.1  pyhd8ed1ab_2        conda-forge      95kB
2025-01-21T13:49:47.4465320Z   + idna                               3.10  pyhd8ed1ab_1        conda-forge      50kB
2025-01-21T13:49:47.4465720Z   + importlib-metadata                8.6.1  pyha770c72_0        conda-forge      29kB
2025-01-21T13:49:47.4466340Z   + importlib_resources               6.5.2  pyhd8ed1ab_0        conda-forge      34kB
2025-01-21T13:49:47.4466890Z   + jaraco.classes                    3.4.0  pyhd8ed1ab_2        conda-forge      12kB
2025-01-21T13:49:47.4467290Z   + jaraco.context                    6.0.1  pyhd8ed1ab_0        conda-forge      12kB
2025-01-21T13:49:47.4467850Z   + jaraco.functools                  4.1.0  pyhd8ed1ab_0        conda-forge      16kB
2025-01-21T13:49:47.4468280Z   + jinja2                            3.1.5  pyhd8ed1ab_0        conda-forge     113kB
2025-01-21T13:49:47.4469170Z   + keyring                          25.6.0  pyh534df25_0        conda-forge      37kB
2025-01-21T13:49:47.4469710Z   + libcxx                           19.1.7  ha82da77_0          conda-forge     524kB
2025-01-21T13:49:47.4470050Z   + libexpat                          2.6.4  h286801f_0          conda-forge      65kB
2025-01-21T13:49:47.4470620Z   + libffi                            3.4.2  h3422bc3_5          conda-forge      39kB
2025-01-21T13:49:47.4471060Z   + liblzma                           5.6.3  h39f12f2_1          conda-forge      99kB
2025-01-21T13:49:47.4471410Z   + libmpdec                          4.0.0  h99b78c6_0          conda-forge      69kB
2025-01-21T13:49:47.4471760Z   + libsqlite                        3.48.0  h3f77e49_0          conda-forge     853kB
2025-01-21T13:49:47.4472190Z   + libzlib                           1.3.1  h8359307_2          conda-forge      46kB
2025-01-21T13:49:47.4473590Z   + markupsafe                        3.0.2  py313ha9b7d5b_1     conda-forge      25kB
2025-01-21T13:49:47.4474090Z   + more-itertools                   10.6.0  pyhd8ed1ab_0        conda-forge      59kB
2025-01-21T13:49:47.4474580Z   + msgpack-python                    1.1.0  py313hf9c7212_0     conda-forge      92kB
2025-01-21T13:49:47.4475010Z   + ncurses                             6.5  h5e97a16_2          conda-forge     797kB
2025-01-21T13:49:47.4475700Z   + openssl                           3.4.0  h81ee809_1          conda-forge       3MB
2025-01-21T13:49:47.4476050Z   + packaging                          24.2  pyhd8ed1ab_2        conda-forge      60kB
2025-01-21T13:49:47.4476430Z   + pastel                            0.2.1  pyhd8ed1ab_0        conda-forge      10kB
2025-01-21T13:49:47.4477560Z   + pip                              24.3.1  pyh145f28c_2        conda-forge       1MB
2025-01-21T13:49:47.4478060Z   + pkginfo                          1.12.0  pyhd8ed1ab_1        conda-forge      30kB
2025-01-21T13:49:47.4478480Z   + platformdirs                      4.3.6  pyhd8ed1ab_1        conda-forge      20kB
2025-01-21T13:49:47.4479020Z   + pydantic                         2.10.5  pyh3cfb1c2_0        conda-forge     297kB
2025-01-21T13:49:47.4479410Z   + pydantic-core                    2.27.2  py313hdde674f_0     conda-forge       2MB
2025-01-21T13:49:47.4479780Z   + pylev                             1.4.0  pyhd8ed1ab_0        conda-forge       9kB
2025-01-21T13:49:47.4480220Z   + pysocks                           1.7.1  pyha55dd90_7        conda-forge      21kB
2025-01-21T13:49:47.4480650Z   + python                           3.13.1  h4f43103_105_cp313  conda-forge      13MB
2025-01-21T13:49:47.4480990Z   + python_abi                         3.13  5_cp313             conda-forge       6kB
2025-01-21T13:49:47.4481420Z   + pyyaml                            6.0.2  py313ha9b7d5b_2     conda-forge     194kB
2025-01-21T13:49:47.4481750Z   + readline                            8.2  h92ec313_1          conda-forge     250kB
2025-01-21T13:49:47.4482080Z   + requests                         2.32.3  pyhd8ed1ab_1        conda-forge      59kB
2025-01-21T13:49:47.4482570Z   + ruamel.yaml                     0.18.10  py313h90d716c_0     conda-forge     270kB
2025-01-21T13:49:47.4483240Z   + ruamel.yaml.clib                  0.2.8  py313h63a2874_1     conda-forge     116kB
2025-01-21T13:49:47.4483710Z   + setuptools                       75.8.0  pyhff2d567_0        conda-forge     776kB
2025-01-21T13:49:47.4484050Z   + six                              1.17.0  pyhd8ed1ab_0        conda-forge      16kB
2025-01-21T13:49:47.4484380Z   + smmap                             5.0.0  pyhd8ed1ab_0        conda-forge      22kB
2025-01-21T13:49:47.4484880Z   + tk                               8.6.13  h5083fa2_1          conda-forge       3MB
2025-01-21T13:49:47.4485250Z   + tomli                             2.2.1  pyhd8ed1ab_1        conda-forge      19kB
2025-01-21T13:49:47.4485660Z   + tomlkit                          0.13.2  pyha770c72_1        conda-forge      37kB
2025-01-21T13:49:47.4486060Z   + toolz                            0.12.1  pyhd8ed1ab_0        conda-forge      52kB
2025-01-21T13:49:47.4486800Z   + typing-extensions                4.12.2  hd8ed1ab_1          conda-forge      10kB
2025-01-21T13:49:47.4487220Z   + typing_extensions                4.12.2  pyha770c72_1        conda-forge      40kB
2025-01-21T13:49:47.4487830Z   + tzdata                            2025a  h78e105d_0          conda-forge     123kB
2025-01-21T13:49:47.4488180Z   + urllib3                         1.26.19  pyhd8ed1ab_0        conda-forge     115kB
2025-01-21T13:49:47.4488520Z   + virtualenv                      20.29.1  pyhd8ed1ab_0        conda-forge       4MB
2025-01-21T13:49:47.4488930Z   + webencodings                      0.5.1  pyhd8ed1ab_3        conda-forge      15kB
2025-01-21T13:49:47.4489380Z   + yaml                              0.2.5  h3422bc3_2          conda-forge      88kB
2025-01-21T13:49:47.4489700Z   + zipp                             3.21.0  pyhd8ed1ab_1        conda-forge      22kB
2025-01-21T13:49:47.4489950Z 
2025-01-21T13:49:47.4490040Z   Summary:
2025-01-21T13:49:47.4490180Z 
2025-01-21T13:49:47.4490230Z   Install: 74 packages
2025-01-21T13:49:47.4490490Z 
2025-01-21T13:49:47.4490570Z   Total download: 34MB
2025-01-21T13:49:47.4490660Z 
2025-01-21T13:49:47.4490970Z ────────────────────────────────────────────────────────────────────────────────────────
2025-01-21T13:49:47.4491880Z 
2025-01-21T13:49:47.4491880Z 
2025-01-21T13:49:47.4491890Z 
2025-01-21T13:49:47.4491950Z Transaction starting
2025-01-21T13:49:50.6328490Z Linking libexpat-2.6.4-h286801f_0
2025-01-21T13:49:50.6334610Z Linking libmpdec-4.0.0-h99b78c6_0
2025-01-21T13:49:50.6341100Z Linking python_abi-3.13-5_cp313
2025-01-21T13:49:50.6343860Z Linking ncurses-6.5-h5e97a16_2
2025-01-21T13:49:54.2803090Z Linking bzip2-1.0.8-h99b78c6_7
2025-01-21T13:49:54.2916950Z Linking liblzma-5.6.3-h39f12f2_1
2025-01-21T13:49:54.2924830Z Linking libzlib-1.3.1-h8359307_2
2025-01-21T13:49:54.2935450Z Linking libffi-3.4.2-h3422bc3_5
2025-01-21T13:49:54.3136290Z Linking ca-certificates-2024.12.14-hf0a4a13_0
2025-01-21T13:49:54.3139660Z Linking libcxx-19.1.7-ha82da77_0
2025-01-21T13:49:54.3154610Z Linking yaml-0.2.5-h3422bc3_2
2025-01-21T13:49:54.3214500Z Linking readline-8.2-h92ec313_1
2025-01-21T13:49:54.3224810Z Linking tk-8.6.13-h5083fa2_1
2025-01-21T13:49:54.4919330Z Linking libsqlite-3.48.0-h3f77e49_0
2025-01-21T13:49:54.4996730Z Linking openssl-3.4.0-h81ee809_1
2025-01-21T13:49:54.5652810Z Linking tzdata-2025a-h78e105d_0
2025-01-21T13:49:54.7129220Z Linking python-3.13.1-h4f43103_105_cp313
2025-01-21T13:49:55.3662280Z Linking pip-24.3.1-pyh145f28c_2
2025-01-21T13:49:55.4825100Z Linking backports-1.0-pyhd8ed1ab_5
2025-01-21T13:49:55.4825740Z Linking appdirs-1.4.4-pyhd8ed1ab_1
2025-01-21T13:49:55.4851630Z Linking smmap-5.0.0-pyhd8ed1ab_0
2025-01-21T13:49:55.4907460Z Linking webencodings-0.5.1-pyhd8ed1ab_3
2025-01-21T13:49:55.5026510Z Linking six-1.17.0-pyhd8ed1ab_0
2025-01-21T13:49:55.5046990Z Linking zipp-3.21.0-pyhd8ed1ab_1
2025-01-21T13:49:55.5084850Z Linking more-itertools-10.6.0-pyhd8ed1ab_0
2025-01-21T13:49:55.5176190Z Linking idna-3.10-pyhd8ed1ab_1
2025-01-21T13:49:55.5232650Z Linking charset-normalizer-3.4.1-pyhd8ed1ab_0
2025-01-21T13:49:55.5355400Z Linking certifi-2024.12.14-pyhd8ed1ab_0
2025-01-21T13:49:55.5457400Z Linking pysocks-1.7.1-pyha55dd90_7
2025-01-21T13:49:55.5498840Z Linking platformdirs-4.3.6-pyhd8ed1ab_1
2025-01-21T13:49:55.5528360Z Linking distlib-0.3.9-pyhd8ed1ab_1
2025-01-21T13:49:55.5620210Z Linking filelock-3.16.1-pyhd8ed1ab_1
2025-01-21T13:49:55.5675190Z Linking pylev-1.4.0-pyhd8ed1ab_0
2025-01-21T13:49:55.5784170Z Linking pastel-0.2.1-pyhd8ed1ab_0
2025-01-21T13:49:55.5857450Z Linking typing_extensions-4.12.2-pyha770c72_1
2025-01-21T13:49:55.5883660Z Linking toolz-0.12.1-pyhd8ed1ab_0
2025-01-21T13:49:55.6070050Z Linking tomlkit-0.13.2-pyha770c72_1
2025-01-21T13:49:55.6201780Z Linking tomli-2.2.1-pyhd8ed1ab_1
2025-01-21T13:49:55.6302670Z Linking setuptools-75.8.0-pyhff2d567_0
2025-01-21T13:49:55.8398260Z Linking pkginfo-1.12.0-pyhd8ed1ab_1
2025-01-21T13:49:55.8620800Z Linking packaging-24.2-pyhd8ed1ab_2
2025-01-21T13:49:55.8836080Z Linking crashtest-0.4.1-pyhd8ed1ab_1
2025-01-21T13:49:55.8991800Z Linking click-8.1.8-pyh707e725_0
2025-01-21T13:49:55.9094650Z Linking cachy-0.3.0-pyhd8ed1ab_2
2025-01-21T13:49:55.9418950Z Linking backports.tarfile-1.2.0-pyhd8ed1ab_1
2025-01-21T13:49:55.9521730Z Linking gitdb-4.0.12-pyhd8ed1ab_0
2025-01-21T13:49:55.9625010Z Linking html5lib-1.1-pyhd8ed1ab_2
2025-01-21T13:49:55.9947730Z Linking importlib_resources-6.5.2-pyhd8ed1ab_0
2025-01-21T13:49:56.0251090Z Linking importlib-metadata-8.6.1-pyha770c72_0
2025-01-21T13:49:56.0363520Z Linking jaraco.functools-4.1.0-pyhd8ed1ab_0
2025-01-21T13:49:56.0465620Z Linking jaraco.classes-3.4.0-pyhd8ed1ab_2
2025-01-21T13:49:56.0568750Z Linking virtualenv-20.29.1-pyhd8ed1ab_0
2025-01-21T13:49:56.0956890Z Linking clikit-0.6.2-pyhd8ed1ab_3
2025-01-21T13:49:56.2323950Z Linking typing-extensions-4.12.2-hd8ed1ab_1
2025-01-21T13:49:56.2425470Z Linking click-default-group-1.2.4-pyhd8ed1ab_1
2025-01-21T13:49:56.2527340Z Linking jaraco.context-6.0.1-pyhd8ed1ab_0
2025-01-21T13:49:56.2627740Z Linking gitpython-3.1.44-pyhff2d567_0
2025-01-21T13:49:56.2739910Z Linking annotated-types-0.7.0-pyhd8ed1ab_1
2025-01-21T13:49:56.2982820Z Linking keyring-25.6.0-pyh534df25_0
2025-01-21T13:49:56.3322740Z Linking pyyaml-6.0.2-py313ha9b7d5b_2
2025-01-21T13:49:56.3725790Z Linking markupsafe-3.0.2-py313ha9b7d5b_1
2025-01-21T13:49:56.3827300Z Linking msgpack-python-1.1.0-py313hf9c7212_0
2025-01-21T13:49:56.3928510Z Linking ruamel.yaml.clib-0.2.8-py313h63a2874_1
2025-01-21T13:49:56.4029640Z Linking brotli-python-1.1.0-py313h3579c5c_2
2025-01-21T13:49:56.4132110Z Linking pydantic-core-2.27.2-py313hdde674f_0
2025-01-21T13:49:56.4257680Z Linking ruamel.yaml-0.18.10-py313h90d716c_0
2025-01-21T13:49:56.4542200Z Linking jinja2-3.1.5-pyhd8ed1ab_0
2025-01-21T13:49:56.4855760Z Linking urllib3-1.26.19-pyhd8ed1ab_0
2025-01-21T13:49:56.5165270Z Linking pydantic-2.10.5-pyh3cfb1c2_0
2025-01-21T13:49:56.6129980Z Linking requests-2.32.3-pyhd8ed1ab_1
2025-01-21T13:49:56.6345240Z Linking ensureconda-1.4.4-pyhd8ed1ab_1
2025-01-21T13:49:56.6465440Z Linking cachecontrol-0.14.2-pyha770c72_0
2025-01-21T13:49:56.6572010Z Linking cachecontrol-with-filecache-0.14.2-pyhd8ed1ab_0
2025-01-21T13:49:56.6607490Z Linking conda-lock-2.5.7-pyhd8ed1ab_1
2025-01-21T13:49:58.1906480Z 
2025-01-21T13:49:58.1907530Z Transaction finished
2025-01-21T13:49:58.1908070Z 
2025-01-21T13:49:58.1908550Z To activate this environment, use:
2025-01-21T13:49:58.1909240Z 
2025-01-21T13:49:58.1909530Z     micromamba activate tardis-base
2025-01-21T13:49:58.1910030Z 
2025-01-21T13:49:58.1910630Z Or to execute a single command in this environment, use:
2025-01-21T13:49:58.1911460Z 
2025-01-21T13:49:58.1911840Z     micromamba run -n tardis-base mycommand
2025-01-21T13:49:58.1912400Z 
2025-01-21T13:49:58.2231950Z ##[endgroup]
2025-01-21T13:49:58.2233510Z Adding environment tardis-base to auto-activate bash ...
2025-01-21T13:49:58.2297110Z Generating micromamba run shell.
2025-01-21T13:49:58.2347650Z ##[endgroup]
2025-01-21T13:49:58.2350310Z Set environment variables.
2025-01-21T13:49:58.2355700Z ##[group]micromamba info
2025-01-21T13:49:58.2362140Z [command]/Users/runner/work/tardis/micromamba info -r /Users/runner/micromamba -n tardis-base
2025-01-21T13:49:58.2946870Z 
2025-01-21T13:49:58.2947620Z        libmamba version : 2.0.5
2025-01-21T13:49:58.2948420Z      micromamba version : 2.0.5
2025-01-21T13:49:58.2950000Z            curl version : libcurl/8.11.1 (OpenSSL/3.4.0) SecureTransport zlib/1.3.1 zstd/1.5.6 libssh2/1.11.1 nghttp2/1.64.0
2025-01-21T13:49:58.2952220Z      libarchive version : libarchive 3.7.7 zlib/1.3.1 bz2lib/1.0.8 libzstd/1.5.6
2025-01-21T13:49:58.2952960Z        envs directories : /Users/runner/micromamba/envs
2025-01-21T13:49:58.2953310Z           package cache : /Users/runner/micromamba/pkgs
2025-01-21T13:49:58.2953550Z                           /Users/runner/.mamba/pkgs
2025-01-21T13:49:58.2953890Z             environment : tardis-base
2025-01-21T13:49:58.2954180Z            env location : /Users/runner/micromamba/envs/tardis-base
2025-01-21T13:49:58.2955220Z       user config files : /Users/runner/.mambarc
2025-01-21T13:49:58.2955710Z  populated config files : /Users/runner/work/_temp/setup-micromamba/.condarc
2025-01-21T13:49:58.2956640Z        virtual packages : __unix=0=0
2025-01-21T13:49:58.2956950Z                           __osx=14.7.2=0
2025-01-21T13:49:58.2957340Z                           __archspec=1=arm64
2025-01-21T13:49:58.2958200Z                channels : https://conda.anaconda.org/conda-forge/noarch
2025-01-21T13:49:58.2958810Z                           https://conda.anaconda.org/conda-forge/osx-arm64
2025-01-21T13:49:58.2959200Z        base environment : /Users/runner/micromamba
2025-01-21T13:49:58.2959530Z                platform : osx-arm64
2025-01-21T13:49:58.2960270Z ##[endgroup]
2025-01-21T13:49:58.2960700Z ##[group]micromamba list
2025-01-21T13:49:58.2961420Z [command]/Users/runner/work/tardis/micromamba list -r /Users/runner/micromamba -n tardis-base
2025-01-21T13:49:58.9299630Z List of packages in environment: "/Users/runner/micromamba/envs/tardis-base"
2025-01-21T13:49:58.9401010Z 
2025-01-21T13:49:58.9502030Z   Name                         Version     Build               Channel    
2025-01-21T13:49:58.9604130Z ────────────────────────────────────────────────────────────────────────────
2025-01-21T13:49:58.9704430Z   annotated-types              0.7.0       pyhd8ed1ab_1        conda-forge
2025-01-21T13:49:58.9806410Z   appdirs                      1.4.4       pyhd8ed1ab_1        conda-forge
2025-01-21T13:49:58.9906300Z   backports                    1.0         pyhd8ed1ab_5        conda-forge
2025-01-21T13:49:59.0007840Z   backports.tarfile            1.2.0       pyhd8ed1ab_1        conda-forge
2025-01-21T13:49:59.0109130Z   brotli-python                1.1.0       py313h3579c5c_2     conda-forge
2025-01-21T13:49:59.0209310Z   bzip2                        1.0.8       h99b78c6_7          conda-forge
2025-01-21T13:49:59.0310960Z   ca-certificates              2024.12.14  hf0a4a13_0          conda-forge
2025-01-21T13:49:59.0413240Z   cachecontrol                 0.14.2      pyha770c72_0        conda-forge
2025-01-21T13:49:59.0514790Z   cachecontrol-with-filecache  0.14.2      pyhd8ed1ab_0        conda-forge
2025-01-21T13:49:59.0616110Z   cachy                        0.3.0       pyhd8ed1ab_2        conda-forge
2025-01-21T13:49:59.0717330Z   certifi                      2024.12.14  pyhd8ed1ab_0        conda-forge
2025-01-21T13:49:59.0818760Z   charset-normalizer           3.4.1       pyhd8ed1ab_0        conda-forge
2025-01-21T13:49:59.0920830Z   click                        8.1.8       pyh707e725_0        conda-forge
2025-01-21T13:49:59.1023050Z   click-default-group          1.2.4       pyhd8ed1ab_1        conda-forge
2025-01-21T13:49:59.1124560Z   clikit                       0.6.2       pyhd8ed1ab_3        conda-forge
2025-01-21T13:49:59.1226770Z   conda-lock                   2.5.7       pyhd8ed1ab_1        conda-forge
2025-01-21T13:49:59.1329140Z   crashtest                    0.4.1       pyhd8ed1ab_1        conda-forge
2025-01-21T13:49:59.1414300Z   distlib                      0.3.9       pyhd8ed1ab_1        conda-forge
2025-01-21T13:49:59.1503550Z   ensureconda                  1.4.4       pyhd8ed1ab_1        conda-forge
2025-01-21T13:49:59.1551170Z   filelock                     3.16.1      pyhd8ed1ab_1        conda-forge
2025-01-21T13:49:59.1652650Z   gitdb                        4.0.12      pyhd8ed1ab_0        conda-forge
2025-01-21T13:49:59.1711800Z   gitpython                    3.1.44      pyhff2d567_0        conda-forge
2025-01-21T13:49:59.1803240Z   html5lib                     1.1         pyhd8ed1ab_2        conda-forge
2025-01-21T13:49:59.1829660Z   idna                         3.10        pyhd8ed1ab_1        conda-forge
2025-01-21T13:49:59.1830820Z   importlib-metadata           8.6.1       pyha770c72_0        conda-forge
2025-01-21T13:49:59.1832620Z   importlib_resources          6.5.2       pyhd8ed1ab_0        conda-forge
2025-01-21T13:49:59.1834310Z   jaraco.classes               3.4.0       pyhd8ed1ab_2        conda-forge
2025-01-21T13:49:59.1863860Z   jaraco.context               6.0.1       pyhd8ed1ab_0        conda-forge
2025-01-21T13:49:59.1864320Z   jaraco.functools             4.1.0       pyhd8ed1ab_0        conda-forge
2025-01-21T13:49:59.1865260Z   jinja2                       3.1.5       pyhd8ed1ab_0        conda-forge
2025-01-21T13:49:59.1865660Z   keyring                      25.6.0      pyh534df25_0        conda-forge
2025-01-21T13:49:59.1866340Z   libcxx                       19.1.7      ha82da77_0          conda-forge
2025-01-21T13:49:59.1866690Z   libexpat                     2.6.4       h286801f_0          conda-forge
2025-01-21T13:49:59.1867010Z   libffi                       3.4.2       h3422bc3_5          conda-forge
2025-01-21T13:49:59.1867410Z   liblzma                      5.6.3       h39f12f2_1          conda-forge
2025-01-21T13:49:59.1867740Z   libmpdec                     4.0.0       h99b78c6_0          conda-forge
2025-01-21T13:49:59.1868080Z   libsqlite                    3.48.0      h3f77e49_0          conda-forge
2025-01-21T13:49:59.1868470Z   libzlib                      1.3.1       h8359307_2          conda-forge
2025-01-21T13:49:59.1868830Z   markupsafe                   3.0.2       py313ha9b7d5b_1     conda-forge
2025-01-21T13:49:59.1869220Z   more-itertools               10.6.0      pyhd8ed1ab_0        conda-forge
2025-01-21T13:49:59.1869640Z   msgpack-python               1.1.0       py313hf9c7212_0     conda-forge
2025-01-21T13:49:59.1869980Z   ncurses                      6.5         h5e97a16_2          conda-forge
2025-01-21T13:49:59.1870250Z   openssl                      3.4.0       h81ee809_1          conda-forge
2025-01-21T13:49:59.1870650Z   packaging                    24.2        pyhd8ed1ab_2        conda-forge
2025-01-21T13:49:59.1870980Z   pastel                       0.2.1       pyhd8ed1ab_0        conda-forge
2025-01-21T13:49:59.1871310Z   pip                          24.3.1      pyh145f28c_2        conda-forge
2025-01-21T13:49:59.1871640Z   pkginfo                      1.12.0      pyhd8ed1ab_1        conda-forge
2025-01-21T13:49:59.1871930Z   platformdirs                 4.3.6       pyhd8ed1ab_1        conda-forge
2025-01-21T13:49:59.1872270Z   pydantic                     2.10.5      pyh3cfb1c2_0        conda-forge
2025-01-21T13:49:59.1872640Z   pydantic-core                2.27.2      py313hdde674f_0     conda-forge
2025-01-21T13:49:59.1872970Z   pylev                        1.4.0       pyhd8ed1ab_0        conda-forge
2025-01-21T13:49:59.1873280Z   pysocks                      1.7.1       pyha55dd90_7        conda-forge
2025-01-21T13:49:59.1873590Z   python                       3.13.1      h4f43103_105_cp313  conda-forge
2025-01-21T13:49:59.1873960Z   python_abi                   3.13        5_cp313             conda-forge
2025-01-21T13:49:59.1874220Z   pyyaml                       6.0.2       py313ha9b7d5b_2     conda-forge
2025-01-21T13:49:59.1874540Z   readline                     8.2         h92ec313_1          conda-forge
2025-01-21T13:49:59.1874940Z   requests                     2.32.3      pyhd8ed1ab_1        conda-forge
2025-01-21T13:49:59.1875280Z   ruamel.yaml                  0.18.10     py313h90d716c_0     conda-forge
2025-01-21T13:49:59.1875620Z   ruamel.yaml.clib             0.2.8       py313h63a2874_1     conda-forge
2025-01-21T13:49:59.1876010Z   setuptools                   75.8.0      pyhff2d567_0        conda-forge
2025-01-21T13:49:59.1876280Z   six                          1.17.0      pyhd8ed1ab_0        conda-forge
2025-01-21T13:49:59.1876610Z   smmap                        5.0.0       pyhd8ed1ab_0        conda-forge
2025-01-21T13:49:59.1876890Z   tk                           8.6.13      h5083fa2_1          conda-forge
2025-01-21T13:49:59.1877190Z   tomli                        2.2.1       pyhd8ed1ab_1        conda-forge
2025-01-21T13:49:59.1877490Z   tomlkit                      0.13.2      pyha770c72_1        conda-forge
2025-01-21T13:49:59.1877910Z   toolz                        0.12.1      pyhd8ed1ab_0        conda-forge
2025-01-21T13:49:59.1878630Z   typing-extensions            4.12.2      hd8ed1ab_1          conda-forge
2025-01-21T13:49:59.1879080Z   typing_extensions            4.12.2      pyha770c72_1        conda-forge
2025-01-21T13:49:59.1879700Z   tzdata                       2025a       h78e105d_0          conda-forge
2025-01-21T13:49:59.1880030Z   urllib3                      1.26.19     pyhd8ed1ab_0        conda-forge
2025-01-21T13:49:59.1880450Z   virtualenv                   20.29.1     pyhd8ed1ab_0        conda-forge
2025-01-21T13:49:59.1880780Z   webencodings                 0.5.1       pyhd8ed1ab_3        conda-forge
2025-01-21T13:49:59.1881120Z   yaml                         0.2.5       h3422bc3_2          conda-forge
2025-01-21T13:49:59.1881480Z   zipp                         3.21.0      pyhd8ed1ab_1        conda-forge
2025-01-21T13:49:59.1882130Z ##[endgroup]
2025-01-21T13:49:59.2119140Z ##[group]Run mkdir -p ../micromamba/envs/tardis
2025-01-21T13:49:59.2119490Z [36;1mmkdir -p ../micromamba/envs/tardis[0m
2025-01-21T13:49:59.2119960Z [36;1mconda-lock install --prefix ../micromamba/envs/tardis conda-osx-arm64.lock[0m
2025-01-21T13:49:59.2120310Z [36;1mmicromamba activate tardis[0m
2025-01-21T13:49:59.2218630Z shell: /bin/bash -el {0}
2025-01-21T13:49:59.2219260Z env:
2025-01-21T13:49:59.2219770Z   CACHE_NUMBER: 0
2025-01-21T13:49:59.2221210Z   PYTEST_FLAGS: --tardis-regression-data=/Users/runner/work/tardis/tardis/tardis-regression-data --cov=tardis --cov-report=xml --cov-report=html --cov-append
2025-01-21T13:49:59.2222690Z   CODECOV_TOKEN: 
2025-01-21T13:49:59.2223270Z   MAMBA_ROOT_PREFIX: /Users/runner/micromamba
2025-01-21T13:49:59.2224130Z   MAMBA_EXE: /Users/runner/work/tardis/micromamba
2025-01-21T13:49:59.2224610Z   CONDARC: /Users/runner/work/_temp/setup-micromamba/.condarc
2025-01-21T13:49:59.2224910Z ##[endgroup]
2025-01-21T13:49:59.5240920Z mkdir: ../micromamba: Not a directory
2025-01-21T13:49:59.5264540Z ##[error]Process completed with exit code 1.
2025-01-21T13:49:59.5540600Z Post job cleanup.
2025-01-21T13:49:59.5596500Z Post job cleanup.
2025-01-21T13:49:59.7903560Z Will download micromamba to /Users/runner/work/tardis/micromamba
2025-01-21T13:49:59.8214550Z Removing micromamba run shell ...
2025-01-21T13:49:59.8317260Z ##[group]Deinitialize micromamba for bash
2025-01-21T13:49:59.8443920Z [command]/Users/runner/work/tardis/micromamba shell deinit -s bash -r /Users/runner/micromamba --log-level warning --rc-file /Users/runner/work/_temp/setup-micromamba/.condarc
2025-01-21T13:49:59.8445420Z Resetting RC file "/Users/runner/.bash_profile"
2025-01-21T13:49:59.8445810Z Deleting config for root prefix 
2025-01-21T13:49:59.8446140Z Clearing mamba executable environment variable
2025-01-21T13:49:59.8446590Z Removing the following in your "/Users/runner/.bash_profile" file
2025-01-21T13:49:59.8446950Z # >>> mamba initialize >>>
2025-01-21T13:49:59.8447230Z ...
2025-01-21T13:49:59.8447490Z # <<< mamba initialize <<<
2025-01-21T13:49:59.8450080Z Removing environment tardis-base from auto-activate bash ...
2025-01-21T13:49:59.8651470Z Post job cleanup.
2025-01-21T13:50:00.0691050Z [command]/opt/homebrew/bin/git version
2025-01-21T13:50:00.0990770Z git version 2.48.0
2025-01-21T13:50:00.1024110Z Copying '/Users/runner/.gitconfig' to '/Users/runner/work/_temp/3644b386-af23-469b-9215-3a80d4b34333/.gitconfig'
2025-01-21T13:50:00.1028290Z Temporarily overriding HOME='/Users/runner/work/_temp/3644b386-af23-469b-9215-3a80d4b34333' before making global git config changes
2025-01-21T13:50:00.1029380Z Adding repository directory to the temporary git global config as a safe directory
2025-01-21T13:50:00.1033630Z [command]/opt/homebrew/bin/git config --global --add safe.directory /Users/runner/work/tardis/tardis
2025-01-21T13:50:00.1201690Z [command]/opt/homebrew/bin/git config --local --name-only --get-regexp core\.sshCommand
2025-01-21T13:50:00.1292910Z [command]/opt/homebrew/bin/git submodule foreach --recursive sh -c "git config --local --name-only --get-regexp 'core\.sshCommand' && git config --local --unset-all 'core.sshCommand' || :"
2025-01-21T13:50:00.2451730Z [command]/opt/homebrew/bin/git config --local --name-only --get-regexp http\.https\:\/\/github\.com\/\.extraheader
2025-01-21T13:50:00.2462070Z http.https://github.com/.extraheader
2025-01-21T13:50:00.2532960Z [command]/opt/homebrew/bin/git config --local --unset-all http.https://github.com/.extraheader
2025-01-21T13:50:00.2583910Z [command]/opt/homebrew/bin/git submodule foreach --recursive sh -c "git config --local --name-only --get-regexp 'http\.https\:\/\/github\.com\/\.extraheader' && git config --local --unset-all 'http.https://github.com/.extraheader' || :"
2025-01-21T13:50:00.4290910Z Cleaning up orphan processes
