2025-01-21T11:35:28.9731515Z Requested labels: macos-latest
2025-01-21T11:35:28.9732013Z Job defined at: tardis-sn/tardis/.github/workflows/tests.yml@refs/pull/2872/merge
2025-01-21T11:35:28.9732131Z Waiting for a runner to pick up this job...
2025-01-21T11:35:29.2212947Z Job is waiting for a hosted runner to come online.
2025-01-21T11:35:32.0363628Z Job is about to start running on the hosted runner: GitHub Actions 52 (hosted)
2025-01-21T11:35:33.4783410Z Current runner version: '2.321.0'
2025-01-21T11:35:33.4800940Z ##[group]Operating System
2025-01-21T11:35:33.4801420Z macOS
2025-01-21T11:35:33.4801730Z 14.7.2
2025-01-21T11:35:33.4802050Z 23H311
2025-01-21T11:35:33.4802360Z ##[endgroup]
2025-01-21T11:35:33.4802700Z ##[group]Runner Image
2025-01-21T11:35:33.4803060Z Image: macos-14-arm64
2025-01-21T11:35:33.4803390Z Version: 20250113.751
2025-01-21T11:35:33.4804090Z Included Software: https://github.com/actions/runner-images/blob/macos-14-arm64/20250113.751/images/macos/macos-14-arm64-Readme.md
2025-01-21T11:35:33.4805040Z Image Release: https://github.com/actions/runner-images/releases/tag/macos-14-arm64%2F20250113.751
2025-01-21T11:35:33.4805630Z ##[endgroup]
2025-01-21T11:35:33.4805950Z ##[group]Runner Image Provisioner
2025-01-21T11:35:33.4806370Z 2.0.414.1+2ecee806bcbb7b5d267443ac0090547f461e95b1
2025-01-21T11:35:33.4806780Z ##[endgroup]
2025-01-21T11:35:33.4808140Z ##[group]GITHUB_TOKEN Permissions
2025-01-21T11:35:33.4809360Z Actions: read
2025-01-21T11:35:33.4809700Z Attestations: read
2025-01-21T11:35:33.4810140Z Checks: read
2025-01-21T11:35:33.4810440Z Contents: read
2025-01-21T11:35:33.4810870Z Deployments: read
2025-01-21T11:35:33.4811250Z Discussions: read
2025-01-21T11:35:33.4811560Z Issues: read
2025-01-21T11:35:33.4811870Z Metadata: read
2025-01-21T11:35:33.4812190Z Packages: read
2025-01-21T11:35:33.4812490Z Pages: read
2025-01-21T11:35:33.4812800Z PullRequests: read
2025-01-21T11:35:33.4813130Z RepositoryProjects: read
2025-01-21T11:35:33.4813550Z SecurityEvents: read
2025-01-21T11:35:33.4813890Z Statuses: read
2025-01-21T11:35:33.4814200Z ##[endgroup]
2025-01-21T11:35:33.4816300Z Secret source: None
2025-01-21T11:35:33.4816730Z Prepare workflow directory
2025-01-21T11:35:33.5131560Z Prepare all required actions
2025-01-21T11:35:33.5155720Z Getting action download info
2025-01-21T11:35:33.6862090Z Download action repository 'actions/checkout@v4' (SHA:11bd71901bbe5b1630ceea73d27597364c9af683)
2025-01-21T11:35:34.1343380Z Download action repository 'actions/upload-artifact@v4' (SHA:65c4c4a1ddee5b72f698fdd19549f0f0fb45cf08)
2025-01-21T11:35:35.4280230Z Complete job name: not continuum macos-latest 
2025-01-21T11:35:35.4732780Z ##[group]Run actions/checkout@v4
2025-01-21T11:35:35.4733450Z with:
2025-01-21T11:35:35.4733790Z   repository: tardis-sn/tardis
2025-01-21T11:35:35.4734410Z   token: ***
2025-01-21T11:35:35.4734710Z   ssh-strict: true
2025-01-21T11:35:35.4735020Z   ssh-user: git
2025-01-21T11:35:35.4735350Z   persist-credentials: true
2025-01-21T11:35:35.4735710Z   clean: true
2025-01-21T11:35:35.4736030Z   sparse-checkout-cone-mode: true
2025-01-21T11:35:35.4736400Z   fetch-depth: 1
2025-01-21T11:35:35.4736700Z   fetch-tags: false
2025-01-21T11:35:35.4737000Z   show-progress: true
2025-01-21T11:35:35.4737310Z   lfs: false
2025-01-21T11:35:35.4737600Z   submodules: false
2025-01-21T11:35:35.4737920Z   set-safe-directory: true
2025-01-21T11:35:35.4738360Z env:
2025-01-21T11:35:35.4738670Z   CACHE_NUMBER: 0
2025-01-21T11:35:35.4739530Z   PYTEST_FLAGS: --tardis-regression-data=/Users/runner/work/tardis/tardis/tardis-regression-data --cov=tardis --cov-report=xml --cov-report=html --cov-append
2025-01-21T11:35:35.4740470Z   CODECOV_TOKEN: 
2025-01-21T11:35:35.4740770Z ##[endgroup]
2025-01-21T11:35:35.7495360Z Syncing repository: tardis-sn/tardis
2025-01-21T11:35:35.7496950Z ##[group]Getting Git version info
2025-01-21T11:35:35.7497480Z Working directory is '/Users/runner/work/tardis/tardis'
2025-01-21T11:35:35.7498220Z [command]/opt/homebrew/bin/git version
2025-01-21T11:35:35.7730480Z git version 2.48.0
2025-01-21T11:35:35.7761050Z ##[endgroup]
2025-01-21T11:35:35.7775310Z Copying '/Users/runner/.gitconfig' to '/Users/runner/work/_temp/0a4a5ee3-342e-4c4f-a214-7936a344ac5b/.gitconfig'
2025-01-21T11:35:35.7780700Z Temporarily overriding HOME='/Users/runner/work/_temp/0a4a5ee3-342e-4c4f-a214-7936a344ac5b' before making global git config changes
2025-01-21T11:35:35.7782060Z Adding repository directory to the temporary git global config as a safe directory
2025-01-21T11:35:35.7794600Z [command]/opt/homebrew/bin/git config --global --add safe.directory /Users/runner/work/tardis/tardis
2025-01-21T11:35:35.7901100Z Deleting the contents of '/Users/runner/work/tardis/tardis'
2025-01-21T11:35:35.7903200Z ##[group]Initializing the repository
2025-01-21T11:35:35.7907720Z [command]/opt/homebrew/bin/git init /Users/runner/work/tardis/tardis
2025-01-21T11:35:35.8451230Z hint: Using 'master' as the name for the initial branch. This default branch name
2025-01-21T11:35:35.8452380Z hint: is subject to change. To configure the initial branch name to use in all
2025-01-21T11:35:35.8453180Z hint: of your new repositories, which will suppress this warning, call:
2025-01-21T11:35:35.8455840Z hint:
2025-01-21T11:35:35.8456980Z hint: 	git config --global init.defaultBranch <name>
2025-01-21T11:35:35.8457830Z hint:
2025-01-21T11:35:35.8459720Z hint: Names commonly chosen instead of 'master' are 'main', 'trunk' and
2025-01-21T11:35:35.8460580Z hint: 'development'. The just-created branch can be renamed via this command:
2025-01-21T11:35:35.8461270Z hint:
2025-01-21T11:35:35.8461690Z hint: 	git branch -m <name>
2025-01-21T11:35:35.8462510Z Initialized empty Git repository in /Users/runner/work/tardis/tardis/.git/
2025-01-21T11:35:35.8464720Z [command]/opt/homebrew/bin/git remote add origin https://github.com/tardis-sn/tardis
2025-01-21T11:35:35.8529350Z ##[endgroup]
2025-01-21T11:35:35.8530160Z ##[group]Disabling automatic garbage collection
2025-01-21T11:35:35.8535580Z [command]/opt/homebrew/bin/git config --local gc.auto 0
2025-01-21T11:35:35.8578010Z ##[endgroup]
2025-01-21T11:35:35.8578570Z ##[group]Setting up auth
2025-01-21T11:35:35.8582760Z [command]/opt/homebrew/bin/git config --local --name-only --get-regexp core\.sshCommand
2025-01-21T11:35:35.8622950Z [command]/opt/homebrew/bin/git submodule foreach --recursive sh -c "git config --local --name-only --get-regexp 'core\.sshCommand' && git config --local --unset-all 'core.sshCommand' || :"
2025-01-21T11:35:35.9824130Z [command]/opt/homebrew/bin/git config --local --name-only --get-regexp http\.https\:\/\/github\.com\/\.extraheader
2025-01-21T11:35:36.0100900Z [command]/opt/homebrew/bin/git submodule foreach --recursive sh -c "git config --local --name-only --get-regexp 'http\.https\:\/\/github\.com\/\.extraheader' && git config --local --unset-all 'http.https://github.com/.extraheader' || :"
2025-01-21T11:35:36.1140710Z [command]/opt/homebrew/bin/git config --local http.https://github.com/.extraheader AUTHORIZATION: basic ***
2025-01-21T11:35:36.1323690Z ##[endgroup]
2025-01-21T11:35:36.1326260Z ##[group]Fetching the repository
2025-01-21T11:35:36.1328720Z [command]/opt/homebrew/bin/git -c protocol.version=2 fetch --no-tags --prune --no-recurse-submodules --depth=1 origin +b26ee1104078407c8b78d9c183a0c0a068a589d7:refs/remotes/pull/2872/merge
2025-01-21T11:35:38.1381540Z From https://github.com/tardis-sn/tardis
2025-01-21T11:35:38.1384080Z  * [new ref]         b26ee1104078407c8b78d9c183a0c0a068a589d7 -> pull/2872/merge
2025-01-21T11:35:38.1454980Z ##[endgroup]
2025-01-21T11:35:38.1455690Z ##[group]Determining the checkout info
2025-01-21T11:35:38.1456450Z ##[endgroup]
2025-01-21T11:35:38.1458690Z [command]/opt/homebrew/bin/git sparse-checkout disable
2025-01-21T11:35:38.1524700Z [command]/opt/homebrew/bin/git config --local --unset-all extensions.worktreeConfig
2025-01-21T11:35:38.1567910Z ##[group]Checking out the ref
2025-01-21T11:35:38.1570000Z [command]/opt/homebrew/bin/git checkout --progress --force refs/remotes/pull/2872/merge
2025-01-21T11:35:38.4145830Z HEAD is now at b26ee11 Merge 25607c257f90872f5e08b5ceff3d8c8ca78ab511 into aa180cf97513f46d6d3b617c05907691f413c057
2025-01-21T11:35:38.4158920Z ##[endgroup]
2025-01-21T11:35:38.4220260Z [command]/opt/homebrew/bin/git log -1 --format=%H
2025-01-21T11:35:38.4289130Z b26ee1104078407c8b78d9c183a0c0a068a589d7
2025-01-21T11:35:38.4493240Z Prepare all required actions
2025-01-21T11:35:38.4493670Z Getting action download info
2025-01-21T11:35:38.5673010Z Download action repository 'mamba-org/setup-micromamba@v2' (SHA:0dea6379afdaffa5d528b3d1dabc45da37f443fc)
2025-01-21T11:35:39.7658120Z ##[group]Run ./.github/actions/setup_env
2025-01-21T11:35:39.7658370Z with:
2025-01-21T11:35:39.7658510Z   os-label: osx-arm64
2025-01-21T11:35:39.7658650Z env:
2025-01-21T11:35:39.7658770Z   CACHE_NUMBER: 0
2025-01-21T11:35:39.7659260Z   PYTEST_FLAGS: --tardis-regression-data=/Users/runner/work/tardis/tardis/tardis-regression-data --cov=tardis --cov-report=xml --cov-report=html --cov-append
2025-01-21T11:35:39.7659770Z   CODECOV_TOKEN: 
2025-01-21T11:35:39.7659960Z ##[endgroup]
2025-01-21T11:35:39.7762170Z ##[group]Run mamba-org/setup-micromamba@v2
2025-01-21T11:35:39.7762400Z with:
2025-01-21T11:35:39.7762520Z   init-shell: bash
2025-01-21T11:35:39.7762660Z   create-args: conda-lock
2025-01-21T11:35:39.7762870Z   environment-name: tardis-base
2025-01-21T11:35:39.7763050Z env:
2025-01-21T11:35:39.7763210Z   CACHE_NUMBER: 0
2025-01-21T11:35:39.7763700Z   PYTEST_FLAGS: --tardis-regression-data=/Users/runner/work/tardis/tardis/tardis-regression-data --cov=tardis --cov-report=xml --cov-report=html --cov-append
2025-01-21T11:35:39.7764240Z   CODECOV_TOKEN: 
2025-01-21T11:35:39.7764370Z ##[endgroup]
2025-01-21T11:35:39.9402320Z Will download micromamba to /Users/runner/micromamba-bin/micromamba
2025-01-21T11:35:39.9910290Z ##[group]Install micromamba
2025-01-21T11:35:40.8049970Z micromamba installed to /Users/runner/micromamba-bin/micromamba
2025-01-21T11:35:40.8083080Z ##[endgroup]
2025-01-21T11:35:40.8170030Z Adding conda-forge to condarc channels ...
2025-01-21T11:35:40.8171460Z ##[group]Initialize micromamba for bash.
2025-01-21T11:35:40.8172430Z [command]/Users/runner/micromamba-bin/micromamba shell init -s bash -r /Users/runner/micromamba --log-level warning --rc-file /Users/runner/work/_temp/setup-micromamba/.condarc
2025-01-21T11:35:40.8273820Z Running `shell init`, which:
2025-01-21T11:35:40.8374960Z  - modifies RC file: "/Users/runner/.bash_profile"
2025-01-21T11:35:40.8476450Z  - generates config for root prefix: [1m"/Users/runner/micromamba"[0m
2025-01-21T11:35:40.8577850Z  - sets mamba executable to: [1m"/Users/runner/micromamba-bin/micromamba"[0m
2025-01-21T11:35:40.8682660Z The following has been added in your "/Users/runner/.bash_profile" file
2025-01-21T11:35:40.8785510Z 
2025-01-21T11:35:40.8868220Z # >>> mamba initialize >>>
2025-01-21T11:35:40.8875090Z # !! Contents within this block are managed by 'micromamba shell init' !!
2025-01-21T11:35:40.8877800Z export MAMBA_EXE='/Users/runner/micromamba-bin/micromamba';
2025-01-21T11:35:40.8879130Z export MAMBA_ROOT_PREFIX='/Users/runner/micromamba';
2025-01-21T11:35:40.8881940Z __mamba_setup="$("$MAMBA_EXE" shell hook --shell bash --root-prefix "$MAMBA_ROOT_PREFIX" 2> /dev/null)"
2025-01-21T11:35:40.8886130Z if [ $? -eq 0 ]; then
2025-01-21T11:35:40.8886770Z     eval "$__mamba_setup"
2025-01-21T11:35:40.8889280Z else
2025-01-21T11:35:40.8890130Z     alias micromamba="$MAMBA_EXE"  # Fallback on help from micromamba activate
2025-01-21T11:35:40.8890740Z fi
2025-01-21T11:35:40.8899760Z unset __mamba_setup
2025-01-21T11:35:40.8901190Z # <<< mamba initialize <<<
2025-01-21T11:35:40.8902630Z 
2025-01-21T11:35:40.8904630Z ##[endgroup]
2025-01-21T11:35:40.9112540Z ##[group]Install environment `tardis-base`
2025-01-21T11:35:40.9113740Z [command]/Users/runner/micromamba-bin/micromamba create -y -r /Users/runner/micromamba -n tardis-base conda-lock --log-level warning --rc-file /Users/runner/work/_temp/setup-micromamba/.condarc
2025-01-21T11:35:45.3860170Z 
2025-01-21T11:35:45.4879740Z 
2025-01-21T11:35:45.4879990Z Transaction
2025-01-21T11:35:45.4880120Z 
2025-01-21T11:35:45.4880210Z   Prefix: /Users/runner/micromamba/envs/tardis-base
2025-01-21T11:35:45.4880380Z 
2025-01-21T11:35:45.4880440Z   Updating specs:
2025-01-21T11:35:45.4880520Z 
2025-01-21T11:35:45.4880590Z    - conda-lock
2025-01-21T11:35:45.4881610Z 
2025-01-21T11:35:45.4881610Z 
2025-01-21T11:35:45.5017320Z   Package                           Version  Build               Channel          Size
2025-01-21T11:35:45.5024720Z ────────────────────────────────────────────────────────────────────────────────────────
2025-01-21T11:35:45.5024950Z   Install:
2025-01-21T11:35:45.5025210Z ────────────────────────────────────────────────────────────────────────────────────────
2025-01-21T11:35:45.5025380Z 
2025-01-21T11:35:45.5025520Z   + annotated-types                   0.7.0  pyhd8ed1ab_1        conda-forge      18kB
2025-01-21T11:35:45.5025830Z   + appdirs                           1.4.4  pyhd8ed1ab_1        conda-forge      15kB
2025-01-21T11:35:45.5026140Z   + backports                           1.0  pyhd8ed1ab_5        conda-forge       7kB
2025-01-21T11:35:45.5026480Z   + backports.tarfile                 1.2.0  pyhd8ed1ab_1        conda-forge      33kB
2025-01-21T11:35:45.5026820Z   + brotli-python                     1.1.0  py313h3579c5c_2     conda-forge     339kB
2025-01-21T11:35:45.5027150Z   + bzip2                             1.0.8  h99b78c6_7          conda-forge     123kB
2025-01-21T11:35:45.5027460Z   + ca-certificates              2024.12.14  hf0a4a13_0          conda-forge     157kB
2025-01-21T11:35:45.5027790Z   + cachecontrol                     0.14.2  pyha770c72_0        conda-forge      23kB
2025-01-21T11:35:45.5028140Z   + cachecontrol-with-filecache      0.14.2  pyhd8ed1ab_0        conda-forge       7kB
2025-01-21T11:35:45.5028470Z   + cachy                             0.3.0  pyhd8ed1ab_2        conda-forge      23kB
2025-01-21T11:35:45.5028750Z   + certifi                      2024.12.14  pyhd8ed1ab_0        conda-forge     162kB
2025-01-21T11:35:45.5029070Z   + charset-normalizer                3.4.1  pyhd8ed1ab_0        conda-forge      47kB
2025-01-21T11:35:45.5029360Z   + click                             8.1.8  pyh707e725_0        conda-forge      85kB
2025-01-21T11:35:45.5029660Z   + click-default-group               1.2.4  pyhd8ed1ab_1        conda-forge      10kB
2025-01-21T11:35:45.5029980Z   + clikit                            0.6.2  pyhd8ed1ab_3        conda-forge      64kB
2025-01-21T11:35:45.5030270Z   + conda-lock                        2.5.7  pyhd8ed1ab_1        conda-forge     884kB
2025-01-21T11:35:45.5030560Z   + crashtest                         0.4.1  pyhd8ed1ab_1        conda-forge      12kB
2025-01-21T11:35:45.5030840Z   + distlib                           0.3.9  pyhd8ed1ab_1        conda-forge     274kB
2025-01-21T11:35:45.5031110Z   + ensureconda                       1.4.4  pyhd8ed1ab_1        conda-forge      14kB
2025-01-21T11:35:45.5031410Z   + filelock                         3.16.1  pyhd8ed1ab_1        conda-forge      17kB
2025-01-21T11:35:45.5031670Z   + gitdb                            4.0.12  pyhd8ed1ab_0        conda-forge      53kB
2025-01-21T11:35:45.5031950Z   + gitpython                        3.1.44  pyhff2d567_0        conda-forge     157kB
2025-01-21T11:35:45.5032230Z   + html5lib                            1.1  pyhd8ed1ab_2        conda-forge      95kB
2025-01-21T11:35:45.5032490Z   + idna                               3.10  pyhd8ed1ab_1        conda-forge      50kB
2025-01-21T11:35:45.5032790Z   + importlib-metadata                8.6.1  pyha770c72_0        conda-forge      29kB
2025-01-21T11:35:45.5033210Z   + importlib_resources               6.5.2  pyhd8ed1ab_0        conda-forge      34kB
2025-01-21T11:35:45.5033520Z   + jaraco.classes                    3.4.0  pyhd8ed1ab_2        conda-forge      12kB
2025-01-21T11:35:45.5033820Z   + jaraco.context                    6.0.1  pyhd8ed1ab_0        conda-forge      12kB
2025-01-21T11:35:45.5034130Z   + jaraco.functools                  4.1.0  pyhd8ed1ab_0        conda-forge      16kB
2025-01-21T11:35:45.5034420Z   + jinja2                            3.1.5  pyhd8ed1ab_0        conda-forge     113kB
2025-01-21T11:35:45.5034680Z   + keyring                          25.6.0  pyh534df25_0        conda-forge      37kB
2025-01-21T11:35:45.5035160Z   + libcxx                           19.1.7  ha82da77_0          conda-forge     524kB
2025-01-21T11:35:45.5035450Z   + libexpat                          2.6.4  h286801f_0          conda-forge      65kB
2025-01-21T11:35:45.5035880Z   + libffi                            3.4.2  h3422bc3_5          conda-forge      39kB
2025-01-21T11:35:45.5036170Z   + liblzma                           5.6.3  h39f12f2_1          conda-forge      99kB
2025-01-21T11:35:45.5036440Z   + libmpdec                          4.0.0  h99b78c6_0          conda-forge      69kB
2025-01-21T11:35:45.5036720Z   + libsqlite                        3.48.0  h3f77e49_0          conda-forge     853kB
2025-01-21T11:35:45.5037000Z   + libzlib                           1.3.1  h8359307_2          conda-forge      46kB
2025-01-21T11:35:45.5037280Z   + markupsafe                        3.0.2  py313ha9b7d5b_1     conda-forge      25kB
2025-01-21T11:35:45.5037690Z   + more-itertools                   10.6.0  pyhd8ed1ab_0        conda-forge      59kB
2025-01-21T11:35:45.5038000Z   + msgpack-python                    1.1.0  py313hf9c7212_0     conda-forge      92kB
2025-01-21T11:35:45.5038290Z   + ncurses                             6.5  h5e97a16_2          conda-forge     797kB
2025-01-21T11:35:45.5038590Z   + openssl                           3.4.0  h81ee809_1          conda-forge       3MB
2025-01-21T11:35:45.5038880Z   + packaging                          24.2  pyhd8ed1ab_2        conda-forge      60kB
2025-01-21T11:35:45.5039180Z   + pastel                            0.2.1  pyhd8ed1ab_0        conda-forge      10kB
2025-01-21T11:35:45.5039510Z   + pip                              24.3.1  pyh145f28c_2        conda-forge       1MB
2025-01-21T11:35:45.5039830Z   + pkginfo                          1.12.0  pyhd8ed1ab_1        conda-forge      30kB
2025-01-21T11:35:45.5040130Z   + platformdirs                      4.3.6  pyhd8ed1ab_1        conda-forge      20kB
2025-01-21T11:35:45.5040440Z   + pydantic                         2.10.5  pyh3cfb1c2_0        conda-forge     297kB
2025-01-21T11:35:45.5040900Z   + pydantic-core                    2.27.2  py313hdde674f_0     conda-forge       2MB
2025-01-21T11:35:45.5041210Z   + pylev                             1.4.0  pyhd8ed1ab_0        conda-forge       9kB
2025-01-21T11:35:45.5041500Z   + pysocks                           1.7.1  pyha55dd90_7        conda-forge      21kB
2025-01-21T11:35:45.5041780Z   + python                           3.13.1  h4f43103_105_cp313  conda-forge      13MB
2025-01-21T11:35:45.5042060Z   + python_abi                         3.13  5_cp313             conda-forge       6kB
2025-01-21T11:35:45.5042360Z   + pyyaml                            6.0.2  py313ha9b7d5b_2     conda-forge     194kB
2025-01-21T11:35:45.5042630Z   + readline                            8.2  h92ec313_1          conda-forge     250kB
2025-01-21T11:35:45.5042910Z   + requests                         2.32.3  pyhd8ed1ab_1        conda-forge      59kB
2025-01-21T11:35:45.5043230Z   + ruamel.yaml                     0.18.10  py313h90d716c_0     conda-forge     270kB
2025-01-21T11:35:45.5043630Z   + ruamel.yaml.clib                  0.2.8  py313h63a2874_1     conda-forge     116kB
2025-01-21T11:35:45.5043930Z   + setuptools                       75.8.0  pyhff2d567_0        conda-forge     776kB
2025-01-21T11:35:45.5044200Z   + six                              1.17.0  pyhd8ed1ab_0        conda-forge      16kB
2025-01-21T11:35:45.5044460Z   + smmap                             5.0.0  pyhd8ed1ab_0        conda-forge      22kB
2025-01-21T11:35:45.5044730Z   + tk                               8.6.13  h5083fa2_1          conda-forge       3MB
2025-01-21T11:35:45.5044980Z   + tomli                             2.2.1  pyhd8ed1ab_1        conda-forge      19kB
2025-01-21T11:35:45.5045250Z   + tomlkit                          0.13.2  pyha770c72_1        conda-forge      37kB
2025-01-21T11:35:45.5045520Z   + toolz                            0.12.1  pyhd8ed1ab_0        conda-forge      52kB
2025-01-21T11:35:45.5045960Z   + typing-extensions                4.12.2  hd8ed1ab_1          conda-forge      10kB
2025-01-21T11:35:45.5046280Z   + typing_extensions                4.12.2  pyha770c72_1        conda-forge      40kB
2025-01-21T11:35:45.5046720Z   + tzdata                            2025a  h78e105d_0          conda-forge     123kB
2025-01-21T11:35:45.5046990Z   + urllib3                         1.26.19  pyhd8ed1ab_0        conda-forge     115kB
2025-01-21T11:35:45.5047270Z   + virtualenv                      20.29.1  pyhd8ed1ab_0        conda-forge       4MB
2025-01-21T11:35:45.5047570Z   + webencodings                      0.5.1  pyhd8ed1ab_3        conda-forge      15kB
2025-01-21T11:35:45.5047850Z   + yaml                              0.2.5  h3422bc3_2          conda-forge      88kB
2025-01-21T11:35:45.5048110Z   + zipp                             3.21.0  pyhd8ed1ab_1        conda-forge      22kB
2025-01-21T11:35:45.5048290Z 
2025-01-21T11:35:45.5048350Z   Summary:
2025-01-21T11:35:45.5048430Z 
2025-01-21T11:35:45.5048480Z   Install: 74 packages
2025-01-21T11:35:45.5048590Z 
2025-01-21T11:35:45.5048720Z   Total download: 34MB
2025-01-21T11:35:45.5048800Z 
2025-01-21T11:35:45.5049050Z ────────────────────────────────────────────────────────────────────────────────────────
2025-01-21T11:35:45.5049280Z 
2025-01-21T11:35:45.5049280Z 
2025-01-21T11:35:45.5049280Z 
2025-01-21T11:35:45.5049330Z Transaction starting
2025-01-21T11:35:47.4072370Z Linking libexpat-2.6.4-h286801f_0
2025-01-21T11:35:47.4172620Z Linking libmpdec-4.0.0-h99b78c6_0
2025-01-21T11:35:47.4273220Z Linking python_abi-3.13-5_cp313
2025-01-21T11:35:47.4375260Z Linking ncurses-6.5-h5e97a16_2
2025-01-21T11:35:49.9566400Z Linking bzip2-1.0.8-h99b78c6_7
2025-01-21T11:35:49.9611240Z Linking liblzma-5.6.3-h39f12f2_1
2025-01-21T11:35:49.9616190Z Linking libzlib-1.3.1-h8359307_2
2025-01-21T11:35:49.9623250Z Linking libffi-3.4.2-h3422bc3_5
2025-01-21T11:35:49.9777980Z Linking ca-certificates-2024.12.14-hf0a4a13_0
2025-01-21T11:35:49.9848470Z Linking libcxx-19.1.7-ha82da77_0
2025-01-21T11:35:49.9849160Z Linking yaml-0.2.5-h3422bc3_2
2025-01-21T11:35:49.9849630Z Linking readline-8.2-h92ec313_1
2025-01-21T11:35:49.9859180Z Linking tk-8.6.13-h5083fa2_1
2025-01-21T11:35:50.1381450Z Linking libsqlite-3.48.0-h3f77e49_0
2025-01-21T11:35:50.1483820Z Linking openssl-3.4.0-h81ee809_1
2025-01-21T11:35:50.2099500Z Linking tzdata-2025a-h78e105d_0
2025-01-21T11:35:50.3776990Z Linking python-3.13.1-h4f43103_105_cp313
2025-01-21T11:35:50.9638160Z Linking pip-24.3.1-pyh145f28c_2
2025-01-21T11:35:51.0895830Z Linking backports-1.0-pyhd8ed1ab_5
2025-01-21T11:35:51.0942370Z Linking appdirs-1.4.4-pyhd8ed1ab_1
2025-01-21T11:35:51.0942950Z Linking smmap-5.0.0-pyhd8ed1ab_0
2025-01-21T11:35:51.0983180Z Linking webencodings-0.5.1-pyhd8ed1ab_3
2025-01-21T11:35:51.1030600Z Linking six-1.17.0-pyhd8ed1ab_0
2025-01-21T11:35:51.1044960Z Linking zipp-3.21.0-pyhd8ed1ab_1
2025-01-21T11:35:51.1086480Z Linking more-itertools-10.6.0-pyhd8ed1ab_0
2025-01-21T11:35:51.1122580Z Linking idna-3.10-pyhd8ed1ab_1
2025-01-21T11:35:51.1163090Z Linking charset-normalizer-3.4.1-pyhd8ed1ab_0
2025-01-21T11:35:51.1235980Z Linking certifi-2024.12.14-pyhd8ed1ab_0
2025-01-21T11:35:51.1353080Z Linking pysocks-1.7.1-pyha55dd90_7
2025-01-21T11:35:51.1470180Z Linking platformdirs-4.3.6-pyhd8ed1ab_1
2025-01-21T11:35:51.1578810Z Linking distlib-0.3.9-pyhd8ed1ab_1
2025-01-21T11:35:51.1680840Z Linking filelock-3.16.1-pyhd8ed1ab_1
2025-01-21T11:35:51.1743020Z Linking pylev-1.4.0-pyhd8ed1ab_0
2025-01-21T11:35:51.1743430Z Linking pastel-0.2.1-pyhd8ed1ab_0
2025-01-21T11:35:51.1743760Z Linking typing_extensions-4.12.2-pyha770c72_1
2025-01-21T11:35:51.1744160Z Linking toolz-0.12.1-pyhd8ed1ab_0
2025-01-21T11:35:51.1744450Z Linking tomlkit-0.13.2-pyha770c72_1
2025-01-21T11:35:51.1799760Z Linking tomli-2.2.1-pyhd8ed1ab_1
2025-01-21T11:35:51.1816950Z Linking setuptools-75.8.0-pyhff2d567_0
2025-01-21T11:35:51.3938390Z Linking pkginfo-1.12.0-pyhd8ed1ab_1
2025-01-21T11:35:51.4233220Z Linking packaging-24.2-pyhd8ed1ab_2
2025-01-21T11:35:51.4341790Z Linking crashtest-0.4.1-pyhd8ed1ab_1
2025-01-21T11:35:51.4443200Z Linking click-8.1.8-pyh707e725_0
2025-01-21T11:35:51.4543270Z Linking cachy-0.3.0-pyhd8ed1ab_2
2025-01-21T11:35:51.4644350Z Linking backports.tarfile-1.2.0-pyhd8ed1ab_1
2025-01-21T11:35:51.4748490Z Linking gitdb-4.0.12-pyhd8ed1ab_0
2025-01-21T11:35:51.4959720Z Linking html5lib-1.1-pyhd8ed1ab_2
2025-01-21T11:35:51.5060490Z Linking importlib_resources-6.5.2-pyhd8ed1ab_0
2025-01-21T11:35:51.5262310Z Linking importlib-metadata-8.6.1-pyha770c72_0
2025-01-21T11:35:51.5363630Z Linking jaraco.functools-4.1.0-pyhd8ed1ab_0
2025-01-21T11:35:51.5466470Z Linking jaraco.classes-3.4.0-pyhd8ed1ab_2
2025-01-21T11:35:51.5568540Z Linking virtualenv-20.29.1-pyhd8ed1ab_0
2025-01-21T11:35:51.6302570Z Linking clikit-0.6.2-pyhd8ed1ab_3
2025-01-21T11:35:51.6757700Z Linking typing-extensions-4.12.2-hd8ed1ab_1
2025-01-21T11:35:51.6868520Z Linking click-default-group-1.2.4-pyhd8ed1ab_1
2025-01-21T11:35:51.6981950Z Linking jaraco.context-6.0.1-pyhd8ed1ab_0
2025-01-21T11:35:51.7096100Z Linking gitpython-3.1.44-pyhff2d567_0
2025-01-21T11:35:51.7208270Z Linking annotated-types-0.7.0-pyhd8ed1ab_1
2025-01-21T11:35:51.7310400Z Linking keyring-25.6.0-pyh534df25_0
2025-01-21T11:35:51.7310630Z Linking pyyaml-6.0.2-py313ha9b7d5b_2
2025-01-21T11:35:51.7540350Z Linking markupsafe-3.0.2-py313ha9b7d5b_1
2025-01-21T11:35:51.7647160Z Linking msgpack-python-1.1.0-py313hf9c7212_0
2025-01-21T11:35:51.7760520Z Linking ruamel.yaml.clib-0.2.8-py313h63a2874_1
2025-01-21T11:35:51.7861450Z Linking brotli-python-1.1.0-py313h3579c5c_2
2025-01-21T11:35:51.7963280Z Linking pydantic-core-2.27.2-py313hdde674f_0
2025-01-21T11:35:51.8064180Z Linking ruamel.yaml-0.18.10-py313h90d716c_0
2025-01-21T11:35:51.8158490Z Linking jinja2-3.1.5-pyhd8ed1ab_0
2025-01-21T11:35:51.8159370Z Linking urllib3-1.26.19-pyhd8ed1ab_0
2025-01-21T11:35:51.8615600Z Linking pydantic-2.10.5-pyh3cfb1c2_0
2025-01-21T11:35:51.9492500Z Linking requests-2.32.3-pyhd8ed1ab_1
2025-01-21T11:35:51.9619530Z Linking ensureconda-1.4.4-pyhd8ed1ab_1
2025-01-21T11:35:52.0413350Z Linking cachecontrol-0.14.2-pyha770c72_0
2025-01-21T11:35:52.0514670Z Linking cachecontrol-with-filecache-0.14.2-pyhd8ed1ab_0
2025-01-21T11:35:52.0626910Z Linking conda-lock-2.5.7-pyhd8ed1ab_1
2025-01-21T11:35:52.9050910Z 
2025-01-21T11:35:52.9051430Z Transaction finished
2025-01-21T11:35:52.9051670Z 
2025-01-21T11:35:52.9051830Z To activate this environment, use:
2025-01-21T11:35:52.9052090Z 
2025-01-21T11:35:52.9052260Z     micromamba activate tardis-base
2025-01-21T11:35:52.9052490Z 
2025-01-21T11:35:52.9052660Z Or to execute a single command in this environment, use:
2025-01-21T11:35:52.9053000Z 
2025-01-21T11:35:52.9053180Z     micromamba run -n tardis-base mycommand
2025-01-21T11:35:52.9053410Z 
2025-01-21T11:35:52.9159140Z ##[endgroup]
2025-01-21T11:35:52.9167930Z Adding environment tardis-base to auto-activate bash ...
2025-01-21T11:35:52.9173410Z Generating micromamba run shell.
2025-01-21T11:35:52.9179640Z ##[endgroup]
2025-01-21T11:35:52.9186150Z Set environment variables.
2025-01-21T11:35:52.9205470Z ##[group]micromamba info
2025-01-21T11:35:52.9217220Z [command]/Users/runner/micromamba-bin/micromamba info -r /Users/runner/micromamba -n tardis-base
2025-01-21T11:35:52.9468550Z 
2025-01-21T11:35:52.9468850Z        libmamba version : 2.0.5
2025-01-21T11:35:52.9469100Z      micromamba version : 2.0.5
2025-01-21T11:35:52.9469450Z            curl version : libcurl/8.11.1 (OpenSSL/3.4.0) SecureTransport zlib/1.3.1 zstd/1.5.6 libssh2/1.11.1 nghttp2/1.64.0
2025-01-21T11:35:52.9469890Z      libarchive version : libarchive 3.7.7 zlib/1.3.1 bz2lib/1.0.8 libzstd/1.5.6
2025-01-21T11:35:52.9470870Z        envs directories : /Users/runner/micromamba/envs
2025-01-21T11:35:52.9471250Z           package cache : /Users/runner/micromamba/pkgs
2025-01-21T11:35:52.9471490Z                           /Users/runner/.mamba/pkgs
2025-01-21T11:35:52.9471700Z             environment : tardis-base
2025-01-21T11:35:52.9471970Z            env location : /Users/runner/micromamba/envs/tardis-base
2025-01-21T11:35:52.9473020Z       user config files : /Users/runner/.mambarc
2025-01-21T11:35:52.9473360Z  populated config files : /Users/runner/work/_temp/setup-micromamba/.condarc
2025-01-21T11:35:52.9473660Z        virtual packages : __unix=0=0
2025-01-21T11:35:52.9475710Z                           __osx=14.7.2=0
2025-01-21T11:35:52.9475900Z                           __archspec=1=arm64
2025-01-21T11:35:52.9476330Z                channels : https://conda.anaconda.org/conda-forge/noarch
2025-01-21T11:35:52.9476650Z                           https://conda.anaconda.org/conda-forge/osx-arm64
2025-01-21T11:35:52.9476920Z        base environment : /Users/runner/micromamba
2025-01-21T11:35:52.9477140Z                platform : osx-arm64
2025-01-21T11:35:52.9478080Z ##[endgroup]
2025-01-21T11:35:52.9478330Z ##[group]micromamba list
2025-01-21T11:35:52.9478740Z [command]/Users/runner/micromamba-bin/micromamba list -r /Users/runner/micromamba -n tardis-base
2025-01-21T11:35:53.4309200Z List of packages in environment: "/Users/runner/micromamba/envs/tardis-base"
2025-01-21T11:35:53.4309670Z 
2025-01-21T11:35:53.4309920Z   Name                         Version     Build               Channel    
2025-01-21T11:35:53.4311070Z ────────────────────────────────────────────────────────────────────────────
2025-01-21T11:35:53.4320280Z   annotated-types              0.7.0       pyhd8ed1ab_1        conda-forge
2025-01-21T11:35:53.4320790Z   appdirs                      1.4.4       pyhd8ed1ab_1        conda-forge
2025-01-21T11:35:53.4321210Z   backports                    1.0         pyhd8ed1ab_5        conda-forge
2025-01-21T11:35:53.4321740Z   backports.tarfile            1.2.0       pyhd8ed1ab_1        conda-forge
2025-01-21T11:35:53.4323260Z   brotli-python                1.1.0       py313h3579c5c_2     conda-forge
2025-01-21T11:35:53.4323590Z   bzip2                        1.0.8       h99b78c6_7          conda-forge
2025-01-21T11:35:53.4324490Z   ca-certificates              2024.12.14  hf0a4a13_0          conda-forge
2025-01-21T11:35:53.4324920Z   cachecontrol                 0.14.2      pyha770c72_0        conda-forge
2025-01-21T11:35:53.4325440Z   cachecontrol-with-filecache  0.14.2      pyhd8ed1ab_0        conda-forge
2025-01-21T11:35:53.4325970Z   cachy                        0.3.0       pyhd8ed1ab_2        conda-forge
2025-01-21T11:35:53.4326290Z   certifi                      2024.12.14  pyhd8ed1ab_0        conda-forge
2025-01-21T11:35:53.4326640Z   charset-normalizer           3.4.1       pyhd8ed1ab_0        conda-forge
2025-01-21T11:35:53.4326980Z   click                        8.1.8       pyh707e725_0        conda-forge
2025-01-21T11:35:53.4327350Z   click-default-group          1.2.4       pyhd8ed1ab_1        conda-forge
2025-01-21T11:35:53.4327740Z   clikit                       0.6.2       pyhd8ed1ab_3        conda-forge
2025-01-21T11:35:53.4328050Z   conda-lock                   2.5.7       pyhd8ed1ab_1        conda-forge
2025-01-21T11:35:53.4328350Z   crashtest                    0.4.1       pyhd8ed1ab_1        conda-forge
2025-01-21T11:35:53.4328670Z   distlib                      0.3.9       pyhd8ed1ab_1        conda-forge
2025-01-21T11:35:53.4328980Z   ensureconda                  1.4.4       pyhd8ed1ab_1        conda-forge
2025-01-21T11:35:53.4329290Z   filelock                     3.16.1      pyhd8ed1ab_1        conda-forge
2025-01-21T11:35:53.4329620Z   gitdb                        4.0.12      pyhd8ed1ab_0        conda-forge
2025-01-21T11:35:53.4329920Z   gitpython                    3.1.44      pyhff2d567_0        conda-forge
2025-01-21T11:35:53.4330240Z   html5lib                     1.1         pyhd8ed1ab_2        conda-forge
2025-01-21T11:35:53.4330570Z   idna                         3.10        pyhd8ed1ab_1        conda-forge
2025-01-21T11:35:53.4330920Z   importlib-metadata           8.6.1       pyha770c72_0        conda-forge
2025-01-21T11:35:53.4331360Z   importlib_resources          6.5.2       pyhd8ed1ab_0        conda-forge
2025-01-21T11:35:53.4331770Z   jaraco.classes               3.4.0       pyhd8ed1ab_2        conda-forge
2025-01-21T11:35:53.4332740Z   jaraco.context               6.0.1       pyhd8ed1ab_0        conda-forge
2025-01-21T11:35:53.4333140Z   jaraco.functools             4.1.0       pyhd8ed1ab_0        conda-forge
2025-01-21T11:35:53.4333940Z   jinja2                       3.1.5       pyhd8ed1ab_0        conda-forge
2025-01-21T11:35:53.4334220Z   keyring                      25.6.0      pyh534df25_0        conda-forge
2025-01-21T11:35:53.4334490Z   libcxx                       19.1.7      ha82da77_0          conda-forge
2025-01-21T11:35:53.4334790Z   libexpat                     2.6.4       h286801f_0          conda-forge
2025-01-21T11:35:53.4335060Z   libffi                       3.4.2       h3422bc3_5          conda-forge
2025-01-21T11:35:53.4335320Z   liblzma                      5.6.3       h39f12f2_1          conda-forge
2025-01-21T11:35:53.4335600Z   libmpdec                     4.0.0       h99b78c6_0          conda-forge
2025-01-21T11:35:53.4335900Z   libsqlite                    3.48.0      h3f77e49_0          conda-forge
2025-01-21T11:35:53.4336190Z   libzlib                      1.3.1       h8359307_2          conda-forge
2025-01-21T11:35:53.4336520Z   markupsafe                   3.0.2       py313ha9b7d5b_1     conda-forge
2025-01-21T11:35:53.4336860Z   more-itertools               10.6.0      pyhd8ed1ab_0        conda-forge
2025-01-21T11:35:53.4337190Z   msgpack-python               1.1.0       py313hf9c7212_0     conda-forge
2025-01-21T11:35:53.4337500Z   ncurses                      6.5         h5e97a16_2          conda-forge
2025-01-21T11:35:53.4337820Z   openssl                      3.4.0       h81ee809_1          conda-forge
2025-01-21T11:35:53.4338150Z   packaging                    24.2        pyhd8ed1ab_2        conda-forge
2025-01-21T11:35:53.4338480Z   pastel                       0.2.1       pyhd8ed1ab_0        conda-forge
2025-01-21T11:35:53.4338740Z   pip                          24.3.1      pyh145f28c_2        conda-forge
2025-01-21T11:35:53.4339030Z   pkginfo                      1.12.0      pyhd8ed1ab_1        conda-forge
2025-01-21T11:35:53.4339360Z   platformdirs                 4.3.6       pyhd8ed1ab_1        conda-forge
2025-01-21T11:35:53.4339680Z   pydantic                     2.10.5      pyh3cfb1c2_0        conda-forge
2025-01-21T11:35:53.4340270Z   pydantic-core                2.27.2      py313hdde674f_0     conda-forge
2025-01-21T11:35:53.4342870Z   pylev                        1.4.0       pyhd8ed1ab_0        conda-forge
2025-01-21T11:35:53.4343330Z   pysocks                      1.7.1       pyha55dd90_7        conda-forge
2025-01-21T11:35:53.4343780Z   python                       3.13.1      h4f43103_105_cp313  conda-forge
2025-01-21T11:35:53.4344250Z   python_abi                   3.13        5_cp313             conda-forge
2025-01-21T11:35:53.4344700Z   pyyaml                       6.0.2       py313ha9b7d5b_2     conda-forge
2025-01-21T11:35:53.4345130Z   readline                     8.2         h92ec313_1          conda-forge
2025-01-21T11:35:53.4345610Z   requests                     2.32.3      pyhd8ed1ab_1        conda-forge
2025-01-21T11:35:53.4346050Z   ruamel.yaml                  0.18.10     py313h90d716c_0     conda-forge
2025-01-21T11:35:53.4346510Z   ruamel.yaml.clib             0.2.8       py313h63a2874_1     conda-forge
2025-01-21T11:35:53.4346990Z   setuptools                   75.8.0      pyhff2d567_0        conda-forge
2025-01-21T11:35:53.4347450Z   six                          1.17.0      pyhd8ed1ab_0        conda-forge
2025-01-21T11:35:53.4347910Z   smmap                        5.0.0       pyhd8ed1ab_0        conda-forge
2025-01-21T11:35:53.4348340Z   tk                           8.6.13      h5083fa2_1          conda-forge
2025-01-21T11:35:53.4348770Z   tomli                        2.2.1       pyhd8ed1ab_1        conda-forge
2025-01-21T11:35:53.4349260Z   tomlkit                      0.13.2      pyha770c72_1        conda-forge
2025-01-21T11:35:53.4349720Z   toolz                        0.12.1      pyhd8ed1ab_0        conda-forge
2025-01-21T11:35:53.4350600Z   typing-extensions            4.12.2      hd8ed1ab_1          conda-forge
2025-01-21T11:35:53.4351110Z   typing_extensions            4.12.2      pyha770c72_1        conda-forge
2025-01-21T11:35:53.4351550Z   tzdata                       2025a       h78e105d_0          conda-forge
2025-01-21T11:35:53.4352230Z   urllib3                      1.26.19     pyhd8ed1ab_0        conda-forge
2025-01-21T11:35:53.4352660Z   virtualenv                   20.29.1     pyhd8ed1ab_0        conda-forge
2025-01-21T11:35:53.4353080Z   webencodings                 0.5.1       pyhd8ed1ab_3        conda-forge
2025-01-21T11:35:53.4353460Z   yaml                         0.2.5       h3422bc3_2          conda-forge
2025-01-21T11:35:53.4353810Z   zipp                         3.21.0      pyhd8ed1ab_1        conda-forge
2025-01-21T11:35:53.4357420Z ##[endgroup]
2025-01-21T11:35:53.4405390Z ##[group]Run conda-lock install --name tardis --prefix /home/runner/micromamba/envs/tardis conda-osx-arm64.lock
2025-01-21T11:35:53.4406170Z [36;1mconda-lock install --name tardis --prefix /home/runner/micromamba/envs/tardis conda-osx-arm64.lock[0m
2025-01-21T11:35:53.4406500Z [36;1mmicromamba activate tardis[0m
2025-01-21T11:35:53.4406660Z [36;1mpytest[0m
2025-01-21T11:35:53.4475220Z shell: /bin/bash -el {0}
2025-01-21T11:35:53.4475380Z env:
2025-01-21T11:35:53.4475480Z   CACHE_NUMBER: 0
2025-01-21T11:35:53.4476050Z   PYTEST_FLAGS: --tardis-regression-data=/Users/runner/work/tardis/tardis/tardis-regression-data --cov=tardis --cov-report=xml --cov-report=html --cov-append
2025-01-21T11:35:53.4476560Z   CODECOV_TOKEN: 
2025-01-21T11:35:53.4476700Z   MAMBA_ROOT_PREFIX: /Users/runner/micromamba
2025-01-21T11:35:53.4476920Z   MAMBA_EXE: /Users/runner/micromamba-bin/micromamba
2025-01-21T11:35:53.4477170Z   CONDARC: /Users/runner/work/_temp/setup-micromamba/.condarc
2025-01-21T11:35:53.4477380Z ##[endgroup]
2025-01-21T11:35:58.7020340Z Traceback (most recent call last):
2025-01-21T11:35:58.7121560Z   File "/Users/runner/micromamba/envs/tardis-base/bin/conda-lock", line 10, in <module>
2025-01-21T11:35:58.7222050Z     sys.exit(main())
2025-01-21T11:35:58.7222750Z              ~~~~^^
2025-01-21T11:35:58.7239430Z   File "/Users/runner/micromamba/envs/tardis-base/lib/python3.13/site-packages/click/core.py", line 1161, in __call__
2025-01-21T11:35:58.7277920Z     return self.main(*args, **kwargs)
2025-01-21T11:35:58.7288570Z            ~~~~~~~~~^^^^^^^^^^^^^^^^^
2025-01-21T11:35:58.7293310Z   File "/Users/runner/micromamba/envs/tardis-base/lib/python3.13/site-packages/click/core.py", line 1082, in main
2025-01-21T11:35:58.7299740Z     rv = self.invoke(ctx)
2025-01-21T11:35:58.7302830Z   File "/Users/runner/micromamba/envs/tardis-base/lib/python3.13/site-packages/click/core.py", line 1697, in invoke
2025-01-21T11:35:58.7311200Z     return _process_result(sub_ctx.command.invoke(sub_ctx))
2025-01-21T11:35:58.7314340Z                            ~~~~~~~~~~~~~~~~~~~~~~^^^^^^^^^
2025-01-21T11:35:58.7319450Z   File "/Users/runner/micromamba/envs/tardis-base/lib/python3.13/site-packages/click/core.py", line 1443, in invoke
2025-01-21T11:35:58.7326180Z     return ctx.invoke(self.callback, **ctx.params)
2025-01-21T11:35:58.7331530Z            ~~~~~~~~~~^^^^^^^^^^^^^^^^^^^^^^^^^^^^^
2025-01-21T11:35:58.7347580Z   File "/Users/runner/micromamba/envs/tardis-base/lib/python3.13/site-packages/click/core.py", line 788, in invoke
2025-01-21T11:35:58.7354020Z     return __callback(*args, **kwargs)
2025-01-21T11:35:58.7354720Z   File "/Users/runner/micromamba/envs/tardis-base/lib/python3.13/site-packages/click/decorators.py", line 33, in new_func
2025-01-21T11:35:58.7355260Z     return f(get_current_context(), *args, **kwargs)
2025-01-21T11:35:58.7355810Z   File "/Users/runner/micromamba/envs/tardis-base/lib/python3.13/site-packages/conda_lock/conda_lock.py", line 1498, in click_install
2025-01-21T11:35:58.7356350Z     install(
2025-01-21T11:35:58.7356570Z     ~~~~~~~^
2025-01-21T11:35:58.7356790Z         conda=conda,
2025-01-21T11:35:58.7357040Z         ^^^^^^^^^^^^
2025-01-21T11:35:58.7357260Z     ...<10 lines>...
2025-01-21T11:35:58.7358080Z         extras=extras,
2025-01-21T11:35:58.7358360Z         ^^^^^^^^^^^^^^
2025-01-21T11:35:58.7358610Z     )
2025-01-21T11:35:58.7358870Z     ^
2025-01-21T11:35:58.7359660Z   File "/Users/runner/micromamba/envs/tardis-base/lib/python3.13/site-packages/conda_lock/conda_lock.py", line 1552, in install
2025-01-21T11:35:58.7360150Z     install_func(file=lockfile)
2025-01-21T11:35:58.7360400Z     ~~~~~~~~~~~~^^^^^^^^^^^^^^^
2025-01-21T11:35:58.7360890Z   File "/Users/runner/micromamba/envs/tardis-base/lib/python3.13/site-packages/conda_lock/conda_lock.py", line 225, in do_conda_install
2025-01-21T11:35:58.7361330Z     _conda(
2025-01-21T11:35:58.7373250Z     ~~~~~~^
2025-01-21T11:35:58.7373410Z         [
2025-01-21T11:35:58.7373560Z         ^
2025-01-21T11:35:58.7373680Z     ...<6 lines>...
2025-01-21T11:35:58.7373830Z         ],
2025-01-21T11:35:58.7373970Z         ^^
2025-01-21T11:35:58.7374100Z     )
2025-01-21T11:35:58.7374220Z     ^
2025-01-21T11:35:58.7374650Z   File "/Users/runner/micromamba/envs/tardis-base/lib/python3.13/site-packages/conda_lock/invoke_conda.py", line 94, in _invoke_conda
2025-01-21T11:35:58.7375150Z     raise ValueError("Provide either prefix, or name, but not both.")
2025-01-21T11:35:58.7375480Z ValueError: Provide either prefix, or name, but not both.
2025-01-21T11:35:58.7803980Z ##[error]Process completed with exit code 1.
2025-01-21T11:35:58.7876550Z Post job cleanup.
2025-01-21T11:35:58.7903090Z Post job cleanup.
2025-01-21T11:35:58.9215270Z Will use pre-installed micromamba at /Users/runner/micromamba-bin/micromamba
2025-01-21T11:35:58.9218240Z Removing micromamba run shell ...
2025-01-21T11:35:58.9219920Z ##[group]Deinitialize micromamba for bash
2025-01-21T11:35:58.9230440Z [command]/Users/runner/micromamba-bin/micromamba shell deinit -s bash -r /Users/runner/micromamba --log-level warning --rc-file /Users/runner/work/_temp/setup-micromamba/.condarc
2025-01-21T11:35:58.9370630Z Resetting RC file "/Users/runner/.bash_profile"
2025-01-21T11:35:58.9375810Z Deleting config for root prefix 
2025-01-21T11:35:58.9449180Z Clearing mamba executable environment variable
2025-01-21T11:35:58.9451360Z Removing the following in your "/Users/runner/.bash_profile" file
2025-01-21T11:35:58.9452970Z # >>> mamba initialize >>>
2025-01-21T11:35:58.9464110Z ...
2025-01-21T11:35:58.9465920Z # <<< mamba initialize <<<
2025-01-21T11:35:58.9498920Z Removing environment tardis-base from auto-activate bash ...
2025-01-21T11:35:58.9573310Z Post job cleanup.
2025-01-21T11:35:59.0461800Z [command]/opt/homebrew/bin/git version
2025-01-21T11:35:59.0543030Z git version 2.48.0
2025-01-21T11:35:59.0564080Z Copying '/Users/runner/.gitconfig' to '/Users/runner/work/_temp/f56aa18c-52f5-44ac-bbcc-ca98c7bf1585/.gitconfig'
2025-01-21T11:35:59.0572900Z Temporarily overriding HOME='/Users/runner/work/_temp/f56aa18c-52f5-44ac-bbcc-ca98c7bf1585' before making global git config changes
2025-01-21T11:35:59.0573670Z Adding repository directory to the temporary git global config as a safe directory
2025-01-21T11:35:59.0575510Z [command]/opt/homebrew/bin/git config --global --add safe.directory /Users/runner/work/tardis/tardis
2025-01-21T11:35:59.0632480Z [command]/opt/homebrew/bin/git config --local --name-only --get-regexp core\.sshCommand
2025-01-21T11:35:59.0672030Z [command]/opt/homebrew/bin/git submodule foreach --recursive sh -c "git config --local --name-only --get-regexp 'core\.sshCommand' && git config --local --unset-all 'core.sshCommand' || :"
2025-01-21T11:35:59.1167930Z [command]/opt/homebrew/bin/git config --local --name-only --get-regexp http\.https\:\/\/github\.com\/\.extraheader
2025-01-21T11:35:59.1197640Z http.https://github.com/.extraheader
2025-01-21T11:35:59.1205480Z [command]/opt/homebrew/bin/git config --local --unset-all http.https://github.com/.extraheader
2025-01-21T11:35:59.1244310Z [command]/opt/homebrew/bin/git submodule foreach --recursive sh -c "git config --local --name-only --get-regexp 'http\.https\:\/\/github\.com\/\.extraheader' && git config --local --unset-all 'http.https://github.com/.extraheader' || :"
2025-01-21T11:35:59.1747470Z Cleaning up orphan processes
