2025-02-11T02:11:06.4626051Z Requested labels: ubuntu-latest
2025-02-11T02:11:06.4626309Z Job defined at: tardis-sn/tardis/.github/workflows/tests.yml@refs/pull/2876/merge
2025-02-11T02:11:06.4626421Z Waiting for a runner to pick up this job...
2025-02-11T02:11:06.6270896Z Job is waiting for a hosted runner to come online.
2025-02-11T02:11:10.2777161Z Job is about to start running on the hosted runner: GitHub Actions 31 (hosted)
2025-02-11T02:11:12.3455773Z Current runner version: '2.322.0'
2025-02-11T02:11:12.3482312Z ##[group]Operating System
2025-02-11T02:11:12.3483181Z Ubuntu
2025-02-11T02:11:12.3483724Z 24.04.1
2025-02-11T02:11:12.3484202Z LTS
2025-02-11T02:11:12.3484729Z ##[endgroup]
2025-02-11T02:11:12.3485500Z ##[group]Runner Image
2025-02-11T02:11:12.3486083Z Image: ubuntu-24.04
2025-02-11T02:11:12.3486682Z Version: 20250202.1.0
2025-02-11T02:11:12.3487729Z Included Software: https://github.com/actions/runner-images/blob/ubuntu24/20250202.1/images/ubuntu/Ubuntu2404-Readme.md
2025-02-11T02:11:12.3489073Z Image Release: https://github.com/actions/runner-images/releases/tag/ubuntu24%2F20250202.1
2025-02-11T02:11:12.3490024Z ##[endgroup]
2025-02-11T02:11:12.3490565Z ##[group]Runner Image Provisioner
2025-02-11T02:11:12.3491153Z 2.0.422.1
2025-02-11T02:11:12.3491716Z ##[endgroup]
2025-02-11T02:11:12.3493808Z ##[group]GITHUB_TOKEN Permissions
2025-02-11T02:11:12.3495990Z Actions: read
2025-02-11T02:11:12.3496753Z Attestations: read
2025-02-11T02:11:12.3497489Z Checks: read
2025-02-11T02:11:12.3498005Z Contents: read
2025-02-11T02:11:12.3498566Z Deployments: read
2025-02-11T02:11:12.3499129Z Discussions: read
2025-02-11T02:11:12.3499644Z Issues: read
2025-02-11T02:11:12.3500153Z Metadata: read
2025-02-11T02:11:12.3500690Z Packages: read
2025-02-11T02:11:12.3501204Z Pages: read
2025-02-11T02:11:12.3501774Z PullRequests: read
2025-02-11T02:11:12.3502322Z RepositoryProjects: read
2025-02-11T02:11:12.3502872Z SecurityEvents: read
2025-02-11T02:11:12.3503478Z Statuses: read
2025-02-11T02:11:12.3503988Z ##[endgroup]
2025-02-11T02:11:12.3507184Z Secret source: None
2025-02-11T02:11:12.3508048Z Prepare workflow directory
2025-02-11T02:11:12.4157440Z Prepare all required actions
2025-02-11T02:11:12.4194559Z Getting action download info
2025-02-11T02:11:12.6403575Z ##[group]Download immutable action package 'actions/checkout@v4'
2025-02-11T02:11:12.6404811Z Version: 4.2.2
2025-02-11T02:11:12.6406075Z Digest: sha256:ccb2698953eaebd21c7bf6268a94f9c26518a7e38e27e0b83c1fe1ad049819b1
2025-02-11T02:11:12.6407169Z Source commit SHA: 11bd71901bbe5b1630ceea73d27597364c9af683
2025-02-11T02:11:12.6407796Z ##[endgroup]
2025-02-11T02:11:12.7275156Z ##[group]Download immutable action package 'actions/upload-artifact@v4'
2025-02-11T02:11:12.7275920Z Version: 4.6.0
2025-02-11T02:11:12.7276573Z Digest: sha256:bf85474c8423f9cd48bd2caf3ce5adb1711e2dfdb055b040bd36b044e4290329
2025-02-11T02:11:12.7277443Z Source commit SHA: 65c4c4a1ddee5b72f698fdd19549f0f0fb45cf08
2025-02-11T02:11:12.7278050Z ##[endgroup]
2025-02-11T02:11:12.9026106Z Complete job name:  continuum ubuntu-latest 
2025-02-11T02:11:12.9712070Z ##[group]Run actions/checkout@v4
2025-02-11T02:11:12.9712904Z with:
2025-02-11T02:11:12.9713305Z   repository: tardis-sn/tardis
2025-02-11T02:11:12.9714016Z   token: ***
2025-02-11T02:11:12.9714418Z   ssh-strict: true
2025-02-11T02:11:12.9714831Z   ssh-user: git
2025-02-11T02:11:12.9715466Z   persist-credentials: true
2025-02-11T02:11:12.9715924Z   clean: true
2025-02-11T02:11:12.9716336Z   sparse-checkout-cone-mode: true
2025-02-11T02:11:12.9716850Z   fetch-depth: 1
2025-02-11T02:11:12.9717259Z   fetch-tags: false
2025-02-11T02:11:12.9717662Z   show-progress: true
2025-02-11T02:11:12.9718076Z   lfs: false
2025-02-11T02:11:12.9718455Z   submodules: false
2025-02-11T02:11:12.9718874Z   set-safe-directory: true
2025-02-11T02:11:12.9719553Z env:
2025-02-11T02:11:12.9719919Z   CACHE_NUMBER: 0
2025-02-11T02:11:12.9721068Z   PYTEST_FLAGS: --tardis-regression-data=/home/runner/work/tardis/tardis/tardis-regression-data --cov=tardis --cov-report=xml --cov-report=html --cov-append
2025-02-11T02:11:12.9722365Z   CODECOV_TOKEN: 
2025-02-11T02:11:12.9722820Z ##[endgroup]
2025-02-11T02:11:13.1479908Z Syncing repository: tardis-sn/tardis
2025-02-11T02:11:13.1481646Z ##[group]Getting Git version info
2025-02-11T02:11:13.1482372Z Working directory is '/home/runner/work/tardis/tardis'
2025-02-11T02:11:13.1483356Z [command]/usr/bin/git version
2025-02-11T02:11:13.1566411Z git version 2.48.1
2025-02-11T02:11:13.1594715Z ##[endgroup]
2025-02-11T02:11:13.1611198Z Temporarily overriding HOME='/home/runner/work/_temp/1b816fca-b453-4310-8712-4c00e8f125e8' before making global git config changes
2025-02-11T02:11:13.1613578Z Adding repository directory to the temporary git global config as a safe directory
2025-02-11T02:11:13.1617996Z [command]/usr/bin/git config --global --add safe.directory /home/runner/work/tardis/tardis
2025-02-11T02:11:13.1654472Z Deleting the contents of '/home/runner/work/tardis/tardis'
2025-02-11T02:11:13.1658795Z ##[group]Initializing the repository
2025-02-11T02:11:13.1663752Z [command]/usr/bin/git init /home/runner/work/tardis/tardis
2025-02-11T02:11:13.1740655Z hint: Using 'master' as the name for the initial branch. This default branch name
2025-02-11T02:11:13.1742510Z hint: is subject to change. To configure the initial branch name to use in all
2025-02-11T02:11:13.1744098Z hint: of your new repositories, which will suppress this warning, call:
2025-02-11T02:11:13.1745432Z hint:
2025-02-11T02:11:13.1746207Z hint: 	git config --global init.defaultBranch <name>
2025-02-11T02:11:13.1747156Z hint:
2025-02-11T02:11:13.1747771Z hint: Names commonly chosen instead of 'master' are 'main', 'trunk' and
2025-02-11T02:11:13.1748651Z hint: 'development'. The just-created branch can be renamed via this command:
2025-02-11T02:11:13.1749348Z hint:
2025-02-11T02:11:13.1749733Z hint: 	git branch -m <name>
2025-02-11T02:11:13.1750448Z Initialized empty Git repository in /home/runner/work/tardis/tardis/.git/
2025-02-11T02:11:13.1758926Z [command]/usr/bin/git remote add origin https://github.com/tardis-sn/tardis
2025-02-11T02:11:13.1794633Z ##[endgroup]
2025-02-11T02:11:13.1796130Z ##[group]Disabling automatic garbage collection
2025-02-11T02:11:13.1800052Z [command]/usr/bin/git config --local gc.auto 0
2025-02-11T02:11:13.1830884Z ##[endgroup]
2025-02-11T02:11:13.1832114Z ##[group]Setting up auth
2025-02-11T02:11:13.1839108Z [command]/usr/bin/git config --local --name-only --get-regexp core\.sshCommand
2025-02-11T02:11:13.1871809Z [command]/usr/bin/git submodule foreach --recursive sh -c "git config --local --name-only --get-regexp 'core\.sshCommand' && git config --local --unset-all 'core.sshCommand' || :"
2025-02-11T02:11:13.2152345Z [command]/usr/bin/git config --local --name-only --get-regexp http\.https\:\/\/github\.com\/\.extraheader
2025-02-11T02:11:13.2183707Z [command]/usr/bin/git submodule foreach --recursive sh -c "git config --local --name-only --get-regexp 'http\.https\:\/\/github\.com\/\.extraheader' && git config --local --unset-all 'http.https://github.com/.extraheader' || :"
2025-02-11T02:11:13.2424398Z [command]/usr/bin/git config --local http.https://github.com/.extraheader AUTHORIZATION: basic ***
2025-02-11T02:11:13.2462971Z ##[endgroup]
2025-02-11T02:11:13.2464288Z ##[group]Fetching the repository
2025-02-11T02:11:13.2473328Z [command]/usr/bin/git -c protocol.version=2 fetch --no-tags --prune --no-recurse-submodules --depth=1 origin +8b40619b2c0f401e95c3d63fd0b08df22a7950ac:refs/remotes/pull/2876/merge
2025-02-11T02:11:14.8989241Z From https://github.com/tardis-sn/tardis
2025-02-11T02:11:14.8991520Z  * [new ref]         8b40619b2c0f401e95c3d63fd0b08df22a7950ac -> pull/2876/merge
2025-02-11T02:11:14.9017052Z ##[endgroup]
2025-02-11T02:11:14.9018393Z ##[group]Determining the checkout info
2025-02-11T02:11:14.9020971Z ##[endgroup]
2025-02-11T02:11:14.9025621Z [command]/usr/bin/git sparse-checkout disable
2025-02-11T02:11:14.9064415Z [command]/usr/bin/git config --local --unset-all extensions.worktreeConfig
2025-02-11T02:11:14.9091677Z ##[group]Checking out the ref
2025-02-11T02:11:14.9095131Z [command]/usr/bin/git checkout --progress --force refs/remotes/pull/2876/merge
2025-02-11T02:11:15.1163721Z Note: switching to 'refs/remotes/pull/2876/merge'.
2025-02-11T02:11:15.1165597Z 
2025-02-11T02:11:15.1166767Z You are in 'detached HEAD' state. You can look around, make experimental
2025-02-11T02:11:15.1168487Z changes and commit them, and you can discard any commits you make in this
2025-02-11T02:11:15.1170219Z state without impacting any branches by switching back to a branch.
2025-02-11T02:11:15.1171649Z 
2025-02-11T02:11:15.1172327Z If you want to create a new branch to retain commits you create, you may
2025-02-11T02:11:15.1173848Z do so (now or later) by using -c with the switch command. Example:
2025-02-11T02:11:15.1174755Z 
2025-02-11T02:11:15.1175348Z   git switch -c <new-branch-name>
2025-02-11T02:11:15.1176023Z 
2025-02-11T02:11:15.1176394Z Or undo this operation with:
2025-02-11T02:11:15.1176998Z 
2025-02-11T02:11:15.1177310Z   git switch -
2025-02-11T02:11:15.1177816Z 
2025-02-11T02:11:15.1178569Z Turn off this advice by setting config variable advice.detachedHead to false
2025-02-11T02:11:15.1179714Z 
2025-02-11T02:11:15.1180983Z HEAD is now at 8b40619 Merge e4ddc1efb66d220f57f076a09af61a951ff8f82a into 13c9a314d4165ff320d000df7d67b5c5f91a69dd
2025-02-11T02:11:15.1189175Z ##[endgroup]
2025-02-11T02:11:15.1231723Z [command]/usr/bin/git log -1 --format=%H
2025-02-11T02:11:15.1257900Z 8b40619b2c0f401e95c3d63fd0b08df22a7950ac
2025-02-11T02:11:15.1608591Z Prepare all required actions
2025-02-11T02:11:15.1609522Z Getting action download info
2025-02-11T02:11:15.3398135Z ##[group]Download immutable action package 'actions/cache@v4'
2025-02-11T02:11:15.3400045Z Version: 4.2.0
2025-02-11T02:11:15.3402015Z Digest: sha256:5bc11090595acbf82dbfb02747bf0bfd91544e869357fd3ac0eb41f509632110
2025-02-11T02:11:15.3404763Z Source commit SHA: 1bd1e32a3bdc45362d1e726936510720a7c30a57
2025-02-11T02:11:15.3406830Z ##[endgroup]
2025-02-11T02:11:15.5638231Z ##[group]Run ./.github/actions/setup_lfs
2025-02-11T02:11:15.5639279Z with:
2025-02-11T02:11:15.5640268Z   regression-data-repo: tardis-sn/tardis-regression-data
2025-02-11T02:11:15.5641473Z   atom-data-sparse: false
2025-02-11T02:11:15.5642355Z env:
2025-02-11T02:11:15.5643085Z   CACHE_NUMBER: 0
2025-02-11T02:11:15.5645233Z   PYTEST_FLAGS: --tardis-regression-data=/home/runner/work/tardis/tardis/tardis-regression-data --cov=tardis --cov-report=xml --cov-report=html --cov-append
2025-02-11T02:11:15.5647439Z   CODECOV_TOKEN: 
2025-02-11T02:11:15.5648242Z ##[endgroup]
2025-02-11T02:11:15.5846002Z ##[group]Run actions/checkout@v4
2025-02-11T02:11:15.5846952Z with:
2025-02-11T02:11:15.5847807Z   repository: tardis-sn/tardis-regression-data
2025-02-11T02:11:15.5848905Z   path: tardis-regression-data
2025-02-11T02:11:15.5849797Z   lfs: false
2025-02-11T02:11:15.5850829Z   token: ***
2025-02-11T02:11:15.5851599Z   ssh-strict: true
2025-02-11T02:11:15.5852390Z   ssh-user: git
2025-02-11T02:11:15.5853205Z   persist-credentials: true
2025-02-11T02:11:15.5854083Z   clean: true
2025-02-11T02:11:15.5855031Z   sparse-checkout-cone-mode: true
2025-02-11T02:11:15.5855988Z   fetch-depth: 1
2025-02-11T02:11:15.5856783Z   fetch-tags: false
2025-02-11T02:11:15.5857595Z   show-progress: true
2025-02-11T02:11:15.5858425Z   submodules: false
2025-02-11T02:11:15.5859261Z   set-safe-directory: true
2025-02-11T02:11:15.5860118Z env:
2025-02-11T02:11:15.5860834Z   CACHE_NUMBER: 0
2025-02-11T02:11:15.5862843Z   PYTEST_FLAGS: --tardis-regression-data=/home/runner/work/tardis/tardis/tardis-regression-data --cov=tardis --cov-report=xml --cov-report=html --cov-append
2025-02-11T02:11:15.5865063Z   CODECOV_TOKEN: 
2025-02-11T02:11:15.5865851Z ##[endgroup]
2025-02-11T02:11:15.6813435Z Syncing repository: tardis-sn/tardis-regression-data
2025-02-11T02:11:15.6822334Z ##[group]Getting Git version info
2025-02-11T02:11:15.6823742Z Working directory is '/home/runner/work/tardis/tardis/tardis-regression-data'
2025-02-11T02:11:15.6863956Z [command]/usr/bin/git version
2025-02-11T02:11:15.6909948Z git version 2.48.1
2025-02-11T02:11:15.6935887Z ##[endgroup]
2025-02-11T02:11:15.6949165Z Temporarily overriding HOME='/home/runner/work/_temp/87e071a5-8163-4853-a41d-faef4e3287e4' before making global git config changes
2025-02-11T02:11:15.6954153Z Adding repository directory to the temporary git global config as a safe directory
2025-02-11T02:11:15.6956597Z [command]/usr/bin/git config --global --add safe.directory /home/runner/work/tardis/tardis/tardis-regression-data
2025-02-11T02:11:15.6985943Z ##[group]Initializing the repository
2025-02-11T02:11:15.6991037Z [command]/usr/bin/git init /home/runner/work/tardis/tardis/tardis-regression-data
2025-02-11T02:11:15.7026702Z hint: Using 'master' as the name for the initial branch. This default branch name
2025-02-11T02:11:15.7029333Z hint: is subject to change. To configure the initial branch name to use in all
2025-02-11T02:11:15.7032172Z hint: of your new repositories, which will suppress this warning, call:
2025-02-11T02:11:15.7034308Z hint:
2025-02-11T02:11:15.7036088Z hint: 	git config --global init.defaultBranch <name>
2025-02-11T02:11:15.7037895Z hint:
2025-02-11T02:11:15.7039716Z hint: Names commonly chosen instead of 'master' are 'main', 'trunk' and
2025-02-11T02:11:15.7042504Z hint: 'development'. The just-created branch can be renamed via this command:
2025-02-11T02:11:15.7044610Z hint:
2025-02-11T02:11:15.7046115Z hint: 	git branch -m <name>
2025-02-11T02:11:15.7048290Z Initialized empty Git repository in /home/runner/work/tardis/tardis/tardis-regression-data/.git/
2025-02-11T02:11:15.7051554Z [command]/usr/bin/git remote add origin https://github.com/tardis-sn/tardis-regression-data
2025-02-11T02:11:15.7073851Z ##[endgroup]
2025-02-11T02:11:15.7076481Z ##[group]Disabling automatic garbage collection
2025-02-11T02:11:15.7078650Z [command]/usr/bin/git config --local gc.auto 0
2025-02-11T02:11:15.7109039Z ##[endgroup]
2025-02-11T02:11:15.7111402Z ##[group]Setting up auth
2025-02-11T02:11:15.7116418Z [command]/usr/bin/git config --local --name-only --get-regexp core\.sshCommand
2025-02-11T02:11:15.7146784Z [command]/usr/bin/git submodule foreach --recursive sh -c "git config --local --name-only --get-regexp 'core\.sshCommand' && git config --local --unset-all 'core.sshCommand' || :"
2025-02-11T02:11:15.7369920Z [command]/usr/bin/git config --local --name-only --get-regexp http\.https\:\/\/github\.com\/\.extraheader
2025-02-11T02:11:15.7399354Z [command]/usr/bin/git submodule foreach --recursive sh -c "git config --local --name-only --get-regexp 'http\.https\:\/\/github\.com\/\.extraheader' && git config --local --unset-all 'http.https://github.com/.extraheader' || :"
2025-02-11T02:11:15.7630090Z [command]/usr/bin/git config --local http.https://github.com/.extraheader AUTHORIZATION: basic ***
2025-02-11T02:11:15.7668976Z ##[endgroup]
2025-02-11T02:11:15.7671468Z ##[group]Determining the default branch
2025-02-11T02:11:15.7673313Z Retrieving the default branch name
2025-02-11T02:11:16.0993875Z Default branch 'main'
2025-02-11T02:11:16.0997566Z ##[endgroup]
2025-02-11T02:11:16.1005639Z ##[group]Fetching the repository
2025-02-11T02:11:16.1009233Z [command]/usr/bin/git -c protocol.version=2 fetch --no-tags --prune --no-recurse-submodules --depth=1 origin +refs/heads/main:refs/remotes/origin/main
2025-02-11T02:11:16.9305447Z From https://github.com/tardis-sn/tardis-regression-data
2025-02-11T02:11:16.9306461Z  * [new branch]      main       -> origin/main
2025-02-11T02:11:16.9340540Z ##[endgroup]
2025-02-11T02:11:16.9341205Z ##[group]Determining the checkout info
2025-02-11T02:11:16.9350280Z ##[endgroup]
2025-02-11T02:11:16.9351082Z [command]/usr/bin/git sparse-checkout disable
2025-02-11T02:11:16.9395750Z [command]/usr/bin/git config --local --unset-all extensions.worktreeConfig
2025-02-11T02:11:16.9428207Z ##[group]Checking out the ref
2025-02-11T02:11:16.9434130Z [command]/usr/bin/git checkout --progress --force -B main refs/remotes/origin/main
2025-02-11T02:11:17.6551546Z Switched to a new branch 'main'
2025-02-11T02:11:17.6554042Z branch 'main' set up to track 'origin/main'.
2025-02-11T02:11:17.6818015Z ##[endgroup]
2025-02-11T02:11:17.6865719Z [command]/usr/bin/git log -1 --format=%H
2025-02-11T02:11:17.6890644Z fa7729bc9c30e14b69acd641af8b692b56fcd416
2025-02-11T02:11:17.7036477Z ##[group]Run if [ "false" == "true" ]; then
2025-02-11T02:11:17.7036875Z [36;1mif [ "false" == "true" ]; then[0m
2025-02-11T02:11:17.7037180Z [36;1m  echo "Using atom data sparse checkout"[0m
2025-02-11T02:11:17.7037846Z [36;1m  echo "atom_data/kurucz_cd23_chianti_H_He.h5" > .lfs-files-list[0m
2025-02-11T02:11:17.7038185Z [36;1melse[0m
2025-02-11T02:11:17.7038415Z [36;1m  echo "Using full repository checkout"[0m
2025-02-11T02:11:17.7038788Z [36;1m  git lfs ls-files -l | cut -d' ' -f1 | sort > .lfs-files-list[0m
2025-02-11T02:11:17.7039130Z [36;1mfi[0m
2025-02-11T02:11:17.7073190Z shell: /usr/bin/bash --noprofile --norc -e -o pipefail {0}
2025-02-11T02:11:17.7073532Z env:
2025-02-11T02:11:17.7073709Z   CACHE_NUMBER: 0
2025-02-11T02:11:17.7074351Z   PYTEST_FLAGS: --tardis-regression-data=/home/runner/work/tardis/tardis/tardis-regression-data --cov=tardis --cov-report=xml --cov-report=html --cov-append
2025-02-11T02:11:17.7075195Z   CODECOV_TOKEN: 
2025-02-11T02:11:17.7075382Z ##[endgroup]
2025-02-11T02:11:17.7143801Z Using full repository checkout
2025-02-11T02:11:17.8540757Z ##[group]Run actions/cache/restore@v4
2025-02-11T02:11:17.8541132Z with:
2025-02-11T02:11:17.8541382Z   path: tardis-regression-data/.git/lfs
2025-02-11T02:11:17.8542502Z   key: tardis-regression-full-data-21f9fa4b6817cc69b9fae3598144724da7828e276a73bd17f47a2a49d9af090a-tardis-sn/tardis-regression-data-v1
2025-02-11T02:11:17.8543358Z   fail-on-cache-miss: true
2025-02-11T02:11:17.8543650Z   enableCrossOsArchive: false
2025-02-11T02:11:17.8543944Z   lookup-only: false
2025-02-11T02:11:17.8544188Z env:
2025-02-11T02:11:17.8544615Z   CACHE_NUMBER: 0
2025-02-11T02:11:17.8570659Z   PYTEST_FLAGS: --tardis-regression-data=/home/runner/work/tardis/tardis/tardis-regression-data --cov=tardis --cov-report=xml --cov-report=html --cov-append
2025-02-11T02:11:17.8571334Z   CODECOV_TOKEN: 
2025-02-11T02:11:17.8571529Z ##[endgroup]
2025-02-11T02:11:18.2175343Z Cache hit for: tardis-regression-full-data-21f9fa4b6817cc69b9fae3598144724da7828e276a73bd17f47a2a49d9af090a-tardis-sn/tardis-regression-data-v1
2025-02-11T02:11:19.4773418Z Received 29360128 of 1707217599 (1.7%), 28.0 MBs/sec
2025-02-11T02:11:20.4771292Z Received 167772160 of 1707217599 (9.8%), 80.0 MBs/sec
2025-02-11T02:11:21.4781298Z Received 297795584 of 1707217599 (17.4%), 94.7 MBs/sec
2025-02-11T02:11:22.4787275Z Received 406847488 of 1707217599 (23.8%), 97.0 MBs/sec
2025-02-11T02:11:23.4797654Z Received 536870912 of 1707217599 (31.4%), 102.4 MBs/sec
2025-02-11T02:11:24.4809780Z Received 671088640 of 1707217599 (39.3%), 106.6 MBs/sec
2025-02-11T02:11:25.4838925Z Received 805306368 of 1707217599 (47.2%), 109.6 MBs/sec
2025-02-11T02:11:26.4841650Z Received 926941184 of 1707217599 (54.3%), 110.4 MBs/sec
2025-02-11T02:11:27.4841071Z Received 1069547520 of 1707217599 (62.6%), 113.3 MBs/sec
2025-02-11T02:11:28.5749025Z Received 1207959552 of 1707217599 (70.8%), 114.1 MBs/sec
2025-02-11T02:11:29.5845398Z Received 1342177280 of 1707217599 (78.6%), 115.3 MBs/sec
2025-02-11T02:11:30.5829791Z Received 1476395008 of 1707217599 (86.5%), 116.3 MBs/sec
2025-02-11T02:11:31.5837488Z Received 1610612736 of 1707217599 (94.3%), 117.2 MBs/sec
2025-02-11T02:11:32.3790223Z Received 1707217599 of 1707217599 (100.0%), 117.1 MBs/sec
2025-02-11T02:11:32.3793212Z Cache Size: ~1628 MB (1707217599 B)
2025-02-11T02:11:32.3832974Z [command]/usr/bin/tar -xf /home/runner/work/_temp/c3c5bd0f-60c2-4bdf-bcb4-a769a081f86a/cache.tzst -P -C /home/runner/work/tardis/tardis --use-compress-program unzstd
2025-02-11T02:11:38.9271726Z Cache restored successfully
2025-02-11T02:11:39.2521553Z Cache restored from key: tardis-regression-full-data-21f9fa4b6817cc69b9fae3598144724da7828e276a73bd17f47a2a49d9af090a-tardis-sn/tardis-regression-data-v1
2025-02-11T02:11:39.2666731Z ##[group]Run git lfs checkout
2025-02-11T02:11:39.2666994Z [36;1mgit lfs checkout[0m
2025-02-11T02:11:39.2694443Z shell: /usr/bin/bash --noprofile --norc -e -o pipefail {0}
2025-02-11T02:11:39.2694766Z env:
2025-02-11T02:11:39.2695149Z   CACHE_NUMBER: 0
2025-02-11T02:11:39.2695761Z   PYTEST_FLAGS: --tardis-regression-data=/home/runner/work/tardis/tardis/tardis-regression-data --cov=tardis --cov-report=xml --cov-report=html --cov-append
2025-02-11T02:11:39.2696412Z   CODECOV_TOKEN: 
2025-02-11T02:11:39.2696835Z ##[endgroup]
2025-02-11T02:11:49.2857692Z Checking out LFS objects: 100% (204/204), 3.5 GB | 308 MB/s, done.
2025-02-11T02:11:52.1565681Z Prepare all required actions
2025-02-11T02:11:52.1566062Z Getting action download info
2025-02-11T02:11:52.2939641Z Download action repository 'mamba-org/setup-micromamba@v1' (SHA:4b9113af4fba0e9e1124b252dd6497a419e7396d)
2025-02-11T02:11:53.0525628Z ##[group]Run ./.github/actions/setup_env
2025-02-11T02:11:53.0525900Z with:
2025-02-11T02:11:53.0526092Z   os-label: linux-64
2025-02-11T02:11:53.0526285Z env:
2025-02-11T02:11:53.0526447Z   CACHE_NUMBER: 0
2025-02-11T02:11:53.0527061Z   PYTEST_FLAGS: --tardis-regression-data=/home/runner/work/tardis/tardis/tardis-regression-data --cov=tardis --cov-report=xml --cov-report=html --cov-append
2025-02-11T02:11:53.0527751Z   CODECOV_TOKEN: 
2025-02-11T02:11:53.0527943Z ##[endgroup]
2025-02-11T02:11:53.0548766Z ##[group]Run file_hash=$(cat conda-linux-64.lock | shasum -a 256 | cut -d' ' -f1)
2025-02-11T02:11:53.0549449Z [36;1mfile_hash=$(cat conda-linux-64.lock | shasum -a 256 | cut -d' ' -f1)[0m
2025-02-11T02:11:53.0550191Z [36;1mecho "file_hash=tardis-conda-env-linux-64-${file_hash}-v1" >> "${GITHUB_OUTPUT}"[0m
2025-02-11T02:11:53.0577062Z shell: /usr/bin/bash --noprofile --norc -e -o pipefail {0}
2025-02-11T02:11:53.0577475Z env:
2025-02-11T02:11:53.0577699Z   CACHE_NUMBER: 0
2025-02-11T02:11:53.0578559Z   PYTEST_FLAGS: --tardis-regression-data=/home/runner/work/tardis/tardis/tardis-regression-data --cov=tardis --cov-report=xml --cov-report=html --cov-append
2025-02-11T02:11:53.0579451Z   CODECOV_TOKEN: 
2025-02-11T02:11:53.0579695Z ##[endgroup]
2025-02-11T02:11:53.1326017Z ##[group]Run mamba-org/setup-micromamba@v1
2025-02-11T02:11:53.1326288Z with:
2025-02-11T02:11:53.1326485Z   environment-file: conda-linux-64.lock
2025-02-11T02:11:53.1327046Z   cache-environment-key: tardis-conda-env-linux-64-d7cd390425b0fd3cf82649dcc003efba9915fb4928f15d342148c3ccffcbe2ee-v1
2025-02-11T02:11:53.1327858Z   cache-downloads-key: tardis-conda-env-linux-64-d7cd390425b0fd3cf82649dcc003efba9915fb4928f15d342148c3ccffcbe2ee-v1
2025-02-11T02:11:53.1328404Z   environment-name: tardis
2025-02-11T02:11:53.1328616Z   cache-environment: true
2025-02-11T02:11:53.1328825Z   cache-downloads: true
2025-02-11T02:11:53.1329018Z env:
2025-02-11T02:11:53.1329177Z   CACHE_NUMBER: 0
2025-02-11T02:11:53.1329769Z   PYTEST_FLAGS: --tardis-regression-data=/home/runner/work/tardis/tardis/tardis-regression-data --cov=tardis --cov-report=xml --cov-report=html --cov-append
2025-02-11T02:11:53.1330403Z   CODECOV_TOKEN: 
2025-02-11T02:11:53.1330581Z ##[endgroup]
2025-02-11T02:11:53.2663880Z Will download micromamba to /home/runner/micromamba-bin/micromamba
2025-02-11T02:11:53.2673422Z ##[group]Install micromamba
2025-02-11T02:11:53.7136606Z micromamba installed to /home/runner/micromamba-bin/micromamba
2025-02-11T02:11:53.7138433Z ##[endgroup]
2025-02-11T02:11:53.7139079Z Adding conda-forge to condarc channels ...
2025-02-11T02:11:53.7148089Z ##[group]Initialize micromamba for bash.
2025-02-11T02:11:53.7165368Z [command]/home/runner/micromamba-bin/micromamba shell init -s bash -r /home/runner/micromamba --log-level warning --rc-file /home/runner/work/_temp/setup-micromamba/.condarc
2025-02-11T02:11:53.7270183Z Modifying RC file "/home/runner/.bashrc"
2025-02-11T02:11:53.7271193Z Generating config for root prefix [1m"/home/runner/micromamba"[0m
2025-02-11T02:11:53.7271771Z Setting mamba executable to: [1m"/home/runner/micromamba-bin/micromamba"[0m
2025-02-11T02:11:53.7272409Z Adding (or replacing) the following in your "/home/runner/.bashrc" file
2025-02-11T02:11:53.7272696Z 
2025-02-11T02:11:53.7272784Z # >>> mamba initialize >>>
2025-02-11T02:11:53.7273076Z # !! Contents within this block are managed by 'mamba init' !!
2025-02-11T02:11:53.7273463Z export MAMBA_EXE='/home/runner/micromamba-bin/micromamba';
2025-02-11T02:11:53.7273816Z export MAMBA_ROOT_PREFIX='/home/runner/micromamba';
2025-02-11T02:11:53.7274322Z __mamba_setup="$("$MAMBA_EXE" shell hook --shell bash --root-prefix "$MAMBA_ROOT_PREFIX" 2> /dev/null)"
2025-02-11T02:11:53.7275247Z if [ $? -eq 0 ]; then
2025-02-11T02:11:53.7275659Z     eval "$__mamba_setup"
2025-02-11T02:11:53.7275880Z else
2025-02-11T02:11:53.7276157Z     alias micromamba="$MAMBA_EXE"  # Fallback on help from mamba activate
2025-02-11T02:11:53.7276510Z fi
2025-02-11T02:11:53.7276684Z unset __mamba_setup
2025-02-11T02:11:53.7276888Z # <<< mamba initialize <<<
2025-02-11T02:11:53.7277103Z 
2025-02-11T02:11:53.7288390Z Moving mamba initialize block to .bash_profile
2025-02-11T02:11:53.7301007Z ##[endgroup]
2025-02-11T02:11:53.7302392Z ##[group]Restoring downloads from `/home/runner/micromamba/pkgs` ...
2025-02-11T02:11:55.2110942Z Received 29360128 of 356815776 (8.2%), 28.0 MBs/sec
2025-02-11T02:11:56.2158825Z Received 201326592 of 356815776 (56.4%), 96.0 MBs/sec
2025-02-11T02:11:57.1585228Z Cache Size: ~340 MB (356815776 B)
2025-02-11T02:11:57.1705651Z [command]/usr/bin/tar -xf /home/runner/work/_temp/68e956bf-a7af-4a81-a88c-7c622f6558bd/cache.tzst -P -C /home/runner/work/tardis/tardis --use-compress-program unzstd
2025-02-11T02:11:57.2141946Z Received 356815776 of 356815776 (100.0%), 113.4 MBs/sec
2025-02-11T02:11:57.6663122Z Cache restored successfully
2025-02-11T02:11:57.7400664Z Restored cache with key `tardis-conda-env-linux-64-d7cd390425b0fd3cf82649dcc003efba9915fb4928f15d342148c3ccffcbe2ee-v1-linux-64`
2025-02-11T02:11:57.7401545Z ##[endgroup]
2025-02-11T02:11:57.7413008Z ##[group]Restoring environment `tardis` from `/home/runner/micromamba/envs/tardis` ...
2025-02-11T02:11:59.0680442Z Received 25165824 of 444032293 (5.7%), 24.0 MBs/sec
2025-02-11T02:12:00.0684162Z Received 197132288 of 444032293 (44.4%), 94.0 MBs/sec
2025-02-11T02:12:01.0686699Z Received 356515840 of 444032293 (80.3%), 113.3 MBs/sec
2025-02-11T02:12:01.6078357Z Cache Size: ~423 MB (444032293 B)
2025-02-11T02:12:01.6196435Z [command]/usr/bin/tar -xf /home/runner/work/_temp/bb1675e2-9de7-4b80-979d-7d6543c62ccf/cache.tzst -P -C /home/runner/work/tardis/tardis --use-compress-program unzstd
2025-02-11T02:12:02.0697522Z Received 444032293 of 444032293 (100.0%), 105.8 MBs/sec
2025-02-11T02:12:06.6455864Z Cache restored successfully
2025-02-11T02:12:06.7359751Z Restored cache with key `tardis-conda-env-linux-64-d7cd390425b0fd3cf82649dcc003efba9915fb4928f15d342148c3ccffcbe2ee-v1-linux-64-tardis-args-4f53cda-root-dcc80ee-bin-[object Promise]-file-d7cd390425b0fd3cf82649dcc003efba9915fb4928f15d342148c3ccffcbe2ee`
2025-02-11T02:12:06.7361742Z ##[endgroup]
2025-02-11T02:12:06.7362198Z Adding environment tardis to auto-activate bash ...
2025-02-11T02:12:06.7371022Z Generating micromamba run shell.
2025-02-11T02:12:06.7380374Z ##[endgroup]
2025-02-11T02:12:06.7391444Z Set environment variables.
2025-02-11T02:12:06.7392798Z ##[group]micromamba info
2025-02-11T02:12:06.7394571Z [command]/home/runner/micromamba-bin/micromamba info -r /home/runner/micromamba -n tardis
2025-02-11T02:12:06.7613574Z 
2025-02-11T02:12:06.7613949Z        libmamba version : 1.5.10
2025-02-11T02:12:06.7614428Z      micromamba version : 1.5.10
2025-02-11T02:12:06.7615262Z            curl version : libcurl/8.10.1 OpenSSL/3.3.2 zlib/1.3.1 zstd/1.5.6 libssh2/1.11.0 nghttp2/1.58.0
2025-02-11T02:12:06.7615907Z      libarchive version : libarchive 3.7.4 zlib/1.2.13 bz2lib/1.0.8 libzstd/1.5.6
2025-02-11T02:12:06.7616365Z        envs directories : /home/runner/micromamba/envs
2025-02-11T02:12:06.7616748Z           package cache : /home/runner/micromamba/pkgs
2025-02-11T02:12:06.7617229Z                           /home/runner/.mamba/pkgs
2025-02-11T02:12:06.7617635Z             environment : tardis
2025-02-11T02:12:06.7618189Z            env location : /home/runner/micromamba/envs/tardis
2025-02-11T02:12:06.7618647Z       user config files : /home/runner/.mambarc
2025-02-11T02:12:06.7619182Z  populated config files : /home/runner/work/_temp/setup-micromamba/.condarc
2025-02-11T02:12:06.7619764Z        virtual packages : __unix=0=0
2025-02-11T02:12:06.7620140Z                           __linux=6.8.0=0
2025-02-11T02:12:06.7620856Z                           __glibc=2.39=0
2025-02-11T02:12:06.7621307Z                           __archspec=1=x86_64_v3
2025-02-11T02:12:06.7622097Z                channels : https://conda.anaconda.org/conda-forge/linux-64
2025-02-11T02:12:06.7622709Z                           https://conda.anaconda.org/conda-forge/noarch
2025-02-11T02:12:06.7623223Z        base environment : /home/runner/micromamba
2025-02-11T02:12:06.7623708Z                platform : linux-64
2025-02-11T02:12:06.7631456Z ##[endgroup]
2025-02-11T02:12:06.7703543Z ##[group]micromamba list
2025-02-11T02:12:06.7704445Z [command]/home/runner/micromamba-bin/micromamba list -r /home/runner/micromamba -n tardis
2025-02-11T02:12:07.1509541Z List of packages in environment: "/home/runner/micromamba/envs/tardis"
2025-02-11T02:12:07.1510256Z 
2025-02-11T02:12:07.1510617Z   Name                           Version              Build                    Channel    
2025-02-11T02:12:07.1512123Z ────────────────────────────────────────────────────────────────────────────────────────────
2025-02-11T02:12:07.1512775Z   _libgcc_mutex                  0.1                  conda_forge              conda-forge
2025-02-11T02:12:07.1513292Z   _openmp_mutex                  4.5                  2_gnu                    conda-forge
2025-02-11T02:12:07.1513775Z   alabaster                      0.7.16               pyhd8ed1ab_0             conda-forge
2025-02-11T02:12:07.1514223Z   anyio                          4.4.0                pyhd8ed1ab_0             conda-forge
2025-02-11T02:12:07.1514667Z   argon2-cffi                    23.1.0               pyhd8ed1ab_0             conda-forge
2025-02-11T02:12:07.1515613Z   argon2-cffi-bindings           21.2.0               py312h98912ed_4          conda-forge
2025-02-11T02:12:07.1516372Z   arrow                          1.3.0                pyhd8ed1ab_0             conda-forge
2025-02-11T02:12:07.1517064Z   astropy                        6.1.1                py312h085067d_0          conda-forge
2025-02-11T02:12:07.1517649Z   astropy-iers-data              0.2024.6.17.0.31.35  pyhd8ed1ab_0             conda-forge
2025-02-11T02:12:07.1518439Z   astropy-sphinx-theme           1.1                  pyhd8ed1ab_0             conda-forge
2025-02-11T02:12:07.1519189Z   asttokens                      2.4.1                pyhd8ed1ab_0             conda-forge
2025-02-11T02:12:07.1519922Z   async-lru                      2.0.4                pyhd8ed1ab_0             conda-forge
2025-02-11T02:12:07.1520579Z   atk-1.0                        2.38.0               h04ea711_2               conda-forge
2025-02-11T02:12:07.1521220Z   attrs                          23.2.0               pyh71513ae_0             conda-forge
2025-02-11T02:12:07.1521868Z   babel                          2.14.0               pyhd8ed1ab_0             conda-forge
2025-02-11T02:12:07.1522580Z   beautifulsoup4                 4.12.3               pyha770c72_0             conda-forge
2025-02-11T02:12:07.1523297Z   bleach                         6.1.0                pyhd8ed1ab_0             conda-forge
2025-02-11T02:12:07.1523960Z   blosc                          1.21.5               hc2324a3_1               conda-forge
2025-02-11T02:12:07.1524544Z   brotli                         1.1.0                hd590300_1               conda-forge
2025-02-11T02:12:07.1525326Z   brotli-bin                     1.1.0                hd590300_1               conda-forge
2025-02-11T02:12:07.1525976Z   brotli-python                  1.1.0                py312h30efb56_1          conda-forge
2025-02-11T02:12:07.1526588Z   bzip2                          1.0.8                hd590300_5               conda-forge
2025-02-11T02:12:07.1527158Z   c-ares                         1.28.1               hd590300_0               conda-forge
2025-02-11T02:12:07.1527754Z   c-blosc2                       2.14.4               hb4ffafa_1               conda-forge
2025-02-11T02:12:07.1528404Z   ca-certificates                2024.6.2             hbcca054_0               conda-forge
2025-02-11T02:12:07.1529019Z   cached-property                1.5.2                hd8ed1ab_1               conda-forge
2025-02-11T02:12:07.1529850Z   cached_property                1.5.2                pyha770c72_1             conda-forge
2025-02-11T02:12:07.1530234Z   cairo                          1.18.0               h3faef2a_0               conda-forge
2025-02-11T02:12:07.1530602Z   certifi                        2024.6.2             pyhd8ed1ab_0             conda-forge
2025-02-11T02:12:07.1530952Z   cffi                           1.16.0               py312hf06ca03_0          conda-forge
2025-02-11T02:12:07.1531347Z   charset-normalizer             3.3.2                pyhd8ed1ab_0             conda-forge
2025-02-11T02:12:07.1531737Z   click                          8.1.7                unix_pyh707e725_0        conda-forge
2025-02-11T02:12:07.1532097Z   codespell                      2.3.0                pyhd8ed1ab_0             conda-forge
2025-02-11T02:12:07.1532470Z   colorama                       0.4.6                pyhd8ed1ab_0             conda-forge
2025-02-11T02:12:07.1532848Z   comm                           0.2.2                pyhd8ed1ab_0             conda-forge
2025-02-11T02:12:07.1533214Z   commonmark                     0.9.1                py_0                     conda-forge
2025-02-11T02:12:07.1533577Z   contourpy                      1.2.1                py312h8572e83_0          conda-forge
2025-02-11T02:12:07.1533935Z   coverage                       7.5.3                py312h9a8786e_0          conda-forge
2025-02-11T02:12:07.1534297Z   cycler                         0.12.1               pyhd8ed1ab_0             conda-forge
2025-02-11T02:12:07.1534661Z   dataclasses                    0.8                  pyhc8e2a94_3             conda-forge
2025-02-11T02:12:07.1535227Z   debugpy                        1.8.1                py312h30efb56_0          conda-forge
2025-02-11T02:12:07.1535590Z   decorator                      5.1.1                pyhd8ed1ab_0             conda-forge
2025-02-11T02:12:07.1535958Z   defusedxml                     0.7.1                pyhd8ed1ab_0             conda-forge
2025-02-11T02:12:07.1536334Z   docutils                       0.20.1               py312h7900ff3_3          conda-forge
2025-02-11T02:12:07.1536688Z   dot2tex                        2.11.3               pyhd8ed1ab_0             conda-forge
2025-02-11T02:12:07.1537051Z   entrypoints                    0.4                  pyhd8ed1ab_0             conda-forge
2025-02-11T02:12:07.1537437Z   exceptiongroup                 1.2.0                pyhd8ed1ab_2             conda-forge
2025-02-11T02:12:07.1537818Z   executing                      2.0.1                pyhd8ed1ab_0             conda-forge
2025-02-11T02:12:07.1538165Z   expat                          2.6.2                h59595ed_0               conda-forge
2025-02-11T02:12:07.1538566Z   font-ttf-dejavu-sans-mono      2.37                 hab24e00_0               conda-forge
2025-02-11T02:12:07.1539010Z   font-ttf-inconsolata           3.000                h77eed37_0               conda-forge
2025-02-11T02:12:07.1539454Z   font-ttf-source-code-pro       2.038                h77eed37_0               conda-forge
2025-02-11T02:12:07.1539879Z   font-ttf-ubuntu                0.83                 h77eed37_2               conda-forge
2025-02-11T02:12:07.1540258Z   fontconfig                     2.14.2               h14ed4e7_0               conda-forge
2025-02-11T02:12:07.1540651Z   fonts-conda-ecosystem          1                    0                        conda-forge
2025-02-11T02:12:07.1541050Z   fonts-conda-forge              1                    0                        conda-forge
2025-02-11T02:12:07.1541427Z   fonttools                      4.53.0               py312h9a8786e_0          conda-forge
2025-02-11T02:12:07.1541776Z   fqdn                           1.5.1                pyhd8ed1ab_0             conda-forge
2025-02-11T02:12:07.1542117Z   freetype                       2.12.1               h267a509_2               conda-forge
2025-02-11T02:12:07.1542485Z   fribidi                        1.0.10               h36c2ea0_0               conda-forge
2025-02-11T02:12:07.1543450Z   future                         1.0.0                pyhd8ed1ab_0             conda-forge
2025-02-11T02:12:07.1544096Z   gdk-pixbuf                     2.42.12              hb9ae30d_0               conda-forge
2025-02-11T02:12:07.1544850Z   giflib                         5.2.2                hd590300_0               conda-forge
2025-02-11T02:12:07.1545685Z   git-lfs                        3.5.1                ha770c72_0               conda-forge
2025-02-11T02:12:07.1546239Z   gmp                            6.3.0                h59595ed_1               conda-forge
2025-02-11T02:12:07.1546804Z   gmpy2                          2.1.5                py312h1d5cde6_1          conda-forge
2025-02-11T02:12:07.1547344Z   graphite2                      1.3.13               h59595ed_1003            conda-forge
2025-02-11T02:12:07.1547939Z   graphviz                       11.0.0               hc68bbd7_0               conda-forge
2025-02-11T02:12:07.1548552Z   gtk2                           2.24.33              h280cfa0_4               conda-forge
2025-02-11T02:12:07.1549151Z   gts                            0.7.6                h977cf35_4               conda-forge
2025-02-11T02:12:07.1549746Z   h11                            0.14.0               pyhd8ed1ab_0             conda-forge
2025-02-11T02:12:07.1550308Z   h2                             4.1.0                pyhd8ed1ab_0             conda-forge
2025-02-11T02:12:07.1550842Z   h5py                           3.11.0               nompi_py312hb7ab980_102  conda-forge
2025-02-11T02:12:07.1551428Z   harfbuzz                       8.5.0                hfac3d4d_0               conda-forge
2025-02-11T02:12:07.1551828Z   hdf5                           1.14.3               nompi_hdf9ad27_105       conda-forge
2025-02-11T02:12:07.1552365Z   hpack                          4.0.0                pyh9f0ad1d_0             conda-forge
2025-02-11T02:12:07.1552970Z   httpcore                       1.0.5                pyhd8ed1ab_0             conda-forge
2025-02-11T02:12:07.1553756Z   httpx                          0.27.0               pyhd8ed1ab_0             conda-forge
2025-02-11T02:12:07.1554368Z   hyperframe                     6.0.1                pyhd8ed1ab_0             conda-forge
2025-02-11T02:12:07.1555149Z   icu                            73.2                 h59595ed_0               conda-forge
2025-02-11T02:12:07.1555617Z   idna                           3.7                  pyhd8ed1ab_0             conda-forge
2025-02-11T02:12:07.1555959Z   imagesize                      1.4.1                pyhd8ed1ab_0             conda-forge
2025-02-11T02:12:07.1556350Z   importlib-metadata             7.1.0                pyha770c72_0             conda-forge
2025-02-11T02:12:07.1556761Z   importlib_metadata             7.1.0                hd8ed1ab_0               conda-forge
2025-02-11T02:12:07.1557168Z   importlib_resources            6.4.0                pyhd8ed1ab_0             conda-forge
2025-02-11T02:12:07.1557569Z   iniconfig                      2.0.0                pyhd8ed1ab_0             conda-forge
2025-02-11T02:12:07.1557938Z   ipykernel                      6.29.4               pyh3099207_0             conda-forge
2025-02-11T02:12:07.1558290Z   ipython                        8.25.0               pyh707e725_0             conda-forge
2025-02-11T02:12:07.1558661Z   ipython_genutils               0.2.0                pyhd8ed1ab_1             conda-forge
2025-02-11T02:12:07.1559039Z   ipywidgets                     7.8.0                pyhd8ed1ab_0             conda-forge
2025-02-11T02:12:07.1559412Z   isoduration                    20.11.0              pyhd8ed1ab_0             conda-forge
2025-02-11T02:12:07.1559769Z   jedi                           0.19.1               pyhd8ed1ab_0             conda-forge
2025-02-11T02:12:07.1560103Z   jinja2                         3.1.4                pyhd8ed1ab_0             conda-forge
2025-02-11T02:12:07.1560438Z   json5                          0.9.25               pyhd8ed1ab_0             conda-forge
2025-02-11T02:12:07.1561082Z   jsonpointer                    3.0.0                py312h7900ff3_0          conda-forge
2025-02-11T02:12:07.1561456Z   jsonschema                     4.22.0               pyhd8ed1ab_0             conda-forge
2025-02-11T02:12:07.1561884Z   jsonschema-specifications      2023.12.1            pyhd8ed1ab_0             conda-forge
2025-02-11T02:12:07.1562374Z   jsonschema-with-format-nongpl  4.22.0               pyhd8ed1ab_0             conda-forge
2025-02-11T02:12:07.1562910Z   jupyter-lsp                    2.2.5                pyhd8ed1ab_0             conda-forge
2025-02-11T02:12:07.1563517Z   jupyter_client                 8.6.2                pyhd8ed1ab_0             conda-forge
2025-02-11T02:12:07.1564163Z   jupyter_core                   5.7.2                py312h7900ff3_0          conda-forge
2025-02-11T02:12:07.1564809Z   jupyter_events                 0.10.0               pyhd8ed1ab_0             conda-forge
2025-02-11T02:12:07.1565646Z   jupyter_server                 2.14.1               pyhd8ed1ab_0             conda-forge
2025-02-11T02:12:07.1566362Z   jupyter_server_terminals       0.5.3                pyhd8ed1ab_0             conda-forge
2025-02-11T02:12:07.1567060Z   jupyterlab                     4.2.2                pyhd8ed1ab_0             conda-forge
2025-02-11T02:12:07.1567741Z   jupyterlab_pygments            0.3.0                pyhd8ed1ab_1             conda-forge
2025-02-11T02:12:07.1568454Z   jupyterlab_server              2.27.2               pyhd8ed1ab_0             conda-forge
2025-02-11T02:12:07.1569158Z   jupyterlab_widgets             1.1.7                pyhd8ed1ab_0             conda-forge
2025-02-11T02:12:07.1569808Z   keyutils                       1.6.1                h166bdaf_0               conda-forge
2025-02-11T02:12:07.1570413Z   kiwisolver                     1.4.5                py312h8572e83_1          conda-forge
2025-02-11T02:12:07.1571004Z   krb5                           1.21.2               h659d440_0               conda-forge
2025-02-11T02:12:07.1571593Z   latexcodec                     2.0.1                pyh9f0ad1d_0             conda-forge
2025-02-11T02:12:07.1572187Z   lcms2                          2.16                 hb7c19ff_0               conda-forge
2025-02-11T02:12:07.1572788Z   ld_impl_linux-64               2.40                 hf3520f5_7               conda-forge
2025-02-11T02:12:07.1573371Z   lerc                           4.0.0                h27087fc_0               conda-forge
2025-02-11T02:12:07.1573923Z   libaec                         1.1.3                h59595ed_0               conda-forge
2025-02-11T02:12:07.1574512Z   libblas                        3.9.0                22_linux64_openblas      conda-forge
2025-02-11T02:12:07.1575286Z   libbrotlicommon                1.1.0                hd590300_1               conda-forge
2025-02-11T02:12:07.1575949Z   libbrotlidec                   1.1.0                hd590300_1               conda-forge
2025-02-11T02:12:07.1576597Z   libbrotlienc                   1.1.0                hd590300_1               conda-forge
2025-02-11T02:12:07.1577230Z   libcblas                       3.9.0                22_linux64_openblas      conda-forge
2025-02-11T02:12:07.1577830Z   libcurl                        8.8.0                hca28451_0               conda-forge
2025-02-11T02:12:07.1578425Z   libdeflate                     1.20                 hd590300_0               conda-forge
2025-02-11T02:12:07.1579050Z   libedit                        3.1.20191231         he28a2e2_2               conda-forge
2025-02-11T02:12:07.1579653Z   libev                          4.33                 hd590300_2               conda-forge
2025-02-11T02:12:07.1580258Z   libexpat                       2.6.2                h59595ed_0               conda-forge
2025-02-11T02:12:07.1580856Z   libffi                         3.4.2                h7f98852_5               conda-forge
2025-02-11T02:12:07.1581441Z   libgcc-ng                      13.2.0               h77fa898_10              conda-forge
2025-02-11T02:12:07.1582298Z   libgd                          2.3.3                h119a65a_9               conda-forge
2025-02-11T02:12:07.1582888Z   libgfortran-ng                 13.2.0               h69a702a_10              conda-forge
2025-02-11T02:12:07.1583600Z   libgfortran5                   13.2.0               h3d2ce59_10              conda-forge
2025-02-11T02:12:07.1584185Z   libglib                        2.80.2               h8a4344b_1               conda-forge
2025-02-11T02:12:07.1584733Z   libgomp                        13.2.0               h77fa898_10              conda-forge
2025-02-11T02:12:07.1585467Z   libiconv                       1.17                 hd590300_2               conda-forge
2025-02-11T02:12:07.1586088Z   libjpeg-turbo                  3.0.0                hd590300_1               conda-forge
2025-02-11T02:12:07.1586726Z   liblapack                      3.9.0                22_linux64_openblas      conda-forge
2025-02-11T02:12:07.1587360Z   libllvm14                      14.0.6               hcd5def8_4               conda-forge
2025-02-11T02:12:07.1588000Z   libnghttp2                     1.58.0               h47da74e_1               conda-forge
2025-02-11T02:12:07.1588602Z   libnsl                         2.0.1                hd590300_0               conda-forge
2025-02-11T02:12:07.1589215Z   libopenblas                    0.3.27               pthreads_h413a1c8_0      conda-forge
2025-02-11T02:12:07.1589823Z   libpng                         1.6.43               h2797004_0               conda-forge
2025-02-11T02:12:07.1590396Z   librsvg                        2.58.1               hadf69e7_0               conda-forge
2025-02-11T02:12:07.1590986Z   libsodium                      1.0.18               h36c2ea0_1               conda-forge
2025-02-11T02:12:07.1591589Z   libsqlite                      3.46.0               hde9e2c9_0               conda-forge
2025-02-11T02:12:07.1592182Z   libssh2                        1.11.0               h0841786_0               conda-forge
2025-02-11T02:12:07.1592811Z   libstdcxx-ng                   13.2.0               hc0a3c3a_10              conda-forge
2025-02-11T02:12:07.1593427Z   libtiff                        4.6.0                h1dd3fc0_3               conda-forge
2025-02-11T02:12:07.1594013Z   libuuid                        2.38.1               h0b41bf4_0               conda-forge
2025-02-11T02:12:07.1594598Z   libwebp                        1.4.0                h2c329e2_0               conda-forge
2025-02-11T02:12:07.1595346Z   libwebp-base                   1.4.0                hd590300_0               conda-forge
2025-02-11T02:12:07.1595952Z   libxcb                         1.15                 h0b41bf4_0               conda-forge
2025-02-11T02:12:07.1596551Z   libxcrypt                      4.4.36               hd590300_1               conda-forge
2025-02-11T02:12:07.1597164Z   libxml2                        2.12.7               hc051c1a_1               conda-forge
2025-02-11T02:12:07.1597795Z   libxslt                        1.1.39               h76b75d6_0               conda-forge
2025-02-11T02:12:07.1598392Z   libzlib                        1.3.1                h4ab18f5_1               conda-forge
2025-02-11T02:12:07.1598992Z   llvmlite                       0.42.0               py312hb06c811_1          conda-forge
2025-02-11T02:12:07.1599578Z   lxml                           5.2.2                py312hb90d8a5_0          conda-forge
2025-02-11T02:12:07.1600128Z   lz4-c                          1.9.4                hcb278e6_0               conda-forge
2025-02-11T02:12:07.1600668Z   lzo                            2.10                 hd590300_1001            conda-forge
2025-02-11T02:12:07.1601251Z   markupsafe                     2.1.5                py312h98912ed_0          conda-forge
2025-02-11T02:12:07.1601911Z   matplotlib-base                3.8.4                py312h20ab3a6_2          conda-forge
2025-02-11T02:12:07.1602615Z   matplotlib-inline              0.1.7                pyhd8ed1ab_0             conda-forge
2025-02-11T02:12:07.1603674Z   mistune                        3.0.2                pyhd8ed1ab_0             conda-forge
2025-02-11T02:12:07.1604264Z   mpc                            1.3.1                hfe3b2da_0               conda-forge
2025-02-11T02:12:07.1604809Z   mpfr                           4.2.1                h9458935_1               conda-forge
2025-02-11T02:12:07.1605514Z   mpmath                         1.3.0                pyhd8ed1ab_0             conda-forge
2025-02-11T02:12:07.1606104Z   munkres                        1.1.4                pyh9f0ad1d_0             conda-forge
2025-02-11T02:12:07.1606745Z   mypy_extensions                1.0.0                pyha770c72_0             conda-forge
2025-02-11T02:12:07.1607399Z   nbclassic                      1.1.0                pyhd8ed1ab_0             conda-forge
2025-02-11T02:12:07.1608018Z   nbclient                       0.10.0               pyhd8ed1ab_0             conda-forge
2025-02-11T02:12:07.1608639Z   nbconvert                      7.16.4               hd8ed1ab_1               conda-forge
2025-02-11T02:12:07.1609309Z   nbconvert-core                 7.16.4               pyhd8ed1ab_1             conda-forge
2025-02-11T02:12:07.1610007Z   nbconvert-pandoc               7.16.4               hd8ed1ab_1               conda-forge
2025-02-11T02:12:07.1610675Z   nbformat                       5.10.4               pyhd8ed1ab_0             conda-forge
2025-02-11T02:12:07.1611290Z   nbsphinx                       0.9.4                pyhd8ed1ab_0             conda-forge
2025-02-11T02:12:07.1611894Z   ncurses                        6.5                  h59595ed_0               conda-forge
2025-02-11T02:12:07.1612510Z   nest-asyncio                   1.6.0                pyhd8ed1ab_0             conda-forge
2025-02-11T02:12:07.1613145Z   networkx                       3.3                  pyhd8ed1ab_1             conda-forge
2025-02-11T02:12:07.1613730Z   nomkl                          1.0                  h5ca1d4c_0               conda-forge
2025-02-11T02:12:07.1614341Z   notebook                       7.2.1                pyhd8ed1ab_0             conda-forge
2025-02-11T02:12:07.1615152Z   notebook-shim                  0.2.4                pyhd8ed1ab_0             conda-forge
2025-02-11T02:12:07.1615778Z   numba                          0.59.1               py312hacefee8_0          conda-forge
2025-02-11T02:12:07.1616370Z   numexpr                        2.10.0               py312hf412c99_100        conda-forge
2025-02-11T02:12:07.1616960Z   numpy                          1.26.4               py312heda63a1_0          conda-forge
2025-02-11T02:12:07.1617552Z   numpydoc                       1.7.0                pyhd8ed1ab_1             conda-forge
2025-02-11T02:12:07.1618162Z   openjpeg                       2.5.2                h488ebb8_0               conda-forge
2025-02-11T02:12:07.1618766Z   openssl                        3.3.1                h4ab18f5_0               conda-forge
2025-02-11T02:12:07.1619352Z   overrides                      7.7.0                pyhd8ed1ab_0             conda-forge
2025-02-11T02:12:07.1619961Z   packaging                      24.1                 pyhd8ed1ab_0             conda-forge
2025-02-11T02:12:07.1620553Z   pandas                         2.2.2                py312h1d6d2e6_1          conda-forge
2025-02-11T02:12:07.1621140Z   pandoc                         3.2                  ha770c72_0               conda-forge
2025-02-11T02:12:07.1621732Z   pandocfilters                  1.5.0                pyhd8ed1ab_0             conda-forge
2025-02-11T02:12:07.1622344Z   pango                          1.54.0               h84a9a3c_0               conda-forge
2025-02-11T02:12:07.1622900Z   parso                          0.8.4                pyhd8ed1ab_0             conda-forge
2025-02-11T02:12:07.1623494Z   pathspec                       0.12.1               pyhd8ed1ab_0             conda-forge
2025-02-11T02:12:07.1624076Z   pbr                            6.0.0                pyhd8ed1ab_0             conda-forge
2025-02-11T02:12:07.1625233Z   pcre2                          10.44                h0f59acf_0               conda-forge
2025-02-11T02:12:07.1625958Z   pexpect                        4.9.0                pyhd8ed1ab_0             conda-forge
2025-02-11T02:12:07.1626573Z   pickleshare                    0.7.5                py_1003                  conda-forge
2025-02-11T02:12:07.1627167Z   pillow                         10.3.0               py312hdcec9eb_0          conda-forge
2025-02-11T02:12:07.1627728Z   pip                            24.0                 pyhd8ed1ab_0             conda-forge
2025-02-11T02:12:07.1628293Z   pixman                         0.43.2               h59595ed_0               conda-forge
2025-02-11T02:12:07.1628969Z   pkgutil-resolve-name           1.3.10               pyhd8ed1ab_1             conda-forge
2025-02-11T02:12:07.1629681Z   platformdirs                   4.2.2                pyhd8ed1ab_0             conda-forge
2025-02-11T02:12:07.1630315Z   plotly                         5.22.0               pyhd8ed1ab_0             conda-forge
2025-02-11T02:12:07.1630924Z   pluggy                         1.5.0                pyhd8ed1ab_0             conda-forge
2025-02-11T02:12:07.1631580Z   prometheus_client              0.20.0               pyhd8ed1ab_0             conda-forge
2025-02-11T02:12:07.1632282Z   prompt-toolkit                 3.0.47               pyha770c72_0             conda-forge
2025-02-11T02:12:07.1632917Z   psutil                         5.9.8                py312h98912ed_0          conda-forge
2025-02-11T02:12:07.1633538Z   pthread-stubs                  0.4                  h36c2ea0_1001            conda-forge
2025-02-11T02:12:07.1634188Z   ptyprocess                     0.7.0                pyhd3deb0d_0             conda-forge
2025-02-11T02:12:07.1634817Z   pure_eval                      0.2.2                pyhd8ed1ab_0             conda-forge
2025-02-11T02:12:07.1635576Z   py-cpuinfo                     9.0.0                pyhd8ed1ab_0             conda-forge
2025-02-11T02:12:07.1636206Z   pybtex                         0.24.0               pyhd8ed1ab_2             conda-forge
2025-02-11T02:12:07.1636857Z   pybtex-docutils                1.0.3                py312h7900ff3_1          conda-forge
2025-02-11T02:12:07.1637524Z   pycparser                      2.22                 pyhd8ed1ab_0             conda-forge
2025-02-11T02:12:07.1638137Z   pyerfa                         2.0.1.4              py312h085067d_1          conda-forge
2025-02-11T02:12:07.1638747Z   pygments                       2.18.0               pyhd8ed1ab_0             conda-forge
2025-02-11T02:12:07.1639376Z   pygraphviz                     1.13                 py312h4a1d8a7_1          conda-forge
2025-02-11T02:12:07.1640013Z   pyparsing                      3.1.2                pyhd8ed1ab_0             conda-forge
2025-02-11T02:12:07.1640632Z   pysocks                        1.7.1                pyha2e5f31_6             conda-forge
2025-02-11T02:12:07.1641245Z   pytables                       3.9.2                py312h96d95ec_2          conda-forge
2025-02-11T02:12:07.1641863Z   pytest                         8.2.2                pyhd8ed1ab_0             conda-forge
2025-02-11T02:12:07.1642481Z   pytest-cov                     5.0.0                pyhd8ed1ab_0             conda-forge
2025-02-11T02:12:07.1643171Z   pytest-doctestplus             1.2.1                pyhd8ed1ab_0             conda-forge
2025-02-11T02:12:07.1643863Z   pytest-html                    4.1.1                pyhd8ed1ab_0             conda-forge
2025-02-11T02:12:07.1644535Z   pytest-metadata                3.1.1                pyhd8ed1ab_0             conda-forge
2025-02-11T02:12:07.1645308Z   python                         3.12.4               h194c7f8_0_cpython       conda-forge
2025-02-11T02:12:07.1645958Z   python-dateutil                2.9.0                pyhd8ed1ab_0             conda-forge
2025-02-11T02:12:07.1646701Z   python-fastjsonschema          2.20.0               pyhd8ed1ab_0             conda-forge
2025-02-11T02:12:07.1647610Z   python-json-logger             2.0.7                pyhd8ed1ab_0             conda-forge
2025-02-11T02:12:07.1648510Z   python-tzdata                  2024.1               pyhd8ed1ab_0             conda-forge
2025-02-11T02:12:07.1649149Z   python_abi                     3.12                 4_cp312                  conda-forge
2025-02-11T02:12:07.1649734Z   pytz                           2024.1               pyhd8ed1ab_0             conda-forge
2025-02-11T02:12:07.1650311Z   pyyaml                         6.0.1                py312h98912ed_1          conda-forge
2025-02-11T02:12:07.1650885Z   pyzmq                          26.0.3               py312h8fd38d8_0          conda-forge
2025-02-11T02:12:07.1651460Z   qgrid                          1.3.1                pyhd8ed1ab_4             conda-forge
2025-02-11T02:12:07.1652055Z   radioactivedecay               0.5.1                pyhd8ed1ab_0             conda-forge
2025-02-11T02:12:07.1652688Z   readline                       8.2                  h8228510_1               conda-forge
2025-02-11T02:12:07.1653418Z   recommonmark                   0.7.1                pyhd8ed1ab_0             conda-forge
2025-02-11T02:12:07.1654048Z   referencing                    0.35.1               pyhd8ed1ab_0             conda-forge
2025-02-11T02:12:07.1654655Z   requests                       2.32.3               pyhd8ed1ab_0             conda-forge
2025-02-11T02:12:07.1655436Z   rfc3339-validator              0.1.4                pyhd8ed1ab_0             conda-forge
2025-02-11T02:12:07.1656121Z   rfc3986-validator              0.1.1                pyh9f0ad1d_0             conda-forge
2025-02-11T02:12:07.1656762Z   rpds-py                        0.18.1               py312h4413252_0          conda-forge
2025-02-11T02:12:07.1657333Z   ruff                           0.4.9                py312h5715c7c_0          conda-forge
2025-02-11T02:12:07.1657905Z   scipy                          1.13.1               py312hc2bc53b_0          conda-forge
2025-02-11T02:12:07.1658528Z   send2trash                     1.8.3                pyh0d859eb_0             conda-forge
2025-02-11T02:12:07.1659179Z   setuptools                     70.0.0               pyhd8ed1ab_0             conda-forge
2025-02-11T02:12:07.1659845Z   setuptools-scm                 8.1.0                pyhd8ed1ab_0             conda-forge
2025-02-11T02:12:07.1660476Z   setuptools_scm                 8.1.0                hd8ed1ab_0               conda-forge
2025-02-11T02:12:07.1661059Z   six                            1.16.0               pyh6c4a22f_0             conda-forge
2025-02-11T02:12:07.1661607Z   snakeviz                       2.2.0                pyhd8ed1ab_0             conda-forge
2025-02-11T02:12:07.1662213Z   snappy                         1.2.0                hdb0a2a9_1               conda-forge
2025-02-11T02:12:07.1662770Z   sniffio                        1.3.1                pyhd8ed1ab_0             conda-forge
2025-02-11T02:12:07.1663291Z   snowballstemmer                2.2.0                pyhd8ed1ab_0             conda-forge
2025-02-11T02:12:07.1663688Z   soupsieve                      2.5                  pyhd8ed1ab_1             conda-forge
2025-02-11T02:12:07.1664036Z   sphinx                         7.3.7                pyhd8ed1ab_0             conda-forge
2025-02-11T02:12:07.1664407Z   sphinx-astropy                 1.9.1                pyhd8ed1ab_0             conda-forge
2025-02-11T02:12:07.1664816Z   sphinx-automodapi              0.17.0               pyh717bed2_1             conda-forge
2025-02-11T02:12:07.1665448Z   sphinx-gallery                 0.16.0               pyhd8ed1ab_0             conda-forge
2025-02-11T02:12:07.1665853Z   sphinx-jsonschema              1.19.1               pyhd8ed1ab_0             conda-forge
2025-02-11T02:12:07.1666273Z   sphinx_bootstrap_theme         0.8.1                pyhd8ed1ab_0             conda-forge
2025-02-11T02:12:07.1666678Z   sphinx_rtd_theme               2.0.0                pyha770c72_0             conda-forge
2025-02-11T02:12:07.1667268Z   sphinxcontrib-apidoc           0.3.0                py_1                     conda-forge
2025-02-11T02:12:07.1667811Z   sphinxcontrib-applehelp        1.0.8                pyhd8ed1ab_0             conda-forge
2025-02-11T02:12:07.1668254Z   sphinxcontrib-bibtex           2.6.2                pyhd8ed1ab_0             conda-forge
2025-02-11T02:12:07.1668685Z   sphinxcontrib-devhelp          1.0.6                pyhd8ed1ab_0             conda-forge
2025-02-11T02:12:07.1669124Z   sphinxcontrib-htmlhelp         2.0.5                pyhd8ed1ab_0             conda-forge
2025-02-11T02:12:07.1669561Z   sphinxcontrib-jquery           4.1                  pyhd8ed1ab_0             conda-forge
2025-02-11T02:12:07.1669986Z   sphinxcontrib-jsmath           1.0.1                pyhd8ed1ab_0             conda-forge
2025-02-11T02:12:07.1670415Z   sphinxcontrib-qthelp           1.0.7                pyhd8ed1ab_0             conda-forge
2025-02-11T02:12:07.1670878Z   sphinxcontrib-serializinghtml  1.1.10               pyhd8ed1ab_0             conda-forge
2025-02-11T02:12:07.1671323Z   stack_data                     0.6.2                pyhd8ed1ab_0             conda-forge
2025-02-11T02:12:07.1671688Z   sympy                          1.12.1               pypyh2585a3b_103         conda-forge
2025-02-11T02:12:07.1672033Z   tabulate                       0.9.0                pyhd8ed1ab_1             conda-forge
2025-02-11T02:12:07.1672382Z   tenacity                       8.4.1                pyhd8ed1ab_0             conda-forge
2025-02-11T02:12:07.1672740Z   terminado                      0.18.1               pyh0d859eb_0             conda-forge
2025-02-11T02:12:07.1673095Z   tinycss2                       1.3.0                pyhd8ed1ab_0             conda-forge
2025-02-11T02:12:07.1673428Z   tk                             8.6.13               noxft_h4845f30_101       conda-forge
2025-02-11T02:12:07.1673753Z   toml                           0.10.2               pyhd8ed1ab_0             conda-forge
2025-02-11T02:12:07.1674082Z   tomli                          2.0.1                pyhd8ed1ab_0             conda-forge
2025-02-11T02:12:07.1674429Z   tornado                        6.4.1                py312h9a8786e_0          conda-forge
2025-02-11T02:12:07.1674766Z   tqdm                           4.66.4               pyhd8ed1ab_0             conda-forge
2025-02-11T02:12:07.1675407Z   traitlets                      5.14.3               pyhd8ed1ab_0             conda-forge
2025-02-11T02:12:07.1675842Z   typed-ast                      1.5.5                py312h98912ed_1          conda-forge
2025-02-11T02:12:07.1676250Z   types-python-dateutil          2.9.0.20240316       pyhd8ed1ab_0             conda-forge
2025-02-11T02:12:07.1676684Z   typing-extensions              4.12.2               hd8ed1ab_0               conda-forge
2025-02-11T02:12:07.1677091Z   typing_extensions              4.12.2               pyha770c72_0             conda-forge
2025-02-11T02:12:07.1677472Z   typing_utils                   0.1.0                pyhd8ed1ab_0             conda-forge
2025-02-11T02:12:07.1677844Z   tzdata                         2024a                h0c530f3_0               conda-forge
2025-02-11T02:12:07.1678205Z   uri-template                   1.3.0                pyhd8ed1ab_0             conda-forge
2025-02-11T02:12:07.1678573Z   urllib3                        2.2.2                pyhd8ed1ab_0             conda-forge
2025-02-11T02:12:07.1678917Z   wcwidth                        0.2.13               pyhd8ed1ab_0             conda-forge
2025-02-11T02:12:07.1679272Z   webcolors                      24.6.0               pyhd8ed1ab_0             conda-forge
2025-02-11T02:12:07.1679641Z   webencodings                   0.5.1                pyhd8ed1ab_2             conda-forge
2025-02-11T02:12:07.1680031Z   websocket-client               1.8.0                pyhd8ed1ab_0             conda-forge
2025-02-11T02:12:07.1680402Z   wheel                          0.43.0               pyhd8ed1ab_1             conda-forge
2025-02-11T02:12:07.1680780Z   widgetsnbextension             3.6.6                pyhd8ed1ab_0             conda-forge
2025-02-11T02:12:07.1681414Z   xorg-kbproto                   1.0.7                h7f98852_1002            conda-forge
2025-02-11T02:12:07.1681783Z   xorg-libice                    1.1.1                hd590300_0               conda-forge
2025-02-11T02:12:07.1682141Z   xorg-libsm                     1.2.4                h7391055_0               conda-forge
2025-02-11T02:12:07.1682500Z   xorg-libx11                    1.8.9                h8ee46fc_0               conda-forge
2025-02-11T02:12:07.1682866Z   xorg-libxau                    1.0.11               hd590300_0               conda-forge
2025-02-11T02:12:07.1683231Z   xorg-libxdmcp                  1.1.3                h7f98852_0               conda-forge
2025-02-11T02:12:07.1683604Z   xorg-libxext                   1.3.4                h0b41bf4_2               conda-forge
2025-02-11T02:12:07.1683979Z   xorg-libxrender                0.9.11               hd590300_0               conda-forge
2025-02-11T02:12:07.1684373Z   xorg-renderproto               0.11.1               h7f98852_1002            conda-forge
2025-02-11T02:12:07.1684765Z   xorg-xextproto                 7.3.0                h0b41bf4_1003            conda-forge
2025-02-11T02:12:07.1685372Z   xorg-xproto                    7.0.31               h7f98852_1007            conda-forge
2025-02-11T02:12:07.1685710Z   xz                             5.2.6                h166bdaf_0               conda-forge
2025-02-11T02:12:07.1686019Z   yaml                           0.2.5                h7f98852_2               conda-forge
2025-02-11T02:12:07.1686339Z   zeromq                         4.3.5                h75354e8_4               conda-forge
2025-02-11T02:12:07.1686681Z   zipp                           3.19.2               pyhd8ed1ab_0             conda-forge
2025-02-11T02:12:07.1687005Z   zlib                           1.3.1                h4ab18f5_1               conda-forge
2025-02-11T02:12:07.1687330Z   zlib-ng                        2.0.7                h0b41bf4_0               conda-forge
2025-02-11T02:12:07.1687669Z   zstd                           1.5.6                ha6fb4c9_0               conda-forge
2025-02-11T02:12:07.1688181Z ##[endgroup]
2025-02-11T02:12:07.1722295Z ##[group]Run pip install -e . --user
2025-02-11T02:12:07.1722649Z [36;1mpip install -e . --user[0m
2025-02-11T02:12:07.1753074Z shell: /usr/bin/bash -l {0}
2025-02-11T02:12:07.1753313Z env:
2025-02-11T02:12:07.1753488Z   CACHE_NUMBER: 0
2025-02-11T02:12:07.1754110Z   PYTEST_FLAGS: --tardis-regression-data=/home/runner/work/tardis/tardis/tardis-regression-data --cov=tardis --cov-report=xml --cov-report=html --cov-append
2025-02-11T02:12:07.1754760Z   CODECOV_TOKEN: 
2025-02-11T02:12:07.1755192Z   MAMBA_ROOT_PREFIX: /home/runner/micromamba
2025-02-11T02:12:07.1755497Z   MAMBA_EXE: /home/runner/micromamba-bin/micromamba
2025-02-11T02:12:07.1755856Z   CONDARC: /home/runner/work/_temp/setup-micromamba/.condarc
2025-02-11T02:12:07.1756162Z ##[endgroup]
2025-02-11T02:12:07.8760684Z Obtaining file:///home/runner/work/tardis/tardis
2025-02-11T02:12:07.8787921Z   Installing build dependencies: started
2025-02-11T02:12:10.7483743Z   Installing build dependencies: finished with status 'done'
2025-02-11T02:12:10.7489878Z   Checking if build backend supports build_editable: started
2025-02-11T02:12:10.8673581Z   Checking if build backend supports build_editable: finished with status 'done'
2025-02-11T02:12:10.8680640Z   Getting requirements to build editable: started
2025-02-11T02:12:11.3196110Z   Getting requirements to build editable: finished with status 'done'
2025-02-11T02:12:11.3204222Z   Preparing editable metadata (pyproject.toml): started
2025-02-11T02:12:11.7767940Z   Preparing editable metadata (pyproject.toml): finished with status 'done'
2025-02-11T02:12:11.8365711Z Requirement already satisfied: astropy in /home/runner/micromamba/envs/tardis/lib/python3.12/site-packages (from tardis==0.0.0) (6.1.1)
2025-02-11T02:12:11.8741559Z Requirement already satisfied: numpy>=1.23 in /home/runner/micromamba/envs/tardis/lib/python3.12/site-packages (from astropy->tardis==0.0.0) (1.26.4)
2025-02-11T02:12:11.8750810Z Requirement already satisfied: pyerfa>=2.0.1.1 in /home/runner/micromamba/envs/tardis/lib/python3.12/site-packages (from astropy->tardis==0.0.0) (2.0.1.4)
2025-02-11T02:12:11.8761282Z Requirement already satisfied: astropy-iers-data>=0.2024.5.27.0.30.8 in /home/runner/micromamba/envs/tardis/lib/python3.12/site-packages (from astropy->tardis==0.0.0) (0.2024.6.17.0.31.35)
2025-02-11T02:12:11.8769776Z Requirement already satisfied: PyYAML>=3.13 in /home/runner/micromamba/envs/tardis/lib/python3.12/site-packages (from astropy->tardis==0.0.0) (6.0.1)
2025-02-11T02:12:11.8779490Z Requirement already satisfied: packaging>=19.0 in /home/runner/micromamba/envs/tardis/lib/python3.12/site-packages (from astropy->tardis==0.0.0) (24.1)
2025-02-11T02:12:11.8869128Z Building wheels for collected packages: tardis
2025-02-11T02:12:11.8878047Z   Building editable for tardis (pyproject.toml): started
2025-02-11T02:12:12.6530705Z   Building editable for tardis (pyproject.toml): finished with status 'done'
2025-02-11T02:12:12.6538332Z   Created wheel for tardis: filename=tardis-0.0.0-0.editable-py3-none-any.whl size=8879 sha256=c84f9c0d2313660245e71eb50d869a960a7c98f357057b9328f36f8aced2fb56
2025-02-11T02:12:12.6540147Z   Stored in directory: /tmp/pip-ephem-wheel-cache-utrnmdhr/wheels/6a/c7/ae/89fa6dc2565455898176888ef0e2e475e4e90eb0124afcb995
2025-02-11T02:12:12.6565606Z Successfully built tardis
2025-02-11T02:12:13.4229914Z Installing collected packages: tardis
2025-02-11T02:12:13.4328658Z Successfully installed tardis-0.0.0
2025-02-11T02:12:13.6294741Z ##[group]Run pip install qgridnext
2025-02-11T02:12:13.6295252Z [36;1mpip install qgridnext[0m
2025-02-11T02:12:13.6322540Z shell: /usr/bin/bash -l {0}
2025-02-11T02:12:13.6322775Z env:
2025-02-11T02:12:13.6322948Z   CACHE_NUMBER: 0
2025-02-11T02:12:13.6323564Z   PYTEST_FLAGS: --tardis-regression-data=/home/runner/work/tardis/tardis/tardis-regression-data --cov=tardis --cov-report=xml --cov-report=html --cov-append
2025-02-11T02:12:13.6324236Z   CODECOV_TOKEN: 
2025-02-11T02:12:13.6324462Z   MAMBA_ROOT_PREFIX: /home/runner/micromamba
2025-02-11T02:12:13.6324769Z   MAMBA_EXE: /home/runner/micromamba-bin/micromamba
2025-02-11T02:12:13.6325344Z   CONDARC: /home/runner/work/_temp/setup-micromamba/.condarc
2025-02-11T02:12:13.6325652Z ##[endgroup]
2025-02-11T02:12:14.3242442Z Collecting qgridnext
2025-02-11T02:12:14.3739618Z   Downloading qgridnext-2.0.4-py3-none-any.whl.metadata (9.9 kB)
2025-02-11T02:12:14.3831486Z Requirement already satisfied: pandas>=0.20.0 in /home/runner/micromamba/envs/tardis/lib/python3.12/site-packages (from qgridnext) (2.2.2)
2025-02-11T02:12:14.3840339Z Requirement already satisfied: ipywidgets>=7.0.0 in /home/runner/micromamba/envs/tardis/lib/python3.12/site-packages (from qgridnext) (7.8.0)
2025-02-11T02:12:14.3849140Z Requirement already satisfied: numpy in /home/runner/micromamba/envs/tardis/lib/python3.12/site-packages (from qgridnext) (1.26.4)
2025-02-11T02:12:14.3862096Z Requirement already satisfied: traitlets in /home/runner/micromamba/envs/tardis/lib/python3.12/site-packages (from qgridnext) (5.14.3)
2025-02-11T02:12:14.3978354Z Requirement already satisfied: comm>=0.1.3 in /home/runner/micromamba/envs/tardis/lib/python3.12/site-packages (from ipywidgets>=7.0.0->qgridnext) (0.2.2)
2025-02-11T02:12:14.3989323Z Requirement already satisfied: ipython-genutils~=0.2.0 in /home/runner/micromamba/envs/tardis/lib/python3.12/site-packages (from ipywidgets>=7.0.0->qgridnext) (0.2.0)
2025-02-11T02:12:14.4002169Z Requirement already satisfied: widgetsnbextension~=3.6.5 in /home/runner/micromamba/envs/tardis/lib/python3.12/site-packages (from ipywidgets>=7.0.0->qgridnext) (3.6.6)
2025-02-11T02:12:14.4020146Z Requirement already satisfied: ipython>=4.0.0 in /home/runner/micromamba/envs/tardis/lib/python3.12/site-packages (from ipywidgets>=7.0.0->qgridnext) (8.25.0)
2025-02-11T02:12:14.4034611Z Requirement already satisfied: jupyterlab-widgets<3,>=1.0.0 in /home/runner/micromamba/envs/tardis/lib/python3.12/site-packages (from ipywidgets>=7.0.0->qgridnext) (1.1.7)
2025-02-11T02:12:14.4473367Z Requirement already satisfied: python-dateutil>=2.8.2 in /home/runner/micromamba/envs/tardis/lib/python3.12/site-packages (from pandas>=0.20.0->qgridnext) (2.9.0)
2025-02-11T02:12:14.4486819Z Requirement already satisfied: pytz>=2020.1 in /home/runner/micromamba/envs/tardis/lib/python3.12/site-packages (from pandas>=0.20.0->qgridnext) (2024.1)
2025-02-11T02:12:14.4494416Z Requirement already satisfied: tzdata>=2022.7 in /home/runner/micromamba/envs/tardis/lib/python3.12/site-packages (from pandas>=0.20.0->qgridnext) (2024.1)
2025-02-11T02:12:14.4806978Z Requirement already satisfied: decorator in /home/runner/micromamba/envs/tardis/lib/python3.12/site-packages (from ipython>=4.0.0->ipywidgets>=7.0.0->qgridnext) (5.1.1)
2025-02-11T02:12:14.4821033Z Requirement already satisfied: jedi>=0.16 in /home/runner/micromamba/envs/tardis/lib/python3.12/site-packages (from ipython>=4.0.0->ipywidgets>=7.0.0->qgridnext) (0.19.1)
2025-02-11T02:12:14.4829325Z Requirement already satisfied: matplotlib-inline in /home/runner/micromamba/envs/tardis/lib/python3.12/site-packages (from ipython>=4.0.0->ipywidgets>=7.0.0->qgridnext) (0.1.7)
2025-02-11T02:12:14.4840147Z Requirement already satisfied: prompt-toolkit<3.1.0,>=3.0.41 in /home/runner/micromamba/envs/tardis/lib/python3.12/site-packages (from ipython>=4.0.0->ipywidgets>=7.0.0->qgridnext) (3.0.47)
2025-02-11T02:12:14.4849021Z Requirement already satisfied: pygments>=2.4.0 in /home/runner/micromamba/envs/tardis/lib/python3.12/site-packages (from ipython>=4.0.0->ipywidgets>=7.0.0->qgridnext) (2.18.0)
2025-02-11T02:12:14.4858327Z Requirement already satisfied: stack-data in /home/runner/micromamba/envs/tardis/lib/python3.12/site-packages (from ipython>=4.0.0->ipywidgets>=7.0.0->qgridnext) (0.6.2)
2025-02-11T02:12:14.4876742Z Requirement already satisfied: pexpect>4.3 in /home/runner/micromamba/envs/tardis/lib/python3.12/site-packages (from ipython>=4.0.0->ipywidgets>=7.0.0->qgridnext) (4.9.0)
2025-02-11T02:12:14.4924014Z Requirement already satisfied: six>=1.5 in /home/runner/micromamba/envs/tardis/lib/python3.12/site-packages (from python-dateutil>=2.8.2->pandas>=0.20.0->qgridnext) (1.16.0)
2025-02-11T02:12:14.4979397Z Requirement already satisfied: notebook>=4.4.1 in /home/runner/micromamba/envs/tardis/lib/python3.12/site-packages (from widgetsnbextension~=3.6.5->ipywidgets>=7.0.0->qgridnext) (7.2.1)
2025-02-11T02:12:14.5164547Z Requirement already satisfied: parso<0.9.0,>=0.8.3 in /home/runner/micromamba/envs/tardis/lib/python3.12/site-packages (from jedi>=0.16->ipython>=4.0.0->ipywidgets>=7.0.0->qgridnext) (0.8.4)
2025-02-11T02:12:14.5307335Z Requirement already satisfied: jupyter-server<3,>=2.4.0 in /home/runner/micromamba/envs/tardis/lib/python3.12/site-packages (from notebook>=4.4.1->widgetsnbextension~=3.6.5->ipywidgets>=7.0.0->qgridnext) (2.14.1)
2025-02-11T02:12:14.5320037Z Requirement already satisfied: jupyterlab-server<3,>=2.27.1 in /home/runner/micromamba/envs/tardis/lib/python3.12/site-packages (from notebook>=4.4.1->widgetsnbextension~=3.6.5->ipywidgets>=7.0.0->qgridnext) (2.27.2)
2025-02-11T02:12:14.5334505Z Requirement already satisfied: jupyterlab<4.3,>=4.2.0 in /home/runner/micromamba/envs/tardis/lib/python3.12/site-packages (from notebook>=4.4.1->widgetsnbextension~=3.6.5->ipywidgets>=7.0.0->qgridnext) (4.2.2)
2025-02-11T02:12:14.5344796Z Requirement already satisfied: notebook-shim<0.3,>=0.2 in /home/runner/micromamba/envs/tardis/lib/python3.12/site-packages (from notebook>=4.4.1->widgetsnbextension~=3.6.5->ipywidgets>=7.0.0->qgridnext) (0.2.4)
2025-02-11T02:12:14.5353158Z Requirement already satisfied: tornado>=6.2.0 in /home/runner/micromamba/envs/tardis/lib/python3.12/site-packages (from notebook>=4.4.1->widgetsnbextension~=3.6.5->ipywidgets>=7.0.0->qgridnext) (6.4.1)
2025-02-11T02:12:14.5381952Z Requirement already satisfied: ptyprocess>=0.5 in /home/runner/micromamba/envs/tardis/lib/python3.12/site-packages (from pexpect>4.3->ipython>=4.0.0->ipywidgets>=7.0.0->qgridnext) (0.7.0)
2025-02-11T02:12:14.5410443Z Requirement already satisfied: wcwidth in /home/runner/micromamba/envs/tardis/lib/python3.12/site-packages (from prompt-toolkit<3.1.0,>=3.0.41->ipython>=4.0.0->ipywidgets>=7.0.0->qgridnext) (0.2.13)
2025-02-11T02:12:14.5543269Z Requirement already satisfied: executing>=1.2.0 in /home/runner/micromamba/envs/tardis/lib/python3.12/site-packages (from stack-data->ipython>=4.0.0->ipywidgets>=7.0.0->qgridnext) (2.0.1)
2025-02-11T02:12:14.5552694Z Requirement already satisfied: asttokens>=2.1.0 in /home/runner/micromamba/envs/tardis/lib/python3.12/site-packages (from stack-data->ipython>=4.0.0->ipywidgets>=7.0.0->qgridnext) (2.4.1)
2025-02-11T02:12:14.5560254Z Requirement already satisfied: pure-eval in /home/runner/micromamba/envs/tardis/lib/python3.12/site-packages (from stack-data->ipython>=4.0.0->ipywidgets>=7.0.0->qgridnext) (0.2.2)
2025-02-11T02:12:14.5894385Z Requirement already satisfied: anyio>=3.1.0 in /home/runner/micromamba/envs/tardis/lib/python3.12/site-packages (from jupyter-server<3,>=2.4.0->notebook>=4.4.1->widgetsnbextension~=3.6.5->ipywidgets>=7.0.0->qgridnext) (4.4.0)
2025-02-11T02:12:14.5904321Z Requirement already satisfied: argon2-cffi>=21.1 in /home/runner/micromamba/envs/tardis/lib/python3.12/site-packages (from jupyter-server<3,>=2.4.0->notebook>=4.4.1->widgetsnbextension~=3.6.5->ipywidgets>=7.0.0->qgridnext) (23.1.0)
2025-02-11T02:12:14.5913053Z Requirement already satisfied: jinja2>=3.0.3 in /home/runner/micromamba/envs/tardis/lib/python3.12/site-packages (from jupyter-server<3,>=2.4.0->notebook>=4.4.1->widgetsnbextension~=3.6.5->ipywidgets>=7.0.0->qgridnext) (3.1.4)
2025-02-11T02:12:14.5924753Z Requirement already satisfied: jupyter-client>=7.4.4 in /home/runner/micromamba/envs/tardis/lib/python3.12/site-packages (from jupyter-server<3,>=2.4.0->notebook>=4.4.1->widgetsnbextension~=3.6.5->ipywidgets>=7.0.0->qgridnext) (8.6.2)
2025-02-11T02:12:14.5936044Z Requirement already satisfied: jupyter-core!=5.0.*,>=4.12 in /home/runner/micromamba/envs/tardis/lib/python3.12/site-packages (from jupyter-server<3,>=2.4.0->notebook>=4.4.1->widgetsnbextension~=3.6.5->ipywidgets>=7.0.0->qgridnext) (5.7.2)
2025-02-11T02:12:14.5947225Z Requirement already satisfied: jupyter-events>=0.9.0 in /home/runner/micromamba/envs/tardis/lib/python3.12/site-packages (from jupyter-server<3,>=2.4.0->notebook>=4.4.1->widgetsnbextension~=3.6.5->ipywidgets>=7.0.0->qgridnext) (0.10.0)
2025-02-11T02:12:14.5958009Z Requirement already satisfied: jupyter-server-terminals>=0.4.4 in /home/runner/micromamba/envs/tardis/lib/python3.12/site-packages (from jupyter-server<3,>=2.4.0->notebook>=4.4.1->widgetsnbextension~=3.6.5->ipywidgets>=7.0.0->qgridnext) (0.5.3)
2025-02-11T02:12:14.5971267Z Requirement already satisfied: nbconvert>=6.4.4 in /home/runner/micromamba/envs/tardis/lib/python3.12/site-packages (from jupyter-server<3,>=2.4.0->notebook>=4.4.1->widgetsnbextension~=3.6.5->ipywidgets>=7.0.0->qgridnext) (7.16.4)
2025-02-11T02:12:14.5987014Z Requirement already satisfied: nbformat>=5.3.0 in /home/runner/micromamba/envs/tardis/lib/python3.12/site-packages (from jupyter-server<3,>=2.4.0->notebook>=4.4.1->widgetsnbextension~=3.6.5->ipywidgets>=7.0.0->qgridnext) (5.10.4)
2025-02-11T02:12:14.5992653Z Requirement already satisfied: overrides>=5.0 in /home/runner/micromamba/envs/tardis/lib/python3.12/site-packages (from jupyter-server<3,>=2.4.0->notebook>=4.4.1->widgetsnbextension~=3.6.5->ipywidgets>=7.0.0->qgridnext) (7.7.0)
2025-02-11T02:12:14.6005345Z Requirement already satisfied: packaging>=22.0 in /home/runner/micromamba/envs/tardis/lib/python3.12/site-packages (from jupyter-server<3,>=2.4.0->notebook>=4.4.1->widgetsnbextension~=3.6.5->ipywidgets>=7.0.0->qgridnext) (24.1)
2025-02-11T02:12:14.6013817Z Requirement already satisfied: prometheus-client>=0.9 in /home/runner/micromamba/envs/tardis/lib/python3.12/site-packages (from jupyter-server<3,>=2.4.0->notebook>=4.4.1->widgetsnbextension~=3.6.5->ipywidgets>=7.0.0->qgridnext) (0.20.0)
2025-02-11T02:12:14.6024585Z Requirement already satisfied: pyzmq>=24 in /home/runner/micromamba/envs/tardis/lib/python3.12/site-packages (from jupyter-server<3,>=2.4.0->notebook>=4.4.1->widgetsnbextension~=3.6.5->ipywidgets>=7.0.0->qgridnext) (26.0.3)
2025-02-11T02:12:14.6033372Z Requirement already satisfied: send2trash>=1.8.2 in /home/runner/micromamba/envs/tardis/lib/python3.12/site-packages (from jupyter-server<3,>=2.4.0->notebook>=4.4.1->widgetsnbextension~=3.6.5->ipywidgets>=7.0.0->qgridnext) (1.8.3)
2025-02-11T02:12:14.6044712Z Requirement already satisfied: terminado>=0.8.3 in /home/runner/micromamba/envs/tardis/lib/python3.12/site-packages (from jupyter-server<3,>=2.4.0->notebook>=4.4.1->widgetsnbextension~=3.6.5->ipywidgets>=7.0.0->qgridnext) (0.18.1)
2025-02-11T02:12:14.6061517Z Requirement already satisfied: websocket-client>=1.7 in /home/runner/micromamba/envs/tardis/lib/python3.12/site-packages (from jupyter-server<3,>=2.4.0->notebook>=4.4.1->widgetsnbextension~=3.6.5->ipywidgets>=7.0.0->qgridnext) (1.8.0)
2025-02-11T02:12:14.6340800Z Requirement already satisfied: async-lru>=1.0.0 in /home/runner/micromamba/envs/tardis/lib/python3.12/site-packages (from jupyterlab<4.3,>=4.2.0->notebook>=4.4.1->widgetsnbextension~=3.6.5->ipywidgets>=7.0.0->qgridnext) (2.0.4)
2025-02-11T02:12:14.6352593Z Requirement already satisfied: httpx>=0.25.0 in /home/runner/micromamba/envs/tardis/lib/python3.12/site-packages (from jupyterlab<4.3,>=4.2.0->notebook>=4.4.1->widgetsnbextension~=3.6.5->ipywidgets>=7.0.0->qgridnext) (0.27.0)
2025-02-11T02:12:14.6364495Z Requirement already satisfied: ipykernel>=6.5.0 in /home/runner/micromamba/envs/tardis/lib/python3.12/site-packages (from jupyterlab<4.3,>=4.2.0->notebook>=4.4.1->widgetsnbextension~=3.6.5->ipywidgets>=7.0.0->qgridnext) (6.29.4)
2025-02-11T02:12:14.6380120Z Requirement already satisfied: jupyter-lsp>=2.0.0 in /home/runner/micromamba/envs/tardis/lib/python3.12/site-packages (from jupyterlab<4.3,>=4.2.0->notebook>=4.4.1->widgetsnbextension~=3.6.5->ipywidgets>=7.0.0->qgridnext) (2.2.5)
2025-02-11T02:12:14.6405787Z Requirement already satisfied: setuptools>=40.1.0 in /home/runner/micromamba/envs/tardis/lib/python3.12/site-packages (from jupyterlab<4.3,>=4.2.0->notebook>=4.4.1->widgetsnbextension~=3.6.5->ipywidgets>=7.0.0->qgridnext) (70.0.0)
2025-02-11T02:12:14.6592924Z Requirement already satisfied: babel>=2.10 in /home/runner/micromamba/envs/tardis/lib/python3.12/site-packages (from jupyterlab-server<3,>=2.27.1->notebook>=4.4.1->widgetsnbextension~=3.6.5->ipywidgets>=7.0.0->qgridnext) (2.14.0)
2025-02-11T02:12:14.6619068Z Requirement already satisfied: json5>=0.9.0 in /home/runner/micromamba/envs/tardis/lib/python3.12/site-packages (from jupyterlab-server<3,>=2.27.1->notebook>=4.4.1->widgetsnbextension~=3.6.5->ipywidgets>=7.0.0->qgridnext) (0.9.25)
2025-02-11T02:12:14.6629204Z Requirement already satisfied: jsonschema>=4.18.0 in /home/runner/micromamba/envs/tardis/lib/python3.12/site-packages (from jupyterlab-server<3,>=2.27.1->notebook>=4.4.1->widgetsnbextension~=3.6.5->ipywidgets>=7.0.0->qgridnext) (4.22.0)
2025-02-11T02:12:14.6647081Z Requirement already satisfied: requests>=2.31 in /home/runner/micromamba/envs/tardis/lib/python3.12/site-packages (from jupyterlab-server<3,>=2.27.1->notebook>=4.4.1->widgetsnbextension~=3.6.5->ipywidgets>=7.0.0->qgridnext) (2.32.3)
2025-02-11T02:12:14.6996239Z Requirement already satisfied: idna>=2.8 in /home/runner/micromamba/envs/tardis/lib/python3.12/site-packages (from anyio>=3.1.0->jupyter-server<3,>=2.4.0->notebook>=4.4.1->widgetsnbextension~=3.6.5->ipywidgets>=7.0.0->qgridnext) (3.7)
2025-02-11T02:12:14.7005052Z Requirement already satisfied: sniffio>=1.1 in /home/runner/micromamba/envs/tardis/lib/python3.12/site-packages (from anyio>=3.1.0->jupyter-server<3,>=2.4.0->notebook>=4.4.1->widgetsnbextension~=3.6.5->ipywidgets>=7.0.0->qgridnext) (1.3.1)
2025-02-11T02:12:14.7095245Z Requirement already satisfied: argon2-cffi-bindings in /home/runner/micromamba/envs/tardis/lib/python3.12/site-packages (from argon2-cffi>=21.1->jupyter-server<3,>=2.4.0->notebook>=4.4.1->widgetsnbextension~=3.6.5->ipywidgets>=7.0.0->qgridnext) (21.2.0)
2025-02-11T02:12:14.7263764Z Requirement already satisfied: certifi in /home/runner/micromamba/envs/tardis/lib/python3.12/site-packages (from httpx>=0.25.0->jupyterlab<4.3,>=4.2.0->notebook>=4.4.1->widgetsnbextension~=3.6.5->ipywidgets>=7.0.0->qgridnext) (2024.6.2)
2025-02-11T02:12:14.7278642Z Requirement already satisfied: httpcore==1.* in /home/runner/micromamba/envs/tardis/lib/python3.12/site-packages (from httpx>=0.25.0->jupyterlab<4.3,>=4.2.0->notebook>=4.4.1->widgetsnbextension~=3.6.5->ipywidgets>=7.0.0->qgridnext) (1.0.5)
2025-02-11T02:12:14.7355927Z Requirement already satisfied: h11<0.15,>=0.13 in /home/runner/micromamba/envs/tardis/lib/python3.12/site-packages (from httpcore==1.*->httpx>=0.25.0->jupyterlab<4.3,>=4.2.0->notebook>=4.4.1->widgetsnbextension~=3.6.5->ipywidgets>=7.0.0->qgridnext) (0.14.0)
2025-02-11T02:12:14.7538616Z Requirement already satisfied: debugpy>=1.6.5 in /home/runner/micromamba/envs/tardis/lib/python3.12/site-packages (from ipykernel>=6.5.0->jupyterlab<4.3,>=4.2.0->notebook>=4.4.1->widgetsnbextension~=3.6.5->ipywidgets>=7.0.0->qgridnext) (1.8.1)
2025-02-11T02:12:14.7559569Z Requirement already satisfied: nest-asyncio in /home/runner/micromamba/envs/tardis/lib/python3.12/site-packages (from ipykernel>=6.5.0->jupyterlab<4.3,>=4.2.0->notebook>=4.4.1->widgetsnbextension~=3.6.5->ipywidgets>=7.0.0->qgridnext) (1.6.0)
2025-02-11T02:12:14.7573731Z Requirement already satisfied: psutil in /home/runner/micromamba/envs/tardis/lib/python3.12/site-packages (from ipykernel>=6.5.0->jupyterlab<4.3,>=4.2.0->notebook>=4.4.1->widgetsnbextension~=3.6.5->ipywidgets>=7.0.0->qgridnext) (5.9.8)
2025-02-11T02:12:14.7636559Z Requirement already satisfied: MarkupSafe>=2.0 in /home/runner/micromamba/envs/tardis/lib/python3.12/site-packages (from jinja2>=3.0.3->jupyter-server<3,>=2.4.0->notebook>=4.4.1->widgetsnbextension~=3.6.5->ipywidgets>=7.0.0->qgridnext) (2.1.5)
2025-02-11T02:12:14.7829927Z Requirement already satisfied: attrs>=22.2.0 in /home/runner/micromamba/envs/tardis/lib/python3.12/site-packages (from jsonschema>=4.18.0->jupyterlab-server<3,>=2.27.1->notebook>=4.4.1->widgetsnbextension~=3.6.5->ipywidgets>=7.0.0->qgridnext) (23.2.0)
2025-02-11T02:12:14.7839871Z Requirement already satisfied: jsonschema-specifications>=2023.03.6 in /home/runner/micromamba/envs/tardis/lib/python3.12/site-packages (from jsonschema>=4.18.0->jupyterlab-server<3,>=2.27.1->notebook>=4.4.1->widgetsnbextension~=3.6.5->ipywidgets>=7.0.0->qgridnext) (2023.12.1)
2025-02-11T02:12:14.7848529Z Requirement already satisfied: referencing>=0.28.4 in /home/runner/micromamba/envs/tardis/lib/python3.12/site-packages (from jsonschema>=4.18.0->jupyterlab-server<3,>=2.27.1->notebook>=4.4.1->widgetsnbextension~=3.6.5->ipywidgets>=7.0.0->qgridnext) (0.35.1)
2025-02-11T02:12:14.7857468Z Requirement already satisfied: rpds-py>=0.7.1 in /home/runner/micromamba/envs/tardis/lib/python3.12/site-packages (from jsonschema>=4.18.0->jupyterlab-server<3,>=2.27.1->notebook>=4.4.1->widgetsnbextension~=3.6.5->ipywidgets>=7.0.0->qgridnext) (0.18.1)
2025-02-11T02:12:14.8161462Z Requirement already satisfied: platformdirs>=2.5 in /home/runner/micromamba/envs/tardis/lib/python3.12/site-packages (from jupyter-core!=5.0.*,>=4.12->jupyter-server<3,>=2.4.0->notebook>=4.4.1->widgetsnbextension~=3.6.5->ipywidgets>=7.0.0->qgridnext) (4.2.2)
2025-02-11T02:12:14.8310368Z Requirement already satisfied: python-json-logger>=2.0.4 in /home/runner/micromamba/envs/tardis/lib/python3.12/site-packages (from jupyter-events>=0.9.0->jupyter-server<3,>=2.4.0->notebook>=4.4.1->widgetsnbextension~=3.6.5->ipywidgets>=7.0.0->qgridnext) (2.0.7)
2025-02-11T02:12:14.8318680Z Requirement already satisfied: pyyaml>=5.3 in /home/runner/micromamba/envs/tardis/lib/python3.12/site-packages (from jupyter-events>=0.9.0->jupyter-server<3,>=2.4.0->notebook>=4.4.1->widgetsnbextension~=3.6.5->ipywidgets>=7.0.0->qgridnext) (6.0.1)
2025-02-11T02:12:14.8328750Z Requirement already satisfied: rfc3339-validator in /home/runner/micromamba/envs/tardis/lib/python3.12/site-packages (from jupyter-events>=0.9.0->jupyter-server<3,>=2.4.0->notebook>=4.4.1->widgetsnbextension~=3.6.5->ipywidgets>=7.0.0->qgridnext) (0.1.4)
2025-02-11T02:12:14.8337188Z Requirement already satisfied: rfc3986-validator>=0.1.1 in /home/runner/micromamba/envs/tardis/lib/python3.12/site-packages (from jupyter-events>=0.9.0->jupyter-server<3,>=2.4.0->notebook>=4.4.1->widgetsnbextension~=3.6.5->ipywidgets>=7.0.0->qgridnext) (0.1.1)
2025-02-11T02:12:14.8758367Z Requirement already satisfied: beautifulsoup4 in /home/runner/micromamba/envs/tardis/lib/python3.12/site-packages (from nbconvert>=6.4.4->jupyter-server<3,>=2.4.0->notebook>=4.4.1->widgetsnbextension~=3.6.5->ipywidgets>=7.0.0->qgridnext) (4.12.3)
2025-02-11T02:12:14.8777322Z Requirement already satisfied: bleach!=5.0.0 in /home/runner/micromamba/envs/tardis/lib/python3.12/site-packages (from nbconvert>=6.4.4->jupyter-server<3,>=2.4.0->notebook>=4.4.1->widgetsnbextension~=3.6.5->ipywidgets>=7.0.0->qgridnext) (6.1.0)
2025-02-11T02:12:14.8790921Z Requirement already satisfied: defusedxml in /home/runner/micromamba/envs/tardis/lib/python3.12/site-packages (from nbconvert>=6.4.4->jupyter-server<3,>=2.4.0->notebook>=4.4.1->widgetsnbextension~=3.6.5->ipywidgets>=7.0.0->qgridnext) (0.7.1)
2025-02-11T02:12:14.8805262Z Requirement already satisfied: jupyterlab-pygments in /home/runner/micromamba/envs/tardis/lib/python3.12/site-packages (from nbconvert>=6.4.4->jupyter-server<3,>=2.4.0->notebook>=4.4.1->widgetsnbextension~=3.6.5->ipywidgets>=7.0.0->qgridnext) (0.3.0)
2025-02-11T02:12:14.8817825Z Requirement already satisfied: mistune<4,>=2.0.3 in /home/runner/micromamba/envs/tardis/lib/python3.12/site-packages (from nbconvert>=6.4.4->jupyter-server<3,>=2.4.0->notebook>=4.4.1->widgetsnbextension~=3.6.5->ipywidgets>=7.0.0->qgridnext) (3.0.2)
2025-02-11T02:12:14.8829892Z Requirement already satisfied: nbclient>=0.5.0 in /home/runner/micromamba/envs/tardis/lib/python3.12/site-packages (from nbconvert>=6.4.4->jupyter-server<3,>=2.4.0->notebook>=4.4.1->widgetsnbextension~=3.6.5->ipywidgets>=7.0.0->qgridnext) (0.10.0)
2025-02-11T02:12:14.8845847Z Requirement already satisfied: pandocfilters>=1.4.1 in /home/runner/micromamba/envs/tardis/lib/python3.12/site-packages (from nbconvert>=6.4.4->jupyter-server<3,>=2.4.0->notebook>=4.4.1->widgetsnbextension~=3.6.5->ipywidgets>=7.0.0->qgridnext) (1.5.0)
2025-02-11T02:12:14.8855411Z Requirement already satisfied: tinycss2 in /home/runner/micromamba/envs/tardis/lib/python3.12/site-packages (from nbconvert>=6.4.4->jupyter-server<3,>=2.4.0->notebook>=4.4.1->widgetsnbextension~=3.6.5->ipywidgets>=7.0.0->qgridnext) (1.3.0)
2025-02-11T02:12:14.8969227Z Requirement already satisfied: fastjsonschema>=2.15 in /home/runner/micromamba/envs/tardis/lib/python3.12/site-packages (from nbformat>=5.3.0->jupyter-server<3,>=2.4.0->notebook>=4.4.1->widgetsnbextension~=3.6.5->ipywidgets>=7.0.0->qgridnext) (2.20.0)
2025-02-11T02:12:14.9271216Z Requirement already satisfied: charset-normalizer<4,>=2 in /home/runner/micromamba/envs/tardis/lib/python3.12/site-packages (from requests>=2.31->jupyterlab-server<3,>=2.27.1->notebook>=4.4.1->widgetsnbextension~=3.6.5->ipywidgets>=7.0.0->qgridnext) (3.3.2)
2025-02-11T02:12:14.9284770Z Requirement already satisfied: urllib3<3,>=1.21.1 in /home/runner/micromamba/envs/tardis/lib/python3.12/site-packages (from requests>=2.31->jupyterlab-server<3,>=2.27.1->notebook>=4.4.1->widgetsnbextension~=3.6.5->ipywidgets>=7.0.0->qgridnext) (2.2.2)
2025-02-11T02:12:15.0050508Z Requirement already satisfied: webencodings in /home/runner/micromamba/envs/tardis/lib/python3.12/site-packages (from bleach!=5.0.0->nbconvert>=6.4.4->jupyter-server<3,>=2.4.0->notebook>=4.4.1->widgetsnbextension~=3.6.5->ipywidgets>=7.0.0->qgridnext) (0.5.1)
2025-02-11T02:12:15.0614565Z Requirement already satisfied: fqdn in /home/runner/micromamba/envs/tardis/lib/python3.12/site-packages (from jsonschema[format-nongpl]>=4.18.0->jupyter-events>=0.9.0->jupyter-server<3,>=2.4.0->notebook>=4.4.1->widgetsnbextension~=3.6.5->ipywidgets>=7.0.0->qgridnext) (1.5.1)
2025-02-11T02:12:15.0631512Z Requirement already satisfied: isoduration in /home/runner/micromamba/envs/tardis/lib/python3.12/site-packages (from jsonschema[format-nongpl]>=4.18.0->jupyter-events>=0.9.0->jupyter-server<3,>=2.4.0->notebook>=4.4.1->widgetsnbextension~=3.6.5->ipywidgets>=7.0.0->qgridnext) (20.11.0)
2025-02-11T02:12:15.0644716Z Requirement already satisfied: jsonpointer>1.13 in /home/runner/micromamba/envs/tardis/lib/python3.12/site-packages (from jsonschema[format-nongpl]>=4.18.0->jupyter-events>=0.9.0->jupyter-server<3,>=2.4.0->notebook>=4.4.1->widgetsnbextension~=3.6.5->ipywidgets>=7.0.0->qgridnext) (3.0.0)
2025-02-11T02:12:15.0661977Z Requirement already satisfied: uri-template in /home/runner/micromamba/envs/tardis/lib/python3.12/site-packages (from jsonschema[format-nongpl]>=4.18.0->jupyter-events>=0.9.0->jupyter-server<3,>=2.4.0->notebook>=4.4.1->widgetsnbextension~=3.6.5->ipywidgets>=7.0.0->qgridnext) (1.3.0)
2025-02-11T02:12:15.0675863Z Requirement already satisfied: webcolors>=1.11 in /home/runner/micromamba/envs/tardis/lib/python3.12/site-packages (from jsonschema[format-nongpl]>=4.18.0->jupyter-events>=0.9.0->jupyter-server<3,>=2.4.0->notebook>=4.4.1->widgetsnbextension~=3.6.5->ipywidgets>=7.0.0->qgridnext) (24.6.0)
2025-02-11T02:12:15.1675203Z Requirement already satisfied: cffi>=1.0.1 in /home/runner/micromamba/envs/tardis/lib/python3.12/site-packages (from argon2-cffi-bindings->argon2-cffi>=21.1->jupyter-server<3,>=2.4.0->notebook>=4.4.1->widgetsnbextension~=3.6.5->ipywidgets>=7.0.0->qgridnext) (1.16.0)
2025-02-11T02:12:15.1770982Z Requirement already satisfied: soupsieve>1.2 in /home/runner/micromamba/envs/tardis/lib/python3.12/site-packages (from beautifulsoup4->nbconvert>=6.4.4->jupyter-server<3,>=2.4.0->notebook>=4.4.1->widgetsnbextension~=3.6.5->ipywidgets>=7.0.0->qgridnext) (2.5)
2025-02-11T02:12:15.2287940Z Requirement already satisfied: pycparser in /home/runner/micromamba/envs/tardis/lib/python3.12/site-packages (from cffi>=1.0.1->argon2-cffi-bindings->argon2-cffi>=21.1->jupyter-server<3,>=2.4.0->notebook>=4.4.1->widgetsnbextension~=3.6.5->ipywidgets>=7.0.0->qgridnext) (2.22)
2025-02-11T02:12:15.2780097Z Requirement already satisfied: arrow>=0.15.0 in /home/runner/micromamba/envs/tardis/lib/python3.12/site-packages (from isoduration->jsonschema[format-nongpl]>=4.18.0->jupyter-events>=0.9.0->jupyter-server<3,>=2.4.0->notebook>=4.4.1->widgetsnbextension~=3.6.5->ipywidgets>=7.0.0->qgridnext) (1.3.0)
2025-02-11T02:12:15.3077184Z Requirement already satisfied: types-python-dateutil>=2.8.10 in /home/runner/micromamba/envs/tardis/lib/python3.12/site-packages (from arrow>=0.15.0->isoduration->jsonschema[format-nongpl]>=4.18.0->jupyter-events>=0.9.0->jupyter-server<3,>=2.4.0->notebook>=4.4.1->widgetsnbextension~=3.6.5->ipywidgets>=7.0.0->qgridnext) (2.9.0.20240316)
2025-02-11T02:12:15.3408359Z Downloading qgridnext-2.0.4-py3-none-any.whl (1.3 MB)
2025-02-11T02:12:15.3929813Z    ━━━━━━━━━━━━━━━━━━━━━━━━━━━━━━━━━━━━━━━━ 1.3/1.3 MB 25.7 MB/s eta 0:00:00
2025-02-11T02:12:16.1846250Z Installing collected packages: qgridnext
2025-02-11T02:12:16.2526408Z Successfully installed qgridnext-2.0.4
2025-02-11T02:12:16.4345788Z ##[group]Run pytest tardis --tardis-regression-data=/home/runner/work/tardis/tardis/tardis-regression-data --cov=tardis --cov-report=xml --cov-report=html --cov-append -m " continuum"
2025-02-11T02:12:16.4347073Z [36;1mpytest tardis --tardis-regression-data=/home/runner/work/tardis/tardis/tardis-regression-data --cov=tardis --cov-report=xml --cov-report=html --cov-append -m " continuum"[0m
2025-02-11T02:12:16.4374729Z shell: /usr/bin/bash -l {0}
2025-02-11T02:12:16.4375127Z env:
2025-02-11T02:12:16.4375306Z   CACHE_NUMBER: 0
2025-02-11T02:12:16.4375938Z   PYTEST_FLAGS: --tardis-regression-data=/home/runner/work/tardis/tardis/tardis-regression-data --cov=tardis --cov-report=xml --cov-report=html --cov-append
2025-02-11T02:12:16.4376603Z   CODECOV_TOKEN: 
2025-02-11T02:12:16.4376827Z   MAMBA_ROOT_PREFIX: /home/runner/micromamba
2025-02-11T02:12:16.4377355Z   MAMBA_EXE: /home/runner/micromamba-bin/micromamba
2025-02-11T02:12:16.4377750Z   CONDARC: /home/runner/work/_temp/setup-micromamba/.condarc
2025-02-11T02:12:16.4378057Z ##[endgroup]
2025-02-11T02:12:26.1676122Z ============================= test session starts ==============================
2025-02-11T02:12:26.1676752Z platform linux -- Python 3.12.4, pytest-8.2.2, pluggy-1.5.0
2025-02-11T02:12:26.1677280Z rootdir: /home/runner/work/tardis/tardis
2025-02-11T02:12:26.1677694Z configfile: pyproject.toml
2025-02-11T02:12:26.1678211Z plugins: anyio-4.4.0, doctestplus-1.2.1, html-4.1.1, metadata-3.1.1, cov-5.0.0
2025-02-11T02:12:26.1678816Z collected 1796 items / 1794 deselected / 2 selected
2025-02-11T02:12:26.1679129Z 
2025-02-11T02:14:14.8437459Z tardis/transport/montecarlo/estimators/tests/test_continuum_property_solver.py . [ 50%]
2025-02-11T02:14:14.8438811Z                                                                          [ 50%]
2025-02-11T02:14:47.7495665Z tardis/transport/montecarlo/tests/test_continuum.py .                    [100%]
2025-02-11T02:14:47.7496296Z 
2025-02-11T02:14:47.7496514Z =============================== warnings summary ===============================
2025-02-11T02:14:47.7497100Z tardis/io/configuration/config_validator.py:6
2025-02-11T02:14:47.7497667Z tardis/io/configuration/config_validator.py:6
2025-02-11T02:14:47.7498595Z   /home/runner/work/tardis/tardis/tardis/io/configuration/config_validator.py:6: DeprecationWarning:
2025-02-11T02:14:47.7499487Z   
2025-02-11T02:14:47.7501448Z   jsonschema.RefResolver is deprecated as of v4.18.0, in favor of the https://github.com/python-jsonschema/referencing library, which provides more compliant referencing behavior as well as more flexible APIs for customization. A future release will remove RefResolver. Please file a feature request (on referencing) if you are missing an API for the kind of customization you need.
2025-02-11T02:14:47.7502888Z 
2025-02-11T02:14:47.7503171Z ../../../micromamba/envs/tardis/lib/python3.12/site-packages/jupyter_client/connect.py:22
2025-02-11T02:14:47.7503971Z   /home/runner/micromamba/envs/tardis/lib/python3.12/site-packages/jupyter_client/connect.py:22: DeprecationWarning:
2025-02-11T02:14:47.7504560Z   
2025-02-11T02:14:47.7504830Z   Jupyter is migrating its paths to use standard platformdirs
2025-02-11T02:14:47.7505557Z   given by the platformdirs library.  To remove this warning and
2025-02-11T02:14:47.7506015Z   see the appropriate new directories, set the environment variable
2025-02-11T02:14:47.7506466Z   `JUPYTER_PLATFORM_DIRS=1` and then run `jupyter --paths`.
2025-02-11T02:14:47.7506933Z   The use of platformdirs will be the default in `jupyter_core` v6
2025-02-11T02:14:47.7507209Z 
2025-02-11T02:14:47.7513522Z tardis/transport/montecarlo/estimators/tests/test_continuum_property_solver.py::test_continuum_estimators
2025-02-11T02:14:47.7514359Z   /home/runner/work/tardis/tardis/tardis/transport/montecarlo/montecarlo_main_loop.py:123: NumbaTypeSafetyWarning:
2025-02-11T02:14:47.7515141Z   
2025-02-11T02:14:47.7515667Z   [1m[1m[1munsafe cast from uint64 to int64. Precision may be lost.[0m[0m[0m
2025-02-11T02:14:47.7516202Z 
2025-02-11T02:14:47.7516422Z -- Docs: https://docs.pytest.org/en/stable/how-to/capture-warnings.html
2025-02-11T02:14:47.7516706Z 
2025-02-11T02:14:47.7516883Z ---------- coverage: platform linux, python 3.12.4-final-0 -----------
2025-02-11T02:14:47.7517257Z Coverage HTML written to dir coverage_html_report
2025-02-11T02:14:47.7517560Z Coverage XML written to file coverage.xml
2025-02-11T02:14:47.7517750Z 
2025-02-11T02:14:47.7517912Z ========== 2 passed, 1794 deselected, 4 warnings in 143.20s (0:02:23) ==========
2025-02-11T02:14:48.8841333Z ##[group]Run mv .coverage .coverage.3
2025-02-11T02:14:48.8841653Z [36;1mmv .coverage .coverage.3[0m
2025-02-11T02:14:48.8878952Z shell: /usr/bin/bash -l {0}
2025-02-11T02:14:48.8879193Z env:
2025-02-11T02:14:48.8879367Z   CACHE_NUMBER: 0
2025-02-11T02:14:48.8879994Z   PYTEST_FLAGS: --tardis-regression-data=/home/runner/work/tardis/tardis/tardis-regression-data --cov=tardis --cov-report=xml --cov-report=html --cov-append
2025-02-11T02:14:48.8880868Z   CODECOV_TOKEN: 
2025-02-11T02:14:48.8881093Z   MAMBA_ROOT_PREFIX: /home/runner/micromamba
2025-02-11T02:14:48.8881401Z   MAMBA_EXE: /home/runner/micromamba-bin/micromamba
2025-02-11T02:14:48.8881751Z   CONDARC: /home/runner/work/_temp/setup-micromamba/.condarc
2025-02-11T02:14:48.8882054Z ##[endgroup]
2025-02-11T02:14:49.0042733Z ##[group]Run actions/upload-artifact@v4
2025-02-11T02:14:49.0043031Z with:
2025-02-11T02:14:49.0043259Z   name: coverage--continuum-ubuntu-latest
2025-02-11T02:14:49.0043548Z   include-hidden-files: true
2025-02-11T02:14:49.0043801Z   path: .coverage*
!.coveragerc

2025-02-11T02:14:49.0044041Z   if-no-files-found: warn
2025-02-11T02:14:49.0044261Z   compression-level: 6
2025-02-11T02:14:49.0044467Z   overwrite: false
2025-02-11T02:14:49.0044651Z env:
2025-02-11T02:14:49.0044815Z   CACHE_NUMBER: 0
2025-02-11T02:14:49.0045741Z   PYTEST_FLAGS: --tardis-regression-data=/home/runner/work/tardis/tardis/tardis-regression-data --cov=tardis --cov-report=xml --cov-report=html --cov-append
2025-02-11T02:14:49.0046400Z   CODECOV_TOKEN: 
2025-02-11T02:14:49.0046626Z   MAMBA_ROOT_PREFIX: /home/runner/micromamba
2025-02-11T02:14:49.0046933Z   MAMBA_EXE: /home/runner/micromamba-bin/micromamba
2025-02-11T02:14:49.0047288Z   CONDARC: /home/runner/work/_temp/setup-micromamba/.condarc
2025-02-11T02:14:49.0047606Z ##[endgroup]
2025-02-11T02:14:49.2351991Z With the provided path, there will be 1 file uploaded
2025-02-11T02:14:49.2358049Z Artifact name is valid!
2025-02-11T02:14:49.2359307Z Root directory input is valid!
2025-02-11T02:14:49.4639184Z Beginning upload of artifact content to blob storage
2025-02-11T02:14:49.7613484Z Uploaded bytes 18364
2025-02-11T02:14:49.8252316Z Finished uploading artifact content to blob storage!
2025-02-11T02:14:49.8256152Z SHA256 hash of uploaded artifact zip is 85f3362f964f67608e0ca57792a10ec3dfecd5babbdea2c07eddb99639af5a4f
2025-02-11T02:14:49.8257802Z Finalizing artifact upload
2025-02-11T02:14:49.9446191Z Artifact coverage--continuum-ubuntu-latest.zip successfully finalized. Artifact ID 2568792908
2025-02-11T02:14:49.9447719Z Artifact coverage--continuum-ubuntu-latest has been successfully uploaded! Final size is 18364 bytes. Artifact ID is 2568792908
2025-02-11T02:14:49.9454376Z Artifact download URL: https://github.com/tardis-sn/tardis/actions/runs/13254445574/artifacts/2568792908
2025-02-11T02:14:49.9596520Z Post job cleanup.
2025-02-11T02:14:49.9641982Z Post job cleanup.
2025-02-11T02:14:50.0995928Z Will use pre-installed micromamba at /home/runner/micromamba-bin/micromamba
2025-02-11T02:14:50.1002786Z Removing micromamba run shell ...
2025-02-11T02:14:50.1006930Z ##[group]Deinitialize micromamba for bash
2025-02-11T02:14:50.1025685Z [command]/home/runner/micromamba-bin/micromamba shell deinit -s bash -r /home/runner/micromamba --log-level warning --rc-file /home/runner/work/_temp/setup-micromamba/.condarc
2025-02-11T02:14:50.1126191Z Resetting RC file "/home/runner/.bashrc"
2025-02-11T02:14:50.1126818Z Deleting config for root prefix 
2025-02-11T02:14:50.1127346Z Clearing mamba executable environment variable
2025-02-11T02:14:50.1129439Z Removing the following in your "/home/runner/.bashrc" file
2025-02-11T02:14:50.1130007Z # >>> mamba initialize >>>
2025-02-11T02:14:50.1130356Z ...
2025-02-11T02:14:50.1130639Z # <<< mamba initialize <<<
2025-02-11T02:14:50.1160360Z Removing mamba initialize block from .bash_profile
2025-02-11T02:14:50.1175271Z ##[endgroup]
2025-02-11T02:14:50.1179846Z Removing environment tardis from auto-activate bash ...
2025-02-11T02:14:50.1302411Z Post job cleanup.
2025-02-11T02:14:50.1340041Z Post job cleanup.
2025-02-11T02:14:50.2379275Z [command]/usr/bin/git version
2025-02-11T02:14:50.2416049Z git version 2.48.1
2025-02-11T02:14:50.2466378Z Temporarily overriding HOME='/home/runner/work/_temp/f030295f-2953-4083-8496-6b0e1e237a4d' before making global git config changes
2025-02-11T02:14:50.2467705Z Adding repository directory to the temporary git global config as a safe directory
2025-02-11T02:14:50.2472717Z [command]/usr/bin/git config --global --add safe.directory /home/runner/work/tardis/tardis/tardis-regression-data
2025-02-11T02:14:50.2509203Z [command]/usr/bin/git config --local --name-only --get-regexp core\.sshCommand
2025-02-11T02:14:50.2542986Z [command]/usr/bin/git submodule foreach --recursive sh -c "git config --local --name-only --get-regexp 'core\.sshCommand' && git config --local --unset-all 'core.sshCommand' || :"
2025-02-11T02:14:50.2778245Z [command]/usr/bin/git config --local --name-only --get-regexp http\.https\:\/\/github\.com\/\.extraheader
2025-02-11T02:14:50.2801588Z http.https://github.com/.extraheader
2025-02-11T02:14:50.2814125Z [command]/usr/bin/git config --local --unset-all http.https://github.com/.extraheader
2025-02-11T02:14:50.2846518Z [command]/usr/bin/git submodule foreach --recursive sh -c "git config --local --name-only --get-regexp 'http\.https\:\/\/github\.com\/\.extraheader' && git config --local --unset-all 'http.https://github.com/.extraheader' || :"
2025-02-11T02:14:50.3186041Z Post job cleanup.
2025-02-11T02:14:50.4125458Z [command]/usr/bin/git version
2025-02-11T02:14:50.4163172Z git version 2.48.1
2025-02-11T02:14:50.4212900Z Temporarily overriding HOME='/home/runner/work/_temp/7f6a336a-b087-40a6-8881-ac94f35d7e32' before making global git config changes
2025-02-11T02:14:50.4214272Z Adding repository directory to the temporary git global config as a safe directory
2025-02-11T02:14:50.4219100Z [command]/usr/bin/git config --global --add safe.directory /home/runner/work/tardis/tardis
2025-02-11T02:14:50.4255172Z [command]/usr/bin/git config --local --name-only --get-regexp core\.sshCommand
2025-02-11T02:14:50.4287530Z [command]/usr/bin/git submodule foreach --recursive sh -c "git config --local --name-only --get-regexp 'core\.sshCommand' && git config --local --unset-all 'core.sshCommand' || :"
2025-02-11T02:14:50.4523873Z [command]/usr/bin/git config --local --name-only --get-regexp http\.https\:\/\/github\.com\/\.extraheader
2025-02-11T02:14:50.4545724Z http.https://github.com/.extraheader
2025-02-11T02:14:50.4558996Z [command]/usr/bin/git config --local --unset-all http.https://github.com/.extraheader
2025-02-11T02:14:50.4590188Z [command]/usr/bin/git submodule foreach --recursive sh -c "git config --local --name-only --get-regexp 'http\.https\:\/\/github\.com\/\.extraheader' && git config --local --unset-all 'http.https://github.com/.extraheader' || :"
2025-02-11T02:14:50.4928962Z Cleaning up orphan processes
