2025-02-20T05:38:45.9472583Z Requested labels: macos-latest
2025-02-20T05:38:45.9472875Z Job defined at: tardis-sn/tardis/.github/workflows/tests.yml@refs/pull/2964/merge
2025-02-20T05:38:45.9472973Z Waiting for a runner to pick up this job...
2025-02-20T05:38:46.1725150Z Job is waiting for a hosted runner to come online.
2025-02-20T05:38:50.3541365Z Job is about to start running on the hosted runner: GitHub Actions 13 (hosted)
2025-02-20T05:38:51.3463030Z Current runner version: '2.322.0'
2025-02-20T05:38:51.3479020Z ##[group]Operating System
2025-02-20T05:38:51.3479490Z macOS
2025-02-20T05:38:51.3479870Z 14.7.2
2025-02-20T05:38:51.3480170Z 23H311
2025-02-20T05:38:51.3480470Z ##[endgroup]
2025-02-20T05:38:51.3480780Z ##[group]Runner Image
2025-02-20T05:38:51.3481130Z Image: macos-14-arm64
2025-02-20T05:38:51.3481460Z Version: 20250120.774
2025-02-20T05:38:51.3482230Z Included Software: https://github.com/actions/runner-images/blob/macos-14-arm64/20250120.774/images/macos/macos-14-arm64-Readme.md
2025-02-20T05:38:51.3483180Z Image Release: https://github.com/actions/runner-images/releases/tag/macos-14-arm64%2F20250120.774
2025-02-20T05:38:51.3483780Z ##[endgroup]
2025-02-20T05:38:51.3484100Z ##[group]Runner Image Provisioner
2025-02-20T05:38:51.3484510Z 2.0.422.1+55c30c14fe2a0a1547db1b656933ae07d97649a9
2025-02-20T05:38:51.3484990Z ##[endgroup]
2025-02-20T05:38:51.3486350Z ##[group]GITHUB_TOKEN Permissions
2025-02-20T05:38:51.3487450Z Actions: read
2025-02-20T05:38:51.3487780Z Attestations: read
2025-02-20T05:38:51.3488100Z Checks: read
2025-02-20T05:38:51.3488400Z Contents: read
2025-02-20T05:38:51.3488720Z Deployments: read
2025-02-20T05:38:51.3489030Z Discussions: read
2025-02-20T05:38:51.3489420Z Issues: read
2025-02-20T05:38:51.3489720Z Metadata: read
2025-02-20T05:38:51.3490030Z Packages: read
2025-02-20T05:38:51.3490330Z Pages: read
2025-02-20T05:38:51.3490640Z PullRequests: read
2025-02-20T05:38:51.3490970Z RepositoryProjects: read
2025-02-20T05:38:51.3491320Z SecurityEvents: read
2025-02-20T05:38:51.3491650Z Statuses: read
2025-02-20T05:38:51.3492030Z ##[endgroup]
2025-02-20T05:38:51.3493770Z Secret source: None
2025-02-20T05:38:51.3494210Z Prepare workflow directory
2025-02-20T05:38:51.3841740Z Prepare all required actions
2025-02-20T05:38:51.3868340Z Getting action download info
2025-02-20T05:38:51.5528130Z ##[group]Download immutable action package 'actions/checkout@v4'
2025-02-20T05:38:51.5528760Z Version: 4.2.2
2025-02-20T05:38:51.5529380Z Digest: sha256:ccb2698953eaebd21c7bf6268a94f9c26518a7e38e27e0b83c1fe1ad049819b1
2025-02-20T05:38:51.5530250Z Source commit SHA: 11bd71901bbe5b1630ceea73d27597364c9af683
2025-02-20T05:38:51.5530710Z ##[endgroup]
2025-02-20T05:38:51.9516450Z ##[group]Download immutable action package 'actions/upload-artifact@v4'
2025-02-20T05:38:51.9517360Z Version: 4.6.0
2025-02-20T05:38:51.9517910Z Digest: sha256:bf85474c8423f9cd48bd2caf3ce5adb1711e2dfdb055b040bd36b044e4290329
2025-02-20T05:38:51.9518550Z Source commit SHA: 65c4c4a1ddee5b72f698fdd19549f0f0fb45cf08
2025-02-20T05:38:51.9519030Z ##[endgroup]
2025-02-20T05:38:52.2254820Z Complete job name:  continuum macos-latest 
2025-02-20T05:38:52.2647420Z ##[group]Run actions/checkout@v4
2025-02-20T05:38:52.2648000Z with:
2025-02-20T05:38:52.2648320Z   repository: tardis-sn/tardis
2025-02-20T05:38:52.2648780Z   token: ***
2025-02-20T05:38:52.2649060Z   ssh-strict: true
2025-02-20T05:38:52.2649350Z   ssh-user: git
2025-02-20T05:38:52.2649640Z   persist-credentials: true
2025-02-20T05:38:52.2650000Z   clean: true
2025-02-20T05:38:52.2650370Z   sparse-checkout-cone-mode: true
2025-02-20T05:38:52.2650720Z   fetch-depth: 1
2025-02-20T05:38:52.2651010Z   fetch-tags: false
2025-02-20T05:38:52.2651310Z   show-progress: true
2025-02-20T05:38:52.2651620Z   lfs: false
2025-02-20T05:38:52.2651910Z   submodules: false
2025-02-20T05:38:52.2652210Z   set-safe-directory: true
2025-02-20T05:38:52.2652630Z env:
2025-02-20T05:38:52.2652910Z   CACHE_NUMBER: 0
2025-02-20T05:38:52.2653700Z   PYTEST_FLAGS: --tardis-regression-data=/Users/runner/work/tardis/tardis/tardis-regression-data --cov=tardis --cov-report=xml --cov-report=html --cov-append
2025-02-20T05:38:52.2654540Z   CODECOV_TOKEN: 
2025-02-20T05:38:52.2654860Z ##[endgroup]
2025-02-20T05:38:52.5930130Z Syncing repository: tardis-sn/tardis
2025-02-20T05:38:52.5931460Z ##[group]Getting Git version info
2025-02-20T05:38:52.5931950Z Working directory is '/Users/runner/work/tardis/tardis'
2025-02-20T05:38:52.5932750Z [command]/opt/homebrew/bin/git version
2025-02-20T05:38:52.6498860Z git version 2.48.1
2025-02-20T05:38:52.6527940Z ##[endgroup]
2025-02-20T05:38:52.6534530Z Copying '/Users/runner/.gitconfig' to '/Users/runner/work/_temp/e9b5ab31-1fed-49e8-a2ec-2391201240ff/.gitconfig'
2025-02-20T05:38:52.6541360Z Temporarily overriding HOME='/Users/runner/work/_temp/e9b5ab31-1fed-49e8-a2ec-2391201240ff' before making global git config changes
2025-02-20T05:38:52.6542320Z Adding repository directory to the temporary git global config as a safe directory
2025-02-20T05:38:52.6545400Z [command]/opt/homebrew/bin/git config --global --add safe.directory /Users/runner/work/tardis/tardis
2025-02-20T05:38:52.6650680Z Deleting the contents of '/Users/runner/work/tardis/tardis'
2025-02-20T05:38:52.6652250Z ##[group]Initializing the repository
2025-02-20T05:38:52.6655810Z [command]/opt/homebrew/bin/git init /Users/runner/work/tardis/tardis
2025-02-20T05:38:52.6835830Z hint: Using 'master' as the name for the initial branch. This default branch name
2025-02-20T05:38:52.6838050Z hint: is subject to change. To configure the initial branch name to use in all
2025-02-20T05:38:52.6838800Z hint: of your new repositories, which will suppress this warning, call:
2025-02-20T05:38:52.6839360Z hint:
2025-02-20T05:38:52.6839840Z hint: 	git config --global init.defaultBranch <name>
2025-02-20T05:38:52.6840340Z hint:
2025-02-20T05:38:52.6840840Z hint: Names commonly chosen instead of 'master' are 'main', 'trunk' and
2025-02-20T05:38:52.6841460Z hint: 'development'. The just-created branch can be renamed via this command:
2025-02-20T05:38:52.6842010Z hint:
2025-02-20T05:38:52.6842350Z hint: 	git branch -m <name>
2025-02-20T05:38:52.6842900Z Initialized empty Git repository in /Users/runner/work/tardis/tardis/.git/
2025-02-20T05:38:52.6846220Z [command]/opt/homebrew/bin/git remote add origin https://github.com/tardis-sn/tardis
2025-02-20T05:38:52.6909560Z ##[endgroup]
2025-02-20T05:38:52.6910200Z ##[group]Disabling automatic garbage collection
2025-02-20T05:38:52.6912120Z [command]/opt/homebrew/bin/git config --local gc.auto 0
2025-02-20T05:38:52.6979860Z ##[endgroup]
2025-02-20T05:38:52.6980520Z ##[group]Setting up auth
2025-02-20T05:38:52.6981160Z [command]/opt/homebrew/bin/git config --local --name-only --get-regexp core\.sshCommand
2025-02-20T05:38:52.7021520Z [command]/opt/homebrew/bin/git submodule foreach --recursive sh -c "git config --local --name-only --get-regexp 'core\.sshCommand' && git config --local --unset-all 'core.sshCommand' || :"
2025-02-20T05:38:52.8149740Z [command]/opt/homebrew/bin/git config --local --name-only --get-regexp http\.https\:\/\/github\.com\/\.extraheader
2025-02-20T05:38:52.8198990Z [command]/opt/homebrew/bin/git submodule foreach --recursive sh -c "git config --local --name-only --get-regexp 'http\.https\:\/\/github\.com\/\.extraheader' && git config --local --unset-all 'http.https://github.com/.extraheader' || :"
2025-02-20T05:38:52.8712510Z [command]/opt/homebrew/bin/git config --local http.https://github.com/.extraheader AUTHORIZATION: basic ***
2025-02-20T05:38:52.8786080Z ##[endgroup]
2025-02-20T05:38:52.8787430Z ##[group]Fetching the repository
2025-02-20T05:38:52.8794050Z [command]/opt/homebrew/bin/git -c protocol.version=2 fetch --no-tags --prune --no-recurse-submodules --depth=1 origin +13bb682abe2b21f299db742d1d5ed1453d69d555:refs/remotes/pull/2964/merge
2025-02-20T05:38:54.8970930Z From https://github.com/tardis-sn/tardis
2025-02-20T05:38:54.8973710Z  * [new ref]         13bb682abe2b21f299db742d1d5ed1453d69d555 -> pull/2964/merge
2025-02-20T05:38:54.9041080Z ##[endgroup]
2025-02-20T05:38:54.9043550Z ##[group]Determining the checkout info
2025-02-20T05:38:54.9045520Z ##[endgroup]
2025-02-20T05:38:54.9046970Z [command]/opt/homebrew/bin/git sparse-checkout disable
2025-02-20T05:38:54.9117310Z [command]/opt/homebrew/bin/git config --local --unset-all extensions.worktreeConfig
2025-02-20T05:38:54.9177880Z ##[group]Checking out the ref
2025-02-20T05:38:54.9187100Z [command]/opt/homebrew/bin/git checkout --progress --force refs/remotes/pull/2964/merge
2025-02-20T05:38:55.3259990Z HEAD is now at 13bb682 Merge 5c0e7e1f8501c0b7d0b0aa4d432e10f7ba92891c into cec8b531cc56e66219fe3ca2efdbf837c008b852
2025-02-20T05:38:55.3291220Z ##[endgroup]
2025-02-20T05:38:55.3385410Z [command]/opt/homebrew/bin/git log -1 --format=%H
2025-02-20T05:38:55.3441840Z 13bb682abe2b21f299db742d1d5ed1453d69d555
2025-02-20T05:38:55.3772240Z Prepare all required actions
2025-02-20T05:38:55.3773280Z Getting action download info
2025-02-20T05:38:55.5274910Z ##[group]Download immutable action package 'actions/cache@v4'
2025-02-20T05:38:55.5276110Z Version: 4.2.1
2025-02-20T05:38:55.5277200Z Digest: sha256:b0404c9628d43aa6855629075b28f32cadf8efc5c26198438149f78500112940
2025-02-20T05:38:55.5278620Z Source commit SHA: 0c907a75c2c80ebcb7f088228285e798b750cf8f
2025-02-20T05:38:55.5279700Z ##[endgroup]
2025-02-20T05:38:56.1846780Z ##[group]Run ./.github/actions/setup_lfs
2025-02-20T05:38:56.1847530Z with:
2025-02-20T05:38:56.1848220Z   regression-data-repo: tardis-sn/tardis-regression-data
2025-02-20T05:38:56.1849080Z   atom-data-sparse: false
2025-02-20T05:38:56.1849680Z env:
2025-02-20T05:38:56.1850180Z   CACHE_NUMBER: 0
2025-02-20T05:38:56.1851680Z   PYTEST_FLAGS: --tardis-regression-data=/Users/runner/work/tardis/tardis/tardis-regression-data --cov=tardis --cov-report=xml --cov-report=html --cov-append
2025-02-20T05:38:56.1853340Z   CODECOV_TOKEN: 
2025-02-20T05:38:56.1853900Z ##[endgroup]
2025-02-20T05:38:56.2043160Z ##[group]Run actions/checkout@v4
2025-02-20T05:38:56.2045480Z with:
2025-02-20T05:38:56.2048160Z   repository: tardis-sn/tardis-regression-data
2025-02-20T05:38:56.2048950Z   path: tardis-regression-data
2025-02-20T05:38:56.2049740Z   lfs: false
2025-02-20T05:38:56.2050550Z   token: ***
2025-02-20T05:38:56.2051080Z   ssh-strict: true
2025-02-20T05:38:56.2051810Z   ssh-user: git
2025-02-20T05:38:56.2052380Z   persist-credentials: true
2025-02-20T05:38:56.2053000Z   clean: true
2025-02-20T05:38:56.2053570Z   sparse-checkout-cone-mode: true
2025-02-20T05:38:56.2054220Z   fetch-depth: 1
2025-02-20T05:38:56.2054780Z   fetch-tags: false
2025-02-20T05:38:56.2055330Z   show-progress: true
2025-02-20T05:38:56.2055920Z   submodules: false
2025-02-20T05:38:56.2056480Z   set-safe-directory: true
2025-02-20T05:38:56.2057080Z env:
2025-02-20T05:38:56.2057570Z   CACHE_NUMBER: 0
2025-02-20T05:38:56.2059050Z   PYTEST_FLAGS: --tardis-regression-data=/Users/runner/work/tardis/tardis/tardis-regression-data --cov=tardis --cov-report=xml --cov-report=html --cov-append
2025-02-20T05:38:56.2060630Z   CODECOV_TOKEN: 
2025-02-20T05:38:56.2061170Z ##[endgroup]
2025-02-20T05:38:56.3323720Z Syncing repository: tardis-sn/tardis-regression-data
2025-02-20T05:38:56.3325130Z ##[group]Getting Git version info
2025-02-20T05:38:56.3326140Z Working directory is '/Users/runner/work/tardis/tardis/tardis-regression-data'
2025-02-20T05:38:56.3370890Z [command]/opt/homebrew/bin/git version
2025-02-20T05:38:56.3426130Z git version 2.48.1
2025-02-20T05:38:56.3448510Z ##[endgroup]
2025-02-20T05:38:56.3459480Z Copying '/Users/runner/.gitconfig' to '/Users/runner/work/_temp/34da3829-3b81-4c5d-acce-bfb3c954f9a9/.gitconfig'
2025-02-20T05:38:56.3479920Z Temporarily overriding HOME='/Users/runner/work/_temp/34da3829-3b81-4c5d-acce-bfb3c954f9a9' before making global git config changes
2025-02-20T05:38:56.3490980Z Adding repository directory to the temporary git global config as a safe directory
2025-02-20T05:38:56.3495230Z [command]/opt/homebrew/bin/git config --global --add safe.directory /Users/runner/work/tardis/tardis/tardis-regression-data
2025-02-20T05:38:56.3544020Z ##[group]Initializing the repository
2025-02-20T05:38:56.3547310Z [command]/opt/homebrew/bin/git init /Users/runner/work/tardis/tardis/tardis-regression-data
2025-02-20T05:38:56.3650560Z hint: Using 'master' as the name for the initial branch. This default branch name
2025-02-20T05:38:56.3653090Z hint: is subject to change. To configure the initial branch name to use in all
2025-02-20T05:38:56.3654270Z hint: of your new repositories, which will suppress this warning, call:
2025-02-20T05:38:56.3655470Z hint:
2025-02-20T05:38:56.3656120Z hint: 	git config --global init.defaultBranch <name>
2025-02-20T05:38:56.3656880Z hint:
2025-02-20T05:38:56.3657600Z hint: Names commonly chosen instead of 'master' are 'main', 'trunk' and
2025-02-20T05:38:56.3659080Z hint: 'development'. The just-created branch can be renamed via this command:
2025-02-20T05:38:56.3660030Z hint:
2025-02-20T05:38:56.3660560Z hint: 	git branch -m <name>
2025-02-20T05:38:56.3674390Z Initialized empty Git repository in /Users/runner/work/tardis/tardis/tardis-regression-data/.git/
2025-02-20T05:38:56.3687790Z [command]/opt/homebrew/bin/git remote add origin https://github.com/tardis-sn/tardis-regression-data
2025-02-20T05:38:56.3736030Z ##[endgroup]
2025-02-20T05:38:56.3737080Z ##[group]Disabling automatic garbage collection
2025-02-20T05:38:56.3738010Z [command]/opt/homebrew/bin/git config --local gc.auto 0
2025-02-20T05:38:56.3880890Z ##[endgroup]
2025-02-20T05:38:56.3881940Z ##[group]Setting up auth
2025-02-20T05:38:56.3884340Z [command]/opt/homebrew/bin/git config --local --name-only --get-regexp core\.sshCommand
2025-02-20T05:38:56.4155040Z [command]/opt/homebrew/bin/git submodule foreach --recursive sh -c "git config --local --name-only --get-regexp 'core\.sshCommand' && git config --local --unset-all 'core.sshCommand' || :"
2025-02-20T05:38:56.6092140Z [command]/opt/homebrew/bin/git config --local --name-only --get-regexp http\.https\:\/\/github\.com\/\.extraheader
2025-02-20T05:38:56.6566040Z [command]/opt/homebrew/bin/git submodule foreach --recursive sh -c "git config --local --name-only --get-regexp 'http\.https\:\/\/github\.com\/\.extraheader' && git config --local --unset-all 'http.https://github.com/.extraheader' || :"
2025-02-20T05:38:56.7715430Z [command]/opt/homebrew/bin/git config --local http.https://github.com/.extraheader AUTHORIZATION: basic ***
2025-02-20T05:38:56.7789680Z ##[endgroup]
2025-02-20T05:38:56.7790910Z ##[group]Determining the default branch
2025-02-20T05:38:56.7794050Z Retrieving the default branch name
2025-02-20T05:38:57.2527120Z Default branch 'main'
2025-02-20T05:38:57.2650470Z ##[endgroup]
2025-02-20T05:38:57.2721320Z ##[group]Fetching the repository
2025-02-20T05:38:57.2823470Z [command]/opt/homebrew/bin/git -c protocol.version=2 fetch --no-tags --prune --no-recurse-submodules --depth=1 origin +refs/heads/main:refs/remotes/origin/main
2025-02-20T05:38:58.2161890Z From https://github.com/tardis-sn/tardis-regression-data
2025-02-20T05:38:58.2163990Z  * [new branch]      main       -> origin/main
2025-02-20T05:38:58.2249690Z ##[endgroup]
2025-02-20T05:38:58.2250900Z ##[group]Determining the checkout info
2025-02-20T05:38:58.2252050Z ##[endgroup]
2025-02-20T05:38:58.2258690Z [command]/opt/homebrew/bin/git sparse-checkout disable
2025-02-20T05:38:58.2334270Z [command]/opt/homebrew/bin/git config --local --unset-all extensions.worktreeConfig
2025-02-20T05:38:58.2401270Z ##[group]Checking out the ref
2025-02-20T05:38:58.2401720Z [command]/opt/homebrew/bin/git checkout --progress --force -B main refs/remotes/origin/main
2025-02-20T05:38:58.5828010Z Switched to a new branch 'main'
2025-02-20T05:38:58.5933180Z branch 'main' set up to track 'origin/main'.
2025-02-20T05:38:58.7054940Z ##[endgroup]
2025-02-20T05:38:58.7144310Z [command]/opt/homebrew/bin/git log -1 --format=%H
2025-02-20T05:38:58.7207940Z 84e768462f20f09fbccc05625cdcc1d8ffbe404c
2025-02-20T05:38:58.7356810Z ##[group]Run if [ "false" == "true" ]; then
2025-02-20T05:38:58.7357150Z [36;1mif [ "false" == "true" ]; then[0m
2025-02-20T05:38:58.7357390Z [36;1m  echo "Using atom data sparse checkout"[0m
2025-02-20T05:38:58.7357750Z [36;1m  echo "atom_data/kurucz_cd23_chianti_H_He.h5" > .lfs-files-list[0m
2025-02-20T05:38:58.7358020Z [36;1melse[0m
2025-02-20T05:38:58.7358220Z [36;1m  echo "Using full repository checkout"[0m
2025-02-20T05:38:58.7358540Z [36;1m  git lfs ls-files -l | cut -d' ' -f1 | sort > .lfs-files-list[0m
2025-02-20T05:38:58.7358800Z [36;1mfi[0m
2025-02-20T05:38:58.7428070Z shell: /bin/bash --noprofile --norc -e -o pipefail {0}
2025-02-20T05:38:58.7432570Z env:
2025-02-20T05:38:58.7432980Z   CACHE_NUMBER: 0
2025-02-20T05:38:58.7434260Z   PYTEST_FLAGS: --tardis-regression-data=/Users/runner/work/tardis/tardis/tardis-regression-data --cov=tardis --cov-report=xml --cov-report=html --cov-append
2025-02-20T05:38:58.7435690Z   CODECOV_TOKEN: 
2025-02-20T05:38:58.7436690Z ##[endgroup]
2025-02-20T05:38:58.7865480Z Using full repository checkout
2025-02-20T05:38:59.0797250Z ##[group]Run actions/cache/restore@v4
2025-02-20T05:38:59.0797570Z with:
2025-02-20T05:38:59.0797750Z   path: tardis-regression-data/.git/lfs
2025-02-20T05:38:59.0798290Z   key: tardis-regression-full-data-c8ff2bbb6048b3f24d3f52a1e85b013ad47e52c369a6ce4cfdeff528b659b86f-tardis-sn/tardis-regression-data-v1
2025-02-20T05:38:59.0798800Z   fail-on-cache-miss: true
2025-02-20T05:38:59.0799000Z   enableCrossOsArchive: false
2025-02-20T05:38:59.0799180Z   lookup-only: false
2025-02-20T05:38:59.0799340Z env:
2025-02-20T05:38:59.0799500Z   CACHE_NUMBER: 0
2025-02-20T05:38:59.0800040Z   PYTEST_FLAGS: --tardis-regression-data=/Users/runner/work/tardis/tardis/tardis-regression-data --cov=tardis --cov-report=xml --cov-report=html --cov-append
2025-02-20T05:38:59.0800560Z   CODECOV_TOKEN: 
2025-02-20T05:38:59.0800730Z ##[endgroup]
2025-02-20T05:38:59.4587980Z Cache hit for: tardis-regression-full-data-c8ff2bbb6048b3f24d3f52a1e85b013ad47e52c369a6ce4cfdeff528b659b86f-tardis-sn/tardis-regression-data-v1
2025-02-20T05:39:00.6346470Z Received 12582912 of 2161656325 (0.6%), 11.8 MBs/sec
2025-02-20T05:39:01.6344890Z Received 88080384 of 2161656325 (4.1%), 41.6 MBs/sec
2025-02-20T05:39:02.6353480Z Received 134217728 of 2161656325 (6.2%), 42.4 MBs/sec
2025-02-20T05:39:03.6366800Z Received 218103808 of 2161656325 (10.1%), 51.7 MBs/sec
2025-02-20T05:39:04.6374660Z Received 268435456 of 2161656325 (12.4%), 51.0 MBs/sec
2025-02-20T05:39:05.6431320Z Received 352321536 of 2161656325 (16.3%), 55.7 MBs/sec
2025-02-20T05:39:06.6430490Z Received 402653184 of 2161656325 (18.6%), 54.6 MBs/sec
2025-02-20T05:39:07.6440820Z Received 473956352 of 2161656325 (21.9%), 56.3 MBs/sec
2025-02-20T05:39:08.6443530Z Received 536870912 of 2161656325 (24.8%), 56.7 MBs/sec
2025-02-20T05:39:09.6458790Z Received 608174080 of 2161656325 (28.1%), 57.8 MBs/sec
2025-02-20T05:39:10.6462640Z Received 671088640 of 2161656325 (31.0%), 58.0 MBs/sec
2025-02-20T05:39:11.6468170Z Received 738197504 of 2161656325 (34.1%), 58.5 MBs/sec
2025-02-20T05:39:12.6470200Z Received 805306368 of 2161656325 (37.3%), 58.9 MBs/sec
2025-02-20T05:39:13.6475390Z Received 872415232 of 2161656325 (40.4%), 59.3 MBs/sec
2025-02-20T05:39:14.6480360Z Received 939524096 of 2161656325 (43.5%), 59.6 MBs/sec
2025-02-20T05:39:15.6512800Z Received 1006632960 of 2161656325 (46.6%), 59.9 MBs/sec
2025-02-20T05:39:16.6543520Z Received 1073741824 of 2161656325 (49.7%), 60.1 MBs/sec
2025-02-20T05:39:17.6549230Z Received 1140850688 of 2161656325 (52.8%), 60.3 MBs/sec
2025-02-20T05:39:18.6662000Z Received 1191182336 of 2161656325 (55.1%), 59.7 MBs/sec
2025-02-20T05:39:19.6656500Z Received 1237319680 of 2161656325 (57.2%), 58.9 MBs/sec
2025-02-20T05:39:20.6670450Z Received 1275068416 of 2161656325 (59.0%), 57.8 MBs/sec
2025-02-20T05:39:21.6685320Z Received 1337982976 of 2161656325 (61.9%), 57.9 MBs/sec
2025-02-20T05:39:22.6702300Z Received 1375731712 of 2161656325 (63.6%), 56.9 MBs/sec
2025-02-20T05:39:23.6740190Z Received 1434451968 of 2161656325 (66.4%), 56.9 MBs/sec
2025-02-20T05:39:24.6828680Z Received 1476395008 of 2161656325 (68.3%), 56.2 MBs/sec
2025-02-20T05:39:25.6818000Z Received 1535115264 of 2161656325 (71.0%), 56.2 MBs/sec
2025-02-20T05:39:26.6836160Z Received 1598029824 of 2161656325 (73.9%), 56.3 MBs/sec
2025-02-20T05:39:27.6845700Z Received 1644167168 of 2161656325 (76.1%), 55.9 MBs/sec
2025-02-20T05:39:28.6847720Z Received 1698693120 of 2161656325 (78.6%), 55.7 MBs/sec
2025-02-20T05:39:29.6845470Z Received 1744830464 of 2161656325 (80.7%), 55.3 MBs/sec
2025-02-20T05:39:30.6870000Z Received 1841299456 of 2161656325 (85.2%), 56.5 MBs/sec
2025-02-20T05:39:31.6867290Z Received 1904214016 of 2161656325 (88.1%), 56.6 MBs/sec
2025-02-20T05:39:32.6881700Z Received 1996488704 of 2161656325 (92.4%), 57.6 MBs/sec
2025-02-20T05:39:33.6899540Z Received 2051014656 of 2161656325 (94.9%), 57.4 MBs/sec
2025-02-20T05:39:34.6914160Z Received 2143289344 of 2161656325 (99.2%), 58.3 MBs/sec
2025-02-20T05:39:35.1054030Z Received 2161656325 of 2161656325 (100.0%), 58.1 MBs/sec
2025-02-20T05:39:35.1063720Z Cache Size: ~2062 MB (2161656325 B)
2025-02-20T05:39:35.1205580Z [command]/opt/homebrew/bin/gtar -xf /Users/runner/work/_temp/b2ec6814-839b-4d86-9f13-c967c860f0c3/cache.tzst -P -C /Users/runner/work/tardis/tardis --delay-directory-restore --use-compress-program unzstd
2025-02-20T05:39:45.5274950Z Cache restored successfully
2025-02-20T05:39:45.6734850Z Cache restored from key: tardis-regression-full-data-c8ff2bbb6048b3f24d3f52a1e85b013ad47e52c369a6ce4cfdeff528b659b86f-tardis-sn/tardis-regression-data-v1
2025-02-20T05:39:45.6912280Z ##[group]Run git lfs checkout
2025-02-20T05:39:45.6912520Z [36;1mgit lfs checkout[0m
2025-02-20T05:39:45.7063100Z shell: /bin/bash --noprofile --norc -e -o pipefail {0}
2025-02-20T05:39:45.7063510Z env:
2025-02-20T05:39:45.7063730Z   CACHE_NUMBER: 0
2025-02-20T05:39:45.7064470Z   PYTEST_FLAGS: --tardis-regression-data=/Users/runner/work/tardis/tardis/tardis-regression-data --cov=tardis --cov-report=xml --cov-report=html --cov-append
2025-02-20T05:39:45.7065060Z   CODECOV_TOKEN: 
2025-02-20T05:39:45.7065240Z ##[endgroup]
2025-02-20T05:39:57.9166000Z Checking out LFS objects: 100% (204/204), 5.7 GB | 398 MB/s, done.
2025-02-20T05:40:10.4384350Z Prepare all required actions
2025-02-20T05:40:10.4384820Z Getting action download info
2025-02-20T05:40:10.6925240Z Download action repository 'mamba-org/setup-micromamba@v1' (SHA:4b9113af4fba0e9e1124b252dd6497a419e7396d)
2025-02-20T05:40:11.8712260Z ##[group]Run ./.github/actions/setup_env
2025-02-20T05:40:11.8712500Z with:
2025-02-20T05:40:11.8712650Z   os-label: osx-arm64
2025-02-20T05:40:11.8712800Z env:
2025-02-20T05:40:11.8713220Z   CACHE_NUMBER: 0
2025-02-20T05:40:11.8713700Z   PYTEST_FLAGS: --tardis-regression-data=/Users/runner/work/tardis/tardis/tardis-regression-data --cov=tardis --cov-report=xml --cov-report=html --cov-append
2025-02-20T05:40:11.8714210Z   CODECOV_TOKEN: 
2025-02-20T05:40:11.8714440Z ##[endgroup]
2025-02-20T05:40:11.8734130Z ##[group]Run file_hash=$(cat conda-osx-arm64.lock | shasum -a 256 | cut -d' ' -f1)
2025-02-20T05:40:11.8734620Z [36;1mfile_hash=$(cat conda-osx-arm64.lock | shasum -a 256 | cut -d' ' -f1)[0m
2025-02-20T05:40:11.8735120Z [36;1mecho "file_hash=tardis-conda-env-osx-arm64-${file_hash}-v1" >> "${GITHUB_OUTPUT}"[0m
2025-02-20T05:40:11.8787050Z shell: /bin/bash --noprofile --norc -e -o pipefail {0}
2025-02-20T05:40:11.8787300Z env:
2025-02-20T05:40:11.8787430Z   CACHE_NUMBER: 0
2025-02-20T05:40:11.8787990Z   PYTEST_FLAGS: --tardis-regression-data=/Users/runner/work/tardis/tardis/tardis-regression-data --cov=tardis --cov-report=xml --cov-report=html --cov-append
2025-02-20T05:40:11.8801880Z   CODECOV_TOKEN: 
2025-02-20T05:40:11.8802020Z ##[endgroup]
2025-02-20T05:40:12.0103910Z ##[group]Run mamba-org/setup-micromamba@v1
2025-02-20T05:40:12.0104140Z with:
2025-02-20T05:40:12.0104290Z   environment-file: conda-osx-arm64.lock
2025-02-20T05:40:12.0104760Z   cache-environment-key: tardis-conda-env-osx-arm64-bf0d0a4d4c847cca72476c6c68c493d56c484aada7e80de0e42c7607fcef5824-v1
2025-02-20T05:40:12.0105440Z   cache-downloads-key: tardis-conda-env-osx-arm64-bf0d0a4d4c847cca72476c6c68c493d56c484aada7e80de0e42c7607fcef5824-v1
2025-02-20T05:40:12.0105910Z   environment-name: tardis
2025-02-20T05:40:12.0106090Z   cache-environment: true
2025-02-20T05:40:12.0106250Z   cache-downloads: true
2025-02-20T05:40:12.0106500Z env:
2025-02-20T05:40:12.0106610Z   CACHE_NUMBER: 0
2025-02-20T05:40:12.0107080Z   PYTEST_FLAGS: --tardis-regression-data=/Users/runner/work/tardis/tardis/tardis-regression-data --cov=tardis --cov-report=xml --cov-report=html --cov-append
2025-02-20T05:40:12.0107560Z   CODECOV_TOKEN: 
2025-02-20T05:40:12.0112420Z ##[endgroup]
2025-02-20T05:40:12.3301210Z Will download micromamba to /Users/runner/micromamba-bin/micromamba
2025-02-20T05:40:12.3305640Z ##[group]Install micromamba
2025-02-20T05:40:13.1284750Z micromamba installed to /Users/runner/micromamba-bin/micromamba
2025-02-20T05:40:13.1285490Z ##[endgroup]
2025-02-20T05:40:13.1286430Z Adding conda-forge to condarc channels ...
2025-02-20T05:40:13.1308520Z ##[group]Initialize micromamba for bash.
2025-02-20T05:40:13.1316880Z [command]/Users/runner/micromamba-bin/micromamba shell init -s bash -r /Users/runner/micromamba --log-level warning --rc-file /Users/runner/work/_temp/setup-micromamba/.condarc
2025-02-20T05:40:13.1719610Z Modifying RC file "/Users/runner/.bash_profile"
2025-02-20T05:40:13.1721860Z Generating config for root prefix [1m"/Users/runner/micromamba"[0m
2025-02-20T05:40:13.1722590Z Setting mamba executable to: [1m"/Users/runner/micromamba-bin/micromamba"[0m
2025-02-20T05:40:13.1723150Z Adding (or replacing) the following in your "/Users/runner/.bash_profile" file
2025-02-20T05:40:13.1723780Z 
2025-02-20T05:40:13.1724010Z # >>> mamba initialize >>>
2025-02-20T05:40:13.1724400Z # !! Contents within this block are managed by 'mamba init' !!
2025-02-20T05:40:13.1724710Z export MAMBA_EXE='/Users/runner/micromamba-bin/micromamba';
2025-02-20T05:40:13.1725030Z export MAMBA_ROOT_PREFIX='/Users/runner/micromamba';
2025-02-20T05:40:13.1725580Z __mamba_setup="$("$MAMBA_EXE" shell hook --shell bash --root-prefix "$MAMBA_ROOT_PREFIX" 2> /dev/null)"
2025-02-20T05:40:13.1726680Z if [ $? -eq 0 ]; then
2025-02-20T05:40:13.1726900Z     eval "$__mamba_setup"
2025-02-20T05:40:13.1727060Z else
2025-02-20T05:40:13.1727290Z     alias micromamba="$MAMBA_EXE"  # Fallback on help from mamba activate
2025-02-20T05:40:13.1727560Z fi
2025-02-20T05:40:13.1727800Z unset __mamba_setup
2025-02-20T05:40:13.1727990Z # <<< mamba initialize <<<
2025-02-20T05:40:13.1728110Z 
2025-02-20T05:40:13.1728400Z ##[endgroup]
2025-02-20T05:40:13.1728920Z ##[group]Restoring downloads from `/Users/runner/micromamba/pkgs` ...
2025-02-20T05:40:14.5622520Z Received 41943040 of 310594474 (13.5%), 40.0 MBs/sec
2025-02-20T05:40:15.5659150Z Received 121634816 of 310594474 (39.2%), 57.9 MBs/sec
2025-02-20T05:40:16.5691720Z Received 192937984 of 310594474 (62.1%), 61.3 MBs/sec
2025-02-20T05:40:17.5650410Z Received 260046848 of 310594474 (83.7%), 61.9 MBs/sec
2025-02-20T05:40:18.1928400Z Cache Size: ~296 MB (310594474 B)
2025-02-20T05:40:18.2029790Z [command]/opt/homebrew/bin/gtar -xf /Users/runner/work/_temp/931901af-c82b-4732-9c5e-fd1ddf8a051c/cache.tzst -P -C /Users/runner/work/tardis/tardis --delay-directory-restore --use-compress-program unzstd
2025-02-20T05:40:18.5678300Z Received 310594474 of 310594474 (100.0%), 59.2 MBs/sec
2025-02-20T05:40:18.9506670Z Cache restored successfully
2025-02-20T05:40:18.9550840Z Restored cache with key `tardis-conda-env-osx-arm64-bf0d0a4d4c847cca72476c6c68c493d56c484aada7e80de0e42c7607fcef5824-v1-osx-arm64`
2025-02-20T05:40:18.9552000Z ##[endgroup]
2025-02-20T05:40:18.9701130Z ##[group]Restoring environment `tardis` from `/Users/runner/micromamba/envs/tardis` ...
2025-02-20T05:40:20.3463190Z Received 29360128 of 385513979 (7.6%), 28.0 MBs/sec
2025-02-20T05:40:21.3471360Z Received 117440512 of 385513979 (30.5%), 56.0 MBs/sec
2025-02-20T05:40:22.3470120Z Received 176160768 of 385513979 (45.7%), 56.0 MBs/sec
2025-02-20T05:40:23.3484200Z Received 239075328 of 385513979 (62.0%), 57.0 MBs/sec
2025-02-20T05:40:24.3483300Z Received 297795584 of 385513979 (77.2%), 56.8 MBs/sec
2025-02-20T05:40:25.3486480Z Received 381319675 of 385513979 (98.9%), 60.6 MBs/sec
2025-02-20T05:40:25.5378500Z Cache Size: ~368 MB (385513979 B)
2025-02-20T05:40:25.5523820Z [command]/opt/homebrew/bin/gtar -xf /Users/runner/work/_temp/5e4ecb69-ac26-42cb-8900-1307e2fcf7d2/cache.tzst -P -C /Users/runner/work/tardis/tardis --delay-directory-restore --use-compress-program unzstd
2025-02-20T05:40:26.3514910Z Received 385513979 of 385513979 (100.0%), 52.5 MBs/sec
2025-02-20T05:40:37.7891540Z Cache restored successfully
2025-02-20T05:40:37.7968860Z Restored cache with key `tardis-conda-env-osx-arm64-bf0d0a4d4c847cca72476c6c68c493d56c484aada7e80de0e42c7607fcef5824-v1-osx-arm64-tardis-args-4f53cda-root-873f6fe-bin-[object Promise]-file-bf0d0a4d4c847cca72476c6c68c493d56c484aada7e80de0e42c7607fcef5824`
2025-02-20T05:40:37.7995110Z ##[endgroup]
2025-02-20T05:40:37.7996180Z Adding environment tardis to auto-activate bash ...
2025-02-20T05:40:37.8007910Z Generating micromamba run shell.
2025-02-20T05:40:37.8009970Z ##[endgroup]
2025-02-20T05:40:37.8015200Z Set environment variables.
2025-02-20T05:40:37.8016300Z ##[group]micromamba info
2025-02-20T05:40:37.8036950Z [command]/Users/runner/micromamba-bin/micromamba info -r /Users/runner/micromamba -n tardis
2025-02-20T05:40:38.2244250Z 
2025-02-20T05:40:38.2246430Z        libmamba version : 1.5.10
2025-02-20T05:40:38.2275860Z      micromamba version : 1.5.10
2025-02-20T05:40:38.2276420Z            curl version : libcurl/8.10.1 (OpenSSL/3.3.2) SecureTransport zlib/1.3.1 zstd/1.5.6 libssh2/1.11.0 nghttp2/1.58.0
2025-02-20T05:40:38.2276910Z      libarchive version : libarchive 3.7.4 zlib/1.2.13 bz2lib/1.0.8 libzstd/1.5.6
2025-02-20T05:40:38.2277240Z        envs directories : /Users/runner/micromamba/envs
2025-02-20T05:40:38.2277560Z           package cache : /Users/runner/micromamba/pkgs
2025-02-20T05:40:38.2277910Z                           /Users/runner/.mamba/pkgs
2025-02-20T05:40:38.2278290Z             environment : tardis
2025-02-20T05:40:38.2278830Z            env location : /Users/runner/micromamba/envs/tardis
2025-02-20T05:40:38.2285770Z       user config files : /Users/runner/.mambarc
2025-02-20T05:40:38.2287080Z  populated config files : /Users/runner/work/_temp/setup-micromamba/.condarc
2025-02-20T05:40:38.2287980Z        virtual packages : __unix=0=0
2025-02-20T05:40:38.2288500Z                           __osx=14.7.2=0
2025-02-20T05:40:38.2289010Z                           __archspec=1=arm64
2025-02-20T05:40:38.2289990Z                channels : https://conda.anaconda.org/conda-forge/osx-arm64
2025-02-20T05:40:38.2290800Z                           https://conda.anaconda.org/conda-forge/noarch
2025-02-20T05:40:38.2291470Z        base environment : /Users/runner/micromamba
2025-02-20T05:40:38.2292040Z                platform : osx-arm64
2025-02-20T05:40:38.2293050Z ##[endgroup]
2025-02-20T05:40:38.2293810Z ##[group]micromamba list
2025-02-20T05:40:38.2295270Z [command]/Users/runner/micromamba-bin/micromamba list -r /Users/runner/micromamba -n tardis
2025-02-20T05:40:38.7145620Z List of packages in environment: "/Users/runner/micromamba/envs/tardis"
2025-02-20T05:40:38.7146390Z 
2025-02-20T05:40:38.7148090Z   Name                           Version              Build                    Channel    
2025-02-20T05:40:38.7149780Z ────────────────────────────────────────────────────────────────────────────────────────────
2025-02-20T05:40:38.7150130Z   alabaster                      0.7.16               pyhd8ed1ab_0             conda-forge
2025-02-20T05:40:38.7150450Z   anyio                          4.4.0                pyhd8ed1ab_0             conda-forge
2025-02-20T05:40:38.7150850Z   appnope                        0.1.4                pyhd8ed1ab_0             conda-forge
2025-02-20T05:40:38.7151260Z   argon2-cffi                    23.1.0               pyhd8ed1ab_0             conda-forge
2025-02-20T05:40:38.7151680Z   argon2-cffi-bindings           21.2.0               py312h02f2b3b_4          conda-forge
2025-02-20T05:40:38.7152010Z   arrow                          1.3.0                pyhd8ed1ab_0             conda-forge
2025-02-20T05:40:38.7152410Z   astropy                        6.1.1                py312hbebd99a_0          conda-forge
2025-02-20T05:40:38.7152880Z   astropy-iers-data              0.2024.6.17.0.31.35  pyhd8ed1ab_0             conda-forge
2025-02-20T05:40:38.7153410Z   astropy-sphinx-theme           1.1                  pyhd8ed1ab_0             conda-forge
2025-02-20T05:40:38.7153880Z   asttokens                      2.4.1                pyhd8ed1ab_0             conda-forge
2025-02-20T05:40:38.7154760Z   async-lru                      2.0.4                pyhd8ed1ab_0             conda-forge
2025-02-20T05:40:38.7155120Z   atk-1.0                        2.38.0               hd03087b_2               conda-forge
2025-02-20T05:40:38.7155560Z   attrs                          23.2.0               pyh71513ae_0             conda-forge
2025-02-20T05:40:38.7155950Z   babel                          2.14.0               pyhd8ed1ab_0             conda-forge
2025-02-20T05:40:38.7156340Z   beautifulsoup4                 4.12.3               pyha770c72_0             conda-forge
2025-02-20T05:40:38.7156750Z   bleach                         6.1.0                pyhd8ed1ab_0             conda-forge
2025-02-20T05:40:38.7157080Z   blosc                          1.21.5               h9c252e8_1               conda-forge
2025-02-20T05:40:38.7157420Z   brotli                         1.1.0                hb547adb_1               conda-forge
2025-02-20T05:40:38.7157840Z   brotli-bin                     1.1.0                hb547adb_1               conda-forge
2025-02-20T05:40:38.7158640Z   brotli-python                  1.1.0                py312h9f69965_1          conda-forge
2025-02-20T05:40:38.7159080Z   bzip2                          1.0.8                h93a5062_5               conda-forge
2025-02-20T05:40:38.7159590Z   c-ares                         1.28.1               h93a5062_0               conda-forge
2025-02-20T05:40:38.7160040Z   c-blosc2                       2.14.4               ha57e6be_1               conda-forge
2025-02-20T05:40:38.7160740Z   ca-certificates                2024.6.2             hf0a4a13_0               conda-forge
2025-02-20T05:40:38.7161220Z   cached-property                1.5.2                hd8ed1ab_1               conda-forge
2025-02-20T05:40:38.7161660Z   cached_property                1.5.2                pyha770c72_1             conda-forge
2025-02-20T05:40:38.7162230Z   cairo                          1.18.0               hd1e100b_0               conda-forge
2025-02-20T05:40:38.7162660Z   certifi                        2024.6.2             pyhd8ed1ab_0             conda-forge
2025-02-20T05:40:38.7163200Z   cffi                           1.16.0               py312h8e38eb3_0          conda-forge
2025-02-20T05:40:38.7163690Z   charset-normalizer             3.3.2                pyhd8ed1ab_0             conda-forge
2025-02-20T05:40:38.7164200Z   click                          8.1.7                unix_pyh707e725_0        conda-forge
2025-02-20T05:40:38.7164640Z   codespell                      2.3.0                pyhd8ed1ab_0             conda-forge
2025-02-20T05:40:38.7165000Z   colorama                       0.4.6                pyhd8ed1ab_0             conda-forge
2025-02-20T05:40:38.7165450Z   comm                           0.2.2                pyhd8ed1ab_0             conda-forge
2025-02-20T05:40:38.7165770Z   commonmark                     0.9.1                py_0                     conda-forge
2025-02-20T05:40:38.7166170Z   contourpy                      1.2.1                py312h0fef576_0          conda-forge
2025-02-20T05:40:38.7166480Z   coverage                       7.5.3                py312h7e5086c_0          conda-forge
2025-02-20T05:40:38.7166870Z   cycler                         0.12.1               pyhd8ed1ab_0             conda-forge
2025-02-20T05:40:38.7167260Z   dataclasses                    0.8                  pyhc8e2a94_3             conda-forge
2025-02-20T05:40:38.7167720Z   debugpy                        1.8.1                py312h20a0b95_0          conda-forge
2025-02-20T05:40:38.7168080Z   decorator                      5.1.1                pyhd8ed1ab_0             conda-forge
2025-02-20T05:40:38.7168490Z   defusedxml                     0.7.1                pyhd8ed1ab_0             conda-forge
2025-02-20T05:40:38.7168840Z   docutils                       0.20.1               py312h81bd7bf_3          conda-forge
2025-02-20T05:40:38.7169270Z   dot2tex                        2.11.3               pyhd8ed1ab_0             conda-forge
2025-02-20T05:40:38.7169820Z   entrypoints                    0.4                  pyhd8ed1ab_0             conda-forge
2025-02-20T05:40:38.7170300Z   exceptiongroup                 1.2.0                pyhd8ed1ab_2             conda-forge
2025-02-20T05:40:38.7170690Z   executing                      2.0.1                pyhd8ed1ab_0             conda-forge
2025-02-20T05:40:38.7170980Z   expat                          2.6.2                hebf3989_0               conda-forge
2025-02-20T05:40:38.7171410Z   font-ttf-dejavu-sans-mono      2.37                 hab24e00_0               conda-forge
2025-02-20T05:40:38.7171820Z   font-ttf-inconsolata           3.000                h77eed37_0               conda-forge
2025-02-20T05:40:38.7172300Z   font-ttf-source-code-pro       2.038                h77eed37_0               conda-forge
2025-02-20T05:40:38.7172700Z   font-ttf-ubuntu                0.83                 h77eed37_2               conda-forge
2025-02-20T05:40:38.7173080Z   fontconfig                     2.14.2               h82840c6_0               conda-forge
2025-02-20T05:40:38.7173460Z   fonts-conda-ecosystem          1                    0                        conda-forge
2025-02-20T05:40:38.7173900Z   fonts-conda-forge              1                    0                        conda-forge
2025-02-20T05:40:38.7174330Z   fonttools                      4.53.0               py312h7e5086c_0          conda-forge
2025-02-20T05:40:38.7174730Z   fqdn                           1.5.1                pyhd8ed1ab_0             conda-forge
2025-02-20T05:40:38.7175200Z   freetype                       2.12.1               hadb7bae_2               conda-forge
2025-02-20T05:40:38.7175600Z   fribidi                        1.0.10               h27ca646_0               conda-forge
2025-02-20T05:40:38.7175940Z   future                         1.0.0                pyhd8ed1ab_0             conda-forge
2025-02-20T05:40:38.7176350Z   gdk-pixbuf                     2.42.12              h7ddc832_0               conda-forge
2025-02-20T05:40:38.7176710Z   gettext                        0.22.5               h8fbad5d_2               conda-forge
2025-02-20T05:40:38.7177410Z   gettext-tools                  0.22.5               h8fbad5d_2               conda-forge
2025-02-20T05:40:38.7178160Z   giflib                         5.2.2                h93a5062_0               conda-forge
2025-02-20T05:40:38.7178590Z   git-lfs                        3.5.1                hce30654_0               conda-forge
2025-02-20T05:40:38.7179140Z   gmp                            6.3.0                hebf3989_1               conda-forge
2025-02-20T05:40:38.7179500Z   gmpy2                          2.1.5                py312hfa9fade_1          conda-forge
2025-02-20T05:40:38.7179880Z   graphite2                      1.3.13               hebf3989_1003            conda-forge
2025-02-20T05:40:38.7180190Z   graphviz                       11.0.0               h9bb9bc9_0               conda-forge
2025-02-20T05:40:38.7180470Z   gtk2                           2.24.33              h7895bb2_4               conda-forge
2025-02-20T05:40:38.7195600Z   gts                            0.7.6                he42f4ea_4               conda-forge
2025-02-20T05:40:38.7195910Z   h11                            0.14.0               pyhd8ed1ab_0             conda-forge
2025-02-20T05:40:38.7196180Z   h2                             4.1.0                pyhd8ed1ab_0             conda-forge
2025-02-20T05:40:38.7196450Z   h5py                           3.11.0               nompi_py312h903599c_102  conda-forge
2025-02-20T05:40:38.7196740Z   harfbuzz                       8.5.0                h1836168_0               conda-forge
2025-02-20T05:40:38.7197020Z   hdf5                           1.14.3               nompi_hec07895_105       conda-forge
2025-02-20T05:40:38.7197430Z   hpack                          4.0.0                pyh9f0ad1d_0             conda-forge
2025-02-20T05:40:38.7198200Z   httpcore                       1.0.5                pyhd8ed1ab_0             conda-forge
2025-02-20T05:40:38.7198950Z   httpx                          0.27.0               pyhd8ed1ab_0             conda-forge
2025-02-20T05:40:38.7199270Z   hyperframe                     6.0.1                pyhd8ed1ab_0             conda-forge
2025-02-20T05:40:38.7199630Z   icu                            73.2                 hc8870d7_0               conda-forge
2025-02-20T05:40:38.7199960Z   idna                           3.7                  pyhd8ed1ab_0             conda-forge
2025-02-20T05:40:38.7200400Z   imagesize                      1.4.1                pyhd8ed1ab_0             conda-forge
2025-02-20T05:40:38.7200780Z   importlib-metadata             7.1.0                pyha770c72_0             conda-forge
2025-02-20T05:40:38.7201250Z   importlib_metadata             7.1.0                hd8ed1ab_0               conda-forge
2025-02-20T05:40:38.7201590Z   importlib_resources            6.4.0                pyhd8ed1ab_0             conda-forge
2025-02-20T05:40:38.7201920Z   iniconfig                      2.0.0                pyhd8ed1ab_0             conda-forge
2025-02-20T05:40:38.7202220Z   ipykernel                      6.29.4               pyh57ce528_0             conda-forge
2025-02-20T05:40:38.7202580Z   ipython                        8.25.0               pyh707e725_0             conda-forge
2025-02-20T05:40:38.7202940Z   ipython_genutils               0.2.0                pyhd8ed1ab_1             conda-forge
2025-02-20T05:40:38.7203320Z   ipywidgets                     7.8.0                pyhd8ed1ab_0             conda-forge
2025-02-20T05:40:38.7205580Z   isoduration                    20.11.0              pyhd8ed1ab_0             conda-forge
2025-02-20T05:40:38.7206710Z   jedi                           0.19.1               pyhd8ed1ab_0             conda-forge
2025-02-20T05:40:38.7207460Z   jinja2                         3.1.4                pyhd8ed1ab_0             conda-forge
2025-02-20T05:40:38.7208290Z   json5                          0.9.25               pyhd8ed1ab_0             conda-forge
2025-02-20T05:40:38.7209160Z   jsonpointer                    3.0.0                py312h81bd7bf_0          conda-forge
2025-02-20T05:40:38.7210020Z   jsonschema                     4.22.0               pyhd8ed1ab_0             conda-forge
2025-02-20T05:40:38.7213720Z   jsonschema-specifications      2023.12.1            pyhd8ed1ab_0             conda-forge
2025-02-20T05:40:38.7214190Z   jsonschema-with-format-nongpl  4.22.0               pyhd8ed1ab_0             conda-forge
2025-02-20T05:40:38.7214750Z   jupyter-lsp                    2.2.5                pyhd8ed1ab_0             conda-forge
2025-02-20T05:40:38.7215160Z   jupyter_client                 8.6.2                pyhd8ed1ab_0             conda-forge
2025-02-20T05:40:38.7215670Z   jupyter_core                   5.7.2                py312h81bd7bf_0          conda-forge
2025-02-20T05:40:38.7216080Z   jupyter_events                 0.10.0               pyhd8ed1ab_0             conda-forge
2025-02-20T05:40:38.7216550Z   jupyter_server                 2.14.1               pyhd8ed1ab_0             conda-forge
2025-02-20T05:40:38.7216930Z   jupyter_server_terminals       0.5.3                pyhd8ed1ab_0             conda-forge
2025-02-20T05:40:38.7217460Z   jupyterlab                     4.2.2                pyhd8ed1ab_0             conda-forge
2025-02-20T05:40:38.7218000Z   jupyterlab_pygments            0.3.0                pyhd8ed1ab_1             conda-forge
2025-02-20T05:40:38.7218480Z   jupyterlab_server              2.27.2               pyhd8ed1ab_0             conda-forge
2025-02-20T05:40:38.7218970Z   jupyterlab_widgets             1.1.7                pyhd8ed1ab_0             conda-forge
2025-02-20T05:40:38.7219450Z   kiwisolver                     1.4.5                py312h389731b_1          conda-forge
2025-02-20T05:40:38.7219790Z   krb5                           1.21.2               h92f50d5_0               conda-forge
2025-02-20T05:40:38.7220250Z   latexcodec                     2.0.1                pyh9f0ad1d_0             conda-forge
2025-02-20T05:40:38.7220900Z   lcms2                          2.16                 ha0e7c42_0               conda-forge
2025-02-20T05:40:38.7221330Z   lerc                           4.0.0                h9a09cb3_0               conda-forge
2025-02-20T05:40:38.7221670Z   libaec                         1.1.3                hebf3989_0               conda-forge
2025-02-20T05:40:38.7222090Z   libasprintf                    0.22.5               h8fbad5d_2               conda-forge
2025-02-20T05:40:38.7222450Z   libasprintf-devel              0.22.5               h8fbad5d_2               conda-forge
2025-02-20T05:40:38.7222860Z   libblas                        3.9.0                22_osxarm64_openblas     conda-forge
2025-02-20T05:40:38.7223260Z   libbrotlicommon                1.1.0                hb547adb_1               conda-forge
2025-02-20T05:40:38.7223620Z   libbrotlidec                   1.1.0                hb547adb_1               conda-forge
2025-02-20T05:40:38.7224040Z   libbrotlienc                   1.1.0                hb547adb_1               conda-forge
2025-02-20T05:40:38.7224400Z   libcblas                       3.9.0                22_osxarm64_openblas     conda-forge
2025-02-20T05:40:38.7224790Z   libcurl                        8.8.0                h7b6f9a7_0               conda-forge
2025-02-20T05:40:38.7225100Z   libcxx                         17.0.6               h5f092b4_0               conda-forge
2025-02-20T05:40:38.7225500Z   libdeflate                     1.20                 h93a5062_0               conda-forge
2025-02-20T05:40:38.7226150Z   libedit                        3.1.20191231         hc8eb9b7_2               conda-forge
2025-02-20T05:40:38.7226570Z   libev                          4.33                 h93a5062_2               conda-forge
2025-02-20T05:40:38.7226920Z   libexpat                       2.6.2                hebf3989_0               conda-forge
2025-02-20T05:40:38.7227340Z   libffi                         3.4.2                h3422bc3_5               conda-forge
2025-02-20T05:40:38.7227730Z   libgd                          2.3.3                hfdf3952_9               conda-forge
2025-02-20T05:40:38.7228070Z   libgettextpo                   0.22.5               h8fbad5d_2               conda-forge
2025-02-20T05:40:38.7228490Z   libgettextpo-devel             0.22.5               h8fbad5d_2               conda-forge
2025-02-20T05:40:38.7228840Z   libgfortran                    5.0.0                13_2_0_hd922786_3        conda-forge
2025-02-20T05:40:38.7229220Z   libgfortran5                   13.2.0               hf226fd6_3               conda-forge
2025-02-20T05:40:38.7229560Z   libglib                        2.80.2               h59d46d9_1               conda-forge
2025-02-20T05:40:38.7229970Z   libiconv                       1.17                 h0d3ecfb_2               conda-forge
2025-02-20T05:40:38.7230330Z   libintl                        0.22.5               h8fbad5d_2               conda-forge
2025-02-20T05:40:38.7230730Z   libintl-devel                  0.22.5               h8fbad5d_2               conda-forge
2025-02-20T05:40:38.7231080Z   libjpeg-turbo                  3.0.0                hb547adb_1               conda-forge
2025-02-20T05:40:38.7231460Z   liblapack                      3.9.0                22_osxarm64_openblas     conda-forge
2025-02-20T05:40:38.7231850Z   libllvm14                      14.0.6               hd1a9a77_4               conda-forge
2025-02-20T05:40:38.7232180Z   libnghttp2                     1.58.0               ha4dd798_1               conda-forge
2025-02-20T05:40:38.7232580Z   libopenblas                    0.3.27               openmp_h6c19121_0        conda-forge
2025-02-20T05:40:38.7232910Z   libpng                         1.6.43               h091b4b1_0               conda-forge
2025-02-20T05:40:38.7233280Z   librsvg                        2.58.1               hbc281fb_0               conda-forge
2025-02-20T05:40:38.7233610Z   libsodium                      1.0.18               h27ca646_1               conda-forge
2025-02-20T05:40:38.7233980Z   libsqlite                      3.46.0               hfb93653_0               conda-forge
2025-02-20T05:40:38.7235180Z   libssh2                        1.11.0               h7a5bd25_0               conda-forge
2025-02-20T05:40:38.7235530Z   libtiff                        4.6.0                h07db509_3               conda-forge
2025-02-20T05:40:38.7235820Z   libwebp                        1.4.0                h54798ee_0               conda-forge
2025-02-20T05:40:38.7236210Z   libwebp-base                   1.4.0                h93a5062_0               conda-forge
2025-02-20T05:40:38.7236580Z   libxcb                         1.16                 hf2054a2_0               conda-forge
2025-02-20T05:40:38.7236900Z   libxml2                        2.12.7               ha661575_1               conda-forge
2025-02-20T05:40:38.7237250Z   libxslt                        1.1.39               h223e5b9_0               conda-forge
2025-02-20T05:40:38.7237580Z   libzlib                        1.3.1                hfb2fe0b_1               conda-forge
2025-02-20T05:40:38.7237960Z   llvm-openmp                    18.1.7               hde57baf_0               conda-forge
2025-02-20T05:40:38.7238320Z   llvmlite                       0.42.0               py312h17030e7_1          conda-forge
2025-02-20T05:40:38.7238640Z   lxml                           5.2.2                py312h0e5ab22_0          conda-forge
2025-02-20T05:40:38.7238990Z   lz4-c                          1.9.4                hb7217d7_0               conda-forge
2025-02-20T05:40:38.7239490Z   markupsafe                     2.1.5                py312he37b823_0          conda-forge
2025-02-20T05:40:38.7239850Z   matplotlib-base                3.8.4                py312h4479663_2          conda-forge
2025-02-20T05:40:38.7240250Z   matplotlib-inline              0.1.7                pyhd8ed1ab_0             conda-forge
2025-02-20T05:40:38.7240660Z   mistune                        3.0.2                pyhd8ed1ab_0             conda-forge
2025-02-20T05:40:38.7241000Z   mpc                            1.3.1                h91ba8db_0               conda-forge
2025-02-20T05:40:38.7241310Z   mpfr                           4.2.1                h41d338b_1               conda-forge
2025-02-20T05:40:38.7241730Z   mpmath                         1.3.0                pyhd8ed1ab_0             conda-forge
2025-02-20T05:40:38.7242140Z   munkres                        1.1.4                pyh9f0ad1d_0             conda-forge
2025-02-20T05:40:38.7242500Z   mypy_extensions                1.0.0                pyha770c72_0             conda-forge
2025-02-20T05:40:38.7242850Z   nbclassic                      1.1.0                pyhd8ed1ab_0             conda-forge
2025-02-20T05:40:38.7243230Z   nbclient                       0.10.0               pyhd8ed1ab_0             conda-forge
2025-02-20T05:40:38.7243560Z   nbconvert                      7.16.4               hd8ed1ab_1               conda-forge
2025-02-20T05:40:38.7243970Z   nbconvert-core                 7.16.4               pyhd8ed1ab_1             conda-forge
2025-02-20T05:40:38.7244340Z   nbconvert-pandoc               7.16.4               hd8ed1ab_1               conda-forge
2025-02-20T05:40:38.7244720Z   nbformat                       5.10.4               pyhd8ed1ab_0             conda-forge
2025-02-20T05:40:38.7245070Z   nbsphinx                       0.9.4                pyhd8ed1ab_0             conda-forge
2025-02-20T05:40:38.7245410Z   ncurses                        6.5                  hb89a1cb_0               conda-forge
2025-02-20T05:40:38.7245810Z   nest-asyncio                   1.6.0                pyhd8ed1ab_0             conda-forge
2025-02-20T05:40:38.7246180Z   networkx                       3.3                  pyhd8ed1ab_1             conda-forge
2025-02-20T05:40:38.7246510Z   notebook                       7.2.1                pyhd8ed1ab_0             conda-forge
2025-02-20T05:40:38.7247050Z   notebook-shim                  0.2.4                pyhd8ed1ab_0             conda-forge
2025-02-20T05:40:38.7247420Z   numba                          0.59.1               py312hbaff935_0          conda-forge
2025-02-20T05:40:38.7248120Z   numexpr                        2.10.0               py312h8ae5369_0          conda-forge
2025-02-20T05:40:38.7248450Z   numpy                          1.26.4               py312h8442bc7_0          conda-forge
2025-02-20T05:40:38.7248730Z   numpydoc                       1.7.0                pyhd8ed1ab_1             conda-forge
2025-02-20T05:40:38.7249060Z   openjpeg                       2.5.2                h9f1df11_0               conda-forge
2025-02-20T05:40:38.7249390Z   openssl                        3.3.1                hfb2fe0b_0               conda-forge
2025-02-20T05:40:38.7249730Z   overrides                      7.7.0                pyhd8ed1ab_0             conda-forge
2025-02-20T05:40:38.7250070Z   packaging                      24.1                 pyhd8ed1ab_0             conda-forge
2025-02-20T05:40:38.7250360Z   pandas                         2.2.2                py312h8ae5369_1          conda-forge
2025-02-20T05:40:38.7250640Z   pandoc                         3.2                  hce30654_0               conda-forge
2025-02-20T05:40:38.7250980Z   pandocfilters                  1.5.0                pyhd8ed1ab_0             conda-forge
2025-02-20T05:40:38.7251270Z   pango                          1.54.0               h5cb9fbc_0               conda-forge
2025-02-20T05:40:38.7251550Z   parso                          0.8.4                pyhd8ed1ab_0             conda-forge
2025-02-20T05:40:38.7251960Z   pathspec                       0.12.1               pyhd8ed1ab_0             conda-forge
2025-02-20T05:40:38.7252250Z   pbr                            6.0.0                pyhd8ed1ab_0             conda-forge
2025-02-20T05:40:38.7252820Z   pcre2                          10.44                h297a79d_0               conda-forge
2025-02-20T05:40:38.7253150Z   pexpect                        4.9.0                pyhd8ed1ab_0             conda-forge
2025-02-20T05:40:38.7253460Z   pickleshare                    0.7.5                py_1003                  conda-forge
2025-02-20T05:40:38.7253860Z   pillow                         10.3.0               py312h39b1d8d_1          conda-forge
2025-02-20T05:40:38.7254150Z   pip                            24.0                 pyhd8ed1ab_0             conda-forge
2025-02-20T05:40:38.7254440Z   pixman                         0.43.4               hebf3989_0               conda-forge
2025-02-20T05:40:38.7254760Z   pkgutil-resolve-name           1.3.10               pyhd8ed1ab_1             conda-forge
2025-02-20T05:40:38.7255100Z   platformdirs                   4.2.2                pyhd8ed1ab_0             conda-forge
2025-02-20T05:40:38.7255400Z   plotly                         5.22.0               pyhd8ed1ab_0             conda-forge
2025-02-20T05:40:38.7255680Z   pluggy                         1.5.0                pyhd8ed1ab_0             conda-forge
2025-02-20T05:40:38.7255980Z   prometheus_client              0.20.0               pyhd8ed1ab_0             conda-forge
2025-02-20T05:40:38.7256310Z   prompt-toolkit                 3.0.47               pyha770c72_0             conda-forge
2025-02-20T05:40:38.7256610Z   psutil                         5.9.8                py312he37b823_0          conda-forge
2025-02-20T05:40:38.7256920Z   pthread-stubs                  0.4                  h27ca646_1001            conda-forge
2025-02-20T05:40:38.7257220Z   ptyprocess                     0.7.0                pyhd3deb0d_0             conda-forge
2025-02-20T05:40:38.7257530Z   pure_eval                      0.2.2                pyhd8ed1ab_0             conda-forge
2025-02-20T05:40:38.7257830Z   py-cpuinfo                     9.0.0                pyhd8ed1ab_0             conda-forge
2025-02-20T05:40:38.7258240Z   pybtex                         0.24.0               pyhd8ed1ab_2             conda-forge
2025-02-20T05:40:38.7258620Z   pybtex-docutils                1.0.3                py312h81bd7bf_1          conda-forge
2025-02-20T05:40:38.7259020Z   pycparser                      2.22                 pyhd8ed1ab_0             conda-forge
2025-02-20T05:40:38.7259610Z   pyerfa                         2.0.1.4              py312hbebd99a_1          conda-forge
2025-02-20T05:40:38.7267850Z   pygments                       2.18.0               pyhd8ed1ab_0             conda-forge
2025-02-20T05:40:38.7268200Z   pygraphviz                     1.13                 py312h5f4d302_1          conda-forge
2025-02-20T05:40:38.7268500Z   pyobjc-core                    10.3.1               py312hbb55c70_0          conda-forge
2025-02-20T05:40:38.7268860Z   pyobjc-framework-cocoa         10.3.1               py312hbb55c70_0          conda-forge
2025-02-20T05:40:38.7269180Z   pyparsing                      3.1.2                pyhd8ed1ab_0             conda-forge
2025-02-20T05:40:38.7269480Z   pysocks                        1.7.1                pyha2e5f31_6             conda-forge
2025-02-20T05:40:38.7269760Z   pytables                       3.9.2                py312hb622ae1_2          conda-forge
2025-02-20T05:40:38.7270050Z   pytest                         8.2.2                pyhd8ed1ab_0             conda-forge
2025-02-20T05:40:38.7270350Z   pytest-cov                     5.0.0                pyhd8ed1ab_0             conda-forge
2025-02-20T05:40:38.7270670Z   pytest-doctestplus             1.2.1                pyhd8ed1ab_0             conda-forge
2025-02-20T05:40:38.7270990Z   pytest-html                    4.1.1                pyhd8ed1ab_0             conda-forge
2025-02-20T05:40:38.7271660Z   pytest-metadata                3.1.1                pyhd8ed1ab_0             conda-forge
2025-02-20T05:40:38.7272000Z   python                         3.12.4               h30c5eda_0_cpython       conda-forge
2025-02-20T05:40:38.7272300Z   python-dateutil                2.9.0                pyhd8ed1ab_0             conda-forge
2025-02-20T05:40:38.7272640Z   python-fastjsonschema          2.20.0               pyhd8ed1ab_0             conda-forge
2025-02-20T05:40:38.7272990Z   python-json-logger             2.0.7                pyhd8ed1ab_0             conda-forge
2025-02-20T05:40:38.7273330Z   python-tzdata                  2024.1               pyhd8ed1ab_0             conda-forge
2025-02-20T05:40:38.7273630Z   python_abi                     3.12                 4_cp312                  conda-forge
2025-02-20T05:40:38.7273940Z   pytz                           2024.1               pyhd8ed1ab_0             conda-forge
2025-02-20T05:40:38.7274240Z   pyyaml                         6.0.1                py312h02f2b3b_1          conda-forge
2025-02-20T05:40:38.7274550Z   pyzmq                          26.0.3               py312hfa13136_0          conda-forge
2025-02-20T05:40:38.7274850Z   qgrid                          1.3.1                pyhd8ed1ab_4             conda-forge
2025-02-20T05:40:38.7275160Z   radioactivedecay               0.5.1                pyhd8ed1ab_0             conda-forge
2025-02-20T05:40:38.7275470Z   readline                       8.2                  h92ec313_1               conda-forge
2025-02-20T05:40:38.7275770Z   recommonmark                   0.7.1                pyhd8ed1ab_0             conda-forge
2025-02-20T05:40:38.7276100Z   referencing                    0.35.1               pyhd8ed1ab_0             conda-forge
2025-02-20T05:40:38.7276470Z   requests                       2.32.3               pyhd8ed1ab_0             conda-forge
2025-02-20T05:40:38.7276820Z   rfc3339-validator              0.1.4                pyhd8ed1ab_0             conda-forge
2025-02-20T05:40:38.7277180Z   rfc3986-validator              0.1.1                pyh9f0ad1d_0             conda-forge
2025-02-20T05:40:38.7277480Z   rpds-py                        0.18.1               py312h552d48e_0          conda-forge
2025-02-20T05:40:38.7277760Z   ruff                           0.4.9                py312h3402d49_0          conda-forge
2025-02-20T05:40:38.7278030Z   scipy                          1.13.1               py312h14ffa8f_0          conda-forge
2025-02-20T05:40:38.7278320Z   send2trash                     1.8.3                pyh31c8845_0             conda-forge
2025-02-20T05:40:38.7278800Z   setuptools                     70.0.0               pyhd8ed1ab_0             conda-forge
2025-02-20T05:40:38.7279110Z   setuptools-scm                 8.1.0                pyhd8ed1ab_0             conda-forge
2025-02-20T05:40:38.7279420Z   setuptools_scm                 8.1.0                hd8ed1ab_0               conda-forge
2025-02-20T05:40:38.7279720Z   six                            1.16.0               pyh6c4a22f_0             conda-forge
2025-02-20T05:40:38.7280010Z   snakeviz                       2.2.0                pyhd8ed1ab_0             conda-forge
2025-02-20T05:40:38.7280290Z   snappy                         1.2.0                hd04f947_1               conda-forge
2025-02-20T05:40:38.7280620Z   sniffio                        1.3.1                pyhd8ed1ab_0             conda-forge
2025-02-20T05:40:38.7280950Z   snowballstemmer                2.2.0                pyhd8ed1ab_0             conda-forge
2025-02-20T05:40:38.7281270Z   soupsieve                      2.5                  pyhd8ed1ab_1             conda-forge
2025-02-20T05:40:38.7281590Z   sphinx                         7.3.7                pyhd8ed1ab_0             conda-forge
2025-02-20T05:40:38.7281920Z   sphinx-astropy                 1.9.1                pyhd8ed1ab_0             conda-forge
2025-02-20T05:40:38.7282280Z   sphinx-automodapi              0.17.0               pyh717bed2_1             conda-forge
2025-02-20T05:40:38.7282860Z   sphinx-gallery                 0.16.0               pyhd8ed1ab_0             conda-forge
2025-02-20T05:40:38.7283230Z   sphinx-jsonschema              1.19.1               pyhd8ed1ab_0             conda-forge
2025-02-20T05:40:38.7283610Z   sphinx_bootstrap_theme         0.8.1                pyhd8ed1ab_0             conda-forge
2025-02-20T05:40:38.7283970Z   sphinx_rtd_theme               2.0.0                pyha770c72_0             conda-forge
2025-02-20T05:40:38.7284340Z   sphinxcontrib-apidoc           0.3.0                py_1                     conda-forge
2025-02-20T05:40:38.7284710Z   sphinxcontrib-applehelp        1.0.8                pyhd8ed1ab_0             conda-forge
2025-02-20T05:40:38.7285090Z   sphinxcontrib-bibtex           2.6.2                pyhd8ed1ab_0             conda-forge
2025-02-20T05:40:38.7285470Z   sphinxcontrib-devhelp          1.0.6                pyhd8ed1ab_0             conda-forge
2025-02-20T05:40:38.7285830Z   sphinxcontrib-htmlhelp         2.0.5                pyhd8ed1ab_0             conda-forge
2025-02-20T05:40:38.7286190Z   sphinxcontrib-jquery           4.1                  pyhd8ed1ab_0             conda-forge
2025-02-20T05:40:38.7286550Z   sphinxcontrib-jsmath           1.0.1                pyhd8ed1ab_0             conda-forge
2025-02-20T05:40:38.7286890Z   sphinxcontrib-qthelp           1.0.7                pyhd8ed1ab_0             conda-forge
2025-02-20T05:40:38.7287280Z   sphinxcontrib-serializinghtml  1.1.10               pyhd8ed1ab_0             conda-forge
2025-02-20T05:40:38.7287630Z   stack_data                     0.6.2                pyhd8ed1ab_0             conda-forge
2025-02-20T05:40:38.7287920Z   sympy                          1.12.1               pypyh2585a3b_103         conda-forge
2025-02-20T05:40:38.7288200Z   tabulate                       0.9.0                pyhd8ed1ab_1             conda-forge
2025-02-20T05:40:38.7288490Z   tenacity                       8.4.1                pyhd8ed1ab_0             conda-forge
2025-02-20T05:40:38.7288780Z   terminado                      0.18.1               pyh31c8845_0             conda-forge
2025-02-20T05:40:38.7289070Z   tinycss2                       1.3.0                pyhd8ed1ab_0             conda-forge
2025-02-20T05:40:38.7289340Z   tk                             8.6.13               h5083fa2_1               conda-forge
2025-02-20T05:40:38.7289610Z   toml                           0.10.2               pyhd8ed1ab_0             conda-forge
2025-02-20T05:40:38.7289880Z   tomli                          2.0.1                pyhd8ed1ab_0             conda-forge
2025-02-20T05:40:38.7290310Z   tornado                        6.4.1                py312h7e5086c_0          conda-forge
2025-02-20T05:40:38.7290590Z   tqdm                           4.66.4               pyhd8ed1ab_0             conda-forge
2025-02-20T05:40:38.7290870Z   traitlets                      5.14.3               pyhd8ed1ab_0             conda-forge
2025-02-20T05:40:38.7291160Z   typed-ast                      1.5.5                py312h02f2b3b_1          conda-forge
2025-02-20T05:40:38.7291500Z   types-python-dateutil          2.9.0.20240316       pyhd8ed1ab_0             conda-forge
2025-02-20T05:40:38.7291860Z   typing-extensions              4.12.2               hd8ed1ab_0               conda-forge
2025-02-20T05:40:38.7292190Z   typing_extensions              4.12.2               pyha770c72_0             conda-forge
2025-02-20T05:40:38.7292500Z   typing_utils                   0.1.0                pyhd8ed1ab_0             conda-forge
2025-02-20T05:40:38.7292800Z   tzdata                         2024a                h0c530f3_0               conda-forge
2025-02-20T05:40:38.7293100Z   uri-template                   1.3.0                pyhd8ed1ab_0             conda-forge
2025-02-20T05:40:38.7293400Z   urllib3                        2.2.2                pyhd8ed1ab_0             conda-forge
2025-02-20T05:40:38.7293770Z   wcwidth                        0.2.13               pyhd8ed1ab_0             conda-forge
2025-02-20T05:40:38.7294060Z   webcolors                      24.6.0               pyhd8ed1ab_0             conda-forge
2025-02-20T05:40:38.7294510Z   webencodings                   0.5.1                pyhd8ed1ab_2             conda-forge
2025-02-20T05:40:38.7294840Z   websocket-client               1.8.0                pyhd8ed1ab_0             conda-forge
2025-02-20T05:40:38.7295150Z   wheel                          0.43.0               pyhd8ed1ab_1             conda-forge
2025-02-20T05:40:38.7295460Z   widgetsnbextension             3.6.6                pyhd8ed1ab_0             conda-forge
2025-02-20T05:40:38.7295790Z   xorg-libxau                    1.0.11               hb547adb_0               conda-forge
2025-02-20T05:40:38.7296100Z   xorg-libxdmcp                  1.1.3                h27ca646_0               conda-forge
2025-02-20T05:40:38.7296390Z   xz                             5.2.6                h57fd34a_0               conda-forge
2025-02-20T05:40:38.7296670Z   yaml                           0.2.5                h3422bc3_2               conda-forge
2025-02-20T05:40:38.7296940Z   zeromq                         4.3.5                hcc0f68c_4               conda-forge
2025-02-20T05:40:38.7297220Z   zipp                           3.19.2               pyhd8ed1ab_0             conda-forge
2025-02-20T05:40:38.7297490Z   zlib                           1.3.1                hfb2fe0b_1               conda-forge
2025-02-20T05:40:38.7297760Z   zlib-ng                        2.0.7                h1a8c8d9_0               conda-forge
2025-02-20T05:40:38.7298060Z   zstd                           1.5.6                hb46c0d2_0               conda-forge
2025-02-20T05:40:38.7298630Z ##[endgroup]
2025-02-20T05:40:38.7383640Z ##[group]Run pip install -e . --user
2025-02-20T05:40:38.7383970Z [36;1mpip install -e . --user[0m
2025-02-20T05:40:39.0390040Z shell: /bin/bash -l {0}
2025-02-20T05:40:39.0390250Z env:
2025-02-20T05:40:39.0390390Z   CACHE_NUMBER: 0
2025-02-20T05:40:39.0390920Z   PYTEST_FLAGS: --tardis-regression-data=/Users/runner/work/tardis/tardis/tardis-regression-data --cov=tardis --cov-report=xml --cov-report=html --cov-append
2025-02-20T05:40:39.0391440Z   CODECOV_TOKEN: 
2025-02-20T05:40:39.0391630Z   MAMBA_ROOT_PREFIX: /Users/runner/micromamba
2025-02-20T05:40:39.0391910Z   MAMBA_EXE: /Users/runner/micromamba-bin/micromamba
2025-02-20T05:40:39.0392230Z   CONDARC: /Users/runner/work/_temp/setup-micromamba/.condarc
2025-02-20T05:40:39.0392480Z ##[endgroup]
2025-02-20T05:40:40.4332090Z Obtaining file:///Users/runner/work/tardis/tardis
2025-02-20T05:40:40.4355880Z   Installing build dependencies: started
2025-02-20T05:40:43.6615870Z   Installing build dependencies: finished with status 'done'
2025-02-20T05:40:43.6692920Z   Checking if build backend supports build_editable: started
2025-02-20T05:40:43.8006060Z   Checking if build backend supports build_editable: finished with status 'done'
2025-02-20T05:40:43.8036790Z   Getting requirements to build editable: started
2025-02-20T05:40:44.3219500Z   Getting requirements to build editable: finished with status 'done'
2025-02-20T05:40:44.3230080Z   Preparing editable metadata (pyproject.toml): started
2025-02-20T05:40:44.8054500Z   Preparing editable metadata (pyproject.toml): finished with status 'done'
2025-02-20T05:40:44.8480260Z Requirement already satisfied: astropy in /Users/runner/micromamba/envs/tardis/lib/python3.12/site-packages (from tardis==0.0.0) (6.1.1)
2025-02-20T05:40:44.8736830Z Requirement already satisfied: numpy>=1.23 in /Users/runner/micromamba/envs/tardis/lib/python3.12/site-packages (from astropy->tardis==0.0.0) (1.26.4)
2025-02-20T05:40:44.8743000Z Requirement already satisfied: pyerfa>=2.0.1.1 in /Users/runner/micromamba/envs/tardis/lib/python3.12/site-packages (from astropy->tardis==0.0.0) (2.0.1.4)
2025-02-20T05:40:44.8749280Z Requirement already satisfied: astropy-iers-data>=0.2024.5.27.0.30.8 in /Users/runner/micromamba/envs/tardis/lib/python3.12/site-packages (from astropy->tardis==0.0.0) (0.2024.6.17.0.31.35)
2025-02-20T05:40:44.8753970Z Requirement already satisfied: PyYAML>=3.13 in /Users/runner/micromamba/envs/tardis/lib/python3.12/site-packages (from astropy->tardis==0.0.0) (6.0.1)
2025-02-20T05:40:44.8759450Z Requirement already satisfied: packaging>=19.0 in /Users/runner/micromamba/envs/tardis/lib/python3.12/site-packages (from astropy->tardis==0.0.0) (24.1)
2025-02-20T05:40:44.8810920Z Building wheels for collected packages: tardis
2025-02-20T05:40:44.8827040Z   Building editable for tardis (pyproject.toml): started
2025-02-20T05:40:45.6121740Z   Building editable for tardis (pyproject.toml): finished with status 'done'
2025-02-20T05:40:45.6129120Z   Created wheel for tardis: filename=tardis-0.0.0-0.editable-py3-none-any.whl size=8877 sha256=cf5c8797fbebf9e43913e308f3ae58f06a45fbd6b94dd701e59793b3f11cbd72
2025-02-20T05:40:45.6130030Z   Stored in directory: /private/var/folders/2s/h6hvv9ps03xgz_krkkstvq_r0000gn/T/pip-ephem-wheel-cache-tlih8a4h/wheels/bb/4f/6a/0829b918c1c10bc28535ce7f14be21eee54375bdd9cd0c306a
2025-02-20T05:40:45.6151880Z Successfully built tardis
2025-02-20T05:40:46.3404860Z Installing collected packages: tardis
2025-02-20T05:40:46.3509670Z Successfully installed tardis-0.0.0
2025-02-20T05:40:46.6158900Z ##[group]Run pip install qgridnext
2025-02-20T05:40:46.6159140Z [36;1mpip install qgridnext[0m
2025-02-20T05:40:46.6227770Z shell: /bin/bash -l {0}
2025-02-20T05:40:46.6227970Z env:
2025-02-20T05:40:46.6228140Z   CACHE_NUMBER: 0
2025-02-20T05:40:46.6228680Z   PYTEST_FLAGS: --tardis-regression-data=/Users/runner/work/tardis/tardis/tardis-regression-data --cov=tardis --cov-report=xml --cov-report=html --cov-append
2025-02-20T05:40:46.6229200Z   CODECOV_TOKEN: 
2025-02-20T05:40:46.6229390Z   MAMBA_ROOT_PREFIX: /Users/runner/micromamba
2025-02-20T05:40:46.6229650Z   MAMBA_EXE: /Users/runner/micromamba-bin/micromamba
2025-02-20T05:40:46.6229980Z   CONDARC: /Users/runner/work/_temp/setup-micromamba/.condarc
2025-02-20T05:40:46.6230240Z ##[endgroup]
2025-02-20T05:40:47.3730320Z Collecting qgridnext
2025-02-20T05:40:47.4132790Z   Downloading qgridnext-2.0.4-py3-none-any.whl.metadata (9.9 kB)
2025-02-20T05:40:47.4396450Z Requirement already satisfied: pandas>=0.20.0 in /Users/runner/micromamba/envs/tardis/lib/python3.12/site-packages (from qgridnext) (2.2.2)
2025-02-20T05:40:47.4401830Z Requirement already satisfied: ipywidgets>=7.0.0 in /Users/runner/micromamba/envs/tardis/lib/python3.12/site-packages (from qgridnext) (7.8.0)
2025-02-20T05:40:47.4408230Z Requirement already satisfied: numpy in /Users/runner/micromamba/envs/tardis/lib/python3.12/site-packages (from qgridnext) (1.26.4)
2025-02-20T05:40:47.4415410Z Requirement already satisfied: traitlets in /Users/runner/micromamba/envs/tardis/lib/python3.12/site-packages (from qgridnext) (5.14.3)
2025-02-20T05:40:47.4474520Z Requirement already satisfied: comm>=0.1.3 in /Users/runner/micromamba/envs/tardis/lib/python3.12/site-packages (from ipywidgets>=7.0.0->qgridnext) (0.2.2)
2025-02-20T05:40:47.4479040Z Requirement already satisfied: ipython-genutils~=0.2.0 in /Users/runner/micromamba/envs/tardis/lib/python3.12/site-packages (from ipywidgets>=7.0.0->qgridnext) (0.2.0)
2025-02-20T05:40:47.4503520Z Requirement already satisfied: widgetsnbextension~=3.6.5 in /Users/runner/micromamba/envs/tardis/lib/python3.12/site-packages (from ipywidgets>=7.0.0->qgridnext) (3.6.6)
2025-02-20T05:40:47.4522710Z Requirement already satisfied: ipython>=4.0.0 in /Users/runner/micromamba/envs/tardis/lib/python3.12/site-packages (from ipywidgets>=7.0.0->qgridnext) (8.25.0)
2025-02-20T05:40:47.4532980Z Requirement already satisfied: jupyterlab-widgets<3,>=1.0.0 in /Users/runner/micromamba/envs/tardis/lib/python3.12/site-packages (from ipywidgets>=7.0.0->qgridnext) (1.1.7)
2025-02-20T05:40:47.4889600Z Requirement already satisfied: python-dateutil>=2.8.2 in /Users/runner/micromamba/envs/tardis/lib/python3.12/site-packages (from pandas>=0.20.0->qgridnext) (2.9.0)
2025-02-20T05:40:47.4899140Z Requirement already satisfied: pytz>=2020.1 in /Users/runner/micromamba/envs/tardis/lib/python3.12/site-packages (from pandas>=0.20.0->qgridnext) (2024.1)
2025-02-20T05:40:47.4904950Z Requirement already satisfied: tzdata>=2022.7 in /Users/runner/micromamba/envs/tardis/lib/python3.12/site-packages (from pandas>=0.20.0->qgridnext) (2024.1)
2025-02-20T05:40:47.5165090Z Requirement already satisfied: decorator in /Users/runner/micromamba/envs/tardis/lib/python3.12/site-packages (from ipython>=4.0.0->ipywidgets>=7.0.0->qgridnext) (5.1.1)
2025-02-20T05:40:47.5178900Z Requirement already satisfied: jedi>=0.16 in /Users/runner/micromamba/envs/tardis/lib/python3.12/site-packages (from ipython>=4.0.0->ipywidgets>=7.0.0->qgridnext) (0.19.1)
2025-02-20T05:40:47.5184070Z Requirement already satisfied: matplotlib-inline in /Users/runner/micromamba/envs/tardis/lib/python3.12/site-packages (from ipython>=4.0.0->ipywidgets>=7.0.0->qgridnext) (0.1.7)
2025-02-20T05:40:47.5190960Z Requirement already satisfied: prompt-toolkit<3.1.0,>=3.0.41 in /Users/runner/micromamba/envs/tardis/lib/python3.12/site-packages (from ipython>=4.0.0->ipywidgets>=7.0.0->qgridnext) (3.0.47)
2025-02-20T05:40:47.5197480Z Requirement already satisfied: pygments>=2.4.0 in /Users/runner/micromamba/envs/tardis/lib/python3.12/site-packages (from ipython>=4.0.0->ipywidgets>=7.0.0->qgridnext) (2.18.0)
2025-02-20T05:40:47.5202340Z Requirement already satisfied: stack-data in /Users/runner/micromamba/envs/tardis/lib/python3.12/site-packages (from ipython>=4.0.0->ipywidgets>=7.0.0->qgridnext) (0.6.2)
2025-02-20T05:40:47.5215810Z Requirement already satisfied: pexpect>4.3 in /Users/runner/micromamba/envs/tardis/lib/python3.12/site-packages (from ipython>=4.0.0->ipywidgets>=7.0.0->qgridnext) (4.9.0)
2025-02-20T05:40:47.5246440Z Requirement already satisfied: six>=1.5 in /Users/runner/micromamba/envs/tardis/lib/python3.12/site-packages (from python-dateutil>=2.8.2->pandas>=0.20.0->qgridnext) (1.16.0)
2025-02-20T05:40:47.5303100Z Requirement already satisfied: notebook>=4.4.1 in /Users/runner/micromamba/envs/tardis/lib/python3.12/site-packages (from widgetsnbextension~=3.6.5->ipywidgets>=7.0.0->qgridnext) (7.2.1)
2025-02-20T05:40:47.5600940Z Requirement already satisfied: parso<0.9.0,>=0.8.3 in /Users/runner/micromamba/envs/tardis/lib/python3.12/site-packages (from jedi>=0.16->ipython>=4.0.0->ipywidgets>=7.0.0->qgridnext) (0.8.4)
2025-02-20T05:40:47.5703920Z Requirement already satisfied: jupyter-server<3,>=2.4.0 in /Users/runner/micromamba/envs/tardis/lib/python3.12/site-packages (from notebook>=4.4.1->widgetsnbextension~=3.6.5->ipywidgets>=7.0.0->qgridnext) (2.14.1)
2025-02-20T05:40:47.5807690Z Requirement already satisfied: jupyterlab-server<3,>=2.27.1 in /Users/runner/micromamba/envs/tardis/lib/python3.12/site-packages (from notebook>=4.4.1->widgetsnbextension~=3.6.5->ipywidgets>=7.0.0->qgridnext) (2.27.2)
2025-02-20T05:40:47.5910140Z Requirement already satisfied: jupyterlab<4.3,>=4.2.0 in /Users/runner/micromamba/envs/tardis/lib/python3.12/site-packages (from notebook>=4.4.1->widgetsnbextension~=3.6.5->ipywidgets>=7.0.0->qgridnext) (4.2.2)
2025-02-20T05:40:47.6012170Z Requirement already satisfied: notebook-shim<0.3,>=0.2 in /Users/runner/micromamba/envs/tardis/lib/python3.12/site-packages (from notebook>=4.4.1->widgetsnbextension~=3.6.5->ipywidgets>=7.0.0->qgridnext) (0.2.4)
2025-02-20T05:40:47.6112440Z Requirement already satisfied: tornado>=6.2.0 in /Users/runner/micromamba/envs/tardis/lib/python3.12/site-packages (from notebook>=4.4.1->widgetsnbextension~=3.6.5->ipywidgets>=7.0.0->qgridnext) (6.4.1)
2025-02-20T05:40:47.6212840Z Requirement already satisfied: ptyprocess>=0.5 in /Users/runner/micromamba/envs/tardis/lib/python3.12/site-packages (from pexpect>4.3->ipython>=4.0.0->ipywidgets>=7.0.0->qgridnext) (0.7.0)
2025-02-20T05:40:47.6316320Z Requirement already satisfied: wcwidth in /Users/runner/micromamba/envs/tardis/lib/python3.12/site-packages (from prompt-toolkit<3.1.0,>=3.0.41->ipython>=4.0.0->ipywidgets>=7.0.0->qgridnext) (0.2.13)
2025-02-20T05:40:47.6415620Z Requirement already satisfied: executing>=1.2.0 in /Users/runner/micromamba/envs/tardis/lib/python3.12/site-packages (from stack-data->ipython>=4.0.0->ipywidgets>=7.0.0->qgridnext) (2.0.1)
2025-02-20T05:40:47.6517000Z Requirement already satisfied: asttokens>=2.1.0 in /Users/runner/micromamba/envs/tardis/lib/python3.12/site-packages (from stack-data->ipython>=4.0.0->ipywidgets>=7.0.0->qgridnext) (2.4.1)
2025-02-20T05:40:47.6618530Z Requirement already satisfied: pure-eval in /Users/runner/micromamba/envs/tardis/lib/python3.12/site-packages (from stack-data->ipython>=4.0.0->ipywidgets>=7.0.0->qgridnext) (0.2.2)
2025-02-20T05:40:47.6721040Z Requirement already satisfied: anyio>=3.1.0 in /Users/runner/micromamba/envs/tardis/lib/python3.12/site-packages (from jupyter-server<3,>=2.4.0->notebook>=4.4.1->widgetsnbextension~=3.6.5->ipywidgets>=7.0.0->qgridnext) (4.4.0)
2025-02-20T05:40:47.6820580Z Requirement already satisfied: argon2-cffi>=21.1 in /Users/runner/micromamba/envs/tardis/lib/python3.12/site-packages (from jupyter-server<3,>=2.4.0->notebook>=4.4.1->widgetsnbextension~=3.6.5->ipywidgets>=7.0.0->qgridnext) (23.1.0)
2025-02-20T05:40:47.6921250Z Requirement already satisfied: jinja2>=3.0.3 in /Users/runner/micromamba/envs/tardis/lib/python3.12/site-packages (from jupyter-server<3,>=2.4.0->notebook>=4.4.1->widgetsnbextension~=3.6.5->ipywidgets>=7.0.0->qgridnext) (3.1.4)
2025-02-20T05:40:47.7021630Z Requirement already satisfied: jupyter-client>=7.4.4 in /Users/runner/micromamba/envs/tardis/lib/python3.12/site-packages (from jupyter-server<3,>=2.4.0->notebook>=4.4.1->widgetsnbextension~=3.6.5->ipywidgets>=7.0.0->qgridnext) (8.6.2)
2025-02-20T05:40:47.7125240Z Requirement already satisfied: jupyter-core!=5.0.*,>=4.12 in /Users/runner/micromamba/envs/tardis/lib/python3.12/site-packages (from jupyter-server<3,>=2.4.0->notebook>=4.4.1->widgetsnbextension~=3.6.5->ipywidgets>=7.0.0->qgridnext) (5.7.2)
2025-02-20T05:40:47.7227690Z Requirement already satisfied: jupyter-events>=0.9.0 in /Users/runner/micromamba/envs/tardis/lib/python3.12/site-packages (from jupyter-server<3,>=2.4.0->notebook>=4.4.1->widgetsnbextension~=3.6.5->ipywidgets>=7.0.0->qgridnext) (0.10.0)
2025-02-20T05:40:47.7329400Z Requirement already satisfied: jupyter-server-terminals>=0.4.4 in /Users/runner/micromamba/envs/tardis/lib/python3.12/site-packages (from jupyter-server<3,>=2.4.0->notebook>=4.4.1->widgetsnbextension~=3.6.5->ipywidgets>=7.0.0->qgridnext) (0.5.3)
2025-02-20T05:40:47.7430340Z Requirement already satisfied: nbconvert>=6.4.4 in /Users/runner/micromamba/envs/tardis/lib/python3.12/site-packages (from jupyter-server<3,>=2.4.0->notebook>=4.4.1->widgetsnbextension~=3.6.5->ipywidgets>=7.0.0->qgridnext) (7.16.4)
2025-02-20T05:40:47.7531310Z Requirement already satisfied: nbformat>=5.3.0 in /Users/runner/micromamba/envs/tardis/lib/python3.12/site-packages (from jupyter-server<3,>=2.4.0->notebook>=4.4.1->widgetsnbextension~=3.6.5->ipywidgets>=7.0.0->qgridnext) (5.10.4)
2025-02-20T05:40:47.7632720Z Requirement already satisfied: overrides>=5.0 in /Users/runner/micromamba/envs/tardis/lib/python3.12/site-packages (from jupyter-server<3,>=2.4.0->notebook>=4.4.1->widgetsnbextension~=3.6.5->ipywidgets>=7.0.0->qgridnext) (7.7.0)
2025-02-20T05:40:47.7734870Z Requirement already satisfied: packaging>=22.0 in /Users/runner/micromamba/envs/tardis/lib/python3.12/site-packages (from jupyter-server<3,>=2.4.0->notebook>=4.4.1->widgetsnbextension~=3.6.5->ipywidgets>=7.0.0->qgridnext) (24.1)
2025-02-20T05:40:47.7833630Z Requirement already satisfied: prometheus-client>=0.9 in /Users/runner/micromamba/envs/tardis/lib/python3.12/site-packages (from jupyter-server<3,>=2.4.0->notebook>=4.4.1->widgetsnbextension~=3.6.5->ipywidgets>=7.0.0->qgridnext) (0.20.0)
2025-02-20T05:40:47.7934170Z Requirement already satisfied: pyzmq>=24 in /Users/runner/micromamba/envs/tardis/lib/python3.12/site-packages (from jupyter-server<3,>=2.4.0->notebook>=4.4.1->widgetsnbextension~=3.6.5->ipywidgets>=7.0.0->qgridnext) (26.0.3)
2025-02-20T05:40:47.8035050Z Requirement already satisfied: send2trash>=1.8.2 in /Users/runner/micromamba/envs/tardis/lib/python3.12/site-packages (from jupyter-server<3,>=2.4.0->notebook>=4.4.1->widgetsnbextension~=3.6.5->ipywidgets>=7.0.0->qgridnext) (1.8.3)
2025-02-20T05:40:47.8136640Z Requirement already satisfied: terminado>=0.8.3 in /Users/runner/micromamba/envs/tardis/lib/python3.12/site-packages (from jupyter-server<3,>=2.4.0->notebook>=4.4.1->widgetsnbextension~=3.6.5->ipywidgets>=7.0.0->qgridnext) (0.18.1)
2025-02-20T05:40:47.8236790Z Requirement already satisfied: websocket-client>=1.7 in /Users/runner/micromamba/envs/tardis/lib/python3.12/site-packages (from jupyter-server<3,>=2.4.0->notebook>=4.4.1->widgetsnbextension~=3.6.5->ipywidgets>=7.0.0->qgridnext) (1.8.0)
2025-02-20T05:40:47.8337170Z Requirement already satisfied: async-lru>=1.0.0 in /Users/runner/micromamba/envs/tardis/lib/python3.12/site-packages (from jupyterlab<4.3,>=4.2.0->notebook>=4.4.1->widgetsnbextension~=3.6.5->ipywidgets>=7.0.0->qgridnext) (2.0.4)
2025-02-20T05:40:47.8439080Z Requirement already satisfied: httpx>=0.25.0 in /Users/runner/micromamba/envs/tardis/lib/python3.12/site-packages (from jupyterlab<4.3,>=4.2.0->notebook>=4.4.1->widgetsnbextension~=3.6.5->ipywidgets>=7.0.0->qgridnext) (0.27.0)
2025-02-20T05:40:47.8541700Z Requirement already satisfied: ipykernel>=6.5.0 in /Users/runner/micromamba/envs/tardis/lib/python3.12/site-packages (from jupyterlab<4.3,>=4.2.0->notebook>=4.4.1->widgetsnbextension~=3.6.5->ipywidgets>=7.0.0->qgridnext) (6.29.4)
2025-02-20T05:40:47.8643730Z Requirement already satisfied: jupyter-lsp>=2.0.0 in /Users/runner/micromamba/envs/tardis/lib/python3.12/site-packages (from jupyterlab<4.3,>=4.2.0->notebook>=4.4.1->widgetsnbextension~=3.6.5->ipywidgets>=7.0.0->qgridnext) (2.2.5)
2025-02-20T05:40:47.8747210Z Requirement already satisfied: setuptools>=40.1.0 in /Users/runner/micromamba/envs/tardis/lib/python3.12/site-packages (from jupyterlab<4.3,>=4.2.0->notebook>=4.4.1->widgetsnbextension~=3.6.5->ipywidgets>=7.0.0->qgridnext) (70.0.0)
2025-02-20T05:40:47.8851030Z Requirement already satisfied: babel>=2.10 in /Users/runner/micromamba/envs/tardis/lib/python3.12/site-packages (from jupyterlab-server<3,>=2.27.1->notebook>=4.4.1->widgetsnbextension~=3.6.5->ipywidgets>=7.0.0->qgridnext) (2.14.0)
2025-02-20T05:40:47.8950680Z Requirement already satisfied: json5>=0.9.0 in /Users/runner/micromamba/envs/tardis/lib/python3.12/site-packages (from jupyterlab-server<3,>=2.27.1->notebook>=4.4.1->widgetsnbextension~=3.6.5->ipywidgets>=7.0.0->qgridnext) (0.9.25)
2025-02-20T05:40:47.9052640Z Requirement already satisfied: jsonschema>=4.18.0 in /Users/runner/micromamba/envs/tardis/lib/python3.12/site-packages (from jupyterlab-server<3,>=2.27.1->notebook>=4.4.1->widgetsnbextension~=3.6.5->ipywidgets>=7.0.0->qgridnext) (4.22.0)
2025-02-20T05:40:47.9154690Z Requirement already satisfied: requests>=2.31 in /Users/runner/micromamba/envs/tardis/lib/python3.12/site-packages (from jupyterlab-server<3,>=2.27.1->notebook>=4.4.1->widgetsnbextension~=3.6.5->ipywidgets>=7.0.0->qgridnext) (2.32.3)
2025-02-20T05:40:47.9263740Z Requirement already satisfied: idna>=2.8 in /Users/runner/micromamba/envs/tardis/lib/python3.12/site-packages (from anyio>=3.1.0->jupyter-server<3,>=2.4.0->notebook>=4.4.1->widgetsnbextension~=3.6.5->ipywidgets>=7.0.0->qgridnext) (3.7)
2025-02-20T05:40:47.9367400Z Requirement already satisfied: sniffio>=1.1 in /Users/runner/micromamba/envs/tardis/lib/python3.12/site-packages (from anyio>=3.1.0->jupyter-server<3,>=2.4.0->notebook>=4.4.1->widgetsnbextension~=3.6.5->ipywidgets>=7.0.0->qgridnext) (1.3.1)
2025-02-20T05:40:47.9467780Z Requirement already satisfied: argon2-cffi-bindings in /Users/runner/micromamba/envs/tardis/lib/python3.12/site-packages (from argon2-cffi>=21.1->jupyter-server<3,>=2.4.0->notebook>=4.4.1->widgetsnbextension~=3.6.5->ipywidgets>=7.0.0->qgridnext) (21.2.0)
2025-02-20T05:40:47.9570040Z Requirement already satisfied: certifi in /Users/runner/micromamba/envs/tardis/lib/python3.12/site-packages (from httpx>=0.25.0->jupyterlab<4.3,>=4.2.0->notebook>=4.4.1->widgetsnbextension~=3.6.5->ipywidgets>=7.0.0->qgridnext) (2024.6.2)
2025-02-20T05:40:47.9671970Z Requirement already satisfied: httpcore==1.* in /Users/runner/micromamba/envs/tardis/lib/python3.12/site-packages (from httpx>=0.25.0->jupyterlab<4.3,>=4.2.0->notebook>=4.4.1->widgetsnbextension~=3.6.5->ipywidgets>=7.0.0->qgridnext) (1.0.5)
2025-02-20T05:40:47.9773930Z Requirement already satisfied: h11<0.15,>=0.13 in /Users/runner/micromamba/envs/tardis/lib/python3.12/site-packages (from httpcore==1.*->httpx>=0.25.0->jupyterlab<4.3,>=4.2.0->notebook>=4.4.1->widgetsnbextension~=3.6.5->ipywidgets>=7.0.0->qgridnext) (0.14.0)
2025-02-20T05:40:47.9876050Z Requirement already satisfied: appnope in /Users/runner/micromamba/envs/tardis/lib/python3.12/site-packages (from ipykernel>=6.5.0->jupyterlab<4.3,>=4.2.0->notebook>=4.4.1->widgetsnbextension~=3.6.5->ipywidgets>=7.0.0->qgridnext) (0.1.4)
2025-02-20T05:40:48.0025080Z Requirement already satisfied: debugpy>=1.6.5 in /Users/runner/micromamba/envs/tardis/lib/python3.12/site-packages (from ipykernel>=6.5.0->jupyterlab<4.3,>=4.2.0->notebook>=4.4.1->widgetsnbextension~=3.6.5->ipywidgets>=7.0.0->qgridnext) (1.8.1)
2025-02-20T05:40:48.0129200Z Requirement already satisfied: nest-asyncio in /Users/runner/micromamba/envs/tardis/lib/python3.12/site-packages (from ipykernel>=6.5.0->jupyterlab<4.3,>=4.2.0->notebook>=4.4.1->widgetsnbextension~=3.6.5->ipywidgets>=7.0.0->qgridnext) (1.6.0)
2025-02-20T05:40:48.0233430Z Requirement already satisfied: psutil in /Users/runner/micromamba/envs/tardis/lib/python3.12/site-packages (from ipykernel>=6.5.0->jupyterlab<4.3,>=4.2.0->notebook>=4.4.1->widgetsnbextension~=3.6.5->ipywidgets>=7.0.0->qgridnext) (5.9.8)
2025-02-20T05:40:48.0337200Z Requirement already satisfied: MarkupSafe>=2.0 in /Users/runner/micromamba/envs/tardis/lib/python3.12/site-packages (from jinja2>=3.0.3->jupyter-server<3,>=2.4.0->notebook>=4.4.1->widgetsnbextension~=3.6.5->ipywidgets>=7.0.0->qgridnext) (2.1.5)
2025-02-20T05:40:48.0442990Z Requirement already satisfied: attrs>=22.2.0 in /Users/runner/micromamba/envs/tardis/lib/python3.12/site-packages (from jsonschema>=4.18.0->jupyterlab-server<3,>=2.27.1->notebook>=4.4.1->widgetsnbextension~=3.6.5->ipywidgets>=7.0.0->qgridnext) (23.2.0)
2025-02-20T05:40:48.0545150Z Requirement already satisfied: jsonschema-specifications>=2023.03.6 in /Users/runner/micromamba/envs/tardis/lib/python3.12/site-packages (from jsonschema>=4.18.0->jupyterlab-server<3,>=2.27.1->notebook>=4.4.1->widgetsnbextension~=3.6.5->ipywidgets>=7.0.0->qgridnext) (2023.12.1)
2025-02-20T05:40:48.0647430Z Requirement already satisfied: referencing>=0.28.4 in /Users/runner/micromamba/envs/tardis/lib/python3.12/site-packages (from jsonschema>=4.18.0->jupyterlab-server<3,>=2.27.1->notebook>=4.4.1->widgetsnbextension~=3.6.5->ipywidgets>=7.0.0->qgridnext) (0.35.1)
2025-02-20T05:40:48.0749810Z Requirement already satisfied: rpds-py>=0.7.1 in /Users/runner/micromamba/envs/tardis/lib/python3.12/site-packages (from jsonschema>=4.18.0->jupyterlab-server<3,>=2.27.1->notebook>=4.4.1->widgetsnbextension~=3.6.5->ipywidgets>=7.0.0->qgridnext) (0.18.1)
2025-02-20T05:40:48.0852490Z Requirement already satisfied: platformdirs>=2.5 in /Users/runner/micromamba/envs/tardis/lib/python3.12/site-packages (from jupyter-core!=5.0.*,>=4.12->jupyter-server<3,>=2.4.0->notebook>=4.4.1->widgetsnbextension~=3.6.5->ipywidgets>=7.0.0->qgridnext) (4.2.2)
2025-02-20T05:40:48.0955180Z Requirement already satisfied: python-json-logger>=2.0.4 in /Users/runner/micromamba/envs/tardis/lib/python3.12/site-packages (from jupyter-events>=0.9.0->jupyter-server<3,>=2.4.0->notebook>=4.4.1->widgetsnbextension~=3.6.5->ipywidgets>=7.0.0->qgridnext) (2.0.7)
2025-02-20T05:40:48.1057690Z Requirement already satisfied: pyyaml>=5.3 in /Users/runner/micromamba/envs/tardis/lib/python3.12/site-packages (from jupyter-events>=0.9.0->jupyter-server<3,>=2.4.0->notebook>=4.4.1->widgetsnbextension~=3.6.5->ipywidgets>=7.0.0->qgridnext) (6.0.1)
2025-02-20T05:40:48.1162970Z Requirement already satisfied: rfc3339-validator in /Users/runner/micromamba/envs/tardis/lib/python3.12/site-packages (from jupyter-events>=0.9.0->jupyter-server<3,>=2.4.0->notebook>=4.4.1->widgetsnbextension~=3.6.5->ipywidgets>=7.0.0->qgridnext) (0.1.4)
2025-02-20T05:40:48.1268770Z Requirement already satisfied: rfc3986-validator>=0.1.1 in /Users/runner/micromamba/envs/tardis/lib/python3.12/site-packages (from jupyter-events>=0.9.0->jupyter-server<3,>=2.4.0->notebook>=4.4.1->widgetsnbextension~=3.6.5->ipywidgets>=7.0.0->qgridnext) (0.1.1)
2025-02-20T05:40:48.1378030Z Requirement already satisfied: beautifulsoup4 in /Users/runner/micromamba/envs/tardis/lib/python3.12/site-packages (from nbconvert>=6.4.4->jupyter-server<3,>=2.4.0->notebook>=4.4.1->widgetsnbextension~=3.6.5->ipywidgets>=7.0.0->qgridnext) (4.12.3)
2025-02-20T05:40:48.1395350Z Requirement already satisfied: bleach!=5.0.0 in /Users/runner/micromamba/envs/tardis/lib/python3.12/site-packages (from nbconvert>=6.4.4->jupyter-server<3,>=2.4.0->notebook>=4.4.1->widgetsnbextension~=3.6.5->ipywidgets>=7.0.0->qgridnext) (6.1.0)
2025-02-20T05:40:48.1497650Z Requirement already satisfied: defusedxml in /Users/runner/micromamba/envs/tardis/lib/python3.12/site-packages (from nbconvert>=6.4.4->jupyter-server<3,>=2.4.0->notebook>=4.4.1->widgetsnbextension~=3.6.5->ipywidgets>=7.0.0->qgridnext) (0.7.1)
2025-02-20T05:40:48.1600480Z Requirement already satisfied: jupyterlab-pygments in /Users/runner/micromamba/envs/tardis/lib/python3.12/site-packages (from nbconvert>=6.4.4->jupyter-server<3,>=2.4.0->notebook>=4.4.1->widgetsnbextension~=3.6.5->ipywidgets>=7.0.0->qgridnext) (0.3.0)
2025-02-20T05:40:48.1707460Z Requirement already satisfied: mistune<4,>=2.0.3 in /Users/runner/micromamba/envs/tardis/lib/python3.12/site-packages (from nbconvert>=6.4.4->jupyter-server<3,>=2.4.0->notebook>=4.4.1->widgetsnbextension~=3.6.5->ipywidgets>=7.0.0->qgridnext) (3.0.2)
2025-02-20T05:40:48.1776480Z Requirement already satisfied: nbclient>=0.5.0 in /Users/runner/micromamba/envs/tardis/lib/python3.12/site-packages (from nbconvert>=6.4.4->jupyter-server<3,>=2.4.0->notebook>=4.4.1->widgetsnbextension~=3.6.5->ipywidgets>=7.0.0->qgridnext) (0.10.0)
2025-02-20T05:40:48.1877000Z Requirement already satisfied: pandocfilters>=1.4.1 in /Users/runner/micromamba/envs/tardis/lib/python3.12/site-packages (from nbconvert>=6.4.4->jupyter-server<3,>=2.4.0->notebook>=4.4.1->widgetsnbextension~=3.6.5->ipywidgets>=7.0.0->qgridnext) (1.5.0)
2025-02-20T05:40:48.1878970Z Requirement already satisfied: tinycss2 in /Users/runner/micromamba/envs/tardis/lib/python3.12/site-packages (from nbconvert>=6.4.4->jupyter-server<3,>=2.4.0->notebook>=4.4.1->widgetsnbextension~=3.6.5->ipywidgets>=7.0.0->qgridnext) (1.3.0)
2025-02-20T05:40:48.1880430Z Requirement already satisfied: fastjsonschema>=2.15 in /Users/runner/micromamba/envs/tardis/lib/python3.12/site-packages (from nbformat>=5.3.0->jupyter-server<3,>=2.4.0->notebook>=4.4.1->widgetsnbextension~=3.6.5->ipywidgets>=7.0.0->qgridnext) (2.20.0)
2025-02-20T05:40:48.1882330Z Requirement already satisfied: charset-normalizer<4,>=2 in /Users/runner/micromamba/envs/tardis/lib/python3.12/site-packages (from requests>=2.31->jupyterlab-server<3,>=2.27.1->notebook>=4.4.1->widgetsnbextension~=3.6.5->ipywidgets>=7.0.0->qgridnext) (3.3.2)
2025-02-20T05:40:48.1883730Z Requirement already satisfied: urllib3<3,>=1.21.1 in /Users/runner/micromamba/envs/tardis/lib/python3.12/site-packages (from requests>=2.31->jupyterlab-server<3,>=2.27.1->notebook>=4.4.1->widgetsnbextension~=3.6.5->ipywidgets>=7.0.0->qgridnext) (2.2.2)
2025-02-20T05:40:48.1885030Z Requirement already satisfied: webencodings in /Users/runner/micromamba/envs/tardis/lib/python3.12/site-packages (from bleach!=5.0.0->nbconvert>=6.4.4->jupyter-server<3,>=2.4.0->notebook>=4.4.1->widgetsnbextension~=3.6.5->ipywidgets>=7.0.0->qgridnext) (0.5.1)
2025-02-20T05:40:48.1892460Z Requirement already satisfied: fqdn in /Users/runner/micromamba/envs/tardis/lib/python3.12/site-packages (from jsonschema[format-nongpl]>=4.18.0->jupyter-events>=0.9.0->jupyter-server<3,>=2.4.0->notebook>=4.4.1->widgetsnbextension~=3.6.5->ipywidgets>=7.0.0->qgridnext) (1.5.1)
2025-02-20T05:40:48.1893960Z Requirement already satisfied: isoduration in /Users/runner/micromamba/envs/tardis/lib/python3.12/site-packages (from jsonschema[format-nongpl]>=4.18.0->jupyter-events>=0.9.0->jupyter-server<3,>=2.4.0->notebook>=4.4.1->widgetsnbextension~=3.6.5->ipywidgets>=7.0.0->qgridnext) (20.11.0)
2025-02-20T05:40:48.1895420Z Requirement already satisfied: jsonpointer>1.13 in /Users/runner/micromamba/envs/tardis/lib/python3.12/site-packages (from jsonschema[format-nongpl]>=4.18.0->jupyter-events>=0.9.0->jupyter-server<3,>=2.4.0->notebook>=4.4.1->widgetsnbextension~=3.6.5->ipywidgets>=7.0.0->qgridnext) (3.0.0)
2025-02-20T05:40:48.1896860Z Requirement already satisfied: uri-template in /Users/runner/micromamba/envs/tardis/lib/python3.12/site-packages (from jsonschema[format-nongpl]>=4.18.0->jupyter-events>=0.9.0->jupyter-server<3,>=2.4.0->notebook>=4.4.1->widgetsnbextension~=3.6.5->ipywidgets>=7.0.0->qgridnext) (1.3.0)
2025-02-20T05:40:48.1898260Z Requirement already satisfied: webcolors>=1.11 in /Users/runner/micromamba/envs/tardis/lib/python3.12/site-packages (from jsonschema[format-nongpl]>=4.18.0->jupyter-events>=0.9.0->jupyter-server<3,>=2.4.0->notebook>=4.4.1->widgetsnbextension~=3.6.5->ipywidgets>=7.0.0->qgridnext) (24.6.0)
2025-02-20T05:40:48.2338820Z Requirement already satisfied: cffi>=1.0.1 in /Users/runner/micromamba/envs/tardis/lib/python3.12/site-packages (from argon2-cffi-bindings->argon2-cffi>=21.1->jupyter-server<3,>=2.4.0->notebook>=4.4.1->widgetsnbextension~=3.6.5->ipywidgets>=7.0.0->qgridnext) (1.16.0)
2025-02-20T05:40:48.2413240Z Requirement already satisfied: soupsieve>1.2 in /Users/runner/micromamba/envs/tardis/lib/python3.12/site-packages (from beautifulsoup4->nbconvert>=6.4.4->jupyter-server<3,>=2.4.0->notebook>=4.4.1->widgetsnbextension~=3.6.5->ipywidgets>=7.0.0->qgridnext) (2.5)
2025-02-20T05:40:48.2851980Z Requirement already satisfied: pycparser in /Users/runner/micromamba/envs/tardis/lib/python3.12/site-packages (from cffi>=1.0.1->argon2-cffi-bindings->argon2-cffi>=21.1->jupyter-server<3,>=2.4.0->notebook>=4.4.1->widgetsnbextension~=3.6.5->ipywidgets>=7.0.0->qgridnext) (2.22)
2025-02-20T05:40:48.3218560Z Requirement already satisfied: arrow>=0.15.0 in /Users/runner/micromamba/envs/tardis/lib/python3.12/site-packages (from isoduration->jsonschema[format-nongpl]>=4.18.0->jupyter-events>=0.9.0->jupyter-server<3,>=2.4.0->notebook>=4.4.1->widgetsnbextension~=3.6.5->ipywidgets>=7.0.0->qgridnext) (1.3.0)
2025-02-20T05:40:48.3507470Z Requirement already satisfied: types-python-dateutil>=2.8.10 in /Users/runner/micromamba/envs/tardis/lib/python3.12/site-packages (from arrow>=0.15.0->isoduration->jsonschema[format-nongpl]>=4.18.0->jupyter-events>=0.9.0->jupyter-server<3,>=2.4.0->notebook>=4.4.1->widgetsnbextension~=3.6.5->ipywidgets>=7.0.0->qgridnext) (2.9.0.20240316)
2025-02-20T05:40:48.3938460Z Downloading qgridnext-2.0.4-py3-none-any.whl (1.3 MB)
2025-02-20T05:40:48.4642820Z    ━━━━━━━━━━━━━━━━━━━━━━━━━━━━━━━━━━━━━━━━ 1.3/1.3 MB 18.9 MB/s eta 0:00:00
2025-02-20T05:40:49.2077620Z Installing collected packages: qgridnext
2025-02-20T05:40:49.2804650Z Successfully installed qgridnext-2.0.4
2025-02-20T05:40:49.6171470Z ##[group]Run pytest tardis --tardis-regression-data=/Users/runner/work/tardis/tardis/tardis-regression-data --cov=tardis --cov-report=xml --cov-report=html --cov-append -m " continuum"
2025-02-20T05:40:49.6172470Z [36;1mpytest tardis --tardis-regression-data=/Users/runner/work/tardis/tardis/tardis-regression-data --cov=tardis --cov-report=xml --cov-report=html --cov-append -m " continuum"[0m
2025-02-20T05:40:49.6231220Z shell: /bin/bash -l {0}
2025-02-20T05:40:49.6231410Z env:
2025-02-20T05:40:49.6231550Z   CACHE_NUMBER: 0
2025-02-20T05:40:49.6232120Z   PYTEST_FLAGS: --tardis-regression-data=/Users/runner/work/tardis/tardis/tardis-regression-data --cov=tardis --cov-report=xml --cov-report=html --cov-append
2025-02-20T05:40:49.6232650Z   CODECOV_TOKEN: 
2025-02-20T05:40:49.6232840Z   MAMBA_ROOT_PREFIX: /Users/runner/micromamba
2025-02-20T05:40:49.6233120Z   MAMBA_EXE: /Users/runner/micromamba-bin/micromamba
2025-02-20T05:40:49.6233470Z   CONDARC: /Users/runner/work/_temp/setup-micromamba/.condarc
2025-02-20T05:40:49.6233720Z ##[endgroup]
2025-02-20T05:41:03.3723750Z ============================= test session starts ==============================
2025-02-20T05:41:03.3725500Z platform darwin -- Python 3.12.4, pytest-8.2.2, pluggy-1.5.0
2025-02-20T05:41:03.3726130Z rootdir: /Users/runner/work/tardis/tardis
2025-02-20T05:41:03.3726600Z configfile: pyproject.toml
2025-02-20T05:41:03.3727100Z plugins: cov-5.0.0, html-4.1.1, metadata-3.1.1, doctestplus-1.2.1, anyio-4.4.0
2025-02-20T05:41:03.3727610Z collected 1796 items / 1794 deselected / 2 selected
2025-02-20T05:41:03.3728180Z 
2025-02-20T05:42:13.7981980Z tardis/transport/montecarlo/estimators/tests/test_continuum_property_solver.py . [ 50%]
2025-02-20T05:42:13.7982710Z                                                                          [ 50%]
2025-02-20T05:42:44.7998460Z tardis/transport/montecarlo/tests/test_continuum.py .                    [100%]
2025-02-20T05:42:44.7998850Z 
2025-02-20T05:42:44.7999260Z =============================== warnings summary ===============================
2025-02-20T05:42:44.7999660Z tardis/io/configuration/config_validator.py:6
2025-02-20T05:42:44.8000030Z tardis/io/configuration/config_validator.py:6
2025-02-20T05:42:44.8000500Z   /Users/runner/work/tardis/tardis/tardis/io/configuration/config_validator.py:6: DeprecationWarning:
2025-02-20T05:42:44.8001030Z   
2025-02-20T05:42:44.8002150Z   jsonschema.RefResolver is deprecated as of v4.18.0, in favor of the https://github.com/python-jsonschema/referencing library, which provides more compliant referencing behavior as well as more flexible APIs for customization. A future release will remove RefResolver. Please file a feature request (on referencing) if you are missing an API for the kind of customization you need.
2025-02-20T05:42:44.8003460Z 
2025-02-20T05:42:44.8003750Z ../../../micromamba/envs/tardis/lib/python3.12/site-packages/jupyter_client/connect.py:22
2025-02-20T05:42:44.8004460Z   /Users/runner/micromamba/envs/tardis/lib/python3.12/site-packages/jupyter_client/connect.py:22: DeprecationWarning:
2025-02-20T05:42:44.8005070Z   
2025-02-20T05:42:44.8005350Z   Jupyter is migrating its paths to use standard platformdirs
2025-02-20T05:42:44.8005880Z   given by the platformdirs library.  To remove this warning and
2025-02-20T05:42:44.8006410Z   see the appropriate new directories, set the environment variable
2025-02-20T05:42:44.8006920Z   `JUPYTER_PLATFORM_DIRS=1` and then run `jupyter --paths`.
2025-02-20T05:42:44.8007420Z   The use of platformdirs will be the default in `jupyter_core` v6
2025-02-20T05:42:44.8008210Z 
2025-02-20T05:42:44.8015180Z tardis/transport/montecarlo/estimators/tests/test_continuum_property_solver.py::test_continuum_estimators
2025-02-20T05:42:44.8015910Z   /Users/runner/work/tardis/tardis/tardis/transport/montecarlo/montecarlo_main_loop.py:123: NumbaTypeSafetyWarning:
2025-02-20T05:42:44.8016400Z   
2025-02-20T05:42:44.8017750Z   [1m[1m[1munsafe cast from uint64 to int64. Precision may be lost.[0m[0m[0m
2025-02-20T05:42:44.8018980Z 
2025-02-20T05:42:44.8019150Z -- Docs: https://docs.pytest.org/en/stable/how-to/capture-warnings.html
2025-02-20T05:42:44.8019440Z 
2025-02-20T05:42:44.8019630Z ---------- coverage: platform darwin, python 3.12.4-final-0 ----------
2025-02-20T05:42:44.8020000Z Coverage HTML written to dir coverage_html_report
2025-02-20T05:42:44.8020360Z Coverage XML written to file coverage.xml
2025-02-20T05:42:44.8020560Z 
2025-02-20T05:42:44.8020760Z ========== 2 passed, 1794 deselected, 4 warnings in 102.92s (0:01:42) ==========
2025-02-20T05:42:46.0926800Z ##[group]Run mv .coverage .coverage.1
2025-02-20T05:42:46.0927700Z [36;1mmv .coverage .coverage.1[0m
2025-02-20T05:42:46.1133110Z shell: /bin/bash -l {0}
2025-02-20T05:42:46.1133740Z env:
2025-02-20T05:42:46.1134130Z   CACHE_NUMBER: 0
2025-02-20T05:42:46.1135630Z   PYTEST_FLAGS: --tardis-regression-data=/Users/runner/work/tardis/tardis/tardis-regression-data --cov=tardis --cov-report=xml --cov-report=html --cov-append
2025-02-20T05:42:46.1137560Z   CODECOV_TOKEN: 
2025-02-20T05:42:46.1138200Z   MAMBA_ROOT_PREFIX: /Users/runner/micromamba
2025-02-20T05:42:46.1139220Z   MAMBA_EXE: /Users/runner/micromamba-bin/micromamba
2025-02-20T05:42:46.1140280Z   CONDARC: /Users/runner/work/_temp/setup-micromamba/.condarc
2025-02-20T05:42:46.1141180Z ##[endgroup]
2025-02-20T05:42:46.3421780Z ##[group]Run actions/upload-artifact@v4
2025-02-20T05:42:46.3422180Z with:
2025-02-20T05:42:46.3422420Z   name: coverage--continuum-macos-latest
2025-02-20T05:42:46.3422670Z   include-hidden-files: true
2025-02-20T05:42:46.3422880Z   path: .coverage*
!.coveragerc

2025-02-20T05:42:46.3423170Z   if-no-files-found: warn
2025-02-20T05:42:46.3423490Z   compression-level: 6
2025-02-20T05:42:46.3423720Z   overwrite: false
2025-02-20T05:42:46.3423960Z env:
2025-02-20T05:42:46.3424140Z   CACHE_NUMBER: 0
2025-02-20T05:42:46.3424750Z   PYTEST_FLAGS: --tardis-regression-data=/Users/runner/work/tardis/tardis/tardis-regression-data --cov=tardis --cov-report=xml --cov-report=html --cov-append
2025-02-20T05:42:46.3425400Z   CODECOV_TOKEN: 
2025-02-20T05:42:46.3425640Z   MAMBA_ROOT_PREFIX: /Users/runner/micromamba
2025-02-20T05:42:46.3426070Z   MAMBA_EXE: /Users/runner/micromamba-bin/micromamba
2025-02-20T05:42:46.3426370Z   CONDARC: /Users/runner/work/_temp/setup-micromamba/.condarc
2025-02-20T05:42:46.3426880Z ##[endgroup]
2025-02-20T05:42:46.7900560Z With the provided path, there will be 2 files uploaded
2025-02-20T05:42:46.7901320Z Artifact name is valid!
2025-02-20T05:42:46.7901610Z Root directory input is valid!
2025-02-20T05:42:46.9949080Z Beginning upload of artifact content to blob storage
2025-02-20T05:42:47.2394900Z Uploaded bytes 28000
2025-02-20T05:42:47.2957730Z Finished uploading artifact content to blob storage!
2025-02-20T05:42:47.2987220Z SHA256 hash of uploaded artifact zip is 2b8487fe824934a5024a99c5199d399ac77862b3aa72cd6f91d99ffb78256dc7
2025-02-20T05:42:47.2987710Z Finalizing artifact upload
2025-02-20T05:42:47.4010580Z Artifact coverage--continuum-macos-latest.zip successfully finalized. Artifact ID 2621309198
2025-02-20T05:42:47.4011270Z Artifact coverage--continuum-macos-latest has been successfully uploaded! Final size is 28000 bytes. Artifact ID is 2621309198
2025-02-20T05:42:47.4022220Z Artifact download URL: https://github.com/tardis-sn/tardis/actions/runs/13428685909/artifacts/2621309198
2025-02-20T05:42:47.4140620Z Post job cleanup.
2025-02-20T05:42:47.4183310Z Post job cleanup.
2025-02-20T05:42:47.5775570Z Will use pre-installed micromamba at /Users/runner/micromamba-bin/micromamba
2025-02-20T05:42:47.5778060Z Removing micromamba run shell ...
2025-02-20T05:42:47.5786520Z ##[group]Deinitialize micromamba for bash
2025-02-20T05:42:47.5794450Z [command]/Users/runner/micromamba-bin/micromamba shell deinit -s bash -r /Users/runner/micromamba --log-level warning --rc-file /Users/runner/work/_temp/setup-micromamba/.condarc
2025-02-20T05:42:47.6026610Z Resetting RC file "/Users/runner/.bash_profile"
2025-02-20T05:42:47.6027900Z Deleting config for root prefix 
2025-02-20T05:42:47.6028300Z Clearing mamba executable environment variable
2025-02-20T05:42:47.6047210Z Removing the following in your "/Users/runner/.bash_profile" file
2025-02-20T05:42:47.6047610Z # >>> mamba initialize >>>
2025-02-20T05:42:47.6048900Z ...
2025-02-20T05:42:47.6049490Z # <<< mamba initialize <<<
2025-02-20T05:42:47.6092690Z Removing environment tardis from auto-activate bash ...
2025-02-20T05:42:47.6249310Z Post job cleanup.
2025-02-20T05:42:47.6298800Z Post job cleanup.
2025-02-20T05:42:47.7630480Z [command]/opt/homebrew/bin/git version
2025-02-20T05:42:47.7889120Z git version 2.48.1
2025-02-20T05:42:47.7947720Z Copying '/Users/runner/.gitconfig' to '/Users/runner/work/_temp/0175a244-2ff8-4e99-9d1a-584eec1141a8/.gitconfig'
2025-02-20T05:42:47.7948380Z Temporarily overriding HOME='/Users/runner/work/_temp/0175a244-2ff8-4e99-9d1a-584eec1141a8' before making global git config changes
2025-02-20T05:42:47.7948950Z Adding repository directory to the temporary git global config as a safe directory
2025-02-20T05:42:47.7949510Z [command]/opt/homebrew/bin/git config --global --add safe.directory /Users/runner/work/tardis/tardis/tardis-regression-data
2025-02-20T05:42:47.8044470Z [command]/opt/homebrew/bin/git config --local --name-only --get-regexp core\.sshCommand
2025-02-20T05:42:47.8102660Z [command]/opt/homebrew/bin/git submodule foreach --recursive sh -c "git config --local --name-only --get-regexp 'core\.sshCommand' && git config --local --unset-all 'core.sshCommand' || :"
2025-02-20T05:42:47.8916820Z [command]/opt/homebrew/bin/git config --local --name-only --get-regexp http\.https\:\/\/github\.com\/\.extraheader
2025-02-20T05:42:47.8947650Z http.https://github.com/.extraheader
2025-02-20T05:42:47.8955480Z [command]/opt/homebrew/bin/git config --local --unset-all http.https://github.com/.extraheader
2025-02-20T05:42:47.8998440Z [command]/opt/homebrew/bin/git submodule foreach --recursive sh -c "git config --local --name-only --get-regexp 'http\.https\:\/\/github\.com\/\.extraheader' && git config --local --unset-all 'http.https://github.com/.extraheader' || :"
2025-02-20T05:42:48.1663490Z Post job cleanup.
2025-02-20T05:42:48.3117380Z [command]/opt/homebrew/bin/git version
2025-02-20T05:42:48.3176120Z git version 2.48.1
2025-02-20T05:42:48.3202750Z Copying '/Users/runner/.gitconfig' to '/Users/runner/work/_temp/7ed7c814-72ac-4a91-a49b-d9c7fc25f0fe/.gitconfig'
2025-02-20T05:42:48.3203790Z Temporarily overriding HOME='/Users/runner/work/_temp/7ed7c814-72ac-4a91-a49b-d9c7fc25f0fe' before making global git config changes
2025-02-20T05:42:48.3206130Z Adding repository directory to the temporary git global config as a safe directory
2025-02-20T05:42:48.3217190Z [command]/opt/homebrew/bin/git config --global --add safe.directory /Users/runner/work/tardis/tardis
2025-02-20T05:42:48.3253080Z [command]/opt/homebrew/bin/git config --local --name-only --get-regexp core\.sshCommand
2025-02-20T05:42:48.3388310Z [command]/opt/homebrew/bin/git submodule foreach --recursive sh -c "git config --local --name-only --get-regexp 'core\.sshCommand' && git config --local --unset-all 'core.sshCommand' || :"
2025-02-20T05:42:48.4594870Z [command]/opt/homebrew/bin/git config --local --name-only --get-regexp http\.https\:\/\/github\.com\/\.extraheader
2025-02-20T05:42:48.4607880Z http.https://github.com/.extraheader
2025-02-20T05:42:48.4609050Z [command]/opt/homebrew/bin/git config --local --unset-all http.https://github.com/.extraheader
2025-02-20T05:42:48.4687980Z [command]/opt/homebrew/bin/git submodule foreach --recursive sh -c "git config --local --name-only --get-regexp 'http\.https\:\/\/github\.com\/\.extraheader' && git config --local --unset-all 'http.https://github.com/.extraheader' || :"
2025-02-20T05:42:48.5340650Z Cleaning up orphan processes
