2025-02-20T07:15:30.0688657Z Prepare all required actions
2025-02-20T07:15:30.0689194Z Getting action download info
2025-02-20T07:15:30.3051445Z ##[group]Download immutable action package 'actions/cache@v4'
2025-02-20T07:15:30.3051886Z Version: 4.2.1
2025-02-20T07:15:30.3052250Z Digest: sha256:b0404c9628d43aa6855629075b28f32cadf8efc5c26198438149f78500112940
2025-02-20T07:15:30.3052739Z Source commit SHA: 0c907a75c2c80ebcb7f088228285e798b750cf8f
2025-02-20T07:15:30.3053068Z ##[endgroup]
2025-02-20T07:15:30.6166325Z ##[group]Run ./.github/actions/setup_lfs
2025-02-20T07:15:30.6166844Z with:
2025-02-20T07:15:30.6167107Z   regression-data-repo: tardis-sn/tardis-regression-data
2025-02-20T07:15:30.6167434Z   atom-data-sparse: false
2025-02-20T07:15:30.6167645Z env:
2025-02-20T07:15:30.6167811Z   CACHE_NUMBER: 0
2025-02-20T07:15:30.6168430Z   PYTEST_FLAGS: --tardis-regression-data=/home/runner/work/tardis/tardis/tardis-regression-data --cov=tardis --cov-report=xml --cov-report=html --cov-append
2025-02-20T07:15:30.6169079Z   CODECOV_TOKEN: 
2025-02-20T07:15:30.6169316Z ##[endgroup]
2025-02-20T07:15:30.6308473Z ##[group]Run actions/checkout@v4
2025-02-20T07:15:30.6308754Z with:
2025-02-20T07:15:30.6308972Z   repository: tardis-sn/tardis-regression-data
2025-02-20T07:15:30.6309270Z   path: tardis-regression-data
2025-02-20T07:15:30.6309494Z   lfs: false
2025-02-20T07:15:30.6309782Z   token: ***
2025-02-20T07:15:30.6309966Z   ssh-strict: true
2025-02-20T07:15:30.6310155Z   ssh-user: git
2025-02-20T07:15:30.6310352Z   persist-credentials: true
2025-02-20T07:15:30.6310561Z   clean: true
2025-02-20T07:15:30.6310758Z   sparse-checkout-cone-mode: true
2025-02-20T07:15:30.6310995Z   fetch-depth: 1
2025-02-20T07:15:30.6311187Z   fetch-tags: false
2025-02-20T07:15:30.6311381Z   show-progress: true
2025-02-20T07:15:30.6311582Z   submodules: false
2025-02-20T07:15:30.6311785Z   set-safe-directory: true
2025-02-20T07:15:30.6311996Z env:
2025-02-20T07:15:30.6312162Z   CACHE_NUMBER: 0
2025-02-20T07:15:30.6312751Z   PYTEST_FLAGS: --tardis-regression-data=/home/runner/work/tardis/tardis/tardis-regression-data --cov=tardis --cov-report=xml --cov-report=html --cov-append
2025-02-20T07:15:30.6313395Z   CODECOV_TOKEN: 
2025-02-20T07:15:30.6313579Z ##[endgroup]
2025-02-20T07:15:30.7224676Z Syncing repository: tardis-sn/tardis-regression-data
2025-02-20T07:15:30.7230899Z ##[group]Getting Git version info
2025-02-20T07:15:30.7231619Z Working directory is '/home/runner/work/tardis/tardis/tardis-regression-data'
2025-02-20T07:15:30.7272643Z [command]/usr/bin/git version
2025-02-20T07:15:30.7313935Z git version 2.48.1
2025-02-20T07:15:30.7339139Z ##[endgroup]
2025-02-20T07:15:30.7352150Z Temporarily overriding HOME='/home/runner/work/_temp/186ad96a-e862-488e-ab6d-9354690fc599' before making global git config changes
2025-02-20T07:15:30.7353469Z Adding repository directory to the temporary git global config as a safe directory
2025-02-20T07:15:30.7358577Z [command]/usr/bin/git config --global --add safe.directory /home/runner/work/tardis/tardis/tardis-regression-data
2025-02-20T07:15:30.7388538Z ##[group]Initializing the repository
2025-02-20T07:15:30.7393953Z [command]/usr/bin/git init /home/runner/work/tardis/tardis/tardis-regression-data
2025-02-20T07:15:30.7431287Z hint: Using 'master' as the name for the initial branch. This default branch name
2025-02-20T07:15:30.7432214Z hint: is subject to change. To configure the initial branch name to use in all
2025-02-20T07:15:30.7433006Z hint: of your new repositories, which will suppress this warning, call:
2025-02-20T07:15:30.7433582Z hint:
2025-02-20T07:15:30.7433983Z hint: 	git config --global init.defaultBranch <name>
2025-02-20T07:15:30.7434482Z hint:
2025-02-20T07:15:30.7434995Z hint: Names commonly chosen instead of 'master' are 'main', 'trunk' and
2025-02-20T07:15:30.7435858Z hint: 'development'. The just-created branch can be renamed via this command:
2025-02-20T07:15:30.7436541Z hint:
2025-02-20T07:15:30.7437105Z hint: 	git branch -m <name>
2025-02-20T07:15:30.7437931Z Initialized empty Git repository in /home/runner/work/tardis/tardis/tardis-regression-data/.git/
2025-02-20T07:15:30.7444846Z [command]/usr/bin/git remote add origin https://github.com/tardis-sn/tardis-regression-data
2025-02-20T07:15:30.7474659Z ##[endgroup]
2025-02-20T07:15:30.7475317Z ##[group]Disabling automatic garbage collection
2025-02-20T07:15:30.7480124Z [command]/usr/bin/git config --local gc.auto 0
2025-02-20T07:15:30.7507671Z ##[endgroup]
2025-02-20T07:15:30.7508307Z ##[group]Setting up auth
2025-02-20T07:15:30.7514576Z [command]/usr/bin/git config --local --name-only --get-regexp core\.sshCommand
2025-02-20T07:15:30.7543511Z [command]/usr/bin/git submodule foreach --recursive sh -c "git config --local --name-only --get-regexp 'core\.sshCommand' && git config --local --unset-all 'core.sshCommand' || :"
2025-02-20T07:15:30.7767856Z [command]/usr/bin/git config --local --name-only --get-regexp http\.https\:\/\/github\.com\/\.extraheader
2025-02-20T07:15:30.7797257Z [command]/usr/bin/git submodule foreach --recursive sh -c "git config --local --name-only --get-regexp 'http\.https\:\/\/github\.com\/\.extraheader' && git config --local --unset-all 'http.https://github.com/.extraheader' || :"
2025-02-20T07:15:30.8042885Z [command]/usr/bin/git config --local http.https://github.com/.extraheader AUTHORIZATION: basic ***
2025-02-20T07:15:30.8080133Z ##[endgroup]
2025-02-20T07:15:30.8080879Z ##[group]Determining the default branch
2025-02-20T07:15:30.8084155Z Retrieving the default branch name
2025-02-20T07:15:31.1044541Z Default branch 'main'
2025-02-20T07:15:31.1045489Z ##[endgroup]
2025-02-20T07:15:31.1046109Z ##[group]Fetching the repository
2025-02-20T07:15:31.1052357Z [command]/usr/bin/git -c protocol.version=2 fetch --no-tags --prune --no-recurse-submodules --depth=1 origin +refs/heads/main:refs/remotes/origin/main
2025-02-20T07:15:31.7248453Z From https://github.com/tardis-sn/tardis-regression-data
2025-02-20T07:15:31.7249190Z  * [new branch]      main       -> origin/main
2025-02-20T07:15:31.7278033Z ##[endgroup]
2025-02-20T07:15:31.7278679Z ##[group]Determining the checkout info
2025-02-20T07:15:31.7280977Z ##[endgroup]
2025-02-20T07:15:31.7285363Z [command]/usr/bin/git sparse-checkout disable
2025-02-20T07:15:31.7324519Z [command]/usr/bin/git config --local --unset-all extensions.worktreeConfig
2025-02-20T07:15:31.7353157Z ##[group]Checking out the ref
2025-02-20T07:15:31.7358843Z [command]/usr/bin/git checkout --progress --force -B main refs/remotes/origin/main
2025-02-20T07:15:31.8544771Z Switched to a new branch 'main'
2025-02-20T07:15:31.8547004Z branch 'main' set up to track 'origin/main'.
2025-02-20T07:15:31.8810475Z ##[endgroup]
2025-02-20T07:15:31.8849485Z [command]/usr/bin/git log -1 --format=%H
2025-02-20T07:15:31.8873135Z 84e768462f20f09fbccc05625cdcc1d8ffbe404c
2025-02-20T07:15:31.9009777Z ##[group]Run if [ "false" == "true" ]; then
2025-02-20T07:15:31.9010168Z [36;1mif [ "false" == "true" ]; then[0m
2025-02-20T07:15:31.9010486Z [36;1m  echo "Using atom data sparse checkout"[0m
2025-02-20T07:15:31.9011083Z [36;1m  echo "atom_data/kurucz_cd23_chianti_H_He.h5" > .lfs-files-list[0m
2025-02-20T07:15:31.9011425Z [36;1melse[0m
2025-02-20T07:15:31.9011647Z [36;1m  echo "Using full repository checkout"[0m
2025-02-20T07:15:31.9012001Z [36;1m  git lfs ls-files -l | cut -d' ' -f1 | sort > .lfs-files-list[0m
2025-02-20T07:15:31.9012314Z [36;1mfi[0m
2025-02-20T07:15:31.9182481Z shell: /usr/bin/bash --noprofile --norc -e -o pipefail {0}
2025-02-20T07:15:31.9182826Z env:
2025-02-20T07:15:31.9182997Z   CACHE_NUMBER: 0
2025-02-20T07:15:31.9183597Z   PYTEST_FLAGS: --tardis-regression-data=/home/runner/work/tardis/tardis/tardis-regression-data --cov=tardis --cov-report=xml --cov-report=html --cov-append
2025-02-20T07:15:31.9184243Z   CODECOV_TOKEN: 
2025-02-20T07:15:31.9184433Z ##[endgroup]
2025-02-20T07:15:31.9278866Z Using full repository checkout
2025-02-20T07:15:32.0668027Z ##[group]Run actions/cache/restore@v4
2025-02-20T07:15:32.0668299Z with:
2025-02-20T07:15:32.0668492Z   path: tardis-regression-data/.git/lfs
2025-02-20T07:15:32.0669133Z   key: tardis-regression-full-data-c8ff2bbb6048b3f24d3f52a1e85b013ad47e52c369a6ce4cfdeff528b659b86f-tardis-sn/tardis-regression-data-v1
2025-02-20T07:15:32.0669949Z   fail-on-cache-miss: true
2025-02-20T07:15:32.0670175Z   enableCrossOsArchive: false
2025-02-20T07:15:32.0670393Z   lookup-only: false
2025-02-20T07:15:32.0670581Z env:
2025-02-20T07:15:32.0670740Z   CACHE_NUMBER: 0
2025-02-20T07:15:32.0671321Z   PYTEST_FLAGS: --tardis-regression-data=/home/runner/work/tardis/tardis/tardis-regression-data --cov=tardis --cov-report=xml --cov-report=html --cov-append
2025-02-20T07:15:32.0671941Z   CODECOV_TOKEN: 
2025-02-20T07:15:32.0672113Z ##[endgroup]
2025-02-20T07:15:32.4588414Z Cache hit for: tardis-regression-full-data-c8ff2bbb6048b3f24d3f52a1e85b013ad47e52c369a6ce4cfdeff528b659b86f-tardis-sn/tardis-regression-data-v1
2025-02-20T07:15:33.7854579Z Received 4194304 of 2161656325 (0.2%), 4.0 MBs/sec
2025-02-20T07:15:34.7858133Z Received 121634816 of 2161656325 (5.6%), 58.0 MBs/sec
2025-02-20T07:15:35.7882743Z Received 222298112 of 2161656325 (10.3%), 70.6 MBs/sec
2025-02-20T07:15:36.7883667Z Received 339738624 of 2161656325 (15.7%), 80.9 MBs/sec
2025-02-20T07:15:37.7880760Z Received 436207616 of 2161656325 (20.2%), 83.2 MBs/sec
2025-02-20T07:15:38.7884443Z Received 536870912 of 2161656325 (24.8%), 85.3 MBs/sec
2025-02-20T07:15:39.7881896Z Received 654311424 of 2161656325 (30.3%), 89.1 MBs/sec
2025-02-20T07:15:40.7881452Z Received 754974720 of 2161656325 (34.9%), 90.0 MBs/sec
2025-02-20T07:15:41.7890059Z Received 868220928 of 2161656325 (40.2%), 92.0 MBs/sec
2025-02-20T07:15:42.7942708Z Received 977272832 of 2161656325 (45.2%), 93.1 MBs/sec
2025-02-20T07:15:43.7943716Z Received 1069547520 of 2161656325 (49.5%), 92.7 MBs/sec
2025-02-20T07:15:44.7940353Z Received 1103101952 of 2161656325 (51.0%), 87.6 MBs/sec
2025-02-20T07:15:45.7945958Z Received 1224736768 of 2161656325 (56.7%), 89.8 MBs/sec
2025-02-20T07:15:46.7950213Z Received 1342177280 of 2161656325 (62.1%), 91.4 MBs/sec
2025-02-20T07:15:47.7957750Z Received 1476395008 of 2161656325 (68.3%), 93.8 MBs/sec
2025-02-20T07:15:48.8867728Z Received 1610612736 of 2161656325 (74.5%), 95.4 MBs/sec
2025-02-20T07:15:49.8873849Z Received 1736441856 of 2161656325 (80.3%), 96.8 MBs/sec
2025-02-20T07:15:50.8894584Z Received 1858076672 of 2161656325 (86.0%), 97.9 MBs/sec
2025-02-20T07:15:51.8893631Z Received 1971322880 of 2161656325 (91.2%), 98.4 MBs/sec
2025-02-20T07:15:52.8957821Z Received 2101346304 of 2161656325 (97.2%), 99.7 MBs/sec
2025-02-20T07:15:53.5601510Z Received 2161656325 of 2161656325 (100.0%), 99.2 MBs/sec
2025-02-20T07:15:53.5605431Z Cache Size: ~2062 MB (2161656325 B)
2025-02-20T07:15:53.5648406Z [command]/usr/bin/tar -xf /home/runner/work/_temp/d1ab84e9-434c-49d4-8246-738c55c1591d/cache.tzst -P -C /home/runner/work/tardis/tardis --use-compress-program unzstd
2025-02-20T07:16:03.6939355Z Cache restored successfully
2025-02-20T07:16:04.0728785Z Cache restored from key: tardis-regression-full-data-c8ff2bbb6048b3f24d3f52a1e85b013ad47e52c369a6ce4cfdeff528b659b86f-tardis-sn/tardis-regression-data-v1
2025-02-20T07:16:04.0869961Z ##[group]Run git lfs checkout
2025-02-20T07:16:04.0870228Z [36;1mgit lfs checkout[0m
2025-02-20T07:16:04.0924585Z shell: /usr/bin/bash --noprofile --norc -e -o pipefail {0}
2025-02-20T07:16:04.0924917Z env:
2025-02-20T07:16:04.0925102Z   CACHE_NUMBER: 0
2025-02-20T07:16:04.0925707Z   PYTEST_FLAGS: --tardis-regression-data=/home/runner/work/tardis/tardis/tardis-regression-data --cov=tardis --cov-report=xml --cov-report=html --cov-append
2025-02-20T07:16:04.0926362Z   CODECOV_TOKEN: 
2025-02-20T07:16:04.0926551Z ##[endgroup]
2025-02-20T07:16:24.8321398Z Checking out LFS objects: 100% (204/204), 5.7 GB | 252 MB/s, done.
