2025-01-08T18:27:48.2069790Z Prepare all required actions
2025-01-08T18:27:48.2070320Z Getting action download info
2025-01-08T18:27:48.3843310Z Download action repository 'mamba-org/setup-micromamba@v1' (SHA:4b9113af4fba0e9e1124b252dd6497a419e7396d)
2025-01-08T18:27:49.3844590Z ##[group]Run ./.github/actions/setup_env
2025-01-08T18:27:49.3844960Z with:
2025-01-08T18:27:49.3845190Z   os-label: osx-arm64
2025-01-08T18:27:49.3845450Z env:
2025-01-08T18:27:49.3845570Z   CACHE_NUMBER: 0
2025-01-08T18:27:49.3846190Z   PYTEST_FLAGS: --tardis-regression-data=/Users/runner/work/tardis/tardis/tardis-regression-data --cov=tardis --cov-report=xml --cov-report=html --cov-append
2025-01-08T18:27:49.3846770Z   CODECOV_TOKEN: 
2025-01-08T18:27:49.3847070Z ##[endgroup]
2025-01-08T18:27:49.3865670Z ##[group]Run file_hash=$(cat conda-osx-arm64.lock | shasum -a 256 | cut -d' ' -f1)
2025-01-08T18:27:49.3866450Z [36;1mfile_hash=$(cat conda-osx-arm64.lock | shasum -a 256 | cut -d' ' -f1)[0m
2025-01-08T18:27:49.3866870Z [36;1mecho "file_hash=$file_hash" >> "${GITHUB_OUTPUT}"[0m
2025-01-08T18:27:49.3912620Z shell: /bin/bash --noprofile --norc -e -o pipefail {0}
2025-01-08T18:27:49.3912850Z env:
2025-01-08T18:27:49.3913020Z   CACHE_NUMBER: 0
2025-01-08T18:27:49.3913470Z   PYTEST_FLAGS: --tardis-regression-data=/Users/runner/work/tardis/tardis/tardis-regression-data --cov=tardis --cov-report=xml --cov-report=html --cov-append
2025-01-08T18:27:49.3913980Z   CODECOV_TOKEN: 
2025-01-08T18:27:49.3914100Z ##[endgroup]
2025-01-08T18:27:49.4916630Z ##[group]Run mamba-org/setup-micromamba@v1
2025-01-08T18:27:49.4916900Z with:
2025-01-08T18:27:49.4917040Z   environment-file: conda-osx-arm64.lock
2025-01-08T18:27:49.4917380Z   cache-environment-key: bf0d0a4d4c847cca72476c6c68c493d56c484aada7e80de0e42c7607fcef5824
2025-01-08T18:27:49.4917820Z   cache-downloads-key: bf0d0a4d4c847cca72476c6c68c493d56c484aada7e80de0e42c7607fcef5824
2025-01-08T18:27:49.4918160Z   environment-name: tardis
2025-01-08T18:27:49.4918330Z   cache-environment: true
2025-01-08T18:27:49.4918490Z   cache-downloads: true
2025-01-08T18:27:49.4918690Z env:
2025-01-08T18:27:49.4918820Z   CACHE_NUMBER: 0
2025-01-08T18:27:49.4919270Z   PYTEST_FLAGS: --tardis-regression-data=/Users/runner/work/tardis/tardis/tardis-regression-data --cov=tardis --cov-report=xml --cov-report=html --cov-append
2025-01-08T18:27:49.4919750Z   CODECOV_TOKEN: 
2025-01-08T18:27:49.4919890Z ##[endgroup]
2025-01-08T18:27:49.7596610Z Will download micromamba to /Users/runner/micromamba-bin/micromamba
2025-01-08T18:27:49.7600720Z ##[group]Install micromamba
2025-01-08T18:27:50.4272480Z micromamba installed to /Users/runner/micromamba-bin/micromamba
2025-01-08T18:27:50.4273160Z ##[endgroup]
2025-01-08T18:27:50.4273750Z Adding conda-forge to condarc channels ...
2025-01-08T18:27:50.4316020Z ##[group]Initialize micromamba for bash.
2025-01-08T18:27:50.4325450Z [command]/Users/runner/micromamba-bin/micromamba shell init -s bash -r /Users/runner/micromamba --log-level warning --rc-file /Users/runner/work/_temp/setup-micromamba/.condarc
2025-01-08T18:27:50.4571560Z Modifying RC file "/Users/runner/.bash_profile"
2025-01-08T18:27:50.4573710Z Generating config for root prefix [1m"/Users/runner/micromamba"[0m
2025-01-08T18:27:50.4574400Z Setting mamba executable to: [1m"/Users/runner/micromamba-bin/micromamba"[0m
2025-01-08T18:27:50.4583840Z Adding (or replacing) the following in your "/Users/runner/.bash_profile" file
2025-01-08T18:27:50.4584080Z 
2025-01-08T18:27:50.4584140Z # >>> mamba initialize >>>
2025-01-08T18:27:50.4584380Z # !! Contents within this block are managed by 'mamba init' !!
2025-01-08T18:27:50.4584710Z export MAMBA_EXE='/Users/runner/micromamba-bin/micromamba';
2025-01-08T18:27:50.4584990Z export MAMBA_ROOT_PREFIX='/Users/runner/micromamba';
2025-01-08T18:27:50.4585400Z __mamba_setup="$("$MAMBA_EXE" shell hook --shell bash --root-prefix "$MAMBA_ROOT_PREFIX" 2> /dev/null)"
2025-01-08T18:27:50.4585850Z if [ $? -eq 0 ]; then
2025-01-08T18:27:50.4586020Z     eval "$__mamba_setup"
2025-01-08T18:27:50.4586200Z else
2025-01-08T18:27:50.4586920Z     alias micromamba="$MAMBA_EXE"  # Fallback on help from mamba activate
2025-01-08T18:27:50.4587250Z fi
2025-01-08T18:27:50.4587370Z unset __mamba_setup
2025-01-08T18:27:50.4587530Z # <<< mamba initialize <<<
2025-01-08T18:27:50.4587640Z 
2025-01-08T18:27:50.4588000Z ##[endgroup]
2025-01-08T18:27:50.4588430Z ##[group]Restoring downloads from `/Users/runner/micromamba/pkgs` ...
2025-01-08T18:27:52.1022460Z Received 12582912 of 310595873 (4.1%), 12.0 MBs/sec
2025-01-08T18:27:53.1022660Z Received 92274688 of 310595873 (29.7%), 44.0 MBs/sec
2025-01-08T18:27:54.1017840Z Received 167772160 of 310595873 (54.0%), 53.3 MBs/sec
2025-01-08T18:27:55.1018480Z Received 239075328 of 310595873 (77.0%), 57.0 MBs/sec
2025-01-08T18:27:56.1048550Z Received 310595873 of 310595873 (100.0%), 59.2 MBs/sec
2025-01-08T18:27:56.1435490Z Cache Size: ~296 MB (310595873 B)
2025-01-08T18:27:56.1499700Z [command]/opt/homebrew/bin/gtar -xf /Users/runner/work/_temp/8be97a1f-d4a5-47fe-a643-9d3e43115a48/cache.tzst -P -C /Users/runner/work/tardis/tardis --delay-directory-restore --use-compress-program unzstd
2025-01-08T18:27:56.7474390Z Cache restored successfully
2025-01-08T18:27:56.7500360Z Restored cache with key `bf0d0a4d4c847cca72476c6c68c493d56c484aada7e80de0e42c7607fcef5824-osx-arm64`
2025-01-08T18:27:56.7503240Z ##[endgroup]
2025-01-08T18:27:56.7700760Z ##[group]Restoring environment `tardis` from `/Users/runner/micromamba/envs/tardis` ...
2025-01-08T18:27:58.3988360Z Received 12582912 of 385775710 (3.3%), 12.0 MBs/sec
2025-01-08T18:27:59.3989990Z Received 92274688 of 385775710 (23.9%), 44.0 MBs/sec
2025-01-08T18:28:00.3991350Z Received 171966464 of 385775710 (44.6%), 54.6 MBs/sec
2025-01-08T18:28:01.3988650Z Received 247463936 of 385775710 (64.1%), 59.0 MBs/sec
2025-01-08T18:28:02.3989070Z Received 318767104 of 385775710 (82.6%), 60.8 MBs/sec
2025-01-08T18:28:03.0873770Z Cache Size: ~368 MB (385775710 B)
2025-01-08T18:28:03.0896690Z [command]/opt/homebrew/bin/gtar -xf /Users/runner/work/_temp/6d8f9a97-f270-4707-8b43-e930a13e8eff/cache.tzst -P -C /Users/runner/work/tardis/tardis --delay-directory-restore --use-compress-program unzstd
2025-01-08T18:28:03.4051330Z Received 385775710 of 385775710 (100.0%), 61.3 MBs/sec
2025-01-08T18:28:13.2487730Z Cache restored successfully
2025-01-08T18:28:13.2523850Z Restored cache with key `bf0d0a4d4c847cca72476c6c68c493d56c484aada7e80de0e42c7607fcef5824-osx-arm64-tardis-args-4f53cda-root-873f6fe-bin-[object Promise]-file-bf0d0a4d4c847cca72476c6c68c493d56c484aada7e80de0e42c7607fcef5824`
2025-01-08T18:28:13.2526030Z ##[endgroup]
2025-01-08T18:28:13.2526300Z Adding environment tardis to auto-activate bash ...
2025-01-08T18:28:13.2568620Z Generating micromamba run shell.
2025-01-08T18:28:13.2575810Z ##[endgroup]
2025-01-08T18:28:13.2581760Z Set environment variables.
2025-01-08T18:28:13.2618280Z ##[group]micromamba info
2025-01-08T18:28:13.2624950Z [command]/Users/runner/micromamba-bin/micromamba info -r /Users/runner/micromamba -n tardis
2025-01-08T18:28:13.6766520Z 
2025-01-08T18:28:13.6769960Z        libmamba version : 1.5.10
2025-01-08T18:28:13.6774530Z      micromamba version : 1.5.10
2025-01-08T18:28:13.6776440Z            curl version : libcurl/8.10.1 (OpenSSL/3.3.2) SecureTransport zlib/1.3.1 zstd/1.5.6 libssh2/1.11.0 nghttp2/1.58.0
2025-01-08T18:28:13.6793620Z      libarchive version : libarchive 3.7.4 zlib/1.2.13 bz2lib/1.0.8 libzstd/1.5.6
2025-01-08T18:28:13.6794560Z        envs directories : /Users/runner/micromamba/envs
2025-01-08T18:28:13.6795510Z           package cache : /Users/runner/micromamba/pkgs
2025-01-08T18:28:13.6796010Z                           /Users/runner/.mamba/pkgs
2025-01-08T18:28:13.6796360Z             environment : tardis
2025-01-08T18:28:13.6797090Z            env location : /Users/runner/micromamba/envs/tardis
2025-01-08T18:28:13.6797560Z       user config files : /Users/runner/.mambarc
2025-01-08T18:28:13.6798150Z  populated config files : /Users/runner/work/_temp/setup-micromamba/.condarc
2025-01-08T18:28:13.6798660Z        virtual packages : __unix=0=0
2025-01-08T18:28:13.6804020Z                           __osx=14.7.2=0
2025-01-08T18:28:13.6804380Z                           __archspec=1=arm64
2025-01-08T18:28:13.6805020Z                channels : https://conda.anaconda.org/conda-forge/osx-arm64
2025-01-08T18:28:13.6805490Z                           https://conda.anaconda.org/conda-forge/noarch
2025-01-08T18:28:13.6805790Z        base environment : /Users/runner/micromamba
2025-01-08T18:28:13.6806130Z                platform : osx-arm64
2025-01-08T18:28:13.6806620Z ##[endgroup]
2025-01-08T18:28:13.6806980Z ##[group]micromamba list
2025-01-08T18:28:13.6807570Z [command]/Users/runner/micromamba-bin/micromamba list -r /Users/runner/micromamba -n tardis
2025-01-08T18:28:14.0824070Z List of packages in environment: "/Users/runner/micromamba/envs/tardis"
2025-01-08T18:28:14.0824500Z 
2025-01-08T18:28:14.0824820Z   Name                           Version              Build                    Channel    
2025-01-08T18:28:14.0831750Z â”€â”€â”€â”€â”€â”€â”€â”€â”€â”€â”€â”€â”€â”€â”€â”€â”€â”€â”€â”€â”€â”€â”€â”€â”€â”€â”€â”€â”€â”€â”€â”€â”€â”€â”€â”€â”€â”€â”€â”€â”€â”€â”€â”€â”€â”€â”€â”€â”€â”€â”€â”€â”€â”€â”€â”€â”€â”€â”€â”€â”€â”€â”€â”€â”€â”€â”€â”€â”€â”€â”€â”€â”€â”€â”€â”€â”€â”€â”€â”€â”€â”€â”€â”€â”€â”€â”€â”€â”€â”€â”€â”€
2025-01-08T18:28:14.0832280Z   alabaster                      0.7.16               pyhd8ed1ab_0             conda-forge
2025-01-08T18:28:14.0832660Z   anyio                          4.4.0                pyhd8ed1ab_0             conda-forge
2025-01-08T18:28:14.0834070Z   appnope                        0.1.4                pyhd8ed1ab_0             conda-forge
2025-01-08T18:28:14.0834490Z   argon2-cffi                    23.1.0               pyhd8ed1ab_0             conda-forge
2025-01-08T18:28:14.0835010Z   argon2-cffi-bindings           21.2.0               py312h02f2b3b_4          conda-forge
2025-01-08T18:28:14.0835530Z   arrow                          1.3.0                pyhd8ed1ab_0             conda-forge
2025-01-08T18:28:14.0835900Z   astropy                        6.1.1                py312hbebd99a_0          conda-forge
2025-01-08T18:28:14.0836350Z   astropy-iers-data              0.2024.6.17.0.31.35  pyhd8ed1ab_0             conda-forge
2025-01-08T18:28:14.0836840Z   astropy-sphinx-theme           1.1                  pyhd8ed1ab_0             conda-forge
2025-01-08T18:28:14.0837230Z   asttokens                      2.4.1                pyhd8ed1ab_0             conda-forge
2025-01-08T18:28:14.0837670Z   async-lru                      2.0.4                pyhd8ed1ab_0             conda-forge
2025-01-08T18:28:14.0838010Z   atk-1.0                        2.38.0               hd03087b_2               conda-forge
2025-01-08T18:28:14.0838500Z   attrs                          23.2.0               pyh71513ae_0             conda-forge
2025-01-08T18:28:14.0838960Z   babel                          2.14.0               pyhd8ed1ab_0             conda-forge
2025-01-08T18:28:14.0839440Z   beautifulsoup4                 4.12.3               pyha770c72_0             conda-forge
2025-01-08T18:28:14.0839830Z   bleach                         6.1.0                pyhd8ed1ab_0             conda-forge
2025-01-08T18:28:14.0840260Z   blosc                          1.21.5               h9c252e8_1               conda-forge
2025-01-08T18:28:14.0840650Z   brotli                         1.1.0                hb547adb_1               conda-forge
2025-01-08T18:28:14.0841080Z   brotli-bin                     1.1.0                hb547adb_1               conda-forge
2025-01-08T18:28:14.0841460Z   brotli-python                  1.1.0                py312h9f69965_1          conda-forge
2025-01-08T18:28:14.0841890Z   bzip2                          1.0.8                h93a5062_5               conda-forge
2025-01-08T18:28:14.0842230Z   c-ares                         1.28.1               h93a5062_0               conda-forge
2025-01-08T18:28:14.0842690Z   c-blosc2                       2.14.4               ha57e6be_1               conda-forge
2025-01-08T18:28:14.0843120Z   ca-certificates                2024.6.2             hf0a4a13_0               conda-forge
2025-01-08T18:28:14.0843550Z   cached-property                1.5.2                hd8ed1ab_1               conda-forge
2025-01-08T18:28:14.0844060Z   cached_property                1.5.2                pyha770c72_1             conda-forge
2025-01-08T18:28:14.0844830Z   cairo                          1.18.0               hd1e100b_0               conda-forge
2025-01-08T18:28:14.0845320Z   certifi                        2024.6.2             pyhd8ed1ab_0             conda-forge
2025-01-08T18:28:14.0845720Z   cffi                           1.16.0               py312h8e38eb3_0          conda-forge
2025-01-08T18:28:14.0846250Z   charset-normalizer             3.3.2                pyhd8ed1ab_0             conda-forge
2025-01-08T18:28:14.0846630Z   click                          8.1.7                unix_pyh707e725_0        conda-forge
2025-01-08T18:28:14.0847080Z   codespell                      2.3.0                pyhd8ed1ab_0             conda-forge
2025-01-08T18:28:14.0847460Z   colorama                       0.4.6                pyhd8ed1ab_0             conda-forge
2025-01-08T18:28:14.0848180Z   comm                           0.2.2                pyhd8ed1ab_0             conda-forge
2025-01-08T18:28:14.0848610Z   commonmark                     0.9.1                py_0                     conda-forge
2025-01-08T18:28:14.0849120Z   contourpy                      1.2.1                py312h0fef576_0          conda-forge
2025-01-08T18:28:14.0849580Z   coverage                       7.5.3                py312h7e5086c_0          conda-forge
2025-01-08T18:28:14.0849940Z   cycler                         0.12.1               pyhd8ed1ab_0             conda-forge
2025-01-08T18:28:14.0850420Z   dataclasses                    0.8                  pyhc8e2a94_3             conda-forge
2025-01-08T18:28:14.0850810Z   debugpy                        1.8.1                py312h20a0b95_0          conda-forge
2025-01-08T18:28:14.0851310Z   decorator                      5.1.1                pyhd8ed1ab_0             conda-forge
2025-01-08T18:28:14.0851680Z   defusedxml                     0.7.1                pyhd8ed1ab_0             conda-forge
2025-01-08T18:28:14.0852140Z   docutils                       0.20.1               py312h81bd7bf_3          conda-forge
2025-01-08T18:28:14.0852560Z   dot2tex                        2.11.3               pyhd8ed1ab_0             conda-forge
2025-01-08T18:28:14.0852980Z   entrypoints                    0.4                  pyhd8ed1ab_0             conda-forge
2025-01-08T18:28:14.0853450Z   exceptiongroup                 1.2.0                pyhd8ed1ab_2             conda-forge
2025-01-08T18:28:14.0853830Z   executing                      2.0.1                pyhd8ed1ab_0             conda-forge
2025-01-08T18:28:14.0854280Z   expat                          2.6.2                hebf3989_0               conda-forge
2025-01-08T18:28:14.0854670Z   font-ttf-dejavu-sans-mono      2.37                 hab24e00_0               conda-forge
2025-01-08T18:28:14.0855200Z   font-ttf-inconsolata           3.000                h77eed37_0               conda-forge
2025-01-08T18:28:14.0855690Z   font-ttf-source-code-pro       2.038                h77eed37_0               conda-forge
2025-01-08T18:28:14.0856090Z   font-ttf-ubuntu                0.83                 h77eed37_2               conda-forge
2025-01-08T18:28:14.0856520Z   fontconfig                     2.14.2               h82840c6_0               conda-forge
2025-01-08T18:28:14.0857010Z   fonts-conda-ecosystem          1                    0                        conda-forge
2025-01-08T18:28:14.0857480Z   fonts-conda-forge              1                    0                        conda-forge
2025-01-08T18:28:14.0857840Z   fonttools                      4.53.0               py312h7e5086c_0          conda-forge
2025-01-08T18:28:14.0858280Z   fqdn                           1.5.1                pyhd8ed1ab_0             conda-forge
2025-01-08T18:28:14.0858610Z   freetype                       2.12.1               hadb7bae_2               conda-forge
2025-01-08T18:28:14.0859000Z   fribidi                        1.0.10               h27ca646_0               conda-forge
2025-01-08T18:28:14.0859370Z   future                         1.0.0                pyhd8ed1ab_0             conda-forge
2025-01-08T18:28:14.0860390Z   gdk-pixbuf                     2.42.12              h7ddc832_0               conda-forge
2025-01-08T18:28:14.0860740Z   gettext                        0.22.5               h8fbad5d_2               conda-forge
2025-01-08T18:28:14.0861500Z   gettext-tools                  0.22.5               h8fbad5d_2               conda-forge
2025-01-08T18:28:14.0862420Z   giflib                         5.2.2                h93a5062_0               conda-forge
2025-01-08T18:28:14.0862750Z   git-lfs                        3.5.1                hce30654_0               conda-forge
2025-01-08T18:28:14.0863140Z   gmp                            6.3.0                hebf3989_1               conda-forge
2025-01-08T18:28:14.0863450Z   gmpy2                          2.1.5                py312hfa9fade_1          conda-forge
2025-01-08T18:28:14.0864670Z   graphite2                      1.3.13               hebf3989_1003            conda-forge
2025-01-08T18:28:14.0865060Z   graphviz                       11.0.0               h9bb9bc9_0               conda-forge
2025-01-08T18:28:14.0865500Z   gtk2                           2.24.33              h7895bb2_4               conda-forge
2025-01-08T18:28:14.0865890Z   gts                            0.7.6                he42f4ea_4               conda-forge
2025-01-08T18:28:14.0866370Z   h11                            0.14.0               pyhd8ed1ab_0             conda-forge
2025-01-08T18:28:14.0866830Z   h2                             4.1.0                pyhd8ed1ab_0             conda-forge
2025-01-08T18:28:14.0867280Z   h5py                           3.11.0               nompi_py312h903599c_102  conda-forge
2025-01-08T18:28:14.0867790Z   harfbuzz                       8.5.0                h1836168_0               conda-forge
2025-01-08T18:28:14.0868150Z   hdf5                           1.14.3               nompi_hec07895_105       conda-forge
2025-01-08T18:28:14.0868540Z   hpack                          4.0.0                pyh9f0ad1d_0             conda-forge
2025-01-08T18:28:14.0868950Z   httpcore                       1.0.5                pyhd8ed1ab_0             conda-forge
2025-01-08T18:28:14.0869300Z   httpx                          0.27.0               pyhd8ed1ab_0             conda-forge
2025-01-08T18:28:14.0869700Z   hyperframe                     6.0.1                pyhd8ed1ab_0             conda-forge
2025-01-08T18:28:14.0870080Z   icu                            73.2                 hc8870d7_0               conda-forge
2025-01-08T18:28:14.0870460Z   idna                           3.7                  pyhd8ed1ab_0             conda-forge
2025-01-08T18:28:14.0870790Z   imagesize                      1.4.1                pyhd8ed1ab_0             conda-forge
2025-01-08T18:28:14.0871220Z   importlib-metadata             7.1.0                pyha770c72_0             conda-forge
2025-01-08T18:28:14.0871610Z   importlib_metadata             7.1.0                hd8ed1ab_0               conda-forge
2025-01-08T18:28:14.0872070Z   importlib_resources            6.4.0                pyhd8ed1ab_0             conda-forge
2025-01-08T18:28:14.0872450Z   iniconfig                      2.0.0                pyhd8ed1ab_0             conda-forge
2025-01-08T18:28:14.0872840Z   ipykernel                      6.29.4               pyh57ce528_0             conda-forge
2025-01-08T18:28:14.0873230Z   ipython                        8.25.0               pyh707e725_0             conda-forge
2025-01-08T18:28:14.0873600Z   ipython_genutils               0.2.0                pyhd8ed1ab_1             conda-forge
2025-01-08T18:28:14.0874120Z   ipywidgets                     7.8.0                pyhd8ed1ab_0             conda-forge
2025-01-08T18:28:14.0874530Z   isoduration                    20.11.0              pyhd8ed1ab_0             conda-forge
2025-01-08T18:28:14.0874990Z   jedi                           0.19.1               pyhd8ed1ab_0             conda-forge
2025-01-08T18:28:14.0875340Z   jinja2                         3.1.4                pyhd8ed1ab_0             conda-forge
2025-01-08T18:28:14.0876110Z   json5                          0.9.25               pyhd8ed1ab_0             conda-forge
2025-01-08T18:28:14.0876490Z   jsonpointer                    3.0.0                py312h81bd7bf_0          conda-forge
2025-01-08T18:28:14.0876880Z   jsonschema                     4.22.0               pyhd8ed1ab_0             conda-forge
2025-01-08T18:28:14.0877330Z   jsonschema-specifications      2023.12.1            pyhd8ed1ab_0             conda-forge
2025-01-08T18:28:14.0878520Z   jsonschema-with-format-nongpl  4.22.0               pyhd8ed1ab_0             conda-forge
2025-01-08T18:28:14.0879270Z   jupyter-lsp                    2.2.5                pyhd8ed1ab_0             conda-forge
2025-01-08T18:28:14.0880880Z   jupyter_client                 8.6.2                pyhd8ed1ab_0             conda-forge
2025-01-08T18:28:14.0882360Z   jupyter_core                   5.7.2                py312h81bd7bf_0          conda-forge
2025-01-08T18:28:14.0882840Z   jupyter_events                 0.10.0               pyhd8ed1ab_0             conda-forge
2025-01-08T18:28:14.0907190Z   jupyter_server                 2.14.1               pyhd8ed1ab_0             conda-forge
2025-01-08T18:28:14.0907710Z   jupyter_server_terminals       0.5.3                pyhd8ed1ab_0             conda-forge
2025-01-08T18:28:14.0908180Z   jupyterlab                     4.2.2                pyhd8ed1ab_0             conda-forge
2025-01-08T18:28:14.0908650Z   jupyterlab_pygments            0.3.0                pyhd8ed1ab_1             conda-forge
2025-01-08T18:28:14.0909170Z   jupyterlab_server              2.27.2               pyhd8ed1ab_0             conda-forge
2025-01-08T18:28:14.0909620Z   jupyterlab_widgets             1.1.7                pyhd8ed1ab_0             conda-forge
2025-01-08T18:28:14.0910050Z   kiwisolver                     1.4.5                py312h389731b_1          conda-forge
2025-01-08T18:28:14.0910540Z   krb5                           1.21.2               h92f50d5_0               conda-forge
2025-01-08T18:28:14.0911060Z   latexcodec                     2.0.1                pyh9f0ad1d_0             conda-forge
2025-01-08T18:28:14.0911490Z   lcms2                          2.16                 ha0e7c42_0               conda-forge
2025-01-08T18:28:14.0911890Z   lerc                           4.0.0                h9a09cb3_0               conda-forge
2025-01-08T18:28:14.0912310Z   libaec                         1.1.3                hebf3989_0               conda-forge
2025-01-08T18:28:14.0912680Z   libasprintf                    0.22.5               h8fbad5d_2               conda-forge
2025-01-08T18:28:14.0913060Z   libasprintf-devel              0.22.5               h8fbad5d_2               conda-forge
2025-01-08T18:28:14.0913390Z   libblas                        3.9.0                22_osxarm64_openblas     conda-forge
2025-01-08T18:28:14.0913810Z   libbrotlicommon                1.1.0                hb547adb_1               conda-forge
2025-01-08T18:28:14.0914200Z   libbrotlidec                   1.1.0                hb547adb_1               conda-forge
2025-01-08T18:28:14.0914620Z   libbrotlienc                   1.1.0                hb547adb_1               conda-forge
2025-01-08T18:28:14.0914980Z   libcblas                       3.9.0                22_osxarm64_openblas     conda-forge
2025-01-08T18:28:14.0915420Z   libcurl                        8.8.0                h7b6f9a7_0               conda-forge
2025-01-08T18:28:14.0915750Z   libcxx                         17.0.6               h5f092b4_0               conda-forge
2025-01-08T18:28:14.0916080Z   libdeflate                     1.20                 h93a5062_0               conda-forge
2025-01-08T18:28:14.0916490Z   libedit                        3.1.20191231         hc8eb9b7_2               conda-forge
2025-01-08T18:28:14.0916820Z   libev                          4.33                 h93a5062_2               conda-forge
2025-01-08T18:28:14.0917220Z   libexpat                       2.6.2                hebf3989_0               conda-forge
2025-01-08T18:28:14.0917730Z   libffi                         3.4.2                h3422bc3_5               conda-forge
2025-01-08T18:28:14.0918110Z   libgd                          2.3.3                hfdf3952_9               conda-forge
2025-01-08T18:28:14.0918470Z   libgettextpo                   0.22.5               h8fbad5d_2               conda-forge
2025-01-08T18:28:14.0918860Z   libgettextpo-devel             0.22.5               h8fbad5d_2               conda-forge
2025-01-08T18:28:14.0919210Z   libgfortran                    5.0.0                13_2_0_hd922786_3        conda-forge
2025-01-08T18:28:14.0919550Z   libgfortran5                   13.2.0               hf226fd6_3               conda-forge
2025-01-08T18:28:14.0919880Z   libglib                        2.80.2               h59d46d9_1               conda-forge
2025-01-08T18:28:14.0920380Z   libiconv                       1.17                 h0d3ecfb_2               conda-forge
2025-01-08T18:28:14.0920710Z   libintl                        0.22.5               h8fbad5d_2               conda-forge
2025-01-08T18:28:14.0921080Z   libintl-devel                  0.22.5               h8fbad5d_2               conda-forge
2025-01-08T18:28:14.0921430Z   libjpeg-turbo                  3.0.0                hb547adb_1               conda-forge
2025-01-08T18:28:14.0921840Z   liblapack                      3.9.0                22_osxarm64_openblas     conda-forge
2025-01-08T18:28:14.0922210Z   libllvm14                      14.0.6               hd1a9a77_4               conda-forge
2025-01-08T18:28:14.0922540Z   libnghttp2                     1.58.0               ha4dd798_1               conda-forge
2025-01-08T18:28:14.0922910Z   libopenblas                    0.3.27               openmp_h6c19121_0        conda-forge
2025-01-08T18:28:14.0923270Z   libpng                         1.6.43               h091b4b1_0               conda-forge
2025-01-08T18:28:14.0923650Z   librsvg                        2.58.1               hbc281fb_0               conda-forge
2025-01-08T18:28:14.0923970Z   libsodium                      1.0.18               h27ca646_1               conda-forge
2025-01-08T18:28:14.0924300Z   libsqlite                      3.46.0               hfb93653_0               conda-forge
2025-01-08T18:28:14.0924570Z   libssh2                        1.11.0               h7a5bd25_0               conda-forge
2025-01-08T18:28:14.0924870Z   libtiff                        4.6.0                h07db509_3               conda-forge
2025-01-08T18:28:14.0925190Z   libwebp                        1.4.0                h54798ee_0               conda-forge
2025-01-08T18:28:14.0925520Z   libwebp-base                   1.4.0                h93a5062_0               conda-forge
2025-01-08T18:28:14.0925800Z   libxcb                         1.16                 hf2054a2_0               conda-forge
2025-01-08T18:28:14.0926110Z   libxml2                        2.12.7               ha661575_1               conda-forge
2025-01-08T18:28:14.0926480Z   libxslt                        1.1.39               h223e5b9_0               conda-forge
2025-01-08T18:28:14.0926810Z   libzlib                        1.3.1                hfb2fe0b_1               conda-forge
2025-01-08T18:28:14.0927090Z   llvm-openmp                    18.1.7               hde57baf_0               conda-forge
2025-01-08T18:28:14.0927370Z   llvmlite                       0.42.0               py312h17030e7_1          conda-forge
2025-01-08T18:28:14.0927640Z   lxml                           5.2.2                py312h0e5ab22_0          conda-forge
2025-01-08T18:28:14.0927890Z   lz4-c                          1.9.4                hb7217d7_0               conda-forge
2025-01-08T18:28:14.0928150Z   markupsafe                     2.1.5                py312he37b823_0          conda-forge
2025-01-08T18:28:14.0928530Z   matplotlib-base                3.8.4                py312h4479663_2          conda-forge
2025-01-08T18:28:14.0928850Z   matplotlib-inline              0.1.7                pyhd8ed1ab_0             conda-forge
2025-01-08T18:28:14.0929360Z   mistune                        3.0.2                pyhd8ed1ab_0             conda-forge
2025-01-08T18:28:14.0929620Z   mpc                            1.3.1                h91ba8db_0               conda-forge
2025-01-08T18:28:14.0929870Z   mpfr                           4.2.1                h41d338b_1               conda-forge
2025-01-08T18:28:14.0930130Z   mpmath                         1.3.0                pyhd8ed1ab_0             conda-forge
2025-01-08T18:28:14.0930480Z   munkres                        1.1.4                pyh9f0ad1d_0             conda-forge
2025-01-08T18:28:14.0930770Z   mypy_extensions                1.0.0                pyha770c72_0             conda-forge
2025-01-08T18:28:14.0931050Z   nbclassic                      1.1.0                pyhd8ed1ab_0             conda-forge
2025-01-08T18:28:14.0931460Z   nbclient                       0.10.0               pyhd8ed1ab_0             conda-forge
2025-01-08T18:28:14.0931850Z   nbconvert                      7.16.4               hd8ed1ab_1               conda-forge
2025-01-08T18:28:14.0932210Z   nbconvert-core                 7.16.4               pyhd8ed1ab_1             conda-forge
2025-01-08T18:28:14.0932520Z   nbconvert-pandoc               7.16.4               hd8ed1ab_1               conda-forge
2025-01-08T18:28:14.0932900Z   nbformat                       5.10.4               pyhd8ed1ab_0             conda-forge
2025-01-08T18:28:14.0933190Z   nbsphinx                       0.9.4                pyhd8ed1ab_0             conda-forge
2025-01-08T18:28:14.0933500Z   ncurses                        6.5                  hb89a1cb_0               conda-forge
2025-01-08T18:28:14.0933880Z   nest-asyncio                   1.6.0                pyhd8ed1ab_0             conda-forge
2025-01-08T18:28:14.0934300Z   networkx                       3.3                  pyhd8ed1ab_1             conda-forge
2025-01-08T18:28:14.0934650Z   notebook                       7.2.1                pyhd8ed1ab_0             conda-forge
2025-01-08T18:28:14.0935070Z   notebook-shim                  0.2.4                pyhd8ed1ab_0             conda-forge
2025-01-08T18:28:14.0935380Z   numba                          0.59.1               py312hbaff935_0          conda-forge
2025-01-08T18:28:14.0935760Z   numexpr                        2.10.0               py312h8ae5369_0          conda-forge
2025-01-08T18:28:14.0936090Z   numpy                          1.26.4               py312h8442bc7_0          conda-forge
2025-01-08T18:28:14.0936530Z   numpydoc                       1.7.0                pyhd8ed1ab_1             conda-forge
2025-01-08T18:28:14.0936890Z   openjpeg                       2.5.2                h9f1df11_0               conda-forge
2025-01-08T18:28:14.0937190Z   openssl                        3.3.1                hfb2fe0b_0               conda-forge
2025-01-08T18:28:14.0937620Z   overrides                      7.7.0                pyhd8ed1ab_0             conda-forge
2025-01-08T18:28:14.0937950Z   packaging                      24.1                 pyhd8ed1ab_0             conda-forge
2025-01-08T18:28:14.0938250Z   pandas                         2.2.2                py312h8ae5369_1          conda-forge
2025-01-08T18:28:14.0938530Z   pandoc                         3.2                  hce30654_0               conda-forge
2025-01-08T18:28:14.0938880Z   pandocfilters                  1.5.0                pyhd8ed1ab_0             conda-forge
2025-01-08T18:28:14.0939200Z   pango                          1.54.0               h5cb9fbc_0               conda-forge
2025-01-08T18:28:14.0939470Z   parso                          0.8.4                pyhd8ed1ab_0             conda-forge
2025-01-08T18:28:14.0939890Z   pathspec                       0.12.1               pyhd8ed1ab_0             conda-forge
2025-01-08T18:28:14.0940180Z   pbr                            6.0.0                pyhd8ed1ab_0             conda-forge
2025-01-08T18:28:14.0940470Z   pcre2                          10.44                h297a79d_0               conda-forge
2025-01-08T18:28:14.0940910Z   pexpect                        4.9.0                pyhd8ed1ab_0             conda-forge
2025-01-08T18:28:14.0941220Z   pickleshare                    0.7.5                py_1003                  conda-forge
2025-01-08T18:28:14.0941520Z   pillow                         10.3.0               py312h39b1d8d_1          conda-forge
2025-01-08T18:28:14.0941790Z   pip                            24.0                 pyhd8ed1ab_0             conda-forge
2025-01-08T18:28:14.0942070Z   pixman                         0.43.4               hebf3989_0               conda-forge
2025-01-08T18:28:14.0942400Z   pkgutil-resolve-name           1.3.10               pyhd8ed1ab_1             conda-forge
2025-01-08T18:28:14.0942730Z   platformdirs                   4.2.2                pyhd8ed1ab_0             conda-forge
2025-01-08T18:28:14.0943180Z   plotly                         5.22.0               pyhd8ed1ab_0             conda-forge
2025-01-08T18:28:14.0943470Z   pluggy                         1.5.0                pyhd8ed1ab_0             conda-forge
2025-01-08T18:28:14.0943790Z   prometheus_client              0.20.0               pyhd8ed1ab_0             conda-forge
2025-01-08T18:28:14.0944110Z   prompt-toolkit                 3.0.47               pyha770c72_0             conda-forge
2025-01-08T18:28:14.0944400Z   psutil                         5.9.8                py312he37b823_0          conda-forge
2025-01-08T18:28:14.0944690Z   pthread-stubs                  0.4                  h27ca646_1001            conda-forge
2025-01-08T18:28:14.0944980Z   ptyprocess                     0.7.0                pyhd3deb0d_0             conda-forge
2025-01-08T18:28:14.0945260Z   pure_eval                      0.2.2                pyhd8ed1ab_0             conda-forge
2025-01-08T18:28:14.0945540Z   py-cpuinfo                     9.0.0                pyhd8ed1ab_0             conda-forge
2025-01-08T18:28:14.0945820Z   pybtex                         0.24.0               pyhd8ed1ab_2             conda-forge
2025-01-08T18:28:14.0946120Z   pybtex-docutils                1.0.3                py312h81bd7bf_1          conda-forge
2025-01-08T18:28:14.0946420Z   pycparser                      2.22                 pyhd8ed1ab_0             conda-forge
2025-01-08T18:28:14.0946690Z   pyerfa                         2.0.1.4              py312hbebd99a_1          conda-forge
2025-01-08T18:28:14.0946980Z   pygments                       2.18.0               pyhd8ed1ab_0             conda-forge
2025-01-08T18:28:14.0947260Z   pygraphviz                     1.13                 py312h5f4d302_1          conda-forge
2025-01-08T18:28:14.0947560Z   pyobjc-core                    10.3.1               py312hbb55c70_0          conda-forge
2025-01-08T18:28:14.0947890Z   pyobjc-framework-cocoa         10.3.1               py312hbb55c70_0          conda-forge
2025-01-08T18:28:14.0948210Z   pyparsing                      3.1.2                pyhd8ed1ab_0             conda-forge
2025-01-08T18:28:14.0948490Z   pysocks                        1.7.1                pyha2e5f31_6             conda-forge
2025-01-08T18:28:14.0948770Z   pytables                       3.9.2                py312hb622ae1_2          conda-forge
2025-01-08T18:28:14.0949040Z   pytest                         8.2.2                pyhd8ed1ab_0             conda-forge
2025-01-08T18:28:14.0949330Z   pytest-cov                     5.0.0                pyhd8ed1ab_0             conda-forge
2025-01-08T18:28:14.0949640Z   pytest-doctestplus             1.2.1                pyhd8ed1ab_0             conda-forge
2025-01-08T18:28:14.0949940Z   pytest-html                    4.1.1                pyhd8ed1ab_0             conda-forge
2025-01-08T18:28:14.0950250Z   pytest-metadata                3.1.1                pyhd8ed1ab_0             conda-forge
2025-01-08T18:28:14.0950560Z   python                         3.12.4               h30c5eda_0_cpython       conda-forge
2025-01-08T18:28:14.0950870Z   python-dateutil                2.9.0                pyhd8ed1ab_0             conda-forge
2025-01-08T18:28:14.0951370Z   python-fastjsonschema          2.20.0               pyhd8ed1ab_0             conda-forge
2025-01-08T18:28:14.0951730Z   python-json-logger             2.0.7                pyhd8ed1ab_0             conda-forge
2025-01-08T18:28:14.0952080Z   python-tzdata                  2024.1               pyhd8ed1ab_0             conda-forge
2025-01-08T18:28:14.0952390Z   python_abi                     3.12                 4_cp312                  conda-forge
2025-01-08T18:28:14.0952680Z   pytz                           2024.1               pyhd8ed1ab_0             conda-forge
2025-01-08T18:28:14.0952960Z   pyyaml                         6.0.1                py312h02f2b3b_1          conda-forge
2025-01-08T18:28:14.0953260Z   pyzmq                          26.0.3               py312hfa13136_0          conda-forge
2025-01-08T18:28:14.0953640Z   qgrid                          1.3.1                pyhd8ed1ab_4             conda-forge
2025-01-08T18:28:14.0953950Z   radioactivedecay               0.5.1                pyhd8ed1ab_0             conda-forge
2025-01-08T18:28:14.0954270Z   readline                       8.2                  h92ec313_1               conda-forge
2025-01-08T18:28:14.0954570Z   recommonmark                   0.7.1                pyhd8ed1ab_0             conda-forge
2025-01-08T18:28:14.0954870Z   referencing                    0.35.1               pyhd8ed1ab_0             conda-forge
2025-01-08T18:28:14.0955160Z   requests                       2.32.3               pyhd8ed1ab_0             conda-forge
2025-01-08T18:28:14.0955450Z   rfc3339-validator              0.1.4                pyhd8ed1ab_0             conda-forge
2025-01-08T18:28:14.0955780Z   rfc3986-validator              0.1.1                pyh9f0ad1d_0             conda-forge
2025-01-08T18:28:14.0956060Z   rpds-py                        0.18.1               py312h552d48e_0          conda-forge
2025-01-08T18:28:14.0956340Z   ruff                           0.4.9                py312h3402d49_0          conda-forge
2025-01-08T18:28:14.0956590Z   scipy                          1.13.1               py312h14ffa8f_0          conda-forge
2025-01-08T18:28:14.0956890Z   send2trash                     1.8.3                pyh31c8845_0             conda-forge
2025-01-08T18:28:14.0957190Z   setuptools                     70.0.0               pyhd8ed1ab_0             conda-forge
2025-01-08T18:28:14.0957480Z   setuptools-scm                 8.1.0                pyhd8ed1ab_0             conda-forge
2025-01-08T18:28:14.0957780Z   setuptools_scm                 8.1.0                hd8ed1ab_0               conda-forge
2025-01-08T18:28:14.0958050Z   six                            1.16.0               pyh6c4a22f_0             conda-forge
2025-01-08T18:28:14.0958320Z   snakeviz                       2.2.0                pyhd8ed1ab_0             conda-forge
2025-01-08T18:28:14.0958600Z   snappy                         1.2.0                hd04f947_1               conda-forge
2025-01-08T18:28:14.0958870Z   sniffio                        1.3.1                pyhd8ed1ab_0             conda-forge
2025-01-08T18:28:14.0959170Z   snowballstemmer                2.2.0                pyhd8ed1ab_0             conda-forge
2025-01-08T18:28:14.0959480Z   soupsieve                      2.5                  pyhd8ed1ab_1             conda-forge
2025-01-08T18:28:14.0959780Z   sphinx                         7.3.7                pyhd8ed1ab_0             conda-forge
2025-01-08T18:28:14.0960070Z   sphinx-astropy                 1.9.1                pyhd8ed1ab_0             conda-forge
2025-01-08T18:28:14.0960370Z   sphinx-automodapi              0.17.0               pyh717bed2_1             conda-forge
2025-01-08T18:28:14.0960680Z   sphinx-gallery                 0.16.0               pyhd8ed1ab_0             conda-forge
2025-01-08T18:28:14.0960990Z   sphinx-jsonschema              1.19.1               pyhd8ed1ab_0             conda-forge
2025-01-08T18:28:14.0961320Z   sphinx_bootstrap_theme         0.8.1                pyhd8ed1ab_0             conda-forge
2025-01-08T18:28:14.0961790Z   sphinx_rtd_theme               2.0.0                pyha770c72_0             conda-forge
2025-01-08T18:28:14.0962130Z   sphinxcontrib-apidoc           0.3.0                py_1                     conda-forge
2025-01-08T18:28:14.0962480Z   sphinxcontrib-applehelp        1.0.8                pyhd8ed1ab_0             conda-forge
2025-01-08T18:28:14.0962830Z   sphinxcontrib-bibtex           2.6.2                pyhd8ed1ab_0             conda-forge
2025-01-08T18:28:14.0963230Z   sphinxcontrib-devhelp          1.0.6                pyhd8ed1ab_0             conda-forge
2025-01-08T18:28:14.0963580Z   sphinxcontrib-htmlhelp         2.0.5                pyhd8ed1ab_0             conda-forge
2025-01-08T18:28:14.0964000Z   sphinxcontrib-jquery           4.1                  pyhd8ed1ab_0             conda-forge
2025-01-08T18:28:14.0964350Z   sphinxcontrib-jsmath           1.0.1                pyhd8ed1ab_0             conda-forge
2025-01-08T18:28:14.0964790Z   sphinxcontrib-qthelp           1.0.7                pyhd8ed1ab_0             conda-forge
2025-01-08T18:28:14.0965380Z   sphinxcontrib-serializinghtml  1.1.10               pyhd8ed1ab_0             conda-forge
2025-01-08T18:28:14.0965720Z   stack_data                     0.6.2                pyhd8ed1ab_0             conda-forge
2025-01-08T18:28:14.0966000Z   sympy                          1.12.1               pypyh2585a3b_103         conda-forge
2025-01-08T18:28:14.0966290Z   tabulate                       0.9.0                pyhd8ed1ab_1             conda-forge
2025-01-08T18:28:14.0966590Z   tenacity                       8.4.1                pyhd8ed1ab_0             conda-forge
2025-01-08T18:28:14.0966880Z   terminado                      0.18.1               pyh31c8845_0             conda-forge
2025-01-08T18:28:14.0967160Z   tinycss2                       1.3.0                pyhd8ed1ab_0             conda-forge
2025-01-08T18:28:14.0967430Z   tk                             8.6.13               h5083fa2_1               conda-forge
2025-01-08T18:28:14.0967690Z   toml                           0.10.2               pyhd8ed1ab_0             conda-forge
2025-01-08T18:28:14.0967960Z   tomli                          2.0.1                pyhd8ed1ab_0             conda-forge
2025-01-08T18:28:14.0968250Z   tornado                        6.4.1                py312h7e5086c_0          conda-forge
2025-01-08T18:28:14.0968510Z   tqdm                           4.66.4               pyhd8ed1ab_0             conda-forge
2025-01-08T18:28:14.0968860Z   traitlets                      5.14.3               pyhd8ed1ab_0             conda-forge
2025-01-08T18:28:14.0969130Z   typed-ast                      1.5.5                py312h02f2b3b_1          conda-forge
2025-01-08T18:28:14.0969520Z   types-python-dateutil          2.9.0.20240316       pyhd8ed1ab_0             conda-forge
2025-01-08T18:28:14.0969970Z   typing-extensions              4.12.2               hd8ed1ab_0               conda-forge
2025-01-08T18:28:14.0970290Z   typing_extensions              4.12.2               pyha770c72_0             conda-forge
2025-01-08T18:28:14.0970780Z   typing_utils                   0.1.0                pyhd8ed1ab_0             conda-forge
2025-01-08T18:28:14.0971080Z   tzdata                         2024a                h0c530f3_0               conda-forge
2025-01-08T18:28:14.0971420Z   uri-template                   1.3.0                pyhd8ed1ab_0             conda-forge
2025-01-08T18:28:14.0971720Z   urllib3                        2.2.2                pyhd8ed1ab_0             conda-forge
2025-01-08T18:28:14.0972100Z   wcwidth                        0.2.13               pyhd8ed1ab_0             conda-forge
2025-01-08T18:28:14.0972390Z   webcolors                      24.6.0               pyhd8ed1ab_0             conda-forge
2025-01-08T18:28:14.0972670Z   webencodings                   0.5.1                pyhd8ed1ab_2             conda-forge
2025-01-08T18:28:14.0972970Z   websocket-client               1.8.0                pyhd8ed1ab_0             conda-forge
2025-01-08T18:28:14.0973330Z   wheel                          0.43.0               pyhd8ed1ab_1             conda-forge
2025-01-08T18:28:14.0973740Z   widgetsnbextension             3.6.6                pyhd8ed1ab_0             conda-forge
2025-01-08T18:28:14.0974050Z   xorg-libxau                    1.0.11               hb547adb_0               conda-forge
2025-01-08T18:28:14.0974370Z   xorg-libxdmcp                  1.1.3                h27ca646_0               conda-forge
2025-01-08T18:28:14.0974630Z   xz                             5.2.6                h57fd34a_0               conda-forge
2025-01-08T18:28:14.0974890Z   yaml                           0.2.5                h3422bc3_2               conda-forge
2025-01-08T18:28:14.0975170Z   zeromq                         4.3.5                hcc0f68c_4               conda-forge
2025-01-08T18:28:14.0975430Z   zipp                           3.19.2               pyhd8ed1ab_0             conda-forge
2025-01-08T18:28:14.0975800Z   zlib                           1.3.1                hfb2fe0b_1               conda-forge
2025-01-08T18:28:14.0976180Z   zlib-ng                        2.0.7                h1a8c8d9_0               conda-forge
2025-01-08T18:28:14.0976490Z   zstd                           1.5.6                hb46c0d2_0               conda-forge
2025-01-08T18:28:14.0977130Z ##[endgroup]
