2025-01-24T14:49:39.8621208Z Prepare all required actions
2025-01-24T14:49:39.8621850Z Getting action download info
2025-01-24T14:49:40.0499623Z Download action repository 'actions/cache@v4' (SHA:1bd1e32a3bdc45362d1e726936510720a7c30a57)
2025-01-24T14:49:40.2033787Z ##[group]Run ./.github/actions/setup_lfs
2025-01-24T14:49:40.2034388Z with:
2025-01-24T14:49:40.2034731Z   regression-data-repo: tardis-sn/tardis-regression-data
2025-01-24T14:49:40.2035126Z env:
2025-01-24T14:49:40.2035357Z   CACHE_NUMBER: 0
2025-01-24T14:49:40.2036350Z   PYTEST_FLAGS: --tardis-regression-data=/home/runner/work/tardis/tardis/tardis-regression-data --cov=tardis --cov-report=xml --cov-report=html --cov-append
2025-01-24T14:49:40.2037562Z   CODECOV_TOKEN: ***
2025-01-24T14:49:40.2037838Z ##[endgroup]
2025-01-24T14:49:40.2172543Z ##[group]Run actions/checkout@v4
2025-01-24T14:49:40.2172906Z with:
2025-01-24T14:49:40.2173216Z   repository: tardis-sn/tardis-regression-data
2025-01-24T14:49:40.2173578Z   path: tardis-regression-data
2025-01-24T14:49:40.2174461Z   token: ***
2025-01-24T14:49:40.2174860Z   ssh-strict: true
2025-01-24T14:49:40.2175126Z   ssh-user: git
2025-01-24T14:49:40.2175389Z   persist-credentials: true
2025-01-24T14:49:40.2175686Z   clean: true
2025-01-24T14:49:40.2175941Z   sparse-checkout-cone-mode: true
2025-01-24T14:49:40.2176248Z   fetch-depth: 1
2025-01-24T14:49:40.2176503Z   fetch-tags: false
2025-01-24T14:49:40.2176753Z   show-progress: true
2025-01-24T14:49:40.2177028Z   lfs: false
2025-01-24T14:49:40.2177273Z   submodules: false
2025-01-24T14:49:40.2177565Z   set-safe-directory: true
2025-01-24T14:49:40.2177828Z env:
2025-01-24T14:49:40.2178059Z   CACHE_NUMBER: 0
2025-01-24T14:49:40.2178765Z   PYTEST_FLAGS: --tardis-regression-data=/home/runner/work/tardis/tardis/tardis-regression-data --cov=tardis --cov-report=xml --cov-report=html --cov-append
2025-01-24T14:49:40.2179606Z   CODECOV_TOKEN: ***
2025-01-24T14:49:40.2179860Z ##[endgroup]
2025-01-24T14:49:40.3220925Z Syncing repository: tardis-sn/tardis-regression-data
2025-01-24T14:49:40.3228400Z ##[group]Getting Git version info
2025-01-24T14:49:40.3229646Z Working directory is '/home/runner/work/tardis/tardis/tardis-regression-data'
2025-01-24T14:49:40.3270596Z [command]/usr/bin/git version
2025-01-24T14:49:40.3314978Z git version 2.48.1
2025-01-24T14:49:40.3342269Z ##[endgroup]
2025-01-24T14:49:40.3367795Z Temporarily overriding HOME='/home/runner/work/_temp/36146a23-5821-4363-a6ef-d1b0b61552e4' before making global git config changes
2025-01-24T14:49:40.3371262Z Adding repository directory to the temporary git global config as a safe directory
2025-01-24T14:49:40.3376372Z [command]/usr/bin/git config --global --add safe.directory /home/runner/work/tardis/tardis/tardis-regression-data
2025-01-24T14:49:40.3414437Z ##[group]Initializing the repository
2025-01-24T14:49:40.3419877Z [command]/usr/bin/git init /home/runner/work/tardis/tardis/tardis-regression-data
2025-01-24T14:49:40.3461913Z hint: Using 'master' as the name for the initial branch. This default branch name
2025-01-24T14:49:40.3463447Z hint: is subject to change. To configure the initial branch name to use in all
2025-01-24T14:49:40.3464529Z hint: of your new repositories, which will suppress this warning, call:
2025-01-24T14:49:40.3465115Z hint:
2025-01-24T14:49:40.3465488Z hint: 	git config --global init.defaultBranch <name>
2025-01-24T14:49:40.3465924Z hint:
2025-01-24T14:49:40.3466376Z hint: Names commonly chosen instead of 'master' are 'main', 'trunk' and
2025-01-24T14:49:40.3467073Z hint: 'development'. The just-created branch can be renamed via this command:
2025-01-24T14:49:40.3467617Z hint:
2025-01-24T14:49:40.3467907Z hint: 	git branch -m <name>
2025-01-24T14:49:40.3468588Z Initialized empty Git repository in /home/runner/work/tardis/tardis/tardis-regression-data/.git/
2025-01-24T14:49:40.3476698Z [command]/usr/bin/git remote add origin https://github.com/tardis-sn/tardis-regression-data
2025-01-24T14:49:40.3528255Z ##[endgroup]
2025-01-24T14:49:40.3529205Z ##[group]Disabling automatic garbage collection
2025-01-24T14:49:40.3530492Z [command]/usr/bin/git config --local gc.auto 0
2025-01-24T14:49:40.3562720Z ##[endgroup]
2025-01-24T14:49:40.3563515Z ##[group]Setting up auth
2025-01-24T14:49:40.3569775Z [command]/usr/bin/git config --local --name-only --get-regexp core\.sshCommand
2025-01-24T14:49:40.3608418Z [command]/usr/bin/git submodule foreach --recursive sh -c "git config --local --name-only --get-regexp 'core\.sshCommand' && git config --local --unset-all 'core.sshCommand' || :"
2025-01-24T14:49:40.3891124Z [command]/usr/bin/git config --local --name-only --get-regexp http\.https\:\/\/github\.com\/\.extraheader
2025-01-24T14:49:40.3929586Z [command]/usr/bin/git submodule foreach --recursive sh -c "git config --local --name-only --get-regexp 'http\.https\:\/\/github\.com\/\.extraheader' && git config --local --unset-all 'http.https://github.com/.extraheader' || :"
2025-01-24T14:49:40.4210437Z [command]/usr/bin/git config --local http.https://github.com/.extraheader AUTHORIZATION: basic ***
2025-01-24T14:49:40.4270005Z ##[endgroup]
2025-01-24T14:49:40.4270883Z ##[group]Determining the default branch
2025-01-24T14:49:40.4275437Z Retrieving the default branch name
2025-01-24T14:49:40.8086301Z Default branch 'main'
2025-01-24T14:49:40.8087727Z ##[endgroup]
2025-01-24T14:49:40.8088538Z ##[group]Fetching the repository
2025-01-24T14:49:40.8095379Z [command]/usr/bin/git -c protocol.version=2 fetch --no-tags --prune --no-recurse-submodules --depth=1 origin +refs/heads/main:refs/remotes/origin/main
2025-01-24T14:49:41.5673088Z From https://github.com/tardis-sn/tardis-regression-data
2025-01-24T14:49:41.5674555Z  * [new branch]      main       -> origin/main
2025-01-24T14:49:41.5705017Z ##[endgroup]
2025-01-24T14:49:41.5705694Z ##[group]Determining the checkout info
2025-01-24T14:49:41.5707215Z ##[endgroup]
2025-01-24T14:49:41.5716221Z [command]/usr/bin/git sparse-checkout disable
2025-01-24T14:49:41.5769400Z [command]/usr/bin/git config --local --unset-all extensions.worktreeConfig
2025-01-24T14:49:41.5805349Z ##[group]Checking out the ref
2025-01-24T14:49:41.5811425Z [command]/usr/bin/git checkout --progress --force -B main refs/remotes/origin/main
2025-01-24T14:49:42.7564829Z Updating files:   3% (8/238)
2025-01-24T14:49:42.7568688Z Updating files:   4% (10/238)
2025-01-24T14:49:42.7580238Z Updating files:   5% (12/238)
2025-01-24T14:49:42.7584355Z Updating files:   6% (15/238)
2025-01-24T14:49:42.7653581Z Updating files:   7% (17/238)
2025-01-24T14:49:42.7661301Z Updating files:   8% (20/238)
2025-01-24T14:49:42.7667527Z Updating files:   9% (22/238)
2025-01-24T14:49:42.7674918Z Updating files:  10% (24/238)
2025-01-24T14:49:42.7682596Z Updating files:  11% (27/238)
2025-01-24T14:49:42.7686404Z Updating files:  12% (29/238)
2025-01-24T14:49:42.7699151Z Updating files:  13% (31/238)
2025-01-24T14:49:42.7705032Z Updating files:  14% (34/238)
2025-01-24T14:49:42.7711486Z Updating files:  15% (36/238)
2025-01-24T14:49:42.7716826Z Updating files:  16% (39/238)
2025-01-24T14:49:42.7721893Z Updating files:  17% (41/238)
2025-01-24T14:49:42.7728876Z Updating files:  18% (43/238)
2025-01-24T14:49:42.7731895Z Updating files:  19% (46/238)
2025-01-24T14:49:42.7742053Z Updating files:  20% (48/238)
2025-01-24T14:49:42.7749517Z Updating files:  21% (50/238)
2025-01-24T14:49:42.7753817Z Updating files:  22% (53/238)
2025-01-24T14:49:42.7761873Z Updating files:  23% (55/238)
2025-01-24T14:49:42.7767365Z Updating files:  24% (58/238)
2025-01-24T14:49:42.7772182Z Updating files:  25% (60/238)
2025-01-24T14:49:42.7778173Z Updating files:  26% (62/238)
2025-01-24T14:49:42.7787829Z Updating files:  27% (65/238)
2025-01-24T14:49:42.7794671Z Updating files:  28% (67/238)
2025-01-24T14:49:42.7799339Z Updating files:  29% (70/238)
2025-01-24T14:49:42.7804387Z Updating files:  30% (72/238)
2025-01-24T14:49:42.7810137Z Updating files:  31% (74/238)
2025-01-24T14:49:42.7814485Z Updating files:  32% (77/238)
2025-01-24T14:49:42.7818265Z Updating files:  33% (79/238)
2025-01-24T14:49:42.7829385Z Updating files:  34% (81/238)
2025-01-24T14:49:42.7833696Z Updating files:  35% (84/238)
2025-01-24T14:49:42.7841447Z Updating files:  36% (86/238)
2025-01-24T14:49:42.7846915Z Updating files:  37% (89/238)
2025-01-24T14:49:42.7852381Z Updating files:  38% (91/238)
2025-01-24T14:49:42.7858393Z Updating files:  39% (93/238)
2025-01-24T14:49:42.7866010Z Updating files:  40% (96/238)
2025-01-24T14:49:42.7870354Z Updating files:  41% (98/238)
2025-01-24T14:49:42.7877999Z Updating files:  42% (100/238)
2025-01-24T14:49:42.7883920Z Updating files:  43% (103/238)
2025-01-24T14:49:42.7889047Z Updating files:  44% (105/238)
2025-01-24T14:49:42.7893188Z Updating files:  45% (108/238)
2025-01-24T14:49:42.7898050Z Updating files:  46% (110/238)
2025-01-24T14:49:42.7905542Z Updating files:  47% (112/238)
2025-01-24T14:49:42.7910629Z Updating files:  48% (115/238)
2025-01-24T14:49:42.7916696Z Updating files:  49% (117/238)
2025-01-24T14:49:42.7925170Z Updating files:  50% (119/238)
2025-01-24T14:49:42.7933155Z Updating files:  51% (122/238)
2025-01-24T14:49:42.7939619Z Updating files:  52% (124/238)
2025-01-24T14:49:42.7944479Z Updating files:  53% (127/238)
2025-01-24T14:49:42.7949270Z Updating files:  54% (129/238)
2025-01-24T14:49:42.7956377Z Updating files:  55% (131/238)
2025-01-24T14:49:42.7960400Z Updating files:  56% (134/238)
2025-01-24T14:49:42.7967816Z Updating files:  57% (136/238)
2025-01-24T14:49:42.7971302Z Updating files:  58% (139/238)
2025-01-24T14:49:42.7975630Z Updating files:  59% (141/238)
2025-01-24T14:49:42.7984787Z Updating files:  60% (143/238)
2025-01-24T14:49:42.7988437Z Updating files:  61% (146/238)
2025-01-24T14:49:42.7992640Z Updating files:  62% (148/238)
2025-01-24T14:49:42.7999517Z Updating files:  63% (150/238)
2025-01-24T14:49:42.8003546Z Updating files:  64% (153/238)
2025-01-24T14:49:42.8009249Z Updating files:  65% (155/238)
2025-01-24T14:49:42.8012603Z Updating files:  66% (158/238)
2025-01-24T14:49:42.8016697Z Updating files:  67% (160/238)
2025-01-24T14:49:42.8023206Z Updating files:  68% (162/238)
2025-01-24T14:49:42.8028634Z Updating files:  69% (165/238)
2025-01-24T14:49:42.8036652Z Updating files:  70% (167/238)
2025-01-24T14:49:42.8042109Z Updating files:  71% (169/238)
2025-01-24T14:49:42.8045104Z Updating files:  72% (172/238)
2025-01-24T14:49:42.8049735Z Updating files:  73% (174/238)
2025-01-24T14:49:42.8052582Z Updating files:  74% (177/238)
2025-01-24T14:49:42.8057201Z Updating files:  75% (179/238)
2025-01-24T14:49:42.8064384Z Updating files:  76% (181/238)
2025-01-24T14:49:42.8068589Z Updating files:  77% (184/238)
2025-01-24T14:49:42.8075671Z Updating files:  78% (186/238)
2025-01-24T14:49:42.8079379Z Updating files:  79% (189/238)
2025-01-24T14:49:42.8082017Z Updating files:  80% (191/238)
2025-01-24T14:49:42.8086196Z Updating files:  81% (193/238)
2025-01-24T14:49:42.8089620Z Updating files:  82% (196/238)
2025-01-24T14:49:42.8096126Z Updating files:  83% (198/238)
2025-01-24T14:49:42.8100505Z Updating files:  84% (200/238)
2025-01-24T14:49:42.8104347Z Updating files:  85% (203/238)
2025-01-24T14:49:42.8109834Z Updating files:  86% (205/238)
2025-01-24T14:49:42.8112941Z Updating files:  87% (208/238)
2025-01-24T14:49:42.8116541Z Updating files:  88% (210/238)
2025-01-24T14:49:42.8121040Z Updating files:  89% (212/238)
2025-01-24T14:49:42.8126769Z Updating files:  90% (215/238)
2025-01-24T14:49:42.8130111Z Updating files:  91% (217/238)
2025-01-24T14:49:42.8137184Z Updating files:  92% (219/238)
2025-01-24T14:49:42.8142237Z Updating files:  93% (222/238)
2025-01-24T14:49:42.8148246Z Updating files:  94% (224/238)
2025-01-24T14:49:42.8151505Z Updating files:  95% (227/238)
2025-01-24T14:49:42.8155131Z Updating files:  96% (229/238)
2025-01-24T14:49:42.8160643Z Updating files:  97% (231/238)
2025-01-24T14:49:42.8164781Z Updating files:  98% (234/238)
2025-01-24T14:49:42.8168810Z Updating files:  99% (236/238)
2025-01-24T14:49:42.8169297Z Updating files: 100% (238/238)
2025-01-24T14:49:42.8169763Z Updating files: 100% (238/238), done.
2025-01-24T14:49:42.8186197Z Switched to a new branch 'main'
2025-01-24T14:49:42.8190008Z branch 'main' set up to track 'origin/main'.
2025-01-24T14:49:42.8533684Z ##[endgroup]
2025-01-24T14:49:42.8538483Z [command]/usr/bin/git log -1 --format=%H
2025-01-24T14:49:42.8566450Z fa7729bc9c30e14b69acd641af8b692b56fcd416
2025-01-24T14:49:42.8744630Z ##[group]Run git lfs ls-files -l | cut -d' ' -f1 | sort > .lfs-assets-id
2025-01-24T14:49:42.8745482Z [36;1mgit lfs ls-files -l | cut -d' ' -f1 | sort > .lfs-assets-id[0m
2025-01-24T14:49:42.8785459Z shell: /usr/bin/bash --noprofile --norc -e -o pipefail {0}
2025-01-24T14:49:42.8786325Z env:
2025-01-24T14:49:42.8786623Z   CACHE_NUMBER: 0
2025-01-24T14:49:42.8787608Z   PYTEST_FLAGS: --tardis-regression-data=/home/runner/work/tardis/tardis/tardis-regression-data --cov=tardis --cov-report=xml --cov-report=html --cov-append
2025-01-24T14:49:42.8789043Z   CODECOV_TOKEN: ***
2025-01-24T14:49:42.8789400Z ##[endgroup]
2025-01-24T14:49:43.0822829Z ##[group]Run actions/cache/restore@v4
2025-01-24T14:49:43.0823226Z with:
2025-01-24T14:49:43.0823488Z   path: tardis-regression-data/.git/lfs
2025-01-24T14:49:43.0824398Z   key: Linux-lfs-21f9fa4b6817cc69b9fae3598144724da7828e276a73bd17f47a2a49d9af090a-v1
2025-01-24T14:49:43.0824979Z   enableCrossOsArchive: false
2025-01-24T14:49:43.0825304Z   fail-on-cache-miss: false
2025-01-24T14:49:43.0825623Z   lookup-only: false
2025-01-24T14:49:43.0825923Z env:
2025-01-24T14:49:43.0826154Z   CACHE_NUMBER: 0
2025-01-24T14:49:43.0827059Z   PYTEST_FLAGS: --tardis-regression-data=/home/runner/work/tardis/tardis/tardis-regression-data --cov=tardis --cov-report=xml --cov-report=html --cov-append
2025-01-24T14:49:43.0828281Z   CODECOV_TOKEN: ***
2025-01-24T14:49:43.0828570Z ##[endgroup]
2025-01-24T14:49:44.7973107Z Received 29360128 of 1708418946 (1.7%), 28.0 MBs/sec
2025-01-24T14:49:45.7973025Z Received 205520896 of 1708418946 (12.0%), 98.0 MBs/sec
2025-01-24T14:49:46.7974782Z Received 356515840 of 1708418946 (20.9%), 113.3 MBs/sec
2025-01-24T14:49:47.8005925Z Received 507510784 of 1708418946 (29.7%), 120.9 MBs/sec
2025-01-24T14:49:48.7993872Z Received 683671552 of 1708418946 (40.0%), 130.3 MBs/sec
2025-01-24T14:49:49.7997978Z Received 864026624 of 1708418946 (50.6%), 137.3 MBs/sec
2025-01-24T14:49:50.8035439Z Received 1031798784 of 1708418946 (60.4%), 140.4 MBs/sec
2025-01-24T14:49:51.8033228Z Received 1199570944 of 1708418946 (70.2%), 142.9 MBs/sec
2025-01-24T14:49:52.8039828Z Received 1375731712 of 1708418946 (80.5%), 145.7 MBs/sec
2025-01-24T14:49:53.8046882Z Received 1539309568 of 1708418946 (90.1%), 146.7 MBs/sec
2025-01-24T14:49:54.8058515Z Received 1704224642 of 1708418946 (99.8%), 147.6 MBs/sec
2025-01-24T14:49:54.8526986Z Cache Size: ~1629 MB (1708418946 B)
2025-01-24T14:49:54.8690772Z [command]/usr/bin/tar -xf /home/runner/work/_temp/5c04170c-96f7-4d71-a6e3-31c8c832a945/cache.tzst -P -C /home/runner/work/tardis/tardis --use-compress-program unzstd
2025-01-24T14:49:55.8068234Z Received 1708418946 of 1708418946 (100.0%), 135.7 MBs/sec
2025-01-24T14:50:01.2901508Z Cache restored successfully
2025-01-24T14:50:01.6651649Z Cache restored from key: Linux-lfs-21f9fa4b6817cc69b9fae3598144724da7828e276a73bd17f47a2a49d9af090a-v1
2025-01-24T14:50:01.6847512Z ##[group]Run git lfs checkout
2025-01-24T14:50:01.6847857Z [36;1mgit lfs checkout[0m
2025-01-24T14:50:01.6878548Z shell: /usr/bin/bash --noprofile --norc -e -o pipefail {0}
2025-01-24T14:50:01.6879012Z env:
2025-01-24T14:50:01.6879272Z   CACHE_NUMBER: 0
2025-01-24T14:50:01.6880171Z   PYTEST_FLAGS: --tardis-regression-data=/home/runner/work/tardis/tardis/tardis-regression-data --cov=tardis --cov-report=xml --cov-report=html --cov-append
2025-01-24T14:50:01.6881341Z   CODECOV_TOKEN: ***
2025-01-24T14:50:01.6881634Z ##[endgroup]
2025-01-24T14:50:11.9914535Z Checking out LFS objects: 100% (204/204), 3.5 GB | 328 MB/s, done.
