2025-02-19T21:34:30.0527591Z Requested labels: ubuntu-latest
2025-02-19T21:34:30.0527812Z Job defined at: tardis-sn/tardis/.github/workflows/tests.yml@refs/pull/2983/merge
2025-02-19T21:34:30.0527934Z Waiting for a runner to pick up this job...
2025-02-19T21:34:30.3053083Z Job is waiting for a hosted runner to come online.
2025-02-19T21:34:33.9390530Z Job is about to start running on the hosted runner: GitHub Actions 10 (hosted)
2025-02-19T21:34:35.3900431Z Current runner version: '2.322.0'
2025-02-19T21:34:35.3925049Z ##[group]Operating System
2025-02-19T21:34:35.3925862Z Ubuntu
2025-02-19T21:34:35.3926401Z 24.04.1
2025-02-19T21:34:35.3926956Z LTS
2025-02-19T21:34:35.3927445Z ##[endgroup]
2025-02-19T21:34:35.3927948Z ##[group]Runner Image
2025-02-19T21:34:35.3928565Z Image: ubuntu-24.04
2025-02-19T21:34:35.3929097Z Version: 20250209.1.0
2025-02-19T21:34:35.3930424Z Included Software: https://github.com/actions/runner-images/blob/ubuntu24/20250209.1/images/ubuntu/Ubuntu2404-Readme.md
2025-02-19T21:34:35.3931899Z Image Release: https://github.com/actions/runner-images/releases/tag/ubuntu24%2F20250209.1
2025-02-19T21:34:35.3932832Z ##[endgroup]
2025-02-19T21:34:35.3933323Z ##[group]Runner Image Provisioner
2025-02-19T21:34:35.3934006Z 2.0.422.1
2025-02-19T21:34:35.3934503Z ##[endgroup]
2025-02-19T21:34:35.3936669Z ##[group]GITHUB_TOKEN Permissions
2025-02-19T21:34:35.3938633Z Actions: read
2025-02-19T21:34:35.3939626Z Attestations: read
2025-02-19T21:34:35.3940269Z Checks: read
2025-02-19T21:34:35.3940864Z Contents: read
2025-02-19T21:34:35.3941362Z Deployments: read
2025-02-19T21:34:35.3941882Z Discussions: read
2025-02-19T21:34:35.3942447Z Issues: read
2025-02-19T21:34:35.3942963Z Metadata: read
2025-02-19T21:34:35.3943434Z Packages: read
2025-02-19T21:34:35.3944000Z Pages: read
2025-02-19T21:34:35.3944531Z PullRequests: read
2025-02-19T21:34:35.3945063Z RepositoryProjects: read
2025-02-19T21:34:35.3945717Z SecurityEvents: read
2025-02-19T21:34:35.3946216Z Statuses: read
2025-02-19T21:34:35.3946705Z ##[endgroup]
2025-02-19T21:34:35.3949740Z Secret source: None
2025-02-19T21:34:35.3950515Z Prepare workflow directory
2025-02-19T21:34:35.4562050Z Prepare all required actions
2025-02-19T21:34:35.4597947Z Getting action download info
2025-02-19T21:34:35.6390528Z ##[group]Download immutable action package 'actions/checkout@v4'
2025-02-19T21:34:35.6391434Z Version: 4.2.2
2025-02-19T21:34:35.6392262Z Digest: sha256:ccb2698953eaebd21c7bf6268a94f9c26518a7e38e27e0b83c1fe1ad049819b1
2025-02-19T21:34:35.6393274Z Source commit SHA: 11bd71901bbe5b1630ceea73d27597364c9af683
2025-02-19T21:34:35.6393873Z ##[endgroup]
2025-02-19T21:34:35.7144637Z ##[group]Download immutable action package 'actions/upload-artifact@v4'
2025-02-19T21:34:35.7145366Z Version: 4.6.0
2025-02-19T21:34:35.7145998Z Digest: sha256:bf85474c8423f9cd48bd2caf3ce5adb1711e2dfdb055b040bd36b044e4290329
2025-02-19T21:34:35.7146858Z Source commit SHA: 65c4c4a1ddee5b72f698fdd19549f0f0fb45cf08
2025-02-19T21:34:35.7147456Z ##[endgroup]
2025-02-19T21:34:35.8836541Z Complete job name: not continuum ubuntu-latest 
2025-02-19T21:34:35.9491829Z ##[group]Run actions/checkout@v4
2025-02-19T21:34:35.9492649Z with:
2025-02-19T21:34:35.9493056Z   repository: tardis-sn/tardis
2025-02-19T21:34:35.9493697Z   token: ***
2025-02-19T21:34:35.9494082Z   ssh-strict: true
2025-02-19T21:34:35.9494478Z   ssh-user: git
2025-02-19T21:34:35.9494886Z   persist-credentials: true
2025-02-19T21:34:35.9495338Z   clean: true
2025-02-19T21:34:35.9495755Z   sparse-checkout-cone-mode: true
2025-02-19T21:34:35.9496271Z   fetch-depth: 1
2025-02-19T21:34:35.9496664Z   fetch-tags: false
2025-02-19T21:34:35.9497076Z   show-progress: true
2025-02-19T21:34:35.9497500Z   lfs: false
2025-02-19T21:34:35.9497879Z   submodules: false
2025-02-19T21:34:35.9498291Z   set-safe-directory: true
2025-02-19T21:34:35.9498921Z env:
2025-02-19T21:34:35.9499486Z   CACHE_NUMBER: 0
2025-02-19T21:34:35.9500661Z   PYTEST_FLAGS: --tardis-regression-data=/home/runner/work/tardis/tardis/tardis-regression-data --cov=tardis --cov-report=xml --cov-report=html --cov-append
2025-02-19T21:34:35.9501894Z   CODECOV_TOKEN: 
2025-02-19T21:34:35.9502280Z ##[endgroup]
2025-02-19T21:34:36.1395206Z Syncing repository: tardis-sn/tardis
2025-02-19T21:34:36.1396841Z ##[group]Getting Git version info
2025-02-19T21:34:36.1397506Z Working directory is '/home/runner/work/tardis/tardis'
2025-02-19T21:34:36.1398411Z [command]/usr/bin/git version
2025-02-19T21:34:36.1474559Z git version 2.48.1
2025-02-19T21:34:36.1504828Z ##[endgroup]
2025-02-19T21:34:36.1520136Z Temporarily overriding HOME='/home/runner/work/_temp/dc4b7e7e-7446-4ebe-9c5c-462874a1310e' before making global git config changes
2025-02-19T21:34:36.1522560Z Adding repository directory to the temporary git global config as a safe directory
2025-02-19T21:34:36.1526602Z [command]/usr/bin/git config --global --add safe.directory /home/runner/work/tardis/tardis
2025-02-19T21:34:36.1562227Z Deleting the contents of '/home/runner/work/tardis/tardis'
2025-02-19T21:34:36.1566427Z ##[group]Initializing the repository
2025-02-19T21:34:36.1571252Z [command]/usr/bin/git init /home/runner/work/tardis/tardis
2025-02-19T21:34:36.1657714Z hint: Using 'master' as the name for the initial branch. This default branch name
2025-02-19T21:34:36.1659095Z hint: is subject to change. To configure the initial branch name to use in all
2025-02-19T21:34:36.1660210Z hint: of your new repositories, which will suppress this warning, call:
2025-02-19T21:34:36.1660874Z hint:
2025-02-19T21:34:36.1661488Z hint: 	git config --global init.defaultBranch <name>
2025-02-19T21:34:36.1662551Z hint:
2025-02-19T21:34:36.1663131Z hint: Names commonly chosen instead of 'master' are 'main', 'trunk' and
2025-02-19T21:34:36.1664545Z hint: 'development'. The just-created branch can be renamed via this command:
2025-02-19T21:34:36.1665870Z hint:
2025-02-19T21:34:36.1666598Z hint: 	git branch -m <name>
2025-02-19T21:34:36.1667855Z Initialized empty Git repository in /home/runner/work/tardis/tardis/.git/
2025-02-19T21:34:36.1675481Z [command]/usr/bin/git remote add origin https://github.com/tardis-sn/tardis
2025-02-19T21:34:36.1706464Z ##[endgroup]
2025-02-19T21:34:36.1707673Z ##[group]Disabling automatic garbage collection
2025-02-19T21:34:36.1711615Z [command]/usr/bin/git config --local gc.auto 0
2025-02-19T21:34:36.1740321Z ##[endgroup]
2025-02-19T21:34:36.1741557Z ##[group]Setting up auth
2025-02-19T21:34:36.1747764Z [command]/usr/bin/git config --local --name-only --get-regexp core\.sshCommand
2025-02-19T21:34:36.1777586Z [command]/usr/bin/git submodule foreach --recursive sh -c "git config --local --name-only --get-regexp 'core\.sshCommand' && git config --local --unset-all 'core.sshCommand' || :"
2025-02-19T21:34:36.2059088Z [command]/usr/bin/git config --local --name-only --get-regexp http\.https\:\/\/github\.com\/\.extraheader
2025-02-19T21:34:36.2086958Z [command]/usr/bin/git submodule foreach --recursive sh -c "git config --local --name-only --get-regexp 'http\.https\:\/\/github\.com\/\.extraheader' && git config --local --unset-all 'http.https://github.com/.extraheader' || :"
2025-02-19T21:34:36.2316319Z [command]/usr/bin/git config --local http.https://github.com/.extraheader AUTHORIZATION: basic ***
2025-02-19T21:34:36.2352870Z ##[endgroup]
2025-02-19T21:34:36.2353639Z ##[group]Fetching the repository
2025-02-19T21:34:36.2362331Z [command]/usr/bin/git -c protocol.version=2 fetch --no-tags --prune --no-recurse-submodules --depth=1 origin +9f2905f05c2cc36acf73c90262c882a2bc8ae3c8:refs/remotes/pull/2983/merge
2025-02-19T21:34:37.3620859Z From https://github.com/tardis-sn/tardis
2025-02-19T21:34:37.3622065Z  * [new ref]         9f2905f05c2cc36acf73c90262c882a2bc8ae3c8 -> pull/2983/merge
2025-02-19T21:34:37.3654202Z ##[endgroup]
2025-02-19T21:34:37.3655008Z ##[group]Determining the checkout info
2025-02-19T21:34:37.3656716Z ##[endgroup]
2025-02-19T21:34:37.3664279Z [command]/usr/bin/git sparse-checkout disable
2025-02-19T21:34:37.3709158Z [command]/usr/bin/git config --local --unset-all extensions.worktreeConfig
2025-02-19T21:34:37.3746242Z ##[group]Checking out the ref
2025-02-19T21:34:37.3747062Z [command]/usr/bin/git checkout --progress --force refs/remotes/pull/2983/merge
2025-02-19T21:34:37.5802564Z Note: switching to 'refs/remotes/pull/2983/merge'.
2025-02-19T21:34:37.5803500Z 
2025-02-19T21:34:37.5804200Z You are in 'detached HEAD' state. You can look around, make experimental
2025-02-19T21:34:37.5805398Z changes and commit them, and you can discard any commits you make in this
2025-02-19T21:34:37.5806607Z state without impacting any branches by switching back to a branch.
2025-02-19T21:34:37.5807676Z 
2025-02-19T21:34:37.5808191Z If you want to create a new branch to retain commits you create, you may
2025-02-19T21:34:37.5809471Z do so (now or later) by using -c with the switch command. Example:
2025-02-19T21:34:37.5810099Z 
2025-02-19T21:34:37.5810418Z   git switch -c <new-branch-name>
2025-02-19T21:34:37.5810874Z 
2025-02-19T21:34:37.5811196Z Or undo this operation with:
2025-02-19T21:34:37.5811654Z 
2025-02-19T21:34:37.5811934Z   git switch -
2025-02-19T21:34:37.5812359Z 
2025-02-19T21:34:37.5813031Z Turn off this advice by setting config variable advice.detachedHead to false
2025-02-19T21:34:37.5813886Z 
2025-02-19T21:34:37.5814798Z HEAD is now at 9f2905f Merge 5dc751ea05f67bda52286343957fb4a33ac53276 into cec8b531cc56e66219fe3ca2efdbf837c008b852
2025-02-19T21:34:37.5825379Z ##[endgroup]
2025-02-19T21:34:37.5865055Z [command]/usr/bin/git log -1 --format=%H
2025-02-19T21:34:37.5888441Z 9f2905f05c2cc36acf73c90262c882a2bc8ae3c8
2025-02-19T21:34:37.6239159Z Prepare all required actions
2025-02-19T21:34:37.6240708Z Getting action download info
2025-02-19T21:34:37.7565956Z ##[group]Download immutable action package 'actions/cache@v4'
2025-02-19T21:34:37.7567444Z Version: 4.2.1
2025-02-19T21:34:37.7568862Z Digest: sha256:b0404c9628d43aa6855629075b28f32cadf8efc5c26198438149f78500112940
2025-02-19T21:34:37.7570741Z Source commit SHA: 0c907a75c2c80ebcb7f088228285e798b750cf8f
2025-02-19T21:34:37.7572024Z ##[endgroup]
2025-02-19T21:34:37.9843612Z ##[group]Run ./.github/actions/setup_lfs
2025-02-19T21:34:37.9844487Z with:
2025-02-19T21:34:37.9845286Z   regression-data-repo: tardis-sn/tardis-regression-data
2025-02-19T21:34:37.9846183Z   atom-data-sparse: false
2025-02-19T21:34:37.9846929Z env:
2025-02-19T21:34:37.9847604Z   CACHE_NUMBER: 0
2025-02-19T21:34:37.9848907Z   PYTEST_FLAGS: --tardis-regression-data=/home/runner/work/tardis/tardis/tardis-regression-data --cov=tardis --cov-report=xml --cov-report=html --cov-append
2025-02-19T21:34:37.9850449Z   CODECOV_TOKEN: 
2025-02-19T21:34:37.9851164Z ##[endgroup]
2025-02-19T21:34:38.0023511Z ##[group]Run actions/checkout@v4
2025-02-19T21:34:38.0024295Z with:
2025-02-19T21:34:38.0025042Z   repository: tardis-sn/tardis-regression-data
2025-02-19T21:34:38.0025899Z   path: tardis-regression-data
2025-02-19T21:34:38.0026660Z   lfs: false
2025-02-19T21:34:38.0027538Z   token: ***
2025-02-19T21:34:38.0028249Z   ssh-strict: true
2025-02-19T21:34:38.0028967Z   ssh-user: git
2025-02-19T21:34:38.0029824Z   persist-credentials: true
2025-02-19T21:34:38.0030576Z   clean: true
2025-02-19T21:34:38.0031311Z   sparse-checkout-cone-mode: true
2025-02-19T21:34:38.0032112Z   fetch-depth: 1
2025-02-19T21:34:38.0032834Z   fetch-tags: false
2025-02-19T21:34:38.0033555Z   show-progress: true
2025-02-19T21:34:38.0034280Z   submodules: false
2025-02-19T21:34:38.0035012Z   set-safe-directory: true
2025-02-19T21:34:38.0035751Z env:
2025-02-19T21:34:38.0036419Z   CACHE_NUMBER: 0
2025-02-19T21:34:38.0037689Z   PYTEST_FLAGS: --tardis-regression-data=/home/runner/work/tardis/tardis/tardis-regression-data --cov=tardis --cov-report=xml --cov-report=html --cov-append
2025-02-19T21:34:38.0038975Z   CODECOV_TOKEN: 
2025-02-19T21:34:38.0039780Z ##[endgroup]
2025-02-19T21:34:38.0975192Z Syncing repository: tardis-sn/tardis-regression-data
2025-02-19T21:34:38.0982317Z ##[group]Getting Git version info
2025-02-19T21:34:38.0983414Z Working directory is '/home/runner/work/tardis/tardis/tardis-regression-data'
2025-02-19T21:34:38.1025060Z [command]/usr/bin/git version
2025-02-19T21:34:38.1068047Z git version 2.48.1
2025-02-19T21:34:38.1095571Z ##[endgroup]
2025-02-19T21:34:38.1106324Z Temporarily overriding HOME='/home/runner/work/_temp/6eda11db-b011-44a8-97e2-6110f8d1cfea' before making global git config changes
2025-02-19T21:34:38.1108553Z Adding repository directory to the temporary git global config as a safe directory
2025-02-19T21:34:38.1111432Z [command]/usr/bin/git config --global --add safe.directory /home/runner/work/tardis/tardis/tardis-regression-data
2025-02-19T21:34:38.1141029Z ##[group]Initializing the repository
2025-02-19T21:34:38.1145602Z [command]/usr/bin/git init /home/runner/work/tardis/tardis/tardis-regression-data
2025-02-19T21:34:38.1179526Z hint: Using 'master' as the name for the initial branch. This default branch name
2025-02-19T21:34:38.1181484Z hint: is subject to change. To configure the initial branch name to use in all
2025-02-19T21:34:38.1182860Z hint: of your new repositories, which will suppress this warning, call:
2025-02-19T21:34:38.1183792Z hint:
2025-02-19T21:34:38.1184595Z hint: 	git config --global init.defaultBranch <name>
2025-02-19T21:34:38.1185793Z hint:
2025-02-19T21:34:38.1186858Z hint: Names commonly chosen instead of 'master' are 'main', 'trunk' and
2025-02-19T21:34:38.1188114Z hint: 'development'. The just-created branch can be renamed via this command:
2025-02-19T21:34:38.1189053Z hint:
2025-02-19T21:34:38.1190049Z hint: 	git branch -m <name>
2025-02-19T21:34:38.1191441Z Initialized empty Git repository in /home/runner/work/tardis/tardis/tardis-regression-data/.git/
2025-02-19T21:34:38.1194285Z [command]/usr/bin/git remote add origin https://github.com/tardis-sn/tardis-regression-data
2025-02-19T21:34:38.1225298Z ##[endgroup]
2025-02-19T21:34:38.1227290Z ##[group]Disabling automatic garbage collection
2025-02-19T21:34:38.1230060Z [command]/usr/bin/git config --local gc.auto 0
2025-02-19T21:34:38.1259731Z ##[endgroup]
2025-02-19T21:34:38.1261753Z ##[group]Setting up auth
2025-02-19T21:34:38.1266668Z [command]/usr/bin/git config --local --name-only --get-regexp core\.sshCommand
2025-02-19T21:34:38.1296638Z [command]/usr/bin/git submodule foreach --recursive sh -c "git config --local --name-only --get-regexp 'core\.sshCommand' && git config --local --unset-all 'core.sshCommand' || :"
2025-02-19T21:34:38.1516216Z [command]/usr/bin/git config --local --name-only --get-regexp http\.https\:\/\/github\.com\/\.extraheader
2025-02-19T21:34:38.1544442Z [command]/usr/bin/git submodule foreach --recursive sh -c "git config --local --name-only --get-regexp 'http\.https\:\/\/github\.com\/\.extraheader' && git config --local --unset-all 'http.https://github.com/.extraheader' || :"
2025-02-19T21:34:38.1772639Z [command]/usr/bin/git config --local http.https://github.com/.extraheader AUTHORIZATION: basic ***
2025-02-19T21:34:38.1808944Z ##[endgroup]
2025-02-19T21:34:38.1813204Z ##[group]Determining the default branch
2025-02-19T21:34:38.1813734Z Retrieving the default branch name
2025-02-19T21:34:38.3619137Z Default branch 'main'
2025-02-19T21:34:38.3621008Z ##[endgroup]
2025-02-19T21:34:38.3621735Z ##[group]Fetching the repository
2025-02-19T21:34:38.3627108Z [command]/usr/bin/git -c protocol.version=2 fetch --no-tags --prune --no-recurse-submodules --depth=1 origin +refs/heads/main:refs/remotes/origin/main
2025-02-19T21:34:38.6138243Z From https://github.com/tardis-sn/tardis-regression-data
2025-02-19T21:34:38.6138798Z  * [new branch]      main       -> origin/main
2025-02-19T21:34:38.6164416Z ##[endgroup]
2025-02-19T21:34:38.6165221Z ##[group]Determining the checkout info
2025-02-19T21:34:38.6166444Z ##[endgroup]
2025-02-19T21:34:38.6172386Z [command]/usr/bin/git sparse-checkout disable
2025-02-19T21:34:38.6209198Z [command]/usr/bin/git config --local --unset-all extensions.worktreeConfig
2025-02-19T21:34:38.6235564Z ##[group]Checking out the ref
2025-02-19T21:34:38.6239524Z [command]/usr/bin/git checkout --progress --force -B main refs/remotes/origin/main
2025-02-19T21:34:39.7593927Z Updating files:   3% (8/238)
2025-02-19T21:34:39.7597979Z Updating files:   4% (10/238)
2025-02-19T21:34:39.7604912Z Updating files:   5% (12/238)
2025-02-19T21:34:39.7673760Z Updating files:   6% (15/238)
2025-02-19T21:34:39.7680819Z Updating files:   7% (17/238)
2025-02-19T21:34:39.7688123Z Updating files:   8% (20/238)
2025-02-19T21:34:39.7694051Z Updating files:   9% (22/238)
2025-02-19T21:34:39.7699810Z Updating files:  10% (24/238)
2025-02-19T21:34:39.7704163Z Updating files:  11% (27/238)
2025-02-19T21:34:39.7708405Z Updating files:  12% (29/238)
2025-02-19T21:34:39.7715608Z Updating files:  13% (31/238)
2025-02-19T21:34:39.7720145Z Updating files:  14% (34/238)
2025-02-19T21:34:39.7725752Z Updating files:  15% (36/238)
2025-02-19T21:34:39.7857585Z Updating files:  16% (39/238)
2025-02-19T21:34:39.7861795Z Updating files:  17% (41/238)
2025-02-19T21:34:39.7866659Z Updating files:  18% (43/238)
2025-02-19T21:34:39.7869109Z Updating files:  19% (46/238)
2025-02-19T21:34:39.7873657Z Updating files:  20% (48/238)
2025-02-19T21:34:39.7879177Z Updating files:  21% (50/238)
2025-02-19T21:34:39.7882637Z Updating files:  22% (53/238)
2025-02-19T21:34:39.7888890Z Updating files:  23% (55/238)
2025-02-19T21:34:39.7893356Z Updating files:  24% (58/238)
2025-02-19T21:34:39.7897718Z Updating files:  25% (60/238)
2025-02-19T21:34:39.7906411Z Updating files:  26% (62/238)
2025-02-19T21:34:39.7910358Z Updating files:  27% (65/238)
2025-02-19T21:34:39.7916080Z Updating files:  28% (67/238)
2025-02-19T21:34:39.7920053Z Updating files:  29% (70/238)
2025-02-19T21:34:39.7924672Z Updating files:  30% (72/238)
2025-02-19T21:34:39.7929571Z Updating files:  31% (74/238)
2025-02-19T21:34:39.7933565Z Updating files:  32% (77/238)
2025-02-19T21:34:39.7937645Z Updating files:  33% (79/238)
2025-02-19T21:34:39.7946062Z Updating files:  34% (81/238)
2025-02-19T21:34:39.7949862Z Updating files:  35% (84/238)
2025-02-19T21:34:39.7956679Z Updating files:  36% (86/238)
2025-02-19T21:34:39.7961163Z Updating files:  37% (89/238)
2025-02-19T21:34:39.7966308Z Updating files:  38% (91/238)
2025-02-19T21:34:39.7971842Z Updating files:  39% (93/238)
2025-02-19T21:34:39.7975611Z Updating files:  40% (96/238)
2025-02-19T21:34:39.7979728Z Updating files:  41% (98/238)
2025-02-19T21:34:39.7989832Z Updating files:  42% (100/238)
2025-02-19T21:34:39.7995011Z Updating files:  43% (103/238)
2025-02-19T21:34:39.7999209Z Updating files:  44% (105/238)
2025-02-19T21:34:39.8003230Z Updating files:  45% (108/238)
2025-02-19T21:34:39.8007353Z Updating files:  46% (110/238)
2025-02-19T21:34:39.8012538Z Updating files:  47% (112/238)
2025-02-19T21:34:39.8016062Z Updating files:  48% (115/238)
2025-02-19T21:34:39.8020305Z Updating files:  49% (117/238)
2025-02-19T21:34:39.8028362Z Updating files:  50% (119/238)
2025-02-19T21:34:39.8035357Z Updating files:  51% (122/238)
2025-02-19T21:34:39.8041257Z Updating files:  52% (124/238)
2025-02-19T21:34:39.8045716Z Updating files:  53% (127/238)
2025-02-19T21:34:39.8049097Z Updating files:  54% (129/238)
2025-02-19T21:34:39.8055440Z Updating files:  55% (131/238)
2025-02-19T21:34:39.8059640Z Updating files:  56% (134/238)
2025-02-19T21:34:39.8066872Z Updating files:  57% (136/238)
2025-02-19T21:34:39.8070141Z Updating files:  58% (139/238)
2025-02-19T21:34:39.8076007Z Updating files:  59% (141/238)
2025-02-19T21:34:39.8081540Z Updating files:  60% (143/238)
2025-02-19T21:34:39.8084605Z Updating files:  61% (146/238)
2025-02-19T21:34:39.8088359Z Updating files:  62% (148/238)
2025-02-19T21:34:39.8094637Z Updating files:  63% (150/238)
2025-02-19T21:34:39.8098540Z Updating files:  64% (153/238)
2025-02-19T21:34:39.8103908Z Updating files:  65% (155/238)
2025-02-19T21:34:39.8107408Z Updating files:  66% (158/238)
2025-02-19T21:34:39.8111370Z Updating files:  67% (160/238)
2025-02-19T21:34:39.8116134Z Updating files:  68% (162/238)
2025-02-19T21:34:39.8119681Z Updating files:  69% (165/238)
2025-02-19T21:34:39.8123854Z Updating files:  70% (167/238)
2025-02-19T21:34:39.8130830Z Updating files:  71% (169/238)
2025-02-19T21:34:39.8134692Z Updating files:  72% (172/238)
2025-02-19T21:34:39.8139598Z Updating files:  73% (174/238)
2025-02-19T21:34:39.8142216Z Updating files:  74% (177/238)
2025-02-19T21:34:39.8146468Z Updating files:  75% (179/238)
2025-02-19T21:34:39.8150191Z Updating files:  76% (181/238)
2025-02-19T21:34:39.8153110Z Updating files:  77% (184/238)
2025-02-19T21:34:39.8159460Z Updating files:  78% (186/238)
2025-02-19T21:34:39.8165762Z Updating files:  79% (189/238)
2025-02-19T21:34:39.8168319Z Updating files:  80% (191/238)
2025-02-19T21:34:39.8172577Z Updating files:  81% (193/238)
2025-02-19T21:34:39.8175376Z Updating files:  82% (196/238)
2025-02-19T21:34:39.8178407Z Updating files:  83% (198/238)
2025-02-19T21:34:39.8182389Z Updating files:  84% (200/238)
2025-02-19T21:34:39.8186060Z Updating files:  85% (203/238)
2025-02-19T21:34:39.8191318Z Updating files:  86% (205/238)
2025-02-19T21:34:39.8196705Z Updating files:  87% (208/238)
2025-02-19T21:34:39.8199926Z Updating files:  88% (210/238)
2025-02-19T21:34:39.8205860Z Updating files:  89% (212/238)
2025-02-19T21:34:39.8208516Z Updating files:  90% (215/238)
2025-02-19T21:34:39.8211436Z Updating files:  91% (217/238)
2025-02-19T21:34:39.8217168Z Updating files:  92% (219/238)
2025-02-19T21:34:39.8222195Z Updating files:  93% (222/238)
2025-02-19T21:34:39.8228167Z Updating files:  94% (224/238)
2025-02-19T21:34:39.8231523Z Updating files:  95% (227/238)
2025-02-19T21:34:39.8234819Z Updating files:  96% (229/238)
2025-02-19T21:34:39.8239897Z Updating files:  97% (231/238)
2025-02-19T21:34:39.8243882Z Updating files:  98% (234/238)
2025-02-19T21:34:39.8247817Z Updating files:  99% (236/238)
2025-02-19T21:34:39.8248152Z Updating files: 100% (238/238)
2025-02-19T21:34:39.8248403Z Updating files: 100% (238/238), done.
2025-02-19T21:34:39.8265026Z Switched to a new branch 'main'
2025-02-19T21:34:39.8268344Z branch 'main' set up to track 'origin/main'.
2025-02-19T21:34:39.8563653Z ##[endgroup]
2025-02-19T21:34:39.8568297Z [command]/usr/bin/git log -1 --format=%H
2025-02-19T21:34:39.8591549Z 84e768462f20f09fbccc05625cdcc1d8ffbe404c
2025-02-19T21:34:39.8734030Z ##[group]Run if [ "false" == "true" ]; then
2025-02-19T21:34:39.8734422Z [36;1mif [ "false" == "true" ]; then[0m
2025-02-19T21:34:39.8734740Z [36;1m  echo "Using atom data sparse checkout"[0m
2025-02-19T21:34:39.8735116Z [36;1m  echo "atom_data/kurucz_cd23_chianti_H_He.h5" > .lfs-files-list[0m
2025-02-19T21:34:39.8735432Z [36;1melse[0m
2025-02-19T21:34:39.8735645Z [36;1m  echo "Using full repository checkout"[0m
2025-02-19T21:34:39.8736028Z [36;1m  git lfs ls-files -l | cut -d' ' -f1 | sort > .lfs-files-list[0m
2025-02-19T21:34:39.8736332Z [36;1mfi[0m
2025-02-19T21:34:39.8888999Z shell: /usr/bin/bash --noprofile --norc -e -o pipefail {0}
2025-02-19T21:34:39.8889621Z env:
2025-02-19T21:34:39.8889799Z   CACHE_NUMBER: 0
2025-02-19T21:34:39.8890413Z   PYTEST_FLAGS: --tardis-regression-data=/home/runner/work/tardis/tardis/tardis-regression-data --cov=tardis --cov-report=xml --cov-report=html --cov-append
2025-02-19T21:34:39.8891074Z   CODECOV_TOKEN: 
2025-02-19T21:34:39.8891259Z ##[endgroup]
2025-02-19T21:34:39.8983165Z Using full repository checkout
2025-02-19T21:34:40.0539101Z ##[group]Run actions/cache/restore@v4
2025-02-19T21:34:40.0539630Z with:
2025-02-19T21:34:40.0539847Z   path: tardis-regression-data/.git/lfs
2025-02-19T21:34:40.0540578Z   key: tardis-regression-full-data-c8ff2bbb6048b3f24d3f52a1e85b013ad47e52c369a6ce4cfdeff528b659b86f-tardis-sn/tardis-regression-data-v1
2025-02-19T21:34:40.0541297Z   fail-on-cache-miss: true
2025-02-19T21:34:40.0541586Z   enableCrossOsArchive: false
2025-02-19T21:34:40.0541818Z   lookup-only: false
2025-02-19T21:34:40.0542007Z env:
2025-02-19T21:34:40.0542174Z   CACHE_NUMBER: 0
2025-02-19T21:34:40.0542788Z   PYTEST_FLAGS: --tardis-regression-data=/home/runner/work/tardis/tardis/tardis-regression-data --cov=tardis --cov-report=xml --cov-report=html --cov-append
2025-02-19T21:34:40.0543440Z   CODECOV_TOKEN: 
2025-02-19T21:34:40.0543623Z ##[endgroup]
2025-02-19T21:34:40.2535805Z Cache hit for: tardis-regression-full-data-c8ff2bbb6048b3f24d3f52a1e85b013ad47e52c369a6ce4cfdeff528b659b86f-tardis-sn/tardis-regression-data-v1
2025-02-19T21:34:41.2954829Z Received 180355072 of 2161656325 (8.3%), 170.1 MBs/sec
2025-02-19T21:34:42.2957983Z Received 402653184 of 2161656325 (18.6%), 190.9 MBs/sec
2025-02-19T21:34:43.2958511Z Received 641728512 of 2161656325 (29.7%), 203.3 MBs/sec
2025-02-19T21:34:44.2967056Z Received 880803840 of 2161656325 (40.7%), 209.4 MBs/sec
2025-02-19T21:34:45.3092670Z Received 1124073472 of 2161656325 (52.0%), 213.3 MBs/sec
2025-02-19T21:34:46.3095913Z Received 1375731712 of 2161656325 (63.6%), 217.8 MBs/sec
2025-02-19T21:34:47.3961669Z Received 1610612736 of 2161656325 (74.5%), 216.0 MBs/sec
2025-02-19T21:34:48.4334844Z Received 1879048192 of 2161656325 (86.9%), 219.9 MBs/sec
2025-02-19T21:34:49.5234394Z Received 2147483648 of 2161656325 (99.3%), 221.7 MBs/sec
2025-02-19T21:34:49.6250436Z Received 2161656325 of 2161656325 (100.0%), 220.7 MBs/sec
2025-02-19T21:34:49.6253310Z Cache Size: ~2062 MB (2161656325 B)
2025-02-19T21:34:49.6291454Z [command]/usr/bin/tar -xf /home/runner/work/_temp/28ef842f-f350-40fe-adfc-a5e60db18745/cache.tzst -P -C /home/runner/work/tardis/tardis --use-compress-program unzstd
2025-02-19T21:35:00.5410447Z Cache restored successfully
2025-02-19T21:35:00.9258012Z Cache restored from key: tardis-regression-full-data-c8ff2bbb6048b3f24d3f52a1e85b013ad47e52c369a6ce4cfdeff528b659b86f-tardis-sn/tardis-regression-data-v1
2025-02-19T21:35:00.9396070Z ##[group]Run git lfs checkout
2025-02-19T21:35:00.9396517Z [36;1mgit lfs checkout[0m
2025-02-19T21:35:00.9450809Z shell: /usr/bin/bash --noprofile --norc -e -o pipefail {0}
2025-02-19T21:35:00.9451126Z env:
2025-02-19T21:35:00.9451297Z   CACHE_NUMBER: 0
2025-02-19T21:35:00.9451894Z   PYTEST_FLAGS: --tardis-regression-data=/home/runner/work/tardis/tardis/tardis-regression-data --cov=tardis --cov-report=xml --cov-report=html --cov-append
2025-02-19T21:35:00.9452536Z   CODECOV_TOKEN: 
2025-02-19T21:35:00.9452720Z ##[endgroup]
2025-02-19T21:35:20.9252542Z Checking out LFS objects: 100% (204/204), 5.7 GB | 256 MB/s, done.
2025-02-19T21:35:24.0770989Z Prepare all required actions
2025-02-19T21:35:24.0771338Z Getting action download info
2025-02-19T21:35:24.1718016Z Download action repository 'mamba-org/setup-micromamba@v1' (SHA:4b9113af4fba0e9e1124b252dd6497a419e7396d)
2025-02-19T21:35:24.3713123Z ##[group]Run ./.github/actions/setup_env
2025-02-19T21:35:24.3713381Z with:
2025-02-19T21:35:24.3713566Z   os-label: linux-64
2025-02-19T21:35:24.3713766Z env:
2025-02-19T21:35:24.3713938Z   CACHE_NUMBER: 0
2025-02-19T21:35:24.3714540Z   PYTEST_FLAGS: --tardis-regression-data=/home/runner/work/tardis/tardis/tardis-regression-data --cov=tardis --cov-report=xml --cov-report=html --cov-append
2025-02-19T21:35:24.3715170Z   CODECOV_TOKEN: 
2025-02-19T21:35:24.3715354Z ##[endgroup]
2025-02-19T21:35:24.3735950Z ##[group]Run file_hash=$(cat conda-linux-64.lock | shasum -a 256 | cut -d' ' -f1)
2025-02-19T21:35:24.3736449Z [36;1mfile_hash=$(cat conda-linux-64.lock | shasum -a 256 | cut -d' ' -f1)[0m
2025-02-19T21:35:24.3737005Z [36;1mecho "file_hash=tardis-conda-env-linux-64-${file_hash}-v1" >> "${GITHUB_OUTPUT}"[0m
2025-02-19T21:35:24.3792797Z shell: /usr/bin/bash --noprofile --norc -e -o pipefail {0}
2025-02-19T21:35:24.3793119Z env:
2025-02-19T21:35:24.3793290Z   CACHE_NUMBER: 0
2025-02-19T21:35:24.3793891Z   PYTEST_FLAGS: --tardis-regression-data=/home/runner/work/tardis/tardis/tardis-regression-data --cov=tardis --cov-report=xml --cov-report=html --cov-append
2025-02-19T21:35:24.3794573Z   CODECOV_TOKEN: 
2025-02-19T21:35:24.3794758Z ##[endgroup]
2025-02-19T21:35:24.4597031Z ##[group]Run mamba-org/setup-micromamba@v1
2025-02-19T21:35:24.4597280Z with:
2025-02-19T21:35:24.4597473Z   environment-file: conda-linux-64.lock
2025-02-19T21:35:24.4598019Z   cache-environment-key: tardis-conda-env-linux-64-d7cd390425b0fd3cf82649dcc003efba9915fb4928f15d342148c3ccffcbe2ee-v1
2025-02-19T21:35:24.4598838Z   cache-downloads-key: tardis-conda-env-linux-64-d7cd390425b0fd3cf82649dcc003efba9915fb4928f15d342148c3ccffcbe2ee-v1
2025-02-19T21:35:24.4599595Z   environment-name: tardis
2025-02-19T21:35:24.4599828Z   cache-environment: true
2025-02-19T21:35:24.4600033Z   cache-downloads: true
2025-02-19T21:35:24.4600230Z env:
2025-02-19T21:35:24.4600393Z   CACHE_NUMBER: 0
2025-02-19T21:35:24.4600982Z   PYTEST_FLAGS: --tardis-regression-data=/home/runner/work/tardis/tardis/tardis-regression-data --cov=tardis --cov-report=xml --cov-report=html --cov-append
2025-02-19T21:35:24.4601609Z   CODECOV_TOKEN: 
2025-02-19T21:35:24.4601982Z ##[endgroup]
2025-02-19T21:35:24.5945965Z Will download micromamba to /home/runner/micromamba-bin/micromamba
2025-02-19T21:35:24.5956885Z ##[group]Install micromamba
2025-02-19T21:35:24.8439500Z micromamba installed to /home/runner/micromamba-bin/micromamba
2025-02-19T21:35:24.8440080Z ##[endgroup]
2025-02-19T21:35:24.8441307Z Adding conda-forge to condarc channels ...
2025-02-19T21:35:24.8450782Z ##[group]Initialize micromamba for bash.
2025-02-19T21:35:24.8466816Z [command]/home/runner/micromamba-bin/micromamba shell init -s bash -r /home/runner/micromamba --log-level warning --rc-file /home/runner/work/_temp/setup-micromamba/.condarc
2025-02-19T21:35:24.8575341Z Modifying RC file "/home/runner/.bashrc"
2025-02-19T21:35:24.8576375Z Generating config for root prefix [1m"/home/runner/micromamba"[0m
2025-02-19T21:35:24.8576950Z Setting mamba executable to: [1m"/home/runner/micromamba-bin/micromamba"[0m
2025-02-19T21:35:24.8577565Z Adding (or replacing) the following in your "/home/runner/.bashrc" file
2025-02-19T21:35:24.8577861Z 
2025-02-19T21:35:24.8577948Z # >>> mamba initialize >>>
2025-02-19T21:35:24.8578230Z # !! Contents within this block are managed by 'mamba init' !!
2025-02-19T21:35:24.8578593Z export MAMBA_EXE='/home/runner/micromamba-bin/micromamba';
2025-02-19T21:35:24.8578931Z export MAMBA_ROOT_PREFIX='/home/runner/micromamba';
2025-02-19T21:35:24.8579617Z __mamba_setup="$("$MAMBA_EXE" shell hook --shell bash --root-prefix "$MAMBA_ROOT_PREFIX" 2> /dev/null)"
2025-02-19T21:35:24.8580035Z if [ $? -eq 0 ]; then
2025-02-19T21:35:24.8580506Z     eval "$__mamba_setup"
2025-02-19T21:35:24.8580724Z else
2025-02-19T21:35:24.8580985Z     alias micromamba="$MAMBA_EXE"  # Fallback on help from mamba activate
2025-02-19T21:35:24.8581316Z fi
2025-02-19T21:35:24.8581478Z unset __mamba_setup
2025-02-19T21:35:24.8581673Z # <<< mamba initialize <<<
2025-02-19T21:35:24.8581805Z 
2025-02-19T21:35:24.8593068Z Moving mamba initialize block to .bash_profile
2025-02-19T21:35:24.8604207Z ##[endgroup]
2025-02-19T21:35:24.8605429Z ##[group]Restoring downloads from `/home/runner/micromamba/pkgs` ...
2025-02-19T21:35:25.9395175Z Received 301989888 of 356815776 (84.6%), 287.7 MBs/sec
2025-02-19T21:35:26.1026565Z Cache Size: ~340 MB (356815776 B)
2025-02-19T21:35:26.1063318Z [command]/usr/bin/tar -xf /home/runner/work/_temp/87afe364-b471-460a-aa18-912c80beaa42/cache.tzst -P -C /home/runner/work/tardis/tardis --use-compress-program unzstd
2025-02-19T21:35:26.5859789Z Cache restored successfully
2025-02-19T21:35:26.6596052Z Restored cache with key `tardis-conda-env-linux-64-d7cd390425b0fd3cf82649dcc003efba9915fb4928f15d342148c3ccffcbe2ee-v1-linux-64`
2025-02-19T21:35:26.6597553Z ##[endgroup]
2025-02-19T21:35:26.6608341Z ##[group]Restoring environment `tardis` from `/home/runner/micromamba/envs/tardis` ...
2025-02-19T21:35:26.9402544Z Received 356815776 of 356815776 (100.0%), 170.1 MBs/sec
2025-02-19T21:35:27.7227456Z Received 339738624 of 444032293 (76.5%), 323.7 MBs/sec
2025-02-19T21:35:28.0399756Z Cache Size: ~423 MB (444032293 B)
2025-02-19T21:35:28.0502224Z [command]/usr/bin/tar -xf /home/runner/work/_temp/c1e05cfd-04a1-4acf-92ac-a5ba2b5e9ff2/cache.tzst -P -C /home/runner/work/tardis/tardis --use-compress-program unzstd
2025-02-19T21:35:28.7236621Z Received 444032293 of 444032293 (100.0%), 211.5 MBs/sec
2025-02-19T21:35:33.3133618Z Cache restored successfully
2025-02-19T21:35:33.3891396Z Restored cache with key `tardis-conda-env-linux-64-d7cd390425b0fd3cf82649dcc003efba9915fb4928f15d342148c3ccffcbe2ee-v1-linux-64-tardis-args-4f53cda-root-dcc80ee-bin-[object Promise]-file-d7cd390425b0fd3cf82649dcc003efba9915fb4928f15d342148c3ccffcbe2ee`
2025-02-19T21:35:33.3894343Z ##[endgroup]
2025-02-19T21:35:33.3895778Z Adding environment tardis to auto-activate bash ...
2025-02-19T21:35:33.3902048Z Generating micromamba run shell.
2025-02-19T21:35:33.3911762Z ##[endgroup]
2025-02-19T21:35:33.3917082Z Set environment variables.
2025-02-19T21:35:33.3927828Z ##[group]micromamba info
2025-02-19T21:35:33.3930200Z [command]/home/runner/micromamba-bin/micromamba info -r /home/runner/micromamba -n tardis
2025-02-19T21:35:33.4154088Z 
2025-02-19T21:35:33.4154341Z        libmamba version : 1.5.10
2025-02-19T21:35:33.4154777Z      micromamba version : 1.5.10
2025-02-19T21:35:33.4155399Z            curl version : libcurl/8.10.1 OpenSSL/3.3.2 zlib/1.3.1 zstd/1.5.6 libssh2/1.11.0 nghttp2/1.58.0
2025-02-19T21:35:33.4155947Z      libarchive version : libarchive 3.7.4 zlib/1.2.13 bz2lib/1.0.8 libzstd/1.5.6
2025-02-19T21:35:33.4156349Z        envs directories : /home/runner/micromamba/envs
2025-02-19T21:35:33.4156694Z           package cache : /home/runner/micromamba/pkgs
2025-02-19T21:35:33.4156999Z                           /home/runner/.mamba/pkgs
2025-02-19T21:35:33.4157268Z             environment : tardis
2025-02-19T21:35:33.4157559Z            env location : /home/runner/micromamba/envs/tardis
2025-02-19T21:35:33.4157888Z       user config files : /home/runner/.mambarc
2025-02-19T21:35:33.4158273Z  populated config files : /home/runner/work/_temp/setup-micromamba/.condarc
2025-02-19T21:35:33.4158645Z        virtual packages : __unix=0=0
2025-02-19T21:35:33.4158897Z                           __linux=6.8.0=0
2025-02-19T21:35:33.4159138Z                           __glibc=2.39=0
2025-02-19T21:35:33.4159608Z                           __archspec=1=x86_64_v3
2025-02-19T21:35:33.4159961Z                channels : https://conda.anaconda.org/conda-forge/linux-64
2025-02-19T21:35:33.4160334Z                           https://conda.anaconda.org/conda-forge/noarch
2025-02-19T21:35:33.4160919Z        base environment : /home/runner/micromamba
2025-02-19T21:35:33.4161213Z                platform : linux-64
2025-02-19T21:35:33.4171058Z ##[endgroup]
2025-02-19T21:35:33.4171680Z ##[group]micromamba list
2025-02-19T21:35:33.4173505Z [command]/home/runner/micromamba-bin/micromamba list -r /home/runner/micromamba -n tardis
2025-02-19T21:35:33.8037541Z List of packages in environment: "/home/runner/micromamba/envs/tardis"
2025-02-19T21:35:33.8038208Z 
2025-02-19T21:35:33.8038797Z   Name                           Version              Build                    Channel    
2025-02-19T21:35:33.8040107Z â”€â”€â”€â”€â”€â”€â”€â”€â”€â”€â”€â”€â”€â”€â”€â”€â”€â”€â”€â”€â”€â”€â”€â”€â”€â”€â”€â”€â”€â”€â”€â”€â”€â”€â”€â”€â”€â”€â”€â”€â”€â”€â”€â”€â”€â”€â”€â”€â”€â”€â”€â”€â”€â”€â”€â”€â”€â”€â”€â”€â”€â”€â”€â”€â”€â”€â”€â”€â”€â”€â”€â”€â”€â”€â”€â”€â”€â”€â”€â”€â”€â”€â”€â”€â”€â”€â”€â”€â”€â”€â”€â”€
2025-02-19T21:35:33.8040729Z   _libgcc_mutex                  0.1                  conda_forge              conda-forge
2025-02-19T21:35:33.8041322Z   _openmp_mutex                  4.5                  2_gnu                    conda-forge
2025-02-19T21:35:33.8041944Z   alabaster                      0.7.16               pyhd8ed1ab_0             conda-forge
2025-02-19T21:35:33.8042496Z   anyio                          4.4.0                pyhd8ed1ab_0             conda-forge
2025-02-19T21:35:33.8043052Z   argon2-cffi                    23.1.0               pyhd8ed1ab_0             conda-forge
2025-02-19T21:35:33.8043712Z   argon2-cffi-bindings           21.2.0               py312h98912ed_4          conda-forge
2025-02-19T21:35:33.8044314Z   arrow                          1.3.0                pyhd8ed1ab_0             conda-forge
2025-02-19T21:35:33.8044913Z   astropy                        6.1.1                py312h085067d_0          conda-forge
2025-02-19T21:35:33.8045706Z   astropy-iers-data              0.2024.6.17.0.31.35  pyhd8ed1ab_0             conda-forge
2025-02-19T21:35:33.8046437Z   astropy-sphinx-theme           1.1                  pyhd8ed1ab_0             conda-forge
2025-02-19T21:35:33.8047097Z   asttokens                      2.4.1                pyhd8ed1ab_0             conda-forge
2025-02-19T21:35:33.8047697Z   async-lru                      2.0.4                pyhd8ed1ab_0             conda-forge
2025-02-19T21:35:33.8048235Z   atk-1.0                        2.38.0               h04ea711_2               conda-forge
2025-02-19T21:35:33.8048745Z   attrs                          23.2.0               pyh71513ae_0             conda-forge
2025-02-19T21:35:33.8049438Z   babel                          2.14.0               pyhd8ed1ab_0             conda-forge
2025-02-19T21:35:33.8050478Z   beautifulsoup4                 4.12.3               pyha770c72_0             conda-forge
2025-02-19T21:35:33.8051134Z   bleach                         6.1.0                pyhd8ed1ab_0             conda-forge
2025-02-19T21:35:33.8051685Z   blosc                          1.21.5               hc2324a3_1               conda-forge
2025-02-19T21:35:33.8052249Z   brotli                         1.1.0                hd590300_1               conda-forge
2025-02-19T21:35:33.8052848Z   brotli-bin                     1.1.0                hd590300_1               conda-forge
2025-02-19T21:35:33.8053471Z   brotli-python                  1.1.0                py312h30efb56_1          conda-forge
2025-02-19T21:35:33.8054071Z   bzip2                          1.0.8                hd590300_5               conda-forge
2025-02-19T21:35:33.8054638Z   c-ares                         1.28.1               hd590300_0               conda-forge
2025-02-19T21:35:33.8055220Z   c-blosc2                       2.14.4               hb4ffafa_1               conda-forge
2025-02-19T21:35:33.8055890Z   ca-certificates                2024.6.2             hbcca054_0               conda-forge
2025-02-19T21:35:33.8056593Z   cached-property                1.5.2                hd8ed1ab_1               conda-forge
2025-02-19T21:35:33.8057284Z   cached_property                1.5.2                pyha770c72_1             conda-forge
2025-02-19T21:35:33.8057917Z   cairo                          1.18.0               h3faef2a_0               conda-forge
2025-02-19T21:35:33.8058706Z   certifi                        2024.6.2             pyhd8ed1ab_0             conda-forge
2025-02-19T21:35:33.8059479Z   cffi                           1.16.0               py312hf06ca03_0          conda-forge
2025-02-19T21:35:33.8060144Z   charset-normalizer             3.3.2                pyhd8ed1ab_0             conda-forge
2025-02-19T21:35:33.8060806Z   click                          8.1.7                unix_pyh707e725_0        conda-forge
2025-02-19T21:35:33.8061423Z   codespell                      2.3.0                pyhd8ed1ab_0             conda-forge
2025-02-19T21:35:33.8062051Z   colorama                       0.4.6                pyhd8ed1ab_0             conda-forge
2025-02-19T21:35:33.8062645Z   comm                           0.2.2                pyhd8ed1ab_0             conda-forge
2025-02-19T21:35:33.8063240Z   commonmark                     0.9.1                py_0                     conda-forge
2025-02-19T21:35:33.8063847Z   contourpy                      1.2.1                py312h8572e83_0          conda-forge
2025-02-19T21:35:33.8064444Z   coverage                       7.5.3                py312h9a8786e_0          conda-forge
2025-02-19T21:35:33.8065057Z   cycler                         0.12.1               pyhd8ed1ab_0             conda-forge
2025-02-19T21:35:33.8065681Z   dataclasses                    0.8                  pyhc8e2a94_3             conda-forge
2025-02-19T21:35:33.8066319Z   debugpy                        1.8.1                py312h30efb56_0          conda-forge
2025-02-19T21:35:33.8066950Z   decorator                      5.1.1                pyhd8ed1ab_0             conda-forge
2025-02-19T21:35:33.8067589Z   defusedxml                     0.7.1                pyhd8ed1ab_0             conda-forge
2025-02-19T21:35:33.8068222Z   docutils                       0.20.1               py312h7900ff3_3          conda-forge
2025-02-19T21:35:33.8068836Z   dot2tex                        2.11.3               pyhd8ed1ab_0             conda-forge
2025-02-19T21:35:33.8069625Z   entrypoints                    0.4                  pyhd8ed1ab_0             conda-forge
2025-02-19T21:35:33.8070313Z   exceptiongroup                 1.2.0                pyhd8ed1ab_2             conda-forge
2025-02-19T21:35:33.8070979Z   executing                      2.0.1                pyhd8ed1ab_0             conda-forge
2025-02-19T21:35:33.8071580Z   expat                          2.6.2                h59595ed_0               conda-forge
2025-02-19T21:35:33.8072431Z   font-ttf-dejavu-sans-mono      2.37                 hab24e00_0               conda-forge
2025-02-19T21:35:33.8073201Z   font-ttf-inconsolata           3.000                h77eed37_0               conda-forge
2025-02-19T21:35:33.8073969Z   font-ttf-source-code-pro       2.038                h77eed37_0               conda-forge
2025-02-19T21:35:33.8074689Z   font-ttf-ubuntu                0.83                 h77eed37_2               conda-forge
2025-02-19T21:35:33.8075344Z   fontconfig                     2.14.2               h14ed4e7_0               conda-forge
2025-02-19T21:35:33.8076039Z   fonts-conda-ecosystem          1                    0                        conda-forge
2025-02-19T21:35:33.8076744Z   fonts-conda-forge              1                    0                        conda-forge
2025-02-19T21:35:33.8077347Z   fonttools                      4.53.0               py312h9a8786e_0          conda-forge
2025-02-19T21:35:33.8077934Z   fqdn                           1.5.1                pyhd8ed1ab_0             conda-forge
2025-02-19T21:35:33.8078310Z   freetype                       2.12.1               h267a509_2               conda-forge
2025-02-19T21:35:33.8078659Z   fribidi                        1.0.10               h36c2ea0_0               conda-forge
2025-02-19T21:35:33.8079005Z   future                         1.0.0                pyhd8ed1ab_0             conda-forge
2025-02-19T21:35:33.8079593Z   gdk-pixbuf                     2.42.12              hb9ae30d_0               conda-forge
2025-02-19T21:35:33.8080092Z   giflib                         5.2.2                hd590300_0               conda-forge
2025-02-19T21:35:33.8080454Z   git-lfs                        3.5.1                ha770c72_0               conda-forge
2025-02-19T21:35:33.8080787Z   gmp                            6.3.0                h59595ed_1               conda-forge
2025-02-19T21:35:33.8081116Z   gmpy2                          2.1.5                py312h1d5cde6_1          conda-forge
2025-02-19T21:35:33.8081690Z   graphite2                      1.3.13               h59595ed_1003            conda-forge
2025-02-19T21:35:33.8082359Z   graphviz                       11.0.0               hc68bbd7_0               conda-forge
2025-02-19T21:35:33.8082799Z   gtk2                           2.24.33              h280cfa0_4               conda-forge
2025-02-19T21:35:33.8083139Z   gts                            0.7.6                h977cf35_4               conda-forge
2025-02-19T21:35:33.8083470Z   h11                            0.14.0               pyhd8ed1ab_0             conda-forge
2025-02-19T21:35:33.8084009Z   h2                             4.1.0                pyhd8ed1ab_0             conda-forge
2025-02-19T21:35:33.8084601Z   h5py                           3.11.0               nompi_py312hb7ab980_102  conda-forge
2025-02-19T21:35:33.8085192Z   harfbuzz                       8.5.0                hfac3d4d_0               conda-forge
2025-02-19T21:35:33.8085765Z   hdf5                           1.14.3               nompi_hdf9ad27_105       conda-forge
2025-02-19T21:35:33.8086178Z   hpack                          4.0.0                pyh9f0ad1d_0             conda-forge
2025-02-19T21:35:33.8086776Z   httpcore                       1.0.5                pyhd8ed1ab_0             conda-forge
2025-02-19T21:35:33.8087406Z   httpx                          0.27.0               pyhd8ed1ab_0             conda-forge
2025-02-19T21:35:33.8088041Z   hyperframe                     6.0.1                pyhd8ed1ab_0             conda-forge
2025-02-19T21:35:33.8088657Z   icu                            73.2                 h59595ed_0               conda-forge
2025-02-19T21:35:33.8089389Z   idna                           3.7                  pyhd8ed1ab_0             conda-forge
2025-02-19T21:35:33.8090006Z   imagesize                      1.4.1                pyhd8ed1ab_0             conda-forge
2025-02-19T21:35:33.8090484Z   importlib-metadata             7.1.0                pyha770c72_0             conda-forge
2025-02-19T21:35:33.8090898Z   importlib_metadata             7.1.0                hd8ed1ab_0               conda-forge
2025-02-19T21:35:33.8091494Z   importlib_resources            6.4.0                pyhd8ed1ab_0             conda-forge
2025-02-19T21:35:33.8091884Z   iniconfig                      2.0.0                pyhd8ed1ab_0             conda-forge
2025-02-19T21:35:33.8092243Z   ipykernel                      6.29.4               pyh3099207_0             conda-forge
2025-02-19T21:35:33.8092593Z   ipython                        8.25.0               pyh707e725_0             conda-forge
2025-02-19T21:35:33.8092980Z   ipython_genutils               0.2.0                pyhd8ed1ab_1             conda-forge
2025-02-19T21:35:33.8093363Z   ipywidgets                     7.8.0                pyhd8ed1ab_0             conda-forge
2025-02-19T21:35:33.8093740Z   isoduration                    20.11.0              pyhd8ed1ab_0             conda-forge
2025-02-19T21:35:33.8094099Z   jedi                           0.19.1               pyhd8ed1ab_0             conda-forge
2025-02-19T21:35:33.8094479Z   jinja2                         3.1.4                pyhd8ed1ab_0             conda-forge
2025-02-19T21:35:33.8094820Z   json5                          0.9.25               pyhd8ed1ab_0             conda-forge
2025-02-19T21:35:33.8095178Z   jsonpointer                    3.0.0                py312h7900ff3_0          conda-forge
2025-02-19T21:35:33.8095548Z   jsonschema                     4.22.0               pyhd8ed1ab_0             conda-forge
2025-02-19T21:35:33.8096093Z   jsonschema-specifications      2023.12.1            pyhd8ed1ab_0             conda-forge
2025-02-19T21:35:33.8096598Z   jsonschema-with-format-nongpl  4.22.0               pyhd8ed1ab_0             conda-forge
2025-02-19T21:35:33.8097037Z   jupyter-lsp                    2.2.5                pyhd8ed1ab_0             conda-forge
2025-02-19T21:35:33.8097421Z   jupyter_client                 8.6.2                pyhd8ed1ab_0             conda-forge
2025-02-19T21:35:33.8097798Z   jupyter_core                   5.7.2                py312h7900ff3_0          conda-forge
2025-02-19T21:35:33.8098182Z   jupyter_events                 0.10.0               pyhd8ed1ab_0             conda-forge
2025-02-19T21:35:33.8098565Z   jupyter_server                 2.14.1               pyhd8ed1ab_0             conda-forge
2025-02-19T21:35:33.8098977Z   jupyter_server_terminals       0.5.3                pyhd8ed1ab_0             conda-forge
2025-02-19T21:35:33.8099555Z   jupyterlab                     4.2.2                pyhd8ed1ab_0             conda-forge
2025-02-19T21:35:33.8099957Z   jupyterlab_pygments            0.3.0                pyhd8ed1ab_1             conda-forge
2025-02-19T21:35:33.8100367Z   jupyterlab_server              2.27.2               pyhd8ed1ab_0             conda-forge
2025-02-19T21:35:33.8100768Z   jupyterlab_widgets             1.1.7                pyhd8ed1ab_0             conda-forge
2025-02-19T21:35:33.8101149Z   keyutils                       1.6.1                h166bdaf_0               conda-forge
2025-02-19T21:35:33.8101511Z   kiwisolver                     1.4.5                py312h8572e83_1          conda-forge
2025-02-19T21:35:33.8101860Z   krb5                           1.21.2               h659d440_0               conda-forge
2025-02-19T21:35:33.8102207Z   latexcodec                     2.0.1                pyh9f0ad1d_0             conda-forge
2025-02-19T21:35:33.8102555Z   lcms2                          2.16                 hb7c19ff_0               conda-forge
2025-02-19T21:35:33.8102905Z   ld_impl_linux-64               2.40                 hf3520f5_7               conda-forge
2025-02-19T21:35:33.8103246Z   lerc                           4.0.0                h27087fc_0               conda-forge
2025-02-19T21:35:33.8103569Z   libaec                         1.1.3                h59595ed_0               conda-forge
2025-02-19T21:35:33.8103914Z   libblas                        3.9.0                22_linux64_openblas      conda-forge
2025-02-19T21:35:33.8104292Z   libbrotlicommon                1.1.0                hd590300_1               conda-forge
2025-02-19T21:35:33.8104827Z   libbrotlidec                   1.1.0                hd590300_1               conda-forge
2025-02-19T21:35:33.8105201Z   libbrotlienc                   1.1.0                hd590300_1               conda-forge
2025-02-19T21:35:33.8105570Z   libcblas                       3.9.0                22_linux64_openblas      conda-forge
2025-02-19T21:35:33.8105923Z   libcurl                        8.8.0                hca28451_0               conda-forge
2025-02-19T21:35:33.8106287Z   libdeflate                     1.20                 hd590300_0               conda-forge
2025-02-19T21:35:33.8106649Z   libedit                        3.1.20191231         he28a2e2_2               conda-forge
2025-02-19T21:35:33.8106993Z   libev                          4.33                 hd590300_2               conda-forge
2025-02-19T21:35:33.8107324Z   libexpat                       2.6.2                h59595ed_0               conda-forge
2025-02-19T21:35:33.8107763Z   libffi                         3.4.2                h7f98852_5               conda-forge
2025-02-19T21:35:33.8108112Z   libgcc-ng                      13.2.0               h77fa898_10              conda-forge
2025-02-19T21:35:33.8108449Z   libgd                          2.3.3                h119a65a_9               conda-forge
2025-02-19T21:35:33.8108799Z   libgfortran-ng                 13.2.0               h69a702a_10              conda-forge
2025-02-19T21:35:33.8109555Z   libgfortran5                   13.2.0               h3d2ce59_10              conda-forge
2025-02-19T21:35:33.8109977Z   libglib                        2.80.2               h8a4344b_1               conda-forge
2025-02-19T21:35:33.8110339Z   libgomp                        13.2.0               h77fa898_10              conda-forge
2025-02-19T21:35:33.8110689Z   libiconv                       1.17                 hd590300_2               conda-forge
2025-02-19T21:35:33.8111055Z   libjpeg-turbo                  3.0.0                hd590300_1               conda-forge
2025-02-19T21:35:33.8111441Z   liblapack                      3.9.0                22_linux64_openblas      conda-forge
2025-02-19T21:35:33.8111807Z   libllvm14                      14.0.6               hcd5def8_4               conda-forge
2025-02-19T21:35:33.8112174Z   libnghttp2                     1.58.0               h47da74e_1               conda-forge
2025-02-19T21:35:33.8112538Z   libnsl                         2.0.1                hd590300_0               conda-forge
2025-02-19T21:35:33.8112913Z   libopenblas                    0.3.27               pthreads_h413a1c8_0      conda-forge
2025-02-19T21:35:33.8113285Z   libpng                         1.6.43               h2797004_0               conda-forge
2025-02-19T21:35:33.8113652Z   librsvg                        2.58.1               hadf69e7_0               conda-forge
2025-02-19T21:35:33.8114012Z   libsodium                      1.0.18               h36c2ea0_1               conda-forge
2025-02-19T21:35:33.8114376Z   libsqlite                      3.46.0               hde9e2c9_0               conda-forge
2025-02-19T21:35:33.8114724Z   libssh2                        1.11.0               h0841786_0               conda-forge
2025-02-19T21:35:33.8115083Z   libstdcxx-ng                   13.2.0               hc0a3c3a_10              conda-forge
2025-02-19T21:35:33.8115444Z   libtiff                        4.6.0                h1dd3fc0_3               conda-forge
2025-02-19T21:35:33.8115793Z   libuuid                        2.38.1               h0b41bf4_0               conda-forge
2025-02-19T21:35:33.8116136Z   libwebp                        1.4.0                h2c329e2_0               conda-forge
2025-02-19T21:35:33.8116497Z   libwebp-base                   1.4.0                hd590300_0               conda-forge
2025-02-19T21:35:33.8116851Z   libxcb                         1.15                 h0b41bf4_0               conda-forge
2025-02-19T21:35:33.8117200Z   libxcrypt                      4.4.36               hd590300_1               conda-forge
2025-02-19T21:35:33.8117820Z   libxml2                        2.12.7               hc051c1a_1               conda-forge
2025-02-19T21:35:33.8118176Z   libxslt                        1.1.39               h76b75d6_0               conda-forge
2025-02-19T21:35:33.8118523Z   libzlib                        1.3.1                h4ab18f5_1               conda-forge
2025-02-19T21:35:33.8118875Z   llvmlite                       0.42.0               py312hb06c811_1          conda-forge
2025-02-19T21:35:33.8119372Z   lxml                           5.2.2                py312hb90d8a5_0          conda-forge
2025-02-19T21:35:33.8119828Z   lz4-c                          1.9.4                hcb278e6_0               conda-forge
2025-02-19T21:35:33.8120154Z   lzo                            2.10                 hd590300_1001            conda-forge
2025-02-19T21:35:33.8120498Z   markupsafe                     2.1.5                py312h98912ed_0          conda-forge
2025-02-19T21:35:33.8120887Z   matplotlib-base                3.8.4                py312h20ab3a6_2          conda-forge
2025-02-19T21:35:33.8121299Z   matplotlib-inline              0.1.7                pyhd8ed1ab_0             conda-forge
2025-02-19T21:35:33.8121675Z   mistune                        3.0.2                pyhd8ed1ab_0             conda-forge
2025-02-19T21:35:33.8122008Z   mpc                            1.3.1                hfe3b2da_0               conda-forge
2025-02-19T21:35:33.8122451Z   mpfr                           4.2.1                h9458935_1               conda-forge
2025-02-19T21:35:33.8122786Z   mpmath                         1.3.0                pyhd8ed1ab_0             conda-forge
2025-02-19T21:35:33.8123132Z   munkres                        1.1.4                pyh9f0ad1d_0             conda-forge
2025-02-19T21:35:33.8123500Z   mypy_extensions                1.0.0                pyha770c72_0             conda-forge
2025-02-19T21:35:33.8123878Z   nbclassic                      1.1.0                pyhd8ed1ab_0             conda-forge
2025-02-19T21:35:33.8124242Z   nbclient                       0.10.0               pyhd8ed1ab_0             conda-forge
2025-02-19T21:35:33.8124598Z   nbconvert                      7.16.4               hd8ed1ab_1               conda-forge
2025-02-19T21:35:33.8124970Z   nbconvert-core                 7.16.4               pyhd8ed1ab_1             conda-forge
2025-02-19T21:35:33.8125377Z   nbconvert-pandoc               7.16.4               hd8ed1ab_1               conda-forge
2025-02-19T21:35:33.8125773Z   nbformat                       5.10.4               pyhd8ed1ab_0             conda-forge
2025-02-19T21:35:33.8126130Z   nbsphinx                       0.9.4                pyhd8ed1ab_0             conda-forge
2025-02-19T21:35:33.8126481Z   ncurses                        6.5                  h59595ed_0               conda-forge
2025-02-19T21:35:33.8126839Z   nest-asyncio                   1.6.0                pyhd8ed1ab_0             conda-forge
2025-02-19T21:35:33.8127211Z   networkx                       3.3                  pyhd8ed1ab_1             conda-forge
2025-02-19T21:35:33.8127553Z   nomkl                          1.0                  h5ca1d4c_0               conda-forge
2025-02-19T21:35:33.8127896Z   notebook                       7.2.1                pyhd8ed1ab_0             conda-forge
2025-02-19T21:35:33.8128263Z   notebook-shim                  0.2.4                pyhd8ed1ab_0             conda-forge
2025-02-19T21:35:33.8128625Z   numba                          0.59.1               py312hacefee8_0          conda-forge
2025-02-19T21:35:33.8128975Z   numexpr                        2.10.0               py312hf412c99_100        conda-forge
2025-02-19T21:35:33.8129493Z   numpy                          1.26.4               py312heda63a1_0          conda-forge
2025-02-19T21:35:33.8129846Z   numpydoc                       1.7.0                pyhd8ed1ab_1             conda-forge
2025-02-19T21:35:33.8130210Z   openjpeg                       2.5.2                h488ebb8_0               conda-forge
2025-02-19T21:35:33.8130686Z   openssl                        3.3.1                h4ab18f5_0               conda-forge
2025-02-19T21:35:33.8131038Z   overrides                      7.7.0                pyhd8ed1ab_0             conda-forge
2025-02-19T21:35:33.8131400Z   packaging                      24.1                 pyhd8ed1ab_0             conda-forge
2025-02-19T21:35:33.8131753Z   pandas                         2.2.2                py312h1d6d2e6_1          conda-forge
2025-02-19T21:35:33.8132096Z   pandoc                         3.2                  ha770c72_0               conda-forge
2025-02-19T21:35:33.8132458Z   pandocfilters                  1.5.0                pyhd8ed1ab_0             conda-forge
2025-02-19T21:35:33.8132818Z   pango                          1.54.0               h84a9a3c_0               conda-forge
2025-02-19T21:35:33.8133151Z   parso                          0.8.4                pyhd8ed1ab_0             conda-forge
2025-02-19T21:35:33.8133508Z   pathspec                       0.12.1               pyhd8ed1ab_0             conda-forge
2025-02-19T21:35:33.8133863Z   pbr                            6.0.0                pyhd8ed1ab_0             conda-forge
2025-02-19T21:35:33.8134191Z   pcre2                          10.44                h0f59acf_0               conda-forge
2025-02-19T21:35:33.8134536Z   pexpect                        4.9.0                pyhd8ed1ab_0             conda-forge
2025-02-19T21:35:33.8134900Z   pickleshare                    0.7.5                py_1003                  conda-forge
2025-02-19T21:35:33.8135377Z   pillow                         10.3.0               py312hdcec9eb_0          conda-forge
2025-02-19T21:35:33.8135718Z   pip                            24.0                 pyhd8ed1ab_0             conda-forge
2025-02-19T21:35:33.8136064Z   pixman                         0.43.2               h59595ed_0               conda-forge
2025-02-19T21:35:33.8136467Z   pkgutil-resolve-name           1.3.10               pyhd8ed1ab_1             conda-forge
2025-02-19T21:35:33.8136883Z   platformdirs                   4.2.2                pyhd8ed1ab_0             conda-forge
2025-02-19T21:35:33.8137247Z   plotly                         5.22.0               pyhd8ed1ab_0             conda-forge
2025-02-19T21:35:33.8137588Z   pluggy                         1.5.0                pyhd8ed1ab_0             conda-forge
2025-02-19T21:35:33.8137961Z   prometheus_client              0.20.0               pyhd8ed1ab_0             conda-forge
2025-02-19T21:35:33.8138364Z   prompt-toolkit                 3.0.47               pyha770c72_0             conda-forge
2025-02-19T21:35:33.8138728Z   psutil                         5.9.8                py312h98912ed_0          conda-forge
2025-02-19T21:35:33.8139406Z   pthread-stubs                  0.4                  h36c2ea0_1001            conda-forge
2025-02-19T21:35:33.8140039Z   ptyprocess                     0.7.0                pyhd3deb0d_0             conda-forge
2025-02-19T21:35:33.8140409Z   pure_eval                      0.2.2                pyhd8ed1ab_0             conda-forge
2025-02-19T21:35:33.8140769Z   py-cpuinfo                     9.0.0                pyhd8ed1ab_0             conda-forge
2025-02-19T21:35:33.8141122Z   pybtex                         0.24.0               pyhd8ed1ab_2             conda-forge
2025-02-19T21:35:33.8141498Z   pybtex-docutils                1.0.3                py312h7900ff3_1          conda-forge
2025-02-19T21:35:33.8141877Z   pycparser                      2.22                 pyhd8ed1ab_0             conda-forge
2025-02-19T21:35:33.8142231Z   pyerfa                         2.0.1.4              py312h085067d_1          conda-forge
2025-02-19T21:35:33.8142588Z   pygments                       2.18.0               pyhd8ed1ab_0             conda-forge
2025-02-19T21:35:33.8142952Z   pygraphviz                     1.13                 py312h4a1d8a7_1          conda-forge
2025-02-19T21:35:33.8143318Z   pyparsing                      3.1.2                pyhd8ed1ab_0             conda-forge
2025-02-19T21:35:33.8143827Z   pysocks                        1.7.1                pyha2e5f31_6             conda-forge
2025-02-19T21:35:33.8144178Z   pytables                       3.9.2                py312h96d95ec_2          conda-forge
2025-02-19T21:35:33.8144526Z   pytest                         8.2.2                pyhd8ed1ab_0             conda-forge
2025-02-19T21:35:33.8144877Z   pytest-cov                     5.0.0                pyhd8ed1ab_0             conda-forge
2025-02-19T21:35:33.8145277Z   pytest-doctestplus             1.2.1                pyhd8ed1ab_0             conda-forge
2025-02-19T21:35:33.8145671Z   pytest-html                    4.1.1                pyhd8ed1ab_0             conda-forge
2025-02-19T21:35:33.8146053Z   pytest-metadata                3.1.1                pyhd8ed1ab_0             conda-forge
2025-02-19T21:35:33.8146432Z   python                         3.12.4               h194c7f8_0_cpython       conda-forge
2025-02-19T21:35:33.8146810Z   python-dateutil                2.9.0                pyhd8ed1ab_0             conda-forge
2025-02-19T21:35:33.8147236Z   python-fastjsonschema          2.20.0               pyhd8ed1ab_0             conda-forge
2025-02-19T21:35:33.8147665Z   python-json-logger             2.0.7                pyhd8ed1ab_0             conda-forge
2025-02-19T21:35:33.8148074Z   python-tzdata                  2024.1               pyhd8ed1ab_0             conda-forge
2025-02-19T21:35:33.8148446Z   python_abi                     3.12                 4_cp312                  conda-forge
2025-02-19T21:35:33.8148923Z   pytz                           2024.1               pyhd8ed1ab_0             conda-forge
2025-02-19T21:35:33.8149466Z   pyyaml                         6.0.1                py312h98912ed_1          conda-forge
2025-02-19T21:35:33.8149820Z   pyzmq                          26.0.3               py312h8fd38d8_0          conda-forge
2025-02-19T21:35:33.8150159Z   qgrid                          1.3.1                pyhd8ed1ab_4             conda-forge
2025-02-19T21:35:33.8150550Z   radioactivedecay               0.5.1                pyhd8ed1ab_0             conda-forge
2025-02-19T21:35:33.8150926Z   readline                       8.2                  h8228510_1               conda-forge
2025-02-19T21:35:33.8151286Z   recommonmark                   0.7.1                pyhd8ed1ab_0             conda-forge
2025-02-19T21:35:33.8151671Z   referencing                    0.35.1               pyhd8ed1ab_0             conda-forge
2025-02-19T21:35:33.8152042Z   requests                       2.32.3               pyhd8ed1ab_0             conda-forge
2025-02-19T21:35:33.8152427Z   rfc3339-validator              0.1.4                pyhd8ed1ab_0             conda-forge
2025-02-19T21:35:33.8152829Z   rfc3986-validator              0.1.1                pyh9f0ad1d_0             conda-forge
2025-02-19T21:35:33.8153200Z   rpds-py                        0.18.1               py312h4413252_0          conda-forge
2025-02-19T21:35:33.8153530Z   ruff                           0.4.9                py312h5715c7c_0          conda-forge
2025-02-19T21:35:33.8153866Z   scipy                          1.13.1               py312hc2bc53b_0          conda-forge
2025-02-19T21:35:33.8154215Z   send2trash                     1.8.3                pyh0d859eb_0             conda-forge
2025-02-19T21:35:33.8154580Z   setuptools                     70.0.0               pyhd8ed1ab_0             conda-forge
2025-02-19T21:35:33.8154957Z   setuptools-scm                 8.1.0                pyhd8ed1ab_0             conda-forge
2025-02-19T21:35:33.8155343Z   setuptools_scm                 8.1.0                hd8ed1ab_0               conda-forge
2025-02-19T21:35:33.8155698Z   six                            1.16.0               pyh6c4a22f_0             conda-forge
2025-02-19T21:35:33.8156035Z   snakeviz                       2.2.0                pyhd8ed1ab_0             conda-forge
2025-02-19T21:35:33.8156383Z   snappy                         1.2.0                hdb0a2a9_1               conda-forge
2025-02-19T21:35:33.8156852Z   sniffio                        1.3.1                pyhd8ed1ab_0             conda-forge
2025-02-19T21:35:33.8157223Z   snowballstemmer                2.2.0                pyhd8ed1ab_0             conda-forge
2025-02-19T21:35:33.8157602Z   soupsieve                      2.5                  pyhd8ed1ab_1             conda-forge
2025-02-19T21:35:33.8157950Z   sphinx                         7.3.7                pyhd8ed1ab_0             conda-forge
2025-02-19T21:35:33.8158324Z   sphinx-astropy                 1.9.1                pyhd8ed1ab_0             conda-forge
2025-02-19T21:35:33.8158728Z   sphinx-automodapi              0.17.0               pyh717bed2_1             conda-forge
2025-02-19T21:35:33.8159126Z   sphinx-gallery                 0.16.0               pyhd8ed1ab_0             conda-forge
2025-02-19T21:35:33.8159718Z   sphinx-jsonschema              1.19.1               pyhd8ed1ab_0             conda-forge
2025-02-19T21:35:33.8160145Z   sphinx_bootstrap_theme         0.8.1                pyhd8ed1ab_0             conda-forge
2025-02-19T21:35:33.8160553Z   sphinx_rtd_theme               2.0.0                pyha770c72_0             conda-forge
2025-02-19T21:35:33.8160959Z   sphinxcontrib-apidoc           0.3.0                py_1                     conda-forge
2025-02-19T21:35:33.8161401Z   sphinxcontrib-applehelp        1.0.8                pyhd8ed1ab_0             conda-forge
2025-02-19T21:35:33.8161846Z   sphinxcontrib-bibtex           2.6.2                pyhd8ed1ab_0             conda-forge
2025-02-19T21:35:33.8162458Z   sphinxcontrib-devhelp          1.0.6                pyhd8ed1ab_0             conda-forge
2025-02-19T21:35:33.8162909Z   sphinxcontrib-htmlhelp         2.0.5                pyhd8ed1ab_0             conda-forge
2025-02-19T21:35:33.8163347Z   sphinxcontrib-jquery           4.1                  pyhd8ed1ab_0             conda-forge
2025-02-19T21:35:33.8163774Z   sphinxcontrib-jsmath           1.0.1                pyhd8ed1ab_0             conda-forge
2025-02-19T21:35:33.8164207Z   sphinxcontrib-qthelp           1.0.7                pyhd8ed1ab_0             conda-forge
2025-02-19T21:35:33.8164679Z   sphinxcontrib-serializinghtml  1.1.10               pyhd8ed1ab_0             conda-forge
2025-02-19T21:35:33.8165119Z   stack_data                     0.6.2                pyhd8ed1ab_0             conda-forge
2025-02-19T21:35:33.8165468Z   sympy                          1.12.1               pypyh2585a3b_103         conda-forge
2025-02-19T21:35:33.8165821Z   tabulate                       0.9.0                pyhd8ed1ab_1             conda-forge
2025-02-19T21:35:33.8166180Z   tenacity                       8.4.1                pyhd8ed1ab_0             conda-forge
2025-02-19T21:35:33.8166540Z   terminado                      0.18.1               pyh0d859eb_0             conda-forge
2025-02-19T21:35:33.8166900Z   tinycss2                       1.3.0                pyhd8ed1ab_0             conda-forge
2025-02-19T21:35:33.8167240Z   tk                             8.6.13               noxft_h4845f30_101       conda-forge
2025-02-19T21:35:33.8167570Z   toml                           0.10.2               pyhd8ed1ab_0             conda-forge
2025-02-19T21:35:33.8167906Z   tomli                          2.0.1                pyhd8ed1ab_0             conda-forge
2025-02-19T21:35:33.8168249Z   tornado                        6.4.1                py312h9a8786e_0          conda-forge
2025-02-19T21:35:33.8168590Z   tqdm                           4.66.4               pyhd8ed1ab_0             conda-forge
2025-02-19T21:35:33.8168943Z   traitlets                      5.14.3               pyhd8ed1ab_0             conda-forge
2025-02-19T21:35:33.8169463Z   typed-ast                      1.5.5                py312h98912ed_1          conda-forge
2025-02-19T21:35:33.8169878Z   types-python-dateutil          2.9.0.20240316       pyhd8ed1ab_0             conda-forge
2025-02-19T21:35:33.8170316Z   typing-extensions              4.12.2               hd8ed1ab_0               conda-forge
2025-02-19T21:35:33.8170848Z   typing_extensions              4.12.2               pyha770c72_0             conda-forge
2025-02-19T21:35:33.8171233Z   typing_utils                   0.1.0                pyhd8ed1ab_0             conda-forge
2025-02-19T21:35:33.8171589Z   tzdata                         2024a                h0c530f3_0               conda-forge
2025-02-19T21:35:33.8171953Z   uri-template                   1.3.0                pyhd8ed1ab_0             conda-forge
2025-02-19T21:35:33.8172320Z   urllib3                        2.2.2                pyhd8ed1ab_0             conda-forge
2025-02-19T21:35:33.8172669Z   wcwidth                        0.2.13               pyhd8ed1ab_0             conda-forge
2025-02-19T21:35:33.8173021Z   webcolors                      24.6.0               pyhd8ed1ab_0             conda-forge
2025-02-19T21:35:33.8173392Z   webencodings                   0.5.1                pyhd8ed1ab_2             conda-forge
2025-02-19T21:35:33.8173788Z   websocket-client               1.8.0                pyhd8ed1ab_0             conda-forge
2025-02-19T21:35:33.8174160Z   wheel                          0.43.0               pyhd8ed1ab_1             conda-forge
2025-02-19T21:35:33.8174538Z   widgetsnbextension             3.6.6                pyhd8ed1ab_0             conda-forge
2025-02-19T21:35:33.8174934Z   xorg-kbproto                   1.0.7                h7f98852_1002            conda-forge
2025-02-19T21:35:33.8175298Z   xorg-libice                    1.1.1                hd590300_0               conda-forge
2025-02-19T21:35:33.8175767Z   xorg-libsm                     1.2.4                h7391055_0               conda-forge
2025-02-19T21:35:33.8176128Z   xorg-libx11                    1.8.9                h8ee46fc_0               conda-forge
2025-02-19T21:35:33.8176486Z   xorg-libxau                    1.0.11               hd590300_0               conda-forge
2025-02-19T21:35:33.8176856Z   xorg-libxdmcp                  1.1.3                h7f98852_0               conda-forge
2025-02-19T21:35:33.8177233Z   xorg-libxext                   1.3.4                h0b41bf4_2               conda-forge
2025-02-19T21:35:33.8177614Z   xorg-libxrender                0.9.11               hd590300_0               conda-forge
2025-02-19T21:35:33.8178013Z   xorg-renderproto               0.11.1               h7f98852_1002            conda-forge
2025-02-19T21:35:33.8178402Z   xorg-xextproto                 7.3.0                h0b41bf4_1003            conda-forge
2025-02-19T21:35:33.8178772Z   xorg-xproto                    7.0.31               h7f98852_1007            conda-forge
2025-02-19T21:35:33.8179109Z   xz                             5.2.6                h166bdaf_0               conda-forge
2025-02-19T21:35:33.8179575Z   yaml                           0.2.5                h7f98852_2               conda-forge
2025-02-19T21:35:33.8179904Z   zeromq                         4.3.5                h75354e8_4               conda-forge
2025-02-19T21:35:33.8180235Z   zipp                           3.19.2               pyhd8ed1ab_0             conda-forge
2025-02-19T21:35:33.8180564Z   zlib                           1.3.1                h4ab18f5_1               conda-forge
2025-02-19T21:35:33.8180887Z   zlib-ng                        2.0.7                h0b41bf4_0               conda-forge
2025-02-19T21:35:33.8181212Z   zstd                           1.5.6                ha6fb4c9_0               conda-forge
2025-02-19T21:35:33.8181829Z ##[endgroup]
2025-02-19T21:35:33.8224750Z ##[group]Run pip install -e . --user
2025-02-19T21:35:33.8225086Z [36;1mpip install -e . --user[0m
2025-02-19T21:35:33.8280729Z shell: /usr/bin/bash -l {0}
2025-02-19T21:35:33.8280974Z env:
2025-02-19T21:35:33.8281157Z   CACHE_NUMBER: 0
2025-02-19T21:35:33.8281779Z   PYTEST_FLAGS: --tardis-regression-data=/home/runner/work/tardis/tardis/tardis-regression-data --cov=tardis --cov-report=xml --cov-report=html --cov-append
2025-02-19T21:35:33.8282439Z   CODECOV_TOKEN: 
2025-02-19T21:35:33.8282671Z   MAMBA_ROOT_PREFIX: /home/runner/micromamba
2025-02-19T21:35:33.8283149Z   MAMBA_EXE: /home/runner/micromamba-bin/micromamba
2025-02-19T21:35:33.8283510Z   CONDARC: /home/runner/work/_temp/setup-micromamba/.condarc
2025-02-19T21:35:33.8283816Z ##[endgroup]
2025-02-19T21:35:34.5190793Z Obtaining file:///home/runner/work/tardis/tardis
2025-02-19T21:35:34.5220288Z   Installing build dependencies: started
2025-02-19T21:35:37.1966661Z   Installing build dependencies: finished with status 'done'
2025-02-19T21:35:37.1971361Z   Checking if build backend supports build_editable: started
2025-02-19T21:35:37.3142503Z   Checking if build backend supports build_editable: finished with status 'done'
2025-02-19T21:35:37.3149750Z   Getting requirements to build editable: started
2025-02-19T21:35:37.7884490Z   Getting requirements to build editable: finished with status 'done'
2025-02-19T21:35:37.7894042Z   Preparing editable metadata (pyproject.toml): started
2025-02-19T21:35:38.2364612Z   Preparing editable metadata (pyproject.toml): finished with status 'done'
2025-02-19T21:35:38.2942144Z Requirement already satisfied: astropy in /home/runner/micromamba/envs/tardis/lib/python3.12/site-packages (from tardis==0.0.0) (6.1.1)
2025-02-19T21:35:38.3314954Z Requirement already satisfied: numpy>=1.23 in /home/runner/micromamba/envs/tardis/lib/python3.12/site-packages (from astropy->tardis==0.0.0) (1.26.4)
2025-02-19T21:35:38.3324578Z Requirement already satisfied: pyerfa>=2.0.1.1 in /home/runner/micromamba/envs/tardis/lib/python3.12/site-packages (from astropy->tardis==0.0.0) (2.0.1.4)
2025-02-19T21:35:38.3335346Z Requirement already satisfied: astropy-iers-data>=0.2024.5.27.0.30.8 in /home/runner/micromamba/envs/tardis/lib/python3.12/site-packages (from astropy->tardis==0.0.0) (0.2024.6.17.0.31.35)
2025-02-19T21:35:38.3344482Z Requirement already satisfied: PyYAML>=3.13 in /home/runner/micromamba/envs/tardis/lib/python3.12/site-packages (from astropy->tardis==0.0.0) (6.0.1)
2025-02-19T21:35:38.3354532Z Requirement already satisfied: packaging>=19.0 in /home/runner/micromamba/envs/tardis/lib/python3.12/site-packages (from astropy->tardis==0.0.0) (24.1)
2025-02-19T21:35:38.3441369Z Building wheels for collected packages: tardis
2025-02-19T21:35:38.3450109Z   Building editable for tardis (pyproject.toml): started
2025-02-19T21:35:39.0862531Z   Building editable for tardis (pyproject.toml): finished with status 'done'
2025-02-19T21:35:39.0868384Z   Created wheel for tardis: filename=tardis-0.0.0-0.editable-py3-none-any.whl size=8879 sha256=585fb99251c37cee78712cb91d4a77822ae49d46cdfbba62e31012c4891034bf
2025-02-19T21:35:39.0870034Z   Stored in directory: /tmp/pip-ephem-wheel-cache-2vpmlcv4/wheels/6a/c7/ae/89fa6dc2565455898176888ef0e2e475e4e90eb0124afcb995
2025-02-19T21:35:39.0895495Z Successfully built tardis
2025-02-19T21:35:39.8514828Z Installing collected packages: tardis
2025-02-19T21:35:39.8609965Z Successfully installed tardis-0.0.0
2025-02-19T21:35:40.0508039Z ##[group]Run pip install qgridnext
2025-02-19T21:35:40.0508362Z [36;1mpip install qgridnext[0m
2025-02-19T21:35:40.0563065Z shell: /usr/bin/bash -l {0}
2025-02-19T21:35:40.0563311Z env:
2025-02-19T21:35:40.0563490Z   CACHE_NUMBER: 0
2025-02-19T21:35:40.0564115Z   PYTEST_FLAGS: --tardis-regression-data=/home/runner/work/tardis/tardis/tardis-regression-data --cov=tardis --cov-report=xml --cov-report=html --cov-append
2025-02-19T21:35:40.0564774Z   CODECOV_TOKEN: 
2025-02-19T21:35:40.0565001Z   MAMBA_ROOT_PREFIX: /home/runner/micromamba
2025-02-19T21:35:40.0565315Z   MAMBA_EXE: /home/runner/micromamba-bin/micromamba
2025-02-19T21:35:40.0565676Z   CONDARC: /home/runner/work/_temp/setup-micromamba/.condarc
2025-02-19T21:35:40.0565991Z ##[endgroup]
2025-02-19T21:35:40.6517551Z Collecting qgridnext
2025-02-19T21:35:40.6690822Z   Downloading qgridnext-2.0.4-py3-none-any.whl.metadata (9.9 kB)
2025-02-19T21:35:40.6771357Z Requirement already satisfied: pandas>=0.20.0 in /home/runner/micromamba/envs/tardis/lib/python3.12/site-packages (from qgridnext) (2.2.2)
2025-02-19T21:35:40.6780452Z Requirement already satisfied: ipywidgets>=7.0.0 in /home/runner/micromamba/envs/tardis/lib/python3.12/site-packages (from qgridnext) (7.8.0)
2025-02-19T21:35:40.6790259Z Requirement already satisfied: numpy in /home/runner/micromamba/envs/tardis/lib/python3.12/site-packages (from qgridnext) (1.26.4)
2025-02-19T21:35:40.6800610Z Requirement already satisfied: traitlets in /home/runner/micromamba/envs/tardis/lib/python3.12/site-packages (from qgridnext) (5.14.3)
2025-02-19T21:35:40.6884193Z Requirement already satisfied: comm>=0.1.3 in /home/runner/micromamba/envs/tardis/lib/python3.12/site-packages (from ipywidgets>=7.0.0->qgridnext) (0.2.2)
2025-02-19T21:35:40.6893280Z Requirement already satisfied: ipython-genutils~=0.2.0 in /home/runner/micromamba/envs/tardis/lib/python3.12/site-packages (from ipywidgets>=7.0.0->qgridnext) (0.2.0)
2025-02-19T21:35:40.6906525Z Requirement already satisfied: widgetsnbextension~=3.6.5 in /home/runner/micromamba/envs/tardis/lib/python3.12/site-packages (from ipywidgets>=7.0.0->qgridnext) (3.6.6)
2025-02-19T21:35:40.6924510Z Requirement already satisfied: ipython>=4.0.0 in /home/runner/micromamba/envs/tardis/lib/python3.12/site-packages (from ipywidgets>=7.0.0->qgridnext) (8.25.0)
2025-02-19T21:35:40.6939492Z Requirement already satisfied: jupyterlab-widgets<3,>=1.0.0 in /home/runner/micromamba/envs/tardis/lib/python3.12/site-packages (from ipywidgets>=7.0.0->qgridnext) (1.1.7)
2025-02-19T21:35:40.7443208Z Requirement already satisfied: python-dateutil>=2.8.2 in /home/runner/micromamba/envs/tardis/lib/python3.12/site-packages (from pandas>=0.20.0->qgridnext) (2.9.0)
2025-02-19T21:35:40.7456411Z Requirement already satisfied: pytz>=2020.1 in /home/runner/micromamba/envs/tardis/lib/python3.12/site-packages (from pandas>=0.20.0->qgridnext) (2024.1)
2025-02-19T21:35:40.7464445Z Requirement already satisfied: tzdata>=2022.7 in /home/runner/micromamba/envs/tardis/lib/python3.12/site-packages (from pandas>=0.20.0->qgridnext) (2024.1)
2025-02-19T21:35:40.7774777Z Requirement already satisfied: decorator in /home/runner/micromamba/envs/tardis/lib/python3.12/site-packages (from ipython>=4.0.0->ipywidgets>=7.0.0->qgridnext) (5.1.1)
2025-02-19T21:35:40.7788452Z Requirement already satisfied: jedi>=0.16 in /home/runner/micromamba/envs/tardis/lib/python3.12/site-packages (from ipython>=4.0.0->ipywidgets>=7.0.0->qgridnext) (0.19.1)
2025-02-19T21:35:40.7796520Z Requirement already satisfied: matplotlib-inline in /home/runner/micromamba/envs/tardis/lib/python3.12/site-packages (from ipython>=4.0.0->ipywidgets>=7.0.0->qgridnext) (0.1.7)
2025-02-19T21:35:40.7807111Z Requirement already satisfied: prompt-toolkit<3.1.0,>=3.0.41 in /home/runner/micromamba/envs/tardis/lib/python3.12/site-packages (from ipython>=4.0.0->ipywidgets>=7.0.0->qgridnext) (3.0.47)
2025-02-19T21:35:40.7816088Z Requirement already satisfied: pygments>=2.4.0 in /home/runner/micromamba/envs/tardis/lib/python3.12/site-packages (from ipython>=4.0.0->ipywidgets>=7.0.0->qgridnext) (2.18.0)
2025-02-19T21:35:40.7825280Z Requirement already satisfied: stack-data in /home/runner/micromamba/envs/tardis/lib/python3.12/site-packages (from ipython>=4.0.0->ipywidgets>=7.0.0->qgridnext) (0.6.2)
2025-02-19T21:35:40.7843402Z Requirement already satisfied: pexpect>4.3 in /home/runner/micromamba/envs/tardis/lib/python3.12/site-packages (from ipython>=4.0.0->ipywidgets>=7.0.0->qgridnext) (4.9.0)
2025-02-19T21:35:40.7890202Z Requirement already satisfied: six>=1.5 in /home/runner/micromamba/envs/tardis/lib/python3.12/site-packages (from python-dateutil>=2.8.2->pandas>=0.20.0->qgridnext) (1.16.0)
2025-02-19T21:35:40.7945872Z Requirement already satisfied: notebook>=4.4.1 in /home/runner/micromamba/envs/tardis/lib/python3.12/site-packages (from widgetsnbextension~=3.6.5->ipywidgets>=7.0.0->qgridnext) (7.2.1)
2025-02-19T21:35:40.8130760Z Requirement already satisfied: parso<0.9.0,>=0.8.3 in /home/runner/micromamba/envs/tardis/lib/python3.12/site-packages (from jedi>=0.16->ipython>=4.0.0->ipywidgets>=7.0.0->qgridnext) (0.8.4)
2025-02-19T21:35:40.8272844Z Requirement already satisfied: jupyter-server<3,>=2.4.0 in /home/runner/micromamba/envs/tardis/lib/python3.12/site-packages (from notebook>=4.4.1->widgetsnbextension~=3.6.5->ipywidgets>=7.0.0->qgridnext) (2.14.1)
2025-02-19T21:35:40.8285719Z Requirement already satisfied: jupyterlab-server<3,>=2.27.1 in /home/runner/micromamba/envs/tardis/lib/python3.12/site-packages (from notebook>=4.4.1->widgetsnbextension~=3.6.5->ipywidgets>=7.0.0->qgridnext) (2.27.2)
2025-02-19T21:35:40.8301126Z Requirement already satisfied: jupyterlab<4.3,>=4.2.0 in /home/runner/micromamba/envs/tardis/lib/python3.12/site-packages (from notebook>=4.4.1->widgetsnbextension~=3.6.5->ipywidgets>=7.0.0->qgridnext) (4.2.2)
2025-02-19T21:35:40.8311886Z Requirement already satisfied: notebook-shim<0.3,>=0.2 in /home/runner/micromamba/envs/tardis/lib/python3.12/site-packages (from notebook>=4.4.1->widgetsnbextension~=3.6.5->ipywidgets>=7.0.0->qgridnext) (0.2.4)
2025-02-19T21:35:40.8320741Z Requirement already satisfied: tornado>=6.2.0 in /home/runner/micromamba/envs/tardis/lib/python3.12/site-packages (from notebook>=4.4.1->widgetsnbextension~=3.6.5->ipywidgets>=7.0.0->qgridnext) (6.4.1)
2025-02-19T21:35:40.8350304Z Requirement already satisfied: ptyprocess>=0.5 in /home/runner/micromamba/envs/tardis/lib/python3.12/site-packages (from pexpect>4.3->ipython>=4.0.0->ipywidgets>=7.0.0->qgridnext) (0.7.0)
2025-02-19T21:35:40.8379044Z Requirement already satisfied: wcwidth in /home/runner/micromamba/envs/tardis/lib/python3.12/site-packages (from prompt-toolkit<3.1.0,>=3.0.41->ipython>=4.0.0->ipywidgets>=7.0.0->qgridnext) (0.2.13)
2025-02-19T21:35:40.8513709Z Requirement already satisfied: executing>=1.2.0 in /home/runner/micromamba/envs/tardis/lib/python3.12/site-packages (from stack-data->ipython>=4.0.0->ipywidgets>=7.0.0->qgridnext) (2.0.1)
2025-02-19T21:35:40.8523680Z Requirement already satisfied: asttokens>=2.1.0 in /home/runner/micromamba/envs/tardis/lib/python3.12/site-packages (from stack-data->ipython>=4.0.0->ipywidgets>=7.0.0->qgridnext) (2.4.1)
2025-02-19T21:35:40.8532137Z Requirement already satisfied: pure-eval in /home/runner/micromamba/envs/tardis/lib/python3.12/site-packages (from stack-data->ipython>=4.0.0->ipywidgets>=7.0.0->qgridnext) (0.2.2)
2025-02-19T21:35:40.8870967Z Requirement already satisfied: anyio>=3.1.0 in /home/runner/micromamba/envs/tardis/lib/python3.12/site-packages (from jupyter-server<3,>=2.4.0->notebook>=4.4.1->widgetsnbextension~=3.6.5->ipywidgets>=7.0.0->qgridnext) (4.4.0)
2025-02-19T21:35:40.8881779Z Requirement already satisfied: argon2-cffi>=21.1 in /home/runner/micromamba/envs/tardis/lib/python3.12/site-packages (from jupyter-server<3,>=2.4.0->notebook>=4.4.1->widgetsnbextension~=3.6.5->ipywidgets>=7.0.0->qgridnext) (23.1.0)
2025-02-19T21:35:40.8891247Z Requirement already satisfied: jinja2>=3.0.3 in /home/runner/micromamba/envs/tardis/lib/python3.12/site-packages (from jupyter-server<3,>=2.4.0->notebook>=4.4.1->widgetsnbextension~=3.6.5->ipywidgets>=7.0.0->qgridnext) (3.1.4)
2025-02-19T21:35:40.8903405Z Requirement already satisfied: jupyter-client>=7.4.4 in /home/runner/micromamba/envs/tardis/lib/python3.12/site-packages (from jupyter-server<3,>=2.4.0->notebook>=4.4.1->widgetsnbextension~=3.6.5->ipywidgets>=7.0.0->qgridnext) (8.6.2)
2025-02-19T21:35:40.8915695Z Requirement already satisfied: jupyter-core!=5.0.*,>=4.12 in /home/runner/micromamba/envs/tardis/lib/python3.12/site-packages (from jupyter-server<3,>=2.4.0->notebook>=4.4.1->widgetsnbextension~=3.6.5->ipywidgets>=7.0.0->qgridnext) (5.7.2)
2025-02-19T21:35:40.8927452Z Requirement already satisfied: jupyter-events>=0.9.0 in /home/runner/micromamba/envs/tardis/lib/python3.12/site-packages (from jupyter-server<3,>=2.4.0->notebook>=4.4.1->widgetsnbextension~=3.6.5->ipywidgets>=7.0.0->qgridnext) (0.10.0)
2025-02-19T21:35:40.8939115Z Requirement already satisfied: jupyter-server-terminals>=0.4.4 in /home/runner/micromamba/envs/tardis/lib/python3.12/site-packages (from jupyter-server<3,>=2.4.0->notebook>=4.4.1->widgetsnbextension~=3.6.5->ipywidgets>=7.0.0->qgridnext) (0.5.3)
2025-02-19T21:35:40.8954174Z Requirement already satisfied: nbconvert>=6.4.4 in /home/runner/micromamba/envs/tardis/lib/python3.12/site-packages (from jupyter-server<3,>=2.4.0->notebook>=4.4.1->widgetsnbextension~=3.6.5->ipywidgets>=7.0.0->qgridnext) (7.16.4)
2025-02-19T21:35:40.8965592Z Requirement already satisfied: nbformat>=5.3.0 in /home/runner/micromamba/envs/tardis/lib/python3.12/site-packages (from jupyter-server<3,>=2.4.0->notebook>=4.4.1->widgetsnbextension~=3.6.5->ipywidgets>=7.0.0->qgridnext) (5.10.4)
2025-02-19T21:35:40.8975468Z Requirement already satisfied: overrides>=5.0 in /home/runner/micromamba/envs/tardis/lib/python3.12/site-packages (from jupyter-server<3,>=2.4.0->notebook>=4.4.1->widgetsnbextension~=3.6.5->ipywidgets>=7.0.0->qgridnext) (7.7.0)
2025-02-19T21:35:40.8985866Z Requirement already satisfied: packaging>=22.0 in /home/runner/micromamba/envs/tardis/lib/python3.12/site-packages (from jupyter-server<3,>=2.4.0->notebook>=4.4.1->widgetsnbextension~=3.6.5->ipywidgets>=7.0.0->qgridnext) (24.1)
2025-02-19T21:35:40.8995194Z Requirement already satisfied: prometheus-client>=0.9 in /home/runner/micromamba/envs/tardis/lib/python3.12/site-packages (from jupyter-server<3,>=2.4.0->notebook>=4.4.1->widgetsnbextension~=3.6.5->ipywidgets>=7.0.0->qgridnext) (0.20.0)
2025-02-19T21:35:40.9006482Z Requirement already satisfied: pyzmq>=24 in /home/runner/micromamba/envs/tardis/lib/python3.12/site-packages (from jupyter-server<3,>=2.4.0->notebook>=4.4.1->widgetsnbextension~=3.6.5->ipywidgets>=7.0.0->qgridnext) (26.0.3)
2025-02-19T21:35:40.9016182Z Requirement already satisfied: send2trash>=1.8.2 in /home/runner/micromamba/envs/tardis/lib/python3.12/site-packages (from jupyter-server<3,>=2.4.0->notebook>=4.4.1->widgetsnbextension~=3.6.5->ipywidgets>=7.0.0->qgridnext) (1.8.3)
2025-02-19T21:35:40.9028178Z Requirement already satisfied: terminado>=0.8.3 in /home/runner/micromamba/envs/tardis/lib/python3.12/site-packages (from jupyter-server<3,>=2.4.0->notebook>=4.4.1->widgetsnbextension~=3.6.5->ipywidgets>=7.0.0->qgridnext) (0.18.1)
2025-02-19T21:35:40.9045853Z Requirement already satisfied: websocket-client>=1.7 in /home/runner/micromamba/envs/tardis/lib/python3.12/site-packages (from jupyter-server<3,>=2.4.0->notebook>=4.4.1->widgetsnbextension~=3.6.5->ipywidgets>=7.0.0->qgridnext) (1.8.0)
2025-02-19T21:35:40.9325478Z Requirement already satisfied: async-lru>=1.0.0 in /home/runner/micromamba/envs/tardis/lib/python3.12/site-packages (from jupyterlab<4.3,>=4.2.0->notebook>=4.4.1->widgetsnbextension~=3.6.5->ipywidgets>=7.0.0->qgridnext) (2.0.4)
2025-02-19T21:35:40.9338085Z Requirement already satisfied: httpx>=0.25.0 in /home/runner/micromamba/envs/tardis/lib/python3.12/site-packages (from jupyterlab<4.3,>=4.2.0->notebook>=4.4.1->widgetsnbextension~=3.6.5->ipywidgets>=7.0.0->qgridnext) (0.27.0)
2025-02-19T21:35:40.9350632Z Requirement already satisfied: ipykernel>=6.5.0 in /home/runner/micromamba/envs/tardis/lib/python3.12/site-packages (from jupyterlab<4.3,>=4.2.0->notebook>=4.4.1->widgetsnbextension~=3.6.5->ipywidgets>=7.0.0->qgridnext) (6.29.4)
2025-02-19T21:35:40.9365449Z Requirement already satisfied: jupyter-lsp>=2.0.0 in /home/runner/micromamba/envs/tardis/lib/python3.12/site-packages (from jupyterlab<4.3,>=4.2.0->notebook>=4.4.1->widgetsnbextension~=3.6.5->ipywidgets>=7.0.0->qgridnext) (2.2.5)
2025-02-19T21:35:40.9394691Z Requirement already satisfied: setuptools>=40.1.0 in /home/runner/micromamba/envs/tardis/lib/python3.12/site-packages (from jupyterlab<4.3,>=4.2.0->notebook>=4.4.1->widgetsnbextension~=3.6.5->ipywidgets>=7.0.0->qgridnext) (70.0.0)
2025-02-19T21:35:40.9581507Z Requirement already satisfied: babel>=2.10 in /home/runner/micromamba/envs/tardis/lib/python3.12/site-packages (from jupyterlab-server<3,>=2.27.1->notebook>=4.4.1->widgetsnbextension~=3.6.5->ipywidgets>=7.0.0->qgridnext) (2.14.0)
2025-02-19T21:35:40.9607901Z Requirement already satisfied: json5>=0.9.0 in /home/runner/micromamba/envs/tardis/lib/python3.12/site-packages (from jupyterlab-server<3,>=2.27.1->notebook>=4.4.1->widgetsnbextension~=3.6.5->ipywidgets>=7.0.0->qgridnext) (0.9.25)
2025-02-19T21:35:40.9618876Z Requirement already satisfied: jsonschema>=4.18.0 in /home/runner/micromamba/envs/tardis/lib/python3.12/site-packages (from jupyterlab-server<3,>=2.27.1->notebook>=4.4.1->widgetsnbextension~=3.6.5->ipywidgets>=7.0.0->qgridnext) (4.22.0)
2025-02-19T21:35:40.9637153Z Requirement already satisfied: requests>=2.31 in /home/runner/micromamba/envs/tardis/lib/python3.12/site-packages (from jupyterlab-server<3,>=2.27.1->notebook>=4.4.1->widgetsnbextension~=3.6.5->ipywidgets>=7.0.0->qgridnext) (2.32.3)
2025-02-19T21:35:40.9990564Z Requirement already satisfied: idna>=2.8 in /home/runner/micromamba/envs/tardis/lib/python3.12/site-packages (from anyio>=3.1.0->jupyter-server<3,>=2.4.0->notebook>=4.4.1->widgetsnbextension~=3.6.5->ipywidgets>=7.0.0->qgridnext) (3.7)
2025-02-19T21:35:40.9999419Z Requirement already satisfied: sniffio>=1.1 in /home/runner/micromamba/envs/tardis/lib/python3.12/site-packages (from anyio>=3.1.0->jupyter-server<3,>=2.4.0->notebook>=4.4.1->widgetsnbextension~=3.6.5->ipywidgets>=7.0.0->qgridnext) (1.3.1)
2025-02-19T21:35:41.0091259Z Requirement already satisfied: argon2-cffi-bindings in /home/runner/micromamba/envs/tardis/lib/python3.12/site-packages (from argon2-cffi>=21.1->jupyter-server<3,>=2.4.0->notebook>=4.4.1->widgetsnbextension~=3.6.5->ipywidgets>=7.0.0->qgridnext) (21.2.0)
2025-02-19T21:35:41.0259491Z Requirement already satisfied: certifi in /home/runner/micromamba/envs/tardis/lib/python3.12/site-packages (from httpx>=0.25.0->jupyterlab<4.3,>=4.2.0->notebook>=4.4.1->widgetsnbextension~=3.6.5->ipywidgets>=7.0.0->qgridnext) (2024.6.2)
2025-02-19T21:35:41.0273824Z Requirement already satisfied: httpcore==1.* in /home/runner/micromamba/envs/tardis/lib/python3.12/site-packages (from httpx>=0.25.0->jupyterlab<4.3,>=4.2.0->notebook>=4.4.1->widgetsnbextension~=3.6.5->ipywidgets>=7.0.0->qgridnext) (1.0.5)
2025-02-19T21:35:41.0350878Z Requirement already satisfied: h11<0.15,>=0.13 in /home/runner/micromamba/envs/tardis/lib/python3.12/site-packages (from httpcore==1.*->httpx>=0.25.0->jupyterlab<4.3,>=4.2.0->notebook>=4.4.1->widgetsnbextension~=3.6.5->ipywidgets>=7.0.0->qgridnext) (0.14.0)
2025-02-19T21:35:41.0532035Z Requirement already satisfied: debugpy>=1.6.5 in /home/runner/micromamba/envs/tardis/lib/python3.12/site-packages (from ipykernel>=6.5.0->jupyterlab<4.3,>=4.2.0->notebook>=4.4.1->widgetsnbextension~=3.6.5->ipywidgets>=7.0.0->qgridnext) (1.8.1)
2025-02-19T21:35:41.0552662Z Requirement already satisfied: nest-asyncio in /home/runner/micromamba/envs/tardis/lib/python3.12/site-packages (from ipykernel>=6.5.0->jupyterlab<4.3,>=4.2.0->notebook>=4.4.1->widgetsnbextension~=3.6.5->ipywidgets>=7.0.0->qgridnext) (1.6.0)
2025-02-19T21:35:41.0566942Z Requirement already satisfied: psutil in /home/runner/micromamba/envs/tardis/lib/python3.12/site-packages (from ipykernel>=6.5.0->jupyterlab<4.3,>=4.2.0->notebook>=4.4.1->widgetsnbextension~=3.6.5->ipywidgets>=7.0.0->qgridnext) (5.9.8)
2025-02-19T21:35:41.0628066Z Requirement already satisfied: MarkupSafe>=2.0 in /home/runner/micromamba/envs/tardis/lib/python3.12/site-packages (from jinja2>=3.0.3->jupyter-server<3,>=2.4.0->notebook>=4.4.1->widgetsnbextension~=3.6.5->ipywidgets>=7.0.0->qgridnext) (2.1.5)
2025-02-19T21:35:41.0816308Z Requirement already satisfied: attrs>=22.2.0 in /home/runner/micromamba/envs/tardis/lib/python3.12/site-packages (from jsonschema>=4.18.0->jupyterlab-server<3,>=2.27.1->notebook>=4.4.1->widgetsnbextension~=3.6.5->ipywidgets>=7.0.0->qgridnext) (23.2.0)
2025-02-19T21:35:41.0826067Z Requirement already satisfied: jsonschema-specifications>=2023.03.6 in /home/runner/micromamba/envs/tardis/lib/python3.12/site-packages (from jsonschema>=4.18.0->jupyterlab-server<3,>=2.27.1->notebook>=4.4.1->widgetsnbextension~=3.6.5->ipywidgets>=7.0.0->qgridnext) (2023.12.1)
2025-02-19T21:35:41.0834189Z Requirement already satisfied: referencing>=0.28.4 in /home/runner/micromamba/envs/tardis/lib/python3.12/site-packages (from jsonschema>=4.18.0->jupyterlab-server<3,>=2.27.1->notebook>=4.4.1->widgetsnbextension~=3.6.5->ipywidgets>=7.0.0->qgridnext) (0.35.1)
2025-02-19T21:35:41.0842656Z Requirement already satisfied: rpds-py>=0.7.1 in /home/runner/micromamba/envs/tardis/lib/python3.12/site-packages (from jsonschema>=4.18.0->jupyterlab-server<3,>=2.27.1->notebook>=4.4.1->widgetsnbextension~=3.6.5->ipywidgets>=7.0.0->qgridnext) (0.18.1)
2025-02-19T21:35:41.1100384Z Requirement already satisfied: platformdirs>=2.5 in /home/runner/micromamba/envs/tardis/lib/python3.12/site-packages (from jupyter-core!=5.0.*,>=4.12->jupyter-server<3,>=2.4.0->notebook>=4.4.1->widgetsnbextension~=3.6.5->ipywidgets>=7.0.0->qgridnext) (4.2.2)
2025-02-19T21:35:41.1245899Z Requirement already satisfied: python-json-logger>=2.0.4 in /home/runner/micromamba/envs/tardis/lib/python3.12/site-packages (from jupyter-events>=0.9.0->jupyter-server<3,>=2.4.0->notebook>=4.4.1->widgetsnbextension~=3.6.5->ipywidgets>=7.0.0->qgridnext) (2.0.7)
2025-02-19T21:35:41.1254033Z Requirement already satisfied: pyyaml>=5.3 in /home/runner/micromamba/envs/tardis/lib/python3.12/site-packages (from jupyter-events>=0.9.0->jupyter-server<3,>=2.4.0->notebook>=4.4.1->widgetsnbextension~=3.6.5->ipywidgets>=7.0.0->qgridnext) (6.0.1)
2025-02-19T21:35:41.1263622Z Requirement already satisfied: rfc3339-validator in /home/runner/micromamba/envs/tardis/lib/python3.12/site-packages (from jupyter-events>=0.9.0->jupyter-server<3,>=2.4.0->notebook>=4.4.1->widgetsnbextension~=3.6.5->ipywidgets>=7.0.0->qgridnext) (0.1.4)
2025-02-19T21:35:41.1271870Z Requirement already satisfied: rfc3986-validator>=0.1.1 in /home/runner/micromamba/envs/tardis/lib/python3.12/site-packages (from jupyter-events>=0.9.0->jupyter-server<3,>=2.4.0->notebook>=4.4.1->widgetsnbextension~=3.6.5->ipywidgets>=7.0.0->qgridnext) (0.1.1)
2025-02-19T21:35:41.1691850Z Requirement already satisfied: beautifulsoup4 in /home/runner/micromamba/envs/tardis/lib/python3.12/site-packages (from nbconvert>=6.4.4->jupyter-server<3,>=2.4.0->notebook>=4.4.1->widgetsnbextension~=3.6.5->ipywidgets>=7.0.0->qgridnext) (4.12.3)
2025-02-19T21:35:41.1710470Z Requirement already satisfied: bleach!=5.0.0 in /home/runner/micromamba/envs/tardis/lib/python3.12/site-packages (from nbconvert>=6.4.4->jupyter-server<3,>=2.4.0->notebook>=4.4.1->widgetsnbextension~=3.6.5->ipywidgets>=7.0.0->qgridnext) (6.1.0)
2025-02-19T21:35:41.1723636Z Requirement already satisfied: defusedxml in /home/runner/micromamba/envs/tardis/lib/python3.12/site-packages (from nbconvert>=6.4.4->jupyter-server<3,>=2.4.0->notebook>=4.4.1->widgetsnbextension~=3.6.5->ipywidgets>=7.0.0->qgridnext) (0.7.1)
2025-02-19T21:35:41.1737277Z Requirement already satisfied: jupyterlab-pygments in /home/runner/micromamba/envs/tardis/lib/python3.12/site-packages (from nbconvert>=6.4.4->jupyter-server<3,>=2.4.0->notebook>=4.4.1->widgetsnbextension~=3.6.5->ipywidgets>=7.0.0->qgridnext) (0.3.0)
2025-02-19T21:35:41.1748336Z Requirement already satisfied: mistune<4,>=2.0.3 in /home/runner/micromamba/envs/tardis/lib/python3.12/site-packages (from nbconvert>=6.4.4->jupyter-server<3,>=2.4.0->notebook>=4.4.1->widgetsnbextension~=3.6.5->ipywidgets>=7.0.0->qgridnext) (3.0.2)
2025-02-19T21:35:41.1760387Z Requirement already satisfied: nbclient>=0.5.0 in /home/runner/micromamba/envs/tardis/lib/python3.12/site-packages (from nbconvert>=6.4.4->jupyter-server<3,>=2.4.0->notebook>=4.4.1->widgetsnbextension~=3.6.5->ipywidgets>=7.0.0->qgridnext) (0.10.0)
2025-02-19T21:35:41.1776126Z Requirement already satisfied: pandocfilters>=1.4.1 in /home/runner/micromamba/envs/tardis/lib/python3.12/site-packages (from nbconvert>=6.4.4->jupyter-server<3,>=2.4.0->notebook>=4.4.1->widgetsnbextension~=3.6.5->ipywidgets>=7.0.0->qgridnext) (1.5.0)
2025-02-19T21:35:41.1785428Z Requirement already satisfied: tinycss2 in /home/runner/micromamba/envs/tardis/lib/python3.12/site-packages (from nbconvert>=6.4.4->jupyter-server<3,>=2.4.0->notebook>=4.4.1->widgetsnbextension~=3.6.5->ipywidgets>=7.0.0->qgridnext) (1.3.0)
2025-02-19T21:35:41.1897197Z Requirement already satisfied: fastjsonschema>=2.15 in /home/runner/micromamba/envs/tardis/lib/python3.12/site-packages (from nbformat>=5.3.0->jupyter-server<3,>=2.4.0->notebook>=4.4.1->widgetsnbextension~=3.6.5->ipywidgets>=7.0.0->qgridnext) (2.20.0)
2025-02-19T21:35:41.2195581Z Requirement already satisfied: charset-normalizer<4,>=2 in /home/runner/micromamba/envs/tardis/lib/python3.12/site-packages (from requests>=2.31->jupyterlab-server<3,>=2.27.1->notebook>=4.4.1->widgetsnbextension~=3.6.5->ipywidgets>=7.0.0->qgridnext) (3.3.2)
2025-02-19T21:35:41.2208596Z Requirement already satisfied: urllib3<3,>=1.21.1 in /home/runner/micromamba/envs/tardis/lib/python3.12/site-packages (from requests>=2.31->jupyterlab-server<3,>=2.27.1->notebook>=4.4.1->widgetsnbextension~=3.6.5->ipywidgets>=7.0.0->qgridnext) (2.2.2)
2025-02-19T21:35:41.2967308Z Requirement already satisfied: webencodings in /home/runner/micromamba/envs/tardis/lib/python3.12/site-packages (from bleach!=5.0.0->nbconvert>=6.4.4->jupyter-server<3,>=2.4.0->notebook>=4.4.1->widgetsnbextension~=3.6.5->ipywidgets>=7.0.0->qgridnext) (0.5.1)
2025-02-19T21:35:41.3525720Z Requirement already satisfied: fqdn in /home/runner/micromamba/envs/tardis/lib/python3.12/site-packages (from jsonschema[format-nongpl]>=4.18.0->jupyter-events>=0.9.0->jupyter-server<3,>=2.4.0->notebook>=4.4.1->widgetsnbextension~=3.6.5->ipywidgets>=7.0.0->qgridnext) (1.5.1)
2025-02-19T21:35:41.3542649Z Requirement already satisfied: isoduration in /home/runner/micromamba/envs/tardis/lib/python3.12/site-packages (from jsonschema[format-nongpl]>=4.18.0->jupyter-events>=0.9.0->jupyter-server<3,>=2.4.0->notebook>=4.4.1->widgetsnbextension~=3.6.5->ipywidgets>=7.0.0->qgridnext) (20.11.0)
2025-02-19T21:35:41.3555726Z Requirement already satisfied: jsonpointer>1.13 in /home/runner/micromamba/envs/tardis/lib/python3.12/site-packages (from jsonschema[format-nongpl]>=4.18.0->jupyter-events>=0.9.0->jupyter-server<3,>=2.4.0->notebook>=4.4.1->widgetsnbextension~=3.6.5->ipywidgets>=7.0.0->qgridnext) (3.0.0)
2025-02-19T21:35:41.3572117Z Requirement already satisfied: uri-template in /home/runner/micromamba/envs/tardis/lib/python3.12/site-packages (from jsonschema[format-nongpl]>=4.18.0->jupyter-events>=0.9.0->jupyter-server<3,>=2.4.0->notebook>=4.4.1->widgetsnbextension~=3.6.5->ipywidgets>=7.0.0->qgridnext) (1.3.0)
2025-02-19T21:35:41.3585643Z Requirement already satisfied: webcolors>=1.11 in /home/runner/micromamba/envs/tardis/lib/python3.12/site-packages (from jsonschema[format-nongpl]>=4.18.0->jupyter-events>=0.9.0->jupyter-server<3,>=2.4.0->notebook>=4.4.1->widgetsnbextension~=3.6.5->ipywidgets>=7.0.0->qgridnext) (24.6.0)
2025-02-19T21:35:41.4578266Z Requirement already satisfied: cffi>=1.0.1 in /home/runner/micromamba/envs/tardis/lib/python3.12/site-packages (from argon2-cffi-bindings->argon2-cffi>=21.1->jupyter-server<3,>=2.4.0->notebook>=4.4.1->widgetsnbextension~=3.6.5->ipywidgets>=7.0.0->qgridnext) (1.16.0)
2025-02-19T21:35:41.4671196Z Requirement already satisfied: soupsieve>1.2 in /home/runner/micromamba/envs/tardis/lib/python3.12/site-packages (from beautifulsoup4->nbconvert>=6.4.4->jupyter-server<3,>=2.4.0->notebook>=4.4.1->widgetsnbextension~=3.6.5->ipywidgets>=7.0.0->qgridnext) (2.5)
2025-02-19T21:35:41.5183043Z Requirement already satisfied: pycparser in /home/runner/micromamba/envs/tardis/lib/python3.12/site-packages (from cffi>=1.0.1->argon2-cffi-bindings->argon2-cffi>=21.1->jupyter-server<3,>=2.4.0->notebook>=4.4.1->widgetsnbextension~=3.6.5->ipywidgets>=7.0.0->qgridnext) (2.22)
2025-02-19T21:35:41.5663468Z Requirement already satisfied: arrow>=0.15.0 in /home/runner/micromamba/envs/tardis/lib/python3.12/site-packages (from isoduration->jsonschema[format-nongpl]>=4.18.0->jupyter-events>=0.9.0->jupyter-server<3,>=2.4.0->notebook>=4.4.1->widgetsnbextension~=3.6.5->ipywidgets>=7.0.0->qgridnext) (1.3.0)
2025-02-19T21:35:41.5953441Z Requirement already satisfied: types-python-dateutil>=2.8.10 in /home/runner/micromamba/envs/tardis/lib/python3.12/site-packages (from arrow>=0.15.0->isoduration->jsonschema[format-nongpl]>=4.18.0->jupyter-events>=0.9.0->jupyter-server<3,>=2.4.0->notebook>=4.4.1->widgetsnbextension~=3.6.5->ipywidgets>=7.0.0->qgridnext) (2.9.0.20240316)
2025-02-19T21:35:41.6196587Z Downloading qgridnext-2.0.4-py3-none-any.whl (1.3 MB)
2025-02-19T21:35:41.6385345Z    â”â”â”â”â”â”â”â”â”â”â”â”â”â”â”â”â”â”â”â”â”â”â”â”â”â”â”â”â”â”â”â”â”â”â”â”â”â”â”â” 1.3/1.3 MB 75.1 MB/s eta 0:00:00
2025-02-19T21:35:42.4190406Z Installing collected packages: qgridnext
2025-02-19T21:35:42.4924230Z Successfully installed qgridnext-2.0.4
2025-02-19T21:35:42.6656916Z ##[group]Run pytest tardis --tardis-regression-data=/home/runner/work/tardis/tardis/tardis-regression-data --cov=tardis --cov-report=xml --cov-report=html --cov-append -m "not continuum"
2025-02-19T21:35:42.6658225Z [36;1mpytest tardis --tardis-regression-data=/home/runner/work/tardis/tardis/tardis-regression-data --cov=tardis --cov-report=xml --cov-report=html --cov-append -m "not continuum"[0m
2025-02-19T21:35:42.6713016Z shell: /usr/bin/bash -l {0}
2025-02-19T21:35:42.6713260Z env:
2025-02-19T21:35:42.6713440Z   CACHE_NUMBER: 0
2025-02-19T21:35:42.6714067Z   PYTEST_FLAGS: --tardis-regression-data=/home/runner/work/tardis/tardis/tardis-regression-data --cov=tardis --cov-report=xml --cov-report=html --cov-append
2025-02-19T21:35:42.6714746Z   CODECOV_TOKEN: 
2025-02-19T21:35:42.6714976Z   MAMBA_ROOT_PREFIX: /home/runner/micromamba
2025-02-19T21:35:42.6715285Z   MAMBA_EXE: /home/runner/micromamba-bin/micromamba
2025-02-19T21:35:42.6715672Z   CONDARC: /home/runner/work/_temp/setup-micromamba/.condarc
2025-02-19T21:35:42.6715983Z ##[endgroup]
2025-02-19T21:35:53.1459750Z ============================= test session starts ==============================
2025-02-19T21:35:53.1460496Z platform linux -- Python 3.12.4, pytest-8.2.2, pluggy-1.5.0
2025-02-19T21:35:53.1461192Z rootdir: /home/runner/work/tardis/tardis
2025-02-19T21:35:53.1461702Z configfile: pyproject.toml
2025-02-19T21:35:53.1462298Z plugins: metadata-3.1.1, anyio-4.4.0, doctestplus-1.2.1, cov-5.0.0, html-4.1.1
2025-02-19T21:35:53.1462991Z collected 1796 items / 2 deselected / 1794 selected
2025-02-19T21:35:53.1463364Z 
2025-02-19T21:35:57.9835854Z tardis/energy_input/tests/test_energy_source.py ..xxx                    [  0%]
2025-02-19T21:36:01.2838559Z tardis/energy_input/tests/test_gamma_ray_channel.py ...........          [  0%]
2025-02-19T21:36:02.9623041Z tardis/energy_input/tests/test_gamma_ray_grid.py xx.                     [  1%]
2025-02-19T21:36:04.6857101Z tardis/energy_input/tests/test_gamma_ray_interactions.py xx....          [  1%]
2025-02-19T21:36:04.6946665Z tardis/energy_input/tests/test_gamma_ray_packet_source.py sssssssss      [  1%]
2025-02-19T21:36:05.9503903Z tardis/energy_input/tests/test_util.py .....xxxx.....                    [  2%]
2025-02-19T21:36:06.2922781Z tardis/grid/tests/test_grid.py .                                         [  2%]
2025-02-19T21:36:06.2938534Z tardis/gui/tests/test_gui.py s                                           [  2%]
2025-02-19T21:36:09.6660186Z tardis/io/configuration/tests/test_config_reader.py ...........          [  3%]
2025-02-19T21:36:09.6782841Z tardis/io/configuration/tests/test_configuration_namespace.py .........  [  3%]
2025-02-19T21:36:09.7051148Z tardis/io/logger/tests/test_logging.py ssssssssssssssssssssssssssss      [  5%]
2025-02-19T21:36:46.3019422Z tardis/io/model/readers/tests/test_arepo_parser.py ..                    [  5%]
2025-02-19T21:36:46.3160606Z tardis/io/model/readers/tests/test_ascii_readers.py ...                  [  5%]
2025-02-19T21:36:46.3264447Z tardis/io/model/readers/tests/test_cmfgen_reader.py ..                   [  5%]
2025-02-19T21:36:46.3560057Z tardis/io/model/readers/tests/test_csvy_reader.py ....                   [  6%]
2025-02-19T21:36:46.3760490Z tardis/io/model/readers/tests/test_stella_reader.py ..                   [  6%]
2025-02-19T21:36:46.6748922Z tardis/io/tests/test_HDFWriter.py ...............                        [  7%]
2025-02-19T21:36:46.9795092Z tardis/io/tests/test_atomic.py .....                                     [  7%]
2025-02-19T21:36:46.9984380Z tardis/io/tests/test_decay.py ..                                         [  7%]
2025-02-19T21:36:47.1936693Z tardis/io/tests/test_model_reader.py ......                              [  7%]
2025-02-19T21:36:47.2003951Z tardis/model/geometry/tests/test_radial1d.py ..                          [  7%]
2025-02-19T21:37:44.4645848Z tardis/model/tests/test_base.py ........................................ [ 10%]
2025-02-19T21:37:45.4641839Z ............                                                             [ 10%]
2025-02-19T21:37:48.5229833Z tardis/model/tests/test_csvy_model.py .........                          [ 11%]
2025-02-19T21:37:48.5694835Z tardis/model/tests/test_density.py ..                                    [ 11%]
2025-02-19T21:37:49.8435803Z tardis/opacities/tests/test_opacity_solver.py .....                      [ 11%]
2025-02-19T21:37:51.1454248Z tardis/opacities/tests/test_opacity_state_numba.py .....                 [ 11%]
2025-02-19T21:37:52.7226443Z tardis/opacities/tests/test_tau_sobolev.py ..                            [ 12%]
2025-02-19T21:37:55.7190524Z tardis/plasma/equilibrium/tests/test_collisional_transitions.py ...      [ 12%]
2025-02-19T21:38:42.1899135Z tardis/plasma/equilibrium/tests/test_level_populations.py ....           [ 12%]
2025-02-19T21:38:53.8871311Z tardis/plasma/equilibrium/tests/test_rate_matrix.py .                    [ 12%]
2025-02-19T21:38:55.2924801Z tardis/plasma/tests/test_complete_plasmas.py ..............s......s..... [ 13%]
2025-02-19T21:38:58.1275958Z s....ssssss............s......s.....ss.....s....ssssss............s..... [ 18%]
2025-02-19T21:39:00.0033104Z .s.....ss.....s....ssssss............s......s.....ss.....s....ssssss.... [ 22%]
2025-02-19T21:39:02.8459786Z ........s......s.....ss.....s....ssssss............s......s.....ss.....s [ 26%]
2025-02-19T21:39:05.6606427Z ....ssssss............s......s.....ss.....s....ssssss............s...... [ 30%]
2025-02-19T21:39:06.3503162Z s.....ss.....s....ssssss............s......s.....ss.....s.ss.ssssss..... [ 34%]
2025-02-19T21:39:09.1843406Z .......s......s.....ss.....s....ssssss............s......s.....ss.....s. [ 38%]
2025-02-19T21:39:12.2806722Z ...ssssss............s......s.....ss.....s....ssssss............s......s [ 42%]
2025-02-19T21:39:15.2864994Z .....ss.....s....ssssss............s......s.....s...........ssssss...... [ 46%]
2025-02-19T21:39:17.0482513Z ......s......s.....s...........ssssss............s......s.....s......... [ 50%]
2025-02-19T21:39:19.8716367Z ..ssssss............s......s.....ss.....s....ssssss............s......s. [ 54%]
2025-02-19T21:39:23.2637826Z ....ss.....s....ssssss...................s......s.....s....ssss......... [ 58%]
2025-02-19T21:39:23.5445800Z ............s......s.....s....ssss.......                                [ 60%]
2025-02-19T21:39:23.6548252Z tardis/plasma/tests/test_hdf_plasma.py ................................. [ 62%]
2025-02-19T21:39:23.6660084Z ......                                                                   [ 62%]
2025-02-19T21:39:23.8020766Z tardis/plasma/tests/test_nlte_excitation.py ...                          [ 62%]
2025-02-19T21:41:39.9852334Z tardis/plasma/tests/test_nlte_solver.py .....X                           [ 63%]
2025-02-19T21:41:39.9878127Z tardis/plasma/tests/test_plasma_continuum.py .                           [ 63%]
2025-02-19T21:42:03.1501099Z tardis/plasma/tests/test_plasma_vboundary.py .............               [ 63%]
2025-02-19T21:42:16.3198093Z tardis/plasma/tests/test_tardis_model_density_config.py ...              [ 64%]
2025-02-19T21:42:17.0753865Z tardis/simulation/tests/test_convergence.py .....                        [ 64%]
2025-02-19T21:42:25.5270542Z tardis/simulation/tests/test_simulation.py .............                 [ 65%]
2025-02-19T21:42:25.5466038Z tardis/spectrum/tests/test_cuda_formal_integral.py sssssssssssssssssssss [ 66%]
2025-02-19T21:42:26.0145868Z ssss...ssssssssssssssssssssss                                            [ 67%]
2025-02-19T21:42:26.0218659Z tardis/spectrum/tests/test_luminosity.py ....                            [ 68%]
2025-02-19T21:42:27.5933398Z tardis/spectrum/tests/test_numba_formal_integral.py .................... [ 69%]
2025-02-19T21:42:27.6125925Z ..........                                                               [ 69%]
2025-02-19T21:42:27.7806889Z tardis/spectrum/tests/test_spectrum.py ................................. [ 71%]
2025-02-19T21:42:27.8125948Z .........                                                                [ 72%]
2025-02-19T21:42:46.7759093Z tardis/spectrum/tests/test_spectrum_solver.py ....                       [ 72%]
2025-02-19T21:43:47.7791699Z tardis/tests/test_tardis_full.py ....                                    [ 72%]
2025-02-19T21:45:11.5856265Z tardis/tests/test_tardis_full_formal_integral.py ................        [ 73%]
2025-02-19T21:45:11.6585112Z tardis/tests/test_util.py .............................................  [ 75%]
2025-02-19T21:45:14.3113957Z tardis/transport/montecarlo/tests/test_base.py x.....................    [ 77%]
2025-02-19T21:45:21.8564094Z tardis/transport/montecarlo/tests/test_interaction.py .......            [ 77%]
2025-02-19T21:45:22.0654214Z tardis/transport/montecarlo/tests/test_macro_atom.py ....                [ 77%]
2025-02-19T21:45:22.0832772Z tardis/transport/montecarlo/tests/test_montecarlo.py sssssssssssssssssss [ 78%]
2025-02-19T21:45:22.1257272Z sssssssssssssssssssssssssssssssssssssssssssss                            [ 81%]
2025-02-19T21:45:31.0118042Z tardis/transport/montecarlo/tests/test_montecarlo_main_loop.py x..       [ 81%]
2025-02-19T21:45:31.0183872Z tardis/transport/montecarlo/tests/test_nonhomologous.py ...              [ 81%]
2025-02-19T21:45:36.7888360Z tardis/transport/montecarlo/tests/test_numba_interface.py .....x.        [ 82%]
2025-02-19T21:45:37.2705385Z tardis/transport/montecarlo/tests/test_opacities.py ...............      [ 82%]
2025-02-19T21:45:38.2980668Z tardis/transport/montecarlo/tests/test_packet.py .................xXXXXX [ 84%]
2025-02-19T21:45:38.8864717Z XX.........                                                              [ 84%]
2025-02-19T21:45:38.9137941Z tardis/transport/montecarlo/tests/test_packet_source.py ........         [ 85%]
2025-02-19T21:45:39.2200540Z tardis/transport/montecarlo/tests/test_rpacket_last_interaction_tracker.py . [ 85%]
2025-02-19T21:45:39.6539936Z .....                                                                    [ 85%]
2025-02-19T21:46:14.3524291Z tardis/transport/montecarlo/tests/test_rpacket_tracker.py ......         [ 85%]
2025-02-19T21:46:14.3800602Z tardis/transport/montecarlo/tests/test_single_packet_loop.py xxx         [ 86%]
2025-02-19T21:46:14.3832081Z tardis/transport/montecarlo/tests/test_tracker_utils.py ..               [ 86%]
2025-02-19T21:46:16.8206381Z tardis/transport/montecarlo/tests/test_vpacket.py ..x.                   [ 86%]
2025-02-19T21:46:16.8378678Z tardis/transport/montecarlo/tests/test_weighted_packet_source.py ....    [ 86%]
2025-02-19T21:46:20.2401296Z tardis/transport/montecarlo/tests/test_weighted_packet_source_integration.py . [ 86%]
2025-02-19T21:46:20.2402550Z                                                                          [ 86%]
2025-02-19T21:46:20.9867804Z tardis/transport/tests/test_doppler_factor.py ..................         [ 87%]
2025-02-19T21:46:22.3255004Z tardis/visualization/tools/tests/test_convergence_plot.py .............. [ 88%]
2025-02-19T21:46:24.5216937Z ......                                                                   [ 88%]
2025-02-19T21:46:29.2121615Z tardis/visualization/tools/tests/test_liv_plot.py ...................... [ 90%]
2025-02-19T21:46:32.2770692Z .............................                                            [ 91%]
2025-02-19T21:46:35.1210596Z tardis/visualization/tools/tests/test_rpacket_plot.py .................. [ 92%]
2025-02-19T21:46:42.1555303Z ....                                                                     [ 92%]
2025-02-19T21:46:48.1296126Z tardis/visualization/tools/tests/test_sdec_plot.py ..................... [ 94%]
2025-02-19T21:46:55.5865654Z ..............................                                           [ 95%]
2025-02-19T21:46:56.0240686Z tardis/visualization/widgets/tests/test_custom_abundance.py ........ss.. [ 96%]
2025-02-19T21:46:56.0948548Z ....                                                                     [ 96%]
2025-02-19T21:46:57.1335059Z tardis/visualization/widgets/tests/test_line_info.py ................... [ 97%]
2025-02-19T21:46:57.7592817Z ..................                                                       [ 98%]
2025-02-19T21:48:00.7811381Z tardis/visualization/widgets/tests/test_shell_info.py .................. [ 99%]
2025-02-19T21:48:08.0079068Z ......                                                                   [100%]
2025-02-19T21:48:08.0081865Z 
2025-02-19T21:48:08.0082387Z =============================== warnings summary ===============================
2025-02-19T21:48:08.0082966Z tardis/io/configuration/config_validator.py:6
2025-02-19T21:48:08.0083548Z tardis/io/configuration/config_validator.py:6
2025-02-19T21:48:08.0084455Z   /home/runner/work/tardis/tardis/tardis/io/configuration/config_validator.py:6: DeprecationWarning:
2025-02-19T21:48:08.0085351Z   
2025-02-19T21:48:08.0087443Z   jsonschema.RefResolver is deprecated as of v4.18.0, in favor of the https://github.com/python-jsonschema/referencing library, which provides more compliant referencing behavior as well as more flexible APIs for customization. A future release will remove RefResolver. Please file a feature request (on referencing) if you are missing an API for the kind of customization you need.
2025-02-19T21:48:08.0089922Z 
2025-02-19T21:48:08.0090363Z ../../../micromamba/envs/tardis/lib/python3.12/site-packages/jupyter_client/connect.py:22
2025-02-19T21:48:08.0091583Z   /home/runner/micromamba/envs/tardis/lib/python3.12/site-packages/jupyter_client/connect.py:22: DeprecationWarning:
2025-02-19T21:48:08.0092503Z   
2025-02-19T21:48:08.0092969Z   Jupyter is migrating its paths to use standard platformdirs
2025-02-19T21:48:08.0093699Z   given by the platformdirs library.  To remove this warning and
2025-02-19T21:48:08.0094432Z   see the appropriate new directories, set the environment variable
2025-02-19T21:48:08.0095087Z   `JUPYTER_PLATFORM_DIRS=1` and then run `jupyter --paths`.
2025-02-19T21:48:08.0095673Z   The use of platformdirs will be the default in `jupyter_core` v6
2025-02-19T21:48:08.0096028Z 
2025-02-19T21:48:08.0103189Z tardis/io/tests/test_HDFWriter.py::test_multi_index_write
2025-02-19T21:48:08.0104056Z tardis/visualization/widgets/tests/test_shell_info.py::TestHDFShellInfo::test_shells_data
2025-02-19T21:48:08.0105001Z   /home/runner/work/tardis/tardis/tardis/io/util.py:276: PerformanceWarning:
2025-02-19T21:48:08.0105610Z   
2025-02-19T21:48:08.0105863Z   
2025-02-19T21:48:08.0106350Z   your performance may suffer as PyTables will pickle object types that it cannot
2025-02-19T21:48:08.0107262Z   map directly to c-types [inferred_type->mixed,key->block0_values] [items->Index([0], dtype='int64')]
2025-02-19T21:48:08.0107831Z 
2025-02-19T21:48:08.0108163Z tardis/io/tests/test_model_reader.py::test_read_cmfgen_isotope_abundances
2025-02-19T21:48:08.0108986Z tardis/plasma/tests/test_tardis_model_density_config.py::test_electron_densities
2025-02-19T21:48:08.0110038Z tardis/plasma/tests/test_tardis_model_density_config.py::test_isotope_number_densities
2025-02-19T21:48:08.0110852Z tardis/plasma/tests/test_tardis_model_density_config.py::test_t_rad
2025-02-19T21:48:08.0111787Z   /home/runner/work/tardis/tardis/tardis/io/model/readers/cmfgen_deprecated.py:82: DeprecationWarning:
2025-02-19T21:48:08.0112521Z   
2025-02-19T21:48:08.0112834Z   The current CMFGEN model parser is deprecated
2025-02-19T21:48:08.0113146Z 
2025-02-19T21:48:08.0113353Z tardis/io/tests/test_model_reader.py: 1 warning
2025-02-19T21:48:08.0113992Z tardis/plasma/tests/test_tardis_model_density_config.py: 9 warnings
2025-02-19T21:48:08.0114938Z   /home/runner/work/tardis/tardis/tardis/io/model/readers/cmfgen_deprecated.py:40: DeprecationWarning:
2025-02-19T21:48:08.0115650Z   
2025-02-19T21:48:08.0115947Z   The current CMFGEN model parser is deprecated
2025-02-19T21:48:08.0116253Z 
2025-02-19T21:48:08.0116865Z tardis/model/tests/test_base.py::TestModelFromPaper1Config::test_abundances
2025-02-19T21:48:08.0117870Z   /home/runner/work/tardis/tardis/tardis/transport/montecarlo/montecarlo_main_loop.py:123: NumbaTypeSafetyWarning:
2025-02-19T21:48:08.0118668Z   
2025-02-19T21:48:08.0119821Z   [1m[1m[1munsafe cast from uint64 to int64. Precision may be lost.[0m[0m[0m
2025-02-19T21:48:08.0120256Z 
2025-02-19T21:48:08.0120421Z tardis/model/tests/test_base.py: 6 warnings
2025-02-19T21:48:08.0120873Z tardis/model/tests/test_csvy_model.py: 2 warnings
2025-02-19T21:48:08.0121438Z tardis/plasma/tests/test_tardis_model_density_config.py: 3 warnings
2025-02-19T21:48:08.0122227Z   /home/runner/work/tardis/tardis/tardis/model/geometry/radial1d.py:50: DeprecationWarning:
2025-02-19T21:48:08.0122856Z   
2025-02-19T21:48:08.0123136Z   v_inner_boundary < 0, assuming default value
2025-02-19T21:48:08.0123423Z 
2025-02-19T21:48:08.0123576Z tardis/model/tests/test_base.py: 6 warnings
2025-02-19T21:48:08.0124028Z tardis/model/tests/test_csvy_model.py: 2 warnings
2025-02-19T21:48:08.0124584Z tardis/plasma/tests/test_tardis_model_density_config.py: 3 warnings
2025-02-19T21:48:08.0125373Z   /home/runner/work/tardis/tardis/tardis/model/geometry/radial1d.py:61: DeprecationWarning:
2025-02-19T21:48:08.0126007Z   
2025-02-19T21:48:08.0126293Z   v_outer_boundary < 0, assuming default value
2025-02-19T21:48:08.0126573Z 
2025-02-19T21:48:08.0127271Z tardis/plasma/equilibrium/tests/test_level_populations.py::TestLevelPopulationSolver::test_solve[collisional_rate_solver0-radiative_transitions0]
2025-02-19T21:48:08.0128569Z   /home/runner/work/tardis/tardis/tardis/plasma/equilibrium/level_populations.py:65: FutureWarning:
2025-02-19T21:48:08.0129466Z   
2025-02-19T21:48:08.0130028Z   A value is trying to be set on a copy of a DataFrame or Series through chained assignment using an inplace method.
2025-02-19T21:48:08.0131281Z   The behavior will change in pandas 3.0. This inplace method will never work because the intermediate object on which we are setting values always behaves as a copy.
2025-02-19T21:48:08.0132224Z   
2025-02-19T21:48:08.0133184Z   For example, when doing 'df[col].method(value, inplace=True)', try using 'df.method({col: value}, inplace=True)' or df[col] = df[col].method(value) instead, to perform the operation inplace on the original object.
2025-02-19T21:48:08.0134157Z 
2025-02-19T21:48:08.0134495Z tardis/plasma/tests/test_plasma_vboundary.py::test_plasma_vboundary[2900-3750]
2025-02-19T21:48:08.0135256Z tardis/plasma/tests/test_plasma_vboundary.py::test_plasma_vboundary[2900-3850]
2025-02-19T21:48:08.0136008Z tardis/plasma/tests/test_plasma_vboundary.py::test_plasma_vboundary[2900-3900]
2025-02-19T21:48:08.0136792Z   /home/runner/work/tardis/tardis/tardis/model/geometry/radial1d.py:71: UserWarning:
2025-02-19T21:48:08.0137378Z   
2025-02-19T21:48:08.0137796Z   Requesting inner boundary below inner shell. Extrapolating the inner cell
2025-02-19T21:48:08.0138219Z 
2025-02-19T21:48:08.0138534Z tardis/spectrum/tests/test_spectrum_solver.py::TestSpectrumSolver::test_solve
2025-02-19T21:48:08.0139422Z   /home/runner/work/tardis/tardis/tardis/spectrum/base.py:70: UserWarning:
2025-02-19T21:48:08.0139946Z   
2025-02-19T21:48:08.0140576Z   SpectrumSolver.spectrum_virtual_packets is zero. Please run the montecarlo simulation with no_of_virtual_packets > 0
2025-02-19T21:48:08.0141247Z 
2025-02-19T21:48:08.0141578Z tardis/spectrum/tests/test_spectrum_solver.py::TestSpectrumSolver::test_solve
2025-02-19T21:48:08.0142345Z   /home/runner/work/tardis/tardis/tardis/spectrum/base.py:111: UserWarning:
2025-02-19T21:48:08.0142898Z   
2025-02-19T21:48:08.0143585Z   SpectrumSolver.integrator: The FormalIntegrator is not yet available.Please run the montecarlo simulation at least once.
2025-02-19T21:48:08.0144274Z 
2025-02-19T21:48:08.0144603Z tardis/transport/montecarlo/tests/test_vpacket.py::test_trace_vpacket_volley
2025-02-19T21:48:08.0145226Z   <string>:3: NumbaPendingDeprecationWarning:
2025-02-19T21:48:08.0145612Z   
2025-02-19T21:48:08.0147646Z   [1m[1mCode using Numba extension API maybe depending on 'old_style' error-capturing, which is deprecated and will be replaced by 'new_style' in a future release. See details at https://numba.readthedocs.io/en/latest/reference/deprecation.html#deprecation-of-old-style-numba-captured-errors
2025-02-19T21:48:08.0149542Z   Exception origin:
2025-02-19T21:48:08.0150126Z     File "/home/runner/micromamba/envs/tardis/lib/python3.12/inspect.py", line 3180, in _bind
2025-02-19T21:48:08.0150774Z       raise TypeError(msg) from None
2025-02-19T21:48:08.0151156Z   [0m[0m
2025-02-19T21:48:08.0151297Z 
2025-02-19T21:48:08.0151804Z tardis/visualization/tools/tests/test_sdec_plot.py::TestSDECPlotter::test_mpl_image[plotter_generate_plot_mpl4]
2025-02-19T21:48:08.0152865Z   /home/runner/work/tardis/tardis/tardis/visualization/tools/sdec_plot.py:1225: RuntimeWarning:
2025-02-19T21:48:08.0153544Z   
2025-02-19T21:48:08.0155008Z   More than 20 figures have been opened. Figures created through the pyplot interface (`matplotlib.pyplot.figure`) are retained until explicitly closed and may consume too much memory. (To control this warning, see the rcParam `figure.max_open_warning`). Consider using `matplotlib.pyplot.close()`.
2025-02-19T21:48:08.0156453Z 
2025-02-19T21:48:08.0156984Z tardis/visualization/widgets/tests/test_custom_abundance.py::TestCustomAbundanceWidget::test_update_input_item_value
2025-02-19T21:48:08.0158154Z tardis/visualization/widgets/tests/test_custom_abundance.py::TestCustomAbundanceWidget::test_update_input_item_value
2025-02-19T21:48:08.0159507Z tardis/visualization/widgets/tests/test_custom_abundance.py::TestCustomAbundanceWidget::test_update_input_item_value
2025-02-19T21:48:08.0160742Z tardis/visualization/widgets/tests/test_custom_abundance.py::TestCustomAbundanceWidget::test_update_input_item_value
2025-02-19T21:48:08.0161929Z tardis/visualization/widgets/tests/test_custom_abundance.py::TestCustomAbundanceWidget::test_update_input_item_value
2025-02-19T21:48:08.0163114Z tardis/visualization/widgets/tests/test_custom_abundance.py::TestCustomAbundanceWidget::test_update_input_item_value
2025-02-19T21:48:08.0164333Z   /home/runner/micromamba/envs/tardis/lib/python3.12/site-packages/traitlets/traitlets.py:1385: DeprecationWarning:
2025-02-19T21:48:08.0165074Z   
2025-02-19T21:48:08.0165488Z   Passing unrecognized arguments to super(Checkbox).__init__(icon='lock').
2025-02-19T21:48:08.0166180Z   object.__init__() takes exactly one argument (the instance to initialize)
2025-02-19T21:48:08.0166955Z   This is deprecated in traitlets 4.2.This error will be raised in a future release of traitlets.
2025-02-19T21:48:08.0167472Z 
2025-02-19T21:48:08.0168046Z tardis/visualization/widgets/tests/test_custom_abundance.py::TestCustomAbundanceWidget::test_update_input_item_value
2025-02-19T21:48:08.0169417Z tardis/visualization/widgets/tests/test_custom_abundance.py::TestCustomAbundanceWidget::test_update_input_item_value
2025-02-19T21:48:08.0170644Z   /home/runner/micromamba/envs/tardis/lib/python3.12/site-packages/traitlets/traitlets.py:1385: DeprecationWarning:
2025-02-19T21:48:08.0171436Z   
2025-02-19T21:48:08.0171844Z   Passing unrecognized arguments to super(FloatText).__init__(min=0).
2025-02-19T21:48:08.0172512Z   object.__init__() takes exactly one argument (the instance to initialize)
2025-02-19T21:48:08.0173274Z   This is deprecated in traitlets 4.2.This error will be raised in a future release of traitlets.
2025-02-19T21:48:08.0173777Z 
2025-02-19T21:48:08.0174331Z tardis/visualization/widgets/tests/test_custom_abundance.py::TestCustomAbundanceWidget::test_update_input_item_value
2025-02-19T21:48:08.0175520Z   /home/runner/micromamba/envs/tardis/lib/python3.12/site-packages/traitlets/traitlets.py:1385: DeprecationWarning:
2025-02-19T21:48:08.0176293Z   
2025-02-19T21:48:08.0176742Z   Passing unrecognized arguments to super(HTML).__init__(indent=True).
2025-02-19T21:48:08.0177408Z   object.__init__() takes exactly one argument (the instance to initialize)
2025-02-19T21:48:08.0178174Z   This is deprecated in traitlets 4.2.This error will be raised in a future release of traitlets.
2025-02-19T21:48:08.0178829Z 
2025-02-19T21:48:08.0179607Z tardis/visualization/widgets/tests/test_line_info.py::TestLineInfoWidgetData::test_get_species_interactions[wavelength_range0-packet_out_nu]
2025-02-19T21:48:08.0180982Z   /home/runner/micromamba/envs/tardis/lib/python3.12/site-packages/qgridnext/grid.py:830: DeprecationWarning:
2025-02-19T21:48:08.0181703Z   
2025-02-19T21:48:08.0182254Z   QgridWidget._show_toolbar_changed is deprecated in traitlets 4.1: use @observe and @unobserve instead.
2025-02-19T21:48:08.0182822Z 
2025-02-19T21:48:08.0183212Z tardis/visualization/widgets/tests/test_shell_info.py::TestHDFShellInfo::test_shells_data
2025-02-19T21:48:08.0184040Z   /home/runner/work/tardis/tardis/tardis/io/util.py:289: PerformanceWarning:
2025-02-19T21:48:08.0184580Z   
2025-02-19T21:48:08.0184802Z   
2025-02-19T21:48:08.0185239Z   your performance may suffer as PyTables will pickle object types that it cannot
2025-02-19T21:48:08.0186090Z   map directly to c-types [inferred_type->mixed,key->block0_values] [items->Index([0], dtype='int64')]
2025-02-19T21:48:08.0186624Z 
2025-02-19T21:48:08.0187033Z tardis/visualization/widgets/tests/test_shell_info.py::TestHDFShellInfo::test_shells_data
2025-02-19T21:48:08.0187872Z   /home/runner/work/tardis/tardis/tardis/io/util.py:292: PerformanceWarning:
2025-02-19T21:48:08.0188395Z   
2025-02-19T21:48:08.0188607Z   
2025-02-19T21:48:08.0189057Z   your performance may suffer as PyTables will pickle object types that it cannot
2025-02-19T21:48:08.0189938Z   map directly to c-types [inferred_type->mixed,key->values] [items->None]
2025-02-19T21:48:08.0190339Z 
2025-02-19T21:48:08.0190786Z tardis/visualization/widgets/tests/test_shell_info.py::TestHDFShellInfo::test_shells_data
2025-02-19T21:48:08.0191758Z   /home/runner/work/tardis/tardis/tardis/spectrum/formal_integral.py:398: UserWarning:
2025-02-19T21:48:08.0192353Z   
2025-02-19T21:48:08.0192794Z   The number of interpolate_shells was not specified. The value was set to 80.
2025-02-19T21:48:08.0193238Z 
2025-02-19T21:48:08.0193525Z -- Docs: https://docs.pytest.org/en/stable/how-to/capture-warnings.html
2025-02-19T21:48:08.0193947Z 
2025-02-19T21:48:08.0194207Z ---------- coverage: platform linux, python 3.12.4-final-0 -----------
2025-02-19T21:48:08.0194792Z Coverage HTML written to dir coverage_html_report
2025-02-19T21:48:08.0195280Z Coverage XML written to file coverage.xml
2025-02-19T21:48:08.0195607Z 
2025-02-19T21:48:08.0196023Z = 1410 passed, 357 skipped, 2 deselected, 19 xfailed, 8 xpassed, 63 warnings in 736.46s (0:12:16) =
2025-02-19T21:48:10.0685986Z ##[group]Run mv .coverage .coverage.2
2025-02-19T21:48:10.0686316Z [36;1mmv .coverage .coverage.2[0m
2025-02-19T21:48:10.0755366Z shell: /usr/bin/bash -l {0}
2025-02-19T21:48:10.0755608Z env:
2025-02-19T21:48:10.0755784Z   CACHE_NUMBER: 0
2025-02-19T21:48:10.0756400Z   PYTEST_FLAGS: --tardis-regression-data=/home/runner/work/tardis/tardis/tardis-regression-data --cov=tardis --cov-report=xml --cov-report=html --cov-append
2025-02-19T21:48:10.0757068Z   CODECOV_TOKEN: 
2025-02-19T21:48:10.0757298Z   MAMBA_ROOT_PREFIX: /home/runner/micromamba
2025-02-19T21:48:10.0757607Z   MAMBA_EXE: /home/runner/micromamba-bin/micromamba
2025-02-19T21:48:10.0757957Z   CONDARC: /home/runner/work/_temp/setup-micromamba/.condarc
2025-02-19T21:48:10.0758264Z ##[endgroup]
2025-02-19T21:48:10.1932961Z ##[group]Run actions/upload-artifact@v4
2025-02-19T21:48:10.1933252Z with:
2025-02-19T21:48:10.1933481Z   name: coverage-not-continuum-ubuntu-latest
2025-02-19T21:48:10.1933770Z   include-hidden-files: true
2025-02-19T21:48:10.1934011Z   path: .coverage*
!.coveragerc

2025-02-19T21:48:10.1934254Z   if-no-files-found: warn
2025-02-19T21:48:10.1934473Z   compression-level: 6
2025-02-19T21:48:10.1934677Z   overwrite: false
2025-02-19T21:48:10.1934862Z env:
2025-02-19T21:48:10.1935030Z   CACHE_NUMBER: 0
2025-02-19T21:48:10.1935635Z   PYTEST_FLAGS: --tardis-regression-data=/home/runner/work/tardis/tardis/tardis-regression-data --cov=tardis --cov-report=xml --cov-report=html --cov-append
2025-02-19T21:48:10.1936433Z   CODECOV_TOKEN: 
2025-02-19T21:48:10.1936651Z   MAMBA_ROOT_PREFIX: /home/runner/micromamba
2025-02-19T21:48:10.1936954Z   MAMBA_EXE: /home/runner/micromamba-bin/micromamba
2025-02-19T21:48:10.1937299Z   CONDARC: /home/runner/work/_temp/setup-micromamba/.condarc
2025-02-19T21:48:10.1937624Z ##[endgroup]
2025-02-19T21:48:10.4235283Z With the provided path, there will be 1 file uploaded
2025-02-19T21:48:10.4239744Z Artifact name is valid!
2025-02-19T21:48:10.4241905Z Root directory input is valid!
2025-02-19T21:48:10.5262854Z Beginning upload of artifact content to blob storage
2025-02-19T21:48:10.5805858Z Uploaded bytes 20013
2025-02-19T21:48:10.5966671Z Finished uploading artifact content to blob storage!
2025-02-19T21:48:10.5970179Z SHA256 hash of uploaded artifact zip is dc92e7c876224b04cd62baa612b8e86cbb61102f9e09e3359d15c371eb3ac6d3
2025-02-19T21:48:10.5972441Z Finalizing artifact upload
2025-02-19T21:48:10.6764674Z Artifact coverage-not-continuum-ubuntu-latest.zip successfully finalized. Artifact ID 2619571498
2025-02-19T21:48:10.6766295Z Artifact coverage-not-continuum-ubuntu-latest has been successfully uploaded! Final size is 20013 bytes. Artifact ID is 2619571498
2025-02-19T21:48:10.6773022Z Artifact download URL: https://github.com/tardis-sn/tardis/actions/runs/13422795476/artifacts/2619571498
2025-02-19T21:48:10.6896504Z Post job cleanup.
2025-02-19T21:48:10.6927921Z Post job cleanup.
2025-02-19T21:48:10.8249210Z Will use pre-installed micromamba at /home/runner/micromamba-bin/micromamba
2025-02-19T21:48:10.8256537Z Removing micromamba run shell ...
2025-02-19T21:48:10.8260774Z ##[group]Deinitialize micromamba for bash
2025-02-19T21:48:10.8279088Z [command]/home/runner/micromamba-bin/micromamba shell deinit -s bash -r /home/runner/micromamba --log-level warning --rc-file /home/runner/work/_temp/setup-micromamba/.condarc
2025-02-19T21:48:10.8377935Z Resetting RC file "/home/runner/.bashrc"
2025-02-19T21:48:10.8378498Z Deleting config for root prefix 
2025-02-19T21:48:10.8379030Z Clearing mamba executable environment variable
2025-02-19T21:48:10.8380981Z Removing the following in your "/home/runner/.bashrc" file
2025-02-19T21:48:10.8381516Z # >>> mamba initialize >>>
2025-02-19T21:48:10.8381748Z ...
2025-02-19T21:48:10.8381924Z # <<< mamba initialize <<<
2025-02-19T21:48:10.8410891Z Removing mamba initialize block from .bash_profile
2025-02-19T21:48:10.8425418Z ##[endgroup]
2025-02-19T21:48:10.8429553Z Removing environment tardis from auto-activate bash ...
2025-02-19T21:48:10.8548210Z Post job cleanup.
2025-02-19T21:48:10.8584687Z Post job cleanup.
2025-02-19T21:48:10.9539682Z [command]/usr/bin/git version
2025-02-19T21:48:10.9575356Z git version 2.48.1
2025-02-19T21:48:10.9622898Z Temporarily overriding HOME='/home/runner/work/_temp/998609c6-6a19-427d-ba3b-6edd6db2e508' before making global git config changes
2025-02-19T21:48:10.9624012Z Adding repository directory to the temporary git global config as a safe directory
2025-02-19T21:48:10.9628142Z [command]/usr/bin/git config --global --add safe.directory /home/runner/work/tardis/tardis/tardis-regression-data
2025-02-19T21:48:10.9661628Z [command]/usr/bin/git config --local --name-only --get-regexp core\.sshCommand
2025-02-19T21:48:10.9693406Z [command]/usr/bin/git submodule foreach --recursive sh -c "git config --local --name-only --get-regexp 'core\.sshCommand' && git config --local --unset-all 'core.sshCommand' || :"
2025-02-19T21:48:10.9932259Z [command]/usr/bin/git config --local --name-only --get-regexp http\.https\:\/\/github\.com\/\.extraheader
2025-02-19T21:48:10.9955159Z http.https://github.com/.extraheader
2025-02-19T21:48:10.9973201Z [command]/usr/bin/git config --local --unset-all http.https://github.com/.extraheader
2025-02-19T21:48:11.0009158Z [command]/usr/bin/git submodule foreach --recursive sh -c "git config --local --name-only --get-regexp 'http\.https\:\/\/github\.com\/\.extraheader' && git config --local --unset-all 'http.https://github.com/.extraheader' || :"
2025-02-19T21:48:11.0370354Z Post job cleanup.
2025-02-19T21:48:11.1303679Z [command]/usr/bin/git version
2025-02-19T21:48:11.1342059Z git version 2.48.1
2025-02-19T21:48:11.1410384Z Temporarily overriding HOME='/home/runner/work/_temp/26a41fb7-2dea-44eb-8f45-23ae4f730822' before making global git config changes
2025-02-19T21:48:11.1411618Z Adding repository directory to the temporary git global config as a safe directory
2025-02-19T21:48:11.1418129Z [command]/usr/bin/git config --global --add safe.directory /home/runner/work/tardis/tardis
2025-02-19T21:48:11.1461615Z [command]/usr/bin/git config --local --name-only --get-regexp core\.sshCommand
2025-02-19T21:48:11.1500768Z [command]/usr/bin/git submodule foreach --recursive sh -c "git config --local --name-only --get-regexp 'core\.sshCommand' && git config --local --unset-all 'core.sshCommand' || :"
2025-02-19T21:48:11.1734263Z [command]/usr/bin/git config --local --name-only --get-regexp http\.https\:\/\/github\.com\/\.extraheader
2025-02-19T21:48:11.1755123Z http.https://github.com/.extraheader
2025-02-19T21:48:11.1768002Z [command]/usr/bin/git config --local --unset-all http.https://github.com/.extraheader
2025-02-19T21:48:11.1797892Z [command]/usr/bin/git submodule foreach --recursive sh -c "git config --local --name-only --get-regexp 'http\.https\:\/\/github\.com\/\.extraheader' && git config --local --unset-all 'http.https://github.com/.extraheader' || :"
2025-02-19T21:48:11.2135529Z Cleaning up orphan processes
