2025-02-05T17:21:43.2714005Z Requested labels: macos-latest
2025-02-05T17:21:43.2714909Z Job defined at: tardis-sn/tardis/.github/workflows/tests.yml@refs/heads/master
2025-02-05T17:21:43.2715270Z Waiting for a runner to pick up this job...
2025-02-05T17:21:43.8949099Z Job is waiting for a hosted runner to come online.
2025-02-05T17:21:49.9919702Z Job is about to start running on the hosted runner: GitHub Actions 7 (hosted)
2025-02-05T17:21:50.5906410Z Current runner version: '2.322.0'
2025-02-05T17:21:50.5925480Z ##[group]Operating System
2025-02-05T17:21:50.5926120Z macOS
2025-02-05T17:21:50.5926450Z 14.7.2
2025-02-05T17:21:50.5926960Z 23H311
2025-02-05T17:21:50.5927360Z ##[endgroup]
2025-02-05T17:21:50.5927780Z ##[group]Runner Image
2025-02-05T17:21:50.5928140Z Image: macos-14-arm64
2025-02-05T17:21:50.5928550Z Version: 20250120.774
2025-02-05T17:21:50.5929330Z Included Software: https://github.com/actions/runner-images/blob/macos-14-arm64/20250120.774/images/macos/macos-14-arm64-Readme.md
2025-02-05T17:21:50.5930490Z Image Release: https://github.com/actions/runner-images/releases/tag/macos-14-arm64%2F20250120.774
2025-02-05T17:21:50.5931100Z ##[endgroup]
2025-02-05T17:21:50.5931450Z ##[group]Runner Image Provisioner
2025-02-05T17:21:50.5931870Z 2.0.417.1+9319b8b0d2fead581272b7201c667f076e8e53f6
2025-02-05T17:21:50.5932370Z ##[endgroup]
2025-02-05T17:21:50.5933970Z ##[group]GITHUB_TOKEN Permissions
2025-02-05T17:21:50.5935840Z Actions: write
2025-02-05T17:21:50.5936290Z Attestations: write
2025-02-05T17:21:50.5936730Z Checks: write
2025-02-05T17:21:50.5937160Z Contents: write
2025-02-05T17:21:50.5937500Z Deployments: write
2025-02-05T17:21:50.5937930Z Discussions: write
2025-02-05T17:21:50.5938330Z Issues: write
2025-02-05T17:21:50.5938730Z Metadata: read
2025-02-05T17:21:50.5939050Z Packages: write
2025-02-05T17:21:50.5939480Z Pages: write
2025-02-05T17:21:50.5939930Z PullRequests: write
2025-02-05T17:21:50.5940330Z RepositoryProjects: write
2025-02-05T17:21:50.5940740Z SecurityEvents: write
2025-02-05T17:21:50.5941250Z Statuses: write
2025-02-05T17:21:50.5941590Z ##[endgroup]
2025-02-05T17:21:50.5943910Z Secret source: Actions
2025-02-05T17:21:50.5944440Z Prepare workflow directory
2025-02-05T17:21:50.6429490Z Prepare all required actions
2025-02-05T17:21:50.6457510Z Getting action download info
2025-02-05T17:21:50.8120620Z Download action repository 'actions/checkout@v4' (SHA:11bd71901bbe5b1630ceea73d27597364c9af683)
2025-02-05T17:21:51.0958360Z Download action repository 'actions/upload-artifact@v4' (SHA:65c4c4a1ddee5b72f698fdd19549f0f0fb45cf08)
2025-02-05T17:21:51.3186170Z Complete job name: not continuum macos-latest 
2025-02-05T17:21:51.3692350Z ##[group]Run actions/checkout@v4
2025-02-05T17:21:51.3712240Z with:
2025-02-05T17:21:51.3712700Z   repository: tardis-sn/tardis
2025-02-05T17:21:51.3713420Z   token: ***
2025-02-05T17:21:51.3713750Z   ssh-strict: true
2025-02-05T17:21:51.3714070Z   ssh-user: git
2025-02-05T17:21:51.3714400Z   persist-credentials: true
2025-02-05T17:21:51.3714770Z   clean: true
2025-02-05T17:21:51.3715110Z   sparse-checkout-cone-mode: true
2025-02-05T17:21:51.3715510Z   fetch-depth: 1
2025-02-05T17:21:51.3715860Z   fetch-tags: false
2025-02-05T17:21:51.3716210Z   show-progress: true
2025-02-05T17:21:51.3716550Z   lfs: false
2025-02-05T17:21:51.3716850Z   submodules: false
2025-02-05T17:21:51.3717190Z   set-safe-directory: true
2025-02-05T17:21:51.3717830Z env:
2025-02-05T17:21:51.3718140Z   CACHE_NUMBER: 0
2025-02-05T17:21:51.3719100Z   PYTEST_FLAGS: --tardis-regression-data=/Users/runner/work/tardis/tardis/tardis-regression-data --cov=tardis --cov-report=xml --cov-report=html --cov-append
2025-02-05T17:21:51.3720190Z   CODECOV_TOKEN: ***
2025-02-05T17:21:51.3720520Z ##[endgroup]
2025-02-05T17:21:51.4954780Z Syncing repository: tardis-sn/tardis
2025-02-05T17:21:51.4956170Z ##[group]Getting Git version info
2025-02-05T17:21:51.4956670Z Working directory is '/Users/runner/work/tardis/tardis'
2025-02-05T17:21:51.4957430Z [command]/opt/homebrew/bin/git version
2025-02-05T17:21:51.5418260Z git version 2.48.1
2025-02-05T17:21:51.5433990Z ##[endgroup]
2025-02-05T17:21:51.5445080Z Copying '/Users/runner/.gitconfig' to '/Users/runner/work/_temp/b92bc6ae-196f-4a0f-805c-0373208de7fd/.gitconfig'
2025-02-05T17:21:51.5452150Z Temporarily overriding HOME='/Users/runner/work/_temp/b92bc6ae-196f-4a0f-805c-0373208de7fd' before making global git config changes
2025-02-05T17:21:51.5453220Z Adding repository directory to the temporary git global config as a safe directory
2025-02-05T17:21:51.5456500Z [command]/opt/homebrew/bin/git config --global --add safe.directory /Users/runner/work/tardis/tardis
2025-02-05T17:21:51.5536340Z Deleting the contents of '/Users/runner/work/tardis/tardis'
2025-02-05T17:21:51.5538420Z ##[group]Initializing the repository
2025-02-05T17:21:51.5542380Z [command]/opt/homebrew/bin/git init /Users/runner/work/tardis/tardis
2025-02-05T17:21:51.5687830Z hint: Using 'master' as the name for the initial branch. This default branch name
2025-02-05T17:21:51.5695300Z hint: is subject to change. To configure the initial branch name to use in all
2025-02-05T17:21:51.5696100Z hint: of your new repositories, which will suppress this warning, call:
2025-02-05T17:21:51.5696710Z hint:
2025-02-05T17:21:51.5697120Z hint: 	git config --global init.defaultBranch <name>
2025-02-05T17:21:51.5697600Z hint:
2025-02-05T17:21:51.5698070Z hint: Names commonly chosen instead of 'master' are 'main', 'trunk' and
2025-02-05T17:21:51.5698760Z hint: 'development'. The just-created branch can be renamed via this command:
2025-02-05T17:21:51.5699540Z hint:
2025-02-05T17:21:51.5699940Z hint: 	git branch -m <name>
2025-02-05T17:21:51.5700830Z Initialized empty Git repository in /Users/runner/work/tardis/tardis/.git/
2025-02-05T17:21:51.5702310Z [command]/opt/homebrew/bin/git remote add origin https://github.com/tardis-sn/tardis
2025-02-05T17:21:51.5749700Z ##[endgroup]
2025-02-05T17:21:51.5750290Z ##[group]Disabling automatic garbage collection
2025-02-05T17:21:51.5751730Z [command]/opt/homebrew/bin/git config --local gc.auto 0
2025-02-05T17:21:51.5787920Z ##[endgroup]
2025-02-05T17:21:51.5788490Z ##[group]Setting up auth
2025-02-05T17:21:51.5792280Z [command]/opt/homebrew/bin/git config --local --name-only --get-regexp core\.sshCommand
2025-02-05T17:21:51.5829590Z [command]/opt/homebrew/bin/git submodule foreach --recursive sh -c "git config --local --name-only --get-regexp 'core\.sshCommand' && git config --local --unset-all 'core.sshCommand' || :"
2025-02-05T17:21:51.6672280Z [command]/opt/homebrew/bin/git config --local --name-only --get-regexp http\.https\:\/\/github\.com\/\.extraheader
2025-02-05T17:21:51.6701310Z [command]/opt/homebrew/bin/git submodule foreach --recursive sh -c "git config --local --name-only --get-regexp 'http\.https\:\/\/github\.com\/\.extraheader' && git config --local --unset-all 'http.https://github.com/.extraheader' || :"
2025-02-05T17:21:51.7378280Z [command]/opt/homebrew/bin/git config --local http.https://github.com/.extraheader AUTHORIZATION: basic ***
2025-02-05T17:21:51.7418950Z ##[endgroup]
2025-02-05T17:21:51.7419550Z ##[group]Fetching the repository
2025-02-05T17:21:51.7420590Z [command]/opt/homebrew/bin/git -c protocol.version=2 fetch --no-tags --prune --no-recurse-submodules --depth=1 origin +304154a270a5270d5e575e901c7b1d794a8e2511:refs/remotes/origin/master
2025-02-05T17:21:53.9322090Z From https://github.com/tardis-sn/tardis
2025-02-05T17:21:53.9322880Z  * [new ref]         304154a270a5270d5e575e901c7b1d794a8e2511 -> origin/master
2025-02-05T17:21:53.9381950Z ##[endgroup]
2025-02-05T17:21:53.9382390Z ##[group]Determining the checkout info
2025-02-05T17:21:53.9382920Z ##[endgroup]
2025-02-05T17:21:53.9386650Z [command]/opt/homebrew/bin/git sparse-checkout disable
2025-02-05T17:21:53.9447370Z [command]/opt/homebrew/bin/git config --local --unset-all extensions.worktreeConfig
2025-02-05T17:21:53.9495300Z ##[group]Checking out the ref
2025-02-05T17:21:53.9497620Z [command]/opt/homebrew/bin/git checkout --progress --force -B master refs/remotes/origin/master
2025-02-05T17:21:54.1642350Z Reset branch 'master'
2025-02-05T17:21:54.1644960Z branch 'master' set up to track 'origin/master'.
2025-02-05T17:21:54.1653400Z ##[endgroup]
2025-02-05T17:21:54.1713130Z [command]/opt/homebrew/bin/git log -1 --format=%H
2025-02-05T17:21:54.1758460Z 304154a270a5270d5e575e901c7b1d794a8e2511
2025-02-05T17:21:54.1988380Z Prepare all required actions
2025-02-05T17:21:54.1988790Z Getting action download info
2025-02-05T17:21:54.3326990Z Download action repository 'actions/cache@v4' (SHA:1bd1e32a3bdc45362d1e726936510720a7c30a57)
2025-02-05T17:21:54.4156560Z ##[group]Run ./.github/actions/setup_lfs
2025-02-05T17:21:54.4156850Z with:
2025-02-05T17:21:54.4157090Z   regression-data-repo: tardis-sn/tardis-regression-data
2025-02-05T17:21:54.4157390Z   atom-data-sparse: false
2025-02-05T17:21:54.4157580Z env:
2025-02-05T17:21:54.4157750Z   CACHE_NUMBER: 0
2025-02-05T17:21:54.4158300Z   PYTEST_FLAGS: --tardis-regression-data=/Users/runner/work/tardis/tardis/tardis-regression-data --cov=tardis --cov-report=xml --cov-report=html --cov-append
2025-02-05T17:21:54.4159330Z   CODECOV_TOKEN: ***
2025-02-05T17:21:54.4159520Z ##[endgroup]
2025-02-05T17:21:54.4260710Z ##[group]Run actions/checkout@v4
2025-02-05T17:21:54.4260950Z with:
2025-02-05T17:21:54.4261140Z   repository: tardis-sn/tardis-regression-data
2025-02-05T17:21:54.4261440Z   path: tardis-regression-data
2025-02-05T17:21:54.4261650Z   lfs: false
2025-02-05T17:21:54.4262000Z   token: ***
2025-02-05T17:21:54.4308610Z   ssh-strict: true
2025-02-05T17:21:54.4308900Z   ssh-user: git
2025-02-05T17:21:54.4309100Z   persist-credentials: true
2025-02-05T17:21:54.4309300Z   clean: true
2025-02-05T17:21:54.4309470Z   sparse-checkout-cone-mode: true
2025-02-05T17:21:54.4309680Z   fetch-depth: 1
2025-02-05T17:21:54.4309860Z   fetch-tags: false
2025-02-05T17:21:54.4310030Z   show-progress: true
2025-02-05T17:21:54.4310200Z   submodules: false
2025-02-05T17:21:54.4310370Z   set-safe-directory: true
2025-02-05T17:21:54.4310560Z env:
2025-02-05T17:21:54.4310710Z   CACHE_NUMBER: 0
2025-02-05T17:21:54.4311200Z   PYTEST_FLAGS: --tardis-regression-data=/Users/runner/work/tardis/tardis/tardis-regression-data --cov=tardis --cov-report=xml --cov-report=html --cov-append
2025-02-05T17:21:54.4311870Z   CODECOV_TOKEN: ***
2025-02-05T17:21:54.4312040Z ##[endgroup]
2025-02-05T17:21:54.5107860Z Syncing repository: tardis-sn/tardis-regression-data
2025-02-05T17:21:54.5109240Z ##[group]Getting Git version info
2025-02-05T17:21:54.5109640Z Working directory is '/Users/runner/work/tardis/tardis/tardis-regression-data'
2025-02-05T17:21:54.5136580Z [command]/opt/homebrew/bin/git version
2025-02-05T17:21:54.5181350Z git version 2.48.1
2025-02-05T17:21:54.5195210Z ##[endgroup]
2025-02-05T17:21:54.5201140Z Copying '/Users/runner/.gitconfig' to '/Users/runner/work/_temp/0639587f-6fbc-4f54-be3d-dbd9fdc4488b/.gitconfig'
2025-02-05T17:21:54.5208290Z Temporarily overriding HOME='/Users/runner/work/_temp/0639587f-6fbc-4f54-be3d-dbd9fdc4488b' before making global git config changes
2025-02-05T17:21:54.5208970Z Adding repository directory to the temporary git global config as a safe directory
2025-02-05T17:21:54.5211380Z [command]/opt/homebrew/bin/git config --global --add safe.directory /Users/runner/work/tardis/tardis/tardis-regression-data
2025-02-05T17:21:54.5256370Z ##[group]Initializing the repository
2025-02-05T17:21:54.5259660Z [command]/opt/homebrew/bin/git init /Users/runner/work/tardis/tardis/tardis-regression-data
2025-02-05T17:21:54.5333510Z hint: Using 'master' as the name for the initial branch. This default branch name
2025-02-05T17:21:54.5334720Z hint: is subject to change. To configure the initial branch name to use in all
2025-02-05T17:21:54.5335250Z hint: of your new repositories, which will suppress this warning, call:
2025-02-05T17:21:54.5335560Z hint:
2025-02-05T17:21:54.5335810Z hint: 	git config --global init.defaultBranch <name>
2025-02-05T17:21:54.5336080Z hint:
2025-02-05T17:21:54.5336350Z hint: Names commonly chosen instead of 'master' are 'main', 'trunk' and
2025-02-05T17:21:54.5336790Z hint: 'development'. The just-created branch can be renamed via this command:
2025-02-05T17:21:54.5337100Z hint:
2025-02-05T17:21:54.5337280Z hint: 	git branch -m <name>
2025-02-05T17:21:54.5337700Z Initialized empty Git repository in /Users/runner/work/tardis/tardis/tardis-regression-data/.git/
2025-02-05T17:21:54.5341840Z [command]/opt/homebrew/bin/git remote add origin https://github.com/tardis-sn/tardis-regression-data
2025-02-05T17:21:54.5392750Z ##[endgroup]
2025-02-05T17:21:54.5393550Z ##[group]Disabling automatic garbage collection
2025-02-05T17:21:54.5394820Z [command]/opt/homebrew/bin/git config --local gc.auto 0
2025-02-05T17:21:54.5437020Z ##[endgroup]
2025-02-05T17:21:54.5437490Z ##[group]Setting up auth
2025-02-05T17:21:54.5442560Z [command]/opt/homebrew/bin/git config --local --name-only --get-regexp core\.sshCommand
2025-02-05T17:21:54.5487420Z [command]/opt/homebrew/bin/git submodule foreach --recursive sh -c "git config --local --name-only --get-regexp 'core\.sshCommand' && git config --local --unset-all 'core.sshCommand' || :"
2025-02-05T17:21:54.6054450Z [command]/opt/homebrew/bin/git config --local --name-only --get-regexp http\.https\:\/\/github\.com\/\.extraheader
2025-02-05T17:21:54.6098240Z [command]/opt/homebrew/bin/git submodule foreach --recursive sh -c "git config --local --name-only --get-regexp 'http\.https\:\/\/github\.com\/\.extraheader' && git config --local --unset-all 'http.https://github.com/.extraheader' || :"
2025-02-05T17:21:54.6808270Z [command]/opt/homebrew/bin/git config --local http.https://github.com/.extraheader AUTHORIZATION: basic ***
2025-02-05T17:21:54.6863450Z ##[endgroup]
2025-02-05T17:21:54.6864330Z ##[group]Determining the default branch
2025-02-05T17:21:54.6864790Z Retrieving the default branch name
2025-02-05T17:21:55.1253800Z Default branch 'main'
2025-02-05T17:21:55.1254610Z ##[endgroup]
2025-02-05T17:21:55.1255070Z ##[group]Fetching the repository
2025-02-05T17:21:55.1258870Z [command]/opt/homebrew/bin/git -c protocol.version=2 fetch --no-tags --prune --no-recurse-submodules --depth=1 origin +refs/heads/main:refs/remotes/origin/main
2025-02-05T17:21:56.2096370Z From https://github.com/tardis-sn/tardis-regression-data
2025-02-05T17:21:56.2097120Z  * [new branch]      main       -> origin/main
2025-02-05T17:21:56.2154000Z ##[endgroup]
2025-02-05T17:21:56.2154310Z ##[group]Determining the checkout info
2025-02-05T17:21:56.2154630Z ##[endgroup]
2025-02-05T17:21:56.2157910Z [command]/opt/homebrew/bin/git sparse-checkout disable
2025-02-05T17:21:56.2212660Z [command]/opt/homebrew/bin/git config --local --unset-all extensions.worktreeConfig
2025-02-05T17:21:56.2260640Z ##[group]Checking out the ref
2025-02-05T17:21:56.2263310Z [command]/opt/homebrew/bin/git checkout --progress --force -B main refs/remotes/origin/main
2025-02-05T17:21:56.4829120Z Switched to a new branch 'main'
2025-02-05T17:21:56.4833370Z branch 'main' set up to track 'origin/main'.
2025-02-05T17:21:56.5696660Z ##[endgroup]
2025-02-05T17:21:56.5752960Z [command]/opt/homebrew/bin/git log -1 --format=%H
2025-02-05T17:21:56.5805060Z fa7729bc9c30e14b69acd641af8b692b56fcd416
2025-02-05T17:21:56.5911390Z ##[group]Run if [ "false" == "true" ]; then
2025-02-05T17:21:56.5911690Z [36;1mif [ "false" == "true" ]; then[0m
2025-02-05T17:21:56.5911930Z [36;1m  echo "Using atom data sparse checkout"[0m
2025-02-05T17:21:56.5912270Z [36;1m  echo "atom_data/kurucz_cd23_chianti_H_He.h5" > .lfs-files-list[0m
2025-02-05T17:21:56.5912550Z [36;1melse[0m
2025-02-05T17:21:56.5912740Z [36;1m  echo "Using full repository checkout"[0m
2025-02-05T17:21:56.5913040Z [36;1m  git lfs ls-files -l | cut -d' ' -f1 | sort > .lfs-files-list[0m
2025-02-05T17:21:56.5913320Z [36;1mfi[0m
2025-02-05T17:21:56.5974880Z shell: /bin/bash --noprofile --norc -e -o pipefail {0}
2025-02-05T17:21:56.5975180Z env:
2025-02-05T17:21:56.5975320Z   CACHE_NUMBER: 0
2025-02-05T17:21:56.5975820Z   PYTEST_FLAGS: --tardis-regression-data=/Users/runner/work/tardis/tardis/tardis-regression-data --cov=tardis --cov-report=xml --cov-report=html --cov-append
2025-02-05T17:21:56.5976570Z   CODECOV_TOKEN: ***
2025-02-05T17:21:56.5976740Z ##[endgroup]
2025-02-05T17:21:56.6256080Z Using full repository checkout
2025-02-05T17:21:56.8347990Z ##[group]Run actions/cache/restore@v4
2025-02-05T17:21:56.8348240Z with:
2025-02-05T17:21:56.8348710Z   path: tardis-regression-data/.git/lfs
2025-02-05T17:21:56.8349260Z   key: tardis-regression-full-data-21f9fa4b6817cc69b9fae3598144724da7828e276a73bd17f47a2a49d9af090a-tardis-sn/tardis-regression-data-v1
2025-02-05T17:21:56.8349980Z   fail-on-cache-miss: true
2025-02-05T17:21:56.8350170Z   enableCrossOsArchive: false
2025-02-05T17:21:56.8350350Z   lookup-only: false
2025-02-05T17:21:56.8350530Z env:
2025-02-05T17:21:56.8350660Z   CACHE_NUMBER: 0
2025-02-05T17:21:56.8351190Z   PYTEST_FLAGS: --tardis-regression-data=/Users/runner/work/tardis/tardis/tardis-regression-data --cov=tardis --cov-report=xml --cov-report=html --cov-append
2025-02-05T17:21:56.8352000Z   CODECOV_TOKEN: ***
2025-02-05T17:21:56.8352190Z ##[endgroup]
2025-02-05T17:21:58.0771060Z Received 41943040 of 1707218436 (2.5%), 40.0 MBs/sec
2025-02-05T17:21:59.0772290Z Received 104857600 of 1707218436 (6.1%), 50.0 MBs/sec
2025-02-05T17:22:00.0784490Z Received 167772160 of 1707218436 (9.8%), 53.3 MBs/sec
2025-02-05T17:22:01.0811460Z Received 205520896 of 1707218436 (12.0%), 49.0 MBs/sec
2025-02-05T17:22:02.0783460Z Received 272629760 of 1707218436 (16.0%), 52.0 MBs/sec
2025-02-05T17:22:03.0777970Z Received 331350016 of 1707218436 (19.4%), 52.6 MBs/sec
2025-02-05T17:22:04.0942200Z Received 394264576 of 1707218436 (23.1%), 53.7 MBs/sec
2025-02-05T17:22:05.1030270Z Received 440401920 of 1707218436 (25.8%), 52.4 MBs/sec
2025-02-05T17:22:06.0952800Z Received 503316480 of 1707218436 (29.5%), 53.2 MBs/sec
2025-02-05T17:22:07.1088650Z Received 549453824 of 1707218436 (32.2%), 52.3 MBs/sec
2025-02-05T17:22:08.1091220Z Received 620756992 of 1707218436 (36.4%), 53.7 MBs/sec
2025-02-05T17:22:09.1099700Z Received 671088640 of 1707218436 (39.3%), 53.2 MBs/sec
2025-02-05T17:22:10.1045500Z Received 734003200 of 1707218436 (43.0%), 53.7 MBs/sec
2025-02-05T17:22:11.1045610Z Received 788529152 of 1707218436 (46.2%), 53.6 MBs/sec
2025-02-05T17:22:12.1101330Z Received 834666496 of 1707218436 (48.9%), 53.0 MBs/sec
2025-02-05T17:22:13.1047750Z Received 897581056 of 1707218436 (52.6%), 53.4 MBs/sec
2025-02-05T17:22:14.1052420Z Received 935329792 of 1707218436 (54.8%), 52.4 MBs/sec
2025-02-05T17:22:15.1065690Z Received 1002438656 of 1707218436 (58.7%), 53.0 MBs/sec
2025-02-05T17:22:16.1108870Z Received 1056964608 of 1707218436 (61.9%), 53.0 MBs/sec
2025-02-05T17:22:17.1069680Z Received 1111490560 of 1707218436 (65.1%), 52.9 MBs/sec
2025-02-05T17:22:18.1091950Z Received 1161822208 of 1707218436 (68.1%), 52.7 MBs/sec
2025-02-05T17:22:19.1071350Z Received 1216348160 of 1707218436 (71.2%), 52.7 MBs/sec
2025-02-05T17:22:20.1092910Z Received 1275068416 of 1707218436 (74.7%), 52.8 MBs/sec
2025-02-05T17:22:21.1100720Z Received 1329594368 of 1707218436 (77.9%), 52.8 MBs/sec
2025-02-05T17:22:22.1174090Z Received 1388314624 of 1707218436 (81.3%), 52.9 MBs/sec
2025-02-05T17:22:23.1182550Z Received 1442840576 of 1707218436 (84.5%), 52.8 MBs/sec
2025-02-05T17:22:24.1208200Z Received 1493172224 of 1707218436 (87.5%), 52.7 MBs/sec
2025-02-05T17:22:25.1201600Z Received 1547698176 of 1707218436 (90.7%), 52.6 MBs/sec
2025-02-05T17:22:26.1194440Z Received 1606418432 of 1707218436 (94.1%), 52.7 MBs/sec
2025-02-05T17:22:27.1210200Z Received 1656750080 of 1707218436 (97.0%), 52.6 MBs/sec
2025-02-05T17:22:28.1251350Z Received 1707218436 of 1707218436 (100.0%), 52.4 MBs/sec
2025-02-05T17:22:28.1446630Z Cache Size: ~1628 MB (1707218436 B)
2025-02-05T17:22:28.1721240Z [command]/opt/homebrew/bin/gtar -xf /Users/runner/work/_temp/388237f2-f410-4883-aca6-6b2698afe6d3/cache.tzst -P -C /Users/runner/work/tardis/tardis --delay-directory-restore --use-compress-program unzstd
2025-02-05T17:22:34.6839230Z Cache restored successfully
2025-02-05T17:22:34.7689860Z Cache restored from key: tardis-regression-full-data-21f9fa4b6817cc69b9fae3598144724da7828e276a73bd17f47a2a49d9af090a-tardis-sn/tardis-regression-data-v1
2025-02-05T17:22:34.7900300Z ##[group]Run git lfs checkout
2025-02-05T17:22:34.7900770Z [36;1mgit lfs checkout[0m
2025-02-05T17:22:34.8012110Z shell: /bin/bash --noprofile --norc -e -o pipefail {0}
2025-02-05T17:22:34.8017710Z env:
2025-02-05T17:22:34.8018000Z   CACHE_NUMBER: 0
2025-02-05T17:22:34.8018680Z   PYTEST_FLAGS: --tardis-regression-data=/Users/runner/work/tardis/tardis/tardis-regression-data --cov=tardis --cov-report=xml --cov-report=html --cov-append
2025-02-05T17:22:34.8020800Z   CODECOV_TOKEN: ***
2025-02-05T17:22:34.8021060Z ##[endgroup]
2025-02-05T17:22:42.6996060Z Checking out LFS objects: 100% (204/204), 3.5 GB | 368 MB/s, done.
2025-02-05T17:22:50.8086580Z Prepare all required actions
2025-02-05T17:22:50.8087190Z Getting action download info
2025-02-05T17:22:50.9515880Z Download action repository 'mamba-org/setup-micromamba@v1' (SHA:4b9113af4fba0e9e1124b252dd6497a419e7396d)
2025-02-05T17:22:52.3364370Z ##[group]Run ./.github/actions/setup_env
2025-02-05T17:22:52.3364680Z with:
2025-02-05T17:22:52.3364950Z   os-label: osx-arm64
2025-02-05T17:22:52.3365150Z env:
2025-02-05T17:22:52.3365360Z   CACHE_NUMBER: 0
2025-02-05T17:22:52.3365940Z   PYTEST_FLAGS: --tardis-regression-data=/Users/runner/work/tardis/tardis/tardis-regression-data --cov=tardis --cov-report=xml --cov-report=html --cov-append
2025-02-05T17:22:52.3366570Z   CODECOV_TOKEN: ***
2025-02-05T17:22:52.3366770Z ##[endgroup]
2025-02-05T17:22:52.3385700Z ##[group]Run file_hash=$(cat conda-osx-arm64.lock | shasum -a 256 | cut -d' ' -f1)
2025-02-05T17:22:52.3386270Z [36;1mfile_hash=$(cat conda-osx-arm64.lock | shasum -a 256 | cut -d' ' -f1)[0m
2025-02-05T17:22:52.3386820Z [36;1mecho "file_hash=tardis-conda-env-osx-arm64-${file_hash}-v1" >> "${GITHUB_OUTPUT}"[0m
2025-02-05T17:22:52.3435780Z shell: /bin/bash --noprofile --norc -e -o pipefail {0}
2025-02-05T17:22:52.3436030Z env:
2025-02-05T17:22:52.3436170Z   CACHE_NUMBER: 0
2025-02-05T17:22:52.3436660Z   PYTEST_FLAGS: --tardis-regression-data=/Users/runner/work/tardis/tardis/tardis-regression-data --cov=tardis --cov-report=xml --cov-report=html --cov-append
2025-02-05T17:22:52.3437310Z   CODECOV_TOKEN: ***
2025-02-05T17:22:52.3437490Z ##[endgroup]
2025-02-05T17:22:52.4325710Z ##[group]Run mamba-org/setup-micromamba@v1
2025-02-05T17:22:52.4325970Z with:
2025-02-05T17:22:52.4326150Z   environment-file: conda-osx-arm64.lock
2025-02-05T17:22:52.4326630Z   cache-environment-key: tardis-conda-env-osx-arm64-bf0d0a4d4c847cca72476c6c68c493d56c484aada7e80de0e42c7607fcef5824-v1
2025-02-05T17:22:52.4327390Z   cache-downloads-key: tardis-conda-env-osx-arm64-bf0d0a4d4c847cca72476c6c68c493d56c484aada7e80de0e42c7607fcef5824-v1
2025-02-05T17:22:52.4327850Z   environment-name: tardis
2025-02-05T17:22:52.4328050Z   cache-environment: true
2025-02-05T17:22:52.4328310Z   cache-downloads: true
2025-02-05T17:22:52.4328470Z env:
2025-02-05T17:22:52.4328610Z   CACHE_NUMBER: 0
2025-02-05T17:22:52.4329100Z   PYTEST_FLAGS: --tardis-regression-data=/Users/runner/work/tardis/tardis/tardis-regression-data --cov=tardis --cov-report=xml --cov-report=html --cov-append
2025-02-05T17:22:52.4329800Z   CODECOV_TOKEN: ***
2025-02-05T17:22:52.4329960Z ##[endgroup]
2025-02-05T17:22:52.7885820Z Will download micromamba to /Users/runner/micromamba-bin/micromamba
2025-02-05T17:22:52.7893950Z ##[group]Install micromamba
2025-02-05T17:22:53.2918800Z micromamba installed to /Users/runner/micromamba-bin/micromamba
2025-02-05T17:22:53.2919920Z ##[endgroup]
2025-02-05T17:22:53.2921490Z Adding conda-forge to condarc channels ...
2025-02-05T17:22:53.2931630Z ##[group]Initialize micromamba for bash.
2025-02-05T17:22:53.2942090Z [command]/Users/runner/micromamba-bin/micromamba shell init -s bash -r /Users/runner/micromamba --log-level warning --rc-file /Users/runner/work/_temp/setup-micromamba/.condarc
2025-02-05T17:22:53.3388160Z Modifying RC file "/Users/runner/.bash_profile"
2025-02-05T17:22:53.3417070Z Generating config for root prefix [1m"/Users/runner/micromamba"[0m
2025-02-05T17:22:53.3417580Z Setting mamba executable to: [1m"/Users/runner/micromamba-bin/micromamba"[0m
2025-02-05T17:22:53.3418010Z Adding (or replacing) the following in your "/Users/runner/.bash_profile" file
2025-02-05T17:22:53.3418270Z 
2025-02-05T17:22:53.3418350Z # >>> mamba initialize >>>
2025-02-05T17:22:53.3418600Z # !! Contents within this block are managed by 'mamba init' !!
2025-02-05T17:22:53.3419260Z export MAMBA_EXE='/Users/runner/micromamba-bin/micromamba';
2025-02-05T17:22:53.3426870Z export MAMBA_ROOT_PREFIX='/Users/runner/micromamba';
2025-02-05T17:22:53.3427390Z __mamba_setup="$("$MAMBA_EXE" shell hook --shell bash --root-prefix "$MAMBA_ROOT_PREFIX" 2> /dev/null)"
2025-02-05T17:22:53.3428360Z if [ $? -eq 0 ]; then
2025-02-05T17:22:53.3428610Z     eval "$__mamba_setup"
2025-02-05T17:22:53.3428800Z else
2025-02-05T17:22:53.3429050Z     alias micromamba="$MAMBA_EXE"  # Fallback on help from mamba activate
2025-02-05T17:22:53.3429450Z fi
2025-02-05T17:22:53.3429600Z unset __mamba_setup
2025-02-05T17:22:53.3429930Z # <<< mamba initialize <<<
2025-02-05T17:22:53.3430040Z 
2025-02-05T17:22:53.3430330Z ##[endgroup]
2025-02-05T17:22:53.3430810Z ##[group]Restoring downloads from `/Users/runner/micromamba/pkgs` ...
2025-02-05T17:22:54.4428060Z Received 33554432 of 310594474 (10.8%), 31.9 MBs/sec
2025-02-05T17:22:55.4655930Z Received 104857600 of 310594474 (33.8%), 49.2 MBs/sec
2025-02-05T17:22:56.4634770Z Received 163577856 of 310594474 (52.7%), 51.5 MBs/sec
2025-02-05T17:22:57.4634400Z Received 209715200 of 310594474 (67.5%), 49.6 MBs/sec
2025-02-05T17:22:58.4768490Z Received 272629760 of 310594474 (87.8%), 51.7 MBs/sec
2025-02-05T17:22:59.3530160Z Cache Size: ~296 MB (310594474 B)
2025-02-05T17:22:59.3561970Z [command]/opt/homebrew/bin/gtar -xf /Users/runner/work/_temp/82366f97-a3d1-438f-a2a5-c8e72139761b/cache.tzst -P -C /Users/runner/work/tardis/tardis --delay-directory-restore --use-compress-program unzstd
2025-02-05T17:22:59.4674050Z Received 310594474 of 310594474 (100.0%), 49.1 MBs/sec
2025-02-05T17:22:59.9834960Z Cache restored successfully
2025-02-05T17:22:59.9873350Z Restored cache with key `tardis-conda-env-osx-arm64-bf0d0a4d4c847cca72476c6c68c493d56c484aada7e80de0e42c7607fcef5824-v1-osx-arm64`
2025-02-05T17:22:59.9874360Z ##[endgroup]
2025-02-05T17:22:59.9903490Z ##[group]Restoring environment `tardis` from `/Users/runner/micromamba/envs/tardis` ...
2025-02-05T17:23:01.0893390Z Received 54525952 of 385513979 (14.1%), 52.0 MBs/sec
2025-02-05T17:23:02.0943580Z Received 100663296 of 385513979 (26.1%), 48.0 MBs/sec
2025-02-05T17:23:03.0909390Z Received 163577856 of 385513979 (42.4%), 52.0 MBs/sec
2025-02-05T17:23:04.0906650Z Received 218103808 of 385513979 (56.6%), 52.0 MBs/sec
2025-02-05T17:23:05.0913950Z Received 268435456 of 385513979 (69.6%), 51.2 MBs/sec
2025-02-05T17:23:06.0970540Z Received 327155712 of 385513979 (84.9%), 52.0 MBs/sec
2025-02-05T17:23:06.9093330Z Cache Size: ~368 MB (385513979 B)
2025-02-05T17:23:06.9120120Z [command]/opt/homebrew/bin/gtar -xf /Users/runner/work/_temp/97a3bdfc-6fce-490c-94cc-933d5805e099/cache.tzst -P -C /Users/runner/work/tardis/tardis --delay-directory-restore --use-compress-program unzstd
2025-02-05T17:23:07.0931370Z Received 385513979 of 385513979 (100.0%), 52.5 MBs/sec
2025-02-05T17:23:20.4038090Z Cache restored successfully
2025-02-05T17:23:20.4143310Z Restored cache with key `tardis-conda-env-osx-arm64-bf0d0a4d4c847cca72476c6c68c493d56c484aada7e80de0e42c7607fcef5824-v1-osx-arm64-tardis-args-4f53cda-root-873f6fe-bin-[object Promise]-file-bf0d0a4d4c847cca72476c6c68c493d56c484aada7e80de0e42c7607fcef5824`
2025-02-05T17:23:20.4246950Z ##[endgroup]
2025-02-05T17:23:20.4343550Z Adding environment tardis to auto-activate bash ...
2025-02-05T17:23:20.4345580Z Generating micromamba run shell.
2025-02-05T17:23:20.4348020Z ##[endgroup]
2025-02-05T17:23:20.4349090Z Set environment variables.
2025-02-05T17:23:20.4350210Z ##[group]micromamba info
2025-02-05T17:23:20.4351730Z [command]/Users/runner/micromamba-bin/micromamba info -r /Users/runner/micromamba -n tardis
2025-02-05T17:23:20.8871530Z 
2025-02-05T17:23:20.8874800Z        libmamba version : 1.5.10
2025-02-05T17:23:20.8875490Z      micromamba version : 1.5.10
2025-02-05T17:23:20.8876060Z            curl version : libcurl/8.10.1 (OpenSSL/3.3.2) SecureTransport zlib/1.3.1 zstd/1.5.6 libssh2/1.11.0 nghttp2/1.58.0
2025-02-05T17:23:20.8877200Z      libarchive version : libarchive 3.7.4 zlib/1.2.13 bz2lib/1.0.8 libzstd/1.5.6
2025-02-05T17:23:20.8877770Z        envs directories : /Users/runner/micromamba/envs
2025-02-05T17:23:20.8883200Z           package cache : /Users/runner/micromamba/pkgs
2025-02-05T17:23:20.8883510Z                           /Users/runner/.mamba/pkgs
2025-02-05T17:23:20.8883900Z             environment : tardis
2025-02-05T17:23:20.8885730Z            env location : /Users/runner/micromamba/envs/tardis
2025-02-05T17:23:20.8886100Z       user config files : /Users/runner/.mambarc
2025-02-05T17:23:20.8886450Z  populated config files : /Users/runner/work/_temp/setup-micromamba/.condarc
2025-02-05T17:23:20.8886770Z        virtual packages : __unix=0=0
2025-02-05T17:23:20.8887000Z                           __osx=14.7.2=0
2025-02-05T17:23:20.8887220Z                           __archspec=1=arm64
2025-02-05T17:23:20.8887700Z                channels : https://conda.anaconda.org/conda-forge/osx-arm64
2025-02-05T17:23:20.8888030Z                           https://conda.anaconda.org/conda-forge/noarch
2025-02-05T17:23:20.8888320Z        base environment : /Users/runner/micromamba
2025-02-05T17:23:20.8888560Z                platform : osx-arm64
2025-02-05T17:23:20.8929840Z ##[endgroup]
2025-02-05T17:23:20.8930160Z ##[group]micromamba list
2025-02-05T17:23:20.8930690Z [command]/Users/runner/micromamba-bin/micromamba list -r /Users/runner/micromamba -n tardis
2025-02-05T17:23:21.2790940Z List of packages in environment: "/Users/runner/micromamba/envs/tardis"
2025-02-05T17:23:21.2791250Z 
2025-02-05T17:23:21.2791450Z   Name                           Version              Build                    Channel    
2025-02-05T17:23:21.2793180Z ────────────────────────────────────────────────────────────────────────────────────────────
2025-02-05T17:23:21.2793640Z   alabaster                      0.7.16               pyhd8ed1ab_0             conda-forge
2025-02-05T17:23:21.2794100Z   anyio                          4.4.0                pyhd8ed1ab_0             conda-forge
2025-02-05T17:23:21.2794460Z   appnope                        0.1.4                pyhd8ed1ab_0             conda-forge
2025-02-05T17:23:21.2794840Z   argon2-cffi                    23.1.0               pyhd8ed1ab_0             conda-forge
2025-02-05T17:23:21.2795250Z   argon2-cffi-bindings           21.2.0               py312h02f2b3b_4          conda-forge
2025-02-05T17:23:21.2795720Z   arrow                          1.3.0                pyhd8ed1ab_0             conda-forge
2025-02-05T17:23:21.2796060Z   astropy                        6.1.1                py312hbebd99a_0          conda-forge
2025-02-05T17:23:21.2796490Z   astropy-iers-data              0.2024.6.17.0.31.35  pyhd8ed1ab_0             conda-forge
2025-02-05T17:23:21.2796980Z   astropy-sphinx-theme           1.1                  pyhd8ed1ab_0             conda-forge
2025-02-05T17:23:21.2797440Z   asttokens                      2.4.1                pyhd8ed1ab_0             conda-forge
2025-02-05T17:23:21.2798940Z   async-lru                      2.0.4                pyhd8ed1ab_0             conda-forge
2025-02-05T17:23:21.2799370Z   atk-1.0                        2.38.0               hd03087b_2               conda-forge
2025-02-05T17:23:21.2799860Z   attrs                          23.2.0               pyh71513ae_0             conda-forge
2025-02-05T17:23:21.2800250Z   babel                          2.14.0               pyhd8ed1ab_0             conda-forge
2025-02-05T17:23:21.2800690Z   beautifulsoup4                 4.12.3               pyha770c72_0             conda-forge
2025-02-05T17:23:21.2801070Z   bleach                         6.1.0                pyhd8ed1ab_0             conda-forge
2025-02-05T17:23:21.2801470Z   blosc                          1.21.5               h9c252e8_1               conda-forge
2025-02-05T17:23:21.2801880Z   brotli                         1.1.0                hb547adb_1               conda-forge
2025-02-05T17:23:21.2802230Z   brotli-bin                     1.1.0                hb547adb_1               conda-forge
2025-02-05T17:23:21.2802690Z   brotli-python                  1.1.0                py312h9f69965_1          conda-forge
2025-02-05T17:23:21.2803560Z   bzip2                          1.0.8                h93a5062_5               conda-forge
2025-02-05T17:23:21.2804050Z   c-ares                         1.28.1               h93a5062_0               conda-forge
2025-02-05T17:23:21.2804850Z   c-blosc2                       2.14.4               ha57e6be_1               conda-forge
2025-02-05T17:23:21.2805360Z   ca-certificates                2024.6.2             hf0a4a13_0               conda-forge
2025-02-05T17:23:21.2805930Z   cached-property                1.5.2                hd8ed1ab_1               conda-forge
2025-02-05T17:23:21.2806350Z   cached_property                1.5.2                pyha770c72_1             conda-forge
2025-02-05T17:23:21.2807110Z   cairo                          1.18.0               hd1e100b_0               conda-forge
2025-02-05T17:23:21.2807450Z   certifi                        2024.6.2             pyhd8ed1ab_0             conda-forge
2025-02-05T17:23:21.2807850Z   cffi                           1.16.0               py312h8e38eb3_0          conda-forge
2025-02-05T17:23:21.2808280Z   charset-normalizer             3.3.2                pyhd8ed1ab_0             conda-forge
2025-02-05T17:23:21.2808650Z   click                          8.1.7                unix_pyh707e725_0        conda-forge
2025-02-05T17:23:21.2809100Z   codespell                      2.3.0                pyhd8ed1ab_0             conda-forge
2025-02-05T17:23:21.2809520Z   colorama                       0.4.6                pyhd8ed1ab_0             conda-forge
2025-02-05T17:23:21.2809930Z   comm                           0.2.2                pyhd8ed1ab_0             conda-forge
2025-02-05T17:23:21.2810400Z   commonmark                     0.9.1                py_0                     conda-forge
2025-02-05T17:23:21.2810790Z   contourpy                      1.2.1                py312h0fef576_0          conda-forge
2025-02-05T17:23:21.2811250Z   coverage                       7.5.3                py312h7e5086c_0          conda-forge
2025-02-05T17:23:21.2811700Z   cycler                         0.12.1               pyhd8ed1ab_0             conda-forge
2025-02-05T17:23:21.2812190Z   dataclasses                    0.8                  pyhc8e2a94_3             conda-forge
2025-02-05T17:23:21.2812620Z   debugpy                        1.8.1                py312h20a0b95_0          conda-forge
2025-02-05T17:23:21.2813060Z   decorator                      5.1.1                pyhd8ed1ab_0             conda-forge
2025-02-05T17:23:21.2813370Z   defusedxml                     0.7.1                pyhd8ed1ab_0             conda-forge
2025-02-05T17:23:21.2813700Z   docutils                       0.20.1               py312h81bd7bf_3          conda-forge
2025-02-05T17:23:21.2814090Z   dot2tex                        2.11.3               pyhd8ed1ab_0             conda-forge
2025-02-05T17:23:21.2814610Z   entrypoints                    0.4                  pyhd8ed1ab_0             conda-forge
2025-02-05T17:23:21.2815020Z   exceptiongroup                 1.2.0                pyhd8ed1ab_2             conda-forge
2025-02-05T17:23:21.2815510Z   executing                      2.0.1                pyhd8ed1ab_0             conda-forge
2025-02-05T17:23:21.2815880Z   expat                          2.6.2                hebf3989_0               conda-forge
2025-02-05T17:23:21.2816500Z   font-ttf-dejavu-sans-mono      2.37                 hab24e00_0               conda-forge
2025-02-05T17:23:21.2816990Z   font-ttf-inconsolata           3.000                h77eed37_0               conda-forge
2025-02-05T17:23:21.2817470Z   font-ttf-source-code-pro       2.038                h77eed37_0               conda-forge
2025-02-05T17:23:21.2817980Z   font-ttf-ubuntu                0.83                 h77eed37_2               conda-forge
2025-02-05T17:23:21.2818400Z   fontconfig                     2.14.2               h82840c6_0               conda-forge
2025-02-05T17:23:21.2818860Z   fonts-conda-ecosystem          1                    0                        conda-forge
2025-02-05T17:23:21.2819400Z   fonts-conda-forge              1                    0                        conda-forge
2025-02-05T17:23:21.2820360Z   fonttools                      4.53.0               py312h7e5086c_0          conda-forge
2025-02-05T17:23:21.2821090Z   fqdn                           1.5.1                pyhd8ed1ab_0             conda-forge
2025-02-05T17:23:21.2821500Z   freetype                       2.12.1               hadb7bae_2               conda-forge
2025-02-05T17:23:21.2821940Z   fribidi                        1.0.10               h27ca646_0               conda-forge
2025-02-05T17:23:21.2822350Z   future                         1.0.0                pyhd8ed1ab_0             conda-forge
2025-02-05T17:23:21.2822830Z   gdk-pixbuf                     2.42.12              h7ddc832_0               conda-forge
2025-02-05T17:23:21.2823300Z   gettext                        0.22.5               h8fbad5d_2               conda-forge
2025-02-05T17:23:21.2823750Z   gettext-tools                  0.22.5               h8fbad5d_2               conda-forge
2025-02-05T17:23:21.2824090Z   giflib                         5.2.2                h93a5062_0               conda-forge
2025-02-05T17:23:21.2824390Z   git-lfs                        3.5.1                hce30654_0               conda-forge
2025-02-05T17:23:21.2824680Z   gmp                            6.3.0                hebf3989_1               conda-forge
2025-02-05T17:23:21.2824970Z   gmpy2                          2.1.5                py312hfa9fade_1          conda-forge
2025-02-05T17:23:21.2825330Z   graphite2                      1.3.13               hebf3989_1003            conda-forge
2025-02-05T17:23:21.2825650Z   graphviz                       11.0.0               h9bb9bc9_0               conda-forge
2025-02-05T17:23:21.2826000Z   gtk2                           2.24.33              h7895bb2_4               conda-forge
2025-02-05T17:23:21.2826280Z   gts                            0.7.6                he42f4ea_4               conda-forge
2025-02-05T17:23:21.2826620Z   h11                            0.14.0               pyhd8ed1ab_0             conda-forge
2025-02-05T17:23:21.2826900Z   h2                             4.1.0                pyhd8ed1ab_0             conda-forge
2025-02-05T17:23:21.2827250Z   h5py                           3.11.0               nompi_py312h903599c_102  conda-forge
2025-02-05T17:23:21.2827540Z   harfbuzz                       8.5.0                h1836168_0               conda-forge
2025-02-05T17:23:21.2827830Z   hdf5                           1.14.3               nompi_hec07895_105       conda-forge
2025-02-05T17:23:21.2828320Z   hpack                          4.0.0                pyh9f0ad1d_0             conda-forge
2025-02-05T17:23:21.2828810Z   httpcore                       1.0.5                pyhd8ed1ab_0             conda-forge
2025-02-05T17:23:21.2829170Z   httpx                          0.27.0               pyhd8ed1ab_0             conda-forge
2025-02-05T17:23:21.2829590Z   hyperframe                     6.0.1                pyhd8ed1ab_0             conda-forge
2025-02-05T17:23:21.2829880Z   icu                            73.2                 hc8870d7_0               conda-forge
2025-02-05T17:23:21.2830160Z   idna                           3.7                  pyhd8ed1ab_0             conda-forge
2025-02-05T17:23:21.2830460Z   imagesize                      1.4.1                pyhd8ed1ab_0             conda-forge
2025-02-05T17:23:21.2830790Z   importlib-metadata             7.1.0                pyha770c72_0             conda-forge
2025-02-05T17:23:21.2831210Z   importlib_metadata             7.1.0                hd8ed1ab_0               conda-forge
2025-02-05T17:23:21.2831600Z   importlib_resources            6.4.0                pyhd8ed1ab_0             conda-forge
2025-02-05T17:23:21.2831980Z   iniconfig                      2.0.0                pyhd8ed1ab_0             conda-forge
2025-02-05T17:23:21.2832380Z   ipykernel                      6.29.4               pyh57ce528_0             conda-forge
2025-02-05T17:23:21.2832680Z   ipython                        8.25.0               pyh707e725_0             conda-forge
2025-02-05T17:23:21.2833260Z   ipython_genutils               0.2.0                pyhd8ed1ab_1             conda-forge
2025-02-05T17:23:21.2834040Z   ipywidgets                     7.8.0                pyhd8ed1ab_0             conda-forge
2025-02-05T17:23:21.2834450Z   isoduration                    20.11.0              pyhd8ed1ab_0             conda-forge
2025-02-05T17:23:21.2834850Z   jedi                           0.19.1               pyhd8ed1ab_0             conda-forge
2025-02-05T17:23:21.2835180Z   jinja2                         3.1.4                pyhd8ed1ab_0             conda-forge
2025-02-05T17:23:21.2835810Z   json5                          0.9.25               pyhd8ed1ab_0             conda-forge
2025-02-05T17:23:21.2836260Z   jsonpointer                    3.0.0                py312h81bd7bf_0          conda-forge
2025-02-05T17:23:21.2836810Z   jsonschema                     4.22.0               pyhd8ed1ab_0             conda-forge
2025-02-05T17:23:21.2837280Z   jsonschema-specifications      2023.12.1            pyhd8ed1ab_0             conda-forge
2025-02-05T17:23:21.2837850Z   jsonschema-with-format-nongpl  4.22.0               pyhd8ed1ab_0             conda-forge
2025-02-05T17:23:21.2838930Z   jupyter-lsp                    2.2.5                pyhd8ed1ab_0             conda-forge
2025-02-05T17:23:21.2839300Z   jupyter_client                 8.6.2                pyhd8ed1ab_0             conda-forge
2025-02-05T17:23:21.2839750Z   jupyter_core                   5.7.2                py312h81bd7bf_0          conda-forge
2025-02-05T17:23:21.2840110Z   jupyter_events                 0.10.0               pyhd8ed1ab_0             conda-forge
2025-02-05T17:23:21.2840520Z   jupyter_server                 2.14.1               pyhd8ed1ab_0             conda-forge
2025-02-05T17:23:21.2840960Z   jupyter_server_terminals       0.5.3                pyhd8ed1ab_0             conda-forge
2025-02-05T17:23:21.2841370Z   jupyterlab                     4.2.2                pyhd8ed1ab_0             conda-forge
2025-02-05T17:23:21.2841790Z   jupyterlab_pygments            0.3.0                pyhd8ed1ab_1             conda-forge
2025-02-05T17:23:21.2842230Z   jupyterlab_server              2.27.2               pyhd8ed1ab_0             conda-forge
2025-02-05T17:23:21.2842620Z   jupyterlab_widgets             1.1.7                pyhd8ed1ab_0             conda-forge
2025-02-05T17:23:21.2843040Z   kiwisolver                     1.4.5                py312h389731b_1          conda-forge
2025-02-05T17:23:21.2843400Z   krb5                           1.21.2               h92f50d5_0               conda-forge
2025-02-05T17:23:21.2843780Z   latexcodec                     2.0.1                pyh9f0ad1d_0             conda-forge
2025-02-05T17:23:21.2844190Z   lcms2                          2.16                 ha0e7c42_0               conda-forge
2025-02-05T17:23:21.2844610Z   lerc                           4.0.0                h9a09cb3_0               conda-forge
2025-02-05T17:23:21.2845030Z   libaec                         1.1.3                hebf3989_0               conda-forge
2025-02-05T17:23:21.2845450Z   libasprintf                    0.22.5               h8fbad5d_2               conda-forge
2025-02-05T17:23:21.2845930Z   libasprintf-devel              0.22.5               h8fbad5d_2               conda-forge
2025-02-05T17:23:21.2846370Z   libblas                        3.9.0                22_osxarm64_openblas     conda-forge
2025-02-05T17:23:21.2846850Z   libbrotlicommon                1.1.0                hb547adb_1               conda-forge
2025-02-05T17:23:21.2847300Z   libbrotlidec                   1.1.0                hb547adb_1               conda-forge
2025-02-05T17:23:21.2847740Z   libbrotlienc                   1.1.0                hb547adb_1               conda-forge
2025-02-05T17:23:21.2848120Z   libcblas                       3.9.0                22_osxarm64_openblas     conda-forge
2025-02-05T17:23:21.2848520Z   libcurl                        8.8.0                h7b6f9a7_0               conda-forge
2025-02-05T17:23:21.2849920Z   libcxx                         17.0.6               h5f092b4_0               conda-forge
2025-02-05T17:23:21.2850420Z   libdeflate                     1.20                 h93a5062_0               conda-forge
2025-02-05T17:23:21.2850860Z   libedit                        3.1.20191231         hc8eb9b7_2               conda-forge
2025-02-05T17:23:21.2851520Z   libev                          4.33                 h93a5062_2               conda-forge
2025-02-05T17:23:21.2852130Z   libexpat                       2.6.2                hebf3989_0               conda-forge
2025-02-05T17:23:21.2852480Z   libffi                         3.4.2                h3422bc3_5               conda-forge
2025-02-05T17:23:21.2852760Z   libgd                          2.3.3                hfdf3952_9               conda-forge
2025-02-05T17:23:21.2853170Z   libgettextpo                   0.22.5               h8fbad5d_2               conda-forge
2025-02-05T17:23:21.2853560Z   libgettextpo-devel             0.22.5               h8fbad5d_2               conda-forge
2025-02-05T17:23:21.2853980Z   libgfortran                    5.0.0                13_2_0_hd922786_3        conda-forge
2025-02-05T17:23:21.2854390Z   libgfortran5                   13.2.0               hf226fd6_3               conda-forge
2025-02-05T17:23:21.2854730Z   libglib                        2.80.2               h59d46d9_1               conda-forge
2025-02-05T17:23:21.2855060Z   libiconv                       1.17                 h0d3ecfb_2               conda-forge
2025-02-05T17:23:21.2855360Z   libintl                        0.22.5               h8fbad5d_2               conda-forge
2025-02-05T17:23:21.2855770Z   libintl-devel                  0.22.5               h8fbad5d_2               conda-forge
2025-02-05T17:23:21.2856130Z   libjpeg-turbo                  3.0.0                hb547adb_1               conda-forge
2025-02-05T17:23:21.2856630Z   liblapack                      3.9.0                22_osxarm64_openblas     conda-forge
2025-02-05T17:23:21.2857040Z   libllvm14                      14.0.6               hd1a9a77_4               conda-forge
2025-02-05T17:23:21.2857390Z   libnghttp2                     1.58.0               ha4dd798_1               conda-forge
2025-02-05T17:23:21.2857800Z   libopenblas                    0.3.27               openmp_h6c19121_0        conda-forge
2025-02-05T17:23:21.2858110Z   libpng                         1.6.43               h091b4b1_0               conda-forge
2025-02-05T17:23:21.2858490Z   librsvg                        2.58.1               hbc281fb_0               conda-forge
2025-02-05T17:23:21.2858830Z   libsodium                      1.0.18               h27ca646_1               conda-forge
2025-02-05T17:23:21.2859170Z   libsqlite                      3.46.0               hfb93653_0               conda-forge
2025-02-05T17:23:21.2859550Z   libssh2                        1.11.0               h7a5bd25_0               conda-forge
2025-02-05T17:23:21.2859880Z   libtiff                        4.6.0                h07db509_3               conda-forge
2025-02-05T17:23:21.2860220Z   libwebp                        1.4.0                h54798ee_0               conda-forge
2025-02-05T17:23:21.2860580Z   libwebp-base                   1.4.0                h93a5062_0               conda-forge
2025-02-05T17:23:21.2861000Z   libxcb                         1.16                 hf2054a2_0               conda-forge
2025-02-05T17:23:21.2861330Z   libxml2                        2.12.7               ha661575_1               conda-forge
2025-02-05T17:23:21.2861690Z   libxslt                        1.1.39               h223e5b9_0               conda-forge
2025-02-05T17:23:21.2862040Z   libzlib                        1.3.1                hfb2fe0b_1               conda-forge
2025-02-05T17:23:21.2862340Z   llvm-openmp                    18.1.7               hde57baf_0               conda-forge
2025-02-05T17:23:21.2862670Z   llvmlite                       0.42.0               py312h17030e7_1          conda-forge
2025-02-05T17:23:21.2863310Z   lxml                           5.2.2                py312h0e5ab22_0          conda-forge
2025-02-05T17:23:21.2864650Z   lz4-c                          1.9.4                hb7217d7_0               conda-forge
2025-02-05T17:23:21.2865010Z   markupsafe                     2.1.5                py312he37b823_0          conda-forge
2025-02-05T17:23:21.2865430Z   matplotlib-base                3.8.4                py312h4479663_2          conda-forge
2025-02-05T17:23:21.2865810Z   matplotlib-inline              0.1.7                pyhd8ed1ab_0             conda-forge
2025-02-05T17:23:21.2866260Z   mistune                        3.0.2                pyhd8ed1ab_0             conda-forge
2025-02-05T17:23:21.2866640Z   mpc                            1.3.1                h91ba8db_0               conda-forge
2025-02-05T17:23:21.2866990Z   mpfr                           4.2.1                h41d338b_1               conda-forge
2025-02-05T17:23:21.2867330Z   mpmath                         1.3.0                pyhd8ed1ab_0             conda-forge
2025-02-05T17:23:21.2867700Z   munkres                        1.1.4                pyh9f0ad1d_0             conda-forge
2025-02-05T17:23:21.2868070Z   mypy_extensions                1.0.0                pyha770c72_0             conda-forge
2025-02-05T17:23:21.2868440Z   nbclassic                      1.1.0                pyhd8ed1ab_0             conda-forge
2025-02-05T17:23:21.2868800Z   nbclient                       0.10.0               pyhd8ed1ab_0             conda-forge
2025-02-05T17:23:21.2869140Z   nbconvert                      7.16.4               hd8ed1ab_1               conda-forge
2025-02-05T17:23:21.2869510Z   nbconvert-core                 7.16.4               pyhd8ed1ab_1             conda-forge
2025-02-05T17:23:21.2869920Z   nbconvert-pandoc               7.16.4               hd8ed1ab_1               conda-forge
2025-02-05T17:23:21.2870280Z   nbformat                       5.10.4               pyhd8ed1ab_0             conda-forge
2025-02-05T17:23:21.2870590Z   nbsphinx                       0.9.4                pyhd8ed1ab_0             conda-forge
2025-02-05T17:23:21.2870890Z   ncurses                        6.5                  hb89a1cb_0               conda-forge
2025-02-05T17:23:21.2871200Z   nest-asyncio                   1.6.0                pyhd8ed1ab_0             conda-forge
2025-02-05T17:23:21.2871520Z   networkx                       3.3                  pyhd8ed1ab_1             conda-forge
2025-02-05T17:23:21.2871810Z   notebook                       7.2.1                pyhd8ed1ab_0             conda-forge
2025-02-05T17:23:21.2872130Z   notebook-shim                  0.2.4                pyhd8ed1ab_0             conda-forge
2025-02-05T17:23:21.2872440Z   numba                          0.59.1               py312hbaff935_0          conda-forge
2025-02-05T17:23:21.2872730Z   numexpr                        2.10.0               py312h8ae5369_0          conda-forge
2025-02-05T17:23:21.2873020Z   numpy                          1.26.4               py312h8442bc7_0          conda-forge
2025-02-05T17:23:21.2873330Z   numpydoc                       1.7.0                pyhd8ed1ab_1             conda-forge
2025-02-05T17:23:21.2873630Z   openjpeg                       2.5.2                h9f1df11_0               conda-forge
2025-02-05T17:23:21.2873930Z   openssl                        3.3.1                hfb2fe0b_0               conda-forge
2025-02-05T17:23:21.2874230Z   overrides                      7.7.0                pyhd8ed1ab_0             conda-forge
2025-02-05T17:23:21.2874540Z   packaging                      24.1                 pyhd8ed1ab_0             conda-forge
2025-02-05T17:23:21.2874830Z   pandas                         2.2.2                py312h8ae5369_1          conda-forge
2025-02-05T17:23:21.2875120Z   pandoc                         3.2                  hce30654_0               conda-forge
2025-02-05T17:23:21.2875430Z   pandocfilters                  1.5.0                pyhd8ed1ab_0             conda-forge
2025-02-05T17:23:21.2876030Z   pango                          1.54.0               h5cb9fbc_0               conda-forge
2025-02-05T17:23:21.2876420Z   parso                          0.8.4                pyhd8ed1ab_0             conda-forge
2025-02-05T17:23:21.2876730Z   pathspec                       0.12.1               pyhd8ed1ab_0             conda-forge
2025-02-05T17:23:21.2877020Z   pbr                            6.0.0                pyhd8ed1ab_0             conda-forge
2025-02-05T17:23:21.2877300Z   pcre2                          10.44                h297a79d_0               conda-forge
2025-02-05T17:23:21.2877600Z   pexpect                        4.9.0                pyhd8ed1ab_0             conda-forge
2025-02-05T17:23:21.2877910Z   pickleshare                    0.7.5                py_1003                  conda-forge
2025-02-05T17:23:21.2878210Z   pillow                         10.3.0               py312h39b1d8d_1          conda-forge
2025-02-05T17:23:21.2878500Z   pip                            24.0                 pyhd8ed1ab_0             conda-forge
2025-02-05T17:23:21.2878780Z   pixman                         0.43.4               hebf3989_0               conda-forge
2025-02-05T17:23:21.2879190Z   pkgutil-resolve-name           1.3.10               pyhd8ed1ab_1             conda-forge
2025-02-05T17:23:21.2879540Z   platformdirs                   4.2.2                pyhd8ed1ab_0             conda-forge
2025-02-05T17:23:21.2879850Z   plotly                         5.22.0               pyhd8ed1ab_0             conda-forge
2025-02-05T17:23:21.2880140Z   pluggy                         1.5.0                pyhd8ed1ab_0             conda-forge
2025-02-05T17:23:21.2880460Z   prometheus_client              0.20.0               pyhd8ed1ab_0             conda-forge
2025-02-05T17:23:21.2880800Z   prompt-toolkit                 3.0.47               pyha770c72_0             conda-forge
2025-02-05T17:23:21.2881120Z   psutil                         5.9.8                py312he37b823_0          conda-forge
2025-02-05T17:23:21.2881420Z   pthread-stubs                  0.4                  h27ca646_1001            conda-forge
2025-02-05T17:23:21.2881740Z   ptyprocess                     0.7.0                pyhd3deb0d_0             conda-forge
2025-02-05T17:23:21.2882050Z   pure_eval                      0.2.2                pyhd8ed1ab_0             conda-forge
2025-02-05T17:23:21.2882350Z   py-cpuinfo                     9.0.0                pyhd8ed1ab_0             conda-forge
2025-02-05T17:23:21.2882660Z   pybtex                         0.24.0               pyhd8ed1ab_2             conda-forge
2025-02-05T17:23:21.2882970Z   pybtex-docutils                1.0.3                py312h81bd7bf_1          conda-forge
2025-02-05T17:23:21.2883300Z   pycparser                      2.22                 pyhd8ed1ab_0             conda-forge
2025-02-05T17:23:21.2883600Z   pyerfa                         2.0.1.4              py312hbebd99a_1          conda-forge
2025-02-05T17:23:21.2883890Z   pygments                       2.18.0               pyhd8ed1ab_0             conda-forge
2025-02-05T17:23:21.2884190Z   pygraphviz                     1.13                 py312h5f4d302_1          conda-forge
2025-02-05T17:23:21.2884500Z   pyobjc-core                    10.3.1               py312hbb55c70_0          conda-forge
2025-02-05T17:23:21.2884830Z   pyobjc-framework-cocoa         10.3.1               py312hbb55c70_0          conda-forge
2025-02-05T17:23:21.2885170Z   pyparsing                      3.1.2                pyhd8ed1ab_0             conda-forge
2025-02-05T17:23:21.2885460Z   pysocks                        1.7.1                pyha2e5f31_6             conda-forge
2025-02-05T17:23:21.2885750Z   pytables                       3.9.2                py312hb622ae1_2          conda-forge
2025-02-05T17:23:21.2886040Z   pytest                         8.2.2                pyhd8ed1ab_0             conda-forge
2025-02-05T17:23:21.2886330Z   pytest-cov                     5.0.0                pyhd8ed1ab_0             conda-forge
2025-02-05T17:23:21.2886960Z   pytest-doctestplus             1.2.1                pyhd8ed1ab_0             conda-forge
2025-02-05T17:23:21.2887360Z   pytest-html                    4.1.1                pyhd8ed1ab_0             conda-forge
2025-02-05T17:23:21.2887990Z   pytest-metadata                3.1.1                pyhd8ed1ab_0             conda-forge
2025-02-05T17:23:21.2888440Z   python                         3.12.4               h30c5eda_0_cpython       conda-forge
2025-02-05T17:23:21.2895980Z   python-dateutil                2.9.0                pyhd8ed1ab_0             conda-forge
2025-02-05T17:23:21.2896370Z   python-fastjsonschema          2.20.0               pyhd8ed1ab_0             conda-forge
2025-02-05T17:23:21.2896740Z   python-json-logger             2.0.7                pyhd8ed1ab_0             conda-forge
2025-02-05T17:23:21.2897090Z   python-tzdata                  2024.1               pyhd8ed1ab_0             conda-forge
2025-02-05T17:23:21.2897420Z   python_abi                     3.12                 4_cp312                  conda-forge
2025-02-05T17:23:21.2897740Z   pytz                           2024.1               pyhd8ed1ab_0             conda-forge
2025-02-05T17:23:21.2898070Z   pyyaml                         6.0.1                py312h02f2b3b_1          conda-forge
2025-02-05T17:23:21.2898360Z   pyzmq                          26.0.3               py312hfa13136_0          conda-forge
2025-02-05T17:23:21.2898750Z   qgrid                          1.3.1                pyhd8ed1ab_4             conda-forge
2025-02-05T17:23:21.2899070Z   radioactivedecay               0.5.1                pyhd8ed1ab_0             conda-forge
2025-02-05T17:23:21.2899380Z   readline                       8.2                  h92ec313_1               conda-forge
2025-02-05T17:23:21.2899690Z   recommonmark                   0.7.1                pyhd8ed1ab_0             conda-forge
2025-02-05T17:23:21.2900040Z   referencing                    0.35.1               pyhd8ed1ab_0             conda-forge
2025-02-05T17:23:21.2900370Z   requests                       2.32.3               pyhd8ed1ab_0             conda-forge
2025-02-05T17:23:21.2900710Z   rfc3339-validator              0.1.4                pyhd8ed1ab_0             conda-forge
2025-02-05T17:23:21.2901060Z   rfc3986-validator              0.1.1                pyh9f0ad1d_0             conda-forge
2025-02-05T17:23:21.2901380Z   rpds-py                        0.18.1               py312h552d48e_0          conda-forge
2025-02-05T17:23:21.2901670Z   ruff                           0.4.9                py312h3402d49_0          conda-forge
2025-02-05T17:23:21.2901950Z   scipy                          1.13.1               py312h14ffa8f_0          conda-forge
2025-02-05T17:23:21.2902270Z   send2trash                     1.8.3                pyh31c8845_0             conda-forge
2025-02-05T17:23:21.2902620Z   setuptools                     70.0.0               pyhd8ed1ab_0             conda-forge
2025-02-05T17:23:21.2902960Z   setuptools-scm                 8.1.0                pyhd8ed1ab_0             conda-forge
2025-02-05T17:23:21.2903320Z   setuptools_scm                 8.1.0                hd8ed1ab_0               conda-forge
2025-02-05T17:23:21.2903650Z   six                            1.16.0               pyh6c4a22f_0             conda-forge
2025-02-05T17:23:21.2903960Z   snakeviz                       2.2.0                pyhd8ed1ab_0             conda-forge
2025-02-05T17:23:21.2904280Z   snappy                         1.2.0                hd04f947_1               conda-forge
2025-02-05T17:23:21.2904600Z   sniffio                        1.3.1                pyhd8ed1ab_0             conda-forge
2025-02-05T17:23:21.2904940Z   snowballstemmer                2.2.0                pyhd8ed1ab_0             conda-forge
2025-02-05T17:23:21.2905260Z   soupsieve                      2.5                  pyhd8ed1ab_1             conda-forge
2025-02-05T17:23:21.2905580Z   sphinx                         7.3.7                pyhd8ed1ab_0             conda-forge
2025-02-05T17:23:21.2906220Z   sphinx-astropy                 1.9.1                pyhd8ed1ab_0             conda-forge
2025-02-05T17:23:21.2906590Z   sphinx-automodapi              0.17.0               pyh717bed2_1             conda-forge
2025-02-05T17:23:21.2907120Z   sphinx-gallery                 0.16.0               pyhd8ed1ab_0             conda-forge
2025-02-05T17:23:21.2907470Z   sphinx-jsonschema              1.19.1               pyhd8ed1ab_0             conda-forge
2025-02-05T17:23:21.2907850Z   sphinx_bootstrap_theme         0.8.1                pyhd8ed1ab_0             conda-forge
2025-02-05T17:23:21.2908210Z   sphinx_rtd_theme               2.0.0                pyha770c72_0             conda-forge
2025-02-05T17:23:21.2908550Z   sphinxcontrib-apidoc           0.3.0                py_1                     conda-forge
2025-02-05T17:23:21.2908920Z   sphinxcontrib-applehelp        1.0.8                pyhd8ed1ab_0             conda-forge
2025-02-05T17:23:21.2909360Z   sphinxcontrib-bibtex           2.6.2                pyhd8ed1ab_0             conda-forge
2025-02-05T17:23:21.2912500Z   sphinxcontrib-devhelp          1.0.6                pyhd8ed1ab_0             conda-forge
2025-02-05T17:23:21.2913030Z   sphinxcontrib-htmlhelp         2.0.5                pyhd8ed1ab_0             conda-forge
2025-02-05T17:23:21.2913440Z   sphinxcontrib-jquery           4.1                  pyhd8ed1ab_0             conda-forge
2025-02-05T17:23:21.2913840Z   sphinxcontrib-jsmath           1.0.1                pyhd8ed1ab_0             conda-forge
2025-02-05T17:23:21.2914250Z   sphinxcontrib-qthelp           1.0.7                pyhd8ed1ab_0             conda-forge
2025-02-05T17:23:21.2914650Z   sphinxcontrib-serializinghtml  1.1.10               pyhd8ed1ab_0             conda-forge
2025-02-05T17:23:21.2915020Z   stack_data                     0.6.2                pyhd8ed1ab_0             conda-forge
2025-02-05T17:23:21.2915380Z   sympy                          1.12.1               pypyh2585a3b_103         conda-forge
2025-02-05T17:23:21.2915740Z   tabulate                       0.9.0                pyhd8ed1ab_1             conda-forge
2025-02-05T17:23:21.2916110Z   tenacity                       8.4.1                pyhd8ed1ab_0             conda-forge
2025-02-05T17:23:21.2916450Z   terminado                      0.18.1               pyh31c8845_0             conda-forge
2025-02-05T17:23:21.2916800Z   tinycss2                       1.3.0                pyhd8ed1ab_0             conda-forge
2025-02-05T17:23:21.2917140Z   tk                             8.6.13               h5083fa2_1               conda-forge
2025-02-05T17:23:21.2917480Z   toml                           0.10.2               pyhd8ed1ab_0             conda-forge
2025-02-05T17:23:21.2917810Z   tomli                          2.0.1                pyhd8ed1ab_0             conda-forge
2025-02-05T17:23:21.2918160Z   tornado                        6.4.1                py312h7e5086c_0          conda-forge
2025-02-05T17:23:21.2918510Z   tqdm                           4.66.4               pyhd8ed1ab_0             conda-forge
2025-02-05T17:23:21.2918840Z   traitlets                      5.14.3               pyhd8ed1ab_0             conda-forge
2025-02-05T17:23:21.2919160Z   typed-ast                      1.5.5                py312h02f2b3b_1          conda-forge
2025-02-05T17:23:21.2919530Z   types-python-dateutil          2.9.0.20240316       pyhd8ed1ab_0             conda-forge
2025-02-05T17:23:21.2919940Z   typing-extensions              4.12.2               hd8ed1ab_0               conda-forge
2025-02-05T17:23:21.2920320Z   typing_extensions              4.12.2               pyha770c72_0             conda-forge
2025-02-05T17:23:21.2928770Z   typing_utils                   0.1.0                pyhd8ed1ab_0             conda-forge
2025-02-05T17:23:21.2929240Z   tzdata                         2024a                h0c530f3_0               conda-forge
2025-02-05T17:23:21.2930090Z   uri-template                   1.3.0                pyhd8ed1ab_0             conda-forge
2025-02-05T17:23:21.2944200Z   urllib3                        2.2.2                pyhd8ed1ab_0             conda-forge
2025-02-05T17:23:21.2944950Z   wcwidth                        0.2.13               pyhd8ed1ab_0             conda-forge
2025-02-05T17:23:21.2945590Z   webcolors                      24.6.0               pyhd8ed1ab_0             conda-forge
2025-02-05T17:23:21.2945920Z   webencodings                   0.5.1                pyhd8ed1ab_2             conda-forge
2025-02-05T17:23:21.2946250Z   websocket-client               1.8.0                pyhd8ed1ab_0             conda-forge
2025-02-05T17:23:21.2946570Z   wheel                          0.43.0               pyhd8ed1ab_1             conda-forge
2025-02-05T17:23:21.2946900Z   widgetsnbextension             3.6.6                pyhd8ed1ab_0             conda-forge
2025-02-05T17:23:21.2947230Z   xorg-libxau                    1.0.11               hb547adb_0               conda-forge
2025-02-05T17:23:21.2947560Z   xorg-libxdmcp                  1.1.3                h27ca646_0               conda-forge
2025-02-05T17:23:21.2947860Z   xz                             5.2.6                h57fd34a_0               conda-forge
2025-02-05T17:23:21.2948140Z   yaml                           0.2.5                h3422bc3_2               conda-forge
2025-02-05T17:23:21.2948420Z   zeromq                         4.3.5                hcc0f68c_4               conda-forge
2025-02-05T17:23:21.2948710Z   zipp                           3.19.2               pyhd8ed1ab_0             conda-forge
2025-02-05T17:23:21.2951090Z   zlib                           1.3.1                hfb2fe0b_1               conda-forge
2025-02-05T17:23:21.2951770Z   zlib-ng                        2.0.7                h1a8c8d9_0               conda-forge
2025-02-05T17:23:21.2954400Z   zstd                           1.5.6                hb46c0d2_0               conda-forge
2025-02-05T17:23:21.2955010Z ##[endgroup]
2025-02-05T17:23:21.3112260Z ##[group]Run pip install -e . --user
2025-02-05T17:23:21.3112750Z [36;1mpip install -e . --user[0m
2025-02-05T17:23:21.4449620Z shell: /bin/bash -l {0}
2025-02-05T17:23:21.4449830Z env:
2025-02-05T17:23:21.4449970Z   CACHE_NUMBER: 0
2025-02-05T17:23:21.4450470Z   PYTEST_FLAGS: --tardis-regression-data=/Users/runner/work/tardis/tardis/tardis-regression-data --cov=tardis --cov-report=xml --cov-report=html --cov-append
2025-02-05T17:23:21.4451130Z   CODECOV_TOKEN: ***
2025-02-05T17:23:21.4451320Z   MAMBA_ROOT_PREFIX: /Users/runner/micromamba
2025-02-05T17:23:21.4451580Z   MAMBA_EXE: /Users/runner/micromamba-bin/micromamba
2025-02-05T17:23:21.4451870Z   CONDARC: /Users/runner/work/_temp/setup-micromamba/.condarc
2025-02-05T17:23:21.4452120Z ##[endgroup]
2025-02-05T17:23:22.3286640Z Obtaining file:///Users/runner/work/tardis/tardis
2025-02-05T17:23:22.3320070Z   Installing build dependencies: started
2025-02-05T17:23:24.9276760Z   Installing build dependencies: finished with status 'done'
2025-02-05T17:23:24.9377280Z   Checking if build backend supports build_editable: started
2025-02-05T17:23:25.1142180Z   Checking if build backend supports build_editable: finished with status 'done'
2025-02-05T17:23:25.1156590Z   Getting requirements to build editable: started
2025-02-05T17:23:25.9004520Z   Getting requirements to build editable: finished with status 'done'
2025-02-05T17:23:25.9017310Z   Preparing editable metadata (pyproject.toml): started
2025-02-05T17:23:26.3950900Z   Preparing editable metadata (pyproject.toml): finished with status 'done'
2025-02-05T17:23:26.4573510Z Requirement already satisfied: astropy in /Users/runner/micromamba/envs/tardis/lib/python3.12/site-packages (from tardis==0.0.0) (6.1.1)
2025-02-05T17:23:26.4947650Z Requirement already satisfied: numpy>=1.23 in /Users/runner/micromamba/envs/tardis/lib/python3.12/site-packages (from astropy->tardis==0.0.0) (1.26.4)
2025-02-05T17:23:26.5049530Z Requirement already satisfied: pyerfa>=2.0.1.1 in /Users/runner/micromamba/envs/tardis/lib/python3.12/site-packages (from astropy->tardis==0.0.0) (2.0.1.4)
2025-02-05T17:23:26.5151960Z Requirement already satisfied: astropy-iers-data>=0.2024.5.27.0.30.8 in /Users/runner/micromamba/envs/tardis/lib/python3.12/site-packages (from astropy->tardis==0.0.0) (0.2024.6.17.0.31.35)
2025-02-05T17:23:26.5189580Z Requirement already satisfied: PyYAML>=3.13 in /Users/runner/micromamba/envs/tardis/lib/python3.12/site-packages (from astropy->tardis==0.0.0) (6.0.1)
2025-02-05T17:23:26.5190620Z Requirement already satisfied: packaging>=19.0 in /Users/runner/micromamba/envs/tardis/lib/python3.12/site-packages (from astropy->tardis==0.0.0) (24.1)
2025-02-05T17:23:26.5191240Z Building wheels for collected packages: tardis
2025-02-05T17:23:26.5191700Z   Building editable for tardis (pyproject.toml): started
2025-02-05T17:23:27.1863550Z   Building editable for tardis (pyproject.toml): finished with status 'done'
2025-02-05T17:23:27.1871830Z   Created wheel for tardis: filename=tardis-0.0.0-0.editable-py3-none-any.whl size=8877 sha256=3aabb204deb80b69e7c70ec9de57a97f72edfa60f81816b2f67b523a7261fe62
2025-02-05T17:23:27.1872860Z   Stored in directory: /private/var/folders/2s/h6hvv9ps03xgz_krkkstvq_r0000gn/T/pip-ephem-wheel-cache-zu9807n0/wheels/bb/4f/6a/0829b918c1c10bc28535ce7f14be21eee54375bdd9cd0c306a
2025-02-05T17:23:27.1899600Z Successfully built tardis
2025-02-05T17:23:27.7433510Z Installing collected packages: tardis
2025-02-05T17:23:27.7533940Z Successfully installed tardis-0.0.0
2025-02-05T17:23:28.0080790Z ##[group]Run pip install qgridnext
2025-02-05T17:23:28.0081070Z [36;1mpip install qgridnext[0m
2025-02-05T17:23:28.0163180Z shell: /bin/bash -l {0}
2025-02-05T17:23:28.0163400Z env:
2025-02-05T17:23:28.0163560Z   CACHE_NUMBER: 0
2025-02-05T17:23:28.0164090Z   PYTEST_FLAGS: --tardis-regression-data=/Users/runner/work/tardis/tardis/tardis-regression-data --cov=tardis --cov-report=xml --cov-report=html --cov-append
2025-02-05T17:23:28.0164840Z   CODECOV_TOKEN: ***
2025-02-05T17:23:28.0165040Z   MAMBA_ROOT_PREFIX: /Users/runner/micromamba
2025-02-05T17:23:28.0165330Z   MAMBA_EXE: /Users/runner/micromamba-bin/micromamba
2025-02-05T17:23:28.0165740Z   CONDARC: /Users/runner/work/_temp/setup-micromamba/.condarc
2025-02-05T17:23:28.0166040Z ##[endgroup]
2025-02-05T17:23:28.6144270Z Collecting qgridnext
2025-02-05T17:23:28.6296080Z   Downloading qgridnext-2.0.4-py3-none-any.whl.metadata (9.9 kB)
2025-02-05T17:23:28.6502920Z Requirement already satisfied: pandas>=0.20.0 in /Users/runner/micromamba/envs/tardis/lib/python3.12/site-packages (from qgridnext) (2.2.2)
2025-02-05T17:23:28.6510520Z Requirement already satisfied: ipywidgets>=7.0.0 in /Users/runner/micromamba/envs/tardis/lib/python3.12/site-packages (from qgridnext) (7.8.0)
2025-02-05T17:23:28.6520040Z Requirement already satisfied: numpy in /Users/runner/micromamba/envs/tardis/lib/python3.12/site-packages (from qgridnext) (1.26.4)
2025-02-05T17:23:28.6531160Z Requirement already satisfied: traitlets in /Users/runner/micromamba/envs/tardis/lib/python3.12/site-packages (from qgridnext) (5.14.3)
2025-02-05T17:23:28.6605140Z Requirement already satisfied: comm>=0.1.3 in /Users/runner/micromamba/envs/tardis/lib/python3.12/site-packages (from ipywidgets>=7.0.0->qgridnext) (0.2.2)
2025-02-05T17:23:28.6611600Z Requirement already satisfied: ipython-genutils~=0.2.0 in /Users/runner/micromamba/envs/tardis/lib/python3.12/site-packages (from ipywidgets>=7.0.0->qgridnext) (0.2.0)
2025-02-05T17:23:28.6620430Z Requirement already satisfied: widgetsnbextension~=3.6.5 in /Users/runner/micromamba/envs/tardis/lib/python3.12/site-packages (from ipywidgets>=7.0.0->qgridnext) (3.6.6)
2025-02-05T17:23:28.6631160Z Requirement already satisfied: ipython>=4.0.0 in /Users/runner/micromamba/envs/tardis/lib/python3.12/site-packages (from ipywidgets>=7.0.0->qgridnext) (8.25.0)
2025-02-05T17:23:28.6641580Z Requirement already satisfied: jupyterlab-widgets<3,>=1.0.0 in /Users/runner/micromamba/envs/tardis/lib/python3.12/site-packages (from ipywidgets>=7.0.0->qgridnext) (1.1.7)
2025-02-05T17:23:28.6946470Z Requirement already satisfied: python-dateutil>=2.8.2 in /Users/runner/micromamba/envs/tardis/lib/python3.12/site-packages (from pandas>=0.20.0->qgridnext) (2.9.0)
2025-02-05T17:23:28.6955640Z Requirement already satisfied: pytz>=2020.1 in /Users/runner/micromamba/envs/tardis/lib/python3.12/site-packages (from pandas>=0.20.0->qgridnext) (2024.1)
2025-02-05T17:23:28.6960320Z Requirement already satisfied: tzdata>=2022.7 in /Users/runner/micromamba/envs/tardis/lib/python3.12/site-packages (from pandas>=0.20.0->qgridnext) (2024.1)
2025-02-05T17:23:28.7167200Z Requirement already satisfied: decorator in /Users/runner/micromamba/envs/tardis/lib/python3.12/site-packages (from ipython>=4.0.0->ipywidgets>=7.0.0->qgridnext) (5.1.1)
2025-02-05T17:23:28.7177600Z Requirement already satisfied: jedi>=0.16 in /Users/runner/micromamba/envs/tardis/lib/python3.12/site-packages (from ipython>=4.0.0->ipywidgets>=7.0.0->qgridnext) (0.19.1)
2025-02-05T17:23:28.7182670Z Requirement already satisfied: matplotlib-inline in /Users/runner/micromamba/envs/tardis/lib/python3.12/site-packages (from ipython>=4.0.0->ipywidgets>=7.0.0->qgridnext) (0.1.7)
2025-02-05T17:23:28.7188720Z Requirement already satisfied: prompt-toolkit<3.1.0,>=3.0.41 in /Users/runner/micromamba/envs/tardis/lib/python3.12/site-packages (from ipython>=4.0.0->ipywidgets>=7.0.0->qgridnext) (3.0.47)
2025-02-05T17:23:28.7194560Z Requirement already satisfied: pygments>=2.4.0 in /Users/runner/micromamba/envs/tardis/lib/python3.12/site-packages (from ipython>=4.0.0->ipywidgets>=7.0.0->qgridnext) (2.18.0)
2025-02-05T17:23:28.7200440Z Requirement already satisfied: stack-data in /Users/runner/micromamba/envs/tardis/lib/python3.12/site-packages (from ipython>=4.0.0->ipywidgets>=7.0.0->qgridnext) (0.6.2)
2025-02-05T17:23:28.7212380Z Requirement already satisfied: pexpect>4.3 in /Users/runner/micromamba/envs/tardis/lib/python3.12/site-packages (from ipython>=4.0.0->ipywidgets>=7.0.0->qgridnext) (4.9.0)
2025-02-05T17:23:28.7242980Z Requirement already satisfied: six>=1.5 in /Users/runner/micromamba/envs/tardis/lib/python3.12/site-packages (from python-dateutil>=2.8.2->pandas>=0.20.0->qgridnext) (1.16.0)
2025-02-05T17:23:28.7280670Z Requirement already satisfied: notebook>=4.4.1 in /Users/runner/micromamba/envs/tardis/lib/python3.12/site-packages (from widgetsnbextension~=3.6.5->ipywidgets>=7.0.0->qgridnext) (7.2.1)
2025-02-05T17:23:28.7407400Z Requirement already satisfied: parso<0.9.0,>=0.8.3 in /Users/runner/micromamba/envs/tardis/lib/python3.12/site-packages (from jedi>=0.16->ipython>=4.0.0->ipywidgets>=7.0.0->qgridnext) (0.8.4)
2025-02-05T17:23:28.7510360Z Requirement already satisfied: jupyter-server<3,>=2.4.0 in /Users/runner/micromamba/envs/tardis/lib/python3.12/site-packages (from notebook>=4.4.1->widgetsnbextension~=3.6.5->ipywidgets>=7.0.0->qgridnext) (2.14.1)
2025-02-05T17:23:28.7610650Z Requirement already satisfied: jupyterlab-server<3,>=2.27.1 in /Users/runner/micromamba/envs/tardis/lib/python3.12/site-packages (from notebook>=4.4.1->widgetsnbextension~=3.6.5->ipywidgets>=7.0.0->qgridnext) (2.27.2)
2025-02-05T17:23:28.7712750Z Requirement already satisfied: jupyterlab<4.3,>=4.2.0 in /Users/runner/micromamba/envs/tardis/lib/python3.12/site-packages (from notebook>=4.4.1->widgetsnbextension~=3.6.5->ipywidgets>=7.0.0->qgridnext) (4.2.2)
2025-02-05T17:23:28.7814360Z Requirement already satisfied: notebook-shim<0.3,>=0.2 in /Users/runner/micromamba/envs/tardis/lib/python3.12/site-packages (from notebook>=4.4.1->widgetsnbextension~=3.6.5->ipywidgets>=7.0.0->qgridnext) (0.2.4)
2025-02-05T17:23:28.7887560Z Requirement already satisfied: tornado>=6.2.0 in /Users/runner/micromamba/envs/tardis/lib/python3.12/site-packages (from notebook>=4.4.1->widgetsnbextension~=3.6.5->ipywidgets>=7.0.0->qgridnext) (6.4.1)
2025-02-05T17:23:28.7889970Z Requirement already satisfied: ptyprocess>=0.5 in /Users/runner/micromamba/envs/tardis/lib/python3.12/site-packages (from pexpect>4.3->ipython>=4.0.0->ipywidgets>=7.0.0->qgridnext) (0.7.0)
2025-02-05T17:23:28.7891060Z Requirement already satisfied: wcwidth in /Users/runner/micromamba/envs/tardis/lib/python3.12/site-packages (from prompt-toolkit<3.1.0,>=3.0.41->ipython>=4.0.0->ipywidgets>=7.0.0->qgridnext) (0.2.13)
2025-02-05T17:23:28.7892340Z Requirement already satisfied: executing>=1.2.0 in /Users/runner/micromamba/envs/tardis/lib/python3.12/site-packages (from stack-data->ipython>=4.0.0->ipywidgets>=7.0.0->qgridnext) (2.0.1)
2025-02-05T17:23:28.7893320Z Requirement already satisfied: asttokens>=2.1.0 in /Users/runner/micromamba/envs/tardis/lib/python3.12/site-packages (from stack-data->ipython>=4.0.0->ipywidgets>=7.0.0->qgridnext) (2.4.1)
2025-02-05T17:23:28.7894290Z Requirement already satisfied: pure-eval in /Users/runner/micromamba/envs/tardis/lib/python3.12/site-packages (from stack-data->ipython>=4.0.0->ipywidgets>=7.0.0->qgridnext) (0.2.2)
2025-02-05T17:23:28.7971940Z Requirement already satisfied: anyio>=3.1.0 in /Users/runner/micromamba/envs/tardis/lib/python3.12/site-packages (from jupyter-server<3,>=2.4.0->notebook>=4.4.1->widgetsnbextension~=3.6.5->ipywidgets>=7.0.0->qgridnext) (4.4.0)
2025-02-05T17:23:28.7977970Z Requirement already satisfied: argon2-cffi>=21.1 in /Users/runner/micromamba/envs/tardis/lib/python3.12/site-packages (from jupyter-server<3,>=2.4.0->notebook>=4.4.1->widgetsnbextension~=3.6.5->ipywidgets>=7.0.0->qgridnext) (23.1.0)
2025-02-05T17:23:28.7983640Z Requirement already satisfied: jinja2>=3.0.3 in /Users/runner/micromamba/envs/tardis/lib/python3.12/site-packages (from jupyter-server<3,>=2.4.0->notebook>=4.4.1->widgetsnbextension~=3.6.5->ipywidgets>=7.0.0->qgridnext) (3.1.4)
2025-02-05T17:23:28.7991740Z Requirement already satisfied: jupyter-client>=7.4.4 in /Users/runner/micromamba/envs/tardis/lib/python3.12/site-packages (from jupyter-server<3,>=2.4.0->notebook>=4.4.1->widgetsnbextension~=3.6.5->ipywidgets>=7.0.0->qgridnext) (8.6.2)
2025-02-05T17:23:28.8001760Z Requirement already satisfied: jupyter-core!=5.0.*,>=4.12 in /Users/runner/micromamba/envs/tardis/lib/python3.12/site-packages (from jupyter-server<3,>=2.4.0->notebook>=4.4.1->widgetsnbextension~=3.6.5->ipywidgets>=7.0.0->qgridnext) (5.7.2)
2025-02-05T17:23:28.8009910Z Requirement already satisfied: jupyter-events>=0.9.0 in /Users/runner/micromamba/envs/tardis/lib/python3.12/site-packages (from jupyter-server<3,>=2.4.0->notebook>=4.4.1->widgetsnbextension~=3.6.5->ipywidgets>=7.0.0->qgridnext) (0.10.0)
2025-02-05T17:23:28.8017860Z Requirement already satisfied: jupyter-server-terminals>=0.4.4 in /Users/runner/micromamba/envs/tardis/lib/python3.12/site-packages (from jupyter-server<3,>=2.4.0->notebook>=4.4.1->widgetsnbextension~=3.6.5->ipywidgets>=7.0.0->qgridnext) (0.5.3)
2025-02-05T17:23:28.8029420Z Requirement already satisfied: nbconvert>=6.4.4 in /Users/runner/micromamba/envs/tardis/lib/python3.12/site-packages (from jupyter-server<3,>=2.4.0->notebook>=4.4.1->widgetsnbextension~=3.6.5->ipywidgets>=7.0.0->qgridnext) (7.16.4)
2025-02-05T17:23:28.8036180Z Requirement already satisfied: nbformat>=5.3.0 in /Users/runner/micromamba/envs/tardis/lib/python3.12/site-packages (from jupyter-server<3,>=2.4.0->notebook>=4.4.1->widgetsnbextension~=3.6.5->ipywidgets>=7.0.0->qgridnext) (5.10.4)
2025-02-05T17:23:28.8041550Z Requirement already satisfied: overrides>=5.0 in /Users/runner/micromamba/envs/tardis/lib/python3.12/site-packages (from jupyter-server<3,>=2.4.0->notebook>=4.4.1->widgetsnbextension~=3.6.5->ipywidgets>=7.0.0->qgridnext) (7.7.0)
2025-02-05T17:23:28.8047430Z Requirement already satisfied: packaging>=22.0 in /Users/runner/micromamba/envs/tardis/lib/python3.12/site-packages (from jupyter-server<3,>=2.4.0->notebook>=4.4.1->widgetsnbextension~=3.6.5->ipywidgets>=7.0.0->qgridnext) (24.1)
2025-02-05T17:23:28.8052460Z Requirement already satisfied: prometheus-client>=0.9 in /Users/runner/micromamba/envs/tardis/lib/python3.12/site-packages (from jupyter-server<3,>=2.4.0->notebook>=4.4.1->widgetsnbextension~=3.6.5->ipywidgets>=7.0.0->qgridnext) (0.20.0)
2025-02-05T17:23:28.8059550Z Requirement already satisfied: pyzmq>=24 in /Users/runner/micromamba/envs/tardis/lib/python3.12/site-packages (from jupyter-server<3,>=2.4.0->notebook>=4.4.1->widgetsnbextension~=3.6.5->ipywidgets>=7.0.0->qgridnext) (26.0.3)
2025-02-05T17:23:28.8064860Z Requirement already satisfied: send2trash>=1.8.2 in /Users/runner/micromamba/envs/tardis/lib/python3.12/site-packages (from jupyter-server<3,>=2.4.0->notebook>=4.4.1->widgetsnbextension~=3.6.5->ipywidgets>=7.0.0->qgridnext) (1.8.3)
2025-02-05T17:23:28.8072380Z Requirement already satisfied: terminado>=0.8.3 in /Users/runner/micromamba/envs/tardis/lib/python3.12/site-packages (from jupyter-server<3,>=2.4.0->notebook>=4.4.1->widgetsnbextension~=3.6.5->ipywidgets>=7.0.0->qgridnext) (0.18.1)
2025-02-05T17:23:28.8083160Z Requirement already satisfied: websocket-client>=1.7 in /Users/runner/micromamba/envs/tardis/lib/python3.12/site-packages (from jupyter-server<3,>=2.4.0->notebook>=4.4.1->widgetsnbextension~=3.6.5->ipywidgets>=7.0.0->qgridnext) (1.8.0)
2025-02-05T17:23:28.8265750Z Requirement already satisfied: async-lru>=1.0.0 in /Users/runner/micromamba/envs/tardis/lib/python3.12/site-packages (from jupyterlab<4.3,>=4.2.0->notebook>=4.4.1->widgetsnbextension~=3.6.5->ipywidgets>=7.0.0->qgridnext) (2.0.4)
2025-02-05T17:23:28.8273640Z Requirement already satisfied: httpx>=0.25.0 in /Users/runner/micromamba/envs/tardis/lib/python3.12/site-packages (from jupyterlab<4.3,>=4.2.0->notebook>=4.4.1->widgetsnbextension~=3.6.5->ipywidgets>=7.0.0->qgridnext) (0.27.0)
2025-02-05T17:23:28.8281910Z Requirement already satisfied: ipykernel>=6.5.0 in /Users/runner/micromamba/envs/tardis/lib/python3.12/site-packages (from jupyterlab<4.3,>=4.2.0->notebook>=4.4.1->widgetsnbextension~=3.6.5->ipywidgets>=7.0.0->qgridnext) (6.29.4)
2025-02-05T17:23:28.8289940Z Requirement already satisfied: jupyter-lsp>=2.0.0 in /Users/runner/micromamba/envs/tardis/lib/python3.12/site-packages (from jupyterlab<4.3,>=4.2.0->notebook>=4.4.1->widgetsnbextension~=3.6.5->ipywidgets>=7.0.0->qgridnext) (2.2.5)
2025-02-05T17:23:28.8309020Z Requirement already satisfied: setuptools>=40.1.0 in /Users/runner/micromamba/envs/tardis/lib/python3.12/site-packages (from jupyterlab<4.3,>=4.2.0->notebook>=4.4.1->widgetsnbextension~=3.6.5->ipywidgets>=7.0.0->qgridnext) (70.0.0)
2025-02-05T17:23:28.8432540Z Requirement already satisfied: babel>=2.10 in /Users/runner/micromamba/envs/tardis/lib/python3.12/site-packages (from jupyterlab-server<3,>=2.27.1->notebook>=4.4.1->widgetsnbextension~=3.6.5->ipywidgets>=7.0.0->qgridnext) (2.14.0)
2025-02-05T17:23:28.8452940Z Requirement already satisfied: json5>=0.9.0 in /Users/runner/micromamba/envs/tardis/lib/python3.12/site-packages (from jupyterlab-server<3,>=2.27.1->notebook>=4.4.1->widgetsnbextension~=3.6.5->ipywidgets>=7.0.0->qgridnext) (0.9.25)
2025-02-05T17:23:28.8460650Z Requirement already satisfied: jsonschema>=4.18.0 in /Users/runner/micromamba/envs/tardis/lib/python3.12/site-packages (from jupyterlab-server<3,>=2.27.1->notebook>=4.4.1->widgetsnbextension~=3.6.5->ipywidgets>=7.0.0->qgridnext) (4.22.0)
2025-02-05T17:23:28.8474220Z Requirement already satisfied: requests>=2.31 in /Users/runner/micromamba/envs/tardis/lib/python3.12/site-packages (from jupyterlab-server<3,>=2.27.1->notebook>=4.4.1->widgetsnbextension~=3.6.5->ipywidgets>=7.0.0->qgridnext) (2.32.3)
2025-02-05T17:23:28.8703050Z Requirement already satisfied: idna>=2.8 in /Users/runner/micromamba/envs/tardis/lib/python3.12/site-packages (from anyio>=3.1.0->jupyter-server<3,>=2.4.0->notebook>=4.4.1->widgetsnbextension~=3.6.5->ipywidgets>=7.0.0->qgridnext) (3.7)
2025-02-05T17:23:28.8710360Z Requirement already satisfied: sniffio>=1.1 in /Users/runner/micromamba/envs/tardis/lib/python3.12/site-packages (from anyio>=3.1.0->jupyter-server<3,>=2.4.0->notebook>=4.4.1->widgetsnbextension~=3.6.5->ipywidgets>=7.0.0->qgridnext) (1.3.1)
2025-02-05T17:23:28.8776040Z Requirement already satisfied: argon2-cffi-bindings in /Users/runner/micromamba/envs/tardis/lib/python3.12/site-packages (from argon2-cffi>=21.1->jupyter-server<3,>=2.4.0->notebook>=4.4.1->widgetsnbextension~=3.6.5->ipywidgets>=7.0.0->qgridnext) (21.2.0)
2025-02-05T17:23:28.8889630Z Requirement already satisfied: certifi in /Users/runner/micromamba/envs/tardis/lib/python3.12/site-packages (from httpx>=0.25.0->jupyterlab<4.3,>=4.2.0->notebook>=4.4.1->widgetsnbextension~=3.6.5->ipywidgets>=7.0.0->qgridnext) (2024.6.2)
2025-02-05T17:23:28.8992530Z Requirement already satisfied: httpcore==1.* in /Users/runner/micromamba/envs/tardis/lib/python3.12/site-packages (from httpx>=0.25.0->jupyterlab<4.3,>=4.2.0->notebook>=4.4.1->widgetsnbextension~=3.6.5->ipywidgets>=7.0.0->qgridnext) (1.0.5)
2025-02-05T17:23:28.9094640Z Requirement already satisfied: h11<0.15,>=0.13 in /Users/runner/micromamba/envs/tardis/lib/python3.12/site-packages (from httpcore==1.*->httpx>=0.25.0->jupyterlab<4.3,>=4.2.0->notebook>=4.4.1->widgetsnbextension~=3.6.5->ipywidgets>=7.0.0->qgridnext) (0.14.0)
2025-02-05T17:23:28.9196920Z Requirement already satisfied: appnope in /Users/runner/micromamba/envs/tardis/lib/python3.12/site-packages (from ipykernel>=6.5.0->jupyterlab<4.3,>=4.2.0->notebook>=4.4.1->widgetsnbextension~=3.6.5->ipywidgets>=7.0.0->qgridnext) (0.1.4)
2025-02-05T17:23:28.9299920Z Requirement already satisfied: debugpy>=1.6.5 in /Users/runner/micromamba/envs/tardis/lib/python3.12/site-packages (from ipykernel>=6.5.0->jupyterlab<4.3,>=4.2.0->notebook>=4.4.1->widgetsnbextension~=3.6.5->ipywidgets>=7.0.0->qgridnext) (1.8.1)
2025-02-05T17:23:28.9402790Z Requirement already satisfied: nest-asyncio in /Users/runner/micromamba/envs/tardis/lib/python3.12/site-packages (from ipykernel>=6.5.0->jupyterlab<4.3,>=4.2.0->notebook>=4.4.1->widgetsnbextension~=3.6.5->ipywidgets>=7.0.0->qgridnext) (1.6.0)
2025-02-05T17:23:28.9505970Z Requirement already satisfied: psutil in /Users/runner/micromamba/envs/tardis/lib/python3.12/site-packages (from ipykernel>=6.5.0->jupyterlab<4.3,>=4.2.0->notebook>=4.4.1->widgetsnbextension~=3.6.5->ipywidgets>=7.0.0->qgridnext) (5.9.8)
2025-02-05T17:23:28.9607950Z Requirement already satisfied: MarkupSafe>=2.0 in /Users/runner/micromamba/envs/tardis/lib/python3.12/site-packages (from jinja2>=3.0.3->jupyter-server<3,>=2.4.0->notebook>=4.4.1->widgetsnbextension~=3.6.5->ipywidgets>=7.0.0->qgridnext) (2.1.5)
2025-02-05T17:23:28.9710140Z Requirement already satisfied: attrs>=22.2.0 in /Users/runner/micromamba/envs/tardis/lib/python3.12/site-packages (from jsonschema>=4.18.0->jupyterlab-server<3,>=2.27.1->notebook>=4.4.1->widgetsnbextension~=3.6.5->ipywidgets>=7.0.0->qgridnext) (23.2.0)
2025-02-05T17:23:28.9812370Z Requirement already satisfied: jsonschema-specifications>=2023.03.6 in /Users/runner/micromamba/envs/tardis/lib/python3.12/site-packages (from jsonschema>=4.18.0->jupyterlab-server<3,>=2.27.1->notebook>=4.4.1->widgetsnbextension~=3.6.5->ipywidgets>=7.0.0->qgridnext) (2023.12.1)
2025-02-05T17:23:28.9914700Z Requirement already satisfied: referencing>=0.28.4 in /Users/runner/micromamba/envs/tardis/lib/python3.12/site-packages (from jsonschema>=4.18.0->jupyterlab-server<3,>=2.27.1->notebook>=4.4.1->widgetsnbextension~=3.6.5->ipywidgets>=7.0.0->qgridnext) (0.35.1)
2025-02-05T17:23:29.0017170Z Requirement already satisfied: rpds-py>=0.7.1 in /Users/runner/micromamba/envs/tardis/lib/python3.12/site-packages (from jsonschema>=4.18.0->jupyterlab-server<3,>=2.27.1->notebook>=4.4.1->widgetsnbextension~=3.6.5->ipywidgets>=7.0.0->qgridnext) (0.18.1)
2025-02-05T17:23:29.0119510Z Requirement already satisfied: platformdirs>=2.5 in /Users/runner/micromamba/envs/tardis/lib/python3.12/site-packages (from jupyter-core!=5.0.*,>=4.12->jupyter-server<3,>=2.4.0->notebook>=4.4.1->widgetsnbextension~=3.6.5->ipywidgets>=7.0.0->qgridnext) (4.2.2)
2025-02-05T17:23:29.0221830Z Requirement already satisfied: python-json-logger>=2.0.4 in /Users/runner/micromamba/envs/tardis/lib/python3.12/site-packages (from jupyter-events>=0.9.0->jupyter-server<3,>=2.4.0->notebook>=4.4.1->widgetsnbextension~=3.6.5->ipywidgets>=7.0.0->qgridnext) (2.0.7)
2025-02-05T17:23:29.0323930Z Requirement already satisfied: pyyaml>=5.3 in /Users/runner/micromamba/envs/tardis/lib/python3.12/site-packages (from jupyter-events>=0.9.0->jupyter-server<3,>=2.4.0->notebook>=4.4.1->widgetsnbextension~=3.6.5->ipywidgets>=7.0.0->qgridnext) (6.0.1)
2025-02-05T17:23:29.0426920Z Requirement already satisfied: rfc3339-validator in /Users/runner/micromamba/envs/tardis/lib/python3.12/site-packages (from jupyter-events>=0.9.0->jupyter-server<3,>=2.4.0->notebook>=4.4.1->widgetsnbextension~=3.6.5->ipywidgets>=7.0.0->qgridnext) (0.1.4)
2025-02-05T17:23:29.0548850Z Requirement already satisfied: rfc3986-validator>=0.1.1 in /Users/runner/micromamba/envs/tardis/lib/python3.12/site-packages (from jupyter-events>=0.9.0->jupyter-server<3,>=2.4.0->notebook>=4.4.1->widgetsnbextension~=3.6.5->ipywidgets>=7.0.0->qgridnext) (0.1.1)
2025-02-05T17:23:29.0651070Z Requirement already satisfied: beautifulsoup4 in /Users/runner/micromamba/envs/tardis/lib/python3.12/site-packages (from nbconvert>=6.4.4->jupyter-server<3,>=2.4.0->notebook>=4.4.1->widgetsnbextension~=3.6.5->ipywidgets>=7.0.0->qgridnext) (4.12.3)
2025-02-05T17:23:29.0764220Z Requirement already satisfied: bleach!=5.0.0 in /Users/runner/micromamba/envs/tardis/lib/python3.12/site-packages (from nbconvert>=6.4.4->jupyter-server<3,>=2.4.0->notebook>=4.4.1->widgetsnbextension~=3.6.5->ipywidgets>=7.0.0->qgridnext) (6.1.0)
2025-02-05T17:23:29.0867920Z Requirement already satisfied: defusedxml in /Users/runner/micromamba/envs/tardis/lib/python3.12/site-packages (from nbconvert>=6.4.4->jupyter-server<3,>=2.4.0->notebook>=4.4.1->widgetsnbextension~=3.6.5->ipywidgets>=7.0.0->qgridnext) (0.7.1)
2025-02-05T17:23:29.1006490Z Requirement already satisfied: jupyterlab-pygments in /Users/runner/micromamba/envs/tardis/lib/python3.12/site-packages (from nbconvert>=6.4.4->jupyter-server<3,>=2.4.0->notebook>=4.4.1->widgetsnbextension~=3.6.5->ipywidgets>=7.0.0->qgridnext) (0.3.0)
2025-02-05T17:23:29.1108730Z Requirement already satisfied: mistune<4,>=2.0.3 in /Users/runner/micromamba/envs/tardis/lib/python3.12/site-packages (from nbconvert>=6.4.4->jupyter-server<3,>=2.4.0->notebook>=4.4.1->widgetsnbextension~=3.6.5->ipywidgets>=7.0.0->qgridnext) (3.0.2)
2025-02-05T17:23:29.1210630Z Requirement already satisfied: nbclient>=0.5.0 in /Users/runner/micromamba/envs/tardis/lib/python3.12/site-packages (from nbconvert>=6.4.4->jupyter-server<3,>=2.4.0->notebook>=4.4.1->widgetsnbextension~=3.6.5->ipywidgets>=7.0.0->qgridnext) (0.10.0)
2025-02-05T17:23:29.1255840Z Requirement already satisfied: pandocfilters>=1.4.1 in /Users/runner/micromamba/envs/tardis/lib/python3.12/site-packages (from nbconvert>=6.4.4->jupyter-server<3,>=2.4.0->notebook>=4.4.1->widgetsnbextension~=3.6.5->ipywidgets>=7.0.0->qgridnext) (1.5.0)
2025-02-05T17:23:29.1257990Z Requirement already satisfied: tinycss2 in /Users/runner/micromamba/envs/tardis/lib/python3.12/site-packages (from nbconvert>=6.4.4->jupyter-server<3,>=2.4.0->notebook>=4.4.1->widgetsnbextension~=3.6.5->ipywidgets>=7.0.0->qgridnext) (1.3.0)
2025-02-05T17:23:29.1259380Z Requirement already satisfied: fastjsonschema>=2.15 in /Users/runner/micromamba/envs/tardis/lib/python3.12/site-packages (from nbformat>=5.3.0->jupyter-server<3,>=2.4.0->notebook>=4.4.1->widgetsnbextension~=3.6.5->ipywidgets>=7.0.0->qgridnext) (2.20.0)
2025-02-05T17:23:29.1261180Z Requirement already satisfied: charset-normalizer<4,>=2 in /Users/runner/micromamba/envs/tardis/lib/python3.12/site-packages (from requests>=2.31->jupyterlab-server<3,>=2.27.1->notebook>=4.4.1->widgetsnbextension~=3.6.5->ipywidgets>=7.0.0->qgridnext) (3.3.2)
2025-02-05T17:23:29.1262470Z Requirement already satisfied: urllib3<3,>=1.21.1 in /Users/runner/micromamba/envs/tardis/lib/python3.12/site-packages (from requests>=2.31->jupyterlab-server<3,>=2.27.1->notebook>=4.4.1->widgetsnbextension~=3.6.5->ipywidgets>=7.0.0->qgridnext) (2.2.2)
2025-02-05T17:23:29.1263740Z Requirement already satisfied: webencodings in /Users/runner/micromamba/envs/tardis/lib/python3.12/site-packages (from bleach!=5.0.0->nbconvert>=6.4.4->jupyter-server<3,>=2.4.0->notebook>=4.4.1->widgetsnbextension~=3.6.5->ipywidgets>=7.0.0->qgridnext) (0.5.1)
2025-02-05T17:23:29.1750420Z Requirement already satisfied: fqdn in /Users/runner/micromamba/envs/tardis/lib/python3.12/site-packages (from jsonschema[format-nongpl]>=4.18.0->jupyter-events>=0.9.0->jupyter-server<3,>=2.4.0->notebook>=4.4.1->widgetsnbextension~=3.6.5->ipywidgets>=7.0.0->qgridnext) (1.5.1)
2025-02-05T17:23:29.1851600Z Requirement already satisfied: isoduration in /Users/runner/micromamba/envs/tardis/lib/python3.12/site-packages (from jsonschema[format-nongpl]>=4.18.0->jupyter-events>=0.9.0->jupyter-server<3,>=2.4.0->notebook>=4.4.1->widgetsnbextension~=3.6.5->ipywidgets>=7.0.0->qgridnext) (20.11.0)
2025-02-05T17:23:29.1954950Z Requirement already satisfied: jsonpointer>1.13 in /Users/runner/micromamba/envs/tardis/lib/python3.12/site-packages (from jsonschema[format-nongpl]>=4.18.0->jupyter-events>=0.9.0->jupyter-server<3,>=2.4.0->notebook>=4.4.1->widgetsnbextension~=3.6.5->ipywidgets>=7.0.0->qgridnext) (3.0.0)
2025-02-05T17:23:29.2059300Z Requirement already satisfied: uri-template in /Users/runner/micromamba/envs/tardis/lib/python3.12/site-packages (from jsonschema[format-nongpl]>=4.18.0->jupyter-events>=0.9.0->jupyter-server<3,>=2.4.0->notebook>=4.4.1->widgetsnbextension~=3.6.5->ipywidgets>=7.0.0->qgridnext) (1.3.0)
2025-02-05T17:23:29.2160540Z Requirement already satisfied: webcolors>=1.11 in /Users/runner/micromamba/envs/tardis/lib/python3.12/site-packages (from jsonschema[format-nongpl]>=4.18.0->jupyter-events>=0.9.0->jupyter-server<3,>=2.4.0->notebook>=4.4.1->widgetsnbextension~=3.6.5->ipywidgets>=7.0.0->qgridnext) (24.6.0)
2025-02-05T17:23:29.2864270Z Requirement already satisfied: cffi>=1.0.1 in /Users/runner/micromamba/envs/tardis/lib/python3.12/site-packages (from argon2-cffi-bindings->argon2-cffi>=21.1->jupyter-server<3,>=2.4.0->notebook>=4.4.1->widgetsnbextension~=3.6.5->ipywidgets>=7.0.0->qgridnext) (1.16.0)
2025-02-05T17:23:29.2865840Z Requirement already satisfied: soupsieve>1.2 in /Users/runner/micromamba/envs/tardis/lib/python3.12/site-packages (from beautifulsoup4->nbconvert>=6.4.4->jupyter-server<3,>=2.4.0->notebook>=4.4.1->widgetsnbextension~=3.6.5->ipywidgets>=7.0.0->qgridnext) (2.5)
2025-02-05T17:23:29.3365400Z Requirement already satisfied: pycparser in /Users/runner/micromamba/envs/tardis/lib/python3.12/site-packages (from cffi>=1.0.1->argon2-cffi-bindings->argon2-cffi>=21.1->jupyter-server<3,>=2.4.0->notebook>=4.4.1->widgetsnbextension~=3.6.5->ipywidgets>=7.0.0->qgridnext) (2.22)
2025-02-05T17:23:29.3822020Z Requirement already satisfied: arrow>=0.15.0 in /Users/runner/micromamba/envs/tardis/lib/python3.12/site-packages (from isoduration->jsonschema[format-nongpl]>=4.18.0->jupyter-events>=0.9.0->jupyter-server<3,>=2.4.0->notebook>=4.4.1->widgetsnbextension~=3.6.5->ipywidgets>=7.0.0->qgridnext) (1.3.0)
2025-02-05T17:23:29.4111600Z Requirement already satisfied: types-python-dateutil>=2.8.10 in /Users/runner/micromamba/envs/tardis/lib/python3.12/site-packages (from arrow>=0.15.0->isoduration->jsonschema[format-nongpl]>=4.18.0->jupyter-events>=0.9.0->jupyter-server<3,>=2.4.0->notebook>=4.4.1->widgetsnbextension~=3.6.5->ipywidgets>=7.0.0->qgridnext) (2.9.0.20240316)
2025-02-05T17:23:29.4478490Z Downloading qgridnext-2.0.4-py3-none-any.whl (1.3 MB)
2025-02-05T17:23:29.5034570Z    ━━━━━━━━━━━━━━━━━━━━━━━━━━━━━━━━━━━━━━━━ 1.3/1.3 MB 23.4 MB/s eta 0:00:00
2025-02-05T17:23:30.0331810Z Installing collected packages: qgridnext
2025-02-05T17:23:30.5828560Z Successfully installed qgridnext-2.0.4
2025-02-05T17:23:30.8214670Z ##[group]Run pytest tardis --tardis-regression-data=/Users/runner/work/tardis/tardis/tardis-regression-data --cov=tardis --cov-report=xml --cov-report=html --cov-append -m "not continuum"
2025-02-05T17:23:30.8215770Z [36;1mpytest tardis --tardis-regression-data=/Users/runner/work/tardis/tardis/tardis-regression-data --cov=tardis --cov-report=xml --cov-report=html --cov-append -m "not continuum"[0m
2025-02-05T17:23:30.8272110Z shell: /bin/bash -l {0}
2025-02-05T17:23:30.8272340Z env:
2025-02-05T17:23:30.8272500Z   CACHE_NUMBER: 0
2025-02-05T17:23:30.8273020Z   PYTEST_FLAGS: --tardis-regression-data=/Users/runner/work/tardis/tardis/tardis-regression-data --cov=tardis --cov-report=xml --cov-report=html --cov-append
2025-02-05T17:23:30.8273790Z   CODECOV_TOKEN: ***
2025-02-05T17:23:30.8274130Z   MAMBA_ROOT_PREFIX: /Users/runner/micromamba
2025-02-05T17:23:30.8274430Z   MAMBA_EXE: /Users/runner/micromamba-bin/micromamba
2025-02-05T17:23:30.8274770Z   CONDARC: /Users/runner/work/_temp/setup-micromamba/.condarc
2025-02-05T17:23:30.8275040Z ##[endgroup]
2025-02-05T17:23:43.1557380Z ============================= test session starts ==============================
2025-02-05T17:23:43.1558070Z platform darwin -- Python 3.12.4, pytest-8.2.2, pluggy-1.5.0
2025-02-05T17:23:43.1558490Z rootdir: /Users/runner/work/tardis/tardis
2025-02-05T17:23:43.1558850Z configfile: pyproject.toml
2025-02-05T17:23:43.1559290Z plugins: cov-5.0.0, html-4.1.1, metadata-3.1.1, doctestplus-1.2.1, anyio-4.4.0
2025-02-05T17:23:43.1559670Z collected 1796 items / 2 deselected / 1794 selected
2025-02-05T17:23:43.1559920Z 
2025-02-05T17:23:46.3223480Z tardis/energy_input/tests/test_energy_source.py ..xxx                    [  0%]
2025-02-05T17:23:47.8753700Z tardis/energy_input/tests/test_gamma_ray_channel.py ...........          [  0%]
2025-02-05T17:23:48.9545740Z tardis/energy_input/tests/test_gamma_ray_grid.py xx.                     [  1%]
2025-02-05T17:23:49.9758900Z tardis/energy_input/tests/test_gamma_ray_interactions.py xx....          [  1%]
2025-02-05T17:23:49.9832220Z tardis/energy_input/tests/test_gamma_ray_packet_source.py sssssssss      [  1%]
2025-02-05T17:23:51.0590540Z tardis/energy_input/tests/test_util.py .....xxxx.....                    [  2%]
2025-02-05T17:23:51.3744370Z tardis/grid/tests/test_grid.py .                                         [  2%]
2025-02-05T17:23:51.3755700Z tardis/gui/tests/test_gui.py s                                           [  2%]
2025-02-05T17:23:54.4275510Z tardis/io/configuration/tests/test_config_reader.py ...........          [  3%]
2025-02-05T17:23:54.4365710Z tardis/io/configuration/tests/test_configuration_namespace.py .........  [  3%]
2025-02-05T17:23:54.4558610Z tardis/io/logger/tests/test_logging.py ssssssssssssssssssssssssssss      [  5%]
2025-02-05T17:24:22.2972510Z tardis/io/model/readers/tests/test_arepo_parser.py ..                    [  5%]
2025-02-05T17:24:22.3211610Z tardis/io/model/readers/tests/test_ascii_readers.py ...                  [  5%]
2025-02-05T17:24:22.3324900Z tardis/io/model/readers/tests/test_cmfgen_reader.py ..                   [  5%]
2025-02-05T17:24:22.3553620Z tardis/io/model/readers/tests/test_csvy_reader.py ....                   [  6%]
2025-02-05T17:24:22.3716380Z tardis/io/model/readers/tests/test_stella_reader.py ..                   [  6%]
2025-02-05T17:24:22.6260590Z tardis/io/tests/test_HDFWriter.py ...............                        [  7%]
2025-02-05T17:24:23.1913400Z tardis/io/tests/test_atomic.py .....                                     [  7%]
2025-02-05T17:24:23.2074210Z tardis/io/tests/test_decay.py ..                                         [  7%]
2025-02-05T17:24:23.3738330Z tardis/io/tests/test_model_reader.py ......                              [  7%]
2025-02-05T17:24:23.3838900Z tardis/model/geometry/tests/test_radial1d.py ..                          [  7%]
2025-02-05T17:24:49.9853300Z tardis/model/tests/test_base.py ........................................ [ 10%]
2025-02-05T17:24:50.7537860Z ............                                                             [ 10%]
2025-02-05T17:24:53.0082390Z tardis/model/tests/test_csvy_model.py .........                          [ 11%]
2025-02-05T17:24:53.0413290Z tardis/model/tests/test_density.py ..                                    [ 11%]
2025-02-05T17:24:54.1638280Z tardis/opacities/tests/test_opacity_solver.py .....                      [ 11%]
2025-02-05T17:24:55.1729230Z tardis/opacities/tests/test_opacity_state_numba.py .....                 [ 11%]
2025-02-05T17:24:56.8263520Z tardis/opacities/tests/test_tau_sobolev.py ..                            [ 12%]
2025-02-05T17:24:59.1888030Z tardis/plasma/equilibrium/tests/test_collisional_transitions.py ...      [ 12%]
2025-02-05T17:25:36.1347320Z tardis/plasma/equilibrium/tests/test_level_populations.py ....           [ 12%]
2025-02-05T17:25:46.1927950Z tardis/plasma/equilibrium/tests/test_rate_matrix.py .                    [ 12%]
2025-02-05T17:25:47.3177020Z tardis/plasma/tests/test_complete_plasmas.py .....................s..... [ 13%]
2025-02-05T17:25:49.5977750Z s....ssssss............s............ss.....s....ssssss............s..... [ 18%]
2025-02-05T17:25:50.9471830Z .......ss.....s....ssssss............s............ss.....s....ssssss.... [ 22%]
2025-02-05T17:25:53.4617810Z ........s............ss.....s........ss............s............ss.....s [ 26%]
2025-02-05T17:25:55.5499990Z ........ss............s............ss.....s....ssssss............s...... [ 30%]
2025-02-05T17:25:56.2049730Z ......ss.....s....ssssss............s............ss.....s.ss.ssssss..... [ 34%]
2025-02-05T17:25:58.4316770Z .......s............ss.....s....ssssss............s............ss.....s. [ 38%]
2025-02-05T17:26:00.7602900Z ...ssssss............s............ss.....s....ssssss............s....... [ 42%]
2025-02-05T17:26:03.0974750Z .....ss.....s....ssssss............s............s...........ssssss...... [ 46%]
2025-02-05T17:26:04.5683870Z ......s............s...........ssssss............s............s......... [ 50%]
2025-02-05T17:26:06.7504990Z ..ssssss............s............ss.....s....ssssss............s........ [ 54%]
2025-02-05T17:26:09.1631600Z ....ss.....s....ssssss..........................s.....s....ssss......... [ 58%]
2025-02-05T17:26:09.4303630Z ...................s.....s....ssss.......                                [ 60%]
2025-02-05T17:26:09.6260280Z tardis/plasma/tests/test_hdf_plasma.py ................................. [ 62%]
2025-02-05T17:26:09.6346780Z ......                                                                   [ 62%]
2025-02-05T17:26:10.3533930Z tardis/plasma/tests/test_nlte_excitation.py ...                          [ 62%]
2025-02-05T17:27:54.5482010Z tardis/plasma/tests/test_nlte_solver.py .....X                           [ 63%]
2025-02-05T17:27:54.5579700Z tardis/plasma/tests/test_plasma_continuum.py .                           [ 63%]
2025-02-05T17:28:16.9838660Z tardis/plasma/tests/test_plasma_vboundary.py .............               [ 63%]
2025-02-05T17:28:29.5953090Z tardis/plasma/tests/test_tardis_model_density_config.py ...              [ 64%]
2025-02-05T17:28:30.2325070Z tardis/simulation/tests/test_convergence.py .....                        [ 64%]
2025-02-05T17:28:37.2157990Z tardis/simulation/tests/test_simulation.py .............                 [ 65%]
2025-02-05T17:28:37.2562520Z tardis/spectrum/tests/test_cuda_formal_integral.py sssssssssssssssssssss [ 66%]
2025-02-05T17:28:37.5681140Z ssss...ssssssssssssssssssssss                                            [ 67%]
2025-02-05T17:28:37.5722980Z tardis/spectrum/tests/test_luminosity.py ....                            [ 68%]
2025-02-05T17:28:38.3965990Z tardis/spectrum/tests/test_numba_formal_integral.py .................... [ 69%]
2025-02-05T17:28:38.4071460Z ..........                                                               [ 69%]
2025-02-05T17:28:38.5107060Z tardis/spectrum/tests/test_spectrum.py ................................. [ 71%]
2025-02-05T17:28:38.5297870Z .........                                                                [ 72%]
2025-02-05T17:28:57.8692890Z tardis/spectrum/tests/test_spectrum_solver.py ....                       [ 72%]
2025-02-05T17:29:59.2478880Z tardis/tests/test_tardis_full.py ....                                    [ 72%]
2025-02-05T17:31:29.5558080Z tardis/tests/test_tardis_full_formal_integral.py ................        [ 73%]
2025-02-05T17:31:29.6039270Z tardis/tests/test_util.py .............................................  [ 75%]
2025-02-05T17:31:31.5036180Z tardis/transport/montecarlo/tests/test_base.py x.....................    [ 77%]
2025-02-05T17:31:36.0672860Z tardis/transport/montecarlo/tests/test_interaction.py .......            [ 77%]
2025-02-05T17:31:36.2052600Z tardis/transport/montecarlo/tests/test_macro_atom.py ....                [ 77%]
2025-02-05T17:31:36.2159050Z tardis/transport/montecarlo/tests/test_montecarlo.py sssssssssssssssssss [ 78%]
2025-02-05T17:31:36.2417530Z sssssssssssssssssssssssssssssssssssssssssssss                            [ 81%]
2025-02-05T17:31:42.5185510Z tardis/transport/montecarlo/tests/test_montecarlo_main_loop.py x..       [ 81%]
2025-02-05T17:31:42.5285320Z tardis/transport/montecarlo/tests/test_nonhomologous.py ...              [ 81%]
2025-02-05T17:31:44.3712920Z tardis/transport/montecarlo/tests/test_numba_interface.py .....x.        [ 82%]
2025-02-05T17:31:44.7033380Z tardis/transport/montecarlo/tests/test_opacities.py ...............      [ 82%]
2025-02-05T17:31:45.3456330Z tardis/transport/montecarlo/tests/test_packet.py .................xXXXXX [ 84%]
2025-02-05T17:31:45.4279810Z XX.........                                                              [ 84%]
2025-02-05T17:31:45.4494470Z tardis/transport/montecarlo/tests/test_packet_source.py ........         [ 85%]
2025-02-05T17:31:45.6338260Z tardis/transport/montecarlo/tests/test_rpacket_last_interaction_tracker.py . [ 85%]
2025-02-05T17:31:45.8735800Z .....                                                                    [ 85%]
2025-02-05T17:31:54.4919850Z tardis/transport/montecarlo/tests/test_rpacket_tracker.py ......         [ 85%]
2025-02-05T17:31:54.5120400Z tardis/transport/montecarlo/tests/test_single_packet_loop.py xxx         [ 86%]
2025-02-05T17:31:54.5146800Z tardis/transport/montecarlo/tests/test_tracker_utils.py ..               [ 86%]
2025-02-05T17:31:55.6840300Z tardis/transport/montecarlo/tests/test_vpacket.py ..x.                   [ 86%]
2025-02-05T17:31:55.6988360Z tardis/transport/montecarlo/tests/test_weighted_packet_source.py ....    [ 86%]
2025-02-05T17:31:58.4756050Z tardis/transport/montecarlo/tests/test_weighted_packet_source_integration.py . [ 86%]
2025-02-05T17:31:58.4756470Z                                                                          [ 86%]
2025-02-05T17:31:58.9687440Z tardis/transport/tests/test_doppler_factor.py ..................         [ 87%]
2025-02-05T17:32:00.4576870Z tardis/visualization/tools/tests/test_convergence_plot.py .............. [ 88%]
2025-02-05T17:32:01.9385020Z ......                                                                   [ 88%]
2025-02-05T17:32:05.0897710Z tardis/visualization/tools/tests/test_liv_plot.py ...................... [ 90%]
2025-02-05T17:32:08.0076890Z .............................                                            [ 91%]
2025-02-05T17:32:10.5697490Z tardis/visualization/tools/tests/test_rpacket_plot.py .................. [ 92%]
2025-02-05T17:32:17.0522780Z ....                                                                     [ 92%]
2025-02-05T17:32:21.3204280Z tardis/visualization/tools/tests/test_sdec_plot.py ..................... [ 94%]
2025-02-05T17:32:26.6159020Z ..............................                                           [ 95%]
2025-02-05T17:32:26.9437650Z tardis/visualization/widgets/tests/test_custom_abundance.py ........ss.. [ 96%]
2025-02-05T17:32:26.9864770Z ....                                                                     [ 96%]
2025-02-05T17:32:27.6514970Z tardis/visualization/widgets/tests/test_line_info.py ................... [ 97%]
2025-02-05T17:32:28.0853200Z ..................                                                       [ 98%]
2025-02-05T17:35:31.5643480Z tardis/visualization/widgets/tests/test_shell_info.py .................. [ 99%]
2025-02-05T17:35:38.7776080Z ......                                                                   [100%]
2025-02-05T17:35:38.7776680Z 
2025-02-05T17:35:38.7777070Z =============================== warnings summary ===============================
2025-02-05T17:35:38.7777770Z tardis/io/configuration/config_validator.py:6
2025-02-05T17:35:38.7778370Z tardis/io/configuration/config_validator.py:6
2025-02-05T17:35:38.7779020Z   /Users/runner/work/tardis/tardis/tardis/io/configuration/config_validator.py:6: DeprecationWarning:
2025-02-05T17:35:38.7779670Z   
2025-02-05T17:35:38.7780950Z   jsonschema.RefResolver is deprecated as of v4.18.0, in favor of the https://github.com/python-jsonschema/referencing library, which provides more compliant referencing behavior as well as more flexible APIs for customization. A future release will remove RefResolver. Please file a feature request (on referencing) if you are missing an API for the kind of customization you need.
2025-02-05T17:35:38.7789340Z 
2025-02-05T17:35:38.7789690Z ../../../micromamba/envs/tardis/lib/python3.12/site-packages/jupyter_client/connect.py:22
2025-02-05T17:35:38.7790440Z   /Users/runner/micromamba/envs/tardis/lib/python3.12/site-packages/jupyter_client/connect.py:22: DeprecationWarning:
2025-02-05T17:35:38.7790950Z   
2025-02-05T17:35:38.7791260Z   Jupyter is migrating its paths to use standard platformdirs
2025-02-05T17:35:38.7791710Z   given by the platformdirs library.  To remove this warning and
2025-02-05T17:35:38.7792090Z   see the appropriate new directories, set the environment variable
2025-02-05T17:35:38.7792820Z   `JUPYTER_PLATFORM_DIRS=1` and then run `jupyter --paths`.
2025-02-05T17:35:38.7793280Z   The use of platformdirs will be the default in `jupyter_core` v6
2025-02-05T17:35:38.7793580Z 
2025-02-05T17:35:38.7799870Z tardis/io/tests/test_HDFWriter.py::test_multi_index_write
2025-02-05T17:35:38.7800450Z tardis/visualization/widgets/tests/test_shell_info.py::TestHDFShellInfo::test_shells_data
2025-02-05T17:35:38.7801230Z   /Users/runner/work/tardis/tardis/tardis/io/util.py:276: PerformanceWarning:
2025-02-05T17:35:38.7801670Z   
2025-02-05T17:35:38.7801950Z   
2025-02-05T17:35:38.7802470Z   your performance may suffer as PyTables will pickle object types that it cannot
2025-02-05T17:35:38.7803090Z   map directly to c-types [inferred_type->mixed,key->block0_values] [items->Index([0], dtype='int64')]
2025-02-05T17:35:38.7803460Z 
2025-02-05T17:35:38.7803730Z tardis/io/tests/test_model_reader.py::test_read_cmfgen_isotope_abundances
2025-02-05T17:35:38.7804210Z tardis/plasma/tests/test_tardis_model_density_config.py::test_electron_densities
2025-02-05T17:35:38.7804920Z tardis/plasma/tests/test_tardis_model_density_config.py::test_isotope_number_densities
2025-02-05T17:35:38.7805460Z tardis/plasma/tests/test_tardis_model_density_config.py::test_t_rad
2025-02-05T17:35:38.7806180Z   /Users/runner/work/tardis/tardis/tardis/io/model/readers/cmfgen_deprecated.py:82: DeprecationWarning:
2025-02-05T17:35:38.7806700Z   
2025-02-05T17:35:38.7806980Z   The current CMFGEN model parser is deprecated
2025-02-05T17:35:38.7807200Z 
2025-02-05T17:35:38.7807370Z tardis/io/tests/test_model_reader.py: 1 warning
2025-02-05T17:35:38.7807770Z tardis/plasma/tests/test_tardis_model_density_config.py: 9 warnings
2025-02-05T17:35:38.7808360Z   /Users/runner/work/tardis/tardis/tardis/io/model/readers/cmfgen_deprecated.py:40: DeprecationWarning:
2025-02-05T17:35:38.7808870Z   
2025-02-05T17:35:38.7809160Z   The current CMFGEN model parser is deprecated
2025-02-05T17:35:38.7809410Z 
2025-02-05T17:35:38.7809650Z tardis/model/tests/test_base.py::TestModelFromPaper1Config::test_abundances
2025-02-05T17:35:38.7810300Z   /Users/runner/work/tardis/tardis/tardis/transport/montecarlo/montecarlo_main_loop.py:123: NumbaTypeSafetyWarning:
2025-02-05T17:35:38.7810890Z   
2025-02-05T17:35:38.7821930Z   [1m[1m[1munsafe cast from uint64 to int64. Precision may be lost.[0m[0m[0m
2025-02-05T17:35:38.7822370Z 
2025-02-05T17:35:38.7822560Z tardis/model/tests/test_base.py: 6 warnings
2025-02-05T17:35:38.7822970Z tardis/model/tests/test_csvy_model.py: 2 warnings
2025-02-05T17:35:38.7823380Z tardis/plasma/tests/test_tardis_model_density_config.py: 3 warnings
2025-02-05T17:35:38.7823980Z   /Users/runner/work/tardis/tardis/tardis/model/geometry/radial1d.py:50: DeprecationWarning:
2025-02-05T17:35:38.7824430Z   
2025-02-05T17:35:38.7824710Z   v_inner_boundary < 0, assuming default value
2025-02-05T17:35:38.7824920Z 
2025-02-05T17:35:38.7825000Z tardis/model/tests/test_base.py: 6 warnings
2025-02-05T17:35:38.7825360Z tardis/model/tests/test_csvy_model.py: 2 warnings
2025-02-05T17:35:38.7825800Z tardis/plasma/tests/test_tardis_model_density_config.py: 3 warnings
2025-02-05T17:35:38.7826630Z   /Users/runner/work/tardis/tardis/tardis/model/geometry/radial1d.py:61: DeprecationWarning:
2025-02-05T17:35:38.7827130Z   
2025-02-05T17:35:38.7827340Z   v_outer_boundary < 0, assuming default value
2025-02-05T17:35:38.7827560Z 
2025-02-05T17:35:38.7828030Z tardis/plasma/equilibrium/tests/test_level_populations.py::TestLevelPopulationSolver::test_solve[collisional_rate_solver0-radiative_transitions0]
2025-02-05T17:35:38.7828790Z   /Users/runner/work/tardis/tardis/tardis/plasma/equilibrium/level_populations.py:65: FutureWarning:
2025-02-05T17:35:38.7829290Z   
2025-02-05T17:35:38.7829700Z   A value is trying to be set on a copy of a DataFrame or Series through chained assignment using an inplace method.
2025-02-05T17:35:38.7830450Z   The behavior will change in pandas 3.0. This inplace method will never work because the intermediate object on which we are setting values always behaves as a copy.
2025-02-05T17:35:38.7831040Z   
2025-02-05T17:35:38.7831620Z   For example, when doing 'df[col].method(value, inplace=True)', try using 'df.method({col: value}, inplace=True)' or df[col] = df[col].method(value) instead, to perform the operation inplace on the original object.
2025-02-05T17:35:38.7832230Z 
2025-02-05T17:35:38.7832400Z tardis/plasma/tests/test_complete_plasmas.py: 20 warnings
2025-02-05T17:35:38.7832880Z   /Users/runner/work/tardis/tardis/tardis/plasma/tests/test_complete_plasmas.py:197: UserWarning:
2025-02-05T17:35:38.7833320Z   
2025-02-05T17:35:38.7833550Z   Property "atomic_mass" not found
2025-02-05T17:35:38.7833680Z 
2025-02-05T17:35:38.7834080Z tardis/plasma/tests/test_complete_plasmas.py::TestPlasma::test_plasma_properties[radiative_rates_type:detailed-w_epsilon:1e-10-j_blues_norm_factor]
2025-02-05T17:35:38.7834880Z tardis/plasma/tests/test_complete_plasmas.py::TestPlasma::test_plasma_properties[radiative_rates_type:detailed-j_blues_norm_factor]
2025-02-05T17:35:38.7835520Z   /Users/runner/work/tardis/tardis/tardis/plasma/tests/test_complete_plasmas.py:197: UserWarning:
2025-02-05T17:35:38.7835950Z   
2025-02-05T17:35:38.7836130Z   Property "j_blues_norm_factor" not found
2025-02-05T17:35:38.7836320Z 
2025-02-05T17:35:38.7836700Z tardis/plasma/tests/test_complete_plasmas.py::TestPlasma::test_plasma_properties[radiative_rates_type:detailed-w_epsilon:1e-10-j_blue_estimator]
2025-02-05T17:35:38.7837510Z tardis/plasma/tests/test_complete_plasmas.py::TestPlasma::test_plasma_properties[radiative_rates_type:detailed-j_blue_estimator]
2025-02-05T17:35:38.7838180Z   /Users/runner/work/tardis/tardis/tardis/plasma/tests/test_complete_plasmas.py:197: UserWarning:
2025-02-05T17:35:38.7838640Z   
2025-02-05T17:35:38.7838860Z   Property "j_blue_estimator" not found
2025-02-05T17:35:38.7839100Z 
2025-02-05T17:35:38.7839520Z tardis/plasma/tests/test_complete_plasmas.py::TestPlasma::test_plasma_properties[radiative_rates_type:detailed-w_epsilon:1e-10-volume]
2025-02-05T17:35:38.7840360Z tardis/plasma/tests/test_complete_plasmas.py::TestPlasma::test_plasma_properties[radiative_rates_type:detailed-volume]
2025-02-05T17:35:38.7841170Z   /Users/runner/work/tardis/tardis/tardis/plasma/tests/test_complete_plasmas.py:197: UserWarning:
2025-02-05T17:35:38.7841640Z   
2025-02-05T17:35:38.7842160Z   Property "volume" not found
2025-02-05T17:35:38.7842380Z 
2025-02-05T17:35:38.7842800Z tardis/plasma/tests/test_complete_plasmas.py::TestPlasma::test_plasma_properties[radiative_rates_type:detailed-w_epsilon:1e-10-r_inner]
2025-02-05T17:35:38.7843560Z tardis/plasma/tests/test_complete_plasmas.py::TestPlasma::test_plasma_properties[radiative_rates_type:detailed-r_inner]
2025-02-05T17:35:38.7844310Z   /Users/runner/work/tardis/tardis/tardis/plasma/tests/test_complete_plasmas.py:197: UserWarning:
2025-02-05T17:35:38.7844860Z   
2025-02-05T17:35:38.7845420Z   Property "r_inner" not found
2025-02-05T17:35:38.7845780Z 
2025-02-05T17:35:38.7845980Z tardis/plasma/tests/test_plasma_vboundary.py::test_plasma_vboundary[2900-3750]
2025-02-05T17:35:38.7846740Z tardis/plasma/tests/test_plasma_vboundary.py::test_plasma_vboundary[2900-3850]
2025-02-05T17:35:38.7847500Z tardis/plasma/tests/test_plasma_vboundary.py::test_plasma_vboundary[2900-3900]
2025-02-05T17:35:38.7848180Z   /Users/runner/work/tardis/tardis/tardis/model/geometry/radial1d.py:71: UserWarning:
2025-02-05T17:35:38.7848600Z   
2025-02-05T17:35:38.7867070Z   Requesting inner boundary below inner shell. Extrapolating the inner cell
2025-02-05T17:35:38.7867350Z 
2025-02-05T17:35:38.7867580Z tardis/spectrum/tests/test_spectrum_solver.py::TestSpectrumSolver::test_solve
2025-02-05T17:35:38.7868110Z   /Users/runner/work/tardis/tardis/tardis/spectrum/base.py:70: UserWarning:
2025-02-05T17:35:38.7868620Z   
2025-02-05T17:35:38.7869000Z   SpectrumSolver.spectrum_virtual_packets is zero. Please run the montecarlo simulation with no_of_virtual_packets > 0
2025-02-05T17:35:38.7869350Z 
2025-02-05T17:35:38.7869530Z tardis/spectrum/tests/test_spectrum_solver.py::TestSpectrumSolver::test_solve
2025-02-05T17:35:38.7869950Z   /Users/runner/work/tardis/tardis/tardis/spectrum/base.py:111: UserWarning:
2025-02-05T17:35:38.7870260Z   
2025-02-05T17:35:38.7870620Z   SpectrumSolver.integrator: The FormalIntegrator is not yet available.Please run the montecarlo simulation at least once.
2025-02-05T17:35:38.7870970Z 
2025-02-05T17:35:38.7871250Z tardis/transport/montecarlo/tests/test_vpacket.py::test_trace_vpacket_volley
2025-02-05T17:35:38.7871600Z   <string>:3: NumbaPendingDeprecationWarning:
2025-02-05T17:35:38.7871910Z   
2025-02-05T17:35:38.7874340Z   [1m[1mCode using Numba extension API maybe depending on 'old_style' error-capturing, which is deprecated and will be replaced by 'new_style' in a future release. See details at https://numba.readthedocs.io/en/latest/reference/deprecation.html#deprecation-of-old-style-numba-captured-errors
2025-02-05T17:35:38.7875340Z   Exception origin:
2025-02-05T17:35:38.7875720Z     File "/Users/runner/micromamba/envs/tardis/lib/python3.12/inspect.py", line 3180, in _bind
2025-02-05T17:35:38.7876130Z       raise TypeError(msg) from None
2025-02-05T17:35:38.7876450Z   [0m[0m
2025-02-05T17:35:38.7876580Z 
2025-02-05T17:35:38.7876930Z tardis/visualization/tools/tests/test_sdec_plot.py::TestSDECPlotter::test_mpl_image[plotter_generate_plot_mpl4]
2025-02-05T17:35:38.7877550Z   /Users/runner/work/tardis/tardis/tardis/visualization/tools/sdec_plot.py:1225: RuntimeWarning:
2025-02-05T17:35:38.7878000Z   
2025-02-05T17:35:38.7878800Z   More than 20 figures have been opened. Figures created through the pyplot interface (`matplotlib.pyplot.figure`) are retained until explicitly closed and may consume too much memory. (To control this warning, see the rcParam `figure.max_open_warning`). Consider using `matplotlib.pyplot.close()`.
2025-02-05T17:35:38.7879610Z 
2025-02-05T17:35:38.7879950Z tardis/visualization/widgets/tests/test_custom_abundance.py::TestCustomAbundanceWidget::test_update_input_item_value
2025-02-05T17:35:38.7880760Z tardis/visualization/widgets/tests/test_custom_abundance.py::TestCustomAbundanceWidget::test_update_input_item_value
2025-02-05T17:35:38.7881450Z tardis/visualization/widgets/tests/test_custom_abundance.py::TestCustomAbundanceWidget::test_update_input_item_value
2025-02-05T17:35:38.7882780Z tardis/visualization/widgets/tests/test_custom_abundance.py::TestCustomAbundanceWidget::test_update_input_item_value
2025-02-05T17:35:38.7883520Z tardis/visualization/widgets/tests/test_custom_abundance.py::TestCustomAbundanceWidget::test_update_input_item_value
2025-02-05T17:35:38.7884260Z tardis/visualization/widgets/tests/test_custom_abundance.py::TestCustomAbundanceWidget::test_update_input_item_value
2025-02-05T17:35:38.7884950Z   /Users/runner/micromamba/envs/tardis/lib/python3.12/site-packages/traitlets/traitlets.py:1385: DeprecationWarning:
2025-02-05T17:35:38.7885450Z   
2025-02-05T17:35:38.7885790Z   Passing unrecognized arguments to super(Checkbox).__init__(icon='lock').
2025-02-05T17:35:38.7886220Z   object.__init__() takes exactly one argument (the instance to initialize)
2025-02-05T17:35:38.7886770Z   This is deprecated in traitlets 4.2.This error will be raised in a future release of traitlets.
2025-02-05T17:35:38.7887230Z 
2025-02-05T17:35:38.7887530Z tardis/visualization/widgets/tests/test_custom_abundance.py::TestCustomAbundanceWidget::test_update_input_item_value
2025-02-05T17:35:38.7888270Z tardis/visualization/widgets/tests/test_custom_abundance.py::TestCustomAbundanceWidget::test_update_input_item_value
2025-02-05T17:35:38.7889000Z   /Users/runner/micromamba/envs/tardis/lib/python3.12/site-packages/traitlets/traitlets.py:1385: DeprecationWarning:
2025-02-05T17:35:38.7889570Z   
2025-02-05T17:35:38.7889800Z   Passing unrecognized arguments to super(FloatText).__init__(min=0).
2025-02-05T17:35:38.7890300Z   object.__init__() takes exactly one argument (the instance to initialize)
2025-02-05T17:35:38.7890820Z   This is deprecated in traitlets 4.2.This error will be raised in a future release of traitlets.
2025-02-05T17:35:38.7891100Z 
2025-02-05T17:35:38.7891440Z tardis/visualization/widgets/tests/test_custom_abundance.py::TestCustomAbundanceWidget::test_update_input_item_value
2025-02-05T17:35:38.7892190Z   /Users/runner/micromamba/envs/tardis/lib/python3.12/site-packages/traitlets/traitlets.py:1385: DeprecationWarning:
2025-02-05T17:35:38.7892650Z   
2025-02-05T17:35:38.7892920Z   Passing unrecognized arguments to super(HTML).__init__(indent=True).
2025-02-05T17:35:38.7893290Z   object.__init__() takes exactly one argument (the instance to initialize)
2025-02-05T17:35:38.7893850Z   This is deprecated in traitlets 4.2.This error will be raised in a future release of traitlets.
2025-02-05T17:35:38.7894160Z 
2025-02-05T17:35:38.7894610Z tardis/visualization/widgets/tests/test_line_info.py::TestLineInfoWidgetData::test_get_species_interactions[wavelength_range0-packet_out_nu]
2025-02-05T17:35:38.7895380Z   /Users/runner/micromamba/envs/tardis/lib/python3.12/site-packages/qgridnext/grid.py:825: DeprecationWarning:
2025-02-05T17:35:38.7895910Z   
2025-02-05T17:35:38.7896210Z   QgridWidget._grid_options_changed is deprecated in traitlets 4.1: use @observe and @unobserve instead.
2025-02-05T17:35:38.7896570Z 
2025-02-05T17:35:38.7896790Z tardis/visualization/widgets/tests/test_shell_info.py::TestHDFShellInfo::test_shells_data
2025-02-05T17:35:38.7897240Z   /Users/runner/work/tardis/tardis/tardis/io/util.py:289: PerformanceWarning:
2025-02-05T17:35:38.7897540Z   
2025-02-05T17:35:38.7897660Z   
2025-02-05T17:35:38.7897900Z   your performance may suffer as PyTables will pickle object types that it cannot
2025-02-05T17:35:38.7898450Z   map directly to c-types [inferred_type->mixed,key->block0_values] [items->Index([0], dtype='int64')]
2025-02-05T17:35:38.7898740Z 
2025-02-05T17:35:38.7898960Z tardis/visualization/widgets/tests/test_shell_info.py::TestHDFShellInfo::test_shells_data
2025-02-05T17:35:38.7899480Z   /Users/runner/work/tardis/tardis/tardis/io/util.py:292: PerformanceWarning:
2025-02-05T17:35:38.7899770Z   
2025-02-05T17:35:38.7899890Z   
2025-02-05T17:35:38.7900140Z   your performance may suffer as PyTables will pickle object types that it cannot
2025-02-05T17:35:38.7900520Z   map directly to c-types [inferred_type->mixed,key->values] [items->None]
2025-02-05T17:35:38.7900760Z 
2025-02-05T17:35:38.7901310Z tardis/visualization/widgets/tests/test_shell_info.py::TestHDFShellInfo::test_shells_data
2025-02-05T17:35:38.7901810Z   /Users/runner/work/tardis/tardis/tardis/spectrum/formal_integral.py:398: UserWarning:
2025-02-05T17:35:38.7902130Z   
2025-02-05T17:35:38.7902360Z   The number of interpolate_shells was not specified. The value was set to 80.
2025-02-05T17:35:38.7902600Z 
2025-02-05T17:35:38.7902770Z -- Docs: https://docs.pytest.org/en/stable/how-to/capture-warnings.html
2025-02-05T17:35:38.7903000Z 
2025-02-05T17:35:38.7903140Z ---------- coverage: platform darwin, python 3.12.4-final-0 ----------
2025-02-05T17:35:38.7903530Z Coverage HTML written to dir coverage_html_report
2025-02-05T17:35:38.7903780Z Coverage XML written to file coverage.xml
2025-02-05T17:35:38.7903920Z 
2025-02-05T17:35:38.7904120Z = 1438 passed, 329 skipped, 2 deselected, 19 xfailed, 8 xpassed, 91 warnings in 717.17s (0:11:57) =
2025-02-05T17:35:40.6318670Z ##[group]Run pytest tardis --tardis-regression-data=/Users/runner/work/tardis/tardis/tardis-regression-data --cov=tardis --cov-report=xml --cov-report=html --cov-append --generate-reference -m "not continuum"
2025-02-05T17:35:40.6319820Z [36;1mpytest tardis --tardis-regression-data=/Users/runner/work/tardis/tardis/tardis-regression-data --cov=tardis --cov-report=xml --cov-report=html --cov-append --generate-reference -m "not continuum"[0m
2025-02-05T17:35:40.6645980Z shell: /bin/bash -l {0}
2025-02-05T17:35:40.6646190Z env:
2025-02-05T17:35:40.6646340Z   CACHE_NUMBER: 0
2025-02-05T17:35:40.6646850Z   PYTEST_FLAGS: --tardis-regression-data=/Users/runner/work/tardis/tardis/tardis-regression-data --cov=tardis --cov-report=xml --cov-report=html --cov-append
2025-02-05T17:35:40.6648370Z   CODECOV_TOKEN: ***
2025-02-05T17:35:40.6648580Z   MAMBA_ROOT_PREFIX: /Users/runner/micromamba
2025-02-05T17:35:40.6648990Z   MAMBA_EXE: /Users/runner/micromamba-bin/micromamba
2025-02-05T17:35:40.6649320Z   CONDARC: /Users/runner/work/_temp/setup-micromamba/.condarc
2025-02-05T17:35:40.6649580Z ##[endgroup]
2025-02-05T17:35:49.0628070Z ============================= test session starts ==============================
2025-02-05T17:35:49.0628500Z platform darwin -- Python 3.12.4, pytest-8.2.2, pluggy-1.5.0
2025-02-05T17:35:49.0628810Z rootdir: /Users/runner/work/tardis/tardis
2025-02-05T17:35:49.0629120Z configfile: pyproject.toml
2025-02-05T17:35:49.0629420Z plugins: cov-5.0.0, html-4.1.1, metadata-3.1.1, doctestplus-1.2.1, anyio-4.4.0
2025-02-05T17:35:49.0629770Z collected 1796 items / 2 deselected / 1794 selected
2025-02-05T17:35:49.0629950Z 
2025-02-05T17:35:52.1363520Z tardis/energy_input/tests/test_energy_source.py ..xxx                    [  0%]
2025-02-05T17:35:53.8318840Z tardis/energy_input/tests/test_gamma_ray_channel.py ...........          [  0%]
2025-02-05T17:35:54.8393260Z tardis/energy_input/tests/test_gamma_ray_grid.py xx.                     [  1%]
2025-02-05T17:35:55.8040130Z tardis/energy_input/tests/test_gamma_ray_interactions.py xx....          [  1%]
2025-02-05T17:35:55.8096890Z tardis/energy_input/tests/test_gamma_ray_packet_source.py sssssssss      [  1%]
2025-02-05T17:35:56.7484610Z tardis/energy_input/tests/test_util.py .....xxxx.....                    [  2%]
2025-02-05T17:35:56.9813840Z tardis/grid/tests/test_grid.py .                                         [  2%]
2025-02-05T17:35:56.9822740Z tardis/gui/tests/test_gui.py s                                           [  2%]
2025-02-05T17:35:59.6739000Z tardis/io/configuration/tests/test_config_reader.py ...........          [  3%]
2025-02-05T17:35:59.6967070Z tardis/io/configuration/tests/test_configuration_namespace.py .........  [  3%]
2025-02-05T17:35:59.7165830Z tardis/io/logger/tests/test_logging.py ssssssssssssssssssssssssssss      [  5%]
2025-02-05T17:35:59.7180710Z tardis/io/model/readers/tests/test_arepo_parser.py ss                    [  5%]
2025-02-05T17:35:59.7305870Z tardis/io/model/readers/tests/test_ascii_readers.py ...                  [  5%]
2025-02-05T17:35:59.7387330Z tardis/io/model/readers/tests/test_cmfgen_reader.py ..                   [  5%]
2025-02-05T17:35:59.7604820Z tardis/io/model/readers/tests/test_csvy_reader.py ....                   [  6%]
2025-02-05T17:35:59.7766010Z tardis/io/model/readers/tests/test_stella_reader.py ..                   [  6%]
2025-02-05T17:35:59.9964400Z tardis/io/tests/test_HDFWriter.py ...............                        [  7%]
2025-02-05T17:36:00.3439130Z tardis/io/tests/test_atomic.py .....                                     [  7%]
2025-02-05T17:36:00.3562730Z tardis/io/tests/test_decay.py ..                                         [  7%]
2025-02-05T17:36:00.4913080Z tardis/io/tests/test_model_reader.py ......                              [  7%]
2025-02-05T17:36:00.4971520Z tardis/model/geometry/tests/test_radial1d.py ..                          [  7%]
2025-02-05T17:36:23.6465300Z tardis/model/tests/test_base.py ........................................ [ 10%]
2025-02-05T17:36:24.3164120Z ............                                                             [ 10%]
2025-02-05T17:36:26.4156340Z tardis/model/tests/test_csvy_model.py .........                          [ 11%]
2025-02-05T17:36:26.4488450Z tardis/model/tests/test_density.py ..                                    [ 11%]
2025-02-05T17:36:27.7238860Z tardis/opacities/tests/test_opacity_solver.py .....                      [ 11%]
2025-02-05T17:36:28.6829480Z tardis/opacities/tests/test_opacity_state_numba.py .....                 [ 11%]
2025-02-05T17:36:29.8363080Z tardis/opacities/tests/test_tau_sobolev.py ss                            [ 12%]
2025-02-05T17:36:31.8274330Z tardis/plasma/equilibrium/tests/test_collisional_transitions.py ...      [ 12%]
2025-02-05T17:37:03.1884670Z tardis/plasma/equilibrium/tests/test_level_populations.py ...s           [ 12%]
2025-02-05T17:37:11.0803030Z tardis/plasma/equilibrium/tests/test_rate_matrix.py s                    [ 12%]
2025-02-05T17:37:12.1317270Z tardis/plasma/tests/test_complete_plasmas.py sssssssssssssssssssssssssss [ 13%]
2025-02-05T17:37:14.1271350Z ssssssssssssssssssssssssssssssssssssssssssssssssssssssssssssssssssssssss [ 18%]
2025-02-05T17:37:15.0670940Z ssssssssssssssssssssssssssssssssssssssssssssssssssssssssssssssssssssssss [ 22%]
2025-02-05T17:37:16.9923750Z ssssssssssssssssssssssssssssssssssssssssssssssssssssssssssssssssssssssss [ 26%]
2025-02-05T17:37:18.7745780Z ssssssssssssssssssssssssssssssssssssssssssssssssssssssssssssssssssssssss [ 30%]
2025-02-05T17:37:19.3320660Z ssssssssssssssssssssssssssssssssssssssssssssssssssssssssssssssssssssssss [ 34%]
2025-02-05T17:37:21.1206330Z ssssssssssssssssssssssssssssssssssssssssssssssssssssssssssssssssssssssss [ 38%]
2025-02-05T17:37:23.1116550Z ssssssssssssssssssssssssssssssssssssssssssssssssssssssssssssssssssssssss [ 42%]
2025-02-05T17:37:25.0153020Z ssssssssssssssssssssssssssssssssssssssssssssssssssssssssssssssssssssssss [ 46%]
2025-02-05T17:37:26.2077190Z ssssssssssssssssssssssssssssssssssssssssssssssssssssssssssssssssssssssss [ 50%]
2025-02-05T17:37:28.0352010Z ssssssssssssssssssssssssssssssssssssssssssssssssssssssssssssssssssssssss [ 54%]
2025-02-05T17:37:30.1877390Z ssssssssssssssssssssssssssssssssssssssssssssssssssssssssssssssssssssssss [ 58%]
2025-02-05T17:37:30.2255750Z sssssssssssssssssssssssssssssssssssssssss                                [ 60%]
2025-02-05T17:37:30.3909030Z tardis/plasma/tests/test_hdf_plasma.py sssssssss..sssssssssss.ssssssssss [ 62%]
2025-02-05T17:37:30.4010530Z ssssss                                                                   [ 62%]
2025-02-05T17:37:30.5321880Z tardis/plasma/tests/test_nlte_excitation.py sss                          [ 62%]
2025-02-05T17:38:59.7739140Z tardis/plasma/tests/test_nlte_solver.py ss...X                           [ 63%]
2025-02-05T17:38:59.7770920Z tardis/plasma/tests/test_plasma_continuum.py s                           [ 63%]
2025-02-05T17:39:18.7955280Z tardis/plasma/tests/test_plasma_vboundary.py .............               [ 63%]
2025-02-05T17:39:28.6475160Z tardis/plasma/tests/test_tardis_model_density_config.py sss              [ 64%]
2025-02-05T17:39:29.1701980Z tardis/simulation/tests/test_convergence.py .....                        [ 64%]
2025-02-05T17:39:35.2151790Z tardis/simulation/tests/test_simulation.py ssssssssss...                 [ 65%]
2025-02-05T17:39:35.2311070Z tardis/spectrum/tests/test_cuda_formal_integral.py sssssssssssssssssssss [ 66%]
2025-02-05T17:39:35.5074760Z ssss...ssssssssssssssssssssss                                            [ 67%]
2025-02-05T17:39:35.5118510Z tardis/spectrum/tests/test_luminosity.py ....                            [ 68%]
2025-02-05T17:39:36.3164130Z tardis/spectrum/tests/test_numba_formal_integral.py .................... [ 69%]
2025-02-05T17:39:36.3280430Z ..........                                                               [ 69%]
2025-02-05T17:39:37.1370670Z tardis/spectrum/tests/test_spectrum.py ................................. [ 71%]
2025-02-05T17:39:37.1606910Z .........                                                                [ 72%]
2025-02-05T17:43:03.3703060Z tardis/spectrum/tests/test_spectrum_solver.py ssss                       [ 72%]
2025-02-05T17:47:02.6381440Z tardis/tests/test_tardis_full.py .sss                                    [ 72%]
2025-02-05T17:48:32.4895770Z tardis/tests/test_tardis_full_formal_integral.py ssssssssssssssss        [ 73%]
2025-02-05T17:48:32.5434970Z tardis/tests/test_util.py .............................................  [ 75%]
2025-02-05T17:48:34.5361570Z tardis/transport/montecarlo/tests/test_base.py x.....................    [ 77%]
2025-02-05T17:48:39.7112950Z tardis/transport/montecarlo/tests/test_interaction.py .......            [ 77%]
2025-02-05T17:48:39.8628810Z tardis/transport/montecarlo/tests/test_macro_atom.py ....                [ 77%]
2025-02-05T17:48:39.8730940Z tardis/transport/montecarlo/tests/test_montecarlo.py sssssssssssssssssss [ 78%]
2025-02-05T17:48:39.8983990Z sssssssssssssssssssssssssssssssssssssssssssss                            [ 81%]
2025-02-05T17:54:56.0053200Z tardis/transport/montecarlo/tests/test_montecarlo_main_loop.py xss       [ 81%]
2025-02-05T17:54:56.0111170Z tardis/transport/montecarlo/tests/test_nonhomologous.py ...              [ 81%]
2025-02-05T17:54:58.7067340Z tardis/transport/montecarlo/tests/test_numba_interface.py .....x.        [ 82%]
2025-02-05T17:54:59.0515630Z tardis/transport/montecarlo/tests/test_opacities.py ...............      [ 82%]
2025-02-05T17:54:59.7607760Z tardis/transport/montecarlo/tests/test_packet.py .................xXXXXX [ 84%]
2025-02-05T17:54:59.8568450Z XX.........                                                              [ 84%]
2025-02-05T17:54:59.8913820Z tardis/transport/montecarlo/tests/test_packet_source.py ssssssss         [ 85%]
2025-02-05T17:55:00.1067590Z tardis/transport/montecarlo/tests/test_rpacket_last_interaction_tracker.py . [ 85%]
2025-02-05T17:55:00.3827480Z .....                                                                    [ 85%]
2025-02-05T17:55:09.4104830Z tardis/transport/montecarlo/tests/test_rpacket_tracker.py ....s.         [ 85%]
2025-02-05T17:55:09.4314200Z tardis/transport/montecarlo/tests/test_single_packet_loop.py xxx         [ 86%]
2025-02-05T17:55:09.4333500Z tardis/transport/montecarlo/tests/test_tracker_utils.py ..               [ 86%]
2025-02-05T17:55:10.6469820Z tardis/transport/montecarlo/tests/test_vpacket.py ..x.                   [ 86%]
2025-02-05T17:55:10.6614490Z tardis/transport/montecarlo/tests/test_weighted_packet_source.py ssss    [ 86%]
2025-02-05T17:55:13.1328650Z tardis/transport/montecarlo/tests/test_weighted_packet_source_integration.py . [ 86%]
2025-02-05T17:55:13.1329090Z                                                                          [ 86%]
2025-02-05T17:55:13.6312420Z tardis/transport/tests/test_doppler_factor.py ..................         [ 87%]
2025-02-05T17:55:15.2030140Z tardis/visualization/tools/tests/test_convergence_plot.py .............. [ 88%]
2025-02-05T17:55:16.7172470Z ......                                                                   [ 88%]
2025-02-05T17:55:20.4230580Z tardis/visualization/tools/tests/test_liv_plot.py ssssssssssssssssssssss [ 90%]
2025-02-05T17:55:23.0265290Z sssssssssssssssssssssssssssss                                            [ 91%]
2025-02-05T17:55:25.7504640Z tardis/visualization/tools/tests/test_rpacket_plot.py .................. [ 92%]
2025-02-05T17:55:32.5113530Z ....                                                                     [ 92%]
2025-02-05T17:55:36.9689310Z tardis/visualization/tools/tests/test_sdec_plot.py sssssssssssssssssssss [ 94%]
2025-02-05T17:55:43.7848670Z ssssssssssssssssssssssssssssss                                           [ 95%]
2025-02-05T17:55:44.1235640Z tardis/visualization/widgets/tests/test_custom_abundance.py ........ss.. [ 96%]
2025-02-05T17:55:44.1639820Z ....                                                                     [ 96%]
2025-02-05T17:55:44.9023340Z tardis/visualization/widgets/tests/test_line_info.py ................... [ 97%]
2025-02-05T17:55:45.3799900Z ..................                                                       [ 98%]
2025-02-05T17:58:51.5967380Z tardis/visualization/widgets/tests/test_shell_info.py .................. [ 99%]
2025-02-05T17:58:56.5754400Z ......                                                                   [100%]
2025-02-05T17:58:56.5754790Z 
2025-02-05T17:58:56.5758020Z =============================== warnings summary ===============================
2025-02-05T17:58:56.5758640Z tardis/io/configuration/config_validator.py:6
2025-02-05T17:58:56.5758980Z tardis/io/configuration/config_validator.py:6
2025-02-05T17:58:56.5761150Z   /Users/runner/work/tardis/tardis/tardis/io/configuration/config_validator.py:6: DeprecationWarning:
2025-02-05T17:58:56.5761710Z   
2025-02-05T17:58:56.5763180Z   jsonschema.RefResolver is deprecated as of v4.18.0, in favor of the https://github.com/python-jsonschema/referencing library, which provides more compliant referencing behavior as well as more flexible APIs for customization. A future release will remove RefResolver. Please file a feature request (on referencing) if you are missing an API for the kind of customization you need.
2025-02-05T17:58:56.5764510Z 
2025-02-05T17:58:56.5764760Z ../../../micromamba/envs/tardis/lib/python3.12/site-packages/jupyter_client/connect.py:22
2025-02-05T17:58:56.5765450Z   /Users/runner/micromamba/envs/tardis/lib/python3.12/site-packages/jupyter_client/connect.py:22: DeprecationWarning:
2025-02-05T17:58:56.5765930Z   
2025-02-05T17:58:56.5766220Z   Jupyter is migrating its paths to use standard platformdirs
2025-02-05T17:58:56.5766580Z   given by the platformdirs library.  To remove this warning and
2025-02-05T17:58:56.5767000Z   see the appropriate new directories, set the environment variable
2025-02-05T17:58:56.5767430Z   `JUPYTER_PLATFORM_DIRS=1` and then run `jupyter --paths`.
2025-02-05T17:58:56.5767750Z   The use of platformdirs will be the default in `jupyter_core` v6
2025-02-05T17:58:56.5768040Z 
2025-02-05T17:58:56.5768200Z tardis/io/tests/test_HDFWriter.py: 1 warning
2025-02-05T17:58:56.5768510Z tardis/plasma/tests/test_complete_plasmas.py: 20 warnings
2025-02-05T17:58:56.5768900Z tardis/spectrum/tests/test_spectrum_solver.py: 1 warning
2025-02-05T17:58:56.5769230Z tardis/tests/test_tardis_full.py: 1 warning
2025-02-05T17:58:56.5769630Z tardis/transport/montecarlo/tests/test_montecarlo_main_loop.py: 2 warnings
2025-02-05T17:58:56.5770060Z tardis/visualization/widgets/tests/test_shell_info.py: 1 warning
2025-02-05T17:58:56.5770550Z   /Users/runner/work/tardis/tardis/tardis/io/util.py:276: PerformanceWarning:
2025-02-05T17:58:56.5770890Z   
2025-02-05T17:58:56.5771090Z   
2025-02-05T17:58:56.5771360Z   your performance may suffer as PyTables will pickle object types that it cannot
2025-02-05T17:58:56.5771890Z   map directly to c-types [inferred_type->mixed,key->block0_values] [items->Index([0], dtype='int64')]
2025-02-05T17:58:56.5772220Z 
2025-02-05T17:58:56.5772690Z tardis/io/tests/test_model_reader.py::test_read_cmfgen_isotope_abundances
2025-02-05T17:58:56.5773150Z tardis/plasma/tests/test_tardis_model_density_config.py::test_electron_densities
2025-02-05T17:58:56.5773710Z tardis/plasma/tests/test_tardis_model_density_config.py::test_isotope_number_densities
2025-02-05T17:58:56.5774150Z tardis/plasma/tests/test_tardis_model_density_config.py::test_t_rad
2025-02-05T17:58:56.5774750Z   /Users/runner/work/tardis/tardis/tardis/io/model/readers/cmfgen_deprecated.py:82: DeprecationWarning:
2025-02-05T17:58:56.5775170Z   
2025-02-05T17:58:56.5775480Z   The current CMFGEN model parser is deprecated
2025-02-05T17:58:56.5775750Z 
2025-02-05T17:58:56.5775900Z tardis/io/tests/test_model_reader.py: 1 warning
2025-02-05T17:58:56.5776290Z tardis/plasma/tests/test_tardis_model_density_config.py: 9 warnings
2025-02-05T17:58:56.5776920Z   /Users/runner/work/tardis/tardis/tardis/io/model/readers/cmfgen_deprecated.py:40: DeprecationWarning:
2025-02-05T17:58:56.5777410Z   
2025-02-05T17:58:56.5787950Z   The current CMFGEN model parser is deprecated
2025-02-05T17:58:56.5799320Z 
2025-02-05T17:58:56.5800490Z tardis/model/tests/test_base.py::TestModelFromPaper1Config::test_abundances
2025-02-05T17:58:56.5801250Z   /Users/runner/work/tardis/tardis/tardis/transport/montecarlo/montecarlo_main_loop.py:123: NumbaTypeSafetyWarning:
2025-02-05T17:58:56.5801820Z   
2025-02-05T17:58:56.5805190Z   [1m[1m[1munsafe cast from uint64 to int64. Precision may be lost.[0m[0m[0m
2025-02-05T17:58:56.5805450Z 
2025-02-05T17:58:56.5805610Z tardis/model/tests/test_base.py: 6 warnings
2025-02-05T17:58:56.5806030Z tardis/model/tests/test_csvy_model.py: 2 warnings
2025-02-05T17:58:56.5806490Z tardis/plasma/tests/test_tardis_model_density_config.py: 3 warnings
2025-02-05T17:58:56.5807170Z   /Users/runner/work/tardis/tardis/tardis/model/geometry/radial1d.py:50: DeprecationWarning:
2025-02-05T17:58:56.5807600Z   
2025-02-05T17:58:56.5807850Z   v_inner_boundary < 0, assuming default value
2025-02-05T17:58:56.5808100Z 
2025-02-05T17:58:56.5808210Z tardis/model/tests/test_base.py: 6 warnings
2025-02-05T17:58:56.5808690Z tardis/model/tests/test_csvy_model.py: 2 warnings
2025-02-05T17:58:56.5809150Z tardis/plasma/tests/test_tardis_model_density_config.py: 3 warnings
2025-02-05T17:58:56.5809720Z   /Users/runner/work/tardis/tardis/tardis/model/geometry/radial1d.py:61: DeprecationWarning:
2025-02-05T17:58:56.5810210Z   
2025-02-05T17:58:56.5810420Z   v_outer_boundary < 0, assuming default value
2025-02-05T17:58:56.5810660Z 
2025-02-05T17:58:56.5811120Z tardis/plasma/equilibrium/tests/test_level_populations.py::TestLevelPopulationSolver::test_solve[collisional_rate_solver0-radiative_transitions0]
2025-02-05T17:58:56.5812090Z   /Users/runner/work/tardis/tardis/tardis/plasma/equilibrium/level_populations.py:65: FutureWarning:
2025-02-05T17:58:56.5812640Z   
2025-02-05T17:58:56.5813230Z   A value is trying to be set on a copy of a DataFrame or Series through chained assignment using an inplace method.
2025-02-05T17:58:56.5814150Z   The behavior will change in pandas 3.0. This inplace method will never work because the intermediate object on which we are setting values always behaves as a copy.
2025-02-05T17:58:56.5814940Z   
2025-02-05T17:58:56.5815530Z   For example, when doing 'df[col].method(value, inplace=True)', try using 'df.method({col: value}, inplace=True)' or df[col] = df[col].method(value) instead, to perform the operation inplace on the original object.
2025-02-05T17:58:56.5816100Z 
2025-02-05T17:58:56.5816610Z tardis/plasma/equilibrium/tests/test_level_populations.py::TestLevelPopulationSolver::test_solve[collisional_rate_solver0-radiative_transitions0]
2025-02-05T17:58:56.5817450Z tardis/plasma/equilibrium/tests/test_rate_matrix.py::test_rate_matrix_solver[collisional_rate_solver0-radiative_transitions0]
2025-02-05T17:58:56.5818280Z   /Users/runner/work/tardis/tardis/tardis/tests/fixtures/regression_data.py:82: PerformanceWarning:
2025-02-05T17:58:56.5818750Z   
2025-02-05T17:58:56.5818920Z   
2025-02-05T17:58:56.5819280Z   your performance may suffer as PyTables will pickle object types that it cannot
2025-02-05T17:58:56.5819830Z   map directly to c-types [inferred_type->integer,key->axis0] [items->None]
2025-02-05T17:58:56.5820100Z 
2025-02-05T17:58:56.5820520Z tardis/plasma/equilibrium/tests/test_level_populations.py::TestLevelPopulationSolver::test_solve[collisional_rate_solver0-radiative_transitions0]
2025-02-05T17:58:56.5821850Z tardis/plasma/equilibrium/tests/test_rate_matrix.py::test_rate_matrix_solver[collisional_rate_solver0-radiative_transitions0]
2025-02-05T17:58:56.5822890Z   /Users/runner/work/tardis/tardis/tardis/tests/fixtures/regression_data.py:82: PerformanceWarning:
2025-02-05T17:58:56.5823530Z   
2025-02-05T17:58:56.5824030Z   
2025-02-05T17:58:56.5824550Z   your performance may suffer as PyTables will pickle object types that it cannot
2025-02-05T17:58:56.5825230Z   map directly to c-types [inferred_type->integer,key->block0_items] [items->None]
2025-02-05T17:58:56.5825630Z 
2025-02-05T17:58:56.5826810Z tardis/plasma/equilibrium/tests/test_rate_matrix.py::test_rate_matrix_solver[collisional_rate_solver0-radiative_transitions0]
2025-02-05T17:58:56.5846500Z   /Users/runner/work/tardis/tardis/tardis/tests/fixtures/regression_data.py:82: PerformanceWarning:
2025-02-05T17:58:56.5846890Z   
2025-02-05T17:58:56.5847020Z   
2025-02-05T17:58:56.5847300Z   your performance may suffer as PyTables will pickle object types that it cannot
2025-02-05T17:58:56.5847900Z   map directly to c-types [inferred_type->mixed,key->block0_values] [items->Index([0, 1, 2, 3, 4, 5, 6, 7, 8, 9, 10, 11, 12, 13, 14, 15, 16, 17, 18, 19], dtype='object')]
2025-02-05T17:58:56.5848320Z 
2025-02-05T17:58:56.5848460Z tardis/plasma/tests/test_complete_plasmas.py: 20 warnings
2025-02-05T17:58:56.5848940Z tardis/spectrum/tests/test_spectrum_solver.py: 1 warning
2025-02-05T17:58:56.5849280Z tardis/tests/test_tardis_full.py: 1 warning
2025-02-05T17:58:56.5849760Z tardis/transport/montecarlo/tests/test_montecarlo_main_loop.py: 2 warnings
2025-02-05T17:58:56.5850280Z tardis/visualization/widgets/tests/test_shell_info.py: 1 warning
2025-02-05T17:58:56.5850680Z   /Users/runner/work/tardis/tardis/tardis/io/util.py:289: PerformanceWarning:
2025-02-05T17:58:56.5851180Z   
2025-02-05T17:58:56.5851380Z   
2025-02-05T17:58:56.5851790Z   your performance may suffer as PyTables will pickle object types that it cannot
2025-02-05T17:58:56.5852300Z   map directly to c-types [inferred_type->mixed,key->block0_values] [items->Index([0], dtype='int64')]
2025-02-05T17:58:56.5852650Z 
2025-02-05T17:58:56.5852960Z tardis/plasma/tests/test_complete_plasmas.py::TestPlasma::test_plasma_properties[ionization:nebular-beta_rad]
2025-02-05T17:58:56.5853690Z tardis/plasma/tests/test_complete_plasmas.py::TestPlasma::test_plasma_properties[helium_treatment:recomb-nlte-beta_rad]
2025-02-05T17:58:56.5854410Z tardis/plasma/tests/test_complete_plasmas.py::TestPlasma::test_plasma_properties[helium_treatment:recomb-nlte-delta_treatment:0.5-beta_rad]
2025-02-05T17:58:56.5855380Z   /Users/runner/work/tardis/tardis/tardis/io/util.py:280: PerformanceWarning:
2025-02-05T17:58:56.5855700Z   
2025-02-05T17:58:56.5855940Z   
2025-02-05T17:58:56.5856300Z   your performance may suffer as PyTables will pickle object types that it cannot
2025-02-05T17:58:56.5856840Z   map directly to c-types [inferred_type->floating,key->axis0] [items->None]
2025-02-05T17:58:56.5857110Z 
2025-02-05T17:58:56.5857380Z tardis/plasma/tests/test_complete_plasmas.py::TestPlasma::test_plasma_properties[ionization:nebular-beta_rad]
2025-02-05T17:58:56.5858090Z tardis/plasma/tests/test_complete_plasmas.py::TestPlasma::test_plasma_properties[helium_treatment:recomb-nlte-beta_rad]
2025-02-05T17:58:56.5858880Z tardis/plasma/tests/test_complete_plasmas.py::TestPlasma::test_plasma_properties[helium_treatment:recomb-nlte-delta_treatment:0.5-beta_rad]
2025-02-05T17:58:56.5859840Z   /Users/runner/work/tardis/tardis/tardis/io/util.py:280: PerformanceWarning:
2025-02-05T17:58:56.5860250Z   
2025-02-05T17:58:56.5860420Z   
2025-02-05T17:58:56.5860770Z   your performance may suffer as PyTables will pickle object types that it cannot
2025-02-05T17:58:56.5861240Z   map directly to c-types [inferred_type->floating,key->block0_items] [items->None]
2025-02-05T17:58:56.5861560Z 
2025-02-05T17:58:56.5861760Z tardis/plasma/tests/test_complete_plasmas.py: 20 warnings
2025-02-05T17:58:56.5862110Z tardis/spectrum/tests/test_spectrum_solver.py: 1 warning
2025-02-05T17:58:56.5862420Z tardis/tests/test_tardis_full.py: 1 warning
2025-02-05T17:58:56.5862750Z tardis/tests/test_tardis_full_formal_integral.py: 4 warnings
2025-02-05T17:58:56.5863240Z tardis/transport/montecarlo/tests/test_montecarlo_main_loop.py: 2 warnings
2025-02-05T17:58:56.5863750Z tardis/visualization/widgets/tests/test_shell_info.py: 1 warning
2025-02-05T17:58:56.5864290Z   /Users/runner/work/tardis/tardis/tardis/io/util.py:292: PerformanceWarning:
2025-02-05T17:58:56.5864780Z   
2025-02-05T17:58:56.5864950Z   
2025-02-05T17:58:56.5865310Z   your performance may suffer as PyTables will pickle object types that it cannot
2025-02-05T17:58:56.5866780Z   map directly to c-types [inferred_type->mixed,key->values] [items->None]
2025-02-05T17:58:56.5867040Z 
2025-02-05T17:58:56.5867330Z tardis/plasma/tests/test_plasma_vboundary.py::test_plasma_vboundary[2900-3750]
2025-02-05T17:58:56.5867890Z tardis/plasma/tests/test_plasma_vboundary.py::test_plasma_vboundary[2900-3850]
2025-02-05T17:58:56.5868360Z tardis/plasma/tests/test_plasma_vboundary.py::test_plasma_vboundary[2900-3900]
2025-02-05T17:58:56.5868980Z   /Users/runner/work/tardis/tardis/tardis/model/geometry/radial1d.py:71: UserWarning:
2025-02-05T17:58:56.5869340Z   
2025-02-05T17:58:56.5869720Z   Requesting inner boundary below inner shell. Extrapolating the inner cell
2025-02-05T17:58:56.5869990Z 
2025-02-05T17:58:56.5870190Z tardis/spectrum/tests/test_spectrum_solver.py::TestSpectrumSolver::test_initialization
2025-02-05T17:58:56.5870730Z tardis/tests/test_tardis_full.py::TestTransportSimple::test_j_blue_estimators
2025-02-05T17:58:56.5871300Z tardis/transport/montecarlo/tests/test_montecarlo_main_loop.py::test_montecarlo_main_loop
2025-02-05T17:58:56.5871890Z tardis/transport/montecarlo/tests/test_montecarlo_main_loop.py::test_montecarlo_main_loop_vpacket_log
2025-02-05T17:58:56.5872550Z tardis/visualization/widgets/tests/test_shell_info.py::TestHDFShellInfo::test_shells_data
2025-02-05T17:58:56.5873090Z   /Users/runner/work/tardis/tardis/tardis/spectrum/formal_integral.py:398: UserWarning:
2025-02-05T17:58:56.5873520Z   
2025-02-05T17:58:56.5873750Z   The number of interpolate_shells was not specified. The value was set to 80.
2025-02-05T17:58:56.5874080Z 
2025-02-05T17:58:56.5876720Z tardis/tests/test_tardis_full_formal_integral.py::TestTransportSimpleFormalIntegral::test_simulation[-1-downbranch]
2025-02-05T17:58:56.5877510Z tardis/tests/test_tardis_full_formal_integral.py::TestTransportSimpleFormalIntegral::test_simulation[-1-macroatom]
2025-02-05T17:58:56.5878180Z tardis/tests/test_tardis_full_formal_integral.py::TestTransportSimpleFormalIntegral::test_simulation[30-macroatom]
2025-02-05T17:58:56.5878840Z tardis/tests/test_tardis_full_formal_integral.py::TestTransportSimpleFormalIntegral::test_simulation[30-downbranch]
2025-02-05T17:58:56.5880280Z tardis/transport/montecarlo/tests/test_montecarlo_main_loop.py::test_montecarlo_main_loop
2025-02-05T17:58:56.5880850Z   /Users/runner/work/tardis/tardis/tardis/transport/montecarlo/montecarlo_transport_state.py:131: UserWarning:
2025-02-05T17:58:56.5881270Z   
2025-02-05T17:58:56.5881880Z   MontecarloTransport.virt_packet_nus:Set 'virtual_packet_logging: True' in the configuration fileto access this propertyIt should be added under 'virtual' property of 'spectrum' property
2025-02-05T17:58:56.5882400Z 
2025-02-05T17:58:56.5882710Z tardis/tests/test_tardis_full_formal_integral.py::TestTransportSimpleFormalIntegral::test_simulation[-1-downbranch]
2025-02-05T17:58:56.5883320Z tardis/tests/test_tardis_full_formal_integral.py::TestTransportSimpleFormalIntegral::test_simulation[-1-macroatom]
2025-02-05T17:58:56.5883940Z tardis/tests/test_tardis_full_formal_integral.py::TestTransportSimpleFormalIntegral::test_simulation[30-macroatom]
2025-02-05T17:58:56.5885300Z tardis/tests/test_tardis_full_formal_integral.py::TestTransportSimpleFormalIntegral::test_simulation[30-downbranch]
2025-02-05T17:58:56.5885870Z tardis/transport/montecarlo/tests/test_montecarlo_main_loop.py::test_montecarlo_main_loop
2025-02-05T17:58:56.5886440Z   /Users/runner/work/tardis/tardis/tardis/transport/montecarlo/montecarlo_transport_state.py:145: UserWarning:
2025-02-05T17:58:56.5886840Z   
2025-02-05T17:58:56.5887370Z   MontecarloTransport.virt_packet_energies:Set 'virtual_packet_logging: True' in the configuration fileto access this propertyIt should be added under 'virtual' property of 'spectrum' property
2025-02-05T17:58:56.5887890Z 
2025-02-05T17:58:56.5888180Z tardis/tests/test_tardis_full_formal_integral.py::TestTransportSimpleFormalIntegral::test_simulation[-1-downbranch]
2025-02-05T17:58:56.5888800Z tardis/tests/test_tardis_full_formal_integral.py::TestTransportSimpleFormalIntegral::test_simulation[-1-macroatom]
2025-02-05T17:58:56.5890390Z tardis/tests/test_tardis_full_formal_integral.py::TestTransportSimpleFormalIntegral::test_simulation[30-macroatom]
2025-02-05T17:58:56.5891060Z tardis/tests/test_tardis_full_formal_integral.py::TestTransportSimpleFormalIntegral::test_simulation[30-downbranch]
2025-02-05T17:58:56.5891620Z tardis/transport/montecarlo/tests/test_montecarlo_main_loop.py::test_montecarlo_main_loop
2025-02-05T17:58:56.5892180Z   /Users/runner/work/tardis/tardis/tardis/transport/montecarlo/montecarlo_transport_state.py:176: UserWarning:
2025-02-05T17:58:56.5892570Z   
2025-02-05T17:58:56.5893100Z   MontecarloTransport.virt_packet_initial_rs:Set 'virtual_packet_logging: True' in the configuration fileto access this propertyIt should be added under 'virtual' property of 'spectrum' property
2025-02-05T17:58:56.5893610Z 
2025-02-05T17:58:56.5893880Z tardis/tests/test_tardis_full_formal_integral.py::TestTransportSimpleFormalIntegral::test_simulation[-1-downbranch]
2025-02-05T17:58:56.5894530Z tardis/tests/test_tardis_full_formal_integral.py::TestTransportSimpleFormalIntegral::test_simulation[-1-macroatom]
2025-02-05T17:58:56.5895130Z tardis/tests/test_tardis_full_formal_integral.py::TestTransportSimpleFormalIntegral::test_simulation[30-macroatom]
2025-02-05T17:58:56.5895750Z tardis/tests/test_tardis_full_formal_integral.py::TestTransportSimpleFormalIntegral::test_simulation[30-downbranch]
2025-02-05T17:58:56.5896320Z tardis/transport/montecarlo/tests/test_montecarlo_main_loop.py::test_montecarlo_main_loop
2025-02-05T17:58:56.5896880Z   /Users/runner/work/tardis/tardis/tardis/transport/montecarlo/montecarlo_transport_state.py:190: UserWarning:
2025-02-05T17:58:56.5897310Z   
2025-02-05T17:58:56.5897830Z   MontecarloTransport.virt_packet_initial_mus:Set 'virtual_packet_logging: True' in the configuration fileto access this propertyIt should be added under 'virtual' property of 'spectrum' property
2025-02-05T17:58:56.5898370Z 
2025-02-05T17:58:56.5899040Z tardis/tests/test_tardis_full_formal_integral.py::TestTransportSimpleFormalIntegral::test_simulation[-1-downbranch]
2025-02-05T17:58:56.5899700Z tardis/tests/test_tardis_full_formal_integral.py::TestTransportSimpleFormalIntegral::test_simulation[-1-macroatom]
2025-02-05T17:58:56.5900330Z tardis/tests/test_tardis_full_formal_integral.py::TestTransportSimpleFormalIntegral::test_simulation[30-macroatom]
2025-02-05T17:58:56.5900940Z tardis/tests/test_tardis_full_formal_integral.py::TestTransportSimpleFormalIntegral::test_simulation[30-downbranch]
2025-02-05T17:58:56.5901480Z tardis/transport/montecarlo/tests/test_montecarlo_main_loop.py::test_montecarlo_main_loop
2025-02-05T17:58:56.5902040Z   /Users/runner/work/tardis/tardis/tardis/transport/montecarlo/montecarlo_transport_state.py:204: UserWarning:
2025-02-05T17:58:56.5902440Z   
2025-02-05T17:58:56.5902970Z   MontecarloTransport.virt_packet_last_interaction_in_nu:Set 'virtual_packet_logging: True' in the configuration fileto access this propertyIt should be added under 'virtual' property of 'spectrum' property
2025-02-05T17:58:56.5903520Z 
2025-02-05T17:58:56.5903800Z tardis/tests/test_tardis_full_formal_integral.py::TestTransportSimpleFormalIntegral::test_simulation[-1-downbranch]
2025-02-05T17:58:56.5904510Z tardis/tests/test_tardis_full_formal_integral.py::TestTransportSimpleFormalIntegral::test_simulation[-1-macroatom]
2025-02-05T17:58:56.5905140Z tardis/tests/test_tardis_full_formal_integral.py::TestTransportSimpleFormalIntegral::test_simulation[30-macroatom]
2025-02-05T17:58:56.5906860Z tardis/tests/test_tardis_full_formal_integral.py::TestTransportSimpleFormalIntegral::test_simulation[30-downbranch]
2025-02-05T17:58:56.5908630Z tardis/transport/montecarlo/tests/test_montecarlo_main_loop.py::test_montecarlo_main_loop
2025-02-05T17:58:56.5909270Z   /Users/runner/work/tardis/tardis/tardis/transport/montecarlo/montecarlo_transport_state.py:218: UserWarning:
2025-02-05T17:58:56.5909690Z   
2025-02-05T17:58:56.5910680Z   MontecarloTransport.virt_packet_last_interaction_in_r:Set 'virtual_packet_logging: True' in the configuration fileto access this propertyIt should be added under 'virtual' property of 'spectrum' property
2025-02-05T17:58:56.5911380Z 
2025-02-05T17:58:56.5911670Z tardis/tests/test_tardis_full_formal_integral.py::TestTransportSimpleFormalIntegral::test_simulation[-1-downbranch]
2025-02-05T17:58:56.5912280Z tardis/tests/test_tardis_full_formal_integral.py::TestTransportSimpleFormalIntegral::test_simulation[-1-macroatom]
2025-02-05T17:58:56.5912880Z tardis/tests/test_tardis_full_formal_integral.py::TestTransportSimpleFormalIntegral::test_simulation[30-macroatom]
2025-02-05T17:58:56.5913510Z tardis/tests/test_tardis_full_formal_integral.py::TestTransportSimpleFormalIntegral::test_simulation[30-downbranch]
2025-02-05T17:58:56.5914050Z tardis/transport/montecarlo/tests/test_montecarlo_main_loop.py::test_montecarlo_main_loop
2025-02-05T17:58:56.5914610Z   /Users/runner/work/tardis/tardis/tardis/transport/montecarlo/montecarlo_transport_state.py:232: UserWarning:
2025-02-05T17:58:56.5915020Z   
2025-02-05T17:58:56.5915610Z   MontecarloTransport.virt_packet_last_interaction_type:Set 'virtual_packet_logging: True' in the configuration fileto access this propertyIt should be added under 'virtual' property of 'spectrum' property
2025-02-05T17:58:56.5916590Z 
2025-02-05T17:58:56.5917200Z tardis/tests/test_tardis_full_formal_integral.py::TestTransportSimpleFormalIntegral::test_simulation[-1-downbranch]
2025-02-05T17:58:56.5917870Z tardis/tests/test_tardis_full_formal_integral.py::TestTransportSimpleFormalIntegral::test_simulation[-1-macroatom]
2025-02-05T17:58:56.5918500Z tardis/tests/test_tardis_full_formal_integral.py::TestTransportSimpleFormalIntegral::test_simulation[30-macroatom]
2025-02-05T17:58:56.5919150Z tardis/tests/test_tardis_full_formal_integral.py::TestTransportSimpleFormalIntegral::test_simulation[30-downbranch]
2025-02-05T17:58:56.5919700Z tardis/transport/montecarlo/tests/test_montecarlo_main_loop.py::test_montecarlo_main_loop
2025-02-05T17:58:56.5920490Z   /Users/runner/work/tardis/tardis/tardis/transport/montecarlo/montecarlo_transport_state.py:246: UserWarning:
2025-02-05T17:58:56.5920890Z   
2025-02-05T17:58:56.5921440Z   MontecarloTransport.virt_packet_last_line_interaction_in_id:Set 'virtual_packet_logging: True' in the configuration fileto access this propertyIt should be added under 'virtual' property of 'spectrum' property
2025-02-05T17:58:56.5922210Z 
2025-02-05T17:58:56.5922510Z tardis/tests/test_tardis_full_formal_integral.py::TestTransportSimpleFormalIntegral::test_simulation[-1-downbranch]
2025-02-05T17:58:56.5923160Z tardis/tests/test_tardis_full_formal_integral.py::TestTransportSimpleFormalIntegral::test_simulation[-1-macroatom]
2025-02-05T17:58:56.5923790Z tardis/tests/test_tardis_full_formal_integral.py::TestTransportSimpleFormalIntegral::test_simulation[30-macroatom]
2025-02-05T17:58:56.5924410Z tardis/tests/test_tardis_full_formal_integral.py::TestTransportSimpleFormalIntegral::test_simulation[30-downbranch]
2025-02-05T17:58:56.5924980Z tardis/transport/montecarlo/tests/test_montecarlo_main_loop.py::test_montecarlo_main_loop
2025-02-05T17:58:56.5925550Z   /Users/runner/work/tardis/tardis/tardis/transport/montecarlo/montecarlo_transport_state.py:260: UserWarning:
2025-02-05T17:58:56.5925960Z   
2025-02-05T17:58:56.5926530Z   MontecarloTransport.virt_packet_last_line_interaction_out_id:Set 'virtual_packet_logging: True' in the configuration fileto access this propertyIt should be added under 'virtual' property of 'spectrum' property
2025-02-05T17:58:56.5927120Z 
2025-02-05T17:58:56.5927430Z tardis/tests/test_tardis_full_formal_integral.py::TestTransportSimpleFormalIntegral::test_simulation[-1-downbranch]
2025-02-05T17:58:56.5928110Z tardis/tests/test_tardis_full_formal_integral.py::TestTransportSimpleFormalIntegral::test_simulation[-1-macroatom]
2025-02-05T17:58:56.5928750Z tardis/tests/test_tardis_full_formal_integral.py::TestTransportSimpleFormalIntegral::test_simulation[30-macroatom]
2025-02-05T17:58:56.5929920Z tardis/tests/test_tardis_full_formal_integral.py::TestTransportSimpleFormalIntegral::test_simulation[30-downbranch]
2025-02-05T17:58:56.5930660Z tardis/transport/montecarlo/tests/test_montecarlo_main_loop.py::test_montecarlo_main_loop
2025-02-05T17:58:56.5931250Z   /Users/runner/work/tardis/tardis/tardis/transport/montecarlo/montecarlo_transport_state.py:274: UserWarning:
2025-02-05T17:58:56.5931670Z   
2025-02-05T17:58:56.5932260Z   MontecarloTransport.virt_packet_last_line_interaction_shell_id:Set 'virtual_packet_logging: True' in the configuration fileto access this propertyIt should be added under 'virtual' property of 'spectrum' property
2025-02-05T17:58:56.5932890Z 
2025-02-05T17:58:56.5933110Z tardis/transport/montecarlo/tests/test_montecarlo_main_loop.py::test_montecarlo_main_loop
2025-02-05T17:58:56.5933580Z   /Users/runner/work/tardis/tardis/tardis/spectrum/base.py:70: UserWarning:
2025-02-05T17:58:56.5933880Z   
2025-02-05T17:58:56.5935530Z   SpectrumSolver.spectrum_virtual_packets is zero. Please run the montecarlo simulation with no_of_virtual_packets > 0
2025-02-05T17:58:56.5936280Z 
2025-02-05T17:58:56.5936590Z tardis/transport/montecarlo/tests/test_packet_source.py::TestBlackBodySimpleSourceRel::test_bb_attributes
2025-02-05T17:58:56.5937130Z   /Users/runner/work/tardis/tardis/tardis/io/util.py:292: PerformanceWarning:
2025-02-05T17:58:56.5937450Z   
2025-02-05T17:58:56.5937580Z   
2025-02-05T17:58:56.5937820Z   your performance may suffer as PyTables will pickle object types that it cannot
2025-02-05T17:58:56.5938230Z   map directly to c-types [inferred_type->mixed-integer,key->values] [items->None]
2025-02-05T17:58:56.5938480Z 
2025-02-05T17:58:56.5938670Z tardis/transport/montecarlo/tests/test_vpacket.py::test_trace_vpacket_volley
2025-02-05T17:58:56.5939010Z   <string>:3: NumbaPendingDeprecationWarning:
2025-02-05T17:58:56.5939240Z   
2025-02-05T17:58:56.5941020Z   [1m[1mCode using Numba extension API maybe depending on 'old_style' error-capturing, which is deprecated and will be replaced by 'new_style' in a future release. See details at https://numba.readthedocs.io/en/latest/reference/deprecation.html#deprecation-of-old-style-numba-captured-errors
2025-02-05T17:58:56.5941900Z   Exception origin:
2025-02-05T17:58:56.5942230Z     File "/Users/runner/micromamba/envs/tardis/lib/python3.12/inspect.py", line 3180, in _bind
2025-02-05T17:58:56.5942580Z       raise TypeError(msg) from None
2025-02-05T17:58:56.5942830Z   [0m[0m
2025-02-05T17:58:56.5942910Z 
2025-02-05T17:58:56.5943050Z tardis/visualization/tools/tests/test_liv_plot.py: 16 warnings
2025-02-05T17:58:56.5943390Z tardis/visualization/tools/tests/test_sdec_plot.py: 16 warnings
2025-02-05T17:58:56.5943770Z   /Users/runner/work/tardis/tardis/tardis/io/util.py:292: PerformanceWarning:
2025-02-05T17:58:56.5944060Z   
2025-02-05T17:58:56.5944190Z   
2025-02-05T17:58:56.5944420Z   your performance may suffer as PyTables will pickle object types that it cannot
2025-02-05T17:58:56.5944840Z   map directly to c-types [inferred_type->bytes,key->values] [items->None]
2025-02-05T17:58:56.5945070Z 
2025-02-05T17:58:56.5945220Z tardis/visualization/tools/tests/test_sdec_plot.py: 16 warnings
2025-02-05T17:58:56.5945910Z   /Users/runner/work/tardis/tardis/tardis/io/util.py:280: PerformanceWarning:
2025-02-05T17:58:56.5946210Z   
2025-02-05T17:58:56.5946330Z   
2025-02-05T17:58:56.5946590Z   your performance may suffer as PyTables will pickle object types that it cannot
2025-02-05T17:58:56.5947010Z   map directly to c-types [inferred_type->mixed-integer,key->axis0] [items->None]
2025-02-05T17:58:56.5947250Z 
2025-02-05T17:58:56.5947390Z tardis/visualization/tools/tests/test_sdec_plot.py: 16 warnings
2025-02-05T17:58:56.5947770Z   /Users/runner/work/tardis/tardis/tardis/io/util.py:280: PerformanceWarning:
2025-02-05T17:58:56.5948050Z   
2025-02-05T17:58:56.5948170Z   
2025-02-05T17:58:56.5948400Z   your performance may suffer as PyTables will pickle object types that it cannot
2025-02-05T17:58:56.5948820Z   map directly to c-types [inferred_type->mixed-integer,key->block0_items] [items->None]
2025-02-05T17:58:56.5949590Z 
2025-02-05T17:58:56.5950120Z tardis/visualization/tools/tests/test_sdec_plot.py::TestSDECPlotter::test_mpl_image[plotter_generate_plot_mpl4]
2025-02-05T17:58:56.5950700Z   /Users/runner/work/tardis/tardis/tardis/visualization/tools/sdec_plot.py:1225: RuntimeWarning:
2025-02-05T17:58:56.5951080Z   
2025-02-05T17:58:56.5952160Z   More than 20 figures have been opened. Figures created through the pyplot interface (`matplotlib.pyplot.figure`) are retained until explicitly closed and may consume too much memory. (To control this warning, see the rcParam `figure.max_open_warning`). Consider using `matplotlib.pyplot.close()`.
2025-02-05T17:58:56.5952920Z 
2025-02-05T17:58:56.5953210Z tardis/visualization/widgets/tests/test_custom_abundance.py::TestCustomAbundanceWidget::test_update_input_item_value
2025-02-05T17:58:56.5953840Z tardis/visualization/widgets/tests/test_custom_abundance.py::TestCustomAbundanceWidget::test_update_input_item_value
2025-02-05T17:58:56.5954510Z tardis/visualization/widgets/tests/test_custom_abundance.py::TestCustomAbundanceWidget::test_update_input_item_value
2025-02-05T17:58:56.5955180Z tardis/visualization/widgets/tests/test_custom_abundance.py::TestCustomAbundanceWidget::test_update_input_item_value
2025-02-05T17:58:56.5955890Z tardis/visualization/widgets/tests/test_custom_abundance.py::TestCustomAbundanceWidget::test_update_input_item_value
2025-02-05T17:58:56.5956530Z tardis/visualization/widgets/tests/test_custom_abundance.py::TestCustomAbundanceWidget::test_update_input_item_value
2025-02-05T17:58:56.5957170Z   /Users/runner/micromamba/envs/tardis/lib/python3.12/site-packages/traitlets/traitlets.py:1385: DeprecationWarning:
2025-02-05T17:58:56.5957570Z   
2025-02-05T17:58:56.5957810Z   Passing unrecognized arguments to super(Checkbox).__init__(icon='lock').
2025-02-05T17:58:56.5958200Z   object.__init__() takes exactly one argument (the instance to initialize)
2025-02-05T17:58:56.5958640Z   This is deprecated in traitlets 4.2.This error will be raised in a future release of traitlets.
2025-02-05T17:58:56.5958920Z 
2025-02-05T17:58:56.5959220Z tardis/visualization/widgets/tests/test_custom_abundance.py::TestCustomAbundanceWidget::test_update_input_item_value
2025-02-05T17:58:56.5959850Z tardis/visualization/widgets/tests/test_custom_abundance.py::TestCustomAbundanceWidget::test_update_input_item_value
2025-02-05T17:58:56.5961360Z   /Users/runner/micromamba/envs/tardis/lib/python3.12/site-packages/traitlets/traitlets.py:1385: DeprecationWarning:
2025-02-05T17:58:56.5961800Z   
2025-02-05T17:58:56.5962020Z   Passing unrecognized arguments to super(FloatText).__init__(min=0).
2025-02-05T17:58:56.5962540Z   object.__init__() takes exactly one argument (the instance to initialize)
2025-02-05T17:58:56.5962970Z   This is deprecated in traitlets 4.2.This error will be raised in a future release of traitlets.
2025-02-05T17:58:56.5963240Z 
2025-02-05T17:58:56.5963570Z tardis/visualization/widgets/tests/test_custom_abundance.py::TestCustomAbundanceWidget::test_update_input_item_value
2025-02-05T17:58:56.5964250Z   /Users/runner/micromamba/envs/tardis/lib/python3.12/site-packages/traitlets/traitlets.py:1385: DeprecationWarning:
2025-02-05T17:58:56.5964950Z   
2025-02-05T17:58:56.5965180Z   Passing unrecognized arguments to super(HTML).__init__(indent=True).
2025-02-05T17:58:56.5965580Z   object.__init__() takes exactly one argument (the instance to initialize)
2025-02-05T17:58:56.5966020Z   This is deprecated in traitlets 4.2.This error will be raised in a future release of traitlets.
2025-02-05T17:58:56.5966290Z 
2025-02-05T17:58:56.5966650Z tardis/visualization/widgets/tests/test_line_info.py::TestLineInfoWidgetData::test_get_species_interactions[wavelength_range0-packet_out_nu]
2025-02-05T17:58:56.5967440Z   /Users/runner/micromamba/envs/tardis/lib/python3.12/site-packages/qgridnext/grid.py:825: DeprecationWarning:
2025-02-05T17:58:56.5967840Z   
2025-02-05T17:58:56.5968150Z   QgridWidget._grid_options_changed is deprecated in traitlets 4.1: use @observe and @unobserve instead.
2025-02-05T17:58:56.5968940Z 
2025-02-05T17:58:56.5969410Z -- Docs: https://docs.pytest.org/en/stable/how-to/capture-warnings.html
2025-02-05T17:58:56.5969660Z 
2025-02-05T17:58:56.5969810Z ---------- coverage: platform darwin, python 3.12.4-final-0 ----------
2025-02-05T17:58:56.5970140Z Coverage HTML written to dir coverage_html_report
2025-02-05T17:58:56.5970390Z Coverage XML written to file coverage.xml
2025-02-05T17:58:56.5970560Z 
2025-02-05T17:58:56.5970770Z = 555 passed, 1212 skipped, 2 deselected, 19 xfailed, 8 xpassed, 268 warnings in 1388.49s (0:23:08) =
2025-02-05T17:58:58.5731100Z ##[group]Run mv .coverage .coverage.0
2025-02-05T17:58:58.5731360Z [36;1mmv .coverage .coverage.0[0m
2025-02-05T17:58:58.6112830Z shell: /bin/bash -l {0}
2025-02-05T17:58:58.6113030Z env:
2025-02-05T17:58:58.6113170Z   CACHE_NUMBER: 0
2025-02-05T17:58:58.6113690Z   PYTEST_FLAGS: --tardis-regression-data=/Users/runner/work/tardis/tardis/tardis-regression-data --cov=tardis --cov-report=xml --cov-report=html --cov-append
2025-02-05T17:58:58.6115240Z   CODECOV_TOKEN: ***
2025-02-05T17:58:58.6115650Z   MAMBA_ROOT_PREFIX: /Users/runner/micromamba
2025-02-05T17:58:58.6116070Z   MAMBA_EXE: /Users/runner/micromamba-bin/micromamba
2025-02-05T17:58:58.6116370Z   CONDARC: /Users/runner/work/_temp/setup-micromamba/.condarc
2025-02-05T17:58:58.6116620Z ##[endgroup]
2025-02-05T17:58:58.8090530Z ##[group]Run actions/upload-artifact@v4
2025-02-05T17:58:58.8090820Z with:
2025-02-05T17:58:58.8093660Z   name: coverage-not-continuum-macos-latest
2025-02-05T17:58:58.8094470Z   include-hidden-files: true
2025-02-05T17:58:58.8094700Z   path: .coverage*
!.coveragerc

2025-02-05T17:58:58.8094930Z   if-no-files-found: warn
2025-02-05T17:58:58.8095120Z   compression-level: 6
2025-02-05T17:58:58.8095320Z   overwrite: false
2025-02-05T17:58:58.8095480Z env:
2025-02-05T17:58:58.8095630Z   CACHE_NUMBER: 0
2025-02-05T17:58:58.8096150Z   PYTEST_FLAGS: --tardis-regression-data=/Users/runner/work/tardis/tardis/tardis-regression-data --cov=tardis --cov-report=xml --cov-report=html --cov-append
2025-02-05T17:58:58.8096930Z   CODECOV_TOKEN: ***
2025-02-05T17:58:58.8097140Z   MAMBA_ROOT_PREFIX: /Users/runner/micromamba
2025-02-05T17:58:58.8097410Z   MAMBA_EXE: /Users/runner/micromamba-bin/micromamba
2025-02-05T17:58:58.8097720Z   CONDARC: /Users/runner/work/_temp/setup-micromamba/.condarc
2025-02-05T17:58:58.8098030Z ##[endgroup]
2025-02-05T17:58:59.2202210Z With the provided path, there will be 1 file uploaded
2025-02-05T17:58:59.2205900Z Artifact name is valid!
2025-02-05T17:58:59.2206110Z Root directory input is valid!
2025-02-05T17:58:59.3235450Z Beginning upload of artifact content to blob storage
2025-02-05T17:58:59.4033800Z Uploaded bytes 20591
2025-02-05T17:58:59.4202780Z Finished uploading artifact content to blob storage!
2025-02-05T17:58:59.4204720Z SHA256 hash of uploaded artifact zip is 258695eabeb6c9506944b6029c7becc40bd463f18d8f677372c615edd05833ba
2025-02-05T17:58:59.4206330Z Finalizing artifact upload
2025-02-05T17:58:59.4949220Z Artifact coverage-not-continuum-macos-latest.zip successfully finalized. Artifact ID 2542637245
2025-02-05T17:58:59.4949950Z Artifact coverage-not-continuum-macos-latest has been successfully uploaded! Final size is 20591 bytes. Artifact ID is 2542637245
2025-02-05T17:58:59.4956800Z Artifact download URL: https://github.com/tardis-sn/tardis/actions/runs/13162970987/artifacts/2542637245
2025-02-05T17:58:59.5220580Z Post job cleanup.
2025-02-05T17:58:59.5281210Z Post job cleanup.
2025-02-05T17:58:59.7060260Z Will use pre-installed micromamba at /Users/runner/micromamba-bin/micromamba
2025-02-05T17:58:59.7063710Z Removing micromamba run shell ...
2025-02-05T17:58:59.7065850Z ##[group]Deinitialize micromamba for bash
2025-02-05T17:58:59.7083230Z [command]/Users/runner/micromamba-bin/micromamba shell deinit -s bash -r /Users/runner/micromamba --log-level warning --rc-file /Users/runner/work/_temp/setup-micromamba/.condarc
2025-02-05T17:58:59.7257330Z Resetting RC file "/Users/runner/.bash_profile"
2025-02-05T17:58:59.7258260Z Deleting config for root prefix 
2025-02-05T17:58:59.7258540Z Clearing mamba executable environment variable
2025-02-05T17:58:59.7276330Z Removing the following in your "/Users/runner/.bash_profile" file
2025-02-05T17:58:59.7276750Z # >>> mamba initialize >>>
2025-02-05T17:58:59.7277110Z ...
2025-02-05T17:58:59.7277300Z # <<< mamba initialize <<<
2025-02-05T17:58:59.7300360Z Removing environment tardis from auto-activate bash ...
2025-02-05T17:58:59.7397040Z Post job cleanup.
2025-02-05T17:58:59.7468050Z Post job cleanup.
2025-02-05T17:58:59.8650250Z [command]/opt/homebrew/bin/git version
2025-02-05T17:58:59.8899340Z git version 2.48.1
2025-02-05T17:58:59.8923280Z Copying '/Users/runner/.gitconfig' to '/Users/runner/work/_temp/22d61fea-4c19-4123-bf59-90f2087508c0/.gitconfig'
2025-02-05T17:58:59.8931300Z Temporarily overriding HOME='/Users/runner/work/_temp/22d61fea-4c19-4123-bf59-90f2087508c0' before making global git config changes
2025-02-05T17:58:59.8931980Z Adding repository directory to the temporary git global config as a safe directory
2025-02-05T17:58:59.8942740Z [command]/opt/homebrew/bin/git config --global --add safe.directory /Users/runner/work/tardis/tardis/tardis-regression-data
2025-02-05T17:58:59.9050000Z [command]/opt/homebrew/bin/git config --local --name-only --get-regexp core\.sshCommand
2025-02-05T17:58:59.9116230Z [command]/opt/homebrew/bin/git submodule foreach --recursive sh -c "git config --local --name-only --get-regexp 'core\.sshCommand' && git config --local --unset-all 'core.sshCommand' || :"
2025-02-05T17:59:00.0414570Z [command]/opt/homebrew/bin/git config --local --name-only --get-regexp http\.https\:\/\/github\.com\/\.extraheader
2025-02-05T17:59:00.0463190Z http.https://github.com/.extraheader
2025-02-05T17:59:00.0472830Z [command]/opt/homebrew/bin/git config --local --unset-all http.https://github.com/.extraheader
2025-02-05T17:59:00.0535300Z [command]/opt/homebrew/bin/git submodule foreach --recursive sh -c "git config --local --name-only --get-regexp 'http\.https\:\/\/github\.com\/\.extraheader' && git config --local --unset-all 'http.https://github.com/.extraheader' || :"
2025-02-05T17:59:00.2097760Z Post job cleanup.
2025-02-05T17:59:00.3307490Z [command]/opt/homebrew/bin/git version
2025-02-05T17:59:00.3361930Z git version 2.48.1
2025-02-05T17:59:00.3385900Z Copying '/Users/runner/.gitconfig' to '/Users/runner/work/_temp/4223991e-0bf3-4140-9dae-a47b9ec3535c/.gitconfig'
2025-02-05T17:59:00.3393430Z Temporarily overriding HOME='/Users/runner/work/_temp/4223991e-0bf3-4140-9dae-a47b9ec3535c' before making global git config changes
2025-02-05T17:59:00.3394070Z Adding repository directory to the temporary git global config as a safe directory
2025-02-05T17:59:00.3404150Z [command]/opt/homebrew/bin/git config --global --add safe.directory /Users/runner/work/tardis/tardis
2025-02-05T17:59:00.3471670Z [command]/opt/homebrew/bin/git config --local --name-only --get-regexp core\.sshCommand
2025-02-05T17:59:00.3527150Z [command]/opt/homebrew/bin/git submodule foreach --recursive sh -c "git config --local --name-only --get-regexp 'core\.sshCommand' && git config --local --unset-all 'core.sshCommand' || :"
2025-02-05T17:59:00.5019920Z [command]/opt/homebrew/bin/git config --local --name-only --get-regexp http\.https\:\/\/github\.com\/\.extraheader
2025-02-05T17:59:00.5067560Z http.https://github.com/.extraheader
2025-02-05T17:59:00.5077940Z [command]/opt/homebrew/bin/git config --local --unset-all http.https://github.com/.extraheader
2025-02-05T17:59:00.5150340Z [command]/opt/homebrew/bin/git submodule foreach --recursive sh -c "git config --local --name-only --get-regexp 'http\.https\:\/\/github\.com\/\.extraheader' && git config --local --unset-all 'http.https://github.com/.extraheader' || :"
2025-02-05T17:59:00.6505920Z Cleaning up orphan processes
