2025-02-24T14:40:51.9947378Z Requested labels: macos-latest
2025-02-24T14:40:51.9947628Z Job defined at: tardis-sn/tardis/.github/workflows/tests.yml@refs/pull/2993/merge
2025-02-24T14:40:51.9947725Z Waiting for a runner to pick up this job...
2025-02-24T14:40:52.1603468Z Job is waiting for a hosted runner to come online.
2025-02-24T14:40:55.5318075Z Job is about to start running on the hosted runner: GitHub Actions 59 (hosted)
2025-02-24T14:40:56.3806010Z Current runner version: '2.322.0'
2025-02-24T14:40:56.3824720Z ##[group]Operating System
2025-02-24T14:40:56.3825250Z macOS
2025-02-24T14:40:56.3825560Z 14.7.2
2025-02-24T14:40:56.3825860Z 23H311
2025-02-24T14:40:56.3826160Z ##[endgroup]
2025-02-24T14:40:56.3826480Z ##[group]Runner Image
2025-02-24T14:40:56.3826840Z Image: macos-14-arm64
2025-02-24T14:40:56.3827180Z Version: 20250120.774
2025-02-24T14:40:56.3827880Z Included Software: https://github.com/actions/runner-images/blob/macos-14-arm64/20250120.774/images/macos/macos-14-arm64-Readme.md
2025-02-24T14:40:56.3828850Z Image Release: https://github.com/actions/runner-images/releases/tag/macos-14-arm64%2F20250120.774
2025-02-24T14:40:56.3829460Z ##[endgroup]
2025-02-24T14:40:56.3829790Z ##[group]Runner Image Provisioner
2025-02-24T14:40:56.3830210Z 2.0.422.1+55c30c14fe2a0a1547db1b656933ae07d97649a9
2025-02-24T14:40:56.3830620Z ##[endgroup]
2025-02-24T14:40:56.3832080Z ##[group]GITHUB_TOKEN Permissions
2025-02-24T14:40:56.3833480Z Actions: write
2025-02-24T14:40:56.3833830Z Attestations: write
2025-02-24T14:40:56.3834160Z Checks: write
2025-02-24T14:40:56.3834470Z Contents: write
2025-02-24T14:40:56.3834790Z Deployments: write
2025-02-24T14:40:56.3835130Z Discussions: write
2025-02-24T14:40:56.3835460Z Issues: write
2025-02-24T14:40:56.3835770Z Metadata: read
2025-02-24T14:40:56.3836100Z Packages: write
2025-02-24T14:40:56.3836430Z Pages: write
2025-02-24T14:40:56.3836750Z PullRequests: write
2025-02-24T14:40:56.3837090Z RepositoryProjects: write
2025-02-24T14:40:56.3837460Z SecurityEvents: write
2025-02-24T14:40:56.3837810Z Statuses: write
2025-02-24T14:40:56.3838130Z ##[endgroup]
2025-02-24T14:40:56.3840290Z Secret source: Actions
2025-02-24T14:40:56.3840710Z Prepare workflow directory
2025-02-24T14:40:56.4256780Z Prepare all required actions
2025-02-24T14:40:56.4284710Z Getting action download info
2025-02-24T14:40:56.6238270Z ##[group]Download immutable action package 'actions/checkout@v4'
2025-02-24T14:40:56.6238920Z Version: 4.2.2
2025-02-24T14:40:56.6239520Z Digest: sha256:ccb2698953eaebd21c7bf6268a94f9c26518a7e38e27e0b83c1fe1ad049819b1
2025-02-24T14:40:56.6240250Z Source commit SHA: 11bd71901bbe5b1630ceea73d27597364c9af683
2025-02-24T14:40:56.6240720Z ##[endgroup]
2025-02-24T14:40:57.0213480Z ##[group]Download immutable action package 'actions/upload-artifact@v4'
2025-02-24T14:40:57.0214080Z Version: 4.6.1
2025-02-24T14:40:57.0214650Z Digest: sha256:3f6a28e7a1e0b5c8e2249e28da121a049fa5b91863b04390a46a82e4f8e2da98
2025-02-24T14:40:57.0215280Z Source commit SHA: 4cec3d8aa04e39d1a68397de0c4cd6fb9dce8ec1
2025-02-24T14:40:57.0215760Z ##[endgroup]
2025-02-24T14:40:57.7091130Z Complete job name:  continuum macos-latest 
2025-02-24T14:40:57.7499150Z ##[group]Run actions/checkout@v4
2025-02-24T14:40:57.7499730Z with:
2025-02-24T14:40:57.7500030Z   repository: tardis-sn/tardis
2025-02-24T14:40:57.7500510Z   token: ***
2025-02-24T14:40:57.7500810Z   ssh-strict: true
2025-02-24T14:40:57.7501110Z   ssh-user: git
2025-02-24T14:40:57.7501430Z   persist-credentials: true
2025-02-24T14:40:57.7501780Z   clean: true
2025-02-24T14:40:57.7502080Z   sparse-checkout-cone-mode: true
2025-02-24T14:40:57.7502430Z   fetch-depth: 1
2025-02-24T14:40:57.7502730Z   fetch-tags: false
2025-02-24T14:40:57.7503020Z   show-progress: true
2025-02-24T14:40:57.7503330Z   lfs: false
2025-02-24T14:40:57.7503610Z   submodules: false
2025-02-24T14:40:57.7503920Z   set-safe-directory: true
2025-02-24T14:40:57.7504330Z env:
2025-02-24T14:40:57.7504600Z   CACHE_NUMBER: 0
2025-02-24T14:40:57.7505370Z   PYTEST_FLAGS: --tardis-regression-data=/Users/runner/work/tardis/tardis/tardis-regression-data --cov=tardis --cov-report=xml --cov-report=html --cov-append
2025-02-24T14:40:57.7506270Z   CODECOV_TOKEN: ***
2025-02-24T14:40:57.7506570Z ##[endgroup]
2025-02-24T14:40:58.2583630Z Syncing repository: tardis-sn/tardis
2025-02-24T14:40:58.2584940Z ##[group]Getting Git version info
2025-02-24T14:40:58.2585440Z Working directory is '/Users/runner/work/tardis/tardis'
2025-02-24T14:40:58.2586150Z [command]/opt/homebrew/bin/git version
2025-02-24T14:40:58.3180750Z git version 2.48.1
2025-02-24T14:40:58.3211350Z ##[endgroup]
2025-02-24T14:40:58.3218710Z Copying '/Users/runner/.gitconfig' to '/Users/runner/work/_temp/0dd2739c-d444-4a6c-9f48-a1e46837bc6a/.gitconfig'
2025-02-24T14:40:58.3227940Z Temporarily overriding HOME='/Users/runner/work/_temp/0dd2739c-d444-4a6c-9f48-a1e46837bc6a' before making global git config changes
2025-02-24T14:40:58.3230600Z Adding repository directory to the temporary git global config as a safe directory
2025-02-24T14:40:58.3232850Z [command]/opt/homebrew/bin/git config --global --add safe.directory /Users/runner/work/tardis/tardis
2025-02-24T14:40:58.3342460Z Deleting the contents of '/Users/runner/work/tardis/tardis'
2025-02-24T14:40:58.3385760Z ##[group]Initializing the repository
2025-02-24T14:40:58.3386510Z [command]/opt/homebrew/bin/git init /Users/runner/work/tardis/tardis
2025-02-24T14:40:58.4073080Z hint: Using 'master' as the name for the initial branch. This default branch name
2025-02-24T14:40:58.4074200Z hint: is subject to change. To configure the initial branch name to use in all
2025-02-24T14:40:58.4075330Z hint: of your new repositories, which will suppress this warning, call:
2025-02-24T14:40:58.4075850Z hint:
2025-02-24T14:40:58.4076230Z hint: 	git config --global init.defaultBranch <name>
2025-02-24T14:40:58.4076730Z hint:
2025-02-24T14:40:58.4077160Z hint: Names commonly chosen instead of 'master' are 'main', 'trunk' and
2025-02-24T14:40:58.4077900Z hint: 'development'. The just-created branch can be renamed via this command:
2025-02-24T14:40:58.4098910Z hint:
2025-02-24T14:40:58.4099250Z hint: 	git branch -m <name>
2025-02-24T14:40:58.4099780Z Initialized empty Git repository in /Users/runner/work/tardis/tardis/.git/
2025-02-24T14:40:58.4100980Z [command]/opt/homebrew/bin/git remote add origin https://github.com/tardis-sn/tardis
2025-02-24T14:40:58.4144550Z ##[endgroup]
2025-02-24T14:40:58.4145100Z ##[group]Disabling automatic garbage collection
2025-02-24T14:40:58.4148100Z [command]/opt/homebrew/bin/git config --local gc.auto 0
2025-02-24T14:40:58.4353590Z ##[endgroup]
2025-02-24T14:40:58.4354690Z ##[group]Setting up auth
2025-02-24T14:40:58.4355520Z [command]/opt/homebrew/bin/git config --local --name-only --get-regexp core\.sshCommand
2025-02-24T14:40:58.4419730Z [command]/opt/homebrew/bin/git submodule foreach --recursive sh -c "git config --local --name-only --get-regexp 'core\.sshCommand' && git config --local --unset-all 'core.sshCommand' || :"
2025-02-24T14:40:58.5829250Z [command]/opt/homebrew/bin/git config --local --name-only --get-regexp http\.https\:\/\/github\.com\/\.extraheader
2025-02-24T14:40:58.5886640Z [command]/opt/homebrew/bin/git submodule foreach --recursive sh -c "git config --local --name-only --get-regexp 'http\.https\:\/\/github\.com\/\.extraheader' && git config --local --unset-all 'http.https://github.com/.extraheader' || :"
2025-02-24T14:40:58.6513930Z [command]/opt/homebrew/bin/git config --local http.https://github.com/.extraheader AUTHORIZATION: basic ***
2025-02-24T14:40:58.6879510Z ##[endgroup]
2025-02-24T14:40:58.6880100Z ##[group]Fetching the repository
2025-02-24T14:40:58.6886960Z [command]/opt/homebrew/bin/git -c protocol.version=2 fetch --no-tags --prune --no-recurse-submodules --depth=1 origin +5646cc931ef0676c715cf55d7b15a543dbdd5d48:refs/remotes/pull/2993/merge
2025-02-24T14:41:00.6107890Z From https://github.com/tardis-sn/tardis
2025-02-24T14:41:00.6108850Z  * [new ref]         5646cc931ef0676c715cf55d7b15a543dbdd5d48 -> pull/2993/merge
2025-02-24T14:41:00.6161320Z ##[endgroup]
2025-02-24T14:41:00.6162190Z ##[group]Determining the checkout info
2025-02-24T14:41:00.6162980Z ##[endgroup]
2025-02-24T14:41:00.6164480Z [command]/opt/homebrew/bin/git sparse-checkout disable
2025-02-24T14:41:00.6222040Z [command]/opt/homebrew/bin/git config --local --unset-all extensions.worktreeConfig
2025-02-24T14:41:00.6273960Z ##[group]Checking out the ref
2025-02-24T14:41:00.6275270Z [command]/opt/homebrew/bin/git checkout --progress --force refs/remotes/pull/2993/merge
2025-02-24T14:41:00.8374230Z HEAD is now at 5646cc9 Merge f2ca74bffcfe96ee49c7f26014029ed915ec96ed into 6e790c66049717c1a7df370212bf7063c85b7fdd
2025-02-24T14:41:00.8387320Z ##[endgroup]
2025-02-24T14:41:00.8451290Z [command]/opt/homebrew/bin/git log -1 --format=%H
2025-02-24T14:41:00.8494690Z 5646cc931ef0676c715cf55d7b15a543dbdd5d48
2025-02-24T14:41:00.8761890Z Prepare all required actions
2025-02-24T14:41:00.8762810Z Getting action download info
2025-02-24T14:41:01.0466810Z ##[group]Download immutable action package 'actions/cache@v4'
2025-02-24T14:41:01.0467780Z Version: 4.2.1
2025-02-24T14:41:01.0468710Z Digest: sha256:b0404c9628d43aa6855629075b28f32cadf8efc5c26198438149f78500112940
2025-02-24T14:41:01.0469950Z Source commit SHA: 0c907a75c2c80ebcb7f088228285e798b750cf8f
2025-02-24T14:41:01.0470870Z ##[endgroup]
2025-02-24T14:41:01.5907200Z ##[group]Run ./.github/actions/setup_lfs
2025-02-24T14:41:01.5907900Z with:
2025-02-24T14:41:01.5908510Z   regression-data-repo: tardis-sn/tardis-regression-data
2025-02-24T14:41:01.5909190Z   atom-data-sparse: false
2025-02-24T14:41:01.5909760Z env:
2025-02-24T14:41:01.5910320Z   CACHE_NUMBER: 0
2025-02-24T14:41:01.5911390Z   PYTEST_FLAGS: --tardis-regression-data=/Users/runner/work/tardis/tardis/tardis-regression-data --cov=tardis --cov-report=xml --cov-report=html --cov-append
2025-02-24T14:41:01.5912690Z   CODECOV_TOKEN: ***
2025-02-24T14:41:01.5913350Z ##[endgroup]
2025-02-24T14:41:01.6043880Z ##[group]Run actions/checkout@v4
2025-02-24T14:41:01.6044420Z with:
2025-02-24T14:41:01.6044930Z   repository: tardis-sn/tardis-regression-data
2025-02-24T14:41:01.6045490Z   path: tardis-regression-data
2025-02-24T14:41:01.6045990Z   lfs: false
2025-02-24T14:41:01.6046550Z   token: ***
2025-02-24T14:41:01.6047020Z   ssh-strict: true
2025-02-24T14:41:01.6047500Z   ssh-user: git
2025-02-24T14:41:01.6047970Z   persist-credentials: true
2025-02-24T14:41:01.6048450Z   clean: true
2025-02-24T14:41:01.6048930Z   sparse-checkout-cone-mode: true
2025-02-24T14:41:01.6049540Z   fetch-depth: 1
2025-02-24T14:41:01.6050020Z   fetch-tags: false
2025-02-24T14:41:01.6050490Z   show-progress: true
2025-02-24T14:41:01.6050960Z   submodules: false
2025-02-24T14:41:01.6051430Z   set-safe-directory: true
2025-02-24T14:41:01.6051920Z env:
2025-02-24T14:41:01.6052400Z   CACHE_NUMBER: 0
2025-02-24T14:41:01.6053290Z   PYTEST_FLAGS: --tardis-regression-data=/Users/runner/work/tardis/tardis/tardis-regression-data --cov=tardis --cov-report=xml --cov-report=html --cov-append
2025-02-24T14:41:01.6054280Z   CODECOV_TOKEN: ***
2025-02-24T14:41:01.6054760Z ##[endgroup]
2025-02-24T14:41:01.7265930Z Syncing repository: tardis-sn/tardis-regression-data
2025-02-24T14:41:01.7281990Z ##[group]Getting Git version info
2025-02-24T14:41:01.7282840Z Working directory is '/Users/runner/work/tardis/tardis/tardis-regression-data'
2025-02-24T14:41:01.7299970Z [command]/opt/homebrew/bin/git version
2025-02-24T14:41:01.7345030Z git version 2.48.1
2025-02-24T14:41:01.7358630Z ##[endgroup]
2025-02-24T14:41:01.7363330Z Copying '/Users/runner/.gitconfig' to '/Users/runner/work/_temp/779849b8-ed34-4bfb-b28e-894794555f03/.gitconfig'
2025-02-24T14:41:01.7370280Z Temporarily overriding HOME='/Users/runner/work/_temp/779849b8-ed34-4bfb-b28e-894794555f03' before making global git config changes
2025-02-24T14:41:01.7371380Z Adding repository directory to the temporary git global config as a safe directory
2025-02-24T14:41:01.7373260Z [command]/opt/homebrew/bin/git config --global --add safe.directory /Users/runner/work/tardis/tardis/tardis-regression-data
2025-02-24T14:41:01.7418730Z ##[group]Initializing the repository
2025-02-24T14:41:01.7420900Z [command]/opt/homebrew/bin/git init /Users/runner/work/tardis/tardis/tardis-regression-data
2025-02-24T14:41:01.7492670Z hint: Using 'master' as the name for the initial branch. This default branch name
2025-02-24T14:41:01.7494510Z hint: is subject to change. To configure the initial branch name to use in all
2025-02-24T14:41:01.7495460Z hint: of your new repositories, which will suppress this warning, call:
2025-02-24T14:41:01.7496790Z hint:
2025-02-24T14:41:01.7497530Z hint: 	git config --global init.defaultBranch <name>
2025-02-24T14:41:01.7498250Z hint:
2025-02-24T14:41:01.7498980Z hint: Names commonly chosen instead of 'master' are 'main', 'trunk' and
2025-02-24T14:41:01.7500650Z hint: 'development'. The just-created branch can be renamed via this command:
2025-02-24T14:41:01.7501460Z hint:
2025-02-24T14:41:01.7502020Z hint: 	git branch -m <name>
2025-02-24T14:41:01.7502870Z Initialized empty Git repository in /Users/runner/work/tardis/tardis/tardis-regression-data/.git/
2025-02-24T14:41:01.7504860Z [command]/opt/homebrew/bin/git remote add origin https://github.com/tardis-sn/tardis-regression-data
2025-02-24T14:41:01.7547870Z ##[endgroup]
2025-02-24T14:41:01.7548830Z ##[group]Disabling automatic garbage collection
2025-02-24T14:41:01.7550410Z [command]/opt/homebrew/bin/git config --local gc.auto 0
2025-02-24T14:41:01.7599010Z ##[endgroup]
2025-02-24T14:41:01.7599900Z ##[group]Setting up auth
2025-02-24T14:41:01.7603400Z [command]/opt/homebrew/bin/git config --local --name-only --get-regexp core\.sshCommand
2025-02-24T14:41:01.7657660Z [command]/opt/homebrew/bin/git submodule foreach --recursive sh -c "git config --local --name-only --get-regexp 'core\.sshCommand' && git config --local --unset-all 'core.sshCommand' || :"
2025-02-24T14:41:01.8155650Z [command]/opt/homebrew/bin/git config --local --name-only --get-regexp http\.https\:\/\/github\.com\/\.extraheader
2025-02-24T14:41:01.8192000Z [command]/opt/homebrew/bin/git submodule foreach --recursive sh -c "git config --local --name-only --get-regexp 'http\.https\:\/\/github\.com\/\.extraheader' && git config --local --unset-all 'http.https://github.com/.extraheader' || :"
2025-02-24T14:41:01.8805400Z [command]/opt/homebrew/bin/git config --local http.https://github.com/.extraheader AUTHORIZATION: basic ***
2025-02-24T14:41:01.8809090Z ##[endgroup]
2025-02-24T14:41:01.8810930Z ##[group]Determining the default branch
2025-02-24T14:41:01.8811680Z Retrieving the default branch name
2025-02-24T14:41:02.2708760Z Default branch 'main'
2025-02-24T14:41:02.2713240Z ##[endgroup]
2025-02-24T14:41:02.2727920Z ##[group]Fetching the repository
2025-02-24T14:41:02.2751800Z [command]/opt/homebrew/bin/git -c protocol.version=2 fetch --no-tags --prune --no-recurse-submodules --depth=1 origin +refs/heads/main:refs/remotes/origin/main
2025-02-24T14:41:03.3065570Z From https://github.com/tardis-sn/tardis-regression-data
2025-02-24T14:41:03.3066400Z  * [new branch]      main       -> origin/main
2025-02-24T14:41:03.3114880Z ##[endgroup]
2025-02-24T14:41:03.3115260Z ##[group]Determining the checkout info
2025-02-24T14:41:03.3115840Z ##[endgroup]
2025-02-24T14:41:03.3118830Z [command]/opt/homebrew/bin/git sparse-checkout disable
2025-02-24T14:41:03.3174890Z [command]/opt/homebrew/bin/git config --local --unset-all extensions.worktreeConfig
2025-02-24T14:41:03.3216790Z ##[group]Checking out the ref
2025-02-24T14:41:03.3219020Z [command]/opt/homebrew/bin/git checkout --progress --force -B main refs/remotes/origin/main
2025-02-24T14:41:03.4807130Z Switched to a new branch 'main'
2025-02-24T14:41:03.4809340Z branch 'main' set up to track 'origin/main'.
2025-02-24T14:41:03.5356770Z ##[endgroup]
2025-02-24T14:41:03.5406670Z [command]/opt/homebrew/bin/git log -1 --format=%H
2025-02-24T14:41:03.5444070Z 84e768462f20f09fbccc05625cdcc1d8ffbe404c
2025-02-24T14:41:03.5530370Z ##[group]Run if [ "false" == "true" ]; then
2025-02-24T14:41:03.5530690Z [36;1mif [ "false" == "true" ]; then[0m
2025-02-24T14:41:03.5530930Z [36;1m  echo "Using atom data sparse checkout"[0m
2025-02-24T14:41:03.5531230Z [36;1m  echo "atom_data/kurucz_cd23_chianti_H_He.h5" > .lfs-files-list[0m
2025-02-24T14:41:03.5531490Z [36;1melse[0m
2025-02-24T14:41:03.5531670Z [36;1m  echo "Using full repository checkout"[0m
2025-02-24T14:41:03.5531950Z [36;1m  git lfs ls-files -l | cut -d' ' -f1 | sort > .lfs-files-list[0m
2025-02-24T14:41:03.5532210Z [36;1mfi[0m
2025-02-24T14:41:03.5588430Z shell: /bin/bash --noprofile --norc -e -o pipefail {0}
2025-02-24T14:41:03.5588950Z env:
2025-02-24T14:41:03.5589090Z   CACHE_NUMBER: 0
2025-02-24T14:41:03.5589570Z   PYTEST_FLAGS: --tardis-regression-data=/Users/runner/work/tardis/tardis/tardis-regression-data --cov=tardis --cov-report=xml --cov-report=html --cov-append
2025-02-24T14:41:03.5590430Z   CODECOV_TOKEN: ***
2025-02-24T14:41:03.5590610Z ##[endgroup]
2025-02-24T14:41:03.5793420Z Using full repository checkout
2025-02-24T14:41:03.7834660Z ##[group]Run actions/cache/restore@v4
2025-02-24T14:41:03.7834960Z with:
2025-02-24T14:41:03.7835130Z   path: tardis-regression-data/.git/lfs
2025-02-24T14:41:03.7835650Z   key: tardis-regression-full-data-c8ff2bbb6048b3f24d3f52a1e85b013ad47e52c369a6ce4cfdeff528b659b86f-tardis-sn/tardis-regression-data-v1
2025-02-24T14:41:03.7836150Z   fail-on-cache-miss: true
2025-02-24T14:41:03.7836350Z   enableCrossOsArchive: false
2025-02-24T14:41:03.7836540Z   lookup-only: false
2025-02-24T14:41:03.7836710Z env:
2025-02-24T14:41:03.7836850Z   CACHE_NUMBER: 0
2025-02-24T14:41:03.7837340Z   PYTEST_FLAGS: --tardis-regression-data=/Users/runner/work/tardis/tardis/tardis-regression-data --cov=tardis --cov-report=xml --cov-report=html --cov-append
2025-02-24T14:41:03.7838030Z   CODECOV_TOKEN: ***
2025-02-24T14:41:03.7838190Z ##[endgroup]
2025-02-24T14:41:04.0272690Z Cache hit for: tardis-regression-full-data-c8ff2bbb6048b3f24d3f52a1e85b013ad47e52c369a6ce4cfdeff528b659b86f-tardis-sn/tardis-regression-data-v1
2025-02-24T14:41:05.3537990Z Received 37748736 of 2161656325 (1.7%), 36.0 MBs/sec
2025-02-24T14:41:06.3570510Z Received 125829120 of 2161656325 (5.8%), 59.9 MBs/sec
2025-02-24T14:41:07.3571550Z Received 171966464 of 2161656325 (8.0%), 54.6 MBs/sec
2025-02-24T14:41:08.3591510Z Received 264241152 of 2161656325 (12.2%), 62.9 MBs/sec
2025-02-24T14:41:09.3596990Z Received 314572800 of 2161656325 (14.6%), 59.9 MBs/sec
2025-02-24T14:41:10.3633490Z Received 394264576 of 2161656325 (18.2%), 62.6 MBs/sec
2025-02-24T14:41:11.3640170Z Received 469762048 of 2161656325 (21.7%), 63.9 MBs/sec
2025-02-24T14:41:12.3676460Z Received 536870912 of 2161656325 (24.8%), 63.9 MBs/sec
2025-02-24T14:41:13.3683600Z Received 633339904 of 2161656325 (29.3%), 67.0 MBs/sec
2025-02-24T14:41:14.3712550Z Received 700448768 of 2161656325 (32.4%), 66.7 MBs/sec
2025-02-24T14:41:15.3725770Z Received 788529152 of 2161656325 (36.5%), 68.2 MBs/sec
2025-02-24T14:41:16.3747350Z Received 880803840 of 2161656325 (40.7%), 69.9 MBs/sec
2025-02-24T14:41:17.3748590Z Received 956301312 of 2161656325 (44.2%), 70.0 MBs/sec
2025-02-24T14:41:18.3767660Z Received 1056964608 of 2161656325 (48.9%), 71.9 MBs/sec
2025-02-24T14:41:19.3771470Z Received 1082130432 of 2161656325 (50.1%), 68.7 MBs/sec
2025-02-24T14:41:20.3785030Z Received 1178599424 of 2161656325 (54.5%), 70.1 MBs/sec
2025-02-24T14:41:21.3797310Z Received 1207959552 of 2161656325 (55.9%), 67.7 MBs/sec
2025-02-24T14:41:22.3823010Z Received 1296039936 of 2161656325 (60.0%), 68.6 MBs/sec
2025-02-24T14:41:23.3838650Z Received 1354760192 of 2161656325 (62.7%), 67.9 MBs/sec
2025-02-24T14:41:24.3849730Z Received 1430257664 of 2161656325 (66.2%), 68.1 MBs/sec
2025-02-24T14:41:25.3860920Z Received 1472200704 of 2161656325 (68.1%), 66.8 MBs/sec
2025-02-24T14:41:26.3891650Z Received 1551892480 of 2161656325 (71.8%), 67.2 MBs/sec
2025-02-24T14:41:27.4195390Z Received 1610612736 of 2161656325 (74.5%), 66.7 MBs/sec
2025-02-24T14:41:28.3904630Z Received 1677721600 of 2161656325 (77.6%), 66.6 MBs/sec
2025-02-24T14:41:29.6301660Z Received 1744830464 of 2161656325 (80.7%), 65.8 MBs/sec
2025-02-24T14:41:30.6299250Z Received 1824522240 of 2161656325 (84.4%), 66.2 MBs/sec
2025-02-24T14:41:31.6302510Z Received 1879048192 of 2161656325 (86.9%), 65.7 MBs/sec
2025-02-24T14:41:32.6312300Z Received 1975517184 of 2161656325 (91.4%), 66.6 MBs/sec
2025-02-24T14:41:33.6328780Z Received 2042626048 of 2161656325 (94.5%), 66.5 MBs/sec
2025-02-24T14:41:34.6359800Z Received 2143289344 of 2161656325 (99.2%), 67.5 MBs/sec
2025-02-24T14:41:35.3769290Z Received 2161656325 of 2161656325 (100.0%), 66.4 MBs/sec
2025-02-24T14:41:35.3920200Z Cache Size: ~2062 MB (2161656325 B)
2025-02-24T14:41:35.4108650Z [command]/opt/homebrew/bin/gtar -xf /Users/runner/work/_temp/eba54caf-1501-4da2-a322-82b9b1cec653/cache.tzst -P -C /Users/runner/work/tardis/tardis --delay-directory-restore --use-compress-program unzstd
2025-02-24T14:41:45.1791310Z Cache restored successfully
2025-02-24T14:41:45.2384120Z Cache restored from key: tardis-regression-full-data-c8ff2bbb6048b3f24d3f52a1e85b013ad47e52c369a6ce4cfdeff528b659b86f-tardis-sn/tardis-regression-data-v1
2025-02-24T14:41:45.2534040Z ##[group]Run git lfs checkout
2025-02-24T14:41:45.2534360Z [36;1mgit lfs checkout[0m
2025-02-24T14:41:45.2593350Z shell: /bin/bash --noprofile --norc -e -o pipefail {0}
2025-02-24T14:41:45.2593740Z env:
2025-02-24T14:41:45.2593960Z   CACHE_NUMBER: 0
2025-02-24T14:41:45.2594510Z   PYTEST_FLAGS: --tardis-regression-data=/Users/runner/work/tardis/tardis/tardis-regression-data --cov=tardis --cov-report=xml --cov-report=html --cov-append
2025-02-24T14:41:45.2595630Z   CODECOV_TOKEN: ***
2025-02-24T14:41:45.2595900Z ##[endgroup]
2025-02-24T14:41:57.1548630Z Checking out LFS objects: 100% (204/204), 5.7 GB | 395 MB/s, done.
2025-02-24T14:42:07.5946890Z Prepare all required actions
2025-02-24T14:42:07.5947920Z Getting action download info
2025-02-24T14:42:07.7363610Z Download action repository 'mamba-org/setup-micromamba@v1' (SHA:4b9113af4fba0e9e1124b252dd6497a419e7396d)
2025-02-24T14:42:08.8353570Z ##[group]Run ./.github/actions/setup_env
2025-02-24T14:42:08.8353950Z with:
2025-02-24T14:42:08.8354150Z   os-label: osx-arm64
2025-02-24T14:42:08.8354410Z env:
2025-02-24T14:42:08.8354600Z   CACHE_NUMBER: 0
2025-02-24T14:42:08.8355180Z   PYTEST_FLAGS: --tardis-regression-data=/Users/runner/work/tardis/tardis/tardis-regression-data --cov=tardis --cov-report=xml --cov-report=html --cov-append
2025-02-24T14:42:08.8355960Z   CODECOV_TOKEN: ***
2025-02-24T14:42:08.8356130Z ##[endgroup]
2025-02-24T14:42:08.8379860Z ##[group]Run file_hash=$(cat conda-osx-arm64.lock | shasum -a 256 | cut -d' ' -f1)
2025-02-24T14:42:08.8380520Z [36;1mfile_hash=$(cat conda-osx-arm64.lock | shasum -a 256 | cut -d' ' -f1)[0m
2025-02-24T14:42:08.8381170Z [36;1mecho "file_hash=tardis-conda-env-osx-arm64-${file_hash}-v1" >> "${GITHUB_OUTPUT}"[0m
2025-02-24T14:42:08.8433290Z shell: /bin/bash --noprofile --norc -e -o pipefail {0}
2025-02-24T14:42:08.8433550Z env:
2025-02-24T14:42:08.8433710Z   CACHE_NUMBER: 0
2025-02-24T14:42:08.8434240Z   PYTEST_FLAGS: --tardis-regression-data=/Users/runner/work/tardis/tardis/tardis-regression-data --cov=tardis --cov-report=xml --cov-report=html --cov-append
2025-02-24T14:42:08.8435030Z   CODECOV_TOKEN: ***
2025-02-24T14:42:08.8435250Z ##[endgroup]
2025-02-24T14:42:08.9540830Z ##[group]Run mamba-org/setup-micromamba@v1
2025-02-24T14:42:08.9541040Z with:
2025-02-24T14:42:08.9541190Z   environment-file: conda-osx-arm64.lock
2025-02-24T14:42:08.9541660Z   cache-environment-key: tardis-conda-env-osx-arm64-bf0d0a4d4c847cca72476c6c68c493d56c484aada7e80de0e42c7607fcef5824-v1
2025-02-24T14:42:08.9542350Z   cache-downloads-key: tardis-conda-env-osx-arm64-bf0d0a4d4c847cca72476c6c68c493d56c484aada7e80de0e42c7607fcef5824-v1
2025-02-24T14:42:08.9542780Z   environment-name: tardis
2025-02-24T14:42:08.9542950Z   cache-environment: true
2025-02-24T14:42:08.9543110Z   cache-downloads: true
2025-02-24T14:42:08.9543250Z env:
2025-02-24T14:42:08.9543380Z   CACHE_NUMBER: 0
2025-02-24T14:42:08.9543860Z   PYTEST_FLAGS: --tardis-regression-data=/Users/runner/work/tardis/tardis/tardis-regression-data --cov=tardis --cov-report=xml --cov-report=html --cov-append
2025-02-24T14:42:08.9544680Z   CODECOV_TOKEN: ***
2025-02-24T14:42:08.9544840Z ##[endgroup]
2025-02-24T14:42:09.2609130Z Will download micromamba to /Users/runner/micromamba-bin/micromamba
2025-02-24T14:42:09.2613060Z ##[group]Install micromamba
2025-02-24T14:42:09.9193120Z micromamba installed to /Users/runner/micromamba-bin/micromamba
2025-02-24T14:42:09.9193630Z ##[endgroup]
2025-02-24T14:42:09.9193930Z Adding conda-forge to condarc channels ...
2025-02-24T14:42:09.9204410Z ##[group]Initialize micromamba for bash.
2025-02-24T14:42:09.9214620Z [command]/Users/runner/micromamba-bin/micromamba shell init -s bash -r /Users/runner/micromamba --log-level warning --rc-file /Users/runner/work/_temp/setup-micromamba/.condarc
2025-02-24T14:42:09.9514480Z Modifying RC file "/Users/runner/.bash_profile"
2025-02-24T14:42:09.9516050Z Generating config for root prefix [1m"/Users/runner/micromamba"[0m
2025-02-24T14:42:09.9517710Z Setting mamba executable to: [1m"/Users/runner/micromamba-bin/micromamba"[0m
2025-02-24T14:42:09.9518210Z Adding (or replacing) the following in your "/Users/runner/.bash_profile" file
2025-02-24T14:42:09.9518690Z 
2025-02-24T14:42:09.9518930Z # >>> mamba initialize >>>
2025-02-24T14:42:09.9519200Z # !! Contents within this block are managed by 'mamba init' !!
2025-02-24T14:42:09.9519600Z export MAMBA_EXE='/Users/runner/micromamba-bin/micromamba';
2025-02-24T14:42:09.9519990Z export MAMBA_ROOT_PREFIX='/Users/runner/micromamba';
2025-02-24T14:42:09.9520650Z __mamba_setup="$("$MAMBA_EXE" shell hook --shell bash --root-prefix "$MAMBA_ROOT_PREFIX" 2> /dev/null)"
2025-02-24T14:42:09.9521870Z if [ $? -eq 0 ]; then
2025-02-24T14:42:09.9522090Z     eval "$__mamba_setup"
2025-02-24T14:42:09.9522270Z else
2025-02-24T14:42:09.9522510Z     alias micromamba="$MAMBA_EXE"  # Fallback on help from mamba activate
2025-02-24T14:42:09.9522780Z fi
2025-02-24T14:42:09.9522900Z unset __mamba_setup
2025-02-24T14:42:09.9523060Z # <<< mamba initialize <<<
2025-02-24T14:42:09.9523180Z 
2025-02-24T14:42:09.9523910Z ##[endgroup]
2025-02-24T14:42:09.9524600Z ##[group]Restoring downloads from `/Users/runner/micromamba/pkgs` ...
2025-02-24T14:42:11.5146200Z Received 37748736 of 310594474 (12.2%), 35.9 MBs/sec
2025-02-24T14:42:12.5146470Z Received 167772160 of 310594474 (54.0%), 79.9 MBs/sec
2025-02-24T14:42:13.5162420Z Received 264241152 of 310594474 (85.1%), 83.9 MBs/sec
2025-02-24T14:42:14.2545850Z Cache Size: ~296 MB (310594474 B)
2025-02-24T14:42:14.2576010Z [command]/opt/homebrew/bin/gtar -xf /Users/runner/work/_temp/f13659a4-5632-4fbf-bfe3-fb4acd749e02/cache.tzst -P -C /Users/runner/work/tardis/tardis --delay-directory-restore --use-compress-program unzstd
2025-02-24T14:42:14.5182000Z Received 310594474 of 310594474 (100.0%), 74.0 MBs/sec
2025-02-24T14:42:14.9277840Z Cache restored successfully
2025-02-24T14:42:14.9347770Z Restored cache with key `tardis-conda-env-osx-arm64-bf0d0a4d4c847cca72476c6c68c493d56c484aada7e80de0e42c7607fcef5824-v1-osx-arm64`
2025-02-24T14:42:14.9385990Z ##[endgroup]
2025-02-24T14:42:14.9567290Z ##[group]Restoring environment `tardis` from `/Users/runner/micromamba/envs/tardis` ...
2025-02-24T14:42:16.1483310Z Received 75497472 of 385513979 (19.6%), 72.0 MBs/sec
2025-02-24T14:42:17.1492620Z Received 213909504 of 385513979 (55.5%), 101.9 MBs/sec
2025-02-24T14:42:18.1493590Z Received 335544320 of 385513979 (87.0%), 106.6 MBs/sec
2025-02-24T14:42:18.6537040Z Cache Size: ~368 MB (385513979 B)
2025-02-24T14:42:18.6561670Z [command]/opt/homebrew/bin/gtar -xf /Users/runner/work/_temp/5528d85b-73dc-4b5d-ba48-e3330f711957/cache.tzst -P -C /Users/runner/work/tardis/tardis --delay-directory-restore --use-compress-program unzstd
2025-02-24T14:42:19.1526410Z Received 385513979 of 385513979 (100.0%), 91.8 MBs/sec
2025-02-24T14:42:29.6419040Z Cache restored successfully
2025-02-24T14:42:29.6520400Z Restored cache with key `tardis-conda-env-osx-arm64-bf0d0a4d4c847cca72476c6c68c493d56c484aada7e80de0e42c7607fcef5824-v1-osx-arm64-tardis-args-4f53cda-root-873f6fe-bin-[object Promise]-file-bf0d0a4d4c847cca72476c6c68c493d56c484aada7e80de0e42c7607fcef5824`
2025-02-24T14:42:29.6587830Z ##[endgroup]
2025-02-24T14:42:29.6588810Z Adding environment tardis to auto-activate bash ...
2025-02-24T14:42:29.6595060Z Generating micromamba run shell.
2025-02-24T14:42:29.6597370Z ##[endgroup]
2025-02-24T14:42:29.6598720Z Set environment variables.
2025-02-24T14:42:29.6599830Z ##[group]micromamba info
2025-02-24T14:42:29.6601320Z [command]/Users/runner/micromamba-bin/micromamba info -r /Users/runner/micromamba -n tardis
2025-02-24T14:42:30.0848180Z 
2025-02-24T14:42:30.0848710Z        libmamba version : 1.5.10
2025-02-24T14:42:30.0849330Z      micromamba version : 1.5.10
2025-02-24T14:42:30.0850790Z            curl version : libcurl/8.10.1 (OpenSSL/3.3.2) SecureTransport zlib/1.3.1 zstd/1.5.6 libssh2/1.11.0 nghttp2/1.58.0
2025-02-24T14:42:30.0851330Z      libarchive version : libarchive 3.7.4 zlib/1.2.13 bz2lib/1.0.8 libzstd/1.5.6
2025-02-24T14:42:30.0851780Z        envs directories : /Users/runner/micromamba/envs
2025-02-24T14:42:30.0852150Z           package cache : /Users/runner/micromamba/pkgs
2025-02-24T14:42:30.0852580Z                           /Users/runner/.mamba/pkgs
2025-02-24T14:42:30.0853730Z             environment : tardis
2025-02-24T14:42:30.0854110Z            env location : /Users/runner/micromamba/envs/tardis
2025-02-24T14:42:30.0854560Z       user config files : /Users/runner/.mambarc
2025-02-24T14:42:30.0854990Z  populated config files : /Users/runner/work/_temp/setup-micromamba/.condarc
2025-02-24T14:42:30.0855550Z        virtual packages : __unix=0=0
2025-02-24T14:42:30.0855880Z                           __osx=14.7.2=0
2025-02-24T14:42:30.0863580Z                           __archspec=1=arm64
2025-02-24T14:42:30.0864290Z                channels : https://conda.anaconda.org/conda-forge/osx-arm64
2025-02-24T14:42:30.0864680Z                           https://conda.anaconda.org/conda-forge/noarch
2025-02-24T14:42:30.0865090Z        base environment : /Users/runner/micromamba
2025-02-24T14:42:30.0865390Z                platform : osx-arm64
2025-02-24T14:42:30.0866060Z ##[endgroup]
2025-02-24T14:42:30.0866540Z ##[group]micromamba list
2025-02-24T14:42:30.0867230Z [command]/Users/runner/micromamba-bin/micromamba list -r /Users/runner/micromamba -n tardis
2025-02-24T14:42:30.4061310Z List of packages in environment: "/Users/runner/micromamba/envs/tardis"
2025-02-24T14:42:30.4062680Z 
2025-02-24T14:42:30.4062960Z   Name                           Version              Build                    Channel    
2025-02-24T14:42:30.4064540Z â”€â”€â”€â”€â”€â”€â”€â”€â”€â”€â”€â”€â”€â”€â”€â”€â”€â”€â”€â”€â”€â”€â”€â”€â”€â”€â”€â”€â”€â”€â”€â”€â”€â”€â”€â”€â”€â”€â”€â”€â”€â”€â”€â”€â”€â”€â”€â”€â”€â”€â”€â”€â”€â”€â”€â”€â”€â”€â”€â”€â”€â”€â”€â”€â”€â”€â”€â”€â”€â”€â”€â”€â”€â”€â”€â”€â”€â”€â”€â”€â”€â”€â”€â”€â”€â”€â”€â”€â”€â”€â”€â”€
2025-02-24T14:42:30.4065060Z   alabaster                      0.7.16               pyhd8ed1ab_0             conda-forge
2025-02-24T14:42:30.4065530Z   anyio                          4.4.0                pyhd8ed1ab_0             conda-forge
2025-02-24T14:42:30.4065960Z   appnope                        0.1.4                pyhd8ed1ab_0             conda-forge
2025-02-24T14:42:30.4066580Z   argon2-cffi                    23.1.0               pyhd8ed1ab_0             conda-forge
2025-02-24T14:42:30.4067150Z   argon2-cffi-bindings           21.2.0               py312h02f2b3b_4          conda-forge
2025-02-24T14:42:30.4067730Z   arrow                          1.3.0                pyhd8ed1ab_0             conda-forge
2025-02-24T14:42:30.4069490Z   astropy                        6.1.1                py312hbebd99a_0          conda-forge
2025-02-24T14:42:30.4070020Z   astropy-iers-data              0.2024.6.17.0.31.35  pyhd8ed1ab_0             conda-forge
2025-02-24T14:42:30.4070550Z   astropy-sphinx-theme           1.1                  pyhd8ed1ab_0             conda-forge
2025-02-24T14:42:30.4070980Z   asttokens                      2.4.1                pyhd8ed1ab_0             conda-forge
2025-02-24T14:42:30.4099410Z   async-lru                      2.0.4                pyhd8ed1ab_0             conda-forge
2025-02-24T14:42:30.4099910Z   atk-1.0                        2.38.0               hd03087b_2               conda-forge
2025-02-24T14:42:30.4100260Z   attrs                          23.2.0               pyh71513ae_0             conda-forge
2025-02-24T14:42:30.4100760Z   babel                          2.14.0               pyhd8ed1ab_0             conda-forge
2025-02-24T14:42:30.4101320Z   beautifulsoup4                 4.12.3               pyha770c72_0             conda-forge
2025-02-24T14:42:30.4101700Z   bleach                         6.1.0                pyhd8ed1ab_0             conda-forge
2025-02-24T14:42:30.4102590Z   blosc                          1.21.5               h9c252e8_1               conda-forge
2025-02-24T14:42:30.4103650Z   brotli                         1.1.0                hb547adb_1               conda-forge
2025-02-24T14:42:30.4104110Z   brotli-bin                     1.1.0                hb547adb_1               conda-forge
2025-02-24T14:42:30.4104540Z   brotli-python                  1.1.0                py312h9f69965_1          conda-forge
2025-02-24T14:42:30.4104960Z   bzip2                          1.0.8                h93a5062_5               conda-forge
2025-02-24T14:42:30.4105370Z   c-ares                         1.28.1               h93a5062_0               conda-forge
2025-02-24T14:42:30.4105720Z   c-blosc2                       2.14.4               ha57e6be_1               conda-forge
2025-02-24T14:42:30.4106200Z   ca-certificates                2024.6.2             hf0a4a13_0               conda-forge
2025-02-24T14:42:30.4106550Z   cached-property                1.5.2                hd8ed1ab_1               conda-forge
2025-02-24T14:42:30.4107130Z   cached_property                1.5.2                pyha770c72_1             conda-forge
2025-02-24T14:42:30.4107450Z   cairo                          1.18.0               hd1e100b_0               conda-forge
2025-02-24T14:42:30.4107820Z   certifi                        2024.6.2             pyhd8ed1ab_0             conda-forge
2025-02-24T14:42:30.4108110Z   cffi                           1.16.0               py312h8e38eb3_0          conda-forge
2025-02-24T14:42:30.4108450Z   charset-normalizer             3.3.2                pyhd8ed1ab_0             conda-forge
2025-02-24T14:42:30.4108760Z   click                          8.1.7                unix_pyh707e725_0        conda-forge
2025-02-24T14:42:30.4109080Z   codespell                      2.3.0                pyhd8ed1ab_0             conda-forge
2025-02-24T14:42:30.4109380Z   colorama                       0.4.6                pyhd8ed1ab_0             conda-forge
2025-02-24T14:42:30.4109670Z   comm                           0.2.2                pyhd8ed1ab_0             conda-forge
2025-02-24T14:42:30.4109960Z   commonmark                     0.9.1                py_0                     conda-forge
2025-02-24T14:42:30.4110260Z   contourpy                      1.2.1                py312h0fef576_0          conda-forge
2025-02-24T14:42:30.4110560Z   coverage                       7.5.3                py312h7e5086c_0          conda-forge
2025-02-24T14:42:30.4110990Z   cycler                         0.12.1               pyhd8ed1ab_0             conda-forge
2025-02-24T14:42:30.4111400Z   dataclasses                    0.8                  pyhc8e2a94_3             conda-forge
2025-02-24T14:42:30.4111920Z   debugpy                        1.8.1                py312h20a0b95_0          conda-forge
2025-02-24T14:42:30.4112400Z   decorator                      5.1.1                pyhd8ed1ab_0             conda-forge
2025-02-24T14:42:30.4113040Z   defusedxml                     0.7.1                pyhd8ed1ab_0             conda-forge
2025-02-24T14:42:30.4113770Z   docutils                       0.20.1               py312h81bd7bf_3          conda-forge
2025-02-24T14:42:30.4114180Z   dot2tex                        2.11.3               pyhd8ed1ab_0             conda-forge
2025-02-24T14:42:30.4114480Z   entrypoints                    0.4                  pyhd8ed1ab_0             conda-forge
2025-02-24T14:42:30.4114830Z   exceptiongroup                 1.2.0                pyhd8ed1ab_2             conda-forge
2025-02-24T14:42:30.4115230Z   executing                      2.0.1                pyhd8ed1ab_0             conda-forge
2025-02-24T14:42:30.4115530Z   expat                          2.6.2                hebf3989_0               conda-forge
2025-02-24T14:42:30.4115950Z   font-ttf-dejavu-sans-mono      2.37                 hab24e00_0               conda-forge
2025-02-24T14:42:30.4116320Z   font-ttf-inconsolata           3.000                h77eed37_0               conda-forge
2025-02-24T14:42:30.4117190Z   font-ttf-source-code-pro       2.038                h77eed37_0               conda-forge
2025-02-24T14:42:30.4117540Z   font-ttf-ubuntu                0.83                 h77eed37_2               conda-forge
2025-02-24T14:42:30.4117960Z   fontconfig                     2.14.2               h82840c6_0               conda-forge
2025-02-24T14:42:30.4118330Z   fonts-conda-ecosystem          1                    0                        conda-forge
2025-02-24T14:42:30.4118720Z   fonts-conda-forge              1                    0                        conda-forge
2025-02-24T14:42:30.4119070Z   fonttools                      4.53.0               py312h7e5086c_0          conda-forge
2025-02-24T14:42:30.4119570Z   fqdn                           1.5.1                pyhd8ed1ab_0             conda-forge
2025-02-24T14:42:30.4119950Z   freetype                       2.12.1               hadb7bae_2               conda-forge
2025-02-24T14:42:30.4120390Z   fribidi                        1.0.10               h27ca646_0               conda-forge
2025-02-24T14:42:30.4120990Z   future                         1.0.0                pyhd8ed1ab_0             conda-forge
2025-02-24T14:42:30.4121460Z   gdk-pixbuf                     2.42.12              h7ddc832_0               conda-forge
2025-02-24T14:42:30.4121840Z   gettext                        0.22.5               h8fbad5d_2               conda-forge
2025-02-24T14:42:30.4122260Z   gettext-tools                  0.22.5               h8fbad5d_2               conda-forge
2025-02-24T14:42:30.4122590Z   giflib                         5.2.2                h93a5062_0               conda-forge
2025-02-24T14:42:30.4122950Z   git-lfs                        3.5.1                hce30654_0               conda-forge
2025-02-24T14:42:30.4123390Z   gmp                            6.3.0                hebf3989_1               conda-forge
2025-02-24T14:42:30.4123700Z   gmpy2                          2.1.5                py312hfa9fade_1          conda-forge
2025-02-24T14:42:30.4124120Z   graphite2                      1.3.13               hebf3989_1003            conda-forge
2025-02-24T14:42:30.4124460Z   graphviz                       11.0.0               h9bb9bc9_0               conda-forge
2025-02-24T14:42:30.4124790Z   gtk2                           2.24.33              h7895bb2_4               conda-forge
2025-02-24T14:42:30.4125140Z   gts                            0.7.6                he42f4ea_4               conda-forge
2025-02-24T14:42:30.4125490Z   h11                            0.14.0               pyhd8ed1ab_0             conda-forge
2025-02-24T14:42:30.4125880Z   h2                             4.1.0                pyhd8ed1ab_0             conda-forge
2025-02-24T14:42:30.4126190Z   h5py                           3.11.0               nompi_py312h903599c_102  conda-forge
2025-02-24T14:42:30.4126580Z   harfbuzz                       8.5.0                h1836168_0               conda-forge
2025-02-24T14:42:30.4126930Z   hdf5                           1.14.3               nompi_hec07895_105       conda-forge
2025-02-24T14:42:30.4127340Z   hpack                          4.0.0                pyh9f0ad1d_0             conda-forge
2025-02-24T14:42:30.4127690Z   httpcore                       1.0.5                pyhd8ed1ab_0             conda-forge
2025-02-24T14:42:30.4128060Z   httpx                          0.27.0               pyhd8ed1ab_0             conda-forge
2025-02-24T14:42:30.4128440Z   hyperframe                     6.0.1                pyhd8ed1ab_0             conda-forge
2025-02-24T14:42:30.4128760Z   icu                            73.2                 hc8870d7_0               conda-forge
2025-02-24T14:42:30.4129130Z   idna                           3.7                  pyhd8ed1ab_0             conda-forge
2025-02-24T14:42:30.4129500Z   imagesize                      1.4.1                pyhd8ed1ab_0             conda-forge
2025-02-24T14:42:30.4129890Z   importlib-metadata             7.1.0                pyha770c72_0             conda-forge
2025-02-24T14:42:30.4130470Z   importlib_metadata             7.1.0                hd8ed1ab_0               conda-forge
2025-02-24T14:42:30.4130980Z   importlib_resources            6.4.0                pyhd8ed1ab_0             conda-forge
2025-02-24T14:42:30.4131410Z   iniconfig                      2.0.0                pyhd8ed1ab_0             conda-forge
2025-02-24T14:42:30.4131770Z   ipykernel                      6.29.4               pyh57ce528_0             conda-forge
2025-02-24T14:42:30.4132070Z   ipython                        8.25.0               pyh707e725_0             conda-forge
2025-02-24T14:42:30.4132370Z   ipython_genutils               0.2.0                pyhd8ed1ab_1             conda-forge
2025-02-24T14:42:30.4132760Z   ipywidgets                     7.8.0                pyhd8ed1ab_0             conda-forge
2025-02-24T14:42:30.4133150Z   isoduration                    20.11.0              pyhd8ed1ab_0             conda-forge
2025-02-24T14:42:30.4133480Z   jedi                           0.19.1               pyhd8ed1ab_0             conda-forge
2025-02-24T14:42:30.4134510Z   jinja2                         3.1.4                pyhd8ed1ab_0             conda-forge
2025-02-24T14:42:30.4134840Z   json5                          0.9.25               pyhd8ed1ab_0             conda-forge
2025-02-24T14:42:30.4135270Z   jsonpointer                    3.0.0                py312h81bd7bf_0          conda-forge
2025-02-24T14:42:30.4135580Z   jsonschema                     4.22.0               pyhd8ed1ab_0             conda-forge
2025-02-24T14:42:30.4135990Z   jsonschema-specifications      2023.12.1            pyhd8ed1ab_0             conda-forge
2025-02-24T14:42:30.4136430Z   jsonschema-with-format-nongpl  4.22.0               pyhd8ed1ab_0             conda-forge
2025-02-24T14:42:30.4136850Z   jupyter-lsp                    2.2.5                pyhd8ed1ab_0             conda-forge
2025-02-24T14:42:30.4137240Z   jupyter_client                 8.6.2                pyhd8ed1ab_0             conda-forge
2025-02-24T14:42:30.4137640Z   jupyter_core                   5.7.2                py312h81bd7bf_0          conda-forge
2025-02-24T14:42:30.4140230Z   jupyter_events                 0.10.0               pyhd8ed1ab_0             conda-forge
2025-02-24T14:42:30.4140700Z   jupyter_server                 2.14.1               pyhd8ed1ab_0             conda-forge
2025-02-24T14:42:30.4141330Z   jupyter_server_terminals       0.5.3                pyhd8ed1ab_0             conda-forge
2025-02-24T14:42:30.4141970Z   jupyterlab                     4.2.2                pyhd8ed1ab_0             conda-forge
2025-02-24T14:42:30.4142390Z   jupyterlab_pygments            0.3.0                pyhd8ed1ab_1             conda-forge
2025-02-24T14:42:30.4143010Z   jupyterlab_server              2.27.2               pyhd8ed1ab_0             conda-forge
2025-02-24T14:42:30.4143530Z   jupyterlab_widgets             1.1.7                pyhd8ed1ab_0             conda-forge
2025-02-24T14:42:30.4143910Z   kiwisolver                     1.4.5                py312h389731b_1          conda-forge
2025-02-24T14:42:30.4144360Z   krb5                           1.21.2               h92f50d5_0               conda-forge
2025-02-24T14:42:30.4144810Z   latexcodec                     2.0.1                pyh9f0ad1d_0             conda-forge
2025-02-24T14:42:30.4145270Z   lcms2                          2.16                 ha0e7c42_0               conda-forge
2025-02-24T14:42:30.4145740Z   lerc                           4.0.0                h9a09cb3_0               conda-forge
2025-02-24T14:42:30.4146050Z   libaec                         1.1.3                hebf3989_0               conda-forge
2025-02-24T14:42:30.4146450Z   libasprintf                    0.22.5               h8fbad5d_2               conda-forge
2025-02-24T14:42:30.4146790Z   libasprintf-devel              0.22.5               h8fbad5d_2               conda-forge
2025-02-24T14:42:30.4147150Z   libblas                        3.9.0                22_osxarm64_openblas     conda-forge
2025-02-24T14:42:30.4147790Z   libbrotlicommon                1.1.0                hb547adb_1               conda-forge
2025-02-24T14:42:30.4148230Z   libbrotlidec                   1.1.0                hb547adb_1               conda-forge
2025-02-24T14:42:30.4148640Z   libbrotlienc                   1.1.0                hb547adb_1               conda-forge
2025-02-24T14:42:30.4149060Z   libcblas                       3.9.0                22_osxarm64_openblas     conda-forge
2025-02-24T14:42:30.4149470Z   libcurl                        8.8.0                h7b6f9a7_0               conda-forge
2025-02-24T14:42:30.4149800Z   libcxx                         17.0.6               h5f092b4_0               conda-forge
2025-02-24T14:42:30.4150200Z   libdeflate                     1.20                 h93a5062_0               conda-forge
2025-02-24T14:42:30.4150540Z   libedit                        3.1.20191231         hc8eb9b7_2               conda-forge
2025-02-24T14:42:30.4150930Z   libev                          4.33                 h93a5062_2               conda-forge
2025-02-24T14:42:30.4151220Z   libexpat                       2.6.2                hebf3989_0               conda-forge
2025-02-24T14:42:30.4151910Z   libffi                         3.4.2                h3422bc3_5               conda-forge
2025-02-24T14:42:30.4152290Z   libgd                          2.3.3                hfdf3952_9               conda-forge
2025-02-24T14:42:30.4152670Z   libgettextpo                   0.22.5               h8fbad5d_2               conda-forge
2025-02-24T14:42:30.4153060Z   libgettextpo-devel             0.22.5               h8fbad5d_2               conda-forge
2025-02-24T14:42:30.4153390Z   libgfortran                    5.0.0                13_2_0_hd922786_3        conda-forge
2025-02-24T14:42:30.4153700Z   libgfortran5                   13.2.0               hf226fd6_3               conda-forge
2025-02-24T14:42:30.4153990Z   libglib                        2.80.2               h59d46d9_1               conda-forge
2025-02-24T14:42:30.4154320Z   libiconv                       1.17                 h0d3ecfb_2               conda-forge
2025-02-24T14:42:30.4154610Z   libintl                        0.22.5               h8fbad5d_2               conda-forge
2025-02-24T14:42:30.4154910Z   libintl-devel                  0.22.5               h8fbad5d_2               conda-forge
2025-02-24T14:42:30.4155230Z   libjpeg-turbo                  3.0.0                hb547adb_1               conda-forge
2025-02-24T14:42:30.4155540Z   liblapack                      3.9.0                22_osxarm64_openblas     conda-forge
2025-02-24T14:42:30.4155840Z   libllvm14                      14.0.6               hd1a9a77_4               conda-forge
2025-02-24T14:42:30.4156150Z   libnghttp2                     1.58.0               ha4dd798_1               conda-forge
2025-02-24T14:42:30.4156460Z   libopenblas                    0.3.27               openmp_h6c19121_0        conda-forge
2025-02-24T14:42:30.4156760Z   libpng                         1.6.43               h091b4b1_0               conda-forge
2025-02-24T14:42:30.4157050Z   librsvg                        2.58.1               hbc281fb_0               conda-forge
2025-02-24T14:42:30.4157340Z   libsodium                      1.0.18               h27ca646_1               conda-forge
2025-02-24T14:42:30.4157640Z   libsqlite                      3.46.0               hfb93653_0               conda-forge
2025-02-24T14:42:30.4157930Z   libssh2                        1.11.0               h7a5bd25_0               conda-forge
2025-02-24T14:42:30.4158210Z   libtiff                        4.6.0                h07db509_3               conda-forge
2025-02-24T14:42:30.4158480Z   libwebp                        1.4.0                h54798ee_0               conda-forge
2025-02-24T14:42:30.4158770Z   libwebp-base                   1.4.0                h93a5062_0               conda-forge
2025-02-24T14:42:30.4159060Z   libxcb                         1.16                 hf2054a2_0               conda-forge
2025-02-24T14:42:30.4159970Z   libxml2                        2.12.7               ha661575_1               conda-forge
2025-02-24T14:42:30.4160260Z   libxslt                        1.1.39               h223e5b9_0               conda-forge
2025-02-24T14:42:30.4160550Z   libzlib                        1.3.1                hfb2fe0b_1               conda-forge
2025-02-24T14:42:30.4160840Z   llvm-openmp                    18.1.7               hde57baf_0               conda-forge
2025-02-24T14:42:30.4161150Z   llvmlite                       0.42.0               py312h17030e7_1          conda-forge
2025-02-24T14:42:30.4161440Z   lxml                           5.2.2                py312h0e5ab22_0          conda-forge
2025-02-24T14:42:30.4161720Z   lz4-c                          1.9.4                hb7217d7_0               conda-forge
2025-02-24T14:42:30.4162010Z   markupsafe                     2.1.5                py312he37b823_0          conda-forge
2025-02-24T14:42:30.4162320Z   matplotlib-base                3.8.4                py312h4479663_2          conda-forge
2025-02-24T14:42:30.4162660Z   matplotlib-inline              0.1.7                pyhd8ed1ab_0             conda-forge
2025-02-24T14:42:30.4163090Z   mistune                        3.0.2                pyhd8ed1ab_0             conda-forge
2025-02-24T14:42:30.4163380Z   mpc                            1.3.1                h91ba8db_0               conda-forge
2025-02-24T14:42:30.4163650Z   mpfr                           4.2.1                h41d338b_1               conda-forge
2025-02-24T14:42:30.4163920Z   mpmath                         1.3.0                pyhd8ed1ab_0             conda-forge
2025-02-24T14:42:30.4164200Z   munkres                        1.1.4                pyh9f0ad1d_0             conda-forge
2025-02-24T14:42:30.4164500Z   mypy_extensions                1.0.0                pyha770c72_0             conda-forge
2025-02-24T14:42:30.4164800Z   nbclassic                      1.1.0                pyhd8ed1ab_0             conda-forge
2025-02-24T14:42:30.4165130Z   nbclient                       0.10.0               pyhd8ed1ab_0             conda-forge
2025-02-24T14:42:30.4165430Z   nbconvert                      7.16.4               hd8ed1ab_1               conda-forge
2025-02-24T14:42:30.4165730Z   nbconvert-core                 7.16.4               pyhd8ed1ab_1             conda-forge
2025-02-24T14:42:30.4166050Z   nbconvert-pandoc               7.16.4               hd8ed1ab_1               conda-forge
2025-02-24T14:42:30.4166360Z   nbformat                       5.10.4               pyhd8ed1ab_0             conda-forge
2025-02-24T14:42:30.4166650Z   nbsphinx                       0.9.4                pyhd8ed1ab_0             conda-forge
2025-02-24T14:42:30.4166930Z   ncurses                        6.5                  hb89a1cb_0               conda-forge
2025-02-24T14:42:30.4167220Z   nest-asyncio                   1.6.0                pyhd8ed1ab_0             conda-forge
2025-02-24T14:42:30.4167520Z   networkx                       3.3                  pyhd8ed1ab_1             conda-forge
2025-02-24T14:42:30.4167800Z   notebook                       7.2.1                pyhd8ed1ab_0             conda-forge
2025-02-24T14:42:30.4168100Z   notebook-shim                  0.2.4                pyhd8ed1ab_0             conda-forge
2025-02-24T14:42:30.4168400Z   numba                          0.59.1               py312hbaff935_0          conda-forge
2025-02-24T14:42:30.4168690Z   numexpr                        2.10.0               py312h8ae5369_0          conda-forge
2025-02-24T14:42:30.4168970Z   numpy                          1.26.4               py312h8442bc7_0          conda-forge
2025-02-24T14:42:30.4169250Z   numpydoc                       1.7.0                pyhd8ed1ab_1             conda-forge
2025-02-24T14:42:30.4169530Z   openjpeg                       2.5.2                h9f1df11_0               conda-forge
2025-02-24T14:42:30.4169800Z   openssl                        3.3.1                hfb2fe0b_0               conda-forge
2025-02-24T14:42:30.4170090Z   overrides                      7.7.0                pyhd8ed1ab_0             conda-forge
2025-02-24T14:42:30.4170670Z   packaging                      24.1                 pyhd8ed1ab_0             conda-forge
2025-02-24T14:42:30.4170960Z   pandas                         2.2.2                py312h8ae5369_1          conda-forge
2025-02-24T14:42:30.4171220Z   pandoc                         3.2                  hce30654_0               conda-forge
2025-02-24T14:42:30.4171510Z   pandocfilters                  1.5.0                pyhd8ed1ab_0             conda-forge
2025-02-24T14:42:30.4171810Z   pango                          1.54.0               h5cb9fbc_0               conda-forge
2025-02-24T14:42:30.4172080Z   parso                          0.8.4                pyhd8ed1ab_0             conda-forge
2025-02-24T14:42:30.4172350Z   pathspec                       0.12.1               pyhd8ed1ab_0             conda-forge
2025-02-24T14:42:30.4172630Z   pbr                            6.0.0                pyhd8ed1ab_0             conda-forge
2025-02-24T14:42:30.4172920Z   pcre2                          10.44                h297a79d_0               conda-forge
2025-02-24T14:42:30.4173300Z   pexpect                        4.9.0                pyhd8ed1ab_0             conda-forge
2025-02-24T14:42:30.4173600Z   pickleshare                    0.7.5                py_1003                  conda-forge
2025-02-24T14:42:30.4174040Z   pillow                         10.3.0               py312h39b1d8d_1          conda-forge
2025-02-24T14:42:30.4174500Z   pip                            24.0                 pyhd8ed1ab_0             conda-forge
2025-02-24T14:42:30.4174840Z   pixman                         0.43.4               hebf3989_0               conda-forge
2025-02-24T14:42:30.4175250Z   pkgutil-resolve-name           1.3.10               pyhd8ed1ab_1             conda-forge
2025-02-24T14:42:30.4175630Z   platformdirs                   4.2.2                pyhd8ed1ab_0             conda-forge
2025-02-24T14:42:30.4176080Z   plotly                         5.22.0               pyhd8ed1ab_0             conda-forge
2025-02-24T14:42:30.4176490Z   pluggy                         1.5.0                pyhd8ed1ab_0             conda-forge
2025-02-24T14:42:30.4176870Z   prometheus_client              0.20.0               pyhd8ed1ab_0             conda-forge
2025-02-24T14:42:30.4177320Z   prompt-toolkit                 3.0.47               pyha770c72_0             conda-forge
2025-02-24T14:42:30.4177730Z   psutil                         5.9.8                py312he37b823_0          conda-forge
2025-02-24T14:42:30.4178110Z   pthread-stubs                  0.4                  h27ca646_1001            conda-forge
2025-02-24T14:42:30.4178460Z   ptyprocess                     0.7.0                pyhd3deb0d_0             conda-forge
2025-02-24T14:42:30.4178890Z   pure_eval                      0.2.2                pyhd8ed1ab_0             conda-forge
2025-02-24T14:42:30.4179370Z   py-cpuinfo                     9.0.0                pyhd8ed1ab_0             conda-forge
2025-02-24T14:42:30.4179810Z   pybtex                         0.24.0               pyhd8ed1ab_2             conda-forge
2025-02-24T14:42:30.4180240Z   pybtex-docutils                1.0.3                py312h81bd7bf_1          conda-forge
2025-02-24T14:42:30.4180700Z   pycparser                      2.22                 pyhd8ed1ab_0             conda-forge
2025-02-24T14:42:30.4181130Z   pyerfa                         2.0.1.4              py312hbebd99a_1          conda-forge
2025-02-24T14:42:30.4181550Z   pygments                       2.18.0               pyhd8ed1ab_0             conda-forge
2025-02-24T14:42:30.4181980Z   pygraphviz                     1.13                 py312h5f4d302_1          conda-forge
2025-02-24T14:42:30.4182360Z   pyobjc-core                    10.3.1               py312hbb55c70_0          conda-forge
2025-02-24T14:42:30.4182790Z   pyobjc-framework-cocoa         10.3.1               py312hbb55c70_0          conda-forge
2025-02-24T14:42:30.4183180Z   pyparsing                      3.1.2                pyhd8ed1ab_0             conda-forge
2025-02-24T14:42:30.4183700Z   pysocks                        1.7.1                pyha2e5f31_6             conda-forge
2025-02-24T14:42:30.4184040Z   pytables                       3.9.2                py312hb622ae1_2          conda-forge
2025-02-24T14:42:30.4184470Z   pytest                         8.2.2                pyhd8ed1ab_0             conda-forge
2025-02-24T14:42:30.4184910Z   pytest-cov                     5.0.0                pyhd8ed1ab_0             conda-forge
2025-02-24T14:42:30.4185340Z   pytest-doctestplus             1.2.1                pyhd8ed1ab_0             conda-forge
2025-02-24T14:42:30.4185800Z   pytest-html                    4.1.1                pyhd8ed1ab_0             conda-forge
2025-02-24T14:42:30.4186190Z   pytest-metadata                3.1.1                pyhd8ed1ab_0             conda-forge
2025-02-24T14:42:30.4186590Z   python                         3.12.4               h30c5eda_0_cpython       conda-forge
2025-02-24T14:42:30.4186980Z   python-dateutil                2.9.0                pyhd8ed1ab_0             conda-forge
2025-02-24T14:42:30.4187660Z   python-fastjsonschema          2.20.0               pyhd8ed1ab_0             conda-forge
2025-02-24T14:42:30.4188160Z   python-json-logger             2.0.7                pyhd8ed1ab_0             conda-forge
2025-02-24T14:42:30.4188560Z   python-tzdata                  2024.1               pyhd8ed1ab_0             conda-forge
2025-02-24T14:42:30.4188990Z   python_abi                     3.12                 4_cp312                  conda-forge
2025-02-24T14:42:30.4189330Z   pytz                           2024.1               pyhd8ed1ab_0             conda-forge
2025-02-24T14:42:30.4189710Z   pyyaml                         6.0.1                py312h02f2b3b_1          conda-forge
2025-02-24T14:42:30.4190060Z   pyzmq                          26.0.3               py312hfa13136_0          conda-forge
2025-02-24T14:42:30.4190470Z   qgrid                          1.3.1                pyhd8ed1ab_4             conda-forge
2025-02-24T14:42:30.4190890Z   radioactivedecay               0.5.1                pyhd8ed1ab_0             conda-forge
2025-02-24T14:42:30.4191240Z   readline                       8.2                  h92ec313_1               conda-forge
2025-02-24T14:42:30.4191640Z   recommonmark                   0.7.1                pyhd8ed1ab_0             conda-forge
2025-02-24T14:42:30.4192020Z   referencing                    0.35.1               pyhd8ed1ab_0             conda-forge
2025-02-24T14:42:30.4192620Z   requests                       2.32.3               pyhd8ed1ab_0             conda-forge
2025-02-24T14:42:30.4193100Z   rfc3339-validator              0.1.4                pyhd8ed1ab_0             conda-forge
2025-02-24T14:42:30.4193650Z   rfc3986-validator              0.1.1                pyh9f0ad1d_0             conda-forge
2025-02-24T14:42:30.4194320Z   rpds-py                        0.18.1               py312h552d48e_0          conda-forge
2025-02-24T14:42:30.4194840Z   ruff                           0.4.9                py312h3402d49_0          conda-forge
2025-02-24T14:42:30.4195470Z   scipy                          1.13.1               py312h14ffa8f_0          conda-forge
2025-02-24T14:42:30.4196030Z   send2trash                     1.8.3                pyh31c8845_0             conda-forge
2025-02-24T14:42:30.4196490Z   setuptools                     70.0.0               pyhd8ed1ab_0             conda-forge
2025-02-24T14:42:30.4196880Z   setuptools-scm                 8.1.0                pyhd8ed1ab_0             conda-forge
2025-02-24T14:42:30.4203200Z   setuptools_scm                 8.1.0                hd8ed1ab_0               conda-forge
2025-02-24T14:42:30.4203520Z   six                            1.16.0               pyh6c4a22f_0             conda-forge
2025-02-24T14:42:30.4203810Z   snakeviz                       2.2.0                pyhd8ed1ab_0             conda-forge
2025-02-24T14:42:30.4204100Z   snappy                         1.2.0                hd04f947_1               conda-forge
2025-02-24T14:42:30.4204560Z   sniffio                        1.3.1                pyhd8ed1ab_0             conda-forge
2025-02-24T14:42:30.4204880Z   snowballstemmer                2.2.0                pyhd8ed1ab_0             conda-forge
2025-02-24T14:42:30.4205200Z   soupsieve                      2.5                  pyhd8ed1ab_1             conda-forge
2025-02-24T14:42:30.4205490Z   sphinx                         7.3.7                pyhd8ed1ab_0             conda-forge
2025-02-24T14:42:30.4205800Z   sphinx-astropy                 1.9.1                pyhd8ed1ab_0             conda-forge
2025-02-24T14:42:30.4206140Z   sphinx-automodapi              0.17.0               pyh717bed2_1             conda-forge
2025-02-24T14:42:30.4206480Z   sphinx-gallery                 0.16.0               pyhd8ed1ab_0             conda-forge
2025-02-24T14:42:30.4206810Z   sphinx-jsonschema              1.19.1               pyhd8ed1ab_0             conda-forge
2025-02-24T14:42:30.4207170Z   sphinx_bootstrap_theme         0.8.1                pyhd8ed1ab_0             conda-forge
2025-02-24T14:42:30.4207600Z   sphinx_rtd_theme               2.0.0                pyha770c72_0             conda-forge
2025-02-24T14:42:30.4207940Z   sphinxcontrib-apidoc           0.3.0                py_1                     conda-forge
2025-02-24T14:42:30.4208290Z   sphinxcontrib-applehelp        1.0.8                pyhd8ed1ab_0             conda-forge
2025-02-24T14:42:30.4208650Z   sphinxcontrib-bibtex           2.6.2                pyhd8ed1ab_0             conda-forge
2025-02-24T14:42:30.4208990Z   sphinxcontrib-devhelp          1.0.6                pyhd8ed1ab_0             conda-forge
2025-02-24T14:42:30.4209350Z   sphinxcontrib-htmlhelp         2.0.5                pyhd8ed1ab_0             conda-forge
2025-02-24T14:42:30.4209700Z   sphinxcontrib-jquery           4.1                  pyhd8ed1ab_0             conda-forge
2025-02-24T14:42:30.4210040Z   sphinxcontrib-jsmath           1.0.1                pyhd8ed1ab_0             conda-forge
2025-02-24T14:42:30.4210390Z   sphinxcontrib-qthelp           1.0.7                pyhd8ed1ab_0             conda-forge
2025-02-24T14:42:30.4210770Z   sphinxcontrib-serializinghtml  1.1.10               pyhd8ed1ab_0             conda-forge
2025-02-24T14:42:30.4211120Z   stack_data                     0.6.2                pyhd8ed1ab_0             conda-forge
2025-02-24T14:42:30.4211410Z   sympy                          1.12.1               pypyh2585a3b_103         conda-forge
2025-02-24T14:42:30.4211690Z   tabulate                       0.9.0                pyhd8ed1ab_1             conda-forge
2025-02-24T14:42:30.4211970Z   tenacity                       8.4.1                pyhd8ed1ab_0             conda-forge
2025-02-24T14:42:30.4212260Z   terminado                      0.18.1               pyh31c8845_0             conda-forge
2025-02-24T14:42:30.4212550Z   tinycss2                       1.3.0                pyhd8ed1ab_0             conda-forge
2025-02-24T14:42:30.4212820Z   tk                             8.6.13               h5083fa2_1               conda-forge
2025-02-24T14:42:30.4213080Z   toml                           0.10.2               pyhd8ed1ab_0             conda-forge
2025-02-24T14:42:30.4213350Z   tomli                          2.0.1                pyhd8ed1ab_0             conda-forge
2025-02-24T14:42:30.4213630Z   tornado                        6.4.1                py312h7e5086c_0          conda-forge
2025-02-24T14:42:30.4213910Z   tqdm                           4.66.4               pyhd8ed1ab_0             conda-forge
2025-02-24T14:42:30.4214180Z   traitlets                      5.14.3               pyhd8ed1ab_0             conda-forge
2025-02-24T14:42:30.4214470Z   typed-ast                      1.5.5                py312h02f2b3b_1          conda-forge
2025-02-24T14:42:30.4214810Z   types-python-dateutil          2.9.0.20240316       pyhd8ed1ab_0             conda-forge
2025-02-24T14:42:30.4215160Z   typing-extensions              4.12.2               hd8ed1ab_0               conda-forge
2025-02-24T14:42:30.4215610Z   typing_extensions              4.12.2               pyha770c72_0             conda-forge
2025-02-24T14:42:30.4215940Z   typing_utils                   0.1.0                pyhd8ed1ab_0             conda-forge
2025-02-24T14:42:30.4216250Z   tzdata                         2024a                h0c530f3_0               conda-forge
2025-02-24T14:42:30.4216560Z   uri-template                   1.3.0                pyhd8ed1ab_0             conda-forge
2025-02-24T14:42:30.4216880Z   urllib3                        2.2.2                pyhd8ed1ab_0             conda-forge
2025-02-24T14:42:30.4217180Z   wcwidth                        0.2.13               pyhd8ed1ab_0             conda-forge
2025-02-24T14:42:30.4217530Z   webcolors                      24.6.0               pyhd8ed1ab_0             conda-forge
2025-02-24T14:42:30.4217900Z   webencodings                   0.5.1                pyhd8ed1ab_2             conda-forge
2025-02-24T14:42:30.4218300Z   websocket-client               1.8.0                pyhd8ed1ab_0             conda-forge
2025-02-24T14:42:30.4218790Z   wheel                          0.43.0               pyhd8ed1ab_1             conda-forge
2025-02-24T14:42:30.4219150Z   widgetsnbextension             3.6.6                pyhd8ed1ab_0             conda-forge
2025-02-24T14:42:30.4219510Z   xorg-libxau                    1.0.11               hb547adb_0               conda-forge
2025-02-24T14:42:30.4220040Z   xorg-libxdmcp                  1.1.3                h27ca646_0               conda-forge
2025-02-24T14:42:30.4220500Z   xz                             5.2.6                h57fd34a_0               conda-forge
2025-02-24T14:42:30.4221090Z   yaml                           0.2.5                h3422bc3_2               conda-forge
2025-02-24T14:42:30.4221680Z   zeromq                         4.3.5                hcc0f68c_4               conda-forge
2025-02-24T14:42:30.4221990Z   zipp                           3.19.2               pyhd8ed1ab_0             conda-forge
2025-02-24T14:42:30.4222300Z   zlib                           1.3.1                hfb2fe0b_1               conda-forge
2025-02-24T14:42:30.4222600Z   zlib-ng                        2.0.7                h1a8c8d9_0               conda-forge
2025-02-24T14:42:30.4222910Z   zstd                           1.5.6                hb46c0d2_0               conda-forge
2025-02-24T14:42:30.4223360Z ##[endgroup]
2025-02-24T14:42:30.4291560Z ##[group]Run pip install -e . --user
2025-02-24T14:42:30.4291820Z [36;1mpip install -e . --user[0m
2025-02-24T14:42:30.4508150Z shell: /bin/bash -l {0}
2025-02-24T14:42:30.4508340Z env:
2025-02-24T14:42:30.4508500Z   CACHE_NUMBER: 0
2025-02-24T14:42:30.4509020Z   PYTEST_FLAGS: --tardis-regression-data=/Users/runner/work/tardis/tardis/tardis-regression-data --cov=tardis --cov-report=xml --cov-report=html --cov-append
2025-02-24T14:42:30.4510060Z   CODECOV_TOKEN: ***
2025-02-24T14:42:30.4510250Z   MAMBA_ROOT_PREFIX: /Users/runner/micromamba
2025-02-24T14:42:30.4510520Z   MAMBA_EXE: /Users/runner/micromamba-bin/micromamba
2025-02-24T14:42:30.4510800Z   CONDARC: /Users/runner/work/_temp/setup-micromamba/.condarc
2025-02-24T14:42:30.4511050Z ##[endgroup]
2025-02-24T14:42:31.3557470Z Obtaining file:///Users/runner/work/tardis/tardis
2025-02-24T14:42:31.3581310Z   Installing build dependencies: started
2025-02-24T14:42:33.8175110Z   Installing build dependencies: finished with status 'done'
2025-02-24T14:42:33.8181910Z   Checking if build backend supports build_editable: started
2025-02-24T14:42:33.9133060Z   Checking if build backend supports build_editable: finished with status 'done'
2025-02-24T14:42:33.9142250Z   Getting requirements to build editable: started
2025-02-24T14:42:34.2846760Z   Getting requirements to build editable: finished with status 'done'
2025-02-24T14:42:34.2857700Z   Preparing editable metadata (pyproject.toml): started
2025-02-24T14:42:34.6699260Z   Preparing editable metadata (pyproject.toml): finished with status 'done'
2025-02-24T14:42:34.7168860Z Requirement already satisfied: astropy in /Users/runner/micromamba/envs/tardis/lib/python3.12/site-packages (from tardis==0.0.0) (6.1.1)
2025-02-24T14:42:34.7499200Z Requirement already satisfied: numpy>=1.23 in /Users/runner/micromamba/envs/tardis/lib/python3.12/site-packages (from astropy->tardis==0.0.0) (1.26.4)
2025-02-24T14:42:34.7504920Z Requirement already satisfied: pyerfa>=2.0.1.1 in /Users/runner/micromamba/envs/tardis/lib/python3.12/site-packages (from astropy->tardis==0.0.0) (2.0.1.4)
2025-02-24T14:42:34.7512600Z Requirement already satisfied: astropy-iers-data>=0.2024.5.27.0.30.8 in /Users/runner/micromamba/envs/tardis/lib/python3.12/site-packages (from astropy->tardis==0.0.0) (0.2024.6.17.0.31.35)
2025-02-24T14:42:34.7516980Z Requirement already satisfied: PyYAML>=3.13 in /Users/runner/micromamba/envs/tardis/lib/python3.12/site-packages (from astropy->tardis==0.0.0) (6.0.1)
2025-02-24T14:42:34.7523110Z Requirement already satisfied: packaging>=19.0 in /Users/runner/micromamba/envs/tardis/lib/python3.12/site-packages (from astropy->tardis==0.0.0) (24.1)
2025-02-24T14:42:34.7581610Z Building wheels for collected packages: tardis
2025-02-24T14:42:34.7651890Z   Building editable for tardis (pyproject.toml): started
2025-02-24T14:42:35.3815020Z   Building editable for tardis (pyproject.toml): finished with status 'done'
2025-02-24T14:42:35.3822200Z   Created wheel for tardis: filename=tardis-0.0.0-0.editable-py3-none-any.whl size=8877 sha256=f26f11584657f1ddd5f5adb0d881218fa7dd1db8d107b39b67a33bcb3f86067f
2025-02-24T14:42:35.3823350Z   Stored in directory: /private/var/folders/2s/h6hvv9ps03xgz_krkkstvq_r0000gn/T/pip-ephem-wheel-cache-w0jkx88p/wheels/bb/4f/6a/0829b918c1c10bc28535ce7f14be21eee54375bdd9cd0c306a
2025-02-24T14:42:35.3850800Z Successfully built tardis
2025-02-24T14:42:35.9444560Z Installing collected packages: tardis
2025-02-24T14:42:35.9516970Z Successfully installed tardis-0.0.0
2025-02-24T14:42:36.1658030Z ##[group]Run pip install qgridnext
2025-02-24T14:42:36.1658300Z [36;1mpip install qgridnext[0m
2025-02-24T14:42:36.2446840Z shell: /bin/bash -l {0}
2025-02-24T14:42:36.2447060Z env:
2025-02-24T14:42:36.2447210Z   CACHE_NUMBER: 0
2025-02-24T14:42:36.2447730Z   PYTEST_FLAGS: --tardis-regression-data=/Users/runner/work/tardis/tardis/tardis-regression-data --cov=tardis --cov-report=xml --cov-report=html --cov-append
2025-02-24T14:42:36.2448510Z   CODECOV_TOKEN: ***
2025-02-24T14:42:36.2448710Z   MAMBA_ROOT_PREFIX: /Users/runner/micromamba
2025-02-24T14:42:36.2448990Z   MAMBA_EXE: /Users/runner/micromamba-bin/micromamba
2025-02-24T14:42:36.2449290Z   CONDARC: /Users/runner/work/_temp/setup-micromamba/.condarc
2025-02-24T14:42:36.2449540Z ##[endgroup]
2025-02-24T14:42:36.6910290Z Collecting qgridnext
2025-02-24T14:42:36.7313880Z   Downloading qgridnext-2.0.4-py3-none-any.whl.metadata (9.9 kB)
2025-02-24T14:42:36.7482440Z Requirement already satisfied: pandas>=0.20.0 in /Users/runner/micromamba/envs/tardis/lib/python3.12/site-packages (from qgridnext) (2.2.2)
2025-02-24T14:42:36.7488080Z Requirement already satisfied: ipywidgets>=7.0.0 in /Users/runner/micromamba/envs/tardis/lib/python3.12/site-packages (from qgridnext) (7.8.0)
2025-02-24T14:42:36.7493800Z Requirement already satisfied: numpy in /Users/runner/micromamba/envs/tardis/lib/python3.12/site-packages (from qgridnext) (1.26.4)
2025-02-24T14:42:36.7500840Z Requirement already satisfied: traitlets in /Users/runner/micromamba/envs/tardis/lib/python3.12/site-packages (from qgridnext) (5.14.3)
2025-02-24T14:42:36.7553080Z Requirement already satisfied: comm>=0.1.3 in /Users/runner/micromamba/envs/tardis/lib/python3.12/site-packages (from ipywidgets>=7.0.0->qgridnext) (0.2.2)
2025-02-24T14:42:36.7557630Z Requirement already satisfied: ipython-genutils~=0.2.0 in /Users/runner/micromamba/envs/tardis/lib/python3.12/site-packages (from ipywidgets>=7.0.0->qgridnext) (0.2.0)
2025-02-24T14:42:36.7566200Z Requirement already satisfied: widgetsnbextension~=3.6.5 in /Users/runner/micromamba/envs/tardis/lib/python3.12/site-packages (from ipywidgets>=7.0.0->qgridnext) (3.6.6)
2025-02-24T14:42:36.7574670Z Requirement already satisfied: ipython>=4.0.0 in /Users/runner/micromamba/envs/tardis/lib/python3.12/site-packages (from ipywidgets>=7.0.0->qgridnext) (8.25.0)
2025-02-24T14:42:36.7583110Z Requirement already satisfied: jupyterlab-widgets<3,>=1.0.0 in /Users/runner/micromamba/envs/tardis/lib/python3.12/site-packages (from ipywidgets>=7.0.0->qgridnext) (1.1.7)
2025-02-24T14:42:36.7867990Z Requirement already satisfied: python-dateutil>=2.8.2 in /Users/runner/micromamba/envs/tardis/lib/python3.12/site-packages (from pandas>=0.20.0->qgridnext) (2.9.0)
2025-02-24T14:42:36.7878120Z Requirement already satisfied: pytz>=2020.1 in /Users/runner/micromamba/envs/tardis/lib/python3.12/site-packages (from pandas>=0.20.0->qgridnext) (2024.1)
2025-02-24T14:42:36.7883030Z Requirement already satisfied: tzdata>=2022.7 in /Users/runner/micromamba/envs/tardis/lib/python3.12/site-packages (from pandas>=0.20.0->qgridnext) (2024.1)
2025-02-24T14:42:36.8088650Z Requirement already satisfied: decorator in /Users/runner/micromamba/envs/tardis/lib/python3.12/site-packages (from ipython>=4.0.0->ipywidgets>=7.0.0->qgridnext) (5.1.1)
2025-02-24T14:42:36.8099200Z Requirement already satisfied: jedi>=0.16 in /Users/runner/micromamba/envs/tardis/lib/python3.12/site-packages (from ipython>=4.0.0->ipywidgets>=7.0.0->qgridnext) (0.19.1)
2025-02-24T14:42:36.8104210Z Requirement already satisfied: matplotlib-inline in /Users/runner/micromamba/envs/tardis/lib/python3.12/site-packages (from ipython>=4.0.0->ipywidgets>=7.0.0->qgridnext) (0.1.7)
2025-02-24T14:42:36.8109860Z Requirement already satisfied: prompt-toolkit<3.1.0,>=3.0.41 in /Users/runner/micromamba/envs/tardis/lib/python3.12/site-packages (from ipython>=4.0.0->ipywidgets>=7.0.0->qgridnext) (3.0.47)
2025-02-24T14:42:36.8115400Z Requirement already satisfied: pygments>=2.4.0 in /Users/runner/micromamba/envs/tardis/lib/python3.12/site-packages (from ipython>=4.0.0->ipywidgets>=7.0.0->qgridnext) (2.18.0)
2025-02-24T14:42:36.8120780Z Requirement already satisfied: stack-data in /Users/runner/micromamba/envs/tardis/lib/python3.12/site-packages (from ipython>=4.0.0->ipywidgets>=7.0.0->qgridnext) (0.6.2)
2025-02-24T14:42:36.8133490Z Requirement already satisfied: pexpect>4.3 in /Users/runner/micromamba/envs/tardis/lib/python3.12/site-packages (from ipython>=4.0.0->ipywidgets>=7.0.0->qgridnext) (4.9.0)
2025-02-24T14:42:36.8161540Z Requirement already satisfied: six>=1.5 in /Users/runner/micromamba/envs/tardis/lib/python3.12/site-packages (from python-dateutil>=2.8.2->pandas>=0.20.0->qgridnext) (1.16.0)
2025-02-24T14:42:36.8196750Z Requirement already satisfied: notebook>=4.4.1 in /Users/runner/micromamba/envs/tardis/lib/python3.12/site-packages (from widgetsnbextension~=3.6.5->ipywidgets>=7.0.0->qgridnext) (7.2.1)
2025-02-24T14:42:36.8318730Z Requirement already satisfied: parso<0.9.0,>=0.8.3 in /Users/runner/micromamba/envs/tardis/lib/python3.12/site-packages (from jedi>=0.16->ipython>=4.0.0->ipywidgets>=7.0.0->qgridnext) (0.8.4)
2025-02-24T14:42:36.8407230Z Requirement already satisfied: jupyter-server<3,>=2.4.0 in /Users/runner/micromamba/envs/tardis/lib/python3.12/site-packages (from notebook>=4.4.1->widgetsnbextension~=3.6.5->ipywidgets>=7.0.0->qgridnext) (2.14.1)
2025-02-24T14:42:36.8414290Z Requirement already satisfied: jupyterlab-server<3,>=2.27.1 in /Users/runner/micromamba/envs/tardis/lib/python3.12/site-packages (from notebook>=4.4.1->widgetsnbextension~=3.6.5->ipywidgets>=7.0.0->qgridnext) (2.27.2)
2025-02-24T14:42:36.8423980Z Requirement already satisfied: jupyterlab<4.3,>=4.2.0 in /Users/runner/micromamba/envs/tardis/lib/python3.12/site-packages (from notebook>=4.4.1->widgetsnbextension~=3.6.5->ipywidgets>=7.0.0->qgridnext) (4.2.2)
2025-02-24T14:42:36.8429950Z Requirement already satisfied: notebook-shim<0.3,>=0.2 in /Users/runner/micromamba/envs/tardis/lib/python3.12/site-packages (from notebook>=4.4.1->widgetsnbextension~=3.6.5->ipywidgets>=7.0.0->qgridnext) (0.2.4)
2025-02-24T14:42:36.8533000Z Requirement already satisfied: tornado>=6.2.0 in /Users/runner/micromamba/envs/tardis/lib/python3.12/site-packages (from notebook>=4.4.1->widgetsnbextension~=3.6.5->ipywidgets>=7.0.0->qgridnext) (6.4.1)
2025-02-24T14:42:36.8635400Z Requirement already satisfied: ptyprocess>=0.5 in /Users/runner/micromamba/envs/tardis/lib/python3.12/site-packages (from pexpect>4.3->ipython>=4.0.0->ipywidgets>=7.0.0->qgridnext) (0.7.0)
2025-02-24T14:42:36.8636460Z Requirement already satisfied: wcwidth in /Users/runner/micromamba/envs/tardis/lib/python3.12/site-packages (from prompt-toolkit<3.1.0,>=3.0.41->ipython>=4.0.0->ipywidgets>=7.0.0->qgridnext) (0.2.13)
2025-02-24T14:42:36.8738140Z Requirement already satisfied: executing>=1.2.0 in /Users/runner/micromamba/envs/tardis/lib/python3.12/site-packages (from stack-data->ipython>=4.0.0->ipywidgets>=7.0.0->qgridnext) (2.0.1)
2025-02-24T14:42:36.8838630Z Requirement already satisfied: asttokens>=2.1.0 in /Users/runner/micromamba/envs/tardis/lib/python3.12/site-packages (from stack-data->ipython>=4.0.0->ipywidgets>=7.0.0->qgridnext) (2.4.1)
2025-02-24T14:42:36.8940340Z Requirement already satisfied: pure-eval in /Users/runner/micromamba/envs/tardis/lib/python3.12/site-packages (from stack-data->ipython>=4.0.0->ipywidgets>=7.0.0->qgridnext) (0.2.2)
2025-02-24T14:42:36.9040760Z Requirement already satisfied: anyio>=3.1.0 in /Users/runner/micromamba/envs/tardis/lib/python3.12/site-packages (from jupyter-server<3,>=2.4.0->notebook>=4.4.1->widgetsnbextension~=3.6.5->ipywidgets>=7.0.0->qgridnext) (4.4.0)
2025-02-24T14:42:36.9050990Z Requirement already satisfied: argon2-cffi>=21.1 in /Users/runner/micromamba/envs/tardis/lib/python3.12/site-packages (from jupyter-server<3,>=2.4.0->notebook>=4.4.1->widgetsnbextension~=3.6.5->ipywidgets>=7.0.0->qgridnext) (23.1.0)
2025-02-24T14:42:36.9052950Z Requirement already satisfied: jinja2>=3.0.3 in /Users/runner/micromamba/envs/tardis/lib/python3.12/site-packages (from jupyter-server<3,>=2.4.0->notebook>=4.4.1->widgetsnbextension~=3.6.5->ipywidgets>=7.0.0->qgridnext) (3.1.4)
2025-02-24T14:42:36.9118650Z Requirement already satisfied: jupyter-client>=7.4.4 in /Users/runner/micromamba/envs/tardis/lib/python3.12/site-packages (from jupyter-server<3,>=2.4.0->notebook>=4.4.1->widgetsnbextension~=3.6.5->ipywidgets>=7.0.0->qgridnext) (8.6.2)
2025-02-24T14:42:36.9136500Z Requirement already satisfied: jupyter-core!=5.0.*,>=4.12 in /Users/runner/micromamba/envs/tardis/lib/python3.12/site-packages (from jupyter-server<3,>=2.4.0->notebook>=4.4.1->widgetsnbextension~=3.6.5->ipywidgets>=7.0.0->qgridnext) (5.7.2)
2025-02-24T14:42:36.9137840Z Requirement already satisfied: jupyter-events>=0.9.0 in /Users/runner/micromamba/envs/tardis/lib/python3.12/site-packages (from jupyter-server<3,>=2.4.0->notebook>=4.4.1->widgetsnbextension~=3.6.5->ipywidgets>=7.0.0->qgridnext) (0.10.0)
2025-02-24T14:42:36.9139150Z Requirement already satisfied: jupyter-server-terminals>=0.4.4 in /Users/runner/micromamba/envs/tardis/lib/python3.12/site-packages (from jupyter-server<3,>=2.4.0->notebook>=4.4.1->widgetsnbextension~=3.6.5->ipywidgets>=7.0.0->qgridnext) (0.5.3)
2025-02-24T14:42:36.9140430Z Requirement already satisfied: nbconvert>=6.4.4 in /Users/runner/micromamba/envs/tardis/lib/python3.12/site-packages (from jupyter-server<3,>=2.4.0->notebook>=4.4.1->widgetsnbextension~=3.6.5->ipywidgets>=7.0.0->qgridnext) (7.16.4)
2025-02-24T14:42:36.9141650Z Requirement already satisfied: nbformat>=5.3.0 in /Users/runner/micromamba/envs/tardis/lib/python3.12/site-packages (from jupyter-server<3,>=2.4.0->notebook>=4.4.1->widgetsnbextension~=3.6.5->ipywidgets>=7.0.0->qgridnext) (5.10.4)
2025-02-24T14:42:36.9183080Z Requirement already satisfied: overrides>=5.0 in /Users/runner/micromamba/envs/tardis/lib/python3.12/site-packages (from jupyter-server<3,>=2.4.0->notebook>=4.4.1->widgetsnbextension~=3.6.5->ipywidgets>=7.0.0->qgridnext) (7.7.0)
2025-02-24T14:42:36.9184390Z Requirement already satisfied: packaging>=22.0 in /Users/runner/micromamba/envs/tardis/lib/python3.12/site-packages (from jupyter-server<3,>=2.4.0->notebook>=4.4.1->widgetsnbextension~=3.6.5->ipywidgets>=7.0.0->qgridnext) (24.1)
2025-02-24T14:42:36.9185900Z Requirement already satisfied: prometheus-client>=0.9 in /Users/runner/micromamba/envs/tardis/lib/python3.12/site-packages (from jupyter-server<3,>=2.4.0->notebook>=4.4.1->widgetsnbextension~=3.6.5->ipywidgets>=7.0.0->qgridnext) (0.20.0)
2025-02-24T14:42:36.9187120Z Requirement already satisfied: pyzmq>=24 in /Users/runner/micromamba/envs/tardis/lib/python3.12/site-packages (from jupyter-server<3,>=2.4.0->notebook>=4.4.1->widgetsnbextension~=3.6.5->ipywidgets>=7.0.0->qgridnext) (26.0.3)
2025-02-24T14:42:36.9188330Z Requirement already satisfied: send2trash>=1.8.2 in /Users/runner/micromamba/envs/tardis/lib/python3.12/site-packages (from jupyter-server<3,>=2.4.0->notebook>=4.4.1->widgetsnbextension~=3.6.5->ipywidgets>=7.0.0->qgridnext) (1.8.3)
2025-02-24T14:42:36.9189580Z Requirement already satisfied: terminado>=0.8.3 in /Users/runner/micromamba/envs/tardis/lib/python3.12/site-packages (from jupyter-server<3,>=2.4.0->notebook>=4.4.1->widgetsnbextension~=3.6.5->ipywidgets>=7.0.0->qgridnext) (0.18.1)
2025-02-24T14:42:36.9190830Z Requirement already satisfied: websocket-client>=1.7 in /Users/runner/micromamba/envs/tardis/lib/python3.12/site-packages (from jupyter-server<3,>=2.4.0->notebook>=4.4.1->widgetsnbextension~=3.6.5->ipywidgets>=7.0.0->qgridnext) (1.8.0)
2025-02-24T14:42:36.9192080Z Requirement already satisfied: async-lru>=1.0.0 in /Users/runner/micromamba/envs/tardis/lib/python3.12/site-packages (from jupyterlab<4.3,>=4.2.0->notebook>=4.4.1->widgetsnbextension~=3.6.5->ipywidgets>=7.0.0->qgridnext) (2.0.4)
2025-02-24T14:42:36.9193270Z Requirement already satisfied: httpx>=0.25.0 in /Users/runner/micromamba/envs/tardis/lib/python3.12/site-packages (from jupyterlab<4.3,>=4.2.0->notebook>=4.4.1->widgetsnbextension~=3.6.5->ipywidgets>=7.0.0->qgridnext) (0.27.0)
2025-02-24T14:42:36.9194710Z Requirement already satisfied: ipykernel>=6.5.0 in /Users/runner/micromamba/envs/tardis/lib/python3.12/site-packages (from jupyterlab<4.3,>=4.2.0->notebook>=4.4.1->widgetsnbextension~=3.6.5->ipywidgets>=7.0.0->qgridnext) (6.29.4)
2025-02-24T14:42:36.9195920Z Requirement already satisfied: jupyter-lsp>=2.0.0 in /Users/runner/micromamba/envs/tardis/lib/python3.12/site-packages (from jupyterlab<4.3,>=4.2.0->notebook>=4.4.1->widgetsnbextension~=3.6.5->ipywidgets>=7.0.0->qgridnext) (2.2.5)
2025-02-24T14:42:36.9197130Z Requirement already satisfied: setuptools>=40.1.0 in /Users/runner/micromamba/envs/tardis/lib/python3.12/site-packages (from jupyterlab<4.3,>=4.2.0->notebook>=4.4.1->widgetsnbextension~=3.6.5->ipywidgets>=7.0.0->qgridnext) (70.0.0)
2025-02-24T14:42:36.9270710Z Requirement already satisfied: babel>=2.10 in /Users/runner/micromamba/envs/tardis/lib/python3.12/site-packages (from jupyterlab-server<3,>=2.27.1->notebook>=4.4.1->widgetsnbextension~=3.6.5->ipywidgets>=7.0.0->qgridnext) (2.14.0)
2025-02-24T14:42:36.9289670Z Requirement already satisfied: json5>=0.9.0 in /Users/runner/micromamba/envs/tardis/lib/python3.12/site-packages (from jupyterlab-server<3,>=2.27.1->notebook>=4.4.1->widgetsnbextension~=3.6.5->ipywidgets>=7.0.0->qgridnext) (0.9.25)
2025-02-24T14:42:36.9296060Z Requirement already satisfied: jsonschema>=4.18.0 in /Users/runner/micromamba/envs/tardis/lib/python3.12/site-packages (from jupyterlab-server<3,>=2.27.1->notebook>=4.4.1->widgetsnbextension~=3.6.5->ipywidgets>=7.0.0->qgridnext) (4.22.0)
2025-02-24T14:42:36.9306860Z Requirement already satisfied: requests>=2.31 in /Users/runner/micromamba/envs/tardis/lib/python3.12/site-packages (from jupyterlab-server<3,>=2.27.1->notebook>=4.4.1->widgetsnbextension~=3.6.5->ipywidgets>=7.0.0->qgridnext) (2.32.3)
2025-02-24T14:42:36.9568090Z Requirement already satisfied: idna>=2.8 in /Users/runner/micromamba/envs/tardis/lib/python3.12/site-packages (from anyio>=3.1.0->jupyter-server<3,>=2.4.0->notebook>=4.4.1->widgetsnbextension~=3.6.5->ipywidgets>=7.0.0->qgridnext) (3.7)
2025-02-24T14:42:36.9672840Z Requirement already satisfied: sniffio>=1.1 in /Users/runner/micromamba/envs/tardis/lib/python3.12/site-packages (from anyio>=3.1.0->jupyter-server<3,>=2.4.0->notebook>=4.4.1->widgetsnbextension~=3.6.5->ipywidgets>=7.0.0->qgridnext) (1.3.1)
2025-02-24T14:42:36.9773150Z Requirement already satisfied: argon2-cffi-bindings in /Users/runner/micromamba/envs/tardis/lib/python3.12/site-packages (from argon2-cffi>=21.1->jupyter-server<3,>=2.4.0->notebook>=4.4.1->widgetsnbextension~=3.6.5->ipywidgets>=7.0.0->qgridnext) (21.2.0)
2025-02-24T14:42:36.9850850Z Requirement already satisfied: certifi in /Users/runner/micromamba/envs/tardis/lib/python3.12/site-packages (from httpx>=0.25.0->jupyterlab<4.3,>=4.2.0->notebook>=4.4.1->widgetsnbextension~=3.6.5->ipywidgets>=7.0.0->qgridnext) (2024.6.2)
2025-02-24T14:42:36.9852120Z Requirement already satisfied: httpcore==1.* in /Users/runner/micromamba/envs/tardis/lib/python3.12/site-packages (from httpx>=0.25.0->jupyterlab<4.3,>=4.2.0->notebook>=4.4.1->widgetsnbextension~=3.6.5->ipywidgets>=7.0.0->qgridnext) (1.0.5)
2025-02-24T14:42:36.9853320Z Requirement already satisfied: h11<0.15,>=0.13 in /Users/runner/micromamba/envs/tardis/lib/python3.12/site-packages (from httpcore==1.*->httpx>=0.25.0->jupyterlab<4.3,>=4.2.0->notebook>=4.4.1->widgetsnbextension~=3.6.5->ipywidgets>=7.0.0->qgridnext) (0.14.0)
2025-02-24T14:42:36.9978980Z Requirement already satisfied: appnope in /Users/runner/micromamba/envs/tardis/lib/python3.12/site-packages (from ipykernel>=6.5.0->jupyterlab<4.3,>=4.2.0->notebook>=4.4.1->widgetsnbextension~=3.6.5->ipywidgets>=7.0.0->qgridnext) (0.1.4)
2025-02-24T14:42:37.0064360Z Requirement already satisfied: debugpy>=1.6.5 in /Users/runner/micromamba/envs/tardis/lib/python3.12/site-packages (from ipykernel>=6.5.0->jupyterlab<4.3,>=4.2.0->notebook>=4.4.1->widgetsnbextension~=3.6.5->ipywidgets>=7.0.0->qgridnext) (1.8.1)
2025-02-24T14:42:37.0124420Z Requirement already satisfied: nest-asyncio in /Users/runner/micromamba/envs/tardis/lib/python3.12/site-packages (from ipykernel>=6.5.0->jupyterlab<4.3,>=4.2.0->notebook>=4.4.1->widgetsnbextension~=3.6.5->ipywidgets>=7.0.0->qgridnext) (1.6.0)
2025-02-24T14:42:37.0125670Z Requirement already satisfied: psutil in /Users/runner/micromamba/envs/tardis/lib/python3.12/site-packages (from ipykernel>=6.5.0->jupyterlab<4.3,>=4.2.0->notebook>=4.4.1->widgetsnbextension~=3.6.5->ipywidgets>=7.0.0->qgridnext) (5.9.8)
2025-02-24T14:42:37.0126860Z Requirement already satisfied: MarkupSafe>=2.0 in /Users/runner/micromamba/envs/tardis/lib/python3.12/site-packages (from jinja2>=3.0.3->jupyter-server<3,>=2.4.0->notebook>=4.4.1->widgetsnbextension~=3.6.5->ipywidgets>=7.0.0->qgridnext) (2.1.5)
2025-02-24T14:42:37.0159900Z Requirement already satisfied: attrs>=22.2.0 in /Users/runner/micromamba/envs/tardis/lib/python3.12/site-packages (from jsonschema>=4.18.0->jupyterlab-server<3,>=2.27.1->notebook>=4.4.1->widgetsnbextension~=3.6.5->ipywidgets>=7.0.0->qgridnext) (23.2.0)
2025-02-24T14:42:37.0165130Z Requirement already satisfied: jsonschema-specifications>=2023.03.6 in /Users/runner/micromamba/envs/tardis/lib/python3.12/site-packages (from jsonschema>=4.18.0->jupyterlab-server<3,>=2.27.1->notebook>=4.4.1->widgetsnbextension~=3.6.5->ipywidgets>=7.0.0->qgridnext) (2023.12.1)
2025-02-24T14:42:37.0181400Z Requirement already satisfied: referencing>=0.28.4 in /Users/runner/micromamba/envs/tardis/lib/python3.12/site-packages (from jsonschema>=4.18.0->jupyterlab-server<3,>=2.27.1->notebook>=4.4.1->widgetsnbextension~=3.6.5->ipywidgets>=7.0.0->qgridnext) (0.35.1)
2025-02-24T14:42:37.0182890Z Requirement already satisfied: rpds-py>=0.7.1 in /Users/runner/micromamba/envs/tardis/lib/python3.12/site-packages (from jsonschema>=4.18.0->jupyterlab-server<3,>=2.27.1->notebook>=4.4.1->widgetsnbextension~=3.6.5->ipywidgets>=7.0.0->qgridnext) (0.18.1)
2025-02-24T14:42:37.0383740Z Requirement already satisfied: platformdirs>=2.5 in /Users/runner/micromamba/envs/tardis/lib/python3.12/site-packages (from jupyter-core!=5.0.*,>=4.12->jupyter-server<3,>=2.4.0->notebook>=4.4.1->widgetsnbextension~=3.6.5->ipywidgets>=7.0.0->qgridnext) (4.2.2)
2025-02-24T14:42:37.0484290Z Requirement already satisfied: python-json-logger>=2.0.4 in /Users/runner/micromamba/envs/tardis/lib/python3.12/site-packages (from jupyter-events>=0.9.0->jupyter-server<3,>=2.4.0->notebook>=4.4.1->widgetsnbextension~=3.6.5->ipywidgets>=7.0.0->qgridnext) (2.0.7)
2025-02-24T14:42:37.0585460Z Requirement already satisfied: pyyaml>=5.3 in /Users/runner/micromamba/envs/tardis/lib/python3.12/site-packages (from jupyter-events>=0.9.0->jupyter-server<3,>=2.4.0->notebook>=4.4.1->widgetsnbextension~=3.6.5->ipywidgets>=7.0.0->qgridnext) (6.0.1)
2025-02-24T14:42:37.0619890Z Requirement already satisfied: rfc3339-validator in /Users/runner/micromamba/envs/tardis/lib/python3.12/site-packages (from jupyter-events>=0.9.0->jupyter-server<3,>=2.4.0->notebook>=4.4.1->widgetsnbextension~=3.6.5->ipywidgets>=7.0.0->qgridnext) (0.1.4)
2025-02-24T14:42:37.0622150Z Requirement already satisfied: rfc3986-validator>=0.1.1 in /Users/runner/micromamba/envs/tardis/lib/python3.12/site-packages (from jupyter-events>=0.9.0->jupyter-server<3,>=2.4.0->notebook>=4.4.1->widgetsnbextension~=3.6.5->ipywidgets>=7.0.0->qgridnext) (0.1.1)
2025-02-24T14:42:37.0788210Z Requirement already satisfied: beautifulsoup4 in /Users/runner/micromamba/envs/tardis/lib/python3.12/site-packages (from nbconvert>=6.4.4->jupyter-server<3,>=2.4.0->notebook>=4.4.1->widgetsnbextension~=3.6.5->ipywidgets>=7.0.0->qgridnext) (4.12.3)
2025-02-24T14:42:37.0803520Z Requirement already satisfied: bleach!=5.0.0 in /Users/runner/micromamba/envs/tardis/lib/python3.12/site-packages (from nbconvert>=6.4.4->jupyter-server<3,>=2.4.0->notebook>=4.4.1->widgetsnbextension~=3.6.5->ipywidgets>=7.0.0->qgridnext) (6.1.0)
2025-02-24T14:42:37.0814410Z Requirement already satisfied: defusedxml in /Users/runner/micromamba/envs/tardis/lib/python3.12/site-packages (from nbconvert>=6.4.4->jupyter-server<3,>=2.4.0->notebook>=4.4.1->widgetsnbextension~=3.6.5->ipywidgets>=7.0.0->qgridnext) (0.7.1)
2025-02-24T14:42:37.0824700Z Requirement already satisfied: jupyterlab-pygments in /Users/runner/micromamba/envs/tardis/lib/python3.12/site-packages (from nbconvert>=6.4.4->jupyter-server<3,>=2.4.0->notebook>=4.4.1->widgetsnbextension~=3.6.5->ipywidgets>=7.0.0->qgridnext) (0.3.0)
2025-02-24T14:42:37.0832670Z Requirement already satisfied: mistune<4,>=2.0.3 in /Users/runner/micromamba/envs/tardis/lib/python3.12/site-packages (from nbconvert>=6.4.4->jupyter-server<3,>=2.4.0->notebook>=4.4.1->widgetsnbextension~=3.6.5->ipywidgets>=7.0.0->qgridnext) (3.0.2)
2025-02-24T14:42:37.0840790Z Requirement already satisfied: nbclient>=0.5.0 in /Users/runner/micromamba/envs/tardis/lib/python3.12/site-packages (from nbconvert>=6.4.4->jupyter-server<3,>=2.4.0->notebook>=4.4.1->widgetsnbextension~=3.6.5->ipywidgets>=7.0.0->qgridnext) (0.10.0)
2025-02-24T14:42:37.0851620Z Requirement already satisfied: pandocfilters>=1.4.1 in /Users/runner/micromamba/envs/tardis/lib/python3.12/site-packages (from nbconvert>=6.4.4->jupyter-server<3,>=2.4.0->notebook>=4.4.1->widgetsnbextension~=3.6.5->ipywidgets>=7.0.0->qgridnext) (1.5.0)
2025-02-24T14:42:37.0857760Z Requirement already satisfied: tinycss2 in /Users/runner/micromamba/envs/tardis/lib/python3.12/site-packages (from nbconvert>=6.4.4->jupyter-server<3,>=2.4.0->notebook>=4.4.1->widgetsnbextension~=3.6.5->ipywidgets>=7.0.0->qgridnext) (1.3.0)
2025-02-24T14:42:37.0958220Z Requirement already satisfied: fastjsonschema>=2.15 in /Users/runner/micromamba/envs/tardis/lib/python3.12/site-packages (from nbformat>=5.3.0->jupyter-server<3,>=2.4.0->notebook>=4.4.1->widgetsnbextension~=3.6.5->ipywidgets>=7.0.0->qgridnext) (2.20.0)
2025-02-24T14:42:37.1143340Z Requirement already satisfied: charset-normalizer<4,>=2 in /Users/runner/micromamba/envs/tardis/lib/python3.12/site-packages (from requests>=2.31->jupyterlab-server<3,>=2.27.1->notebook>=4.4.1->widgetsnbextension~=3.6.5->ipywidgets>=7.0.0->qgridnext) (3.3.2)
2025-02-24T14:42:37.1151490Z Requirement already satisfied: urllib3<3,>=1.21.1 in /Users/runner/micromamba/envs/tardis/lib/python3.12/site-packages (from requests>=2.31->jupyterlab-server<3,>=2.27.1->notebook>=4.4.1->widgetsnbextension~=3.6.5->ipywidgets>=7.0.0->qgridnext) (2.2.2)
2025-02-24T14:42:37.1772570Z Requirement already satisfied: webencodings in /Users/runner/micromamba/envs/tardis/lib/python3.12/site-packages (from bleach!=5.0.0->nbconvert>=6.4.4->jupyter-server<3,>=2.4.0->notebook>=4.4.1->widgetsnbextension~=3.6.5->ipywidgets>=7.0.0->qgridnext) (0.5.1)
2025-02-24T14:42:37.2189630Z Requirement already satisfied: fqdn in /Users/runner/micromamba/envs/tardis/lib/python3.12/site-packages (from jsonschema[format-nongpl]>=4.18.0->jupyter-events>=0.9.0->jupyter-server<3,>=2.4.0->notebook>=4.4.1->widgetsnbextension~=3.6.5->ipywidgets>=7.0.0->qgridnext) (1.5.1)
2025-02-24T14:42:37.2290230Z Requirement already satisfied: isoduration in /Users/runner/micromamba/envs/tardis/lib/python3.12/site-packages (from jsonschema[format-nongpl]>=4.18.0->jupyter-events>=0.9.0->jupyter-server<3,>=2.4.0->notebook>=4.4.1->widgetsnbextension~=3.6.5->ipywidgets>=7.0.0->qgridnext) (20.11.0)
2025-02-24T14:42:37.2355290Z Requirement already satisfied: jsonpointer>1.13 in /Users/runner/micromamba/envs/tardis/lib/python3.12/site-packages (from jsonschema[format-nongpl]>=4.18.0->jupyter-events>=0.9.0->jupyter-server<3,>=2.4.0->notebook>=4.4.1->widgetsnbextension~=3.6.5->ipywidgets>=7.0.0->qgridnext) (3.0.0)
2025-02-24T14:42:37.2359340Z Requirement already satisfied: uri-template in /Users/runner/micromamba/envs/tardis/lib/python3.12/site-packages (from jsonschema[format-nongpl]>=4.18.0->jupyter-events>=0.9.0->jupyter-server<3,>=2.4.0->notebook>=4.4.1->widgetsnbextension~=3.6.5->ipywidgets>=7.0.0->qgridnext) (1.3.0)
2025-02-24T14:42:37.2362240Z Requirement already satisfied: webcolors>=1.11 in /Users/runner/micromamba/envs/tardis/lib/python3.12/site-packages (from jsonschema[format-nongpl]>=4.18.0->jupyter-events>=0.9.0->jupyter-server<3,>=2.4.0->notebook>=4.4.1->widgetsnbextension~=3.6.5->ipywidgets>=7.0.0->qgridnext) (24.6.0)
2025-02-24T14:42:37.2966240Z Requirement already satisfied: cffi>=1.0.1 in /Users/runner/micromamba/envs/tardis/lib/python3.12/site-packages (from argon2-cffi-bindings->argon2-cffi>=21.1->jupyter-server<3,>=2.4.0->notebook>=4.4.1->widgetsnbextension~=3.6.5->ipywidgets>=7.0.0->qgridnext) (1.16.0)
2025-02-24T14:42:37.3066440Z Requirement already satisfied: soupsieve>1.2 in /Users/runner/micromamba/envs/tardis/lib/python3.12/site-packages (from beautifulsoup4->nbconvert>=6.4.4->jupyter-server<3,>=2.4.0->notebook>=4.4.1->widgetsnbextension~=3.6.5->ipywidgets>=7.0.0->qgridnext) (2.5)
2025-02-24T14:42:37.3384310Z Requirement already satisfied: pycparser in /Users/runner/micromamba/envs/tardis/lib/python3.12/site-packages (from cffi>=1.0.1->argon2-cffi-bindings->argon2-cffi>=21.1->jupyter-server<3,>=2.4.0->notebook>=4.4.1->widgetsnbextension~=3.6.5->ipywidgets>=7.0.0->qgridnext) (2.22)
2025-02-24T14:42:37.3687170Z Requirement already satisfied: arrow>=0.15.0 in /Users/runner/micromamba/envs/tardis/lib/python3.12/site-packages (from isoduration->jsonschema[format-nongpl]>=4.18.0->jupyter-events>=0.9.0->jupyter-server<3,>=2.4.0->notebook>=4.4.1->widgetsnbextension~=3.6.5->ipywidgets>=7.0.0->qgridnext) (1.3.0)
2025-02-24T14:42:37.3891960Z Requirement already satisfied: types-python-dateutil>=2.8.10 in /Users/runner/micromamba/envs/tardis/lib/python3.12/site-packages (from arrow>=0.15.0->isoduration->jsonschema[format-nongpl]>=4.18.0->jupyter-events>=0.9.0->jupyter-server<3,>=2.4.0->notebook>=4.4.1->widgetsnbextension~=3.6.5->ipywidgets>=7.0.0->qgridnext) (2.9.0.20240316)
2025-02-24T14:42:37.4173430Z Downloading qgridnext-2.0.4-py3-none-any.whl (1.3 MB)
2025-02-24T14:42:37.4758350Z    â”â”â”â”â”â”â”â”â”â”â”â”â”â”â”â”â”â”â”â”â”â”â”â”â”â”â”â”â”â”â”â”â”â”â”â”â”â”â”â” 1.3/1.3 MB 22.6 MB/s eta 0:00:00
2025-02-24T14:42:38.0050740Z Installing collected packages: qgridnext
2025-02-24T14:42:38.0488790Z Successfully installed qgridnext-2.0.4
2025-02-24T14:42:38.2461850Z ##[group]Run pytest tardis --tardis-regression-data=/Users/runner/work/tardis/tardis/tardis-regression-data --cov=tardis --cov-report=xml --cov-report=html --cov-append -m " continuum"
2025-02-24T14:42:38.2462790Z [36;1mpytest tardis --tardis-regression-data=/Users/runner/work/tardis/tardis/tardis-regression-data --cov=tardis --cov-report=xml --cov-report=html --cov-append -m " continuum"[0m
2025-02-24T14:42:38.2511810Z shell: /bin/bash -l {0}
2025-02-24T14:42:38.2511970Z env:
2025-02-24T14:42:38.2512090Z   CACHE_NUMBER: 0
2025-02-24T14:42:38.2512590Z   PYTEST_FLAGS: --tardis-regression-data=/Users/runner/work/tardis/tardis/tardis-regression-data --cov=tardis --cov-report=xml --cov-report=html --cov-append
2025-02-24T14:42:38.2513260Z   CODECOV_TOKEN: ***
2025-02-24T14:42:38.2513440Z   MAMBA_ROOT_PREFIX: /Users/runner/micromamba
2025-02-24T14:42:38.2513680Z   MAMBA_EXE: /Users/runner/micromamba-bin/micromamba
2025-02-24T14:42:38.2514020Z   CONDARC: /Users/runner/work/_temp/setup-micromamba/.condarc
2025-02-24T14:42:38.2514260Z ##[endgroup]
2025-02-24T14:42:50.3261980Z ============================= test session starts ==============================
2025-02-24T14:42:50.3262370Z platform darwin -- Python 3.12.4, pytest-8.2.2, pluggy-1.5.0
2025-02-24T14:42:50.3262690Z rootdir: /Users/runner/work/tardis/tardis
2025-02-24T14:42:50.3262930Z configfile: pyproject.toml
2025-02-24T14:42:50.3263310Z plugins: cov-5.0.0, html-4.1.1, metadata-3.1.1, doctestplus-1.2.1, anyio-4.4.0
2025-02-24T14:42:50.3263670Z collected 1796 items / 1794 deselected / 2 selected
2025-02-24T14:42:50.3263910Z 
2025-02-24T14:43:42.9784960Z tardis/transport/montecarlo/estimators/tests/test_continuum_property_solver.py . [ 50%]
2025-02-24T14:43:42.9785940Z                                                                          [ 50%]
2025-02-24T14:44:08.5744260Z tardis/transport/montecarlo/tests/test_continuum.py .                    [100%]
2025-02-24T14:44:08.5758000Z 
2025-02-24T14:44:08.5758830Z =============================== warnings summary ===============================
2025-02-24T14:44:08.5783860Z tardis/io/configuration/config_validator.py:6
2025-02-24T14:44:08.5785830Z tardis/io/configuration/config_validator.py:6
2025-02-24T14:44:08.5786500Z   /Users/runner/work/tardis/tardis/tardis/io/configuration/config_validator.py:6: DeprecationWarning:
2025-02-24T14:44:08.5787310Z   
2025-02-24T14:44:08.5788650Z   jsonschema.RefResolver is deprecated as of v4.18.0, in favor of the https://github.com/python-jsonschema/referencing library, which provides more compliant referencing behavior as well as more flexible APIs for customization. A future release will remove RefResolver. Please file a feature request (on referencing) if you are missing an API for the kind of customization you need.
2025-02-24T14:44:08.5789900Z 
2025-02-24T14:44:08.5790200Z ../../../micromamba/envs/tardis/lib/python3.12/site-packages/jupyter_client/connect.py:22
2025-02-24T14:44:08.5791000Z   /Users/runner/micromamba/envs/tardis/lib/python3.12/site-packages/jupyter_client/connect.py:22: DeprecationWarning:
2025-02-24T14:44:08.5791480Z   
2025-02-24T14:44:08.5791890Z   Jupyter is migrating its paths to use standard platformdirs
2025-02-24T14:44:08.5792280Z   given by the platformdirs library.  To remove this warning and
2025-02-24T14:44:08.5792810Z   see the appropriate new directories, set the environment variable
2025-02-24T14:44:08.5793240Z   `JUPYTER_PLATFORM_DIRS=1` and then run `jupyter --paths`.
2025-02-24T14:44:08.5793730Z   The use of platformdirs will be the default in `jupyter_core` v6
2025-02-24T14:44:08.5794030Z 
2025-02-24T14:44:08.5799840Z tardis/transport/montecarlo/estimators/tests/test_continuum_property_solver.py::test_continuum_estimators
2025-02-24T14:44:08.5800580Z   /Users/runner/work/tardis/tardis/tardis/transport/montecarlo/montecarlo_main_loop.py:123: NumbaTypeSafetyWarning:
2025-02-24T14:44:08.5801130Z   
2025-02-24T14:44:08.5802230Z   [1m[1m[1munsafe cast from uint64 to int64. Precision may be lost.[0m[0m[0m
2025-02-24T14:44:08.5803490Z 
2025-02-24T14:44:08.5803810Z -- Docs: https://docs.pytest.org/en/stable/how-to/capture-warnings.html
2025-02-24T14:44:08.5804120Z 
2025-02-24T14:44:08.5804250Z ---------- coverage: platform darwin, python 3.12.4-final-0 ----------
2025-02-24T14:44:08.5805060Z Coverage HTML written to dir coverage_html_report
2025-02-24T14:44:08.5805480Z Coverage XML written to file coverage.xml
2025-02-24T14:44:08.5805630Z 
2025-02-24T14:44:08.5805840Z ========== 2 passed, 1794 deselected, 4 warnings in 79.60s (0:01:19) ===========
2025-02-24T14:44:09.4451640Z ##[group]Run mv .coverage .coverage.1
2025-02-24T14:44:09.4469730Z [36;1mmv .coverage .coverage.1[0m
2025-02-24T14:44:09.4551800Z shell: /bin/bash -l {0}
2025-02-24T14:44:09.4552110Z env:
2025-02-24T14:44:09.4552360Z   CACHE_NUMBER: 0
2025-02-24T14:44:09.4553040Z   PYTEST_FLAGS: --tardis-regression-data=/Users/runner/work/tardis/tardis/tardis-regression-data --cov=tardis --cov-report=xml --cov-report=html --cov-append
2025-02-24T14:44:09.4555000Z   CODECOV_TOKEN: ***
2025-02-24T14:44:09.4555290Z   MAMBA_ROOT_PREFIX: /Users/runner/micromamba
2025-02-24T14:44:09.4555610Z   MAMBA_EXE: /Users/runner/micromamba-bin/micromamba
2025-02-24T14:44:09.4556080Z   CONDARC: /Users/runner/work/_temp/setup-micromamba/.condarc
2025-02-24T14:44:09.4556520Z ##[endgroup]
2025-02-24T14:44:09.6104530Z ##[group]Run actions/upload-artifact@v4
2025-02-24T14:44:09.6104890Z with:
2025-02-24T14:44:09.6105070Z   name: coverage--continuum-macos-latest
2025-02-24T14:44:09.6105300Z   include-hidden-files: true
2025-02-24T14:44:09.6105490Z   path: .coverage*
!.coveragerc

2025-02-24T14:44:09.6105710Z   if-no-files-found: warn
2025-02-24T14:44:09.6105930Z   compression-level: 6
2025-02-24T14:44:09.6106110Z   overwrite: false
2025-02-24T14:44:09.6106300Z env:
2025-02-24T14:44:09.6106430Z   CACHE_NUMBER: 0
2025-02-24T14:44:09.6106980Z   PYTEST_FLAGS: --tardis-regression-data=/Users/runner/work/tardis/tardis/tardis-regression-data --cov=tardis --cov-report=xml --cov-report=html --cov-append
2025-02-24T14:44:09.6107680Z   CODECOV_TOKEN: ***
2025-02-24T14:44:09.6107880Z   MAMBA_ROOT_PREFIX: /Users/runner/micromamba
2025-02-24T14:44:09.6108130Z   MAMBA_EXE: /Users/runner/micromamba-bin/micromamba
2025-02-24T14:44:09.6108430Z   CONDARC: /Users/runner/work/_temp/setup-micromamba/.condarc
2025-02-24T14:44:09.6108720Z ##[endgroup]
2025-02-24T14:44:09.8881160Z With the provided path, there will be 2 files uploaded
2025-02-24T14:44:09.8884160Z Artifact name is valid!
2025-02-24T14:44:09.8884790Z Root directory input is valid!
2025-02-24T14:44:10.1267570Z Beginning upload of artifact content to blob storage
2025-02-24T14:44:10.5640020Z Uploaded bytes 28000
2025-02-24T14:44:10.6168480Z Finished uploading artifact content to blob storage!
2025-02-24T14:44:10.6175650Z SHA256 hash of uploaded artifact zip is 4dc24251945247c8491ace76aa57c037d48ad613fb61e097d9bae485ad3f64c5
2025-02-24T14:44:10.6179800Z Finalizing artifact upload
2025-02-24T14:44:10.7482980Z Artifact coverage--continuum-macos-latest.zip successfully finalized. Artifact ID 2641759946
2025-02-24T14:44:10.7483730Z Artifact coverage--continuum-macos-latest has been successfully uploaded! Final size is 28000 bytes. Artifact ID is 2641759946
2025-02-24T14:44:10.7484860Z Artifact download URL: https://github.com/tardis-sn/tardis/actions/runs/13500627320/artifacts/2641759946
2025-02-24T14:44:10.7547090Z Post job cleanup.
2025-02-24T14:44:10.7578130Z Post job cleanup.
2025-02-24T14:44:10.8644410Z Will use pre-installed micromamba at /Users/runner/micromamba-bin/micromamba
2025-02-24T14:44:10.8647680Z Removing micromamba run shell ...
2025-02-24T14:44:10.8649660Z ##[group]Deinitialize micromamba for bash
2025-02-24T14:44:10.8662960Z [command]/Users/runner/micromamba-bin/micromamba shell deinit -s bash -r /Users/runner/micromamba --log-level warning --rc-file /Users/runner/work/_temp/setup-micromamba/.condarc
2025-02-24T14:44:10.8788450Z Resetting RC file "/Users/runner/.bash_profile"
2025-02-24T14:44:10.8788850Z Deleting config for root prefix 
2025-02-24T14:44:10.8789090Z Clearing mamba executable environment variable
2025-02-24T14:44:10.8802840Z Removing the following in your "/Users/runner/.bash_profile" file
2025-02-24T14:44:10.8803210Z # >>> mamba initialize >>>
2025-02-24T14:44:10.8803670Z ...
2025-02-24T14:44:10.8804190Z # <<< mamba initialize <<<
2025-02-24T14:44:10.8830020Z Removing environment tardis from auto-activate bash ...
2025-02-24T14:44:10.8929990Z Post job cleanup.
2025-02-24T14:44:10.8991040Z Post job cleanup.
2025-02-24T14:44:10.9829450Z [command]/opt/homebrew/bin/git version
2025-02-24T14:44:11.0013870Z git version 2.48.1
2025-02-24T14:44:11.0103990Z Copying '/Users/runner/.gitconfig' to '/Users/runner/work/_temp/535518a3-545c-40ec-a79d-2bbfc5a1cfe0/.gitconfig'
2025-02-24T14:44:11.0105020Z Temporarily overriding HOME='/Users/runner/work/_temp/535518a3-545c-40ec-a79d-2bbfc5a1cfe0' before making global git config changes
2025-02-24T14:44:11.0105730Z Adding repository directory to the temporary git global config as a safe directory
2025-02-24T14:44:11.0106300Z [command]/opt/homebrew/bin/git config --global --add safe.directory /Users/runner/work/tardis/tardis/tardis-regression-data
2025-02-24T14:44:11.0153290Z [command]/opt/homebrew/bin/git config --local --name-only --get-regexp core\.sshCommand
2025-02-24T14:44:11.0198920Z [command]/opt/homebrew/bin/git submodule foreach --recursive sh -c "git config --local --name-only --get-regexp 'core\.sshCommand' && git config --local --unset-all 'core.sshCommand' || :"
2025-02-24T14:44:11.0840620Z [command]/opt/homebrew/bin/git config --local --name-only --get-regexp http\.https\:\/\/github\.com\/\.extraheader
2025-02-24T14:44:11.0879710Z http.https://github.com/.extraheader
2025-02-24T14:44:11.0890210Z [command]/opt/homebrew/bin/git config --local --unset-all http.https://github.com/.extraheader
2025-02-24T14:44:11.0942930Z [command]/opt/homebrew/bin/git submodule foreach --recursive sh -c "git config --local --name-only --get-regexp 'http\.https\:\/\/github\.com\/\.extraheader' && git config --local --unset-all 'http.https://github.com/.extraheader' || :"
2025-02-24T14:44:11.1602300Z Post job cleanup.
2025-02-24T14:44:11.2451740Z [command]/opt/homebrew/bin/git version
2025-02-24T14:44:11.2497090Z git version 2.48.1
2025-02-24T14:44:11.2518890Z Copying '/Users/runner/.gitconfig' to '/Users/runner/work/_temp/ec2fefd4-0e33-46c5-ac83-d0c0b2ede964/.gitconfig'
2025-02-24T14:44:11.2525860Z Temporarily overriding HOME='/Users/runner/work/_temp/ec2fefd4-0e33-46c5-ac83-d0c0b2ede964' before making global git config changes
2025-02-24T14:44:11.2526540Z Adding repository directory to the temporary git global config as a safe directory
2025-02-24T14:44:11.2529050Z [command]/opt/homebrew/bin/git config --global --add safe.directory /Users/runner/work/tardis/tardis
2025-02-24T14:44:11.2582650Z [command]/opt/homebrew/bin/git config --local --name-only --get-regexp core\.sshCommand
2025-02-24T14:44:11.2624490Z [command]/opt/homebrew/bin/git submodule foreach --recursive sh -c "git config --local --name-only --get-regexp 'core\.sshCommand' && git config --local --unset-all 'core.sshCommand' || :"
2025-02-24T14:44:11.3148740Z [command]/opt/homebrew/bin/git config --local --name-only --get-regexp http\.https\:\/\/github\.com\/\.extraheader
2025-02-24T14:44:11.3182040Z http.https://github.com/.extraheader
2025-02-24T14:44:11.3202350Z [command]/opt/homebrew/bin/git config --local --unset-all http.https://github.com/.extraheader
2025-02-24T14:44:11.3243510Z [command]/opt/homebrew/bin/git submodule foreach --recursive sh -c "git config --local --name-only --get-regexp 'http\.https\:\/\/github\.com\/\.extraheader' && git config --local --unset-all 'http.https://github.com/.extraheader' || :"
2025-02-24T14:44:11.3872360Z Cleaning up orphan processes
