2025-02-24T12:32:42.1124930Z Prepare all required actions
2025-02-24T12:32:42.1125890Z Getting action download info
2025-02-24T12:32:42.3798690Z ##[group]Download immutable action package 'actions/cache@v4'
2025-02-24T12:32:42.3799040Z Version: 4.2.1
2025-02-24T12:32:42.3799340Z Digest: sha256:b0404c9628d43aa6855629075b28f32cadf8efc5c26198438149f78500112940
2025-02-24T12:32:42.3799750Z Source commit SHA: 0c907a75c2c80ebcb7f088228285e798b750cf8f
2025-02-24T12:32:42.3800030Z ##[endgroup]
2025-02-24T12:32:42.9081870Z ##[group]Run ./.github/actions/setup_lfs
2025-02-24T12:32:42.9082090Z with:
2025-02-24T12:32:42.9082290Z   regression-data-repo: tardis-sn/tardis-regression-data
2025-02-24T12:32:42.9082550Z   atom-data-sparse: false
2025-02-24T12:32:42.9082700Z env:
2025-02-24T12:32:42.9082830Z   CACHE_NUMBER: 0
2025-02-24T12:32:42.9083280Z   PYTEST_FLAGS: --tardis-regression-data=/Users/runner/work/tardis/tardis/tardis-regression-data --cov=tardis --cov-report=xml --cov-report=html --cov-append
2025-02-24T12:32:42.9083830Z   CODECOV_TOKEN: ***
2025-02-24T12:32:42.9083990Z ##[endgroup]
2025-02-24T12:32:42.9183240Z ##[group]Run actions/checkout@v4
2025-02-24T12:32:42.9183470Z with:
2025-02-24T12:32:42.9183630Z   repository: tardis-sn/tardis-regression-data
2025-02-24T12:32:42.9183860Z   path: tardis-regression-data
2025-02-24T12:32:42.9184040Z   lfs: false
2025-02-24T12:32:42.9184250Z   token: ***
2025-02-24T12:32:42.9184390Z   ssh-strict: true
2025-02-24T12:32:42.9184520Z   ssh-user: git
2025-02-24T12:32:42.9184670Z   persist-credentials: true
2025-02-24T12:32:42.9184830Z   clean: true
2025-02-24T12:32:42.9184980Z   sparse-checkout-cone-mode: true
2025-02-24T12:32:42.9185160Z   fetch-depth: 1
2025-02-24T12:32:42.9185310Z   fetch-tags: false
2025-02-24T12:32:42.9185450Z   show-progress: true
2025-02-24T12:32:42.9185610Z   submodules: false
2025-02-24T12:32:42.9185760Z   set-safe-directory: true
2025-02-24T12:32:42.9185940Z env:
2025-02-24T12:32:42.9186060Z   CACHE_NUMBER: 0
2025-02-24T12:32:42.9186530Z   PYTEST_FLAGS: --tardis-regression-data=/Users/runner/work/tardis/tardis/tardis-regression-data --cov=tardis --cov-report=xml --cov-report=html --cov-append
2025-02-24T12:32:42.9187090Z   CODECOV_TOKEN: ***
2025-02-24T12:32:42.9187240Z ##[endgroup]
2025-02-24T12:32:42.9909470Z Syncing repository: tardis-sn/tardis-regression-data
2025-02-24T12:32:42.9913430Z ##[group]Getting Git version info
2025-02-24T12:32:42.9913800Z Working directory is '/Users/runner/work/tardis/tardis/tardis-regression-data'
2025-02-24T12:32:42.9957690Z [command]/opt/homebrew/bin/git version
2025-02-24T12:32:43.0118800Z git version 2.48.1
2025-02-24T12:32:43.0612750Z ##[endgroup]
2025-02-24T12:32:43.0817730Z Copying '/Users/runner/.gitconfig' to '/Users/runner/work/_temp/56873108-83f9-4a0e-a343-3526b750fd14/.gitconfig'
2025-02-24T12:32:43.0906460Z Temporarily overriding HOME='/Users/runner/work/_temp/56873108-83f9-4a0e-a343-3526b750fd14' before making global git config changes
2025-02-24T12:32:43.0918880Z Adding repository directory to the temporary git global config as a safe directory
2025-02-24T12:32:43.0919810Z [command]/opt/homebrew/bin/git config --global --add safe.directory /Users/runner/work/tardis/tardis/tardis-regression-data
2025-02-24T12:32:43.0920720Z ##[group]Initializing the repository
2025-02-24T12:32:43.0921080Z [command]/opt/homebrew/bin/git init /Users/runner/work/tardis/tardis/tardis-regression-data
2025-02-24T12:32:43.0941250Z hint: Using 'master' as the name for the initial branch. This default branch name
2025-02-24T12:32:43.0941720Z hint: is subject to change. To configure the initial branch name to use in all
2025-02-24T12:32:43.0942090Z hint: of your new repositories, which will suppress this warning, call:
2025-02-24T12:32:43.0942640Z hint:
2025-02-24T12:32:43.0942840Z hint: 	git config --global init.defaultBranch <name>
2025-02-24T12:32:43.0943050Z hint:
2025-02-24T12:32:43.0943260Z hint: Names commonly chosen instead of 'master' are 'main', 'trunk' and
2025-02-24T12:32:43.0943610Z hint: 'development'. The just-created branch can be renamed via this command:
2025-02-24T12:32:43.0944240Z hint:
2025-02-24T12:32:43.0944380Z hint: 	git branch -m <name>
2025-02-24T12:32:43.0944720Z Initialized empty Git repository in /Users/runner/work/tardis/tardis/tardis-regression-data/.git/
2025-02-24T12:32:43.0945490Z [command]/opt/homebrew/bin/git remote add origin https://github.com/tardis-sn/tardis-regression-data
2025-02-24T12:32:43.0946130Z ##[endgroup]
2025-02-24T12:32:43.0946400Z ##[group]Disabling automatic garbage collection
2025-02-24T12:32:43.0946700Z [command]/opt/homebrew/bin/git config --local gc.auto 0
2025-02-24T12:32:43.0947280Z ##[endgroup]
2025-02-24T12:32:43.0947520Z ##[group]Setting up auth
2025-02-24T12:32:43.0947830Z [command]/opt/homebrew/bin/git config --local --name-only --get-regexp core\.sshCommand
2025-02-24T12:32:43.0948700Z [command]/opt/homebrew/bin/git submodule foreach --recursive sh -c "git config --local --name-only --get-regexp 'core\.sshCommand' && git config --local --unset-all 'core.sshCommand' || :"
2025-02-24T12:32:43.1368290Z [command]/opt/homebrew/bin/git config --local --name-only --get-regexp http\.https\:\/\/github\.com\/\.extraheader
2025-02-24T12:32:43.1408020Z [command]/opt/homebrew/bin/git submodule foreach --recursive sh -c "git config --local --name-only --get-regexp 'http\.https\:\/\/github\.com\/\.extraheader' && git config --local --unset-all 'http.https://github.com/.extraheader' || :"
2025-02-24T12:32:43.2655230Z [command]/opt/homebrew/bin/git config --local http.https://github.com/.extraheader AUTHORIZATION: basic ***
2025-02-24T12:32:43.2656560Z ##[endgroup]
2025-02-24T12:32:43.2656970Z ##[group]Determining the default branch
2025-02-24T12:32:43.2657290Z Retrieving the default branch name
2025-02-24T12:32:43.6576400Z Default branch 'main'
2025-02-24T12:32:43.6577210Z ##[endgroup]
2025-02-24T12:32:43.6577690Z ##[group]Fetching the repository
2025-02-24T12:32:43.6581270Z [command]/opt/homebrew/bin/git -c protocol.version=2 fetch --no-tags --prune --no-recurse-submodules --depth=1 origin +refs/heads/main:refs/remotes/origin/main
2025-02-24T12:32:44.6465930Z From https://github.com/tardis-sn/tardis-regression-data
2025-02-24T12:32:44.6486280Z  * [new branch]      main       -> origin/main
2025-02-24T12:32:44.6563270Z ##[endgroup]
2025-02-24T12:32:44.6565330Z ##[group]Determining the checkout info
2025-02-24T12:32:44.6566210Z ##[endgroup]
2025-02-24T12:32:44.6576320Z [command]/opt/homebrew/bin/git sparse-checkout disable
2025-02-24T12:32:44.6689880Z [command]/opt/homebrew/bin/git config --local --unset-all extensions.worktreeConfig
2025-02-24T12:32:44.6736030Z ##[group]Checking out the ref
2025-02-24T12:32:44.6739390Z [command]/opt/homebrew/bin/git checkout --progress --force -B main refs/remotes/origin/main
2025-02-24T12:32:44.8987330Z Switched to a new branch 'main'
2025-02-24T12:32:44.8992120Z branch 'main' set up to track 'origin/main'.
2025-02-24T12:32:44.9938740Z ##[endgroup]
2025-02-24T12:32:45.0004080Z [command]/opt/homebrew/bin/git log -1 --format=%H
2025-02-24T12:32:45.0052800Z 84e768462f20f09fbccc05625cdcc1d8ffbe404c
2025-02-24T12:32:45.0141970Z ##[group]Run if [ "false" == "true" ]; then
2025-02-24T12:32:45.0142320Z [36;1mif [ "false" == "true" ]; then[0m
2025-02-24T12:32:45.0142560Z [36;1m  echo "Using atom data sparse checkout"[0m
2025-02-24T12:32:45.0142860Z [36;1m  echo "atom_data/kurucz_cd23_chianti_H_He.h5" > .lfs-files-list[0m
2025-02-24T12:32:45.0143120Z [36;1melse[0m
2025-02-24T12:32:45.0143300Z [36;1m  echo "Using full repository checkout"[0m
2025-02-24T12:32:45.0143570Z [36;1m  git lfs ls-files -l | cut -d' ' -f1 | sort > .lfs-files-list[0m
2025-02-24T12:32:45.0143800Z [36;1mfi[0m
2025-02-24T12:32:45.0211440Z shell: /bin/bash --noprofile --norc -e -o pipefail {0}
2025-02-24T12:32:45.0212330Z env:
2025-02-24T12:32:45.0212470Z   CACHE_NUMBER: 0
2025-02-24T12:32:45.0213090Z   PYTEST_FLAGS: --tardis-regression-data=/Users/runner/work/tardis/tardis/tardis-regression-data --cov=tardis --cov-report=xml --cov-report=html --cov-append
2025-02-24T12:32:45.0213950Z   CODECOV_TOKEN: ***
2025-02-24T12:32:45.0214500Z ##[endgroup]
2025-02-24T12:32:45.0604020Z Using full repository checkout
2025-02-24T12:32:45.2809160Z ##[group]Run actions/cache/restore@v4
2025-02-24T12:32:45.2809560Z with:
2025-02-24T12:32:45.2809740Z   path: tardis-regression-data/.git/lfs
2025-02-24T12:32:45.2810290Z   key: tardis-regression-full-data-c8ff2bbb6048b3f24d3f52a1e85b013ad47e52c369a6ce4cfdeff528b659b86f-tardis-sn/tardis-regression-data-v1
2025-02-24T12:32:45.2810790Z   fail-on-cache-miss: true
2025-02-24T12:32:45.2810990Z   enableCrossOsArchive: false
2025-02-24T12:32:45.2811200Z   lookup-only: false
2025-02-24T12:32:45.2811520Z env:
2025-02-24T12:32:45.2811650Z   CACHE_NUMBER: 0
2025-02-24T12:32:45.2812160Z   PYTEST_FLAGS: --tardis-regression-data=/Users/runner/work/tardis/tardis/tardis-regression-data --cov=tardis --cov-report=xml --cov-report=html --cov-append
2025-02-24T12:32:45.2812920Z   CODECOV_TOKEN: ***
2025-02-24T12:32:45.2813080Z ##[endgroup]
2025-02-24T12:32:45.5817500Z Cache hit for: tardis-regression-full-data-c8ff2bbb6048b3f24d3f52a1e85b013ad47e52c369a6ce4cfdeff528b659b86f-tardis-sn/tardis-regression-data-v1
2025-02-24T12:32:46.7530040Z Received 58720256 of 2161656325 (2.7%), 55.9 MBs/sec
2025-02-24T12:32:47.7577980Z Received 130023424 of 2161656325 (6.0%), 61.8 MBs/sec
2025-02-24T12:32:48.7577930Z Received 176160768 of 2161656325 (8.1%), 55.9 MBs/sec
2025-02-24T12:32:49.7749980Z Received 268435456 of 2161656325 (12.4%), 63.6 MBs/sec
2025-02-24T12:32:50.7827740Z Received 377487360 of 2161656325 (17.5%), 71.6 MBs/sec
2025-02-24T12:32:51.7781960Z Received 469762048 of 2161656325 (21.7%), 74.3 MBs/sec
2025-02-24T12:32:52.7889410Z Received 536870912 of 2161656325 (24.8%), 72.7 MBs/sec
2025-02-24T12:32:53.7953130Z Received 629145600 of 2161656325 (29.1%), 74.6 MBs/sec
2025-02-24T12:32:54.7917280Z Received 704643072 of 2161656325 (32.6%), 74.3 MBs/sec
2025-02-24T12:32:55.7952930Z Received 805306368 of 2161656325 (37.3%), 76.5 MBs/sec
2025-02-24T12:32:56.8113140Z Received 905969664 of 2161656325 (41.9%), 78.2 MBs/sec
2025-02-24T12:32:57.8024930Z Received 989855744 of 2161656325 (45.8%), 78.3 MBs/sec
2025-02-24T12:32:58.8026940Z Received 1073741824 of 2161656325 (49.7%), 78.5 MBs/sec
2025-02-24T12:32:59.8044310Z Received 1174405120 of 2161656325 (54.3%), 79.7 MBs/sec
2025-02-24T12:33:00.8037070Z Received 1233125376 of 2161656325 (57.0%), 78.1 MBs/sec
2025-02-24T12:33:01.8055430Z Received 1296039936 of 2161656325 (60.0%), 77.0 MBs/sec
2025-02-24T12:33:02.8124240Z Received 1363148800 of 2161656325 (63.1%), 76.2 MBs/sec
2025-02-24T12:33:03.8157720Z Received 1442840576 of 2161656325 (66.7%), 76.2 MBs/sec
2025-02-24T12:33:04.8102930Z Received 1505755136 of 2161656325 (69.7%), 75.3 MBs/sec
2025-02-24T12:33:05.8155470Z Received 1598029824 of 2161656325 (73.9%), 76.0 MBs/sec
2025-02-24T12:33:06.8155150Z Received 1660944384 of 2161656325 (76.8%), 75.2 MBs/sec
2025-02-24T12:33:07.8164740Z Received 1744830464 of 2161656325 (80.7%), 75.4 MBs/sec
2025-02-24T12:33:08.8173570Z Received 1832910848 of 2161656325 (84.8%), 75.8 MBs/sec
2025-02-24T12:33:09.8198460Z Received 1912602624 of 2161656325 (88.5%), 75.8 MBs/sec
2025-02-24T12:33:10.8212570Z Received 2009071616 of 2161656325 (92.9%), 76.4 MBs/sec
2025-02-24T12:33:11.8219060Z Received 2097152000 of 2161656325 (97.0%), 76.7 MBs/sec
2025-02-24T12:33:12.5678260Z Received 2161656325 of 2161656325 (100.0%), 76.9 MBs/sec
2025-02-24T12:33:12.5723090Z Cache Size: ~2062 MB (2161656325 B)
2025-02-24T12:33:12.5895010Z [command]/opt/homebrew/bin/gtar -xf /Users/runner/work/_temp/a487a498-c0ab-422c-bcc9-19e48a852e3c/cache.tzst -P -C /Users/runner/work/tardis/tardis --delay-directory-restore --use-compress-program unzstd
2025-02-24T12:33:23.5363610Z Cache restored successfully
2025-02-24T12:33:23.6364530Z Cache restored from key: tardis-regression-full-data-c8ff2bbb6048b3f24d3f52a1e85b013ad47e52c369a6ce4cfdeff528b659b86f-tardis-sn/tardis-regression-data-v1
2025-02-24T12:33:23.6791080Z ##[group]Run git lfs checkout
2025-02-24T12:33:23.6791480Z [36;1mgit lfs checkout[0m
2025-02-24T12:33:23.8251130Z shell: /bin/bash --noprofile --norc -e -o pipefail {0}
2025-02-24T12:33:23.9054550Z env:
2025-02-24T12:33:23.9054750Z   CACHE_NUMBER: 0
2025-02-24T12:33:23.9055390Z   PYTEST_FLAGS: --tardis-regression-data=/Users/runner/work/tardis/tardis/tardis-regression-data --cov=tardis --cov-report=xml --cov-report=html --cov-append
2025-02-24T12:33:23.9056650Z   CODECOV_TOKEN: ***
2025-02-24T12:33:23.9056940Z ##[endgroup]
2025-02-24T12:33:37.5676060Z Checking out LFS objects: 100% (204/204), 5.7 GB | 343 MB/s, done.
