2025-01-27T08:23:41.4226108Z Requested labels: ubuntu-latest
2025-01-27T08:23:41.4226661Z Job defined at: tardis-sn/tardis/.github/workflows/tests.yml@refs/pull/2954/merge
2025-01-27T08:23:41.4226819Z Waiting for a runner to pick up this job...
2025-01-27T08:23:42.9154646Z Job is waiting for a hosted runner to come online.
2025-01-27T08:23:45.9054516Z Job is about to start running on the hosted runner: GitHub Actions 4 (hosted)
2025-01-27T08:23:47.2463750Z Current runner version: '2.321.0'
2025-01-27T08:23:47.2492957Z ##[group]Operating System
2025-01-27T08:23:47.2493724Z Ubuntu
2025-01-27T08:23:47.2494333Z 24.04.1
2025-01-27T08:23:47.2494808Z LTS
2025-01-27T08:23:47.2495647Z ##[endgroup]
2025-01-27T08:23:47.2496324Z ##[group]Runner Image
2025-01-27T08:23:47.2496909Z Image: ubuntu-24.04
2025-01-27T08:23:47.2497377Z Version: 20250120.5.0
2025-01-27T08:23:47.2498496Z Included Software: https://github.com/actions/runner-images/blob/ubuntu24/20250120.5/images/ubuntu/Ubuntu2404-Readme.md
2025-01-27T08:23:47.2499852Z Image Release: https://github.com/actions/runner-images/releases/tag/ubuntu24%2F20250120.5
2025-01-27T08:23:47.2500694Z ##[endgroup]
2025-01-27T08:23:47.2501310Z ##[group]Runner Image Provisioner
2025-01-27T08:23:47.2501910Z 2.0.417.1
2025-01-27T08:23:47.2502353Z ##[endgroup]
2025-01-27T08:23:47.2504547Z ##[group]GITHUB_TOKEN Permissions
2025-01-27T08:23:47.2506826Z Actions: read
2025-01-27T08:23:47.2507693Z Attestations: read
2025-01-27T08:23:47.2508252Z Checks: read
2025-01-27T08:23:47.2508841Z Contents: read
2025-01-27T08:23:47.2509351Z Deployments: read
2025-01-27T08:23:47.2509825Z Discussions: read
2025-01-27T08:23:47.2510413Z Issues: read
2025-01-27T08:23:47.2510905Z Metadata: read
2025-01-27T08:23:47.2511377Z Packages: read
2025-01-27T08:23:47.2511948Z Pages: read
2025-01-27T08:23:47.2512444Z PullRequests: read
2025-01-27T08:23:47.2512947Z RepositoryProjects: read
2025-01-27T08:23:47.2513580Z SecurityEvents: read
2025-01-27T08:23:47.2514100Z Statuses: read
2025-01-27T08:23:47.2514566Z ##[endgroup]
2025-01-27T08:23:47.2517904Z Secret source: None
2025-01-27T08:23:47.2518700Z Prepare workflow directory
2025-01-27T08:23:47.3178779Z Prepare all required actions
2025-01-27T08:23:47.3215609Z Getting action download info
2025-01-27T08:23:47.4718533Z Download action repository 'actions/checkout@v4' (SHA:11bd71901bbe5b1630ceea73d27597364c9af683)
2025-01-27T08:23:47.5639231Z Download action repository 'actions/upload-artifact@v4' (SHA:65c4c4a1ddee5b72f698fdd19549f0f0fb45cf08)
2025-01-27T08:23:47.7498711Z Complete job name:  continuum ubuntu-latest 
2025-01-27T08:23:47.8193529Z ##[group]Run actions/checkout@v4
2025-01-27T08:23:47.8194384Z with:
2025-01-27T08:23:47.8194785Z   repository: tardis-sn/tardis
2025-01-27T08:23:47.8195731Z   token: ***
2025-01-27T08:23:47.8196142Z   ssh-strict: true
2025-01-27T08:23:47.8196542Z   ssh-user: git
2025-01-27T08:23:47.8196948Z   persist-credentials: true
2025-01-27T08:23:47.8197408Z   clean: true
2025-01-27T08:23:47.8197816Z   sparse-checkout-cone-mode: true
2025-01-27T08:23:47.8198313Z   fetch-depth: 1
2025-01-27T08:23:47.8198778Z   fetch-tags: false
2025-01-27T08:23:47.8199208Z   show-progress: true
2025-01-27T08:23:47.8199623Z   lfs: false
2025-01-27T08:23:47.8200002Z   submodules: false
2025-01-27T08:23:47.8200409Z   set-safe-directory: true
2025-01-27T08:23:47.8201129Z env:
2025-01-27T08:23:47.8201500Z   CACHE_NUMBER: 0
2025-01-27T08:23:47.8202647Z   PYTEST_FLAGS: --tardis-regression-data=/home/runner/work/tardis/tardis/tardis-regression-data --cov=tardis --cov-report=xml --cov-report=html --cov-append
2025-01-27T08:23:47.8203898Z   CODECOV_TOKEN: 
2025-01-27T08:23:47.8204447Z ##[endgroup]
2025-01-27T08:23:48.0274372Z Syncing repository: tardis-sn/tardis
2025-01-27T08:23:48.0276730Z ##[group]Getting Git version info
2025-01-27T08:23:48.0277509Z Working directory is '/home/runner/work/tardis/tardis'
2025-01-27T08:23:48.0278433Z [command]/usr/bin/git version
2025-01-27T08:23:48.0327136Z git version 2.48.1
2025-01-27T08:23:48.0356254Z ##[endgroup]
2025-01-27T08:23:48.0371011Z Temporarily overriding HOME='/home/runner/work/_temp/674d572b-79fb-4321-94bb-4fe11b2b46ad' before making global git config changes
2025-01-27T08:23:48.0372361Z Adding repository directory to the temporary git global config as a safe directory
2025-01-27T08:23:48.0376822Z [command]/usr/bin/git config --global --add safe.directory /home/runner/work/tardis/tardis
2025-01-27T08:23:48.0416637Z Deleting the contents of '/home/runner/work/tardis/tardis'
2025-01-27T08:23:48.0420367Z ##[group]Initializing the repository
2025-01-27T08:23:48.0424466Z [command]/usr/bin/git init /home/runner/work/tardis/tardis
2025-01-27T08:23:48.0529769Z hint: Using 'master' as the name for the initial branch. This default branch name
2025-01-27T08:23:48.0530924Z hint: is subject to change. To configure the initial branch name to use in all
2025-01-27T08:23:48.0532370Z hint: of your new repositories, which will suppress this warning, call:
2025-01-27T08:23:48.0533555Z hint:
2025-01-27T08:23:48.0534352Z hint: 	git config --global init.defaultBranch <name>
2025-01-27T08:23:48.0535486Z hint:
2025-01-27T08:23:48.0536379Z hint: Names commonly chosen instead of 'master' are 'main', 'trunk' and
2025-01-27T08:23:48.0537536Z hint: 'development'. The just-created branch can be renamed via this command:
2025-01-27T08:23:48.0538258Z hint:
2025-01-27T08:23:48.0538643Z hint: 	git branch -m <name>
2025-01-27T08:23:48.0539337Z Initialized empty Git repository in /home/runner/work/tardis/tardis/.git/
2025-01-27T08:23:48.0548041Z [command]/usr/bin/git remote add origin https://github.com/tardis-sn/tardis
2025-01-27T08:23:48.0588081Z ##[endgroup]
2025-01-27T08:23:48.0588815Z ##[group]Disabling automatic garbage collection
2025-01-27T08:23:48.0591975Z [command]/usr/bin/git config --local gc.auto 0
2025-01-27T08:23:48.0621515Z ##[endgroup]
2025-01-27T08:23:48.0622199Z ##[group]Setting up auth
2025-01-27T08:23:48.0628620Z [command]/usr/bin/git config --local --name-only --get-regexp core\.sshCommand
2025-01-27T08:23:48.0658806Z [command]/usr/bin/git submodule foreach --recursive sh -c "git config --local --name-only --get-regexp 'core\.sshCommand' && git config --local --unset-all 'core.sshCommand' || :"
2025-01-27T08:23:48.0966624Z [command]/usr/bin/git config --local --name-only --get-regexp http\.https\:\/\/github\.com\/\.extraheader
2025-01-27T08:23:48.0997860Z [command]/usr/bin/git submodule foreach --recursive sh -c "git config --local --name-only --get-regexp 'http\.https\:\/\/github\.com\/\.extraheader' && git config --local --unset-all 'http.https://github.com/.extraheader' || :"
2025-01-27T08:23:48.1231295Z [command]/usr/bin/git config --local http.https://github.com/.extraheader AUTHORIZATION: basic ***
2025-01-27T08:23:48.1270517Z ##[endgroup]
2025-01-27T08:23:48.1271797Z ##[group]Fetching the repository
2025-01-27T08:23:48.1280806Z [command]/usr/bin/git -c protocol.version=2 fetch --no-tags --prune --no-recurse-submodules --depth=1 origin +7c50dcc0a946e70a3554b38a416dbcef76f2502a:refs/remotes/pull/2954/merge
2025-01-27T08:23:49.3192417Z From https://github.com/tardis-sn/tardis
2025-01-27T08:23:49.3194411Z  * [new ref]         7c50dcc0a946e70a3554b38a416dbcef76f2502a -> pull/2954/merge
2025-01-27T08:23:49.3217225Z ##[endgroup]
2025-01-27T08:23:49.3218551Z ##[group]Determining the checkout info
2025-01-27T08:23:49.3306113Z ##[endgroup]
2025-01-27T08:23:49.3307657Z [command]/usr/bin/git sparse-checkout disable
2025-01-27T08:23:49.3311110Z [command]/usr/bin/git config --local --unset-all extensions.worktreeConfig
2025-01-27T08:23:49.3315002Z ##[group]Checking out the ref
2025-01-27T08:23:49.3317107Z [command]/usr/bin/git checkout --progress --force refs/remotes/pull/2954/merge
2025-01-27T08:23:49.5301472Z Note: switching to 'refs/remotes/pull/2954/merge'.
2025-01-27T08:23:49.5302600Z 
2025-01-27T08:23:49.5303386Z You are in 'detached HEAD' state. You can look around, make experimental
2025-01-27T08:23:49.5305627Z changes and commit them, and you can discard any commits you make in this
2025-01-27T08:23:49.5307632Z state without impacting any branches by switching back to a branch.
2025-01-27T08:23:49.5308858Z 
2025-01-27T08:23:49.5309659Z If you want to create a new branch to retain commits you create, you may
2025-01-27T08:23:49.5311546Z do so (now or later) by using -c with the switch command. Example:
2025-01-27T08:23:49.5312626Z 
2025-01-27T08:23:49.5313102Z   git switch -c <new-branch-name>
2025-01-27T08:23:49.5313903Z 
2025-01-27T08:23:49.5314369Z Or undo this operation with:
2025-01-27T08:23:49.5315111Z 
2025-01-27T08:23:49.5316051Z   git switch -
2025-01-27T08:23:49.5316653Z 
2025-01-27T08:23:49.5317634Z Turn off this advice by setting config variable advice.detachedHead to false
2025-01-27T08:23:49.5319041Z 
2025-01-27T08:23:49.5320628Z HEAD is now at 7c50dcc Merge dfa4fde1e3b455ef88c5829688d60c7e8d5e9d0c into ba33d7b6d9d42ff82557ca382cff5b2a54f91c51
2025-01-27T08:23:49.5332400Z ##[endgroup]
2025-01-27T08:23:49.5378797Z [command]/usr/bin/git log -1 --format=%H
2025-01-27T08:23:49.5403338Z 7c50dcc0a946e70a3554b38a416dbcef76f2502a
2025-01-27T08:23:49.5706560Z Prepare all required actions
2025-01-27T08:23:49.5707115Z Getting action download info
2025-01-27T08:23:49.6838534Z Download action repository 'actions/cache@v4' (SHA:1bd1e32a3bdc45362d1e726936510720a7c30a57)
2025-01-27T08:23:49.8148031Z ##[group]Run ./.github/actions/setup_lfs
2025-01-27T08:23:49.8148398Z with:
2025-01-27T08:23:49.8148716Z   regression-data-repo: tardis-sn/tardis-regression-data
2025-01-27T08:23:49.8149110Z   atom-data-sparse: false
2025-01-27T08:23:49.8149422Z env:
2025-01-27T08:23:49.8149645Z   CACHE_NUMBER: 0
2025-01-27T08:23:49.8150356Z   PYTEST_FLAGS: --tardis-regression-data=/home/runner/work/tardis/tardis/tardis-regression-data --cov=tardis --cov-report=xml --cov-report=html --cov-append
2025-01-27T08:23:49.8151105Z   CODECOV_TOKEN: 
2025-01-27T08:23:49.8151357Z ##[endgroup]
2025-01-27T08:23:49.8307457Z ##[group]Run actions/checkout@v4
2025-01-27T08:23:49.8307819Z with:
2025-01-27T08:23:49.8308117Z   repository: tardis-sn/tardis-regression-data
2025-01-27T08:23:49.8308563Z   path: tardis-regression-data
2025-01-27T08:23:49.8309053Z   token: ***
2025-01-27T08:23:49.8309319Z   ssh-strict: true
2025-01-27T08:23:49.8309596Z   ssh-user: git
2025-01-27T08:23:49.8309874Z   persist-credentials: true
2025-01-27T08:23:49.8310192Z   clean: true
2025-01-27T08:23:49.8310480Z   sparse-checkout-cone-mode: true
2025-01-27T08:23:49.8310799Z   fetch-depth: 1
2025-01-27T08:23:49.8311071Z   fetch-tags: false
2025-01-27T08:23:49.8311349Z   show-progress: true
2025-01-27T08:23:49.8311636Z   lfs: false
2025-01-27T08:23:49.8311891Z   submodules: false
2025-01-27T08:23:49.8312173Z   set-safe-directory: true
2025-01-27T08:23:49.8312461Z env:
2025-01-27T08:23:49.8312701Z   CACHE_NUMBER: 0
2025-01-27T08:23:49.8313413Z   PYTEST_FLAGS: --tardis-regression-data=/home/runner/work/tardis/tardis/tardis-regression-data --cov=tardis --cov-report=xml --cov-report=html --cov-append
2025-01-27T08:23:49.8314149Z   CODECOV_TOKEN: 
2025-01-27T08:23:49.8314407Z ##[endgroup]
2025-01-27T08:23:49.9276827Z Syncing repository: tardis-sn/tardis-regression-data
2025-01-27T08:23:49.9284222Z ##[group]Getting Git version info
2025-01-27T08:23:49.9285052Z Working directory is '/home/runner/work/tardis/tardis/tardis-regression-data'
2025-01-27T08:23:49.9333920Z [command]/usr/bin/git version
2025-01-27T08:23:49.9380657Z git version 2.48.1
2025-01-27T08:23:49.9407200Z ##[endgroup]
2025-01-27T08:23:49.9422370Z Temporarily overriding HOME='/home/runner/work/_temp/1d4d90e5-d575-474a-8ee4-6f2561e7715d' before making global git config changes
2025-01-27T08:23:49.9424005Z Adding repository directory to the temporary git global config as a safe directory
2025-01-27T08:23:49.9429657Z [command]/usr/bin/git config --global --add safe.directory /home/runner/work/tardis/tardis/tardis-regression-data
2025-01-27T08:23:49.9463721Z ##[group]Initializing the repository
2025-01-27T08:23:49.9469424Z [command]/usr/bin/git init /home/runner/work/tardis/tardis/tardis-regression-data
2025-01-27T08:23:49.9509902Z hint: Using 'master' as the name for the initial branch. This default branch name
2025-01-27T08:23:49.9511107Z hint: is subject to change. To configure the initial branch name to use in all
2025-01-27T08:23:49.9512182Z hint: of your new repositories, which will suppress this warning, call:
2025-01-27T08:23:49.9512979Z hint:
2025-01-27T08:23:49.9513577Z hint: 	git config --global init.defaultBranch <name>
2025-01-27T08:23:49.9514281Z hint:
2025-01-27T08:23:49.9514955Z hint: Names commonly chosen instead of 'master' are 'main', 'trunk' and
2025-01-27T08:23:49.9516666Z hint: 'development'. The just-created branch can be renamed via this command:
2025-01-27T08:23:49.9517530Z hint:
2025-01-27T08:23:49.9518037Z hint: 	git branch -m <name>
2025-01-27T08:23:49.9519002Z Initialized empty Git repository in /home/runner/work/tardis/tardis/tardis-regression-data/.git/
2025-01-27T08:23:49.9523964Z [command]/usr/bin/git remote add origin https://github.com/tardis-sn/tardis-regression-data
2025-01-27T08:23:49.9555509Z ##[endgroup]
2025-01-27T08:23:49.9556757Z ##[group]Disabling automatic garbage collection
2025-01-27T08:23:49.9561414Z [command]/usr/bin/git config --local gc.auto 0
2025-01-27T08:23:49.9592346Z ##[endgroup]
2025-01-27T08:23:49.9593200Z ##[group]Setting up auth
2025-01-27T08:23:49.9600088Z [command]/usr/bin/git config --local --name-only --get-regexp core\.sshCommand
2025-01-27T08:23:49.9631424Z [command]/usr/bin/git submodule foreach --recursive sh -c "git config --local --name-only --get-regexp 'core\.sshCommand' && git config --local --unset-all 'core.sshCommand' || :"
2025-01-27T08:23:49.9863192Z [command]/usr/bin/git config --local --name-only --get-regexp http\.https\:\/\/github\.com\/\.extraheader
2025-01-27T08:23:49.9894583Z [command]/usr/bin/git submodule foreach --recursive sh -c "git config --local --name-only --get-regexp 'http\.https\:\/\/github\.com\/\.extraheader' && git config --local --unset-all 'http.https://github.com/.extraheader' || :"
2025-01-27T08:23:50.0134707Z [command]/usr/bin/git config --local http.https://github.com/.extraheader AUTHORIZATION: basic ***
2025-01-27T08:23:50.0174003Z ##[endgroup]
2025-01-27T08:23:50.0174684Z ##[group]Determining the default branch
2025-01-27T08:23:50.0177905Z Retrieving the default branch name
2025-01-27T08:23:50.2510025Z Default branch 'main'
2025-01-27T08:23:50.2510981Z ##[endgroup]
2025-01-27T08:23:50.2511545Z ##[group]Fetching the repository
2025-01-27T08:23:50.2517052Z [command]/usr/bin/git -c protocol.version=2 fetch --no-tags --prune --no-recurse-submodules --depth=1 origin +refs/heads/main:refs/remotes/origin/main
2025-01-27T08:23:50.5413492Z From https://github.com/tardis-sn/tardis-regression-data
2025-01-27T08:23:50.5413965Z  * [new branch]      main       -> origin/main
2025-01-27T08:23:50.5439837Z ##[endgroup]
2025-01-27T08:23:50.5440460Z ##[group]Determining the checkout info
2025-01-27T08:23:50.5441978Z ##[endgroup]
2025-01-27T08:23:50.5447748Z [command]/usr/bin/git sparse-checkout disable
2025-01-27T08:23:50.5484690Z [command]/usr/bin/git config --local --unset-all extensions.worktreeConfig
2025-01-27T08:23:50.5512980Z ##[group]Checking out the ref
2025-01-27T08:23:50.5517639Z [command]/usr/bin/git checkout --progress --force -B main refs/remotes/origin/main
2025-01-27T08:23:50.6750723Z Switched to a new branch 'main'
2025-01-27T08:23:50.6751380Z branch 'main' set up to track 'origin/main'.
2025-01-27T08:23:50.7030080Z ##[endgroup]
2025-01-27T08:23:50.7081097Z [command]/usr/bin/git log -1 --format=%H
2025-01-27T08:23:50.7110465Z fa7729bc9c30e14b69acd641af8b692b56fcd416
2025-01-27T08:23:50.7268233Z ##[group]Run if [ "false" == "true" ]; then
2025-01-27T08:23:50.7268646Z [36;1mif [ "false" == "true" ]; then[0m
2025-01-27T08:23:50.7268964Z [36;1m  echo "Using atom data sparse checkout"[0m
2025-01-27T08:23:50.7269329Z [36;1m  echo "atom_data/kurucz_cd23_chianti_H_He.h5" > .lfs-files-list[0m
2025-01-27T08:23:50.7269652Z [36;1melse[0m
2025-01-27T08:23:50.7269862Z [36;1m  echo "Using full repository checkout"[0m
2025-01-27T08:23:50.7270228Z [36;1m  git lfs ls-files -l | cut -d' ' -f1 | sort > .lfs-files-list[0m
2025-01-27T08:23:50.7270537Z [36;1mfi[0m
2025-01-27T08:23:50.7302905Z shell: /usr/bin/bash --noprofile --norc -e -o pipefail {0}
2025-01-27T08:23:50.7303243Z env:
2025-01-27T08:23:50.7303411Z   CACHE_NUMBER: 0
2025-01-27T08:23:50.7304055Z   PYTEST_FLAGS: --tardis-regression-data=/home/runner/work/tardis/tardis/tardis-regression-data --cov=tardis --cov-report=xml --cov-report=html --cov-append
2025-01-27T08:23:50.7304709Z   CODECOV_TOKEN: 
2025-01-27T08:23:50.7305176Z ##[endgroup]
2025-01-27T08:23:50.7377909Z Using full repository checkout
2025-01-27T08:23:50.8798638Z ##[group]Run actions/cache/restore@v4
2025-01-27T08:23:50.8799020Z with:
2025-01-27T08:23:50.8799283Z   path: tardis-regression-data/.git/lfs
2025-01-27T08:23:50.8800190Z   key: tardis-regression-full-data-21f9fa4b6817cc69b9fae3598144724da7828e276a73bd17f47a2a49d9af090a-tardis-sn/tardis-regression-data-v1
2025-01-27T08:23:50.8801109Z   enableCrossOsArchive: false
2025-01-27T08:23:50.8801690Z   fail-on-cache-miss: false
2025-01-27T08:23:50.8801945Z   lookup-only: false
2025-01-27T08:23:50.8802164Z env:
2025-01-27T08:23:50.8802350Z   CACHE_NUMBER: 0
2025-01-27T08:23:50.8803069Z   PYTEST_FLAGS: --tardis-regression-data=/home/runner/work/tardis/tardis/tardis-regression-data --cov=tardis --cov-report=xml --cov-report=html --cov-append
2025-01-27T08:23:50.8803845Z   CODECOV_TOKEN: 
2025-01-27T08:23:50.8804054Z ##[endgroup]
2025-01-27T08:23:51.1118300Z Cache not found for input keys: tardis-regression-full-data-21f9fa4b6817cc69b9fae3598144724da7828e276a73bd17f47a2a49d9af090a-tardis-sn/tardis-regression-data-v1
2025-01-27T08:23:51.1306175Z ##[error]Can't find 'action.yml', 'action.yaml' or 'Dockerfile' under '/home/runner/work/tardis/tardis/.github/workflows/lfs-cache.yml'. Did you forget to run actions/checkout before running your local action?
2025-01-27T08:23:51.1436381Z Post job cleanup.
2025-01-27T08:23:51.1501343Z Post job cleanup.
2025-01-27T08:23:51.2495163Z [command]/usr/bin/git version
2025-01-27T08:23:51.2533865Z git version 2.48.1
2025-01-27T08:23:51.2579921Z Temporarily overriding HOME='/home/runner/work/_temp/43e548d4-e225-4ffc-b337-eed7ba435f83' before making global git config changes
2025-01-27T08:23:51.2581264Z Adding repository directory to the temporary git global config as a safe directory
2025-01-27T08:23:51.2594843Z [command]/usr/bin/git config --global --add safe.directory /home/runner/work/tardis/tardis/tardis-regression-data
2025-01-27T08:23:51.2632812Z [command]/usr/bin/git config --local --name-only --get-regexp core\.sshCommand
2025-01-27T08:23:51.2667600Z [command]/usr/bin/git submodule foreach --recursive sh -c "git config --local --name-only --get-regexp 'core\.sshCommand' && git config --local --unset-all 'core.sshCommand' || :"
2025-01-27T08:23:51.2906752Z [command]/usr/bin/git config --local --name-only --get-regexp http\.https\:\/\/github\.com\/\.extraheader
2025-01-27T08:23:51.2930828Z http.https://github.com/.extraheader
2025-01-27T08:23:51.2943685Z [command]/usr/bin/git config --local --unset-all http.https://github.com/.extraheader
2025-01-27T08:23:51.2975493Z [command]/usr/bin/git submodule foreach --recursive sh -c "git config --local --name-only --get-regexp 'http\.https\:\/\/github\.com\/\.extraheader' && git config --local --unset-all 'http.https://github.com/.extraheader' || :"
2025-01-27T08:23:51.3426417Z Post job cleanup.
2025-01-27T08:23:51.4490858Z [command]/usr/bin/git version
2025-01-27T08:23:51.4529672Z git version 2.48.1
2025-01-27T08:23:51.4583989Z Temporarily overriding HOME='/home/runner/work/_temp/1059cfc1-198f-49d8-803c-2021aaeaa5be' before making global git config changes
2025-01-27T08:23:51.4585559Z Adding repository directory to the temporary git global config as a safe directory
2025-01-27T08:23:51.4590555Z [command]/usr/bin/git config --global --add safe.directory /home/runner/work/tardis/tardis
2025-01-27T08:23:51.4627994Z [command]/usr/bin/git config --local --name-only --get-regexp core\.sshCommand
2025-01-27T08:23:51.4662137Z [command]/usr/bin/git submodule foreach --recursive sh -c "git config --local --name-only --get-regexp 'core\.sshCommand' && git config --local --unset-all 'core.sshCommand' || :"
2025-01-27T08:23:51.4911157Z [command]/usr/bin/git config --local --name-only --get-regexp http\.https\:\/\/github\.com\/\.extraheader
2025-01-27T08:23:51.4933437Z http.https://github.com/.extraheader
2025-01-27T08:23:51.4947553Z [command]/usr/bin/git config --local --unset-all http.https://github.com/.extraheader
2025-01-27T08:23:51.4980660Z [command]/usr/bin/git submodule foreach --recursive sh -c "git config --local --name-only --get-regexp 'http\.https\:\/\/github\.com\/\.extraheader' && git config --local --unset-all 'http.https://github.com/.extraheader' || :"
2025-01-27T08:23:51.5323127Z Cleaning up orphan processes
