2025-03-03T11:52:00.0810413Z Prepare all required actions
2025-03-03T11:52:00.0811873Z Getting action download info
2025-03-03T11:52:00.2064375Z Download action repository 'actions/cache@v4' (SHA:d4323d4df104b026a6aa633fdb11d772146be0bf)
2025-03-03T11:52:00.4860482Z ##[group]Run ./.github/actions/setup_lfs
2025-03-03T11:52:00.4861005Z with:
2025-03-03T11:52:00.4861479Z   regression-data-repo: tardis-sn/tardis-regression-data
2025-03-03T11:52:00.4862022Z   atom-data-sparse: false
2025-03-03T11:52:00.4862485Z env:
2025-03-03T11:52:00.4862843Z   CACHE_NUMBER: 0
2025-03-03T11:52:00.4863779Z   PYTEST_FLAGS: --tardis-regression-data=/home/runner/work/tardis/tardis/tardis-regression-data --cov=tardis --cov-report=xml --cov-report=html --cov-append
2025-03-03T11:52:00.4864691Z   CODECOV_TOKEN: 
2025-03-03T11:52:00.4865076Z ##[endgroup]
2025-03-03T11:52:00.5013441Z ##[group]Run actions/checkout@v4
2025-03-03T11:52:00.5013933Z with:
2025-03-03T11:52:00.5014389Z   repository: tardis-sn/tardis-regression-data
2025-03-03T11:52:00.5014927Z   path: tardis-regression-data
2025-03-03T11:52:00.5015446Z   lfs: false
2025-03-03T11:52:00.5015999Z   token: ***
2025-03-03T11:52:00.5016401Z   ssh-strict: true
2025-03-03T11:52:00.5016824Z   ssh-user: git
2025-03-03T11:52:00.5017253Z   persist-credentials: true
2025-03-03T11:52:00.5017835Z   clean: true
2025-03-03T11:52:00.5018270Z   sparse-checkout-cone-mode: true
2025-03-03T11:52:00.5018752Z   fetch-depth: 1
2025-03-03T11:52:00.5019171Z   fetch-tags: false
2025-03-03T11:52:00.5019621Z   show-progress: true
2025-03-03T11:52:00.5020051Z   submodules: false
2025-03-03T11:52:00.5020467Z   set-safe-directory: true
2025-03-03T11:52:00.5020909Z env:
2025-03-03T11:52:00.5021291Z   CACHE_NUMBER: 0
2025-03-03T11:52:00.5022191Z   PYTEST_FLAGS: --tardis-regression-data=/home/runner/work/tardis/tardis/tardis-regression-data --cov=tardis --cov-report=xml --cov-report=html --cov-append
2025-03-03T11:52:00.5023117Z   CODECOV_TOKEN: 
2025-03-03T11:52:00.5023519Z ##[endgroup]
2025-03-03T11:52:00.5945744Z Syncing repository: tardis-sn/tardis-regression-data
2025-03-03T11:52:00.5952090Z ##[group]Getting Git version info
2025-03-03T11:52:00.5952865Z Working directory is '/home/runner/work/tardis/tardis/tardis-regression-data'
2025-03-03T11:52:00.5994164Z [command]/usr/bin/git version
2025-03-03T11:52:00.6035919Z git version 2.48.1
2025-03-03T11:52:00.6061072Z ##[endgroup]
2025-03-03T11:52:00.6087088Z Temporarily overriding HOME='/home/runner/work/_temp/c73e244a-63a4-4af5-88ad-771cf86017a4' before making global git config changes
2025-03-03T11:52:00.6089215Z Adding repository directory to the temporary git global config as a safe directory
2025-03-03T11:52:00.6090831Z [command]/usr/bin/git config --global --add safe.directory /home/runner/work/tardis/tardis/tardis-regression-data
2025-03-03T11:52:00.6112853Z ##[group]Initializing the repository
2025-03-03T11:52:00.6118007Z [command]/usr/bin/git init /home/runner/work/tardis/tardis/tardis-regression-data
2025-03-03T11:52:00.6155766Z hint: Using 'master' as the name for the initial branch. This default branch name
2025-03-03T11:52:00.6157471Z hint: is subject to change. To configure the initial branch name to use in all
2025-03-03T11:52:00.6159886Z hint: of your new repositories, which will suppress this warning, call:
2025-03-03T11:52:00.6160929Z hint:
2025-03-03T11:52:00.6161630Z hint: 	git config --global init.defaultBranch <name>
2025-03-03T11:52:00.6162509Z hint:
2025-03-03T11:52:00.6163387Z hint: Names commonly chosen instead of 'master' are 'main', 'trunk' and
2025-03-03T11:52:00.6165105Z hint: 'development'. The just-created branch can be renamed via this command:
2025-03-03T11:52:00.6166015Z hint:
2025-03-03T11:52:00.6166554Z hint: 	git branch -m <name>
2025-03-03T11:52:00.6167604Z Initialized empty Git repository in /home/runner/work/tardis/tardis/tardis-regression-data/.git/
2025-03-03T11:52:00.6170106Z [command]/usr/bin/git remote add origin https://github.com/tardis-sn/tardis-regression-data
2025-03-03T11:52:00.6202105Z ##[endgroup]
2025-03-03T11:52:00.6203424Z ##[group]Disabling automatic garbage collection
2025-03-03T11:52:00.6207098Z [command]/usr/bin/git config --local gc.auto 0
2025-03-03T11:52:00.6239099Z ##[endgroup]
2025-03-03T11:52:00.6240411Z ##[group]Setting up auth
2025-03-03T11:52:00.6246299Z [command]/usr/bin/git config --local --name-only --get-regexp core\.sshCommand
2025-03-03T11:52:00.6276798Z [command]/usr/bin/git submodule foreach --recursive sh -c "git config --local --name-only --get-regexp 'core\.sshCommand' && git config --local --unset-all 'core.sshCommand' || :"
2025-03-03T11:52:00.6520215Z [command]/usr/bin/git config --local --name-only --get-regexp http\.https\:\/\/github\.com\/\.extraheader
2025-03-03T11:52:00.6548592Z [command]/usr/bin/git submodule foreach --recursive sh -c "git config --local --name-only --get-regexp 'http\.https\:\/\/github\.com\/\.extraheader' && git config --local --unset-all 'http.https://github.com/.extraheader' || :"
2025-03-03T11:52:00.6780850Z [command]/usr/bin/git config --local http.https://github.com/.extraheader AUTHORIZATION: basic ***
2025-03-03T11:52:00.6817577Z ##[endgroup]
2025-03-03T11:52:00.6822420Z ##[group]Determining the default branch
2025-03-03T11:52:00.6822806Z Retrieving the default branch name
2025-03-03T11:52:00.8840746Z Default branch 'main'
2025-03-03T11:52:00.8842050Z ##[endgroup]
2025-03-03T11:52:00.8842929Z ##[group]Fetching the repository
2025-03-03T11:52:00.8848929Z [command]/usr/bin/git -c protocol.version=2 fetch --no-tags --prune --no-recurse-submodules --depth=1 origin +refs/heads/main:refs/remotes/origin/main
2025-03-03T11:52:01.1789126Z From https://github.com/tardis-sn/tardis-regression-data
2025-03-03T11:52:01.1790728Z  * [new branch]      main       -> origin/main
2025-03-03T11:52:01.1819696Z ##[endgroup]
2025-03-03T11:52:01.1820430Z ##[group]Determining the checkout info
2025-03-03T11:52:01.1823245Z ##[endgroup]
2025-03-03T11:52:01.1828907Z [command]/usr/bin/git sparse-checkout disable
2025-03-03T11:52:01.1865951Z [command]/usr/bin/git config --local --unset-all extensions.worktreeConfig
2025-03-03T11:52:01.1893535Z ##[group]Checking out the ref
2025-03-03T11:52:01.1897560Z [command]/usr/bin/git checkout --progress --force -B main refs/remotes/origin/main
2025-03-03T11:52:01.2942095Z Switched to a new branch 'main'
2025-03-03T11:52:01.2943764Z branch 'main' set up to track 'origin/main'.
2025-03-03T11:52:01.3202405Z ##[endgroup]
2025-03-03T11:52:01.3242699Z [command]/usr/bin/git log -1 --format=%H
2025-03-03T11:52:01.3267781Z b2fdf418ac1a3631f8c3d2a5f392b6ebfa09ba0b
2025-03-03T11:52:01.3407543Z ##[group]Run if [ "false" == "true" ]; then
2025-03-03T11:52:01.3408460Z [36;1mif [ "false" == "true" ]; then[0m
2025-03-03T11:52:01.3408821Z [36;1m  echo "Using atom data sparse checkout"[0m
2025-03-03T11:52:01.3409258Z [36;1m  echo "atom_data/kurucz_cd23_chianti_H_He.h5" > .lfs-files-list[0m
2025-03-03T11:52:01.3409642Z [36;1melse[0m
2025-03-03T11:52:01.3409925Z [36;1m  echo "Using full repository checkout"[0m
2025-03-03T11:52:01.3410339Z [36;1m  git lfs ls-files -l | cut -d' ' -f1 | sort > .lfs-files-list[0m
2025-03-03T11:52:01.3410724Z [36;1mfi[0m
2025-03-03T11:52:01.3462015Z shell: /usr/bin/bash --noprofile --norc -e -o pipefail {0}
2025-03-03T11:52:01.3462415Z env:
2025-03-03T11:52:01.3462629Z   CACHE_NUMBER: 0
2025-03-03T11:52:01.3463284Z   PYTEST_FLAGS: --tardis-regression-data=/home/runner/work/tardis/tardis/tardis-regression-data --cov=tardis --cov-report=xml --cov-report=html --cov-append
2025-03-03T11:52:01.3463974Z   CODECOV_TOKEN: 
2025-03-03T11:52:01.3464460Z ##[endgroup]
2025-03-03T11:52:01.3548554Z Using full repository checkout
2025-03-03T11:52:01.4983063Z ##[group]Run actions/cache/restore@v4
2025-03-03T11:52:01.4983572Z with:
2025-03-03T11:52:01.5009145Z   path: tardis-regression-data/.git/lfs
2025-03-03T11:52:01.5009895Z   key: tardis-regression-full-data-6e3f921411cf0a4e16018f0781785ab8728ab151c8f95ea20b0c8e8609b9a332-tardis-sn/tardis-regression-data-v1
2025-03-03T11:52:01.5010581Z   fail-on-cache-miss: true
2025-03-03T11:52:01.5010864Z   enableCrossOsArchive: false
2025-03-03T11:52:01.5011390Z   lookup-only: false
2025-03-03T11:52:01.5011637Z env:
2025-03-03T11:52:01.5011838Z   CACHE_NUMBER: 0
2025-03-03T11:52:01.5012490Z   PYTEST_FLAGS: --tardis-regression-data=/home/runner/work/tardis/tardis/tardis-regression-data --cov=tardis --cov-report=xml --cov-report=html --cov-append
2025-03-03T11:52:01.5013168Z   CODECOV_TOKEN: 
2025-03-03T11:52:01.5013392Z ##[endgroup]
2025-03-03T11:52:01.7166622Z Cache hit for: tardis-regression-full-data-6e3f921411cf0a4e16018f0781785ab8728ab151c8f95ea20b0c8e8609b9a332-tardis-sn/tardis-regression-data-v1
2025-03-03T11:52:02.7795460Z Received 247463936 of 2160718086 (11.5%), 235.8 MBs/sec
2025-03-03T11:52:03.7801009Z Received 473956352 of 2160718086 (21.9%), 225.9 MBs/sec
2025-03-03T11:52:04.7806523Z Received 700448768 of 2160718086 (32.4%), 222.5 MBs/sec
2025-03-03T11:52:05.7807914Z Received 939524096 of 2160718086 (43.5%), 223.9 MBs/sec
2025-03-03T11:52:06.8738861Z Received 1207959552 of 2160718086 (55.9%), 226.2 MBs/sec
2025-03-03T11:52:07.8793836Z Received 1459617792 of 2160718086 (67.6%), 228.2 MBs/sec
2025-03-03T11:52:08.8814472Z Received 1728053248 of 2160718086 (80.0%), 232.0 MBs/sec
2025-03-03T11:52:09.8817984Z Received 1983905792 of 2160718086 (91.8%), 233.5 MBs/sec
2025-03-03T11:52:10.6566526Z Received 2160718086 of 2160718086 (100.0%), 232.1 MBs/sec
2025-03-03T11:52:10.6569588Z Cache Size: ~2061 MB (2160718086 B)
2025-03-03T11:52:10.6673464Z [command]/usr/bin/tar -xf /home/runner/work/_temp/599a4c40-aa7c-43db-8ff3-be06a01356d9/cache.tzst -P -C /home/runner/work/tardis/tardis --use-compress-program unzstd
2025-03-03T11:52:21.9542177Z Cache restored successfully
2025-03-03T11:52:22.3235370Z Cache restored from key: tardis-regression-full-data-6e3f921411cf0a4e16018f0781785ab8728ab151c8f95ea20b0c8e8609b9a332-tardis-sn/tardis-regression-data-v1
2025-03-03T11:52:22.3382219Z ##[group]Run git lfs checkout
2025-03-03T11:52:22.3382495Z [36;1mgit lfs checkout[0m
2025-03-03T11:52:22.3430659Z shell: /usr/bin/bash --noprofile --norc -e -o pipefail {0}
2025-03-03T11:52:22.3430999Z env:
2025-03-03T11:52:22.3431163Z   CACHE_NUMBER: 0
2025-03-03T11:52:22.3431769Z   PYTEST_FLAGS: --tardis-regression-data=/home/runner/work/tardis/tardis/tardis-regression-data --cov=tardis --cov-report=xml --cov-report=html --cov-append
2025-03-03T11:52:22.3432435Z   CODECOV_TOKEN: 
2025-03-03T11:52:22.3432625Z ##[endgroup]
2025-03-03T11:52:42.5426716Z Checking out LFS objects: 100% (204/204), 5.7 GB | 260 MB/s, done.
