2025-03-03T11:52:45.7438137Z Prepare all required actions
2025-03-03T11:52:45.7438495Z Getting action download info
2025-03-03T11:52:45.8252973Z Download action repository 'mamba-org/setup-micromamba@v1' (SHA:4b9113af4fba0e9e1124b252dd6497a419e7396d)
2025-03-03T11:52:46.0426768Z ##[group]Run ./.github/actions/setup_env
2025-03-03T11:52:46.0427049Z with:
2025-03-03T11:52:46.0427233Z   os-label: linux-64
2025-03-03T11:52:46.0427419Z env:
2025-03-03T11:52:46.0427578Z   CACHE_NUMBER: 0
2025-03-03T11:52:46.0428495Z   PYTEST_FLAGS: --tardis-regression-data=/home/runner/work/tardis/tardis/tardis-regression-data --cov=tardis --cov-report=xml --cov-report=html --cov-append
2025-03-03T11:52:46.0429132Z   CODECOV_TOKEN: 
2025-03-03T11:52:46.0429318Z ##[endgroup]
2025-03-03T11:52:46.0451789Z ##[group]Run file_hash=$(cat conda-linux-64.lock | shasum -a 256 | cut -d' ' -f1)
2025-03-03T11:52:46.0452289Z [36;1mfile_hash=$(cat conda-linux-64.lock | shasum -a 256 | cut -d' ' -f1)[0m
2025-03-03T11:52:46.0452809Z [36;1mecho "file_hash=tardis-conda-env-linux-64-${file_hash}-v1" >> "${GITHUB_OUTPUT}"[0m
2025-03-03T11:52:46.0499756Z shell: /usr/bin/bash --noprofile --norc -e -o pipefail {0}
2025-03-03T11:52:46.0500082Z env:
2025-03-03T11:52:46.0500261Z   CACHE_NUMBER: 0
2025-03-03T11:52:46.0500872Z   PYTEST_FLAGS: --tardis-regression-data=/home/runner/work/tardis/tardis/tardis-regression-data --cov=tardis --cov-report=xml --cov-report=html --cov-append
2025-03-03T11:52:46.0501509Z   CODECOV_TOKEN: 
2025-03-03T11:52:46.0501694Z ##[endgroup]
2025-03-03T11:52:46.0869472Z ##[group]Run mamba-org/setup-micromamba@v1
2025-03-03T11:52:46.0869740Z with:
2025-03-03T11:52:46.0869929Z   environment-file: conda-linux-64.lock
2025-03-03T11:52:46.0870474Z   cache-environment-key: tardis-conda-env-linux-64-dfb81d2723129547a30c332ca5342e4c27b403220fa11978d833aab7f727e70e-v1
2025-03-03T11:52:46.0871283Z   cache-downloads-key: tardis-conda-env-linux-64-dfb81d2723129547a30c332ca5342e4c27b403220fa11978d833aab7f727e70e-v1
2025-03-03T11:52:46.0871798Z   environment-name: tardis
2025-03-03T11:52:46.0872084Z   cache-environment: true
2025-03-03T11:52:46.0872291Z   cache-downloads: true
2025-03-03T11:52:46.0872477Z env:
2025-03-03T11:52:46.0872636Z   CACHE_NUMBER: 0
2025-03-03T11:52:46.0873231Z   PYTEST_FLAGS: --tardis-regression-data=/home/runner/work/tardis/tardis/tardis-regression-data --cov=tardis --cov-report=xml --cov-report=html --cov-append
2025-03-03T11:52:46.0873855Z   CODECOV_TOKEN: 
2025-03-03T11:52:46.0874034Z ##[endgroup]
2025-03-03T11:52:46.2206517Z Will download micromamba to /home/runner/micromamba-bin/micromamba
2025-03-03T11:52:46.2216203Z ##[group]Install micromamba
2025-03-03T11:52:46.5274039Z micromamba installed to /home/runner/micromamba-bin/micromamba
2025-03-03T11:52:46.5281097Z ##[endgroup]
2025-03-03T11:52:46.5283344Z Adding conda-forge to condarc channels ...
2025-03-03T11:52:46.5286195Z ##[group]Initialize micromamba for bash.
2025-03-03T11:52:46.5302744Z [command]/home/runner/micromamba-bin/micromamba shell init -s bash -r /home/runner/micromamba --log-level warning --rc-file /home/runner/work/_temp/setup-micromamba/.condarc
2025-03-03T11:52:46.5417964Z Modifying RC file "/home/runner/.bashrc"
2025-03-03T11:52:46.5420392Z Generating config for root prefix [1m"/home/runner/micromamba"[0m
2025-03-03T11:52:46.5421416Z Setting mamba executable to: [1m"/home/runner/micromamba-bin/micromamba"[0m
2025-03-03T11:52:46.5422237Z Adding (or replacing) the following in your "/home/runner/.bashrc" file
2025-03-03T11:52:46.5422715Z 
2025-03-03T11:52:46.5422866Z # >>> mamba initialize >>>
2025-03-03T11:52:46.5423452Z # !! Contents within this block are managed by 'mamba init' !!
2025-03-03T11:52:46.5424114Z export MAMBA_EXE='/home/runner/micromamba-bin/micromamba';
2025-03-03T11:52:46.5424790Z export MAMBA_ROOT_PREFIX='/home/runner/micromamba';
2025-03-03T11:52:46.5425609Z __mamba_setup="$("$MAMBA_EXE" shell hook --shell bash --root-prefix "$MAMBA_ROOT_PREFIX" 2> /dev/null)"
2025-03-03T11:52:46.5426360Z if [ $? -eq 0 ]; then
2025-03-03T11:52:46.5426727Z     eval "$__mamba_setup"
2025-03-03T11:52:46.5427530Z else
2025-03-03T11:52:46.5428198Z     alias micromamba="$MAMBA_EXE"  # Fallback on help from mamba activate
2025-03-03T11:52:46.5428761Z fi
2025-03-03T11:52:46.5429027Z unset __mamba_setup
2025-03-03T11:52:46.5429366Z # <<< mamba initialize <<<
2025-03-03T11:52:46.5429612Z 
2025-03-03T11:52:46.5438070Z Moving mamba initialize block to .bash_profile
2025-03-03T11:52:46.5454429Z ##[endgroup]
2025-03-03T11:52:46.5456484Z ##[group]Restoring downloads from `/home/runner/micromamba/pkgs` ...
2025-03-03T11:52:47.6657177Z Received 218103808 of 387516637 (56.3%), 208.0 MBs/sec
2025-03-03T11:52:48.3520815Z Cache Size: ~370 MB (387516637 B)
2025-03-03T11:52:48.3561732Z [command]/usr/bin/tar -xf /home/runner/work/_temp/5fe2f114-c011-48b9-904f-a02dc1568695/cache.tzst -P -C /home/runner/work/tardis/tardis --use-compress-program unzstd
2025-03-03T11:52:48.6632106Z Received 387516637 of 387516637 (100.0%), 184.8 MBs/sec
2025-03-03T11:52:48.8723710Z Cache restored successfully
2025-03-03T11:52:48.9522258Z Restored cache with key `tardis-conda-env-linux-64-dfb81d2723129547a30c332ca5342e4c27b403220fa11978d833aab7f727e70e-v1-linux-64`
2025-03-03T11:52:48.9523888Z ##[endgroup]
2025-03-03T11:52:48.9533893Z ##[group]Restoring environment `tardis` from `/home/runner/micromamba/envs/tardis` ...
2025-03-03T11:52:50.0302686Z Received 209715200 of 481414426 (43.6%), 199.8 MBs/sec
2025-03-03T11:52:51.0304270Z Received 461373440 of 481414426 (95.8%), 219.8 MBs/sec
2025-03-03T11:52:51.1375991Z Cache Size: ~459 MB (481414426 B)
2025-03-03T11:52:51.1412511Z [command]/usr/bin/tar -xf /home/runner/work/_temp/7b380826-56b1-4a49-8727-41de61320173/cache.tzst -P -C /home/runner/work/tardis/tardis --use-compress-program unzstd
2025-03-03T11:52:52.0320095Z Received 481414426 of 481414426 (100.0%), 152.9 MBs/sec
2025-03-03T11:52:56.6633648Z Cache restored successfully
2025-03-03T11:52:56.7568136Z Restored cache with key `tardis-conda-env-linux-64-dfb81d2723129547a30c332ca5342e4c27b403220fa11978d833aab7f727e70e-v1-linux-64-tardis-args-4f53cda-root-dcc80ee-bin-[object Promise]-file-dfb81d2723129547a30c332ca5342e4c27b403220fa11978d833aab7f727e70e`
2025-03-03T11:52:56.7569803Z ##[endgroup]
2025-03-03T11:52:56.7576349Z Adding environment tardis to auto-activate bash ...
2025-03-03T11:52:56.7583789Z Generating micromamba run shell.
2025-03-03T11:52:56.7596684Z ##[endgroup]
2025-03-03T11:52:56.7607376Z Set environment variables.
2025-03-03T11:52:56.7608816Z ##[group]micromamba info
2025-03-03T11:52:56.7620175Z [command]/home/runner/micromamba-bin/micromamba info -r /home/runner/micromamba -n tardis
2025-03-03T11:52:56.7865376Z 
2025-03-03T11:52:56.7865966Z        libmamba version : 1.5.10
2025-03-03T11:52:56.7866815Z      micromamba version : 1.5.10
2025-03-03T11:52:56.7867516Z            curl version : libcurl/8.10.1 OpenSSL/3.3.2 zlib/1.3.1 zstd/1.5.6 libssh2/1.11.0 nghttp2/1.58.0
2025-03-03T11:52:56.7868615Z      libarchive version : libarchive 3.7.4 zlib/1.2.13 bz2lib/1.0.8 libzstd/1.5.6
2025-03-03T11:52:56.7869283Z        envs directories : /home/runner/micromamba/envs
2025-03-03T11:52:56.7869874Z           package cache : /home/runner/micromamba/pkgs
2025-03-03T11:52:56.7870524Z                           /home/runner/.mamba/pkgs
2025-03-03T11:52:56.7871115Z             environment : tardis
2025-03-03T11:52:56.7871847Z            env location : /home/runner/micromamba/envs/tardis
2025-03-03T11:52:56.7872505Z       user config files : /home/runner/.mambarc
2025-03-03T11:52:56.7873331Z  populated config files : /home/runner/work/_temp/setup-micromamba/.condarc
2025-03-03T11:52:56.7874022Z        virtual packages : __unix=0=0
2025-03-03T11:52:56.7874365Z                           __linux=6.8.0=0
2025-03-03T11:52:56.7874782Z                           __glibc=2.39=0
2025-03-03T11:52:56.7875133Z                           __archspec=1=x86_64_v3
2025-03-03T11:52:56.7875563Z                channels : https://conda.anaconda.org/conda-forge/linux-64
2025-03-03T11:52:56.7876111Z                           https://conda.anaconda.org/conda-forge/noarch
2025-03-03T11:52:56.7876881Z        base environment : /home/runner/micromamba
2025-03-03T11:52:56.7898722Z                platform : linux-64
2025-03-03T11:52:56.7899624Z ##[endgroup]
2025-03-03T11:52:56.7900216Z ##[group]micromamba list
2025-03-03T11:52:56.7901389Z [command]/home/runner/micromamba-bin/micromamba list -r /home/runner/micromamba -n tardis
2025-03-03T11:52:57.2104734Z List of packages in environment: "/home/runner/micromamba/envs/tardis"
2025-03-03T11:52:57.2105319Z 
2025-03-03T11:52:57.2105596Z   Name                           Version              Build                    Channel    
2025-03-03T11:52:57.2106656Z â”€â”€â”€â”€â”€â”€â”€â”€â”€â”€â”€â”€â”€â”€â”€â”€â”€â”€â”€â”€â”€â”€â”€â”€â”€â”€â”€â”€â”€â”€â”€â”€â”€â”€â”€â”€â”€â”€â”€â”€â”€â”€â”€â”€â”€â”€â”€â”€â”€â”€â”€â”€â”€â”€â”€â”€â”€â”€â”€â”€â”€â”€â”€â”€â”€â”€â”€â”€â”€â”€â”€â”€â”€â”€â”€â”€â”€â”€â”€â”€â”€â”€â”€â”€â”€â”€â”€â”€â”€â”€â”€â”€
2025-03-03T11:52:57.2107343Z   _libgcc_mutex                  0.1                  conda_forge              conda-forge
2025-03-03T11:52:57.2108207Z   _openmp_mutex                  4.5                  2_gnu                    conda-forge
2025-03-03T11:52:57.2108950Z   accessible-pygments            0.0.5                pyhd8ed1ab_1             conda-forge
2025-03-03T11:52:57.2110197Z   alabaster                      0.7.16               pyhd8ed1ab_0             conda-forge
2025-03-03T11:52:57.2110871Z   anyio                          4.4.0                pyhd8ed1ab_0             conda-forge
2025-03-03T11:52:57.2111540Z   argon2-cffi                    23.1.0               pyhd8ed1ab_1             conda-forge
2025-03-03T11:52:57.2112328Z   argon2-cffi-bindings           21.2.0               py312h66e93f0_5          conda-forge
2025-03-03T11:52:57.2113037Z   arrow                          1.3.0                pyhd8ed1ab_1             conda-forge
2025-03-03T11:52:57.2113668Z   astropy                        6.1.1                py312h4fc7734_1          conda-forge
2025-03-03T11:52:57.2114381Z   astropy-iers-data              0.2024.6.17.0.31.35  pyhd8ed1ab_0             conda-forge
2025-03-03T11:52:57.2115168Z   astropy-sphinx-theme           1.1                  pyhd8ed1ab_1             conda-forge
2025-03-03T11:52:57.2115999Z   asttokens                      2.4.1                pyhd8ed1ab_0             conda-forge
2025-03-03T11:52:57.2116662Z   async-lru                      2.0.4                pyhd8ed1ab_1             conda-forge
2025-03-03T11:52:57.2117277Z   atk-1.0                        2.38.0               h04ea711_2               conda-forge
2025-03-03T11:52:57.2118190Z   attrs                          23.2.0               pyh71513ae_0             conda-forge
2025-03-03T11:52:57.2118797Z   babel                          2.14.0               pyhd8ed1ab_0             conda-forge
2025-03-03T11:52:57.2119458Z   beautifulsoup4                 4.12.3               pyha770c72_1             conda-forge
2025-03-03T11:52:57.2120131Z   bleach                         6.1.0                pyhd8ed1ab_0             conda-forge
2025-03-03T11:52:57.2120737Z   blosc                          1.21.6               hef167b5_0               conda-forge
2025-03-03T11:52:57.2121339Z   bokeh                          3.6.3                pyhd8ed1ab_0             conda-forge
2025-03-03T11:52:57.2121980Z   brotli                         1.1.0                hb9d3cd8_2               conda-forge
2025-03-03T11:52:57.2122623Z   brotli-bin                     1.1.0                hb9d3cd8_2               conda-forge
2025-03-03T11:52:57.2123312Z   brotli-python                  1.1.0                py312h2ec8cdc_2          conda-forge
2025-03-03T11:52:57.2123976Z   bzip2                          1.0.8                h4bc722e_7               conda-forge
2025-03-03T11:52:57.2124598Z   c-ares                         1.28.1               hd590300_0               conda-forge
2025-03-03T11:52:57.2125234Z   c-blosc2                       2.15.2               h68e2383_0               conda-forge
2025-03-03T11:52:57.2125932Z   ca-certificates                2025.1.31            hbcca054_0               conda-forge
2025-03-03T11:52:57.2126681Z   cached-property                1.5.2                hd8ed1ab_1               conda-forge
2025-03-03T11:52:57.2127925Z   cached_property                1.5.2                pyha770c72_1             conda-forge
2025-03-03T11:52:57.2128602Z   cairo                          1.18.0               h3faef2a_0               conda-forge
2025-03-03T11:52:57.2129248Z   certifi                        2025.1.31            pyhd8ed1ab_0             conda-forge
2025-03-03T11:52:57.2129877Z   cffi                           1.16.0               py312hf06ca03_0          conda-forge
2025-03-03T11:52:57.2130558Z   charset-normalizer             3.3.2                pyhd8ed1ab_0             conda-forge
2025-03-03T11:52:57.2131256Z   click                          8.1.7                unix_pyh707e725_1        conda-forge
2025-03-03T11:52:57.2131907Z   codespell                      2.3.0                pyhd8ed1ab_1             conda-forge
2025-03-03T11:52:57.2132590Z   colorama                       0.4.6                pyhd8ed1ab_1             conda-forge
2025-03-03T11:52:57.2133223Z   comm                           0.2.2                pyhd8ed1ab_1             conda-forge
2025-03-03T11:52:57.2134132Z   commonmark                     0.9.1                py_0                     conda-forge
2025-03-03T11:52:57.2134805Z   contourpy                      1.2.1                py312h8572e83_0          conda-forge
2025-03-03T11:52:57.2135469Z   coverage                       7.5.3                py312h9a8786e_0          conda-forge
2025-03-03T11:52:57.2136114Z   cycler                         0.12.1               pyhd8ed1ab_1             conda-forge
2025-03-03T11:52:57.2136779Z   dataclasses                    0.8                  pyhc8e2a94_3             conda-forge
2025-03-03T11:52:57.2137435Z   debugpy                        1.8.1                py312h30efb56_0          conda-forge
2025-03-03T11:52:57.2138301Z   decorator                      5.1.1                pyhd8ed1ab_1             conda-forge
2025-03-03T11:52:57.2138969Z   defusedxml                     0.7.1                pyhd8ed1ab_0             conda-forge
2025-03-03T11:52:57.2139679Z   docutils                       0.20.1               py312h7900ff3_3          conda-forge
2025-03-03T11:52:57.2140312Z   dot2tex                        2.11.3               pyhd8ed1ab_1             conda-forge
2025-03-03T11:52:57.2140972Z   entrypoints                    0.4                  pyhd8ed1ab_1             conda-forge
2025-03-03T11:52:57.2141670Z   exceptiongroup                 1.2.0                pyhd8ed1ab_2             conda-forge
2025-03-03T11:52:57.2142353Z   executing                      2.0.1                pyhd8ed1ab_0             conda-forge
2025-03-03T11:52:57.2142974Z   expat                          2.6.2                h59595ed_0               conda-forge
2025-03-03T11:52:57.2143664Z   font-ttf-dejavu-sans-mono      2.37                 hab24e00_0               conda-forge
2025-03-03T11:52:57.2144449Z   font-ttf-inconsolata           3.000                h77eed37_0               conda-forge
2025-03-03T11:52:57.2145239Z   font-ttf-source-code-pro       2.038                h77eed37_0               conda-forge
2025-03-03T11:52:57.2146016Z   font-ttf-ubuntu                0.83                 h77eed37_3               conda-forge
2025-03-03T11:52:57.2146694Z   fontconfig                     2.14.2               h14ed4e7_0               conda-forge
2025-03-03T11:52:57.2147401Z   fonts-conda-ecosystem          1                    0                        conda-forge
2025-03-03T11:52:57.2148437Z   fonts-conda-forge              1                    0                        conda-forge
2025-03-03T11:52:57.2149154Z   fonttools                      4.53.0               py312h9a8786e_0          conda-forge
2025-03-03T11:52:57.2149806Z   fqdn                           1.5.1                pyhd8ed1ab_1             conda-forge
2025-03-03T11:52:57.2150444Z   freetype                       2.12.1               h267a509_2               conda-forge
2025-03-03T11:52:57.2151094Z   fribidi                        1.0.10               h36c2ea0_0               conda-forge
2025-03-03T11:52:57.2152088Z   future                         1.0.0                pyhd8ed1ab_2             conda-forge
2025-03-03T11:52:57.2152862Z   gdk-pixbuf                     2.42.12              hb9ae30d_0               conda-forge
2025-03-03T11:52:57.2153466Z   giflib                         5.2.2                hd590300_0               conda-forge
2025-03-03T11:52:57.2154067Z   git-lfs                        3.5.1                h647637d_1               conda-forge
2025-03-03T11:52:57.2154663Z   gmp                            6.3.0                hac33072_2               conda-forge
2025-03-03T11:52:57.2155262Z   gmpy2                          2.1.5                py312h7201bc8_3          conda-forge
2025-03-03T11:52:57.2155881Z   graphite2                      1.3.13               h59595ed_1003            conda-forge
2025-03-03T11:52:57.2156526Z   graphviz                       11.0.0               hc68bbd7_0               conda-forge
2025-03-03T11:52:57.2157159Z   greenlet                       3.1.1                py312h2ec8cdc_1          conda-forge
2025-03-03T11:52:57.2158206Z   gtk2                           2.24.33              h280cfa0_4               conda-forge
2025-03-03T11:52:57.2158780Z   gts                            0.7.6                h977cf35_4               conda-forge
2025-03-03T11:52:57.2159343Z   h11                            0.14.0               pyhd8ed1ab_1             conda-forge
2025-03-03T11:52:57.2159926Z   h2                             4.1.0                pyhd8ed1ab_1             conda-forge
2025-03-03T11:52:57.2160507Z   h5py                           3.11.0               nompi_py312hedeef09_103  conda-forge
2025-03-03T11:52:57.2161097Z   harfbuzz                       8.5.0                hfac3d4d_0               conda-forge
2025-03-03T11:52:57.2161813Z   hdf5                           1.14.3               nompi_hdf9ad27_105       conda-forge
2025-03-03T11:52:57.2162413Z   hpack                          4.0.0                pyhd8ed1ab_1             conda-forge
2025-03-03T11:52:57.2163059Z   httpcore                       1.0.5                pyhd8ed1ab_0             conda-forge
2025-03-03T11:52:57.2163666Z   httpx                          0.27.0               pyhd8ed1ab_0             conda-forge
2025-03-03T11:52:57.2164292Z   hyperframe                     6.0.1                pyhd8ed1ab_1             conda-forge
2025-03-03T11:52:57.2164899Z   icu                            73.2                 h59595ed_0               conda-forge
2025-03-03T11:52:57.2165461Z   idna                           3.7                  pyhd8ed1ab_0             conda-forge
2025-03-03T11:52:57.2166108Z   imagesize                      1.4.1                pyhd8ed1ab_0             conda-forge
2025-03-03T11:52:57.2166810Z   importlib-metadata             7.1.0                pyha770c72_0             conda-forge
2025-03-03T11:52:57.2167584Z   importlib_metadata             7.1.0                hd8ed1ab_0               conda-forge
2025-03-03T11:52:57.2168534Z   importlib_resources            6.4.0                pyhd8ed1ab_0             conda-forge
2025-03-03T11:52:57.2169251Z   iniconfig                      2.0.0                pyhd8ed1ab_1             conda-forge
2025-03-03T11:52:57.2169908Z   ipykernel                      6.29.4               pyh3099207_0             conda-forge
2025-03-03T11:52:57.2170574Z   ipython                        8.25.0               pyh707e725_0             conda-forge
2025-03-03T11:52:57.2171244Z   ipython_genutils               0.2.0                pyhd8ed1ab_2             conda-forge
2025-03-03T11:52:57.2171939Z   ipywidgets                     7.8.0                pyhd8ed1ab_0             conda-forge
2025-03-03T11:52:57.2172628Z   isoduration                    20.11.0              pyhd8ed1ab_1             conda-forge
2025-03-03T11:52:57.2173286Z   jedi                           0.19.1               pyhd8ed1ab_0             conda-forge
2025-03-03T11:52:57.2173898Z   jinja2                         3.1.4                pyhd8ed1ab_1             conda-forge
2025-03-03T11:52:57.2174516Z   json5                          0.9.25               pyhd8ed1ab_0             conda-forge
2025-03-03T11:52:57.2175408Z   jsonpointer                    3.0.0                py312h7900ff3_1          conda-forge
2025-03-03T11:52:57.2176083Z   jsonschema                     4.22.0               pyhd8ed1ab_0             conda-forge
2025-03-03T11:52:57.2176880Z   jsonschema-specifications      2023.12.1            pyhd8ed1ab_0             conda-forge
2025-03-03T11:52:57.2177995Z   jsonschema-with-format-nongpl  4.22.0               pyhd8ed1ab_0             conda-forge
2025-03-03T11:52:57.2178805Z   jupyter-cache                  1.0.1                pyhff2d567_0             conda-forge
2025-03-03T11:52:57.2179486Z   jupyter-lsp                    2.2.5                pyhd8ed1ab_1             conda-forge
2025-03-03T11:52:57.2180166Z   jupyter_bokeh                  3.0.5                pyhd8ed1ab_0             conda-forge
2025-03-03T11:52:57.2180923Z   jupyter_client                 7.4.9                pyhd8ed1ab_0             conda-forge
2025-03-03T11:52:57.2181950Z   jupyter_core                   5.7.2                pyh31011fe_1             conda-forge
2025-03-03T11:52:57.2182664Z   jupyter_events                 0.10.0               pyhd8ed1ab_1             conda-forge
2025-03-03T11:52:57.2183395Z   jupyter_server                 2.14.1               pyhd8ed1ab_1             conda-forge
2025-03-03T11:52:57.2184165Z   jupyter_server_terminals       0.5.3                pyhd8ed1ab_1             conda-forge
2025-03-03T11:52:57.2184905Z   jupyterlab                     3.5.3                pyhd8ed1ab_0             conda-forge
2025-03-03T11:52:57.2185643Z   jupyterlab_pygments            0.3.0                pyhd8ed1ab_0             conda-forge
2025-03-03T11:52:57.2186420Z   jupyterlab_server              2.27.2               pyhd8ed1ab_0             conda-forge
2025-03-03T11:52:57.2187195Z   jupyterlab_widgets             1.1.7                pyhd8ed1ab_0             conda-forge
2025-03-03T11:52:57.2188133Z   keyutils                       1.6.1                h166bdaf_0               conda-forge
2025-03-03T11:52:57.2188788Z   kiwisolver                     1.4.5                py312h68727a3_2          conda-forge
2025-03-03T11:52:57.2189393Z   krb5                           1.21.2               h659d440_0               conda-forge
2025-03-03T11:52:57.2190014Z   latexcodec                     2.0.1                pyh9f0ad1d_0             conda-forge
2025-03-03T11:52:57.2190627Z   lcms2                          2.16                 hb7c19ff_0               conda-forge
2025-03-03T11:52:57.2191242Z   ld_impl_linux-64               2.40                 hf3520f5_7               conda-forge
2025-03-03T11:52:57.2191856Z   lerc                           4.0.0                h27087fc_0               conda-forge
2025-03-03T11:52:57.2192439Z   libaec                         1.1.3                h59595ed_0               conda-forge
2025-03-03T11:52:57.2193054Z   libblas                        3.9.0                24_linux64_openblas      conda-forge
2025-03-03T11:52:57.2193768Z   libbrotlicommon                1.1.0                hb9d3cd8_2               conda-forge
2025-03-03T11:52:57.2194500Z   libbrotlidec                   1.1.0                hb9d3cd8_2               conda-forge
2025-03-03T11:52:57.2195214Z   libbrotlienc                   1.1.0                hb9d3cd8_2               conda-forge
2025-03-03T11:52:57.2195892Z   libcblas                       3.9.0                24_linux64_openblas      conda-forge
2025-03-03T11:52:57.2196519Z   libcurl                        8.8.0                hca28451_0               conda-forge
2025-03-03T11:52:57.2197141Z   libdeflate                     1.20                 hd590300_0               conda-forge
2025-03-03T11:52:57.2197990Z   libedit                        3.1.20191231         he28a2e2_2               conda-forge
2025-03-03T11:52:57.2198621Z   libev                          4.33                 hd590300_2               conda-forge
2025-03-03T11:52:57.2199241Z   libexpat                       2.6.2                h59595ed_0               conda-forge
2025-03-03T11:52:57.2200185Z   libffi                         3.4.2                h7f98852_5               conda-forge
2025-03-03T11:52:57.2200817Z   libgcc                         14.2.0               h767d61c_2               conda-forge
2025-03-03T11:52:57.2201470Z   libgcc-ng                      14.2.0               h69a702a_2               conda-forge
2025-03-03T11:52:57.2202101Z   libgd                          2.3.3                h119a65a_9               conda-forge
2025-03-03T11:52:57.2202754Z   libgfortran-ng                 13.2.0               h69a702a_13              conda-forge
2025-03-03T11:52:57.2203448Z   libgfortran5                   13.2.0               h3d2ce59_13              conda-forge
2025-03-03T11:52:57.2204118Z   libglib                        2.80.2               h8a4344b_1               conda-forge
2025-03-03T11:52:57.2204742Z   libgomp                        14.2.0               h767d61c_2               conda-forge
2025-03-03T11:52:57.2205625Z   libiconv                       1.17                 hd590300_2               conda-forge
2025-03-03T11:52:57.2206280Z   libjpeg-turbo                  3.0.0                hd590300_1               conda-forge
2025-03-03T11:52:57.2206964Z   liblapack                      3.9.0                24_linux64_openblas      conda-forge
2025-03-03T11:52:57.2207819Z   libllvm14                      14.0.6               hcd5def8_4               conda-forge
2025-03-03T11:52:57.2208503Z   libnghttp2                     1.58.0               h47da74e_1               conda-forge
2025-03-03T11:52:57.2209147Z   libnsl                         2.0.1                hd590300_0               conda-forge
2025-03-03T11:52:57.2209829Z   libopenblas                    0.3.27               pthreads_hac2b453_1      conda-forge
2025-03-03T11:52:57.2210513Z   libpng                         1.6.43               h2797004_0               conda-forge
2025-03-03T11:52:57.2211155Z   librsvg                        2.58.1               hadf69e7_0               conda-forge
2025-03-03T11:52:57.2211826Z   libsodium                      1.0.18               h36c2ea0_1               conda-forge
2025-03-03T11:52:57.2212484Z   libsqlite                      3.46.0               hde9e2c9_0               conda-forge
2025-03-03T11:52:57.2213113Z   libssh2                        1.11.0               h0841786_0               conda-forge
2025-03-03T11:52:57.2213723Z   libstdcxx                      14.2.0               h8f9b012_2               conda-forge
2025-03-03T11:52:57.2214356Z   libstdcxx-ng                   14.2.0               h4852527_2               conda-forge
2025-03-03T11:52:57.2214988Z   libtiff                        4.6.0                h1dd3fc0_3               conda-forge
2025-03-03T11:52:57.2215598Z   libuuid                        2.38.1               h0b41bf4_0               conda-forge
2025-03-03T11:52:57.2216188Z   libwebp                        1.4.0                h2c329e2_0               conda-forge
2025-03-03T11:52:57.2216829Z   libwebp-base                   1.4.0                hd590300_0               conda-forge
2025-03-03T11:52:57.2217452Z   libxcb                         1.15                 h0b41bf4_0               conda-forge
2025-03-03T11:52:57.2218257Z   libxcrypt                      4.4.36               hd590300_1               conda-forge
2025-03-03T11:52:57.2218896Z   libxml2                        2.12.7               h4c95cb1_3               conda-forge
2025-03-03T11:52:57.2219502Z   libxslt                        1.1.39               h76b75d6_0               conda-forge
2025-03-03T11:52:57.2220112Z   libzlib                        1.3.1                hb9d3cd8_2               conda-forge
2025-03-03T11:52:57.2220752Z   linkify-it-py                  2.0.3                pyhd8ed1ab_1             conda-forge
2025-03-03T11:52:57.2221402Z   llvmlite                       0.43.0               py312h374181b_1          conda-forge
2025-03-03T11:52:57.2222022Z   lxml                           5.2.2                py312hb90d8a5_0          conda-forge
2025-03-03T11:52:57.2223378Z   lz4-c                          1.9.4                hcb278e6_0               conda-forge
2025-03-03T11:52:57.2223950Z   lzo                            2.10                 hd590300_1001            conda-forge
2025-03-03T11:52:57.2224550Z   markdown                       3.6                  pyhd8ed1ab_0             conda-forge
2025-03-03T11:52:57.2225203Z   markdown-it-py                 3.0.0                pyhd8ed1ab_1             conda-forge
2025-03-03T11:52:57.2225881Z   markupsafe                     2.1.5                py312h66e93f0_1          conda-forge
2025-03-03T11:52:57.2226561Z   matplotlib-base                3.8.4                py312h20ab3a6_2          conda-forge
2025-03-03T11:52:57.2227285Z   matplotlib-inline              0.1.7                pyhd8ed1ab_1             conda-forge
2025-03-03T11:52:57.2228204Z   mdit-py-plugins                0.4.2                pyhd8ed1ab_1             conda-forge
2025-03-03T11:52:57.2229316Z   mdurl                          0.1.2                pyhd8ed1ab_1             conda-forge
2025-03-03T11:52:57.2229922Z   mistune                        3.0.2                pyhd8ed1ab_1             conda-forge
2025-03-03T11:52:57.2230524Z   mpc                            1.3.1                h24ddda3_1               conda-forge
2025-03-03T11:52:57.2231091Z   mpfr                           4.2.1                h90cbb55_3               conda-forge
2025-03-03T11:52:57.2231695Z   mpmath                         1.3.0                pyhd8ed1ab_1             conda-forge
2025-03-03T11:52:57.2232316Z   munkres                        1.1.4                pyh9f0ad1d_0             conda-forge
2025-03-03T11:52:57.2232991Z   mypy_extensions                1.0.0                pyha770c72_1             conda-forge
2025-03-03T11:52:57.2233653Z   myst-nb                        1.2.0                pyh29332c3_0             conda-forge
2025-03-03T11:52:57.2234283Z   myst-parser                    4.0.1                pyhd8ed1ab_0             conda-forge
2025-03-03T11:52:57.2234975Z   nbclassic                      1.1.0                pyhd8ed1ab_1             conda-forge
2025-03-03T11:52:57.2235637Z   nbclient                       0.10.0               pyhd8ed1ab_0             conda-forge
2025-03-03T11:52:57.2236288Z   nbconvert                      7.16.4               hd8ed1ab_3               conda-forge
2025-03-03T11:52:57.2236979Z   nbconvert-core                 7.16.4               pyhd8ed1ab_3             conda-forge
2025-03-03T11:52:57.2237915Z   nbconvert-pandoc               7.16.4               hd8ed1ab_3               conda-forge
2025-03-03T11:52:57.2238592Z   nbformat                       5.10.4               pyhd8ed1ab_1             conda-forge
2025-03-03T11:52:57.2239229Z   nbsite                         0.8.7                py_0                     pyviz      
2025-03-03T11:52:57.2239900Z   nbsphinx                       0.9.4                pyhd8ed1ab_0             conda-forge
2025-03-03T11:52:57.2240622Z   ncurses                        6.5                  h2d0b736_3               conda-forge
2025-03-03T11:52:57.2241298Z   nest-asyncio                   1.6.0                pyhd8ed1ab_1             conda-forge
2025-03-03T11:52:57.2241953Z   networkx                       3.3                  pyhd8ed1ab_1             conda-forge
2025-03-03T11:52:57.2242575Z   nomkl                          1.0                  h5ca1d4c_0               conda-forge
2025-03-03T11:52:57.2243192Z   notebook                       6.5.7                pyha770c72_0             conda-forge
2025-03-03T11:52:57.2243842Z   notebook-shim                  0.2.4                pyhd8ed1ab_1             conda-forge
2025-03-03T11:52:57.2244482Z   numba                          0.60.0               py312h83e6fd3_0          conda-forge
2025-03-03T11:52:57.2245082Z   numexpr                        2.10.0               py312hf412c99_100        conda-forge
2025-03-03T11:52:57.2245705Z   numpy                          2.0.2                py312h58c1407_1          conda-forge
2025-03-03T11:52:57.2246605Z   numpydoc                       1.7.0                pyhd8ed1ab_3             conda-forge
2025-03-03T11:52:57.2247229Z   openjpeg                       2.5.2                h488ebb8_0               conda-forge
2025-03-03T11:52:57.2248020Z   openssl                        3.4.1                h7b32b05_0               conda-forge
2025-03-03T11:52:57.2248653Z   overrides                      7.7.0                pyhd8ed1ab_1             conda-forge
2025-03-03T11:52:57.2249321Z   packaging                      24.1                 pyhd8ed1ab_0             conda-forge
2025-03-03T11:52:57.2249947Z   pandas                         2.2.2                py312h1d6d2e6_1          conda-forge
2025-03-03T11:52:57.2250539Z   pandoc                         3.2.1                ha770c72_0               conda-forge
2025-03-03T11:52:57.2251182Z   pandocfilters                  1.5.0                pyhd8ed1ab_0             conda-forge
2025-03-03T11:52:57.2252059Z   panel                          1.6.1                pyhd8ed1ab_0             conda-forge
2025-03-03T11:52:57.2252654Z   pango                          1.54.0               h84a9a3c_0               conda-forge
2025-03-03T11:52:57.2253281Z   param                          2.2.0                pyhd8ed1ab_0             conda-forge
2025-03-03T11:52:57.2253876Z   parso                          0.8.4                pyhd8ed1ab_1             conda-forge
2025-03-03T11:52:57.2254499Z   pathspec                       0.12.1               pyhd8ed1ab_1             conda-forge
2025-03-03T11:52:57.2255113Z   pbr                            6.0.0                pyhd8ed1ab_0             conda-forge
2025-03-03T11:52:57.2255697Z   pcre2                          10.44                hba22ea6_2               conda-forge
2025-03-03T11:52:57.2256316Z   pexpect                        4.9.0                pyhd8ed1ab_1             conda-forge
2025-03-03T11:52:57.2256987Z   pickleshare                    0.7.5                pyhd8ed1ab_1004          conda-forge
2025-03-03T11:52:57.2257836Z   pillow                         10.3.0               py312hdcec9eb_0          conda-forge
2025-03-03T11:52:57.2258449Z   pip                            24.0                 pyhd8ed1ab_0             conda-forge
2025-03-03T11:52:57.2259026Z   pixman                         0.43.2               h59595ed_0               conda-forge
2025-03-03T11:52:57.2259721Z   pkgutil-resolve-name           1.3.10               pyhd8ed1ab_2             conda-forge
2025-03-03T11:52:57.2260450Z   platformdirs                   4.2.2                pyhd8ed1ab_0             conda-forge
2025-03-03T11:52:57.2261112Z   plotly                         5.22.0               pyhd8ed1ab_0             conda-forge
2025-03-03T11:52:57.2261731Z   pluggy                         1.5.0                pyhd8ed1ab_1             conda-forge
2025-03-03T11:52:57.2262391Z   portalocker                    3.0.0                py312h7900ff3_0          conda-forge
2025-03-03T11:52:57.2263139Z   prometheus_client              0.20.0               pyhd8ed1ab_0             conda-forge
2025-03-03T11:52:57.2263900Z   prompt-toolkit                 3.0.47               pyha770c72_0             conda-forge
2025-03-03T11:52:57.2264601Z   psutil                         5.9.8                py312h98912ed_0          conda-forge
2025-03-03T11:52:57.2265246Z   pthread-stubs                  0.4                  hb9d3cd8_1002            conda-forge
2025-03-03T11:52:57.2265927Z   ptyprocess                     0.7.0                pyhd8ed1ab_1             conda-forge
2025-03-03T11:52:57.2266587Z   pure_eval                      0.2.2                pyhd8ed1ab_0             conda-forge
2025-03-03T11:52:57.2267236Z   py-cpuinfo                     9.0.0                pyhd8ed1ab_1             conda-forge
2025-03-03T11:52:57.2268079Z   pybtex                         0.24.0               pyhd8ed1ab_3             conda-forge
2025-03-03T11:52:57.2268758Z   pybtex-docutils                1.0.3                py312h7900ff3_2          conda-forge
2025-03-03T11:52:57.2269756Z   pycparser                      2.22                 pyh29332c3_1             conda-forge
2025-03-03T11:52:57.2270490Z   pydata-sphinx-theme            0.15.4               pyhd8ed1ab_0             conda-forge
2025-03-03T11:52:57.2271197Z   pyerfa                         2.0.1.4              py312hc0a28a1_2          conda-forge
2025-03-03T11:52:57.2271835Z   pygments                       2.18.0               pyhd8ed1ab_1             conda-forge
2025-03-03T11:52:57.2272490Z   pygraphviz                     1.13                 py312h4a1d8a7_1          conda-forge
2025-03-03T11:52:57.2273144Z   pyparsing                      3.1.2                pyhd8ed1ab_0             conda-forge
2025-03-03T11:52:57.2273791Z   pysocks                        1.7.1                pyha55dd90_7             conda-forge
2025-03-03T11:52:57.2274433Z   pytables                       3.10.2               py312h2895ec7_0          conda-forge
2025-03-03T11:52:57.2275412Z   pytest                         8.2.2                pyhd8ed1ab_0             conda-forge
2025-03-03T11:52:57.2276081Z   pytest-cov                     5.0.0                pyhd8ed1ab_0             conda-forge
2025-03-03T11:52:57.2276802Z   pytest-doctestplus             1.2.1                pyhd8ed1ab_0             conda-forge
2025-03-03T11:52:57.2277527Z   pytest-html                    4.1.1                pyhd8ed1ab_1             conda-forge
2025-03-03T11:52:57.2278427Z   pytest-metadata                3.1.1                pyhd8ed1ab_1             conda-forge
2025-03-03T11:52:57.2279098Z   python                         3.12.4               h194c7f8_0_cpython       conda-forge
2025-03-03T11:52:57.2279805Z   python-dateutil                2.9.0.post0          pyhff2d567_1             conda-forge
2025-03-03T11:52:57.2280594Z   python-fastjsonschema          2.20.0               pyhd8ed1ab_0             conda-forge
2025-03-03T11:52:57.2281408Z   python-json-logger             2.0.7                pyhd8ed1ab_0             conda-forge
2025-03-03T11:52:57.2282153Z   python-tzdata                  2024.1               pyhd8ed1ab_0             conda-forge
2025-03-03T11:52:57.2282807Z   python_abi                     3.12                 5_cp312                  conda-forge
2025-03-03T11:52:57.2283421Z   pytz                           2024.1               pyhd8ed1ab_0             conda-forge
2025-03-03T11:52:57.2284046Z   pyviz_comms                    2.3.2                pyhd8ed1ab_0             conda-forge
2025-03-03T11:52:57.2284673Z   pyyaml                         6.0.1                py312h98912ed_1          conda-forge
2025-03-03T11:52:57.2285295Z   pyzmq                          26.0.3               py312h8fd38d8_0          conda-forge
2025-03-03T11:52:57.2285880Z   qgrid                          1.3.1                pyhd8ed1ab_5             conda-forge
2025-03-03T11:52:57.2286548Z   radioactivedecay               0.5.1                pyhd8ed1ab_1             conda-forge
2025-03-03T11:52:57.2287222Z   readline                       8.2                  h8c095d6_2               conda-forge
2025-03-03T11:52:57.2288085Z   recommonmark                   0.7.1                pyhd8ed1ab_1             conda-forge
2025-03-03T11:52:57.2288786Z   referencing                    0.35.1               pyhd8ed1ab_1             conda-forge
2025-03-03T11:52:57.2289455Z   requests                       2.32.3               pyhd8ed1ab_1             conda-forge
2025-03-03T11:52:57.2290134Z   rfc3339-validator              0.1.4                pyhd8ed1ab_1             conda-forge
2025-03-03T11:52:57.2290864Z   rfc3986-validator              0.1.1                pyh9f0ad1d_0             conda-forge
2025-03-03T11:52:57.2291537Z   rpds-py                        0.18.1               py312h4413252_0          conda-forge
2025-03-03T11:52:57.2292129Z   ruff                           0.4.9                py312h5715c7c_0          conda-forge
2025-03-03T11:52:57.2292725Z   scipy                          1.13.1               py312hc2bc53b_0          conda-forge
2025-03-03T11:52:57.2293635Z   send2trash                     1.8.3                pyh0d859eb_1             conda-forge
2025-03-03T11:52:57.2294316Z   setuptools                     70.0.0               pyhd8ed1ab_0             conda-forge
2025-03-03T11:52:57.2295024Z   setuptools-scm                 8.1.0                pyhd8ed1ab_1             conda-forge
2025-03-03T11:52:57.2295747Z   setuptools_scm                 8.1.0                hd8ed1ab_1               conda-forge
2025-03-03T11:52:57.2296398Z   six                            1.16.0               pyhd8ed1ab_1             conda-forge
2025-03-03T11:52:57.2297011Z   snakeviz                       2.2.0                pyhd8ed1ab_0             conda-forge
2025-03-03T11:52:57.2297842Z   snappy                         1.2.0                hdb0a2a9_1               conda-forge
2025-03-03T11:52:57.2298478Z   sniffio                        1.3.1                pyhd8ed1ab_1             conda-forge
2025-03-03T11:52:57.2299148Z   snowballstemmer                2.2.0                pyhd8ed1ab_0             conda-forge
2025-03-03T11:52:57.2300102Z   soupsieve                      2.5                  pyhd8ed1ab_1             conda-forge
2025-03-03T11:52:57.2300749Z   sphinx                         7.3.7                pyhd8ed1ab_0             conda-forge
2025-03-03T11:52:57.2301434Z   sphinx-astropy                 1.9.1                pyhd8ed1ab_1             conda-forge
2025-03-03T11:52:57.2302166Z   sphinx-automodapi              0.17.0               pyh717bed2_1             conda-forge
2025-03-03T11:52:57.2302909Z   sphinx-copybutton              0.5.2                pyhd8ed1ab_1             conda-forge
2025-03-03T11:52:57.2303626Z   sphinx-design                  0.6.1                pyhd8ed1ab_2             conda-forge
2025-03-03T11:52:57.2304322Z   sphinx-gallery                 0.16.0               pyhd8ed1ab_0             conda-forge
2025-03-03T11:52:57.2305054Z   sphinx-jsonschema              1.19.1               pyhd8ed1ab_1             conda-forge
2025-03-03T11:52:57.2305838Z   sphinx_bootstrap_theme         0.8.1                pyhd8ed1ab_1             conda-forge
2025-03-03T11:52:57.2306585Z   sphinx_rtd_theme               2.0.0                pyha770c72_0             conda-forge
2025-03-03T11:52:57.2307331Z   sphinxcontrib-apidoc           0.3.0                py_1                     conda-forge
2025-03-03T11:52:57.2308346Z   sphinxcontrib-applehelp        1.0.8                pyhd8ed1ab_0             conda-forge
2025-03-03T11:52:57.2309187Z   sphinxcontrib-bibtex           2.6.2                pyhd8ed1ab_0             conda-forge
2025-03-03T11:52:57.2309984Z   sphinxcontrib-devhelp          1.0.6                pyhd8ed1ab_0             conda-forge
2025-03-03T11:52:57.2310795Z   sphinxcontrib-htmlhelp         2.0.5                pyhd8ed1ab_0             conda-forge
2025-03-03T11:52:57.2311604Z   sphinxcontrib-jquery           4.1                  pyhd8ed1ab_1             conda-forge
2025-03-03T11:52:57.2312376Z   sphinxcontrib-jsmath           1.0.1                pyhd8ed1ab_1             conda-forge
2025-03-03T11:52:57.2313169Z   sphinxcontrib-qthelp           1.0.7                pyhd8ed1ab_0             conda-forge
2025-03-03T11:52:57.2314013Z   sphinxcontrib-serializinghtml  1.1.10               pyhd8ed1ab_1             conda-forge
2025-03-03T11:52:57.2314838Z   sphinxext-rediraffe            0.2.7                pyhd8ed1ab_2             conda-forge
2025-03-03T11:52:57.2315539Z   sqlalchemy                     2.0.38               py312h66e93f0_0          conda-forge
2025-03-03T11:52:57.2316187Z   stack_data                     0.6.2                pyhd8ed1ab_0             conda-forge
2025-03-03T11:52:57.2316846Z   sympy                          1.12.1               pypyh2585a3b_103         conda-forge
2025-03-03T11:52:57.2317473Z   tabulate                       0.9.0                pyhd8ed1ab_2             conda-forge
2025-03-03T11:52:57.2318312Z   tenacity                       8.4.1                pyhd8ed1ab_0             conda-forge
2025-03-03T11:52:57.2319180Z   terminado                      0.18.1               pyh0d859eb_0             conda-forge
2025-03-03T11:52:57.2319805Z   tinycss2                       1.3.0                pyhd8ed1ab_0             conda-forge
2025-03-03T11:52:57.2320398Z   tk                             8.6.13               noxft_h4845f30_101       conda-forge
2025-03-03T11:52:57.2320966Z   toml                           0.10.2               pyhd8ed1ab_1             conda-forge
2025-03-03T11:52:57.2321567Z   tomli                          2.0.1                pyhd8ed1ab_0             conda-forge
2025-03-03T11:52:57.2322166Z   tornado                        6.4.1                py312h66e93f0_1          conda-forge
2025-03-03T11:52:57.2322755Z   tqdm                           4.66.4               pyhd8ed1ab_0             conda-forge
2025-03-03T11:52:57.2323373Z   traitlets                      5.14.3               pyhd8ed1ab_1             conda-forge
2025-03-03T11:52:57.2324024Z   typed-ast                      1.5.5                py312h98912ed_1          conda-forge
2025-03-03T11:52:57.2324972Z   types-python-dateutil          2.9.0.20240316       pyhd8ed1ab_0             conda-forge
2025-03-03T11:52:57.2325807Z   typing-extensions              4.12.2               hd8ed1ab_1               conda-forge
2025-03-03T11:52:57.2326523Z   typing_extensions              4.12.2               pyha770c72_1             conda-forge
2025-03-03T11:52:57.2327213Z   typing_utils                   0.1.0                pyhd8ed1ab_1             conda-forge
2025-03-03T11:52:57.2328098Z   tzdata                         2024a                h8827d51_1               conda-forge
2025-03-03T11:52:57.2328749Z   uc-micro-py                    1.0.3                pyhd8ed1ab_1             conda-forge
2025-03-03T11:52:57.2329405Z   uri-template                   1.3.0                pyhd8ed1ab_1             conda-forge
2025-03-03T11:52:57.2330039Z   urllib3                        2.2.2                pyhd8ed1ab_1             conda-forge
2025-03-03T11:52:57.2330697Z   watchfiles                     1.0.4                py312h12e396e_0          conda-forge
2025-03-03T11:52:57.2331354Z   wcwidth                        0.2.13               pyhd8ed1ab_1             conda-forge
2025-03-03T11:52:57.2332010Z   webcolors                      24.6.0               pyhd8ed1ab_0             conda-forge
2025-03-03T11:52:57.2332710Z   webencodings                   0.5.1                pyhd8ed1ab_3             conda-forge
2025-03-03T11:52:57.2333442Z   websocket-client               1.8.0                pyhd8ed1ab_1             conda-forge
2025-03-03T11:52:57.2334125Z   wheel                          0.43.0               pyhd8ed1ab_1             conda-forge
2025-03-03T11:52:57.2334817Z   widgetsnbextension             3.6.6                pyhd8ed1ab_0             conda-forge
2025-03-03T11:52:57.2335542Z   xorg-kbproto                   1.0.7                hb9d3cd8_1003            conda-forge
2025-03-03T11:52:57.2336189Z   xorg-libice                    1.1.1                hb9d3cd8_1               conda-forge
2025-03-03T11:52:57.2336847Z   xorg-libsm                     1.2.4                he73a12e_1               conda-forge
2025-03-03T11:52:57.2337493Z   xorg-libx11                    1.8.9                h8ee46fc_0               conda-forge
2025-03-03T11:52:57.2338338Z   xorg-libxau                    1.0.11               hb9d3cd8_1               conda-forge
2025-03-03T11:52:57.2338984Z   xorg-libxdmcp                  1.1.3                hb9d3cd8_2               conda-forge
2025-03-03T11:52:57.2339650Z   xorg-libxext                   1.3.4                h0b41bf4_2               conda-forge
2025-03-03T11:52:57.2340328Z   xorg-libxrender                0.9.11               hd590300_0               conda-forge
2025-03-03T11:52:57.2341031Z   xorg-renderproto               0.11.1               hb9d3cd8_1003            conda-forge
2025-03-03T11:52:57.2341724Z   xorg-xextproto                 7.3.0                hb9d3cd8_1004            conda-forge
2025-03-03T11:52:57.2342698Z   xorg-xproto                    7.0.31               hb9d3cd8_1008            conda-forge
2025-03-03T11:52:57.2343384Z   xyzservices                    2025.1.0             pyhd8ed1ab_0             conda-forge
2025-03-03T11:52:57.2344023Z   xz                             5.2.6                h166bdaf_0               conda-forge
2025-03-03T11:52:57.2344589Z   yaml                           0.2.5                h7f98852_2               conda-forge
2025-03-03T11:52:57.2345168Z   zeromq                         4.3.5                h75354e8_4               conda-forge
2025-03-03T11:52:57.2345782Z   zipp                           3.19.2               pyhd8ed1ab_0             conda-forge
2025-03-03T11:52:57.2346404Z   zlib                           1.3.1                hb9d3cd8_2               conda-forge
2025-03-03T11:52:57.2347026Z   zlib-ng                        2.2.3                h7955e40_0               conda-forge
2025-03-03T11:52:57.2347909Z   zstandard                      0.23.0               py312hef9b889_1          conda-forge
2025-03-03T11:52:57.2348851Z   zstd                           1.5.6                ha6fb4c9_0               conda-forge
2025-03-03T11:52:57.2349855Z ##[endgroup]
