2025-01-13T19:45:58.5731972Z Requested labels: macos-latest
2025-01-13T19:45:58.5732231Z Job defined at: tardis-sn/tardis/.github/workflows/tests.yml@refs/pull/2800/merge
2025-01-13T19:45:58.5732311Z Waiting for a runner to pick up this job...
2025-01-13T19:45:58.7396650Z Job is waiting for a hosted runner to come online.
2025-01-13T19:46:02.0618809Z Job is about to start running on the hosted runner: GitHub Actions 7 (hosted)
2025-01-13T19:46:02.7489850Z Current runner version: '2.321.0'
2025-01-13T19:46:02.7505220Z ##[group]Operating System
2025-01-13T19:46:02.7505650Z macOS
2025-01-13T19:46:02.7505950Z 14.7.2
2025-01-13T19:46:02.7506240Z 23H311
2025-01-13T19:46:02.7506530Z ##[endgroup]
2025-01-13T19:46:02.7506840Z ##[group]Runner Image
2025-01-13T19:46:02.7507170Z Image: macos-14-arm64
2025-01-13T19:46:02.7507480Z Version: 20250106.725
2025-01-13T19:46:02.7508130Z Included Software: https://github.com/actions/runner-images/blob/macos-14-arm64/20250106.725/images/macos/macos-14-arm64-Readme.md
2025-01-13T19:46:02.7509020Z Image Release: https://github.com/actions/runner-images/releases/tag/macos-14-arm64%2F20250106.725
2025-01-13T19:46:02.7509580Z ##[endgroup]
2025-01-13T19:46:02.7509890Z ##[group]Runner Image Provisioner
2025-01-13T19:46:02.7510270Z 2.0.404.1+573eac7f0cc07d6bb82d8b9bf5e1ffa69a554644
2025-01-13T19:46:02.7510660Z ##[endgroup]
2025-01-13T19:46:02.7511950Z ##[group]GITHUB_TOKEN Permissions
2025-01-13T19:46:02.7512920Z Actions: read
2025-01-13T19:46:02.7513230Z Attestations: read
2025-01-13T19:46:02.7513530Z Checks: read
2025-01-13T19:46:02.7513820Z Contents: read
2025-01-13T19:46:02.7514110Z Deployments: read
2025-01-13T19:46:02.7514420Z Discussions: read
2025-01-13T19:46:02.7514920Z Issues: read
2025-01-13T19:46:02.7515220Z Metadata: read
2025-01-13T19:46:02.7515520Z Packages: read
2025-01-13T19:46:02.7515810Z Pages: read
2025-01-13T19:46:02.7516100Z PullRequests: read
2025-01-13T19:46:02.7516420Z RepositoryProjects: read
2025-01-13T19:46:02.7516750Z SecurityEvents: read
2025-01-13T19:46:02.7517070Z Statuses: read
2025-01-13T19:46:02.7517370Z ##[endgroup]
2025-01-13T19:46:02.7519120Z Secret source: None
2025-01-13T19:46:02.7519500Z Prepare workflow directory
2025-01-13T19:46:02.7872550Z Prepare all required actions
2025-01-13T19:46:02.7899620Z Getting action download info
2025-01-13T19:46:02.9780420Z Download action repository 'actions/checkout@v4' (SHA:11bd71901bbe5b1630ceea73d27597364c9af683)
2025-01-13T19:46:03.4424130Z Download action repository 'actions/upload-artifact@v4' (SHA:65c4c4a1ddee5b72f698fdd19549f0f0fb45cf08)
2025-01-13T19:46:04.8093220Z Complete job name: not continuum macos-latest 
2025-01-13T19:46:04.8696540Z ##[group]Run actions/checkout@v4
2025-01-13T19:46:04.8697180Z with:
2025-01-13T19:46:04.8697500Z   repository: tardis-sn/tardis
2025-01-13T19:46:04.8698080Z   token: ***
2025-01-13T19:46:04.8698380Z   ssh-strict: true
2025-01-13T19:46:04.8698680Z   ssh-user: git
2025-01-13T19:46:04.8699010Z   persist-credentials: true
2025-01-13T19:46:04.8699350Z   clean: true
2025-01-13T19:46:04.8699670Z   sparse-checkout-cone-mode: true
2025-01-13T19:46:04.8700040Z   fetch-depth: 1
2025-01-13T19:46:04.8700350Z   fetch-tags: false
2025-01-13T19:46:04.8700660Z   show-progress: true
2025-01-13T19:46:04.8700970Z   lfs: false
2025-01-13T19:46:04.8701290Z   submodules: false
2025-01-13T19:46:04.8701620Z   set-safe-directory: true
2025-01-13T19:46:04.8702080Z env:
2025-01-13T19:46:04.8702610Z   CACHE_NUMBER: 0
2025-01-13T19:46:04.8703650Z   PYTEST_FLAGS: --tardis-regression-data=/Users/runner/work/tardis/tardis/tardis-regression-data --cov=tardis --cov-report=xml --cov-report=html --cov-append
2025-01-13T19:46:04.8704910Z   CODECOV_TOKEN: 
2025-01-13T19:46:04.8705280Z ##[endgroup]
2025-01-13T19:46:05.2569180Z Syncing repository: tardis-sn/tardis
2025-01-13T19:46:05.2572650Z ##[group]Getting Git version info
2025-01-13T19:46:05.2573340Z Working directory is '/Users/runner/work/tardis/tardis'
2025-01-13T19:46:05.2574330Z [command]/opt/homebrew/bin/git version
2025-01-13T19:46:05.3493330Z git version 2.47.1
2025-01-13T19:46:05.3518700Z ##[endgroup]
2025-01-13T19:46:05.3524230Z Copying '/Users/runner/.gitconfig' to '/Users/runner/work/_temp/cd2cb872-d22b-48ac-95f6-03633eff5a7c/.gitconfig'
2025-01-13T19:46:05.3530380Z Temporarily overriding HOME='/Users/runner/work/_temp/cd2cb872-d22b-48ac-95f6-03633eff5a7c' before making global git config changes
2025-01-13T19:46:05.3532150Z Adding repository directory to the temporary git global config as a safe directory
2025-01-13T19:46:05.3534500Z [command]/opt/homebrew/bin/git config --global --add safe.directory /Users/runner/work/tardis/tardis
2025-01-13T19:46:05.3639320Z Deleting the contents of '/Users/runner/work/tardis/tardis'
2025-01-13T19:46:05.3655910Z ##[group]Initializing the repository
2025-01-13T19:46:05.3658290Z [command]/opt/homebrew/bin/git init /Users/runner/work/tardis/tardis
2025-01-13T19:46:05.3887910Z hint: Using 'master' as the name for the initial branch. This default branch name
2025-01-13T19:46:05.3891500Z hint: is subject to change. To configure the initial branch name to use in all
2025-01-13T19:46:05.3895120Z hint: of your new repositories, which will suppress this warning, call:
2025-01-13T19:46:05.3896430Z hint:
2025-01-13T19:46:05.3897280Z hint: 	git config --global init.defaultBranch <name>
2025-01-13T19:46:05.3898320Z hint:
2025-01-13T19:46:05.3899370Z hint: Names commonly chosen instead of 'master' are 'main', 'trunk' and
2025-01-13T19:46:05.3901080Z hint: 'development'. The just-created branch can be renamed via this command:
2025-01-13T19:46:05.3902530Z hint:
2025-01-13T19:46:05.3903260Z hint: 	git branch -m <name>
2025-01-13T19:46:05.3904570Z Initialized empty Git repository in /Users/runner/work/tardis/tardis/.git/
2025-01-13T19:46:05.3907690Z [command]/opt/homebrew/bin/git remote add origin https://github.com/tardis-sn/tardis
2025-01-13T19:46:05.3990520Z ##[endgroup]
2025-01-13T19:46:05.3993150Z ##[group]Disabling automatic garbage collection
2025-01-13T19:46:05.3994550Z [command]/opt/homebrew/bin/git config --local gc.auto 0
2025-01-13T19:46:05.4052780Z ##[endgroup]
2025-01-13T19:46:05.4056060Z ##[group]Setting up auth
2025-01-13T19:46:05.4059120Z [command]/opt/homebrew/bin/git config --local --name-only --get-regexp core\.sshCommand
2025-01-13T19:46:05.4103080Z [command]/opt/homebrew/bin/git submodule foreach --recursive sh -c "git config --local --name-only --get-regexp 'core\.sshCommand' && git config --local --unset-all 'core.sshCommand' || :"
2025-01-13T19:46:05.6085780Z [command]/opt/homebrew/bin/git config --local --name-only --get-regexp http\.https\:\/\/github\.com\/\.extraheader
2025-01-13T19:46:05.6147010Z [command]/opt/homebrew/bin/git submodule foreach --recursive sh -c "git config --local --name-only --get-regexp 'http\.https\:\/\/github\.com\/\.extraheader' && git config --local --unset-all 'http.https://github.com/.extraheader' || :"
2025-01-13T19:46:05.7528450Z [command]/opt/homebrew/bin/git config --local http.https://github.com/.extraheader AUTHORIZATION: basic ***
2025-01-13T19:46:05.7688270Z ##[endgroup]
2025-01-13T19:46:05.7703040Z ##[group]Fetching the repository
2025-01-13T19:46:05.7793220Z [command]/opt/homebrew/bin/git -c protocol.version=2 fetch --no-tags --prune --no-recurse-submodules --depth=1 origin +0bbc28eea3cbf03dede1b60f942fb14b23336e4e:refs/remotes/pull/2800/merge
2025-01-13T19:46:07.6727950Z From https://github.com/tardis-sn/tardis
2025-01-13T19:46:07.6730790Z  * [new ref]         0bbc28eea3cbf03dede1b60f942fb14b23336e4e -> pull/2800/merge
2025-01-13T19:46:07.6789050Z ##[endgroup]
2025-01-13T19:46:07.6791080Z ##[group]Determining the checkout info
2025-01-13T19:46:07.6791830Z ##[endgroup]
2025-01-13T19:46:07.6796480Z [command]/opt/homebrew/bin/git sparse-checkout disable
2025-01-13T19:46:07.6871440Z [command]/opt/homebrew/bin/git config --local --unset-all extensions.worktreeConfig
2025-01-13T19:46:07.6934890Z ##[group]Checking out the ref
2025-01-13T19:46:07.6937190Z [command]/opt/homebrew/bin/git checkout --progress --force refs/remotes/pull/2800/merge
2025-01-13T19:46:08.0083640Z HEAD is now at 0bbc28e Merge 00f1145c992c7b625be1bfff58c351ce733d2311 into b4bc6ac32afba1ed86870074cd69db14d7845052
2025-01-13T19:46:08.0115070Z ##[endgroup]
2025-01-13T19:46:08.0242770Z [command]/opt/homebrew/bin/git log -1 --format=%H
2025-01-13T19:46:08.0298440Z 0bbc28eea3cbf03dede1b60f942fb14b23336e4e
2025-01-13T19:46:08.0643920Z Prepare all required actions
2025-01-13T19:46:08.0644330Z Getting action download info
2025-01-13T19:46:08.2210190Z Download action repository 'actions/cache@v4' (SHA:1bd1e32a3bdc45362d1e726936510720a7c30a57)
2025-01-13T19:46:08.4411560Z ##[group]Run ./.github/actions/setup_lfs
2025-01-13T19:46:08.4411830Z with:
2025-01-13T19:46:08.4412030Z   regression-data-repo: tardis-sn/tardis-regression-data
2025-01-13T19:46:08.4412300Z env:
2025-01-13T19:46:08.4412440Z   CACHE_NUMBER: 0
2025-01-13T19:46:08.4412940Z   PYTEST_FLAGS: --tardis-regression-data=/Users/runner/work/tardis/tardis/tardis-regression-data --cov=tardis --cov-report=xml --cov-report=html --cov-append
2025-01-13T19:46:08.4413470Z   CODECOV_TOKEN: 
2025-01-13T19:46:08.4413620Z ##[endgroup]
2025-01-13T19:46:08.4772680Z ##[group]Run actions/checkout@v4
2025-01-13T19:46:08.4772910Z with:
2025-01-13T19:46:08.4773090Z   repository: tardis-sn/tardis-regression-data
2025-01-13T19:46:08.4773350Z   path: tardis-regression-data
2025-01-13T19:46:08.4773790Z   token: ***
2025-01-13T19:46:08.4773950Z   ssh-strict: true
2025-01-13T19:46:08.4774120Z   ssh-user: git
2025-01-13T19:46:08.4774290Z   persist-credentials: true
2025-01-13T19:46:08.4774550Z   clean: true
2025-01-13T19:46:08.4774720Z   sparse-checkout-cone-mode: true
2025-01-13T19:46:08.4774910Z   fetch-depth: 1
2025-01-13T19:46:08.4775900Z   fetch-tags: false
2025-01-13T19:46:08.4776680Z   show-progress: true
2025-01-13T19:46:08.4777160Z   lfs: false
2025-01-13T19:46:08.4777610Z   submodules: false
2025-01-13T19:46:08.4778130Z   set-safe-directory: true
2025-01-13T19:46:08.4779060Z env:
2025-01-13T19:46:08.4779890Z   CACHE_NUMBER: 0
2025-01-13T19:46:08.4782870Z   PYTEST_FLAGS: --tardis-regression-data=/Users/runner/work/tardis/tardis/tardis-regression-data --cov=tardis --cov-report=xml --cov-report=html --cov-append
2025-01-13T19:46:08.4785110Z   CODECOV_TOKEN: 
2025-01-13T19:46:08.4785590Z ##[endgroup]
2025-01-13T19:46:08.7667710Z Syncing repository: tardis-sn/tardis-regression-data
2025-01-13T19:46:08.7770600Z ##[group]Getting Git version info
2025-01-13T19:46:08.7872230Z Working directory is '/Users/runner/work/tardis/tardis/tardis-regression-data'
2025-01-13T19:46:08.8076870Z [command]/opt/homebrew/bin/git version
2025-01-13T19:46:08.8178190Z git version 2.47.1
2025-01-13T19:46:08.8601290Z ##[endgroup]
2025-01-13T19:46:08.8804520Z Copying '/Users/runner/.gitconfig' to '/Users/runner/work/_temp/aae721d4-3272-4288-9af1-f737588c9586/.gitconfig'
2025-01-13T19:46:08.8906380Z Temporarily overriding HOME='/Users/runner/work/_temp/aae721d4-3272-4288-9af1-f737588c9586' before making global git config changes
2025-01-13T19:46:08.9008230Z Adding repository directory to the temporary git global config as a safe directory
2025-01-13T19:46:08.9110320Z [command]/opt/homebrew/bin/git config --global --add safe.directory /Users/runner/work/tardis/tardis/tardis-regression-data
2025-01-13T19:46:08.9414500Z ##[group]Initializing the repository
2025-01-13T19:46:08.9516020Z [command]/opt/homebrew/bin/git init /Users/runner/work/tardis/tardis/tardis-regression-data
2025-01-13T19:46:08.9587820Z hint: Using 'master' as the name for the initial branch. This default branch name
2025-01-13T19:46:08.9588890Z hint: is subject to change. To configure the initial branch name to use in all
2025-01-13T19:46:08.9589450Z hint: of your new repositories, which will suppress this warning, call:
2025-01-13T19:46:08.9589850Z hint:
2025-01-13T19:46:08.9590150Z hint: 	git config --global init.defaultBranch <name>
2025-01-13T19:46:08.9590500Z hint:
2025-01-13T19:46:08.9590830Z hint: Names commonly chosen instead of 'master' are 'main', 'trunk' and
2025-01-13T19:46:08.9591300Z hint: 'development'. The just-created branch can be renamed via this command:
2025-01-13T19:46:08.9628650Z hint:
2025-01-13T19:46:08.9629060Z hint: 	git branch -m <name>
2025-01-13T19:46:08.9632390Z Initialized empty Git repository in /Users/runner/work/tardis/tardis/tardis-regression-data/.git/
2025-01-13T19:46:08.9636840Z [command]/opt/homebrew/bin/git remote add origin https://github.com/tardis-sn/tardis-regression-data
2025-01-13T19:46:08.9637910Z ##[endgroup]
2025-01-13T19:46:08.9638270Z ##[group]Disabling automatic garbage collection
2025-01-13T19:46:08.9638880Z [command]/opt/homebrew/bin/git config --local gc.auto 0
2025-01-13T19:46:08.9639720Z ##[endgroup]
2025-01-13T19:46:08.9640060Z ##[group]Setting up auth
2025-01-13T19:46:08.9640490Z [command]/opt/homebrew/bin/git config --local --name-only --get-regexp core\.sshCommand
2025-01-13T19:46:08.9641720Z [command]/opt/homebrew/bin/git submodule foreach --recursive sh -c "git config --local --name-only --get-regexp 'core\.sshCommand' && git config --local --unset-all 'core.sshCommand' || :"
2025-01-13T19:46:08.9643110Z [command]/opt/homebrew/bin/git config --local --name-only --get-regexp http\.https\:\/\/github\.com\/\.extraheader
2025-01-13T19:46:08.9644520Z [command]/opt/homebrew/bin/git submodule foreach --recursive sh -c "git config --local --name-only --get-regexp 'http\.https\:\/\/github\.com\/\.extraheader' && git config --local --unset-all 'http.https://github.com/.extraheader' || :"
2025-01-13T19:46:08.9788920Z [command]/opt/homebrew/bin/git config --local http.https://github.com/.extraheader AUTHORIZATION: basic ***
2025-01-13T19:46:08.9860100Z ##[endgroup]
2025-01-13T19:46:08.9860440Z ##[group]Determining the default branch
2025-01-13T19:46:08.9861680Z Retrieving the default branch name
2025-01-13T19:46:09.5279670Z Default branch 'main'
2025-01-13T19:46:09.5381740Z ##[endgroup]
2025-01-13T19:46:09.5482920Z ##[group]Fetching the repository
2025-01-13T19:46:09.5585790Z [command]/opt/homebrew/bin/git -c protocol.version=2 fetch --no-tags --prune --no-recurse-submodules --depth=1 origin +refs/heads/main:refs/remotes/origin/main
2025-01-13T19:46:10.5938730Z From https://github.com/tardis-sn/tardis-regression-data
2025-01-13T19:46:10.5940580Z  * [new branch]      main       -> origin/main
2025-01-13T19:46:10.6159900Z ##[endgroup]
2025-01-13T19:46:10.6160900Z ##[group]Determining the checkout info
2025-01-13T19:46:10.6168680Z ##[endgroup]
2025-01-13T19:46:10.6169310Z [command]/opt/homebrew/bin/git sparse-checkout disable
2025-01-13T19:46:10.6231690Z [command]/opt/homebrew/bin/git config --local --unset-all extensions.worktreeConfig
2025-01-13T19:46:10.6330230Z ##[group]Checking out the ref
2025-01-13T19:46:10.6365920Z [command]/opt/homebrew/bin/git checkout --progress --force -B main refs/remotes/origin/main
2025-01-13T19:46:11.0814400Z Switched to a new branch 'main'
2025-01-13T19:46:11.0824330Z branch 'main' set up to track 'origin/main'.
2025-01-13T19:46:11.2228150Z ##[endgroup]
2025-01-13T19:46:11.2309700Z [command]/opt/homebrew/bin/git log -1 --format=%H
2025-01-13T19:46:11.2371170Z fa7729bc9c30e14b69acd641af8b692b56fcd416
2025-01-13T19:46:11.2529900Z ##[group]Run git lfs ls-files -l | cut -d' ' -f1 | sort > .lfs-assets-id
2025-01-13T19:46:11.2530360Z [36;1mgit lfs ls-files -l | cut -d' ' -f1 | sort > .lfs-assets-id[0m
2025-01-13T19:46:11.2610680Z shell: /bin/bash --noprofile --norc -e -o pipefail {0}
2025-01-13T19:46:11.2611000Z env:
2025-01-13T19:46:11.2611190Z   CACHE_NUMBER: 0
2025-01-13T19:46:11.2611780Z   PYTEST_FLAGS: --tardis-regression-data=/Users/runner/work/tardis/tardis/tardis-regression-data --cov=tardis --cov-report=xml --cov-report=html --cov-append
2025-01-13T19:46:11.2612310Z   CODECOV_TOKEN: 
2025-01-13T19:46:11.2612520Z ##[endgroup]
2025-01-13T19:46:11.6382640Z ##[group]Run actions/cache/restore@v4
2025-01-13T19:46:11.6382960Z with:
2025-01-13T19:46:11.6383100Z   path: tardis-regression-data/.git/lfs
2025-01-13T19:46:11.6383510Z   key: macOS-lfs-21f9fa4b6817cc69b9fae3598144724da7828e276a73bd17f47a2a49d9af090a-v1
2025-01-13T19:46:11.6383890Z   enableCrossOsArchive: false
2025-01-13T19:46:11.6384190Z   fail-on-cache-miss: false
2025-01-13T19:46:11.6384400Z   lookup-only: false
2025-01-13T19:46:11.6384600Z env:
2025-01-13T19:46:11.6384830Z   CACHE_NUMBER: 0
2025-01-13T19:46:11.6385840Z   PYTEST_FLAGS: --tardis-regression-data=/Users/runner/work/tardis/tardis/tardis-regression-data --cov=tardis --cov-report=xml --cov-report=html --cov-append
2025-01-13T19:46:11.6386500Z   CODECOV_TOKEN: 
2025-01-13T19:46:11.6386700Z ##[endgroup]
2025-01-13T19:46:13.2549520Z Received 8388608 of 1706796060 (0.5%), 7.9 MBs/sec
2025-01-13T19:46:14.2609560Z Received 58720256 of 1706796060 (3.4%), 27.8 MBs/sec
2025-01-13T19:46:15.2853730Z Received 113246208 of 1706796060 (6.6%), 35.7 MBs/sec
2025-01-13T19:46:16.2746730Z Received 163577856 of 1706796060 (9.6%), 38.7 MBs/sec
2025-01-13T19:46:17.2781260Z Received 213909504 of 1706796060 (12.5%), 40.5 MBs/sec
2025-01-13T19:46:18.2790480Z Received 281018368 of 1706796060 (16.5%), 44.4 MBs/sec
2025-01-13T19:46:19.2801320Z Received 343932928 of 1706796060 (20.2%), 46.6 MBs/sec
2025-01-13T19:46:20.2833150Z Received 402653184 of 1706796060 (23.6%), 47.8 MBs/sec
2025-01-13T19:46:21.2823080Z Received 469762048 of 1706796060 (27.5%), 49.6 MBs/sec
2025-01-13T19:46:22.2829070Z Received 520093696 of 1706796060 (30.5%), 49.4 MBs/sec
2025-01-13T19:46:23.2840520Z Received 578813952 of 1706796060 (33.9%), 50.0 MBs/sec
2025-01-13T19:46:24.2852010Z Received 637534208 of 1706796060 (37.4%), 50.5 MBs/sec
2025-01-13T19:46:25.2858470Z Received 696254464 of 1706796060 (40.8%), 50.9 MBs/sec
2025-01-13T19:46:26.2923260Z Received 767557632 of 1706796060 (45.0%), 52.1 MBs/sec
2025-01-13T19:46:27.2890370Z Received 813694976 of 1706796060 (47.7%), 51.6 MBs/sec
2025-01-13T19:46:28.2907020Z Received 884998144 of 1706796060 (51.9%), 52.6 MBs/sec
2025-01-13T19:46:29.3313730Z Received 922746880 of 1706796060 (54.1%), 51.6 MBs/sec
2025-01-13T19:46:30.3024920Z Received 989855744 of 1706796060 (58.0%), 52.3 MBs/sec
2025-01-13T19:46:31.3064960Z Received 1048576000 of 1706796060 (61.4%), 52.5 MBs/sec
2025-01-13T19:46:32.3080610Z Received 1098907648 of 1706796060 (64.4%), 52.2 MBs/sec
2025-01-13T19:46:33.3098810Z Received 1153433600 of 1706796060 (67.6%), 52.2 MBs/sec
2025-01-13T19:46:34.3095910Z Received 1203765248 of 1706796060 (70.5%), 52.0 MBs/sec
2025-01-13T19:46:35.3112390Z Received 1270874112 of 1706796060 (74.5%), 52.5 MBs/sec
2025-01-13T19:46:36.3299400Z Received 1325400064 of 1706796060 (77.7%), 52.5 MBs/sec
2025-01-13T19:46:37.3417890Z Received 1396703232 of 1706796060 (81.8%), 53.1 MBs/sec
2025-01-13T19:46:38.3389790Z Received 1447034880 of 1706796060 (84.8%), 52.9 MBs/sec
2025-01-13T19:46:39.3371740Z Received 1518338048 of 1706796060 (89.0%), 53.5 MBs/sec
2025-01-13T19:46:40.3364000Z Received 1581252608 of 1706796060 (92.6%), 53.7 MBs/sec
2025-01-13T19:46:41.3397070Z Received 1639972864 of 1706796060 (96.1%), 53.8 MBs/sec
2025-01-13T19:46:42.3420370Z Received 1706796060 of 1706796060 (100.0%), 54.1 MBs/sec
2025-01-13T19:46:42.7958920Z Cache Size: ~1628 MB (1706796060 B)
2025-01-13T19:46:42.8052450Z [command]/opt/homebrew/bin/gtar -xf /Users/runner/work/_temp/169fbb7a-73eb-48be-89f1-f6d7eb79963f/cache.tzst -P -C /Users/runner/work/tardis/tardis --delay-directory-restore --use-compress-program unzstd
2025-01-13T19:46:53.1540580Z Cache restored successfully
2025-01-13T19:46:53.3027620Z Cache restored from key: macOS-lfs-21f9fa4b6817cc69b9fae3598144724da7828e276a73bd17f47a2a49d9af090a-v1
2025-01-13T19:46:53.3338230Z ##[group]Run git lfs checkout
2025-01-13T19:46:53.3338520Z [36;1mgit lfs checkout[0m
2025-01-13T19:46:53.3484980Z shell: /bin/bash --noprofile --norc -e -o pipefail {0}
2025-01-13T19:46:53.3485520Z env:
2025-01-13T19:46:53.3485850Z   CACHE_NUMBER: 0
2025-01-13T19:46:53.3486460Z   PYTEST_FLAGS: --tardis-regression-data=/Users/runner/work/tardis/tardis/tardis-regression-data --cov=tardis --cov-report=xml --cov-report=html --cov-append
2025-01-13T19:46:53.3487140Z   CODECOV_TOKEN: 
2025-01-13T19:46:53.3487450Z ##[endgroup]
2025-01-13T19:47:05.2140800Z Checking out LFS objects: 100% (204/204), 3.5 GB | 236 MB/s, done.
2025-01-13T19:47:15.6985630Z Prepare all required actions
2025-01-13T19:47:15.6986370Z Getting action download info
2025-01-13T19:47:15.8586160Z Download action repository 'mamba-org/setup-micromamba@v1' (SHA:4b9113af4fba0e9e1124b252dd6497a419e7396d)
2025-01-13T19:47:17.0505680Z ##[group]Run ./.github/actions/setup_env
2025-01-13T19:47:17.0506110Z with:
2025-01-13T19:47:17.0506270Z   os-label: osx-arm64
2025-01-13T19:47:17.0506510Z env:
2025-01-13T19:47:17.0506630Z   CACHE_NUMBER: 0
2025-01-13T19:47:17.0508130Z   PYTEST_FLAGS: --tardis-regression-data=/Users/runner/work/tardis/tardis/tardis-regression-data --cov=tardis --cov-report=xml --cov-report=html --cov-append
2025-01-13T19:47:17.0508650Z   CODECOV_TOKEN: 
2025-01-13T19:47:17.0508860Z ##[endgroup]
2025-01-13T19:47:17.0535540Z ##[group]Run file_hash=$(cat conda-osx-arm64.lock | shasum -a 256 | cut -d' ' -f1)
2025-01-13T19:47:17.0535980Z [36;1mfile_hash=$(cat conda-osx-arm64.lock | shasum -a 256 | cut -d' ' -f1)[0m
2025-01-13T19:47:17.0536490Z [36;1mecho "file_hash=$file_hash" >> "${GITHUB_OUTPUT}"[0m
2025-01-13T19:47:17.0600120Z shell: /bin/bash --noprofile --norc -e -o pipefail {0}
2025-01-13T19:47:17.0600370Z env:
2025-01-13T19:47:17.0600520Z   CACHE_NUMBER: 0
2025-01-13T19:47:17.0601060Z   PYTEST_FLAGS: --tardis-regression-data=/Users/runner/work/tardis/tardis/tardis-regression-data --cov=tardis --cov-report=xml --cov-report=html --cov-append
2025-01-13T19:47:17.0601600Z   CODECOV_TOKEN: 
2025-01-13T19:47:17.0601810Z ##[endgroup]
2025-01-13T19:47:17.1914880Z ##[group]Run mamba-org/setup-micromamba@v1
2025-01-13T19:47:17.1915180Z with:
2025-01-13T19:47:17.1915340Z   environment-file: conda-osx-arm64.lock
2025-01-13T19:47:17.1915700Z   cache-environment-key: bf0d0a4d4c847cca72476c6c68c493d56c484aada7e80de0e42c7607fcef5824
2025-01-13T19:47:17.1916190Z   cache-downloads-key: bf0d0a4d4c847cca72476c6c68c493d56c484aada7e80de0e42c7607fcef5824
2025-01-13T19:47:17.1916530Z   environment-name: tardis
2025-01-13T19:47:17.1916710Z   cache-environment: true
2025-01-13T19:47:17.1916890Z   cache-downloads: true
2025-01-13T19:47:17.1917050Z env:
2025-01-13T19:47:17.1917180Z   CACHE_NUMBER: 0
2025-01-13T19:47:17.1917670Z   PYTEST_FLAGS: --tardis-regression-data=/Users/runner/work/tardis/tardis/tardis-regression-data --cov=tardis --cov-report=xml --cov-report=html --cov-append
2025-01-13T19:47:17.1918200Z   CODECOV_TOKEN: 
2025-01-13T19:47:17.1918340Z ##[endgroup]
2025-01-13T19:47:17.5423700Z Will download micromamba to /Users/runner/micromamba-bin/micromamba
2025-01-13T19:47:17.5439930Z ##[group]Install micromamba
2025-01-13T19:47:18.1602700Z micromamba installed to /Users/runner/micromamba-bin/micromamba
2025-01-13T19:47:18.1603940Z ##[endgroup]
2025-01-13T19:47:18.1605110Z Adding conda-forge to condarc channels ...
2025-01-13T19:47:18.1647330Z ##[group]Initialize micromamba for bash.
2025-01-13T19:47:18.1662390Z [command]/Users/runner/micromamba-bin/micromamba shell init -s bash -r /Users/runner/micromamba --log-level warning --rc-file /Users/runner/work/_temp/setup-micromamba/.condarc
2025-01-13T19:47:18.1908180Z Modifying RC file "/Users/runner/.bash_profile"
2025-01-13T19:47:18.1911110Z Generating config for root prefix [1m"/Users/runner/micromamba"[0m
2025-01-13T19:47:18.1911570Z Setting mamba executable to: [1m"/Users/runner/micromamba-bin/micromamba"[0m
2025-01-13T19:47:18.1911960Z Adding (or replacing) the following in your "/Users/runner/.bash_profile" file
2025-01-13T19:47:18.1912210Z 
2025-01-13T19:47:18.1912270Z # >>> mamba initialize >>>
2025-01-13T19:47:18.1912530Z # !! Contents within this block are managed by 'mamba init' !!
2025-01-13T19:47:18.1912840Z export MAMBA_EXE='/Users/runner/micromamba-bin/micromamba';
2025-01-13T19:47:18.1913140Z export MAMBA_ROOT_PREFIX='/Users/runner/micromamba';
2025-01-13T19:47:18.1913510Z __mamba_setup="$("$MAMBA_EXE" shell hook --shell bash --root-prefix "$MAMBA_ROOT_PREFIX" 2> /dev/null)"
2025-01-13T19:47:18.1913850Z if [ $? -eq 0 ]; then
2025-01-13T19:47:18.1914040Z     eval "$__mamba_setup"
2025-01-13T19:47:18.1915040Z else
2025-01-13T19:47:18.1915320Z     alias micromamba="$MAMBA_EXE"  # Fallback on help from mamba activate
2025-01-13T19:47:18.1915570Z fi
2025-01-13T19:47:18.1915690Z unset __mamba_setup
2025-01-13T19:47:18.1915860Z # <<< mamba initialize <<<
2025-01-13T19:47:18.1916750Z 
2025-01-13T19:47:18.1917030Z ##[endgroup]
2025-01-13T19:47:18.1918790Z ##[group]Restoring downloads from `/Users/runner/micromamba/pkgs` ...
2025-01-13T19:47:19.5552160Z Received 29360128 of 310595873 (9.5%), 27.6 MBs/sec
2025-01-13T19:47:20.5506580Z Received 75497472 of 310595873 (24.3%), 35.7 MBs/sec
2025-01-13T19:47:21.5520730Z Received 130023424 of 310595873 (41.9%), 41.0 MBs/sec
2025-01-13T19:47:22.5528830Z Received 192937984 of 310595873 (62.1%), 45.7 MBs/sec
2025-01-13T19:47:23.5535420Z Received 281235745 of 310595873 (90.5%), 53.4 MBs/sec
2025-01-13T19:47:23.8357630Z Cache Size: ~296 MB (310595873 B)
2025-01-13T19:47:23.8387490Z [command]/opt/homebrew/bin/gtar -xf /Users/runner/work/_temp/9a4b4241-4892-4f49-bef2-35f7dfb2ce34/cache.tzst -P -C /Users/runner/work/tardis/tardis --delay-directory-restore --use-compress-program unzstd
2025-01-13T19:47:24.3358790Z Cache restored successfully
2025-01-13T19:47:24.3397380Z Restored cache with key `bf0d0a4d4c847cca72476c6c68c493d56c484aada7e80de0e42c7607fcef5824-osx-arm64`
2025-01-13T19:47:24.3399840Z ##[endgroup]
2025-01-13T19:47:24.3422900Z ##[group]Restoring environment `tardis` from `/Users/runner/micromamba/envs/tardis` ...
2025-01-13T19:47:24.5537230Z Received 310595873 of 310595873 (100.0%), 49.2 MBs/sec
2025-01-13T19:47:25.6921870Z Received 37748736 of 385775710 (9.8%), 36.0 MBs/sec
2025-01-13T19:47:26.6928150Z Received 100663296 of 385775710 (26.1%), 48.0 MBs/sec
2025-01-13T19:47:27.6932420Z Received 171966464 of 385775710 (44.6%), 54.6 MBs/sec
2025-01-13T19:47:28.6939050Z Received 255852544 of 385775710 (66.3%), 61.0 MBs/sec
2025-01-13T19:47:29.6978120Z Received 335544320 of 385775710 (87.0%), 63.9 MBs/sec
2025-01-13T19:47:30.3857060Z Cache Size: ~368 MB (385775710 B)
2025-01-13T19:47:30.3986000Z [command]/opt/homebrew/bin/gtar -xf /Users/runner/work/_temp/e367770d-7195-4534-872d-d36d8a70b009/cache.tzst -P -C /Users/runner/work/tardis/tardis --delay-directory-restore --use-compress-program unzstd
2025-01-13T19:47:30.7074600Z Received 385775710 of 385775710 (100.0%), 61.2 MBs/sec
2025-01-13T19:47:45.1682000Z Cache restored successfully
2025-01-13T19:47:45.1781750Z Restored cache with key `bf0d0a4d4c847cca72476c6c68c493d56c484aada7e80de0e42c7607fcef5824-osx-arm64-tardis-args-4f53cda-root-873f6fe-bin-[object Promise]-file-bf0d0a4d4c847cca72476c6c68c493d56c484aada7e80de0e42c7607fcef5824`
2025-01-13T19:47:45.1843520Z ##[endgroup]
2025-01-13T19:47:45.1844090Z Adding environment tardis to auto-activate bash ...
2025-01-13T19:47:45.1845880Z Generating micromamba run shell.
2025-01-13T19:47:45.1857780Z ##[endgroup]
2025-01-13T19:47:45.1859390Z Set environment variables.
2025-01-13T19:47:45.1867780Z ##[group]micromamba info
2025-01-13T19:47:45.1878060Z [command]/Users/runner/micromamba-bin/micromamba info -r /Users/runner/micromamba -n tardis
2025-01-13T19:47:45.6863090Z 
2025-01-13T19:47:45.6868290Z        libmamba version : 1.5.10
2025-01-13T19:47:45.6868760Z      micromamba version : 1.5.10
2025-01-13T19:47:45.6869750Z            curl version : libcurl/8.10.1 (OpenSSL/3.3.2) SecureTransport zlib/1.3.1 zstd/1.5.6 libssh2/1.11.0 nghttp2/1.58.0
2025-01-13T19:47:45.6870560Z      libarchive version : libarchive 3.7.4 zlib/1.2.13 bz2lib/1.0.8 libzstd/1.5.6
2025-01-13T19:47:45.6871160Z        envs directories : /Users/runner/micromamba/envs
2025-01-13T19:47:45.6871650Z           package cache : /Users/runner/micromamba/pkgs
2025-01-13T19:47:45.6878560Z                           /Users/runner/.mamba/pkgs
2025-01-13T19:47:45.6979610Z             environment : tardis
2025-01-13T19:47:45.7081540Z            env location : /Users/runner/micromamba/envs/tardis
2025-01-13T19:47:45.7183610Z       user config files : /Users/runner/.mambarc
2025-01-13T19:47:45.7293910Z  populated config files : /Users/runner/work/_temp/setup-micromamba/.condarc
2025-01-13T19:47:45.7395640Z        virtual packages : __unix=0=0
2025-01-13T19:47:45.7408560Z                           __osx=14.7.2=0
2025-01-13T19:47:45.7408990Z                           __archspec=1=arm64
2025-01-13T19:47:45.7410710Z                channels : https://conda.anaconda.org/conda-forge/osx-arm64
2025-01-13T19:47:45.7411270Z                           https://conda.anaconda.org/conda-forge/noarch
2025-01-13T19:47:45.7421180Z        base environment : /Users/runner/micromamba
2025-01-13T19:47:45.7421920Z                platform : osx-arm64
2025-01-13T19:47:45.7423320Z ##[endgroup]
2025-01-13T19:47:45.7424620Z ##[group]micromamba list
2025-01-13T19:47:45.7425310Z [command]/Users/runner/micromamba-bin/micromamba list -r /Users/runner/micromamba -n tardis
2025-01-13T19:47:46.1273890Z List of packages in environment: "/Users/runner/micromamba/envs/tardis"
2025-01-13T19:47:46.1274370Z 
2025-01-13T19:47:46.1276060Z   Name                           Version              Build                    Channel    
2025-01-13T19:47:46.1278420Z ────────────────────────────────────────────────────────────────────────────────────────────
2025-01-13T19:47:46.1279320Z   alabaster                      0.7.16               pyhd8ed1ab_0             conda-forge
2025-01-13T19:47:46.1279700Z   anyio                          4.4.0                pyhd8ed1ab_0             conda-forge
2025-01-13T19:47:46.1280160Z   appnope                        0.1.4                pyhd8ed1ab_0             conda-forge
2025-01-13T19:47:46.1280590Z   argon2-cffi                    23.1.0               pyhd8ed1ab_0             conda-forge
2025-01-13T19:47:46.1281120Z   argon2-cffi-bindings           21.2.0               py312h02f2b3b_4          conda-forge
2025-01-13T19:47:46.1281560Z   arrow                          1.3.0                pyhd8ed1ab_0             conda-forge
2025-01-13T19:47:46.1283530Z   astropy                        6.1.1                py312hbebd99a_0          conda-forge
2025-01-13T19:47:46.1283970Z   astropy-iers-data              0.2024.6.17.0.31.35  pyhd8ed1ab_0             conda-forge
2025-01-13T19:47:46.1284480Z   astropy-sphinx-theme           1.1                  pyhd8ed1ab_0             conda-forge
2025-01-13T19:47:46.1284860Z   asttokens                      2.4.1                pyhd8ed1ab_0             conda-forge
2025-01-13T19:47:46.1285270Z   async-lru                      2.0.4                pyhd8ed1ab_0             conda-forge
2025-01-13T19:47:46.1285620Z   atk-1.0                        2.38.0               hd03087b_2               conda-forge
2025-01-13T19:47:46.1286040Z   attrs                          23.2.0               pyh71513ae_0             conda-forge
2025-01-13T19:47:46.1286500Z   babel                          2.14.0               pyhd8ed1ab_0             conda-forge
2025-01-13T19:47:46.1286860Z   beautifulsoup4                 4.12.3               pyha770c72_0             conda-forge
2025-01-13T19:47:46.1287290Z   bleach                         6.1.0                pyhd8ed1ab_0             conda-forge
2025-01-13T19:47:46.1287620Z   blosc                          1.21.5               h9c252e8_1               conda-forge
2025-01-13T19:47:46.1288020Z   brotli                         1.1.0                hb547adb_1               conda-forge
2025-01-13T19:47:46.1288390Z   brotli-bin                     1.1.0                hb547adb_1               conda-forge
2025-01-13T19:47:46.1288960Z   brotli-python                  1.1.0                py312h9f69965_1          conda-forge
2025-01-13T19:47:46.1289320Z   bzip2                          1.0.8                h93a5062_5               conda-forge
2025-01-13T19:47:46.1289700Z   c-ares                         1.28.1               h93a5062_0               conda-forge
2025-01-13T19:47:46.1290030Z   c-blosc2                       2.14.4               ha57e6be_1               conda-forge
2025-01-13T19:47:46.1290480Z   ca-certificates                2024.6.2             hf0a4a13_0               conda-forge
2025-01-13T19:47:46.1291460Z   cached-property                1.5.2                hd8ed1ab_1               conda-forge
2025-01-13T19:47:46.1291960Z   cached_property                1.5.2                pyha770c72_1             conda-forge
2025-01-13T19:47:46.1292450Z   cairo                          1.18.0               hd1e100b_0               conda-forge
2025-01-13T19:47:46.1293060Z   certifi                        2024.6.2             pyhd8ed1ab_0             conda-forge
2025-01-13T19:47:46.1293560Z   cffi                           1.16.0               py312h8e38eb3_0          conda-forge
2025-01-13T19:47:46.1294230Z   charset-normalizer             3.3.2                pyhd8ed1ab_0             conda-forge
2025-01-13T19:47:46.1294820Z   click                          8.1.7                unix_pyh707e725_0        conda-forge
2025-01-13T19:47:46.1295230Z   codespell                      2.3.0                pyhd8ed1ab_0             conda-forge
2025-01-13T19:47:46.1295690Z   colorama                       0.4.6                pyhd8ed1ab_0             conda-forge
2025-01-13T19:47:46.1296090Z   comm                           0.2.2                pyhd8ed1ab_0             conda-forge
2025-01-13T19:47:46.1296600Z   commonmark                     0.9.1                py_0                     conda-forge
2025-01-13T19:47:46.1297120Z   contourpy                      1.2.1                py312h0fef576_0          conda-forge
2025-01-13T19:47:46.1297560Z   coverage                       7.5.3                py312h7e5086c_0          conda-forge
2025-01-13T19:47:46.1297940Z   cycler                         0.12.1               pyhd8ed1ab_0             conda-forge
2025-01-13T19:47:46.1298450Z   dataclasses                    0.8                  pyhc8e2a94_3             conda-forge
2025-01-13T19:47:46.1298890Z   debugpy                        1.8.1                py312h20a0b95_0          conda-forge
2025-01-13T19:47:46.1299370Z   decorator                      5.1.1                pyhd8ed1ab_0             conda-forge
2025-01-13T19:47:46.1299860Z   defusedxml                     0.7.1                pyhd8ed1ab_0             conda-forge
2025-01-13T19:47:46.1300260Z   docutils                       0.20.1               py312h81bd7bf_3          conda-forge
2025-01-13T19:47:46.1301000Z   dot2tex                        2.11.3               pyhd8ed1ab_0             conda-forge
2025-01-13T19:47:46.1301410Z   entrypoints                    0.4                  pyhd8ed1ab_0             conda-forge
2025-01-13T19:47:46.1302130Z   exceptiongroup                 1.2.0                pyhd8ed1ab_2             conda-forge
2025-01-13T19:47:46.1302700Z   executing                      2.0.1                pyhd8ed1ab_0             conda-forge
2025-01-13T19:47:46.1327810Z   expat                          2.6.2                hebf3989_0               conda-forge
2025-01-13T19:47:46.1328970Z   font-ttf-dejavu-sans-mono      2.37                 hab24e00_0               conda-forge
2025-01-13T19:47:46.1329480Z   font-ttf-inconsolata           3.000                h77eed37_0               conda-forge
2025-01-13T19:47:46.1329890Z   font-ttf-source-code-pro       2.038                h77eed37_0               conda-forge
2025-01-13T19:47:46.1330390Z   font-ttf-ubuntu                0.83                 h77eed37_2               conda-forge
2025-01-13T19:47:46.1330700Z   fontconfig                     2.14.2               h82840c6_0               conda-forge
2025-01-13T19:47:46.1331070Z   fonts-conda-ecosystem          1                    0                        conda-forge
2025-01-13T19:47:46.1331530Z   fonts-conda-forge              1                    0                        conda-forge
2025-01-13T19:47:46.1331880Z   fonttools                      4.53.0               py312h7e5086c_0          conda-forge
2025-01-13T19:47:46.1332280Z   fqdn                           1.5.1                pyhd8ed1ab_0             conda-forge
2025-01-13T19:47:46.1332560Z   freetype                       2.12.1               hadb7bae_2               conda-forge
2025-01-13T19:47:46.1333280Z   fribidi                        1.0.10               h27ca646_0               conda-forge
2025-01-13T19:47:46.1333620Z   future                         1.0.0                pyhd8ed1ab_0             conda-forge
2025-01-13T19:47:46.1334000Z   gdk-pixbuf                     2.42.12              h7ddc832_0               conda-forge
2025-01-13T19:47:46.1334340Z   gettext                        0.22.5               h8fbad5d_2               conda-forge
2025-01-13T19:47:46.1335070Z   gettext-tools                  0.22.5               h8fbad5d_2               conda-forge
2025-01-13T19:47:46.1336220Z   giflib                         5.2.2                h93a5062_0               conda-forge
2025-01-13T19:47:46.1336550Z   git-lfs                        3.5.1                hce30654_0               conda-forge
2025-01-13T19:47:46.1336920Z   gmp                            6.3.0                hebf3989_1               conda-forge
2025-01-13T19:47:46.1337240Z   gmpy2                          2.1.5                py312hfa9fade_1          conda-forge
2025-01-13T19:47:46.1337630Z   graphite2                      1.3.13               hebf3989_1003            conda-forge
2025-01-13T19:47:46.1338020Z   graphviz                       11.0.0               h9bb9bc9_0               conda-forge
2025-01-13T19:47:46.1339670Z   gtk2                           2.24.33              h7895bb2_4               conda-forge
2025-01-13T19:47:46.1340150Z   gts                            0.7.6                he42f4ea_4               conda-forge
2025-01-13T19:47:46.1340710Z   h11                            0.14.0               pyhd8ed1ab_0             conda-forge
2025-01-13T19:47:46.1341130Z   h2                             4.1.0                pyhd8ed1ab_0             conda-forge
2025-01-13T19:47:46.1341480Z   h5py                           3.11.0               nompi_py312h903599c_102  conda-forge
2025-01-13T19:47:46.1341810Z   harfbuzz                       8.5.0                h1836168_0               conda-forge
2025-01-13T19:47:46.1342120Z   hdf5                           1.14.3               nompi_hec07895_105       conda-forge
2025-01-13T19:47:46.1342420Z   hpack                          4.0.0                pyh9f0ad1d_0             conda-forge
2025-01-13T19:47:46.1342840Z   httpcore                       1.0.5                pyhd8ed1ab_0             conda-forge
2025-01-13T19:47:46.1343170Z   httpx                          0.27.0               pyhd8ed1ab_0             conda-forge
2025-01-13T19:47:46.1343490Z   hyperframe                     6.0.1                pyhd8ed1ab_0             conda-forge
2025-01-13T19:47:46.1343810Z   icu                            73.2                 hc8870d7_0               conda-forge
2025-01-13T19:47:46.1344100Z   idna                           3.7                  pyhd8ed1ab_0             conda-forge
2025-01-13T19:47:46.1344600Z   imagesize                      1.4.1                pyhd8ed1ab_0             conda-forge
2025-01-13T19:47:46.1344940Z   importlib-metadata             7.1.0                pyha770c72_0             conda-forge
2025-01-13T19:47:46.1345280Z   importlib_metadata             7.1.0                hd8ed1ab_0               conda-forge
2025-01-13T19:47:46.1345760Z   importlib_resources            6.4.0                pyhd8ed1ab_0             conda-forge
2025-01-13T19:47:46.1346190Z   iniconfig                      2.0.0                pyhd8ed1ab_0             conda-forge
2025-01-13T19:47:46.1346550Z   ipykernel                      6.29.4               pyh57ce528_0             conda-forge
2025-01-13T19:47:46.1346900Z   ipython                        8.25.0               pyh707e725_0             conda-forge
2025-01-13T19:47:46.1347200Z   ipython_genutils               0.2.0                pyhd8ed1ab_1             conda-forge
2025-01-13T19:47:46.1347510Z   ipywidgets                     7.8.0                pyhd8ed1ab_0             conda-forge
2025-01-13T19:47:46.1347820Z   isoduration                    20.11.0              pyhd8ed1ab_0             conda-forge
2025-01-13T19:47:46.1348540Z   jedi                           0.19.1               pyhd8ed1ab_0             conda-forge
2025-01-13T19:47:46.1348830Z   jinja2                         3.1.4                pyhd8ed1ab_0             conda-forge
2025-01-13T19:47:46.1349150Z   json5                          0.9.25               pyhd8ed1ab_0             conda-forge
2025-01-13T19:47:46.1349490Z   jsonpointer                    3.0.0                py312h81bd7bf_0          conda-forge
2025-01-13T19:47:46.1349870Z   jsonschema                     4.22.0               pyhd8ed1ab_0             conda-forge
2025-01-13T19:47:46.1350390Z   jsonschema-specifications      2023.12.1            pyhd8ed1ab_0             conda-forge
2025-01-13T19:47:46.1350860Z   jsonschema-with-format-nongpl  4.22.0               pyhd8ed1ab_0             conda-forge
2025-01-13T19:47:46.1351230Z   jupyter-lsp                    2.2.5                pyhd8ed1ab_0             conda-forge
2025-01-13T19:47:46.1351550Z   jupyter_client                 8.6.2                pyhd8ed1ab_0             conda-forge
2025-01-13T19:47:46.1351880Z   jupyter_core                   5.7.2                py312h81bd7bf_0          conda-forge
2025-01-13T19:47:46.1352260Z   jupyter_events                 0.10.0               pyhd8ed1ab_0             conda-forge
2025-01-13T19:47:46.1352590Z   jupyter_server                 2.14.1               pyhd8ed1ab_0             conda-forge
2025-01-13T19:47:46.1352990Z   jupyter_server_terminals       0.5.3                pyhd8ed1ab_0             conda-forge
2025-01-13T19:47:46.1353340Z   jupyterlab                     4.2.2                pyhd8ed1ab_0             conda-forge
2025-01-13T19:47:46.1353770Z   jupyterlab_pygments            0.3.0                pyhd8ed1ab_1             conda-forge
2025-01-13T19:47:46.1354120Z   jupyterlab_server              2.27.2               pyhd8ed1ab_0             conda-forge
2025-01-13T19:47:46.1354470Z   jupyterlab_widgets             1.1.7                pyhd8ed1ab_0             conda-forge
2025-01-13T19:47:46.1354860Z   kiwisolver                     1.4.5                py312h389731b_1          conda-forge
2025-01-13T19:47:46.1355160Z   krb5                           1.21.2               h92f50d5_0               conda-forge
2025-01-13T19:47:46.1355510Z   latexcodec                     2.0.1                pyh9f0ad1d_0             conda-forge
2025-01-13T19:47:46.1355870Z   lcms2                          2.16                 ha0e7c42_0               conda-forge
2025-01-13T19:47:46.1356220Z   lerc                           4.0.0                h9a09cb3_0               conda-forge
2025-01-13T19:47:46.1356520Z   libaec                         1.1.3                hebf3989_0               conda-forge
2025-01-13T19:47:46.1356880Z   libasprintf                    0.22.5               h8fbad5d_2               conda-forge
2025-01-13T19:47:46.1357220Z   libasprintf-devel              0.22.5               h8fbad5d_2               conda-forge
2025-01-13T19:47:46.1357610Z   libblas                        3.9.0                22_osxarm64_openblas     conda-forge
2025-01-13T19:47:46.1357940Z   libbrotlicommon                1.1.0                hb547adb_1               conda-forge
2025-01-13T19:47:46.1358330Z   libbrotlidec                   1.1.0                hb547adb_1               conda-forge
2025-01-13T19:47:46.1358650Z   libbrotlienc                   1.1.0                hb547adb_1               conda-forge
2025-01-13T19:47:46.1359040Z   libcblas                       3.9.0                22_osxarm64_openblas     conda-forge
2025-01-13T19:47:46.1359390Z   libcurl                        8.8.0                h7b6f9a7_0               conda-forge
2025-01-13T19:47:46.1359690Z   libcxx                         17.0.6               h5f092b4_0               conda-forge
2025-01-13T19:47:46.1360020Z   libdeflate                     1.20                 h93a5062_0               conda-forge
2025-01-13T19:47:46.1360350Z   libedit                        3.1.20191231         hc8eb9b7_2               conda-forge
2025-01-13T19:47:46.1360810Z   libev                          4.33                 h93a5062_2               conda-forge
2025-01-13T19:47:46.1361120Z   libexpat                       2.6.2                hebf3989_0               conda-forge
2025-01-13T19:47:46.1361470Z   libffi                         3.4.2                h3422bc3_5               conda-forge
2025-01-13T19:47:46.1361760Z   libgd                          2.3.3                hfdf3952_9               conda-forge
2025-01-13T19:47:46.1362080Z   libgettextpo                   0.22.5               h8fbad5d_2               conda-forge
2025-01-13T19:47:46.1362500Z   libgettextpo-devel             0.22.5               h8fbad5d_2               conda-forge
2025-01-13T19:47:46.1362840Z   libgfortran                    5.0.0                13_2_0_hd922786_3        conda-forge
2025-01-13T19:47:46.1363170Z   libgfortran5                   13.2.0               hf226fd6_3               conda-forge
2025-01-13T19:47:46.1363480Z   libglib                        2.80.2               h59d46d9_1               conda-forge
2025-01-13T19:47:46.1363800Z   libiconv                       1.17                 h0d3ecfb_2               conda-forge
2025-01-13T19:47:46.1364150Z   libintl                        0.22.5               h8fbad5d_2               conda-forge
2025-01-13T19:47:46.1364480Z   libintl-devel                  0.22.5               h8fbad5d_2               conda-forge
2025-01-13T19:47:46.1364830Z   libjpeg-turbo                  3.0.0                hb547adb_1               conda-forge
2025-01-13T19:47:46.1365200Z   liblapack                      3.9.0                22_osxarm64_openblas     conda-forge
2025-01-13T19:47:46.1365510Z   libllvm14                      14.0.6               hd1a9a77_4               conda-forge
2025-01-13T19:47:46.1365830Z   libnghttp2                     1.58.0               ha4dd798_1               conda-forge
2025-01-13T19:47:46.1366160Z   libopenblas                    0.3.27               openmp_h6c19121_0        conda-forge
2025-01-13T19:47:46.1366520Z   libpng                         1.6.43               h091b4b1_0               conda-forge
2025-01-13T19:47:46.1366840Z   librsvg                        2.58.1               hbc281fb_0               conda-forge
2025-01-13T19:47:46.1367200Z   libsodium                      1.0.18               h27ca646_1               conda-forge
2025-01-13T19:47:46.1367530Z   libsqlite                      3.46.0               hfb93653_0               conda-forge
2025-01-13T19:47:46.1367910Z   libssh2                        1.11.0               h7a5bd25_0               conda-forge
2025-01-13T19:47:46.1368200Z   libtiff                        4.6.0                h07db509_3               conda-forge
2025-01-13T19:47:46.1368560Z   libwebp                        1.4.0                h54798ee_0               conda-forge
2025-01-13T19:47:46.1368940Z   libwebp-base                   1.4.0                h93a5062_0               conda-forge
2025-01-13T19:47:46.1369280Z   libxcb                         1.16                 hf2054a2_0               conda-forge
2025-01-13T19:47:46.1369650Z   libxml2                        2.12.7               ha661575_1               conda-forge
2025-01-13T19:47:46.1369990Z   libxslt                        1.1.39               h223e5b9_0               conda-forge
2025-01-13T19:47:46.1370350Z   libzlib                        1.3.1                hfb2fe0b_1               conda-forge
2025-01-13T19:47:46.1370680Z   llvm-openmp                    18.1.7               hde57baf_0               conda-forge
2025-01-13T19:47:46.1371090Z   llvmlite                       0.42.0               py312h17030e7_1          conda-forge
2025-01-13T19:47:46.1371440Z   lxml                           5.2.2                py312h0e5ab22_0          conda-forge
2025-01-13T19:47:46.1371820Z   lz4-c                          1.9.4                hb7217d7_0               conda-forge
2025-01-13T19:47:46.1372190Z   markupsafe                     2.1.5                py312he37b823_0          conda-forge
2025-01-13T19:47:46.1372620Z   matplotlib-base                3.8.4                py312h4479663_2          conda-forge
2025-01-13T19:47:46.1372970Z   matplotlib-inline              0.1.7                pyhd8ed1ab_0             conda-forge
2025-01-13T19:47:46.1373340Z   mistune                        3.0.2                pyhd8ed1ab_0             conda-forge
2025-01-13T19:47:46.1373720Z   mpc                            1.3.1                h91ba8db_0               conda-forge
2025-01-13T19:47:46.1374080Z   mpfr                           4.2.1                h41d338b_1               conda-forge
2025-01-13T19:47:46.1374560Z   mpmath                         1.3.0                pyhd8ed1ab_0             conda-forge
2025-01-13T19:47:46.1374930Z   munkres                        1.1.4                pyh9f0ad1d_0             conda-forge
2025-01-13T19:47:46.1375280Z   mypy_extensions                1.0.0                pyha770c72_0             conda-forge
2025-01-13T19:47:46.1375690Z   nbclassic                      1.1.0                pyhd8ed1ab_0             conda-forge
2025-01-13T19:47:46.1376030Z   nbclient                       0.10.0               pyhd8ed1ab_0             conda-forge
2025-01-13T19:47:46.1376400Z   nbconvert                      7.16.4               hd8ed1ab_1               conda-forge
2025-01-13T19:47:46.1376740Z   nbconvert-core                 7.16.4               pyhd8ed1ab_1             conda-forge
2025-01-13T19:47:46.1377140Z   nbconvert-pandoc               7.16.4               hd8ed1ab_1               conda-forge
2025-01-13T19:47:46.1377480Z   nbformat                       5.10.4               pyhd8ed1ab_0             conda-forge
2025-01-13T19:47:46.1377850Z   nbsphinx                       0.9.4                pyhd8ed1ab_0             conda-forge
2025-01-13T19:47:46.1378200Z   ncurses                        6.5                  hb89a1cb_0               conda-forge
2025-01-13T19:47:46.1378560Z   nest-asyncio                   1.6.0                pyhd8ed1ab_0             conda-forge
2025-01-13T19:47:46.1378930Z   networkx                       3.3                  pyhd8ed1ab_1             conda-forge
2025-01-13T19:47:46.1379250Z   notebook                       7.2.1                pyhd8ed1ab_0             conda-forge
2025-01-13T19:47:46.1379610Z   notebook-shim                  0.2.4                pyhd8ed1ab_0             conda-forge
2025-01-13T19:47:46.1379930Z   numba                          0.59.1               py312hbaff935_0          conda-forge
2025-01-13T19:47:46.1380250Z   numexpr                        2.10.0               py312h8ae5369_0          conda-forge
2025-01-13T19:47:46.1380530Z   numpy                          1.26.4               py312h8442bc7_0          conda-forge
2025-01-13T19:47:46.1380800Z   numpydoc                       1.7.0                pyhd8ed1ab_1             conda-forge
2025-01-13T19:47:46.1381130Z   openjpeg                       2.5.2                h9f1df11_0               conda-forge
2025-01-13T19:47:46.1381450Z   openssl                        3.3.1                hfb2fe0b_0               conda-forge
2025-01-13T19:47:46.1381730Z   overrides                      7.7.0                pyhd8ed1ab_0             conda-forge
2025-01-13T19:47:46.1382030Z   packaging                      24.1                 pyhd8ed1ab_0             conda-forge
2025-01-13T19:47:46.1382310Z   pandas                         2.2.2                py312h8ae5369_1          conda-forge
2025-01-13T19:47:46.1382580Z   pandoc                         3.2                  hce30654_0               conda-forge
2025-01-13T19:47:46.1382920Z   pandocfilters                  1.5.0                pyhd8ed1ab_0             conda-forge
2025-01-13T19:47:46.1383220Z   pango                          1.54.0               h5cb9fbc_0               conda-forge
2025-01-13T19:47:46.1383490Z   parso                          0.8.4                pyhd8ed1ab_0             conda-forge
2025-01-13T19:47:46.1383770Z   pathspec                       0.12.1               pyhd8ed1ab_0             conda-forge
2025-01-13T19:47:46.1384210Z   pbr                            6.0.0                pyhd8ed1ab_0             conda-forge
2025-01-13T19:47:46.1384480Z   pcre2                          10.44                h297a79d_0               conda-forge
2025-01-13T19:47:46.1384760Z   pexpect                        4.9.0                pyhd8ed1ab_0             conda-forge
2025-01-13T19:47:46.1385050Z   pickleshare                    0.7.5                py_1003                  conda-forge
2025-01-13T19:47:46.1385350Z   pillow                         10.3.0               py312h39b1d8d_1          conda-forge
2025-01-13T19:47:46.1385960Z   pip                            24.0                 pyhd8ed1ab_0             conda-forge
2025-01-13T19:47:46.1386230Z   pixman                         0.43.4               hebf3989_0               conda-forge
2025-01-13T19:47:46.1386550Z   pkgutil-resolve-name           1.3.10               pyhd8ed1ab_1             conda-forge
2025-01-13T19:47:46.1386880Z   platformdirs                   4.2.2                pyhd8ed1ab_0             conda-forge
2025-01-13T19:47:46.1387170Z   plotly                         5.22.0               pyhd8ed1ab_0             conda-forge
2025-01-13T19:47:46.1387450Z   pluggy                         1.5.0                pyhd8ed1ab_0             conda-forge
2025-01-13T19:47:46.1387750Z   prometheus_client              0.20.0               pyhd8ed1ab_0             conda-forge
2025-01-13T19:47:46.1388080Z   prompt-toolkit                 3.0.47               pyha770c72_0             conda-forge
2025-01-13T19:47:46.1388370Z   psutil                         5.9.8                py312he37b823_0          conda-forge
2025-01-13T19:47:46.1388690Z   pthread-stubs                  0.4                  h27ca646_1001            conda-forge
2025-01-13T19:47:46.1388980Z   ptyprocess                     0.7.0                pyhd3deb0d_0             conda-forge
2025-01-13T19:47:46.1389270Z   pure_eval                      0.2.2                pyhd8ed1ab_0             conda-forge
2025-01-13T19:47:46.1389560Z   py-cpuinfo                     9.0.0                pyhd8ed1ab_0             conda-forge
2025-01-13T19:47:46.1389860Z   pybtex                         0.24.0               pyhd8ed1ab_2             conda-forge
2025-01-13T19:47:46.1390160Z   pybtex-docutils                1.0.3                py312h81bd7bf_1          conda-forge
2025-01-13T19:47:46.1390470Z   pycparser                      2.22                 pyhd8ed1ab_0             conda-forge
2025-01-13T19:47:46.1390760Z   pyerfa                         2.0.1.4              py312hbebd99a_1          conda-forge
2025-01-13T19:47:46.1391050Z   pygments                       2.18.0               pyhd8ed1ab_0             conda-forge
2025-01-13T19:47:46.1391330Z   pygraphviz                     1.13                 py312h5f4d302_1          conda-forge
2025-01-13T19:47:46.1391620Z   pyobjc-core                    10.3.1               py312hbb55c70_0          conda-forge
2025-01-13T19:47:46.1391940Z   pyobjc-framework-cocoa         10.3.1               py312hbb55c70_0          conda-forge
2025-01-13T19:47:46.1392270Z   pyparsing                      3.1.2                pyhd8ed1ab_0             conda-forge
2025-01-13T19:47:46.1392550Z   pysocks                        1.7.1                pyha2e5f31_6             conda-forge
2025-01-13T19:47:46.1392840Z   pytables                       3.9.2                py312hb622ae1_2          conda-forge
2025-01-13T19:47:46.1393120Z   pytest                         8.2.2                pyhd8ed1ab_0             conda-forge
2025-01-13T19:47:46.1393410Z   pytest-cov                     5.0.0                pyhd8ed1ab_0             conda-forge
2025-01-13T19:47:46.1393730Z   pytest-doctestplus             1.2.1                pyhd8ed1ab_0             conda-forge
2025-01-13T19:47:46.1394050Z   pytest-html                    4.1.1                pyhd8ed1ab_0             conda-forge
2025-01-13T19:47:46.1394360Z   pytest-metadata                3.1.1                pyhd8ed1ab_0             conda-forge
2025-01-13T19:47:46.1394660Z   python                         3.12.4               h30c5eda_0_cpython       conda-forge
2025-01-13T19:47:46.1395230Z   python-dateutil                2.9.0                pyhd8ed1ab_0             conda-forge
2025-01-13T19:47:46.1395580Z   python-fastjsonschema          2.20.0               pyhd8ed1ab_0             conda-forge
2025-01-13T19:47:46.1396030Z   python-json-logger             2.0.7                pyhd8ed1ab_0             conda-forge
2025-01-13T19:47:46.1396360Z   python-tzdata                  2024.1               pyhd8ed1ab_0             conda-forge
2025-01-13T19:47:46.1396790Z   python_abi                     3.12                 4_cp312                  conda-forge
2025-01-13T19:47:46.1397070Z   pytz                           2024.1               pyhd8ed1ab_0             conda-forge
2025-01-13T19:47:46.1397340Z   pyyaml                         6.0.1                py312h02f2b3b_1          conda-forge
2025-01-13T19:47:46.1397610Z   pyzmq                          26.0.3               py312hfa13136_0          conda-forge
2025-01-13T19:47:46.1397880Z   qgrid                          1.3.1                pyhd8ed1ab_4             conda-forge
2025-01-13T19:47:46.1398180Z   radioactivedecay               0.5.1                pyhd8ed1ab_0             conda-forge
2025-01-13T19:47:46.1398480Z   readline                       8.2                  h92ec313_1               conda-forge
2025-01-13T19:47:46.1398770Z   recommonmark                   0.7.1                pyhd8ed1ab_0             conda-forge
2025-01-13T19:47:46.1399080Z   referencing                    0.35.1               pyhd8ed1ab_0             conda-forge
2025-01-13T19:47:46.1399370Z   requests                       2.32.3               pyhd8ed1ab_0             conda-forge
2025-01-13T19:47:46.1399680Z   rfc3339-validator              0.1.4                pyhd8ed1ab_0             conda-forge
2025-01-13T19:47:46.1400000Z   rfc3986-validator              0.1.1                pyh9f0ad1d_0             conda-forge
2025-01-13T19:47:46.1400300Z   rpds-py                        0.18.1               py312h552d48e_0          conda-forge
2025-01-13T19:47:46.1400570Z   ruff                           0.4.9                py312h3402d49_0          conda-forge
2025-01-13T19:47:46.1400830Z   scipy                          1.13.1               py312h14ffa8f_0          conda-forge
2025-01-13T19:47:46.1401120Z   send2trash                     1.8.3                pyh31c8845_0             conda-forge
2025-01-13T19:47:46.1401420Z   setuptools                     70.0.0               pyhd8ed1ab_0             conda-forge
2025-01-13T19:47:46.1401730Z   setuptools-scm                 8.1.0                pyhd8ed1ab_0             conda-forge
2025-01-13T19:47:46.1402040Z   setuptools_scm                 8.1.0                hd8ed1ab_0               conda-forge
2025-01-13T19:47:46.1402320Z   six                            1.16.0               pyh6c4a22f_0             conda-forge
2025-01-13T19:47:46.1402600Z   snakeviz                       2.2.0                pyhd8ed1ab_0             conda-forge
2025-01-13T19:47:46.1402890Z   snappy                         1.2.0                hd04f947_1               conda-forge
2025-01-13T19:47:46.1403160Z   sniffio                        1.3.1                pyhd8ed1ab_0             conda-forge
2025-01-13T19:47:46.1403460Z   snowballstemmer                2.2.0                pyhd8ed1ab_0             conda-forge
2025-01-13T19:47:46.1403760Z   soupsieve                      2.5                  pyhd8ed1ab_1             conda-forge
2025-01-13T19:47:46.1404040Z   sphinx                         7.3.7                pyhd8ed1ab_0             conda-forge
2025-01-13T19:47:46.1404350Z   sphinx-astropy                 1.9.1                pyhd8ed1ab_0             conda-forge
2025-01-13T19:47:46.1404680Z   sphinx-automodapi              0.17.0               pyh717bed2_1             conda-forge
2025-01-13T19:47:46.1405000Z   sphinx-gallery                 0.16.0               pyhd8ed1ab_0             conda-forge
2025-01-13T19:47:46.1405330Z   sphinx-jsonschema              1.19.1               pyhd8ed1ab_0             conda-forge
2025-01-13T19:47:46.1405770Z   sphinx_bootstrap_theme         0.8.1                pyhd8ed1ab_0             conda-forge
2025-01-13T19:47:46.1406120Z   sphinx_rtd_theme               2.0.0                pyha770c72_0             conda-forge
2025-01-13T19:47:46.1406450Z   sphinxcontrib-apidoc           0.3.0                py_1                     conda-forge
2025-01-13T19:47:46.1406810Z   sphinxcontrib-applehelp        1.0.8                pyhd8ed1ab_0             conda-forge
2025-01-13T19:47:46.1407280Z   sphinxcontrib-bibtex           2.6.2                pyhd8ed1ab_0             conda-forge
2025-01-13T19:47:46.1407630Z   sphinxcontrib-devhelp          1.0.6                pyhd8ed1ab_0             conda-forge
2025-01-13T19:47:46.1407990Z   sphinxcontrib-htmlhelp         2.0.5                pyhd8ed1ab_0             conda-forge
2025-01-13T19:47:46.1408350Z   sphinxcontrib-jquery           4.1                  pyhd8ed1ab_0             conda-forge
2025-01-13T19:47:46.1408710Z   sphinxcontrib-jsmath           1.0.1                pyhd8ed1ab_0             conda-forge
2025-01-13T19:47:46.1409060Z   sphinxcontrib-qthelp           1.0.7                pyhd8ed1ab_0             conda-forge
2025-01-13T19:47:46.1409440Z   sphinxcontrib-serializinghtml  1.1.10               pyhd8ed1ab_0             conda-forge
2025-01-13T19:47:46.1409790Z   stack_data                     0.6.2                pyhd8ed1ab_0             conda-forge
2025-01-13T19:47:46.1410080Z   sympy                          1.12.1               pypyh2585a3b_103         conda-forge
2025-01-13T19:47:46.1410370Z   tabulate                       0.9.0                pyhd8ed1ab_1             conda-forge
2025-01-13T19:47:46.1410660Z   tenacity                       8.4.1                pyhd8ed1ab_0             conda-forge
2025-01-13T19:47:46.1410950Z   terminado                      0.18.1               pyh31c8845_0             conda-forge
2025-01-13T19:47:46.1411250Z   tinycss2                       1.3.0                pyhd8ed1ab_0             conda-forge
2025-01-13T19:47:46.1411520Z   tk                             8.6.13               h5083fa2_1               conda-forge
2025-01-13T19:47:46.1411780Z   toml                           0.10.2               pyhd8ed1ab_0             conda-forge
2025-01-13T19:47:46.1412080Z   tomli                          2.0.1                pyhd8ed1ab_0             conda-forge
2025-01-13T19:47:46.1412370Z   tornado                        6.4.1                py312h7e5086c_0          conda-forge
2025-01-13T19:47:46.1412640Z   tqdm                           4.66.4               pyhd8ed1ab_0             conda-forge
2025-01-13T19:47:46.1412930Z   traitlets                      5.14.3               pyhd8ed1ab_0             conda-forge
2025-01-13T19:47:46.1413230Z   typed-ast                      1.5.5                py312h02f2b3b_1          conda-forge
2025-01-13T19:47:46.1413560Z   types-python-dateutil          2.9.0.20240316       pyhd8ed1ab_0             conda-forge
2025-01-13T19:47:46.1413920Z   typing-extensions              4.12.2               hd8ed1ab_0               conda-forge
2025-01-13T19:47:46.1414570Z   typing_extensions              4.12.2               pyha770c72_0             conda-forge
2025-01-13T19:47:46.1415380Z   typing_utils                   0.1.0                pyhd8ed1ab_0             conda-forge
2025-01-13T19:47:46.1415830Z   tzdata                         2024a                h0c530f3_0               conda-forge
2025-01-13T19:47:46.1416420Z   uri-template                   1.3.0                pyhd8ed1ab_0             conda-forge
2025-01-13T19:47:46.1416830Z   urllib3                        2.2.2                pyhd8ed1ab_0             conda-forge
2025-01-13T19:47:46.1424030Z   wcwidth                        0.2.13               pyhd8ed1ab_0             conda-forge
2025-01-13T19:47:46.1424350Z   webcolors                      24.6.0               pyhd8ed1ab_0             conda-forge
2025-01-13T19:47:46.1424650Z   webencodings                   0.5.1                pyhd8ed1ab_2             conda-forge
2025-01-13T19:47:46.1425210Z   websocket-client               1.8.0                pyhd8ed1ab_0             conda-forge
2025-01-13T19:47:46.1425520Z   wheel                          0.43.0               pyhd8ed1ab_1             conda-forge
2025-01-13T19:47:46.1425820Z   widgetsnbextension             3.6.6                pyhd8ed1ab_0             conda-forge
2025-01-13T19:47:46.1426150Z   xorg-libxau                    1.0.11               hb547adb_0               conda-forge
2025-01-13T19:47:46.1426450Z   xorg-libxdmcp                  1.1.3                h27ca646_0               conda-forge
2025-01-13T19:47:46.1426860Z   xz                             5.2.6                h57fd34a_0               conda-forge
2025-01-13T19:47:46.1427110Z   yaml                           0.2.5                h3422bc3_2               conda-forge
2025-01-13T19:47:46.1427360Z   zeromq                         4.3.5                hcc0f68c_4               conda-forge
2025-01-13T19:47:46.1427630Z   zipp                           3.19.2               pyhd8ed1ab_0             conda-forge
2025-01-13T19:47:46.1427900Z   zlib                           1.3.1                hfb2fe0b_1               conda-forge
2025-01-13T19:47:46.1428160Z   zlib-ng                        2.0.7                h1a8c8d9_0               conda-forge
2025-01-13T19:47:46.1428420Z   zstd                           1.5.6                hb46c0d2_0               conda-forge
2025-01-13T19:47:46.1428840Z ##[endgroup]
2025-01-13T19:47:46.1487400Z ##[group]Run pip install -e . --user
2025-01-13T19:47:46.1487720Z [36;1mpip install -e . --user[0m
2025-01-13T19:47:46.3827170Z shell: /bin/bash -l {0}
2025-01-13T19:47:46.3827400Z env:
2025-01-13T19:47:46.3827540Z   CACHE_NUMBER: 0
2025-01-13T19:47:46.3828050Z   PYTEST_FLAGS: --tardis-regression-data=/Users/runner/work/tardis/tardis/tardis-regression-data --cov=tardis --cov-report=xml --cov-report=html --cov-append
2025-01-13T19:47:46.3828570Z   CODECOV_TOKEN: 
2025-01-13T19:47:46.3828740Z   MAMBA_ROOT_PREFIX: /Users/runner/micromamba
2025-01-13T19:47:46.3828990Z   MAMBA_EXE: /Users/runner/micromamba-bin/micromamba
2025-01-13T19:47:46.3829280Z   CONDARC: /Users/runner/work/_temp/setup-micromamba/.condarc
2025-01-13T19:47:46.3829520Z ##[endgroup]
2025-01-13T19:47:48.3170550Z Obtaining file:///Users/runner/work/tardis/tardis
2025-01-13T19:47:48.3929900Z   Installing build dependencies: started
2025-01-13T19:47:51.7002810Z   Installing build dependencies: finished with status 'done'
2025-01-13T19:47:51.7102450Z   Checking if build backend supports build_editable: started
2025-01-13T19:47:51.8505020Z   Checking if build backend supports build_editable: finished with status 'done'
2025-01-13T19:47:51.8515590Z   Getting requirements to build editable: started
2025-01-13T19:47:52.4093540Z   Getting requirements to build editable: finished with status 'done'
2025-01-13T19:47:52.4107660Z   Preparing editable metadata (pyproject.toml): started
2025-01-13T19:47:52.8950300Z   Preparing editable metadata (pyproject.toml): finished with status 'done'
2025-01-13T19:47:52.9444770Z Requirement already satisfied: astropy in /Users/runner/micromamba/envs/tardis/lib/python3.12/site-packages (from tardis==0.0.0) (6.1.1)
2025-01-13T19:47:52.9719910Z Requirement already satisfied: numpy>=1.23 in /Users/runner/micromamba/envs/tardis/lib/python3.12/site-packages (from astropy->tardis==0.0.0) (1.26.4)
2025-01-13T19:47:52.9725800Z Requirement already satisfied: pyerfa>=2.0.1.1 in /Users/runner/micromamba/envs/tardis/lib/python3.12/site-packages (from astropy->tardis==0.0.0) (2.0.1.4)
2025-01-13T19:47:52.9732000Z Requirement already satisfied: astropy-iers-data>=0.2024.5.27.0.30.8 in /Users/runner/micromamba/envs/tardis/lib/python3.12/site-packages (from astropy->tardis==0.0.0) (0.2024.6.17.0.31.35)
2025-01-13T19:47:52.9736590Z Requirement already satisfied: PyYAML>=3.13 in /Users/runner/micromamba/envs/tardis/lib/python3.12/site-packages (from astropy->tardis==0.0.0) (6.0.1)
2025-01-13T19:47:52.9742190Z Requirement already satisfied: packaging>=19.0 in /Users/runner/micromamba/envs/tardis/lib/python3.12/site-packages (from astropy->tardis==0.0.0) (24.1)
2025-01-13T19:47:52.9795900Z Building wheels for collected packages: tardis
2025-01-13T19:47:52.9803640Z   Building editable for tardis (pyproject.toml): started
2025-01-13T19:47:53.6392430Z   Building editable for tardis (pyproject.toml): finished with status 'done'
2025-01-13T19:47:53.6405550Z   Created wheel for tardis: filename=tardis-0.0.0-0.editable-py3-none-any.whl size=8876 sha256=bfee3c4c0e6cbe991a1a12c48b2494f3ac47ac505a85cd994cc7bc5ffe2ef9dc
2025-01-13T19:47:53.6407960Z   Stored in directory: /private/var/folders/ml/x_tvfgn50_s7p67dm1ypcqqm0000gn/T/pip-ephem-wheel-cache-hjj76a_e/wheels/bb/4f/6a/0829b918c1c10bc28535ce7f14be21eee54375bdd9cd0c306a
2025-01-13T19:47:53.6434150Z Successfully built tardis
2025-01-13T19:47:54.2080770Z Installing collected packages: tardis
2025-01-13T19:47:54.2181020Z Successfully installed tardis-0.0.0
2025-01-13T19:47:54.4595100Z ##[group]Run pip install qgridnext
2025-01-13T19:47:54.4595470Z [36;1mpip install qgridnext[0m
2025-01-13T19:47:54.4716230Z shell: /bin/bash -l {0}
2025-01-13T19:47:54.4716480Z env:
2025-01-13T19:47:54.4716690Z   CACHE_NUMBER: 0
2025-01-13T19:47:54.4717260Z   PYTEST_FLAGS: --tardis-regression-data=/Users/runner/work/tardis/tardis/tardis-regression-data --cov=tardis --cov-report=xml --cov-report=html --cov-append
2025-01-13T19:47:54.4717940Z   CODECOV_TOKEN: 
2025-01-13T19:47:54.4718310Z   MAMBA_ROOT_PREFIX: /Users/runner/micromamba
2025-01-13T19:47:54.4741970Z   MAMBA_EXE: /Users/runner/micromamba-bin/micromamba
2025-01-13T19:47:54.4742380Z   CONDARC: /Users/runner/work/_temp/setup-micromamba/.condarc
2025-01-13T19:47:54.4742810Z ##[endgroup]
2025-01-13T19:47:55.1499300Z Collecting qgridnext
2025-01-13T19:47:55.1870580Z   Downloading qgridnext-2.0.4-py3-none-any.whl.metadata (9.9 kB)
2025-01-13T19:47:55.2070770Z Requirement already satisfied: pandas>=0.20.0 in /Users/runner/micromamba/envs/tardis/lib/python3.12/site-packages (from qgridnext) (2.2.2)
2025-01-13T19:47:55.2076020Z Requirement already satisfied: ipywidgets>=7.0.0 in /Users/runner/micromamba/envs/tardis/lib/python3.12/site-packages (from qgridnext) (7.8.0)
2025-01-13T19:47:55.2084670Z Requirement already satisfied: numpy in /Users/runner/micromamba/envs/tardis/lib/python3.12/site-packages (from qgridnext) (1.26.4)
2025-01-13T19:47:55.2091700Z Requirement already satisfied: traitlets in /Users/runner/micromamba/envs/tardis/lib/python3.12/site-packages (from qgridnext) (5.14.3)
2025-01-13T19:47:55.2142420Z Requirement already satisfied: comm>=0.1.3 in /Users/runner/micromamba/envs/tardis/lib/python3.12/site-packages (from ipywidgets>=7.0.0->qgridnext) (0.2.2)
2025-01-13T19:47:55.2147280Z Requirement already satisfied: ipython-genutils~=0.2.0 in /Users/runner/micromamba/envs/tardis/lib/python3.12/site-packages (from ipywidgets>=7.0.0->qgridnext) (0.2.0)
2025-01-13T19:47:55.2156010Z Requirement already satisfied: widgetsnbextension~=3.6.5 in /Users/runner/micromamba/envs/tardis/lib/python3.12/site-packages (from ipywidgets>=7.0.0->qgridnext) (3.6.6)
2025-01-13T19:47:55.2164770Z Requirement already satisfied: ipython>=4.0.0 in /Users/runner/micromamba/envs/tardis/lib/python3.12/site-packages (from ipywidgets>=7.0.0->qgridnext) (8.25.0)
2025-01-13T19:47:55.2173540Z Requirement already satisfied: jupyterlab-widgets<3,>=1.0.0 in /Users/runner/micromamba/envs/tardis/lib/python3.12/site-packages (from ipywidgets>=7.0.0->qgridnext) (1.1.7)
2025-01-13T19:47:55.2452550Z Requirement already satisfied: python-dateutil>=2.8.2 in /Users/runner/micromamba/envs/tardis/lib/python3.12/site-packages (from pandas>=0.20.0->qgridnext) (2.9.0)
2025-01-13T19:47:55.2461480Z Requirement already satisfied: pytz>=2020.1 in /Users/runner/micromamba/envs/tardis/lib/python3.12/site-packages (from pandas>=0.20.0->qgridnext) (2024.1)
2025-01-13T19:47:55.2466000Z Requirement already satisfied: tzdata>=2022.7 in /Users/runner/micromamba/envs/tardis/lib/python3.12/site-packages (from pandas>=0.20.0->qgridnext) (2024.1)
2025-01-13T19:47:55.2657780Z Requirement already satisfied: decorator in /Users/runner/micromamba/envs/tardis/lib/python3.12/site-packages (from ipython>=4.0.0->ipywidgets>=7.0.0->qgridnext) (5.1.1)
2025-01-13T19:47:55.2667700Z Requirement already satisfied: jedi>=0.16 in /Users/runner/micromamba/envs/tardis/lib/python3.12/site-packages (from ipython>=4.0.0->ipywidgets>=7.0.0->qgridnext) (0.19.1)
2025-01-13T19:47:55.2672920Z Requirement already satisfied: matplotlib-inline in /Users/runner/micromamba/envs/tardis/lib/python3.12/site-packages (from ipython>=4.0.0->ipywidgets>=7.0.0->qgridnext) (0.1.7)
2025-01-13T19:47:55.2678600Z Requirement already satisfied: prompt-toolkit<3.1.0,>=3.0.41 in /Users/runner/micromamba/envs/tardis/lib/python3.12/site-packages (from ipython>=4.0.0->ipywidgets>=7.0.0->qgridnext) (3.0.47)
2025-01-13T19:47:55.2684280Z Requirement already satisfied: pygments>=2.4.0 in /Users/runner/micromamba/envs/tardis/lib/python3.12/site-packages (from ipython>=4.0.0->ipywidgets>=7.0.0->qgridnext) (2.18.0)
2025-01-13T19:47:55.2689650Z Requirement already satisfied: stack-data in /Users/runner/micromamba/envs/tardis/lib/python3.12/site-packages (from ipython>=4.0.0->ipywidgets>=7.0.0->qgridnext) (0.6.2)
2025-01-13T19:47:55.2700330Z Requirement already satisfied: pexpect>4.3 in /Users/runner/micromamba/envs/tardis/lib/python3.12/site-packages (from ipython>=4.0.0->ipywidgets>=7.0.0->qgridnext) (4.9.0)
2025-01-13T19:47:55.2725710Z Requirement already satisfied: six>=1.5 in /Users/runner/micromamba/envs/tardis/lib/python3.12/site-packages (from python-dateutil>=2.8.2->pandas>=0.20.0->qgridnext) (1.16.0)
2025-01-13T19:47:55.2758750Z Requirement already satisfied: notebook>=4.4.1 in /Users/runner/micromamba/envs/tardis/lib/python3.12/site-packages (from widgetsnbextension~=3.6.5->ipywidgets>=7.0.0->qgridnext) (7.2.1)
2025-01-13T19:47:55.2869840Z Requirement already satisfied: parso<0.9.0,>=0.8.3 in /Users/runner/micromamba/envs/tardis/lib/python3.12/site-packages (from jedi>=0.16->ipython>=4.0.0->ipywidgets>=7.0.0->qgridnext) (0.8.4)
2025-01-13T19:47:55.2955730Z Requirement already satisfied: jupyter-server<3,>=2.4.0 in /Users/runner/micromamba/envs/tardis/lib/python3.12/site-packages (from notebook>=4.4.1->widgetsnbextension~=3.6.5->ipywidgets>=7.0.0->qgridnext) (2.14.1)
2025-01-13T19:47:55.2963290Z Requirement already satisfied: jupyterlab-server<3,>=2.27.1 in /Users/runner/micromamba/envs/tardis/lib/python3.12/site-packages (from notebook>=4.4.1->widgetsnbextension~=3.6.5->ipywidgets>=7.0.0->qgridnext) (2.27.2)
2025-01-13T19:47:55.2976290Z Requirement already satisfied: jupyterlab<4.3,>=4.2.0 in /Users/runner/micromamba/envs/tardis/lib/python3.12/site-packages (from notebook>=4.4.1->widgetsnbextension~=3.6.5->ipywidgets>=7.0.0->qgridnext) (4.2.2)
2025-01-13T19:47:55.2980090Z Requirement already satisfied: notebook-shim<0.3,>=0.2 in /Users/runner/micromamba/envs/tardis/lib/python3.12/site-packages (from notebook>=4.4.1->widgetsnbextension~=3.6.5->ipywidgets>=7.0.0->qgridnext) (0.2.4)
2025-01-13T19:47:55.2985990Z Requirement already satisfied: tornado>=6.2.0 in /Users/runner/micromamba/envs/tardis/lib/python3.12/site-packages (from notebook>=4.4.1->widgetsnbextension~=3.6.5->ipywidgets>=7.0.0->qgridnext) (6.4.1)
2025-01-13T19:47:55.3002580Z Requirement already satisfied: ptyprocess>=0.5 in /Users/runner/micromamba/envs/tardis/lib/python3.12/site-packages (from pexpect>4.3->ipython>=4.0.0->ipywidgets>=7.0.0->qgridnext) (0.7.0)
2025-01-13T19:47:55.3105350Z Requirement already satisfied: wcwidth in /Users/runner/micromamba/envs/tardis/lib/python3.12/site-packages (from prompt-toolkit<3.1.0,>=3.0.41->ipython>=4.0.0->ipywidgets>=7.0.0->qgridnext) (0.2.13)
2025-01-13T19:47:55.3207440Z Requirement already satisfied: executing>=1.2.0 in /Users/runner/micromamba/envs/tardis/lib/python3.12/site-packages (from stack-data->ipython>=4.0.0->ipywidgets>=7.0.0->qgridnext) (2.0.1)
2025-01-13T19:47:55.3308070Z Requirement already satisfied: asttokens>=2.1.0 in /Users/runner/micromamba/envs/tardis/lib/python3.12/site-packages (from stack-data->ipython>=4.0.0->ipywidgets>=7.0.0->qgridnext) (2.4.1)
2025-01-13T19:47:55.3410030Z Requirement already satisfied: pure-eval in /Users/runner/micromamba/envs/tardis/lib/python3.12/site-packages (from stack-data->ipython>=4.0.0->ipywidgets>=7.0.0->qgridnext) (0.2.2)
2025-01-13T19:47:55.3512230Z Requirement already satisfied: anyio>=3.1.0 in /Users/runner/micromamba/envs/tardis/lib/python3.12/site-packages (from jupyter-server<3,>=2.4.0->notebook>=4.4.1->widgetsnbextension~=3.6.5->ipywidgets>=7.0.0->qgridnext) (4.4.0)
2025-01-13T19:47:55.3621090Z Requirement already satisfied: argon2-cffi>=21.1 in /Users/runner/micromamba/envs/tardis/lib/python3.12/site-packages (from jupyter-server<3,>=2.4.0->notebook>=4.4.1->widgetsnbextension~=3.6.5->ipywidgets>=7.0.0->qgridnext) (23.1.0)
2025-01-13T19:47:55.3723600Z Requirement already satisfied: jinja2>=3.0.3 in /Users/runner/micromamba/envs/tardis/lib/python3.12/site-packages (from jupyter-server<3,>=2.4.0->notebook>=4.4.1->widgetsnbextension~=3.6.5->ipywidgets>=7.0.0->qgridnext) (3.1.4)
2025-01-13T19:47:55.3825990Z Requirement already satisfied: jupyter-client>=7.4.4 in /Users/runner/micromamba/envs/tardis/lib/python3.12/site-packages (from jupyter-server<3,>=2.4.0->notebook>=4.4.1->widgetsnbextension~=3.6.5->ipywidgets>=7.0.0->qgridnext) (8.6.2)
2025-01-13T19:47:55.3855460Z Requirement already satisfied: jupyter-core!=5.0.*,>=4.12 in /Users/runner/micromamba/envs/tardis/lib/python3.12/site-packages (from jupyter-server<3,>=2.4.0->notebook>=4.4.1->widgetsnbextension~=3.6.5->ipywidgets>=7.0.0->qgridnext) (5.7.2)
2025-01-13T19:47:55.3857130Z Requirement already satisfied: jupyter-events>=0.9.0 in /Users/runner/micromamba/envs/tardis/lib/python3.12/site-packages (from jupyter-server<3,>=2.4.0->notebook>=4.4.1->widgetsnbextension~=3.6.5->ipywidgets>=7.0.0->qgridnext) (0.10.0)
2025-01-13T19:47:55.3858950Z Requirement already satisfied: jupyter-server-terminals>=0.4.4 in /Users/runner/micromamba/envs/tardis/lib/python3.12/site-packages (from jupyter-server<3,>=2.4.0->notebook>=4.4.1->widgetsnbextension~=3.6.5->ipywidgets>=7.0.0->qgridnext) (0.5.3)
2025-01-13T19:47:55.3860280Z Requirement already satisfied: nbconvert>=6.4.4 in /Users/runner/micromamba/envs/tardis/lib/python3.12/site-packages (from jupyter-server<3,>=2.4.0->notebook>=4.4.1->widgetsnbextension~=3.6.5->ipywidgets>=7.0.0->qgridnext) (7.16.4)
2025-01-13T19:47:55.3861420Z Requirement already satisfied: nbformat>=5.3.0 in /Users/runner/micromamba/envs/tardis/lib/python3.12/site-packages (from jupyter-server<3,>=2.4.0->notebook>=4.4.1->widgetsnbextension~=3.6.5->ipywidgets>=7.0.0->qgridnext) (5.10.4)
2025-01-13T19:47:55.3862590Z Requirement already satisfied: overrides>=5.0 in /Users/runner/micromamba/envs/tardis/lib/python3.12/site-packages (from jupyter-server<3,>=2.4.0->notebook>=4.4.1->widgetsnbextension~=3.6.5->ipywidgets>=7.0.0->qgridnext) (7.7.0)
2025-01-13T19:47:55.3863780Z Requirement already satisfied: packaging>=22.0 in /Users/runner/micromamba/envs/tardis/lib/python3.12/site-packages (from jupyter-server<3,>=2.4.0->notebook>=4.4.1->widgetsnbextension~=3.6.5->ipywidgets>=7.0.0->qgridnext) (24.1)
2025-01-13T19:47:55.3864960Z Requirement already satisfied: prometheus-client>=0.9 in /Users/runner/micromamba/envs/tardis/lib/python3.12/site-packages (from jupyter-server<3,>=2.4.0->notebook>=4.4.1->widgetsnbextension~=3.6.5->ipywidgets>=7.0.0->qgridnext) (0.20.0)
2025-01-13T19:47:55.3866160Z Requirement already satisfied: pyzmq>=24 in /Users/runner/micromamba/envs/tardis/lib/python3.12/site-packages (from jupyter-server<3,>=2.4.0->notebook>=4.4.1->widgetsnbextension~=3.6.5->ipywidgets>=7.0.0->qgridnext) (26.0.3)
2025-01-13T19:47:55.3867340Z Requirement already satisfied: send2trash>=1.8.2 in /Users/runner/micromamba/envs/tardis/lib/python3.12/site-packages (from jupyter-server<3,>=2.4.0->notebook>=4.4.1->widgetsnbextension~=3.6.5->ipywidgets>=7.0.0->qgridnext) (1.8.3)
2025-01-13T19:47:55.3868450Z Requirement already satisfied: terminado>=0.8.3 in /Users/runner/micromamba/envs/tardis/lib/python3.12/site-packages (from jupyter-server<3,>=2.4.0->notebook>=4.4.1->widgetsnbextension~=3.6.5->ipywidgets>=7.0.0->qgridnext) (0.18.1)
2025-01-13T19:47:55.3869650Z Requirement already satisfied: websocket-client>=1.7 in /Users/runner/micromamba/envs/tardis/lib/python3.12/site-packages (from jupyter-server<3,>=2.4.0->notebook>=4.4.1->widgetsnbextension~=3.6.5->ipywidgets>=7.0.0->qgridnext) (1.8.0)
2025-01-13T19:47:55.3870810Z Requirement already satisfied: async-lru>=1.0.0 in /Users/runner/micromamba/envs/tardis/lib/python3.12/site-packages (from jupyterlab<4.3,>=4.2.0->notebook>=4.4.1->widgetsnbextension~=3.6.5->ipywidgets>=7.0.0->qgridnext) (2.0.4)
2025-01-13T19:47:55.3872260Z Requirement already satisfied: httpx>=0.25.0 in /Users/runner/micromamba/envs/tardis/lib/python3.12/site-packages (from jupyterlab<4.3,>=4.2.0->notebook>=4.4.1->widgetsnbextension~=3.6.5->ipywidgets>=7.0.0->qgridnext) (0.27.0)
2025-01-13T19:47:55.3873700Z Requirement already satisfied: ipykernel>=6.5.0 in /Users/runner/micromamba/envs/tardis/lib/python3.12/site-packages (from jupyterlab<4.3,>=4.2.0->notebook>=4.4.1->widgetsnbextension~=3.6.5->ipywidgets>=7.0.0->qgridnext) (6.29.4)
2025-01-13T19:47:55.3874840Z Requirement already satisfied: jupyter-lsp>=2.0.0 in /Users/runner/micromamba/envs/tardis/lib/python3.12/site-packages (from jupyterlab<4.3,>=4.2.0->notebook>=4.4.1->widgetsnbextension~=3.6.5->ipywidgets>=7.0.0->qgridnext) (2.2.5)
2025-01-13T19:47:55.3876020Z Requirement already satisfied: setuptools>=40.1.0 in /Users/runner/micromamba/envs/tardis/lib/python3.12/site-packages (from jupyterlab<4.3,>=4.2.0->notebook>=4.4.1->widgetsnbextension~=3.6.5->ipywidgets>=7.0.0->qgridnext) (70.0.0)
2025-01-13T19:47:55.3907270Z Requirement already satisfied: babel>=2.10 in /Users/runner/micromamba/envs/tardis/lib/python3.12/site-packages (from jupyterlab-server<3,>=2.27.1->notebook>=4.4.1->widgetsnbextension~=3.6.5->ipywidgets>=7.0.0->qgridnext) (2.14.0)
2025-01-13T19:47:55.3926320Z Requirement already satisfied: json5>=0.9.0 in /Users/runner/micromamba/envs/tardis/lib/python3.12/site-packages (from jupyterlab-server<3,>=2.27.1->notebook>=4.4.1->widgetsnbextension~=3.6.5->ipywidgets>=7.0.0->qgridnext) (0.9.25)
2025-01-13T19:47:55.3932840Z Requirement already satisfied: jsonschema>=4.18.0 in /Users/runner/micromamba/envs/tardis/lib/python3.12/site-packages (from jupyterlab-server<3,>=2.27.1->notebook>=4.4.1->widgetsnbextension~=3.6.5->ipywidgets>=7.0.0->qgridnext) (4.22.0)
2025-01-13T19:47:55.3943710Z Requirement already satisfied: requests>=2.31 in /Users/runner/micromamba/envs/tardis/lib/python3.12/site-packages (from jupyterlab-server<3,>=2.27.1->notebook>=4.4.1->widgetsnbextension~=3.6.5->ipywidgets>=7.0.0->qgridnext) (2.32.3)
2025-01-13T19:47:55.4153740Z Requirement already satisfied: idna>=2.8 in /Users/runner/micromamba/envs/tardis/lib/python3.12/site-packages (from anyio>=3.1.0->jupyter-server<3,>=2.4.0->notebook>=4.4.1->widgetsnbextension~=3.6.5->ipywidgets>=7.0.0->qgridnext) (3.7)
2025-01-13T19:47:55.4166180Z Requirement already satisfied: sniffio>=1.1 in /Users/runner/micromamba/envs/tardis/lib/python3.12/site-packages (from anyio>=3.1.0->jupyter-server<3,>=2.4.0->notebook>=4.4.1->widgetsnbextension~=3.6.5->ipywidgets>=7.0.0->qgridnext) (1.3.1)
2025-01-13T19:47:55.4255700Z Requirement already satisfied: argon2-cffi-bindings in /Users/runner/micromamba/envs/tardis/lib/python3.12/site-packages (from argon2-cffi>=21.1->jupyter-server<3,>=2.4.0->notebook>=4.4.1->widgetsnbextension~=3.6.5->ipywidgets>=7.0.0->qgridnext) (21.2.0)
2025-01-13T19:47:55.4376410Z Requirement already satisfied: certifi in /Users/runner/micromamba/envs/tardis/lib/python3.12/site-packages (from httpx>=0.25.0->jupyterlab<4.3,>=4.2.0->notebook>=4.4.1->widgetsnbextension~=3.6.5->ipywidgets>=7.0.0->qgridnext) (2024.6.2)
2025-01-13T19:47:55.4384300Z Requirement already satisfied: httpcore==1.* in /Users/runner/micromamba/envs/tardis/lib/python3.12/site-packages (from httpx>=0.25.0->jupyterlab<4.3,>=4.2.0->notebook>=4.4.1->widgetsnbextension~=3.6.5->ipywidgets>=7.0.0->qgridnext) (1.0.5)
2025-01-13T19:47:55.4436190Z Requirement already satisfied: h11<0.15,>=0.13 in /Users/runner/micromamba/envs/tardis/lib/python3.12/site-packages (from httpcore==1.*->httpx>=0.25.0->jupyterlab<4.3,>=4.2.0->notebook>=4.4.1->widgetsnbextension~=3.6.5->ipywidgets>=7.0.0->qgridnext) (0.14.0)
2025-01-13T19:47:55.4554210Z Requirement already satisfied: appnope in /Users/runner/micromamba/envs/tardis/lib/python3.12/site-packages (from ipykernel>=6.5.0->jupyterlab<4.3,>=4.2.0->notebook>=4.4.1->widgetsnbextension~=3.6.5->ipywidgets>=7.0.0->qgridnext) (0.1.4)
2025-01-13T19:47:55.4561320Z Requirement already satisfied: debugpy>=1.6.5 in /Users/runner/micromamba/envs/tardis/lib/python3.12/site-packages (from ipykernel>=6.5.0->jupyterlab<4.3,>=4.2.0->notebook>=4.4.1->widgetsnbextension~=3.6.5->ipywidgets>=7.0.0->qgridnext) (1.8.1)
2025-01-13T19:47:55.4575320Z Requirement already satisfied: nest-asyncio in /Users/runner/micromamba/envs/tardis/lib/python3.12/site-packages (from ipykernel>=6.5.0->jupyterlab<4.3,>=4.2.0->notebook>=4.4.1->widgetsnbextension~=3.6.5->ipywidgets>=7.0.0->qgridnext) (1.6.0)
2025-01-13T19:47:55.4585450Z Requirement already satisfied: psutil in /Users/runner/micromamba/envs/tardis/lib/python3.12/site-packages (from ipykernel>=6.5.0->jupyterlab<4.3,>=4.2.0->notebook>=4.4.1->widgetsnbextension~=3.6.5->ipywidgets>=7.0.0->qgridnext) (5.9.8)
2025-01-13T19:47:55.4630850Z Requirement already satisfied: MarkupSafe>=2.0 in /Users/runner/micromamba/envs/tardis/lib/python3.12/site-packages (from jinja2>=3.0.3->jupyter-server<3,>=2.4.0->notebook>=4.4.1->widgetsnbextension~=3.6.5->ipywidgets>=7.0.0->qgridnext) (2.1.5)
2025-01-13T19:47:55.4753750Z Requirement already satisfied: attrs>=22.2.0 in /Users/runner/micromamba/envs/tardis/lib/python3.12/site-packages (from jsonschema>=4.18.0->jupyterlab-server<3,>=2.27.1->notebook>=4.4.1->widgetsnbextension~=3.6.5->ipywidgets>=7.0.0->qgridnext) (23.2.0)
2025-01-13T19:47:55.4860210Z Requirement already satisfied: jsonschema-specifications>=2023.03.6 in /Users/runner/micromamba/envs/tardis/lib/python3.12/site-packages (from jsonschema>=4.18.0->jupyterlab-server<3,>=2.27.1->notebook>=4.4.1->widgetsnbextension~=3.6.5->ipywidgets>=7.0.0->qgridnext) (2023.12.1)
2025-01-13T19:47:55.4963090Z Requirement already satisfied: referencing>=0.28.4 in /Users/runner/micromamba/envs/tardis/lib/python3.12/site-packages (from jsonschema>=4.18.0->jupyterlab-server<3,>=2.27.1->notebook>=4.4.1->widgetsnbextension~=3.6.5->ipywidgets>=7.0.0->qgridnext) (0.35.1)
2025-01-13T19:47:55.5065670Z Requirement already satisfied: rpds-py>=0.7.1 in /Users/runner/micromamba/envs/tardis/lib/python3.12/site-packages (from jsonschema>=4.18.0->jupyterlab-server<3,>=2.27.1->notebook>=4.4.1->widgetsnbextension~=3.6.5->ipywidgets>=7.0.0->qgridnext) (0.18.1)
2025-01-13T19:47:55.5167920Z Requirement already satisfied: platformdirs>=2.5 in /Users/runner/micromamba/envs/tardis/lib/python3.12/site-packages (from jupyter-core!=5.0.*,>=4.12->jupyter-server<3,>=2.4.0->notebook>=4.4.1->widgetsnbextension~=3.6.5->ipywidgets>=7.0.0->qgridnext) (4.2.2)
2025-01-13T19:47:55.5270740Z Requirement already satisfied: python-json-logger>=2.0.4 in /Users/runner/micromamba/envs/tardis/lib/python3.12/site-packages (from jupyter-events>=0.9.0->jupyter-server<3,>=2.4.0->notebook>=4.4.1->widgetsnbextension~=3.6.5->ipywidgets>=7.0.0->qgridnext) (2.0.7)
2025-01-13T19:47:55.5372860Z Requirement already satisfied: pyyaml>=5.3 in /Users/runner/micromamba/envs/tardis/lib/python3.12/site-packages (from jupyter-events>=0.9.0->jupyter-server<3,>=2.4.0->notebook>=4.4.1->widgetsnbextension~=3.6.5->ipywidgets>=7.0.0->qgridnext) (6.0.1)
2025-01-13T19:47:55.5475120Z Requirement already satisfied: rfc3339-validator in /Users/runner/micromamba/envs/tardis/lib/python3.12/site-packages (from jupyter-events>=0.9.0->jupyter-server<3,>=2.4.0->notebook>=4.4.1->widgetsnbextension~=3.6.5->ipywidgets>=7.0.0->qgridnext) (0.1.4)
2025-01-13T19:47:55.5577310Z Requirement already satisfied: rfc3986-validator>=0.1.1 in /Users/runner/micromamba/envs/tardis/lib/python3.12/site-packages (from jupyter-events>=0.9.0->jupyter-server<3,>=2.4.0->notebook>=4.4.1->widgetsnbextension~=3.6.5->ipywidgets>=7.0.0->qgridnext) (0.1.1)
2025-01-13T19:47:55.5679540Z Requirement already satisfied: beautifulsoup4 in /Users/runner/micromamba/envs/tardis/lib/python3.12/site-packages (from nbconvert>=6.4.4->jupyter-server<3,>=2.4.0->notebook>=4.4.1->widgetsnbextension~=3.6.5->ipywidgets>=7.0.0->qgridnext) (4.12.3)
2025-01-13T19:47:55.5781640Z Requirement already satisfied: bleach!=5.0.0 in /Users/runner/micromamba/envs/tardis/lib/python3.12/site-packages (from nbconvert>=6.4.4->jupyter-server<3,>=2.4.0->notebook>=4.4.1->widgetsnbextension~=3.6.5->ipywidgets>=7.0.0->qgridnext) (6.1.0)
2025-01-13T19:47:55.5883920Z Requirement already satisfied: defusedxml in /Users/runner/micromamba/envs/tardis/lib/python3.12/site-packages (from nbconvert>=6.4.4->jupyter-server<3,>=2.4.0->notebook>=4.4.1->widgetsnbextension~=3.6.5->ipywidgets>=7.0.0->qgridnext) (0.7.1)
2025-01-13T19:47:55.5986740Z Requirement already satisfied: jupyterlab-pygments in /Users/runner/micromamba/envs/tardis/lib/python3.12/site-packages (from nbconvert>=6.4.4->jupyter-server<3,>=2.4.0->notebook>=4.4.1->widgetsnbextension~=3.6.5->ipywidgets>=7.0.0->qgridnext) (0.3.0)
2025-01-13T19:47:55.6089310Z Requirement already satisfied: mistune<4,>=2.0.3 in /Users/runner/micromamba/envs/tardis/lib/python3.12/site-packages (from nbconvert>=6.4.4->jupyter-server<3,>=2.4.0->notebook>=4.4.1->widgetsnbextension~=3.6.5->ipywidgets>=7.0.0->qgridnext) (3.0.2)
2025-01-13T19:47:55.6191500Z Requirement already satisfied: nbclient>=0.5.0 in /Users/runner/micromamba/envs/tardis/lib/python3.12/site-packages (from nbconvert>=6.4.4->jupyter-server<3,>=2.4.0->notebook>=4.4.1->widgetsnbextension~=3.6.5->ipywidgets>=7.0.0->qgridnext) (0.10.0)
2025-01-13T19:47:55.6293840Z Requirement already satisfied: pandocfilters>=1.4.1 in /Users/runner/micromamba/envs/tardis/lib/python3.12/site-packages (from nbconvert>=6.4.4->jupyter-server<3,>=2.4.0->notebook>=4.4.1->widgetsnbextension~=3.6.5->ipywidgets>=7.0.0->qgridnext) (1.5.0)
2025-01-13T19:47:55.6396100Z Requirement already satisfied: tinycss2 in /Users/runner/micromamba/envs/tardis/lib/python3.12/site-packages (from nbconvert>=6.4.4->jupyter-server<3,>=2.4.0->notebook>=4.4.1->widgetsnbextension~=3.6.5->ipywidgets>=7.0.0->qgridnext) (1.3.0)
2025-01-13T19:47:55.6498410Z Requirement already satisfied: fastjsonschema>=2.15 in /Users/runner/micromamba/envs/tardis/lib/python3.12/site-packages (from nbformat>=5.3.0->jupyter-server<3,>=2.4.0->notebook>=4.4.1->widgetsnbextension~=3.6.5->ipywidgets>=7.0.0->qgridnext) (2.20.0)
2025-01-13T19:47:55.6600620Z Requirement already satisfied: charset-normalizer<4,>=2 in /Users/runner/micromamba/envs/tardis/lib/python3.12/site-packages (from requests>=2.31->jupyterlab-server<3,>=2.27.1->notebook>=4.4.1->widgetsnbextension~=3.6.5->ipywidgets>=7.0.0->qgridnext) (3.3.2)
2025-01-13T19:47:55.6703050Z Requirement already satisfied: urllib3<3,>=1.21.1 in /Users/runner/micromamba/envs/tardis/lib/python3.12/site-packages (from requests>=2.31->jupyterlab-server<3,>=2.27.1->notebook>=4.4.1->widgetsnbextension~=3.6.5->ipywidgets>=7.0.0->qgridnext) (2.2.2)
2025-01-13T19:47:55.6805680Z Requirement already satisfied: webencodings in /Users/runner/micromamba/envs/tardis/lib/python3.12/site-packages (from bleach!=5.0.0->nbconvert>=6.4.4->jupyter-server<3,>=2.4.0->notebook>=4.4.1->widgetsnbextension~=3.6.5->ipywidgets>=7.0.0->qgridnext) (0.5.1)
2025-01-13T19:47:55.7008460Z Requirement already satisfied: fqdn in /Users/runner/micromamba/envs/tardis/lib/python3.12/site-packages (from jsonschema[format-nongpl]>=4.18.0->jupyter-events>=0.9.0->jupyter-server<3,>=2.4.0->notebook>=4.4.1->widgetsnbextension~=3.6.5->ipywidgets>=7.0.0->qgridnext) (1.5.1)
2025-01-13T19:47:55.7111030Z Requirement already satisfied: isoduration in /Users/runner/micromamba/envs/tardis/lib/python3.12/site-packages (from jsonschema[format-nongpl]>=4.18.0->jupyter-events>=0.9.0->jupyter-server<3,>=2.4.0->notebook>=4.4.1->widgetsnbextension~=3.6.5->ipywidgets>=7.0.0->qgridnext) (20.11.0)
2025-01-13T19:47:55.7213410Z Requirement already satisfied: jsonpointer>1.13 in /Users/runner/micromamba/envs/tardis/lib/python3.12/site-packages (from jsonschema[format-nongpl]>=4.18.0->jupyter-events>=0.9.0->jupyter-server<3,>=2.4.0->notebook>=4.4.1->widgetsnbextension~=3.6.5->ipywidgets>=7.0.0->qgridnext) (3.0.0)
2025-01-13T19:47:55.7316010Z Requirement already satisfied: uri-template in /Users/runner/micromamba/envs/tardis/lib/python3.12/site-packages (from jsonschema[format-nongpl]>=4.18.0->jupyter-events>=0.9.0->jupyter-server<3,>=2.4.0->notebook>=4.4.1->widgetsnbextension~=3.6.5->ipywidgets>=7.0.0->qgridnext) (1.3.0)
2025-01-13T19:47:55.7418670Z Requirement already satisfied: webcolors>=1.11 in /Users/runner/micromamba/envs/tardis/lib/python3.12/site-packages (from jsonschema[format-nongpl]>=4.18.0->jupyter-events>=0.9.0->jupyter-server<3,>=2.4.0->notebook>=4.4.1->widgetsnbextension~=3.6.5->ipywidgets>=7.0.0->qgridnext) (24.6.0)
2025-01-13T19:47:55.7822420Z Requirement already satisfied: cffi>=1.0.1 in /Users/runner/micromamba/envs/tardis/lib/python3.12/site-packages (from argon2-cffi-bindings->argon2-cffi>=21.1->jupyter-server<3,>=2.4.0->notebook>=4.4.1->widgetsnbextension~=3.6.5->ipywidgets>=7.0.0->qgridnext) (1.16.0)
2025-01-13T19:47:55.7924660Z Requirement already satisfied: soupsieve>1.2 in /Users/runner/micromamba/envs/tardis/lib/python3.12/site-packages (from beautifulsoup4->nbconvert>=6.4.4->jupyter-server<3,>=2.4.0->notebook>=4.4.1->widgetsnbextension~=3.6.5->ipywidgets>=7.0.0->qgridnext) (2.5)
2025-01-13T19:47:55.8327710Z Requirement already satisfied: pycparser in /Users/runner/micromamba/envs/tardis/lib/python3.12/site-packages (from cffi>=1.0.1->argon2-cffi-bindings->argon2-cffi>=21.1->jupyter-server<3,>=2.4.0->notebook>=4.4.1->widgetsnbextension~=3.6.5->ipywidgets>=7.0.0->qgridnext) (2.22)
2025-01-13T19:47:55.8630570Z Requirement already satisfied: arrow>=0.15.0 in /Users/runner/micromamba/envs/tardis/lib/python3.12/site-packages (from isoduration->jsonschema[format-nongpl]>=4.18.0->jupyter-events>=0.9.0->jupyter-server<3,>=2.4.0->notebook>=4.4.1->widgetsnbextension~=3.6.5->ipywidgets>=7.0.0->qgridnext) (1.3.0)
2025-01-13T19:47:55.8833140Z Requirement already satisfied: types-python-dateutil>=2.8.10 in /Users/runner/micromamba/envs/tardis/lib/python3.12/site-packages (from arrow>=0.15.0->isoduration->jsonschema[format-nongpl]>=4.18.0->jupyter-events>=0.9.0->jupyter-server<3,>=2.4.0->notebook>=4.4.1->widgetsnbextension~=3.6.5->ipywidgets>=7.0.0->qgridnext) (2.9.0.20240316)
2025-01-13T19:47:55.9135620Z Downloading qgridnext-2.0.4-py3-none-any.whl (1.3 MB)
2025-01-13T19:47:55.9742680Z    ━━━━━━━━━━━━━━━━━━━━━━━━━━━━━━━━━━━━━━━━ 1.3/1.3 MB 20.9 MB/s eta 0:00:00
2025-01-13T19:47:56.5186450Z Installing collected packages: qgridnext
2025-01-13T19:47:56.5640960Z Successfully installed qgridnext-2.0.4
2025-01-13T19:47:56.8000920Z ##[group]Run pytest tardis --tardis-regression-data=/Users/runner/work/tardis/tardis/tardis-regression-data --cov=tardis --cov-report=xml --cov-report=html --cov-append -m "not continuum"
2025-01-13T19:47:56.8002060Z [36;1mpytest tardis --tardis-regression-data=/Users/runner/work/tardis/tardis/tardis-regression-data --cov=tardis --cov-report=xml --cov-report=html --cov-append -m "not continuum"[0m
2025-01-13T19:47:56.8058010Z shell: /bin/bash -l {0}
2025-01-13T19:47:56.8058220Z env:
2025-01-13T19:47:56.8058360Z   CACHE_NUMBER: 0
2025-01-13T19:47:56.8058900Z   PYTEST_FLAGS: --tardis-regression-data=/Users/runner/work/tardis/tardis/tardis-regression-data --cov=tardis --cov-report=xml --cov-report=html --cov-append
2025-01-13T19:47:56.8059490Z   CODECOV_TOKEN: 
2025-01-13T19:47:56.8059660Z   MAMBA_ROOT_PREFIX: /Users/runner/micromamba
2025-01-13T19:47:56.8059930Z   MAMBA_EXE: /Users/runner/micromamba-bin/micromamba
2025-01-13T19:47:56.8060270Z   CONDARC: /Users/runner/work/_temp/setup-micromamba/.condarc
2025-01-13T19:47:56.8060550Z ##[endgroup]
2025-01-13T19:48:09.5878370Z ============================= test session starts ==============================
2025-01-13T19:48:09.5879010Z platform darwin -- Python 3.12.4, pytest-8.2.2, pluggy-1.5.0
2025-01-13T19:48:09.5879340Z rootdir: /Users/runner/work/tardis/tardis
2025-01-13T19:48:09.5879650Z configfile: pyproject.toml
2025-01-13T19:48:09.5879970Z plugins: cov-5.0.0, html-4.1.1, metadata-3.1.1, doctestplus-1.2.1, anyio-4.4.0
2025-01-13T19:48:09.5880380Z collected 1796 items / 2 deselected / 1794 selected
2025-01-13T19:48:09.5880540Z 
2025-01-13T19:48:13.7732260Z tardis/energy_input/tests/test_energy_source.py ..xxx                    [  0%]
2025-01-13T19:48:16.2628520Z tardis/energy_input/tests/test_gamma_ray_channel.py ...........          [  0%]
2025-01-13T19:48:18.2547450Z tardis/energy_input/tests/test_gamma_ray_grid.py xx.                     [  1%]
2025-01-13T19:48:20.0814770Z tardis/energy_input/tests/test_gamma_ray_interactions.py xx....          [  1%]
2025-01-13T19:48:20.0916910Z tardis/energy_input/tests/test_gamma_ray_packet_source.py sssssssss      [  1%]
2025-01-13T19:48:21.6028860Z tardis/energy_input/tests/test_util.py .....xxxx.....                    [  2%]
2025-01-13T19:48:21.9949710Z tardis/grid/tests/test_grid.py .                                         [  2%]
2025-01-13T19:48:21.9959900Z tardis/gui/tests/test_gui.py s                                           [  2%]
2025-01-13T19:48:26.0002120Z tardis/io/configuration/tests/test_config_reader.py ...........          [  3%]
2025-01-13T19:48:26.0086890Z tardis/io/configuration/tests/test_configuration_namespace.py .........  [  3%]
2025-01-13T19:48:26.0261020Z tardis/io/logger/tests/test_logging.py ssssssssssssssssssssssssssss      [  5%]
2025-01-13T19:49:01.1731170Z tardis/io/model/readers/tests/test_arepo_parser.py ..                    [  5%]
2025-01-13T19:49:01.2086920Z tardis/io/model/readers/tests/test_ascii_readers.py ...                  [  5%]
2025-01-13T19:49:01.2266920Z tardis/io/model/readers/tests/test_cmfgen_reader.py ..                   [  5%]
2025-01-13T19:49:01.2557030Z tardis/io/model/readers/tests/test_csvy_reader.py ....                   [  6%]
2025-01-13T19:49:01.2765860Z tardis/io/model/readers/tests/test_stella_reader.py ..                   [  6%]
2025-01-13T19:49:01.5770730Z tardis/io/tests/test_HDFWriter.py ...............                        [  7%]
2025-01-13T19:49:02.1838990Z tardis/io/tests/test_atomic.py .....                                     [  7%]
2025-01-13T19:49:02.1970250Z tardis/io/tests/test_decay.py ..                                         [  7%]
2025-01-13T19:49:02.3963460Z tardis/io/tests/test_model_reader.py ......                              [  7%]
2025-01-13T19:49:02.4015730Z tardis/model/geometry/tests/test_radial1d.py ..                          [  7%]
2025-01-13T19:49:35.9635740Z tardis/model/tests/test_base.py ........................................ [ 10%]
2025-01-13T19:49:36.7015500Z ............                                                             [ 10%]
2025-01-13T19:49:39.0455510Z tardis/model/tests/test_csvy_model.py .........                          [ 11%]
2025-01-13T19:49:39.0772950Z tardis/model/tests/test_density.py ..                                    [ 11%]
2025-01-13T19:49:40.3542470Z tardis/opacities/tests/test_opacity_solver.py .....                      [ 11%]
2025-01-13T19:49:41.4002390Z tardis/opacities/tests/test_opacity_state_numba.py .....                 [ 11%]
2025-01-13T19:49:43.2561410Z tardis/opacities/tests/test_tau_sobolev.py FF                            [ 12%]
2025-01-13T19:49:46.2175300Z tardis/plasma/equilibrium/tests/test_collisional_transitions.py ...      [ 12%]
2025-01-13T19:50:29.7336580Z tardis/plasma/equilibrium/tests/test_level_populations.py ....           [ 12%]
2025-01-13T19:50:42.2226690Z tardis/plasma/equilibrium/tests/test_rate_matrix.py .                    [ 12%]
2025-01-13T19:50:43.3924960Z tardis/plasma/tests/test_complete_plasmas.py .....................s..... [ 13%]
2025-01-13T19:50:45.9031110Z s....ssssss............s............ss.....s....ssssss............s..... [ 18%]
2025-01-13T19:50:47.2311060Z .......ss.....s....ssssss............s............ss.....s....ssssss.... [ 22%]
2025-01-13T19:50:49.5268300Z ........s............ss.....s........ss............s............ss.....s [ 26%]
2025-01-13T19:50:52.1206320Z ........ss............s............ss.....s....ssssss............s...... [ 30%]
2025-01-13T19:50:52.6874270Z ......ss.....s....ssssss............s............ss.....s.ss.ssssss..... [ 34%]
2025-01-13T19:50:54.9224180Z .......s............ss.....s....ssssss............s............ss.....s. [ 38%]
2025-01-13T19:50:57.1019800Z ...ssssss............s............ss.....s....ssssss............s....... [ 42%]
2025-01-13T19:50:59.4290730Z .....ss.....s....ssssss............s............s...........ssssss...... [ 46%]
2025-01-13T19:51:00.9758970Z ......s............s...........ssssss............s............s......... [ 50%]
2025-01-13T19:51:03.5724880Z ..ssssss............s............ss.....s....ssssss............s........ [ 54%]
2025-01-13T19:51:06.2393340Z ....ss.....s....ssssss..........................s.....s....ssss......... [ 58%]
2025-01-13T19:51:06.5197120Z ...................s.....s....ssss.......                                [ 60%]
2025-01-13T19:51:06.7792960Z tardis/plasma/tests/test_hdf_plasma.py ................................. [ 62%]
2025-01-13T19:51:06.7875010Z ......                                                                   [ 62%]
2025-01-13T19:51:07.1615290Z tardis/plasma/tests/test_nlte_excitation.py ...                          [ 62%]
2025-01-13T19:53:20.5814620Z tardis/plasma/tests/test_nlte_solver.py .....X                           [ 63%]
2025-01-13T19:53:20.6027050Z tardis/plasma/tests/test_plasma_continuum.py .                           [ 63%]
2025-01-13T19:53:49.9206020Z tardis/plasma/tests/test_plasma_vboundary.py .............               [ 63%]
2025-01-13T19:54:01.0146170Z tardis/plasma/tests/test_tardis_model_density_config.py ...              [ 64%]
2025-01-13T19:54:01.5280920Z tardis/simulation/tests/test_convergence.py .....                        [ 64%]
2025-01-13T19:54:09.6239120Z tardis/simulation/tests/test_simulation.py .............                 [ 65%]
2025-01-13T19:54:09.6404660Z tardis/spectrum/tests/test_cuda_formal_integral.py sssssssssssssssssssss [ 66%]
2025-01-13T19:54:09.9404570Z ssss...ssssssssssssssssssssss                                            [ 67%]
2025-01-13T19:54:09.9448800Z tardis/spectrum/tests/test_luminosity.py ....                            [ 68%]
2025-01-13T19:54:12.3446050Z tardis/spectrum/tests/test_numba_formal_integral.py .................... [ 69%]
2025-01-13T19:54:12.3594290Z ..........                                                               [ 69%]
2025-01-13T19:54:12.4860260Z tardis/spectrum/tests/test_spectrum.py ................................. [ 71%]
2025-01-13T19:54:12.5104010Z .........                                                                [ 72%]
2025-01-13T19:54:39.0980140Z tardis/spectrum/tests/test_spectrum_solver.py ....                       [ 72%]
2025-01-13T19:55:40.8829480Z tardis/tests/test_tardis_full.py ....                                    [ 72%]
2025-01-13T19:57:14.9810400Z tardis/tests/test_tardis_full_formal_integral.py ................        [ 73%]
2025-01-13T19:57:15.0440080Z tardis/tests/test_util.py .............................................  [ 75%]
2025-01-13T19:57:17.1869890Z tardis/transport/montecarlo/tests/test_base.py x.....................    [ 77%]
2025-01-13T19:57:22.0008330Z tardis/transport/montecarlo/tests/test_interaction.py .......            [ 77%]
2025-01-13T19:57:22.1448620Z tardis/transport/montecarlo/tests/test_macro_atom.py ....                [ 77%]
2025-01-13T19:57:22.1550180Z tardis/transport/montecarlo/tests/test_montecarlo.py sssssssssssssssssss [ 78%]
2025-01-13T19:57:22.1788050Z sssssssssssssssssssssssssssssssssssssssssssss                            [ 81%]
2025-01-13T19:57:29.8570820Z tardis/transport/montecarlo/tests/test_montecarlo_main_loop.py x..       [ 81%]
2025-01-13T19:57:29.8692640Z tardis/transport/montecarlo/tests/test_nonhomologous.py ...              [ 81%]
2025-01-13T19:57:32.6710370Z tardis/transport/montecarlo/tests/test_numba_interface.py .....x.        [ 82%]
2025-01-13T19:57:33.0041280Z tardis/transport/montecarlo/tests/test_opacities.py ...............      [ 82%]
2025-01-13T19:57:33.6956840Z tardis/transport/montecarlo/tests/test_packet.py .................xXXXXX [ 84%]
2025-01-13T19:57:33.7837730Z XX.........                                                              [ 84%]
2025-01-13T19:57:33.8086190Z tardis/transport/montecarlo/tests/test_packet_source.py ........         [ 85%]
2025-01-13T19:57:33.9997030Z tardis/transport/montecarlo/tests/test_rpacket_last_interaction_tracker.py . [ 85%]
2025-01-13T19:57:34.2518880Z .....                                                                    [ 85%]
2025-01-13T19:57:43.3506520Z tardis/transport/montecarlo/tests/test_rpacket_tracker.py ......         [ 85%]
2025-01-13T19:57:43.3710360Z tardis/transport/montecarlo/tests/test_single_packet_loop.py xxx         [ 86%]
2025-01-13T19:57:43.3742630Z tardis/transport/montecarlo/tests/test_tracker_utils.py ..               [ 86%]
2025-01-13T19:57:44.5773060Z tardis/transport/montecarlo/tests/test_vpacket.py ..x.                   [ 86%]
2025-01-13T19:57:44.5915230Z tardis/transport/montecarlo/tests/test_weighted_packet_source.py ....    [ 86%]
2025-01-13T19:57:47.2312600Z tardis/transport/montecarlo/tests/test_weighted_packet_source_integration.py . [ 86%]
2025-01-13T19:57:47.2313140Z                                                                          [ 86%]
2025-01-13T19:57:47.7187070Z tardis/transport/tests/test_doppler_factor.py ..................         [ 87%]
2025-01-13T19:57:49.3023590Z tardis/visualization/tools/tests/test_convergence_plot.py .............. [ 88%]
2025-01-13T19:57:50.9342230Z ......                                                                   [ 88%]
2025-01-13T19:57:54.6175660Z tardis/visualization/tools/tests/test_liv_plot.py ...................... [ 90%]
2025-01-13T19:57:58.2211520Z .............................                                            [ 91%]
2025-01-13T19:58:00.8344630Z tardis/visualization/tools/tests/test_rpacket_plot.py .................. [ 92%]
2025-01-13T19:58:07.4114320Z ....                                                                     [ 92%]
2025-01-13T19:58:11.8169270Z tardis/visualization/tools/tests/test_sdec_plot.py ..................... [ 94%]
2025-01-13T19:58:18.3671530Z ..............................                                           [ 95%]
2025-01-13T19:58:18.7181370Z tardis/visualization/widgets/tests/test_custom_abundance.py ........ss.. [ 96%]
2025-01-13T19:58:18.7628270Z ....                                                                     [ 96%]
2025-01-13T19:58:19.5774710Z tardis/visualization/widgets/tests/test_line_info.py ................... [ 97%]
2025-01-13T19:58:20.1006800Z ..................                                                       [ 98%]
2025-01-13T20:01:31.8571070Z tardis/visualization/widgets/tests/test_shell_info.py .................. [ 99%]
2025-01-13T20:01:39.2656500Z ......                                                                   [100%]
2025-01-13T20:01:39.2657050Z 
2025-01-13T20:01:39.2657360Z =================================== FAILURES ===================================
2025-01-13T20:01:39.2657940Z _____________________ test_calculate_sobolev_line_opacity ______________________
2025-01-13T20:01:39.2658260Z 
2025-01-13T20:01:39.2658610Z nb_simulation_verysimple = <tardis.simulation.base.Simulation object at 0x14da3de50>
2025-01-13T20:01:39.2659270Z regression_data = <tardis.tests.fixtures.regression_data.RegressionData object at 0x14da3c920>
2025-01-13T20:01:39.2659900Z 
2025-01-13T20:01:39.2660080Z     def test_calculate_sobolev_line_opacity(
2025-01-13T20:01:39.2660570Z         nb_simulation_verysimple, regression_data
2025-01-13T20:01:39.2660940Z     ):
2025-01-13T20:01:39.2661400Z         legacy_plasma = nb_simulation_verysimple.plasma
2025-01-13T20:01:39.2662210Z     
2025-01-13T20:01:39.2662630Z         actual = calculate_sobolev_line_opacity(
2025-01-13T20:01:39.2663180Z             legacy_plasma.lines,
2025-01-13T20:01:39.2663650Z             legacy_plasma.level_number_density,
2025-01-13T20:01:39.2664240Z             legacy_plasma.time_explosion,
2025-01-13T20:01:39.2664740Z             legacy_plasma.stimulated_emission_factor,
2025-01-13T20:01:39.2666320Z         )
2025-01-13T20:01:39.2666910Z >       expected = regression_data.sync_dataframe(actual)
2025-01-13T20:01:39.2667400Z 
2025-01-13T20:01:39.2667670Z tardis/opacities/tests/test_tau_sobolev.py:21: 
2025-01-13T20:01:39.2670370Z _ _ _ _ _ _ _ _ _ _ _ _ _ _ _ _ _ _ _ _ _ _ _ _ _ _ _ _ _ _ _ _ _ _ _ _ _ _ _ _ 
2025-01-13T20:01:39.2685980Z tardis/tests/fixtures/regression_data.py:88: in sync_dataframe
2025-01-13T20:01:39.2686330Z     return pd.read_hdf(self.fpath, key=key)
2025-01-13T20:01:39.2686710Z _ _ _ _ _ _ _ _ _ _ _ _ _ _ _ _ _ _ _ _ _ _ _ _ _ _ _ _ _ _ _ _ _ _ _ _ _ _ _ _ 
2025-01-13T20:01:39.2686930Z 
2025-01-13T20:01:39.2687240Z path_or_buf = '/Users/runner/work/tardis/tardis/tardis-regression-data/test_tau_sobolev/test_calculate_sobolev_line_opacity.h5'
2025-01-13T20:01:39.2689490Z key = 'data', mode = 'r', errors = 'strict', where = None, start = None
2025-01-13T20:01:39.2690080Z stop = None, columns = None, iterator = False, chunksize = None, kwargs = {}
2025-01-13T20:01:39.2690450Z exists = False
2025-01-13T20:01:39.2690630Z 
2025-01-13T20:01:39.2690770Z     def read_hdf(
2025-01-13T20:01:39.2691000Z         path_or_buf: FilePath | HDFStore,
2025-01-13T20:01:39.2691420Z         key=None,
2025-01-13T20:01:39.2691640Z         mode: str = "r",
2025-01-13T20:01:39.2691980Z         errors: str = "strict",
2025-01-13T20:01:39.2692230Z         where: str | list | None = None,
2025-01-13T20:01:39.2692550Z         start: int | None = None,
2025-01-13T20:01:39.2692820Z         stop: int | None = None,
2025-01-13T20:01:39.2693160Z         columns: list[str] | None = None,
2025-01-13T20:01:39.2693440Z         iterator: bool = False,
2025-01-13T20:01:39.2693760Z         chunksize: int | None = None,
2025-01-13T20:01:39.2694030Z         **kwargs,
2025-01-13T20:01:39.2694340Z     ):
2025-01-13T20:01:39.2694510Z         """
2025-01-13T20:01:39.2694790Z         Read from the store, close it if we opened it.
2025-01-13T20:01:39.2695080Z     
2025-01-13T20:01:39.2695430Z         Retrieve pandas object stored in file, optionally based on where
2025-01-13T20:01:39.2695850Z         criteria.
2025-01-13T20:01:39.2696080Z     
2025-01-13T20:01:39.2710490Z         .. warning::
2025-01-13T20:01:39.2711470Z     
2025-01-13T20:01:39.2711770Z            Pandas uses PyTables for reading and writing HDF5 files, which allows
2025-01-13T20:01:39.2712200Z            serializing object-dtype data with pickle when using the "fixed" format.
2025-01-13T20:01:39.2716480Z            Loading pickled data received from untrusted sources can be unsafe.
2025-01-13T20:01:39.2728010Z     
2025-01-13T20:01:39.2730170Z            See: https://docs.python.org/3/library/pickle.html for more.
2025-01-13T20:01:39.2730590Z     
2025-01-13T20:01:39.2730810Z         Parameters
2025-01-13T20:01:39.2731050Z         ----------
2025-01-13T20:01:39.2731270Z         path_or_buf : str, path object, pandas.HDFStore
2025-01-13T20:01:39.2731660Z             Any valid string path is acceptable. Only supports the local file system,
2025-01-13T20:01:39.2732290Z             remote URLs and file-like objects are not supported.
2025-01-13T20:01:39.2733210Z     
2025-01-13T20:01:39.2733930Z             If you want to pass in a path object, pandas accepts any
2025-01-13T20:01:39.2734910Z             ``os.PathLike``.
2025-01-13T20:01:39.2735610Z     
2025-01-13T20:01:39.2736920Z             Alternatively, pandas accepts an open :class:`pandas.HDFStore` object.
2025-01-13T20:01:39.2738770Z     
2025-01-13T20:01:39.2739040Z         key : object, optional
2025-01-13T20:01:39.2739400Z             The group identifier in the store. Can be omitted if the HDF file
2025-01-13T20:01:39.2741270Z             contains a single pandas object.
2025-01-13T20:01:39.2741550Z         mode : {'r', 'r+', 'a'}, default 'r'
2025-01-13T20:01:39.2741950Z             Mode to use when opening the file. Ignored if path_or_buf is a
2025-01-13T20:01:39.2742280Z             :class:`pandas.HDFStore`. Default is 'r'.
2025-01-13T20:01:39.2743110Z         errors : str, default 'strict'
2025-01-13T20:01:39.2743440Z             Specifies how encoding and decoding errors are to be handled.
2025-01-13T20:01:39.2744100Z             See the errors argument for :func:`open` for a full list
2025-01-13T20:01:39.2744520Z             of options.
2025-01-13T20:01:39.2745380Z         where : list, optional
2025-01-13T20:01:39.2745780Z             A list of Term (or convertible) objects.
2025-01-13T20:01:39.2746130Z         start : int, optional
2025-01-13T20:01:39.2746420Z             Row number to start selection.
2025-01-13T20:01:39.2792420Z         stop  : int, optional
2025-01-13T20:01:39.2792710Z             Row number to stop selection.
2025-01-13T20:01:39.2793050Z         columns : list, optional
2025-01-13T20:01:39.2793310Z             A list of columns names to return.
2025-01-13T20:01:39.2793650Z         iterator : bool, optional
2025-01-13T20:01:39.2793890Z             Return an iterator object.
2025-01-13T20:01:39.2794210Z         chunksize : int, optional
2025-01-13T20:01:39.2794530Z             Number of rows to include in an iteration when using an iterator.
2025-01-13T20:01:39.2794880Z         **kwargs
2025-01-13T20:01:39.2795210Z             Additional keyword arguments passed to HDFStore.
2025-01-13T20:01:39.2795660Z     
2025-01-13T20:01:39.2795780Z         Returns
2025-01-13T20:01:39.2796040Z         -------
2025-01-13T20:01:39.2796210Z         object
2025-01-13T20:01:39.2796520Z             The selected object. Return type depends on the object stored.
2025-01-13T20:01:39.2796850Z     
2025-01-13T20:01:39.2797010Z         See Also
2025-01-13T20:01:39.2797150Z         --------
2025-01-13T20:01:39.2797340Z         DataFrame.to_hdf : Write a HDF file from a DataFrame.
2025-01-13T20:01:39.2797630Z         HDFStore : Low-level access to HDF files.
2025-01-13T20:01:39.2797820Z     
2025-01-13T20:01:39.2798010Z         Examples
2025-01-13T20:01:39.2798150Z         --------
2025-01-13T20:01:39.2798390Z         >>> df = pd.DataFrame([[1, 1.0, 'a']], columns=['x', 'y', 'z'])  # doctest: +SKIP
2025-01-13T20:01:39.2798690Z         >>> df.to_hdf('./store.h5', 'data')  # doctest: +SKIP
2025-01-13T20:01:39.2798950Z         >>> reread = pd.read_hdf('./store.h5')  # doctest: +SKIP
2025-01-13T20:01:39.2799180Z         """
2025-01-13T20:01:39.2799390Z         if mode not in ["r", "r+", "a"]:
2025-01-13T20:01:39.2799600Z             raise ValueError(
2025-01-13T20:01:39.2799890Z                 f"mode {mode} is not allowed while performing a read. "
2025-01-13T20:01:39.2800150Z                 f"Allowed modes are r, r+ and a."
2025-01-13T20:01:39.2801050Z             )
2025-01-13T20:01:39.2801210Z         # grab the scope
2025-01-13T20:01:39.2801360Z         if where is not None:
2025-01-13T20:01:39.2801560Z             where = _ensure_term(where, scope_level=1)
2025-01-13T20:01:39.2801750Z     
2025-01-13T20:01:39.2801890Z         if isinstance(path_or_buf, HDFStore):
2025-01-13T20:01:39.2802170Z             if not path_or_buf.is_open:
2025-01-13T20:01:39.2802460Z                 raise OSError("The HDFStore must be open for reading.")
2025-01-13T20:01:39.2802810Z     
2025-01-13T20:01:39.2802950Z             store = path_or_buf
2025-01-13T20:01:39.2803370Z             auto_close = False
2025-01-13T20:01:39.2803560Z         else:
2025-01-13T20:01:39.2803850Z             path_or_buf = stringify_path(path_or_buf)
2025-01-13T20:01:39.2804250Z             if not isinstance(path_or_buf, str):
2025-01-13T20:01:39.2804560Z                 raise NotImplementedError(
2025-01-13T20:01:39.2804980Z                     "Support for generic buffers has not been implemented."
2025-01-13T20:01:39.2805310Z                 )
2025-01-13T20:01:39.2805480Z             try:
2025-01-13T20:01:39.2805810Z                 exists = os.path.exists(path_or_buf)
2025-01-13T20:01:39.2806120Z     
2025-01-13T20:01:39.2806420Z             # if filepath is too long
2025-01-13T20:01:39.2806740Z             except (TypeError, ValueError):
2025-01-13T20:01:39.2807110Z                 exists = False
2025-01-13T20:01:39.2807360Z     
2025-01-13T20:01:39.2807570Z             if not exists:
2025-01-13T20:01:39.2807840Z >               raise FileNotFoundError(f"File {path_or_buf} does not exist")
2025-01-13T20:01:39.2808620Z E               FileNotFoundError: File /Users/runner/work/tardis/tardis/tardis-regression-data/test_tau_sobolev/test_calculate_sobolev_line_opacity.h5 does not exist
2025-01-13T20:01:39.2809510Z 
2025-01-13T20:01:39.2809780Z ../../../micromamba/envs/tardis/lib/python3.12/site-packages/pandas/io/pytables.py:424: FileNotFoundError
2025-01-13T20:01:39.2810330Z ---------------------------- Captured stdout setup -----------------------------
2025-01-13T20:01:39.2819180Z [[1mtardis.io.model.parse_density_configuration[0m][[1;33mWARNING[0m]  
2025-01-13T20:01:39.2819890Z 	Number of density points larger than number of shells. Assuming inner point irrelevant ([1mparse_density_configuration.py[0m:114)
2025-01-13T20:01:39.2820390Z ---------------------------- Captured stderr setup -----------------------------
2025-01-13T20:01:39.2820590Z 
2025-01-13T20:01:39.2824250Z Iterations:████████████████████████████████████████████████████████████████                4/5 [00:10<00:02,  2.34s/it]
2025-01-13T20:01:39.2824610Z 
2025-01-13T20:01:39.2824810Z Packets:                                                                                   4030/? [00:10<00:00, 25285.44it/s][A
2025-01-13T20:01:39.2825140Z ------------------------------ Captured log setup ------------------------------
2025-01-13T20:01:39.2825790Z WARNING  tardis.io.model.parse_density_configuration:parse_density_configuration.py:114 Number of density points larger than number of shells. Assuming inner point irrelevant
2025-01-13T20:01:39.2826390Z _________________________ test_calculate_beta_sobolevs _________________________
2025-01-13T20:01:39.2826590Z 
2025-01-13T20:01:39.2826770Z nb_simulation_verysimple = <tardis.simulation.base.Simulation object at 0x14da3de50>
2025-01-13T20:01:39.2827230Z regression_data = <tardis.tests.fixtures.regression_data.RegressionData object at 0x14d85a420>
2025-01-13T20:01:39.2827500Z 
2025-01-13T20:01:39.2827710Z     def test_calculate_beta_sobolevs(nb_simulation_verysimple, regression_data):
2025-01-13T20:01:39.2828040Z         legacy_plasma = nb_simulation_verysimple.plasma
2025-01-13T20:01:39.2828320Z     
2025-01-13T20:01:39.2828480Z         tau_sobolevs = calculate_sobolev_line_opacity(
2025-01-13T20:01:39.2828690Z             legacy_plasma.lines,
2025-01-13T20:01:39.2828890Z             legacy_plasma.level_number_density,
2025-01-13T20:01:39.2829160Z             legacy_plasma.time_explosion,
2025-01-13T20:01:39.2829770Z             legacy_plasma.stimulated_emission_factor,
2025-01-13T20:01:39.2829980Z         )
2025-01-13T20:01:39.2830130Z         actual = calculate_beta_sobolev(tau_sobolevs)
2025-01-13T20:01:39.2830370Z >       expected = regression_data.sync_ndarray(actual)
2025-01-13T20:01:39.2830580Z 
2025-01-13T20:01:39.2830720Z tardis/opacities/tests/test_tau_sobolev.py:35: 
2025-01-13T20:01:39.2831070Z _ _ _ _ _ _ _ _ _ _ _ _ _ _ _ _ _ _ _ _ _ _ _ _ _ _ _ _ _ _ _ _ _ _ _ _ _ _ _ _ 
2025-01-13T20:01:39.2831400Z tardis/tests/fixtures/regression_data.py:111: in sync_ndarray
2025-01-13T20:01:39.2831750Z     return np.load(self.fpath)
2025-01-13T20:01:39.2831950Z _ _ _ _ _ _ _ _ _ _ _ _ _ _ _ _ _ _ _ _ _ _ _ _ _ _ _ _ _ _ _ _ _ _ _ _ _ _ _ _ 
2025-01-13T20:01:39.2832200Z 
2025-01-13T20:01:39.2832550Z file = PosixPath('/Users/runner/work/tardis/tardis/tardis-regression-data/test_tau_sobolev/test_calculate_beta_sobolevs.npy')
2025-01-13T20:01:39.2833120Z mmap_mode = None, allow_pickle = False, fix_imports = True, encoding = 'ASCII'
2025-01-13T20:01:39.2833400Z 
2025-01-13T20:01:39.2833510Z     @set_module('numpy')
2025-01-13T20:01:39.2833790Z     def load(file, mmap_mode=None, allow_pickle=False, fix_imports=True,
2025-01-13T20:01:39.2834230Z              encoding='ASCII', *, max_header_size=format._MAX_HEADER_SIZE):
2025-01-13T20:01:39.2834550Z         """
2025-01-13T20:01:39.2834810Z         Load arrays or pickled objects from ``.npy``, ``.npz`` or pickled files.
2025-01-13T20:01:39.2835060Z     
2025-01-13T20:01:39.2835350Z         .. warning:: Loading files that contain object arrays uses the ``pickle``
2025-01-13T20:01:39.2835800Z                      module, which is not secure against erroneous or maliciously
2025-01-13T20:01:39.2836340Z                      constructed data. Consider passing ``allow_pickle=False`` to
2025-01-13T20:01:39.2836690Z                      load data that is known not to contain object arrays for the
2025-01-13T20:01:39.2836970Z                      safer handling of untrusted sources.
2025-01-13T20:01:39.2837170Z     
2025-01-13T20:01:39.2837280Z         Parameters
2025-01-13T20:01:39.2837420Z         ----------
2025-01-13T20:01:39.2837590Z         file : file-like object, string, or pathlib.Path
2025-01-13T20:01:39.2837850Z             The file to read. File-like objects must support the
2025-01-13T20:01:39.2838110Z             ``seek()`` and ``read()`` methods and must always
2025-01-13T20:01:39.2838470Z             be opened in binary mode.  Pickled files require that the
2025-01-13T20:01:39.2838760Z             file-like object support the ``readline()`` method as well.
2025-01-13T20:01:39.2839030Z         mmap_mode : {None, 'r+', 'r', 'w+', 'c'}, optional
2025-01-13T20:01:39.2839300Z             If not None, then memory-map the file, using the given mode (see
2025-01-13T20:01:39.2839620Z             `numpy.memmap` for a detailed description of the modes).  A
2025-01-13T20:01:39.2840000Z             memory-mapped array is kept on disk. However, it can be accessed
2025-01-13T20:01:39.2840340Z             and sliced like any ndarray.  Memory mapping is especially useful
2025-01-13T20:01:39.2840670Z             for accessing small fragments of large files without reading the
2025-01-13T20:01:39.2840930Z             entire file into memory.
2025-01-13T20:01:39.2841170Z         allow_pickle : bool, optional
2025-01-13T20:01:39.2841480Z             Allow loading pickled object arrays stored in npy files. Reasons for
2025-01-13T20:01:39.2841930Z             disallowing pickles include security, as loading pickled data can
2025-01-13T20:01:39.2842410Z             execute arbitrary code. If pickles are disallowed, loading object
2025-01-13T20:01:39.2842790Z             arrays will fail. Default: False
2025-01-13T20:01:39.2843030Z     
2025-01-13T20:01:39.2843300Z             .. versionchanged:: 1.16.3
2025-01-13T20:01:39.2843580Z                 Made default False in response to CVE-2019-6446.
2025-01-13T20:01:39.2843890Z     
2025-01-13T20:01:39.2844310Z         fix_imports : bool, optional
2025-01-13T20:01:39.2844600Z             Only useful when loading Python 2 generated pickled files on Python 3,
2025-01-13T20:01:39.2845020Z             which includes npy/npz files containing object arrays. If `fix_imports`
2025-01-13T20:01:39.2845440Z             is True, pickle will try to map the old Python 2 names to the new names
2025-01-13T20:01:39.2845760Z             used in Python 3.
2025-01-13T20:01:39.2846050Z         encoding : str, optional
2025-01-13T20:01:39.2846310Z             What encoding to use when reading Python 2 strings. Only useful when
2025-01-13T20:01:39.2846700Z             loading Python 2 generated pickled files in Python 3, which includes
2025-01-13T20:01:39.2847040Z             npy/npz files containing object arrays. Values other than 'latin1',
2025-01-13T20:01:39.2847380Z             'ASCII', and 'bytes' are not allowed, as they can corrupt numerical
2025-01-13T20:01:39.2847640Z             data. Default: 'ASCII'
2025-01-13T20:01:39.2847900Z         max_header_size : int, optional
2025-01-13T20:01:39.2848180Z             Maximum allowed size of the header.  Large headers may not be safe
2025-01-13T20:01:39.2848510Z             to load securely and thus require explicitly passing a larger value.
2025-01-13T20:01:39.2848800Z             See :py:func:`ast.literal_eval()` for details.
2025-01-13T20:01:39.2849090Z             This option is ignored when `allow_pickle` is passed.  In that case
2025-01-13T20:01:39.2849460Z             the file is by definition trusted and the limit is unnecessary.
2025-01-13T20:01:39.2849700Z     
2025-01-13T20:01:39.2849810Z         Returns
2025-01-13T20:01:39.2849940Z         -------
2025-01-13T20:01:39.2850080Z         result : array, tuple, dict, etc.
2025-01-13T20:01:39.2850520Z             Data stored in the file. For ``.npz`` files, the returned instance
2025-01-13T20:01:39.2850910Z             of NpzFile class must be closed to avoid leaking file descriptors.
2025-01-13T20:01:39.2851150Z     
2025-01-13T20:01:39.2851270Z         Raises
2025-01-13T20:01:39.2851390Z         ------
2025-01-13T20:01:39.2851560Z         OSError
2025-01-13T20:01:39.2851810Z             If the input file does not exist or cannot be read.
2025-01-13T20:01:39.2852080Z         UnpicklingError
2025-01-13T20:01:39.2852370Z             If ``allow_pickle=True``, but the file cannot be loaded as a pickle.
2025-01-13T20:01:39.2852620Z         ValueError
2025-01-13T20:01:39.2852830Z             The file contains an object array, but ``allow_pickle=False`` given.
2025-01-13T20:01:39.2853080Z         EOFError
2025-01-13T20:01:39.2853280Z             When calling ``np.load`` multiple times on the same file handle,
2025-01-13T20:01:39.2853550Z             if all data has already been read
2025-01-13T20:01:39.2853730Z     
2025-01-13T20:01:39.2853840Z         See Also
2025-01-13T20:01:39.2853960Z         --------
2025-01-13T20:01:39.2854110Z         save, savez, savez_compressed, loadtxt
2025-01-13T20:01:39.2854390Z         memmap : Create a memory-map to an array stored in a file on disk.
2025-01-13T20:01:39.2854730Z         lib.format.open_memmap : Create or load a memory-mapped ``.npy`` file.
2025-01-13T20:01:39.2854980Z     
2025-01-13T20:01:39.2855090Z         Notes
2025-01-13T20:01:39.2855210Z         -----
2025-01-13T20:01:39.2855400Z         - If the file contains pickle data, then whatever object is stored
2025-01-13T20:01:39.2855660Z           in the pickle is returned.
2025-01-13T20:01:39.2855900Z         - If the file is a ``.npy`` file, then a single array is returned.
2025-01-13T20:01:39.2856190Z         - If the file is a ``.npz`` file, then a dictionary-like object is
2025-01-13T20:01:39.2856520Z           returned, containing ``{filename: array}`` key-value pairs, one for
2025-01-13T20:01:39.2856780Z           each file in the archive.
2025-01-13T20:01:39.2857020Z         - If the file is a ``.npz`` file, the returned value supports the
2025-01-13T20:01:39.2857360Z           context manager protocol in a similar fashion to the open function::
2025-01-13T20:01:39.2857850Z     
2025-01-13T20:01:39.2857990Z             with load('foo.npz') as data:
2025-01-13T20:01:39.2858180Z                 a = data['a']
2025-01-13T20:01:39.2858330Z     
2025-01-13T20:01:39.2858590Z           The underlying file descriptor is closed when exiting the 'with'
2025-01-13T20:01:39.2858840Z           block.
2025-01-13T20:01:39.2858960Z     
2025-01-13T20:01:39.2859070Z         Examples
2025-01-13T20:01:39.2859200Z         --------
2025-01-13T20:01:39.2859340Z         Store data to disk, and load it again:
2025-01-13T20:01:39.2859530Z     
2025-01-13T20:01:39.2859680Z         >>> np.save('/tmp/123', np.array([[1, 2, 3], [4, 5, 6]]))
2025-01-13T20:01:39.2859900Z         >>> np.load('/tmp/123.npy')
2025-01-13T20:01:39.2860080Z         array([[1, 2, 3],
2025-01-13T20:01:39.2860230Z                [4, 5, 6]])
2025-01-13T20:01:39.2860380Z     
2025-01-13T20:01:39.2860530Z         Store compressed data to disk, and load it again:
2025-01-13T20:01:39.2860740Z     
2025-01-13T20:01:39.2860870Z         >>> a=np.array([[1, 2, 3], [4, 5, 6]])
2025-01-13T20:01:39.2861060Z         >>> b=np.array([1, 2])
2025-01-13T20:01:39.2861240Z         >>> np.savez('/tmp/123.npz', a=a, b=b)
2025-01-13T20:01:39.2861430Z         >>> data = np.load('/tmp/123.npz')
2025-01-13T20:01:39.2861610Z         >>> data['a']
2025-01-13T20:01:39.2861760Z         array([[1, 2, 3],
2025-01-13T20:01:39.2861910Z                [4, 5, 6]])
2025-01-13T20:01:39.2862050Z         >>> data['b']
2025-01-13T20:01:39.2862190Z         array([1, 2])
2025-01-13T20:01:39.2862330Z         >>> data.close()
2025-01-13T20:01:39.2862470Z     
2025-01-13T20:01:39.2862630Z         Mem-map the stored array, and then access the second row
2025-01-13T20:01:39.2862870Z         directly from disk:
2025-01-13T20:01:39.2863120Z     
2025-01-13T20:01:39.2863260Z         >>> X = np.load('/tmp/123.npy', mmap_mode='r')
2025-01-13T20:01:39.2863450Z         >>> X[1, :]
2025-01-13T20:01:39.2863590Z         memmap([4, 5, 6])
2025-01-13T20:01:39.2863730Z     
2025-01-13T20:01:39.2863840Z         """
2025-01-13T20:01:39.2863990Z         if encoding not in ('ASCII', 'latin1', 'bytes'):
2025-01-13T20:01:39.2864260Z             # The 'encoding' value for pickle also affects what encoding
2025-01-13T20:01:39.2864630Z             # the serialized binary data of NumPy arrays is loaded
2025-01-13T20:01:39.2864920Z             # in. Pickle does not pass on the encoding information to
2025-01-13T20:01:39.2865200Z             # NumPy. The unpickling code in numpy.core.multiarray is
2025-01-13T20:01:39.2865490Z             # written to assume that unicode data appearing where binary
2025-01-13T20:01:39.2865790Z             # should be is in 'latin1'. 'bytes' is also safe, as is 'ASCII'.
2025-01-13T20:01:39.2866020Z             #
2025-01-13T20:01:39.2866210Z             # Other encoding values can corrupt binary data, and we
2025-01-13T20:01:39.2866520Z             # purposefully disallow them. For the same reason, the errors=
2025-01-13T20:01:39.2866830Z             # argument is not exposed, as values other than 'strict'
2025-01-13T20:01:39.2867110Z             # result can similarly silently corrupt numerical data.
2025-01-13T20:01:39.2867410Z             raise ValueError("encoding must be 'ASCII', 'latin1', or 'bytes'")
2025-01-13T20:01:39.2867660Z     
2025-01-13T20:01:39.2867850Z         pickle_kwargs = dict(encoding=encoding, fix_imports=fix_imports)
2025-01-13T20:01:39.2868090Z     
2025-01-13T20:01:39.2868220Z         with contextlib.ExitStack() as stack:
2025-01-13T20:01:39.2868430Z             if hasattr(file, 'read'):
2025-01-13T20:01:39.2868600Z                 fid = file
2025-01-13T20:01:39.2868750Z                 own_fid = False
2025-01-13T20:01:39.2868910Z             else:
2025-01-13T20:01:39.2869100Z >               fid = stack.enter_context(open(os_fspath(file), "rb"))
2025-01-13T20:01:39.2869670Z E               FileNotFoundError: [Errno 2] No such file or directory: '/Users/runner/work/tardis/tardis/tardis-regression-data/test_tau_sobolev/test_calculate_beta_sobolevs.npy'
2025-01-13T20:01:39.2870640Z 
2025-01-13T20:01:39.2870960Z ../../../micromamba/envs/tardis/lib/python3.12/site-packages/numpy/lib/npyio.py:427: FileNotFoundError
2025-01-13T20:01:39.2871360Z =============================== warnings summary ===============================
2025-01-13T20:01:39.2871610Z tardis/io/configuration/config_validator.py:6
2025-01-13T20:01:39.2871840Z tardis/io/configuration/config_validator.py:6
2025-01-13T20:01:39.2872240Z   /Users/runner/work/tardis/tardis/tardis/io/configuration/config_validator.py:6: DeprecationWarning:
2025-01-13T20:01:39.2872780Z   
2025-01-13T20:01:39.2873910Z   jsonschema.RefResolver is deprecated as of v4.18.0, in favor of the https://github.com/python-jsonschema/referencing library, which provides more compliant referencing behavior as well as more flexible APIs for customization. A future release will remove RefResolver. Please file a feature request (on referencing) if you are missing an API for the kind of customization you need.
2025-01-13T20:01:39.2875000Z 
2025-01-13T20:01:39.2875200Z ../../../micromamba/envs/tardis/lib/python3.12/site-packages/jupyter_client/connect.py:22
2025-01-13T20:01:39.2875950Z   /Users/runner/micromamba/envs/tardis/lib/python3.12/site-packages/jupyter_client/connect.py:22: DeprecationWarning:
2025-01-13T20:01:39.2876500Z   
2025-01-13T20:01:39.2876750Z   Jupyter is migrating its paths to use standard platformdirs
2025-01-13T20:01:39.2877150Z   given by the platformdirs library.  To remove this warning and
2025-01-13T20:01:39.2877560Z   see the appropriate new directories, set the environment variable
2025-01-13T20:01:39.2878020Z   `JUPYTER_PLATFORM_DIRS=1` and then run `jupyter --paths`.
2025-01-13T20:01:39.2878390Z   The use of platformdirs will be the default in `jupyter_core` v6
2025-01-13T20:01:39.2879220Z 
2025-01-13T20:01:39.2886810Z tardis/io/tests/test_HDFWriter.py::test_multi_index_write
2025-01-13T20:01:39.2887250Z tardis/visualization/widgets/tests/test_shell_info.py::TestHDFShellInfo::test_shells_data
2025-01-13T20:01:39.2887700Z   /Users/runner/work/tardis/tardis/tardis/io/util.py:276: PerformanceWarning:
2025-01-13T20:01:39.2887980Z   
2025-01-13T20:01:39.2888090Z   
2025-01-13T20:01:39.2888310Z   your performance may suffer as PyTables will pickle object types that it cannot
2025-01-13T20:01:39.2888750Z   map directly to c-types [inferred_type->mixed,key->block0_values] [items->Index([0], dtype='int64')]
2025-01-13T20:01:39.2889020Z 
2025-01-13T20:01:39.2889180Z tardis/io/tests/test_model_reader.py::test_read_cmfgen_isotope_abundances
2025-01-13T20:01:39.2889570Z tardis/plasma/tests/test_tardis_model_density_config.py::test_electron_densities
2025-01-13T20:01:39.2889990Z tardis/plasma/tests/test_tardis_model_density_config.py::test_isotope_number_densities
2025-01-13T20:01:39.2890390Z tardis/plasma/tests/test_tardis_model_density_config.py::test_t_rad
2025-01-13T20:01:39.2890850Z   /Users/runner/work/tardis/tardis/tardis/io/model/readers/cmfgen_deprecated.py:82: DeprecationWarning:
2025-01-13T20:01:39.2891210Z   
2025-01-13T20:01:39.2891360Z   The current CMFGEN model parser is deprecated
2025-01-13T20:01:39.2891520Z 
2025-01-13T20:01:39.2891600Z tardis/io/tests/test_model_reader.py: 1 warning
2025-01-13T20:01:39.2891890Z tardis/plasma/tests/test_tardis_model_density_config.py: 9 warnings
2025-01-13T20:01:39.2892340Z   /Users/runner/work/tardis/tardis/tardis/io/model/readers/cmfgen_deprecated.py:40: DeprecationWarning:
2025-01-13T20:01:39.2892690Z   
2025-01-13T20:01:39.2892840Z   The current CMFGEN model parser is deprecated
2025-01-13T20:01:39.2892980Z 
2025-01-13T20:01:39.2893150Z tardis/model/tests/test_base.py::TestModelFromPaper1Config::test_abundances
2025-01-13T20:01:39.2893670Z   /Users/runner/work/tardis/tardis/tardis/transport/montecarlo/montecarlo_main_loop.py:123: NumbaTypeSafetyWarning:
2025-01-13T20:01:39.2894080Z   
2025-01-13T20:01:39.2894460Z   [1m[1m[1munsafe cast from uint64 to int64. Precision may be lost.[0m[0m[0m
2025-01-13T20:01:39.2894680Z 
2025-01-13T20:01:39.2895130Z tardis/model/tests/test_base.py: 6 warnings
2025-01-13T20:01:39.2895370Z tardis/model/tests/test_csvy_model.py: 2 warnings
2025-01-13T20:01:39.2895660Z tardis/plasma/tests/test_tardis_model_density_config.py: 3 warnings
2025-01-13T20:01:39.2896080Z   /Users/runner/work/tardis/tardis/tardis/model/geometry/radial1d.py:50: DeprecationWarning:
2025-01-13T20:01:39.2896410Z   
2025-01-13T20:01:39.2896540Z   v_inner_boundary < 0, assuming default value
2025-01-13T20:01:39.2896690Z 
2025-01-13T20:01:39.2896760Z tardis/model/tests/test_base.py: 6 warnings
2025-01-13T20:01:39.2897000Z tardis/model/tests/test_csvy_model.py: 2 warnings
2025-01-13T20:01:39.2897290Z tardis/plasma/tests/test_tardis_model_density_config.py: 3 warnings
2025-01-13T20:01:39.2897700Z   /Users/runner/work/tardis/tardis/tardis/model/geometry/radial1d.py:61: DeprecationWarning:
2025-01-13T20:01:39.2898030Z   
2025-01-13T20:01:39.2898170Z   v_outer_boundary < 0, assuming default value
2025-01-13T20:01:39.2898320Z 
2025-01-13T20:01:39.2898680Z tardis/plasma/equilibrium/tests/test_level_populations.py::TestLevelPopulationSolver::test_solve[collisional_rate_solver0-radiative_transitions0]
2025-01-13T20:01:39.2899360Z   /Users/runner/work/tardis/tardis/tardis/plasma/equilibrium/level_populations.py:65: FutureWarning:
2025-01-13T20:01:39.2899710Z   
2025-01-13T20:01:39.2899990Z   A value is trying to be set on a copy of a DataFrame or Series through chained assignment using an inplace method.
2025-01-13T20:01:39.2900630Z   The behavior will change in pandas 3.0. This inplace method will never work because the intermediate object on which we are setting values always behaves as a copy.
2025-01-13T20:01:39.2901080Z   
2025-01-13T20:01:39.2901560Z   For example, when doing 'df[col].method(value, inplace=True)', try using 'df.method({col: value}, inplace=True)' or df[col] = df[col].method(value) instead, to perform the operation inplace on the original object.
2025-01-13T20:01:39.2902150Z 
2025-01-13T20:01:39.2902270Z tardis/plasma/tests/test_complete_plasmas.py: 20 warnings
2025-01-13T20:01:39.2902680Z   /Users/runner/work/tardis/tardis/tardis/plasma/tests/test_complete_plasmas.py:197: UserWarning:
2025-01-13T20:01:39.2903010Z   
2025-01-13T20:01:39.2903140Z   Property "atomic_mass" not found
2025-01-13T20:01:39.2903260Z 
2025-01-13T20:01:39.2903600Z tardis/plasma/tests/test_complete_plasmas.py::TestPlasma::test_plasma_properties[radiative_rates_type:detailed-w_epsilon:1e-10-j_blues_norm_factor]
2025-01-13T20:01:39.2904300Z tardis/plasma/tests/test_complete_plasmas.py::TestPlasma::test_plasma_properties[radiative_rates_type:detailed-j_blues_norm_factor]
2025-01-13T20:01:39.2905010Z   /Users/runner/work/tardis/tardis/tardis/plasma/tests/test_complete_plasmas.py:197: UserWarning:
2025-01-13T20:01:39.2905350Z   
2025-01-13T20:01:39.2905490Z   Property "j_blues_norm_factor" not found
2025-01-13T20:01:39.2905630Z 
2025-01-13T20:01:39.2905950Z tardis/plasma/tests/test_complete_plasmas.py::TestPlasma::test_plasma_properties[radiative_rates_type:detailed-w_epsilon:1e-10-j_blue_estimator]
2025-01-13T20:01:39.2906640Z tardis/plasma/tests/test_complete_plasmas.py::TestPlasma::test_plasma_properties[radiative_rates_type:detailed-j_blue_estimator]
2025-01-13T20:01:39.2907230Z   /Users/runner/work/tardis/tardis/tardis/plasma/tests/test_complete_plasmas.py:197: UserWarning:
2025-01-13T20:01:39.2907560Z   
2025-01-13T20:01:39.2907690Z   Property "j_blue_estimator" not found
2025-01-13T20:01:39.2907820Z 
2025-01-13T20:01:39.2908130Z tardis/plasma/tests/test_complete_plasmas.py::TestPlasma::test_plasma_properties[radiative_rates_type:detailed-w_epsilon:1e-10-volume]
2025-01-13T20:01:39.2908770Z tardis/plasma/tests/test_complete_plasmas.py::TestPlasma::test_plasma_properties[radiative_rates_type:detailed-volume]
2025-01-13T20:01:39.2909330Z   /Users/runner/work/tardis/tardis/tardis/plasma/tests/test_complete_plasmas.py:197: UserWarning:
2025-01-13T20:01:39.2909670Z   
2025-01-13T20:01:39.2909790Z   Property "volume" not found
2025-01-13T20:01:39.2909910Z 
2025-01-13T20:01:39.2910390Z tardis/plasma/tests/test_complete_plasmas.py::TestPlasma::test_plasma_properties[radiative_rates_type:detailed-w_epsilon:1e-10-r_inner]
2025-01-13T20:01:39.2911040Z tardis/plasma/tests/test_complete_plasmas.py::TestPlasma::test_plasma_properties[radiative_rates_type:detailed-r_inner]
2025-01-13T20:01:39.2911600Z   /Users/runner/work/tardis/tardis/tardis/plasma/tests/test_complete_plasmas.py:197: UserWarning:
2025-01-13T20:01:39.2911940Z   
2025-01-13T20:01:39.2912050Z   Property "r_inner" not found
2025-01-13T20:01:39.2912170Z 
2025-01-13T20:01:39.2912330Z tardis/plasma/tests/test_plasma_vboundary.py::test_plasma_vboundary[2900-3750]
2025-01-13T20:01:39.2912740Z tardis/plasma/tests/test_plasma_vboundary.py::test_plasma_vboundary[2900-3850]
2025-01-13T20:01:39.2913140Z tardis/plasma/tests/test_plasma_vboundary.py::test_plasma_vboundary[2900-3900]
2025-01-13T20:01:39.2913560Z   /Users/runner/work/tardis/tardis/tardis/model/geometry/radial1d.py:71: UserWarning:
2025-01-13T20:01:39.2913980Z   
2025-01-13T20:01:39.2914210Z   Requesting inner boundary below inner shell. Extrapolating the inner cell
2025-01-13T20:01:39.2914430Z 
2025-01-13T20:01:39.2914610Z tardis/spectrum/tests/test_spectrum_solver.py::TestSpectrumSolver::test_solve
2025-01-13T20:01:39.2915010Z   /Users/runner/work/tardis/tardis/tardis/spectrum/base.py:70: UserWarning:
2025-01-13T20:01:39.2915280Z   
2025-01-13T20:01:39.2915610Z   SpectrumSolver.spectrum_virtual_packets is zero. Please run the montecarlo simulation with no_of_virtual_packets > 0
2025-01-13T20:01:39.2915930Z 
2025-01-13T20:01:39.2916100Z tardis/spectrum/tests/test_spectrum_solver.py::TestSpectrumSolver::test_solve
2025-01-13T20:01:39.2916510Z   /Users/runner/work/tardis/tardis/tardis/spectrum/base.py:111: UserWarning:
2025-01-13T20:01:39.2916940Z   
2025-01-13T20:01:39.2917290Z   SpectrumSolver.integrator: The FormalIntegrator is not yet available.Please run the montecarlo simulation at least once.
2025-01-13T20:01:39.2917640Z 
2025-01-13T20:01:39.2917810Z tardis/transport/montecarlo/tests/test_vpacket.py::test_trace_vpacket_volley
2025-01-13T20:01:39.2918140Z   <string>:3: NumbaPendingDeprecationWarning:
2025-01-13T20:01:39.2918340Z   
2025-01-13T20:01:39.2919310Z   [1m[1mCode using Numba extension API maybe depending on 'old_style' error-capturing, which is deprecated and will be replaced by 'new_style' in a future release. See details at https://numba.readthedocs.io/en/latest/reference/deprecation.html#deprecation-of-old-style-numba-captured-errors
2025-01-13T20:01:39.2920130Z   Exception origin:
2025-01-13T20:01:39.2920420Z     File "/Users/runner/micromamba/envs/tardis/lib/python3.12/inspect.py", line 3180, in _bind
2025-01-13T20:01:39.2920750Z       raise TypeError(msg) from None
2025-01-13T20:01:39.2920950Z   [0m[0m
2025-01-13T20:01:39.2921030Z 
2025-01-13T20:01:39.2921300Z tardis/visualization/tools/tests/test_sdec_plot.py::TestSDECPlotter::test_mpl_image[plotter_generate_plot_mpl4]
2025-01-13T20:01:39.2921850Z   /Users/runner/work/tardis/tardis/tardis/visualization/tools/sdec_plot.py:1225: RuntimeWarning:
2025-01-13T20:01:39.2922190Z   
2025-01-13T20:01:39.2922920Z   More than 20 figures have been opened. Figures created through the pyplot interface (`matplotlib.pyplot.figure`) are retained until explicitly closed and may consume too much memory. (To control this warning, see the rcParam `figure.max_open_warning`). Consider using `matplotlib.pyplot.close()`.
2025-01-13T20:01:39.2923660Z 
2025-01-13T20:01:39.2923980Z tardis/visualization/widgets/tests/test_custom_abundance.py::TestCustomAbundanceWidget::test_update_input_item_value
2025-01-13T20:01:39.2924750Z tardis/visualization/widgets/tests/test_custom_abundance.py::TestCustomAbundanceWidget::test_update_input_item_value
2025-01-13T20:01:39.2925430Z tardis/visualization/widgets/tests/test_custom_abundance.py::TestCustomAbundanceWidget::test_update_input_item_value
2025-01-13T20:01:39.2926190Z tardis/visualization/widgets/tests/test_custom_abundance.py::TestCustomAbundanceWidget::test_update_input_item_value
2025-01-13T20:01:39.2927200Z tardis/visualization/widgets/tests/test_custom_abundance.py::TestCustomAbundanceWidget::test_update_input_item_value
2025-01-13T20:01:39.2927840Z tardis/visualization/widgets/tests/test_custom_abundance.py::TestCustomAbundanceWidget::test_update_input_item_value
2025-01-13T20:01:39.2928490Z   /Users/runner/micromamba/envs/tardis/lib/python3.12/site-packages/traitlets/traitlets.py:1385: DeprecationWarning:
2025-01-13T20:01:39.2930410Z   
2025-01-13T20:01:39.2931210Z   Passing unrecognized arguments to super(Checkbox).__init__(icon='lock').
2025-01-13T20:01:39.2932310Z   object.__init__() takes exactly one argument (the instance to initialize)
2025-01-13T20:01:39.2946270Z   This is deprecated in traitlets 4.2.This error will be raised in a future release of traitlets.
2025-01-13T20:01:39.2946560Z 
2025-01-13T20:01:39.2947500Z tardis/visualization/widgets/tests/test_custom_abundance.py::TestCustomAbundanceWidget::test_update_input_item_value
2025-01-13T20:01:39.2948240Z tardis/visualization/widgets/tests/test_custom_abundance.py::TestCustomAbundanceWidget::test_update_input_item_value
2025-01-13T20:01:39.2948980Z   /Users/runner/micromamba/envs/tardis/lib/python3.12/site-packages/traitlets/traitlets.py:1385: DeprecationWarning:
2025-01-13T20:01:39.2949380Z   
2025-01-13T20:01:39.2949590Z   Passing unrecognized arguments to super(FloatText).__init__(min=0).
2025-01-13T20:01:39.2949950Z   object.__init__() takes exactly one argument (the instance to initialize)
2025-01-13T20:01:39.2950360Z   This is deprecated in traitlets 4.2.This error will be raised in a future release of traitlets.
2025-01-13T20:01:39.2950620Z 
2025-01-13T20:01:39.2950910Z tardis/visualization/widgets/tests/test_custom_abundance.py::TestCustomAbundanceWidget::test_update_input_item_value
2025-01-13T20:01:39.2951710Z   /Users/runner/micromamba/envs/tardis/lib/python3.12/site-packages/traitlets/traitlets.py:1385: DeprecationWarning:
2025-01-13T20:01:39.2952110Z   
2025-01-13T20:01:39.2952320Z   Passing unrecognized arguments to super(HTML).__init__(indent=True).
2025-01-13T20:01:39.2952670Z   object.__init__() takes exactly one argument (the instance to initialize)
2025-01-13T20:01:39.2953070Z   This is deprecated in traitlets 4.2.This error will be raised in a future release of traitlets.
2025-01-13T20:01:39.2953340Z 
2025-01-13T20:01:39.2953670Z tardis/visualization/widgets/tests/test_line_info.py::TestLineInfoWidgetData::test_get_species_interactions[wavelength_range0-packet_out_nu]
2025-01-13T20:01:39.2954340Z   /Users/runner/micromamba/envs/tardis/lib/python3.12/site-packages/qgridnext/grid.py:814: DeprecationWarning:
2025-01-13T20:01:39.2954710Z   
2025-01-13T20:01:39.2954960Z   QgridWidget._df_changed is deprecated in traitlets 4.1: use @observe and @unobserve instead.
2025-01-13T20:01:39.2955230Z 
2025-01-13T20:01:39.2955430Z tardis/visualization/widgets/tests/test_shell_info.py::TestHDFShellInfo::test_shells_data
2025-01-13T20:01:39.2955870Z   /Users/runner/work/tardis/tardis/tardis/io/util.py:289: PerformanceWarning:
2025-01-13T20:01:39.2956160Z   
2025-01-13T20:01:39.2956270Z   
2025-01-13T20:01:39.2956490Z   your performance may suffer as PyTables will pickle object types that it cannot
2025-01-13T20:01:39.2956930Z   map directly to c-types [inferred_type->mixed,key->block0_values] [items->Index([0], dtype='int64')]
2025-01-13T20:01:39.2957200Z 
2025-01-13T20:01:39.2957410Z tardis/visualization/widgets/tests/test_shell_info.py::TestHDFShellInfo::test_shells_data
2025-01-13T20:01:39.2957840Z   /Users/runner/work/tardis/tardis/tardis/io/util.py:292: PerformanceWarning:
2025-01-13T20:01:39.2958120Z   
2025-01-13T20:01:39.2958230Z   
2025-01-13T20:01:39.2958450Z   your performance may suffer as PyTables will pickle object types that it cannot
2025-01-13T20:01:39.2958810Z   map directly to c-types [inferred_type->mixed,key->values] [items->None]
2025-01-13T20:01:39.2959030Z 
2025-01-13T20:01:39.2959240Z tardis/visualization/widgets/tests/test_shell_info.py::TestHDFShellInfo::test_shells_data
2025-01-13T20:01:39.2960070Z   /Users/runner/work/tardis/tardis/tardis/spectrum/formal_integral.py:398: UserWarning:
2025-01-13T20:01:39.2960420Z   
2025-01-13T20:01:39.2960640Z   The number of interpolate_shells was not specified. The value was set to 80.
2025-01-13T20:01:39.2960860Z 
2025-01-13T20:01:39.2961030Z -- Docs: https://docs.pytest.org/en/stable/how-to/capture-warnings.html
2025-01-13T20:01:39.2961250Z 
2025-01-13T20:01:39.2961390Z ---------- coverage: platform darwin, python 3.12.4-final-0 ----------
2025-01-13T20:01:39.2961670Z Coverage HTML written to dir coverage_html_report
2025-01-13T20:01:39.2961900Z Coverage XML written to file coverage.xml
2025-01-13T20:01:39.2962040Z 
2025-01-13T20:01:39.2962140Z =========================== short test summary info ============================
2025-01-13T20:01:39.2962920Z FAILED tardis/opacities/tests/test_tau_sobolev.py::test_calculate_sobolev_line_opacity - FileNotFoundError: File /Users/runner/work/tardis/tardis/tardis-regression-data/test_tau_sobolev/test_calculate_sobolev_line_opacity.h5 does not exist
2025-01-13T20:01:39.2964180Z FAILED tardis/opacities/tests/test_tau_sobolev.py::test_calculate_beta_sobolevs - FileNotFoundError: [Errno 2] No such file or directory: '/Users/runner/work/tardis/tardis/tardis-regression-data/test_tau_sobolev/test_calculate_beta_sobolevs.npy'
2025-01-13T20:01:39.2965030Z = 2 failed, 1436 passed, 329 skipped, 2 deselected, 19 xfailed, 8 xpassed, 91 warnings in 811.23s (0:13:31) =
2025-01-13T20:01:41.3755500Z ##[error]Process completed with exit code 1.
2025-01-13T20:01:41.4720720Z Post job cleanup.
2025-01-13T20:01:41.4823250Z Post job cleanup.
2025-01-13T20:01:42.2732950Z Will use pre-installed micromamba at /Users/runner/micromamba-bin/micromamba
2025-01-13T20:01:42.2745030Z Removing micromamba run shell ...
2025-01-13T20:01:42.2751580Z ##[group]Deinitialize micromamba for bash
2025-01-13T20:01:42.2791600Z [command]/Users/runner/micromamba-bin/micromamba shell deinit -s bash -r /Users/runner/micromamba --log-level warning --rc-file /Users/runner/work/_temp/setup-micromamba/.condarc
2025-01-13T20:01:42.3444560Z Resetting RC file "/Users/runner/.bash_profile"
2025-01-13T20:01:42.3445520Z Deleting config for root prefix 
2025-01-13T20:01:42.3445810Z Clearing mamba executable environment variable
2025-01-13T20:01:42.3478570Z Removing the following in your "/Users/runner/.bash_profile" file
2025-01-13T20:01:42.3478950Z # >>> mamba initialize >>>
2025-01-13T20:01:42.3479140Z ...
2025-01-13T20:01:42.3479300Z # <<< mamba initialize <<<
2025-01-13T20:01:42.3540810Z Removing environment tardis from auto-activate bash ...
2025-01-13T20:01:42.3670630Z Post job cleanup.
2025-01-13T20:01:42.3769690Z Post job cleanup.
2025-01-13T20:01:42.7190260Z [command]/opt/homebrew/bin/git version
2025-01-13T20:01:42.7464390Z git version 2.47.1
2025-01-13T20:01:42.7642900Z Copying '/Users/runner/.gitconfig' to '/Users/runner/work/_temp/1566fb80-46c4-4f16-aeff-8e5f3becfeef/.gitconfig'
2025-01-13T20:01:42.7646700Z Temporarily overriding HOME='/Users/runner/work/_temp/1566fb80-46c4-4f16-aeff-8e5f3becfeef' before making global git config changes
2025-01-13T20:01:42.7648690Z Adding repository directory to the temporary git global config as a safe directory
2025-01-13T20:01:42.7649540Z [command]/opt/homebrew/bin/git config --global --add safe.directory /Users/runner/work/tardis/tardis/tardis-regression-data
2025-01-13T20:01:42.7705190Z [command]/opt/homebrew/bin/git config --local --name-only --get-regexp core\.sshCommand
2025-01-13T20:01:42.7773480Z [command]/opt/homebrew/bin/git submodule foreach --recursive sh -c "git config --local --name-only --get-regexp 'core\.sshCommand' && git config --local --unset-all 'core.sshCommand' || :"
2025-01-13T20:01:42.9477450Z [command]/opt/homebrew/bin/git config --local --name-only --get-regexp http\.https\:\/\/github\.com\/\.extraheader
2025-01-13T20:01:42.9598590Z http.https://github.com/.extraheader
2025-01-13T20:01:42.9617250Z [command]/opt/homebrew/bin/git config --local --unset-all http.https://github.com/.extraheader
2025-01-13T20:01:42.9698780Z [command]/opt/homebrew/bin/git submodule foreach --recursive sh -c "git config --local --name-only --get-regexp 'http\.https\:\/\/github\.com\/\.extraheader' && git config --local --unset-all 'http.https://github.com/.extraheader' || :"
2025-01-13T20:01:43.1000870Z Post job cleanup.
2025-01-13T20:01:43.2447620Z [command]/opt/homebrew/bin/git version
2025-01-13T20:01:43.2507870Z git version 2.47.1
2025-01-13T20:01:43.2532150Z Copying '/Users/runner/.gitconfig' to '/Users/runner/work/_temp/31eb10e2-b6ce-470b-9e8f-af43caa232b0/.gitconfig'
2025-01-13T20:01:43.2540790Z Temporarily overriding HOME='/Users/runner/work/_temp/31eb10e2-b6ce-470b-9e8f-af43caa232b0' before making global git config changes
2025-01-13T20:01:43.2542110Z Adding repository directory to the temporary git global config as a safe directory
2025-01-13T20:01:43.2546060Z [command]/opt/homebrew/bin/git config --global --add safe.directory /Users/runner/work/tardis/tardis
2025-01-13T20:01:43.2613940Z [command]/opt/homebrew/bin/git config --local --name-only --get-regexp core\.sshCommand
2025-01-13T20:01:43.2673130Z [command]/opt/homebrew/bin/git submodule foreach --recursive sh -c "git config --local --name-only --get-regexp 'core\.sshCommand' && git config --local --unset-all 'core.sshCommand' || :"
2025-01-13T20:01:43.3782460Z [command]/opt/homebrew/bin/git config --local --name-only --get-regexp http\.https\:\/\/github\.com\/\.extraheader
2025-01-13T20:01:43.3833220Z http.https://github.com/.extraheader
2025-01-13T20:01:43.3843960Z [command]/opt/homebrew/bin/git config --local --unset-all http.https://github.com/.extraheader
2025-01-13T20:01:43.3932260Z [command]/opt/homebrew/bin/git submodule foreach --recursive sh -c "git config --local --name-only --get-regexp 'http\.https\:\/\/github\.com\/\.extraheader' && git config --local --unset-all 'http.https://github.com/.extraheader' || :"
2025-01-13T20:01:43.5572510Z Cleaning up orphan processes
