2025-01-21T16:40:24.9240478Z Prepare all required actions
2025-01-21T16:40:24.9241963Z Getting action download info
2025-01-21T16:40:25.0486166Z Download action repository 'actions/cache@v4' (SHA:1bd1e32a3bdc45362d1e726936510720a7c30a57)
2025-01-21T16:40:25.1941093Z ##[group]Run ./.github/actions/setup_lfs
2025-01-21T16:40:25.1941959Z with:
2025-01-21T16:40:25.1942745Z   regression-data-repo: tardis-sn/tardis-regression-data
2025-01-21T16:40:25.1943611Z env:
2025-01-21T16:40:25.1944274Z   CACHE_NUMBER: 0
2025-01-21T16:40:25.1945904Z   PYTEST_FLAGS: --tardis-regression-data=/home/runner/work/tardis/tardis/tardis-regression-data --cov=tardis --cov-report=xml --cov-report=html --cov-append
2025-01-21T16:40:25.1947429Z   CODECOV_TOKEN: ***
2025-01-21T16:40:25.1948157Z ##[endgroup]
2025-01-21T16:40:25.2103642Z ##[group]Run actions/checkout@v4
2025-01-21T16:40:25.2104572Z with:
2025-01-21T16:40:25.2105316Z   repository: tardis-sn/tardis-regression-data
2025-01-21T16:40:25.2106167Z   path: tardis-regression-data
2025-01-21T16:40:25.2107098Z   token: ***
2025-01-21T16:40:25.2107855Z   ssh-strict: true
2025-01-21T16:40:25.2108563Z   ssh-user: git
2025-01-21T16:40:25.2109279Z   persist-credentials: true
2025-01-21T16:40:25.2110023Z   clean: true
2025-01-21T16:40:25.2110728Z   sparse-checkout-cone-mode: true
2025-01-21T16:40:25.2111500Z   fetch-depth: 1
2025-01-21T16:40:25.2112200Z   fetch-tags: false
2025-01-21T16:40:25.2112899Z   show-progress: true
2025-01-21T16:40:25.2113610Z   lfs: false
2025-01-21T16:40:25.2114285Z   submodules: false
2025-01-21T16:40:25.2115116Z   set-safe-directory: true
2025-01-21T16:40:25.2115836Z env:
2025-01-21T16:40:25.2116491Z   CACHE_NUMBER: 0
2025-01-21T16:40:25.2117744Z   PYTEST_FLAGS: --tardis-regression-data=/home/runner/work/tardis/tardis/tardis-regression-data --cov=tardis --cov-report=xml --cov-report=html --cov-append
2025-01-21T16:40:25.2119131Z   CODECOV_TOKEN: ***
2025-01-21T16:40:25.2119834Z ##[endgroup]
2025-01-21T16:40:25.3045885Z Syncing repository: tardis-sn/tardis-regression-data
2025-01-21T16:40:25.3052779Z ##[group]Getting Git version info
2025-01-21T16:40:25.3054607Z Working directory is '/home/runner/work/tardis/tardis/tardis-regression-data'
2025-01-21T16:40:25.3096904Z [command]/usr/bin/git version
2025-01-21T16:40:25.3132200Z git version 2.47.1
2025-01-21T16:40:25.3157297Z ##[endgroup]
2025-01-21T16:40:25.3170033Z Temporarily overriding HOME='/home/runner/work/_temp/e066e401-cfd5-4391-b399-1716c0fae4b1' before making global git config changes
2025-01-21T16:40:25.3171544Z Adding repository directory to the temporary git global config as a safe directory
2025-01-21T16:40:25.3182246Z [command]/usr/bin/git config --global --add safe.directory /home/runner/work/tardis/tardis/tardis-regression-data
2025-01-21T16:40:25.3211453Z ##[group]Initializing the repository
2025-01-21T16:40:25.3216476Z [command]/usr/bin/git init /home/runner/work/tardis/tardis/tardis-regression-data
2025-01-21T16:40:25.3251887Z hint: Using 'master' as the name for the initial branch. This default branch name
2025-01-21T16:40:25.3253842Z hint: is subject to change. To configure the initial branch name to use in all
2025-01-21T16:40:25.3256526Z hint: of your new repositories, which will suppress this warning, call:
2025-01-21T16:40:25.3258172Z hint:
2025-01-21T16:40:25.3259590Z hint: 	git config --global init.defaultBranch <name>
2025-01-21T16:40:25.3261072Z hint:
2025-01-21T16:40:25.3262509Z hint: Names commonly chosen instead of 'master' are 'main', 'trunk' and
2025-01-21T16:40:25.3264588Z hint: 'development'. The just-created branch can be renamed via this command:
2025-01-21T16:40:25.3266290Z hint:
2025-01-21T16:40:25.3267501Z hint: 	git branch -m <name>
2025-01-21T16:40:25.3269217Z Initialized empty Git repository in /home/runner/work/tardis/tardis/tardis-regression-data/.git/
2025-01-21T16:40:25.3272663Z [command]/usr/bin/git remote add origin https://github.com/tardis-sn/tardis-regression-data
2025-01-21T16:40:25.3300374Z ##[endgroup]
2025-01-21T16:40:25.3302362Z ##[group]Disabling automatic garbage collection
2025-01-21T16:40:25.3305155Z [command]/usr/bin/git config --local gc.auto 0
2025-01-21T16:40:25.3334618Z ##[endgroup]
2025-01-21T16:40:25.3336629Z ##[group]Setting up auth
2025-01-21T16:40:25.3341368Z [command]/usr/bin/git config --local --name-only --get-regexp core\.sshCommand
2025-01-21T16:40:25.3371284Z [command]/usr/bin/git submodule foreach --recursive sh -c "git config --local --name-only --get-regexp 'core\.sshCommand' && git config --local --unset-all 'core.sshCommand' || :"
2025-01-21T16:40:25.3595567Z [command]/usr/bin/git config --local --name-only --get-regexp http\.https\:\/\/github\.com\/\.extraheader
2025-01-21T16:40:25.3626696Z [command]/usr/bin/git submodule foreach --recursive sh -c "git config --local --name-only --get-regexp 'http\.https\:\/\/github\.com\/\.extraheader' && git config --local --unset-all 'http.https://github.com/.extraheader' || :"
2025-01-21T16:40:25.3860662Z [command]/usr/bin/git config --local http.https://github.com/.extraheader AUTHORIZATION: basic ***
2025-01-21T16:40:25.3897565Z ##[endgroup]
2025-01-21T16:40:25.3898334Z ##[group]Determining the default branch
2025-01-21T16:40:25.3901165Z Retrieving the default branch name
2025-01-21T16:40:25.6209046Z Default branch 'main'
2025-01-21T16:40:25.6210556Z ##[endgroup]
2025-01-21T16:40:25.6211613Z ##[group]Fetching the repository
2025-01-21T16:40:25.6219606Z [command]/usr/bin/git -c protocol.version=2 fetch --no-tags --prune --no-recurse-submodules --depth=1 origin +refs/heads/main:refs/remotes/origin/main
2025-01-21T16:40:25.9482610Z From https://github.com/tardis-sn/tardis-regression-data
2025-01-21T16:40:25.9485327Z  * [new branch]      main       -> origin/main
2025-01-21T16:40:25.9508062Z ##[endgroup]
2025-01-21T16:40:25.9508849Z ##[group]Determining the checkout info
2025-01-21T16:40:25.9511144Z ##[endgroup]
2025-01-21T16:40:25.9516803Z [command]/usr/bin/git sparse-checkout disable
2025-01-21T16:40:25.9554679Z [command]/usr/bin/git config --local --unset-all extensions.worktreeConfig
2025-01-21T16:40:25.9582425Z ##[group]Checking out the ref
2025-01-21T16:40:25.9587177Z [command]/usr/bin/git checkout --progress --force -B main refs/remotes/origin/main
2025-01-21T16:40:26.5218809Z Switched to a new branch 'main'
2025-01-21T16:40:26.5220266Z branch 'main' set up to track 'origin/main'.
2025-01-21T16:40:26.5493670Z ##[endgroup]
2025-01-21T16:40:26.5535915Z [command]/usr/bin/git log -1 --format=%H
2025-01-21T16:40:26.5558111Z fa7729bc9c30e14b69acd641af8b692b56fcd416
2025-01-21T16:40:26.5688028Z ##[group]Run git lfs ls-files -l | cut -d' ' -f1 | sort > .lfs-assets-id
2025-01-21T16:40:26.5688609Z [36;1mgit lfs ls-files -l | cut -d' ' -f1 | sort > .lfs-assets-id[0m
2025-01-21T16:40:26.5720468Z shell: /usr/bin/bash --noprofile --norc -e -o pipefail {0}
2025-01-21T16:40:26.5720843Z env:
2025-01-21T16:40:26.5721005Z   CACHE_NUMBER: 0
2025-01-21T16:40:26.5721662Z   PYTEST_FLAGS: --tardis-regression-data=/home/runner/work/tardis/tardis/tardis-regression-data --cov=tardis --cov-report=xml --cov-report=html --cov-append
2025-01-21T16:40:26.5722513Z   CODECOV_TOKEN: ***
2025-01-21T16:40:26.5722741Z ##[endgroup]
2025-01-21T16:40:26.7199652Z ##[group]Run actions/cache/restore@v4
2025-01-21T16:40:26.7200035Z with:
2025-01-21T16:40:26.7200300Z   path: tardis-regression-data/.git/lfs
2025-01-21T16:40:26.7200904Z   key: Linux-lfs-21f9fa4b6817cc69b9fae3598144724da7828e276a73bd17f47a2a49d9af090a-v1
2025-01-21T16:40:26.7201505Z   enableCrossOsArchive: false
2025-01-21T16:40:26.7201834Z   fail-on-cache-miss: false
2025-01-21T16:40:26.7202138Z   lookup-only: false
2025-01-21T16:40:26.7202424Z env:
2025-01-21T16:40:26.7202648Z   CACHE_NUMBER: 0
2025-01-21T16:40:26.7203521Z   PYTEST_FLAGS: --tardis-regression-data=/home/runner/work/tardis/tardis/tardis-regression-data --cov=tardis --cov-report=xml --cov-report=html --cov-append
2025-01-21T16:40:26.7204909Z   CODECOV_TOKEN: ***
2025-01-21T16:40:26.7205218Z ##[endgroup]
2025-01-21T16:40:28.0015270Z Received 343932928 of 1708418946 (20.1%), 326.4 MBs/sec
2025-01-21T16:40:29.0060571Z Received 784334848 of 1708418946 (45.9%), 372.3 MBs/sec
2025-01-21T16:40:30.0063798Z Received 1233125376 of 1708418946 (72.2%), 390.7 MBs/sec
2025-01-21T16:40:31.0142517Z Received 1585446912 of 1708418946 (92.8%), 376.3 MBs/sec
2025-01-21T16:40:31.3119534Z Cache Size: ~1629 MB (1708418946 B)
2025-01-21T16:40:31.3175901Z [command]/usr/bin/tar -xf /home/runner/work/_temp/a007545a-5379-4bc4-894c-fb3c56a8926f/cache.tzst -P -C /home/runner/work/tardis/tardis --use-compress-program unzstd
2025-01-21T16:40:32.0150086Z Received 1708418946 of 1708418946 (100.0%), 324.7 MBs/sec
2025-01-21T16:40:37.6851266Z Cache restored successfully
2025-01-21T16:40:38.0154159Z Cache restored from key: Linux-lfs-21f9fa4b6817cc69b9fae3598144724da7828e276a73bd17f47a2a49d9af090a-v1
2025-01-21T16:40:38.0330144Z ##[group]Run git lfs checkout
2025-01-21T16:40:38.0330430Z [36;1mgit lfs checkout[0m
2025-01-21T16:40:38.0357260Z shell: /usr/bin/bash --noprofile --norc -e -o pipefail {0}
2025-01-21T16:40:38.0357598Z env:
2025-01-21T16:40:38.0357776Z   CACHE_NUMBER: 0
2025-01-21T16:40:38.0358428Z   PYTEST_FLAGS: --tardis-regression-data=/home/runner/work/tardis/tardis/tardis-regression-data --cov=tardis --cov-report=xml --cov-report=html --cov-append
2025-01-21T16:40:38.0359244Z   CODECOV_TOKEN: ***
2025-01-21T16:40:38.0359440Z ##[endgroup]
2025-01-21T16:40:49.2352545Z Checking out LFS objects: 100% (204/204), 3.5 GB | 330 MB/s, done.
