2025-01-17T13:28:42.2791377Z Requested labels: macos-latest
2025-01-17T13:28:42.2791714Z Job defined at: tardis-sn/tardis/.github/workflows/tests.yml@refs/pull/2872/merge
2025-01-17T13:28:42.2791798Z Waiting for a runner to pick up this job...
2025-01-17T13:28:42.5587981Z Job is waiting for a hosted runner to come online.
2025-01-17T13:28:45.0438678Z Job is about to start running on the hosted runner: GitHub Actions 17 (hosted)
2025-01-17T13:28:46.1164690Z Current runner version: '2.321.0'
2025-01-17T13:28:46.1180900Z ##[group]Operating System
2025-01-17T13:28:46.1181360Z macOS
2025-01-17T13:28:46.1181670Z 14.7.2
2025-01-17T13:28:46.1181980Z 23H311
2025-01-17T13:28:46.1182290Z ##[endgroup]
2025-01-17T13:28:46.1182620Z ##[group]Runner Image
2025-01-17T13:28:46.1182960Z Image: macos-14-arm64
2025-01-17T13:28:46.1183290Z Version: 20250113.751
2025-01-17T13:28:46.1183980Z Included Software: https://github.com/actions/runner-images/blob/macos-14-arm64/20250113.751/images/macos/macos-14-arm64-Readme.md
2025-01-17T13:28:46.1184930Z Image Release: https://github.com/actions/runner-images/releases/tag/macos-14-arm64%2F20250113.751
2025-01-17T13:28:46.1185510Z ##[endgroup]
2025-01-17T13:28:46.1185830Z ##[group]Runner Image Provisioner
2025-01-17T13:28:46.1186240Z 2.0.414.1+2ecee806bcbb7b5d267443ac0090547f461e95b1
2025-01-17T13:28:46.1186640Z ##[endgroup]
2025-01-17T13:28:46.1188010Z ##[group]GITHUB_TOKEN Permissions
2025-01-17T13:28:46.1189040Z Actions: read
2025-01-17T13:28:46.1189360Z Attestations: read
2025-01-17T13:28:46.1189670Z Checks: read
2025-01-17T13:28:46.1189970Z Contents: read
2025-01-17T13:28:46.1190270Z Deployments: read
2025-01-17T13:28:46.1190580Z Discussions: read
2025-01-17T13:28:46.1190890Z Issues: read
2025-01-17T13:28:46.1191190Z Metadata: read
2025-01-17T13:28:46.1191490Z Packages: read
2025-01-17T13:28:46.1191790Z Pages: read
2025-01-17T13:28:46.1192080Z PullRequests: read
2025-01-17T13:28:46.1192400Z RepositoryProjects: read
2025-01-17T13:28:46.1192730Z SecurityEvents: read
2025-01-17T13:28:46.1193050Z Statuses: read
2025-01-17T13:28:46.1193350Z ##[endgroup]
2025-01-17T13:28:46.1195110Z Secret source: None
2025-01-17T13:28:46.1195560Z Prepare workflow directory
2025-01-17T13:28:46.1532970Z Prepare all required actions
2025-01-17T13:28:46.1559470Z Getting action download info
2025-01-17T13:28:46.3348900Z Download action repository 'actions/checkout@v4' (SHA:11bd71901bbe5b1630ceea73d27597364c9af683)
2025-01-17T13:28:46.5266340Z Download action repository 'actions/upload-artifact@v4' (SHA:65c4c4a1ddee5b72f698fdd19549f0f0fb45cf08)
2025-01-17T13:28:47.7503690Z Complete job name: not continuum macos-latest 
2025-01-17T13:28:47.7882260Z ##[group]Run actions/checkout@v4
2025-01-17T13:28:47.7882800Z with:
2025-01-17T13:28:47.7883100Z   repository: tardis-sn/tardis
2025-01-17T13:28:47.7883640Z   token: ***
2025-01-17T13:28:47.7883920Z   ssh-strict: true
2025-01-17T13:28:47.7884220Z   ssh-user: git
2025-01-17T13:28:47.7884530Z   persist-credentials: true
2025-01-17T13:28:47.7884870Z   clean: true
2025-01-17T13:28:47.7885170Z   sparse-checkout-cone-mode: true
2025-01-17T13:28:47.7885540Z   fetch-depth: 1
2025-01-17T13:28:47.7885840Z   fetch-tags: false
2025-01-17T13:28:47.7886140Z   show-progress: true
2025-01-17T13:28:47.7886450Z   lfs: false
2025-01-17T13:28:47.7886750Z   submodules: false
2025-01-17T13:28:47.7887070Z   set-safe-directory: true
2025-01-17T13:28:47.7887490Z env:
2025-01-17T13:28:47.7887770Z   CACHE_NUMBER: 0
2025-01-17T13:28:47.7888630Z   PYTEST_FLAGS: --tardis-regression-data=/Users/runner/work/tardis/tardis/tardis-regression-data --cov=tardis --cov-report=xml --cov-report=html --cov-append
2025-01-17T13:28:47.7889550Z   CODECOV_TOKEN: 
2025-01-17T13:28:47.7889850Z ##[endgroup]
2025-01-17T13:28:48.1049210Z Syncing repository: tardis-sn/tardis
2025-01-17T13:28:48.1051520Z ##[group]Getting Git version info
2025-01-17T13:28:48.1052100Z Working directory is '/Users/runner/work/tardis/tardis'
2025-01-17T13:28:48.1053000Z [command]/opt/homebrew/bin/git version
2025-01-17T13:28:48.1286570Z git version 2.48.0
2025-01-17T13:28:48.1309220Z ##[endgroup]
2025-01-17T13:28:48.1318190Z Copying '/Users/runner/.gitconfig' to '/Users/runner/work/_temp/eb0f15f6-9d37-4bb2-9770-b0d08e2a1f44/.gitconfig'
2025-01-17T13:28:48.1324090Z Temporarily overriding HOME='/Users/runner/work/_temp/eb0f15f6-9d37-4bb2-9770-b0d08e2a1f44' before making global git config changes
2025-01-17T13:28:48.1325110Z Adding repository directory to the temporary git global config as a safe directory
2025-01-17T13:28:48.1327830Z [command]/opt/homebrew/bin/git config --global --add safe.directory /Users/runner/work/tardis/tardis
2025-01-17T13:28:48.1448540Z Deleting the contents of '/Users/runner/work/tardis/tardis'
2025-01-17T13:28:48.1449570Z ##[group]Initializing the repository
2025-01-17T13:28:48.1450270Z [command]/opt/homebrew/bin/git init /Users/runner/work/tardis/tardis
2025-01-17T13:28:48.1591280Z hint: Using 'master' as the name for the initial branch. This default branch name
2025-01-17T13:28:48.1592530Z hint: is subject to change. To configure the initial branch name to use in all
2025-01-17T13:28:48.1593740Z hint: of your new repositories, which will suppress this warning, call:
2025-01-17T13:28:48.1594570Z hint:
2025-01-17T13:28:48.1595800Z hint: 	git config --global init.defaultBranch <name>
2025-01-17T13:28:48.1597830Z hint:
2025-01-17T13:28:48.1602910Z hint: Names commonly chosen instead of 'master' are 'main', 'trunk' and
2025-01-17T13:28:48.1604790Z hint: 'development'. The just-created branch can be renamed via this command:
2025-01-17T13:28:48.1605550Z hint:
2025-01-17T13:28:48.1605900Z hint: 	git branch -m <name>
2025-01-17T13:28:48.1606620Z Initialized empty Git repository in /Users/runner/work/tardis/tardis/.git/
2025-01-17T13:28:48.1608550Z [command]/opt/homebrew/bin/git remote add origin https://github.com/tardis-sn/tardis
2025-01-17T13:28:48.1657780Z ##[endgroup]
2025-01-17T13:28:48.1660230Z ##[group]Disabling automatic garbage collection
2025-01-17T13:28:48.1660790Z [command]/opt/homebrew/bin/git config --local gc.auto 0
2025-01-17T13:28:48.1698100Z ##[endgroup]
2025-01-17T13:28:48.1698790Z ##[group]Setting up auth
2025-01-17T13:28:48.1703140Z [command]/opt/homebrew/bin/git config --local --name-only --get-regexp core\.sshCommand
2025-01-17T13:28:48.1763120Z [command]/opt/homebrew/bin/git submodule foreach --recursive sh -c "git config --local --name-only --get-regexp 'core\.sshCommand' && git config --local --unset-all 'core.sshCommand' || :"
2025-01-17T13:28:48.2526530Z [command]/opt/homebrew/bin/git config --local --name-only --get-regexp http\.https\:\/\/github\.com\/\.extraheader
2025-01-17T13:28:48.2569370Z [command]/opt/homebrew/bin/git submodule foreach --recursive sh -c "git config --local --name-only --get-regexp 'http\.https\:\/\/github\.com\/\.extraheader' && git config --local --unset-all 'http.https://github.com/.extraheader' || :"
2025-01-17T13:28:48.3222110Z [command]/opt/homebrew/bin/git config --local http.https://github.com/.extraheader AUTHORIZATION: basic ***
2025-01-17T13:28:48.3298960Z ##[endgroup]
2025-01-17T13:28:48.3299580Z ##[group]Fetching the repository
2025-01-17T13:28:48.3305400Z [command]/opt/homebrew/bin/git -c protocol.version=2 fetch --no-tags --prune --no-recurse-submodules --depth=1 origin +a7a3288a54b7df58ed69558af319f32580f5d322:refs/remotes/pull/2872/merge
2025-01-17T13:28:50.2120990Z From https://github.com/tardis-sn/tardis
2025-01-17T13:28:50.2122260Z  * [new ref]         a7a3288a54b7df58ed69558af319f32580f5d322 -> pull/2872/merge
2025-01-17T13:28:50.2174290Z ##[endgroup]
2025-01-17T13:28:50.2175000Z ##[group]Determining the checkout info
2025-01-17T13:28:50.2175810Z ##[endgroup]
2025-01-17T13:28:50.2178460Z [command]/opt/homebrew/bin/git sparse-checkout disable
2025-01-17T13:28:50.2237850Z [command]/opt/homebrew/bin/git config --local --unset-all extensions.worktreeConfig
2025-01-17T13:28:50.2282340Z ##[group]Checking out the ref
2025-01-17T13:28:50.2284520Z [command]/opt/homebrew/bin/git checkout --progress --force refs/remotes/pull/2872/merge
2025-01-17T13:28:50.4445990Z HEAD is now at a7a3288 Merge 7a375538634bc903bb213fc0e6f4b159b27e4f6c into 5e2d0bb3139b6cd34b9c08e22fe36d65cd9c57fa
2025-01-17T13:28:50.4461040Z ##[endgroup]
2025-01-17T13:28:50.4527570Z [command]/opt/homebrew/bin/git log -1 --format=%H
2025-01-17T13:28:50.4578620Z a7a3288a54b7df58ed69558af319f32580f5d322
2025-01-17T13:28:50.4851110Z Prepare all required actions
2025-01-17T13:28:50.4852000Z Getting action download info
2025-01-17T13:28:50.6201710Z Download action repository 'actions/cache@v4' (SHA:1bd1e32a3bdc45362d1e726936510720a7c30a57)
2025-01-17T13:28:50.7299120Z ##[group]Run ./.github/actions/setup_lfs
2025-01-17T13:28:50.7299830Z with:
2025-01-17T13:28:50.7300450Z   regression-data-repo: tardis-sn/tardis-regression-data
2025-01-17T13:28:50.7301220Z env:
2025-01-17T13:28:50.7301670Z   CACHE_NUMBER: 0
2025-01-17T13:28:50.7303170Z   PYTEST_FLAGS: --tardis-regression-data=/Users/runner/work/tardis/tardis/tardis-regression-data --cov=tardis --cov-report=xml --cov-report=html --cov-append
2025-01-17T13:28:50.7304780Z   CODECOV_TOKEN: 
2025-01-17T13:28:50.7305260Z ##[endgroup]
2025-01-17T13:28:50.7443590Z ##[group]Run actions/checkout@v4
2025-01-17T13:28:50.7444220Z with:
2025-01-17T13:28:50.7444740Z   repository: atharva-2001/tardis-regression-data
2025-01-17T13:28:50.7445470Z   path: tardis-regression-data
2025-01-17T13:28:50.7446110Z   ref: numpy_v2_2
2025-01-17T13:28:50.7446760Z   token: ***
2025-01-17T13:28:50.7447250Z   ssh-strict: true
2025-01-17T13:28:50.7447730Z   ssh-user: git
2025-01-17T13:28:50.7448280Z   persist-credentials: true
2025-01-17T13:28:50.7448820Z   clean: true
2025-01-17T13:28:50.7449320Z   sparse-checkout-cone-mode: true
2025-01-17T13:28:50.7450040Z   fetch-depth: 1
2025-01-17T13:28:50.7450520Z   fetch-tags: false
2025-01-17T13:28:50.7451020Z   show-progress: true
2025-01-17T13:28:50.7451530Z   lfs: false
2025-01-17T13:28:50.7452000Z   submodules: false
2025-01-17T13:28:50.7452500Z   set-safe-directory: true
2025-01-17T13:28:50.7453040Z env:
2025-01-17T13:28:50.7453470Z   CACHE_NUMBER: 0
2025-01-17T13:28:50.7454890Z   PYTEST_FLAGS: --tardis-regression-data=/Users/runner/work/tardis/tardis/tardis-regression-data --cov=tardis --cov-report=xml --cov-report=html --cov-append
2025-01-17T13:28:50.7456550Z   CODECOV_TOKEN: 
2025-01-17T13:28:50.7457030Z ##[endgroup]
2025-01-17T13:28:50.8250720Z Syncing repository: atharva-2001/tardis-regression-data
2025-01-17T13:28:50.8252000Z ##[group]Getting Git version info
2025-01-17T13:28:50.8253080Z Working directory is '/Users/runner/work/tardis/tardis/tardis-regression-data'
2025-01-17T13:28:50.8280490Z [command]/opt/homebrew/bin/git version
2025-01-17T13:28:50.8324690Z git version 2.48.0
2025-01-17T13:28:50.8338780Z ##[endgroup]
2025-01-17T13:28:50.8344400Z Copying '/Users/runner/.gitconfig' to '/Users/runner/work/_temp/78a56579-c73b-47c5-bf29-f334eeb27eff/.gitconfig'
2025-01-17T13:28:50.8351360Z Temporarily overriding HOME='/Users/runner/work/_temp/78a56579-c73b-47c5-bf29-f334eeb27eff' before making global git config changes
2025-01-17T13:28:50.8353050Z Adding repository directory to the temporary git global config as a safe directory
2025-01-17T13:28:50.8355100Z [command]/opt/homebrew/bin/git config --global --add safe.directory /Users/runner/work/tardis/tardis/tardis-regression-data
2025-01-17T13:28:50.8402170Z ##[group]Initializing the repository
2025-01-17T13:28:50.8406360Z [command]/opt/homebrew/bin/git init /Users/runner/work/tardis/tardis/tardis-regression-data
2025-01-17T13:28:50.8474570Z hint: Using 'master' as the name for the initial branch. This default branch name
2025-01-17T13:28:50.8476840Z hint: is subject to change. To configure the initial branch name to use in all
2025-01-17T13:28:50.8478620Z hint: of your new repositories, which will suppress this warning, call:
2025-01-17T13:28:50.8479530Z hint:
2025-01-17T13:28:50.8480110Z hint: 	git config --global init.defaultBranch <name>
2025-01-17T13:28:50.8480880Z hint:
2025-01-17T13:28:50.8481590Z hint: Names commonly chosen instead of 'master' are 'main', 'trunk' and
2025-01-17T13:28:50.8482710Z hint: 'development'. The just-created branch can be renamed via this command:
2025-01-17T13:28:50.8483590Z hint:
2025-01-17T13:28:50.8484080Z hint: 	git branch -m <name>
2025-01-17T13:28:50.8485140Z Initialized empty Git repository in /Users/runner/work/tardis/tardis/tardis-regression-data/.git/
2025-01-17T13:28:50.8488050Z [command]/opt/homebrew/bin/git remote add origin https://github.com/atharva-2001/tardis-regression-data
2025-01-17T13:28:50.8534640Z ##[endgroup]
2025-01-17T13:28:50.8535970Z ##[group]Disabling automatic garbage collection
2025-01-17T13:28:50.8537070Z [command]/opt/homebrew/bin/git config --local gc.auto 0
2025-01-17T13:28:50.8580520Z ##[endgroup]
2025-01-17T13:28:50.8581390Z ##[group]Setting up auth
2025-01-17T13:28:50.8584010Z [command]/opt/homebrew/bin/git config --local --name-only --get-regexp core\.sshCommand
2025-01-17T13:28:50.8626050Z [command]/opt/homebrew/bin/git submodule foreach --recursive sh -c "git config --local --name-only --get-regexp 'core\.sshCommand' && git config --local --unset-all 'core.sshCommand' || :"
2025-01-17T13:28:50.9189820Z [command]/opt/homebrew/bin/git config --local --name-only --get-regexp http\.https\:\/\/github\.com\/\.extraheader
2025-01-17T13:28:50.9231400Z [command]/opt/homebrew/bin/git submodule foreach --recursive sh -c "git config --local --name-only --get-regexp 'http\.https\:\/\/github\.com\/\.extraheader' && git config --local --unset-all 'http.https://github.com/.extraheader' || :"
2025-01-17T13:28:50.9716950Z [command]/opt/homebrew/bin/git config --local http.https://github.com/.extraheader AUTHORIZATION: basic ***
2025-01-17T13:28:50.9992410Z ##[endgroup]
2025-01-17T13:28:51.0004260Z ##[group]Fetching the repository
2025-01-17T13:28:51.0005420Z [command]/opt/homebrew/bin/git -c protocol.version=2 fetch --no-tags --prune --no-recurse-submodules --depth=1 origin +refs/heads/numpy_v2_2*:refs/remotes/origin/numpy_v2_2* +refs/tags/numpy_v2_2*:refs/tags/numpy_v2_2*
2025-01-17T13:28:51.8994790Z From https://github.com/atharva-2001/tardis-regression-data
2025-01-17T13:28:51.8995740Z  * [new branch]      numpy_v2_2 -> origin/numpy_v2_2
2025-01-17T13:28:51.9075490Z ##[endgroup]
2025-01-17T13:28:51.9075750Z ##[group]Determining the checkout info
2025-01-17T13:28:51.9076120Z [command]/opt/homebrew/bin/git branch --list --remote origin/numpy_v2_2
2025-01-17T13:28:51.9093000Z   origin/numpy_v2_2
2025-01-17T13:28:51.9096700Z ##[endgroup]
2025-01-17T13:28:51.9099880Z [command]/opt/homebrew/bin/git sparse-checkout disable
2025-01-17T13:28:51.9149980Z [command]/opt/homebrew/bin/git config --local --unset-all extensions.worktreeConfig
2025-01-17T13:28:51.9190460Z ##[group]Checking out the ref
2025-01-17T13:28:51.9193420Z [command]/opt/homebrew/bin/git checkout --progress --force -B numpy_v2_2 refs/remotes/origin/numpy_v2_2
2025-01-17T13:28:52.0920550Z Switched to a new branch 'numpy_v2_2'
2025-01-17T13:28:52.0923140Z branch 'numpy_v2_2' set up to track 'origin/numpy_v2_2'.
2025-01-17T13:28:52.1734180Z ##[endgroup]
2025-01-17T13:28:52.1801920Z [command]/opt/homebrew/bin/git log -1 --format=%H
2025-01-17T13:28:52.1855960Z 1b733c351f2eb90190b8c0228dc6b4d32242ad4e
2025-01-17T13:28:52.1935330Z ##[group]Run git lfs ls-files -l | cut -d' ' -f1 | sort > .lfs-assets-id
2025-01-17T13:28:52.1935770Z [36;1mgit lfs ls-files -l | cut -d' ' -f1 | sort > .lfs-assets-id[0m
2025-01-17T13:28:52.1995670Z shell: /bin/bash --noprofile --norc -e -o pipefail {0}
2025-01-17T13:28:52.1995950Z env:
2025-01-17T13:28:52.1996130Z   CACHE_NUMBER: 0
2025-01-17T13:28:52.1996610Z   PYTEST_FLAGS: --tardis-regression-data=/Users/runner/work/tardis/tardis/tardis-regression-data --cov=tardis --cov-report=xml --cov-report=html --cov-append
2025-01-17T13:28:52.1997310Z   CODECOV_TOKEN: 
2025-01-17T13:28:52.1997440Z ##[endgroup]
2025-01-17T13:28:52.4158230Z ##[group]Run actions/cache/restore@v4
2025-01-17T13:28:52.4158450Z with:
2025-01-17T13:28:52.4158580Z   path: tardis-regression-data/.git/lfs
2025-01-17T13:28:52.4158920Z   key: macOS-lfs-da2b5f2a10e913c6b13843a5855aea2bb20264b467d915063c23fa8ba1af31fb-v1
2025-01-17T13:28:52.4159230Z   enableCrossOsArchive: false
2025-01-17T13:28:52.4159400Z   fail-on-cache-miss: false
2025-01-17T13:28:52.4159570Z   lookup-only: false
2025-01-17T13:28:52.4159710Z env:
2025-01-17T13:28:52.4159820Z   CACHE_NUMBER: 0
2025-01-17T13:28:52.4160640Z   PYTEST_FLAGS: --tardis-regression-data=/Users/runner/work/tardis/tardis/tardis-regression-data --cov=tardis --cov-report=xml --cov-report=html --cov-append
2025-01-17T13:28:52.4161120Z   CODECOV_TOKEN: 
2025-01-17T13:28:52.4161450Z ##[endgroup]
2025-01-17T13:28:52.7523090Z Cache not found for input keys: macOS-lfs-da2b5f2a10e913c6b13843a5855aea2bb20264b467d915063c23fa8ba1af31fb-v1
2025-01-17T13:28:52.7584680Z ##[group]Run git lfs pull
2025-01-17T13:28:52.7584890Z [36;1mgit lfs pull[0m
2025-01-17T13:28:52.7632510Z shell: /bin/bash --noprofile --norc -e -o pipefail {0}
2025-01-17T13:28:52.7632770Z env:
2025-01-17T13:28:52.7632910Z   CACHE_NUMBER: 0
2025-01-17T13:28:52.7633410Z   PYTEST_FLAGS: --tardis-regression-data=/Users/runner/work/tardis/tardis/tardis-regression-data --cov=tardis --cov-report=xml --cov-report=html --cov-append
2025-01-17T13:28:52.7633930Z   CODECOV_TOKEN: 
2025-01-17T13:28:52.7634070Z ##[endgroup]
2025-01-17T13:30:31.3326830Z Prepare all required actions
2025-01-17T13:30:31.3327390Z Getting action download info
2025-01-17T13:30:31.5736140Z Download action repository 'mamba-org/setup-micromamba@v1' (SHA:4b9113af4fba0e9e1124b252dd6497a419e7396d)
2025-01-17T13:30:33.1346210Z ##[group]Run ./.github/actions/setup_env
2025-01-17T13:30:33.1346570Z with:
2025-01-17T13:30:33.1346690Z   os-label: osx-arm64
2025-01-17T13:30:33.1346820Z env:
2025-01-17T13:30:33.1346920Z   CACHE_NUMBER: 0
2025-01-17T13:30:33.1347380Z   PYTEST_FLAGS: --tardis-regression-data=/Users/runner/work/tardis/tardis/tardis-regression-data --cov=tardis --cov-report=xml --cov-report=html --cov-append
2025-01-17T13:30:33.1347860Z   CODECOV_TOKEN: 
2025-01-17T13:30:33.1347990Z ##[endgroup]
2025-01-17T13:30:33.1365610Z ##[group]Run file_hash=$(cat conda-osx-arm64.lock | shasum -a 256 | cut -d' ' -f1)
2025-01-17T13:30:33.1366010Z [36;1mfile_hash=$(cat conda-osx-arm64.lock | shasum -a 256 | cut -d' ' -f1)[0m
2025-01-17T13:30:33.1366380Z [36;1mecho "file_hash=$file_hash" >> "${GITHUB_OUTPUT}"[0m
2025-01-17T13:30:33.1414710Z shell: /bin/bash --noprofile --norc -e -o pipefail {0}
2025-01-17T13:30:33.1414930Z env:
2025-01-17T13:30:33.1415050Z   CACHE_NUMBER: 0
2025-01-17T13:30:33.1415500Z   PYTEST_FLAGS: --tardis-regression-data=/Users/runner/work/tardis/tardis/tardis-regression-data --cov=tardis --cov-report=xml --cov-report=html --cov-append
2025-01-17T13:30:33.1416000Z   CODECOV_TOKEN: 
2025-01-17T13:30:33.1416150Z ##[endgroup]
2025-01-17T13:30:33.2873400Z ##[group]Run mamba-org/setup-micromamba@v1
2025-01-17T13:30:33.2873630Z with:
2025-01-17T13:30:33.2873790Z   environment-file: conda-osx-arm64.lock
2025-01-17T13:30:33.2874140Z   cache-environment-key: 0e90ab39d9c8a4d21efda5ebb90b1110d5010505482282c563c6db1d3511da02
2025-01-17T13:30:33.2874600Z   cache-downloads-key: 0e90ab39d9c8a4d21efda5ebb90b1110d5010505482282c563c6db1d3511da02
2025-01-17T13:30:33.2874920Z   environment-name: tardis
2025-01-17T13:30:33.2875100Z   cache-environment: true
2025-01-17T13:30:33.2875300Z   cache-downloads: true
2025-01-17T13:30:33.2875450Z env:
2025-01-17T13:30:33.2875570Z   CACHE_NUMBER: 0
2025-01-17T13:30:33.2876040Z   PYTEST_FLAGS: --tardis-regression-data=/Users/runner/work/tardis/tardis/tardis-regression-data --cov=tardis --cov-report=xml --cov-report=html --cov-append
2025-01-17T13:30:33.2876570Z   CODECOV_TOKEN: 
2025-01-17T13:30:33.2876730Z ##[endgroup]
2025-01-17T13:30:33.8520570Z Will download micromamba to /Users/runner/micromamba-bin/micromamba
2025-01-17T13:30:33.8525120Z ##[group]Install micromamba
2025-01-17T13:30:34.6181740Z micromamba installed to /Users/runner/micromamba-bin/micromamba
2025-01-17T13:30:34.6182390Z ##[endgroup]
2025-01-17T13:30:34.6182670Z Adding conda-forge to condarc channels ...
2025-01-17T13:30:34.6280990Z ##[group]Initialize micromamba for bash.
2025-01-17T13:30:34.6289860Z [command]/Users/runner/micromamba-bin/micromamba shell init -s bash -r /Users/runner/micromamba --log-level warning --rc-file /Users/runner/work/_temp/setup-micromamba/.condarc
2025-01-17T13:30:34.6492090Z Modifying RC file "/Users/runner/.bash_profile"
2025-01-17T13:30:34.6493910Z Generating config for root prefix [1m"/Users/runner/micromamba"[0m
2025-01-17T13:30:34.6494400Z Setting mamba executable to: [1m"/Users/runner/micromamba-bin/micromamba"[0m
2025-01-17T13:30:34.6496210Z Adding (or replacing) the following in your "/Users/runner/.bash_profile" file
2025-01-17T13:30:34.6496470Z 
2025-01-17T13:30:34.6496550Z # >>> mamba initialize >>>
2025-01-17T13:30:34.6496780Z # !! Contents within this block are managed by 'mamba init' !!
2025-01-17T13:30:34.6497100Z export MAMBA_EXE='/Users/runner/micromamba-bin/micromamba';
2025-01-17T13:30:34.6497410Z export MAMBA_ROOT_PREFIX='/Users/runner/micromamba';
2025-01-17T13:30:34.6497800Z __mamba_setup="$("$MAMBA_EXE" shell hook --shell bash --root-prefix "$MAMBA_ROOT_PREFIX" 2> /dev/null)"
2025-01-17T13:30:34.6498180Z if [ $? -eq 0 ]; then
2025-01-17T13:30:34.6498420Z     eval "$__mamba_setup"
2025-01-17T13:30:34.6499090Z else
2025-01-17T13:30:34.6499470Z     alias micromamba="$MAMBA_EXE"  # Fallback on help from mamba activate
2025-01-17T13:30:34.6499860Z fi
2025-01-17T13:30:34.6500040Z unset __mamba_setup
2025-01-17T13:30:34.6500340Z # <<< mamba initialize <<<
2025-01-17T13:30:34.6500450Z 
2025-01-17T13:30:34.6501410Z ##[endgroup]
2025-01-17T13:30:34.6502320Z ##[group]Restoring downloads from `/Users/runner/micromamba/pkgs` ...
2025-01-17T13:30:36.0210310Z Received 33554432 of 339142917 (9.9%), 32.0 MBs/sec
2025-01-17T13:30:37.0312500Z Received 83886080 of 339142917 (24.7%), 39.9 MBs/sec
2025-01-17T13:30:38.0318900Z Received 146800640 of 339142917 (43.3%), 46.6 MBs/sec
2025-01-17T13:30:39.0355850Z Received 209715200 of 339142917 (61.8%), 49.9 MBs/sec
2025-01-17T13:30:40.0279850Z Received 264241152 of 339142917 (77.9%), 50.3 MBs/sec
2025-01-17T13:30:41.0005260Z Cache Size: ~323 MB (339142917 B)
2025-01-17T13:30:41.0042950Z [command]/opt/homebrew/bin/gtar -xf /Users/runner/work/_temp/25f5ea0c-bf30-4a75-9c9e-3a938a48ff75/cache.tzst -P -C /Users/runner/work/tardis/tardis --delay-directory-restore --use-compress-program unzstd
2025-01-17T13:30:41.0311690Z Received 339142917 of 339142917 (100.0%), 53.8 MBs/sec
2025-01-17T13:30:41.5799040Z Cache restored successfully
2025-01-17T13:30:41.5832010Z Restored cache with key `0e90ab39d9c8a4d21efda5ebb90b1110d5010505482282c563c6db1d3511da02-osx-arm64`
2025-01-17T13:30:41.5833230Z ##[endgroup]
2025-01-17T13:30:41.5857080Z ##[group]Restoring environment `tardis` from `/Users/runner/micromamba/envs/tardis` ...
2025-01-17T13:30:42.9153850Z Received 37748736 of 424655007 (8.9%), 36.0 MBs/sec
2025-01-17T13:30:43.9174300Z Received 100663296 of 424655007 (23.7%), 48.0 MBs/sec
2025-01-17T13:30:44.9179180Z Received 163577856 of 424655007 (38.5%), 51.9 MBs/sec
2025-01-17T13:30:45.9298180Z Received 222298112 of 424655007 (52.3%), 52.9 MBs/sec
2025-01-17T13:30:46.9182120Z Received 285212672 of 424655007 (67.2%), 54.3 MBs/sec
2025-01-17T13:30:47.9474470Z Received 356515840 of 424655007 (84.0%), 56.4 MBs/sec
2025-01-17T13:30:48.9396500Z Cache Size: ~405 MB (424655007 B)
2025-01-17T13:30:48.9400580Z Received 424655007 of 424655007 (100.0%), 57.6 MBs/sec
2025-01-17T13:30:48.9481590Z [command]/opt/homebrew/bin/gtar -xf /Users/runner/work/_temp/5c341e84-3c5f-4ca8-877d-601ebae1ab16/cache.tzst -P -C /Users/runner/work/tardis/tardis --delay-directory-restore --use-compress-program unzstd
2025-01-17T13:31:03.9702630Z Cache restored successfully
2025-01-17T13:31:04.0032640Z Restored cache with key `0e90ab39d9c8a4d21efda5ebb90b1110d5010505482282c563c6db1d3511da02-osx-arm64-tardis-args-4f53cda-root-873f6fe-bin-[object Promise]-file-0e90ab39d9c8a4d21efda5ebb90b1110d5010505482282c563c6db1d3511da02`
2025-01-17T13:31:04.0133260Z ##[endgroup]
2025-01-17T13:31:04.0235860Z Adding environment tardis to auto-activate bash ...
2025-01-17T13:31:04.0548530Z Generating micromamba run shell.
2025-01-17T13:31:04.1335020Z ##[endgroup]
2025-01-17T13:31:04.1650850Z Set environment variables.
2025-01-17T13:31:04.1652280Z ##[group]micromamba info
2025-01-17T13:31:04.1657320Z [command]/Users/runner/micromamba-bin/micromamba info -r /Users/runner/micromamba -n tardis
2025-01-17T13:31:04.4889620Z 
2025-01-17T13:31:04.4893340Z        libmamba version : 1.5.10
2025-01-17T13:31:04.4895290Z      micromamba version : 1.5.10
2025-01-17T13:31:04.4906130Z            curl version : libcurl/8.10.1 (OpenSSL/3.3.2) SecureTransport zlib/1.3.1 zstd/1.5.6 libssh2/1.11.0 nghttp2/1.58.0
2025-01-17T13:31:04.4909990Z      libarchive version : libarchive 3.7.4 zlib/1.2.13 bz2lib/1.0.8 libzstd/1.5.6
2025-01-17T13:31:04.4911370Z        envs directories : /Users/runner/micromamba/envs
2025-01-17T13:31:04.4911700Z           package cache : /Users/runner/micromamba/pkgs
2025-01-17T13:31:04.4912190Z                           /Users/runner/.mamba/pkgs
2025-01-17T13:31:04.4912470Z             environment : tardis
2025-01-17T13:31:04.4912830Z            env location : /Users/runner/micromamba/envs/tardis
2025-01-17T13:31:04.4919600Z       user config files : /Users/runner/.mambarc
2025-01-17T13:31:04.4920180Z  populated config files : /Users/runner/work/_temp/setup-micromamba/.condarc
2025-01-17T13:31:04.4920970Z        virtual packages : __unix=0=0
2025-01-17T13:31:04.4921240Z                           __osx=14.7.2=0
2025-01-17T13:31:04.4921720Z                           __archspec=1=arm64
2025-01-17T13:31:04.4922260Z                channels : https://conda.anaconda.org/conda-forge/osx-arm64
2025-01-17T13:31:04.4922670Z                           https://conda.anaconda.org/conda-forge/noarch
2025-01-17T13:31:04.4922970Z        base environment : /Users/runner/micromamba
2025-01-17T13:31:04.4924730Z                platform : osx-arm64
2025-01-17T13:31:04.4925560Z ##[endgroup]
2025-01-17T13:31:04.4925990Z ##[group]micromamba list
2025-01-17T13:31:04.4929150Z [command]/Users/runner/micromamba-bin/micromamba list -r /Users/runner/micromamba -n tardis
2025-01-17T13:31:05.4104310Z List of packages in environment: "/Users/runner/micromamba/envs/tardis"
2025-01-17T13:31:05.4104630Z 
2025-01-17T13:31:05.4104950Z   Name                           Version              Build                    Channel    
2025-01-17T13:31:05.4106190Z â”€â”€â”€â”€â”€â”€â”€â”€â”€â”€â”€â”€â”€â”€â”€â”€â”€â”€â”€â”€â”€â”€â”€â”€â”€â”€â”€â”€â”€â”€â”€â”€â”€â”€â”€â”€â”€â”€â”€â”€â”€â”€â”€â”€â”€â”€â”€â”€â”€â”€â”€â”€â”€â”€â”€â”€â”€â”€â”€â”€â”€â”€â”€â”€â”€â”€â”€â”€â”€â”€â”€â”€â”€â”€â”€â”€â”€â”€â”€â”€â”€â”€â”€â”€â”€â”€â”€â”€â”€â”€â”€â”€
2025-01-17T13:31:05.4106700Z   accessible-pygments            0.0.5                pyhd8ed1ab_1             conda-forge
2025-01-17T13:31:05.4107130Z   alabaster                      0.7.16               pyhd8ed1ab_0             conda-forge
2025-01-17T13:31:05.4107550Z   anyio                          4.4.0                pyhd8ed1ab_0             conda-forge
2025-01-17T13:31:05.4108030Z   appnope                        0.1.4                pyhd8ed1ab_1             conda-forge
2025-01-17T13:31:05.4108470Z   argon2-cffi                    23.1.0               pyhd8ed1ab_1             conda-forge
2025-01-17T13:31:05.4108960Z   argon2-cffi-bindings           21.2.0               py312h024a12e_5          conda-forge
2025-01-17T13:31:05.4109430Z   arrow                          1.3.0                pyhd8ed1ab_1             conda-forge
2025-01-17T13:31:05.4109920Z   astropy                        6.1.1                py312hbebd99a_1          conda-forge
2025-01-17T13:31:05.4110450Z   astropy-iers-data              0.2024.6.17.0.31.35  pyhd8ed1ab_0             conda-forge
2025-01-17T13:31:05.4110940Z   astropy-sphinx-theme           1.1                  pyhd8ed1ab_1             conda-forge
2025-01-17T13:31:05.4111430Z   asttokens                      2.4.1                pyhd8ed1ab_0             conda-forge
2025-01-17T13:31:05.4111840Z   async-lru                      2.0.4                pyhd8ed1ab_1             conda-forge
2025-01-17T13:31:05.4112300Z   atk-1.0                        2.38.0               hd03087b_2               conda-forge
2025-01-17T13:31:05.4112710Z   attrs                          23.2.0               pyh71513ae_0             conda-forge
2025-01-17T13:31:05.4113150Z   babel                          2.14.0               pyhd8ed1ab_0             conda-forge
2025-01-17T13:31:05.4115310Z   beautifulsoup4                 4.12.3               pyha770c72_1             conda-forge
2025-01-17T13:31:05.4115760Z   bleach                         6.1.0                pyhd8ed1ab_0             conda-forge
2025-01-17T13:31:05.4116140Z   blosc                          1.21.6               h7dd00d9_1               conda-forge
2025-01-17T13:31:05.4117260Z   bokeh                          3.6.2                pyhd8ed1ab_1             conda-forge
2025-01-17T13:31:05.4117610Z   brotli                         1.1.0                hd74edd7_2               conda-forge
2025-01-17T13:31:05.4117990Z   brotli-bin                     1.1.0                hd74edd7_2               conda-forge
2025-01-17T13:31:05.4118410Z   brotli-python                  1.1.0                py312hde4cb15_2          conda-forge
2025-01-17T13:31:05.4118760Z   bzip2                          1.0.8                h99b78c6_7               conda-forge
2025-01-17T13:31:05.4119780Z   c-ares                         1.28.1               h93a5062_0               conda-forge
2025-01-17T13:31:05.4120300Z   c-blosc2                       2.15.2               h9cbb436_1               conda-forge
2025-01-17T13:31:05.4120950Z   ca-certificates                2024.12.14           hf0a4a13_0               conda-forge
2025-01-17T13:31:05.4121640Z   cached-property                1.5.2                hd8ed1ab_1               conda-forge
2025-01-17T13:31:05.4122180Z   cached_property                1.5.2                pyha770c72_1             conda-forge
2025-01-17T13:31:05.4122650Z   cairo                          1.18.0               hc6c324b_2               conda-forge
2025-01-17T13:31:05.4123190Z   certifi                        2024.12.14           pyhd8ed1ab_0             conda-forge
2025-01-17T13:31:05.4123650Z   cffi                           1.16.0               py312h8e38eb3_0          conda-forge
2025-01-17T13:31:05.4124090Z   charset-normalizer             3.3.2                pyhd8ed1ab_0             conda-forge
2025-01-17T13:31:05.4124680Z   click                          8.1.7                unix_pyh707e725_1        conda-forge
2025-01-17T13:31:05.4125130Z   codespell                      2.3.0                pyhd8ed1ab_1             conda-forge
2025-01-17T13:31:05.4125690Z   colorama                       0.4.6                pyhd8ed1ab_1             conda-forge
2025-01-17T13:31:05.4126070Z   comm                           0.2.2                pyhd8ed1ab_1             conda-forge
2025-01-17T13:31:05.4126490Z   commonmark                     0.9.1                py_0                     conda-forge
2025-01-17T13:31:05.4126950Z   contourpy                      1.2.1                py312h0fef576_0          conda-forge
2025-01-17T13:31:05.4127510Z   coverage                       7.5.3                py312h7e5086c_0          conda-forge
2025-01-17T13:31:05.4127950Z   cycler                         0.12.1               pyhd8ed1ab_1             conda-forge
2025-01-17T13:31:05.4128420Z   dataclasses                    0.8                  pyhc8e2a94_3             conda-forge
2025-01-17T13:31:05.4128970Z   debugpy                        1.8.1                py312h20a0b95_0          conda-forge
2025-01-17T13:31:05.4129360Z   decorator                      5.1.1                pyhd8ed1ab_1             conda-forge
2025-01-17T13:31:05.4129810Z   defusedxml                     0.7.1                pyhd8ed1ab_0             conda-forge
2025-01-17T13:31:05.4130180Z   docutils                       0.20.1               py312h81bd7bf_3          conda-forge
2025-01-17T13:31:05.4130590Z   dot2tex                        2.11.3               pyhd8ed1ab_1             conda-forge
2025-01-17T13:31:05.4130960Z   entrypoints                    0.4                  pyhd8ed1ab_1             conda-forge
2025-01-17T13:31:05.4131550Z   exceptiongroup                 1.2.0                pyhd8ed1ab_2             conda-forge
2025-01-17T13:31:05.4132010Z   executing                      2.0.1                pyhd8ed1ab_0             conda-forge
2025-01-17T13:31:05.4132570Z   expat                          2.6.2                hebf3989_0               conda-forge
2025-01-17T13:31:05.4133280Z   font-ttf-dejavu-sans-mono      2.37                 hab24e00_0               conda-forge
2025-01-17T13:31:05.4133840Z   font-ttf-inconsolata           3.000                h77eed37_0               conda-forge
2025-01-17T13:31:05.4134840Z   font-ttf-source-code-pro       2.038                h77eed37_0               conda-forge
2025-01-17T13:31:05.4135410Z   font-ttf-ubuntu                0.83                 h77eed37_3               conda-forge
2025-01-17T13:31:05.4135800Z   fontconfig                     2.14.2               h82840c6_0               conda-forge
2025-01-17T13:31:05.4136240Z   fonts-conda-ecosystem          1                    0                        conda-forge
2025-01-17T13:31:05.4136640Z   fonts-conda-forge              1                    0                        conda-forge
2025-01-17T13:31:05.4137180Z   fonttools                      4.53.0               py312h7e5086c_0          conda-forge
2025-01-17T13:31:05.4137510Z   fqdn                           1.5.1                pyhd8ed1ab_1             conda-forge
2025-01-17T13:31:05.4137930Z   freetype                       2.12.1               hadb7bae_2               conda-forge
2025-01-17T13:31:05.4138260Z   fribidi                        1.0.10               h27ca646_0               conda-forge
2025-01-17T13:31:05.4138620Z   future                         1.0.0                pyhd8ed1ab_1             conda-forge
2025-01-17T13:31:05.4139330Z   gdk-pixbuf                     2.42.12              h7ddc832_0               conda-forge
2025-01-17T13:31:05.4139820Z   gettext                        0.22.5               h8414b35_3               conda-forge
2025-01-17T13:31:05.4140160Z   gettext-tools                  0.22.5               h8414b35_3               conda-forge
2025-01-17T13:31:05.4140610Z   giflib                         5.2.2                h93a5062_0               conda-forge
2025-01-17T13:31:05.4140950Z   git-lfs                        3.5.1                h40ddcf5_1               conda-forge
2025-01-17T13:31:05.4141340Z   gmp                            6.3.0                h7bae524_2               conda-forge
2025-01-17T13:31:05.4141680Z   gmpy2                          2.1.5                py312h524cf62_3          conda-forge
2025-01-17T13:31:05.4142100Z   graphite2                      1.3.13               hebf3989_1003            conda-forge
2025-01-17T13:31:05.4142510Z   graphviz                       11.0.0               h9bb9bc9_0               conda-forge
2025-01-17T13:31:05.4142910Z   greenlet                       3.1.1                py312hd8f9ff3_1          conda-forge
2025-01-17T13:31:05.4143370Z   gtk2                           2.24.33              h7895bb2_4               conda-forge
2025-01-17T13:31:05.4143780Z   gts                            0.7.6                he42f4ea_4               conda-forge
2025-01-17T13:31:05.4144090Z   h11                            0.14.0               pyhd8ed1ab_1             conda-forge
2025-01-17T13:31:05.4145270Z   h2                             4.1.0                pyhd8ed1ab_1             conda-forge
2025-01-17T13:31:05.4145770Z   h5py                           3.11.0               nompi_py312h3cd0824_103  conda-forge
2025-01-17T13:31:05.4146370Z   harfbuzz                       8.5.0                h1836168_0               conda-forge
2025-01-17T13:31:05.4146690Z   hdf5                           1.14.3               nompi_hec07895_105       conda-forge
2025-01-17T13:31:05.4147110Z   hpack                          4.0.0                pyhd8ed1ab_1             conda-forge
2025-01-17T13:31:05.4147430Z   httpcore                       1.0.5                pyhd8ed1ab_0             conda-forge
2025-01-17T13:31:05.4147870Z   httpx                          0.27.0               pyhd8ed1ab_0             conda-forge
2025-01-17T13:31:05.4148270Z   hyperframe                     6.0.1                pyhd8ed1ab_1             conda-forge
2025-01-17T13:31:05.4148600Z   icu                            73.2                 hc8870d7_0               conda-forge
2025-01-17T13:31:05.4148980Z   idna                           3.7                  pyhd8ed1ab_0             conda-forge
2025-01-17T13:31:05.4149300Z   imagesize                      1.4.1                pyhd8ed1ab_0             conda-forge
2025-01-17T13:31:05.4150090Z   importlib-metadata             7.1.0                pyha770c72_0             conda-forge
2025-01-17T13:31:05.4150470Z   importlib_metadata             7.1.0                hd8ed1ab_0               conda-forge
2025-01-17T13:31:05.4151030Z   importlib_resources            6.4.0                pyhd8ed1ab_0             conda-forge
2025-01-17T13:31:05.4151460Z   iniconfig                      2.0.0                pyhd8ed1ab_1             conda-forge
2025-01-17T13:31:05.4151930Z   ipykernel                      6.29.4               pyh57ce528_0             conda-forge
2025-01-17T13:31:05.4152800Z   ipython                        8.25.0               pyh707e725_0             conda-forge
2025-01-17T13:31:05.4153250Z   ipython_genutils               0.2.0                pyhd8ed1ab_2             conda-forge
2025-01-17T13:31:05.4153620Z   ipywidgets                     7.8.0                pyhd8ed1ab_0             conda-forge
2025-01-17T13:31:05.4154070Z   isoduration                    20.11.0              pyhd8ed1ab_1             conda-forge
2025-01-17T13:31:05.4154390Z   jedi                           0.19.1               pyhd8ed1ab_0             conda-forge
2025-01-17T13:31:05.4154750Z   jinja2                         3.1.4                pyhd8ed1ab_1             conda-forge
2025-01-17T13:31:05.4155070Z   json5                          0.9.25               pyhd8ed1ab_0             conda-forge
2025-01-17T13:31:05.4155430Z   jsonpointer                    3.0.0                py312h81bd7bf_1          conda-forge
2025-01-17T13:31:05.4155760Z   jsonschema                     4.22.0               pyhd8ed1ab_0             conda-forge
2025-01-17T13:31:05.4156250Z   jsonschema-specifications      2023.12.1            pyhd8ed1ab_0             conda-forge
2025-01-17T13:31:05.4156710Z   jsonschema-with-format-nongpl  4.22.0               pyhd8ed1ab_0             conda-forge
2025-01-17T13:31:05.4157080Z   jupyter-cache                  1.0.1                pyhff2d567_0             conda-forge
2025-01-17T13:31:05.4157490Z   jupyter-lsp                    2.2.5                pyhd8ed1ab_1             conda-forge
2025-01-17T13:31:05.4157840Z   jupyter_bokeh                  3.0.5                pyhd8ed1ab_0             conda-forge
2025-01-17T13:31:05.4158240Z   jupyter_client                 7.4.9                pyhd8ed1ab_0             conda-forge
2025-01-17T13:31:05.4158600Z   jupyter_core                   5.7.2                pyh31011fe_1             conda-forge
2025-01-17T13:31:05.4159040Z   jupyter_events                 0.10.0               pyhd8ed1ab_1             conda-forge
2025-01-17T13:31:05.4159530Z   jupyter_server                 2.14.1               pyhd8ed1ab_1             conda-forge
2025-01-17T13:31:05.4159920Z   jupyter_server_terminals       0.5.3                pyhd8ed1ab_1             conda-forge
2025-01-17T13:31:05.4160400Z   jupyterlab                     3.5.3                pyhd8ed1ab_0             conda-forge
2025-01-17T13:31:05.4160790Z   jupyterlab_pygments            0.3.0                pyhd8ed1ab_0             conda-forge
2025-01-17T13:31:05.4161300Z   jupyterlab_server              2.27.2               pyhd8ed1ab_0             conda-forge
2025-01-17T13:31:05.4161730Z   jupyterlab_widgets             1.1.7                pyhd8ed1ab_0             conda-forge
2025-01-17T13:31:05.4162160Z   kiwisolver                     1.4.5                py312h6142ec9_2          conda-forge
2025-01-17T13:31:05.4162550Z   krb5                           1.21.2               h92f50d5_0               conda-forge
2025-01-17T13:31:05.4162960Z   latexcodec                     2.0.1                pyh9f0ad1d_0             conda-forge
2025-01-17T13:31:05.4163290Z   lcms2                          2.16                 ha0e7c42_0               conda-forge
2025-01-17T13:31:05.4163690Z   lerc                           4.0.0                h9a09cb3_0               conda-forge
2025-01-17T13:31:05.4164010Z   libaec                         1.1.3                hebf3989_0               conda-forge
2025-01-17T13:31:05.4164610Z   libasprintf                    0.22.5               h8414b35_3               conda-forge
2025-01-17T13:31:05.4164960Z   libasprintf-devel              0.22.5               h8414b35_3               conda-forge
2025-01-17T13:31:05.4165410Z   libblas                        3.9.0                24_osxarm64_openblas     conda-forge
2025-01-17T13:31:05.4165870Z   libbrotlicommon                1.1.0                hd74edd7_2               conda-forge
2025-01-17T13:31:05.4166250Z   libbrotlidec                   1.1.0                hd74edd7_2               conda-forge
2025-01-17T13:31:05.4166710Z   libbrotlienc                   1.1.0                hd74edd7_2               conda-forge
2025-01-17T13:31:05.4174890Z   libcblas                       3.9.0                24_osxarm64_openblas     conda-forge
2025-01-17T13:31:05.4193260Z   libcurl                        8.8.0                h7b6f9a7_0               conda-forge
2025-01-17T13:31:05.4193870Z   libcxx                         19.1.7               ha82da77_0               conda-forge
2025-01-17T13:31:05.4197140Z   libdeflate                     1.20                 h93a5062_0               conda-forge
2025-01-17T13:31:05.4197640Z   libedit                        3.1.20191231         hc8eb9b7_2               conda-forge
2025-01-17T13:31:05.4203350Z   libev                          4.33                 h93a5062_2               conda-forge
2025-01-17T13:31:05.4228680Z   libexpat                       2.6.2                hebf3989_0               conda-forge
2025-01-17T13:31:05.4229040Z   libffi                         3.4.2                h3422bc3_5               conda-forge
2025-01-17T13:31:05.4229520Z   libgd                          2.3.3                hfdf3952_9               conda-forge
2025-01-17T13:31:05.4229920Z   libgettextpo                   0.22.5               h8414b35_3               conda-forge
2025-01-17T13:31:05.4230470Z   libgettextpo-devel             0.22.5               h8414b35_3               conda-forge
2025-01-17T13:31:05.4230870Z   libgfortran                    5.0.0                13_2_0_hd922786_3        conda-forge
2025-01-17T13:31:05.4231230Z   libgfortran5                   13.2.0               hf226fd6_3               conda-forge
2025-01-17T13:31:05.4231620Z   libglib                        2.80.2               h59d46d9_1               conda-forge
2025-01-17T13:31:05.4232040Z   libiconv                       1.17                 h0d3ecfb_2               conda-forge
2025-01-17T13:31:05.4232370Z   libintl                        0.22.5               h8414b35_3               conda-forge
2025-01-17T13:31:05.4232750Z   libintl-devel                  0.22.5               h8414b35_3               conda-forge
2025-01-17T13:31:05.4233100Z   libjpeg-turbo                  3.0.0                hb547adb_1               conda-forge
2025-01-17T13:31:05.4233450Z   liblapack                      3.9.0                24_osxarm64_openblas     conda-forge
2025-01-17T13:31:05.4233870Z   libllvm14                      14.0.6               hd1a9a77_4               conda-forge
2025-01-17T13:31:05.4234200Z   libnghttp2                     1.58.0               ha4dd798_1               conda-forge
2025-01-17T13:31:05.4234580Z   libopenblas                    0.3.27               openmp_h517c56d_1        conda-forge
2025-01-17T13:31:05.4234910Z   libpng                         1.6.43               h091b4b1_0               conda-forge
2025-01-17T13:31:05.4235280Z   librsvg                        2.58.1               hbc281fb_0               conda-forge
2025-01-17T13:31:05.4235630Z   libsodium                      1.0.18               h27ca646_1               conda-forge
2025-01-17T13:31:05.4235990Z   libsqlite                      3.46.0               hfb93653_0               conda-forge
2025-01-17T13:31:05.4236280Z   libssh2                        1.11.0               h7a5bd25_0               conda-forge
2025-01-17T13:31:05.4236560Z   libtiff                        4.6.0                h07db509_3               conda-forge
2025-01-17T13:31:05.4237490Z   libwebp                        1.4.0                h54798ee_0               conda-forge
2025-01-17T13:31:05.4237840Z   libwebp-base                   1.4.0                h93a5062_0               conda-forge
2025-01-17T13:31:05.4238200Z   libxcb                         1.16                 hc9fafa5_1               conda-forge
2025-01-17T13:31:05.4238500Z   libxml2                        2.12.7               h9a80f22_3               conda-forge
2025-01-17T13:31:05.4238760Z   libxslt                        1.1.39               h223e5b9_0               conda-forge
2025-01-17T13:31:05.4239050Z   libzlib                        1.3.1                h8359307_2               conda-forge
2025-01-17T13:31:05.4239490Z   linkify-it-py                  2.0.3                pyhd8ed1ab_1             conda-forge
2025-01-17T13:31:05.4239780Z   llvm-openmp                    18.1.7               hde57baf_0               conda-forge
2025-01-17T13:31:05.4240060Z   llvmlite                       0.43.0               py312ha9ca408_1          conda-forge
2025-01-17T13:31:05.4240330Z   lxml                           5.2.2                py312h0e5ab22_0          conda-forge
2025-01-17T13:31:05.4240570Z   lz4-c                          1.10.0               h286801f_1               conda-forge
2025-01-17T13:31:05.4240820Z   markdown                       3.6                  pyhd8ed1ab_0             conda-forge
2025-01-17T13:31:05.4241090Z   markdown-it-py                 3.0.0                pyhd8ed1ab_1             conda-forge
2025-01-17T13:31:05.4241380Z   markupsafe                     2.1.5                py312h024a12e_1          conda-forge
2025-01-17T13:31:05.4241670Z   matplotlib-base                3.8.4                py312h4479663_2          conda-forge
2025-01-17T13:31:05.4241980Z   matplotlib-inline              0.1.7                pyhd8ed1ab_1             conda-forge
2025-01-17T13:31:05.4242340Z   mdit-py-plugins                0.4.2                pyhd8ed1ab_1             conda-forge
2025-01-17T13:31:05.4242620Z   mdurl                          0.1.2                pyhd8ed1ab_1             conda-forge
2025-01-17T13:31:05.4242880Z   mistune                        3.0.2                pyhd8ed1ab_1             conda-forge
2025-01-17T13:31:05.4243130Z   mpc                            1.3.1                h8f1351a_1               conda-forge
2025-01-17T13:31:05.4243370Z   mpfr                           4.2.1                hb693164_3               conda-forge
2025-01-17T13:31:05.4243620Z   mpmath                         1.3.0                pyhd8ed1ab_1             conda-forge
2025-01-17T13:31:05.4243880Z   munkres                        1.1.4                pyh9f0ad1d_0             conda-forge
2025-01-17T13:31:05.4244160Z   mypy_extensions                1.0.0                pyha770c72_1             conda-forge
2025-01-17T13:31:05.4244440Z   myst-nb                        1.1.2                pyhd8ed1ab_1             conda-forge
2025-01-17T13:31:05.4244710Z   myst-parser                    4.0.0                pyhd8ed1ab_1             conda-forge
2025-01-17T13:31:05.4244990Z   nbclassic                      1.1.0                pyhd8ed1ab_1             conda-forge
2025-01-17T13:31:05.4245260Z   nbclient                       0.10.0               pyhd8ed1ab_0             conda-forge
2025-01-17T13:31:05.4245530Z   nbconvert                      7.16.4               hd8ed1ab_3               conda-forge
2025-01-17T13:31:05.4245810Z   nbconvert-core                 7.16.4               pyhd8ed1ab_3             conda-forge
2025-01-17T13:31:05.4246120Z   nbconvert-pandoc               7.16.4               hd8ed1ab_3               conda-forge
2025-01-17T13:31:05.4246400Z   nbformat                       5.10.4               pyhd8ed1ab_1             conda-forge
2025-01-17T13:31:05.4246660Z   nbsite                         0.8.7                py_0                     pyviz      
2025-01-17T13:31:05.4246930Z   nbsphinx                       0.9.4                pyhd8ed1ab_0             conda-forge
2025-01-17T13:31:05.4247200Z   ncurses                        6.5                  h5e97a16_2               conda-forge
2025-01-17T13:31:05.4247590Z   nest-asyncio                   1.6.0                pyhd8ed1ab_1             conda-forge
2025-01-17T13:31:05.4247910Z   networkx                       3.3                  pyhd8ed1ab_1             conda-forge
2025-01-17T13:31:05.4248180Z   notebook                       6.5.7                pyha770c72_0             conda-forge
2025-01-17T13:31:05.4248460Z   notebook-shim                  0.2.4                pyhd8ed1ab_1             conda-forge
2025-01-17T13:31:05.4248730Z   numba                          0.60.0               py312h41cea2d_0          conda-forge
2025-01-17T13:31:05.4249090Z   numexpr                        2.10.0               py312h8ae5369_0          conda-forge
2025-01-17T13:31:05.4249350Z   numpy                          2.0.2                py312h94ee1e1_1          conda-forge
2025-01-17T13:31:05.4249610Z   numpydoc                       1.7.0                pyhd8ed1ab_3             conda-forge
2025-01-17T13:31:05.4249880Z   openjpeg                       2.5.2                h9f1df11_0               conda-forge
2025-01-17T13:31:05.4250150Z   openssl                        3.4.0                h81ee809_1               conda-forge
2025-01-17T13:31:05.4250410Z   overrides                      7.7.0                pyhd8ed1ab_1             conda-forge
2025-01-17T13:31:05.4250680Z   packaging                      24.1                 pyhd8ed1ab_0             conda-forge
2025-01-17T13:31:05.4250950Z   pandas                         2.2.2                py312h8ae5369_1          conda-forge
2025-01-17T13:31:05.4251200Z   pandoc                         3.2.1                hce30654_0               conda-forge
2025-01-17T13:31:05.4251480Z   pandocfilters                  1.5.0                pyhd8ed1ab_0             conda-forge
2025-01-17T13:31:05.4251760Z   panel                          1.5.5                pyhd8ed1ab_0             conda-forge
2025-01-17T13:31:05.4252020Z   pango                          1.54.0               h5cb9fbc_0               conda-forge
2025-01-17T13:31:05.4252280Z   param                          2.2.0                pyhd8ed1ab_0             conda-forge
2025-01-17T13:31:05.4252530Z   parso                          0.8.4                pyhd8ed1ab_1             conda-forge
2025-01-17T13:31:05.4252890Z   pathspec                       0.12.1               pyhd8ed1ab_1             conda-forge
2025-01-17T13:31:05.4253160Z   pbr                            6.0.0                pyhd8ed1ab_0             conda-forge
2025-01-17T13:31:05.4253410Z   pcre2                          10.44                h297a79d_2               conda-forge
2025-01-17T13:31:05.4253670Z   pexpect                        4.9.0                pyhd8ed1ab_1             conda-forge
2025-01-17T13:31:05.4253950Z   pickleshare                    0.7.5                pyhd8ed1ab_1004          conda-forge
2025-01-17T13:31:05.4254220Z   pillow                         10.3.0               py312h39b1d8d_1          conda-forge
2025-01-17T13:31:05.4254480Z   pip                            24.0                 pyhd8ed1ab_0             conda-forge
2025-01-17T13:31:05.4254740Z   pixman                         0.43.4               hebf3989_0               conda-forge
2025-01-17T13:31:05.4255030Z   pkgutil-resolve-name           1.3.10               pyhd8ed1ab_2             conda-forge
2025-01-17T13:31:05.4255350Z   platformdirs                   4.2.2                pyhd8ed1ab_0             conda-forge
2025-01-17T13:31:05.4255630Z   plotly                         5.22.0               pyhd8ed1ab_0             conda-forge
2025-01-17T13:31:05.4255900Z   pluggy                         1.5.0                pyhd8ed1ab_1             conda-forge
2025-01-17T13:31:05.4256180Z   portalocker                    3.0.0                py312h81bd7bf_0          conda-forge
2025-01-17T13:31:05.4256470Z   prometheus_client              0.20.0               pyhd8ed1ab_0             conda-forge
2025-01-17T13:31:05.4256770Z   prompt-toolkit                 3.0.47               pyha770c72_0             conda-forge
2025-01-17T13:31:05.4257300Z   psutil                         5.9.8                py312he37b823_0          conda-forge
2025-01-17T13:31:05.4257590Z   pthread-stubs                  0.4                  hd74edd7_1002            conda-forge
2025-01-17T13:31:05.4257870Z   ptyprocess                     0.7.0                pyhd8ed1ab_1             conda-forge
2025-01-17T13:31:05.4258150Z   pure_eval                      0.2.2                pyhd8ed1ab_0             conda-forge
2025-01-17T13:31:05.4258430Z   py-cpuinfo                     9.0.0                pyhd8ed1ab_1             conda-forge
2025-01-17T13:31:05.4258930Z   pybtex                         0.24.0               pyhd8ed1ab_3             conda-forge
2025-01-17T13:31:05.4259230Z   pybtex-docutils                1.0.3                py312h81bd7bf_2          conda-forge
2025-01-17T13:31:05.4259510Z   pycparser                      2.22                 pyh29332c3_1             conda-forge
2025-01-17T13:31:05.4259810Z   pydata-sphinx-theme            0.15.4               pyhd8ed1ab_0             conda-forge
2025-01-17T13:31:05.4260100Z   pyerfa                         2.0.1.4              py312h755e627_2          conda-forge
2025-01-17T13:31:05.4260370Z   pygments                       2.18.0               pyhd8ed1ab_1             conda-forge
2025-01-17T13:31:05.4260640Z   pygraphviz                     1.13                 py312h5f4d302_1          conda-forge
2025-01-17T13:31:05.4260920Z   pyobjc-core                    10.3.1               py312hd24fc31_1          conda-forge
2025-01-17T13:31:05.4261230Z   pyobjc-framework-cocoa         10.3.1               py312hd24fc31_1          conda-forge
2025-01-17T13:31:05.4261540Z   pyparsing                      3.1.2                pyhd8ed1ab_0             conda-forge
2025-01-17T13:31:05.4261820Z   pysocks                        1.7.1                pyha55dd90_7             conda-forge
2025-01-17T13:31:05.4262080Z   pytables                       3.10.2               py312h2ca37b8_0          conda-forge
2025-01-17T13:31:05.4262360Z   pytest                         8.2.2                pyhd8ed1ab_0             conda-forge
2025-01-17T13:31:05.4262630Z   pytest-cov                     5.0.0                pyhd8ed1ab_0             conda-forge
2025-01-17T13:31:05.4262930Z   pytest-doctestplus             1.2.1                pyhd8ed1ab_0             conda-forge
2025-01-17T13:31:05.4263240Z   pytest-html                    4.1.1                pyhd8ed1ab_1             conda-forge
2025-01-17T13:31:05.4263540Z   pytest-metadata                3.1.1                pyhd8ed1ab_1             conda-forge
2025-01-17T13:31:05.4263840Z   python                         3.12.4               h30c5eda_0_cpython       conda-forge
2025-01-17T13:31:05.4264140Z   python-dateutil                2.9.0.post0          pyhff2d567_1             conda-forge
2025-01-17T13:31:05.4264470Z   python-fastjsonschema          2.20.0               pyhd8ed1ab_0             conda-forge
2025-01-17T13:31:05.4264810Z   python-json-logger             2.0.7                pyhd8ed1ab_0             conda-forge
2025-01-17T13:31:05.4265130Z   python-tzdata                  2024.1               pyhd8ed1ab_0             conda-forge
2025-01-17T13:31:05.4265420Z   python_abi                     3.12                 5_cp312                  conda-forge
2025-01-17T13:31:05.4265690Z   pytz                           2024.1               pyhd8ed1ab_0             conda-forge
2025-01-17T13:31:05.4265970Z   pyviz_comms                    2.3.2                pyhd8ed1ab_0             conda-forge
2025-01-17T13:31:05.4266250Z   pyyaml                         6.0.1                py312h02f2b3b_1          conda-forge
2025-01-17T13:31:05.4266510Z   pyzmq                          26.0.3               py312hfa13136_0          conda-forge
2025-01-17T13:31:05.4266780Z   qgrid                          1.3.1                pyhd8ed1ab_5             conda-forge
2025-01-17T13:31:05.4267080Z   radioactivedecay               0.5.1                pyhd8ed1ab_1             conda-forge
2025-01-17T13:31:05.4267480Z   readline                       8.2                  h92ec313_1               conda-forge
2025-01-17T13:31:05.4267770Z   recommonmark                   0.7.1                pyhd8ed1ab_1             conda-forge
2025-01-17T13:31:05.4268070Z   referencing                    0.35.1               pyhd8ed1ab_1             conda-forge
2025-01-17T13:31:05.4268350Z   requests                       2.32.3               pyhd8ed1ab_1             conda-forge
2025-01-17T13:31:05.4268640Z   rfc3339-validator              0.1.4                pyhd8ed1ab_1             conda-forge
2025-01-17T13:31:05.4269040Z   rfc3986-validator              0.1.1                pyh9f0ad1d_0             conda-forge
2025-01-17T13:31:05.4269330Z   rpds-py                        0.18.1               py312h552d48e_0          conda-forge
2025-01-17T13:31:05.4269590Z   ruff                           0.4.9                py312h3402d49_0          conda-forge
2025-01-17T13:31:05.4269850Z   scipy                          1.13.1               py312h14ffa8f_0          conda-forge
2025-01-17T13:31:05.4270130Z   send2trash                     1.8.3                pyh31c8845_1             conda-forge
2025-01-17T13:31:05.4270430Z   setuptools                     70.0.0               pyhd8ed1ab_0             conda-forge
2025-01-17T13:31:05.4270800Z   setuptools-scm                 8.1.0                pyhd8ed1ab_1             conda-forge
2025-01-17T13:31:05.4271120Z   setuptools_scm                 8.1.0                hd8ed1ab_1               conda-forge
2025-01-17T13:31:05.4271410Z   six                            1.16.0               pyhd8ed1ab_1             conda-forge
2025-01-17T13:31:05.4271690Z   snakeviz                       2.2.0                pyhd8ed1ab_0             conda-forge
2025-01-17T13:31:05.4271970Z   snappy                         1.2.1                h98b9ce2_1               conda-forge
2025-01-17T13:31:05.4272240Z   sniffio                        1.3.1                pyhd8ed1ab_1             conda-forge
2025-01-17T13:31:05.4272560Z   snowballstemmer                2.2.0                pyhd8ed1ab_0             conda-forge
2025-01-17T13:31:05.4272860Z   soupsieve                      2.5                  pyhd8ed1ab_1             conda-forge
2025-01-17T13:31:05.4273150Z   sphinx                         7.3.7                pyhd8ed1ab_0             conda-forge
2025-01-17T13:31:05.4273440Z   sphinx-astropy                 1.9.1                pyhd8ed1ab_1             conda-forge
2025-01-17T13:31:05.4273770Z   sphinx-automodapi              0.17.0               pyh717bed2_1             conda-forge
2025-01-17T13:31:05.4274120Z   sphinx-copybutton              0.5.2                pyhd8ed1ab_1             conda-forge
2025-01-17T13:31:05.4274440Z   sphinx-design                  0.6.1                pyhd8ed1ab_2             conda-forge
2025-01-17T13:31:05.4274760Z   sphinx-gallery                 0.16.0               pyhd8ed1ab_0             conda-forge
2025-01-17T13:31:05.4275070Z   sphinx-jsonschema              1.19.1               pyhd8ed1ab_1             conda-forge
2025-01-17T13:31:05.4275390Z   sphinx_bootstrap_theme         0.8.1                pyhd8ed1ab_1             conda-forge
2025-01-17T13:31:05.4275700Z   sphinx_rtd_theme               2.0.0                pyha770c72_0             conda-forge
2025-01-17T13:31:05.4276010Z   sphinxcontrib-apidoc           0.3.0                py_1                     conda-forge
2025-01-17T13:31:05.4276340Z   sphinxcontrib-applehelp        1.0.8                pyhd8ed1ab_0             conda-forge
2025-01-17T13:31:05.4276670Z   sphinxcontrib-bibtex           2.6.2                pyhd8ed1ab_0             conda-forge
2025-01-17T13:31:05.4277000Z   sphinxcontrib-devhelp          1.0.6                pyhd8ed1ab_0             conda-forge
2025-01-17T13:31:05.4277330Z   sphinxcontrib-htmlhelp         2.0.5                pyhd8ed1ab_0             conda-forge
2025-01-17T13:31:05.4277660Z   sphinxcontrib-jquery           4.1                  pyhd8ed1ab_1             conda-forge
2025-01-17T13:31:05.4278080Z   sphinxcontrib-jsmath           1.0.1                pyhd8ed1ab_1             conda-forge
2025-01-17T13:31:05.4278410Z   sphinxcontrib-qthelp           1.0.7                pyhd8ed1ab_0             conda-forge
2025-01-17T13:31:05.4278760Z   sphinxcontrib-serializinghtml  1.1.10               pyhd8ed1ab_1             conda-forge
2025-01-17T13:31:05.4279120Z   sphinxext-rediraffe            0.2.7                pyhd8ed1ab_1             conda-forge
2025-01-17T13:31:05.4279440Z   sqlalchemy                     2.0.37               py312hea69d52_0          conda-forge
2025-01-17T13:31:05.4279810Z   stack_data                     0.6.2                pyhd8ed1ab_0             conda-forge
2025-01-17T13:31:05.4280090Z   sympy                          1.12.1               pypyh2585a3b_103         conda-forge
2025-01-17T13:31:05.4280360Z   tabulate                       0.9.0                pyhd8ed1ab_2             conda-forge
2025-01-17T13:31:05.4280630Z   tenacity                       8.4.1                pyhd8ed1ab_0             conda-forge
2025-01-17T13:31:05.4280900Z   terminado                      0.18.1               pyh31c8845_0             conda-forge
2025-01-17T13:31:05.4281180Z   tinycss2                       1.3.0                pyhd8ed1ab_0             conda-forge
2025-01-17T13:31:05.4281430Z   tk                             8.6.13               h5083fa2_1               conda-forge
2025-01-17T13:31:05.4281680Z   toml                           0.10.2               pyhd8ed1ab_1             conda-forge
2025-01-17T13:31:05.4281940Z   tomli                          2.0.1                pyhd8ed1ab_0             conda-forge
2025-01-17T13:31:05.4282200Z   tornado                        6.4.1                py312h024a12e_1          conda-forge
2025-01-17T13:31:05.4282460Z   tqdm                           4.66.4               pyhd8ed1ab_0             conda-forge
2025-01-17T13:31:05.4282720Z   traitlets                      5.14.3               pyhd8ed1ab_1             conda-forge
2025-01-17T13:31:05.4283000Z   typed-ast                      1.5.5                py312h02f2b3b_1          conda-forge
2025-01-17T13:31:05.4283310Z   types-python-dateutil          2.9.0.20240316       pyhd8ed1ab_0             conda-forge
2025-01-17T13:31:05.4283640Z   typing-extensions              4.12.2               hd8ed1ab_1               conda-forge
2025-01-17T13:31:05.4283940Z   typing_extensions              4.12.2               pyha770c72_1             conda-forge
2025-01-17T13:31:05.4284240Z   typing_utils                   0.1.0                pyhd8ed1ab_1             conda-forge
2025-01-17T13:31:05.4284520Z   tzdata                         2024a                h8827d51_1               conda-forge
2025-01-17T13:31:05.4284790Z   uc-micro-py                    1.0.3                pyhd8ed1ab_1             conda-forge
2025-01-17T13:31:05.4285070Z   uri-template                   1.3.0                pyhd8ed1ab_1             conda-forge
2025-01-17T13:31:05.4285350Z   urllib3                        2.2.2                pyhd8ed1ab_1             conda-forge
2025-01-17T13:31:05.4285620Z   watchfiles                     1.0.4                py312hcd83bfe_0          conda-forge
2025-01-17T13:31:05.4285890Z   wcwidth                        0.2.13               pyhd8ed1ab_1             conda-forge
2025-01-17T13:31:05.4286170Z   webcolors                      24.6.0               pyhd8ed1ab_0             conda-forge
2025-01-17T13:31:05.4286450Z   webencodings                   0.5.1                pyhd8ed1ab_3             conda-forge
2025-01-17T13:31:05.4286750Z   websocket-client               1.8.0                pyhd8ed1ab_1             conda-forge
2025-01-17T13:31:05.4287030Z   wheel                          0.43.0               pyhd8ed1ab_1             conda-forge
2025-01-17T13:31:05.4287320Z   widgetsnbextension             3.6.6                pyhd8ed1ab_0             conda-forge
2025-01-17T13:31:05.4287620Z   xorg-libxau                    1.0.11               hd74edd7_1               conda-forge
2025-01-17T13:31:05.4287990Z   xorg-libxdmcp                  1.1.3                hd74edd7_2               conda-forge
2025-01-17T13:31:05.4288280Z   xyzservices                    2024.9.0             pyhd8ed1ab_1             conda-forge
2025-01-17T13:31:05.4288550Z   xz                             5.2.6                h57fd34a_0               conda-forge
2025-01-17T13:31:05.4288790Z   yaml                           0.2.5                h3422bc3_2               conda-forge
2025-01-17T13:31:05.4289040Z   zeromq                         4.3.5                hcc0f68c_4               conda-forge
2025-01-17T13:31:05.4289400Z   zipp                           3.19.2               pyhd8ed1ab_0             conda-forge
2025-01-17T13:31:05.4289660Z   zlib                           1.3.1                h8359307_2               conda-forge
2025-01-17T13:31:05.4289920Z   zlib-ng                        2.2.3                h13dfb9a_0               conda-forge
2025-01-17T13:31:05.4290210Z   zstandard                      0.23.0               py312h15fbf35_1          conda-forge
2025-01-17T13:31:05.4290490Z   zstd                           1.5.6                hb46c0d2_0               conda-forge
2025-01-17T13:31:05.4290920Z ##[endgroup]
2025-01-17T13:31:05.4368080Z ##[group]Run pip install -e . --user
2025-01-17T13:31:05.4368440Z [36;1mpip install -e . --user[0m
2025-01-17T13:31:05.5987710Z shell: /bin/bash -l {0}
2025-01-17T13:31:05.5990760Z env:
2025-01-17T13:31:05.5991180Z   CACHE_NUMBER: 0
2025-01-17T13:31:05.5991910Z   PYTEST_FLAGS: --tardis-regression-data=/Users/runner/work/tardis/tardis/tardis-regression-data --cov=tardis --cov-report=xml --cov-report=html --cov-append
2025-01-17T13:31:05.5992420Z   CODECOV_TOKEN: 
2025-01-17T13:31:05.5992590Z   MAMBA_ROOT_PREFIX: /Users/runner/micromamba
2025-01-17T13:31:05.5992830Z   MAMBA_EXE: /Users/runner/micromamba-bin/micromamba
2025-01-17T13:31:05.5993110Z   CONDARC: /Users/runner/work/_temp/setup-micromamba/.condarc
2025-01-17T13:31:05.5993350Z ##[endgroup]
2025-01-17T13:31:06.8653130Z Obtaining file:///Users/runner/work/tardis/tardis
2025-01-17T13:31:06.8688480Z   Installing build dependencies: started
2025-01-17T13:31:11.0233450Z   Installing build dependencies: finished with status 'done'
2025-01-17T13:31:11.0245600Z   Checking if build backend supports build_editable: started
2025-01-17T13:31:11.1392150Z   Checking if build backend supports build_editable: finished with status 'done'
2025-01-17T13:31:11.1402260Z   Getting requirements to build editable: started
2025-01-17T13:31:11.6641280Z   Getting requirements to build editable: finished with status 'done'
2025-01-17T13:31:11.6654490Z   Preparing editable metadata (pyproject.toml): started
2025-01-17T13:31:12.0685530Z   Preparing editable metadata (pyproject.toml): finished with status 'done'
2025-01-17T13:31:12.1299680Z Requirement already satisfied: astropy in /Users/runner/micromamba/envs/tardis/lib/python3.12/site-packages (from tardis==0.0.0) (6.1.1)
2025-01-17T13:31:12.1554650Z Requirement already satisfied: numpy>=1.23 in /Users/runner/micromamba/envs/tardis/lib/python3.12/site-packages (from astropy->tardis==0.0.0) (2.0.2)
2025-01-17T13:31:12.1560150Z Requirement already satisfied: pyerfa>=2.0.1.1 in /Users/runner/micromamba/envs/tardis/lib/python3.12/site-packages (from astropy->tardis==0.0.0) (2.0.1.4)
2025-01-17T13:31:12.1566550Z Requirement already satisfied: astropy-iers-data>=0.2024.5.27.0.30.8 in /Users/runner/micromamba/envs/tardis/lib/python3.12/site-packages (from astropy->tardis==0.0.0) (0.2024.6.17.0.31.35)
2025-01-17T13:31:12.1572050Z Requirement already satisfied: PyYAML>=3.13 in /Users/runner/micromamba/envs/tardis/lib/python3.12/site-packages (from astropy->tardis==0.0.0) (6.0.1)
2025-01-17T13:31:12.1576860Z Requirement already satisfied: packaging>=19.0 in /Users/runner/micromamba/envs/tardis/lib/python3.12/site-packages (from astropy->tardis==0.0.0) (24.1)
2025-01-17T13:31:12.1629170Z Building wheels for collected packages: tardis
2025-01-17T13:31:12.1635750Z   Building editable for tardis (pyproject.toml): started
2025-01-17T13:31:12.7899920Z   Building editable for tardis (pyproject.toml): finished with status 'done'
2025-01-17T13:31:12.7907470Z   Created wheel for tardis: filename=tardis-0.0.0-0.editable-py3-none-any.whl size=8876 sha256=063200365813a333e3f043d7265722a2c2b92723a27760f69cf2e6de29574f75
2025-01-17T13:31:12.7910410Z   Stored in directory: /private/var/folders/84/5079cppj57s0lzywhyzcxkjc0000gn/T/pip-ephem-wheel-cache-dbiiuac8/wheels/bb/4f/6a/0829b918c1c10bc28535ce7f14be21eee54375bdd9cd0c306a
2025-01-17T13:31:12.7938370Z Successfully built tardis
2025-01-17T13:31:13.4975000Z Installing collected packages: tardis
2025-01-17T13:31:13.5058340Z Successfully installed tardis-0.0.0
2025-01-17T13:31:13.8044050Z ##[group]Run pip install qgridnext
2025-01-17T13:31:13.8044300Z [36;1mpip install qgridnext[0m
2025-01-17T13:31:13.8094320Z shell: /bin/bash -l {0}
2025-01-17T13:31:13.8094610Z env:
2025-01-17T13:31:13.8094750Z   CACHE_NUMBER: 0
2025-01-17T13:31:13.8095380Z   PYTEST_FLAGS: --tardis-regression-data=/Users/runner/work/tardis/tardis/tardis-regression-data --cov=tardis --cov-report=xml --cov-report=html --cov-append
2025-01-17T13:31:13.8095920Z   CODECOV_TOKEN: 
2025-01-17T13:31:13.8096120Z   MAMBA_ROOT_PREFIX: /Users/runner/micromamba
2025-01-17T13:31:13.8096380Z   MAMBA_EXE: /Users/runner/micromamba-bin/micromamba
2025-01-17T13:31:13.8096680Z   CONDARC: /Users/runner/work/_temp/setup-micromamba/.condarc
2025-01-17T13:31:13.8096960Z ##[endgroup]
2025-01-17T13:31:14.4418960Z Collecting qgridnext
2025-01-17T13:31:14.4809690Z   Downloading qgridnext-2.0.4-py3-none-any.whl.metadata (9.9 kB)
2025-01-17T13:31:14.4977370Z Requirement already satisfied: pandas>=0.20.0 in /Users/runner/micromamba/envs/tardis/lib/python3.12/site-packages (from qgridnext) (2.2.2)
2025-01-17T13:31:14.4981880Z Requirement already satisfied: ipywidgets>=7.0.0 in /Users/runner/micromamba/envs/tardis/lib/python3.12/site-packages (from qgridnext) (7.8.0)
2025-01-17T13:31:14.4987740Z Requirement already satisfied: numpy in /Users/runner/micromamba/envs/tardis/lib/python3.12/site-packages (from qgridnext) (2.0.2)
2025-01-17T13:31:14.4994030Z Requirement already satisfied: traitlets in /Users/runner/micromamba/envs/tardis/lib/python3.12/site-packages (from qgridnext) (5.14.3)
2025-01-17T13:31:14.5044290Z Requirement already satisfied: comm>=0.1.3 in /Users/runner/micromamba/envs/tardis/lib/python3.12/site-packages (from ipywidgets>=7.0.0->qgridnext) (0.2.2)
2025-01-17T13:31:14.5049230Z Requirement already satisfied: ipython-genutils~=0.2.0 in /Users/runner/micromamba/envs/tardis/lib/python3.12/site-packages (from ipywidgets>=7.0.0->qgridnext) (0.2.0)
2025-01-17T13:31:14.5056970Z Requirement already satisfied: widgetsnbextension~=3.6.5 in /Users/runner/micromamba/envs/tardis/lib/python3.12/site-packages (from ipywidgets>=7.0.0->qgridnext) (3.6.6)
2025-01-17T13:31:14.5066180Z Requirement already satisfied: ipython>=4.0.0 in /Users/runner/micromamba/envs/tardis/lib/python3.12/site-packages (from ipywidgets>=7.0.0->qgridnext) (8.25.0)
2025-01-17T13:31:14.5074580Z Requirement already satisfied: jupyterlab-widgets<3,>=1.0.0 in /Users/runner/micromamba/envs/tardis/lib/python3.12/site-packages (from ipywidgets>=7.0.0->qgridnext) (1.1.7)
2025-01-17T13:31:14.5340380Z Requirement already satisfied: python-dateutil>=2.8.2 in /Users/runner/micromamba/envs/tardis/lib/python3.12/site-packages (from pandas>=0.20.0->qgridnext) (2.9.0.post0)
2025-01-17T13:31:14.5348210Z Requirement already satisfied: pytz>=2020.1 in /Users/runner/micromamba/envs/tardis/lib/python3.12/site-packages (from pandas>=0.20.0->qgridnext) (2024.1)
2025-01-17T13:31:14.5352580Z Requirement already satisfied: tzdata>=2022.7 in /Users/runner/micromamba/envs/tardis/lib/python3.12/site-packages (from pandas>=0.20.0->qgridnext) (2024.1)
2025-01-17T13:31:14.5548240Z Requirement already satisfied: decorator in /Users/runner/micromamba/envs/tardis/lib/python3.12/site-packages (from ipython>=4.0.0->ipywidgets>=7.0.0->qgridnext) (5.1.1)
2025-01-17T13:31:14.5579090Z Requirement already satisfied: jedi>=0.16 in /Users/runner/micromamba/envs/tardis/lib/python3.12/site-packages (from ipython>=4.0.0->ipywidgets>=7.0.0->qgridnext) (0.19.1)
2025-01-17T13:31:14.5603460Z Requirement already satisfied: matplotlib-inline in /Users/runner/micromamba/envs/tardis/lib/python3.12/site-packages (from ipython>=4.0.0->ipywidgets>=7.0.0->qgridnext) (0.1.7)
2025-01-17T13:31:14.5612640Z Requirement already satisfied: prompt-toolkit<3.1.0,>=3.0.41 in /Users/runner/micromamba/envs/tardis/lib/python3.12/site-packages (from ipython>=4.0.0->ipywidgets>=7.0.0->qgridnext) (3.0.47)
2025-01-17T13:31:14.5620260Z Requirement already satisfied: pygments>=2.4.0 in /Users/runner/micromamba/envs/tardis/lib/python3.12/site-packages (from ipython>=4.0.0->ipywidgets>=7.0.0->qgridnext) (2.18.0)
2025-01-17T13:31:14.5625350Z Requirement already satisfied: stack-data in /Users/runner/micromamba/envs/tardis/lib/python3.12/site-packages (from ipython>=4.0.0->ipywidgets>=7.0.0->qgridnext) (0.6.2)
2025-01-17T13:31:14.5642970Z Requirement already satisfied: pexpect>4.3 in /Users/runner/micromamba/envs/tardis/lib/python3.12/site-packages (from ipython>=4.0.0->ipywidgets>=7.0.0->qgridnext) (4.9.0)
2025-01-17T13:31:14.5677900Z Requirement already satisfied: six>=1.5 in /Users/runner/micromamba/envs/tardis/lib/python3.12/site-packages (from python-dateutil>=2.8.2->pandas>=0.20.0->qgridnext) (1.16.0)
2025-01-17T13:31:14.5714820Z Requirement already satisfied: notebook>=4.4.1 in /Users/runner/micromamba/envs/tardis/lib/python3.12/site-packages (from widgetsnbextension~=3.6.5->ipywidgets>=7.0.0->qgridnext) (6.5.7)
2025-01-17T13:31:14.5876570Z Requirement already satisfied: parso<0.9.0,>=0.8.3 in /Users/runner/micromamba/envs/tardis/lib/python3.12/site-packages (from jedi>=0.16->ipython>=4.0.0->ipywidgets>=7.0.0->qgridnext) (0.8.4)
2025-01-17T13:31:14.6001840Z Requirement already satisfied: jinja2 in /Users/runner/micromamba/envs/tardis/lib/python3.12/site-packages (from notebook>=4.4.1->widgetsnbextension~=3.6.5->ipywidgets>=7.0.0->qgridnext) (3.1.4)
2025-01-17T13:31:14.6102290Z Requirement already satisfied: tornado>=6.1 in /Users/runner/micromamba/envs/tardis/lib/python3.12/site-packages (from notebook>=4.4.1->widgetsnbextension~=3.6.5->ipywidgets>=7.0.0->qgridnext) (6.4.1)
2025-01-17T13:31:14.6202710Z Requirement already satisfied: pyzmq>=17 in /Users/runner/micromamba/envs/tardis/lib/python3.12/site-packages (from notebook>=4.4.1->widgetsnbextension~=3.6.5->ipywidgets>=7.0.0->qgridnext) (26.0.3)
2025-01-17T13:31:14.6304150Z Requirement already satisfied: argon2-cffi in /Users/runner/micromamba/envs/tardis/lib/python3.12/site-packages (from notebook>=4.4.1->widgetsnbextension~=3.6.5->ipywidgets>=7.0.0->qgridnext) (23.1.0)
2025-01-17T13:31:14.6404510Z Requirement already satisfied: jupyter-core>=4.6.1 in /Users/runner/micromamba/envs/tardis/lib/python3.12/site-packages (from notebook>=4.4.1->widgetsnbextension~=3.6.5->ipywidgets>=7.0.0->qgridnext) (5.7.2)
2025-01-17T13:31:14.6506230Z Requirement already satisfied: jupyter-client<8,>=5.3.4 in /Users/runner/micromamba/envs/tardis/lib/python3.12/site-packages (from notebook>=4.4.1->widgetsnbextension~=3.6.5->ipywidgets>=7.0.0->qgridnext) (7.4.9)
2025-01-17T13:31:14.6608250Z Requirement already satisfied: nbformat in /Users/runner/micromamba/envs/tardis/lib/python3.12/site-packages (from notebook>=4.4.1->widgetsnbextension~=3.6.5->ipywidgets>=7.0.0->qgridnext) (5.10.4)
2025-01-17T13:31:14.6722940Z Requirement already satisfied: nbconvert>=5 in /Users/runner/micromamba/envs/tardis/lib/python3.12/site-packages (from notebook>=4.4.1->widgetsnbextension~=3.6.5->ipywidgets>=7.0.0->qgridnext) (7.16.4)
2025-01-17T13:31:14.6809300Z Requirement already satisfied: nest-asyncio>=1.5 in /Users/runner/micromamba/envs/tardis/lib/python3.12/site-packages (from notebook>=4.4.1->widgetsnbextension~=3.6.5->ipywidgets>=7.0.0->qgridnext) (1.6.0)
2025-01-17T13:31:14.6911050Z Requirement already satisfied: ipykernel in /Users/runner/micromamba/envs/tardis/lib/python3.12/site-packages (from notebook>=4.4.1->widgetsnbextension~=3.6.5->ipywidgets>=7.0.0->qgridnext) (6.29.4)
2025-01-17T13:31:14.7013270Z Requirement already satisfied: Send2Trash>=1.8.0 in /Users/runner/micromamba/envs/tardis/lib/python3.12/site-packages (from notebook>=4.4.1->widgetsnbextension~=3.6.5->ipywidgets>=7.0.0->qgridnext) (1.8.3)
2025-01-17T13:31:14.7115110Z Requirement already satisfied: terminado>=0.8.3 in /Users/runner/micromamba/envs/tardis/lib/python3.12/site-packages (from notebook>=4.4.1->widgetsnbextension~=3.6.5->ipywidgets>=7.0.0->qgridnext) (0.18.1)
2025-01-17T13:31:14.7223610Z Requirement already satisfied: prometheus-client in /Users/runner/micromamba/envs/tardis/lib/python3.12/site-packages (from notebook>=4.4.1->widgetsnbextension~=3.6.5->ipywidgets>=7.0.0->qgridnext) (0.20.0)
2025-01-17T13:31:14.7325750Z Requirement already satisfied: nbclassic>=0.4.7 in /Users/runner/micromamba/envs/tardis/lib/python3.12/site-packages (from notebook>=4.4.1->widgetsnbextension~=3.6.5->ipywidgets>=7.0.0->qgridnext) (1.1.0)
2025-01-17T13:31:14.7427630Z Requirement already satisfied: ptyprocess>=0.5 in /Users/runner/micromamba/envs/tardis/lib/python3.12/site-packages (from pexpect>4.3->ipython>=4.0.0->ipywidgets>=7.0.0->qgridnext) (0.7.0)
2025-01-17T13:31:14.7528650Z Requirement already satisfied: wcwidth in /Users/runner/micromamba/envs/tardis/lib/python3.12/site-packages (from prompt-toolkit<3.1.0,>=3.0.41->ipython>=4.0.0->ipywidgets>=7.0.0->qgridnext) (0.2.13)
2025-01-17T13:31:14.7628900Z Requirement already satisfied: executing>=1.2.0 in /Users/runner/micromamba/envs/tardis/lib/python3.12/site-packages (from stack-data->ipython>=4.0.0->ipywidgets>=7.0.0->qgridnext) (2.0.1)
2025-01-17T13:31:14.7729310Z Requirement already satisfied: asttokens>=2.1.0 in /Users/runner/micromamba/envs/tardis/lib/python3.12/site-packages (from stack-data->ipython>=4.0.0->ipywidgets>=7.0.0->qgridnext) (2.4.1)
2025-01-17T13:31:14.7831150Z Requirement already satisfied: pure-eval in /Users/runner/micromamba/envs/tardis/lib/python3.12/site-packages (from stack-data->ipython>=4.0.0->ipywidgets>=7.0.0->qgridnext) (0.2.2)
2025-01-17T13:31:14.7931490Z Requirement already satisfied: entrypoints in /Users/runner/micromamba/envs/tardis/lib/python3.12/site-packages (from jupyter-client<8,>=5.3.4->notebook>=4.4.1->widgetsnbextension~=3.6.5->ipywidgets>=7.0.0->qgridnext) (0.4)
2025-01-17T13:31:14.8033340Z Requirement already satisfied: platformdirs>=2.5 in /Users/runner/micromamba/envs/tardis/lib/python3.12/site-packages (from jupyter-core>=4.6.1->notebook>=4.4.1->widgetsnbextension~=3.6.5->ipywidgets>=7.0.0->qgridnext) (4.2.2)
2025-01-17T13:31:14.8135650Z Requirement already satisfied: notebook_shim>=0.2.3 in /Users/runner/micromamba/envs/tardis/lib/python3.12/site-packages (from nbclassic>=0.4.7->notebook>=4.4.1->widgetsnbextension~=3.6.5->ipywidgets>=7.0.0->qgridnext) (0.2.4)
2025-01-17T13:31:14.8237850Z Requirement already satisfied: beautifulsoup4 in /Users/runner/micromamba/envs/tardis/lib/python3.12/site-packages (from nbconvert>=5->notebook>=4.4.1->widgetsnbextension~=3.6.5->ipywidgets>=7.0.0->qgridnext) (4.12.3)
2025-01-17T13:31:14.8341100Z Requirement already satisfied: bleach!=5.0.0 in /Users/runner/micromamba/envs/tardis/lib/python3.12/site-packages (from nbconvert>=5->notebook>=4.4.1->widgetsnbextension~=3.6.5->ipywidgets>=7.0.0->qgridnext) (6.1.0)
2025-01-17T13:31:14.8442160Z Requirement already satisfied: defusedxml in /Users/runner/micromamba/envs/tardis/lib/python3.12/site-packages (from nbconvert>=5->notebook>=4.4.1->widgetsnbextension~=3.6.5->ipywidgets>=7.0.0->qgridnext) (0.7.1)
2025-01-17T13:31:14.8542780Z Requirement already satisfied: jupyterlab-pygments in /Users/runner/micromamba/envs/tardis/lib/python3.12/site-packages (from nbconvert>=5->notebook>=4.4.1->widgetsnbextension~=3.6.5->ipywidgets>=7.0.0->qgridnext) (0.3.0)
2025-01-17T13:31:14.8644870Z Requirement already satisfied: markupsafe>=2.0 in /Users/runner/micromamba/envs/tardis/lib/python3.12/site-packages (from nbconvert>=5->notebook>=4.4.1->widgetsnbextension~=3.6.5->ipywidgets>=7.0.0->qgridnext) (2.1.5)
2025-01-17T13:31:14.8745060Z Requirement already satisfied: mistune<4,>=2.0.3 in /Users/runner/micromamba/envs/tardis/lib/python3.12/site-packages (from nbconvert>=5->notebook>=4.4.1->widgetsnbextension~=3.6.5->ipywidgets>=7.0.0->qgridnext) (3.0.2)
2025-01-17T13:31:14.8845460Z Requirement already satisfied: nbclient>=0.5.0 in /Users/runner/micromamba/envs/tardis/lib/python3.12/site-packages (from nbconvert>=5->notebook>=4.4.1->widgetsnbextension~=3.6.5->ipywidgets>=7.0.0->qgridnext) (0.10.0)
2025-01-17T13:31:14.8947890Z Requirement already satisfied: packaging in /Users/runner/micromamba/envs/tardis/lib/python3.12/site-packages (from nbconvert>=5->notebook>=4.4.1->widgetsnbextension~=3.6.5->ipywidgets>=7.0.0->qgridnext) (24.1)
2025-01-17T13:31:14.9049070Z Requirement already satisfied: pandocfilters>=1.4.1 in /Users/runner/micromamba/envs/tardis/lib/python3.12/site-packages (from nbconvert>=5->notebook>=4.4.1->widgetsnbextension~=3.6.5->ipywidgets>=7.0.0->qgridnext) (1.5.0)
2025-01-17T13:31:14.9152670Z Requirement already satisfied: tinycss2 in /Users/runner/micromamba/envs/tardis/lib/python3.12/site-packages (from nbconvert>=5->notebook>=4.4.1->widgetsnbextension~=3.6.5->ipywidgets>=7.0.0->qgridnext) (1.3.0)
2025-01-17T13:31:14.9251280Z Requirement already satisfied: fastjsonschema>=2.15 in /Users/runner/micromamba/envs/tardis/lib/python3.12/site-packages (from nbformat->notebook>=4.4.1->widgetsnbextension~=3.6.5->ipywidgets>=7.0.0->qgridnext) (2.20.0)
2025-01-17T13:31:14.9353280Z Requirement already satisfied: jsonschema>=2.6 in /Users/runner/micromamba/envs/tardis/lib/python3.12/site-packages (from nbformat->notebook>=4.4.1->widgetsnbextension~=3.6.5->ipywidgets>=7.0.0->qgridnext) (4.22.0)
2025-01-17T13:31:14.9455770Z Requirement already satisfied: argon2-cffi-bindings in /Users/runner/micromamba/envs/tardis/lib/python3.12/site-packages (from argon2-cffi->notebook>=4.4.1->widgetsnbextension~=3.6.5->ipywidgets>=7.0.0->qgridnext) (21.2.0)
2025-01-17T13:31:14.9556160Z Requirement already satisfied: appnope in /Users/runner/micromamba/envs/tardis/lib/python3.12/site-packages (from ipykernel->notebook>=4.4.1->widgetsnbextension~=3.6.5->ipywidgets>=7.0.0->qgridnext) (0.1.4)
2025-01-17T13:31:14.9658950Z Requirement already satisfied: debugpy>=1.6.5 in /Users/runner/micromamba/envs/tardis/lib/python3.12/site-packages (from ipykernel->notebook>=4.4.1->widgetsnbextension~=3.6.5->ipywidgets>=7.0.0->qgridnext) (1.8.1)
2025-01-17T13:31:14.9765740Z Requirement already satisfied: psutil in /Users/runner/micromamba/envs/tardis/lib/python3.12/site-packages (from ipykernel->notebook>=4.4.1->widgetsnbextension~=3.6.5->ipywidgets>=7.0.0->qgridnext) (5.9.8)
2025-01-17T13:31:14.9867820Z Requirement already satisfied: webencodings in /Users/runner/micromamba/envs/tardis/lib/python3.12/site-packages (from bleach!=5.0.0->nbconvert>=5->notebook>=4.4.1->widgetsnbextension~=3.6.5->ipywidgets>=7.0.0->qgridnext) (0.5.1)
2025-01-17T13:31:14.9970070Z Requirement already satisfied: attrs>=22.2.0 in /Users/runner/micromamba/envs/tardis/lib/python3.12/site-packages (from jsonschema>=2.6->nbformat->notebook>=4.4.1->widgetsnbextension~=3.6.5->ipywidgets>=7.0.0->qgridnext) (23.2.0)
2025-01-17T13:31:15.0072690Z Requirement already satisfied: jsonschema-specifications>=2023.03.6 in /Users/runner/micromamba/envs/tardis/lib/python3.12/site-packages (from jsonschema>=2.6->nbformat->notebook>=4.4.1->widgetsnbextension~=3.6.5->ipywidgets>=7.0.0->qgridnext) (2023.12.1)
2025-01-17T13:31:15.0174800Z Requirement already satisfied: referencing>=0.28.4 in /Users/runner/micromamba/envs/tardis/lib/python3.12/site-packages (from jsonschema>=2.6->nbformat->notebook>=4.4.1->widgetsnbextension~=3.6.5->ipywidgets>=7.0.0->qgridnext) (0.35.1)
2025-01-17T13:31:15.0277190Z Requirement already satisfied: rpds-py>=0.7.1 in /Users/runner/micromamba/envs/tardis/lib/python3.12/site-packages (from jsonschema>=2.6->nbformat->notebook>=4.4.1->widgetsnbextension~=3.6.5->ipywidgets>=7.0.0->qgridnext) (0.18.1)
2025-01-17T13:31:15.0379570Z Requirement already satisfied: jupyter-server<3,>=1.8 in /Users/runner/micromamba/envs/tardis/lib/python3.12/site-packages (from notebook_shim>=0.2.3->nbclassic>=0.4.7->notebook>=4.4.1->widgetsnbextension~=3.6.5->ipywidgets>=7.0.0->qgridnext) (2.14.1)
2025-01-17T13:31:15.0480840Z Requirement already satisfied: cffi>=1.0.1 in /Users/runner/micromamba/envs/tardis/lib/python3.12/site-packages (from argon2-cffi-bindings->argon2-cffi->notebook>=4.4.1->widgetsnbextension~=3.6.5->ipywidgets>=7.0.0->qgridnext) (1.16.0)
2025-01-17T13:31:15.0582880Z Requirement already satisfied: soupsieve>1.2 in /Users/runner/micromamba/envs/tardis/lib/python3.12/site-packages (from beautifulsoup4->nbconvert>=5->notebook>=4.4.1->widgetsnbextension~=3.6.5->ipywidgets>=7.0.0->qgridnext) (2.5)
2025-01-17T13:31:15.0683500Z Requirement already satisfied: pycparser in /Users/runner/micromamba/envs/tardis/lib/python3.12/site-packages (from cffi>=1.0.1->argon2-cffi-bindings->argon2-cffi->notebook>=4.4.1->widgetsnbextension~=3.6.5->ipywidgets>=7.0.0->qgridnext) (2.22)
2025-01-17T13:31:15.0785500Z Requirement already satisfied: anyio>=3.1.0 in /Users/runner/micromamba/envs/tardis/lib/python3.12/site-packages (from jupyter-server<3,>=1.8->notebook_shim>=0.2.3->nbclassic>=0.4.7->notebook>=4.4.1->widgetsnbextension~=3.6.5->ipywidgets>=7.0.0->qgridnext) (4.4.0)
2025-01-17T13:31:15.0885890Z Requirement already satisfied: jupyter-events>=0.9.0 in /Users/runner/micromamba/envs/tardis/lib/python3.12/site-packages (from jupyter-server<3,>=1.8->notebook_shim>=0.2.3->nbclassic>=0.4.7->notebook>=4.4.1->widgetsnbextension~=3.6.5->ipywidgets>=7.0.0->qgridnext) (0.10.0)
2025-01-17T13:31:15.0988140Z Requirement already satisfied: jupyter-server-terminals>=0.4.4 in /Users/runner/micromamba/envs/tardis/lib/python3.12/site-packages (from jupyter-server<3,>=1.8->notebook_shim>=0.2.3->nbclassic>=0.4.7->notebook>=4.4.1->widgetsnbextension~=3.6.5->ipywidgets>=7.0.0->qgridnext) (0.5.3)
2025-01-17T13:31:15.1088760Z Requirement already satisfied: overrides>=5.0 in /Users/runner/micromamba/envs/tardis/lib/python3.12/site-packages (from jupyter-server<3,>=1.8->notebook_shim>=0.2.3->nbclassic>=0.4.7->notebook>=4.4.1->widgetsnbextension~=3.6.5->ipywidgets>=7.0.0->qgridnext) (7.7.0)
2025-01-17T13:31:15.1189480Z Requirement already satisfied: websocket-client>=1.7 in /Users/runner/micromamba/envs/tardis/lib/python3.12/site-packages (from jupyter-server<3,>=1.8->notebook_shim>=0.2.3->nbclassic>=0.4.7->notebook>=4.4.1->widgetsnbextension~=3.6.5->ipywidgets>=7.0.0->qgridnext) (1.8.0)
2025-01-17T13:31:15.1291270Z Requirement already satisfied: idna>=2.8 in /Users/runner/micromamba/envs/tardis/lib/python3.12/site-packages (from anyio>=3.1.0->jupyter-server<3,>=1.8->notebook_shim>=0.2.3->nbclassic>=0.4.7->notebook>=4.4.1->widgetsnbextension~=3.6.5->ipywidgets>=7.0.0->qgridnext) (3.7)
2025-01-17T13:31:15.1392220Z Requirement already satisfied: sniffio>=1.1 in /Users/runner/micromamba/envs/tardis/lib/python3.12/site-packages (from anyio>=3.1.0->jupyter-server<3,>=1.8->notebook_shim>=0.2.3->nbclassic>=0.4.7->notebook>=4.4.1->widgetsnbextension~=3.6.5->ipywidgets>=7.0.0->qgridnext) (1.3.1)
2025-01-17T13:31:15.1493900Z Requirement already satisfied: python-json-logger>=2.0.4 in /Users/runner/micromamba/envs/tardis/lib/python3.12/site-packages (from jupyter-events>=0.9.0->jupyter-server<3,>=1.8->notebook_shim>=0.2.3->nbclassic>=0.4.7->notebook>=4.4.1->widgetsnbextension~=3.6.5->ipywidgets>=7.0.0->qgridnext) (2.0.7)
2025-01-17T13:31:15.1594960Z Requirement already satisfied: pyyaml>=5.3 in /Users/runner/micromamba/envs/tardis/lib/python3.12/site-packages (from jupyter-events>=0.9.0->jupyter-server<3,>=1.8->notebook_shim>=0.2.3->nbclassic>=0.4.7->notebook>=4.4.1->widgetsnbextension~=3.6.5->ipywidgets>=7.0.0->qgridnext) (6.0.1)
2025-01-17T13:31:15.1698310Z Requirement already satisfied: rfc3339-validator in /Users/runner/micromamba/envs/tardis/lib/python3.12/site-packages (from jupyter-events>=0.9.0->jupyter-server<3,>=1.8->notebook_shim>=0.2.3->nbclassic>=0.4.7->notebook>=4.4.1->widgetsnbextension~=3.6.5->ipywidgets>=7.0.0->qgridnext) (0.1.4)
2025-01-17T13:31:15.1797490Z Requirement already satisfied: rfc3986-validator>=0.1.1 in /Users/runner/micromamba/envs/tardis/lib/python3.12/site-packages (from jupyter-events>=0.9.0->jupyter-server<3,>=1.8->notebook_shim>=0.2.3->nbclassic>=0.4.7->notebook>=4.4.1->widgetsnbextension~=3.6.5->ipywidgets>=7.0.0->qgridnext) (0.1.1)
2025-01-17T13:31:15.1873320Z Requirement already satisfied: fqdn in /Users/runner/micromamba/envs/tardis/lib/python3.12/site-packages (from jsonschema[format-nongpl]>=4.18.0->jupyter-events>=0.9.0->jupyter-server<3,>=1.8->notebook_shim>=0.2.3->nbclassic>=0.4.7->notebook>=4.4.1->widgetsnbextension~=3.6.5->ipywidgets>=7.0.0->qgridnext) (1.5.1)
2025-01-17T13:31:15.1875920Z Requirement already satisfied: isoduration in /Users/runner/micromamba/envs/tardis/lib/python3.12/site-packages (from jsonschema[format-nongpl]>=4.18.0->jupyter-events>=0.9.0->jupyter-server<3,>=1.8->notebook_shim>=0.2.3->nbclassic>=0.4.7->notebook>=4.4.1->widgetsnbextension~=3.6.5->ipywidgets>=7.0.0->qgridnext) (20.11.0)
2025-01-17T13:31:15.1877760Z Requirement already satisfied: jsonpointer>1.13 in /Users/runner/micromamba/envs/tardis/lib/python3.12/site-packages (from jsonschema[format-nongpl]>=4.18.0->jupyter-events>=0.9.0->jupyter-server<3,>=1.8->notebook_shim>=0.2.3->nbclassic>=0.4.7->notebook>=4.4.1->widgetsnbextension~=3.6.5->ipywidgets>=7.0.0->qgridnext) (3.0.0)
2025-01-17T13:31:15.1879740Z Requirement already satisfied: uri-template in /Users/runner/micromamba/envs/tardis/lib/python3.12/site-packages (from jsonschema[format-nongpl]>=4.18.0->jupyter-events>=0.9.0->jupyter-server<3,>=1.8->notebook_shim>=0.2.3->nbclassic>=0.4.7->notebook>=4.4.1->widgetsnbextension~=3.6.5->ipywidgets>=7.0.0->qgridnext) (1.3.0)
2025-01-17T13:31:15.1882040Z Requirement already satisfied: webcolors>=1.11 in /Users/runner/micromamba/envs/tardis/lib/python3.12/site-packages (from jsonschema[format-nongpl]>=4.18.0->jupyter-events>=0.9.0->jupyter-server<3,>=1.8->notebook_shim>=0.2.3->nbclassic>=0.4.7->notebook>=4.4.1->widgetsnbextension~=3.6.5->ipywidgets>=7.0.0->qgridnext) (24.6.0)
2025-01-17T13:31:15.1883790Z Requirement already satisfied: arrow>=0.15.0 in /Users/runner/micromamba/envs/tardis/lib/python3.12/site-packages (from isoduration->jsonschema[format-nongpl]>=4.18.0->jupyter-events>=0.9.0->jupyter-server<3,>=1.8->notebook_shim>=0.2.3->nbclassic>=0.4.7->notebook>=4.4.1->widgetsnbextension~=3.6.5->ipywidgets>=7.0.0->qgridnext) (1.3.0)
2025-01-17T13:31:15.1886080Z Requirement already satisfied: types-python-dateutil>=2.8.10 in /Users/runner/micromamba/envs/tardis/lib/python3.12/site-packages (from arrow>=0.15.0->isoduration->jsonschema[format-nongpl]>=4.18.0->jupyter-events>=0.9.0->jupyter-server<3,>=1.8->notebook_shim>=0.2.3->nbclassic>=0.4.7->notebook>=4.4.1->widgetsnbextension~=3.6.5->ipywidgets>=7.0.0->qgridnext) (2.9.0.20240316)
2025-01-17T13:31:15.1891650Z Downloading qgridnext-2.0.4-py3-none-any.whl (1.3 MB)
2025-01-17T13:31:15.1892420Z    â”â”â”â”â”â”â”â”â”â”â”â”â”â”â”â”â”â”â”â”â”â”â”â”â”â”â”â”â”â”â”â”â”â”â”â”â”â”â”â” 1.3/1.3 MB 21.2 MB/s eta 0:00:00
2025-01-17T13:31:16.0146920Z Installing collected packages: qgridnext
2025-01-17T13:31:16.0793770Z Successfully installed qgridnext-2.0.4
2025-01-17T13:31:16.3177580Z ##[group]Run pytest tardis --tardis-regression-data=/Users/runner/work/tardis/tardis/tardis-regression-data --cov=tardis --cov-report=xml --cov-report=html --cov-append -m "not continuum"
2025-01-17T13:31:16.3178630Z [36;1mpytest tardis --tardis-regression-data=/Users/runner/work/tardis/tardis/tardis-regression-data --cov=tardis --cov-report=xml --cov-report=html --cov-append -m "not continuum"[0m
2025-01-17T13:31:16.3236880Z shell: /bin/bash -l {0}
2025-01-17T13:31:16.3237090Z env:
2025-01-17T13:31:16.3237240Z   CACHE_NUMBER: 0
2025-01-17T13:31:16.3237770Z   PYTEST_FLAGS: --tardis-regression-data=/Users/runner/work/tardis/tardis/tardis-regression-data --cov=tardis --cov-report=xml --cov-report=html --cov-append
2025-01-17T13:31:16.3238300Z   CODECOV_TOKEN: 
2025-01-17T13:31:16.3238490Z   MAMBA_ROOT_PREFIX: /Users/runner/micromamba
2025-01-17T13:31:16.3238760Z   MAMBA_EXE: /Users/runner/micromamba-bin/micromamba
2025-01-17T13:31:16.3239310Z   CONDARC: /Users/runner/work/_temp/setup-micromamba/.condarc
2025-01-17T13:31:16.3239560Z ##[endgroup]
2025-01-17T13:31:29.1454330Z ============================= test session starts ==============================
2025-01-17T13:31:29.1454730Z platform darwin -- Python 3.12.4, pytest-8.2.2, pluggy-1.5.0
2025-01-17T13:31:29.1455010Z rootdir: /Users/runner/work/tardis/tardis
2025-01-17T13:31:29.1455230Z configfile: pyproject.toml
2025-01-17T13:31:29.1455520Z plugins: cov-5.0.0, html-4.1.1, metadata-3.1.1, doctestplus-1.2.1, anyio-4.4.0
2025-01-17T13:31:29.1455830Z collected 1796 items / 2 deselected / 1794 selected
2025-01-17T13:31:29.1456010Z 
2025-01-17T13:31:32.0381320Z tardis/energy_input/tests/test_energy_source.py ..xxx                    [  0%]
2025-01-17T13:31:33.3067960Z tardis/energy_input/tests/test_gamma_ray_channel.py ...........          [  0%]
2025-01-17T13:31:34.3937690Z tardis/energy_input/tests/test_gamma_ray_grid.py xx.                     [  1%]
2025-01-17T13:31:35.5149990Z tardis/energy_input/tests/test_gamma_ray_interactions.py xx....          [  1%]
2025-01-17T13:31:35.5206880Z tardis/energy_input/tests/test_gamma_ray_packet_source.py sssssssss      [  1%]
2025-01-17T13:31:36.3822880Z tardis/energy_input/tests/test_util.py .....xxxx.....                    [  2%]
2025-01-17T13:31:36.6440320Z tardis/grid/tests/test_grid.py .                                         [  2%]
2025-01-17T13:31:36.6541550Z tardis/gui/tests/test_gui.py s                                           [  2%]
2025-01-17T13:31:40.2932750Z tardis/io/configuration/tests/test_config_reader.py ...........          [  3%]
2025-01-17T13:31:40.3025360Z tardis/io/configuration/tests/test_configuration_namespace.py .........  [  3%]
2025-01-17T13:31:40.3182070Z tardis/io/logger/tests/test_logging.py ssssssssssssssssssssssssssss      [  5%]
2025-01-17T13:32:08.2184050Z tardis/io/model/readers/tests/test_arepo_parser.py ..                    [  5%]
2025-01-17T13:32:08.2394260Z tardis/io/model/readers/tests/test_ascii_readers.py ...                  [  5%]
2025-01-17T13:32:08.2544120Z tardis/io/model/readers/tests/test_cmfgen_reader.py ..                   [  5%]
2025-01-17T13:32:08.2811360Z tardis/io/model/readers/tests/test_csvy_reader.py ....                   [  6%]
2025-01-17T13:32:08.2977260Z tardis/io/model/readers/tests/test_stella_reader.py ..                   [  6%]
2025-01-17T13:32:08.5060030Z tardis/io/tests/test_HDFWriter.py ...............                        [  7%]
2025-01-17T13:32:09.0024590Z tardis/io/tests/test_atomic.py .....                                     [  7%]
2025-01-17T13:32:09.0578690Z tardis/io/tests/test_decay.py ..                                         [  7%]
2025-01-17T13:32:09.1871400Z tardis/io/tests/test_model_reader.py ......                              [  7%]
2025-01-17T13:32:09.1914560Z tardis/model/geometry/tests/test_radial1d.py ..                          [  7%]
2025-01-17T13:32:35.2667300Z tardis/model/tests/test_base.py ........................................ [ 10%]
2025-01-17T13:32:35.9888350Z ............                                                             [ 10%]
2025-01-17T13:32:38.1689740Z tardis/model/tests/test_csvy_model.py .........                          [ 11%]
2025-01-17T13:32:38.1987140Z tardis/model/tests/test_density.py ..                                    [ 11%]
2025-01-17T13:32:39.2549920Z tardis/opacities/tests/test_opacity_solver.py .....                      [ 11%]
2025-01-17T13:32:40.3105130Z tardis/opacities/tests/test_opacity_state_numba.py .....                 [ 11%]
2025-01-17T13:32:41.9164320Z tardis/opacities/tests/test_tau_sobolev.py ..                            [ 12%]
2025-01-17T13:32:44.1414810Z tardis/plasma/equilibrium/tests/test_collisional_transitions.py ...      [ 12%]
2025-01-17T13:33:24.1127310Z tardis/plasma/equilibrium/tests/test_level_populations.py ....           [ 12%]
2025-01-17T13:33:35.4531360Z tardis/plasma/equilibrium/tests/test_rate_matrix.py .                    [ 12%]
2025-01-17T13:33:36.8723290Z tardis/plasma/tests/test_complete_plasmas.py ..............s......s..... [ 13%]
2025-01-17T13:33:40.3995280Z s....ssssss............s......s.....ss.....s....ssssss............s..... [ 18%]
2025-01-17T13:33:42.1336870Z .s.....ss.....s....ssssss............s......s.....ss.....s....ssssss.... [ 22%]
2025-01-17T13:33:44.8645140Z ........s......s.....ss.....s....ssssss............s......s.....ss.....s [ 26%]
2025-01-17T13:33:47.4490740Z ....ssssss............s......s.....ss.....s....ssssss............s...... [ 30%]
2025-01-17T13:33:48.1189000Z s.....ss.....s....ssssss............s......s.....ss.....s.ss.ssssss..... [ 34%]
2025-01-17T13:33:50.2002700Z .......s......s.....ss.....s....ssssss............s......s.....ss.....s. [ 38%]
2025-01-17T13:33:52.8195530Z ...ssssss............s......s.....ss.....s....ssssss............s......s [ 42%]
2025-01-17T13:33:55.7086360Z .....ss.....s....ssssss............s......s.....s...........ssssss...... [ 46%]
2025-01-17T13:33:57.2612090Z ......s......s.....s...........ssssss............s......s.....s......... [ 50%]
2025-01-17T13:34:00.0016990Z ..ssssss............s......s.....ss.....s....ssssss............s......s. [ 54%]
2025-01-17T13:34:03.2362340Z ....ss.....s....ssssss...................s......s.....s....ssss......... [ 58%]
2025-01-17T13:34:03.7639950Z ............s......s.....s....ssss.......                                [ 60%]
2025-01-17T13:34:04.2085150Z tardis/plasma/tests/test_hdf_plasma.py ................................. [ 62%]
2025-01-17T13:34:04.2183430Z ......                                                                   [ 62%]
2025-01-17T13:34:04.6352860Z tardis/plasma/tests/test_nlte_excitation.py ...                          [ 62%]
2025-01-17T13:36:05.6223650Z tardis/plasma/tests/test_nlte_solver.py .....X                           [ 63%]
2025-01-17T13:36:05.6493480Z tardis/plasma/tests/test_plasma_continuum.py .                           [ 63%]
2025-01-17T13:36:33.3958810Z tardis/plasma/tests/test_plasma_vboundary.py .............               [ 63%]
2025-01-17T13:36:48.1940020Z tardis/plasma/tests/test_tardis_model_density_config.py ...              [ 64%]
2025-01-17T13:36:48.8930750Z tardis/simulation/tests/test_convergence.py .....                        [ 64%]
2025-01-17T13:36:56.5704230Z tardis/simulation/tests/test_simulation.py .............                 [ 65%]
2025-01-17T13:36:56.5904820Z tardis/spectrum/tests/test_cuda_formal_integral.py sssssssssssssssssssss [ 66%]
2025-01-17T13:36:56.9096010Z ssss...ssssssssssssssssssssss                                            [ 67%]
2025-01-17T13:36:56.9160320Z tardis/spectrum/tests/test_luminosity.py ....                            [ 68%]
2025-01-17T13:36:58.0117820Z tardis/spectrum/tests/test_numba_formal_integral.py .................... [ 69%]
2025-01-17T13:36:58.0242260Z ..........                                                               [ 69%]
2025-01-17T13:36:58.1608490Z tardis/spectrum/tests/test_spectrum.py ................................. [ 71%]
2025-01-17T13:36:58.1859740Z .........                                                                [ 72%]
2025-01-17T13:37:20.5104380Z tardis/spectrum/tests/test_spectrum_solver.py ....                       [ 72%]
2025-01-17T13:38:39.0981510Z tardis/tests/test_tardis_full.py ....                                    [ 72%]
2025-01-17T13:40:19.8257840Z tardis/tests/test_tardis_full_formal_integral.py ................        [ 73%]
2025-01-17T13:40:19.8839460Z tardis/tests/test_util.py .............................................  [ 75%]
2025-01-17T13:40:22.0572660Z tardis/transport/montecarlo/tests/test_base.py x.....................    [ 77%]
2025-01-17T13:40:26.9495420Z tardis/transport/montecarlo/tests/test_interaction.py .......            [ 77%]
2025-01-17T13:40:27.1181260Z tardis/transport/montecarlo/tests/test_macro_atom.py ....                [ 77%]
2025-01-17T13:40:27.1315830Z tardis/transport/montecarlo/tests/test_montecarlo.py sssssssssssssssssss [ 78%]
2025-01-17T13:40:27.1591290Z sssssssssssssssssssssssssssssssssssssssssssss                            [ 81%]
2025-01-17T13:40:34.3735190Z tardis/transport/montecarlo/tests/test_montecarlo_main_loop.py x..       [ 81%]
2025-01-17T13:40:34.3856120Z tardis/transport/montecarlo/tests/test_nonhomologous.py ...              [ 81%]
2025-01-17T13:40:36.8631240Z tardis/transport/montecarlo/tests/test_numba_interface.py .....x.        [ 82%]
2025-01-17T13:40:37.2175090Z tardis/transport/montecarlo/tests/test_opacities.py ...............      [ 82%]
2025-01-17T13:40:37.9453170Z tardis/transport/montecarlo/tests/test_packet.py .................xXXXXX [ 84%]
2025-01-17T13:40:38.0404300Z XX.........                                                              [ 84%]
2025-01-17T13:40:38.0794830Z tardis/transport/montecarlo/tests/test_packet_source.py ........         [ 85%]
2025-01-17T13:40:38.3339020Z tardis/transport/montecarlo/tests/test_rpacket_last_interaction_tracker.py . [ 85%]
2025-01-17T13:40:38.6331110Z .....                                                                    [ 85%]
2025-01-17T13:40:48.3805140Z tardis/transport/montecarlo/tests/test_rpacket_tracker.py ......         [ 85%]
2025-01-17T13:40:48.4052840Z tardis/transport/montecarlo/tests/test_single_packet_loop.py xxx         [ 86%]
2025-01-17T13:40:48.4087440Z tardis/transport/montecarlo/tests/test_tracker_utils.py ..               [ 86%]
2025-01-17T13:40:50.1630320Z tardis/transport/montecarlo/tests/test_vpacket.py ..x.                   [ 86%]
2025-01-17T13:40:50.1789490Z tardis/transport/montecarlo/tests/test_weighted_packet_source.py ....    [ 86%]
2025-01-17T13:40:52.6817960Z tardis/transport/montecarlo/tests/test_weighted_packet_source_integration.py . [ 86%]
2025-01-17T13:40:52.6819220Z                                                                          [ 86%]
2025-01-17T13:40:53.1833780Z tardis/transport/tests/test_doppler_factor.py ..................         [ 87%]
2025-01-17T13:40:55.3858570Z tardis/visualization/tools/tests/test_convergence_plot.py .............. [ 88%]
2025-01-17T13:40:57.0556420Z ......                                                                   [ 88%]
2025-01-17T13:41:00.6412590Z tardis/visualization/tools/tests/test_liv_plot.py ...................... [ 90%]
2025-01-17T13:41:04.4083460Z .............................                                            [ 91%]
2025-01-17T13:41:07.2840180Z tardis/visualization/tools/tests/test_rpacket_plot.py .................. [ 92%]
2025-01-17T13:41:14.7123850Z ....                                                                     [ 92%]
2025-01-17T13:41:19.9686590Z tardis/visualization/tools/tests/test_sdec_plot.py ..................... [ 94%]
2025-01-17T13:41:27.4707890Z ..............................                                           [ 95%]
2025-01-17T13:41:27.8344100Z tardis/visualization/widgets/tests/test_custom_abundance.py ........ss.. [ 96%]
2025-01-17T13:41:27.8818270Z ....                                                                     [ 96%]
2025-01-17T13:41:28.7779570Z tardis/visualization/widgets/tests/test_line_info.py ................... [ 97%]
2025-01-17T13:41:29.3772180Z ..................                                                       [ 98%]
2025-01-17T13:44:43.7089840Z tardis/visualization/widgets/tests/test_shell_info.py .................. [ 99%]
2025-01-17T13:44:50.1234860Z ......                                                                   [100%]
2025-01-17T13:44:50.1238640Z 
2025-01-17T13:44:50.1245950Z =============================== warnings summary ===============================
2025-01-17T13:44:50.1248320Z tardis/io/configuration/config_validator.py:6
2025-01-17T13:44:50.1249120Z tardis/io/configuration/config_validator.py:6
2025-01-17T13:44:50.1249920Z   /Users/runner/work/tardis/tardis/tardis/io/configuration/config_validator.py:6: DeprecationWarning:
2025-01-17T13:44:50.1251160Z   
2025-01-17T13:44:50.1252420Z   jsonschema.RefResolver is deprecated as of v4.18.0, in favor of the https://github.com/python-jsonschema/referencing library, which provides more compliant referencing behavior as well as more flexible APIs for customization. A future release will remove RefResolver. Please file a feature request (on referencing) if you are missing an API for the kind of customization you need.
2025-01-17T13:44:50.1262950Z 
2025-01-17T13:44:50.1264190Z ../../../micromamba/envs/tardis/lib/python3.12/site-packages/jupyter_client/connect.py:27
2025-01-17T13:44:50.1264910Z   /Users/runner/micromamba/envs/tardis/lib/python3.12/site-packages/jupyter_client/connect.py:27: DeprecationWarning:
2025-01-17T13:44:50.1265390Z   
2025-01-17T13:44:50.1265640Z   Jupyter is migrating its paths to use standard platformdirs
2025-01-17T13:44:50.1266040Z   given by the platformdirs library.  To remove this warning and
2025-01-17T13:44:50.1266440Z   see the appropriate new directories, set the environment variable
2025-01-17T13:44:50.1266870Z   `JUPYTER_PLATFORM_DIRS=1` and then run `jupyter --paths`.
2025-01-17T13:44:50.1267220Z   The use of platformdirs will be the default in `jupyter_core` v6
2025-01-17T13:44:50.1267490Z 
2025-01-17T13:44:50.1267620Z tardis/plasma/properties/__init__.py:17
2025-01-17T13:44:50.1268060Z   /Users/runner/work/tardis/tardis/tardis/plasma/properties/__init__.py:17: DeprecationWarning:
2025-01-17T13:44:50.1268510Z   
2025-01-17T13:44:50.1269090Z   The numpy.linalg.linalg has been made private and renamed to numpy.linalg._linalg. All public functions exported by it are available from numpy.linalg. Please use numpy.linalg.LinAlgError instead.
2025-01-17T13:44:50.1269680Z 
2025-01-17T13:44:50.1269850Z tardis/transport/montecarlo/tests/test_montecarlo.py:557
2025-01-17T13:44:50.1270390Z   /Users/runner/work/tardis/tardis/tardis/transport/montecarlo/tests/test_montecarlo.py:557: PytestUnknownMarkWarning:
2025-01-17T13:44:50.1273630Z   
2025-01-17T13:44:50.1274300Z   Unknown pytest.mark.continuumtest - is this a typo?  You can register custom marks to avoid this warning - for details, see https://docs.pytest.org/en/stable/how-to/mark.html
2025-01-17T13:44:50.1274820Z 
2025-01-17T13:44:50.1275030Z tardis/transport/montecarlo/tests/test_montecarlo.py:584
2025-01-17T13:44:50.1275680Z   /Users/runner/work/tardis/tardis/tardis/transport/montecarlo/tests/test_montecarlo.py:584: PytestUnknownMarkWarning:
2025-01-17T13:44:50.1276250Z   
2025-01-17T13:44:50.1276780Z   Unknown pytest.mark.continuumtest - is this a typo?  You can register custom marks to avoid this warning - for details, see https://docs.pytest.org/en/stable/how-to/mark.html
2025-01-17T13:44:50.1277300Z 
2025-01-17T13:44:50.1277470Z tardis/transport/montecarlo/tests/test_montecarlo.py:605
2025-01-17T13:44:50.1278060Z   /Users/runner/work/tardis/tardis/tardis/transport/montecarlo/tests/test_montecarlo.py:605: PytestUnknownMarkWarning:
2025-01-17T13:44:50.1278530Z   
2025-01-17T13:44:50.1279110Z   Unknown pytest.mark.continuumtest - is this a typo?  You can register custom marks to avoid this warning - for details, see https://docs.pytest.org/en/stable/how-to/mark.html
2025-01-17T13:44:50.1279620Z 
2025-01-17T13:44:50.1290400Z tardis/io/tests/test_HDFWriter.py::test_multi_index_write
2025-01-17T13:44:50.1301000Z tardis/visualization/widgets/tests/test_shell_info.py::TestHDFShellInfo::test_shells_data
2025-01-17T13:44:50.1301760Z   /Users/runner/work/tardis/tardis/tardis/io/util.py:276: PerformanceWarning:
2025-01-17T13:44:50.1302170Z   
2025-01-17T13:44:50.1302360Z   
2025-01-17T13:44:50.1302700Z   your performance may suffer as PyTables will pickle object types that it cannot
2025-01-17T13:44:50.1303330Z   map directly to c-types [inferred_type->mixed,key->block0_values] [items->Index([0], dtype='int64')]
2025-01-17T13:44:50.1303660Z 
2025-01-17T13:44:50.1303900Z tardis/io/tests/test_model_reader.py::test_read_cmfgen_isotope_abundances
2025-01-17T13:44:50.1304380Z tardis/plasma/tests/test_tardis_model_density_config.py::test_electron_densities
2025-01-17T13:44:50.1304920Z tardis/plasma/tests/test_tardis_model_density_config.py::test_isotope_number_densities
2025-01-17T13:44:50.1305430Z tardis/plasma/tests/test_tardis_model_density_config.py::test_t_rad
2025-01-17T13:44:50.1306250Z   /Users/runner/work/tardis/tardis/tardis/io/model/readers/cmfgen_deprecated.py:82: DeprecationWarning:
2025-01-17T13:44:50.1306700Z   
2025-01-17T13:44:50.1307030Z   The current CMFGEN model parser is deprecated
2025-01-17T13:44:50.1307230Z 
2025-01-17T13:44:50.1307320Z tardis/io/tests/test_model_reader.py: 1 warning
2025-01-17T13:44:50.1307770Z tardis/plasma/tests/test_tardis_model_density_config.py: 9 warnings
2025-01-17T13:44:50.1308700Z   /Users/runner/work/tardis/tardis/tardis/io/model/readers/cmfgen_deprecated.py:40: DeprecationWarning:
2025-01-17T13:44:50.1309190Z   
2025-01-17T13:44:50.1309400Z   The current CMFGEN model parser is deprecated
2025-01-17T13:44:50.1309610Z 
2025-01-17T13:44:50.1309830Z tardis/model/tests/test_base.py::TestModelFromPaper1Config::test_abundances
2025-01-17T13:44:50.1310470Z   /Users/runner/work/tardis/tardis/tardis/transport/montecarlo/montecarlo_main_loop.py:123: NumbaTypeSafetyWarning:
2025-01-17T13:44:50.1311000Z   
2025-01-17T13:44:50.1312810Z   [1m[1m[1munsafe cast from uint64 to int64. Precision may be lost.[0m[0m[0m
2025-01-17T13:44:50.1313080Z 
2025-01-17T13:44:50.1313210Z tardis/model/tests/test_base.py: 6 warnings
2025-01-17T13:44:50.1313520Z tardis/model/tests/test_csvy_model.py: 2 warnings
2025-01-17T13:44:50.1313910Z tardis/plasma/tests/test_tardis_model_density_config.py: 3 warnings
2025-01-17T13:44:50.1314390Z   /Users/runner/work/tardis/tardis/tardis/model/geometry/radial1d.py:50: DeprecationWarning:
2025-01-17T13:44:50.1314830Z   
2025-01-17T13:44:50.1315010Z   v_inner_boundary < 0, assuming default value
2025-01-17T13:44:50.1315230Z 
2025-01-17T13:44:50.1315310Z tardis/model/tests/test_base.py: 6 warnings
2025-01-17T13:44:50.1315670Z tardis/model/tests/test_csvy_model.py: 2 warnings
2025-01-17T13:44:50.1316010Z tardis/plasma/tests/test_tardis_model_density_config.py: 3 warnings
2025-01-17T13:44:50.1316530Z   /Users/runner/work/tardis/tardis/tardis/model/geometry/radial1d.py:61: DeprecationWarning:
2025-01-17T13:44:50.1316920Z   
2025-01-17T13:44:50.1317180Z   v_outer_boundary < 0, assuming default value
2025-01-17T13:44:50.1317430Z 
2025-01-17T13:44:50.1317720Z tardis/plasma/equilibrium/tests/test_collisional_transitions.py::test_legacy_chianti_collisional_strengths
2025-01-17T13:44:50.1318420Z tardis/plasma/equilibrium/tests/test_collisional_transitions.py::test_legacy_chianti_collisional_strengths
2025-01-17T13:44:50.1319030Z tardis/plasma/equilibrium/tests/test_collisional_transitions.py::test_legacy_chianti_collisional_strengths
2025-01-17T13:44:50.1319710Z tardis/plasma/equilibrium/tests/test_collisional_transitions.py::test_legacy_chianti_collisional_strengths
2025-01-17T13:44:50.1320540Z tardis/plasma/equilibrium/tests/test_level_populations.py::TestLevelPopulationSolver::test_calculate_level_population_simple[collisional_rate_solver0-radiative_transitions0]
2025-01-17T13:44:50.1321540Z tardis/plasma/equilibrium/tests/test_level_populations.py::TestLevelPopulationSolver::test_calculate_level_population_empty[collisional_rate_solver0-radiative_transitions0]
2025-01-17T13:44:50.1324000Z tardis/plasma/equilibrium/tests/test_level_populations.py::TestLevelPopulationSolver::test_calculate_level_population_zeros[collisional_rate_solver0-radiative_transitions0]
2025-01-17T13:44:50.1325030Z tardis/plasma/equilibrium/tests/test_level_populations.py::TestLevelPopulationSolver::test_solve[collisional_rate_solver0-radiative_transitions0]
2025-01-17T13:44:50.1325790Z tardis/plasma/equilibrium/tests/test_rate_matrix.py::test_rate_matrix_solver[collisional_rate_solver0-radiative_transitions0]
2025-01-17T13:44:50.1326460Z   /Users/runner/micromamba/envs/tardis/lib/python3.12/pickle.py:323: DeprecationWarning:
2025-01-17T13:44:50.1326840Z   
2025-01-17T13:44:50.1328240Z   numpy.core.numeric is deprecated and has been renamed to numpy._core.numeric. The numpy._core namespace contains private NumPy internals and its use is discouraged, as NumPy internals can change without warning in any release. In practice, most real-world usage of numpy.core is to access functionality in the public NumPy API. If that is the case, use the public NumPy API. If not, you are using NumPy internals. If you would still like to access an internal attribute, use numpy._core.numeric._frombuffer.
2025-01-17T13:44:50.1331920Z 
2025-01-17T13:44:50.1333200Z tardis/plasma/equilibrium/tests/test_level_populations.py::TestLevelPopulationSolver::test_solve[collisional_rate_solver0-radiative_transitions0]
2025-01-17T13:44:50.1335440Z   /Users/runner/work/tardis/tardis/tardis/plasma/equilibrium/level_populations.py:65: FutureWarning:
2025-01-17T13:44:50.1336620Z   
2025-01-17T13:44:50.1337620Z   A value is trying to be set on a copy of a DataFrame or Series through chained assignment using an inplace method.
2025-01-17T13:44:50.1339560Z   The behavior will change in pandas 3.0. This inplace method will never work because the intermediate object on which we are setting values always behaves as a copy.
2025-01-17T13:44:50.1341060Z   
2025-01-17T13:44:50.1342570Z   For example, when doing 'df[col].method(value, inplace=True)', try using 'df.method({col: value}, inplace=True)' or df[col] = df[col].method(value) instead, to perform the operation inplace on the original object.
2025-01-17T13:44:50.1344090Z 
2025-01-17T13:44:50.1344680Z tardis/plasma/tests/test_plasma_vboundary.py::test_plasma_vboundary[2900-3750]
2025-01-17T13:44:50.1345920Z tardis/plasma/tests/test_plasma_vboundary.py::test_plasma_vboundary[2900-3850]
2025-01-17T13:44:50.1347290Z tardis/plasma/tests/test_plasma_vboundary.py::test_plasma_vboundary[2900-3900]
2025-01-17T13:44:50.1348640Z   /Users/runner/work/tardis/tardis/tardis/model/geometry/radial1d.py:71: UserWarning:
2025-01-17T13:44:50.1349720Z   
2025-01-17T13:44:50.1350480Z   Requesting inner boundary below inner shell. Extrapolating the inner cell
2025-01-17T13:44:50.1352000Z 
2025-01-17T13:44:50.1352680Z tardis/spectrum/tests/test_numba_formal_integral.py::test_trapezoid_integration[100.0]
2025-01-17T13:44:50.1354080Z tardis/spectrum/tests/test_numba_formal_integral.py::test_trapezoid_integration[1000.0]
2025-01-17T13:44:50.1355530Z tardis/spectrum/tests/test_numba_formal_integral.py::test_trapezoid_integration[10000.0]
2025-01-17T13:44:50.1357020Z tardis/spectrum/tests/test_numba_formal_integral.py::test_trapezoid_integration[100000.0]
2025-01-17T13:44:50.1363230Z   /Users/runner/work/tardis/tardis/tardis/spectrum/tests/test_numba_formal_integral.py:35: DeprecationWarning:
2025-01-17T13:44:50.1364770Z   
2025-01-17T13:44:50.1366110Z   `trapz` is deprecated. Use `trapezoid` instead, or one of the numerical integration functions in `scipy.integrate`.
2025-01-17T13:44:50.1366480Z 
2025-01-17T13:44:50.1366780Z tardis/spectrum/tests/test_spectrum_solver.py::TestSpectrumSolver::test_solve
2025-01-17T13:44:50.1367720Z   /Users/runner/work/tardis/tardis/tardis/spectrum/base.py:70: UserWarning:
2025-01-17T13:44:50.1368510Z   
2025-01-17T13:44:50.1368940Z   SpectrumSolver.spectrum_virtual_packets is zero. Please run the montecarlo simulation with no_of_virtual_packets > 0
2025-01-17T13:44:50.1369350Z 
2025-01-17T13:44:50.1372090Z tardis/spectrum/tests/test_spectrum_solver.py::TestSpectrumSolver::test_solve
2025-01-17T13:44:50.1372650Z   /Users/runner/work/tardis/tardis/tardis/spectrum/base.py:111: UserWarning:
2025-01-17T13:44:50.1373090Z   
2025-01-17T13:44:50.1373500Z   SpectrumSolver.integrator: The FormalIntegrator is not yet available.Please run the montecarlo simulation at least once.
2025-01-17T13:44:50.1373880Z 
2025-01-17T13:44:50.1374120Z tardis/tests/test_util.py::test_calculate_luminosity[string_io0-100 km-result0]
2025-01-17T13:44:50.1374610Z tardis/tests/test_util.py::test_calculate_luminosity[string_io1-500 km-result1]
2025-01-17T13:44:50.1375140Z   /Users/runner/work/tardis/tardis/tardis/util/base.py:188: DeprecationWarning:
2025-01-17T13:44:50.1375500Z   
2025-01-17T13:44:50.1375860Z   `trapz` is deprecated. Use `trapezoid` instead, or one of the numerical integration functions in `scipy.integrate`.
2025-01-17T13:44:50.1376220Z 
2025-01-17T13:44:50.1376430Z tardis/visualization/tools/tests/test_sdec_plot.py: 48 warnings
2025-01-17T13:44:50.1377190Z   /Users/runner/work/tardis/tardis/tardis/visualization/tools/sdec_plot.py:736: DeprecationWarning:
2025-01-17T13:44:50.1377830Z   
2025-01-17T13:44:50.1378030Z   `in1d` is deprecated. Use `np.isin` instead.
2025-01-17T13:44:50.1378260Z 
2025-01-17T13:44:50.1378400Z tardis/visualization/tools/tests/test_sdec_plot.py: 48 warnings
2025-01-17T13:44:50.1378940Z   /Users/runner/work/tardis/tardis/tardis/visualization/tools/sdec_plot.py:758: DeprecationWarning:
2025-01-17T13:44:50.1379350Z   
2025-01-17T13:44:50.1379590Z   `in1d` is deprecated. Use `np.isin` instead.
2025-01-17T13:44:50.1379800Z 
2025-01-17T13:44:50.1379930Z tardis/visualization/tools/tests/test_sdec_plot.py: 48 warnings
2025-01-17T13:44:50.1381360Z   /Users/runner/work/tardis/tardis/tardis/visualization/tools/sdec_plot.py:779: DeprecationWarning:
2025-01-17T13:44:50.1383440Z   
2025-01-17T13:44:50.1383700Z   `in1d` is deprecated. Use `np.isin` instead.
2025-01-17T13:44:50.1383860Z 
2025-01-17T13:44:50.1384190Z tardis/visualization/tools/tests/test_sdec_plot.py::TestSDECPlotter::test_mpl_image[plotter_generate_plot_mpl4]
2025-01-17T13:44:50.1385620Z   /Users/runner/work/tardis/tardis/tardis/visualization/tools/sdec_plot.py:1225: RuntimeWarning:
2025-01-17T13:44:50.1387130Z   
2025-01-17T13:44:50.1388950Z   More than 20 figures have been opened. Figures created through the pyplot interface (`matplotlib.pyplot.figure`) are retained until explicitly closed and may consume too much memory. (To control this warning, see the rcParam `figure.max_open_warning`). Consider using `matplotlib.pyplot.close()`.
2025-01-17T13:44:50.1389730Z 
2025-01-17T13:44:50.1390090Z tardis/visualization/widgets/tests/test_custom_abundance.py::TestCustomAbundanceWidget::test_update_input_item_value
2025-01-17T13:44:50.1390830Z tardis/visualization/widgets/tests/test_custom_abundance.py::TestCustomAbundanceWidget::test_update_input_item_value
2025-01-17T13:44:50.1391540Z tardis/visualization/widgets/tests/test_custom_abundance.py::TestCustomAbundanceWidget::test_update_input_item_value
2025-01-17T13:44:50.1392260Z tardis/visualization/widgets/tests/test_custom_abundance.py::TestCustomAbundanceWidget::test_update_input_item_value
2025-01-17T13:44:50.1392940Z tardis/visualization/widgets/tests/test_custom_abundance.py::TestCustomAbundanceWidget::test_update_input_item_value
2025-01-17T13:44:50.1393640Z tardis/visualization/widgets/tests/test_custom_abundance.py::TestCustomAbundanceWidget::test_update_input_item_value
2025-01-17T13:44:50.1394320Z   /Users/runner/micromamba/envs/tardis/lib/python3.12/site-packages/traitlets/traitlets.py:1385: DeprecationWarning:
2025-01-17T13:44:50.1394810Z   
2025-01-17T13:44:50.1395080Z   Passing unrecognized arguments to super(Checkbox).__init__(icon='lock').
2025-01-17T13:44:50.1395620Z   object.__init__() takes exactly one argument (the instance to initialize)
2025-01-17T13:44:50.1396950Z   This is deprecated in traitlets 4.2.This error will be raised in a future release of traitlets.
2025-01-17T13:44:50.1397270Z 
2025-01-17T13:44:50.1398070Z tardis/visualization/widgets/tests/test_custom_abundance.py::TestCustomAbundanceWidget::test_update_input_item_value
2025-01-17T13:44:50.1398920Z tardis/visualization/widgets/tests/test_custom_abundance.py::TestCustomAbundanceWidget::test_update_input_item_value
2025-01-17T13:44:50.1400660Z   /Users/runner/micromamba/envs/tardis/lib/python3.12/site-packages/traitlets/traitlets.py:1385: DeprecationWarning:
2025-01-17T13:44:50.1401150Z   
2025-01-17T13:44:50.1401410Z   Passing unrecognized arguments to super(FloatText).__init__(min=0).
2025-01-17T13:44:50.1402460Z   object.__init__() takes exactly one argument (the instance to initialize)
2025-01-17T13:44:50.1402920Z   This is deprecated in traitlets 4.2.This error will be raised in a future release of traitlets.
2025-01-17T13:44:50.1403250Z 
2025-01-17T13:44:50.1404000Z tardis/visualization/widgets/tests/test_custom_abundance.py::TestCustomAbundanceWidget::test_update_input_item_value
2025-01-17T13:44:50.1404930Z   /Users/runner/micromamba/envs/tardis/lib/python3.12/site-packages/traitlets/traitlets.py:1385: DeprecationWarning:
2025-01-17T13:44:50.1405900Z   
2025-01-17T13:44:50.1406150Z   Passing unrecognized arguments to super(HTML).__init__(indent=True).
2025-01-17T13:44:50.1407550Z   object.__init__() takes exactly one argument (the instance to initialize)
2025-01-17T13:44:50.1408000Z   This is deprecated in traitlets 4.2.This error will be raised in a future release of traitlets.
2025-01-17T13:44:50.1408300Z 
2025-01-17T13:44:50.1408690Z tardis/visualization/widgets/tests/test_line_info.py::TestLineInfoWidgetData::test_get_species_interactions[wavelength_range0-packet_out_nu]
2025-01-17T13:44:50.1409440Z   /Users/runner/micromamba/envs/tardis/lib/python3.12/site-packages/qgridnext/grid.py:825: DeprecationWarning:
2025-01-17T13:44:50.1409880Z   
2025-01-17T13:44:50.1410270Z   QgridWidget._grid_options_changed is deprecated in traitlets 4.1: use @observe and @unobserve instead.
2025-01-17T13:44:50.1410560Z 
2025-01-17T13:44:50.1410800Z tardis/visualization/widgets/tests/test_shell_info.py::TestHDFShellInfo::test_shells_data
2025-01-17T13:44:50.1411300Z   /Users/runner/work/tardis/tardis/tardis/io/util.py:289: PerformanceWarning:
2025-01-17T13:44:50.1411650Z   
2025-01-17T13:44:50.1411810Z   
2025-01-17T13:44:50.1413590Z   your performance may suffer as PyTables will pickle object types that it cannot
2025-01-17T13:44:50.1414090Z   map directly to c-types [inferred_type->mixed,key->block0_values] [items->Index([0], dtype='int64')]
2025-01-17T13:44:50.1414410Z 
2025-01-17T13:44:50.1414660Z tardis/visualization/widgets/tests/test_shell_info.py::TestHDFShellInfo::test_shells_data
2025-01-17T13:44:50.1415160Z   /Users/runner/work/tardis/tardis/tardis/io/util.py:292: PerformanceWarning:
2025-01-17T13:44:50.1415590Z   
2025-01-17T13:44:50.1415740Z   
2025-01-17T13:44:50.1416060Z   your performance may suffer as PyTables will pickle object types that it cannot
2025-01-17T13:44:50.1416480Z   map directly to c-types [inferred_type->mixed,key->values] [items->None]
2025-01-17T13:44:50.1416740Z 
2025-01-17T13:44:50.1416990Z tardis/visualization/widgets/tests/test_shell_info.py::TestHDFShellInfo::test_shells_data
2025-01-17T13:44:50.1417590Z   /Users/runner/work/tardis/tardis/tardis/spectrum/formal_integral.py:398: UserWarning:
2025-01-17T13:44:50.1419440Z   
2025-01-17T13:44:50.1421240Z   The number of interpolate_shells was not specified. The value was set to 80.
2025-01-17T13:44:50.1423110Z 
2025-01-17T13:44:50.1423290Z -- Docs: https://docs.pytest.org/en/stable/how-to/capture-warnings.html
2025-01-17T13:44:50.1423560Z 
2025-01-17T13:44:50.1423740Z ---------- coverage: platform darwin, python 3.12.4-final-0 ----------
2025-01-17T13:44:50.1424100Z Coverage HTML written to dir coverage_html_report
2025-01-17T13:44:50.1424440Z Coverage XML written to file coverage.xml
2025-01-17T13:44:50.1424920Z 
2025-01-17T13:44:50.1425110Z = 1410 passed, 357 skipped, 2 deselected, 19 xfailed, 8 xpassed, 225 warnings in 803.41s (0:13:23) =
2025-01-17T13:44:52.3270770Z ##[group]Run mv .coverage .coverage.0
2025-01-17T13:44:52.3272790Z [36;1mmv .coverage .coverage.0[0m
2025-01-17T13:44:52.5841220Z shell: /bin/bash -l {0}
2025-01-17T13:44:52.5841410Z env:
2025-01-17T13:44:52.5841550Z   CACHE_NUMBER: 0
2025-01-17T13:44:52.5842040Z   PYTEST_FLAGS: --tardis-regression-data=/Users/runner/work/tardis/tardis/tardis-regression-data --cov=tardis --cov-report=xml --cov-report=html --cov-append
2025-01-17T13:44:52.5842560Z   CODECOV_TOKEN: 
2025-01-17T13:44:52.5842720Z   MAMBA_ROOT_PREFIX: /Users/runner/micromamba
2025-01-17T13:44:52.5842970Z   MAMBA_EXE: /Users/runner/micromamba-bin/micromamba
2025-01-17T13:44:52.5843250Z   CONDARC: /Users/runner/work/_temp/setup-micromamba/.condarc
2025-01-17T13:44:52.5843490Z ##[endgroup]
2025-01-17T13:44:52.9444810Z ##[group]Run actions/upload-artifact@v4
2025-01-17T13:44:52.9445050Z with:
2025-01-17T13:44:52.9445270Z   name: coverage-not-continuum-macos-latest
2025-01-17T13:44:52.9446050Z   include-hidden-files: true
2025-01-17T13:44:52.9446500Z   path: .coverage*
!.coveragerc

2025-01-17T13:44:52.9446720Z   if-no-files-found: warn
2025-01-17T13:44:52.9446910Z   compression-level: 6
2025-01-17T13:44:52.9447090Z   overwrite: false
2025-01-17T13:44:52.9447230Z env:
2025-01-17T13:44:52.9447390Z   CACHE_NUMBER: 0
2025-01-17T13:44:52.9447900Z   PYTEST_FLAGS: --tardis-regression-data=/Users/runner/work/tardis/tardis/tardis-regression-data --cov=tardis --cov-report=xml --cov-report=html --cov-append
2025-01-17T13:44:52.9448420Z   CODECOV_TOKEN: 
2025-01-17T13:44:52.9448600Z   MAMBA_ROOT_PREFIX: /Users/runner/micromamba
2025-01-17T13:44:52.9448880Z   MAMBA_EXE: /Users/runner/micromamba-bin/micromamba
2025-01-17T13:44:52.9449190Z   CONDARC: /Users/runner/work/_temp/setup-micromamba/.condarc
2025-01-17T13:44:52.9449500Z ##[endgroup]
2025-01-17T13:44:53.3737150Z With the provided path, there will be 2 files uploaded
2025-01-17T13:44:53.3738710Z Artifact name is valid!
2025-01-17T13:44:53.3739310Z Root directory input is valid!
2025-01-17T13:44:53.6151620Z Beginning upload of artifact content to blob storage
2025-01-17T13:44:53.8380960Z Uploaded bytes 28911
2025-01-17T13:44:53.8875660Z Finished uploading artifact content to blob storage!
2025-01-17T13:44:53.8909450Z SHA256 hash of uploaded artifact zip is cc0bbb8e1322bb3f36a264a8e7c7437578bded8c7e1191617b6187ce28f0c995
2025-01-17T13:44:53.8920460Z Finalizing artifact upload
2025-01-17T13:44:53.9917500Z Artifact coverage-not-continuum-macos-latest.zip successfully finalized. Artifact ID 2447039937
2025-01-17T13:44:53.9918160Z Artifact coverage-not-continuum-macos-latest has been successfully uploaded! Final size is 28911 bytes. Artifact ID is 2447039937
2025-01-17T13:44:53.9926430Z Artifact download URL: https://github.com/tardis-sn/tardis/actions/runs/12830025385/artifacts/2447039937
2025-01-17T13:44:54.0039880Z Post job cleanup.
2025-01-17T13:44:54.0072850Z Post job cleanup.
2025-01-17T13:44:54.1407480Z Will use pre-installed micromamba at /Users/runner/micromamba-bin/micromamba
2025-01-17T13:44:54.1411390Z Removing micromamba run shell ...
2025-01-17T13:44:54.1413410Z ##[group]Deinitialize micromamba for bash
2025-01-17T13:44:54.1428720Z [command]/Users/runner/micromamba-bin/micromamba shell deinit -s bash -r /Users/runner/micromamba --log-level warning --rc-file /Users/runner/work/_temp/setup-micromamba/.condarc
2025-01-17T13:44:54.1574820Z Resetting RC file "/Users/runner/.bash_profile"
2025-01-17T13:44:54.1576500Z Deleting config for root prefix 
2025-01-17T13:44:54.1576870Z Clearing mamba executable environment variable
2025-01-17T13:44:54.1586860Z Removing the following in your "/Users/runner/.bash_profile" file
2025-01-17T13:44:54.1587380Z # >>> mamba initialize >>>
2025-01-17T13:44:54.1587560Z ...
2025-01-17T13:44:54.1587700Z # <<< mamba initialize <<<
2025-01-17T13:44:54.1620430Z Removing environment tardis from auto-activate bash ...
2025-01-17T13:44:54.1711340Z Post job cleanup.
2025-01-17T13:44:54.1797820Z Post job cleanup.
2025-01-17T13:44:54.3043590Z [command]/opt/homebrew/bin/git version
2025-01-17T13:44:54.3240000Z git version 2.48.0
2025-01-17T13:44:54.3261410Z Copying '/Users/runner/.gitconfig' to '/Users/runner/work/_temp/1a588a87-c1ee-4f2b-b479-03c2184006c9/.gitconfig'
2025-01-17T13:44:54.3268120Z Temporarily overriding HOME='/Users/runner/work/_temp/1a588a87-c1ee-4f2b-b479-03c2184006c9' before making global git config changes
2025-01-17T13:44:54.3268700Z Adding repository directory to the temporary git global config as a safe directory
2025-01-17T13:44:54.3271340Z [command]/opt/homebrew/bin/git config --global --add safe.directory /Users/runner/work/tardis/tardis/tardis-regression-data
2025-01-17T13:44:54.3376710Z [command]/opt/homebrew/bin/git config --local --name-only --get-regexp core\.sshCommand
2025-01-17T13:44:54.3428420Z [command]/opt/homebrew/bin/git submodule foreach --recursive sh -c "git config --local --name-only --get-regexp 'core\.sshCommand' && git config --local --unset-all 'core.sshCommand' || :"
2025-01-17T13:44:54.4259980Z [command]/opt/homebrew/bin/git config --local --name-only --get-regexp http\.https\:\/\/github\.com\/\.extraheader
2025-01-17T13:44:54.4315760Z http.https://github.com/.extraheader
2025-01-17T13:44:54.4328930Z [command]/opt/homebrew/bin/git config --local --unset-all http.https://github.com/.extraheader
2025-01-17T13:44:54.4407690Z [command]/opt/homebrew/bin/git submodule foreach --recursive sh -c "git config --local --name-only --get-regexp 'http\.https\:\/\/github\.com\/\.extraheader' && git config --local --unset-all 'http.https://github.com/.extraheader' || :"
2025-01-17T13:44:54.5877950Z Post job cleanup.
2025-01-17T13:44:54.7346750Z [command]/opt/homebrew/bin/git version
2025-01-17T13:44:54.7420490Z git version 2.48.0
2025-01-17T13:44:54.7449570Z Copying '/Users/runner/.gitconfig' to '/Users/runner/work/_temp/da6acfbb-d018-4982-ae9a-de8bca60a84a/.gitconfig'
2025-01-17T13:44:54.7457990Z Temporarily overriding HOME='/Users/runner/work/_temp/da6acfbb-d018-4982-ae9a-de8bca60a84a' before making global git config changes
2025-01-17T13:44:54.7459740Z Adding repository directory to the temporary git global config as a safe directory
2025-01-17T13:44:54.7461640Z [command]/opt/homebrew/bin/git config --global --add safe.directory /Users/runner/work/tardis/tardis
2025-01-17T13:44:54.7534430Z [command]/opt/homebrew/bin/git config --local --name-only --get-regexp core\.sshCommand
2025-01-17T13:44:54.7599400Z [command]/opt/homebrew/bin/git submodule foreach --recursive sh -c "git config --local --name-only --get-regexp 'core\.sshCommand' && git config --local --unset-all 'core.sshCommand' || :"
2025-01-17T13:44:54.8814700Z [command]/opt/homebrew/bin/git config --local --name-only --get-regexp http\.https\:\/\/github\.com\/\.extraheader
2025-01-17T13:44:54.8894780Z http.https://github.com/.extraheader
2025-01-17T13:44:54.8928420Z [command]/opt/homebrew/bin/git config --local --unset-all http.https://github.com/.extraheader
2025-01-17T13:44:54.9040420Z [command]/opt/homebrew/bin/git submodule foreach --recursive sh -c "git config --local --name-only --get-regexp 'http\.https\:\/\/github\.com\/\.extraheader' && git config --local --unset-all 'http.https://github.com/.extraheader' || :"
2025-01-17T13:44:55.0601290Z Cleaning up orphan processes
