2025-02-10T16:20:31.4366228Z Requested labels: macos-latest
2025-02-10T16:20:31.4366643Z Job defined at: tardis-sn/tardis/.github/workflows/tests.yml@refs/heads/master
2025-02-10T16:20:31.4366795Z Waiting for a runner to pick up this job...
2025-02-10T16:20:31.7233300Z Job is waiting for a hosted runner to come online.
2025-02-10T16:20:34.8152676Z Job is about to start running on the hosted runner: GitHub Actions 2 (hosted)
2025-02-10T16:20:36.3836800Z Current runner version: '2.322.0'
2025-02-10T16:20:36.3852800Z ##[group]Operating System
2025-02-10T16:20:36.3853270Z macOS
2025-02-10T16:20:36.3853590Z 14.7.2
2025-02-10T16:20:36.3853890Z 23H311
2025-02-10T16:20:36.3854190Z ##[endgroup]
2025-02-10T16:20:36.3854530Z ##[group]Runner Image
2025-02-10T16:20:36.3854880Z Image: macos-14-arm64
2025-02-10T16:20:36.3855220Z Version: 20250124.790
2025-02-10T16:20:36.3855920Z Included Software: https://github.com/actions/runner-images/blob/macos-14-arm64/20250124.790/images/macos/macos-14-arm64-Readme.md
2025-02-10T16:20:36.3856880Z Image Release: https://github.com/actions/runner-images/releases/tag/macos-14-arm64%2F20250124.790
2025-02-10T16:20:36.3857470Z ##[endgroup]
2025-02-10T16:20:36.3857810Z ##[group]Runner Image Provisioner
2025-02-10T16:20:36.3858230Z 2.0.422.1+55c30c14fe2a0a1547db1b656933ae07d97649a9
2025-02-10T16:20:36.3858640Z ##[endgroup]
2025-02-10T16:20:36.3860060Z ##[group]GITHUB_TOKEN Permissions
2025-02-10T16:20:36.3861100Z Actions: write
2025-02-10T16:20:36.3861450Z Attestations: write
2025-02-10T16:20:36.3861800Z Checks: write
2025-02-10T16:20:36.3862120Z Contents: write
2025-02-10T16:20:36.3862450Z Deployments: write
2025-02-10T16:20:36.3862780Z Discussions: write
2025-02-10T16:20:36.3863120Z Issues: write
2025-02-10T16:20:36.3863440Z Metadata: read
2025-02-10T16:20:36.3863760Z Packages: write
2025-02-10T16:20:36.3864100Z Pages: write
2025-02-10T16:20:36.3864420Z PullRequests: write
2025-02-10T16:20:36.3864780Z RepositoryProjects: write
2025-02-10T16:20:36.3865140Z SecurityEvents: write
2025-02-10T16:20:36.3865510Z Statuses: write
2025-02-10T16:20:36.3865830Z ##[endgroup]
2025-02-10T16:20:36.3867550Z Secret source: Actions
2025-02-10T16:20:36.3867950Z Prepare workflow directory
2025-02-10T16:20:36.4238820Z Prepare all required actions
2025-02-10T16:20:36.4263400Z Getting action download info
2025-02-10T16:20:36.6049830Z Download action repository 'actions/checkout@v4' (SHA:11bd71901bbe5b1630ceea73d27597364c9af683)
2025-02-10T16:20:36.8370270Z Download action repository 'actions/upload-artifact@v4' (SHA:65c4c4a1ddee5b72f698fdd19549f0f0fb45cf08)
2025-02-10T16:20:36.9687370Z Complete job name:  continuum macos-latest 
2025-02-10T16:20:37.0021050Z ##[group]Run actions/checkout@v4
2025-02-10T16:20:37.0021560Z with:
2025-02-10T16:20:37.0021890Z   repository: tardis-sn/tardis
2025-02-10T16:20:37.0038400Z   token: ***
2025-02-10T16:20:37.0038700Z   ssh-strict: true
2025-02-10T16:20:37.0038990Z   ssh-user: git
2025-02-10T16:20:37.0039290Z   persist-credentials: true
2025-02-10T16:20:37.0039620Z   clean: true
2025-02-10T16:20:37.0039920Z   sparse-checkout-cone-mode: true
2025-02-10T16:20:37.0040260Z   fetch-depth: 1
2025-02-10T16:20:37.0040550Z   fetch-tags: false
2025-02-10T16:20:37.0040850Z   show-progress: true
2025-02-10T16:20:37.0041150Z   lfs: false
2025-02-10T16:20:37.0041430Z   submodules: false
2025-02-10T16:20:37.0041730Z   set-safe-directory: true
2025-02-10T16:20:37.0042210Z env:
2025-02-10T16:20:37.0042480Z   CACHE_NUMBER: 0
2025-02-10T16:20:37.0043270Z   PYTEST_FLAGS: --tardis-regression-data=/Users/runner/work/tardis/tardis/tardis-regression-data --cov=tardis --cov-report=xml --cov-report=html --cov-append
2025-02-10T16:20:37.0044170Z   CODECOV_TOKEN: ***
2025-02-10T16:20:37.0044470Z ##[endgroup]
2025-02-10T16:20:37.2679470Z Syncing repository: tardis-sn/tardis
2025-02-10T16:20:37.2680780Z ##[group]Getting Git version info
2025-02-10T16:20:37.2681430Z Working directory is '/Users/runner/work/tardis/tardis'
2025-02-10T16:20:37.2682120Z [command]/opt/homebrew/bin/git version
2025-02-10T16:20:37.2889330Z git version 2.48.1
2025-02-10T16:20:37.2915130Z ##[endgroup]
2025-02-10T16:20:37.2921610Z Copying '/Users/runner/.gitconfig' to '/Users/runner/work/_temp/6192de61-72cb-456c-81d2-091ee85f10fd/.gitconfig'
2025-02-10T16:20:37.2931010Z Temporarily overriding HOME='/Users/runner/work/_temp/6192de61-72cb-456c-81d2-091ee85f10fd' before making global git config changes
2025-02-10T16:20:37.2931950Z Adding repository directory to the temporary git global config as a safe directory
2025-02-10T16:20:37.2934760Z [command]/opt/homebrew/bin/git config --global --add safe.directory /Users/runner/work/tardis/tardis
2025-02-10T16:20:37.3019710Z Deleting the contents of '/Users/runner/work/tardis/tardis'
2025-02-10T16:20:37.3020790Z ##[group]Initializing the repository
2025-02-10T16:20:37.3023740Z [command]/opt/homebrew/bin/git init /Users/runner/work/tardis/tardis
2025-02-10T16:20:37.3156120Z hint: Using 'master' as the name for the initial branch. This default branch name
2025-02-10T16:20:37.3157000Z hint: is subject to change. To configure the initial branch name to use in all
2025-02-10T16:20:37.3158030Z hint: of your new repositories, which will suppress this warning, call:
2025-02-10T16:20:37.3158570Z hint:
2025-02-10T16:20:37.3158990Z hint: 	git config --global init.defaultBranch <name>
2025-02-10T16:20:37.3159410Z hint:
2025-02-10T16:20:37.3159840Z hint: Names commonly chosen instead of 'master' are 'main', 'trunk' and
2025-02-10T16:20:37.3160460Z hint: 'development'. The just-created branch can be renamed via this command:
2025-02-10T16:20:37.3161000Z hint:
2025-02-10T16:20:37.3161310Z hint: 	git branch -m <name>
2025-02-10T16:20:37.3161800Z Initialized empty Git repository in /Users/runner/work/tardis/tardis/.git/
2025-02-10T16:20:37.3165030Z [command]/opt/homebrew/bin/git remote add origin https://github.com/tardis-sn/tardis
2025-02-10T16:20:37.3219070Z ##[endgroup]
2025-02-10T16:20:37.3219650Z ##[group]Disabling automatic garbage collection
2025-02-10T16:20:37.3221670Z [command]/opt/homebrew/bin/git config --local gc.auto 0
2025-02-10T16:20:37.3258740Z ##[endgroup]
2025-02-10T16:20:37.3259250Z ##[group]Setting up auth
2025-02-10T16:20:37.3263320Z [command]/opt/homebrew/bin/git config --local --name-only --get-regexp core\.sshCommand
2025-02-10T16:20:37.3300530Z [command]/opt/homebrew/bin/git submodule foreach --recursive sh -c "git config --local --name-only --get-regexp 'core\.sshCommand' && git config --local --unset-all 'core.sshCommand' || :"
2025-02-10T16:20:37.4733100Z [command]/opt/homebrew/bin/git config --local --name-only --get-regexp http\.https\:\/\/github\.com\/\.extraheader
2025-02-10T16:20:37.4740280Z [command]/opt/homebrew/bin/git submodule foreach --recursive sh -c "git config --local --name-only --get-regexp 'http\.https\:\/\/github\.com\/\.extraheader' && git config --local --unset-all 'http.https://github.com/.extraheader' || :"
2025-02-10T16:20:37.5235300Z [command]/opt/homebrew/bin/git config --local http.https://github.com/.extraheader AUTHORIZATION: basic ***
2025-02-10T16:20:37.5309820Z ##[endgroup]
2025-02-10T16:20:37.5310520Z ##[group]Fetching the repository
2025-02-10T16:20:37.5316100Z [command]/opt/homebrew/bin/git -c protocol.version=2 fetch --no-tags --prune --no-recurse-submodules --depth=1 origin +13c9a314d4165ff320d000df7d67b5c5f91a69dd:refs/remotes/origin/master
2025-02-10T16:20:39.2570210Z From https://github.com/tardis-sn/tardis
2025-02-10T16:20:39.2571500Z  * [new ref]         13c9a314d4165ff320d000df7d67b5c5f91a69dd -> origin/master
2025-02-10T16:20:39.2615610Z ##[endgroup]
2025-02-10T16:20:39.2616370Z ##[group]Determining the checkout info
2025-02-10T16:20:39.2617150Z ##[endgroup]
2025-02-10T16:20:39.2618750Z [command]/opt/homebrew/bin/git sparse-checkout disable
2025-02-10T16:20:39.2666670Z [command]/opt/homebrew/bin/git config --local --unset-all extensions.worktreeConfig
2025-02-10T16:20:39.2708060Z ##[group]Checking out the ref
2025-02-10T16:20:39.2709560Z [command]/opt/homebrew/bin/git checkout --progress --force -B master refs/remotes/origin/master
2025-02-10T16:20:39.4550640Z Reset branch 'master'
2025-02-10T16:20:39.4556530Z branch 'master' set up to track 'origin/master'.
2025-02-10T16:20:39.4563960Z ##[endgroup]
2025-02-10T16:20:39.4623760Z [command]/opt/homebrew/bin/git log -1 --format=%H
2025-02-10T16:20:39.4663140Z 13c9a314d4165ff320d000df7d67b5c5f91a69dd
2025-02-10T16:20:39.4894750Z Prepare all required actions
2025-02-10T16:20:39.4895600Z Getting action download info
2025-02-10T16:20:39.6339680Z Download action repository 'actions/cache@v4' (SHA:1bd1e32a3bdc45362d1e726936510720a7c30a57)
2025-02-10T16:20:39.7521700Z ##[group]Run ./.github/actions/setup_lfs
2025-02-10T16:20:39.7522380Z with:
2025-02-10T16:20:39.7522990Z   regression-data-repo: tardis-sn/tardis-regression-data
2025-02-10T16:20:39.7523730Z   atom-data-sparse: false
2025-02-10T16:20:39.7524280Z env:
2025-02-10T16:20:39.7524760Z   CACHE_NUMBER: 0
2025-02-10T16:20:39.7526090Z   PYTEST_FLAGS: --tardis-regression-data=/Users/runner/work/tardis/tardis/tardis-regression-data --cov=tardis --cov-report=xml --cov-report=html --cov-append
2025-02-10T16:20:39.7527740Z   CODECOV_TOKEN: ***
2025-02-10T16:20:39.7528260Z ##[endgroup]
2025-02-10T16:20:39.7708370Z ##[group]Run actions/checkout@v4
2025-02-10T16:20:39.7708940Z with:
2025-02-10T16:20:39.7709420Z   repository: tardis-sn/tardis-regression-data
2025-02-10T16:20:39.7710070Z   path: tardis-regression-data
2025-02-10T16:20:39.7710580Z   lfs: false
2025-02-10T16:20:39.7711130Z   token: ***
2025-02-10T16:20:39.7711560Z   ssh-strict: true
2025-02-10T16:20:39.7712010Z   ssh-user: git
2025-02-10T16:20:39.7712450Z   persist-credentials: true
2025-02-10T16:20:39.7712970Z   clean: true
2025-02-10T16:20:39.7713420Z   sparse-checkout-cone-mode: true
2025-02-10T16:20:39.7713970Z   fetch-depth: 1
2025-02-10T16:20:39.7714510Z   fetch-tags: false
2025-02-10T16:20:39.7714980Z   show-progress: true
2025-02-10T16:20:39.7715440Z   submodules: false
2025-02-10T16:20:39.7715910Z   set-safe-directory: true
2025-02-10T16:20:39.7716390Z env:
2025-02-10T16:20:39.7716780Z   CACHE_NUMBER: 0
2025-02-10T16:20:39.7717950Z   PYTEST_FLAGS: --tardis-regression-data=/Users/runner/work/tardis/tardis/tardis-regression-data --cov=tardis --cov-report=xml --cov-report=html --cov-append
2025-02-10T16:20:39.7719300Z   CODECOV_TOKEN: ***
2025-02-10T16:20:39.7719770Z ##[endgroup]
2025-02-10T16:20:39.8482690Z Syncing repository: tardis-sn/tardis-regression-data
2025-02-10T16:20:39.8486130Z ##[group]Getting Git version info
2025-02-10T16:20:39.8487010Z Working directory is '/Users/runner/work/tardis/tardis/tardis-regression-data'
2025-02-10T16:20:39.8511110Z [command]/opt/homebrew/bin/git version
2025-02-10T16:20:39.8552170Z git version 2.48.1
2025-02-10T16:20:39.8565250Z ##[endgroup]
2025-02-10T16:20:39.8572950Z Copying '/Users/runner/.gitconfig' to '/Users/runner/work/_temp/1cba1952-5fc0-4596-9772-3e0a108cd02f/.gitconfig'
2025-02-10T16:20:39.8579880Z Temporarily overriding HOME='/Users/runner/work/_temp/1cba1952-5fc0-4596-9772-3e0a108cd02f' before making global git config changes
2025-02-10T16:20:39.8581390Z Adding repository directory to the temporary git global config as a safe directory
2025-02-10T16:20:39.8582760Z [command]/opt/homebrew/bin/git config --global --add safe.directory /Users/runner/work/tardis/tardis/tardis-regression-data
2025-02-10T16:20:39.8622950Z ##[group]Initializing the repository
2025-02-10T16:20:39.8625790Z [command]/opt/homebrew/bin/git init /Users/runner/work/tardis/tardis/tardis-regression-data
2025-02-10T16:20:39.8685200Z hint: Using 'master' as the name for the initial branch. This default branch name
2025-02-10T16:20:39.8687140Z hint: is subject to change. To configure the initial branch name to use in all
2025-02-10T16:20:39.8688220Z hint: of your new repositories, which will suppress this warning, call:
2025-02-10T16:20:39.8689870Z hint:
2025-02-10T16:20:39.8690430Z hint: 	git config --global init.defaultBranch <name>
2025-02-10T16:20:39.8691070Z hint:
2025-02-10T16:20:39.8691680Z hint: Names commonly chosen instead of 'master' are 'main', 'trunk' and
2025-02-10T16:20:39.8692670Z hint: 'development'. The just-created branch can be renamed via this command:
2025-02-10T16:20:39.8693460Z hint:
2025-02-10T16:20:39.8693900Z hint: 	git branch -m <name>
2025-02-10T16:20:39.8694790Z Initialized empty Git repository in /Users/runner/work/tardis/tardis/tardis-regression-data/.git/
2025-02-10T16:20:39.8697550Z [command]/opt/homebrew/bin/git remote add origin https://github.com/tardis-sn/tardis-regression-data
2025-02-10T16:20:39.8732030Z ##[endgroup]
2025-02-10T16:20:39.8733150Z ##[group]Disabling automatic garbage collection
2025-02-10T16:20:39.8733990Z [command]/opt/homebrew/bin/git config --local gc.auto 0
2025-02-10T16:20:39.8774950Z ##[endgroup]
2025-02-10T16:20:39.8776530Z ##[group]Setting up auth
2025-02-10T16:20:39.8779740Z [command]/opt/homebrew/bin/git config --local --name-only --get-regexp core\.sshCommand
2025-02-10T16:20:39.8814190Z [command]/opt/homebrew/bin/git submodule foreach --recursive sh -c "git config --local --name-only --get-regexp 'core\.sshCommand' && git config --local --unset-all 'core.sshCommand' || :"
2025-02-10T16:20:39.9248800Z [command]/opt/homebrew/bin/git config --local --name-only --get-regexp http\.https\:\/\/github\.com\/\.extraheader
2025-02-10T16:20:39.9328130Z [command]/opt/homebrew/bin/git submodule foreach --recursive sh -c "git config --local --name-only --get-regexp 'http\.https\:\/\/github\.com\/\.extraheader' && git config --local --unset-all 'http.https://github.com/.extraheader' || :"
2025-02-10T16:20:40.0258240Z [command]/opt/homebrew/bin/git config --local http.https://github.com/.extraheader AUTHORIZATION: basic ***
2025-02-10T16:20:40.0293330Z ##[endgroup]
2025-02-10T16:20:40.0294210Z ##[group]Determining the default branch
2025-02-10T16:20:40.0294900Z Retrieving the default branch name
2025-02-10T16:20:40.4642140Z Default branch 'main'
2025-02-10T16:20:40.4744200Z ##[endgroup]
2025-02-10T16:20:40.4846310Z ##[group]Fetching the repository
2025-02-10T16:20:40.4948470Z [command]/opt/homebrew/bin/git -c protocol.version=2 fetch --no-tags --prune --no-recurse-submodules --depth=1 origin +refs/heads/main:refs/remotes/origin/main
2025-02-10T16:20:41.4719210Z From https://github.com/tardis-sn/tardis-regression-data
2025-02-10T16:20:41.4723990Z  * [new branch]      main       -> origin/main
2025-02-10T16:20:41.4779300Z ##[endgroup]
2025-02-10T16:20:41.4805520Z ##[group]Determining the checkout info
2025-02-10T16:20:41.4816690Z ##[endgroup]
2025-02-10T16:20:41.4823650Z [command]/opt/homebrew/bin/git sparse-checkout disable
2025-02-10T16:20:41.4838660Z [command]/opt/homebrew/bin/git config --local --unset-all extensions.worktreeConfig
2025-02-10T16:20:41.4904390Z ##[group]Checking out the ref
2025-02-10T16:20:41.4927420Z [command]/opt/homebrew/bin/git checkout --progress --force -B main refs/remotes/origin/main
2025-02-10T16:20:41.6771320Z Switched to a new branch 'main'
2025-02-10T16:20:41.6772710Z branch 'main' set up to track 'origin/main'.
2025-02-10T16:20:41.8343450Z ##[endgroup]
2025-02-10T16:20:41.8406390Z [command]/opt/homebrew/bin/git log -1 --format=%H
2025-02-10T16:20:41.8406980Z fa7729bc9c30e14b69acd641af8b692b56fcd416
2025-02-10T16:20:41.8452380Z ##[group]Run if [ "false" == "true" ]; then
2025-02-10T16:20:41.8452720Z [36;1mif [ "false" == "true" ]; then[0m
2025-02-10T16:20:41.8452960Z [36;1m  echo "Using atom data sparse checkout"[0m
2025-02-10T16:20:41.8453280Z [36;1m  echo "atom_data/kurucz_cd23_chianti_H_He.h5" > .lfs-files-list[0m
2025-02-10T16:20:41.8453550Z [36;1melse[0m
2025-02-10T16:20:41.8453740Z [36;1m  echo "Using full repository checkout"[0m
2025-02-10T16:20:41.8454040Z [36;1m  git lfs ls-files -l | cut -d' ' -f1 | sort > .lfs-files-list[0m
2025-02-10T16:20:41.8454300Z [36;1mfi[0m
2025-02-10T16:20:41.8516560Z shell: /bin/bash --noprofile --norc -e -o pipefail {0}
2025-02-10T16:20:41.8527750Z env:
2025-02-10T16:20:41.8527940Z   CACHE_NUMBER: 0
2025-02-10T16:20:41.8528470Z   PYTEST_FLAGS: --tardis-regression-data=/Users/runner/work/tardis/tardis/tardis-regression-data --cov=tardis --cov-report=xml --cov-report=html --cov-append
2025-02-10T16:20:41.8529240Z   CODECOV_TOKEN: ***
2025-02-10T16:20:41.8529410Z ##[endgroup]
2025-02-10T16:20:41.8952550Z Using full repository checkout
2025-02-10T16:20:42.1306930Z ##[group]Run actions/cache/restore@v4
2025-02-10T16:20:42.1307190Z with:
2025-02-10T16:20:42.1307650Z   path: tardis-regression-data/.git/lfs
2025-02-10T16:20:42.1308140Z   key: tardis-regression-full-data-21f9fa4b6817cc69b9fae3598144724da7828e276a73bd17f47a2a49d9af090a-tardis-sn/tardis-regression-data-v1
2025-02-10T16:20:42.1308770Z   fail-on-cache-miss: true
2025-02-10T16:20:42.1308950Z   enableCrossOsArchive: false
2025-02-10T16:20:42.1309130Z   lookup-only: false
2025-02-10T16:20:42.1309280Z env:
2025-02-10T16:20:42.1309410Z   CACHE_NUMBER: 0
2025-02-10T16:20:42.1309860Z   PYTEST_FLAGS: --tardis-regression-data=/Users/runner/work/tardis/tardis/tardis-regression-data --cov=tardis --cov-report=xml --cov-report=html --cov-append
2025-02-10T16:20:42.1310490Z   CODECOV_TOKEN: ***
2025-02-10T16:20:42.1310640Z ##[endgroup]
2025-02-10T16:20:42.5144210Z Cache hit for: tardis-regression-full-data-21f9fa4b6817cc69b9fae3598144724da7828e276a73bd17f47a2a49d9af090a-tardis-sn/tardis-regression-data-v1
2025-02-10T16:20:43.7052490Z Received 41943040 of 1707217599 (2.5%), 39.5 MBs/sec
2025-02-10T16:20:44.7091280Z Received 130023424 of 1707217599 (7.6%), 61.4 MBs/sec
2025-02-10T16:20:45.7066900Z Received 180355072 of 1707217599 (10.6%), 56.9 MBs/sec
2025-02-10T16:20:46.7148450Z Received 268435456 of 1707217599 (15.7%), 63.5 MBs/sec
2025-02-10T16:20:47.7147630Z Received 331350016 of 1707217599 (19.4%), 62.8 MBs/sec
2025-02-10T16:20:48.7151030Z Received 402653184 of 1707217599 (23.6%), 63.7 MBs/sec
2025-02-10T16:20:49.7169090Z Received 478150656 of 1707217599 (28.0%), 64.9 MBs/sec
2025-02-10T16:20:50.7171210Z Received 536870912 of 1707217599 (31.4%), 63.8 MBs/sec
2025-02-10T16:20:51.7178350Z Received 612368384 of 1707217599 (35.9%), 64.7 MBs/sec
2025-02-10T16:20:52.7228640Z Received 675282944 of 1707217599 (39.6%), 64.2 MBs/sec
2025-02-10T16:20:53.7211450Z Received 784334848 of 1707217599 (45.9%), 67.8 MBs/sec
2025-02-10T16:20:54.7230560Z Received 847249408 of 1707217599 (49.6%), 67.1 MBs/sec
2025-02-10T16:20:55.7270350Z Received 939524096 of 1707217599 (55.0%), 68.7 MBs/sec
2025-02-10T16:20:56.7272560Z Received 1010827264 of 1707217599 (59.2%), 68.7 MBs/sec
2025-02-10T16:20:57.7275190Z Received 1073741824 of 1707217599 (62.9%), 68.1 MBs/sec
2025-02-10T16:20:58.7308350Z Received 1153433600 of 1707217599 (67.6%), 68.6 MBs/sec
2025-02-10T16:20:59.7305950Z Received 1207959552 of 1707217599 (70.8%), 67.6 MBs/sec
2025-02-10T16:21:00.7322880Z Received 1308622848 of 1707217599 (76.7%), 69.2 MBs/sec
2025-02-10T16:21:01.7323220Z Received 1379926016 of 1707217599 (80.8%), 69.1 MBs/sec
2025-02-10T16:21:02.7344930Z Received 1476395008 of 1707217599 (86.5%), 70.2 MBs/sec
2025-02-10T16:21:03.7374110Z Received 1547698176 of 1707217599 (90.7%), 70.1 MBs/sec
2025-02-10T16:21:04.7371720Z Received 1610612736 of 1707217599 (94.3%), 69.7 MBs/sec
2025-02-10T16:21:05.7383960Z Received 1694634687 of 1707217599 (99.3%), 70.1 MBs/sec
2025-02-10T16:21:05.8586450Z Received 1707217599 of 1707217599 (100.0%), 70.3 MBs/sec
2025-02-10T16:21:05.8600480Z Cache Size: ~1628 MB (1707217599 B)
2025-02-10T16:21:05.8618160Z [command]/opt/homebrew/bin/gtar -xf /Users/runner/work/_temp/f818fd5f-9ce6-4cd1-b5dc-028607e27ef1/cache.tzst -P -C /Users/runner/work/tardis/tardis --delay-directory-restore --use-compress-program unzstd
2025-02-10T16:21:11.6219900Z Cache restored successfully
2025-02-10T16:21:11.7198620Z Cache restored from key: tardis-regression-full-data-21f9fa4b6817cc69b9fae3598144724da7828e276a73bd17f47a2a49d9af090a-tardis-sn/tardis-regression-data-v1
2025-02-10T16:21:11.7340020Z ##[group]Run git lfs checkout
2025-02-10T16:21:11.7340420Z [36;1mgit lfs checkout[0m
2025-02-10T16:21:11.7392470Z shell: /bin/bash --noprofile --norc -e -o pipefail {0}
2025-02-10T16:21:11.7393040Z env:
2025-02-10T16:21:11.7393280Z   CACHE_NUMBER: 0
2025-02-10T16:21:11.7393940Z   PYTEST_FLAGS: --tardis-regression-data=/Users/runner/work/tardis/tardis/tardis-regression-data --cov=tardis --cov-report=xml --cov-report=html --cov-append
2025-02-10T16:21:11.7394740Z   CODECOV_TOKEN: ***
2025-02-10T16:21:11.7395080Z ##[endgroup]
2025-02-10T16:21:19.3930750Z Checking out LFS objects: 100% (204/204), 3.5 GB | 360 MB/s, done.
2025-02-10T16:21:25.4300150Z Prepare all required actions
2025-02-10T16:21:25.4300410Z Getting action download info
2025-02-10T16:21:25.5470850Z Download action repository 'mamba-org/setup-micromamba@v1' (SHA:4b9113af4fba0e9e1124b252dd6497a419e7396d)
2025-02-10T16:21:26.7051610Z ##[group]Run ./.github/actions/setup_env
2025-02-10T16:21:26.7051840Z with:
2025-02-10T16:21:26.7052100Z   os-label: osx-arm64
2025-02-10T16:21:26.7052290Z env:
2025-02-10T16:21:26.7052500Z   CACHE_NUMBER: 0
2025-02-10T16:21:26.7053090Z   PYTEST_FLAGS: --tardis-regression-data=/Users/runner/work/tardis/tardis/tardis-regression-data --cov=tardis --cov-report=xml --cov-report=html --cov-append
2025-02-10T16:21:26.7053940Z   CODECOV_TOKEN: ***
2025-02-10T16:21:26.7054160Z ##[endgroup]
2025-02-10T16:21:26.7084330Z ##[group]Run file_hash=$(cat conda-osx-arm64.lock | shasum -a 256 | cut -d' ' -f1)
2025-02-10T16:21:26.7084810Z [36;1mfile_hash=$(cat conda-osx-arm64.lock | shasum -a 256 | cut -d' ' -f1)[0m
2025-02-10T16:21:26.7085310Z [36;1mecho "file_hash=tardis-conda-env-osx-arm64-${file_hash}-v1" >> "${GITHUB_OUTPUT}"[0m
2025-02-10T16:21:26.7131360Z shell: /bin/bash --noprofile --norc -e -o pipefail {0}
2025-02-10T16:21:26.7131610Z env:
2025-02-10T16:21:26.7131720Z   CACHE_NUMBER: 0
2025-02-10T16:21:26.7132170Z   PYTEST_FLAGS: --tardis-regression-data=/Users/runner/work/tardis/tardis/tardis-regression-data --cov=tardis --cov-report=xml --cov-report=html --cov-append
2025-02-10T16:21:26.7132750Z   CODECOV_TOKEN: ***
2025-02-10T16:21:26.7132880Z ##[endgroup]
2025-02-10T16:21:26.9631300Z ##[group]Run mamba-org/setup-micromamba@v1
2025-02-10T16:21:26.9631500Z with:
2025-02-10T16:21:26.9631640Z   environment-file: conda-osx-arm64.lock
2025-02-10T16:21:26.9632080Z   cache-environment-key: tardis-conda-env-osx-arm64-bf0d0a4d4c847cca72476c6c68c493d56c484aada7e80de0e42c7607fcef5824-v1
2025-02-10T16:21:26.9632710Z   cache-downloads-key: tardis-conda-env-osx-arm64-bf0d0a4d4c847cca72476c6c68c493d56c484aada7e80de0e42c7607fcef5824-v1
2025-02-10T16:21:26.9633150Z   environment-name: tardis
2025-02-10T16:21:26.9633320Z   cache-environment: true
2025-02-10T16:21:26.9633490Z   cache-downloads: true
2025-02-10T16:21:26.9633650Z env:
2025-02-10T16:21:26.9633780Z   CACHE_NUMBER: 0
2025-02-10T16:21:26.9634220Z   PYTEST_FLAGS: --tardis-regression-data=/Users/runner/work/tardis/tardis/tardis-regression-data --cov=tardis --cov-report=xml --cov-report=html --cov-append
2025-02-10T16:21:26.9634870Z   CODECOV_TOKEN: ***
2025-02-10T16:21:26.9635010Z ##[endgroup]
2025-02-10T16:21:27.5593540Z Will download micromamba to /Users/runner/micromamba-bin/micromamba
2025-02-10T16:21:27.5599000Z ##[group]Install micromamba
2025-02-10T16:21:28.3221860Z micromamba installed to /Users/runner/micromamba-bin/micromamba
2025-02-10T16:21:28.3267100Z ##[endgroup]
2025-02-10T16:21:28.3268400Z Adding conda-forge to condarc channels ...
2025-02-10T16:21:28.3293400Z ##[group]Initialize micromamba for bash.
2025-02-10T16:21:28.3304500Z [command]/Users/runner/micromamba-bin/micromamba shell init -s bash -r /Users/runner/micromamba --log-level warning --rc-file /Users/runner/work/_temp/setup-micromamba/.condarc
2025-02-10T16:21:28.3607610Z Modifying RC file "/Users/runner/.bash_profile"
2025-02-10T16:21:28.3609400Z Generating config for root prefix [1m"/Users/runner/micromamba"[0m
2025-02-10T16:21:28.3609940Z Setting mamba executable to: [1m"/Users/runner/micromamba-bin/micromamba"[0m
2025-02-10T16:21:28.3610340Z Adding (or replacing) the following in your "/Users/runner/.bash_profile" file
2025-02-10T16:21:28.3610590Z 
2025-02-10T16:21:28.3610660Z # >>> mamba initialize >>>
2025-02-10T16:21:28.3610890Z # !! Contents within this block are managed by 'mamba init' !!
2025-02-10T16:21:28.3611210Z export MAMBA_EXE='/Users/runner/micromamba-bin/micromamba';
2025-02-10T16:21:28.3611500Z export MAMBA_ROOT_PREFIX='/Users/runner/micromamba';
2025-02-10T16:21:28.3611980Z __mamba_setup="$("$MAMBA_EXE" shell hook --shell bash --root-prefix "$MAMBA_ROOT_PREFIX" 2> /dev/null)"
2025-02-10T16:21:28.3613020Z if [ $? -eq 0 ]; then
2025-02-10T16:21:28.3613230Z     eval "$__mamba_setup"
2025-02-10T16:21:28.3613390Z else
2025-02-10T16:21:28.3613600Z     alias micromamba="$MAMBA_EXE"  # Fallback on help from mamba activate
2025-02-10T16:21:28.3614090Z fi
2025-02-10T16:21:28.3614210Z unset __mamba_setup
2025-02-10T16:21:28.3614370Z # <<< mamba initialize <<<
2025-02-10T16:21:28.3614490Z 
2025-02-10T16:21:28.3616010Z ##[endgroup]
2025-02-10T16:21:28.3616730Z ##[group]Restoring downloads from `/Users/runner/micromamba/pkgs` ...
2025-02-10T16:21:29.7142460Z Received 50331648 of 310594474 (16.2%), 48.0 MBs/sec
2025-02-10T16:21:30.7173390Z Received 109051904 of 310594474 (35.1%), 52.0 MBs/sec
2025-02-10T16:21:31.7184040Z Received 197132288 of 310594474 (63.5%), 62.6 MBs/sec
2025-02-10T16:21:32.7246690Z Received 281234346 of 310594474 (90.5%), 67.0 MBs/sec
2025-02-10T16:21:32.9332170Z Cache Size: ~296 MB (310594474 B)
2025-02-10T16:21:32.9358300Z [command]/opt/homebrew/bin/gtar -xf /Users/runner/work/_temp/62a4f066-54ff-48f8-a244-e593a7885299/cache.tzst -P -C /Users/runner/work/tardis/tardis --delay-directory-restore --use-compress-program unzstd
2025-02-10T16:21:33.4576180Z Cache restored successfully
2025-02-10T16:21:33.4598010Z Restored cache with key `tardis-conda-env-osx-arm64-bf0d0a4d4c847cca72476c6c68c493d56c484aada7e80de0e42c7607fcef5824-v1-osx-arm64`
2025-02-10T16:21:33.4598760Z ##[endgroup]
2025-02-10T16:21:33.4618720Z ##[group]Restoring environment `tardis` from `/Users/runner/micromamba/envs/tardis` ...
2025-02-10T16:21:33.7219080Z Received 310594474 of 310594474 (100.0%), 59.1 MBs/sec
2025-02-10T16:21:34.6803170Z Received 41943040 of 385513979 (10.9%), 40.0 MBs/sec
2025-02-10T16:21:35.6778890Z Received 121634816 of 385513979 (31.6%), 58.0 MBs/sec
2025-02-10T16:21:36.6784900Z Received 197132288 of 385513979 (51.1%), 62.6 MBs/sec
2025-02-10T16:21:37.6819670Z Received 264241152 of 385513979 (68.5%), 63.0 MBs/sec
2025-02-10T16:21:38.6816120Z Received 348127232 of 385513979 (90.3%), 66.3 MBs/sec
2025-02-10T16:21:39.0376280Z Cache Size: ~368 MB (385513979 B)
2025-02-10T16:21:39.0464160Z [command]/opt/homebrew/bin/gtar -xf /Users/runner/work/_temp/e7024eff-1cea-4ccd-9b95-2e340a5f886b/cache.tzst -P -C /Users/runner/work/tardis/tardis --delay-directory-restore --use-compress-program unzstd
2025-02-10T16:21:39.6835380Z Received 385513979 of 385513979 (100.0%), 61.2 MBs/sec
2025-02-10T16:21:52.5998720Z Cache restored successfully
2025-02-10T16:21:52.6036430Z Restored cache with key `tardis-conda-env-osx-arm64-bf0d0a4d4c847cca72476c6c68c493d56c484aada7e80de0e42c7607fcef5824-v1-osx-arm64-tardis-args-4f53cda-root-873f6fe-bin-[object Promise]-file-bf0d0a4d4c847cca72476c6c68c493d56c484aada7e80de0e42c7607fcef5824`
2025-02-10T16:21:52.6060480Z ##[endgroup]
2025-02-10T16:21:52.6062830Z Adding environment tardis to auto-activate bash ...
2025-02-10T16:21:52.6063930Z Generating micromamba run shell.
2025-02-10T16:21:52.6065530Z ##[endgroup]
2025-02-10T16:21:52.6066660Z Set environment variables.
2025-02-10T16:21:52.6087960Z ##[group]micromamba info
2025-02-10T16:21:52.6091780Z [command]/Users/runner/micromamba-bin/micromamba info -r /Users/runner/micromamba -n tardis
2025-02-10T16:21:53.0525660Z 
2025-02-10T16:21:53.0526240Z        libmamba version : 1.5.10
2025-02-10T16:21:53.0529020Z      micromamba version : 1.5.10
2025-02-10T16:21:53.0530180Z            curl version : libcurl/8.10.1 (OpenSSL/3.3.2) SecureTransport zlib/1.3.1 zstd/1.5.6 libssh2/1.11.0 nghttp2/1.58.0
2025-02-10T16:21:53.0530950Z      libarchive version : libarchive 3.7.4 zlib/1.2.13 bz2lib/1.0.8 libzstd/1.5.6
2025-02-10T16:21:53.0531560Z        envs directories : /Users/runner/micromamba/envs
2025-02-10T16:21:53.0532160Z           package cache : /Users/runner/micromamba/pkgs
2025-02-10T16:21:53.0532490Z                           /Users/runner/.mamba/pkgs
2025-02-10T16:21:53.0532800Z             environment : tardis
2025-02-10T16:21:53.0533180Z            env location : /Users/runner/micromamba/envs/tardis
2025-02-10T16:21:53.0539620Z       user config files : /Users/runner/.mambarc
2025-02-10T16:21:53.0540000Z  populated config files : /Users/runner/work/_temp/setup-micromamba/.condarc
2025-02-10T16:21:53.0540340Z        virtual packages : __unix=0=0
2025-02-10T16:21:53.0545450Z                           __osx=14.7.2=0
2025-02-10T16:21:53.0545740Z                           __archspec=1=arm64
2025-02-10T16:21:53.0546060Z                channels : https://conda.anaconda.org/conda-forge/osx-arm64
2025-02-10T16:21:53.0546450Z                           https://conda.anaconda.org/conda-forge/noarch
2025-02-10T16:21:53.0546720Z        base environment : /Users/runner/micromamba
2025-02-10T16:21:53.0546970Z                platform : osx-arm64
2025-02-10T16:21:53.0547390Z ##[endgroup]
2025-02-10T16:21:53.0547760Z ##[group]micromamba list
2025-02-10T16:21:53.0548200Z [command]/Users/runner/micromamba-bin/micromamba list -r /Users/runner/micromamba -n tardis
2025-02-10T16:21:53.4511590Z List of packages in environment: "/Users/runner/micromamba/envs/tardis"
2025-02-10T16:21:53.4511850Z 
2025-02-10T16:21:53.4512140Z   Name                           Version              Build                    Channel    
2025-02-10T16:21:53.4513200Z â”€â”€â”€â”€â”€â”€â”€â”€â”€â”€â”€â”€â”€â”€â”€â”€â”€â”€â”€â”€â”€â”€â”€â”€â”€â”€â”€â”€â”€â”€â”€â”€â”€â”€â”€â”€â”€â”€â”€â”€â”€â”€â”€â”€â”€â”€â”€â”€â”€â”€â”€â”€â”€â”€â”€â”€â”€â”€â”€â”€â”€â”€â”€â”€â”€â”€â”€â”€â”€â”€â”€â”€â”€â”€â”€â”€â”€â”€â”€â”€â”€â”€â”€â”€â”€â”€â”€â”€â”€â”€â”€â”€
2025-02-10T16:21:53.4513810Z   alabaster                      0.7.16               pyhd8ed1ab_0             conda-forge
2025-02-10T16:21:53.4514190Z   anyio                          4.4.0                pyhd8ed1ab_0             conda-forge
2025-02-10T16:21:53.4514550Z   appnope                        0.1.4                pyhd8ed1ab_0             conda-forge
2025-02-10T16:21:53.4515010Z   argon2-cffi                    23.1.0               pyhd8ed1ab_0             conda-forge
2025-02-10T16:21:53.4515480Z   argon2-cffi-bindings           21.2.0               py312h02f2b3b_4          conda-forge
2025-02-10T16:21:53.4515900Z   arrow                          1.3.0                pyhd8ed1ab_0             conda-forge
2025-02-10T16:21:53.4516210Z   astropy                        6.1.1                py312hbebd99a_0          conda-forge
2025-02-10T16:21:53.4516630Z   astropy-iers-data              0.2024.6.17.0.31.35  pyhd8ed1ab_0             conda-forge
2025-02-10T16:21:53.4517100Z   astropy-sphinx-theme           1.1                  pyhd8ed1ab_0             conda-forge
2025-02-10T16:21:53.4517440Z   asttokens                      2.4.1                pyhd8ed1ab_0             conda-forge
2025-02-10T16:21:53.4518870Z   async-lru                      2.0.4                pyhd8ed1ab_0             conda-forge
2025-02-10T16:21:53.4519200Z   atk-1.0                        2.38.0               hd03087b_2               conda-forge
2025-02-10T16:21:53.4519520Z   attrs                          23.2.0               pyh71513ae_0             conda-forge
2025-02-10T16:21:53.4519860Z   babel                          2.14.0               pyhd8ed1ab_0             conda-forge
2025-02-10T16:21:53.4520170Z   beautifulsoup4                 4.12.3               pyha770c72_0             conda-forge
2025-02-10T16:21:53.4520560Z   bleach                         6.1.0                pyhd8ed1ab_0             conda-forge
2025-02-10T16:21:53.4520870Z   blosc                          1.21.5               h9c252e8_1               conda-forge
2025-02-10T16:21:53.4521160Z   brotli                         1.1.0                hb547adb_1               conda-forge
2025-02-10T16:21:53.4521470Z   brotli-bin                     1.1.0                hb547adb_1               conda-forge
2025-02-10T16:21:53.4521830Z   brotli-python                  1.1.0                py312h9f69965_1          conda-forge
2025-02-10T16:21:53.4522160Z   bzip2                          1.0.8                h93a5062_5               conda-forge
2025-02-10T16:21:53.4522600Z   c-ares                         1.28.1               h93a5062_0               conda-forge
2025-02-10T16:21:53.4522950Z   c-blosc2                       2.14.4               ha57e6be_1               conda-forge
2025-02-10T16:21:53.4524250Z   ca-certificates                2024.6.2             hf0a4a13_0               conda-forge
2025-02-10T16:21:53.4524710Z   cached-property                1.5.2                hd8ed1ab_1               conda-forge
2025-02-10T16:21:53.4525250Z   cached_property                1.5.2                pyha770c72_1             conda-forge
2025-02-10T16:21:53.4525670Z   cairo                          1.18.0               hd1e100b_0               conda-forge
2025-02-10T16:21:53.4526070Z   certifi                        2024.6.2             pyhd8ed1ab_0             conda-forge
2025-02-10T16:21:53.4526430Z   cffi                           1.16.0               py312h8e38eb3_0          conda-forge
2025-02-10T16:21:53.4526750Z   charset-normalizer             3.3.2                pyhd8ed1ab_0             conda-forge
2025-02-10T16:21:53.4527210Z   click                          8.1.7                unix_pyh707e725_0        conda-forge
2025-02-10T16:21:53.4527560Z   codespell                      2.3.0                pyhd8ed1ab_0             conda-forge
2025-02-10T16:21:53.4527960Z   colorama                       0.4.6                pyhd8ed1ab_0             conda-forge
2025-02-10T16:21:53.4528380Z   comm                           0.2.2                pyhd8ed1ab_0             conda-forge
2025-02-10T16:21:53.4528710Z   commonmark                     0.9.1                py_0                     conda-forge
2025-02-10T16:21:53.4529150Z   contourpy                      1.2.1                py312h0fef576_0          conda-forge
2025-02-10T16:21:53.4529480Z   coverage                       7.5.3                py312h7e5086c_0          conda-forge
2025-02-10T16:21:53.4529860Z   cycler                         0.12.1               pyhd8ed1ab_0             conda-forge
2025-02-10T16:21:53.4530170Z   dataclasses                    0.8                  pyhc8e2a94_3             conda-forge
2025-02-10T16:21:53.4530530Z   debugpy                        1.8.1                py312h20a0b95_0          conda-forge
2025-02-10T16:21:53.4530890Z   decorator                      5.1.1                pyhd8ed1ab_0             conda-forge
2025-02-10T16:21:53.4531240Z   defusedxml                     0.7.1                pyhd8ed1ab_0             conda-forge
2025-02-10T16:21:53.4531850Z   docutils                       0.20.1               py312h81bd7bf_3          conda-forge
2025-02-10T16:21:53.4532540Z   dot2tex                        2.11.3               pyhd8ed1ab_0             conda-forge
2025-02-10T16:21:53.4532860Z   entrypoints                    0.4                  pyhd8ed1ab_0             conda-forge
2025-02-10T16:21:53.4533250Z   exceptiongroup                 1.2.0                pyhd8ed1ab_2             conda-forge
2025-02-10T16:21:53.4533670Z   executing                      2.0.1                pyhd8ed1ab_0             conda-forge
2025-02-10T16:21:53.4534130Z   expat                          2.6.2                hebf3989_0               conda-forge
2025-02-10T16:21:53.4534480Z   font-ttf-dejavu-sans-mono      2.37                 hab24e00_0               conda-forge
2025-02-10T16:21:53.4535010Z   font-ttf-inconsolata           3.000                h77eed37_0               conda-forge
2025-02-10T16:21:53.4535380Z   font-ttf-source-code-pro       2.038                h77eed37_0               conda-forge
2025-02-10T16:21:53.4535720Z   font-ttf-ubuntu                0.83                 h77eed37_2               conda-forge
2025-02-10T16:21:53.4536010Z   fontconfig                     2.14.2               h82840c6_0               conda-forge
2025-02-10T16:21:53.4536310Z   fonts-conda-ecosystem          1                    0                        conda-forge
2025-02-10T16:21:53.4536630Z   fonts-conda-forge              1                    0                        conda-forge
2025-02-10T16:21:53.4536920Z   fonttools                      4.53.0               py312h7e5086c_0          conda-forge
2025-02-10T16:21:53.4537190Z   fqdn                           1.5.1                pyhd8ed1ab_0             conda-forge
2025-02-10T16:21:53.4537610Z   freetype                       2.12.1               hadb7bae_2               conda-forge
2025-02-10T16:21:53.4538000Z   fribidi                        1.0.10               h27ca646_0               conda-forge
2025-02-10T16:21:53.4538530Z   future                         1.0.0                pyhd8ed1ab_0             conda-forge
2025-02-10T16:21:53.4538910Z   gdk-pixbuf                     2.42.12              h7ddc832_0               conda-forge
2025-02-10T16:21:53.4539260Z   gettext                        0.22.5               h8fbad5d_2               conda-forge
2025-02-10T16:21:53.4539700Z   gettext-tools                  0.22.5               h8fbad5d_2               conda-forge
2025-02-10T16:21:53.4540190Z   giflib                         5.2.2                h93a5062_0               conda-forge
2025-02-10T16:21:53.4540480Z   git-lfs                        3.5.1                hce30654_0               conda-forge
2025-02-10T16:21:53.4540910Z   gmp                            6.3.0                hebf3989_1               conda-forge
2025-02-10T16:21:53.4541210Z   gmpy2                          2.1.5                py312hfa9fade_1          conda-forge
2025-02-10T16:21:53.4541490Z   graphite2                      1.3.13               hebf3989_1003            conda-forge
2025-02-10T16:21:53.4541770Z   graphviz                       11.0.0               h9bb9bc9_0               conda-forge
2025-02-10T16:21:53.4542150Z   gtk2                           2.24.33              h7895bb2_4               conda-forge
2025-02-10T16:21:53.4542500Z   gts                            0.7.6                he42f4ea_4               conda-forge
2025-02-10T16:21:53.4542920Z   h11                            0.14.0               pyhd8ed1ab_0             conda-forge
2025-02-10T16:21:53.4543370Z   h2                             4.1.0                pyhd8ed1ab_0             conda-forge
2025-02-10T16:21:53.4543680Z   h5py                           3.11.0               nompi_py312h903599c_102  conda-forge
2025-02-10T16:21:53.4544050Z   harfbuzz                       8.5.0                h1836168_0               conda-forge
2025-02-10T16:21:53.4544730Z   hdf5                           1.14.3               nompi_hec07895_105       conda-forge
2025-02-10T16:21:53.4545050Z   hpack                          4.0.0                pyh9f0ad1d_0             conda-forge
2025-02-10T16:21:53.4545460Z   httpcore                       1.0.5                pyhd8ed1ab_0             conda-forge
2025-02-10T16:21:53.4545770Z   httpx                          0.27.0               pyhd8ed1ab_0             conda-forge
2025-02-10T16:21:53.4546130Z   hyperframe                     6.0.1                pyhd8ed1ab_0             conda-forge
2025-02-10T16:21:53.4546460Z   icu                            73.2                 hc8870d7_0               conda-forge
2025-02-10T16:21:53.4546730Z   idna                           3.7                  pyhd8ed1ab_0             conda-forge
2025-02-10T16:21:53.4547120Z   imagesize                      1.4.1                pyhd8ed1ab_0             conda-forge
2025-02-10T16:21:53.4547520Z   importlib-metadata             7.1.0                pyha770c72_0             conda-forge
2025-02-10T16:21:53.4547860Z   importlib_metadata             7.1.0                hd8ed1ab_0               conda-forge
2025-02-10T16:21:53.4548210Z   importlib_resources            6.4.0                pyhd8ed1ab_0             conda-forge
2025-02-10T16:21:53.4548590Z   iniconfig                      2.0.0                pyhd8ed1ab_0             conda-forge
2025-02-10T16:21:53.4548970Z   ipykernel                      6.29.4               pyh57ce528_0             conda-forge
2025-02-10T16:21:53.4549270Z   ipython                        8.25.0               pyh707e725_0             conda-forge
2025-02-10T16:21:53.4549600Z   ipython_genutils               0.2.0                pyhd8ed1ab_1             conda-forge
2025-02-10T16:21:53.4549960Z   ipywidgets                     7.8.0                pyhd8ed1ab_0             conda-forge
2025-02-10T16:21:53.4550670Z   isoduration                    20.11.0              pyhd8ed1ab_0             conda-forge
2025-02-10T16:21:53.4550980Z   jedi                           0.19.1               pyhd8ed1ab_0             conda-forge
2025-02-10T16:21:53.4551300Z   jinja2                         3.1.4                pyhd8ed1ab_0             conda-forge
2025-02-10T16:21:53.4551730Z   json5                          0.9.25               pyhd8ed1ab_0             conda-forge
2025-02-10T16:21:53.4552030Z   jsonpointer                    3.0.0                py312h81bd7bf_0          conda-forge
2025-02-10T16:21:53.4552390Z   jsonschema                     4.22.0               pyhd8ed1ab_0             conda-forge
2025-02-10T16:21:53.4552740Z   jsonschema-specifications      2023.12.1            pyhd8ed1ab_0             conda-forge
2025-02-10T16:21:53.4553300Z   jsonschema-with-format-nongpl  4.22.0               pyhd8ed1ab_0             conda-forge
2025-02-10T16:21:53.4553690Z   jupyter-lsp                    2.2.5                pyhd8ed1ab_0             conda-forge
2025-02-10T16:21:53.4554000Z   jupyter_client                 8.6.2                pyhd8ed1ab_0             conda-forge
2025-02-10T16:21:53.4554300Z   jupyter_core                   5.7.2                py312h81bd7bf_0          conda-forge
2025-02-10T16:21:53.4554610Z   jupyter_events                 0.10.0               pyhd8ed1ab_0             conda-forge
2025-02-10T16:21:53.4554910Z   jupyter_server                 2.14.1               pyhd8ed1ab_0             conda-forge
2025-02-10T16:21:53.4555240Z   jupyter_server_terminals       0.5.3                pyhd8ed1ab_0             conda-forge
2025-02-10T16:21:53.4555620Z   jupyterlab                     4.2.2                pyhd8ed1ab_0             conda-forge
2025-02-10T16:21:53.4555940Z   jupyterlab_pygments            0.3.0                pyhd8ed1ab_1             conda-forge
2025-02-10T16:21:53.4556300Z   jupyterlab_server              2.27.2               pyhd8ed1ab_0             conda-forge
2025-02-10T16:21:53.4556680Z   jupyterlab_widgets             1.1.7                pyhd8ed1ab_0             conda-forge
2025-02-10T16:21:53.4557040Z   kiwisolver                     1.4.5                py312h389731b_1          conda-forge
2025-02-10T16:21:53.4557370Z   krb5                           1.21.2               h92f50d5_0               conda-forge
2025-02-10T16:21:53.4557660Z   latexcodec                     2.0.1                pyh9f0ad1d_0             conda-forge
2025-02-10T16:21:53.4557940Z   lcms2                          2.16                 ha0e7c42_0               conda-forge
2025-02-10T16:21:53.4558250Z   lerc                           4.0.0                h9a09cb3_0               conda-forge
2025-02-10T16:21:53.4558570Z   libaec                         1.1.3                hebf3989_0               conda-forge
2025-02-10T16:21:53.4558850Z   libasprintf                    0.22.5               h8fbad5d_2               conda-forge
2025-02-10T16:21:53.4559240Z   libasprintf-devel              0.22.5               h8fbad5d_2               conda-forge
2025-02-10T16:21:53.4559550Z   libblas                        3.9.0                22_osxarm64_openblas     conda-forge
2025-02-10T16:21:53.4559850Z   libbrotlicommon                1.1.0                hb547adb_1               conda-forge
2025-02-10T16:21:53.4560210Z   libbrotlidec                   1.1.0                hb547adb_1               conda-forge
2025-02-10T16:21:53.4560520Z   libbrotlienc                   1.1.0                hb547adb_1               conda-forge
2025-02-10T16:21:53.4560810Z   libcblas                       3.9.0                22_osxarm64_openblas     conda-forge
2025-02-10T16:21:53.4561100Z   libcurl                        8.8.0                h7b6f9a7_0               conda-forge
2025-02-10T16:21:53.4561380Z   libcxx                         17.0.6               h5f092b4_0               conda-forge
2025-02-10T16:21:53.4561730Z   libdeflate                     1.20                 h93a5062_0               conda-forge
2025-02-10T16:21:53.4562450Z   libedit                        3.1.20191231         hc8eb9b7_2               conda-forge
2025-02-10T16:21:53.4562910Z   libev                          4.33                 h93a5062_2               conda-forge
2025-02-10T16:21:53.4563200Z   libexpat                       2.6.2                hebf3989_0               conda-forge
2025-02-10T16:21:53.4563720Z   libffi                         3.4.2                h3422bc3_5               conda-forge
2025-02-10T16:21:53.4564000Z   libgd                          2.3.3                hfdf3952_9               conda-forge
2025-02-10T16:21:53.4564350Z   libgettextpo                   0.22.5               h8fbad5d_2               conda-forge
2025-02-10T16:21:53.4564740Z   libgettextpo-devel             0.22.5               h8fbad5d_2               conda-forge
2025-02-10T16:21:53.4565100Z   libgfortran                    5.0.0                13_2_0_hd922786_3        conda-forge
2025-02-10T16:21:53.4565500Z   libgfortran5                   13.2.0               hf226fd6_3               conda-forge
2025-02-10T16:21:53.4565810Z   libglib                        2.80.2               h59d46d9_1               conda-forge
2025-02-10T16:21:53.4566410Z   libiconv                       1.17                 h0d3ecfb_2               conda-forge
2025-02-10T16:21:53.4566730Z   libintl                        0.22.5               h8fbad5d_2               conda-forge
2025-02-10T16:21:53.4567140Z   libintl-devel                  0.22.5               h8fbad5d_2               conda-forge
2025-02-10T16:21:53.4567500Z   libjpeg-turbo                  3.0.0                hb547adb_1               conda-forge
2025-02-10T16:21:53.4567840Z   liblapack                      3.9.0                22_osxarm64_openblas     conda-forge
2025-02-10T16:21:53.4568280Z   libllvm14                      14.0.6               hd1a9a77_4               conda-forge
2025-02-10T16:21:53.4568670Z   libnghttp2                     1.58.0               ha4dd798_1               conda-forge
2025-02-10T16:21:53.4569180Z   libopenblas                    0.3.27               openmp_h6c19121_0        conda-forge
2025-02-10T16:21:53.4569540Z   libpng                         1.6.43               h091b4b1_0               conda-forge
2025-02-10T16:21:53.4569930Z   librsvg                        2.58.1               hbc281fb_0               conda-forge
2025-02-10T16:21:53.4570310Z   libsodium                      1.0.18               h27ca646_1               conda-forge
2025-02-10T16:21:53.4570660Z   libsqlite                      3.46.0               hfb93653_0               conda-forge
2025-02-10T16:21:53.4571000Z   libssh2                        1.11.0               h7a5bd25_0               conda-forge
2025-02-10T16:21:53.4571330Z   libtiff                        4.6.0                h07db509_3               conda-forge
2025-02-10T16:21:53.4571670Z   libwebp                        1.4.0                h54798ee_0               conda-forge
2025-02-10T16:21:53.4572010Z   libwebp-base                   1.4.0                h93a5062_0               conda-forge
2025-02-10T16:21:53.4572380Z   libxcb                         1.16                 hf2054a2_0               conda-forge
2025-02-10T16:21:53.4572720Z   libxml2                        2.12.7               ha661575_1               conda-forge
2025-02-10T16:21:53.4573060Z   libxslt                        1.1.39               h223e5b9_0               conda-forge
2025-02-10T16:21:53.4573380Z   libzlib                        1.3.1                hfb2fe0b_1               conda-forge
2025-02-10T16:21:53.4573690Z   llvm-openmp                    18.1.7               hde57baf_0               conda-forge
2025-02-10T16:21:53.4573990Z   llvmlite                       0.42.0               py312h17030e7_1          conda-forge
2025-02-10T16:21:53.4574280Z   lxml                           5.2.2                py312h0e5ab22_0          conda-forge
2025-02-10T16:21:53.4574550Z   lz4-c                          1.9.4                hb7217d7_0               conda-forge
2025-02-10T16:21:53.4574840Z   markupsafe                     2.1.5                py312he37b823_0          conda-forge
2025-02-10T16:21:53.4575720Z   matplotlib-base                3.8.4                py312h4479663_2          conda-forge
2025-02-10T16:21:53.4576070Z   matplotlib-inline              0.1.7                pyhd8ed1ab_0             conda-forge
2025-02-10T16:21:53.4576500Z   mistune                        3.0.2                pyhd8ed1ab_0             conda-forge
2025-02-10T16:21:53.4576810Z   mpc                            1.3.1                h91ba8db_0               conda-forge
2025-02-10T16:21:53.4577070Z   mpfr                           4.2.1                h41d338b_1               conda-forge
2025-02-10T16:21:53.4577340Z   mpmath                         1.3.0                pyhd8ed1ab_0             conda-forge
2025-02-10T16:21:53.4577610Z   munkres                        1.1.4                pyh9f0ad1d_0             conda-forge
2025-02-10T16:21:53.4577950Z   mypy_extensions                1.0.0                pyha770c72_0             conda-forge
2025-02-10T16:21:53.4578300Z   nbclassic                      1.1.0                pyhd8ed1ab_0             conda-forge
2025-02-10T16:21:53.4578590Z   nbclient                       0.10.0               pyhd8ed1ab_0             conda-forge
2025-02-10T16:21:53.4578870Z   nbconvert                      7.16.4               hd8ed1ab_1               conda-forge
2025-02-10T16:21:53.4579220Z   nbconvert-core                 7.16.4               pyhd8ed1ab_1             conda-forge
2025-02-10T16:21:53.4579580Z   nbconvert-pandoc               7.16.4               hd8ed1ab_1               conda-forge
2025-02-10T16:21:53.4579880Z   nbformat                       5.10.4               pyhd8ed1ab_0             conda-forge
2025-02-10T16:21:53.4580160Z   nbsphinx                       0.9.4                pyhd8ed1ab_0             conda-forge
2025-02-10T16:21:53.4580480Z   ncurses                        6.5                  hb89a1cb_0               conda-forge
2025-02-10T16:21:53.4580760Z   nest-asyncio                   1.6.0                pyhd8ed1ab_0             conda-forge
2025-02-10T16:21:53.4581080Z   networkx                       3.3                  pyhd8ed1ab_1             conda-forge
2025-02-10T16:21:53.4581370Z   notebook                       7.2.1                pyhd8ed1ab_0             conda-forge
2025-02-10T16:21:53.4581660Z   notebook-shim                  0.2.4                pyhd8ed1ab_0             conda-forge
2025-02-10T16:21:53.4582030Z   numba                          0.59.1               py312hbaff935_0          conda-forge
2025-02-10T16:21:53.4582310Z   numexpr                        2.10.0               py312h8ae5369_0          conda-forge
2025-02-10T16:21:53.4582680Z   numpy                          1.26.4               py312h8442bc7_0          conda-forge
2025-02-10T16:21:53.4582980Z   numpydoc                       1.7.0                pyhd8ed1ab_1             conda-forge
2025-02-10T16:21:53.4583260Z   openjpeg                       2.5.2                h9f1df11_0               conda-forge
2025-02-10T16:21:53.4583550Z   openssl                        3.3.1                hfb2fe0b_0               conda-forge
2025-02-10T16:21:53.4591340Z   overrides                      7.7.0                pyhd8ed1ab_0             conda-forge
2025-02-10T16:21:53.4591660Z   packaging                      24.1                 pyhd8ed1ab_0             conda-forge
2025-02-10T16:21:53.4591990Z   pandas                         2.2.2                py312h8ae5369_1          conda-forge
2025-02-10T16:21:53.4592260Z   pandoc                         3.2                  hce30654_0               conda-forge
2025-02-10T16:21:53.4592570Z   pandocfilters                  1.5.0                pyhd8ed1ab_0             conda-forge
2025-02-10T16:21:53.4592850Z   pango                          1.54.0               h5cb9fbc_0               conda-forge
2025-02-10T16:21:53.4593110Z   parso                          0.8.4                pyhd8ed1ab_0             conda-forge
2025-02-10T16:21:53.4593390Z   pathspec                       0.12.1               pyhd8ed1ab_0             conda-forge
2025-02-10T16:21:53.4593800Z   pbr                            6.0.0                pyhd8ed1ab_0             conda-forge
2025-02-10T16:21:53.4594060Z   pcre2                          10.44                h297a79d_0               conda-forge
2025-02-10T16:21:53.4594540Z   pexpect                        4.9.0                pyhd8ed1ab_0             conda-forge
2025-02-10T16:21:53.4594820Z   pickleshare                    0.7.5                py_1003                  conda-forge
2025-02-10T16:21:53.4595100Z   pillow                         10.3.0               py312h39b1d8d_1          conda-forge
2025-02-10T16:21:53.4595360Z   pip                            24.0                 pyhd8ed1ab_0             conda-forge
2025-02-10T16:21:53.4595620Z   pixman                         0.43.4               hebf3989_0               conda-forge
2025-02-10T16:21:53.4595920Z   pkgutil-resolve-name           1.3.10               pyhd8ed1ab_1             conda-forge
2025-02-10T16:21:53.4596250Z   platformdirs                   4.2.2                pyhd8ed1ab_0             conda-forge
2025-02-10T16:21:53.4596530Z   plotly                         5.22.0               pyhd8ed1ab_0             conda-forge
2025-02-10T16:21:53.4596800Z   pluggy                         1.5.0                pyhd8ed1ab_0             conda-forge
2025-02-10T16:21:53.4597100Z   prometheus_client              0.20.0               pyhd8ed1ab_0             conda-forge
2025-02-10T16:21:53.4597410Z   prompt-toolkit                 3.0.47               pyha770c72_0             conda-forge
2025-02-10T16:21:53.4597690Z   psutil                         5.9.8                py312he37b823_0          conda-forge
2025-02-10T16:21:53.4597970Z   pthread-stubs                  0.4                  h27ca646_1001            conda-forge
2025-02-10T16:21:53.4598260Z   ptyprocess                     0.7.0                pyhd3deb0d_0             conda-forge
2025-02-10T16:21:53.4598540Z   pure_eval                      0.2.2                pyhd8ed1ab_0             conda-forge
2025-02-10T16:21:53.4598820Z   py-cpuinfo                     9.0.0                pyhd8ed1ab_0             conda-forge
2025-02-10T16:21:53.4599100Z   pybtex                         0.24.0               pyhd8ed1ab_2             conda-forge
2025-02-10T16:21:53.4599400Z   pybtex-docutils                1.0.3                py312h81bd7bf_1          conda-forge
2025-02-10T16:21:53.4599690Z   pycparser                      2.22                 pyhd8ed1ab_0             conda-forge
2025-02-10T16:21:53.4599970Z   pyerfa                         2.0.1.4              py312hbebd99a_1          conda-forge
2025-02-10T16:21:53.4600250Z   pygments                       2.18.0               pyhd8ed1ab_0             conda-forge
2025-02-10T16:21:53.4600530Z   pygraphviz                     1.13                 py312h5f4d302_1          conda-forge
2025-02-10T16:21:53.4600820Z   pyobjc-core                    10.3.1               py312hbb55c70_0          conda-forge
2025-02-10T16:21:53.4601140Z   pyobjc-framework-cocoa         10.3.1               py312hbb55c70_0          conda-forge
2025-02-10T16:21:53.4601440Z   pyparsing                      3.1.2                pyhd8ed1ab_0             conda-forge
2025-02-10T16:21:53.4601720Z   pysocks                        1.7.1                pyha2e5f31_6             conda-forge
2025-02-10T16:21:53.4602040Z   pytables                       3.9.2                py312hb622ae1_2          conda-forge
2025-02-10T16:21:53.4602310Z   pytest                         8.2.2                pyhd8ed1ab_0             conda-forge
2025-02-10T16:21:53.4602590Z   pytest-cov                     5.0.0                pyhd8ed1ab_0             conda-forge
2025-02-10T16:21:53.4602890Z   pytest-doctestplus             1.2.1                pyhd8ed1ab_0             conda-forge
2025-02-10T16:21:53.4603200Z   pytest-html                    4.1.1                pyhd8ed1ab_0             conda-forge
2025-02-10T16:21:53.4603500Z   pytest-metadata                3.1.1                pyhd8ed1ab_0             conda-forge
2025-02-10T16:21:53.4603930Z   python                         3.12.4               h30c5eda_0_cpython       conda-forge
2025-02-10T16:21:53.4604230Z   python-dateutil                2.9.0                pyhd8ed1ab_0             conda-forge
2025-02-10T16:21:53.4604660Z   python-fastjsonschema          2.20.0               pyhd8ed1ab_0             conda-forge
2025-02-10T16:21:53.4604990Z   python-json-logger             2.0.7                pyhd8ed1ab_0             conda-forge
2025-02-10T16:21:53.4605300Z   python-tzdata                  2024.1               pyhd8ed1ab_0             conda-forge
2025-02-10T16:21:53.4605590Z   python_abi                     3.12                 4_cp312                  conda-forge
2025-02-10T16:21:53.4605860Z   pytz                           2024.1               pyhd8ed1ab_0             conda-forge
2025-02-10T16:21:53.4606120Z   pyyaml                         6.0.1                py312h02f2b3b_1          conda-forge
2025-02-10T16:21:53.4606390Z   pyzmq                          26.0.3               py312hfa13136_0          conda-forge
2025-02-10T16:21:53.4606650Z   qgrid                          1.3.1                pyhd8ed1ab_4             conda-forge
2025-02-10T16:21:53.4606940Z   radioactivedecay               0.5.1                pyhd8ed1ab_0             conda-forge
2025-02-10T16:21:53.4607230Z   readline                       8.2                  h92ec313_1               conda-forge
2025-02-10T16:21:53.4607510Z   recommonmark                   0.7.1                pyhd8ed1ab_0             conda-forge
2025-02-10T16:21:53.4607800Z   referencing                    0.35.1               pyhd8ed1ab_0             conda-forge
2025-02-10T16:21:53.4608090Z   requests                       2.32.3               pyhd8ed1ab_0             conda-forge
2025-02-10T16:21:53.4608380Z   rfc3339-validator              0.1.4                pyhd8ed1ab_0             conda-forge
2025-02-10T16:21:53.4608690Z   rfc3986-validator              0.1.1                pyh9f0ad1d_0             conda-forge
2025-02-10T16:21:53.4608990Z   rpds-py                        0.18.1               py312h552d48e_0          conda-forge
2025-02-10T16:21:53.4609250Z   ruff                           0.4.9                py312h3402d49_0          conda-forge
2025-02-10T16:21:53.4609510Z   scipy                          1.13.1               py312h14ffa8f_0          conda-forge
2025-02-10T16:21:53.4609790Z   send2trash                     1.8.3                pyh31c8845_0             conda-forge
2025-02-10T16:21:53.4610080Z   setuptools                     70.0.0               pyhd8ed1ab_0             conda-forge
2025-02-10T16:21:53.4610380Z   setuptools-scm                 8.1.0                pyhd8ed1ab_0             conda-forge
2025-02-10T16:21:53.4610670Z   setuptools_scm                 8.1.0                hd8ed1ab_0               conda-forge
2025-02-10T16:21:53.4610940Z   six                            1.16.0               pyh6c4a22f_0             conda-forge
2025-02-10T16:21:53.4611200Z   snakeviz                       2.2.0                pyhd8ed1ab_0             conda-forge
2025-02-10T16:21:53.4611640Z   snappy                         1.2.0                hd04f947_1               conda-forge
2025-02-10T16:21:53.4611950Z   sniffio                        1.3.1                pyhd8ed1ab_0             conda-forge
2025-02-10T16:21:53.4612300Z   snowballstemmer                2.2.0                pyhd8ed1ab_0             conda-forge
2025-02-10T16:21:53.4612600Z   soupsieve                      2.5                  pyhd8ed1ab_1             conda-forge
2025-02-10T16:21:53.4612880Z   sphinx                         7.3.7                pyhd8ed1ab_0             conda-forge
2025-02-10T16:21:53.4613170Z   sphinx-astropy                 1.9.1                pyhd8ed1ab_0             conda-forge
2025-02-10T16:21:53.4613470Z   sphinx-automodapi              0.17.0               pyh717bed2_1             conda-forge
2025-02-10T16:21:53.4613790Z   sphinx-gallery                 0.16.0               pyhd8ed1ab_0             conda-forge
2025-02-10T16:21:53.4614230Z   sphinx-jsonschema              1.19.1               pyhd8ed1ab_0             conda-forge
2025-02-10T16:21:53.4614560Z   sphinx_bootstrap_theme         0.8.1                pyhd8ed1ab_0             conda-forge
2025-02-10T16:21:53.4614980Z   sphinx_rtd_theme               2.0.0                pyha770c72_0             conda-forge
2025-02-10T16:21:53.4615300Z   sphinxcontrib-apidoc           0.3.0                py_1                     conda-forge
2025-02-10T16:21:53.4615640Z   sphinxcontrib-applehelp        1.0.8                pyhd8ed1ab_0             conda-forge
2025-02-10T16:21:53.4615980Z   sphinxcontrib-bibtex           2.6.2                pyhd8ed1ab_0             conda-forge
2025-02-10T16:21:53.4616320Z   sphinxcontrib-devhelp          1.0.6                pyhd8ed1ab_0             conda-forge
2025-02-10T16:21:53.4616670Z   sphinxcontrib-htmlhelp         2.0.5                pyhd8ed1ab_0             conda-forge
2025-02-10T16:21:53.4617000Z   sphinxcontrib-jquery           4.1                  pyhd8ed1ab_0             conda-forge
2025-02-10T16:21:53.4617330Z   sphinxcontrib-jsmath           1.0.1                pyhd8ed1ab_0             conda-forge
2025-02-10T16:21:53.4617660Z   sphinxcontrib-qthelp           1.0.7                pyhd8ed1ab_0             conda-forge
2025-02-10T16:21:53.4618020Z   sphinxcontrib-serializinghtml  1.1.10               pyhd8ed1ab_0             conda-forge
2025-02-10T16:21:53.4618350Z   stack_data                     0.6.2                pyhd8ed1ab_0             conda-forge
2025-02-10T16:21:53.4618620Z   sympy                          1.12.1               pypyh2585a3b_103         conda-forge
2025-02-10T16:21:53.4618900Z   tabulate                       0.9.0                pyhd8ed1ab_1             conda-forge
2025-02-10T16:21:53.4619170Z   tenacity                       8.4.1                pyhd8ed1ab_0             conda-forge
2025-02-10T16:21:53.4619450Z   terminado                      0.18.1               pyh31c8845_0             conda-forge
2025-02-10T16:21:53.4619720Z   tinycss2                       1.3.0                pyhd8ed1ab_0             conda-forge
2025-02-10T16:21:53.4619980Z   tk                             8.6.13               h5083fa2_1               conda-forge
2025-02-10T16:21:53.4620230Z   toml                           0.10.2               pyhd8ed1ab_0             conda-forge
2025-02-10T16:21:53.4620490Z   tomli                          2.0.1                pyhd8ed1ab_0             conda-forge
2025-02-10T16:21:53.4620760Z   tornado                        6.4.1                py312h7e5086c_0          conda-forge
2025-02-10T16:21:53.4621030Z   tqdm                           4.66.4               pyhd8ed1ab_0             conda-forge
2025-02-10T16:21:53.4621290Z   traitlets                      5.14.3               pyhd8ed1ab_0             conda-forge
2025-02-10T16:21:53.4621580Z   typed-ast                      1.5.5                py312h02f2b3b_1          conda-forge
2025-02-10T16:21:53.4621890Z   types-python-dateutil          2.9.0.20240316       pyhd8ed1ab_0             conda-forge
2025-02-10T16:21:53.4622230Z   typing-extensions              4.12.2               hd8ed1ab_0               conda-forge
2025-02-10T16:21:53.4622540Z   typing_extensions              4.12.2               pyha770c72_0             conda-forge
2025-02-10T16:21:53.4622840Z   typing_utils                   0.1.0                pyhd8ed1ab_0             conda-forge
2025-02-10T16:21:53.4623120Z   tzdata                         2024a                h0c530f3_0               conda-forge
2025-02-10T16:21:53.4623410Z   uri-template                   1.3.0                pyhd8ed1ab_0             conda-forge
2025-02-10T16:21:53.4623680Z   urllib3                        2.2.2                pyhd8ed1ab_0             conda-forge
2025-02-10T16:21:53.4623960Z   wcwidth                        0.2.13               pyhd8ed1ab_0             conda-forge
2025-02-10T16:21:53.4624230Z   webcolors                      24.6.0               pyhd8ed1ab_0             conda-forge
2025-02-10T16:21:53.4624610Z   webencodings                   0.5.1                pyhd8ed1ab_2             conda-forge
2025-02-10T16:21:53.4624980Z   websocket-client               1.8.0                pyhd8ed1ab_0             conda-forge
2025-02-10T16:21:53.4625360Z   wheel                          0.43.0               pyhd8ed1ab_1             conda-forge
2025-02-10T16:21:53.4625660Z   widgetsnbextension             3.6.6                pyhd8ed1ab_0             conda-forge
2025-02-10T16:21:53.4625960Z   xorg-libxau                    1.0.11               hb547adb_0               conda-forge
2025-02-10T16:21:53.4626260Z   xorg-libxdmcp                  1.1.3                h27ca646_0               conda-forge
2025-02-10T16:21:53.4626530Z   xz                             5.2.6                h57fd34a_0               conda-forge
2025-02-10T16:21:53.4626770Z   yaml                           0.2.5                h3422bc3_2               conda-forge
2025-02-10T16:21:53.4627030Z   zeromq                         4.3.5                hcc0f68c_4               conda-forge
2025-02-10T16:21:53.4627300Z   zipp                           3.19.2               pyhd8ed1ab_0             conda-forge
2025-02-10T16:21:53.4627560Z   zlib                           1.3.1                hfb2fe0b_1               conda-forge
2025-02-10T16:21:53.4627820Z   zlib-ng                        2.0.7                h1a8c8d9_0               conda-forge
2025-02-10T16:21:53.4628070Z   zstd                           1.5.6                hb46c0d2_0               conda-forge
2025-02-10T16:21:53.4628480Z ##[endgroup]
2025-02-10T16:21:53.4665330Z ##[group]Run pip install -e . --user
2025-02-10T16:21:53.4665560Z [36;1mpip install -e . --user[0m
2025-02-10T16:21:53.7825470Z shell: /bin/bash -l {0}
2025-02-10T16:21:53.7825670Z env:
2025-02-10T16:21:53.7825810Z   CACHE_NUMBER: 0
2025-02-10T16:21:53.7826290Z   PYTEST_FLAGS: --tardis-regression-data=/Users/runner/work/tardis/tardis/tardis-regression-data --cov=tardis --cov-report=xml --cov-report=html --cov-append
2025-02-10T16:21:53.7827110Z   CODECOV_TOKEN: ***
2025-02-10T16:21:53.7827300Z   MAMBA_ROOT_PREFIX: /Users/runner/micromamba
2025-02-10T16:21:53.7827540Z   MAMBA_EXE: /Users/runner/micromamba-bin/micromamba
2025-02-10T16:21:53.7827820Z   CONDARC: /Users/runner/work/_temp/setup-micromamba/.condarc
2025-02-10T16:21:53.7828070Z ##[endgroup]
2025-02-10T16:21:54.6611330Z Obtaining file:///Users/runner/work/tardis/tardis
2025-02-10T16:21:54.6633580Z   Installing build dependencies: started
2025-02-10T16:21:56.9995910Z   Installing build dependencies: finished with status 'done'
2025-02-10T16:21:57.0002950Z   Checking if build backend supports build_editable: started
2025-02-10T16:21:57.0962610Z   Checking if build backend supports build_editable: finished with status 'done'
2025-02-10T16:21:57.0973170Z   Getting requirements to build editable: started
2025-02-10T16:21:57.6479680Z   Getting requirements to build editable: finished with status 'done'
2025-02-10T16:21:57.6491190Z   Preparing editable metadata (pyproject.toml): started
2025-02-10T16:21:58.0024680Z   Preparing editable metadata (pyproject.toml): finished with status 'done'
2025-02-10T16:21:58.0423260Z Requirement already satisfied: astropy in /Users/runner/micromamba/envs/tardis/lib/python3.12/site-packages (from tardis==0.0.0) (6.1.1)
2025-02-10T16:21:58.0662120Z Requirement already satisfied: numpy>=1.23 in /Users/runner/micromamba/envs/tardis/lib/python3.12/site-packages (from astropy->tardis==0.0.0) (1.26.4)
2025-02-10T16:21:58.0668280Z Requirement already satisfied: pyerfa>=2.0.1.1 in /Users/runner/micromamba/envs/tardis/lib/python3.12/site-packages (from astropy->tardis==0.0.0) (2.0.1.4)
2025-02-10T16:21:58.0674370Z Requirement already satisfied: astropy-iers-data>=0.2024.5.27.0.30.8 in /Users/runner/micromamba/envs/tardis/lib/python3.12/site-packages (from astropy->tardis==0.0.0) (0.2024.6.17.0.31.35)
2025-02-10T16:21:58.0679090Z Requirement already satisfied: PyYAML>=3.13 in /Users/runner/micromamba/envs/tardis/lib/python3.12/site-packages (from astropy->tardis==0.0.0) (6.0.1)
2025-02-10T16:21:58.0686570Z Requirement already satisfied: packaging>=19.0 in /Users/runner/micromamba/envs/tardis/lib/python3.12/site-packages (from astropy->tardis==0.0.0) (24.1)
2025-02-10T16:21:58.0739420Z Building wheels for collected packages: tardis
2025-02-10T16:21:58.0746920Z   Building editable for tardis (pyproject.toml): started
2025-02-10T16:21:58.6366700Z   Building editable for tardis (pyproject.toml): finished with status 'done'
2025-02-10T16:21:58.6373690Z   Created wheel for tardis: filename=tardis-0.0.0-0.editable-py3-none-any.whl size=8877 sha256=b0c941fb97d24e4588a36451ca8cfb46016c44357e4b2bc3a1500a5cc60cb966
2025-02-10T16:21:58.6375390Z   Stored in directory: /private/var/folders/_n/gzrw0jcd3lz912_xvb8y94zm0000gn/T/pip-ephem-wheel-cache-1z9a61o8/wheels/bb/4f/6a/0829b918c1c10bc28535ce7f14be21eee54375bdd9cd0c306a
2025-02-10T16:21:58.6396610Z Successfully built tardis
2025-02-10T16:21:59.1313950Z Installing collected packages: tardis
2025-02-10T16:21:59.1414240Z Successfully installed tardis-0.0.0
2025-02-10T16:21:59.3522170Z ##[group]Run pip install qgridnext
2025-02-10T16:21:59.3522390Z [36;1mpip install qgridnext[0m
2025-02-10T16:21:59.3569140Z shell: /bin/bash -l {0}
2025-02-10T16:21:59.3569320Z env:
2025-02-10T16:21:59.3569440Z   CACHE_NUMBER: 0
2025-02-10T16:21:59.3569920Z   PYTEST_FLAGS: --tardis-regression-data=/Users/runner/work/tardis/tardis/tardis-regression-data --cov=tardis --cov-report=xml --cov-report=html --cov-append
2025-02-10T16:21:59.3570680Z   CODECOV_TOKEN: ***
2025-02-10T16:21:59.3570880Z   MAMBA_ROOT_PREFIX: /Users/runner/micromamba
2025-02-10T16:21:59.3571170Z   MAMBA_EXE: /Users/runner/micromamba-bin/micromamba
2025-02-10T16:21:59.3571480Z   CONDARC: /Users/runner/work/_temp/setup-micromamba/.condarc
2025-02-10T16:21:59.3571720Z ##[endgroup]
2025-02-10T16:21:59.8541280Z Collecting qgridnext
2025-02-10T16:21:59.8894810Z   Downloading qgridnext-2.0.4-py3-none-any.whl.metadata (9.9 kB)
2025-02-10T16:21:59.9046470Z Requirement already satisfied: pandas>=0.20.0 in /Users/runner/micromamba/envs/tardis/lib/python3.12/site-packages (from qgridnext) (2.2.2)
2025-02-10T16:21:59.9051810Z Requirement already satisfied: ipywidgets>=7.0.0 in /Users/runner/micromamba/envs/tardis/lib/python3.12/site-packages (from qgridnext) (7.8.0)
2025-02-10T16:21:59.9057730Z Requirement already satisfied: numpy in /Users/runner/micromamba/envs/tardis/lib/python3.12/site-packages (from qgridnext) (1.26.4)
2025-02-10T16:21:59.9064030Z Requirement already satisfied: traitlets in /Users/runner/micromamba/envs/tardis/lib/python3.12/site-packages (from qgridnext) (5.14.3)
2025-02-10T16:21:59.9116780Z Requirement already satisfied: comm>=0.1.3 in /Users/runner/micromamba/envs/tardis/lib/python3.12/site-packages (from ipywidgets>=7.0.0->qgridnext) (0.2.2)
2025-02-10T16:21:59.9121350Z Requirement already satisfied: ipython-genutils~=0.2.0 in /Users/runner/micromamba/envs/tardis/lib/python3.12/site-packages (from ipywidgets>=7.0.0->qgridnext) (0.2.0)
2025-02-10T16:21:59.9129930Z Requirement already satisfied: widgetsnbextension~=3.6.5 in /Users/runner/micromamba/envs/tardis/lib/python3.12/site-packages (from ipywidgets>=7.0.0->qgridnext) (3.6.6)
2025-02-10T16:21:59.9138670Z Requirement already satisfied: ipython>=4.0.0 in /Users/runner/micromamba/envs/tardis/lib/python3.12/site-packages (from ipywidgets>=7.0.0->qgridnext) (8.25.0)
2025-02-10T16:21:59.9148810Z Requirement already satisfied: jupyterlab-widgets<3,>=1.0.0 in /Users/runner/micromamba/envs/tardis/lib/python3.12/site-packages (from ipywidgets>=7.0.0->qgridnext) (1.1.7)
2025-02-10T16:21:59.9431970Z Requirement already satisfied: python-dateutil>=2.8.2 in /Users/runner/micromamba/envs/tardis/lib/python3.12/site-packages (from pandas>=0.20.0->qgridnext) (2.9.0)
2025-02-10T16:21:59.9440280Z Requirement already satisfied: pytz>=2020.1 in /Users/runner/micromamba/envs/tardis/lib/python3.12/site-packages (from pandas>=0.20.0->qgridnext) (2024.1)
2025-02-10T16:21:59.9445570Z Requirement already satisfied: tzdata>=2022.7 in /Users/runner/micromamba/envs/tardis/lib/python3.12/site-packages (from pandas>=0.20.0->qgridnext) (2024.1)
2025-02-10T16:21:59.9653100Z Requirement already satisfied: decorator in /Users/runner/micromamba/envs/tardis/lib/python3.12/site-packages (from ipython>=4.0.0->ipywidgets>=7.0.0->qgridnext) (5.1.1)
2025-02-10T16:21:59.9664490Z Requirement already satisfied: jedi>=0.16 in /Users/runner/micromamba/envs/tardis/lib/python3.12/site-packages (from ipython>=4.0.0->ipywidgets>=7.0.0->qgridnext) (0.19.1)
2025-02-10T16:21:59.9670280Z Requirement already satisfied: matplotlib-inline in /Users/runner/micromamba/envs/tardis/lib/python3.12/site-packages (from ipython>=4.0.0->ipywidgets>=7.0.0->qgridnext) (0.1.7)
2025-02-10T16:21:59.9676020Z Requirement already satisfied: prompt-toolkit<3.1.0,>=3.0.41 in /Users/runner/micromamba/envs/tardis/lib/python3.12/site-packages (from ipython>=4.0.0->ipywidgets>=7.0.0->qgridnext) (3.0.47)
2025-02-10T16:21:59.9682070Z Requirement already satisfied: pygments>=2.4.0 in /Users/runner/micromamba/envs/tardis/lib/python3.12/site-packages (from ipython>=4.0.0->ipywidgets>=7.0.0->qgridnext) (2.18.0)
2025-02-10T16:21:59.9687940Z Requirement already satisfied: stack-data in /Users/runner/micromamba/envs/tardis/lib/python3.12/site-packages (from ipython>=4.0.0->ipywidgets>=7.0.0->qgridnext) (0.6.2)
2025-02-10T16:21:59.9700760Z Requirement already satisfied: pexpect>4.3 in /Users/runner/micromamba/envs/tardis/lib/python3.12/site-packages (from ipython>=4.0.0->ipywidgets>=7.0.0->qgridnext) (4.9.0)
2025-02-10T16:21:59.9728690Z Requirement already satisfied: six>=1.5 in /Users/runner/micromamba/envs/tardis/lib/python3.12/site-packages (from python-dateutil>=2.8.2->pandas>=0.20.0->qgridnext) (1.16.0)
2025-02-10T16:21:59.9764510Z Requirement already satisfied: notebook>=4.4.1 in /Users/runner/micromamba/envs/tardis/lib/python3.12/site-packages (from widgetsnbextension~=3.6.5->ipywidgets>=7.0.0->qgridnext) (7.2.1)
2025-02-10T16:21:59.9888180Z Requirement already satisfied: parso<0.9.0,>=0.8.3 in /Users/runner/micromamba/envs/tardis/lib/python3.12/site-packages (from jedi>=0.16->ipython>=4.0.0->ipywidgets>=7.0.0->qgridnext) (0.8.4)
2025-02-10T16:21:59.9986270Z Requirement already satisfied: jupyter-server<3,>=2.4.0 in /Users/runner/micromamba/envs/tardis/lib/python3.12/site-packages (from notebook>=4.4.1->widgetsnbextension~=3.6.5->ipywidgets>=7.0.0->qgridnext) (2.14.1)
2025-02-10T16:22:00.0088200Z Requirement already satisfied: jupyterlab-server<3,>=2.27.1 in /Users/runner/micromamba/envs/tardis/lib/python3.12/site-packages (from notebook>=4.4.1->widgetsnbextension~=3.6.5->ipywidgets>=7.0.0->qgridnext) (2.27.2)
2025-02-10T16:22:00.0197370Z Requirement already satisfied: jupyterlab<4.3,>=4.2.0 in /Users/runner/micromamba/envs/tardis/lib/python3.12/site-packages (from notebook>=4.4.1->widgetsnbextension~=3.6.5->ipywidgets>=7.0.0->qgridnext) (4.2.2)
2025-02-10T16:22:00.0304470Z Requirement already satisfied: notebook-shim<0.3,>=0.2 in /Users/runner/micromamba/envs/tardis/lib/python3.12/site-packages (from notebook>=4.4.1->widgetsnbextension~=3.6.5->ipywidgets>=7.0.0->qgridnext) (0.2.4)
2025-02-10T16:22:00.0404720Z Requirement already satisfied: tornado>=6.2.0 in /Users/runner/micromamba/envs/tardis/lib/python3.12/site-packages (from notebook>=4.4.1->widgetsnbextension~=3.6.5->ipywidgets>=7.0.0->qgridnext) (6.4.1)
2025-02-10T16:22:00.0507010Z Requirement already satisfied: ptyprocess>=0.5 in /Users/runner/micromamba/envs/tardis/lib/python3.12/site-packages (from pexpect>4.3->ipython>=4.0.0->ipywidgets>=7.0.0->qgridnext) (0.7.0)
2025-02-10T16:22:00.0608110Z Requirement already satisfied: wcwidth in /Users/runner/micromamba/envs/tardis/lib/python3.12/site-packages (from prompt-toolkit<3.1.0,>=3.0.41->ipython>=4.0.0->ipywidgets>=7.0.0->qgridnext) (0.2.13)
2025-02-10T16:22:00.0627920Z Requirement already satisfied: executing>=1.2.0 in /Users/runner/micromamba/envs/tardis/lib/python3.12/site-packages (from stack-data->ipython>=4.0.0->ipywidgets>=7.0.0->qgridnext) (2.0.1)
2025-02-10T16:22:00.0629110Z Requirement already satisfied: asttokens>=2.1.0 in /Users/runner/micromamba/envs/tardis/lib/python3.12/site-packages (from stack-data->ipython>=4.0.0->ipywidgets>=7.0.0->qgridnext) (2.4.1)
2025-02-10T16:22:00.0630860Z Requirement already satisfied: pure-eval in /Users/runner/micromamba/envs/tardis/lib/python3.12/site-packages (from stack-data->ipython>=4.0.0->ipywidgets>=7.0.0->qgridnext) (0.2.2)
2025-02-10T16:22:00.0632350Z Requirement already satisfied: anyio>=3.1.0 in /Users/runner/micromamba/envs/tardis/lib/python3.12/site-packages (from jupyter-server<3,>=2.4.0->notebook>=4.4.1->widgetsnbextension~=3.6.5->ipywidgets>=7.0.0->qgridnext) (4.4.0)
2025-02-10T16:22:00.0633660Z Requirement already satisfied: argon2-cffi>=21.1 in /Users/runner/micromamba/envs/tardis/lib/python3.12/site-packages (from jupyter-server<3,>=2.4.0->notebook>=4.4.1->widgetsnbextension~=3.6.5->ipywidgets>=7.0.0->qgridnext) (23.1.0)
2025-02-10T16:22:00.0635310Z Requirement already satisfied: jinja2>=3.0.3 in /Users/runner/micromamba/envs/tardis/lib/python3.12/site-packages (from jupyter-server<3,>=2.4.0->notebook>=4.4.1->widgetsnbextension~=3.6.5->ipywidgets>=7.0.0->qgridnext) (3.1.4)
2025-02-10T16:22:00.0640150Z Requirement already satisfied: jupyter-client>=7.4.4 in /Users/runner/micromamba/envs/tardis/lib/python3.12/site-packages (from jupyter-server<3,>=2.4.0->notebook>=4.4.1->widgetsnbextension~=3.6.5->ipywidgets>=7.0.0->qgridnext) (8.6.2)
2025-02-10T16:22:00.0641420Z Requirement already satisfied: jupyter-core!=5.0.*,>=4.12 in /Users/runner/micromamba/envs/tardis/lib/python3.12/site-packages (from jupyter-server<3,>=2.4.0->notebook>=4.4.1->widgetsnbextension~=3.6.5->ipywidgets>=7.0.0->qgridnext) (5.7.2)
2025-02-10T16:22:00.0642670Z Requirement already satisfied: jupyter-events>=0.9.0 in /Users/runner/micromamba/envs/tardis/lib/python3.12/site-packages (from jupyter-server<3,>=2.4.0->notebook>=4.4.1->widgetsnbextension~=3.6.5->ipywidgets>=7.0.0->qgridnext) (0.10.0)
2025-02-10T16:22:00.0644020Z Requirement already satisfied: jupyter-server-terminals>=0.4.4 in /Users/runner/micromamba/envs/tardis/lib/python3.12/site-packages (from jupyter-server<3,>=2.4.0->notebook>=4.4.1->widgetsnbextension~=3.6.5->ipywidgets>=7.0.0->qgridnext) (0.5.3)
2025-02-10T16:22:00.0645350Z Requirement already satisfied: nbconvert>=6.4.4 in /Users/runner/micromamba/envs/tardis/lib/python3.12/site-packages (from jupyter-server<3,>=2.4.0->notebook>=4.4.1->widgetsnbextension~=3.6.5->ipywidgets>=7.0.0->qgridnext) (7.16.4)
2025-02-10T16:22:00.0646620Z Requirement already satisfied: nbformat>=5.3.0 in /Users/runner/micromamba/envs/tardis/lib/python3.12/site-packages (from jupyter-server<3,>=2.4.0->notebook>=4.4.1->widgetsnbextension~=3.6.5->ipywidgets>=7.0.0->qgridnext) (5.10.4)
2025-02-10T16:22:00.0647890Z Requirement already satisfied: overrides>=5.0 in /Users/runner/micromamba/envs/tardis/lib/python3.12/site-packages (from jupyter-server<3,>=2.4.0->notebook>=4.4.1->widgetsnbextension~=3.6.5->ipywidgets>=7.0.0->qgridnext) (7.7.0)
2025-02-10T16:22:00.0650430Z Requirement already satisfied: packaging>=22.0 in /Users/runner/micromamba/envs/tardis/lib/python3.12/site-packages (from jupyter-server<3,>=2.4.0->notebook>=4.4.1->widgetsnbextension~=3.6.5->ipywidgets>=7.0.0->qgridnext) (24.1)
2025-02-10T16:22:00.0654400Z Requirement already satisfied: prometheus-client>=0.9 in /Users/runner/micromamba/envs/tardis/lib/python3.12/site-packages (from jupyter-server<3,>=2.4.0->notebook>=4.4.1->widgetsnbextension~=3.6.5->ipywidgets>=7.0.0->qgridnext) (0.20.0)
2025-02-10T16:22:00.0658030Z Requirement already satisfied: pyzmq>=24 in /Users/runner/micromamba/envs/tardis/lib/python3.12/site-packages (from jupyter-server<3,>=2.4.0->notebook>=4.4.1->widgetsnbextension~=3.6.5->ipywidgets>=7.0.0->qgridnext) (26.0.3)
2025-02-10T16:22:00.0661360Z Requirement already satisfied: send2trash>=1.8.2 in /Users/runner/micromamba/envs/tardis/lib/python3.12/site-packages (from jupyter-server<3,>=2.4.0->notebook>=4.4.1->widgetsnbextension~=3.6.5->ipywidgets>=7.0.0->qgridnext) (1.8.3)
2025-02-10T16:22:00.0664190Z Requirement already satisfied: terminado>=0.8.3 in /Users/runner/micromamba/envs/tardis/lib/python3.12/site-packages (from jupyter-server<3,>=2.4.0->notebook>=4.4.1->widgetsnbextension~=3.6.5->ipywidgets>=7.0.0->qgridnext) (0.18.1)
2025-02-10T16:22:00.0665790Z Requirement already satisfied: websocket-client>=1.7 in /Users/runner/micromamba/envs/tardis/lib/python3.12/site-packages (from jupyter-server<3,>=2.4.0->notebook>=4.4.1->widgetsnbextension~=3.6.5->ipywidgets>=7.0.0->qgridnext) (1.8.0)
2025-02-10T16:22:00.0787630Z Requirement already satisfied: async-lru>=1.0.0 in /Users/runner/micromamba/envs/tardis/lib/python3.12/site-packages (from jupyterlab<4.3,>=4.2.0->notebook>=4.4.1->widgetsnbextension~=3.6.5->ipywidgets>=7.0.0->qgridnext) (2.0.4)
2025-02-10T16:22:00.0794580Z Requirement already satisfied: httpx>=0.25.0 in /Users/runner/micromamba/envs/tardis/lib/python3.12/site-packages (from jupyterlab<4.3,>=4.2.0->notebook>=4.4.1->widgetsnbextension~=3.6.5->ipywidgets>=7.0.0->qgridnext) (0.27.0)
2025-02-10T16:22:00.0802780Z Requirement already satisfied: ipykernel>=6.5.0 in /Users/runner/micromamba/envs/tardis/lib/python3.12/site-packages (from jupyterlab<4.3,>=4.2.0->notebook>=4.4.1->widgetsnbextension~=3.6.5->ipywidgets>=7.0.0->qgridnext) (6.29.4)
2025-02-10T16:22:00.0810610Z Requirement already satisfied: jupyter-lsp>=2.0.0 in /Users/runner/micromamba/envs/tardis/lib/python3.12/site-packages (from jupyterlab<4.3,>=4.2.0->notebook>=4.4.1->widgetsnbextension~=3.6.5->ipywidgets>=7.0.0->qgridnext) (2.2.5)
2025-02-10T16:22:00.0832010Z Requirement already satisfied: setuptools>=40.1.0 in /Users/runner/micromamba/envs/tardis/lib/python3.12/site-packages (from jupyterlab<4.3,>=4.2.0->notebook>=4.4.1->widgetsnbextension~=3.6.5->ipywidgets>=7.0.0->qgridnext) (70.0.0)
2025-02-10T16:22:00.0953750Z Requirement already satisfied: babel>=2.10 in /Users/runner/micromamba/envs/tardis/lib/python3.12/site-packages (from jupyterlab-server<3,>=2.27.1->notebook>=4.4.1->widgetsnbextension~=3.6.5->ipywidgets>=7.0.0->qgridnext) (2.14.0)
2025-02-10T16:22:00.0971860Z Requirement already satisfied: json5>=0.9.0 in /Users/runner/micromamba/envs/tardis/lib/python3.12/site-packages (from jupyterlab-server<3,>=2.27.1->notebook>=4.4.1->widgetsnbextension~=3.6.5->ipywidgets>=7.0.0->qgridnext) (0.9.25)
2025-02-10T16:22:00.0978360Z Requirement already satisfied: jsonschema>=4.18.0 in /Users/runner/micromamba/envs/tardis/lib/python3.12/site-packages (from jupyterlab-server<3,>=2.27.1->notebook>=4.4.1->widgetsnbextension~=3.6.5->ipywidgets>=7.0.0->qgridnext) (4.22.0)
2025-02-10T16:22:00.0989220Z Requirement already satisfied: requests>=2.31 in /Users/runner/micromamba/envs/tardis/lib/python3.12/site-packages (from jupyterlab-server<3,>=2.27.1->notebook>=4.4.1->widgetsnbextension~=3.6.5->ipywidgets>=7.0.0->qgridnext) (2.32.3)
2025-02-10T16:22:00.1195530Z Requirement already satisfied: idna>=2.8 in /Users/runner/micromamba/envs/tardis/lib/python3.12/site-packages (from anyio>=3.1.0->jupyter-server<3,>=2.4.0->notebook>=4.4.1->widgetsnbextension~=3.6.5->ipywidgets>=7.0.0->qgridnext) (3.7)
2025-02-10T16:22:00.1200510Z Requirement already satisfied: sniffio>=1.1 in /Users/runner/micromamba/envs/tardis/lib/python3.12/site-packages (from anyio>=3.1.0->jupyter-server<3,>=2.4.0->notebook>=4.4.1->widgetsnbextension~=3.6.5->ipywidgets>=7.0.0->qgridnext) (1.3.1)
2025-02-10T16:22:00.1259570Z Requirement already satisfied: argon2-cffi-bindings in /Users/runner/micromamba/envs/tardis/lib/python3.12/site-packages (from argon2-cffi>=21.1->jupyter-server<3,>=2.4.0->notebook>=4.4.1->widgetsnbextension~=3.6.5->ipywidgets>=7.0.0->qgridnext) (21.2.0)
2025-02-10T16:22:00.1367170Z Requirement already satisfied: certifi in /Users/runner/micromamba/envs/tardis/lib/python3.12/site-packages (from httpx>=0.25.0->jupyterlab<4.3,>=4.2.0->notebook>=4.4.1->widgetsnbextension~=3.6.5->ipywidgets>=7.0.0->qgridnext) (2024.6.2)
2025-02-10T16:22:00.1377160Z Requirement already satisfied: httpcore==1.* in /Users/runner/micromamba/envs/tardis/lib/python3.12/site-packages (from httpx>=0.25.0->jupyterlab<4.3,>=4.2.0->notebook>=4.4.1->widgetsnbextension~=3.6.5->ipywidgets>=7.0.0->qgridnext) (1.0.5)
2025-02-10T16:22:00.1422970Z Requirement already satisfied: h11<0.15,>=0.13 in /Users/runner/micromamba/envs/tardis/lib/python3.12/site-packages (from httpcore==1.*->httpx>=0.25.0->jupyterlab<4.3,>=4.2.0->notebook>=4.4.1->widgetsnbextension~=3.6.5->ipywidgets>=7.0.0->qgridnext) (0.14.0)
2025-02-10T16:22:00.1530890Z Requirement already satisfied: appnope in /Users/runner/micromamba/envs/tardis/lib/python3.12/site-packages (from ipykernel>=6.5.0->jupyterlab<4.3,>=4.2.0->notebook>=4.4.1->widgetsnbextension~=3.6.5->ipywidgets>=7.0.0->qgridnext) (0.1.4)
2025-02-10T16:22:00.1537410Z Requirement already satisfied: debugpy>=1.6.5 in /Users/runner/micromamba/envs/tardis/lib/python3.12/site-packages (from ipykernel>=6.5.0->jupyterlab<4.3,>=4.2.0->notebook>=4.4.1->widgetsnbextension~=3.6.5->ipywidgets>=7.0.0->qgridnext) (1.8.1)
2025-02-10T16:22:00.1550460Z Requirement already satisfied: nest-asyncio in /Users/runner/micromamba/envs/tardis/lib/python3.12/site-packages (from ipykernel>=6.5.0->jupyterlab<4.3,>=4.2.0->notebook>=4.4.1->widgetsnbextension~=3.6.5->ipywidgets>=7.0.0->qgridnext) (1.6.0)
2025-02-10T16:22:00.1558820Z Requirement already satisfied: psutil in /Users/runner/micromamba/envs/tardis/lib/python3.12/site-packages (from ipykernel>=6.5.0->jupyterlab<4.3,>=4.2.0->notebook>=4.4.1->widgetsnbextension~=3.6.5->ipywidgets>=7.0.0->qgridnext) (5.9.8)
2025-02-10T16:22:00.1596300Z Requirement already satisfied: MarkupSafe>=2.0 in /Users/runner/micromamba/envs/tardis/lib/python3.12/site-packages (from jinja2>=3.0.3->jupyter-server<3,>=2.4.0->notebook>=4.4.1->widgetsnbextension~=3.6.5->ipywidgets>=7.0.0->qgridnext) (2.1.5)
2025-02-10T16:22:00.1801920Z Requirement already satisfied: attrs>=22.2.0 in /Users/runner/micromamba/envs/tardis/lib/python3.12/site-packages (from jsonschema>=4.18.0->jupyterlab-server<3,>=2.27.1->notebook>=4.4.1->widgetsnbextension~=3.6.5->ipywidgets>=7.0.0->qgridnext) (23.2.0)
2025-02-10T16:22:00.1904190Z Requirement already satisfied: jsonschema-specifications>=2023.03.6 in /Users/runner/micromamba/envs/tardis/lib/python3.12/site-packages (from jsonschema>=4.18.0->jupyterlab-server<3,>=2.27.1->notebook>=4.4.1->widgetsnbextension~=3.6.5->ipywidgets>=7.0.0->qgridnext) (2023.12.1)
2025-02-10T16:22:00.2004400Z Requirement already satisfied: referencing>=0.28.4 in /Users/runner/micromamba/envs/tardis/lib/python3.12/site-packages (from jsonschema>=4.18.0->jupyterlab-server<3,>=2.27.1->notebook>=4.4.1->widgetsnbextension~=3.6.5->ipywidgets>=7.0.0->qgridnext) (0.35.1)
2025-02-10T16:22:00.2106350Z Requirement already satisfied: rpds-py>=0.7.1 in /Users/runner/micromamba/envs/tardis/lib/python3.12/site-packages (from jsonschema>=4.18.0->jupyterlab-server<3,>=2.27.1->notebook>=4.4.1->widgetsnbextension~=3.6.5->ipywidgets>=7.0.0->qgridnext) (0.18.1)
2025-02-10T16:22:00.2206570Z Requirement already satisfied: platformdirs>=2.5 in /Users/runner/micromamba/envs/tardis/lib/python3.12/site-packages (from jupyter-core!=5.0.*,>=4.12->jupyter-server<3,>=2.4.0->notebook>=4.4.1->widgetsnbextension~=3.6.5->ipywidgets>=7.0.0->qgridnext) (4.2.2)
2025-02-10T16:22:00.2308650Z Requirement already satisfied: python-json-logger>=2.0.4 in /Users/runner/micromamba/envs/tardis/lib/python3.12/site-packages (from jupyter-events>=0.9.0->jupyter-server<3,>=2.4.0->notebook>=4.4.1->widgetsnbextension~=3.6.5->ipywidgets>=7.0.0->qgridnext) (2.0.7)
2025-02-10T16:22:00.2409020Z Requirement already satisfied: pyyaml>=5.3 in /Users/runner/micromamba/envs/tardis/lib/python3.12/site-packages (from jupyter-events>=0.9.0->jupyter-server<3,>=2.4.0->notebook>=4.4.1->widgetsnbextension~=3.6.5->ipywidgets>=7.0.0->qgridnext) (6.0.1)
2025-02-10T16:22:00.2511220Z Requirement already satisfied: rfc3339-validator in /Users/runner/micromamba/envs/tardis/lib/python3.12/site-packages (from jupyter-events>=0.9.0->jupyter-server<3,>=2.4.0->notebook>=4.4.1->widgetsnbextension~=3.6.5->ipywidgets>=7.0.0->qgridnext) (0.1.4)
2025-02-10T16:22:00.2612470Z Requirement already satisfied: rfc3986-validator>=0.1.1 in /Users/runner/micromamba/envs/tardis/lib/python3.12/site-packages (from jupyter-events>=0.9.0->jupyter-server<3,>=2.4.0->notebook>=4.4.1->widgetsnbextension~=3.6.5->ipywidgets>=7.0.0->qgridnext) (0.1.1)
2025-02-10T16:22:00.2713520Z Requirement already satisfied: beautifulsoup4 in /Users/runner/micromamba/envs/tardis/lib/python3.12/site-packages (from nbconvert>=6.4.4->jupyter-server<3,>=2.4.0->notebook>=4.4.1->widgetsnbextension~=3.6.5->ipywidgets>=7.0.0->qgridnext) (4.12.3)
2025-02-10T16:22:00.2814960Z Requirement already satisfied: bleach!=5.0.0 in /Users/runner/micromamba/envs/tardis/lib/python3.12/site-packages (from nbconvert>=6.4.4->jupyter-server<3,>=2.4.0->notebook>=4.4.1->widgetsnbextension~=3.6.5->ipywidgets>=7.0.0->qgridnext) (6.1.0)
2025-02-10T16:22:00.2915710Z Requirement already satisfied: defusedxml in /Users/runner/micromamba/envs/tardis/lib/python3.12/site-packages (from nbconvert>=6.4.4->jupyter-server<3,>=2.4.0->notebook>=4.4.1->widgetsnbextension~=3.6.5->ipywidgets>=7.0.0->qgridnext) (0.7.1)
2025-02-10T16:22:00.3017830Z Requirement already satisfied: jupyterlab-pygments in /Users/runner/micromamba/envs/tardis/lib/python3.12/site-packages (from nbconvert>=6.4.4->jupyter-server<3,>=2.4.0->notebook>=4.4.1->widgetsnbextension~=3.6.5->ipywidgets>=7.0.0->qgridnext) (0.3.0)
2025-02-10T16:22:00.3117920Z Requirement already satisfied: mistune<4,>=2.0.3 in /Users/runner/micromamba/envs/tardis/lib/python3.12/site-packages (from nbconvert>=6.4.4->jupyter-server<3,>=2.4.0->notebook>=4.4.1->widgetsnbextension~=3.6.5->ipywidgets>=7.0.0->qgridnext) (3.0.2)
2025-02-10T16:22:00.3220340Z Requirement already satisfied: nbclient>=0.5.0 in /Users/runner/micromamba/envs/tardis/lib/python3.12/site-packages (from nbconvert>=6.4.4->jupyter-server<3,>=2.4.0->notebook>=4.4.1->widgetsnbextension~=3.6.5->ipywidgets>=7.0.0->qgridnext) (0.10.0)
2025-02-10T16:22:00.3320660Z Requirement already satisfied: pandocfilters>=1.4.1 in /Users/runner/micromamba/envs/tardis/lib/python3.12/site-packages (from nbconvert>=6.4.4->jupyter-server<3,>=2.4.0->notebook>=4.4.1->widgetsnbextension~=3.6.5->ipywidgets>=7.0.0->qgridnext) (1.5.0)
2025-02-10T16:22:00.3421360Z Requirement already satisfied: tinycss2 in /Users/runner/micromamba/envs/tardis/lib/python3.12/site-packages (from nbconvert>=6.4.4->jupyter-server<3,>=2.4.0->notebook>=4.4.1->widgetsnbextension~=3.6.5->ipywidgets>=7.0.0->qgridnext) (1.3.0)
2025-02-10T16:22:00.3522780Z Requirement already satisfied: fastjsonschema>=2.15 in /Users/runner/micromamba/envs/tardis/lib/python3.12/site-packages (from nbformat>=5.3.0->jupyter-server<3,>=2.4.0->notebook>=4.4.1->widgetsnbextension~=3.6.5->ipywidgets>=7.0.0->qgridnext) (2.20.0)
2025-02-10T16:22:00.3623040Z Requirement already satisfied: charset-normalizer<4,>=2 in /Users/runner/micromamba/envs/tardis/lib/python3.12/site-packages (from requests>=2.31->jupyterlab-server<3,>=2.27.1->notebook>=4.4.1->widgetsnbextension~=3.6.5->ipywidgets>=7.0.0->qgridnext) (3.3.2)
2025-02-10T16:22:00.3725030Z Requirement already satisfied: urllib3<3,>=1.21.1 in /Users/runner/micromamba/envs/tardis/lib/python3.12/site-packages (from requests>=2.31->jupyterlab-server<3,>=2.27.1->notebook>=4.4.1->widgetsnbextension~=3.6.5->ipywidgets>=7.0.0->qgridnext) (2.2.2)
2025-02-10T16:22:00.3825240Z Requirement already satisfied: webencodings in /Users/runner/micromamba/envs/tardis/lib/python3.12/site-packages (from bleach!=5.0.0->nbconvert>=6.4.4->jupyter-server<3,>=2.4.0->notebook>=4.4.1->widgetsnbextension~=3.6.5->ipywidgets>=7.0.0->qgridnext) (0.5.1)
2025-02-10T16:22:00.3927290Z Requirement already satisfied: fqdn in /Users/runner/micromamba/envs/tardis/lib/python3.12/site-packages (from jsonschema[format-nongpl]>=4.18.0->jupyter-events>=0.9.0->jupyter-server<3,>=2.4.0->notebook>=4.4.1->widgetsnbextension~=3.6.5->ipywidgets>=7.0.0->qgridnext) (1.5.1)
2025-02-10T16:22:00.4027600Z Requirement already satisfied: isoduration in /Users/runner/micromamba/envs/tardis/lib/python3.12/site-packages (from jsonschema[format-nongpl]>=4.18.0->jupyter-events>=0.9.0->jupyter-server<3,>=2.4.0->notebook>=4.4.1->widgetsnbextension~=3.6.5->ipywidgets>=7.0.0->qgridnext) (20.11.0)
2025-02-10T16:22:00.4129550Z Requirement already satisfied: jsonpointer>1.13 in /Users/runner/micromamba/envs/tardis/lib/python3.12/site-packages (from jsonschema[format-nongpl]>=4.18.0->jupyter-events>=0.9.0->jupyter-server<3,>=2.4.0->notebook>=4.4.1->widgetsnbextension~=3.6.5->ipywidgets>=7.0.0->qgridnext) (3.0.0)
2025-02-10T16:22:00.4229990Z Requirement already satisfied: uri-template in /Users/runner/micromamba/envs/tardis/lib/python3.12/site-packages (from jsonschema[format-nongpl]>=4.18.0->jupyter-events>=0.9.0->jupyter-server<3,>=2.4.0->notebook>=4.4.1->widgetsnbextension~=3.6.5->ipywidgets>=7.0.0->qgridnext) (1.3.0)
2025-02-10T16:22:00.4332240Z Requirement already satisfied: webcolors>=1.11 in /Users/runner/micromamba/envs/tardis/lib/python3.12/site-packages (from jsonschema[format-nongpl]>=4.18.0->jupyter-events>=0.9.0->jupyter-server<3,>=2.4.0->notebook>=4.4.1->widgetsnbextension~=3.6.5->ipywidgets>=7.0.0->qgridnext) (24.6.0)
2025-02-10T16:22:00.4432800Z Requirement already satisfied: cffi>=1.0.1 in /Users/runner/micromamba/envs/tardis/lib/python3.12/site-packages (from argon2-cffi-bindings->argon2-cffi>=21.1->jupyter-server<3,>=2.4.0->notebook>=4.4.1->widgetsnbextension~=3.6.5->ipywidgets>=7.0.0->qgridnext) (1.16.0)
2025-02-10T16:22:00.4533460Z Requirement already satisfied: soupsieve>1.2 in /Users/runner/micromamba/envs/tardis/lib/python3.12/site-packages (from beautifulsoup4->nbconvert>=6.4.4->jupyter-server<3,>=2.4.0->notebook>=4.4.1->widgetsnbextension~=3.6.5->ipywidgets>=7.0.0->qgridnext) (2.5)
2025-02-10T16:22:00.4935450Z Requirement already satisfied: pycparser in /Users/runner/micromamba/envs/tardis/lib/python3.12/site-packages (from cffi>=1.0.1->argon2-cffi-bindings->argon2-cffi>=21.1->jupyter-server<3,>=2.4.0->notebook>=4.4.1->widgetsnbextension~=3.6.5->ipywidgets>=7.0.0->qgridnext) (2.22)
2025-02-10T16:22:00.5236520Z Requirement already satisfied: arrow>=0.15.0 in /Users/runner/micromamba/envs/tardis/lib/python3.12/site-packages (from isoduration->jsonschema[format-nongpl]>=4.18.0->jupyter-events>=0.9.0->jupyter-server<3,>=2.4.0->notebook>=4.4.1->widgetsnbextension~=3.6.5->ipywidgets>=7.0.0->qgridnext) (1.3.0)
2025-02-10T16:22:00.5437280Z Requirement already satisfied: types-python-dateutil>=2.8.10 in /Users/runner/micromamba/envs/tardis/lib/python3.12/site-packages (from arrow>=0.15.0->isoduration->jsonschema[format-nongpl]>=4.18.0->jupyter-events>=0.9.0->jupyter-server<3,>=2.4.0->notebook>=4.4.1->widgetsnbextension~=3.6.5->ipywidgets>=7.0.0->qgridnext) (2.9.0.20240316)
2025-02-10T16:22:00.5738230Z Downloading qgridnext-2.0.4-py3-none-any.whl (1.3 MB)
2025-02-10T16:22:00.6166810Z    â”â”â”â”â”â”â”â”â”â”â”â”â”â”â”â”â”â”â”â”â”â”â”â”â”â”â”â”â”â”â”â”â”â”â”â”â”â”â”â” 1.3/1.3 MB 26.2 MB/s eta 0:00:00
2025-02-10T16:22:01.1553290Z Installing collected packages: qgridnext
2025-02-10T16:22:01.1984540Z Successfully installed qgridnext-2.0.4
2025-02-10T16:22:01.3877360Z ##[group]Run pytest tardis --tardis-regression-data=/Users/runner/work/tardis/tardis/tardis-regression-data --cov=tardis --cov-report=xml --cov-report=html --cov-append -m " continuum"
2025-02-10T16:22:01.3878360Z [36;1mpytest tardis --tardis-regression-data=/Users/runner/work/tardis/tardis/tardis-regression-data --cov=tardis --cov-report=xml --cov-report=html --cov-append -m " continuum"[0m
2025-02-10T16:22:01.3930820Z shell: /bin/bash -l {0}
2025-02-10T16:22:01.3931090Z env:
2025-02-10T16:22:01.3931230Z   CACHE_NUMBER: 0
2025-02-10T16:22:01.3931730Z   PYTEST_FLAGS: --tardis-regression-data=/Users/runner/work/tardis/tardis/tardis-regression-data --cov=tardis --cov-report=xml --cov-report=html --cov-append
2025-02-10T16:22:01.3932520Z   CODECOV_TOKEN: ***
2025-02-10T16:22:01.3932710Z   MAMBA_ROOT_PREFIX: /Users/runner/micromamba
2025-02-10T16:22:01.3932960Z   MAMBA_EXE: /Users/runner/micromamba-bin/micromamba
2025-02-10T16:22:01.3933290Z   CONDARC: /Users/runner/work/_temp/setup-micromamba/.condarc
2025-02-10T16:22:01.3933560Z ##[endgroup]
2025-02-10T16:22:12.3159100Z ============================= test session starts ==============================
2025-02-10T16:22:12.3159500Z platform darwin -- Python 3.12.4, pytest-8.2.2, pluggy-1.5.0
2025-02-10T16:22:12.3159890Z rootdir: /Users/runner/work/tardis/tardis
2025-02-10T16:22:12.3160350Z configfile: pyproject.toml
2025-02-10T16:22:12.3160650Z plugins: cov-5.0.0, html-4.1.1, metadata-3.1.1, doctestplus-1.2.1, anyio-4.4.0
2025-02-10T16:22:12.3160970Z collected 1796 items / 1794 deselected / 2 selected
2025-02-10T16:22:12.3161150Z 
2025-02-10T16:23:03.9190310Z tardis/transport/montecarlo/estimators/tests/test_continuum_property_solver.py . [ 50%]
2025-02-10T16:23:03.9219320Z                                                                          [ 50%]
2025-02-10T16:23:29.8949750Z tardis/transport/montecarlo/tests/test_continuum.py .                    [100%]
2025-02-10T16:23:29.8950840Z 
2025-02-10T16:23:29.8951020Z =============================== warnings summary ===============================
2025-02-10T16:23:29.8951340Z tardis/io/configuration/config_validator.py:6
2025-02-10T16:23:29.8951600Z tardis/io/configuration/config_validator.py:6
2025-02-10T16:23:29.8952020Z   /Users/runner/work/tardis/tardis/tardis/io/configuration/config_validator.py:6: DeprecationWarning:
2025-02-10T16:23:29.8952430Z   
2025-02-10T16:23:29.8953410Z   jsonschema.RefResolver is deprecated as of v4.18.0, in favor of the https://github.com/python-jsonschema/referencing library, which provides more compliant referencing behavior as well as more flexible APIs for customization. A future release will remove RefResolver. Please file a feature request (on referencing) if you are missing an API for the kind of customization you need.
2025-02-10T16:23:29.8954370Z 
2025-02-10T16:23:29.8954580Z ../../../micromamba/envs/tardis/lib/python3.12/site-packages/jupyter_client/connect.py:22
2025-02-10T16:23:29.8955150Z   /Users/runner/micromamba/envs/tardis/lib/python3.12/site-packages/jupyter_client/connect.py:22: DeprecationWarning:
2025-02-10T16:23:29.8955560Z   
2025-02-10T16:23:29.8955770Z   Jupyter is migrating its paths to use standard platformdirs
2025-02-10T16:23:29.8956090Z   given by the platformdirs library.  To remove this warning and
2025-02-10T16:23:29.8956430Z   see the appropriate new directories, set the environment variable
2025-02-10T16:23:29.8956760Z   `JUPYTER_PLATFORM_DIRS=1` and then run `jupyter --paths`.
2025-02-10T16:23:29.8957110Z   The use of platformdirs will be the default in `jupyter_core` v6
2025-02-10T16:23:29.8957310Z 
2025-02-10T16:23:29.8960840Z tardis/transport/montecarlo/estimators/tests/test_continuum_property_solver.py::test_continuum_estimators
2025-02-10T16:23:29.8961510Z   /Users/runner/work/tardis/tardis/tardis/transport/montecarlo/montecarlo_main_loop.py:123: NumbaTypeSafetyWarning:
2025-02-10T16:23:29.8961940Z   
2025-02-10T16:23:29.8962360Z   [1m[1m[1munsafe cast from uint64 to int64. Precision may be lost.[0m[0m[0m
2025-02-10T16:23:29.8963120Z 
2025-02-10T16:23:29.8963310Z -- Docs: https://docs.pytest.org/en/stable/how-to/capture-warnings.html
2025-02-10T16:23:29.8963550Z 
2025-02-10T16:23:29.8963700Z ---------- coverage: platform darwin, python 3.12.4-final-0 ----------
2025-02-10T16:23:29.8964010Z Coverage HTML written to dir coverage_html_report
2025-02-10T16:23:29.8964290Z Coverage XML written to file coverage.xml
2025-02-10T16:23:29.8964450Z 
2025-02-10T16:23:29.8964600Z ========== 2 passed, 1794 deselected, 4 warnings in 79.14s (0:01:19) ===========
2025-02-10T16:23:30.7054700Z ##[group]Run pytest tardis --tardis-regression-data=/Users/runner/work/tardis/tardis/tardis-regression-data --cov=tardis --cov-report=xml --cov-report=html --cov-append --generate-reference -m " continuum"
2025-02-10T16:23:30.7055790Z [36;1mpytest tardis --tardis-regression-data=/Users/runner/work/tardis/tardis/tardis-regression-data --cov=tardis --cov-report=xml --cov-report=html --cov-append --generate-reference -m " continuum"[0m
2025-02-10T16:23:30.7122060Z shell: /bin/bash -l {0}
2025-02-10T16:23:30.7122230Z env:
2025-02-10T16:23:30.7122350Z   CACHE_NUMBER: 0
2025-02-10T16:23:30.7122830Z   PYTEST_FLAGS: --tardis-regression-data=/Users/runner/work/tardis/tardis/tardis-regression-data --cov=tardis --cov-report=xml --cov-report=html --cov-append
2025-02-10T16:23:30.7123680Z   CODECOV_TOKEN: ***
2025-02-10T16:23:30.7124060Z   MAMBA_ROOT_PREFIX: /Users/runner/micromamba
2025-02-10T16:23:30.7124320Z   MAMBA_EXE: /Users/runner/micromamba-bin/micromamba
2025-02-10T16:23:30.7124650Z   CONDARC: /Users/runner/work/_temp/setup-micromamba/.condarc
2025-02-10T16:23:30.7124890Z ##[endgroup]
2025-02-10T16:23:37.2502790Z ============================= test session starts ==============================
2025-02-10T16:23:37.2503250Z platform darwin -- Python 3.12.4, pytest-8.2.2, pluggy-1.5.0
2025-02-10T16:23:37.2503570Z rootdir: /Users/runner/work/tardis/tardis
2025-02-10T16:23:37.2503810Z configfile: pyproject.toml
2025-02-10T16:23:37.2504100Z plugins: cov-5.0.0, html-4.1.1, metadata-3.1.1, doctestplus-1.2.1, anyio-4.4.0
2025-02-10T16:23:37.2504430Z collected 1796 items / 1794 deselected / 2 selected
2025-02-10T16:23:37.2504610Z 
2025-02-10T16:24:27.6826670Z tardis/transport/montecarlo/estimators/tests/test_continuum_property_solver.py . [ 50%]
2025-02-10T16:24:27.6827390Z                                                                          [ 50%]
2025-02-10T16:24:53.2583910Z tardis/transport/montecarlo/tests/test_continuum.py s                    [100%]
2025-02-10T16:24:53.2584270Z 
2025-02-10T16:24:53.2584480Z =============================== warnings summary ===============================
2025-02-10T16:24:53.2584770Z tardis/io/configuration/config_validator.py:6
2025-02-10T16:24:53.2585040Z tardis/io/configuration/config_validator.py:6
2025-02-10T16:24:53.2585520Z   /Users/runner/work/tardis/tardis/tardis/io/configuration/config_validator.py:6: DeprecationWarning:
2025-02-10T16:24:53.2585910Z   
2025-02-10T16:24:53.2586880Z   jsonschema.RefResolver is deprecated as of v4.18.0, in favor of the https://github.com/python-jsonschema/referencing library, which provides more compliant referencing behavior as well as more flexible APIs for customization. A future release will remove RefResolver. Please file a feature request (on referencing) if you are missing an API for the kind of customization you need.
2025-02-10T16:24:53.2587850Z 
2025-02-10T16:24:53.2588060Z ../../../micromamba/envs/tardis/lib/python3.12/site-packages/jupyter_client/connect.py:22
2025-02-10T16:24:53.2588620Z   /Users/runner/micromamba/envs/tardis/lib/python3.12/site-packages/jupyter_client/connect.py:22: DeprecationWarning:
2025-02-10T16:24:53.2589040Z   
2025-02-10T16:24:53.2589240Z   Jupyter is migrating its paths to use standard platformdirs
2025-02-10T16:24:53.2589570Z   given by the platformdirs library.  To remove this warning and
2025-02-10T16:24:53.2589910Z   see the appropriate new directories, set the environment variable
2025-02-10T16:24:53.2590240Z   `JUPYTER_PLATFORM_DIRS=1` and then run `jupyter --paths`.
2025-02-10T16:24:53.2590560Z   The use of platformdirs will be the default in `jupyter_core` v6
2025-02-10T16:24:53.2590760Z 
2025-02-10T16:24:53.2591060Z tardis/transport/montecarlo/estimators/tests/test_continuum_property_solver.py::test_continuum_estimators
2025-02-10T16:24:53.2591700Z   /Users/runner/work/tardis/tardis/tardis/transport/montecarlo/montecarlo_main_loop.py:123: NumbaTypeSafetyWarning:
2025-02-10T16:24:53.2592130Z   
2025-02-10T16:24:53.2593090Z   [1m[1m[1munsafe cast from uint64 to int64. Precision may be lost.[0m[0m[0m
2025-02-10T16:24:53.2593350Z 
2025-02-10T16:24:53.2593580Z tardis/transport/montecarlo/tests/test_continuum.py::test_montecarlo_continuum
2025-02-10T16:24:53.2594070Z tardis/transport/montecarlo/tests/test_continuum.py::test_montecarlo_continuum
2025-02-10T16:24:53.2594510Z   /Users/runner/work/tardis/tardis/tardis/io/util.py:289: PerformanceWarning:
2025-02-10T16:24:53.2594810Z   
2025-02-10T16:24:53.2594950Z   
2025-02-10T16:24:53.2595200Z   your performance may suffer as PyTables will pickle object types that it cannot
2025-02-10T16:24:53.2595690Z   map directly to c-types [inferred_type->mixed,key->block0_values] [items->Index([0], dtype='int64')]
2025-02-10T16:24:53.2595980Z 
2025-02-10T16:24:53.2596150Z tardis/transport/montecarlo/tests/test_continuum.py::test_montecarlo_continuum
2025-02-10T16:24:53.2604040Z tardis/transport/montecarlo/tests/test_continuum.py::test_montecarlo_continuum
2025-02-10T16:24:53.2604530Z tardis/transport/montecarlo/tests/test_continuum.py::test_montecarlo_continuum
2025-02-10T16:24:53.2604970Z tardis/transport/montecarlo/tests/test_continuum.py::test_montecarlo_continuum
2025-02-10T16:24:53.2605410Z   /Users/runner/work/tardis/tardis/tardis/io/util.py:276: PerformanceWarning:
2025-02-10T16:24:53.2605740Z   
2025-02-10T16:24:53.2605880Z   
2025-02-10T16:24:53.2606130Z   your performance may suffer as PyTables will pickle object types that it cannot
2025-02-10T16:24:53.2606600Z   map directly to c-types [inferred_type->mixed,key->block0_values] [items->Index([0], dtype='int64')]
2025-02-10T16:24:53.2606900Z 
2025-02-10T16:24:53.2607080Z tardis/transport/montecarlo/tests/test_continuum.py::test_montecarlo_continuum
2025-02-10T16:24:53.2607520Z   /Users/runner/work/tardis/tardis/tardis/io/util.py:280: PerformanceWarning:
2025-02-10T16:24:53.2607840Z   
2025-02-10T16:24:53.2607980Z   
2025-02-10T16:24:53.2608230Z   your performance may suffer as PyTables will pickle object types that it cannot
2025-02-10T16:24:53.2608660Z   map directly to c-types [inferred_type->mixed-integer,key->axis1_level0] [items->None]
2025-02-10T16:24:53.2608930Z 
2025-02-10T16:24:53.2609120Z tardis/transport/montecarlo/tests/test_continuum.py::test_montecarlo_continuum
2025-02-10T16:24:53.2609560Z   /Users/runner/work/tardis/tardis/tardis/io/util.py:280: PerformanceWarning:
2025-02-10T16:24:53.2609880Z   
2025-02-10T16:24:53.2610010Z   
2025-02-10T16:24:53.2610250Z   your performance may suffer as PyTables will pickle object types that it cannot
2025-02-10T16:24:53.2610700Z   map directly to c-types [inferred_type->mixed-integer,key->axis1_level1] [items->None]
2025-02-10T16:24:53.2610950Z 
2025-02-10T16:24:53.2611150Z tardis/transport/montecarlo/tests/test_continuum.py::test_montecarlo_continuum
2025-02-10T16:24:53.2611610Z   /Users/runner/work/tardis/tardis/tardis/io/util.py:280: PerformanceWarning:
2025-02-10T16:24:53.2611910Z   
2025-02-10T16:24:53.2612080Z   
2025-02-10T16:24:53.2612320Z   your performance may suffer as PyTables will pickle object types that it cannot
2025-02-10T16:24:53.2612750Z   map directly to c-types [inferred_type->mixed-integer,key->axis1] [items->None]
2025-02-10T16:24:53.2612990Z 
2025-02-10T16:24:53.2613190Z tardis/transport/montecarlo/tests/test_continuum.py::test_montecarlo_continuum
2025-02-10T16:24:53.2613610Z   /Users/runner/work/tardis/tardis/tardis/io/util.py:269: PerformanceWarning:
2025-02-10T16:24:53.2613920Z   
2025-02-10T16:24:53.2614040Z   
2025-02-10T16:24:53.2614280Z   your performance may suffer as PyTables will pickle object types that it cannot
2025-02-10T16:24:53.2614680Z   map directly to c-types [inferred_type->mixed-integer,key->index] [items->None]
2025-02-10T16:24:53.2614940Z 
2025-02-10T16:24:53.2615140Z tardis/transport/montecarlo/tests/test_continuum.py::test_montecarlo_continuum
2025-02-10T16:24:53.2615590Z   /Users/runner/work/tardis/tardis/tardis/io/util.py:280: PerformanceWarning:
2025-02-10T16:24:53.2615890Z   
2025-02-10T16:24:53.2616030Z   
2025-02-10T16:24:53.2616610Z   your performance may suffer as PyTables will pickle object types that it cannot
2025-02-10T16:24:53.2617050Z   map directly to c-types [inferred_type->mixed-integer,key->axis0] [items->None]
2025-02-10T16:24:53.2617290Z 
2025-02-10T16:24:53.2617470Z tardis/transport/montecarlo/tests/test_continuum.py::test_montecarlo_continuum
2025-02-10T16:24:53.2617930Z   /Users/runner/work/tardis/tardis/tardis/io/util.py:280: PerformanceWarning:
2025-02-10T16:24:53.2618240Z   
2025-02-10T16:24:53.2618390Z   
2025-02-10T16:24:53.2618630Z   your performance may suffer as PyTables will pickle object types that it cannot
2025-02-10T16:24:53.2619060Z   map directly to c-types [inferred_type->integer,key->block1_items] [items->None]
2025-02-10T16:24:53.2619310Z 
2025-02-10T16:24:53.2619490Z tardis/transport/montecarlo/tests/test_continuum.py::test_montecarlo_continuum
2025-02-10T16:24:53.2619930Z   /Users/runner/work/tardis/tardis/tardis/io/util.py:280: PerformanceWarning:
2025-02-10T16:24:53.2620360Z   
2025-02-10T16:24:53.2620520Z   
2025-02-10T16:24:53.2620770Z   your performance may suffer as PyTables will pickle object types that it cannot
2025-02-10T16:24:53.2621180Z   map directly to c-types [inferred_type->integer,key->block0_items] [items->None]
2025-02-10T16:24:53.2621430Z 
2025-02-10T16:24:53.2621630Z tardis/transport/montecarlo/tests/test_continuum.py::test_montecarlo_continuum
2025-02-10T16:24:53.2622050Z   /Users/runner/work/tardis/tardis/tardis/io/util.py:280: PerformanceWarning:
2025-02-10T16:24:53.2622370Z   
2025-02-10T16:24:53.2622520Z   
2025-02-10T16:24:53.2622770Z   your performance may suffer as PyTables will pickle object types that it cannot
2025-02-10T16:24:53.2623170Z   map directly to c-types [inferred_type->integer,key->axis0] [items->None]
2025-02-10T16:24:53.2623380Z 
2025-02-10T16:24:53.2623580Z tardis/transport/montecarlo/tests/test_continuum.py::test_montecarlo_continuum
2025-02-10T16:24:53.2624040Z   /Users/runner/work/tardis/tardis/tardis/io/util.py:292: PerformanceWarning:
2025-02-10T16:24:53.2624370Z   
2025-02-10T16:24:53.2624510Z   
2025-02-10T16:24:53.2624760Z   your performance may suffer as PyTables will pickle object types that it cannot
2025-02-10T16:24:53.2625200Z   map directly to c-types [inferred_type->mixed-integer,key->values] [items->None]
2025-02-10T16:24:53.2625480Z 
2025-02-10T16:24:53.2625670Z tardis/transport/montecarlo/tests/test_continuum.py::test_montecarlo_continuum
2025-02-10T16:24:53.2626110Z   /Users/runner/work/tardis/tardis/tardis/spectrum/base.py:70: UserWarning:
2025-02-10T16:24:53.2626410Z   
2025-02-10T16:24:53.2637400Z   SpectrumSolver.spectrum_virtual_packets is zero. Please run the montecarlo simulation with no_of_virtual_packets > 0
2025-02-10T16:24:53.2637750Z 
2025-02-10T16:24:53.2637970Z tardis/transport/montecarlo/tests/test_continuum.py::test_montecarlo_continuum
2025-02-10T16:24:53.2638420Z   /Users/runner/work/tardis/tardis/tardis/spectrum/base.py:94: UserWarning:
2025-02-10T16:24:53.2638770Z   
2025-02-10T16:24:53.2639350Z   The FormalIntegrator is not yet implemented for the full relativity mode or continuum processes. Please run with config option enable_full_relativity: False and continuum_processes_enabled: False This RETURNS AN EMPTY SPECTRUM!
2025-02-10T16:24:53.2639960Z 
2025-02-10T16:24:53.2640140Z -- Docs: https://docs.pytest.org/en/stable/how-to/capture-warnings.html
2025-02-10T16:24:53.2640380Z 
2025-02-10T16:24:53.2640520Z ---------- coverage: platform darwin, python 3.12.4-final-0 ----------
2025-02-10T16:24:53.2640810Z Coverage HTML written to dir coverage_html_report
2025-02-10T16:24:53.2641100Z Coverage XML written to file coverage.xml
2025-02-10T16:24:53.2641250Z 
2025-02-10T16:24:53.2641430Z ==== 1 passed, 1 skipped, 1794 deselected, 21 warnings in 76.83s (0:01:16) =====
2025-02-10T16:24:54.1071470Z ##[group]Run mv .coverage .coverage.1
2025-02-10T16:24:54.1071710Z [36;1mmv .coverage .coverage.1[0m
2025-02-10T16:24:54.1125190Z shell: /bin/bash -l {0}
2025-02-10T16:24:54.1125350Z env:
2025-02-10T16:24:54.1125470Z   CACHE_NUMBER: 0
2025-02-10T16:24:54.1125950Z   PYTEST_FLAGS: --tardis-regression-data=/Users/runner/work/tardis/tardis/tardis-regression-data --cov=tardis --cov-report=xml --cov-report=html --cov-append
2025-02-10T16:24:54.1126940Z   CODECOV_TOKEN: ***
2025-02-10T16:24:54.1127130Z   MAMBA_ROOT_PREFIX: /Users/runner/micromamba
2025-02-10T16:24:54.1127370Z   MAMBA_EXE: /Users/runner/micromamba-bin/micromamba
2025-02-10T16:24:54.1127660Z   CONDARC: /Users/runner/work/_temp/setup-micromamba/.condarc
2025-02-10T16:24:54.1127900Z ##[endgroup]
2025-02-10T16:24:54.2536130Z ##[group]Run actions/upload-artifact@v4
2025-02-10T16:24:54.2536370Z with:
2025-02-10T16:24:54.2536560Z   name: coverage--continuum-macos-latest
2025-02-10T16:24:54.2536800Z   include-hidden-files: true
2025-02-10T16:24:54.2537000Z   path: .coverage*
!.coveragerc

2025-02-10T16:24:54.2537210Z   if-no-files-found: warn
2025-02-10T16:24:54.2537530Z   compression-level: 6
2025-02-10T16:24:54.2537710Z   overwrite: false
2025-02-10T16:24:54.2537850Z env:
2025-02-10T16:24:54.2538000Z   CACHE_NUMBER: 0
2025-02-10T16:24:54.2538480Z   PYTEST_FLAGS: --tardis-regression-data=/Users/runner/work/tardis/tardis/tardis-regression-data --cov=tardis --cov-report=xml --cov-report=html --cov-append
2025-02-10T16:24:54.2539160Z   CODECOV_TOKEN: ***
2025-02-10T16:24:54.2539360Z   MAMBA_ROOT_PREFIX: /Users/runner/micromamba
2025-02-10T16:24:54.2539630Z   MAMBA_EXE: /Users/runner/micromamba-bin/micromamba
2025-02-10T16:24:54.2539930Z   CONDARC: /Users/runner/work/_temp/setup-micromamba/.condarc
2025-02-10T16:24:54.2540210Z ##[endgroup]
2025-02-10T16:24:54.5465520Z With the provided path, there will be 1 file uploaded
2025-02-10T16:24:54.5468440Z Artifact name is valid!
2025-02-10T16:24:54.5468960Z Root directory input is valid!
2025-02-10T16:24:54.7648340Z Beginning upload of artifact content to blob storage
2025-02-10T16:24:55.0624010Z Uploaded bytes 18977
2025-02-10T16:24:55.1112010Z Finished uploading artifact content to blob storage!
2025-02-10T16:24:55.1113010Z SHA256 hash of uploaded artifact zip is 44f7de1b85bda2e5554e5fde3d0edc56f8bb98718c59159eda113c593f13aa96
2025-02-10T16:24:55.1113910Z Finalizing artifact upload
2025-02-10T16:24:55.2116940Z Artifact coverage--continuum-macos-latest.zip successfully finalized. Artifact ID 2565861329
2025-02-10T16:24:55.2117530Z Artifact coverage--continuum-macos-latest has been successfully uploaded! Final size is 18977 bytes. Artifact ID is 2565861329
2025-02-10T16:24:55.2122840Z Artifact download URL: https://github.com/tardis-sn/tardis/actions/runs/13245449735/artifacts/2565861329
2025-02-10T16:24:55.2205320Z Post job cleanup.
2025-02-10T16:24:55.2235910Z Post job cleanup.
2025-02-10T16:24:55.3296580Z Will use pre-installed micromamba at /Users/runner/micromamba-bin/micromamba
2025-02-10T16:24:55.3299910Z Removing micromamba run shell ...
2025-02-10T16:24:55.3301830Z ##[group]Deinitialize micromamba for bash
2025-02-10T16:24:55.3314040Z [command]/Users/runner/micromamba-bin/micromamba shell deinit -s bash -r /Users/runner/micromamba --log-level warning --rc-file /Users/runner/work/_temp/setup-micromamba/.condarc
2025-02-10T16:24:55.3433190Z Resetting RC file "/Users/runner/.bash_profile"
2025-02-10T16:24:55.3433590Z Deleting config for root prefix 
2025-02-10T16:24:55.3433840Z Clearing mamba executable environment variable
2025-02-10T16:24:55.3450680Z Removing the following in your "/Users/runner/.bash_profile" file
2025-02-10T16:24:55.3451980Z # >>> mamba initialize >>>
2025-02-10T16:24:55.3452320Z ...
2025-02-10T16:24:55.3452720Z # <<< mamba initialize <<<
2025-02-10T16:24:55.3471040Z Removing environment tardis from auto-activate bash ...
2025-02-10T16:24:55.3546050Z Post job cleanup.
2025-02-10T16:24:55.3588940Z Post job cleanup.
2025-02-10T16:24:55.4442380Z [command]/opt/homebrew/bin/git version
2025-02-10T16:24:55.4618470Z git version 2.48.1
2025-02-10T16:24:55.4640220Z Copying '/Users/runner/.gitconfig' to '/Users/runner/work/_temp/8bf6e28d-4015-41bb-9e1e-e38427def82d/.gitconfig'
2025-02-10T16:24:55.4646170Z Temporarily overriding HOME='/Users/runner/work/_temp/8bf6e28d-4015-41bb-9e1e-e38427def82d' before making global git config changes
2025-02-10T16:24:55.4646890Z Adding repository directory to the temporary git global config as a safe directory
2025-02-10T16:24:55.4654170Z [command]/opt/homebrew/bin/git config --global --add safe.directory /Users/runner/work/tardis/tardis/tardis-regression-data
2025-02-10T16:24:55.4738640Z [command]/opt/homebrew/bin/git config --local --name-only --get-regexp core\.sshCommand
2025-02-10T16:24:55.4776580Z [command]/opt/homebrew/bin/git submodule foreach --recursive sh -c "git config --local --name-only --get-regexp 'core\.sshCommand' && git config --local --unset-all 'core.sshCommand' || :"
2025-02-10T16:24:55.5354850Z [command]/opt/homebrew/bin/git config --local --name-only --get-regexp http\.https\:\/\/github\.com\/\.extraheader
2025-02-10T16:24:55.5385310Z http.https://github.com/.extraheader
2025-02-10T16:24:55.5393170Z [command]/opt/homebrew/bin/git config --local --unset-all http.https://github.com/.extraheader
2025-02-10T16:24:55.5429380Z [command]/opt/homebrew/bin/git submodule foreach --recursive sh -c "git config --local --name-only --get-regexp 'http\.https\:\/\/github\.com\/\.extraheader' && git config --local --unset-all 'http.https://github.com/.extraheader' || :"
2025-02-10T16:24:55.6240230Z Post job cleanup.
2025-02-10T16:24:55.7234280Z [command]/opt/homebrew/bin/git version
2025-02-10T16:24:55.7253620Z git version 2.48.1
2025-02-10T16:24:55.7399880Z Copying '/Users/runner/.gitconfig' to '/Users/runner/work/_temp/90857b26-7024-48c8-976a-60c27e7de3ed/.gitconfig'
2025-02-10T16:24:55.7411020Z Temporarily overriding HOME='/Users/runner/work/_temp/90857b26-7024-48c8-976a-60c27e7de3ed' before making global git config changes
2025-02-10T16:24:55.7411940Z Adding repository directory to the temporary git global config as a safe directory
2025-02-10T16:24:55.7412550Z [command]/opt/homebrew/bin/git config --global --add safe.directory /Users/runner/work/tardis/tardis
2025-02-10T16:24:55.7414440Z [command]/opt/homebrew/bin/git config --local --name-only --get-regexp core\.sshCommand
2025-02-10T16:24:55.7415450Z [command]/opt/homebrew/bin/git submodule foreach --recursive sh -c "git config --local --name-only --get-regexp 'core\.sshCommand' && git config --local --unset-all 'core.sshCommand' || :"
2025-02-10T16:24:55.7837720Z [command]/opt/homebrew/bin/git config --local --name-only --get-regexp http\.https\:\/\/github\.com\/\.extraheader
2025-02-10T16:24:55.7853600Z http.https://github.com/.extraheader
2025-02-10T16:24:55.7862740Z [command]/opt/homebrew/bin/git config --local --unset-all http.https://github.com/.extraheader
2025-02-10T16:24:55.7908880Z [command]/opt/homebrew/bin/git submodule foreach --recursive sh -c "git config --local --name-only --get-regexp 'http\.https\:\/\/github\.com\/\.extraheader' && git config --local --unset-all 'http.https://github.com/.extraheader' || :"
2025-02-10T16:24:55.8397370Z Cleaning up orphan processes
