2025-01-14T21:28:46.2740315Z Requested labels: ubuntu-latest
2025-01-14T21:28:46.2740555Z Job defined at: tardis-sn/tardis/.github/workflows/tests.yml@refs/pull/2800/merge
2025-01-14T21:28:46.2740654Z Waiting for a runner to pick up this job...
2025-01-14T21:28:46.7437139Z Job is waiting for a hosted runner to come online.
2025-01-14T21:28:50.9582332Z Job is about to start running on the hosted runner: GitHub Actions 14 (hosted)
2025-01-14T21:28:52.7239164Z Current runner version: '2.321.0'
2025-01-14T21:28:52.7281490Z ##[group]Operating System
2025-01-14T21:28:52.7282267Z Ubuntu
2025-01-14T21:28:52.7282759Z 24.04.1
2025-01-14T21:28:52.7283324Z LTS
2025-01-14T21:28:52.7283809Z ##[endgroup]
2025-01-14T21:28:52.7284395Z ##[group]Runner Image
2025-01-14T21:28:52.7284997Z Image: ubuntu-24.04
2025-01-14T21:28:52.7285519Z Version: 20250105.1.0
2025-01-14T21:28:52.7286825Z Included Software: https://github.com/actions/runner-images/blob/ubuntu24/20250105.1/images/ubuntu/Ubuntu2404-Readme.md
2025-01-14T21:28:52.7288259Z Image Release: https://github.com/actions/runner-images/releases/tag/ubuntu24%2F20250105.1
2025-01-14T21:28:52.7289104Z ##[endgroup]
2025-01-14T21:28:52.7289616Z ##[group]Runner Image Provisioner
2025-01-14T21:28:52.7290259Z 2.0.414.1
2025-01-14T21:28:52.7290685Z ##[endgroup]
2025-01-14T21:28:52.7292757Z ##[group]GITHUB_TOKEN Permissions
2025-01-14T21:28:52.7294618Z Actions: read
2025-01-14T21:28:52.7295431Z Attestations: read
2025-01-14T21:28:52.7296032Z Checks: read
2025-01-14T21:28:52.7296802Z Contents: read
2025-01-14T21:28:52.7297394Z Deployments: read
2025-01-14T21:28:52.7297898Z Discussions: read
2025-01-14T21:28:52.7298375Z Issues: read
2025-01-14T21:28:52.7298915Z Metadata: read
2025-01-14T21:28:52.7299394Z Packages: read
2025-01-14T21:28:52.7300039Z Pages: read
2025-01-14T21:28:52.7301023Z PullRequests: read
2025-01-14T21:28:52.7301770Z RepositoryProjects: read
2025-01-14T21:28:52.7302613Z SecurityEvents: read
2025-01-14T21:28:52.7303545Z Statuses: read
2025-01-14T21:28:52.7304298Z ##[endgroup]
2025-01-14T21:28:52.7308615Z Secret source: None
2025-01-14T21:28:52.7309810Z Prepare workflow directory
2025-01-14T21:28:52.7925754Z Prepare all required actions
2025-01-14T21:28:52.7961509Z Getting action download info
2025-01-14T21:28:52.9648823Z Download action repository 'actions/checkout@v4' (SHA:11bd71901bbe5b1630ceea73d27597364c9af683)
2025-01-14T21:28:53.0537037Z Download action repository 'actions/upload-artifact@v4' (SHA:65c4c4a1ddee5b72f698fdd19549f0f0fb45cf08)
2025-01-14T21:28:53.5715431Z Complete job name:  continuum ubuntu-latest 
2025-01-14T21:28:53.6397462Z ##[group]Run actions/checkout@v4
2025-01-14T21:28:53.6398272Z with:
2025-01-14T21:28:53.6398660Z   repository: tardis-sn/tardis
2025-01-14T21:28:53.6399271Z   token: ***
2025-01-14T21:28:53.6399647Z   ssh-strict: true
2025-01-14T21:28:53.6400034Z   ssh-user: git
2025-01-14T21:28:53.6400419Z   persist-credentials: true
2025-01-14T21:28:53.6400863Z   clean: true
2025-01-14T21:28:53.6401253Z   sparse-checkout-cone-mode: true
2025-01-14T21:28:53.6401727Z   fetch-depth: 1
2025-01-14T21:28:53.6402118Z   fetch-tags: false
2025-01-14T21:28:53.6402519Z   show-progress: true
2025-01-14T21:28:53.6402924Z   lfs: false
2025-01-14T21:28:53.6403287Z   submodules: false
2025-01-14T21:28:53.6403687Z   set-safe-directory: true
2025-01-14T21:28:53.6404307Z env:
2025-01-14T21:28:53.6404658Z   CACHE_NUMBER: 0
2025-01-14T21:28:53.6405764Z   PYTEST_FLAGS: --tardis-regression-data=/home/runner/work/tardis/tardis/tardis-regression-data --cov=tardis --cov-report=xml --cov-report=html --cov-append
2025-01-14T21:28:53.6407141Z   CODECOV_TOKEN: 
2025-01-14T21:28:53.6407522Z ##[endgroup]
2025-01-14T21:28:53.8371011Z Syncing repository: tardis-sn/tardis
2025-01-14T21:28:53.8372611Z ##[group]Getting Git version info
2025-01-14T21:28:53.8373236Z Working directory is '/home/runner/work/tardis/tardis'
2025-01-14T21:28:53.8374127Z [command]/usr/bin/git version
2025-01-14T21:28:53.8438610Z git version 2.47.1
2025-01-14T21:28:53.8466828Z ##[endgroup]
2025-01-14T21:28:53.8481552Z Temporarily overriding HOME='/home/runner/work/_temp/4a164080-aab2-45e2-9fb4-a29b9b962dc6' before making global git config changes
2025-01-14T21:28:53.8482876Z Adding repository directory to the temporary git global config as a safe directory
2025-01-14T21:28:53.8486814Z [command]/usr/bin/git config --global --add safe.directory /home/runner/work/tardis/tardis
2025-01-14T21:28:53.8519821Z Deleting the contents of '/home/runner/work/tardis/tardis'
2025-01-14T21:28:53.8523259Z ##[group]Initializing the repository
2025-01-14T21:28:53.8527379Z [command]/usr/bin/git init /home/runner/work/tardis/tardis
2025-01-14T21:28:53.8597962Z hint: Using 'master' as the name for the initial branch. This default branch name
2025-01-14T21:28:53.8599643Z hint: is subject to change. To configure the initial branch name to use in all
2025-01-14T21:28:53.8601249Z hint: of your new repositories, which will suppress this warning, call:
2025-01-14T21:28:53.8602416Z hint:
2025-01-14T21:28:53.8603211Z hint: 	git config --global init.defaultBranch <name>
2025-01-14T21:28:53.8604191Z hint:
2025-01-14T21:28:53.8605134Z hint: Names commonly chosen instead of 'master' are 'main', 'trunk' and
2025-01-14T21:28:53.8689926Z hint: 'development'. The just-created branch can be renamed via this command:
2025-01-14T21:28:53.8691177Z hint:
2025-01-14T21:28:53.8691809Z hint: 	git branch -m <name>
2025-01-14T21:28:53.8692971Z Initialized empty Git repository in /home/runner/work/tardis/tardis/.git/
2025-01-14T21:28:53.8695820Z [command]/usr/bin/git remote add origin https://github.com/tardis-sn/tardis
2025-01-14T21:28:53.8698659Z ##[endgroup]
2025-01-14T21:28:53.8699843Z ##[group]Disabling automatic garbage collection
2025-01-14T21:28:53.8700832Z [command]/usr/bin/git config --local gc.auto 0
2025-01-14T21:28:53.8702989Z ##[endgroup]
2025-01-14T21:28:53.8704102Z ##[group]Setting up auth
2025-01-14T21:28:53.8705275Z [command]/usr/bin/git config --local --name-only --get-regexp core\.sshCommand
2025-01-14T21:28:53.8725262Z [command]/usr/bin/git submodule foreach --recursive sh -c "git config --local --name-only --get-regexp 'core\.sshCommand' && git config --local --unset-all 'core.sshCommand' || :"
2025-01-14T21:28:53.9021908Z [command]/usr/bin/git config --local --name-only --get-regexp http\.https\:\/\/github\.com\/\.extraheader
2025-01-14T21:28:53.9052608Z [command]/usr/bin/git submodule foreach --recursive sh -c "git config --local --name-only --get-regexp 'http\.https\:\/\/github\.com\/\.extraheader' && git config --local --unset-all 'http.https://github.com/.extraheader' || :"
2025-01-14T21:28:53.9291472Z [command]/usr/bin/git config --local http.https://github.com/.extraheader AUTHORIZATION: basic ***
2025-01-14T21:28:53.9332256Z ##[endgroup]
2025-01-14T21:28:53.9333470Z ##[group]Fetching the repository
2025-01-14T21:28:53.9342450Z [command]/usr/bin/git -c protocol.version=2 fetch --no-tags --prune --no-recurse-submodules --depth=1 origin +ef4011dbc715dd05a53f07b3cbb2efebd2757def:refs/remotes/pull/2800/merge
2025-01-14T21:28:55.0434764Z From https://github.com/tardis-sn/tardis
2025-01-14T21:28:55.0436838Z  * [new ref]         ef4011dbc715dd05a53f07b3cbb2efebd2757def -> pull/2800/merge
2025-01-14T21:28:55.0461546Z ##[endgroup]
2025-01-14T21:28:55.0462877Z ##[group]Determining the checkout info
2025-01-14T21:28:55.0466086Z ##[endgroup]
2025-01-14T21:28:55.0469825Z [command]/usr/bin/git sparse-checkout disable
2025-01-14T21:28:55.0509951Z [command]/usr/bin/git config --local --unset-all extensions.worktreeConfig
2025-01-14T21:28:55.0539244Z ##[group]Checking out the ref
2025-01-14T21:28:55.0542440Z [command]/usr/bin/git checkout --progress --force refs/remotes/pull/2800/merge
2025-01-14T21:28:55.2527313Z Note: switching to 'refs/remotes/pull/2800/merge'.
2025-01-14T21:28:55.2528502Z 
2025-01-14T21:28:55.2529146Z You are in 'detached HEAD' state. You can look around, make experimental
2025-01-14T21:28:55.2530419Z changes and commit them, and you can discard any commits you make in this
2025-01-14T21:28:55.2531626Z state without impacting any branches by switching back to a branch.
2025-01-14T21:28:55.2532325Z 
2025-01-14T21:28:55.2532834Z If you want to create a new branch to retain commits you create, you may
2025-01-14T21:28:55.2533943Z do so (now or later) by using -c with the switch command. Example:
2025-01-14T21:28:55.2534578Z 
2025-01-14T21:28:55.2534895Z   git switch -c <new-branch-name>
2025-01-14T21:28:55.2535433Z 
2025-01-14T21:28:55.2535742Z Or undo this operation with:
2025-01-14T21:28:55.2536366Z 
2025-01-14T21:28:55.2536944Z   git switch -
2025-01-14T21:28:55.2537341Z 
2025-01-14T21:28:55.2538013Z Turn off this advice by setting config variable advice.detachedHead to false
2025-01-14T21:28:55.2538889Z 
2025-01-14T21:28:55.2539858Z HEAD is now at ef4011d Merge 9fc7a9b1d6252332df4d57379d163aac8fa5c7b9 into 0a0ecbf696b4e55deb381c19da0fde1b492cf5ee
2025-01-14T21:28:55.2550268Z ##[endgroup]
2025-01-14T21:28:55.2591948Z [command]/usr/bin/git log -1 --format=%H
2025-01-14T21:28:55.2615331Z ef4011dbc715dd05a53f07b3cbb2efebd2757def
2025-01-14T21:28:55.2953132Z Prepare all required actions
2025-01-14T21:28:55.2954489Z Getting action download info
2025-01-14T21:28:55.4144526Z Download action repository 'actions/cache@v4' (SHA:1bd1e32a3bdc45362d1e726936510720a7c30a57)
2025-01-14T21:28:55.5500829Z ##[group]Run ./.github/actions/setup_lfs
2025-01-14T21:28:55.5501196Z with:
2025-01-14T21:28:55.5501523Z   regression-data-repo: tardis-sn/tardis-regression-data
2025-01-14T21:28:55.5501910Z env:
2025-01-14T21:28:55.5502180Z   CACHE_NUMBER: 0
2025-01-14T21:28:55.5502926Z   PYTEST_FLAGS: --tardis-regression-data=/home/runner/work/tardis/tardis/tardis-regression-data --cov=tardis --cov-report=xml --cov-report=html --cov-append
2025-01-14T21:28:55.5503710Z   CODECOV_TOKEN: 
2025-01-14T21:28:55.5503964Z ##[endgroup]
2025-01-14T21:28:55.5632083Z ##[group]Run actions/checkout@v4
2025-01-14T21:28:55.5632547Z with:
2025-01-14T21:28:55.5632869Z   repository: tardis-sn/tardis-regression-data
2025-01-14T21:28:55.5633268Z   path: tardis-regression-data
2025-01-14T21:28:55.5633790Z   token: ***
2025-01-14T21:28:55.5634075Z   ssh-strict: true
2025-01-14T21:28:55.5634362Z   ssh-user: git
2025-01-14T21:28:55.5634664Z   persist-credentials: true
2025-01-14T21:28:55.5634977Z   clean: true
2025-01-14T21:28:55.5635274Z   sparse-checkout-cone-mode: true
2025-01-14T21:28:55.5635623Z   fetch-depth: 1
2025-01-14T21:28:55.5635903Z   fetch-tags: false
2025-01-14T21:28:55.5636347Z   show-progress: true
2025-01-14T21:28:55.5636644Z   lfs: false
2025-01-14T21:28:55.5636916Z   submodules: false
2025-01-14T21:28:55.5637212Z   set-safe-directory: true
2025-01-14T21:28:55.5637516Z env:
2025-01-14T21:28:55.5637760Z   CACHE_NUMBER: 0
2025-01-14T21:28:55.5638510Z   PYTEST_FLAGS: --tardis-regression-data=/home/runner/work/tardis/tardis/tardis-regression-data --cov=tardis --cov-report=xml --cov-report=html --cov-append
2025-01-14T21:28:55.5639297Z   CODECOV_TOKEN: 
2025-01-14T21:28:55.5639567Z ##[endgroup]
2025-01-14T21:28:55.6550021Z Syncing repository: tardis-sn/tardis-regression-data
2025-01-14T21:28:55.6556396Z ##[group]Getting Git version info
2025-01-14T21:28:55.6557319Z Working directory is '/home/runner/work/tardis/tardis/tardis-regression-data'
2025-01-14T21:28:55.6597221Z [command]/usr/bin/git version
2025-01-14T21:28:55.6638857Z git version 2.47.1
2025-01-14T21:28:55.6663084Z ##[endgroup]
2025-01-14T21:28:55.6674994Z Temporarily overriding HOME='/home/runner/work/_temp/299844ad-d535-4f7d-8d8a-2364dd1d062d' before making global git config changes
2025-01-14T21:28:55.6676023Z Adding repository directory to the temporary git global config as a safe directory
2025-01-14T21:28:55.6680262Z [command]/usr/bin/git config --global --add safe.directory /home/runner/work/tardis/tardis/tardis-regression-data
2025-01-14T21:28:55.6708717Z ##[group]Initializing the repository
2025-01-14T21:28:55.6713421Z [command]/usr/bin/git init /home/runner/work/tardis/tardis/tardis-regression-data
2025-01-14T21:28:55.6748139Z hint: Using 'master' as the name for the initial branch. This default branch name
2025-01-14T21:28:55.6749298Z hint: is subject to change. To configure the initial branch name to use in all
2025-01-14T21:28:55.6750325Z hint: of your new repositories, which will suppress this warning, call:
2025-01-14T21:28:55.6750963Z hint:
2025-01-14T21:28:55.6751513Z hint: 	git config --global init.defaultBranch <name>
2025-01-14T21:28:55.6752085Z hint:
2025-01-14T21:28:55.6752493Z hint: Names commonly chosen instead of 'master' are 'main', 'trunk' and
2025-01-14T21:28:55.6753121Z hint: 'development'. The just-created branch can be renamed via this command:
2025-01-14T21:28:55.6753819Z hint:
2025-01-14T21:28:55.6754100Z hint: 	git branch -m <name>
2025-01-14T21:28:55.6754704Z Initialized empty Git repository in /home/runner/work/tardis/tardis/tardis-regression-data/.git/
2025-01-14T21:28:55.6760341Z [command]/usr/bin/git remote add origin https://github.com/tardis-sn/tardis-regression-data
2025-01-14T21:28:55.6791476Z ##[endgroup]
2025-01-14T21:28:55.6792299Z ##[group]Disabling automatic garbage collection
2025-01-14T21:28:55.6795765Z [command]/usr/bin/git config --local gc.auto 0
2025-01-14T21:28:55.6822750Z ##[endgroup]
2025-01-14T21:28:55.6823517Z ##[group]Setting up auth
2025-01-14T21:28:55.6828860Z [command]/usr/bin/git config --local --name-only --get-regexp core\.sshCommand
2025-01-14T21:28:55.6856540Z [command]/usr/bin/git submodule foreach --recursive sh -c "git config --local --name-only --get-regexp 'core\.sshCommand' && git config --local --unset-all 'core.sshCommand' || :"
2025-01-14T21:28:55.7077995Z [command]/usr/bin/git config --local --name-only --get-regexp http\.https\:\/\/github\.com\/\.extraheader
2025-01-14T21:28:55.7107164Z [command]/usr/bin/git submodule foreach --recursive sh -c "git config --local --name-only --get-regexp 'http\.https\:\/\/github\.com\/\.extraheader' && git config --local --unset-all 'http.https://github.com/.extraheader' || :"
2025-01-14T21:28:55.7329797Z [command]/usr/bin/git config --local http.https://github.com/.extraheader AUTHORIZATION: basic ***
2025-01-14T21:28:55.7363877Z ##[endgroup]
2025-01-14T21:28:55.7364891Z ##[group]Determining the default branch
2025-01-14T21:28:55.7368362Z Retrieving the default branch name
2025-01-14T21:28:55.9459693Z Default branch 'main'
2025-01-14T21:28:55.9460774Z ##[endgroup]
2025-01-14T21:28:55.9461638Z ##[group]Fetching the repository
2025-01-14T21:28:55.9468593Z [command]/usr/bin/git -c protocol.version=2 fetch --no-tags --prune --no-recurse-submodules --depth=1 origin +refs/heads/main:refs/remotes/origin/main
2025-01-14T21:28:56.4049083Z From https://github.com/tardis-sn/tardis-regression-data
2025-01-14T21:28:56.4051334Z  * [new branch]      main       -> origin/main
2025-01-14T21:28:56.4074960Z ##[endgroup]
2025-01-14T21:28:56.4075659Z ##[group]Determining the checkout info
2025-01-14T21:28:56.4076991Z ##[endgroup]
2025-01-14T21:28:56.4083079Z [command]/usr/bin/git sparse-checkout disable
2025-01-14T21:28:56.4122312Z [command]/usr/bin/git config --local --unset-all extensions.worktreeConfig
2025-01-14T21:28:56.4151352Z ##[group]Checking out the ref
2025-01-14T21:28:56.4155381Z [command]/usr/bin/git checkout --progress --force -B main refs/remotes/origin/main
2025-01-14T21:28:57.2712566Z Switched to a new branch 'main'
2025-01-14T21:28:57.2713436Z branch 'main' set up to track 'origin/main'.
2025-01-14T21:28:57.2961716Z ##[endgroup]
2025-01-14T21:28:57.3006924Z [command]/usr/bin/git log -1 --format=%H
2025-01-14T21:28:57.3031867Z fa7729bc9c30e14b69acd641af8b692b56fcd416
2025-01-14T21:28:57.3172297Z ##[group]Run git lfs ls-files -l | cut -d' ' -f1 | sort > .lfs-assets-id
2025-01-14T21:28:57.3172873Z [36;1mgit lfs ls-files -l | cut -d' ' -f1 | sort > .lfs-assets-id[0m
2025-01-14T21:28:57.3205372Z shell: /usr/bin/bash --noprofile --norc -e -o pipefail {0}
2025-01-14T21:28:57.3205691Z env:
2025-01-14T21:28:57.3205859Z   CACHE_NUMBER: 0
2025-01-14T21:28:57.3206647Z   PYTEST_FLAGS: --tardis-regression-data=/home/runner/work/tardis/tardis/tardis-regression-data --cov=tardis --cov-report=xml --cov-report=html --cov-append
2025-01-14T21:28:57.3207314Z   CODECOV_TOKEN: 
2025-01-14T21:28:57.3207497Z ##[endgroup]
2025-01-14T21:28:57.4681453Z ##[group]Run actions/cache/restore@v4
2025-01-14T21:28:57.4681746Z with:
2025-01-14T21:28:57.4681956Z   path: tardis-regression-data/.git/lfs
2025-01-14T21:28:57.4682450Z   key: Linux-lfs-21f9fa4b6817cc69b9fae3598144724da7828e276a73bd17f47a2a49d9af090a-v1
2025-01-14T21:28:57.4682938Z   enableCrossOsArchive: false
2025-01-14T21:28:57.4683203Z   fail-on-cache-miss: false
2025-01-14T21:28:57.4683733Z   lookup-only: false
2025-01-14T21:28:57.4683966Z env:
2025-01-14T21:28:57.4684162Z   CACHE_NUMBER: 0
2025-01-14T21:28:57.4684889Z   PYTEST_FLAGS: --tardis-regression-data=/home/runner/work/tardis/tardis/tardis-regression-data --cov=tardis --cov-report=xml --cov-report=html --cov-append
2025-01-14T21:28:57.4685676Z   CODECOV_TOKEN: 
2025-01-14T21:28:57.4685877Z ##[endgroup]
2025-01-14T21:28:58.8711968Z Received 209715200 of 1708418946 (12.3%), 200.2 MBs/sec
2025-01-14T21:28:59.8713719Z Received 436207616 of 1708418946 (25.5%), 208.1 MBs/sec
2025-01-14T21:29:00.8728652Z Received 692060160 of 1708418946 (40.5%), 220.0 MBs/sec
2025-01-14T21:29:01.8724481Z Received 947912704 of 1708418946 (55.5%), 225.9 MBs/sec
2025-01-14T21:29:02.8758382Z Received 1207959552 of 1708418946 (70.7%), 230.2 MBs/sec
2025-01-14T21:29:03.8763545Z Received 1468006400 of 1708418946 (85.9%), 233.1 MBs/sec
2025-01-14T21:29:04.8766804Z Received 1700030338 of 1708418946 (99.5%), 231.4 MBs/sec
2025-01-14T21:29:04.9463936Z Cache Size: ~1629 MB (1708418946 B)
2025-01-14T21:29:04.9504572Z [command]/usr/bin/tar -xf /home/runner/work/_temp/9f4a305d-0348-404b-935a-a6a36af4fb4c/cache.tzst -P -C /home/runner/work/tardis/tardis --use-compress-program unzstd
2025-01-14T21:29:05.8773923Z Received 1708418946 of 1708418946 (100.0%), 203.5 MBs/sec
2025-01-14T21:29:11.2853209Z Cache restored successfully
2025-01-14T21:29:11.6049601Z Cache restored from key: Linux-lfs-21f9fa4b6817cc69b9fae3598144724da7828e276a73bd17f47a2a49d9af090a-v1
2025-01-14T21:29:11.6223672Z ##[group]Run git lfs checkout
2025-01-14T21:29:11.6223944Z [36;1mgit lfs checkout[0m
2025-01-14T21:29:11.6251957Z shell: /usr/bin/bash --noprofile --norc -e -o pipefail {0}
2025-01-14T21:29:11.6252366Z env:
2025-01-14T21:29:11.6252576Z   CACHE_NUMBER: 0
2025-01-14T21:29:11.6253337Z   PYTEST_FLAGS: --tardis-regression-data=/home/runner/work/tardis/tardis/tardis-regression-data --cov=tardis --cov-report=xml --cov-report=html --cov-append
2025-01-14T21:29:11.6254120Z   CODECOV_TOKEN: 
2025-01-14T21:29:11.6254354Z ##[endgroup]
2025-01-14T21:29:22.3064182Z Checking out LFS objects: 100% (204/204), 3.5 GB | 334 MB/s, done.
2025-01-14T21:29:25.8011931Z Prepare all required actions
2025-01-14T21:29:25.8012273Z Getting action download info
2025-01-14T21:29:25.9091895Z Download action repository 'mamba-org/setup-micromamba@v1' (SHA:4b9113af4fba0e9e1124b252dd6497a419e7396d)
2025-01-14T21:29:26.2606504Z ##[group]Run ./.github/actions/setup_env
2025-01-14T21:29:26.2606782Z with:
2025-01-14T21:29:26.2606966Z   os-label: linux-64
2025-01-14T21:29:26.2607162Z env:
2025-01-14T21:29:26.2607313Z   CACHE_NUMBER: 0
2025-01-14T21:29:26.2607932Z   PYTEST_FLAGS: --tardis-regression-data=/home/runner/work/tardis/tardis/tardis-regression-data --cov=tardis --cov-report=xml --cov-report=html --cov-append
2025-01-14T21:29:26.2608586Z   CODECOV_TOKEN: 
2025-01-14T21:29:26.2608768Z ##[endgroup]
2025-01-14T21:29:26.2628907Z ##[group]Run file_hash=$(cat conda-linux-64.lock | shasum -a 256 | cut -d' ' -f1)
2025-01-14T21:29:26.2629393Z [36;1mfile_hash=$(cat conda-linux-64.lock | shasum -a 256 | cut -d' ' -f1)[0m
2025-01-14T21:29:26.2629819Z [36;1mecho "file_hash=$file_hash" >> "${GITHUB_OUTPUT}"[0m
2025-01-14T21:29:26.2655092Z shell: /usr/bin/bash --noprofile --norc -e -o pipefail {0}
2025-01-14T21:29:26.2655405Z env:
2025-01-14T21:29:26.2655569Z   CACHE_NUMBER: 0
2025-01-14T21:29:26.2656288Z   PYTEST_FLAGS: --tardis-regression-data=/home/runner/work/tardis/tardis/tardis-regression-data --cov=tardis --cov-report=xml --cov-report=html --cov-append
2025-01-14T21:29:26.2656937Z   CODECOV_TOKEN: 
2025-01-14T21:29:26.2657120Z ##[endgroup]
2025-01-14T21:29:26.3610946Z ##[group]Run mamba-org/setup-micromamba@v1
2025-01-14T21:29:26.3611211Z with:
2025-01-14T21:29:26.3611401Z   environment-file: conda-linux-64.lock
2025-01-14T21:29:26.3611817Z   cache-environment-key: d7cd390425b0fd3cf82649dcc003efba9915fb4928f15d342148c3ccffcbe2ee
2025-01-14T21:29:26.3612378Z   cache-downloads-key: d7cd390425b0fd3cf82649dcc003efba9915fb4928f15d342148c3ccffcbe2ee
2025-01-14T21:29:26.3612970Z   environment-name: tardis
2025-01-14T21:29:26.3613196Z   cache-environment: true
2025-01-14T21:29:26.3613415Z   cache-downloads: true
2025-01-14T21:29:26.3613601Z env:
2025-01-14T21:29:26.3613759Z   CACHE_NUMBER: 0
2025-01-14T21:29:26.3614355Z   PYTEST_FLAGS: --tardis-regression-data=/home/runner/work/tardis/tardis/tardis-regression-data --cov=tardis --cov-report=xml --cov-report=html --cov-append
2025-01-14T21:29:26.3614991Z   CODECOV_TOKEN: 
2025-01-14T21:29:26.3615168Z ##[endgroup]
2025-01-14T21:29:26.4973847Z Will download micromamba to /home/runner/micromamba-bin/micromamba
2025-01-14T21:29:26.4991602Z ##[group]Install micromamba
2025-01-14T21:29:26.8210309Z micromamba installed to /home/runner/micromamba-bin/micromamba
2025-01-14T21:29:26.8211142Z ##[endgroup]
2025-01-14T21:29:26.8212041Z Adding conda-forge to condarc channels ...
2025-01-14T21:29:26.8221759Z ##[group]Initialize micromamba for bash.
2025-01-14T21:29:26.8238033Z [command]/home/runner/micromamba-bin/micromamba shell init -s bash -r /home/runner/micromamba --log-level warning --rc-file /home/runner/work/_temp/setup-micromamba/.condarc
2025-01-14T21:29:26.8395014Z Modifying RC file "/home/runner/.bashrc"
2025-01-14T21:29:26.8396499Z Generating config for root prefix [1m"/home/runner/micromamba"[0m
2025-01-14T21:29:26.8397396Z Setting mamba executable to: [1m"/home/runner/micromamba-bin/micromamba"[0m
2025-01-14T21:29:26.8397971Z Adding (or replacing) the following in your "/home/runner/.bashrc" file
2025-01-14T21:29:26.8398285Z 
2025-01-14T21:29:26.8398384Z # >>> mamba initialize >>>
2025-01-14T21:29:26.8398722Z # !! Contents within this block are managed by 'mamba init' !!
2025-01-14T21:29:26.8399187Z export MAMBA_EXE='/home/runner/micromamba-bin/micromamba';
2025-01-14T21:29:26.8399623Z export MAMBA_ROOT_PREFIX='/home/runner/micromamba';
2025-01-14T21:29:26.8400195Z __mamba_setup="$("$MAMBA_EXE" shell hook --shell bash --root-prefix "$MAMBA_ROOT_PREFIX" 2> /dev/null)"
2025-01-14T21:29:26.8400715Z if [ $? -eq 0 ]; then
2025-01-14T21:29:26.8400990Z     eval "$__mamba_setup"
2025-01-14T21:29:26.8401225Z else
2025-01-14T21:29:26.8402095Z     alias micromamba="$MAMBA_EXE"  # Fallback on help from mamba activate
2025-01-14T21:29:26.8402771Z fi
2025-01-14T21:29:26.8403088Z unset __mamba_setup
2025-01-14T21:29:26.8403483Z # <<< mamba initialize <<<
2025-01-14T21:29:26.8403796Z 
2025-01-14T21:29:26.8413207Z Moving mamba initialize block to .bash_profile
2025-01-14T21:29:26.8692120Z ##[endgroup]
2025-01-14T21:29:26.8693792Z ##[group]Restoring downloads from `/home/runner/micromamba/pkgs` ...
2025-01-14T21:29:28.0717382Z Received 192937984 of 356800233 (54.1%), 184.0 MBs/sec
2025-01-14T21:29:28.7707246Z Cache Size: ~340 MB (356800233 B)
2025-01-14T21:29:28.7808357Z [command]/usr/bin/tar -xf /home/runner/work/_temp/6b9975da-a311-4fca-b4c0-76ee8eba3693/cache.tzst -P -C /home/runner/work/tardis/tardis --use-compress-program unzstd
2025-01-14T21:29:29.0721527Z Received 356800233 of 356800233 (100.0%), 170.1 MBs/sec
2025-01-14T21:29:29.2266004Z Cache restored successfully
2025-01-14T21:29:29.2983138Z Restored cache with key `d7cd390425b0fd3cf82649dcc003efba9915fb4928f15d342148c3ccffcbe2ee-linux-64`
2025-01-14T21:29:29.2984242Z ##[endgroup]
2025-01-14T21:29:29.2996291Z ##[group]Restoring environment `tardis` from `/home/runner/micromamba/envs/tardis` ...
2025-01-14T21:29:30.4289418Z Received 218103808 of 444592193 (49.1%), 208.0 MBs/sec
2025-01-14T21:29:31.1927911Z Cache Size: ~424 MB (444592193 B)
2025-01-14T21:29:31.1983282Z [command]/usr/bin/tar -xf /home/runner/work/_temp/6d14c340-92a2-4c04-8e8a-12dde00af238/cache.tzst -P -C /home/runner/work/tardis/tardis --use-compress-program unzstd
2025-01-14T21:29:31.4287348Z Received 444592193 of 444592193 (100.0%), 212.0 MBs/sec
2025-01-14T21:29:36.7342646Z Cache restored successfully
2025-01-14T21:29:36.8089742Z Restored cache with key `d7cd390425b0fd3cf82649dcc003efba9915fb4928f15d342148c3ccffcbe2ee-linux-64-tardis-args-4f53cda-root-dcc80ee-bin-[object Promise]-file-d7cd390425b0fd3cf82649dcc003efba9915fb4928f15d342148c3ccffcbe2ee`
2025-01-14T21:29:36.8091863Z ##[endgroup]
2025-01-14T21:29:36.8092356Z Adding environment tardis to auto-activate bash ...
2025-01-14T21:29:36.8102674Z Generating micromamba run shell.
2025-01-14T21:29:36.8113278Z ##[endgroup]
2025-01-14T21:29:36.8136363Z Set environment variables.
2025-01-14T21:29:36.8139811Z ##[group]micromamba info
2025-01-14T21:29:36.8141738Z [command]/home/runner/micromamba-bin/micromamba info -r /home/runner/micromamba -n tardis
2025-01-14T21:29:36.8351444Z 
2025-01-14T21:29:36.8351794Z        libmamba version : 1.5.10
2025-01-14T21:29:36.8352269Z      micromamba version : 1.5.10
2025-01-14T21:29:36.8353047Z            curl version : libcurl/8.10.1 OpenSSL/3.3.2 zlib/1.3.1 zstd/1.5.6 libssh2/1.11.0 nghttp2/1.58.0
2025-01-14T21:29:36.8354026Z      libarchive version : libarchive 3.7.4 zlib/1.2.13 bz2lib/1.0.8 libzstd/1.5.6
2025-01-14T21:29:36.8354701Z        envs directories : /home/runner/micromamba/envs
2025-01-14T21:29:36.8355289Z           package cache : /home/runner/micromamba/pkgs
2025-01-14T21:29:36.8355809Z                           /home/runner/.mamba/pkgs
2025-01-14T21:29:36.8356445Z             environment : tardis
2025-01-14T21:29:36.8356942Z            env location : /home/runner/micromamba/envs/tardis
2025-01-14T21:29:36.8357540Z       user config files : /home/runner/.mambarc
2025-01-14T21:29:36.8358239Z  populated config files : /home/runner/work/_temp/setup-micromamba/.condarc
2025-01-14T21:29:36.8358855Z        virtual packages : __unix=0=0
2025-01-14T21:29:36.8359310Z                           __linux=6.8.0=0
2025-01-14T21:29:36.8359761Z                           __glibc=2.39=0
2025-01-14T21:29:36.8360226Z                           __archspec=1=x86_64_v3
2025-01-14T21:29:36.8360813Z                channels : https://conda.anaconda.org/conda-forge/linux-64
2025-01-14T21:29:36.8361445Z                           https://conda.anaconda.org/conda-forge/noarch
2025-01-14T21:29:36.8361978Z        base environment : /home/runner/micromamba
2025-01-14T21:29:36.8362437Z                platform : linux-64
2025-01-14T21:29:36.8369143Z ##[endgroup]
2025-01-14T21:29:36.8370004Z ##[group]micromamba list
2025-01-14T21:29:36.8370991Z [command]/home/runner/micromamba-bin/micromamba list -r /home/runner/micromamba -n tardis
2025-01-14T21:29:37.2292405Z List of packages in environment: "/home/runner/micromamba/envs/tardis"
2025-01-14T21:29:37.2293026Z 
2025-01-14T21:29:37.2293600Z   Name                           Version              Build                    Channel    
2025-01-14T21:29:37.2294644Z â”€â”€â”€â”€â”€â”€â”€â”€â”€â”€â”€â”€â”€â”€â”€â”€â”€â”€â”€â”€â”€â”€â”€â”€â”€â”€â”€â”€â”€â”€â”€â”€â”€â”€â”€â”€â”€â”€â”€â”€â”€â”€â”€â”€â”€â”€â”€â”€â”€â”€â”€â”€â”€â”€â”€â”€â”€â”€â”€â”€â”€â”€â”€â”€â”€â”€â”€â”€â”€â”€â”€â”€â”€â”€â”€â”€â”€â”€â”€â”€â”€â”€â”€â”€â”€â”€â”€â”€â”€â”€â”€â”€
2025-01-14T21:29:37.2295307Z   _libgcc_mutex                  0.1                  conda_forge              conda-forge
2025-01-14T21:29:37.2295903Z   _openmp_mutex                  4.5                  2_gnu                    conda-forge
2025-01-14T21:29:37.2296682Z   alabaster                      0.7.16               pyhd8ed1ab_0             conda-forge
2025-01-14T21:29:37.2297291Z   anyio                          4.4.0                pyhd8ed1ab_0             conda-forge
2025-01-14T21:29:37.2297865Z   argon2-cffi                    23.1.0               pyhd8ed1ab_0             conda-forge
2025-01-14T21:29:37.2298522Z   argon2-cffi-bindings           21.2.0               py312h98912ed_4          conda-forge
2025-01-14T21:29:37.2299211Z   arrow                          1.3.0                pyhd8ed1ab_0             conda-forge
2025-01-14T21:29:37.2299795Z   astropy                        6.1.1                py312h085067d_0          conda-forge
2025-01-14T21:29:37.2300474Z   astropy-iers-data              0.2024.6.17.0.31.35  pyhd8ed1ab_0             conda-forge
2025-01-14T21:29:37.2301241Z   astropy-sphinx-theme           1.1                  pyhd8ed1ab_0             conda-forge
2025-01-14T21:29:37.2301872Z   asttokens                      2.4.1                pyhd8ed1ab_0             conda-forge
2025-01-14T21:29:37.2302452Z   async-lru                      2.0.4                pyhd8ed1ab_0             conda-forge
2025-01-14T21:29:37.2303312Z   atk-1.0                        2.38.0               h04ea711_2               conda-forge
2025-01-14T21:29:37.2303822Z   attrs                          23.2.0               pyh71513ae_0             conda-forge
2025-01-14T21:29:37.2304353Z   babel                          2.14.0               pyhd8ed1ab_0             conda-forge
2025-01-14T21:29:37.2304939Z   beautifulsoup4                 4.12.3               pyha770c72_0             conda-forge
2025-01-14T21:29:37.2305541Z   bleach                         6.1.0                pyhd8ed1ab_0             conda-forge
2025-01-14T21:29:37.2306277Z   blosc                          1.21.5               hc2324a3_1               conda-forge
2025-01-14T21:29:37.2306834Z   brotli                         1.1.0                hd590300_1               conda-forge
2025-01-14T21:29:37.2307404Z   brotli-bin                     1.1.0                hd590300_1               conda-forge
2025-01-14T21:29:37.2308027Z   brotli-python                  1.1.0                py312h30efb56_1          conda-forge
2025-01-14T21:29:37.2308628Z   bzip2                          1.0.8                hd590300_5               conda-forge
2025-01-14T21:29:37.2309182Z   c-ares                         1.28.1               hd590300_0               conda-forge
2025-01-14T21:29:37.2309757Z   c-blosc2                       2.14.4               hb4ffafa_1               conda-forge
2025-01-14T21:29:37.2310395Z   ca-certificates                2024.6.2             hbcca054_0               conda-forge
2025-01-14T21:29:37.2311098Z   cached-property                1.5.2                hd8ed1ab_1               conda-forge
2025-01-14T21:29:37.2311786Z   cached_property                1.5.2                pyha770c72_1             conda-forge
2025-01-14T21:29:37.2312401Z   cairo                          1.18.0               h3faef2a_0               conda-forge
2025-01-14T21:29:37.2312986Z   certifi                        2024.6.2             pyhd8ed1ab_0             conda-forge
2025-01-14T21:29:37.2313755Z   cffi                           1.16.0               py312hf06ca03_0          conda-forge
2025-01-14T21:29:37.2314403Z   charset-normalizer             3.3.2                pyhd8ed1ab_0             conda-forge
2025-01-14T21:29:37.2315055Z   click                          8.1.7                unix_pyh707e725_0        conda-forge
2025-01-14T21:29:37.2315649Z   codespell                      2.3.0                pyhd8ed1ab_0             conda-forge
2025-01-14T21:29:37.2316398Z   colorama                       0.4.6                pyhd8ed1ab_0             conda-forge
2025-01-14T21:29:37.2316973Z   comm                           0.2.2                pyhd8ed1ab_0             conda-forge
2025-01-14T21:29:37.2317523Z   commonmark                     0.9.1                py_0                     conda-forge
2025-01-14T21:29:37.2318118Z   contourpy                      1.2.1                py312h8572e83_0          conda-forge
2025-01-14T21:29:37.2318741Z   coverage                       7.5.3                py312h9a8786e_0          conda-forge
2025-01-14T21:29:37.2319338Z   cycler                         0.12.1               pyhd8ed1ab_0             conda-forge
2025-01-14T21:29:37.2319954Z   dataclasses                    0.8                  pyhc8e2a94_3             conda-forge
2025-01-14T21:29:37.2320611Z   debugpy                        1.8.1                py312h30efb56_0          conda-forge
2025-01-14T21:29:37.2321214Z   decorator                      5.1.1                pyhd8ed1ab_0             conda-forge
2025-01-14T21:29:37.2321841Z   defusedxml                     0.7.1                pyhd8ed1ab_0             conda-forge
2025-01-14T21:29:37.2322453Z   docutils                       0.20.1               py312h7900ff3_3          conda-forge
2025-01-14T21:29:37.2323060Z   dot2tex                        2.11.3               pyhd8ed1ab_0             conda-forge
2025-01-14T21:29:37.2323680Z   entrypoints                    0.4                  pyhd8ed1ab_0             conda-forge
2025-01-14T21:29:37.2324550Z   exceptiongroup                 1.2.0                pyhd8ed1ab_2             conda-forge
2025-01-14T21:29:37.2325192Z   executing                      2.0.1                pyhd8ed1ab_0             conda-forge
2025-01-14T21:29:37.2325777Z   expat                          2.6.2                h59595ed_0               conda-forge
2025-01-14T21:29:37.2326569Z   font-ttf-dejavu-sans-mono      2.37                 hab24e00_0               conda-forge
2025-01-14T21:29:37.2327317Z   font-ttf-inconsolata           3.000                h77eed37_0               conda-forge
2025-01-14T21:29:37.2328059Z   font-ttf-source-code-pro       2.038                h77eed37_0               conda-forge
2025-01-14T21:29:37.2328764Z   font-ttf-ubuntu                0.83                 h77eed37_2               conda-forge
2025-01-14T21:29:37.2329398Z   fontconfig                     2.14.2               h14ed4e7_0               conda-forge
2025-01-14T21:29:37.2330064Z   fonts-conda-ecosystem          1                    0                        conda-forge
2025-01-14T21:29:37.2330747Z   fonts-conda-forge              1                    0                        conda-forge
2025-01-14T21:29:37.2331339Z   fonttools                      4.53.0               py312h9a8786e_0          conda-forge
2025-01-14T21:29:37.2331814Z   fqdn                           1.5.1                pyhd8ed1ab_0             conda-forge
2025-01-14T21:29:37.2332166Z   freetype                       2.12.1               h267a509_2               conda-forge
2025-01-14T21:29:37.2332508Z   fribidi                        1.0.10               h36c2ea0_0               conda-forge
2025-01-14T21:29:37.2332858Z   future                         1.0.0                pyhd8ed1ab_0             conda-forge
2025-01-14T21:29:37.2333206Z   gdk-pixbuf                     2.42.12              hb9ae30d_0               conda-forge
2025-01-14T21:29:37.2333635Z   giflib                         5.2.2                hd590300_0               conda-forge
2025-01-14T21:29:37.2334136Z   git-lfs                        3.5.1                ha770c72_0               conda-forge
2025-01-14T21:29:37.2334454Z   gmp                            6.3.0                h59595ed_1               conda-forge
2025-01-14T21:29:37.2334786Z   gmpy2                          2.1.5                py312h1d5cde6_1          conda-forge
2025-01-14T21:29:37.2335383Z   graphite2                      1.3.13               h59595ed_1003            conda-forge
2025-01-14T21:29:37.2335980Z   graphviz                       11.0.0               hc68bbd7_0               conda-forge
2025-01-14T21:29:37.2336513Z   gtk2                           2.24.33              h280cfa0_4               conda-forge
2025-01-14T21:29:37.2336841Z   gts                            0.7.6                h977cf35_4               conda-forge
2025-01-14T21:29:37.2337163Z   h11                            0.14.0               pyhd8ed1ab_0             conda-forge
2025-01-14T21:29:37.2337673Z   h2                             4.1.0                pyhd8ed1ab_0             conda-forge
2025-01-14T21:29:37.2338191Z   h5py                           3.11.0               nompi_py312hb7ab980_102  conda-forge
2025-01-14T21:29:37.2339424Z   harfbuzz                       8.5.0                hfac3d4d_0               conda-forge
2025-01-14T21:29:37.2339851Z   hdf5                           1.14.3               nompi_hdf9ad27_105       conda-forge
2025-01-14T21:29:37.2340198Z   hpack                          4.0.0                pyh9f0ad1d_0             conda-forge
2025-01-14T21:29:37.2340725Z   httpcore                       1.0.5                pyhd8ed1ab_0             conda-forge
2025-01-14T21:29:37.2341407Z   httpx                          0.27.0               pyhd8ed1ab_0             conda-forge
2025-01-14T21:29:37.2342015Z   hyperframe                     6.0.1                pyhd8ed1ab_0             conda-forge
2025-01-14T21:29:37.2342628Z   icu                            73.2                 h59595ed_0               conda-forge
2025-01-14T21:29:37.2343412Z   idna                           3.7                  pyhd8ed1ab_0             conda-forge
2025-01-14T21:29:37.2344000Z   imagesize                      1.4.1                pyhd8ed1ab_0             conda-forge
2025-01-14T21:29:37.2344687Z   importlib-metadata             7.1.0                pyha770c72_0             conda-forge
2025-01-14T21:29:37.2345337Z   importlib_metadata             7.1.0                hd8ed1ab_0               conda-forge
2025-01-14T21:29:37.2345972Z   importlib_resources            6.4.0                pyhd8ed1ab_0             conda-forge
2025-01-14T21:29:37.2346739Z   iniconfig                      2.0.0                pyhd8ed1ab_0             conda-forge
2025-01-14T21:29:37.2347306Z   ipykernel                      6.29.4               pyh3099207_0             conda-forge
2025-01-14T21:29:37.2347883Z   ipython                        8.25.0               pyh707e725_0             conda-forge
2025-01-14T21:29:37.2348494Z   ipython_genutils               0.2.0                pyhd8ed1ab_1             conda-forge
2025-01-14T21:29:37.2349106Z   ipywidgets                     7.8.0                pyhd8ed1ab_0             conda-forge
2025-01-14T21:29:37.2349734Z   isoduration                    20.11.0              pyhd8ed1ab_0             conda-forge
2025-01-14T21:29:37.2350238Z   jedi                           0.19.1               pyhd8ed1ab_0             conda-forge
2025-01-14T21:29:37.2350753Z   jinja2                         3.1.4                pyhd8ed1ab_0             conda-forge
2025-01-14T21:29:37.2351303Z   json5                          0.9.25               pyhd8ed1ab_0             conda-forge
2025-01-14T21:29:37.2351849Z   jsonpointer                    3.0.0                py312h7900ff3_0          conda-forge
2025-01-14T21:29:37.2352409Z   jsonschema                     4.22.0               pyhd8ed1ab_0             conda-forge
2025-01-14T21:29:37.2353074Z   jsonschema-specifications      2023.12.1            pyhd8ed1ab_0             conda-forge
2025-01-14T21:29:37.2354043Z   jsonschema-with-format-nongpl  4.22.0               pyhd8ed1ab_0             conda-forge
2025-01-14T21:29:37.2354488Z   jupyter-lsp                    2.2.5                pyhd8ed1ab_0             conda-forge
2025-01-14T21:29:37.2354857Z   jupyter_client                 8.6.2                pyhd8ed1ab_0             conda-forge
2025-01-14T21:29:37.2355222Z   jupyter_core                   5.7.2                py312h7900ff3_0          conda-forge
2025-01-14T21:29:37.2355599Z   jupyter_events                 0.10.0               pyhd8ed1ab_0             conda-forge
2025-01-14T21:29:37.2355975Z   jupyter_server                 2.14.1               pyhd8ed1ab_0             conda-forge
2025-01-14T21:29:37.2356552Z   jupyter_server_terminals       0.5.3                pyhd8ed1ab_0             conda-forge
2025-01-14T21:29:37.2356945Z   jupyterlab                     4.2.2                pyhd8ed1ab_0             conda-forge
2025-01-14T21:29:37.2357325Z   jupyterlab_pygments            0.3.0                pyhd8ed1ab_1             conda-forge
2025-01-14T21:29:37.2357751Z   jupyterlab_server              2.27.2               pyhd8ed1ab_0             conda-forge
2025-01-14T21:29:37.2358145Z   jupyterlab_widgets             1.1.7                pyhd8ed1ab_0             conda-forge
2025-01-14T21:29:37.2358512Z   keyutils                       1.6.1                h166bdaf_0               conda-forge
2025-01-14T21:29:37.2358860Z   kiwisolver                     1.4.5                py312h8572e83_1          conda-forge
2025-01-14T21:29:37.2359195Z   krb5                           1.21.2               h659d440_0               conda-forge
2025-01-14T21:29:37.2359533Z   latexcodec                     2.0.1                pyh9f0ad1d_0             conda-forge
2025-01-14T21:29:37.2359871Z   lcms2                          2.16                 hb7c19ff_0               conda-forge
2025-01-14T21:29:37.2360213Z   ld_impl_linux-64               2.40                 hf3520f5_7               conda-forge
2025-01-14T21:29:37.2360686Z   lerc                           4.0.0                h27087fc_0               conda-forge
2025-01-14T21:29:37.2361006Z   libaec                         1.1.3                h59595ed_0               conda-forge
2025-01-14T21:29:37.2361349Z   libblas                        3.9.0                22_linux64_openblas      conda-forge
2025-01-14T21:29:37.2361717Z   libbrotlicommon                1.1.0                hd590300_1               conda-forge
2025-01-14T21:29:37.2362095Z   libbrotlidec                   1.1.0                hd590300_1               conda-forge
2025-01-14T21:29:37.2362456Z   libbrotlienc                   1.1.0                hd590300_1               conda-forge
2025-01-14T21:29:37.2362832Z   libcblas                       3.9.0                22_linux64_openblas      conda-forge
2025-01-14T21:29:37.2363176Z   libcurl                        8.8.0                hca28451_0               conda-forge
2025-01-14T21:29:37.2363524Z   libdeflate                     1.20                 hd590300_0               conda-forge
2025-01-14T21:29:37.2363888Z   libedit                        3.1.20191231         he28a2e2_2               conda-forge
2025-01-14T21:29:37.2364228Z   libev                          4.33                 hd590300_2               conda-forge
2025-01-14T21:29:37.2364557Z   libexpat                       2.6.2                h59595ed_0               conda-forge
2025-01-14T21:29:37.2364891Z   libffi                         3.4.2                h7f98852_5               conda-forge
2025-01-14T21:29:37.2365227Z   libgcc-ng                      13.2.0               h77fa898_10              conda-forge
2025-01-14T21:29:37.2365555Z   libgd                          2.3.3                h119a65a_9               conda-forge
2025-01-14T21:29:37.2365901Z   libgfortran-ng                 13.2.0               h69a702a_10              conda-forge
2025-01-14T21:29:37.2366435Z   libgfortran5                   13.2.0               h3d2ce59_10              conda-forge
2025-01-14T21:29:37.2366804Z   libglib                        2.80.2               h8a4344b_1               conda-forge
2025-01-14T21:29:37.2367253Z   libgomp                        13.2.0               h77fa898_10              conda-forge
2025-01-14T21:29:37.2367595Z   libiconv                       1.17                 hd590300_2               conda-forge
2025-01-14T21:29:37.2367950Z   libjpeg-turbo                  3.0.0                hd590300_1               conda-forge
2025-01-14T21:29:37.2368309Z   liblapack                      3.9.0                22_linux64_openblas      conda-forge
2025-01-14T21:29:37.2368659Z   libllvm14                      14.0.6               hcd5def8_4               conda-forge
2025-01-14T21:29:37.2369009Z   libnghttp2                     1.58.0               h47da74e_1               conda-forge
2025-01-14T21:29:37.2369349Z   libnsl                         2.0.1                hd590300_0               conda-forge
2025-01-14T21:29:37.2369703Z   libopenblas                    0.3.27               pthreads_h413a1c8_0      conda-forge
2025-01-14T21:29:37.2370064Z   libpng                         1.6.43               h2797004_0               conda-forge
2025-01-14T21:29:37.2370393Z   librsvg                        2.58.1               hadf69e7_0               conda-forge
2025-01-14T21:29:37.2370734Z   libsodium                      1.0.18               h36c2ea0_1               conda-forge
2025-01-14T21:29:37.2371082Z   libsqlite                      3.46.0               hde9e2c9_0               conda-forge
2025-01-14T21:29:37.2371418Z   libssh2                        1.11.0               h0841786_0               conda-forge
2025-01-14T21:29:37.2371763Z   libstdcxx-ng                   13.2.0               hc0a3c3a_10              conda-forge
2025-01-14T21:29:37.2372108Z   libtiff                        4.6.0                h1dd3fc0_3               conda-forge
2025-01-14T21:29:37.2372442Z   libuuid                        2.38.1               h0b41bf4_0               conda-forge
2025-01-14T21:29:37.2372978Z   libwebp                        1.4.0                h2c329e2_0               conda-forge
2025-01-14T21:29:37.2373324Z   libwebp-base                   1.4.0                hd590300_0               conda-forge
2025-01-14T21:29:37.2373665Z   libxcb                         1.15                 h0b41bf4_0               conda-forge
2025-01-14T21:29:37.2374000Z   libxcrypt                      4.4.36               hd590300_1               conda-forge
2025-01-14T21:29:37.2374338Z   libxml2                        2.12.7               hc051c1a_1               conda-forge
2025-01-14T21:29:37.2374669Z   libxslt                        1.1.39               h76b75d6_0               conda-forge
2025-01-14T21:29:37.2375001Z   libzlib                        1.3.1                h4ab18f5_1               conda-forge
2025-01-14T21:29:37.2375336Z   llvmlite                       0.42.0               py312hb06c811_1          conda-forge
2025-01-14T21:29:37.2375668Z   lxml                           5.2.2                py312hb90d8a5_0          conda-forge
2025-01-14T21:29:37.2375992Z   lz4-c                          1.9.4                hcb278e6_0               conda-forge
2025-01-14T21:29:37.2376475Z   lzo                            2.10                 hd590300_1001            conda-forge
2025-01-14T21:29:37.2376810Z   markupsafe                     2.1.5                py312h98912ed_0          conda-forge
2025-01-14T21:29:37.2377190Z   matplotlib-base                3.8.4                py312h20ab3a6_2          conda-forge
2025-01-14T21:29:37.2377589Z   matplotlib-inline              0.1.7                pyhd8ed1ab_0             conda-forge
2025-01-14T21:29:37.2377972Z   mistune                        3.0.2                pyhd8ed1ab_0             conda-forge
2025-01-14T21:29:37.2378298Z   mpc                            1.3.1                hfe3b2da_0               conda-forge
2025-01-14T21:29:37.2378612Z   mpfr                           4.2.1                h9458935_1               conda-forge
2025-01-14T21:29:37.2378940Z   mpmath                         1.3.0                pyhd8ed1ab_0             conda-forge
2025-01-14T21:29:37.2379553Z   munkres                        1.1.4                pyh9f0ad1d_0             conda-forge
2025-01-14T21:29:37.2379927Z   mypy_extensions                1.0.0                pyha770c72_0             conda-forge
2025-01-14T21:29:37.2380292Z   nbclassic                      1.1.0                pyhd8ed1ab_0             conda-forge
2025-01-14T21:29:37.2380640Z   nbclient                       0.10.0               pyhd8ed1ab_0             conda-forge
2025-01-14T21:29:37.2380987Z   nbconvert                      7.16.4               hd8ed1ab_1               conda-forge
2025-01-14T21:29:37.2381356Z   nbconvert-core                 7.16.4               pyhd8ed1ab_1             conda-forge
2025-01-14T21:29:37.2381749Z   nbconvert-pandoc               7.16.4               hd8ed1ab_1               conda-forge
2025-01-14T21:29:37.2382129Z   nbformat                       5.10.4               pyhd8ed1ab_0             conda-forge
2025-01-14T21:29:37.2382489Z   nbsphinx                       0.9.4                pyhd8ed1ab_0             conda-forge
2025-01-14T21:29:37.2382834Z   ncurses                        6.5                  h59595ed_0               conda-forge
2025-01-14T21:29:37.2383182Z   nest-asyncio                   1.6.0                pyhd8ed1ab_0             conda-forge
2025-01-14T21:29:37.2383534Z   networkx                       3.3                  pyhd8ed1ab_1             conda-forge
2025-01-14T21:29:37.2383867Z   nomkl                          1.0                  h5ca1d4c_0               conda-forge
2025-01-14T21:29:37.2384198Z   notebook                       7.2.1                pyhd8ed1ab_0             conda-forge
2025-01-14T21:29:37.2384555Z   notebook-shim                  0.2.4                pyhd8ed1ab_0             conda-forge
2025-01-14T21:29:37.2384902Z   numba                          0.59.1               py312hacefee8_0          conda-forge
2025-01-14T21:29:37.2385359Z   numexpr                        2.10.0               py312hf412c99_100        conda-forge
2025-01-14T21:29:37.2385702Z   numpy                          1.26.4               py312heda63a1_0          conda-forge
2025-01-14T21:29:37.2386041Z   numpydoc                       1.7.0                pyhd8ed1ab_1             conda-forge
2025-01-14T21:29:37.2386549Z   openjpeg                       2.5.2                h488ebb8_0               conda-forge
2025-01-14T21:29:37.2386893Z   openssl                        3.3.1                h4ab18f5_0               conda-forge
2025-01-14T21:29:37.2387242Z   overrides                      7.7.0                pyhd8ed1ab_0             conda-forge
2025-01-14T21:29:37.2387591Z   packaging                      24.1                 pyhd8ed1ab_0             conda-forge
2025-01-14T21:29:37.2387932Z   pandas                         2.2.2                py312h1d6d2e6_1          conda-forge
2025-01-14T21:29:37.2388277Z   pandoc                         3.2                  ha770c72_0               conda-forge
2025-01-14T21:29:37.2388646Z   pandocfilters                  1.5.0                pyhd8ed1ab_0             conda-forge
2025-01-14T21:29:37.2388998Z   pango                          1.54.0               h84a9a3c_0               conda-forge
2025-01-14T21:29:37.2389324Z   parso                          0.8.4                pyhd8ed1ab_0             conda-forge
2025-01-14T21:29:37.2389668Z   pathspec                       0.12.1               pyhd8ed1ab_0             conda-forge
2025-01-14T21:29:37.2390026Z   pbr                            6.0.0                pyhd8ed1ab_0             conda-forge
2025-01-14T21:29:37.2390346Z   pcre2                          10.44                h0f59acf_0               conda-forge
2025-01-14T21:29:37.2390679Z   pexpect                        4.9.0                pyhd8ed1ab_0             conda-forge
2025-01-14T21:29:37.2391028Z   pickleshare                    0.7.5                py_1003                  conda-forge
2025-01-14T21:29:37.2391380Z   pillow                         10.3.0               py312hdcec9eb_0          conda-forge
2025-01-14T21:29:37.2391855Z   pip                            24.0                 pyhd8ed1ab_0             conda-forge
2025-01-14T21:29:37.2392183Z   pixman                         0.43.2               h59595ed_0               conda-forge
2025-01-14T21:29:37.2392563Z   pkgutil-resolve-name           1.3.10               pyhd8ed1ab_1             conda-forge
2025-01-14T21:29:37.2392971Z   platformdirs                   4.2.2                pyhd8ed1ab_0             conda-forge
2025-01-14T21:29:37.2393331Z   plotly                         5.22.0               pyhd8ed1ab_0             conda-forge
2025-01-14T21:29:37.2393669Z   pluggy                         1.5.0                pyhd8ed1ab_0             conda-forge
2025-01-14T21:29:37.2394038Z   prometheus_client              0.20.0               pyhd8ed1ab_0             conda-forge
2025-01-14T21:29:37.2394431Z   prompt-toolkit                 3.0.47               pyha770c72_0             conda-forge
2025-01-14T21:29:37.2394806Z   psutil                         5.9.8                py312h98912ed_0          conda-forge
2025-01-14T21:29:37.2395156Z   pthread-stubs                  0.4                  h36c2ea0_1001            conda-forge
2025-01-14T21:29:37.2395522Z   ptyprocess                     0.7.0                pyhd3deb0d_0             conda-forge
2025-01-14T21:29:37.2395874Z   pure_eval                      0.2.2                pyhd8ed1ab_0             conda-forge
2025-01-14T21:29:37.2396376Z   py-cpuinfo                     9.0.0                pyhd8ed1ab_0             conda-forge
2025-01-14T21:29:37.2396725Z   pybtex                         0.24.0               pyhd8ed1ab_2             conda-forge
2025-01-14T21:29:37.2397104Z   pybtex-docutils                1.0.3                py312h7900ff3_1          conda-forge
2025-01-14T21:29:37.2397476Z   pycparser                      2.22                 pyhd8ed1ab_0             conda-forge
2025-01-14T21:29:37.2397819Z   pyerfa                         2.0.1.4              py312h085067d_1          conda-forge
2025-01-14T21:29:37.2398302Z   pygments                       2.18.0               pyhd8ed1ab_0             conda-forge
2025-01-14T21:29:37.2398661Z   pygraphviz                     1.13                 py312h4a1d8a7_1          conda-forge
2025-01-14T21:29:37.2399020Z   pyparsing                      3.1.2                pyhd8ed1ab_0             conda-forge
2025-01-14T21:29:37.2399372Z   pysocks                        1.7.1                pyha2e5f31_6             conda-forge
2025-01-14T21:29:37.2399717Z   pytables                       3.9.2                py312h96d95ec_2          conda-forge
2025-01-14T21:29:37.2400056Z   pytest                         8.2.2                pyhd8ed1ab_0             conda-forge
2025-01-14T21:29:37.2400407Z   pytest-cov                     5.0.0                pyhd8ed1ab_0             conda-forge
2025-01-14T21:29:37.2400793Z   pytest-doctestplus             1.2.1                pyhd8ed1ab_0             conda-forge
2025-01-14T21:29:37.2401194Z   pytest-html                    4.1.1                pyhd8ed1ab_0             conda-forge
2025-01-14T21:29:37.2401578Z   pytest-metadata                3.1.1                pyhd8ed1ab_0             conda-forge
2025-01-14T21:29:37.2401943Z   python                         3.12.4               h194c7f8_0_cpython       conda-forge
2025-01-14T21:29:37.2402324Z   python-dateutil                2.9.0                pyhd8ed1ab_0             conda-forge
2025-01-14T21:29:37.2402736Z   python-fastjsonschema          2.20.0               pyhd8ed1ab_0             conda-forge
2025-01-14T21:29:37.2403155Z   python-json-logger             2.0.7                pyhd8ed1ab_0             conda-forge
2025-01-14T21:29:37.2403551Z   python-tzdata                  2024.1               pyhd8ed1ab_0             conda-forge
2025-01-14T21:29:37.2403915Z   python_abi                     3.12                 4_cp312                  conda-forge
2025-01-14T21:29:37.2404253Z   pytz                           2024.1               pyhd8ed1ab_0             conda-forge
2025-01-14T21:29:37.2404707Z   pyyaml                         6.0.1                py312h98912ed_1          conda-forge
2025-01-14T21:29:37.2405043Z   pyzmq                          26.0.3               py312h8fd38d8_0          conda-forge
2025-01-14T21:29:37.2405372Z   qgrid                          1.3.1                pyhd8ed1ab_4             conda-forge
2025-01-14T21:29:37.2405737Z   radioactivedecay               0.5.1                pyhd8ed1ab_0             conda-forge
2025-01-14T21:29:37.2406248Z   readline                       8.2                  h8228510_1               conda-forge
2025-01-14T21:29:37.2406616Z   recommonmark                   0.7.1                pyhd8ed1ab_0             conda-forge
2025-01-14T21:29:37.2406991Z   referencing                    0.35.1               pyhd8ed1ab_0             conda-forge
2025-01-14T21:29:37.2407353Z   requests                       2.32.3               pyhd8ed1ab_0             conda-forge
2025-01-14T21:29:37.2407731Z   rfc3339-validator              0.1.4                pyhd8ed1ab_0             conda-forge
2025-01-14T21:29:37.2408129Z   rfc3986-validator              0.1.1                pyh9f0ad1d_0             conda-forge
2025-01-14T21:29:37.2408494Z   rpds-py                        0.18.1               py312h4413252_0          conda-forge
2025-01-14T21:29:37.2408817Z   ruff                           0.4.9                py312h5715c7c_0          conda-forge
2025-01-14T21:29:37.2409138Z   scipy                          1.13.1               py312hc2bc53b_0          conda-forge
2025-01-14T21:29:37.2409482Z   send2trash                     1.8.3                pyh0d859eb_0             conda-forge
2025-01-14T21:29:37.2409838Z   setuptools                     70.0.0               pyhd8ed1ab_0             conda-forge
2025-01-14T21:29:37.2410209Z   setuptools-scm                 8.1.0                pyhd8ed1ab_0             conda-forge
2025-01-14T21:29:37.2410584Z   setuptools_scm                 8.1.0                hd8ed1ab_0               conda-forge
2025-01-14T21:29:37.2411055Z   six                            1.16.0               pyh6c4a22f_0             conda-forge
2025-01-14T21:29:37.2411385Z   snakeviz                       2.2.0                pyhd8ed1ab_0             conda-forge
2025-01-14T21:29:37.2411724Z   snappy                         1.2.0                hdb0a2a9_1               conda-forge
2025-01-14T21:29:37.2412058Z   sniffio                        1.3.1                pyhd8ed1ab_0             conda-forge
2025-01-14T21:29:37.2412430Z   snowballstemmer                2.2.0                pyhd8ed1ab_0             conda-forge
2025-01-14T21:29:37.2412800Z   soupsieve                      2.5                  pyhd8ed1ab_1             conda-forge
2025-01-14T21:29:37.2413140Z   sphinx                         7.3.7                pyhd8ed1ab_0             conda-forge
2025-01-14T21:29:37.2413495Z   sphinx-astropy                 1.9.1                pyhd8ed1ab_0             conda-forge
2025-01-14T21:29:37.2413904Z   sphinx-automodapi              0.17.0               pyh717bed2_1             conda-forge
2025-01-14T21:29:37.2414307Z   sphinx-gallery                 0.16.0               pyhd8ed1ab_0             conda-forge
2025-01-14T21:29:37.2414702Z   sphinx-jsonschema              1.19.1               pyhd8ed1ab_0             conda-forge
2025-01-14T21:29:37.2415110Z   sphinx_bootstrap_theme         0.8.1                pyhd8ed1ab_0             conda-forge
2025-01-14T21:29:37.2415505Z   sphinx_rtd_theme               2.0.0                pyha770c72_0             conda-forge
2025-01-14T21:29:37.2415901Z   sphinxcontrib-apidoc           0.3.0                py_1                     conda-forge
2025-01-14T21:29:37.2416541Z   sphinxcontrib-applehelp        1.0.8                pyhd8ed1ab_0             conda-forge
2025-01-14T21:29:37.2416993Z   sphinxcontrib-bibtex           2.6.2                pyhd8ed1ab_0             conda-forge
2025-01-14T21:29:37.2417423Z   sphinxcontrib-devhelp          1.0.6                pyhd8ed1ab_0             conda-forge
2025-01-14T21:29:37.2417995Z   sphinxcontrib-htmlhelp         2.0.5                pyhd8ed1ab_0             conda-forge
2025-01-14T21:29:37.2418433Z   sphinxcontrib-jquery           4.1                  pyhd8ed1ab_0             conda-forge
2025-01-14T21:29:37.2418854Z   sphinxcontrib-jsmath           1.0.1                pyhd8ed1ab_0             conda-forge
2025-01-14T21:29:37.2419278Z   sphinxcontrib-qthelp           1.0.7                pyhd8ed1ab_0             conda-forge
2025-01-14T21:29:37.2419739Z   sphinxcontrib-serializinghtml  1.1.10               pyhd8ed1ab_0             conda-forge
2025-01-14T21:29:37.2420164Z   stack_data                     0.6.2                pyhd8ed1ab_0             conda-forge
2025-01-14T21:29:37.2420537Z   sympy                          1.12.1               pypyh2585a3b_103         conda-forge
2025-01-14T21:29:37.2420875Z   tabulate                       0.9.0                pyhd8ed1ab_1             conda-forge
2025-01-14T21:29:37.2421235Z   tenacity                       8.4.1                pyhd8ed1ab_0             conda-forge
2025-01-14T21:29:37.2421591Z   terminado                      0.18.1               pyh0d859eb_0             conda-forge
2025-01-14T21:29:37.2421941Z   tinycss2                       1.3.0                pyhd8ed1ab_0             conda-forge
2025-01-14T21:29:37.2422270Z   tk                             8.6.13               noxft_h4845f30_101       conda-forge
2025-01-14T21:29:37.2422584Z   toml                           0.10.2               pyhd8ed1ab_0             conda-forge
2025-01-14T21:29:37.2423283Z   tomli                          2.0.1                pyhd8ed1ab_0             conda-forge
2025-01-14T21:29:37.2423793Z   tornado                        6.4.1                py312h9a8786e_0          conda-forge
2025-01-14T21:29:37.2424125Z   tqdm                           4.66.4               pyhd8ed1ab_0             conda-forge
2025-01-14T21:29:37.2424460Z   traitlets                      5.14.3               pyhd8ed1ab_0             conda-forge
2025-01-14T21:29:37.2424950Z   typed-ast                      1.5.5                py312h98912ed_1          conda-forge
2025-01-14T21:29:37.2425358Z   types-python-dateutil          2.9.0.20240316       pyhd8ed1ab_0             conda-forge
2025-01-14T21:29:37.2425782Z   typing-extensions              4.12.2               hd8ed1ab_0               conda-forge
2025-01-14T21:29:37.2426338Z   typing_extensions              4.12.2               pyha770c72_0             conda-forge
2025-01-14T21:29:37.2426727Z   typing_utils                   0.1.0                pyhd8ed1ab_0             conda-forge
2025-01-14T21:29:37.2427085Z   tzdata                         2024a                h0c530f3_0               conda-forge
2025-01-14T21:29:37.2427439Z   uri-template                   1.3.0                pyhd8ed1ab_0             conda-forge
2025-01-14T21:29:37.2427791Z   urllib3                        2.2.2                pyhd8ed1ab_0             conda-forge
2025-01-14T21:29:37.2428140Z   wcwidth                        0.2.13               pyhd8ed1ab_0             conda-forge
2025-01-14T21:29:37.2428492Z   webcolors                      24.6.0               pyhd8ed1ab_0             conda-forge
2025-01-14T21:29:37.2428868Z   webencodings                   0.5.1                pyhd8ed1ab_2             conda-forge
2025-01-14T21:29:37.2429248Z   websocket-client               1.8.0                pyhd8ed1ab_0             conda-forge
2025-01-14T21:29:37.2429838Z   wheel                          0.43.0               pyhd8ed1ab_1             conda-forge
2025-01-14T21:29:37.2430500Z   widgetsnbextension             3.6.6                pyhd8ed1ab_0             conda-forge
2025-01-14T21:29:37.2431150Z   xorg-kbproto                   1.0.7                h7f98852_1002            conda-forge
2025-01-14T21:29:37.2431753Z   xorg-libice                    1.1.1                hd590300_0               conda-forge
2025-01-14T21:29:37.2432113Z   xorg-libsm                     1.2.4                h7391055_0               conda-forge
2025-01-14T21:29:37.2432621Z   xorg-libx11                    1.8.9                h8ee46fc_0               conda-forge
2025-01-14T21:29:37.2432986Z   xorg-libxau                    1.0.11               hd590300_0               conda-forge
2025-01-14T21:29:37.2433347Z   xorg-libxdmcp                  1.1.3                h7f98852_0               conda-forge
2025-01-14T21:29:37.2433711Z   xorg-libxext                   1.3.4                h0b41bf4_2               conda-forge
2025-01-14T21:29:37.2434079Z   xorg-libxrender                0.9.11               hd590300_0               conda-forge
2025-01-14T21:29:37.2434467Z   xorg-renderproto               0.11.1               h7f98852_1002            conda-forge
2025-01-14T21:29:37.2434857Z   xorg-xextproto                 7.3.0                h0b41bf4_1003            conda-forge
2025-01-14T21:29:37.2435222Z   xorg-xproto                    7.0.31               h7f98852_1007            conda-forge
2025-01-14T21:29:37.2435559Z   xz                             5.2.6                h166bdaf_0               conda-forge
2025-01-14T21:29:37.2435874Z   yaml                           0.2.5                h7f98852_2               conda-forge
2025-01-14T21:29:37.2436423Z   zeromq                         4.3.5                h75354e8_4               conda-forge
2025-01-14T21:29:37.2436787Z   zipp                           3.19.2               pyhd8ed1ab_0             conda-forge
2025-01-14T21:29:37.2437110Z   zlib                           1.3.1                h4ab18f5_1               conda-forge
2025-01-14T21:29:37.2437425Z   zlib-ng                        2.0.7                h0b41bf4_0               conda-forge
2025-01-14T21:29:37.2437737Z   zstd                           1.5.6                ha6fb4c9_0               conda-forge
2025-01-14T21:29:37.2438255Z ##[endgroup]
2025-01-14T21:29:37.2470366Z ##[group]Run pip install -e . --user
2025-01-14T21:29:37.2470689Z [36;1mpip install -e . --user[0m
2025-01-14T21:29:37.2499137Z shell: /usr/bin/bash -l {0}
2025-01-14T21:29:37.2499530Z env:
2025-01-14T21:29:37.2499706Z   CACHE_NUMBER: 0
2025-01-14T21:29:37.2500315Z   PYTEST_FLAGS: --tardis-regression-data=/home/runner/work/tardis/tardis/tardis-regression-data --cov=tardis --cov-report=xml --cov-report=html --cov-append
2025-01-14T21:29:37.2500973Z   CODECOV_TOKEN: 
2025-01-14T21:29:37.2501190Z   MAMBA_ROOT_PREFIX: /home/runner/micromamba
2025-01-14T21:29:37.2501488Z   MAMBA_EXE: /home/runner/micromamba-bin/micromamba
2025-01-14T21:29:37.2501827Z   CONDARC: /home/runner/work/_temp/setup-micromamba/.condarc
2025-01-14T21:29:37.2502124Z ##[endgroup]
2025-01-14T21:29:37.8857958Z Obtaining file:///home/runner/work/tardis/tardis
2025-01-14T21:29:37.8884837Z   Installing build dependencies: started
2025-01-14T21:29:40.5324954Z   Installing build dependencies: finished with status 'done'
2025-01-14T21:29:40.5330814Z   Checking if build backend supports build_editable: started
2025-01-14T21:29:40.6511107Z   Checking if build backend supports build_editable: finished with status 'done'
2025-01-14T21:29:40.6517820Z   Getting requirements to build editable: started
2025-01-14T21:29:41.0927339Z   Getting requirements to build editable: finished with status 'done'
2025-01-14T21:29:41.0935388Z   Preparing editable metadata (pyproject.toml): started
2025-01-14T21:29:41.5355170Z   Preparing editable metadata (pyproject.toml): finished with status 'done'
2025-01-14T21:29:41.5933409Z Requirement already satisfied: astropy in /home/runner/micromamba/envs/tardis/lib/python3.12/site-packages (from tardis==0.0.0) (6.1.1)
2025-01-14T21:29:41.6307746Z Requirement already satisfied: numpy>=1.23 in /home/runner/micromamba/envs/tardis/lib/python3.12/site-packages (from astropy->tardis==0.0.0) (1.26.4)
2025-01-14T21:29:41.6316978Z Requirement already satisfied: pyerfa>=2.0.1.1 in /home/runner/micromamba/envs/tardis/lib/python3.12/site-packages (from astropy->tardis==0.0.0) (2.0.1.4)
2025-01-14T21:29:41.6326996Z Requirement already satisfied: astropy-iers-data>=0.2024.5.27.0.30.8 in /home/runner/micromamba/envs/tardis/lib/python3.12/site-packages (from astropy->tardis==0.0.0) (0.2024.6.17.0.31.35)
2025-01-14T21:29:41.6334937Z Requirement already satisfied: PyYAML>=3.13 in /home/runner/micromamba/envs/tardis/lib/python3.12/site-packages (from astropy->tardis==0.0.0) (6.0.1)
2025-01-14T21:29:41.6344374Z Requirement already satisfied: packaging>=19.0 in /home/runner/micromamba/envs/tardis/lib/python3.12/site-packages (from astropy->tardis==0.0.0) (24.1)
2025-01-14T21:29:41.6430955Z Building wheels for collected packages: tardis
2025-01-14T21:29:41.6439412Z   Building editable for tardis (pyproject.toml): started
2025-01-14T21:29:42.4200811Z   Building editable for tardis (pyproject.toml): finished with status 'done'
2025-01-14T21:29:42.4206960Z   Created wheel for tardis: filename=tardis-0.0.0-0.editable-py3-none-any.whl size=8876 sha256=6475497b6cea518b680a03899ec754cb8f1a71c83164859739f7d7eb455bb164
2025-01-14T21:29:42.4208235Z   Stored in directory: /tmp/pip-ephem-wheel-cache-lnkq4z9v/wheels/6a/c7/ae/89fa6dc2565455898176888ef0e2e475e4e90eb0124afcb995
2025-01-14T21:29:42.4240579Z Successfully built tardis
2025-01-14T21:29:43.3436265Z Installing collected packages: tardis
2025-01-14T21:29:43.4101622Z Successfully installed tardis-0.0.0
2025-01-14T21:29:43.6589006Z ##[error]The operation was canceled.
2025-01-14T21:29:43.6664466Z Post job cleanup.
2025-01-14T21:29:43.6711987Z Post job cleanup.
2025-01-14T21:29:43.8041250Z Will use pre-installed micromamba at /home/runner/micromamba-bin/micromamba
2025-01-14T21:29:43.8048487Z Removing micromamba run shell ...
2025-01-14T21:29:43.8052297Z ##[group]Deinitialize micromamba for bash
2025-01-14T21:29:43.8070678Z [command]/home/runner/micromamba-bin/micromamba shell deinit -s bash -r /home/runner/micromamba --log-level warning --rc-file /home/runner/work/_temp/setup-micromamba/.condarc
2025-01-14T21:29:43.8167809Z Resetting RC file "/home/runner/.bashrc"
2025-01-14T21:29:43.8168348Z Deleting config for root prefix 
2025-01-14T21:29:43.8169231Z Clearing mamba executable environment variable
2025-01-14T21:29:43.8377565Z Removing the following in your "/home/runner/.bashrc" file
2025-01-14T21:29:43.8379393Z # >>> mamba initialize >>>
2025-01-14T21:29:43.8379881Z ...
2025-01-14T21:29:43.8380288Z # <<< mamba initialize <<<
2025-01-14T21:29:43.8418892Z Removing mamba initialize block from .bash_profile
2025-01-14T21:29:43.8435393Z ##[endgroup]
2025-01-14T21:29:43.8439961Z Removing environment tardis from auto-activate bash ...
2025-01-14T21:29:44.0407821Z Post job cleanup.
2025-01-14T21:29:44.0446042Z Post job cleanup.
2025-01-14T21:29:44.1393996Z [command]/usr/bin/git version
2025-01-14T21:29:44.1435333Z git version 2.47.1
2025-01-14T21:29:44.1479763Z Temporarily overriding HOME='/home/runner/work/_temp/2da3d418-d1cc-4c0d-9fe5-889cbca1286d' before making global git config changes
2025-01-14T21:29:44.1481052Z Adding repository directory to the temporary git global config as a safe directory
2025-01-14T21:29:44.1486342Z [command]/usr/bin/git config --global --add safe.directory /home/runner/work/tardis/tardis/tardis-regression-data
2025-01-14T21:29:44.1928751Z [command]/usr/bin/git config --local --name-only --get-regexp core\.sshCommand
2025-01-14T21:29:44.1964743Z [command]/usr/bin/git submodule foreach --recursive sh -c "git config --local --name-only --get-regexp 'core\.sshCommand' && git config --local --unset-all 'core.sshCommand' || :"
2025-01-14T21:29:44.2218696Z [command]/usr/bin/git config --local --name-only --get-regexp http\.https\:\/\/github\.com\/\.extraheader
2025-01-14T21:29:44.2242473Z http.https://github.com/.extraheader
2025-01-14T21:29:44.2257674Z [command]/usr/bin/git config --local --unset-all http.https://github.com/.extraheader
2025-01-14T21:29:44.2885662Z [command]/usr/bin/git submodule foreach --recursive sh -c "git config --local --name-only --get-regexp 'http\.https\:\/\/github\.com\/\.extraheader' && git config --local --unset-all 'http.https://github.com/.extraheader' || :"
2025-01-14T21:29:44.3545236Z Post job cleanup.
2025-01-14T21:29:44.4636004Z [command]/usr/bin/git version
2025-01-14T21:29:44.4688158Z git version 2.47.1
2025-01-14T21:29:44.4730568Z Temporarily overriding HOME='/home/runner/work/_temp/cacfeb41-7fa7-474a-992d-eff51075bfbc' before making global git config changes
2025-01-14T21:29:44.4731662Z Adding repository directory to the temporary git global config as a safe directory
2025-01-14T21:29:44.4735752Z [command]/usr/bin/git config --global --add safe.directory /home/runner/work/tardis/tardis
2025-01-14T21:29:44.4794504Z [command]/usr/bin/git config --local --name-only --get-regexp core\.sshCommand
2025-01-14T21:29:44.4829318Z [command]/usr/bin/git submodule foreach --recursive sh -c "git config --local --name-only --get-regexp 'core\.sshCommand' && git config --local --unset-all 'core.sshCommand' || :"
2025-01-14T21:29:44.5076769Z [command]/usr/bin/git config --local --name-only --get-regexp http\.https\:\/\/github\.com\/\.extraheader
2025-01-14T21:29:44.5100136Z http.https://github.com/.extraheader
2025-01-14T21:29:44.5112981Z [command]/usr/bin/git config --local --unset-all http.https://github.com/.extraheader
2025-01-14T21:29:44.5288002Z [command]/usr/bin/git submodule foreach --recursive sh -c "git config --local --name-only --get-regexp 'http\.https\:\/\/github\.com\/\.extraheader' && git config --local --unset-all 'http.https://github.com/.extraheader' || :"
2025-01-14T21:29:44.5663481Z Cleaning up orphan processes
