2025-02-23T16:37:56.0330825Z Prepare all required actions
2025-02-23T16:37:56.0332204Z Getting action download info
2025-02-23T16:37:56.1742294Z ##[group]Download immutable action package 'actions/cache@v4'
2025-02-23T16:37:56.1743762Z Version: 4.2.1
2025-02-23T16:37:56.1745197Z Digest: sha256:b0404c9628d43aa6855629075b28f32cadf8efc5c26198438149f78500112940
2025-02-23T16:37:56.1747125Z Source commit SHA: 0c907a75c2c80ebcb7f088228285e798b750cf8f
2025-02-23T16:37:56.1748504Z ##[endgroup]
2025-02-23T16:37:56.4544039Z ##[group]Run ./.github/actions/setup_lfs
2025-02-23T16:37:56.4545138Z with:
2025-02-23T16:37:56.4546125Z   regression-data-repo: tardis-sn/tardis-regression-data
2025-02-23T16:37:56.4547411Z   atom-data-sparse: false
2025-02-23T16:37:56.4548305Z env:
2025-02-23T16:37:56.4549037Z   CACHE_NUMBER: 0
2025-02-23T16:37:56.4551529Z   PYTEST_FLAGS: --tardis-regression-data=/home/runner/work/tardis/tardis/tardis-regression-data --cov=tardis --cov-report=xml --cov-report=html --cov-append
2025-02-23T16:37:56.4554064Z   CODECOV_TOKEN: 
2025-02-23T16:37:56.4554915Z ##[endgroup]
2025-02-23T16:37:56.4761614Z ##[group]Run actions/checkout@v4
2025-02-23T16:37:56.4762590Z with:
2025-02-23T16:37:56.4763454Z   repository: tardis-sn/tardis-regression-data
2025-02-23T16:37:56.4764623Z   path: tardis-regression-data
2025-02-23T16:37:56.4765563Z   lfs: false
2025-02-23T16:37:56.4766577Z   token: ***
2025-02-23T16:37:56.4767379Z   ssh-strict: true
2025-02-23T16:37:56.4768183Z   ssh-user: git
2025-02-23T16:37:56.4769001Z   persist-credentials: true
2025-02-23T16:37:56.4770045Z   clean: true
2025-02-23T16:37:56.4770880Z   sparse-checkout-cone-mode: true
2025-02-23T16:37:56.4771869Z   fetch-depth: 1
2025-02-23T16:37:56.4772672Z   fetch-tags: false
2025-02-23T16:37:56.4773500Z   show-progress: true
2025-02-23T16:37:56.4774352Z   submodules: false
2025-02-23T16:37:56.4775190Z   set-safe-directory: true
2025-02-23T16:37:56.4776073Z env:
2025-02-23T16:37:56.4776799Z   CACHE_NUMBER: 0
2025-02-23T16:37:56.4779070Z   PYTEST_FLAGS: --tardis-regression-data=/home/runner/work/tardis/tardis/tardis-regression-data --cov=tardis --cov-report=xml --cov-report=html --cov-append
2025-02-23T16:37:56.4781662Z   CODECOV_TOKEN: 
2025-02-23T16:37:56.4782454Z ##[endgroup]
2025-02-23T16:37:56.5717797Z Syncing repository: tardis-sn/tardis-regression-data
2025-02-23T16:37:56.5724076Z ##[group]Getting Git version info
2025-02-23T16:37:56.5725667Z Working directory is '/home/runner/work/tardis/tardis/tardis-regression-data'
2025-02-23T16:37:56.5767661Z [command]/usr/bin/git version
2025-02-23T16:37:56.5809709Z git version 2.48.1
2025-02-23T16:37:56.5836392Z ##[endgroup]
2025-02-23T16:37:56.5853278Z Temporarily overriding HOME='/home/runner/work/_temp/bf0c2534-4dd5-4137-8a7f-b5978ec1214b' before making global git config changes
2025-02-23T16:37:56.5858582Z Adding repository directory to the temporary git global config as a safe directory
2025-02-23T16:37:56.5862880Z [command]/usr/bin/git config --global --add safe.directory /home/runner/work/tardis/tardis/tardis-regression-data
2025-02-23T16:37:56.5891443Z ##[group]Initializing the repository
2025-02-23T16:37:56.5898386Z [command]/usr/bin/git init /home/runner/work/tardis/tardis/tardis-regression-data
2025-02-23T16:37:56.5937095Z hint: Using 'master' as the name for the initial branch. This default branch name
2025-02-23T16:37:56.5940591Z hint: is subject to change. To configure the initial branch name to use in all
2025-02-23T16:37:56.5942879Z hint: of your new repositories, which will suppress this warning, call:
2025-02-23T16:37:56.5944571Z hint:
2025-02-23T16:37:56.5946095Z hint: 	git config --global init.defaultBranch <name>
2025-02-23T16:37:56.5948067Z hint:
2025-02-23T16:37:56.5950073Z hint: Names commonly chosen instead of 'master' are 'main', 'trunk' and
2025-02-23T16:37:56.5953067Z hint: 'development'. The just-created branch can be renamed via this command:
2025-02-23T16:37:56.5955442Z hint:
2025-02-23T16:37:56.5956651Z hint: 	git branch -m <name>
2025-02-23T16:37:56.5958922Z Initialized empty Git repository in /home/runner/work/tardis/tardis/tardis-regression-data/.git/
2025-02-23T16:37:56.5965463Z [command]/usr/bin/git remote add origin https://github.com/tardis-sn/tardis-regression-data
2025-02-23T16:37:56.5989641Z ##[endgroup]
2025-02-23T16:37:56.5991554Z ##[group]Disabling automatic garbage collection
2025-02-23T16:37:56.5994746Z [command]/usr/bin/git config --local gc.auto 0
2025-02-23T16:37:56.6028302Z ##[endgroup]
2025-02-23T16:37:56.6030212Z ##[group]Setting up auth
2025-02-23T16:37:56.6036922Z [command]/usr/bin/git config --local --name-only --get-regexp core\.sshCommand
2025-02-23T16:37:56.6071850Z [command]/usr/bin/git submodule foreach --recursive sh -c "git config --local --name-only --get-regexp 'core\.sshCommand' && git config --local --unset-all 'core.sshCommand' || :"
2025-02-23T16:37:56.6319479Z [command]/usr/bin/git config --local --name-only --get-regexp http\.https\:\/\/github\.com\/\.extraheader
2025-02-23T16:37:56.6353435Z [command]/usr/bin/git submodule foreach --recursive sh -c "git config --local --name-only --get-regexp 'http\.https\:\/\/github\.com\/\.extraheader' && git config --local --unset-all 'http.https://github.com/.extraheader' || :"
2025-02-23T16:37:56.6614041Z [command]/usr/bin/git config --local http.https://github.com/.extraheader AUTHORIZATION: basic ***
2025-02-23T16:37:56.6651445Z ##[endgroup]
2025-02-23T16:37:56.6653892Z ##[group]Determining the default branch
2025-02-23T16:37:56.6655859Z Retrieving the default branch name
2025-02-23T16:37:56.8943327Z Default branch 'main'
2025-02-23T16:37:56.8944268Z ##[endgroup]
2025-02-23T16:37:56.8944885Z ##[group]Fetching the repository
2025-02-23T16:37:56.8951195Z [command]/usr/bin/git -c protocol.version=2 fetch --no-tags --prune --no-recurse-submodules --depth=1 origin +refs/heads/main:refs/remotes/origin/main
2025-02-23T16:37:57.3110106Z From https://github.com/tardis-sn/tardis-regression-data
2025-02-23T16:37:57.3111319Z  * [new branch]      main       -> origin/main
2025-02-23T16:37:57.3137425Z ##[endgroup]
2025-02-23T16:37:57.3138103Z ##[group]Determining the checkout info
2025-02-23T16:37:57.3139503Z ##[endgroup]
2025-02-23T16:37:57.3145144Z [command]/usr/bin/git sparse-checkout disable
2025-02-23T16:37:57.3184981Z [command]/usr/bin/git config --local --unset-all extensions.worktreeConfig
2025-02-23T16:37:57.3214108Z ##[group]Checking out the ref
2025-02-23T16:37:57.3218393Z [command]/usr/bin/git checkout --progress --force -B main refs/remotes/origin/main
2025-02-23T16:37:58.5863656Z Updating files:   3% (8/238)
2025-02-23T16:37:58.5866716Z Updating files:   4% (10/238)
2025-02-23T16:37:58.5876142Z Updating files:   5% (12/238)
2025-02-23T16:37:58.6108873Z Updating files:   6% (15/238)
2025-02-23T16:37:58.6115206Z Updating files:   7% (17/238)
2025-02-23T16:37:58.6122574Z Updating files:   8% (20/238)
2025-02-23T16:37:58.6129441Z Updating files:   9% (22/238)
2025-02-23T16:37:58.6135493Z Updating files:  10% (24/238)
2025-02-23T16:37:58.6140640Z Updating files:  11% (27/238)
2025-02-23T16:37:58.6144405Z Updating files:  12% (29/238)
2025-02-23T16:37:58.6156341Z Updating files:  13% (31/238)
2025-02-23T16:37:58.6161262Z Updating files:  14% (34/238)
2025-02-23T16:37:58.6168552Z Updating files:  15% (36/238)
2025-02-23T16:37:58.6173051Z Updating files:  16% (39/238)
2025-02-23T16:37:58.6177755Z Updating files:  17% (41/238)
2025-02-23T16:37:58.6183593Z Updating files:  18% (43/238)
2025-02-23T16:37:58.6187773Z Updating files:  19% (46/238)
2025-02-23T16:37:58.6191391Z Updating files:  20% (48/238)
2025-02-23T16:37:58.6199240Z Updating files:  21% (50/238)
2025-02-23T16:37:58.6206504Z Updating files:  22% (53/238)
2025-02-23T16:37:58.6213596Z Updating files:  23% (55/238)
2025-02-23T16:37:58.6218428Z Updating files:  24% (58/238)
2025-02-23T16:37:58.6223290Z Updating files:  25% (60/238)
2025-02-23T16:37:58.6229408Z Updating files:  26% (62/238)
2025-02-23T16:37:58.6233887Z Updating files:  27% (65/238)
2025-02-23T16:37:58.6240422Z Updating files:  28% (67/238)
2025-02-23T16:37:58.6248372Z Updating files:  29% (70/238)
2025-02-23T16:37:58.6251871Z Updating files:  30% (72/238)
2025-02-23T16:37:58.6258406Z Updating files:  31% (74/238)
2025-02-23T16:37:58.6264138Z Updating files:  32% (77/238)
2025-02-23T16:37:58.6267719Z Updating files:  33% (79/238)
2025-02-23T16:37:58.6274287Z Updating files:  34% (81/238)
2025-02-23T16:37:58.6279687Z Updating files:  35% (84/238)
2025-02-23T16:37:58.6287857Z Updating files:  36% (86/238)
2025-02-23T16:37:58.6296006Z Updating files:  37% (89/238)
2025-02-23T16:37:58.6301625Z Updating files:  38% (91/238)
2025-02-23T16:37:58.6308149Z Updating files:  39% (93/238)
2025-02-23T16:37:58.6312599Z Updating files:  40% (96/238)
2025-02-23T16:37:58.6317752Z Updating files:  41% (98/238)
2025-02-23T16:37:58.6326213Z Updating files:  42% (100/238)
2025-02-23T16:37:58.6333618Z Updating files:  43% (103/238)
2025-02-23T16:37:58.6340662Z Updating files:  44% (105/238)
2025-02-23T16:37:58.6345420Z Updating files:  45% (108/238)
2025-02-23T16:37:58.6350855Z Updating files:  46% (110/238)
2025-02-23T16:37:58.6357132Z Updating files:  47% (112/238)
2025-02-23T16:37:58.6361059Z Updating files:  48% (115/238)
2025-02-23T16:37:58.6365969Z Updating files:  49% (117/238)
2025-02-23T16:37:58.6374598Z Updating files:  50% (119/238)
2025-02-23T16:37:58.6379634Z Updating files:  51% (122/238)
2025-02-23T16:37:58.6386940Z Updating files:  52% (124/238)
2025-02-23T16:37:58.6394784Z Updating files:  53% (127/238)
2025-02-23T16:37:58.6398719Z Updating files:  54% (129/238)
2025-02-23T16:37:58.6406038Z Updating files:  55% (131/238)
2025-02-23T16:37:58.6411063Z Updating files:  56% (134/238)
2025-02-23T16:37:58.6418854Z Updating files:  57% (136/238)
2025-02-23T16:37:58.6423393Z Updating files:  58% (139/238)
2025-02-23T16:37:58.6428437Z Updating files:  59% (141/238)
2025-02-23T16:37:58.6434683Z Updating files:  60% (143/238)
2025-02-23T16:37:58.6441008Z Updating files:  61% (146/238)
2025-02-23T16:37:58.6447474Z Updating files:  62% (148/238)
2025-02-23T16:37:58.6459129Z Updating files:  63% (150/238)
2025-02-23T16:37:58.6459762Z Updating files:  64% (153/238)
2025-02-23T16:37:58.6466011Z Updating files:  65% (155/238)
2025-02-23T16:37:58.6470363Z Updating files:  66% (158/238)
2025-02-23T16:37:58.6475297Z Updating files:  67% (160/238)
2025-02-23T16:37:58.6480218Z Updating files:  68% (162/238)
2025-02-23T16:37:58.6484329Z Updating files:  69% (165/238)
2025-02-23T16:37:58.6488987Z Updating files:  70% (167/238)
2025-02-23T16:37:58.6493491Z Updating files:  71% (169/238)
2025-02-23T16:37:58.6496442Z Updating files:  72% (172/238)
2025-02-23T16:37:58.6503724Z Updating files:  73% (174/238)
2025-02-23T16:37:58.6507185Z Updating files:  74% (177/238)
2025-02-23T16:37:58.6512036Z Updating files:  75% (179/238)
2025-02-23T16:37:58.6516341Z Updating files:  76% (181/238)
2025-02-23T16:37:58.6519634Z Updating files:  77% (184/238)
2025-02-23T16:37:58.6526233Z Updating files:  78% (186/238)
2025-02-23T16:37:58.6530385Z Updating files:  79% (189/238)
2025-02-23T16:37:58.6533678Z Updating files:  80% (191/238)
2025-02-23T16:37:58.6540605Z Updating files:  81% (193/238)
2025-02-23T16:37:58.6546052Z Updating files:  82% (196/238)
2025-02-23T16:37:58.6549510Z Updating files:  83% (198/238)
2025-02-23T16:37:58.6553817Z Updating files:  84% (200/238)
2025-02-23T16:37:58.6557902Z Updating files:  85% (203/238)
2025-02-23T16:37:58.6563279Z Updating files:  86% (205/238)
2025-02-23T16:37:58.6566609Z Updating files:  87% (208/238)
2025-02-23T16:37:58.6570199Z Updating files:  88% (210/238)
2025-02-23T16:37:58.6579965Z Updating files:  89% (212/238)
2025-02-23T16:37:58.6582883Z Updating files:  90% (215/238)
2025-02-23T16:37:58.6585998Z Updating files:  91% (217/238)
2025-02-23T16:37:58.6591925Z Updating files:  92% (219/238)
2025-02-23T16:37:58.6596585Z Updating files:  93% (222/238)
2025-02-23T16:37:58.6602510Z Updating files:  94% (224/238)
2025-02-23T16:37:58.6605450Z Updating files:  95% (227/238)
2025-02-23T16:37:58.6608799Z Updating files:  96% (229/238)
2025-02-23T16:37:58.6614087Z Updating files:  97% (231/238)
2025-02-23T16:37:58.6617422Z Updating files:  98% (234/238)
2025-02-23T16:37:58.6621518Z Updating files:  99% (236/238)
2025-02-23T16:37:58.6622197Z Updating files: 100% (238/238)
2025-02-23T16:37:58.6622666Z Updating files: 100% (238/238), done.
2025-02-23T16:37:58.6637111Z Switched to a new branch 'main'
2025-02-23T16:37:58.6640760Z branch 'main' set up to track 'origin/main'.
2025-02-23T16:37:58.6902382Z ##[endgroup]
2025-02-23T16:37:58.6938641Z [command]/usr/bin/git log -1 --format=%H
2025-02-23T16:37:58.6962338Z 84e768462f20f09fbccc05625cdcc1d8ffbe404c
2025-02-23T16:37:58.7086857Z ##[group]Run if [ "false" == "true" ]; then
2025-02-23T16:37:58.7087218Z [36;1mif [ "false" == "true" ]; then[0m
2025-02-23T16:37:58.7112389Z [36;1m  echo "Using atom data sparse checkout"[0m
2025-02-23T16:37:58.7112890Z [36;1m  echo "atom_data/kurucz_cd23_chianti_H_He.h5" > .lfs-files-list[0m
2025-02-23T16:37:58.7113230Z [36;1melse[0m
2025-02-23T16:37:58.7113456Z [36;1m  echo "Using full repository checkout"[0m
2025-02-23T16:37:58.7113820Z [36;1m  git lfs ls-files -l | cut -d' ' -f1 | sort > .lfs-files-list[0m
2025-02-23T16:37:58.7114160Z [36;1mfi[0m
2025-02-23T16:37:58.7262327Z shell: /usr/bin/bash --noprofile --norc -e -o pipefail {0}
2025-02-23T16:37:58.7262677Z env:
2025-02-23T16:37:58.7262852Z   CACHE_NUMBER: 0
2025-02-23T16:37:58.7263470Z   PYTEST_FLAGS: --tardis-regression-data=/home/runner/work/tardis/tardis/tardis-regression-data --cov=tardis --cov-report=xml --cov-report=html --cov-append
2025-02-23T16:37:58.7264122Z   CODECOV_TOKEN: 
2025-02-23T16:37:58.7264307Z ##[endgroup]
2025-02-23T16:37:58.7352058Z Using full repository checkout
2025-02-23T16:37:58.8836439Z ##[group]Run actions/cache/restore@v4
2025-02-23T16:37:58.8836741Z with:
2025-02-23T16:37:58.8836963Z   path: tardis-regression-data/.git/lfs
2025-02-23T16:37:58.8837709Z   key: tardis-regression-full-data-c8ff2bbb6048b3f24d3f52a1e85b013ad47e52c369a6ce4cfdeff528b659b86f-tardis-sn/tardis-regression-data-v1
2025-02-23T16:37:58.8838438Z   fail-on-cache-miss: true
2025-02-23T16:37:58.8838713Z   enableCrossOsArchive: false
2025-02-23T16:37:58.8838984Z   lookup-only: false
2025-02-23T16:37:58.8839194Z env:
2025-02-23T16:37:58.8839378Z   CACHE_NUMBER: 0
2025-02-23T16:37:58.8840312Z   PYTEST_FLAGS: --tardis-regression-data=/home/runner/work/tardis/tardis/tardis-regression-data --cov=tardis --cov-report=xml --cov-report=html --cov-append
2025-02-23T16:37:58.8841066Z   CODECOV_TOKEN: 
2025-02-23T16:37:58.8841281Z ##[endgroup]
2025-02-23T16:37:59.1253342Z Cache hit for: tardis-regression-full-data-c8ff2bbb6048b3f24d3f52a1e85b013ad47e52c369a6ce4cfdeff528b659b86f-tardis-sn/tardis-regression-data-v1
2025-02-23T16:38:00.3146019Z Received 134217728 of 2161656325 (6.2%), 118.1 MBs/sec
2025-02-23T16:38:01.3166550Z Received 297795584 of 2161656325 (13.8%), 136.1 MBs/sec
2025-02-23T16:38:02.3165208Z Received 465567744 of 2161656325 (21.5%), 143.9 MBs/sec
2025-02-23T16:38:03.3167460Z Received 629145600 of 2161656325 (29.1%), 146.8 MBs/sec
2025-02-23T16:38:04.3172556Z Received 801112064 of 2161656325 (37.1%), 150.2 MBs/sec
2025-02-23T16:38:05.3175613Z Received 939524096 of 2161656325 (43.5%), 147.2 MBs/sec
2025-02-23T16:38:06.3194887Z Received 1073741824 of 2161656325 (49.7%), 144.5 MBs/sec
2025-02-23T16:38:07.3184636Z Received 1258291200 of 2161656325 (58.2%), 148.4 MBs/sec
2025-02-23T16:38:08.3187074Z Received 1434451968 of 2161656325 (66.4%), 150.5 MBs/sec
2025-02-23T16:38:09.3189007Z Received 1598029824 of 2161656325 (73.9%), 151.1 MBs/sec
2025-02-23T16:38:10.3531357Z Received 1744830464 of 2161656325 (80.7%), 149.6 MBs/sec
2025-02-23T16:38:11.3527315Z Received 1887436800 of 2161656325 (87.3%), 148.5 MBs/sec
2025-02-23T16:38:12.3526738Z Received 2034237440 of 2161656325 (94.1%), 147.8 MBs/sec
2025-02-23T16:38:13.1975049Z Received 2161656325 of 2161656325 (100.0%), 147.6 MBs/sec
2025-02-23T16:38:13.1977767Z Cache Size: ~2062 MB (2161656325 B)
2025-02-23T16:38:13.2101041Z [command]/usr/bin/tar -xf /home/runner/work/_temp/93e296c3-e674-4901-bf5f-a4904401a048/cache.tzst -P -C /home/runner/work/tardis/tardis --use-compress-program unzstd
2025-02-23T16:38:24.1740823Z Cache restored successfully
2025-02-23T16:38:24.5524149Z Cache restored from key: tardis-regression-full-data-c8ff2bbb6048b3f24d3f52a1e85b013ad47e52c369a6ce4cfdeff528b659b86f-tardis-sn/tardis-regression-data-v1
2025-02-23T16:38:24.5641532Z ##[group]Run git lfs checkout
2025-02-23T16:38:24.5641808Z [36;1mgit lfs checkout[0m
2025-02-23T16:38:24.5695918Z shell: /usr/bin/bash --noprofile --norc -e -o pipefail {0}
2025-02-23T16:38:24.5696254Z env:
2025-02-23T16:38:24.5696444Z   CACHE_NUMBER: 0
2025-02-23T16:38:24.5697070Z   PYTEST_FLAGS: --tardis-regression-data=/home/runner/work/tardis/tardis/tardis-regression-data --cov=tardis --cov-report=xml --cov-report=html --cov-append
2025-02-23T16:38:24.5697723Z   CODECOV_TOKEN: 
2025-02-23T16:38:24.5697924Z ##[endgroup]
2025-02-23T16:38:45.3725227Z Checking out LFS objects: 100% (204/204), 5.7 GB | 260 MB/s, done.
