2025-01-10T10:50:14.8611880Z Prepare all required actions
2025-01-10T10:50:14.8612230Z Getting action download info
2025-01-10T10:50:15.0387540Z Download action repository 'actions/cache@v4' (SHA:1bd1e32a3bdc45362d1e726936510720a7c30a57)
2025-01-10T10:50:15.1971220Z ##[group]Run ./.github/actions/setup_lfs
2025-01-10T10:50:15.1972260Z with:
2025-01-10T10:50:15.1973290Z   regression-data-repo: tardis-sn/tardis-regression-data
2025-01-10T10:50:15.1973970Z env:
2025-01-10T10:50:15.1974480Z   CACHE_NUMBER: 0
2025-01-10T10:50:15.1975430Z   PYTEST_FLAGS: --tardis-regression-data=/Users/runner/work/tardis/tardis/tardis-regression-data --cov=tardis --cov-report=xml --cov-report=html --cov-append
2025-01-10T10:50:15.1976110Z   CODECOV_TOKEN: 
2025-01-10T10:50:15.1976300Z ##[endgroup]
2025-01-10T10:50:15.2149050Z ##[group]Run actions/checkout@v4
2025-01-10T10:50:15.2149360Z with:
2025-01-10T10:50:15.2149540Z   repository: tardis-sn/tardis-regression-data
2025-01-10T10:50:15.2150200Z   path: tardis-regression-data
2025-01-10T10:50:15.2150700Z   token: ***
2025-01-10T10:50:15.2150970Z   ssh-strict: true
2025-01-10T10:50:15.2151160Z   ssh-user: git
2025-01-10T10:50:15.2151310Z   persist-credentials: true
2025-01-10T10:50:15.2151540Z   clean: true
2025-01-10T10:50:15.2151690Z   sparse-checkout-cone-mode: true
2025-01-10T10:50:15.2151870Z   fetch-depth: 1
2025-01-10T10:50:15.2152010Z   fetch-tags: false
2025-01-10T10:50:15.2152160Z   show-progress: true
2025-01-10T10:50:15.2152290Z   lfs: false
2025-01-10T10:50:15.2152420Z   submodules: false
2025-01-10T10:50:15.2152570Z   set-safe-directory: true
2025-01-10T10:50:15.2152710Z env:
2025-01-10T10:50:15.2152840Z   CACHE_NUMBER: 0
2025-01-10T10:50:15.2153320Z   PYTEST_FLAGS: --tardis-regression-data=/Users/runner/work/tardis/tardis/tardis-regression-data --cov=tardis --cov-report=xml --cov-report=html --cov-append
2025-01-10T10:50:15.2155300Z   CODECOV_TOKEN: 
2025-01-10T10:50:15.2155520Z ##[endgroup]
2025-01-10T10:50:15.5756490Z Syncing repository: tardis-sn/tardis-regression-data
2025-01-10T10:50:15.5757890Z ##[group]Getting Git version info
2025-01-10T10:50:15.5758270Z Working directory is '/Users/runner/work/tardis/tardis/tardis-regression-data'
2025-01-10T10:50:15.5758820Z [command]/opt/homebrew/bin/git version
2025-01-10T10:50:15.5759040Z git version 2.47.1
2025-01-10T10:50:15.5759650Z ##[endgroup]
2025-01-10T10:50:15.5761050Z Copying '/Users/runner/.gitconfig' to '/Users/runner/work/_temp/7cdaac87-e204-418b-aa81-d10ec1e157c8/.gitconfig'
2025-01-10T10:50:15.5761720Z Temporarily overriding HOME='/Users/runner/work/_temp/7cdaac87-e204-418b-aa81-d10ec1e157c8' before making global git config changes
2025-01-10T10:50:15.5762290Z Adding repository directory to the temporary git global config as a safe directory
2025-01-10T10:50:15.5762870Z [command]/opt/homebrew/bin/git config --global --add safe.directory /Users/runner/work/tardis/tardis/tardis-regression-data
2025-01-10T10:50:15.5763610Z ##[group]Initializing the repository
2025-01-10T10:50:15.5763960Z [command]/opt/homebrew/bin/git init /Users/runner/work/tardis/tardis/tardis-regression-data
2025-01-10T10:50:15.5764410Z hint: Using 'master' as the name for the initial branch. This default branch name
2025-01-10T10:50:15.5764800Z hint: is subject to change. To configure the initial branch name to use in all
2025-01-10T10:50:15.5765210Z hint: of your new repositories, which will suppress this warning, call:
2025-01-10T10:50:15.5765520Z hint:
2025-01-10T10:50:15.5765690Z hint: 	git config --global init.defaultBranch <name>
2025-01-10T10:50:15.5765910Z hint:
2025-01-10T10:50:15.5766140Z hint: Names commonly chosen instead of 'master' are 'main', 'trunk' and
2025-01-10T10:50:15.5766510Z hint: 'development'. The just-created branch can be renamed via this command:
2025-01-10T10:50:15.5766800Z hint:
2025-01-10T10:50:15.5766940Z hint: 	git branch -m <name>
2025-01-10T10:50:15.5767310Z Initialized empty Git repository in /Users/runner/work/tardis/tardis/tardis-regression-data/.git/
2025-01-10T10:50:15.5768090Z [command]/opt/homebrew/bin/git remote add origin https://github.com/tardis-sn/tardis-regression-data
2025-01-10T10:50:15.5769560Z ##[endgroup]
2025-01-10T10:50:15.5769850Z ##[group]Disabling automatic garbage collection
2025-01-10T10:50:15.5770410Z [command]/opt/homebrew/bin/git config --local gc.auto 0
2025-01-10T10:50:15.5770980Z ##[endgroup]
2025-01-10T10:50:15.5771220Z ##[group]Setting up auth
2025-01-10T10:50:15.5771520Z [command]/opt/homebrew/bin/git config --local --name-only --get-regexp core\.sshCommand
2025-01-10T10:50:15.5772450Z [command]/opt/homebrew/bin/git submodule foreach --recursive sh -c "git config --local --name-only --get-regexp 'core\.sshCommand' && git config --local --unset-all 'core.sshCommand' || :"
2025-01-10T10:50:15.5784010Z [command]/opt/homebrew/bin/git config --local --name-only --get-regexp http\.https\:\/\/github\.com\/\.extraheader
2025-01-10T10:50:15.5872070Z [command]/opt/homebrew/bin/git submodule foreach --recursive sh -c "git config --local --name-only --get-regexp 'http\.https\:\/\/github\.com\/\.extraheader' && git config --local --unset-all 'http.https://github.com/.extraheader' || :"
2025-01-10T10:50:15.6604310Z [command]/opt/homebrew/bin/git config --local http.https://github.com/.extraheader AUTHORIZATION: basic ***
2025-01-10T10:50:15.6731750Z ##[endgroup]
2025-01-10T10:50:15.6732190Z ##[group]Determining the default branch
2025-01-10T10:50:15.6733160Z Retrieving the default branch name
2025-01-10T10:50:16.1494930Z Default branch 'main'
2025-01-10T10:50:16.1597300Z ##[endgroup]
2025-01-10T10:50:16.1827050Z ##[group]Fetching the repository
2025-01-10T10:50:16.1934400Z [command]/opt/homebrew/bin/git -c protocol.version=2 fetch --no-tags --prune --no-recurse-submodules --depth=1 origin +refs/heads/main:refs/remotes/origin/main
2025-01-10T10:50:17.3288350Z From https://github.com/tardis-sn/tardis-regression-data
2025-01-10T10:50:17.3389310Z  * [new branch]      main       -> origin/main
2025-01-10T10:50:17.3693120Z ##[endgroup]
2025-01-10T10:50:17.3793220Z ##[group]Determining the checkout info
2025-01-10T10:50:17.3896430Z ##[endgroup]
2025-01-10T10:50:17.3996630Z [command]/opt/homebrew/bin/git sparse-checkout disable
2025-01-10T10:50:17.4306640Z [command]/opt/homebrew/bin/git config --local --unset-all extensions.worktreeConfig
2025-01-10T10:50:17.4615500Z ##[group]Checking out the ref
2025-01-10T10:50:17.4616040Z [command]/opt/homebrew/bin/git checkout --progress --force -B main refs/remotes/origin/main
2025-01-10T10:50:17.8091590Z Switched to a new branch 'main'
2025-01-10T10:50:17.8094080Z branch 'main' set up to track 'origin/main'.
2025-01-10T10:50:17.8922890Z ##[endgroup]
2025-01-10T10:50:17.8995300Z [command]/opt/homebrew/bin/git log -1 --format=%H
2025-01-10T10:50:17.9049640Z 666ab8501c2b2aea30d05b8822e7ddbfca078d23
2025-01-10T10:50:17.9156820Z ##[group]Run git lfs ls-files -l | cut -d' ' -f1 | sort > .lfs-assets-id
2025-01-10T10:50:17.9157280Z [36;1mgit lfs ls-files -l | cut -d' ' -f1 | sort > .lfs-assets-id[0m
2025-01-10T10:50:17.9232290Z shell: /bin/bash --noprofile --norc -e -o pipefail {0}
2025-01-10T10:50:17.9233010Z env:
2025-01-10T10:50:17.9233400Z   CACHE_NUMBER: 0
2025-01-10T10:50:17.9235070Z   PYTEST_FLAGS: --tardis-regression-data=/Users/runner/work/tardis/tardis/tardis-regression-data --cov=tardis --cov-report=xml --cov-report=html --cov-append
2025-01-10T10:50:17.9237230Z   CODECOV_TOKEN: 
2025-01-10T10:50:17.9237440Z ##[endgroup]
2025-01-10T10:50:18.2963170Z ##[group]Run actions/cache/restore@v4
2025-01-10T10:50:18.2963530Z with:
2025-01-10T10:50:18.2963670Z   path: tardis-regression-data/.git/lfs
2025-01-10T10:50:18.2964010Z   key: macOS-lfs-21f9fa4b6817cc69b9fae3598144724da7828e276a73bd17f47a2a49d9af090a-v1
2025-01-10T10:50:18.2964350Z   enableCrossOsArchive: false
2025-01-10T10:50:18.2964530Z   fail-on-cache-miss: false
2025-01-10T10:50:18.2964700Z   lookup-only: false
2025-01-10T10:50:18.2964840Z env:
2025-01-10T10:50:18.2964980Z   CACHE_NUMBER: 0
2025-01-10T10:50:18.2965450Z   PYTEST_FLAGS: --tardis-regression-data=/Users/runner/work/tardis/tardis/tardis-regression-data --cov=tardis --cov-report=xml --cov-report=html --cov-append
2025-01-10T10:50:18.2966320Z   CODECOV_TOKEN: 
2025-01-10T10:50:18.2966450Z ##[endgroup]
2025-01-10T10:50:19.9978040Z Received 12582912 of 1706796060 (0.7%), 11.2 MBs/sec
2025-01-10T10:50:20.9949560Z Received 88080384 of 1706796060 (5.2%), 40.2 MBs/sec
2025-01-10T10:50:21.9947560Z Received 150994944 of 1706796060 (8.8%), 46.6 MBs/sec
2025-01-10T10:50:22.9947040Z Received 209715200 of 1706796060 (12.3%), 48.9 MBs/sec
2025-01-10T10:50:23.9943900Z Received 276824064 of 1706796060 (16.2%), 51.9 MBs/sec
2025-01-10T10:50:24.9983190Z Received 352321536 of 1706796060 (20.6%), 55.1 MBs/sec
2025-01-10T10:50:25.9990350Z Received 423624704 of 1706796060 (24.8%), 56.9 MBs/sec
2025-01-10T10:50:26.9991760Z Received 478150656 of 1706796060 (28.0%), 56.3 MBs/sec
2025-01-10T10:50:28.0004800Z Received 541065216 of 1706796060 (31.7%), 56.7 MBs/sec
2025-01-10T10:50:29.0102280Z Received 603979776 of 1706796060 (35.4%), 57.0 MBs/sec
2025-01-10T10:50:30.0083450Z Received 666894336 of 1706796060 (39.1%), 57.3 MBs/sec
2025-01-10T10:50:31.0120850Z Received 729808896 of 1706796060 (42.8%), 57.5 MBs/sec
2025-01-10T10:50:32.0117220Z Received 796917760 of 1706796060 (46.7%), 58.0 MBs/sec
2025-01-10T10:50:33.0117540Z Received 855638016 of 1706796060 (50.1%), 57.8 MBs/sec
2025-01-10T10:50:34.0115140Z Received 914358272 of 1706796060 (53.6%), 57.7 MBs/sec
2025-01-10T10:50:35.0116840Z Received 989855744 of 1706796060 (58.0%), 58.6 MBs/sec
2025-01-10T10:50:36.0112660Z Received 1056964608 of 1706796060 (61.9%), 58.9 MBs/sec
2025-01-10T10:50:37.0127050Z Received 1119879168 of 1706796060 (65.6%), 59.0 MBs/sec
2025-01-10T10:50:38.0248280Z Received 1182793728 of 1706796060 (69.3%), 59.0 MBs/sec
2025-01-10T10:50:39.0220890Z Received 1233125376 of 1706796060 (72.2%), 58.5 MBs/sec
2025-01-10T10:50:40.0251140Z Received 1304428544 of 1706796060 (76.4%), 58.9 MBs/sec
2025-01-10T10:50:41.0318790Z Received 1371537408 of 1706796060 (80.4%), 59.1 MBs/sec
2025-01-10T10:50:42.0293580Z Received 1447034880 of 1706796060 (84.8%), 59.7 MBs/sec
2025-01-10T10:50:43.0308520Z Received 1497366528 of 1706796060 (87.7%), 59.2 MBs/sec
2025-01-10T10:50:44.0328410Z Received 1551892480 of 1706796060 (90.9%), 58.9 MBs/sec
2025-01-10T10:50:45.0359990Z Received 1614807040 of 1706796060 (94.6%), 58.9 MBs/sec
2025-01-10T10:50:46.0349020Z Received 1694498816 of 1706796060 (99.3%), 59.6 MBs/sec
2025-01-10T10:50:47.0287390Z Cache Size: ~1628 MB (1706796060 B)
2025-01-10T10:50:47.0382590Z Received 1706796060 of 1706796060 (100.0%), 57.9 MBs/sec
2025-01-10T10:50:47.0388790Z [command]/opt/homebrew/bin/gtar -xf /Users/runner/work/_temp/0f320372-ba29-4291-a0b9-878fd4cbf0a5/cache.tzst -P -C /Users/runner/work/tardis/tardis --delay-directory-restore --use-compress-program unzstd
2025-01-10T10:50:58.0494500Z Cache restored successfully
2025-01-10T10:50:58.1477340Z Cache restored from key: macOS-lfs-21f9fa4b6817cc69b9fae3598144724da7828e276a73bd17f47a2a49d9af090a-v1
2025-01-10T10:50:58.1812350Z ##[group]Run git lfs checkout
2025-01-10T10:50:58.1812610Z [36;1mgit lfs checkout[0m
2025-01-10T10:50:58.1917030Z shell: /bin/bash --noprofile --norc -e -o pipefail {0}
2025-01-10T10:50:58.1917520Z env:
2025-01-10T10:50:58.1917660Z   CACHE_NUMBER: 0
2025-01-10T10:50:58.1918370Z   PYTEST_FLAGS: --tardis-regression-data=/Users/runner/work/tardis/tardis/tardis-regression-data --cov=tardis --cov-report=xml --cov-report=html --cov-append
2025-01-10T10:50:58.1918970Z   CODECOV_TOKEN: 
2025-01-10T10:50:58.1919280Z ##[endgroup]
2025-01-10T10:51:07.8055470Z Checking out LFS objects: 100% (204/204), 3.5 GB | 303 MB/s, done.
