2025-01-14T21:55:08.1170710Z Prepare all required actions
2025-01-14T21:55:08.1171580Z Getting action download info
2025-01-14T21:55:08.2538670Z Download action repository 'actions/cache@v4' (SHA:1bd1e32a3bdc45362d1e726936510720a7c30a57)
2025-01-14T21:55:08.3574810Z ##[group]Run ./.github/actions/setup_lfs
2025-01-14T21:55:08.3575550Z with:
2025-01-14T21:55:08.3576270Z   regression-data-repo: tardis-sn/tardis-regression-data
2025-01-14T21:55:08.3577010Z env:
2025-01-14T21:55:08.3577470Z   CACHE_NUMBER: 0
2025-01-14T21:55:08.3578870Z   PYTEST_FLAGS: --tardis-regression-data=/Users/runner/work/tardis/tardis/tardis-regression-data --cov=tardis --cov-report=xml --cov-report=html --cov-append
2025-01-14T21:55:08.3580700Z   CODECOV_TOKEN: ***
2025-01-14T21:55:08.3581210Z ##[endgroup]
2025-01-14T21:55:08.3893430Z ##[group]Run actions/checkout@v4
2025-01-14T21:55:08.3894050Z with:
2025-01-14T21:55:08.3894570Z   repository: tardis-sn/tardis-regression-data
2025-01-14T21:55:08.3895270Z   path: tardis-regression-data
2025-01-14T21:55:08.3896130Z   token: ***
2025-01-14T21:55:08.3896660Z   ssh-strict: true
2025-01-14T21:55:08.3897140Z   ssh-user: git
2025-01-14T21:55:08.3897640Z   persist-credentials: true
2025-01-14T21:55:08.3898240Z   clean: true
2025-01-14T21:55:08.3898740Z   sparse-checkout-cone-mode: true
2025-01-14T21:55:08.3899330Z   fetch-depth: 1
2025-01-14T21:55:08.3899810Z   fetch-tags: false
2025-01-14T21:55:08.3900320Z   show-progress: true
2025-01-14T21:55:08.3900820Z   lfs: false
2025-01-14T21:55:08.3901700Z   submodules: false
2025-01-14T21:55:08.3902480Z   set-safe-directory: true
2025-01-14T21:55:08.3903030Z env:
2025-01-14T21:55:08.3903460Z   CACHE_NUMBER: 0
2025-01-14T21:55:08.3904890Z   PYTEST_FLAGS: --tardis-regression-data=/Users/runner/work/tardis/tardis/tardis-regression-data --cov=tardis --cov-report=xml --cov-report=html --cov-append
2025-01-14T21:55:08.3906850Z   CODECOV_TOKEN: ***
2025-01-14T21:55:08.3907370Z ##[endgroup]
2025-01-14T21:55:08.4907070Z Syncing repository: tardis-sn/tardis-regression-data
2025-01-14T21:55:08.4910020Z ##[group]Getting Git version info
2025-01-14T21:55:08.4911020Z Working directory is '/Users/runner/work/tardis/tardis/tardis-regression-data'
2025-01-14T21:55:08.4938060Z [command]/opt/homebrew/bin/git version
2025-01-14T21:55:08.4982270Z git version 2.47.1
2025-01-14T21:55:08.4996780Z ##[endgroup]
2025-01-14T21:55:08.5001920Z Copying '/Users/runner/.gitconfig' to '/Users/runner/work/_temp/95797bd9-f687-4e91-bd68-66491974845d/.gitconfig'
2025-01-14T21:55:08.5008370Z Temporarily overriding HOME='/Users/runner/work/_temp/95797bd9-f687-4e91-bd68-66491974845d' before making global git config changes
2025-01-14T21:55:08.5010050Z Adding repository directory to the temporary git global config as a safe directory
2025-01-14T21:55:08.5012450Z [command]/opt/homebrew/bin/git config --global --add safe.directory /Users/runner/work/tardis/tardis/tardis-regression-data
2025-01-14T21:55:08.5055670Z ##[group]Initializing the repository
2025-01-14T21:55:08.5059290Z [command]/opt/homebrew/bin/git init /Users/runner/work/tardis/tardis/tardis-regression-data
2025-01-14T21:55:08.5127690Z hint: Using 'master' as the name for the initial branch. This default branch name
2025-01-14T21:55:08.5129340Z hint: is subject to change. To configure the initial branch name to use in all
2025-01-14T21:55:08.5130650Z hint: of your new repositories, which will suppress this warning, call:
2025-01-14T21:55:08.5131480Z hint:
2025-01-14T21:55:08.5132040Z hint: 	git config --global init.defaultBranch <name>
2025-01-14T21:55:08.5132760Z hint:
2025-01-14T21:55:08.5133440Z hint: Names commonly chosen instead of 'master' are 'main', 'trunk' and
2025-01-14T21:55:08.5134530Z hint: 'development'. The just-created branch can be renamed via this command:
2025-01-14T21:55:08.5135390Z hint:
2025-01-14T21:55:08.5135870Z hint: 	git branch -m <name>
2025-01-14T21:55:08.5136900Z Initialized empty Git repository in /Users/runner/work/tardis/tardis/tardis-regression-data/.git/
2025-01-14T21:55:08.5139340Z [command]/opt/homebrew/bin/git remote add origin https://github.com/tardis-sn/tardis-regression-data
2025-01-14T21:55:08.5181870Z ##[endgroup]
2025-01-14T21:55:08.5182800Z ##[group]Disabling automatic garbage collection
2025-01-14T21:55:08.5184040Z [command]/opt/homebrew/bin/git config --local gc.auto 0
2025-01-14T21:55:08.5227520Z ##[endgroup]
2025-01-14T21:55:08.5228420Z ##[group]Setting up auth
2025-01-14T21:55:08.5229380Z [command]/opt/homebrew/bin/git config --local --name-only --get-regexp core\.sshCommand
2025-01-14T21:55:08.5265170Z [command]/opt/homebrew/bin/git submodule foreach --recursive sh -c "git config --local --name-only --get-regexp 'core\.sshCommand' && git config --local --unset-all 'core.sshCommand' || :"
2025-01-14T21:55:08.5733430Z [command]/opt/homebrew/bin/git config --local --name-only --get-regexp http\.https\:\/\/github\.com\/\.extraheader
2025-01-14T21:55:08.5774690Z [command]/opt/homebrew/bin/git submodule foreach --recursive sh -c "git config --local --name-only --get-regexp 'http\.https\:\/\/github\.com\/\.extraheader' && git config --local --unset-all 'http.https://github.com/.extraheader' || :"
2025-01-14T21:55:08.6283560Z [command]/opt/homebrew/bin/git config --local http.https://github.com/.extraheader AUTHORIZATION: basic ***
2025-01-14T21:55:08.6359250Z ##[endgroup]
2025-01-14T21:55:08.6360700Z ##[group]Determining the default branch
2025-01-14T21:55:08.6383850Z Retrieving the default branch name
2025-01-14T21:55:09.1235540Z Default branch 'main'
2025-01-14T21:55:09.1236310Z ##[endgroup]
2025-01-14T21:55:09.1236680Z ##[group]Fetching the repository
2025-01-14T21:55:09.1240570Z [command]/opt/homebrew/bin/git -c protocol.version=2 fetch --no-tags --prune --no-recurse-submodules --depth=1 origin +refs/heads/main:refs/remotes/origin/main
2025-01-14T21:55:10.0691270Z From https://github.com/tardis-sn/tardis-regression-data
2025-01-14T21:55:10.0711560Z  * [new branch]      main       -> origin/main
2025-01-14T21:55:10.1099040Z ##[endgroup]
2025-01-14T21:55:10.1405630Z ##[group]Determining the checkout info
2025-01-14T21:55:10.1406240Z ##[endgroup]
2025-01-14T21:55:10.1605170Z [command]/opt/homebrew/bin/git sparse-checkout disable
2025-01-14T21:55:10.1907710Z [command]/opt/homebrew/bin/git config --local --unset-all extensions.worktreeConfig
2025-01-14T21:55:10.2210620Z ##[group]Checking out the ref
2025-01-14T21:55:10.2311670Z [command]/opt/homebrew/bin/git checkout --progress --force -B main refs/remotes/origin/main
2025-01-14T21:55:10.4338790Z Switched to a new branch 'main'
2025-01-14T21:55:10.4439920Z branch 'main' set up to track 'origin/main'.
2025-01-14T21:55:10.5651910Z ##[endgroup]
2025-01-14T21:55:10.5953850Z [command]/opt/homebrew/bin/git log -1 --format=%H
2025-01-14T21:55:10.6054490Z fa7729bc9c30e14b69acd641af8b692b56fcd416
2025-01-14T21:55:10.6523430Z ##[group]Run git lfs ls-files -l | cut -d' ' -f1 | sort > .lfs-assets-id
2025-01-14T21:55:10.6523870Z [36;1mgit lfs ls-files -l | cut -d' ' -f1 | sort > .lfs-assets-id[0m
2025-01-14T21:55:10.6598450Z shell: /bin/bash --noprofile --norc -e -o pipefail {0}
2025-01-14T21:55:10.6610260Z env:
2025-01-14T21:55:10.6610430Z   CACHE_NUMBER: 0
2025-01-14T21:55:10.6610930Z   PYTEST_FLAGS: --tardis-regression-data=/Users/runner/work/tardis/tardis/tardis-regression-data --cov=tardis --cov-report=xml --cov-report=html --cov-append
2025-01-14T21:55:10.6611600Z   CODECOV_TOKEN: ***
2025-01-14T21:55:10.6611740Z ##[endgroup]
2025-01-14T21:55:10.9091750Z ##[group]Run actions/cache/restore@v4
2025-01-14T21:55:10.9092040Z with:
2025-01-14T21:55:10.9092190Z   path: tardis-regression-data/.git/lfs
2025-01-14T21:55:10.9092550Z   key: macOS-lfs-21f9fa4b6817cc69b9fae3598144724da7828e276a73bd17f47a2a49d9af090a-v1
2025-01-14T21:55:10.9092880Z   enableCrossOsArchive: false
2025-01-14T21:55:10.9093120Z   fail-on-cache-miss: false
2025-01-14T21:55:10.9093320Z   lookup-only: false
2025-01-14T21:55:10.9093510Z env:
2025-01-14T21:55:10.9093630Z   CACHE_NUMBER: 0
2025-01-14T21:55:10.9094120Z   PYTEST_FLAGS: --tardis-regression-data=/Users/runner/work/tardis/tardis/tardis-regression-data --cov=tardis --cov-report=xml --cov-report=html --cov-append
2025-01-14T21:55:10.9095490Z   CODECOV_TOKEN: ***
2025-01-14T21:55:10.9095660Z ##[endgroup]
2025-01-14T21:55:12.4682630Z Received 41943040 of 1706796060 (2.5%), 39.5 MBs/sec
2025-01-14T21:55:13.4312840Z Received 96468992 of 1706796060 (5.7%), 45.7 MBs/sec
2025-01-14T21:55:14.4319400Z Received 176160768 of 1706796060 (10.3%), 55.7 MBs/sec
2025-01-14T21:55:15.4324460Z Received 247463936 of 1706796060 (14.5%), 58.8 MBs/sec
2025-01-14T21:55:16.4321260Z Received 310378496 of 1706796060 (18.2%), 59.0 MBs/sec
2025-01-14T21:55:17.4425890Z Received 394264576 of 1706796060 (23.1%), 62.4 MBs/sec
2025-01-14T21:55:18.4411720Z Received 478150656 of 1706796060 (28.0%), 64.9 MBs/sec
2025-01-14T21:55:19.4451250Z Received 549453824 of 1706796060 (32.2%), 65.3 MBs/sec
2025-01-14T21:55:20.4465280Z Received 629145600 of 1706796060 (36.9%), 66.5 MBs/sec
2025-01-14T21:55:21.4490720Z Received 704643072 of 1706796060 (41.3%), 67.0 MBs/sec
2025-01-14T21:55:22.4513400Z Received 771751936 of 1706796060 (45.2%), 66.7 MBs/sec
2025-01-14T21:55:23.4491470Z Received 855638016 of 1706796060 (50.1%), 67.8 MBs/sec
2025-01-14T21:55:24.4491100Z Received 943718400 of 1706796060 (55.3%), 69.1 MBs/sec
2025-01-14T21:55:25.4490940Z Received 1035993088 of 1706796060 (60.7%), 70.4 MBs/sec
2025-01-14T21:55:26.4572820Z Received 1119879168 of 1706796060 (65.6%), 71.0 MBs/sec
2025-01-14T21:55:27.4501910Z Received 1199570944 of 1706796060 (70.3%), 71.3 MBs/sec
2025-01-14T21:55:28.4502720Z Received 1283457024 of 1706796060 (75.2%), 71.9 MBs/sec
2025-01-14T21:55:29.4526370Z Received 1342177280 of 1706796060 (78.6%), 71.0 MBs/sec
2025-01-14T21:55:30.4550960Z Received 1438646272 of 1706796060 (84.3%), 72.1 MBs/sec
2025-01-14T21:55:31.4549480Z Received 1539309568 of 1706796060 (90.2%), 73.3 MBs/sec
2025-01-14T21:55:32.4559360Z Received 1631584256 of 1706796060 (95.6%), 74.0 MBs/sec
2025-01-14T21:55:33.4600430Z Received 1706796060 of 1706796060 (100.0%), 73.8 MBs/sec
2025-01-14T21:55:34.3800620Z Cache Size: ~1628 MB (1706796060 B)
2025-01-14T21:55:34.3928950Z [command]/opt/homebrew/bin/gtar -xf /Users/runner/work/_temp/cf218109-7202-4501-9453-ed1f45005dc8/cache.tzst -P -C /Users/runner/work/tardis/tardis --delay-directory-restore --use-compress-program unzstd
2025-01-14T21:55:41.1428130Z Cache restored successfully
2025-01-14T21:55:41.2440300Z Cache restored from key: macOS-lfs-21f9fa4b6817cc69b9fae3598144724da7828e276a73bd17f47a2a49d9af090a-v1
2025-01-14T21:55:41.2628720Z ##[group]Run git lfs checkout
2025-01-14T21:55:41.2629010Z [36;1mgit lfs checkout[0m
2025-01-14T21:55:41.2705030Z shell: /bin/bash --noprofile --norc -e -o pipefail {0}
2025-01-14T21:55:41.2705350Z env:
2025-01-14T21:55:41.2705500Z   CACHE_NUMBER: 0
2025-01-14T21:55:41.2705990Z   PYTEST_FLAGS: --tardis-regression-data=/Users/runner/work/tardis/tardis/tardis-regression-data --cov=tardis --cov-report=xml --cov-report=html --cov-append
2025-01-14T21:55:41.2706840Z   CODECOV_TOKEN: ***
2025-01-14T21:55:41.2707040Z ##[endgroup]
2025-01-14T21:55:50.5538080Z Checking out LFS objects: 100% (204/204), 3.5 GB | 302 MB/s, done.
