2025-02-23T16:22:11.0155377Z Requested labels: ubuntu-latest
2025-02-23T16:22:11.0155627Z Job defined at: tardis-sn/tardis/.github/workflows/tests.yml@refs/pull/2973/merge
2025-02-23T16:22:11.0155720Z Waiting for a runner to pick up this job...
2025-02-23T16:22:11.2642300Z Job is waiting for a hosted runner to come online.
2025-02-23T16:22:14.9481156Z Job is about to start running on the hosted runner: GitHub Actions 11 (hosted)
2025-02-23T16:22:17.1561853Z Current runner version: '2.322.0'
2025-02-23T16:22:17.1587218Z ##[group]Operating System
2025-02-23T16:22:17.1587958Z Ubuntu
2025-02-23T16:22:17.1588538Z 24.04.1
2025-02-23T16:22:17.1589044Z LTS
2025-02-23T16:22:17.1589497Z ##[endgroup]
2025-02-23T16:22:17.1590086Z ##[group]Runner Image
2025-02-23T16:22:17.1590604Z Image: ubuntu-24.04
2025-02-23T16:22:17.1591124Z Version: 20250209.1.0
2025-02-23T16:22:17.1592210Z Included Software: https://github.com/actions/runner-images/blob/ubuntu24/20250209.1/images/ubuntu/Ubuntu2404-Readme.md
2025-02-23T16:22:17.1593910Z Image Release: https://github.com/actions/runner-images/releases/tag/ubuntu24%2F20250209.1
2025-02-23T16:22:17.1594865Z ##[endgroup]
2025-02-23T16:22:17.1595424Z ##[group]Runner Image Provisioner
2025-02-23T16:22:17.1595974Z 2.0.422.1
2025-02-23T16:22:17.1596491Z ##[endgroup]
2025-02-23T16:22:17.1598581Z ##[group]GITHUB_TOKEN Permissions
2025-02-23T16:22:17.1600624Z Actions: read
2025-02-23T16:22:17.1601361Z Attestations: read
2025-02-23T16:22:17.1602015Z Checks: read
2025-02-23T16:22:17.1602894Z Contents: read
2025-02-23T16:22:17.1603416Z Deployments: read
2025-02-23T16:22:17.1603964Z Discussions: read
2025-02-23T16:22:17.1604471Z Issues: read
2025-02-23T16:22:17.1604952Z Metadata: read
2025-02-23T16:22:17.1605503Z Packages: read
2025-02-23T16:22:17.1606036Z Pages: read
2025-02-23T16:22:17.1606479Z PullRequests: read
2025-02-23T16:22:17.1607078Z RepositoryProjects: read
2025-02-23T16:22:17.1607649Z SecurityEvents: read
2025-02-23T16:22:17.1608197Z Statuses: read
2025-02-23T16:22:17.1608709Z ##[endgroup]
2025-02-23T16:22:17.1611524Z Secret source: None
2025-02-23T16:22:17.1612270Z Prepare workflow directory
2025-02-23T16:22:17.2226828Z Prepare all required actions
2025-02-23T16:22:17.2263490Z Getting action download info
2025-02-23T16:22:17.4347871Z ##[group]Download immutable action package 'actions/checkout@v4'
2025-02-23T16:22:17.4349083Z Version: 4.2.2
2025-02-23T16:22:17.4350022Z Digest: sha256:ccb2698953eaebd21c7bf6268a94f9c26518a7e38e27e0b83c1fe1ad049819b1
2025-02-23T16:22:17.4351064Z Source commit SHA: 11bd71901bbe5b1630ceea73d27597364c9af683
2025-02-23T16:22:17.4351667Z ##[endgroup]
2025-02-23T16:22:17.5221815Z ##[group]Download immutable action package 'actions/upload-artifact@v4'
2025-02-23T16:22:17.5222775Z Version: 4.6.1
2025-02-23T16:22:17.5223417Z Digest: sha256:3f6a28e7a1e0b5c8e2249e28da121a049fa5b91863b04390a46a82e4f8e2da98
2025-02-23T16:22:17.5224271Z Source commit SHA: 4cec3d8aa04e39d1a68397de0c4cd6fb9dce8ec1
2025-02-23T16:22:17.5224863Z ##[endgroup]
2025-02-23T16:22:17.8991797Z Complete job name:  continuum ubuntu-latest 
2025-02-23T16:22:17.9637254Z ##[group]Run actions/checkout@v4
2025-02-23T16:22:17.9638080Z with:
2025-02-23T16:22:17.9638498Z   repository: tardis-sn/tardis
2025-02-23T16:22:17.9639119Z   token: ***
2025-02-23T16:22:17.9639504Z   ssh-strict: true
2025-02-23T16:22:17.9639907Z   ssh-user: git
2025-02-23T16:22:17.9640312Z   persist-credentials: true
2025-02-23T16:22:17.9640768Z   clean: true
2025-02-23T16:22:17.9641170Z   sparse-checkout-cone-mode: true
2025-02-23T16:22:17.9641662Z   fetch-depth: 1
2025-02-23T16:22:17.9642050Z   fetch-tags: false
2025-02-23T16:22:17.9642615Z   show-progress: true
2025-02-23T16:22:17.9643037Z   lfs: false
2025-02-23T16:22:17.9643412Z   submodules: false
2025-02-23T16:22:17.9643811Z   set-safe-directory: true
2025-02-23T16:22:17.9644478Z env:
2025-02-23T16:22:17.9644845Z   CACHE_NUMBER: 0
2025-02-23T16:22:17.9645982Z   PYTEST_FLAGS: --tardis-regression-data=/home/runner/work/tardis/tardis/tardis-regression-data --cov=tardis --cov-report=xml --cov-report=html --cov-append
2025-02-23T16:22:17.9647189Z   CODECOV_TOKEN: 
2025-02-23T16:22:17.9647580Z ##[endgroup]
2025-02-23T16:22:18.2175852Z Syncing repository: tardis-sn/tardis
2025-02-23T16:22:18.2178772Z ##[group]Getting Git version info
2025-02-23T16:22:18.2179900Z Working directory is '/home/runner/work/tardis/tardis'
2025-02-23T16:22:18.2181654Z [command]/usr/bin/git version
2025-02-23T16:22:18.2265778Z git version 2.48.1
2025-02-23T16:22:18.2311087Z ##[endgroup]
2025-02-23T16:22:18.2330778Z Temporarily overriding HOME='/home/runner/work/_temp/9ae812f9-2fdc-45a2-94da-8a04cd3fe3b1' before making global git config changes
2025-02-23T16:22:18.2332718Z Adding repository directory to the temporary git global config as a safe directory
2025-02-23T16:22:18.2338966Z [command]/usr/bin/git config --global --add safe.directory /home/runner/work/tardis/tardis
2025-02-23T16:22:18.2383674Z Deleting the contents of '/home/runner/work/tardis/tardis'
2025-02-23T16:22:18.2387766Z ##[group]Initializing the repository
2025-02-23T16:22:18.2394114Z [command]/usr/bin/git init /home/runner/work/tardis/tardis
2025-02-23T16:22:18.2516997Z hint: Using 'master' as the name for the initial branch. This default branch name
2025-02-23T16:22:18.2518047Z hint: is subject to change. To configure the initial branch name to use in all
2025-02-23T16:22:18.2519278Z hint: of your new repositories, which will suppress this warning, call:
2025-02-23T16:22:18.2520092Z hint:
2025-02-23T16:22:18.2520613Z hint: 	git config --global init.defaultBranch <name>
2025-02-23T16:22:18.2521215Z hint:
2025-02-23T16:22:18.2521773Z hint: Names commonly chosen instead of 'master' are 'main', 'trunk' and
2025-02-23T16:22:18.2523178Z hint: 'development'. The just-created branch can be renamed via this command:
2025-02-23T16:22:18.2524451Z hint:
2025-02-23T16:22:18.2525123Z hint: 	git branch -m <name>
2025-02-23T16:22:18.2527718Z Initialized empty Git repository in /home/runner/work/tardis/tardis/.git/
2025-02-23T16:22:18.2542997Z [command]/usr/bin/git remote add origin https://github.com/tardis-sn/tardis
2025-02-23T16:22:18.2581838Z ##[endgroup]
2025-02-23T16:22:18.2583049Z ##[group]Disabling automatic garbage collection
2025-02-23T16:22:18.2588335Z [command]/usr/bin/git config --local gc.auto 0
2025-02-23T16:22:18.2621772Z ##[endgroup]
2025-02-23T16:22:18.2622873Z ##[group]Setting up auth
2025-02-23T16:22:18.2631489Z [command]/usr/bin/git config --local --name-only --get-regexp core\.sshCommand
2025-02-23T16:22:18.2667217Z [command]/usr/bin/git submodule foreach --recursive sh -c "git config --local --name-only --get-regexp 'core\.sshCommand' && git config --local --unset-all 'core.sshCommand' || :"
2025-02-23T16:22:18.3021070Z [command]/usr/bin/git config --local --name-only --get-regexp http\.https\:\/\/github\.com\/\.extraheader
2025-02-23T16:22:18.3053537Z [command]/usr/bin/git submodule foreach --recursive sh -c "git config --local --name-only --get-regexp 'http\.https\:\/\/github\.com\/\.extraheader' && git config --local --unset-all 'http.https://github.com/.extraheader' || :"
2025-02-23T16:22:18.3290688Z [command]/usr/bin/git config --local http.https://github.com/.extraheader AUTHORIZATION: basic ***
2025-02-23T16:22:18.3326965Z ##[endgroup]
2025-02-23T16:22:18.3327676Z ##[group]Fetching the repository
2025-02-23T16:22:18.3337894Z [command]/usr/bin/git -c protocol.version=2 fetch --no-tags --prune --no-recurse-submodules --depth=1 origin +31783c64856d369fecac7d4c3beb4d8f675f19c1:refs/remotes/pull/2973/merge
2025-02-23T16:22:19.7650756Z From https://github.com/tardis-sn/tardis
2025-02-23T16:22:19.7654887Z  * [new ref]         31783c64856d369fecac7d4c3beb4d8f675f19c1 -> pull/2973/merge
2025-02-23T16:22:19.7679392Z ##[endgroup]
2025-02-23T16:22:19.7681409Z ##[group]Determining the checkout info
2025-02-23T16:22:19.7683860Z ##[endgroup]
2025-02-23T16:22:19.7687685Z [command]/usr/bin/git sparse-checkout disable
2025-02-23T16:22:19.7730642Z [command]/usr/bin/git config --local --unset-all extensions.worktreeConfig
2025-02-23T16:22:19.7759143Z ##[group]Checking out the ref
2025-02-23T16:22:19.7763159Z [command]/usr/bin/git checkout --progress --force refs/remotes/pull/2973/merge
2025-02-23T16:22:19.9757036Z Note: switching to 'refs/remotes/pull/2973/merge'.
2025-02-23T16:22:19.9758303Z 
2025-02-23T16:22:19.9759169Z You are in 'detached HEAD' state. You can look around, make experimental
2025-02-23T16:22:19.9761407Z changes and commit them, and you can discard any commits you make in this
2025-02-23T16:22:19.9763885Z state without impacting any branches by switching back to a branch.
2025-02-23T16:22:19.9765633Z 
2025-02-23T16:22:19.9766515Z If you want to create a new branch to retain commits you create, you may
2025-02-23T16:22:19.9768584Z do so (now or later) by using -c with the switch command. Example:
2025-02-23T16:22:19.9769748Z 
2025-02-23T16:22:19.9770281Z   git switch -c <new-branch-name>
2025-02-23T16:22:19.9771142Z 
2025-02-23T16:22:19.9771657Z Or undo this operation with:
2025-02-23T16:22:19.9772693Z 
2025-02-23T16:22:19.9773158Z   git switch -
2025-02-23T16:22:19.9773827Z 
2025-02-23T16:22:19.9774958Z Turn off this advice by setting config variable advice.detachedHead to false
2025-02-23T16:22:19.9776621Z 
2025-02-23T16:22:19.9778401Z HEAD is now at 31783c6 Merge 63fb37e35dbe990b0b6365eb04b16a25620344c1 into 6e790c66049717c1a7df370212bf7063c85b7fdd
2025-02-23T16:22:19.9784321Z ##[endgroup]
2025-02-23T16:22:19.9819247Z [command]/usr/bin/git log -1 --format=%H
2025-02-23T16:22:19.9844042Z 31783c64856d369fecac7d4c3beb4d8f675f19c1
2025-02-23T16:22:20.0129397Z Prepare all required actions
2025-02-23T16:22:20.0129948Z Getting action download info
2025-02-23T16:22:20.1874689Z ##[group]Download immutable action package 'actions/cache@v4'
2025-02-23T16:22:20.1875285Z Version: 4.2.1
2025-02-23T16:22:20.1875830Z Digest: sha256:b0404c9628d43aa6855629075b28f32cadf8efc5c26198438149f78500112940
2025-02-23T16:22:20.1876550Z Source commit SHA: 0c907a75c2c80ebcb7f088228285e798b750cf8f
2025-02-23T16:22:20.1877057Z ##[endgroup]
2025-02-23T16:22:20.5083586Z ##[group]Run ./.github/actions/setup_lfs
2025-02-23T16:22:20.5083924Z with:
2025-02-23T16:22:20.5084228Z   regression-data-repo: tardis-sn/tardis-regression-data
2025-02-23T16:22:20.5084593Z   atom-data-sparse: false
2025-02-23T16:22:20.5084846Z env:
2025-02-23T16:22:20.5085047Z   CACHE_NUMBER: 0
2025-02-23T16:22:20.5085695Z   PYTEST_FLAGS: --tardis-regression-data=/home/runner/work/tardis/tardis/tardis-regression-data --cov=tardis --cov-report=xml --cov-report=html --cov-append
2025-02-23T16:22:20.5086451Z   CODECOV_TOKEN: 
2025-02-23T16:22:20.5086685Z ##[endgroup]
2025-02-23T16:22:20.5225268Z ##[group]Run actions/checkout@v4
2025-02-23T16:22:20.5225571Z with:
2025-02-23T16:22:20.5225830Z   repository: tardis-sn/tardis-regression-data
2025-02-23T16:22:20.5226165Z   path: tardis-regression-data
2025-02-23T16:22:20.5226427Z   lfs: false
2025-02-23T16:22:20.5226787Z   token: ***
2025-02-23T16:22:20.5227016Z   ssh-strict: true
2025-02-23T16:22:20.5227247Z   ssh-user: git
2025-02-23T16:22:20.5227484Z   persist-credentials: true
2025-02-23T16:22:20.5227743Z   clean: true
2025-02-23T16:22:20.5227989Z   sparse-checkout-cone-mode: true
2025-02-23T16:22:20.5228278Z   fetch-depth: 1
2025-02-23T16:22:20.5228508Z   fetch-tags: false
2025-02-23T16:22:20.5228745Z   show-progress: true
2025-02-23T16:22:20.5228978Z   submodules: false
2025-02-23T16:22:20.5229215Z   set-safe-directory: true
2025-02-23T16:22:20.5229464Z env:
2025-02-23T16:22:20.5229669Z   CACHE_NUMBER: 0
2025-02-23T16:22:20.5230330Z   PYTEST_FLAGS: --tardis-regression-data=/home/runner/work/tardis/tardis/tardis-regression-data --cov=tardis --cov-report=xml --cov-report=html --cov-append
2025-02-23T16:22:20.5231009Z   CODECOV_TOKEN: 
2025-02-23T16:22:20.5231231Z ##[endgroup]
2025-02-23T16:22:20.6150742Z Syncing repository: tardis-sn/tardis-regression-data
2025-02-23T16:22:20.6157050Z ##[group]Getting Git version info
2025-02-23T16:22:20.6157831Z Working directory is '/home/runner/work/tardis/tardis/tardis-regression-data'
2025-02-23T16:22:20.6200209Z [command]/usr/bin/git version
2025-02-23T16:22:20.6242626Z git version 2.48.1
2025-02-23T16:22:20.6267814Z ##[endgroup]
2025-02-23T16:22:20.6279812Z Temporarily overriding HOME='/home/runner/work/_temp/00879100-a354-4e8a-8e4d-ad389f9b8c61' before making global git config changes
2025-02-23T16:22:20.6281099Z Adding repository directory to the temporary git global config as a safe directory
2025-02-23T16:22:20.6285193Z [command]/usr/bin/git config --global --add safe.directory /home/runner/work/tardis/tardis/tardis-regression-data
2025-02-23T16:22:20.6315350Z ##[group]Initializing the repository
2025-02-23T16:22:20.6320196Z [command]/usr/bin/git init /home/runner/work/tardis/tardis/tardis-regression-data
2025-02-23T16:22:20.6358569Z hint: Using 'master' as the name for the initial branch. This default branch name
2025-02-23T16:22:20.6359552Z hint: is subject to change. To configure the initial branch name to use in all
2025-02-23T16:22:20.6360413Z hint: of your new repositories, which will suppress this warning, call:
2025-02-23T16:22:20.6360968Z hint:
2025-02-23T16:22:20.6361255Z hint: 	git config --global init.defaultBranch <name>
2025-02-23T16:22:20.6361586Z hint:
2025-02-23T16:22:20.6361906Z hint: Names commonly chosen instead of 'master' are 'main', 'trunk' and
2025-02-23T16:22:20.6362664Z hint: 'development'. The just-created branch can be renamed via this command:
2025-02-23T16:22:20.6363074Z hint:
2025-02-23T16:22:20.6363300Z hint: 	git branch -m <name>
2025-02-23T16:22:20.6364079Z Initialized empty Git repository in /home/runner/work/tardis/tardis/tardis-regression-data/.git/
2025-02-23T16:22:20.6370501Z [command]/usr/bin/git remote add origin https://github.com/tardis-sn/tardis-regression-data
2025-02-23T16:22:20.6401789Z ##[endgroup]
2025-02-23T16:22:20.6402749Z ##[group]Disabling automatic garbage collection
2025-02-23T16:22:20.6406590Z [command]/usr/bin/git config --local gc.auto 0
2025-02-23T16:22:20.6434701Z ##[endgroup]
2025-02-23T16:22:20.6435145Z ##[group]Setting up auth
2025-02-23T16:22:20.6440771Z [command]/usr/bin/git config --local --name-only --get-regexp core\.sshCommand
2025-02-23T16:22:20.6471775Z [command]/usr/bin/git submodule foreach --recursive sh -c "git config --local --name-only --get-regexp 'core\.sshCommand' && git config --local --unset-all 'core.sshCommand' || :"
2025-02-23T16:22:20.6695876Z [command]/usr/bin/git config --local --name-only --get-regexp http\.https\:\/\/github\.com\/\.extraheader
2025-02-23T16:22:20.6725041Z [command]/usr/bin/git submodule foreach --recursive sh -c "git config --local --name-only --get-regexp 'http\.https\:\/\/github\.com\/\.extraheader' && git config --local --unset-all 'http.https://github.com/.extraheader' || :"
2025-02-23T16:22:20.6951226Z [command]/usr/bin/git config --local http.https://github.com/.extraheader AUTHORIZATION: basic ***
2025-02-23T16:22:20.6988772Z ##[endgroup]
2025-02-23T16:22:20.6989675Z ##[group]Determining the default branch
2025-02-23T16:22:20.6993125Z Retrieving the default branch name
2025-02-23T16:22:20.9858366Z Default branch 'main'
2025-02-23T16:22:20.9860618Z ##[endgroup]
2025-02-23T16:22:20.9861261Z ##[group]Fetching the repository
2025-02-23T16:22:20.9868511Z [command]/usr/bin/git -c protocol.version=2 fetch --no-tags --prune --no-recurse-submodules --depth=1 origin +refs/heads/main:refs/remotes/origin/main
2025-02-23T16:22:21.6116240Z From https://github.com/tardis-sn/tardis-regression-data
2025-02-23T16:22:21.6117106Z  * [new branch]      main       -> origin/main
2025-02-23T16:22:21.6146686Z ##[endgroup]
2025-02-23T16:22:21.6147676Z ##[group]Determining the checkout info
2025-02-23T16:22:21.6148577Z ##[endgroup]
2025-02-23T16:22:21.6153954Z [command]/usr/bin/git sparse-checkout disable
2025-02-23T16:22:21.6192834Z [command]/usr/bin/git config --local --unset-all extensions.worktreeConfig
2025-02-23T16:22:21.6225078Z ##[group]Checking out the ref
2025-02-23T16:22:21.6226851Z [command]/usr/bin/git checkout --progress --force -B main refs/remotes/origin/main
2025-02-23T16:22:22.3720070Z Switched to a new branch 'main'
2025-02-23T16:22:22.3722096Z branch 'main' set up to track 'origin/main'.
2025-02-23T16:22:22.3998289Z ##[endgroup]
2025-02-23T16:22:22.4041505Z [command]/usr/bin/git log -1 --format=%H
2025-02-23T16:22:22.4065245Z 84e768462f20f09fbccc05625cdcc1d8ffbe404c
2025-02-23T16:22:22.4200441Z ##[group]Run if [ "false" == "true" ]; then
2025-02-23T16:22:22.4200878Z [36;1mif [ "false" == "true" ]; then[0m
2025-02-23T16:22:22.4201197Z [36;1m  echo "Using atom data sparse checkout"[0m
2025-02-23T16:22:22.4201876Z [36;1m  echo "atom_data/kurucz_cd23_chianti_H_He.h5" > .lfs-files-list[0m
2025-02-23T16:22:22.4202214Z [36;1melse[0m
2025-02-23T16:22:22.4202859Z [36;1m  echo "Using full repository checkout"[0m
2025-02-23T16:22:22.4203396Z [36;1m  git lfs ls-files -l | cut -d' ' -f1 | sort > .lfs-files-list[0m
2025-02-23T16:22:22.4203716Z [36;1mfi[0m
2025-02-23T16:22:22.4377771Z shell: /usr/bin/bash --noprofile --norc -e -o pipefail {0}
2025-02-23T16:22:22.4378118Z env:
2025-02-23T16:22:22.4378304Z   CACHE_NUMBER: 0
2025-02-23T16:22:22.4378920Z   PYTEST_FLAGS: --tardis-regression-data=/home/runner/work/tardis/tardis/tardis-regression-data --cov=tardis --cov-report=xml --cov-report=html --cov-append
2025-02-23T16:22:22.4379593Z   CODECOV_TOKEN: 
2025-02-23T16:22:22.4379779Z ##[endgroup]
2025-02-23T16:22:22.4478395Z Using full repository checkout
2025-02-23T16:22:22.5901315Z ##[group]Run actions/cache/restore@v4
2025-02-23T16:22:22.5901653Z with:
2025-02-23T16:22:22.5901858Z   path: tardis-regression-data/.git/lfs
2025-02-23T16:22:22.5903210Z   key: tardis-regression-full-data-c8ff2bbb6048b3f24d3f52a1e85b013ad47e52c369a6ce4cfdeff528b659b86f-tardis-sn/tardis-regression-data-v1
2025-02-23T16:22:22.5903914Z   fail-on-cache-miss: true
2025-02-23T16:22:22.5904162Z   enableCrossOsArchive: false
2025-02-23T16:22:22.5904400Z   lookup-only: false
2025-02-23T16:22:22.5904596Z env:
2025-02-23T16:22:22.5904770Z   CACHE_NUMBER: 0
2025-02-23T16:22:22.5905379Z   PYTEST_FLAGS: --tardis-regression-data=/home/runner/work/tardis/tardis/tardis-regression-data --cov=tardis --cov-report=xml --cov-report=html --cov-append
2025-02-23T16:22:22.5906005Z   CODECOV_TOKEN: 
2025-02-23T16:22:22.5906190Z ##[endgroup]
2025-02-23T16:22:22.9989311Z Cache hit for: tardis-regression-full-data-c8ff2bbb6048b3f24d3f52a1e85b013ad47e52c369a6ce4cfdeff528b659b86f-tardis-sn/tardis-regression-data-v1
2025-02-23T16:22:24.3124695Z Received 0 of 2161656325 (0.0%), 0.0 MBs/sec
2025-02-23T16:22:25.3130917Z Received 96468992 of 2161656325 (4.5%), 46.0 MBs/sec
2025-02-23T16:22:26.3163080Z Received 184549376 of 2161656325 (8.5%), 58.6 MBs/sec
2025-02-23T16:22:27.3149603Z Received 264241152 of 2161656325 (12.2%), 63.0 MBs/sec
2025-02-23T16:22:28.3157271Z Received 335544320 of 2161656325 (15.5%), 64.0 MBs/sec
2025-02-23T16:22:29.3164039Z Received 423624704 of 2161656325 (19.6%), 67.3 MBs/sec
2025-02-23T16:22:30.3805000Z Received 536870912 of 2161656325 (24.8%), 72.4 MBs/sec
2025-02-23T16:22:31.3797844Z Received 645922816 of 2161656325 (29.9%), 76.4 MBs/sec
2025-02-23T16:22:32.3805416Z Received 746586112 of 2161656325 (34.5%), 78.5 MBs/sec
2025-02-23T16:22:33.3805073Z Received 834666496 of 2161656325 (38.6%), 79.1 MBs/sec
2025-02-23T16:22:34.3817864Z Received 939524096 of 2161656325 (43.5%), 80.9 MBs/sec
2025-02-23T16:22:35.3818762Z Received 1044381696 of 2161656325 (48.3%), 82.5 MBs/sec
2025-02-23T16:22:36.3860625Z Received 1153433600 of 2161656325 (53.4%), 84.1 MBs/sec
2025-02-23T16:22:37.3878764Z Received 1254096896 of 2161656325 (58.0%), 85.0 MBs/sec
2025-02-23T16:22:38.3896134Z Received 1342177280 of 2161656325 (62.1%), 84.9 MBs/sec
2025-02-23T16:22:39.3903490Z Received 1463812096 of 2161656325 (67.7%), 86.8 MBs/sec
2025-02-23T16:22:40.3907950Z Received 1556086784 of 2161656325 (72.0%), 86.9 MBs/sec
2025-02-23T16:22:41.3943602Z Received 1648361472 of 2161656325 (76.3%), 87.0 MBs/sec
2025-02-23T16:22:42.3924249Z Received 1744830464 of 2161656325 (80.7%), 87.2 MBs/sec
2025-02-23T16:22:43.3935044Z Received 1870659584 of 2161656325 (86.5%), 88.8 MBs/sec
2025-02-23T16:22:44.3940042Z Received 1954545664 of 2161656325 (90.4%), 88.4 MBs/sec
2025-02-23T16:22:45.3954272Z Received 2055208960 of 2161656325 (95.1%), 88.8 MBs/sec
2025-02-23T16:22:46.3959562Z Received 2149073413 of 2161656325 (99.4%), 88.8 MBs/sec
2025-02-23T16:22:46.5206103Z Received 2161656325 of 2161656325 (100.0%), 88.8 MBs/sec
2025-02-23T16:22:46.5209260Z Cache Size: ~2062 MB (2161656325 B)
2025-02-23T16:22:46.5270111Z [command]/usr/bin/tar -xf /home/runner/work/_temp/4bfc5ada-b540-4092-aa20-dd2b092ad442/cache.tzst -P -C /home/runner/work/tardis/tardis --use-compress-program unzstd
2025-02-23T16:22:56.7553982Z Cache restored successfully
2025-02-23T16:22:57.9670571Z Cache restored from key: tardis-regression-full-data-c8ff2bbb6048b3f24d3f52a1e85b013ad47e52c369a6ce4cfdeff528b659b86f-tardis-sn/tardis-regression-data-v1
2025-02-23T16:22:57.9791710Z ##[group]Run git lfs checkout
2025-02-23T16:22:57.9792076Z [36;1mgit lfs checkout[0m
2025-02-23T16:22:57.9848179Z shell: /usr/bin/bash --noprofile --norc -e -o pipefail {0}
2025-02-23T16:22:57.9848501Z env:
2025-02-23T16:22:57.9848674Z   CACHE_NUMBER: 0
2025-02-23T16:22:57.9849269Z   PYTEST_FLAGS: --tardis-regression-data=/home/runner/work/tardis/tardis/tardis-regression-data --cov=tardis --cov-report=xml --cov-report=html --cov-append
2025-02-23T16:22:57.9849883Z   CODECOV_TOKEN: 
2025-02-23T16:22:57.9850098Z ##[endgroup]
2025-02-23T16:23:17.2922539Z Checking out LFS objects: 100% (204/204), 5.7 GB | 253 MB/s, done.
2025-02-23T16:23:20.6278179Z Prepare all required actions
2025-02-23T16:23:20.6278606Z Getting action download info
2025-02-23T16:23:20.7846384Z Download action repository 'mamba-org/setup-micromamba@v1' (SHA:4b9113af4fba0e9e1124b252dd6497a419e7396d)
2025-02-23T16:23:21.3374878Z ##[group]Run ./.github/actions/setup_env
2025-02-23T16:23:21.3375138Z with:
2025-02-23T16:23:21.3375334Z   os-label: linux-64
2025-02-23T16:23:21.3375522Z env:
2025-02-23T16:23:21.3375684Z   CACHE_NUMBER: 0
2025-02-23T16:23:21.3376297Z   PYTEST_FLAGS: --tardis-regression-data=/home/runner/work/tardis/tardis/tardis-regression-data --cov=tardis --cov-report=xml --cov-report=html --cov-append
2025-02-23T16:23:21.3376926Z   CODECOV_TOKEN: 
2025-02-23T16:23:21.3377105Z ##[endgroup]
2025-02-23T16:23:21.3396810Z ##[group]Run file_hash=$(cat conda-linux-64.lock | shasum -a 256 | cut -d' ' -f1)
2025-02-23T16:23:21.3397311Z [36;1mfile_hash=$(cat conda-linux-64.lock | shasum -a 256 | cut -d' ' -f1)[0m
2025-02-23T16:23:21.3397888Z [36;1mecho "file_hash=tardis-conda-env-linux-64-${file_hash}-v1" >> "${GITHUB_OUTPUT}"[0m
2025-02-23T16:23:21.3453870Z shell: /usr/bin/bash --noprofile --norc -e -o pipefail {0}
2025-02-23T16:23:21.3454189Z env:
2025-02-23T16:23:21.3454360Z   CACHE_NUMBER: 0
2025-02-23T16:23:21.3454969Z   PYTEST_FLAGS: --tardis-regression-data=/home/runner/work/tardis/tardis/tardis-regression-data --cov=tardis --cov-report=xml --cov-report=html --cov-append
2025-02-23T16:23:21.3455602Z   CODECOV_TOKEN: 
2025-02-23T16:23:21.3455784Z ##[endgroup]
2025-02-23T16:23:21.3835073Z ##[group]Run mamba-org/setup-micromamba@v1
2025-02-23T16:23:21.3835338Z with:
2025-02-23T16:23:21.3835531Z   environment-file: conda-linux-64.lock
2025-02-23T16:23:21.3836090Z   cache-environment-key: tardis-conda-env-linux-64-d7cd390425b0fd3cf82649dcc003efba9915fb4928f15d342148c3ccffcbe2ee-v1
2025-02-23T16:23:21.3836919Z   cache-downloads-key: tardis-conda-env-linux-64-d7cd390425b0fd3cf82649dcc003efba9915fb4928f15d342148c3ccffcbe2ee-v1
2025-02-23T16:23:21.3837466Z   environment-name: tardis
2025-02-23T16:23:21.3837683Z   cache-environment: true
2025-02-23T16:23:21.3837902Z   cache-downloads: true
2025-02-23T16:23:21.3838101Z env:
2025-02-23T16:23:21.3838262Z   CACHE_NUMBER: 0
2025-02-23T16:23:21.3838854Z   PYTEST_FLAGS: --tardis-regression-data=/home/runner/work/tardis/tardis/tardis-regression-data --cov=tardis --cov-report=xml --cov-report=html --cov-append
2025-02-23T16:23:21.3839473Z   CODECOV_TOKEN: 
2025-02-23T16:23:21.3839651Z ##[endgroup]
2025-02-23T16:23:21.5179191Z Will download micromamba to /home/runner/micromamba-bin/micromamba
2025-02-23T16:23:21.5189493Z ##[group]Install micromamba
2025-02-23T16:23:22.1470718Z micromamba installed to /home/runner/micromamba-bin/micromamba
2025-02-23T16:23:22.1471414Z ##[endgroup]
2025-02-23T16:23:22.1472257Z Adding conda-forge to condarc channels ...
2025-02-23T16:23:22.1483382Z ##[group]Initialize micromamba for bash.
2025-02-23T16:23:22.1499495Z [command]/home/runner/micromamba-bin/micromamba shell init -s bash -r /home/runner/micromamba --log-level warning --rc-file /home/runner/work/_temp/setup-micromamba/.condarc
2025-02-23T16:23:22.1609674Z Modifying RC file "/home/runner/.bashrc"
2025-02-23T16:23:22.1610819Z Generating config for root prefix [1m"/home/runner/micromamba"[0m
2025-02-23T16:23:22.1611734Z Setting mamba executable to: [1m"/home/runner/micromamba-bin/micromamba"[0m
2025-02-23T16:23:22.1612545Z Adding (or replacing) the following in your "/home/runner/.bashrc" file
2025-02-23T16:23:22.1612922Z 
2025-02-23T16:23:22.1613035Z # >>> mamba initialize >>>
2025-02-23T16:23:22.1613378Z # !! Contents within this block are managed by 'mamba init' !!
2025-02-23T16:23:22.1613834Z export MAMBA_EXE='/home/runner/micromamba-bin/micromamba';
2025-02-23T16:23:22.1614273Z export MAMBA_ROOT_PREFIX='/home/runner/micromamba';
2025-02-23T16:23:22.1614864Z __mamba_setup="$("$MAMBA_EXE" shell hook --shell bash --root-prefix "$MAMBA_ROOT_PREFIX" 2> /dev/null)"
2025-02-23T16:23:22.1615368Z if [ $? -eq 0 ]; then
2025-02-23T16:23:22.1615910Z     eval "$__mamba_setup"
2025-02-23T16:23:22.1616172Z else
2025-02-23T16:23:22.1616496Z     alias micromamba="$MAMBA_EXE"  # Fallback on help from mamba activate
2025-02-23T16:23:22.1617109Z fi
2025-02-23T16:23:22.1617472Z unset __mamba_setup
2025-02-23T16:23:22.1617907Z # <<< mamba initialize <<<
2025-02-23T16:23:22.1618229Z 
2025-02-23T16:23:22.1629625Z Moving mamba initialize block to .bash_profile
2025-02-23T16:23:22.1641115Z ##[endgroup]
2025-02-23T16:23:22.1642615Z ##[group]Restoring downloads from `/home/runner/micromamba/pkgs` ...
2025-02-23T16:23:23.7821386Z Received 0 of 356815776 (0.0%), 0.0 MBs/sec
2025-02-23T16:23:24.7827609Z Received 121634816 of 356815776 (34.1%), 58.0 MBs/sec
2025-02-23T16:23:25.7829973Z Received 243269632 of 356815776 (68.2%), 77.3 MBs/sec
2025-02-23T16:23:26.7828756Z Received 344232864 of 356815776 (96.5%), 82.1 MBs/sec
2025-02-23T16:23:27.2163573Z Cache Size: ~340 MB (356815776 B)
2025-02-23T16:23:27.2292493Z [command]/usr/bin/tar -xf /home/runner/work/_temp/3293fe7e-15a1-4a41-b04c-abf8eeac431c/cache.tzst -P -C /home/runner/work/tardis/tardis --use-compress-program unzstd
2025-02-23T16:23:27.6777111Z Cache restored successfully
2025-02-23T16:23:27.7516120Z Restored cache with key `tardis-conda-env-linux-64-d7cd390425b0fd3cf82649dcc003efba9915fb4928f15d342148c3ccffcbe2ee-v1-linux-64`
2025-02-23T16:23:27.7517236Z ##[endgroup]
2025-02-23T16:23:27.7528177Z ##[group]Restoring environment `tardis` from `/home/runner/micromamba/envs/tardis` ...
2025-02-23T16:23:27.7825104Z Received 356815776 of 356815776 (100.0%), 68.0 MBs/sec
2025-02-23T16:23:29.4116391Z Received 0 of 444032293 (0.0%), 0.0 MBs/sec
2025-02-23T16:23:30.4143739Z Received 138412032 of 444032293 (31.2%), 66.0 MBs/sec
2025-02-23T16:23:31.4136506Z Received 281018368 of 444032293 (63.3%), 89.3 MBs/sec
2025-02-23T16:23:32.4143471Z Received 394264576 of 444032293 (88.8%), 94.0 MBs/sec
2025-02-23T16:23:32.7873188Z Cache Size: ~423 MB (444032293 B)
2025-02-23T16:23:32.8011467Z [command]/usr/bin/tar -xf /home/runner/work/_temp/69e03e5b-f4f1-4c79-96a0-b87275cc877c/cache.tzst -P -C /home/runner/work/tardis/tardis --use-compress-program unzstd
2025-02-23T16:23:33.4145665Z Received 444032293 of 444032293 (100.0%), 84.6 MBs/sec
2025-02-23T16:23:38.1458635Z Cache restored successfully
2025-02-23T16:23:38.2356361Z Restored cache with key `tardis-conda-env-linux-64-d7cd390425b0fd3cf82649dcc003efba9915fb4928f15d342148c3ccffcbe2ee-v1-linux-64-tardis-args-4f53cda-root-dcc80ee-bin-[object Promise]-file-d7cd390425b0fd3cf82649dcc003efba9915fb4928f15d342148c3ccffcbe2ee`
2025-02-23T16:23:38.2358949Z ##[endgroup]
2025-02-23T16:23:38.2359382Z Adding environment tardis to auto-activate bash ...
2025-02-23T16:23:38.2367326Z Generating micromamba run shell.
2025-02-23T16:23:38.2378119Z ##[endgroup]
2025-02-23T16:23:38.2382050Z Set environment variables.
2025-02-23T16:23:38.2386288Z ##[group]micromamba info
2025-02-23T16:23:38.2391422Z [command]/home/runner/micromamba-bin/micromamba info -r /home/runner/micromamba -n tardis
2025-02-23T16:23:38.2639121Z 
2025-02-23T16:23:38.2639924Z        libmamba version : 1.5.10
2025-02-23T16:23:38.2641699Z      micromamba version : 1.5.10
2025-02-23T16:23:38.2642593Z            curl version : libcurl/8.10.1 OpenSSL/3.3.2 zlib/1.3.1 zstd/1.5.6 libssh2/1.11.0 nghttp2/1.58.0
2025-02-23T16:23:38.2643554Z      libarchive version : libarchive 3.7.4 zlib/1.2.13 bz2lib/1.0.8 libzstd/1.5.6
2025-02-23T16:23:38.2644312Z        envs directories : /home/runner/micromamba/envs
2025-02-23T16:23:38.2644946Z           package cache : /home/runner/micromamba/pkgs
2025-02-23T16:23:38.2645422Z                           /home/runner/.mamba/pkgs
2025-02-23T16:23:38.2645899Z             environment : tardis
2025-02-23T16:23:38.2646343Z            env location : /home/runner/micromamba/envs/tardis
2025-02-23T16:23:38.2646978Z       user config files : /home/runner/.mambarc
2025-02-23T16:23:38.2647722Z  populated config files : /home/runner/work/_temp/setup-micromamba/.condarc
2025-02-23T16:23:38.2648704Z        virtual packages : __unix=0=0
2025-02-23T16:23:38.2649146Z                           __linux=6.8.0=0
2025-02-23T16:23:38.2649557Z                           __glibc=2.39=0
2025-02-23T16:23:38.2649979Z                           __archspec=1=x86_64_v3
2025-02-23T16:23:38.2650557Z                channels : https://conda.anaconda.org/conda-forge/linux-64
2025-02-23T16:23:38.2651189Z                           https://conda.anaconda.org/conda-forge/noarch
2025-02-23T16:23:38.2651729Z        base environment : /home/runner/micromamba
2025-02-23T16:23:38.2652193Z                platform : linux-64
2025-02-23T16:23:38.2658629Z ##[endgroup]
2025-02-23T16:23:38.2659237Z ##[group]micromamba list
2025-02-23T16:23:38.2663511Z [command]/home/runner/micromamba-bin/micromamba list -r /home/runner/micromamba -n tardis
2025-02-23T16:23:38.6600070Z List of packages in environment: "/home/runner/micromamba/envs/tardis"
2025-02-23T16:23:38.6600730Z 
2025-02-23T16:23:38.6601402Z   Name                           Version              Build                    Channel    
2025-02-23T16:23:38.6604020Z â”€â”€â”€â”€â”€â”€â”€â”€â”€â”€â”€â”€â”€â”€â”€â”€â”€â”€â”€â”€â”€â”€â”€â”€â”€â”€â”€â”€â”€â”€â”€â”€â”€â”€â”€â”€â”€â”€â”€â”€â”€â”€â”€â”€â”€â”€â”€â”€â”€â”€â”€â”€â”€â”€â”€â”€â”€â”€â”€â”€â”€â”€â”€â”€â”€â”€â”€â”€â”€â”€â”€â”€â”€â”€â”€â”€â”€â”€â”€â”€â”€â”€â”€â”€â”€â”€â”€â”€â”€â”€â”€â”€
2025-02-23T16:23:38.6604873Z   _libgcc_mutex                  0.1                  conda_forge              conda-forge
2025-02-23T16:23:38.6605655Z   _openmp_mutex                  4.5                  2_gnu                    conda-forge
2025-02-23T16:23:38.6606283Z   alabaster                      0.7.16               pyhd8ed1ab_0             conda-forge
2025-02-23T16:23:38.6606885Z   anyio                          4.4.0                pyhd8ed1ab_0             conda-forge
2025-02-23T16:23:38.6607481Z   argon2-cffi                    23.1.0               pyhd8ed1ab_0             conda-forge
2025-02-23T16:23:38.6608159Z   argon2-cffi-bindings           21.2.0               py312h98912ed_4          conda-forge
2025-02-23T16:23:38.6608795Z   arrow                          1.3.0                pyhd8ed1ab_0             conda-forge
2025-02-23T16:23:38.6609399Z   astropy                        6.1.1                py312h085067d_0          conda-forge
2025-02-23T16:23:38.6610092Z   astropy-iers-data              0.2024.6.17.0.31.35  pyhd8ed1ab_0             conda-forge
2025-02-23T16:23:38.6610838Z   astropy-sphinx-theme           1.1                  pyhd8ed1ab_0             conda-forge
2025-02-23T16:23:38.6611621Z   asttokens                      2.4.1                pyhd8ed1ab_0             conda-forge
2025-02-23T16:23:38.6612013Z   async-lru                      2.0.4                pyhd8ed1ab_0             conda-forge
2025-02-23T16:23:38.6612597Z   atk-1.0                        2.38.0               h04ea711_2               conda-forge
2025-02-23T16:23:38.6613131Z   attrs                          23.2.0               pyh71513ae_0             conda-forge
2025-02-23T16:23:38.6613465Z   babel                          2.14.0               pyhd8ed1ab_0             conda-forge
2025-02-23T16:23:38.6613856Z   beautifulsoup4                 4.12.3               pyha770c72_0             conda-forge
2025-02-23T16:23:38.6614227Z   bleach                         6.1.0                pyhd8ed1ab_0             conda-forge
2025-02-23T16:23:38.6614882Z   blosc                          1.21.5               hc2324a3_1               conda-forge
2025-02-23T16:23:38.6615206Z   brotli                         1.1.0                hd590300_1               conda-forge
2025-02-23T16:23:38.6615542Z   brotli-bin                     1.1.0                hd590300_1               conda-forge
2025-02-23T16:23:38.6615906Z   brotli-python                  1.1.0                py312h30efb56_1          conda-forge
2025-02-23T16:23:38.6616255Z   bzip2                          1.0.8                hd590300_5               conda-forge
2025-02-23T16:23:38.6616578Z   c-ares                         1.28.1               hd590300_0               conda-forge
2025-02-23T16:23:38.6616918Z   c-blosc2                       2.14.4               hb4ffafa_1               conda-forge
2025-02-23T16:23:38.6617420Z   ca-certificates                2024.6.2             hbcca054_0               conda-forge
2025-02-23T16:23:38.6617826Z   cached-property                1.5.2                hd8ed1ab_1               conda-forge
2025-02-23T16:23:38.6618213Z   cached_property                1.5.2                pyha770c72_1             conda-forge
2025-02-23T16:23:38.6618567Z   cairo                          1.18.0               h3faef2a_0               conda-forge
2025-02-23T16:23:38.6618905Z   certifi                        2024.6.2             pyhd8ed1ab_0             conda-forge
2025-02-23T16:23:38.6619244Z   cffi                           1.16.0               py312hf06ca03_0          conda-forge
2025-02-23T16:23:38.6619611Z   charset-normalizer             3.3.2                pyhd8ed1ab_0             conda-forge
2025-02-23T16:23:38.6619980Z   click                          8.1.7                unix_pyh707e725_0        conda-forge
2025-02-23T16:23:38.6620413Z   codespell                      2.3.0                pyhd8ed1ab_0             conda-forge
2025-02-23T16:23:38.6620800Z   colorama                       0.4.6                pyhd8ed1ab_0             conda-forge
2025-02-23T16:23:38.6621143Z   comm                           0.2.2                pyhd8ed1ab_0             conda-forge
2025-02-23T16:23:38.6621476Z   commonmark                     0.9.1                py_0                     conda-forge
2025-02-23T16:23:38.6621828Z   contourpy                      1.2.1                py312h8572e83_0          conda-forge
2025-02-23T16:23:38.6622174Z   coverage                       7.5.3                py312h9a8786e_0          conda-forge
2025-02-23T16:23:38.6622716Z   cycler                         0.12.1               pyhd8ed1ab_0             conda-forge
2025-02-23T16:23:38.6623069Z   dataclasses                    0.8                  pyhc8e2a94_3             conda-forge
2025-02-23T16:23:38.6623419Z   debugpy                        1.8.1                py312h30efb56_0          conda-forge
2025-02-23T16:23:38.6623767Z   decorator                      5.1.1                pyhd8ed1ab_0             conda-forge
2025-02-23T16:23:38.6624125Z   defusedxml                     0.7.1                pyhd8ed1ab_0             conda-forge
2025-02-23T16:23:38.6624477Z   docutils                       0.20.1               py312h7900ff3_3          conda-forge
2025-02-23T16:23:38.6624824Z   dot2tex                        2.11.3               pyhd8ed1ab_0             conda-forge
2025-02-23T16:23:38.6625174Z   entrypoints                    0.4                  pyhd8ed1ab_0             conda-forge
2025-02-23T16:23:38.6625551Z   exceptiongroup                 1.2.0                pyhd8ed1ab_2             conda-forge
2025-02-23T16:23:38.6626344Z   executing                      2.0.1                pyhd8ed1ab_0             conda-forge
2025-02-23T16:23:38.6626987Z   expat                          2.6.2                h59595ed_0               conda-forge
2025-02-23T16:23:38.6627703Z   font-ttf-dejavu-sans-mono      2.37                 hab24e00_0               conda-forge
2025-02-23T16:23:38.6628225Z   font-ttf-inconsolata           3.000                h77eed37_0               conda-forge
2025-02-23T16:23:38.6628845Z   font-ttf-source-code-pro       2.038                h77eed37_0               conda-forge
2025-02-23T16:23:38.6629256Z   font-ttf-ubuntu                0.83                 h77eed37_2               conda-forge
2025-02-23T16:23:38.6629624Z   fontconfig                     2.14.2               h14ed4e7_0               conda-forge
2025-02-23T16:23:38.6630007Z   fonts-conda-ecosystem          1                    0                        conda-forge
2025-02-23T16:23:38.6630403Z   fonts-conda-forge              1                    0                        conda-forge
2025-02-23T16:23:38.6630769Z   fonttools                      4.53.0               py312h9a8786e_0          conda-forge
2025-02-23T16:23:38.6631107Z   fqdn                           1.5.1                pyhd8ed1ab_0             conda-forge
2025-02-23T16:23:38.6631555Z   freetype                       2.12.1               h267a509_2               conda-forge
2025-02-23T16:23:38.6631910Z   fribidi                        1.0.10               h36c2ea0_0               conda-forge
2025-02-23T16:23:38.6632242Z   future                         1.0.0                pyhd8ed1ab_0             conda-forge
2025-02-23T16:23:38.6632808Z   gdk-pixbuf                     2.42.12              hb9ae30d_0               conda-forge
2025-02-23T16:23:38.6633151Z   giflib                         5.2.2                hd590300_0               conda-forge
2025-02-23T16:23:38.6633475Z   git-lfs                        3.5.1                ha770c72_0               conda-forge
2025-02-23T16:23:38.6633789Z   gmp                            6.3.0                h59595ed_1               conda-forge
2025-02-23T16:23:38.6634103Z   gmpy2                          2.1.5                py312h1d5cde6_1          conda-forge
2025-02-23T16:23:38.6634449Z   graphite2                      1.3.13               h59595ed_1003            conda-forge
2025-02-23T16:23:38.6634804Z   graphviz                       11.0.0               hc68bbd7_0               conda-forge
2025-02-23T16:23:38.6635138Z   gtk2                           2.24.33              h280cfa0_4               conda-forge
2025-02-23T16:23:38.6635447Z   gts                            0.7.6                h977cf35_4               conda-forge
2025-02-23T16:23:38.6635756Z   h11                            0.14.0               pyhd8ed1ab_0             conda-forge
2025-02-23T16:23:38.6636065Z   h2                             4.1.0                pyhd8ed1ab_0             conda-forge
2025-02-23T16:23:38.6636381Z   h5py                           3.11.0               nompi_py312hb7ab980_102  conda-forge
2025-02-23T16:23:38.6636724Z   harfbuzz                       8.5.0                hfac3d4d_0               conda-forge
2025-02-23T16:23:38.6637329Z   hdf5                           1.14.3               nompi_hdf9ad27_105       conda-forge
2025-02-23T16:23:38.6637910Z   hpack                          4.0.0                pyh9f0ad1d_0             conda-forge
2025-02-23T16:23:38.6638371Z   httpcore                       1.0.5                pyhd8ed1ab_0             conda-forge
2025-02-23T16:23:38.6638717Z   httpx                          0.27.0               pyhd8ed1ab_0             conda-forge
2025-02-23T16:23:38.6639063Z   hyperframe                     6.0.1                pyhd8ed1ab_0             conda-forge
2025-02-23T16:23:38.6639568Z   icu                            73.2                 h59595ed_0               conda-forge
2025-02-23T16:23:38.6640132Z   idna                           3.7                  pyhd8ed1ab_0             conda-forge
2025-02-23T16:23:38.6640719Z   imagesize                      1.4.1                pyhd8ed1ab_0             conda-forge
2025-02-23T16:23:38.6641295Z   importlib-metadata             7.1.0                pyha770c72_0             conda-forge
2025-02-23T16:23:38.6641818Z   importlib_metadata             7.1.0                hd8ed1ab_0               conda-forge
2025-02-23T16:23:38.6642670Z   importlib_resources            6.4.0                pyhd8ed1ab_0             conda-forge
2025-02-23T16:23:38.6643621Z   iniconfig                      2.0.0                pyhd8ed1ab_0             conda-forge
2025-02-23T16:23:38.6644256Z   ipykernel                      6.29.4               pyh3099207_0             conda-forge
2025-02-23T16:23:38.6644877Z   ipython                        8.25.0               pyh707e725_0             conda-forge
2025-02-23T16:23:38.6645512Z   ipython_genutils               0.2.0                pyhd8ed1ab_1             conda-forge
2025-02-23T16:23:38.6646049Z   ipywidgets                     7.8.0                pyhd8ed1ab_0             conda-forge
2025-02-23T16:23:38.6646419Z   isoduration                    20.11.0              pyhd8ed1ab_0             conda-forge
2025-02-23T16:23:38.6646763Z   jedi                           0.19.1               pyhd8ed1ab_0             conda-forge
2025-02-23T16:23:38.6647247Z   jinja2                         3.1.4                pyhd8ed1ab_0             conda-forge
2025-02-23T16:23:38.6647584Z   json5                          0.9.25               pyhd8ed1ab_0             conda-forge
2025-02-23T16:23:38.6647937Z   jsonpointer                    3.0.0                py312h7900ff3_0          conda-forge
2025-02-23T16:23:38.6648299Z   jsonschema                     4.22.0               pyhd8ed1ab_0             conda-forge
2025-02-23T16:23:38.6648720Z   jsonschema-specifications      2023.12.1            pyhd8ed1ab_0             conda-forge
2025-02-23T16:23:38.6649204Z   jsonschema-with-format-nongpl  4.22.0               pyhd8ed1ab_0             conda-forge
2025-02-23T16:23:38.6649630Z   jupyter-lsp                    2.2.5                pyhd8ed1ab_0             conda-forge
2025-02-23T16:23:38.6650030Z   jupyter_client                 8.6.2                pyhd8ed1ab_0             conda-forge
2025-02-23T16:23:38.6650417Z   jupyter_core                   5.7.2                py312h7900ff3_0          conda-forge
2025-02-23T16:23:38.6650794Z   jupyter_events                 0.10.0               pyhd8ed1ab_0             conda-forge
2025-02-23T16:23:38.6651178Z   jupyter_server                 2.14.1               pyhd8ed1ab_0             conda-forge
2025-02-23T16:23:38.6651579Z   jupyter_server_terminals       0.5.3                pyhd8ed1ab_0             conda-forge
2025-02-23T16:23:38.6651972Z   jupyterlab                     4.2.2                pyhd8ed1ab_0             conda-forge
2025-02-23T16:23:38.6652618Z   jupyterlab_pygments            0.3.0                pyhd8ed1ab_1             conda-forge
2025-02-23T16:23:38.6653123Z   jupyterlab_server              2.27.2               pyhd8ed1ab_0             conda-forge
2025-02-23T16:23:38.6653538Z   jupyterlab_widgets             1.1.7                pyhd8ed1ab_0             conda-forge
2025-02-23T16:23:38.6654140Z   keyutils                       1.6.1                h166bdaf_0               conda-forge
2025-02-23T16:23:38.6654763Z   kiwisolver                     1.4.5                py312h8572e83_1          conda-forge
2025-02-23T16:23:38.6655356Z   krb5                           1.21.2               h659d440_0               conda-forge
2025-02-23T16:23:38.6655960Z   latexcodec                     2.0.1                pyh9f0ad1d_0             conda-forge
2025-02-23T16:23:38.6656556Z   lcms2                          2.16                 hb7c19ff_0               conda-forge
2025-02-23T16:23:38.6657150Z   ld_impl_linux-64               2.40                 hf3520f5_7               conda-forge
2025-02-23T16:23:38.6657740Z   lerc                           4.0.0                h27087fc_0               conda-forge
2025-02-23T16:23:38.6658298Z   libaec                         1.1.3                h59595ed_0               conda-forge
2025-02-23T16:23:38.6658885Z   libblas                        3.9.0                22_linux64_openblas      conda-forge
2025-02-23T16:23:38.6659530Z   libbrotlicommon                1.1.0                hd590300_1               conda-forge
2025-02-23T16:23:38.6660200Z   libbrotlidec                   1.1.0                hd590300_1               conda-forge
2025-02-23T16:23:38.6661017Z   libbrotlienc                   1.1.0                hd590300_1               conda-forge
2025-02-23T16:23:38.6661652Z   libcblas                       3.9.0                22_linux64_openblas      conda-forge
2025-02-23T16:23:38.6662257Z   libcurl                        8.8.0                hca28451_0               conda-forge
2025-02-23T16:23:38.6663003Z   libdeflate                     1.20                 hd590300_0               conda-forge
2025-02-23T16:23:38.6663625Z   libedit                        3.1.20191231         he28a2e2_2               conda-forge
2025-02-23T16:23:38.6664220Z   libev                          4.33                 hd590300_2               conda-forge
2025-02-23T16:23:38.6664783Z   libexpat                       2.6.2                h59595ed_0               conda-forge
2025-02-23T16:23:38.6665521Z   libffi                         3.4.2                h7f98852_5               conda-forge
2025-02-23T16:23:38.6666183Z   libgcc-ng                      13.2.0               h77fa898_10              conda-forge
2025-02-23T16:23:38.6666772Z   libgd                          2.3.3                h119a65a_9               conda-forge
2025-02-23T16:23:38.6667379Z   libgfortran-ng                 13.2.0               h69a702a_10              conda-forge
2025-02-23T16:23:38.6668039Z   libgfortran5                   13.2.0               h3d2ce59_10              conda-forge
2025-02-23T16:23:38.6668663Z   libglib                        2.80.2               h8a4344b_1               conda-forge
2025-02-23T16:23:38.6669254Z   libgomp                        13.2.0               h77fa898_10              conda-forge
2025-02-23T16:23:38.6669850Z   libiconv                       1.17                 hd590300_2               conda-forge
2025-02-23T16:23:38.6670496Z   libjpeg-turbo                  3.0.0                hd590300_1               conda-forge
2025-02-23T16:23:38.6671167Z   liblapack                      3.9.0                22_linux64_openblas      conda-forge
2025-02-23T16:23:38.6671794Z   libllvm14                      14.0.6               hcd5def8_4               conda-forge
2025-02-23T16:23:38.6672518Z   libnghttp2                     1.58.0               h47da74e_1               conda-forge
2025-02-23T16:23:38.6673119Z   libnsl                         2.0.1                hd590300_0               conda-forge
2025-02-23T16:23:38.6673734Z   libopenblas                    0.3.27               pthreads_h413a1c8_0      conda-forge
2025-02-23T16:23:38.6674318Z   libpng                         1.6.43               h2797004_0               conda-forge
2025-02-23T16:23:38.6674864Z   librsvg                        2.58.1               hadf69e7_0               conda-forge
2025-02-23T16:23:38.6675452Z   libsodium                      1.0.18               h36c2ea0_1               conda-forge
2025-02-23T16:23:38.6676055Z   libsqlite                      3.46.0               hde9e2c9_0               conda-forge
2025-02-23T16:23:38.6676617Z   libssh2                        1.11.0               h0841786_0               conda-forge
2025-02-23T16:23:38.6677239Z   libstdcxx-ng                   13.2.0               hc0a3c3a_10              conda-forge
2025-02-23T16:23:38.6677818Z   libtiff                        4.6.0                h1dd3fc0_3               conda-forge
2025-02-23T16:23:38.6678378Z   libuuid                        2.38.1               h0b41bf4_0               conda-forge
2025-02-23T16:23:38.6678939Z   libwebp                        1.4.0                h2c329e2_0               conda-forge
2025-02-23T16:23:38.6679535Z   libwebp-base                   1.4.0                hd590300_0               conda-forge
2025-02-23T16:23:38.6680112Z   libxcb                         1.15                 h0b41bf4_0               conda-forge
2025-02-23T16:23:38.6680686Z   libxcrypt                      4.4.36               hd590300_1               conda-forge
2025-02-23T16:23:38.6681268Z   libxml2                        2.12.7               hc051c1a_1               conda-forge
2025-02-23T16:23:38.6682121Z   libxslt                        1.1.39               h76b75d6_0               conda-forge
2025-02-23T16:23:38.6682847Z   libzlib                        1.3.1                h4ab18f5_1               conda-forge
2025-02-23T16:23:38.6683437Z   llvmlite                       0.42.0               py312hb06c811_1          conda-forge
2025-02-23T16:23:38.6684008Z   lxml                           5.2.2                py312hb90d8a5_0          conda-forge
2025-02-23T16:23:38.6684541Z   lz4-c                          1.9.4                hcb278e6_0               conda-forge
2025-02-23T16:23:38.6685062Z   lzo                            2.10                 hd590300_1001            conda-forge
2025-02-23T16:23:38.6685628Z   markupsafe                     2.1.5                py312h98912ed_0          conda-forge
2025-02-23T16:23:38.6686305Z   matplotlib-base                3.8.4                py312h20ab3a6_2          conda-forge
2025-02-23T16:23:38.6687323Z   matplotlib-inline              0.1.7                pyhd8ed1ab_0             conda-forge
2025-02-23T16:23:38.6688022Z   mistune                        3.0.2                pyhd8ed1ab_0             conda-forge
2025-02-23T16:23:38.6688597Z   mpc                            1.3.1                hfe3b2da_0               conda-forge
2025-02-23T16:23:38.6689151Z   mpfr                           4.2.1                h9458935_1               conda-forge
2025-02-23T16:23:38.6689717Z   mpmath                         1.3.0                pyhd8ed1ab_0             conda-forge
2025-02-23T16:23:38.6690316Z   munkres                        1.1.4                pyh9f0ad1d_0             conda-forge
2025-02-23T16:23:38.6690955Z   mypy_extensions                1.0.0                pyha770c72_0             conda-forge
2025-02-23T16:23:38.6691601Z   nbclassic                      1.1.0                pyhd8ed1ab_0             conda-forge
2025-02-23T16:23:38.6692237Z   nbclient                       0.10.0               pyhd8ed1ab_0             conda-forge
2025-02-23T16:23:38.6693012Z   nbconvert                      7.16.4               hd8ed1ab_1               conda-forge
2025-02-23T16:23:38.6693667Z   nbconvert-core                 7.16.4               pyhd8ed1ab_1             conda-forge
2025-02-23T16:23:38.6694375Z   nbconvert-pandoc               7.16.4               hd8ed1ab_1               conda-forge
2025-02-23T16:23:38.6695051Z   nbformat                       5.10.4               pyhd8ed1ab_0             conda-forge
2025-02-23T16:23:38.6695678Z   nbsphinx                       0.9.4                pyhd8ed1ab_0             conda-forge
2025-02-23T16:23:38.6696289Z   ncurses                        6.5                  h59595ed_0               conda-forge
2025-02-23T16:23:38.6696914Z   nest-asyncio                   1.6.0                pyhd8ed1ab_0             conda-forge
2025-02-23T16:23:38.6697548Z   networkx                       3.3                  pyhd8ed1ab_1             conda-forge
2025-02-23T16:23:38.6698131Z   nomkl                          1.0                  h5ca1d4c_0               conda-forge
2025-02-23T16:23:38.6698726Z   notebook                       7.2.1                pyhd8ed1ab_0             conda-forge
2025-02-23T16:23:38.6699376Z   notebook-shim                  0.2.4                pyhd8ed1ab_0             conda-forge
2025-02-23T16:23:38.6700000Z   numba                          0.59.1               py312hacefee8_0          conda-forge
2025-02-23T16:23:38.6700596Z   numexpr                        2.10.0               py312hf412c99_100        conda-forge
2025-02-23T16:23:38.6701199Z   numpy                          1.26.4               py312heda63a1_0          conda-forge
2025-02-23T16:23:38.6701804Z   numpydoc                       1.7.0                pyhd8ed1ab_1             conda-forge
2025-02-23T16:23:38.6702541Z   openjpeg                       2.5.2                h488ebb8_0               conda-forge
2025-02-23T16:23:38.6703125Z   openssl                        3.3.1                h4ab18f5_0               conda-forge
2025-02-23T16:23:38.6703903Z   overrides                      7.7.0                pyhd8ed1ab_0             conda-forge
2025-02-23T16:23:38.6704552Z   packaging                      24.1                 pyhd8ed1ab_0             conda-forge
2025-02-23T16:23:38.6705160Z   pandas                         2.2.2                py312h1d6d2e6_1          conda-forge
2025-02-23T16:23:38.6705755Z   pandoc                         3.2                  ha770c72_0               conda-forge
2025-02-23T16:23:38.6706382Z   pandocfilters                  1.5.0                pyhd8ed1ab_0             conda-forge
2025-02-23T16:23:38.6707000Z   pango                          1.54.0               h84a9a3c_0               conda-forge
2025-02-23T16:23:38.6707566Z   parso                          0.8.4                pyhd8ed1ab_0             conda-forge
2025-02-23T16:23:38.6708167Z   pathspec                       0.12.1               pyhd8ed1ab_0             conda-forge
2025-02-23T16:23:38.6708923Z   pbr                            6.0.0                pyhd8ed1ab_0             conda-forge
2025-02-23T16:23:38.6709482Z   pcre2                          10.44                h0f59acf_0               conda-forge
2025-02-23T16:23:38.6710036Z   pexpect                        4.9.0                pyhd8ed1ab_0             conda-forge
2025-02-23T16:23:38.6710637Z   pickleshare                    0.7.5                py_1003                  conda-forge
2025-02-23T16:23:38.6711231Z   pillow                         10.3.0               py312hdcec9eb_0          conda-forge
2025-02-23T16:23:38.6711775Z   pip                            24.0                 pyhd8ed1ab_0             conda-forge
2025-02-23T16:23:38.6712513Z   pixman                         0.43.2               h59595ed_0               conda-forge
2025-02-23T16:23:38.6713168Z   pkgutil-resolve-name           1.3.10               pyhd8ed1ab_1             conda-forge
2025-02-23T16:23:38.6713865Z   platformdirs                   4.2.2                pyhd8ed1ab_0             conda-forge
2025-02-23T16:23:38.6714465Z   plotly                         5.22.0               pyhd8ed1ab_0             conda-forge
2025-02-23T16:23:38.6715027Z   pluggy                         1.5.0                pyhd8ed1ab_0             conda-forge
2025-02-23T16:23:38.6715655Z   prometheus_client              0.20.0               pyhd8ed1ab_0             conda-forge
2025-02-23T16:23:38.6716337Z   prompt-toolkit                 3.0.47               pyha770c72_0             conda-forge
2025-02-23T16:23:38.6716942Z   psutil                         5.9.8                py312h98912ed_0          conda-forge
2025-02-23T16:23:38.6717535Z   pthread-stubs                  0.4                  h36c2ea0_1001            conda-forge
2025-02-23T16:23:38.6718151Z   ptyprocess                     0.7.0                pyhd3deb0d_0             conda-forge
2025-02-23T16:23:38.6718751Z   pure_eval                      0.2.2                pyhd8ed1ab_0             conda-forge
2025-02-23T16:23:38.6719353Z   py-cpuinfo                     9.0.0                pyhd8ed1ab_0             conda-forge
2025-02-23T16:23:38.6719952Z   pybtex                         0.24.0               pyhd8ed1ab_2             conda-forge
2025-02-23T16:23:38.6720570Z   pybtex-docutils                1.0.3                py312h7900ff3_1          conda-forge
2025-02-23T16:23:38.6721206Z   pycparser                      2.22                 pyhd8ed1ab_0             conda-forge
2025-02-23T16:23:38.6721800Z   pyerfa                         2.0.1.4              py312h085067d_1          conda-forge
2025-02-23T16:23:38.6722535Z   pygments                       2.18.0               pyhd8ed1ab_0             conda-forge
2025-02-23T16:23:38.6723155Z   pygraphviz                     1.13                 py312h4a1d8a7_1          conda-forge
2025-02-23T16:23:38.6723761Z   pyparsing                      3.1.2                pyhd8ed1ab_0             conda-forge
2025-02-23T16:23:38.6724362Z   pysocks                        1.7.1                pyha2e5f31_6             conda-forge
2025-02-23T16:23:38.6724937Z   pytables                       3.9.2                py312h96d95ec_2          conda-forge
2025-02-23T16:23:38.6725672Z   pytest                         8.2.2                pyhd8ed1ab_0             conda-forge
2025-02-23T16:23:38.6726294Z   pytest-cov                     5.0.0                pyhd8ed1ab_0             conda-forge
2025-02-23T16:23:38.6726978Z   pytest-doctestplus             1.2.1                pyhd8ed1ab_0             conda-forge
2025-02-23T16:23:38.6727665Z   pytest-html                    4.1.1                pyhd8ed1ab_0             conda-forge
2025-02-23T16:23:38.6728312Z   pytest-metadata                3.1.1                pyhd8ed1ab_0             conda-forge
2025-02-23T16:23:38.6728956Z   python                         3.12.4               h194c7f8_0_cpython       conda-forge
2025-02-23T16:23:38.6729602Z   python-dateutil                2.9.0                pyhd8ed1ab_0             conda-forge
2025-02-23T16:23:38.6730502Z   python-fastjsonschema          2.20.0               pyhd8ed1ab_0             conda-forge
2025-02-23T16:23:38.6731274Z   python-json-logger             2.0.7                pyhd8ed1ab_0             conda-forge
2025-02-23T16:23:38.6731970Z   python-tzdata                  2024.1               pyhd8ed1ab_0             conda-forge
2025-02-23T16:23:38.6732759Z   python_abi                     3.12                 4_cp312                  conda-forge
2025-02-23T16:23:38.6733367Z   pytz                           2024.1               pyhd8ed1ab_0             conda-forge
2025-02-23T16:23:38.6733949Z   pyyaml                         6.0.1                py312h98912ed_1          conda-forge
2025-02-23T16:23:38.6734532Z   pyzmq                          26.0.3               py312h8fd38d8_0          conda-forge
2025-02-23T16:23:38.6735120Z   qgrid                          1.3.1                pyhd8ed1ab_4             conda-forge
2025-02-23T16:23:38.6735774Z   radioactivedecay               0.5.1                pyhd8ed1ab_0             conda-forge
2025-02-23T16:23:38.6736434Z   readline                       8.2                  h8228510_1               conda-forge
2025-02-23T16:23:38.6737081Z   recommonmark                   0.7.1                pyhd8ed1ab_0             conda-forge
2025-02-23T16:23:38.6737766Z   referencing                    0.35.1               pyhd8ed1ab_0             conda-forge
2025-02-23T16:23:38.6738415Z   requests                       2.32.3               pyhd8ed1ab_0             conda-forge
2025-02-23T16:23:38.6739087Z   rfc3339-validator              0.1.4                pyhd8ed1ab_0             conda-forge
2025-02-23T16:23:38.6739805Z   rfc3986-validator              0.1.1                pyh9f0ad1d_0             conda-forge
2025-02-23T16:23:38.6740464Z   rpds-py                        0.18.1               py312h4413252_0          conda-forge
2025-02-23T16:23:38.6741036Z   ruff                           0.4.9                py312h5715c7c_0          conda-forge
2025-02-23T16:23:38.6741616Z   scipy                          1.13.1               py312hc2bc53b_0          conda-forge
2025-02-23T16:23:38.6742246Z   send2trash                     1.8.3                pyh0d859eb_0             conda-forge
2025-02-23T16:23:38.6743011Z   setuptools                     70.0.0               pyhd8ed1ab_0             conda-forge
2025-02-23T16:23:38.6743644Z   setuptools-scm                 8.1.0                pyhd8ed1ab_0             conda-forge
2025-02-23T16:23:38.6744316Z   setuptools_scm                 8.1.0                hd8ed1ab_0               conda-forge
2025-02-23T16:23:38.6744933Z   six                            1.16.0               pyh6c4a22f_0             conda-forge
2025-02-23T16:23:38.6745527Z   snakeviz                       2.2.0                pyhd8ed1ab_0             conda-forge
2025-02-23T16:23:38.6746121Z   snappy                         1.2.0                hdb0a2a9_1               conda-forge
2025-02-23T16:23:38.6746724Z   sniffio                        1.3.1                pyhd8ed1ab_0             conda-forge
2025-02-23T16:23:38.6747381Z   snowballstemmer                2.2.0                pyhd8ed1ab_0             conda-forge
2025-02-23T16:23:38.6748231Z   soupsieve                      2.5                  pyhd8ed1ab_1             conda-forge
2025-02-23T16:23:38.6748853Z   sphinx                         7.3.7                pyhd8ed1ab_0             conda-forge
2025-02-23T16:23:38.6749493Z   sphinx-astropy                 1.9.1                pyhd8ed1ab_0             conda-forge
2025-02-23T16:23:38.6750191Z   sphinx-automodapi              0.17.0               pyh717bed2_1             conda-forge
2025-02-23T16:23:38.6750895Z   sphinx-gallery                 0.16.0               pyhd8ed1ab_0             conda-forge
2025-02-23T16:23:38.6751591Z   sphinx-jsonschema              1.19.1               pyhd8ed1ab_0             conda-forge
2025-02-23T16:23:38.6752444Z   sphinx_bootstrap_theme         0.8.1                pyhd8ed1ab_0             conda-forge
2025-02-23T16:23:38.6753279Z   sphinx_rtd_theme               2.0.0                pyha770c72_0             conda-forge
2025-02-23T16:23:38.6753972Z   sphinxcontrib-apidoc           0.3.0                py_1                     conda-forge
2025-02-23T16:23:38.6754744Z   sphinxcontrib-applehelp        1.0.8                pyhd8ed1ab_0             conda-forge
2025-02-23T16:23:38.6755526Z   sphinxcontrib-bibtex           2.6.2                pyhd8ed1ab_0             conda-forge
2025-02-23T16:23:38.6756290Z   sphinxcontrib-devhelp          1.0.6                pyhd8ed1ab_0             conda-forge
2025-02-23T16:23:38.6757044Z   sphinxcontrib-htmlhelp         2.0.5                pyhd8ed1ab_0             conda-forge
2025-02-23T16:23:38.6757777Z   sphinxcontrib-jquery           4.1                  pyhd8ed1ab_0             conda-forge
2025-02-23T16:23:38.6758498Z   sphinxcontrib-jsmath           1.0.1                pyhd8ed1ab_0             conda-forge
2025-02-23T16:23:38.6759239Z   sphinxcontrib-qthelp           1.0.7                pyhd8ed1ab_0             conda-forge
2025-02-23T16:23:38.6760054Z   sphinxcontrib-serializinghtml  1.1.10               pyhd8ed1ab_0             conda-forge
2025-02-23T16:23:38.6760830Z   stack_data                     0.6.2                pyhd8ed1ab_0             conda-forge
2025-02-23T16:23:38.6761445Z   sympy                          1.12.1               pypyh2585a3b_103         conda-forge
2025-02-23T16:23:38.6762040Z   tabulate                       0.9.0                pyhd8ed1ab_1             conda-forge
2025-02-23T16:23:38.6762796Z   tenacity                       8.4.1                pyhd8ed1ab_0             conda-forge
2025-02-23T16:23:38.6763426Z   terminado                      0.18.1               pyh0d859eb_0             conda-forge
2025-02-23T16:23:38.6764042Z   tinycss2                       1.3.0                pyhd8ed1ab_0             conda-forge
2025-02-23T16:23:38.6764614Z   tk                             8.6.13               noxft_h4845f30_101       conda-forge
2025-02-23T16:23:38.6765174Z   toml                           0.10.2               pyhd8ed1ab_0             conda-forge
2025-02-23T16:23:38.6765722Z   tomli                          2.0.1                pyhd8ed1ab_0             conda-forge
2025-02-23T16:23:38.6766292Z   tornado                        6.4.1                py312h9a8786e_0          conda-forge
2025-02-23T16:23:38.6766855Z   tqdm                           4.66.4               pyhd8ed1ab_0             conda-forge
2025-02-23T16:23:38.6767678Z   traitlets                      5.14.3               pyhd8ed1ab_0             conda-forge
2025-02-23T16:23:38.6768262Z   typed-ast                      1.5.5                py312h98912ed_1          conda-forge
2025-02-23T16:23:38.6768755Z   types-python-dateutil          2.9.0.20240316       pyhd8ed1ab_0             conda-forge
2025-02-23T16:23:38.6769193Z   typing-extensions              4.12.2               hd8ed1ab_0               conda-forge
2025-02-23T16:23:38.6769615Z   typing_extensions              4.12.2               pyha770c72_0             conda-forge
2025-02-23T16:23:38.6769997Z   typing_utils                   0.1.0                pyhd8ed1ab_0             conda-forge
2025-02-23T16:23:38.6770528Z   tzdata                         2024a                h0c530f3_0               conda-forge
2025-02-23T16:23:38.6770886Z   uri-template                   1.3.0                pyhd8ed1ab_0             conda-forge
2025-02-23T16:23:38.6771241Z   urllib3                        2.2.2                pyhd8ed1ab_0             conda-forge
2025-02-23T16:23:38.6771581Z   wcwidth                        0.2.13               pyhd8ed1ab_0             conda-forge
2025-02-23T16:23:38.6771928Z   webcolors                      24.6.0               pyhd8ed1ab_0             conda-forge
2025-02-23T16:23:38.6772295Z   webencodings                   0.5.1                pyhd8ed1ab_2             conda-forge
2025-02-23T16:23:38.6772939Z   websocket-client               1.8.0                pyhd8ed1ab_0             conda-forge
2025-02-23T16:23:38.6773429Z   wheel                          0.43.0               pyhd8ed1ab_1             conda-forge
2025-02-23T16:23:38.6773821Z   widgetsnbextension             3.6.6                pyhd8ed1ab_0             conda-forge
2025-02-23T16:23:38.6774212Z   xorg-kbproto                   1.0.7                h7f98852_1002            conda-forge
2025-02-23T16:23:38.6774570Z   xorg-libice                    1.1.1                hd590300_0               conda-forge
2025-02-23T16:23:38.6774920Z   xorg-libsm                     1.2.4                h7391055_0               conda-forge
2025-02-23T16:23:38.6775273Z   xorg-libx11                    1.8.9                h8ee46fc_0               conda-forge
2025-02-23T16:23:38.6775626Z   xorg-libxau                    1.0.11               hd590300_0               conda-forge
2025-02-23T16:23:38.6775986Z   xorg-libxdmcp                  1.1.3                h7f98852_0               conda-forge
2025-02-23T16:23:38.6776346Z   xorg-libxext                   1.3.4                h0b41bf4_2               conda-forge
2025-02-23T16:23:38.6776721Z   xorg-libxrender                0.9.11               hd590300_0               conda-forge
2025-02-23T16:23:38.6777116Z   xorg-renderproto               0.11.1               h7f98852_1002            conda-forge
2025-02-23T16:23:38.6777533Z   xorg-xextproto                 7.3.0                h0b41bf4_1003            conda-forge
2025-02-23T16:23:38.6777898Z   xorg-xproto                    7.0.31               h7f98852_1007            conda-forge
2025-02-23T16:23:38.6778229Z   xz                             5.2.6                h166bdaf_0               conda-forge
2025-02-23T16:23:38.6778537Z   yaml                           0.2.5                h7f98852_2               conda-forge
2025-02-23T16:23:38.6778854Z   zeromq                         4.3.5                h75354e8_4               conda-forge
2025-02-23T16:23:38.6779179Z   zipp                           3.19.2               pyhd8ed1ab_0             conda-forge
2025-02-23T16:23:38.6779500Z   zlib                           1.3.1                h4ab18f5_1               conda-forge
2025-02-23T16:23:38.6779823Z   zlib-ng                        2.0.7                h0b41bf4_0               conda-forge
2025-02-23T16:23:38.6780143Z   zstd                           1.5.6                ha6fb4c9_0               conda-forge
2025-02-23T16:23:38.6780678Z ##[endgroup]
2025-02-23T16:23:38.6814090Z ##[group]Run pip install -e . --user
2025-02-23T16:23:38.6814410Z [36;1mpip install -e . --user[0m
2025-02-23T16:23:38.6871125Z shell: /usr/bin/bash -l {0}
2025-02-23T16:23:38.6871377Z env:
2025-02-23T16:23:38.6871554Z   CACHE_NUMBER: 0
2025-02-23T16:23:38.6872182Z   PYTEST_FLAGS: --tardis-regression-data=/home/runner/work/tardis/tardis/tardis-regression-data --cov=tardis --cov-report=xml --cov-report=html --cov-append
2025-02-23T16:23:38.6873010Z   CODECOV_TOKEN: 
2025-02-23T16:23:38.6873235Z   MAMBA_ROOT_PREFIX: /home/runner/micromamba
2025-02-23T16:23:38.6873538Z   MAMBA_EXE: /home/runner/micromamba-bin/micromamba
2025-02-23T16:23:38.6873886Z   CONDARC: /home/runner/work/_temp/setup-micromamba/.condarc
2025-02-23T16:23:38.6874358Z ##[endgroup]
2025-02-23T16:23:39.3840388Z Obtaining file:///home/runner/work/tardis/tardis
2025-02-23T16:23:39.3872273Z   Installing build dependencies: started
2025-02-23T16:23:42.1113898Z   Installing build dependencies: finished with status 'done'
2025-02-23T16:23:42.1120905Z   Checking if build backend supports build_editable: started
2025-02-23T16:23:42.2313303Z   Checking if build backend supports build_editable: finished with status 'done'
2025-02-23T16:23:42.2320652Z   Getting requirements to build editable: started
2025-02-23T16:23:42.7114936Z   Getting requirements to build editable: finished with status 'done'
2025-02-23T16:23:42.7123834Z   Preparing editable metadata (pyproject.toml): started
2025-02-23T16:23:43.1620927Z   Preparing editable metadata (pyproject.toml): finished with status 'done'
2025-02-23T16:23:43.2214960Z Requirement already satisfied: astropy in /home/runner/micromamba/envs/tardis/lib/python3.12/site-packages (from tardis==0.0.0) (6.1.1)
2025-02-23T16:23:43.2600941Z Requirement already satisfied: numpy>=1.23 in /home/runner/micromamba/envs/tardis/lib/python3.12/site-packages (from astropy->tardis==0.0.0) (1.26.4)
2025-02-23T16:23:43.2610051Z Requirement already satisfied: pyerfa>=2.0.1.1 in /home/runner/micromamba/envs/tardis/lib/python3.12/site-packages (from astropy->tardis==0.0.0) (2.0.1.4)
2025-02-23T16:23:43.2620323Z Requirement already satisfied: astropy-iers-data>=0.2024.5.27.0.30.8 in /home/runner/micromamba/envs/tardis/lib/python3.12/site-packages (from astropy->tardis==0.0.0) (0.2024.6.17.0.31.35)
2025-02-23T16:23:43.2628643Z Requirement already satisfied: PyYAML>=3.13 in /home/runner/micromamba/envs/tardis/lib/python3.12/site-packages (from astropy->tardis==0.0.0) (6.0.1)
2025-02-23T16:23:43.2638306Z Requirement already satisfied: packaging>=19.0 in /home/runner/micromamba/envs/tardis/lib/python3.12/site-packages (from astropy->tardis==0.0.0) (24.1)
2025-02-23T16:23:43.2725426Z Building wheels for collected packages: tardis
2025-02-23T16:23:43.2734026Z   Building editable for tardis (pyproject.toml): started
2025-02-23T16:23:44.0121479Z   Building editable for tardis (pyproject.toml): finished with status 'done'
2025-02-23T16:23:44.0129062Z   Created wheel for tardis: filename=tardis-0.0.0-0.editable-py3-none-any.whl size=8879 sha256=4bbf0dafa49b4ea74e15767a6a5f5d03704a7dafe53870eaa1d1ecf66e1117aa
2025-02-23T16:23:44.0130823Z   Stored in directory: /tmp/pip-ephem-wheel-cache-ziikj1u8/wheels/6a/c7/ae/89fa6dc2565455898176888ef0e2e475e4e90eb0124afcb995
2025-02-23T16:23:44.0157536Z Successfully built tardis
2025-02-23T16:23:44.7897706Z Installing collected packages: tardis
2025-02-23T16:23:44.7985948Z Successfully installed tardis-0.0.0
2025-02-23T16:23:44.9928585Z ##[group]Run pip install qgridnext
2025-02-23T16:23:44.9928911Z [36;1mpip install qgridnext[0m
2025-02-23T16:23:44.9983041Z shell: /usr/bin/bash -l {0}
2025-02-23T16:23:44.9983336Z env:
2025-02-23T16:23:44.9983512Z   CACHE_NUMBER: 0
2025-02-23T16:23:44.9984139Z   PYTEST_FLAGS: --tardis-regression-data=/home/runner/work/tardis/tardis/tardis-regression-data --cov=tardis --cov-report=xml --cov-report=html --cov-append
2025-02-23T16:23:44.9984800Z   CODECOV_TOKEN: 
2025-02-23T16:23:44.9985017Z   MAMBA_ROOT_PREFIX: /home/runner/micromamba
2025-02-23T16:23:44.9985319Z   MAMBA_EXE: /home/runner/micromamba-bin/micromamba
2025-02-23T16:23:44.9985667Z   CONDARC: /home/runner/work/_temp/setup-micromamba/.condarc
2025-02-23T16:23:44.9985982Z ##[endgroup]
2025-02-23T16:23:45.6837942Z Collecting qgridnext
2025-02-23T16:23:45.7563137Z   Downloading qgridnext-2.0.4-py3-none-any.whl.metadata (9.9 kB)
2025-02-23T16:23:45.7656580Z Requirement already satisfied: pandas>=0.20.0 in /home/runner/micromamba/envs/tardis/lib/python3.12/site-packages (from qgridnext) (2.2.2)
2025-02-23T16:23:45.7665106Z Requirement already satisfied: ipywidgets>=7.0.0 in /home/runner/micromamba/envs/tardis/lib/python3.12/site-packages (from qgridnext) (7.8.0)
2025-02-23T16:23:45.7674172Z Requirement already satisfied: numpy in /home/runner/micromamba/envs/tardis/lib/python3.12/site-packages (from qgridnext) (1.26.4)
2025-02-23T16:23:45.7684173Z Requirement already satisfied: traitlets in /home/runner/micromamba/envs/tardis/lib/python3.12/site-packages (from qgridnext) (5.14.3)
2025-02-23T16:23:45.7767778Z Requirement already satisfied: comm>=0.1.3 in /home/runner/micromamba/envs/tardis/lib/python3.12/site-packages (from ipywidgets>=7.0.0->qgridnext) (0.2.2)
2025-02-23T16:23:45.7776511Z Requirement already satisfied: ipython-genutils~=0.2.0 in /home/runner/micromamba/envs/tardis/lib/python3.12/site-packages (from ipywidgets>=7.0.0->qgridnext) (0.2.0)
2025-02-23T16:23:45.7788951Z Requirement already satisfied: widgetsnbextension~=3.6.5 in /home/runner/micromamba/envs/tardis/lib/python3.12/site-packages (from ipywidgets>=7.0.0->qgridnext) (3.6.6)
2025-02-23T16:23:45.7806470Z Requirement already satisfied: ipython>=4.0.0 in /home/runner/micromamba/envs/tardis/lib/python3.12/site-packages (from ipywidgets>=7.0.0->qgridnext) (8.25.0)
2025-02-23T16:23:45.7833464Z Requirement already satisfied: jupyterlab-widgets<3,>=1.0.0 in /home/runner/micromamba/envs/tardis/lib/python3.12/site-packages (from ipywidgets>=7.0.0->qgridnext) (1.1.7)
2025-02-23T16:23:45.8272133Z Requirement already satisfied: python-dateutil>=2.8.2 in /home/runner/micromamba/envs/tardis/lib/python3.12/site-packages (from pandas>=0.20.0->qgridnext) (2.9.0)
2025-02-23T16:23:45.8285472Z Requirement already satisfied: pytz>=2020.1 in /home/runner/micromamba/envs/tardis/lib/python3.12/site-packages (from pandas>=0.20.0->qgridnext) (2024.1)
2025-02-23T16:23:45.8293180Z Requirement already satisfied: tzdata>=2022.7 in /home/runner/micromamba/envs/tardis/lib/python3.12/site-packages (from pandas>=0.20.0->qgridnext) (2024.1)
2025-02-23T16:23:45.8612575Z Requirement already satisfied: decorator in /home/runner/micromamba/envs/tardis/lib/python3.12/site-packages (from ipython>=4.0.0->ipywidgets>=7.0.0->qgridnext) (5.1.1)
2025-02-23T16:23:45.8626838Z Requirement already satisfied: jedi>=0.16 in /home/runner/micromamba/envs/tardis/lib/python3.12/site-packages (from ipython>=4.0.0->ipywidgets>=7.0.0->qgridnext) (0.19.1)
2025-02-23T16:23:45.8634841Z Requirement already satisfied: matplotlib-inline in /home/runner/micromamba/envs/tardis/lib/python3.12/site-packages (from ipython>=4.0.0->ipywidgets>=7.0.0->qgridnext) (0.1.7)
2025-02-23T16:23:45.8645457Z Requirement already satisfied: prompt-toolkit<3.1.0,>=3.0.41 in /home/runner/micromamba/envs/tardis/lib/python3.12/site-packages (from ipython>=4.0.0->ipywidgets>=7.0.0->qgridnext) (3.0.47)
2025-02-23T16:23:45.8654367Z Requirement already satisfied: pygments>=2.4.0 in /home/runner/micromamba/envs/tardis/lib/python3.12/site-packages (from ipython>=4.0.0->ipywidgets>=7.0.0->qgridnext) (2.18.0)
2025-02-23T16:23:45.8663701Z Requirement already satisfied: stack-data in /home/runner/micromamba/envs/tardis/lib/python3.12/site-packages (from ipython>=4.0.0->ipywidgets>=7.0.0->qgridnext) (0.6.2)
2025-02-23T16:23:45.8682157Z Requirement already satisfied: pexpect>4.3 in /home/runner/micromamba/envs/tardis/lib/python3.12/site-packages (from ipython>=4.0.0->ipywidgets>=7.0.0->qgridnext) (4.9.0)
2025-02-23T16:23:45.8729218Z Requirement already satisfied: six>=1.5 in /home/runner/micromamba/envs/tardis/lib/python3.12/site-packages (from python-dateutil>=2.8.2->pandas>=0.20.0->qgridnext) (1.16.0)
2025-02-23T16:23:45.8785836Z Requirement already satisfied: notebook>=4.4.1 in /home/runner/micromamba/envs/tardis/lib/python3.12/site-packages (from widgetsnbextension~=3.6.5->ipywidgets>=7.0.0->qgridnext) (7.2.1)
2025-02-23T16:23:45.8973585Z Requirement already satisfied: parso<0.9.0,>=0.8.3 in /home/runner/micromamba/envs/tardis/lib/python3.12/site-packages (from jedi>=0.16->ipython>=4.0.0->ipywidgets>=7.0.0->qgridnext) (0.8.4)
2025-02-23T16:23:45.9117509Z Requirement already satisfied: jupyter-server<3,>=2.4.0 in /home/runner/micromamba/envs/tardis/lib/python3.12/site-packages (from notebook>=4.4.1->widgetsnbextension~=3.6.5->ipywidgets>=7.0.0->qgridnext) (2.14.1)
2025-02-23T16:23:45.9130255Z Requirement already satisfied: jupyterlab-server<3,>=2.27.1 in /home/runner/micromamba/envs/tardis/lib/python3.12/site-packages (from notebook>=4.4.1->widgetsnbextension~=3.6.5->ipywidgets>=7.0.0->qgridnext) (2.27.2)
2025-02-23T16:23:45.9144861Z Requirement already satisfied: jupyterlab<4.3,>=4.2.0 in /home/runner/micromamba/envs/tardis/lib/python3.12/site-packages (from notebook>=4.4.1->widgetsnbextension~=3.6.5->ipywidgets>=7.0.0->qgridnext) (4.2.2)
2025-02-23T16:23:45.9154982Z Requirement already satisfied: notebook-shim<0.3,>=0.2 in /home/runner/micromamba/envs/tardis/lib/python3.12/site-packages (from notebook>=4.4.1->widgetsnbextension~=3.6.5->ipywidgets>=7.0.0->qgridnext) (0.2.4)
2025-02-23T16:23:45.9162906Z Requirement already satisfied: tornado>=6.2.0 in /home/runner/micromamba/envs/tardis/lib/python3.12/site-packages (from notebook>=4.4.1->widgetsnbextension~=3.6.5->ipywidgets>=7.0.0->qgridnext) (6.4.1)
2025-02-23T16:23:45.9191985Z Requirement already satisfied: ptyprocess>=0.5 in /home/runner/micromamba/envs/tardis/lib/python3.12/site-packages (from pexpect>4.3->ipython>=4.0.0->ipywidgets>=7.0.0->qgridnext) (0.7.0)
2025-02-23T16:23:45.9220639Z Requirement already satisfied: wcwidth in /home/runner/micromamba/envs/tardis/lib/python3.12/site-packages (from prompt-toolkit<3.1.0,>=3.0.41->ipython>=4.0.0->ipywidgets>=7.0.0->qgridnext) (0.2.13)
2025-02-23T16:23:45.9357244Z Requirement already satisfied: executing>=1.2.0 in /home/runner/micromamba/envs/tardis/lib/python3.12/site-packages (from stack-data->ipython>=4.0.0->ipywidgets>=7.0.0->qgridnext) (2.0.1)
2025-02-23T16:23:45.9366286Z Requirement already satisfied: asttokens>=2.1.0 in /home/runner/micromamba/envs/tardis/lib/python3.12/site-packages (from stack-data->ipython>=4.0.0->ipywidgets>=7.0.0->qgridnext) (2.4.1)
2025-02-23T16:23:45.9373748Z Requirement already satisfied: pure-eval in /home/runner/micromamba/envs/tardis/lib/python3.12/site-packages (from stack-data->ipython>=4.0.0->ipywidgets>=7.0.0->qgridnext) (0.2.2)
2025-02-23T16:23:45.9708885Z Requirement already satisfied: anyio>=3.1.0 in /home/runner/micromamba/envs/tardis/lib/python3.12/site-packages (from jupyter-server<3,>=2.4.0->notebook>=4.4.1->widgetsnbextension~=3.6.5->ipywidgets>=7.0.0->qgridnext) (4.4.0)
2025-02-23T16:23:45.9718554Z Requirement already satisfied: argon2-cffi>=21.1 in /home/runner/micromamba/envs/tardis/lib/python3.12/site-packages (from jupyter-server<3,>=2.4.0->notebook>=4.4.1->widgetsnbextension~=3.6.5->ipywidgets>=7.0.0->qgridnext) (23.1.0)
2025-02-23T16:23:45.9727331Z Requirement already satisfied: jinja2>=3.0.3 in /home/runner/micromamba/envs/tardis/lib/python3.12/site-packages (from jupyter-server<3,>=2.4.0->notebook>=4.4.1->widgetsnbextension~=3.6.5->ipywidgets>=7.0.0->qgridnext) (3.1.4)
2025-02-23T16:23:45.9738617Z Requirement already satisfied: jupyter-client>=7.4.4 in /home/runner/micromamba/envs/tardis/lib/python3.12/site-packages (from jupyter-server<3,>=2.4.0->notebook>=4.4.1->widgetsnbextension~=3.6.5->ipywidgets>=7.0.0->qgridnext) (8.6.2)
2025-02-23T16:23:45.9750015Z Requirement already satisfied: jupyter-core!=5.0.*,>=4.12 in /home/runner/micromamba/envs/tardis/lib/python3.12/site-packages (from jupyter-server<3,>=2.4.0->notebook>=4.4.1->widgetsnbextension~=3.6.5->ipywidgets>=7.0.0->qgridnext) (5.7.2)
2025-02-23T16:23:45.9760927Z Requirement already satisfied: jupyter-events>=0.9.0 in /home/runner/micromamba/envs/tardis/lib/python3.12/site-packages (from jupyter-server<3,>=2.4.0->notebook>=4.4.1->widgetsnbextension~=3.6.5->ipywidgets>=7.0.0->qgridnext) (0.10.0)
2025-02-23T16:23:45.9771640Z Requirement already satisfied: jupyter-server-terminals>=0.4.4 in /home/runner/micromamba/envs/tardis/lib/python3.12/site-packages (from jupyter-server<3,>=2.4.0->notebook>=4.4.1->widgetsnbextension~=3.6.5->ipywidgets>=7.0.0->qgridnext) (0.5.3)
2025-02-23T16:23:45.9785160Z Requirement already satisfied: nbconvert>=6.4.4 in /home/runner/micromamba/envs/tardis/lib/python3.12/site-packages (from jupyter-server<3,>=2.4.0->notebook>=4.4.1->widgetsnbextension~=3.6.5->ipywidgets>=7.0.0->qgridnext) (7.16.4)
2025-02-23T16:23:45.9795570Z Requirement already satisfied: nbformat>=5.3.0 in /home/runner/micromamba/envs/tardis/lib/python3.12/site-packages (from jupyter-server<3,>=2.4.0->notebook>=4.4.1->widgetsnbextension~=3.6.5->ipywidgets>=7.0.0->qgridnext) (5.10.4)
2025-02-23T16:23:45.9804447Z Requirement already satisfied: overrides>=5.0 in /home/runner/micromamba/envs/tardis/lib/python3.12/site-packages (from jupyter-server<3,>=2.4.0->notebook>=4.4.1->widgetsnbextension~=3.6.5->ipywidgets>=7.0.0->qgridnext) (7.7.0)
2025-02-23T16:23:45.9813912Z Requirement already satisfied: packaging>=22.0 in /home/runner/micromamba/envs/tardis/lib/python3.12/site-packages (from jupyter-server<3,>=2.4.0->notebook>=4.4.1->widgetsnbextension~=3.6.5->ipywidgets>=7.0.0->qgridnext) (24.1)
2025-02-23T16:23:45.9821946Z Requirement already satisfied: prometheus-client>=0.9 in /home/runner/micromamba/envs/tardis/lib/python3.12/site-packages (from jupyter-server<3,>=2.4.0->notebook>=4.4.1->widgetsnbextension~=3.6.5->ipywidgets>=7.0.0->qgridnext) (0.20.0)
2025-02-23T16:23:45.9832607Z Requirement already satisfied: pyzmq>=24 in /home/runner/micromamba/envs/tardis/lib/python3.12/site-packages (from jupyter-server<3,>=2.4.0->notebook>=4.4.1->widgetsnbextension~=3.6.5->ipywidgets>=7.0.0->qgridnext) (26.0.3)
2025-02-23T16:23:45.9841187Z Requirement already satisfied: send2trash>=1.8.2 in /home/runner/micromamba/envs/tardis/lib/python3.12/site-packages (from jupyter-server<3,>=2.4.0->notebook>=4.4.1->widgetsnbextension~=3.6.5->ipywidgets>=7.0.0->qgridnext) (1.8.3)
2025-02-23T16:23:45.9852831Z Requirement already satisfied: terminado>=0.8.3 in /home/runner/micromamba/envs/tardis/lib/python3.12/site-packages (from jupyter-server<3,>=2.4.0->notebook>=4.4.1->widgetsnbextension~=3.6.5->ipywidgets>=7.0.0->qgridnext) (0.18.1)
2025-02-23T16:23:45.9869663Z Requirement already satisfied: websocket-client>=1.7 in /home/runner/micromamba/envs/tardis/lib/python3.12/site-packages (from jupyter-server<3,>=2.4.0->notebook>=4.4.1->widgetsnbextension~=3.6.5->ipywidgets>=7.0.0->qgridnext) (1.8.0)
2025-02-23T16:23:46.0151262Z Requirement already satisfied: async-lru>=1.0.0 in /home/runner/micromamba/envs/tardis/lib/python3.12/site-packages (from jupyterlab<4.3,>=4.2.0->notebook>=4.4.1->widgetsnbextension~=3.6.5->ipywidgets>=7.0.0->qgridnext) (2.0.4)
2025-02-23T16:23:46.0163087Z Requirement already satisfied: httpx>=0.25.0 in /home/runner/micromamba/envs/tardis/lib/python3.12/site-packages (from jupyterlab<4.3,>=4.2.0->notebook>=4.4.1->widgetsnbextension~=3.6.5->ipywidgets>=7.0.0->qgridnext) (0.27.0)
2025-02-23T16:23:46.0174411Z Requirement already satisfied: ipykernel>=6.5.0 in /home/runner/micromamba/envs/tardis/lib/python3.12/site-packages (from jupyterlab<4.3,>=4.2.0->notebook>=4.4.1->widgetsnbextension~=3.6.5->ipywidgets>=7.0.0->qgridnext) (6.29.4)
2025-02-23T16:23:46.0188239Z Requirement already satisfied: jupyter-lsp>=2.0.0 in /home/runner/micromamba/envs/tardis/lib/python3.12/site-packages (from jupyterlab<4.3,>=4.2.0->notebook>=4.4.1->widgetsnbextension~=3.6.5->ipywidgets>=7.0.0->qgridnext) (2.2.5)
2025-02-23T16:23:46.0214382Z Requirement already satisfied: setuptools>=40.1.0 in /home/runner/micromamba/envs/tardis/lib/python3.12/site-packages (from jupyterlab<4.3,>=4.2.0->notebook>=4.4.1->widgetsnbextension~=3.6.5->ipywidgets>=7.0.0->qgridnext) (70.0.0)
2025-02-23T16:23:46.0403054Z Requirement already satisfied: babel>=2.10 in /home/runner/micromamba/envs/tardis/lib/python3.12/site-packages (from jupyterlab-server<3,>=2.27.1->notebook>=4.4.1->widgetsnbextension~=3.6.5->ipywidgets>=7.0.0->qgridnext) (2.14.0)
2025-02-23T16:23:46.0428775Z Requirement already satisfied: json5>=0.9.0 in /home/runner/micromamba/envs/tardis/lib/python3.12/site-packages (from jupyterlab-server<3,>=2.27.1->notebook>=4.4.1->widgetsnbextension~=3.6.5->ipywidgets>=7.0.0->qgridnext) (0.9.25)
2025-02-23T16:23:46.0439250Z Requirement already satisfied: jsonschema>=4.18.0 in /home/runner/micromamba/envs/tardis/lib/python3.12/site-packages (from jupyterlab-server<3,>=2.27.1->notebook>=4.4.1->widgetsnbextension~=3.6.5->ipywidgets>=7.0.0->qgridnext) (4.22.0)
2025-02-23T16:23:46.0457339Z Requirement already satisfied: requests>=2.31 in /home/runner/micromamba/envs/tardis/lib/python3.12/site-packages (from jupyterlab-server<3,>=2.27.1->notebook>=4.4.1->widgetsnbextension~=3.6.5->ipywidgets>=7.0.0->qgridnext) (2.32.3)
2025-02-23T16:23:46.0810195Z Requirement already satisfied: idna>=2.8 in /home/runner/micromamba/envs/tardis/lib/python3.12/site-packages (from anyio>=3.1.0->jupyter-server<3,>=2.4.0->notebook>=4.4.1->widgetsnbextension~=3.6.5->ipywidgets>=7.0.0->qgridnext) (3.7)
2025-02-23T16:23:46.0818994Z Requirement already satisfied: sniffio>=1.1 in /home/runner/micromamba/envs/tardis/lib/python3.12/site-packages (from anyio>=3.1.0->jupyter-server<3,>=2.4.0->notebook>=4.4.1->widgetsnbextension~=3.6.5->ipywidgets>=7.0.0->qgridnext) (1.3.1)
2025-02-23T16:23:46.0909784Z Requirement already satisfied: argon2-cffi-bindings in /home/runner/micromamba/envs/tardis/lib/python3.12/site-packages (from argon2-cffi>=21.1->jupyter-server<3,>=2.4.0->notebook>=4.4.1->widgetsnbextension~=3.6.5->ipywidgets>=7.0.0->qgridnext) (21.2.0)
2025-02-23T16:23:46.1082235Z Requirement already satisfied: certifi in /home/runner/micromamba/envs/tardis/lib/python3.12/site-packages (from httpx>=0.25.0->jupyterlab<4.3,>=4.2.0->notebook>=4.4.1->widgetsnbextension~=3.6.5->ipywidgets>=7.0.0->qgridnext) (2024.6.2)
2025-02-23T16:23:46.1097171Z Requirement already satisfied: httpcore==1.* in /home/runner/micromamba/envs/tardis/lib/python3.12/site-packages (from httpx>=0.25.0->jupyterlab<4.3,>=4.2.0->notebook>=4.4.1->widgetsnbextension~=3.6.5->ipywidgets>=7.0.0->qgridnext) (1.0.5)
2025-02-23T16:23:46.1175031Z Requirement already satisfied: h11<0.15,>=0.13 in /home/runner/micromamba/envs/tardis/lib/python3.12/site-packages (from httpcore==1.*->httpx>=0.25.0->jupyterlab<4.3,>=4.2.0->notebook>=4.4.1->widgetsnbextension~=3.6.5->ipywidgets>=7.0.0->qgridnext) (0.14.0)
2025-02-23T16:23:46.1359063Z Requirement already satisfied: debugpy>=1.6.5 in /home/runner/micromamba/envs/tardis/lib/python3.12/site-packages (from ipykernel>=6.5.0->jupyterlab<4.3,>=4.2.0->notebook>=4.4.1->widgetsnbextension~=3.6.5->ipywidgets>=7.0.0->qgridnext) (1.8.1)
2025-02-23T16:23:46.1379738Z Requirement already satisfied: nest-asyncio in /home/runner/micromamba/envs/tardis/lib/python3.12/site-packages (from ipykernel>=6.5.0->jupyterlab<4.3,>=4.2.0->notebook>=4.4.1->widgetsnbextension~=3.6.5->ipywidgets>=7.0.0->qgridnext) (1.6.0)
2025-02-23T16:23:46.1394394Z Requirement already satisfied: psutil in /home/runner/micromamba/envs/tardis/lib/python3.12/site-packages (from ipykernel>=6.5.0->jupyterlab<4.3,>=4.2.0->notebook>=4.4.1->widgetsnbextension~=3.6.5->ipywidgets>=7.0.0->qgridnext) (5.9.8)
2025-02-23T16:23:46.1457544Z Requirement already satisfied: MarkupSafe>=2.0 in /home/runner/micromamba/envs/tardis/lib/python3.12/site-packages (from jinja2>=3.0.3->jupyter-server<3,>=2.4.0->notebook>=4.4.1->widgetsnbextension~=3.6.5->ipywidgets>=7.0.0->qgridnext) (2.1.5)
2025-02-23T16:23:46.1649071Z Requirement already satisfied: attrs>=22.2.0 in /home/runner/micromamba/envs/tardis/lib/python3.12/site-packages (from jsonschema>=4.18.0->jupyterlab-server<3,>=2.27.1->notebook>=4.4.1->widgetsnbextension~=3.6.5->ipywidgets>=7.0.0->qgridnext) (23.2.0)
2025-02-23T16:23:46.1659141Z Requirement already satisfied: jsonschema-specifications>=2023.03.6 in /home/runner/micromamba/envs/tardis/lib/python3.12/site-packages (from jsonschema>=4.18.0->jupyterlab-server<3,>=2.27.1->notebook>=4.4.1->widgetsnbextension~=3.6.5->ipywidgets>=7.0.0->qgridnext) (2023.12.1)
2025-02-23T16:23:46.1667710Z Requirement already satisfied: referencing>=0.28.4 in /home/runner/micromamba/envs/tardis/lib/python3.12/site-packages (from jsonschema>=4.18.0->jupyterlab-server<3,>=2.27.1->notebook>=4.4.1->widgetsnbextension~=3.6.5->ipywidgets>=7.0.0->qgridnext) (0.35.1)
2025-02-23T16:23:46.1676723Z Requirement already satisfied: rpds-py>=0.7.1 in /home/runner/micromamba/envs/tardis/lib/python3.12/site-packages (from jsonschema>=4.18.0->jupyterlab-server<3,>=2.27.1->notebook>=4.4.1->widgetsnbextension~=3.6.5->ipywidgets>=7.0.0->qgridnext) (0.18.1)
2025-02-23T16:23:46.1937941Z Requirement already satisfied: platformdirs>=2.5 in /home/runner/micromamba/envs/tardis/lib/python3.12/site-packages (from jupyter-core!=5.0.*,>=4.12->jupyter-server<3,>=2.4.0->notebook>=4.4.1->widgetsnbextension~=3.6.5->ipywidgets>=7.0.0->qgridnext) (4.2.2)
2025-02-23T16:23:46.2086832Z Requirement already satisfied: python-json-logger>=2.0.4 in /home/runner/micromamba/envs/tardis/lib/python3.12/site-packages (from jupyter-events>=0.9.0->jupyter-server<3,>=2.4.0->notebook>=4.4.1->widgetsnbextension~=3.6.5->ipywidgets>=7.0.0->qgridnext) (2.0.7)
2025-02-23T16:23:46.2095431Z Requirement already satisfied: pyyaml>=5.3 in /home/runner/micromamba/envs/tardis/lib/python3.12/site-packages (from jupyter-events>=0.9.0->jupyter-server<3,>=2.4.0->notebook>=4.4.1->widgetsnbextension~=3.6.5->ipywidgets>=7.0.0->qgridnext) (6.0.1)
2025-02-23T16:23:46.2105371Z Requirement already satisfied: rfc3339-validator in /home/runner/micromamba/envs/tardis/lib/python3.12/site-packages (from jupyter-events>=0.9.0->jupyter-server<3,>=2.4.0->notebook>=4.4.1->widgetsnbextension~=3.6.5->ipywidgets>=7.0.0->qgridnext) (0.1.4)
2025-02-23T16:23:46.2113730Z Requirement already satisfied: rfc3986-validator>=0.1.1 in /home/runner/micromamba/envs/tardis/lib/python3.12/site-packages (from jupyter-events>=0.9.0->jupyter-server<3,>=2.4.0->notebook>=4.4.1->widgetsnbextension~=3.6.5->ipywidgets>=7.0.0->qgridnext) (0.1.1)
2025-02-23T16:23:46.2542087Z Requirement already satisfied: beautifulsoup4 in /home/runner/micromamba/envs/tardis/lib/python3.12/site-packages (from nbconvert>=6.4.4->jupyter-server<3,>=2.4.0->notebook>=4.4.1->widgetsnbextension~=3.6.5->ipywidgets>=7.0.0->qgridnext) (4.12.3)
2025-02-23T16:23:46.2561296Z Requirement already satisfied: bleach!=5.0.0 in /home/runner/micromamba/envs/tardis/lib/python3.12/site-packages (from nbconvert>=6.4.4->jupyter-server<3,>=2.4.0->notebook>=4.4.1->widgetsnbextension~=3.6.5->ipywidgets>=7.0.0->qgridnext) (6.1.0)
2025-02-23T16:23:46.2575515Z Requirement already satisfied: defusedxml in /home/runner/micromamba/envs/tardis/lib/python3.12/site-packages (from nbconvert>=6.4.4->jupyter-server<3,>=2.4.0->notebook>=4.4.1->widgetsnbextension~=3.6.5->ipywidgets>=7.0.0->qgridnext) (0.7.1)
2025-02-23T16:23:46.2589764Z Requirement already satisfied: jupyterlab-pygments in /home/runner/micromamba/envs/tardis/lib/python3.12/site-packages (from nbconvert>=6.4.4->jupyter-server<3,>=2.4.0->notebook>=4.4.1->widgetsnbextension~=3.6.5->ipywidgets>=7.0.0->qgridnext) (0.3.0)
2025-02-23T16:23:46.2601447Z Requirement already satisfied: mistune<4,>=2.0.3 in /home/runner/micromamba/envs/tardis/lib/python3.12/site-packages (from nbconvert>=6.4.4->jupyter-server<3,>=2.4.0->notebook>=4.4.1->widgetsnbextension~=3.6.5->ipywidgets>=7.0.0->qgridnext) (3.0.2)
2025-02-23T16:23:46.2613509Z Requirement already satisfied: nbclient>=0.5.0 in /home/runner/micromamba/envs/tardis/lib/python3.12/site-packages (from nbconvert>=6.4.4->jupyter-server<3,>=2.4.0->notebook>=4.4.1->widgetsnbextension~=3.6.5->ipywidgets>=7.0.0->qgridnext) (0.10.0)
2025-02-23T16:23:46.2629639Z Requirement already satisfied: pandocfilters>=1.4.1 in /home/runner/micromamba/envs/tardis/lib/python3.12/site-packages (from nbconvert>=6.4.4->jupyter-server<3,>=2.4.0->notebook>=4.4.1->widgetsnbextension~=3.6.5->ipywidgets>=7.0.0->qgridnext) (1.5.0)
2025-02-23T16:23:46.2638977Z Requirement already satisfied: tinycss2 in /home/runner/micromamba/envs/tardis/lib/python3.12/site-packages (from nbconvert>=6.4.4->jupyter-server<3,>=2.4.0->notebook>=4.4.1->widgetsnbextension~=3.6.5->ipywidgets>=7.0.0->qgridnext) (1.3.0)
2025-02-23T16:23:46.2752674Z Requirement already satisfied: fastjsonschema>=2.15 in /home/runner/micromamba/envs/tardis/lib/python3.12/site-packages (from nbformat>=5.3.0->jupyter-server<3,>=2.4.0->notebook>=4.4.1->widgetsnbextension~=3.6.5->ipywidgets>=7.0.0->qgridnext) (2.20.0)
2025-02-23T16:23:46.3057549Z Requirement already satisfied: charset-normalizer<4,>=2 in /home/runner/micromamba/envs/tardis/lib/python3.12/site-packages (from requests>=2.31->jupyterlab-server<3,>=2.27.1->notebook>=4.4.1->widgetsnbextension~=3.6.5->ipywidgets>=7.0.0->qgridnext) (3.3.2)
2025-02-23T16:23:46.3070939Z Requirement already satisfied: urllib3<3,>=1.21.1 in /home/runner/micromamba/envs/tardis/lib/python3.12/site-packages (from requests>=2.31->jupyterlab-server<3,>=2.27.1->notebook>=4.4.1->widgetsnbextension~=3.6.5->ipywidgets>=7.0.0->qgridnext) (2.2.2)
2025-02-23T16:23:46.3841866Z Requirement already satisfied: webencodings in /home/runner/micromamba/envs/tardis/lib/python3.12/site-packages (from bleach!=5.0.0->nbconvert>=6.4.4->jupyter-server<3,>=2.4.0->notebook>=4.4.1->widgetsnbextension~=3.6.5->ipywidgets>=7.0.0->qgridnext) (0.5.1)
2025-02-23T16:23:46.4410924Z Requirement already satisfied: fqdn in /home/runner/micromamba/envs/tardis/lib/python3.12/site-packages (from jsonschema[format-nongpl]>=4.18.0->jupyter-events>=0.9.0->jupyter-server<3,>=2.4.0->notebook>=4.4.1->widgetsnbextension~=3.6.5->ipywidgets>=7.0.0->qgridnext) (1.5.1)
2025-02-23T16:23:46.4428320Z Requirement already satisfied: isoduration in /home/runner/micromamba/envs/tardis/lib/python3.12/site-packages (from jsonschema[format-nongpl]>=4.18.0->jupyter-events>=0.9.0->jupyter-server<3,>=2.4.0->notebook>=4.4.1->widgetsnbextension~=3.6.5->ipywidgets>=7.0.0->qgridnext) (20.11.0)
2025-02-23T16:23:46.4441454Z Requirement already satisfied: jsonpointer>1.13 in /home/runner/micromamba/envs/tardis/lib/python3.12/site-packages (from jsonschema[format-nongpl]>=4.18.0->jupyter-events>=0.9.0->jupyter-server<3,>=2.4.0->notebook>=4.4.1->widgetsnbextension~=3.6.5->ipywidgets>=7.0.0->qgridnext) (3.0.0)
2025-02-23T16:23:46.4457939Z Requirement already satisfied: uri-template in /home/runner/micromamba/envs/tardis/lib/python3.12/site-packages (from jsonschema[format-nongpl]>=4.18.0->jupyter-events>=0.9.0->jupyter-server<3,>=2.4.0->notebook>=4.4.1->widgetsnbextension~=3.6.5->ipywidgets>=7.0.0->qgridnext) (1.3.0)
2025-02-23T16:23:46.4471592Z Requirement already satisfied: webcolors>=1.11 in /home/runner/micromamba/envs/tardis/lib/python3.12/site-packages (from jsonschema[format-nongpl]>=4.18.0->jupyter-events>=0.9.0->jupyter-server<3,>=2.4.0->notebook>=4.4.1->widgetsnbextension~=3.6.5->ipywidgets>=7.0.0->qgridnext) (24.6.0)
2025-02-23T16:23:46.5475280Z Requirement already satisfied: cffi>=1.0.1 in /home/runner/micromamba/envs/tardis/lib/python3.12/site-packages (from argon2-cffi-bindings->argon2-cffi>=21.1->jupyter-server<3,>=2.4.0->notebook>=4.4.1->widgetsnbextension~=3.6.5->ipywidgets>=7.0.0->qgridnext) (1.16.0)
2025-02-23T16:23:46.5572236Z Requirement already satisfied: soupsieve>1.2 in /home/runner/micromamba/envs/tardis/lib/python3.12/site-packages (from beautifulsoup4->nbconvert>=6.4.4->jupyter-server<3,>=2.4.0->notebook>=4.4.1->widgetsnbextension~=3.6.5->ipywidgets>=7.0.0->qgridnext) (2.5)
2025-02-23T16:23:46.6095738Z Requirement already satisfied: pycparser in /home/runner/micromamba/envs/tardis/lib/python3.12/site-packages (from cffi>=1.0.1->argon2-cffi-bindings->argon2-cffi>=21.1->jupyter-server<3,>=2.4.0->notebook>=4.4.1->widgetsnbextension~=3.6.5->ipywidgets>=7.0.0->qgridnext) (2.22)
2025-02-23T16:23:46.6588330Z Requirement already satisfied: arrow>=0.15.0 in /home/runner/micromamba/envs/tardis/lib/python3.12/site-packages (from isoduration->jsonschema[format-nongpl]>=4.18.0->jupyter-events>=0.9.0->jupyter-server<3,>=2.4.0->notebook>=4.4.1->widgetsnbextension~=3.6.5->ipywidgets>=7.0.0->qgridnext) (1.3.0)
2025-02-23T16:23:46.6882603Z Requirement already satisfied: types-python-dateutil>=2.8.10 in /home/runner/micromamba/envs/tardis/lib/python3.12/site-packages (from arrow>=0.15.0->isoduration->jsonschema[format-nongpl]>=4.18.0->jupyter-events>=0.9.0->jupyter-server<3,>=2.4.0->notebook>=4.4.1->widgetsnbextension~=3.6.5->ipywidgets>=7.0.0->qgridnext) (2.9.0.20240316)
2025-02-23T16:23:46.7888231Z Downloading qgridnext-2.0.4-py3-none-any.whl (1.3 MB)
2025-02-23T16:23:46.8440762Z    â”â”â”â”â”â”â”â”â”â”â”â”â”â”â”â”â”â”â”â”â”â”â”â”â”â”â”â”â”â”â”â”â”â”â”â”â”â”â”â” 1.3/1.3 MB 23.7 MB/s eta 0:00:00
2025-02-23T16:23:47.6482171Z Installing collected packages: qgridnext
2025-02-23T16:23:47.7217989Z Successfully installed qgridnext-2.0.4
2025-02-23T16:23:47.8997680Z ##[group]Run pytest tardis --tardis-regression-data=/home/runner/work/tardis/tardis/tardis-regression-data --cov=tardis --cov-report=xml --cov-report=html --cov-append -m " continuum"
2025-02-23T16:23:47.8998950Z [36;1mpytest tardis --tardis-regression-data=/home/runner/work/tardis/tardis/tardis-regression-data --cov=tardis --cov-report=xml --cov-report=html --cov-append -m " continuum"[0m
2025-02-23T16:23:47.9053619Z shell: /usr/bin/bash -l {0}
2025-02-23T16:23:47.9053854Z env:
2025-02-23T16:23:47.9054028Z   CACHE_NUMBER: 0
2025-02-23T16:23:47.9054632Z   PYTEST_FLAGS: --tardis-regression-data=/home/runner/work/tardis/tardis/tardis-regression-data --cov=tardis --cov-report=xml --cov-report=html --cov-append
2025-02-23T16:23:47.9055262Z   CODECOV_TOKEN: 
2025-02-23T16:23:47.9055478Z   MAMBA_ROOT_PREFIX: /home/runner/micromamba
2025-02-23T16:23:47.9055795Z   MAMBA_EXE: /home/runner/micromamba-bin/micromamba
2025-02-23T16:23:47.9056174Z   CONDARC: /home/runner/work/_temp/setup-micromamba/.condarc
2025-02-23T16:23:47.9056486Z ##[endgroup]
2025-02-23T16:23:57.8420439Z <unknown>:143: SyntaxWarning:
2025-02-23T16:23:57.8420746Z 
2025-02-23T16:23:57.8420890Z invalid escape sequence '\s'
2025-02-23T16:23:57.8421130Z 
2025-02-23T16:23:57.8442643Z /home/runner/work/tardis/tardis/tardis/io/model/readers/artis.py:143: SyntaxWarning:
2025-02-23T16:23:57.8443063Z 
2025-02-23T16:23:57.8443173Z invalid escape sequence '\s'
2025-02-23T16:23:57.8443345Z 
2025-02-23T16:23:57.8798903Z /home/runner/work/tardis/tardis/tardis/io/model/readers/tests/test_artis_readers.py:58: SyntaxWarning:
2025-02-23T16:23:57.8799575Z 
2025-02-23T16:23:57.8799792Z assertion is always true, perhaps remove parentheses?
2025-02-23T16:23:57.8800130Z 
2025-02-23T16:23:59.7197056Z <unknown>:143: SyntaxWarning:
2025-02-23T16:23:59.7197418Z 
2025-02-23T16:23:59.7197612Z invalid escape sequence '\s'
2025-02-23T16:23:59.7197881Z 
2025-02-23T16:24:02.3041305Z <unknown>:143: SyntaxWarning:
2025-02-23T16:24:02.3041699Z 
2025-02-23T16:24:02.3041871Z invalid escape sequence '\s'
2025-02-23T16:24:02.3042111Z 
2025-02-23T16:24:03.1628423Z <unknown>:143: SyntaxWarning:
2025-02-23T16:24:03.1628698Z 
2025-02-23T16:24:03.1628823Z invalid escape sequence '\s'
2025-02-23T16:24:03.1629040Z 
2025-02-23T16:24:03.1651650Z /home/runner/work/tardis/tardis/tardis/io/model/readers/artis.py:143: SyntaxWarning:
2025-02-23T16:24:03.1652070Z 
2025-02-23T16:24:03.1652175Z invalid escape sequence '\s'
2025-02-23T16:24:03.1652586Z 
2025-02-23T16:24:03.2113565Z /home/runner/work/tardis/tardis/tardis/io/model/readers/tests/test_artis_readers.py:58: SyntaxWarning:
2025-02-23T16:24:03.2114402Z 
2025-02-23T16:24:03.2114658Z assertion is always true, perhaps remove parentheses?
2025-02-23T16:24:03.2115071Z 
2025-02-23T16:24:04.7359558Z ============================= test session starts ==============================
2025-02-23T16:24:04.7360288Z platform linux -- Python 3.12.4, pytest-8.2.2, pluggy-1.5.0
2025-02-23T16:24:04.7360810Z rootdir: /home/runner/work/tardis/tardis
2025-02-23T16:24:04.7361270Z configfile: pyproject.toml
2025-02-23T16:24:04.7361874Z plugins: metadata-3.1.1, anyio-4.4.0, doctestplus-1.2.1, cov-5.0.0, html-4.1.1
2025-02-23T16:24:04.7362843Z collected 1795 items / 1 error / 1793 deselected / 2 selected
2025-02-23T16:24:04.7363276Z 
2025-02-23T16:24:04.7363469Z ==================================== ERRORS ====================================
2025-02-23T16:24:04.7364207Z _____ ERROR collecting tardis/io/model/readers/tests/test_artis_readers.py _____
2025-02-23T16:24:04.7365039Z tardis/io/model/readers/tests/test_artis_readers.py:12: in <module>
2025-02-23T16:24:04.7365552Z     @pytest.fixture
2025-02-23T16:24:04.7365813Z E   NameError: name 'pytest' is not defined
2025-02-23T16:24:04.7366209Z ------------------------------- Captured stdout --------------------------------
2025-02-23T16:24:04.7367110Z [[1mpy.warnings         [0m][[1;33mWARNING[0m]  
2025-02-23T16:24:04.7367983Z 	/home/runner/work/tardis/tardis/tardis/io/model/readers/tests/test_artis_readers.py:58: PytestAssertRewriteWarning:
2025-02-23T16:24:04.7368574Z 
2025-02-23T16:24:04.7368734Z assertion is always true, perhaps remove parentheses?
2025-02-23T16:24:04.7368997Z 
2025-02-23T16:24:04.7369136Z  ([1mwarnings.py[0m:112)
2025-02-23T16:24:04.7369438Z =============================== warnings summary ===============================
2025-02-23T16:24:04.7369826Z tardis/io/configuration/config_validator.py:6
2025-02-23T16:24:04.7370185Z tardis/io/configuration/config_validator.py:6
2025-02-23T16:24:04.7370784Z   /home/runner/work/tardis/tardis/tardis/io/configuration/config_validator.py:6: DeprecationWarning:
2025-02-23T16:24:04.7371344Z   
2025-02-23T16:24:04.7373126Z   jsonschema.RefResolver is deprecated as of v4.18.0, in favor of the https://github.com/python-jsonschema/referencing library, which provides more compliant referencing behavior as well as more flexible APIs for customization. A future release will remove RefResolver. Please file a feature request (on referencing) if you are missing an API for the kind of customization you need.
2025-02-23T16:24:04.7374381Z 
2025-02-23T16:24:04.7374626Z ../../../micromamba/envs/tardis/lib/python3.12/site-packages/jupyter_client/connect.py:22
2025-02-23T16:24:04.7375315Z   /home/runner/micromamba/envs/tardis/lib/python3.12/site-packages/jupyter_client/connect.py:22: DeprecationWarning:
2025-02-23T16:24:04.7375826Z   
2025-02-23T16:24:04.7376065Z   Jupyter is migrating its paths to use standard platformdirs
2025-02-23T16:24:04.7376445Z   given by the platformdirs library.  To remove this warning and
2025-02-23T16:24:04.7376844Z   see the appropriate new directories, set the environment variable
2025-02-23T16:24:04.7377237Z   `JUPYTER_PLATFORM_DIRS=1` and then run `jupyter --paths`.
2025-02-23T16:24:04.7377610Z   The use of platformdirs will be the default in `jupyter_core` v6
2025-02-23T16:24:04.7377846Z 
2025-02-23T16:24:04.7377942Z tardis/io/model/readers/artis.py:143
2025-02-23T16:24:04.7378354Z   /home/runner/work/tardis/tardis/tardis/io/model/readers/artis.py:143: SyntaxWarning:
2025-02-23T16:24:04.7378747Z   
2025-02-23T16:24:04.7378922Z   invalid escape sequence '\s'
2025-02-23T16:24:04.7379068Z 
2025-02-23T16:24:04.7379266Z -- Docs: https://docs.pytest.org/en/stable/how-to/capture-warnings.html
2025-02-23T16:24:04.7379544Z 
2025-02-23T16:24:04.7379707Z ---------- coverage: platform linux, python 3.12.4-final-0 -----------
2025-02-23T16:24:04.7380064Z Coverage HTML written to dir coverage_html_report
2025-02-23T16:24:04.7380358Z Coverage XML written to file coverage.xml
2025-02-23T16:24:04.7380536Z 
2025-02-23T16:24:04.7380659Z =========================== short test summary info ============================
2025-02-23T16:24:04.7381146Z ERROR tardis/io/model/readers/tests/test_artis_readers.py - NameError: name 'pytest' is not defined
2025-02-23T16:24:04.7381655Z !!!!!!!!!!!!!!!!!!!! Interrupted: 1 error during collection !!!!!!!!!!!!!!!!!!!!
2025-02-23T16:24:04.7382041Z ================ 1793 deselected, 4 warnings, 1 error in 9.15s =================
2025-02-23T16:24:05.4250637Z ##[error]Process completed with exit code 2.
2025-02-23T16:24:05.4323010Z Post job cleanup.
2025-02-23T16:24:05.4354342Z Post job cleanup.
2025-02-23T16:24:05.5693464Z Will use pre-installed micromamba at /home/runner/micromamba-bin/micromamba
2025-02-23T16:24:05.5699812Z Removing micromamba run shell ...
2025-02-23T16:24:05.5703568Z ##[group]Deinitialize micromamba for bash
2025-02-23T16:24:05.5721996Z [command]/home/runner/micromamba-bin/micromamba shell deinit -s bash -r /home/runner/micromamba --log-level warning --rc-file /home/runner/work/_temp/setup-micromamba/.condarc
2025-02-23T16:24:05.5818891Z Resetting RC file "/home/runner/.bashrc"
2025-02-23T16:24:05.5820535Z Deleting config for root prefix 
2025-02-23T16:24:05.5821066Z Clearing mamba executable environment variable
2025-02-23T16:24:05.5822051Z Removing the following in your "/home/runner/.bashrc" file
2025-02-23T16:24:05.5823042Z # >>> mamba initialize >>>
2025-02-23T16:24:05.5823278Z ...
2025-02-23T16:24:05.5823455Z # <<< mamba initialize <<<
2025-02-23T16:24:05.5853626Z Removing mamba initialize block from .bash_profile
2025-02-23T16:24:05.5868165Z ##[endgroup]
2025-02-23T16:24:05.5872303Z Removing environment tardis from auto-activate bash ...
2025-02-23T16:24:05.5991855Z Post job cleanup.
2025-02-23T16:24:05.6029806Z Post job cleanup.
2025-02-23T16:24:05.7041796Z [command]/usr/bin/git version
2025-02-23T16:24:05.7079282Z git version 2.48.1
2025-02-23T16:24:05.7129557Z Temporarily overriding HOME='/home/runner/work/_temp/0bdb303e-1833-438b-89f2-33f192dc6edc' before making global git config changes
2025-02-23T16:24:05.7130870Z Adding repository directory to the temporary git global config as a safe directory
2025-02-23T16:24:05.7135871Z [command]/usr/bin/git config --global --add safe.directory /home/runner/work/tardis/tardis/tardis-regression-data
2025-02-23T16:24:05.7172286Z [command]/usr/bin/git config --local --name-only --get-regexp core\.sshCommand
2025-02-23T16:24:05.7205313Z [command]/usr/bin/git submodule foreach --recursive sh -c "git config --local --name-only --get-regexp 'core\.sshCommand' && git config --local --unset-all 'core.sshCommand' || :"
2025-02-23T16:24:05.7480360Z [command]/usr/bin/git config --local --name-only --get-regexp http\.https\:\/\/github\.com\/\.extraheader
2025-02-23T16:24:05.7504527Z http.https://github.com/.extraheader
2025-02-23T16:24:05.7518179Z [command]/usr/bin/git config --local --unset-all http.https://github.com/.extraheader
2025-02-23T16:24:05.7552129Z [command]/usr/bin/git submodule foreach --recursive sh -c "git config --local --name-only --get-regexp 'http\.https\:\/\/github\.com\/\.extraheader' && git config --local --unset-all 'http.https://github.com/.extraheader' || :"
2025-02-23T16:24:05.7918551Z Post job cleanup.
2025-02-23T16:24:05.8862656Z [command]/usr/bin/git version
2025-02-23T16:24:05.8901230Z git version 2.48.1
2025-02-23T16:24:05.8952807Z Temporarily overriding HOME='/home/runner/work/_temp/36e362dd-4d56-43f2-bd28-a11f5243263d' before making global git config changes
2025-02-23T16:24:05.8954304Z Adding repository directory to the temporary git global config as a safe directory
2025-02-23T16:24:05.8959199Z [command]/usr/bin/git config --global --add safe.directory /home/runner/work/tardis/tardis
2025-02-23T16:24:05.8996217Z [command]/usr/bin/git config --local --name-only --get-regexp core\.sshCommand
2025-02-23T16:24:05.9030591Z [command]/usr/bin/git submodule foreach --recursive sh -c "git config --local --name-only --get-regexp 'core\.sshCommand' && git config --local --unset-all 'core.sshCommand' || :"
2025-02-23T16:24:05.9286474Z [command]/usr/bin/git config --local --name-only --get-regexp http\.https\:\/\/github\.com\/\.extraheader
2025-02-23T16:24:05.9310213Z http.https://github.com/.extraheader
2025-02-23T16:24:05.9323346Z [command]/usr/bin/git config --local --unset-all http.https://github.com/.extraheader
2025-02-23T16:24:05.9357292Z [command]/usr/bin/git submodule foreach --recursive sh -c "git config --local --name-only --get-regexp 'http\.https\:\/\/github\.com\/\.extraheader' && git config --local --unset-all 'http.https://github.com/.extraheader' || :"
2025-02-23T16:24:05.9714962Z Cleaning up orphan processes
