2025-01-26T13:48:34.8018246Z Requested labels: ubuntu-latest
2025-01-26T13:48:34.8018566Z Job defined at: tardis-sn/tardis/.github/workflows/tests.yml@refs/pull/2959/merge
2025-01-26T13:48:34.8018692Z Waiting for a runner to pick up this job...
2025-01-26T13:48:35.2348088Z Job is waiting for a hosted runner to come online.
2025-01-26T13:48:39.3219581Z Job is about to start running on the hosted runner: GitHub Actions 60 (hosted)
2025-01-26T13:48:41.5269804Z Current runner version: '2.321.0'
2025-01-26T13:48:41.5294344Z ##[group]Operating System
2025-01-26T13:48:41.5295110Z Ubuntu
2025-01-26T13:48:41.5295725Z 24.04.1
2025-01-26T13:48:41.5296226Z LTS
2025-01-26T13:48:41.5296766Z ##[endgroup]
2025-01-26T13:48:41.5297381Z ##[group]Runner Image
2025-01-26T13:48:41.5297917Z Image: ubuntu-24.04
2025-01-26T13:48:41.5298418Z Version: 20250120.5.0
2025-01-26T13:48:41.5299525Z Included Software: https://github.com/actions/runner-images/blob/ubuntu24/20250120.5/images/ubuntu/Ubuntu2404-Readme.md
2025-01-26T13:48:41.5300867Z Image Release: https://github.com/actions/runner-images/releases/tag/ubuntu24%2F20250120.5
2025-01-26T13:48:41.5301746Z ##[endgroup]
2025-01-26T13:48:41.5302351Z ##[group]Runner Image Provisioner
2025-01-26T13:48:41.5302907Z 2.0.417.1
2025-01-26T13:48:41.5303375Z ##[endgroup]
2025-01-26T13:48:41.5305647Z ##[group]GITHUB_TOKEN Permissions
2025-01-26T13:48:41.5307520Z Actions: read
2025-01-26T13:48:41.5308352Z Attestations: read
2025-01-26T13:48:41.5308914Z Checks: read
2025-01-26T13:48:41.5309498Z Contents: read
2025-01-26T13:48:41.5309992Z Deployments: read
2025-01-26T13:48:41.5310507Z Discussions: read
2025-01-26T13:48:41.5311093Z Issues: read
2025-01-26T13:48:41.5311561Z Metadata: read
2025-01-26T13:48:41.5312066Z Packages: read
2025-01-26T13:48:41.5312620Z Pages: read
2025-01-26T13:48:41.5313120Z PullRequests: read
2025-01-26T13:48:41.5313693Z RepositoryProjects: read
2025-01-26T13:48:41.5314459Z SecurityEvents: read
2025-01-26T13:48:41.5314986Z Statuses: read
2025-01-26T13:48:41.5315521Z ##[endgroup]
2025-01-26T13:48:41.5318432Z Secret source: None
2025-01-26T13:48:41.5319099Z Prepare workflow directory
2025-01-26T13:48:41.5935448Z Prepare all required actions
2025-01-26T13:48:41.5971316Z Getting action download info
2025-01-26T13:48:41.7717291Z Download action repository 'actions/checkout@v4' (SHA:11bd71901bbe5b1630ceea73d27597364c9af683)
2025-01-26T13:48:41.8506121Z Download action repository 'actions/upload-artifact@v4' (SHA:65c4c4a1ddee5b72f698fdd19549f0f0fb45cf08)
2025-01-26T13:48:42.0193583Z Complete job name:  continuum ubuntu-latest 
2025-01-26T13:48:42.0845549Z ##[group]Run actions/checkout@v4
2025-01-26T13:48:42.0846357Z with:
2025-01-26T13:48:42.0846750Z   repository: tardis-sn/tardis
2025-01-26T13:48:42.0847412Z   token: ***
2025-01-26T13:48:42.0847800Z   ssh-strict: true
2025-01-26T13:48:42.0848192Z   ssh-user: git
2025-01-26T13:48:42.0848593Z   persist-credentials: true
2025-01-26T13:48:42.0849037Z   clean: true
2025-01-26T13:48:42.0849436Z   sparse-checkout-cone-mode: true
2025-01-26T13:48:42.0849918Z   fetch-depth: 1
2025-01-26T13:48:42.0850295Z   fetch-tags: false
2025-01-26T13:48:42.0850691Z   show-progress: true
2025-01-26T13:48:42.0851120Z   lfs: false
2025-01-26T13:48:42.0851488Z   submodules: false
2025-01-26T13:48:42.0851893Z   set-safe-directory: true
2025-01-26T13:48:42.0852519Z env:
2025-01-26T13:48:42.0852874Z   CACHE_NUMBER: 0
2025-01-26T13:48:42.0854007Z   PYTEST_FLAGS: --tardis-regression-data=/home/runner/work/tardis/tardis/tardis-regression-data --cov=tardis --cov-report=xml --cov-report=html --cov-append
2025-01-26T13:48:42.0855489Z   CODECOV_TOKEN: 
2025-01-26T13:48:42.0855878Z ##[endgroup]
2025-01-26T13:48:42.2650027Z Syncing repository: tardis-sn/tardis
2025-01-26T13:48:42.2651671Z ##[group]Getting Git version info
2025-01-26T13:48:42.2652355Z Working directory is '/home/runner/work/tardis/tardis'
2025-01-26T13:48:42.2653250Z [command]/usr/bin/git version
2025-01-26T13:48:42.2709997Z git version 2.48.1
2025-01-26T13:48:42.2736916Z ##[endgroup]
2025-01-26T13:48:42.2750533Z Temporarily overriding HOME='/home/runner/work/_temp/4bbfb770-2c53-4a35-b637-09dc3c972909' before making global git config changes
2025-01-26T13:48:42.2751886Z Adding repository directory to the temporary git global config as a safe directory
2025-01-26T13:48:42.2755704Z [command]/usr/bin/git config --global --add safe.directory /home/runner/work/tardis/tardis
2025-01-26T13:48:42.2789557Z Deleting the contents of '/home/runner/work/tardis/tardis'
2025-01-26T13:48:42.2793292Z ##[group]Initializing the repository
2025-01-26T13:48:42.2797240Z [command]/usr/bin/git init /home/runner/work/tardis/tardis
2025-01-26T13:48:42.2864023Z hint: Using 'master' as the name for the initial branch. This default branch name
2025-01-26T13:48:42.2865825Z hint: is subject to change. To configure the initial branch name to use in all
2025-01-26T13:48:42.2867274Z hint: of your new repositories, which will suppress this warning, call:
2025-01-26T13:48:42.2868378Z hint:
2025-01-26T13:48:42.2869127Z hint: 	git config --global init.defaultBranch <name>
2025-01-26T13:48:42.2870059Z hint:
2025-01-26T13:48:42.2870976Z hint: Names commonly chosen instead of 'master' are 'main', 'trunk' and
2025-01-26T13:48:42.2872395Z hint: 'development'. The just-created branch can be renamed via this command:
2025-01-26T13:48:42.2873512Z hint:
2025-01-26T13:48:42.2874296Z hint: 	git branch -m <name>
2025-01-26T13:48:42.2881999Z Initialized empty Git repository in /home/runner/work/tardis/tardis/.git/
2025-01-26T13:48:42.2894346Z [command]/usr/bin/git remote add origin https://github.com/tardis-sn/tardis
2025-01-26T13:48:42.2929246Z ##[endgroup]
2025-01-26T13:48:42.2929972Z ##[group]Disabling automatic garbage collection
2025-01-26T13:48:42.2933356Z [command]/usr/bin/git config --local gc.auto 0
2025-01-26T13:48:42.2962271Z ##[endgroup]
2025-01-26T13:48:42.2962951Z ##[group]Setting up auth
2025-01-26T13:48:42.2969201Z [command]/usr/bin/git config --local --name-only --get-regexp core\.sshCommand
2025-01-26T13:48:42.2998705Z [command]/usr/bin/git submodule foreach --recursive sh -c "git config --local --name-only --get-regexp 'core\.sshCommand' && git config --local --unset-all 'core.sshCommand' || :"
2025-01-26T13:48:42.3289904Z [command]/usr/bin/git config --local --name-only --get-regexp http\.https\:\/\/github\.com\/\.extraheader
2025-01-26T13:48:42.3322503Z [command]/usr/bin/git submodule foreach --recursive sh -c "git config --local --name-only --get-regexp 'http\.https\:\/\/github\.com\/\.extraheader' && git config --local --unset-all 'http.https://github.com/.extraheader' || :"
2025-01-26T13:48:42.3549803Z [command]/usr/bin/git config --local http.https://github.com/.extraheader AUTHORIZATION: basic ***
2025-01-26T13:48:42.3588038Z ##[endgroup]
2025-01-26T13:48:42.3596171Z ##[group]Fetching the repository
2025-01-26T13:48:42.3597477Z [command]/usr/bin/git -c protocol.version=2 fetch --no-tags --prune --no-recurse-submodules --depth=1 origin +7100181d95d92aef62b7bc6b455ce4591800e206:refs/remotes/pull/2959/merge
2025-01-26T13:48:43.9863962Z From https://github.com/tardis-sn/tardis
2025-01-26T13:48:43.9865249Z  * [new ref]         7100181d95d92aef62b7bc6b455ce4591800e206 -> pull/2959/merge
2025-01-26T13:48:43.9888112Z ##[endgroup]
2025-01-26T13:48:43.9888700Z ##[group]Determining the checkout info
2025-01-26T13:48:43.9890170Z ##[endgroup]
2025-01-26T13:48:43.9895184Z [command]/usr/bin/git sparse-checkout disable
2025-01-26T13:48:43.9931396Z [command]/usr/bin/git config --local --unset-all extensions.worktreeConfig
2025-01-26T13:48:43.9958117Z ##[group]Checking out the ref
2025-01-26T13:48:43.9961755Z [command]/usr/bin/git checkout --progress --force refs/remotes/pull/2959/merge
2025-01-26T13:48:44.1958849Z Note: switching to 'refs/remotes/pull/2959/merge'.
2025-01-26T13:48:44.1960063Z 
2025-01-26T13:48:44.2046665Z You are in 'detached HEAD' state. You can look around, make experimental
2025-01-26T13:48:44.2047787Z changes and commit them, and you can discard any commits you make in this
2025-01-26T13:48:44.2050585Z state without impacting any branches by switching back to a branch.
2025-01-26T13:48:44.2051130Z 
2025-01-26T13:48:44.2051472Z If you want to create a new branch to retain commits you create, you may
2025-01-26T13:48:44.2052253Z do so (now or later) by using -c with the switch command. Example:
2025-01-26T13:48:44.2052705Z 
2025-01-26T13:48:44.2052946Z   git switch -c <new-branch-name>
2025-01-26T13:48:44.2053268Z 
2025-01-26T13:48:44.2053387Z Or undo this operation with:
2025-01-26T13:48:44.2053640Z 
2025-01-26T13:48:44.2054381Z   git switch -
2025-01-26T13:48:44.2054713Z 
2025-01-26T13:48:44.2055066Z Turn off this advice by setting config variable advice.detachedHead to false
2025-01-26T13:48:44.2055417Z 
2025-01-26T13:48:44.2055771Z HEAD is now at 7100181 Merge 8ff2fa7e2a87dd0862c616ff1b10c39ab383e523 into ba33d7b6d9d42ff82557ca382cff5b2a54f91c51
2025-01-26T13:48:44.2057017Z ##[endgroup]
2025-01-26T13:48:44.2057635Z [command]/usr/bin/git log -1 --format=%H
2025-01-26T13:48:44.2057980Z 7100181d95d92aef62b7bc6b455ce4591800e206
2025-01-26T13:48:44.2331168Z Prepare all required actions
2025-01-26T13:48:44.2331655Z Getting action download info
2025-01-26T13:48:44.3959230Z Download action repository 'actions/cache@v4' (SHA:1bd1e32a3bdc45362d1e726936510720a7c30a57)
2025-01-26T13:48:44.5203532Z ##[group]Run ./.github/actions/setup_lfs
2025-01-26T13:48:44.5203854Z with:
2025-01-26T13:48:44.5204314Z   regression-data-repo: tardis-sn/tardis-regression-data
2025-01-26T13:48:44.5204663Z env:
2025-01-26T13:48:44.5204915Z   CACHE_NUMBER: 0
2025-01-26T13:48:44.5205570Z   PYTEST_FLAGS: --tardis-regression-data=/home/runner/work/tardis/tardis/tardis-regression-data --cov=tardis --cov-report=xml --cov-report=html --cov-append
2025-01-26T13:48:44.5206248Z   CODECOV_TOKEN: 
2025-01-26T13:48:44.5206457Z ##[endgroup]
2025-01-26T13:48:44.5334302Z ##[group]Run actions/checkout@v4
2025-01-26T13:48:44.5334637Z with:
2025-01-26T13:48:44.5334894Z   repository: tardis-sn/tardis-regression-data
2025-01-26T13:48:44.5335226Z   path: tardis-regression-data
2025-01-26T13:48:44.5335721Z   token: ***
2025-01-26T13:48:44.5335942Z   ssh-strict: true
2025-01-26T13:48:44.5336167Z   ssh-user: git
2025-01-26T13:48:44.5336393Z   persist-credentials: true
2025-01-26T13:48:44.5336662Z   clean: true
2025-01-26T13:48:44.5336891Z   sparse-checkout-cone-mode: true
2025-01-26T13:48:44.5337156Z   fetch-depth: 1
2025-01-26T13:48:44.5337378Z   fetch-tags: false
2025-01-26T13:48:44.5337603Z   show-progress: true
2025-01-26T13:48:44.5337825Z   lfs: false
2025-01-26T13:48:44.5338047Z   submodules: false
2025-01-26T13:48:44.5338276Z   set-safe-directory: true
2025-01-26T13:48:44.5338520Z env:
2025-01-26T13:48:44.5338720Z   CACHE_NUMBER: 0
2025-01-26T13:48:44.5339353Z   PYTEST_FLAGS: --tardis-regression-data=/home/runner/work/tardis/tardis/tardis-regression-data --cov=tardis --cov-report=xml --cov-report=html --cov-append
2025-01-26T13:48:44.5340012Z   CODECOV_TOKEN: 
2025-01-26T13:48:44.5340229Z ##[endgroup]
2025-01-26T13:48:44.6270500Z Syncing repository: tardis-sn/tardis-regression-data
2025-01-26T13:48:44.6277350Z ##[group]Getting Git version info
2025-01-26T13:48:44.6277860Z Working directory is '/home/runner/work/tardis/tardis/tardis-regression-data'
2025-01-26T13:48:44.6320011Z [command]/usr/bin/git version
2025-01-26T13:48:44.6362258Z git version 2.48.1
2025-01-26T13:48:44.6387694Z ##[endgroup]
2025-01-26T13:48:44.6401147Z Temporarily overriding HOME='/home/runner/work/_temp/1ff11408-acab-4132-b5c1-ecf1b21b98b8' before making global git config changes
2025-01-26T13:48:44.6402601Z Adding repository directory to the temporary git global config as a safe directory
2025-01-26T13:48:44.6407531Z [command]/usr/bin/git config --global --add safe.directory /home/runner/work/tardis/tardis/tardis-regression-data
2025-01-26T13:48:44.6439686Z ##[group]Initializing the repository
2025-01-26T13:48:44.6444763Z [command]/usr/bin/git init /home/runner/work/tardis/tardis/tardis-regression-data
2025-01-26T13:48:44.6479184Z hint: Using 'master' as the name for the initial branch. This default branch name
2025-01-26T13:48:44.6480219Z hint: is subject to change. To configure the initial branch name to use in all
2025-01-26T13:48:44.6481083Z hint: of your new repositories, which will suppress this warning, call:
2025-01-26T13:48:44.6481732Z hint:
2025-01-26T13:48:44.6482110Z hint: 	git config --global init.defaultBranch <name>
2025-01-26T13:48:44.6482452Z hint:
2025-01-26T13:48:44.6482764Z hint: Names commonly chosen instead of 'master' are 'main', 'trunk' and
2025-01-26T13:48:44.6483281Z hint: 'development'. The just-created branch can be renamed via this command:
2025-01-26T13:48:44.6483896Z hint:
2025-01-26T13:48:44.6484297Z hint: 	git branch -m <name>
2025-01-26T13:48:44.6484862Z Initialized empty Git repository in /home/runner/work/tardis/tardis/tardis-regression-data/.git/
2025-01-26T13:48:44.6491621Z [command]/usr/bin/git remote add origin https://github.com/tardis-sn/tardis-regression-data
2025-01-26T13:48:44.6520361Z ##[endgroup]
2025-01-26T13:48:44.6520837Z ##[group]Disabling automatic garbage collection
2025-01-26T13:48:44.6525273Z [command]/usr/bin/git config --local gc.auto 0
2025-01-26T13:48:44.6552962Z ##[endgroup]
2025-01-26T13:48:44.6553392Z ##[group]Setting up auth
2025-01-26T13:48:44.6559585Z [command]/usr/bin/git config --local --name-only --get-regexp core\.sshCommand
2025-01-26T13:48:44.6588160Z [command]/usr/bin/git submodule foreach --recursive sh -c "git config --local --name-only --get-regexp 'core\.sshCommand' && git config --local --unset-all 'core.sshCommand' || :"
2025-01-26T13:48:44.6810914Z [command]/usr/bin/git config --local --name-only --get-regexp http\.https\:\/\/github\.com\/\.extraheader
2025-01-26T13:48:44.6839291Z [command]/usr/bin/git submodule foreach --recursive sh -c "git config --local --name-only --get-regexp 'http\.https\:\/\/github\.com\/\.extraheader' && git config --local --unset-all 'http.https://github.com/.extraheader' || :"
2025-01-26T13:48:44.7067228Z [command]/usr/bin/git config --local http.https://github.com/.extraheader AUTHORIZATION: basic ***
2025-01-26T13:48:44.7106785Z ##[endgroup]
2025-01-26T13:48:44.7107644Z ##[group]Determining the default branch
2025-01-26T13:48:44.7110988Z Retrieving the default branch name
2025-01-26T13:48:45.0160788Z Default branch 'main'
2025-01-26T13:48:45.0162145Z ##[endgroup]
2025-01-26T13:48:45.0162874Z ##[group]Fetching the repository
2025-01-26T13:48:45.0169715Z [command]/usr/bin/git -c protocol.version=2 fetch --no-tags --prune --no-recurse-submodules --depth=1 origin +refs/heads/main:refs/remotes/origin/main
2025-01-26T13:48:45.6065831Z From https://github.com/tardis-sn/tardis-regression-data
2025-01-26T13:48:45.6066617Z  * [new branch]      main       -> origin/main
2025-01-26T13:48:45.6094453Z ##[endgroup]
2025-01-26T13:48:45.6095198Z ##[group]Determining the checkout info
2025-01-26T13:48:45.6096545Z ##[endgroup]
2025-01-26T13:48:45.6101528Z [command]/usr/bin/git sparse-checkout disable
2025-01-26T13:48:45.6138962Z [command]/usr/bin/git config --local --unset-all extensions.worktreeConfig
2025-01-26T13:48:45.6167211Z ##[group]Checking out the ref
2025-01-26T13:48:45.6171487Z [command]/usr/bin/git checkout --progress --force -B main refs/remotes/origin/main
2025-01-26T13:48:45.7167671Z Switched to a new branch 'main'
2025-01-26T13:48:45.7168592Z branch 'main' set up to track 'origin/main'.
2025-01-26T13:48:45.7425086Z ##[endgroup]
2025-01-26T13:48:45.7465014Z [command]/usr/bin/git log -1 --format=%H
2025-01-26T13:48:45.7488895Z fa7729bc9c30e14b69acd641af8b692b56fcd416
2025-01-26T13:48:45.7620413Z ##[group]Run git lfs ls-files -l | cut -d' ' -f1 | sort > .lfs-assets-id
2025-01-26T13:48:45.7620965Z [36;1mgit lfs ls-files -l | cut -d' ' -f1 | sort > .lfs-assets-id[0m
2025-01-26T13:48:45.7655269Z shell: /usr/bin/bash --noprofile --norc -e -o pipefail {0}
2025-01-26T13:48:45.7655615Z env:
2025-01-26T13:48:45.7655780Z   CACHE_NUMBER: 0
2025-01-26T13:48:45.7656404Z   PYTEST_FLAGS: --tardis-regression-data=/home/runner/work/tardis/tardis/tardis-regression-data --cov=tardis --cov-report=xml --cov-report=html --cov-append
2025-01-26T13:48:45.7657083Z   CODECOV_TOKEN: 
2025-01-26T13:48:45.7657258Z ##[endgroup]
2025-01-26T13:48:45.9117537Z ##[group]Run actions/cache/restore@v4
2025-01-26T13:48:45.9117826Z with:
2025-01-26T13:48:45.9118036Z   path: tardis-regression-data/.git/lfs
2025-01-26T13:48:45.9118518Z   key: Linux-lfs-21f9fa4b6817cc69b9fae3598144724da7828e276a73bd17f47a2a49d9af090a-v1
2025-01-26T13:48:45.9118999Z   enableCrossOsArchive: false
2025-01-26T13:48:45.9119255Z   fail-on-cache-miss: false
2025-01-26T13:48:45.9119751Z   lookup-only: false
2025-01-26T13:48:45.9119957Z env:
2025-01-26T13:48:45.9120141Z   CACHE_NUMBER: 0
2025-01-26T13:48:45.9120810Z   PYTEST_FLAGS: --tardis-regression-data=/home/runner/work/tardis/tardis/tardis-regression-data --cov=tardis --cov-report=xml --cov-report=html --cov-append
2025-01-26T13:48:45.9121551Z   CODECOV_TOKEN: 
2025-01-26T13:48:45.9121751Z ##[endgroup]
2025-01-26T13:48:47.7288408Z Received 0 of 1708418946 (0.0%), 0.0 MBs/sec
2025-01-26T13:48:48.7298319Z Received 130023424 of 1708418946 (7.6%), 62.0 MBs/sec
2025-01-26T13:48:49.7308833Z Received 281018368 of 1708418946 (16.4%), 89.3 MBs/sec
2025-01-26T13:48:50.7310498Z Received 423624704 of 1708418946 (24.8%), 100.9 MBs/sec
2025-01-26T13:48:51.7310855Z Received 570425344 of 1708418946 (33.4%), 108.8 MBs/sec
2025-01-26T13:48:52.7312879Z Received 725614592 of 1708418946 (42.5%), 115.3 MBs/sec
2025-01-26T13:48:53.7312676Z Received 876609536 of 1708418946 (51.3%), 119.4 MBs/sec
2025-01-26T13:48:54.7318668Z Received 1044381696 of 1708418946 (61.1%), 124.5 MBs/sec
2025-01-26T13:48:55.7323130Z Received 1178599424 of 1708418946 (69.0%), 124.8 MBs/sec
2025-01-26T13:48:56.7328218Z Received 1329594368 of 1708418946 (77.8%), 126.7 MBs/sec
2025-01-26T13:48:57.7332195Z Received 1476395008 of 1708418946 (86.4%), 128.0 MBs/sec
2025-01-26T13:48:58.7334635Z Received 1619001344 of 1708418946 (94.8%), 128.6 MBs/sec
2025-01-26T13:48:59.3727647Z Cache Size: ~1629 MB (1708418946 B)
2025-01-26T13:48:59.3774084Z [command]/usr/bin/tar -xf /home/runner/work/_temp/db141d0d-6296-44d2-bd9d-a728292f1c29/cache.tzst -P -C /home/runner/work/tardis/tardis --use-compress-program unzstd
2025-01-26T13:48:59.7341533Z Received 1708418946 of 1708418946 (100.0%), 125.3 MBs/sec
2025-01-26T13:49:05.7568281Z Cache restored successfully
2025-01-26T13:49:06.0904948Z Cache restored from key: Linux-lfs-21f9fa4b6817cc69b9fae3598144724da7828e276a73bd17f47a2a49d9af090a-v1
2025-01-26T13:49:06.1062077Z ##[group]Run git lfs checkout
2025-01-26T13:49:06.1062340Z [36;1mgit lfs checkout[0m
2025-01-26T13:49:06.1090284Z shell: /usr/bin/bash --noprofile --norc -e -o pipefail {0}
2025-01-26T13:49:06.1090614Z env:
2025-01-26T13:49:06.1090783Z   CACHE_NUMBER: 0
2025-01-26T13:49:06.1091397Z   PYTEST_FLAGS: --tardis-regression-data=/home/runner/work/tardis/tardis/tardis-regression-data --cov=tardis --cov-report=xml --cov-report=html --cov-append
2025-01-26T13:49:06.1092029Z   CODECOV_TOKEN: 
2025-01-26T13:49:06.1092209Z ##[endgroup]
2025-01-26T13:49:16.8229150Z Checking out LFS objects: 100% (204/204), 3.5 GB | 333 MB/s, done.
2025-01-26T13:49:20.3467761Z Prepare all required actions
2025-01-26T13:49:20.3468106Z Getting action download info
2025-01-26T13:49:20.4903149Z Download action repository 'mamba-org/setup-micromamba@v1' (SHA:4b9113af4fba0e9e1124b252dd6497a419e7396d)
2025-01-26T13:49:20.9647035Z ##[group]Run ./.github/actions/setup_env
2025-01-26T13:49:20.9647309Z with:
2025-01-26T13:49:20.9647481Z   os-label: linux-64
2025-01-26T13:49:20.9647664Z env:
2025-01-26T13:49:20.9647823Z   CACHE_NUMBER: 0
2025-01-26T13:49:20.9648446Z   PYTEST_FLAGS: --tardis-regression-data=/home/runner/work/tardis/tardis/tardis-regression-data --cov=tardis --cov-report=xml --cov-report=html --cov-append
2025-01-26T13:49:20.9649088Z   CODECOV_TOKEN: 
2025-01-26T13:49:20.9649260Z ##[endgroup]
2025-01-26T13:49:20.9672819Z ##[group]Run file_hash=$(cat conda-linux-64.lock | shasum -a 256 | cut -d' ' -f1)
2025-01-26T13:49:20.9673386Z [36;1mfile_hash=$(cat conda-linux-64.lock | shasum -a 256 | cut -d' ' -f1)[0m
2025-01-26T13:49:20.9674006Z [36;1mecho "file_hash=$file_hash" >> "${GITHUB_OUTPUT}"[0m
2025-01-26T13:49:20.9701130Z shell: /usr/bin/bash --noprofile --norc -e -o pipefail {0}
2025-01-26T13:49:20.9701552Z env:
2025-01-26T13:49:20.9702074Z   CACHE_NUMBER: 0
2025-01-26T13:49:20.9703414Z   PYTEST_FLAGS: --tardis-regression-data=/home/runner/work/tardis/tardis/tardis-regression-data --cov=tardis --cov-report=xml --cov-report=html --cov-append
2025-01-26T13:49:20.9704913Z   CODECOV_TOKEN: 
2025-01-26T13:49:20.9705352Z ##[endgroup]
2025-01-26T13:49:21.0009810Z ##[group]Run mamba-org/setup-micromamba@v1
2025-01-26T13:49:21.0010194Z with:
2025-01-26T13:49:21.0010512Z   environment-file: conda-linux-64.lock
2025-01-26T13:49:21.0011033Z   cache-environment-key: d7cd390425b0fd3cf82649dcc003efba9915fb4928f15d342148c3ccffcbe2ee
2025-01-26T13:49:21.0011684Z   cache-downloads-key: d7cd390425b0fd3cf82649dcc003efba9915fb4928f15d342148c3ccffcbe2ee
2025-01-26T13:49:21.0012212Z   environment-name: tardis
2025-01-26T13:49:21.0012519Z   cache-environment: true
2025-01-26T13:49:21.0012891Z   cache-downloads: true
2025-01-26T13:49:21.0013176Z env:
2025-01-26T13:49:21.0013390Z   CACHE_NUMBER: 0
2025-01-26T13:49:21.0014335Z   PYTEST_FLAGS: --tardis-regression-data=/home/runner/work/tardis/tardis/tardis-regression-data --cov=tardis --cov-report=xml --cov-report=html --cov-append
2025-01-26T13:49:21.0015141Z   CODECOV_TOKEN: 
2025-01-26T13:49:21.0015398Z ##[endgroup]
2025-01-26T13:49:21.1359866Z Will download micromamba to /home/runner/micromamba-bin/micromamba
2025-01-26T13:49:21.1369878Z ##[group]Install micromamba
2025-01-26T13:49:21.7437435Z micromamba installed to /home/runner/micromamba-bin/micromamba
2025-01-26T13:49:21.7438314Z ##[endgroup]
2025-01-26T13:49:21.7439254Z Adding conda-forge to condarc channels ...
2025-01-26T13:49:21.7449642Z ##[group]Initialize micromamba for bash.
2025-01-26T13:49:21.7467072Z [command]/home/runner/micromamba-bin/micromamba shell init -s bash -r /home/runner/micromamba --log-level warning --rc-file /home/runner/work/_temp/setup-micromamba/.condarc
2025-01-26T13:49:21.7573806Z Modifying RC file "/home/runner/.bashrc"
2025-01-26T13:49:21.7574970Z Generating config for root prefix [1m"/home/runner/micromamba"[0m
2025-01-26T13:49:21.7575563Z Setting mamba executable to: [1m"/home/runner/micromamba-bin/micromamba"[0m
2025-01-26T13:49:21.7576035Z Adding (or replacing) the following in your "/home/runner/.bashrc" file
2025-01-26T13:49:21.7576344Z 
2025-01-26T13:49:21.7576480Z # >>> mamba initialize >>>
2025-01-26T13:49:21.7577045Z # !! Contents within this block are managed by 'mamba init' !!
2025-01-26T13:49:21.7577670Z export MAMBA_EXE='/home/runner/micromamba-bin/micromamba';
2025-01-26T13:49:21.7578242Z export MAMBA_ROOT_PREFIX='/home/runner/micromamba';
2025-01-26T13:49:21.7579010Z __mamba_setup="$("$MAMBA_EXE" shell hook --shell bash --root-prefix "$MAMBA_ROOT_PREFIX" 2> /dev/null)"
2025-01-26T13:49:21.7579740Z if [ $? -eq 0 ]; then
2025-01-26T13:49:21.7580087Z     eval "$__mamba_setup"
2025-01-26T13:49:21.7580451Z else
2025-01-26T13:49:21.7581233Z     alias micromamba="$MAMBA_EXE"  # Fallback on help from mamba activate
2025-01-26T13:49:21.7581863Z fi
2025-01-26T13:49:21.7582133Z unset __mamba_setup
2025-01-26T13:49:21.7582478Z # <<< mamba initialize <<<
2025-01-26T13:49:21.7582719Z 
2025-01-26T13:49:21.7593321Z Moving mamba initialize block to .bash_profile
2025-01-26T13:49:21.7603716Z ##[endgroup]
2025-01-26T13:49:21.7605208Z ##[group]Restoring downloads from `/home/runner/micromamba/pkgs` ...
2025-01-26T13:49:23.4070989Z Received 0 of 356800233 (0.0%), 0.0 MBs/sec
2025-01-26T13:49:24.4100164Z Received 104857600 of 356800233 (29.4%), 50.0 MBs/sec
2025-01-26T13:49:25.4104308Z Received 268435456 of 356800233 (75.2%), 85.2 MBs/sec
2025-01-26T13:49:25.9430704Z Cache Size: ~340 MB (356800233 B)
2025-01-26T13:49:25.9513954Z [command]/usr/bin/tar -xf /home/runner/work/_temp/6ae2b22c-89aa-4955-af1a-8eb147ec94a5/cache.tzst -P -C /home/runner/work/tardis/tardis --use-compress-program unzstd
2025-01-26T13:49:26.4106938Z Received 356800233 of 356800233 (100.0%), 85.0 MBs/sec
2025-01-26T13:49:26.4279669Z Cache restored successfully
2025-01-26T13:49:26.5042943Z Restored cache with key `d7cd390425b0fd3cf82649dcc003efba9915fb4928f15d342148c3ccffcbe2ee-linux-64`
2025-01-26T13:49:26.5043743Z ##[endgroup]
2025-01-26T13:49:26.5056144Z ##[group]Restoring environment `tardis` from `/home/runner/micromamba/envs/tardis` ...
2025-01-26T13:49:27.8985431Z Received 0 of 444592193 (0.0%), 0.0 MBs/sec
2025-01-26T13:49:28.9035294Z Received 113246208 of 444592193 (25.5%), 54.0 MBs/sec
2025-01-26T13:49:29.8996756Z Received 276824064 of 444592193 (62.3%), 88.0 MBs/sec
2025-01-26T13:49:30.9002613Z Received 419430400 of 444592193 (94.3%), 100.0 MBs/sec
2025-01-26T13:49:31.4316997Z Cache Size: ~424 MB (444592193 B)
2025-01-26T13:49:31.4353192Z [command]/usr/bin/tar -xf /home/runner/work/_temp/60f1f7f7-7895-433f-81cd-6646b1f4d447/cache.tzst -P -C /home/runner/work/tardis/tardis --use-compress-program unzstd
2025-01-26T13:49:31.9007048Z Received 444592193 of 444592193 (100.0%), 84.8 MBs/sec
2025-01-26T13:49:36.5351363Z Cache restored successfully
2025-01-26T13:49:36.6268583Z Restored cache with key `d7cd390425b0fd3cf82649dcc003efba9915fb4928f15d342148c3ccffcbe2ee-linux-64-tardis-args-4f53cda-root-dcc80ee-bin-[object Promise]-file-d7cd390425b0fd3cf82649dcc003efba9915fb4928f15d342148c3ccffcbe2ee`
2025-01-26T13:49:36.6270797Z ##[endgroup]
2025-01-26T13:49:36.6271270Z Adding environment tardis to auto-activate bash ...
2025-01-26T13:49:36.6281513Z Generating micromamba run shell.
2025-01-26T13:49:36.6306933Z ##[endgroup]
2025-01-26T13:49:36.6308565Z Set environment variables.
2025-01-26T13:49:36.6311565Z ##[group]micromamba info
2025-01-26T13:49:36.6315195Z [command]/home/runner/micromamba-bin/micromamba info -r /home/runner/micromamba -n tardis
2025-01-26T13:49:36.6839491Z 
2025-01-26T13:49:36.6839773Z        libmamba version : 1.5.10
2025-01-26T13:49:36.6840255Z      micromamba version : 1.5.10
2025-01-26T13:49:36.6840880Z            curl version : libcurl/8.10.1 OpenSSL/3.3.2 zlib/1.3.1 zstd/1.5.6 libssh2/1.11.0 nghttp2/1.58.0
2025-01-26T13:49:36.6841416Z      libarchive version : libarchive 3.7.4 zlib/1.2.13 bz2lib/1.0.8 libzstd/1.5.6
2025-01-26T13:49:36.6841823Z        envs directories : /home/runner/micromamba/envs
2025-01-26T13:49:36.6842151Z           package cache : /home/runner/micromamba/pkgs
2025-01-26T13:49:36.6842454Z                           /home/runner/.mamba/pkgs
2025-01-26T13:49:36.6842722Z             environment : tardis
2025-01-26T13:49:36.6843022Z            env location : /home/runner/micromamba/envs/tardis
2025-01-26T13:49:36.6843340Z       user config files : /home/runner/.mambarc
2025-01-26T13:49:36.6843737Z  populated config files : /home/runner/work/_temp/setup-micromamba/.condarc
2025-01-26T13:49:36.6844290Z        virtual packages : __unix=0=0
2025-01-26T13:49:36.6844588Z                           __linux=6.8.0=0
2025-01-26T13:49:36.6844838Z                           __glibc=2.39=0
2025-01-26T13:49:36.6845093Z                           __archspec=1=x86_64_v3
2025-01-26T13:49:36.6845707Z                channels : https://conda.anaconda.org/conda-forge/linux-64
2025-01-26T13:49:36.6846260Z                           https://conda.anaconda.org/conda-forge/noarch
2025-01-26T13:49:36.6846587Z        base environment : /home/runner/micromamba
2025-01-26T13:49:36.6846865Z                platform : linux-64
2025-01-26T13:49:36.6855117Z ##[endgroup]
2025-01-26T13:49:36.6855740Z ##[group]micromamba list
2025-01-26T13:49:36.6857232Z [command]/home/runner/micromamba-bin/micromamba list -r /home/runner/micromamba -n tardis
2025-01-26T13:49:37.0741960Z List of packages in environment: "/home/runner/micromamba/envs/tardis"
2025-01-26T13:49:37.0743005Z 
2025-01-26T13:49:37.0743340Z   Name                           Version              Build                    Channel    
2025-01-26T13:49:37.0744950Z â”€â”€â”€â”€â”€â”€â”€â”€â”€â”€â”€â”€â”€â”€â”€â”€â”€â”€â”€â”€â”€â”€â”€â”€â”€â”€â”€â”€â”€â”€â”€â”€â”€â”€â”€â”€â”€â”€â”€â”€â”€â”€â”€â”€â”€â”€â”€â”€â”€â”€â”€â”€â”€â”€â”€â”€â”€â”€â”€â”€â”€â”€â”€â”€â”€â”€â”€â”€â”€â”€â”€â”€â”€â”€â”€â”€â”€â”€â”€â”€â”€â”€â”€â”€â”€â”€â”€â”€â”€â”€â”€â”€
2025-01-26T13:49:37.0745780Z   _libgcc_mutex                  0.1                  conda_forge              conda-forge
2025-01-26T13:49:37.0746599Z   _openmp_mutex                  4.5                  2_gnu                    conda-forge
2025-01-26T13:49:37.0747395Z   alabaster                      0.7.16               pyhd8ed1ab_0             conda-forge
2025-01-26T13:49:37.0748239Z   anyio                          4.4.0                pyhd8ed1ab_0             conda-forge
2025-01-26T13:49:37.0749095Z   argon2-cffi                    23.1.0               pyhd8ed1ab_0             conda-forge
2025-01-26T13:49:37.0750512Z   argon2-cffi-bindings           21.2.0               py312h98912ed_4          conda-forge
2025-01-26T13:49:37.0751259Z   arrow                          1.3.0                pyhd8ed1ab_0             conda-forge
2025-01-26T13:49:37.0751721Z   astropy                        6.1.1                py312h085067d_0          conda-forge
2025-01-26T13:49:37.0752205Z   astropy-iers-data              0.2024.6.17.0.31.35  pyhd8ed1ab_0             conda-forge
2025-01-26T13:49:37.0752666Z   astropy-sphinx-theme           1.1                  pyhd8ed1ab_0             conda-forge
2025-01-26T13:49:37.0753068Z   asttokens                      2.4.1                pyhd8ed1ab_0             conda-forge
2025-01-26T13:49:37.0753430Z   async-lru                      2.0.4                pyhd8ed1ab_0             conda-forge
2025-01-26T13:49:37.0753920Z   atk-1.0                        2.38.0               h04ea711_2               conda-forge
2025-01-26T13:49:37.0754558Z   attrs                          23.2.0               pyh71513ae_0             conda-forge
2025-01-26T13:49:37.0754924Z   babel                          2.14.0               pyhd8ed1ab_0             conda-forge
2025-01-26T13:49:37.0755325Z   beautifulsoup4                 4.12.3               pyha770c72_0             conda-forge
2025-01-26T13:49:37.0755711Z   bleach                         6.1.0                pyhd8ed1ab_0             conda-forge
2025-01-26T13:49:37.0756060Z   blosc                          1.21.5               hc2324a3_1               conda-forge
2025-01-26T13:49:37.0756401Z   brotli                         1.1.0                hd590300_1               conda-forge
2025-01-26T13:49:37.0756749Z   brotli-bin                     1.1.0                hd590300_1               conda-forge
2025-01-26T13:49:37.0757128Z   brotli-python                  1.1.0                py312h30efb56_1          conda-forge
2025-01-26T13:49:37.0757490Z   bzip2                          1.0.8                hd590300_5               conda-forge
2025-01-26T13:49:37.0757828Z   c-ares                         1.28.1               hd590300_0               conda-forge
2025-01-26T13:49:37.0758170Z   c-blosc2                       2.14.4               hb4ffafa_1               conda-forge
2025-01-26T13:49:37.0758553Z   ca-certificates                2024.6.2             hbcca054_0               conda-forge
2025-01-26T13:49:37.0758960Z   cached-property                1.5.2                hd8ed1ab_1               conda-forge
2025-01-26T13:49:37.0759534Z   cached_property                1.5.2                pyha770c72_1             conda-forge
2025-01-26T13:49:37.0759912Z   cairo                          1.18.0               h3faef2a_0               conda-forge
2025-01-26T13:49:37.0760268Z   certifi                        2024.6.2             pyhd8ed1ab_0             conda-forge
2025-01-26T13:49:37.0760627Z   cffi                           1.16.0               py312hf06ca03_0          conda-forge
2025-01-26T13:49:37.0761012Z   charset-normalizer             3.3.2                pyhd8ed1ab_0             conda-forge
2025-01-26T13:49:37.0831762Z   click                          8.1.7                unix_pyh707e725_0        conda-forge
2025-01-26T13:49:37.0832454Z   codespell                      2.3.0                pyhd8ed1ab_0             conda-forge
2025-01-26T13:49:37.0833045Z   colorama                       0.4.6                pyhd8ed1ab_0             conda-forge
2025-01-26T13:49:37.0833622Z   comm                           0.2.2                pyhd8ed1ab_0             conda-forge
2025-01-26T13:49:37.0834444Z   commonmark                     0.9.1                py_0                     conda-forge
2025-01-26T13:49:37.0835028Z   contourpy                      1.2.1                py312h8572e83_0          conda-forge
2025-01-26T13:49:37.0835575Z   coverage                       7.5.3                py312h9a8786e_0          conda-forge
2025-01-26T13:49:37.0836148Z   cycler                         0.12.1               pyhd8ed1ab_0             conda-forge
2025-01-26T13:49:37.0837109Z   dataclasses                    0.8                  pyhc8e2a94_3             conda-forge
2025-01-26T13:49:37.0837757Z   debugpy                        1.8.1                py312h30efb56_0          conda-forge
2025-01-26T13:49:37.0838391Z   decorator                      5.1.1                pyhd8ed1ab_0             conda-forge
2025-01-26T13:49:37.0839101Z   defusedxml                     0.7.1                pyhd8ed1ab_0             conda-forge
2025-01-26T13:49:37.0839759Z   docutils                       0.20.1               py312h7900ff3_3          conda-forge
2025-01-26T13:49:37.0840385Z   dot2tex                        2.11.3               pyhd8ed1ab_0             conda-forge
2025-01-26T13:49:37.0841030Z   entrypoints                    0.4                  pyhd8ed1ab_0             conda-forge
2025-01-26T13:49:37.0841696Z   exceptiongroup                 1.2.0                pyhd8ed1ab_2             conda-forge
2025-01-26T13:49:37.0842107Z   executing                      2.0.1                pyhd8ed1ab_0             conda-forge
2025-01-26T13:49:37.0842459Z   expat                          2.6.2                h59595ed_0               conda-forge
2025-01-26T13:49:37.0842855Z   font-ttf-dejavu-sans-mono      2.37                 hab24e00_0               conda-forge
2025-01-26T13:49:37.0843293Z   font-ttf-inconsolata           3.000                h77eed37_0               conda-forge
2025-01-26T13:49:37.0843724Z   font-ttf-source-code-pro       2.038                h77eed37_0               conda-forge
2025-01-26T13:49:37.0844349Z   font-ttf-ubuntu                0.83                 h77eed37_2               conda-forge
2025-01-26T13:49:37.0844739Z   fontconfig                     2.14.2               h14ed4e7_0               conda-forge
2025-01-26T13:49:37.0845119Z   fonts-conda-ecosystem          1                    0                        conda-forge
2025-01-26T13:49:37.0845509Z   fonts-conda-forge              1                    0                        conda-forge
2025-01-26T13:49:37.0845889Z   fonttools                      4.53.0               py312h9a8786e_0          conda-forge
2025-01-26T13:49:37.0846229Z   fqdn                           1.5.1                pyhd8ed1ab_0             conda-forge
2025-01-26T13:49:37.0846565Z   freetype                       2.12.1               h267a509_2               conda-forge
2025-01-26T13:49:37.0846921Z   fribidi                        1.0.10               h36c2ea0_0               conda-forge
2025-01-26T13:49:37.0847502Z   future                         1.0.0                pyhd8ed1ab_0             conda-forge
2025-01-26T13:49:37.0847860Z   gdk-pixbuf                     2.42.12              hb9ae30d_0               conda-forge
2025-01-26T13:49:37.0848200Z   giflib                         5.2.2                hd590300_0               conda-forge
2025-01-26T13:49:37.0848523Z   git-lfs                        3.5.1                ha770c72_0               conda-forge
2025-01-26T13:49:37.0848837Z   gmp                            6.3.0                h59595ed_1               conda-forge
2025-01-26T13:49:37.0849162Z   gmpy2                          2.1.5                py312h1d5cde6_1          conda-forge
2025-01-26T13:49:37.0849495Z   graphite2                      1.3.13               h59595ed_1003            conda-forge
2025-01-26T13:49:37.0849843Z   graphviz                       11.0.0               hc68bbd7_0               conda-forge
2025-01-26T13:49:37.0850175Z   gtk2                           2.24.33              h280cfa0_4               conda-forge
2025-01-26T13:49:37.0850498Z   gts                            0.7.6                h977cf35_4               conda-forge
2025-01-26T13:49:37.0850808Z   h11                            0.14.0               pyhd8ed1ab_0             conda-forge
2025-01-26T13:49:37.0851114Z   h2                             4.1.0                pyhd8ed1ab_0             conda-forge
2025-01-26T13:49:37.0851442Z   h5py                           3.11.0               nompi_py312hb7ab980_102  conda-forge
2025-01-26T13:49:37.0851899Z   harfbuzz                       8.5.0                hfac3d4d_0               conda-forge
2025-01-26T13:49:37.0852228Z   hdf5                           1.14.3               nompi_hdf9ad27_105       conda-forge
2025-01-26T13:49:37.0852548Z   hpack                          4.0.0                pyh9f0ad1d_0             conda-forge
2025-01-26T13:49:37.0852978Z   httpcore                       1.0.5                pyhd8ed1ab_0             conda-forge
2025-01-26T13:49:37.0853364Z   httpx                          0.27.0               pyhd8ed1ab_0             conda-forge
2025-01-26T13:49:37.0853706Z   hyperframe                     6.0.1                pyhd8ed1ab_0             conda-forge
2025-01-26T13:49:37.0854037Z   icu                            73.2                 h59595ed_0               conda-forge
2025-01-26T13:49:37.0854514Z   idna                           3.7                  pyhd8ed1ab_0             conda-forge
2025-01-26T13:49:37.0854854Z   imagesize                      1.4.1                pyhd8ed1ab_0             conda-forge
2025-01-26T13:49:37.0855250Z   importlib-metadata             7.1.0                pyha770c72_0             conda-forge
2025-01-26T13:49:37.0855670Z   importlib_metadata             7.1.0                hd8ed1ab_0               conda-forge
2025-01-26T13:49:37.0856074Z   importlib_resources            6.4.0                pyhd8ed1ab_0             conda-forge
2025-01-26T13:49:37.0856452Z   iniconfig                      2.0.0                pyhd8ed1ab_0             conda-forge
2025-01-26T13:49:37.0856806Z   ipykernel                      6.29.4               pyh3099207_0             conda-forge
2025-01-26T13:49:37.0857150Z   ipython                        8.25.0               pyh707e725_0             conda-forge
2025-01-26T13:49:37.0857512Z   ipython_genutils               0.2.0                pyhd8ed1ab_1             conda-forge
2025-01-26T13:49:37.0857880Z   ipywidgets                     7.8.0                pyhd8ed1ab_0             conda-forge
2025-01-26T13:49:37.0858251Z   isoduration                    20.11.0              pyhd8ed1ab_0             conda-forge
2025-01-26T13:49:37.0858596Z   jedi                           0.19.1               pyhd8ed1ab_0             conda-forge
2025-01-26T13:49:37.0858921Z   jinja2                         3.1.4                pyhd8ed1ab_0             conda-forge
2025-01-26T13:49:37.0859249Z   json5                          0.9.25               pyhd8ed1ab_0             conda-forge
2025-01-26T13:49:37.0859716Z   jsonpointer                    3.0.0                py312h7900ff3_0          conda-forge
2025-01-26T13:49:37.0860087Z   jsonschema                     4.22.0               pyhd8ed1ab_0             conda-forge
2025-01-26T13:49:37.0860506Z   jsonschema-specifications      2023.12.1            pyhd8ed1ab_0             conda-forge
2025-01-26T13:49:37.0861002Z   jsonschema-with-format-nongpl  4.22.0               pyhd8ed1ab_0             conda-forge
2025-01-26T13:49:37.0861421Z   jupyter-lsp                    2.2.5                pyhd8ed1ab_0             conda-forge
2025-01-26T13:49:37.0861795Z   jupyter_client                 8.6.2                pyhd8ed1ab_0             conda-forge
2025-01-26T13:49:37.0862165Z   jupyter_core                   5.7.2                py312h7900ff3_0          conda-forge
2025-01-26T13:49:37.0862532Z   jupyter_events                 0.10.0               pyhd8ed1ab_0             conda-forge
2025-01-26T13:49:37.0862907Z   jupyter_server                 2.14.1               pyhd8ed1ab_0             conda-forge
2025-01-26T13:49:37.0863309Z   jupyter_server_terminals       0.5.3                pyhd8ed1ab_0             conda-forge
2025-01-26T13:49:37.0863704Z   jupyterlab                     4.2.2                pyhd8ed1ab_0             conda-forge
2025-01-26T13:49:37.0864085Z   jupyterlab_pygments            0.3.0                pyhd8ed1ab_1             conda-forge
2025-01-26T13:49:37.0864699Z   jupyterlab_server              2.27.2               pyhd8ed1ab_0             conda-forge
2025-01-26T13:49:37.0865223Z   jupyterlab_widgets             1.1.7                pyhd8ed1ab_0             conda-forge
2025-01-26T13:49:37.0865590Z   keyutils                       1.6.1                h166bdaf_0               conda-forge
2025-01-26T13:49:37.0865932Z   kiwisolver                     1.4.5                py312h8572e83_1          conda-forge
2025-01-26T13:49:37.0866273Z   krb5                           1.21.2               h659d440_0               conda-forge
2025-01-26T13:49:37.0866611Z   latexcodec                     2.0.1                pyh9f0ad1d_0             conda-forge
2025-01-26T13:49:37.0866948Z   lcms2                          2.16                 hb7c19ff_0               conda-forge
2025-01-26T13:49:37.0867287Z   ld_impl_linux-64               2.40                 hf3520f5_7               conda-forge
2025-01-26T13:49:37.0867627Z   lerc                           4.0.0                h27087fc_0               conda-forge
2025-01-26T13:49:37.0867947Z   libaec                         1.1.3                h59595ed_0               conda-forge
2025-01-26T13:49:37.0868293Z   libblas                        3.9.0                22_linux64_openblas      conda-forge
2025-01-26T13:49:37.0868661Z   libbrotlicommon                1.1.0                hd590300_1               conda-forge
2025-01-26T13:49:37.0869039Z   libbrotlidec                   1.1.0                hd590300_1               conda-forge
2025-01-26T13:49:37.0869403Z   libbrotlienc                   1.1.0                hd590300_1               conda-forge
2025-01-26T13:49:37.0869763Z   libcblas                       3.9.0                22_linux64_openblas      conda-forge
2025-01-26T13:49:37.0870112Z   libcurl                        8.8.0                hca28451_0               conda-forge
2025-01-26T13:49:37.0870459Z   libdeflate                     1.20                 hd590300_0               conda-forge
2025-01-26T13:49:37.0870816Z   libedit                        3.1.20191231         he28a2e2_2               conda-forge
2025-01-26T13:49:37.0871159Z   libev                          4.33                 hd590300_2               conda-forge
2025-01-26T13:49:37.0871493Z   libexpat                       2.6.2                h59595ed_0               conda-forge
2025-01-26T13:49:37.0871913Z   libffi                         3.4.2                h7f98852_5               conda-forge
2025-01-26T13:49:37.0872277Z   libgcc-ng                      13.2.0               h77fa898_10              conda-forge
2025-01-26T13:49:37.0872746Z   libgd                          2.3.3                h119a65a_9               conda-forge
2025-01-26T13:49:37.0873103Z   libgfortran-ng                 13.2.0               h69a702a_10              conda-forge
2025-01-26T13:49:37.0873480Z   libgfortran5                   13.2.0               h3d2ce59_10              conda-forge
2025-01-26T13:49:37.0873837Z   libglib                        2.80.2               h8a4344b_1               conda-forge
2025-01-26T13:49:37.0874343Z   libgomp                        13.2.0               h77fa898_10              conda-forge
2025-01-26T13:49:37.0874730Z   libiconv                       1.17                 hd590300_2               conda-forge
2025-01-26T13:49:37.0875087Z   libjpeg-turbo                  3.0.0                hd590300_1               conda-forge
2025-01-26T13:49:37.0875452Z   liblapack                      3.9.0                22_linux64_openblas      conda-forge
2025-01-26T13:49:37.0875805Z   libllvm14                      14.0.6               hcd5def8_4               conda-forge
2025-01-26T13:49:37.0876165Z   libnghttp2                     1.58.0               h47da74e_1               conda-forge
2025-01-26T13:49:37.0876802Z   libnsl                         2.0.1                hd590300_0               conda-forge
2025-01-26T13:49:37.0877448Z   libopenblas                    0.3.27               pthreads_h413a1c8_0      conda-forge
2025-01-26T13:49:37.0877990Z   libpng                         1.6.43               h2797004_0               conda-forge
2025-01-26T13:49:37.0878325Z   librsvg                        2.58.1               hadf69e7_0               conda-forge
2025-01-26T13:49:37.0878834Z   libsodium                      1.0.18               h36c2ea0_1               conda-forge
2025-01-26T13:49:37.0879185Z   libsqlite                      3.46.0               hde9e2c9_0               conda-forge
2025-01-26T13:49:37.0879535Z   libssh2                        1.11.0               h0841786_0               conda-forge
2025-01-26T13:49:37.0879886Z   libstdcxx-ng                   13.2.0               hc0a3c3a_10              conda-forge
2025-01-26T13:49:37.0880505Z   libtiff                        4.6.0                h1dd3fc0_3               conda-forge
2025-01-26T13:49:37.0880955Z   libuuid                        2.38.1               h0b41bf4_0               conda-forge
2025-01-26T13:49:37.0881374Z   libwebp                        1.4.0                h2c329e2_0               conda-forge
2025-01-26T13:49:37.0881774Z   libwebp-base                   1.4.0                hd590300_0               conda-forge
2025-01-26T13:49:37.0882234Z   libxcb                         1.15                 h0b41bf4_0               conda-forge
2025-01-26T13:49:37.0882581Z   libxcrypt                      4.4.36               hd590300_1               conda-forge
2025-01-26T13:49:37.0882936Z   libxml2                        2.12.7               hc051c1a_1               conda-forge
2025-01-26T13:49:37.0883271Z   libxslt                        1.1.39               h76b75d6_0               conda-forge
2025-01-26T13:49:37.0883604Z   libzlib                        1.3.1                h4ab18f5_1               conda-forge
2025-01-26T13:49:37.0883945Z   llvmlite                       0.42.0               py312hb06c811_1          conda-forge
2025-01-26T13:49:37.0884460Z   lxml                           5.2.2                py312hb90d8a5_0          conda-forge
2025-01-26T13:49:37.0884786Z   lz4-c                          1.9.4                hcb278e6_0               conda-forge
2025-01-26T13:49:37.0885096Z   lzo                            2.10                 hd590300_1001            conda-forge
2025-01-26T13:49:37.0885434Z   markupsafe                     2.1.5                py312h98912ed_0          conda-forge
2025-01-26T13:49:37.0885810Z   matplotlib-base                3.8.4                py312h20ab3a6_2          conda-forge
2025-01-26T13:49:37.0886207Z   matplotlib-inline              0.1.7                pyhd8ed1ab_0             conda-forge
2025-01-26T13:49:37.0886718Z   mistune                        3.0.2                pyhd8ed1ab_0             conda-forge
2025-01-26T13:49:37.0887055Z   mpc                            1.3.1                hfe3b2da_0               conda-forge
2025-01-26T13:49:37.0887367Z   mpfr                           4.2.1                h9458935_1               conda-forge
2025-01-26T13:49:37.0887690Z   mpmath                         1.3.0                pyhd8ed1ab_0             conda-forge
2025-01-26T13:49:37.0888031Z   munkres                        1.1.4                pyh9f0ad1d_0             conda-forge
2025-01-26T13:49:37.0888394Z   mypy_extensions                1.0.0                pyha770c72_0             conda-forge
2025-01-26T13:49:37.0888758Z   nbclassic                      1.1.0                pyhd8ed1ab_0             conda-forge
2025-01-26T13:49:37.0889111Z   nbclient                       0.10.0               pyhd8ed1ab_0             conda-forge
2025-01-26T13:49:37.0889464Z   nbconvert                      7.16.4               hd8ed1ab_1               conda-forge
2025-01-26T13:49:37.0889833Z   nbconvert-core                 7.16.4               pyhd8ed1ab_1             conda-forge
2025-01-26T13:49:37.0890227Z   nbconvert-pandoc               7.16.4               hd8ed1ab_1               conda-forge
2025-01-26T13:49:37.0890607Z   nbformat                       5.10.4               pyhd8ed1ab_0             conda-forge
2025-01-26T13:49:37.0890948Z   nbsphinx                       0.9.4                pyhd8ed1ab_0             conda-forge
2025-01-26T13:49:37.0891280Z   ncurses                        6.5                  h59595ed_0               conda-forge
2025-01-26T13:49:37.0891747Z   nest-asyncio                   1.6.0                pyhd8ed1ab_0             conda-forge
2025-01-26T13:49:37.0892104Z   networkx                       3.3                  pyhd8ed1ab_1             conda-forge
2025-01-26T13:49:37.0892434Z   nomkl                          1.0                  h5ca1d4c_0               conda-forge
2025-01-26T13:49:37.0892769Z   notebook                       7.2.1                pyhd8ed1ab_0             conda-forge
2025-01-26T13:49:37.0893137Z   notebook-shim                  0.2.4                pyhd8ed1ab_0             conda-forge
2025-01-26T13:49:37.0893489Z   numba                          0.59.1               py312hacefee8_0          conda-forge
2025-01-26T13:49:37.0893831Z   numexpr                        2.10.0               py312hf412c99_100        conda-forge
2025-01-26T13:49:37.0894331Z   numpy                          1.26.4               py312heda63a1_0          conda-forge
2025-01-26T13:49:37.0894684Z   numpydoc                       1.7.0                pyhd8ed1ab_1             conda-forge
2025-01-26T13:49:37.0895031Z   openjpeg                       2.5.2                h488ebb8_0               conda-forge
2025-01-26T13:49:37.0895367Z   openssl                        3.3.1                h4ab18f5_0               conda-forge
2025-01-26T13:49:37.0895709Z   overrides                      7.7.0                pyhd8ed1ab_0             conda-forge
2025-01-26T13:49:37.0896063Z   packaging                      24.1                 pyhd8ed1ab_0             conda-forge
2025-01-26T13:49:37.0896403Z   pandas                         2.2.2                py312h1d6d2e6_1          conda-forge
2025-01-26T13:49:37.0896723Z   pandoc                         3.2                  ha770c72_0               conda-forge
2025-01-26T13:49:37.0897068Z   pandocfilters                  1.5.0                pyhd8ed1ab_0             conda-forge
2025-01-26T13:49:37.0897422Z   pango                          1.54.0               h84a9a3c_0               conda-forge
2025-01-26T13:49:37.0897749Z   parso                          0.8.4                pyhd8ed1ab_0             conda-forge
2025-01-26T13:49:37.0898088Z   pathspec                       0.12.1               pyhd8ed1ab_0             conda-forge
2025-01-26T13:49:37.0898419Z   pbr                            6.0.0                pyhd8ed1ab_0             conda-forge
2025-01-26T13:49:37.0898736Z   pcre2                          10.44                h0f59acf_0               conda-forge
2025-01-26T13:49:37.0899186Z   pexpect                        4.9.0                pyhd8ed1ab_0             conda-forge
2025-01-26T13:49:37.0899543Z   pickleshare                    0.7.5                py_1003                  conda-forge
2025-01-26T13:49:37.0899888Z   pillow                         10.3.0               py312hdcec9eb_0          conda-forge
2025-01-26T13:49:37.0900209Z   pip                            24.0                 pyhd8ed1ab_0             conda-forge
2025-01-26T13:49:37.0900529Z   pixman                         0.43.2               h59595ed_0               conda-forge
2025-01-26T13:49:37.0900907Z   pkgutil-resolve-name           1.3.10               pyhd8ed1ab_1             conda-forge
2025-01-26T13:49:37.0901303Z   platformdirs                   4.2.2                pyhd8ed1ab_0             conda-forge
2025-01-26T13:49:37.0901654Z   plotly                         5.22.0               pyhd8ed1ab_0             conda-forge
2025-01-26T13:49:37.0901990Z   pluggy                         1.5.0                pyhd8ed1ab_0             conda-forge
2025-01-26T13:49:37.0902353Z   prometheus_client              0.20.0               pyhd8ed1ab_0             conda-forge
2025-01-26T13:49:37.0902744Z   prompt-toolkit                 3.0.47               pyha770c72_0             conda-forge
2025-01-26T13:49:37.0903102Z   psutil                         5.9.8                py312h98912ed_0          conda-forge
2025-01-26T13:49:37.0903455Z   pthread-stubs                  0.4                  h36c2ea0_1001            conda-forge
2025-01-26T13:49:37.0903937Z   ptyprocess                     0.7.0                pyhd3deb0d_0             conda-forge
2025-01-26T13:49:37.0904476Z   pure_eval                      0.2.2                pyhd8ed1ab_0             conda-forge
2025-01-26T13:49:37.0904830Z   py-cpuinfo                     9.0.0                pyhd8ed1ab_0             conda-forge
2025-01-26T13:49:37.0905174Z   pybtex                         0.24.0               pyhd8ed1ab_2             conda-forge
2025-01-26T13:49:37.0905547Z   pybtex-docutils                1.0.3                py312h7900ff3_1          conda-forge
2025-01-26T13:49:37.0905920Z   pycparser                      2.22                 pyhd8ed1ab_0             conda-forge
2025-01-26T13:49:37.0906262Z   pyerfa                         2.0.1.4              py312h085067d_1          conda-forge
2025-01-26T13:49:37.0906601Z   pygments                       2.18.0               pyhd8ed1ab_0             conda-forge
2025-01-26T13:49:37.0906958Z   pygraphviz                     1.13                 py312h4a1d8a7_1          conda-forge
2025-01-26T13:49:37.0907314Z   pyparsing                      3.1.2                pyhd8ed1ab_0             conda-forge
2025-01-26T13:49:37.0907664Z   pysocks                        1.7.1                pyha2e5f31_6             conda-forge
2025-01-26T13:49:37.0908007Z   pytables                       3.9.2                py312h96d95ec_2          conda-forge
2025-01-26T13:49:37.0908347Z   pytest                         8.2.2                pyhd8ed1ab_0             conda-forge
2025-01-26T13:49:37.0908690Z   pytest-cov                     5.0.0                pyhd8ed1ab_0             conda-forge
2025-01-26T13:49:37.0909080Z   pytest-doctestplus             1.2.1                pyhd8ed1ab_0             conda-forge
2025-01-26T13:49:37.0909463Z   pytest-html                    4.1.1                pyhd8ed1ab_0             conda-forge
2025-01-26T13:49:37.0909837Z   pytest-metadata                3.1.1                pyhd8ed1ab_0             conda-forge
2025-01-26T13:49:37.0910203Z   python                         3.12.4               h194c7f8_0_cpython       conda-forge
2025-01-26T13:49:37.0910562Z   python-dateutil                2.9.0                pyhd8ed1ab_0             conda-forge
2025-01-26T13:49:37.0911004Z   python-fastjsonschema          2.20.0               pyhd8ed1ab_0             conda-forge
2025-01-26T13:49:37.0911423Z   python-json-logger             2.0.7                pyhd8ed1ab_0             conda-forge
2025-01-26T13:49:37.0911945Z   python-tzdata                  2024.1               pyhd8ed1ab_0             conda-forge
2025-01-26T13:49:37.0912313Z   python_abi                     3.12                 4_cp312                  conda-forge
2025-01-26T13:49:37.0912646Z   pytz                           2024.1               pyhd8ed1ab_0             conda-forge
2025-01-26T13:49:37.0912973Z   pyyaml                         6.0.1                py312h98912ed_1          conda-forge
2025-01-26T13:49:37.0913305Z   pyzmq                          26.0.3               py312h8fd38d8_0          conda-forge
2025-01-26T13:49:37.0913629Z   qgrid                          1.3.1                pyhd8ed1ab_4             conda-forge
2025-01-26T13:49:37.0913992Z   radioactivedecay               0.5.1                pyhd8ed1ab_0             conda-forge
2025-01-26T13:49:37.0914540Z   readline                       8.2                  h8228510_1               conda-forge
2025-01-26T13:49:37.0914898Z   recommonmark                   0.7.1                pyhd8ed1ab_0             conda-forge
2025-01-26T13:49:37.0915264Z   referencing                    0.35.1               pyhd8ed1ab_0             conda-forge
2025-01-26T13:49:37.0915617Z   requests                       2.32.3               pyhd8ed1ab_0             conda-forge
2025-01-26T13:49:37.0915988Z   rfc3339-validator              0.1.4                pyhd8ed1ab_0             conda-forge
2025-01-26T13:49:37.0916382Z   rfc3986-validator              0.1.1                pyh9f0ad1d_0             conda-forge
2025-01-26T13:49:37.0916892Z   rpds-py                        0.18.1               py312h4413252_0          conda-forge
2025-01-26T13:49:37.0917217Z   ruff                           0.4.9                py312h5715c7c_0          conda-forge
2025-01-26T13:49:37.0917534Z   scipy                          1.13.1               py312hc2bc53b_0          conda-forge
2025-01-26T13:49:37.0917875Z   send2trash                     1.8.3                pyh0d859eb_0             conda-forge
2025-01-26T13:49:37.0918239Z   setuptools                     70.0.0               pyhd8ed1ab_0             conda-forge
2025-01-26T13:49:37.0918611Z   setuptools-scm                 8.1.0                pyhd8ed1ab_0             conda-forge
2025-01-26T13:49:37.0918987Z   setuptools_scm                 8.1.0                hd8ed1ab_0               conda-forge
2025-01-26T13:49:37.0919332Z   six                            1.16.0               pyh6c4a22f_0             conda-forge
2025-01-26T13:49:37.0919661Z   snakeviz                       2.2.0                pyhd8ed1ab_0             conda-forge
2025-01-26T13:49:37.0920008Z   snappy                         1.2.0                hdb0a2a9_1               conda-forge
2025-01-26T13:49:37.0920339Z   sniffio                        1.3.1                pyhd8ed1ab_0             conda-forge
2025-01-26T13:49:37.0920703Z   snowballstemmer                2.2.0                pyhd8ed1ab_0             conda-forge
2025-01-26T13:49:37.0921080Z   soupsieve                      2.5                  pyhd8ed1ab_1             conda-forge
2025-01-26T13:49:37.0921422Z   sphinx                         7.3.7                pyhd8ed1ab_0             conda-forge
2025-01-26T13:49:37.0921781Z   sphinx-astropy                 1.9.1                pyhd8ed1ab_0             conda-forge
2025-01-26T13:49:37.0922178Z   sphinx-automodapi              0.17.0               pyh717bed2_1             conda-forge
2025-01-26T13:49:37.0922574Z   sphinx-gallery                 0.16.0               pyhd8ed1ab_0             conda-forge
2025-01-26T13:49:37.0922970Z   sphinx-jsonschema              1.19.1               pyhd8ed1ab_0             conda-forge
2025-01-26T13:49:37.0923378Z   sphinx_bootstrap_theme         0.8.1                pyhd8ed1ab_0             conda-forge
2025-01-26T13:49:37.0923776Z   sphinx_rtd_theme               2.0.0                pyha770c72_0             conda-forge
2025-01-26T13:49:37.0924341Z   sphinxcontrib-apidoc           0.3.0                py_1                     conda-forge
2025-01-26T13:49:37.0924939Z   sphinxcontrib-applehelp        1.0.8                pyhd8ed1ab_0             conda-forge
2025-01-26T13:49:37.0925379Z   sphinxcontrib-bibtex           2.6.2                pyhd8ed1ab_0             conda-forge
2025-01-26T13:49:37.0925804Z   sphinxcontrib-devhelp          1.0.6                pyhd8ed1ab_0             conda-forge
2025-01-26T13:49:37.0926240Z   sphinxcontrib-htmlhelp         2.0.5                pyhd8ed1ab_0             conda-forge
2025-01-26T13:49:37.0926674Z   sphinxcontrib-jquery           4.1                  pyhd8ed1ab_0             conda-forge
2025-01-26T13:49:37.0927100Z   sphinxcontrib-jsmath           1.0.1                pyhd8ed1ab_0             conda-forge
2025-01-26T13:49:37.0927523Z   sphinxcontrib-qthelp           1.0.7                pyhd8ed1ab_0             conda-forge
2025-01-26T13:49:37.0927988Z   sphinxcontrib-serializinghtml  1.1.10               pyhd8ed1ab_0             conda-forge
2025-01-26T13:49:37.0928417Z   stack_data                     0.6.2                pyhd8ed1ab_0             conda-forge
2025-01-26T13:49:37.0928758Z   sympy                          1.12.1               pypyh2585a3b_103         conda-forge
2025-01-26T13:49:37.0929092Z   tabulate                       0.9.0                pyhd8ed1ab_1             conda-forge
2025-01-26T13:49:37.0929440Z   tenacity                       8.4.1                pyhd8ed1ab_0             conda-forge
2025-01-26T13:49:37.0929793Z   terminado                      0.18.1               pyh0d859eb_0             conda-forge
2025-01-26T13:49:37.0930255Z   tinycss2                       1.3.0                pyhd8ed1ab_0             conda-forge
2025-01-26T13:49:37.0930582Z   tk                             8.6.13               noxft_h4845f30_101       conda-forge
2025-01-26T13:49:37.0930895Z   toml                           0.10.2               pyhd8ed1ab_0             conda-forge
2025-01-26T13:49:37.0931215Z   tomli                          2.0.1                pyhd8ed1ab_0             conda-forge
2025-01-26T13:49:37.0931550Z   tornado                        6.4.1                py312h9a8786e_0          conda-forge
2025-01-26T13:49:37.0931879Z   tqdm                           4.66.4               pyhd8ed1ab_0             conda-forge
2025-01-26T13:49:37.0932215Z   traitlets                      5.14.3               pyhd8ed1ab_0             conda-forge
2025-01-26T13:49:37.0932569Z   typed-ast                      1.5.5                py312h98912ed_1          conda-forge
2025-01-26T13:49:37.0932971Z   types-python-dateutil          2.9.0.20240316       pyhd8ed1ab_0             conda-forge
2025-01-26T13:49:37.0933410Z   typing-extensions              4.12.2               hd8ed1ab_0               conda-forge
2025-01-26T13:49:37.0933884Z   typing_extensions              4.12.2               pyha770c72_0             conda-forge
2025-01-26T13:49:37.0934735Z   typing_utils                   0.1.0                pyhd8ed1ab_0             conda-forge
2025-01-26T13:49:37.0935382Z   tzdata                         2024a                h0c530f3_0               conda-forge
2025-01-26T13:49:37.0936003Z   uri-template                   1.3.0                pyhd8ed1ab_0             conda-forge
2025-01-26T13:49:37.0936560Z   urllib3                        2.2.2                pyhd8ed1ab_0             conda-forge
2025-01-26T13:49:37.0936911Z   wcwidth                        0.2.13               pyhd8ed1ab_0             conda-forge
2025-01-26T13:49:37.0937266Z   webcolors                      24.6.0               pyhd8ed1ab_0             conda-forge
2025-01-26T13:49:37.0937642Z   webencodings                   0.5.1                pyhd8ed1ab_2             conda-forge
2025-01-26T13:49:37.0938031Z   websocket-client               1.8.0                pyhd8ed1ab_0             conda-forge
2025-01-26T13:49:37.0938402Z   wheel                          0.43.0               pyhd8ed1ab_1             conda-forge
2025-01-26T13:49:37.0938777Z   widgetsnbextension             3.6.6                pyhd8ed1ab_0             conda-forge
2025-01-26T13:49:37.0939312Z   xorg-kbproto                   1.0.7                h7f98852_1002            conda-forge
2025-01-26T13:49:37.0939682Z   xorg-libice                    1.1.1                hd590300_0               conda-forge
2025-01-26T13:49:37.0940037Z   xorg-libsm                     1.2.4                h7391055_0               conda-forge
2025-01-26T13:49:37.0940388Z   xorg-libx11                    1.8.9                h8ee46fc_0               conda-forge
2025-01-26T13:49:37.0940746Z   xorg-libxau                    1.0.11               hd590300_0               conda-forge
2025-01-26T13:49:37.0941122Z   xorg-libxdmcp                  1.1.3                h7f98852_0               conda-forge
2025-01-26T13:49:37.0941494Z   xorg-libxext                   1.3.4                h0b41bf4_2               conda-forge
2025-01-26T13:49:37.0941868Z   xorg-libxrender                0.9.11               hd590300_0               conda-forge
2025-01-26T13:49:37.0942259Z   xorg-renderproto               0.11.1               h7f98852_1002            conda-forge
2025-01-26T13:49:37.0942645Z   xorg-xextproto                 7.3.0                h0b41bf4_1003            conda-forge
2025-01-26T13:49:37.0943013Z   xorg-xproto                    7.0.31               h7f98852_1007            conda-forge
2025-01-26T13:49:37.0943343Z   xz                             5.2.6                h166bdaf_0               conda-forge
2025-01-26T13:49:37.0943649Z   yaml                           0.2.5                h7f98852_2               conda-forge
2025-01-26T13:49:37.0944091Z   zeromq                         4.3.5                h75354e8_4               conda-forge
2025-01-26T13:49:37.0944780Z   zipp                           3.19.2               pyhd8ed1ab_0             conda-forge
2025-01-26T13:49:37.0945110Z   zlib                           1.3.1                h4ab18f5_1               conda-forge
2025-01-26T13:49:37.0945431Z   zlib-ng                        2.0.7                h0b41bf4_0               conda-forge
2025-01-26T13:49:37.0945759Z   zstd                           1.5.6                ha6fb4c9_0               conda-forge
2025-01-26T13:49:37.0946270Z ##[endgroup]
2025-01-26T13:49:37.0978327Z ##[group]Run pip install -e . --user
2025-01-26T13:49:37.0978653Z [36;1mpip install -e . --user[0m
2025-01-26T13:49:37.1008584Z shell: /usr/bin/bash -l {0}
2025-01-26T13:49:37.1008828Z env:
2025-01-26T13:49:37.1009002Z   CACHE_NUMBER: 0
2025-01-26T13:49:37.1009646Z   PYTEST_FLAGS: --tardis-regression-data=/home/runner/work/tardis/tardis/tardis-regression-data --cov=tardis --cov-report=xml --cov-report=html --cov-append
2025-01-26T13:49:37.1010319Z   CODECOV_TOKEN: 
2025-01-26T13:49:37.1010544Z   MAMBA_ROOT_PREFIX: /home/runner/micromamba
2025-01-26T13:49:37.1010878Z   MAMBA_EXE: /home/runner/micromamba-bin/micromamba
2025-01-26T13:49:37.1011309Z   CONDARC: /home/runner/work/_temp/setup-micromamba/.condarc
2025-01-26T13:49:37.1011733Z ##[endgroup]
2025-01-26T13:49:37.7614049Z Obtaining file:///home/runner/work/tardis/tardis
2025-01-26T13:49:37.7643476Z   Installing build dependencies: started
2025-01-26T13:49:40.3612092Z   Installing build dependencies: finished with status 'done'
2025-01-26T13:49:40.3618551Z   Checking if build backend supports build_editable: started
2025-01-26T13:49:40.4819992Z   Checking if build backend supports build_editable: finished with status 'done'
2025-01-26T13:49:40.4827260Z   Getting requirements to build editable: started
2025-01-26T13:49:40.9673902Z   Getting requirements to build editable: finished with status 'done'
2025-01-26T13:49:40.9681823Z   Preparing editable metadata (pyproject.toml): started
2025-01-26T13:49:41.4166346Z   Preparing editable metadata (pyproject.toml): finished with status 'done'
2025-01-26T13:49:41.4741919Z Requirement already satisfied: astropy in /home/runner/micromamba/envs/tardis/lib/python3.12/site-packages (from tardis==0.0.0) (6.1.1)
2025-01-26T13:49:41.5119576Z Requirement already satisfied: numpy>=1.23 in /home/runner/micromamba/envs/tardis/lib/python3.12/site-packages (from astropy->tardis==0.0.0) (1.26.4)
2025-01-26T13:49:41.5130985Z Requirement already satisfied: pyerfa>=2.0.1.1 in /home/runner/micromamba/envs/tardis/lib/python3.12/site-packages (from astropy->tardis==0.0.0) (2.0.1.4)
2025-01-26T13:49:41.5141444Z Requirement already satisfied: astropy-iers-data>=0.2024.5.27.0.30.8 in /home/runner/micromamba/envs/tardis/lib/python3.12/site-packages (from astropy->tardis==0.0.0) (0.2024.6.17.0.31.35)
2025-01-26T13:49:41.5149665Z Requirement already satisfied: PyYAML>=3.13 in /home/runner/micromamba/envs/tardis/lib/python3.12/site-packages (from astropy->tardis==0.0.0) (6.0.1)
2025-01-26T13:49:41.5159215Z Requirement already satisfied: packaging>=19.0 in /home/runner/micromamba/envs/tardis/lib/python3.12/site-packages (from astropy->tardis==0.0.0) (24.1)
2025-01-26T13:49:41.5245199Z Building wheels for collected packages: tardis
2025-01-26T13:49:41.5253658Z   Building editable for tardis (pyproject.toml): started
2025-01-26T13:49:42.3332885Z   Building editable for tardis (pyproject.toml): finished with status 'done'
2025-01-26T13:49:42.3338716Z   Created wheel for tardis: filename=tardis-0.0.0-0.editable-py3-none-any.whl size=8879 sha256=672bcc4a9986d7fa598737e735688c55d88e10676c52b62701a0462f329e7240
2025-01-26T13:49:42.3340496Z   Stored in directory: /tmp/pip-ephem-wheel-cache-lbc4773z/wheels/6a/c7/ae/89fa6dc2565455898176888ef0e2e475e4e90eb0124afcb995
2025-01-26T13:49:42.3371095Z Successfully built tardis
2025-01-26T13:49:43.1800394Z Installing collected packages: tardis
2025-01-26T13:49:43.6503538Z Successfully installed tardis-0.0.0
2025-01-26T13:49:43.8565889Z ##[group]Run pip install qgridnext
2025-01-26T13:49:43.8566236Z [36;1mpip install qgridnext[0m
2025-01-26T13:49:43.8593910Z shell: /usr/bin/bash -l {0}
2025-01-26T13:49:43.8594377Z env:
2025-01-26T13:49:43.8594563Z   CACHE_NUMBER: 0
2025-01-26T13:49:43.8595188Z   PYTEST_FLAGS: --tardis-regression-data=/home/runner/work/tardis/tardis/tardis-regression-data --cov=tardis --cov-report=xml --cov-report=html --cov-append
2025-01-26T13:49:43.8595836Z   CODECOV_TOKEN: 
2025-01-26T13:49:43.8596066Z   MAMBA_ROOT_PREFIX: /home/runner/micromamba
2025-01-26T13:49:43.8596369Z   MAMBA_EXE: /home/runner/micromamba-bin/micromamba
2025-01-26T13:49:43.8596716Z   CONDARC: /home/runner/work/_temp/setup-micromamba/.condarc
2025-01-26T13:49:43.8597024Z ##[endgroup]
2025-01-26T13:49:45.0403855Z Collecting qgridnext
2025-01-26T13:49:45.0577007Z   Downloading qgridnext-2.0.4-py3-none-any.whl.metadata (9.9 kB)
2025-01-26T13:49:45.0659386Z Requirement already satisfied: pandas>=0.20.0 in /home/runner/micromamba/envs/tardis/lib/python3.12/site-packages (from qgridnext) (2.2.2)
2025-01-26T13:49:45.0667920Z Requirement already satisfied: ipywidgets>=7.0.0 in /home/runner/micromamba/envs/tardis/lib/python3.12/site-packages (from qgridnext) (7.8.0)
2025-01-26T13:49:45.0676702Z Requirement already satisfied: numpy in /home/runner/micromamba/envs/tardis/lib/python3.12/site-packages (from qgridnext) (1.26.4)
2025-01-26T13:49:45.0686276Z Requirement already satisfied: traitlets in /home/runner/micromamba/envs/tardis/lib/python3.12/site-packages (from qgridnext) (5.14.3)
2025-01-26T13:49:45.0768270Z Requirement already satisfied: comm>=0.1.3 in /home/runner/micromamba/envs/tardis/lib/python3.12/site-packages (from ipywidgets>=7.0.0->qgridnext) (0.2.2)
2025-01-26T13:49:45.0776763Z Requirement already satisfied: ipython-genutils~=0.2.0 in /home/runner/micromamba/envs/tardis/lib/python3.12/site-packages (from ipywidgets>=7.0.0->qgridnext) (0.2.0)
2025-01-26T13:49:45.0788870Z Requirement already satisfied: widgetsnbextension~=3.6.5 in /home/runner/micromamba/envs/tardis/lib/python3.12/site-packages (from ipywidgets>=7.0.0->qgridnext) (3.6.6)
2025-01-26T13:49:45.0806075Z Requirement already satisfied: ipython>=4.0.0 in /home/runner/micromamba/envs/tardis/lib/python3.12/site-packages (from ipywidgets>=7.0.0->qgridnext) (8.25.0)
2025-01-26T13:49:45.0819962Z Requirement already satisfied: jupyterlab-widgets<3,>=1.0.0 in /home/runner/micromamba/envs/tardis/lib/python3.12/site-packages (from ipywidgets>=7.0.0->qgridnext) (1.1.7)
2025-01-26T13:49:45.1251824Z Requirement already satisfied: python-dateutil>=2.8.2 in /home/runner/micromamba/envs/tardis/lib/python3.12/site-packages (from pandas>=0.20.0->qgridnext) (2.9.0)
2025-01-26T13:49:45.1264617Z Requirement already satisfied: pytz>=2020.1 in /home/runner/micromamba/envs/tardis/lib/python3.12/site-packages (from pandas>=0.20.0->qgridnext) (2024.1)
2025-01-26T13:49:45.1272272Z Requirement already satisfied: tzdata>=2022.7 in /home/runner/micromamba/envs/tardis/lib/python3.12/site-packages (from pandas>=0.20.0->qgridnext) (2024.1)
2025-01-26T13:49:45.1583262Z Requirement already satisfied: decorator in /home/runner/micromamba/envs/tardis/lib/python3.12/site-packages (from ipython>=4.0.0->ipywidgets>=7.0.0->qgridnext) (5.1.1)
2025-01-26T13:49:45.1598171Z Requirement already satisfied: jedi>=0.16 in /home/runner/micromamba/envs/tardis/lib/python3.12/site-packages (from ipython>=4.0.0->ipywidgets>=7.0.0->qgridnext) (0.19.1)
2025-01-26T13:49:45.1607514Z Requirement already satisfied: matplotlib-inline in /home/runner/micromamba/envs/tardis/lib/python3.12/site-packages (from ipython>=4.0.0->ipywidgets>=7.0.0->qgridnext) (0.1.7)
2025-01-26T13:49:45.1618833Z Requirement already satisfied: prompt-toolkit<3.1.0,>=3.0.41 in /home/runner/micromamba/envs/tardis/lib/python3.12/site-packages (from ipython>=4.0.0->ipywidgets>=7.0.0->qgridnext) (3.0.47)
2025-01-26T13:49:45.1628541Z Requirement already satisfied: pygments>=2.4.0 in /home/runner/micromamba/envs/tardis/lib/python3.12/site-packages (from ipython>=4.0.0->ipywidgets>=7.0.0->qgridnext) (2.18.0)
2025-01-26T13:49:45.1639143Z Requirement already satisfied: stack-data in /home/runner/micromamba/envs/tardis/lib/python3.12/site-packages (from ipython>=4.0.0->ipywidgets>=7.0.0->qgridnext) (0.6.2)
2025-01-26T13:49:45.1658767Z Requirement already satisfied: pexpect>4.3 in /home/runner/micromamba/envs/tardis/lib/python3.12/site-packages (from ipython>=4.0.0->ipywidgets>=7.0.0->qgridnext) (4.9.0)
2025-01-26T13:49:45.1706576Z Requirement already satisfied: six>=1.5 in /home/runner/micromamba/envs/tardis/lib/python3.12/site-packages (from python-dateutil>=2.8.2->pandas>=0.20.0->qgridnext) (1.16.0)
2025-01-26T13:49:45.1763283Z Requirement already satisfied: notebook>=4.4.1 in /home/runner/micromamba/envs/tardis/lib/python3.12/site-packages (from widgetsnbextension~=3.6.5->ipywidgets>=7.0.0->qgridnext) (7.2.1)
2025-01-26T13:49:45.1946657Z Requirement already satisfied: parso<0.9.0,>=0.8.3 in /home/runner/micromamba/envs/tardis/lib/python3.12/site-packages (from jedi>=0.16->ipython>=4.0.0->ipywidgets>=7.0.0->qgridnext) (0.8.4)
2025-01-26T13:49:45.2090147Z Requirement already satisfied: jupyter-server<3,>=2.4.0 in /home/runner/micromamba/envs/tardis/lib/python3.12/site-packages (from notebook>=4.4.1->widgetsnbextension~=3.6.5->ipywidgets>=7.0.0->qgridnext) (2.14.1)
2025-01-26T13:49:45.2103937Z Requirement already satisfied: jupyterlab-server<3,>=2.27.1 in /home/runner/micromamba/envs/tardis/lib/python3.12/site-packages (from notebook>=4.4.1->widgetsnbextension~=3.6.5->ipywidgets>=7.0.0->qgridnext) (2.27.2)
2025-01-26T13:49:45.2120183Z Requirement already satisfied: jupyterlab<4.3,>=4.2.0 in /home/runner/micromamba/envs/tardis/lib/python3.12/site-packages (from notebook>=4.4.1->widgetsnbextension~=3.6.5->ipywidgets>=7.0.0->qgridnext) (4.2.2)
2025-01-26T13:49:45.2131065Z Requirement already satisfied: notebook-shim<0.3,>=0.2 in /home/runner/micromamba/envs/tardis/lib/python3.12/site-packages (from notebook>=4.4.1->widgetsnbextension~=3.6.5->ipywidgets>=7.0.0->qgridnext) (0.2.4)
2025-01-26T13:49:45.2139992Z Requirement already satisfied: tornado>=6.2.0 in /home/runner/micromamba/envs/tardis/lib/python3.12/site-packages (from notebook>=4.4.1->widgetsnbextension~=3.6.5->ipywidgets>=7.0.0->qgridnext) (6.4.1)
2025-01-26T13:49:45.2170026Z Requirement already satisfied: ptyprocess>=0.5 in /home/runner/micromamba/envs/tardis/lib/python3.12/site-packages (from pexpect>4.3->ipython>=4.0.0->ipywidgets>=7.0.0->qgridnext) (0.7.0)
2025-01-26T13:49:45.2203536Z Requirement already satisfied: wcwidth in /home/runner/micromamba/envs/tardis/lib/python3.12/site-packages (from prompt-toolkit<3.1.0,>=3.0.41->ipython>=4.0.0->ipywidgets>=7.0.0->qgridnext) (0.2.13)
2025-01-26T13:49:45.2340248Z Requirement already satisfied: executing>=1.2.0 in /home/runner/micromamba/envs/tardis/lib/python3.12/site-packages (from stack-data->ipython>=4.0.0->ipywidgets>=7.0.0->qgridnext) (2.0.1)
2025-01-26T13:49:45.2350299Z Requirement already satisfied: asttokens>=2.1.0 in /home/runner/micromamba/envs/tardis/lib/python3.12/site-packages (from stack-data->ipython>=4.0.0->ipywidgets>=7.0.0->qgridnext) (2.4.1)
2025-01-26T13:49:45.2358725Z Requirement already satisfied: pure-eval in /home/runner/micromamba/envs/tardis/lib/python3.12/site-packages (from stack-data->ipython>=4.0.0->ipywidgets>=7.0.0->qgridnext) (0.2.2)
2025-01-26T13:49:45.2688127Z Requirement already satisfied: anyio>=3.1.0 in /home/runner/micromamba/envs/tardis/lib/python3.12/site-packages (from jupyter-server<3,>=2.4.0->notebook>=4.4.1->widgetsnbextension~=3.6.5->ipywidgets>=7.0.0->qgridnext) (4.4.0)
2025-01-26T13:49:45.2698965Z Requirement already satisfied: argon2-cffi>=21.1 in /home/runner/micromamba/envs/tardis/lib/python3.12/site-packages (from jupyter-server<3,>=2.4.0->notebook>=4.4.1->widgetsnbextension~=3.6.5->ipywidgets>=7.0.0->qgridnext) (23.1.0)
2025-01-26T13:49:45.2708487Z Requirement already satisfied: jinja2>=3.0.3 in /home/runner/micromamba/envs/tardis/lib/python3.12/site-packages (from jupyter-server<3,>=2.4.0->notebook>=4.4.1->widgetsnbextension~=3.6.5->ipywidgets>=7.0.0->qgridnext) (3.1.4)
2025-01-26T13:49:45.2721054Z Requirement already satisfied: jupyter-client>=7.4.4 in /home/runner/micromamba/envs/tardis/lib/python3.12/site-packages (from jupyter-server<3,>=2.4.0->notebook>=4.4.1->widgetsnbextension~=3.6.5->ipywidgets>=7.0.0->qgridnext) (8.6.2)
2025-01-26T13:49:45.2733399Z Requirement already satisfied: jupyter-core!=5.0.*,>=4.12 in /home/runner/micromamba/envs/tardis/lib/python3.12/site-packages (from jupyter-server<3,>=2.4.0->notebook>=4.4.1->widgetsnbextension~=3.6.5->ipywidgets>=7.0.0->qgridnext) (5.7.2)
2025-01-26T13:49:45.2745702Z Requirement already satisfied: jupyter-events>=0.9.0 in /home/runner/micromamba/envs/tardis/lib/python3.12/site-packages (from jupyter-server<3,>=2.4.0->notebook>=4.4.1->widgetsnbextension~=3.6.5->ipywidgets>=7.0.0->qgridnext) (0.10.0)
2025-01-26T13:49:45.2757449Z Requirement already satisfied: jupyter-server-terminals>=0.4.4 in /home/runner/micromamba/envs/tardis/lib/python3.12/site-packages (from jupyter-server<3,>=2.4.0->notebook>=4.4.1->widgetsnbextension~=3.6.5->ipywidgets>=7.0.0->qgridnext) (0.5.3)
2025-01-26T13:49:45.2771377Z Requirement already satisfied: nbconvert>=6.4.4 in /home/runner/micromamba/envs/tardis/lib/python3.12/site-packages (from jupyter-server<3,>=2.4.0->notebook>=4.4.1->widgetsnbextension~=3.6.5->ipywidgets>=7.0.0->qgridnext) (7.16.4)
2025-01-26T13:49:45.2782373Z Requirement already satisfied: nbformat>=5.3.0 in /home/runner/micromamba/envs/tardis/lib/python3.12/site-packages (from jupyter-server<3,>=2.4.0->notebook>=4.4.1->widgetsnbextension~=3.6.5->ipywidgets>=7.0.0->qgridnext) (5.10.4)
2025-01-26T13:49:45.2792179Z Requirement already satisfied: overrides>=5.0 in /home/runner/micromamba/envs/tardis/lib/python3.12/site-packages (from jupyter-server<3,>=2.4.0->notebook>=4.4.1->widgetsnbextension~=3.6.5->ipywidgets>=7.0.0->qgridnext) (7.7.0)
2025-01-26T13:49:45.2802440Z Requirement already satisfied: packaging>=22.0 in /home/runner/micromamba/envs/tardis/lib/python3.12/site-packages (from jupyter-server<3,>=2.4.0->notebook>=4.4.1->widgetsnbextension~=3.6.5->ipywidgets>=7.0.0->qgridnext) (24.1)
2025-01-26T13:49:45.2811971Z Requirement already satisfied: prometheus-client>=0.9 in /home/runner/micromamba/envs/tardis/lib/python3.12/site-packages (from jupyter-server<3,>=2.4.0->notebook>=4.4.1->widgetsnbextension~=3.6.5->ipywidgets>=7.0.0->qgridnext) (0.20.0)
2025-01-26T13:49:45.2823338Z Requirement already satisfied: pyzmq>=24 in /home/runner/micromamba/envs/tardis/lib/python3.12/site-packages (from jupyter-server<3,>=2.4.0->notebook>=4.4.1->widgetsnbextension~=3.6.5->ipywidgets>=7.0.0->qgridnext) (26.0.3)
2025-01-26T13:49:45.2832997Z Requirement already satisfied: send2trash>=1.8.2 in /home/runner/micromamba/envs/tardis/lib/python3.12/site-packages (from jupyter-server<3,>=2.4.0->notebook>=4.4.1->widgetsnbextension~=3.6.5->ipywidgets>=7.0.0->qgridnext) (1.8.3)
2025-01-26T13:49:45.2845043Z Requirement already satisfied: terminado>=0.8.3 in /home/runner/micromamba/envs/tardis/lib/python3.12/site-packages (from jupyter-server<3,>=2.4.0->notebook>=4.4.1->widgetsnbextension~=3.6.5->ipywidgets>=7.0.0->qgridnext) (0.18.1)
2025-01-26T13:49:45.2862491Z Requirement already satisfied: websocket-client>=1.7 in /home/runner/micromamba/envs/tardis/lib/python3.12/site-packages (from jupyter-server<3,>=2.4.0->notebook>=4.4.1->widgetsnbextension~=3.6.5->ipywidgets>=7.0.0->qgridnext) (1.8.0)
2025-01-26T13:49:45.3139823Z Requirement already satisfied: async-lru>=1.0.0 in /home/runner/micromamba/envs/tardis/lib/python3.12/site-packages (from jupyterlab<4.3,>=4.2.0->notebook>=4.4.1->widgetsnbextension~=3.6.5->ipywidgets>=7.0.0->qgridnext) (2.0.4)
2025-01-26T13:49:45.3151948Z Requirement already satisfied: httpx>=0.25.0 in /home/runner/micromamba/envs/tardis/lib/python3.12/site-packages (from jupyterlab<4.3,>=4.2.0->notebook>=4.4.1->widgetsnbextension~=3.6.5->ipywidgets>=7.0.0->qgridnext) (0.27.0)
2025-01-26T13:49:45.3164543Z Requirement already satisfied: ipykernel>=6.5.0 in /home/runner/micromamba/envs/tardis/lib/python3.12/site-packages (from jupyterlab<4.3,>=4.2.0->notebook>=4.4.1->widgetsnbextension~=3.6.5->ipywidgets>=7.0.0->qgridnext) (6.29.4)
2025-01-26T13:49:45.3179312Z Requirement already satisfied: jupyter-lsp>=2.0.0 in /home/runner/micromamba/envs/tardis/lib/python3.12/site-packages (from jupyterlab<4.3,>=4.2.0->notebook>=4.4.1->widgetsnbextension~=3.6.5->ipywidgets>=7.0.0->qgridnext) (2.2.5)
2025-01-26T13:49:45.3205768Z Requirement already satisfied: setuptools>=40.1.0 in /home/runner/micromamba/envs/tardis/lib/python3.12/site-packages (from jupyterlab<4.3,>=4.2.0->notebook>=4.4.1->widgetsnbextension~=3.6.5->ipywidgets>=7.0.0->qgridnext) (70.0.0)
2025-01-26T13:49:45.3390293Z Requirement already satisfied: babel>=2.10 in /home/runner/micromamba/envs/tardis/lib/python3.12/site-packages (from jupyterlab-server<3,>=2.27.1->notebook>=4.4.1->widgetsnbextension~=3.6.5->ipywidgets>=7.0.0->qgridnext) (2.14.0)
2025-01-26T13:49:45.3416832Z Requirement already satisfied: json5>=0.9.0 in /home/runner/micromamba/envs/tardis/lib/python3.12/site-packages (from jupyterlab-server<3,>=2.27.1->notebook>=4.4.1->widgetsnbextension~=3.6.5->ipywidgets>=7.0.0->qgridnext) (0.9.25)
2025-01-26T13:49:45.3428323Z Requirement already satisfied: jsonschema>=4.18.0 in /home/runner/micromamba/envs/tardis/lib/python3.12/site-packages (from jupyterlab-server<3,>=2.27.1->notebook>=4.4.1->widgetsnbextension~=3.6.5->ipywidgets>=7.0.0->qgridnext) (4.22.0)
2025-01-26T13:49:45.3447446Z Requirement already satisfied: requests>=2.31 in /home/runner/micromamba/envs/tardis/lib/python3.12/site-packages (from jupyterlab-server<3,>=2.27.1->notebook>=4.4.1->widgetsnbextension~=3.6.5->ipywidgets>=7.0.0->qgridnext) (2.32.3)
2025-01-26T13:49:45.3793345Z Requirement already satisfied: idna>=2.8 in /home/runner/micromamba/envs/tardis/lib/python3.12/site-packages (from anyio>=3.1.0->jupyter-server<3,>=2.4.0->notebook>=4.4.1->widgetsnbextension~=3.6.5->ipywidgets>=7.0.0->qgridnext) (3.7)
2025-01-26T13:49:45.3803172Z Requirement already satisfied: sniffio>=1.1 in /home/runner/micromamba/envs/tardis/lib/python3.12/site-packages (from anyio>=3.1.0->jupyter-server<3,>=2.4.0->notebook>=4.4.1->widgetsnbextension~=3.6.5->ipywidgets>=7.0.0->qgridnext) (1.3.1)
2025-01-26T13:49:45.3892971Z Requirement already satisfied: argon2-cffi-bindings in /home/runner/micromamba/envs/tardis/lib/python3.12/site-packages (from argon2-cffi>=21.1->jupyter-server<3,>=2.4.0->notebook>=4.4.1->widgetsnbextension~=3.6.5->ipywidgets>=7.0.0->qgridnext) (21.2.0)
2025-01-26T13:49:45.4061163Z Requirement already satisfied: certifi in /home/runner/micromamba/envs/tardis/lib/python3.12/site-packages (from httpx>=0.25.0->jupyterlab<4.3,>=4.2.0->notebook>=4.4.1->widgetsnbextension~=3.6.5->ipywidgets>=7.0.0->qgridnext) (2024.6.2)
2025-01-26T13:49:45.4076495Z Requirement already satisfied: httpcore==1.* in /home/runner/micromamba/envs/tardis/lib/python3.12/site-packages (from httpx>=0.25.0->jupyterlab<4.3,>=4.2.0->notebook>=4.4.1->widgetsnbextension~=3.6.5->ipywidgets>=7.0.0->qgridnext) (1.0.5)
2025-01-26T13:49:45.4154463Z Requirement already satisfied: h11<0.15,>=0.13 in /home/runner/micromamba/envs/tardis/lib/python3.12/site-packages (from httpcore==1.*->httpx>=0.25.0->jupyterlab<4.3,>=4.2.0->notebook>=4.4.1->widgetsnbextension~=3.6.5->ipywidgets>=7.0.0->qgridnext) (0.14.0)
2025-01-26T13:49:45.4335506Z Requirement already satisfied: debugpy>=1.6.5 in /home/runner/micromamba/envs/tardis/lib/python3.12/site-packages (from ipykernel>=6.5.0->jupyterlab<4.3,>=4.2.0->notebook>=4.4.1->widgetsnbextension~=3.6.5->ipywidgets>=7.0.0->qgridnext) (1.8.1)
2025-01-26T13:49:45.4357420Z Requirement already satisfied: nest-asyncio in /home/runner/micromamba/envs/tardis/lib/python3.12/site-packages (from ipykernel>=6.5.0->jupyterlab<4.3,>=4.2.0->notebook>=4.4.1->widgetsnbextension~=3.6.5->ipywidgets>=7.0.0->qgridnext) (1.6.0)
2025-01-26T13:49:45.4372582Z Requirement already satisfied: psutil in /home/runner/micromamba/envs/tardis/lib/python3.12/site-packages (from ipykernel>=6.5.0->jupyterlab<4.3,>=4.2.0->notebook>=4.4.1->widgetsnbextension~=3.6.5->ipywidgets>=7.0.0->qgridnext) (5.9.8)
2025-01-26T13:49:45.4434926Z Requirement already satisfied: MarkupSafe>=2.0 in /home/runner/micromamba/envs/tardis/lib/python3.12/site-packages (from jinja2>=3.0.3->jupyter-server<3,>=2.4.0->notebook>=4.4.1->widgetsnbextension~=3.6.5->ipywidgets>=7.0.0->qgridnext) (2.1.5)
2025-01-26T13:49:45.4622969Z Requirement already satisfied: attrs>=22.2.0 in /home/runner/micromamba/envs/tardis/lib/python3.12/site-packages (from jsonschema>=4.18.0->jupyterlab-server<3,>=2.27.1->notebook>=4.4.1->widgetsnbextension~=3.6.5->ipywidgets>=7.0.0->qgridnext) (23.2.0)
2025-01-26T13:49:45.4634096Z Requirement already satisfied: jsonschema-specifications>=2023.03.6 in /home/runner/micromamba/envs/tardis/lib/python3.12/site-packages (from jsonschema>=4.18.0->jupyterlab-server<3,>=2.27.1->notebook>=4.4.1->widgetsnbextension~=3.6.5->ipywidgets>=7.0.0->qgridnext) (2023.12.1)
2025-01-26T13:49:45.4643579Z Requirement already satisfied: referencing>=0.28.4 in /home/runner/micromamba/envs/tardis/lib/python3.12/site-packages (from jsonschema>=4.18.0->jupyterlab-server<3,>=2.27.1->notebook>=4.4.1->widgetsnbextension~=3.6.5->ipywidgets>=7.0.0->qgridnext) (0.35.1)
2025-01-26T13:49:45.4653187Z Requirement already satisfied: rpds-py>=0.7.1 in /home/runner/micromamba/envs/tardis/lib/python3.12/site-packages (from jsonschema>=4.18.0->jupyterlab-server<3,>=2.27.1->notebook>=4.4.1->widgetsnbextension~=3.6.5->ipywidgets>=7.0.0->qgridnext) (0.18.1)
2025-01-26T13:49:45.4911998Z Requirement already satisfied: platformdirs>=2.5 in /home/runner/micromamba/envs/tardis/lib/python3.12/site-packages (from jupyter-core!=5.0.*,>=4.12->jupyter-server<3,>=2.4.0->notebook>=4.4.1->widgetsnbextension~=3.6.5->ipywidgets>=7.0.0->qgridnext) (4.2.2)
2025-01-26T13:49:45.5060493Z Requirement already satisfied: python-json-logger>=2.0.4 in /home/runner/micromamba/envs/tardis/lib/python3.12/site-packages (from jupyter-events>=0.9.0->jupyter-server<3,>=2.4.0->notebook>=4.4.1->widgetsnbextension~=3.6.5->ipywidgets>=7.0.0->qgridnext) (2.0.7)
2025-01-26T13:49:45.5070051Z Requirement already satisfied: pyyaml>=5.3 in /home/runner/micromamba/envs/tardis/lib/python3.12/site-packages (from jupyter-events>=0.9.0->jupyter-server<3,>=2.4.0->notebook>=4.4.1->widgetsnbextension~=3.6.5->ipywidgets>=7.0.0->qgridnext) (6.0.1)
2025-01-26T13:49:45.5081330Z Requirement already satisfied: rfc3339-validator in /home/runner/micromamba/envs/tardis/lib/python3.12/site-packages (from jupyter-events>=0.9.0->jupyter-server<3,>=2.4.0->notebook>=4.4.1->widgetsnbextension~=3.6.5->ipywidgets>=7.0.0->qgridnext) (0.1.4)
2025-01-26T13:49:45.5090828Z Requirement already satisfied: rfc3986-validator>=0.1.1 in /home/runner/micromamba/envs/tardis/lib/python3.12/site-packages (from jupyter-events>=0.9.0->jupyter-server<3,>=2.4.0->notebook>=4.4.1->widgetsnbextension~=3.6.5->ipywidgets>=7.0.0->qgridnext) (0.1.1)
2025-01-26T13:49:45.5506856Z Requirement already satisfied: beautifulsoup4 in /home/runner/micromamba/envs/tardis/lib/python3.12/site-packages (from nbconvert>=6.4.4->jupyter-server<3,>=2.4.0->notebook>=4.4.1->widgetsnbextension~=3.6.5->ipywidgets>=7.0.0->qgridnext) (4.12.3)
2025-01-26T13:49:45.5526616Z Requirement already satisfied: bleach!=5.0.0 in /home/runner/micromamba/envs/tardis/lib/python3.12/site-packages (from nbconvert>=6.4.4->jupyter-server<3,>=2.4.0->notebook>=4.4.1->widgetsnbextension~=3.6.5->ipywidgets>=7.0.0->qgridnext) (6.1.0)
2025-01-26T13:49:45.5541468Z Requirement already satisfied: defusedxml in /home/runner/micromamba/envs/tardis/lib/python3.12/site-packages (from nbconvert>=6.4.4->jupyter-server<3,>=2.4.0->notebook>=4.4.1->widgetsnbextension~=3.6.5->ipywidgets>=7.0.0->qgridnext) (0.7.1)
2025-01-26T13:49:45.5570156Z Requirement already satisfied: jupyterlab-pygments in /home/runner/micromamba/envs/tardis/lib/python3.12/site-packages (from nbconvert>=6.4.4->jupyter-server<3,>=2.4.0->notebook>=4.4.1->widgetsnbextension~=3.6.5->ipywidgets>=7.0.0->qgridnext) (0.3.0)
2025-01-26T13:49:45.5573434Z Requirement already satisfied: mistune<4,>=2.0.3 in /home/runner/micromamba/envs/tardis/lib/python3.12/site-packages (from nbconvert>=6.4.4->jupyter-server<3,>=2.4.0->notebook>=4.4.1->widgetsnbextension~=3.6.5->ipywidgets>=7.0.0->qgridnext) (3.0.2)
2025-01-26T13:49:45.5582853Z Requirement already satisfied: nbclient>=0.5.0 in /home/runner/micromamba/envs/tardis/lib/python3.12/site-packages (from nbconvert>=6.4.4->jupyter-server<3,>=2.4.0->notebook>=4.4.1->widgetsnbextension~=3.6.5->ipywidgets>=7.0.0->qgridnext) (0.10.0)
2025-01-26T13:49:45.5600243Z Requirement already satisfied: pandocfilters>=1.4.1 in /home/runner/micromamba/envs/tardis/lib/python3.12/site-packages (from nbconvert>=6.4.4->jupyter-server<3,>=2.4.0->notebook>=4.4.1->widgetsnbextension~=3.6.5->ipywidgets>=7.0.0->qgridnext) (1.5.0)
2025-01-26T13:49:45.5610750Z Requirement already satisfied: tinycss2 in /home/runner/micromamba/envs/tardis/lib/python3.12/site-packages (from nbconvert>=6.4.4->jupyter-server<3,>=2.4.0->notebook>=4.4.1->widgetsnbextension~=3.6.5->ipywidgets>=7.0.0->qgridnext) (1.3.0)
2025-01-26T13:49:45.5723809Z Requirement already satisfied: fastjsonschema>=2.15 in /home/runner/micromamba/envs/tardis/lib/python3.12/site-packages (from nbformat>=5.3.0->jupyter-server<3,>=2.4.0->notebook>=4.4.1->widgetsnbextension~=3.6.5->ipywidgets>=7.0.0->qgridnext) (2.20.0)
2025-01-26T13:49:45.6024557Z Requirement already satisfied: charset-normalizer<4,>=2 in /home/runner/micromamba/envs/tardis/lib/python3.12/site-packages (from requests>=2.31->jupyterlab-server<3,>=2.27.1->notebook>=4.4.1->widgetsnbextension~=3.6.5->ipywidgets>=7.0.0->qgridnext) (3.3.2)
2025-01-26T13:49:45.6039466Z Requirement already satisfied: urllib3<3,>=1.21.1 in /home/runner/micromamba/envs/tardis/lib/python3.12/site-packages (from requests>=2.31->jupyterlab-server<3,>=2.27.1->notebook>=4.4.1->widgetsnbextension~=3.6.5->ipywidgets>=7.0.0->qgridnext) (2.2.2)
2025-01-26T13:49:45.6797074Z Requirement already satisfied: webencodings in /home/runner/micromamba/envs/tardis/lib/python3.12/site-packages (from bleach!=5.0.0->nbconvert>=6.4.4->jupyter-server<3,>=2.4.0->notebook>=4.4.1->widgetsnbextension~=3.6.5->ipywidgets>=7.0.0->qgridnext) (0.5.1)
2025-01-26T13:49:45.7358431Z Requirement already satisfied: fqdn in /home/runner/micromamba/envs/tardis/lib/python3.12/site-packages (from jsonschema[format-nongpl]>=4.18.0->jupyter-events>=0.9.0->jupyter-server<3,>=2.4.0->notebook>=4.4.1->widgetsnbextension~=3.6.5->ipywidgets>=7.0.0->qgridnext) (1.5.1)
2025-01-26T13:49:45.7376986Z Requirement already satisfied: isoduration in /home/runner/micromamba/envs/tardis/lib/python3.12/site-packages (from jsonschema[format-nongpl]>=4.18.0->jupyter-events>=0.9.0->jupyter-server<3,>=2.4.0->notebook>=4.4.1->widgetsnbextension~=3.6.5->ipywidgets>=7.0.0->qgridnext) (20.11.0)
2025-01-26T13:49:45.7391014Z Requirement already satisfied: jsonpointer>1.13 in /home/runner/micromamba/envs/tardis/lib/python3.12/site-packages (from jsonschema[format-nongpl]>=4.18.0->jupyter-events>=0.9.0->jupyter-server<3,>=2.4.0->notebook>=4.4.1->widgetsnbextension~=3.6.5->ipywidgets>=7.0.0->qgridnext) (3.0.0)
2025-01-26T13:49:45.7408281Z Requirement already satisfied: uri-template in /home/runner/micromamba/envs/tardis/lib/python3.12/site-packages (from jsonschema[format-nongpl]>=4.18.0->jupyter-events>=0.9.0->jupyter-server<3,>=2.4.0->notebook>=4.4.1->widgetsnbextension~=3.6.5->ipywidgets>=7.0.0->qgridnext) (1.3.0)
2025-01-26T13:49:45.7422963Z Requirement already satisfied: webcolors>=1.11 in /home/runner/micromamba/envs/tardis/lib/python3.12/site-packages (from jsonschema[format-nongpl]>=4.18.0->jupyter-events>=0.9.0->jupyter-server<3,>=2.4.0->notebook>=4.4.1->widgetsnbextension~=3.6.5->ipywidgets>=7.0.0->qgridnext) (24.6.0)
2025-01-26T13:49:45.8412835Z Requirement already satisfied: cffi>=1.0.1 in /home/runner/micromamba/envs/tardis/lib/python3.12/site-packages (from argon2-cffi-bindings->argon2-cffi>=21.1->jupyter-server<3,>=2.4.0->notebook>=4.4.1->widgetsnbextension~=3.6.5->ipywidgets>=7.0.0->qgridnext) (1.16.0)
2025-01-26T13:49:45.8508661Z Requirement already satisfied: soupsieve>1.2 in /home/runner/micromamba/envs/tardis/lib/python3.12/site-packages (from beautifulsoup4->nbconvert>=6.4.4->jupyter-server<3,>=2.4.0->notebook>=4.4.1->widgetsnbextension~=3.6.5->ipywidgets>=7.0.0->qgridnext) (2.5)
2025-01-26T13:49:45.9020267Z Requirement already satisfied: pycparser in /home/runner/micromamba/envs/tardis/lib/python3.12/site-packages (from cffi>=1.0.1->argon2-cffi-bindings->argon2-cffi>=21.1->jupyter-server<3,>=2.4.0->notebook>=4.4.1->widgetsnbextension~=3.6.5->ipywidgets>=7.0.0->qgridnext) (2.22)
2025-01-26T13:49:45.9512128Z Requirement already satisfied: arrow>=0.15.0 in /home/runner/micromamba/envs/tardis/lib/python3.12/site-packages (from isoduration->jsonschema[format-nongpl]>=4.18.0->jupyter-events>=0.9.0->jupyter-server<3,>=2.4.0->notebook>=4.4.1->widgetsnbextension~=3.6.5->ipywidgets>=7.0.0->qgridnext) (1.3.0)
2025-01-26T13:49:45.9804870Z Requirement already satisfied: types-python-dateutil>=2.8.10 in /home/runner/micromamba/envs/tardis/lib/python3.12/site-packages (from arrow>=0.15.0->isoduration->jsonschema[format-nongpl]>=4.18.0->jupyter-events>=0.9.0->jupyter-server<3,>=2.4.0->notebook>=4.4.1->widgetsnbextension~=3.6.5->ipywidgets>=7.0.0->qgridnext) (2.9.0.20240316)
2025-01-26T13:49:46.0812650Z Downloading qgridnext-2.0.4-py3-none-any.whl (1.3 MB)
2025-01-26T13:49:46.0982481Z    â”â”â”â”â”â”â”â”â”â”â”â”â”â”â”â”â”â”â”â”â”â”â”â”â”â”â”â”â”â”â”â”â”â”â”â”â”â”â”â” 1.3/1.3 MB 85.6 MB/s eta 0:00:00
2025-01-26T13:49:46.8826235Z Installing collected packages: qgridnext
2025-01-26T13:49:46.9512750Z Successfully installed qgridnext-2.0.4
2025-01-26T13:49:47.1426685Z ##[group]Run pytest tardis --tardis-regression-data=/home/runner/work/tardis/tardis/tardis-regression-data --cov=tardis --cov-report=xml --cov-report=html --cov-append -m " continuum"
2025-01-26T13:49:47.1427983Z [36;1mpytest tardis --tardis-regression-data=/home/runner/work/tardis/tardis/tardis-regression-data --cov=tardis --cov-report=xml --cov-report=html --cov-append -m " continuum"[0m
2025-01-26T13:49:47.1456315Z shell: /usr/bin/bash -l {0}
2025-01-26T13:49:47.1456584Z env:
2025-01-26T13:49:47.1456757Z   CACHE_NUMBER: 0
2025-01-26T13:49:47.1457378Z   PYTEST_FLAGS: --tardis-regression-data=/home/runner/work/tardis/tardis/tardis-regression-data --cov=tardis --cov-report=xml --cov-report=html --cov-append
2025-01-26T13:49:47.1458014Z   CODECOV_TOKEN: 
2025-01-26T13:49:47.1458234Z   MAMBA_ROOT_PREFIX: /home/runner/micromamba
2025-01-26T13:49:47.1458536Z   MAMBA_EXE: /home/runner/micromamba-bin/micromamba
2025-01-26T13:49:47.1458920Z   CONDARC: /home/runner/work/_temp/setup-micromamba/.condarc
2025-01-26T13:49:47.1459224Z ##[endgroup]
2025-01-26T13:49:55.5525102Z ============================= test session starts ==============================
2025-01-26T13:49:55.5525674Z platform linux -- Python 3.12.4, pytest-8.2.2, pluggy-1.5.0
2025-01-26T13:49:55.5526121Z rootdir: /home/runner/work/tardis/tardis
2025-01-26T13:49:55.5526470Z configfile: pyproject.toml
2025-01-26T13:49:55.5526916Z plugins: anyio-4.4.0, doctestplus-1.2.1, html-4.1.1, metadata-3.1.1, cov-5.0.0
2025-01-26T13:49:55.5527456Z collected 1796 items / 1794 deselected / 2 selected
2025-01-26T13:49:55.5527724Z 
2025-01-26T13:51:44.0580016Z tardis/transport/montecarlo/estimators/tests/test_continuum_property_solver.py . [ 50%]
2025-01-26T13:51:44.0581504Z                                                                          [ 50%]
2025-01-26T13:52:16.8455374Z tardis/transport/montecarlo/tests/test_continuum.py .                    [100%]
2025-01-26T13:52:16.8455935Z 
2025-01-26T13:52:16.8456182Z =============================== warnings summary ===============================
2025-01-26T13:52:16.8456732Z tardis/io/configuration/config_validator.py:6
2025-01-26T13:52:16.8457257Z tardis/io/configuration/config_validator.py:6
2025-01-26T13:52:16.8458075Z   /home/runner/work/tardis/tardis/tardis/io/configuration/config_validator.py:6: DeprecationWarning:
2025-01-26T13:52:16.8458858Z   
2025-01-26T13:52:16.8460893Z   jsonschema.RefResolver is deprecated as of v4.18.0, in favor of the https://github.com/python-jsonschema/referencing library, which provides more compliant referencing behavior as well as more flexible APIs for customization. A future release will remove RefResolver. Please file a feature request (on referencing) if you are missing an API for the kind of customization you need.
2025-01-26T13:52:16.8463299Z 
2025-01-26T13:52:16.8463708Z ../../../micromamba/envs/tardis/lib/python3.12/site-packages/jupyter_client/connect.py:22
2025-01-26T13:52:16.8465042Z   /home/runner/micromamba/envs/tardis/lib/python3.12/site-packages/jupyter_client/connect.py:22: DeprecationWarning:
2025-01-26T13:52:16.8465854Z   
2025-01-26T13:52:16.8466255Z   Jupyter is migrating its paths to use standard platformdirs
2025-01-26T13:52:16.8466950Z   given by the platformdirs library.  To remove this warning and
2025-01-26T13:52:16.8467602Z   see the appropriate new directories, set the environment variable
2025-01-26T13:52:16.8468211Z   `JUPYTER_PLATFORM_DIRS=1` and then run `jupyter --paths`.
2025-01-26T13:52:16.8468789Z   The use of platformdirs will be the default in `jupyter_core` v6
2025-01-26T13:52:16.8469158Z 
2025-01-26T13:52:16.8477161Z tardis/transport/montecarlo/estimators/tests/test_continuum_property_solver.py::test_continuum_estimators
2025-01-26T13:52:16.8478411Z   /home/runner/work/tardis/tardis/tardis/transport/montecarlo/montecarlo_main_loop.py:123: NumbaTypeSafetyWarning:
2025-01-26T13:52:16.8479215Z   
2025-01-26T13:52:16.8479930Z   [1m[1m[1munsafe cast from uint64 to int64. Precision may be lost.[0m[0m[0m
2025-01-26T13:52:16.8480634Z 
2025-01-26T13:52:16.8480952Z -- Docs: https://docs.pytest.org/en/stable/how-to/capture-warnings.html
2025-01-26T13:52:16.8481386Z 
2025-01-26T13:52:16.8481626Z ---------- coverage: platform linux, python 3.12.4-final-0 -----------
2025-01-26T13:52:16.8482171Z Coverage HTML written to dir coverage_html_report
2025-01-26T13:52:16.8482630Z Coverage XML written to file coverage.xml
2025-01-26T13:52:16.8482903Z 
2025-01-26T13:52:16.8483149Z ========== 2 passed, 1794 deselected, 4 warnings in 142.93s (0:02:22) ==========
2025-01-26T13:52:17.9699844Z ##[group]Run mv .coverage .coverage.3
2025-01-26T13:52:17.9700191Z [36;1mmv .coverage .coverage.3[0m
2025-01-26T13:52:17.9739194Z shell: /usr/bin/bash -l {0}
2025-01-26T13:52:17.9739432Z env:
2025-01-26T13:52:17.9739604Z   CACHE_NUMBER: 0
2025-01-26T13:52:17.9740227Z   PYTEST_FLAGS: --tardis-regression-data=/home/runner/work/tardis/tardis/tardis-regression-data --cov=tardis --cov-report=xml --cov-report=html --cov-append
2025-01-26T13:52:17.9740874Z   CODECOV_TOKEN: 
2025-01-26T13:52:17.9741092Z   MAMBA_ROOT_PREFIX: /home/runner/micromamba
2025-01-26T13:52:17.9741400Z   MAMBA_EXE: /home/runner/micromamba-bin/micromamba
2025-01-26T13:52:17.9741747Z   CONDARC: /home/runner/work/_temp/setup-micromamba/.condarc
2025-01-26T13:52:17.9742057Z ##[endgroup]
2025-01-26T13:52:18.0895588Z ##[group]Run actions/upload-artifact@v4
2025-01-26T13:52:18.0895881Z with:
2025-01-26T13:52:18.0896107Z   name: coverage--continuum-ubuntu-latest
2025-01-26T13:52:18.0896404Z   include-hidden-files: true
2025-01-26T13:52:18.0896647Z   path: .coverage*
!.coveragerc

2025-01-26T13:52:18.0896883Z   if-no-files-found: warn
2025-01-26T13:52:18.0897098Z   compression-level: 6
2025-01-26T13:52:18.0897301Z   overwrite: false
2025-01-26T13:52:18.0897487Z env:
2025-01-26T13:52:18.0897651Z   CACHE_NUMBER: 0
2025-01-26T13:52:18.0898261Z   PYTEST_FLAGS: --tardis-regression-data=/home/runner/work/tardis/tardis/tardis-regression-data --cov=tardis --cov-report=xml --cov-report=html --cov-append
2025-01-26T13:52:18.0898897Z   CODECOV_TOKEN: 
2025-01-26T13:52:18.0899113Z   MAMBA_ROOT_PREFIX: /home/runner/micromamba
2025-01-26T13:52:18.0899415Z   MAMBA_EXE: /home/runner/micromamba-bin/micromamba
2025-01-26T13:52:18.0899759Z   CONDARC: /home/runner/work/_temp/setup-micromamba/.condarc
2025-01-26T13:52:18.0900088Z ##[endgroup]
2025-01-26T13:52:18.3426288Z With the provided path, there will be 1 file uploaded
2025-01-26T13:52:18.3432144Z Artifact name is valid!
2025-01-26T13:52:18.3433522Z Root directory input is valid!
2025-01-26T13:52:18.6137730Z Beginning upload of artifact content to blob storage
2025-01-26T13:52:19.0120104Z Uploaded bytes 18433
2025-01-26T13:52:19.0965353Z Finished uploading artifact content to blob storage!
2025-01-26T13:52:19.0968827Z SHA256 hash of uploaded artifact zip is f2778762f7c8354db381ae6d8fb9b15cdbd923a0fde0b8566d7d29911984c79f
2025-01-26T13:52:19.0970071Z Finalizing artifact upload
2025-01-26T13:52:19.2367435Z Artifact coverage--continuum-ubuntu-latest.zip successfully finalized. Artifact ID 2487032730
2025-01-26T13:52:19.2368753Z Artifact coverage--continuum-ubuntu-latest has been successfully uploaded! Final size is 18433 bytes. Artifact ID is 2487032730
2025-01-26T13:52:19.2375396Z Artifact download URL: https://github.com/tardis-sn/tardis/actions/runs/12975244350/artifacts/2487032730
2025-01-26T13:52:19.2503575Z Post job cleanup.
2025-01-26T13:52:19.2534700Z Post job cleanup.
2025-01-26T13:52:19.3883233Z Will use pre-installed micromamba at /home/runner/micromamba-bin/micromamba
2025-01-26T13:52:19.3901001Z Removing micromamba run shell ...
2025-01-26T13:52:19.3904864Z ##[group]Deinitialize micromamba for bash
2025-01-26T13:52:19.3914974Z [command]/home/runner/micromamba-bin/micromamba shell deinit -s bash -r /home/runner/micromamba --log-level warning --rc-file /home/runner/work/_temp/setup-micromamba/.condarc
2025-01-26T13:52:19.4020033Z Resetting RC file "/home/runner/.bashrc"
2025-01-26T13:52:19.4020527Z Deleting config for root prefix 
2025-01-26T13:52:19.4020954Z Clearing mamba executable environment variable
2025-01-26T13:52:19.4023283Z Removing the following in your "/home/runner/.bashrc" file
2025-01-26T13:52:19.4023839Z # >>> mamba initialize >>>
2025-01-26T13:52:19.4024361Z ...
2025-01-26T13:52:19.4024645Z # <<< mamba initialize <<<
2025-01-26T13:52:19.4054910Z Removing mamba initialize block from .bash_profile
2025-01-26T13:52:19.4070404Z ##[endgroup]
2025-01-26T13:52:19.4074780Z Removing environment tardis from auto-activate bash ...
2025-01-26T13:52:19.4197709Z Post job cleanup.
2025-01-26T13:52:19.4235389Z Post job cleanup.
2025-01-26T13:52:19.5195820Z [command]/usr/bin/git version
2025-01-26T13:52:19.5243793Z git version 2.48.1
2025-01-26T13:52:19.5314878Z Temporarily overriding HOME='/home/runner/work/_temp/11416bc1-3b33-48f9-9afa-760aad4436d5' before making global git config changes
2025-01-26T13:52:19.5316314Z Adding repository directory to the temporary git global config as a safe directory
2025-01-26T13:52:19.5322586Z [command]/usr/bin/git config --global --add safe.directory /home/runner/work/tardis/tardis/tardis-regression-data
2025-01-26T13:52:19.5359954Z [command]/usr/bin/git config --local --name-only --get-regexp core\.sshCommand
2025-01-26T13:52:19.5391869Z [command]/usr/bin/git submodule foreach --recursive sh -c "git config --local --name-only --get-regexp 'core\.sshCommand' && git config --local --unset-all 'core.sshCommand' || :"
2025-01-26T13:52:19.5620546Z [command]/usr/bin/git config --local --name-only --get-regexp http\.https\:\/\/github\.com\/\.extraheader
2025-01-26T13:52:19.5640399Z http.https://github.com/.extraheader
2025-01-26T13:52:19.5652725Z [command]/usr/bin/git config --local --unset-all http.https://github.com/.extraheader
2025-01-26T13:52:19.5682742Z [command]/usr/bin/git submodule foreach --recursive sh -c "git config --local --name-only --get-regexp 'http\.https\:\/\/github\.com\/\.extraheader' && git config --local --unset-all 'http.https://github.com/.extraheader' || :"
2025-01-26T13:52:19.6019215Z Post job cleanup.
2025-01-26T13:52:19.6965607Z [command]/usr/bin/git version
2025-01-26T13:52:19.7002696Z git version 2.48.1
2025-01-26T13:52:19.7046326Z Temporarily overriding HOME='/home/runner/work/_temp/b50ab39b-8ee5-4da0-90a0-f50476a42dfb' before making global git config changes
2025-01-26T13:52:19.7047658Z Adding repository directory to the temporary git global config as a safe directory
2025-01-26T13:52:19.7059826Z [command]/usr/bin/git config --global --add safe.directory /home/runner/work/tardis/tardis
2025-01-26T13:52:19.7094961Z [command]/usr/bin/git config --local --name-only --get-regexp core\.sshCommand
2025-01-26T13:52:19.7127108Z [command]/usr/bin/git submodule foreach --recursive sh -c "git config --local --name-only --get-regexp 'core\.sshCommand' && git config --local --unset-all 'core.sshCommand' || :"
2025-01-26T13:52:19.7365520Z [command]/usr/bin/git config --local --name-only --get-regexp http\.https\:\/\/github\.com\/\.extraheader
2025-01-26T13:52:19.7386633Z http.https://github.com/.extraheader
2025-01-26T13:52:19.7399042Z [command]/usr/bin/git config --local --unset-all http.https://github.com/.extraheader
2025-01-26T13:52:19.7431095Z [command]/usr/bin/git submodule foreach --recursive sh -c "git config --local --name-only --get-regexp 'http\.https\:\/\/github\.com\/\.extraheader' && git config --local --unset-all 'http.https://github.com/.extraheader' || :"
2025-01-26T13:52:19.7775512Z Cleaning up orphan processes
