2025-01-27T10:59:19.9618860Z ##[debug]Evaluating condition for step: 'Setup LFS'
2025-01-27T10:59:19.9621960Z ##[debug]Evaluating: success()
2025-01-27T10:59:19.9623140Z ##[debug]Evaluating success:
2025-01-27T10:59:19.9624720Z ##[debug]=> true
2025-01-27T10:59:19.9625730Z ##[debug]Result: true
2025-01-27T10:59:19.9627080Z ##[debug]Starting: Setup LFS
2025-01-27T10:59:19.9776970Z Prepare all required actions
2025-01-27T10:59:19.9777870Z Getting action download info
2025-01-27T10:59:20.1388310Z ##[debug]Action 'actions/checkout@v4' already downloaded at '/Users/runner/work/_actions/actions/checkout/v4'.
2025-01-27T10:59:20.1393590Z Download action repository 'actions/cache@v4' (SHA:1bd1e32a3bdc45362d1e726936510720a7c30a57)
2025-01-27T10:59:20.1431280Z ##[debug]Copied action archive '/Users/runner/actionarchivecache/actions_cache/1bd1e32a3bdc45362d1e726936510720a7c30a57.tar.gz' to '/Users/runner/work/_actions/_temp_cf087e66-47c7-46e5-9084-af3840052a30/3e2d726a-d51b-47ab-9779-749f1500cc79.tar.gz'
2025-01-27T10:59:20.2062270Z ##[debug]Unwrap 'actions-cache-1bd1e32' to '/Users/runner/work/_actions/actions/cache/v4'
2025-01-27T10:59:20.2236030Z ##[debug]Archive '/Users/runner/work/_actions/_temp_cf087e66-47c7-46e5-9084-af3840052a30/3e2d726a-d51b-47ab-9779-749f1500cc79.tar.gz' has been unzipped into '/Users/runner/work/_actions/actions/cache/v4'.
2025-01-27T10:59:20.2308540Z ##[debug]action.yml for action: '/Users/runner/work/_actions/actions/checkout/v4/action.yml'.
2025-01-27T10:59:20.2416690Z ##[debug]action.yml for action: '/Users/runner/work/_actions/actions/cache/v4/restore/action.yml'.
2025-01-27T10:59:20.2539200Z ##[debug]Register post job cleanup for action: /./.github/actions/setup_lfs
2025-01-27T10:59:20.2565100Z ##[debug]Loading inputs
2025-01-27T10:59:20.2569290Z ##[debug]Loading env
2025-01-27T10:59:20.2582390Z ##[group]Run ./.github/actions/setup_lfs
2025-01-27T10:59:20.2583050Z with:
2025-01-27T10:59:20.2583650Z   regression-data-repo: tardis-sn/tardis-regression-data
2025-01-27T10:59:20.2584430Z   atom-data-sparse: false
2025-01-27T10:59:20.2585020Z env:
2025-01-27T10:59:20.2585470Z   CACHE_NUMBER: 0
2025-01-27T10:59:20.2586950Z   PYTEST_FLAGS: --tardis-regression-data=/Users/runner/work/tardis/tardis/tardis-regression-data --cov=tardis --cov-report=xml --cov-report=html --cov-append
2025-01-27T10:59:20.2588560Z   CODECOV_TOKEN: 
2025-01-27T10:59:20.2589040Z ##[endgroup]
2025-01-27T10:59:20.2639130Z ##[debug]Evaluating condition for step: 'run'
2025-01-27T10:59:20.2641470Z ##[debug]Evaluating: success()
2025-01-27T10:59:20.2642480Z ##[debug]Evaluating success:
2025-01-27T10:59:20.2643590Z ##[debug]=> true
2025-01-27T10:59:20.2644430Z ##[debug]Result: true
2025-01-27T10:59:20.2651740Z ##[debug]Starting: run
2025-01-27T10:59:20.2697060Z ##[debug]Register post job cleanup for action: actions/checkout@v4
2025-01-27T10:59:20.2716580Z ##[debug]Loading inputs
2025-01-27T10:59:20.2718750Z ##[debug]Evaluating: inputs.regression-data-repo
2025-01-27T10:59:20.2719550Z ##[debug]Evaluating Index:
2025-01-27T10:59:20.2720180Z ##[debug]..Evaluating inputs:
2025-01-27T10:59:20.2720820Z ##[debug]..=> Object
2025-01-27T10:59:20.2721350Z ##[debug]..Evaluating String:
2025-01-27T10:59:20.2722000Z ##[debug]..=> 'regression-data-repo'
2025-01-27T10:59:20.2722900Z ##[debug]=> 'tardis-sn/tardis-regression-data'
2025-01-27T10:59:20.2723710Z ##[debug]Result: 'tardis-sn/tardis-regression-data'
2025-01-27T10:59:20.2730050Z ##[debug]Evaluating: (((inputs.atom-data-sparse == 'true') && 'atom_data/kurucz_cd23_chianti_H_He.h5') || '')
2025-01-27T10:59:20.2731250Z ##[debug]Evaluating Or:
2025-01-27T10:59:20.2745550Z ##[debug]..Evaluating And:
2025-01-27T10:59:20.2747940Z ##[debug]....Evaluating Equal:
2025-01-27T10:59:20.2749130Z ##[debug]......Evaluating Index:
2025-01-27T10:59:20.2749730Z ##[debug]........Evaluating inputs:
2025-01-27T10:59:20.2750590Z ##[debug]........=> Object
2025-01-27T10:59:20.2751160Z ##[debug]........Evaluating String:
2025-01-27T10:59:20.2751770Z ##[debug]........=> 'atom-data-sparse'
2025-01-27T10:59:20.2752430Z ##[debug]......=> 'false'
2025-01-27T10:59:20.2753870Z ##[debug]......Evaluating String:
2025-01-27T10:59:20.2754450Z ##[debug]......=> 'true'
2025-01-27T10:59:20.2757380Z ##[debug]....=> false
2025-01-27T10:59:20.2758350Z ##[debug]..=> false
2025-01-27T10:59:20.2758960Z ##[debug]..Evaluating String:
2025-01-27T10:59:20.2759530Z ##[debug]..=> ''
2025-01-27T10:59:20.2760000Z ##[debug]=> ''
2025-01-27T10:59:20.2764110Z ##[debug]Expanded: ((('false' == 'true') && 'atom_data/kurucz_cd23_chianti_H_He.h5') || '')
2025-01-27T10:59:20.2764990Z ##[debug]Result: ''
2025-01-27T10:59:20.2767740Z ##[debug]Evaluating: github.token
2025-01-27T10:59:20.2768340Z ##[debug]Evaluating Index:
2025-01-27T10:59:20.2768880Z ##[debug]..Evaluating github:
2025-01-27T10:59:20.2769430Z ##[debug]..=> Object
2025-01-27T10:59:20.2769950Z ##[debug]..Evaluating String:
2025-01-27T10:59:20.2770490Z ##[debug]..=> 'token'
2025-01-27T10:59:20.2771280Z ##[debug]=> '***'
2025-01-27T10:59:20.2771930Z ##[debug]Result: '***'
2025-01-27T10:59:20.2784870Z ##[debug]Loading env
2025-01-27T10:59:20.2793180Z ##[group]Run actions/checkout@v4
2025-01-27T10:59:20.2793750Z with:
2025-01-27T10:59:20.2794240Z   repository: tardis-sn/tardis-regression-data
2025-01-27T10:59:20.2794920Z   path: tardis-regression-data
2025-01-27T10:59:20.2795460Z   lfs: false
2025-01-27T10:59:20.2796080Z   token: ***
2025-01-27T10:59:20.2796520Z   ssh-strict: true
2025-01-27T10:59:20.2796980Z   ssh-user: git
2025-01-27T10:59:20.2797440Z   persist-credentials: true
2025-01-27T10:59:20.2797970Z   clean: true
2025-01-27T10:59:20.2798450Z   sparse-checkout-cone-mode: true
2025-01-27T10:59:20.2799020Z   fetch-depth: 1
2025-01-27T10:59:20.2799480Z   fetch-tags: false
2025-01-27T10:59:20.2799970Z   show-progress: true
2025-01-27T10:59:20.2800480Z   submodules: false
2025-01-27T10:59:20.2800960Z   set-safe-directory: true
2025-01-27T10:59:20.2801460Z env:
2025-01-27T10:59:20.2801870Z   CACHE_NUMBER: 0
2025-01-27T10:59:20.2803450Z   PYTEST_FLAGS: --tardis-regression-data=/Users/runner/work/tardis/tardis/tardis-regression-data --cov=tardis --cov-report=xml --cov-report=html --cov-append
2025-01-27T10:59:20.2804970Z   CODECOV_TOKEN: 
2025-01-27T10:59:20.2805420Z ##[endgroup]
2025-01-27T10:59:20.3643110Z ##[debug]GITHUB_WORKSPACE = '/Users/runner/work/tardis/tardis'
2025-01-27T10:59:20.3646980Z ##[debug]qualified repository = 'tardis-sn/tardis-regression-data'
2025-01-27T10:59:20.3650020Z ##[debug]ref = ''
2025-01-27T10:59:20.3652090Z ##[debug]commit = 'undefined'
2025-01-27T10:59:20.3654430Z ##[debug]clean = true
2025-01-27T10:59:20.3656490Z ##[debug]filter = undefined
2025-01-27T10:59:20.3658620Z ##[debug]fetch depth = 1
2025-01-27T10:59:20.3660880Z ##[debug]fetch tags = false
2025-01-27T10:59:20.3662010Z ##[debug]show progress = true
2025-01-27T10:59:20.3662890Z ##[debug]lfs = false
2025-01-27T10:59:20.3663760Z ##[debug]submodules = false
2025-01-27T10:59:20.3664650Z ##[debug]recursive submodules = false
2025-01-27T10:59:20.3665650Z ##[debug]GitHub Host URL = 
2025-01-27T10:59:20.3668960Z ::add-matcher::/Users/runner/work/_actions/actions/checkout/v4/dist/problem-matcher.json
2025-01-27T10:59:20.3675530Z ##[debug]Added matchers: 'checkout-git'. Problem matchers scan action output for known warning or error strings and report these inline.
2025-01-27T10:59:20.3678500Z Syncing repository: tardis-sn/tardis-regression-data
2025-01-27T10:59:20.3686030Z ::group::Getting Git version info
2025-01-27T10:59:20.3686710Z ##[group]Getting Git version info
2025-01-27T10:59:20.3693270Z Working directory is '/Users/runner/work/tardis/tardis/tardis-regression-data'
2025-01-27T10:59:20.3740260Z ##[debug]Getting git version
2025-01-27T10:59:20.3770130Z [command]/opt/homebrew/bin/git version
2025-01-27T10:59:20.3997610Z git version 2.48.1
2025-01-27T10:59:20.4126610Z ##[debug]0
2025-01-27T10:59:20.4329900Z ##[debug]git version 2.48.1
2025-01-27T10:59:20.4331860Z ##[debug]
2025-01-27T10:59:20.4442870Z ##[debug]Set git useragent to: git/2.48.1 (github-actions-checkout)
2025-01-27T10:59:20.4546790Z ::endgroup::
2025-01-27T10:59:20.4548150Z ##[endgroup]
2025-01-27T10:59:20.4648410Z ::add-mask::***
2025-01-27T10:59:20.4746800Z Copying '/Users/runner/.gitconfig' to '/Users/runner/work/_temp/ab8e7dd1-63a9-4a9b-a57f-f3948ef9fe3d/.gitconfig'
2025-01-27T10:59:20.4850690Z Temporarily overriding HOME='/Users/runner/work/_temp/ab8e7dd1-63a9-4a9b-a57f-f3948ef9fe3d' before making global git config changes
2025-01-27T10:59:20.5047780Z Adding repository directory to the temporary git global config as a safe directory
2025-01-27T10:59:20.5150800Z [command]/opt/homebrew/bin/git config --global --add safe.directory /Users/runner/work/tardis/tardis/tardis-regression-data
2025-01-27T10:59:20.5254140Z ##[debug]0
2025-01-27T10:59:20.5356540Z ##[debug]
2025-01-27T10:59:20.5457120Z ::group::Initializing the repository
2025-01-27T10:59:20.5457970Z ##[group]Initializing the repository
2025-01-27T10:59:20.5563810Z [command]/opt/homebrew/bin/git init /Users/runner/work/tardis/tardis/tardis-regression-data
2025-01-27T10:59:20.5663850Z hint: Using 'master' as the name for the initial branch. This default branch name
2025-01-27T10:59:20.5764140Z hint: is subject to change. To configure the initial branch name to use in all
2025-01-27T10:59:20.5868520Z hint: of your new repositories, which will suppress this warning, call:
2025-01-27T10:59:20.5942210Z hint:
2025-01-27T10:59:20.5959190Z hint: 	git config --global init.defaultBranch <name>
2025-01-27T10:59:20.5968870Z hint:
2025-01-27T10:59:20.5980050Z hint: Names commonly chosen instead of 'master' are 'main', 'trunk' and
2025-01-27T10:59:20.6013340Z hint: 'development'. The just-created branch can be renamed via this command:
2025-01-27T10:59:20.6018470Z hint:
2025-01-27T10:59:20.6020100Z hint: 	git branch -m <name>
2025-01-27T10:59:20.6021290Z Initialized empty Git repository in /Users/runner/work/tardis/tardis/tardis-regression-data/.git/
2025-01-27T10:59:20.6023150Z ##[debug]0
2025-01-27T10:59:20.6024420Z ##[debug]Initialized empty Git repository in /Users/runner/work/tardis/tardis/tardis-regression-data/.git/
2025-01-27T10:59:20.6025710Z ##[debug]
2025-01-27T10:59:20.6026830Z [command]/opt/homebrew/bin/git remote add origin https://github.com/tardis-sn/tardis-regression-data
2025-01-27T10:59:20.6028340Z ##[debug]0
2025-01-27T10:59:20.6029130Z ##[debug]
2025-01-27T10:59:20.6029920Z ::endgroup::
2025-01-27T10:59:20.6030400Z ##[endgroup]
2025-01-27T10:59:20.6031240Z ::group::Disabling automatic garbage collection
2025-01-27T10:59:20.6031980Z ##[group]Disabling automatic garbage collection
2025-01-27T10:59:20.6032860Z [command]/opt/homebrew/bin/git config --local gc.auto 0
2025-01-27T10:59:20.6033880Z ##[debug]0
2025-01-27T10:59:20.6034630Z ##[debug]
2025-01-27T10:59:20.6035390Z ::endgroup::
2025-01-27T10:59:20.6035850Z ##[endgroup]
2025-01-27T10:59:20.6036620Z ::group::Setting up auth
2025-01-27T10:59:20.6037180Z ##[group]Setting up auth
2025-01-27T10:59:20.6038080Z [command]/opt/homebrew/bin/git config --local --name-only --get-regexp core\.sshCommand
2025-01-27T10:59:20.6039300Z ##[debug]1
2025-01-27T10:59:20.6040030Z ##[debug]
2025-01-27T10:59:20.6041680Z [command]/opt/homebrew/bin/git submodule foreach --recursive sh -c "git config --local --name-only --get-regexp 'core\.sshCommand' && git config --local --unset-all 'core.sshCommand' || :"
2025-01-27T10:59:20.6129830Z ##[debug]0
2025-01-27T10:59:20.6235380Z ##[debug]
2025-01-27T10:59:20.6310230Z [command]/opt/homebrew/bin/git config --local --name-only --get-regexp http\.https\:\/\/github\.com\/\.extraheader
2025-01-27T10:59:20.6314600Z ##[debug]1
2025-01-27T10:59:20.6321880Z ##[debug]
2025-01-27T10:59:20.6341770Z [command]/opt/homebrew/bin/git submodule foreach --recursive sh -c "git config --local --name-only --get-regexp 'http\.https\:\/\/github\.com\/\.extraheader' && git config --local --unset-all 'http.https://github.com/.extraheader' || :"
2025-01-27T10:59:20.7537360Z ##[debug]0
2025-01-27T10:59:20.7550950Z ##[debug]
2025-01-27T10:59:20.7652630Z [command]/opt/homebrew/bin/git config --local http.https://github.com/.extraheader AUTHORIZATION: basic ***
2025-01-27T10:59:20.7752930Z ##[debug]0
2025-01-27T10:59:20.7801220Z ##[debug]
2025-01-27T10:59:20.7850200Z ::endgroup::
2025-01-27T10:59:20.7850490Z ##[endgroup]
2025-01-27T10:59:20.7858460Z ::group::Determining the default branch
2025-01-27T10:59:20.7858770Z ##[group]Determining the default branch
2025-01-27T10:59:20.7872310Z Retrieving the default branch name
2025-01-27T10:59:21.2723920Z Default branch 'main'
2025-01-27T10:59:21.3008960Z ::endgroup::
2025-01-27T10:59:21.3009330Z ##[endgroup]
2025-01-27T10:59:21.3131230Z ::group::Fetching the repository
2025-01-27T10:59:21.3132300Z ##[group]Fetching the repository
2025-01-27T10:59:21.3237070Z [command]/opt/homebrew/bin/git -c protocol.version=2 fetch --no-tags --prune --no-recurse-submodules --depth=1 origin +refs/heads/main:refs/remotes/origin/main
2025-01-27T10:59:22.4351550Z From https://github.com/tardis-sn/tardis-regression-data
2025-01-27T10:59:22.4559490Z  * [new branch]      main       -> origin/main
2025-01-27T10:59:22.4791680Z ##[debug]0
2025-01-27T10:59:22.4981420Z ##[debug]
2025-01-27T10:59:22.4986230Z ::endgroup::
2025-01-27T10:59:22.4986390Z ##[endgroup]
2025-01-27T10:59:22.5218850Z ::group::Determining the checkout info
2025-01-27T10:59:22.5219200Z ##[group]Determining the checkout info
2025-01-27T10:59:22.5396920Z ::endgroup::
2025-01-27T10:59:22.5397130Z ##[endgroup]
2025-01-27T10:59:22.5498240Z [command]/opt/homebrew/bin/git sparse-checkout disable
2025-01-27T10:59:22.5600830Z ##[debug]0
2025-01-27T10:59:22.5702600Z ##[debug]
2025-01-27T10:59:22.5832230Z [command]/opt/homebrew/bin/git config --local --unset-all extensions.worktreeConfig
2025-01-27T10:59:22.5861730Z ##[debug]0
2025-01-27T10:59:22.5862290Z ##[debug]
2025-01-27T10:59:22.5862530Z ::group::Checking out the ref
2025-01-27T10:59:22.5862710Z ##[group]Checking out the ref
2025-01-27T10:59:22.5863070Z [command]/opt/homebrew/bin/git checkout --progress --force -B main refs/remotes/origin/main
2025-01-27T10:59:22.9554930Z Switched to a new branch 'main'
2025-01-27T10:59:22.9564040Z branch 'main' set up to track 'origin/main'.
2025-01-27T10:59:23.0703550Z ##[debug]0
2025-01-27T10:59:23.0706860Z ##[debug]branch 'main' set up to track 'origin/main'.
2025-01-27T10:59:23.0707120Z ##[debug]
2025-01-27T10:59:23.0707660Z ::endgroup::
2025-01-27T10:59:23.0707860Z ##[endgroup]
2025-01-27T10:59:23.0764450Z ##[debug]0
2025-01-27T10:59:23.0765150Z ##[debug]commit fa7729bc9c30e14b69acd641af8b692b56fcd416
2025-01-27T10:59:23.0765450Z ##[debug]Author: KasukabeDefenceForce <abhinavohri13@gmail.com>
2025-01-27T10:59:23.0765730Z ##[debug]Date:   Mon Jan 13 20:44:58 2025 +0530
2025-01-27T10:59:23.0765920Z ##[debug]
2025-01-27T10:59:23.0766120Z ##[debug]    copy the regression data files at the correct file path (#35)
2025-01-27T10:59:23.0766380Z ##[debug]
2025-01-27T10:59:23.0766950Z [command]/opt/homebrew/bin/git log -1 --format=%H
2025-01-27T10:59:23.0813260Z fa7729bc9c30e14b69acd641af8b692b56fcd416
2025-01-27T10:59:23.0815400Z ##[debug]0
2025-01-27T10:59:23.0815930Z ##[debug]fa7729bc9c30e14b69acd641af8b692b56fcd416
2025-01-27T10:59:23.0816150Z ##[debug]
2025-01-27T10:59:23.0820470Z ##[debug]Unsetting HOME override
2025-01-27T10:59:23.0824730Z ::remove-matcher owner=checkout-git::
2025-01-27T10:59:23.0825580Z ##[debug]Removed matchers: 'checkout-git'
2025-01-27T10:59:23.0872510Z ##[debug]Node Action run completed with exit code 0
2025-01-27T10:59:23.0876710Z ##[debug]Save intra-action state isPost = true
2025-01-27T10:59:23.0877030Z ##[debug]Save intra-action state setSafeDirectory = true
2025-01-27T10:59:23.0877500Z ##[debug]Save intra-action state repositoryPath = /Users/runner/work/tardis/tardis/tardis-regression-data
2025-01-27T10:59:23.0878240Z ##[debug]Set output commit = fa7729bc9c30e14b69acd641af8b692b56fcd416
2025-01-27T10:59:23.0878540Z ##[debug]Set output ref = refs/heads/main
2025-01-27T10:59:23.0881260Z ##[debug]Finished: run
2025-01-27T10:59:23.0885510Z ##[debug]Evaluating condition for step: 'run'
2025-01-27T10:59:23.0887980Z ##[debug]Evaluating: success()
2025-01-27T10:59:23.0888320Z ##[debug]Evaluating success:
2025-01-27T10:59:23.0888990Z ##[debug]=> true
2025-01-27T10:59:23.0889390Z ##[debug]Result: true
2025-01-27T10:59:23.0890030Z ##[debug]Starting: run
2025-01-27T10:59:23.0907260Z ##[debug]Loading inputs
2025-01-27T10:59:23.0909820Z ##[debug]Evaluating: format('if [ "{0}" == "true" ]; then
2025-01-27T10:59:23.0910090Z ##[debug]  echo "Using atom data sparse checkout"
2025-01-27T10:59:23.0910380Z ##[debug]  echo "atom_data/kurucz_cd23_chianti_H_He.h5" > .lfs-files-list
2025-01-27T10:59:23.0910620Z ##[debug]else
2025-01-27T10:59:23.0910770Z ##[debug]  echo "Using full repository checkout"
2025-01-27T10:59:23.0911050Z ##[debug]  git lfs ls-files -l | cut -d'' '' -f1 | sort > .lfs-files-list
2025-01-27T10:59:23.0911280Z ##[debug]fi
2025-01-27T10:59:23.0911460Z ##[debug]', inputs.atom-data-sparse)
2025-01-27T10:59:23.0911720Z ##[debug]Evaluating format:
2025-01-27T10:59:23.0911920Z ##[debug]..Evaluating String:
2025-01-27T10:59:23.0912140Z ##[debug]..=> 'if [ "{0}" == "true" ]; then
2025-01-27T10:59:23.0912350Z ##[debug]  echo "Using atom data sparse checkout"
2025-01-27T10:59:23.0912670Z ##[debug]  echo "atom_data/kurucz_cd23_chianti_H_He.h5" > .lfs-files-list
2025-01-27T10:59:23.0912940Z ##[debug]else
2025-01-27T10:59:23.0913100Z ##[debug]  echo "Using full repository checkout"
2025-01-27T10:59:23.0913380Z ##[debug]  git lfs ls-files -l | cut -d'' '' -f1 | sort > .lfs-files-list
2025-01-27T10:59:23.0913620Z ##[debug]fi
2025-01-27T10:59:23.0913720Z ##[debug]'
2025-01-27T10:59:23.0914070Z ##[debug]..Evaluating Index:
2025-01-27T10:59:23.0914250Z ##[debug]....Evaluating inputs:
2025-01-27T10:59:23.0914440Z ##[debug]....=> Object
2025-01-27T10:59:23.0914620Z ##[debug]....Evaluating String:
2025-01-27T10:59:23.0914800Z ##[debug]....=> 'atom-data-sparse'
2025-01-27T10:59:23.0915020Z ##[debug]..=> 'false'
2025-01-27T10:59:23.0915210Z ##[debug]=> 'if [ "false" == "true" ]; then
2025-01-27T10:59:23.0915430Z ##[debug]  echo "Using atom data sparse checkout"
2025-01-27T10:59:23.0915700Z ##[debug]  echo "atom_data/kurucz_cd23_chianti_H_He.h5" > .lfs-files-list
2025-01-27T10:59:23.0915960Z ##[debug]else
2025-01-27T10:59:23.0916110Z ##[debug]  echo "Using full repository checkout"
2025-01-27T10:59:23.0916370Z ##[debug]  git lfs ls-files -l | cut -d'' '' -f1 | sort > .lfs-files-list
2025-01-27T10:59:23.0916600Z ##[debug]fi
2025-01-27T10:59:23.0916710Z ##[debug]'
2025-01-27T10:59:23.0916880Z ##[debug]Result: 'if [ "false" == "true" ]; then
2025-01-27T10:59:23.0917100Z ##[debug]  echo "Using atom data sparse checkout"
2025-01-27T10:59:23.0917370Z ##[debug]  echo "atom_data/kurucz_cd23_chianti_H_He.h5" > .lfs-files-list
2025-01-27T10:59:23.0917600Z ##[debug]else
2025-01-27T10:59:23.0917740Z ##[debug]  echo "Using full repository checkout"
2025-01-27T10:59:23.0918000Z ##[debug]  git lfs ls-files -l | cut -d'' '' -f1 | sort > .lfs-files-list
2025-01-27T10:59:23.0918230Z ##[debug]fi
2025-01-27T10:59:23.0918330Z ##[debug]'
2025-01-27T10:59:23.0918800Z ##[debug]Loading env
2025-01-27T10:59:23.0933420Z ##[group]Run if [ "false" == "true" ]; then
2025-01-27T10:59:23.0933730Z [36;1mif [ "false" == "true" ]; then[0m
2025-01-27T10:59:23.0933950Z [36;1m  echo "Using atom data sparse checkout"[0m
2025-01-27T10:59:23.0934250Z [36;1m  echo "atom_data/kurucz_cd23_chianti_H_He.h5" > .lfs-files-list[0m
2025-01-27T10:59:23.0934500Z [36;1melse[0m
2025-01-27T10:59:23.0934650Z [36;1m  echo "Using full repository checkout"[0m
2025-01-27T10:59:23.0934910Z [36;1m  git lfs ls-files -l | cut -d' ' -f1 | sort > .lfs-files-list[0m
2025-01-27T10:59:23.0935140Z [36;1mfi[0m
2025-01-27T10:59:23.1002900Z shell: /bin/bash --noprofile --norc -e -o pipefail {0}
2025-01-27T10:59:23.1003190Z env:
2025-01-27T10:59:23.1003330Z   CACHE_NUMBER: 0
2025-01-27T10:59:23.1003810Z   PYTEST_FLAGS: --tardis-regression-data=/Users/runner/work/tardis/tardis/tardis-regression-data --cov=tardis --cov-report=xml --cov-report=html --cov-append
2025-01-27T10:59:23.1004320Z   CODECOV_TOKEN: 
2025-01-27T10:59:23.1004450Z ##[endgroup]
2025-01-27T10:59:23.1082450Z ##[debug]/bin/bash --noprofile --norc -e -o pipefail /Users/runner/work/_temp/45d14a2b-8f3e-4a5d-8332-8c698f8c1e45.sh
2025-01-27T10:59:23.1278190Z Using full repository checkout
2025-01-27T10:59:23.2948670Z ##[debug]Finished: run
2025-01-27T10:59:23.2951340Z ##[debug]Evaluating condition for step: 'run'
2025-01-27T10:59:23.2953290Z ##[debug]Evaluating: success()
2025-01-27T10:59:23.2953640Z ##[debug]Evaluating success:
2025-01-27T10:59:23.2953980Z ##[debug]=> true
2025-01-27T10:59:23.2954320Z ##[debug]Result: true
2025-01-27T10:59:23.2954890Z ##[debug]Starting: run
2025-01-27T10:59:23.3052000Z ##[debug]Loading inputs
2025-01-27T10:59:23.3055810Z ##[debug]Evaluating: format('tardis-regression-{0}-{1}-{2}-v1', (((inputs.atom-data-sparse == 'true') && 'atom-data-sparse') || 'full-data'), hashFiles('tardis-regression-data/.lfs-files-list'), inputs.regression-data-repo)
2025-01-27T10:59:23.3056440Z ##[debug]Evaluating format:
2025-01-27T10:59:23.3056860Z ##[debug]..Evaluating String:
2025-01-27T10:59:23.3057990Z ##[debug]..=> 'tardis-regression-{0}-{1}-{2}-v1'
2025-01-27T10:59:23.3058600Z ##[debug]..Evaluating Or:
2025-01-27T10:59:23.3058790Z ##[debug]....Evaluating And:
2025-01-27T10:59:23.3059000Z ##[debug]......Evaluating Equal:
2025-01-27T10:59:23.3059220Z ##[debug]........Evaluating Index:
2025-01-27T10:59:23.3059440Z ##[debug]..........Evaluating inputs:
2025-01-27T10:59:23.3059670Z ##[debug]..........=> Object
2025-01-27T10:59:23.3059910Z ##[debug]..........Evaluating String:
2025-01-27T10:59:23.3060150Z ##[debug]..........=> 'atom-data-sparse'
2025-01-27T10:59:23.3060400Z ##[debug]........=> 'false'
2025-01-27T10:59:23.3060590Z ##[debug]........Evaluating String:
2025-01-27T10:59:23.3060780Z ##[debug]........=> 'true'
2025-01-27T10:59:23.3060980Z ##[debug]......=> false
2025-01-27T10:59:23.3061170Z ##[debug]....=> false
2025-01-27T10:59:23.3061340Z ##[debug]....Evaluating String:
2025-01-27T10:59:23.3061530Z ##[debug]....=> 'full-data'
2025-01-27T10:59:23.3061700Z ##[debug]..=> 'full-data'
2025-01-27T10:59:23.3061900Z ##[debug]..Evaluating hashFiles:
2025-01-27T10:59:23.3073330Z ##[debug]....Evaluating String:
2025-01-27T10:59:23.3073650Z ##[debug]....=> 'tardis-regression-data/.lfs-files-list'
2025-01-27T10:59:23.3076640Z ##[debug]Search root directory: '/Users/runner/work/tardis/tardis'
2025-01-27T10:59:23.3077500Z ##[debug]Search pattern: 'tardis-regression-data/.lfs-files-list'
2025-01-27T10:59:23.3081360Z ##[debug]Starting process:
2025-01-27T10:59:23.3081730Z ##[debug]  File name: '/Users/runner/runners/2.321.0/externals/node20/bin/node'
2025-01-27T10:59:23.3082100Z ##[debug]  Arguments: '"/Users/runner/runners/2.321.0/bin/hashFiles"'
2025-01-27T10:59:23.3082430Z ##[debug]  Working directory: '/Users/runner/work/tardis/tardis'
2025-01-27T10:59:23.3082750Z ##[debug]  Require exit code zero: 'False'
2025-01-27T10:59:23.3083010Z ##[debug]  Encoding web name:  ; code page: ''
2025-01-27T10:59:23.3083360Z ##[debug]  Force kill process on cancellation: 'False'
2025-01-27T10:59:23.3083600Z ##[debug]  Redirected STDIN: 'False'
2025-01-27T10:59:23.3083820Z ##[debug]  Persist current code page: 'False'
2025-01-27T10:59:23.3084120Z ##[debug]  Keep redirected STDIN open: 'False'
2025-01-27T10:59:23.3084380Z ##[debug]  High priority process: 'False'
2025-01-27T10:59:23.3407730Z ##[debug]Process started with process id 2743, waiting for process exit.
2025-01-27T10:59:23.4023710Z ##[debug]Match Pattern: tardis-regression-data/.lfs-files-list
2025-01-27T10:59:23.4031140Z ##[debug]::debug::followSymbolicLinks 'false'
2025-01-27T10:59:23.4031890Z ##[debug]::debug::followSymbolicLinks 'false'
2025-01-27T10:59:23.4032360Z ##[debug]::debug::implicitDescendants 'true'
2025-01-27T10:59:23.4032740Z ##[debug]::debug::matchDirectories 'true'
2025-01-27T10:59:23.4033160Z ##[debug]::debug::omitBrokenSymbolicLinks 'true'
2025-01-27T10:59:23.4033770Z ##[debug]::debug::Search path '/Users/runner/work/tardis/tardis/tardis-regression-data/.lfs-files-list'
2025-01-27T10:59:23.4034460Z ##[debug]/Users/runner/work/tardis/tardis/tardis-regression-data/.lfs-files-list
2025-01-27T10:59:23.4062630Z ##[debug]Hash result: '21f9fa4b6817cc69b9fae3598144724da7828e276a73bd17f47a2a49d9af090a'
2025-01-27T10:59:23.4063590Z ##[debug]Found 1 files to hash.
2025-01-27T10:59:23.4065490Z ##[debug]undefined
2025-01-27T10:59:23.4075960Z ##[debug]STDOUT/STDERR stream read finished.
2025-01-27T10:59:23.4076540Z ##[debug]STDOUT/STDERR stream read finished.
2025-01-27T10:59:23.4079440Z ##[debug]Finished process 2743 with exit code 0, and elapsed time 00:00:00.0992733.
2025-01-27T10:59:23.4081240Z ##[debug]..=> '21f9fa4b6817cc69b9fae3598144724da7828e276a73bd17f47a2a49d9af090a'
2025-01-27T10:59:23.4082140Z ##[debug]..Evaluating Index:
2025-01-27T10:59:23.4082340Z ##[debug]....Evaluating inputs:
2025-01-27T10:59:23.4082640Z ##[debug]....=> Object
2025-01-27T10:59:23.4082910Z ##[debug]....Evaluating String:
2025-01-27T10:59:23.4083160Z ##[debug]....=> 'regression-data-repo'
2025-01-27T10:59:23.4117880Z ##[debug]..=> 'tardis-sn/tardis-regression-data'
2025-01-27T10:59:23.4118620Z ##[debug]=> 'tardis-regression-full-data-21f9fa4b6817cc69b9fae3598144724da7828e276a73bd17f47a2a49d9af090a-tardis-sn/tardis-regression-data-v1'
2025-01-27T10:59:23.4119540Z ##[debug]Result: 'tardis-regression-full-data-21f9fa4b6817cc69b9fae3598144724da7828e276a73bd17f47a2a49d9af090a-tardis-sn/tardis-regression-data-v1'
2025-01-27T10:59:23.4133090Z ##[debug]Loading env
2025-01-27T10:59:23.4137240Z ##[group]Run actions/cache/restore@v4
2025-01-27T10:59:23.4137450Z with:
2025-01-27T10:59:23.4137600Z   path: tardis-regression-data/.git/lfs
2025-01-27T10:59:23.4138120Z   key: tardis-regression-full-data-21f9fa4b6817cc69b9fae3598144724da7828e276a73bd17f47a2a49d9af090a-tardis-sn/tardis-regression-data-v1
2025-01-27T10:59:23.4138630Z   fail-on-cache-miss: true
2025-01-27T10:59:23.4138800Z   enableCrossOsArchive: false
2025-01-27T10:59:23.4138970Z   lookup-only: false
2025-01-27T10:59:23.4139100Z env:
2025-01-27T10:59:23.4139220Z   CACHE_NUMBER: 0
2025-01-27T10:59:23.4139690Z   PYTEST_FLAGS: --tardis-regression-data=/Users/runner/work/tardis/tardis/tardis-regression-data --cov=tardis --cov-report=xml --cov-report=html --cov-append
2025-01-27T10:59:23.4140200Z   CODECOV_TOKEN: 
2025-01-27T10:59:23.4140340Z ##[endgroup]
2025-01-27T10:59:23.5866290Z ##[debug]Cache service version: v1
2025-01-27T10:59:23.5967370Z ##[debug]Resolved Keys:
2025-01-27T10:59:23.6070460Z ##[debug]["tardis-regression-full-data-21f9fa4b6817cc69b9fae3598144724da7828e276a73bd17f47a2a49d9af090a-tardis-sn/tardis-regression-data-v1"]
2025-01-27T10:59:23.6176600Z ##[debug]Checking zstd --quiet --version
2025-01-27T10:59:23.6278200Z ##[debug]1.5.6
2025-01-27T10:59:23.6395590Z ##[debug]zstd version: 1.5.6
2025-01-27T10:59:23.6498030Z ##[debug]Resource Url: https://acghubeus2.actions.githubusercontent.com/znkvyY1krvQ9BQOW4KRYIIo6lJBomEBkuJ1KNuIenT8KNTvLXL/_apis/artifactcache/cache?keys=tardis-regression-full-data-21f9fa4b6817cc69b9fae3598144724da7828e276a73bd17f47a2a49d9af090a-tardis-sn%2Ftardis-regression-data-v1&version=3583419d1e39533a34cee514049fac84c31f569026b650b6999994056146e85d
2025-01-27T10:59:23.8538270Z ##[debug]Resource Url: https://acghubeus2.actions.githubusercontent.com/znkvyY1krvQ9BQOW4KRYIIo6lJBomEBkuJ1KNuIenT8KNTvLXL/_apis/artifactcache/caches?key=tardis-regression-full-data-21f9fa4b6817cc69b9fae3598144724da7828e276a73bd17f47a2a49d9af090a-tardis-sn%2Ftardis-regression-data-v1
2025-01-27T10:59:23.9009360Z ##[debug]Failed to delete archive: Error: ENOENT: no such file or directory, unlink ''
2025-01-27T10:59:23.9031810Z ##[error]Failed to restore cache entry. Exiting as fail-on-cache-miss is set. Input key: tardis-regression-full-data-21f9fa4b6817cc69b9fae3598144724da7828e276a73bd17f47a2a49d9af090a-tardis-sn/tardis-regression-data-v1
2025-01-27T10:59:23.9047680Z ##[debug]Node Action run completed with exit code 1
2025-01-27T10:59:23.9063190Z ##[debug]Set output cache-primary-key = tardis-regression-full-data-21f9fa4b6817cc69b9fae3598144724da7828e276a73bd17f47a2a49d9af090a-tardis-sn/tardis-regression-data-v1
2025-01-27T10:59:23.9067320Z ##[debug]Finished: run
2025-01-27T10:59:23.9070990Z ##[debug]Evaluating condition for step: 'run'
2025-01-27T10:59:23.9073970Z ##[debug]Evaluating: (success() && (steps.lfs-cache-regression-data.outputs.cache-hit == 'true'))
2025-01-27T10:59:23.9074710Z ##[debug]Evaluating And:
2025-01-27T10:59:23.9074960Z ##[debug]..Evaluating success:
2025-01-27T10:59:23.9075310Z ##[debug]..=> false
2025-01-27T10:59:23.9075560Z ##[debug]=> false
2025-01-27T10:59:23.9076470Z ##[debug]Expanded: (false && (steps['lfs-cache-regression-data']['outputs']['cache-hit'] == 'true'))
2025-01-27T10:59:23.9076930Z ##[debug]Result: false
2025-01-27T10:59:23.9086030Z ##[debug]Finishing: Setup LFS
