2025-01-10T10:50:05.2040667Z Requested labels: macos-latest
2025-01-10T10:50:05.2040923Z Job defined at: tardis-sn/tardis/.github/workflows/tests.yml@refs/pull/2933/merge
2025-01-10T10:50:05.2041044Z Waiting for a runner to pick up this job...
2025-01-10T10:50:05.8819444Z Job is waiting for a hosted runner to come online.
2025-01-10T10:50:08.9652362Z Job is about to start running on the hosted runner: GitHub Actions 33 (hosted)
2025-01-10T10:50:10.4646970Z Current runner version: '2.321.0'
2025-01-10T10:50:10.4680270Z ##[group]Operating System
2025-01-10T10:50:10.4681490Z macOS
2025-01-10T10:50:10.4681820Z 14.7.2
2025-01-10T10:50:10.4682600Z 23H311
2025-01-10T10:50:10.4682980Z ##[endgroup]
2025-01-10T10:50:10.4683310Z ##[group]Runner Image
2025-01-10T10:50:10.4683990Z Image: macos-14-arm64
2025-01-10T10:50:10.4684350Z Version: 20250106.725
2025-01-10T10:50:10.4685050Z Included Software: https://github.com/actions/runner-images/blob/macos-14-arm64/20250106.725/images/macos/macos-14-arm64-Readme.md
2025-01-10T10:50:10.4685990Z Image Release: https://github.com/actions/runner-images/releases/tag/macos-14-arm64%2F20250106.725
2025-01-10T10:50:10.4687510Z ##[endgroup]
2025-01-10T10:50:10.4688600Z ##[group]Runner Image Provisioner
2025-01-10T10:50:10.4690490Z 2.0.404.1+573eac7f0cc07d6bb82d8b9bf5e1ffa69a554644
2025-01-10T10:50:10.4691060Z ##[endgroup]
2025-01-10T10:50:10.4695650Z ##[group]GITHUB_TOKEN Permissions
2025-01-10T10:50:10.4699180Z Actions: read
2025-01-10T10:50:10.4699510Z Attestations: read
2025-01-10T10:50:10.4699830Z Checks: read
2025-01-10T10:50:10.4701050Z Contents: read
2025-01-10T10:50:10.4702900Z Deployments: read
2025-01-10T10:50:10.4703240Z Discussions: read
2025-01-10T10:50:10.4703540Z Issues: read
2025-01-10T10:50:10.4703830Z Metadata: read
2025-01-10T10:50:10.4704140Z Packages: read
2025-01-10T10:50:10.4705080Z Pages: read
2025-01-10T10:50:10.4705400Z PullRequests: read
2025-01-10T10:50:10.4705730Z RepositoryProjects: read
2025-01-10T10:50:10.4706950Z SecurityEvents: read
2025-01-10T10:50:10.4707310Z Statuses: read
2025-01-10T10:50:10.4708190Z ##[endgroup]
2025-01-10T10:50:10.4711190Z Secret source: None
2025-01-10T10:50:10.4714500Z Prepare workflow directory
2025-01-10T10:50:10.5174050Z Prepare all required actions
2025-01-10T10:50:10.5205750Z Getting action download info
2025-01-10T10:50:10.7121060Z Download action repository 'actions/checkout@v4' (SHA:11bd71901bbe5b1630ceea73d27597364c9af683)
2025-01-10T10:50:11.2612660Z Download action repository 'actions/upload-artifact@v4' (SHA:6f51ac03b9356f520e9adb1b1b7802705f340c2b)
2025-01-10T10:50:11.4789850Z Complete job name:  continuum macos-latest 
2025-01-10T10:50:11.5276680Z ##[group]Run actions/checkout@v4
2025-01-10T10:50:11.5277350Z with:
2025-01-10T10:50:11.5277650Z   repository: tardis-sn/tardis
2025-01-10T10:50:11.5278200Z   token: ***
2025-01-10T10:50:11.5278480Z   ssh-strict: true
2025-01-10T10:50:11.5278760Z   ssh-user: git
2025-01-10T10:50:11.5279050Z   persist-credentials: true
2025-01-10T10:50:11.5279370Z   clean: true
2025-01-10T10:50:11.5279680Z   sparse-checkout-cone-mode: true
2025-01-10T10:50:11.5280020Z   fetch-depth: 1
2025-01-10T10:50:11.5280310Z   fetch-tags: false
2025-01-10T10:50:11.5280690Z   show-progress: true
2025-01-10T10:50:11.5280990Z   lfs: false
2025-01-10T10:50:11.5281260Z   submodules: false
2025-01-10T10:50:11.5281560Z   set-safe-directory: true
2025-01-10T10:50:11.5282000Z env:
2025-01-10T10:50:11.5282260Z   CACHE_NUMBER: 0
2025-01-10T10:50:11.5283040Z   PYTEST_FLAGS: --tardis-regression-data=/Users/runner/work/tardis/tardis/tardis-regression-data --cov=tardis --cov-report=xml --cov-report=html --cov-append
2025-01-10T10:50:11.5283910Z   CODECOV_TOKEN: 
2025-01-10T10:50:11.5284190Z ##[endgroup]
2025-01-10T10:50:11.9802180Z Syncing repository: tardis-sn/tardis
2025-01-10T10:50:11.9803990Z ##[group]Getting Git version info
2025-01-10T10:50:11.9804800Z Working directory is '/Users/runner/work/tardis/tardis'
2025-01-10T10:50:11.9821370Z [command]/opt/homebrew/bin/git version
2025-01-10T10:50:12.0867980Z git version 2.47.1
2025-01-10T10:50:12.0903280Z ##[endgroup]
2025-01-10T10:50:12.0910020Z Copying '/Users/runner/.gitconfig' to '/Users/runner/work/_temp/3e46945d-ec7b-464a-b81e-3ddf6097f24d/.gitconfig'
2025-01-10T10:50:12.0914030Z Temporarily overriding HOME='/Users/runner/work/_temp/3e46945d-ec7b-464a-b81e-3ddf6097f24d' before making global git config changes
2025-01-10T10:50:12.0919270Z Adding repository directory to the temporary git global config as a safe directory
2025-01-10T10:50:12.0925050Z [command]/opt/homebrew/bin/git config --global --add safe.directory /Users/runner/work/tardis/tardis
2025-01-10T10:50:12.1024640Z Deleting the contents of '/Users/runner/work/tardis/tardis'
2025-01-10T10:50:12.1029290Z ##[group]Initializing the repository
2025-01-10T10:50:12.1034220Z [command]/opt/homebrew/bin/git init /Users/runner/work/tardis/tardis
2025-01-10T10:50:12.1284080Z hint: Using 'master' as the name for the initial branch. This default branch name
2025-01-10T10:50:12.1286330Z hint: is subject to change. To configure the initial branch name to use in all
2025-01-10T10:50:12.1288160Z hint: of your new repositories, which will suppress this warning, call:
2025-01-10T10:50:12.1289480Z hint:
2025-01-10T10:50:12.1290410Z hint: 	git config --global init.defaultBranch <name>
2025-01-10T10:50:12.1291620Z hint:
2025-01-10T10:50:12.1292690Z hint: Names commonly chosen instead of 'master' are 'main', 'trunk' and
2025-01-10T10:50:12.1294470Z hint: 'development'. The just-created branch can be renamed via this command:
2025-01-10T10:50:12.1296020Z hint:
2025-01-10T10:50:12.1296840Z hint: 	git branch -m <name>
2025-01-10T10:50:12.1298440Z Initialized empty Git repository in /Users/runner/work/tardis/tardis/.git/
2025-01-10T10:50:12.1308660Z [command]/opt/homebrew/bin/git remote add origin https://github.com/tardis-sn/tardis
2025-01-10T10:50:12.1385480Z ##[endgroup]
2025-01-10T10:50:12.1388170Z ##[group]Disabling automatic garbage collection
2025-01-10T10:50:12.1391090Z [command]/opt/homebrew/bin/git config --local gc.auto 0
2025-01-10T10:50:12.1442140Z ##[endgroup]
2025-01-10T10:50:12.1444430Z ##[group]Setting up auth
2025-01-10T10:50:12.1447800Z [command]/opt/homebrew/bin/git config --local --name-only --get-regexp core\.sshCommand
2025-01-10T10:50:12.1531000Z [command]/opt/homebrew/bin/git submodule foreach --recursive sh -c "git config --local --name-only --get-regexp 'core\.sshCommand' && git config --local --unset-all 'core.sshCommand' || :"
2025-01-10T10:50:12.2976130Z [command]/opt/homebrew/bin/git config --local --name-only --get-regexp http\.https\:\/\/github\.com\/\.extraheader
2025-01-10T10:50:12.3050370Z [command]/opt/homebrew/bin/git submodule foreach --recursive sh -c "git config --local --name-only --get-regexp 'http\.https\:\/\/github\.com\/\.extraheader' && git config --local --unset-all 'http.https://github.com/.extraheader' || :"
2025-01-10T10:50:12.3793160Z [command]/opt/homebrew/bin/git config --local http.https://github.com/.extraheader AUTHORIZATION: basic ***
2025-01-10T10:50:12.3920250Z ##[endgroup]
2025-01-10T10:50:12.3921750Z ##[group]Fetching the repository
2025-01-10T10:50:12.3928540Z [command]/opt/homebrew/bin/git -c protocol.version=2 fetch --no-tags --prune --no-recurse-submodules --depth=1 origin +3b2f2cd2978d96663804b958096d49790b44dcf3:refs/remotes/pull/2933/merge
2025-01-10T10:50:14.3529150Z From https://github.com/tardis-sn/tardis
2025-01-10T10:50:14.3532360Z  * [new ref]         3b2f2cd2978d96663804b958096d49790b44dcf3 -> pull/2933/merge
2025-01-10T10:50:14.3642300Z ##[endgroup]
2025-01-10T10:50:14.3643130Z ##[group]Determining the checkout info
2025-01-10T10:50:14.3647590Z ##[endgroup]
2025-01-10T10:50:14.3653190Z [command]/opt/homebrew/bin/git sparse-checkout disable
2025-01-10T10:50:14.3791050Z [command]/opt/homebrew/bin/git config --local --unset-all extensions.worktreeConfig
2025-01-10T10:50:14.3900150Z ##[group]Checking out the ref
2025-01-10T10:50:14.3970680Z [command]/opt/homebrew/bin/git checkout --progress --force refs/remotes/pull/2933/merge
2025-01-10T10:50:14.8032060Z HEAD is now at 3b2f2cd Merge 413edbe58240060e720663b54942cd9da4b8413a into 0fc2c76326b8122f88ddaf369f17a637bbe37c63
2025-01-10T10:50:14.8059180Z ##[endgroup]
2025-01-10T10:50:14.8181950Z [command]/opt/homebrew/bin/git log -1 --format=%H
2025-01-10T10:50:14.8284820Z 3b2f2cd2978d96663804b958096d49790b44dcf3
2025-01-10T10:50:14.8611900Z Prepare all required actions
2025-01-10T10:50:14.8612240Z Getting action download info
2025-01-10T10:50:15.0387570Z Download action repository 'actions/cache@v4' (SHA:1bd1e32a3bdc45362d1e726936510720a7c30a57)
2025-01-10T10:50:15.1971240Z ##[group]Run ./.github/actions/setup_lfs
2025-01-10T10:50:15.1972330Z with:
2025-01-10T10:50:15.1973320Z   regression-data-repo: tardis-sn/tardis-regression-data
2025-01-10T10:50:15.1973970Z env:
2025-01-10T10:50:15.1974480Z   CACHE_NUMBER: 0
2025-01-10T10:50:15.1975450Z   PYTEST_FLAGS: --tardis-regression-data=/Users/runner/work/tardis/tardis/tardis-regression-data --cov=tardis --cov-report=xml --cov-report=html --cov-append
2025-01-10T10:50:15.1976120Z   CODECOV_TOKEN: 
2025-01-10T10:50:15.1976300Z ##[endgroup]
2025-01-10T10:50:15.2149080Z ##[group]Run actions/checkout@v4
2025-01-10T10:50:15.2149360Z with:
2025-01-10T10:50:15.2149540Z   repository: tardis-sn/tardis-regression-data
2025-01-10T10:50:15.2150200Z   path: tardis-regression-data
2025-01-10T10:50:15.2150790Z   token: ***
2025-01-10T10:50:15.2150970Z   ssh-strict: true
2025-01-10T10:50:15.2151160Z   ssh-user: git
2025-01-10T10:50:15.2151310Z   persist-credentials: true
2025-01-10T10:50:15.2151540Z   clean: true
2025-01-10T10:50:15.2151690Z   sparse-checkout-cone-mode: true
2025-01-10T10:50:15.2151870Z   fetch-depth: 1
2025-01-10T10:50:15.2152010Z   fetch-tags: false
2025-01-10T10:50:15.2152160Z   show-progress: true
2025-01-10T10:50:15.2152300Z   lfs: false
2025-01-10T10:50:15.2152420Z   submodules: false
2025-01-10T10:50:15.2152570Z   set-safe-directory: true
2025-01-10T10:50:15.2152710Z env:
2025-01-10T10:50:15.2152840Z   CACHE_NUMBER: 0
2025-01-10T10:50:15.2153320Z   PYTEST_FLAGS: --tardis-regression-data=/Users/runner/work/tardis/tardis/tardis-regression-data --cov=tardis --cov-report=xml --cov-report=html --cov-append
2025-01-10T10:50:15.2155310Z   CODECOV_TOKEN: 
2025-01-10T10:50:15.2155530Z ##[endgroup]
2025-01-10T10:50:15.5756650Z Syncing repository: tardis-sn/tardis-regression-data
2025-01-10T10:50:15.5757910Z ##[group]Getting Git version info
2025-01-10T10:50:15.5758270Z Working directory is '/Users/runner/work/tardis/tardis/tardis-regression-data'
2025-01-10T10:50:15.5758820Z [command]/opt/homebrew/bin/git version
2025-01-10T10:50:15.5759040Z git version 2.47.1
2025-01-10T10:50:15.5759660Z ##[endgroup]
2025-01-10T10:50:15.5761060Z Copying '/Users/runner/.gitconfig' to '/Users/runner/work/_temp/7cdaac87-e204-418b-aa81-d10ec1e157c8/.gitconfig'
2025-01-10T10:50:15.5761720Z Temporarily overriding HOME='/Users/runner/work/_temp/7cdaac87-e204-418b-aa81-d10ec1e157c8' before making global git config changes
2025-01-10T10:50:15.5762290Z Adding repository directory to the temporary git global config as a safe directory
2025-01-10T10:50:15.5762870Z [command]/opt/homebrew/bin/git config --global --add safe.directory /Users/runner/work/tardis/tardis/tardis-regression-data
2025-01-10T10:50:15.5763620Z ##[group]Initializing the repository
2025-01-10T10:50:15.5763970Z [command]/opt/homebrew/bin/git init /Users/runner/work/tardis/tardis/tardis-regression-data
2025-01-10T10:50:15.5764420Z hint: Using 'master' as the name for the initial branch. This default branch name
2025-01-10T10:50:15.5764810Z hint: is subject to change. To configure the initial branch name to use in all
2025-01-10T10:50:15.5765210Z hint: of your new repositories, which will suppress this warning, call:
2025-01-10T10:50:15.5765520Z hint:
2025-01-10T10:50:15.5765690Z hint: 	git config --global init.defaultBranch <name>
2025-01-10T10:50:15.5765910Z hint:
2025-01-10T10:50:15.5766140Z hint: Names commonly chosen instead of 'master' are 'main', 'trunk' and
2025-01-10T10:50:15.5766510Z hint: 'development'. The just-created branch can be renamed via this command:
2025-01-10T10:50:15.5766800Z hint:
2025-01-10T10:50:15.5766950Z hint: 	git branch -m <name>
2025-01-10T10:50:15.5767310Z Initialized empty Git repository in /Users/runner/work/tardis/tardis/tardis-regression-data/.git/
2025-01-10T10:50:15.5768850Z [command]/opt/homebrew/bin/git remote add origin https://github.com/tardis-sn/tardis-regression-data
2025-01-10T10:50:15.5769570Z ##[endgroup]
2025-01-10T10:50:15.5769850Z ##[group]Disabling automatic garbage collection
2025-01-10T10:50:15.5770410Z [command]/opt/homebrew/bin/git config --local gc.auto 0
2025-01-10T10:50:15.5770980Z ##[endgroup]
2025-01-10T10:50:15.5771230Z ##[group]Setting up auth
2025-01-10T10:50:15.5771520Z [command]/opt/homebrew/bin/git config --local --name-only --get-regexp core\.sshCommand
2025-01-10T10:50:15.5772450Z [command]/opt/homebrew/bin/git submodule foreach --recursive sh -c "git config --local --name-only --get-regexp 'core\.sshCommand' && git config --local --unset-all 'core.sshCommand' || :"
2025-01-10T10:50:15.5784100Z [command]/opt/homebrew/bin/git config --local --name-only --get-regexp http\.https\:\/\/github\.com\/\.extraheader
2025-01-10T10:50:15.5872400Z [command]/opt/homebrew/bin/git submodule foreach --recursive sh -c "git config --local --name-only --get-regexp 'http\.https\:\/\/github\.com\/\.extraheader' && git config --local --unset-all 'http.https://github.com/.extraheader' || :"
2025-01-10T10:50:15.6604360Z [command]/opt/homebrew/bin/git config --local http.https://github.com/.extraheader AUTHORIZATION: basic ***
2025-01-10T10:50:15.6731780Z ##[endgroup]
2025-01-10T10:50:15.6732190Z ##[group]Determining the default branch
2025-01-10T10:50:15.6733160Z Retrieving the default branch name
2025-01-10T10:50:16.1494970Z Default branch 'main'
2025-01-10T10:50:16.1597350Z ##[endgroup]
2025-01-10T10:50:16.1827100Z ##[group]Fetching the repository
2025-01-10T10:50:16.1934470Z [command]/opt/homebrew/bin/git -c protocol.version=2 fetch --no-tags --prune --no-recurse-submodules --depth=1 origin +refs/heads/main:refs/remotes/origin/main
2025-01-10T10:50:17.3288400Z From https://github.com/tardis-sn/tardis-regression-data
2025-01-10T10:50:17.3389690Z  * [new branch]      main       -> origin/main
2025-01-10T10:50:17.3693190Z ##[endgroup]
2025-01-10T10:50:17.3793250Z ##[group]Determining the checkout info
2025-01-10T10:50:17.3896560Z ##[endgroup]
2025-01-10T10:50:17.3996720Z [command]/opt/homebrew/bin/git sparse-checkout disable
2025-01-10T10:50:17.4306930Z [command]/opt/homebrew/bin/git config --local --unset-all extensions.worktreeConfig
2025-01-10T10:50:17.4615550Z ##[group]Checking out the ref
2025-01-10T10:50:17.4616040Z [command]/opt/homebrew/bin/git checkout --progress --force -B main refs/remotes/origin/main
2025-01-10T10:50:17.8091620Z Switched to a new branch 'main'
2025-01-10T10:50:17.8094090Z branch 'main' set up to track 'origin/main'.
2025-01-10T10:50:17.8922940Z ##[endgroup]
2025-01-10T10:50:17.8995330Z [command]/opt/homebrew/bin/git log -1 --format=%H
2025-01-10T10:50:17.9049690Z 666ab8501c2b2aea30d05b8822e7ddbfca078d23
2025-01-10T10:50:17.9156840Z ##[group]Run git lfs ls-files -l | cut -d' ' -f1 | sort > .lfs-assets-id
2025-01-10T10:50:17.9157280Z [36;1mgit lfs ls-files -l | cut -d' ' -f1 | sort > .lfs-assets-id[0m
2025-01-10T10:50:17.9232320Z shell: /bin/bash --noprofile --norc -e -o pipefail {0}
2025-01-10T10:50:17.9233040Z env:
2025-01-10T10:50:17.9233410Z   CACHE_NUMBER: 0
2025-01-10T10:50:17.9235090Z   PYTEST_FLAGS: --tardis-regression-data=/Users/runner/work/tardis/tardis/tardis-regression-data --cov=tardis --cov-report=xml --cov-report=html --cov-append
2025-01-10T10:50:17.9237260Z   CODECOV_TOKEN: 
2025-01-10T10:50:17.9237440Z ##[endgroup]
2025-01-10T10:50:18.2963240Z ##[group]Run actions/cache/restore@v4
2025-01-10T10:50:18.2963530Z with:
2025-01-10T10:50:18.2963680Z   path: tardis-regression-data/.git/lfs
2025-01-10T10:50:18.2964010Z   key: macOS-lfs-21f9fa4b6817cc69b9fae3598144724da7828e276a73bd17f47a2a49d9af090a-v1
2025-01-10T10:50:18.2964350Z   enableCrossOsArchive: false
2025-01-10T10:50:18.2964530Z   fail-on-cache-miss: false
2025-01-10T10:50:18.2964700Z   lookup-only: false
2025-01-10T10:50:18.2964860Z env:
2025-01-10T10:50:18.2964980Z   CACHE_NUMBER: 0
2025-01-10T10:50:18.2965800Z   PYTEST_FLAGS: --tardis-regression-data=/Users/runner/work/tardis/tardis/tardis-regression-data --cov=tardis --cov-report=xml --cov-report=html --cov-append
2025-01-10T10:50:18.2966320Z   CODECOV_TOKEN: 
2025-01-10T10:50:18.2966450Z ##[endgroup]
2025-01-10T10:50:19.9983870Z Received 12582912 of 1706796060 (0.7%), 11.2 MBs/sec
2025-01-10T10:50:20.9949660Z Received 88080384 of 1706796060 (5.2%), 40.2 MBs/sec
2025-01-10T10:50:21.9947590Z Received 150994944 of 1706796060 (8.8%), 46.6 MBs/sec
2025-01-10T10:50:22.9947090Z Received 209715200 of 1706796060 (12.3%), 48.9 MBs/sec
2025-01-10T10:50:23.9943950Z Received 276824064 of 1706796060 (16.2%), 51.9 MBs/sec
2025-01-10T10:50:24.9983440Z Received 352321536 of 1706796060 (20.6%), 55.1 MBs/sec
2025-01-10T10:50:25.9990780Z Received 423624704 of 1706796060 (24.8%), 56.9 MBs/sec
2025-01-10T10:50:26.9991890Z Received 478150656 of 1706796060 (28.0%), 56.3 MBs/sec
2025-01-10T10:50:28.0004880Z Received 541065216 of 1706796060 (31.7%), 56.7 MBs/sec
2025-01-10T10:50:29.0102380Z Received 603979776 of 1706796060 (35.4%), 57.0 MBs/sec
2025-01-10T10:50:30.0083660Z Received 666894336 of 1706796060 (39.1%), 57.3 MBs/sec
2025-01-10T10:50:31.0120900Z Received 729808896 of 1706796060 (42.8%), 57.5 MBs/sec
2025-01-10T10:50:32.0117290Z Received 796917760 of 1706796060 (46.7%), 58.0 MBs/sec
2025-01-10T10:50:33.0117580Z Received 855638016 of 1706796060 (50.1%), 57.8 MBs/sec
2025-01-10T10:50:34.0115210Z Received 914358272 of 1706796060 (53.6%), 57.7 MBs/sec
2025-01-10T10:50:35.0116920Z Received 989855744 of 1706796060 (58.0%), 58.6 MBs/sec
2025-01-10T10:50:36.0112700Z Received 1056964608 of 1706796060 (61.9%), 58.9 MBs/sec
2025-01-10T10:50:37.0127100Z Received 1119879168 of 1706796060 (65.6%), 59.0 MBs/sec
2025-01-10T10:50:38.0248330Z Received 1182793728 of 1706796060 (69.3%), 59.0 MBs/sec
2025-01-10T10:50:39.0220920Z Received 1233125376 of 1706796060 (72.2%), 58.5 MBs/sec
2025-01-10T10:50:40.0251190Z Received 1304428544 of 1706796060 (76.4%), 58.9 MBs/sec
2025-01-10T10:50:41.0318840Z Received 1371537408 of 1706796060 (80.4%), 59.1 MBs/sec
2025-01-10T10:50:42.0312570Z Received 1447034880 of 1706796060 (84.8%), 59.7 MBs/sec
2025-01-10T10:50:43.0308550Z Received 1497366528 of 1706796060 (87.7%), 59.2 MBs/sec
2025-01-10T10:50:44.0328450Z Received 1551892480 of 1706796060 (90.9%), 58.9 MBs/sec
2025-01-10T10:50:45.0361030Z Received 1614807040 of 1706796060 (94.6%), 58.9 MBs/sec
2025-01-10T10:50:46.0349070Z Received 1694498816 of 1706796060 (99.3%), 59.6 MBs/sec
2025-01-10T10:50:47.0287440Z Cache Size: ~1628 MB (1706796060 B)
2025-01-10T10:50:47.0382670Z Received 1706796060 of 1706796060 (100.0%), 57.9 MBs/sec
2025-01-10T10:50:47.0388810Z [command]/opt/homebrew/bin/gtar -xf /Users/runner/work/_temp/0f320372-ba29-4291-a0b9-878fd4cbf0a5/cache.tzst -P -C /Users/runner/work/tardis/tardis --delay-directory-restore --use-compress-program unzstd
2025-01-10T10:50:58.0496400Z Cache restored successfully
2025-01-10T10:50:58.1477380Z Cache restored from key: macOS-lfs-21f9fa4b6817cc69b9fae3598144724da7828e276a73bd17f47a2a49d9af090a-v1
2025-01-10T10:50:58.1812370Z ##[group]Run git lfs checkout
2025-01-10T10:50:58.1812630Z [36;1mgit lfs checkout[0m
2025-01-10T10:50:58.1917040Z shell: /bin/bash --noprofile --norc -e -o pipefail {0}
2025-01-10T10:50:58.1917530Z env:
2025-01-10T10:50:58.1917670Z   CACHE_NUMBER: 0
2025-01-10T10:50:58.1918370Z   PYTEST_FLAGS: --tardis-regression-data=/Users/runner/work/tardis/tardis/tardis-regression-data --cov=tardis --cov-report=xml --cov-report=html --cov-append
2025-01-10T10:50:58.1918970Z   CODECOV_TOKEN: 
2025-01-10T10:50:58.1919280Z ##[endgroup]
2025-01-10T10:51:07.8060220Z Checking out LFS objects: 100% (204/204), 3.5 GB | 303 MB/s, done.
2025-01-10T10:51:19.6434220Z Prepare all required actions
2025-01-10T10:51:19.6435070Z Getting action download info
2025-01-10T10:51:19.8031880Z Download action repository 'mamba-org/setup-micromamba@v1' (SHA:4b9113af4fba0e9e1124b252dd6497a419e7396d)
2025-01-10T10:51:21.2017250Z ##[group]Run ./.github/actions/setup_env
2025-01-10T10:51:21.2018300Z with:
2025-01-10T10:51:21.2018850Z   os-label: osx-arm64
2025-01-10T10:51:21.2019990Z env:
2025-01-10T10:51:21.2021010Z   CACHE_NUMBER: 0
2025-01-10T10:51:21.2021590Z   PYTEST_FLAGS: --tardis-regression-data=/Users/runner/work/tardis/tardis/tardis-regression-data --cov=tardis --cov-report=xml --cov-report=html --cov-append
2025-01-10T10:51:21.2023440Z   CODECOV_TOKEN: 
2025-01-10T10:51:21.2023610Z ##[endgroup]
2025-01-10T10:51:21.2115120Z ##[group]Run file_hash=$(cat conda-osx-arm64.lock | shasum -a 256 | cut -d' ' -f1)
2025-01-10T10:51:21.2116290Z [36;1mfile_hash=$(cat conda-osx-arm64.lock | shasum -a 256 | cut -d' ' -f1)[0m
2025-01-10T10:51:21.2117320Z [36;1mecho "file_hash=$file_hash" >> "${GITHUB_OUTPUT}"[0m
2025-01-10T10:51:21.2272000Z shell: /bin/bash --noprofile --norc -e -o pipefail {0}
2025-01-10T10:51:21.2272670Z env:
2025-01-10T10:51:21.2273180Z   CACHE_NUMBER: 0
2025-01-10T10:51:21.2274470Z   PYTEST_FLAGS: --tardis-regression-data=/Users/runner/work/tardis/tardis/tardis-regression-data --cov=tardis --cov-report=xml --cov-report=html --cov-append
2025-01-10T10:51:21.2275910Z   CODECOV_TOKEN: 
2025-01-10T10:51:21.2276280Z ##[endgroup]
2025-01-10T10:51:21.3885190Z ##[group]Run mamba-org/setup-micromamba@v1
2025-01-10T10:51:21.3885440Z with:
2025-01-10T10:51:21.3885590Z   environment-file: conda-osx-arm64.lock
2025-01-10T10:51:21.3885990Z   cache-environment-key: bf0d0a4d4c847cca72476c6c68c493d56c484aada7e80de0e42c7607fcef5824
2025-01-10T10:51:21.3886470Z   cache-downloads-key: bf0d0a4d4c847cca72476c6c68c493d56c484aada7e80de0e42c7607fcef5824
2025-01-10T10:51:21.3886820Z   environment-name: tardis
2025-01-10T10:51:21.3887000Z   cache-environment: true
2025-01-10T10:51:21.3887210Z   cache-downloads: true
2025-01-10T10:51:21.3887400Z env:
2025-01-10T10:51:21.3887530Z   CACHE_NUMBER: 0
2025-01-10T10:51:21.3888030Z   PYTEST_FLAGS: --tardis-regression-data=/Users/runner/work/tardis/tardis/tardis-regression-data --cov=tardis --cov-report=xml --cov-report=html --cov-append
2025-01-10T10:51:21.3888530Z   CODECOV_TOKEN: 
2025-01-10T10:51:21.3888670Z ##[endgroup]
2025-01-10T10:51:21.9151510Z Will download micromamba to /Users/runner/micromamba-bin/micromamba
2025-01-10T10:51:21.9167230Z ##[group]Install micromamba
2025-01-10T10:51:22.5885100Z micromamba installed to /Users/runner/micromamba-bin/micromamba
2025-01-10T10:51:22.5887360Z ##[endgroup]
2025-01-10T10:51:22.5888780Z Adding conda-forge to condarc channels ...
2025-01-10T10:51:22.5922500Z ##[group]Initialize micromamba for bash.
2025-01-10T10:51:22.5951280Z [command]/Users/runner/micromamba-bin/micromamba shell init -s bash -r /Users/runner/micromamba --log-level warning --rc-file /Users/runner/work/_temp/setup-micromamba/.condarc
2025-01-10T10:51:22.7136750Z Modifying RC file "/Users/runner/.bash_profile"
2025-01-10T10:51:22.7138460Z Generating config for root prefix [1m"/Users/runner/micromamba"[0m
2025-01-10T10:51:22.7139750Z Setting mamba executable to: [1m"/Users/runner/micromamba-bin/micromamba"[0m
2025-01-10T10:51:22.7141010Z Adding (or replacing) the following in your "/Users/runner/.bash_profile" file
2025-01-10T10:51:22.7141720Z 
2025-01-10T10:51:22.7142230Z # >>> mamba initialize >>>
2025-01-10T10:51:22.7143140Z # !! Contents within this block are managed by 'mamba init' !!
2025-01-10T10:51:22.7144460Z export MAMBA_EXE='/Users/runner/micromamba-bin/micromamba';
2025-01-10T10:51:22.7145520Z export MAMBA_ROOT_PREFIX='/Users/runner/micromamba';
2025-01-10T10:51:22.7158520Z __mamba_setup="$("$MAMBA_EXE" shell hook --shell bash --root-prefix "$MAMBA_ROOT_PREFIX" 2> /dev/null)"
2025-01-10T10:51:22.7159070Z if [ $? -eq 0 ]; then
2025-01-10T10:51:22.7159360Z     eval "$__mamba_setup"
2025-01-10T10:51:22.7160410Z else
2025-01-10T10:51:22.7160920Z     alias micromamba="$MAMBA_EXE"  # Fallback on help from mamba activate
2025-01-10T10:51:22.7161260Z fi
2025-01-10T10:51:22.7162140Z unset __mamba_setup
2025-01-10T10:51:22.7162810Z # <<< mamba initialize <<<
2025-01-10T10:51:22.7163390Z 
2025-01-10T10:51:22.7164400Z ##[endgroup]
2025-01-10T10:51:22.7165710Z ##[group]Restoring downloads from `/Users/runner/micromamba/pkgs` ...
2025-01-10T10:51:24.1003560Z Received 16777216 of 310595873 (5.4%), 16.0 MBs/sec
2025-01-10T10:51:25.1041210Z Received 92274688 of 310595873 (29.7%), 43.9 MBs/sec
2025-01-10T10:51:26.1155920Z Received 146800640 of 310595873 (47.3%), 46.4 MBs/sec
2025-01-10T10:51:27.1177420Z Received 209715200 of 310595873 (67.5%), 49.7 MBs/sec
2025-01-10T10:51:28.1173760Z Received 276824064 of 310595873 (89.1%), 52.6 MBs/sec
2025-01-10T10:51:28.7718240Z Cache Size: ~296 MB (310595873 B)
2025-01-10T10:51:28.7797360Z [command]/opt/homebrew/bin/gtar -xf /Users/runner/work/_temp/256b9442-5967-4939-b087-16d357170626/cache.tzst -P -C /Users/runner/work/tardis/tardis --delay-directory-restore --use-compress-program unzstd
2025-01-10T10:51:29.1202570Z Received 310595873 of 310595873 (100.0%), 49.2 MBs/sec
2025-01-10T10:51:30.1390900Z Cache restored successfully
2025-01-10T10:51:30.1445710Z Restored cache with key `bf0d0a4d4c847cca72476c6c68c493d56c484aada7e80de0e42c7607fcef5824-osx-arm64`
2025-01-10T10:51:30.1476070Z ##[endgroup]
2025-01-10T10:51:30.1507740Z ##[group]Restoring environment `tardis` from `/Users/runner/micromamba/envs/tardis` ...
2025-01-10T10:51:31.5666170Z Received 37748736 of 385775710 (9.8%), 36.0 MBs/sec
2025-01-10T10:51:32.5669660Z Received 96468992 of 385775710 (25.0%), 46.0 MBs/sec
2025-01-10T10:51:33.5673190Z Received 155189248 of 385775710 (40.2%), 49.3 MBs/sec
2025-01-10T10:51:34.5664760Z Received 218103808 of 385775710 (56.5%), 52.0 MBs/sec
2025-01-10T10:51:35.5666790Z Received 276824064 of 385775710 (71.8%), 52.8 MBs/sec
2025-01-10T10:51:36.5699350Z Received 352321536 of 385775710 (91.3%), 56.0 MBs/sec
2025-01-10T10:51:37.0037010Z Cache Size: ~368 MB (385775710 B)
2025-01-10T10:51:37.0091220Z [command]/opt/homebrew/bin/gtar -xf /Users/runner/work/_temp/1d1270d9-952a-454a-a2db-903c0ddfbd99/cache.tzst -P -C /Users/runner/work/tardis/tardis --delay-directory-restore --use-compress-program unzstd
2025-01-10T10:51:37.5750230Z Received 385775710 of 385775710 (100.0%), 52.5 MBs/sec
2025-01-10T10:51:57.3446740Z Cache restored successfully
2025-01-10T10:51:57.3503770Z Restored cache with key `bf0d0a4d4c847cca72476c6c68c493d56c484aada7e80de0e42c7607fcef5824-osx-arm64-tardis-args-4f53cda-root-873f6fe-bin-[object Promise]-file-bf0d0a4d4c847cca72476c6c68c493d56c484aada7e80de0e42c7607fcef5824`
2025-01-10T10:51:57.3509760Z ##[endgroup]
2025-01-10T10:51:57.3511290Z Adding environment tardis to auto-activate bash ...
2025-01-10T10:51:57.3704640Z Generating micromamba run shell.
2025-01-10T10:51:57.3920580Z ##[endgroup]
2025-01-10T10:51:57.4003870Z Set environment variables.
2025-01-10T10:51:57.4011270Z ##[group]micromamba info
2025-01-10T10:51:57.4018120Z [command]/Users/runner/micromamba-bin/micromamba info -r /Users/runner/micromamba -n tardis
2025-01-10T10:51:58.0776900Z 
2025-01-10T10:51:58.0784600Z        libmamba version : 1.5.10
2025-01-10T10:51:58.0786010Z      micromamba version : 1.5.10
2025-01-10T10:51:58.0787700Z            curl version : libcurl/8.10.1 (OpenSSL/3.3.2) SecureTransport zlib/1.3.1 zstd/1.5.6 libssh2/1.11.0 nghttp2/1.58.0
2025-01-10T10:51:58.0788500Z      libarchive version : libarchive 3.7.4 zlib/1.2.13 bz2lib/1.0.8 libzstd/1.5.6
2025-01-10T10:51:58.0789110Z        envs directories : /Users/runner/micromamba/envs
2025-01-10T10:51:58.0789750Z           package cache : /Users/runner/micromamba/pkgs
2025-01-10T10:51:58.0790300Z                           /Users/runner/.mamba/pkgs
2025-01-10T10:51:58.0790720Z             environment : tardis
2025-01-10T10:51:58.0791130Z            env location : /Users/runner/micromamba/envs/tardis
2025-01-10T10:51:58.0802450Z       user config files : /Users/runner/.mambarc
2025-01-10T10:51:58.0805150Z  populated config files : /Users/runner/work/_temp/setup-micromamba/.condarc
2025-01-10T10:51:58.0806600Z        virtual packages : __unix=0=0
2025-01-10T10:51:58.0807020Z                           __osx=14.7.2=0
2025-01-10T10:51:58.0807380Z                           __archspec=1=arm64
2025-01-10T10:51:58.0807940Z                channels : https://conda.anaconda.org/conda-forge/osx-arm64
2025-01-10T10:51:58.0808330Z                           https://conda.anaconda.org/conda-forge/noarch
2025-01-10T10:51:58.0808740Z        base environment : /Users/runner/micromamba
2025-01-10T10:51:58.0809040Z                platform : osx-arm64
2025-01-10T10:51:58.0823940Z ##[endgroup]
2025-01-10T10:51:58.0825700Z ##[group]micromamba list
2025-01-10T10:51:58.0827470Z [command]/Users/runner/micromamba-bin/micromamba list -r /Users/runner/micromamba -n tardis
2025-01-10T10:51:58.7454460Z List of packages in environment: "/Users/runner/micromamba/envs/tardis"
2025-01-10T10:51:58.7455610Z 
2025-01-10T10:51:58.7455800Z   Name                           Version              Build                    Channel    
2025-01-10T10:51:58.7458100Z â”€â”€â”€â”€â”€â”€â”€â”€â”€â”€â”€â”€â”€â”€â”€â”€â”€â”€â”€â”€â”€â”€â”€â”€â”€â”€â”€â”€â”€â”€â”€â”€â”€â”€â”€â”€â”€â”€â”€â”€â”€â”€â”€â”€â”€â”€â”€â”€â”€â”€â”€â”€â”€â”€â”€â”€â”€â”€â”€â”€â”€â”€â”€â”€â”€â”€â”€â”€â”€â”€â”€â”€â”€â”€â”€â”€â”€â”€â”€â”€â”€â”€â”€â”€â”€â”€â”€â”€â”€â”€â”€â”€
2025-01-10T10:51:58.7458520Z   alabaster                      0.7.16               pyhd8ed1ab_0             conda-forge
2025-01-10T10:51:58.7459000Z   anyio                          4.4.0                pyhd8ed1ab_0             conda-forge
2025-01-10T10:51:58.7459460Z   appnope                        0.1.4                pyhd8ed1ab_0             conda-forge
2025-01-10T10:51:58.7459870Z   argon2-cffi                    23.1.0               pyhd8ed1ab_0             conda-forge
2025-01-10T10:51:58.7460390Z   argon2-cffi-bindings           21.2.0               py312h02f2b3b_4          conda-forge
2025-01-10T10:51:58.7460810Z   arrow                          1.3.0                pyhd8ed1ab_0             conda-forge
2025-01-10T10:51:58.7461230Z   astropy                        6.1.1                py312hbebd99a_0          conda-forge
2025-01-10T10:51:58.7461620Z   astropy-iers-data              0.2024.6.17.0.31.35  pyhd8ed1ab_0             conda-forge
2025-01-10T10:51:58.7462170Z   astropy-sphinx-theme           1.1                  pyhd8ed1ab_0             conda-forge
2025-01-10T10:51:58.7462770Z   asttokens                      2.4.1                pyhd8ed1ab_0             conda-forge
2025-01-10T10:51:58.7465220Z   async-lru                      2.0.4                pyhd8ed1ab_0             conda-forge
2025-01-10T10:51:58.7465590Z   atk-1.0                        2.38.0               hd03087b_2               conda-forge
2025-01-10T10:51:58.7466090Z   attrs                          23.2.0               pyh71513ae_0             conda-forge
2025-01-10T10:51:58.7466470Z   babel                          2.14.0               pyhd8ed1ab_0             conda-forge
2025-01-10T10:51:58.7466900Z   beautifulsoup4                 4.12.3               pyha770c72_0             conda-forge
2025-01-10T10:51:58.7467270Z   bleach                         6.1.0                pyhd8ed1ab_0             conda-forge
2025-01-10T10:51:58.7467690Z   blosc                          1.21.5               h9c252e8_1               conda-forge
2025-01-10T10:51:58.7468100Z   brotli                         1.1.0                hb547adb_1               conda-forge
2025-01-10T10:51:58.7468480Z   brotli-bin                     1.1.0                hb547adb_1               conda-forge
2025-01-10T10:51:58.7468950Z   brotli-python                  1.1.0                py312h9f69965_1          conda-forge
2025-01-10T10:51:58.7470930Z   bzip2                          1.0.8                h93a5062_5               conda-forge
2025-01-10T10:51:58.7471430Z   c-ares                         1.28.1               h93a5062_0               conda-forge
2025-01-10T10:51:58.7471840Z   c-blosc2                       2.14.4               ha57e6be_1               conda-forge
2025-01-10T10:51:58.7472980Z   ca-certificates                2024.6.2             hf0a4a13_0               conda-forge
2025-01-10T10:51:58.7473420Z   cached-property                1.5.2                hd8ed1ab_1               conda-forge
2025-01-10T10:51:58.7473950Z   cached_property                1.5.2                pyha770c72_1             conda-forge
2025-01-10T10:51:58.7474320Z   cairo                          1.18.0               hd1e100b_0               conda-forge
2025-01-10T10:51:58.7474740Z   certifi                        2024.6.2             pyhd8ed1ab_0             conda-forge
2025-01-10T10:51:58.7475180Z   cffi                           1.16.0               py312h8e38eb3_0          conda-forge
2025-01-10T10:51:58.7476230Z   charset-normalizer             3.3.2                pyhd8ed1ab_0             conda-forge
2025-01-10T10:51:58.7476810Z   click                          8.1.7                unix_pyh707e725_0        conda-forge
2025-01-10T10:51:58.7477220Z   codespell                      2.3.0                pyhd8ed1ab_0             conda-forge
2025-01-10T10:51:58.7477710Z   colorama                       0.4.6                pyhd8ed1ab_0             conda-forge
2025-01-10T10:51:58.7479470Z   comm                           0.2.2                pyhd8ed1ab_0             conda-forge
2025-01-10T10:51:58.7479900Z   commonmark                     0.9.1                py_0                     conda-forge
2025-01-10T10:51:58.7480710Z   contourpy                      1.2.1                py312h0fef576_0          conda-forge
2025-01-10T10:51:58.7481130Z   coverage                       7.5.3                py312h7e5086c_0          conda-forge
2025-01-10T10:51:58.7481560Z   cycler                         0.12.1               pyhd8ed1ab_0             conda-forge
2025-01-10T10:51:58.7481930Z   dataclasses                    0.8                  pyhc8e2a94_3             conda-forge
2025-01-10T10:51:58.7482450Z   debugpy                        1.8.1                py312h20a0b95_0          conda-forge
2025-01-10T10:51:58.7482830Z   decorator                      5.1.1                pyhd8ed1ab_0             conda-forge
2025-01-10T10:51:58.7483320Z   defusedxml                     0.7.1                pyhd8ed1ab_0             conda-forge
2025-01-10T10:51:58.7483780Z   docutils                       0.20.1               py312h81bd7bf_3          conda-forge
2025-01-10T10:51:58.7484290Z   dot2tex                        2.11.3               pyhd8ed1ab_0             conda-forge
2025-01-10T10:51:58.7484760Z   entrypoints                    0.4                  pyhd8ed1ab_0             conda-forge
2025-01-10T10:51:58.7485260Z   exceptiongroup                 1.2.0                pyhd8ed1ab_2             conda-forge
2025-01-10T10:51:58.7485700Z   executing                      2.0.1                pyhd8ed1ab_0             conda-forge
2025-01-10T10:51:58.7486180Z   expat                          2.6.2                hebf3989_0               conda-forge
2025-01-10T10:51:58.7486680Z   font-ttf-dejavu-sans-mono      2.37                 hab24e00_0               conda-forge
2025-01-10T10:51:58.7487370Z   font-ttf-inconsolata           3.000                h77eed37_0               conda-forge
2025-01-10T10:51:58.7487900Z   font-ttf-source-code-pro       2.038                h77eed37_0               conda-forge
2025-01-10T10:51:58.7488460Z   font-ttf-ubuntu                0.83                 h77eed37_2               conda-forge
2025-01-10T10:51:58.7488890Z   fontconfig                     2.14.2               h82840c6_0               conda-forge
2025-01-10T10:51:58.7490580Z   fonts-conda-ecosystem          1                    0                        conda-forge
2025-01-10T10:51:58.7491780Z   fonts-conda-forge              1                    0                        conda-forge
2025-01-10T10:51:58.7493030Z   fonttools                      4.53.0               py312h7e5086c_0          conda-forge
2025-01-10T10:51:58.7493950Z   fqdn                           1.5.1                pyhd8ed1ab_0             conda-forge
2025-01-10T10:51:58.7496950Z   freetype                       2.12.1               hadb7bae_2               conda-forge
2025-01-10T10:51:58.7498180Z   fribidi                        1.0.10               h27ca646_0               conda-forge
2025-01-10T10:51:58.7502380Z   future                         1.0.0                pyhd8ed1ab_0             conda-forge
2025-01-10T10:51:58.7502840Z   gdk-pixbuf                     2.42.12              h7ddc832_0               conda-forge
2025-01-10T10:51:58.7503250Z   gettext                        0.22.5               h8fbad5d_2               conda-forge
2025-01-10T10:51:58.7504070Z   gettext-tools                  0.22.5               h8fbad5d_2               conda-forge
2025-01-10T10:51:58.7520450Z   giflib                         5.2.2                h93a5062_0               conda-forge
2025-01-10T10:51:58.7521330Z   git-lfs                        3.5.1                hce30654_0               conda-forge
2025-01-10T10:51:58.7522290Z   gmp                            6.3.0                hebf3989_1               conda-forge
2025-01-10T10:51:58.7523230Z   gmpy2                          2.1.5                py312hfa9fade_1          conda-forge
2025-01-10T10:51:58.7524140Z   graphite2                      1.3.13               hebf3989_1003            conda-forge
2025-01-10T10:51:58.7524990Z   graphviz                       11.0.0               h9bb9bc9_0               conda-forge
2025-01-10T10:51:58.7525850Z   gtk2                           2.24.33              h7895bb2_4               conda-forge
2025-01-10T10:51:58.7526630Z   gts                            0.7.6                he42f4ea_4               conda-forge
2025-01-10T10:51:58.7527530Z   h11                            0.14.0               pyhd8ed1ab_0             conda-forge
2025-01-10T10:51:58.7527890Z   h2                             4.1.0                pyhd8ed1ab_0             conda-forge
2025-01-10T10:51:58.7528270Z   h5py                           3.11.0               nompi_py312h903599c_102  conda-forge
2025-01-10T10:51:58.7528710Z   harfbuzz                       8.5.0                h1836168_0               conda-forge
2025-01-10T10:51:58.7529130Z   hdf5                           1.14.3               nompi_hec07895_105       conda-forge
2025-01-10T10:51:58.7529470Z   hpack                          4.0.0                pyh9f0ad1d_0             conda-forge
2025-01-10T10:51:58.7530190Z   httpcore                       1.0.5                pyhd8ed1ab_0             conda-forge
2025-01-10T10:51:58.7530550Z   httpx                          0.27.0               pyhd8ed1ab_0             conda-forge
2025-01-10T10:51:58.7530920Z   hyperframe                     6.0.1                pyhd8ed1ab_0             conda-forge
2025-01-10T10:51:58.7531320Z   icu                            73.2                 hc8870d7_0               conda-forge
2025-01-10T10:51:58.7531650Z   idna                           3.7                  pyhd8ed1ab_0             conda-forge
2025-01-10T10:51:58.7532020Z   imagesize                      1.4.1                pyhd8ed1ab_0             conda-forge
2025-01-10T10:51:58.7532400Z   importlib-metadata             7.1.0                pyha770c72_0             conda-forge
2025-01-10T10:51:58.7532860Z   importlib_metadata             7.1.0                hd8ed1ab_0               conda-forge
2025-01-10T10:51:58.7533290Z   importlib_resources            6.4.0                pyhd8ed1ab_0             conda-forge
2025-01-10T10:51:58.7533760Z   iniconfig                      2.0.0                pyhd8ed1ab_0             conda-forge
2025-01-10T10:51:58.7534180Z   ipykernel                      6.29.4               pyh57ce528_0             conda-forge
2025-01-10T10:51:58.7537500Z   ipython                        8.25.0               pyh707e725_0             conda-forge
2025-01-10T10:51:58.7538020Z   ipython_genutils               0.2.0                pyhd8ed1ab_1             conda-forge
2025-01-10T10:51:58.7538410Z   ipywidgets                     7.8.0                pyhd8ed1ab_0             conda-forge
2025-01-10T10:51:58.7539520Z   isoduration                    20.11.0              pyhd8ed1ab_0             conda-forge
2025-01-10T10:51:58.7539960Z   jedi                           0.19.1               pyhd8ed1ab_0             conda-forge
2025-01-10T10:51:58.7540430Z   jinja2                         3.1.4                pyhd8ed1ab_0             conda-forge
2025-01-10T10:51:58.7540820Z   json5                          0.9.25               pyhd8ed1ab_0             conda-forge
2025-01-10T10:51:58.7541260Z   jsonpointer                    3.0.0                py312h81bd7bf_0          conda-forge
2025-01-10T10:51:58.7541730Z   jsonschema                     4.22.0               pyhd8ed1ab_0             conda-forge
2025-01-10T10:51:58.7542500Z   jsonschema-specifications      2023.12.1            pyhd8ed1ab_0             conda-forge
2025-01-10T10:51:58.7543040Z   jsonschema-with-format-nongpl  4.22.0               pyhd8ed1ab_0             conda-forge
2025-01-10T10:51:58.7543500Z   jupyter-lsp                    2.2.5                pyhd8ed1ab_0             conda-forge
2025-01-10T10:51:58.7544000Z   jupyter_client                 8.6.2                pyhd8ed1ab_0             conda-forge
2025-01-10T10:51:58.7544450Z   jupyter_core                   5.7.2                py312h81bd7bf_0          conda-forge
2025-01-10T10:51:58.7544830Z   jupyter_events                 0.10.0               pyhd8ed1ab_0             conda-forge
2025-01-10T10:51:58.7545270Z   jupyter_server                 2.14.1               pyhd8ed1ab_0             conda-forge
2025-01-10T10:51:58.7545770Z   jupyter_server_terminals       0.5.3                pyhd8ed1ab_0             conda-forge
2025-01-10T10:51:58.7546210Z   jupyterlab                     4.2.2                pyhd8ed1ab_0             conda-forge
2025-01-10T10:51:58.7546590Z   jupyterlab_pygments            0.3.0                pyhd8ed1ab_1             conda-forge
2025-01-10T10:51:58.7547020Z   jupyterlab_server              2.27.2               pyhd8ed1ab_0             conda-forge
2025-01-10T10:51:58.7547400Z   jupyterlab_widgets             1.1.7                pyhd8ed1ab_0             conda-forge
2025-01-10T10:51:58.7547850Z   kiwisolver                     1.4.5                py312h389731b_1          conda-forge
2025-01-10T10:51:58.7548170Z   krb5                           1.21.2               h92f50d5_0               conda-forge
2025-01-10T10:51:58.7548550Z   latexcodec                     2.0.1                pyh9f0ad1d_0             conda-forge
2025-01-10T10:51:58.7549130Z   lcms2                          2.16                 ha0e7c42_0               conda-forge
2025-01-10T10:51:58.7549470Z   lerc                           4.0.0                h9a09cb3_0               conda-forge
2025-01-10T10:51:58.7549850Z   libaec                         1.1.3                hebf3989_0               conda-forge
2025-01-10T10:51:58.7550210Z   libasprintf                    0.22.5               h8fbad5d_2               conda-forge
2025-01-10T10:51:58.7550660Z   libasprintf-devel              0.22.5               h8fbad5d_2               conda-forge
2025-01-10T10:51:58.7551120Z   libblas                        3.9.0                22_osxarm64_openblas     conda-forge
2025-01-10T10:51:58.7591270Z   libbrotlicommon                1.1.0                hb547adb_1               conda-forge
2025-01-10T10:51:58.7591700Z   libbrotlidec                   1.1.0                hb547adb_1               conda-forge
2025-01-10T10:51:58.7592020Z   libbrotlienc                   1.1.0                hb547adb_1               conda-forge
2025-01-10T10:51:58.7592370Z   libcblas                       3.9.0                22_osxarm64_openblas     conda-forge
2025-01-10T10:51:58.7592690Z   libcurl                        8.8.0                h7b6f9a7_0               conda-forge
2025-01-10T10:51:58.7593030Z   libcxx                         17.0.6               h5f092b4_0               conda-forge
2025-01-10T10:51:58.7593380Z   libdeflate                     1.20                 h93a5062_0               conda-forge
2025-01-10T10:51:58.7593710Z   libedit                        3.1.20191231         hc8eb9b7_2               conda-forge
2025-01-10T10:51:58.7594630Z   libev                          4.33                 h93a5062_2               conda-forge
2025-01-10T10:51:58.7594940Z   libexpat                       2.6.2                hebf3989_0               conda-forge
2025-01-10T10:51:58.7595300Z   libffi                         3.4.2                h3422bc3_5               conda-forge
2025-01-10T10:51:58.7595580Z   libgd                          2.3.3                hfdf3952_9               conda-forge
2025-01-10T10:51:58.7595880Z   libgettextpo                   0.22.5               h8fbad5d_2               conda-forge
2025-01-10T10:51:58.7596770Z   libgettextpo-devel             0.22.5               h8fbad5d_2               conda-forge
2025-01-10T10:51:58.7601970Z   libgfortran                    5.0.0                13_2_0_hd922786_3        conda-forge
2025-01-10T10:51:58.7602370Z   libgfortran5                   13.2.0               hf226fd6_3               conda-forge
2025-01-10T10:51:58.7602760Z   libglib                        2.80.2               h59d46d9_1               conda-forge
2025-01-10T10:51:58.7603170Z   libiconv                       1.17                 h0d3ecfb_2               conda-forge
2025-01-10T10:51:58.7603560Z   libintl                        0.22.5               h8fbad5d_2               conda-forge
2025-01-10T10:51:58.7603900Z   libintl-devel                  0.22.5               h8fbad5d_2               conda-forge
2025-01-10T10:51:58.7604340Z   libjpeg-turbo                  3.0.0                hb547adb_1               conda-forge
2025-01-10T10:51:58.7604720Z   liblapack                      3.9.0                22_osxarm64_openblas     conda-forge
2025-01-10T10:51:58.7605180Z   libllvm14                      14.0.6               hd1a9a77_4               conda-forge
2025-01-10T10:51:58.7605880Z   libnghttp2                     1.58.0               ha4dd798_1               conda-forge
2025-01-10T10:51:58.7606280Z   libopenblas                    0.3.27               openmp_h6c19121_0        conda-forge
2025-01-10T10:51:58.7606630Z   libpng                         1.6.43               h091b4b1_0               conda-forge
2025-01-10T10:51:58.7607030Z   librsvg                        2.58.1               hbc281fb_0               conda-forge
2025-01-10T10:51:58.7607370Z   libsodium                      1.0.18               h27ca646_1               conda-forge
2025-01-10T10:51:58.7607730Z   libsqlite                      3.46.0               hfb93653_0               conda-forge
2025-01-10T10:51:58.7608070Z   libssh2                        1.11.0               h7a5bd25_0               conda-forge
2025-01-10T10:51:58.7608430Z   libtiff                        4.6.0                h07db509_3               conda-forge
2025-01-10T10:51:58.7608730Z   libwebp                        1.4.0                h54798ee_0               conda-forge
2025-01-10T10:51:58.7609060Z   libwebp-base                   1.4.0                h93a5062_0               conda-forge
2025-01-10T10:51:58.7609480Z   libxcb                         1.16                 hf2054a2_0               conda-forge
2025-01-10T10:51:58.7609800Z   libxml2                        2.12.7               ha661575_1               conda-forge
2025-01-10T10:51:58.7610210Z   libxslt                        1.1.39               h223e5b9_0               conda-forge
2025-01-10T10:51:58.7610540Z   libzlib                        1.3.1                hfb2fe0b_1               conda-forge
2025-01-10T10:51:58.7610930Z   llvm-openmp                    18.1.7               hde57baf_0               conda-forge
2025-01-10T10:51:58.7611270Z   llvmlite                       0.42.0               py312h17030e7_1          conda-forge
2025-01-10T10:51:58.7611620Z   lxml                           5.2.2                py312h0e5ab22_0          conda-forge
2025-01-10T10:51:58.7611920Z   lz4-c                          1.9.4                hb7217d7_0               conda-forge
2025-01-10T10:51:58.7612210Z   markupsafe                     2.1.5                py312he37b823_0          conda-forge
2025-01-10T10:51:58.7612870Z   matplotlib-base                3.8.4                py312h4479663_2          conda-forge
2025-01-10T10:51:58.7613330Z   matplotlib-inline              0.1.7                pyhd8ed1ab_0             conda-forge
2025-01-10T10:51:58.7613750Z   mistune                        3.0.2                pyhd8ed1ab_0             conda-forge
2025-01-10T10:51:58.7614030Z   mpc                            1.3.1                h91ba8db_0               conda-forge
2025-01-10T10:51:58.7614390Z   mpfr                           4.2.1                h41d338b_1               conda-forge
2025-01-10T10:51:58.7614750Z   mpmath                         1.3.0                pyhd8ed1ab_0             conda-forge
2025-01-10T10:51:58.7615390Z   munkres                        1.1.4                pyh9f0ad1d_0             conda-forge
2025-01-10T10:51:58.7615770Z   mypy_extensions                1.0.0                pyha770c72_0             conda-forge
2025-01-10T10:51:58.7616080Z   nbclassic                      1.1.0                pyhd8ed1ab_0             conda-forge
2025-01-10T10:51:58.7616470Z   nbclient                       0.10.0               pyhd8ed1ab_0             conda-forge
2025-01-10T10:51:58.7616810Z   nbconvert                      7.16.4               hd8ed1ab_1               conda-forge
2025-01-10T10:51:58.7617200Z   nbconvert-core                 7.16.4               pyhd8ed1ab_1             conda-forge
2025-01-10T10:51:58.7617660Z   nbconvert-pandoc               7.16.4               hd8ed1ab_1               conda-forge
2025-01-10T10:51:58.7618080Z   nbformat                       5.10.4               pyhd8ed1ab_0             conda-forge
2025-01-10T10:51:58.7618420Z   nbsphinx                       0.9.4                pyhd8ed1ab_0             conda-forge
2025-01-10T10:51:58.7618870Z   ncurses                        6.5                  hb89a1cb_0               conda-forge
2025-01-10T10:51:58.7619250Z   nest-asyncio                   1.6.0                pyhd8ed1ab_0             conda-forge
2025-01-10T10:51:58.7619610Z   networkx                       3.3                  pyhd8ed1ab_1             conda-forge
2025-01-10T10:51:58.7620060Z   notebook                       7.2.1                pyhd8ed1ab_0             conda-forge
2025-01-10T10:51:58.7620410Z   notebook-shim                  0.2.4                pyhd8ed1ab_0             conda-forge
2025-01-10T10:51:58.7620760Z   numba                          0.59.1               py312hbaff935_0          conda-forge
2025-01-10T10:51:58.7621050Z   numexpr                        2.10.0               py312h8ae5369_0          conda-forge
2025-01-10T10:51:58.7621490Z   numpy                          1.26.4               py312h8442bc7_0          conda-forge
2025-01-10T10:51:58.7621780Z   numpydoc                       1.7.0                pyhd8ed1ab_1             conda-forge
2025-01-10T10:51:58.7622210Z   openjpeg                       2.5.2                h9f1df11_0               conda-forge
2025-01-10T10:51:58.7622660Z   openssl                        3.3.1                hfb2fe0b_0               conda-forge
2025-01-10T10:51:58.7623020Z   overrides                      7.7.0                pyhd8ed1ab_0             conda-forge
2025-01-10T10:51:58.7623440Z   packaging                      24.1                 pyhd8ed1ab_0             conda-forge
2025-01-10T10:51:58.7623770Z   pandas                         2.2.2                py312h8ae5369_1          conda-forge
2025-01-10T10:51:58.7624120Z   pandoc                         3.2                  hce30654_0               conda-forge
2025-01-10T10:51:58.7624500Z   pandocfilters                  1.5.0                pyhd8ed1ab_0             conda-forge
2025-01-10T10:51:58.7624900Z   pango                          1.54.0               h5cb9fbc_0               conda-forge
2025-01-10T10:51:58.7625280Z   parso                          0.8.4                pyhd8ed1ab_0             conda-forge
2025-01-10T10:51:58.7625610Z   pathspec                       0.12.1               pyhd8ed1ab_0             conda-forge
2025-01-10T10:51:58.7626180Z   pbr                            6.0.0                pyhd8ed1ab_0             conda-forge
2025-01-10T10:51:58.7626560Z   pcre2                          10.44                h297a79d_0               conda-forge
2025-01-10T10:51:58.7626920Z   pexpect                        4.9.0                pyhd8ed1ab_0             conda-forge
2025-01-10T10:51:58.7627250Z   pickleshare                    0.7.5                py_1003                  conda-forge
2025-01-10T10:51:58.7627860Z   pillow                         10.3.0               py312h39b1d8d_1          conda-forge
2025-01-10T10:51:58.7628180Z   pip                            24.0                 pyhd8ed1ab_0             conda-forge
2025-01-10T10:51:58.7628840Z   pixman                         0.43.4               hebf3989_0               conda-forge
2025-01-10T10:51:58.7629160Z   pkgutil-resolve-name           1.3.10               pyhd8ed1ab_1             conda-forge
2025-01-10T10:51:58.7629550Z   platformdirs                   4.2.2                pyhd8ed1ab_0             conda-forge
2025-01-10T10:51:58.7629850Z   plotly                         5.22.0               pyhd8ed1ab_0             conda-forge
2025-01-10T10:51:58.7630230Z   pluggy                         1.5.0                pyhd8ed1ab_0             conda-forge
2025-01-10T10:51:58.7630600Z   prometheus_client              0.20.0               pyhd8ed1ab_0             conda-forge
2025-01-10T10:51:58.7630970Z   prompt-toolkit                 3.0.47               pyha770c72_0             conda-forge
2025-01-10T10:51:58.7631340Z   psutil                         5.9.8                py312he37b823_0          conda-forge
2025-01-10T10:51:58.7631660Z   pthread-stubs                  0.4                  h27ca646_1001            conda-forge
2025-01-10T10:51:58.7631970Z   ptyprocess                     0.7.0                pyhd3deb0d_0             conda-forge
2025-01-10T10:51:58.7632270Z   pure_eval                      0.2.2                pyhd8ed1ab_0             conda-forge
2025-01-10T10:51:58.7632570Z   py-cpuinfo                     9.0.0                pyhd8ed1ab_0             conda-forge
2025-01-10T10:51:58.7632860Z   pybtex                         0.24.0               pyhd8ed1ab_2             conda-forge
2025-01-10T10:51:58.7633200Z   pybtex-docutils                1.0.3                py312h81bd7bf_1          conda-forge
2025-01-10T10:51:58.7633520Z   pycparser                      2.22                 pyhd8ed1ab_0             conda-forge
2025-01-10T10:51:58.7633820Z   pyerfa                         2.0.1.4              py312hbebd99a_1          conda-forge
2025-01-10T10:51:58.7634120Z   pygments                       2.18.0               pyhd8ed1ab_0             conda-forge
2025-01-10T10:51:58.7634410Z   pygraphviz                     1.13                 py312h5f4d302_1          conda-forge
2025-01-10T10:51:58.7634720Z   pyobjc-core                    10.3.1               py312hbb55c70_0          conda-forge
2025-01-10T10:51:58.7635070Z   pyobjc-framework-cocoa         10.3.1               py312hbb55c70_0          conda-forge
2025-01-10T10:51:58.7635400Z   pyparsing                      3.1.2                pyhd8ed1ab_0             conda-forge
2025-01-10T10:51:58.7635690Z   pysocks                        1.7.1                pyha2e5f31_6             conda-forge
2025-01-10T10:51:58.7635990Z   pytables                       3.9.2                py312hb622ae1_2          conda-forge
2025-01-10T10:51:58.7636270Z   pytest                         8.2.2                pyhd8ed1ab_0             conda-forge
2025-01-10T10:51:58.7636560Z   pytest-cov                     5.0.0                pyhd8ed1ab_0             conda-forge
2025-01-10T10:51:58.7636890Z   pytest-doctestplus             1.2.1                pyhd8ed1ab_0             conda-forge
2025-01-10T10:51:58.7637210Z   pytest-html                    4.1.1                pyhd8ed1ab_0             conda-forge
2025-01-10T10:51:58.7637540Z   pytest-metadata                3.1.1                pyhd8ed1ab_0             conda-forge
2025-01-10T10:51:58.7638130Z   python                         3.12.4               h30c5eda_0_cpython       conda-forge
2025-01-10T10:51:58.7638440Z   python-dateutil                2.9.0                pyhd8ed1ab_0             conda-forge
2025-01-10T10:51:58.7638790Z   python-fastjsonschema          2.20.0               pyhd8ed1ab_0             conda-forge
2025-01-10T10:51:58.7639150Z   python-json-logger             2.0.7                pyhd8ed1ab_0             conda-forge
2025-01-10T10:51:58.7639490Z   python-tzdata                  2024.1               pyhd8ed1ab_0             conda-forge
2025-01-10T10:51:58.7639800Z   python_abi                     3.12                 4_cp312                  conda-forge
2025-01-10T10:51:58.7640220Z   pytz                           2024.1               pyhd8ed1ab_0             conda-forge
2025-01-10T10:51:58.7640500Z   pyyaml                         6.0.1                py312h02f2b3b_1          conda-forge
2025-01-10T10:51:58.7640780Z   pyzmq                          26.0.3               py312hfa13136_0          conda-forge
2025-01-10T10:51:58.7641060Z   qgrid                          1.3.1                pyhd8ed1ab_4             conda-forge
2025-01-10T10:51:58.7641370Z   radioactivedecay               0.5.1                pyhd8ed1ab_0             conda-forge
2025-01-10T10:51:58.7641680Z   readline                       8.2                  h92ec313_1               conda-forge
2025-01-10T10:51:58.7641990Z   recommonmark                   0.7.1                pyhd8ed1ab_0             conda-forge
2025-01-10T10:51:58.7642290Z   referencing                    0.35.1               pyhd8ed1ab_0             conda-forge
2025-01-10T10:51:58.7642600Z   requests                       2.32.3               pyhd8ed1ab_0             conda-forge
2025-01-10T10:51:58.7642920Z   rfc3339-validator              0.1.4                pyhd8ed1ab_0             conda-forge
2025-01-10T10:51:58.7643260Z   rfc3986-validator              0.1.1                pyh9f0ad1d_0             conda-forge
2025-01-10T10:51:58.7643580Z   rpds-py                        0.18.1               py312h552d48e_0          conda-forge
2025-01-10T10:51:58.7643850Z   ruff                           0.4.9                py312h3402d49_0          conda-forge
2025-01-10T10:51:58.7644120Z   scipy                          1.13.1               py312h14ffa8f_0          conda-forge
2025-01-10T10:51:58.7644570Z   send2trash                     1.8.3                pyh31c8845_0             conda-forge
2025-01-10T10:51:58.7644940Z   setuptools                     70.0.0               pyhd8ed1ab_0             conda-forge
2025-01-10T10:51:58.7645270Z   setuptools-scm                 8.1.0                pyhd8ed1ab_0             conda-forge
2025-01-10T10:51:58.7645590Z   setuptools_scm                 8.1.0                hd8ed1ab_0               conda-forge
2025-01-10T10:51:58.7645890Z   six                            1.16.0               pyh6c4a22f_0             conda-forge
2025-01-10T10:51:58.7646170Z   snakeviz                       2.2.0                pyhd8ed1ab_0             conda-forge
2025-01-10T10:51:58.7646460Z   snappy                         1.2.0                hd04f947_1               conda-forge
2025-01-10T10:51:58.7646750Z   sniffio                        1.3.1                pyhd8ed1ab_0             conda-forge
2025-01-10T10:51:58.7647060Z   snowballstemmer                2.2.0                pyhd8ed1ab_0             conda-forge
2025-01-10T10:51:58.7647390Z   soupsieve                      2.5                  pyhd8ed1ab_1             conda-forge
2025-01-10T10:51:58.7647680Z   sphinx                         7.3.7                pyhd8ed1ab_0             conda-forge
2025-01-10T10:51:58.7647990Z   sphinx-astropy                 1.9.1                pyhd8ed1ab_0             conda-forge
2025-01-10T10:51:58.7648520Z   sphinx-automodapi              0.17.0               pyh717bed2_1             conda-forge
2025-01-10T10:51:58.7648850Z   sphinx-gallery                 0.16.0               pyhd8ed1ab_0             conda-forge
2025-01-10T10:51:58.7649480Z   sphinx-jsonschema              1.19.1               pyhd8ed1ab_0             conda-forge
2025-01-10T10:51:58.7649840Z   sphinx_bootstrap_theme         0.8.1                pyhd8ed1ab_0             conda-forge
2025-01-10T10:51:58.7650180Z   sphinx_rtd_theme               2.0.0                pyha770c72_0             conda-forge
2025-01-10T10:51:58.7650510Z   sphinxcontrib-apidoc           0.3.0                py_1                     conda-forge
2025-01-10T10:51:58.7650870Z   sphinxcontrib-applehelp        1.0.8                pyhd8ed1ab_0             conda-forge
2025-01-10T10:51:58.7651240Z   sphinxcontrib-bibtex           2.6.2                pyhd8ed1ab_0             conda-forge
2025-01-10T10:51:58.7651760Z   sphinxcontrib-devhelp          1.0.6                pyhd8ed1ab_0             conda-forge
2025-01-10T10:51:58.7652150Z   sphinxcontrib-htmlhelp         2.0.5                pyhd8ed1ab_0             conda-forge
2025-01-10T10:51:58.7652520Z   sphinxcontrib-jquery           4.1                  pyhd8ed1ab_0             conda-forge
2025-01-10T10:51:58.7652880Z   sphinxcontrib-jsmath           1.0.1                pyhd8ed1ab_0             conda-forge
2025-01-10T10:51:58.7654470Z   sphinxcontrib-qthelp           1.0.7                pyhd8ed1ab_0             conda-forge
2025-01-10T10:51:58.7654960Z   sphinxcontrib-serializinghtml  1.1.10               pyhd8ed1ab_0             conda-forge
2025-01-10T10:51:58.7655330Z   stack_data                     0.6.2                pyhd8ed1ab_0             conda-forge
2025-01-10T10:51:58.7655630Z   sympy                          1.12.1               pypyh2585a3b_103         conda-forge
2025-01-10T10:51:58.7655920Z   tabulate                       0.9.0                pyhd8ed1ab_1             conda-forge
2025-01-10T10:51:58.7656230Z   tenacity                       8.4.1                pyhd8ed1ab_0             conda-forge
2025-01-10T10:51:58.7656510Z   terminado                      0.18.1               pyh31c8845_0             conda-forge
2025-01-10T10:51:58.7656810Z   tinycss2                       1.3.0                pyhd8ed1ab_0             conda-forge
2025-01-10T10:51:58.7657080Z   tk                             8.6.13               h5083fa2_1               conda-forge
2025-01-10T10:51:58.7657420Z   toml                           0.10.2               pyhd8ed1ab_0             conda-forge
2025-01-10T10:51:58.7657700Z   tomli                          2.0.1                pyhd8ed1ab_0             conda-forge
2025-01-10T10:51:58.7657980Z   tornado                        6.4.1                py312h7e5086c_0          conda-forge
2025-01-10T10:51:58.7658260Z   tqdm                           4.66.4               pyhd8ed1ab_0             conda-forge
2025-01-10T10:51:58.7658550Z   traitlets                      5.14.3               pyhd8ed1ab_0             conda-forge
2025-01-10T10:51:58.7658850Z   typed-ast                      1.5.5                py312h02f2b3b_1          conda-forge
2025-01-10T10:51:58.7659580Z   types-python-dateutil          2.9.0.20240316       pyhd8ed1ab_0             conda-forge
2025-01-10T10:51:58.7659970Z   typing-extensions              4.12.2               hd8ed1ab_0               conda-forge
2025-01-10T10:51:58.7660310Z   typing_extensions              4.12.2               pyha770c72_0             conda-forge
2025-01-10T10:51:58.7660620Z   typing_utils                   0.1.0                pyhd8ed1ab_0             conda-forge
2025-01-10T10:51:58.7660920Z   tzdata                         2024a                h0c530f3_0               conda-forge
2025-01-10T10:51:58.7661220Z   uri-template                   1.3.0                pyhd8ed1ab_0             conda-forge
2025-01-10T10:51:58.7661520Z   urllib3                        2.2.2                pyhd8ed1ab_0             conda-forge
2025-01-10T10:51:58.7661810Z   wcwidth                        0.2.13               pyhd8ed1ab_0             conda-forge
2025-01-10T10:51:58.7662110Z   webcolors                      24.6.0               pyhd8ed1ab_0             conda-forge
2025-01-10T10:51:58.7662620Z   webencodings                   0.5.1                pyhd8ed1ab_2             conda-forge
2025-01-10T10:51:58.7662970Z   websocket-client               1.8.0                pyhd8ed1ab_0             conda-forge
2025-01-10T10:51:58.7663290Z   wheel                          0.43.0               pyhd8ed1ab_1             conda-forge
2025-01-10T10:51:58.7663600Z   widgetsnbextension             3.6.6                pyhd8ed1ab_0             conda-forge
2025-01-10T10:51:58.7663930Z   xorg-libxau                    1.0.11               hb547adb_0               conda-forge
2025-01-10T10:51:58.7664230Z   xorg-libxdmcp                  1.1.3                h27ca646_0               conda-forge
2025-01-10T10:51:58.7664670Z   xz                             5.2.6                h57fd34a_0               conda-forge
2025-01-10T10:51:58.7664940Z   yaml                           0.2.5                h3422bc3_2               conda-forge
2025-01-10T10:51:58.7665220Z   zeromq                         4.3.5                hcc0f68c_4               conda-forge
2025-01-10T10:51:58.7665500Z   zipp                           3.19.2               pyhd8ed1ab_0             conda-forge
2025-01-10T10:51:58.7665770Z   zlib                           1.3.1                hfb2fe0b_1               conda-forge
2025-01-10T10:51:58.7666040Z   zlib-ng                        2.0.7                h1a8c8d9_0               conda-forge
2025-01-10T10:51:58.7666300Z   zstd                           1.5.6                hb46c0d2_0               conda-forge
2025-01-10T10:51:58.7666960Z ##[endgroup]
2025-01-10T10:51:58.7743920Z ##[group]Run pip install -e . --user
2025-01-10T10:51:58.7744240Z [36;1mpip install -e . --user[0m
2025-01-10T10:51:59.2944770Z shell: /bin/bash -l {0}
2025-01-10T10:51:59.2944980Z env:
2025-01-10T10:51:59.2945120Z   CACHE_NUMBER: 0
2025-01-10T10:51:59.2945640Z   PYTEST_FLAGS: --tardis-regression-data=/Users/runner/work/tardis/tardis/tardis-regression-data --cov=tardis --cov-report=xml --cov-report=html --cov-append
2025-01-10T10:51:59.2946160Z   CODECOV_TOKEN: 
2025-01-10T10:51:59.2946330Z   MAMBA_ROOT_PREFIX: /Users/runner/micromamba
2025-01-10T10:51:59.2946570Z   MAMBA_EXE: /Users/runner/micromamba-bin/micromamba
2025-01-10T10:51:59.2946860Z   CONDARC: /Users/runner/work/_temp/setup-micromamba/.condarc
2025-01-10T10:51:59.2947110Z ##[endgroup]
2025-01-10T10:52:01.1493960Z Obtaining file:///Users/runner/work/tardis/tardis
2025-01-10T10:52:01.1533260Z   Installing build dependencies: started
2025-01-10T10:52:05.7046270Z   Installing build dependencies: finished with status 'done'
2025-01-10T10:52:05.7146360Z   Checking if build backend supports build_editable: started
2025-01-10T10:52:05.8923550Z   Checking if build backend supports build_editable: finished with status 'done'
2025-01-10T10:52:05.8934430Z   Getting requirements to build editable: started
2025-01-10T10:52:06.8375450Z   Getting requirements to build editable: finished with status 'done'
2025-01-10T10:52:06.8416080Z   Preparing editable metadata (pyproject.toml): started
2025-01-10T10:52:07.4710070Z   Preparing editable metadata (pyproject.toml): finished with status 'done'
2025-01-10T10:52:07.5507940Z Requirement already satisfied: astropy in /Users/runner/micromamba/envs/tardis/lib/python3.12/site-packages (from tardis==0.0.0) (6.1.1)
2025-01-10T10:52:07.6316870Z Requirement already satisfied: numpy>=1.23 in /Users/runner/micromamba/envs/tardis/lib/python3.12/site-packages (from astropy->tardis==0.0.0) (1.26.4)
2025-01-10T10:52:07.6419280Z Requirement already satisfied: pyerfa>=2.0.1.1 in /Users/runner/micromamba/envs/tardis/lib/python3.12/site-packages (from astropy->tardis==0.0.0) (2.0.1.4)
2025-01-10T10:52:07.6514810Z Requirement already satisfied: astropy-iers-data>=0.2024.5.27.0.30.8 in /Users/runner/micromamba/envs/tardis/lib/python3.12/site-packages (from astropy->tardis==0.0.0) (0.2024.6.17.0.31.35)
2025-01-10T10:52:07.6516060Z Requirement already satisfied: PyYAML>=3.13 in /Users/runner/micromamba/envs/tardis/lib/python3.12/site-packages (from astropy->tardis==0.0.0) (6.0.1)
2025-01-10T10:52:07.6517100Z Requirement already satisfied: packaging>=19.0 in /Users/runner/micromamba/envs/tardis/lib/python3.12/site-packages (from astropy->tardis==0.0.0) (24.1)
2025-01-10T10:52:07.6517870Z Building wheels for collected packages: tardis
2025-01-10T10:52:07.6518390Z   Building editable for tardis (pyproject.toml): started
2025-01-10T10:52:08.7208400Z   Building editable for tardis (pyproject.toml): finished with status 'done'
2025-01-10T10:52:08.7237860Z   Created wheel for tardis: filename=tardis-0.0.0-0.editable-py3-none-any.whl size=8878 sha256=f8eba1ce92b6e821120918605e66829fd9ed3e454c9669bb1aff196dab519902
2025-01-10T10:52:08.7242110Z   Stored in directory: /private/var/folders/ml/x_tvfgn50_s7p67dm1ypcqqm0000gn/T/pip-ephem-wheel-cache-0fk1m2bm/wheels/bb/4f/6a/0829b918c1c10bc28535ce7f14be21eee54375bdd9cd0c306a
2025-01-10T10:52:08.7324970Z Successfully built tardis
2025-01-10T10:52:09.6915940Z Installing collected packages: tardis
2025-01-10T10:52:09.7050250Z Successfully installed tardis-0.0.0
2025-01-10T10:52:10.2774580Z ##[group]Run pip install qgridnext
2025-01-10T10:52:10.2775090Z [36;1mpip install qgridnext[0m
2025-01-10T10:52:10.2849400Z shell: /bin/bash -l {0}
2025-01-10T10:52:10.2849770Z env:
2025-01-10T10:52:10.2850090Z   CACHE_NUMBER: 0
2025-01-10T10:52:10.2850660Z   PYTEST_FLAGS: --tardis-regression-data=/Users/runner/work/tardis/tardis/tardis-regression-data --cov=tardis --cov-report=xml --cov-report=html --cov-append
2025-01-10T10:52:10.2851290Z   CODECOV_TOKEN: 
2025-01-10T10:52:10.2851570Z   MAMBA_ROOT_PREFIX: /Users/runner/micromamba
2025-01-10T10:52:10.2851890Z   MAMBA_EXE: /Users/runner/micromamba-bin/micromamba
2025-01-10T10:52:10.2852310Z   CONDARC: /Users/runner/work/_temp/setup-micromamba/.condarc
2025-01-10T10:52:10.2852640Z ##[endgroup]
2025-01-10T10:52:11.1547330Z Collecting qgridnext
2025-01-10T10:52:11.2065560Z   Downloading qgridnext-2.0.4-py3-none-any.whl.metadata (9.9 kB)
2025-01-10T10:52:11.2586820Z Requirement already satisfied: pandas>=0.20.0 in /Users/runner/micromamba/envs/tardis/lib/python3.12/site-packages (from qgridnext) (2.2.2)
2025-01-10T10:52:11.2606650Z Requirement already satisfied: ipywidgets>=7.0.0 in /Users/runner/micromamba/envs/tardis/lib/python3.12/site-packages (from qgridnext) (7.8.0)
2025-01-10T10:52:11.2631740Z Requirement already satisfied: numpy in /Users/runner/micromamba/envs/tardis/lib/python3.12/site-packages (from qgridnext) (1.26.4)
2025-01-10T10:52:11.2658410Z Requirement already satisfied: traitlets in /Users/runner/micromamba/envs/tardis/lib/python3.12/site-packages (from qgridnext) (5.14.3)
2025-01-10T10:52:11.2772500Z Requirement already satisfied: comm>=0.1.3 in /Users/runner/micromamba/envs/tardis/lib/python3.12/site-packages (from ipywidgets>=7.0.0->qgridnext) (0.2.2)
2025-01-10T10:52:11.2897100Z Requirement already satisfied: ipython-genutils~=0.2.0 in /Users/runner/micromamba/envs/tardis/lib/python3.12/site-packages (from ipywidgets>=7.0.0->qgridnext) (0.2.0)
2025-01-10T10:52:11.2963630Z Requirement already satisfied: widgetsnbextension~=3.6.5 in /Users/runner/micromamba/envs/tardis/lib/python3.12/site-packages (from ipywidgets>=7.0.0->qgridnext) (3.6.6)
2025-01-10T10:52:11.3037640Z Requirement already satisfied: ipython>=4.0.0 in /Users/runner/micromamba/envs/tardis/lib/python3.12/site-packages (from ipywidgets>=7.0.0->qgridnext) (8.25.0)
2025-01-10T10:52:11.3088190Z Requirement already satisfied: jupyterlab-widgets<3,>=1.0.0 in /Users/runner/micromamba/envs/tardis/lib/python3.12/site-packages (from ipywidgets>=7.0.0->qgridnext) (1.1.7)
2025-01-10T10:52:11.3334390Z Requirement already satisfied: python-dateutil>=2.8.2 in /Users/runner/micromamba/envs/tardis/lib/python3.12/site-packages (from pandas>=0.20.0->qgridnext) (2.9.0)
2025-01-10T10:52:11.3436320Z Requirement already satisfied: pytz>=2020.1 in /Users/runner/micromamba/envs/tardis/lib/python3.12/site-packages (from pandas>=0.20.0->qgridnext) (2024.1)
2025-01-10T10:52:11.3495160Z Requirement already satisfied: tzdata>=2022.7 in /Users/runner/micromamba/envs/tardis/lib/python3.12/site-packages (from pandas>=0.20.0->qgridnext) (2024.1)
2025-01-10T10:52:11.3629820Z Requirement already satisfied: decorator in /Users/runner/micromamba/envs/tardis/lib/python3.12/site-packages (from ipython>=4.0.0->ipywidgets>=7.0.0->qgridnext) (5.1.1)
2025-01-10T10:52:11.3633810Z Requirement already satisfied: jedi>=0.16 in /Users/runner/micromamba/envs/tardis/lib/python3.12/site-packages (from ipython>=4.0.0->ipywidgets>=7.0.0->qgridnext) (0.19.1)
2025-01-10T10:52:11.3639840Z Requirement already satisfied: matplotlib-inline in /Users/runner/micromamba/envs/tardis/lib/python3.12/site-packages (from ipython>=4.0.0->ipywidgets>=7.0.0->qgridnext) (0.1.7)
2025-01-10T10:52:11.3646850Z Requirement already satisfied: prompt-toolkit<3.1.0,>=3.0.41 in /Users/runner/micromamba/envs/tardis/lib/python3.12/site-packages (from ipython>=4.0.0->ipywidgets>=7.0.0->qgridnext) (3.0.47)
2025-01-10T10:52:11.3652490Z Requirement already satisfied: pygments>=2.4.0 in /Users/runner/micromamba/envs/tardis/lib/python3.12/site-packages (from ipython>=4.0.0->ipywidgets>=7.0.0->qgridnext) (2.18.0)
2025-01-10T10:52:11.3660320Z Requirement already satisfied: stack-data in /Users/runner/micromamba/envs/tardis/lib/python3.12/site-packages (from ipython>=4.0.0->ipywidgets>=7.0.0->qgridnext) (0.6.2)
2025-01-10T10:52:11.3677240Z Requirement already satisfied: pexpect>4.3 in /Users/runner/micromamba/envs/tardis/lib/python3.12/site-packages (from ipython>=4.0.0->ipywidgets>=7.0.0->qgridnext) (4.9.0)
2025-01-10T10:52:11.3731590Z Requirement already satisfied: six>=1.5 in /Users/runner/micromamba/envs/tardis/lib/python3.12/site-packages (from python-dateutil>=2.8.2->pandas>=0.20.0->qgridnext) (1.16.0)
2025-01-10T10:52:11.3790640Z Requirement already satisfied: notebook>=4.4.1 in /Users/runner/micromamba/envs/tardis/lib/python3.12/site-packages (from widgetsnbextension~=3.6.5->ipywidgets>=7.0.0->qgridnext) (7.2.1)
2025-01-10T10:52:11.4051000Z Requirement already satisfied: parso<0.9.0,>=0.8.3 in /Users/runner/micromamba/envs/tardis/lib/python3.12/site-packages (from jedi>=0.16->ipython>=4.0.0->ipywidgets>=7.0.0->qgridnext) (0.8.4)
2025-01-10T10:52:11.4176650Z Requirement already satisfied: jupyter-server<3,>=2.4.0 in /Users/runner/micromamba/envs/tardis/lib/python3.12/site-packages (from notebook>=4.4.1->widgetsnbextension~=3.6.5->ipywidgets>=7.0.0->qgridnext) (2.14.1)
2025-01-10T10:52:11.4308300Z Requirement already satisfied: jupyterlab-server<3,>=2.27.1 in /Users/runner/micromamba/envs/tardis/lib/python3.12/site-packages (from notebook>=4.4.1->widgetsnbextension~=3.6.5->ipywidgets>=7.0.0->qgridnext) (2.27.2)
2025-01-10T10:52:11.4411560Z Requirement already satisfied: jupyterlab<4.3,>=4.2.0 in /Users/runner/micromamba/envs/tardis/lib/python3.12/site-packages (from notebook>=4.4.1->widgetsnbextension~=3.6.5->ipywidgets>=7.0.0->qgridnext) (4.2.2)
2025-01-10T10:52:11.4514440Z Requirement already satisfied: notebook-shim<0.3,>=0.2 in /Users/runner/micromamba/envs/tardis/lib/python3.12/site-packages (from notebook>=4.4.1->widgetsnbextension~=3.6.5->ipywidgets>=7.0.0->qgridnext) (0.2.4)
2025-01-10T10:52:11.4592960Z Requirement already satisfied: tornado>=6.2.0 in /Users/runner/micromamba/envs/tardis/lib/python3.12/site-packages (from notebook>=4.4.1->widgetsnbextension~=3.6.5->ipywidgets>=7.0.0->qgridnext) (6.4.1)
2025-01-10T10:52:11.4594740Z Requirement already satisfied: ptyprocess>=0.5 in /Users/runner/micromamba/envs/tardis/lib/python3.12/site-packages (from pexpect>4.3->ipython>=4.0.0->ipywidgets>=7.0.0->qgridnext) (0.7.0)
2025-01-10T10:52:11.4595910Z Requirement already satisfied: wcwidth in /Users/runner/micromamba/envs/tardis/lib/python3.12/site-packages (from prompt-toolkit<3.1.0,>=3.0.41->ipython>=4.0.0->ipywidgets>=7.0.0->qgridnext) (0.2.13)
2025-01-10T10:52:11.4692040Z Requirement already satisfied: executing>=1.2.0 in /Users/runner/micromamba/envs/tardis/lib/python3.12/site-packages (from stack-data->ipython>=4.0.0->ipywidgets>=7.0.0->qgridnext) (2.0.1)
2025-01-10T10:52:11.4698370Z Requirement already satisfied: asttokens>=2.1.0 in /Users/runner/micromamba/envs/tardis/lib/python3.12/site-packages (from stack-data->ipython>=4.0.0->ipywidgets>=7.0.0->qgridnext) (2.4.1)
2025-01-10T10:52:11.4703590Z Requirement already satisfied: pure-eval in /Users/runner/micromamba/envs/tardis/lib/python3.12/site-packages (from stack-data->ipython>=4.0.0->ipywidgets>=7.0.0->qgridnext) (0.2.2)
2025-01-10T10:52:11.5030640Z Requirement already satisfied: anyio>=3.1.0 in /Users/runner/micromamba/envs/tardis/lib/python3.12/site-packages (from jupyter-server<3,>=2.4.0->notebook>=4.4.1->widgetsnbextension~=3.6.5->ipywidgets>=7.0.0->qgridnext) (4.4.0)
2025-01-10T10:52:11.5051490Z Requirement already satisfied: argon2-cffi>=21.1 in /Users/runner/micromamba/envs/tardis/lib/python3.12/site-packages (from jupyter-server<3,>=2.4.0->notebook>=4.4.1->widgetsnbextension~=3.6.5->ipywidgets>=7.0.0->qgridnext) (23.1.0)
2025-01-10T10:52:11.5058230Z Requirement already satisfied: jinja2>=3.0.3 in /Users/runner/micromamba/envs/tardis/lib/python3.12/site-packages (from jupyter-server<3,>=2.4.0->notebook>=4.4.1->widgetsnbextension~=3.6.5->ipywidgets>=7.0.0->qgridnext) (3.1.4)
2025-01-10T10:52:11.5067060Z Requirement already satisfied: jupyter-client>=7.4.4 in /Users/runner/micromamba/envs/tardis/lib/python3.12/site-packages (from jupyter-server<3,>=2.4.0->notebook>=4.4.1->widgetsnbextension~=3.6.5->ipywidgets>=7.0.0->qgridnext) (8.6.2)
2025-01-10T10:52:11.5085320Z Requirement already satisfied: jupyter-core!=5.0.*,>=4.12 in /Users/runner/micromamba/envs/tardis/lib/python3.12/site-packages (from jupyter-server<3,>=2.4.0->notebook>=4.4.1->widgetsnbextension~=3.6.5->ipywidgets>=7.0.0->qgridnext) (5.7.2)
2025-01-10T10:52:11.5094310Z Requirement already satisfied: jupyter-events>=0.9.0 in /Users/runner/micromamba/envs/tardis/lib/python3.12/site-packages (from jupyter-server<3,>=2.4.0->notebook>=4.4.1->widgetsnbextension~=3.6.5->ipywidgets>=7.0.0->qgridnext) (0.10.0)
2025-01-10T10:52:11.5103220Z Requirement already satisfied: jupyter-server-terminals>=0.4.4 in /Users/runner/micromamba/envs/tardis/lib/python3.12/site-packages (from jupyter-server<3,>=2.4.0->notebook>=4.4.1->widgetsnbextension~=3.6.5->ipywidgets>=7.0.0->qgridnext) (0.5.3)
2025-01-10T10:52:11.5114540Z Requirement already satisfied: nbconvert>=6.4.4 in /Users/runner/micromamba/envs/tardis/lib/python3.12/site-packages (from jupyter-server<3,>=2.4.0->notebook>=4.4.1->widgetsnbextension~=3.6.5->ipywidgets>=7.0.0->qgridnext) (7.16.4)
2025-01-10T10:52:11.5121560Z Requirement already satisfied: nbformat>=5.3.0 in /Users/runner/micromamba/envs/tardis/lib/python3.12/site-packages (from jupyter-server<3,>=2.4.0->notebook>=4.4.1->widgetsnbextension~=3.6.5->ipywidgets>=7.0.0->qgridnext) (5.10.4)
2025-01-10T10:52:11.5134090Z Requirement already satisfied: overrides>=5.0 in /Users/runner/micromamba/envs/tardis/lib/python3.12/site-packages (from jupyter-server<3,>=2.4.0->notebook>=4.4.1->widgetsnbextension~=3.6.5->ipywidgets>=7.0.0->qgridnext) (7.7.0)
2025-01-10T10:52:11.5135640Z Requirement already satisfied: packaging>=22.0 in /Users/runner/micromamba/envs/tardis/lib/python3.12/site-packages (from jupyter-server<3,>=2.4.0->notebook>=4.4.1->widgetsnbextension~=3.6.5->ipywidgets>=7.0.0->qgridnext) (24.1)
2025-01-10T10:52:11.5141090Z Requirement already satisfied: prometheus-client>=0.9 in /Users/runner/micromamba/envs/tardis/lib/python3.12/site-packages (from jupyter-server<3,>=2.4.0->notebook>=4.4.1->widgetsnbextension~=3.6.5->ipywidgets>=7.0.0->qgridnext) (0.20.0)
2025-01-10T10:52:11.5149220Z Requirement already satisfied: pyzmq>=24 in /Users/runner/micromamba/envs/tardis/lib/python3.12/site-packages (from jupyter-server<3,>=2.4.0->notebook>=4.4.1->widgetsnbextension~=3.6.5->ipywidgets>=7.0.0->qgridnext) (26.0.3)
2025-01-10T10:52:11.5154410Z Requirement already satisfied: send2trash>=1.8.2 in /Users/runner/micromamba/envs/tardis/lib/python3.12/site-packages (from jupyter-server<3,>=2.4.0->notebook>=4.4.1->widgetsnbextension~=3.6.5->ipywidgets>=7.0.0->qgridnext) (1.8.3)
2025-01-10T10:52:11.5166380Z Requirement already satisfied: terminado>=0.8.3 in /Users/runner/micromamba/envs/tardis/lib/python3.12/site-packages (from jupyter-server<3,>=2.4.0->notebook>=4.4.1->widgetsnbextension~=3.6.5->ipywidgets>=7.0.0->qgridnext) (0.18.1)
2025-01-10T10:52:11.5177460Z Requirement already satisfied: websocket-client>=1.7 in /Users/runner/micromamba/envs/tardis/lib/python3.12/site-packages (from jupyter-server<3,>=2.4.0->notebook>=4.4.1->widgetsnbextension~=3.6.5->ipywidgets>=7.0.0->qgridnext) (1.8.0)
2025-01-10T10:52:11.5435440Z Requirement already satisfied: async-lru>=1.0.0 in /Users/runner/micromamba/envs/tardis/lib/python3.12/site-packages (from jupyterlab<4.3,>=4.2.0->notebook>=4.4.1->widgetsnbextension~=3.6.5->ipywidgets>=7.0.0->qgridnext) (2.0.4)
2025-01-10T10:52:11.5538930Z Requirement already satisfied: httpx>=0.25.0 in /Users/runner/micromamba/envs/tardis/lib/python3.12/site-packages (from jupyterlab<4.3,>=4.2.0->notebook>=4.4.1->widgetsnbextension~=3.6.5->ipywidgets>=7.0.0->qgridnext) (0.27.0)
2025-01-10T10:52:11.5640140Z Requirement already satisfied: ipykernel>=6.5.0 in /Users/runner/micromamba/envs/tardis/lib/python3.12/site-packages (from jupyterlab<4.3,>=4.2.0->notebook>=4.4.1->widgetsnbextension~=3.6.5->ipywidgets>=7.0.0->qgridnext) (6.29.4)
2025-01-10T10:52:11.5741680Z Requirement already satisfied: jupyter-lsp>=2.0.0 in /Users/runner/micromamba/envs/tardis/lib/python3.12/site-packages (from jupyterlab<4.3,>=4.2.0->notebook>=4.4.1->widgetsnbextension~=3.6.5->ipywidgets>=7.0.0->qgridnext) (2.2.5)
2025-01-10T10:52:11.5841910Z Requirement already satisfied: setuptools>=40.1.0 in /Users/runner/micromamba/envs/tardis/lib/python3.12/site-packages (from jupyterlab<4.3,>=4.2.0->notebook>=4.4.1->widgetsnbextension~=3.6.5->ipywidgets>=7.0.0->qgridnext) (70.0.0)
2025-01-10T10:52:11.5945020Z Requirement already satisfied: babel>=2.10 in /Users/runner/micromamba/envs/tardis/lib/python3.12/site-packages (from jupyterlab-server<3,>=2.27.1->notebook>=4.4.1->widgetsnbextension~=3.6.5->ipywidgets>=7.0.0->qgridnext) (2.14.0)
2025-01-10T10:52:11.6050600Z Requirement already satisfied: json5>=0.9.0 in /Users/runner/micromamba/envs/tardis/lib/python3.12/site-packages (from jupyterlab-server<3,>=2.27.1->notebook>=4.4.1->widgetsnbextension~=3.6.5->ipywidgets>=7.0.0->qgridnext) (0.9.25)
2025-01-10T10:52:11.6162070Z Requirement already satisfied: jsonschema>=4.18.0 in /Users/runner/micromamba/envs/tardis/lib/python3.12/site-packages (from jupyterlab-server<3,>=2.27.1->notebook>=4.4.1->widgetsnbextension~=3.6.5->ipywidgets>=7.0.0->qgridnext) (4.22.0)
2025-01-10T10:52:11.6264430Z Requirement already satisfied: requests>=2.31 in /Users/runner/micromamba/envs/tardis/lib/python3.12/site-packages (from jupyterlab-server<3,>=2.27.1->notebook>=4.4.1->widgetsnbextension~=3.6.5->ipywidgets>=7.0.0->qgridnext) (2.32.3)
2025-01-10T10:52:11.6366380Z Requirement already satisfied: idna>=2.8 in /Users/runner/micromamba/envs/tardis/lib/python3.12/site-packages (from anyio>=3.1.0->jupyter-server<3,>=2.4.0->notebook>=4.4.1->widgetsnbextension~=3.6.5->ipywidgets>=7.0.0->qgridnext) (3.7)
2025-01-10T10:52:11.6466140Z Requirement already satisfied: sniffio>=1.1 in /Users/runner/micromamba/envs/tardis/lib/python3.12/site-packages (from anyio>=3.1.0->jupyter-server<3,>=2.4.0->notebook>=4.4.1->widgetsnbextension~=3.6.5->ipywidgets>=7.0.0->qgridnext) (1.3.1)
2025-01-10T10:52:11.6567420Z Requirement already satisfied: argon2-cffi-bindings in /Users/runner/micromamba/envs/tardis/lib/python3.12/site-packages (from argon2-cffi>=21.1->jupyter-server<3,>=2.4.0->notebook>=4.4.1->widgetsnbextension~=3.6.5->ipywidgets>=7.0.0->qgridnext) (21.2.0)
2025-01-10T10:52:11.6670070Z Requirement already satisfied: certifi in /Users/runner/micromamba/envs/tardis/lib/python3.12/site-packages (from httpx>=0.25.0->jupyterlab<4.3,>=4.2.0->notebook>=4.4.1->widgetsnbextension~=3.6.5->ipywidgets>=7.0.0->qgridnext) (2024.6.2)
2025-01-10T10:52:11.6769990Z Requirement already satisfied: httpcore==1.* in /Users/runner/micromamba/envs/tardis/lib/python3.12/site-packages (from httpx>=0.25.0->jupyterlab<4.3,>=4.2.0->notebook>=4.4.1->widgetsnbextension~=3.6.5->ipywidgets>=7.0.0->qgridnext) (1.0.5)
2025-01-10T10:52:11.6870780Z Requirement already satisfied: h11<0.15,>=0.13 in /Users/runner/micromamba/envs/tardis/lib/python3.12/site-packages (from httpcore==1.*->httpx>=0.25.0->jupyterlab<4.3,>=4.2.0->notebook>=4.4.1->widgetsnbextension~=3.6.5->ipywidgets>=7.0.0->qgridnext) (0.14.0)
2025-01-10T10:52:11.6972890Z Requirement already satisfied: appnope in /Users/runner/micromamba/envs/tardis/lib/python3.12/site-packages (from ipykernel>=6.5.0->jupyterlab<4.3,>=4.2.0->notebook>=4.4.1->widgetsnbextension~=3.6.5->ipywidgets>=7.0.0->qgridnext) (0.1.4)
2025-01-10T10:52:11.7072980Z Requirement already satisfied: debugpy>=1.6.5 in /Users/runner/micromamba/envs/tardis/lib/python3.12/site-packages (from ipykernel>=6.5.0->jupyterlab<4.3,>=4.2.0->notebook>=4.4.1->widgetsnbextension~=3.6.5->ipywidgets>=7.0.0->qgridnext) (1.8.1)
2025-01-10T10:52:11.7196300Z Requirement already satisfied: nest-asyncio in /Users/runner/micromamba/envs/tardis/lib/python3.12/site-packages (from ipykernel>=6.5.0->jupyterlab<4.3,>=4.2.0->notebook>=4.4.1->widgetsnbextension~=3.6.5->ipywidgets>=7.0.0->qgridnext) (1.6.0)
2025-01-10T10:52:11.7296410Z Requirement already satisfied: psutil in /Users/runner/micromamba/envs/tardis/lib/python3.12/site-packages (from ipykernel>=6.5.0->jupyterlab<4.3,>=4.2.0->notebook>=4.4.1->widgetsnbextension~=3.6.5->ipywidgets>=7.0.0->qgridnext) (5.9.8)
2025-01-10T10:52:11.7403770Z Requirement already satisfied: MarkupSafe>=2.0 in /Users/runner/micromamba/envs/tardis/lib/python3.12/site-packages (from jinja2>=3.0.3->jupyter-server<3,>=2.4.0->notebook>=4.4.1->widgetsnbextension~=3.6.5->ipywidgets>=7.0.0->qgridnext) (2.1.5)
2025-01-10T10:52:11.7500250Z Requirement already satisfied: attrs>=22.2.0 in /Users/runner/micromamba/envs/tardis/lib/python3.12/site-packages (from jsonschema>=4.18.0->jupyterlab-server<3,>=2.27.1->notebook>=4.4.1->widgetsnbextension~=3.6.5->ipywidgets>=7.0.0->qgridnext) (23.2.0)
2025-01-10T10:52:11.7605470Z Requirement already satisfied: jsonschema-specifications>=2023.03.6 in /Users/runner/micromamba/envs/tardis/lib/python3.12/site-packages (from jsonschema>=4.18.0->jupyterlab-server<3,>=2.27.1->notebook>=4.4.1->widgetsnbextension~=3.6.5->ipywidgets>=7.0.0->qgridnext) (2023.12.1)
2025-01-10T10:52:11.7729450Z Requirement already satisfied: referencing>=0.28.4 in /Users/runner/micromamba/envs/tardis/lib/python3.12/site-packages (from jsonschema>=4.18.0->jupyterlab-server<3,>=2.27.1->notebook>=4.4.1->widgetsnbextension~=3.6.5->ipywidgets>=7.0.0->qgridnext) (0.35.1)
2025-01-10T10:52:11.7827610Z Requirement already satisfied: rpds-py>=0.7.1 in /Users/runner/micromamba/envs/tardis/lib/python3.12/site-packages (from jsonschema>=4.18.0->jupyterlab-server<3,>=2.27.1->notebook>=4.4.1->widgetsnbextension~=3.6.5->ipywidgets>=7.0.0->qgridnext) (0.18.1)
2025-01-10T10:52:11.7927830Z Requirement already satisfied: platformdirs>=2.5 in /Users/runner/micromamba/envs/tardis/lib/python3.12/site-packages (from jupyter-core!=5.0.*,>=4.12->jupyter-server<3,>=2.4.0->notebook>=4.4.1->widgetsnbextension~=3.6.5->ipywidgets>=7.0.0->qgridnext) (4.2.2)
2025-01-10T10:52:11.8030240Z Requirement already satisfied: python-json-logger>=2.0.4 in /Users/runner/micromamba/envs/tardis/lib/python3.12/site-packages (from jupyter-events>=0.9.0->jupyter-server<3,>=2.4.0->notebook>=4.4.1->widgetsnbextension~=3.6.5->ipywidgets>=7.0.0->qgridnext) (2.0.7)
2025-01-10T10:52:11.8130870Z Requirement already satisfied: pyyaml>=5.3 in /Users/runner/micromamba/envs/tardis/lib/python3.12/site-packages (from jupyter-events>=0.9.0->jupyter-server<3,>=2.4.0->notebook>=4.4.1->widgetsnbextension~=3.6.5->ipywidgets>=7.0.0->qgridnext) (6.0.1)
2025-01-10T10:52:11.8232590Z Requirement already satisfied: rfc3339-validator in /Users/runner/micromamba/envs/tardis/lib/python3.12/site-packages (from jupyter-events>=0.9.0->jupyter-server<3,>=2.4.0->notebook>=4.4.1->widgetsnbextension~=3.6.5->ipywidgets>=7.0.0->qgridnext) (0.1.4)
2025-01-10T10:52:11.8333590Z Requirement already satisfied: rfc3986-validator>=0.1.1 in /Users/runner/micromamba/envs/tardis/lib/python3.12/site-packages (from jupyter-events>=0.9.0->jupyter-server<3,>=2.4.0->notebook>=4.4.1->widgetsnbextension~=3.6.5->ipywidgets>=7.0.0->qgridnext) (0.1.1)
2025-01-10T10:52:11.8434050Z Requirement already satisfied: beautifulsoup4 in /Users/runner/micromamba/envs/tardis/lib/python3.12/site-packages (from nbconvert>=6.4.4->jupyter-server<3,>=2.4.0->notebook>=4.4.1->widgetsnbextension~=3.6.5->ipywidgets>=7.0.0->qgridnext) (4.12.3)
2025-01-10T10:52:11.8536090Z Requirement already satisfied: bleach!=5.0.0 in /Users/runner/micromamba/envs/tardis/lib/python3.12/site-packages (from nbconvert>=6.4.4->jupyter-server<3,>=2.4.0->notebook>=4.4.1->widgetsnbextension~=3.6.5->ipywidgets>=7.0.0->qgridnext) (6.1.0)
2025-01-10T10:52:11.8636770Z Requirement already satisfied: defusedxml in /Users/runner/micromamba/envs/tardis/lib/python3.12/site-packages (from nbconvert>=6.4.4->jupyter-server<3,>=2.4.0->notebook>=4.4.1->widgetsnbextension~=3.6.5->ipywidgets>=7.0.0->qgridnext) (0.7.1)
2025-01-10T10:52:11.8738340Z Requirement already satisfied: jupyterlab-pygments in /Users/runner/micromamba/envs/tardis/lib/python3.12/site-packages (from nbconvert>=6.4.4->jupyter-server<3,>=2.4.0->notebook>=4.4.1->widgetsnbextension~=3.6.5->ipywidgets>=7.0.0->qgridnext) (0.3.0)
2025-01-10T10:52:11.8739790Z Requirement already satisfied: mistune<4,>=2.0.3 in /Users/runner/micromamba/envs/tardis/lib/python3.12/site-packages (from nbconvert>=6.4.4->jupyter-server<3,>=2.4.0->notebook>=4.4.1->widgetsnbextension~=3.6.5->ipywidgets>=7.0.0->qgridnext) (3.0.2)
2025-01-10T10:52:11.8741040Z Requirement already satisfied: nbclient>=0.5.0 in /Users/runner/micromamba/envs/tardis/lib/python3.12/site-packages (from nbconvert>=6.4.4->jupyter-server<3,>=2.4.0->notebook>=4.4.1->widgetsnbextension~=3.6.5->ipywidgets>=7.0.0->qgridnext) (0.10.0)
2025-01-10T10:52:11.8742450Z Requirement already satisfied: pandocfilters>=1.4.1 in /Users/runner/micromamba/envs/tardis/lib/python3.12/site-packages (from nbconvert>=6.4.4->jupyter-server<3,>=2.4.0->notebook>=4.4.1->widgetsnbextension~=3.6.5->ipywidgets>=7.0.0->qgridnext) (1.5.0)
2025-01-10T10:52:11.8743720Z Requirement already satisfied: tinycss2 in /Users/runner/micromamba/envs/tardis/lib/python3.12/site-packages (from nbconvert>=6.4.4->jupyter-server<3,>=2.4.0->notebook>=4.4.1->widgetsnbextension~=3.6.5->ipywidgets>=7.0.0->qgridnext) (1.3.0)
2025-01-10T10:52:11.8745070Z Requirement already satisfied: fastjsonschema>=2.15 in /Users/runner/micromamba/envs/tardis/lib/python3.12/site-packages (from nbformat>=5.3.0->jupyter-server<3,>=2.4.0->notebook>=4.4.1->widgetsnbextension~=3.6.5->ipywidgets>=7.0.0->qgridnext) (2.20.0)
2025-01-10T10:52:11.8848800Z Requirement already satisfied: charset-normalizer<4,>=2 in /Users/runner/micromamba/envs/tardis/lib/python3.12/site-packages (from requests>=2.31->jupyterlab-server<3,>=2.27.1->notebook>=4.4.1->widgetsnbextension~=3.6.5->ipywidgets>=7.0.0->qgridnext) (3.3.2)
2025-01-10T10:52:11.8954200Z Requirement already satisfied: urllib3<3,>=1.21.1 in /Users/runner/micromamba/envs/tardis/lib/python3.12/site-packages (from requests>=2.31->jupyterlab-server<3,>=2.27.1->notebook>=4.4.1->widgetsnbextension~=3.6.5->ipywidgets>=7.0.0->qgridnext) (2.2.2)
2025-01-10T10:52:11.9559130Z Requirement already satisfied: webencodings in /Users/runner/micromamba/envs/tardis/lib/python3.12/site-packages (from bleach!=5.0.0->nbconvert>=6.4.4->jupyter-server<3,>=2.4.0->notebook>=4.4.1->widgetsnbextension~=3.6.5->ipywidgets>=7.0.0->qgridnext) (0.5.1)
2025-01-10T10:52:11.9945870Z Requirement already satisfied: fqdn in /Users/runner/micromamba/envs/tardis/lib/python3.12/site-packages (from jsonschema[format-nongpl]>=4.18.0->jupyter-events>=0.9.0->jupyter-server<3,>=2.4.0->notebook>=4.4.1->widgetsnbextension~=3.6.5->ipywidgets>=7.0.0->qgridnext) (1.5.1)
2025-01-10T10:52:12.0048150Z Requirement already satisfied: isoduration in /Users/runner/micromamba/envs/tardis/lib/python3.12/site-packages (from jsonschema[format-nongpl]>=4.18.0->jupyter-events>=0.9.0->jupyter-server<3,>=2.4.0->notebook>=4.4.1->widgetsnbextension~=3.6.5->ipywidgets>=7.0.0->qgridnext) (20.11.0)
2025-01-10T10:52:12.0147620Z Requirement already satisfied: jsonpointer>1.13 in /Users/runner/micromamba/envs/tardis/lib/python3.12/site-packages (from jsonschema[format-nongpl]>=4.18.0->jupyter-events>=0.9.0->jupyter-server<3,>=2.4.0->notebook>=4.4.1->widgetsnbextension~=3.6.5->ipywidgets>=7.0.0->qgridnext) (3.0.0)
2025-01-10T10:52:12.0248510Z Requirement already satisfied: uri-template in /Users/runner/micromamba/envs/tardis/lib/python3.12/site-packages (from jsonschema[format-nongpl]>=4.18.0->jupyter-events>=0.9.0->jupyter-server<3,>=2.4.0->notebook>=4.4.1->widgetsnbextension~=3.6.5->ipywidgets>=7.0.0->qgridnext) (1.3.0)
2025-01-10T10:52:12.0350230Z Requirement already satisfied: webcolors>=1.11 in /Users/runner/micromamba/envs/tardis/lib/python3.12/site-packages (from jsonschema[format-nongpl]>=4.18.0->jupyter-events>=0.9.0->jupyter-server<3,>=2.4.0->notebook>=4.4.1->widgetsnbextension~=3.6.5->ipywidgets>=7.0.0->qgridnext) (24.6.0)
2025-01-10T10:52:12.1369320Z Requirement already satisfied: cffi>=1.0.1 in /Users/runner/micromamba/envs/tardis/lib/python3.12/site-packages (from argon2-cffi-bindings->argon2-cffi>=21.1->jupyter-server<3,>=2.4.0->notebook>=4.4.1->widgetsnbextension~=3.6.5->ipywidgets>=7.0.0->qgridnext) (1.16.0)
2025-01-10T10:52:12.1443100Z Requirement already satisfied: soupsieve>1.2 in /Users/runner/micromamba/envs/tardis/lib/python3.12/site-packages (from beautifulsoup4->nbconvert>=6.4.4->jupyter-server<3,>=2.4.0->notebook>=4.4.1->widgetsnbextension~=3.6.5->ipywidgets>=7.0.0->qgridnext) (2.5)
2025-01-10T10:52:12.2116650Z Requirement already satisfied: pycparser in /Users/runner/micromamba/envs/tardis/lib/python3.12/site-packages (from cffi>=1.0.1->argon2-cffi-bindings->argon2-cffi>=21.1->jupyter-server<3,>=2.4.0->notebook>=4.4.1->widgetsnbextension~=3.6.5->ipywidgets>=7.0.0->qgridnext) (2.22)
2025-01-10T10:52:12.2771310Z Requirement already satisfied: arrow>=0.15.0 in /Users/runner/micromamba/envs/tardis/lib/python3.12/site-packages (from isoduration->jsonschema[format-nongpl]>=4.18.0->jupyter-events>=0.9.0->jupyter-server<3,>=2.4.0->notebook>=4.4.1->widgetsnbextension~=3.6.5->ipywidgets>=7.0.0->qgridnext) (1.3.0)
2025-01-10T10:52:12.3037340Z Requirement already satisfied: types-python-dateutil>=2.8.10 in /Users/runner/micromamba/envs/tardis/lib/python3.12/site-packages (from arrow>=0.15.0->isoduration->jsonschema[format-nongpl]>=4.18.0->jupyter-events>=0.9.0->jupyter-server<3,>=2.4.0->notebook>=4.4.1->widgetsnbextension~=3.6.5->ipywidgets>=7.0.0->qgridnext) (2.9.0.20240316)
2025-01-10T10:52:12.3347580Z Downloading qgridnext-2.0.4-py3-none-any.whl (1.3 MB)
2025-01-10T10:52:12.4755640Z    â”â”â”â”â”â”â”â”â”â”â”â”â”â”â”â”â”â”â”â”â”â”â”â”â”â”â”â”â”â”â”â”â”â”â”â”â”â”â”â” 1.3/1.3 MB 9.1 MB/s eta 0:00:00
2025-01-10T10:52:13.2861860Z Installing collected packages: qgridnext
2025-01-10T10:52:13.3662450Z Successfully installed qgridnext-2.0.4
2025-01-10T10:52:13.7170310Z ##[group]Run pytest tardis --tardis-regression-data=/Users/runner/work/tardis/tardis/tardis-regression-data --cov=tardis --cov-report=xml --cov-report=html --cov-append -m " continuum"
2025-01-10T10:52:13.7171370Z [36;1mpytest tardis --tardis-regression-data=/Users/runner/work/tardis/tardis/tardis-regression-data --cov=tardis --cov-report=xml --cov-report=html --cov-append -m " continuum"[0m
2025-01-10T10:52:13.7238090Z shell: /bin/bash -l {0}
2025-01-10T10:52:13.7238280Z env:
2025-01-10T10:52:13.7238470Z   CACHE_NUMBER: 0
2025-01-10T10:52:13.7238980Z   PYTEST_FLAGS: --tardis-regression-data=/Users/runner/work/tardis/tardis/tardis-regression-data --cov=tardis --cov-report=xml --cov-report=html --cov-append
2025-01-10T10:52:13.7239520Z   CODECOV_TOKEN: 
2025-01-10T10:52:13.7239700Z   MAMBA_ROOT_PREFIX: /Users/runner/micromamba
2025-01-10T10:52:13.7239990Z   MAMBA_EXE: /Users/runner/micromamba-bin/micromamba
2025-01-10T10:52:13.7240320Z   CONDARC: /Users/runner/work/_temp/setup-micromamba/.condarc
2025-01-10T10:52:13.7240560Z ##[endgroup]
2025-01-10T10:52:29.9435520Z ============================= test session starts ==============================
2025-01-10T10:52:29.9437290Z platform darwin -- Python 3.12.4, pytest-8.2.2, pluggy-1.5.0
2025-01-10T10:52:29.9437860Z rootdir: /Users/runner/work/tardis/tardis
2025-01-10T10:52:29.9438420Z configfile: pyproject.toml
2025-01-10T10:52:29.9438920Z plugins: cov-5.0.0, html-4.1.1, metadata-3.1.1, doctestplus-1.2.1, anyio-4.4.0
2025-01-10T10:52:29.9439500Z collected 1796 items / 1794 deselected / 2 selected
2025-01-10T10:52:29.9439850Z 
2025-01-10T10:53:47.6705030Z tardis/transport/montecarlo/estimators/tests/test_continuum_property_solver.py . [ 50%]
2025-01-10T10:53:47.6820860Z                                                                          [ 50%]
2025-01-10T10:54:27.3341970Z 
2025-01-10T10:54:27.3342730Z tardis/transport/montecarlo/tests/test_continuum.py .                    [100%]
2025-01-10T10:54:27.3343050Z 
2025-01-10T10:54:27.3343320Z =============================== warnings summary ===============================
2025-01-10T10:54:27.3343760Z tardis/io/configuration/config_validator.py:6
2025-01-10T10:54:27.3344090Z tardis/io/configuration/config_validator.py:6
2025-01-10T10:54:27.3344690Z   /Users/runner/work/tardis/tardis/tardis/io/configuration/config_validator.py:6: DeprecationWarning:
2025-01-10T10:54:27.3345180Z   
2025-01-10T10:54:27.3346340Z   jsonschema.RefResolver is deprecated as of v4.18.0, in favor of the https://github.com/python-jsonschema/referencing library, which provides more compliant referencing behavior as well as more flexible APIs for customization. A future release will remove RefResolver. Please file a feature request (on referencing) if you are missing an API for the kind of customization you need.
2025-01-10T10:54:27.3347640Z 
2025-01-10T10:54:27.3347860Z ../../../micromamba/envs/tardis/lib/python3.12/site-packages/jupyter_client/connect.py:22
2025-01-10T10:54:27.3348690Z   /Users/runner/micromamba/envs/tardis/lib/python3.12/site-packages/jupyter_client/connect.py:22: DeprecationWarning:
2025-01-10T10:54:27.3349560Z   
2025-01-10T10:54:27.3350000Z   Jupyter is migrating its paths to use standard platformdirs
2025-01-10T10:54:27.3350500Z   given by the platformdirs library.  To remove this warning and
2025-01-10T10:54:27.3350930Z   see the appropriate new directories, set the environment variable
2025-01-10T10:54:27.3351490Z   `JUPYTER_PLATFORM_DIRS=1` and then run `jupyter --paths`.
2025-01-10T10:54:27.3351980Z   The use of platformdirs will be the default in `jupyter_core` v6
2025-01-10T10:54:27.3352250Z 
2025-01-10T10:54:27.3370220Z tardis/transport/montecarlo/estimators/tests/test_continuum_property_solver.py::test_continuum_estimators
2025-01-10T10:54:27.3372180Z   /Users/runner/work/tardis/tardis/tardis/transport/montecarlo/montecarlo_main_loop.py:123: NumbaTypeSafetyWarning:
2025-01-10T10:54:27.3373680Z   
2025-01-10T10:54:27.3379380Z   [1m[1m[1munsafe cast from uint64 to int64. Precision may be lost.[0m[0m[0m
2025-01-10T10:54:27.3380130Z 
2025-01-10T10:54:27.3380710Z -- Docs: https://docs.pytest.org/en/stable/how-to/capture-warnings.html
2025-01-10T10:54:27.3381580Z 
2025-01-10T10:54:27.3381940Z ---------- coverage: platform darwin, python 3.12.4-final-0 ----------
2025-01-10T10:54:27.3383020Z Coverage HTML written to dir coverage_html_report
2025-01-10T10:54:27.3383850Z Coverage XML written to file coverage.xml
2025-01-10T10:54:27.3384700Z 
2025-01-10T10:54:27.3384720Z 
2025-01-10T10:54:27.3385270Z ========== 2 passed, 1794 deselected, 4 warnings in 119.29s (0:01:59) ==========
2025-01-10T10:54:28.8359380Z Packets:                                                                                   2000/? [00:52<00:00, 299.66it/s][A
2025-01-10T10:54:28.8790320Z ##[group]Run mv .coverage .coverage.1
2025-01-10T10:54:28.8792560Z [36;1mmv .coverage .coverage.1[0m
2025-01-10T10:54:28.8943080Z shell: /bin/bash -l {0}
2025-01-10T10:54:28.8943460Z env:
2025-01-10T10:54:28.8943710Z   CACHE_NUMBER: 0
2025-01-10T10:54:28.8944460Z   PYTEST_FLAGS: --tardis-regression-data=/Users/runner/work/tardis/tardis/tardis-regression-data --cov=tardis --cov-report=xml --cov-report=html --cov-append
2025-01-10T10:54:28.8945130Z   CODECOV_TOKEN: 
2025-01-10T10:54:28.8945460Z   MAMBA_ROOT_PREFIX: /Users/runner/micromamba
2025-01-10T10:54:28.8945840Z   MAMBA_EXE: /Users/runner/micromamba-bin/micromamba
2025-01-10T10:54:28.8946360Z   CONDARC: /Users/runner/work/_temp/setup-micromamba/.condarc
2025-01-10T10:54:28.8946720Z ##[endgroup]
2025-01-10T10:54:29.2056690Z ##[group]Run actions/upload-artifact@v4
2025-01-10T10:54:29.2057070Z with:
2025-01-10T10:54:29.2057260Z   name: coverage--continuum-macos-latest
2025-01-10T10:54:29.2057480Z   include-hidden-files: true
2025-01-10T10:54:29.2057670Z   path: .coverage*
!.coveragerc

2025-01-10T10:54:29.2058450Z   if-no-files-found: warn
2025-01-10T10:54:29.2058720Z   compression-level: 6
2025-01-10T10:54:29.2058940Z   overwrite: false
2025-01-10T10:54:29.2059140Z env:
2025-01-10T10:54:29.2059410Z   CACHE_NUMBER: 0
2025-01-10T10:54:29.2059960Z   PYTEST_FLAGS: --tardis-regression-data=/Users/runner/work/tardis/tardis/tardis-regression-data --cov=tardis --cov-report=xml --cov-report=html --cov-append
2025-01-10T10:54:29.2060550Z   CODECOV_TOKEN: 
2025-01-10T10:54:29.2060770Z   MAMBA_ROOT_PREFIX: /Users/runner/micromamba
2025-01-10T10:54:29.2061120Z   MAMBA_EXE: /Users/runner/micromamba-bin/micromamba
2025-01-10T10:54:29.2061410Z   CONDARC: /Users/runner/work/_temp/setup-micromamba/.condarc
2025-01-10T10:54:29.2061840Z ##[endgroup]
2025-01-10T10:54:29.6323260Z With the provided path, there will be 2 files uploaded
2025-01-10T10:54:29.6334100Z Artifact name is valid!
2025-01-10T10:54:29.6334550Z Root directory input is valid!
2025-01-10T10:54:29.8718990Z Beginning upload of artifact content to blob storage
2025-01-10T10:54:30.0898560Z Uploaded bytes 27334
2025-01-10T10:54:30.1398640Z Finished uploading artifact content to blob storage!
2025-01-10T10:54:30.1399810Z SHA256 hash of uploaded artifact zip is f9c658b3db48589a4050e6eec9bdd9bc1a2e774debbf1c13123b62b75157f5ab
2025-01-10T10:54:30.1400840Z Finalizing artifact upload
2025-01-10T10:54:30.2593380Z Artifact coverage--continuum-macos-latest.zip successfully finalized. Artifact ID 2412312628
2025-01-10T10:54:30.2595290Z Artifact coverage--continuum-macos-latest has been successfully uploaded! Final size is 27334 bytes. Artifact ID is 2412312628
2025-01-10T10:54:30.2600700Z Artifact download URL: https://github.com/tardis-sn/tardis/actions/runs/12708091361/artifacts/2412312628
2025-01-10T10:54:30.2713260Z Post job cleanup.
2025-01-10T10:54:30.2798120Z Post job cleanup.
2025-01-10T10:54:30.5063090Z Will use pre-installed micromamba at /Users/runner/micromamba-bin/micromamba
2025-01-10T10:54:30.5267480Z Removing micromamba run shell ...
2025-01-10T10:54:30.5312330Z ##[group]Deinitialize micromamba for bash
2025-01-10T10:54:30.5313450Z [command]/Users/runner/micromamba-bin/micromamba shell deinit -s bash -r /Users/runner/micromamba --log-level warning --rc-file /Users/runner/work/_temp/setup-micromamba/.condarc
2025-01-10T10:54:30.5314520Z Resetting RC file "/Users/runner/.bash_profile"
2025-01-10T10:54:30.5314880Z Deleting config for root prefix 
2025-01-10T10:54:30.5315470Z Clearing mamba executable environment variable
2025-01-10T10:54:30.5316000Z Removing the following in your "/Users/runner/.bash_profile" file
2025-01-10T10:54:30.5316410Z # >>> mamba initialize >>>
2025-01-10T10:54:30.5316670Z ...
2025-01-10T10:54:30.5316910Z # <<< mamba initialize <<<
2025-01-10T10:54:30.5318330Z Removing environment tardis from auto-activate bash ...
2025-01-10T10:54:30.5380640Z Post job cleanup.
2025-01-10T10:54:30.5461630Z Post job cleanup.
2025-01-10T10:54:30.7765300Z [command]/opt/homebrew/bin/git version
2025-01-10T10:54:30.8261470Z git version 2.47.1
2025-01-10T10:54:30.8315260Z Copying '/Users/runner/.gitconfig' to '/Users/runner/work/_temp/4f95fc79-f264-40c0-80f2-b029e14299cd/.gitconfig'
2025-01-10T10:54:30.8327800Z Temporarily overriding HOME='/Users/runner/work/_temp/4f95fc79-f264-40c0-80f2-b029e14299cd' before making global git config changes
2025-01-10T10:54:30.8330250Z Adding repository directory to the temporary git global config as a safe directory
2025-01-10T10:54:30.8332720Z [command]/opt/homebrew/bin/git config --global --add safe.directory /Users/runner/work/tardis/tardis/tardis-regression-data
2025-01-10T10:54:30.8510130Z [command]/opt/homebrew/bin/git config --local --name-only --get-regexp core\.sshCommand
2025-01-10T10:54:30.8595370Z [command]/opt/homebrew/bin/git submodule foreach --recursive sh -c "git config --local --name-only --get-regexp 'core\.sshCommand' && git config --local --unset-all 'core.sshCommand' || :"
2025-01-10T10:54:31.0174010Z [command]/opt/homebrew/bin/git config --local --name-only --get-regexp http\.https\:\/\/github\.com\/\.extraheader
2025-01-10T10:54:31.0227560Z http.https://github.com/.extraheader
2025-01-10T10:54:31.0238550Z [command]/opt/homebrew/bin/git config --local --unset-all http.https://github.com/.extraheader
2025-01-10T10:54:31.0306850Z [command]/opt/homebrew/bin/git submodule foreach --recursive sh -c "git config --local --name-only --get-regexp 'http\.https\:\/\/github\.com\/\.extraheader' && git config --local --unset-all 'http.https://github.com/.extraheader' || :"
2025-01-10T10:54:31.1976920Z Post job cleanup.
2025-01-10T10:54:31.3400720Z [command]/opt/homebrew/bin/git version
2025-01-10T10:54:31.3495840Z git version 2.47.1
2025-01-10T10:54:31.3510100Z Copying '/Users/runner/.gitconfig' to '/Users/runner/work/_temp/8e2e81e2-570d-42f4-b259-d79ad6bd4343/.gitconfig'
2025-01-10T10:54:31.3525070Z Temporarily overriding HOME='/Users/runner/work/_temp/8e2e81e2-570d-42f4-b259-d79ad6bd4343' before making global git config changes
2025-01-10T10:54:31.3534190Z Adding repository directory to the temporary git global config as a safe directory
2025-01-10T10:54:31.3535280Z [command]/opt/homebrew/bin/git config --global --add safe.directory /Users/runner/work/tardis/tardis
2025-01-10T10:54:31.3584270Z [command]/opt/homebrew/bin/git config --local --name-only --get-regexp core\.sshCommand
2025-01-10T10:54:31.3638880Z [command]/opt/homebrew/bin/git submodule foreach --recursive sh -c "git config --local --name-only --get-regexp 'core\.sshCommand' && git config --local --unset-all 'core.sshCommand' || :"
2025-01-10T10:54:31.4464660Z [command]/opt/homebrew/bin/git config --local --name-only --get-regexp http\.https\:\/\/github\.com\/\.extraheader
2025-01-10T10:54:31.4528190Z http.https://github.com/.extraheader
2025-01-10T10:54:31.4537950Z [command]/opt/homebrew/bin/git config --local --unset-all http.https://github.com/.extraheader
2025-01-10T10:54:31.4604750Z [command]/opt/homebrew/bin/git submodule foreach --recursive sh -c "git config --local --name-only --get-regexp 'http\.https\:\/\/github\.com\/\.extraheader' && git config --local --unset-all 'http.https://github.com/.extraheader' || :"
2025-01-10T10:54:31.5497130Z Cleaning up orphan processes
