2025-01-13T15:54:27.0039047Z Requested labels: macos-latest
2025-01-13T15:54:27.0039370Z Job defined at: tardis-sn/tardis/.github/workflows/tests.yml@refs/heads/master
2025-01-13T15:54:27.0039451Z Waiting for a runner to pick up this job...
2025-01-13T15:54:27.4191171Z Job is waiting for a hosted runner to come online.
2025-01-13T15:54:30.2855484Z Job is about to start running on the hosted runner: GitHub Actions 12 (hosted)
2025-01-13T15:54:30.6046610Z Current runner version: '2.321.0'
2025-01-13T15:54:30.6078910Z ##[group]Operating System
2025-01-13T15:54:30.6079520Z macOS
2025-01-13T15:54:30.6079840Z 14.7.2
2025-01-13T15:54:30.6080160Z 23H311
2025-01-13T15:54:30.6080520Z ##[endgroup]
2025-01-13T15:54:30.6080850Z ##[group]Runner Image
2025-01-13T15:54:30.6081210Z Image: macos-14-arm64
2025-01-13T15:54:30.6081550Z Version: 20250106.725
2025-01-13T15:54:30.6082240Z Included Software: https://github.com/actions/runner-images/blob/macos-14-arm64/20250106.725/images/macos/macos-14-arm64-Readme.md
2025-01-13T15:54:30.6083220Z Image Release: https://github.com/actions/runner-images/releases/tag/macos-14-arm64%2F20250106.725
2025-01-13T15:54:30.6083830Z ##[endgroup]
2025-01-13T15:54:30.6084170Z ##[group]Runner Image Provisioner
2025-01-13T15:54:30.6084590Z 2.0.404.1+573eac7f0cc07d6bb82d8b9bf5e1ffa69a554644
2025-01-13T15:54:30.6085100Z ##[endgroup]
2025-01-13T15:54:30.6086580Z ##[group]GITHUB_TOKEN Permissions
2025-01-13T15:54:30.6088680Z Actions: write
2025-01-13T15:54:30.6089040Z Attestations: write
2025-01-13T15:54:30.6089380Z Checks: write
2025-01-13T15:54:30.6089710Z Contents: write
2025-01-13T15:54:30.6090030Z Deployments: write
2025-01-13T15:54:30.6090370Z Discussions: write
2025-01-13T15:54:30.6090700Z Issues: write
2025-01-13T15:54:30.6091010Z Metadata: read
2025-01-13T15:54:30.6091340Z Packages: write
2025-01-13T15:54:30.6091680Z Pages: write
2025-01-13T15:54:30.6092000Z PullRequests: write
2025-01-13T15:54:30.6092370Z RepositoryProjects: write
2025-01-13T15:54:30.6092970Z SecurityEvents: write
2025-01-13T15:54:30.6093320Z Statuses: write
2025-01-13T15:54:30.6093640Z ##[endgroup]
2025-01-13T15:54:30.6095750Z Secret source: Actions
2025-01-13T15:54:30.6096170Z Prepare workflow directory
2025-01-13T15:54:30.6647340Z Prepare all required actions
2025-01-13T15:54:30.6673580Z Getting action download info
2025-01-13T15:54:30.8395780Z Download action repository 'actions/checkout@v4' (SHA:11bd71901bbe5b1630ceea73d27597364c9af683)
2025-01-13T15:54:31.1181770Z Download action repository 'actions/upload-artifact@v4' (SHA:65c4c4a1ddee5b72f698fdd19549f0f0fb45cf08)
2025-01-13T15:54:32.6089700Z Complete job name: not continuum macos-latest 
2025-01-13T15:54:32.6717890Z ##[group]Run actions/checkout@v4
2025-01-13T15:54:32.6719250Z with:
2025-01-13T15:54:32.6719560Z   repository: tardis-sn/tardis
2025-01-13T15:54:32.6720100Z   token: ***
2025-01-13T15:54:32.6720380Z   ssh-strict: true
2025-01-13T15:54:32.6720680Z   ssh-user: git
2025-01-13T15:54:32.6720980Z   persist-credentials: true
2025-01-13T15:54:32.6721310Z   clean: true
2025-01-13T15:54:32.6721620Z   sparse-checkout-cone-mode: true
2025-01-13T15:54:32.6721970Z   fetch-depth: 1
2025-01-13T15:54:32.6722260Z   fetch-tags: false
2025-01-13T15:54:32.6722560Z   show-progress: true
2025-01-13T15:54:32.6722860Z   lfs: false
2025-01-13T15:54:32.6723140Z   submodules: false
2025-01-13T15:54:32.6723440Z   set-safe-directory: true
2025-01-13T15:54:32.6723880Z env:
2025-01-13T15:54:32.6724150Z   CACHE_NUMBER: 0
2025-01-13T15:54:32.6724980Z   PYTEST_FLAGS: --tardis-regression-data=/Users/runner/work/tardis/tardis/tardis-regression-data --cov=tardis --cov-report=xml --cov-report=html --cov-append
2025-01-13T15:54:32.6725930Z   CODECOV_TOKEN: ***
2025-01-13T15:54:32.6726260Z ##[endgroup]
2025-01-13T15:54:33.0028910Z Syncing repository: tardis-sn/tardis
2025-01-13T15:54:33.0030540Z ##[group]Getting Git version info
2025-01-13T15:54:33.0031010Z Working directory is '/Users/runner/work/tardis/tardis'
2025-01-13T15:54:33.0031700Z [command]/opt/homebrew/bin/git version
2025-01-13T15:54:33.0546060Z git version 2.47.1
2025-01-13T15:54:33.0571560Z ##[endgroup]
2025-01-13T15:54:33.0577540Z Copying '/Users/runner/.gitconfig' to '/Users/runner/work/_temp/863c6ac6-bc6e-46aa-9dbc-11f207ab08bb/.gitconfig'
2025-01-13T15:54:33.0588680Z Temporarily overriding HOME='/Users/runner/work/_temp/863c6ac6-bc6e-46aa-9dbc-11f207ab08bb' before making global git config changes
2025-01-13T15:54:33.0589660Z Adding repository directory to the temporary git global config as a safe directory
2025-01-13T15:54:33.0592630Z [command]/opt/homebrew/bin/git config --global --add safe.directory /Users/runner/work/tardis/tardis
2025-01-13T15:54:33.0673930Z Deleting the contents of '/Users/runner/work/tardis/tardis'
2025-01-13T15:54:33.0676510Z ##[group]Initializing the repository
2025-01-13T15:54:33.0681460Z [command]/opt/homebrew/bin/git init /Users/runner/work/tardis/tardis
2025-01-13T15:54:33.0826450Z hint: Using 'master' as the name for the initial branch. This default branch name
2025-01-13T15:54:33.0827440Z hint: is subject to change. To configure the initial branch name to use in all
2025-01-13T15:54:33.0828740Z hint: of your new repositories, which will suppress this warning, call:
2025-01-13T15:54:33.0829260Z hint:
2025-01-13T15:54:33.0829670Z hint: 	git config --global init.defaultBranch <name>
2025-01-13T15:54:33.0830130Z hint:
2025-01-13T15:54:33.0830540Z hint: Names commonly chosen instead of 'master' are 'main', 'trunk' and
2025-01-13T15:54:33.0831200Z hint: 'development'. The just-created branch can be renamed via this command:
2025-01-13T15:54:33.0831720Z hint:
2025-01-13T15:54:33.0832010Z hint: 	git branch -m <name>
2025-01-13T15:54:33.0832510Z Initialized empty Git repository in /Users/runner/work/tardis/tardis/.git/
2025-01-13T15:54:33.0834630Z [command]/opt/homebrew/bin/git remote add origin https://github.com/tardis-sn/tardis
2025-01-13T15:54:33.0890620Z ##[endgroup]
2025-01-13T15:54:33.0891170Z ##[group]Disabling automatic garbage collection
2025-01-13T15:54:33.0892990Z [command]/opt/homebrew/bin/git config --local gc.auto 0
2025-01-13T15:54:33.0936520Z ##[endgroup]
2025-01-13T15:54:33.0937240Z ##[group]Setting up auth
2025-01-13T15:54:33.0941170Z [command]/opt/homebrew/bin/git config --local --name-only --get-regexp core\.sshCommand
2025-01-13T15:54:33.0982430Z [command]/opt/homebrew/bin/git submodule foreach --recursive sh -c "git config --local --name-only --get-regexp 'core\.sshCommand' && git config --local --unset-all 'core.sshCommand' || :"
2025-01-13T15:54:33.1682440Z [command]/opt/homebrew/bin/git config --local --name-only --get-regexp http\.https\:\/\/github\.com\/\.extraheader
2025-01-13T15:54:33.1727080Z [command]/opt/homebrew/bin/git submodule foreach --recursive sh -c "git config --local --name-only --get-regexp 'http\.https\:\/\/github\.com\/\.extraheader' && git config --local --unset-all 'http.https://github.com/.extraheader' || :"
2025-01-13T15:54:33.3238170Z [command]/opt/homebrew/bin/git config --local http.https://github.com/.extraheader AUTHORIZATION: basic ***
2025-01-13T15:54:33.3646340Z ##[endgroup]
2025-01-13T15:54:33.3748660Z ##[group]Fetching the repository
2025-01-13T15:54:33.3851240Z [command]/opt/homebrew/bin/git -c protocol.version=2 fetch --no-tags --prune --no-recurse-submodules --depth=1 origin +b4bc6ac32afba1ed86870074cd69db14d7845052:refs/remotes/origin/master
2025-01-13T15:54:39.3606500Z From https://github.com/tardis-sn/tardis
2025-01-13T15:54:39.3607890Z  * [new ref]         b4bc6ac32afba1ed86870074cd69db14d7845052 -> origin/master
2025-01-13T15:54:39.3668290Z ##[endgroup]
2025-01-13T15:54:39.3669080Z ##[group]Determining the checkout info
2025-01-13T15:54:39.3670150Z ##[endgroup]
2025-01-13T15:54:39.3675210Z [command]/opt/homebrew/bin/git sparse-checkout disable
2025-01-13T15:54:39.3748150Z [command]/opt/homebrew/bin/git config --local --unset-all extensions.worktreeConfig
2025-01-13T15:54:39.3798020Z ##[group]Checking out the ref
2025-01-13T15:54:39.3800470Z [command]/opt/homebrew/bin/git checkout --progress --force -B master refs/remotes/origin/master
2025-01-13T15:54:39.6347230Z Reset branch 'master'
2025-01-13T15:54:39.6365980Z branch 'master' set up to track 'origin/master'.
2025-01-13T15:54:39.6389100Z ##[endgroup]
2025-01-13T15:54:39.6472340Z [command]/opt/homebrew/bin/git log -1 --format=%H
2025-01-13T15:54:39.6524880Z b4bc6ac32afba1ed86870074cd69db14d7845052
2025-01-13T15:54:39.6901250Z Prepare all required actions
2025-01-13T15:54:39.6902000Z Getting action download info
2025-01-13T15:54:39.8302230Z Download action repository 'actions/cache@v4' (SHA:1bd1e32a3bdc45362d1e726936510720a7c30a57)
2025-01-13T15:54:39.9473930Z ##[group]Run ./.github/actions/setup_lfs
2025-01-13T15:54:39.9474640Z with:
2025-01-13T15:54:39.9475400Z   regression-data-repo: tardis-sn/tardis-regression-data
2025-01-13T15:54:39.9476200Z env:
2025-01-13T15:54:39.9476680Z   CACHE_NUMBER: 0
2025-01-13T15:54:39.9478130Z   PYTEST_FLAGS: --tardis-regression-data=/Users/runner/work/tardis/tardis/tardis-regression-data --cov=tardis --cov-report=xml --cov-report=html --cov-append
2025-01-13T15:54:39.9480000Z   CODECOV_TOKEN: ***
2025-01-13T15:54:39.9480870Z ##[endgroup]
2025-01-13T15:54:39.9633100Z ##[group]Run actions/checkout@v4
2025-01-13T15:54:39.9633700Z with:
2025-01-13T15:54:39.9634230Z   repository: tardis-sn/tardis-regression-data
2025-01-13T15:54:39.9634910Z   path: tardis-regression-data
2025-01-13T15:54:39.9635680Z   token: ***
2025-01-13T15:54:39.9636160Z   ssh-strict: true
2025-01-13T15:54:39.9636630Z   ssh-user: git
2025-01-13T15:54:39.9637140Z   persist-credentials: true
2025-01-13T15:54:39.9637700Z   clean: true
2025-01-13T15:54:39.9638200Z   sparse-checkout-cone-mode: true
2025-01-13T15:54:39.9638810Z   fetch-depth: 1
2025-01-13T15:54:39.9639300Z   fetch-tags: false
2025-01-13T15:54:39.9639810Z   show-progress: true
2025-01-13T15:54:39.9640330Z   lfs: false
2025-01-13T15:54:39.9640790Z   submodules: false
2025-01-13T15:54:39.9641300Z   set-safe-directory: true
2025-01-13T15:54:39.9641870Z env:
2025-01-13T15:54:39.9642310Z   CACHE_NUMBER: 0
2025-01-13T15:54:39.9643700Z   PYTEST_FLAGS: --tardis-regression-data=/Users/runner/work/tardis/tardis/tardis-regression-data --cov=tardis --cov-report=xml --cov-report=html --cov-append
2025-01-13T15:54:39.9645320Z   CODECOV_TOKEN: ***
2025-01-13T15:54:39.9645840Z ##[endgroup]
2025-01-13T15:54:40.2674400Z Syncing repository: tardis-sn/tardis-regression-data
2025-01-13T15:54:40.2777220Z ##[group]Getting Git version info
2025-01-13T15:54:40.2877780Z Working directory is '/Users/runner/work/tardis/tardis/tardis-regression-data'
2025-01-13T15:54:40.3077940Z [command]/opt/homebrew/bin/git version
2025-01-13T15:54:40.3180140Z git version 2.47.1
2025-01-13T15:54:40.3462550Z ##[endgroup]
2025-01-13T15:54:40.3465630Z Copying '/Users/runner/.gitconfig' to '/Users/runner/work/_temp/312bf98c-c9ba-465d-9622-b53f3b5f323c/.gitconfig'
2025-01-13T15:54:40.3467480Z Temporarily overriding HOME='/Users/runner/work/_temp/312bf98c-c9ba-465d-9622-b53f3b5f323c' before making global git config changes
2025-01-13T15:54:40.3469030Z Adding repository directory to the temporary git global config as a safe directory
2025-01-13T15:54:40.3470490Z [command]/opt/homebrew/bin/git config --global --add safe.directory /Users/runner/work/tardis/tardis/tardis-regression-data
2025-01-13T15:54:40.3486630Z ##[group]Initializing the repository
2025-01-13T15:54:40.3488060Z [command]/opt/homebrew/bin/git init /Users/runner/work/tardis/tardis/tardis-regression-data
2025-01-13T15:54:40.3489330Z hint: Using 'master' as the name for the initial branch. This default branch name
2025-01-13T15:54:40.3490530Z hint: is subject to change. To configure the initial branch name to use in all
2025-01-13T15:54:40.3491990Z hint: of your new repositories, which will suppress this warning, call:
2025-01-13T15:54:40.3492880Z hint:
2025-01-13T15:54:40.3493620Z hint: 	git config --global init.defaultBranch <name>
2025-01-13T15:54:40.3494550Z hint:
2025-01-13T15:54:40.3495790Z hint: Names commonly chosen instead of 'master' are 'main', 'trunk' and
2025-01-13T15:54:40.3497010Z hint: 'development'. The just-created branch can be renamed via this command:
2025-01-13T15:54:40.3497810Z hint:
2025-01-13T15:54:40.3498440Z hint: 	git branch -m <name>
2025-01-13T15:54:40.3499470Z Initialized empty Git repository in /Users/runner/work/tardis/tardis/tardis-regression-data/.git/
2025-01-13T15:54:40.3502850Z [command]/opt/homebrew/bin/git remote add origin https://github.com/tardis-sn/tardis-regression-data
2025-01-13T15:54:40.3505340Z ##[endgroup]
2025-01-13T15:54:40.3506310Z ##[group]Disabling automatic garbage collection
2025-01-13T15:54:40.3519480Z [command]/opt/homebrew/bin/git config --local gc.auto 0
2025-01-13T15:54:40.3521980Z ##[endgroup]
2025-01-13T15:54:40.3522890Z ##[group]Setting up auth
2025-01-13T15:54:40.3523830Z [command]/opt/homebrew/bin/git config --local --name-only --get-regexp core\.sshCommand
2025-01-13T15:54:40.3526810Z [command]/opt/homebrew/bin/git submodule foreach --recursive sh -c "git config --local --name-only --get-regexp 'core\.sshCommand' && git config --local --unset-all 'core.sshCommand' || :"
2025-01-13T15:54:40.3529940Z [command]/opt/homebrew/bin/git config --local --name-only --get-regexp http\.https\:\/\/github\.com\/\.extraheader
2025-01-13T15:54:40.3533240Z [command]/opt/homebrew/bin/git submodule foreach --recursive sh -c "git config --local --name-only --get-regexp 'http\.https\:\/\/github\.com\/\.extraheader' && git config --local --unset-all 'http.https://github.com/.extraheader' || :"
2025-01-13T15:54:40.4273400Z [command]/opt/homebrew/bin/git config --local http.https://github.com/.extraheader AUTHORIZATION: basic ***
2025-01-13T15:54:40.4515450Z ##[endgroup]
2025-01-13T15:54:40.4532920Z ##[group]Determining the default branch
2025-01-13T15:54:40.4543660Z Retrieving the default branch name
2025-01-13T15:54:40.9274570Z Default branch 'main'
2025-01-13T15:54:40.9474510Z ##[endgroup]
2025-01-13T15:54:40.9595670Z ##[group]Fetching the repository
2025-01-13T15:54:40.9697800Z [command]/opt/homebrew/bin/git -c protocol.version=2 fetch --no-tags --prune --no-recurse-submodules --depth=1 origin +refs/heads/main:refs/remotes/origin/main
2025-01-13T15:54:42.2045840Z From https://github.com/tardis-sn/tardis-regression-data
2025-01-13T15:54:42.2147790Z  * [new branch]      main       -> origin/main
2025-01-13T15:54:42.2284340Z ##[endgroup]
2025-01-13T15:54:42.2297750Z ##[group]Determining the checkout info
2025-01-13T15:54:42.2303730Z ##[endgroup]
2025-01-13T15:54:42.2306460Z [command]/opt/homebrew/bin/git sparse-checkout disable
2025-01-13T15:54:42.2324990Z [command]/opt/homebrew/bin/git config --local --unset-all extensions.worktreeConfig
2025-01-13T15:54:42.2339950Z ##[group]Checking out the ref
2025-01-13T15:54:42.2348520Z [command]/opt/homebrew/bin/git checkout --progress --force -B main refs/remotes/origin/main
2025-01-13T15:54:42.3992700Z Switched to a new branch 'main'
2025-01-13T15:54:42.3996500Z branch 'main' set up to track 'origin/main'.
2025-01-13T15:54:42.5616370Z ##[endgroup]
2025-01-13T15:54:42.5624150Z [command]/opt/homebrew/bin/git log -1 --format=%H
2025-01-13T15:54:42.5624520Z fa7729bc9c30e14b69acd641af8b692b56fcd416
2025-01-13T15:54:42.5741360Z ##[group]Run git lfs ls-files -l | cut -d' ' -f1 | sort > .lfs-assets-id
2025-01-13T15:54:42.5742030Z [36;1mgit lfs ls-files -l | cut -d' ' -f1 | sort > .lfs-assets-id[0m
2025-01-13T15:54:42.5835320Z shell: /bin/bash --noprofile --norc -e -o pipefail {0}
2025-01-13T15:54:42.5835640Z env:
2025-01-13T15:54:42.5835840Z   CACHE_NUMBER: 0
2025-01-13T15:54:42.5836330Z   PYTEST_FLAGS: --tardis-regression-data=/Users/runner/work/tardis/tardis/tardis-regression-data --cov=tardis --cov-report=xml --cov-report=html --cov-append
2025-01-13T15:54:42.5837220Z   CODECOV_TOKEN: ***
2025-01-13T15:54:42.5837420Z ##[endgroup]
2025-01-13T15:54:42.8491820Z ##[group]Run actions/cache/restore@v4
2025-01-13T15:54:42.8492080Z with:
2025-01-13T15:54:42.8492220Z   path: tardis-regression-data/.git/lfs
2025-01-13T15:54:42.8492570Z   key: macOS-lfs-21f9fa4b6817cc69b9fae3598144724da7828e276a73bd17f47a2a49d9af090a-v1
2025-01-13T15:54:42.8492900Z   enableCrossOsArchive: false
2025-01-13T15:54:42.8493090Z   fail-on-cache-miss: false
2025-01-13T15:54:42.8493260Z   lookup-only: false
2025-01-13T15:54:42.8493450Z env:
2025-01-13T15:54:42.8493610Z   CACHE_NUMBER: 0
2025-01-13T15:54:42.8494580Z   PYTEST_FLAGS: --tardis-regression-data=/Users/runner/work/tardis/tardis/tardis-regression-data --cov=tardis --cov-report=xml --cov-report=html --cov-append
2025-01-13T15:54:42.8495260Z   CODECOV_TOKEN: ***
2025-01-13T15:54:42.8495420Z ##[endgroup]
2025-01-13T15:54:44.0721870Z Received 41943040 of 1706796060 (2.5%), 40.0 MBs/sec
2025-01-13T15:54:45.0886940Z Received 88080384 of 1706796060 (5.2%), 42.0 MBs/sec
2025-01-13T15:54:46.0676970Z Received 146800640 of 1706796060 (8.6%), 46.6 MBs/sec
2025-01-13T15:54:47.0680610Z Received 205520896 of 1706796060 (12.0%), 49.0 MBs/sec
2025-01-13T15:54:48.0690510Z Received 268435456 of 1706796060 (15.7%), 51.2 MBs/sec
2025-01-13T15:54:49.0697900Z Received 314572800 of 1706796060 (18.4%), 50.0 MBs/sec
2025-01-13T15:54:50.0702950Z Received 377487360 of 1706796060 (22.1%), 51.4 MBs/sec
2025-01-13T15:54:51.0724620Z Received 440401920 of 1706796060 (25.8%), 52.4 MBs/sec
2025-01-13T15:54:52.0735850Z Received 503316480 of 1706796060 (29.5%), 53.3 MBs/sec
2025-01-13T15:54:53.0737440Z Received 553648128 of 1706796060 (32.4%), 52.8 MBs/sec
2025-01-13T15:54:54.0740020Z Received 620756992 of 1706796060 (36.4%), 53.8 MBs/sec
2025-01-13T15:54:55.0749690Z Received 687865856 of 1706796060 (40.3%), 54.6 MBs/sec
2025-01-13T15:54:56.0753320Z Received 734003200 of 1706796060 (43.0%), 53.8 MBs/sec
2025-01-13T15:54:57.0765040Z Received 792723456 of 1706796060 (46.4%), 54.0 MBs/sec
2025-01-13T15:54:58.0771730Z Received 851443712 of 1706796060 (49.9%), 54.1 MBs/sec
2025-01-13T15:54:59.0817490Z Received 910163968 of 1706796060 (53.3%), 54.2 MBs/sec
2025-01-13T15:55:00.0902000Z Received 960495616 of 1706796060 (56.3%), 53.8 MBs/sec
2025-01-13T15:55:01.0905490Z Received 1019215872 of 1706796060 (59.7%), 53.9 MBs/sec
2025-01-13T15:55:02.0991810Z Received 1077936128 of 1706796060 (63.2%), 54.0 MBs/sec
2025-01-13T15:55:03.0979880Z Received 1132462080 of 1706796060 (66.4%), 53.9 MBs/sec
2025-01-13T15:55:04.0992880Z Received 1195376640 of 1706796060 (70.0%), 54.2 MBs/sec
2025-01-13T15:55:05.0991710Z Received 1245708288 of 1706796060 (73.0%), 53.9 MBs/sec
2025-01-13T15:55:06.1032940Z Received 1291845632 of 1706796060 (75.7%), 53.5 MBs/sec
2025-01-13T15:55:07.1095730Z Received 1354760192 of 1706796060 (79.4%), 53.7 MBs/sec
2025-01-13T15:55:08.1181130Z Received 1405091840 of 1706796060 (82.3%), 53.5 MBs/sec
2025-01-13T15:55:09.1065110Z Received 1459617792 of 1706796060 (85.5%), 53.5 MBs/sec
2025-01-13T15:55:10.1071140Z Received 1518338048 of 1706796060 (89.0%), 53.5 MBs/sec
2025-01-13T15:55:11.1098830Z Received 1539309568 of 1706796060 (90.2%), 52.3 MBs/sec
2025-01-13T15:55:12.1101530Z Received 1606418432 of 1706796060 (94.1%), 52.7 MBs/sec
2025-01-13T15:55:13.1108570Z Received 1677721600 of 1706796060 (98.3%), 53.3 MBs/sec
2025-01-13T15:55:13.4049520Z Cache Size: ~1628 MB (1706796060 B)
2025-01-13T15:55:13.4100880Z [command]/opt/homebrew/bin/gtar -xf /Users/runner/work/_temp/c817a821-6b8b-40d8-a8a3-d79059c3a4eb/cache.tzst -P -C /Users/runner/work/tardis/tardis --delay-directory-restore --use-compress-program unzstd
2025-01-13T15:55:14.1145930Z Received 1706796060 of 1706796060 (100.0%), 52.4 MBs/sec
2025-01-13T15:55:20.0679690Z Cache restored successfully
2025-01-13T15:55:20.2078990Z Cache restored from key: macOS-lfs-21f9fa4b6817cc69b9fae3598144724da7828e276a73bd17f47a2a49d9af090a-v1
2025-01-13T15:55:20.2268670Z ##[group]Run git lfs checkout
2025-01-13T15:55:20.2269060Z [36;1mgit lfs checkout[0m
2025-01-13T15:55:20.2370680Z shell: /bin/bash --noprofile --norc -e -o pipefail {0}
2025-01-13T15:55:20.2371060Z env:
2025-01-13T15:55:20.2371270Z   CACHE_NUMBER: 0
2025-01-13T15:55:20.2371910Z   PYTEST_FLAGS: --tardis-regression-data=/Users/runner/work/tardis/tardis/tardis-regression-data --cov=tardis --cov-report=xml --cov-report=html --cov-append
2025-01-13T15:55:20.2372870Z   CODECOV_TOKEN: ***
2025-01-13T15:55:20.2373090Z ##[endgroup]
2025-01-13T15:55:28.7962510Z Checking out LFS objects: 100% (204/204), 3.5 GB | 311 MB/s, done.
2025-01-13T15:55:36.5284720Z Prepare all required actions
2025-01-13T15:55:36.5285080Z Getting action download info
2025-01-13T15:55:36.6443930Z Download action repository 'mamba-org/setup-micromamba@v1' (SHA:4b9113af4fba0e9e1124b252dd6497a419e7396d)
2025-01-13T15:55:38.0077560Z ##[group]Run ./.github/actions/setup_env
2025-01-13T15:55:38.0077870Z with:
2025-01-13T15:55:38.0079010Z   os-label: osx-arm64
2025-01-13T15:55:38.0079270Z env:
2025-01-13T15:55:38.0079510Z   CACHE_NUMBER: 0
2025-01-13T15:55:38.0080150Z   PYTEST_FLAGS: --tardis-regression-data=/Users/runner/work/tardis/tardis/tardis-regression-data --cov=tardis --cov-report=xml --cov-report=html --cov-append
2025-01-13T15:55:38.0080900Z   CODECOV_TOKEN: ***
2025-01-13T15:55:38.0081120Z ##[endgroup]
2025-01-13T15:55:38.0164760Z ##[group]Run file_hash=$(cat conda-osx-arm64.lock | shasum -a 256 | cut -d' ' -f1)
2025-01-13T15:55:38.0165180Z [36;1mfile_hash=$(cat conda-osx-arm64.lock | shasum -a 256 | cut -d' ' -f1)[0m
2025-01-13T15:55:38.0165560Z [36;1mecho "file_hash=$file_hash" >> "${GITHUB_OUTPUT}"[0m
2025-01-13T15:55:38.0226450Z shell: /bin/bash --noprofile --norc -e -o pipefail {0}
2025-01-13T15:55:38.0226730Z env:
2025-01-13T15:55:38.0226870Z   CACHE_NUMBER: 0
2025-01-13T15:55:38.0227380Z   PYTEST_FLAGS: --tardis-regression-data=/Users/runner/work/tardis/tardis/tardis-regression-data --cov=tardis --cov-report=xml --cov-report=html --cov-append
2025-01-13T15:55:38.0228260Z   CODECOV_TOKEN: ***
2025-01-13T15:55:38.0228480Z ##[endgroup]
2025-01-13T15:55:38.1214650Z ##[group]Run mamba-org/setup-micromamba@v1
2025-01-13T15:55:38.1214890Z with:
2025-01-13T15:55:38.1215060Z   environment-file: conda-osx-arm64.lock
2025-01-13T15:55:38.1215400Z   cache-environment-key: bf0d0a4d4c847cca72476c6c68c493d56c484aada7e80de0e42c7607fcef5824
2025-01-13T15:55:38.1215870Z   cache-downloads-key: bf0d0a4d4c847cca72476c6c68c493d56c484aada7e80de0e42c7607fcef5824
2025-01-13T15:55:38.1216200Z   environment-name: tardis
2025-01-13T15:55:38.1216370Z   cache-environment: true
2025-01-13T15:55:38.1216590Z   cache-downloads: true
2025-01-13T15:55:38.1216750Z env:
2025-01-13T15:55:38.1216880Z   CACHE_NUMBER: 0
2025-01-13T15:55:38.1217390Z   PYTEST_FLAGS: --tardis-regression-data=/Users/runner/work/tardis/tardis/tardis-regression-data --cov=tardis --cov-report=xml --cov-report=html --cov-append
2025-01-13T15:55:38.1218110Z   CODECOV_TOKEN: ***
2025-01-13T15:55:38.1218300Z ##[endgroup]
2025-01-13T15:55:38.4537240Z Will download micromamba to /Users/runner/micromamba-bin/micromamba
2025-01-13T15:55:38.4541890Z ##[group]Install micromamba
2025-01-13T15:55:38.9719740Z micromamba installed to /Users/runner/micromamba-bin/micromamba
2025-01-13T15:55:38.9725030Z ##[endgroup]
2025-01-13T15:55:38.9726710Z Adding conda-forge to condarc channels ...
2025-01-13T15:55:38.9740590Z ##[group]Initialize micromamba for bash.
2025-01-13T15:55:38.9749260Z [command]/Users/runner/micromamba-bin/micromamba shell init -s bash -r /Users/runner/micromamba --log-level warning --rc-file /Users/runner/work/_temp/setup-micromamba/.condarc
2025-01-13T15:55:38.9982830Z Modifying RC file "/Users/runner/.bash_profile"
2025-01-13T15:55:38.9983500Z Generating config for root prefix [1m"/Users/runner/micromamba"[0m
2025-01-13T15:55:38.9983990Z Setting mamba executable to: [1m"/Users/runner/micromamba-bin/micromamba"[0m
2025-01-13T15:55:38.9984380Z Adding (or replacing) the following in your "/Users/runner/.bash_profile" file
2025-01-13T15:55:38.9984780Z 
2025-01-13T15:55:38.9984860Z # >>> mamba initialize >>>
2025-01-13T15:55:38.9985100Z # !! Contents within this block are managed by 'mamba init' !!
2025-01-13T15:55:38.9985430Z export MAMBA_EXE='/Users/runner/micromamba-bin/micromamba';
2025-01-13T15:55:38.9985710Z export MAMBA_ROOT_PREFIX='/Users/runner/micromamba';
2025-01-13T15:55:38.9986090Z __mamba_setup="$("$MAMBA_EXE" shell hook --shell bash --root-prefix "$MAMBA_ROOT_PREFIX" 2> /dev/null)"
2025-01-13T15:55:38.9986650Z if [ $? -eq 0 ]; then
2025-01-13T15:55:38.9986830Z     eval "$__mamba_setup"
2025-01-13T15:55:38.9987660Z else
2025-01-13T15:55:38.9987900Z     alias micromamba="$MAMBA_EXE"  # Fallback on help from mamba activate
2025-01-13T15:55:38.9988180Z fi
2025-01-13T15:55:38.9988310Z unset __mamba_setup
2025-01-13T15:55:38.9988470Z # <<< mamba initialize <<<
2025-01-13T15:55:38.9988590Z 
2025-01-13T15:55:39.0000900Z ##[endgroup]
2025-01-13T15:55:39.0001520Z ##[group]Restoring downloads from `/Users/runner/micromamba/pkgs` ...
2025-01-13T15:55:40.0718550Z Received 58720256 of 310595873 (18.9%), 55.8 MBs/sec
2025-01-13T15:55:41.0721850Z Received 109051904 of 310595873 (35.1%), 51.9 MBs/sec
2025-01-13T15:55:42.0721680Z Received 176160768 of 310595873 (56.7%), 55.9 MBs/sec
2025-01-13T15:55:43.0735720Z Received 234881024 of 310595873 (75.6%), 55.9 MBs/sec
2025-01-13T15:55:44.0734580Z Received 306401569 of 310595873 (98.6%), 58.4 MBs/sec
2025-01-13T15:55:44.3323410Z Cache Size: ~296 MB (310595873 B)
2025-01-13T15:55:44.3377980Z [command]/opt/homebrew/bin/gtar -xf /Users/runner/work/_temp/6aa4f9bb-b7ba-4356-a0e7-72e1cf0e4ae2/cache.tzst -P -C /Users/runner/work/tardis/tardis --delay-directory-restore --use-compress-program unzstd
2025-01-13T15:55:44.8698240Z Cache restored successfully
2025-01-13T15:55:44.8726670Z Restored cache with key `bf0d0a4d4c847cca72476c6c68c493d56c484aada7e80de0e42c7607fcef5824-osx-arm64`
2025-01-13T15:55:44.8727520Z ##[endgroup]
2025-01-13T15:55:44.8911960Z ##[group]Restoring environment `tardis` from `/Users/runner/micromamba/envs/tardis` ...
2025-01-13T15:55:45.0735280Z Received 310595873 of 310595873 (100.0%), 49.3 MBs/sec
2025-01-13T15:55:45.9772380Z Received 58720256 of 385775710 (15.2%), 56.0 MBs/sec
2025-01-13T15:55:46.9779910Z Received 125829120 of 385775710 (32.6%), 60.0 MBs/sec
2025-01-13T15:55:47.9783260Z Received 197132288 of 385775710 (51.1%), 62.6 MBs/sec
2025-01-13T15:55:48.9787190Z Received 276824064 of 385775710 (71.8%), 66.0 MBs/sec
2025-01-13T15:55:49.9790850Z Received 352321536 of 385775710 (91.3%), 67.2 MBs/sec
2025-01-13T15:55:50.7009300Z Cache Size: ~368 MB (385775710 B)
2025-01-13T15:55:50.7099950Z [command]/opt/homebrew/bin/gtar -xf /Users/runner/work/_temp/f86184ef-bbe4-4e42-b525-d1dea3b458b8/cache.tzst -P -C /Users/runner/work/tardis/tardis --delay-directory-restore --use-compress-program unzstd
2025-01-13T15:55:50.9878120Z Received 385775710 of 385775710 (100.0%), 61.3 MBs/sec
2025-01-13T15:56:04.8320230Z Cache restored successfully
2025-01-13T15:56:04.8407910Z Restored cache with key `bf0d0a4d4c847cca72476c6c68c493d56c484aada7e80de0e42c7607fcef5824-osx-arm64-tardis-args-4f53cda-root-873f6fe-bin-[object Promise]-file-bf0d0a4d4c847cca72476c6c68c493d56c484aada7e80de0e42c7607fcef5824`
2025-01-13T15:56:04.8409140Z ##[endgroup]
2025-01-13T15:56:04.8437550Z Adding environment tardis to auto-activate bash ...
2025-01-13T15:56:04.8438200Z Generating micromamba run shell.
2025-01-13T15:56:04.8439540Z ##[endgroup]
2025-01-13T15:56:04.8440380Z Set environment variables.
2025-01-13T15:56:04.8441430Z ##[group]micromamba info
2025-01-13T15:56:04.8442570Z [command]/Users/runner/micromamba-bin/micromamba info -r /Users/runner/micromamba -n tardis
2025-01-13T15:56:05.4036290Z 
2025-01-13T15:56:05.4037440Z        libmamba version : 1.5.10
2025-01-13T15:56:05.4037970Z      micromamba version : 1.5.10
2025-01-13T15:56:05.4038540Z            curl version : libcurl/8.10.1 (OpenSSL/3.3.2) SecureTransport zlib/1.3.1 zstd/1.5.6 libssh2/1.11.0 nghttp2/1.58.0
2025-01-13T15:56:05.4039160Z      libarchive version : libarchive 3.7.4 zlib/1.2.13 bz2lib/1.0.8 libzstd/1.5.6
2025-01-13T15:56:05.4039560Z        envs directories : /Users/runner/micromamba/envs
2025-01-13T15:56:05.4039820Z           package cache : /Users/runner/micromamba/pkgs
2025-01-13T15:56:05.4040120Z                           /Users/runner/.mamba/pkgs
2025-01-13T15:56:05.4040330Z             environment : tardis
2025-01-13T15:56:05.4040550Z            env location : /Users/runner/micromamba/envs/tardis
2025-01-13T15:56:05.4040960Z       user config files : /Users/runner/.mambarc
2025-01-13T15:56:05.4046860Z  populated config files : /Users/runner/work/_temp/setup-micromamba/.condarc
2025-01-13T15:56:05.4049390Z        virtual packages : __unix=0=0
2025-01-13T15:56:05.4049650Z                           __osx=14.7.2=0
2025-01-13T15:56:05.4049850Z                           __archspec=1=arm64
2025-01-13T15:56:05.4050340Z                channels : https://conda.anaconda.org/conda-forge/osx-arm64
2025-01-13T15:56:05.4056740Z                           https://conda.anaconda.org/conda-forge/noarch
2025-01-13T15:56:05.4057000Z        base environment : /Users/runner/micromamba
2025-01-13T15:56:05.4057220Z                platform : osx-arm64
2025-01-13T15:56:05.4057670Z ##[endgroup]
2025-01-13T15:56:05.4057920Z ##[group]micromamba list
2025-01-13T15:56:05.4058370Z [command]/Users/runner/micromamba-bin/micromamba list -r /Users/runner/micromamba -n tardis
2025-01-13T15:56:05.8327960Z List of packages in environment: "/Users/runner/micromamba/envs/tardis"
2025-01-13T15:56:05.8328370Z 
2025-01-13T15:56:05.8328650Z   Name                           Version              Build                    Channel    
2025-01-13T15:56:05.8330250Z ────────────────────────────────────────────────────────────────────────────────────────────
2025-01-13T15:56:05.8332170Z   alabaster                      0.7.16               pyhd8ed1ab_0             conda-forge
2025-01-13T15:56:05.8333130Z   anyio                          4.4.0                pyhd8ed1ab_0             conda-forge
2025-01-13T15:56:05.8334000Z   appnope                        0.1.4                pyhd8ed1ab_0             conda-forge
2025-01-13T15:56:05.8334950Z   argon2-cffi                    23.1.0               pyhd8ed1ab_0             conda-forge
2025-01-13T15:56:05.8336530Z   argon2-cffi-bindings           21.2.0               py312h02f2b3b_4          conda-forge
2025-01-13T15:56:05.8336890Z   arrow                          1.3.0                pyhd8ed1ab_0             conda-forge
2025-01-13T15:56:05.8337330Z   astropy                        6.1.1                py312hbebd99a_0          conda-forge
2025-01-13T15:56:05.8337700Z   astropy-iers-data              0.2024.6.17.0.31.35  pyhd8ed1ab_0             conda-forge
2025-01-13T15:56:05.8338230Z   astropy-sphinx-theme           1.1                  pyhd8ed1ab_0             conda-forge
2025-01-13T15:56:05.8340350Z   asttokens                      2.4.1                pyhd8ed1ab_0             conda-forge
2025-01-13T15:56:05.8340930Z   async-lru                      2.0.4                pyhd8ed1ab_0             conda-forge
2025-01-13T15:56:05.8341330Z   atk-1.0                        2.38.0               hd03087b_2               conda-forge
2025-01-13T15:56:05.8341780Z   attrs                          23.2.0               pyh71513ae_0             conda-forge
2025-01-13T15:56:05.8342140Z   babel                          2.14.0               pyhd8ed1ab_0             conda-forge
2025-01-13T15:56:05.8342610Z   beautifulsoup4                 4.12.3               pyha770c72_0             conda-forge
2025-01-13T15:56:05.8343070Z   bleach                         6.1.0                pyhd8ed1ab_0             conda-forge
2025-01-13T15:56:05.8343420Z   blosc                          1.21.5               h9c252e8_1               conda-forge
2025-01-13T15:56:05.8343880Z   brotli                         1.1.0                hb547adb_1               conda-forge
2025-01-13T15:56:05.8344230Z   brotli-bin                     1.1.0                hb547adb_1               conda-forge
2025-01-13T15:56:05.8346490Z   brotli-python                  1.1.0                py312h9f69965_1          conda-forge
2025-01-13T15:56:05.8347240Z   bzip2                          1.0.8                h93a5062_5               conda-forge
2025-01-13T15:56:05.8347680Z   c-ares                         1.28.1               h93a5062_0               conda-forge
2025-01-13T15:56:05.8347990Z   c-blosc2                       2.14.4               ha57e6be_1               conda-forge
2025-01-13T15:56:05.8348330Z   ca-certificates                2024.6.2             hf0a4a13_0               conda-forge
2025-01-13T15:56:05.8349630Z   cached-property                1.5.2                hd8ed1ab_1               conda-forge
2025-01-13T15:56:05.8349970Z   cached_property                1.5.2                pyha770c72_1             conda-forge
2025-01-13T15:56:05.8350640Z   cairo                          1.18.0               hd1e100b_0               conda-forge
2025-01-13T15:56:05.8351260Z   certifi                        2024.6.2             pyhd8ed1ab_0             conda-forge
2025-01-13T15:56:05.8352800Z   cffi                           1.16.0               py312h8e38eb3_0          conda-forge
2025-01-13T15:56:05.8353260Z   charset-normalizer             3.3.2                pyhd8ed1ab_0             conda-forge
2025-01-13T15:56:05.8353710Z   click                          8.1.7                unix_pyh707e725_0        conda-forge
2025-01-13T15:56:05.8354090Z   codespell                      2.3.0                pyhd8ed1ab_0             conda-forge
2025-01-13T15:56:05.8354490Z   colorama                       0.4.6                pyhd8ed1ab_0             conda-forge
2025-01-13T15:56:05.8354870Z   comm                           0.2.2                pyhd8ed1ab_0             conda-forge
2025-01-13T15:56:05.8355200Z   commonmark                     0.9.1                py_0                     conda-forge
2025-01-13T15:56:05.8355590Z   contourpy                      1.2.1                py312h0fef576_0          conda-forge
2025-01-13T15:56:05.8356840Z   coverage                       7.5.3                py312h7e5086c_0          conda-forge
2025-01-13T15:56:05.8357750Z   cycler                         0.12.1               pyhd8ed1ab_0             conda-forge
2025-01-13T15:56:05.8358220Z   dataclasses                    0.8                  pyhc8e2a94_3             conda-forge
2025-01-13T15:56:05.8358550Z   debugpy                        1.8.1                py312h20a0b95_0          conda-forge
2025-01-13T15:56:05.8358860Z   decorator                      5.1.1                pyhd8ed1ab_0             conda-forge
2025-01-13T15:56:05.8359550Z   defusedxml                     0.7.1                pyhd8ed1ab_0             conda-forge
2025-01-13T15:56:05.8361190Z   docutils                       0.20.1               py312h81bd7bf_3          conda-forge
2025-01-13T15:56:05.8362770Z   dot2tex                        2.11.3               pyhd8ed1ab_0             conda-forge
2025-01-13T15:56:05.8363600Z   entrypoints                    0.4                  pyhd8ed1ab_0             conda-forge
2025-01-13T15:56:05.8364040Z   exceptiongroup                 1.2.0                pyhd8ed1ab_2             conda-forge
2025-01-13T15:56:05.8364460Z   executing                      2.0.1                pyhd8ed1ab_0             conda-forge
2025-01-13T15:56:05.8364910Z   expat                          2.6.2                hebf3989_0               conda-forge
2025-01-13T15:56:05.8365370Z   font-ttf-dejavu-sans-mono      2.37                 hab24e00_0               conda-forge
2025-01-13T15:56:05.8365870Z   font-ttf-inconsolata           3.000                h77eed37_0               conda-forge
2025-01-13T15:56:05.8366440Z   font-ttf-source-code-pro       2.038                h77eed37_0               conda-forge
2025-01-13T15:56:05.8366960Z   font-ttf-ubuntu                0.83                 h77eed37_2               conda-forge
2025-01-13T15:56:05.8367470Z   fontconfig                     2.14.2               h82840c6_0               conda-forge
2025-01-13T15:56:05.8367950Z   fonts-conda-ecosystem          1                    0                        conda-forge
2025-01-13T15:56:05.8368570Z   fonts-conda-forge              1                    0                        conda-forge
2025-01-13T15:56:05.8368980Z   fonttools                      4.53.0               py312h7e5086c_0          conda-forge
2025-01-13T15:56:05.8369460Z   fqdn                           1.5.1                pyhd8ed1ab_0             conda-forge
2025-01-13T15:56:05.8370000Z   freetype                       2.12.1               hadb7bae_2               conda-forge
2025-01-13T15:56:05.8370890Z   fribidi                        1.0.10               h27ca646_0               conda-forge
2025-01-13T15:56:05.8371380Z   future                         1.0.0                pyhd8ed1ab_0             conda-forge
2025-01-13T15:56:05.8371750Z   gdk-pixbuf                     2.42.12              h7ddc832_0               conda-forge
2025-01-13T15:56:05.8372120Z   gettext                        0.22.5               h8fbad5d_2               conda-forge
2025-01-13T15:56:05.8372880Z   gettext-tools                  0.22.5               h8fbad5d_2               conda-forge
2025-01-13T15:56:05.8373360Z   giflib                         5.2.2                h93a5062_0               conda-forge
2025-01-13T15:56:05.8373630Z   git-lfs                        3.5.1                hce30654_0               conda-forge
2025-01-13T15:56:05.8373930Z   gmp                            6.3.0                hebf3989_1               conda-forge
2025-01-13T15:56:05.8374230Z   gmpy2                          2.1.5                py312hfa9fade_1          conda-forge
2025-01-13T15:56:05.8374540Z   graphite2                      1.3.13               hebf3989_1003            conda-forge
2025-01-13T15:56:05.8374850Z   graphviz                       11.0.0               h9bb9bc9_0               conda-forge
2025-01-13T15:56:05.8375150Z   gtk2                           2.24.33              h7895bb2_4               conda-forge
2025-01-13T15:56:05.8375910Z   gts                            0.7.6                he42f4ea_4               conda-forge
2025-01-13T15:56:05.8376300Z   h11                            0.14.0               pyhd8ed1ab_0             conda-forge
2025-01-13T15:56:05.8376580Z   h2                             4.1.0                pyhd8ed1ab_0             conda-forge
2025-01-13T15:56:05.8376850Z   h5py                           3.11.0               nompi_py312h903599c_102  conda-forge
2025-01-13T15:56:05.8377200Z   harfbuzz                       8.5.0                h1836168_0               conda-forge
2025-01-13T15:56:05.8377630Z   hdf5                           1.14.3               nompi_hec07895_105       conda-forge
2025-01-13T15:56:05.8377970Z   hpack                          4.0.0                pyh9f0ad1d_0             conda-forge
2025-01-13T15:56:05.8378530Z   httpcore                       1.0.5                pyhd8ed1ab_0             conda-forge
2025-01-13T15:56:05.8378910Z   httpx                          0.27.0               pyhd8ed1ab_0             conda-forge
2025-01-13T15:56:05.8379210Z   hyperframe                     6.0.1                pyhd8ed1ab_0             conda-forge
2025-01-13T15:56:05.8379990Z   icu                            73.2                 hc8870d7_0               conda-forge
2025-01-13T15:56:05.8380280Z   idna                           3.7                  pyhd8ed1ab_0             conda-forge
2025-01-13T15:56:05.8380570Z   imagesize                      1.4.1                pyhd8ed1ab_0             conda-forge
2025-01-13T15:56:05.8380900Z   importlib-metadata             7.1.0                pyha770c72_0             conda-forge
2025-01-13T15:56:05.8381290Z   importlib_metadata             7.1.0                hd8ed1ab_0               conda-forge
2025-01-13T15:56:05.8381710Z   importlib_resources            6.4.0                pyhd8ed1ab_0             conda-forge
2025-01-13T15:56:05.8382030Z   iniconfig                      2.0.0                pyhd8ed1ab_0             conda-forge
2025-01-13T15:56:05.8382340Z   ipykernel                      6.29.4               pyh57ce528_0             conda-forge
2025-01-13T15:56:05.8382670Z   ipython                        8.25.0               pyh707e725_0             conda-forge
2025-01-13T15:56:05.8383020Z   ipython_genutils               0.2.0                pyhd8ed1ab_1             conda-forge
2025-01-13T15:56:05.8383340Z   ipywidgets                     7.8.0                pyhd8ed1ab_0             conda-forge
2025-01-13T15:56:05.8383690Z   isoduration                    20.11.0              pyhd8ed1ab_0             conda-forge
2025-01-13T15:56:05.8385650Z   jedi                           0.19.1               pyhd8ed1ab_0             conda-forge
2025-01-13T15:56:05.8386120Z   jinja2                         3.1.4                pyhd8ed1ab_0             conda-forge
2025-01-13T15:56:05.8386400Z   json5                          0.9.25               pyhd8ed1ab_0             conda-forge
2025-01-13T15:56:05.8386700Z   jsonpointer                    3.0.0                py312h81bd7bf_0          conda-forge
2025-01-13T15:56:05.8387470Z   jsonschema                     4.22.0               pyhd8ed1ab_0             conda-forge
2025-01-13T15:56:05.8387830Z   jsonschema-specifications      2023.12.1            pyhd8ed1ab_0             conda-forge
2025-01-13T15:56:05.8388240Z   jsonschema-with-format-nongpl  4.22.0               pyhd8ed1ab_0             conda-forge
2025-01-13T15:56:05.8388580Z   jupyter-lsp                    2.2.5                pyhd8ed1ab_0             conda-forge
2025-01-13T15:56:05.8388900Z   jupyter_client                 8.6.2                pyhd8ed1ab_0             conda-forge
2025-01-13T15:56:05.8389210Z   jupyter_core                   5.7.2                py312h81bd7bf_0          conda-forge
2025-01-13T15:56:05.8389570Z   jupyter_events                 0.10.0               pyhd8ed1ab_0             conda-forge
2025-01-13T15:56:05.8389980Z   jupyter_server                 2.14.1               pyhd8ed1ab_0             conda-forge
2025-01-13T15:56:05.8390370Z   jupyter_server_terminals       0.5.3                pyhd8ed1ab_0             conda-forge
2025-01-13T15:56:05.8390880Z   jupyterlab                     4.2.2                pyhd8ed1ab_0             conda-forge
2025-01-13T15:56:05.8391320Z   jupyterlab_pygments            0.3.0                pyhd8ed1ab_1             conda-forge
2025-01-13T15:56:05.8391790Z   jupyterlab_server              2.27.2               pyhd8ed1ab_0             conda-forge
2025-01-13T15:56:05.8392210Z   jupyterlab_widgets             1.1.7                pyhd8ed1ab_0             conda-forge
2025-01-13T15:56:05.8392740Z   kiwisolver                     1.4.5                py312h389731b_1          conda-forge
2025-01-13T15:56:05.8393190Z   krb5                           1.21.2               h92f50d5_0               conda-forge
2025-01-13T15:56:05.8393540Z   latexcodec                     2.0.1                pyh9f0ad1d_0             conda-forge
2025-01-13T15:56:05.8393880Z   lcms2                          2.16                 ha0e7c42_0               conda-forge
2025-01-13T15:56:05.8394150Z   lerc                           4.0.0                h9a09cb3_0               conda-forge
2025-01-13T15:56:05.8394560Z   libaec                         1.1.3                hebf3989_0               conda-forge
2025-01-13T15:56:05.8395210Z   libasprintf                    0.22.5               h8fbad5d_2               conda-forge
2025-01-13T15:56:05.8396950Z   libasprintf-devel              0.22.5               h8fbad5d_2               conda-forge
2025-01-13T15:56:05.8398000Z   libblas                        3.9.0                22_osxarm64_openblas     conda-forge
2025-01-13T15:56:05.8399700Z   libbrotlicommon                1.1.0                hb547adb_1               conda-forge
2025-01-13T15:56:05.8400910Z   libbrotlidec                   1.1.0                hb547adb_1               conda-forge
2025-01-13T15:56:05.8401740Z   libbrotlienc                   1.1.0                hb547adb_1               conda-forge
2025-01-13T15:56:05.8402160Z   libcblas                       3.9.0                22_osxarm64_openblas     conda-forge
2025-01-13T15:56:05.8402590Z   libcurl                        8.8.0                h7b6f9a7_0               conda-forge
2025-01-13T15:56:05.8403050Z   libcxx                         17.0.6               h5f092b4_0               conda-forge
2025-01-13T15:56:05.8403670Z   libdeflate                     1.20                 h93a5062_0               conda-forge
2025-01-13T15:56:05.8404110Z   libedit                        3.1.20191231         hc8eb9b7_2               conda-forge
2025-01-13T15:56:05.8404750Z   libev                          4.33                 h93a5062_2               conda-forge
2025-01-13T15:56:05.8405050Z   libexpat                       2.6.2                hebf3989_0               conda-forge
2025-01-13T15:56:05.8405380Z   libffi                         3.4.2                h3422bc3_5               conda-forge
2025-01-13T15:56:05.8405710Z   libgd                          2.3.3                hfdf3952_9               conda-forge
2025-01-13T15:56:05.8406280Z   libgettextpo                   0.22.5               h8fbad5d_2               conda-forge
2025-01-13T15:56:05.8406650Z   libgettextpo-devel             0.22.5               h8fbad5d_2               conda-forge
2025-01-13T15:56:05.8407170Z   libgfortran                    5.0.0                13_2_0_hd922786_3        conda-forge
2025-01-13T15:56:05.8407470Z   libgfortran5                   13.2.0               hf226fd6_3               conda-forge
2025-01-13T15:56:05.8407770Z   libglib                        2.80.2               h59d46d9_1               conda-forge
2025-01-13T15:56:05.8408100Z   libiconv                       1.17                 h0d3ecfb_2               conda-forge
2025-01-13T15:56:05.8408480Z   libintl                        0.22.5               h8fbad5d_2               conda-forge
2025-01-13T15:56:05.8408780Z   libintl-devel                  0.22.5               h8fbad5d_2               conda-forge
2025-01-13T15:56:05.8409110Z   libjpeg-turbo                  3.0.0                hb547adb_1               conda-forge
2025-01-13T15:56:05.8409430Z   liblapack                      3.9.0                22_osxarm64_openblas     conda-forge
2025-01-13T15:56:05.8409840Z   libllvm14                      14.0.6               hd1a9a77_4               conda-forge
2025-01-13T15:56:05.8410190Z   libnghttp2                     1.58.0               ha4dd798_1               conda-forge
2025-01-13T15:56:05.8410530Z   libopenblas                    0.3.27               openmp_h6c19121_0        conda-forge
2025-01-13T15:56:05.8410880Z   libpng                         1.6.43               h091b4b1_0               conda-forge
2025-01-13T15:56:05.8411160Z   librsvg                        2.58.1               hbc281fb_0               conda-forge
2025-01-13T15:56:05.8411490Z   libsodium                      1.0.18               h27ca646_1               conda-forge
2025-01-13T15:56:05.8411840Z   libsqlite                      3.46.0               hfb93653_0               conda-forge
2025-01-13T15:56:05.8412250Z   libssh2                        1.11.0               h7a5bd25_0               conda-forge
2025-01-13T15:56:05.8412640Z   libtiff                        4.6.0                h07db509_3               conda-forge
2025-01-13T15:56:05.8412910Z   libwebp                        1.4.0                h54798ee_0               conda-forge
2025-01-13T15:56:05.8413250Z   libwebp-base                   1.4.0                h93a5062_0               conda-forge
2025-01-13T15:56:05.8413590Z   libxcb                         1.16                 hf2054a2_0               conda-forge
2025-01-13T15:56:05.8413960Z   libxml2                        2.12.7               ha661575_1               conda-forge
2025-01-13T15:56:05.8414330Z   libxslt                        1.1.39               h223e5b9_0               conda-forge
2025-01-13T15:56:05.8414700Z   libzlib                        1.3.1                hfb2fe0b_1               conda-forge
2025-01-13T15:56:05.8415090Z   llvm-openmp                    18.1.7               hde57baf_0               conda-forge
2025-01-13T15:56:05.8415440Z   llvmlite                       0.42.0               py312h17030e7_1          conda-forge
2025-01-13T15:56:05.8415750Z   lxml                           5.2.2                py312h0e5ab22_0          conda-forge
2025-01-13T15:56:05.8416020Z   lz4-c                          1.9.4                hb7217d7_0               conda-forge
2025-01-13T15:56:05.8416300Z   markupsafe                     2.1.5                py312he37b823_0          conda-forge
2025-01-13T15:56:05.8417020Z   matplotlib-base                3.8.4                py312h4479663_2          conda-forge
2025-01-13T15:56:05.8417370Z   matplotlib-inline              0.1.7                pyhd8ed1ab_0             conda-forge
2025-01-13T15:56:05.8417780Z   mistune                        3.0.2                pyhd8ed1ab_0             conda-forge
2025-01-13T15:56:05.8418130Z   mpc                            1.3.1                h91ba8db_0               conda-forge
2025-01-13T15:56:05.8418680Z   mpfr                           4.2.1                h41d338b_1               conda-forge
2025-01-13T15:56:05.8418960Z   mpmath                         1.3.0                pyhd8ed1ab_0             conda-forge
2025-01-13T15:56:05.8419330Z   munkres                        1.1.4                pyh9f0ad1d_0             conda-forge
2025-01-13T15:56:05.8419640Z   mypy_extensions                1.0.0                pyha770c72_0             conda-forge
2025-01-13T15:56:05.8419950Z   nbclassic                      1.1.0                pyhd8ed1ab_0             conda-forge
2025-01-13T15:56:05.8420260Z   nbclient                       0.10.0               pyhd8ed1ab_0             conda-forge
2025-01-13T15:56:05.8420550Z   nbconvert                      7.16.4               hd8ed1ab_1               conda-forge
2025-01-13T15:56:05.8420980Z   nbconvert-core                 7.16.4               pyhd8ed1ab_1             conda-forge
2025-01-13T15:56:05.8422480Z   nbconvert-pandoc               7.16.4               hd8ed1ab_1               conda-forge
2025-01-13T15:56:05.8423970Z   nbformat                       5.10.4               pyhd8ed1ab_0             conda-forge
2025-01-13T15:56:05.8424320Z   nbsphinx                       0.9.4                pyhd8ed1ab_0             conda-forge
2025-01-13T15:56:05.8426230Z   ncurses                        6.5                  hb89a1cb_0               conda-forge
2025-01-13T15:56:05.8426540Z   nest-asyncio                   1.6.0                pyhd8ed1ab_0             conda-forge
2025-01-13T15:56:05.8426860Z   networkx                       3.3                  pyhd8ed1ab_1             conda-forge
2025-01-13T15:56:05.8427140Z   notebook                       7.2.1                pyhd8ed1ab_0             conda-forge
2025-01-13T15:56:05.8427440Z   notebook-shim                  0.2.4                pyhd8ed1ab_0             conda-forge
2025-01-13T15:56:05.8427740Z   numba                          0.59.1               py312hbaff935_0          conda-forge
2025-01-13T15:56:05.8428050Z   numexpr                        2.10.0               py312h8ae5369_0          conda-forge
2025-01-13T15:56:05.8428570Z   numpy                          1.26.4               py312h8442bc7_0          conda-forge
2025-01-13T15:56:05.8429120Z   numpydoc                       1.7.0                pyhd8ed1ab_1             conda-forge
2025-01-13T15:56:05.8429410Z   openjpeg                       2.5.2                h9f1df11_0               conda-forge
2025-01-13T15:56:05.8429700Z   openssl                        3.3.1                hfb2fe0b_0               conda-forge
2025-01-13T15:56:05.8429990Z   overrides                      7.7.0                pyhd8ed1ab_0             conda-forge
2025-01-13T15:56:05.8430550Z   packaging                      24.1                 pyhd8ed1ab_0             conda-forge
2025-01-13T15:56:05.8430910Z   pandas                         2.2.2                py312h8ae5369_1          conda-forge
2025-01-13T15:56:05.8431320Z   pandoc                         3.2                  hce30654_0               conda-forge
2025-01-13T15:56:05.8431770Z   pandocfilters                  1.5.0                pyhd8ed1ab_0             conda-forge
2025-01-13T15:56:05.8432180Z   pango                          1.54.0               h5cb9fbc_0               conda-forge
2025-01-13T15:56:05.8441850Z   parso                          0.8.4                pyhd8ed1ab_0             conda-forge
2025-01-13T15:56:05.8442170Z   pathspec                       0.12.1               pyhd8ed1ab_0             conda-forge
2025-01-13T15:56:05.8443350Z   pbr                            6.0.0                pyhd8ed1ab_0             conda-forge
2025-01-13T15:56:05.8443650Z   pcre2                          10.44                h297a79d_0               conda-forge
2025-01-13T15:56:05.8444260Z   pexpect                        4.9.0                pyhd8ed1ab_0             conda-forge
2025-01-13T15:56:05.8444570Z   pickleshare                    0.7.5                py_1003                  conda-forge
2025-01-13T15:56:05.8445310Z   pillow                         10.3.0               py312h39b1d8d_1          conda-forge
2025-01-13T15:56:05.8445590Z   pip                            24.0                 pyhd8ed1ab_0             conda-forge
2025-01-13T15:56:05.8445870Z   pixman                         0.43.4               hebf3989_0               conda-forge
2025-01-13T15:56:05.8446190Z   pkgutil-resolve-name           1.3.10               pyhd8ed1ab_1             conda-forge
2025-01-13T15:56:05.8446520Z   platformdirs                   4.2.2                pyhd8ed1ab_0             conda-forge
2025-01-13T15:56:05.8446820Z   plotly                         5.22.0               pyhd8ed1ab_0             conda-forge
2025-01-13T15:56:05.8447340Z   pluggy                         1.5.0                pyhd8ed1ab_0             conda-forge
2025-01-13T15:56:05.8447650Z   prometheus_client              0.20.0               pyhd8ed1ab_0             conda-forge
2025-01-13T15:56:05.8447980Z   prompt-toolkit                 3.0.47               pyha770c72_0             conda-forge
2025-01-13T15:56:05.8448280Z   psutil                         5.9.8                py312he37b823_0          conda-forge
2025-01-13T15:56:05.8448570Z   pthread-stubs                  0.4                  h27ca646_1001            conda-forge
2025-01-13T15:56:05.8448880Z   ptyprocess                     0.7.0                pyhd3deb0d_0             conda-forge
2025-01-13T15:56:05.8449180Z   pure_eval                      0.2.2                pyhd8ed1ab_0             conda-forge
2025-01-13T15:56:05.8449470Z   py-cpuinfo                     9.0.0                pyhd8ed1ab_0             conda-forge
2025-01-13T15:56:05.8449770Z   pybtex                         0.24.0               pyhd8ed1ab_2             conda-forge
2025-01-13T15:56:05.8450070Z   pybtex-docutils                1.0.3                py312h81bd7bf_1          conda-forge
2025-01-13T15:56:05.8450390Z   pycparser                      2.22                 pyhd8ed1ab_0             conda-forge
2025-01-13T15:56:05.8451030Z   pyerfa                         2.0.1.4              py312hbebd99a_1          conda-forge
2025-01-13T15:56:05.8451340Z   pygments                       2.18.0               pyhd8ed1ab_0             conda-forge
2025-01-13T15:56:05.8451630Z   pygraphviz                     1.13                 py312h5f4d302_1          conda-forge
2025-01-13T15:56:05.8451940Z   pyobjc-core                    10.3.1               py312hbb55c70_0          conda-forge
2025-01-13T15:56:05.8452280Z   pyobjc-framework-cocoa         10.3.1               py312hbb55c70_0          conda-forge
2025-01-13T15:56:05.8452610Z   pyparsing                      3.1.2                pyhd8ed1ab_0             conda-forge
2025-01-13T15:56:05.8452980Z   pysocks                        1.7.1                pyha2e5f31_6             conda-forge
2025-01-13T15:56:05.8453280Z   pytables                       3.9.2                py312hb622ae1_2          conda-forge
2025-01-13T15:56:05.8453570Z   pytest                         8.2.2                pyhd8ed1ab_0             conda-forge
2025-01-13T15:56:05.8453870Z   pytest-cov                     5.0.0                pyhd8ed1ab_0             conda-forge
2025-01-13T15:56:05.8454190Z   pytest-doctestplus             1.2.1                pyhd8ed1ab_0             conda-forge
2025-01-13T15:56:05.8454520Z   pytest-html                    4.1.1                pyhd8ed1ab_0             conda-forge
2025-01-13T15:56:05.8454830Z   pytest-metadata                3.1.1                pyhd8ed1ab_0             conda-forge
2025-01-13T15:56:05.8455130Z   python                         3.12.4               h30c5eda_0_cpython       conda-forge
2025-01-13T15:56:05.8455880Z   python-dateutil                2.9.0                pyhd8ed1ab_0             conda-forge
2025-01-13T15:56:05.8456230Z   python-fastjsonschema          2.20.0               pyhd8ed1ab_0             conda-forge
2025-01-13T15:56:05.8456580Z   python-json-logger             2.0.7                pyhd8ed1ab_0             conda-forge
2025-01-13T15:56:05.8457040Z   python-tzdata                  2024.1               pyhd8ed1ab_0             conda-forge
2025-01-13T15:56:05.8457340Z   python_abi                     3.12                 4_cp312                  conda-forge
2025-01-13T15:56:05.8457630Z   pytz                           2024.1               pyhd8ed1ab_0             conda-forge
2025-01-13T15:56:05.8457910Z   pyyaml                         6.0.1                py312h02f2b3b_1          conda-forge
2025-01-13T15:56:05.8458490Z   pyzmq                          26.0.3               py312hfa13136_0          conda-forge
2025-01-13T15:56:05.8458770Z   qgrid                          1.3.1                pyhd8ed1ab_4             conda-forge
2025-01-13T15:56:05.8459080Z   radioactivedecay               0.5.1                pyhd8ed1ab_0             conda-forge
2025-01-13T15:56:05.8459390Z   readline                       8.2                  h92ec313_1               conda-forge
2025-01-13T15:56:05.8459700Z   recommonmark                   0.7.1                pyhd8ed1ab_0             conda-forge
2025-01-13T15:56:05.8460010Z   referencing                    0.35.1               pyhd8ed1ab_0             conda-forge
2025-01-13T15:56:05.8460310Z   requests                       2.32.3               pyhd8ed1ab_0             conda-forge
2025-01-13T15:56:05.8460610Z   rfc3339-validator              0.1.4                pyhd8ed1ab_0             conda-forge
2025-01-13T15:56:05.8460940Z   rfc3986-validator              0.1.1                pyh9f0ad1d_0             conda-forge
2025-01-13T15:56:05.8461240Z   rpds-py                        0.18.1               py312h552d48e_0          conda-forge
2025-01-13T15:56:05.8461530Z   ruff                           0.4.9                py312h3402d49_0          conda-forge
2025-01-13T15:56:05.8462030Z   scipy                          1.13.1               py312h14ffa8f_0          conda-forge
2025-01-13T15:56:05.8462320Z   send2trash                     1.8.3                pyh31c8845_0             conda-forge
2025-01-13T15:56:05.8462630Z   setuptools                     70.0.0               pyhd8ed1ab_0             conda-forge
2025-01-13T15:56:05.8462930Z   setuptools-scm                 8.1.0                pyhd8ed1ab_0             conda-forge
2025-01-13T15:56:05.8463250Z   setuptools_scm                 8.1.0                hd8ed1ab_0               conda-forge
2025-01-13T15:56:05.8463530Z   six                            1.16.0               pyh6c4a22f_0             conda-forge
2025-01-13T15:56:05.8464040Z   snakeviz                       2.2.0                pyhd8ed1ab_0             conda-forge
2025-01-13T15:56:05.8464340Z   snappy                         1.2.0                hd04f947_1               conda-forge
2025-01-13T15:56:05.8464620Z   sniffio                        1.3.1                pyhd8ed1ab_0             conda-forge
2025-01-13T15:56:05.8464920Z   snowballstemmer                2.2.0                pyhd8ed1ab_0             conda-forge
2025-01-13T15:56:05.8465230Z   soupsieve                      2.5                  pyhd8ed1ab_1             conda-forge
2025-01-13T15:56:05.8465520Z   sphinx                         7.3.7                pyhd8ed1ab_0             conda-forge
2025-01-13T15:56:05.8465830Z   sphinx-astropy                 1.9.1                pyhd8ed1ab_0             conda-forge
2025-01-13T15:56:05.8466370Z   sphinx-automodapi              0.17.0               pyh717bed2_1             conda-forge
2025-01-13T15:56:05.8466710Z   sphinx-gallery                 0.16.0               pyhd8ed1ab_0             conda-forge
2025-01-13T15:56:05.8467050Z   sphinx-jsonschema              1.19.1               pyhd8ed1ab_0             conda-forge
2025-01-13T15:56:05.8467630Z   sphinx_bootstrap_theme         0.8.1                pyhd8ed1ab_0             conda-forge
2025-01-13T15:56:05.8467970Z   sphinx_rtd_theme               2.0.0                pyha770c72_0             conda-forge
2025-01-13T15:56:05.8468310Z   sphinxcontrib-apidoc           0.3.0                py_1                     conda-forge
2025-01-13T15:56:05.8468800Z   sphinxcontrib-applehelp        1.0.8                pyhd8ed1ab_0             conda-forge
2025-01-13T15:56:05.8469160Z   sphinxcontrib-bibtex           2.6.2                pyhd8ed1ab_0             conda-forge
2025-01-13T15:56:05.8469510Z   sphinxcontrib-devhelp          1.0.6                pyhd8ed1ab_0             conda-forge
2025-01-13T15:56:05.8469870Z   sphinxcontrib-htmlhelp         2.0.5                pyhd8ed1ab_0             conda-forge
2025-01-13T15:56:05.8470220Z   sphinxcontrib-jquery           4.1                  pyhd8ed1ab_0             conda-forge
2025-01-13T15:56:05.8470890Z   sphinxcontrib-jsmath           1.0.1                pyhd8ed1ab_0             conda-forge
2025-01-13T15:56:05.8471230Z   sphinxcontrib-qthelp           1.0.7                pyhd8ed1ab_0             conda-forge
2025-01-13T15:56:05.8471620Z   sphinxcontrib-serializinghtml  1.1.10               pyhd8ed1ab_0             conda-forge
2025-01-13T15:56:05.8471960Z   stack_data                     0.6.2                pyhd8ed1ab_0             conda-forge
2025-01-13T15:56:05.8472250Z   sympy                          1.12.1               pypyh2585a3b_103         conda-forge
2025-01-13T15:56:05.8472530Z   tabulate                       0.9.0                pyhd8ed1ab_1             conda-forge
2025-01-13T15:56:05.8473050Z   tenacity                       8.4.1                pyhd8ed1ab_0             conda-forge
2025-01-13T15:56:05.8473340Z   terminado                      0.18.1               pyh31c8845_0             conda-forge
2025-01-13T15:56:05.8473630Z   tinycss2                       1.3.0                pyhd8ed1ab_0             conda-forge
2025-01-13T15:56:05.8473910Z   tk                             8.6.13               h5083fa2_1               conda-forge
2025-01-13T15:56:05.8474180Z   toml                           0.10.2               pyhd8ed1ab_0             conda-forge
2025-01-13T15:56:05.8474450Z   tomli                          2.0.1                pyhd8ed1ab_0             conda-forge
2025-01-13T15:56:05.8475190Z   tornado                        6.4.1                py312h7e5086c_0          conda-forge
2025-01-13T15:56:05.8475490Z   tqdm                           4.66.4               pyhd8ed1ab_0             conda-forge
2025-01-13T15:56:05.8475780Z   traitlets                      5.14.3               pyhd8ed1ab_0             conda-forge
2025-01-13T15:56:05.8476070Z   typed-ast                      1.5.5                py312h02f2b3b_1          conda-forge
2025-01-13T15:56:05.8476400Z   types-python-dateutil          2.9.0.20240316       pyhd8ed1ab_0             conda-forge
2025-01-13T15:56:05.8476760Z   typing-extensions              4.12.2               hd8ed1ab_0               conda-forge
2025-01-13T15:56:05.8477590Z   typing_extensions              4.12.2               pyha770c72_0             conda-forge
2025-01-13T15:56:05.8477920Z   typing_utils                   0.1.0                pyhd8ed1ab_0             conda-forge
2025-01-13T15:56:05.8478230Z   tzdata                         2024a                h0c530f3_0               conda-forge
2025-01-13T15:56:05.8478540Z   uri-template                   1.3.0                pyhd8ed1ab_0             conda-forge
2025-01-13T15:56:05.8479010Z   urllib3                        2.2.2                pyhd8ed1ab_0             conda-forge
2025-01-13T15:56:05.8479340Z   wcwidth                        0.2.13               pyhd8ed1ab_0             conda-forge
2025-01-13T15:56:05.8479640Z   webcolors                      24.6.0               pyhd8ed1ab_0             conda-forge
2025-01-13T15:56:05.8479950Z   webencodings                   0.5.1                pyhd8ed1ab_2             conda-forge
2025-01-13T15:56:05.8480540Z   websocket-client               1.8.0                pyhd8ed1ab_0             conda-forge
2025-01-13T15:56:05.8480960Z   wheel                          0.43.0               pyhd8ed1ab_1             conda-forge
2025-01-13T15:56:05.8481330Z   widgetsnbextension             3.6.6                pyhd8ed1ab_0             conda-forge
2025-01-13T15:56:05.8481670Z   xorg-libxau                    1.0.11               hb547adb_0               conda-forge
2025-01-13T15:56:05.8482210Z   xorg-libxdmcp                  1.1.3                h27ca646_0               conda-forge
2025-01-13T15:56:05.8482500Z   xz                             5.2.6                h57fd34a_0               conda-forge
2025-01-13T15:56:05.8482760Z   yaml                           0.2.5                h3422bc3_2               conda-forge
2025-01-13T15:56:05.8483030Z   zeromq                         4.3.5                hcc0f68c_4               conda-forge
2025-01-13T15:56:05.8483930Z   zipp                           3.19.2               pyhd8ed1ab_0             conda-forge
2025-01-13T15:56:05.8484230Z   zlib                           1.3.1                hfb2fe0b_1               conda-forge
2025-01-13T15:56:05.8484500Z   zlib-ng                        2.0.7                h1a8c8d9_0               conda-forge
2025-01-13T15:56:05.8484780Z   zstd                           1.5.6                hb46c0d2_0               conda-forge
2025-01-13T15:56:05.8485240Z ##[endgroup]
2025-01-13T15:56:05.8541710Z ##[group]Run pip install -e . --user
2025-01-13T15:56:05.8541970Z [36;1mpip install -e . --user[0m
2025-01-13T15:56:06.2428470Z shell: /bin/bash -l {0}
2025-01-13T15:56:06.2428670Z env:
2025-01-13T15:56:06.2428800Z   CACHE_NUMBER: 0
2025-01-13T15:56:06.2429530Z   PYTEST_FLAGS: --tardis-regression-data=/Users/runner/work/tardis/tardis/tardis-regression-data --cov=tardis --cov-report=xml --cov-report=html --cov-append
2025-01-13T15:56:06.2430410Z   CODECOV_TOKEN: ***
2025-01-13T15:56:06.2430610Z   MAMBA_ROOT_PREFIX: /Users/runner/micromamba
2025-01-13T15:56:06.2430860Z   MAMBA_EXE: /Users/runner/micromamba-bin/micromamba
2025-01-13T15:56:06.2431150Z   CONDARC: /Users/runner/work/_temp/setup-micromamba/.condarc
2025-01-13T15:56:06.2431390Z ##[endgroup]
2025-01-13T15:56:07.6529550Z Obtaining file:///Users/runner/work/tardis/tardis
2025-01-13T15:56:07.6567210Z   Installing build dependencies: started
2025-01-13T15:56:12.1840900Z   Installing build dependencies: finished with status 'done'
2025-01-13T15:56:12.1929500Z   Checking if build backend supports build_editable: started
2025-01-13T15:56:12.3964180Z   Checking if build backend supports build_editable: finished with status 'done'
2025-01-13T15:56:12.3965160Z   Getting requirements to build editable: started
2025-01-13T15:56:13.1075910Z   Getting requirements to build editable: finished with status 'done'
2025-01-13T15:56:13.1089070Z   Preparing editable metadata (pyproject.toml): started
2025-01-13T15:56:13.7634260Z   Preparing editable metadata (pyproject.toml): finished with status 'done'
2025-01-13T15:56:13.8688130Z Requirement already satisfied: astropy in /Users/runner/micromamba/envs/tardis/lib/python3.12/site-packages (from tardis==0.0.0) (6.1.1)
2025-01-13T15:56:13.9396290Z Requirement already satisfied: numpy>=1.23 in /Users/runner/micromamba/envs/tardis/lib/python3.12/site-packages (from astropy->tardis==0.0.0) (1.26.4)
2025-01-13T15:56:13.9493070Z Requirement already satisfied: pyerfa>=2.0.1.1 in /Users/runner/micromamba/envs/tardis/lib/python3.12/site-packages (from astropy->tardis==0.0.0) (2.0.1.4)
2025-01-13T15:56:13.9561200Z Requirement already satisfied: astropy-iers-data>=0.2024.5.27.0.30.8 in /Users/runner/micromamba/envs/tardis/lib/python3.12/site-packages (from astropy->tardis==0.0.0) (0.2024.6.17.0.31.35)
2025-01-13T15:56:13.9564190Z Requirement already satisfied: PyYAML>=3.13 in /Users/runner/micromamba/envs/tardis/lib/python3.12/site-packages (from astropy->tardis==0.0.0) (6.0.1)
2025-01-13T15:56:13.9568060Z Requirement already satisfied: packaging>=19.0 in /Users/runner/micromamba/envs/tardis/lib/python3.12/site-packages (from astropy->tardis==0.0.0) (24.1)
2025-01-13T15:56:13.9568880Z Building wheels for collected packages: tardis
2025-01-13T15:56:13.9569410Z   Building editable for tardis (pyproject.toml): started
2025-01-13T15:56:14.9540840Z   Building editable for tardis (pyproject.toml): finished with status 'done'
2025-01-13T15:56:14.9645300Z   Created wheel for tardis: filename=tardis-0.0.0-0.editable-py3-none-any.whl size=8876 sha256=7d831be4036afc32bf85ce5227a1691f4211109cacd32a429536a5f71b6f6e41
2025-01-13T15:56:14.9721380Z   Stored in directory: /private/var/folders/ml/x_tvfgn50_s7p67dm1ypcqqm0000gn/T/pip-ephem-wheel-cache-t3z8mfyv/wheels/bb/4f/6a/0829b918c1c10bc28535ce7f14be21eee54375bdd9cd0c306a
2025-01-13T15:56:14.9723890Z Successfully built tardis
2025-01-13T15:56:15.9879270Z Installing collected packages: tardis
2025-01-13T15:56:15.9992910Z Successfully installed tardis-0.0.0
2025-01-13T15:56:16.4911610Z ##[group]Run pip install qgridnext
2025-01-13T15:56:16.4912060Z [36;1mpip install qgridnext[0m
2025-01-13T15:56:16.5008520Z shell: /bin/bash -l {0}
2025-01-13T15:56:16.5009010Z env:
2025-01-13T15:56:16.5009280Z   CACHE_NUMBER: 0
2025-01-13T15:56:16.5009850Z   PYTEST_FLAGS: --tardis-regression-data=/Users/runner/work/tardis/tardis/tardis-regression-data --cov=tardis --cov-report=xml --cov-report=html --cov-append
2025-01-13T15:56:16.5011170Z   CODECOV_TOKEN: ***
2025-01-13T15:56:16.5011760Z   MAMBA_ROOT_PREFIX: /Users/runner/micromamba
2025-01-13T15:56:16.5012130Z   MAMBA_EXE: /Users/runner/micromamba-bin/micromamba
2025-01-13T15:56:16.5012500Z   CONDARC: /Users/runner/work/_temp/setup-micromamba/.condarc
2025-01-13T15:56:16.5012900Z ##[endgroup]
2025-01-13T15:56:17.5001940Z Collecting qgridnext
2025-01-13T15:56:17.5301380Z   Downloading qgridnext-2.0.4-py3-none-any.whl.metadata (9.9 kB)
2025-01-13T15:56:17.5577220Z Requirement already satisfied: pandas>=0.20.0 in /Users/runner/micromamba/envs/tardis/lib/python3.12/site-packages (from qgridnext) (2.2.2)
2025-01-13T15:56:17.5594470Z Requirement already satisfied: ipywidgets>=7.0.0 in /Users/runner/micromamba/envs/tardis/lib/python3.12/site-packages (from qgridnext) (7.8.0)
2025-01-13T15:56:17.5606490Z Requirement already satisfied: numpy in /Users/runner/micromamba/envs/tardis/lib/python3.12/site-packages (from qgridnext) (1.26.4)
2025-01-13T15:56:17.5620360Z Requirement already satisfied: traitlets in /Users/runner/micromamba/envs/tardis/lib/python3.12/site-packages (from qgridnext) (5.14.3)
2025-01-13T15:56:17.5690770Z Requirement already satisfied: comm>=0.1.3 in /Users/runner/micromamba/envs/tardis/lib/python3.12/site-packages (from ipywidgets>=7.0.0->qgridnext) (0.2.2)
2025-01-13T15:56:17.5701460Z Requirement already satisfied: ipython-genutils~=0.2.0 in /Users/runner/micromamba/envs/tardis/lib/python3.12/site-packages (from ipywidgets>=7.0.0->qgridnext) (0.2.0)
2025-01-13T15:56:17.5717660Z Requirement already satisfied: widgetsnbextension~=3.6.5 in /Users/runner/micromamba/envs/tardis/lib/python3.12/site-packages (from ipywidgets>=7.0.0->qgridnext) (3.6.6)
2025-01-13T15:56:17.5730380Z Requirement already satisfied: ipython>=4.0.0 in /Users/runner/micromamba/envs/tardis/lib/python3.12/site-packages (from ipywidgets>=7.0.0->qgridnext) (8.25.0)
2025-01-13T15:56:17.5742860Z Requirement already satisfied: jupyterlab-widgets<3,>=1.0.0 in /Users/runner/micromamba/envs/tardis/lib/python3.12/site-packages (from ipywidgets>=7.0.0->qgridnext) (1.1.7)
2025-01-13T15:56:17.6187580Z Requirement already satisfied: python-dateutil>=2.8.2 in /Users/runner/micromamba/envs/tardis/lib/python3.12/site-packages (from pandas>=0.20.0->qgridnext) (2.9.0)
2025-01-13T15:56:17.6199020Z Requirement already satisfied: pytz>=2020.1 in /Users/runner/micromamba/envs/tardis/lib/python3.12/site-packages (from pandas>=0.20.0->qgridnext) (2024.1)
2025-01-13T15:56:17.6203470Z Requirement already satisfied: tzdata>=2022.7 in /Users/runner/micromamba/envs/tardis/lib/python3.12/site-packages (from pandas>=0.20.0->qgridnext) (2024.1)
2025-01-13T15:56:17.6518340Z Requirement already satisfied: decorator in /Users/runner/micromamba/envs/tardis/lib/python3.12/site-packages (from ipython>=4.0.0->ipywidgets>=7.0.0->qgridnext) (5.1.1)
2025-01-13T15:56:17.6620260Z Requirement already satisfied: jedi>=0.16 in /Users/runner/micromamba/envs/tardis/lib/python3.12/site-packages (from ipython>=4.0.0->ipywidgets>=7.0.0->qgridnext) (0.19.1)
2025-01-13T15:56:17.6724470Z Requirement already satisfied: matplotlib-inline in /Users/runner/micromamba/envs/tardis/lib/python3.12/site-packages (from ipython>=4.0.0->ipywidgets>=7.0.0->qgridnext) (0.1.7)
2025-01-13T15:56:17.6827640Z Requirement already satisfied: prompt-toolkit<3.1.0,>=3.0.41 in /Users/runner/micromamba/envs/tardis/lib/python3.12/site-packages (from ipython>=4.0.0->ipywidgets>=7.0.0->qgridnext) (3.0.47)
2025-01-13T15:56:17.6930510Z Requirement already satisfied: pygments>=2.4.0 in /Users/runner/micromamba/envs/tardis/lib/python3.12/site-packages (from ipython>=4.0.0->ipywidgets>=7.0.0->qgridnext) (2.18.0)
2025-01-13T15:56:17.7034990Z Requirement already satisfied: stack-data in /Users/runner/micromamba/envs/tardis/lib/python3.12/site-packages (from ipython>=4.0.0->ipywidgets>=7.0.0->qgridnext) (0.6.2)
2025-01-13T15:56:17.7153560Z Requirement already satisfied: pexpect>4.3 in /Users/runner/micromamba/envs/tardis/lib/python3.12/site-packages (from ipython>=4.0.0->ipywidgets>=7.0.0->qgridnext) (4.9.0)
2025-01-13T15:56:17.7264620Z Requirement already satisfied: six>=1.5 in /Users/runner/micromamba/envs/tardis/lib/python3.12/site-packages (from python-dateutil>=2.8.2->pandas>=0.20.0->qgridnext) (1.16.0)
2025-01-13T15:56:17.7369690Z Requirement already satisfied: notebook>=4.4.1 in /Users/runner/micromamba/envs/tardis/lib/python3.12/site-packages (from widgetsnbextension~=3.6.5->ipywidgets>=7.0.0->qgridnext) (7.2.1)
2025-01-13T15:56:17.7474520Z Requirement already satisfied: parso<0.9.0,>=0.8.3 in /Users/runner/micromamba/envs/tardis/lib/python3.12/site-packages (from jedi>=0.16->ipython>=4.0.0->ipywidgets>=7.0.0->qgridnext) (0.8.4)
2025-01-13T15:56:17.7577350Z Requirement already satisfied: jupyter-server<3,>=2.4.0 in /Users/runner/micromamba/envs/tardis/lib/python3.12/site-packages (from notebook>=4.4.1->widgetsnbextension~=3.6.5->ipywidgets>=7.0.0->qgridnext) (2.14.1)
2025-01-13T15:56:17.7680960Z Requirement already satisfied: jupyterlab-server<3,>=2.27.1 in /Users/runner/micromamba/envs/tardis/lib/python3.12/site-packages (from notebook>=4.4.1->widgetsnbextension~=3.6.5->ipywidgets>=7.0.0->qgridnext) (2.27.2)
2025-01-13T15:56:17.7783080Z Requirement already satisfied: jupyterlab<4.3,>=4.2.0 in /Users/runner/micromamba/envs/tardis/lib/python3.12/site-packages (from notebook>=4.4.1->widgetsnbextension~=3.6.5->ipywidgets>=7.0.0->qgridnext) (4.2.2)
2025-01-13T15:56:17.7887980Z Requirement already satisfied: notebook-shim<0.3,>=0.2 in /Users/runner/micromamba/envs/tardis/lib/python3.12/site-packages (from notebook>=4.4.1->widgetsnbextension~=3.6.5->ipywidgets>=7.0.0->qgridnext) (0.2.4)
2025-01-13T15:56:17.7993390Z Requirement already satisfied: tornado>=6.2.0 in /Users/runner/micromamba/envs/tardis/lib/python3.12/site-packages (from notebook>=4.4.1->widgetsnbextension~=3.6.5->ipywidgets>=7.0.0->qgridnext) (6.4.1)
2025-01-13T15:56:17.8087480Z Requirement already satisfied: ptyprocess>=0.5 in /Users/runner/micromamba/envs/tardis/lib/python3.12/site-packages (from pexpect>4.3->ipython>=4.0.0->ipywidgets>=7.0.0->qgridnext) (0.7.0)
2025-01-13T15:56:17.8189610Z Requirement already satisfied: wcwidth in /Users/runner/micromamba/envs/tardis/lib/python3.12/site-packages (from prompt-toolkit<3.1.0,>=3.0.41->ipython>=4.0.0->ipywidgets>=7.0.0->qgridnext) (0.2.13)
2025-01-13T15:56:17.8291750Z Requirement already satisfied: executing>=1.2.0 in /Users/runner/micromamba/envs/tardis/lib/python3.12/site-packages (from stack-data->ipython>=4.0.0->ipywidgets>=7.0.0->qgridnext) (2.0.1)
2025-01-13T15:56:17.8396310Z Requirement already satisfied: asttokens>=2.1.0 in /Users/runner/micromamba/envs/tardis/lib/python3.12/site-packages (from stack-data->ipython>=4.0.0->ipywidgets>=7.0.0->qgridnext) (2.4.1)
2025-01-13T15:56:17.8399950Z Requirement already satisfied: pure-eval in /Users/runner/micromamba/envs/tardis/lib/python3.12/site-packages (from stack-data->ipython>=4.0.0->ipywidgets>=7.0.0->qgridnext) (0.2.2)
2025-01-13T15:56:17.8467010Z Requirement already satisfied: anyio>=3.1.0 in /Users/runner/micromamba/envs/tardis/lib/python3.12/site-packages (from jupyter-server<3,>=2.4.0->notebook>=4.4.1->widgetsnbextension~=3.6.5->ipywidgets>=7.0.0->qgridnext) (4.4.0)
2025-01-13T15:56:17.8555940Z Requirement already satisfied: argon2-cffi>=21.1 in /Users/runner/micromamba/envs/tardis/lib/python3.12/site-packages (from jupyter-server<3,>=2.4.0->notebook>=4.4.1->widgetsnbextension~=3.6.5->ipywidgets>=7.0.0->qgridnext) (23.1.0)
2025-01-13T15:56:17.8622770Z Requirement already satisfied: jinja2>=3.0.3 in /Users/runner/micromamba/envs/tardis/lib/python3.12/site-packages (from jupyter-server<3,>=2.4.0->notebook>=4.4.1->widgetsnbextension~=3.6.5->ipywidgets>=7.0.0->qgridnext) (3.1.4)
2025-01-13T15:56:17.8670070Z Requirement already satisfied: jupyter-client>=7.4.4 in /Users/runner/micromamba/envs/tardis/lib/python3.12/site-packages (from jupyter-server<3,>=2.4.0->notebook>=4.4.1->widgetsnbextension~=3.6.5->ipywidgets>=7.0.0->qgridnext) (8.6.2)
2025-01-13T15:56:17.8709690Z Requirement already satisfied: jupyter-core!=5.0.*,>=4.12 in /Users/runner/micromamba/envs/tardis/lib/python3.12/site-packages (from jupyter-server<3,>=2.4.0->notebook>=4.4.1->widgetsnbextension~=3.6.5->ipywidgets>=7.0.0->qgridnext) (5.7.2)
2025-01-13T15:56:17.8750990Z Requirement already satisfied: jupyter-events>=0.9.0 in /Users/runner/micromamba/envs/tardis/lib/python3.12/site-packages (from jupyter-server<3,>=2.4.0->notebook>=4.4.1->widgetsnbextension~=3.6.5->ipywidgets>=7.0.0->qgridnext) (0.10.0)
2025-01-13T15:56:17.8778760Z Requirement already satisfied: jupyter-server-terminals>=0.4.4 in /Users/runner/micromamba/envs/tardis/lib/python3.12/site-packages (from jupyter-server<3,>=2.4.0->notebook>=4.4.1->widgetsnbextension~=3.6.5->ipywidgets>=7.0.0->qgridnext) (0.5.3)
2025-01-13T15:56:17.8825940Z Requirement already satisfied: nbconvert>=6.4.4 in /Users/runner/micromamba/envs/tardis/lib/python3.12/site-packages (from jupyter-server<3,>=2.4.0->notebook>=4.4.1->widgetsnbextension~=3.6.5->ipywidgets>=7.0.0->qgridnext) (7.16.4)
2025-01-13T15:56:17.8853330Z Requirement already satisfied: nbformat>=5.3.0 in /Users/runner/micromamba/envs/tardis/lib/python3.12/site-packages (from jupyter-server<3,>=2.4.0->notebook>=4.4.1->widgetsnbextension~=3.6.5->ipywidgets>=7.0.0->qgridnext) (5.10.4)
2025-01-13T15:56:17.8883010Z Requirement already satisfied: overrides>=5.0 in /Users/runner/micromamba/envs/tardis/lib/python3.12/site-packages (from jupyter-server<3,>=2.4.0->notebook>=4.4.1->widgetsnbextension~=3.6.5->ipywidgets>=7.0.0->qgridnext) (7.7.0)
2025-01-13T15:56:17.8958160Z Requirement already satisfied: packaging>=22.0 in /Users/runner/micromamba/envs/tardis/lib/python3.12/site-packages (from jupyter-server<3,>=2.4.0->notebook>=4.4.1->widgetsnbextension~=3.6.5->ipywidgets>=7.0.0->qgridnext) (24.1)
2025-01-13T15:56:17.8969610Z Requirement already satisfied: prometheus-client>=0.9 in /Users/runner/micromamba/envs/tardis/lib/python3.12/site-packages (from jupyter-server<3,>=2.4.0->notebook>=4.4.1->widgetsnbextension~=3.6.5->ipywidgets>=7.0.0->qgridnext) (0.20.0)
2025-01-13T15:56:17.8972970Z Requirement already satisfied: pyzmq>=24 in /Users/runner/micromamba/envs/tardis/lib/python3.12/site-packages (from jupyter-server<3,>=2.4.0->notebook>=4.4.1->widgetsnbextension~=3.6.5->ipywidgets>=7.0.0->qgridnext) (26.0.3)
2025-01-13T15:56:17.8976220Z Requirement already satisfied: send2trash>=1.8.2 in /Users/runner/micromamba/envs/tardis/lib/python3.12/site-packages (from jupyter-server<3,>=2.4.0->notebook>=4.4.1->widgetsnbextension~=3.6.5->ipywidgets>=7.0.0->qgridnext) (1.8.3)
2025-01-13T15:56:17.8980480Z Requirement already satisfied: terminado>=0.8.3 in /Users/runner/micromamba/envs/tardis/lib/python3.12/site-packages (from jupyter-server<3,>=2.4.0->notebook>=4.4.1->widgetsnbextension~=3.6.5->ipywidgets>=7.0.0->qgridnext) (0.18.1)
2025-01-13T15:56:17.8982320Z Requirement already satisfied: websocket-client>=1.7 in /Users/runner/micromamba/envs/tardis/lib/python3.12/site-packages (from jupyter-server<3,>=2.4.0->notebook>=4.4.1->widgetsnbextension~=3.6.5->ipywidgets>=7.0.0->qgridnext) (1.8.0)
2025-01-13T15:56:17.8992600Z Requirement already satisfied: async-lru>=1.0.0 in /Users/runner/micromamba/envs/tardis/lib/python3.12/site-packages (from jupyterlab<4.3,>=4.2.0->notebook>=4.4.1->widgetsnbextension~=3.6.5->ipywidgets>=7.0.0->qgridnext) (2.0.4)
2025-01-13T15:56:17.8994700Z Requirement already satisfied: httpx>=0.25.0 in /Users/runner/micromamba/envs/tardis/lib/python3.12/site-packages (from jupyterlab<4.3,>=4.2.0->notebook>=4.4.1->widgetsnbextension~=3.6.5->ipywidgets>=7.0.0->qgridnext) (0.27.0)
2025-01-13T15:56:17.8998190Z Requirement already satisfied: ipykernel>=6.5.0 in /Users/runner/micromamba/envs/tardis/lib/python3.12/site-packages (from jupyterlab<4.3,>=4.2.0->notebook>=4.4.1->widgetsnbextension~=3.6.5->ipywidgets>=7.0.0->qgridnext) (6.29.4)
2025-01-13T15:56:17.8999860Z Requirement already satisfied: jupyter-lsp>=2.0.0 in /Users/runner/micromamba/envs/tardis/lib/python3.12/site-packages (from jupyterlab<4.3,>=4.2.0->notebook>=4.4.1->widgetsnbextension~=3.6.5->ipywidgets>=7.0.0->qgridnext) (2.2.5)
2025-01-13T15:56:17.9005060Z Requirement already satisfied: setuptools>=40.1.0 in /Users/runner/micromamba/envs/tardis/lib/python3.12/site-packages (from jupyterlab<4.3,>=4.2.0->notebook>=4.4.1->widgetsnbextension~=3.6.5->ipywidgets>=7.0.0->qgridnext) (70.0.0)
2025-01-13T15:56:17.9178750Z Requirement already satisfied: babel>=2.10 in /Users/runner/micromamba/envs/tardis/lib/python3.12/site-packages (from jupyterlab-server<3,>=2.27.1->notebook>=4.4.1->widgetsnbextension~=3.6.5->ipywidgets>=7.0.0->qgridnext) (2.14.0)
2025-01-13T15:56:17.9213870Z Requirement already satisfied: json5>=0.9.0 in /Users/runner/micromamba/envs/tardis/lib/python3.12/site-packages (from jupyterlab-server<3,>=2.27.1->notebook>=4.4.1->widgetsnbextension~=3.6.5->ipywidgets>=7.0.0->qgridnext) (0.9.25)
2025-01-13T15:56:17.9249210Z Requirement already satisfied: jsonschema>=4.18.0 in /Users/runner/micromamba/envs/tardis/lib/python3.12/site-packages (from jupyterlab-server<3,>=2.27.1->notebook>=4.4.1->widgetsnbextension~=3.6.5->ipywidgets>=7.0.0->qgridnext) (4.22.0)
2025-01-13T15:56:17.9294780Z Requirement already satisfied: requests>=2.31 in /Users/runner/micromamba/envs/tardis/lib/python3.12/site-packages (from jupyterlab-server<3,>=2.27.1->notebook>=4.4.1->widgetsnbextension~=3.6.5->ipywidgets>=7.0.0->qgridnext) (2.32.3)
2025-01-13T15:56:17.9686960Z Requirement already satisfied: idna>=2.8 in /Users/runner/micromamba/envs/tardis/lib/python3.12/site-packages (from anyio>=3.1.0->jupyter-server<3,>=2.4.0->notebook>=4.4.1->widgetsnbextension~=3.6.5->ipywidgets>=7.0.0->qgridnext) (3.7)
2025-01-13T15:56:17.9703050Z Requirement already satisfied: sniffio>=1.1 in /Users/runner/micromamba/envs/tardis/lib/python3.12/site-packages (from anyio>=3.1.0->jupyter-server<3,>=2.4.0->notebook>=4.4.1->widgetsnbextension~=3.6.5->ipywidgets>=7.0.0->qgridnext) (1.3.1)
2025-01-13T15:56:17.9793010Z Requirement already satisfied: argon2-cffi-bindings in /Users/runner/micromamba/envs/tardis/lib/python3.12/site-packages (from argon2-cffi>=21.1->jupyter-server<3,>=2.4.0->notebook>=4.4.1->widgetsnbextension~=3.6.5->ipywidgets>=7.0.0->qgridnext) (21.2.0)
2025-01-13T15:56:17.9998250Z Requirement already satisfied: certifi in /Users/runner/micromamba/envs/tardis/lib/python3.12/site-packages (from httpx>=0.25.0->jupyterlab<4.3,>=4.2.0->notebook>=4.4.1->widgetsnbextension~=3.6.5->ipywidgets>=7.0.0->qgridnext) (2024.6.2)
2025-01-13T15:56:18.0010070Z Requirement already satisfied: httpcore==1.* in /Users/runner/micromamba/envs/tardis/lib/python3.12/site-packages (from httpx>=0.25.0->jupyterlab<4.3,>=4.2.0->notebook>=4.4.1->widgetsnbextension~=3.6.5->ipywidgets>=7.0.0->qgridnext) (1.0.5)
2025-01-13T15:56:18.0150790Z Requirement already satisfied: h11<0.15,>=0.13 in /Users/runner/micromamba/envs/tardis/lib/python3.12/site-packages (from httpcore==1.*->httpx>=0.25.0->jupyterlab<4.3,>=4.2.0->notebook>=4.4.1->widgetsnbextension~=3.6.5->ipywidgets>=7.0.0->qgridnext) (0.14.0)
2025-01-13T15:56:18.0395370Z Requirement already satisfied: appnope in /Users/runner/micromamba/envs/tardis/lib/python3.12/site-packages (from ipykernel>=6.5.0->jupyterlab<4.3,>=4.2.0->notebook>=4.4.1->widgetsnbextension~=3.6.5->ipywidgets>=7.0.0->qgridnext) (0.1.4)
2025-01-13T15:56:18.0413780Z Requirement already satisfied: debugpy>=1.6.5 in /Users/runner/micromamba/envs/tardis/lib/python3.12/site-packages (from ipykernel>=6.5.0->jupyterlab<4.3,>=4.2.0->notebook>=4.4.1->widgetsnbextension~=3.6.5->ipywidgets>=7.0.0->qgridnext) (1.8.1)
2025-01-13T15:56:18.0461850Z Requirement already satisfied: nest-asyncio in /Users/runner/micromamba/envs/tardis/lib/python3.12/site-packages (from ipykernel>=6.5.0->jupyterlab<4.3,>=4.2.0->notebook>=4.4.1->widgetsnbextension~=3.6.5->ipywidgets>=7.0.0->qgridnext) (1.6.0)
2025-01-13T15:56:18.0473820Z Requirement already satisfied: psutil in /Users/runner/micromamba/envs/tardis/lib/python3.12/site-packages (from ipykernel>=6.5.0->jupyterlab<4.3,>=4.2.0->notebook>=4.4.1->widgetsnbextension~=3.6.5->ipywidgets>=7.0.0->qgridnext) (5.9.8)
2025-01-13T15:56:18.0550810Z Requirement already satisfied: MarkupSafe>=2.0 in /Users/runner/micromamba/envs/tardis/lib/python3.12/site-packages (from jinja2>=3.0.3->jupyter-server<3,>=2.4.0->notebook>=4.4.1->widgetsnbextension~=3.6.5->ipywidgets>=7.0.0->qgridnext) (2.1.5)
2025-01-13T15:56:18.0770640Z Requirement already satisfied: attrs>=22.2.0 in /Users/runner/micromamba/envs/tardis/lib/python3.12/site-packages (from jsonschema>=4.18.0->jupyterlab-server<3,>=2.27.1->notebook>=4.4.1->widgetsnbextension~=3.6.5->ipywidgets>=7.0.0->qgridnext) (23.2.0)
2025-01-13T15:56:18.0776970Z Requirement already satisfied: jsonschema-specifications>=2023.03.6 in /Users/runner/micromamba/envs/tardis/lib/python3.12/site-packages (from jsonschema>=4.18.0->jupyterlab-server<3,>=2.27.1->notebook>=4.4.1->widgetsnbextension~=3.6.5->ipywidgets>=7.0.0->qgridnext) (2023.12.1)
2025-01-13T15:56:18.0784850Z Requirement already satisfied: referencing>=0.28.4 in /Users/runner/micromamba/envs/tardis/lib/python3.12/site-packages (from jsonschema>=4.18.0->jupyterlab-server<3,>=2.27.1->notebook>=4.4.1->widgetsnbextension~=3.6.5->ipywidgets>=7.0.0->qgridnext) (0.35.1)
2025-01-13T15:56:18.0798380Z Requirement already satisfied: rpds-py>=0.7.1 in /Users/runner/micromamba/envs/tardis/lib/python3.12/site-packages (from jsonschema>=4.18.0->jupyterlab-server<3,>=2.27.1->notebook>=4.4.1->widgetsnbextension~=3.6.5->ipywidgets>=7.0.0->qgridnext) (0.18.1)
2025-01-13T15:56:18.1115170Z Requirement already satisfied: platformdirs>=2.5 in /Users/runner/micromamba/envs/tardis/lib/python3.12/site-packages (from jupyter-core!=5.0.*,>=4.12->jupyter-server<3,>=2.4.0->notebook>=4.4.1->widgetsnbextension~=3.6.5->ipywidgets>=7.0.0->qgridnext) (4.2.2)
2025-01-13T15:56:18.1277920Z Requirement already satisfied: python-json-logger>=2.0.4 in /Users/runner/micromamba/envs/tardis/lib/python3.12/site-packages (from jupyter-events>=0.9.0->jupyter-server<3,>=2.4.0->notebook>=4.4.1->widgetsnbextension~=3.6.5->ipywidgets>=7.0.0->qgridnext) (2.0.7)
2025-01-13T15:56:18.1284750Z Requirement already satisfied: pyyaml>=5.3 in /Users/runner/micromamba/envs/tardis/lib/python3.12/site-packages (from jupyter-events>=0.9.0->jupyter-server<3,>=2.4.0->notebook>=4.4.1->widgetsnbextension~=3.6.5->ipywidgets>=7.0.0->qgridnext) (6.0.1)
2025-01-13T15:56:18.1295230Z Requirement already satisfied: rfc3339-validator in /Users/runner/micromamba/envs/tardis/lib/python3.12/site-packages (from jupyter-events>=0.9.0->jupyter-server<3,>=2.4.0->notebook>=4.4.1->widgetsnbextension~=3.6.5->ipywidgets>=7.0.0->qgridnext) (0.1.4)
2025-01-13T15:56:18.1300120Z Requirement already satisfied: rfc3986-validator>=0.1.1 in /Users/runner/micromamba/envs/tardis/lib/python3.12/site-packages (from jupyter-events>=0.9.0->jupyter-server<3,>=2.4.0->notebook>=4.4.1->widgetsnbextension~=3.6.5->ipywidgets>=7.0.0->qgridnext) (0.1.1)
2025-01-13T15:56:18.1796950Z Requirement already satisfied: beautifulsoup4 in /Users/runner/micromamba/envs/tardis/lib/python3.12/site-packages (from nbconvert>=6.4.4->jupyter-server<3,>=2.4.0->notebook>=4.4.1->widgetsnbextension~=3.6.5->ipywidgets>=7.0.0->qgridnext) (4.12.3)
2025-01-13T15:56:18.1811620Z Requirement already satisfied: bleach!=5.0.0 in /Users/runner/micromamba/envs/tardis/lib/python3.12/site-packages (from nbconvert>=6.4.4->jupyter-server<3,>=2.4.0->notebook>=4.4.1->widgetsnbextension~=3.6.5->ipywidgets>=7.0.0->qgridnext) (6.1.0)
2025-01-13T15:56:18.1825020Z Requirement already satisfied: defusedxml in /Users/runner/micromamba/envs/tardis/lib/python3.12/site-packages (from nbconvert>=6.4.4->jupyter-server<3,>=2.4.0->notebook>=4.4.1->widgetsnbextension~=3.6.5->ipywidgets>=7.0.0->qgridnext) (0.7.1)
2025-01-13T15:56:18.1851020Z Requirement already satisfied: jupyterlab-pygments in /Users/runner/micromamba/envs/tardis/lib/python3.12/site-packages (from nbconvert>=6.4.4->jupyter-server<3,>=2.4.0->notebook>=4.4.1->widgetsnbextension~=3.6.5->ipywidgets>=7.0.0->qgridnext) (0.3.0)
2025-01-13T15:56:18.1860310Z Requirement already satisfied: mistune<4,>=2.0.3 in /Users/runner/micromamba/envs/tardis/lib/python3.12/site-packages (from nbconvert>=6.4.4->jupyter-server<3,>=2.4.0->notebook>=4.4.1->widgetsnbextension~=3.6.5->ipywidgets>=7.0.0->qgridnext) (3.0.2)
2025-01-13T15:56:18.1873570Z Requirement already satisfied: nbclient>=0.5.0 in /Users/runner/micromamba/envs/tardis/lib/python3.12/site-packages (from nbconvert>=6.4.4->jupyter-server<3,>=2.4.0->notebook>=4.4.1->widgetsnbextension~=3.6.5->ipywidgets>=7.0.0->qgridnext) (0.10.0)
2025-01-13T15:56:18.1889430Z Requirement already satisfied: pandocfilters>=1.4.1 in /Users/runner/micromamba/envs/tardis/lib/python3.12/site-packages (from nbconvert>=6.4.4->jupyter-server<3,>=2.4.0->notebook>=4.4.1->widgetsnbextension~=3.6.5->ipywidgets>=7.0.0->qgridnext) (1.5.0)
2025-01-13T15:56:18.1901770Z Requirement already satisfied: tinycss2 in /Users/runner/micromamba/envs/tardis/lib/python3.12/site-packages (from nbconvert>=6.4.4->jupyter-server<3,>=2.4.0->notebook>=4.4.1->widgetsnbextension~=3.6.5->ipywidgets>=7.0.0->qgridnext) (1.3.0)
2025-01-13T15:56:18.2023420Z Requirement already satisfied: fastjsonschema>=2.15 in /Users/runner/micromamba/envs/tardis/lib/python3.12/site-packages (from nbformat>=5.3.0->jupyter-server<3,>=2.4.0->notebook>=4.4.1->widgetsnbextension~=3.6.5->ipywidgets>=7.0.0->qgridnext) (2.20.0)
2025-01-13T15:56:18.2421900Z Requirement already satisfied: charset-normalizer<4,>=2 in /Users/runner/micromamba/envs/tardis/lib/python3.12/site-packages (from requests>=2.31->jupyterlab-server<3,>=2.27.1->notebook>=4.4.1->widgetsnbextension~=3.6.5->ipywidgets>=7.0.0->qgridnext) (3.3.2)
2025-01-13T15:56:18.2438740Z Requirement already satisfied: urllib3<3,>=1.21.1 in /Users/runner/micromamba/envs/tardis/lib/python3.12/site-packages (from requests>=2.31->jupyterlab-server<3,>=2.27.1->notebook>=4.4.1->widgetsnbextension~=3.6.5->ipywidgets>=7.0.0->qgridnext) (2.2.2)
2025-01-13T15:56:18.3418500Z Requirement already satisfied: webencodings in /Users/runner/micromamba/envs/tardis/lib/python3.12/site-packages (from bleach!=5.0.0->nbconvert>=6.4.4->jupyter-server<3,>=2.4.0->notebook>=4.4.1->widgetsnbextension~=3.6.5->ipywidgets>=7.0.0->qgridnext) (0.5.1)
2025-01-13T15:56:18.4144370Z Requirement already satisfied: fqdn in /Users/runner/micromamba/envs/tardis/lib/python3.12/site-packages (from jsonschema[format-nongpl]>=4.18.0->jupyter-events>=0.9.0->jupyter-server<3,>=2.4.0->notebook>=4.4.1->widgetsnbextension~=3.6.5->ipywidgets>=7.0.0->qgridnext) (1.5.1)
2025-01-13T15:56:18.4161980Z Requirement already satisfied: isoduration in /Users/runner/micromamba/envs/tardis/lib/python3.12/site-packages (from jsonschema[format-nongpl]>=4.18.0->jupyter-events>=0.9.0->jupyter-server<3,>=2.4.0->notebook>=4.4.1->widgetsnbextension~=3.6.5->ipywidgets>=7.0.0->qgridnext) (20.11.0)
2025-01-13T15:56:18.4182620Z Requirement already satisfied: jsonpointer>1.13 in /Users/runner/micromamba/envs/tardis/lib/python3.12/site-packages (from jsonschema[format-nongpl]>=4.18.0->jupyter-events>=0.9.0->jupyter-server<3,>=2.4.0->notebook>=4.4.1->widgetsnbextension~=3.6.5->ipywidgets>=7.0.0->qgridnext) (3.0.0)
2025-01-13T15:56:18.4215290Z Requirement already satisfied: uri-template in /Users/runner/micromamba/envs/tardis/lib/python3.12/site-packages (from jsonschema[format-nongpl]>=4.18.0->jupyter-events>=0.9.0->jupyter-server<3,>=2.4.0->notebook>=4.4.1->widgetsnbextension~=3.6.5->ipywidgets>=7.0.0->qgridnext) (1.3.0)
2025-01-13T15:56:18.4228230Z Requirement already satisfied: webcolors>=1.11 in /Users/runner/micromamba/envs/tardis/lib/python3.12/site-packages (from jsonschema[format-nongpl]>=4.18.0->jupyter-events>=0.9.0->jupyter-server<3,>=2.4.0->notebook>=4.4.1->widgetsnbextension~=3.6.5->ipywidgets>=7.0.0->qgridnext) (24.6.0)
2025-01-13T15:56:18.5553590Z Requirement already satisfied: cffi>=1.0.1 in /Users/runner/micromamba/envs/tardis/lib/python3.12/site-packages (from argon2-cffi-bindings->argon2-cffi>=21.1->jupyter-server<3,>=2.4.0->notebook>=4.4.1->widgetsnbextension~=3.6.5->ipywidgets>=7.0.0->qgridnext) (1.16.0)
2025-01-13T15:56:18.5786160Z Requirement already satisfied: soupsieve>1.2 in /Users/runner/micromamba/envs/tardis/lib/python3.12/site-packages (from beautifulsoup4->nbconvert>=6.4.4->jupyter-server<3,>=2.4.0->notebook>=4.4.1->widgetsnbextension~=3.6.5->ipywidgets>=7.0.0->qgridnext) (2.5)
2025-01-13T15:56:18.6465110Z Requirement already satisfied: pycparser in /Users/runner/micromamba/envs/tardis/lib/python3.12/site-packages (from cffi>=1.0.1->argon2-cffi-bindings->argon2-cffi>=21.1->jupyter-server<3,>=2.4.0->notebook>=4.4.1->widgetsnbextension~=3.6.5->ipywidgets>=7.0.0->qgridnext) (2.22)
2025-01-13T15:56:18.7121390Z Requirement already satisfied: arrow>=0.15.0 in /Users/runner/micromamba/envs/tardis/lib/python3.12/site-packages (from isoduration->jsonschema[format-nongpl]>=4.18.0->jupyter-events>=0.9.0->jupyter-server<3,>=2.4.0->notebook>=4.4.1->widgetsnbextension~=3.6.5->ipywidgets>=7.0.0->qgridnext) (1.3.0)
2025-01-13T15:56:18.7479290Z Requirement already satisfied: types-python-dateutil>=2.8.10 in /Users/runner/micromamba/envs/tardis/lib/python3.12/site-packages (from arrow>=0.15.0->isoduration->jsonschema[format-nongpl]>=4.18.0->jupyter-events>=0.9.0->jupyter-server<3,>=2.4.0->notebook>=4.4.1->widgetsnbextension~=3.6.5->ipywidgets>=7.0.0->qgridnext) (2.9.0.20240316)
2025-01-13T15:56:18.7835580Z Downloading qgridnext-2.0.4-py3-none-any.whl (1.3 MB)
2025-01-13T15:56:18.8406920Z    ━━━━━━━━━━━━━━━━━━━━━━━━━━━━━━━━━━━━━━━━ 1.3/1.3 MB 23.2 MB/s eta 0:00:00
2025-01-13T15:56:19.8857170Z Installing collected packages: qgridnext
2025-01-13T15:56:19.9776250Z Successfully installed qgridnext-2.0.4
2025-01-13T15:56:20.5080380Z ##[group]Run pytest tardis --tardis-regression-data=/Users/runner/work/tardis/tardis/tardis-regression-data --cov=tardis --cov-report=xml --cov-report=html --cov-append -m "not continuum"
2025-01-13T15:56:20.5081610Z [36;1mpytest tardis --tardis-regression-data=/Users/runner/work/tardis/tardis/tardis-regression-data --cov=tardis --cov-report=xml --cov-report=html --cov-append -m "not continuum"[0m
2025-01-13T15:56:20.5262580Z shell: /bin/bash -l {0}
2025-01-13T15:56:20.5262840Z env:
2025-01-13T15:56:20.5263070Z   CACHE_NUMBER: 0
2025-01-13T15:56:20.5263630Z   PYTEST_FLAGS: --tardis-regression-data=/Users/runner/work/tardis/tardis/tardis-regression-data --cov=tardis --cov-report=xml --cov-report=html --cov-append
2025-01-13T15:56:20.5266410Z   CODECOV_TOKEN: ***
2025-01-13T15:56:20.5266660Z   MAMBA_ROOT_PREFIX: /Users/runner/micromamba
2025-01-13T15:56:20.5266930Z   MAMBA_EXE: /Users/runner/micromamba-bin/micromamba
2025-01-13T15:56:20.5267260Z   CONDARC: /Users/runner/work/_temp/setup-micromamba/.condarc
2025-01-13T15:56:20.5267750Z ##[endgroup]
2025-01-13T15:56:39.3683660Z ============================= test session starts ==============================
2025-01-13T15:56:39.3684470Z platform darwin -- Python 3.12.4, pytest-8.2.2, pluggy-1.5.0
2025-01-13T15:56:39.3684910Z rootdir: /Users/runner/work/tardis/tardis
2025-01-13T15:56:39.3685200Z configfile: pyproject.toml
2025-01-13T15:56:39.3685700Z plugins: cov-5.0.0, html-4.1.1, metadata-3.1.1, doctestplus-1.2.1, anyio-4.4.0
2025-01-13T15:56:39.3686450Z collected 1796 items / 2 deselected / 1794 selected
2025-01-13T15:56:39.3686690Z 
2025-01-13T15:56:43.9624920Z tardis/energy_input/tests/test_energy_source.py ..xxx                    [  0%]
2025-01-13T15:56:45.4899070Z tardis/energy_input/tests/test_gamma_ray_channel.py ...........          [  0%]
2025-01-13T15:56:46.8266950Z tardis/energy_input/tests/test_gamma_ray_grid.py xx.                     [  1%]
2025-01-13T15:56:48.1648820Z tardis/energy_input/tests/test_gamma_ray_interactions.py xx....          [  1%]
2025-01-13T15:56:48.1706100Z tardis/energy_input/tests/test_gamma_ray_packet_source.py sssssssss      [  1%]
2025-01-13T15:56:49.1905720Z tardis/energy_input/tests/test_util.py .....xxxx.....                    [  2%]
2025-01-13T15:56:49.4763580Z tardis/grid/tests/test_grid.py .                                         [  2%]
2025-01-13T15:56:49.4788300Z tardis/gui/tests/test_gui.py s                                           [  2%]
2025-01-13T15:56:52.6143010Z tardis/io/configuration/tests/test_config_reader.py ...........          [  3%]
2025-01-13T15:56:52.6345410Z tardis/io/configuration/tests/test_configuration_namespace.py .........  [  3%]
2025-01-13T15:56:52.6497680Z tardis/io/logger/tests/test_logging.py ssssssssssssssssssssssssssss      [  5%]
2025-01-13T15:57:24.7819110Z tardis/io/model/readers/tests/test_arepo_parser.py ..                    [  5%]
2025-01-13T15:57:24.8037740Z tardis/io/model/readers/tests/test_ascii_readers.py ...                  [  5%]
2025-01-13T15:57:24.8236500Z tardis/io/model/readers/tests/test_cmfgen_reader.py ..                   [  5%]
2025-01-13T15:57:24.8540020Z tardis/io/model/readers/tests/test_csvy_reader.py ....                   [  6%]
2025-01-13T15:57:24.8740180Z tardis/io/model/readers/tests/test_stella_reader.py ..                   [  6%]
2025-01-13T15:57:25.1690440Z tardis/io/tests/test_HDFWriter.py ...............                        [  7%]
2025-01-13T15:57:25.7377890Z tardis/io/tests/test_atomic.py .....                                     [  7%]
2025-01-13T15:57:25.7522770Z tardis/io/tests/test_decay.py ..                                         [  7%]
2025-01-13T15:57:25.8967830Z tardis/io/tests/test_model_reader.py ......                              [  7%]
2025-01-13T15:57:25.9009630Z tardis/model/geometry/tests/test_radial1d.py ..                          [  7%]
2025-01-13T15:57:56.1679430Z tardis/model/tests/test_base.py ........................................ [ 10%]
2025-01-13T15:57:56.9444650Z ............                                                             [ 10%]
2025-01-13T15:57:59.5146550Z tardis/model/tests/test_csvy_model.py .........                          [ 11%]
2025-01-13T15:57:59.5526330Z tardis/model/tests/test_density.py ..                                    [ 11%]
2025-01-13T15:58:00.7971050Z tardis/opacities/tests/test_opacity_solver.py .....                      [ 11%]
2025-01-13T15:58:01.9509480Z tardis/opacities/tests/test_opacity_state_numba.py .....                 [ 11%]
2025-01-13T15:58:03.4425960Z tardis/opacities/tests/test_tau_sobolev.py FF                            [ 12%]
2025-01-13T15:58:05.9260150Z tardis/plasma/equilibrium/tests/test_collisional_transitions.py ...      [ 12%]
2025-01-13T15:58:44.4866120Z tardis/plasma/equilibrium/tests/test_level_populations.py ....           [ 12%]
2025-01-13T15:58:53.4336690Z tardis/plasma/equilibrium/tests/test_rate_matrix.py .                    [ 12%]
2025-01-13T15:58:54.5189520Z tardis/plasma/tests/test_complete_plasmas.py .....................s..... [ 13%]
2025-01-13T15:58:56.6793420Z s....ssssss............s............ss.....s....ssssss............s..... [ 18%]
2025-01-13T15:58:57.9932330Z .......ss.....s....ssssss............s............ss.....s....ssssss.... [ 22%]
2025-01-13T15:59:00.2400350Z ........s............ss.....s........ss............s............ss.....s [ 26%]
2025-01-13T15:59:02.5076690Z ........ss............s............ss.....s....ssssss............s...... [ 30%]
2025-01-13T15:59:03.3127980Z ......ss.....s....ssssss............s............ss.....s.ss.ssssss..... [ 34%]
2025-01-13T15:59:05.6827200Z .......s............ss.....s....ssssss............s............ss.....s. [ 38%]
2025-01-13T15:59:07.7868190Z ...ssssss............s............ss.....s....ssssss............s....... [ 42%]
2025-01-13T15:59:10.7501930Z .....ss.....s....ssssss............s............s...........ssssss...... [ 46%]
2025-01-13T15:59:12.2403930Z ......s............s...........ssssss............s............s......... [ 50%]
2025-01-13T15:59:14.4334050Z ..ssssss............s............ss.....s....ssssss............s........ [ 54%]
2025-01-13T15:59:16.5591880Z ....ss.....s....ssssss..........................s.....s....ssss......... [ 58%]
2025-01-13T15:59:16.8857630Z ...................s.....s....ssss.......                                [ 60%]
2025-01-13T15:59:17.1102740Z tardis/plasma/tests/test_hdf_plasma.py ................................. [ 62%]
2025-01-13T15:59:17.1183920Z ......                                                                   [ 62%]
2025-01-13T15:59:17.3741390Z tardis/plasma/tests/test_nlte_excitation.py ...                          [ 62%]
2025-01-13T16:01:07.2310680Z tardis/plasma/tests/test_nlte_solver.py .....X                           [ 63%]
2025-01-13T16:01:07.2369970Z tardis/plasma/tests/test_plasma_continuum.py .                           [ 63%]
2025-01-13T16:01:28.3347090Z tardis/plasma/tests/test_plasma_vboundary.py .............               [ 63%]
2025-01-13T16:01:38.2706770Z tardis/plasma/tests/test_tardis_model_density_config.py ...              [ 64%]
2025-01-13T16:01:40.0944780Z tardis/simulation/tests/test_convergence.py .....                        [ 64%]
2025-01-13T16:01:46.9709900Z tardis/simulation/tests/test_simulation.py .............                 [ 65%]
2025-01-13T16:01:46.9834580Z tardis/spectrum/tests/test_cuda_formal_integral.py sssssssssssssssssssss [ 66%]
2025-01-13T16:01:47.2701490Z ssss...ssssssssssssssssssssss                                            [ 67%]
2025-01-13T16:01:47.2754900Z tardis/spectrum/tests/test_luminosity.py ....                            [ 68%]
2025-01-13T16:01:48.1058770Z tardis/spectrum/tests/test_numba_formal_integral.py .................... [ 69%]
2025-01-13T16:01:48.1170630Z ..........                                                               [ 69%]
2025-01-13T16:01:48.2370410Z tardis/spectrum/tests/test_spectrum.py ................................. [ 71%]
2025-01-13T16:01:48.2582100Z .........                                                                [ 72%]
2025-01-13T16:02:11.0008220Z tardis/spectrum/tests/test_spectrum_solver.py ....                       [ 72%]
2025-01-13T16:03:11.4893240Z tardis/tests/test_tardis_full.py ....                                    [ 72%]
2025-01-13T16:04:42.0118230Z tardis/tests/test_tardis_full_formal_integral.py ................        [ 73%]
2025-01-13T16:04:42.0822860Z tardis/tests/test_util.py .............................................  [ 75%]
2025-01-13T16:04:44.2231190Z tardis/transport/montecarlo/tests/test_base.py x.....................    [ 77%]
2025-01-13T16:04:48.6765510Z tardis/transport/montecarlo/tests/test_interaction.py .......            [ 77%]
2025-01-13T16:04:48.8188020Z tardis/transport/montecarlo/tests/test_macro_atom.py ....                [ 77%]
2025-01-13T16:04:48.8282520Z tardis/transport/montecarlo/tests/test_montecarlo.py sssssssssssssssssss [ 78%]
2025-01-13T16:04:48.8614090Z sssssssssssssssssssssssssssssssssssssssssssss                            [ 81%]
2025-01-13T16:04:55.8362720Z tardis/transport/montecarlo/tests/test_montecarlo_main_loop.py x..       [ 81%]
2025-01-13T16:04:55.8461780Z tardis/transport/montecarlo/tests/test_nonhomologous.py ...              [ 81%]
2025-01-13T16:04:57.8173080Z tardis/transport/montecarlo/tests/test_numba_interface.py .....x.        [ 82%]
2025-01-13T16:04:58.1459290Z tardis/transport/montecarlo/tests/test_opacities.py ...............      [ 82%]
2025-01-13T16:04:58.9205150Z tardis/transport/montecarlo/tests/test_packet.py .................xXXXXX [ 84%]
2025-01-13T16:04:59.0146520Z XX.........                                                              [ 84%]
2025-01-13T16:04:59.0368220Z tardis/transport/montecarlo/tests/test_packet_source.py ........         [ 85%]
2025-01-13T16:04:59.2693400Z tardis/transport/montecarlo/tests/test_rpacket_last_interaction_tracker.py . [ 85%]
2025-01-13T16:04:59.5188250Z .....                                                                    [ 85%]
2025-01-13T16:05:08.3393940Z tardis/transport/montecarlo/tests/test_rpacket_tracker.py ......         [ 85%]
2025-01-13T16:05:08.3639630Z tardis/transport/montecarlo/tests/test_single_packet_loop.py xxx         [ 86%]
2025-01-13T16:05:08.3684890Z tardis/transport/montecarlo/tests/test_tracker_utils.py ..               [ 86%]
2025-01-13T16:05:09.6106820Z tardis/transport/montecarlo/tests/test_vpacket.py ..x.                   [ 86%]
2025-01-13T16:05:09.6242550Z tardis/transport/montecarlo/tests/test_weighted_packet_source.py ....    [ 86%]
2025-01-13T16:05:12.1440780Z tardis/transport/montecarlo/tests/test_weighted_packet_source_integration.py . [ 86%]
2025-01-13T16:05:12.1441410Z                                                                          [ 86%]
2025-01-13T16:05:12.6443940Z tardis/transport/tests/test_doppler_factor.py ..................         [ 87%]
2025-01-13T16:05:14.5147490Z tardis/visualization/tools/tests/test_convergence_plot.py .............. [ 88%]
2025-01-13T16:05:15.9930870Z ......                                                                   [ 88%]
2025-01-13T16:05:19.2066160Z tardis/visualization/tools/tests/test_liv_plot.py ...................... [ 90%]
2025-01-13T16:05:22.6393920Z .............................                                            [ 91%]
2025-01-13T16:05:25.3873630Z tardis/visualization/tools/tests/test_rpacket_plot.py .................. [ 92%]
2025-01-13T16:05:32.0510940Z ....                                                                     [ 92%]
2025-01-13T16:05:36.4205510Z tardis/visualization/tools/tests/test_sdec_plot.py ..................... [ 94%]
2025-01-13T16:05:42.4358870Z ..............................                                           [ 95%]
2025-01-13T16:05:42.7947520Z tardis/visualization/widgets/tests/test_custom_abundance.py ........ss.. [ 96%]
2025-01-13T16:05:42.8350810Z ....                                                                     [ 96%]
2025-01-13T16:05:43.5547710Z tardis/visualization/widgets/tests/test_line_info.py ................... [ 97%]
2025-01-13T16:05:44.0802640Z ..................                                                       [ 98%]
2025-01-13T16:08:57.5728250Z tardis/visualization/widgets/tests/test_shell_info.py .................. [ 99%]
2025-01-13T16:09:06.0647020Z ......                                                                   [100%]
2025-01-13T16:09:06.0647780Z 
2025-01-13T16:09:06.0648180Z =================================== FAILURES ===================================
2025-01-13T16:09:06.0648800Z _____________________ test_calculate_sobolev_line_opacity ______________________
2025-01-13T16:09:06.0649180Z 
2025-01-13T16:09:06.0649510Z nb_simulation_verysimple = <tardis.simulation.base.Simulation object at 0x16ae4c3e0>
2025-01-13T16:09:06.0650310Z regression_data = <tardis.tests.fixtures.regression_data.RegressionData object at 0x16ae4cdd0>
2025-01-13T16:09:06.0650750Z 
2025-01-13T16:09:06.0651000Z     def test_calculate_sobolev_line_opacity(
2025-01-13T16:09:06.0651430Z         nb_simulation_verysimple, regression_data
2025-01-13T16:09:06.0651880Z     ):
2025-01-13T16:09:06.0652240Z         legacy_plasma = nb_simulation_verysimple.plasma
2025-01-13T16:09:06.0652600Z     
2025-01-13T16:09:06.0652940Z         actual = calculate_sobolev_line_opacity(
2025-01-13T16:09:06.0653350Z             legacy_plasma.lines,
2025-01-13T16:09:06.0653860Z             legacy_plasma.level_number_density,
2025-01-13T16:09:06.0654280Z             legacy_plasma.time_explosion,
2025-01-13T16:09:06.0654750Z             legacy_plasma.stimulated_emission_factor,
2025-01-13T16:09:06.0655130Z         )
2025-01-13T16:09:06.0655490Z >       expected = regression_data.sync_dataframe(actual)
2025-01-13T16:09:06.0669070Z 
2025-01-13T16:09:06.0669440Z tardis/opacities/tests/test_tau_sobolev.py:21: 
2025-01-13T16:09:06.0669890Z _ _ _ _ _ _ _ _ _ _ _ _ _ _ _ _ _ _ _ _ _ _ _ _ _ _ _ _ _ _ _ _ _ _ _ _ _ _ _ _ 
2025-01-13T16:09:06.0670470Z tardis/tests/fixtures/regression_data.py:88: in sync_dataframe
2025-01-13T16:09:06.0670840Z     return pd.read_hdf(self.fpath, key=key)
2025-01-13T16:09:06.0671230Z _ _ _ _ _ _ _ _ _ _ _ _ _ _ _ _ _ _ _ _ _ _ _ _ _ _ _ _ _ _ _ _ _ _ _ _ _ _ _ _ 
2025-01-13T16:09:06.0671410Z 
2025-01-13T16:09:06.0671720Z path_or_buf = '/Users/runner/work/tardis/tardis/tardis-regression-data/test_tau_sobolev/test_calculate_sobolev_line_opacity.h5'
2025-01-13T16:09:06.0703030Z key = 'data', mode = 'r', errors = 'strict', where = None, start = None
2025-01-13T16:09:06.0703440Z stop = None, columns = None, iterator = False, chunksize = None, kwargs = {}
2025-01-13T16:09:06.0703760Z exists = False
2025-01-13T16:09:06.0703890Z 
2025-01-13T16:09:06.0703950Z     def read_hdf(
2025-01-13T16:09:06.0704170Z         path_or_buf: FilePath | HDFStore,
2025-01-13T16:09:06.0704420Z         key=None,
2025-01-13T16:09:06.0704590Z         mode: str = "r",
2025-01-13T16:09:06.0704780Z         errors: str = "strict",
2025-01-13T16:09:06.0704960Z         where: str | list | None = None,
2025-01-13T16:09:06.0705220Z         start: int | None = None,
2025-01-13T16:09:06.0705410Z         stop: int | None = None,
2025-01-13T16:09:06.0705610Z         columns: list[str] | None = None,
2025-01-13T16:09:06.0705850Z         iterator: bool = False,
2025-01-13T16:09:06.0706150Z         chunksize: int | None = None,
2025-01-13T16:09:06.0706430Z         **kwargs,
2025-01-13T16:09:06.0706640Z     ):
2025-01-13T16:09:06.0706910Z         """
2025-01-13T16:09:06.0707280Z         Read from the store, close it if we opened it.
2025-01-13T16:09:06.0707630Z     
2025-01-13T16:09:06.0707910Z         Retrieve pandas object stored in file, optionally based on where
2025-01-13T16:09:06.0708330Z         criteria.
2025-01-13T16:09:06.0708520Z     
2025-01-13T16:09:06.0717950Z         .. warning::
2025-01-13T16:09:06.0718200Z     
2025-01-13T16:09:06.0718580Z            Pandas uses PyTables for reading and writing HDF5 files, which allows
2025-01-13T16:09:06.0719130Z            serializing object-dtype data with pickle when using the "fixed" format.
2025-01-13T16:09:06.0719570Z            Loading pickled data received from untrusted sources can be unsafe.
2025-01-13T16:09:06.0732120Z     
2025-01-13T16:09:06.0732650Z            See: https://docs.python.org/3/library/pickle.html for more.
2025-01-13T16:09:06.0732990Z     
2025-01-13T16:09:06.0733150Z         Parameters
2025-01-13T16:09:06.0733420Z         ----------
2025-01-13T16:09:06.0733650Z         path_or_buf : str, path object, pandas.HDFStore
2025-01-13T16:09:06.0734110Z             Any valid string path is acceptable. Only supports the local file system,
2025-01-13T16:09:06.0734530Z             remote URLs and file-like objects are not supported.
2025-01-13T16:09:06.0734780Z     
2025-01-13T16:09:06.0735040Z             If you want to pass in a path object, pandas accepts any
2025-01-13T16:09:06.0735320Z             ``os.PathLike``.
2025-01-13T16:09:06.0735560Z     
2025-01-13T16:09:06.0735830Z             Alternatively, pandas accepts an open :class:`pandas.HDFStore` object.
2025-01-13T16:09:06.0736230Z     
2025-01-13T16:09:06.0736420Z         key : object, optional
2025-01-13T16:09:06.0736760Z             The group identifier in the store. Can be omitted if the HDF file
2025-01-13T16:09:06.0737090Z             contains a single pandas object.
2025-01-13T16:09:06.0739060Z         mode : {'r', 'r+', 'a'}, default 'r'
2025-01-13T16:09:06.0739530Z             Mode to use when opening the file. Ignored if path_or_buf is a
2025-01-13T16:09:06.0739920Z             :class:`pandas.HDFStore`. Default is 'r'.
2025-01-13T16:09:06.0740330Z         errors : str, default 'strict'
2025-01-13T16:09:06.0740690Z             Specifies how encoding and decoding errors are to be handled.
2025-01-13T16:09:06.0741110Z             See the errors argument for :func:`open` for a full list
2025-01-13T16:09:06.0741680Z             of options.
2025-01-13T16:09:06.0741970Z         where : list, optional
2025-01-13T16:09:06.0742270Z             A list of Term (or convertible) objects.
2025-01-13T16:09:06.0742630Z         start : int, optional
2025-01-13T16:09:06.0742960Z             Row number to start selection.
2025-01-13T16:09:06.0743230Z         stop  : int, optional
2025-01-13T16:09:06.0745180Z             Row number to stop selection.
2025-01-13T16:09:06.0745430Z         columns : list, optional
2025-01-13T16:09:06.0745710Z             A list of columns names to return.
2025-01-13T16:09:06.0745950Z         iterator : bool, optional
2025-01-13T16:09:06.0746220Z             Return an iterator object.
2025-01-13T16:09:06.0746460Z         chunksize : int, optional
2025-01-13T16:09:06.0746800Z             Number of rows to include in an iteration when using an iterator.
2025-01-13T16:09:06.0747090Z         **kwargs
2025-01-13T16:09:06.0747370Z             Additional keyword arguments passed to HDFStore.
2025-01-13T16:09:06.0747690Z     
2025-01-13T16:09:06.0747850Z         Returns
2025-01-13T16:09:06.0748070Z         -------
2025-01-13T16:09:06.0748250Z         object
2025-01-13T16:09:06.0748540Z             The selected object. Return type depends on the object stored.
2025-01-13T16:09:06.0748820Z     
2025-01-13T16:09:06.0748990Z         See Also
2025-01-13T16:09:06.0749180Z         --------
2025-01-13T16:09:06.0749370Z         DataFrame.to_hdf : Write a HDF file from a DataFrame.
2025-01-13T16:09:06.0749630Z         HDFStore : Low-level access to HDF files.
2025-01-13T16:09:06.0749820Z     
2025-01-13T16:09:06.0749930Z         Examples
2025-01-13T16:09:06.0750070Z         --------
2025-01-13T16:09:06.0750290Z         >>> df = pd.DataFrame([[1, 1.0, 'a']], columns=['x', 'y', 'z'])  # doctest: +SKIP
2025-01-13T16:09:06.0750580Z         >>> df.to_hdf('./store.h5', 'data')  # doctest: +SKIP
2025-01-13T16:09:06.0750840Z         >>> reread = pd.read_hdf('./store.h5')  # doctest: +SKIP
2025-01-13T16:09:06.0751050Z         """
2025-01-13T16:09:06.0751290Z         if mode not in ["r", "r+", "a"]:
2025-01-13T16:09:06.0751480Z             raise ValueError(
2025-01-13T16:09:06.0751750Z                 f"mode {mode} is not allowed while performing a read. "
2025-01-13T16:09:06.0752150Z                 f"Allowed modes are r, r+ and a."
2025-01-13T16:09:06.0752720Z             )
2025-01-13T16:09:06.0752930Z         # grab the scope
2025-01-13T16:09:06.0753100Z         if where is not None:
2025-01-13T16:09:06.0753290Z             where = _ensure_term(where, scope_level=1)
2025-01-13T16:09:06.0753490Z     
2025-01-13T16:09:06.0753630Z         if isinstance(path_or_buf, HDFStore):
2025-01-13T16:09:06.0753830Z             if not path_or_buf.is_open:
2025-01-13T16:09:06.0754160Z                 raise OSError("The HDFStore must be open for reading.")
2025-01-13T16:09:06.0754460Z     
2025-01-13T16:09:06.0756040Z             store = path_or_buf
2025-01-13T16:09:06.0756300Z             auto_close = False
2025-01-13T16:09:06.0756610Z         else:
2025-01-13T16:09:06.0756920Z             path_or_buf = stringify_path(path_or_buf)
2025-01-13T16:09:06.0757260Z             if not isinstance(path_or_buf, str):
2025-01-13T16:09:06.0757550Z                 raise NotImplementedError(
2025-01-13T16:09:06.0757870Z                     "Support for generic buffers has not been implemented."
2025-01-13T16:09:06.0758210Z                 )
2025-01-13T16:09:06.0758390Z             try:
2025-01-13T16:09:06.0758690Z                 exists = os.path.exists(path_or_buf)
2025-01-13T16:09:06.0758950Z     
2025-01-13T16:09:06.0759180Z             # if filepath is too long
2025-01-13T16:09:06.0759450Z             except (TypeError, ValueError):
2025-01-13T16:09:06.0760620Z                 exists = False
2025-01-13T16:09:06.0761360Z     
2025-01-13T16:09:06.0761870Z             if not exists:
2025-01-13T16:09:06.0762720Z >               raise FileNotFoundError(f"File {path_or_buf} does not exist")
2025-01-13T16:09:06.0765560Z E               FileNotFoundError: File /Users/runner/work/tardis/tardis/tardis-regression-data/test_tau_sobolev/test_calculate_sobolev_line_opacity.h5 does not exist
2025-01-13T16:09:06.0767040Z 
2025-01-13T16:09:06.0767860Z ../../../micromamba/envs/tardis/lib/python3.12/site-packages/pandas/io/pytables.py:424: FileNotFoundError
2025-01-13T16:09:06.0769280Z ---------------------------- Captured stdout setup -----------------------------
2025-01-13T16:09:06.0778920Z [[1mtardis.io.model.parse_density_configuration[0m][[1;33mWARNING[0m]  
2025-01-13T16:09:06.0781620Z 	Number of density points larger than number of shells. Assuming inner point irrelevant ([1mparse_density_configuration.py[0m:114)
2025-01-13T16:09:06.0783070Z ---------------------------- Captured stderr setup -----------------------------
2025-01-13T16:09:06.0783690Z 
2025-01-13T16:09:06.0784720Z Iterations:████████████████████████████████████████████████████████████████                4/5 [00:10<00:02,  2.21s/it]
2025-01-13T16:09:06.0785400Z 
2025-01-13T16:09:06.0785970Z Packets:                                                                                   4030/? [00:10<00:00, 514.37it/s][A
2025-01-13T16:09:06.0786910Z ------------------------------ Captured log setup ------------------------------
2025-01-13T16:09:06.0788780Z WARNING  tardis.io.model.parse_density_configuration:parse_density_configuration.py:114 Number of density points larger than number of shells. Assuming inner point irrelevant
2025-01-13T16:09:06.0790430Z _________________________ test_calculate_beta_sobolevs _________________________
2025-01-13T16:09:06.0790970Z 
2025-01-13T16:09:06.0791550Z nb_simulation_verysimple = <tardis.simulation.base.Simulation object at 0x16ae4c3e0>
2025-01-13T16:09:06.0793170Z regression_data = <tardis.tests.fixtures.regression_data.RegressionData object at 0x16b9815b0>
2025-01-13T16:09:06.0793480Z 
2025-01-13T16:09:06.0793730Z     def test_calculate_beta_sobolevs(nb_simulation_verysimple, regression_data):
2025-01-13T16:09:06.0794100Z         legacy_plasma = nb_simulation_verysimple.plasma
2025-01-13T16:09:06.0794330Z     
2025-01-13T16:09:06.0794500Z         tau_sobolevs = calculate_sobolev_line_opacity(
2025-01-13T16:09:06.0794840Z             legacy_plasma.lines,
2025-01-13T16:09:06.0795080Z             legacy_plasma.level_number_density,
2025-01-13T16:09:06.0795340Z             legacy_plasma.time_explosion,
2025-01-13T16:09:06.0796040Z             legacy_plasma.stimulated_emission_factor,
2025-01-13T16:09:06.0796330Z         )
2025-01-13T16:09:06.0796790Z         actual = calculate_beta_sobolev(tau_sobolevs)
2025-01-13T16:09:06.0797110Z >       expected = regression_data.sync_ndarray(actual)
2025-01-13T16:09:06.0797390Z 
2025-01-13T16:09:06.0797490Z tardis/opacities/tests/test_tau_sobolev.py:35: 
2025-01-13T16:09:06.0797830Z _ _ _ _ _ _ _ _ _ _ _ _ _ _ _ _ _ _ _ _ _ _ _ _ _ _ _ _ _ _ _ _ _ _ _ _ _ _ _ _ 
2025-01-13T16:09:06.0798260Z tardis/tests/fixtures/regression_data.py:111: in sync_ndarray
2025-01-13T16:09:06.0798670Z     return np.load(self.fpath)
2025-01-13T16:09:06.0798940Z _ _ _ _ _ _ _ _ _ _ _ _ _ _ _ _ _ _ _ _ _ _ _ _ _ _ _ _ _ _ _ _ _ _ _ _ _ _ _ _ 
2025-01-13T16:09:06.0799910Z 
2025-01-13T16:09:06.0801120Z file = PosixPath('/Users/runner/work/tardis/tardis/tardis-regression-data/test_tau_sobolev/test_calculate_beta_sobolevs.npy')
2025-01-13T16:09:06.0804550Z mmap_mode = None, allow_pickle = False, fix_imports = True, encoding = 'ASCII'
2025-01-13T16:09:06.0804940Z 
2025-01-13T16:09:06.0805070Z     @set_module('numpy')
2025-01-13T16:09:06.0805370Z     def load(file, mmap_mode=None, allow_pickle=False, fix_imports=True,
2025-01-13T16:09:06.0805760Z              encoding='ASCII', *, max_header_size=format._MAX_HEADER_SIZE):
2025-01-13T16:09:06.0806120Z         """
2025-01-13T16:09:06.0806440Z         Load arrays or pickled objects from ``.npy``, ``.npz`` or pickled files.
2025-01-13T16:09:06.0806700Z     
2025-01-13T16:09:06.0807000Z         .. warning:: Loading files that contain object arrays uses the ``pickle``
2025-01-13T16:09:06.0807650Z                      module, which is not secure against erroneous or maliciously
2025-01-13T16:09:06.0808490Z                      constructed data. Consider passing ``allow_pickle=False`` to
2025-01-13T16:09:06.0810900Z                      load data that is known not to contain object arrays for the
2025-01-13T16:09:06.0811220Z                      safer handling of untrusted sources.
2025-01-13T16:09:06.0811500Z     
2025-01-13T16:09:06.0811680Z         Parameters
2025-01-13T16:09:06.0811840Z         ----------
2025-01-13T16:09:06.0812020Z         file : file-like object, string, or pathlib.Path
2025-01-13T16:09:06.0812290Z             The file to read. File-like objects must support the
2025-01-13T16:09:06.0812550Z             ``seek()`` and ``read()`` methods and must always
2025-01-13T16:09:06.0813710Z             be opened in binary mode.  Pickled files require that the
2025-01-13T16:09:06.0814780Z             file-like object support the ``readline()`` method as well.
2025-01-13T16:09:06.0815650Z         mmap_mode : {None, 'r+', 'r', 'w+', 'c'}, optional
2025-01-13T16:09:06.0816560Z             If not None, then memory-map the file, using the given mode (see
2025-01-13T16:09:06.0817480Z             `numpy.memmap` for a detailed description of the modes).  A
2025-01-13T16:09:06.0818500Z             memory-mapped array is kept on disk. However, it can be accessed
2025-01-13T16:09:06.0819640Z             and sliced like any ndarray.  Memory mapping is especially useful
2025-01-13T16:09:06.0820890Z             for accessing small fragments of large files without reading the
2025-01-13T16:09:06.0822680Z             entire file into memory.
2025-01-13T16:09:06.0822980Z         allow_pickle : bool, optional
2025-01-13T16:09:06.0823250Z             Allow loading pickled object arrays stored in npy files. Reasons for
2025-01-13T16:09:06.0823780Z             disallowing pickles include security, as loading pickled data can
2025-01-13T16:09:06.0824200Z             execute arbitrary code. If pickles are disallowed, loading object
2025-01-13T16:09:06.0824640Z             arrays will fail. Default: False
2025-01-13T16:09:06.0825000Z     
2025-01-13T16:09:06.0825230Z             .. versionchanged:: 1.16.3
2025-01-13T16:09:06.0825600Z                 Made default False in response to CVE-2019-6446.
2025-01-13T16:09:06.0825930Z     
2025-01-13T16:09:06.0826820Z         fix_imports : bool, optional
2025-01-13T16:09:06.0827170Z             Only useful when loading Python 2 generated pickled files on Python 3,
2025-01-13T16:09:06.0827710Z             which includes npy/npz files containing object arrays. If `fix_imports`
2025-01-13T16:09:06.0828150Z             is True, pickle will try to map the old Python 2 names to the new names
2025-01-13T16:09:06.0828540Z             used in Python 3.
2025-01-13T16:09:06.0829550Z         encoding : str, optional
2025-01-13T16:09:06.0830910Z             What encoding to use when reading Python 2 strings. Only useful when
2025-01-13T16:09:06.0832160Z             loading Python 2 generated pickled files in Python 3, which includes
2025-01-13T16:09:06.0833320Z             npy/npz files containing object arrays. Values other than 'latin1',
2025-01-13T16:09:06.0834620Z             'ASCII', and 'bytes' are not allowed, as they can corrupt numerical
2025-01-13T16:09:06.0835520Z             data. Default: 'ASCII'
2025-01-13T16:09:06.0836160Z         max_header_size : int, optional
2025-01-13T16:09:06.0838110Z             Maximum allowed size of the header.  Large headers may not be safe
2025-01-13T16:09:06.0838540Z             to load securely and thus require explicitly passing a larger value.
2025-01-13T16:09:06.0838850Z             See :py:func:`ast.literal_eval()` for details.
2025-01-13T16:09:06.0839160Z             This option is ignored when `allow_pickle` is passed.  In that case
2025-01-13T16:09:06.0839620Z             the file is by definition trusted and the limit is unnecessary.
2025-01-13T16:09:06.0839890Z     
2025-01-13T16:09:06.0840010Z         Returns
2025-01-13T16:09:06.0840730Z         -------
2025-01-13T16:09:06.0841020Z         result : array, tuple, dict, etc.
2025-01-13T16:09:06.0841300Z             Data stored in the file. For ``.npz`` files, the returned instance
2025-01-13T16:09:06.0841630Z             of NpzFile class must be closed to avoid leaking file descriptors.
2025-01-13T16:09:06.0841880Z     
2025-01-13T16:09:06.0842000Z         Raises
2025-01-13T16:09:06.0842290Z         ------
2025-01-13T16:09:06.0842460Z         OSError
2025-01-13T16:09:06.0842710Z             If the input file does not exist or cannot be read.
2025-01-13T16:09:06.0842990Z         UnpicklingError
2025-01-13T16:09:06.0843250Z             If ``allow_pickle=True``, but the file cannot be loaded as a pickle.
2025-01-13T16:09:06.0843540Z         ValueError
2025-01-13T16:09:06.0843800Z             The file contains an object array, but ``allow_pickle=False`` given.
2025-01-13T16:09:06.0844080Z         EOFError
2025-01-13T16:09:06.0844310Z             When calling ``np.load`` multiple times on the same file handle,
2025-01-13T16:09:06.0844620Z             if all data has already been read
2025-01-13T16:09:06.0844830Z     
2025-01-13T16:09:06.0844960Z         See Also
2025-01-13T16:09:06.0845110Z         --------
2025-01-13T16:09:06.0845300Z         save, savez, savez_compressed, loadtxt
2025-01-13T16:09:06.0845670Z         memmap : Create a memory-map to an array stored in a file on disk.
2025-01-13T16:09:06.0846070Z         lib.format.open_memmap : Create or load a memory-mapped ``.npy`` file.
2025-01-13T16:09:06.0846390Z     
2025-01-13T16:09:06.0846530Z         Notes
2025-01-13T16:09:06.0846680Z         -----
2025-01-13T16:09:06.0846930Z         - If the file contains pickle data, then whatever object is stored
2025-01-13T16:09:06.0847220Z           in the pickle is returned.
2025-01-13T16:09:06.0847480Z         - If the file is a ``.npy`` file, then a single array is returned.
2025-01-13T16:09:06.0847780Z         - If the file is a ``.npz`` file, then a dictionary-like object is
2025-01-13T16:09:06.0848110Z           returned, containing ``{filename: array}`` key-value pairs, one for
2025-01-13T16:09:06.0848400Z           each file in the archive.
2025-01-13T16:09:06.0848640Z         - If the file is a ``.npz`` file, the returned value supports the
2025-01-13T16:09:06.0849020Z           context manager protocol in a similar fashion to the open function::
2025-01-13T16:09:06.0849540Z     
2025-01-13T16:09:06.0849690Z             with load('foo.npz') as data:
2025-01-13T16:09:06.0849880Z                 a = data['a']
2025-01-13T16:09:06.0850040Z     
2025-01-13T16:09:06.0850310Z           The underlying file descriptor is closed when exiting the 'with'
2025-01-13T16:09:06.0850560Z           block.
2025-01-13T16:09:06.0850700Z     
2025-01-13T16:09:06.0850820Z         Examples
2025-01-13T16:09:06.0850950Z         --------
2025-01-13T16:09:06.0851120Z         Store data to disk, and load it again:
2025-01-13T16:09:06.0851310Z     
2025-01-13T16:09:06.0851470Z         >>> np.save('/tmp/123', np.array([[1, 2, 3], [4, 5, 6]]))
2025-01-13T16:09:06.0851710Z         >>> np.load('/tmp/123.npy')
2025-01-13T16:09:06.0851890Z         array([[1, 2, 3],
2025-01-13T16:09:06.0852050Z                [4, 5, 6]])
2025-01-13T16:09:06.0862280Z     
2025-01-13T16:09:06.0862550Z         Store compressed data to disk, and load it again:
2025-01-13T16:09:06.0862810Z     
2025-01-13T16:09:06.0863560Z         >>> a=np.array([[1, 2, 3], [4, 5, 6]])
2025-01-13T16:09:06.0864350Z         >>> b=np.array([1, 2])
2025-01-13T16:09:06.0864600Z         >>> np.savez('/tmp/123.npz', a=a, b=b)
2025-01-13T16:09:06.0864820Z         >>> data = np.load('/tmp/123.npz')
2025-01-13T16:09:06.0865040Z         >>> data['a']
2025-01-13T16:09:06.0865210Z         array([[1, 2, 3],
2025-01-13T16:09:06.0865390Z                [4, 5, 6]])
2025-01-13T16:09:06.0865550Z         >>> data['b']
2025-01-13T16:09:06.0865700Z         array([1, 2])
2025-01-13T16:09:06.0865850Z         >>> data.close()
2025-01-13T16:09:06.0865990Z     
2025-01-13T16:09:06.0866620Z         Mem-map the stored array, and then access the second row
2025-01-13T16:09:06.0866880Z         directly from disk:
2025-01-13T16:09:06.0867060Z     
2025-01-13T16:09:06.0867220Z         >>> X = np.load('/tmp/123.npy', mmap_mode='r')
2025-01-13T16:09:06.0867450Z         >>> X[1, :]
2025-01-13T16:09:06.0867600Z         memmap([4, 5, 6])
2025-01-13T16:09:06.0867760Z     
2025-01-13T16:09:06.0867900Z         """
2025-01-13T16:09:06.0868080Z         if encoding not in ('ASCII', 'latin1', 'bytes'):
2025-01-13T16:09:06.0868370Z             # The 'encoding' value for pickle also affects what encoding
2025-01-13T16:09:06.0868710Z             # the serialized binary data of NumPy arrays is loaded
2025-01-13T16:09:06.0869030Z             # in. Pickle does not pass on the encoding information to
2025-01-13T16:09:06.0869330Z             # NumPy. The unpickling code in numpy.core.multiarray is
2025-01-13T16:09:06.0869640Z             # written to assume that unicode data appearing where binary
2025-01-13T16:09:06.0869960Z             # should be is in 'latin1'. 'bytes' is also safe, as is 'ASCII'.
2025-01-13T16:09:06.0870200Z             #
2025-01-13T16:09:06.0870390Z             # Other encoding values can corrupt binary data, and we
2025-01-13T16:09:06.0870700Z             # purposefully disallow them. For the same reason, the errors=
2025-01-13T16:09:06.0871010Z             # argument is not exposed, as values other than 'strict'
2025-01-13T16:09:06.0871330Z             # result can similarly silently corrupt numerical data.
2025-01-13T16:09:06.0871670Z             raise ValueError("encoding must be 'ASCII', 'latin1', or 'bytes'")
2025-01-13T16:09:06.0871930Z     
2025-01-13T16:09:06.0872150Z         pickle_kwargs = dict(encoding=encoding, fix_imports=fix_imports)
2025-01-13T16:09:06.0872400Z     
2025-01-13T16:09:06.0873300Z         with contextlib.ExitStack() as stack:
2025-01-13T16:09:06.0874190Z             if hasattr(file, 'read'):
2025-01-13T16:09:06.0875660Z                 fid = file
2025-01-13T16:09:06.0876140Z                 own_fid = False
2025-01-13T16:09:06.0876700Z             else:
2025-01-13T16:09:06.0877250Z >               fid = stack.enter_context(open(os_fspath(file), "rb"))
2025-01-13T16:09:06.0879060Z E               FileNotFoundError: [Errno 2] No such file or directory: '/Users/runner/work/tardis/tardis/tardis-regression-data/test_tau_sobolev/test_calculate_beta_sobolevs.npy'
2025-01-13T16:09:06.0880450Z 
2025-01-13T16:09:06.0880730Z ../../../micromamba/envs/tardis/lib/python3.12/site-packages/numpy/lib/npyio.py:427: FileNotFoundError
2025-01-13T16:09:06.0881130Z =============================== warnings summary ===============================
2025-01-13T16:09:06.0881390Z tardis/io/configuration/config_validator.py:6
2025-01-13T16:09:06.0881630Z tardis/io/configuration/config_validator.py:6
2025-01-13T16:09:06.0882040Z   /Users/runner/work/tardis/tardis/tardis/io/configuration/config_validator.py:6: DeprecationWarning:
2025-01-13T16:09:06.0882480Z   
2025-01-13T16:09:06.0883450Z   jsonschema.RefResolver is deprecated as of v4.18.0, in favor of the https://github.com/python-jsonschema/referencing library, which provides more compliant referencing behavior as well as more flexible APIs for customization. A future release will remove RefResolver. Please file a feature request (on referencing) if you are missing an API for the kind of customization you need.
2025-01-13T16:09:06.0884450Z 
2025-01-13T16:09:06.0884640Z ../../../micromamba/envs/tardis/lib/python3.12/site-packages/jupyter_client/connect.py:22
2025-01-13T16:09:06.0885200Z   /Users/runner/micromamba/envs/tardis/lib/python3.12/site-packages/jupyter_client/connect.py:22: DeprecationWarning:
2025-01-13T16:09:06.0885610Z   
2025-01-13T16:09:06.0885820Z   Jupyter is migrating its paths to use standard platformdirs
2025-01-13T16:09:06.0886130Z   given by the platformdirs library.  To remove this warning and
2025-01-13T16:09:06.0888190Z   see the appropriate new directories, set the environment variable
2025-01-13T16:09:06.0889210Z   `JUPYTER_PLATFORM_DIRS=1` and then run `jupyter --paths`.
2025-01-13T16:09:06.0892180Z   The use of platformdirs will be the default in `jupyter_core` v6
2025-01-13T16:09:06.0892770Z 
2025-01-13T16:09:06.0893310Z tardis/io/tests/test_HDFWriter.py::test_multi_index_write
2025-01-13T16:09:06.0894310Z tardis/visualization/widgets/tests/test_shell_info.py::TestHDFShellInfo::test_shells_data
2025-01-13T16:09:06.0894790Z   /Users/runner/work/tardis/tardis/tardis/io/util.py:276: PerformanceWarning:
2025-01-13T16:09:06.0895090Z   
2025-01-13T16:09:06.0895210Z   
2025-01-13T16:09:06.0895440Z   your performance may suffer as PyTables will pickle object types that it cannot
2025-01-13T16:09:06.0895890Z   map directly to c-types [inferred_type->mixed,key->block0_values] [items->Index([0], dtype='int64')]
2025-01-13T16:09:06.0896180Z 
2025-01-13T16:09:06.0896350Z tardis/io/tests/test_model_reader.py::test_read_cmfgen_isotope_abundances
2025-01-13T16:09:06.0896780Z tardis/plasma/tests/test_tardis_model_density_config.py::test_electron_densities
2025-01-13T16:09:06.0897230Z tardis/plasma/tests/test_tardis_model_density_config.py::test_isotope_number_densities
2025-01-13T16:09:06.0897650Z tardis/plasma/tests/test_tardis_model_density_config.py::test_t_rad
2025-01-13T16:09:06.0898160Z   /Users/runner/work/tardis/tardis/tardis/io/model/readers/cmfgen_deprecated.py:82: DeprecationWarning:
2025-01-13T16:09:06.0898560Z   
2025-01-13T16:09:06.0898710Z   The current CMFGEN model parser is deprecated
2025-01-13T16:09:06.0898880Z 
2025-01-13T16:09:06.0899000Z tardis/io/tests/test_model_reader.py: 1 warning
2025-01-13T16:09:06.0899300Z tardis/plasma/tests/test_tardis_model_density_config.py: 9 warnings
2025-01-13T16:09:06.0900480Z   /Users/runner/work/tardis/tardis/tardis/io/model/readers/cmfgen_deprecated.py:40: DeprecationWarning:
2025-01-13T16:09:06.0902820Z   
2025-01-13T16:09:06.0903020Z   The current CMFGEN model parser is deprecated
2025-01-13T16:09:06.0903190Z 
2025-01-13T16:09:06.0903370Z tardis/model/tests/test_base.py::TestModelFromPaper1Config::test_abundances
2025-01-13T16:09:06.0903940Z   /Users/runner/work/tardis/tardis/tardis/transport/montecarlo/montecarlo_main_loop.py:123: NumbaTypeSafetyWarning:
2025-01-13T16:09:06.0904380Z   
2025-01-13T16:09:06.0904880Z   [1m[1m[1munsafe cast from uint64 to int64. Precision may be lost.[0m[0m[0m
2025-01-13T16:09:06.0905200Z 
2025-01-13T16:09:06.0905800Z tardis/model/tests/test_base.py: 6 warnings
2025-01-13T16:09:06.0906080Z tardis/model/tests/test_csvy_model.py: 2 warnings
2025-01-13T16:09:06.0906390Z tardis/plasma/tests/test_tardis_model_density_config.py: 3 warnings
2025-01-13T16:09:06.0906840Z   /Users/runner/work/tardis/tardis/tardis/model/geometry/radial1d.py:50: DeprecationWarning:
2025-01-13T16:09:06.0907180Z   
2025-01-13T16:09:06.0907330Z   v_inner_boundary < 0, assuming default value
2025-01-13T16:09:06.0907480Z 
2025-01-13T16:09:06.0907560Z tardis/model/tests/test_base.py: 6 warnings
2025-01-13T16:09:06.0907790Z tardis/model/tests/test_csvy_model.py: 2 warnings
2025-01-13T16:09:06.0908130Z tardis/plasma/tests/test_tardis_model_density_config.py: 3 warnings
2025-01-13T16:09:06.0908550Z   /Users/runner/work/tardis/tardis/tardis/model/geometry/radial1d.py:61: DeprecationWarning:
2025-01-13T16:09:06.0908870Z   
2025-01-13T16:09:06.0909020Z   v_outer_boundary < 0, assuming default value
2025-01-13T16:09:06.0909160Z 
2025-01-13T16:09:06.0909540Z tardis/plasma/equilibrium/tests/test_level_populations.py::TestLevelPopulationSolver::test_solve[collisional_rate_solver0-radiative_transitions0]
2025-01-13T16:09:06.0910510Z   /Users/runner/work/tardis/tardis/tardis/plasma/equilibrium/level_populations.py:65: FutureWarning:
2025-01-13T16:09:06.0910900Z   
2025-01-13T16:09:06.0911190Z   A value is trying to be set on a copy of a DataFrame or Series through chained assignment using an inplace method.
2025-01-13T16:09:06.0911820Z   The behavior will change in pandas 3.0. This inplace method will never work because the intermediate object on which we are setting values always behaves as a copy.
2025-01-13T16:09:06.0912480Z   
2025-01-13T16:09:06.0912970Z   For example, when doing 'df[col].method(value, inplace=True)', try using 'df.method({col: value}, inplace=True)' or df[col] = df[col].method(value) instead, to perform the operation inplace on the original object.
2025-01-13T16:09:06.0913450Z 
2025-01-13T16:09:06.0913570Z tardis/plasma/tests/test_complete_plasmas.py: 20 warnings
2025-01-13T16:09:06.0914010Z   /Users/runner/work/tardis/tardis/tardis/plasma/tests/test_complete_plasmas.py:197: UserWarning:
2025-01-13T16:09:06.0916940Z   
2025-01-13T16:09:06.0917400Z   Property "atomic_mass" not found
2025-01-13T16:09:06.0917920Z 
2025-01-13T16:09:06.0918930Z tardis/plasma/tests/test_complete_plasmas.py::TestPlasma::test_plasma_properties[radiative_rates_type:detailed-w_epsilon:1e-10-j_blues_norm_factor]
2025-01-13T16:09:06.0922210Z tardis/plasma/tests/test_complete_plasmas.py::TestPlasma::test_plasma_properties[radiative_rates_type:detailed-j_blues_norm_factor]
2025-01-13T16:09:06.0925030Z   /Users/runner/work/tardis/tardis/tardis/plasma/tests/test_complete_plasmas.py:197: UserWarning:
2025-01-13T16:09:06.0926130Z   
2025-01-13T16:09:06.0926600Z   Property "j_blues_norm_factor" not found
2025-01-13T16:09:06.0927030Z 
2025-01-13T16:09:06.0928020Z tardis/plasma/tests/test_complete_plasmas.py::TestPlasma::test_plasma_properties[radiative_rates_type:detailed-w_epsilon:1e-10-j_blue_estimator]
2025-01-13T16:09:06.0930170Z tardis/plasma/tests/test_complete_plasmas.py::TestPlasma::test_plasma_properties[radiative_rates_type:detailed-j_blue_estimator]
2025-01-13T16:09:06.0931530Z   /Users/runner/work/tardis/tardis/tardis/plasma/tests/test_complete_plasmas.py:197: UserWarning:
2025-01-13T16:09:06.0931920Z   
2025-01-13T16:09:06.0932060Z   Property "j_blue_estimator" not found
2025-01-13T16:09:06.0932220Z 
2025-01-13T16:09:06.0932550Z tardis/plasma/tests/test_complete_plasmas.py::TestPlasma::test_plasma_properties[radiative_rates_type:detailed-w_epsilon:1e-10-volume]
2025-01-13T16:09:06.0933220Z tardis/plasma/tests/test_complete_plasmas.py::TestPlasma::test_plasma_properties[radiative_rates_type:detailed-volume]
2025-01-13T16:09:06.0933810Z   /Users/runner/work/tardis/tardis/tardis/plasma/tests/test_complete_plasmas.py:197: UserWarning:
2025-01-13T16:09:06.0934160Z   
2025-01-13T16:09:06.0934300Z   Property "volume" not found
2025-01-13T16:09:06.0934420Z 
2025-01-13T16:09:06.0937750Z tardis/plasma/tests/test_complete_plasmas.py::TestPlasma::test_plasma_properties[radiative_rates_type:detailed-w_epsilon:1e-10-r_inner]
2025-01-13T16:09:06.0939920Z tardis/plasma/tests/test_complete_plasmas.py::TestPlasma::test_plasma_properties[radiative_rates_type:detailed-r_inner]
2025-01-13T16:09:06.0941670Z   /Users/runner/work/tardis/tardis/tardis/plasma/tests/test_complete_plasmas.py:197: UserWarning:
2025-01-13T16:09:06.0942090Z   
2025-01-13T16:09:06.0942230Z   Property "r_inner" not found
2025-01-13T16:09:06.0942370Z 
2025-01-13T16:09:06.0942570Z tardis/plasma/tests/test_plasma_vboundary.py::test_plasma_vboundary[2900-3750]
2025-01-13T16:09:06.0943010Z tardis/plasma/tests/test_plasma_vboundary.py::test_plasma_vboundary[2900-3850]
2025-01-13T16:09:06.0943690Z tardis/plasma/tests/test_plasma_vboundary.py::test_plasma_vboundary[2900-3900]
2025-01-13T16:09:06.0944120Z   /Users/runner/work/tardis/tardis/tardis/model/geometry/radial1d.py:71: UserWarning:
2025-01-13T16:09:06.0944430Z   
2025-01-13T16:09:06.0944660Z   Requesting inner boundary below inner shell. Extrapolating the inner cell
2025-01-13T16:09:06.0944880Z 
2025-01-13T16:09:06.0945060Z tardis/spectrum/tests/test_spectrum_solver.py::TestSpectrumSolver::test_solve
2025-01-13T16:09:06.0945450Z   /Users/runner/work/tardis/tardis/tardis/spectrum/base.py:70: UserWarning:
2025-01-13T16:09:06.0945730Z   
2025-01-13T16:09:06.0946060Z   SpectrumSolver.spectrum_virtual_packets is zero. Please run the montecarlo simulation with no_of_virtual_packets > 0
2025-01-13T16:09:06.0946410Z 
2025-01-13T16:09:06.0946710Z tardis/spectrum/tests/test_spectrum_solver.py::TestSpectrumSolver::test_solve
2025-01-13T16:09:06.0947430Z   /Users/runner/work/tardis/tardis/tardis/spectrum/base.py:111: UserWarning:
2025-01-13T16:09:06.0947720Z   
2025-01-13T16:09:06.0948060Z   SpectrumSolver.integrator: The FormalIntegrator is not yet available.Please run the montecarlo simulation at least once.
2025-01-13T16:09:06.0949110Z 
2025-01-13T16:09:06.0950980Z tardis/transport/montecarlo/tests/test_vpacket.py::test_trace_vpacket_volley
2025-01-13T16:09:06.0951340Z   <string>:3: NumbaPendingDeprecationWarning:
2025-01-13T16:09:06.0951540Z   
2025-01-13T16:09:06.0956540Z   [1m[1mCode using Numba extension API maybe depending on 'old_style' error-capturing, which is deprecated and will be replaced by 'new_style' in a future release. See details at https://numba.readthedocs.io/en/latest/reference/deprecation.html#deprecation-of-old-style-numba-captured-errors
2025-01-13T16:09:06.0957410Z   Exception origin:
2025-01-13T16:09:06.0957730Z     File "/Users/runner/micromamba/envs/tardis/lib/python3.12/inspect.py", line 3180, in _bind
2025-01-13T16:09:06.0958090Z       raise TypeError(msg) from None
2025-01-13T16:09:06.0958350Z   [0m[0m
2025-01-13T16:09:06.0958430Z 
2025-01-13T16:09:06.0958710Z tardis/visualization/tools/tests/test_sdec_plot.py::TestSDECPlotter::test_mpl_image[plotter_generate_plot_mpl4]
2025-01-13T16:09:06.0959280Z   /Users/runner/work/tardis/tardis/tardis/visualization/tools/sdec_plot.py:1225: RuntimeWarning:
2025-01-13T16:09:06.0959640Z   
2025-01-13T16:09:06.0960390Z   More than 20 figures have been opened. Figures created through the pyplot interface (`matplotlib.pyplot.figure`) are retained until explicitly closed and may consume too much memory. (To control this warning, see the rcParam `figure.max_open_warning`). Consider using `matplotlib.pyplot.close()`.
2025-01-13T16:09:06.0961120Z 
2025-01-13T16:09:06.0961400Z tardis/visualization/widgets/tests/test_custom_abundance.py::TestCustomAbundanceWidget::test_update_input_item_value
2025-01-13T16:09:06.0962010Z tardis/visualization/widgets/tests/test_custom_abundance.py::TestCustomAbundanceWidget::test_update_input_item_value
2025-01-13T16:09:06.0962630Z tardis/visualization/widgets/tests/test_custom_abundance.py::TestCustomAbundanceWidget::test_update_input_item_value
2025-01-13T16:09:06.0963230Z tardis/visualization/widgets/tests/test_custom_abundance.py::TestCustomAbundanceWidget::test_update_input_item_value
2025-01-13T16:09:06.0964290Z tardis/visualization/widgets/tests/test_custom_abundance.py::TestCustomAbundanceWidget::test_update_input_item_value
2025-01-13T16:09:06.0964920Z tardis/visualization/widgets/tests/test_custom_abundance.py::TestCustomAbundanceWidget::test_update_input_item_value
2025-01-13T16:09:06.0965530Z   /Users/runner/micromamba/envs/tardis/lib/python3.12/site-packages/traitlets/traitlets.py:1385: DeprecationWarning:
2025-01-13T16:09:06.0965920Z   
2025-01-13T16:09:06.0966140Z   Passing unrecognized arguments to super(Checkbox).__init__(icon='lock').
2025-01-13T16:09:06.0966500Z   object.__init__() takes exactly one argument (the instance to initialize)
2025-01-13T16:09:06.0966910Z   This is deprecated in traitlets 4.2.This error will be raised in a future release of traitlets.
2025-01-13T16:09:06.0967160Z 
2025-01-13T16:09:06.0967600Z tardis/visualization/widgets/tests/test_custom_abundance.py::TestCustomAbundanceWidget::test_update_input_item_value
2025-01-13T16:09:06.0968290Z tardis/visualization/widgets/tests/test_custom_abundance.py::TestCustomAbundanceWidget::test_update_input_item_value
2025-01-13T16:09:06.0968920Z   /Users/runner/micromamba/envs/tardis/lib/python3.12/site-packages/traitlets/traitlets.py:1385: DeprecationWarning:
2025-01-13T16:09:06.0969330Z   
2025-01-13T16:09:06.0969540Z   Passing unrecognized arguments to super(FloatText).__init__(min=0).
2025-01-13T16:09:06.0969890Z   object.__init__() takes exactly one argument (the instance to initialize)
2025-01-13T16:09:06.0970290Z   This is deprecated in traitlets 4.2.This error will be raised in a future release of traitlets.
2025-01-13T16:09:06.0970550Z 
2025-01-13T16:09:06.0971040Z tardis/visualization/widgets/tests/test_custom_abundance.py::TestCustomAbundanceWidget::test_update_input_item_value
2025-01-13T16:09:06.0971660Z   /Users/runner/micromamba/envs/tardis/lib/python3.12/site-packages/traitlets/traitlets.py:1385: DeprecationWarning:
2025-01-13T16:09:06.0972960Z   
2025-01-13T16:09:06.0974450Z   Passing unrecognized arguments to super(HTML).__init__(indent=True).
2025-01-13T16:09:06.0975750Z   object.__init__() takes exactly one argument (the instance to initialize)
2025-01-13T16:09:06.0976880Z   This is deprecated in traitlets 4.2.This error will be raised in a future release of traitlets.
2025-01-13T16:09:06.0979050Z 
2025-01-13T16:09:06.0979420Z tardis/visualization/widgets/tests/test_line_info.py::TestLineInfoWidgetData::test_get_species_interactions[wavelength_range0-packet_out_nu]
2025-01-13T16:09:06.0980090Z   /Users/runner/micromamba/envs/tardis/lib/python3.12/site-packages/qgridnext/grid.py:825: DeprecationWarning:
2025-01-13T16:09:06.0980470Z   
2025-01-13T16:09:06.0980770Z   QgridWidget._grid_options_changed is deprecated in traitlets 4.1: use @observe and @unobserve instead.
2025-01-13T16:09:06.0981070Z 
2025-01-13T16:09:06.0981270Z tardis/visualization/widgets/tests/test_shell_info.py::TestHDFShellInfo::test_shells_data
2025-01-13T16:09:06.0981720Z   /Users/runner/work/tardis/tardis/tardis/io/util.py:289: PerformanceWarning:
2025-01-13T16:09:06.0982010Z   
2025-01-13T16:09:06.0982140Z   
2025-01-13T16:09:06.0982370Z   your performance may suffer as PyTables will pickle object types that it cannot
2025-01-13T16:09:06.0982810Z   map directly to c-types [inferred_type->mixed,key->block0_values] [items->Index([0], dtype='int64')]
2025-01-13T16:09:06.0983080Z 
2025-01-13T16:09:06.0983290Z tardis/visualization/widgets/tests/test_shell_info.py::TestHDFShellInfo::test_shells_data
2025-01-13T16:09:06.0983740Z   /Users/runner/work/tardis/tardis/tardis/io/util.py:292: PerformanceWarning:
2025-01-13T16:09:06.0984020Z   
2025-01-13T16:09:06.0984140Z   
2025-01-13T16:09:06.0984360Z   your performance may suffer as PyTables will pickle object types that it cannot
2025-01-13T16:09:06.0985000Z   map directly to c-types [inferred_type->mixed,key->values] [items->None]
2025-01-13T16:09:06.0985220Z 
2025-01-13T16:09:06.0985420Z tardis/visualization/widgets/tests/test_shell_info.py::TestHDFShellInfo::test_shells_data
2025-01-13T16:09:06.0986640Z   /Users/runner/work/tardis/tardis/tardis/spectrum/formal_integral.py:398: UserWarning:
2025-01-13T16:09:06.0987230Z   
2025-01-13T16:09:06.0987470Z   The number of interpolate_shells was not specified. The value was set to 80.
2025-01-13T16:09:06.0987690Z 
2025-01-13T16:09:06.0987850Z -- Docs: https://docs.pytest.org/en/stable/how-to/capture-warnings.html
2025-01-13T16:09:06.0988070Z 
2025-01-13T16:09:06.0988210Z ---------- coverage: platform darwin, python 3.12.4-final-0 ----------
2025-01-13T16:09:06.0988500Z Coverage HTML written to dir coverage_html_report
2025-01-13T16:09:06.0988730Z Coverage XML written to file coverage.xml
2025-01-13T16:09:06.0988880Z 
2025-01-13T16:09:06.0988990Z =========================== short test summary info ============================
2025-01-13T16:09:06.0989770Z FAILED tardis/opacities/tests/test_tau_sobolev.py::test_calculate_sobolev_line_opacity - FileNotFoundError: File /Users/runner/work/tardis/tardis/tardis-regression-data/test_tau_sobolev/test_calculate_sobolev_line_opacity.h5 does not exist
2025-01-13T16:09:06.0991050Z FAILED tardis/opacities/tests/test_tau_sobolev.py::test_calculate_beta_sobolevs - FileNotFoundError: [Errno 2] No such file or directory: '/Users/runner/work/tardis/tardis/tardis-regression-data/test_tau_sobolev/test_calculate_beta_sobolevs.npy'
2025-01-13T16:09:06.0991900Z = 2 failed, 1436 passed, 329 skipped, 2 deselected, 19 xfailed, 8 xpassed, 91 warnings in 748.30s (0:12:28) =
2025-01-13T16:09:08.4952570Z ##[error]Process completed with exit code 1.
2025-01-13T16:09:08.6262500Z Post job cleanup.
2025-01-13T16:09:08.6395220Z Post job cleanup.
2025-01-13T16:09:09.1041690Z Will use pre-installed micromamba at /Users/runner/micromamba-bin/micromamba
2025-01-13T16:09:09.1045500Z Removing micromamba run shell ...
2025-01-13T16:09:09.1055370Z ##[group]Deinitialize micromamba for bash
2025-01-13T16:09:09.1141790Z [command]/Users/runner/micromamba-bin/micromamba shell deinit -s bash -r /Users/runner/micromamba --log-level warning --rc-file /Users/runner/work/_temp/setup-micromamba/.condarc
2025-01-13T16:09:09.2218650Z Resetting RC file "/Users/runner/.bash_profile"
2025-01-13T16:09:09.2319850Z Deleting config for root prefix 
2025-01-13T16:09:09.2404190Z Clearing mamba executable environment variable
2025-01-13T16:09:09.2406010Z Removing the following in your "/Users/runner/.bash_profile" file
2025-01-13T16:09:09.2429490Z # >>> mamba initialize >>>
2025-01-13T16:09:09.2429740Z ...
2025-01-13T16:09:09.2429890Z # <<< mamba initialize <<<
2025-01-13T16:09:09.2430830Z Removing environment tardis from auto-activate bash ...
2025-01-13T16:09:09.2558010Z Post job cleanup.
2025-01-13T16:09:09.2635490Z Post job cleanup.
2025-01-13T16:09:09.4356520Z [command]/opt/homebrew/bin/git version
2025-01-13T16:09:09.4673010Z git version 2.47.1
2025-01-13T16:09:09.4745090Z Copying '/Users/runner/.gitconfig' to '/Users/runner/work/_temp/f25b4352-4ae2-40ff-835f-0dae73d93023/.gitconfig'
2025-01-13T16:09:09.4760870Z Temporarily overriding HOME='/Users/runner/work/_temp/f25b4352-4ae2-40ff-835f-0dae73d93023' before making global git config changes
2025-01-13T16:09:09.4762940Z Adding repository directory to the temporary git global config as a safe directory
2025-01-13T16:09:09.4777050Z [command]/opt/homebrew/bin/git config --global --add safe.directory /Users/runner/work/tardis/tardis/tardis-regression-data
2025-01-13T16:09:09.4885680Z [command]/opt/homebrew/bin/git config --local --name-only --get-regexp core\.sshCommand
2025-01-13T16:09:09.4942840Z [command]/opt/homebrew/bin/git submodule foreach --recursive sh -c "git config --local --name-only --get-regexp 'core\.sshCommand' && git config --local --unset-all 'core.sshCommand' || :"
2025-01-13T16:09:09.6427220Z [command]/opt/homebrew/bin/git config --local --name-only --get-regexp http\.https\:\/\/github\.com\/\.extraheader
2025-01-13T16:09:09.6438910Z http.https://github.com/.extraheader
2025-01-13T16:09:09.6449130Z [command]/opt/homebrew/bin/git config --local --unset-all http.https://github.com/.extraheader
2025-01-13T16:09:09.6518990Z [command]/opt/homebrew/bin/git submodule foreach --recursive sh -c "git config --local --name-only --get-regexp 'http\.https\:\/\/github\.com\/\.extraheader' && git config --local --unset-all 'http.https://github.com/.extraheader' || :"
2025-01-13T16:09:09.8024130Z Post job cleanup.
2025-01-13T16:09:09.9726040Z [command]/opt/homebrew/bin/git version
2025-01-13T16:09:09.9789000Z git version 2.47.1
2025-01-13T16:09:09.9831970Z Copying '/Users/runner/.gitconfig' to '/Users/runner/work/_temp/02e2382a-3607-410b-8470-63894406304d/.gitconfig'
2025-01-13T16:09:09.9841220Z Temporarily overriding HOME='/Users/runner/work/_temp/02e2382a-3607-410b-8470-63894406304d' before making global git config changes
2025-01-13T16:09:09.9843050Z Adding repository directory to the temporary git global config as a safe directory
2025-01-13T16:09:09.9848550Z [command]/opt/homebrew/bin/git config --global --add safe.directory /Users/runner/work/tardis/tardis
2025-01-13T16:09:09.9938380Z [command]/opt/homebrew/bin/git config --local --name-only --get-regexp core\.sshCommand
2025-01-13T16:09:09.9997080Z [command]/opt/homebrew/bin/git submodule foreach --recursive sh -c "git config --local --name-only --get-regexp 'core\.sshCommand' && git config --local --unset-all 'core.sshCommand' || :"
2025-01-13T16:09:10.0892490Z [command]/opt/homebrew/bin/git config --local --name-only --get-regexp http\.https\:\/\/github\.com\/\.extraheader
2025-01-13T16:09:10.0943010Z http.https://github.com/.extraheader
2025-01-13T16:09:10.0953810Z [command]/opt/homebrew/bin/git config --local --unset-all http.https://github.com/.extraheader
2025-01-13T16:09:10.1031340Z [command]/opt/homebrew/bin/git submodule foreach --recursive sh -c "git config --local --name-only --get-regexp 'http\.https\:\/\/github\.com\/\.extraheader' && git config --local --unset-all 'http.https://github.com/.extraheader' || :"
2025-01-13T16:09:10.2105810Z Cleaning up orphan processes
