2025-01-26T01:31:15.9415617Z Requested labels: macos-latest
2025-01-26T01:31:15.9415909Z Job defined at: tardis-sn/tardis/.github/workflows/tests.yml@refs/heads/master
2025-01-26T01:31:15.9415996Z Waiting for a runner to pick up this job...
2025-01-26T01:31:16.2653906Z Job is waiting for a hosted runner to come online.
2025-01-26T01:31:20.1067139Z Job is about to start running on the hosted runner: GitHub Actions 57 (hosted)
2025-01-26T01:31:20.7504080Z Current runner version: '2.321.0'
2025-01-26T01:31:20.7522360Z ##[group]Operating System
2025-01-26T01:31:20.7522800Z macOS
2025-01-26T01:31:20.7523100Z 14.7.2
2025-01-26T01:31:20.7523490Z 23H311
2025-01-26T01:31:20.7523820Z ##[endgroup]
2025-01-26T01:31:20.7524230Z ##[group]Runner Image
2025-01-26T01:31:20.7524590Z Image: macos-14-arm64
2025-01-26T01:31:20.7524930Z Version: 20250120.774
2025-01-26T01:31:20.7525660Z Included Software: https://github.com/actions/runner-images/blob/macos-14-arm64/20250120.774/images/macos/macos-14-arm64-Readme.md
2025-01-26T01:31:20.7526620Z Image Release: https://github.com/actions/runner-images/releases/tag/macos-14-arm64%2F20250120.774
2025-01-26T01:31:20.7527450Z ##[endgroup]
2025-01-26T01:31:20.7527820Z ##[group]Runner Image Provisioner
2025-01-26T01:31:20.7528240Z 2.0.417.1+9319b8b0d2fead581272b7201c667f076e8e53f6
2025-01-26T01:31:20.7528660Z ##[endgroup]
2025-01-26T01:31:20.7530110Z ##[group]GITHUB_TOKEN Permissions
2025-01-26T01:31:20.7531200Z Actions: write
2025-01-26T01:31:20.7531530Z Attestations: write
2025-01-26T01:31:20.7531840Z Checks: write
2025-01-26T01:31:20.7532140Z Contents: write
2025-01-26T01:31:20.7532450Z Deployments: write
2025-01-26T01:31:20.7532750Z Discussions: write
2025-01-26T01:31:20.7533080Z Issues: write
2025-01-26T01:31:20.7533380Z Metadata: read
2025-01-26T01:31:20.7533680Z Packages: write
2025-01-26T01:31:20.7533980Z Pages: write
2025-01-26T01:31:20.7534280Z PullRequests: write
2025-01-26T01:31:20.7534600Z RepositoryProjects: write
2025-01-26T01:31:20.7534930Z SecurityEvents: write
2025-01-26T01:31:20.7535260Z Statuses: write
2025-01-26T01:31:20.7535560Z ##[endgroup]
2025-01-26T01:31:20.7537210Z Secret source: Actions
2025-01-26T01:31:20.7537600Z Prepare workflow directory
2025-01-26T01:31:20.7909780Z Prepare all required actions
2025-01-26T01:31:20.7933790Z Getting action download info
2025-01-26T01:31:20.9438170Z Download action repository 'actions/checkout@v4' (SHA:11bd71901bbe5b1630ceea73d27597364c9af683)
2025-01-26T01:31:21.1863900Z Download action repository 'actions/upload-artifact@v4' (SHA:65c4c4a1ddee5b72f698fdd19549f0f0fb45cf08)
2025-01-26T01:31:21.3318110Z Complete job name:  continuum macos-latest 
2025-01-26T01:31:21.3655260Z ##[group]Run actions/checkout@v4
2025-01-26T01:31:21.3655740Z with:
2025-01-26T01:31:21.3656030Z   repository: tardis-sn/tardis
2025-01-26T01:31:21.3656460Z   token: ***
2025-01-26T01:31:21.3656740Z   ssh-strict: true
2025-01-26T01:31:21.3657030Z   ssh-user: git
2025-01-26T01:31:21.3657320Z   persist-credentials: true
2025-01-26T01:31:21.3657650Z   clean: true
2025-01-26T01:31:21.3657990Z   sparse-checkout-cone-mode: true
2025-01-26T01:31:21.3658360Z   fetch-depth: 1
2025-01-26T01:31:21.3658710Z   fetch-tags: false
2025-01-26T01:31:21.3659020Z   show-progress: true
2025-01-26T01:31:21.3659300Z   lfs: false
2025-01-26T01:31:21.3674730Z   submodules: false
2025-01-26T01:31:21.3675060Z   set-safe-directory: true
2025-01-26T01:31:21.3675580Z env:
2025-01-26T01:31:21.3675840Z   CACHE_NUMBER: 0
2025-01-26T01:31:21.3676590Z   PYTEST_FLAGS: --tardis-regression-data=/Users/runner/work/tardis/tardis/tardis-regression-data --cov=tardis --cov-report=xml --cov-report=html --cov-append
2025-01-26T01:31:21.3677530Z   CODECOV_TOKEN: ***
2025-01-26T01:31:21.3677810Z ##[endgroup]
2025-01-26T01:31:21.6702270Z Syncing repository: tardis-sn/tardis
2025-01-26T01:31:21.6703640Z ##[group]Getting Git version info
2025-01-26T01:31:21.6704220Z Working directory is '/Users/runner/work/tardis/tardis'
2025-01-26T01:31:21.6704930Z [command]/opt/homebrew/bin/git version
2025-01-26T01:31:21.7195510Z git version 2.48.1
2025-01-26T01:31:21.7219970Z ##[endgroup]
2025-01-26T01:31:21.7230370Z Copying '/Users/runner/.gitconfig' to '/Users/runner/work/_temp/dcbea42e-efc1-420d-9d32-33ff36208941/.gitconfig'
2025-01-26T01:31:21.7236690Z Temporarily overriding HOME='/Users/runner/work/_temp/dcbea42e-efc1-420d-9d32-33ff36208941' before making global git config changes
2025-01-26T01:31:21.7237650Z Adding repository directory to the temporary git global config as a safe directory
2025-01-26T01:31:21.7240810Z [command]/opt/homebrew/bin/git config --global --add safe.directory /Users/runner/work/tardis/tardis
2025-01-26T01:31:21.7322980Z Deleting the contents of '/Users/runner/work/tardis/tardis'
2025-01-26T01:31:21.7325020Z ##[group]Initializing the repository
2025-01-26T01:31:21.7329440Z [command]/opt/homebrew/bin/git init /Users/runner/work/tardis/tardis
2025-01-26T01:31:21.7476780Z hint: Using 'master' as the name for the initial branch. This default branch name
2025-01-26T01:31:21.7477740Z hint: is subject to change. To configure the initial branch name to use in all
2025-01-26T01:31:21.7478450Z hint: of your new repositories, which will suppress this warning, call:
2025-01-26T01:31:21.7478950Z hint:
2025-01-26T01:31:21.7479320Z hint: 	git config --global init.defaultBranch <name>
2025-01-26T01:31:21.7479730Z hint:
2025-01-26T01:31:21.7480140Z hint: Names commonly chosen instead of 'master' are 'main', 'trunk' and
2025-01-26T01:31:21.7480750Z hint: 'development'. The just-created branch can be renamed via this command:
2025-01-26T01:31:21.7481280Z hint:
2025-01-26T01:31:21.7481570Z hint: 	git branch -m <name>
2025-01-26T01:31:21.7482060Z Initialized empty Git repository in /Users/runner/work/tardis/tardis/.git/
2025-01-26T01:31:21.7485470Z [command]/opt/homebrew/bin/git remote add origin https://github.com/tardis-sn/tardis
2025-01-26T01:31:21.7547650Z ##[endgroup]
2025-01-26T01:31:21.7548250Z ##[group]Disabling automatic garbage collection
2025-01-26T01:31:21.7581350Z [command]/opt/homebrew/bin/git config --local gc.auto 0
2025-01-26T01:31:21.7600340Z ##[endgroup]
2025-01-26T01:31:21.7600850Z ##[group]Setting up auth
2025-01-26T01:31:21.7605470Z [command]/opt/homebrew/bin/git config --local --name-only --get-regexp core\.sshCommand
2025-01-26T01:31:21.7653390Z [command]/opt/homebrew/bin/git submodule foreach --recursive sh -c "git config --local --name-only --get-regexp 'core\.sshCommand' && git config --local --unset-all 'core.sshCommand' || :"
2025-01-26T01:31:21.8268600Z [command]/opt/homebrew/bin/git config --local --name-only --get-regexp http\.https\:\/\/github\.com\/\.extraheader
2025-01-26T01:31:21.8281590Z [command]/opt/homebrew/bin/git submodule foreach --recursive sh -c "git config --local --name-only --get-regexp 'http\.https\:\/\/github\.com\/\.extraheader' && git config --local --unset-all 'http.https://github.com/.extraheader' || :"
2025-01-26T01:31:22.0651650Z [command]/opt/homebrew/bin/git config --local http.https://github.com/.extraheader AUTHORIZATION: basic ***
2025-01-26T01:31:22.0776050Z ##[endgroup]
2025-01-26T01:31:22.0786510Z ##[group]Fetching the repository
2025-01-26T01:31:22.0788880Z [command]/opt/homebrew/bin/git -c protocol.version=2 fetch --no-tags --prune --no-recurse-submodules --depth=1 origin +ba33d7b6d9d42ff82557ca382cff5b2a54f91c51:refs/remotes/origin/master
2025-01-26T01:31:24.8250840Z From https://github.com/tardis-sn/tardis
2025-01-26T01:31:24.8252290Z  * [new ref]         ba33d7b6d9d42ff82557ca382cff5b2a54f91c51 -> origin/master
2025-01-26T01:31:24.8310340Z ##[endgroup]
2025-01-26T01:31:24.8311380Z ##[group]Determining the checkout info
2025-01-26T01:31:24.8312290Z ##[endgroup]
2025-01-26T01:31:24.8314190Z [command]/opt/homebrew/bin/git sparse-checkout disable
2025-01-26T01:31:24.8402640Z [command]/opt/homebrew/bin/git config --local --unset-all extensions.worktreeConfig
2025-01-26T01:31:24.8455680Z ##[group]Checking out the ref
2025-01-26T01:31:24.8457740Z [command]/opt/homebrew/bin/git checkout --progress --force -B master refs/remotes/origin/master
2025-01-26T01:31:25.0975470Z Reset branch 'master'
2025-01-26T01:31:25.0990360Z branch 'master' set up to track 'origin/master'.
2025-01-26T01:31:25.1003710Z ##[endgroup]
2025-01-26T01:31:25.1083020Z [command]/opt/homebrew/bin/git log -1 --format=%H
2025-01-26T01:31:25.1136210Z ba33d7b6d9d42ff82557ca382cff5b2a54f91c51
2025-01-26T01:31:25.1408420Z Prepare all required actions
2025-01-26T01:31:25.1409090Z Getting action download info
2025-01-26T01:31:25.2671600Z Download action repository 'actions/cache@v4' (SHA:1bd1e32a3bdc45362d1e726936510720a7c30a57)
2025-01-26T01:31:25.3880170Z ##[group]Run ./.github/actions/setup_lfs
2025-01-26T01:31:25.3880650Z with:
2025-01-26T01:31:25.3881240Z   regression-data-repo: tardis-sn/tardis-regression-data
2025-01-26T01:31:25.3881880Z env:
2025-01-26T01:31:25.3882190Z   CACHE_NUMBER: 0
2025-01-26T01:31:25.3883350Z   PYTEST_FLAGS: --tardis-regression-data=/Users/runner/work/tardis/tardis/tardis-regression-data --cov=tardis --cov-report=xml --cov-report=html --cov-append
2025-01-26T01:31:25.3884790Z   CODECOV_TOKEN: ***
2025-01-26T01:31:25.3885140Z ##[endgroup]
2025-01-26T01:31:25.4062600Z ##[group]Run actions/checkout@v4
2025-01-26T01:31:25.4063050Z with:
2025-01-26T01:31:25.4063410Z   repository: tardis-sn/tardis-regression-data
2025-01-26T01:31:25.4063920Z   path: tardis-regression-data
2025-01-26T01:31:25.4064550Z   token: ***
2025-01-26T01:31:25.4064890Z   ssh-strict: true
2025-01-26T01:31:25.4065220Z   ssh-user: git
2025-01-26T01:31:25.4065730Z   persist-credentials: true
2025-01-26T01:31:25.4066160Z   clean: true
2025-01-26T01:31:25.4066680Z   sparse-checkout-cone-mode: true
2025-01-26T01:31:25.4067100Z   fetch-depth: 1
2025-01-26T01:31:25.4067420Z   fetch-tags: false
2025-01-26T01:31:25.4067750Z   show-progress: true
2025-01-26T01:31:25.4068170Z   lfs: false
2025-01-26T01:31:25.4068490Z   submodules: false
2025-01-26T01:31:25.4068910Z   set-safe-directory: true
2025-01-26T01:31:25.4069270Z env:
2025-01-26T01:31:25.4069540Z   CACHE_NUMBER: 0
2025-01-26T01:31:25.4070660Z   PYTEST_FLAGS: --tardis-regression-data=/Users/runner/work/tardis/tardis/tardis-regression-data --cov=tardis --cov-report=xml --cov-report=html --cov-append
2025-01-26T01:31:25.4071980Z   CODECOV_TOKEN: ***
2025-01-26T01:31:25.4072310Z ##[endgroup]
2025-01-26T01:31:25.5838980Z Syncing repository: tardis-sn/tardis-regression-data
2025-01-26T01:31:25.5840170Z ##[group]Getting Git version info
2025-01-26T01:31:25.5841040Z Working directory is '/Users/runner/work/tardis/tardis/tardis-regression-data'
2025-01-26T01:31:25.5842260Z [command]/opt/homebrew/bin/git version
2025-01-26T01:31:25.5843020Z git version 2.48.1
2025-01-26T01:31:25.5844740Z ##[endgroup]
2025-01-26T01:31:25.5848080Z Copying '/Users/runner/.gitconfig' to '/Users/runner/work/_temp/514174ab-8f69-4222-824c-746a3af5aaf7/.gitconfig'
2025-01-26T01:31:25.5859170Z Temporarily overriding HOME='/Users/runner/work/_temp/514174ab-8f69-4222-824c-746a3af5aaf7' before making global git config changes
2025-01-26T01:31:25.5863620Z Adding repository directory to the temporary git global config as a safe directory
2025-01-26T01:31:25.5868470Z [command]/opt/homebrew/bin/git config --global --add safe.directory /Users/runner/work/tardis/tardis/tardis-regression-data
2025-01-26T01:31:25.5871010Z ##[group]Initializing the repository
2025-01-26T01:31:25.5871910Z [command]/opt/homebrew/bin/git init /Users/runner/work/tardis/tardis/tardis-regression-data
2025-01-26T01:31:25.5872990Z hint: Using 'master' as the name for the initial branch. This default branch name
2025-01-26T01:31:25.5873920Z hint: is subject to change. To configure the initial branch name to use in all
2025-01-26T01:31:25.5874800Z hint: of your new repositories, which will suppress this warning, call:
2025-01-26T01:31:25.5875490Z hint:
2025-01-26T01:31:25.5875890Z hint: 	git config --global init.defaultBranch <name>
2025-01-26T01:31:25.5876400Z hint:
2025-01-26T01:31:25.5876930Z hint: Names commonly chosen instead of 'master' are 'main', 'trunk' and
2025-01-26T01:31:25.5880120Z hint: 'development'. The just-created branch can be renamed via this command:
2025-01-26T01:31:25.5880870Z hint:
2025-01-26T01:31:25.5881220Z hint: 	git branch -m <name>
2025-01-26T01:31:25.5882000Z Initialized empty Git repository in /Users/runner/work/tardis/tardis/tardis-regression-data/.git/
2025-01-26T01:31:25.5885710Z [command]/opt/homebrew/bin/git remote add origin https://github.com/tardis-sn/tardis-regression-data
2025-01-26T01:31:25.5887300Z ##[endgroup]
2025-01-26T01:31:25.5887900Z ##[group]Disabling automatic garbage collection
2025-01-26T01:31:25.5888800Z [command]/opt/homebrew/bin/git config --local gc.auto 0
2025-01-26T01:31:25.5890030Z ##[endgroup]
2025-01-26T01:31:25.5890590Z ##[group]Setting up auth
2025-01-26T01:31:25.5891270Z [command]/opt/homebrew/bin/git config --local --name-only --get-regexp core\.sshCommand
2025-01-26T01:31:25.5893510Z [command]/opt/homebrew/bin/git submodule foreach --recursive sh -c "git config --local --name-only --get-regexp 'core\.sshCommand' && git config --local --unset-all 'core.sshCommand' || :"
2025-01-26T01:31:25.6358100Z [command]/opt/homebrew/bin/git config --local --name-only --get-regexp http\.https\:\/\/github\.com\/\.extraheader
2025-01-26T01:31:25.6408710Z [command]/opt/homebrew/bin/git submodule foreach --recursive sh -c "git config --local --name-only --get-regexp 'http\.https\:\/\/github\.com\/\.extraheader' && git config --local --unset-all 'http.https://github.com/.extraheader' || :"
2025-01-26T01:31:25.7546350Z [command]/opt/homebrew/bin/git config --local http.https://github.com/.extraheader AUTHORIZATION: basic ***
2025-01-26T01:31:25.7731900Z ##[endgroup]
2025-01-26T01:31:25.7732700Z ##[group]Determining the default branch
2025-01-26T01:31:25.7733340Z Retrieving the default branch name
2025-01-26T01:31:26.1538150Z Default branch 'main'
2025-01-26T01:31:26.1640740Z ##[endgroup]
2025-01-26T01:31:26.1742720Z ##[group]Fetching the repository
2025-01-26T01:31:26.1843560Z [command]/opt/homebrew/bin/git -c protocol.version=2 fetch --no-tags --prune --no-recurse-submodules --depth=1 origin +refs/heads/main:refs/remotes/origin/main
2025-01-26T01:31:27.0906030Z From https://github.com/tardis-sn/tardis-regression-data
2025-01-26T01:31:27.0906530Z  * [new branch]      main       -> origin/main
2025-01-26T01:31:27.0967810Z ##[endgroup]
2025-01-26T01:31:27.0968180Z ##[group]Determining the checkout info
2025-01-26T01:31:27.0971250Z ##[endgroup]
2025-01-26T01:31:27.0976840Z [command]/opt/homebrew/bin/git sparse-checkout disable
2025-01-26T01:31:27.1056420Z [command]/opt/homebrew/bin/git config --local --unset-all extensions.worktreeConfig
2025-01-26T01:31:27.1111070Z ##[group]Checking out the ref
2025-01-26T01:31:27.1121640Z [command]/opt/homebrew/bin/git checkout --progress --force -B main refs/remotes/origin/main
2025-01-26T01:31:27.3223850Z Switched to a new branch 'main'
2025-01-26T01:31:27.3225990Z branch 'main' set up to track 'origin/main'.
2025-01-26T01:31:27.3955790Z ##[endgroup]
2025-01-26T01:31:27.4014970Z [command]/opt/homebrew/bin/git log -1 --format=%H
2025-01-26T01:31:27.4060170Z fa7729bc9c30e14b69acd641af8b692b56fcd416
2025-01-26T01:31:27.4156410Z ##[group]Run git lfs ls-files -l | cut -d' ' -f1 | sort > .lfs-assets-id
2025-01-26T01:31:27.4156890Z [36;1mgit lfs ls-files -l | cut -d' ' -f1 | sort > .lfs-assets-id[0m
2025-01-26T01:31:27.4223110Z shell: /bin/bash --noprofile --norc -e -o pipefail {0}
2025-01-26T01:31:27.4223430Z env:
2025-01-26T01:31:27.4223580Z   CACHE_NUMBER: 0
2025-01-26T01:31:27.4224090Z   PYTEST_FLAGS: --tardis-regression-data=/Users/runner/work/tardis/tardis/tardis-regression-data --cov=tardis --cov-report=xml --cov-report=html --cov-append
2025-01-26T01:31:27.4224980Z   CODECOV_TOKEN: ***
2025-01-26T01:31:27.4225140Z ##[endgroup]
2025-01-26T01:31:27.7476890Z ##[group]Run actions/cache/restore@v4
2025-01-26T01:31:27.7477110Z with:
2025-01-26T01:31:27.7477260Z   path: tardis-regression-data/.git/lfs
2025-01-26T01:31:27.7477610Z   key: macOS-lfs-21f9fa4b6817cc69b9fae3598144724da7828e276a73bd17f47a2a49d9af090a-v1
2025-01-26T01:31:27.7477950Z   enableCrossOsArchive: false
2025-01-26T01:31:27.7478130Z   fail-on-cache-miss: false
2025-01-26T01:31:27.7478310Z   lookup-only: false
2025-01-26T01:31:27.7478470Z env:
2025-01-26T01:31:27.7478620Z   CACHE_NUMBER: 0
2025-01-26T01:31:27.7479450Z   PYTEST_FLAGS: --tardis-regression-data=/Users/runner/work/tardis/tardis/tardis-regression-data --cov=tardis --cov-report=xml --cov-report=html --cov-append
2025-01-26T01:31:27.7480140Z   CODECOV_TOKEN: ***
2025-01-26T01:31:27.7480300Z ##[endgroup]
2025-01-26T01:31:29.3250820Z Received 41943040 of 1706796060 (2.5%), 38.8 MBs/sec
2025-01-26T01:31:30.3262640Z Received 100663296 of 1706796060 (5.9%), 47.2 MBs/sec
2025-01-26T01:31:31.3278450Z Received 163577856 of 1706796060 (9.6%), 51.4 MBs/sec
2025-01-26T01:31:32.3285660Z Received 234881024 of 1706796060 (13.8%), 55.5 MBs/sec
2025-01-26T01:31:33.3297890Z Received 301989888 of 1706796060 (17.7%), 57.2 MBs/sec
2025-01-26T01:31:34.3310480Z Received 360710144 of 1706796060 (21.1%), 57.0 MBs/sec
2025-01-26T01:31:35.3324580Z Received 448790528 of 1706796060 (26.3%), 60.8 MBs/sec
2025-01-26T01:31:36.3434080Z Received 524288000 of 1706796060 (30.7%), 62.2 MBs/sec
2025-01-26T01:31:37.3347360Z Received 603979776 of 1706796060 (35.4%), 63.7 MBs/sec
2025-01-26T01:31:38.3379150Z Received 675282944 of 1706796060 (39.6%), 64.1 MBs/sec
2025-01-26T01:31:39.3673160Z Received 750780416 of 1706796060 (44.0%), 64.7 MBs/sec
2025-01-26T01:31:40.3633240Z Received 809500672 of 1706796060 (47.4%), 64.0 MBs/sec
2025-01-26T01:31:41.3738920Z Received 876609536 of 1706796060 (51.4%), 64.0 MBs/sec
2025-01-26T01:31:42.3640260Z Received 943718400 of 1706796060 (55.3%), 64.0 MBs/sec
2025-01-26T01:31:43.3650870Z Received 1006632960 of 1706796060 (59.0%), 63.7 MBs/sec
2025-01-26T01:31:44.3675690Z Received 1103101952 of 1706796060 (64.6%), 65.4 MBs/sec
2025-01-26T01:31:45.3678680Z Received 1174405120 of 1706796060 (68.8%), 65.6 MBs/sec
2025-01-26T01:31:46.3685270Z Received 1233125376 of 1706796060 (72.2%), 65.1 MBs/sec
2025-01-26T01:31:47.3708630Z Received 1304428544 of 1706796060 (76.4%), 65.2 MBs/sec
2025-01-26T01:31:48.3713300Z Received 1392508928 of 1706796060 (81.6%), 66.1 MBs/sec
2025-01-26T01:31:49.3843890Z Received 1476395008 of 1706796060 (86.5%), 66.8 MBs/sec
2025-01-26T01:31:50.3746450Z Received 1547698176 of 1706796060 (90.7%), 66.8 MBs/sec
2025-01-26T01:31:51.3750180Z Received 1627389952 of 1706796060 (95.3%), 67.2 MBs/sec
2025-01-26T01:31:52.3772950Z Received 1694498816 of 1706796060 (99.3%), 67.1 MBs/sec
2025-01-26T01:31:52.7387490Z Cache Size: ~1628 MB (1706796060 B)
2025-01-26T01:31:52.7644170Z [command]/opt/homebrew/bin/gtar -xf /Users/runner/work/_temp/f2d19eb8-83ff-4d83-923d-80ef5449d326/cache.tzst -P -C /Users/runner/work/tardis/tardis --delay-directory-restore --use-compress-program unzstd
2025-01-26T01:31:53.3805130Z Received 1706796060 of 1706796060 (100.0%), 64.9 MBs/sec
2025-01-26T01:31:58.7376390Z Cache restored successfully
2025-01-26T01:31:58.8877100Z Cache restored from key: macOS-lfs-21f9fa4b6817cc69b9fae3598144724da7828e276a73bd17f47a2a49d9af090a-v1
2025-01-26T01:31:58.9035090Z ##[group]Run git lfs checkout
2025-01-26T01:31:58.9035580Z [36;1mgit lfs checkout[0m
2025-01-26T01:31:58.9122320Z shell: /bin/bash --noprofile --norc -e -o pipefail {0}
2025-01-26T01:31:58.9122680Z env:
2025-01-26T01:31:58.9123050Z   CACHE_NUMBER: 0
2025-01-26T01:31:58.9123770Z   PYTEST_FLAGS: --tardis-regression-data=/Users/runner/work/tardis/tardis/tardis-regression-data --cov=tardis --cov-report=xml --cov-report=html --cov-append
2025-01-26T01:31:58.9124830Z   CODECOV_TOKEN: ***
2025-01-26T01:31:58.9125170Z ##[endgroup]
2025-01-26T01:32:06.0658840Z Checking out LFS objects: 100% (204/204), 3.5 GB | 360 MB/s, done.
2025-01-26T01:32:15.1268480Z Prepare all required actions
2025-01-26T01:32:15.1269170Z Getting action download info
2025-01-26T01:32:15.2589940Z Download action repository 'mamba-org/setup-micromamba@v1' (SHA:4b9113af4fba0e9e1124b252dd6497a419e7396d)
2025-01-26T01:32:16.3839810Z ##[group]Run ./.github/actions/setup_env
2025-01-26T01:32:16.3840030Z with:
2025-01-26T01:32:16.3840270Z   os-label: osx-arm64
2025-01-26T01:32:16.3840500Z env:
2025-01-26T01:32:16.3840740Z   CACHE_NUMBER: 0
2025-01-26T01:32:16.3841240Z   PYTEST_FLAGS: --tardis-regression-data=/Users/runner/work/tardis/tardis/tardis-regression-data --cov=tardis --cov-report=xml --cov-report=html --cov-append
2025-01-26T01:32:16.3841900Z   CODECOV_TOKEN: ***
2025-01-26T01:32:16.3842130Z ##[endgroup]
2025-01-26T01:32:16.3862370Z ##[group]Run file_hash=$(cat conda-osx-arm64.lock | shasum -a 256 | cut -d' ' -f1)
2025-01-26T01:32:16.3863650Z [36;1mfile_hash=$(cat conda-osx-arm64.lock | shasum -a 256 | cut -d' ' -f1)[0m
2025-01-26T01:32:16.3864050Z [36;1mecho "file_hash=$file_hash" >> "${GITHUB_OUTPUT}"[0m
2025-01-26T01:32:16.3918560Z shell: /bin/bash --noprofile --norc -e -o pipefail {0}
2025-01-26T01:32:16.3918940Z env:
2025-01-26T01:32:16.3919080Z   CACHE_NUMBER: 0
2025-01-26T01:32:16.3919550Z   PYTEST_FLAGS: --tardis-regression-data=/Users/runner/work/tardis/tardis/tardis-regression-data --cov=tardis --cov-report=xml --cov-report=html --cov-append
2025-01-26T01:32:16.3920300Z   CODECOV_TOKEN: ***
2025-01-26T01:32:16.3920440Z ##[endgroup]
2025-01-26T01:32:16.5173430Z ##[group]Run mamba-org/setup-micromamba@v1
2025-01-26T01:32:16.5173670Z with:
2025-01-26T01:32:16.5173820Z   environment-file: conda-osx-arm64.lock
2025-01-26T01:32:16.5174180Z   cache-environment-key: bf0d0a4d4c847cca72476c6c68c493d56c484aada7e80de0e42c7607fcef5824
2025-01-26T01:32:16.5174650Z   cache-downloads-key: bf0d0a4d4c847cca72476c6c68c493d56c484aada7e80de0e42c7607fcef5824
2025-01-26T01:32:16.5175110Z   environment-name: tardis
2025-01-26T01:32:16.5175280Z   cache-environment: true
2025-01-26T01:32:16.5175430Z   cache-downloads: true
2025-01-26T01:32:16.5175570Z env:
2025-01-26T01:32:16.5175680Z   CACHE_NUMBER: 0
2025-01-26T01:32:16.5176140Z   PYTEST_FLAGS: --tardis-regression-data=/Users/runner/work/tardis/tardis/tardis-regression-data --cov=tardis --cov-report=xml --cov-report=html --cov-append
2025-01-26T01:32:16.5176870Z   CODECOV_TOKEN: ***
2025-01-26T01:32:16.5177000Z ##[endgroup]
2025-01-26T01:32:16.8417030Z Will download micromamba to /Users/runner/micromamba-bin/micromamba
2025-01-26T01:32:16.8424150Z ##[group]Install micromamba
2025-01-26T01:32:17.6268300Z micromamba installed to /Users/runner/micromamba-bin/micromamba
2025-01-26T01:32:17.6271220Z ##[endgroup]
2025-01-26T01:32:17.6273790Z Adding conda-forge to condarc channels ...
2025-01-26T01:32:17.6396120Z ##[group]Initialize micromamba for bash.
2025-01-26T01:32:17.6405620Z [command]/Users/runner/micromamba-bin/micromamba shell init -s bash -r /Users/runner/micromamba --log-level warning --rc-file /Users/runner/work/_temp/setup-micromamba/.condarc
2025-01-26T01:32:17.6698030Z Modifying RC file "/Users/runner/.bash_profile"
2025-01-26T01:32:17.6699450Z Generating config for root prefix [1m"/Users/runner/micromamba"[0m
2025-01-26T01:32:17.6700140Z Setting mamba executable to: [1m"/Users/runner/micromamba-bin/micromamba"[0m
2025-01-26T01:32:17.6700590Z Adding (or replacing) the following in your "/Users/runner/.bash_profile" file
2025-01-26T01:32:17.6700820Z 
2025-01-26T01:32:17.6700890Z # >>> mamba initialize >>>
2025-01-26T01:32:17.6701150Z # !! Contents within this block are managed by 'mamba init' !!
2025-01-26T01:32:17.6701460Z export MAMBA_EXE='/Users/runner/micromamba-bin/micromamba';
2025-01-26T01:32:17.6701750Z export MAMBA_ROOT_PREFIX='/Users/runner/micromamba';
2025-01-26T01:32:17.6702140Z __mamba_setup="$("$MAMBA_EXE" shell hook --shell bash --root-prefix "$MAMBA_ROOT_PREFIX" 2> /dev/null)"
2025-01-26T01:32:17.6702620Z if [ $? -eq 0 ]; then
2025-01-26T01:32:17.6702800Z     eval "$__mamba_setup"
2025-01-26T01:32:17.6703580Z else
2025-01-26T01:32:17.6703820Z     alias micromamba="$MAMBA_EXE"  # Fallback on help from mamba activate
2025-01-26T01:32:17.6704090Z fi
2025-01-26T01:32:17.6704210Z unset __mamba_setup
2025-01-26T01:32:17.6704390Z # <<< mamba initialize <<<
2025-01-26T01:32:17.6704510Z 
2025-01-26T01:32:17.6706530Z ##[endgroup]
2025-01-26T01:32:17.6707660Z ##[group]Restoring downloads from `/Users/runner/micromamba/pkgs` ...
2025-01-26T01:32:19.0484550Z Received 37748736 of 310595924 (12.2%), 36.0 MBs/sec
2025-01-26T01:32:20.0434450Z Received 88080384 of 310595924 (28.4%), 42.0 MBs/sec
2025-01-26T01:32:21.0416250Z Received 155189248 of 310595924 (50.0%), 49.3 MBs/sec
2025-01-26T01:32:22.0422990Z Received 213909504 of 310595924 (68.9%), 50.9 MBs/sec
2025-01-26T01:32:23.0443920Z Received 289624404 of 310595924 (93.2%), 55.2 MBs/sec
2025-01-26T01:32:23.5991290Z Cache Size: ~296 MB (310595924 B)
2025-01-26T01:32:23.6044270Z [command]/opt/homebrew/bin/gtar -xf /Users/runner/work/_temp/bd6b2616-a71d-4c67-86d0-921b379ce397/cache.tzst -P -C /Users/runner/work/tardis/tardis --delay-directory-restore --use-compress-program unzstd
2025-01-26T01:32:24.0449880Z Received 310595924 of 310595924 (100.0%), 49.3 MBs/sec
2025-01-26T01:32:24.2076500Z Cache restored successfully
2025-01-26T01:32:24.2097800Z Restored cache with key `bf0d0a4d4c847cca72476c6c68c493d56c484aada7e80de0e42c7607fcef5824-osx-arm64`
2025-01-26T01:32:24.2098680Z ##[endgroup]
2025-01-26T01:32:24.2128370Z ##[group]Restoring environment `tardis` from `/Users/runner/micromamba/envs/tardis` ...
2025-01-26T01:32:25.5709910Z Received 25165824 of 385787123 (6.5%), 24.0 MBs/sec
2025-01-26T01:32:26.5789130Z Received 92274688 of 385787123 (23.9%), 43.8 MBs/sec
2025-01-26T01:32:27.5799580Z Received 150994944 of 385787123 (39.1%), 47.9 MBs/sec
2025-01-26T01:32:28.5809000Z Received 222298112 of 385787123 (57.6%), 52.9 MBs/sec
2025-01-26T01:32:29.5894430Z Received 285212672 of 385787123 (73.9%), 54.3 MBs/sec
2025-01-26T01:32:30.5826170Z Received 352321536 of 385787123 (91.3%), 55.9 MBs/sec
2025-01-26T01:32:31.4367030Z Cache Size: ~368 MB (385787123 B)
2025-01-26T01:32:31.4434530Z [command]/opt/homebrew/bin/gtar -xf /Users/runner/work/_temp/430f6288-e4b9-43b0-81cc-18bdfd297bb9/cache.tzst -P -C /Users/runner/work/tardis/tardis --delay-directory-restore --use-compress-program unzstd
2025-01-26T01:32:31.5861740Z Received 385787123 of 385787123 (100.0%), 52.4 MBs/sec
2025-01-26T01:32:43.1875730Z Cache restored successfully
2025-01-26T01:32:43.1982670Z Restored cache with key `bf0d0a4d4c847cca72476c6c68c493d56c484aada7e80de0e42c7607fcef5824-osx-arm64-tardis-args-4f53cda-root-873f6fe-bin-[object Promise]-file-bf0d0a4d4c847cca72476c6c68c493d56c484aada7e80de0e42c7607fcef5824`
2025-01-26T01:32:43.2006060Z ##[endgroup]
2025-01-26T01:32:43.2006940Z Adding environment tardis to auto-activate bash ...
2025-01-26T01:32:43.2008310Z Generating micromamba run shell.
2025-01-26T01:32:43.2025110Z ##[endgroup]
2025-01-26T01:32:43.2028690Z Set environment variables.
2025-01-26T01:32:43.2029950Z ##[group]micromamba info
2025-01-26T01:32:43.2039930Z [command]/Users/runner/micromamba-bin/micromamba info -r /Users/runner/micromamba -n tardis
2025-01-26T01:32:43.6642100Z 
2025-01-26T01:32:43.6723890Z        libmamba version : 1.5.10
2025-01-26T01:32:43.6724640Z      micromamba version : 1.5.10
2025-01-26T01:32:43.6725710Z            curl version : libcurl/8.10.1 (OpenSSL/3.3.2) SecureTransport zlib/1.3.1 zstd/1.5.6 libssh2/1.11.0 nghttp2/1.58.0
2025-01-26T01:32:43.6726860Z      libarchive version : libarchive 3.7.4 zlib/1.2.13 bz2lib/1.0.8 libzstd/1.5.6
2025-01-26T01:32:43.6727780Z        envs directories : /Users/runner/micromamba/envs
2025-01-26T01:32:43.6728500Z           package cache : /Users/runner/micromamba/pkgs
2025-01-26T01:32:43.6729350Z                           /Users/runner/.mamba/pkgs
2025-01-26T01:32:43.6730500Z             environment : tardis
2025-01-26T01:32:43.6732310Z            env location : /Users/runner/micromamba/envs/tardis
2025-01-26T01:32:43.6835950Z       user config files : /Users/runner/.mambarc
2025-01-26T01:32:43.6839150Z  populated config files : /Users/runner/work/_temp/setup-micromamba/.condarc
2025-01-26T01:32:43.6866100Z        virtual packages : __unix=0=0
2025-01-26T01:32:43.6867980Z                           __osx=14.7.2=0
2025-01-26T01:32:43.6869390Z                           __archspec=1=arm64
2025-01-26T01:32:43.6909110Z                channels : https://conda.anaconda.org/conda-forge/osx-arm64
2025-01-26T01:32:43.6909710Z                           https://conda.anaconda.org/conda-forge/noarch
2025-01-26T01:32:43.6909970Z        base environment : /Users/runner/micromamba
2025-01-26T01:32:43.6910190Z                platform : osx-arm64
2025-01-26T01:32:43.6910750Z ##[endgroup]
2025-01-26T01:32:43.6911050Z ##[group]micromamba list
2025-01-26T01:32:43.6911650Z [command]/Users/runner/micromamba-bin/micromamba list -r /Users/runner/micromamba -n tardis
2025-01-26T01:32:44.0679490Z List of packages in environment: "/Users/runner/micromamba/envs/tardis"
2025-01-26T01:32:44.0679760Z 
2025-01-26T01:32:44.0679960Z   Name                           Version              Build                    Channel    
2025-01-26T01:32:44.0681830Z â”€â”€â”€â”€â”€â”€â”€â”€â”€â”€â”€â”€â”€â”€â”€â”€â”€â”€â”€â”€â”€â”€â”€â”€â”€â”€â”€â”€â”€â”€â”€â”€â”€â”€â”€â”€â”€â”€â”€â”€â”€â”€â”€â”€â”€â”€â”€â”€â”€â”€â”€â”€â”€â”€â”€â”€â”€â”€â”€â”€â”€â”€â”€â”€â”€â”€â”€â”€â”€â”€â”€â”€â”€â”€â”€â”€â”€â”€â”€â”€â”€â”€â”€â”€â”€â”€â”€â”€â”€â”€â”€â”€
2025-01-26T01:32:44.0682280Z   alabaster                      0.7.16               pyhd8ed1ab_0             conda-forge
2025-01-26T01:32:44.0682620Z   anyio                          4.4.0                pyhd8ed1ab_0             conda-forge
2025-01-26T01:32:44.0683080Z   appnope                        0.1.4                pyhd8ed1ab_0             conda-forge
2025-01-26T01:32:44.0683500Z   argon2-cffi                    23.1.0               pyhd8ed1ab_0             conda-forge
2025-01-26T01:32:44.0684070Z   argon2-cffi-bindings           21.2.0               py312h02f2b3b_4          conda-forge
2025-01-26T01:32:44.0684550Z   arrow                          1.3.0                pyhd8ed1ab_0             conda-forge
2025-01-26T01:32:44.0684920Z   astropy                        6.1.1                py312hbebd99a_0          conda-forge
2025-01-26T01:32:44.0685380Z   astropy-iers-data              0.2024.6.17.0.31.35  pyhd8ed1ab_0             conda-forge
2025-01-26T01:32:44.0685730Z   astropy-sphinx-theme           1.1                  pyhd8ed1ab_0             conda-forge
2025-01-26T01:32:44.0686260Z   asttokens                      2.4.1                pyhd8ed1ab_0             conda-forge
2025-01-26T01:32:44.0686550Z   async-lru                      2.0.4                pyhd8ed1ab_0             conda-forge
2025-01-26T01:32:44.0686890Z   atk-1.0                        2.38.0               hd03087b_2               conda-forge
2025-01-26T01:32:44.0688270Z   attrs                          23.2.0               pyh71513ae_0             conda-forge
2025-01-26T01:32:44.0688590Z   babel                          2.14.0               pyhd8ed1ab_0             conda-forge
2025-01-26T01:32:44.0689070Z   beautifulsoup4                 4.12.3               pyha770c72_0             conda-forge
2025-01-26T01:32:44.0689500Z   bleach                         6.1.0                pyhd8ed1ab_0             conda-forge
2025-01-26T01:32:44.0689940Z   blosc                          1.21.5               h9c252e8_1               conda-forge
2025-01-26T01:32:44.0690300Z   brotli                         1.1.0                hb547adb_1               conda-forge
2025-01-26T01:32:44.0690720Z   brotli-bin                     1.1.0                hb547adb_1               conda-forge
2025-01-26T01:32:44.0691160Z   brotli-python                  1.1.0                py312h9f69965_1          conda-forge
2025-01-26T01:32:44.0691500Z   bzip2                          1.0.8                h93a5062_5               conda-forge
2025-01-26T01:32:44.0691970Z   c-ares                         1.28.1               h93a5062_0               conda-forge
2025-01-26T01:32:44.0692250Z   c-blosc2                       2.14.4               ha57e6be_1               conda-forge
2025-01-26T01:32:44.0693030Z   ca-certificates                2024.6.2             hf0a4a13_0               conda-forge
2025-01-26T01:32:44.0693550Z   cached-property                1.5.2                hd8ed1ab_1               conda-forge
2025-01-26T01:32:44.0694010Z   cached_property                1.5.2                pyha770c72_1             conda-forge
2025-01-26T01:32:44.0694520Z   cairo                          1.18.0               hd1e100b_0               conda-forge
2025-01-26T01:32:44.0694930Z   certifi                        2024.6.2             pyhd8ed1ab_0             conda-forge
2025-01-26T01:32:44.0695300Z   cffi                           1.16.0               py312h8e38eb3_0          conda-forge
2025-01-26T01:32:44.0695750Z   charset-normalizer             3.3.2                pyhd8ed1ab_0             conda-forge
2025-01-26T01:32:44.0696160Z   click                          8.1.7                unix_pyh707e725_0        conda-forge
2025-01-26T01:32:44.0696900Z   codespell                      2.3.0                pyhd8ed1ab_0             conda-forge
2025-01-26T01:32:44.0697290Z   colorama                       0.4.6                pyhd8ed1ab_0             conda-forge
2025-01-26T01:32:44.0697700Z   comm                           0.2.2                pyhd8ed1ab_0             conda-forge
2025-01-26T01:32:44.0698140Z   commonmark                     0.9.1                py_0                     conda-forge
2025-01-26T01:32:44.0698550Z   contourpy                      1.2.1                py312h0fef576_0          conda-forge
2025-01-26T01:32:44.0699090Z   coverage                       7.5.3                py312h7e5086c_0          conda-forge
2025-01-26T01:32:44.0699440Z   cycler                         0.12.1               pyhd8ed1ab_0             conda-forge
2025-01-26T01:32:44.0699890Z   dataclasses                    0.8                  pyhc8e2a94_3             conda-forge
2025-01-26T01:32:44.0700290Z   debugpy                        1.8.1                py312h20a0b95_0          conda-forge
2025-01-26T01:32:44.0700770Z   decorator                      5.1.1                pyhd8ed1ab_0             conda-forge
2025-01-26T01:32:44.0701390Z   defusedxml                     0.7.1                pyhd8ed1ab_0             conda-forge
2025-01-26T01:32:44.0701760Z   docutils                       0.20.1               py312h81bd7bf_3          conda-forge
2025-01-26T01:32:44.0702100Z   dot2tex                        2.11.3               pyhd8ed1ab_0             conda-forge
2025-01-26T01:32:44.0702380Z   entrypoints                    0.4                  pyhd8ed1ab_0             conda-forge
2025-01-26T01:32:44.0702690Z   exceptiongroup                 1.2.0                pyhd8ed1ab_2             conda-forge
2025-01-26T01:32:44.0703210Z   executing                      2.0.1                pyhd8ed1ab_0             conda-forge
2025-01-26T01:32:44.0703540Z   expat                          2.6.2                hebf3989_0               conda-forge
2025-01-26T01:32:44.0703950Z   font-ttf-dejavu-sans-mono      2.37                 hab24e00_0               conda-forge
2025-01-26T01:32:44.0704350Z   font-ttf-inconsolata           3.000                h77eed37_0               conda-forge
2025-01-26T01:32:44.0704770Z   font-ttf-source-code-pro       2.038                h77eed37_0               conda-forge
2025-01-26T01:32:44.0705130Z   font-ttf-ubuntu                0.83                 h77eed37_2               conda-forge
2025-01-26T01:32:44.0705540Z   fontconfig                     2.14.2               h82840c6_0               conda-forge
2025-01-26T01:32:44.0705890Z   fonts-conda-ecosystem          1                    0                        conda-forge
2025-01-26T01:32:44.0706340Z   fonts-conda-forge              1                    0                        conda-forge
2025-01-26T01:32:44.0706670Z   fonttools                      4.53.0               py312h7e5086c_0          conda-forge
2025-01-26T01:32:44.0707050Z   fqdn                           1.5.1                pyhd8ed1ab_0             conda-forge
2025-01-26T01:32:44.0707710Z   freetype                       2.12.1               hadb7bae_2               conda-forge
2025-01-26T01:32:44.0708060Z   fribidi                        1.0.10               h27ca646_0               conda-forge
2025-01-26T01:32:44.0708480Z   future                         1.0.0                pyhd8ed1ab_0             conda-forge
2025-01-26T01:32:44.0708830Z   gdk-pixbuf                     2.42.12              h7ddc832_0               conda-forge
2025-01-26T01:32:44.0709120Z   gettext                        0.22.5               h8fbad5d_2               conda-forge
2025-01-26T01:32:44.0709530Z   gettext-tools                  0.22.5               h8fbad5d_2               conda-forge
2025-01-26T01:32:44.0709970Z   giflib                         5.2.2                h93a5062_0               conda-forge
2025-01-26T01:32:44.0710240Z   git-lfs                        3.5.1                hce30654_0               conda-forge
2025-01-26T01:32:44.0710910Z   gmp                            6.3.0                hebf3989_1               conda-forge
2025-01-26T01:32:44.0712100Z   gmpy2                          2.1.5                py312hfa9fade_1          conda-forge
2025-01-26T01:32:44.0713490Z   graphite2                      1.3.13               hebf3989_1003            conda-forge
2025-01-26T01:32:44.0714540Z   graphviz                       11.0.0               h9bb9bc9_0               conda-forge
2025-01-26T01:32:44.0715430Z   gtk2                           2.24.33              h7895bb2_4               conda-forge
2025-01-26T01:32:44.0716390Z   gts                            0.7.6                he42f4ea_4               conda-forge
2025-01-26T01:32:44.0717100Z   h11                            0.14.0               pyhd8ed1ab_0             conda-forge
2025-01-26T01:32:44.0717840Z   h2                             4.1.0                pyhd8ed1ab_0             conda-forge
2025-01-26T01:32:44.0718810Z   h5py                           3.11.0               nompi_py312h903599c_102  conda-forge
2025-01-26T01:32:44.0721030Z   harfbuzz                       8.5.0                h1836168_0               conda-forge
2025-01-26T01:32:44.0722020Z   hdf5                           1.14.3               nompi_hec07895_105       conda-forge
2025-01-26T01:32:44.0722860Z   hpack                          4.0.0                pyh9f0ad1d_0             conda-forge
2025-01-26T01:32:44.0724270Z   httpcore                       1.0.5                pyhd8ed1ab_0             conda-forge
2025-01-26T01:32:44.0725100Z   httpx                          0.27.0               pyhd8ed1ab_0             conda-forge
2025-01-26T01:32:44.0726040Z   hyperframe                     6.0.1                pyhd8ed1ab_0             conda-forge
2025-01-26T01:32:44.0727070Z   icu                            73.2                 hc8870d7_0               conda-forge
2025-01-26T01:32:44.0727930Z   idna                           3.7                  pyhd8ed1ab_0             conda-forge
2025-01-26T01:32:44.0728840Z   imagesize                      1.4.1                pyhd8ed1ab_0             conda-forge
2025-01-26T01:32:44.0729790Z   importlib-metadata             7.1.0                pyha770c72_0             conda-forge
2025-01-26T01:32:44.0730830Z   importlib_metadata             7.1.0                hd8ed1ab_0               conda-forge
2025-01-26T01:32:44.0731840Z   importlib_resources            6.4.0                pyhd8ed1ab_0             conda-forge
2025-01-26T01:32:44.0732730Z   iniconfig                      2.0.0                pyhd8ed1ab_0             conda-forge
2025-01-26T01:32:44.0733650Z   ipykernel                      6.29.4               pyh57ce528_0             conda-forge
2025-01-26T01:32:44.0734460Z   ipython                        8.25.0               pyh707e725_0             conda-forge
2025-01-26T01:32:44.0735430Z   ipython_genutils               0.2.0                pyhd8ed1ab_1             conda-forge
2025-01-26T01:32:44.0736360Z   ipywidgets                     7.8.0                pyhd8ed1ab_0             conda-forge
2025-01-26T01:32:44.0738680Z   isoduration                    20.11.0              pyhd8ed1ab_0             conda-forge
2025-01-26T01:32:44.0739670Z   jedi                           0.19.1               pyhd8ed1ab_0             conda-forge
2025-01-26T01:32:44.0740460Z   jinja2                         3.1.4                pyhd8ed1ab_0             conda-forge
2025-01-26T01:32:44.0741710Z   json5                          0.9.25               pyhd8ed1ab_0             conda-forge
2025-01-26T01:32:44.0742600Z   jsonpointer                    3.0.0                py312h81bd7bf_0          conda-forge
2025-01-26T01:32:44.0743560Z   jsonschema                     4.22.0               pyhd8ed1ab_0             conda-forge
2025-01-26T01:32:44.0744610Z   jsonschema-specifications      2023.12.1            pyhd8ed1ab_0             conda-forge
2025-01-26T01:32:44.0745910Z   jsonschema-with-format-nongpl  4.22.0               pyhd8ed1ab_0             conda-forge
2025-01-26T01:32:44.0749400Z   jupyter-lsp                    2.2.5                pyhd8ed1ab_0             conda-forge
2025-01-26T01:32:44.0750000Z   jupyter_client                 8.6.2                pyhd8ed1ab_0             conda-forge
2025-01-26T01:32:44.0750810Z   jupyter_core                   5.7.2                py312h81bd7bf_0          conda-forge
2025-01-26T01:32:44.0751190Z   jupyter_events                 0.10.0               pyhd8ed1ab_0             conda-forge
2025-01-26T01:32:44.0751620Z   jupyter_server                 2.14.1               pyhd8ed1ab_0             conda-forge
2025-01-26T01:32:44.0752050Z   jupyter_server_terminals       0.5.3                pyhd8ed1ab_0             conda-forge
2025-01-26T01:32:44.0752550Z   jupyterlab                     4.2.2                pyhd8ed1ab_0             conda-forge
2025-01-26T01:32:44.0753050Z   jupyterlab_pygments            0.3.0                pyhd8ed1ab_1             conda-forge
2025-01-26T01:32:44.0753460Z   jupyterlab_server              2.27.2               pyhd8ed1ab_0             conda-forge
2025-01-26T01:32:44.0753960Z   jupyterlab_widgets             1.1.7                pyhd8ed1ab_0             conda-forge
2025-01-26T01:32:44.0754370Z   kiwisolver                     1.4.5                py312h389731b_1          conda-forge
2025-01-26T01:32:44.0754830Z   krb5                           1.21.2               h92f50d5_0               conda-forge
2025-01-26T01:32:44.0755250Z   latexcodec                     2.0.1                pyh9f0ad1d_0             conda-forge
2025-01-26T01:32:44.0755620Z   lcms2                          2.16                 ha0e7c42_0               conda-forge
2025-01-26T01:32:44.0755980Z   lerc                           4.0.0                h9a09cb3_0               conda-forge
2025-01-26T01:32:44.0756350Z   libaec                         1.1.3                hebf3989_0               conda-forge
2025-01-26T01:32:44.0756720Z   libasprintf                    0.22.5               h8fbad5d_2               conda-forge
2025-01-26T01:32:44.0757040Z   libasprintf-devel              0.22.5               h8fbad5d_2               conda-forge
2025-01-26T01:32:44.0757470Z   libblas                        3.9.0                22_osxarm64_openblas     conda-forge
2025-01-26T01:32:44.0757770Z   libbrotlicommon                1.1.0                hb547adb_1               conda-forge
2025-01-26T01:32:44.0758200Z   libbrotlidec                   1.1.0                hb547adb_1               conda-forge
2025-01-26T01:32:44.0758510Z   libbrotlienc                   1.1.0                hb547adb_1               conda-forge
2025-01-26T01:32:44.0758860Z   libcblas                       3.9.0                22_osxarm64_openblas     conda-forge
2025-01-26T01:32:44.0759140Z   libcurl                        8.8.0                h7b6f9a7_0               conda-forge
2025-01-26T01:32:44.0759410Z   libcxx                         17.0.6               h5f092b4_0               conda-forge
2025-01-26T01:32:44.0759690Z   libdeflate                     1.20                 h93a5062_0               conda-forge
2025-01-26T01:32:44.0760300Z   libedit                        3.1.20191231         hc8eb9b7_2               conda-forge
2025-01-26T01:32:44.0760590Z   libev                          4.33                 h93a5062_2               conda-forge
2025-01-26T01:32:44.0760930Z   libexpat                       2.6.2                hebf3989_0               conda-forge
2025-01-26T01:32:44.0761210Z   libffi                         3.4.2                h3422bc3_5               conda-forge
2025-01-26T01:32:44.0761560Z   libgd                          2.3.3                hfdf3952_9               conda-forge
2025-01-26T01:32:44.0761850Z   libgettextpo                   0.22.5               h8fbad5d_2               conda-forge
2025-01-26T01:32:44.0762240Z   libgettextpo-devel             0.22.5               h8fbad5d_2               conda-forge
2025-01-26T01:32:44.0762560Z   libgfortran                    5.0.0                13_2_0_hd922786_3        conda-forge
2025-01-26T01:32:44.0763060Z   libgfortran5                   13.2.0               hf226fd6_3               conda-forge
2025-01-26T01:32:44.0763370Z   libglib                        2.80.2               h59d46d9_1               conda-forge
2025-01-26T01:32:44.0763720Z   libiconv                       1.17                 h0d3ecfb_2               conda-forge
2025-01-26T01:32:44.0764000Z   libintl                        0.22.5               h8fbad5d_2               conda-forge
2025-01-26T01:32:44.0764380Z   libintl-devel                  0.22.5               h8fbad5d_2               conda-forge
2025-01-26T01:32:44.0764690Z   libjpeg-turbo                  3.0.0                hb547adb_1               conda-forge
2025-01-26T01:32:44.0765000Z   liblapack                      3.9.0                22_osxarm64_openblas     conda-forge
2025-01-26T01:32:44.0765430Z   libllvm14                      14.0.6               hd1a9a77_4               conda-forge
2025-01-26T01:32:44.0765810Z   libnghttp2                     1.58.0               ha4dd798_1               conda-forge
2025-01-26T01:32:44.0766240Z   libopenblas                    0.3.27               openmp_h6c19121_0        conda-forge
2025-01-26T01:32:44.0766590Z   libpng                         1.6.43               h091b4b1_0               conda-forge
2025-01-26T01:32:44.0766950Z   librsvg                        2.58.1               hbc281fb_0               conda-forge
2025-01-26T01:32:44.0767330Z   libsodium                      1.0.18               h27ca646_1               conda-forge
2025-01-26T01:32:44.0767710Z   libsqlite                      3.46.0               hfb93653_0               conda-forge
2025-01-26T01:32:44.0768200Z   libssh2                        1.11.0               h7a5bd25_0               conda-forge
2025-01-26T01:32:44.0768580Z   libtiff                        4.6.0                h07db509_3               conda-forge
2025-01-26T01:32:44.0768950Z   libwebp                        1.4.0                h54798ee_0               conda-forge
2025-01-26T01:32:44.0769370Z   libwebp-base                   1.4.0                h93a5062_0               conda-forge
2025-01-26T01:32:44.0769710Z   libxcb                         1.16                 hf2054a2_0               conda-forge
2025-01-26T01:32:44.0770120Z   libxml2                        2.12.7               ha661575_1               conda-forge
2025-01-26T01:32:44.0770470Z   libxslt                        1.1.39               h223e5b9_0               conda-forge
2025-01-26T01:32:44.0770850Z   libzlib                        1.3.1                hfb2fe0b_1               conda-forge
2025-01-26T01:32:44.0771200Z   llvm-openmp                    18.1.7               hde57baf_0               conda-forge
2025-01-26T01:32:44.0771630Z   llvmlite                       0.42.0               py312h17030e7_1          conda-forge
2025-01-26T01:32:44.0771910Z   lxml                           5.2.2                py312h0e5ab22_0          conda-forge
2025-01-26T01:32:44.0772220Z   lz4-c                          1.9.4                hb7217d7_0               conda-forge
2025-01-26T01:32:44.0772510Z   markupsafe                     2.1.5                py312he37b823_0          conda-forge
2025-01-26T01:32:44.0773230Z   matplotlib-base                3.8.4                py312h4479663_2          conda-forge
2025-01-26T01:32:44.0773720Z   matplotlib-inline              0.1.7                pyhd8ed1ab_0             conda-forge
2025-01-26T01:32:44.0774090Z   mistune                        3.0.2                pyhd8ed1ab_0             conda-forge
2025-01-26T01:32:44.0774430Z   mpc                            1.3.1                h91ba8db_0               conda-forge
2025-01-26T01:32:44.0774730Z   mpfr                           4.2.1                h41d338b_1               conda-forge
2025-01-26T01:32:44.0775060Z   mpmath                         1.3.0                pyhd8ed1ab_0             conda-forge
2025-01-26T01:32:44.0775380Z   munkres                        1.1.4                pyh9f0ad1d_0             conda-forge
2025-01-26T01:32:44.0775720Z   mypy_extensions                1.0.0                pyha770c72_0             conda-forge
2025-01-26T01:32:44.0776320Z   nbclassic                      1.1.0                pyhd8ed1ab_0             conda-forge
2025-01-26T01:32:44.0776660Z   nbclient                       0.10.0               pyhd8ed1ab_0             conda-forge
2025-01-26T01:32:44.0777030Z   nbconvert                      7.16.4               hd8ed1ab_1               conda-forge
2025-01-26T01:32:44.0777340Z   nbconvert-core                 7.16.4               pyhd8ed1ab_1             conda-forge
2025-01-26T01:32:44.0777720Z   nbconvert-pandoc               7.16.4               hd8ed1ab_1               conda-forge
2025-01-26T01:32:44.0778110Z   nbformat                       5.10.4               pyhd8ed1ab_0             conda-forge
2025-01-26T01:32:44.0778390Z   nbsphinx                       0.9.4                pyhd8ed1ab_0             conda-forge
2025-01-26T01:32:44.0778670Z   ncurses                        6.5                  hb89a1cb_0               conda-forge
2025-01-26T01:32:44.0778960Z   nest-asyncio                   1.6.0                pyhd8ed1ab_0             conda-forge
2025-01-26T01:32:44.0779260Z   networkx                       3.3                  pyhd8ed1ab_1             conda-forge
2025-01-26T01:32:44.0779540Z   notebook                       7.2.1                pyhd8ed1ab_0             conda-forge
2025-01-26T01:32:44.0779920Z   notebook-shim                  0.2.4                pyhd8ed1ab_0             conda-forge
2025-01-26T01:32:44.0780290Z   numba                          0.59.1               py312hbaff935_0          conda-forge
2025-01-26T01:32:44.0780570Z   numexpr                        2.10.0               py312h8ae5369_0          conda-forge
2025-01-26T01:32:44.0780850Z   numpy                          1.26.4               py312h8442bc7_0          conda-forge
2025-01-26T01:32:44.0781120Z   numpydoc                       1.7.0                pyhd8ed1ab_1             conda-forge
2025-01-26T01:32:44.0781400Z   openjpeg                       2.5.2                h9f1df11_0               conda-forge
2025-01-26T01:32:44.0781690Z   openssl                        3.3.1                hfb2fe0b_0               conda-forge
2025-01-26T01:32:44.0781980Z   overrides                      7.7.0                pyhd8ed1ab_0             conda-forge
2025-01-26T01:32:44.0782270Z   packaging                      24.1                 pyhd8ed1ab_0             conda-forge
2025-01-26T01:32:44.0782570Z   pandas                         2.2.2                py312h8ae5369_1          conda-forge
2025-01-26T01:32:44.0782840Z   pandoc                         3.2                  hce30654_0               conda-forge
2025-01-26T01:32:44.0783200Z   pandocfilters                  1.5.0                pyhd8ed1ab_0             conda-forge
2025-01-26T01:32:44.0783500Z   pango                          1.54.0               h5cb9fbc_0               conda-forge
2025-01-26T01:32:44.0783770Z   parso                          0.8.4                pyhd8ed1ab_0             conda-forge
2025-01-26T01:32:44.0784050Z   pathspec                       0.12.1               pyhd8ed1ab_0             conda-forge
2025-01-26T01:32:44.0785140Z   pbr                            6.0.0                pyhd8ed1ab_0             conda-forge
2025-01-26T01:32:44.0785470Z   pcre2                          10.44                h297a79d_0               conda-forge
2025-01-26T01:32:44.0785740Z   pexpect                        4.9.0                pyhd8ed1ab_0             conda-forge
2025-01-26T01:32:44.0786040Z   pickleshare                    0.7.5                py_1003                  conda-forge
2025-01-26T01:32:44.0786330Z   pillow                         10.3.0               py312h39b1d8d_1          conda-forge
2025-01-26T01:32:44.0786600Z   pip                            24.0                 pyhd8ed1ab_0             conda-forge
2025-01-26T01:32:44.0786860Z   pixman                         0.43.4               hebf3989_0               conda-forge
2025-01-26T01:32:44.0787160Z   pkgutil-resolve-name           1.3.10               pyhd8ed1ab_1             conda-forge
2025-01-26T01:32:44.0787790Z   platformdirs                   4.2.2                pyhd8ed1ab_0             conda-forge
2025-01-26T01:32:44.0788070Z   plotly                         5.22.0               pyhd8ed1ab_0             conda-forge
2025-01-26T01:32:44.0788340Z   pluggy                         1.5.0                pyhd8ed1ab_0             conda-forge
2025-01-26T01:32:44.0788630Z   prometheus_client              0.20.0               pyhd8ed1ab_0             conda-forge
2025-01-26T01:32:44.0788940Z   prompt-toolkit                 3.0.47               pyha770c72_0             conda-forge
2025-01-26T01:32:44.0789220Z   psutil                         5.9.8                py312he37b823_0          conda-forge
2025-01-26T01:32:44.0789500Z   pthread-stubs                  0.4                  h27ca646_1001            conda-forge
2025-01-26T01:32:44.0789790Z   ptyprocess                     0.7.0                pyhd3deb0d_0             conda-forge
2025-01-26T01:32:44.0790070Z   pure_eval                      0.2.2                pyhd8ed1ab_0             conda-forge
2025-01-26T01:32:44.0790350Z   py-cpuinfo                     9.0.0                pyhd8ed1ab_0             conda-forge
2025-01-26T01:32:44.0790620Z   pybtex                         0.24.0               pyhd8ed1ab_2             conda-forge
2025-01-26T01:32:44.0790910Z   pybtex-docutils                1.0.3                py312h81bd7bf_1          conda-forge
2025-01-26T01:32:44.0791210Z   pycparser                      2.22                 pyhd8ed1ab_0             conda-forge
2025-01-26T01:32:44.0791480Z   pyerfa                         2.0.1.4              py312hbebd99a_1          conda-forge
2025-01-26T01:32:44.0791760Z   pygments                       2.18.0               pyhd8ed1ab_0             conda-forge
2025-01-26T01:32:44.0792030Z   pygraphviz                     1.13                 py312h5f4d302_1          conda-forge
2025-01-26T01:32:44.0792330Z   pyobjc-core                    10.3.1               py312hbb55c70_0          conda-forge
2025-01-26T01:32:44.0792650Z   pyobjc-framework-cocoa         10.3.1               py312hbb55c70_0          conda-forge
2025-01-26T01:32:44.0792980Z   pyparsing                      3.1.2                pyhd8ed1ab_0             conda-forge
2025-01-26T01:32:44.0793360Z   pysocks                        1.7.1                pyha2e5f31_6             conda-forge
2025-01-26T01:32:44.0793860Z   pytables                       3.9.2                py312hb622ae1_2          conda-forge
2025-01-26T01:32:44.0794370Z   pytest                         8.2.2                pyhd8ed1ab_0             conda-forge
2025-01-26T01:32:44.0794720Z   pytest-cov                     5.0.0                pyhd8ed1ab_0             conda-forge
2025-01-26T01:32:44.0802040Z   pytest-doctestplus             1.2.1                pyhd8ed1ab_0             conda-forge
2025-01-26T01:32:44.0802370Z   pytest-html                    4.1.1                pyhd8ed1ab_0             conda-forge
2025-01-26T01:32:44.0802690Z   pytest-metadata                3.1.1                pyhd8ed1ab_0             conda-forge
2025-01-26T01:32:44.0803340Z   python                         3.12.4               h30c5eda_0_cpython       conda-forge
2025-01-26T01:32:44.0803660Z   python-dateutil                2.9.0                pyhd8ed1ab_0             conda-forge
2025-01-26T01:32:44.0803980Z   python-fastjsonschema          2.20.0               pyhd8ed1ab_0             conda-forge
2025-01-26T01:32:44.0804310Z   python-json-logger             2.0.7                pyhd8ed1ab_0             conda-forge
2025-01-26T01:32:44.0804630Z   python-tzdata                  2024.1               pyhd8ed1ab_0             conda-forge
2025-01-26T01:32:44.0804910Z   python_abi                     3.12                 4_cp312                  conda-forge
2025-01-26T01:32:44.0805180Z   pytz                           2024.1               pyhd8ed1ab_0             conda-forge
2025-01-26T01:32:44.0805450Z   pyyaml                         6.0.1                py312h02f2b3b_1          conda-forge
2025-01-26T01:32:44.0805830Z   pyzmq                          26.0.3               py312hfa13136_0          conda-forge
2025-01-26T01:32:44.0806090Z   qgrid                          1.3.1                pyhd8ed1ab_4             conda-forge
2025-01-26T01:32:44.0806380Z   radioactivedecay               0.5.1                pyhd8ed1ab_0             conda-forge
2025-01-26T01:32:44.0806680Z   readline                       8.2                  h92ec313_1               conda-forge
2025-01-26T01:32:44.0806960Z   recommonmark                   0.7.1                pyhd8ed1ab_0             conda-forge
2025-01-26T01:32:44.0807250Z   referencing                    0.35.1               pyhd8ed1ab_0             conda-forge
2025-01-26T01:32:44.0807540Z   requests                       2.32.3               pyhd8ed1ab_0             conda-forge
2025-01-26T01:32:44.0807840Z   rfc3339-validator              0.1.4                pyhd8ed1ab_0             conda-forge
2025-01-26T01:32:44.0808150Z   rfc3986-validator              0.1.1                pyh9f0ad1d_0             conda-forge
2025-01-26T01:32:44.0808440Z   rpds-py                        0.18.1               py312h552d48e_0          conda-forge
2025-01-26T01:32:44.0808710Z   ruff                           0.4.9                py312h3402d49_0          conda-forge
2025-01-26T01:32:44.0808960Z   scipy                          1.13.1               py312h14ffa8f_0          conda-forge
2025-01-26T01:32:44.0809240Z   send2trash                     1.8.3                pyh31c8845_0             conda-forge
2025-01-26T01:32:44.0809530Z   setuptools                     70.0.0               pyhd8ed1ab_0             conda-forge
2025-01-26T01:32:44.0809820Z   setuptools-scm                 8.1.0                pyhd8ed1ab_0             conda-forge
2025-01-26T01:32:44.0810120Z   setuptools_scm                 8.1.0                hd8ed1ab_0               conda-forge
2025-01-26T01:32:44.0810400Z   six                            1.16.0               pyh6c4a22f_0             conda-forge
2025-01-26T01:32:44.0810660Z   snakeviz                       2.2.0                pyhd8ed1ab_0             conda-forge
2025-01-26T01:32:44.0810930Z   snappy                         1.2.0                hd04f947_1               conda-forge
2025-01-26T01:32:44.0811200Z   sniffio                        1.3.1                pyhd8ed1ab_0             conda-forge
2025-01-26T01:32:44.0811490Z   snowballstemmer                2.2.0                pyhd8ed1ab_0             conda-forge
2025-01-26T01:32:44.0811780Z   soupsieve                      2.5                  pyhd8ed1ab_1             conda-forge
2025-01-26T01:32:44.0812050Z   sphinx                         7.3.7                pyhd8ed1ab_0             conda-forge
2025-01-26T01:32:44.0812340Z   sphinx-astropy                 1.9.1                pyhd8ed1ab_0             conda-forge
2025-01-26T01:32:44.0812660Z   sphinx-automodapi              0.17.0               pyh717bed2_1             conda-forge
2025-01-26T01:32:44.0812970Z   sphinx-gallery                 0.16.0               pyhd8ed1ab_0             conda-forge
2025-01-26T01:32:44.0813370Z   sphinx-jsonschema              1.19.1               pyhd8ed1ab_0             conda-forge
2025-01-26T01:32:44.0813710Z   sphinx_bootstrap_theme         0.8.1                pyhd8ed1ab_0             conda-forge
2025-01-26T01:32:44.0814030Z   sphinx_rtd_theme               2.0.0                pyha770c72_0             conda-forge
2025-01-26T01:32:44.0814350Z   sphinxcontrib-apidoc           0.3.0                py_1                     conda-forge
2025-01-26T01:32:44.0814690Z   sphinxcontrib-applehelp        1.0.8                pyhd8ed1ab_0             conda-forge
2025-01-26T01:32:44.0815040Z   sphinxcontrib-bibtex           2.6.2                pyhd8ed1ab_0             conda-forge
2025-01-26T01:32:44.0815370Z   sphinxcontrib-devhelp          1.0.6                pyhd8ed1ab_0             conda-forge
2025-01-26T01:32:44.0815710Z   sphinxcontrib-htmlhelp         2.0.5                pyhd8ed1ab_0             conda-forge
2025-01-26T01:32:44.0816150Z   sphinxcontrib-jquery           4.1                  pyhd8ed1ab_0             conda-forge
2025-01-26T01:32:44.0816490Z   sphinxcontrib-jsmath           1.0.1                pyhd8ed1ab_0             conda-forge
2025-01-26T01:32:44.0816820Z   sphinxcontrib-qthelp           1.0.7                pyhd8ed1ab_0             conda-forge
2025-01-26T01:32:44.0817190Z   sphinxcontrib-serializinghtml  1.1.10               pyhd8ed1ab_0             conda-forge
2025-01-26T01:32:44.0817520Z   stack_data                     0.6.2                pyhd8ed1ab_0             conda-forge
2025-01-26T01:32:44.0817800Z   sympy                          1.12.1               pypyh2585a3b_103         conda-forge
2025-01-26T01:32:44.0818070Z   tabulate                       0.9.0                pyhd8ed1ab_1             conda-forge
2025-01-26T01:32:44.0818340Z   tenacity                       8.4.1                pyhd8ed1ab_0             conda-forge
2025-01-26T01:32:44.0818620Z   terminado                      0.18.1               pyh31c8845_0             conda-forge
2025-01-26T01:32:44.0818900Z   tinycss2                       1.3.0                pyhd8ed1ab_0             conda-forge
2025-01-26T01:32:44.0819170Z   tk                             8.6.13               h5083fa2_1               conda-forge
2025-01-26T01:32:44.0819420Z   toml                           0.10.2               pyhd8ed1ab_0             conda-forge
2025-01-26T01:32:44.0819680Z   tomli                          2.0.1                pyhd8ed1ab_0             conda-forge
2025-01-26T01:32:44.0819940Z   tornado                        6.4.1                py312h7e5086c_0          conda-forge
2025-01-26T01:32:44.0820200Z   tqdm                           4.66.4               pyhd8ed1ab_0             conda-forge
2025-01-26T01:32:44.0820470Z   traitlets                      5.14.3               pyhd8ed1ab_0             conda-forge
2025-01-26T01:32:44.0820750Z   typed-ast                      1.5.5                py312h02f2b3b_1          conda-forge
2025-01-26T01:32:44.0821070Z   types-python-dateutil          2.9.0.20240316       pyhd8ed1ab_0             conda-forge
2025-01-26T01:32:44.0821410Z   typing-extensions              4.12.2               hd8ed1ab_0               conda-forge
2025-01-26T01:32:44.0821730Z   typing_extensions              4.12.2               pyha770c72_0             conda-forge
2025-01-26T01:32:44.0822030Z   typing_utils                   0.1.0                pyhd8ed1ab_0             conda-forge
2025-01-26T01:32:44.0822310Z   tzdata                         2024a                h0c530f3_0               conda-forge
2025-01-26T01:32:44.0822590Z   uri-template                   1.3.0                pyhd8ed1ab_0             conda-forge
2025-01-26T01:32:44.0822880Z   urllib3                        2.2.2                pyhd8ed1ab_0             conda-forge
2025-01-26T01:32:44.0823150Z   wcwidth                        0.2.13               pyhd8ed1ab_0             conda-forge
2025-01-26T01:32:44.0823430Z   webcolors                      24.6.0               pyhd8ed1ab_0             conda-forge
2025-01-26T01:32:44.0823810Z   webencodings                   0.5.1                pyhd8ed1ab_2             conda-forge
2025-01-26T01:32:44.0824120Z   websocket-client               1.8.0                pyhd8ed1ab_0             conda-forge
2025-01-26T01:32:44.0824410Z   wheel                          0.43.0               pyhd8ed1ab_1             conda-forge
2025-01-26T01:32:44.0824700Z   widgetsnbextension             3.6.6                pyhd8ed1ab_0             conda-forge
2025-01-26T01:32:44.0825010Z   xorg-libxau                    1.0.11               hb547adb_0               conda-forge
2025-01-26T01:32:44.0825300Z   xorg-libxdmcp                  1.1.3                h27ca646_0               conda-forge
2025-01-26T01:32:44.0825570Z   xz                             5.2.6                h57fd34a_0               conda-forge
2025-01-26T01:32:44.0825810Z   yaml                           0.2.5                h3422bc3_2               conda-forge
2025-01-26T01:32:44.0826160Z   zeromq                         4.3.5                hcc0f68c_4               conda-forge
2025-01-26T01:32:44.0826420Z   zipp                           3.19.2               pyhd8ed1ab_0             conda-forge
2025-01-26T01:32:44.0826680Z   zlib                           1.3.1                hfb2fe0b_1               conda-forge
2025-01-26T01:32:44.0826930Z   zlib-ng                        2.0.7                h1a8c8d9_0               conda-forge
2025-01-26T01:32:44.0827190Z   zstd                           1.5.6                hb46c0d2_0               conda-forge
2025-01-26T01:32:44.0827620Z ##[endgroup]
2025-01-26T01:32:44.0871030Z ##[group]Run pip install -e . --user
2025-01-26T01:32:44.0871270Z [36;1mpip install -e . --user[0m
2025-01-26T01:32:44.2916570Z shell: /bin/bash -l {0}
2025-01-26T01:32:44.2916760Z env:
2025-01-26T01:32:44.2916880Z   CACHE_NUMBER: 0
2025-01-26T01:32:44.2917380Z   PYTEST_FLAGS: --tardis-regression-data=/Users/runner/work/tardis/tardis/tardis-regression-data --cov=tardis --cov-report=xml --cov-report=html --cov-append
2025-01-26T01:32:44.2918100Z   CODECOV_TOKEN: ***
2025-01-26T01:32:44.2918270Z   MAMBA_ROOT_PREFIX: /Users/runner/micromamba
2025-01-26T01:32:44.2918510Z   MAMBA_EXE: /Users/runner/micromamba-bin/micromamba
2025-01-26T01:32:44.2918780Z   CONDARC: /Users/runner/work/_temp/setup-micromamba/.condarc
2025-01-26T01:32:44.2919010Z ##[endgroup]
2025-01-26T01:32:45.2362030Z Obtaining file:///Users/runner/work/tardis/tardis
2025-01-26T01:32:45.2384990Z   Installing build dependencies: started
2025-01-26T01:32:48.0735950Z   Installing build dependencies: finished with status 'done'
2025-01-26T01:32:48.0825680Z   Checking if build backend supports build_editable: started
2025-01-26T01:32:48.1793380Z   Checking if build backend supports build_editable: finished with status 'done'
2025-01-26T01:32:48.1803490Z   Getting requirements to build editable: started
2025-01-26T01:32:48.5690350Z   Getting requirements to build editable: finished with status 'done'
2025-01-26T01:32:48.5701570Z   Preparing editable metadata (pyproject.toml): started
2025-01-26T01:32:49.0533440Z   Preparing editable metadata (pyproject.toml): finished with status 'done'
2025-01-26T01:32:49.1014040Z Requirement already satisfied: astropy in /Users/runner/micromamba/envs/tardis/lib/python3.12/site-packages (from tardis==0.0.0) (6.1.1)
2025-01-26T01:32:49.1280910Z Requirement already satisfied: numpy>=1.23 in /Users/runner/micromamba/envs/tardis/lib/python3.12/site-packages (from astropy->tardis==0.0.0) (1.26.4)
2025-01-26T01:32:49.1287250Z Requirement already satisfied: pyerfa>=2.0.1.1 in /Users/runner/micromamba/envs/tardis/lib/python3.12/site-packages (from astropy->tardis==0.0.0) (2.0.1.4)
2025-01-26T01:32:49.1295140Z Requirement already satisfied: astropy-iers-data>=0.2024.5.27.0.30.8 in /Users/runner/micromamba/envs/tardis/lib/python3.12/site-packages (from astropy->tardis==0.0.0) (0.2024.6.17.0.31.35)
2025-01-26T01:32:49.1304310Z Requirement already satisfied: PyYAML>=3.13 in /Users/runner/micromamba/envs/tardis/lib/python3.12/site-packages (from astropy->tardis==0.0.0) (6.0.1)
2025-01-26T01:32:49.1310800Z Requirement already satisfied: packaging>=19.0 in /Users/runner/micromamba/envs/tardis/lib/python3.12/site-packages (from astropy->tardis==0.0.0) (24.1)
2025-01-26T01:32:49.1377960Z Building wheels for collected packages: tardis
2025-01-26T01:32:49.1386470Z   Building editable for tardis (pyproject.toml): started
2025-01-26T01:32:49.8455180Z   Building editable for tardis (pyproject.toml): finished with status 'done'
2025-01-26T01:32:49.8485790Z   Created wheel for tardis: filename=tardis-0.0.0-0.editable-py3-none-any.whl size=8877 sha256=2f0db664be745de47ca315921c9d93e112a2d1a8bddc365eca3aef7b242013fa
2025-01-26T01:32:49.8487080Z   Stored in directory: /private/var/folders/2s/h6hvv9ps03xgz_krkkstvq_r0000gn/T/pip-ephem-wheel-cache-9pfrfwp2/wheels/bb/4f/6a/0829b918c1c10bc28535ce7f14be21eee54375bdd9cd0c306a
2025-01-26T01:32:49.8550670Z Successfully built tardis
2025-01-26T01:32:50.4653810Z Installing collected packages: tardis
2025-01-26T01:32:50.4746270Z Successfully installed tardis-0.0.0
2025-01-26T01:32:50.7268450Z ##[group]Run pip install qgridnext
2025-01-26T01:32:50.7268700Z [36;1mpip install qgridnext[0m
2025-01-26T01:32:50.7343560Z shell: /bin/bash -l {0}
2025-01-26T01:32:50.7343770Z env:
2025-01-26T01:32:50.7343900Z   CACHE_NUMBER: 0
2025-01-26T01:32:50.7344390Z   PYTEST_FLAGS: --tardis-regression-data=/Users/runner/work/tardis/tardis/tardis-regression-data --cov=tardis --cov-report=xml --cov-report=html --cov-append
2025-01-26T01:32:50.7345110Z   CODECOV_TOKEN: ***
2025-01-26T01:32:50.7345320Z   MAMBA_ROOT_PREFIX: /Users/runner/micromamba
2025-01-26T01:32:50.7345570Z   MAMBA_EXE: /Users/runner/micromamba-bin/micromamba
2025-01-26T01:32:50.7345840Z   CONDARC: /Users/runner/work/_temp/setup-micromamba/.condarc
2025-01-26T01:32:50.7346110Z ##[endgroup]
2025-01-26T01:32:51.4142530Z Collecting qgridnext
2025-01-26T01:32:51.4548470Z   Downloading qgridnext-2.0.4-py3-none-any.whl.metadata (9.9 kB)
2025-01-26T01:32:51.4704160Z Requirement already satisfied: pandas>=0.20.0 in /Users/runner/micromamba/envs/tardis/lib/python3.12/site-packages (from qgridnext) (2.2.2)
2025-01-26T01:32:51.4710190Z Requirement already satisfied: ipywidgets>=7.0.0 in /Users/runner/micromamba/envs/tardis/lib/python3.12/site-packages (from qgridnext) (7.8.0)
2025-01-26T01:32:51.4717690Z Requirement already satisfied: numpy in /Users/runner/micromamba/envs/tardis/lib/python3.12/site-packages (from qgridnext) (1.26.4)
2025-01-26T01:32:51.4724680Z Requirement already satisfied: traitlets in /Users/runner/micromamba/envs/tardis/lib/python3.12/site-packages (from qgridnext) (5.14.3)
2025-01-26T01:32:51.4780280Z Requirement already satisfied: comm>=0.1.3 in /Users/runner/micromamba/envs/tardis/lib/python3.12/site-packages (from ipywidgets>=7.0.0->qgridnext) (0.2.2)
2025-01-26T01:32:51.4784820Z Requirement already satisfied: ipython-genutils~=0.2.0 in /Users/runner/micromamba/envs/tardis/lib/python3.12/site-packages (from ipywidgets>=7.0.0->qgridnext) (0.2.0)
2025-01-26T01:32:51.4792970Z Requirement already satisfied: widgetsnbextension~=3.6.5 in /Users/runner/micromamba/envs/tardis/lib/python3.12/site-packages (from ipywidgets>=7.0.0->qgridnext) (3.6.6)
2025-01-26T01:32:51.4802380Z Requirement already satisfied: ipython>=4.0.0 in /Users/runner/micromamba/envs/tardis/lib/python3.12/site-packages (from ipywidgets>=7.0.0->qgridnext) (8.25.0)
2025-01-26T01:32:51.4812550Z Requirement already satisfied: jupyterlab-widgets<3,>=1.0.0 in /Users/runner/micromamba/envs/tardis/lib/python3.12/site-packages (from ipywidgets>=7.0.0->qgridnext) (1.1.7)
2025-01-26T01:32:51.5092320Z Requirement already satisfied: python-dateutil>=2.8.2 in /Users/runner/micromamba/envs/tardis/lib/python3.12/site-packages (from pandas>=0.20.0->qgridnext) (2.9.0)
2025-01-26T01:32:51.5100650Z Requirement already satisfied: pytz>=2020.1 in /Users/runner/micromamba/envs/tardis/lib/python3.12/site-packages (from pandas>=0.20.0->qgridnext) (2024.1)
2025-01-26T01:32:51.5105630Z Requirement already satisfied: tzdata>=2022.7 in /Users/runner/micromamba/envs/tardis/lib/python3.12/site-packages (from pandas>=0.20.0->qgridnext) (2024.1)
2025-01-26T01:32:51.5309440Z Requirement already satisfied: decorator in /Users/runner/micromamba/envs/tardis/lib/python3.12/site-packages (from ipython>=4.0.0->ipywidgets>=7.0.0->qgridnext) (5.1.1)
2025-01-26T01:32:51.5319290Z Requirement already satisfied: jedi>=0.16 in /Users/runner/micromamba/envs/tardis/lib/python3.12/site-packages (from ipython>=4.0.0->ipywidgets>=7.0.0->qgridnext) (0.19.1)
2025-01-26T01:32:51.5324580Z Requirement already satisfied: matplotlib-inline in /Users/runner/micromamba/envs/tardis/lib/python3.12/site-packages (from ipython>=4.0.0->ipywidgets>=7.0.0->qgridnext) (0.1.7)
2025-01-26T01:32:51.5330330Z Requirement already satisfied: prompt-toolkit<3.1.0,>=3.0.41 in /Users/runner/micromamba/envs/tardis/lib/python3.12/site-packages (from ipython>=4.0.0->ipywidgets>=7.0.0->qgridnext) (3.0.47)
2025-01-26T01:32:51.5335790Z Requirement already satisfied: pygments>=2.4.0 in /Users/runner/micromamba/envs/tardis/lib/python3.12/site-packages (from ipython>=4.0.0->ipywidgets>=7.0.0->qgridnext) (2.18.0)
2025-01-26T01:32:51.5341270Z Requirement already satisfied: stack-data in /Users/runner/micromamba/envs/tardis/lib/python3.12/site-packages (from ipython>=4.0.0->ipywidgets>=7.0.0->qgridnext) (0.6.2)
2025-01-26T01:32:51.5352370Z Requirement already satisfied: pexpect>4.3 in /Users/runner/micromamba/envs/tardis/lib/python3.12/site-packages (from ipython>=4.0.0->ipywidgets>=7.0.0->qgridnext) (4.9.0)
2025-01-26T01:32:51.5377950Z Requirement already satisfied: six>=1.5 in /Users/runner/micromamba/envs/tardis/lib/python3.12/site-packages (from python-dateutil>=2.8.2->pandas>=0.20.0->qgridnext) (1.16.0)
2025-01-26T01:32:51.5413020Z Requirement already satisfied: notebook>=4.4.1 in /Users/runner/micromamba/envs/tardis/lib/python3.12/site-packages (from widgetsnbextension~=3.6.5->ipywidgets>=7.0.0->qgridnext) (7.2.1)
2025-01-26T01:32:51.5529550Z Requirement already satisfied: parso<0.9.0,>=0.8.3 in /Users/runner/micromamba/envs/tardis/lib/python3.12/site-packages (from jedi>=0.16->ipython>=4.0.0->ipywidgets>=7.0.0->qgridnext) (0.8.4)
2025-01-26T01:32:51.5619440Z Requirement already satisfied: jupyter-server<3,>=2.4.0 in /Users/runner/micromamba/envs/tardis/lib/python3.12/site-packages (from notebook>=4.4.1->widgetsnbextension~=3.6.5->ipywidgets>=7.0.0->qgridnext) (2.14.1)
2025-01-26T01:32:51.5630410Z Requirement already satisfied: jupyterlab-server<3,>=2.27.1 in /Users/runner/micromamba/envs/tardis/lib/python3.12/site-packages (from notebook>=4.4.1->widgetsnbextension~=3.6.5->ipywidgets>=7.0.0->qgridnext) (2.27.2)
2025-01-26T01:32:51.5731020Z Requirement already satisfied: jupyterlab<4.3,>=4.2.0 in /Users/runner/micromamba/envs/tardis/lib/python3.12/site-packages (from notebook>=4.4.1->widgetsnbextension~=3.6.5->ipywidgets>=7.0.0->qgridnext) (4.2.2)
2025-01-26T01:32:51.5833210Z Requirement already satisfied: notebook-shim<0.3,>=0.2 in /Users/runner/micromamba/envs/tardis/lib/python3.12/site-packages (from notebook>=4.4.1->widgetsnbextension~=3.6.5->ipywidgets>=7.0.0->qgridnext) (0.2.4)
2025-01-26T01:32:51.5933610Z Requirement already satisfied: tornado>=6.2.0 in /Users/runner/micromamba/envs/tardis/lib/python3.12/site-packages (from notebook>=4.4.1->widgetsnbextension~=3.6.5->ipywidgets>=7.0.0->qgridnext) (6.4.1)
2025-01-26T01:32:51.5981410Z Requirement already satisfied: ptyprocess>=0.5 in /Users/runner/micromamba/envs/tardis/lib/python3.12/site-packages (from pexpect>4.3->ipython>=4.0.0->ipywidgets>=7.0.0->qgridnext) (0.7.0)
2025-01-26T01:32:51.5982490Z Requirement already satisfied: wcwidth in /Users/runner/micromamba/envs/tardis/lib/python3.12/site-packages (from prompt-toolkit<3.1.0,>=3.0.41->ipython>=4.0.0->ipywidgets>=7.0.0->qgridnext) (0.2.13)
2025-01-26T01:32:51.5983530Z Requirement already satisfied: executing>=1.2.0 in /Users/runner/micromamba/envs/tardis/lib/python3.12/site-packages (from stack-data->ipython>=4.0.0->ipywidgets>=7.0.0->qgridnext) (2.0.1)
2025-01-26T01:32:51.5984570Z Requirement already satisfied: asttokens>=2.1.0 in /Users/runner/micromamba/envs/tardis/lib/python3.12/site-packages (from stack-data->ipython>=4.0.0->ipywidgets>=7.0.0->qgridnext) (2.4.1)
2025-01-26T01:32:51.5985560Z Requirement already satisfied: pure-eval in /Users/runner/micromamba/envs/tardis/lib/python3.12/site-packages (from stack-data->ipython>=4.0.0->ipywidgets>=7.0.0->qgridnext) (0.2.2)
2025-01-26T01:32:51.6047490Z Requirement already satisfied: anyio>=3.1.0 in /Users/runner/micromamba/envs/tardis/lib/python3.12/site-packages (from jupyter-server<3,>=2.4.0->notebook>=4.4.1->widgetsnbextension~=3.6.5->ipywidgets>=7.0.0->qgridnext) (4.4.0)
2025-01-26T01:32:51.6056000Z Requirement already satisfied: argon2-cffi>=21.1 in /Users/runner/micromamba/envs/tardis/lib/python3.12/site-packages (from jupyter-server<3,>=2.4.0->notebook>=4.4.1->widgetsnbextension~=3.6.5->ipywidgets>=7.0.0->qgridnext) (23.1.0)
2025-01-26T01:32:51.6062180Z Requirement already satisfied: jinja2>=3.0.3 in /Users/runner/micromamba/envs/tardis/lib/python3.12/site-packages (from jupyter-server<3,>=2.4.0->notebook>=4.4.1->widgetsnbextension~=3.6.5->ipywidgets>=7.0.0->qgridnext) (3.1.4)
2025-01-26T01:32:51.6070410Z Requirement already satisfied: jupyter-client>=7.4.4 in /Users/runner/micromamba/envs/tardis/lib/python3.12/site-packages (from jupyter-server<3,>=2.4.0->notebook>=4.4.1->widgetsnbextension~=3.6.5->ipywidgets>=7.0.0->qgridnext) (8.6.2)
2025-01-26T01:32:51.6079970Z Requirement already satisfied: jupyter-core!=5.0.*,>=4.12 in /Users/runner/micromamba/envs/tardis/lib/python3.12/site-packages (from jupyter-server<3,>=2.4.0->notebook>=4.4.1->widgetsnbextension~=3.6.5->ipywidgets>=7.0.0->qgridnext) (5.7.2)
2025-01-26T01:32:51.6087490Z Requirement already satisfied: jupyter-events>=0.9.0 in /Users/runner/micromamba/envs/tardis/lib/python3.12/site-packages (from jupyter-server<3,>=2.4.0->notebook>=4.4.1->widgetsnbextension~=3.6.5->ipywidgets>=7.0.0->qgridnext) (0.10.0)
2025-01-26T01:32:51.6096530Z Requirement already satisfied: jupyter-server-terminals>=0.4.4 in /Users/runner/micromamba/envs/tardis/lib/python3.12/site-packages (from jupyter-server<3,>=2.4.0->notebook>=4.4.1->widgetsnbextension~=3.6.5->ipywidgets>=7.0.0->qgridnext) (0.5.3)
2025-01-26T01:32:51.6108750Z Requirement already satisfied: nbconvert>=6.4.4 in /Users/runner/micromamba/envs/tardis/lib/python3.12/site-packages (from jupyter-server<3,>=2.4.0->notebook>=4.4.1->widgetsnbextension~=3.6.5->ipywidgets>=7.0.0->qgridnext) (7.16.4)
2025-01-26T01:32:51.6116390Z Requirement already satisfied: nbformat>=5.3.0 in /Users/runner/micromamba/envs/tardis/lib/python3.12/site-packages (from jupyter-server<3,>=2.4.0->notebook>=4.4.1->widgetsnbextension~=3.6.5->ipywidgets>=7.0.0->qgridnext) (5.10.4)
2025-01-26T01:32:51.6121970Z Requirement already satisfied: overrides>=5.0 in /Users/runner/micromamba/envs/tardis/lib/python3.12/site-packages (from jupyter-server<3,>=2.4.0->notebook>=4.4.1->widgetsnbextension~=3.6.5->ipywidgets>=7.0.0->qgridnext) (7.7.0)
2025-01-26T01:32:51.6130230Z Requirement already satisfied: packaging>=22.0 in /Users/runner/micromamba/envs/tardis/lib/python3.12/site-packages (from jupyter-server<3,>=2.4.0->notebook>=4.4.1->widgetsnbextension~=3.6.5->ipywidgets>=7.0.0->qgridnext) (24.1)
2025-01-26T01:32:51.6140230Z Requirement already satisfied: prometheus-client>=0.9 in /Users/runner/micromamba/envs/tardis/lib/python3.12/site-packages (from jupyter-server<3,>=2.4.0->notebook>=4.4.1->widgetsnbextension~=3.6.5->ipywidgets>=7.0.0->qgridnext) (0.20.0)
2025-01-26T01:32:51.6150320Z Requirement already satisfied: pyzmq>=24 in /Users/runner/micromamba/envs/tardis/lib/python3.12/site-packages (from jupyter-server<3,>=2.4.0->notebook>=4.4.1->widgetsnbextension~=3.6.5->ipywidgets>=7.0.0->qgridnext) (26.0.3)
2025-01-26T01:32:51.6158290Z Requirement already satisfied: send2trash>=1.8.2 in /Users/runner/micromamba/envs/tardis/lib/python3.12/site-packages (from jupyter-server<3,>=2.4.0->notebook>=4.4.1->widgetsnbextension~=3.6.5->ipywidgets>=7.0.0->qgridnext) (1.8.3)
2025-01-26T01:32:51.6167150Z Requirement already satisfied: terminado>=0.8.3 in /Users/runner/micromamba/envs/tardis/lib/python3.12/site-packages (from jupyter-server<3,>=2.4.0->notebook>=4.4.1->widgetsnbextension~=3.6.5->ipywidgets>=7.0.0->qgridnext) (0.18.1)
2025-01-26T01:32:51.6179680Z Requirement already satisfied: websocket-client>=1.7 in /Users/runner/micromamba/envs/tardis/lib/python3.12/site-packages (from jupyter-server<3,>=2.4.0->notebook>=4.4.1->widgetsnbextension~=3.6.5->ipywidgets>=7.0.0->qgridnext) (1.8.0)
2025-01-26T01:32:51.6385310Z Requirement already satisfied: async-lru>=1.0.0 in /Users/runner/micromamba/envs/tardis/lib/python3.12/site-packages (from jupyterlab<4.3,>=4.2.0->notebook>=4.4.1->widgetsnbextension~=3.6.5->ipywidgets>=7.0.0->qgridnext) (2.0.4)
2025-01-26T01:32:51.6393950Z Requirement already satisfied: httpx>=0.25.0 in /Users/runner/micromamba/envs/tardis/lib/python3.12/site-packages (from jupyterlab<4.3,>=4.2.0->notebook>=4.4.1->widgetsnbextension~=3.6.5->ipywidgets>=7.0.0->qgridnext) (0.27.0)
2025-01-26T01:32:51.6402110Z Requirement already satisfied: ipykernel>=6.5.0 in /Users/runner/micromamba/envs/tardis/lib/python3.12/site-packages (from jupyterlab<4.3,>=4.2.0->notebook>=4.4.1->widgetsnbextension~=3.6.5->ipywidgets>=7.0.0->qgridnext) (6.29.4)
2025-01-26T01:32:51.6412020Z Requirement already satisfied: jupyter-lsp>=2.0.0 in /Users/runner/micromamba/envs/tardis/lib/python3.12/site-packages (from jupyterlab<4.3,>=4.2.0->notebook>=4.4.1->widgetsnbextension~=3.6.5->ipywidgets>=7.0.0->qgridnext) (2.2.5)
2025-01-26T01:32:51.6429470Z Requirement already satisfied: setuptools>=40.1.0 in /Users/runner/micromamba/envs/tardis/lib/python3.12/site-packages (from jupyterlab<4.3,>=4.2.0->notebook>=4.4.1->widgetsnbextension~=3.6.5->ipywidgets>=7.0.0->qgridnext) (70.0.0)
2025-01-26T01:32:51.6558060Z Requirement already satisfied: babel>=2.10 in /Users/runner/micromamba/envs/tardis/lib/python3.12/site-packages (from jupyterlab-server<3,>=2.27.1->notebook>=4.4.1->widgetsnbextension~=3.6.5->ipywidgets>=7.0.0->qgridnext) (2.14.0)
2025-01-26T01:32:51.6578510Z Requirement already satisfied: json5>=0.9.0 in /Users/runner/micromamba/envs/tardis/lib/python3.12/site-packages (from jupyterlab-server<3,>=2.27.1->notebook>=4.4.1->widgetsnbextension~=3.6.5->ipywidgets>=7.0.0->qgridnext) (0.9.25)
2025-01-26T01:32:51.6585860Z Requirement already satisfied: jsonschema>=4.18.0 in /Users/runner/micromamba/envs/tardis/lib/python3.12/site-packages (from jupyterlab-server<3,>=2.27.1->notebook>=4.4.1->widgetsnbextension~=3.6.5->ipywidgets>=7.0.0->qgridnext) (4.22.0)
2025-01-26T01:32:51.6597090Z Requirement already satisfied: requests>=2.31 in /Users/runner/micromamba/envs/tardis/lib/python3.12/site-packages (from jupyterlab-server<3,>=2.27.1->notebook>=4.4.1->widgetsnbextension~=3.6.5->ipywidgets>=7.0.0->qgridnext) (2.32.3)
2025-01-26T01:32:51.6809290Z Requirement already satisfied: idna>=2.8 in /Users/runner/micromamba/envs/tardis/lib/python3.12/site-packages (from anyio>=3.1.0->jupyter-server<3,>=2.4.0->notebook>=4.4.1->widgetsnbextension~=3.6.5->ipywidgets>=7.0.0->qgridnext) (3.7)
2025-01-26T01:32:51.6814260Z Requirement already satisfied: sniffio>=1.1 in /Users/runner/micromamba/envs/tardis/lib/python3.12/site-packages (from anyio>=3.1.0->jupyter-server<3,>=2.4.0->notebook>=4.4.1->widgetsnbextension~=3.6.5->ipywidgets>=7.0.0->qgridnext) (1.3.1)
2025-01-26T01:32:51.6870340Z Requirement already satisfied: argon2-cffi-bindings in /Users/runner/micromamba/envs/tardis/lib/python3.12/site-packages (from argon2-cffi>=21.1->jupyter-server<3,>=2.4.0->notebook>=4.4.1->widgetsnbextension~=3.6.5->ipywidgets>=7.0.0->qgridnext) (21.2.0)
2025-01-26T01:32:51.7058200Z Requirement already satisfied: certifi in /Users/runner/micromamba/envs/tardis/lib/python3.12/site-packages (from httpx>=0.25.0->jupyterlab<4.3,>=4.2.0->notebook>=4.4.1->widgetsnbextension~=3.6.5->ipywidgets>=7.0.0->qgridnext) (2024.6.2)
2025-01-26T01:32:51.7160420Z Requirement already satisfied: httpcore==1.* in /Users/runner/micromamba/envs/tardis/lib/python3.12/site-packages (from httpx>=0.25.0->jupyterlab<4.3,>=4.2.0->notebook>=4.4.1->widgetsnbextension~=3.6.5->ipywidgets>=7.0.0->qgridnext) (1.0.5)
2025-01-26T01:32:51.7261170Z Requirement already satisfied: h11<0.15,>=0.13 in /Users/runner/micromamba/envs/tardis/lib/python3.12/site-packages (from httpcore==1.*->httpx>=0.25.0->jupyterlab<4.3,>=4.2.0->notebook>=4.4.1->widgetsnbextension~=3.6.5->ipywidgets>=7.0.0->qgridnext) (0.14.0)
2025-01-26T01:32:51.7363380Z Requirement already satisfied: appnope in /Users/runner/micromamba/envs/tardis/lib/python3.12/site-packages (from ipykernel>=6.5.0->jupyterlab<4.3,>=4.2.0->notebook>=4.4.1->widgetsnbextension~=3.6.5->ipywidgets>=7.0.0->qgridnext) (0.1.4)
2025-01-26T01:32:51.7463720Z Requirement already satisfied: debugpy>=1.6.5 in /Users/runner/micromamba/envs/tardis/lib/python3.12/site-packages (from ipykernel>=6.5.0->jupyterlab<4.3,>=4.2.0->notebook>=4.4.1->widgetsnbextension~=3.6.5->ipywidgets>=7.0.0->qgridnext) (1.8.1)
2025-01-26T01:32:51.7566240Z Requirement already satisfied: nest-asyncio in /Users/runner/micromamba/envs/tardis/lib/python3.12/site-packages (from ipykernel>=6.5.0->jupyterlab<4.3,>=4.2.0->notebook>=4.4.1->widgetsnbextension~=3.6.5->ipywidgets>=7.0.0->qgridnext) (1.6.0)
2025-01-26T01:32:51.7667070Z Requirement already satisfied: psutil in /Users/runner/micromamba/envs/tardis/lib/python3.12/site-packages (from ipykernel>=6.5.0->jupyterlab<4.3,>=4.2.0->notebook>=4.4.1->widgetsnbextension~=3.6.5->ipywidgets>=7.0.0->qgridnext) (5.9.8)
2025-01-26T01:32:51.7769330Z Requirement already satisfied: MarkupSafe>=2.0 in /Users/runner/micromamba/envs/tardis/lib/python3.12/site-packages (from jinja2>=3.0.3->jupyter-server<3,>=2.4.0->notebook>=4.4.1->widgetsnbextension~=3.6.5->ipywidgets>=7.0.0->qgridnext) (2.1.5)
2025-01-26T01:32:51.7871690Z Requirement already satisfied: attrs>=22.2.0 in /Users/runner/micromamba/envs/tardis/lib/python3.12/site-packages (from jsonschema>=4.18.0->jupyterlab-server<3,>=2.27.1->notebook>=4.4.1->widgetsnbextension~=3.6.5->ipywidgets>=7.0.0->qgridnext) (23.2.0)
2025-01-26T01:32:51.7972070Z Requirement already satisfied: jsonschema-specifications>=2023.03.6 in /Users/runner/micromamba/envs/tardis/lib/python3.12/site-packages (from jsonschema>=4.18.0->jupyterlab-server<3,>=2.27.1->notebook>=4.4.1->widgetsnbextension~=3.6.5->ipywidgets>=7.0.0->qgridnext) (2023.12.1)
2025-01-26T01:32:51.8074410Z Requirement already satisfied: referencing>=0.28.4 in /Users/runner/micromamba/envs/tardis/lib/python3.12/site-packages (from jsonschema>=4.18.0->jupyterlab-server<3,>=2.27.1->notebook>=4.4.1->widgetsnbextension~=3.6.5->ipywidgets>=7.0.0->qgridnext) (0.35.1)
2025-01-26T01:32:51.8174530Z Requirement already satisfied: rpds-py>=0.7.1 in /Users/runner/micromamba/envs/tardis/lib/python3.12/site-packages (from jsonschema>=4.18.0->jupyterlab-server<3,>=2.27.1->notebook>=4.4.1->widgetsnbextension~=3.6.5->ipywidgets>=7.0.0->qgridnext) (0.18.1)
2025-01-26T01:32:51.8278580Z Requirement already satisfied: platformdirs>=2.5 in /Users/runner/micromamba/envs/tardis/lib/python3.12/site-packages (from jupyter-core!=5.0.*,>=4.12->jupyter-server<3,>=2.4.0->notebook>=4.4.1->widgetsnbextension~=3.6.5->ipywidgets>=7.0.0->qgridnext) (4.2.2)
2025-01-26T01:32:51.8378150Z Requirement already satisfied: python-json-logger>=2.0.4 in /Users/runner/micromamba/envs/tardis/lib/python3.12/site-packages (from jupyter-events>=0.9.0->jupyter-server<3,>=2.4.0->notebook>=4.4.1->widgetsnbextension~=3.6.5->ipywidgets>=7.0.0->qgridnext) (2.0.7)
2025-01-26T01:32:51.8478390Z Requirement already satisfied: pyyaml>=5.3 in /Users/runner/micromamba/envs/tardis/lib/python3.12/site-packages (from jupyter-events>=0.9.0->jupyter-server<3,>=2.4.0->notebook>=4.4.1->widgetsnbextension~=3.6.5->ipywidgets>=7.0.0->qgridnext) (6.0.1)
2025-01-26T01:32:51.8580670Z Requirement already satisfied: rfc3339-validator in /Users/runner/micromamba/envs/tardis/lib/python3.12/site-packages (from jupyter-events>=0.9.0->jupyter-server<3,>=2.4.0->notebook>=4.4.1->widgetsnbextension~=3.6.5->ipywidgets>=7.0.0->qgridnext) (0.1.4)
2025-01-26T01:32:51.8681050Z Requirement already satisfied: rfc3986-validator>=0.1.1 in /Users/runner/micromamba/envs/tardis/lib/python3.12/site-packages (from jupyter-events>=0.9.0->jupyter-server<3,>=2.4.0->notebook>=4.4.1->widgetsnbextension~=3.6.5->ipywidgets>=7.0.0->qgridnext) (0.1.1)
2025-01-26T01:32:51.8781510Z Requirement already satisfied: beautifulsoup4 in /Users/runner/micromamba/envs/tardis/lib/python3.12/site-packages (from nbconvert>=6.4.4->jupyter-server<3,>=2.4.0->notebook>=4.4.1->widgetsnbextension~=3.6.5->ipywidgets>=7.0.0->qgridnext) (4.12.3)
2025-01-26T01:32:51.8883430Z Requirement already satisfied: bleach!=5.0.0 in /Users/runner/micromamba/envs/tardis/lib/python3.12/site-packages (from nbconvert>=6.4.4->jupyter-server<3,>=2.4.0->notebook>=4.4.1->widgetsnbextension~=3.6.5->ipywidgets>=7.0.0->qgridnext) (6.1.0)
2025-01-26T01:32:51.8984200Z Requirement already satisfied: defusedxml in /Users/runner/micromamba/envs/tardis/lib/python3.12/site-packages (from nbconvert>=6.4.4->jupyter-server<3,>=2.4.0->notebook>=4.4.1->widgetsnbextension~=3.6.5->ipywidgets>=7.0.0->qgridnext) (0.7.1)
2025-01-26T01:32:51.9086210Z Requirement already satisfied: jupyterlab-pygments in /Users/runner/micromamba/envs/tardis/lib/python3.12/site-packages (from nbconvert>=6.4.4->jupyter-server<3,>=2.4.0->notebook>=4.4.1->widgetsnbextension~=3.6.5->ipywidgets>=7.0.0->qgridnext) (0.3.0)
2025-01-26T01:32:51.9186120Z Requirement already satisfied: mistune<4,>=2.0.3 in /Users/runner/micromamba/envs/tardis/lib/python3.12/site-packages (from nbconvert>=6.4.4->jupyter-server<3,>=2.4.0->notebook>=4.4.1->widgetsnbextension~=3.6.5->ipywidgets>=7.0.0->qgridnext) (3.0.2)
2025-01-26T01:32:51.9284510Z Requirement already satisfied: nbclient>=0.5.0 in /Users/runner/micromamba/envs/tardis/lib/python3.12/site-packages (from nbconvert>=6.4.4->jupyter-server<3,>=2.4.0->notebook>=4.4.1->widgetsnbextension~=3.6.5->ipywidgets>=7.0.0->qgridnext) (0.10.0)
2025-01-26T01:32:51.9366880Z Requirement already satisfied: pandocfilters>=1.4.1 in /Users/runner/micromamba/envs/tardis/lib/python3.12/site-packages (from nbconvert>=6.4.4->jupyter-server<3,>=2.4.0->notebook>=4.4.1->widgetsnbextension~=3.6.5->ipywidgets>=7.0.0->qgridnext) (1.5.0)
2025-01-26T01:32:51.9421870Z Requirement already satisfied: tinycss2 in /Users/runner/micromamba/envs/tardis/lib/python3.12/site-packages (from nbconvert>=6.4.4->jupyter-server<3,>=2.4.0->notebook>=4.4.1->widgetsnbextension~=3.6.5->ipywidgets>=7.0.0->qgridnext) (1.3.0)
2025-01-26T01:32:51.9522360Z Requirement already satisfied: fastjsonschema>=2.15 in /Users/runner/micromamba/envs/tardis/lib/python3.12/site-packages (from nbformat>=5.3.0->jupyter-server<3,>=2.4.0->notebook>=4.4.1->widgetsnbextension~=3.6.5->ipywidgets>=7.0.0->qgridnext) (2.20.0)
2025-01-26T01:32:51.9628280Z Requirement already satisfied: charset-normalizer<4,>=2 in /Users/runner/micromamba/envs/tardis/lib/python3.12/site-packages (from requests>=2.31->jupyterlab-server<3,>=2.27.1->notebook>=4.4.1->widgetsnbextension~=3.6.5->ipywidgets>=7.0.0->qgridnext) (3.3.2)
2025-01-26T01:32:51.9712810Z Requirement already satisfied: urllib3<3,>=1.21.1 in /Users/runner/micromamba/envs/tardis/lib/python3.12/site-packages (from requests>=2.31->jupyterlab-server<3,>=2.27.1->notebook>=4.4.1->widgetsnbextension~=3.6.5->ipywidgets>=7.0.0->qgridnext) (2.2.2)
2025-01-26T01:32:51.9815180Z Requirement already satisfied: webencodings in /Users/runner/micromamba/envs/tardis/lib/python3.12/site-packages (from bleach!=5.0.0->nbconvert>=6.4.4->jupyter-server<3,>=2.4.0->notebook>=4.4.1->widgetsnbextension~=3.6.5->ipywidgets>=7.0.0->qgridnext) (0.5.1)
2025-01-26T01:32:51.9863440Z Requirement already satisfied: fqdn in /Users/runner/micromamba/envs/tardis/lib/python3.12/site-packages (from jsonschema[format-nongpl]>=4.18.0->jupyter-events>=0.9.0->jupyter-server<3,>=2.4.0->notebook>=4.4.1->widgetsnbextension~=3.6.5->ipywidgets>=7.0.0->qgridnext) (1.5.1)
2025-01-26T01:32:51.9866680Z Requirement already satisfied: isoduration in /Users/runner/micromamba/envs/tardis/lib/python3.12/site-packages (from jsonschema[format-nongpl]>=4.18.0->jupyter-events>=0.9.0->jupyter-server<3,>=2.4.0->notebook>=4.4.1->widgetsnbextension~=3.6.5->ipywidgets>=7.0.0->qgridnext) (20.11.0)
2025-01-26T01:32:51.9871060Z Requirement already satisfied: jsonpointer>1.13 in /Users/runner/micromamba/envs/tardis/lib/python3.12/site-packages (from jsonschema[format-nongpl]>=4.18.0->jupyter-events>=0.9.0->jupyter-server<3,>=2.4.0->notebook>=4.4.1->widgetsnbextension~=3.6.5->ipywidgets>=7.0.0->qgridnext) (3.0.0)
2025-01-26T01:32:51.9896050Z Requirement already satisfied: uri-template in /Users/runner/micromamba/envs/tardis/lib/python3.12/site-packages (from jsonschema[format-nongpl]>=4.18.0->jupyter-events>=0.9.0->jupyter-server<3,>=2.4.0->notebook>=4.4.1->widgetsnbextension~=3.6.5->ipywidgets>=7.0.0->qgridnext) (1.3.0)
2025-01-26T01:32:51.9897770Z Requirement already satisfied: webcolors>=1.11 in /Users/runner/micromamba/envs/tardis/lib/python3.12/site-packages (from jsonschema[format-nongpl]>=4.18.0->jupyter-events>=0.9.0->jupyter-server<3,>=2.4.0->notebook>=4.4.1->widgetsnbextension~=3.6.5->ipywidgets>=7.0.0->qgridnext) (24.6.0)
2025-01-26T01:32:52.0808540Z Requirement already satisfied: cffi>=1.0.1 in /Users/runner/micromamba/envs/tardis/lib/python3.12/site-packages (from argon2-cffi-bindings->argon2-cffi>=21.1->jupyter-server<3,>=2.4.0->notebook>=4.4.1->widgetsnbextension~=3.6.5->ipywidgets>=7.0.0->qgridnext) (1.16.0)
2025-01-26T01:32:52.0886400Z Requirement already satisfied: soupsieve>1.2 in /Users/runner/micromamba/envs/tardis/lib/python3.12/site-packages (from beautifulsoup4->nbconvert>=6.4.4->jupyter-server<3,>=2.4.0->notebook>=4.4.1->widgetsnbextension~=3.6.5->ipywidgets>=7.0.0->qgridnext) (2.5)
2025-01-26T01:32:52.1316180Z Requirement already satisfied: pycparser in /Users/runner/micromamba/envs/tardis/lib/python3.12/site-packages (from cffi>=1.0.1->argon2-cffi-bindings->argon2-cffi>=21.1->jupyter-server<3,>=2.4.0->notebook>=4.4.1->widgetsnbextension~=3.6.5->ipywidgets>=7.0.0->qgridnext) (2.22)
2025-01-26T01:32:52.1814020Z Requirement already satisfied: arrow>=0.15.0 in /Users/runner/micromamba/envs/tardis/lib/python3.12/site-packages (from isoduration->jsonschema[format-nongpl]>=4.18.0->jupyter-events>=0.9.0->jupyter-server<3,>=2.4.0->notebook>=4.4.1->widgetsnbextension~=3.6.5->ipywidgets>=7.0.0->qgridnext) (1.3.0)
2025-01-26T01:32:52.2190610Z Requirement already satisfied: types-python-dateutil>=2.8.10 in /Users/runner/micromamba/envs/tardis/lib/python3.12/site-packages (from arrow>=0.15.0->isoduration->jsonschema[format-nongpl]>=4.18.0->jupyter-events>=0.9.0->jupyter-server<3,>=2.4.0->notebook>=4.4.1->widgetsnbextension~=3.6.5->ipywidgets>=7.0.0->qgridnext) (2.9.0.20240316)
2025-01-26T01:32:52.2528820Z Downloading qgridnext-2.0.4-py3-none-any.whl (1.3 MB)
2025-01-26T01:32:52.3124260Z    â”â”â”â”â”â”â”â”â”â”â”â”â”â”â”â”â”â”â”â”â”â”â”â”â”â”â”â”â”â”â”â”â”â”â”â”â”â”â”â” 1.3/1.3 MB 22.2 MB/s eta 0:00:00
2025-01-26T01:32:53.1935570Z Installing collected packages: qgridnext
2025-01-26T01:32:53.2645770Z Successfully installed qgridnext-2.0.4
2025-01-26T01:32:53.5647560Z ##[group]Run pytest tardis --tardis-regression-data=/Users/runner/work/tardis/tardis/tardis-regression-data --cov=tardis --cov-report=xml --cov-report=html --cov-append -m " continuum"
2025-01-26T01:32:53.5648600Z [36;1mpytest tardis --tardis-regression-data=/Users/runner/work/tardis/tardis/tardis-regression-data --cov=tardis --cov-report=xml --cov-report=html --cov-append -m " continuum"[0m
2025-01-26T01:32:53.5709760Z shell: /bin/bash -l {0}
2025-01-26T01:32:53.5709970Z env:
2025-01-26T01:32:53.5710130Z   CACHE_NUMBER: 0
2025-01-26T01:32:53.5710620Z   PYTEST_FLAGS: --tardis-regression-data=/Users/runner/work/tardis/tardis/tardis-regression-data --cov=tardis --cov-report=xml --cov-report=html --cov-append
2025-01-26T01:32:53.5711420Z   CODECOV_TOKEN: ***
2025-01-26T01:32:53.5711610Z   MAMBA_ROOT_PREFIX: /Users/runner/micromamba
2025-01-26T01:32:53.5711870Z   MAMBA_EXE: /Users/runner/micromamba-bin/micromamba
2025-01-26T01:32:53.5712210Z   CONDARC: /Users/runner/work/_temp/setup-micromamba/.condarc
2025-01-26T01:32:53.5712490Z ##[endgroup]
2025-01-26T01:33:07.3697470Z ============================= test session starts ==============================
2025-01-26T01:33:07.3698690Z platform darwin -- Python 3.12.4, pytest-8.2.2, pluggy-1.5.0
2025-01-26T01:33:07.3699480Z rootdir: /Users/runner/work/tardis/tardis
2025-01-26T01:33:07.3700250Z configfile: pyproject.toml
2025-01-26T01:33:07.3701030Z plugins: cov-5.0.0, html-4.1.1, metadata-3.1.1, doctestplus-1.2.1, anyio-4.4.0
2025-01-26T01:33:07.3702040Z collected 1796 items / 1794 deselected / 2 selected
2025-01-26T01:33:07.3702580Z 
2025-01-26T01:34:13.7037640Z tardis/transport/montecarlo/estimators/tests/test_continuum_property_solver.py . [ 50%]
2025-01-26T01:34:13.7128000Z                                                                          [ 50%]
2025-01-26T01:34:47.3708670Z tardis/transport/montecarlo/tests/test_continuum.py .                    [100%]
2025-01-26T01:34:47.3710110Z 
2025-01-26T01:34:47.3711280Z =============================== warnings summary ===============================
2025-01-26T01:34:47.3724000Z tardis/io/configuration/config_validator.py:6
2025-01-26T01:34:47.3724390Z tardis/io/configuration/config_validator.py:6
2025-01-26T01:34:47.3724930Z   /Users/runner/work/tardis/tardis/tardis/io/configuration/config_validator.py:6: DeprecationWarning:
2025-01-26T01:34:47.3725380Z   
2025-01-26T01:34:47.3726560Z   jsonschema.RefResolver is deprecated as of v4.18.0, in favor of the https://github.com/python-jsonschema/referencing library, which provides more compliant referencing behavior as well as more flexible APIs for customization. A future release will remove RefResolver. Please file a feature request (on referencing) if you are missing an API for the kind of customization you need.
2025-01-26T01:34:47.3727720Z 
2025-01-26T01:34:47.3727920Z ../../../micromamba/envs/tardis/lib/python3.12/site-packages/jupyter_client/connect.py:22
2025-01-26T01:34:47.3728680Z   /Users/runner/micromamba/envs/tardis/lib/python3.12/site-packages/jupyter_client/connect.py:22: DeprecationWarning:
2025-01-26T01:34:47.3729230Z   
2025-01-26T01:34:47.3729490Z   Jupyter is migrating its paths to use standard platformdirs
2025-01-26T01:34:47.3729980Z   given by the platformdirs library.  To remove this warning and
2025-01-26T01:34:47.3730400Z   see the appropriate new directories, set the environment variable
2025-01-26T01:34:47.3730900Z   `JUPYTER_PLATFORM_DIRS=1` and then run `jupyter --paths`.
2025-01-26T01:34:47.3731260Z   The use of platformdirs will be the default in `jupyter_core` v6
2025-01-26T01:34:47.3731550Z 
2025-01-26T01:34:47.3741100Z tardis/transport/montecarlo/estimators/tests/test_continuum_property_solver.py::test_continuum_estimators
2025-01-26T01:34:47.3741820Z   /Users/runner/work/tardis/tardis/tardis/transport/montecarlo/montecarlo_main_loop.py:123: NumbaTypeSafetyWarning:
2025-01-26T01:34:47.3742440Z   
2025-01-26T01:34:47.3744460Z   [1m[1m[1munsafe cast from uint64 to int64. Precision may be lost.[0m[0m[0m
2025-01-26T01:34:47.3746020Z 
2025-01-26T01:34:47.3746370Z -- Docs: https://docs.pytest.org/en/stable/how-to/capture-warnings.html
2025-01-26T01:34:47.3746680Z 
2025-01-26T01:34:47.3746900Z ---------- coverage: platform darwin, python 3.12.4-final-0 ----------
2025-01-26T01:34:47.3747270Z Coverage HTML written to dir coverage_html_report
2025-01-26T01:34:47.3747700Z Coverage XML written to file coverage.xml
2025-01-26T01:34:47.3747980Z 
2025-01-26T01:34:47.3748120Z ========== 2 passed, 1794 deselected, 4 warnings in 101.48s (0:01:41) ==========
2025-01-26T01:34:48.5526480Z ##[group]Run pytest tardis --tardis-regression-data=/Users/runner/work/tardis/tardis/tardis-regression-data --cov=tardis --cov-report=xml --cov-report=html --cov-append --generate-reference -m " continuum"
2025-01-26T01:34:48.5528790Z [36;1mpytest tardis --tardis-regression-data=/Users/runner/work/tardis/tardis/tardis-regression-data --cov=tardis --cov-report=xml --cov-report=html --cov-append --generate-reference -m " continuum"[0m
2025-01-26T01:34:48.5735170Z shell: /bin/bash -l {0}
2025-01-26T01:34:48.5735940Z env:
2025-01-26T01:34:48.5773010Z   CACHE_NUMBER: 0
2025-01-26T01:34:48.5773670Z   PYTEST_FLAGS: --tardis-regression-data=/Users/runner/work/tardis/tardis/tardis-regression-data --cov=tardis --cov-report=xml --cov-report=html --cov-append
2025-01-26T01:34:48.5776340Z   CODECOV_TOKEN: ***
2025-01-26T01:34:48.5776730Z   MAMBA_ROOT_PREFIX: /Users/runner/micromamba
2025-01-26T01:34:48.5777020Z   MAMBA_EXE: /Users/runner/micromamba-bin/micromamba
2025-01-26T01:34:48.5777560Z   CONDARC: /Users/runner/work/_temp/setup-micromamba/.condarc
2025-01-26T01:34:48.5777820Z ##[endgroup]
2025-01-26T01:34:57.2800580Z ============================= test session starts ==============================
2025-01-26T01:34:57.2801350Z platform darwin -- Python 3.12.4, pytest-8.2.2, pluggy-1.5.0
2025-01-26T01:34:57.2801710Z rootdir: /Users/runner/work/tardis/tardis
2025-01-26T01:34:57.2802110Z configfile: pyproject.toml
2025-01-26T01:34:57.2802440Z plugins: cov-5.0.0, html-4.1.1, metadata-3.1.1, doctestplus-1.2.1, anyio-4.4.0
2025-01-26T01:34:57.2803640Z collected 1796 items / 1794 deselected / 2 selected
2025-01-26T01:34:57.2803870Z 
2025-01-26T01:35:58.0309550Z tardis/transport/montecarlo/estimators/tests/test_continuum_property_solver.py . [ 50%]
2025-01-26T01:35:58.0372840Z                                                                          [ 50%]
2025-01-26T01:36:29.5892870Z tardis/transport/montecarlo/tests/test_continuum.py s                    [100%]
2025-01-26T01:36:29.5914610Z 
2025-01-26T01:36:29.5915620Z =============================== warnings summary ===============================
2025-01-26T01:36:29.5916430Z tardis/io/configuration/config_validator.py:6
2025-01-26T01:36:29.5917010Z tardis/io/configuration/config_validator.py:6
2025-01-26T01:36:29.5917790Z   /Users/runner/work/tardis/tardis/tardis/io/configuration/config_validator.py:6: DeprecationWarning:
2025-01-26T01:36:29.5918430Z   
2025-01-26T01:36:29.5919790Z   jsonschema.RefResolver is deprecated as of v4.18.0, in favor of the https://github.com/python-jsonschema/referencing library, which provides more compliant referencing behavior as well as more flexible APIs for customization. A future release will remove RefResolver. Please file a feature request (on referencing) if you are missing an API for the kind of customization you need.
2025-01-26T01:36:29.5923480Z 
2025-01-26T01:36:29.5924180Z ../../../micromamba/envs/tardis/lib/python3.12/site-packages/jupyter_client/connect.py:22
2025-01-26T01:36:29.5925320Z   /Users/runner/micromamba/envs/tardis/lib/python3.12/site-packages/jupyter_client/connect.py:22: DeprecationWarning:
2025-01-26T01:36:29.5926320Z   
2025-01-26T01:36:29.5926920Z   Jupyter is migrating its paths to use standard platformdirs
2025-01-26T01:36:29.5927740Z   given by the platformdirs library.  To remove this warning and
2025-01-26T01:36:29.5929350Z   see the appropriate new directories, set the environment variable
2025-01-26T01:36:29.5930000Z   `JUPYTER_PLATFORM_DIRS=1` and then run `jupyter --paths`.
2025-01-26T01:36:29.5931380Z   The use of platformdirs will be the default in `jupyter_core` v6
2025-01-26T01:36:29.5931800Z 
2025-01-26T01:36:29.5932490Z tardis/transport/montecarlo/estimators/tests/test_continuum_property_solver.py::test_continuum_estimators
2025-01-26T01:36:29.6034020Z   /Users/runner/work/tardis/tardis/tardis/transport/montecarlo/montecarlo_main_loop.py:123: NumbaTypeSafetyWarning:
2025-01-26T01:36:29.6039390Z   
2025-01-26T01:36:29.6043810Z   [1m[1m[1munsafe cast from uint64 to int64. Precision may be lost.[0m[0m[0m
2025-01-26T01:36:29.6135220Z 
2025-01-26T01:36:29.6198560Z tardis/transport/montecarlo/tests/test_continuum.py::test_montecarlo_continuum
2025-01-26T01:36:29.6199690Z tardis/transport/montecarlo/tests/test_continuum.py::test_montecarlo_continuum
2025-01-26T01:36:29.6202080Z   /Users/runner/work/tardis/tardis/tardis/io/util.py:289: PerformanceWarning:
2025-01-26T01:36:29.6203510Z   
2025-01-26T01:36:29.6203860Z   
2025-01-26T01:36:29.6206830Z   your performance may suffer as PyTables will pickle object types that it cannot
2025-01-26T01:36:29.6207660Z   map directly to c-types [inferred_type->mixed,key->block0_values] [items->Index([0], dtype='int64')]
2025-01-26T01:36:29.6208190Z 
2025-01-26T01:36:29.6208630Z tardis/transport/montecarlo/tests/test_continuum.py::test_montecarlo_continuum
2025-01-26T01:36:29.6209360Z tardis/transport/montecarlo/tests/test_continuum.py::test_montecarlo_continuum
2025-01-26T01:36:29.6211570Z tardis/transport/montecarlo/tests/test_continuum.py::test_montecarlo_continuum
2025-01-26T01:36:29.6212150Z tardis/transport/montecarlo/tests/test_continuum.py::test_montecarlo_continuum
2025-01-26T01:36:29.6215000Z   /Users/runner/work/tardis/tardis/tardis/io/util.py:276: PerformanceWarning:
2025-01-26T01:36:29.6219290Z   
2025-01-26T01:36:29.6222110Z   
2025-01-26T01:36:29.6223970Z   your performance may suffer as PyTables will pickle object types that it cannot
2025-01-26T01:36:29.6225670Z   map directly to c-types [inferred_type->mixed,key->block0_values] [items->Index([0], dtype='int64')]
2025-01-26T01:36:29.6274490Z 
2025-01-26T01:36:29.6274820Z tardis/transport/montecarlo/tests/test_continuum.py::test_montecarlo_continuum
2025-01-26T01:36:29.6275340Z   /Users/runner/work/tardis/tardis/tardis/io/util.py:280: PerformanceWarning:
2025-01-26T01:36:29.6275830Z   
2025-01-26T01:36:29.6276090Z   
2025-01-26T01:36:29.6276400Z   your performance may suffer as PyTables will pickle object types that it cannot
2025-01-26T01:36:29.6277660Z   map directly to c-types [inferred_type->mixed-integer,key->axis1_level0] [items->None]
2025-01-26T01:36:29.6277940Z 
2025-01-26T01:36:29.6278230Z tardis/transport/montecarlo/tests/test_continuum.py::test_montecarlo_continuum
2025-01-26T01:36:29.6279480Z   /Users/runner/work/tardis/tardis/tardis/io/util.py:280: PerformanceWarning:
2025-01-26T01:36:29.6281070Z   
2025-01-26T01:36:29.6283060Z   
2025-01-26T01:36:29.6283360Z   your performance may suffer as PyTables will pickle object types that it cannot
2025-01-26T01:36:29.6284950Z   map directly to c-types [inferred_type->mixed-integer,key->axis1_level1] [items->None]
2025-01-26T01:36:29.6285290Z 
2025-01-26T01:36:29.6285540Z tardis/transport/montecarlo/tests/test_continuum.py::test_montecarlo_continuum
2025-01-26T01:36:29.6286460Z   /Users/runner/work/tardis/tardis/tardis/io/util.py:280: PerformanceWarning:
2025-01-26T01:36:29.6288350Z   
2025-01-26T01:36:29.6288530Z   
2025-01-26T01:36:29.6288890Z   your performance may suffer as PyTables will pickle object types that it cannot
2025-01-26T01:36:29.6290150Z   map directly to c-types [inferred_type->mixed-integer,key->axis1] [items->None]
2025-01-26T01:36:29.6292230Z 
2025-01-26T01:36:29.6292610Z tardis/transport/montecarlo/tests/test_continuum.py::test_montecarlo_continuum
2025-01-26T01:36:29.6295680Z   /Users/runner/work/tardis/tardis/tardis/io/util.py:269: PerformanceWarning:
2025-01-26T01:36:29.6297840Z   
2025-01-26T01:36:29.6300690Z   
2025-01-26T01:36:29.6302040Z   your performance may suffer as PyTables will pickle object types that it cannot
2025-01-26T01:36:29.6302670Z   map directly to c-types [inferred_type->mixed-integer,key->index] [items->None]
2025-01-26T01:36:29.6302980Z 
2025-01-26T01:36:29.6303180Z tardis/transport/montecarlo/tests/test_continuum.py::test_montecarlo_continuum
2025-01-26T01:36:29.6303800Z   /Users/runner/work/tardis/tardis/tardis/io/util.py:280: PerformanceWarning:
2025-01-26T01:36:29.6304170Z   
2025-01-26T01:36:29.6305810Z   
2025-01-26T01:36:29.6307070Z   your performance may suffer as PyTables will pickle object types that it cannot
2025-01-26T01:36:29.6307740Z   map directly to c-types [inferred_type->mixed-integer,key->axis0] [items->None]
2025-01-26T01:36:29.6308070Z 
2025-01-26T01:36:29.6309750Z tardis/transport/montecarlo/tests/test_continuum.py::test_montecarlo_continuum
2025-01-26T01:36:29.6310530Z   /Users/runner/work/tardis/tardis/tardis/io/util.py:280: PerformanceWarning:
2025-01-26T01:36:29.6311840Z   
2025-01-26T01:36:29.6312050Z   
2025-01-26T01:36:29.6314220Z   your performance may suffer as PyTables will pickle object types that it cannot
2025-01-26T01:36:29.6314760Z   map directly to c-types [inferred_type->integer,key->block1_items] [items->None]
2025-01-26T01:36:29.6315190Z 
2025-01-26T01:36:29.6315500Z tardis/transport/montecarlo/tests/test_continuum.py::test_montecarlo_continuum
2025-01-26T01:36:29.6316170Z   /Users/runner/work/tardis/tardis/tardis/io/util.py:280: PerformanceWarning:
2025-01-26T01:36:29.6316600Z   
2025-01-26T01:36:29.6316880Z   
2025-01-26T01:36:29.6317220Z   your performance may suffer as PyTables will pickle object types that it cannot
2025-01-26T01:36:29.6318330Z   map directly to c-types [inferred_type->integer,key->block0_items] [items->None]
2025-01-26T01:36:29.6318670Z 
2025-01-26T01:36:29.6318880Z tardis/transport/montecarlo/tests/test_continuum.py::test_montecarlo_continuum
2025-01-26T01:36:29.6322310Z   /Users/runner/work/tardis/tardis/tardis/io/util.py:280: PerformanceWarning:
2025-01-26T01:36:29.6324210Z   
2025-01-26T01:36:29.6324540Z   
2025-01-26T01:36:29.6325710Z   your performance may suffer as PyTables will pickle object types that it cannot
2025-01-26T01:36:29.6326220Z   map directly to c-types [inferred_type->integer,key->axis0] [items->None]
2025-01-26T01:36:29.6326560Z 
2025-01-26T01:36:29.6326870Z tardis/transport/montecarlo/tests/test_continuum.py::test_montecarlo_continuum
2025-01-26T01:36:29.6327380Z   /Users/runner/work/tardis/tardis/tardis/io/util.py:292: PerformanceWarning:
2025-01-26T01:36:29.6333880Z   
2025-01-26T01:36:29.6334180Z   
2025-01-26T01:36:29.6336350Z   your performance may suffer as PyTables will pickle object types that it cannot
2025-01-26T01:36:29.6337000Z   map directly to c-types [inferred_type->mixed-integer,key->values] [items->None]
2025-01-26T01:36:29.6338070Z 
2025-01-26T01:36:29.6340970Z tardis/transport/montecarlo/tests/test_continuum.py::test_montecarlo_continuum
2025-01-26T01:36:29.6351010Z   /Users/runner/work/tardis/tardis/tardis/spectrum/base.py:70: UserWarning:
2025-01-26T01:36:29.6353420Z   
2025-01-26T01:36:29.6354310Z   SpectrumSolver.spectrum_virtual_packets is zero. Please run the montecarlo simulation with no_of_virtual_packets > 0
2025-01-26T01:36:29.6355830Z 
2025-01-26T01:36:29.6356190Z tardis/transport/montecarlo/tests/test_continuum.py::test_montecarlo_continuum
2025-01-26T01:36:29.6356770Z   /Users/runner/work/tardis/tardis/tardis/spectrum/base.py:94: UserWarning:
2025-01-26T01:36:29.6357580Z   
2025-01-26T01:36:29.6467390Z   The FormalIntegrator is not yet implemented for the full relativity mode or continuum processes. Please run with config option enable_full_relativity: False and continuum_processes_enabled: False This RETURNS AN EMPTY SPECTRUM!
2025-01-26T01:36:29.6471380Z 
2025-01-26T01:36:29.6472000Z -- Docs: https://docs.pytest.org/en/stable/how-to/capture-warnings.html
2025-01-26T01:36:29.6472500Z 
2025-01-26T01:36:29.6472680Z ---------- coverage: platform darwin, python 3.12.4-final-0 ----------
2025-01-26T01:36:29.6473020Z Coverage HTML written to dir coverage_html_report
2025-01-26T01:36:29.6473890Z Coverage XML written to file coverage.xml
2025-01-26T01:36:29.6474070Z 
2025-01-26T01:36:29.6474220Z ==== 1 passed, 1 skipped, 1794 deselected, 21 warnings in 93.36s (0:01:33) =====
2025-01-26T01:36:30.7606620Z ##[group]Run mv .coverage .coverage.1
2025-01-26T01:36:30.7606920Z [36;1mmv .coverage .coverage.1[0m
2025-01-26T01:36:30.8463300Z shell: /bin/bash -l {0}
2025-01-26T01:36:30.8463550Z env:
2025-01-26T01:36:30.8463690Z   CACHE_NUMBER: 0
2025-01-26T01:36:30.8464240Z   PYTEST_FLAGS: --tardis-regression-data=/Users/runner/work/tardis/tardis/tardis-regression-data --cov=tardis --cov-report=xml --cov-report=html --cov-append
2025-01-26T01:36:30.8467660Z   CODECOV_TOKEN: ***
2025-01-26T01:36:30.8468170Z   MAMBA_ROOT_PREFIX: /Users/runner/micromamba
2025-01-26T01:36:30.8468550Z   MAMBA_EXE: /Users/runner/micromamba-bin/micromamba
2025-01-26T01:36:30.8468900Z   CONDARC: /Users/runner/work/_temp/setup-micromamba/.condarc
2025-01-26T01:36:30.8470350Z ##[endgroup]
2025-01-26T01:36:31.0961580Z ##[group]Run actions/upload-artifact@v4
2025-01-26T01:36:31.0961900Z with:
2025-01-26T01:36:31.0962160Z   name: coverage--continuum-macos-latest
2025-01-26T01:36:31.0962410Z   include-hidden-files: true
2025-01-26T01:36:31.0962610Z   path: .coverage*
!.coveragerc

2025-01-26T01:36:31.0962840Z   if-no-files-found: warn
2025-01-26T01:36:31.0963040Z   compression-level: 6
2025-01-26T01:36:31.0963210Z   overwrite: false
2025-01-26T01:36:31.0963380Z env:
2025-01-26T01:36:31.0963500Z   CACHE_NUMBER: 0
2025-01-26T01:36:31.0964020Z   PYTEST_FLAGS: --tardis-regression-data=/Users/runner/work/tardis/tardis/tardis-regression-data --cov=tardis --cov-report=xml --cov-report=html --cov-append
2025-01-26T01:36:31.0964860Z   CODECOV_TOKEN: ***
2025-01-26T01:36:31.0965070Z   MAMBA_ROOT_PREFIX: /Users/runner/micromamba
2025-01-26T01:36:31.0965330Z   MAMBA_EXE: /Users/runner/micromamba-bin/micromamba
2025-01-26T01:36:31.0965650Z   CONDARC: /Users/runner/work/_temp/setup-micromamba/.condarc
2025-01-26T01:36:31.0965950Z ##[endgroup]
2025-01-26T01:36:31.5140660Z With the provided path, there will be 1 file uploaded
2025-01-26T01:36:31.5144490Z Artifact name is valid!
2025-01-26T01:36:31.5145690Z Root directory input is valid!
2025-01-26T01:36:31.7166070Z Beginning upload of artifact content to blob storage
2025-01-26T01:36:31.8943360Z Uploaded bytes 18977
2025-01-26T01:36:31.9344910Z Finished uploading artifact content to blob storage!
2025-01-26T01:36:31.9446100Z SHA256 hash of uploaded artifact zip is 9e6dc418be53888376cb206dbb6492615add33171a49752e7881311458cc5685
2025-01-26T01:36:31.9546300Z Finalizing artifact upload
2025-01-26T01:36:32.0380180Z Artifact coverage--continuum-macos-latest.zip successfully finalized. Artifact ID 2486034505
2025-01-26T01:36:32.0383800Z Artifact coverage--continuum-macos-latest has been successfully uploaded! Final size is 18977 bytes. Artifact ID is 2486034505
2025-01-26T01:36:32.0387150Z Artifact download URL: https://github.com/tardis-sn/tardis/actions/runs/12970216272/artifacts/2486034505
2025-01-26T01:36:32.0462270Z Post job cleanup.
2025-01-26T01:36:32.0506100Z Post job cleanup.
2025-01-26T01:36:32.2104830Z Will use pre-installed micromamba at /Users/runner/micromamba-bin/micromamba
2025-01-26T01:36:32.2107980Z Removing micromamba run shell ...
2025-01-26T01:36:32.2110480Z ##[group]Deinitialize micromamba for bash
2025-01-26T01:36:32.2124180Z [command]/Users/runner/micromamba-bin/micromamba shell deinit -s bash -r /Users/runner/micromamba --log-level warning --rc-file /Users/runner/work/_temp/setup-micromamba/.condarc
2025-01-26T01:36:32.2252330Z Resetting RC file "/Users/runner/.bash_profile"
2025-01-26T01:36:32.2253140Z Deleting config for root prefix 
2025-01-26T01:36:32.2253590Z Clearing mamba executable environment variable
2025-01-26T01:36:32.2254010Z Removing the following in your "/Users/runner/.bash_profile" file
2025-01-26T01:36:32.2254300Z # >>> mamba initialize >>>
2025-01-26T01:36:32.2254470Z ...
2025-01-26T01:36:32.2254610Z # <<< mamba initialize <<<
2025-01-26T01:36:32.2287300Z Removing environment tardis from auto-activate bash ...
2025-01-26T01:36:32.2373600Z Post job cleanup.
2025-01-26T01:36:32.2432650Z Post job cleanup.
2025-01-26T01:36:32.3472020Z [command]/opt/homebrew/bin/git version
2025-01-26T01:36:32.4196430Z git version 2.48.1
2025-01-26T01:36:32.4226060Z Copying '/Users/runner/.gitconfig' to '/Users/runner/work/_temp/6685f354-7936-4a07-bb19-082791a0918e/.gitconfig'
2025-01-26T01:36:32.4243050Z Temporarily overriding HOME='/Users/runner/work/_temp/6685f354-7936-4a07-bb19-082791a0918e' before making global git config changes
2025-01-26T01:36:32.4243740Z Adding repository directory to the temporary git global config as a safe directory
2025-01-26T01:36:32.4255090Z [command]/opt/homebrew/bin/git config --global --add safe.directory /Users/runner/work/tardis/tardis/tardis-regression-data
2025-01-26T01:36:32.4424030Z [command]/opt/homebrew/bin/git config --local --name-only --get-regexp core\.sshCommand
2025-01-26T01:36:32.4492390Z [command]/opt/homebrew/bin/git submodule foreach --recursive sh -c "git config --local --name-only --get-regexp 'core\.sshCommand' && git config --local --unset-all 'core.sshCommand' || :"
2025-01-26T01:36:32.6742370Z [command]/opt/homebrew/bin/git config --local --name-only --get-regexp http\.https\:\/\/github\.com\/\.extraheader
2025-01-26T01:36:32.6793060Z http.https://github.com/.extraheader
2025-01-26T01:36:32.6803850Z [command]/opt/homebrew/bin/git config --local --unset-all http.https://github.com/.extraheader
2025-01-26T01:36:32.6862660Z [command]/opt/homebrew/bin/git submodule foreach --recursive sh -c "git config --local --name-only --get-regexp 'http\.https\:\/\/github\.com\/\.extraheader' && git config --local --unset-all 'http.https://github.com/.extraheader' || :"
2025-01-26T01:36:32.7611190Z Post job cleanup.
2025-01-26T01:36:32.8924760Z [command]/opt/homebrew/bin/git version
2025-01-26T01:36:32.9024920Z git version 2.48.1
2025-01-26T01:36:32.9034850Z Copying '/Users/runner/.gitconfig' to '/Users/runner/work/_temp/063fb1f2-0d21-4419-ba37-324366b22c7f/.gitconfig'
2025-01-26T01:36:32.9035810Z Temporarily overriding HOME='/Users/runner/work/_temp/063fb1f2-0d21-4419-ba37-324366b22c7f' before making global git config changes
2025-01-26T01:36:32.9036450Z Adding repository directory to the temporary git global config as a safe directory
2025-01-26T01:36:32.9036990Z [command]/opt/homebrew/bin/git config --global --add safe.directory /Users/runner/work/tardis/tardis
2025-01-26T01:36:32.9066430Z [command]/opt/homebrew/bin/git config --local --name-only --get-regexp core\.sshCommand
2025-01-26T01:36:32.9130110Z [command]/opt/homebrew/bin/git submodule foreach --recursive sh -c "git config --local --name-only --get-regexp 'core\.sshCommand' && git config --local --unset-all 'core.sshCommand' || :"
2025-01-26T01:36:32.9917840Z [command]/opt/homebrew/bin/git config --local --name-only --get-regexp http\.https\:\/\/github\.com\/\.extraheader
2025-01-26T01:36:32.9967610Z http.https://github.com/.extraheader
2025-01-26T01:36:32.9985050Z [command]/opt/homebrew/bin/git config --local --unset-all http.https://github.com/.extraheader
2025-01-26T01:36:33.0078110Z [command]/opt/homebrew/bin/git submodule foreach --recursive sh -c "git config --local --name-only --get-regexp 'http\.https\:\/\/github\.com\/\.extraheader' && git config --local --unset-all 'http.https://github.com/.extraheader' || :"
2025-01-26T01:36:33.0780840Z Cleaning up orphan processes
