2025-01-21T13:57:33.1175697Z Requested labels: macos-latest
2025-01-21T13:57:33.1175974Z Job defined at: tardis-sn/tardis/.github/workflows/tests.yml@refs/pull/2872/merge
2025-01-21T13:57:33.1176066Z Waiting for a runner to pick up this job...
2025-01-21T13:57:33.3700221Z Job is waiting for a hosted runner to come online.
2025-01-21T13:57:37.7939648Z Job is about to start running on the hosted runner: GitHub Actions 25 (hosted)
2025-01-21T13:57:39.1628030Z Current runner version: '2.321.0'
2025-01-21T13:57:39.1647220Z ##[group]Operating System
2025-01-21T13:57:39.1647830Z macOS
2025-01-21T13:57:39.1648130Z 14.7.2
2025-01-21T13:57:39.1648430Z 23H311
2025-01-21T13:57:39.1648740Z ##[endgroup]
2025-01-21T13:57:39.1649060Z ##[group]Runner Image
2025-01-21T13:57:39.1649400Z Image: macos-14-arm64
2025-01-21T13:57:39.1649720Z Version: 20250113.751
2025-01-21T13:57:39.1650410Z Included Software: https://github.com/actions/runner-images/blob/macos-14-arm64/20250113.751/images/macos/macos-14-arm64-Readme.md
2025-01-21T13:57:39.1651420Z Image Release: https://github.com/actions/runner-images/releases/tag/macos-14-arm64%2F20250113.751
2025-01-21T13:57:39.1652000Z ##[endgroup]
2025-01-21T13:57:39.1652300Z ##[group]Runner Image Provisioner
2025-01-21T13:57:39.1652700Z 2.0.414.1+2ecee806bcbb7b5d267443ac0090547f461e95b1
2025-01-21T13:57:39.1653100Z ##[endgroup]
2025-01-21T13:57:39.1654500Z ##[group]GITHUB_TOKEN Permissions
2025-01-21T13:57:39.1655730Z Actions: read
2025-01-21T13:57:39.1656060Z Attestations: read
2025-01-21T13:57:39.1656360Z Checks: read
2025-01-21T13:57:39.1656650Z Contents: read
2025-01-21T13:57:39.1656950Z Deployments: read
2025-01-21T13:57:39.1657260Z Discussions: read
2025-01-21T13:57:39.1657550Z Issues: read
2025-01-21T13:57:39.1657840Z Metadata: read
2025-01-21T13:57:39.1658140Z Packages: read
2025-01-21T13:57:39.1658430Z Pages: read
2025-01-21T13:57:39.1658720Z PullRequests: read
2025-01-21T13:57:39.1659040Z RepositoryProjects: read
2025-01-21T13:57:39.1659370Z SecurityEvents: read
2025-01-21T13:57:39.1659690Z Statuses: read
2025-01-21T13:57:39.1659990Z ##[endgroup]
2025-01-21T13:57:39.1661970Z Secret source: None
2025-01-21T13:57:39.1662450Z Prepare workflow directory
2025-01-21T13:57:39.2154940Z Prepare all required actions
2025-01-21T13:57:39.2183820Z Getting action download info
2025-01-21T13:57:39.3700990Z Download action repository 'actions/checkout@v4' (SHA:11bd71901bbe5b1630ceea73d27597364c9af683)
2025-01-21T13:57:39.6123200Z Download action repository 'actions/upload-artifact@v4' (SHA:65c4c4a1ddee5b72f698fdd19549f0f0fb45cf08)
2025-01-21T13:57:40.9137740Z Complete job name:  continuum macos-latest 
2025-01-21T13:57:40.9833280Z ##[group]Run actions/checkout@v4
2025-01-21T13:57:40.9833820Z with:
2025-01-21T13:57:40.9834120Z   repository: tardis-sn/tardis
2025-01-21T13:57:40.9834630Z   token: ***
2025-01-21T13:57:40.9834920Z   ssh-strict: true
2025-01-21T13:57:40.9835220Z   ssh-user: git
2025-01-21T13:57:40.9835520Z   persist-credentials: true
2025-01-21T13:57:40.9835890Z   clean: true
2025-01-21T13:57:40.9836190Z   sparse-checkout-cone-mode: true
2025-01-21T13:57:40.9836550Z   fetch-depth: 1
2025-01-21T13:57:40.9836840Z   fetch-tags: false
2025-01-21T13:57:40.9837140Z   show-progress: true
2025-01-21T13:57:40.9837440Z   lfs: false
2025-01-21T13:57:40.9837740Z   submodules: false
2025-01-21T13:57:40.9838050Z   set-safe-directory: true
2025-01-21T13:57:40.9838490Z env:
2025-01-21T13:57:40.9838760Z   CACHE_NUMBER: 0
2025-01-21T13:57:40.9839620Z   PYTEST_FLAGS: --tardis-regression-data=/Users/runner/work/tardis/tardis/tardis-regression-data --cov=tardis --cov-report=xml --cov-report=html --cov-append
2025-01-21T13:57:40.9840600Z   CODECOV_TOKEN: 
2025-01-21T13:57:40.9840890Z ##[endgroup]
2025-01-21T13:57:41.5243830Z Syncing repository: tardis-sn/tardis
2025-01-21T13:57:41.5245330Z ##[group]Getting Git version info
2025-01-21T13:57:41.5245840Z Working directory is '/Users/runner/work/tardis/tardis'
2025-01-21T13:57:41.5504740Z [command]/opt/homebrew/bin/git version
2025-01-21T13:57:41.6140520Z git version 2.48.0
2025-01-21T13:57:41.6168610Z ##[endgroup]
2025-01-21T13:57:41.6178070Z Copying '/Users/runner/.gitconfig' to '/Users/runner/work/_temp/1f6a2ef2-4df6-4aeb-95fd-fba848d3a6eb/.gitconfig'
2025-01-21T13:57:41.6184030Z Temporarily overriding HOME='/Users/runner/work/_temp/1f6a2ef2-4df6-4aeb-95fd-fba848d3a6eb' before making global git config changes
2025-01-21T13:57:41.6185240Z Adding repository directory to the temporary git global config as a safe directory
2025-01-21T13:57:41.6189020Z [command]/opt/homebrew/bin/git config --global --add safe.directory /Users/runner/work/tardis/tardis
2025-01-21T13:57:41.6690750Z Deleting the contents of '/Users/runner/work/tardis/tardis'
2025-01-21T13:57:41.6696000Z ##[group]Initializing the repository
2025-01-21T13:57:41.6704210Z [command]/opt/homebrew/bin/git init /Users/runner/work/tardis/tardis
2025-01-21T13:57:41.6913460Z hint: Using 'master' as the name for the initial branch. This default branch name
2025-01-21T13:57:41.6914560Z hint: is subject to change. To configure the initial branch name to use in all
2025-01-21T13:57:41.6915320Z hint: of your new repositories, which will suppress this warning, call:
2025-01-21T13:57:41.6916000Z hint:
2025-01-21T13:57:41.6916470Z hint: 	git config --global init.defaultBranch <name>
2025-01-21T13:57:41.6917080Z hint:
2025-01-21T13:57:41.6917640Z hint: Names commonly chosen instead of 'master' are 'main', 'trunk' and
2025-01-21T13:57:41.6918450Z hint: 'development'. The just-created branch can be renamed via this command:
2025-01-21T13:57:41.6919060Z hint:
2025-01-21T13:57:41.6919380Z hint: 	git branch -m <name>
2025-01-21T13:57:41.6919930Z Initialized empty Git repository in /Users/runner/work/tardis/tardis/.git/
2025-01-21T13:57:41.6921470Z [command]/opt/homebrew/bin/git remote add origin https://github.com/tardis-sn/tardis
2025-01-21T13:57:41.7289310Z ##[endgroup]
2025-01-21T13:57:41.7290140Z ##[group]Disabling automatic garbage collection
2025-01-21T13:57:41.7291650Z [command]/opt/homebrew/bin/git config --local gc.auto 0
2025-01-21T13:57:41.7502340Z ##[endgroup]
2025-01-21T13:57:41.7503310Z ##[group]Setting up auth
2025-01-21T13:57:41.7503980Z [command]/opt/homebrew/bin/git config --local --name-only --get-regexp core\.sshCommand
2025-01-21T13:57:41.7506560Z [command]/opt/homebrew/bin/git submodule foreach --recursive sh -c "git config --local --name-only --get-regexp 'core\.sshCommand' && git config --local --unset-all 'core.sshCommand' || :"
2025-01-21T13:57:41.8970740Z [command]/opt/homebrew/bin/git config --local --name-only --get-regexp http\.https\:\/\/github\.com\/\.extraheader
2025-01-21T13:57:41.9028140Z [command]/opt/homebrew/bin/git submodule foreach --recursive sh -c "git config --local --name-only --get-regexp 'http\.https\:\/\/github\.com\/\.extraheader' && git config --local --unset-all 'http.https://github.com/.extraheader' || :"
2025-01-21T13:57:41.9972830Z [command]/opt/homebrew/bin/git config --local http.https://github.com/.extraheader AUTHORIZATION: basic ***
2025-01-21T13:57:42.0334280Z ##[endgroup]
2025-01-21T13:57:42.0334980Z ##[group]Fetching the repository
2025-01-21T13:57:42.0340890Z [command]/opt/homebrew/bin/git -c protocol.version=2 fetch --no-tags --prune --no-recurse-submodules --depth=1 origin +7a3f0ada3863ffe3cb48a2005c5d0dcbfe9ad443:refs/remotes/pull/2872/merge
2025-01-21T13:57:44.5329800Z From https://github.com/tardis-sn/tardis
2025-01-21T13:57:44.5330590Z  * [new ref]         7a3f0ada3863ffe3cb48a2005c5d0dcbfe9ad443 -> pull/2872/merge
2025-01-21T13:57:44.5500840Z ##[endgroup]
2025-01-21T13:57:44.5501460Z ##[group]Determining the checkout info
2025-01-21T13:57:44.5502040Z ##[endgroup]
2025-01-21T13:57:44.5504570Z [command]/opt/homebrew/bin/git sparse-checkout disable
2025-01-21T13:57:44.5847360Z [command]/opt/homebrew/bin/git config --local --unset-all extensions.worktreeConfig
2025-01-21T13:57:44.6040880Z ##[group]Checking out the ref
2025-01-21T13:57:44.6041590Z [command]/opt/homebrew/bin/git checkout --progress --force refs/remotes/pull/2872/merge
2025-01-21T13:57:45.0244290Z HEAD is now at 7a3f0ad Merge 93b73bc32ebe0438d1b4f255864b640c2d5bb174 into aa180cf97513f46d6d3b617c05907691f413c057
2025-01-21T13:57:45.0258840Z ##[endgroup]
2025-01-21T13:57:45.0352750Z [command]/opt/homebrew/bin/git log -1 --format=%H
2025-01-21T13:57:45.0459000Z 7a3f0ada3863ffe3cb48a2005c5d0dcbfe9ad443
2025-01-21T13:57:45.0907070Z Prepare all required actions
2025-01-21T13:57:45.0907400Z Getting action download info
2025-01-21T13:57:45.2103350Z Download action repository 'mamba-org/setup-micromamba@v2' (SHA:0dea6379afdaffa5d528b3d1dabc45da37f443fc)
2025-01-21T13:57:46.3488430Z ##[group]Run ./.github/actions/setup_env
2025-01-21T13:57:46.3488700Z with:
2025-01-21T13:57:46.3488890Z   os-label: osx-arm64
2025-01-21T13:57:46.3489050Z env:
2025-01-21T13:57:46.3489270Z   CACHE_NUMBER: 0
2025-01-21T13:57:46.3489760Z   PYTEST_FLAGS: --tardis-regression-data=/Users/runner/work/tardis/tardis/tardis-regression-data --cov=tardis --cov-report=xml --cov-report=html --cov-append
2025-01-21T13:57:46.3490310Z   CODECOV_TOKEN: 
2025-01-21T13:57:46.3490450Z ##[endgroup]
2025-01-21T13:57:46.3584790Z ##[group]Run mamba-org/setup-micromamba@v2
2025-01-21T13:57:46.3584980Z with:
2025-01-21T13:57:46.3585090Z   init-shell: bash
2025-01-21T13:57:46.3585240Z   create-args: conda-lock
2025-01-21T13:57:46.3585450Z   environment-name: tardis-base
2025-01-21T13:57:46.3585730Z   micromamba-binary-path: /Users/runner/work/tardis/tardis/setup_env/micromamba
2025-01-21T13:57:46.3586030Z env:
2025-01-21T13:57:46.3586200Z   CACHE_NUMBER: 0
2025-01-21T13:57:46.3586660Z   PYTEST_FLAGS: --tardis-regression-data=/Users/runner/work/tardis/tardis/tardis-regression-data --cov=tardis --cov-report=xml --cov-report=html --cov-append
2025-01-21T13:57:46.3587130Z   CODECOV_TOKEN: 
2025-01-21T13:57:46.3587250Z ##[endgroup]
2025-01-21T13:57:46.4735990Z Will download micromamba to /Users/runner/work/tardis/tardis/setup_env/micromamba
2025-01-21T13:57:46.4740680Z ##[group]Install micromamba
2025-01-21T13:57:47.3693600Z micromamba installed to /Users/runner/work/tardis/tardis/setup_env/micromamba
2025-01-21T13:57:47.3695250Z ##[endgroup]
2025-01-21T13:57:47.3696080Z Adding conda-forge to condarc channels ...
2025-01-21T13:57:47.3701110Z ##[group]Initialize micromamba for bash.
2025-01-21T13:57:47.3712920Z [command]/Users/runner/work/tardis/tardis/setup_env/micromamba shell init -s bash -r /Users/runner/micromamba --log-level warning --rc-file /Users/runner/work/_temp/setup-micromamba/.condarc
2025-01-21T13:57:47.3894500Z Running `shell init`, which:
2025-01-21T13:57:47.3895690Z  - modifies RC file: "/Users/runner/.bash_profile"
2025-01-21T13:57:47.3896300Z  - generates config for root prefix: [1m"/Users/runner/micromamba"[0m
2025-01-21T13:57:47.3896910Z  - sets mamba executable to: [1m"/Users/runner/work/tardis/tardis/setup_env/micromamba"[0m
2025-01-21T13:57:47.3897310Z The following has been added in your "/Users/runner/.bash_profile" file
2025-01-21T13:57:47.3897550Z 
2025-01-21T13:57:47.3897620Z # >>> mamba initialize >>>
2025-01-21T13:57:47.3897870Z # !! Contents within this block are managed by 'micromamba shell init' !!
2025-01-21T13:57:47.3898230Z export MAMBA_EXE='/Users/runner/work/tardis/tardis/setup_env/micromamba';
2025-01-21T13:57:47.3898560Z export MAMBA_ROOT_PREFIX='/Users/runner/micromamba';
2025-01-21T13:57:47.3898970Z __mamba_setup="$("$MAMBA_EXE" shell hook --shell bash --root-prefix "$MAMBA_ROOT_PREFIX" 2> /dev/null)"
2025-01-21T13:57:47.3899300Z if [ $? -eq 0 ]; then
2025-01-21T13:57:47.3899470Z     eval "$__mamba_setup"
2025-01-21T13:57:47.3899620Z else
2025-01-21T13:57:47.3899830Z     alias micromamba="$MAMBA_EXE"  # Fallback on help from micromamba activate
2025-01-21T13:57:47.3900130Z fi
2025-01-21T13:57:47.3900250Z unset __mamba_setup
2025-01-21T13:57:47.3900400Z # <<< mamba initialize <<<
2025-01-21T13:57:47.3900510Z 
2025-01-21T13:57:47.3902560Z ##[endgroup]
2025-01-21T13:57:47.3909970Z ##[group]Install environment `tardis-base`
2025-01-21T13:57:47.3912160Z [command]/Users/runner/work/tardis/tardis/setup_env/micromamba create -y -r /Users/runner/micromamba -n tardis-base conda-lock --log-level warning --rc-file /Users/runner/work/_temp/setup-micromamba/.condarc
2025-01-21T13:57:52.3881280Z 
2025-01-21T13:57:52.5191550Z 
2025-01-21T13:57:52.5293520Z Transaction
2025-01-21T13:57:52.5393470Z 
2025-01-21T13:57:52.5451310Z   Prefix: /Users/runner/micromamba/envs/tardis-base
2025-01-21T13:57:52.5451810Z 
2025-01-21T13:57:52.5451950Z   Updating specs:
2025-01-21T13:57:52.5452230Z 
2025-01-21T13:57:52.5453980Z    - conda-lock
2025-01-21T13:57:52.5462860Z 
2025-01-21T13:57:52.5462860Z 
2025-01-21T13:57:52.5463000Z   Package                           Version  Build               Channel          Size
2025-01-21T13:57:52.5464490Z ────────────────────────────────────────────────────────────────────────────────────────
2025-01-21T13:57:52.5464900Z   Install:
2025-01-21T13:57:52.5465260Z ────────────────────────────────────────────────────────────────────────────────────────
2025-01-21T13:57:52.5465460Z 
2025-01-21T13:57:52.5465610Z   + annotated-types                   0.7.0  pyhd8ed1ab_1        conda-forge      18kB
2025-01-21T13:57:52.5465970Z   + appdirs                           1.4.4  pyhd8ed1ab_1        conda-forge      15kB
2025-01-21T13:57:52.5466360Z   + backports                           1.0  pyhd8ed1ab_5        conda-forge       7kB
2025-01-21T13:57:52.5466820Z   + backports.tarfile                 1.2.0  pyhd8ed1ab_1        conda-forge      33kB
2025-01-21T13:57:52.5467430Z   + brotli-python                     1.1.0  py313h3579c5c_2     conda-forge     339kB
2025-01-21T13:57:52.5467870Z   + bzip2                             1.0.8  h99b78c6_7          conda-forge     123kB
2025-01-21T13:57:52.5468280Z   + ca-certificates              2024.12.14  hf0a4a13_0          conda-forge     157kB
2025-01-21T13:57:52.5468750Z   + cachecontrol                     0.14.2  pyha770c72_0        conda-forge      23kB
2025-01-21T13:57:52.5472020Z   + cachecontrol-with-filecache      0.14.2  pyhd8ed1ab_0        conda-forge       7kB
2025-01-21T13:57:52.5473470Z   + cachy                             0.3.0  pyhd8ed1ab_2        conda-forge      23kB
2025-01-21T13:57:52.5474460Z   + certifi                      2024.12.14  pyhd8ed1ab_0        conda-forge     162kB
2025-01-21T13:57:52.5475550Z   + charset-normalizer                3.4.1  pyhd8ed1ab_0        conda-forge      47kB
2025-01-21T13:57:52.5476570Z   + click                             8.1.8  pyh707e725_0        conda-forge      85kB
2025-01-21T13:57:52.5478190Z   + click-default-group               1.2.4  pyhd8ed1ab_1        conda-forge      10kB
2025-01-21T13:57:52.5513340Z   + clikit                            0.6.2  pyhd8ed1ab_3        conda-forge      64kB
2025-01-21T13:57:52.5513920Z   + conda-lock                        2.5.7  pyhd8ed1ab_1        conda-forge     884kB
2025-01-21T13:57:52.5514380Z   + crashtest                         0.4.1  pyhd8ed1ab_1        conda-forge      12kB
2025-01-21T13:57:52.5514750Z   + distlib                           0.3.9  pyhd8ed1ab_1        conda-forge     274kB
2025-01-21T13:57:52.5515230Z   + ensureconda                       1.4.4  pyhd8ed1ab_1        conda-forge      14kB
2025-01-21T13:57:52.5515640Z   + filelock                         3.16.1  pyhd8ed1ab_1        conda-forge      17kB
2025-01-21T13:57:52.5516160Z   + gitdb                            4.0.12  pyhd8ed1ab_0        conda-forge      53kB
2025-01-21T13:57:52.5516650Z   + gitpython                        3.1.44  pyhff2d567_0        conda-forge     157kB
2025-01-21T13:57:52.5517030Z   + html5lib                            1.1  pyhd8ed1ab_2        conda-forge      95kB
2025-01-21T13:57:52.5517410Z   + idna                               3.10  pyhd8ed1ab_1        conda-forge      50kB
2025-01-21T13:57:52.5517800Z   + importlib-metadata                8.6.1  pyha770c72_0        conda-forge      29kB
2025-01-21T13:57:52.5518210Z   + importlib_resources               6.5.2  pyhd8ed1ab_0        conda-forge      34kB
2025-01-21T13:57:52.5518600Z   + jaraco.classes                    3.4.0  pyhd8ed1ab_2        conda-forge      12kB
2025-01-21T13:57:52.5519040Z   + jaraco.context                    6.0.1  pyhd8ed1ab_0        conda-forge      12kB
2025-01-21T13:57:52.5519440Z   + jaraco.functools                  4.1.0  pyhd8ed1ab_0        conda-forge      16kB
2025-01-21T13:57:52.5520430Z   + jinja2                            3.1.5  pyhd8ed1ab_0        conda-forge     113kB
2025-01-21T13:57:52.5520920Z   + keyring                          25.6.0  pyh534df25_0        conda-forge      37kB
2025-01-21T13:57:52.5521470Z   + libcxx                           19.1.7  ha82da77_0          conda-forge     524kB
2025-01-21T13:57:52.5521810Z   + libexpat                          2.6.4  h286801f_0          conda-forge      65kB
2025-01-21T13:57:52.5522140Z   + libffi                            3.4.2  h3422bc3_5          conda-forge      39kB
2025-01-21T13:57:52.5522440Z   + liblzma                           5.6.3  h39f12f2_1          conda-forge      99kB
2025-01-21T13:57:52.5522790Z   + libmpdec                          4.0.0  h99b78c6_0          conda-forge      69kB
2025-01-21T13:57:52.5523210Z   + libsqlite                        3.48.0  h3f77e49_0          conda-forge     853kB
2025-01-21T13:57:52.5523580Z   + libzlib                           1.3.1  h8359307_2          conda-forge      46kB
2025-01-21T13:57:52.5523930Z   + markupsafe                        3.0.2  py313ha9b7d5b_1     conda-forge      25kB
2025-01-21T13:57:52.5524340Z   + more-itertools                   10.6.0  pyhd8ed1ab_0        conda-forge      59kB
2025-01-21T13:57:52.5524720Z   + msgpack-python                    1.1.0  py313hf9c7212_0     conda-forge      92kB
2025-01-21T13:57:52.5525080Z   + ncurses                             6.5  h5e97a16_2          conda-forge     797kB
2025-01-21T13:57:52.5525500Z   + openssl                           3.4.0  h81ee809_1          conda-forge       3MB
2025-01-21T13:57:52.5525840Z   + packaging                          24.2  pyhd8ed1ab_2        conda-forge      60kB
2025-01-21T13:57:52.5526170Z   + pastel                            0.2.1  pyhd8ed1ab_0        conda-forge      10kB
2025-01-21T13:57:52.5526460Z   + pip                              24.3.1  pyh145f28c_2        conda-forge       1MB
2025-01-21T13:57:52.5526810Z   + pkginfo                          1.12.0  pyhd8ed1ab_1        conda-forge      30kB
2025-01-21T13:57:52.5527240Z   + platformdirs                      4.3.6  pyhd8ed1ab_1        conda-forge      20kB
2025-01-21T13:57:52.5527610Z   + pydantic                         2.10.5  pyh3cfb1c2_0        conda-forge     297kB
2025-01-21T13:57:52.5527970Z   + pydantic-core                    2.27.2  py313hdde674f_0     conda-forge       2MB
2025-01-21T13:57:52.5528380Z   + pylev                             1.4.0  pyhd8ed1ab_0        conda-forge       9kB
2025-01-21T13:57:52.5528730Z   + pysocks                           1.7.1  pyha55dd90_7        conda-forge      21kB
2025-01-21T13:57:52.5529040Z   + python                           3.13.1  h4f43103_105_cp313  conda-forge      13MB
2025-01-21T13:57:52.5529450Z   + python_abi                         3.13  5_cp313             conda-forge       6kB
2025-01-21T13:57:52.5529810Z   + pyyaml                            6.0.2  py313ha9b7d5b_2     conda-forge     194kB
2025-01-21T13:57:52.5530160Z   + readline                            8.2  h92ec313_1          conda-forge     250kB
2025-01-21T13:57:52.5530530Z   + requests                         2.32.3  pyhd8ed1ab_1        conda-forge      59kB
2025-01-21T13:57:52.5530990Z   + ruamel.yaml                     0.18.10  py313h90d716c_0     conda-forge     270kB
2025-01-21T13:57:52.5531570Z   + ruamel.yaml.clib                  0.2.8  py313h63a2874_1     conda-forge     116kB
2025-01-21T13:57:52.5531900Z   + setuptools                       75.8.0  pyhff2d567_0        conda-forge     776kB
2025-01-21T13:57:52.5532200Z   + six                              1.17.0  pyhd8ed1ab_0        conda-forge      16kB
2025-01-21T13:57:52.5532510Z   + smmap                             5.0.0  pyhd8ed1ab_0        conda-forge      22kB
2025-01-21T13:57:52.5532790Z   + tk                               8.6.13  h5083fa2_1          conda-forge       3MB
2025-01-21T13:57:52.5533070Z   + tomli                             2.2.1  pyhd8ed1ab_1        conda-forge      19kB
2025-01-21T13:57:52.5533630Z   + tomlkit                          0.13.2  pyha770c72_1        conda-forge      37kB
2025-01-21T13:57:52.5533980Z   + toolz                            0.12.1  pyhd8ed1ab_0        conda-forge      52kB
2025-01-21T13:57:52.5534320Z   + typing-extensions                4.12.2  hd8ed1ab_1          conda-forge      10kB
2025-01-21T13:57:52.5535060Z   + typing_extensions                4.12.2  pyha770c72_1        conda-forge      40kB
2025-01-21T13:57:52.5535470Z   + tzdata                            2025a  h78e105d_0          conda-forge     123kB
2025-01-21T13:57:52.5535770Z   + urllib3                         1.26.19  pyhd8ed1ab_0        conda-forge     115kB
2025-01-21T13:57:52.5536110Z   + virtualenv                      20.29.1  pyhd8ed1ab_0        conda-forge       4MB
2025-01-21T13:57:52.5536440Z   + webencodings                      0.5.1  pyhd8ed1ab_3        conda-forge      15kB
2025-01-21T13:57:52.5537000Z   + yaml                              0.2.5  h3422bc3_2          conda-forge      88kB
2025-01-21T13:57:52.5537420Z   + zipp                             3.21.0  pyhd8ed1ab_1        conda-forge      22kB
2025-01-21T13:57:52.5537600Z 
2025-01-21T13:57:52.5537690Z   Summary:
2025-01-21T13:57:52.5537830Z 
2025-01-21T13:57:52.5537890Z   Install: 74 packages
2025-01-21T13:57:52.5538050Z 
2025-01-21T13:57:52.5538150Z   Total download: 34MB
2025-01-21T13:57:52.5538260Z 
2025-01-21T13:57:52.5538840Z ────────────────────────────────────────────────────────────────────────────────────────
2025-01-21T13:57:52.5539120Z 
2025-01-21T13:57:52.5539120Z 
2025-01-21T13:57:52.5539130Z 
2025-01-21T13:57:52.5539250Z Transaction starting
2025-01-21T13:57:54.5217110Z Linking libexpat-2.6.4-h286801f_0
2025-01-21T13:57:54.5232870Z Linking libmpdec-4.0.0-h99b78c6_0
2025-01-21T13:57:54.5240710Z Linking python_abi-3.13-5_cp313
2025-01-21T13:57:54.5244950Z Linking ncurses-6.5-h5e97a16_2
2025-01-21T13:57:57.7480330Z Linking bzip2-1.0.8-h99b78c6_7
2025-01-21T13:57:57.7525030Z Linking liblzma-5.6.3-h39f12f2_1
2025-01-21T13:57:57.7530920Z Linking libzlib-1.3.1-h8359307_2
2025-01-21T13:57:57.7537940Z Linking libffi-3.4.2-h3422bc3_5
2025-01-21T13:57:57.7703960Z Linking ca-certificates-2024.12.14-hf0a4a13_0
2025-01-21T13:57:57.7709960Z Linking libcxx-19.1.7-ha82da77_0
2025-01-21T13:57:57.7720150Z Linking yaml-0.2.5-h3422bc3_2
2025-01-21T13:57:57.7733630Z Linking readline-8.2-h92ec313_1
2025-01-21T13:57:57.7784350Z Linking tk-8.6.13-h5083fa2_1
2025-01-21T13:57:57.9490960Z Linking libsqlite-3.48.0-h3f77e49_0
2025-01-21T13:57:57.9614320Z Linking openssl-3.4.0-h81ee809_1
2025-01-21T13:57:58.0355350Z Linking tzdata-2025a-h78e105d_0
2025-01-21T13:57:58.1709990Z Linking python-3.13.1-h4f43103_105_cp313
2025-01-21T13:57:58.8056800Z Linking pip-24.3.1-pyh145f28c_2
2025-01-21T13:57:58.9224030Z Linking backports-1.0-pyhd8ed1ab_5
2025-01-21T13:57:58.9265540Z Linking appdirs-1.4.4-pyhd8ed1ab_1
2025-01-21T13:57:58.9265930Z Linking smmap-5.0.0-pyhd8ed1ab_0
2025-01-21T13:57:58.9309770Z Linking webencodings-0.5.1-pyhd8ed1ab_3
2025-01-21T13:57:58.9348540Z Linking six-1.17.0-pyhd8ed1ab_0
2025-01-21T13:57:58.9375380Z Linking zipp-3.21.0-pyhd8ed1ab_1
2025-01-21T13:57:58.9416810Z Linking more-itertools-10.6.0-pyhd8ed1ab_0
2025-01-21T13:57:58.9456830Z Linking idna-3.10-pyhd8ed1ab_1
2025-01-21T13:57:58.9498390Z Linking charset-normalizer-3.4.1-pyhd8ed1ab_0
2025-01-21T13:57:58.9566110Z Linking certifi-2024.12.14-pyhd8ed1ab_0
2025-01-21T13:57:58.9600220Z Linking pysocks-1.7.1-pyha55dd90_7
2025-01-21T13:57:58.9631710Z Linking platformdirs-4.3.6-pyhd8ed1ab_1
2025-01-21T13:57:58.9674960Z Linking distlib-0.3.9-pyhd8ed1ab_1
2025-01-21T13:57:58.9782770Z Linking filelock-3.16.1-pyhd8ed1ab_1
2025-01-21T13:57:58.9827590Z Linking pylev-1.4.0-pyhd8ed1ab_0
2025-01-21T13:57:58.9878320Z Linking pastel-0.2.1-pyhd8ed1ab_0
2025-01-21T13:57:58.9924600Z Linking typing_extensions-4.12.2-pyha770c72_1
2025-01-21T13:57:59.0026560Z Linking toolz-0.12.1-pyhd8ed1ab_0
2025-01-21T13:57:59.0056410Z Linking tomlkit-0.13.2-pyha770c72_1
2025-01-21T13:57:59.0123360Z Linking tomli-2.2.1-pyhd8ed1ab_1
2025-01-21T13:57:59.0157450Z Linking setuptools-75.8.0-pyhff2d567_0
2025-01-21T13:57:59.2020520Z Linking pkginfo-1.12.0-pyhd8ed1ab_1
2025-01-21T13:57:59.2158760Z Linking packaging-24.2-pyhd8ed1ab_2
2025-01-21T13:57:59.2268990Z Linking crashtest-0.4.1-pyhd8ed1ab_1
2025-01-21T13:57:59.2388080Z Linking click-8.1.8-pyh707e725_0
2025-01-21T13:57:59.2510050Z Linking cachy-0.3.0-pyhd8ed1ab_2
2025-01-21T13:57:59.2621820Z Linking backports.tarfile-1.2.0-pyhd8ed1ab_1
2025-01-21T13:57:59.2733000Z Linking gitdb-4.0.12-pyhd8ed1ab_0
2025-01-21T13:57:59.2836150Z Linking html5lib-1.1-pyhd8ed1ab_2
2025-01-21T13:57:59.2850880Z Linking importlib_resources-6.5.2-pyhd8ed1ab_0
2025-01-21T13:57:59.3003360Z Linking importlib-metadata-8.6.1-pyha770c72_0
2025-01-21T13:57:59.3275680Z Linking jaraco.functools-4.1.0-pyhd8ed1ab_0
2025-01-21T13:57:59.3377640Z Linking jaraco.classes-3.4.0-pyhd8ed1ab_2
2025-01-21T13:57:59.3479530Z Linking virtualenv-20.29.1-pyhd8ed1ab_0
2025-01-21T13:57:59.4201930Z Linking clikit-0.6.2-pyhd8ed1ab_3
2025-01-21T13:57:59.4899380Z Linking typing-extensions-4.12.2-hd8ed1ab_1
2025-01-21T13:57:59.5000950Z Linking click-default-group-1.2.4-pyhd8ed1ab_1
2025-01-21T13:57:59.5105750Z Linking jaraco.context-6.0.1-pyhd8ed1ab_0
2025-01-21T13:57:59.5207370Z Linking gitpython-3.1.44-pyhff2d567_0
2025-01-21T13:57:59.5308690Z Linking annotated-types-0.7.0-pyhd8ed1ab_1
2025-01-21T13:57:59.5409880Z Linking keyring-25.6.0-pyh534df25_0
2025-01-21T13:57:59.5512370Z Linking pyyaml-6.0.2-py313ha9b7d5b_2
2025-01-21T13:57:59.5816700Z Linking markupsafe-3.0.2-py313ha9b7d5b_1
2025-01-21T13:57:59.5951540Z Linking msgpack-python-1.1.0-py313hf9c7212_0
2025-01-21T13:57:59.6052680Z Linking ruamel.yaml.clib-0.2.8-py313h63a2874_1
2025-01-21T13:57:59.6155320Z Linking brotli-python-1.1.0-py313h3579c5c_2
2025-01-21T13:57:59.6256060Z Linking pydantic-core-2.27.2-py313hdde674f_0
2025-01-21T13:57:59.6361990Z Linking ruamel.yaml-0.18.10-py313h90d716c_0
2025-01-21T13:57:59.6467250Z Linking jinja2-3.1.5-pyhd8ed1ab_0
2025-01-21T13:57:59.6569910Z Linking urllib3-1.26.19-pyhd8ed1ab_0
2025-01-21T13:57:59.6773600Z Linking pydantic-2.10.5-pyh3cfb1c2_0
2025-01-21T13:57:59.7284250Z Linking requests-2.32.3-pyhd8ed1ab_1
2025-01-21T13:57:59.7386310Z Linking ensureconda-1.4.4-pyhd8ed1ab_1
2025-01-21T13:57:59.7404770Z Linking cachecontrol-0.14.2-pyha770c72_0
2025-01-21T13:57:59.7710540Z Linking cachecontrol-with-filecache-0.14.2-pyhd8ed1ab_0
2025-01-21T13:57:59.7811510Z Linking conda-lock-2.5.7-pyhd8ed1ab_1
2025-01-21T13:58:01.1642070Z 
2025-01-21T13:58:01.1642520Z Transaction finished
2025-01-21T13:58:01.1644690Z 
2025-01-21T13:58:01.1644860Z To activate this environment, use:
2025-01-21T13:58:01.1645000Z 
2025-01-21T13:58:01.1645130Z     micromamba activate tardis-base
2025-01-21T13:58:01.1645350Z 
2025-01-21T13:58:01.1645470Z Or to execute a single command in this environment, use:
2025-01-21T13:58:01.1645710Z 
2025-01-21T13:58:01.1645870Z     micromamba run -n tardis-base mycommand
2025-01-21T13:58:01.1646020Z 
2025-01-21T13:58:01.1765240Z ##[endgroup]
2025-01-21T13:58:01.1766200Z Adding environment tardis-base to auto-activate bash ...
2025-01-21T13:58:01.1782180Z Generating micromamba run shell.
2025-01-21T13:58:01.1794460Z ##[endgroup]
2025-01-21T13:58:01.1798610Z Set environment variables.
2025-01-21T13:58:01.1804080Z ##[group]micromamba info
2025-01-21T13:58:01.1808530Z [command]/Users/runner/work/tardis/tardis/setup_env/micromamba info -r /Users/runner/micromamba -n tardis-base
2025-01-21T13:58:01.2116210Z 
2025-01-21T13:58:01.2118690Z        libmamba version : 2.0.5
2025-01-21T13:58:01.2122430Z      micromamba version : 2.0.5
2025-01-21T13:58:01.2123500Z            curl version : libcurl/8.11.1 (OpenSSL/3.4.0) SecureTransport zlib/1.3.1 zstd/1.5.6 libssh2/1.11.1 nghttp2/1.64.0
2025-01-21T13:58:01.2124920Z      libarchive version : libarchive 3.7.7 zlib/1.3.1 bz2lib/1.0.8 libzstd/1.5.6
2025-01-21T13:58:01.2125830Z        envs directories : /Users/runner/micromamba/envs
2025-01-21T13:58:01.2126590Z           package cache : /Users/runner/micromamba/pkgs
2025-01-21T13:58:01.2127290Z                           /Users/runner/.mamba/pkgs
2025-01-21T13:58:01.2128760Z             environment : tardis-base
2025-01-21T13:58:01.2129370Z            env location : /Users/runner/micromamba/envs/tardis-base
2025-01-21T13:58:01.2130260Z       user config files : /Users/runner/.mambarc
2025-01-21T13:58:01.2131660Z  populated config files : /Users/runner/work/_temp/setup-micromamba/.condarc
2025-01-21T13:58:01.2132530Z        virtual packages : __unix=0=0
2025-01-21T13:58:01.2133250Z                           __osx=14.7.2=0
2025-01-21T13:58:01.2133730Z                           __archspec=1=arm64
2025-01-21T13:58:01.2134520Z                channels : https://conda.anaconda.org/conda-forge/noarch
2025-01-21T13:58:01.2135530Z                           https://conda.anaconda.org/conda-forge/osx-arm64
2025-01-21T13:58:01.2136380Z        base environment : /Users/runner/micromamba
2025-01-21T13:58:01.2137040Z                platform : osx-arm64
2025-01-21T13:58:01.2139020Z ##[endgroup]
2025-01-21T13:58:01.2139990Z ##[group]micromamba list
2025-01-21T13:58:01.2141670Z [command]/Users/runner/work/tardis/tardis/setup_env/micromamba list -r /Users/runner/micromamba -n tardis-base
2025-01-21T13:58:01.8176390Z List of packages in environment: "/Users/runner/micromamba/envs/tardis-base"
2025-01-21T13:58:01.8276820Z 
2025-01-21T13:58:01.8377750Z   Name                         Version     Build               Channel    
2025-01-21T13:58:01.8479190Z ────────────────────────────────────────────────────────────────────────────
2025-01-21T13:58:01.8580380Z   annotated-types              0.7.0       pyhd8ed1ab_1        conda-forge
2025-01-21T13:58:01.8681060Z   appdirs                      1.4.4       pyhd8ed1ab_1        conda-forge
2025-01-21T13:58:01.8781730Z   backports                    1.0         pyhd8ed1ab_5        conda-forge
2025-01-21T13:58:01.8882740Z   backports.tarfile            1.2.0       pyhd8ed1ab_1        conda-forge
2025-01-21T13:58:01.8983880Z   brotli-python                1.1.0       py313h3579c5c_2     conda-forge
2025-01-21T13:58:01.9084190Z   bzip2                        1.0.8       h99b78c6_7          conda-forge
2025-01-21T13:58:01.9091930Z   ca-certificates              2024.12.14  hf0a4a13_0          conda-forge
2025-01-21T13:58:01.9092380Z   cachecontrol                 0.14.2      pyha770c72_0        conda-forge
2025-01-21T13:58:01.9114160Z   cachecontrol-with-filecache  0.14.2      pyhd8ed1ab_0        conda-forge
2025-01-21T13:58:01.9114610Z   cachy                        0.3.0       pyhd8ed1ab_2        conda-forge
2025-01-21T13:58:01.9115080Z   certifi                      2024.12.14  pyhd8ed1ab_0        conda-forge
2025-01-21T13:58:01.9118200Z   charset-normalizer           3.4.1       pyhd8ed1ab_0        conda-forge
2025-01-21T13:58:01.9118620Z   click                        8.1.8       pyh707e725_0        conda-forge
2025-01-21T13:58:01.9119080Z   click-default-group          1.2.4       pyhd8ed1ab_1        conda-forge
2025-01-21T13:58:01.9120420Z   clikit                       0.6.2       pyhd8ed1ab_3        conda-forge
2025-01-21T13:58:01.9120940Z   conda-lock                   2.5.7       pyhd8ed1ab_1        conda-forge
2025-01-21T13:58:01.9121310Z   crashtest                    0.4.1       pyhd8ed1ab_1        conda-forge
2025-01-21T13:58:01.9121680Z   distlib                      0.3.9       pyhd8ed1ab_1        conda-forge
2025-01-21T13:58:01.9121950Z   ensureconda                  1.4.4       pyhd8ed1ab_1        conda-forge
2025-01-21T13:58:01.9122230Z   filelock                     3.16.1      pyhd8ed1ab_1        conda-forge
2025-01-21T13:58:01.9122490Z   gitdb                        4.0.12      pyhd8ed1ab_0        conda-forge
2025-01-21T13:58:01.9122760Z   gitpython                    3.1.44      pyhff2d567_0        conda-forge
2025-01-21T13:58:01.9123020Z   html5lib                     1.1         pyhd8ed1ab_2        conda-forge
2025-01-21T13:58:01.9123330Z   idna                         3.10        pyhd8ed1ab_1        conda-forge
2025-01-21T13:58:01.9123620Z   importlib-metadata           8.6.1       pyha770c72_0        conda-forge
2025-01-21T13:58:01.9124340Z   importlib_resources          6.5.2       pyhd8ed1ab_0        conda-forge
2025-01-21T13:58:01.9124720Z   jaraco.classes               3.4.0       pyhd8ed1ab_2        conda-forge
2025-01-21T13:58:01.9125320Z   jaraco.context               6.0.1       pyhd8ed1ab_0        conda-forge
2025-01-21T13:58:01.9125620Z   jaraco.functools             4.1.0       pyhd8ed1ab_0        conda-forge
2025-01-21T13:58:01.9125970Z   jinja2                       3.1.5       pyhd8ed1ab_0        conda-forge
2025-01-21T13:58:01.9126280Z   keyring                      25.6.0      pyh534df25_0        conda-forge
2025-01-21T13:58:01.9126550Z   libcxx                       19.1.7      ha82da77_0          conda-forge
2025-01-21T13:58:01.9126810Z   libexpat                     2.6.4       h286801f_0          conda-forge
2025-01-21T13:58:01.9127110Z   libffi                       3.4.2       h3422bc3_5          conda-forge
2025-01-21T13:58:01.9127370Z   liblzma                      5.6.3       h39f12f2_1          conda-forge
2025-01-21T13:58:01.9127640Z   libmpdec                     4.0.0       h99b78c6_0          conda-forge
2025-01-21T13:58:01.9127910Z   libsqlite                    3.48.0      h3f77e49_0          conda-forge
2025-01-21T13:58:01.9128220Z   libzlib                      1.3.1       h8359307_2          conda-forge
2025-01-21T13:58:01.9128550Z   markupsafe                   3.0.2       py313ha9b7d5b_1     conda-forge
2025-01-21T13:58:01.9128940Z   more-itertools               10.6.0      pyhd8ed1ab_0        conda-forge
2025-01-21T13:58:01.9129240Z   msgpack-python               1.1.0       py313hf9c7212_0     conda-forge
2025-01-21T13:58:01.9129570Z   ncurses                      6.5         h5e97a16_2          conda-forge
2025-01-21T13:58:01.9129880Z   openssl                      3.4.0       h81ee809_1          conda-forge
2025-01-21T13:58:01.9130200Z   packaging                    24.2        pyhd8ed1ab_2        conda-forge
2025-01-21T13:58:01.9130520Z   pastel                       0.2.1       pyhd8ed1ab_0        conda-forge
2025-01-21T13:58:01.9130920Z   pip                          24.3.1      pyh145f28c_2        conda-forge
2025-01-21T13:58:01.9131230Z   pkginfo                      1.12.0      pyhd8ed1ab_1        conda-forge
2025-01-21T13:58:01.9131510Z   platformdirs                 4.3.6       pyhd8ed1ab_1        conda-forge
2025-01-21T13:58:01.9131890Z   pydantic                     2.10.5      pyh3cfb1c2_0        conda-forge
2025-01-21T13:58:01.9132230Z   pydantic-core                2.27.2      py313hdde674f_0     conda-forge
2025-01-21T13:58:01.9132550Z   pylev                        1.4.0       pyhd8ed1ab_0        conda-forge
2025-01-21T13:58:01.9132910Z   pysocks                      1.7.1       pyha55dd90_7        conda-forge
2025-01-21T13:58:01.9133220Z   python                       3.13.1      h4f43103_105_cp313  conda-forge
2025-01-21T13:58:01.9133530Z   python_abi                   3.13        5_cp313             conda-forge
2025-01-21T13:58:01.9133890Z   pyyaml                       6.0.2       py313ha9b7d5b_2     conda-forge
2025-01-21T13:58:01.9134200Z   readline                     8.2         h92ec313_1          conda-forge
2025-01-21T13:58:01.9134520Z   requests                     2.32.3      pyhd8ed1ab_1        conda-forge
2025-01-21T13:58:01.9134840Z   ruamel.yaml                  0.18.10     py313h90d716c_0     conda-forge
2025-01-21T13:58:01.9135170Z   ruamel.yaml.clib             0.2.8       py313h63a2874_1     conda-forge
2025-01-21T13:58:01.9135540Z   setuptools                   75.8.0      pyhff2d567_0        conda-forge
2025-01-21T13:58:01.9135870Z   six                          1.17.0      pyhd8ed1ab_0        conda-forge
2025-01-21T13:58:01.9136190Z   smmap                        5.0.0       pyhd8ed1ab_0        conda-forge
2025-01-21T13:58:01.9136520Z   tk                           8.6.13      h5083fa2_1          conda-forge
2025-01-21T13:58:01.9136810Z   tomli                        2.2.1       pyhd8ed1ab_1        conda-forge
2025-01-21T13:58:01.9137440Z   tomlkit                      0.13.2      pyha770c72_1        conda-forge
2025-01-21T13:58:01.9137730Z   toolz                        0.12.1      pyhd8ed1ab_0        conda-forge
2025-01-21T13:58:01.9138010Z   typing-extensions            4.12.2      hd8ed1ab_1          conda-forge
2025-01-21T13:58:01.9138660Z   typing_extensions            4.12.2      pyha770c72_1        conda-forge
2025-01-21T13:58:01.9139040Z   tzdata                       2025a       h78e105d_0          conda-forge
2025-01-21T13:58:01.9139350Z   urllib3                      1.26.19     pyhd8ed1ab_0        conda-forge
2025-01-21T13:58:01.9139680Z   virtualenv                   20.29.1     pyhd8ed1ab_0        conda-forge
2025-01-21T13:58:01.9140110Z   webencodings                 0.5.1       pyhd8ed1ab_3        conda-forge
2025-01-21T13:58:01.9140370Z   yaml                         0.2.5       h3422bc3_2          conda-forge
2025-01-21T13:58:01.9140610Z   zipp                         3.21.0      pyhd8ed1ab_1        conda-forge
2025-01-21T13:58:01.9141590Z ##[endgroup]
2025-01-21T13:58:01.9227800Z ##[group]Run mkdir -p /Users/runner/work/tardis/tardis/setup_env/micromamba/envs/tardis
2025-01-21T13:58:01.9228570Z [36;1mmkdir -p /Users/runner/work/tardis/tardis/setup_env/micromamba/envs/tardis[0m
2025-01-21T13:58:01.9229100Z [36;1mconda-lock install --prefix /Users/runner/work/tardis/tardis/setup_env/micromamba/envs/tardis conda-osx-arm64.lock[0m
2025-01-21T13:58:01.9229580Z [36;1mmicromamba activate tardis[0m
2025-01-21T13:58:01.9292290Z shell: /bin/bash -el {0}
2025-01-21T13:58:01.9292460Z env:
2025-01-21T13:58:01.9292570Z   CACHE_NUMBER: 0
2025-01-21T13:58:01.9293070Z   PYTEST_FLAGS: --tardis-regression-data=/Users/runner/work/tardis/tardis/tardis-regression-data --cov=tardis --cov-report=xml --cov-report=html --cov-append
2025-01-21T13:58:01.9293630Z   CODECOV_TOKEN: 
2025-01-21T13:58:01.9293790Z   MAMBA_ROOT_PREFIX: /Users/runner/micromamba
2025-01-21T13:58:01.9294050Z   MAMBA_EXE: /Users/runner/work/tardis/tardis/setup_env/micromamba
2025-01-21T13:58:01.9294390Z   CONDARC: /Users/runner/work/_temp/setup-micromamba/.condarc
2025-01-21T13:58:01.9294650Z ##[endgroup]
2025-01-21T13:58:02.0344810Z mkdir: /Users/runner/work/tardis/tardis/setup_env/micromamba: Not a directory
2025-01-21T13:58:02.0361600Z ##[error]Process completed with exit code 1.
2025-01-21T13:58:02.0473930Z Post job cleanup.
2025-01-21T13:58:02.0504140Z Post job cleanup.
2025-01-21T13:58:02.1693480Z Will download micromamba to /Users/runner/work/tardis/tardis/setup_env/micromamba
2025-01-21T13:58:02.1697170Z Removing micromamba run shell ...
2025-01-21T13:58:02.1699350Z ##[group]Deinitialize micromamba for bash
2025-01-21T13:58:02.1710300Z [command]/Users/runner/work/tardis/tardis/setup_env/micromamba shell deinit -s bash -r /Users/runner/micromamba --log-level warning --rc-file /Users/runner/work/_temp/setup-micromamba/.condarc
2025-01-21T13:58:02.1845550Z Resetting RC file "/Users/runner/.bash_profile"
2025-01-21T13:58:02.1845870Z Deleting config for root prefix 
2025-01-21T13:58:02.1846090Z Clearing mamba executable environment variable
2025-01-21T13:58:02.1852890Z Removing the following in your "/Users/runner/.bash_profile" file
2025-01-21T13:58:02.1853200Z # >>> mamba initialize >>>
2025-01-21T13:58:02.1853440Z ...
2025-01-21T13:58:02.1853600Z # <<< mamba initialize <<<
2025-01-21T13:58:02.1874400Z Removing environment tardis-base from auto-activate bash ...
2025-01-21T13:58:02.1974120Z Post job cleanup.
2025-01-21T13:58:02.2954350Z [command]/opt/homebrew/bin/git version
2025-01-21T13:58:02.3042460Z git version 2.48.0
2025-01-21T13:58:02.3069540Z Copying '/Users/runner/.gitconfig' to '/Users/runner/work/_temp/e228d9df-a232-4478-aa19-bca2ba2c839d/.gitconfig'
2025-01-21T13:58:02.3080700Z Temporarily overriding HOME='/Users/runner/work/_temp/e228d9df-a232-4478-aa19-bca2ba2c839d' before making global git config changes
2025-01-21T13:58:02.3081250Z Adding repository directory to the temporary git global config as a safe directory
2025-01-21T13:58:02.3084040Z [command]/opt/homebrew/bin/git config --global --add safe.directory /Users/runner/work/tardis/tardis
2025-01-21T13:58:02.3146280Z [command]/opt/homebrew/bin/git config --local --name-only --get-regexp core\.sshCommand
2025-01-21T13:58:02.3195760Z [command]/opt/homebrew/bin/git submodule foreach --recursive sh -c "git config --local --name-only --get-regexp 'core\.sshCommand' && git config --local --unset-all 'core.sshCommand' || :"
2025-01-21T13:58:02.3843360Z [command]/opt/homebrew/bin/git config --local --name-only --get-regexp http\.https\:\/\/github\.com\/\.extraheader
2025-01-21T13:58:02.3880770Z http.https://github.com/.extraheader
2025-01-21T13:58:02.3889580Z [command]/opt/homebrew/bin/git config --local --unset-all http.https://github.com/.extraheader
2025-01-21T13:58:02.3934340Z [command]/opt/homebrew/bin/git submodule foreach --recursive sh -c "git config --local --name-only --get-regexp 'http\.https\:\/\/github\.com\/\.extraheader' && git config --local --unset-all 'http.https://github.com/.extraheader' || :"
2025-01-21T13:58:02.5167220Z Cleaning up orphan processes
