2025-01-21T16:25:39.5970354Z Requested labels: ubuntu-latest
2025-01-21T16:25:39.5970595Z Job defined at: tardis-sn/tardis/.github/workflows/tests.yml@refs/pull/2931/merge
2025-01-21T16:25:39.5970744Z Waiting for a runner to pick up this job...
2025-01-21T16:25:41.0098194Z Job is waiting for a hosted runner to come online.
2025-01-21T16:25:44.1709727Z Job is about to start running on the hosted runner: GitHub Actions 8 (hosted)
2025-01-21T16:25:45.5619154Z Current runner version: '2.321.0'
2025-01-21T16:25:45.5646321Z ##[group]Operating System
2025-01-21T16:25:45.5647116Z Ubuntu
2025-01-21T16:25:45.5647632Z 24.04.1
2025-01-21T16:25:45.5648135Z LTS
2025-01-21T16:25:45.5648644Z ##[endgroup]
2025-01-21T16:25:45.5649187Z ##[group]Runner Image
2025-01-21T16:25:45.5649740Z Image: ubuntu-24.04
2025-01-21T16:25:45.5650309Z Version: 20250105.1.0
2025-01-21T16:25:45.5651676Z Included Software: https://github.com/actions/runner-images/blob/ubuntu24/20250105.1/images/ubuntu/Ubuntu2404-Readme.md
2025-01-21T16:25:45.5653076Z Image Release: https://github.com/actions/runner-images/releases/tag/ubuntu24%2F20250105.1
2025-01-21T16:25:45.5653988Z ##[endgroup]
2025-01-21T16:25:45.5654525Z ##[group]Runner Image Provisioner
2025-01-21T16:25:45.5655113Z 2.0.417.1
2025-01-21T16:25:45.5655605Z ##[endgroup]
2025-01-21T16:25:45.5657652Z ##[group]GITHUB_TOKEN Permissions
2025-01-21T16:25:45.5659616Z Actions: read
2025-01-21T16:25:45.5660354Z Attestations: read
2025-01-21T16:25:45.5661342Z Checks: read
2025-01-21T16:25:45.5661864Z Contents: read
2025-01-21T16:25:45.5662370Z Deployments: read
2025-01-21T16:25:45.5662921Z Discussions: read
2025-01-21T16:25:45.5663424Z Issues: read
2025-01-21T16:25:45.5663953Z Metadata: read
2025-01-21T16:25:45.5664513Z Packages: read
2025-01-21T16:25:45.5665010Z Pages: read
2025-01-21T16:25:45.5665503Z PullRequests: read
2025-01-21T16:25:45.5666065Z RepositoryProjects: read
2025-01-21T16:25:45.5666631Z SecurityEvents: read
2025-01-21T16:25:45.5667145Z Statuses: read
2025-01-21T16:25:45.5667686Z ##[endgroup]
2025-01-21T16:25:45.5670611Z Secret source: None
2025-01-21T16:25:45.5671585Z Prepare workflow directory
2025-01-21T16:25:45.6293428Z Prepare all required actions
2025-01-21T16:25:45.6329036Z Getting action download info
2025-01-21T16:25:45.7688189Z Download action repository 'actions/checkout@v4' (SHA:11bd71901bbe5b1630ceea73d27597364c9af683)
2025-01-21T16:25:45.8635235Z Download action repository 'actions/upload-artifact@v4' (SHA:65c4c4a1ddee5b72f698fdd19549f0f0fb45cf08)
2025-01-21T16:25:46.2133890Z Complete job name: not continuum ubuntu-latest 
2025-01-21T16:25:46.2784319Z ##[group]Run actions/checkout@v4
2025-01-21T16:25:46.2785173Z with:
2025-01-21T16:25:46.2785569Z   repository: tardis-sn/tardis
2025-01-21T16:25:46.2786188Z   token: ***
2025-01-21T16:25:46.2786615Z   ssh-strict: true
2025-01-21T16:25:46.2787060Z   ssh-user: git
2025-01-21T16:25:46.2787505Z   persist-credentials: true
2025-01-21T16:25:46.2787996Z   clean: true
2025-01-21T16:25:46.2788444Z   sparse-checkout-cone-mode: true
2025-01-21T16:25:46.2788967Z   fetch-depth: 1
2025-01-21T16:25:46.2789400Z   fetch-tags: false
2025-01-21T16:25:46.2789842Z   show-progress: true
2025-01-21T16:25:46.2790286Z   lfs: false
2025-01-21T16:25:46.2790914Z   submodules: false
2025-01-21T16:25:46.2791373Z   set-safe-directory: true
2025-01-21T16:25:46.2792062Z env:
2025-01-21T16:25:46.2792423Z   CACHE_NUMBER: 0
2025-01-21T16:25:46.2793536Z   PYTEST_FLAGS: --tardis-regression-data=/home/runner/work/tardis/tardis/tardis-regression-data --cov=tardis --cov-report=xml --cov-report=html --cov-append
2025-01-21T16:25:46.2794761Z   CODECOV_TOKEN: 
2025-01-21T16:25:46.2795144Z ##[endgroup]
2025-01-21T16:25:46.4793164Z Syncing repository: tardis-sn/tardis
2025-01-21T16:25:46.4794948Z ##[group]Getting Git version info
2025-01-21T16:25:46.4795627Z Working directory is '/home/runner/work/tardis/tardis'
2025-01-21T16:25:46.4796535Z [command]/usr/bin/git version
2025-01-21T16:25:46.4859603Z git version 2.47.1
2025-01-21T16:25:46.4888381Z ##[endgroup]
2025-01-21T16:25:46.4903938Z Temporarily overriding HOME='/home/runner/work/_temp/4d68bb5d-bb45-436a-9765-25a70a524d6b' before making global git config changes
2025-01-21T16:25:46.4906319Z Adding repository directory to the temporary git global config as a safe directory
2025-01-21T16:25:46.4910195Z [command]/usr/bin/git config --global --add safe.directory /home/runner/work/tardis/tardis
2025-01-21T16:25:46.4946638Z Deleting the contents of '/home/runner/work/tardis/tardis'
2025-01-21T16:25:46.4950520Z ##[group]Initializing the repository
2025-01-21T16:25:46.4955375Z [command]/usr/bin/git init /home/runner/work/tardis/tardis
2025-01-21T16:25:46.5034942Z hint: Using 'master' as the name for the initial branch. This default branch name
2025-01-21T16:25:46.5036007Z hint: is subject to change. To configure the initial branch name to use in all
2025-01-21T16:25:46.5037683Z hint: of your new repositories, which will suppress this warning, call:
2025-01-21T16:25:46.5038843Z hint:
2025-01-21T16:25:46.5039576Z hint: 	git config --global init.defaultBranch <name>
2025-01-21T16:25:46.5040481Z hint:
2025-01-21T16:25:46.5041510Z hint: Names commonly chosen instead of 'master' are 'main', 'trunk' and
2025-01-21T16:25:46.5042388Z hint: 'development'. The just-created branch can be renamed via this command:
2025-01-21T16:25:46.5043060Z hint:
2025-01-21T16:25:46.5043436Z hint: 	git branch -m <name>
2025-01-21T16:25:46.5044111Z Initialized empty Git repository in /home/runner/work/tardis/tardis/.git/
2025-01-21T16:25:46.5051409Z [command]/usr/bin/git remote add origin https://github.com/tardis-sn/tardis
2025-01-21T16:25:46.5085617Z ##[endgroup]
2025-01-21T16:25:46.5086342Z ##[group]Disabling automatic garbage collection
2025-01-21T16:25:46.5089436Z [command]/usr/bin/git config --local gc.auto 0
2025-01-21T16:25:46.5118245Z ##[endgroup]
2025-01-21T16:25:46.5119287Z ##[group]Setting up auth
2025-01-21T16:25:46.5124610Z [command]/usr/bin/git config --local --name-only --get-regexp core\.sshCommand
2025-01-21T16:25:46.5153289Z [command]/usr/bin/git submodule foreach --recursive sh -c "git config --local --name-only --get-regexp 'core\.sshCommand' && git config --local --unset-all 'core.sshCommand' || :"
2025-01-21T16:25:46.5491031Z [command]/usr/bin/git config --local --name-only --get-regexp http\.https\:\/\/github\.com\/\.extraheader
2025-01-21T16:25:46.5525466Z [command]/usr/bin/git submodule foreach --recursive sh -c "git config --local --name-only --get-regexp 'http\.https\:\/\/github\.com\/\.extraheader' && git config --local --unset-all 'http.https://github.com/.extraheader' || :"
2025-01-21T16:25:46.5768580Z [command]/usr/bin/git config --local http.https://github.com/.extraheader AUTHORIZATION: basic ***
2025-01-21T16:25:46.5810120Z ##[endgroup]
2025-01-21T16:25:46.5811555Z ##[group]Fetching the repository
2025-01-21T16:25:46.5823626Z [command]/usr/bin/git -c protocol.version=2 fetch --no-tags --prune --no-recurse-submodules --depth=1 origin +3baeaf8e505cef5cf4e28f9e1c4be732d46424bf:refs/remotes/pull/2931/merge
2025-01-21T16:25:47.7008138Z From https://github.com/tardis-sn/tardis
2025-01-21T16:25:47.7009657Z  * [new ref]         3baeaf8e505cef5cf4e28f9e1c4be732d46424bf -> pull/2931/merge
2025-01-21T16:25:47.7034142Z ##[endgroup]
2025-01-21T16:25:47.7035194Z ##[group]Determining the checkout info
2025-01-21T16:25:47.7036605Z ##[endgroup]
2025-01-21T16:25:47.7042833Z [command]/usr/bin/git sparse-checkout disable
2025-01-21T16:25:47.7082249Z [command]/usr/bin/git config --local --unset-all extensions.worktreeConfig
2025-01-21T16:25:47.7109650Z ##[group]Checking out the ref
2025-01-21T16:25:47.7113190Z [command]/usr/bin/git checkout --progress --force refs/remotes/pull/2931/merge
2025-01-21T16:25:47.9088399Z Note: switching to 'refs/remotes/pull/2931/merge'.
2025-01-21T16:25:47.9090384Z 
2025-01-21T16:25:47.9091585Z You are in 'detached HEAD' state. You can look around, make experimental
2025-01-21T16:25:47.9093996Z changes and commit them, and you can discard any commits you make in this
2025-01-21T16:25:47.9096477Z state without impacting any branches by switching back to a branch.
2025-01-21T16:25:47.9097927Z 
2025-01-21T16:25:47.9098874Z If you want to create a new branch to retain commits you create, you may
2025-01-21T16:25:47.9101216Z do so (now or later) by using -c with the switch command. Example:
2025-01-21T16:25:47.9102480Z 
2025-01-21T16:25:47.9103043Z   git switch -c <new-branch-name>
2025-01-21T16:25:47.9104046Z 
2025-01-21T16:25:47.9104574Z Or undo this operation with:
2025-01-21T16:25:47.9105464Z 
2025-01-21T16:25:47.9106427Z   git switch -
2025-01-21T16:25:47.9107149Z 
2025-01-21T16:25:47.9108262Z Turn off this advice by setting config variable advice.detachedHead to false
2025-01-21T16:25:47.9109841Z 
2025-01-21T16:25:47.9111855Z HEAD is now at 3baeaf8 Merge f85f7b82fa16d1232b21fbd02566068a59fae5a7 into 0fc2c76326b8122f88ddaf369f17a637bbe37c63
2025-01-21T16:25:47.9117925Z ##[endgroup]
2025-01-21T16:25:47.9160517Z [command]/usr/bin/git log -1 --format=%H
2025-01-21T16:25:47.9185088Z 3baeaf8e505cef5cf4e28f9e1c4be732d46424bf
2025-01-21T16:25:47.9478396Z Prepare all required actions
2025-01-21T16:25:47.9479137Z Getting action download info
2025-01-21T16:25:48.0672278Z Download action repository 'actions/cache@v4' (SHA:1bd1e32a3bdc45362d1e726936510720a7c30a57)
2025-01-21T16:25:48.1982494Z ##[group]Run ./.github/actions/setup_lfs
2025-01-21T16:25:48.1983075Z with:
2025-01-21T16:25:48.1983576Z   regression-data-repo: tardis-sn/tardis-regression-data
2025-01-21T16:25:48.1984147Z env:
2025-01-21T16:25:48.1984576Z   CACHE_NUMBER: 0
2025-01-21T16:25:48.1985563Z   PYTEST_FLAGS: --tardis-regression-data=/home/runner/work/tardis/tardis/tardis-regression-data --cov=tardis --cov-report=xml --cov-report=html --cov-append
2025-01-21T16:25:48.1986578Z   CODECOV_TOKEN: 
2025-01-21T16:25:48.1986991Z ##[endgroup]
2025-01-21T16:25:48.2130190Z ##[group]Run actions/checkout@v4
2025-01-21T16:25:48.2130873Z with:
2025-01-21T16:25:48.2131431Z   repository: tardis-sn/tardis-regression-data
2025-01-21T16:25:48.2131995Z   path: tardis-regression-data
2025-01-21T16:25:48.2132678Z   token: ***
2025-01-21T16:25:48.2133101Z   ssh-strict: true
2025-01-21T16:25:48.2133521Z   ssh-user: git
2025-01-21T16:25:48.2133950Z   persist-credentials: true
2025-01-21T16:25:48.2134411Z   clean: true
2025-01-21T16:25:48.2134845Z   sparse-checkout-cone-mode: true
2025-01-21T16:25:48.2135329Z   fetch-depth: 1
2025-01-21T16:25:48.2135745Z   fetch-tags: false
2025-01-21T16:25:48.2136172Z   show-progress: true
2025-01-21T16:25:48.2136603Z   lfs: false
2025-01-21T16:25:48.2137014Z   submodules: false
2025-01-21T16:25:48.2137446Z   set-safe-directory: true
2025-01-21T16:25:48.2137892Z env:
2025-01-21T16:25:48.2138270Z   CACHE_NUMBER: 0
2025-01-21T16:25:48.2139223Z   PYTEST_FLAGS: --tardis-regression-data=/home/runner/work/tardis/tardis/tardis-regression-data --cov=tardis --cov-report=xml --cov-report=html --cov-append
2025-01-21T16:25:48.2140204Z   CODECOV_TOKEN: 
2025-01-21T16:25:48.2140607Z ##[endgroup]
2025-01-21T16:25:48.3062531Z Syncing repository: tardis-sn/tardis-regression-data
2025-01-21T16:25:48.3068939Z ##[group]Getting Git version info
2025-01-21T16:25:48.3069935Z Working directory is '/home/runner/work/tardis/tardis/tardis-regression-data'
2025-01-21T16:25:48.3110456Z [command]/usr/bin/git version
2025-01-21T16:25:48.3151944Z git version 2.47.1
2025-01-21T16:25:48.3177480Z ##[endgroup]
2025-01-21T16:25:48.3189279Z Temporarily overriding HOME='/home/runner/work/_temp/a52b7cd7-ab13-4a51-aed7-8d8ad9619fd4' before making global git config changes
2025-01-21T16:25:48.3190491Z Adding repository directory to the temporary git global config as a safe directory
2025-01-21T16:25:48.3194484Z [command]/usr/bin/git config --global --add safe.directory /home/runner/work/tardis/tardis/tardis-regression-data
2025-01-21T16:25:48.3248905Z ##[group]Initializing the repository
2025-01-21T16:25:48.3250110Z [command]/usr/bin/git init /home/runner/work/tardis/tardis/tardis-regression-data
2025-01-21T16:25:48.3273364Z hint: Using 'master' as the name for the initial branch. This default branch name
2025-01-21T16:25:48.3274959Z hint: is subject to change. To configure the initial branch name to use in all
2025-01-21T16:25:48.3276356Z hint: of your new repositories, which will suppress this warning, call:
2025-01-21T16:25:48.3277215Z hint:
2025-01-21T16:25:48.3277801Z hint: 	git config --global init.defaultBranch <name>
2025-01-21T16:25:48.3278516Z hint:
2025-01-21T16:25:48.3279194Z hint: Names commonly chosen instead of 'master' are 'main', 'trunk' and
2025-01-21T16:25:48.3280240Z hint: 'development'. The just-created branch can be renamed via this command:
2025-01-21T16:25:48.3281658Z hint:
2025-01-21T16:25:48.3282169Z hint: 	git branch -m <name>
2025-01-21T16:25:48.3283212Z Initialized empty Git repository in /home/runner/work/tardis/tardis/tardis-regression-data/.git/
2025-01-21T16:25:48.3288788Z [command]/usr/bin/git remote add origin https://github.com/tardis-sn/tardis-regression-data
2025-01-21T16:25:48.3320166Z ##[endgroup]
2025-01-21T16:25:48.3321135Z ##[group]Disabling automatic garbage collection
2025-01-21T16:25:48.3325787Z [command]/usr/bin/git config --local gc.auto 0
2025-01-21T16:25:48.3356534Z ##[endgroup]
2025-01-21T16:25:48.3357292Z ##[group]Setting up auth
2025-01-21T16:25:48.3363539Z [command]/usr/bin/git config --local --name-only --get-regexp core\.sshCommand
2025-01-21T16:25:48.3392690Z [command]/usr/bin/git submodule foreach --recursive sh -c "git config --local --name-only --get-regexp 'core\.sshCommand' && git config --local --unset-all 'core.sshCommand' || :"
2025-01-21T16:25:48.3616055Z [command]/usr/bin/git config --local --name-only --get-regexp http\.https\:\/\/github\.com\/\.extraheader
2025-01-21T16:25:48.3645324Z [command]/usr/bin/git submodule foreach --recursive sh -c "git config --local --name-only --get-regexp 'http\.https\:\/\/github\.com\/\.extraheader' && git config --local --unset-all 'http.https://github.com/.extraheader' || :"
2025-01-21T16:25:48.3878392Z [command]/usr/bin/git config --local http.https://github.com/.extraheader AUTHORIZATION: basic ***
2025-01-21T16:25:48.3915113Z ##[endgroup]
2025-01-21T16:25:48.3915869Z ##[group]Determining the default branch
2025-01-21T16:25:48.3918372Z Retrieving the default branch name
2025-01-21T16:25:48.5837128Z Default branch 'main'
2025-01-21T16:25:48.5838926Z ##[endgroup]
2025-01-21T16:25:48.5840077Z ##[group]Fetching the repository
2025-01-21T16:25:48.5847046Z [command]/usr/bin/git -c protocol.version=2 fetch --no-tags --prune --no-recurse-submodules --depth=1 origin +refs/heads/main:refs/remotes/origin/main
2025-01-21T16:25:48.9252659Z From https://github.com/tardis-sn/tardis-regression-data
2025-01-21T16:25:48.9253437Z  * [new branch]      main       -> origin/main
2025-01-21T16:25:48.9277447Z ##[endgroup]
2025-01-21T16:25:48.9278133Z ##[group]Determining the checkout info
2025-01-21T16:25:48.9279935Z ##[endgroup]
2025-01-21T16:25:48.9286908Z [command]/usr/bin/git sparse-checkout disable
2025-01-21T16:25:48.9323768Z [command]/usr/bin/git config --local --unset-all extensions.worktreeConfig
2025-01-21T16:25:48.9351228Z ##[group]Checking out the ref
2025-01-21T16:25:48.9355312Z [command]/usr/bin/git checkout --progress --force -B main refs/remotes/origin/main
2025-01-21T16:25:49.0427963Z Switched to a new branch 'main'
2025-01-21T16:25:49.0430303Z branch 'main' set up to track 'origin/main'.
2025-01-21T16:25:49.0697871Z ##[endgroup]
2025-01-21T16:25:49.0736449Z [command]/usr/bin/git log -1 --format=%H
2025-01-21T16:25:49.0759349Z fa7729bc9c30e14b69acd641af8b692b56fcd416
2025-01-21T16:25:49.0894152Z ##[group]Run git lfs ls-files -l | cut -d' ' -f1 | sort > .lfs-assets-id
2025-01-21T16:25:49.0894750Z [36;1mgit lfs ls-files -l | cut -d' ' -f1 | sort > .lfs-assets-id[0m
2025-01-21T16:25:49.0925792Z shell: /usr/bin/bash --noprofile --norc -e -o pipefail {0}
2025-01-21T16:25:49.0926168Z env:
2025-01-21T16:25:49.0926375Z   CACHE_NUMBER: 0
2025-01-21T16:25:49.0927023Z   PYTEST_FLAGS: --tardis-regression-data=/home/runner/work/tardis/tardis/tardis-regression-data --cov=tardis --cov-report=xml --cov-report=html --cov-append
2025-01-21T16:25:49.0927732Z   CODECOV_TOKEN: 
2025-01-21T16:25:49.0927956Z ##[endgroup]
2025-01-21T16:25:49.2539750Z ##[group]Run actions/cache/restore@v4
2025-01-21T16:25:49.2540131Z with:
2025-01-21T16:25:49.2540425Z   path: tardis-regression-data/.git/lfs
2025-01-21T16:25:49.2541273Z   key: Linux-lfs-21f9fa4b6817cc69b9fae3598144724da7828e276a73bd17f47a2a49d9af090a-v1
2025-01-21T16:25:49.2541889Z   enableCrossOsArchive: false
2025-01-21T16:25:49.2542242Z   fail-on-cache-miss: false
2025-01-21T16:25:49.2542796Z   lookup-only: false
2025-01-21T16:25:49.2543053Z env:
2025-01-21T16:25:49.2543276Z   CACHE_NUMBER: 0
2025-01-21T16:25:49.2543929Z   PYTEST_FLAGS: --tardis-regression-data=/home/runner/work/tardis/tardis/tardis-regression-data --cov=tardis --cov-report=xml --cov-report=html --cov-append
2025-01-21T16:25:49.2544625Z   CODECOV_TOKEN: 
2025-01-21T16:25:49.2544847Z ##[endgroup]
2025-01-21T16:25:50.5452183Z Received 310378496 of 1708418946 (18.2%), 295.4 MBs/sec
2025-01-21T16:25:51.5458095Z Received 721420288 of 1708418946 (42.2%), 343.5 MBs/sec
2025-01-21T16:25:52.5476185Z Received 1140850688 of 1708418946 (66.8%), 362.1 MBs/sec
2025-01-21T16:25:53.5487132Z Received 1518338048 of 1708418946 (88.9%), 361.5 MBs/sec
2025-01-21T16:25:54.1304691Z Cache Size: ~1629 MB (1708418946 B)
2025-01-21T16:25:54.1353063Z [command]/usr/bin/tar -xf /home/runner/work/_temp/670e52ee-27c4-4384-99ae-8b55079dc729/cache.tzst -P -C /home/runner/work/tardis/tardis --use-compress-program unzstd
2025-01-21T16:25:54.5495607Z Received 1708418946 of 1708418946 (100.0%), 325.4 MBs/sec
2025-01-21T16:26:00.5088358Z Cache restored successfully
2025-01-21T16:26:00.8359219Z Cache restored from key: Linux-lfs-21f9fa4b6817cc69b9fae3598144724da7828e276a73bd17f47a2a49d9af090a-v1
2025-01-21T16:26:00.8547641Z ##[group]Run git lfs checkout
2025-01-21T16:26:00.8548033Z [36;1mgit lfs checkout[0m
2025-01-21T16:26:00.8584646Z shell: /usr/bin/bash --noprofile --norc -e -o pipefail {0}
2025-01-21T16:26:00.8585143Z env:
2025-01-21T16:26:00.8585405Z   CACHE_NUMBER: 0
2025-01-21T16:26:00.8586425Z   PYTEST_FLAGS: --tardis-regression-data=/home/runner/work/tardis/tardis/tardis-regression-data --cov=tardis --cov-report=xml --cov-report=html --cov-append
2025-01-21T16:26:00.8587538Z   CODECOV_TOKEN: 
2025-01-21T16:26:00.8587828Z ##[endgroup]
2025-01-21T16:26:12.2141445Z Checking out LFS objects: 100% (204/204), 3.5 GB | 330 MB/s, done.
2025-01-21T16:26:15.3408875Z Prepare all required actions
2025-01-21T16:26:15.3409205Z Getting action download info
2025-01-21T16:26:15.4429030Z Download action repository 'mamba-org/setup-micromamba@v1' (SHA:4b9113af4fba0e9e1124b252dd6497a419e7396d)
2025-01-21T16:26:15.6812014Z ##[group]Run ./.github/actions/setup_env
2025-01-21T16:26:15.6812271Z with:
2025-01-21T16:26:15.6812441Z   os-label: linux-64
2025-01-21T16:26:15.6812628Z env:
2025-01-21T16:26:15.6812789Z   CACHE_NUMBER: 0
2025-01-21T16:26:15.6813395Z   PYTEST_FLAGS: --tardis-regression-data=/home/runner/work/tardis/tardis/tardis-regression-data --cov=tardis --cov-report=xml --cov-report=html --cov-append
2025-01-21T16:26:15.6814044Z   CODECOV_TOKEN: 
2025-01-21T16:26:15.6814217Z ##[endgroup]
2025-01-21T16:26:15.6835252Z ##[group]Run file_hash=$(cat conda-linux-64.lock | shasum -a 256 | cut -d' ' -f1)
2025-01-21T16:26:15.6835743Z [36;1mfile_hash=$(cat conda-linux-64.lock | shasum -a 256 | cut -d' ' -f1)[0m
2025-01-21T16:26:15.6836176Z [36;1mecho "file_hash=$file_hash" >> "${GITHUB_OUTPUT}"[0m
2025-01-21T16:26:15.6862167Z shell: /usr/bin/bash --noprofile --norc -e -o pipefail {0}
2025-01-21T16:26:15.6862499Z env:
2025-01-21T16:26:15.6862660Z   CACHE_NUMBER: 0
2025-01-21T16:26:15.6863255Z   PYTEST_FLAGS: --tardis-regression-data=/home/runner/work/tardis/tardis/tardis-regression-data --cov=tardis --cov-report=xml --cov-report=html --cov-append
2025-01-21T16:26:15.6863884Z   CODECOV_TOKEN: 
2025-01-21T16:26:15.6864067Z ##[endgroup]
2025-01-21T16:26:15.7159099Z ##[group]Run mamba-org/setup-micromamba@v1
2025-01-21T16:26:15.7159365Z with:
2025-01-21T16:26:15.7159554Z   environment-file: conda-linux-64.lock
2025-01-21T16:26:15.7159978Z   cache-environment-key: d7cd390425b0fd3cf82649dcc003efba9915fb4928f15d342148c3ccffcbe2ee
2025-01-21T16:26:15.7160542Z   cache-downloads-key: d7cd390425b0fd3cf82649dcc003efba9915fb4928f15d342148c3ccffcbe2ee
2025-01-21T16:26:15.7161210Z   environment-name: tardis
2025-01-21T16:26:15.7161433Z   cache-environment: true
2025-01-21T16:26:15.7161654Z   cache-downloads: true
2025-01-21T16:26:15.7161844Z env:
2025-01-21T16:26:15.7162004Z   CACHE_NUMBER: 0
2025-01-21T16:26:15.7162765Z   PYTEST_FLAGS: --tardis-regression-data=/home/runner/work/tardis/tardis/tardis-regression-data --cov=tardis --cov-report=xml --cov-report=html --cov-append
2025-01-21T16:26:15.7163388Z   CODECOV_TOKEN: 
2025-01-21T16:26:15.7163569Z ##[endgroup]
2025-01-21T16:26:15.8505503Z Will download micromamba to /home/runner/micromamba-bin/micromamba
2025-01-21T16:26:15.8515459Z ##[group]Install micromamba
2025-01-21T16:26:16.0834082Z micromamba installed to /home/runner/micromamba-bin/micromamba
2025-01-21T16:26:16.0835039Z ##[endgroup]
2025-01-21T16:26:16.0835749Z Adding conda-forge to condarc channels ...
2025-01-21T16:26:16.0845983Z ##[group]Initialize micromamba for bash.
2025-01-21T16:26:16.0862096Z [command]/home/runner/micromamba-bin/micromamba shell init -s bash -r /home/runner/micromamba --log-level warning --rc-file /home/runner/work/_temp/setup-micromamba/.condarc
2025-01-21T16:26:16.0969245Z Modifying RC file "/home/runner/.bashrc"
2025-01-21T16:26:16.0970146Z Generating config for root prefix [1m"/home/runner/micromamba"[0m
2025-01-21T16:26:16.0971259Z Setting mamba executable to: [1m"/home/runner/micromamba-bin/micromamba"[0m
2025-01-21T16:26:16.0971944Z Adding (or replacing) the following in your "/home/runner/.bashrc" file
2025-01-21T16:26:16.0972354Z 
2025-01-21T16:26:16.0972496Z # >>> mamba initialize >>>
2025-01-21T16:26:16.0972941Z # !! Contents within this block are managed by 'mamba init' !!
2025-01-21T16:26:16.0973524Z export MAMBA_EXE='/home/runner/micromamba-bin/micromamba';
2025-01-21T16:26:16.0974072Z export MAMBA_ROOT_PREFIX='/home/runner/micromamba';
2025-01-21T16:26:16.0974803Z __mamba_setup="$("$MAMBA_EXE" shell hook --shell bash --root-prefix "$MAMBA_ROOT_PREFIX" 2> /dev/null)"
2025-01-21T16:26:16.0975495Z if [ $? -eq 0 ]; then
2025-01-21T16:26:16.0975808Z     eval "$__mamba_setup"
2025-01-21T16:26:16.0976137Z else
2025-01-21T16:26:16.0976841Z     alias micromamba="$MAMBA_EXE"  # Fallback on help from mamba activate
2025-01-21T16:26:16.0977382Z fi
2025-01-21T16:26:16.0977675Z unset __mamba_setup
2025-01-21T16:26:16.0977982Z # <<< mamba initialize <<<
2025-01-21T16:26:16.0978202Z 
2025-01-21T16:26:16.0989702Z Moving mamba initialize block to .bash_profile
2025-01-21T16:26:16.1015084Z ##[endgroup]
2025-01-21T16:26:16.1016483Z ##[group]Restoring downloads from `/home/runner/micromamba/pkgs` ...
2025-01-21T16:26:17.2217085Z Received 322961408 of 356800233 (90.5%), 308.0 MBs/sec
2025-01-21T16:26:17.3634970Z Cache Size: ~340 MB (356800233 B)
2025-01-21T16:26:17.3691637Z [command]/usr/bin/tar -xf /home/runner/work/_temp/fa98a7ef-d2aa-4802-b1b5-b0bdbbe5bb07/cache.tzst -P -C /home/runner/work/tardis/tardis --use-compress-program unzstd
2025-01-21T16:26:17.8301455Z Cache restored successfully
2025-01-21T16:26:17.9043094Z Restored cache with key `d7cd390425b0fd3cf82649dcc003efba9915fb4928f15d342148c3ccffcbe2ee-linux-64`
2025-01-21T16:26:17.9045206Z ##[endgroup]
2025-01-21T16:26:17.9056166Z ##[group]Restoring environment `tardis` from `/home/runner/micromamba/envs/tardis` ...
2025-01-21T16:26:18.2279353Z Received 356800233 of 356800233 (100.0%), 169.7 MBs/sec
2025-01-21T16:26:18.9827320Z Received 331350016 of 444592193 (74.5%), 316.0 MBs/sec
2025-01-21T16:26:19.3219463Z Cache Size: ~424 MB (444592193 B)
2025-01-21T16:26:19.3318947Z [command]/usr/bin/tar -xf /home/runner/work/_temp/4d2952ad-32b8-4f34-b0a9-1ca04d5574a7/cache.tzst -P -C /home/runner/work/tardis/tardis --use-compress-program unzstd
2025-01-21T16:26:19.9838224Z Received 444592193 of 444592193 (100.0%), 211.9 MBs/sec
2025-01-21T16:26:25.0415959Z Cache restored successfully
2025-01-21T16:26:25.1169329Z Restored cache with key `d7cd390425b0fd3cf82649dcc003efba9915fb4928f15d342148c3ccffcbe2ee-linux-64-tardis-args-4f53cda-root-dcc80ee-bin-[object Promise]-file-d7cd390425b0fd3cf82649dcc003efba9915fb4928f15d342148c3ccffcbe2ee`
2025-01-21T16:26:25.1171219Z ##[endgroup]
2025-01-21T16:26:25.1171498Z Adding environment tardis to auto-activate bash ...
2025-01-21T16:26:25.1180938Z Generating micromamba run shell.
2025-01-21T16:26:25.1189637Z ##[endgroup]
2025-01-21T16:26:25.1195614Z Set environment variables.
2025-01-21T16:26:25.1199621Z ##[group]micromamba info
2025-01-21T16:26:25.1202896Z [command]/home/runner/micromamba-bin/micromamba info -r /home/runner/micromamba -n tardis
2025-01-21T16:26:25.1427000Z 
2025-01-21T16:26:25.1427406Z        libmamba version : 1.5.10
2025-01-21T16:26:25.1427948Z      micromamba version : 1.5.10
2025-01-21T16:26:25.1428854Z            curl version : libcurl/8.10.1 OpenSSL/3.3.2 zlib/1.3.1 zstd/1.5.6 libssh2/1.11.0 nghttp2/1.58.0
2025-01-21T16:26:25.1430124Z      libarchive version : libarchive 3.7.4 zlib/1.2.13 bz2lib/1.0.8 libzstd/1.5.6
2025-01-21T16:26:25.1431337Z        envs directories : /home/runner/micromamba/envs
2025-01-21T16:26:25.1432106Z           package cache : /home/runner/micromamba/pkgs
2025-01-21T16:26:25.1432823Z                           /home/runner/.mamba/pkgs
2025-01-21T16:26:25.1433432Z             environment : tardis
2025-01-21T16:26:25.1434074Z            env location : /home/runner/micromamba/envs/tardis
2025-01-21T16:26:25.1434724Z       user config files : /home/runner/.mambarc
2025-01-21T16:26:25.1435452Z  populated config files : /home/runner/work/_temp/setup-micromamba/.condarc
2025-01-21T16:26:25.1436123Z        virtual packages : __unix=0=0
2025-01-21T16:26:25.1436521Z                           __linux=6.8.0=0
2025-01-21T16:26:25.1436973Z                           __glibc=2.39=0
2025-01-21T16:26:25.1437439Z                           __archspec=1=x86_64_v3
2025-01-21T16:26:25.1438072Z                channels : https://conda.anaconda.org/conda-forge/linux-64
2025-01-21T16:26:25.1438767Z                           https://conda.anaconda.org/conda-forge/noarch
2025-01-21T16:26:25.1439359Z        base environment : /home/runner/micromamba
2025-01-21T16:26:25.1439864Z                platform : linux-64
2025-01-21T16:26:25.1446960Z ##[endgroup]
2025-01-21T16:26:25.1447915Z ##[group]micromamba list
2025-01-21T16:26:25.1449075Z [command]/home/runner/micromamba-bin/micromamba list -r /home/runner/micromamba -n tardis
2025-01-21T16:26:25.5324465Z List of packages in environment: "/home/runner/micromamba/envs/tardis"
2025-01-21T16:26:25.5325228Z 
2025-01-21T16:26:25.5325697Z   Name                           Version              Build                    Channel    
2025-01-21T16:26:25.5327215Z â”€â”€â”€â”€â”€â”€â”€â”€â”€â”€â”€â”€â”€â”€â”€â”€â”€â”€â”€â”€â”€â”€â”€â”€â”€â”€â”€â”€â”€â”€â”€â”€â”€â”€â”€â”€â”€â”€â”€â”€â”€â”€â”€â”€â”€â”€â”€â”€â”€â”€â”€â”€â”€â”€â”€â”€â”€â”€â”€â”€â”€â”€â”€â”€â”€â”€â”€â”€â”€â”€â”€â”€â”€â”€â”€â”€â”€â”€â”€â”€â”€â”€â”€â”€â”€â”€â”€â”€â”€â”€â”€â”€
2025-01-21T16:26:25.5327969Z   _libgcc_mutex                  0.1                  conda_forge              conda-forge
2025-01-21T16:26:25.5328696Z   _openmp_mutex                  4.5                  2_gnu                    conda-forge
2025-01-21T16:26:25.5329498Z   alabaster                      0.7.16               pyhd8ed1ab_0             conda-forge
2025-01-21T16:26:25.5330589Z   anyio                          4.4.0                pyhd8ed1ab_0             conda-forge
2025-01-21T16:26:25.5331887Z   argon2-cffi                    23.1.0               pyhd8ed1ab_0             conda-forge
2025-01-21T16:26:25.5333286Z   argon2-cffi-bindings           21.2.0               py312h98912ed_4          conda-forge
2025-01-21T16:26:25.5334225Z   arrow                          1.3.0                pyhd8ed1ab_0             conda-forge
2025-01-21T16:26:25.5334817Z   astropy                        6.1.1                py312h085067d_0          conda-forge
2025-01-21T16:26:25.5335540Z   astropy-iers-data              0.2024.6.17.0.31.35  pyhd8ed1ab_0             conda-forge
2025-01-21T16:26:25.5336204Z   astropy-sphinx-theme           1.1                  pyhd8ed1ab_0             conda-forge
2025-01-21T16:26:25.5336813Z   asttokens                      2.4.1                pyhd8ed1ab_0             conda-forge
2025-01-21T16:26:25.5337436Z   async-lru                      2.0.4                pyhd8ed1ab_0             conda-forge
2025-01-21T16:26:25.5337979Z   atk-1.0                        2.38.0               h04ea711_2               conda-forge
2025-01-21T16:26:25.5338547Z   attrs                          23.2.0               pyh71513ae_0             conda-forge
2025-01-21T16:26:25.5339389Z   babel                          2.14.0               pyhd8ed1ab_0             conda-forge
2025-01-21T16:26:25.5339973Z   beautifulsoup4                 4.12.3               pyha770c72_0             conda-forge
2025-01-21T16:26:25.5340593Z   bleach                         6.1.0                pyhd8ed1ab_0             conda-forge
2025-01-21T16:26:25.5354522Z   blosc                          1.21.5               hc2324a3_1               conda-forge
2025-01-21T16:26:25.5355085Z   brotli                         1.1.0                hd590300_1               conda-forge
2025-01-21T16:26:25.5355642Z   brotli-bin                     1.1.0                hd590300_1               conda-forge
2025-01-21T16:26:25.5356222Z   brotli-python                  1.1.0                py312h30efb56_1          conda-forge
2025-01-21T16:26:25.5356810Z   bzip2                          1.0.8                hd590300_5               conda-forge
2025-01-21T16:26:25.5357220Z   c-ares                         1.28.1               hd590300_0               conda-forge
2025-01-21T16:26:25.5357545Z   c-blosc2                       2.14.4               hb4ffafa_1               conda-forge
2025-01-21T16:26:25.5357915Z   ca-certificates                2024.6.2             hbcca054_0               conda-forge
2025-01-21T16:26:25.5358321Z   cached-property                1.5.2                hd8ed1ab_1               conda-forge
2025-01-21T16:26:25.5358717Z   cached_property                1.5.2                pyha770c72_1             conda-forge
2025-01-21T16:26:25.5359302Z   cairo                          1.18.0               h3faef2a_0               conda-forge
2025-01-21T16:26:25.5359889Z   certifi                        2024.6.2             pyhd8ed1ab_0             conda-forge
2025-01-21T16:26:25.5360570Z   cffi                           1.16.0               py312hf06ca03_0          conda-forge
2025-01-21T16:26:25.5361228Z   charset-normalizer             3.3.2                pyhd8ed1ab_0             conda-forge
2025-01-21T16:26:25.5361635Z   click                          8.1.7                unix_pyh707e725_0        conda-forge
2025-01-21T16:26:25.5362064Z   codespell                      2.3.0                pyhd8ed1ab_0             conda-forge
2025-01-21T16:26:25.5362658Z   colorama                       0.4.6                pyhd8ed1ab_0             conda-forge
2025-01-21T16:26:25.5363190Z   comm                           0.2.2                pyhd8ed1ab_0             conda-forge
2025-01-21T16:26:25.5363751Z   commonmark                     0.9.1                py_0                     conda-forge
2025-01-21T16:26:25.5364358Z   contourpy                      1.2.1                py312h8572e83_0          conda-forge
2025-01-21T16:26:25.5364916Z   coverage                       7.5.3                py312h9a8786e_0          conda-forge
2025-01-21T16:26:25.5365446Z   cycler                         0.12.1               pyhd8ed1ab_0             conda-forge
2025-01-21T16:26:25.5365945Z   dataclasses                    0.8                  pyhc8e2a94_3             conda-forge
2025-01-21T16:26:25.5366573Z   debugpy                        1.8.1                py312h30efb56_0          conda-forge
2025-01-21T16:26:25.5367148Z   decorator                      5.1.1                pyhd8ed1ab_0             conda-forge
2025-01-21T16:26:25.5367770Z   defusedxml                     0.7.1                pyhd8ed1ab_0             conda-forge
2025-01-21T16:26:25.5368401Z   docutils                       0.20.1               py312h7900ff3_3          conda-forge
2025-01-21T16:26:25.5368906Z   dot2tex                        2.11.3               pyhd8ed1ab_0             conda-forge
2025-01-21T16:26:25.5369262Z   entrypoints                    0.4                  pyhd8ed1ab_0             conda-forge
2025-01-21T16:26:25.5369645Z   exceptiongroup                 1.2.0                pyhd8ed1ab_2             conda-forge
2025-01-21T16:26:25.5370013Z   executing                      2.0.1                pyhd8ed1ab_0             conda-forge
2025-01-21T16:26:25.5370525Z   expat                          2.6.2                h59595ed_0               conda-forge
2025-01-21T16:26:25.5371131Z   font-ttf-dejavu-sans-mono      2.37                 hab24e00_0               conda-forge
2025-01-21T16:26:25.5371563Z   font-ttf-inconsolata           3.000                h77eed37_0               conda-forge
2025-01-21T16:26:25.5371984Z   font-ttf-source-code-pro       2.038                h77eed37_0               conda-forge
2025-01-21T16:26:25.5372386Z   font-ttf-ubuntu                0.83                 h77eed37_2               conda-forge
2025-01-21T16:26:25.5372748Z   fontconfig                     2.14.2               h14ed4e7_0               conda-forge
2025-01-21T16:26:25.5373125Z   fonts-conda-ecosystem          1                    0                        conda-forge
2025-01-21T16:26:25.5373520Z   fonts-conda-forge              1                    0                        conda-forge
2025-01-21T16:26:25.5373886Z   fonttools                      4.53.0               py312h9a8786e_0          conda-forge
2025-01-21T16:26:25.5374225Z   fqdn                           1.5.1                pyhd8ed1ab_0             conda-forge
2025-01-21T16:26:25.5374555Z   freetype                       2.12.1               h267a509_2               conda-forge
2025-01-21T16:26:25.5374896Z   fribidi                        1.0.10               h36c2ea0_0               conda-forge
2025-01-21T16:26:25.5375230Z   future                         1.0.0                pyhd8ed1ab_0             conda-forge
2025-01-21T16:26:25.5375579Z   gdk-pixbuf                     2.42.12              hb9ae30d_0               conda-forge
2025-01-21T16:26:25.5376059Z   giflib                         5.2.2                hd590300_0               conda-forge
2025-01-21T16:26:25.5376768Z   git-lfs                        3.5.1                ha770c72_0               conda-forge
2025-01-21T16:26:25.5377320Z   gmp                            6.3.0                h59595ed_1               conda-forge
2025-01-21T16:26:25.5377869Z   gmpy2                          2.1.5                py312h1d5cde6_1          conda-forge
2025-01-21T16:26:25.5378452Z   graphite2                      1.3.13               h59595ed_1003            conda-forge
2025-01-21T16:26:25.5379053Z   graphviz                       11.0.0               hc68bbd7_0               conda-forge
2025-01-21T16:26:25.5379622Z   gtk2                           2.24.33              h280cfa0_4               conda-forge
2025-01-21T16:26:25.5380156Z   gts                            0.7.6                h977cf35_4               conda-forge
2025-01-21T16:26:25.5380885Z   h11                            0.14.0               pyhd8ed1ab_0             conda-forge
2025-01-21T16:26:25.5381431Z   h2                             4.1.0                pyhd8ed1ab_0             conda-forge
2025-01-21T16:26:25.5381981Z   h5py                           3.11.0               nompi_py312hb7ab980_102  conda-forge
2025-01-21T16:26:25.5382560Z   harfbuzz                       8.5.0                hfac3d4d_0               conda-forge
2025-01-21T16:26:25.5383145Z   hdf5                           1.14.3               nompi_hdf9ad27_105       conda-forge
2025-01-21T16:26:25.5383688Z   hpack                          4.0.0                pyh9f0ad1d_0             conda-forge
2025-01-21T16:26:25.5384274Z   httpcore                       1.0.5                pyhd8ed1ab_0             conda-forge
2025-01-21T16:26:25.5384871Z   httpx                          0.27.0               pyhd8ed1ab_0             conda-forge
2025-01-21T16:26:25.5385454Z   hyperframe                     6.0.1                pyhd8ed1ab_0             conda-forge
2025-01-21T16:26:25.5386029Z   icu                            73.2                 h59595ed_0               conda-forge
2025-01-21T16:26:25.5386564Z   idna                           3.7                  pyhd8ed1ab_0             conda-forge
2025-01-21T16:26:25.5387144Z   imagesize                      1.4.1                pyhd8ed1ab_0             conda-forge
2025-01-21T16:26:25.5387966Z   importlib-metadata             7.1.0                pyha770c72_0             conda-forge
2025-01-21T16:26:25.5388649Z   importlib_metadata             7.1.0                hd8ed1ab_0               conda-forge
2025-01-21T16:26:25.5389356Z   importlib_resources            6.4.0                pyhd8ed1ab_0             conda-forge
2025-01-21T16:26:25.5390019Z   iniconfig                      2.0.0                pyhd8ed1ab_0             conda-forge
2025-01-21T16:26:25.5390633Z   ipykernel                      6.29.4               pyh3099207_0             conda-forge
2025-01-21T16:26:25.5391409Z   ipython                        8.25.0               pyh707e725_0             conda-forge
2025-01-21T16:26:25.5392052Z   ipython_genutils               0.2.0                pyhd8ed1ab_1             conda-forge
2025-01-21T16:26:25.5392710Z   ipywidgets                     7.8.0                pyhd8ed1ab_0             conda-forge
2025-01-21T16:26:25.5393353Z   isoduration                    20.11.0              pyhd8ed1ab_0             conda-forge
2025-01-21T16:26:25.5393980Z   jedi                           0.19.1               pyhd8ed1ab_0             conda-forge
2025-01-21T16:26:25.5394554Z   jinja2                         3.1.4                pyhd8ed1ab_0             conda-forge
2025-01-21T16:26:25.5395119Z   json5                          0.9.25               pyhd8ed1ab_0             conda-forge
2025-01-21T16:26:25.5395692Z   jsonpointer                    3.0.0                py312h7900ff3_0          conda-forge
2025-01-21T16:26:25.5396285Z   jsonschema                     4.22.0               pyhd8ed1ab_0             conda-forge
2025-01-21T16:26:25.5396963Z   jsonschema-specifications      2023.12.1            pyhd8ed1ab_0             conda-forge
2025-01-21T16:26:25.5397886Z   jsonschema-with-format-nongpl  4.22.0               pyhd8ed1ab_0             conda-forge
2025-01-21T16:26:25.5398582Z   jupyter-lsp                    2.2.5                pyhd8ed1ab_0             conda-forge
2025-01-21T16:26:25.5399190Z   jupyter_client                 8.6.2                pyhd8ed1ab_0             conda-forge
2025-01-21T16:26:25.5399786Z   jupyter_core                   5.7.2                py312h7900ff3_0          conda-forge
2025-01-21T16:26:25.5400390Z   jupyter_events                 0.10.0               pyhd8ed1ab_0             conda-forge
2025-01-21T16:26:25.5401142Z   jupyter_server                 2.14.1               pyhd8ed1ab_0             conda-forge
2025-01-21T16:26:25.5401796Z   jupyter_server_terminals       0.5.3                pyhd8ed1ab_0             conda-forge
2025-01-21T16:26:25.5402441Z   jupyterlab                     4.2.2                pyhd8ed1ab_0             conda-forge
2025-01-21T16:26:25.5403079Z   jupyterlab_pygments            0.3.0                pyhd8ed1ab_1             conda-forge
2025-01-21T16:26:25.5403746Z   jupyterlab_server              2.27.2               pyhd8ed1ab_0             conda-forge
2025-01-21T16:26:25.5404414Z   jupyterlab_widgets             1.1.7                pyhd8ed1ab_0             conda-forge
2025-01-21T16:26:25.5405023Z   keyutils                       1.6.1                h166bdaf_0               conda-forge
2025-01-21T16:26:25.5405589Z   kiwisolver                     1.4.5                py312h8572e83_1          conda-forge
2025-01-21T16:26:25.5406134Z   krb5                           1.21.2               h659d440_0               conda-forge
2025-01-21T16:26:25.5406680Z   latexcodec                     2.0.1                pyh9f0ad1d_0             conda-forge
2025-01-21T16:26:25.5407279Z   lcms2                          2.16                 hb7c19ff_0               conda-forge
2025-01-21T16:26:25.5407833Z   ld_impl_linux-64               2.40                 hf3520f5_7               conda-forge
2025-01-21T16:26:25.5408379Z   lerc                           4.0.0                h27087fc_0               conda-forge
2025-01-21T16:26:25.5408919Z   libaec                         1.1.3                h59595ed_0               conda-forge
2025-01-21T16:26:25.5409623Z   libblas                        3.9.0                22_linux64_openblas      conda-forge
2025-01-21T16:26:25.5410244Z   libbrotlicommon                1.1.0                hd590300_1               conda-forge
2025-01-21T16:26:25.5411087Z   libbrotlidec                   1.1.0                hd590300_1               conda-forge
2025-01-21T16:26:25.5411719Z   libbrotlienc                   1.1.0                hd590300_1               conda-forge
2025-01-21T16:26:25.5412327Z   libcblas                       3.9.0                22_linux64_openblas      conda-forge
2025-01-21T16:26:25.5412890Z   libcurl                        8.8.0                hca28451_0               conda-forge
2025-01-21T16:26:25.5413481Z   libdeflate                     1.20                 hd590300_0               conda-forge
2025-01-21T16:26:25.5414106Z   libedit                        3.1.20191231         he28a2e2_2               conda-forge
2025-01-21T16:26:25.5414699Z   libev                          4.33                 hd590300_2               conda-forge
2025-01-21T16:26:25.5415275Z   libexpat                       2.6.2                h59595ed_0               conda-forge
2025-01-21T16:26:25.5415861Z   libffi                         3.4.2                h7f98852_5               conda-forge
2025-01-21T16:26:25.5416435Z   libgcc-ng                      13.2.0               h77fa898_10              conda-forge
2025-01-21T16:26:25.5417010Z   libgd                          2.3.3                h119a65a_9               conda-forge
2025-01-21T16:26:25.5417614Z   libgfortran-ng                 13.2.0               h69a702a_10              conda-forge
2025-01-21T16:26:25.5418264Z   libgfortran5                   13.2.0               h3d2ce59_10              conda-forge
2025-01-21T16:26:25.5418883Z   libglib                        2.80.2               h8a4344b_1               conda-forge
2025-01-21T16:26:25.5419610Z   libgomp                        13.2.0               h77fa898_10              conda-forge
2025-01-21T16:26:25.5420214Z   libiconv                       1.17                 hd590300_2               conda-forge
2025-01-21T16:26:25.5420971Z   libjpeg-turbo                  3.0.0                hd590300_1               conda-forge
2025-01-21T16:26:25.5421605Z   liblapack                      3.9.0                22_linux64_openblas      conda-forge
2025-01-21T16:26:25.5422222Z   libllvm14                      14.0.6               hcd5def8_4               conda-forge
2025-01-21T16:26:25.5422840Z   libnghttp2                     1.58.0               h47da74e_1               conda-forge
2025-01-21T16:26:25.5423429Z   libnsl                         2.0.1                hd590300_0               conda-forge
2025-01-21T16:26:25.5424050Z   libopenblas                    0.3.27               pthreads_h413a1c8_0      conda-forge
2025-01-21T16:26:25.5424682Z   libpng                         1.6.43               h2797004_0               conda-forge
2025-01-21T16:26:25.5425262Z   librsvg                        2.58.1               hadf69e7_0               conda-forge
2025-01-21T16:26:25.5425869Z   libsodium                      1.0.18               h36c2ea0_1               conda-forge
2025-01-21T16:26:25.5426474Z   libsqlite                      3.46.0               hde9e2c9_0               conda-forge
2025-01-21T16:26:25.5427063Z   libssh2                        1.11.0               h0841786_0               conda-forge
2025-01-21T16:26:25.5427667Z   libstdcxx-ng                   13.2.0               hc0a3c3a_10              conda-forge
2025-01-21T16:26:25.5428272Z   libtiff                        4.6.0                h1dd3fc0_3               conda-forge
2025-01-21T16:26:25.5428856Z   libuuid                        2.38.1               h0b41bf4_0               conda-forge
2025-01-21T16:26:25.5429438Z   libwebp                        1.4.0                h2c329e2_0               conda-forge
2025-01-21T16:26:25.5430052Z   libwebp-base                   1.4.0                hd590300_0               conda-forge
2025-01-21T16:26:25.5430954Z   libxcb                         1.15                 h0b41bf4_0               conda-forge
2025-01-21T16:26:25.5431543Z   libxcrypt                      4.4.36               hd590300_1               conda-forge
2025-01-21T16:26:25.5432133Z   libxml2                        2.12.7               hc051c1a_1               conda-forge
2025-01-21T16:26:25.5432729Z   libxslt                        1.1.39               h76b75d6_0               conda-forge
2025-01-21T16:26:25.5433302Z   libzlib                        1.3.1                h4ab18f5_1               conda-forge
2025-01-21T16:26:25.5433896Z   llvmlite                       0.42.0               py312hb06c811_1          conda-forge
2025-01-21T16:26:25.5434482Z   lxml                           5.2.2                py312hb90d8a5_0          conda-forge
2025-01-21T16:26:25.5435030Z   lz4-c                          1.9.4                hcb278e6_0               conda-forge
2025-01-21T16:26:25.5435565Z   lzo                            2.10                 hd590300_1001            conda-forge
2025-01-21T16:26:25.5436140Z   markupsafe                     2.1.5                py312h98912ed_0          conda-forge
2025-01-21T16:26:25.5436787Z   matplotlib-base                3.8.4                py312h20ab3a6_2          conda-forge
2025-01-21T16:26:25.5437473Z   matplotlib-inline              0.1.7                pyhd8ed1ab_0             conda-forge
2025-01-21T16:26:25.5438117Z   mistune                        3.0.2                pyhd8ed1ab_0             conda-forge
2025-01-21T16:26:25.5438674Z   mpc                            1.3.1                hfe3b2da_0               conda-forge
2025-01-21T16:26:25.5439208Z   mpfr                           4.2.1                h9458935_1               conda-forge
2025-01-21T16:26:25.5439766Z   mpmath                         1.3.0                pyhd8ed1ab_0             conda-forge
2025-01-21T16:26:25.5440517Z   munkres                        1.1.4                pyh9f0ad1d_0             conda-forge
2025-01-21T16:26:25.5441289Z   mypy_extensions                1.0.0                pyha770c72_0             conda-forge
2025-01-21T16:26:25.5441915Z   nbclassic                      1.1.0                pyhd8ed1ab_0             conda-forge
2025-01-21T16:26:25.5442510Z   nbclient                       0.10.0               pyhd8ed1ab_0             conda-forge
2025-01-21T16:26:25.5443127Z   nbconvert                      7.16.4               hd8ed1ab_1               conda-forge
2025-01-21T16:26:25.5443760Z   nbconvert-core                 7.16.4               pyhd8ed1ab_1             conda-forge
2025-01-21T16:26:25.5444411Z   nbconvert-pandoc               7.16.4               hd8ed1ab_1               conda-forge
2025-01-21T16:26:25.5445044Z   nbformat                       5.10.4               pyhd8ed1ab_0             conda-forge
2025-01-21T16:26:25.5445635Z   nbsphinx                       0.9.4                pyhd8ed1ab_0             conda-forge
2025-01-21T16:26:25.5446201Z   ncurses                        6.5                  h59595ed_0               conda-forge
2025-01-21T16:26:25.5446804Z   nest-asyncio                   1.6.0                pyhd8ed1ab_0             conda-forge
2025-01-21T16:26:25.5447418Z   networkx                       3.3                  pyhd8ed1ab_1             conda-forge
2025-01-21T16:26:25.5447986Z   nomkl                          1.0                  h5ca1d4c_0               conda-forge
2025-01-21T16:26:25.5448557Z   notebook                       7.2.1                pyhd8ed1ab_0             conda-forge
2025-01-21T16:26:25.5449182Z   notebook-shim                  0.2.4                pyhd8ed1ab_0             conda-forge
2025-01-21T16:26:25.5449798Z   numba                          0.59.1               py312hacefee8_0          conda-forge
2025-01-21T16:26:25.5450378Z   numexpr                        2.10.0               py312hf412c99_100        conda-forge
2025-01-21T16:26:25.5451110Z   numpy                          1.26.4               py312heda63a1_0          conda-forge
2025-01-21T16:26:25.5451697Z   numpydoc                       1.7.0                pyhd8ed1ab_1             conda-forge
2025-01-21T16:26:25.5452458Z   openjpeg                       2.5.2                h488ebb8_0               conda-forge
2025-01-21T16:26:25.5453048Z   openssl                        3.3.1                h4ab18f5_0               conda-forge
2025-01-21T16:26:25.5453650Z   overrides                      7.7.0                pyhd8ed1ab_0             conda-forge
2025-01-21T16:26:25.5454266Z   packaging                      24.1                 pyhd8ed1ab_0             conda-forge
2025-01-21T16:26:25.5454875Z   pandas                         2.2.2                py312h1d6d2e6_1          conda-forge
2025-01-21T16:26:25.5455469Z   pandoc                         3.2                  ha770c72_0               conda-forge
2025-01-21T16:26:25.5456102Z   pandocfilters                  1.5.0                pyhd8ed1ab_0             conda-forge
2025-01-21T16:26:25.5456716Z   pango                          1.54.0               h84a9a3c_0               conda-forge
2025-01-21T16:26:25.5457291Z   parso                          0.8.4                pyhd8ed1ab_0             conda-forge
2025-01-21T16:26:25.5457882Z   pathspec                       0.12.1               pyhd8ed1ab_0             conda-forge
2025-01-21T16:26:25.5458457Z   pbr                            6.0.0                pyhd8ed1ab_0             conda-forge
2025-01-21T16:26:25.5459021Z   pcre2                          10.44                h0f59acf_0               conda-forge
2025-01-21T16:26:25.5459606Z   pexpect                        4.9.0                pyhd8ed1ab_0             conda-forge
2025-01-21T16:26:25.5460222Z   pickleshare                    0.7.5                py_1003                  conda-forge
2025-01-21T16:26:25.5460969Z   pillow                         10.3.0               py312hdcec9eb_0          conda-forge
2025-01-21T16:26:25.5461687Z   pip                            24.0                 pyhd8ed1ab_0             conda-forge
2025-01-21T16:26:25.5462258Z   pixman                         0.43.2               h59595ed_0               conda-forge
2025-01-21T16:26:25.5462932Z   pkgutil-resolve-name           1.3.10               pyhd8ed1ab_1             conda-forge
2025-01-21T16:26:25.5463634Z   platformdirs                   4.2.2                pyhd8ed1ab_0             conda-forge
2025-01-21T16:26:25.5464263Z   plotly                         5.22.0               pyhd8ed1ab_0             conda-forge
2025-01-21T16:26:25.5464851Z   pluggy                         1.5.0                pyhd8ed1ab_0             conda-forge
2025-01-21T16:26:25.5465497Z   prometheus_client              0.20.0               pyhd8ed1ab_0             conda-forge
2025-01-21T16:26:25.5466186Z   prompt-toolkit                 3.0.47               pyha770c72_0             conda-forge
2025-01-21T16:26:25.5466823Z   psutil                         5.9.8                py312h98912ed_0          conda-forge
2025-01-21T16:26:25.5467436Z   pthread-stubs                  0.4                  h36c2ea0_1001            conda-forge
2025-01-21T16:26:25.5468080Z   ptyprocess                     0.7.0                pyhd3deb0d_0             conda-forge
2025-01-21T16:26:25.5468706Z   pure_eval                      0.2.2                pyhd8ed1ab_0             conda-forge
2025-01-21T16:26:25.5469308Z   py-cpuinfo                     9.0.0                pyhd8ed1ab_0             conda-forge
2025-01-21T16:26:25.5469904Z   pybtex                         0.24.0               pyhd8ed1ab_2             conda-forge
2025-01-21T16:26:25.5470528Z   pybtex-docutils                1.0.3                py312h7900ff3_1          conda-forge
2025-01-21T16:26:25.5471290Z   pycparser                      2.22                 pyhd8ed1ab_0             conda-forge
2025-01-21T16:26:25.5471857Z   pyerfa                         2.0.1.4              py312h085067d_1          conda-forge
2025-01-21T16:26:25.5472423Z   pygments                       2.18.0               pyhd8ed1ab_0             conda-forge
2025-01-21T16:26:25.5473019Z   pygraphviz                     1.13                 py312h4a1d8a7_1          conda-forge
2025-01-21T16:26:25.5473769Z   pyparsing                      3.1.2                pyhd8ed1ab_0             conda-forge
2025-01-21T16:26:25.5474369Z   pysocks                        1.7.1                pyha2e5f31_6             conda-forge
2025-01-21T16:26:25.5474939Z   pytables                       3.9.2                py312h96d95ec_2          conda-forge
2025-01-21T16:26:25.5475490Z   pytest                         8.2.2                pyhd8ed1ab_0             conda-forge
2025-01-21T16:26:25.5476056Z   pytest-cov                     5.0.0                pyhd8ed1ab_0             conda-forge
2025-01-21T16:26:25.5476694Z   pytest-doctestplus             1.2.1                pyhd8ed1ab_0             conda-forge
2025-01-21T16:26:25.5477359Z   pytest-html                    4.1.1                pyhd8ed1ab_0             conda-forge
2025-01-21T16:26:25.5478004Z   pytest-metadata                3.1.1                pyhd8ed1ab_0             conda-forge
2025-01-21T16:26:25.5478643Z   python                         3.12.4               h194c7f8_0_cpython       conda-forge
2025-01-21T16:26:25.5479287Z   python-dateutil                2.9.0                pyhd8ed1ab_0             conda-forge
2025-01-21T16:26:25.5480137Z   python-fastjsonschema          2.20.0               pyhd8ed1ab_0             conda-forge
2025-01-21T16:26:25.5481016Z   python-json-logger             2.0.7                pyhd8ed1ab_0             conda-forge
2025-01-21T16:26:25.5481715Z   python-tzdata                  2024.1               pyhd8ed1ab_0             conda-forge
2025-01-21T16:26:25.5482351Z   python_abi                     3.12                 4_cp312                  conda-forge
2025-01-21T16:26:25.5482937Z   pytz                           2024.1               pyhd8ed1ab_0             conda-forge
2025-01-21T16:26:25.5483692Z   pyyaml                         6.0.1                py312h98912ed_1          conda-forge
2025-01-21T16:26:25.5484260Z   pyzmq                          26.0.3               py312h8fd38d8_0          conda-forge
2025-01-21T16:26:25.5484834Z   qgrid                          1.3.1                pyhd8ed1ab_4             conda-forge
2025-01-21T16:26:25.5485476Z   radioactivedecay               0.5.1                pyhd8ed1ab_0             conda-forge
2025-01-21T16:26:25.5486088Z   readline                       8.2                  h8228510_1               conda-forge
2025-01-21T16:26:25.5486529Z   recommonmark                   0.7.1                pyhd8ed1ab_0             conda-forge
2025-01-21T16:26:25.5486905Z   referencing                    0.35.1               pyhd8ed1ab_0             conda-forge
2025-01-21T16:26:25.5487261Z   requests                       2.32.3               pyhd8ed1ab_0             conda-forge
2025-01-21T16:26:25.5487631Z   rfc3339-validator              0.1.4                pyhd8ed1ab_0             conda-forge
2025-01-21T16:26:25.5488034Z   rfc3986-validator              0.1.1                pyh9f0ad1d_0             conda-forge
2025-01-21T16:26:25.5488406Z   rpds-py                        0.18.1               py312h4413252_0          conda-forge
2025-01-21T16:26:25.5488731Z   ruff                           0.4.9                py312h5715c7c_0          conda-forge
2025-01-21T16:26:25.5489050Z   scipy                          1.13.1               py312hc2bc53b_0          conda-forge
2025-01-21T16:26:25.5489395Z   send2trash                     1.8.3                pyh0d859eb_0             conda-forge
2025-01-21T16:26:25.5489751Z   setuptools                     70.0.0               pyhd8ed1ab_0             conda-forge
2025-01-21T16:26:25.5490117Z   setuptools-scm                 8.1.0                pyhd8ed1ab_0             conda-forge
2025-01-21T16:26:25.5490489Z   setuptools_scm                 8.1.0                hd8ed1ab_0               conda-forge
2025-01-21T16:26:25.5491111Z   six                            1.16.0               pyh6c4a22f_0             conda-forge
2025-01-21T16:26:25.5491445Z   snakeviz                       2.2.0                pyhd8ed1ab_0             conda-forge
2025-01-21T16:26:25.5491961Z   snappy                         1.2.0                hdb0a2a9_1               conda-forge
2025-01-21T16:26:25.5492293Z   sniffio                        1.3.1                pyhd8ed1ab_0             conda-forge
2025-01-21T16:26:25.5492657Z   snowballstemmer                2.2.0                pyhd8ed1ab_0             conda-forge
2025-01-21T16:26:25.5493038Z   soupsieve                      2.5                  pyhd8ed1ab_1             conda-forge
2025-01-21T16:26:25.5493383Z   sphinx                         7.3.7                pyhd8ed1ab_0             conda-forge
2025-01-21T16:26:25.5493752Z   sphinx-astropy                 1.9.1                pyhd8ed1ab_0             conda-forge
2025-01-21T16:26:25.5494149Z   sphinx-automodapi              0.17.0               pyh717bed2_1             conda-forge
2025-01-21T16:26:25.5494564Z   sphinx-gallery                 0.16.0               pyhd8ed1ab_0             conda-forge
2025-01-21T16:26:25.5494977Z   sphinx-jsonschema              1.19.1               pyhd8ed1ab_0             conda-forge
2025-01-21T16:26:25.5495394Z   sphinx_bootstrap_theme         0.8.1                pyhd8ed1ab_0             conda-forge
2025-01-21T16:26:25.5495787Z   sphinx_rtd_theme               2.0.0                pyha770c72_0             conda-forge
2025-01-21T16:26:25.5496180Z   sphinxcontrib-apidoc           0.3.0                py_1                     conda-forge
2025-01-21T16:26:25.5496610Z   sphinxcontrib-applehelp        1.0.8                pyhd8ed1ab_0             conda-forge
2025-01-21T16:26:25.5497043Z   sphinxcontrib-bibtex           2.6.2                pyhd8ed1ab_0             conda-forge
2025-01-21T16:26:25.5497468Z   sphinxcontrib-devhelp          1.0.6                pyhd8ed1ab_0             conda-forge
2025-01-21T16:26:25.5498017Z   sphinxcontrib-htmlhelp         2.0.5                pyhd8ed1ab_0             conda-forge
2025-01-21T16:26:25.5498450Z   sphinxcontrib-jquery           4.1                  pyhd8ed1ab_0             conda-forge
2025-01-21T16:26:25.5498872Z   sphinxcontrib-jsmath           1.0.1                pyhd8ed1ab_0             conda-forge
2025-01-21T16:26:25.5499293Z   sphinxcontrib-qthelp           1.0.7                pyhd8ed1ab_0             conda-forge
2025-01-21T16:26:25.5499764Z   sphinxcontrib-serializinghtml  1.1.10               pyhd8ed1ab_0             conda-forge
2025-01-21T16:26:25.5500185Z   stack_data                     0.6.2                pyhd8ed1ab_0             conda-forge
2025-01-21T16:26:25.5500525Z   sympy                          1.12.1               pypyh2585a3b_103         conda-forge
2025-01-21T16:26:25.5501136Z   tabulate                       0.9.0                pyhd8ed1ab_1             conda-forge
2025-01-21T16:26:25.5501536Z   tenacity                       8.4.1                pyhd8ed1ab_0             conda-forge
2025-01-21T16:26:25.5501892Z   terminado                      0.18.1               pyh0d859eb_0             conda-forge
2025-01-21T16:26:25.5502245Z   tinycss2                       1.3.0                pyhd8ed1ab_0             conda-forge
2025-01-21T16:26:25.5502566Z   tk                             8.6.13               noxft_h4845f30_101       conda-forge
2025-01-21T16:26:25.5502877Z   toml                           0.10.2               pyhd8ed1ab_0             conda-forge
2025-01-21T16:26:25.5503194Z   tomli                          2.0.1                pyhd8ed1ab_0             conda-forge
2025-01-21T16:26:25.5503525Z   tornado                        6.4.1                py312h9a8786e_0          conda-forge
2025-01-21T16:26:25.5503854Z   tqdm                           4.66.4               pyhd8ed1ab_0             conda-forge
2025-01-21T16:26:25.5504188Z   traitlets                      5.14.3               pyhd8ed1ab_0             conda-forge
2025-01-21T16:26:25.5504552Z   typed-ast                      1.5.5                py312h98912ed_1          conda-forge
2025-01-21T16:26:25.5504952Z   types-python-dateutil          2.9.0.20240316       pyhd8ed1ab_0             conda-forge
2025-01-21T16:26:25.5505540Z   typing-extensions              4.12.2               hd8ed1ab_0               conda-forge
2025-01-21T16:26:25.5505935Z   typing_extensions              4.12.2               pyha770c72_0             conda-forge
2025-01-21T16:26:25.5506309Z   typing_utils                   0.1.0                pyhd8ed1ab_0             conda-forge
2025-01-21T16:26:25.5506658Z   tzdata                         2024a                h0c530f3_0               conda-forge
2025-01-21T16:26:25.5507046Z   uri-template                   1.3.0                pyhd8ed1ab_0             conda-forge
2025-01-21T16:26:25.5507398Z   urllib3                        2.2.2                pyhd8ed1ab_0             conda-forge
2025-01-21T16:26:25.5507733Z   wcwidth                        0.2.13               pyhd8ed1ab_0             conda-forge
2025-01-21T16:26:25.5508083Z   webcolors                      24.6.0               pyhd8ed1ab_0             conda-forge
2025-01-21T16:26:25.5508454Z   webencodings                   0.5.1                pyhd8ed1ab_2             conda-forge
2025-01-21T16:26:25.5508836Z   websocket-client               1.8.0                pyhd8ed1ab_0             conda-forge
2025-01-21T16:26:25.5509197Z   wheel                          0.43.0               pyhd8ed1ab_1             conda-forge
2025-01-21T16:26:25.5509565Z   widgetsnbextension             3.6.6                pyhd8ed1ab_0             conda-forge
2025-01-21T16:26:25.5509957Z   xorg-kbproto                   1.0.7                h7f98852_1002            conda-forge
2025-01-21T16:26:25.5510313Z   xorg-libice                    1.1.1                hd590300_0               conda-forge
2025-01-21T16:26:25.5510661Z   xorg-libsm                     1.2.4                h7391055_0               conda-forge
2025-01-21T16:26:25.5511357Z   xorg-libx11                    1.8.9                h8ee46fc_0               conda-forge
2025-01-21T16:26:25.5511720Z   xorg-libxau                    1.0.11               hd590300_0               conda-forge
2025-01-21T16:26:25.5512088Z   xorg-libxdmcp                  1.1.3                h7f98852_0               conda-forge
2025-01-21T16:26:25.5512450Z   xorg-libxext                   1.3.4                h0b41bf4_2               conda-forge
2025-01-21T16:26:25.5512822Z   xorg-libxrender                0.9.11               hd590300_0               conda-forge
2025-01-21T16:26:25.5513206Z   xorg-renderproto               0.11.1               h7f98852_1002            conda-forge
2025-01-21T16:26:25.5513589Z   xorg-xextproto                 7.3.0                h0b41bf4_1003            conda-forge
2025-01-21T16:26:25.5513952Z   xorg-xproto                    7.0.31               h7f98852_1007            conda-forge
2025-01-21T16:26:25.5514282Z   xz                             5.2.6                h166bdaf_0               conda-forge
2025-01-21T16:26:25.5514600Z   yaml                           0.2.5                h7f98852_2               conda-forge
2025-01-21T16:26:25.5514915Z   zeromq                         4.3.5                h75354e8_4               conda-forge
2025-01-21T16:26:25.5515244Z   zipp                           3.19.2               pyhd8ed1ab_0             conda-forge
2025-01-21T16:26:25.5515560Z   zlib                           1.3.1                h4ab18f5_1               conda-forge
2025-01-21T16:26:25.5515876Z   zlib-ng                        2.0.7                h0b41bf4_0               conda-forge
2025-01-21T16:26:25.5516187Z   zstd                           1.5.6                ha6fb4c9_0               conda-forge
2025-01-21T16:26:25.5516705Z ##[endgroup]
2025-01-21T16:26:25.5549602Z ##[group]Run pip install -e . --user
2025-01-21T16:26:25.5549920Z [36;1mpip install -e . --user[0m
2025-01-21T16:26:25.5579315Z shell: /usr/bin/bash -l {0}
2025-01-21T16:26:25.5579558Z env:
2025-01-21T16:26:25.5579728Z   CACHE_NUMBER: 0
2025-01-21T16:26:25.5580347Z   PYTEST_FLAGS: --tardis-regression-data=/home/runner/work/tardis/tardis/tardis-regression-data --cov=tardis --cov-report=xml --cov-report=html --cov-append
2025-01-21T16:26:25.5581388Z   CODECOV_TOKEN: 
2025-01-21T16:26:25.5581616Z   MAMBA_ROOT_PREFIX: /home/runner/micromamba
2025-01-21T16:26:25.5581912Z   MAMBA_EXE: /home/runner/micromamba-bin/micromamba
2025-01-21T16:26:25.5582253Z   CONDARC: /home/runner/work/_temp/setup-micromamba/.condarc
2025-01-21T16:26:25.5582555Z ##[endgroup]
2025-01-21T16:26:26.1974965Z Obtaining file:///home/runner/work/tardis/tardis
2025-01-21T16:26:26.2002872Z   Installing build dependencies: started
2025-01-21T16:26:29.0296596Z   Installing build dependencies: finished with status 'done'
2025-01-21T16:26:29.0302496Z   Checking if build backend supports build_editable: started
2025-01-21T16:26:29.1523367Z   Checking if build backend supports build_editable: finished with status 'done'
2025-01-21T16:26:29.1531414Z   Getting requirements to build editable: started
2025-01-21T16:26:29.5979305Z   Getting requirements to build editable: finished with status 'done'
2025-01-21T16:26:29.5988013Z   Preparing editable metadata (pyproject.toml): started
2025-01-21T16:26:30.0426249Z   Preparing editable metadata (pyproject.toml): finished with status 'done'
2025-01-21T16:26:30.1019707Z Requirement already satisfied: astropy in /home/runner/micromamba/envs/tardis/lib/python3.12/site-packages (from tardis==0.0.0) (6.1.1)
2025-01-21T16:26:30.1422182Z Requirement already satisfied: numpy>=1.23 in /home/runner/micromamba/envs/tardis/lib/python3.12/site-packages (from astropy->tardis==0.0.0) (1.26.4)
2025-01-21T16:26:30.1432017Z Requirement already satisfied: pyerfa>=2.0.1.1 in /home/runner/micromamba/envs/tardis/lib/python3.12/site-packages (from astropy->tardis==0.0.0) (2.0.1.4)
2025-01-21T16:26:30.1443138Z Requirement already satisfied: astropy-iers-data>=0.2024.5.27.0.30.8 in /home/runner/micromamba/envs/tardis/lib/python3.12/site-packages (from astropy->tardis==0.0.0) (0.2024.6.17.0.31.35)
2025-01-21T16:26:30.1451908Z Requirement already satisfied: PyYAML>=3.13 in /home/runner/micromamba/envs/tardis/lib/python3.12/site-packages (from astropy->tardis==0.0.0) (6.0.1)
2025-01-21T16:26:30.1462053Z Requirement already satisfied: packaging>=19.0 in /home/runner/micromamba/envs/tardis/lib/python3.12/site-packages (from astropy->tardis==0.0.0) (24.1)
2025-01-21T16:26:30.1551040Z Building wheels for collected packages: tardis
2025-01-21T16:26:30.1560122Z   Building editable for tardis (pyproject.toml): started
2025-01-21T16:26:30.8882774Z   Building editable for tardis (pyproject.toml): finished with status 'done'
2025-01-21T16:26:30.8888631Z   Created wheel for tardis: filename=tardis-0.0.0-0.editable-py3-none-any.whl size=8878 sha256=ed320d94f86bac44a6fa5ff15b05d38aabfda75e30f8bad0da844170d5e0a11c
2025-01-21T16:26:30.8890265Z   Stored in directory: /tmp/pip-ephem-wheel-cache-5_dodbzv/wheels/6a/c7/ae/89fa6dc2565455898176888ef0e2e475e4e90eb0124afcb995
2025-01-21T16:26:30.8916438Z Successfully built tardis
2025-01-21T16:26:31.6665919Z Installing collected packages: tardis
2025-01-21T16:26:31.6752954Z Successfully installed tardis-0.0.0
2025-01-21T16:26:31.9050079Z ##[group]Run pip install qgridnext
2025-01-21T16:26:31.9050399Z [36;1mpip install qgridnext[0m
2025-01-21T16:26:31.9076857Z shell: /usr/bin/bash -l {0}
2025-01-21T16:26:31.9077082Z env:
2025-01-21T16:26:31.9077251Z   CACHE_NUMBER: 0
2025-01-21T16:26:31.9077863Z   PYTEST_FLAGS: --tardis-regression-data=/home/runner/work/tardis/tardis/tardis-regression-data --cov=tardis --cov-report=xml --cov-report=html --cov-append
2025-01-21T16:26:31.9078518Z   CODECOV_TOKEN: 
2025-01-21T16:26:31.9078737Z   MAMBA_ROOT_PREFIX: /home/runner/micromamba
2025-01-21T16:26:31.9079037Z   MAMBA_EXE: /home/runner/micromamba-bin/micromamba
2025-01-21T16:26:31.9079380Z   CONDARC: /home/runner/work/_temp/setup-micromamba/.condarc
2025-01-21T16:26:31.9079687Z ##[endgroup]
2025-01-21T16:26:32.5163306Z Collecting qgridnext
2025-01-21T16:26:32.5749410Z   Downloading qgridnext-2.0.4-py3-none-any.whl.metadata (9.9 kB)
2025-01-21T16:26:32.5837552Z Requirement already satisfied: pandas>=0.20.0 in /home/runner/micromamba/envs/tardis/lib/python3.12/site-packages (from qgridnext) (2.2.2)
2025-01-21T16:26:32.5847020Z Requirement already satisfied: ipywidgets>=7.0.0 in /home/runner/micromamba/envs/tardis/lib/python3.12/site-packages (from qgridnext) (7.8.0)
2025-01-21T16:26:32.5856706Z Requirement already satisfied: numpy in /home/runner/micromamba/envs/tardis/lib/python3.12/site-packages (from qgridnext) (1.26.4)
2025-01-21T16:26:32.5867387Z Requirement already satisfied: traitlets in /home/runner/micromamba/envs/tardis/lib/python3.12/site-packages (from qgridnext) (5.14.3)
2025-01-21T16:26:32.5954771Z Requirement already satisfied: comm>=0.1.3 in /home/runner/micromamba/envs/tardis/lib/python3.12/site-packages (from ipywidgets>=7.0.0->qgridnext) (0.2.2)
2025-01-21T16:26:32.5963879Z Requirement already satisfied: ipython-genutils~=0.2.0 in /home/runner/micromamba/envs/tardis/lib/python3.12/site-packages (from ipywidgets>=7.0.0->qgridnext) (0.2.0)
2025-01-21T16:26:32.5977232Z Requirement already satisfied: widgetsnbextension~=3.6.5 in /home/runner/micromamba/envs/tardis/lib/python3.12/site-packages (from ipywidgets>=7.0.0->qgridnext) (3.6.6)
2025-01-21T16:26:32.5995294Z Requirement already satisfied: ipython>=4.0.0 in /home/runner/micromamba/envs/tardis/lib/python3.12/site-packages (from ipywidgets>=7.0.0->qgridnext) (8.25.0)
2025-01-21T16:26:32.6010219Z Requirement already satisfied: jupyterlab-widgets<3,>=1.0.0 in /home/runner/micromamba/envs/tardis/lib/python3.12/site-packages (from ipywidgets>=7.0.0->qgridnext) (1.1.7)
2025-01-21T16:26:32.6455208Z Requirement already satisfied: python-dateutil>=2.8.2 in /home/runner/micromamba/envs/tardis/lib/python3.12/site-packages (from pandas>=0.20.0->qgridnext) (2.9.0)
2025-01-21T16:26:32.6469109Z Requirement already satisfied: pytz>=2020.1 in /home/runner/micromamba/envs/tardis/lib/python3.12/site-packages (from pandas>=0.20.0->qgridnext) (2024.1)
2025-01-21T16:26:32.6477593Z Requirement already satisfied: tzdata>=2022.7 in /home/runner/micromamba/envs/tardis/lib/python3.12/site-packages (from pandas>=0.20.0->qgridnext) (2024.1)
2025-01-21T16:26:32.6793744Z Requirement already satisfied: decorator in /home/runner/micromamba/envs/tardis/lib/python3.12/site-packages (from ipython>=4.0.0->ipywidgets>=7.0.0->qgridnext) (5.1.1)
2025-01-21T16:26:32.6808670Z Requirement already satisfied: jedi>=0.16 in /home/runner/micromamba/envs/tardis/lib/python3.12/site-packages (from ipython>=4.0.0->ipywidgets>=7.0.0->qgridnext) (0.19.1)
2025-01-21T16:26:32.6817816Z Requirement already satisfied: matplotlib-inline in /home/runner/micromamba/envs/tardis/lib/python3.12/site-packages (from ipython>=4.0.0->ipywidgets>=7.0.0->qgridnext) (0.1.7)
2025-01-21T16:26:32.6829189Z Requirement already satisfied: prompt-toolkit<3.1.0,>=3.0.41 in /home/runner/micromamba/envs/tardis/lib/python3.12/site-packages (from ipython>=4.0.0->ipywidgets>=7.0.0->qgridnext) (3.0.47)
2025-01-21T16:26:32.6839078Z Requirement already satisfied: pygments>=2.4.0 in /home/runner/micromamba/envs/tardis/lib/python3.12/site-packages (from ipython>=4.0.0->ipywidgets>=7.0.0->qgridnext) (2.18.0)
2025-01-21T16:26:32.6849919Z Requirement already satisfied: stack-data in /home/runner/micromamba/envs/tardis/lib/python3.12/site-packages (from ipython>=4.0.0->ipywidgets>=7.0.0->qgridnext) (0.6.2)
2025-01-21T16:26:32.6869600Z Requirement already satisfied: pexpect>4.3 in /home/runner/micromamba/envs/tardis/lib/python3.12/site-packages (from ipython>=4.0.0->ipywidgets>=7.0.0->qgridnext) (4.9.0)
2025-01-21T16:26:32.6918097Z Requirement already satisfied: six>=1.5 in /home/runner/micromamba/envs/tardis/lib/python3.12/site-packages (from python-dateutil>=2.8.2->pandas>=0.20.0->qgridnext) (1.16.0)
2025-01-21T16:26:32.6975703Z Requirement already satisfied: notebook>=4.4.1 in /home/runner/micromamba/envs/tardis/lib/python3.12/site-packages (from widgetsnbextension~=3.6.5->ipywidgets>=7.0.0->qgridnext) (7.2.1)
2025-01-21T16:26:32.7163783Z Requirement already satisfied: parso<0.9.0,>=0.8.3 in /home/runner/micromamba/envs/tardis/lib/python3.12/site-packages (from jedi>=0.16->ipython>=4.0.0->ipywidgets>=7.0.0->qgridnext) (0.8.4)
2025-01-21T16:26:32.7310341Z Requirement already satisfied: jupyter-server<3,>=2.4.0 in /home/runner/micromamba/envs/tardis/lib/python3.12/site-packages (from notebook>=4.4.1->widgetsnbextension~=3.6.5->ipywidgets>=7.0.0->qgridnext) (2.14.1)
2025-01-21T16:26:32.7324597Z Requirement already satisfied: jupyterlab-server<3,>=2.27.1 in /home/runner/micromamba/envs/tardis/lib/python3.12/site-packages (from notebook>=4.4.1->widgetsnbextension~=3.6.5->ipywidgets>=7.0.0->qgridnext) (2.27.2)
2025-01-21T16:26:32.7339948Z Requirement already satisfied: jupyterlab<4.3,>=4.2.0 in /home/runner/micromamba/envs/tardis/lib/python3.12/site-packages (from notebook>=4.4.1->widgetsnbextension~=3.6.5->ipywidgets>=7.0.0->qgridnext) (4.2.2)
2025-01-21T16:26:32.7351161Z Requirement already satisfied: notebook-shim<0.3,>=0.2 in /home/runner/micromamba/envs/tardis/lib/python3.12/site-packages (from notebook>=4.4.1->widgetsnbextension~=3.6.5->ipywidgets>=7.0.0->qgridnext) (0.2.4)
2025-01-21T16:26:32.7360161Z Requirement already satisfied: tornado>=6.2.0 in /home/runner/micromamba/envs/tardis/lib/python3.12/site-packages (from notebook>=4.4.1->widgetsnbextension~=3.6.5->ipywidgets>=7.0.0->qgridnext) (6.4.1)
2025-01-21T16:26:32.7389431Z Requirement already satisfied: ptyprocess>=0.5 in /home/runner/micromamba/envs/tardis/lib/python3.12/site-packages (from pexpect>4.3->ipython>=4.0.0->ipywidgets>=7.0.0->qgridnext) (0.7.0)
2025-01-21T16:26:32.7417228Z Requirement already satisfied: wcwidth in /home/runner/micromamba/envs/tardis/lib/python3.12/site-packages (from prompt-toolkit<3.1.0,>=3.0.41->ipython>=4.0.0->ipywidgets>=7.0.0->qgridnext) (0.2.13)
2025-01-21T16:26:32.7587851Z Requirement already satisfied: executing>=1.2.0 in /home/runner/micromamba/envs/tardis/lib/python3.12/site-packages (from stack-data->ipython>=4.0.0->ipywidgets>=7.0.0->qgridnext) (2.0.1)
2025-01-21T16:26:32.7596940Z Requirement already satisfied: asttokens>=2.1.0 in /home/runner/micromamba/envs/tardis/lib/python3.12/site-packages (from stack-data->ipython>=4.0.0->ipywidgets>=7.0.0->qgridnext) (2.4.1)
2025-01-21T16:26:32.7604772Z Requirement already satisfied: pure-eval in /home/runner/micromamba/envs/tardis/lib/python3.12/site-packages (from stack-data->ipython>=4.0.0->ipywidgets>=7.0.0->qgridnext) (0.2.2)
2025-01-21T16:26:32.7945276Z Requirement already satisfied: anyio>=3.1.0 in /home/runner/micromamba/envs/tardis/lib/python3.12/site-packages (from jupyter-server<3,>=2.4.0->notebook>=4.4.1->widgetsnbextension~=3.6.5->ipywidgets>=7.0.0->qgridnext) (4.4.0)
2025-01-21T16:26:32.7954979Z Requirement already satisfied: argon2-cffi>=21.1 in /home/runner/micromamba/envs/tardis/lib/python3.12/site-packages (from jupyter-server<3,>=2.4.0->notebook>=4.4.1->widgetsnbextension~=3.6.5->ipywidgets>=7.0.0->qgridnext) (23.1.0)
2025-01-21T16:26:32.7963337Z Requirement already satisfied: jinja2>=3.0.3 in /home/runner/micromamba/envs/tardis/lib/python3.12/site-packages (from jupyter-server<3,>=2.4.0->notebook>=4.4.1->widgetsnbextension~=3.6.5->ipywidgets>=7.0.0->qgridnext) (3.1.4)
2025-01-21T16:26:32.7974627Z Requirement already satisfied: jupyter-client>=7.4.4 in /home/runner/micromamba/envs/tardis/lib/python3.12/site-packages (from jupyter-server<3,>=2.4.0->notebook>=4.4.1->widgetsnbextension~=3.6.5->ipywidgets>=7.0.0->qgridnext) (8.6.2)
2025-01-21T16:26:32.7986030Z Requirement already satisfied: jupyter-core!=5.0.*,>=4.12 in /home/runner/micromamba/envs/tardis/lib/python3.12/site-packages (from jupyter-server<3,>=2.4.0->notebook>=4.4.1->widgetsnbextension~=3.6.5->ipywidgets>=7.0.0->qgridnext) (5.7.2)
2025-01-21T16:26:32.7996999Z Requirement already satisfied: jupyter-events>=0.9.0 in /home/runner/micromamba/envs/tardis/lib/python3.12/site-packages (from jupyter-server<3,>=2.4.0->notebook>=4.4.1->widgetsnbextension~=3.6.5->ipywidgets>=7.0.0->qgridnext) (0.10.0)
2025-01-21T16:26:32.8007977Z Requirement already satisfied: jupyter-server-terminals>=0.4.4 in /home/runner/micromamba/envs/tardis/lib/python3.12/site-packages (from jupyter-server<3,>=2.4.0->notebook>=4.4.1->widgetsnbextension~=3.6.5->ipywidgets>=7.0.0->qgridnext) (0.5.3)
2025-01-21T16:26:32.8021287Z Requirement already satisfied: nbconvert>=6.4.4 in /home/runner/micromamba/envs/tardis/lib/python3.12/site-packages (from jupyter-server<3,>=2.4.0->notebook>=4.4.1->widgetsnbextension~=3.6.5->ipywidgets>=7.0.0->qgridnext) (7.16.4)
2025-01-21T16:26:32.8031367Z Requirement already satisfied: nbformat>=5.3.0 in /home/runner/micromamba/envs/tardis/lib/python3.12/site-packages (from jupyter-server<3,>=2.4.0->notebook>=4.4.1->widgetsnbextension~=3.6.5->ipywidgets>=7.0.0->qgridnext) (5.10.4)
2025-01-21T16:26:32.8040030Z Requirement already satisfied: overrides>=5.0 in /home/runner/micromamba/envs/tardis/lib/python3.12/site-packages (from jupyter-server<3,>=2.4.0->notebook>=4.4.1->widgetsnbextension~=3.6.5->ipywidgets>=7.0.0->qgridnext) (7.7.0)
2025-01-21T16:26:32.8049564Z Requirement already satisfied: packaging>=22.0 in /home/runner/micromamba/envs/tardis/lib/python3.12/site-packages (from jupyter-server<3,>=2.4.0->notebook>=4.4.1->widgetsnbextension~=3.6.5->ipywidgets>=7.0.0->qgridnext) (24.1)
2025-01-21T16:26:32.8057849Z Requirement already satisfied: prometheus-client>=0.9 in /home/runner/micromamba/envs/tardis/lib/python3.12/site-packages (from jupyter-server<3,>=2.4.0->notebook>=4.4.1->widgetsnbextension~=3.6.5->ipywidgets>=7.0.0->qgridnext) (0.20.0)
2025-01-21T16:26:32.8068273Z Requirement already satisfied: pyzmq>=24 in /home/runner/micromamba/envs/tardis/lib/python3.12/site-packages (from jupyter-server<3,>=2.4.0->notebook>=4.4.1->widgetsnbextension~=3.6.5->ipywidgets>=7.0.0->qgridnext) (26.0.3)
2025-01-21T16:26:32.8077049Z Requirement already satisfied: send2trash>=1.8.2 in /home/runner/micromamba/envs/tardis/lib/python3.12/site-packages (from jupyter-server<3,>=2.4.0->notebook>=4.4.1->widgetsnbextension~=3.6.5->ipywidgets>=7.0.0->qgridnext) (1.8.3)
2025-01-21T16:26:32.8088098Z Requirement already satisfied: terminado>=0.8.3 in /home/runner/micromamba/envs/tardis/lib/python3.12/site-packages (from jupyter-server<3,>=2.4.0->notebook>=4.4.1->widgetsnbextension~=3.6.5->ipywidgets>=7.0.0->qgridnext) (0.18.1)
2025-01-21T16:26:32.8104668Z Requirement already satisfied: websocket-client>=1.7 in /home/runner/micromamba/envs/tardis/lib/python3.12/site-packages (from jupyter-server<3,>=2.4.0->notebook>=4.4.1->widgetsnbextension~=3.6.5->ipywidgets>=7.0.0->qgridnext) (1.8.0)
2025-01-21T16:26:32.8384886Z Requirement already satisfied: async-lru>=1.0.0 in /home/runner/micromamba/envs/tardis/lib/python3.12/site-packages (from jupyterlab<4.3,>=4.2.0->notebook>=4.4.1->widgetsnbextension~=3.6.5->ipywidgets>=7.0.0->qgridnext) (2.0.4)
2025-01-21T16:26:32.8396539Z Requirement already satisfied: httpx>=0.25.0 in /home/runner/micromamba/envs/tardis/lib/python3.12/site-packages (from jupyterlab<4.3,>=4.2.0->notebook>=4.4.1->widgetsnbextension~=3.6.5->ipywidgets>=7.0.0->qgridnext) (0.27.0)
2025-01-21T16:26:32.8408070Z Requirement already satisfied: ipykernel>=6.5.0 in /home/runner/micromamba/envs/tardis/lib/python3.12/site-packages (from jupyterlab<4.3,>=4.2.0->notebook>=4.4.1->widgetsnbextension~=3.6.5->ipywidgets>=7.0.0->qgridnext) (6.29.4)
2025-01-21T16:26:32.8422943Z Requirement already satisfied: jupyter-lsp>=2.0.0 in /home/runner/micromamba/envs/tardis/lib/python3.12/site-packages (from jupyterlab<4.3,>=4.2.0->notebook>=4.4.1->widgetsnbextension~=3.6.5->ipywidgets>=7.0.0->qgridnext) (2.2.5)
2025-01-21T16:26:32.8448596Z Requirement already satisfied: setuptools>=40.1.0 in /home/runner/micromamba/envs/tardis/lib/python3.12/site-packages (from jupyterlab<4.3,>=4.2.0->notebook>=4.4.1->widgetsnbextension~=3.6.5->ipywidgets>=7.0.0->qgridnext) (70.0.0)
2025-01-21T16:26:32.8739000Z Requirement already satisfied: babel>=2.10 in /home/runner/micromamba/envs/tardis/lib/python3.12/site-packages (from jupyterlab-server<3,>=2.27.1->notebook>=4.4.1->widgetsnbextension~=3.6.5->ipywidgets>=7.0.0->qgridnext) (2.14.0)
2025-01-21T16:26:32.8784772Z Requirement already satisfied: json5>=0.9.0 in /home/runner/micromamba/envs/tardis/lib/python3.12/site-packages (from jupyterlab-server<3,>=2.27.1->notebook>=4.4.1->widgetsnbextension~=3.6.5->ipywidgets>=7.0.0->qgridnext) (0.9.25)
2025-01-21T16:26:32.8801884Z Requirement already satisfied: jsonschema>=4.18.0 in /home/runner/micromamba/envs/tardis/lib/python3.12/site-packages (from jupyterlab-server<3,>=2.27.1->notebook>=4.4.1->widgetsnbextension~=3.6.5->ipywidgets>=7.0.0->qgridnext) (4.22.0)
2025-01-21T16:26:32.8831748Z Requirement already satisfied: requests>=2.31 in /home/runner/micromamba/envs/tardis/lib/python3.12/site-packages (from jupyterlab-server<3,>=2.27.1->notebook>=4.4.1->widgetsnbextension~=3.6.5->ipywidgets>=7.0.0->qgridnext) (2.32.3)
2025-01-21T16:26:32.9194424Z Requirement already satisfied: idna>=2.8 in /home/runner/micromamba/envs/tardis/lib/python3.12/site-packages (from anyio>=3.1.0->jupyter-server<3,>=2.4.0->notebook>=4.4.1->widgetsnbextension~=3.6.5->ipywidgets>=7.0.0->qgridnext) (3.7)
2025-01-21T16:26:32.9202895Z Requirement already satisfied: sniffio>=1.1 in /home/runner/micromamba/envs/tardis/lib/python3.12/site-packages (from anyio>=3.1.0->jupyter-server<3,>=2.4.0->notebook>=4.4.1->widgetsnbextension~=3.6.5->ipywidgets>=7.0.0->qgridnext) (1.3.1)
2025-01-21T16:26:32.9294119Z Requirement already satisfied: argon2-cffi-bindings in /home/runner/micromamba/envs/tardis/lib/python3.12/site-packages (from argon2-cffi>=21.1->jupyter-server<3,>=2.4.0->notebook>=4.4.1->widgetsnbextension~=3.6.5->ipywidgets>=7.0.0->qgridnext) (21.2.0)
2025-01-21T16:26:32.9464196Z Requirement already satisfied: certifi in /home/runner/micromamba/envs/tardis/lib/python3.12/site-packages (from httpx>=0.25.0->jupyterlab<4.3,>=4.2.0->notebook>=4.4.1->widgetsnbextension~=3.6.5->ipywidgets>=7.0.0->qgridnext) (2024.6.2)
2025-01-21T16:26:32.9478653Z Requirement already satisfied: httpcore==1.* in /home/runner/micromamba/envs/tardis/lib/python3.12/site-packages (from httpx>=0.25.0->jupyterlab<4.3,>=4.2.0->notebook>=4.4.1->widgetsnbextension~=3.6.5->ipywidgets>=7.0.0->qgridnext) (1.0.5)
2025-01-21T16:26:32.9555864Z Requirement already satisfied: h11<0.15,>=0.13 in /home/runner/micromamba/envs/tardis/lib/python3.12/site-packages (from httpcore==1.*->httpx>=0.25.0->jupyterlab<4.3,>=4.2.0->notebook>=4.4.1->widgetsnbextension~=3.6.5->ipywidgets>=7.0.0->qgridnext) (0.14.0)
2025-01-21T16:26:32.9738579Z Requirement already satisfied: debugpy>=1.6.5 in /home/runner/micromamba/envs/tardis/lib/python3.12/site-packages (from ipykernel>=6.5.0->jupyterlab<4.3,>=4.2.0->notebook>=4.4.1->widgetsnbextension~=3.6.5->ipywidgets>=7.0.0->qgridnext) (1.8.1)
2025-01-21T16:26:32.9758972Z Requirement already satisfied: nest-asyncio in /home/runner/micromamba/envs/tardis/lib/python3.12/site-packages (from ipykernel>=6.5.0->jupyterlab<4.3,>=4.2.0->notebook>=4.4.1->widgetsnbextension~=3.6.5->ipywidgets>=7.0.0->qgridnext) (1.6.0)
2025-01-21T16:26:32.9773606Z Requirement already satisfied: psutil in /home/runner/micromamba/envs/tardis/lib/python3.12/site-packages (from ipykernel>=6.5.0->jupyterlab<4.3,>=4.2.0->notebook>=4.4.1->widgetsnbextension~=3.6.5->ipywidgets>=7.0.0->qgridnext) (5.9.8)
2025-01-21T16:26:32.9835196Z Requirement already satisfied: MarkupSafe>=2.0 in /home/runner/micromamba/envs/tardis/lib/python3.12/site-packages (from jinja2>=3.0.3->jupyter-server<3,>=2.4.0->notebook>=4.4.1->widgetsnbextension~=3.6.5->ipywidgets>=7.0.0->qgridnext) (2.1.5)
2025-01-21T16:26:33.0025580Z Requirement already satisfied: attrs>=22.2.0 in /home/runner/micromamba/envs/tardis/lib/python3.12/site-packages (from jsonschema>=4.18.0->jupyterlab-server<3,>=2.27.1->notebook>=4.4.1->widgetsnbextension~=3.6.5->ipywidgets>=7.0.0->qgridnext) (23.2.0)
2025-01-21T16:26:33.0035401Z Requirement already satisfied: jsonschema-specifications>=2023.03.6 in /home/runner/micromamba/envs/tardis/lib/python3.12/site-packages (from jsonschema>=4.18.0->jupyterlab-server<3,>=2.27.1->notebook>=4.4.1->widgetsnbextension~=3.6.5->ipywidgets>=7.0.0->qgridnext) (2023.12.1)
2025-01-21T16:26:33.0043630Z Requirement already satisfied: referencing>=0.28.4 in /home/runner/micromamba/envs/tardis/lib/python3.12/site-packages (from jsonschema>=4.18.0->jupyterlab-server<3,>=2.27.1->notebook>=4.4.1->widgetsnbextension~=3.6.5->ipywidgets>=7.0.0->qgridnext) (0.35.1)
2025-01-21T16:26:33.0052419Z Requirement already satisfied: rpds-py>=0.7.1 in /home/runner/micromamba/envs/tardis/lib/python3.12/site-packages (from jsonschema>=4.18.0->jupyterlab-server<3,>=2.27.1->notebook>=4.4.1->widgetsnbextension~=3.6.5->ipywidgets>=7.0.0->qgridnext) (0.18.1)
2025-01-21T16:26:33.0313551Z Requirement already satisfied: platformdirs>=2.5 in /home/runner/micromamba/envs/tardis/lib/python3.12/site-packages (from jupyter-core!=5.0.*,>=4.12->jupyter-server<3,>=2.4.0->notebook>=4.4.1->widgetsnbextension~=3.6.5->ipywidgets>=7.0.0->qgridnext) (4.2.2)
2025-01-21T16:26:33.0461901Z Requirement already satisfied: python-json-logger>=2.0.4 in /home/runner/micromamba/envs/tardis/lib/python3.12/site-packages (from jupyter-events>=0.9.0->jupyter-server<3,>=2.4.0->notebook>=4.4.1->widgetsnbextension~=3.6.5->ipywidgets>=7.0.0->qgridnext) (2.0.7)
2025-01-21T16:26:33.0469915Z Requirement already satisfied: pyyaml>=5.3 in /home/runner/micromamba/envs/tardis/lib/python3.12/site-packages (from jupyter-events>=0.9.0->jupyter-server<3,>=2.4.0->notebook>=4.4.1->widgetsnbextension~=3.6.5->ipywidgets>=7.0.0->qgridnext) (6.0.1)
2025-01-21T16:26:33.0479620Z Requirement already satisfied: rfc3339-validator in /home/runner/micromamba/envs/tardis/lib/python3.12/site-packages (from jupyter-events>=0.9.0->jupyter-server<3,>=2.4.0->notebook>=4.4.1->widgetsnbextension~=3.6.5->ipywidgets>=7.0.0->qgridnext) (0.1.4)
2025-01-21T16:26:33.0487910Z Requirement already satisfied: rfc3986-validator>=0.1.1 in /home/runner/micromamba/envs/tardis/lib/python3.12/site-packages (from jupyter-events>=0.9.0->jupyter-server<3,>=2.4.0->notebook>=4.4.1->widgetsnbextension~=3.6.5->ipywidgets>=7.0.0->qgridnext) (0.1.1)
2025-01-21T16:26:33.0937190Z Requirement already satisfied: beautifulsoup4 in /home/runner/micromamba/envs/tardis/lib/python3.12/site-packages (from nbconvert>=6.4.4->jupyter-server<3,>=2.4.0->notebook>=4.4.1->widgetsnbextension~=3.6.5->ipywidgets>=7.0.0->qgridnext) (4.12.3)
2025-01-21T16:26:33.0956667Z Requirement already satisfied: bleach!=5.0.0 in /home/runner/micromamba/envs/tardis/lib/python3.12/site-packages (from nbconvert>=6.4.4->jupyter-server<3,>=2.4.0->notebook>=4.4.1->widgetsnbextension~=3.6.5->ipywidgets>=7.0.0->qgridnext) (6.1.0)
2025-01-21T16:26:33.0970380Z Requirement already satisfied: defusedxml in /home/runner/micromamba/envs/tardis/lib/python3.12/site-packages (from nbconvert>=6.4.4->jupyter-server<3,>=2.4.0->notebook>=4.4.1->widgetsnbextension~=3.6.5->ipywidgets>=7.0.0->qgridnext) (0.7.1)
2025-01-21T16:26:33.0984906Z Requirement already satisfied: jupyterlab-pygments in /home/runner/micromamba/envs/tardis/lib/python3.12/site-packages (from nbconvert>=6.4.4->jupyter-server<3,>=2.4.0->notebook>=4.4.1->widgetsnbextension~=3.6.5->ipywidgets>=7.0.0->qgridnext) (0.3.0)
2025-01-21T16:26:33.0996331Z Requirement already satisfied: mistune<4,>=2.0.3 in /home/runner/micromamba/envs/tardis/lib/python3.12/site-packages (from nbconvert>=6.4.4->jupyter-server<3,>=2.4.0->notebook>=4.4.1->widgetsnbextension~=3.6.5->ipywidgets>=7.0.0->qgridnext) (3.0.2)
2025-01-21T16:26:33.1008434Z Requirement already satisfied: nbclient>=0.5.0 in /home/runner/micromamba/envs/tardis/lib/python3.12/site-packages (from nbconvert>=6.4.4->jupyter-server<3,>=2.4.0->notebook>=4.4.1->widgetsnbextension~=3.6.5->ipywidgets>=7.0.0->qgridnext) (0.10.0)
2025-01-21T16:26:33.1024847Z Requirement already satisfied: pandocfilters>=1.4.1 in /home/runner/micromamba/envs/tardis/lib/python3.12/site-packages (from nbconvert>=6.4.4->jupyter-server<3,>=2.4.0->notebook>=4.4.1->widgetsnbextension~=3.6.5->ipywidgets>=7.0.0->qgridnext) (1.5.0)
2025-01-21T16:26:33.1034234Z Requirement already satisfied: tinycss2 in /home/runner/micromamba/envs/tardis/lib/python3.12/site-packages (from nbconvert>=6.4.4->jupyter-server<3,>=2.4.0->notebook>=4.4.1->widgetsnbextension~=3.6.5->ipywidgets>=7.0.0->qgridnext) (1.3.0)
2025-01-21T16:26:33.1149269Z Requirement already satisfied: fastjsonschema>=2.15 in /home/runner/micromamba/envs/tardis/lib/python3.12/site-packages (from nbformat>=5.3.0->jupyter-server<3,>=2.4.0->notebook>=4.4.1->widgetsnbextension~=3.6.5->ipywidgets>=7.0.0->qgridnext) (2.20.0)
2025-01-21T16:26:33.1451516Z Requirement already satisfied: charset-normalizer<4,>=2 in /home/runner/micromamba/envs/tardis/lib/python3.12/site-packages (from requests>=2.31->jupyterlab-server<3,>=2.27.1->notebook>=4.4.1->widgetsnbextension~=3.6.5->ipywidgets>=7.0.0->qgridnext) (3.3.2)
2025-01-21T16:26:33.1464862Z Requirement already satisfied: urllib3<3,>=1.21.1 in /home/runner/micromamba/envs/tardis/lib/python3.12/site-packages (from requests>=2.31->jupyterlab-server<3,>=2.27.1->notebook>=4.4.1->widgetsnbextension~=3.6.5->ipywidgets>=7.0.0->qgridnext) (2.2.2)
2025-01-21T16:26:33.2245998Z Requirement already satisfied: webencodings in /home/runner/micromamba/envs/tardis/lib/python3.12/site-packages (from bleach!=5.0.0->nbconvert>=6.4.4->jupyter-server<3,>=2.4.0->notebook>=4.4.1->widgetsnbextension~=3.6.5->ipywidgets>=7.0.0->qgridnext) (0.5.1)
2025-01-21T16:26:33.2809965Z Requirement already satisfied: fqdn in /home/runner/micromamba/envs/tardis/lib/python3.12/site-packages (from jsonschema[format-nongpl]>=4.18.0->jupyter-events>=0.9.0->jupyter-server<3,>=2.4.0->notebook>=4.4.1->widgetsnbextension~=3.6.5->ipywidgets>=7.0.0->qgridnext) (1.5.1)
2025-01-21T16:26:33.2827222Z Requirement already satisfied: isoduration in /home/runner/micromamba/envs/tardis/lib/python3.12/site-packages (from jsonschema[format-nongpl]>=4.18.0->jupyter-events>=0.9.0->jupyter-server<3,>=2.4.0->notebook>=4.4.1->widgetsnbextension~=3.6.5->ipywidgets>=7.0.0->qgridnext) (20.11.0)
2025-01-21T16:26:33.2840425Z Requirement already satisfied: jsonpointer>1.13 in /home/runner/micromamba/envs/tardis/lib/python3.12/site-packages (from jsonschema[format-nongpl]>=4.18.0->jupyter-events>=0.9.0->jupyter-server<3,>=2.4.0->notebook>=4.4.1->widgetsnbextension~=3.6.5->ipywidgets>=7.0.0->qgridnext) (3.0.0)
2025-01-21T16:26:33.2856730Z Requirement already satisfied: uri-template in /home/runner/micromamba/envs/tardis/lib/python3.12/site-packages (from jsonschema[format-nongpl]>=4.18.0->jupyter-events>=0.9.0->jupyter-server<3,>=2.4.0->notebook>=4.4.1->widgetsnbextension~=3.6.5->ipywidgets>=7.0.0->qgridnext) (1.3.0)
2025-01-21T16:26:33.2870354Z Requirement already satisfied: webcolors>=1.11 in /home/runner/micromamba/envs/tardis/lib/python3.12/site-packages (from jsonschema[format-nongpl]>=4.18.0->jupyter-events>=0.9.0->jupyter-server<3,>=2.4.0->notebook>=4.4.1->widgetsnbextension~=3.6.5->ipywidgets>=7.0.0->qgridnext) (24.6.0)
2025-01-21T16:26:33.3872177Z Requirement already satisfied: cffi>=1.0.1 in /home/runner/micromamba/envs/tardis/lib/python3.12/site-packages (from argon2-cffi-bindings->argon2-cffi>=21.1->jupyter-server<3,>=2.4.0->notebook>=4.4.1->widgetsnbextension~=3.6.5->ipywidgets>=7.0.0->qgridnext) (1.16.0)
2025-01-21T16:26:33.3967159Z Requirement already satisfied: soupsieve>1.2 in /home/runner/micromamba/envs/tardis/lib/python3.12/site-packages (from beautifulsoup4->nbconvert>=6.4.4->jupyter-server<3,>=2.4.0->notebook>=4.4.1->widgetsnbextension~=3.6.5->ipywidgets>=7.0.0->qgridnext) (2.5)
2025-01-21T16:26:33.4485156Z Requirement already satisfied: pycparser in /home/runner/micromamba/envs/tardis/lib/python3.12/site-packages (from cffi>=1.0.1->argon2-cffi-bindings->argon2-cffi>=21.1->jupyter-server<3,>=2.4.0->notebook>=4.4.1->widgetsnbextension~=3.6.5->ipywidgets>=7.0.0->qgridnext) (2.22)
2025-01-21T16:26:33.4976729Z Requirement already satisfied: arrow>=0.15.0 in /home/runner/micromamba/envs/tardis/lib/python3.12/site-packages (from isoduration->jsonschema[format-nongpl]>=4.18.0->jupyter-events>=0.9.0->jupyter-server<3,>=2.4.0->notebook>=4.4.1->widgetsnbextension~=3.6.5->ipywidgets>=7.0.0->qgridnext) (1.3.0)
2025-01-21T16:26:33.5273079Z Requirement already satisfied: types-python-dateutil>=2.8.10 in /home/runner/micromamba/envs/tardis/lib/python3.12/site-packages (from arrow>=0.15.0->isoduration->jsonschema[format-nongpl]>=4.18.0->jupyter-events>=0.9.0->jupyter-server<3,>=2.4.0->notebook>=4.4.1->widgetsnbextension~=3.6.5->ipywidgets>=7.0.0->qgridnext) (2.9.0.20240316)
2025-01-21T16:26:33.5604936Z Downloading qgridnext-2.0.4-py3-none-any.whl (1.3 MB)
2025-01-21T16:26:33.6238753Z    â”â”â”â”â”â”â”â”â”â”â”â”â”â”â”â”â”â”â”â”â”â”â”â”â”â”â”â”â”â”â”â”â”â”â”â”â”â”â”â” 1.3/1.3 MB 20.6 MB/s eta 0:00:00
2025-01-21T16:26:34.4214963Z Installing collected packages: qgridnext
2025-01-21T16:26:34.5111202Z Successfully installed qgridnext-2.0.4
2025-01-21T16:26:34.7187919Z ##[group]Run pytest tardis --tardis-regression-data=/home/runner/work/tardis/tardis/tardis-regression-data --cov=tardis --cov-report=xml --cov-report=html --cov-append -m "not continuum"
2025-01-21T16:26:34.7189222Z [36;1mpytest tardis --tardis-regression-data=/home/runner/work/tardis/tardis/tardis-regression-data --cov=tardis --cov-report=xml --cov-report=html --cov-append -m "not continuum"[0m
2025-01-21T16:26:34.7216228Z shell: /usr/bin/bash -l {0}
2025-01-21T16:26:34.7216491Z env:
2025-01-21T16:26:34.7216660Z   CACHE_NUMBER: 0
2025-01-21T16:26:34.7217277Z   PYTEST_FLAGS: --tardis-regression-data=/home/runner/work/tardis/tardis/tardis-regression-data --cov=tardis --cov-report=xml --cov-report=html --cov-append
2025-01-21T16:26:34.7217921Z   CODECOV_TOKEN: 
2025-01-21T16:26:34.7218136Z   MAMBA_ROOT_PREFIX: /home/runner/micromamba
2025-01-21T16:26:34.7218448Z   MAMBA_EXE: /home/runner/micromamba-bin/micromamba
2025-01-21T16:26:34.7218827Z   CONDARC: /home/runner/work/_temp/setup-micromamba/.condarc
2025-01-21T16:26:34.7219132Z ##[endgroup]
2025-01-21T16:26:43.0496847Z ============================= test session starts ==============================
2025-01-21T16:26:43.0497828Z platform linux -- Python 3.12.4, pytest-8.2.2, pluggy-1.5.0
2025-01-21T16:26:43.0498656Z rootdir: /home/runner/work/tardis/tardis
2025-01-21T16:26:43.0499315Z configfile: pyproject.toml
2025-01-21T16:26:43.0499983Z plugins: anyio-4.4.0, doctestplus-1.2.1, cov-5.0.0, html-4.1.1, metadata-3.1.1
2025-01-21T16:26:43.0501185Z collected 1796 items / 2 deselected / 1794 selected
2025-01-21T16:26:43.0501471Z 
2025-01-21T16:26:47.9187431Z tardis/energy_input/tests/test_energy_source.py ..xxx                    [  0%]
2025-01-21T16:26:50.5846727Z tardis/energy_input/tests/test_gamma_ray_channel.py ...........          [  0%]
2025-01-21T16:26:50.7227612Z tardis/energy_input/tests/test_gamma_ray_grid.py xxE                     [  1%]
2025-01-21T16:26:51.0834084Z tardis/energy_input/tests/test_gamma_ray_interactions.py xxE...          [  1%]
2025-01-21T16:26:51.0924373Z tardis/energy_input/tests/test_gamma_ray_packet_source.py sssssssss      [  1%]
2025-01-21T16:26:53.2334544Z tardis/energy_input/tests/test_util.py .....xxxx.....                    [  2%]
2025-01-21T16:26:53.5671759Z tardis/grid/tests/test_grid.py .                                         [  2%]
2025-01-21T16:26:53.5687781Z tardis/gui/tests/test_gui.py s                                           [  2%]
2025-01-21T16:26:57.0810140Z tardis/io/configuration/tests/test_config_reader.py ...........          [  3%]
2025-01-21T16:26:57.0936963Z tardis/io/configuration/tests/test_configuration_namespace.py .........  [  3%]
2025-01-21T16:26:57.1240243Z tardis/io/logger/tests/test_logging.py ssssssssssssssssssssssssssss      [  5%]
2025-01-21T16:27:34.4291588Z tardis/io/model/readers/tests/test_arepo_parser.py ..                    [  5%]
2025-01-21T16:27:34.4435732Z tardis/io/model/readers/tests/test_ascii_readers.py ...                  [  5%]
2025-01-21T16:27:34.4541756Z tardis/io/model/readers/tests/test_cmfgen_reader.py ..                   [  5%]
2025-01-21T16:27:34.4834278Z tardis/io/model/readers/tests/test_csvy_reader.py ....                   [  6%]
2025-01-21T16:27:34.5041692Z tardis/io/model/readers/tests/test_stella_reader.py ..                   [  6%]
2025-01-21T16:27:34.7990354Z tardis/io/tests/test_HDFWriter.py ...............                        [  7%]
2025-01-21T16:27:35.1239487Z tardis/io/tests/test_atomic.py .....                                     [  7%]
2025-01-21T16:27:35.1430069Z tardis/io/tests/test_decay.py ..                                         [  7%]
2025-01-21T16:27:35.3344308Z tardis/io/tests/test_model_reader.py ......                              [  7%]
2025-01-21T16:27:35.3409689Z tardis/model/geometry/tests/test_radial1d.py ..                          [  7%]
2025-01-21T16:28:32.3599948Z tardis/model/tests/test_base.py ........................................ [ 10%]
2025-01-21T16:28:33.3349689Z ............                                                             [ 10%]
2025-01-21T16:28:36.3358537Z tardis/model/tests/test_csvy_model.py .........                          [ 11%]
2025-01-21T16:28:36.3816737Z tardis/model/tests/test_density.py ..                                    [ 11%]
2025-01-21T16:28:37.6626864Z tardis/opacities/tests/test_opacity_solver.py .....                      [ 11%]
2025-01-21T16:28:38.9671188Z tardis/opacities/tests/test_opacity_state_numba.py .....                 [ 11%]
2025-01-21T16:28:40.6678919Z tardis/opacities/tests/test_tau_sobolev.py FF                            [ 12%]
2025-01-21T16:28:43.7793878Z tardis/plasma/equilibrium/tests/test_collisional_transitions.py ...      [ 12%]
2025-01-21T16:29:29.2635979Z tardis/plasma/equilibrium/tests/test_level_populations.py ....           [ 12%]
2025-01-21T16:29:40.8055613Z tardis/plasma/equilibrium/tests/test_rate_matrix.py .                    [ 12%]
2025-01-21T16:29:42.2125499Z tardis/plasma/tests/test_complete_plasmas.py .....................s..... [ 13%]
2025-01-21T16:29:45.1156700Z s....ssssss............s............ss.....s....ssssss............s..... [ 18%]
2025-01-21T16:29:46.8244644Z .......ss.....s....ssssss............s............ss.....s....ssssss.... [ 22%]
2025-01-21T16:29:49.6879642Z ........s............ss.....s........ss............s............ss.....s [ 26%]
2025-01-21T16:29:52.5634830Z ........ss............s............ss.....s....ssssss............s...... [ 30%]
2025-01-21T16:29:53.2967502Z ......ss.....s....ssssss............s............ss.....s.ss.ssssss..... [ 34%]
2025-01-21T16:29:56.5213511Z .......s............ss.....s....ssssss............s............ss.....s. [ 38%]
2025-01-21T16:29:59.3958734Z ...ssssss............s............ss.....s....ssssss............s....... [ 42%]
2025-01-21T16:30:02.4580092Z .....ss.....s....ssssss............s............s...........ssssss...... [ 46%]
2025-01-21T16:30:04.2847261Z ......s............s...........ssssss............s............s......... [ 50%]
2025-01-21T16:30:07.1799171Z ..ssssss............s............ss.....s....ssssss............s........ [ 54%]
2025-01-21T16:30:10.6696099Z ....ss.....s....ssssss..........................s.....s....ssss......... [ 58%]
2025-01-21T16:30:10.9939210Z ...................s.....s....ssss.......                                [ 60%]
2025-01-21T16:30:11.1079497Z tardis/plasma/tests/test_hdf_plasma.py ................................. [ 62%]
2025-01-21T16:30:11.1194350Z ......                                                                   [ 62%]
2025-01-21T16:30:11.2491732Z tardis/plasma/tests/test_nlte_excitation.py ...                          [ 62%]
2025-01-21T16:32:27.6189006Z tardis/plasma/tests/test_nlte_solver.py .....X                           [ 63%]
2025-01-21T16:32:27.6216529Z tardis/plasma/tests/test_plasma_continuum.py .                           [ 63%]
2025-01-21T16:32:51.2367713Z tardis/plasma/tests/test_plasma_vboundary.py .............               [ 63%]
2025-01-21T16:33:04.1386844Z tardis/plasma/tests/test_tardis_model_density_config.py ...              [ 64%]
2025-01-21T16:33:04.8769199Z tardis/simulation/tests/test_convergence.py .....                        [ 64%]
2025-01-21T16:33:13.4014508Z tardis/simulation/tests/test_simulation.py .............                 [ 65%]
2025-01-21T16:33:13.4207271Z tardis/spectrum/tests/test_cuda_formal_integral.py sssssssssssssssssssss [ 66%]
2025-01-21T16:33:13.9139212Z ssss...ssssssssssssssssssssss                                            [ 67%]
2025-01-21T16:33:13.9212343Z tardis/spectrum/tests/test_luminosity.py ....                            [ 68%]
2025-01-21T16:33:15.5033015Z tardis/spectrum/tests/test_numba_formal_integral.py .................... [ 69%]
2025-01-21T16:33:15.5226362Z ..........                                                               [ 69%]
2025-01-21T16:33:15.6935411Z tardis/spectrum/tests/test_spectrum.py ................................. [ 71%]
2025-01-21T16:33:15.7258968Z .........                                                                [ 72%]
2025-01-21T16:33:34.4777301Z tardis/spectrum/tests/test_spectrum_solver.py ....                       [ 72%]
2025-01-21T16:34:36.4644312Z tardis/tests/test_tardis_full.py ....                                    [ 72%]
2025-01-21T16:36:00.1191496Z tardis/tests/test_tardis_full_formal_integral.py ................        [ 73%]
2025-01-21T16:36:00.1937803Z tardis/tests/test_util.py .............................................  [ 75%]
2025-01-21T16:36:02.8246408Z tardis/transport/montecarlo/tests/test_base.py x.....................    [ 77%]
2025-01-21T16:36:10.4128987Z tardis/transport/montecarlo/tests/test_interaction.py .......            [ 77%]
2025-01-21T16:36:10.6356923Z tardis/transport/montecarlo/tests/test_macro_atom.py ....                [ 77%]
2025-01-21T16:36:10.6538565Z tardis/transport/montecarlo/tests/test_montecarlo.py sssssssssssssssssss [ 78%]
2025-01-21T16:36:10.6959701Z sssssssssssssssssssssssssssssssssssssssssssss                            [ 81%]
2025-01-21T16:36:19.5104360Z tardis/transport/montecarlo/tests/test_montecarlo_main_loop.py x..       [ 81%]
2025-01-21T16:36:19.5171459Z tardis/transport/montecarlo/tests/test_nonhomologous.py ...              [ 81%]
2025-01-21T16:36:25.7382727Z tardis/transport/montecarlo/tests/test_numba_interface.py .....x.        [ 82%]
2025-01-21T16:36:26.2275155Z tardis/transport/montecarlo/tests/test_opacities.py ...............      [ 82%]
2025-01-21T16:36:27.2707754Z tardis/transport/montecarlo/tests/test_packet.py .................xXXXXX [ 84%]
2025-01-21T16:36:27.4077094Z XX.........                                                              [ 84%]
2025-01-21T16:36:27.4358344Z tardis/transport/montecarlo/tests/test_packet_source.py ........         [ 85%]
2025-01-21T16:36:27.7492340Z tardis/transport/montecarlo/tests/test_rpacket_last_interaction_tracker.py . [ 85%]
2025-01-21T16:36:28.1714804Z .....                                                                    [ 85%]
2025-01-21T16:37:03.0465352Z tardis/transport/montecarlo/tests/test_rpacket_tracker.py ......         [ 85%]
2025-01-21T16:37:03.0750627Z tardis/transport/montecarlo/tests/test_single_packet_loop.py xxx         [ 86%]
2025-01-21T16:37:03.0782201Z tardis/transport/montecarlo/tests/test_tracker_utils.py ..               [ 86%]
2025-01-21T16:37:05.4865137Z tardis/transport/montecarlo/tests/test_vpacket.py ..x.                   [ 86%]
2025-01-21T16:37:05.5038094Z tardis/transport/montecarlo/tests/test_weighted_packet_source.py ....    [ 86%]
2025-01-21T16:37:08.9317322Z tardis/transport/montecarlo/tests/test_weighted_packet_source_integration.py . [ 86%]
2025-01-21T16:37:08.9319127Z                                                                          [ 86%]
2025-01-21T16:37:09.6779926Z tardis/transport/tests/test_doppler_factor.py ..................         [ 87%]
2025-01-21T16:37:11.0257337Z tardis/visualization/tools/tests/test_convergence_plot.py .............. [ 88%]
2025-01-21T16:37:13.2335114Z ......                                                                   [ 88%]
2025-01-21T16:37:17.8758560Z tardis/visualization/tools/tests/test_liv_plot.py ...................... [ 90%]
2025-01-21T16:37:21.0024635Z .............................                                            [ 91%]
2025-01-21T16:37:23.8345303Z tardis/visualization/tools/tests/test_rpacket_plot.py .................. [ 92%]
2025-01-21T16:37:30.8306539Z ....                                                                     [ 92%]
2025-01-21T16:37:36.7445725Z tardis/visualization/tools/tests/test_sdec_plot.py ..................... [ 94%]
2025-01-21T16:37:44.7371677Z ..............................                                           [ 95%]
2025-01-21T16:37:45.1690324Z tardis/visualization/widgets/tests/test_custom_abundance.py ........ss.. [ 96%]
2025-01-21T16:37:45.2416307Z ....                                                                     [ 96%]
2025-01-21T16:37:46.2915135Z tardis/visualization/widgets/tests/test_line_info.py ................... [ 97%]
2025-01-21T16:37:46.9262118Z ..................                                                       [ 98%]
2025-01-21T16:38:50.4621520Z tardis/visualization/widgets/tests/test_shell_info.py .................. [ 99%]
2025-01-21T16:38:56.6658815Z ......                                                                   [100%]
2025-01-21T16:38:56.6659306Z 
2025-01-21T16:38:56.6659486Z ==================================== ERRORS ====================================
2025-01-21T16:38:56.6660098Z ______________________ ERROR at setup of test_move_packet ______________________
2025-01-21T16:38:56.6660592Z 
2025-01-21T16:38:56.6661029Z     @pytest.fixture(scope="function")
2025-01-21T16:38:56.6661499Z     def basic_gamma_ray():
2025-01-21T16:38:56.6661889Z         """basic gamma ray fixture
2025-01-21T16:38:56.6662274Z     
2025-01-21T16:38:56.6662546Z         Returns
2025-01-21T16:38:56.6662855Z         -------
2025-01-21T16:38:56.6663170Z         GXPacket
2025-01-21T16:38:56.6663542Z         """
2025-01-21T16:38:56.6663790Z >       return GXPacket(
2025-01-21T16:38:56.6664195Z             location=np.array([1.36375693e13, 4.10589818e14, 9.11718168e14]),
2025-01-21T16:38:56.6664781Z             direction=np.array([-0.97113853, 0.23134328, -0.05805379]),
2025-01-21T16:38:56.6665216Z             energy_rf=1e52,
2025-01-21T16:38:56.6665511Z             energy_cmf=1e52,
2025-01-21T16:38:56.6665813Z             nu_rf=1000.0e3 / H_CGS_KEV,
2025-01-21T16:38:56.6666154Z             nu_cmf=1000.0e3 / H_CGS_KEV,
2025-01-21T16:38:56.6666525Z             status=GXPacketStatus.IN_PROCESS,
2025-01-21T16:38:56.6666884Z             shell=1,
2025-01-21T16:38:56.6667154Z             time_current=1000,
2025-01-21T16:38:56.6667446Z         )
2025-01-21T16:38:56.6667574Z 
2025-01-21T16:38:56.6667721Z tardis/energy_input/tests/conftest.py:16: 
2025-01-21T16:38:56.6668135Z _ _ _ _ _ _ _ _ _ _ _ _ _ _ _ _ _ _ _ _ _ _ _ _ _ _ _ _ _ _ _ _ _ _ _ _ _ _ _ _ 
2025-01-21T16:38:56.6668890Z ../../../micromamba/envs/tardis/lib/python3.12/site-packages/numba/experimental/jitclass/base.py:124: in __call__
2025-01-21T16:38:56.6669636Z     return cls._ctor(*bind.args[1:], **bind.kwargs)
2025-01-21T16:38:56.6670348Z ../../../micromamba/envs/tardis/lib/python3.12/site-packages/numba/core/dispatcher.py:468: in _compile_for_args
2025-01-21T16:38:56.6671219Z     error_rewrite(e, 'typing')
2025-01-21T16:38:56.6671581Z _ _ _ _ _ _ _ _ _ _ _ _ _ _ _ _ _ _ _ _ _ _ _ _ _ _ _ _ _ _ _ _ _ _ _ _ _ _ _ _ 
2025-01-21T16:38:56.6671869Z 
2025-01-21T16:38:56.6672712Z e = TypingError('Failed in nopython mode pipeline (step: nopython frontend)\n\x1b[1m\x1b[1m\x1b[1m\x1b[1mFailed in nopytho... <string> (3)\n\x1b[0m\n\x1b[1m\nFile "<string>", line 3:\x1b[0m\n\x1b[1m<source missing, REPL/exec in use?>\x1b[0m\n')
2025-01-21T16:38:56.6673834Z issue_type = 'typing'
2025-01-21T16:38:56.6674013Z 
2025-01-21T16:38:56.6674139Z     def error_rewrite(e, issue_type):
2025-01-21T16:38:56.6674482Z         """
2025-01-21T16:38:56.6674859Z         Rewrite and raise Exception `e` with help supplied based on the
2025-01-21T16:38:56.6675343Z         specified issue_type.
2025-01-21T16:38:56.6675659Z         """
2025-01-21T16:38:56.6675924Z         if config.SHOW_HELP:
2025-01-21T16:38:56.6676286Z             help_msg = errors.error_extras[issue_type]
2025-01-21T16:38:56.6676767Z             e.patch_message('\n'.join((str(e).rstrip(), help_msg)))
2025-01-21T16:38:56.6677220Z         if config.FULL_TRACEBACKS:
2025-01-21T16:38:56.6677558Z             raise e
2025-01-21T16:38:56.6677822Z         else:
2025-01-21T16:38:56.6678099Z >           raise e.with_traceback(None)
2025-01-21T16:38:56.6679044Z E           numba.core.errors.TypingError: Failed in nopython mode pipeline (step: nopython frontend)
2025-01-21T16:38:56.6680117Z E           [1m[1m[1m[1mFailed in nopython mode pipeline (step: nopython frontend)
2025-01-21T16:38:56.6682425Z E           [1m[1mCannot resolve setattr: (instance.jitclass.GXPacket#7f6d9634bbc0<location:array(float64, 1d, A),direction:array(float64, 1d, A),energy_rf:float64,energy_cmf:float64,nu_rf:float64,nu_cmf:float64,status:int64,shell:int64,time_current:float64,tau:float64>).tau_event = float64
2025-01-21T16:38:56.6683931Z E           [1m
2025-01-21T16:38:56.6684368Z E           File "tardis/energy_input/GXPacket.py", line 66:[0m
2025-01-21T16:38:56.6684854Z E           [1m    def __init__(
2025-01-21T16:38:56.6685187Z E                   <source elided>
2025-01-21T16:38:56.6685611Z E                   self.time_current = time_current
2025-01-21T16:38:56.6686283Z E           [1m        self.tau_event = -np.log(np.random.random())
2025-01-21T16:38:56.6686902Z E           [0m        [1m^[0m[0m
2025-01-21T16:38:56.6687369Z E           [0m
2025-01-21T16:38:56.6688355Z E           [0m[1mDuring: typing of set attribute 'tau_event' at /home/runner/work/tardis/tardis/tardis/energy_input/GXPacket.py (66)[0m
2025-01-21T16:38:56.6689339Z E           [1m
2025-01-21T16:38:56.6689860Z E           File "tardis/energy_input/GXPacket.py", line 66:[0m
2025-01-21T16:38:56.6690452Z E           [1m    def __init__(
2025-01-21T16:38:56.6691053Z E                   <source elided>
2025-01-21T16:38:56.6691502Z E                   self.time_current = time_current
2025-01-21T16:38:56.6692123Z E           [1m        self.tau_event = -np.log(np.random.random())
2025-01-21T16:38:56.6692626Z E           [0m        [1m^[0m[0m
2025-01-21T16:38:56.6692957Z E           
2025-01-21T16:38:56.6694535Z E           [0m[1mDuring: resolving callee type: jitclass.GXPacket#7f6d9634bbc0<location:array(float64, 1d, A),direction:array(float64, 1d, A),energy_rf:float64,energy_cmf:float64,nu_rf:float64,nu_cmf:float64,status:int64,shell:int64,time_current:float64,tau:float64>[0m
2025-01-21T16:38:56.6696080Z E           [0m[1mDuring: typing of call at <string> (3)
2025-01-21T16:38:56.6696515Z E           [0m
2025-01-21T16:38:56.6698089Z E           [0m[1mDuring: resolving callee type: jitclass.GXPacket#7f6d9634bbc0<location:array(float64, 1d, A),direction:array(float64, 1d, A),energy_rf:float64,energy_cmf:float64,nu_rf:float64,nu_cmf:float64,status:int64,shell:int64,time_current:float64,tau:float64>[0m
2025-01-21T16:38:56.6699619Z E           [0m[1mDuring: typing of call at <string> (3)
2025-01-21T16:38:56.6700054Z E           [0m
2025-01-21T16:38:56.6700351Z E           [1m
2025-01-21T16:38:56.6700863Z E           File "<string>", line 3:[0m
2025-01-21T16:38:56.6701372Z E           [1m<source missing, REPL/exec in use?>[0m
2025-01-21T16:38:56.6701663Z 
2025-01-21T16:38:56.6702101Z ../../../micromamba/envs/tardis/lib/python3.12/site-packages/numba/core/dispatcher.py:409: TypingError
2025-01-21T16:38:56.6702924Z _____________________ ERROR at setup of test_pair_creation _____________________
2025-01-21T16:38:56.6703305Z 
2025-01-21T16:38:56.6703454Z     @pytest.fixture(scope="function")
2025-01-21T16:38:56.6703836Z     def basic_gamma_ray():
2025-01-21T16:38:56.6704184Z         """basic gamma ray fixture
2025-01-21T16:38:56.6704517Z     
2025-01-21T16:38:56.6704760Z         Returns
2025-01-21T16:38:56.6705036Z         -------
2025-01-21T16:38:56.6705355Z         GXPacket
2025-01-21T16:38:56.6705657Z         """
2025-01-21T16:38:56.6705948Z >       return GXPacket(
2025-01-21T16:38:56.6706428Z             location=np.array([1.36375693e13, 4.10589818e14, 9.11718168e14]),
2025-01-21T16:38:56.6707108Z             direction=np.array([-0.97113853, 0.23134328, -0.05805379]),
2025-01-21T16:38:56.6707655Z             energy_rf=1e52,
2025-01-21T16:38:56.6708038Z             energy_cmf=1e52,
2025-01-21T16:38:56.6708433Z             nu_rf=1000.0e3 / H_CGS_KEV,
2025-01-21T16:38:56.6709164Z             nu_cmf=1000.0e3 / H_CGS_KEV,
2025-01-21T16:38:56.6709638Z             status=GXPacketStatus.IN_PROCESS,
2025-01-21T16:38:56.6710096Z             shell=1,
2025-01-21T16:38:56.6710443Z             time_current=1000,
2025-01-21T16:38:56.6711053Z         )
2025-01-21T16:38:56.6711236Z 
2025-01-21T16:38:56.6711418Z tardis/energy_input/tests/conftest.py:16: 
2025-01-21T16:38:56.6711967Z _ _ _ _ _ _ _ _ _ _ _ _ _ _ _ _ _ _ _ _ _ _ _ _ _ _ _ _ _ _ _ _ _ _ _ _ _ _ _ _ 
2025-01-21T16:38:56.6713177Z ../../../micromamba/envs/tardis/lib/python3.12/site-packages/numba/experimental/jitclass/base.py:124: in __call__
2025-01-21T16:38:56.6714163Z     return cls._ctor(*bind.args[1:], **bind.kwargs)
2025-01-21T16:38:56.6715091Z ../../../micromamba/envs/tardis/lib/python3.12/site-packages/numba/core/dispatcher.py:468: in _compile_for_args
2025-01-21T16:38:56.6715924Z     error_rewrite(e, 'typing')
2025-01-21T16:38:56.6716355Z _ _ _ _ _ _ _ _ _ _ _ _ _ _ _ _ _ _ _ _ _ _ _ _ _ _ _ _ _ _ _ _ _ _ _ _ _ _ _ _ 
2025-01-21T16:38:56.6716708Z 
2025-01-21T16:38:56.6717777Z e = TypingError('Failed in nopython mode pipeline (step: nopython frontend)\n\x1b[1m\x1b[1m\x1b[1m\x1b[1mFailed in nopytho... <string> (3)\n\x1b[0m\n\x1b[1m\nFile "<string>", line 3:\x1b[0m\n\x1b[1m<source missing, REPL/exec in use?>\x1b[0m\n')
2025-01-21T16:38:56.6719098Z issue_type = 'typing'
2025-01-21T16:38:56.6719314Z 
2025-01-21T16:38:56.6719464Z     def error_rewrite(e, issue_type):
2025-01-21T16:38:56.6719856Z         """
2025-01-21T16:38:56.6720279Z         Rewrite and raise Exception `e` with help supplied based on the
2025-01-21T16:38:56.6721059Z         specified issue_type.
2025-01-21T16:38:56.6721409Z         """
2025-01-21T16:38:56.6721698Z         if config.SHOW_HELP:
2025-01-21T16:38:56.6722111Z             help_msg = errors.error_extras[issue_type]
2025-01-21T16:38:56.6722650Z             e.patch_message('\n'.join((str(e).rstrip(), help_msg)))
2025-01-21T16:38:56.6723164Z         if config.FULL_TRACEBACKS:
2025-01-21T16:38:56.6723568Z             raise e
2025-01-21T16:38:56.6723876Z         else:
2025-01-21T16:38:56.6724187Z >           raise e.with_traceback(None)
2025-01-21T16:38:56.6724875Z E           numba.core.errors.TypingError: Failed in nopython mode pipeline (step: nopython frontend)
2025-01-21T16:38:56.6725884Z E           [1m[1m[1m[1mFailed in nopython mode pipeline (step: nopython frontend)
2025-01-21T16:38:56.6728014Z E           [1m[1mCannot resolve setattr: (instance.jitclass.GXPacket#7f6d9634bbc0<location:array(float64, 1d, A),direction:array(float64, 1d, A),energy_rf:float64,energy_cmf:float64,nu_rf:float64,nu_cmf:float64,status:int64,shell:int64,time_current:float64,tau:float64>).tau_event = float64
2025-01-21T16:38:56.6729760Z E           [1m
2025-01-21T16:38:56.6730271Z E           File "tardis/energy_input/GXPacket.py", line 66:[0m
2025-01-21T16:38:56.6731093Z E           [1m    def __init__(
2025-01-21T16:38:56.6731502Z E                   <source elided>
2025-01-21T16:38:56.6731953Z E                   self.time_current = time_current
2025-01-21T16:38:56.6732667Z E           [1m        self.tau_event = -np.log(np.random.random())
2025-01-21T16:38:56.6733267Z E           [0m        [1m^[0m[0m
2025-01-21T16:38:56.6733680Z E           [0m
2025-01-21T16:38:56.6734553Z E           [0m[1mDuring: typing of set attribute 'tau_event' at /home/runner/work/tardis/tardis/tardis/energy_input/GXPacket.py (66)[0m
2025-01-21T16:38:56.6735373Z E           [1m
2025-01-21T16:38:56.6735818Z E           File "tardis/energy_input/GXPacket.py", line 66:[0m
2025-01-21T16:38:56.6736358Z E           [1m    def __init__(
2025-01-21T16:38:56.6736735Z E                   <source elided>
2025-01-21T16:38:56.6737132Z E                   self.time_current = time_current
2025-01-21T16:38:56.6737722Z E           [1m        self.tau_event = -np.log(np.random.random())
2025-01-21T16:38:56.6738242Z E           [0m        [1m^[0m[0m
2025-01-21T16:38:56.6738605Z E           
2025-01-21T16:38:56.6740318Z E           [0m[1mDuring: resolving callee type: jitclass.GXPacket#7f6d9634bbc0<location:array(float64, 1d, A),direction:array(float64, 1d, A),energy_rf:float64,energy_cmf:float64,nu_rf:float64,nu_cmf:float64,status:int64,shell:int64,time_current:float64,tau:float64>[0m
2025-01-21T16:38:56.6742340Z E           [0m[1mDuring: typing of call at <string> (3)
2025-01-21T16:38:56.6742815Z E           [0m
2025-01-21T16:38:56.6744684Z E           [0m[1mDuring: resolving callee type: jitclass.GXPacket#7f6d9634bbc0<location:array(float64, 1d, A),direction:array(float64, 1d, A),energy_rf:float64,energy_cmf:float64,nu_rf:float64,nu_cmf:float64,status:int64,shell:int64,time_current:float64,tau:float64>[0m
2025-01-21T16:38:56.6746296Z E           [0m[1mDuring: typing of call at <string> (3)
2025-01-21T16:38:56.6746765Z E           [0m
2025-01-21T16:38:56.6747085Z E           [1m
2025-01-21T16:38:56.6747454Z E           File "<string>", line 3:[0m
2025-01-21T16:38:56.6747969Z E           [1m<source missing, REPL/exec in use?>[0m
2025-01-21T16:38:56.6748302Z 
2025-01-21T16:38:56.6748852Z ../../../micromamba/envs/tardis/lib/python3.12/site-packages/numba/core/dispatcher.py:409: TypingError
2025-01-21T16:38:56.6749599Z =================================== FAILURES ===================================
2025-01-21T16:38:56.6750226Z _____________________ test_calculate_sobolev_line_opacity ______________________
2025-01-21T16:38:56.6750620Z 
2025-01-21T16:38:56.6751203Z nb_simulation_verysimple = <tardis.simulation.base.Simulation object at 0x7f6d65e12360>
2025-01-21T16:38:56.6752135Z regression_data = <tardis.tests.fixtures.regression_data.RegressionData object at 0x7f6d8085aa50>
2025-01-21T16:38:56.6752738Z 
2025-01-21T16:38:56.6752912Z     def test_calculate_sobolev_line_opacity(
2025-01-21T16:38:56.6753421Z         nb_simulation_verysimple, regression_data
2025-01-21T16:38:56.6753828Z     ):
2025-01-21T16:38:56.6754150Z         legacy_plasma = nb_simulation_verysimple.plasma
2025-01-21T16:38:56.6754571Z     
2025-01-21T16:38:56.6754855Z         actual = calculate_sobolev_line_opacity(
2025-01-21T16:38:56.6755273Z             legacy_plasma.lines,
2025-01-21T16:38:56.6755645Z             legacy_plasma.level_number_density,
2025-01-21T16:38:56.6756060Z             legacy_plasma.time_explosion,
2025-01-21T16:38:56.6756481Z             legacy_plasma.stimulated_emission_factor,
2025-01-21T16:38:56.6756882Z         )
2025-01-21T16:38:56.6757189Z >       expected = regression_data.sync_dataframe(actual)
2025-01-21T16:38:56.6757512Z 
2025-01-21T16:38:56.6757689Z tardis/opacities/tests/test_tau_sobolev.py:21: 
2025-01-21T16:38:56.6758140Z _ _ _ _ _ _ _ _ _ _ _ _ _ _ _ _ _ _ _ _ _ _ _ _ _ _ _ _ _ _ _ _ _ _ _ _ _ _ _ _ 
2025-01-21T16:38:56.6758680Z tardis/tests/fixtures/regression_data.py:88: in sync_dataframe
2025-01-21T16:38:56.6759204Z     return pd.read_hdf(self.fpath, key=key)
2025-01-21T16:38:56.6759639Z _ _ _ _ _ _ _ _ _ _ _ _ _ _ _ _ _ _ _ _ _ _ _ _ _ _ _ _ _ _ _ _ _ _ _ _ _ _ _ _ 
2025-01-21T16:38:56.6759946Z 
2025-01-21T16:38:56.6760526Z path_or_buf = '/home/runner/work/tardis/tardis/tardis-regression-data/test_tau_sobolev/test_calculate_sobolev_line_opacity.h5'
2025-01-21T16:38:56.6761670Z key = 'data', mode = 'r', errors = 'strict', where = None, start = None
2025-01-21T16:38:56.6762289Z stop = None, columns = None, iterator = False, chunksize = None, kwargs = {}
2025-01-21T16:38:56.6762802Z exists = False
2025-01-21T16:38:56.6762958Z 
2025-01-21T16:38:56.6763068Z     def read_hdf(
2025-01-21T16:38:56.6763365Z         path_or_buf: FilePath | HDFStore,
2025-01-21T16:38:56.6763730Z         key=None,
2025-01-21T16:38:56.6764006Z         mode: str = "r",
2025-01-21T16:38:56.6764311Z         errors: str = "strict",
2025-01-21T16:38:56.6764661Z         where: str | list | None = None,
2025-01-21T16:38:56.6765013Z         start: int | None = None,
2025-01-21T16:38:56.6765349Z         stop: int | None = None,
2025-01-21T16:38:56.6765714Z         columns: list[str] | None = None,
2025-01-21T16:38:56.6766079Z         iterator: bool = False,
2025-01-21T16:38:56.6766626Z         chunksize: int | None = None,
2025-01-21T16:38:56.6766960Z         **kwargs,
2025-01-21T16:38:56.6767210Z     ):
2025-01-21T16:38:56.6767442Z         """
2025-01-21T16:38:56.6767737Z         Read from the store, close it if we opened it.
2025-01-21T16:38:56.6768135Z     
2025-01-21T16:38:56.6768505Z         Retrieve pandas object stored in file, optionally based on where
2025-01-21T16:38:56.6768994Z         criteria.
2025-01-21T16:38:56.6769255Z     
2025-01-21T16:38:56.6775012Z         .. warning::
2025-01-21T16:38:56.6775478Z     
2025-01-21T16:38:56.6775891Z            Pandas uses PyTables for reading and writing HDF5 files, which allows
2025-01-21T16:38:56.6776588Z            serializing object-dtype data with pickle when using the "fixed" format.
2025-01-21T16:38:56.6777272Z            Loading pickled data received from untrusted sources can be unsafe.
2025-01-21T16:38:56.6777755Z     
2025-01-21T16:38:56.6778148Z            See: https://docs.python.org/3/library/pickle.html for more.
2025-01-21T16:38:56.6778627Z     
2025-01-21T16:38:56.6778858Z         Parameters
2025-01-21T16:38:56.6779127Z         ----------
2025-01-21T16:38:56.6779453Z         path_or_buf : str, path object, pandas.HDFStore
2025-01-21T16:38:56.6780022Z             Any valid string path is acceptable. Only supports the local file system,
2025-01-21T16:38:56.6780633Z             remote URLs and file-like objects are not supported.
2025-01-21T16:38:56.6781266Z     
2025-01-21T16:38:56.6781611Z             If you want to pass in a path object, pandas accepts any
2025-01-21T16:38:56.6782091Z             ``os.PathLike``.
2025-01-21T16:38:56.6782398Z     
2025-01-21T16:38:56.6782828Z             Alternatively, pandas accepts an open :class:`pandas.HDFStore` object.
2025-01-21T16:38:56.6783353Z     
2025-01-21T16:38:56.6783605Z         key : object, optional
2025-01-21T16:38:56.6784076Z             The group identifier in the store. Can be omitted if the HDF file
2025-01-21T16:38:56.6784598Z             contains a single pandas object.
2025-01-21T16:38:56.6785006Z         mode : {'r', 'r+', 'a'}, default 'r'
2025-01-21T16:38:56.6785466Z             Mode to use when opening the file. Ignored if path_or_buf is a
2025-01-21T16:38:56.6785974Z             :class:`pandas.HDFStore`. Default is 'r'.
2025-01-21T16:38:56.6786393Z         errors : str, default 'strict'
2025-01-21T16:38:56.6786884Z             Specifies how encoding and decoding errors are to be handled.
2025-01-21T16:38:56.6787481Z             See the errors argument for :func:`open` for a full list
2025-01-21T16:38:56.6787923Z             of options.
2025-01-21T16:38:56.6788221Z         where : list, optional
2025-01-21T16:38:56.6788582Z             A list of Term (or convertible) objects.
2025-01-21T16:38:56.6788977Z         start : int, optional
2025-01-21T16:38:56.6789330Z             Row number to start selection.
2025-01-21T16:38:56.6789702Z         stop  : int, optional
2025-01-21T16:38:56.6790042Z             Row number to stop selection.
2025-01-21T16:38:56.6790429Z         columns : list, optional
2025-01-21T16:38:56.6791198Z             A list of columns names to return.
2025-01-21T16:38:56.6791599Z         iterator : bool, optional
2025-01-21T16:38:56.6791913Z             Return an iterator object.
2025-01-21T16:38:56.6792231Z         chunksize : int, optional
2025-01-21T16:38:56.6792625Z             Number of rows to include in an iteration when using an iterator.
2025-01-21T16:38:56.6793036Z         **kwargs
2025-01-21T16:38:56.6793343Z             Additional keyword arguments passed to HDFStore.
2025-01-21T16:38:56.6793705Z     
2025-01-21T16:38:56.6793906Z         Returns
2025-01-21T16:38:56.6794130Z         -------
2025-01-21T16:38:56.6794350Z         object
2025-01-21T16:38:56.6794678Z             The selected object. Return type depends on the object stored.
2025-01-21T16:38:56.6795077Z     
2025-01-21T16:38:56.6795275Z         See Also
2025-01-21T16:38:56.6795499Z         --------
2025-01-21T16:38:56.6795799Z         DataFrame.to_hdf : Write a HDF file from a DataFrame.
2025-01-21T16:38:56.6796402Z         HDFStore : Low-level access to HDF files.
2025-01-21T16:38:56.6796729Z     
2025-01-21T16:38:56.6796928Z         Examples
2025-01-21T16:38:56.6797151Z         --------
2025-01-21T16:38:56.6797490Z         >>> df = pd.DataFrame([[1, 1.0, 'a']], columns=['x', 'y', 'z'])  # doctest: +SKIP
2025-01-21T16:38:56.6797955Z         >>> df.to_hdf('./store.h5', 'data')  # doctest: +SKIP
2025-01-21T16:38:56.6798503Z         >>> reread = pd.read_hdf('./store.h5')  # doctest: +SKIP
2025-01-21T16:38:56.6798863Z         """
2025-01-21T16:38:56.6799092Z         if mode not in ["r", "r+", "a"]:
2025-01-21T16:38:56.6799401Z             raise ValueError(
2025-01-21T16:38:56.6799748Z                 f"mode {mode} is not allowed while performing a read. "
2025-01-21T16:38:56.6800155Z                 f"Allowed modes are r, r+ and a."
2025-01-21T16:38:56.6800468Z             )
2025-01-21T16:38:56.6800809Z         # grab the scope
2025-01-21T16:38:56.6801076Z         if where is not None:
2025-01-21T16:38:56.6801395Z             where = _ensure_term(where, scope_level=1)
2025-01-21T16:38:56.6801719Z     
2025-01-21T16:38:56.6801990Z         if isinstance(path_or_buf, HDFStore):
2025-01-21T16:38:56.6802328Z             if not path_or_buf.is_open:
2025-01-21T16:38:56.6802709Z                 raise OSError("The HDFStore must be open for reading.")
2025-01-21T16:38:56.6803080Z     
2025-01-21T16:38:56.6803295Z             store = path_or_buf
2025-01-21T16:38:56.6803579Z             auto_close = False
2025-01-21T16:38:56.6803847Z         else:
2025-01-21T16:38:56.6804106Z             path_or_buf = stringify_path(path_or_buf)
2025-01-21T16:38:56.6804467Z             if not isinstance(path_or_buf, str):
2025-01-21T16:38:56.6804815Z                 raise NotImplementedError(
2025-01-21T16:38:56.6805209Z                     "Support for generic buffers has not been implemented."
2025-01-21T16:38:56.6805593Z                 )
2025-01-21T16:38:56.6805815Z             try:
2025-01-21T16:38:56.6806080Z                 exists = os.path.exists(path_or_buf)
2025-01-21T16:38:56.6806324Z     
2025-01-21T16:38:56.6806494Z             # if filepath is too long
2025-01-21T16:38:56.6806748Z             except (TypeError, ValueError):
2025-01-21T16:38:56.6806988Z                 exists = False
2025-01-21T16:38:56.6807189Z     
2025-01-21T16:38:56.6807349Z             if not exists:
2025-01-21T16:38:56.6807630Z >               raise FileNotFoundError(f"File {path_or_buf} does not exist")
2025-01-21T16:38:56.6808344Z E               FileNotFoundError: File /home/runner/work/tardis/tardis/tardis-regression-data/test_tau_sobolev/test_calculate_sobolev_line_opacity.h5 does not exist
2025-01-21T16:38:56.6808899Z 
2025-01-21T16:38:56.6809200Z ../../../micromamba/envs/tardis/lib/python3.12/site-packages/pandas/io/pytables.py:424: FileNotFoundError
2025-01-21T16:38:56.6809723Z ---------------------------- Captured stdout setup -----------------------------
2025-01-21T16:38:56.6810277Z [[1mtardis.io.model.parse_density_configuration[0m][[1;33mWARNING[0m]  
2025-01-21T16:38:56.6811247Z 	Number of density points larger than number of shells. Assuming inner point irrelevant ([1mparse_density_configuration.py[0m:114)
2025-01-21T16:38:56.6811842Z ---------------------------- Captured stderr setup -----------------------------
2025-01-21T16:38:56.6812077Z 
2025-01-21T16:38:56.6812407Z Iterations:â–ˆâ–ˆâ–ˆâ–ˆâ–ˆâ–ˆâ–ˆâ–ˆâ–ˆâ–ˆâ–ˆâ–ˆâ–ˆâ–ˆâ–ˆâ–ˆâ–ˆâ–ˆâ–ˆâ–ˆâ–ˆâ–ˆâ–ˆâ–ˆâ–ˆâ–ˆâ–ˆâ–ˆâ–ˆâ–ˆâ–ˆâ–ˆâ–ˆâ–ˆâ–ˆâ–ˆâ–ˆâ–ˆâ–ˆâ–ˆâ–ˆâ–ˆâ–ˆâ–ˆâ–ˆâ–ˆâ–ˆâ–ˆâ–ˆâ–ˆâ–ˆâ–ˆâ–ˆâ–ˆâ–ˆâ–ˆâ–ˆâ–ˆâ–ˆâ–ˆâ–ˆâ–ˆâ–ˆâ–ˆ                4/5 [00:11<00:02,  2.65s/it]
2025-01-21T16:38:56.6812680Z 
2025-01-21T16:38:56.6812920Z Packets:                                                                                   4030/? [00:11<00:00, 33938.82it/s][A
2025-01-21T16:38:56.6813287Z ------------------------------ Captured log setup ------------------------------
2025-01-21T16:38:56.6814007Z WARNING  tardis.io.model.parse_density_configuration:parse_density_configuration.py:114 Number of density points larger than number of shells. Assuming inner point irrelevant
2025-01-21T16:38:56.6814731Z _________________________ test_calculate_beta_sobolevs _________________________
2025-01-21T16:38:56.6815122Z 
2025-01-21T16:38:56.6815360Z nb_simulation_verysimple = <tardis.simulation.base.Simulation object at 0x7f6d65e12360>
2025-01-21T16:38:56.6815944Z regression_data = <tardis.tests.fixtures.regression_data.RegressionData object at 0x7f6d8085a7b0>
2025-01-21T16:38:56.6816295Z 
2025-01-21T16:38:56.6816492Z     def test_calculate_beta_sobolevs(nb_simulation_verysimple, regression_data):
2025-01-21T16:38:56.6817097Z         legacy_plasma = nb_simulation_verysimple.plasma
2025-01-21T16:38:56.6817377Z     
2025-01-21T16:38:56.6817576Z         tau_sobolevs = calculate_sobolev_line_opacity(
2025-01-21T16:38:56.6817856Z             legacy_plasma.lines,
2025-01-21T16:38:56.6818103Z             legacy_plasma.level_number_density,
2025-01-21T16:38:56.6818370Z             legacy_plasma.time_explosion,
2025-01-21T16:38:56.6818646Z             legacy_plasma.stimulated_emission_factor,
2025-01-21T16:38:56.6818902Z         )
2025-01-21T16:38:56.6819106Z         actual = calculate_beta_sobolev(tau_sobolevs)
2025-01-21T16:38:56.6819404Z >       expected = regression_data.sync_ndarray(actual)
2025-01-21T16:38:56.6819603Z 
2025-01-21T16:38:56.6819714Z tardis/opacities/tests/test_tau_sobolev.py:35: 
2025-01-21T16:38:56.6820016Z _ _ _ _ _ _ _ _ _ _ _ _ _ _ _ _ _ _ _ _ _ _ _ _ _ _ _ _ _ _ _ _ _ _ _ _ _ _ _ _ 
2025-01-21T16:38:56.6820376Z tardis/tests/fixtures/regression_data.py:111: in sync_ndarray
2025-01-21T16:38:56.6820907Z     return np.load(self.fpath)
2025-01-21T16:38:56.6821166Z _ _ _ _ _ _ _ _ _ _ _ _ _ _ _ _ _ _ _ _ _ _ _ _ _ _ _ _ _ _ _ _ _ _ _ _ _ _ _ _ 
2025-01-21T16:38:56.6821362Z 
2025-01-21T16:38:56.6821744Z file = PosixPath('/home/runner/work/tardis/tardis/tardis-regression-data/test_tau_sobolev/test_calculate_beta_sobolevs.npy')
2025-01-21T16:38:56.6822382Z mmap_mode = None, allow_pickle = False, fix_imports = True, encoding = 'ASCII'
2025-01-21T16:38:56.6822649Z 
2025-01-21T16:38:56.6822731Z     @set_module('numpy')
2025-01-21T16:38:56.6823024Z     def load(file, mmap_mode=None, allow_pickle=False, fix_imports=True,
2025-01-21T16:38:56.6823415Z              encoding='ASCII', *, max_header_size=format._MAX_HEADER_SIZE):
2025-01-21T16:38:56.6823714Z         """
2025-01-21T16:38:56.6823984Z         Load arrays or pickled objects from ``.npy``, ``.npz`` or pickled files.
2025-01-21T16:38:56.6824322Z     
2025-01-21T16:38:56.6824600Z         .. warning:: Loading files that contain object arrays uses the ``pickle``
2025-01-21T16:38:56.6825010Z                      module, which is not secure against erroneous or maliciously
2025-01-21T16:38:56.6825391Z                      constructed data. Consider passing ``allow_pickle=False`` to
2025-01-21T16:38:56.6825773Z                      load data that is known not to contain object arrays for the
2025-01-21T16:38:56.6826095Z                      safer handling of untrusted sources.
2025-01-21T16:38:56.6826345Z     
2025-01-21T16:38:56.6826502Z         Parameters
2025-01-21T16:38:56.6826695Z         ----------
2025-01-21T16:38:56.6826919Z         file : file-like object, string, or pathlib.Path
2025-01-21T16:38:56.6827243Z             The file to read. File-like objects must support the
2025-01-21T16:38:56.6827563Z             ``seek()`` and ``read()`` methods and must always
2025-01-21T16:38:56.6827894Z             be opened in binary mode.  Pickled files require that the
2025-01-21T16:38:56.6828267Z             file-like object support the ``readline()`` method as well.
2025-01-21T16:38:56.6828606Z         mmap_mode : {None, 'r+', 'r', 'w+', 'c'}, optional
2025-01-21T16:38:56.6828949Z             If not None, then memory-map the file, using the given mode (see
2025-01-21T16:38:56.6829329Z             `numpy.memmap` for a detailed description of the modes).  A
2025-01-21T16:38:56.6829716Z             memory-mapped array is kept on disk. However, it can be accessed
2025-01-21T16:38:56.6830115Z             and sliced like any ndarray.  Memory mapping is especially useful
2025-01-21T16:38:56.6830637Z             for accessing small fragments of large files without reading the
2025-01-21T16:38:56.6831100Z             entire file into memory.
2025-01-21T16:38:56.6831342Z         allow_pickle : bool, optional
2025-01-21T16:38:56.6831670Z             Allow loading pickled object arrays stored in npy files. Reasons for
2025-01-21T16:38:56.6832093Z             disallowing pickles include security, as loading pickled data can
2025-01-21T16:38:56.6832634Z             execute arbitrary code. If pickles are disallowed, loading object
2025-01-21T16:38:56.6832980Z             arrays will fail. Default: False
2025-01-21T16:38:56.6833213Z     
2025-01-21T16:38:56.6833397Z             .. versionchanged:: 1.16.3
2025-01-21T16:38:56.6833677Z                 Made default False in response to CVE-2019-6446.
2025-01-21T16:38:56.6833945Z     
2025-01-21T16:38:56.6834111Z         fix_imports : bool, optional
2025-01-21T16:38:56.6834443Z             Only useful when loading Python 2 generated pickled files on Python 3,
2025-01-21T16:38:56.6834895Z             which includes npy/npz files containing object arrays. If `fix_imports`
2025-01-21T16:38:56.6835323Z             is True, pickle will try to map the old Python 2 names to the new names
2025-01-21T16:38:56.6835658Z             used in Python 3.
2025-01-21T16:38:56.6835884Z         encoding : str, optional
2025-01-21T16:38:56.6836192Z             What encoding to use when reading Python 2 strings. Only useful when
2025-01-21T16:38:56.6836613Z             loading Python 2 generated pickled files in Python 3, which includes
2025-01-21T16:38:56.6837029Z             npy/npz files containing object arrays. Values other than 'latin1',
2025-01-21T16:38:56.6837429Z             'ASCII', and 'bytes' are not allowed, as they can corrupt numerical
2025-01-21T16:38:56.6837746Z             data. Default: 'ASCII'
2025-01-21T16:38:56.6837984Z         max_header_size : int, optional
2025-01-21T16:38:56.6838303Z             Maximum allowed size of the header.  Large headers may not be safe
2025-01-21T16:38:56.6838711Z             to load securely and thus require explicitly passing a larger value.
2025-01-21T16:38:56.6839067Z             See :py:func:`ast.literal_eval()` for details.
2025-01-21T16:38:56.6839414Z             This option is ignored when `allow_pickle` is passed.  In that case
2025-01-21T16:38:56.6839803Z             the file is by definition trusted and the limit is unnecessary.
2025-01-21T16:38:56.6840103Z     
2025-01-21T16:38:56.6840256Z         Returns
2025-01-21T16:38:56.6840436Z         -------
2025-01-21T16:38:56.6840630Z         result : array, tuple, dict, etc.
2025-01-21T16:38:56.6841053Z             Data stored in the file. For ``.npz`` files, the returned instance
2025-01-21T16:38:56.6841448Z             of NpzFile class must be closed to avoid leaking file descriptors.
2025-01-21T16:38:56.6841754Z     
2025-01-21T16:38:56.6841907Z         Raises
2025-01-21T16:38:56.6842079Z         ------
2025-01-21T16:38:56.6842250Z         OSError
2025-01-21T16:38:56.6842473Z             If the input file does not exist or cannot be read.
2025-01-21T16:38:56.6842753Z         UnpicklingError
2025-01-21T16:38:56.6843033Z             If ``allow_pickle=True``, but the file cannot be loaded as a pickle.
2025-01-21T16:38:56.6843341Z         ValueError
2025-01-21T16:38:56.6843608Z             The file contains an object array, but ``allow_pickle=False`` given.
2025-01-21T16:38:56.6843924Z         EOFError
2025-01-21T16:38:56.6844186Z             When calling ``np.load`` multiple times on the same file handle,
2025-01-21T16:38:56.6844517Z             if all data has already been read
2025-01-21T16:38:56.6844758Z     
2025-01-21T16:38:56.6844913Z         See Also
2025-01-21T16:38:56.6845092Z         --------
2025-01-21T16:38:56.6845293Z         save, savez, savez_compressed, loadtxt
2025-01-21T16:38:56.6845636Z         memmap : Create a memory-map to an array stored in a file on disk.
2025-01-21T16:38:56.6846057Z         lib.format.open_memmap : Create or load a memory-mapped ``.npy`` file.
2025-01-21T16:38:56.6846508Z     
2025-01-21T16:38:56.6846663Z         Notes
2025-01-21T16:38:56.6846829Z         -----
2025-01-21T16:38:56.6847078Z         - If the file contains pickle data, then whatever object is stored
2025-01-21T16:38:56.6847398Z           in the pickle is returned.
2025-01-21T16:38:56.6847690Z         - If the file is a ``.npy`` file, then a single array is returned.
2025-01-21T16:38:56.6848046Z         - If the file is a ``.npz`` file, then a dictionary-like object is
2025-01-21T16:38:56.6848577Z           returned, containing ``{filename: array}`` key-value pairs, one for
2025-01-21T16:38:56.6848925Z           each file in the archive.
2025-01-21T16:38:56.6849224Z         - If the file is a ``.npz`` file, the returned value supports the
2025-01-21T16:38:56.6849630Z           context manager protocol in a similar fashion to the open function::
2025-01-21T16:38:56.6849952Z     
2025-01-21T16:38:56.6850120Z             with load('foo.npz') as data:
2025-01-21T16:38:56.6850358Z                 a = data['a']
2025-01-21T16:38:56.6850567Z     
2025-01-21T16:38:56.6850912Z           The underlying file descriptor is closed when exiting the 'with'
2025-01-21T16:38:56.6851227Z           block.
2025-01-21T16:38:56.6851401Z     
2025-01-21T16:38:56.6851555Z         Examples
2025-01-21T16:38:56.6851730Z         --------
2025-01-21T16:38:56.6851926Z         Store data to disk, and load it again:
2025-01-21T16:38:56.6852163Z     
2025-01-21T16:38:56.6852373Z         >>> np.save('/tmp/123', np.array([[1, 2, 3], [4, 5, 6]]))
2025-01-21T16:38:56.6852655Z         >>> np.load('/tmp/123.npy')
2025-01-21T16:38:56.6852884Z         array([[1, 2, 3],
2025-01-21T16:38:56.6853083Z                [4, 5, 6]])
2025-01-21T16:38:56.6853273Z     
2025-01-21T16:38:56.6853471Z         Store compressed data to disk, and load it again:
2025-01-21T16:38:56.6853735Z     
2025-01-21T16:38:56.6853908Z         >>> a=np.array([[1, 2, 3], [4, 5, 6]])
2025-01-21T16:38:56.6854150Z         >>> b=np.array([1, 2])
2025-01-21T16:38:56.6854386Z         >>> np.savez('/tmp/123.npz', a=a, b=b)
2025-01-21T16:38:56.6854639Z         >>> data = np.load('/tmp/123.npz')
2025-01-21T16:38:56.6854872Z         >>> data['a']
2025-01-21T16:38:56.6855060Z         array([[1, 2, 3],
2025-01-21T16:38:56.6855250Z                [4, 5, 6]])
2025-01-21T16:38:56.6855442Z         >>> data['b']
2025-01-21T16:38:56.6855625Z         array([1, 2])
2025-01-21T16:38:56.6855818Z         >>> data.close()
2025-01-21T16:38:56.6856011Z     
2025-01-21T16:38:56.6856235Z         Mem-map the stored array, and then access the second row
2025-01-21T16:38:56.6856533Z         directly from disk:
2025-01-21T16:38:56.6856735Z     
2025-01-21T16:38:56.6856919Z         >>> X = np.load('/tmp/123.npy', mmap_mode='r')
2025-01-21T16:38:56.6857172Z         >>> X[1, :]
2025-01-21T16:38:56.6857364Z         memmap([4, 5, 6])
2025-01-21T16:38:56.6857552Z     
2025-01-21T16:38:56.6857704Z         """
2025-01-21T16:38:56.6857909Z         if encoding not in ('ASCII', 'latin1', 'bytes'):
2025-01-21T16:38:56.6858248Z             # The 'encoding' value for pickle also affects what encoding
2025-01-21T16:38:56.6858605Z             # the serialized binary data of NumPy arrays is loaded
2025-01-21T16:38:56.6858949Z             # in. Pickle does not pass on the encoding information to
2025-01-21T16:38:56.6859299Z             # NumPy. The unpickling code in numpy.core.multiarray is
2025-01-21T16:38:56.6859657Z             # written to assume that unicode data appearing where binary
2025-01-21T16:38:56.6860026Z             # should be is in 'latin1'. 'bytes' is also safe, as is 'ASCII'.
2025-01-21T16:38:56.6860318Z             #
2025-01-21T16:38:56.6860547Z             # Other encoding values can corrupt binary data, and we
2025-01-21T16:38:56.6861009Z             # purposefully disallow them. For the same reason, the errors=
2025-01-21T16:38:56.6861374Z             # argument is not exposed, as values other than 'strict'
2025-01-21T16:38:56.6861711Z             # result can similarly silently corrupt numerical data.
2025-01-21T16:38:56.6862207Z             raise ValueError("encoding must be 'ASCII', 'latin1', or 'bytes'")
2025-01-21T16:38:56.6862522Z     
2025-01-21T16:38:56.6862760Z         pickle_kwargs = dict(encoding=encoding, fix_imports=fix_imports)
2025-01-21T16:38:56.6863062Z     
2025-01-21T16:38:56.6863242Z         with contextlib.ExitStack() as stack:
2025-01-21T16:38:56.6863502Z             if hasattr(file, 'read'):
2025-01-21T16:38:56.6863732Z                 fid = file
2025-01-21T16:38:56.6864055Z                 own_fid = False
2025-01-21T16:38:56.6864266Z             else:
2025-01-21T16:38:56.6864503Z >               fid = stack.enter_context(open(os_fspath(file), "rb"))
2025-01-21T16:38:56.6865204Z E               FileNotFoundError: [Errno 2] No such file or directory: '/home/runner/work/tardis/tardis/tardis-regression-data/test_tau_sobolev/test_calculate_beta_sobolevs.npy'
2025-01-21T16:38:56.6865774Z 
2025-01-21T16:38:56.6866051Z ../../../micromamba/envs/tardis/lib/python3.12/site-packages/numpy/lib/npyio.py:427: FileNotFoundError
2025-01-21T16:38:56.6866527Z =============================== warnings summary ===============================
2025-01-21T16:38:56.6866838Z tardis/io/configuration/config_validator.py:6
2025-01-21T16:38:56.6867127Z tardis/io/configuration/config_validator.py:6
2025-01-21T16:38:56.6867607Z   /home/runner/work/tardis/tardis/tardis/io/configuration/config_validator.py:6: DeprecationWarning:
2025-01-21T16:38:56.6868060Z   
2025-01-21T16:38:56.6869259Z   jsonschema.RefResolver is deprecated as of v4.18.0, in favor of the https://github.com/python-jsonschema/referencing library, which provides more compliant referencing behavior as well as more flexible APIs for customization. A future release will remove RefResolver. Please file a feature request (on referencing) if you are missing an API for the kind of customization you need.
2025-01-21T16:38:56.6870436Z 
2025-01-21T16:38:56.6870760Z ../../../micromamba/envs/tardis/lib/python3.12/site-packages/jupyter_client/connect.py:22
2025-01-21T16:38:56.6871444Z   /home/runner/micromamba/envs/tardis/lib/python3.12/site-packages/jupyter_client/connect.py:22: DeprecationWarning:
2025-01-21T16:38:56.6871946Z   
2025-01-21T16:38:56.6872184Z   Jupyter is migrating its paths to use standard platformdirs
2025-01-21T16:38:56.6872567Z   given by the platformdirs library.  To remove this warning and
2025-01-21T16:38:56.6872959Z   see the appropriate new directories, set the environment variable
2025-01-21T16:38:56.6873343Z   `JUPYTER_PLATFORM_DIRS=1` and then run `jupyter --paths`.
2025-01-21T16:38:56.6873713Z   The use of platformdirs will be the default in `jupyter_core` v6
2025-01-21T16:38:56.6873946Z 
2025-01-21T16:38:56.6874097Z tardis/io/tests/test_HDFWriter.py::test_multi_index_write
2025-01-21T16:38:56.6874566Z tardis/visualization/widgets/tests/test_shell_info.py::TestHDFShellInfo::test_shells_data
2025-01-21T16:38:56.6875107Z   /home/runner/work/tardis/tardis/tardis/io/util.py:276: PerformanceWarning:
2025-01-21T16:38:56.6875460Z   
2025-01-21T16:38:56.6875614Z   
2025-01-21T16:38:56.6875897Z   your performance may suffer as PyTables will pickle object types that it cannot
2025-01-21T16:38:56.6876438Z   map directly to c-types [inferred_type->mixed,key->block0_values] [items->Index([0], dtype='int64')]
2025-01-21T16:38:56.6876775Z 
2025-01-21T16:38:56.6876965Z tardis/io/tests/test_model_reader.py::test_read_cmfgen_isotope_abundances
2025-01-21T16:38:56.6877447Z tardis/plasma/tests/test_tardis_model_density_config.py::test_electron_densities
2025-01-21T16:38:56.6877973Z tardis/plasma/tests/test_tardis_model_density_config.py::test_isotope_number_densities
2025-01-21T16:38:56.6878459Z tardis/plasma/tests/test_tardis_model_density_config.py::test_t_rad
2025-01-21T16:38:56.6879015Z   /home/runner/work/tardis/tardis/tardis/io/model/readers/cmfgen_deprecated.py:82: DeprecationWarning:
2025-01-21T16:38:56.6879473Z   
2025-01-21T16:38:56.6879668Z   The current CMFGEN model parser is deprecated
2025-01-21T16:38:56.6879855Z 
2025-01-21T16:38:56.6880091Z tardis/io/tests/test_model_reader.py: 1 warning
2025-01-21T16:38:56.6880442Z tardis/plasma/tests/test_tardis_model_density_config.py: 9 warnings
2025-01-21T16:38:56.6881135Z   /home/runner/work/tardis/tardis/tardis/io/model/readers/cmfgen_deprecated.py:40: DeprecationWarning:
2025-01-21T16:38:56.6881582Z   
2025-01-21T16:38:56.6881766Z   The current CMFGEN model parser is deprecated
2025-01-21T16:38:56.6881945Z 
2025-01-21T16:38:56.6882151Z tardis/model/tests/test_base.py::TestModelFromPaper1Config::test_abundances
2025-01-21T16:38:56.6882919Z   /home/runner/work/tardis/tardis/tardis/transport/montecarlo/montecarlo_main_loop.py:123: NumbaTypeSafetyWarning:
2025-01-21T16:38:56.6883432Z   
2025-01-21T16:38:56.6883776Z   [1m[1m[1munsafe cast from uint64 to int64. Precision may be lost.[0m[0m[0m
2025-01-21T16:38:56.6884039Z 
2025-01-21T16:38:56.6884138Z tardis/model/tests/test_base.py: 6 warnings
2025-01-21T16:38:56.6884428Z tardis/model/tests/test_csvy_model.py: 2 warnings
2025-01-21T16:38:56.6884786Z tardis/plasma/tests/test_tardis_model_density_config.py: 3 warnings
2025-01-21T16:38:56.6885298Z   /home/runner/work/tardis/tardis/tardis/model/geometry/radial1d.py:50: DeprecationWarning:
2025-01-21T16:38:56.6885712Z   
2025-01-21T16:38:56.6885895Z   v_inner_boundary < 0, assuming default value
2025-01-21T16:38:56.6886081Z 
2025-01-21T16:38:56.6886177Z tardis/model/tests/test_base.py: 6 warnings
2025-01-21T16:38:56.6886467Z tardis/model/tests/test_csvy_model.py: 2 warnings
2025-01-21T16:38:56.6886827Z tardis/plasma/tests/test_tardis_model_density_config.py: 3 warnings
2025-01-21T16:38:56.6887333Z   /home/runner/work/tardis/tardis/tardis/model/geometry/radial1d.py:61: DeprecationWarning:
2025-01-21T16:38:56.6887740Z   
2025-01-21T16:38:56.6887921Z   v_outer_boundary < 0, assuming default value
2025-01-21T16:38:56.6888097Z 
2025-01-21T16:38:56.6888555Z tardis/plasma/equilibrium/tests/test_level_populations.py::TestLevelPopulationSolver::test_solve[collisional_rate_solver0-radiative_transitions0]
2025-01-21T16:38:56.6889374Z   /home/runner/work/tardis/tardis/tardis/plasma/equilibrium/level_populations.py:65: FutureWarning:
2025-01-21T16:38:56.6889821Z   
2025-01-21T16:38:56.6890180Z   A value is trying to be set on a copy of a DataFrame or Series through chained assignment using an inplace method.
2025-01-21T16:38:56.6891076Z   The behavior will change in pandas 3.0. This inplace method will never work because the intermediate object on which we are setting values always behaves as a copy.
2025-01-21T16:38:56.6891665Z   
2025-01-21T16:38:56.6892275Z   For example, when doing 'df[col].method(value, inplace=True)', try using 'df.method({col: value}, inplace=True)' or df[col] = df[col].method(value) instead, to perform the operation inplace on the original object.
2025-01-21T16:38:56.6892871Z 
2025-01-21T16:38:56.6893017Z tardis/plasma/tests/test_complete_plasmas.py: 20 warnings
2025-01-21T16:38:56.6893528Z   /home/runner/work/tardis/tardis/tardis/plasma/tests/test_complete_plasmas.py:197: UserWarning:
2025-01-21T16:38:56.6893968Z   
2025-01-21T16:38:56.6894141Z   Property "atomic_mass" not found
2025-01-21T16:38:56.6894299Z 
2025-01-21T16:38:56.6894735Z tardis/plasma/tests/test_complete_plasmas.py::TestPlasma::test_plasma_properties[radiative_rates_type:detailed-w_epsilon:1e-10-j_blues_norm_factor]
2025-01-21T16:38:56.6895614Z tardis/plasma/tests/test_complete_plasmas.py::TestPlasma::test_plasma_properties[radiative_rates_type:detailed-j_blues_norm_factor]
2025-01-21T16:38:56.6896342Z   /home/runner/work/tardis/tardis/tardis/plasma/tests/test_complete_plasmas.py:197: UserWarning:
2025-01-21T16:38:56.6896769Z   
2025-01-21T16:38:56.6896949Z   Property "j_blues_norm_factor" not found
2025-01-21T16:38:56.6897128Z 
2025-01-21T16:38:56.6897542Z tardis/plasma/tests/test_complete_plasmas.py::TestPlasma::test_plasma_properties[radiative_rates_type:detailed-w_epsilon:1e-10-j_blue_estimator]
2025-01-21T16:38:56.6898397Z tardis/plasma/tests/test_complete_plasmas.py::TestPlasma::test_plasma_properties[radiative_rates_type:detailed-j_blue_estimator]
2025-01-21T16:38:56.6899241Z   /home/runner/work/tardis/tardis/tardis/plasma/tests/test_complete_plasmas.py:197: UserWarning:
2025-01-21T16:38:56.6899659Z   
2025-01-21T16:38:56.6899834Z   Property "j_blue_estimator" not found
2025-01-21T16:38:56.6900006Z 
2025-01-21T16:38:56.6900390Z tardis/plasma/tests/test_complete_plasmas.py::TestPlasma::test_plasma_properties[radiative_rates_type:detailed-w_epsilon:1e-10-volume]
2025-01-21T16:38:56.6901415Z tardis/plasma/tests/test_complete_plasmas.py::TestPlasma::test_plasma_properties[radiative_rates_type:detailed-volume]
2025-01-21T16:38:56.6902101Z   /home/runner/work/tardis/tardis/tardis/plasma/tests/test_complete_plasmas.py:197: UserWarning:
2025-01-21T16:38:56.6902519Z   
2025-01-21T16:38:56.6902685Z   Property "volume" not found
2025-01-21T16:38:56.6902834Z 
2025-01-21T16:38:56.6903222Z tardis/plasma/tests/test_complete_plasmas.py::TestPlasma::test_plasma_properties[radiative_rates_type:detailed-w_epsilon:1e-10-r_inner]
2025-01-21T16:38:56.6904050Z tardis/plasma/tests/test_complete_plasmas.py::TestPlasma::test_plasma_properties[radiative_rates_type:detailed-r_inner]
2025-01-21T16:38:56.6918155Z   /home/runner/work/tardis/tardis/tardis/plasma/tests/test_complete_plasmas.py:197: UserWarning:
2025-01-21T16:38:56.6918877Z   
2025-01-21T16:38:56.6919138Z   Property "r_inner" not found
2025-01-21T16:38:56.6919365Z 
2025-01-21T16:38:56.6919708Z tardis/plasma/tests/test_plasma_vboundary.py::test_plasma_vboundary[2900-3750]
2025-01-21T16:38:56.6920486Z tardis/plasma/tests/test_plasma_vboundary.py::test_plasma_vboundary[2900-3850]
2025-01-21T16:38:56.6921399Z tardis/plasma/tests/test_plasma_vboundary.py::test_plasma_vboundary[2900-3900]
2025-01-21T16:38:56.6922221Z   /home/runner/work/tardis/tardis/tardis/model/geometry/radial1d.py:71: UserWarning:
2025-01-21T16:38:56.6922746Z   
2025-01-21T16:38:56.6923036Z   Requesting inner boundary below inner shell. Extrapolating the inner cell
2025-01-21T16:38:56.6923320Z 
2025-01-21T16:38:56.6923536Z tardis/spectrum/tests/test_spectrum_solver.py::TestSpectrumSolver::test_solve
2025-01-21T16:38:56.6924039Z   /home/runner/work/tardis/tardis/tardis/spectrum/base.py:70: UserWarning:
2025-01-21T16:38:56.6924386Z   
2025-01-21T16:38:56.6924794Z   SpectrumSolver.spectrum_virtual_packets is zero. Please run the montecarlo simulation with no_of_virtual_packets > 0
2025-01-21T16:38:56.6925207Z 
2025-01-21T16:38:56.6925419Z tardis/spectrum/tests/test_spectrum_solver.py::TestSpectrumSolver::test_solve
2025-01-21T16:38:56.6925907Z   /home/runner/work/tardis/tardis/tardis/spectrum/base.py:111: UserWarning:
2025-01-21T16:38:56.6926250Z   
2025-01-21T16:38:56.6926676Z   SpectrumSolver.integrator: The FormalIntegrator is not yet available.Please run the montecarlo simulation at least once.
2025-01-21T16:38:56.6927095Z 
2025-01-21T16:38:56.6927306Z tardis/transport/montecarlo/tests/test_vpacket.py::test_trace_vpacket_volley
2025-01-21T16:38:56.6927712Z   <string>:3: NumbaPendingDeprecationWarning:
2025-01-21T16:38:56.6927962Z   
2025-01-21T16:38:56.6929121Z   [1m[1mCode using Numba extension API maybe depending on 'old_style' error-capturing, which is deprecated and will be replaced by 'new_style' in a future release. See details at https://numba.readthedocs.io/en/latest/reference/deprecation.html#deprecation-of-old-style-numba-captured-errors
2025-01-21T16:38:56.6930118Z   Exception origin:
2025-01-21T16:38:56.6930486Z     File "/home/runner/micromamba/envs/tardis/lib/python3.12/inspect.py", line 3180, in _bind
2025-01-21T16:38:56.6931084Z       raise TypeError(msg) from None
2025-01-21T16:38:56.6931345Z   [0m[0m
2025-01-21T16:38:56.6931446Z 
2025-01-21T16:38:56.6931776Z tardis/visualization/tools/tests/test_sdec_plot.py::TestSDECPlotter::test_mpl_image[plotter_generate_plot_mpl4]
2025-01-21T16:38:56.6932463Z   /home/runner/work/tardis/tardis/tardis/visualization/tools/sdec_plot.py:1225: RuntimeWarning:
2025-01-21T16:38:56.6932891Z   
2025-01-21T16:38:56.6933838Z   More than 20 figures have been opened. Figures created through the pyplot interface (`matplotlib.pyplot.figure`) are retained until explicitly closed and may consume too much memory. (To control this warning, see the rcParam `figure.max_open_warning`). Consider using `matplotlib.pyplot.close()`.
2025-01-21T16:38:56.6934957Z 
2025-01-21T16:38:56.6935313Z tardis/visualization/widgets/tests/test_custom_abundance.py::TestCustomAbundanceWidget::test_update_input_item_value
2025-01-21T16:38:56.6936190Z tardis/visualization/widgets/tests/test_custom_abundance.py::TestCustomAbundanceWidget::test_update_input_item_value
2025-01-21T16:38:56.6936959Z tardis/visualization/widgets/tests/test_custom_abundance.py::TestCustomAbundanceWidget::test_update_input_item_value
2025-01-21T16:38:56.6937727Z tardis/visualization/widgets/tests/test_custom_abundance.py::TestCustomAbundanceWidget::test_update_input_item_value
2025-01-21T16:38:56.6938482Z tardis/visualization/widgets/tests/test_custom_abundance.py::TestCustomAbundanceWidget::test_update_input_item_value
2025-01-21T16:38:56.6939241Z tardis/visualization/widgets/tests/test_custom_abundance.py::TestCustomAbundanceWidget::test_update_input_item_value
2025-01-21T16:38:56.6940014Z   /home/runner/micromamba/envs/tardis/lib/python3.12/site-packages/traitlets/traitlets.py:1385: DeprecationWarning:
2025-01-21T16:38:56.6940508Z   
2025-01-21T16:38:56.6940891Z   Passing unrecognized arguments to super(Checkbox).__init__(icon='lock').
2025-01-21T16:38:56.6941345Z   object.__init__() takes exactly one argument (the instance to initialize)
2025-01-21T16:38:56.6941847Z   This is deprecated in traitlets 4.2.This error will be raised in a future release of traitlets.
2025-01-21T16:38:56.6942174Z 
2025-01-21T16:38:56.6942524Z tardis/visualization/widgets/tests/test_custom_abundance.py::TestCustomAbundanceWidget::test_update_input_item_value
2025-01-21T16:38:56.6943296Z tardis/visualization/widgets/tests/test_custom_abundance.py::TestCustomAbundanceWidget::test_update_input_item_value
2025-01-21T16:38:56.6944086Z   /home/runner/micromamba/envs/tardis/lib/python3.12/site-packages/traitlets/traitlets.py:1385: DeprecationWarning:
2025-01-21T16:38:56.6944589Z   
2025-01-21T16:38:56.6944854Z   Passing unrecognized arguments to super(FloatText).__init__(min=0).
2025-01-21T16:38:56.6945288Z   object.__init__() takes exactly one argument (the instance to initialize)
2025-01-21T16:38:56.6945786Z   This is deprecated in traitlets 4.2.This error will be raised in a future release of traitlets.
2025-01-21T16:38:56.6946108Z 
2025-01-21T16:38:56.6946463Z tardis/visualization/widgets/tests/test_custom_abundance.py::TestCustomAbundanceWidget::test_update_input_item_value
2025-01-21T16:38:56.6947228Z   /home/runner/micromamba/envs/tardis/lib/python3.12/site-packages/traitlets/traitlets.py:1385: DeprecationWarning:
2025-01-21T16:38:56.6947716Z   
2025-01-21T16:38:56.6947980Z   Passing unrecognized arguments to super(HTML).__init__(indent=True).
2025-01-21T16:38:56.6948407Z   object.__init__() takes exactly one argument (the instance to initialize)
2025-01-21T16:38:56.6948891Z   This is deprecated in traitlets 4.2.This error will be raised in a future release of traitlets.
2025-01-21T16:38:56.6949212Z 
2025-01-21T16:38:56.6949637Z tardis/visualization/widgets/tests/test_line_info.py::TestLineInfoWidgetData::test_get_species_interactions[wavelength_range0-packet_out_nu]
2025-01-21T16:38:56.6950465Z   /home/runner/micromamba/envs/tardis/lib/python3.12/site-packages/qgridnext/grid.py:820: DeprecationWarning:
2025-01-21T16:38:56.6951029Z   
2025-01-21T16:38:56.6951382Z   QgridWidget._precision_changed is deprecated in traitlets 4.1: use @observe and @unobserve instead.
2025-01-21T16:38:56.6951736Z 
2025-01-21T16:38:56.6951993Z tardis/visualization/widgets/tests/test_shell_info.py::TestHDFShellInfo::test_shells_data
2025-01-21T16:38:56.6952528Z   /home/runner/work/tardis/tardis/tardis/io/util.py:289: PerformanceWarning:
2025-01-21T16:38:56.6952882Z   
2025-01-21T16:38:56.6953033Z   
2025-01-21T16:38:56.6953318Z   your performance may suffer as PyTables will pickle object types that it cannot
2025-01-21T16:38:56.6953977Z   map directly to c-types [inferred_type->mixed,key->block0_values] [items->Index([0], dtype='int64')]
2025-01-21T16:38:56.6954317Z 
2025-01-21T16:38:56.6954571Z tardis/visualization/widgets/tests/test_shell_info.py::TestHDFShellInfo::test_shells_data
2025-01-21T16:38:56.6955099Z   /home/runner/work/tardis/tardis/tardis/io/util.py:292: PerformanceWarning:
2025-01-21T16:38:56.6955447Z   
2025-01-21T16:38:56.6955594Z   
2025-01-21T16:38:56.6955978Z   your performance may suffer as PyTables will pickle object types that it cannot
2025-01-21T16:38:56.6956438Z   map directly to c-types [inferred_type->mixed,key->values] [items->None]
2025-01-21T16:38:56.6956703Z 
2025-01-21T16:38:56.6956949Z tardis/visualization/widgets/tests/test_shell_info.py::TestHDFShellInfo::test_shells_data
2025-01-21T16:38:56.6957516Z   /home/runner/work/tardis/tardis/tardis/spectrum/formal_integral.py:398: UserWarning:
2025-01-21T16:38:56.6957905Z   
2025-01-21T16:38:56.6958172Z   The number of interpolate_shells was not specified. The value was set to 80.
2025-01-21T16:38:56.6958451Z 
2025-01-21T16:38:56.6958637Z -- Docs: https://docs.pytest.org/en/stable/how-to/capture-warnings.html
2025-01-21T16:38:56.6958900Z 
2025-01-21T16:38:56.6959067Z ---------- coverage: platform linux, python 3.12.4-final-0 -----------
2025-01-21T16:38:56.6959425Z Coverage HTML written to dir coverage_html_report
2025-01-21T16:38:56.6959717Z Coverage XML written to file coverage.xml
2025-01-21T16:38:56.6959893Z 
2025-01-21T16:38:56.6960023Z =========================== short test summary info ============================
2025-01-21T16:38:56.6961101Z FAILED tardis/opacities/tests/test_tau_sobolev.py::test_calculate_sobolev_line_opacity - FileNotFoundError: File /home/runner/work/tardis/tardis/tardis-regression-data/test_tau_sobolev/test_calculate_sobolev_line_opacity.h5 does not exist
2025-01-21T16:38:56.6962646Z FAILED tardis/opacities/tests/test_tau_sobolev.py::test_calculate_beta_sobolevs - FileNotFoundError: [Errno 2] No such file or directory: '/home/runner/work/tardis/tardis/tardis-regression-data/test_tau_sobolev/test_calculate_beta_sobolevs.npy'
2025-01-21T16:38:56.6963917Z ERROR tardis/energy_input/tests/test_gamma_ray_grid.py::test_move_packet - numba.core.errors.TypingError: Failed in nopython mode pipeline (step: nopython frontend)
2025-01-21T16:38:56.6964689Z [1m[1m[1m[1mFailed in nopython mode pipeline (step: nopython frontend)
2025-01-21T16:38:56.6965908Z [1m[1mCannot resolve setattr: (instance.jitclass.GXPacket#7f6d9634bbc0<location:array(float64, 1d, A),direction:array(float64, 1d, A),energy_rf:float64,energy_cmf:float64,nu_rf:float64,nu_cmf:float64,status:int64,shell:int64,time_current:float64,tau:float64>).tau_event = float64
2025-01-21T16:38:56.6966842Z [1m
2025-01-21T16:38:56.6967100Z File "tardis/energy_input/GXPacket.py", line 66:[0m
2025-01-21T16:38:56.6967409Z [1m    def __init__(
2025-01-21T16:38:56.6967604Z         <source elided>
2025-01-21T16:38:56.6967816Z         self.time_current = time_current
2025-01-21T16:38:56.6968151Z [1m        self.tau_event = -np.log(np.random.random())
2025-01-21T16:38:56.6968445Z [0m        [1m^[0m[0m
2025-01-21T16:38:56.6968650Z [0m
2025-01-21T16:38:56.6969149Z [0m[1mDuring: typing of set attribute 'tau_event' at /home/runner/work/tardis/tardis/tardis/energy_input/GXPacket.py (66)[0m
2025-01-21T16:38:56.6969646Z [1m
2025-01-21T16:38:56.6969895Z File "tardis/energy_input/GXPacket.py", line 66:[0m
2025-01-21T16:38:56.6970190Z [1m    def __init__(
2025-01-21T16:38:56.6970384Z         <source elided>
2025-01-21T16:38:56.6970592Z         self.time_current = time_current
2025-01-21T16:38:56.6971016Z [1m        self.tau_event = -np.log(np.random.random())
2025-01-21T16:38:56.6971311Z [0m        [1m^[0m[0m
2025-01-21T16:38:56.6971436Z 
2025-01-21T16:38:56.6972299Z [0m[1mDuring: resolving callee type: jitclass.GXPacket#7f6d9634bbc0<location:array(float64, 1d, A),direction:array(float64, 1d, A),energy_rf:float64,energy_cmf:float64,nu_rf:float64,nu_cmf:float64,status:int64,shell:int64,time_current:float64,tau:float64>[0m
2025-01-21T16:38:56.6973385Z [0m[1mDuring: typing of call at <string> (3)
2025-01-21T16:38:56.6973647Z [0m
2025-01-21T16:38:56.6974582Z [0m[1mDuring: resolving callee type: jitclass.GXPacket#7f6d9634bbc0<location:array(float64, 1d, A),direction:array(float64, 1d, A),energy_rf:float64,energy_cmf:float64,nu_rf:float64,nu_cmf:float64,status:int64,shell:int64,time_current:float64,tau:float64>[0m
2025-01-21T16:38:56.6975497Z [0m[1mDuring: typing of call at <string> (3)
2025-01-21T16:38:56.6975857Z [0m
2025-01-21T16:38:56.6976024Z [1m
2025-01-21T16:38:56.6976221Z File "<string>", line 3:[0m
2025-01-21T16:38:56.6976487Z [1m<source missing, REPL/exec in use?>[0m
2025-01-21T16:38:56.6977167Z ERROR tardis/energy_input/tests/test_gamma_ray_interactions.py::test_pair_creation - numba.core.errors.TypingError: Failed in nopython mode pipeline (step: nopython frontend)
2025-01-21T16:38:56.6977959Z [1m[1m[1m[1mFailed in nopython mode pipeline (step: nopython frontend)
2025-01-21T16:38:56.6979134Z [1m[1mCannot resolve setattr: (instance.jitclass.GXPacket#7f6d9634bbc0<location:array(float64, 1d, A),direction:array(float64, 1d, A),energy_rf:float64,energy_cmf:float64,nu_rf:float64,nu_cmf:float64,status:int64,shell:int64,time_current:float64,tau:float64>).tau_event = float64
2025-01-21T16:38:56.6980050Z [1m
2025-01-21T16:38:56.6980294Z File "tardis/energy_input/GXPacket.py", line 66:[0m
2025-01-21T16:38:56.6980625Z [1m    def __init__(
2025-01-21T16:38:56.6980936Z         <source elided>
2025-01-21T16:38:56.6981142Z         self.time_current = time_current
2025-01-21T16:38:56.6981468Z [1m        self.tau_event = -np.log(np.random.random())
2025-01-21T16:38:56.6981760Z [0m        [1m^[0m[0m
2025-01-21T16:38:56.6981959Z [0m
2025-01-21T16:38:56.6982454Z [0m[1mDuring: typing of set attribute 'tau_event' at /home/runner/work/tardis/tardis/tardis/energy_input/GXPacket.py (66)[0m
2025-01-21T16:38:56.6982951Z [1m
2025-01-21T16:38:56.6983195Z File "tardis/energy_input/GXPacket.py", line 66:[0m
2025-01-21T16:38:56.6983497Z [1m    def __init__(
2025-01-21T16:38:56.6983680Z         <source elided>
2025-01-21T16:38:56.6983883Z         self.time_current = time_current
2025-01-21T16:38:56.6984203Z [1m        self.tau_event = -np.log(np.random.random())
2025-01-21T16:38:56.6984490Z [0m        [1m^[0m[0m
2025-01-21T16:38:56.6984609Z 
2025-01-21T16:38:56.6985471Z [0m[1mDuring: resolving callee type: jitclass.GXPacket#7f6d9634bbc0<location:array(float64, 1d, A),direction:array(float64, 1d, A),energy_rf:float64,energy_cmf:float64,nu_rf:float64,nu_cmf:float64,status:int64,shell:int64,time_current:float64,tau:float64>[0m
2025-01-21T16:38:56.6986389Z [0m[1mDuring: typing of call at <string> (3)
2025-01-21T16:38:56.6986649Z [0m
2025-01-21T16:38:56.6987582Z [0m[1mDuring: resolving callee type: jitclass.GXPacket#7f6d9634bbc0<location:array(float64, 1d, A),direction:array(float64, 1d, A),energy_rf:float64,energy_cmf:float64,nu_rf:float64,nu_cmf:float64,status:int64,shell:int64,time_current:float64,tau:float64>[0m
2025-01-21T16:38:56.6988500Z [0m[1mDuring: typing of call at <string> (3)
2025-01-21T16:38:56.6988754Z [0m
2025-01-21T16:38:56.6988917Z [1m
2025-01-21T16:38:56.6989110Z File "<string>", line 3:[0m
2025-01-21T16:38:56.6989388Z [1m<source missing, REPL/exec in use?>[0m
2025-01-21T16:38:56.6989847Z = 2 failed, 1434 passed, 329 skipped, 2 deselected, 19 xfailed, 8 xpassed, 91 warnings, 2 errors in 735.17s (0:12:15) =
2025-01-21T16:38:58.7327873Z ##[error]Process completed with exit code 1.
2025-01-21T16:38:58.7405512Z Post job cleanup.
2025-01-21T16:38:58.7436218Z Post job cleanup.
2025-01-21T16:38:58.8786413Z Will use pre-installed micromamba at /home/runner/micromamba-bin/micromamba
2025-01-21T16:38:58.8793034Z Removing micromamba run shell ...
2025-01-21T16:38:58.8796502Z ##[group]Deinitialize micromamba for bash
2025-01-21T16:38:58.8814815Z [command]/home/runner/micromamba-bin/micromamba shell deinit -s bash -r /home/runner/micromamba --log-level warning --rc-file /home/runner/work/_temp/setup-micromamba/.condarc
2025-01-21T16:38:58.8919753Z Resetting RC file "/home/runner/.bashrc"
2025-01-21T16:38:58.8920273Z Deleting config for root prefix 
2025-01-21T16:38:58.8921000Z Clearing mamba executable environment variable
2025-01-21T16:38:58.8923326Z Removing the following in your "/home/runner/.bashrc" file
2025-01-21T16:38:58.8923904Z # >>> mamba initialize >>>
2025-01-21T16:38:58.8924272Z ...
2025-01-21T16:38:58.8924576Z # <<< mamba initialize <<<
2025-01-21T16:38:58.8952287Z Removing mamba initialize block from .bash_profile
2025-01-21T16:38:58.8967243Z ##[endgroup]
2025-01-21T16:38:58.8971904Z Removing environment tardis from auto-activate bash ...
2025-01-21T16:38:58.9094861Z Post job cleanup.
2025-01-21T16:38:58.9132669Z Post job cleanup.
2025-01-21T16:38:59.0212939Z [command]/usr/bin/git version
2025-01-21T16:38:59.0254563Z git version 2.47.1
2025-01-21T16:38:59.0306350Z Temporarily overriding HOME='/home/runner/work/_temp/5dfba131-2f22-41c2-bc5a-2606465ecc15' before making global git config changes
2025-01-21T16:38:59.0307585Z Adding repository directory to the temporary git global config as a safe directory
2025-01-21T16:38:59.0312599Z [command]/usr/bin/git config --global --add safe.directory /home/runner/work/tardis/tardis/tardis-regression-data
2025-01-21T16:38:59.0348982Z [command]/usr/bin/git config --local --name-only --get-regexp core\.sshCommand
2025-01-21T16:38:59.0382387Z [command]/usr/bin/git submodule foreach --recursive sh -c "git config --local --name-only --get-regexp 'core\.sshCommand' && git config --local --unset-all 'core.sshCommand' || :"
2025-01-21T16:38:59.0615005Z [command]/usr/bin/git config --local --name-only --get-regexp http\.https\:\/\/github\.com\/\.extraheader
2025-01-21T16:38:59.0635640Z http.https://github.com/.extraheader
2025-01-21T16:38:59.0647549Z [command]/usr/bin/git config --local --unset-all http.https://github.com/.extraheader
2025-01-21T16:38:59.0677468Z [command]/usr/bin/git submodule foreach --recursive sh -c "git config --local --name-only --get-regexp 'http\.https\:\/\/github\.com\/\.extraheader' && git config --local --unset-all 'http.https://github.com/.extraheader' || :"
2025-01-21T16:38:59.1036618Z Post job cleanup.
2025-01-21T16:38:59.1973783Z [command]/usr/bin/git version
2025-01-21T16:38:59.2009782Z git version 2.47.1
2025-01-21T16:38:59.2060129Z Temporarily overriding HOME='/home/runner/work/_temp/3dd1d682-93c2-48c8-851a-0b7ea574c3c8' before making global git config changes
2025-01-21T16:38:59.2061612Z Adding repository directory to the temporary git global config as a safe directory
2025-01-21T16:38:59.2065579Z [command]/usr/bin/git config --global --add safe.directory /home/runner/work/tardis/tardis
2025-01-21T16:38:59.2098933Z [command]/usr/bin/git config --local --name-only --get-regexp core\.sshCommand
2025-01-21T16:38:59.2130433Z [command]/usr/bin/git submodule foreach --recursive sh -c "git config --local --name-only --get-regexp 'core\.sshCommand' && git config --local --unset-all 'core.sshCommand' || :"
2025-01-21T16:38:59.2374020Z [command]/usr/bin/git config --local --name-only --get-regexp http\.https\:\/\/github\.com\/\.extraheader
2025-01-21T16:38:59.2396110Z http.https://github.com/.extraheader
2025-01-21T16:38:59.2412383Z [command]/usr/bin/git config --local --unset-all http.https://github.com/.extraheader
2025-01-21T16:38:59.2446588Z [command]/usr/bin/git submodule foreach --recursive sh -c "git config --local --name-only --get-regexp 'http\.https\:\/\/github\.com\/\.extraheader' && git config --local --unset-all 'http.https://github.com/.extraheader' || :"
2025-01-21T16:38:59.2797879Z Cleaning up orphan processes
