2025-01-14T13:23:55.6668625Z Requested labels: macos-latest
2025-01-14T13:23:55.6668844Z Job defined at: tardis-sn/tardis/.github/workflows/tests.yml@refs/pull/2932/merge
2025-01-14T13:23:55.6668950Z Waiting for a runner to pick up this job...
2025-01-14T13:23:55.9203551Z Job is waiting for a hosted runner to come online.
2025-01-14T13:23:59.5326003Z Job is about to start running on the hosted runner: GitHub Actions 5 (hosted)
2025-01-14T13:24:00.7661550Z Current runner version: '2.321.0'
2025-01-14T13:24:00.7679790Z ##[group]Operating System
2025-01-14T13:24:00.7680280Z macOS
2025-01-14T13:24:00.7680580Z 14.7.2
2025-01-14T13:24:00.7680880Z 23H311
2025-01-14T13:24:00.7681180Z ##[endgroup]
2025-01-14T13:24:00.7681500Z ##[group]Runner Image
2025-01-14T13:24:00.7681850Z Image: macos-14-arm64
2025-01-14T13:24:00.7682240Z Version: 20250106.725
2025-01-14T13:24:00.7682930Z Included Software: https://github.com/actions/runner-images/blob/macos-14-arm64/20250106.725/images/macos/macos-14-arm64-Readme.md
2025-01-14T13:24:00.7683860Z Image Release: https://github.com/actions/runner-images/releases/tag/macos-14-arm64%2F20250106.725
2025-01-14T13:24:00.7684450Z ##[endgroup]
2025-01-14T13:24:00.7684770Z ##[group]Runner Image Provisioner
2025-01-14T13:24:00.7685180Z 2.0.404.1+573eac7f0cc07d6bb82d8b9bf5e1ffa69a554644
2025-01-14T13:24:00.7685590Z ##[endgroup]
2025-01-14T13:24:00.7686980Z ##[group]GITHUB_TOKEN Permissions
2025-01-14T13:24:00.7688290Z Actions: read
2025-01-14T13:24:00.7688620Z Attestations: read
2025-01-14T13:24:00.7688920Z Checks: read
2025-01-14T13:24:00.7689220Z Contents: read
2025-01-14T13:24:00.7689520Z Deployments: read
2025-01-14T13:24:00.7689830Z Discussions: read
2025-01-14T13:24:00.7690140Z Issues: read
2025-01-14T13:24:00.7690430Z Metadata: read
2025-01-14T13:24:00.7690720Z Packages: read
2025-01-14T13:24:00.7691020Z Pages: read
2025-01-14T13:24:00.7691420Z PullRequests: read
2025-01-14T13:24:00.7692440Z RepositoryProjects: read
2025-01-14T13:24:00.7693210Z SecurityEvents: read
2025-01-14T13:24:00.7693540Z Statuses: read
2025-01-14T13:24:00.7693840Z ##[endgroup]
2025-01-14T13:24:00.7696310Z Secret source: None
2025-01-14T13:24:00.7696840Z Prepare workflow directory
2025-01-14T13:24:00.8080630Z Prepare all required actions
2025-01-14T13:24:00.8109070Z Getting action download info
2025-01-14T13:24:00.9853430Z Download action repository 'actions/checkout@v4' (SHA:11bd71901bbe5b1630ceea73d27597364c9af683)
2025-01-14T13:24:01.4233480Z Download action repository 'actions/upload-artifact@v4' (SHA:65c4c4a1ddee5b72f698fdd19549f0f0fb45cf08)
2025-01-14T13:24:02.7531850Z Complete job name: not continuum macos-latest 
2025-01-14T13:24:02.7987780Z ##[group]Run actions/checkout@v4
2025-01-14T13:24:02.7988590Z with:
2025-01-14T13:24:02.7989110Z   repository: tardis-sn/tardis
2025-01-14T13:24:02.7989870Z   token: ***
2025-01-14T13:24:02.7990330Z   ssh-strict: true
2025-01-14T13:24:02.7990960Z   ssh-user: git
2025-01-14T13:24:02.7991560Z   persist-credentials: true
2025-01-14T13:24:02.7992110Z   clean: true
2025-01-14T13:24:02.7992630Z   sparse-checkout-cone-mode: true
2025-01-14T13:24:02.7993320Z   fetch-depth: 1
2025-01-14T13:24:02.7993840Z   fetch-tags: false
2025-01-14T13:24:02.7994390Z   show-progress: true
2025-01-14T13:24:02.7994960Z   lfs: false
2025-01-14T13:24:02.7995500Z   submodules: false
2025-01-14T13:24:02.7996190Z   set-safe-directory: true
2025-01-14T13:24:02.7996870Z env:
2025-01-14T13:24:02.7997460Z   CACHE_NUMBER: 0
2025-01-14T13:24:02.7999190Z   PYTEST_FLAGS: --tardis-regression-data=/Users/runner/work/tardis/tardis/tardis-regression-data --cov=tardis --cov-report=xml --cov-report=html --cov-append
2025-01-14T13:24:02.8000900Z   CODECOV_TOKEN: 
2025-01-14T13:24:02.8001480Z ##[endgroup]
2025-01-14T13:24:03.0925800Z Syncing repository: tardis-sn/tardis
2025-01-14T13:24:03.0927720Z ##[group]Getting Git version info
2025-01-14T13:24:03.0928650Z Working directory is '/Users/runner/work/tardis/tardis'
2025-01-14T13:24:03.0930040Z [command]/opt/homebrew/bin/git version
2025-01-14T13:24:03.1515140Z git version 2.47.1
2025-01-14T13:24:03.1538080Z ##[endgroup]
2025-01-14T13:24:03.1546030Z Copying '/Users/runner/.gitconfig' to '/Users/runner/work/_temp/4ba1264d-e949-43ad-9212-5a0e77eea6d1/.gitconfig'
2025-01-14T13:24:03.1550490Z Temporarily overriding HOME='/Users/runner/work/_temp/4ba1264d-e949-43ad-9212-5a0e77eea6d1' before making global git config changes
2025-01-14T13:24:03.1552250Z Adding repository directory to the temporary git global config as a safe directory
2025-01-14T13:24:03.1554700Z [command]/opt/homebrew/bin/git config --global --add safe.directory /Users/runner/work/tardis/tardis
2025-01-14T13:24:03.1634620Z Deleting the contents of '/Users/runner/work/tardis/tardis'
2025-01-14T13:24:03.1636890Z ##[group]Initializing the repository
2025-01-14T13:24:03.1640610Z [command]/opt/homebrew/bin/git init /Users/runner/work/tardis/tardis
2025-01-14T13:24:03.1810910Z hint: Using 'master' as the name for the initial branch. This default branch name
2025-01-14T13:24:03.1825500Z hint: is subject to change. To configure the initial branch name to use in all
2025-01-14T13:24:03.1827750Z hint: of your new repositories, which will suppress this warning, call:
2025-01-14T13:24:03.1828800Z hint:
2025-01-14T13:24:03.1829790Z hint: 	git config --global init.defaultBranch <name>
2025-01-14T13:24:03.1830560Z hint:
2025-01-14T13:24:03.1831290Z hint: Names commonly chosen instead of 'master' are 'main', 'trunk' and
2025-01-14T13:24:03.1832500Z hint: 'development'. The just-created branch can be renamed via this command:
2025-01-14T13:24:03.1833460Z hint:
2025-01-14T13:24:03.1834010Z hint: 	git branch -m <name>
2025-01-14T13:24:03.1834910Z Initialized empty Git repository in /Users/runner/work/tardis/tardis/.git/
2025-01-14T13:24:03.1837150Z [command]/opt/homebrew/bin/git remote add origin https://github.com/tardis-sn/tardis
2025-01-14T13:24:03.1870260Z ##[endgroup]
2025-01-14T13:24:03.1871390Z ##[group]Disabling automatic garbage collection
2025-01-14T13:24:03.1872510Z [command]/opt/homebrew/bin/git config --local gc.auto 0
2025-01-14T13:24:03.1912650Z ##[endgroup]
2025-01-14T13:24:03.1913530Z ##[group]Setting up auth
2025-01-14T13:24:03.1916790Z [command]/opt/homebrew/bin/git config --local --name-only --get-regexp core\.sshCommand
2025-01-14T13:24:03.1957080Z [command]/opt/homebrew/bin/git submodule foreach --recursive sh -c "git config --local --name-only --get-regexp 'core\.sshCommand' && git config --local --unset-all 'core.sshCommand' || :"
2025-01-14T13:24:03.2562820Z [command]/opt/homebrew/bin/git config --local --name-only --get-regexp http\.https\:\/\/github\.com\/\.extraheader
2025-01-14T13:24:03.2670180Z [command]/opt/homebrew/bin/git submodule foreach --recursive sh -c "git config --local --name-only --get-regexp 'http\.https\:\/\/github\.com\/\.extraheader' && git config --local --unset-all 'http.https://github.com/.extraheader' || :"
2025-01-14T13:24:03.3100880Z [command]/opt/homebrew/bin/git config --local http.https://github.com/.extraheader AUTHORIZATION: basic ***
2025-01-14T13:24:03.3167370Z ##[endgroup]
2025-01-14T13:24:03.3168320Z ##[group]Fetching the repository
2025-01-14T13:24:03.3173080Z [command]/opt/homebrew/bin/git -c protocol.version=2 fetch --no-tags --prune --no-recurse-submodules --depth=1 origin +7e18d1d2c786a7f2b783134314eadb9ae419d7da:refs/remotes/pull/2932/merge
2025-01-14T13:24:05.1877140Z From https://github.com/tardis-sn/tardis
2025-01-14T13:24:05.1878200Z  * [new ref]         7e18d1d2c786a7f2b783134314eadb9ae419d7da -> pull/2932/merge
2025-01-14T13:24:05.1930940Z ##[endgroup]
2025-01-14T13:24:05.1931290Z ##[group]Determining the checkout info
2025-01-14T13:24:05.1931650Z ##[endgroup]
2025-01-14T13:24:05.1935460Z [command]/opt/homebrew/bin/git sparse-checkout disable
2025-01-14T13:24:05.1985840Z [command]/opt/homebrew/bin/git config --local --unset-all extensions.worktreeConfig
2025-01-14T13:24:05.2026160Z ##[group]Checking out the ref
2025-01-14T13:24:05.2028870Z [command]/opt/homebrew/bin/git checkout --progress --force refs/remotes/pull/2932/merge
2025-01-14T13:24:05.4260310Z HEAD is now at 7e18d1d Merge 5c5c5efa0230c027ecb45621c36b0969fd93b3c2 into 2a06fdfb60190bbd9b49ff572d78772607138660
2025-01-14T13:24:05.4287070Z ##[endgroup]
2025-01-14T13:24:05.4345760Z [command]/opt/homebrew/bin/git log -1 --format=%H
2025-01-14T13:24:05.4390930Z 7e18d1d2c786a7f2b783134314eadb9ae419d7da
2025-01-14T13:24:05.4590490Z Prepare all required actions
2025-01-14T13:24:05.4590970Z Getting action download info
2025-01-14T13:24:05.6292880Z Download action repository 'actions/cache@v4' (SHA:1bd1e32a3bdc45362d1e726936510720a7c30a57)
2025-01-14T13:24:05.7346960Z ##[group]Run ./.github/actions/setup_lfs
2025-01-14T13:24:05.7347180Z with:
2025-01-14T13:24:05.7347380Z   regression-data-repo: tardis-sn/tardis-regression-data
2025-01-14T13:24:05.7347620Z env:
2025-01-14T13:24:05.7347740Z   CACHE_NUMBER: 0
2025-01-14T13:24:05.7348220Z   PYTEST_FLAGS: --tardis-regression-data=/Users/runner/work/tardis/tardis/tardis-regression-data --cov=tardis --cov-report=xml --cov-report=html --cov-append
2025-01-14T13:24:05.7348730Z   CODECOV_TOKEN: 
2025-01-14T13:24:05.7348870Z ##[endgroup]
2025-01-14T13:24:05.7436290Z ##[group]Run actions/checkout@v4
2025-01-14T13:24:05.7436480Z with:
2025-01-14T13:24:05.7436640Z   repository: tardis-sn/tardis-regression-data
2025-01-14T13:24:05.7436860Z   path: tardis-regression-data
2025-01-14T13:24:05.7437180Z   token: ***
2025-01-14T13:24:05.7437330Z   ssh-strict: true
2025-01-14T13:24:05.7437490Z   ssh-user: git
2025-01-14T13:24:05.7437640Z   persist-credentials: true
2025-01-14T13:24:05.7437830Z   clean: true
2025-01-14T13:24:05.7437980Z   sparse-checkout-cone-mode: true
2025-01-14T13:24:05.7438160Z   fetch-depth: 1
2025-01-14T13:24:05.7438300Z   fetch-tags: false
2025-01-14T13:24:05.7438450Z   show-progress: true
2025-01-14T13:24:05.7438590Z   lfs: false
2025-01-14T13:24:05.7438730Z   submodules: false
2025-01-14T13:24:05.7438880Z   set-safe-directory: true
2025-01-14T13:24:05.7439050Z env:
2025-01-14T13:24:05.7439170Z   CACHE_NUMBER: 0
2025-01-14T13:24:05.7439970Z   PYTEST_FLAGS: --tardis-regression-data=/Users/runner/work/tardis/tardis/tardis-regression-data --cov=tardis --cov-report=xml --cov-report=html --cov-append
2025-01-14T13:24:05.7440490Z   CODECOV_TOKEN: 
2025-01-14T13:24:05.7440640Z ##[endgroup]
2025-01-14T13:24:05.8916780Z Syncing repository: tardis-sn/tardis-regression-data
2025-01-14T13:24:05.8917640Z ##[group]Getting Git version info
2025-01-14T13:24:05.8918120Z Working directory is '/Users/runner/work/tardis/tardis/tardis-regression-data'
2025-01-14T13:24:05.8918870Z [command]/opt/homebrew/bin/git version
2025-01-14T13:24:05.8919280Z git version 2.47.1
2025-01-14T13:24:05.8920370Z ##[endgroup]
2025-01-14T13:24:05.8922160Z Copying '/Users/runner/.gitconfig' to '/Users/runner/work/_temp/3b48ee8c-dd68-4fae-a8bb-d137e66d6c9a/.gitconfig'
2025-01-14T13:24:05.8923040Z Temporarily overriding HOME='/Users/runner/work/_temp/3b48ee8c-dd68-4fae-a8bb-d137e66d6c9a' before making global git config changes
2025-01-14T13:24:05.8923780Z Adding repository directory to the temporary git global config as a safe directory
2025-01-14T13:24:05.8924530Z [command]/opt/homebrew/bin/git config --global --add safe.directory /Users/runner/work/tardis/tardis/tardis-regression-data
2025-01-14T13:24:05.8925700Z ##[group]Initializing the repository
2025-01-14T13:24:05.8926230Z [command]/opt/homebrew/bin/git init /Users/runner/work/tardis/tardis/tardis-regression-data
2025-01-14T13:24:05.8928480Z hint: Using 'master' as the name for the initial branch. This default branch name
2025-01-14T13:24:05.8929140Z hint: is subject to change. To configure the initial branch name to use in all
2025-01-14T13:24:05.8929700Z hint: of your new repositories, which will suppress this warning, call:
2025-01-14T13:24:05.8930100Z hint:
2025-01-14T13:24:05.8930460Z hint: 	git config --global init.defaultBranch <name>
2025-01-14T13:24:05.8930810Z hint:
2025-01-14T13:24:05.8931170Z hint: Names commonly chosen instead of 'master' are 'main', 'trunk' and
2025-01-14T13:24:05.8931710Z hint: 'development'. The just-created branch can be renamed via this command:
2025-01-14T13:24:05.8932130Z hint:
2025-01-14T13:24:05.8932390Z hint: 	git branch -m <name>
2025-01-14T13:24:05.8932890Z Initialized empty Git repository in /Users/runner/work/tardis/tardis/tardis-regression-data/.git/
2025-01-14T13:24:05.8934760Z [command]/opt/homebrew/bin/git remote add origin https://github.com/tardis-sn/tardis-regression-data
2025-01-14T13:24:05.8935880Z ##[endgroup]
2025-01-14T13:24:05.8936320Z ##[group]Disabling automatic garbage collection
2025-01-14T13:24:05.8937010Z [command]/opt/homebrew/bin/git config --local gc.auto 0
2025-01-14T13:24:05.8937930Z ##[endgroup]
2025-01-14T13:24:05.8938320Z ##[group]Setting up auth
2025-01-14T13:24:05.8938770Z [command]/opt/homebrew/bin/git config --local --name-only --get-regexp core\.sshCommand
2025-01-14T13:24:05.8940130Z [command]/opt/homebrew/bin/git submodule foreach --recursive sh -c "git config --local --name-only --get-regexp 'core\.sshCommand' && git config --local --unset-all 'core.sshCommand' || :"
2025-01-14T13:24:06.0540920Z [command]/opt/homebrew/bin/git config --local --name-only --get-regexp http\.https\:\/\/github\.com\/\.extraheader
2025-01-14T13:24:06.0674180Z [command]/opt/homebrew/bin/git submodule foreach --recursive sh -c "git config --local --name-only --get-regexp 'http\.https\:\/\/github\.com\/\.extraheader' && git config --local --unset-all 'http.https://github.com/.extraheader' || :"
2025-01-14T13:24:06.1187960Z [command]/opt/homebrew/bin/git config --local http.https://github.com/.extraheader AUTHORIZATION: basic ***
2025-01-14T13:24:06.1315520Z ##[endgroup]
2025-01-14T13:24:06.1317530Z ##[group]Determining the default branch
2025-01-14T13:24:06.1324420Z Retrieving the default branch name
2025-01-14T13:24:06.5354560Z Default branch 'main'
2025-01-14T13:24:06.5355200Z ##[endgroup]
2025-01-14T13:24:06.5355550Z ##[group]Fetching the repository
2025-01-14T13:24:06.5358830Z [command]/opt/homebrew/bin/git -c protocol.version=2 fetch --no-tags --prune --no-recurse-submodules --depth=1 origin +refs/heads/main:refs/remotes/origin/main
2025-01-14T13:24:07.5032440Z From https://github.com/tardis-sn/tardis-regression-data
2025-01-14T13:24:07.5133560Z  * [new branch]      main       -> origin/main
2025-01-14T13:24:07.5201670Z ##[endgroup]
2025-01-14T13:24:07.5202050Z ##[group]Determining the checkout info
2025-01-14T13:24:07.5202470Z ##[endgroup]
2025-01-14T13:24:07.5203160Z [command]/opt/homebrew/bin/git sparse-checkout disable
2025-01-14T13:24:07.5212560Z [command]/opt/homebrew/bin/git config --local --unset-all extensions.worktreeConfig
2025-01-14T13:24:07.5366780Z ##[group]Checking out the ref
2025-01-14T13:24:07.5379290Z [command]/opt/homebrew/bin/git checkout --progress --force -B main refs/remotes/origin/main
2025-01-14T13:24:07.8505390Z Switched to a new branch 'main'
2025-01-14T13:24:07.8606490Z branch 'main' set up to track 'origin/main'.
2025-01-14T13:24:07.9947100Z ##[endgroup]
2025-01-14T13:24:08.0205400Z [command]/opt/homebrew/bin/git log -1 --format=%H
2025-01-14T13:24:08.0306490Z fa7729bc9c30e14b69acd641af8b692b56fcd416
2025-01-14T13:24:08.0454110Z ##[group]Run git lfs ls-files -l | cut -d' ' -f1 | sort > .lfs-assets-id
2025-01-14T13:24:08.0454530Z [36;1mgit lfs ls-files -l | cut -d' ' -f1 | sort > .lfs-assets-id[0m
2025-01-14T13:24:08.0617030Z shell: /bin/bash --noprofile --norc -e -o pipefail {0}
2025-01-14T13:24:08.0617310Z env:
2025-01-14T13:24:08.0617450Z   CACHE_NUMBER: 0
2025-01-14T13:24:08.0617940Z   PYTEST_FLAGS: --tardis-regression-data=/Users/runner/work/tardis/tardis/tardis-regression-data --cov=tardis --cov-report=xml --cov-report=html --cov-append
2025-01-14T13:24:08.0618470Z   CODECOV_TOKEN: 
2025-01-14T13:24:08.0618650Z ##[endgroup]
2025-01-14T13:24:08.4910020Z ##[group]Run actions/cache/restore@v4
2025-01-14T13:24:08.4910290Z with:
2025-01-14T13:24:08.4910450Z   path: tardis-regression-data/.git/lfs
2025-01-14T13:24:08.4910790Z   key: macOS-lfs-21f9fa4b6817cc69b9fae3598144724da7828e276a73bd17f47a2a49d9af090a-v1
2025-01-14T13:24:08.4911220Z   enableCrossOsArchive: false
2025-01-14T13:24:08.4911430Z   fail-on-cache-miss: false
2025-01-14T13:24:08.4911600Z   lookup-only: false
2025-01-14T13:24:08.4911750Z env:
2025-01-14T13:24:08.4911880Z   CACHE_NUMBER: 0
2025-01-14T13:24:08.4912770Z   PYTEST_FLAGS: --tardis-regression-data=/Users/runner/work/tardis/tardis/tardis-regression-data --cov=tardis --cov-report=xml --cov-report=html --cov-append
2025-01-14T13:24:08.4913300Z   CODECOV_TOKEN: 
2025-01-14T13:24:08.4913450Z ##[endgroup]
2025-01-14T13:24:10.1066540Z Received 25165824 of 1706796060 (1.5%), 23.9 MBs/sec
2025-01-14T13:24:11.1078400Z Received 83886080 of 1706796060 (4.9%), 39.8 MBs/sec
2025-01-14T13:24:12.1067840Z Received 134217728 of 1706796060 (7.9%), 42.5 MBs/sec
2025-01-14T13:24:13.1080900Z Received 192937984 of 1706796060 (11.3%), 45.9 MBs/sec
2025-01-14T13:24:14.1174380Z Received 234881024 of 1706796060 (13.8%), 44.7 MBs/sec
2025-01-14T13:24:15.1114070Z Received 297795584 of 1706796060 (17.4%), 47.2 MBs/sec
2025-01-14T13:24:16.1167440Z Received 348127232 of 1706796060 (20.4%), 47.3 MBs/sec
2025-01-14T13:24:17.1177500Z Received 423624704 of 1706796060 (24.8%), 50.4 MBs/sec
2025-01-14T13:24:18.1187310Z Received 490733568 of 1706796060 (28.8%), 51.9 MBs/sec
2025-01-14T13:24:19.1192760Z Received 553648128 of 1706796060 (32.4%), 52.7 MBs/sec
2025-01-14T13:24:20.1206700Z Received 624951296 of 1706796060 (36.6%), 54.1 MBs/sec
2025-01-14T13:24:21.1213540Z Received 683671552 of 1706796060 (40.1%), 54.2 MBs/sec
2025-01-14T13:24:22.1218100Z Received 729808896 of 1706796060 (42.8%), 53.4 MBs/sec
2025-01-14T13:24:23.1224880Z Received 788529152 of 1706796060 (46.2%), 53.6 MBs/sec
2025-01-14T13:24:24.1238960Z Received 859832320 of 1706796060 (50.4%), 54.6 MBs/sec
2025-01-14T13:24:25.1254600Z Received 914358272 of 1706796060 (53.6%), 54.4 MBs/sec
2025-01-14T13:24:26.1292700Z Received 989855744 of 1706796060 (58.0%), 55.4 MBs/sec
2025-01-14T13:24:27.1301150Z Received 1052770304 of 1706796060 (61.7%), 55.7 MBs/sec
2025-01-14T13:24:28.1312300Z Received 1107296256 of 1706796060 (64.9%), 55.5 MBs/sec
2025-01-14T13:24:29.1314640Z Received 1153433600 of 1706796060 (67.6%), 54.9 MBs/sec
2025-01-14T13:24:30.1324700Z Received 1212153856 of 1706796060 (71.0%), 55.0 MBs/sec
2025-01-14T13:24:31.1397180Z Received 1249902592 of 1706796060 (73.2%), 54.1 MBs/sec
2025-01-14T13:24:32.1360990Z Received 1312817152 of 1706796060 (76.9%), 54.3 MBs/sec
2025-01-14T13:24:33.1875960Z Received 1354760192 of 1706796060 (79.4%), 53.7 MBs/sec
2025-01-14T13:24:34.1712380Z Received 1413480448 of 1706796060 (82.8%), 53.8 MBs/sec
2025-01-14T13:24:35.1779360Z Received 1472200704 of 1706796060 (86.3%), 53.8 MBs/sec
2025-01-14T13:24:36.1748250Z Received 1476395008 of 1706796060 (86.5%), 52.0 MBs/sec
2025-01-14T13:24:37.1761200Z Received 1543503872 of 1706796060 (90.4%), 52.4 MBs/sec
2025-01-14T13:24:38.1791860Z Received 1585446912 of 1706796060 (92.9%), 52.0 MBs/sec
2025-01-14T13:24:39.1946500Z Received 1639972864 of 1706796060 (96.1%), 52.0 MBs/sec
2025-01-14T13:24:39.9200030Z Cache Size: ~1628 MB (1706796060 B)
2025-01-14T13:24:39.9268740Z [command]/opt/homebrew/bin/gtar -xf /Users/runner/work/_temp/eba60057-4f6a-4abe-a395-b1c2f1fb8b6f/cache.tzst -P -C /Users/runner/work/tardis/tardis --delay-directory-restore --use-compress-program unzstd
2025-01-14T13:24:40.1851910Z Received 1706796060 of 1706796060 (100.0%), 52.4 MBs/sec
2025-01-14T13:24:48.7861970Z Cache restored successfully
2025-01-14T13:24:48.9067840Z Cache restored from key: macOS-lfs-21f9fa4b6817cc69b9fae3598144724da7828e276a73bd17f47a2a49d9af090a-v1
2025-01-14T13:24:48.9338870Z ##[group]Run git lfs checkout
2025-01-14T13:24:48.9339290Z [36;1mgit lfs checkout[0m
2025-01-14T13:24:48.9432430Z shell: /bin/bash --noprofile --norc -e -o pipefail {0}
2025-01-14T13:24:48.9432780Z env:
2025-01-14T13:24:48.9433150Z   CACHE_NUMBER: 0
2025-01-14T13:24:48.9433750Z   PYTEST_FLAGS: --tardis-regression-data=/Users/runner/work/tardis/tardis/tardis-regression-data --cov=tardis --cov-report=xml --cov-report=html --cov-append
2025-01-14T13:24:48.9434360Z   CODECOV_TOKEN: 
2025-01-14T13:24:48.9434620Z ##[endgroup]
2025-01-14T13:24:58.6124240Z Checking out LFS objects: 100% (204/204), 3.5 GB | 287 MB/s, done.
2025-01-14T13:25:08.5293640Z Prepare all required actions
2025-01-14T13:25:08.5294240Z Getting action download info
2025-01-14T13:25:08.6569230Z Download action repository 'mamba-org/setup-micromamba@v1' (SHA:4b9113af4fba0e9e1124b252dd6497a419e7396d)
2025-01-14T13:25:09.9655080Z ##[group]Run ./.github/actions/setup_env
2025-01-14T13:25:09.9655360Z with:
2025-01-14T13:25:09.9656050Z   os-label: osx-arm64
2025-01-14T13:25:09.9656420Z env:
2025-01-14T13:25:09.9656640Z   CACHE_NUMBER: 0
2025-01-14T13:25:09.9657310Z   PYTEST_FLAGS: --tardis-regression-data=/Users/runner/work/tardis/tardis/tardis-regression-data --cov=tardis --cov-report=xml --cov-report=html --cov-append
2025-01-14T13:25:09.9657950Z   CODECOV_TOKEN: 
2025-01-14T13:25:09.9658160Z ##[endgroup]
2025-01-14T13:25:09.9687320Z ##[group]Run file_hash=$(cat conda-osx-arm64.lock | shasum -a 256 | cut -d' ' -f1)
2025-01-14T13:25:09.9687800Z [36;1mfile_hash=$(cat conda-osx-arm64.lock | shasum -a 256 | cut -d' ' -f1)[0m
2025-01-14T13:25:09.9688390Z [36;1mecho "file_hash=$file_hash" >> "${GITHUB_OUTPUT}"[0m
2025-01-14T13:25:09.9744000Z shell: /bin/bash --noprofile --norc -e -o pipefail {0}
2025-01-14T13:25:09.9744250Z env:
2025-01-14T13:25:09.9744370Z   CACHE_NUMBER: 0
2025-01-14T13:25:09.9745650Z   PYTEST_FLAGS: --tardis-regression-data=/Users/runner/work/tardis/tardis/tardis-regression-data --cov=tardis --cov-report=xml --cov-report=html --cov-append
2025-01-14T13:25:09.9746220Z   CODECOV_TOKEN: 
2025-01-14T13:25:09.9746420Z ##[endgroup]
2025-01-14T13:25:10.1760800Z ##[group]Run mamba-org/setup-micromamba@v1
2025-01-14T13:25:10.1761360Z with:
2025-01-14T13:25:10.1761680Z   environment-file: conda-osx-arm64.lock
2025-01-14T13:25:10.1762270Z   cache-environment-key: bf0d0a4d4c847cca72476c6c68c493d56c484aada7e80de0e42c7607fcef5824
2025-01-14T13:25:10.1763070Z   cache-downloads-key: bf0d0a4d4c847cca72476c6c68c493d56c484aada7e80de0e42c7607fcef5824
2025-01-14T13:25:10.1764020Z   environment-name: tardis
2025-01-14T13:25:10.1764260Z   cache-environment: true
2025-01-14T13:25:10.1764810Z   cache-downloads: true
2025-01-14T13:25:10.1765560Z env:
2025-01-14T13:25:10.1766190Z   CACHE_NUMBER: 0
2025-01-14T13:25:10.1767260Z   PYTEST_FLAGS: --tardis-regression-data=/Users/runner/work/tardis/tardis/tardis-regression-data --cov=tardis --cov-report=xml --cov-report=html --cov-append
2025-01-14T13:25:10.1768740Z   CODECOV_TOKEN: 
2025-01-14T13:25:10.1769170Z ##[endgroup]
2025-01-14T13:25:10.5487340Z Will download micromamba to /Users/runner/micromamba-bin/micromamba
2025-01-14T13:25:10.5506440Z ##[group]Install micromamba
2025-01-14T13:25:11.2538640Z micromamba installed to /Users/runner/micromamba-bin/micromamba
2025-01-14T13:25:11.2539750Z ##[endgroup]
2025-01-14T13:25:11.2540810Z Adding conda-forge to condarc channels ...
2025-01-14T13:25:11.2565160Z ##[group]Initialize micromamba for bash.
2025-01-14T13:25:11.2586060Z [command]/Users/runner/micromamba-bin/micromamba shell init -s bash -r /Users/runner/micromamba --log-level warning --rc-file /Users/runner/work/_temp/setup-micromamba/.condarc
2025-01-14T13:25:11.2968310Z Modifying RC file "/Users/runner/.bash_profile"
2025-01-14T13:25:11.2972360Z Generating config for root prefix [1m"/Users/runner/micromamba"[0m
2025-01-14T13:25:11.2972970Z Setting mamba executable to: [1m"/Users/runner/micromamba-bin/micromamba"[0m
2025-01-14T13:25:11.2973350Z Adding (or replacing) the following in your "/Users/runner/.bash_profile" file
2025-01-14T13:25:11.2973690Z 
2025-01-14T13:25:11.2973760Z # >>> mamba initialize >>>
2025-01-14T13:25:11.2973990Z # !! Contents within this block are managed by 'mamba init' !!
2025-01-14T13:25:11.2974320Z export MAMBA_EXE='/Users/runner/micromamba-bin/micromamba';
2025-01-14T13:25:11.2974610Z export MAMBA_ROOT_PREFIX='/Users/runner/micromamba';
2025-01-14T13:25:11.2974990Z __mamba_setup="$("$MAMBA_EXE" shell hook --shell bash --root-prefix "$MAMBA_ROOT_PREFIX" 2> /dev/null)"
2025-01-14T13:25:11.2975630Z if [ $? -eq 0 ]; then
2025-01-14T13:25:11.2975800Z     eval "$__mamba_setup"
2025-01-14T13:25:11.2976950Z else
2025-01-14T13:25:11.2977200Z     alias micromamba="$MAMBA_EXE"  # Fallback on help from mamba activate
2025-01-14T13:25:11.2977470Z fi
2025-01-14T13:25:11.2977600Z unset __mamba_setup
2025-01-14T13:25:11.2977760Z # <<< mamba initialize <<<
2025-01-14T13:25:11.2977910Z 
2025-01-14T13:25:11.2980180Z ##[endgroup]
2025-01-14T13:25:11.2980660Z ##[group]Restoring downloads from `/Users/runner/micromamba/pkgs` ...
2025-01-14T13:25:12.6640270Z Received 33554432 of 310595873 (10.8%), 31.8 MBs/sec
2025-01-14T13:25:13.6707720Z Received 121634816 of 310595873 (39.2%), 57.7 MBs/sec
2025-01-14T13:25:14.6700230Z Received 192937984 of 310595873 (62.1%), 61.0 MBs/sec
2025-01-14T13:25:15.6694130Z Received 264241152 of 310595873 (85.1%), 62.8 MBs/sec
2025-01-14T13:25:16.5833680Z Cache Size: ~296 MB (310595873 B)
2025-01-14T13:25:16.5876160Z [command]/opt/homebrew/bin/gtar -xf /Users/runner/work/_temp/3130ea61-ee51-4b44-be37-f17af222919a/cache.tzst -P -C /Users/runner/work/tardis/tardis --delay-directory-restore --use-compress-program unzstd
2025-01-14T13:25:16.6715230Z Received 310595873 of 310595873 (100.0%), 59.1 MBs/sec
2025-01-14T13:25:17.5334600Z Cache restored successfully
2025-01-14T13:25:17.5483540Z Restored cache with key `bf0d0a4d4c847cca72476c6c68c493d56c484aada7e80de0e42c7607fcef5824-osx-arm64`
2025-01-14T13:25:17.5708860Z ##[endgroup]
2025-01-14T13:25:17.6360320Z ##[group]Restoring environment `tardis` from `/Users/runner/micromamba/envs/tardis` ...
2025-01-14T13:25:18.9398300Z Received 50331648 of 385775710 (13.0%), 48.0 MBs/sec
2025-01-14T13:25:19.9402860Z Received 121634816 of 385775710 (31.5%), 58.0 MBs/sec
2025-01-14T13:25:20.9402060Z Received 176160768 of 385775710 (45.7%), 56.0 MBs/sec
2025-01-14T13:25:21.9413800Z Received 234881024 of 385775710 (60.9%), 56.0 MBs/sec
2025-01-14T13:25:22.9490740Z Received 314572800 of 385775710 (81.5%), 60.0 MBs/sec
2025-01-14T13:25:23.9493950Z Received 385775710 of 385775710 (100.0%), 61.2 MBs/sec
2025-01-14T13:25:23.9976800Z Cache Size: ~368 MB (385775710 B)
2025-01-14T13:25:24.0048370Z [command]/opt/homebrew/bin/gtar -xf /Users/runner/work/_temp/3f35c7a8-77f9-4ade-b6ce-3557191f8eb4/cache.tzst -P -C /Users/runner/work/tardis/tardis --delay-directory-restore --use-compress-program unzstd
2025-01-14T13:25:39.3291090Z Cache restored successfully
2025-01-14T13:25:39.3398950Z Restored cache with key `bf0d0a4d4c847cca72476c6c68c493d56c484aada7e80de0e42c7607fcef5824-osx-arm64-tardis-args-4f53cda-root-873f6fe-bin-[object Promise]-file-bf0d0a4d4c847cca72476c6c68c493d56c484aada7e80de0e42c7607fcef5824`
2025-01-14T13:25:39.3507430Z ##[endgroup]
2025-01-14T13:25:39.3587790Z Adding environment tardis to auto-activate bash ...
2025-01-14T13:25:39.3624280Z Generating micromamba run shell.
2025-01-14T13:25:39.3693060Z ##[endgroup]
2025-01-14T13:25:39.3712670Z Set environment variables.
2025-01-14T13:25:39.3721760Z ##[group]micromamba info
2025-01-14T13:25:39.3727970Z [command]/Users/runner/micromamba-bin/micromamba info -r /Users/runner/micromamba -n tardis
2025-01-14T13:25:39.9123120Z 
2025-01-14T13:25:39.9124820Z        libmamba version : 1.5.10
2025-01-14T13:25:39.9125810Z      micromamba version : 1.5.10
2025-01-14T13:25:39.9127290Z            curl version : libcurl/8.10.1 (OpenSSL/3.3.2) SecureTransport zlib/1.3.1 zstd/1.5.6 libssh2/1.11.0 nghttp2/1.58.0
2025-01-14T13:25:39.9129070Z      libarchive version : libarchive 3.7.4 zlib/1.2.13 bz2lib/1.0.8 libzstd/1.5.6
2025-01-14T13:25:39.9130410Z        envs directories : /Users/runner/micromamba/envs
2025-01-14T13:25:39.9131300Z           package cache : /Users/runner/micromamba/pkgs
2025-01-14T13:25:39.9132360Z                           /Users/runner/.mamba/pkgs
2025-01-14T13:25:39.9133250Z             environment : tardis
2025-01-14T13:25:39.9134280Z            env location : /Users/runner/micromamba/envs/tardis
2025-01-14T13:25:39.9135270Z       user config files : /Users/runner/.mambarc
2025-01-14T13:25:39.9136410Z  populated config files : /Users/runner/work/_temp/setup-micromamba/.condarc
2025-01-14T13:25:39.9148090Z        virtual packages : __unix=0=0
2025-01-14T13:25:39.9149690Z                           __osx=14.7.2=0
2025-01-14T13:25:39.9150580Z                           __archspec=1=arm64
2025-01-14T13:25:39.9152100Z                channels : https://conda.anaconda.org/conda-forge/osx-arm64
2025-01-14T13:25:39.9153360Z                           https://conda.anaconda.org/conda-forge/noarch
2025-01-14T13:25:39.9161130Z        base environment : /Users/runner/micromamba
2025-01-14T13:25:39.9162250Z                platform : osx-arm64
2025-01-14T13:25:39.9163920Z ##[endgroup]
2025-01-14T13:25:39.9165550Z ##[group]micromamba list
2025-01-14T13:25:39.9167100Z [command]/Users/runner/micromamba-bin/micromamba list -r /Users/runner/micromamba -n tardis
2025-01-14T13:25:40.4699040Z List of packages in environment: "/Users/runner/micromamba/envs/tardis"
2025-01-14T13:25:40.4699780Z 
2025-01-14T13:25:40.4700230Z   Name                           Version              Build                    Channel    
2025-01-14T13:25:40.4703670Z â”€â”€â”€â”€â”€â”€â”€â”€â”€â”€â”€â”€â”€â”€â”€â”€â”€â”€â”€â”€â”€â”€â”€â”€â”€â”€â”€â”€â”€â”€â”€â”€â”€â”€â”€â”€â”€â”€â”€â”€â”€â”€â”€â”€â”€â”€â”€â”€â”€â”€â”€â”€â”€â”€â”€â”€â”€â”€â”€â”€â”€â”€â”€â”€â”€â”€â”€â”€â”€â”€â”€â”€â”€â”€â”€â”€â”€â”€â”€â”€â”€â”€â”€â”€â”€â”€â”€â”€â”€â”€â”€â”€
2025-01-14T13:25:40.4704770Z   alabaster                      0.7.16               pyhd8ed1ab_0             conda-forge
2025-01-14T13:25:40.4705890Z   anyio                          4.4.0                pyhd8ed1ab_0             conda-forge
2025-01-14T13:25:40.4707070Z   appnope                        0.1.4                pyhd8ed1ab_0             conda-forge
2025-01-14T13:25:40.4708070Z   argon2-cffi                    23.1.0               pyhd8ed1ab_0             conda-forge
2025-01-14T13:25:40.4709250Z   argon2-cffi-bindings           21.2.0               py312h02f2b3b_4          conda-forge
2025-01-14T13:25:40.4710220Z   arrow                          1.3.0                pyhd8ed1ab_0             conda-forge
2025-01-14T13:25:40.4711260Z   astropy                        6.1.1                py312hbebd99a_0          conda-forge
2025-01-14T13:25:40.4712470Z   astropy-iers-data              0.2024.6.17.0.31.35  pyhd8ed1ab_0             conda-forge
2025-01-14T13:25:40.4713560Z   astropy-sphinx-theme           1.1                  pyhd8ed1ab_0             conda-forge
2025-01-14T13:25:40.4716650Z   asttokens                      2.4.1                pyhd8ed1ab_0             conda-forge
2025-01-14T13:25:40.4717730Z   async-lru                      2.0.4                pyhd8ed1ab_0             conda-forge
2025-01-14T13:25:40.4718790Z   atk-1.0                        2.38.0               hd03087b_2               conda-forge
2025-01-14T13:25:40.4719630Z   attrs                          23.2.0               pyh71513ae_0             conda-forge
2025-01-14T13:25:40.4720720Z   babel                          2.14.0               pyhd8ed1ab_0             conda-forge
2025-01-14T13:25:40.4723430Z   beautifulsoup4                 4.12.3               pyha770c72_0             conda-forge
2025-01-14T13:25:40.4724360Z   bleach                         6.1.0                pyhd8ed1ab_0             conda-forge
2025-01-14T13:25:40.4725350Z   blosc                          1.21.5               h9c252e8_1               conda-forge
2025-01-14T13:25:40.4726220Z   brotli                         1.1.0                hb547adb_1               conda-forge
2025-01-14T13:25:40.4727330Z   brotli-bin                     1.1.0                hb547adb_1               conda-forge
2025-01-14T13:25:40.4728330Z   brotli-python                  1.1.0                py312h9f69965_1          conda-forge
2025-01-14T13:25:40.4729480Z   bzip2                          1.0.8                h93a5062_5               conda-forge
2025-01-14T13:25:40.4730520Z   c-ares                         1.28.1               h93a5062_0               conda-forge
2025-01-14T13:25:40.4731490Z   c-blosc2                       2.14.4               ha57e6be_1               conda-forge
2025-01-14T13:25:40.4732910Z   ca-certificates                2024.6.2             hf0a4a13_0               conda-forge
2025-01-14T13:25:40.4735910Z   cached-property                1.5.2                hd8ed1ab_1               conda-forge
2025-01-14T13:25:40.4737300Z   cached_property                1.5.2                pyha770c72_1             conda-forge
2025-01-14T13:25:40.4738330Z   cairo                          1.18.0               hd1e100b_0               conda-forge
2025-01-14T13:25:40.4739350Z   certifi                        2024.6.2             pyhd8ed1ab_0             conda-forge
2025-01-14T13:25:40.4740940Z   cffi                           1.16.0               py312h8e38eb3_0          conda-forge
2025-01-14T13:25:40.4741990Z   charset-normalizer             3.3.2                pyhd8ed1ab_0             conda-forge
2025-01-14T13:25:40.4743130Z   click                          8.1.7                unix_pyh707e725_0        conda-forge
2025-01-14T13:25:40.4744140Z   codespell                      2.3.0                pyhd8ed1ab_0             conda-forge
2025-01-14T13:25:40.4745140Z   colorama                       0.4.6                pyhd8ed1ab_0             conda-forge
2025-01-14T13:25:40.4746480Z   comm                           0.2.2                pyhd8ed1ab_0             conda-forge
2025-01-14T13:25:40.4747030Z   commonmark                     0.9.1                py_0                     conda-forge
2025-01-14T13:25:40.4747430Z   contourpy                      1.2.1                py312h0fef576_0          conda-forge
2025-01-14T13:25:40.4747880Z   coverage                       7.5.3                py312h7e5086c_0          conda-forge
2025-01-14T13:25:40.4748320Z   cycler                         0.12.1               pyhd8ed1ab_0             conda-forge
2025-01-14T13:25:40.4748870Z   dataclasses                    0.8                  pyhc8e2a94_3             conda-forge
2025-01-14T13:25:40.4749310Z   debugpy                        1.8.1                py312h20a0b95_0          conda-forge
2025-01-14T13:25:40.4749790Z   decorator                      5.1.1                pyhd8ed1ab_0             conda-forge
2025-01-14T13:25:40.4750220Z   defusedxml                     0.7.1                pyhd8ed1ab_0             conda-forge
2025-01-14T13:25:40.4750760Z   docutils                       0.20.1               py312h81bd7bf_3          conda-forge
2025-01-14T13:25:40.4751180Z   dot2tex                        2.11.3               pyhd8ed1ab_0             conda-forge
2025-01-14T13:25:40.4751680Z   entrypoints                    0.4                  pyhd8ed1ab_0             conda-forge
2025-01-14T13:25:40.4752110Z   exceptiongroup                 1.2.0                pyhd8ed1ab_2             conda-forge
2025-01-14T13:25:40.4752590Z   executing                      2.0.1                pyhd8ed1ab_0             conda-forge
2025-01-14T13:25:40.4752980Z   expat                          2.6.2                hebf3989_0               conda-forge
2025-01-14T13:25:40.4753530Z   font-ttf-dejavu-sans-mono      2.37                 hab24e00_0               conda-forge
2025-01-14T13:25:40.4754190Z   font-ttf-inconsolata           3.000                h77eed37_0               conda-forge
2025-01-14T13:25:40.4754760Z   font-ttf-source-code-pro       2.038                h77eed37_0               conda-forge
2025-01-14T13:25:40.4755240Z   font-ttf-ubuntu                0.83                 h77eed37_2               conda-forge
2025-01-14T13:25:40.4755710Z   fontconfig                     2.14.2               h82840c6_0               conda-forge
2025-01-14T13:25:40.4756120Z   fonts-conda-ecosystem          1                    0                        conda-forge
2025-01-14T13:25:40.4756630Z   fonts-conda-forge              1                    0                        conda-forge
2025-01-14T13:25:40.4757010Z   fonttools                      4.53.0               py312h7e5086c_0          conda-forge
2025-01-14T13:25:40.4757440Z   fqdn                           1.5.1                pyhd8ed1ab_0             conda-forge
2025-01-14T13:25:40.4757810Z   freetype                       2.12.1               hadb7bae_2               conda-forge
2025-01-14T13:25:40.4758240Z   fribidi                        1.0.10               h27ca646_0               conda-forge
2025-01-14T13:25:40.4759100Z   future                         1.0.0                pyhd8ed1ab_0             conda-forge
2025-01-14T13:25:40.4759550Z   gdk-pixbuf                     2.42.12              h7ddc832_0               conda-forge
2025-01-14T13:25:40.4760010Z   gettext                        0.22.5               h8fbad5d_2               conda-forge
2025-01-14T13:25:40.4760720Z   gettext-tools                  0.22.5               h8fbad5d_2               conda-forge
2025-01-14T13:25:40.4761930Z   giflib                         5.2.2                h93a5062_0               conda-forge
2025-01-14T13:25:40.4762260Z   git-lfs                        3.5.1                hce30654_0               conda-forge
2025-01-14T13:25:40.4762690Z   gmp                            6.3.0                hebf3989_1               conda-forge
2025-01-14T13:25:40.4763030Z   gmpy2                          2.1.5                py312hfa9fade_1          conda-forge
2025-01-14T13:25:40.4763430Z   graphite2                      1.3.13               hebf3989_1003            conda-forge
2025-01-14T13:25:40.4763790Z   graphviz                       11.0.0               h9bb9bc9_0               conda-forge
2025-01-14T13:25:40.4764200Z   gtk2                           2.24.33              h7895bb2_4               conda-forge
2025-01-14T13:25:40.4765720Z   gts                            0.7.6                he42f4ea_4               conda-forge
2025-01-14T13:25:40.4766150Z   h11                            0.14.0               pyhd8ed1ab_0             conda-forge
2025-01-14T13:25:40.4766540Z   h2                             4.1.0                pyhd8ed1ab_0             conda-forge
2025-01-14T13:25:40.4766920Z   h5py                           3.11.0               nompi_py312h903599c_102  conda-forge
2025-01-14T13:25:40.4767610Z   harfbuzz                       8.5.0                h1836168_0               conda-forge
2025-01-14T13:25:40.4767990Z   hdf5                           1.14.3               nompi_hec07895_105       conda-forge
2025-01-14T13:25:40.4768510Z   hpack                          4.0.0                pyh9f0ad1d_0             conda-forge
2025-01-14T13:25:40.4769450Z   httpcore                       1.0.5                pyhd8ed1ab_0             conda-forge
2025-01-14T13:25:40.4769940Z   httpx                          0.27.0               pyhd8ed1ab_0             conda-forge
2025-01-14T13:25:40.4770320Z   hyperframe                     6.0.1                pyhd8ed1ab_0             conda-forge
2025-01-14T13:25:40.4770760Z   icu                            73.2                 hc8870d7_0               conda-forge
2025-01-14T13:25:40.4771200Z   idna                           3.7                  pyhd8ed1ab_0             conda-forge
2025-01-14T13:25:40.4771590Z   imagesize                      1.4.1                pyhd8ed1ab_0             conda-forge
2025-01-14T13:25:40.4772020Z   importlib-metadata             7.1.0                pyha770c72_0             conda-forge
2025-01-14T13:25:40.4772480Z   importlib_metadata             7.1.0                hd8ed1ab_0               conda-forge
2025-01-14T13:25:40.4772930Z   importlib_resources            6.4.0                pyhd8ed1ab_0             conda-forge
2025-01-14T13:25:40.4773320Z   iniconfig                      2.0.0                pyhd8ed1ab_0             conda-forge
2025-01-14T13:25:40.4773720Z   ipykernel                      6.29.4               pyh57ce528_0             conda-forge
2025-01-14T13:25:40.4774100Z   ipython                        8.25.0               pyh707e725_0             conda-forge
2025-01-14T13:25:40.4774500Z   ipython_genutils               0.2.0                pyhd8ed1ab_1             conda-forge
2025-01-14T13:25:40.4774900Z   ipywidgets                     7.8.0                pyhd8ed1ab_0             conda-forge
2025-01-14T13:25:40.4775340Z   isoduration                    20.11.0              pyhd8ed1ab_0             conda-forge
2025-01-14T13:25:40.4775720Z   jedi                           0.19.1               pyhd8ed1ab_0             conda-forge
2025-01-14T13:25:40.4776720Z   jinja2                         3.1.4                pyhd8ed1ab_0             conda-forge
2025-01-14T13:25:40.4777170Z   json5                          0.9.25               pyhd8ed1ab_0             conda-forge
2025-01-14T13:25:40.4777620Z   jsonpointer                    3.0.0                py312h81bd7bf_0          conda-forge
2025-01-14T13:25:40.4778160Z   jsonschema                     4.22.0               pyhd8ed1ab_0             conda-forge
2025-01-14T13:25:40.4778910Z   jsonschema-specifications      2023.12.1            pyhd8ed1ab_0             conda-forge
2025-01-14T13:25:40.4779520Z   jsonschema-with-format-nongpl  4.22.0               pyhd8ed1ab_0             conda-forge
2025-01-14T13:25:40.4780060Z   jupyter-lsp                    2.2.5                pyhd8ed1ab_0             conda-forge
2025-01-14T13:25:40.4821200Z   jupyter_client                 8.6.2                pyhd8ed1ab_0             conda-forge
2025-01-14T13:25:40.4821580Z   jupyter_core                   5.7.2                py312h81bd7bf_0          conda-forge
2025-01-14T13:25:40.4821900Z   jupyter_events                 0.10.0               pyhd8ed1ab_0             conda-forge
2025-01-14T13:25:40.4822430Z   jupyter_server                 2.14.1               pyhd8ed1ab_0             conda-forge
2025-01-14T13:25:40.4822990Z   jupyter_server_terminals       0.5.3                pyhd8ed1ab_0             conda-forge
2025-01-14T13:25:40.4823410Z   jupyterlab                     4.2.2                pyhd8ed1ab_0             conda-forge
2025-01-14T13:25:40.4823840Z   jupyterlab_pygments            0.3.0                pyhd8ed1ab_1             conda-forge
2025-01-14T13:25:40.4824230Z   jupyterlab_server              2.27.2               pyhd8ed1ab_0             conda-forge
2025-01-14T13:25:40.4824630Z   jupyterlab_widgets             1.1.7                pyhd8ed1ab_0             conda-forge
2025-01-14T13:25:40.4825070Z   kiwisolver                     1.4.5                py312h389731b_1          conda-forge
2025-01-14T13:25:40.4825410Z   krb5                           1.21.2               h92f50d5_0               conda-forge
2025-01-14T13:25:40.4825750Z   latexcodec                     2.0.1                pyh9f0ad1d_0             conda-forge
2025-01-14T13:25:40.4826080Z   lcms2                          2.16                 ha0e7c42_0               conda-forge
2025-01-14T13:25:40.4826450Z   lerc                           4.0.0                h9a09cb3_0               conda-forge
2025-01-14T13:25:40.4826870Z   libaec                         1.1.3                hebf3989_0               conda-forge
2025-01-14T13:25:40.4827250Z   libasprintf                    0.22.5               h8fbad5d_2               conda-forge
2025-01-14T13:25:40.4827640Z   libasprintf-devel              0.22.5               h8fbad5d_2               conda-forge
2025-01-14T13:25:40.4828110Z   libblas                        3.9.0                22_osxarm64_openblas     conda-forge
2025-01-14T13:25:40.4828500Z   libbrotlicommon                1.1.0                hb547adb_1               conda-forge
2025-01-14T13:25:40.4828930Z   libbrotlidec                   1.1.0                hb547adb_1               conda-forge
2025-01-14T13:25:40.4829340Z   libbrotlienc                   1.1.0                hb547adb_1               conda-forge
2025-01-14T13:25:40.4829690Z   libcblas                       3.9.0                22_osxarm64_openblas     conda-forge
2025-01-14T13:25:40.4830140Z   libcurl                        8.8.0                h7b6f9a7_0               conda-forge
2025-01-14T13:25:40.4830470Z   libcxx                         17.0.6               h5f092b4_0               conda-forge
2025-01-14T13:25:40.4830860Z   libdeflate                     1.20                 h93a5062_0               conda-forge
2025-01-14T13:25:40.4831200Z   libedit                        3.1.20191231         hc8eb9b7_2               conda-forge
2025-01-14T13:25:40.4831560Z   libev                          4.33                 h93a5062_2               conda-forge
2025-01-14T13:25:40.4832680Z   libexpat                       2.6.2                hebf3989_0               conda-forge
2025-01-14T13:25:40.4833150Z   libffi                         3.4.2                h3422bc3_5               conda-forge
2025-01-14T13:25:40.4833500Z   libgd                          2.3.3                hfdf3952_9               conda-forge
2025-01-14T13:25:40.4837630Z   libgettextpo                   0.22.5               h8fbad5d_2               conda-forge
2025-01-14T13:25:40.4839930Z   libgettextpo-devel             0.22.5               h8fbad5d_2               conda-forge
2025-01-14T13:25:40.4840890Z   libgfortran                    5.0.0                13_2_0_hd922786_3        conda-forge
2025-01-14T13:25:40.4841840Z   libgfortran5                   13.2.0               hf226fd6_3               conda-forge
2025-01-14T13:25:40.4842940Z   libglib                        2.80.2               h59d46d9_1               conda-forge
2025-01-14T13:25:40.4843890Z   libiconv                       1.17                 h0d3ecfb_2               conda-forge
2025-01-14T13:25:40.4845270Z   libintl                        0.22.5               h8fbad5d_2               conda-forge
2025-01-14T13:25:40.4846320Z   libintl-devel                  0.22.5               h8fbad5d_2               conda-forge
2025-01-14T13:25:40.4847270Z   libjpeg-turbo                  3.0.0                hb547adb_1               conda-forge
2025-01-14T13:25:40.4848130Z   liblapack                      3.9.0                22_osxarm64_openblas     conda-forge
2025-01-14T13:25:40.4849080Z   libllvm14                      14.0.6               hd1a9a77_4               conda-forge
2025-01-14T13:25:40.4849980Z   libnghttp2                     1.58.0               ha4dd798_1               conda-forge
2025-01-14T13:25:40.4850940Z   libopenblas                    0.3.27               openmp_h6c19121_0        conda-forge
2025-01-14T13:25:40.4851940Z   libpng                         1.6.43               h091b4b1_0               conda-forge
2025-01-14T13:25:40.4852780Z   librsvg                        2.58.1               hbc281fb_0               conda-forge
2025-01-14T13:25:40.4853640Z   libsodium                      1.0.18               h27ca646_1               conda-forge
2025-01-14T13:25:40.4854510Z   libsqlite                      3.46.0               hfb93653_0               conda-forge
2025-01-14T13:25:40.4855370Z   libssh2                        1.11.0               h7a5bd25_0               conda-forge
2025-01-14T13:25:40.4856220Z   libtiff                        4.6.0                h07db509_3               conda-forge
2025-01-14T13:25:40.4857200Z   libwebp                        1.4.0                h54798ee_0               conda-forge
2025-01-14T13:25:40.4858010Z   libwebp-base                   1.4.0                h93a5062_0               conda-forge
2025-01-14T13:25:40.4859130Z   libxcb                         1.16                 hf2054a2_0               conda-forge
2025-01-14T13:25:40.4860070Z   libxml2                        2.12.7               ha661575_1               conda-forge
2025-01-14T13:25:40.4861080Z   libxslt                        1.1.39               h223e5b9_0               conda-forge
2025-01-14T13:25:40.4862330Z   libzlib                        1.3.1                hfb2fe0b_1               conda-forge
2025-01-14T13:25:40.4862860Z   llvm-openmp                    18.1.7               hde57baf_0               conda-forge
2025-01-14T13:25:40.4863340Z   llvmlite                       0.42.0               py312h17030e7_1          conda-forge
2025-01-14T13:25:40.4863680Z   lxml                           5.2.2                py312h0e5ab22_0          conda-forge
2025-01-14T13:25:40.4864050Z   lz4-c                          1.9.4                hb7217d7_0               conda-forge
2025-01-14T13:25:40.4864390Z   markupsafe                     2.1.5                py312he37b823_0          conda-forge
2025-01-14T13:25:40.4864810Z   matplotlib-base                3.8.4                py312h4479663_2          conda-forge
2025-01-14T13:25:40.4866320Z   matplotlib-inline              0.1.7                pyhd8ed1ab_0             conda-forge
2025-01-14T13:25:40.4866790Z   mistune                        3.0.2                pyhd8ed1ab_0             conda-forge
2025-01-14T13:25:40.4867120Z   mpc                            1.3.1                h91ba8db_0               conda-forge
2025-01-14T13:25:40.4867390Z   mpfr                           4.2.1                h41d338b_1               conda-forge
2025-01-14T13:25:40.4867930Z   mpmath                         1.3.0                pyhd8ed1ab_0             conda-forge
2025-01-14T13:25:40.4868310Z   munkres                        1.1.4                pyh9f0ad1d_0             conda-forge
2025-01-14T13:25:40.4868710Z   mypy_extensions                1.0.0                pyha770c72_0             conda-forge
2025-01-14T13:25:40.4869060Z   nbclassic                      1.1.0                pyhd8ed1ab_0             conda-forge
2025-01-14T13:25:40.4869470Z   nbclient                       0.10.0               pyhd8ed1ab_0             conda-forge
2025-01-14T13:25:40.4869780Z   nbconvert                      7.16.4               hd8ed1ab_1               conda-forge
2025-01-14T13:25:40.4870160Z   nbconvert-core                 7.16.4               pyhd8ed1ab_1             conda-forge
2025-01-14T13:25:40.4870550Z   nbconvert-pandoc               7.16.4               hd8ed1ab_1               conda-forge
2025-01-14T13:25:40.4871020Z   nbformat                       5.10.4               pyhd8ed1ab_0             conda-forge
2025-01-14T13:25:40.4871360Z   nbsphinx                       0.9.4                pyhd8ed1ab_0             conda-forge
2025-01-14T13:25:40.4871750Z   ncurses                        6.5                  hb89a1cb_0               conda-forge
2025-01-14T13:25:40.4872120Z   nest-asyncio                   1.6.0                pyhd8ed1ab_0             conda-forge
2025-01-14T13:25:40.4872540Z   networkx                       3.3                  pyhd8ed1ab_1             conda-forge
2025-01-14T13:25:40.4872930Z   notebook                       7.2.1                pyhd8ed1ab_0             conda-forge
2025-01-14T13:25:40.4873350Z   notebook-shim                  0.2.4                pyhd8ed1ab_0             conda-forge
2025-01-14T13:25:40.4873730Z   numba                          0.59.1               py312hbaff935_0          conda-forge
2025-01-14T13:25:40.4874110Z   numexpr                        2.10.0               py312h8ae5369_0          conda-forge
2025-01-14T13:25:40.4874460Z   numpy                          1.26.4               py312h8442bc7_0          conda-forge
2025-01-14T13:25:40.4874760Z   numpydoc                       1.7.0                pyhd8ed1ab_1             conda-forge
2025-01-14T13:25:40.4875120Z   openjpeg                       2.5.2                h9f1df11_0               conda-forge
2025-01-14T13:25:40.4875420Z   openssl                        3.3.1                hfb2fe0b_0               conda-forge
2025-01-14T13:25:40.4875840Z   overrides                      7.7.0                pyhd8ed1ab_0             conda-forge
2025-01-14T13:25:40.4876150Z   packaging                      24.1                 pyhd8ed1ab_0             conda-forge
2025-01-14T13:25:40.4876440Z   pandas                         2.2.2                py312h8ae5369_1          conda-forge
2025-01-14T13:25:40.4876860Z   pandoc                         3.2                  hce30654_0               conda-forge
2025-01-14T13:25:40.4877230Z   pandocfilters                  1.5.0                pyhd8ed1ab_0             conda-forge
2025-01-14T13:25:40.4877540Z   pango                          1.54.0               h5cb9fbc_0               conda-forge
2025-01-14T13:25:40.4877820Z   parso                          0.8.4                pyhd8ed1ab_0             conda-forge
2025-01-14T13:25:40.4878110Z   pathspec                       0.12.1               pyhd8ed1ab_0             conda-forge
2025-01-14T13:25:40.4878400Z   pbr                            6.0.0                pyhd8ed1ab_0             conda-forge
2025-01-14T13:25:40.4878840Z   pcre2                          10.44                h297a79d_0               conda-forge
2025-01-14T13:25:40.4879130Z   pexpect                        4.9.0                pyhd8ed1ab_0             conda-forge
2025-01-14T13:25:40.4879430Z   pickleshare                    0.7.5                py_1003                  conda-forge
2025-01-14T13:25:40.4879740Z   pillow                         10.3.0               py312h39b1d8d_1          conda-forge
2025-01-14T13:25:40.4880350Z   pip                            24.0                 pyhd8ed1ab_0             conda-forge
2025-01-14T13:25:40.4880620Z   pixman                         0.43.4               hebf3989_0               conda-forge
2025-01-14T13:25:40.4880940Z   pkgutil-resolve-name           1.3.10               pyhd8ed1ab_1             conda-forge
2025-01-14T13:25:40.4881290Z   platformdirs                   4.2.2                pyhd8ed1ab_0             conda-forge
2025-01-14T13:25:40.4881590Z   plotly                         5.22.0               pyhd8ed1ab_0             conda-forge
2025-01-14T13:25:40.4881880Z   pluggy                         1.5.0                pyhd8ed1ab_0             conda-forge
2025-01-14T13:25:40.4882190Z   prometheus_client              0.20.0               pyhd8ed1ab_0             conda-forge
2025-01-14T13:25:40.4882520Z   prompt-toolkit                 3.0.47               pyha770c72_0             conda-forge
2025-01-14T13:25:40.4882830Z   psutil                         5.9.8                py312he37b823_0          conda-forge
2025-01-14T13:25:40.4883130Z   pthread-stubs                  0.4                  h27ca646_1001            conda-forge
2025-01-14T13:25:40.4883440Z   ptyprocess                     0.7.0                pyhd3deb0d_0             conda-forge
2025-01-14T13:25:40.4883740Z   pure_eval                      0.2.2                pyhd8ed1ab_0             conda-forge
2025-01-14T13:25:40.4884030Z   py-cpuinfo                     9.0.0                pyhd8ed1ab_0             conda-forge
2025-01-14T13:25:40.4884330Z   pybtex                         0.24.0               pyhd8ed1ab_2             conda-forge
2025-01-14T13:25:40.4884640Z   pybtex-docutils                1.0.3                py312h81bd7bf_1          conda-forge
2025-01-14T13:25:40.4884950Z   pycparser                      2.22                 pyhd8ed1ab_0             conda-forge
2025-01-14T13:25:40.4885250Z   pyerfa                         2.0.1.4              py312hbebd99a_1          conda-forge
2025-01-14T13:25:40.4885550Z   pygments                       2.18.0               pyhd8ed1ab_0             conda-forge
2025-01-14T13:25:40.4885860Z   pygraphviz                     1.13                 py312h5f4d302_1          conda-forge
2025-01-14T13:25:40.4886160Z   pyobjc-core                    10.3.1               py312hbb55c70_0          conda-forge
2025-01-14T13:25:40.4886500Z   pyobjc-framework-cocoa         10.3.1               py312hbb55c70_0          conda-forge
2025-01-14T13:25:40.4886840Z   pyparsing                      3.1.2                pyhd8ed1ab_0             conda-forge
2025-01-14T13:25:40.4887140Z   pysocks                        1.7.1                pyha2e5f31_6             conda-forge
2025-01-14T13:25:40.4887430Z   pytables                       3.9.2                py312hb622ae1_2          conda-forge
2025-01-14T13:25:40.4887720Z   pytest                         8.2.2                pyhd8ed1ab_0             conda-forge
2025-01-14T13:25:40.4888020Z   pytest-cov                     5.0.0                pyhd8ed1ab_0             conda-forge
2025-01-14T13:25:40.4888350Z   pytest-doctestplus             1.2.1                pyhd8ed1ab_0             conda-forge
2025-01-14T13:25:40.4888670Z   pytest-html                    4.1.1                pyhd8ed1ab_0             conda-forge
2025-01-14T13:25:40.4888990Z   pytest-metadata                3.1.1                pyhd8ed1ab_0             conda-forge
2025-01-14T13:25:40.4889310Z   python                         3.12.4               h30c5eda_0_cpython       conda-forge
2025-01-14T13:25:40.4889880Z   python-dateutil                2.9.0                pyhd8ed1ab_0             conda-forge
2025-01-14T13:25:40.4890250Z   python-fastjsonschema          2.20.0               pyhd8ed1ab_0             conda-forge
2025-01-14T13:25:40.4890600Z   python-json-logger             2.0.7                pyhd8ed1ab_0             conda-forge
2025-01-14T13:25:40.4890940Z   python-tzdata                  2024.1               pyhd8ed1ab_0             conda-forge
2025-01-14T13:25:40.4891400Z   python_abi                     3.12                 4_cp312                  conda-forge
2025-01-14T13:25:40.4891700Z   pytz                           2024.1               pyhd8ed1ab_0             conda-forge
2025-01-14T13:25:40.4892000Z   pyyaml                         6.0.1                py312h02f2b3b_1          conda-forge
2025-01-14T13:25:40.4892300Z   pyzmq                          26.0.3               py312hfa13136_0          conda-forge
2025-01-14T13:25:40.4892590Z   qgrid                          1.3.1                pyhd8ed1ab_4             conda-forge
2025-01-14T13:25:40.4892930Z   radioactivedecay               0.5.1                pyhd8ed1ab_0             conda-forge
2025-01-14T13:25:40.4893260Z   readline                       8.2                  h92ec313_1               conda-forge
2025-01-14T13:25:40.4893560Z   recommonmark                   0.7.1                pyhd8ed1ab_0             conda-forge
2025-01-14T13:25:40.4893880Z   referencing                    0.35.1               pyhd8ed1ab_0             conda-forge
2025-01-14T13:25:40.4894180Z   requests                       2.32.3               pyhd8ed1ab_0             conda-forge
2025-01-14T13:25:40.4894500Z   rfc3339-validator              0.1.4                pyhd8ed1ab_0             conda-forge
2025-01-14T13:25:40.4894830Z   rfc3986-validator              0.1.1                pyh9f0ad1d_0             conda-forge
2025-01-14T13:25:40.4895140Z   rpds-py                        0.18.1               py312h552d48e_0          conda-forge
2025-01-14T13:25:40.4895430Z   ruff                           0.4.9                py312h3402d49_0          conda-forge
2025-01-14T13:25:40.4895710Z   scipy                          1.13.1               py312h14ffa8f_0          conda-forge
2025-01-14T13:25:40.4896000Z   send2trash                     1.8.3                pyh31c8845_0             conda-forge
2025-01-14T13:25:40.4896310Z   setuptools                     70.0.0               pyhd8ed1ab_0             conda-forge
2025-01-14T13:25:40.4896630Z   setuptools-scm                 8.1.0                pyhd8ed1ab_0             conda-forge
2025-01-14T13:25:40.4896950Z   setuptools_scm                 8.1.0                hd8ed1ab_0               conda-forge
2025-01-14T13:25:40.4897250Z   six                            1.16.0               pyh6c4a22f_0             conda-forge
2025-01-14T13:25:40.4897530Z   snakeviz                       2.2.0                pyhd8ed1ab_0             conda-forge
2025-01-14T13:25:40.4897820Z   snappy                         1.2.0                hd04f947_1               conda-forge
2025-01-14T13:25:40.4898110Z   sniffio                        1.3.1                pyhd8ed1ab_0             conda-forge
2025-01-14T13:25:40.4898430Z   snowballstemmer                2.2.0                pyhd8ed1ab_0             conda-forge
2025-01-14T13:25:40.4898740Z   soupsieve                      2.5                  pyhd8ed1ab_1             conda-forge
2025-01-14T13:25:40.4899030Z   sphinx                         7.3.7                pyhd8ed1ab_0             conda-forge
2025-01-14T13:25:40.4899350Z   sphinx-astropy                 1.9.1                pyhd8ed1ab_0             conda-forge
2025-01-14T13:25:40.4899690Z   sphinx-automodapi              0.17.0               pyh717bed2_1             conda-forge
2025-01-14T13:25:40.4900020Z   sphinx-gallery                 0.16.0               pyhd8ed1ab_0             conda-forge
2025-01-14T13:25:40.4900350Z   sphinx-jsonschema              1.19.1               pyhd8ed1ab_0             conda-forge
2025-01-14T13:25:40.4900910Z   sphinx_bootstrap_theme         0.8.1                pyhd8ed1ab_0             conda-forge
2025-01-14T13:25:40.4901270Z   sphinx_rtd_theme               2.0.0                pyha770c72_0             conda-forge
2025-01-14T13:25:40.4901620Z   sphinxcontrib-apidoc           0.3.0                py_1                     conda-forge
2025-01-14T13:25:40.4901990Z   sphinxcontrib-applehelp        1.0.8                pyhd8ed1ab_0             conda-forge
2025-01-14T13:25:40.4902510Z   sphinxcontrib-bibtex           2.6.2                pyhd8ed1ab_0             conda-forge
2025-01-14T13:25:40.4902880Z   sphinxcontrib-devhelp          1.0.6                pyhd8ed1ab_0             conda-forge
2025-01-14T13:25:40.4903250Z   sphinxcontrib-htmlhelp         2.0.5                pyhd8ed1ab_0             conda-forge
2025-01-14T13:25:40.4903610Z   sphinxcontrib-jquery           4.1                  pyhd8ed1ab_0             conda-forge
2025-01-14T13:25:40.4903980Z   sphinxcontrib-jsmath           1.0.1                pyhd8ed1ab_0             conda-forge
2025-01-14T13:25:40.4904350Z   sphinxcontrib-qthelp           1.0.7                pyhd8ed1ab_0             conda-forge
2025-01-14T13:25:40.4904750Z   sphinxcontrib-serializinghtml  1.1.10               pyhd8ed1ab_0             conda-forge
2025-01-14T13:25:40.4905110Z   stack_data                     0.6.2                pyhd8ed1ab_0             conda-forge
2025-01-14T13:25:40.4905400Z   sympy                          1.12.1               pypyh2585a3b_103         conda-forge
2025-01-14T13:25:40.4905700Z   tabulate                       0.9.0                pyhd8ed1ab_1             conda-forge
2025-01-14T13:25:40.4906000Z   tenacity                       8.4.1                pyhd8ed1ab_0             conda-forge
2025-01-14T13:25:40.4906290Z   terminado                      0.18.1               pyh31c8845_0             conda-forge
2025-01-14T13:25:40.4906590Z   tinycss2                       1.3.0                pyhd8ed1ab_0             conda-forge
2025-01-14T13:25:40.4906870Z   tk                             8.6.13               h5083fa2_1               conda-forge
2025-01-14T13:25:40.4907140Z   toml                           0.10.2               pyhd8ed1ab_0             conda-forge
2025-01-14T13:25:40.4907430Z   tomli                          2.0.1                pyhd8ed1ab_0             conda-forge
2025-01-14T13:25:40.4907720Z   tornado                        6.4.1                py312h7e5086c_0          conda-forge
2025-01-14T13:25:40.4908010Z   tqdm                           4.66.4               pyhd8ed1ab_0             conda-forge
2025-01-14T13:25:40.4908300Z   traitlets                      5.14.3               pyhd8ed1ab_0             conda-forge
2025-01-14T13:25:40.4908600Z   typed-ast                      1.5.5                py312h02f2b3b_1          conda-forge
2025-01-14T13:25:40.4908950Z   types-python-dateutil          2.9.0.20240316       pyhd8ed1ab_0             conda-forge
2025-01-14T13:25:40.4909320Z   typing-extensions              4.12.2               hd8ed1ab_0               conda-forge
2025-01-14T13:25:40.4909660Z   typing_extensions              4.12.2               pyha770c72_0             conda-forge
2025-01-14T13:25:40.4909990Z   typing_utils                   0.1.0                pyhd8ed1ab_0             conda-forge
2025-01-14T13:25:40.4910310Z   tzdata                         2024a                h0c530f3_0               conda-forge
2025-01-14T13:25:40.4910610Z   uri-template                   1.3.0                pyhd8ed1ab_0             conda-forge
2025-01-14T13:25:40.4910910Z   urllib3                        2.2.2                pyhd8ed1ab_0             conda-forge
2025-01-14T13:25:40.4911210Z   wcwidth                        0.2.13               pyhd8ed1ab_0             conda-forge
2025-01-14T13:25:40.4911520Z   webcolors                      24.6.0               pyhd8ed1ab_0             conda-forge
2025-01-14T13:25:40.4911830Z   webencodings                   0.5.1                pyhd8ed1ab_2             conda-forge
2025-01-14T13:25:40.4912150Z   websocket-client               1.8.0                pyhd8ed1ab_0             conda-forge
2025-01-14T13:25:40.4912640Z   wheel                          0.43.0               pyhd8ed1ab_1             conda-forge
2025-01-14T13:25:40.4912980Z   widgetsnbextension             3.6.6                pyhd8ed1ab_0             conda-forge
2025-01-14T13:25:40.4913300Z   xorg-libxau                    1.0.11               hb547adb_0               conda-forge
2025-01-14T13:25:40.4913750Z   xorg-libxdmcp                  1.1.3                h27ca646_0               conda-forge
2025-01-14T13:25:40.4914040Z   xz                             5.2.6                h57fd34a_0               conda-forge
2025-01-14T13:25:40.4914310Z   yaml                           0.2.5                h3422bc3_2               conda-forge
2025-01-14T13:25:40.4914580Z   zeromq                         4.3.5                hcc0f68c_4               conda-forge
2025-01-14T13:25:40.4914870Z   zipp                           3.19.2               pyhd8ed1ab_0             conda-forge
2025-01-14T13:25:40.4915140Z   zlib                           1.3.1                hfb2fe0b_1               conda-forge
2025-01-14T13:25:40.4915420Z   zlib-ng                        2.0.7                h1a8c8d9_0               conda-forge
2025-01-14T13:25:40.4915690Z   zstd                           1.5.6                hb46c0d2_0               conda-forge
2025-01-14T13:25:40.4916250Z ##[endgroup]
2025-01-14T13:25:40.5043840Z ##[group]Run pip install -e . --user
2025-01-14T13:25:40.5044200Z [36;1mpip install -e . --user[0m
2025-01-14T13:25:40.7509220Z shell: /bin/bash -l {0}
2025-01-14T13:25:40.7509420Z env:
2025-01-14T13:25:40.7509550Z   CACHE_NUMBER: 0
2025-01-14T13:25:40.7510050Z   PYTEST_FLAGS: --tardis-regression-data=/Users/runner/work/tardis/tardis/tardis-regression-data --cov=tardis --cov-report=xml --cov-report=html --cov-append
2025-01-14T13:25:40.7510560Z   CODECOV_TOKEN: 
2025-01-14T13:25:40.7510720Z   MAMBA_ROOT_PREFIX: /Users/runner/micromamba
2025-01-14T13:25:40.7510970Z   MAMBA_EXE: /Users/runner/micromamba-bin/micromamba
2025-01-14T13:25:40.7511260Z   CONDARC: /Users/runner/work/_temp/setup-micromamba/.condarc
2025-01-14T13:25:40.7511500Z ##[endgroup]
2025-01-14T13:25:42.3544170Z Obtaining file:///Users/runner/work/tardis/tardis
2025-01-14T13:25:42.3574620Z   Installing build dependencies: started
2025-01-14T13:25:45.9160270Z   Installing build dependencies: finished with status 'done'
2025-01-14T13:25:45.9262280Z   Checking if build backend supports build_editable: started
2025-01-14T13:25:46.0769730Z   Checking if build backend supports build_editable: finished with status 'done'
2025-01-14T13:25:46.0786720Z   Getting requirements to build editable: started
2025-01-14T13:25:46.8269300Z   Getting requirements to build editable: finished with status 'done'
2025-01-14T13:25:46.8284170Z   Preparing editable metadata (pyproject.toml): started
2025-01-14T13:25:47.4372140Z   Preparing editable metadata (pyproject.toml): finished with status 'done'
2025-01-14T13:25:47.5178670Z Requirement already satisfied: astropy in /Users/runner/micromamba/envs/tardis/lib/python3.12/site-packages (from tardis==0.0.0) (6.1.1)
2025-01-14T13:25:47.5784710Z Requirement already satisfied: numpy>=1.23 in /Users/runner/micromamba/envs/tardis/lib/python3.12/site-packages (from astropy->tardis==0.0.0) (1.26.4)
2025-01-14T13:25:47.5885170Z Requirement already satisfied: pyerfa>=2.0.1.1 in /Users/runner/micromamba/envs/tardis/lib/python3.12/site-packages (from astropy->tardis==0.0.0) (2.0.1.4)
2025-01-14T13:25:47.5987120Z Requirement already satisfied: astropy-iers-data>=0.2024.5.27.0.30.8 in /Users/runner/micromamba/envs/tardis/lib/python3.12/site-packages (from astropy->tardis==0.0.0) (0.2024.6.17.0.31.35)
2025-01-14T13:25:47.6088600Z Requirement already satisfied: PyYAML>=3.13 in /Users/runner/micromamba/envs/tardis/lib/python3.12/site-packages (from astropy->tardis==0.0.0) (6.0.1)
2025-01-14T13:25:47.6141970Z Requirement already satisfied: packaging>=19.0 in /Users/runner/micromamba/envs/tardis/lib/python3.12/site-packages (from astropy->tardis==0.0.0) (24.1)
2025-01-14T13:25:47.6186920Z Building wheels for collected packages: tardis
2025-01-14T13:25:47.6187510Z   Building editable for tardis (pyproject.toml): started
2025-01-14T13:25:48.6252390Z   Building editable for tardis (pyproject.toml): finished with status 'done'
2025-01-14T13:25:48.6261600Z   Created wheel for tardis: filename=tardis-0.0.0-0.editable-py3-none-any.whl size=8876 sha256=35961c8657e54b7f9be557a1c3236fcd512ffd5fe82f1b7357e74a610fff47af
2025-01-14T13:25:48.6267470Z   Stored in directory: /private/var/folders/ml/x_tvfgn50_s7p67dm1ypcqqm0000gn/T/pip-ephem-wheel-cache-f8azvd5l/wheels/bb/4f/6a/0829b918c1c10bc28535ce7f14be21eee54375bdd9cd0c306a
2025-01-14T13:25:48.6298570Z Successfully built tardis
2025-01-14T13:25:49.3863890Z Installing collected packages: tardis
2025-01-14T13:25:49.3987220Z Successfully installed tardis-0.0.0
2025-01-14T13:25:49.7852220Z ##[group]Run pip install qgridnext
2025-01-14T13:25:49.7853200Z [36;1mpip install qgridnext[0m
2025-01-14T13:25:49.8052050Z shell: /bin/bash -l {0}
2025-01-14T13:25:49.8052840Z env:
2025-01-14T13:25:49.8053320Z   CACHE_NUMBER: 0
2025-01-14T13:25:49.8054930Z   PYTEST_FLAGS: --tardis-regression-data=/Users/runner/work/tardis/tardis/tardis-regression-data --cov=tardis --cov-report=xml --cov-report=html --cov-append
2025-01-14T13:25:49.8056560Z   CODECOV_TOKEN: 
2025-01-14T13:25:49.8057140Z   MAMBA_ROOT_PREFIX: /Users/runner/micromamba
2025-01-14T13:25:49.8058040Z   MAMBA_EXE: /Users/runner/micromamba-bin/micromamba
2025-01-14T13:25:49.8058900Z   CONDARC: /Users/runner/work/_temp/setup-micromamba/.condarc
2025-01-14T13:25:49.8059780Z ##[endgroup]
2025-01-14T13:25:50.7566590Z Collecting qgridnext
2025-01-14T13:25:50.8040470Z   Downloading qgridnext-2.0.4-py3-none-any.whl.metadata (9.9 kB)
2025-01-14T13:25:50.8357260Z Requirement already satisfied: pandas>=0.20.0 in /Users/runner/micromamba/envs/tardis/lib/python3.12/site-packages (from qgridnext) (2.2.2)
2025-01-14T13:25:50.8376140Z Requirement already satisfied: ipywidgets>=7.0.0 in /Users/runner/micromamba/envs/tardis/lib/python3.12/site-packages (from qgridnext) (7.8.0)
2025-01-14T13:25:50.8378630Z Requirement already satisfied: numpy in /Users/runner/micromamba/envs/tardis/lib/python3.12/site-packages (from qgridnext) (1.26.4)
2025-01-14T13:25:50.8410920Z Requirement already satisfied: traitlets in /Users/runner/micromamba/envs/tardis/lib/python3.12/site-packages (from qgridnext) (5.14.3)
2025-01-14T13:25:50.8451900Z Requirement already satisfied: comm>=0.1.3 in /Users/runner/micromamba/envs/tardis/lib/python3.12/site-packages (from ipywidgets>=7.0.0->qgridnext) (0.2.2)
2025-01-14T13:25:50.8455840Z Requirement already satisfied: ipython-genutils~=0.2.0 in /Users/runner/micromamba/envs/tardis/lib/python3.12/site-packages (from ipywidgets>=7.0.0->qgridnext) (0.2.0)
2025-01-14T13:25:50.8468370Z Requirement already satisfied: widgetsnbextension~=3.6.5 in /Users/runner/micromamba/envs/tardis/lib/python3.12/site-packages (from ipywidgets>=7.0.0->qgridnext) (3.6.6)
2025-01-14T13:25:50.8479900Z Requirement already satisfied: ipython>=4.0.0 in /Users/runner/micromamba/envs/tardis/lib/python3.12/site-packages (from ipywidgets>=7.0.0->qgridnext) (8.25.0)
2025-01-14T13:25:50.8491040Z Requirement already satisfied: jupyterlab-widgets<3,>=1.0.0 in /Users/runner/micromamba/envs/tardis/lib/python3.12/site-packages (from ipywidgets>=7.0.0->qgridnext) (1.1.7)
2025-01-14T13:25:50.8793820Z Requirement already satisfied: python-dateutil>=2.8.2 in /Users/runner/micromamba/envs/tardis/lib/python3.12/site-packages (from pandas>=0.20.0->qgridnext) (2.9.0)
2025-01-14T13:25:50.8827720Z Requirement already satisfied: pytz>=2020.1 in /Users/runner/micromamba/envs/tardis/lib/python3.12/site-packages (from pandas>=0.20.0->qgridnext) (2024.1)
2025-01-14T13:25:50.8830360Z Requirement already satisfied: tzdata>=2022.7 in /Users/runner/micromamba/envs/tardis/lib/python3.12/site-packages (from pandas>=0.20.0->qgridnext) (2024.1)
2025-01-14T13:25:50.9036420Z Requirement already satisfied: decorator in /Users/runner/micromamba/envs/tardis/lib/python3.12/site-packages (from ipython>=4.0.0->ipywidgets>=7.0.0->qgridnext) (5.1.1)
2025-01-14T13:25:50.9048290Z Requirement already satisfied: jedi>=0.16 in /Users/runner/micromamba/envs/tardis/lib/python3.12/site-packages (from ipython>=4.0.0->ipywidgets>=7.0.0->qgridnext) (0.19.1)
2025-01-14T13:25:50.9054520Z Requirement already satisfied: matplotlib-inline in /Users/runner/micromamba/envs/tardis/lib/python3.12/site-packages (from ipython>=4.0.0->ipywidgets>=7.0.0->qgridnext) (0.1.7)
2025-01-14T13:25:50.9061560Z Requirement already satisfied: prompt-toolkit<3.1.0,>=3.0.41 in /Users/runner/micromamba/envs/tardis/lib/python3.12/site-packages (from ipython>=4.0.0->ipywidgets>=7.0.0->qgridnext) (3.0.47)
2025-01-14T13:25:50.9068720Z Requirement already satisfied: pygments>=2.4.0 in /Users/runner/micromamba/envs/tardis/lib/python3.12/site-packages (from ipython>=4.0.0->ipywidgets>=7.0.0->qgridnext) (2.18.0)
2025-01-14T13:25:50.9074930Z Requirement already satisfied: stack-data in /Users/runner/micromamba/envs/tardis/lib/python3.12/site-packages (from ipython>=4.0.0->ipywidgets>=7.0.0->qgridnext) (0.6.2)
2025-01-14T13:25:50.9088600Z Requirement already satisfied: pexpect>4.3 in /Users/runner/micromamba/envs/tardis/lib/python3.12/site-packages (from ipython>=4.0.0->ipywidgets>=7.0.0->qgridnext) (4.9.0)
2025-01-14T13:25:50.9120900Z Requirement already satisfied: six>=1.5 in /Users/runner/micromamba/envs/tardis/lib/python3.12/site-packages (from python-dateutil>=2.8.2->pandas>=0.20.0->qgridnext) (1.16.0)
2025-01-14T13:25:50.9259680Z Requirement already satisfied: notebook>=4.4.1 in /Users/runner/micromamba/envs/tardis/lib/python3.12/site-packages (from widgetsnbextension~=3.6.5->ipywidgets>=7.0.0->qgridnext) (7.2.1)
2025-01-14T13:25:50.9460050Z Requirement already satisfied: parso<0.9.0,>=0.8.3 in /Users/runner/micromamba/envs/tardis/lib/python3.12/site-packages (from jedi>=0.16->ipython>=4.0.0->ipywidgets>=7.0.0->qgridnext) (0.8.4)
2025-01-14T13:25:50.9663280Z Requirement already satisfied: jupyter-server<3,>=2.4.0 in /Users/runner/micromamba/envs/tardis/lib/python3.12/site-packages (from notebook>=4.4.1->widgetsnbextension~=3.6.5->ipywidgets>=7.0.0->qgridnext) (2.14.1)
2025-01-14T13:25:50.9766190Z Requirement already satisfied: jupyterlab-server<3,>=2.27.1 in /Users/runner/micromamba/envs/tardis/lib/python3.12/site-packages (from notebook>=4.4.1->widgetsnbextension~=3.6.5->ipywidgets>=7.0.0->qgridnext) (2.27.2)
2025-01-14T13:25:50.9868570Z Requirement already satisfied: jupyterlab<4.3,>=4.2.0 in /Users/runner/micromamba/envs/tardis/lib/python3.12/site-packages (from notebook>=4.4.1->widgetsnbextension~=3.6.5->ipywidgets>=7.0.0->qgridnext) (4.2.2)
2025-01-14T13:25:50.9972840Z Requirement already satisfied: notebook-shim<0.3,>=0.2 in /Users/runner/micromamba/envs/tardis/lib/python3.12/site-packages (from notebook>=4.4.1->widgetsnbextension~=3.6.5->ipywidgets>=7.0.0->qgridnext) (0.2.4)
2025-01-14T13:25:51.0075100Z Requirement already satisfied: tornado>=6.2.0 in /Users/runner/micromamba/envs/tardis/lib/python3.12/site-packages (from notebook>=4.4.1->widgetsnbextension~=3.6.5->ipywidgets>=7.0.0->qgridnext) (6.4.1)
2025-01-14T13:25:51.0174250Z Requirement already satisfied: ptyprocess>=0.5 in /Users/runner/micromamba/envs/tardis/lib/python3.12/site-packages (from pexpect>4.3->ipython>=4.0.0->ipywidgets>=7.0.0->qgridnext) (0.7.0)
2025-01-14T13:25:51.0276210Z Requirement already satisfied: wcwidth in /Users/runner/micromamba/envs/tardis/lib/python3.12/site-packages (from prompt-toolkit<3.1.0,>=3.0.41->ipython>=4.0.0->ipywidgets>=7.0.0->qgridnext) (0.2.13)
2025-01-14T13:25:51.0378400Z Requirement already satisfied: executing>=1.2.0 in /Users/runner/micromamba/envs/tardis/lib/python3.12/site-packages (from stack-data->ipython>=4.0.0->ipywidgets>=7.0.0->qgridnext) (2.0.1)
2025-01-14T13:25:51.0480100Z Requirement already satisfied: asttokens>=2.1.0 in /Users/runner/micromamba/envs/tardis/lib/python3.12/site-packages (from stack-data->ipython>=4.0.0->ipywidgets>=7.0.0->qgridnext) (2.4.1)
2025-01-14T13:25:51.0582730Z Requirement already satisfied: pure-eval in /Users/runner/micromamba/envs/tardis/lib/python3.12/site-packages (from stack-data->ipython>=4.0.0->ipywidgets>=7.0.0->qgridnext) (0.2.2)
2025-01-14T13:25:51.0680970Z Requirement already satisfied: anyio>=3.1.0 in /Users/runner/micromamba/envs/tardis/lib/python3.12/site-packages (from jupyter-server<3,>=2.4.0->notebook>=4.4.1->widgetsnbextension~=3.6.5->ipywidgets>=7.0.0->qgridnext) (4.4.0)
2025-01-14T13:25:51.0782600Z Requirement already satisfied: argon2-cffi>=21.1 in /Users/runner/micromamba/envs/tardis/lib/python3.12/site-packages (from jupyter-server<3,>=2.4.0->notebook>=4.4.1->widgetsnbextension~=3.6.5->ipywidgets>=7.0.0->qgridnext) (23.1.0)
2025-01-14T13:25:51.0898940Z Requirement already satisfied: jinja2>=3.0.3 in /Users/runner/micromamba/envs/tardis/lib/python3.12/site-packages (from jupyter-server<3,>=2.4.0->notebook>=4.4.1->widgetsnbextension~=3.6.5->ipywidgets>=7.0.0->qgridnext) (3.1.4)
2025-01-14T13:25:51.1007080Z Requirement already satisfied: jupyter-client>=7.4.4 in /Users/runner/micromamba/envs/tardis/lib/python3.12/site-packages (from jupyter-server<3,>=2.4.0->notebook>=4.4.1->widgetsnbextension~=3.6.5->ipywidgets>=7.0.0->qgridnext) (8.6.2)
2025-01-14T13:25:51.1104780Z Requirement already satisfied: jupyter-core!=5.0.*,>=4.12 in /Users/runner/micromamba/envs/tardis/lib/python3.12/site-packages (from jupyter-server<3,>=2.4.0->notebook>=4.4.1->widgetsnbextension~=3.6.5->ipywidgets>=7.0.0->qgridnext) (5.7.2)
2025-01-14T13:25:51.1207440Z Requirement already satisfied: jupyter-events>=0.9.0 in /Users/runner/micromamba/envs/tardis/lib/python3.12/site-packages (from jupyter-server<3,>=2.4.0->notebook>=4.4.1->widgetsnbextension~=3.6.5->ipywidgets>=7.0.0->qgridnext) (0.10.0)
2025-01-14T13:25:51.1311850Z Requirement already satisfied: jupyter-server-terminals>=0.4.4 in /Users/runner/micromamba/envs/tardis/lib/python3.12/site-packages (from jupyter-server<3,>=2.4.0->notebook>=4.4.1->widgetsnbextension~=3.6.5->ipywidgets>=7.0.0->qgridnext) (0.5.3)
2025-01-14T13:25:51.1411540Z Requirement already satisfied: nbconvert>=6.4.4 in /Users/runner/micromamba/envs/tardis/lib/python3.12/site-packages (from jupyter-server<3,>=2.4.0->notebook>=4.4.1->widgetsnbextension~=3.6.5->ipywidgets>=7.0.0->qgridnext) (7.16.4)
2025-01-14T13:25:51.1513410Z Requirement already satisfied: nbformat>=5.3.0 in /Users/runner/micromamba/envs/tardis/lib/python3.12/site-packages (from jupyter-server<3,>=2.4.0->notebook>=4.4.1->widgetsnbextension~=3.6.5->ipywidgets>=7.0.0->qgridnext) (5.10.4)
2025-01-14T13:25:51.1616270Z Requirement already satisfied: overrides>=5.0 in /Users/runner/micromamba/envs/tardis/lib/python3.12/site-packages (from jupyter-server<3,>=2.4.0->notebook>=4.4.1->widgetsnbextension~=3.6.5->ipywidgets>=7.0.0->qgridnext) (7.7.0)
2025-01-14T13:25:51.1716600Z Requirement already satisfied: packaging>=22.0 in /Users/runner/micromamba/envs/tardis/lib/python3.12/site-packages (from jupyter-server<3,>=2.4.0->notebook>=4.4.1->widgetsnbextension~=3.6.5->ipywidgets>=7.0.0->qgridnext) (24.1)
2025-01-14T13:25:51.1819410Z Requirement already satisfied: prometheus-client>=0.9 in /Users/runner/micromamba/envs/tardis/lib/python3.12/site-packages (from jupyter-server<3,>=2.4.0->notebook>=4.4.1->widgetsnbextension~=3.6.5->ipywidgets>=7.0.0->qgridnext) (0.20.0)
2025-01-14T13:25:51.1926830Z Requirement already satisfied: pyzmq>=24 in /Users/runner/micromamba/envs/tardis/lib/python3.12/site-packages (from jupyter-server<3,>=2.4.0->notebook>=4.4.1->widgetsnbextension~=3.6.5->ipywidgets>=7.0.0->qgridnext) (26.0.3)
2025-01-14T13:25:51.2028990Z Requirement already satisfied: send2trash>=1.8.2 in /Users/runner/micromamba/envs/tardis/lib/python3.12/site-packages (from jupyter-server<3,>=2.4.0->notebook>=4.4.1->widgetsnbextension~=3.6.5->ipywidgets>=7.0.0->qgridnext) (1.8.3)
2025-01-14T13:25:51.2132700Z Requirement already satisfied: terminado>=0.8.3 in /Users/runner/micromamba/envs/tardis/lib/python3.12/site-packages (from jupyter-server<3,>=2.4.0->notebook>=4.4.1->widgetsnbextension~=3.6.5->ipywidgets>=7.0.0->qgridnext) (0.18.1)
2025-01-14T13:25:51.2235100Z Requirement already satisfied: websocket-client>=1.7 in /Users/runner/micromamba/envs/tardis/lib/python3.12/site-packages (from jupyter-server<3,>=2.4.0->notebook>=4.4.1->widgetsnbextension~=3.6.5->ipywidgets>=7.0.0->qgridnext) (1.8.0)
2025-01-14T13:25:51.2236510Z Requirement already satisfied: async-lru>=1.0.0 in /Users/runner/micromamba/envs/tardis/lib/python3.12/site-packages (from jupyterlab<4.3,>=4.2.0->notebook>=4.4.1->widgetsnbextension~=3.6.5->ipywidgets>=7.0.0->qgridnext) (2.0.4)
2025-01-14T13:25:51.2340600Z Requirement already satisfied: httpx>=0.25.0 in /Users/runner/micromamba/envs/tardis/lib/python3.12/site-packages (from jupyterlab<4.3,>=4.2.0->notebook>=4.4.1->widgetsnbextension~=3.6.5->ipywidgets>=7.0.0->qgridnext) (0.27.0)
2025-01-14T13:25:51.2443860Z Requirement already satisfied: ipykernel>=6.5.0 in /Users/runner/micromamba/envs/tardis/lib/python3.12/site-packages (from jupyterlab<4.3,>=4.2.0->notebook>=4.4.1->widgetsnbextension~=3.6.5->ipywidgets>=7.0.0->qgridnext) (6.29.4)
2025-01-14T13:25:51.2548320Z Requirement already satisfied: jupyter-lsp>=2.0.0 in /Users/runner/micromamba/envs/tardis/lib/python3.12/site-packages (from jupyterlab<4.3,>=4.2.0->notebook>=4.4.1->widgetsnbextension~=3.6.5->ipywidgets>=7.0.0->qgridnext) (2.2.5)
2025-01-14T13:25:51.2645270Z Requirement already satisfied: setuptools>=40.1.0 in /Users/runner/micromamba/envs/tardis/lib/python3.12/site-packages (from jupyterlab<4.3,>=4.2.0->notebook>=4.4.1->widgetsnbextension~=3.6.5->ipywidgets>=7.0.0->qgridnext) (70.0.0)
2025-01-14T13:25:51.2761230Z Requirement already satisfied: babel>=2.10 in /Users/runner/micromamba/envs/tardis/lib/python3.12/site-packages (from jupyterlab-server<3,>=2.27.1->notebook>=4.4.1->widgetsnbextension~=3.6.5->ipywidgets>=7.0.0->qgridnext) (2.14.0)
2025-01-14T13:25:51.2864880Z Requirement already satisfied: json5>=0.9.0 in /Users/runner/micromamba/envs/tardis/lib/python3.12/site-packages (from jupyterlab-server<3,>=2.27.1->notebook>=4.4.1->widgetsnbextension~=3.6.5->ipywidgets>=7.0.0->qgridnext) (0.9.25)
2025-01-14T13:25:51.2964680Z Requirement already satisfied: jsonschema>=4.18.0 in /Users/runner/micromamba/envs/tardis/lib/python3.12/site-packages (from jupyterlab-server<3,>=2.27.1->notebook>=4.4.1->widgetsnbextension~=3.6.5->ipywidgets>=7.0.0->qgridnext) (4.22.0)
2025-01-14T13:25:51.3067060Z Requirement already satisfied: requests>=2.31 in /Users/runner/micromamba/envs/tardis/lib/python3.12/site-packages (from jupyterlab-server<3,>=2.27.1->notebook>=4.4.1->widgetsnbextension~=3.6.5->ipywidgets>=7.0.0->qgridnext) (2.32.3)
2025-01-14T13:25:51.3167270Z Requirement already satisfied: idna>=2.8 in /Users/runner/micromamba/envs/tardis/lib/python3.12/site-packages (from anyio>=3.1.0->jupyter-server<3,>=2.4.0->notebook>=4.4.1->widgetsnbextension~=3.6.5->ipywidgets>=7.0.0->qgridnext) (3.7)
2025-01-14T13:25:51.3269500Z Requirement already satisfied: sniffio>=1.1 in /Users/runner/micromamba/envs/tardis/lib/python3.12/site-packages (from anyio>=3.1.0->jupyter-server<3,>=2.4.0->notebook>=4.4.1->widgetsnbextension~=3.6.5->ipywidgets>=7.0.0->qgridnext) (1.3.1)
2025-01-14T13:25:51.3372020Z Requirement already satisfied: argon2-cffi-bindings in /Users/runner/micromamba/envs/tardis/lib/python3.12/site-packages (from argon2-cffi>=21.1->jupyter-server<3,>=2.4.0->notebook>=4.4.1->widgetsnbextension~=3.6.5->ipywidgets>=7.0.0->qgridnext) (21.2.0)
2025-01-14T13:25:51.3474540Z Requirement already satisfied: certifi in /Users/runner/micromamba/envs/tardis/lib/python3.12/site-packages (from httpx>=0.25.0->jupyterlab<4.3,>=4.2.0->notebook>=4.4.1->widgetsnbextension~=3.6.5->ipywidgets>=7.0.0->qgridnext) (2024.6.2)
2025-01-14T13:25:51.3577810Z Requirement already satisfied: httpcore==1.* in /Users/runner/micromamba/envs/tardis/lib/python3.12/site-packages (from httpx>=0.25.0->jupyterlab<4.3,>=4.2.0->notebook>=4.4.1->widgetsnbextension~=3.6.5->ipywidgets>=7.0.0->qgridnext) (1.0.5)
2025-01-14T13:25:51.3681380Z Requirement already satisfied: h11<0.15,>=0.13 in /Users/runner/micromamba/envs/tardis/lib/python3.12/site-packages (from httpcore==1.*->httpx>=0.25.0->jupyterlab<4.3,>=4.2.0->notebook>=4.4.1->widgetsnbextension~=3.6.5->ipywidgets>=7.0.0->qgridnext) (0.14.0)
2025-01-14T13:25:51.3783300Z Requirement already satisfied: appnope in /Users/runner/micromamba/envs/tardis/lib/python3.12/site-packages (from ipykernel>=6.5.0->jupyterlab<4.3,>=4.2.0->notebook>=4.4.1->widgetsnbextension~=3.6.5->ipywidgets>=7.0.0->qgridnext) (0.1.4)
2025-01-14T13:25:51.3885130Z Requirement already satisfied: debugpy>=1.6.5 in /Users/runner/micromamba/envs/tardis/lib/python3.12/site-packages (from ipykernel>=6.5.0->jupyterlab<4.3,>=4.2.0->notebook>=4.4.1->widgetsnbextension~=3.6.5->ipywidgets>=7.0.0->qgridnext) (1.8.1)
2025-01-14T13:25:51.3990950Z Requirement already satisfied: nest-asyncio in /Users/runner/micromamba/envs/tardis/lib/python3.12/site-packages (from ipykernel>=6.5.0->jupyterlab<4.3,>=4.2.0->notebook>=4.4.1->widgetsnbextension~=3.6.5->ipywidgets>=7.0.0->qgridnext) (1.6.0)
2025-01-14T13:25:51.4094850Z Requirement already satisfied: psutil in /Users/runner/micromamba/envs/tardis/lib/python3.12/site-packages (from ipykernel>=6.5.0->jupyterlab<4.3,>=4.2.0->notebook>=4.4.1->widgetsnbextension~=3.6.5->ipywidgets>=7.0.0->qgridnext) (5.9.8)
2025-01-14T13:25:51.4192110Z Requirement already satisfied: MarkupSafe>=2.0 in /Users/runner/micromamba/envs/tardis/lib/python3.12/site-packages (from jinja2>=3.0.3->jupyter-server<3,>=2.4.0->notebook>=4.4.1->widgetsnbextension~=3.6.5->ipywidgets>=7.0.0->qgridnext) (2.1.5)
2025-01-14T13:25:51.4298460Z Requirement already satisfied: attrs>=22.2.0 in /Users/runner/micromamba/envs/tardis/lib/python3.12/site-packages (from jsonschema>=4.18.0->jupyterlab-server<3,>=2.27.1->notebook>=4.4.1->widgetsnbextension~=3.6.5->ipywidgets>=7.0.0->qgridnext) (23.2.0)
2025-01-14T13:25:51.4402570Z Requirement already satisfied: jsonschema-specifications>=2023.03.6 in /Users/runner/micromamba/envs/tardis/lib/python3.12/site-packages (from jsonschema>=4.18.0->jupyterlab-server<3,>=2.27.1->notebook>=4.4.1->widgetsnbextension~=3.6.5->ipywidgets>=7.0.0->qgridnext) (2023.12.1)
2025-01-14T13:25:51.4493290Z Requirement already satisfied: referencing>=0.28.4 in /Users/runner/micromamba/envs/tardis/lib/python3.12/site-packages (from jsonschema>=4.18.0->jupyterlab-server<3,>=2.27.1->notebook>=4.4.1->widgetsnbextension~=3.6.5->ipywidgets>=7.0.0->qgridnext) (0.35.1)
2025-01-14T13:25:51.4593050Z Requirement already satisfied: rpds-py>=0.7.1 in /Users/runner/micromamba/envs/tardis/lib/python3.12/site-packages (from jsonschema>=4.18.0->jupyterlab-server<3,>=2.27.1->notebook>=4.4.1->widgetsnbextension~=3.6.5->ipywidgets>=7.0.0->qgridnext) (0.18.1)
2025-01-14T13:25:51.4695350Z Requirement already satisfied: platformdirs>=2.5 in /Users/runner/micromamba/envs/tardis/lib/python3.12/site-packages (from jupyter-core!=5.0.*,>=4.12->jupyter-server<3,>=2.4.0->notebook>=4.4.1->widgetsnbextension~=3.6.5->ipywidgets>=7.0.0->qgridnext) (4.2.2)
2025-01-14T13:25:51.4796740Z Requirement already satisfied: python-json-logger>=2.0.4 in /Users/runner/micromamba/envs/tardis/lib/python3.12/site-packages (from jupyter-events>=0.9.0->jupyter-server<3,>=2.4.0->notebook>=4.4.1->widgetsnbextension~=3.6.5->ipywidgets>=7.0.0->qgridnext) (2.0.7)
2025-01-14T13:25:51.4900190Z Requirement already satisfied: pyyaml>=5.3 in /Users/runner/micromamba/envs/tardis/lib/python3.12/site-packages (from jupyter-events>=0.9.0->jupyter-server<3,>=2.4.0->notebook>=4.4.1->widgetsnbextension~=3.6.5->ipywidgets>=7.0.0->qgridnext) (6.0.1)
2025-01-14T13:25:51.5002650Z Requirement already satisfied: rfc3339-validator in /Users/runner/micromamba/envs/tardis/lib/python3.12/site-packages (from jupyter-events>=0.9.0->jupyter-server<3,>=2.4.0->notebook>=4.4.1->widgetsnbextension~=3.6.5->ipywidgets>=7.0.0->qgridnext) (0.1.4)
2025-01-14T13:25:51.5104520Z Requirement already satisfied: rfc3986-validator>=0.1.1 in /Users/runner/micromamba/envs/tardis/lib/python3.12/site-packages (from jupyter-events>=0.9.0->jupyter-server<3,>=2.4.0->notebook>=4.4.1->widgetsnbextension~=3.6.5->ipywidgets>=7.0.0->qgridnext) (0.1.1)
2025-01-14T13:25:51.5205290Z Requirement already satisfied: beautifulsoup4 in /Users/runner/micromamba/envs/tardis/lib/python3.12/site-packages (from nbconvert>=6.4.4->jupyter-server<3,>=2.4.0->notebook>=4.4.1->widgetsnbextension~=3.6.5->ipywidgets>=7.0.0->qgridnext) (4.12.3)
2025-01-14T13:25:51.5307610Z Requirement already satisfied: bleach!=5.0.0 in /Users/runner/micromamba/envs/tardis/lib/python3.12/site-packages (from nbconvert>=6.4.4->jupyter-server<3,>=2.4.0->notebook>=4.4.1->widgetsnbextension~=3.6.5->ipywidgets>=7.0.0->qgridnext) (6.1.0)
2025-01-14T13:25:51.5408000Z Requirement already satisfied: defusedxml in /Users/runner/micromamba/envs/tardis/lib/python3.12/site-packages (from nbconvert>=6.4.4->jupyter-server<3,>=2.4.0->notebook>=4.4.1->widgetsnbextension~=3.6.5->ipywidgets>=7.0.0->qgridnext) (0.7.1)
2025-01-14T13:25:51.5511740Z Requirement already satisfied: jupyterlab-pygments in /Users/runner/micromamba/envs/tardis/lib/python3.12/site-packages (from nbconvert>=6.4.4->jupyter-server<3,>=2.4.0->notebook>=4.4.1->widgetsnbextension~=3.6.5->ipywidgets>=7.0.0->qgridnext) (0.3.0)
2025-01-14T13:25:51.5611930Z Requirement already satisfied: mistune<4,>=2.0.3 in /Users/runner/micromamba/envs/tardis/lib/python3.12/site-packages (from nbconvert>=6.4.4->jupyter-server<3,>=2.4.0->notebook>=4.4.1->widgetsnbextension~=3.6.5->ipywidgets>=7.0.0->qgridnext) (3.0.2)
2025-01-14T13:25:51.5715690Z Requirement already satisfied: nbclient>=0.5.0 in /Users/runner/micromamba/envs/tardis/lib/python3.12/site-packages (from nbconvert>=6.4.4->jupyter-server<3,>=2.4.0->notebook>=4.4.1->widgetsnbextension~=3.6.5->ipywidgets>=7.0.0->qgridnext) (0.10.0)
2025-01-14T13:25:51.5817940Z Requirement already satisfied: pandocfilters>=1.4.1 in /Users/runner/micromamba/envs/tardis/lib/python3.12/site-packages (from nbconvert>=6.4.4->jupyter-server<3,>=2.4.0->notebook>=4.4.1->widgetsnbextension~=3.6.5->ipywidgets>=7.0.0->qgridnext) (1.5.0)
2025-01-14T13:25:51.5918770Z Requirement already satisfied: tinycss2 in /Users/runner/micromamba/envs/tardis/lib/python3.12/site-packages (from nbconvert>=6.4.4->jupyter-server<3,>=2.4.0->notebook>=4.4.1->widgetsnbextension~=3.6.5->ipywidgets>=7.0.0->qgridnext) (1.3.0)
2025-01-14T13:25:51.6020900Z Requirement already satisfied: fastjsonschema>=2.15 in /Users/runner/micromamba/envs/tardis/lib/python3.12/site-packages (from nbformat>=5.3.0->jupyter-server<3,>=2.4.0->notebook>=4.4.1->widgetsnbextension~=3.6.5->ipywidgets>=7.0.0->qgridnext) (2.20.0)
2025-01-14T13:25:51.6129090Z Requirement already satisfied: charset-normalizer<4,>=2 in /Users/runner/micromamba/envs/tardis/lib/python3.12/site-packages (from requests>=2.31->jupyterlab-server<3,>=2.27.1->notebook>=4.4.1->widgetsnbextension~=3.6.5->ipywidgets>=7.0.0->qgridnext) (3.3.2)
2025-01-14T13:25:51.6231030Z Requirement already satisfied: urllib3<3,>=1.21.1 in /Users/runner/micromamba/envs/tardis/lib/python3.12/site-packages (from requests>=2.31->jupyterlab-server<3,>=2.27.1->notebook>=4.4.1->widgetsnbextension~=3.6.5->ipywidgets>=7.0.0->qgridnext) (2.2.2)
2025-01-14T13:25:51.6364720Z Requirement already satisfied: webencodings in /Users/runner/micromamba/envs/tardis/lib/python3.12/site-packages (from bleach!=5.0.0->nbconvert>=6.4.4->jupyter-server<3,>=2.4.0->notebook>=4.4.1->widgetsnbextension~=3.6.5->ipywidgets>=7.0.0->qgridnext) (0.5.1)
2025-01-14T13:25:51.6465430Z Requirement already satisfied: fqdn in /Users/runner/micromamba/envs/tardis/lib/python3.12/site-packages (from jsonschema[format-nongpl]>=4.18.0->jupyter-events>=0.9.0->jupyter-server<3,>=2.4.0->notebook>=4.4.1->widgetsnbextension~=3.6.5->ipywidgets>=7.0.0->qgridnext) (1.5.1)
2025-01-14T13:25:51.6612070Z Requirement already satisfied: isoduration in /Users/runner/micromamba/envs/tardis/lib/python3.12/site-packages (from jsonschema[format-nongpl]>=4.18.0->jupyter-events>=0.9.0->jupyter-server<3,>=2.4.0->notebook>=4.4.1->widgetsnbextension~=3.6.5->ipywidgets>=7.0.0->qgridnext) (20.11.0)
2025-01-14T13:25:51.6714480Z Requirement already satisfied: jsonpointer>1.13 in /Users/runner/micromamba/envs/tardis/lib/python3.12/site-packages (from jsonschema[format-nongpl]>=4.18.0->jupyter-events>=0.9.0->jupyter-server<3,>=2.4.0->notebook>=4.4.1->widgetsnbextension~=3.6.5->ipywidgets>=7.0.0->qgridnext) (3.0.0)
2025-01-14T13:25:51.6817070Z Requirement already satisfied: uri-template in /Users/runner/micromamba/envs/tardis/lib/python3.12/site-packages (from jsonschema[format-nongpl]>=4.18.0->jupyter-events>=0.9.0->jupyter-server<3,>=2.4.0->notebook>=4.4.1->widgetsnbextension~=3.6.5->ipywidgets>=7.0.0->qgridnext) (1.3.0)
2025-01-14T13:25:51.6919930Z Requirement already satisfied: webcolors>=1.11 in /Users/runner/micromamba/envs/tardis/lib/python3.12/site-packages (from jsonschema[format-nongpl]>=4.18.0->jupyter-events>=0.9.0->jupyter-server<3,>=2.4.0->notebook>=4.4.1->widgetsnbextension~=3.6.5->ipywidgets>=7.0.0->qgridnext) (24.6.0)
2025-01-14T13:25:51.7444500Z Requirement already satisfied: cffi>=1.0.1 in /Users/runner/micromamba/envs/tardis/lib/python3.12/site-packages (from argon2-cffi-bindings->argon2-cffi>=21.1->jupyter-server<3,>=2.4.0->notebook>=4.4.1->widgetsnbextension~=3.6.5->ipywidgets>=7.0.0->qgridnext) (1.16.0)
2025-01-14T13:25:51.7545000Z Requirement already satisfied: soupsieve>1.2 in /Users/runner/micromamba/envs/tardis/lib/python3.12/site-packages (from beautifulsoup4->nbconvert>=6.4.4->jupyter-server<3,>=2.4.0->notebook>=4.4.1->widgetsnbextension~=3.6.5->ipywidgets>=7.0.0->qgridnext) (2.5)
2025-01-14T13:25:51.8083870Z Requirement already satisfied: pycparser in /Users/runner/micromamba/envs/tardis/lib/python3.12/site-packages (from cffi>=1.0.1->argon2-cffi-bindings->argon2-cffi>=21.1->jupyter-server<3,>=2.4.0->notebook>=4.4.1->widgetsnbextension~=3.6.5->ipywidgets>=7.0.0->qgridnext) (2.22)
2025-01-14T13:25:51.8861390Z Requirement already satisfied: arrow>=0.15.0 in /Users/runner/micromamba/envs/tardis/lib/python3.12/site-packages (from isoduration->jsonschema[format-nongpl]>=4.18.0->jupyter-events>=0.9.0->jupyter-server<3,>=2.4.0->notebook>=4.4.1->widgetsnbextension~=3.6.5->ipywidgets>=7.0.0->qgridnext) (1.3.0)
2025-01-14T13:25:51.9165620Z Requirement already satisfied: types-python-dateutil>=2.8.10 in /Users/runner/micromamba/envs/tardis/lib/python3.12/site-packages (from arrow>=0.15.0->isoduration->jsonschema[format-nongpl]>=4.18.0->jupyter-events>=0.9.0->jupyter-server<3,>=2.4.0->notebook>=4.4.1->widgetsnbextension~=3.6.5->ipywidgets>=7.0.0->qgridnext) (2.9.0.20240316)
2025-01-14T13:25:51.9573720Z Downloading qgridnext-2.0.4-py3-none-any.whl (1.3 MB)
2025-01-14T13:25:52.0272510Z    â”â”â”â”â”â”â”â”â”â”â”â”â”â”â”â”â”â”â”â”â”â”â”â”â”â”â”â”â”â”â”â”â”â”â”â”â”â”â”â” 1.3/1.3 MB 18.7 MB/s eta 0:00:00
2025-01-14T13:25:52.8256970Z Installing collected packages: qgridnext
2025-01-14T13:25:52.8859990Z Successfully installed qgridnext-2.0.4
2025-01-14T13:25:53.1758070Z ##[group]Run pytest tardis --tardis-regression-data=/Users/runner/work/tardis/tardis/tardis-regression-data --cov=tardis --cov-report=xml --cov-report=html --cov-append -m "not continuum"
2025-01-14T13:25:53.1759130Z [36;1mpytest tardis --tardis-regression-data=/Users/runner/work/tardis/tardis/tardis-regression-data --cov=tardis --cov-report=xml --cov-report=html --cov-append -m "not continuum"[0m
2025-01-14T13:25:53.1815480Z shell: /bin/bash -l {0}
2025-01-14T13:25:53.1815690Z env:
2025-01-14T13:25:53.1815840Z   CACHE_NUMBER: 0
2025-01-14T13:25:53.1816340Z   PYTEST_FLAGS: --tardis-regression-data=/Users/runner/work/tardis/tardis/tardis-regression-data --cov=tardis --cov-report=xml --cov-report=html --cov-append
2025-01-14T13:25:53.1816890Z   CODECOV_TOKEN: 
2025-01-14T13:25:53.1817080Z   MAMBA_ROOT_PREFIX: /Users/runner/micromamba
2025-01-14T13:25:53.1817350Z   MAMBA_EXE: /Users/runner/micromamba-bin/micromamba
2025-01-14T13:25:53.1817750Z   CONDARC: /Users/runner/work/_temp/setup-micromamba/.condarc
2025-01-14T13:25:53.1818010Z ##[endgroup]
2025-01-14T13:26:09.7846640Z ============================= test session starts ==============================
2025-01-14T13:26:09.7849400Z platform darwin -- Python 3.12.4, pytest-8.2.2, pluggy-1.5.0
2025-01-14T13:26:09.7850380Z rootdir: /Users/runner/work/tardis/tardis
2025-01-14T13:26:09.7852730Z configfile: pyproject.toml
2025-01-14T13:26:09.7853180Z plugins: cov-5.0.0, html-4.1.1, metadata-3.1.1, doctestplus-1.2.1, anyio-4.4.0
2025-01-14T13:26:09.7853660Z collected 1796 items / 2 deselected / 1794 selected
2025-01-14T13:26:09.7853980Z 
2025-01-14T13:26:14.1386970Z tardis/energy_input/tests/test_energy_source.py ..xxx                    [  0%]
2025-01-14T13:26:16.1868740Z tardis/energy_input/tests/test_gamma_ray_channel.py ...........          [  0%]
2025-01-14T13:26:17.5482510Z tardis/energy_input/tests/test_gamma_ray_grid.py xx.                     [  1%]
2025-01-14T13:26:18.8371390Z tardis/energy_input/tests/test_gamma_ray_interactions.py xx....          [  1%]
2025-01-14T13:26:18.8473280Z tardis/energy_input/tests/test_gamma_ray_packet_source.py sssssssss      [  1%]
2025-01-14T13:26:19.8984110Z tardis/energy_input/tests/test_util.py .....xxxx.....                    [  2%]
2025-01-14T13:26:20.2747460Z tardis/grid/tests/test_grid.py .                                         [  2%]
2025-01-14T13:26:20.2763110Z tardis/gui/tests/test_gui.py s                                           [  2%]
2025-01-14T13:26:23.3810210Z tardis/io/configuration/tests/test_config_reader.py ...........          [  3%]
2025-01-14T13:26:23.3911820Z tardis/io/configuration/tests/test_configuration_namespace.py .........  [  3%]
2025-01-14T13:26:23.4113250Z tardis/io/logger/tests/test_logging.py ssssssssssssssssssssssssssss      [  5%]
2025-01-14T13:27:06.9859090Z tardis/io/model/readers/tests/test_arepo_parser.py ..                    [  5%]
2025-01-14T13:27:07.0524940Z tardis/io/model/readers/tests/test_ascii_readers.py ...                  [  5%]
2025-01-14T13:27:07.0677960Z tardis/io/model/readers/tests/test_cmfgen_reader.py ..                   [  5%]
2025-01-14T13:27:07.1126380Z tardis/io/model/readers/tests/test_csvy_reader.py ....                   [  6%]
2025-01-14T13:27:07.1453680Z tardis/io/model/readers/tests/test_stella_reader.py ..                   [  6%]
2025-01-14T13:27:07.5921980Z tardis/io/tests/test_HDFWriter.py ...............                        [  7%]
2025-01-14T13:27:08.6206410Z tardis/io/tests/test_atomic.py .....                                     [  7%]
2025-01-14T13:27:08.6664740Z tardis/io/tests/test_decay.py ..                                         [  7%]
2025-01-14T13:27:09.0493400Z tardis/io/tests/test_model_reader.py ......                              [  7%]
2025-01-14T13:27:09.0716700Z tardis/model/geometry/tests/test_radial1d.py ..                          [  7%]
2025-01-14T13:28:08.1604110Z tardis/model/tests/test_base.py ........................................ [ 10%]
2025-01-14T13:28:09.3494930Z ............                                                             [ 10%]
2025-01-14T13:28:13.1854170Z tardis/model/tests/test_csvy_model.py .........                          [ 11%]
2025-01-14T13:28:13.2432220Z tardis/model/tests/test_density.py ..                                    [ 11%]
2025-01-14T13:28:15.6358750Z tardis/opacities/tests/test_opacity_solver.py .....                      [ 11%]
2025-01-14T13:28:17.4666920Z tardis/opacities/tests/test_opacity_state_numba.py .....                 [ 11%]
2025-01-14T13:28:20.2576170Z tardis/opacities/tests/test_tau_sobolev.py ..                            [ 12%]
2025-01-14T13:28:26.6775360Z tardis/plasma/equilibrium/tests/test_collisional_transitions.py ...      [ 12%]
2025-01-14T13:29:29.7482460Z tardis/plasma/equilibrium/tests/test_level_populations.py ....           [ 12%]
2025-01-14T13:29:43.8694100Z tardis/plasma/equilibrium/tests/test_rate_matrix.py .                    [ 12%]
2025-01-14T13:29:45.9092840Z tardis/plasma/tests/test_complete_plasmas.py .....................s..... [ 13%]
2025-01-14T13:29:48.6770210Z s....ssssss............s............ss.....s....ssssss............s..... [ 18%]
2025-01-14T13:29:50.2226250Z .......ss.....s....ssssss............s............ss.....s....ssssss.... [ 22%]
2025-01-14T13:29:52.7568300Z ........s............ss.....s........ss............s............ss.....s [ 26%]
2025-01-14T13:29:56.1538850Z ........ss............s............ss.....s....ssssss............s...... [ 30%]
2025-01-14T13:29:56.9934960Z ......ss.....s....ssssss............s............ss.....s.ss.ssssss..... [ 34%]
2025-01-14T13:30:00.1663410Z .......s............ss.....s....ssssss............s............ss.....s. [ 38%]
2025-01-14T13:30:03.2718180Z ...ssssss............s............ss.....s....ssssss............s....... [ 42%]
2025-01-14T13:30:07.4808730Z .....ss.....s....ssssss............s............s...........ssssss...... [ 46%]
2025-01-14T13:30:10.0488140Z ......s............s...........ssssss............s............s......... [ 50%]
2025-01-14T13:30:14.0654490Z ..ssssss............s............ss.....s....ssssss............s........ [ 54%]
2025-01-14T13:30:18.5201410Z ....ss.....s....ssssss..........................s.....s....ssss......... [ 58%]
2025-01-14T13:30:18.8501980Z ...................s.....s....ssss.......                                [ 60%]
2025-01-14T13:30:19.2056620Z tardis/plasma/tests/test_hdf_plasma.py ................................. [ 62%]
2025-01-14T13:30:19.2170920Z ......                                                                   [ 62%]
2025-01-14T13:30:19.6997000Z tardis/plasma/tests/test_nlte_excitation.py ...                          [ 62%]
2025-01-14T13:32:54.1465870Z tardis/plasma/tests/test_nlte_solver.py .....X                           [ 63%]
2025-01-14T13:32:54.1813810Z tardis/plasma/tests/test_plasma_continuum.py .                           [ 63%]
2025-01-14T13:33:29.5924030Z tardis/plasma/tests/test_plasma_vboundary.py .............               [ 63%]
2025-01-14T13:33:41.8891570Z tardis/plasma/tests/test_tardis_model_density_config.py ...              [ 64%]
2025-01-14T13:33:42.5624390Z tardis/simulation/tests/test_convergence.py .....                        [ 64%]
2025-01-14T13:33:51.5778920Z tardis/simulation/tests/test_simulation.py .............                 [ 65%]
2025-01-14T13:33:51.5902200Z tardis/spectrum/tests/test_cuda_formal_integral.py sssssssssssssssssssss [ 66%]
2025-01-14T13:33:51.9055240Z ssss...ssssssssssssssssssssss                                            [ 67%]
2025-01-14T13:33:51.9108400Z tardis/spectrum/tests/test_luminosity.py ....                            [ 68%]
2025-01-14T13:33:54.3480740Z tardis/spectrum/tests/test_numba_formal_integral.py .................... [ 69%]
2025-01-14T13:33:54.3645330Z ..........                                                               [ 69%]
2025-01-14T13:33:54.5556300Z tardis/spectrum/tests/test_spectrum.py ................................. [ 71%]
2025-01-14T13:33:54.5823040Z .........                                                                [ 72%]
2025-01-14T13:34:24.4330430Z tardis/spectrum/tests/test_spectrum_solver.py ....                       [ 72%]
2025-01-14T13:35:40.0655090Z tardis/tests/test_tardis_full.py ....                                    [ 72%]
2025-01-14T13:37:14.7145960Z tardis/tests/test_tardis_full_formal_integral.py ................        [ 73%]
2025-01-14T13:37:14.7773220Z tardis/tests/test_util.py .............................................  [ 75%]
2025-01-14T13:37:17.1195000Z tardis/transport/montecarlo/tests/test_base.py x.....................    [ 77%]
2025-01-14T13:37:23.1537110Z tardis/transport/montecarlo/tests/test_interaction.py .......            [ 77%]
2025-01-14T13:37:23.3256490Z tardis/transport/montecarlo/tests/test_macro_atom.py ....                [ 77%]
2025-01-14T13:37:23.3403420Z tardis/transport/montecarlo/tests/test_montecarlo.py sssssssssssssssssss [ 78%]
2025-01-14T13:37:23.3869400Z sssssssssssssssssssssssssssssssssssssssssssss                            [ 81%]
2025-01-14T13:37:31.4964390Z tardis/transport/montecarlo/tests/test_montecarlo_main_loop.py x..       [ 81%]
2025-01-14T13:37:31.5146860Z tardis/transport/montecarlo/tests/test_nonhomologous.py ...              [ 81%]
2025-01-14T13:37:34.4687560Z tardis/transport/montecarlo/tests/test_numba_interface.py .....x.        [ 82%]
2025-01-14T13:37:34.8271000Z tardis/transport/montecarlo/tests/test_opacities.py ...............      [ 82%]
2025-01-14T13:37:35.5568110Z tardis/transport/montecarlo/tests/test_packet.py .................xXXXXX [ 84%]
2025-01-14T13:37:35.6570760Z XX.........                                                              [ 84%]
2025-01-14T13:37:35.6860710Z tardis/transport/montecarlo/tests/test_packet_source.py ........         [ 85%]
2025-01-14T13:37:35.9333930Z tardis/transport/montecarlo/tests/test_rpacket_last_interaction_tracker.py . [ 85%]
2025-01-14T13:37:36.2244780Z .....                                                                    [ 85%]
2025-01-14T13:37:46.0936140Z tardis/transport/montecarlo/tests/test_rpacket_tracker.py ......         [ 85%]
2025-01-14T13:37:46.1159320Z tardis/transport/montecarlo/tests/test_single_packet_loop.py xxx         [ 86%]
2025-01-14T13:37:46.1191100Z tardis/transport/montecarlo/tests/test_tracker_utils.py ..               [ 86%]
2025-01-14T13:37:47.4296300Z tardis/transport/montecarlo/tests/test_vpacket.py ..x.                   [ 86%]
2025-01-14T13:37:47.4492100Z tardis/transport/montecarlo/tests/test_weighted_packet_source.py ....    [ 86%]
2025-01-14T13:37:50.6393170Z tardis/transport/montecarlo/tests/test_weighted_packet_source_integration.py . [ 86%]
2025-01-14T13:37:50.6396640Z                                                                          [ 86%]
2025-01-14T13:37:51.2420700Z tardis/transport/tests/test_doppler_factor.py ..................         [ 87%]
2025-01-14T13:37:53.1645610Z tardis/visualization/tools/tests/test_convergence_plot.py .............. [ 88%]
2025-01-14T13:37:54.9884980Z ......                                                                   [ 88%]
2025-01-14T13:37:58.8215790Z tardis/visualization/tools/tests/test_liv_plot.py ...................... [ 90%]
2025-01-14T13:38:03.6591610Z .............................                                            [ 91%]
2025-01-14T13:38:06.6317750Z tardis/visualization/tools/tests/test_rpacket_plot.py .................. [ 92%]
2025-01-14T13:38:13.7938430Z ....                                                                     [ 92%]
2025-01-14T13:38:18.7495550Z tardis/visualization/tools/tests/test_sdec_plot.py ..................... [ 94%]
2025-01-14T13:38:25.7765870Z ..............................                                           [ 95%]
2025-01-14T13:38:26.1237930Z tardis/visualization/widgets/tests/test_custom_abundance.py ........ss.. [ 96%]
2025-01-14T13:38:26.1613070Z ....                                                                     [ 96%]
2025-01-14T13:38:26.9412580Z tardis/visualization/widgets/tests/test_line_info.py ................... [ 97%]
2025-01-14T13:38:27.4380250Z ..................                                                       [ 98%]
2025-01-14T13:41:36.8098190Z tardis/visualization/widgets/tests/test_shell_info.py .................. [ 99%]
2025-01-14T13:41:43.7663660Z ......                                                                   [100%]
2025-01-14T13:41:43.7664320Z 
2025-01-14T13:41:43.7664660Z =============================== warnings summary ===============================
2025-01-14T13:41:43.7665140Z tardis/io/configuration/config_validator.py:6
2025-01-14T13:41:43.7665490Z tardis/io/configuration/config_validator.py:6
2025-01-14T13:41:43.7666170Z   /Users/runner/work/tardis/tardis/tardis/io/configuration/config_validator.py:6: DeprecationWarning:
2025-01-14T13:41:43.7667660Z   
2025-01-14T13:41:43.7669390Z   jsonschema.RefResolver is deprecated as of v4.18.0, in favor of the https://github.com/python-jsonschema/referencing library, which provides more compliant referencing behavior as well as more flexible APIs for customization. A future release will remove RefResolver. Please file a feature request (on referencing) if you are missing an API for the kind of customization you need.
2025-01-14T13:41:43.7670590Z 
2025-01-14T13:41:43.7670870Z ../../../micromamba/envs/tardis/lib/python3.12/site-packages/jupyter_client/connect.py:22
2025-01-14T13:41:43.7672100Z   /Users/runner/micromamba/envs/tardis/lib/python3.12/site-packages/jupyter_client/connect.py:22: DeprecationWarning:
2025-01-14T13:41:43.7672970Z   
2025-01-14T13:41:43.7673270Z   Jupyter is migrating its paths to use standard platformdirs
2025-01-14T13:41:43.7673860Z   given by the platformdirs library.  To remove this warning and
2025-01-14T13:41:43.7674390Z   see the appropriate new directories, set the environment variable
2025-01-14T13:41:43.7689860Z   `JUPYTER_PLATFORM_DIRS=1` and then run `jupyter --paths`.
2025-01-14T13:41:43.7690210Z   The use of platformdirs will be the default in `jupyter_core` v6
2025-01-14T13:41:43.7690450Z 
2025-01-14T13:41:43.7716170Z tardis/io/tests/test_HDFWriter.py::test_multi_index_write
2025-01-14T13:41:43.7716750Z tardis/visualization/widgets/tests/test_shell_info.py::TestHDFShellInfo::test_shells_data
2025-01-14T13:41:43.7717340Z   /Users/runner/work/tardis/tardis/tardis/io/util.py:276: PerformanceWarning:
2025-01-14T13:41:43.7717700Z   
2025-01-14T13:41:43.7717910Z   
2025-01-14T13:41:43.7718190Z   your performance may suffer as PyTables will pickle object types that it cannot
2025-01-14T13:41:43.7718760Z   map directly to c-types [inferred_type->mixed,key->block0_values] [items->Index([0], dtype='int64')]
2025-01-14T13:41:43.7719090Z 
2025-01-14T13:41:43.7719260Z tardis/io/tests/test_model_reader.py::test_read_cmfgen_isotope_abundances
2025-01-14T13:41:43.7719790Z tardis/plasma/tests/test_tardis_model_density_config.py::test_electron_densities
2025-01-14T13:41:43.7720270Z tardis/plasma/tests/test_tardis_model_density_config.py::test_isotope_number_densities
2025-01-14T13:41:43.7720740Z tardis/plasma/tests/test_tardis_model_density_config.py::test_t_rad
2025-01-14T13:41:43.7721280Z   /Users/runner/work/tardis/tardis/tardis/io/model/readers/cmfgen_deprecated.py:82: DeprecationWarning:
2025-01-14T13:41:43.7721790Z   
2025-01-14T13:41:43.7722030Z   The current CMFGEN model parser is deprecated
2025-01-14T13:41:43.7722210Z 
2025-01-14T13:41:43.7722360Z tardis/io/tests/test_model_reader.py: 1 warning
2025-01-14T13:41:43.7722810Z tardis/plasma/tests/test_tardis_model_density_config.py: 9 warnings
2025-01-14T13:41:43.7723310Z   /Users/runner/work/tardis/tardis/tardis/io/model/readers/cmfgen_deprecated.py:40: DeprecationWarning:
2025-01-14T13:41:43.7723780Z   
2025-01-14T13:41:43.7724010Z   The current CMFGEN model parser is deprecated
2025-01-14T13:41:43.7724250Z 
2025-01-14T13:41:43.7724450Z tardis/model/tests/test_base.py::TestModelFromPaper1Config::test_abundances
2025-01-14T13:41:43.7725080Z   /Users/runner/work/tardis/tardis/tardis/transport/montecarlo/montecarlo_main_loop.py:123: NumbaTypeSafetyWarning:
2025-01-14T13:41:43.7725570Z   
2025-01-14T13:41:43.7751840Z   [1m[1m[1munsafe cast from uint64 to int64. Precision may be lost.[0m[0m[0m
2025-01-14T13:41:43.7752190Z 
2025-01-14T13:41:43.7752310Z tardis/model/tests/test_base.py: 6 warnings
2025-01-14T13:41:43.7752600Z tardis/model/tests/test_csvy_model.py: 2 warnings
2025-01-14T13:41:43.7753030Z tardis/plasma/tests/test_tardis_model_density_config.py: 3 warnings
2025-01-14T13:41:43.7753500Z   /Users/runner/work/tardis/tardis/tardis/model/geometry/radial1d.py:50: DeprecationWarning:
2025-01-14T13:41:43.7753940Z   
2025-01-14T13:41:43.7754180Z   v_inner_boundary < 0, assuming default value
2025-01-14T13:41:43.7754390Z 
2025-01-14T13:41:43.7754500Z tardis/model/tests/test_base.py: 6 warnings
2025-01-14T13:41:43.7754890Z tardis/model/tests/test_csvy_model.py: 2 warnings
2025-01-14T13:41:43.7755230Z tardis/plasma/tests/test_tardis_model_density_config.py: 3 warnings
2025-01-14T13:41:43.7755780Z   /Users/runner/work/tardis/tardis/tardis/model/geometry/radial1d.py:61: DeprecationWarning:
2025-01-14T13:41:43.7756170Z   
2025-01-14T13:41:43.7756390Z   v_outer_boundary < 0, assuming default value
2025-01-14T13:41:43.7756540Z 
2025-01-14T13:41:43.7757000Z tardis/plasma/equilibrium/tests/test_level_populations.py::TestLevelPopulationSolver::test_solve[collisional_rate_solver0-radiative_transitions0]
2025-01-14T13:41:43.7757710Z   /Users/runner/work/tardis/tardis/tardis/plasma/equilibrium/level_populations.py:65: FutureWarning:
2025-01-14T13:41:43.7758200Z   
2025-01-14T13:41:43.7758590Z   A value is trying to be set on a copy of a DataFrame or Series through chained assignment using an inplace method.
2025-01-14T13:41:43.7759370Z   The behavior will change in pandas 3.0. This inplace method will never work because the intermediate object on which we are setting values always behaves as a copy.
2025-01-14T13:41:43.7760130Z   
2025-01-14T13:41:43.7761350Z   For example, when doing 'df[col].method(value, inplace=True)', try using 'df.method({col: value}, inplace=True)' or df[col] = df[col].method(value) instead, to perform the operation inplace on the original object.
2025-01-14T13:41:43.7762110Z 
2025-01-14T13:41:43.7762260Z tardis/plasma/tests/test_complete_plasmas.py: 20 warnings
2025-01-14T13:41:43.7764510Z   /Users/runner/work/tardis/tardis/tardis/plasma/tests/test_complete_plasmas.py:197: UserWarning:
2025-01-14T13:41:43.7765020Z   
2025-01-14T13:41:43.7805610Z   Property "atomic_mass" not found
2025-01-14T13:41:43.7805970Z 
2025-01-14T13:41:43.7806650Z tardis/plasma/tests/test_complete_plasmas.py::TestPlasma::test_plasma_properties[radiative_rates_type:detailed-w_epsilon:1e-10-j_blues_norm_factor]
2025-01-14T13:41:43.7807580Z tardis/plasma/tests/test_complete_plasmas.py::TestPlasma::test_plasma_properties[radiative_rates_type:detailed-j_blues_norm_factor]
2025-01-14T13:41:43.7808470Z   /Users/runner/work/tardis/tardis/tardis/plasma/tests/test_complete_plasmas.py:197: UserWarning:
2025-01-14T13:41:43.7808990Z   
2025-01-14T13:41:43.7809350Z   Property "j_blues_norm_factor" not found
2025-01-14T13:41:43.7809680Z 
2025-01-14T13:41:43.7810090Z tardis/plasma/tests/test_complete_plasmas.py::TestPlasma::test_plasma_properties[radiative_rates_type:detailed-w_epsilon:1e-10-j_blue_estimator]
2025-01-14T13:41:43.7811060Z tardis/plasma/tests/test_complete_plasmas.py::TestPlasma::test_plasma_properties[radiative_rates_type:detailed-j_blue_estimator]
2025-01-14T13:41:43.7811960Z   /Users/runner/work/tardis/tardis/tardis/plasma/tests/test_complete_plasmas.py:197: UserWarning:
2025-01-14T13:41:43.7812400Z   
2025-01-14T13:41:43.7812660Z   Property "j_blue_estimator" not found
2025-01-14T13:41:43.7812840Z 
2025-01-14T13:41:43.7813200Z tardis/plasma/tests/test_complete_plasmas.py::TestPlasma::test_plasma_properties[radiative_rates_type:detailed-w_epsilon:1e-10-volume]
2025-01-14T13:41:43.7814080Z tardis/plasma/tests/test_complete_plasmas.py::TestPlasma::test_plasma_properties[radiative_rates_type:detailed-volume]
2025-01-14T13:41:43.7814820Z   /Users/runner/work/tardis/tardis/tardis/plasma/tests/test_complete_plasmas.py:197: UserWarning:
2025-01-14T13:41:43.7816380Z   
2025-01-14T13:41:43.7819540Z   Property "volume" not found
2025-01-14T13:41:43.7819780Z 
2025-01-14T13:41:43.7820200Z tardis/plasma/tests/test_complete_plasmas.py::TestPlasma::test_plasma_properties[radiative_rates_type:detailed-w_epsilon:1e-10-r_inner]
2025-01-14T13:41:43.7821170Z tardis/plasma/tests/test_complete_plasmas.py::TestPlasma::test_plasma_properties[radiative_rates_type:detailed-r_inner]
2025-01-14T13:41:43.7821960Z   /Users/runner/work/tardis/tardis/tardis/plasma/tests/test_complete_plasmas.py:197: UserWarning:
2025-01-14T13:41:43.7822550Z   
2025-01-14T13:41:43.7822790Z   Property "r_inner" not found
2025-01-14T13:41:43.7823000Z 
2025-01-14T13:41:43.7823270Z tardis/plasma/tests/test_plasma_vboundary.py::test_plasma_vboundary[2900-3750]
2025-01-14T13:41:43.7823820Z tardis/plasma/tests/test_plasma_vboundary.py::test_plasma_vboundary[2900-3850]
2025-01-14T13:41:43.7824380Z tardis/plasma/tests/test_plasma_vboundary.py::test_plasma_vboundary[2900-3900]
2025-01-14T13:41:43.7824960Z   /Users/runner/work/tardis/tardis/tardis/model/geometry/radial1d.py:71: UserWarning:
2025-01-14T13:41:43.7825450Z   
2025-01-14T13:41:43.7825710Z   Requesting inner boundary below inner shell. Extrapolating the inner cell
2025-01-14T13:41:43.7825990Z 
2025-01-14T13:41:43.7826250Z tardis/spectrum/tests/test_spectrum_solver.py::TestSpectrumSolver::test_solve
2025-01-14T13:41:43.7826800Z   /Users/runner/work/tardis/tardis/tardis/spectrum/base.py:70: UserWarning:
2025-01-14T13:41:43.7827240Z   
2025-01-14T13:41:43.7827730Z   SpectrumSolver.spectrum_virtual_packets is zero. Please run the montecarlo simulation with no_of_virtual_packets > 0
2025-01-14T13:41:43.7828150Z 
2025-01-14T13:41:43.7828400Z tardis/spectrum/tests/test_spectrum_solver.py::TestSpectrumSolver::test_solve
2025-01-14T13:41:43.7829260Z   /Users/runner/work/tardis/tardis/tardis/spectrum/base.py:111: UserWarning:
2025-01-14T13:41:43.7829600Z   
2025-01-14T13:41:43.7830050Z   SpectrumSolver.integrator: The FormalIntegrator is not yet available.Please run the montecarlo simulation at least once.
2025-01-14T13:41:43.7830420Z 
2025-01-14T13:41:43.7830650Z tardis/transport/montecarlo/tests/test_vpacket.py::test_trace_vpacket_volley
2025-01-14T13:41:43.7831010Z   <string>:3: NumbaPendingDeprecationWarning:
2025-01-14T13:41:43.7831260Z   
2025-01-14T13:41:43.7832340Z   [1m[1mCode using Numba extension API maybe depending on 'old_style' error-capturing, which is deprecated and will be replaced by 'new_style' in a future release. See details at https://numba.readthedocs.io/en/latest/reference/deprecation.html#deprecation-of-old-style-numba-captured-errors
2025-01-14T13:41:43.7833200Z   Exception origin:
2025-01-14T13:41:43.7833610Z     File "/Users/runner/micromamba/envs/tardis/lib/python3.12/inspect.py", line 3180, in _bind
2025-01-14T13:41:43.7834010Z       raise TypeError(msg) from None
2025-01-14T13:41:43.7834270Z   [0m[0m
2025-01-14T13:41:43.7834400Z 
2025-01-14T13:41:43.7834660Z tardis/visualization/tools/tests/test_sdec_plot.py::TestSDECPlotter::test_mpl_image[plotter_generate_plot_mpl4]
2025-01-14T13:41:43.7835330Z   /Users/runner/work/tardis/tardis/tardis/visualization/tools/sdec_plot.py:1225: RuntimeWarning:
2025-01-14T13:41:43.7835720Z   
2025-01-14T13:41:43.7836550Z   More than 20 figures have been opened. Figures created through the pyplot interface (`matplotlib.pyplot.figure`) are retained until explicitly closed and may consume too much memory. (To control this warning, see the rcParam `figure.max_open_warning`). Consider using `matplotlib.pyplot.close()`.
2025-01-14T13:41:43.7837360Z 
2025-01-14T13:41:43.7837700Z tardis/visualization/widgets/tests/test_custom_abundance.py::TestCustomAbundanceWidget::test_update_input_item_value
2025-01-14T13:41:43.7838400Z tardis/visualization/widgets/tests/test_custom_abundance.py::TestCustomAbundanceWidget::test_update_input_item_value
2025-01-14T13:41:43.7839020Z tardis/visualization/widgets/tests/test_custom_abundance.py::TestCustomAbundanceWidget::test_update_input_item_value
2025-01-14T13:41:43.7839910Z tardis/visualization/widgets/tests/test_custom_abundance.py::TestCustomAbundanceWidget::test_update_input_item_value
2025-01-14T13:41:43.7840560Z tardis/visualization/widgets/tests/test_custom_abundance.py::TestCustomAbundanceWidget::test_update_input_item_value
2025-01-14T13:41:43.7841200Z tardis/visualization/widgets/tests/test_custom_abundance.py::TestCustomAbundanceWidget::test_update_input_item_value
2025-01-14T13:41:43.7842470Z   /Users/runner/micromamba/envs/tardis/lib/python3.12/site-packages/traitlets/traitlets.py:1385: DeprecationWarning:
2025-01-14T13:41:43.7842880Z   
2025-01-14T13:41:43.7843160Z   Passing unrecognized arguments to super(Checkbox).__init__(icon='lock').
2025-01-14T13:41:43.7843520Z   object.__init__() takes exactly one argument (the instance to initialize)
2025-01-14T13:41:43.7843930Z   This is deprecated in traitlets 4.2.This error will be raised in a future release of traitlets.
2025-01-14T13:41:43.7844190Z 
2025-01-14T13:41:43.7844610Z tardis/visualization/widgets/tests/test_custom_abundance.py::TestCustomAbundanceWidget::test_update_input_item_value
2025-01-14T13:41:43.7845250Z tardis/visualization/widgets/tests/test_custom_abundance.py::TestCustomAbundanceWidget::test_update_input_item_value
2025-01-14T13:41:43.7845880Z   /Users/runner/micromamba/envs/tardis/lib/python3.12/site-packages/traitlets/traitlets.py:1385: DeprecationWarning:
2025-01-14T13:41:43.7846290Z   
2025-01-14T13:41:43.7846500Z   Passing unrecognized arguments to super(FloatText).__init__(min=0).
2025-01-14T13:41:43.7846850Z   object.__init__() takes exactly one argument (the instance to initialize)
2025-01-14T13:41:43.7847250Z   This is deprecated in traitlets 4.2.This error will be raised in a future release of traitlets.
2025-01-14T13:41:43.7847520Z 
2025-01-14T13:41:43.7848100Z tardis/visualization/widgets/tests/test_custom_abundance.py::TestCustomAbundanceWidget::test_update_input_item_value
2025-01-14T13:41:43.7848740Z   /Users/runner/micromamba/envs/tardis/lib/python3.12/site-packages/traitlets/traitlets.py:1385: DeprecationWarning:
2025-01-14T13:41:43.7849130Z   
2025-01-14T13:41:43.7849530Z   Passing unrecognized arguments to super(HTML).__init__(indent=True).
2025-01-14T13:41:43.7849940Z   object.__init__() takes exactly one argument (the instance to initialize)
2025-01-14T13:41:43.7850450Z   This is deprecated in traitlets 4.2.This error will be raised in a future release of traitlets.
2025-01-14T13:41:43.7850760Z 
2025-01-14T13:41:43.7851110Z tardis/visualization/widgets/tests/test_line_info.py::TestLineInfoWidgetData::test_get_species_interactions[wavelength_range0-packet_out_nu]
2025-01-14T13:41:43.7851920Z   /Users/runner/micromamba/envs/tardis/lib/python3.12/site-packages/qgridnext/grid.py:825: DeprecationWarning:
2025-01-14T13:41:43.7852470Z   
2025-01-14T13:41:43.7852850Z   QgridWidget._grid_options_changed is deprecated in traitlets 4.1: use @observe and @unobserve instead.
2025-01-14T13:41:43.7853230Z 
2025-01-14T13:41:43.7853440Z tardis/visualization/widgets/tests/test_shell_info.py::TestHDFShellInfo::test_shells_data
2025-01-14T13:41:43.7853950Z   /Users/runner/work/tardis/tardis/tardis/io/util.py:289: PerformanceWarning:
2025-01-14T13:41:43.7854430Z   
2025-01-14T13:41:43.7854550Z   
2025-01-14T13:41:43.7854830Z   your performance may suffer as PyTables will pickle object types that it cannot
2025-01-14T13:41:43.7855370Z   map directly to c-types [inferred_type->mixed,key->block0_values] [items->Index([0], dtype='int64')]
2025-01-14T13:41:43.7855710Z 
2025-01-14T13:41:43.7855940Z tardis/visualization/widgets/tests/test_shell_info.py::TestHDFShellInfo::test_shells_data
2025-01-14T13:41:43.7856680Z   /Users/runner/work/tardis/tardis/tardis/io/util.py:292: PerformanceWarning:
2025-01-14T13:41:43.7857050Z   
2025-01-14T13:41:43.7857230Z   
2025-01-14T13:41:43.7857520Z   your performance may suffer as PyTables will pickle object types that it cannot
2025-01-14T13:41:43.7857930Z   map directly to c-types [inferred_type->mixed,key->values] [items->None]
2025-01-14T13:41:43.7858210Z 
2025-01-14T13:41:43.7858720Z tardis/visualization/widgets/tests/test_shell_info.py::TestHDFShellInfo::test_shells_data
2025-01-14T13:41:43.7859350Z   /Users/runner/work/tardis/tardis/tardis/spectrum/formal_integral.py:409: UserWarning:
2025-01-14T13:41:43.7859720Z   
2025-01-14T13:41:43.7860020Z   The number of interpolate_shells was not specified. The value was set to 80.
2025-01-14T13:41:43.7860290Z 
2025-01-14T13:41:43.7860530Z -- Docs: https://docs.pytest.org/en/stable/how-to/capture-warnings.html
2025-01-14T13:41:43.7860750Z 
2025-01-14T13:41:43.7860890Z ---------- coverage: platform darwin, python 3.12.4-final-0 ----------
2025-01-14T13:41:43.7861180Z Coverage HTML written to dir coverage_html_report
2025-01-14T13:41:43.7861410Z Coverage XML written to file coverage.xml
2025-01-14T13:41:43.7861560Z 
2025-01-14T13:41:43.7861750Z = 1438 passed, 329 skipped, 2 deselected, 19 xfailed, 8 xpassed, 91 warnings in 935.84s (0:15:35) =
2025-01-14T13:41:45.8447700Z ##[group]Run mv .coverage .coverage.0
2025-01-14T13:41:45.8447990Z [36;1mmv .coverage .coverage.0[0m
2025-01-14T13:41:45.9100760Z shell: /bin/bash -l {0}
2025-01-14T13:41:45.9101030Z env:
2025-01-14T13:41:45.9101300Z   CACHE_NUMBER: 0
2025-01-14T13:41:45.9102000Z   PYTEST_FLAGS: --tardis-regression-data=/Users/runner/work/tardis/tardis/tardis-regression-data --cov=tardis --cov-report=xml --cov-report=html --cov-append
2025-01-14T13:41:45.9102610Z   CODECOV_TOKEN: 
2025-01-14T13:41:45.9102790Z   MAMBA_ROOT_PREFIX: /Users/runner/micromamba
2025-01-14T13:41:45.9103110Z   MAMBA_EXE: /Users/runner/micromamba-bin/micromamba
2025-01-14T13:41:45.9103460Z   CONDARC: /Users/runner/work/_temp/setup-micromamba/.condarc
2025-01-14T13:41:45.9103750Z ##[endgroup]
2025-01-14T13:41:46.2491090Z ##[group]Run actions/upload-artifact@v4
2025-01-14T13:41:46.2491500Z with:
2025-01-14T13:41:46.2491670Z   name: coverage-not-continuum-macos-latest
2025-01-14T13:41:46.2491900Z   include-hidden-files: true
2025-01-14T13:41:46.2492090Z   path: .coverage*
!.coveragerc

2025-01-14T13:41:46.2492280Z   if-no-files-found: warn
2025-01-14T13:41:46.2492450Z   compression-level: 6
2025-01-14T13:41:46.2492620Z   overwrite: false
2025-01-14T13:41:46.2492760Z env:
2025-01-14T13:41:46.2492900Z   CACHE_NUMBER: 0
2025-01-14T13:41:46.2493380Z   PYTEST_FLAGS: --tardis-regression-data=/Users/runner/work/tardis/tardis/tardis-regression-data --cov=tardis --cov-report=xml --cov-report=html --cov-append
2025-01-14T13:41:46.2493880Z   CODECOV_TOKEN: 
2025-01-14T13:41:46.2494060Z   MAMBA_ROOT_PREFIX: /Users/runner/micromamba
2025-01-14T13:41:46.2494310Z   MAMBA_EXE: /Users/runner/micromamba-bin/micromamba
2025-01-14T13:41:46.2494590Z   CONDARC: /Users/runner/work/_temp/setup-micromamba/.condarc
2025-01-14T13:41:46.2494880Z ##[endgroup]
2025-01-14T13:41:46.6636010Z With the provided path, there will be 2 files uploaded
2025-01-14T13:41:46.6638750Z Artifact name is valid!
2025-01-14T13:41:46.6639440Z Root directory input is valid!
2025-01-14T13:41:46.8476000Z Beginning upload of artifact content to blob storage
2025-01-14T13:41:47.1467460Z Uploaded bytes 28820
2025-01-14T13:41:47.1922570Z Finished uploading artifact content to blob storage!
2025-01-14T13:41:47.1924910Z SHA256 hash of uploaded artifact zip is a1aee758d0a71e5d234f85a13101b7642944dc239719077055ee8b9f1df6614e
2025-01-14T13:41:47.1926360Z Finalizing artifact upload
2025-01-14T13:41:47.2980380Z Artifact coverage-not-continuum-macos-latest.zip successfully finalized. Artifact ID 2428317724
2025-01-14T13:41:47.2982120Z Artifact coverage-not-continuum-macos-latest has been successfully uploaded! Final size is 28820 bytes. Artifact ID is 2428317724
2025-01-14T13:41:47.3005630Z Artifact download URL: https://github.com/tardis-sn/tardis/actions/runs/12768596543/artifacts/2428317724
2025-01-14T13:41:47.3239290Z Post job cleanup.
2025-01-14T13:41:47.3329490Z Post job cleanup.
2025-01-14T13:41:47.5333620Z Will use pre-installed micromamba at /Users/runner/micromamba-bin/micromamba
2025-01-14T13:41:47.5337970Z Removing micromamba run shell ...
2025-01-14T13:41:47.5341040Z ##[group]Deinitialize micromamba for bash
2025-01-14T13:41:47.5354690Z [command]/Users/runner/micromamba-bin/micromamba shell deinit -s bash -r /Users/runner/micromamba --log-level warning --rc-file /Users/runner/work/_temp/setup-micromamba/.condarc
2025-01-14T13:41:47.5508160Z Resetting RC file "/Users/runner/.bash_profile"
2025-01-14T13:41:47.5508640Z Deleting config for root prefix 
2025-01-14T13:41:47.5508900Z Clearing mamba executable environment variable
2025-01-14T13:41:47.5521060Z Removing the following in your "/Users/runner/.bash_profile" file
2025-01-14T13:41:47.5521370Z # >>> mamba initialize >>>
2025-01-14T13:41:47.5521670Z ...
2025-01-14T13:41:47.5521870Z # <<< mamba initialize <<<
2025-01-14T13:41:47.5551100Z Removing environment tardis from auto-activate bash ...
2025-01-14T13:41:47.5639420Z Post job cleanup.
2025-01-14T13:41:47.5699140Z Post job cleanup.
2025-01-14T13:41:47.7038950Z [command]/opt/homebrew/bin/git version
2025-01-14T13:41:47.7308500Z git version 2.47.1
2025-01-14T13:41:47.7343170Z Copying '/Users/runner/.gitconfig' to '/Users/runner/work/_temp/004e2c86-9511-4cda-b3fe-a3864f47026d/.gitconfig'
2025-01-14T13:41:47.7350860Z Temporarily overriding HOME='/Users/runner/work/_temp/004e2c86-9511-4cda-b3fe-a3864f47026d' before making global git config changes
2025-01-14T13:41:47.7351520Z Adding repository directory to the temporary git global config as a safe directory
2025-01-14T13:41:47.7354700Z [command]/opt/homebrew/bin/git config --global --add safe.directory /Users/runner/work/tardis/tardis/tardis-regression-data
2025-01-14T13:41:47.7562440Z [command]/opt/homebrew/bin/git config --local --name-only --get-regexp core\.sshCommand
2025-01-14T13:41:47.7563750Z [command]/opt/homebrew/bin/git submodule foreach --recursive sh -c "git config --local --name-only --get-regexp 'core\.sshCommand' && git config --local --unset-all 'core.sshCommand' || :"
2025-01-14T13:41:47.8713410Z [command]/opt/homebrew/bin/git config --local --name-only --get-regexp http\.https\:\/\/github\.com\/\.extraheader
2025-01-14T13:41:47.8759260Z http.https://github.com/.extraheader
2025-01-14T13:41:47.8768980Z [command]/opt/homebrew/bin/git config --local --unset-all http.https://github.com/.extraheader
2025-01-14T13:41:47.8829090Z [command]/opt/homebrew/bin/git submodule foreach --recursive sh -c "git config --local --name-only --get-regexp 'http\.https\:\/\/github\.com\/\.extraheader' && git config --local --unset-all 'http.https://github.com/.extraheader' || :"
2025-01-14T13:41:47.9574570Z Post job cleanup.
2025-01-14T13:41:48.0695240Z [command]/opt/homebrew/bin/git version
2025-01-14T13:41:48.0758810Z git version 2.47.1
2025-01-14T13:41:48.0780950Z Copying '/Users/runner/.gitconfig' to '/Users/runner/work/_temp/fb6cc0cd-25ad-4128-917d-0339f0b2cf8e/.gitconfig'
2025-01-14T13:41:48.0787850Z Temporarily overriding HOME='/Users/runner/work/_temp/fb6cc0cd-25ad-4128-917d-0339f0b2cf8e' before making global git config changes
2025-01-14T13:41:48.0788650Z Adding repository directory to the temporary git global config as a safe directory
2025-01-14T13:41:48.0791830Z [command]/opt/homebrew/bin/git config --global --add safe.directory /Users/runner/work/tardis/tardis
2025-01-14T13:41:48.0853550Z [command]/opt/homebrew/bin/git config --local --name-only --get-regexp core\.sshCommand
2025-01-14T13:41:48.0898070Z [command]/opt/homebrew/bin/git submodule foreach --recursive sh -c "git config --local --name-only --get-regexp 'core\.sshCommand' && git config --local --unset-all 'core.sshCommand' || :"
2025-01-14T13:41:48.1529900Z [command]/opt/homebrew/bin/git config --local --name-only --get-regexp http\.https\:\/\/github\.com\/\.extraheader
2025-01-14T13:41:48.1567100Z http.https://github.com/.extraheader
2025-01-14T13:41:48.1575190Z [command]/opt/homebrew/bin/git config --local --unset-all http.https://github.com/.extraheader
2025-01-14T13:41:48.1625290Z [command]/opt/homebrew/bin/git submodule foreach --recursive sh -c "git config --local --name-only --get-regexp 'http\.https\:\/\/github\.com\/\.extraheader' && git config --local --unset-all 'http.https://github.com/.extraheader' || :"
2025-01-14T13:41:48.2607490Z Cleaning up orphan processes
