2025-01-20T13:41:31.0838825Z Prepare all required actions
2025-01-20T13:41:31.0840335Z Getting action download info
2025-01-20T13:41:31.2205677Z Download action repository 'actions/cache@v4' (SHA:1bd1e32a3bdc45362d1e726936510720a7c30a57)
2025-01-20T13:41:31.3521694Z ##[group]Run ./.github/actions/setup_lfs
2025-01-20T13:41:31.3522049Z with:
2025-01-20T13:41:31.3522335Z   regression-data-repo: tardis-sn/tardis-regression-data
2025-01-20T13:41:31.3522666Z env:
2025-01-20T13:41:31.3522907Z   CACHE_NUMBER: 0
2025-01-20T13:41:31.3523576Z   PYTEST_FLAGS: --tardis-regression-data=/home/runner/work/tardis/tardis/tardis-regression-data --cov=tardis --cov-report=xml --cov-report=html --cov-append
2025-01-20T13:41:31.3524280Z   CODECOV_TOKEN: 
2025-01-20T13:41:31.3524506Z ##[endgroup]
2025-01-20T13:41:31.3647271Z ##[group]Run actions/checkout@v4
2025-01-20T13:41:31.3647567Z with:
2025-01-20T13:41:31.3647835Z   repository: atharva-2001/tardis-regression-data
2025-01-20T13:41:31.3648168Z   path: tardis-regression-data
2025-01-20T13:41:31.3648429Z   ref: numpy_v2_2
2025-01-20T13:41:31.3648855Z   token: ***
2025-01-20T13:41:31.3649070Z   ssh-strict: true
2025-01-20T13:41:31.3649295Z   ssh-user: git
2025-01-20T13:41:31.3649521Z   persist-credentials: true
2025-01-20T13:41:31.3649779Z   clean: true
2025-01-20T13:41:31.3650010Z   sparse-checkout-cone-mode: true
2025-01-20T13:41:31.3650278Z   fetch-depth: 1
2025-01-20T13:41:31.3650502Z   fetch-tags: false
2025-01-20T13:41:31.3650730Z   show-progress: true
2025-01-20T13:41:31.3650965Z   lfs: false
2025-01-20T13:41:31.3651176Z   submodules: false
2025-01-20T13:41:31.3651404Z   set-safe-directory: true
2025-01-20T13:41:31.3651639Z env:
2025-01-20T13:41:31.3651831Z   CACHE_NUMBER: 0
2025-01-20T13:41:31.3652486Z   PYTEST_FLAGS: --tardis-regression-data=/home/runner/work/tardis/tardis/tardis-regression-data --cov=tardis --cov-report=xml --cov-report=html --cov-append
2025-01-20T13:41:31.3653165Z   CODECOV_TOKEN: 
2025-01-20T13:41:31.3653385Z ##[endgroup]
2025-01-20T13:41:31.4574660Z Syncing repository: atharva-2001/tardis-regression-data
2025-01-20T13:41:31.4581631Z ##[group]Getting Git version info
2025-01-20T13:41:31.4582444Z Working directory is '/home/runner/work/tardis/tardis/tardis-regression-data'
2025-01-20T13:41:31.4627750Z [command]/usr/bin/git version
2025-01-20T13:41:31.4669344Z git version 2.47.1
2025-01-20T13:41:31.4694419Z ##[endgroup]
2025-01-20T13:41:31.4707885Z Temporarily overriding HOME='/home/runner/work/_temp/a96f930e-d38d-48f9-a29b-3f63f456c3b2' before making global git config changes
2025-01-20T13:41:31.4709280Z Adding repository directory to the temporary git global config as a safe directory
2025-01-20T13:41:31.4713173Z [command]/usr/bin/git config --global --add safe.directory /home/runner/work/tardis/tardis/tardis-regression-data
2025-01-20T13:41:31.4742254Z ##[group]Initializing the repository
2025-01-20T13:41:31.4747308Z [command]/usr/bin/git init /home/runner/work/tardis/tardis/tardis-regression-data
2025-01-20T13:41:31.4782630Z hint: Using 'master' as the name for the initial branch. This default branch name
2025-01-20T13:41:31.4783790Z hint: is subject to change. To configure the initial branch name to use in all
2025-01-20T13:41:31.4784834Z hint: of your new repositories, which will suppress this warning, call:
2025-01-20T13:41:31.4785570Z hint:
2025-01-20T13:41:31.4786080Z hint: 	git config --global init.defaultBranch <name>
2025-01-20T13:41:31.4786888Z hint:
2025-01-20T13:41:31.4787547Z hint: Names commonly chosen instead of 'master' are 'main', 'trunk' and
2025-01-20T13:41:31.4788796Z hint: 'development'. The just-created branch can be renamed via this command:
2025-01-20T13:41:31.4789489Z hint:
2025-01-20T13:41:31.4789881Z hint: 	git branch -m <name>
2025-01-20T13:41:31.4790724Z Initialized empty Git repository in /home/runner/work/tardis/tardis/tardis-regression-data/.git/
2025-01-20T13:41:31.4795432Z [command]/usr/bin/git remote add origin https://github.com/atharva-2001/tardis-regression-data
2025-01-20T13:41:31.4823858Z ##[endgroup]
2025-01-20T13:41:31.4824338Z ##[group]Disabling automatic garbage collection
2025-01-20T13:41:31.4828764Z [command]/usr/bin/git config --local gc.auto 0
2025-01-20T13:41:31.4855964Z ##[endgroup]
2025-01-20T13:41:31.4856790Z ##[group]Setting up auth
2025-01-20T13:41:31.4862710Z [command]/usr/bin/git config --local --name-only --get-regexp core\.sshCommand
2025-01-20T13:41:31.4893466Z [command]/usr/bin/git submodule foreach --recursive sh -c "git config --local --name-only --get-regexp 'core\.sshCommand' && git config --local --unset-all 'core.sshCommand' || :"
2025-01-20T13:41:31.5117522Z [command]/usr/bin/git config --local --name-only --get-regexp http\.https\:\/\/github\.com\/\.extraheader
2025-01-20T13:41:31.5145867Z [command]/usr/bin/git submodule foreach --recursive sh -c "git config --local --name-only --get-regexp 'http\.https\:\/\/github\.com\/\.extraheader' && git config --local --unset-all 'http.https://github.com/.extraheader' || :"
2025-01-20T13:41:31.5376020Z [command]/usr/bin/git config --local http.https://github.com/.extraheader AUTHORIZATION: basic ***
2025-01-20T13:41:31.5411583Z ##[endgroup]
2025-01-20T13:41:31.5412412Z ##[group]Fetching the repository
2025-01-20T13:41:31.5421527Z [command]/usr/bin/git -c protocol.version=2 fetch --no-tags --prune --no-recurse-submodules --depth=1 origin +refs/heads/numpy_v2_2*:refs/remotes/origin/numpy_v2_2* +refs/tags/numpy_v2_2*:refs/tags/numpy_v2_2*
2025-01-20T13:41:31.9335072Z From https://github.com/atharva-2001/tardis-regression-data
2025-01-20T13:41:31.9336012Z  * [new branch]      numpy_v2_2 -> origin/numpy_v2_2
2025-01-20T13:41:31.9365471Z ##[endgroup]
2025-01-20T13:41:31.9366505Z ##[group]Determining the checkout info
2025-01-20T13:41:31.9373959Z [command]/usr/bin/git branch --list --remote origin/numpy_v2_2
2025-01-20T13:41:31.9397778Z   origin/numpy_v2_2
2025-01-20T13:41:31.9403930Z ##[endgroup]
2025-01-20T13:41:31.9408797Z [command]/usr/bin/git sparse-checkout disable
2025-01-20T13:41:31.9445212Z [command]/usr/bin/git config --local --unset-all extensions.worktreeConfig
2025-01-20T13:41:31.9473050Z ##[group]Checking out the ref
2025-01-20T13:41:31.9477700Z [command]/usr/bin/git checkout --progress --force -B numpy_v2_2 refs/remotes/origin/numpy_v2_2
2025-01-20T13:41:32.7886977Z Switched to a new branch 'numpy_v2_2'
2025-01-20T13:41:32.7887864Z branch 'numpy_v2_2' set up to track 'origin/numpy_v2_2'.
2025-01-20T13:41:32.8140866Z ##[endgroup]
2025-01-20T13:41:32.8179066Z [command]/usr/bin/git log -1 --format=%H
2025-01-20T13:41:32.8201968Z 1b733c351f2eb90190b8c0228dc6b4d32242ad4e
2025-01-20T13:41:32.8338518Z ##[group]Run git lfs ls-files -l | cut -d' ' -f1 | sort > .lfs-assets-id
2025-01-20T13:41:32.8339060Z [36;1mgit lfs ls-files -l | cut -d' ' -f1 | sort > .lfs-assets-id[0m
2025-01-20T13:41:32.8370921Z shell: /usr/bin/bash --noprofile --norc -e -o pipefail {0}
2025-01-20T13:41:32.8371258Z env:
2025-01-20T13:41:32.8371427Z   CACHE_NUMBER: 0
2025-01-20T13:41:32.8372052Z   PYTEST_FLAGS: --tardis-regression-data=/home/runner/work/tardis/tardis/tardis-regression-data --cov=tardis --cov-report=xml --cov-report=html --cov-append
2025-01-20T13:41:32.8372732Z   CODECOV_TOKEN: 
2025-01-20T13:41:32.8372920Z ##[endgroup]
2025-01-20T13:41:32.9948730Z ##[group]Run actions/cache/restore@v4
2025-01-20T13:41:32.9949080Z with:
2025-01-20T13:41:32.9949308Z   path: tardis-regression-data/.git/lfs
2025-01-20T13:41:32.9949844Z   key: Linux-lfs-da2b5f2a10e913c6b13843a5855aea2bb20264b467d915063c23fa8ba1af31fb-v1
2025-01-20T13:41:32.9950383Z   enableCrossOsArchive: false
2025-01-20T13:41:32.9950962Z   fail-on-cache-miss: false
2025-01-20T13:41:32.9951240Z   lookup-only: false
2025-01-20T13:41:32.9951473Z env:
2025-01-20T13:41:32.9951667Z   CACHE_NUMBER: 0
2025-01-20T13:41:32.9952454Z   PYTEST_FLAGS: --tardis-regression-data=/home/runner/work/tardis/tardis/tardis-regression-data --cov=tardis --cov-report=xml --cov-report=html --cov-append
2025-01-20T13:41:32.9953288Z   CODECOV_TOKEN: 
2025-01-20T13:41:32.9953505Z ##[endgroup]
2025-01-20T13:41:33.2901784Z Cache not found for input keys: Linux-lfs-da2b5f2a10e913c6b13843a5855aea2bb20264b467d915063c23fa8ba1af31fb-v1
2025-01-20T13:41:33.3018882Z ##[group]Run git lfs pull
2025-01-20T13:41:33.3019140Z [36;1mgit lfs pull[0m
2025-01-20T13:41:33.3045427Z shell: /usr/bin/bash --noprofile --norc -e -o pipefail {0}
2025-01-20T13:41:33.3045767Z env:
2025-01-20T13:41:33.3045965Z   CACHE_NUMBER: 0
2025-01-20T13:41:33.3046680Z   PYTEST_FLAGS: --tardis-regression-data=/home/runner/work/tardis/tardis/tardis-regression-data --cov=tardis --cov-report=xml --cov-report=html --cov-append
2025-01-20T13:41:33.3047386Z   CODECOV_TOKEN: 
2025-01-20T13:41:33.3047566Z ##[endgroup]
