2025-01-09T08:46:35.6019304Z Requested labels: macos-latest
2025-01-09T08:46:35.6019570Z Job defined at: tardis-sn/tardis/.github/workflows/tests.yml@refs/heads/master
2025-01-09T08:46:35.6019710Z Waiting for a runner to pick up this job...
2025-01-09T08:46:35.8460558Z Job is waiting for a hosted runner to come online.
2025-01-09T08:46:39.4549781Z Job is about to start running on the hosted runner: GitHub Actions 7 (hosted)
2025-01-09T08:46:40.4148950Z Current runner version: '2.321.0'
2025-01-09T08:46:40.4162790Z ##[group]Operating System
2025-01-09T08:46:40.4163250Z macOS
2025-01-09T08:46:40.4163570Z 14.7.2
2025-01-09T08:46:40.4163870Z 23H311
2025-01-09T08:46:40.4164200Z ##[endgroup]
2025-01-09T08:46:40.4164510Z ##[group]Runner Image
2025-01-09T08:46:40.4164970Z Image: macos-14-arm64
2025-01-09T08:46:40.4165290Z Version: 20250106.725
2025-01-09T08:46:40.4165970Z Included Software: https://github.com/actions/runner-images/blob/macos-14-arm64/20250106.725/images/macos/macos-14-arm64-Readme.md
2025-01-09T08:46:40.4166950Z Image Release: https://github.com/actions/runner-images/releases/tag/macos-14-arm64%2F20250106.725
2025-01-09T08:46:40.4167530Z ##[endgroup]
2025-01-09T08:46:40.4167850Z ##[group]Runner Image Provisioner
2025-01-09T08:46:40.4168340Z 2.0.404.1+573eac7f0cc07d6bb82d8b9bf5e1ffa69a554644
2025-01-09T08:46:40.4168750Z ##[endgroup]
2025-01-09T08:46:40.4170200Z ##[group]GITHUB_TOKEN Permissions
2025-01-09T08:46:40.4171290Z Actions: write
2025-01-09T08:46:40.4171620Z Attestations: write
2025-01-09T08:46:40.4171940Z Checks: write
2025-01-09T08:46:40.4172350Z Contents: write
2025-01-09T08:46:40.4172670Z Deployments: write
2025-01-09T08:46:40.4172990Z Discussions: write
2025-01-09T08:46:40.4173300Z Issues: write
2025-01-09T08:46:40.4173630Z Metadata: read
2025-01-09T08:46:40.4173950Z Packages: write
2025-01-09T08:46:40.4174250Z Pages: write
2025-01-09T08:46:40.4174550Z PullRequests: write
2025-01-09T08:46:40.4174890Z RepositoryProjects: write
2025-01-09T08:46:40.4175330Z SecurityEvents: write
2025-01-09T08:46:40.4175660Z Statuses: write
2025-01-09T08:46:40.4175980Z ##[endgroup]
2025-01-09T08:46:40.4177670Z Secret source: Actions
2025-01-09T08:46:40.4178050Z Prepare workflow directory
2025-01-09T08:46:40.4549160Z Prepare all required actions
2025-01-09T08:46:40.4574660Z Getting action download info
2025-01-09T08:46:40.6095910Z Download action repository 'actions/checkout@v4' (SHA:11bd71901bbe5b1630ceea73d27597364c9af683)
2025-01-09T08:46:40.9075600Z Download action repository 'actions/upload-artifact@v4' (SHA:6f51ac03b9356f520e9adb1b1b7802705f340c2b)
2025-01-09T08:46:41.0351830Z Complete job name:  continuum macos-latest 
2025-01-09T08:46:41.0705620Z ##[group]Run actions/checkout@v4
2025-01-09T08:46:41.0706260Z with:
2025-01-09T08:46:41.0706630Z   repository: tardis-sn/tardis
2025-01-09T08:46:41.0707330Z   token: ***
2025-01-09T08:46:41.0707630Z   ssh-strict: true
2025-01-09T08:46:41.0707920Z   ssh-user: git
2025-01-09T08:46:41.0708210Z   persist-credentials: true
2025-01-09T08:46:41.0708560Z   clean: true
2025-01-09T08:46:41.0708840Z   sparse-checkout-cone-mode: true
2025-01-09T08:46:41.0709340Z   fetch-depth: 1
2025-01-09T08:46:41.0709650Z   fetch-tags: false
2025-01-09T08:46:41.0710050Z   show-progress: true
2025-01-09T08:46:41.0710490Z   lfs: false
2025-01-09T08:46:41.0710820Z   submodules: false
2025-01-09T08:46:41.0711250Z   set-safe-directory: true
2025-01-09T08:46:41.0711790Z env:
2025-01-09T08:46:41.0712060Z   CACHE_NUMBER: 0
2025-01-09T08:46:41.0712860Z   PYTEST_FLAGS: --tardis-regression-data=/Users/runner/work/tardis/tardis/tardis-regression-data --cov=tardis --cov-report=xml --cov-report=html --cov-append
2025-01-09T08:46:41.0714250Z   CODECOV_TOKEN: ***
2025-01-09T08:46:41.0714560Z ##[endgroup]
2025-01-09T08:46:41.4440230Z Syncing repository: tardis-sn/tardis
2025-01-09T08:46:41.4441510Z ##[group]Getting Git version info
2025-01-09T08:46:41.4442130Z Working directory is '/Users/runner/work/tardis/tardis'
2025-01-09T08:46:41.4442810Z [command]/opt/homebrew/bin/git version
2025-01-09T08:46:41.4947230Z git version 2.47.1
2025-01-09T08:46:41.4976570Z ##[endgroup]
2025-01-09T08:46:41.4984050Z Copying '/Users/runner/.gitconfig' to '/Users/runner/work/_temp/6c34a589-d48b-405f-81a8-46efcd9ae4b1/.gitconfig'
2025-01-09T08:46:41.4996110Z Temporarily overriding HOME='/Users/runner/work/_temp/6c34a589-d48b-405f-81a8-46efcd9ae4b1' before making global git config changes
2025-01-09T08:46:41.4997030Z Adding repository directory to the temporary git global config as a safe directory
2025-01-09T08:46:41.5000130Z [command]/opt/homebrew/bin/git config --global --add safe.directory /Users/runner/work/tardis/tardis
2025-01-09T08:46:41.5096710Z Deleting the contents of '/Users/runner/work/tardis/tardis'
2025-01-09T08:46:41.5099070Z ##[group]Initializing the repository
2025-01-09T08:46:41.5104340Z [command]/opt/homebrew/bin/git init /Users/runner/work/tardis/tardis
2025-01-09T08:46:41.5270020Z hint: Using 'master' as the name for the initial branch. This default branch name
2025-01-09T08:46:41.5271160Z hint: is subject to change. To configure the initial branch name to use in all
2025-01-09T08:46:41.5272080Z hint: of your new repositories, which will suppress this warning, call:
2025-01-09T08:46:41.5272570Z hint:
2025-01-09T08:46:41.5272940Z hint: 	git config --global init.defaultBranch <name>
2025-01-09T08:46:41.5273380Z hint:
2025-01-09T08:46:41.5273780Z hint: Names commonly chosen instead of 'master' are 'main', 'trunk' and
2025-01-09T08:46:41.5274980Z hint: 'development'. The just-created branch can be renamed via this command:
2025-01-09T08:46:41.5275520Z hint:
2025-01-09T08:46:41.5275800Z hint: 	git branch -m <name>
2025-01-09T08:46:41.5276290Z Initialized empty Git repository in /Users/runner/work/tardis/tardis/.git/
2025-01-09T08:46:41.5278400Z [command]/opt/homebrew/bin/git remote add origin https://github.com/tardis-sn/tardis
2025-01-09T08:46:41.5376880Z ##[endgroup]
2025-01-09T08:46:41.5377700Z ##[group]Disabling automatic garbage collection
2025-01-09T08:46:41.5378280Z [command]/opt/homebrew/bin/git config --local gc.auto 0
2025-01-09T08:46:41.5394930Z ##[endgroup]
2025-01-09T08:46:41.5395480Z ##[group]Setting up auth
2025-01-09T08:46:41.5401330Z [command]/opt/homebrew/bin/git config --local --name-only --get-regexp core\.sshCommand
2025-01-09T08:46:41.5443260Z [command]/opt/homebrew/bin/git submodule foreach --recursive sh -c "git config --local --name-only --get-regexp 'core\.sshCommand' && git config --local --unset-all 'core.sshCommand' || :"
2025-01-09T08:46:41.6912970Z [command]/opt/homebrew/bin/git config --local --name-only --get-regexp http\.https\:\/\/github\.com\/\.extraheader
2025-01-09T08:46:41.6958270Z [command]/opt/homebrew/bin/git submodule foreach --recursive sh -c "git config --local --name-only --get-regexp 'http\.https\:\/\/github\.com\/\.extraheader' && git config --local --unset-all 'http.https://github.com/.extraheader' || :"
2025-01-09T08:46:41.7459100Z [command]/opt/homebrew/bin/git config --local http.https://github.com/.extraheader AUTHORIZATION: basic ***
2025-01-09T08:46:41.7527400Z ##[endgroup]
2025-01-09T08:46:41.7527950Z ##[group]Fetching the repository
2025-01-09T08:46:41.7535580Z [command]/opt/homebrew/bin/git -c protocol.version=2 fetch --no-tags --prune --no-recurse-submodules --depth=1 origin +0fc2c76326b8122f88ddaf369f17a637bbe37c63:refs/remotes/origin/master
2025-01-09T08:46:44.2529880Z From https://github.com/tardis-sn/tardis
2025-01-09T08:46:44.2530660Z  * [new ref]         0fc2c76326b8122f88ddaf369f17a637bbe37c63 -> origin/master
2025-01-09T08:46:44.2580680Z ##[endgroup]
2025-01-09T08:46:44.2581120Z ##[group]Determining the checkout info
2025-01-09T08:46:44.2581630Z ##[endgroup]
2025-01-09T08:46:44.2585070Z [command]/opt/homebrew/bin/git sparse-checkout disable
2025-01-09T08:46:44.2639560Z [command]/opt/homebrew/bin/git config --local --unset-all extensions.worktreeConfig
2025-01-09T08:46:44.2680500Z ##[group]Checking out the ref
2025-01-09T08:46:44.2682890Z [command]/opt/homebrew/bin/git checkout --progress --force -B master refs/remotes/origin/master
2025-01-09T08:46:44.4566420Z Reset branch 'master'
2025-01-09T08:46:44.4571950Z branch 'master' set up to track 'origin/master'.
2025-01-09T08:46:44.4580000Z ##[endgroup]
2025-01-09T08:46:44.4640930Z [command]/opt/homebrew/bin/git log -1 --format=%H
2025-01-09T08:46:44.4679280Z 0fc2c76326b8122f88ddaf369f17a637bbe37c63
2025-01-09T08:46:44.4882580Z Prepare all required actions
2025-01-09T08:46:44.4883110Z Getting action download info
2025-01-09T08:46:44.6632150Z Download action repository 'actions/cache@v4' (SHA:1bd1e32a3bdc45362d1e726936510720a7c30a57)
2025-01-09T08:46:44.7652190Z ##[group]Run ./.github/actions/setup_lfs
2025-01-09T08:46:44.7652450Z with:
2025-01-09T08:46:44.7652700Z   regression-data-repo: tardis-sn/tardis-regression-data
2025-01-09T08:46:44.7652980Z env:
2025-01-09T08:46:44.7653140Z   CACHE_NUMBER: 0
2025-01-09T08:46:44.7653900Z   PYTEST_FLAGS: --tardis-regression-data=/Users/runner/work/tardis/tardis/tardis-regression-data --cov=tardis --cov-report=xml --cov-report=html --cov-append
2025-01-09T08:46:44.7654760Z   CODECOV_TOKEN: ***
2025-01-09T08:46:44.7654990Z ##[endgroup]
2025-01-09T08:46:44.7789870Z ##[group]Run actions/checkout@v4
2025-01-09T08:46:44.7790130Z with:
2025-01-09T08:46:44.7790340Z   repository: tardis-sn/tardis-regression-data
2025-01-09T08:46:44.7790600Z   path: tardis-regression-data
2025-01-09T08:46:44.7791000Z   token: ***
2025-01-09T08:46:44.7791200Z   ssh-strict: true
2025-01-09T08:46:44.7791380Z   ssh-user: git
2025-01-09T08:46:44.7791600Z   persist-credentials: true
2025-01-09T08:46:44.7791830Z   clean: true
2025-01-09T08:46:44.7792020Z   sparse-checkout-cone-mode: true
2025-01-09T08:46:44.7792240Z   fetch-depth: 1
2025-01-09T08:46:44.7792450Z   fetch-tags: false
2025-01-09T08:46:44.7792650Z   show-progress: true
2025-01-09T08:46:44.7792830Z   lfs: false
2025-01-09T08:46:44.7793030Z   submodules: false
2025-01-09T08:46:44.7793260Z   set-safe-directory: true
2025-01-09T08:46:44.7793470Z env:
2025-01-09T08:46:44.7793640Z   CACHE_NUMBER: 0
2025-01-09T08:46:44.7794190Z   PYTEST_FLAGS: --tardis-regression-data=/Users/runner/work/tardis/tardis/tardis-regression-data --cov=tardis --cov-report=xml --cov-report=html --cov-append
2025-01-09T08:46:44.7794790Z   CODECOV_TOKEN: ***
2025-01-09T08:46:44.7794980Z ##[endgroup]
2025-01-09T08:46:44.8751980Z Syncing repository: tardis-sn/tardis-regression-data
2025-01-09T08:46:44.8754520Z ##[group]Getting Git version info
2025-01-09T08:46:44.8754950Z Working directory is '/Users/runner/work/tardis/tardis/tardis-regression-data'
2025-01-09T08:46:44.8781230Z [command]/opt/homebrew/bin/git version
2025-01-09T08:46:44.8825410Z git version 2.47.1
2025-01-09T08:46:44.8838420Z ##[endgroup]
2025-01-09T08:46:44.8843220Z Copying '/Users/runner/.gitconfig' to '/Users/runner/work/_temp/5569cdc1-077f-4a6b-9ce0-29df1e49909d/.gitconfig'
2025-01-09T08:46:44.8853550Z Temporarily overriding HOME='/Users/runner/work/_temp/5569cdc1-077f-4a6b-9ce0-29df1e49909d' before making global git config changes
2025-01-09T08:46:44.8854430Z Adding repository directory to the temporary git global config as a safe directory
2025-01-09T08:46:44.8856080Z [command]/opt/homebrew/bin/git config --global --add safe.directory /Users/runner/work/tardis/tardis/tardis-regression-data
2025-01-09T08:46:44.8898210Z ##[group]Initializing the repository
2025-01-09T08:46:44.8901290Z [command]/opt/homebrew/bin/git init /Users/runner/work/tardis/tardis/tardis-regression-data
2025-01-09T08:46:44.8960810Z hint: Using 'master' as the name for the initial branch. This default branch name
2025-01-09T08:46:44.8961860Z hint: is subject to change. To configure the initial branch name to use in all
2025-01-09T08:46:44.8962750Z hint: of your new repositories, which will suppress this warning, call:
2025-01-09T08:46:44.8964230Z hint:
2025-01-09T08:46:44.8964650Z hint: 	git config --global init.defaultBranch <name>
2025-01-09T08:46:44.8965590Z hint:
2025-01-09T08:46:44.8965970Z hint: Names commonly chosen instead of 'master' are 'main', 'trunk' and
2025-01-09T08:46:44.8966530Z hint: 'development'. The just-created branch can be renamed via this command:
2025-01-09T08:46:44.8966960Z hint:
2025-01-09T08:46:44.8967230Z hint: 	git branch -m <name>
2025-01-09T08:46:44.8967810Z Initialized empty Git repository in /Users/runner/work/tardis/tardis/tardis-regression-data/.git/
2025-01-09T08:46:44.8969770Z [command]/opt/homebrew/bin/git remote add origin https://github.com/tardis-sn/tardis-regression-data
2025-01-09T08:46:44.9009220Z ##[endgroup]
2025-01-09T08:46:44.9009770Z ##[group]Disabling automatic garbage collection
2025-01-09T08:46:44.9010910Z [command]/opt/homebrew/bin/git config --local gc.auto 0
2025-01-09T08:46:44.9100880Z ##[endgroup]
2025-01-09T08:46:44.9132720Z ##[group]Setting up auth
2025-01-09T08:46:44.9135470Z [command]/opt/homebrew/bin/git config --local --name-only --get-regexp core\.sshCommand
2025-01-09T08:46:44.9149740Z [command]/opt/homebrew/bin/git submodule foreach --recursive sh -c "git config --local --name-only --get-regexp 'core\.sshCommand' && git config --local --unset-all 'core.sshCommand' || :"
2025-01-09T08:46:44.9567840Z [command]/opt/homebrew/bin/git config --local --name-only --get-regexp http\.https\:\/\/github\.com\/\.extraheader
2025-01-09T08:46:44.9608760Z [command]/opt/homebrew/bin/git submodule foreach --recursive sh -c "git config --local --name-only --get-regexp 'http\.https\:\/\/github\.com\/\.extraheader' && git config --local --unset-all 'http.https://github.com/.extraheader' || :"
2025-01-09T08:46:45.0280950Z [command]/opt/homebrew/bin/git config --local http.https://github.com/.extraheader AUTHORIZATION: basic ***
2025-01-09T08:46:45.0790510Z ##[endgroup]
2025-01-09T08:46:45.0902100Z ##[group]Determining the default branch
2025-01-09T08:46:45.1003850Z Retrieving the default branch name
2025-01-09T08:46:45.5350810Z Default branch 'main'
2025-01-09T08:46:45.5352330Z ##[endgroup]
2025-01-09T08:46:45.5352960Z ##[group]Fetching the repository
2025-01-09T08:46:45.5356650Z [command]/opt/homebrew/bin/git -c protocol.version=2 fetch --no-tags --prune --no-recurse-submodules --depth=1 origin +refs/heads/main:refs/remotes/origin/main
2025-01-09T08:46:46.5761210Z From https://github.com/tardis-sn/tardis-regression-data
2025-01-09T08:46:46.5861990Z  * [new branch]      main       -> origin/main
2025-01-09T08:46:46.6166220Z ##[endgroup]
2025-01-09T08:46:46.6267480Z ##[group]Determining the checkout info
2025-01-09T08:46:46.6368640Z ##[endgroup]
2025-01-09T08:46:46.6470070Z [command]/opt/homebrew/bin/git sparse-checkout disable
2025-01-09T08:46:46.6772870Z [command]/opt/homebrew/bin/git config --local --unset-all extensions.worktreeConfig
2025-01-09T08:46:46.6952290Z ##[group]Checking out the ref
2025-01-09T08:46:46.6990930Z [command]/opt/homebrew/bin/git checkout --progress --force -B main refs/remotes/origin/main
2025-01-09T08:46:46.8020300Z Switched to a new branch 'main'
2025-01-09T08:46:46.8022500Z branch 'main' set up to track 'origin/main'.
2025-01-09T08:46:46.8818380Z ##[endgroup]
2025-01-09T08:46:46.8949380Z [command]/opt/homebrew/bin/git log -1 --format=%H
2025-01-09T08:46:46.8951690Z 666ab8501c2b2aea30d05b8822e7ddbfca078d23
2025-01-09T08:46:46.9026790Z ##[group]Run git lfs ls-files -l | cut -d' ' -f1 | sort > .lfs-assets-id
2025-01-09T08:46:46.9027360Z [36;1mgit lfs ls-files -l | cut -d' ' -f1 | sort > .lfs-assets-id[0m
2025-01-09T08:46:46.9093860Z shell: /bin/bash --noprofile --norc -e -o pipefail {0}
2025-01-09T08:46:46.9094130Z env:
2025-01-09T08:46:46.9094260Z   CACHE_NUMBER: 0
2025-01-09T08:46:46.9094760Z   PYTEST_FLAGS: --tardis-regression-data=/Users/runner/work/tardis/tardis/tardis-regression-data --cov=tardis --cov-report=xml --cov-report=html --cov-append
2025-01-09T08:46:46.9095450Z   CODECOV_TOKEN: ***
2025-01-09T08:46:46.9095610Z ##[endgroup]
2025-01-09T08:46:47.1802210Z ##[group]Run actions/cache/restore@v4
2025-01-09T08:46:47.1802450Z with:
2025-01-09T08:46:47.1802590Z   path: tardis-regression-data/.git/lfs
2025-01-09T08:46:47.1802930Z   key: macOS-lfs-21f9fa4b6817cc69b9fae3598144724da7828e276a73bd17f47a2a49d9af090a-v1
2025-01-09T08:46:47.1803240Z   enableCrossOsArchive: false
2025-01-09T08:46:47.1803430Z   fail-on-cache-miss: false
2025-01-09T08:46:47.1803600Z   lookup-only: false
2025-01-09T08:46:47.1803760Z env:
2025-01-09T08:46:47.1803920Z   CACHE_NUMBER: 0
2025-01-09T08:46:47.1804680Z   PYTEST_FLAGS: --tardis-regression-data=/Users/runner/work/tardis/tardis/tardis-regression-data --cov=tardis --cov-report=xml --cov-report=html --cov-append
2025-01-09T08:46:47.1805360Z   CODECOV_TOKEN: ***
2025-01-09T08:46:47.1805500Z ##[endgroup]
2025-01-09T08:46:48.6913690Z Received 50331648 of 1706796060 (2.9%), 47.8 MBs/sec
2025-01-09T08:46:49.7059520Z Received 125829120 of 1706796060 (7.4%), 59.5 MBs/sec
2025-01-09T08:46:50.7062060Z Received 205520896 of 1706796060 (12.0%), 64.9 MBs/sec
2025-01-09T08:46:51.7072540Z Received 276824064 of 1706796060 (16.2%), 65.7 MBs/sec
2025-01-09T08:46:52.7074640Z Received 356515840 of 1706796060 (20.9%), 67.7 MBs/sec
2025-01-09T08:46:53.7107140Z Received 457179136 of 1706796060 (26.8%), 72.4 MBs/sec
2025-01-09T08:46:54.7148880Z Received 545259520 of 1706796060 (31.9%), 74.0 MBs/sec
2025-01-09T08:46:55.7131990Z Received 620756992 of 1706796060 (36.4%), 73.8 MBs/sec
2025-01-09T08:46:56.7135350Z Received 700448768 of 1706796060 (41.0%), 74.0 MBs/sec
2025-01-09T08:46:57.7143140Z Received 780140544 of 1706796060 (45.7%), 74.2 MBs/sec
2025-01-09T08:46:58.7144170Z Received 868220928 of 1706796060 (50.9%), 75.1 MBs/sec
2025-01-09T08:46:59.7153870Z Received 960495616 of 1706796060 (56.3%), 76.2 MBs/sec
2025-01-09T08:47:00.7154200Z Received 1048576000 of 1706796060 (61.4%), 76.8 MBs/sec
2025-01-09T08:47:01.7172350Z Received 1145044992 of 1706796060 (67.1%), 77.8 MBs/sec
2025-01-09T08:47:02.7203400Z Received 1233125376 of 1706796060 (72.2%), 78.2 MBs/sec
2025-01-09T08:47:03.7181530Z Received 1304428544 of 1706796060 (76.4%), 77.6 MBs/sec
2025-01-09T08:47:04.7189150Z Received 1384120320 of 1706796060 (81.1%), 77.5 MBs/sec
2025-01-09T08:47:05.7321430Z Received 1459617792 of 1706796060 (85.5%), 77.2 MBs/sec
2025-01-09T08:47:06.7243650Z Received 1539309568 of 1706796060 (90.2%), 77.1 MBs/sec
2025-01-09T08:47:07.7314310Z Received 1614807040 of 1706796060 (94.6%), 76.8 MBs/sec
2025-01-09T08:47:08.7292200Z Received 1690304512 of 1706796060 (99.0%), 76.6 MBs/sec
2025-01-09T08:47:09.1727700Z Cache Size: ~1628 MB (1706796060 B)
2025-01-09T08:47:09.1872080Z [command]/opt/homebrew/bin/gtar -xf /Users/runner/work/_temp/c2397d31-5706-4007-a7d3-ca1a135e82d5/cache.tzst -P -C /Users/runner/work/tardis/tardis --delay-directory-restore --use-compress-program unzstd
2025-01-09T08:47:09.7305010Z Received 1706796060 of 1706796060 (100.0%), 73.8 MBs/sec
2025-01-09T08:47:14.8315710Z Cache restored successfully
2025-01-09T08:47:14.9095970Z Cache restored from key: macOS-lfs-21f9fa4b6817cc69b9fae3598144724da7828e276a73bd17f47a2a49d9af090a-v1
2025-01-09T08:47:14.9261530Z ##[group]Run git lfs checkout
2025-01-09T08:47:14.9261990Z [36;1mgit lfs checkout[0m
2025-01-09T08:47:14.9349820Z shell: /bin/bash --noprofile --norc -e -o pipefail {0}
2025-01-09T08:47:14.9350200Z env:
2025-01-09T08:47:14.9350440Z   CACHE_NUMBER: 0
2025-01-09T08:47:14.9351140Z   PYTEST_FLAGS: --tardis-regression-data=/Users/runner/work/tardis/tardis/tardis-regression-data --cov=tardis --cov-report=xml --cov-report=html --cov-append
2025-01-09T08:47:14.9352110Z   CODECOV_TOKEN: ***
2025-01-09T08:47:14.9352510Z ##[endgroup]
2025-01-09T08:47:22.9348640Z Checking out LFS objects: 100% (204/204), 3.5 GB | 347 MB/s, done.
2025-01-09T08:47:27.8129670Z Prepare all required actions
2025-01-09T08:47:27.8130330Z Getting action download info
2025-01-09T08:47:27.9759220Z Download action repository 'mamba-org/setup-micromamba@v1' (SHA:4b9113af4fba0e9e1124b252dd6497a419e7396d)
2025-01-09T08:47:29.2448170Z ##[group]Run ./.github/actions/setup_env
2025-01-09T08:47:29.2448420Z with:
2025-01-09T08:47:29.2448560Z   os-label: osx-arm64
2025-01-09T08:47:29.2448860Z env:
2025-01-09T08:47:29.2449040Z   CACHE_NUMBER: 0
2025-01-09T08:47:29.2449530Z   PYTEST_FLAGS: --tardis-regression-data=/Users/runner/work/tardis/tardis/tardis-regression-data --cov=tardis --cov-report=xml --cov-report=html --cov-append
2025-01-09T08:47:29.2450210Z   CODECOV_TOKEN: ***
2025-01-09T08:47:29.2450410Z ##[endgroup]
2025-01-09T08:47:29.2472460Z ##[group]Run file_hash=$(cat conda-osx-arm64.lock | shasum -a 256 | cut -d' ' -f1)
2025-01-09T08:47:29.2472880Z [36;1mfile_hash=$(cat conda-osx-arm64.lock | shasum -a 256 | cut -d' ' -f1)[0m
2025-01-09T08:47:29.2473260Z [36;1mecho "file_hash=$file_hash" >> "${GITHUB_OUTPUT}"[0m
2025-01-09T08:47:29.2521530Z shell: /bin/bash --noprofile --norc -e -o pipefail {0}
2025-01-09T08:47:29.2522260Z env:
2025-01-09T08:47:29.2522400Z   CACHE_NUMBER: 0
2025-01-09T08:47:29.2522890Z   PYTEST_FLAGS: --tardis-regression-data=/Users/runner/work/tardis/tardis/tardis-regression-data --cov=tardis --cov-report=xml --cov-report=html --cov-append
2025-01-09T08:47:29.2523580Z   CODECOV_TOKEN: ***
2025-01-09T08:47:29.2523760Z ##[endgroup]
2025-01-09T08:47:29.3675800Z ##[group]Run mamba-org/setup-micromamba@v1
2025-01-09T08:47:29.3676000Z with:
2025-01-09T08:47:29.3676130Z   environment-file: conda-osx-arm64.lock
2025-01-09T08:47:29.3676440Z   cache-environment-key: bf0d0a4d4c847cca72476c6c68c493d56c484aada7e80de0e42c7607fcef5824
2025-01-09T08:47:29.3676860Z   cache-downloads-key: bf0d0a4d4c847cca72476c6c68c493d56c484aada7e80de0e42c7607fcef5824
2025-01-09T08:47:29.3677150Z   environment-name: tardis
2025-01-09T08:47:29.3677320Z   cache-environment: true
2025-01-09T08:47:29.3677480Z   cache-downloads: true
2025-01-09T08:47:29.3677640Z env:
2025-01-09T08:47:29.3677760Z   CACHE_NUMBER: 0
2025-01-09T08:47:29.3678220Z   PYTEST_FLAGS: --tardis-regression-data=/Users/runner/work/tardis/tardis/tardis-regression-data --cov=tardis --cov-report=xml --cov-report=html --cov-append
2025-01-09T08:47:29.3678830Z   CODECOV_TOKEN: ***
2025-01-09T08:47:29.3678970Z ##[endgroup]
2025-01-09T08:47:29.6533450Z Will download micromamba to /Users/runner/micromamba-bin/micromamba
2025-01-09T08:47:29.6538140Z ##[group]Install micromamba
2025-01-09T08:47:30.3561020Z micromamba installed to /Users/runner/micromamba-bin/micromamba
2025-01-09T08:47:30.3561710Z ##[endgroup]
2025-01-09T08:47:30.3562520Z Adding conda-forge to condarc channels ...
2025-01-09T08:47:30.3590770Z ##[group]Initialize micromamba for bash.
2025-01-09T08:47:30.3600190Z [command]/Users/runner/micromamba-bin/micromamba shell init -s bash -r /Users/runner/micromamba --log-level warning --rc-file /Users/runner/work/_temp/setup-micromamba/.condarc
2025-01-09T08:47:30.3790230Z Modifying RC file "/Users/runner/.bash_profile"
2025-01-09T08:47:30.3792030Z Generating config for root prefix [1m"/Users/runner/micromamba"[0m
2025-01-09T08:47:30.3793080Z Setting mamba executable to: [1m"/Users/runner/micromamba-bin/micromamba"[0m
2025-01-09T08:47:30.3793530Z Adding (or replacing) the following in your "/Users/runner/.bash_profile" file
2025-01-09T08:47:30.3793780Z 
2025-01-09T08:47:30.3793840Z # >>> mamba initialize >>>
2025-01-09T08:47:30.3794130Z # !! Contents within this block are managed by 'mamba init' !!
2025-01-09T08:47:30.3794500Z export MAMBA_EXE='/Users/runner/micromamba-bin/micromamba';
2025-01-09T08:47:30.3794820Z export MAMBA_ROOT_PREFIX='/Users/runner/micromamba';
2025-01-09T08:47:30.3795290Z __mamba_setup="$("$MAMBA_EXE" shell hook --shell bash --root-prefix "$MAMBA_ROOT_PREFIX" 2> /dev/null)"
2025-01-09T08:47:30.3795700Z if [ $? -eq 0 ]; then
2025-01-09T08:47:30.3795880Z     eval "$__mamba_setup"
2025-01-09T08:47:30.3796600Z else
2025-01-09T08:47:30.3796850Z     alias micromamba="$MAMBA_EXE"  # Fallback on help from mamba activate
2025-01-09T08:47:30.3797120Z fi
2025-01-09T08:47:30.3797260Z unset __mamba_setup
2025-01-09T08:47:30.3797410Z # <<< mamba initialize <<<
2025-01-09T08:47:30.3797530Z 
2025-01-09T08:47:30.3799230Z ##[endgroup]
2025-01-09T08:47:30.3799840Z ##[group]Restoring downloads from `/Users/runner/micromamba/pkgs` ...
2025-01-09T08:47:31.7465510Z Received 50331648 of 310595873 (16.2%), 48.0 MBs/sec
2025-01-09T08:47:32.7477590Z Received 134217728 of 310595873 (43.2%), 63.9 MBs/sec
2025-01-09T08:47:33.7480650Z Received 205520896 of 310595873 (66.2%), 65.3 MBs/sec
2025-01-09T08:47:34.7483470Z Received 281018368 of 310595873 (90.5%), 66.9 MBs/sec
2025-01-09T08:47:35.0546870Z Cache Size: ~296 MB (310595873 B)
2025-01-09T08:47:35.0634360Z [command]/opt/homebrew/bin/gtar -xf /Users/runner/work/_temp/2c696d34-9097-4699-8060-4233818ba241/cache.tzst -P -C /Users/runner/work/tardis/tardis --delay-directory-restore --use-compress-program unzstd
2025-01-09T08:47:35.5464620Z Cache restored successfully
2025-01-09T08:47:35.5507570Z Restored cache with key `bf0d0a4d4c847cca72476c6c68c493d56c484aada7e80de0e42c7607fcef5824-osx-arm64`
2025-01-09T08:47:35.5509580Z ##[endgroup]
2025-01-09T08:47:35.5683450Z ##[group]Restoring environment `tardis` from `/Users/runner/micromamba/envs/tardis` ...
2025-01-09T08:47:35.7633270Z Received 310595873 of 310595873 (100.0%), 59.0 MBs/sec
2025-01-09T08:47:36.9477720Z Received 54525952 of 385775710 (14.1%), 51.9 MBs/sec
2025-01-09T08:47:37.9483800Z Received 138412032 of 385775710 (35.9%), 66.0 MBs/sec
2025-01-09T08:47:38.9485270Z Received 192937984 of 385775710 (50.0%), 61.3 MBs/sec
2025-01-09T08:47:39.9489230Z Received 293601280 of 385775710 (76.1%), 70.0 MBs/sec
2025-01-09T08:47:40.9514410Z Received 369098752 of 385775710 (95.7%), 70.3 MBs/sec
2025-01-09T08:47:41.1922890Z Cache Size: ~368 MB (385775710 B)
2025-01-09T08:47:41.2002510Z [command]/opt/homebrew/bin/gtar -xf /Users/runner/work/_temp/716e1988-9fbe-4734-ac2d-39522d9c8c39/cache.tzst -P -C /Users/runner/work/tardis/tardis --delay-directory-restore --use-compress-program unzstd
2025-01-09T08:47:41.9550130Z Received 385775710 of 385775710 (100.0%), 61.2 MBs/sec
2025-01-09T08:47:52.1509460Z Cache restored successfully
2025-01-09T08:47:52.1581740Z Restored cache with key `bf0d0a4d4c847cca72476c6c68c493d56c484aada7e80de0e42c7607fcef5824-osx-arm64-tardis-args-4f53cda-root-873f6fe-bin-[object Promise]-file-bf0d0a4d4c847cca72476c6c68c493d56c484aada7e80de0e42c7607fcef5824`
2025-01-09T08:47:52.1583760Z ##[endgroup]
2025-01-09T08:47:52.1584190Z Adding environment tardis to auto-activate bash ...
2025-01-09T08:47:52.1604410Z Generating micromamba run shell.
2025-01-09T08:47:52.1606600Z ##[endgroup]
2025-01-09T08:47:52.1607850Z Set environment variables.
2025-01-09T08:47:52.1659780Z ##[group]micromamba info
2025-01-09T08:47:52.1663550Z [command]/Users/runner/micromamba-bin/micromamba info -r /Users/runner/micromamba -n tardis
2025-01-09T08:47:52.5836000Z 
2025-01-09T08:47:52.5853830Z        libmamba version : 1.5.10
2025-01-09T08:47:52.5858830Z      micromamba version : 1.5.10
2025-01-09T08:47:52.5861530Z            curl version : libcurl/8.10.1 (OpenSSL/3.3.2) SecureTransport zlib/1.3.1 zstd/1.5.6 libssh2/1.11.0 nghttp2/1.58.0
2025-01-09T08:47:52.5862480Z      libarchive version : libarchive 3.7.4 zlib/1.2.13 bz2lib/1.0.8 libzstd/1.5.6
2025-01-09T08:47:52.5869220Z        envs directories : /Users/runner/micromamba/envs
2025-01-09T08:47:52.5869710Z           package cache : /Users/runner/micromamba/pkgs
2025-01-09T08:47:52.5870050Z                           /Users/runner/.mamba/pkgs
2025-01-09T08:47:52.5870420Z             environment : tardis
2025-01-09T08:47:52.5870780Z            env location : /Users/runner/micromamba/envs/tardis
2025-01-09T08:47:52.5871210Z       user config files : /Users/runner/.mambarc
2025-01-09T08:47:52.5871700Z  populated config files : /Users/runner/work/_temp/setup-micromamba/.condarc
2025-01-09T08:47:52.5876440Z        virtual packages : __unix=0=0
2025-01-09T08:47:52.5876920Z                           __osx=14.7.2=0
2025-01-09T08:47:52.5877890Z                           __archspec=1=arm64
2025-01-09T08:47:52.5878390Z                channels : https://conda.anaconda.org/conda-forge/osx-arm64
2025-01-09T08:47:52.5878860Z                           https://conda.anaconda.org/conda-forge/noarch
2025-01-09T08:47:52.5879330Z        base environment : /Users/runner/micromamba
2025-01-09T08:47:52.5879650Z                platform : osx-arm64
2025-01-09T08:47:52.5880390Z ##[endgroup]
2025-01-09T08:47:52.5880910Z ##[group]micromamba list
2025-01-09T08:47:52.5881630Z [command]/Users/runner/micromamba-bin/micromamba list -r /Users/runner/micromamba -n tardis
2025-01-09T08:47:52.9709990Z List of packages in environment: "/Users/runner/micromamba/envs/tardis"
2025-01-09T08:47:52.9710340Z 
2025-01-09T08:47:52.9711010Z   Name                           Version              Build                    Channel    
2025-01-09T08:47:52.9712580Z ────────────────────────────────────────────────────────────────────────────────────────────
2025-01-09T08:47:52.9740250Z   alabaster                      0.7.16               pyhd8ed1ab_0             conda-forge
2025-01-09T08:47:52.9740680Z   anyio                          4.4.0                pyhd8ed1ab_0             conda-forge
2025-01-09T08:47:52.9741140Z   appnope                        0.1.4                pyhd8ed1ab_0             conda-forge
2025-01-09T08:47:52.9741520Z   argon2-cffi                    23.1.0               pyhd8ed1ab_0             conda-forge
2025-01-09T08:47:52.9741950Z   argon2-cffi-bindings           21.2.0               py312h02f2b3b_4          conda-forge
2025-01-09T08:47:52.9742500Z   arrow                          1.3.0                pyhd8ed1ab_0             conda-forge
2025-01-09T08:47:52.9742890Z   astropy                        6.1.1                py312hbebd99a_0          conda-forge
2025-01-09T08:47:52.9743350Z   astropy-iers-data              0.2024.6.17.0.31.35  pyhd8ed1ab_0             conda-forge
2025-01-09T08:47:52.9743910Z   astropy-sphinx-theme           1.1                  pyhd8ed1ab_0             conda-forge
2025-01-09T08:47:52.9744370Z   asttokens                      2.4.1                pyhd8ed1ab_0             conda-forge
2025-01-09T08:47:52.9744690Z   async-lru                      2.0.4                pyhd8ed1ab_0             conda-forge
2025-01-09T08:47:52.9745180Z   atk-1.0                        2.38.0               hd03087b_2               conda-forge
2025-01-09T08:47:52.9745500Z   attrs                          23.2.0               pyh71513ae_0             conda-forge
2025-01-09T08:47:52.9745770Z   babel                          2.14.0               pyhd8ed1ab_0             conda-forge
2025-01-09T08:47:52.9746250Z   beautifulsoup4                 4.12.3               pyha770c72_0             conda-forge
2025-01-09T08:47:52.9746650Z   bleach                         6.1.0                pyhd8ed1ab_0             conda-forge
2025-01-09T08:47:52.9746980Z   blosc                          1.21.5               h9c252e8_1               conda-forge
2025-01-09T08:47:52.9747350Z   brotli                         1.1.0                hb547adb_1               conda-forge
2025-01-09T08:47:52.9747780Z   brotli-bin                     1.1.0                hb547adb_1               conda-forge
2025-01-09T08:47:52.9748170Z   brotli-python                  1.1.0                py312h9f69965_1          conda-forge
2025-01-09T08:47:52.9748510Z   bzip2                          1.0.8                h93a5062_5               conda-forge
2025-01-09T08:47:52.9748910Z   c-ares                         1.28.1               h93a5062_0               conda-forge
2025-01-09T08:47:52.9749230Z   c-blosc2                       2.14.4               ha57e6be_1               conda-forge
2025-01-09T08:47:52.9749670Z   ca-certificates                2024.6.2             hf0a4a13_0               conda-forge
2025-01-09T08:47:52.9750480Z   cached-property                1.5.2                hd8ed1ab_1               conda-forge
2025-01-09T08:47:52.9750830Z   cached_property                1.5.2                pyha770c72_1             conda-forge
2025-01-09T08:47:52.9751320Z   cairo                          1.18.0               hd1e100b_0               conda-forge
2025-01-09T08:47:52.9751720Z   certifi                        2024.6.2             pyhd8ed1ab_0             conda-forge
2025-01-09T08:47:52.9752190Z   cffi                           1.16.0               py312h8e38eb3_0          conda-forge
2025-01-09T08:47:52.9753030Z   charset-normalizer             3.3.2                pyhd8ed1ab_0             conda-forge
2025-01-09T08:47:52.9753460Z   click                          8.1.7                unix_pyh707e725_0        conda-forge
2025-01-09T08:47:52.9753930Z   codespell                      2.3.0                pyhd8ed1ab_0             conda-forge
2025-01-09T08:47:52.9754290Z   colorama                       0.4.6                pyhd8ed1ab_0             conda-forge
2025-01-09T08:47:52.9754730Z   comm                           0.2.2                pyhd8ed1ab_0             conda-forge
2025-01-09T08:47:52.9755140Z   commonmark                     0.9.1                py_0                     conda-forge
2025-01-09T08:47:52.9755750Z   contourpy                      1.2.1                py312h0fef576_0          conda-forge
2025-01-09T08:47:52.9756150Z   coverage                       7.5.3                py312h7e5086c_0          conda-forge
2025-01-09T08:47:52.9756530Z   cycler                         0.12.1               pyhd8ed1ab_0             conda-forge
2025-01-09T08:47:52.9756910Z   dataclasses                    0.8                  pyhc8e2a94_3             conda-forge
2025-01-09T08:47:52.9757290Z   debugpy                        1.8.1                py312h20a0b95_0          conda-forge
2025-01-09T08:47:52.9757720Z   decorator                      5.1.1                pyhd8ed1ab_0             conda-forge
2025-01-09T08:47:52.9758190Z   defusedxml                     0.7.1                pyhd8ed1ab_0             conda-forge
2025-01-09T08:47:52.9758600Z   docutils                       0.20.1               py312h81bd7bf_3          conda-forge
2025-01-09T08:47:52.9759070Z   dot2tex                        2.11.3               pyhd8ed1ab_0             conda-forge
2025-01-09T08:47:52.9759460Z   entrypoints                    0.4                  pyhd8ed1ab_0             conda-forge
2025-01-09T08:47:52.9760010Z   exceptiongroup                 1.2.0                pyhd8ed1ab_2             conda-forge
2025-01-09T08:47:52.9760310Z   executing                      2.0.1                pyhd8ed1ab_0             conda-forge
2025-01-09T08:47:52.9760580Z   expat                          2.6.2                hebf3989_0               conda-forge
2025-01-09T08:47:52.9760900Z   font-ttf-dejavu-sans-mono      2.37                 hab24e00_0               conda-forge
2025-01-09T08:47:52.9761240Z   font-ttf-inconsolata           3.000                h77eed37_0               conda-forge
2025-01-09T08:47:52.9761590Z   font-ttf-source-code-pro       2.038                h77eed37_0               conda-forge
2025-01-09T08:47:52.9761920Z   font-ttf-ubuntu                0.83                 h77eed37_2               conda-forge
2025-01-09T08:47:52.9762210Z   fontconfig                     2.14.2               h82840c6_0               conda-forge
2025-01-09T08:47:52.9762510Z   fonts-conda-ecosystem          1                    0                        conda-forge
2025-01-09T08:47:52.9762830Z   fonts-conda-forge              1                    0                        conda-forge
2025-01-09T08:47:52.9763210Z   fonttools                      4.53.0               py312h7e5086c_0          conda-forge
2025-01-09T08:47:52.9763480Z   fqdn                           1.5.1                pyhd8ed1ab_0             conda-forge
2025-01-09T08:47:52.9763750Z   freetype                       2.12.1               hadb7bae_2               conda-forge
2025-01-09T08:47:52.9764020Z   fribidi                        1.0.10               h27ca646_0               conda-forge
2025-01-09T08:47:52.9764540Z   future                         1.0.0                pyhd8ed1ab_0             conda-forge
2025-01-09T08:47:52.9764910Z   gdk-pixbuf                     2.42.12              h7ddc832_0               conda-forge
2025-01-09T08:47:52.9765280Z   gettext                        0.22.5               h8fbad5d_2               conda-forge
2025-01-09T08:47:52.9765750Z   gettext-tools                  0.22.5               h8fbad5d_2               conda-forge
2025-01-09T08:47:52.9766110Z   giflib                         5.2.2                h93a5062_0               conda-forge
2025-01-09T08:47:52.9766430Z   git-lfs                        3.5.1                hce30654_0               conda-forge
2025-01-09T08:47:52.9766690Z   gmp                            6.3.0                hebf3989_1               conda-forge
2025-01-09T08:47:52.9766940Z   gmpy2                          2.1.5                py312hfa9fade_1          conda-forge
2025-01-09T08:47:52.9767260Z   graphite2                      1.3.13               hebf3989_1003            conda-forge
2025-01-09T08:47:52.9767620Z   graphviz                       11.0.0               h9bb9bc9_0               conda-forge
2025-01-09T08:47:52.9768350Z   gtk2                           2.24.33              h7895bb2_4               conda-forge
2025-01-09T08:47:52.9768600Z   gts                            0.7.6                he42f4ea_4               conda-forge
2025-01-09T08:47:52.9768860Z   h11                            0.14.0               pyhd8ed1ab_0             conda-forge
2025-01-09T08:47:52.9769190Z   h2                             4.1.0                pyhd8ed1ab_0             conda-forge
2025-01-09T08:47:52.9769520Z   h5py                           3.11.0               nompi_py312h903599c_102  conda-forge
2025-01-09T08:47:52.9769860Z   harfbuzz                       8.5.0                h1836168_0               conda-forge
2025-01-09T08:47:52.9770200Z   hdf5                           1.14.3               nompi_hec07895_105       conda-forge
2025-01-09T08:47:52.9770530Z   hpack                          4.0.0                pyh9f0ad1d_0             conda-forge
2025-01-09T08:47:52.9771110Z   httpcore                       1.0.5                pyhd8ed1ab_0             conda-forge
2025-01-09T08:47:52.9771440Z   httpx                          0.27.0               pyhd8ed1ab_0             conda-forge
2025-01-09T08:47:52.9771770Z   hyperframe                     6.0.1                pyhd8ed1ab_0             conda-forge
2025-01-09T08:47:52.9772050Z   icu                            73.2                 hc8870d7_0               conda-forge
2025-01-09T08:47:52.9772400Z   idna                           3.7                  pyhd8ed1ab_0             conda-forge
2025-01-09T08:47:52.9772780Z   imagesize                      1.4.1                pyhd8ed1ab_0             conda-forge
2025-01-09T08:47:52.9773140Z   importlib-metadata             7.1.0                pyha770c72_0             conda-forge
2025-01-09T08:47:52.9773590Z   importlib_metadata             7.1.0                hd8ed1ab_0               conda-forge
2025-01-09T08:47:52.9773920Z   importlib_resources            6.4.0                pyhd8ed1ab_0             conda-forge
2025-01-09T08:47:52.9774320Z   iniconfig                      2.0.0                pyhd8ed1ab_0             conda-forge
2025-01-09T08:47:52.9774660Z   ipykernel                      6.29.4               pyh57ce528_0             conda-forge
2025-01-09T08:47:52.9775060Z   ipython                        8.25.0               pyh707e725_0             conda-forge
2025-01-09T08:47:52.9776660Z   ipython_genutils               0.2.0                pyhd8ed1ab_1             conda-forge
2025-01-09T08:47:52.9777270Z   ipywidgets                     7.8.0                pyhd8ed1ab_0             conda-forge
2025-01-09T08:47:52.9777690Z   isoduration                    20.11.0              pyhd8ed1ab_0             conda-forge
2025-01-09T08:47:52.9778090Z   jedi                           0.19.1               pyhd8ed1ab_0             conda-forge
2025-01-09T08:47:52.9778780Z   jinja2                         3.1.4                pyhd8ed1ab_0             conda-forge
2025-01-09T08:47:52.9779170Z   json5                          0.9.25               pyhd8ed1ab_0             conda-forge
2025-01-09T08:47:52.9779620Z   jsonpointer                    3.0.0                py312h81bd7bf_0          conda-forge
2025-01-09T08:47:52.9779950Z   jsonschema                     4.22.0               pyhd8ed1ab_0             conda-forge
2025-01-09T08:47:52.9780500Z   jsonschema-specifications      2023.12.1            pyhd8ed1ab_0             conda-forge
2025-01-09T08:47:52.9780990Z   jsonschema-with-format-nongpl  4.22.0               pyhd8ed1ab_0             conda-forge
2025-01-09T08:47:52.9781470Z   jupyter-lsp                    2.2.5                pyhd8ed1ab_0             conda-forge
2025-01-09T08:47:52.9781900Z   jupyter_client                 8.6.2                pyhd8ed1ab_0             conda-forge
2025-01-09T08:47:52.9782240Z   jupyter_core                   5.7.2                py312h81bd7bf_0          conda-forge
2025-01-09T08:47:52.9782690Z   jupyter_events                 0.10.0               pyhd8ed1ab_0             conda-forge
2025-01-09T08:47:52.9783240Z   jupyter_server                 2.14.1               pyhd8ed1ab_0             conda-forge
2025-01-09T08:47:52.9783650Z   jupyter_server_terminals       0.5.3                pyhd8ed1ab_0             conda-forge
2025-01-09T08:47:52.9784060Z   jupyterlab                     4.2.2                pyhd8ed1ab_0             conda-forge
2025-01-09T08:47:52.9784420Z   jupyterlab_pygments            0.3.0                pyhd8ed1ab_1             conda-forge
2025-01-09T08:47:52.9784840Z   jupyterlab_server              2.27.2               pyhd8ed1ab_0             conda-forge
2025-01-09T08:47:52.9785220Z   jupyterlab_widgets             1.1.7                pyhd8ed1ab_0             conda-forge
2025-01-09T08:47:52.9785580Z   kiwisolver                     1.4.5                py312h389731b_1          conda-forge
2025-01-09T08:47:52.9785920Z   krb5                           1.21.2               h92f50d5_0               conda-forge
2025-01-09T08:47:52.9786270Z   latexcodec                     2.0.1                pyh9f0ad1d_0             conda-forge
2025-01-09T08:47:52.9786590Z   lcms2                          2.16                 ha0e7c42_0               conda-forge
2025-01-09T08:47:52.9786910Z   lerc                           4.0.0                h9a09cb3_0               conda-forge
2025-01-09T08:47:52.9787230Z   libaec                         1.1.3                hebf3989_0               conda-forge
2025-01-09T08:47:52.9787500Z   libasprintf                    0.22.5               h8fbad5d_2               conda-forge
2025-01-09T08:47:52.9787830Z   libasprintf-devel              0.22.5               h8fbad5d_2               conda-forge
2025-01-09T08:47:52.9788220Z   libblas                        3.9.0                22_osxarm64_openblas     conda-forge
2025-01-09T08:47:52.9788560Z   libbrotlicommon                1.1.0                hb547adb_1               conda-forge
2025-01-09T08:47:52.9788890Z   libbrotlidec                   1.1.0                hb547adb_1               conda-forge
2025-01-09T08:47:52.9789280Z   libbrotlienc                   1.1.0                hb547adb_1               conda-forge
2025-01-09T08:47:52.9789590Z   libcblas                       3.9.0                22_osxarm64_openblas     conda-forge
2025-01-09T08:47:52.9789930Z   libcurl                        8.8.0                h7b6f9a7_0               conda-forge
2025-01-09T08:47:52.9790220Z   libcxx                         17.0.6               h5f092b4_0               conda-forge
2025-01-09T08:47:52.9790560Z   libdeflate                     1.20                 h93a5062_0               conda-forge
2025-01-09T08:47:52.9790870Z   libedit                        3.1.20191231         hc8eb9b7_2               conda-forge
2025-01-09T08:47:52.9791170Z   libev                          4.33                 h93a5062_2               conda-forge
2025-01-09T08:47:52.9791640Z   libexpat                       2.6.2                hebf3989_0               conda-forge
2025-01-09T08:47:52.9791940Z   libffi                         3.4.2                h3422bc3_5               conda-forge
2025-01-09T08:47:52.9792280Z   libgd                          2.3.3                hfdf3952_9               conda-forge
2025-01-09T08:47:52.9792580Z   libgettextpo                   0.22.5               h8fbad5d_2               conda-forge
2025-01-09T08:47:52.9792970Z   libgettextpo-devel             0.22.5               h8fbad5d_2               conda-forge
2025-01-09T08:47:52.9793320Z   libgfortran                    5.0.0                13_2_0_hd922786_3        conda-forge
2025-01-09T08:47:52.9793690Z   libgfortran5                   13.2.0               hf226fd6_3               conda-forge
2025-01-09T08:47:52.9794060Z   libglib                        2.80.2               h59d46d9_1               conda-forge
2025-01-09T08:47:52.9794420Z   libiconv                       1.17                 h0d3ecfb_2               conda-forge
2025-01-09T08:47:52.9794750Z   libintl                        0.22.5               h8fbad5d_2               conda-forge
2025-01-09T08:47:52.9795180Z   libintl-devel                  0.22.5               h8fbad5d_2               conda-forge
2025-01-09T08:47:52.9795540Z   libjpeg-turbo                  3.0.0                hb547adb_1               conda-forge
2025-01-09T08:47:52.9795860Z   liblapack                      3.9.0                22_osxarm64_openblas     conda-forge
2025-01-09T08:47:52.9796200Z   libllvm14                      14.0.6               hd1a9a77_4               conda-forge
2025-01-09T08:47:52.9796530Z   libnghttp2                     1.58.0               ha4dd798_1               conda-forge
2025-01-09T08:47:52.9796810Z   libopenblas                    0.3.27               openmp_h6c19121_0        conda-forge
2025-01-09T08:47:52.9797110Z   libpng                         1.6.43               h091b4b1_0               conda-forge
2025-01-09T08:47:52.9797410Z   librsvg                        2.58.1               hbc281fb_0               conda-forge
2025-01-09T08:47:52.9797760Z   libsodium                      1.0.18               h27ca646_1               conda-forge
2025-01-09T08:47:52.9798070Z   libsqlite                      3.46.0               hfb93653_0               conda-forge
2025-01-09T08:47:52.9798440Z   libssh2                        1.11.0               h7a5bd25_0               conda-forge
2025-01-09T08:47:52.9798850Z   libtiff                        4.6.0                h07db509_3               conda-forge
2025-01-09T08:47:52.9799160Z   libwebp                        1.4.0                h54798ee_0               conda-forge
2025-01-09T08:47:52.9799540Z   libwebp-base                   1.4.0                h93a5062_0               conda-forge
2025-01-09T08:47:52.9799840Z   libxcb                         1.16                 hf2054a2_0               conda-forge
2025-01-09T08:47:52.9800150Z   libxml2                        2.12.7               ha661575_1               conda-forge
2025-01-09T08:47:52.9800450Z   libxslt                        1.1.39               h223e5b9_0               conda-forge
2025-01-09T08:47:52.9800730Z   libzlib                        1.3.1                hfb2fe0b_1               conda-forge
2025-01-09T08:47:52.9801050Z   llvm-openmp                    18.1.7               hde57baf_0               conda-forge
2025-01-09T08:47:52.9801420Z   llvmlite                       0.42.0               py312h17030e7_1          conda-forge
2025-01-09T08:47:52.9801730Z   lxml                           5.2.2                py312h0e5ab22_0          conda-forge
2025-01-09T08:47:52.9801990Z   lz4-c                          1.9.4                hb7217d7_0               conda-forge
2025-01-09T08:47:52.9802330Z   markupsafe                     2.1.5                py312he37b823_0          conda-forge
2025-01-09T08:47:52.9802630Z   matplotlib-base                3.8.4                py312h4479663_2          conda-forge
2025-01-09T08:47:52.9803190Z   matplotlib-inline              0.1.7                pyhd8ed1ab_0             conda-forge
2025-01-09T08:47:52.9803510Z   mistune                        3.0.2                pyhd8ed1ab_0             conda-forge
2025-01-09T08:47:52.9803780Z   mpc                            1.3.1                h91ba8db_0               conda-forge
2025-01-09T08:47:52.9804040Z   mpfr                           4.2.1                h41d338b_1               conda-forge
2025-01-09T08:47:52.9804300Z   mpmath                         1.3.0                pyhd8ed1ab_0             conda-forge
2025-01-09T08:47:52.9804570Z   munkres                        1.1.4                pyh9f0ad1d_0             conda-forge
2025-01-09T08:47:52.9804850Z   mypy_extensions                1.0.0                pyha770c72_0             conda-forge
2025-01-09T08:47:52.9805150Z   nbclassic                      1.1.0                pyhd8ed1ab_0             conda-forge
2025-01-09T08:47:52.9805420Z   nbclient                       0.10.0               pyhd8ed1ab_0             conda-forge
2025-01-09T08:47:52.9805700Z   nbconvert                      7.16.4               hd8ed1ab_1               conda-forge
2025-01-09T08:47:52.9806370Z   nbconvert-core                 7.16.4               pyhd8ed1ab_1             conda-forge
2025-01-09T08:47:52.9806690Z   nbconvert-pandoc               7.16.4               hd8ed1ab_1               conda-forge
2025-01-09T08:47:52.9806990Z   nbformat                       5.10.4               pyhd8ed1ab_0             conda-forge
2025-01-09T08:47:52.9807280Z   nbsphinx                       0.9.4                pyhd8ed1ab_0             conda-forge
2025-01-09T08:47:52.9807550Z   ncurses                        6.5                  hb89a1cb_0               conda-forge
2025-01-09T08:47:52.9807830Z   nest-asyncio                   1.6.0                pyhd8ed1ab_0             conda-forge
2025-01-09T08:47:52.9808110Z   networkx                       3.3                  pyhd8ed1ab_1             conda-forge
2025-01-09T08:47:52.9808380Z   notebook                       7.2.1                pyhd8ed1ab_0             conda-forge
2025-01-09T08:47:52.9808670Z   notebook-shim                  0.2.4                pyhd8ed1ab_0             conda-forge
2025-01-09T08:47:52.9808960Z   numba                          0.59.1               py312hbaff935_0          conda-forge
2025-01-09T08:47:52.9809230Z   numexpr                        2.10.0               py312h8ae5369_0          conda-forge
2025-01-09T08:47:52.9809490Z   numpy                          1.26.4               py312h8442bc7_0          conda-forge
2025-01-09T08:47:52.9809750Z   numpydoc                       1.7.0                pyhd8ed1ab_1             conda-forge
2025-01-09T08:47:52.9810010Z   openjpeg                       2.5.2                h9f1df11_0               conda-forge
2025-01-09T08:47:52.9810280Z   openssl                        3.3.1                hfb2fe0b_0               conda-forge
2025-01-09T08:47:52.9810560Z   overrides                      7.7.0                pyhd8ed1ab_0             conda-forge
2025-01-09T08:47:52.9810840Z   packaging                      24.1                 pyhd8ed1ab_0             conda-forge
2025-01-09T08:47:52.9811120Z   pandas                         2.2.2                py312h8ae5369_1          conda-forge
2025-01-09T08:47:52.9811370Z   pandoc                         3.2                  hce30654_0               conda-forge
2025-01-09T08:47:52.9811670Z   pandocfilters                  1.5.0                pyhd8ed1ab_0             conda-forge
2025-01-09T08:47:52.9811950Z   pango                          1.54.0               h5cb9fbc_0               conda-forge
2025-01-09T08:47:52.9812220Z   parso                          0.8.4                pyhd8ed1ab_0             conda-forge
2025-01-09T08:47:52.9812480Z   pathspec                       0.12.1               pyhd8ed1ab_0             conda-forge
2025-01-09T08:47:52.9812750Z   pbr                            6.0.0                pyhd8ed1ab_0             conda-forge
2025-01-09T08:47:52.9813090Z   pcre2                          10.44                h297a79d_0               conda-forge
2025-01-09T08:47:52.9813370Z   pexpect                        4.9.0                pyhd8ed1ab_0             conda-forge
2025-01-09T08:47:52.9813660Z   pickleshare                    0.7.5                py_1003                  conda-forge
2025-01-09T08:47:52.9813930Z   pillow                         10.3.0               py312h39b1d8d_1          conda-forge
2025-01-09T08:47:52.9814200Z   pip                            24.0                 pyhd8ed1ab_0             conda-forge
2025-01-09T08:47:52.9814460Z   pixman                         0.43.4               hebf3989_0               conda-forge
2025-01-09T08:47:52.9814750Z   pkgutil-resolve-name           1.3.10               pyhd8ed1ab_1             conda-forge
2025-01-09T08:47:52.9815070Z   platformdirs                   4.2.2                pyhd8ed1ab_0             conda-forge
2025-01-09T08:47:52.9815350Z   plotly                         5.22.0               pyhd8ed1ab_0             conda-forge
2025-01-09T08:47:52.9815610Z   pluggy                         1.5.0                pyhd8ed1ab_0             conda-forge
2025-01-09T08:47:52.9816030Z   prometheus_client              0.20.0               pyhd8ed1ab_0             conda-forge
2025-01-09T08:47:52.9816340Z   prompt-toolkit                 3.0.47               pyha770c72_0             conda-forge
2025-01-09T08:47:52.9816720Z   psutil                         5.9.8                py312he37b823_0          conda-forge
2025-01-09T08:47:52.9817010Z   pthread-stubs                  0.4                  h27ca646_1001            conda-forge
2025-01-09T08:47:52.9817300Z   ptyprocess                     0.7.0                pyhd3deb0d_0             conda-forge
2025-01-09T08:47:52.9817570Z   pure_eval                      0.2.2                pyhd8ed1ab_0             conda-forge
2025-01-09T08:47:52.9817850Z   py-cpuinfo                     9.0.0                pyhd8ed1ab_0             conda-forge
2025-01-09T08:47:52.9818130Z   pybtex                         0.24.0               pyhd8ed1ab_2             conda-forge
2025-01-09T08:47:52.9818420Z   pybtex-docutils                1.0.3                py312h81bd7bf_1          conda-forge
2025-01-09T08:47:52.9818720Z   pycparser                      2.22                 pyhd8ed1ab_0             conda-forge
2025-01-09T08:47:52.9819050Z   pyerfa                         2.0.1.4              py312hbebd99a_1          conda-forge
2025-01-09T08:47:52.9819390Z   pygments                       2.18.0               pyhd8ed1ab_0             conda-forge
2025-01-09T08:47:52.9819660Z   pygraphviz                     1.13                 py312h5f4d302_1          conda-forge
2025-01-09T08:47:52.9820150Z   pyobjc-core                    10.3.1               py312hbb55c70_0          conda-forge
2025-01-09T08:47:52.9820490Z   pyobjc-framework-cocoa         10.3.1               py312hbb55c70_0          conda-forge
2025-01-09T08:47:52.9820840Z   pyparsing                      3.1.2                pyhd8ed1ab_0             conda-forge
2025-01-09T08:47:52.9821210Z   pysocks                        1.7.1                pyha2e5f31_6             conda-forge
2025-01-09T08:47:52.9821480Z   pytables                       3.9.2                py312hb622ae1_2          conda-forge
2025-01-09T08:47:52.9821830Z   pytest                         8.2.2                pyhd8ed1ab_0             conda-forge
2025-01-09T08:47:52.9822190Z   pytest-cov                     5.0.0                pyhd8ed1ab_0             conda-forge
2025-01-09T08:47:52.9822490Z   pytest-doctestplus             1.2.1                pyhd8ed1ab_0             conda-forge
2025-01-09T08:47:52.9822900Z   pytest-html                    4.1.1                pyhd8ed1ab_0             conda-forge
2025-01-09T08:47:52.9823250Z   pytest-metadata                3.1.1                pyhd8ed1ab_0             conda-forge
2025-01-09T08:47:52.9823600Z   python                         3.12.4               h30c5eda_0_cpython       conda-forge
2025-01-09T08:47:52.9824200Z   python-dateutil                2.9.0                pyhd8ed1ab_0             conda-forge
2025-01-09T08:47:52.9824630Z   python-fastjsonschema          2.20.0               pyhd8ed1ab_0             conda-forge
2025-01-09T08:47:52.9825060Z   python-json-logger             2.0.7                pyhd8ed1ab_0             conda-forge
2025-01-09T08:47:52.9825360Z   python-tzdata                  2024.1               pyhd8ed1ab_0             conda-forge
2025-01-09T08:47:52.9825730Z   python_abi                     3.12                 4_cp312                  conda-forge
2025-01-09T08:47:52.9826020Z   pytz                           2024.1               pyhd8ed1ab_0             conda-forge
2025-01-09T08:47:52.9826540Z   pyyaml                         6.0.1                py312h02f2b3b_1          conda-forge
2025-01-09T08:47:52.9827090Z   pyzmq                          26.0.3               py312hfa13136_0          conda-forge
2025-01-09T08:47:52.9827670Z   qgrid                          1.3.1                pyhd8ed1ab_4             conda-forge
2025-01-09T08:47:52.9828150Z   radioactivedecay               0.5.1                pyhd8ed1ab_0             conda-forge
2025-01-09T08:47:52.9829020Z   readline                       8.2                  h92ec313_1               conda-forge
2025-01-09T08:47:52.9829350Z   recommonmark                   0.7.1                pyhd8ed1ab_0             conda-forge
2025-01-09T08:47:52.9829740Z   referencing                    0.35.1               pyhd8ed1ab_0             conda-forge
2025-01-09T08:47:52.9837250Z   requests                       2.32.3               pyhd8ed1ab_0             conda-forge
2025-01-09T08:47:52.9837560Z   rfc3339-validator              0.1.4                pyhd8ed1ab_0             conda-forge
2025-01-09T08:47:52.9837880Z   rfc3986-validator              0.1.1                pyh9f0ad1d_0             conda-forge
2025-01-09T08:47:52.9838170Z   rpds-py                        0.18.1               py312h552d48e_0          conda-forge
2025-01-09T08:47:52.9838460Z   ruff                           0.4.9                py312h3402d49_0          conda-forge
2025-01-09T08:47:52.9838730Z   scipy                          1.13.1               py312h14ffa8f_0          conda-forge
2025-01-09T08:47:52.9839030Z   send2trash                     1.8.3                pyh31c8845_0             conda-forge
2025-01-09T08:47:52.9839330Z   setuptools                     70.0.0               pyhd8ed1ab_0             conda-forge
2025-01-09T08:47:52.9839640Z   setuptools-scm                 8.1.0                pyhd8ed1ab_0             conda-forge
2025-01-09T08:47:52.9839950Z   setuptools_scm                 8.1.0                hd8ed1ab_0               conda-forge
2025-01-09T08:47:52.9840230Z   six                            1.16.0               pyh6c4a22f_0             conda-forge
2025-01-09T08:47:52.9840490Z   snakeviz                       2.2.0                pyhd8ed1ab_0             conda-forge
2025-01-09T08:47:52.9840770Z   snappy                         1.2.0                hd04f947_1               conda-forge
2025-01-09T08:47:52.9841030Z   sniffio                        1.3.1                pyhd8ed1ab_0             conda-forge
2025-01-09T08:47:52.9841310Z   snowballstemmer                2.2.0                pyhd8ed1ab_0             conda-forge
2025-01-09T08:47:52.9841610Z   soupsieve                      2.5                  pyhd8ed1ab_1             conda-forge
2025-01-09T08:47:52.9841880Z   sphinx                         7.3.7                pyhd8ed1ab_0             conda-forge
2025-01-09T08:47:52.9842160Z   sphinx-astropy                 1.9.1                pyhd8ed1ab_0             conda-forge
2025-01-09T08:47:52.9842460Z   sphinx-automodapi              0.17.0               pyh717bed2_1             conda-forge
2025-01-09T08:47:52.9842760Z   sphinx-gallery                 0.16.0               pyhd8ed1ab_0             conda-forge
2025-01-09T08:47:52.9843060Z   sphinx-jsonschema              1.19.1               pyhd8ed1ab_0             conda-forge
2025-01-09T08:47:52.9843540Z   sphinx_bootstrap_theme         0.8.1                pyhd8ed1ab_0             conda-forge
2025-01-09T08:47:52.9843870Z   sphinx_rtd_theme               2.0.0                pyha770c72_0             conda-forge
2025-01-09T08:47:52.9844190Z   sphinxcontrib-apidoc           0.3.0                py_1                     conda-forge
2025-01-09T08:47:52.9844530Z   sphinxcontrib-applehelp        1.0.8                pyhd8ed1ab_0             conda-forge
2025-01-09T08:47:52.9844860Z   sphinxcontrib-bibtex           2.6.2                pyhd8ed1ab_0             conda-forge
2025-01-09T08:47:52.9845190Z   sphinxcontrib-devhelp          1.0.6                pyhd8ed1ab_0             conda-forge
2025-01-09T08:47:52.9845530Z   sphinxcontrib-htmlhelp         2.0.5                pyhd8ed1ab_0             conda-forge
2025-01-09T08:47:52.9845860Z   sphinxcontrib-jquery           4.1                  pyhd8ed1ab_0             conda-forge
2025-01-09T08:47:52.9846190Z   sphinxcontrib-jsmath           1.0.1                pyhd8ed1ab_0             conda-forge
2025-01-09T08:47:52.9846520Z   sphinxcontrib-qthelp           1.0.7                pyhd8ed1ab_0             conda-forge
2025-01-09T08:47:52.9847000Z   sphinxcontrib-serializinghtml  1.1.10               pyhd8ed1ab_0             conda-forge
2025-01-09T08:47:52.9847340Z   stack_data                     0.6.2                pyhd8ed1ab_0             conda-forge
2025-01-09T08:47:52.9847620Z   sympy                          1.12.1               pypyh2585a3b_103         conda-forge
2025-01-09T08:47:52.9847880Z   tabulate                       0.9.0                pyhd8ed1ab_1             conda-forge
2025-01-09T08:47:52.9848170Z   tenacity                       8.4.1                pyhd8ed1ab_0             conda-forge
2025-01-09T08:47:52.9848440Z   terminado                      0.18.1               pyh31c8845_0             conda-forge
2025-01-09T08:47:52.9848710Z   tinycss2                       1.3.0                pyhd8ed1ab_0             conda-forge
2025-01-09T08:47:52.9848960Z   tk                             8.6.13               h5083fa2_1               conda-forge
2025-01-09T08:47:52.9849210Z   toml                           0.10.2               pyhd8ed1ab_0             conda-forge
2025-01-09T08:47:52.9849470Z   tomli                          2.0.1                pyhd8ed1ab_0             conda-forge
2025-01-09T08:47:52.9849730Z   tornado                        6.4.1                py312h7e5086c_0          conda-forge
2025-01-09T08:47:52.9849990Z   tqdm                           4.66.4               pyhd8ed1ab_0             conda-forge
2025-01-09T08:47:52.9850250Z   traitlets                      5.14.3               pyhd8ed1ab_0             conda-forge
2025-01-09T08:47:52.9850530Z   typed-ast                      1.5.5                py312h02f2b3b_1          conda-forge
2025-01-09T08:47:52.9850840Z   types-python-dateutil          2.9.0.20240316       pyhd8ed1ab_0             conda-forge
2025-01-09T08:47:52.9851170Z   typing-extensions              4.12.2               hd8ed1ab_0               conda-forge
2025-01-09T08:47:52.9851480Z   typing_extensions              4.12.2               pyha770c72_0             conda-forge
2025-01-09T08:47:52.9851780Z   typing_utils                   0.1.0                pyhd8ed1ab_0             conda-forge
2025-01-09T08:47:52.9852060Z   tzdata                         2024a                h0c530f3_0               conda-forge
2025-01-09T08:47:52.9852350Z   uri-template                   1.3.0                pyhd8ed1ab_0             conda-forge
2025-01-09T08:47:52.9852690Z   urllib3                        2.2.2                pyhd8ed1ab_0             conda-forge
2025-01-09T08:47:52.9852960Z   wcwidth                        0.2.13               pyhd8ed1ab_0             conda-forge
2025-01-09T08:47:52.9853230Z   webcolors                      24.6.0               pyhd8ed1ab_0             conda-forge
2025-01-09T08:47:52.9853530Z   webencodings                   0.5.1                pyhd8ed1ab_2             conda-forge
2025-01-09T08:47:52.9853920Z   websocket-client               1.8.0                pyhd8ed1ab_0             conda-forge
2025-01-09T08:47:52.9854210Z   wheel                          0.43.0               pyhd8ed1ab_1             conda-forge
2025-01-09T08:47:52.9854520Z   widgetsnbextension             3.6.6                pyhd8ed1ab_0             conda-forge
2025-01-09T08:47:52.9854810Z   xorg-libxau                    1.0.11               hb547adb_0               conda-forge
2025-01-09T08:47:52.9855100Z   xorg-libxdmcp                  1.1.3                h27ca646_0               conda-forge
2025-01-09T08:47:52.9855400Z   xz                             5.2.6                h57fd34a_0               conda-forge
2025-01-09T08:47:52.9855640Z   yaml                           0.2.5                h3422bc3_2               conda-forge
2025-01-09T08:47:52.9855890Z   zeromq                         4.3.5                hcc0f68c_4               conda-forge
2025-01-09T08:47:52.9856160Z   zipp                           3.19.2               pyhd8ed1ab_0             conda-forge
2025-01-09T08:47:52.9856410Z   zlib                           1.3.1                hfb2fe0b_1               conda-forge
2025-01-09T08:47:52.9856720Z   zlib-ng                        2.0.7                h1a8c8d9_0               conda-forge
2025-01-09T08:47:52.9857080Z   zstd                           1.5.6                hb46c0d2_0               conda-forge
2025-01-09T08:47:52.9857690Z ##[endgroup]
2025-01-09T08:47:52.9897960Z ##[group]Run pip install -e . --user
2025-01-09T08:47:52.9898190Z [36;1mpip install -e . --user[0m
2025-01-09T08:47:53.1431380Z shell: /bin/bash -l {0}
2025-01-09T08:47:53.1431580Z env:
2025-01-09T08:47:53.1431710Z   CACHE_NUMBER: 0
2025-01-09T08:47:53.1432190Z   PYTEST_FLAGS: --tardis-regression-data=/Users/runner/work/tardis/tardis/tardis-regression-data --cov=tardis --cov-report=xml --cov-report=html --cov-append
2025-01-09T08:47:53.1433220Z   CODECOV_TOKEN: ***
2025-01-09T08:47:53.1433400Z   MAMBA_ROOT_PREFIX: /Users/runner/micromamba
2025-01-09T08:47:53.1433650Z   MAMBA_EXE: /Users/runner/micromamba-bin/micromamba
2025-01-09T08:47:53.1433920Z   CONDARC: /Users/runner/work/_temp/setup-micromamba/.condarc
2025-01-09T08:47:53.1434150Z ##[endgroup]
2025-01-09T08:47:54.1109880Z Obtaining file:///Users/runner/work/tardis/tardis
2025-01-09T08:47:54.1133400Z   Installing build dependencies: started
2025-01-09T08:47:57.6406980Z   Installing build dependencies: finished with status 'done'
2025-01-09T08:47:57.6413660Z   Checking if build backend supports build_editable: started
2025-01-09T08:47:57.7445470Z   Checking if build backend supports build_editable: finished with status 'done'
2025-01-09T08:47:57.7454430Z   Getting requirements to build editable: started
2025-01-09T08:47:58.1641060Z   Getting requirements to build editable: finished with status 'done'
2025-01-09T08:47:58.1651920Z   Preparing editable metadata (pyproject.toml): started
2025-01-09T08:47:58.5382930Z   Preparing editable metadata (pyproject.toml): finished with status 'done'
2025-01-09T08:47:58.5777720Z Requirement already satisfied: astropy in /Users/runner/micromamba/envs/tardis/lib/python3.12/site-packages (from tardis==0.0.0) (6.1.1)
2025-01-09T08:47:58.6020230Z Requirement already satisfied: numpy>=1.23 in /Users/runner/micromamba/envs/tardis/lib/python3.12/site-packages (from astropy->tardis==0.0.0) (1.26.4)
2025-01-09T08:47:58.6026110Z Requirement already satisfied: pyerfa>=2.0.1.1 in /Users/runner/micromamba/envs/tardis/lib/python3.12/site-packages (from astropy->tardis==0.0.0) (2.0.1.4)
2025-01-09T08:47:58.6032350Z Requirement already satisfied: astropy-iers-data>=0.2024.5.27.0.30.8 in /Users/runner/micromamba/envs/tardis/lib/python3.12/site-packages (from astropy->tardis==0.0.0) (0.2024.6.17.0.31.35)
2025-01-09T08:47:58.6037130Z Requirement already satisfied: PyYAML>=3.13 in /Users/runner/micromamba/envs/tardis/lib/python3.12/site-packages (from astropy->tardis==0.0.0) (6.0.1)
2025-01-09T08:47:58.6042690Z Requirement already satisfied: packaging>=19.0 in /Users/runner/micromamba/envs/tardis/lib/python3.12/site-packages (from astropy->tardis==0.0.0) (24.1)
2025-01-09T08:47:58.6095920Z Building wheels for collected packages: tardis
2025-01-09T08:47:58.6102760Z   Building editable for tardis (pyproject.toml): started
2025-01-09T08:47:59.2147690Z   Building editable for tardis (pyproject.toml): finished with status 'done'
2025-01-09T08:47:59.2153760Z   Created wheel for tardis: filename=tardis-0.0.0-0.editable-py3-none-any.whl size=8878 sha256=62ea1547cc6a962c3e66a446a60106c1362b1e4004f79453ac1f24f9505a2ef8
2025-01-09T08:47:59.2154710Z   Stored in directory: /private/var/folders/ml/x_tvfgn50_s7p67dm1ypcqqm0000gn/T/pip-ephem-wheel-cache-raez6kvd/wheels/bb/4f/6a/0829b918c1c10bc28535ce7f14be21eee54375bdd9cd0c306a
2025-01-09T08:47:59.2176500Z Successfully built tardis
2025-01-09T08:47:59.7303420Z Installing collected packages: tardis
2025-01-09T08:47:59.7369110Z Successfully installed tardis-0.0.0
2025-01-09T08:47:59.9739980Z ##[group]Run pip install qgridnext
2025-01-09T08:47:59.9740220Z [36;1mpip install qgridnext[0m
2025-01-09T08:47:59.9817220Z shell: /bin/bash -l {0}
2025-01-09T08:47:59.9817400Z env:
2025-01-09T08:47:59.9817540Z   CACHE_NUMBER: 0
2025-01-09T08:47:59.9818050Z   PYTEST_FLAGS: --tardis-regression-data=/Users/runner/work/tardis/tardis/tardis-regression-data --cov=tardis --cov-report=xml --cov-report=html --cov-append
2025-01-09T08:47:59.9819460Z   CODECOV_TOKEN: ***
2025-01-09T08:47:59.9819660Z   MAMBA_ROOT_PREFIX: /Users/runner/micromamba
2025-01-09T08:47:59.9819910Z   MAMBA_EXE: /Users/runner/micromamba-bin/micromamba
2025-01-09T08:47:59.9820270Z   CONDARC: /Users/runner/work/_temp/setup-micromamba/.condarc
2025-01-09T08:47:59.9820510Z ##[endgroup]
2025-01-09T08:48:00.6052810Z Collecting qgridnext
2025-01-09T08:48:00.6464180Z   Downloading qgridnext-2.0.4-py3-none-any.whl.metadata (9.9 kB)
2025-01-09T08:48:00.6616500Z Requirement already satisfied: pandas>=0.20.0 in /Users/runner/micromamba/envs/tardis/lib/python3.12/site-packages (from qgridnext) (2.2.2)
2025-01-09T08:48:00.6622260Z Requirement already satisfied: ipywidgets>=7.0.0 in /Users/runner/micromamba/envs/tardis/lib/python3.12/site-packages (from qgridnext) (7.8.0)
2025-01-09T08:48:00.6627890Z Requirement already satisfied: numpy in /Users/runner/micromamba/envs/tardis/lib/python3.12/site-packages (from qgridnext) (1.26.4)
2025-01-09T08:48:00.6633980Z Requirement already satisfied: traitlets in /Users/runner/micromamba/envs/tardis/lib/python3.12/site-packages (from qgridnext) (5.14.3)
2025-01-09T08:48:00.6684900Z Requirement already satisfied: comm>=0.1.3 in /Users/runner/micromamba/envs/tardis/lib/python3.12/site-packages (from ipywidgets>=7.0.0->qgridnext) (0.2.2)
2025-01-09T08:48:00.6689740Z Requirement already satisfied: ipython-genutils~=0.2.0 in /Users/runner/micromamba/envs/tardis/lib/python3.12/site-packages (from ipywidgets>=7.0.0->qgridnext) (0.2.0)
2025-01-09T08:48:00.6697840Z Requirement already satisfied: widgetsnbextension~=3.6.5 in /Users/runner/micromamba/envs/tardis/lib/python3.12/site-packages (from ipywidgets>=7.0.0->qgridnext) (3.6.6)
2025-01-09T08:48:00.6706390Z Requirement already satisfied: ipython>=4.0.0 in /Users/runner/micromamba/envs/tardis/lib/python3.12/site-packages (from ipywidgets>=7.0.0->qgridnext) (8.25.0)
2025-01-09T08:48:00.6715050Z Requirement already satisfied: jupyterlab-widgets<3,>=1.0.0 in /Users/runner/micromamba/envs/tardis/lib/python3.12/site-packages (from ipywidgets>=7.0.0->qgridnext) (1.1.7)
2025-01-09T08:48:00.6987310Z Requirement already satisfied: python-dateutil>=2.8.2 in /Users/runner/micromamba/envs/tardis/lib/python3.12/site-packages (from pandas>=0.20.0->qgridnext) (2.9.0)
2025-01-09T08:48:00.6995750Z Requirement already satisfied: pytz>=2020.1 in /Users/runner/micromamba/envs/tardis/lib/python3.12/site-packages (from pandas>=0.20.0->qgridnext) (2024.1)
2025-01-09T08:48:00.7000860Z Requirement already satisfied: tzdata>=2022.7 in /Users/runner/micromamba/envs/tardis/lib/python3.12/site-packages (from pandas>=0.20.0->qgridnext) (2024.1)
2025-01-09T08:48:00.7192360Z Requirement already satisfied: decorator in /Users/runner/micromamba/envs/tardis/lib/python3.12/site-packages (from ipython>=4.0.0->ipywidgets>=7.0.0->qgridnext) (5.1.1)
2025-01-09T08:48:00.7203280Z Requirement already satisfied: jedi>=0.16 in /Users/runner/micromamba/envs/tardis/lib/python3.12/site-packages (from ipython>=4.0.0->ipywidgets>=7.0.0->qgridnext) (0.19.1)
2025-01-09T08:48:00.7208330Z Requirement already satisfied: matplotlib-inline in /Users/runner/micromamba/envs/tardis/lib/python3.12/site-packages (from ipython>=4.0.0->ipywidgets>=7.0.0->qgridnext) (0.1.7)
2025-01-09T08:48:00.7213840Z Requirement already satisfied: prompt-toolkit<3.1.0,>=3.0.41 in /Users/runner/micromamba/envs/tardis/lib/python3.12/site-packages (from ipython>=4.0.0->ipywidgets>=7.0.0->qgridnext) (3.0.47)
2025-01-09T08:48:00.7219860Z Requirement already satisfied: pygments>=2.4.0 in /Users/runner/micromamba/envs/tardis/lib/python3.12/site-packages (from ipython>=4.0.0->ipywidgets>=7.0.0->qgridnext) (2.18.0)
2025-01-09T08:48:00.7224850Z Requirement already satisfied: stack-data in /Users/runner/micromamba/envs/tardis/lib/python3.12/site-packages (from ipython>=4.0.0->ipywidgets>=7.0.0->qgridnext) (0.6.2)
2025-01-09T08:48:00.7235630Z Requirement already satisfied: pexpect>4.3 in /Users/runner/micromamba/envs/tardis/lib/python3.12/site-packages (from ipython>=4.0.0->ipywidgets>=7.0.0->qgridnext) (4.9.0)
2025-01-09T08:48:00.7262540Z Requirement already satisfied: six>=1.5 in /Users/runner/micromamba/envs/tardis/lib/python3.12/site-packages (from python-dateutil>=2.8.2->pandas>=0.20.0->qgridnext) (1.16.0)
2025-01-09T08:48:00.7302910Z Requirement already satisfied: notebook>=4.4.1 in /Users/runner/micromamba/envs/tardis/lib/python3.12/site-packages (from widgetsnbextension~=3.6.5->ipywidgets>=7.0.0->qgridnext) (7.2.1)
2025-01-09T08:48:00.7425440Z Requirement already satisfied: parso<0.9.0,>=0.8.3 in /Users/runner/micromamba/envs/tardis/lib/python3.12/site-packages (from jedi>=0.16->ipython>=4.0.0->ipywidgets>=7.0.0->qgridnext) (0.8.4)
2025-01-09T08:48:00.7513010Z Requirement already satisfied: jupyter-server<3,>=2.4.0 in /Users/runner/micromamba/envs/tardis/lib/python3.12/site-packages (from notebook>=4.4.1->widgetsnbextension~=3.6.5->ipywidgets>=7.0.0->qgridnext) (2.14.1)
2025-01-09T08:48:00.7617410Z Requirement already satisfied: jupyterlab-server<3,>=2.27.1 in /Users/runner/micromamba/envs/tardis/lib/python3.12/site-packages (from notebook>=4.4.1->widgetsnbextension~=3.6.5->ipywidgets>=7.0.0->qgridnext) (2.27.2)
2025-01-09T08:48:00.7719910Z Requirement already satisfied: jupyterlab<4.3,>=4.2.0 in /Users/runner/micromamba/envs/tardis/lib/python3.12/site-packages (from notebook>=4.4.1->widgetsnbextension~=3.6.5->ipywidgets>=7.0.0->qgridnext) (4.2.2)
2025-01-09T08:48:00.7821800Z Requirement already satisfied: notebook-shim<0.3,>=0.2 in /Users/runner/micromamba/envs/tardis/lib/python3.12/site-packages (from notebook>=4.4.1->widgetsnbextension~=3.6.5->ipywidgets>=7.0.0->qgridnext) (0.2.4)
2025-01-09T08:48:00.7923540Z Requirement already satisfied: tornado>=6.2.0 in /Users/runner/micromamba/envs/tardis/lib/python3.12/site-packages (from notebook>=4.4.1->widgetsnbextension~=3.6.5->ipywidgets>=7.0.0->qgridnext) (6.4.1)
2025-01-09T08:48:00.8025330Z Requirement already satisfied: ptyprocess>=0.5 in /Users/runner/micromamba/envs/tardis/lib/python3.12/site-packages (from pexpect>4.3->ipython>=4.0.0->ipywidgets>=7.0.0->qgridnext) (0.7.0)
2025-01-09T08:48:00.8127060Z Requirement already satisfied: wcwidth in /Users/runner/micromamba/envs/tardis/lib/python3.12/site-packages (from prompt-toolkit<3.1.0,>=3.0.41->ipython>=4.0.0->ipywidgets>=7.0.0->qgridnext) (0.2.13)
2025-01-09T08:48:00.8228860Z Requirement already satisfied: executing>=1.2.0 in /Users/runner/micromamba/envs/tardis/lib/python3.12/site-packages (from stack-data->ipython>=4.0.0->ipywidgets>=7.0.0->qgridnext) (2.0.1)
2025-01-09T08:48:00.8330540Z Requirement already satisfied: asttokens>=2.1.0 in /Users/runner/micromamba/envs/tardis/lib/python3.12/site-packages (from stack-data->ipython>=4.0.0->ipywidgets>=7.0.0->qgridnext) (2.4.1)
2025-01-09T08:48:00.8432240Z Requirement already satisfied: pure-eval in /Users/runner/micromamba/envs/tardis/lib/python3.12/site-packages (from stack-data->ipython>=4.0.0->ipywidgets>=7.0.0->qgridnext) (0.2.2)
2025-01-09T08:48:00.8534030Z Requirement already satisfied: anyio>=3.1.0 in /Users/runner/micromamba/envs/tardis/lib/python3.12/site-packages (from jupyter-server<3,>=2.4.0->notebook>=4.4.1->widgetsnbextension~=3.6.5->ipywidgets>=7.0.0->qgridnext) (4.4.0)
2025-01-09T08:48:00.8635970Z Requirement already satisfied: argon2-cffi>=21.1 in /Users/runner/micromamba/envs/tardis/lib/python3.12/site-packages (from jupyter-server<3,>=2.4.0->notebook>=4.4.1->widgetsnbextension~=3.6.5->ipywidgets>=7.0.0->qgridnext) (23.1.0)
2025-01-09T08:48:00.8738460Z Requirement already satisfied: jinja2>=3.0.3 in /Users/runner/micromamba/envs/tardis/lib/python3.12/site-packages (from jupyter-server<3,>=2.4.0->notebook>=4.4.1->widgetsnbextension~=3.6.5->ipywidgets>=7.0.0->qgridnext) (3.1.4)
2025-01-09T08:48:00.8840480Z Requirement already satisfied: jupyter-client>=7.4.4 in /Users/runner/micromamba/envs/tardis/lib/python3.12/site-packages (from jupyter-server<3,>=2.4.0->notebook>=4.4.1->widgetsnbextension~=3.6.5->ipywidgets>=7.0.0->qgridnext) (8.6.2)
2025-01-09T08:48:00.8942770Z Requirement already satisfied: jupyter-core!=5.0.*,>=4.12 in /Users/runner/micromamba/envs/tardis/lib/python3.12/site-packages (from jupyter-server<3,>=2.4.0->notebook>=4.4.1->widgetsnbextension~=3.6.5->ipywidgets>=7.0.0->qgridnext) (5.7.2)
2025-01-09T08:48:00.9044700Z Requirement already satisfied: jupyter-events>=0.9.0 in /Users/runner/micromamba/envs/tardis/lib/python3.12/site-packages (from jupyter-server<3,>=2.4.0->notebook>=4.4.1->widgetsnbextension~=3.6.5->ipywidgets>=7.0.0->qgridnext) (0.10.0)
2025-01-09T08:48:00.9146720Z Requirement already satisfied: jupyter-server-terminals>=0.4.4 in /Users/runner/micromamba/envs/tardis/lib/python3.12/site-packages (from jupyter-server<3,>=2.4.0->notebook>=4.4.1->widgetsnbextension~=3.6.5->ipywidgets>=7.0.0->qgridnext) (0.5.3)
2025-01-09T08:48:00.9248750Z Requirement already satisfied: nbconvert>=6.4.4 in /Users/runner/micromamba/envs/tardis/lib/python3.12/site-packages (from jupyter-server<3,>=2.4.0->notebook>=4.4.1->widgetsnbextension~=3.6.5->ipywidgets>=7.0.0->qgridnext) (7.16.4)
2025-01-09T08:48:00.9360250Z Requirement already satisfied: nbformat>=5.3.0 in /Users/runner/micromamba/envs/tardis/lib/python3.12/site-packages (from jupyter-server<3,>=2.4.0->notebook>=4.4.1->widgetsnbextension~=3.6.5->ipywidgets>=7.0.0->qgridnext) (5.10.4)
2025-01-09T08:48:00.9462100Z Requirement already satisfied: overrides>=5.0 in /Users/runner/micromamba/envs/tardis/lib/python3.12/site-packages (from jupyter-server<3,>=2.4.0->notebook>=4.4.1->widgetsnbextension~=3.6.5->ipywidgets>=7.0.0->qgridnext) (7.7.0)
2025-01-09T08:48:00.9564270Z Requirement already satisfied: packaging>=22.0 in /Users/runner/micromamba/envs/tardis/lib/python3.12/site-packages (from jupyter-server<3,>=2.4.0->notebook>=4.4.1->widgetsnbextension~=3.6.5->ipywidgets>=7.0.0->qgridnext) (24.1)
2025-01-09T08:48:00.9666460Z Requirement already satisfied: prometheus-client>=0.9 in /Users/runner/micromamba/envs/tardis/lib/python3.12/site-packages (from jupyter-server<3,>=2.4.0->notebook>=4.4.1->widgetsnbextension~=3.6.5->ipywidgets>=7.0.0->qgridnext) (0.20.0)
2025-01-09T08:48:00.9788450Z Requirement already satisfied: pyzmq>=24 in /Users/runner/micromamba/envs/tardis/lib/python3.12/site-packages (from jupyter-server<3,>=2.4.0->notebook>=4.4.1->widgetsnbextension~=3.6.5->ipywidgets>=7.0.0->qgridnext) (26.0.3)
2025-01-09T08:48:00.9890370Z Requirement already satisfied: send2trash>=1.8.2 in /Users/runner/micromamba/envs/tardis/lib/python3.12/site-packages (from jupyter-server<3,>=2.4.0->notebook>=4.4.1->widgetsnbextension~=3.6.5->ipywidgets>=7.0.0->qgridnext) (1.8.3)
2025-01-09T08:48:00.9992370Z Requirement already satisfied: terminado>=0.8.3 in /Users/runner/micromamba/envs/tardis/lib/python3.12/site-packages (from jupyter-server<3,>=2.4.0->notebook>=4.4.1->widgetsnbextension~=3.6.5->ipywidgets>=7.0.0->qgridnext) (0.18.1)
2025-01-09T08:48:01.0094470Z Requirement already satisfied: websocket-client>=1.7 in /Users/runner/micromamba/envs/tardis/lib/python3.12/site-packages (from jupyter-server<3,>=2.4.0->notebook>=4.4.1->widgetsnbextension~=3.6.5->ipywidgets>=7.0.0->qgridnext) (1.8.0)
2025-01-09T08:48:01.0196430Z Requirement already satisfied: async-lru>=1.0.0 in /Users/runner/micromamba/envs/tardis/lib/python3.12/site-packages (from jupyterlab<4.3,>=4.2.0->notebook>=4.4.1->widgetsnbextension~=3.6.5->ipywidgets>=7.0.0->qgridnext) (2.0.4)
2025-01-09T08:48:01.0303450Z Requirement already satisfied: httpx>=0.25.0 in /Users/runner/micromamba/envs/tardis/lib/python3.12/site-packages (from jupyterlab<4.3,>=4.2.0->notebook>=4.4.1->widgetsnbextension~=3.6.5->ipywidgets>=7.0.0->qgridnext) (0.27.0)
2025-01-09T08:48:01.0405920Z Requirement already satisfied: ipykernel>=6.5.0 in /Users/runner/micromamba/envs/tardis/lib/python3.12/site-packages (from jupyterlab<4.3,>=4.2.0->notebook>=4.4.1->widgetsnbextension~=3.6.5->ipywidgets>=7.0.0->qgridnext) (6.29.4)
2025-01-09T08:48:01.0508310Z Requirement already satisfied: jupyter-lsp>=2.0.0 in /Users/runner/micromamba/envs/tardis/lib/python3.12/site-packages (from jupyterlab<4.3,>=4.2.0->notebook>=4.4.1->widgetsnbextension~=3.6.5->ipywidgets>=7.0.0->qgridnext) (2.2.5)
2025-01-09T08:48:01.0616080Z Requirement already satisfied: setuptools>=40.1.0 in /Users/runner/micromamba/envs/tardis/lib/python3.12/site-packages (from jupyterlab<4.3,>=4.2.0->notebook>=4.4.1->widgetsnbextension~=3.6.5->ipywidgets>=7.0.0->qgridnext) (70.0.0)
2025-01-09T08:48:01.0718090Z Requirement already satisfied: babel>=2.10 in /Users/runner/micromamba/envs/tardis/lib/python3.12/site-packages (from jupyterlab-server<3,>=2.27.1->notebook>=4.4.1->widgetsnbextension~=3.6.5->ipywidgets>=7.0.0->qgridnext) (2.14.0)
2025-01-09T08:48:01.0820060Z Requirement already satisfied: json5>=0.9.0 in /Users/runner/micromamba/envs/tardis/lib/python3.12/site-packages (from jupyterlab-server<3,>=2.27.1->notebook>=4.4.1->widgetsnbextension~=3.6.5->ipywidgets>=7.0.0->qgridnext) (0.9.25)
2025-01-09T08:48:01.0926350Z Requirement already satisfied: jsonschema>=4.18.0 in /Users/runner/micromamba/envs/tardis/lib/python3.12/site-packages (from jupyterlab-server<3,>=2.27.1->notebook>=4.4.1->widgetsnbextension~=3.6.5->ipywidgets>=7.0.0->qgridnext) (4.22.0)
2025-01-09T08:48:01.0927970Z Requirement already satisfied: requests>=2.31 in /Users/runner/micromamba/envs/tardis/lib/python3.12/site-packages (from jupyterlab-server<3,>=2.27.1->notebook>=4.4.1->widgetsnbextension~=3.6.5->ipywidgets>=7.0.0->qgridnext) (2.32.3)
2025-01-09T08:48:01.1029840Z Requirement already satisfied: idna>=2.8 in /Users/runner/micromamba/envs/tardis/lib/python3.12/site-packages (from anyio>=3.1.0->jupyter-server<3,>=2.4.0->notebook>=4.4.1->widgetsnbextension~=3.6.5->ipywidgets>=7.0.0->qgridnext) (3.7)
2025-01-09T08:48:01.1131720Z Requirement already satisfied: sniffio>=1.1 in /Users/runner/micromamba/envs/tardis/lib/python3.12/site-packages (from anyio>=3.1.0->jupyter-server<3,>=2.4.0->notebook>=4.4.1->widgetsnbextension~=3.6.5->ipywidgets>=7.0.0->qgridnext) (1.3.1)
2025-01-09T08:48:01.1233850Z Requirement already satisfied: argon2-cffi-bindings in /Users/runner/micromamba/envs/tardis/lib/python3.12/site-packages (from argon2-cffi>=21.1->jupyter-server<3,>=2.4.0->notebook>=4.4.1->widgetsnbextension~=3.6.5->ipywidgets>=7.0.0->qgridnext) (21.2.0)
2025-01-09T08:48:01.1335750Z Requirement already satisfied: certifi in /Users/runner/micromamba/envs/tardis/lib/python3.12/site-packages (from httpx>=0.25.0->jupyterlab<4.3,>=4.2.0->notebook>=4.4.1->widgetsnbextension~=3.6.5->ipywidgets>=7.0.0->qgridnext) (2024.6.2)
2025-01-09T08:48:01.1437660Z Requirement already satisfied: httpcore==1.* in /Users/runner/micromamba/envs/tardis/lib/python3.12/site-packages (from httpx>=0.25.0->jupyterlab<4.3,>=4.2.0->notebook>=4.4.1->widgetsnbextension~=3.6.5->ipywidgets>=7.0.0->qgridnext) (1.0.5)
2025-01-09T08:48:01.1539820Z Requirement already satisfied: h11<0.15,>=0.13 in /Users/runner/micromamba/envs/tardis/lib/python3.12/site-packages (from httpcore==1.*->httpx>=0.25.0->jupyterlab<4.3,>=4.2.0->notebook>=4.4.1->widgetsnbextension~=3.6.5->ipywidgets>=7.0.0->qgridnext) (0.14.0)
2025-01-09T08:48:01.1642050Z Requirement already satisfied: appnope in /Users/runner/micromamba/envs/tardis/lib/python3.12/site-packages (from ipykernel>=6.5.0->jupyterlab<4.3,>=4.2.0->notebook>=4.4.1->widgetsnbextension~=3.6.5->ipywidgets>=7.0.0->qgridnext) (0.1.4)
2025-01-09T08:48:01.1744150Z Requirement already satisfied: debugpy>=1.6.5 in /Users/runner/micromamba/envs/tardis/lib/python3.12/site-packages (from ipykernel>=6.5.0->jupyterlab<4.3,>=4.2.0->notebook>=4.4.1->widgetsnbextension~=3.6.5->ipywidgets>=7.0.0->qgridnext) (1.8.1)
2025-01-09T08:48:01.1846680Z Requirement already satisfied: nest-asyncio in /Users/runner/micromamba/envs/tardis/lib/python3.12/site-packages (from ipykernel>=6.5.0->jupyterlab<4.3,>=4.2.0->notebook>=4.4.1->widgetsnbextension~=3.6.5->ipywidgets>=7.0.0->qgridnext) (1.6.0)
2025-01-09T08:48:01.1949230Z Requirement already satisfied: psutil in /Users/runner/micromamba/envs/tardis/lib/python3.12/site-packages (from ipykernel>=6.5.0->jupyterlab<4.3,>=4.2.0->notebook>=4.4.1->widgetsnbextension~=3.6.5->ipywidgets>=7.0.0->qgridnext) (5.9.8)
2025-01-09T08:48:01.2051930Z Requirement already satisfied: MarkupSafe>=2.0 in /Users/runner/micromamba/envs/tardis/lib/python3.12/site-packages (from jinja2>=3.0.3->jupyter-server<3,>=2.4.0->notebook>=4.4.1->widgetsnbextension~=3.6.5->ipywidgets>=7.0.0->qgridnext) (2.1.5)
2025-01-09T08:48:01.2154220Z Requirement already satisfied: attrs>=22.2.0 in /Users/runner/micromamba/envs/tardis/lib/python3.12/site-packages (from jsonschema>=4.18.0->jupyterlab-server<3,>=2.27.1->notebook>=4.4.1->widgetsnbextension~=3.6.5->ipywidgets>=7.0.0->qgridnext) (23.2.0)
2025-01-09T08:48:01.2256320Z Requirement already satisfied: jsonschema-specifications>=2023.03.6 in /Users/runner/micromamba/envs/tardis/lib/python3.12/site-packages (from jsonschema>=4.18.0->jupyterlab-server<3,>=2.27.1->notebook>=4.4.1->widgetsnbextension~=3.6.5->ipywidgets>=7.0.0->qgridnext) (2023.12.1)
2025-01-09T08:48:01.2358640Z Requirement already satisfied: referencing>=0.28.4 in /Users/runner/micromamba/envs/tardis/lib/python3.12/site-packages (from jsonschema>=4.18.0->jupyterlab-server<3,>=2.27.1->notebook>=4.4.1->widgetsnbextension~=3.6.5->ipywidgets>=7.0.0->qgridnext) (0.35.1)
2025-01-09T08:48:01.2460930Z Requirement already satisfied: rpds-py>=0.7.1 in /Users/runner/micromamba/envs/tardis/lib/python3.12/site-packages (from jsonschema>=4.18.0->jupyterlab-server<3,>=2.27.1->notebook>=4.4.1->widgetsnbextension~=3.6.5->ipywidgets>=7.0.0->qgridnext) (0.18.1)
2025-01-09T08:48:01.2563080Z Requirement already satisfied: platformdirs>=2.5 in /Users/runner/micromamba/envs/tardis/lib/python3.12/site-packages (from jupyter-core!=5.0.*,>=4.12->jupyter-server<3,>=2.4.0->notebook>=4.4.1->widgetsnbextension~=3.6.5->ipywidgets>=7.0.0->qgridnext) (4.2.2)
2025-01-09T08:48:01.2665650Z Requirement already satisfied: python-json-logger>=2.0.4 in /Users/runner/micromamba/envs/tardis/lib/python3.12/site-packages (from jupyter-events>=0.9.0->jupyter-server<3,>=2.4.0->notebook>=4.4.1->widgetsnbextension~=3.6.5->ipywidgets>=7.0.0->qgridnext) (2.0.7)
2025-01-09T08:48:01.2735430Z Requirement already satisfied: pyyaml>=5.3 in /Users/runner/micromamba/envs/tardis/lib/python3.12/site-packages (from jupyter-events>=0.9.0->jupyter-server<3,>=2.4.0->notebook>=4.4.1->widgetsnbextension~=3.6.5->ipywidgets>=7.0.0->qgridnext) (6.0.1)
2025-01-09T08:48:01.2838380Z Requirement already satisfied: rfc3339-validator in /Users/runner/micromamba/envs/tardis/lib/python3.12/site-packages (from jupyter-events>=0.9.0->jupyter-server<3,>=2.4.0->notebook>=4.4.1->widgetsnbextension~=3.6.5->ipywidgets>=7.0.0->qgridnext) (0.1.4)
2025-01-09T08:48:01.2874490Z Requirement already satisfied: rfc3986-validator>=0.1.1 in /Users/runner/micromamba/envs/tardis/lib/python3.12/site-packages (from jupyter-events>=0.9.0->jupyter-server<3,>=2.4.0->notebook>=4.4.1->widgetsnbextension~=3.6.5->ipywidgets>=7.0.0->qgridnext) (0.1.1)
2025-01-09T08:48:01.2906610Z Requirement already satisfied: beautifulsoup4 in /Users/runner/micromamba/envs/tardis/lib/python3.12/site-packages (from nbconvert>=6.4.4->jupyter-server<3,>=2.4.0->notebook>=4.4.1->widgetsnbextension~=3.6.5->ipywidgets>=7.0.0->qgridnext) (4.12.3)
2025-01-09T08:48:01.2961810Z Requirement already satisfied: bleach!=5.0.0 in /Users/runner/micromamba/envs/tardis/lib/python3.12/site-packages (from nbconvert>=6.4.4->jupyter-server<3,>=2.4.0->notebook>=4.4.1->widgetsnbextension~=3.6.5->ipywidgets>=7.0.0->qgridnext) (6.1.0)
2025-01-09T08:48:01.3010680Z Requirement already satisfied: defusedxml in /Users/runner/micromamba/envs/tardis/lib/python3.12/site-packages (from nbconvert>=6.4.4->jupyter-server<3,>=2.4.0->notebook>=4.4.1->widgetsnbextension~=3.6.5->ipywidgets>=7.0.0->qgridnext) (0.7.1)
2025-01-09T08:48:01.3041710Z Requirement already satisfied: jupyterlab-pygments in /Users/runner/micromamba/envs/tardis/lib/python3.12/site-packages (from nbconvert>=6.4.4->jupyter-server<3,>=2.4.0->notebook>=4.4.1->widgetsnbextension~=3.6.5->ipywidgets>=7.0.0->qgridnext) (0.3.0)
2025-01-09T08:48:01.3086830Z Requirement already satisfied: mistune<4,>=2.0.3 in /Users/runner/micromamba/envs/tardis/lib/python3.12/site-packages (from nbconvert>=6.4.4->jupyter-server<3,>=2.4.0->notebook>=4.4.1->widgetsnbextension~=3.6.5->ipywidgets>=7.0.0->qgridnext) (3.0.2)
2025-01-09T08:48:01.3117930Z Requirement already satisfied: nbclient>=0.5.0 in /Users/runner/micromamba/envs/tardis/lib/python3.12/site-packages (from nbconvert>=6.4.4->jupyter-server<3,>=2.4.0->notebook>=4.4.1->widgetsnbextension~=3.6.5->ipywidgets>=7.0.0->qgridnext) (0.10.0)
2025-01-09T08:48:01.3148930Z Requirement already satisfied: pandocfilters>=1.4.1 in /Users/runner/micromamba/envs/tardis/lib/python3.12/site-packages (from nbconvert>=6.4.4->jupyter-server<3,>=2.4.0->notebook>=4.4.1->widgetsnbextension~=3.6.5->ipywidgets>=7.0.0->qgridnext) (1.5.0)
2025-01-09T08:48:01.3202090Z Requirement already satisfied: tinycss2 in /Users/runner/micromamba/envs/tardis/lib/python3.12/site-packages (from nbconvert>=6.4.4->jupyter-server<3,>=2.4.0->notebook>=4.4.1->widgetsnbextension~=3.6.5->ipywidgets>=7.0.0->qgridnext) (1.3.0)
2025-01-09T08:48:01.3229080Z Requirement already satisfied: fastjsonschema>=2.15 in /Users/runner/micromamba/envs/tardis/lib/python3.12/site-packages (from nbformat>=5.3.0->jupyter-server<3,>=2.4.0->notebook>=4.4.1->widgetsnbextension~=3.6.5->ipywidgets>=7.0.0->qgridnext) (2.20.0)
2025-01-09T08:48:01.3273290Z Requirement already satisfied: charset-normalizer<4,>=2 in /Users/runner/micromamba/envs/tardis/lib/python3.12/site-packages (from requests>=2.31->jupyterlab-server<3,>=2.27.1->notebook>=4.4.1->widgetsnbextension~=3.6.5->ipywidgets>=7.0.0->qgridnext) (3.3.2)
2025-01-09T08:48:01.3311390Z Requirement already satisfied: urllib3<3,>=1.21.1 in /Users/runner/micromamba/envs/tardis/lib/python3.12/site-packages (from requests>=2.31->jupyterlab-server<3,>=2.27.1->notebook>=4.4.1->widgetsnbextension~=3.6.5->ipywidgets>=7.0.0->qgridnext) (2.2.2)
2025-01-09T08:48:01.3339740Z Requirement already satisfied: webencodings in /Users/runner/micromamba/envs/tardis/lib/python3.12/site-packages (from bleach!=5.0.0->nbconvert>=6.4.4->jupyter-server<3,>=2.4.0->notebook>=4.4.1->widgetsnbextension~=3.6.5->ipywidgets>=7.0.0->qgridnext) (0.5.1)
2025-01-09T08:48:01.3375030Z Requirement already satisfied: fqdn in /Users/runner/micromamba/envs/tardis/lib/python3.12/site-packages (from jsonschema[format-nongpl]>=4.18.0->jupyter-events>=0.9.0->jupyter-server<3,>=2.4.0->notebook>=4.4.1->widgetsnbextension~=3.6.5->ipywidgets>=7.0.0->qgridnext) (1.5.1)
2025-01-09T08:48:01.3414390Z Requirement already satisfied: isoduration in /Users/runner/micromamba/envs/tardis/lib/python3.12/site-packages (from jsonschema[format-nongpl]>=4.18.0->jupyter-events>=0.9.0->jupyter-server<3,>=2.4.0->notebook>=4.4.1->widgetsnbextension~=3.6.5->ipywidgets>=7.0.0->qgridnext) (20.11.0)
2025-01-09T08:48:01.3442720Z Requirement already satisfied: jsonpointer>1.13 in /Users/runner/micromamba/envs/tardis/lib/python3.12/site-packages (from jsonschema[format-nongpl]>=4.18.0->jupyter-events>=0.9.0->jupyter-server<3,>=2.4.0->notebook>=4.4.1->widgetsnbextension~=3.6.5->ipywidgets>=7.0.0->qgridnext) (3.0.0)
2025-01-09T08:48:01.3476620Z Requirement already satisfied: uri-template in /Users/runner/micromamba/envs/tardis/lib/python3.12/site-packages (from jsonschema[format-nongpl]>=4.18.0->jupyter-events>=0.9.0->jupyter-server<3,>=2.4.0->notebook>=4.4.1->widgetsnbextension~=3.6.5->ipywidgets>=7.0.0->qgridnext) (1.3.0)
2025-01-09T08:48:01.3505570Z Requirement already satisfied: webcolors>=1.11 in /Users/runner/micromamba/envs/tardis/lib/python3.12/site-packages (from jsonschema[format-nongpl]>=4.18.0->jupyter-events>=0.9.0->jupyter-server<3,>=2.4.0->notebook>=4.4.1->widgetsnbextension~=3.6.5->ipywidgets>=7.0.0->qgridnext) (24.6.0)
2025-01-09T08:48:01.3537190Z Requirement already satisfied: cffi>=1.0.1 in /Users/runner/micromamba/envs/tardis/lib/python3.12/site-packages (from argon2-cffi-bindings->argon2-cffi>=21.1->jupyter-server<3,>=2.4.0->notebook>=4.4.1->widgetsnbextension~=3.6.5->ipywidgets>=7.0.0->qgridnext) (1.16.0)
2025-01-09T08:48:01.3561010Z Requirement already satisfied: soupsieve>1.2 in /Users/runner/micromamba/envs/tardis/lib/python3.12/site-packages (from beautifulsoup4->nbconvert>=6.4.4->jupyter-server<3,>=2.4.0->notebook>=4.4.1->widgetsnbextension~=3.6.5->ipywidgets>=7.0.0->qgridnext) (2.5)
2025-01-09T08:48:01.3594440Z Requirement already satisfied: pycparser in /Users/runner/micromamba/envs/tardis/lib/python3.12/site-packages (from cffi>=1.0.1->argon2-cffi-bindings->argon2-cffi>=21.1->jupyter-server<3,>=2.4.0->notebook>=4.4.1->widgetsnbextension~=3.6.5->ipywidgets>=7.0.0->qgridnext) (2.22)
2025-01-09T08:48:01.3622430Z Requirement already satisfied: arrow>=0.15.0 in /Users/runner/micromamba/envs/tardis/lib/python3.12/site-packages (from isoduration->jsonschema[format-nongpl]>=4.18.0->jupyter-events>=0.9.0->jupyter-server<3,>=2.4.0->notebook>=4.4.1->widgetsnbextension~=3.6.5->ipywidgets>=7.0.0->qgridnext) (1.3.0)
2025-01-09T08:48:01.3640080Z Requirement already satisfied: types-python-dateutil>=2.8.10 in /Users/runner/micromamba/envs/tardis/lib/python3.12/site-packages (from arrow>=0.15.0->isoduration->jsonschema[format-nongpl]>=4.18.0->jupyter-events>=0.9.0->jupyter-server<3,>=2.4.0->notebook>=4.4.1->widgetsnbextension~=3.6.5->ipywidgets>=7.0.0->qgridnext) (2.9.0.20240316)
2025-01-09T08:48:01.3673840Z Downloading qgridnext-2.0.4-py3-none-any.whl (1.3 MB)
2025-01-09T08:48:01.4030370Z    ━━━━━━━━━━━━━━━━━━━━━━━━━━━━━━━━━━━━━━━━ 1.3/1.3 MB 23.3 MB/s eta 0:00:00
2025-01-09T08:48:01.9427030Z Installing collected packages: qgridnext
2025-01-09T08:48:01.9872270Z Successfully installed qgridnext-2.0.4
2025-01-09T08:48:02.2115600Z ##[group]Run pytest tardis --tardis-regression-data=/Users/runner/work/tardis/tardis/tardis-regression-data --cov=tardis --cov-report=xml --cov-report=html --cov-append -m " continuum"
2025-01-09T08:48:02.2116790Z [36;1mpytest tardis --tardis-regression-data=/Users/runner/work/tardis/tardis/tardis-regression-data --cov=tardis --cov-report=xml --cov-report=html --cov-append -m " continuum"[0m
2025-01-09T08:48:02.2180150Z shell: /bin/bash -l {0}
2025-01-09T08:48:02.2180350Z env:
2025-01-09T08:48:02.2180500Z   CACHE_NUMBER: 0
2025-01-09T08:48:02.2180990Z   PYTEST_FLAGS: --tardis-regression-data=/Users/runner/work/tardis/tardis/tardis-regression-data --cov=tardis --cov-report=xml --cov-report=html --cov-append
2025-01-09T08:48:02.2181840Z   CODECOV_TOKEN: ***
2025-01-09T08:48:02.2182040Z   MAMBA_ROOT_PREFIX: /Users/runner/micromamba
2025-01-09T08:48:02.2182290Z   MAMBA_EXE: /Users/runner/micromamba-bin/micromamba
2025-01-09T08:48:02.2182640Z   CONDARC: /Users/runner/work/_temp/setup-micromamba/.condarc
2025-01-09T08:48:02.2182900Z ##[endgroup]
2025-01-09T08:48:13.3955470Z ============================= test session starts ==============================
2025-01-09T08:48:13.3955900Z platform darwin -- Python 3.12.4, pytest-8.2.2, pluggy-1.5.0
2025-01-09T08:48:13.3956190Z rootdir: /Users/runner/work/tardis/tardis
2025-01-09T08:48:13.3956410Z configfile: pyproject.toml
2025-01-09T08:48:13.3956690Z plugins: cov-5.0.0, html-4.1.1, metadata-3.1.1, doctestplus-1.2.1, anyio-4.4.0
2025-01-09T08:48:13.3957080Z collected 1796 items / 1794 deselected / 2 selected
2025-01-09T08:48:13.3957260Z 
2025-01-09T08:49:07.7579370Z tardis/transport/montecarlo/estimators/tests/test_continuum_property_solver.py . [ 50%]
2025-01-09T08:49:07.7638590Z                                                                          [ 50%]
2025-01-09T08:49:33.8517590Z tardis/transport/montecarlo/tests/test_continuum.py .                    [100%]
2025-01-09T08:49:33.8518000Z 
2025-01-09T08:49:33.8518360Z =============================== warnings summary ===============================
2025-01-09T08:49:33.8518820Z tardis/io/configuration/config_validator.py:6
2025-01-09T08:49:33.8519190Z tardis/io/configuration/config_validator.py:6
2025-01-09T08:49:33.8519750Z   /Users/runner/work/tardis/tardis/tardis/io/configuration/config_validator.py:6: DeprecationWarning:
2025-01-09T08:49:33.8520280Z   
2025-01-09T08:49:33.8521320Z   jsonschema.RefResolver is deprecated as of v4.18.0, in favor of the https://github.com/python-jsonschema/referencing library, which provides more compliant referencing behavior as well as more flexible APIs for customization. A future release will remove RefResolver. Please file a feature request (on referencing) if you are missing an API for the kind of customization you need.
2025-01-09T08:49:33.8531760Z 
2025-01-09T08:49:33.8532050Z ../../../micromamba/envs/tardis/lib/python3.12/site-packages/jupyter_client/connect.py:22
2025-01-09T08:49:33.8532670Z   /Users/runner/micromamba/envs/tardis/lib/python3.12/site-packages/jupyter_client/connect.py:22: DeprecationWarning:
2025-01-09T08:49:33.8533260Z   
2025-01-09T08:49:33.8533590Z   Jupyter is migrating its paths to use standard platformdirs
2025-01-09T08:49:33.8533950Z   given by the platformdirs library.  To remove this warning and
2025-01-09T08:49:33.8534430Z   see the appropriate new directories, set the environment variable
2025-01-09T08:49:33.8534800Z   `JUPYTER_PLATFORM_DIRS=1` and then run `jupyter --paths`.
2025-01-09T08:49:33.8535200Z   The use of platformdirs will be the default in `jupyter_core` v6
2025-01-09T08:49:33.8535490Z 
2025-01-09T08:49:33.8540740Z tardis/transport/montecarlo/estimators/tests/test_continuum_property_solver.py::test_continuum_estimators
2025-01-09T08:49:33.8541560Z   /Users/runner/work/tardis/tardis/tardis/transport/montecarlo/montecarlo_main_loop.py:123: NumbaTypeSafetyWarning:
2025-01-09T08:49:33.8542130Z   
2025-01-09T08:49:33.8543370Z   [1m[1m[1munsafe cast from uint64 to int64. Precision may be lost.[0m[0m[0m
2025-01-09T08:49:33.8544640Z 
2025-01-09T08:49:33.8544910Z -- Docs: https://docs.pytest.org/en/stable/how-to/capture-warnings.html
2025-01-09T08:49:33.8545130Z 
2025-01-09T08:49:33.8545330Z ---------- coverage: platform darwin, python 3.12.4-final-0 ----------
2025-01-09T08:49:33.8545760Z Coverage HTML written to dir coverage_html_report
2025-01-09T08:49:33.8546170Z Coverage XML written to file coverage.xml
2025-01-09T08:49:33.8546400Z 
2025-01-09T08:49:33.8546540Z ========== 2 passed, 1794 deselected, 4 warnings in 81.76s (0:01:21) ===========
2025-01-09T08:49:34.7794490Z ##[group]Run pytest tardis --tardis-regression-data=/Users/runner/work/tardis/tardis/tardis-regression-data --cov=tardis --cov-report=xml --cov-report=html --cov-append --generate-reference -m " continuum"
2025-01-09T08:49:34.7795910Z [36;1mpytest tardis --tardis-regression-data=/Users/runner/work/tardis/tardis/tardis-regression-data --cov=tardis --cov-report=xml --cov-report=html --cov-append --generate-reference -m " continuum"[0m
2025-01-09T08:49:34.8210710Z shell: /bin/bash -l {0}
2025-01-09T08:49:34.8211020Z env:
2025-01-09T08:49:34.8211350Z   CACHE_NUMBER: 0
2025-01-09T08:49:34.8211950Z   PYTEST_FLAGS: --tardis-regression-data=/Users/runner/work/tardis/tardis/tardis-regression-data --cov=tardis --cov-report=xml --cov-report=html --cov-append
2025-01-09T08:49:34.8214090Z   CODECOV_TOKEN: ***
2025-01-09T08:49:34.8214390Z   MAMBA_ROOT_PREFIX: /Users/runner/micromamba
2025-01-09T08:49:34.8214800Z   MAMBA_EXE: /Users/runner/micromamba-bin/micromamba
2025-01-09T08:49:34.8215380Z   CONDARC: /Users/runner/work/_temp/setup-micromamba/.condarc
2025-01-09T08:49:34.8215820Z ##[endgroup]
2025-01-09T08:49:42.0986900Z ============================= test session starts ==============================
2025-01-09T08:49:42.0987680Z platform darwin -- Python 3.12.4, pytest-8.2.2, pluggy-1.5.0
2025-01-09T08:49:42.0988140Z rootdir: /Users/runner/work/tardis/tardis
2025-01-09T08:49:42.0988520Z configfile: pyproject.toml
2025-01-09T08:49:42.0989030Z plugins: cov-5.0.0, html-4.1.1, metadata-3.1.1, doctestplus-1.2.1, anyio-4.4.0
2025-01-09T08:49:42.0989530Z collected 1796 items / 1794 deselected / 2 selected
2025-01-09T08:49:42.0989880Z 
2025-01-09T08:50:35.1777180Z tardis/transport/montecarlo/estimators/tests/test_continuum_property_solver.py . [ 50%]
2025-01-09T08:50:35.1777750Z                                                                          [ 50%]
2025-01-09T08:51:02.4495350Z tardis/transport/montecarlo/tests/test_continuum.py s                    [100%]
2025-01-09T08:51:02.4593180Z 
2025-01-09T08:51:02.4594030Z =============================== warnings summary ===============================
2025-01-09T08:51:02.4594840Z tardis/io/configuration/config_validator.py:6
2025-01-09T08:51:02.4595530Z tardis/io/configuration/config_validator.py:6
2025-01-09T08:51:02.4596130Z   /Users/runner/work/tardis/tardis/tardis/io/configuration/config_validator.py:6: DeprecationWarning:
2025-01-09T08:51:02.4597840Z   
2025-01-09T08:51:02.4601950Z   jsonschema.RefResolver is deprecated as of v4.18.0, in favor of the https://github.com/python-jsonschema/referencing library, which provides more compliant referencing behavior as well as more flexible APIs for customization. A future release will remove RefResolver. Please file a feature request (on referencing) if you are missing an API for the kind of customization you need.
2025-01-09T08:51:02.4603250Z 
2025-01-09T08:51:02.4603570Z ../../../micromamba/envs/tardis/lib/python3.12/site-packages/jupyter_client/connect.py:22
2025-01-09T08:51:02.4605700Z   /Users/runner/micromamba/envs/tardis/lib/python3.12/site-packages/jupyter_client/connect.py:22: DeprecationWarning:
2025-01-09T08:51:02.4607070Z   
2025-01-09T08:51:02.4607500Z   Jupyter is migrating its paths to use standard platformdirs
2025-01-09T08:51:02.4608510Z   given by the platformdirs library.  To remove this warning and
2025-01-09T08:51:02.4609360Z   see the appropriate new directories, set the environment variable
2025-01-09T08:51:02.4610230Z   `JUPYTER_PLATFORM_DIRS=1` and then run `jupyter --paths`.
2025-01-09T08:51:02.4610760Z   The use of platformdirs will be the default in `jupyter_core` v6
2025-01-09T08:51:02.4611430Z 
2025-01-09T08:51:02.4612240Z tardis/transport/montecarlo/estimators/tests/test_continuum_property_solver.py::test_continuum_estimators
2025-01-09T08:51:02.4613130Z   /Users/runner/work/tardis/tardis/tardis/transport/montecarlo/montecarlo_main_loop.py:123: NumbaTypeSafetyWarning:
2025-01-09T08:51:02.4614050Z   
2025-01-09T08:51:02.4620990Z   [1m[1m[1munsafe cast from uint64 to int64. Precision may be lost.[0m[0m[0m
2025-01-09T08:51:02.4622590Z 
2025-01-09T08:51:02.4623200Z tardis/transport/montecarlo/tests/test_continuum.py::test_montecarlo_continuum
2025-01-09T08:51:02.4624110Z tardis/transport/montecarlo/tests/test_continuum.py::test_montecarlo_continuum
2025-01-09T08:51:02.4624650Z   /Users/runner/work/tardis/tardis/tardis/io/util.py:289: PerformanceWarning:
2025-01-09T08:51:02.4625420Z   
2025-01-09T08:51:02.4626060Z   
2025-01-09T08:51:02.4626660Z   your performance may suffer as PyTables will pickle object types that it cannot
2025-01-09T08:51:02.4627230Z   map directly to c-types [inferred_type->mixed,key->block0_values] [items->Index([0], dtype='int64')]
2025-01-09T08:51:02.4628010Z 
2025-01-09T08:51:02.4628400Z tardis/transport/montecarlo/tests/test_continuum.py::test_montecarlo_continuum
2025-01-09T08:51:02.4629490Z tardis/transport/montecarlo/tests/test_continuum.py::test_montecarlo_continuum
2025-01-09T08:51:02.4630030Z tardis/transport/montecarlo/tests/test_continuum.py::test_montecarlo_continuum
2025-01-09T08:51:02.4630620Z tardis/transport/montecarlo/tests/test_continuum.py::test_montecarlo_continuum
2025-01-09T08:51:02.4631400Z   /Users/runner/work/tardis/tardis/tardis/io/util.py:276: PerformanceWarning:
2025-01-09T08:51:02.4631840Z   
2025-01-09T08:51:02.4632250Z   
2025-01-09T08:51:02.4632820Z   your performance may suffer as PyTables will pickle object types that it cannot
2025-01-09T08:51:02.4633380Z   map directly to c-types [inferred_type->mixed,key->block0_values] [items->Index([0], dtype='int64')]
2025-01-09T08:51:02.4633740Z 
2025-01-09T08:51:02.4634010Z tardis/transport/montecarlo/tests/test_continuum.py::test_montecarlo_continuum
2025-01-09T08:51:02.4634730Z   /Users/runner/work/tardis/tardis/tardis/io/util.py:280: PerformanceWarning:
2025-01-09T08:51:02.4635120Z   
2025-01-09T08:51:02.4637930Z   
2025-01-09T08:51:02.4638200Z   your performance may suffer as PyTables will pickle object types that it cannot
2025-01-09T08:51:02.4640710Z   map directly to c-types [inferred_type->mixed-integer,key->axis1_level0] [items->None]
2025-01-09T08:51:02.4641010Z 
2025-01-09T08:51:02.4641190Z tardis/transport/montecarlo/tests/test_continuum.py::test_montecarlo_continuum
2025-01-09T08:51:02.4641740Z   /Users/runner/work/tardis/tardis/tardis/io/util.py:280: PerformanceWarning:
2025-01-09T08:51:02.4642090Z   
2025-01-09T08:51:02.4642910Z   
2025-01-09T08:51:02.4643270Z   your performance may suffer as PyTables will pickle object types that it cannot
2025-01-09T08:51:02.4643730Z   map directly to c-types [inferred_type->mixed-integer,key->axis1_level1] [items->None]
2025-01-09T08:51:02.4645430Z 
2025-01-09T08:51:02.4645740Z tardis/transport/montecarlo/tests/test_continuum.py::test_montecarlo_continuum
2025-01-09T08:51:02.4648090Z   /Users/runner/work/tardis/tardis/tardis/io/util.py:280: PerformanceWarning:
2025-01-09T08:51:02.4650820Z   
2025-01-09T08:51:02.4650980Z   
2025-01-09T08:51:02.4653430Z   your performance may suffer as PyTables will pickle object types that it cannot
2025-01-09T08:51:02.4655920Z   map directly to c-types [inferred_type->mixed-integer,key->axis1] [items->None]
2025-01-09T08:51:02.4656230Z 
2025-01-09T08:51:02.4658350Z tardis/transport/montecarlo/tests/test_continuum.py::test_montecarlo_continuum
2025-01-09T08:51:02.4658930Z   /Users/runner/work/tardis/tardis/tardis/io/util.py:269: PerformanceWarning:
2025-01-09T08:51:02.4659280Z   
2025-01-09T08:51:02.4659500Z   
2025-01-09T08:51:02.4659790Z   your performance may suffer as PyTables will pickle object types that it cannot
2025-01-09T08:51:02.4660920Z   map directly to c-types [inferred_type->mixed-integer,key->index] [items->None]
2025-01-09T08:51:02.4663670Z 
2025-01-09T08:51:02.4663860Z tardis/transport/montecarlo/tests/test_continuum.py::test_montecarlo_continuum
2025-01-09T08:51:02.4666260Z   /Users/runner/work/tardis/tardis/tardis/io/util.py:280: PerformanceWarning:
2025-01-09T08:51:02.4666680Z   
2025-01-09T08:51:02.4666870Z   
2025-01-09T08:51:02.4667990Z   your performance may suffer as PyTables will pickle object types that it cannot
2025-01-09T08:51:02.4668460Z   map directly to c-types [inferred_type->mixed-integer,key->axis0] [items->None]
2025-01-09T08:51:02.4668740Z 
2025-01-09T08:51:02.4668990Z tardis/transport/montecarlo/tests/test_continuum.py::test_montecarlo_continuum
2025-01-09T08:51:02.4669450Z   /Users/runner/work/tardis/tardis/tardis/io/util.py:280: PerformanceWarning:
2025-01-09T08:51:02.4671120Z   
2025-01-09T08:51:02.4672700Z   
2025-01-09T08:51:02.4674430Z   your performance may suffer as PyTables will pickle object types that it cannot
2025-01-09T08:51:02.4675030Z   map directly to c-types [inferred_type->integer,key->block1_items] [items->None]
2025-01-09T08:51:02.4675250Z 
2025-01-09T08:51:02.4676270Z tardis/transport/montecarlo/tests/test_continuum.py::test_montecarlo_continuum
2025-01-09T08:51:02.4678230Z   /Users/runner/work/tardis/tardis/tardis/io/util.py:280: PerformanceWarning:
2025-01-09T08:51:02.4678580Z   
2025-01-09T08:51:02.4678810Z   
2025-01-09T08:51:02.4679910Z   your performance may suffer as PyTables will pickle object types that it cannot
2025-01-09T08:51:02.4681510Z   map directly to c-types [inferred_type->integer,key->block0_items] [items->None]
2025-01-09T08:51:02.4681800Z 
2025-01-09T08:51:02.4681970Z tardis/transport/montecarlo/tests/test_continuum.py::test_montecarlo_continuum
2025-01-09T08:51:02.4685030Z   /Users/runner/work/tardis/tardis/tardis/io/util.py:280: PerformanceWarning:
2025-01-09T08:51:02.4685360Z   
2025-01-09T08:51:02.4686920Z   
2025-01-09T08:51:02.4687180Z   your performance may suffer as PyTables will pickle object types that it cannot
2025-01-09T08:51:02.4687700Z   map directly to c-types [inferred_type->integer,key->axis0] [items->None]
2025-01-09T08:51:02.4688590Z 
2025-01-09T08:51:02.4688760Z tardis/transport/montecarlo/tests/test_continuum.py::test_montecarlo_continuum
2025-01-09T08:51:02.4689280Z   /Users/runner/work/tardis/tardis/tardis/io/util.py:292: PerformanceWarning:
2025-01-09T08:51:02.4690000Z   
2025-01-09T08:51:02.4690210Z   
2025-01-09T08:51:02.4690580Z   your performance may suffer as PyTables will pickle object types that it cannot
2025-01-09T08:51:02.4691080Z   map directly to c-types [inferred_type->mixed-integer,key->values] [items->None]
2025-01-09T08:51:02.4691370Z 
2025-01-09T08:51:02.4691660Z tardis/transport/montecarlo/tests/test_continuum.py::test_montecarlo_continuum
2025-01-09T08:51:02.4692130Z   /Users/runner/work/tardis/tardis/tardis/spectrum/base.py:70: UserWarning:
2025-01-09T08:51:02.4693990Z   
2025-01-09T08:51:02.4694390Z   SpectrumSolver.spectrum_virtual_packets is zero. Please run the montecarlo simulation with no_of_virtual_packets > 0
2025-01-09T08:51:02.4695880Z 
2025-01-09T08:51:02.4696100Z tardis/transport/montecarlo/tests/test_continuum.py::test_montecarlo_continuum
2025-01-09T08:51:02.4696610Z   /Users/runner/work/tardis/tardis/tardis/spectrum/base.py:94: UserWarning:
2025-01-09T08:51:02.4696950Z   
2025-01-09T08:51:02.4698480Z   The FormalIntegrator is not yet implemented for the full relativity mode or continuum processes. Please run with config option enable_full_relativity: False and continuum_processes_enabled: False This RETURNS AN EMPTY SPECTRUM!
2025-01-09T08:51:02.4699070Z 
2025-01-09T08:51:02.4699290Z -- Docs: https://docs.pytest.org/en/stable/how-to/capture-warnings.html
2025-01-09T08:51:02.4699570Z 
2025-01-09T08:51:02.4699750Z ---------- coverage: platform darwin, python 3.12.4-final-0 ----------
2025-01-09T08:51:02.4700080Z Coverage HTML written to dir coverage_html_report
2025-01-09T08:51:02.4702190Z Coverage XML written to file coverage.xml
2025-01-09T08:51:02.4702370Z 
2025-01-09T08:51:02.4703920Z ==== 1 passed, 1 skipped, 1794 deselected, 21 warnings in 81.23s (0:01:21) =====
2025-01-09T08:51:03.3911270Z ##[group]Run mv .coverage .coverage.1
2025-01-09T08:51:03.3911660Z [36;1mmv .coverage .coverage.1[0m
2025-01-09T08:51:03.4013140Z shell: /bin/bash -l {0}
2025-01-09T08:51:03.4013410Z env:
2025-01-09T08:51:03.4013730Z   CACHE_NUMBER: 0
2025-01-09T08:51:03.4014330Z   PYTEST_FLAGS: --tardis-regression-data=/Users/runner/work/tardis/tardis/tardis-regression-data --cov=tardis --cov-report=xml --cov-report=html --cov-append
2025-01-09T08:51:03.4017070Z   CODECOV_TOKEN: ***
2025-01-09T08:51:03.4017430Z   MAMBA_ROOT_PREFIX: /Users/runner/micromamba
2025-01-09T08:51:03.4017850Z   MAMBA_EXE: /Users/runner/micromamba-bin/micromamba
2025-01-09T08:51:03.4018240Z   CONDARC: /Users/runner/work/_temp/setup-micromamba/.condarc
2025-01-09T08:51:03.4018610Z ##[endgroup]
2025-01-09T08:51:03.6037070Z ##[group]Run actions/upload-artifact@v4
2025-01-09T08:51:03.6038360Z with:
2025-01-09T08:51:03.6038590Z   name: coverage--continuum-macos-latest
2025-01-09T08:51:03.6038940Z   include-hidden-files: true
2025-01-09T08:51:03.6039150Z   path: .coverage*
!.coveragerc

2025-01-09T08:51:03.6039340Z   if-no-files-found: warn
2025-01-09T08:51:03.6039520Z   compression-level: 6
2025-01-09T08:51:03.6039680Z   overwrite: false
2025-01-09T08:51:03.6039880Z env:
2025-01-09T08:51:03.6040020Z   CACHE_NUMBER: 0
2025-01-09T08:51:03.6040620Z   PYTEST_FLAGS: --tardis-regression-data=/Users/runner/work/tardis/tardis/tardis-regression-data --cov=tardis --cov-report=xml --cov-report=html --cov-append
2025-01-09T08:51:03.6041360Z   CODECOV_TOKEN: ***
2025-01-09T08:51:03.6041570Z   MAMBA_ROOT_PREFIX: /Users/runner/micromamba
2025-01-09T08:51:03.6041970Z   MAMBA_EXE: /Users/runner/micromamba-bin/micromamba
2025-01-09T08:51:03.6042340Z   CONDARC: /Users/runner/work/_temp/setup-micromamba/.condarc
2025-01-09T08:51:03.6042700Z ##[endgroup]
2025-01-09T08:51:04.0154760Z With the provided path, there will be 1 file uploaded
2025-01-09T08:51:04.0157920Z Artifact name is valid!
2025-01-09T08:51:04.0158650Z Root directory input is valid!
2025-01-09T08:51:04.2160500Z Beginning upload of artifact content to blob storage
2025-01-09T08:51:04.4111050Z Uploaded bytes 18669
2025-01-09T08:51:04.4494250Z Finished uploading artifact content to blob storage!
2025-01-09T08:51:04.4495100Z SHA256 hash of uploaded artifact zip is 8e6062726d9a02f9f3fa4729efed0c7bacaecb7e4d7417dca0f1f16805fe1a98
2025-01-09T08:51:04.4495940Z Finalizing artifact upload
2025-01-09T08:51:04.5891580Z Artifact coverage--continuum-macos-latest.zip successfully finalized. Artifact ID 2405918028
2025-01-09T08:51:04.5892190Z Artifact coverage--continuum-macos-latest has been successfully uploaded! Final size is 18669 bytes. Artifact ID is 2405918028
2025-01-09T08:51:04.5897600Z Artifact download URL: https://github.com/tardis-sn/tardis/actions/runs/12686465379/artifacts/2405918028
2025-01-09T08:51:04.5984010Z Post job cleanup.
2025-01-09T08:51:04.6025210Z Post job cleanup.
2025-01-09T08:51:04.7121010Z Will use pre-installed micromamba at /Users/runner/micromamba-bin/micromamba
2025-01-09T08:51:04.7124100Z Removing micromamba run shell ...
2025-01-09T08:51:04.7126130Z ##[group]Deinitialize micromamba for bash
2025-01-09T08:51:04.7142350Z [command]/Users/runner/micromamba-bin/micromamba shell deinit -s bash -r /Users/runner/micromamba --log-level warning --rc-file /Users/runner/work/_temp/setup-micromamba/.condarc
2025-01-09T08:51:04.7285390Z Resetting RC file "/Users/runner/.bash_profile"
2025-01-09T08:51:04.7285910Z Deleting config for root prefix 
2025-01-09T08:51:04.7286350Z Clearing mamba executable environment variable
2025-01-09T08:51:04.7297870Z Removing the following in your "/Users/runner/.bash_profile" file
2025-01-09T08:51:04.7298190Z # >>> mamba initialize >>>
2025-01-09T08:51:04.7298360Z ...
2025-01-09T08:51:04.7298510Z # <<< mamba initialize <<<
2025-01-09T08:51:04.7319070Z Removing environment tardis from auto-activate bash ...
2025-01-09T08:51:04.7399540Z Post job cleanup.
2025-01-09T08:51:04.7442920Z Post job cleanup.
2025-01-09T08:51:04.8734230Z [command]/opt/homebrew/bin/git version
2025-01-09T08:51:04.8920880Z git version 2.47.1
2025-01-09T08:51:04.9039200Z Copying '/Users/runner/.gitconfig' to '/Users/runner/work/_temp/971c40d9-1d04-4ec3-902f-0dd1a43b93f3/.gitconfig'
2025-01-09T08:51:04.9077480Z Temporarily overriding HOME='/Users/runner/work/_temp/971c40d9-1d04-4ec3-902f-0dd1a43b93f3' before making global git config changes
2025-01-09T08:51:04.9135830Z Adding repository directory to the temporary git global config as a safe directory
2025-01-09T08:51:04.9147760Z [command]/opt/homebrew/bin/git config --global --add safe.directory /Users/runner/work/tardis/tardis/tardis-regression-data
2025-01-09T08:51:04.9149050Z [command]/opt/homebrew/bin/git config --local --name-only --get-regexp core\.sshCommand
2025-01-09T08:51:04.9150320Z [command]/opt/homebrew/bin/git submodule foreach --recursive sh -c "git config --local --name-only --get-regexp 'core\.sshCommand' && git config --local --unset-all 'core.sshCommand' || :"
2025-01-09T08:51:05.0141650Z [command]/opt/homebrew/bin/git config --local --name-only --get-regexp http\.https\:\/\/github\.com\/\.extraheader
2025-01-09T08:51:05.0180910Z http.https://github.com/.extraheader
2025-01-09T08:51:05.0189350Z [command]/opt/homebrew/bin/git config --local --unset-all http.https://github.com/.extraheader
2025-01-09T08:51:05.0237270Z [command]/opt/homebrew/bin/git submodule foreach --recursive sh -c "git config --local --name-only --get-regexp 'http\.https\:\/\/github\.com\/\.extraheader' && git config --local --unset-all 'http.https://github.com/.extraheader' || :"
2025-01-09T08:51:05.2225840Z Post job cleanup.
2025-01-09T08:51:05.3497220Z [command]/opt/homebrew/bin/git version
2025-01-09T08:51:05.3497740Z git version 2.47.1
2025-01-09T08:51:05.3503360Z Copying '/Users/runner/.gitconfig' to '/Users/runner/work/_temp/396331cd-ecb4-4448-b94a-a5cbfda0c663/.gitconfig'
2025-01-09T08:51:05.3504090Z Temporarily overriding HOME='/Users/runner/work/_temp/396331cd-ecb4-4448-b94a-a5cbfda0c663' before making global git config changes
2025-01-09T08:51:05.3504810Z Adding repository directory to the temporary git global config as a safe directory
2025-01-09T08:51:05.3505520Z [command]/opt/homebrew/bin/git config --global --add safe.directory /Users/runner/work/tardis/tardis
2025-01-09T08:51:05.3560710Z [command]/opt/homebrew/bin/git config --local --name-only --get-regexp core\.sshCommand
2025-01-09T08:51:05.3614210Z [command]/opt/homebrew/bin/git submodule foreach --recursive sh -c "git config --local --name-only --get-regexp 'core\.sshCommand' && git config --local --unset-all 'core.sshCommand' || :"
2025-01-09T08:51:05.4318040Z [command]/opt/homebrew/bin/git config --local --name-only --get-regexp http\.https\:\/\/github\.com\/\.extraheader
2025-01-09T08:51:05.4361900Z http.https://github.com/.extraheader
2025-01-09T08:51:05.4371470Z [command]/opt/homebrew/bin/git config --local --unset-all http.https://github.com/.extraheader
2025-01-09T08:51:05.4436040Z [command]/opt/homebrew/bin/git submodule foreach --recursive sh -c "git config --local --name-only --get-regexp 'http\.https\:\/\/github\.com\/\.extraheader' && git config --local --unset-all 'http.https://github.com/.extraheader' || :"
2025-01-09T08:51:05.5153000Z Cleaning up orphan processes
