2025-01-14T19:03:19.8095308Z Requested labels: macos-latest
2025-01-14T19:03:19.8095572Z Job defined at: tardis-sn/tardis/.github/workflows/tests.yml@refs/pull/2800/merge
2025-01-14T19:03:19.8095713Z Waiting for a runner to pick up this job...
2025-01-14T19:03:21.5597233Z Job is waiting for a hosted runner to come online.
2025-01-14T19:03:24.8618308Z Job is about to start running on the hosted runner: GitHub Actions 32 (hosted)
2025-01-14T19:03:26.9467480Z Current runner version: '2.321.0'
2025-01-14T19:03:26.9526640Z ##[group]Operating System
2025-01-14T19:03:26.9528090Z macOS
2025-01-14T19:03:26.9528830Z 14.7.2
2025-01-14T19:03:26.9529570Z 23H311
2025-01-14T19:03:26.9530340Z ##[endgroup]
2025-01-14T19:03:26.9533050Z ##[group]Runner Image
2025-01-14T19:03:26.9534140Z Image: macos-14-arm64
2025-01-14T19:03:26.9534980Z Version: 20250106.725
2025-01-14T19:03:26.9536910Z Included Software: https://github.com/actions/runner-images/blob/macos-14-arm64/20250106.725/images/macos/macos-14-arm64-Readme.md
2025-01-14T19:03:26.9539620Z Image Release: https://github.com/actions/runner-images/releases/tag/macos-14-arm64%2F20250106.725
2025-01-14T19:03:26.9541250Z ##[endgroup]
2025-01-14T19:03:26.9542760Z ##[group]Runner Image Provisioner
2025-01-14T19:03:26.9544390Z 2.0.414.1+2ecee806bcbb7b5d267443ac0090547f461e95b1
2025-01-14T19:03:26.9545870Z ##[endgroup]
2025-01-14T19:03:26.9552560Z ##[group]GITHUB_TOKEN Permissions
2025-01-14T19:03:26.9557910Z Actions: read
2025-01-14T19:03:26.9558770Z Attestations: read
2025-01-14T19:03:26.9559630Z Checks: read
2025-01-14T19:03:26.9560380Z Contents: read
2025-01-14T19:03:26.9561620Z Deployments: read
2025-01-14T19:03:26.9563340Z Discussions: read
2025-01-14T19:03:26.9565240Z Issues: read
2025-01-14T19:03:26.9566160Z Metadata: read
2025-01-14T19:03:26.9568300Z Packages: read
2025-01-14T19:03:26.9570130Z Pages: read
2025-01-14T19:03:26.9572250Z PullRequests: read
2025-01-14T19:03:26.9573590Z RepositoryProjects: read
2025-01-14T19:03:26.9575790Z SecurityEvents: read
2025-01-14T19:03:26.9577480Z Statuses: read
2025-01-14T19:03:26.9579070Z ##[endgroup]
2025-01-14T19:03:26.9587230Z Secret source: None
2025-01-14T19:03:26.9588390Z Prepare workflow directory
2025-01-14T19:03:27.0292400Z Prepare all required actions
2025-01-14T19:03:27.0397460Z Getting action download info
2025-01-14T19:03:27.2336490Z Download action repository 'actions/checkout@v4' (SHA:11bd71901bbe5b1630ceea73d27597364c9af683)
2025-01-14T19:03:28.2854360Z Download action repository 'actions/upload-artifact@v4' (SHA:65c4c4a1ddee5b72f698fdd19549f0f0fb45cf08)
2025-01-14T19:03:30.3541300Z Complete job name: not continuum macos-latest 
2025-01-14T19:03:30.4831730Z ##[group]Run actions/checkout@v4
2025-01-14T19:03:30.4832760Z with:
2025-01-14T19:03:30.4833260Z   repository: tardis-sn/tardis
2025-01-14T19:03:30.4834340Z   token: ***
2025-01-14T19:03:30.4834860Z   ssh-strict: true
2025-01-14T19:03:30.4835370Z   ssh-user: git
2025-01-14T19:03:30.4835910Z   persist-credentials: true
2025-01-14T19:03:30.4838290Z   clean: true
2025-01-14T19:03:30.4841290Z   sparse-checkout-cone-mode: true
2025-01-14T19:03:30.4842920Z   fetch-depth: 1
2025-01-14T19:03:30.4844130Z   fetch-tags: false
2025-01-14T19:03:30.4845350Z   show-progress: true
2025-01-14T19:03:30.4846650Z   lfs: false
2025-01-14T19:03:30.4847860Z   submodules: false
2025-01-14T19:03:30.4849120Z   set-safe-directory: true
2025-01-14T19:03:30.4852330Z env:
2025-01-14T19:03:30.4853420Z   CACHE_NUMBER: 0
2025-01-14T19:03:30.4857450Z   PYTEST_FLAGS: --tardis-regression-data=/Users/runner/work/tardis/tardis/tardis-regression-data --cov=tardis --cov-report=xml --cov-report=html --cov-append
2025-01-14T19:03:30.4864030Z   CODECOV_TOKEN: 
2025-01-14T19:03:30.4865480Z ##[endgroup]
2025-01-14T19:03:31.7214180Z Syncing repository: tardis-sn/tardis
2025-01-14T19:03:31.7219190Z ##[group]Getting Git version info
2025-01-14T19:03:31.7220160Z Working directory is '/Users/runner/work/tardis/tardis'
2025-01-14T19:03:31.7221510Z [command]/opt/homebrew/bin/git version
2025-01-14T19:03:31.8153140Z git version 2.47.1
2025-01-14T19:03:31.8216520Z ##[endgroup]
2025-01-14T19:03:31.8238470Z Copying '/Users/runner/.gitconfig' to '/Users/runner/work/_temp/3b635269-870f-4a2a-8332-3d188d484ec5/.gitconfig'
2025-01-14T19:03:31.8359590Z Temporarily overriding HOME='/Users/runner/work/_temp/3b635269-870f-4a2a-8332-3d188d484ec5' before making global git config changes
2025-01-14T19:03:31.8367800Z Adding repository directory to the temporary git global config as a safe directory
2025-01-14T19:03:31.8370360Z [command]/opt/homebrew/bin/git config --global --add safe.directory /Users/runner/work/tardis/tardis
2025-01-14T19:03:31.8486150Z Deleting the contents of '/Users/runner/work/tardis/tardis'
2025-01-14T19:03:31.8498450Z ##[group]Initializing the repository
2025-01-14T19:03:31.8502020Z [command]/opt/homebrew/bin/git init /Users/runner/work/tardis/tardis
2025-01-14T19:03:31.8964550Z hint: Using 'master' as the name for the initial branch. This default branch name
2025-01-14T19:03:31.8967600Z hint: is subject to change. To configure the initial branch name to use in all
2025-01-14T19:03:31.8970400Z hint: of your new repositories, which will suppress this warning, call:
2025-01-14T19:03:31.8972490Z hint:
2025-01-14T19:03:31.8974360Z hint: 	git config --global init.defaultBranch <name>
2025-01-14T19:03:31.8976380Z hint:
2025-01-14T19:03:31.8978230Z hint: Names commonly chosen instead of 'master' are 'main', 'trunk' and
2025-01-14T19:03:31.8980940Z hint: 'development'. The just-created branch can be renamed via this command:
2025-01-14T19:03:31.8983440Z hint:
2025-01-14T19:03:31.8984850Z hint: 	git branch -m <name>
2025-01-14T19:03:31.8987240Z Initialized empty Git repository in /Users/runner/work/tardis/tardis/.git/
2025-01-14T19:03:31.8995460Z [command]/opt/homebrew/bin/git remote add origin https://github.com/tardis-sn/tardis
2025-01-14T19:03:31.9193840Z ##[endgroup]
2025-01-14T19:03:31.9198140Z ##[group]Disabling automatic garbage collection
2025-01-14T19:03:31.9200790Z [command]/opt/homebrew/bin/git config --local gc.auto 0
2025-01-14T19:03:31.9338300Z ##[endgroup]
2025-01-14T19:03:31.9340590Z ##[group]Setting up auth
2025-01-14T19:03:31.9342050Z [command]/opt/homebrew/bin/git config --local --name-only --get-regexp core\.sshCommand
2025-01-14T19:03:31.9439280Z [command]/opt/homebrew/bin/git submodule foreach --recursive sh -c "git config --local --name-only --get-regexp 'core\.sshCommand' && git config --local --unset-all 'core.sshCommand' || :"
2025-01-14T19:03:32.1138330Z [command]/opt/homebrew/bin/git config --local --name-only --get-regexp http\.https\:\/\/github\.com\/\.extraheader
2025-01-14T19:03:32.1297520Z [command]/opt/homebrew/bin/git submodule foreach --recursive sh -c "git config --local --name-only --get-regexp 'http\.https\:\/\/github\.com\/\.extraheader' && git config --local --unset-all 'http.https://github.com/.extraheader' || :"
2025-01-14T19:03:32.3104030Z [command]/opt/homebrew/bin/git config --local http.https://github.com/.extraheader AUTHORIZATION: basic ***
2025-01-14T19:03:32.3743380Z ##[endgroup]
2025-01-14T19:03:32.3800030Z ##[group]Fetching the repository
2025-01-14T19:03:32.3818530Z [command]/opt/homebrew/bin/git -c protocol.version=2 fetch --no-tags --prune --no-recurse-submodules --depth=1 origin +efa7a5439ecbf7f2dfb82d5728fb72c1b08b7c14:refs/remotes/pull/2800/merge
2025-01-14T19:03:35.0270670Z From https://github.com/tardis-sn/tardis
2025-01-14T19:03:35.0281500Z  * [new ref]         efa7a5439ecbf7f2dfb82d5728fb72c1b08b7c14 -> pull/2800/merge
2025-01-14T19:03:35.0342830Z ##[endgroup]
2025-01-14T19:03:35.0344810Z ##[group]Determining the checkout info
2025-01-14T19:03:35.0346890Z ##[endgroup]
2025-01-14T19:03:35.0360810Z [command]/opt/homebrew/bin/git sparse-checkout disable
2025-01-14T19:03:35.0523890Z [command]/opt/homebrew/bin/git config --local --unset-all extensions.worktreeConfig
2025-01-14T19:03:35.0700480Z ##[group]Checking out the ref
2025-01-14T19:03:35.0707660Z [command]/opt/homebrew/bin/git checkout --progress --force refs/remotes/pull/2800/merge
2025-01-14T19:03:35.6214020Z HEAD is now at efa7a54 Merge ffbc587c6cd7325ad1a92bbca6455a0a23c45231 into 2a06fdfb60190bbd9b49ff572d78772607138660
2025-01-14T19:03:35.6246580Z ##[endgroup]
2025-01-14T19:03:35.6438930Z [command]/opt/homebrew/bin/git log -1 --format=%H
2025-01-14T19:03:35.6641680Z efa7a5439ecbf7f2dfb82d5728fb72c1b08b7c14
2025-01-14T19:03:35.7551650Z Prepare all required actions
2025-01-14T19:03:35.7553480Z Getting action download info
2025-01-14T19:03:35.9107960Z Download action repository 'actions/cache@v4' (SHA:1bd1e32a3bdc45362d1e726936510720a7c30a57)
2025-01-14T19:03:36.4345950Z ##[group]Run ./.github/actions/setup_lfs
2025-01-14T19:03:36.4346290Z with:
2025-01-14T19:03:36.4346530Z   regression-data-repo: tardis-sn/tardis-regression-data
2025-01-14T19:03:36.4346830Z env:
2025-01-14T19:03:36.4347010Z   CACHE_NUMBER: 0
2025-01-14T19:03:36.4347610Z   PYTEST_FLAGS: --tardis-regression-data=/Users/runner/work/tardis/tardis/tardis-regression-data --cov=tardis --cov-report=xml --cov-report=html --cov-append
2025-01-14T19:03:36.4348220Z   CODECOV_TOKEN: 
2025-01-14T19:03:36.4348430Z ##[endgroup]
2025-01-14T19:03:36.4830900Z ##[group]Run actions/checkout@v4
2025-01-14T19:03:36.4831170Z with:
2025-01-14T19:03:36.4831430Z   repository: tardis-sn/tardis-regression-data
2025-01-14T19:03:36.4831770Z   path: tardis-regression-data
2025-01-14T19:03:36.4832450Z   token: ***
2025-01-14T19:03:36.4832660Z   ssh-strict: true
2025-01-14T19:03:36.4832880Z   ssh-user: git
2025-01-14T19:03:36.4833090Z   persist-credentials: true
2025-01-14T19:03:36.4833400Z   clean: true
2025-01-14T19:03:36.4833610Z   sparse-checkout-cone-mode: true
2025-01-14T19:03:36.4833870Z   fetch-depth: 1
2025-01-14T19:03:36.4834060Z   fetch-tags: false
2025-01-14T19:03:36.4834270Z   show-progress: true
2025-01-14T19:03:36.4834470Z   lfs: false
2025-01-14T19:03:36.4834660Z   submodules: false
2025-01-14T19:03:36.4834860Z   set-safe-directory: true
2025-01-14T19:03:36.4835090Z env:
2025-01-14T19:03:36.4835300Z   CACHE_NUMBER: 0
2025-01-14T19:03:36.4835940Z   PYTEST_FLAGS: --tardis-regression-data=/Users/runner/work/tardis/tardis/tardis-regression-data --cov=tardis --cov-report=xml --cov-report=html --cov-append
2025-01-14T19:03:36.4836610Z   CODECOV_TOKEN: 
2025-01-14T19:03:36.4836840Z ##[endgroup]
2025-01-14T19:03:36.7915790Z Syncing repository: tardis-sn/tardis-regression-data
2025-01-14T19:03:36.7916520Z ##[group]Getting Git version info
2025-01-14T19:03:36.7916970Z Working directory is '/Users/runner/work/tardis/tardis/tardis-regression-data'
2025-01-14T19:03:36.7917660Z [command]/opt/homebrew/bin/git version
2025-01-14T19:03:36.7918070Z git version 2.47.1
2025-01-14T19:03:36.7919100Z ##[endgroup]
2025-01-14T19:03:36.7921040Z Copying '/Users/runner/.gitconfig' to '/Users/runner/work/_temp/a6abcb96-54a8-4a21-8746-a83f7da6d4fe/.gitconfig'
2025-01-14T19:03:36.7921850Z Temporarily overriding HOME='/Users/runner/work/_temp/a6abcb96-54a8-4a21-8746-a83f7da6d4fe' before making global git config changes
2025-01-14T19:03:36.7922530Z Adding repository directory to the temporary git global config as a safe directory
2025-01-14T19:03:36.7923270Z [command]/opt/homebrew/bin/git config --global --add safe.directory /Users/runner/work/tardis/tardis/tardis-regression-data
2025-01-14T19:03:36.7924300Z ##[group]Initializing the repository
2025-01-14T19:03:36.7924790Z [command]/opt/homebrew/bin/git init /Users/runner/work/tardis/tardis/tardis-regression-data
2025-01-14T19:03:36.7941360Z hint: Using 'master' as the name for the initial branch. This default branch name
2025-01-14T19:03:36.7943300Z hint: is subject to change. To configure the initial branch name to use in all
2025-01-14T19:03:36.7944060Z hint: of your new repositories, which will suppress this warning, call:
2025-01-14T19:03:36.7945310Z hint:
2025-01-14T19:03:36.7945630Z hint: 	git config --global init.defaultBranch <name>
2025-01-14T19:03:36.7945940Z hint:
2025-01-14T19:03:36.7946420Z hint: Names commonly chosen instead of 'master' are 'main', 'trunk' and
2025-01-14T19:03:36.7946880Z hint: 'development'. The just-created branch can be renamed via this command:
2025-01-14T19:03:36.7947230Z hint:
2025-01-14T19:03:36.7947590Z hint: 	git branch -m <name>
2025-01-14T19:03:36.7948050Z Initialized empty Git repository in /Users/runner/work/tardis/tardis/tardis-regression-data/.git/
2025-01-14T19:03:36.7991010Z [command]/opt/homebrew/bin/git remote add origin https://github.com/tardis-sn/tardis-regression-data
2025-01-14T19:03:36.8160310Z ##[endgroup]
2025-01-14T19:03:36.8161110Z ##[group]Disabling automatic garbage collection
2025-01-14T19:03:36.8171080Z [command]/opt/homebrew/bin/git config --local gc.auto 0
2025-01-14T19:03:36.8209770Z ##[endgroup]
2025-01-14T19:03:36.8210300Z ##[group]Setting up auth
2025-01-14T19:03:36.8210950Z [command]/opt/homebrew/bin/git config --local --name-only --get-regexp core\.sshCommand
2025-01-14T19:03:36.8330580Z [command]/opt/homebrew/bin/git submodule foreach --recursive sh -c "git config --local --name-only --get-regexp 'core\.sshCommand' && git config --local --unset-all 'core.sshCommand' || :"
2025-01-14T19:03:37.0626250Z [command]/opt/homebrew/bin/git config --local --name-only --get-regexp http\.https\:\/\/github\.com\/\.extraheader
2025-01-14T19:03:37.0860390Z [command]/opt/homebrew/bin/git submodule foreach --recursive sh -c "git config --local --name-only --get-regexp 'http\.https\:\/\/github\.com\/\.extraheader' && git config --local --unset-all 'http.https://github.com/.extraheader' || :"
2025-01-14T19:03:37.6925850Z [command]/opt/homebrew/bin/git config --local http.https://github.com/.extraheader AUTHORIZATION: basic ***
2025-01-14T19:03:37.7151210Z ##[endgroup]
2025-01-14T19:03:37.7253430Z ##[group]Determining the default branch
2025-01-14T19:03:37.7355220Z Retrieving the default branch name
2025-01-14T19:03:38.2314370Z Default branch 'main'
2025-01-14T19:03:38.2476200Z ##[endgroup]
2025-01-14T19:03:38.2579230Z ##[group]Fetching the repository
2025-01-14T19:03:38.2970850Z [command]/opt/homebrew/bin/git -c protocol.version=2 fetch --no-tags --prune --no-recurse-submodules --depth=1 origin +refs/heads/main:refs/remotes/origin/main
2025-01-14T19:03:39.3565380Z From https://github.com/tardis-sn/tardis-regression-data
2025-01-14T19:03:39.3571480Z  * [new branch]      main       -> origin/main
2025-01-14T19:03:39.3775150Z ##[endgroup]
2025-01-14T19:03:39.3783970Z ##[group]Determining the checkout info
2025-01-14T19:03:39.3833420Z ##[endgroup]
2025-01-14T19:03:39.3856480Z [command]/opt/homebrew/bin/git sparse-checkout disable
2025-01-14T19:03:39.3919000Z [command]/opt/homebrew/bin/git config --local --unset-all extensions.worktreeConfig
2025-01-14T19:03:39.4506270Z ##[group]Checking out the ref
2025-01-14T19:03:39.4611990Z [command]/opt/homebrew/bin/git checkout --progress --force -B main refs/remotes/origin/main
2025-01-14T19:03:40.4005530Z Switched to a new branch 'main'
2025-01-14T19:03:40.4007230Z branch 'main' set up to track 'origin/main'.
2025-01-14T19:03:40.6149840Z ##[endgroup]
2025-01-14T19:03:40.6590350Z [command]/opt/homebrew/bin/git log -1 --format=%H
2025-01-14T19:03:40.6856600Z fa7729bc9c30e14b69acd641af8b692b56fcd416
2025-01-14T19:03:40.7781670Z ##[group]Run git lfs ls-files -l | cut -d' ' -f1 | sort > .lfs-assets-id
2025-01-14T19:03:40.7784530Z [36;1mgit lfs ls-files -l | cut -d' ' -f1 | sort > .lfs-assets-id[0m
2025-01-14T19:03:40.8494090Z shell: /bin/bash --noprofile --norc -e -o pipefail {0}
2025-01-14T19:03:40.8494530Z env:
2025-01-14T19:03:40.8494920Z   CACHE_NUMBER: 0
2025-01-14T19:03:40.8495500Z   PYTEST_FLAGS: --tardis-regression-data=/Users/runner/work/tardis/tardis/tardis-regression-data --cov=tardis --cov-report=xml --cov-report=html --cov-append
2025-01-14T19:03:40.8496170Z   CODECOV_TOKEN: 
2025-01-14T19:03:40.8496490Z ##[endgroup]
2025-01-14T19:03:41.7788570Z ##[group]Run actions/cache/restore@v4
2025-01-14T19:03:41.7788900Z with:
2025-01-14T19:03:41.7789160Z   path: tardis-regression-data/.git/lfs
2025-01-14T19:03:41.7789530Z   key: macOS-lfs-21f9fa4b6817cc69b9fae3598144724da7828e276a73bd17f47a2a49d9af090a-v1
2025-01-14T19:03:41.7789910Z   enableCrossOsArchive: false
2025-01-14T19:03:41.7790210Z   fail-on-cache-miss: false
2025-01-14T19:03:41.7790420Z   lookup-only: false
2025-01-14T19:03:41.7790610Z env:
2025-01-14T19:03:41.7790860Z   CACHE_NUMBER: 0
2025-01-14T19:03:41.7792150Z   PYTEST_FLAGS: --tardis-regression-data=/Users/runner/work/tardis/tardis/tardis-regression-data --cov=tardis --cov-report=xml --cov-report=html --cov-append
2025-01-14T19:03:41.7792750Z   CODECOV_TOKEN: 
2025-01-14T19:03:41.7792990Z ##[endgroup]
2025-01-14T19:03:43.6602060Z Received 0 of 1706796060 (0.0%), 0.0 MBs/sec
2025-01-14T19:03:44.6625420Z Received 46137344 of 1706796060 (2.7%), 21.7 MBs/sec
2025-01-14T19:03:45.6644420Z Received 96468992 of 1706796060 (5.7%), 30.4 MBs/sec
2025-01-14T19:03:46.6885690Z Received 155189248 of 1706796060 (9.1%), 36.7 MBs/sec
2025-01-14T19:03:47.6690010Z Received 201326592 of 1706796060 (11.8%), 38.1 MBs/sec
2025-01-14T19:03:48.6690050Z Received 255852544 of 1706796060 (15.0%), 40.4 MBs/sec
2025-01-14T19:03:49.6824770Z Received 285212672 of 1706796060 (16.7%), 38.6 MBs/sec
2025-01-14T19:03:50.6749370Z Received 343932928 of 1706796060 (20.2%), 40.8 MBs/sec
2025-01-14T19:03:51.6784690Z Received 390070272 of 1706796060 (22.9%), 41.1 MBs/sec
2025-01-14T19:03:52.6889560Z Received 419430400 of 1706796060 (24.6%), 39.8 MBs/sec
2025-01-14T19:03:53.6899220Z Received 457179136 of 1706796060 (26.8%), 39.5 MBs/sec
2025-01-14T19:03:54.7162170Z Received 503316480 of 1706796060 (29.5%), 39.8 MBs/sec
2025-01-14T19:03:55.7516640Z Received 545259520 of 1706796060 (31.9%), 39.7 MBs/sec
2025-01-14T19:03:56.7585220Z Received 595591168 of 1706796060 (34.9%), 40.2 MBs/sec
2025-01-14T19:03:57.7774400Z Received 629145600 of 1706796060 (36.9%), 39.6 MBs/sec
2025-01-14T19:03:58.8507230Z Received 687865856 of 1706796060 (40.3%), 40.5 MBs/sec
2025-01-14T19:03:59.8792690Z Received 734003200 of 1706796060 (43.0%), 40.6 MBs/sec
2025-01-14T19:04:00.9914820Z Received 784334848 of 1706796060 (46.0%), 41.0 MBs/sec
2025-01-14T19:04:01.8724250Z Received 822083584 of 1706796060 (48.2%), 40.8 MBs/sec
2025-01-14T19:04:02.9197630Z Received 880803840 of 1706796060 (51.6%), 41.5 MBs/sec
2025-01-14T19:04:03.8958380Z Received 918552576 of 1706796060 (53.8%), 41.2 MBs/sec
2025-01-14T19:04:04.8982960Z Received 973078528 of 1706796060 (57.0%), 41.7 MBs/sec
2025-01-14T19:04:05.9028720Z Received 1019215872 of 1706796060 (59.7%), 41.8 MBs/sec
2025-01-14T19:04:06.9058260Z Received 1044381696 of 1706796060 (61.2%), 41.0 MBs/sec
2025-01-14T19:04:07.9068810Z Received 1098907648 of 1706796060 (64.4%), 41.5 MBs/sec
2025-01-14T19:04:08.9481690Z Received 1145044992 of 1706796060 (67.1%), 41.5 MBs/sec
2025-01-14T19:04:09.9732800Z Received 1182793728 of 1706796060 (69.3%), 41.3 MBs/sec
2025-01-14T19:04:10.9652200Z Received 1228931072 of 1706796060 (72.0%), 41.4 MBs/sec
2025-01-14T19:04:11.9755380Z Received 1275068416 of 1706796060 (74.7%), 41.5 MBs/sec
2025-01-14T19:04:12.9750450Z Received 1317011456 of 1706796060 (77.2%), 41.4 MBs/sec
2025-01-14T19:04:13.9801350Z Received 1363148800 of 1706796060 (79.9%), 41.5 MBs/sec
2025-01-14T19:04:15.0104450Z Received 1413480448 of 1706796060 (82.8%), 41.7 MBs/sec
2025-01-14T19:04:16.0187380Z Received 1447034880 of 1706796060 (84.8%), 41.4 MBs/sec
2025-01-14T19:04:17.0131290Z Received 1501560832 of 1706796060 (88.0%), 41.7 MBs/sec
2025-01-14T19:04:18.0384290Z Received 1518338048 of 1706796060 (89.0%), 40.9 MBs/sec
2025-01-14T19:04:19.0283460Z Received 1556086784 of 1706796060 (91.2%), 40.8 MBs/sec
2025-01-14T19:04:20.0299840Z Received 1610612736 of 1706796060 (94.4%), 41.1 MBs/sec
2025-01-14T19:04:21.0333170Z Received 1673527296 of 1706796060 (98.1%), 41.6 MBs/sec
2025-01-14T19:04:22.0366250Z Received 1706796060 of 1706796060 (100.0%), 41.3 MBs/sec
2025-01-14T19:04:22.1583370Z Cache Size: ~1628 MB (1706796060 B)
2025-01-14T19:04:22.1804800Z [command]/opt/homebrew/bin/gtar -xf /Users/runner/work/_temp/09eb4f1d-e461-4b62-aab8-7cc368ce07aa/cache.tzst -P -C /Users/runner/work/tardis/tardis --delay-directory-restore --use-compress-program unzstd
2025-01-14T19:04:37.3303190Z Cache restored successfully
2025-01-14T19:04:37.7938510Z Cache restored from key: macOS-lfs-21f9fa4b6817cc69b9fae3598144724da7828e276a73bd17f47a2a49d9af090a-v1
2025-01-14T19:04:37.8601050Z ##[group]Run git lfs checkout
2025-01-14T19:04:37.8601390Z [36;1mgit lfs checkout[0m
2025-01-14T19:04:37.8932860Z shell: /bin/bash --noprofile --norc -e -o pipefail {0}
2025-01-14T19:04:37.8934440Z env:
2025-01-14T19:04:37.8934930Z   CACHE_NUMBER: 0
2025-01-14T19:04:37.8935490Z   PYTEST_FLAGS: --tardis-regression-data=/Users/runner/work/tardis/tardis/tardis-regression-data --cov=tardis --cov-report=xml --cov-report=html --cov-append
2025-01-14T19:04:37.8939670Z   CODECOV_TOKEN: 
2025-01-14T19:04:37.8939930Z ##[endgroup]
2025-01-14T19:04:58.4135100Z Checking out LFS objects: 100% (204/204), 3.5 GB | 155 MB/s, done.
2025-01-14T19:05:14.4345950Z Prepare all required actions
2025-01-14T19:05:14.4348220Z Getting action download info
2025-01-14T19:05:14.7655860Z Download action repository 'mamba-org/setup-micromamba@v1' (SHA:4b9113af4fba0e9e1124b252dd6497a419e7396d)
2025-01-14T19:05:16.0802080Z ##[group]Run ./.github/actions/setup_env
2025-01-14T19:05:16.0802410Z with:
2025-01-14T19:05:16.0802680Z   os-label: osx-arm64
2025-01-14T19:05:16.0802960Z env:
2025-01-14T19:05:16.0803170Z   CACHE_NUMBER: 0
2025-01-14T19:05:16.0803790Z   PYTEST_FLAGS: --tardis-regression-data=/Users/runner/work/tardis/tardis/tardis-regression-data --cov=tardis --cov-report=xml --cov-report=html --cov-append
2025-01-14T19:05:16.0804440Z   CODECOV_TOKEN: 
2025-01-14T19:05:16.0804770Z ##[endgroup]
2025-01-14T19:05:16.0908700Z ##[group]Run file_hash=$(cat conda-osx-arm64.lock | shasum -a 256 | cut -d' ' -f1)
2025-01-14T19:05:16.0909190Z [36;1mfile_hash=$(cat conda-osx-arm64.lock | shasum -a 256 | cut -d' ' -f1)[0m
2025-01-14T19:05:16.0909670Z [36;1mecho "file_hash=$file_hash" >> "${GITHUB_OUTPUT}"[0m
2025-01-14T19:05:16.1106930Z shell: /bin/bash --noprofile --norc -e -o pipefail {0}
2025-01-14T19:05:16.1107220Z env:
2025-01-14T19:05:16.1107410Z   CACHE_NUMBER: 0
2025-01-14T19:05:16.1108030Z   PYTEST_FLAGS: --tardis-regression-data=/Users/runner/work/tardis/tardis/tardis-regression-data --cov=tardis --cov-report=xml --cov-report=html --cov-append
2025-01-14T19:05:16.1108530Z   CODECOV_TOKEN: 
2025-01-14T19:05:16.1108680Z ##[endgroup]
2025-01-14T19:05:16.3001980Z ##[group]Run mamba-org/setup-micromamba@v1
2025-01-14T19:05:16.3002190Z with:
2025-01-14T19:05:16.3002370Z   environment-file: conda-osx-arm64.lock
2025-01-14T19:05:16.3002730Z   cache-environment-key: bf0d0a4d4c847cca72476c6c68c493d56c484aada7e80de0e42c7607fcef5824
2025-01-14T19:05:16.3003240Z   cache-downloads-key: bf0d0a4d4c847cca72476c6c68c493d56c484aada7e80de0e42c7607fcef5824
2025-01-14T19:05:16.3003560Z   environment-name: tardis
2025-01-14T19:05:16.3003760Z   cache-environment: true
2025-01-14T19:05:16.3003960Z   cache-downloads: true
2025-01-14T19:05:16.3004110Z env:
2025-01-14T19:05:16.3004240Z   CACHE_NUMBER: 0
2025-01-14T19:05:16.3004720Z   PYTEST_FLAGS: --tardis-regression-data=/Users/runner/work/tardis/tardis/tardis-regression-data --cov=tardis --cov-report=xml --cov-report=html --cov-append
2025-01-14T19:05:16.3005220Z   CODECOV_TOKEN: 
2025-01-14T19:05:16.3005360Z ##[endgroup]
2025-01-14T19:05:16.6804820Z Will download micromamba to /Users/runner/micromamba-bin/micromamba
2025-01-14T19:05:16.6817680Z ##[group]Install micromamba
2025-01-14T19:05:17.6622810Z micromamba installed to /Users/runner/micromamba-bin/micromamba
2025-01-14T19:05:17.6624610Z ##[endgroup]
2025-01-14T19:05:17.6625490Z Adding conda-forge to condarc channels ...
2025-01-14T19:05:17.6659560Z ##[group]Initialize micromamba for bash.
2025-01-14T19:05:17.6678210Z [command]/Users/runner/micromamba-bin/micromamba shell init -s bash -r /Users/runner/micromamba --log-level warning --rc-file /Users/runner/work/_temp/setup-micromamba/.condarc
2025-01-14T19:05:17.7476770Z Modifying RC file "/Users/runner/.bash_profile"
2025-01-14T19:05:17.7517470Z Generating config for root prefix [1m"/Users/runner/micromamba"[0m
2025-01-14T19:05:17.7518750Z Setting mamba executable to: [1m"/Users/runner/micromamba-bin/micromamba"[0m
2025-01-14T19:05:17.7519850Z Adding (or replacing) the following in your "/Users/runner/.bash_profile" file
2025-01-14T19:05:17.7527280Z 
2025-01-14T19:05:17.7527960Z # >>> mamba initialize >>>
2025-01-14T19:05:17.7528410Z # !! Contents within this block are managed by 'mamba init' !!
2025-01-14T19:05:17.7529820Z export MAMBA_EXE='/Users/runner/micromamba-bin/micromamba';
2025-01-14T19:05:17.7532560Z export MAMBA_ROOT_PREFIX='/Users/runner/micromamba';
2025-01-14T19:05:17.7568620Z __mamba_setup="$("$MAMBA_EXE" shell hook --shell bash --root-prefix "$MAMBA_ROOT_PREFIX" 2> /dev/null)"
2025-01-14T19:05:17.7569380Z if [ $? -eq 0 ]; then
2025-01-14T19:05:17.7570520Z     eval "$__mamba_setup"
2025-01-14T19:05:17.7574470Z else
2025-01-14T19:05:17.7575480Z     alias micromamba="$MAMBA_EXE"  # Fallback on help from mamba activate
2025-01-14T19:05:17.7576410Z fi
2025-01-14T19:05:17.7576690Z unset __mamba_setup
2025-01-14T19:05:17.7576910Z # <<< mamba initialize <<<
2025-01-14T19:05:17.7577950Z 
2025-01-14T19:05:17.7579000Z ##[endgroup]
2025-01-14T19:05:17.7581960Z ##[group]Restoring downloads from `/Users/runner/micromamba/pkgs` ...
2025-01-14T19:05:19.1521680Z Received 16777216 of 310595873 (5.4%), 16.0 MBs/sec
2025-01-14T19:05:20.1550710Z Received 92274688 of 310595873 (29.7%), 43.9 MBs/sec
2025-01-14T19:05:21.1570970Z Received 150994944 of 310595873 (48.6%), 47.9 MBs/sec
2025-01-14T19:05:22.1594230Z Received 222298112 of 310595873 (71.6%), 52.9 MBs/sec
2025-01-14T19:05:23.1677370Z Received 276824064 of 310595873 (89.1%), 52.7 MBs/sec
2025-01-14T19:05:23.7455480Z Cache Size: ~296 MB (310595873 B)
2025-01-14T19:05:23.7585930Z [command]/opt/homebrew/bin/gtar -xf /Users/runner/work/_temp/4ca4f01c-f430-4ef5-a17f-c47fb91eabdd/cache.tzst -P -C /Users/runner/work/tardis/tardis --delay-directory-restore --use-compress-program unzstd
2025-01-14T19:05:24.1646780Z Received 310595873 of 310595873 (100.0%), 49.2 MBs/sec
2025-01-14T19:05:25.2508280Z Cache restored successfully
2025-01-14T19:05:25.2583170Z Restored cache with key `bf0d0a4d4c847cca72476c6c68c493d56c484aada7e80de0e42c7607fcef5824-osx-arm64`
2025-01-14T19:05:25.2589550Z ##[endgroup]
2025-01-14T19:05:25.2639980Z ##[group]Restoring environment `tardis` from `/Users/runner/micromamba/envs/tardis` ...
2025-01-14T19:05:26.6994160Z Received 4194304 of 385775710 (1.1%), 3.8 MBs/sec
2025-01-14T19:05:27.6987820Z Received 67108864 of 385775710 (17.4%), 31.3 MBs/sec
2025-01-14T19:05:28.7005490Z Received 117440512 of 385775710 (30.4%), 36.7 MBs/sec
2025-01-14T19:05:29.6991760Z Received 155189248 of 385775710 (40.2%), 36.6 MBs/sec
2025-01-14T19:05:30.7088270Z Received 188743680 of 385775710 (48.9%), 35.7 MBs/sec
2025-01-14T19:05:31.7106610Z Received 243269632 of 385775710 (63.1%), 38.3 MBs/sec
2025-01-14T19:05:32.7113830Z Received 293601280 of 385775710 (76.1%), 39.7 MBs/sec
2025-01-14T19:05:33.7146280Z Received 356515840 of 385775710 (92.4%), 42.2 MBs/sec
2025-01-14T19:05:34.2170680Z Cache Size: ~368 MB (385775710 B)
2025-01-14T19:05:34.2246860Z [command]/opt/homebrew/bin/gtar -xf /Users/runner/work/_temp/09896963-0d54-450e-b895-4f9fef9ebae4/cache.tzst -P -C /Users/runner/work/tardis/tardis --delay-directory-restore --use-compress-program unzstd
2025-01-14T19:05:34.7170240Z Received 385775710 of 385775710 (100.0%), 40.6 MBs/sec
2025-01-14T19:05:59.4874730Z Cache restored successfully
2025-01-14T19:05:59.5089030Z Restored cache with key `bf0d0a4d4c847cca72476c6c68c493d56c484aada7e80de0e42c7607fcef5824-osx-arm64-tardis-args-4f53cda-root-873f6fe-bin-[object Promise]-file-bf0d0a4d4c847cca72476c6c68c493d56c484aada7e80de0e42c7607fcef5824`
2025-01-14T19:05:59.5212700Z ##[endgroup]
2025-01-14T19:05:59.5304660Z Adding environment tardis to auto-activate bash ...
2025-01-14T19:05:59.5462130Z Generating micromamba run shell.
2025-01-14T19:05:59.5528230Z ##[endgroup]
2025-01-14T19:05:59.5532350Z Set environment variables.
2025-01-14T19:05:59.5533890Z ##[group]micromamba info
2025-01-14T19:05:59.5536650Z [command]/Users/runner/micromamba-bin/micromamba info -r /Users/runner/micromamba -n tardis
2025-01-14T19:06:00.5762370Z 
2025-01-14T19:06:00.5864110Z        libmamba version : 1.5.10
2025-01-14T19:06:00.5935110Z      micromamba version : 1.5.10
2025-01-14T19:06:00.5946450Z            curl version : libcurl/8.10.1 (OpenSSL/3.3.2) SecureTransport zlib/1.3.1 zstd/1.5.6 libssh2/1.11.0 nghttp2/1.58.0
2025-01-14T19:06:00.5947380Z      libarchive version : libarchive 3.7.4 zlib/1.2.13 bz2lib/1.0.8 libzstd/1.5.6
2025-01-14T19:06:00.5952460Z        envs directories : /Users/runner/micromamba/envs
2025-01-14T19:06:00.6043350Z           package cache : /Users/runner/micromamba/pkgs
2025-01-14T19:06:00.6043830Z                           /Users/runner/.mamba/pkgs
2025-01-14T19:06:00.6053080Z             environment : tardis
2025-01-14T19:06:00.6069850Z            env location : /Users/runner/micromamba/envs/tardis
2025-01-14T19:06:00.6071660Z       user config files : /Users/runner/.mambarc
2025-01-14T19:06:00.6074950Z  populated config files : /Users/runner/work/_temp/setup-micromamba/.condarc
2025-01-14T19:06:00.6075430Z        virtual packages : __unix=0=0
2025-01-14T19:06:00.6809670Z                           __osx=14.7.2=0
2025-01-14T19:06:00.6810220Z                           __archspec=1=arm64
2025-01-14T19:06:00.6810710Z                channels : https://conda.anaconda.org/conda-forge/osx-arm64
2025-01-14T19:06:00.6811160Z                           https://conda.anaconda.org/conda-forge/noarch
2025-01-14T19:06:00.6811510Z        base environment : /Users/runner/micromamba
2025-01-14T19:06:00.6811920Z                platform : osx-arm64
2025-01-14T19:06:00.6812670Z ##[endgroup]
2025-01-14T19:06:00.6813100Z ##[group]micromamba list
2025-01-14T19:06:00.6813850Z [command]/Users/runner/micromamba-bin/micromamba list -r /Users/runner/micromamba -n tardis
2025-01-14T19:06:01.6792880Z List of packages in environment: "/Users/runner/micromamba/envs/tardis"
2025-01-14T19:06:01.6796210Z 
2025-01-14T19:06:01.6796910Z   Name                           Version              Build                    Channel    
2025-01-14T19:06:01.6834160Z â”€â”€â”€â”€â”€â”€â”€â”€â”€â”€â”€â”€â”€â”€â”€â”€â”€â”€â”€â”€â”€â”€â”€â”€â”€â”€â”€â”€â”€â”€â”€â”€â”€â”€â”€â”€â”€â”€â”€â”€â”€â”€â”€â”€â”€â”€â”€â”€â”€â”€â”€â”€â”€â”€â”€â”€â”€â”€â”€â”€â”€â”€â”€â”€â”€â”€â”€â”€â”€â”€â”€â”€â”€â”€â”€â”€â”€â”€â”€â”€â”€â”€â”€â”€â”€â”€â”€â”€â”€â”€â”€â”€
2025-01-14T19:06:01.6836800Z   alabaster                      0.7.16               pyhd8ed1ab_0             conda-forge
2025-01-14T19:06:01.6841740Z   anyio                          4.4.0                pyhd8ed1ab_0             conda-forge
2025-01-14T19:06:01.6843840Z   appnope                        0.1.4                pyhd8ed1ab_0             conda-forge
2025-01-14T19:06:01.6846730Z   argon2-cffi                    23.1.0               pyhd8ed1ab_0             conda-forge
2025-01-14T19:06:01.6852020Z   argon2-cffi-bindings           21.2.0               py312h02f2b3b_4          conda-forge
2025-01-14T19:06:01.6854490Z   arrow                          1.3.0                pyhd8ed1ab_0             conda-forge
2025-01-14T19:06:01.6855260Z   astropy                        6.1.1                py312hbebd99a_0          conda-forge
2025-01-14T19:06:01.6856650Z   astropy-iers-data              0.2024.6.17.0.31.35  pyhd8ed1ab_0             conda-forge
2025-01-14T19:06:01.6859460Z   astropy-sphinx-theme           1.1                  pyhd8ed1ab_0             conda-forge
2025-01-14T19:06:01.6863580Z   asttokens                      2.4.1                pyhd8ed1ab_0             conda-forge
2025-01-14T19:06:01.6864080Z   async-lru                      2.0.4                pyhd8ed1ab_0             conda-forge
2025-01-14T19:06:01.6864480Z   atk-1.0                        2.38.0               hd03087b_2               conda-forge
2025-01-14T19:06:01.6864930Z   attrs                          23.2.0               pyh71513ae_0             conda-forge
2025-01-14T19:06:01.6867850Z   babel                          2.14.0               pyhd8ed1ab_0             conda-forge
2025-01-14T19:06:01.6868300Z   beautifulsoup4                 4.12.3               pyha770c72_0             conda-forge
2025-01-14T19:06:01.6868830Z   bleach                         6.1.0                pyhd8ed1ab_0             conda-forge
2025-01-14T19:06:01.6869630Z   blosc                          1.21.5               h9c252e8_1               conda-forge
2025-01-14T19:06:01.6870330Z   brotli                         1.1.0                hb547adb_1               conda-forge
2025-01-14T19:06:01.6871690Z   brotli-bin                     1.1.0                hb547adb_1               conda-forge
2025-01-14T19:06:01.6872170Z   brotli-python                  1.1.0                py312h9f69965_1          conda-forge
2025-01-14T19:06:01.6881360Z   bzip2                          1.0.8                h93a5062_5               conda-forge
2025-01-14T19:06:01.6915570Z   c-ares                         1.28.1               h93a5062_0               conda-forge
2025-01-14T19:06:01.6921710Z   c-blosc2                       2.14.4               ha57e6be_1               conda-forge
2025-01-14T19:06:01.6922430Z   ca-certificates                2024.6.2             hf0a4a13_0               conda-forge
2025-01-14T19:06:01.6923830Z   cached-property                1.5.2                hd8ed1ab_1               conda-forge
2025-01-14T19:06:01.6924800Z   cached_property                1.5.2                pyha770c72_1             conda-forge
2025-01-14T19:06:01.6926180Z   cairo                          1.18.0               hd1e100b_0               conda-forge
2025-01-14T19:06:01.6927350Z   certifi                        2024.6.2             pyhd8ed1ab_0             conda-forge
2025-01-14T19:06:01.6929170Z   cffi                           1.16.0               py312h8e38eb3_0          conda-forge
2025-01-14T19:06:01.6932140Z   charset-normalizer             3.3.2                pyhd8ed1ab_0             conda-forge
2025-01-14T19:06:01.6932750Z   click                          8.1.7                unix_pyh707e725_0        conda-forge
2025-01-14T19:06:01.6934610Z   codespell                      2.3.0                pyhd8ed1ab_0             conda-forge
2025-01-14T19:06:01.6935240Z   colorama                       0.4.6                pyhd8ed1ab_0             conda-forge
2025-01-14T19:06:01.6936190Z   comm                           0.2.2                pyhd8ed1ab_0             conda-forge
2025-01-14T19:06:01.6936730Z   commonmark                     0.9.1                py_0                     conda-forge
2025-01-14T19:06:01.6937820Z   contourpy                      1.2.1                py312h0fef576_0          conda-forge
2025-01-14T19:06:01.6938530Z   coverage                       7.5.3                py312h7e5086c_0          conda-forge
2025-01-14T19:06:01.6940970Z   cycler                         0.12.1               pyhd8ed1ab_0             conda-forge
2025-01-14T19:06:01.6944370Z   dataclasses                    0.8                  pyhc8e2a94_3             conda-forge
2025-01-14T19:06:01.6945910Z   debugpy                        1.8.1                py312h20a0b95_0          conda-forge
2025-01-14T19:06:01.6946380Z   decorator                      5.1.1                pyhd8ed1ab_0             conda-forge
2025-01-14T19:06:01.6946920Z   defusedxml                     0.7.1                pyhd8ed1ab_0             conda-forge
2025-01-14T19:06:01.7017490Z   docutils                       0.20.1               py312h81bd7bf_3          conda-forge
2025-01-14T19:06:01.7027800Z   dot2tex                        2.11.3               pyhd8ed1ab_0             conda-forge
2025-01-14T19:06:01.7028150Z   entrypoints                    0.4                  pyhd8ed1ab_0             conda-forge
2025-01-14T19:06:01.7028700Z   exceptiongroup                 1.2.0                pyhd8ed1ab_2             conda-forge
2025-01-14T19:06:01.7029110Z   executing                      2.0.1                pyhd8ed1ab_0             conda-forge
2025-01-14T19:06:01.7029780Z   expat                          2.6.2                hebf3989_0               conda-forge
2025-01-14T19:06:01.7030180Z   font-ttf-dejavu-sans-mono      2.37                 hab24e00_0               conda-forge
2025-01-14T19:06:01.7030560Z   font-ttf-inconsolata           3.000                h77eed37_0               conda-forge
2025-01-14T19:06:01.7030940Z   font-ttf-source-code-pro       2.038                h77eed37_0               conda-forge
2025-01-14T19:06:01.7037070Z   font-ttf-ubuntu                0.83                 h77eed37_2               conda-forge
2025-01-14T19:06:01.7037550Z   fontconfig                     2.14.2               h82840c6_0               conda-forge
2025-01-14T19:06:01.7037970Z   fonts-conda-ecosystem          1                    0                        conda-forge
2025-01-14T19:06:01.7040210Z   fonts-conda-forge              1                    0                        conda-forge
2025-01-14T19:06:01.7040570Z   fonttools                      4.53.0               py312h7e5086c_0          conda-forge
2025-01-14T19:06:01.7041250Z   fqdn                           1.5.1                pyhd8ed1ab_0             conda-forge
2025-01-14T19:06:01.7042450Z   freetype                       2.12.1               hadb7bae_2               conda-forge
2025-01-14T19:06:01.7048640Z   fribidi                        1.0.10               h27ca646_0               conda-forge
2025-01-14T19:06:01.7053390Z   future                         1.0.0                pyhd8ed1ab_0             conda-forge
2025-01-14T19:06:01.7055070Z   gdk-pixbuf                     2.42.12              h7ddc832_0               conda-forge
2025-01-14T19:06:01.7060610Z   gettext                        0.22.5               h8fbad5d_2               conda-forge
2025-01-14T19:06:01.7062290Z   gettext-tools                  0.22.5               h8fbad5d_2               conda-forge
2025-01-14T19:06:01.7073000Z   giflib                         5.2.2                h93a5062_0               conda-forge
2025-01-14T19:06:01.7073570Z   git-lfs                        3.5.1                hce30654_0               conda-forge
2025-01-14T19:06:01.7073930Z   gmp                            6.3.0                hebf3989_1               conda-forge
2025-01-14T19:06:01.7074230Z   gmpy2                          2.1.5                py312hfa9fade_1          conda-forge
2025-01-14T19:06:01.7075280Z   graphite2                      1.3.13               hebf3989_1003            conda-forge
2025-01-14T19:06:01.7075650Z   graphviz                       11.0.0               h9bb9bc9_0               conda-forge
2025-01-14T19:06:01.7075940Z   gtk2                           2.24.33              h7895bb2_4               conda-forge
2025-01-14T19:06:01.7076390Z   gts                            0.7.6                he42f4ea_4               conda-forge
2025-01-14T19:06:01.7077490Z   h11                            0.14.0               pyhd8ed1ab_0             conda-forge
2025-01-14T19:06:01.7077960Z   h2                             4.1.0                pyhd8ed1ab_0             conda-forge
2025-01-14T19:06:01.7078460Z   h5py                           3.11.0               nompi_py312h903599c_102  conda-forge
2025-01-14T19:06:01.7078930Z   harfbuzz                       8.5.0                h1836168_0               conda-forge
2025-01-14T19:06:01.7079270Z   hdf5                           1.14.3               nompi_hec07895_105       conda-forge
2025-01-14T19:06:01.7079950Z   hpack                          4.0.0                pyh9f0ad1d_0             conda-forge
2025-01-14T19:06:01.7080780Z   httpcore                       1.0.5                pyhd8ed1ab_0             conda-forge
2025-01-14T19:06:01.7081380Z   httpx                          0.27.0               pyhd8ed1ab_0             conda-forge
2025-01-14T19:06:01.7086400Z   hyperframe                     6.0.1                pyhd8ed1ab_0             conda-forge
2025-01-14T19:06:01.7090120Z   icu                            73.2                 hc8870d7_0               conda-forge
2025-01-14T19:06:01.7090560Z   idna                           3.7                  pyhd8ed1ab_0             conda-forge
2025-01-14T19:06:01.7091160Z   imagesize                      1.4.1                pyhd8ed1ab_0             conda-forge
2025-01-14T19:06:01.7091780Z   importlib-metadata             7.1.0                pyha770c72_0             conda-forge
2025-01-14T19:06:01.7092540Z   importlib_metadata             7.1.0                hd8ed1ab_0               conda-forge
2025-01-14T19:06:01.7093990Z   importlib_resources            6.4.0                pyhd8ed1ab_0             conda-forge
2025-01-14T19:06:01.7097480Z   iniconfig                      2.0.0                pyhd8ed1ab_0             conda-forge
2025-01-14T19:06:01.7100050Z   ipykernel                      6.29.4               pyh57ce528_0             conda-forge
2025-01-14T19:06:01.7102920Z   ipython                        8.25.0               pyh707e725_0             conda-forge
2025-01-14T19:06:01.7104840Z   ipython_genutils               0.2.0                pyhd8ed1ab_1             conda-forge
2025-01-14T19:06:01.7106040Z   ipywidgets                     7.8.0                pyhd8ed1ab_0             conda-forge
2025-01-14T19:06:01.7106680Z   isoduration                    20.11.0              pyhd8ed1ab_0             conda-forge
2025-01-14T19:06:01.7107050Z   jedi                           0.19.1               pyhd8ed1ab_0             conda-forge
2025-01-14T19:06:01.7111620Z   jinja2                         3.1.4                pyhd8ed1ab_0             conda-forge
2025-01-14T19:06:01.7113410Z   json5                          0.9.25               pyhd8ed1ab_0             conda-forge
2025-01-14T19:06:01.7114610Z   jsonpointer                    3.0.0                py312h81bd7bf_0          conda-forge
2025-01-14T19:06:01.7115840Z   jsonschema                     4.22.0               pyhd8ed1ab_0             conda-forge
2025-01-14T19:06:01.7118100Z   jsonschema-specifications      2023.12.1            pyhd8ed1ab_0             conda-forge
2025-01-14T19:06:01.7118840Z   jsonschema-with-format-nongpl  4.22.0               pyhd8ed1ab_0             conda-forge
2025-01-14T19:06:01.7119300Z   jupyter-lsp                    2.2.5                pyhd8ed1ab_0             conda-forge
2025-01-14T19:06:01.7119760Z   jupyter_client                 8.6.2                pyhd8ed1ab_0             conda-forge
2025-01-14T19:06:01.7120240Z   jupyter_core                   5.7.2                py312h81bd7bf_0          conda-forge
2025-01-14T19:06:01.7120650Z   jupyter_events                 0.10.0               pyhd8ed1ab_0             conda-forge
2025-01-14T19:06:01.7121100Z   jupyter_server                 2.14.1               pyhd8ed1ab_0             conda-forge
2025-01-14T19:06:01.7121540Z   jupyter_server_terminals       0.5.3                pyhd8ed1ab_0             conda-forge
2025-01-14T19:06:01.7125990Z   jupyterlab                     4.2.2                pyhd8ed1ab_0             conda-forge
2025-01-14T19:06:01.7126400Z   jupyterlab_pygments            0.3.0                pyhd8ed1ab_1             conda-forge
2025-01-14T19:06:01.7128490Z   jupyterlab_server              2.27.2               pyhd8ed1ab_0             conda-forge
2025-01-14T19:06:01.7128880Z   jupyterlab_widgets             1.1.7                pyhd8ed1ab_0             conda-forge
2025-01-14T19:06:01.7129200Z   kiwisolver                     1.4.5                py312h389731b_1          conda-forge
2025-01-14T19:06:01.7129540Z   krb5                           1.21.2               h92f50d5_0               conda-forge
2025-01-14T19:06:01.7129930Z   latexcodec                     2.0.1                pyh9f0ad1d_0             conda-forge
2025-01-14T19:06:01.7130280Z   lcms2                          2.16                 ha0e7c42_0               conda-forge
2025-01-14T19:06:01.7130660Z   lerc                           4.0.0                h9a09cb3_0               conda-forge
2025-01-14T19:06:01.7131050Z   libaec                         1.1.3                hebf3989_0               conda-forge
2025-01-14T19:06:01.7131360Z   libasprintf                    0.22.5               h8fbad5d_2               conda-forge
2025-01-14T19:06:01.7131800Z   libasprintf-devel              0.22.5               h8fbad5d_2               conda-forge
2025-01-14T19:06:01.7132120Z   libblas                        3.9.0                22_osxarm64_openblas     conda-forge
2025-01-14T19:06:01.7132540Z   libbrotlicommon                1.1.0                hb547adb_1               conda-forge
2025-01-14T19:06:01.7132920Z   libbrotlidec                   1.1.0                hb547adb_1               conda-forge
2025-01-14T19:06:01.7133320Z   libbrotlienc                   1.1.0                hb547adb_1               conda-forge
2025-01-14T19:06:01.7133680Z   libcblas                       3.9.0                22_osxarm64_openblas     conda-forge
2025-01-14T19:06:01.7134080Z   libcurl                        8.8.0                h7b6f9a7_0               conda-forge
2025-01-14T19:06:01.7135060Z   libcxx                         17.0.6               h5f092b4_0               conda-forge
2025-01-14T19:06:01.7135730Z   libdeflate                     1.20                 h93a5062_0               conda-forge
2025-01-14T19:06:01.7136120Z   libedit                        3.1.20191231         hc8eb9b7_2               conda-forge
2025-01-14T19:06:01.7136450Z   libev                          4.33                 h93a5062_2               conda-forge
2025-01-14T19:06:01.7136790Z   libexpat                       2.6.2                hebf3989_0               conda-forge
2025-01-14T19:06:01.7137200Z   libffi                         3.4.2                h3422bc3_5               conda-forge
2025-01-14T19:06:01.7137570Z   libgd                          2.3.3                hfdf3952_9               conda-forge
2025-01-14T19:06:01.7137920Z   libgettextpo                   0.22.5               h8fbad5d_2               conda-forge
2025-01-14T19:06:01.7138360Z   libgettextpo-devel             0.22.5               h8fbad5d_2               conda-forge
2025-01-14T19:06:01.7138730Z   libgfortran                    5.0.0                13_2_0_hd922786_3        conda-forge
2025-01-14T19:06:01.7139140Z   libgfortran5                   13.2.0               hf226fd6_3               conda-forge
2025-01-14T19:06:01.7139490Z   libglib                        2.80.2               h59d46d9_1               conda-forge
2025-01-14T19:06:01.7139880Z   libiconv                       1.17                 h0d3ecfb_2               conda-forge
2025-01-14T19:06:01.7140210Z   libintl                        0.22.5               h8fbad5d_2               conda-forge
2025-01-14T19:06:01.7142620Z   libintl-devel                  0.22.5               h8fbad5d_2               conda-forge
2025-01-14T19:06:01.7144860Z   libjpeg-turbo                  3.0.0                hb547adb_1               conda-forge
2025-01-14T19:06:01.7147170Z   liblapack                      3.9.0                22_osxarm64_openblas     conda-forge
2025-01-14T19:06:01.7147550Z   libllvm14                      14.0.6               hd1a9a77_4               conda-forge
2025-01-14T19:06:01.7148040Z   libnghttp2                     1.58.0               ha4dd798_1               conda-forge
2025-01-14T19:06:01.7148440Z   libopenblas                    0.3.27               openmp_h6c19121_0        conda-forge
2025-01-14T19:06:01.7148750Z   libpng                         1.6.43               h091b4b1_0               conda-forge
2025-01-14T19:06:01.7149140Z   librsvg                        2.58.1               hbc281fb_0               conda-forge
2025-01-14T19:06:01.7149500Z   libsodium                      1.0.18               h27ca646_1               conda-forge
2025-01-14T19:06:01.7149960Z   libsqlite                      3.46.0               hfb93653_0               conda-forge
2025-01-14T19:06:01.7150350Z   libssh2                        1.11.0               h7a5bd25_0               conda-forge
2025-01-14T19:06:01.7150780Z   libtiff                        4.6.0                h07db509_3               conda-forge
2025-01-14T19:06:01.7151130Z   libwebp                        1.4.0                h54798ee_0               conda-forge
2025-01-14T19:06:01.7151490Z   libwebp-base                   1.4.0                h93a5062_0               conda-forge
2025-01-14T19:06:01.7151870Z   libxcb                         1.16                 hf2054a2_0               conda-forge
2025-01-14T19:06:01.7152270Z   libxml2                        2.12.7               ha661575_1               conda-forge
2025-01-14T19:06:01.7152650Z   libxslt                        1.1.39               h223e5b9_0               conda-forge
2025-01-14T19:06:01.7153100Z   libzlib                        1.3.1                hfb2fe0b_1               conda-forge
2025-01-14T19:06:01.7153570Z   llvm-openmp                    18.1.7               hde57baf_0               conda-forge
2025-01-14T19:06:01.7153970Z   llvmlite                       0.42.0               py312h17030e7_1          conda-forge
2025-01-14T19:06:01.7155050Z   lxml                           5.2.2                py312h0e5ab22_0          conda-forge
2025-01-14T19:06:01.7155710Z   lz4-c                          1.9.4                hb7217d7_0               conda-forge
2025-01-14T19:06:01.7158880Z   markupsafe                     2.1.5                py312he37b823_0          conda-forge
2025-01-14T19:06:01.7163540Z   matplotlib-base                3.8.4                py312h4479663_2          conda-forge
2025-01-14T19:06:01.7164920Z   matplotlib-inline              0.1.7                pyhd8ed1ab_0             conda-forge
2025-01-14T19:06:01.7166050Z   mistune                        3.0.2                pyhd8ed1ab_0             conda-forge
2025-01-14T19:06:01.7167010Z   mpc                            1.3.1                h91ba8db_0               conda-forge
2025-01-14T19:06:01.7167860Z   mpfr                           4.2.1                h41d338b_1               conda-forge
2025-01-14T19:06:01.7168810Z   mpmath                         1.3.0                pyhd8ed1ab_0             conda-forge
2025-01-14T19:06:01.7170030Z   munkres                        1.1.4                pyh9f0ad1d_0             conda-forge
2025-01-14T19:06:01.7172040Z   mypy_extensions                1.0.0                pyha770c72_0             conda-forge
2025-01-14T19:06:01.7172480Z   nbclassic                      1.1.0                pyhd8ed1ab_0             conda-forge
2025-01-14T19:06:01.7172780Z   nbclient                       0.10.0               pyhd8ed1ab_0             conda-forge
2025-01-14T19:06:01.7173080Z   nbconvert                      7.16.4               hd8ed1ab_1               conda-forge
2025-01-14T19:06:01.7173400Z   nbconvert-core                 7.16.4               pyhd8ed1ab_1             conda-forge
2025-01-14T19:06:01.7174010Z   nbconvert-pandoc               7.16.4               hd8ed1ab_1               conda-forge
2025-01-14T19:06:01.7174400Z   nbformat                       5.10.4               pyhd8ed1ab_0             conda-forge
2025-01-14T19:06:01.7174740Z   nbsphinx                       0.9.4                pyhd8ed1ab_0             conda-forge
2025-01-14T19:06:01.7175250Z   ncurses                        6.5                  hb89a1cb_0               conda-forge
2025-01-14T19:06:01.7175560Z   nest-asyncio                   1.6.0                pyhd8ed1ab_0             conda-forge
2025-01-14T19:06:01.7175940Z   networkx                       3.3                  pyhd8ed1ab_1             conda-forge
2025-01-14T19:06:01.7176260Z   notebook                       7.2.1                pyhd8ed1ab_0             conda-forge
2025-01-14T19:06:01.7176780Z   notebook-shim                  0.2.4                pyhd8ed1ab_0             conda-forge
2025-01-14T19:06:01.7177100Z   numba                          0.59.1               py312hbaff935_0          conda-forge
2025-01-14T19:06:01.7177390Z   numexpr                        2.10.0               py312h8ae5369_0          conda-forge
2025-01-14T19:06:01.7177780Z   numpy                          1.26.4               py312h8442bc7_0          conda-forge
2025-01-14T19:06:01.7178200Z   numpydoc                       1.7.0                pyhd8ed1ab_1             conda-forge
2025-01-14T19:06:01.7178570Z   openjpeg                       2.5.2                h9f1df11_0               conda-forge
2025-01-14T19:06:01.7178960Z   openssl                        3.3.1                hfb2fe0b_0               conda-forge
2025-01-14T19:06:01.7179310Z   overrides                      7.7.0                pyhd8ed1ab_0             conda-forge
2025-01-14T19:06:01.7180480Z   packaging                      24.1                 pyhd8ed1ab_0             conda-forge
2025-01-14T19:06:01.7182330Z   pandas                         2.2.2                py312h8ae5369_1          conda-forge
2025-01-14T19:06:01.7182690Z   pandoc                         3.2                  hce30654_0               conda-forge
2025-01-14T19:06:01.7183230Z   pandocfilters                  1.5.0                pyhd8ed1ab_0             conda-forge
2025-01-14T19:06:01.7184280Z   pango                          1.54.0               h5cb9fbc_0               conda-forge
2025-01-14T19:06:01.7184900Z   parso                          0.8.4                pyhd8ed1ab_0             conda-forge
2025-01-14T19:06:01.7185400Z   pathspec                       0.12.1               pyhd8ed1ab_0             conda-forge
2025-01-14T19:06:01.7185830Z   pbr                            6.0.0                pyhd8ed1ab_0             conda-forge
2025-01-14T19:06:01.7186190Z   pcre2                          10.44                h297a79d_0               conda-forge
2025-01-14T19:06:01.7186630Z   pexpect                        4.9.0                pyhd8ed1ab_0             conda-forge
2025-01-14T19:06:01.7187050Z   pickleshare                    0.7.5                py_1003                  conda-forge
2025-01-14T19:06:01.7187520Z   pillow                         10.3.0               py312h39b1d8d_1          conda-forge
2025-01-14T19:06:01.7187900Z   pip                            24.0                 pyhd8ed1ab_0             conda-forge
2025-01-14T19:06:01.7188290Z   pixman                         0.43.4               hebf3989_0               conda-forge
2025-01-14T19:06:01.7188680Z   pkgutil-resolve-name           1.3.10               pyhd8ed1ab_1             conda-forge
2025-01-14T19:06:01.7189150Z   platformdirs                   4.2.2                pyhd8ed1ab_0             conda-forge
2025-01-14T19:06:01.7189540Z   plotly                         5.22.0               pyhd8ed1ab_0             conda-forge
2025-01-14T19:06:01.7189950Z   pluggy                         1.5.0                pyhd8ed1ab_0             conda-forge
2025-01-14T19:06:01.7190330Z   prometheus_client              0.20.0               pyhd8ed1ab_0             conda-forge
2025-01-14T19:06:01.7190850Z   prompt-toolkit                 3.0.47               pyha770c72_0             conda-forge
2025-01-14T19:06:01.7191280Z   psutil                         5.9.8                py312he37b823_0          conda-forge
2025-01-14T19:06:01.7191800Z   pthread-stubs                  0.4                  h27ca646_1001            conda-forge
2025-01-14T19:06:01.7192170Z   ptyprocess                     0.7.0                pyhd3deb0d_0             conda-forge
2025-01-14T19:06:01.7192480Z   pure_eval                      0.2.2                pyhd8ed1ab_0             conda-forge
2025-01-14T19:06:01.7192780Z   py-cpuinfo                     9.0.0                pyhd8ed1ab_0             conda-forge
2025-01-14T19:06:01.7193080Z   pybtex                         0.24.0               pyhd8ed1ab_2             conda-forge
2025-01-14T19:06:01.7193390Z   pybtex-docutils                1.0.3                py312h81bd7bf_1          conda-forge
2025-01-14T19:06:01.7193720Z   pycparser                      2.22                 pyhd8ed1ab_0             conda-forge
2025-01-14T19:06:01.7194030Z   pyerfa                         2.0.1.4              py312hbebd99a_1          conda-forge
2025-01-14T19:06:01.7194520Z   pygments                       2.18.0               pyhd8ed1ab_0             conda-forge
2025-01-14T19:06:01.7194830Z   pygraphviz                     1.13                 py312h5f4d302_1          conda-forge
2025-01-14T19:06:01.7195140Z   pyobjc-core                    10.3.1               py312hbb55c70_0          conda-forge
2025-01-14T19:06:01.7195490Z   pyobjc-framework-cocoa         10.3.1               py312hbb55c70_0          conda-forge
2025-01-14T19:06:01.7195930Z   pyparsing                      3.1.2                pyhd8ed1ab_0             conda-forge
2025-01-14T19:06:01.7216150Z   pysocks                        1.7.1                pyha2e5f31_6             conda-forge
2025-01-14T19:06:01.7251950Z   pytables                       3.9.2                py312hb622ae1_2          conda-forge
2025-01-14T19:06:01.7252310Z   pytest                         8.2.2                pyhd8ed1ab_0             conda-forge
2025-01-14T19:06:01.7252610Z   pytest-cov                     5.0.0                pyhd8ed1ab_0             conda-forge
2025-01-14T19:06:01.7253710Z   pytest-doctestplus             1.2.1                pyhd8ed1ab_0             conda-forge
2025-01-14T19:06:01.7254110Z   pytest-html                    4.1.1                pyhd8ed1ab_0             conda-forge
2025-01-14T19:06:01.7254870Z   pytest-metadata                3.1.1                pyhd8ed1ab_0             conda-forge
2025-01-14T19:06:01.7255200Z   python                         3.12.4               h30c5eda_0_cpython       conda-forge
2025-01-14T19:06:01.7255510Z   python-dateutil                2.9.0                pyhd8ed1ab_0             conda-forge
2025-01-14T19:06:01.7255850Z   python-fastjsonschema          2.20.0               pyhd8ed1ab_0             conda-forge
2025-01-14T19:06:01.7256200Z   python-json-logger             2.0.7                pyhd8ed1ab_0             conda-forge
2025-01-14T19:06:01.7256560Z   python-tzdata                  2024.1               pyhd8ed1ab_0             conda-forge
2025-01-14T19:06:01.7256870Z   python_abi                     3.12                 4_cp312                  conda-forge
2025-01-14T19:06:01.7257160Z   pytz                           2024.1               pyhd8ed1ab_0             conda-forge
2025-01-14T19:06:01.7257450Z   pyyaml                         6.0.1                py312h02f2b3b_1          conda-forge
2025-01-14T19:06:01.7257810Z   pyzmq                          26.0.3               py312hfa13136_0          conda-forge
2025-01-14T19:06:01.7258120Z   qgrid                          1.3.1                pyhd8ed1ab_4             conda-forge
2025-01-14T19:06:01.7258490Z   radioactivedecay               0.5.1                pyhd8ed1ab_0             conda-forge
2025-01-14T19:06:01.7258810Z   readline                       8.2                  h92ec313_1               conda-forge
2025-01-14T19:06:01.7259150Z   recommonmark                   0.7.1                pyhd8ed1ab_0             conda-forge
2025-01-14T19:06:01.7259460Z   referencing                    0.35.1               pyhd8ed1ab_0             conda-forge
2025-01-14T19:06:01.7259860Z   requests                       2.32.3               pyhd8ed1ab_0             conda-forge
2025-01-14T19:06:01.7260190Z   rfc3339-validator              0.1.4                pyhd8ed1ab_0             conda-forge
2025-01-14T19:06:01.7260520Z   rfc3986-validator              0.1.1                pyh9f0ad1d_0             conda-forge
2025-01-14T19:06:01.7260840Z   rpds-py                        0.18.1               py312h552d48e_0          conda-forge
2025-01-14T19:06:01.7261140Z   ruff                           0.4.9                py312h3402d49_0          conda-forge
2025-01-14T19:06:01.7261420Z   scipy                          1.13.1               py312h14ffa8f_0          conda-forge
2025-01-14T19:06:01.7261720Z   send2trash                     1.8.3                pyh31c8845_0             conda-forge
2025-01-14T19:06:01.7262030Z   setuptools                     70.0.0               pyhd8ed1ab_0             conda-forge
2025-01-14T19:06:01.7262370Z   setuptools-scm                 8.1.0                pyhd8ed1ab_0             conda-forge
2025-01-14T19:06:01.7262690Z   setuptools_scm                 8.1.0                hd8ed1ab_0               conda-forge
2025-01-14T19:06:01.7263020Z   six                            1.16.0               pyh6c4a22f_0             conda-forge
2025-01-14T19:06:01.7263360Z   snakeviz                       2.2.0                pyhd8ed1ab_0             conda-forge
2025-01-14T19:06:01.7263680Z   snappy                         1.2.0                hd04f947_1               conda-forge
2025-01-14T19:06:01.7263970Z   sniffio                        1.3.1                pyhd8ed1ab_0             conda-forge
2025-01-14T19:06:01.7264290Z   snowballstemmer                2.2.0                pyhd8ed1ab_0             conda-forge
2025-01-14T19:06:01.7264680Z   soupsieve                      2.5                  pyhd8ed1ab_1             conda-forge
2025-01-14T19:06:01.7265120Z   sphinx                         7.3.7                pyhd8ed1ab_0             conda-forge
2025-01-14T19:06:01.7270180Z   sphinx-astropy                 1.9.1                pyhd8ed1ab_0             conda-forge
2025-01-14T19:06:01.7270620Z   sphinx-automodapi              0.17.0               pyh717bed2_1             conda-forge
2025-01-14T19:06:01.7271150Z   sphinx-gallery                 0.16.0               pyhd8ed1ab_0             conda-forge
2025-01-14T19:06:01.7271490Z   sphinx-jsonschema              1.19.1               pyhd8ed1ab_0             conda-forge
2025-01-14T19:06:01.7271840Z   sphinx_bootstrap_theme         0.8.1                pyhd8ed1ab_0             conda-forge
2025-01-14T19:06:01.7272180Z   sphinx_rtd_theme               2.0.0                pyha770c72_0             conda-forge
2025-01-14T19:06:01.7272510Z   sphinxcontrib-apidoc           0.3.0                py_1                     conda-forge
2025-01-14T19:06:01.7272870Z   sphinxcontrib-applehelp        1.0.8                pyhd8ed1ab_0             conda-forge
2025-01-14T19:06:01.7273230Z   sphinxcontrib-bibtex           2.6.2                pyhd8ed1ab_0             conda-forge
2025-01-14T19:06:01.7273580Z   sphinxcontrib-devhelp          1.0.6                pyhd8ed1ab_0             conda-forge
2025-01-14T19:06:01.7273950Z   sphinxcontrib-htmlhelp         2.0.5                pyhd8ed1ab_0             conda-forge
2025-01-14T19:06:01.7274310Z   sphinxcontrib-jquery           4.1                  pyhd8ed1ab_0             conda-forge
2025-01-14T19:06:01.7274670Z   sphinxcontrib-jsmath           1.0.1                pyhd8ed1ab_0             conda-forge
2025-01-14T19:06:01.7275030Z   sphinxcontrib-qthelp           1.0.7                pyhd8ed1ab_0             conda-forge
2025-01-14T19:06:01.7275420Z   sphinxcontrib-serializinghtml  1.1.10               pyhd8ed1ab_0             conda-forge
2025-01-14T19:06:01.7275770Z   stack_data                     0.6.2                pyhd8ed1ab_0             conda-forge
2025-01-14T19:06:01.7276070Z   sympy                          1.12.1               pypyh2585a3b_103         conda-forge
2025-01-14T19:06:01.7276360Z   tabulate                       0.9.0                pyhd8ed1ab_1             conda-forge
2025-01-14T19:06:01.7276650Z   tenacity                       8.4.1                pyhd8ed1ab_0             conda-forge
2025-01-14T19:06:01.7276950Z   terminado                      0.18.1               pyh31c8845_0             conda-forge
2025-01-14T19:06:01.7277270Z   tinycss2                       1.3.0                pyhd8ed1ab_0             conda-forge
2025-01-14T19:06:01.7278650Z   tk                             8.6.13               h5083fa2_1               conda-forge
2025-01-14T19:06:01.7280400Z   toml                           0.10.2               pyhd8ed1ab_0             conda-forge
2025-01-14T19:06:01.7281430Z   tomli                          2.0.1                pyhd8ed1ab_0             conda-forge
2025-01-14T19:06:01.7286120Z   tornado                        6.4.1                py312h7e5086c_0          conda-forge
2025-01-14T19:06:01.7286960Z   tqdm                           4.66.4               pyhd8ed1ab_0             conda-forge
2025-01-14T19:06:01.7287850Z   traitlets                      5.14.3               pyhd8ed1ab_0             conda-forge
2025-01-14T19:06:01.7288730Z   typed-ast                      1.5.5                py312h02f2b3b_1          conda-forge
2025-01-14T19:06:01.7294660Z   types-python-dateutil          2.9.0.20240316       pyhd8ed1ab_0             conda-forge
2025-01-14T19:06:01.7296030Z   typing-extensions              4.12.2               hd8ed1ab_0               conda-forge
2025-01-14T19:06:01.7296980Z   typing_extensions              4.12.2               pyha770c72_0             conda-forge
2025-01-14T19:06:01.7297870Z   typing_utils                   0.1.0                pyhd8ed1ab_0             conda-forge
2025-01-14T19:06:01.7311210Z   tzdata                         2024a                h0c530f3_0               conda-forge
2025-01-14T19:06:01.7312670Z   uri-template                   1.3.0                pyhd8ed1ab_0             conda-forge
2025-01-14T19:06:01.7315030Z   urllib3                        2.2.2                pyhd8ed1ab_0             conda-forge
2025-01-14T19:06:01.7316000Z   wcwidth                        0.2.13               pyhd8ed1ab_0             conda-forge
2025-01-14T19:06:01.7317550Z   webcolors                      24.6.0               pyhd8ed1ab_0             conda-forge
2025-01-14T19:06:01.7318480Z   webencodings                   0.5.1                pyhd8ed1ab_2             conda-forge
2025-01-14T19:06:01.7319390Z   websocket-client               1.8.0                pyhd8ed1ab_0             conda-forge
2025-01-14T19:06:01.7320260Z   wheel                          0.43.0               pyhd8ed1ab_1             conda-forge
2025-01-14T19:06:01.7321140Z   widgetsnbextension             3.6.6                pyhd8ed1ab_0             conda-forge
2025-01-14T19:06:01.7322330Z   xorg-libxau                    1.0.11               hb547adb_0               conda-forge
2025-01-14T19:06:01.7323690Z   xorg-libxdmcp                  1.1.3                h27ca646_0               conda-forge
2025-01-14T19:06:01.7324270Z   xz                             5.2.6                h57fd34a_0               conda-forge
2025-01-14T19:06:01.7324570Z   yaml                           0.2.5                h3422bc3_2               conda-forge
2025-01-14T19:06:01.7324860Z   zeromq                         4.3.5                hcc0f68c_4               conda-forge
2025-01-14T19:06:01.7325150Z   zipp                           3.19.2               pyhd8ed1ab_0             conda-forge
2025-01-14T19:06:01.7326970Z   zlib                           1.3.1                hfb2fe0b_1               conda-forge
2025-01-14T19:06:01.7328070Z   zlib-ng                        2.0.7                h1a8c8d9_0               conda-forge
2025-01-14T19:06:01.7329330Z   zstd                           1.5.6                hb46c0d2_0               conda-forge
2025-01-14T19:06:01.7335090Z ##[endgroup]
2025-01-14T19:06:01.7965380Z ##[group]Run pip install -e . --user
2025-01-14T19:06:01.7965840Z [36;1mpip install -e . --user[0m
2025-01-14T19:06:02.2142850Z shell: /bin/bash -l {0}
2025-01-14T19:06:02.2143630Z env:
2025-01-14T19:06:02.2143940Z   CACHE_NUMBER: 0
2025-01-14T19:06:02.2144490Z   PYTEST_FLAGS: --tardis-regression-data=/Users/runner/work/tardis/tardis/tardis-regression-data --cov=tardis --cov-report=xml --cov-report=html --cov-append
2025-01-14T19:06:02.2144990Z   CODECOV_TOKEN: 
2025-01-14T19:06:02.2145560Z   MAMBA_ROOT_PREFIX: /Users/runner/micromamba
2025-01-14T19:06:02.2146270Z   MAMBA_EXE: /Users/runner/micromamba-bin/micromamba
2025-01-14T19:06:02.2147030Z   CONDARC: /Users/runner/work/_temp/setup-micromamba/.condarc
2025-01-14T19:06:02.2147930Z ##[endgroup]
2025-01-14T19:06:04.8201950Z Obtaining file:///Users/runner/work/tardis/tardis
2025-01-14T19:06:04.8237590Z   Installing build dependencies: started
2025-01-14T19:06:09.3867230Z   Installing build dependencies: finished with status 'done'
2025-01-14T19:06:09.3961630Z   Checking if build backend supports build_editable: started
2025-01-14T19:06:09.5787400Z   Checking if build backend supports build_editable: finished with status 'done'
2025-01-14T19:06:09.5808470Z   Getting requirements to build editable: started
2025-01-14T19:06:10.4900980Z   Getting requirements to build editable: finished with status 'done'
2025-01-14T19:06:10.4949010Z   Preparing editable metadata (pyproject.toml): started
2025-01-14T19:06:11.2052240Z   Preparing editable metadata (pyproject.toml): finished with status 'done'
2025-01-14T19:06:11.2928820Z Requirement already satisfied: astropy in /Users/runner/micromamba/envs/tardis/lib/python3.12/site-packages (from tardis==0.0.0) (6.1.1)
2025-01-14T19:06:11.3738800Z Requirement already satisfied: numpy>=1.23 in /Users/runner/micromamba/envs/tardis/lib/python3.12/site-packages (from astropy->tardis==0.0.0) (1.26.4)
2025-01-14T19:06:11.3839530Z Requirement already satisfied: pyerfa>=2.0.1.1 in /Users/runner/micromamba/envs/tardis/lib/python3.12/site-packages (from astropy->tardis==0.0.0) (2.0.1.4)
2025-01-14T19:06:11.3940840Z Requirement already satisfied: astropy-iers-data>=0.2024.5.27.0.30.8 in /Users/runner/micromamba/envs/tardis/lib/python3.12/site-packages (from astropy->tardis==0.0.0) (0.2024.6.17.0.31.35)
2025-01-14T19:06:11.4044630Z Requirement already satisfied: PyYAML>=3.13 in /Users/runner/micromamba/envs/tardis/lib/python3.12/site-packages (from astropy->tardis==0.0.0) (6.0.1)
2025-01-14T19:06:11.4146240Z Requirement already satisfied: packaging>=19.0 in /Users/runner/micromamba/envs/tardis/lib/python3.12/site-packages (from astropy->tardis==0.0.0) (24.1)
2025-01-14T19:06:11.4250260Z Building wheels for collected packages: tardis
2025-01-14T19:06:11.4352110Z   Building editable for tardis (pyproject.toml): started
2025-01-14T19:06:12.6573280Z   Building editable for tardis (pyproject.toml): finished with status 'done'
2025-01-14T19:06:12.6664670Z   Created wheel for tardis: filename=tardis-0.0.0-0.editable-py3-none-any.whl size=8876 sha256=71a0f111956534a99097db5b99ef2e98ab2221f0f6aa2a527fb8bad3185dcf1b
2025-01-14T19:06:12.6734940Z   Stored in directory: /private/var/folders/ml/x_tvfgn50_s7p67dm1ypcqqm0000gn/T/pip-ephem-wheel-cache-zpe7tin7/wheels/bb/4f/6a/0829b918c1c10bc28535ce7f14be21eee54375bdd9cd0c306a
2025-01-14T19:06:12.6741550Z Successfully built tardis
2025-01-14T19:06:13.6920990Z Installing collected packages: tardis
2025-01-14T19:06:13.7042360Z Successfully installed tardis-0.0.0
2025-01-14T19:06:14.3257520Z ##[group]Run pip install qgridnext
2025-01-14T19:06:14.3258180Z [36;1mpip install qgridnext[0m
2025-01-14T19:06:14.3347020Z shell: /bin/bash -l {0}
2025-01-14T19:06:14.3347280Z env:
2025-01-14T19:06:14.3347470Z   CACHE_NUMBER: 0
2025-01-14T19:06:14.3348020Z   PYTEST_FLAGS: --tardis-regression-data=/Users/runner/work/tardis/tardis/tardis-regression-data --cov=tardis --cov-report=xml --cov-report=html --cov-append
2025-01-14T19:06:14.3348530Z   CODECOV_TOKEN: 
2025-01-14T19:06:14.3348700Z   MAMBA_ROOT_PREFIX: /Users/runner/micromamba
2025-01-14T19:06:14.3348950Z   MAMBA_EXE: /Users/runner/micromamba-bin/micromamba
2025-01-14T19:06:14.3349400Z   CONDARC: /Users/runner/work/_temp/setup-micromamba/.condarc
2025-01-14T19:06:14.3349650Z ##[endgroup]
2025-01-14T19:06:15.6602330Z Collecting qgridnext
2025-01-14T19:06:15.7254340Z   Downloading qgridnext-2.0.4-py3-none-any.whl.metadata (9.9 kB)
2025-01-14T19:06:15.7724420Z Requirement already satisfied: pandas>=0.20.0 in /Users/runner/micromamba/envs/tardis/lib/python3.12/site-packages (from qgridnext) (2.2.2)
2025-01-14T19:06:15.7769470Z Requirement already satisfied: ipywidgets>=7.0.0 in /Users/runner/micromamba/envs/tardis/lib/python3.12/site-packages (from qgridnext) (7.8.0)
2025-01-14T19:06:15.7776090Z Requirement already satisfied: numpy in /Users/runner/micromamba/envs/tardis/lib/python3.12/site-packages (from qgridnext) (1.26.4)
2025-01-14T19:06:15.7784590Z Requirement already satisfied: traitlets in /Users/runner/micromamba/envs/tardis/lib/python3.12/site-packages (from qgridnext) (5.14.3)
2025-01-14T19:06:15.7844890Z Requirement already satisfied: comm>=0.1.3 in /Users/runner/micromamba/envs/tardis/lib/python3.12/site-packages (from ipywidgets>=7.0.0->qgridnext) (0.2.2)
2025-01-14T19:06:15.7849750Z Requirement already satisfied: ipython-genutils~=0.2.0 in /Users/runner/micromamba/envs/tardis/lib/python3.12/site-packages (from ipywidgets>=7.0.0->qgridnext) (0.2.0)
2025-01-14T19:06:15.7875530Z Requirement already satisfied: widgetsnbextension~=3.6.5 in /Users/runner/micromamba/envs/tardis/lib/python3.12/site-packages (from ipywidgets>=7.0.0->qgridnext) (3.6.6)
2025-01-14T19:06:15.7902690Z Requirement already satisfied: ipython>=4.0.0 in /Users/runner/micromamba/envs/tardis/lib/python3.12/site-packages (from ipywidgets>=7.0.0->qgridnext) (8.25.0)
2025-01-14T19:06:15.7953340Z Requirement already satisfied: jupyterlab-widgets<3,>=1.0.0 in /Users/runner/micromamba/envs/tardis/lib/python3.12/site-packages (from ipywidgets>=7.0.0->qgridnext) (1.1.7)
2025-01-14T19:06:15.8711030Z Requirement already satisfied: python-dateutil>=2.8.2 in /Users/runner/micromamba/envs/tardis/lib/python3.12/site-packages (from pandas>=0.20.0->qgridnext) (2.9.0)
2025-01-14T19:06:15.8816580Z Requirement already satisfied: pytz>=2020.1 in /Users/runner/micromamba/envs/tardis/lib/python3.12/site-packages (from pandas>=0.20.0->qgridnext) (2024.1)
2025-01-14T19:06:15.8917990Z Requirement already satisfied: tzdata>=2022.7 in /Users/runner/micromamba/envs/tardis/lib/python3.12/site-packages (from pandas>=0.20.0->qgridnext) (2024.1)
2025-01-14T19:06:15.9129880Z Requirement already satisfied: decorator in /Users/runner/micromamba/envs/tardis/lib/python3.12/site-packages (from ipython>=4.0.0->ipywidgets>=7.0.0->qgridnext) (5.1.1)
2025-01-14T19:06:15.9235170Z Requirement already satisfied: jedi>=0.16 in /Users/runner/micromamba/envs/tardis/lib/python3.12/site-packages (from ipython>=4.0.0->ipywidgets>=7.0.0->qgridnext) (0.19.1)
2025-01-14T19:06:15.9337570Z Requirement already satisfied: matplotlib-inline in /Users/runner/micromamba/envs/tardis/lib/python3.12/site-packages (from ipython>=4.0.0->ipywidgets>=7.0.0->qgridnext) (0.1.7)
2025-01-14T19:06:15.9444820Z Requirement already satisfied: prompt-toolkit<3.1.0,>=3.0.41 in /Users/runner/micromamba/envs/tardis/lib/python3.12/site-packages (from ipython>=4.0.0->ipywidgets>=7.0.0->qgridnext) (3.0.47)
2025-01-14T19:06:15.9549650Z Requirement already satisfied: pygments>=2.4.0 in /Users/runner/micromamba/envs/tardis/lib/python3.12/site-packages (from ipython>=4.0.0->ipywidgets>=7.0.0->qgridnext) (2.18.0)
2025-01-14T19:06:15.9650100Z Requirement already satisfied: stack-data in /Users/runner/micromamba/envs/tardis/lib/python3.12/site-packages (from ipython>=4.0.0->ipywidgets>=7.0.0->qgridnext) (0.6.2)
2025-01-14T19:06:15.9753060Z Requirement already satisfied: pexpect>4.3 in /Users/runner/micromamba/envs/tardis/lib/python3.12/site-packages (from ipython>=4.0.0->ipywidgets>=7.0.0->qgridnext) (4.9.0)
2025-01-14T19:06:15.9854860Z Requirement already satisfied: six>=1.5 in /Users/runner/micromamba/envs/tardis/lib/python3.12/site-packages (from python-dateutil>=2.8.2->pandas>=0.20.0->qgridnext) (1.16.0)
2025-01-14T19:06:15.9955740Z Requirement already satisfied: notebook>=4.4.1 in /Users/runner/micromamba/envs/tardis/lib/python3.12/site-packages (from widgetsnbextension~=3.6.5->ipywidgets>=7.0.0->qgridnext) (7.2.1)
2025-01-14T19:06:16.0061470Z Requirement already satisfied: parso<0.9.0,>=0.8.3 in /Users/runner/micromamba/envs/tardis/lib/python3.12/site-packages (from jedi>=0.16->ipython>=4.0.0->ipywidgets>=7.0.0->qgridnext) (0.8.4)
2025-01-14T19:06:16.0155300Z Requirement already satisfied: jupyter-server<3,>=2.4.0 in /Users/runner/micromamba/envs/tardis/lib/python3.12/site-packages (from notebook>=4.4.1->widgetsnbextension~=3.6.5->ipywidgets>=7.0.0->qgridnext) (2.14.1)
2025-01-14T19:06:16.0259370Z Requirement already satisfied: jupyterlab-server<3,>=2.27.1 in /Users/runner/micromamba/envs/tardis/lib/python3.12/site-packages (from notebook>=4.4.1->widgetsnbextension~=3.6.5->ipywidgets>=7.0.0->qgridnext) (2.27.2)
2025-01-14T19:06:16.0370300Z Requirement already satisfied: jupyterlab<4.3,>=4.2.0 in /Users/runner/micromamba/envs/tardis/lib/python3.12/site-packages (from notebook>=4.4.1->widgetsnbextension~=3.6.5->ipywidgets>=7.0.0->qgridnext) (4.2.2)
2025-01-14T19:06:16.0476220Z Requirement already satisfied: notebook-shim<0.3,>=0.2 in /Users/runner/micromamba/envs/tardis/lib/python3.12/site-packages (from notebook>=4.4.1->widgetsnbextension~=3.6.5->ipywidgets>=7.0.0->qgridnext) (0.2.4)
2025-01-14T19:06:16.0589380Z Requirement already satisfied: tornado>=6.2.0 in /Users/runner/micromamba/envs/tardis/lib/python3.12/site-packages (from notebook>=4.4.1->widgetsnbextension~=3.6.5->ipywidgets>=7.0.0->qgridnext) (6.4.1)
2025-01-14T19:06:16.0697650Z Requirement already satisfied: ptyprocess>=0.5 in /Users/runner/micromamba/envs/tardis/lib/python3.12/site-packages (from pexpect>4.3->ipython>=4.0.0->ipywidgets>=7.0.0->qgridnext) (0.7.0)
2025-01-14T19:06:16.0798730Z Requirement already satisfied: wcwidth in /Users/runner/micromamba/envs/tardis/lib/python3.12/site-packages (from prompt-toolkit<3.1.0,>=3.0.41->ipython>=4.0.0->ipywidgets>=7.0.0->qgridnext) (0.2.13)
2025-01-14T19:06:16.0900950Z Requirement already satisfied: executing>=1.2.0 in /Users/runner/micromamba/envs/tardis/lib/python3.12/site-packages (from stack-data->ipython>=4.0.0->ipywidgets>=7.0.0->qgridnext) (2.0.1)
2025-01-14T19:06:16.1002930Z Requirement already satisfied: asttokens>=2.1.0 in /Users/runner/micromamba/envs/tardis/lib/python3.12/site-packages (from stack-data->ipython>=4.0.0->ipywidgets>=7.0.0->qgridnext) (2.4.1)
2025-01-14T19:06:16.1105400Z Requirement already satisfied: pure-eval in /Users/runner/micromamba/envs/tardis/lib/python3.12/site-packages (from stack-data->ipython>=4.0.0->ipywidgets>=7.0.0->qgridnext) (0.2.2)
2025-01-14T19:06:16.1207620Z Requirement already satisfied: anyio>=3.1.0 in /Users/runner/micromamba/envs/tardis/lib/python3.12/site-packages (from jupyter-server<3,>=2.4.0->notebook>=4.4.1->widgetsnbextension~=3.6.5->ipywidgets>=7.0.0->qgridnext) (4.4.0)
2025-01-14T19:06:16.1309700Z Requirement already satisfied: argon2-cffi>=21.1 in /Users/runner/micromamba/envs/tardis/lib/python3.12/site-packages (from jupyter-server<3,>=2.4.0->notebook>=4.4.1->widgetsnbextension~=3.6.5->ipywidgets>=7.0.0->qgridnext) (23.1.0)
2025-01-14T19:06:16.1418390Z Requirement already satisfied: jinja2>=3.0.3 in /Users/runner/micromamba/envs/tardis/lib/python3.12/site-packages (from jupyter-server<3,>=2.4.0->notebook>=4.4.1->widgetsnbextension~=3.6.5->ipywidgets>=7.0.0->qgridnext) (3.1.4)
2025-01-14T19:06:16.1521330Z Requirement already satisfied: jupyter-client>=7.4.4 in /Users/runner/micromamba/envs/tardis/lib/python3.12/site-packages (from jupyter-server<3,>=2.4.0->notebook>=4.4.1->widgetsnbextension~=3.6.5->ipywidgets>=7.0.0->qgridnext) (8.6.2)
2025-01-14T19:06:16.1646760Z Requirement already satisfied: jupyter-core!=5.0.*,>=4.12 in /Users/runner/micromamba/envs/tardis/lib/python3.12/site-packages (from jupyter-server<3,>=2.4.0->notebook>=4.4.1->widgetsnbextension~=3.6.5->ipywidgets>=7.0.0->qgridnext) (5.7.2)
2025-01-14T19:06:16.1719220Z Requirement already satisfied: jupyter-events>=0.9.0 in /Users/runner/micromamba/envs/tardis/lib/python3.12/site-packages (from jupyter-server<3,>=2.4.0->notebook>=4.4.1->widgetsnbextension~=3.6.5->ipywidgets>=7.0.0->qgridnext) (0.10.0)
2025-01-14T19:06:16.1821360Z Requirement already satisfied: jupyter-server-terminals>=0.4.4 in /Users/runner/micromamba/envs/tardis/lib/python3.12/site-packages (from jupyter-server<3,>=2.4.0->notebook>=4.4.1->widgetsnbextension~=3.6.5->ipywidgets>=7.0.0->qgridnext) (0.5.3)
2025-01-14T19:06:16.1964150Z Requirement already satisfied: nbconvert>=6.4.4 in /Users/runner/micromamba/envs/tardis/lib/python3.12/site-packages (from jupyter-server<3,>=2.4.0->notebook>=4.4.1->widgetsnbextension~=3.6.5->ipywidgets>=7.0.0->qgridnext) (7.16.4)
2025-01-14T19:06:16.2019590Z Requirement already satisfied: nbformat>=5.3.0 in /Users/runner/micromamba/envs/tardis/lib/python3.12/site-packages (from jupyter-server<3,>=2.4.0->notebook>=4.4.1->widgetsnbextension~=3.6.5->ipywidgets>=7.0.0->qgridnext) (5.10.4)
2025-01-14T19:06:16.2021170Z Requirement already satisfied: overrides>=5.0 in /Users/runner/micromamba/envs/tardis/lib/python3.12/site-packages (from jupyter-server<3,>=2.4.0->notebook>=4.4.1->widgetsnbextension~=3.6.5->ipywidgets>=7.0.0->qgridnext) (7.7.0)
2025-01-14T19:06:16.2022520Z Requirement already satisfied: packaging>=22.0 in /Users/runner/micromamba/envs/tardis/lib/python3.12/site-packages (from jupyter-server<3,>=2.4.0->notebook>=4.4.1->widgetsnbextension~=3.6.5->ipywidgets>=7.0.0->qgridnext) (24.1)
2025-01-14T19:06:16.2023790Z Requirement already satisfied: prometheus-client>=0.9 in /Users/runner/micromamba/envs/tardis/lib/python3.12/site-packages (from jupyter-server<3,>=2.4.0->notebook>=4.4.1->widgetsnbextension~=3.6.5->ipywidgets>=7.0.0->qgridnext) (0.20.0)
2025-01-14T19:06:16.2025110Z Requirement already satisfied: pyzmq>=24 in /Users/runner/micromamba/envs/tardis/lib/python3.12/site-packages (from jupyter-server<3,>=2.4.0->notebook>=4.4.1->widgetsnbextension~=3.6.5->ipywidgets>=7.0.0->qgridnext) (26.0.3)
2025-01-14T19:06:16.2045150Z Requirement already satisfied: send2trash>=1.8.2 in /Users/runner/micromamba/envs/tardis/lib/python3.12/site-packages (from jupyter-server<3,>=2.4.0->notebook>=4.4.1->widgetsnbextension~=3.6.5->ipywidgets>=7.0.0->qgridnext) (1.8.3)
2025-01-14T19:06:16.2076070Z Requirement already satisfied: terminado>=0.8.3 in /Users/runner/micromamba/envs/tardis/lib/python3.12/site-packages (from jupyter-server<3,>=2.4.0->notebook>=4.4.1->widgetsnbextension~=3.6.5->ipywidgets>=7.0.0->qgridnext) (0.18.1)
2025-01-14T19:06:16.2077620Z Requirement already satisfied: websocket-client>=1.7 in /Users/runner/micromamba/envs/tardis/lib/python3.12/site-packages (from jupyter-server<3,>=2.4.0->notebook>=4.4.1->widgetsnbextension~=3.6.5->ipywidgets>=7.0.0->qgridnext) (1.8.0)
2025-01-14T19:06:16.2079330Z Requirement already satisfied: async-lru>=1.0.0 in /Users/runner/micromamba/envs/tardis/lib/python3.12/site-packages (from jupyterlab<4.3,>=4.2.0->notebook>=4.4.1->widgetsnbextension~=3.6.5->ipywidgets>=7.0.0->qgridnext) (2.0.4)
2025-01-14T19:06:16.2080510Z Requirement already satisfied: httpx>=0.25.0 in /Users/runner/micromamba/envs/tardis/lib/python3.12/site-packages (from jupyterlab<4.3,>=4.2.0->notebook>=4.4.1->widgetsnbextension~=3.6.5->ipywidgets>=7.0.0->qgridnext) (0.27.0)
2025-01-14T19:06:16.2082340Z Requirement already satisfied: ipykernel>=6.5.0 in /Users/runner/micromamba/envs/tardis/lib/python3.12/site-packages (from jupyterlab<4.3,>=4.2.0->notebook>=4.4.1->widgetsnbextension~=3.6.5->ipywidgets>=7.0.0->qgridnext) (6.29.4)
2025-01-14T19:06:16.2083480Z Requirement already satisfied: jupyter-lsp>=2.0.0 in /Users/runner/micromamba/envs/tardis/lib/python3.12/site-packages (from jupyterlab<4.3,>=4.2.0->notebook>=4.4.1->widgetsnbextension~=3.6.5->ipywidgets>=7.0.0->qgridnext) (2.2.5)
2025-01-14T19:06:16.2084880Z Requirement already satisfied: setuptools>=40.1.0 in /Users/runner/micromamba/envs/tardis/lib/python3.12/site-packages (from jupyterlab<4.3,>=4.2.0->notebook>=4.4.1->widgetsnbextension~=3.6.5->ipywidgets>=7.0.0->qgridnext) (70.0.0)
2025-01-14T19:06:16.2086180Z Requirement already satisfied: babel>=2.10 in /Users/runner/micromamba/envs/tardis/lib/python3.12/site-packages (from jupyterlab-server<3,>=2.27.1->notebook>=4.4.1->widgetsnbextension~=3.6.5->ipywidgets>=7.0.0->qgridnext) (2.14.0)
2025-01-14T19:06:16.2087400Z Requirement already satisfied: json5>=0.9.0 in /Users/runner/micromamba/envs/tardis/lib/python3.12/site-packages (from jupyterlab-server<3,>=2.27.1->notebook>=4.4.1->widgetsnbextension~=3.6.5->ipywidgets>=7.0.0->qgridnext) (0.9.25)
2025-01-14T19:06:16.2088680Z Requirement already satisfied: jsonschema>=4.18.0 in /Users/runner/micromamba/envs/tardis/lib/python3.12/site-packages (from jupyterlab-server<3,>=2.27.1->notebook>=4.4.1->widgetsnbextension~=3.6.5->ipywidgets>=7.0.0->qgridnext) (4.22.0)
2025-01-14T19:06:16.2089850Z Requirement already satisfied: requests>=2.31 in /Users/runner/micromamba/envs/tardis/lib/python3.12/site-packages (from jupyterlab-server<3,>=2.27.1->notebook>=4.4.1->widgetsnbextension~=3.6.5->ipywidgets>=7.0.0->qgridnext) (2.32.3)
2025-01-14T19:06:16.2263570Z Requirement already satisfied: idna>=2.8 in /Users/runner/micromamba/envs/tardis/lib/python3.12/site-packages (from anyio>=3.1.0->jupyter-server<3,>=2.4.0->notebook>=4.4.1->widgetsnbextension~=3.6.5->ipywidgets>=7.0.0->qgridnext) (3.7)
2025-01-14T19:06:16.2314230Z Requirement already satisfied: sniffio>=1.1 in /Users/runner/micromamba/envs/tardis/lib/python3.12/site-packages (from anyio>=3.1.0->jupyter-server<3,>=2.4.0->notebook>=4.4.1->widgetsnbextension~=3.6.5->ipywidgets>=7.0.0->qgridnext) (1.3.1)
2025-01-14T19:06:16.2371440Z Requirement already satisfied: argon2-cffi-bindings in /Users/runner/micromamba/envs/tardis/lib/python3.12/site-packages (from argon2-cffi>=21.1->jupyter-server<3,>=2.4.0->notebook>=4.4.1->widgetsnbextension~=3.6.5->ipywidgets>=7.0.0->qgridnext) (21.2.0)
2025-01-14T19:06:16.2674170Z Requirement already satisfied: certifi in /Users/runner/micromamba/envs/tardis/lib/python3.12/site-packages (from httpx>=0.25.0->jupyterlab<4.3,>=4.2.0->notebook>=4.4.1->widgetsnbextension~=3.6.5->ipywidgets>=7.0.0->qgridnext) (2024.6.2)
2025-01-14T19:06:16.2710310Z Requirement already satisfied: httpcore==1.* in /Users/runner/micromamba/envs/tardis/lib/python3.12/site-packages (from httpx>=0.25.0->jupyterlab<4.3,>=4.2.0->notebook>=4.4.1->widgetsnbextension~=3.6.5->ipywidgets>=7.0.0->qgridnext) (1.0.5)
2025-01-14T19:06:16.2786590Z Requirement already satisfied: h11<0.15,>=0.13 in /Users/runner/micromamba/envs/tardis/lib/python3.12/site-packages (from httpcore==1.*->httpx>=0.25.0->jupyterlab<4.3,>=4.2.0->notebook>=4.4.1->widgetsnbextension~=3.6.5->ipywidgets>=7.0.0->qgridnext) (0.14.0)
2025-01-14T19:06:16.2988040Z Requirement already satisfied: appnope in /Users/runner/micromamba/envs/tardis/lib/python3.12/site-packages (from ipykernel>=6.5.0->jupyterlab<4.3,>=4.2.0->notebook>=4.4.1->widgetsnbextension~=3.6.5->ipywidgets>=7.0.0->qgridnext) (0.1.4)
2025-01-14T19:06:16.3090490Z Requirement already satisfied: debugpy>=1.6.5 in /Users/runner/micromamba/envs/tardis/lib/python3.12/site-packages (from ipykernel>=6.5.0->jupyterlab<4.3,>=4.2.0->notebook>=4.4.1->widgetsnbextension~=3.6.5->ipywidgets>=7.0.0->qgridnext) (1.8.1)
2025-01-14T19:06:16.3191640Z Requirement already satisfied: nest-asyncio in /Users/runner/micromamba/envs/tardis/lib/python3.12/site-packages (from ipykernel>=6.5.0->jupyterlab<4.3,>=4.2.0->notebook>=4.4.1->widgetsnbextension~=3.6.5->ipywidgets>=7.0.0->qgridnext) (1.6.0)
2025-01-14T19:06:16.3295040Z Requirement already satisfied: psutil in /Users/runner/micromamba/envs/tardis/lib/python3.12/site-packages (from ipykernel>=6.5.0->jupyterlab<4.3,>=4.2.0->notebook>=4.4.1->widgetsnbextension~=3.6.5->ipywidgets>=7.0.0->qgridnext) (5.9.8)
2025-01-14T19:06:16.3397970Z Requirement already satisfied: MarkupSafe>=2.0 in /Users/runner/micromamba/envs/tardis/lib/python3.12/site-packages (from jinja2>=3.0.3->jupyter-server<3,>=2.4.0->notebook>=4.4.1->widgetsnbextension~=3.6.5->ipywidgets>=7.0.0->qgridnext) (2.1.5)
2025-01-14T19:06:16.3503370Z Requirement already satisfied: attrs>=22.2.0 in /Users/runner/micromamba/envs/tardis/lib/python3.12/site-packages (from jsonschema>=4.18.0->jupyterlab-server<3,>=2.27.1->notebook>=4.4.1->widgetsnbextension~=3.6.5->ipywidgets>=7.0.0->qgridnext) (23.2.0)
2025-01-14T19:06:16.3604920Z Requirement already satisfied: jsonschema-specifications>=2023.03.6 in /Users/runner/micromamba/envs/tardis/lib/python3.12/site-packages (from jsonschema>=4.18.0->jupyterlab-server<3,>=2.27.1->notebook>=4.4.1->widgetsnbextension~=3.6.5->ipywidgets>=7.0.0->qgridnext) (2023.12.1)
2025-01-14T19:06:16.3712040Z Requirement already satisfied: referencing>=0.28.4 in /Users/runner/micromamba/envs/tardis/lib/python3.12/site-packages (from jsonschema>=4.18.0->jupyterlab-server<3,>=2.27.1->notebook>=4.4.1->widgetsnbextension~=3.6.5->ipywidgets>=7.0.0->qgridnext) (0.35.1)
2025-01-14T19:06:16.3814800Z Requirement already satisfied: rpds-py>=0.7.1 in /Users/runner/micromamba/envs/tardis/lib/python3.12/site-packages (from jsonschema>=4.18.0->jupyterlab-server<3,>=2.27.1->notebook>=4.4.1->widgetsnbextension~=3.6.5->ipywidgets>=7.0.0->qgridnext) (0.18.1)
2025-01-14T19:06:16.3915200Z Requirement already satisfied: platformdirs>=2.5 in /Users/runner/micromamba/envs/tardis/lib/python3.12/site-packages (from jupyter-core!=5.0.*,>=4.12->jupyter-server<3,>=2.4.0->notebook>=4.4.1->widgetsnbextension~=3.6.5->ipywidgets>=7.0.0->qgridnext) (4.2.2)
2025-01-14T19:06:16.4021940Z Requirement already satisfied: python-json-logger>=2.0.4 in /Users/runner/micromamba/envs/tardis/lib/python3.12/site-packages (from jupyter-events>=0.9.0->jupyter-server<3,>=2.4.0->notebook>=4.4.1->widgetsnbextension~=3.6.5->ipywidgets>=7.0.0->qgridnext) (2.0.7)
2025-01-14T19:06:16.4122000Z Requirement already satisfied: pyyaml>=5.3 in /Users/runner/micromamba/envs/tardis/lib/python3.12/site-packages (from jupyter-events>=0.9.0->jupyter-server<3,>=2.4.0->notebook>=4.4.1->widgetsnbextension~=3.6.5->ipywidgets>=7.0.0->qgridnext) (6.0.1)
2025-01-14T19:06:16.4223600Z Requirement already satisfied: rfc3339-validator in /Users/runner/micromamba/envs/tardis/lib/python3.12/site-packages (from jupyter-events>=0.9.0->jupyter-server<3,>=2.4.0->notebook>=4.4.1->widgetsnbextension~=3.6.5->ipywidgets>=7.0.0->qgridnext) (0.1.4)
2025-01-14T19:06:16.4236400Z Requirement already satisfied: rfc3986-validator>=0.1.1 in /Users/runner/micromamba/envs/tardis/lib/python3.12/site-packages (from jupyter-events>=0.9.0->jupyter-server<3,>=2.4.0->notebook>=4.4.1->widgetsnbextension~=3.6.5->ipywidgets>=7.0.0->qgridnext) (0.1.1)
2025-01-14T19:06:16.4329440Z Requirement already satisfied: beautifulsoup4 in /Users/runner/micromamba/envs/tardis/lib/python3.12/site-packages (from nbconvert>=6.4.4->jupyter-server<3,>=2.4.0->notebook>=4.4.1->widgetsnbextension~=3.6.5->ipywidgets>=7.0.0->qgridnext) (4.12.3)
2025-01-14T19:06:16.4431610Z Requirement already satisfied: bleach!=5.0.0 in /Users/runner/micromamba/envs/tardis/lib/python3.12/site-packages (from nbconvert>=6.4.4->jupyter-server<3,>=2.4.0->notebook>=4.4.1->widgetsnbextension~=3.6.5->ipywidgets>=7.0.0->qgridnext) (6.1.0)
2025-01-14T19:06:16.4533910Z Requirement already satisfied: defusedxml in /Users/runner/micromamba/envs/tardis/lib/python3.12/site-packages (from nbconvert>=6.4.4->jupyter-server<3,>=2.4.0->notebook>=4.4.1->widgetsnbextension~=3.6.5->ipywidgets>=7.0.0->qgridnext) (0.7.1)
2025-01-14T19:06:16.4637250Z Requirement already satisfied: jupyterlab-pygments in /Users/runner/micromamba/envs/tardis/lib/python3.12/site-packages (from nbconvert>=6.4.4->jupyter-server<3,>=2.4.0->notebook>=4.4.1->widgetsnbextension~=3.6.5->ipywidgets>=7.0.0->qgridnext) (0.3.0)
2025-01-14T19:06:16.4747960Z Requirement already satisfied: mistune<4,>=2.0.3 in /Users/runner/micromamba/envs/tardis/lib/python3.12/site-packages (from nbconvert>=6.4.4->jupyter-server<3,>=2.4.0->notebook>=4.4.1->widgetsnbextension~=3.6.5->ipywidgets>=7.0.0->qgridnext) (3.0.2)
2025-01-14T19:06:16.4853260Z Requirement already satisfied: nbclient>=0.5.0 in /Users/runner/micromamba/envs/tardis/lib/python3.12/site-packages (from nbconvert>=6.4.4->jupyter-server<3,>=2.4.0->notebook>=4.4.1->widgetsnbextension~=3.6.5->ipywidgets>=7.0.0->qgridnext) (0.10.0)
2025-01-14T19:06:16.5003140Z Requirement already satisfied: pandocfilters>=1.4.1 in /Users/runner/micromamba/envs/tardis/lib/python3.12/site-packages (from nbconvert>=6.4.4->jupyter-server<3,>=2.4.0->notebook>=4.4.1->widgetsnbextension~=3.6.5->ipywidgets>=7.0.0->qgridnext) (1.5.0)
2025-01-14T19:06:16.5119390Z Requirement already satisfied: tinycss2 in /Users/runner/micromamba/envs/tardis/lib/python3.12/site-packages (from nbconvert>=6.4.4->jupyter-server<3,>=2.4.0->notebook>=4.4.1->widgetsnbextension~=3.6.5->ipywidgets>=7.0.0->qgridnext) (1.3.0)
2025-01-14T19:06:16.5229430Z Requirement already satisfied: fastjsonschema>=2.15 in /Users/runner/micromamba/envs/tardis/lib/python3.12/site-packages (from nbformat>=5.3.0->jupyter-server<3,>=2.4.0->notebook>=4.4.1->widgetsnbextension~=3.6.5->ipywidgets>=7.0.0->qgridnext) (2.20.0)
2025-01-14T19:06:16.5245770Z Requirement already satisfied: charset-normalizer<4,>=2 in /Users/runner/micromamba/envs/tardis/lib/python3.12/site-packages (from requests>=2.31->jupyterlab-server<3,>=2.27.1->notebook>=4.4.1->widgetsnbextension~=3.6.5->ipywidgets>=7.0.0->qgridnext) (3.3.2)
2025-01-14T19:06:16.5342130Z Requirement already satisfied: urllib3<3,>=1.21.1 in /Users/runner/micromamba/envs/tardis/lib/python3.12/site-packages (from requests>=2.31->jupyterlab-server<3,>=2.27.1->notebook>=4.4.1->widgetsnbextension~=3.6.5->ipywidgets>=7.0.0->qgridnext) (2.2.2)
2025-01-14T19:06:16.6153240Z Requirement already satisfied: webencodings in /Users/runner/micromamba/envs/tardis/lib/python3.12/site-packages (from bleach!=5.0.0->nbconvert>=6.4.4->jupyter-server<3,>=2.4.0->notebook>=4.4.1->widgetsnbextension~=3.6.5->ipywidgets>=7.0.0->qgridnext) (0.5.1)
2025-01-14T19:06:16.7061440Z Requirement already satisfied: fqdn in /Users/runner/micromamba/envs/tardis/lib/python3.12/site-packages (from jsonschema[format-nongpl]>=4.18.0->jupyter-events>=0.9.0->jupyter-server<3,>=2.4.0->notebook>=4.4.1->widgetsnbextension~=3.6.5->ipywidgets>=7.0.0->qgridnext) (1.5.1)
2025-01-14T19:06:16.7163710Z Requirement already satisfied: isoduration in /Users/runner/micromamba/envs/tardis/lib/python3.12/site-packages (from jsonschema[format-nongpl]>=4.18.0->jupyter-events>=0.9.0->jupyter-server<3,>=2.4.0->notebook>=4.4.1->widgetsnbextension~=3.6.5->ipywidgets>=7.0.0->qgridnext) (20.11.0)
2025-01-14T19:06:16.7265760Z Requirement already satisfied: jsonpointer>1.13 in /Users/runner/micromamba/envs/tardis/lib/python3.12/site-packages (from jsonschema[format-nongpl]>=4.18.0->jupyter-events>=0.9.0->jupyter-server<3,>=2.4.0->notebook>=4.4.1->widgetsnbextension~=3.6.5->ipywidgets>=7.0.0->qgridnext) (3.0.0)
2025-01-14T19:06:16.7367740Z Requirement already satisfied: uri-template in /Users/runner/micromamba/envs/tardis/lib/python3.12/site-packages (from jsonschema[format-nongpl]>=4.18.0->jupyter-events>=0.9.0->jupyter-server<3,>=2.4.0->notebook>=4.4.1->widgetsnbextension~=3.6.5->ipywidgets>=7.0.0->qgridnext) (1.3.0)
2025-01-14T19:06:16.7470230Z Requirement already satisfied: webcolors>=1.11 in /Users/runner/micromamba/envs/tardis/lib/python3.12/site-packages (from jsonschema[format-nongpl]>=4.18.0->jupyter-events>=0.9.0->jupyter-server<3,>=2.4.0->notebook>=4.4.1->widgetsnbextension~=3.6.5->ipywidgets>=7.0.0->qgridnext) (24.6.0)
2025-01-14T19:06:16.8879780Z Requirement already satisfied: cffi>=1.0.1 in /Users/runner/micromamba/envs/tardis/lib/python3.12/site-packages (from argon2-cffi-bindings->argon2-cffi>=21.1->jupyter-server<3,>=2.4.0->notebook>=4.4.1->widgetsnbextension~=3.6.5->ipywidgets>=7.0.0->qgridnext) (1.16.0)
2025-01-14T19:06:16.8978730Z Requirement already satisfied: soupsieve>1.2 in /Users/runner/micromamba/envs/tardis/lib/python3.12/site-packages (from beautifulsoup4->nbconvert>=6.4.4->jupyter-server<3,>=2.4.0->notebook>=4.4.1->widgetsnbextension~=3.6.5->ipywidgets>=7.0.0->qgridnext) (2.5)
2025-01-14T19:06:16.9683080Z Requirement already satisfied: pycparser in /Users/runner/micromamba/envs/tardis/lib/python3.12/site-packages (from cffi>=1.0.1->argon2-cffi-bindings->argon2-cffi>=21.1->jupyter-server<3,>=2.4.0->notebook>=4.4.1->widgetsnbextension~=3.6.5->ipywidgets>=7.0.0->qgridnext) (2.22)
2025-01-14T19:06:17.0193240Z Requirement already satisfied: arrow>=0.15.0 in /Users/runner/micromamba/envs/tardis/lib/python3.12/site-packages (from isoduration->jsonschema[format-nongpl]>=4.18.0->jupyter-events>=0.9.0->jupyter-server<3,>=2.4.0->notebook>=4.4.1->widgetsnbextension~=3.6.5->ipywidgets>=7.0.0->qgridnext) (1.3.0)
2025-01-14T19:06:17.0698030Z Requirement already satisfied: types-python-dateutil>=2.8.10 in /Users/runner/micromamba/envs/tardis/lib/python3.12/site-packages (from arrow>=0.15.0->isoduration->jsonschema[format-nongpl]>=4.18.0->jupyter-events>=0.9.0->jupyter-server<3,>=2.4.0->notebook>=4.4.1->widgetsnbextension~=3.6.5->ipywidgets>=7.0.0->qgridnext) (2.9.0.20240316)
2025-01-14T19:06:17.1102620Z Downloading qgridnext-2.0.4-py3-none-any.whl (1.3 MB)
2025-01-14T19:06:17.2127530Z    â”â”â”â”â”â”â”â”â”â”â”â”â”â”â”â”â”â”â”â”â”â”â”â”â”â”â”â”â”â”â”â”â”â”â”â”â”â”â”â” 1.3/1.3 MB 12.5 MB/s eta 0:00:00
2025-01-14T19:06:18.2516180Z Installing collected packages: qgridnext
2025-01-14T19:06:18.3324710Z Successfully installed qgridnext-2.0.4
2025-01-14T19:06:18.8303750Z ##[group]Run pytest tardis --tardis-regression-data=/Users/runner/work/tardis/tardis/tardis-regression-data --cov=tardis --cov-report=xml --cov-report=html --cov-append -m "not continuum"
2025-01-14T19:06:18.8304970Z [36;1mpytest tardis --tardis-regression-data=/Users/runner/work/tardis/tardis/tardis-regression-data --cov=tardis --cov-report=xml --cov-report=html --cov-append -m "not continuum"[0m
2025-01-14T19:06:18.8424440Z shell: /bin/bash -l {0}
2025-01-14T19:06:18.8425060Z env:
2025-01-14T19:06:18.8425450Z   CACHE_NUMBER: 0
2025-01-14T19:06:18.8426830Z   PYTEST_FLAGS: --tardis-regression-data=/Users/runner/work/tardis/tardis/tardis-regression-data --cov=tardis --cov-report=xml --cov-report=html --cov-append
2025-01-14T19:06:18.8430370Z   CODECOV_TOKEN: 
2025-01-14T19:06:18.8431010Z   MAMBA_ROOT_PREFIX: /Users/runner/micromamba
2025-01-14T19:06:18.8431950Z   MAMBA_EXE: /Users/runner/micromamba-bin/micromamba
2025-01-14T19:06:18.8433100Z   CONDARC: /Users/runner/work/_temp/setup-micromamba/.condarc
2025-01-14T19:06:18.8433900Z ##[endgroup]
2025-01-14T19:06:38.6836910Z ============================= test session starts ==============================
2025-01-14T19:06:38.6837900Z platform darwin -- Python 3.12.4, pytest-8.2.2, pluggy-1.5.0
2025-01-14T19:06:38.6838310Z rootdir: /Users/runner/work/tardis/tardis
2025-01-14T19:06:38.6838580Z configfile: pyproject.toml
2025-01-14T19:06:38.6839020Z plugins: cov-5.0.0, html-4.1.1, metadata-3.1.1, doctestplus-1.2.1, anyio-4.4.0
2025-01-14T19:06:38.6839370Z collected 1796 items / 2 deselected / 1794 selected
2025-01-14T19:06:38.6839630Z 
2025-01-14T19:06:45.4224770Z tardis/energy_input/tests/test_energy_source.py ..xxx                    [  0%]
2025-01-14T19:06:48.9922690Z tardis/energy_input/tests/test_gamma_ray_channel.py ...........          [  0%]
2025-01-14T19:06:51.1754690Z tardis/energy_input/tests/test_gamma_ray_grid.py xx.                     [  1%]
2025-01-14T19:06:53.2291660Z tardis/energy_input/tests/test_gamma_ray_interactions.py xx....          [  1%]
2025-01-14T19:06:53.2847850Z tardis/energy_input/tests/test_gamma_ray_packet_source.py sssssssss      [  1%]
2025-01-14T19:06:55.4587860Z tardis/energy_input/tests/test_util.py .....xxxx.....                    [  2%]
2025-01-14T19:06:56.0993700Z tardis/grid/tests/test_grid.py .                                         [  2%]
2025-01-14T19:06:56.1077200Z tardis/gui/tests/test_gui.py s                                           [  2%]
2025-01-14T19:07:03.5969350Z tardis/io/configuration/tests/test_config_reader.py ...........          [  3%]
2025-01-14T19:07:03.6344550Z tardis/io/configuration/tests/test_configuration_namespace.py .........  [  3%]
2025-01-14T19:07:03.7141870Z tardis/io/logger/tests/test_logging.py ssssssssssssssssssssssssssss      [  5%]
2025-01-14T19:08:07.7026330Z tardis/io/model/readers/tests/test_arepo_parser.py ..                    [  5%]
2025-01-14T19:08:07.8260830Z tardis/io/model/readers/tests/test_ascii_readers.py ...                  [  5%]
2025-01-14T19:08:07.8720540Z tardis/io/model/readers/tests/test_cmfgen_reader.py ..                   [  5%]
2025-01-14T19:08:07.9455790Z tardis/io/model/readers/tests/test_csvy_reader.py ....                   [  6%]
2025-01-14T19:08:08.0167480Z tardis/io/model/readers/tests/test_stella_reader.py ..                   [  6%]
2025-01-14T19:08:08.6255500Z tardis/io/tests/test_HDFWriter.py ...............                        [  7%]
2025-01-14T19:08:09.9251750Z tardis/io/tests/test_atomic.py .....                                     [  7%]
2025-01-14T19:08:09.9733000Z tardis/io/tests/test_decay.py ..                                         [  7%]
2025-01-14T19:08:10.2594100Z tardis/io/tests/test_model_reader.py ......                              [  7%]
2025-01-14T19:08:10.2688020Z tardis/model/geometry/tests/test_radial1d.py ..                          [  7%]
2025-01-14T19:09:05.8476670Z tardis/model/tests/test_base.py ........................................ [ 10%]
2025-01-14T19:09:06.9889180Z ............                                                             [ 10%]
2025-01-14T19:09:10.5842550Z tardis/model/tests/test_csvy_model.py .........                          [ 11%]
2025-01-14T19:09:10.6731440Z tardis/model/tests/test_density.py ..                                    [ 11%]
2025-01-14T19:09:13.3326060Z tardis/opacities/tests/test_opacity_solver.py .....                      [ 11%]
2025-01-14T19:09:15.9503460Z tardis/opacities/tests/test_opacity_state_numba.py .....                 [ 11%]
2025-01-14T19:09:19.2239700Z tardis/opacities/tests/test_tau_sobolev.py ..                            [ 12%]
2025-01-14T19:09:27.2600730Z tardis/plasma/equilibrium/tests/test_collisional_transitions.py ...      [ 12%]
2025-01-14T19:10:59.8526600Z tardis/plasma/equilibrium/tests/test_level_populations.py ....           [ 12%]
2025-01-14T19:11:23.2946080Z tardis/plasma/equilibrium/tests/test_rate_matrix.py .                    [ 12%]
2025-01-14T19:11:25.9692110Z tardis/plasma/tests/test_complete_plasmas.py .....................s..... [ 13%]
2025-01-14T19:11:31.3696710Z s....ssssss............s............ss.....s....ssssss............s..... [ 18%]
2025-01-14T19:11:34.4399150Z .......ss.....s....ssssss............s............ss.....s....ssssss.... [ 22%]
2025-01-14T19:11:39.3784880Z ........s............ss.....s........ss............s............ss.....s [ 26%]
2025-01-14T19:11:45.2010100Z ........ss............s............ss.....s....ssssss............s...... [ 30%]
2025-01-14T19:11:46.3652320Z ......ss.....s....ssssss............s............ss.....s.ss.ssssss..... [ 34%]
2025-01-14T19:11:51.4626870Z .......s............ss.....s....ssssss............s............ss.....s. [ 38%]
2025-01-14T19:11:56.3122150Z ...ssssss............s............ss.....s....ssssss............s....... [ 42%]
2025-01-14T19:12:01.9484700Z .....ss.....s....ssssss............s............s...........ssssss...... [ 46%]
2025-01-14T19:12:04.9021610Z ......s............s...........ssssss............s............s......... [ 50%]
2025-01-14T19:12:09.4831940Z ..ssssss............s............ss.....s....ssssss............s........ [ 54%]
2025-01-14T19:12:14.8225310Z ....ss.....s....ssssss..........................s.....s....ssss......... [ 58%]
2025-01-14T19:12:15.3009560Z ...................s.....s....ssss.......                                [ 60%]
2025-01-14T19:12:15.8832460Z tardis/plasma/tests/test_hdf_plasma.py ................................. [ 62%]
2025-01-14T19:12:15.8989770Z ......                                                                   [ 62%]
2025-01-14T19:12:18.0052820Z tardis/plasma/tests/test_nlte_excitation.py ...                          [ 62%]
2025-01-14T19:14:54.8238640Z tardis/plasma/tests/test_nlte_solver.py .....X                           [ 63%]
2025-01-14T19:14:54.8377550Z tardis/plasma/tests/test_plasma_continuum.py .                           [ 63%]
2025-01-14T19:15:12.4618630Z ##[error]The operation was canceled.
2025-01-14T19:15:12.5023910Z Post job cleanup.
2025-01-14T19:15:12.5275550Z Post job cleanup.
2025-01-14T19:15:14.0212570Z Will use pre-installed micromamba at /Users/runner/micromamba-bin/micromamba
2025-01-14T19:15:14.0334310Z Removing micromamba run shell ...
2025-01-14T19:15:14.0381560Z ##[group]Deinitialize micromamba for bash
2025-01-14T19:15:14.1803020Z [command]/Users/runner/micromamba-bin/micromamba shell deinit -s bash -r /Users/runner/micromamba --log-level warning --rc-file /Users/runner/work/_temp/setup-micromamba/.condarc
2025-01-14T19:15:14.2644430Z Resetting RC file "/Users/runner/.bash_profile"
2025-01-14T19:15:14.2720250Z Deleting config for root prefix 
2025-01-14T19:15:14.3055710Z Clearing mamba executable environment variable
2025-01-14T19:15:14.3095910Z Removing the following in your "/Users/runner/.bash_profile" file
2025-01-14T19:15:14.3099680Z # >>> mamba initialize >>>
2025-01-14T19:15:14.3102320Z ...
2025-01-14T19:15:14.3103310Z # <<< mamba initialize <<<
2025-01-14T19:15:14.3108810Z Removing environment tardis from auto-activate bash ...
2025-01-14T19:15:14.3352040Z Post job cleanup.
2025-01-14T19:15:14.3574850Z Post job cleanup.
2025-01-14T19:15:14.7049860Z [command]/opt/homebrew/bin/git version
2025-01-14T19:15:14.7434950Z git version 2.47.1
2025-01-14T19:15:14.7560450Z Copying '/Users/runner/.gitconfig' to '/Users/runner/work/_temp/f72ed935-2952-40d5-b358-b12d453b44e1/.gitconfig'
2025-01-14T19:15:14.7566190Z Temporarily overriding HOME='/Users/runner/work/_temp/f72ed935-2952-40d5-b358-b12d453b44e1' before making global git config changes
2025-01-14T19:15:14.7600570Z Adding repository directory to the temporary git global config as a safe directory
2025-01-14T19:15:14.7709320Z [command]/opt/homebrew/bin/git config --global --add safe.directory /Users/runner/work/tardis/tardis/tardis-regression-data
2025-01-14T19:15:14.8012490Z [command]/opt/homebrew/bin/git config --local --name-only --get-regexp core\.sshCommand
2025-01-14T19:15:14.8032120Z [command]/opt/homebrew/bin/git submodule foreach --recursive sh -c "git config --local --name-only --get-regexp 'core\.sshCommand' && git config --local --unset-all 'core.sshCommand' || :"
2025-01-14T19:15:15.0644530Z [command]/opt/homebrew/bin/git config --local --name-only --get-regexp http\.https\:\/\/github\.com\/\.extraheader
2025-01-14T19:15:15.0775780Z http.https://github.com/.extraheader
2025-01-14T19:15:15.0806740Z [command]/opt/homebrew/bin/git config --local --unset-all http.https://github.com/.extraheader
2025-01-14T19:15:15.0961350Z [command]/opt/homebrew/bin/git submodule foreach --recursive sh -c "git config --local --name-only --get-regexp 'http\.https\:\/\/github\.com\/\.extraheader' && git config --local --unset-all 'http.https://github.com/.extraheader' || :"
2025-01-14T19:15:15.2613720Z Post job cleanup.
2025-01-14T19:15:15.4747180Z [command]/opt/homebrew/bin/git version
2025-01-14T19:15:15.4850840Z git version 2.47.1
2025-01-14T19:15:15.4882850Z Copying '/Users/runner/.gitconfig' to '/Users/runner/work/_temp/fcbd2c77-d769-4340-9d33-dffb28531c6c/.gitconfig'
2025-01-14T19:15:15.4890830Z Temporarily overriding HOME='/Users/runner/work/_temp/fcbd2c77-d769-4340-9d33-dffb28531c6c' before making global git config changes
2025-01-14T19:15:15.4891590Z Adding repository directory to the temporary git global config as a safe directory
2025-01-14T19:15:15.4895610Z [command]/opt/homebrew/bin/git config --global --add safe.directory /Users/runner/work/tardis/tardis
2025-01-14T19:15:15.4996290Z [command]/opt/homebrew/bin/git config --local --name-only --get-regexp core\.sshCommand
2025-01-14T19:15:15.5064650Z [command]/opt/homebrew/bin/git submodule foreach --recursive sh -c "git config --local --name-only --get-regexp 'core\.sshCommand' && git config --local --unset-all 'core.sshCommand' || :"
2025-01-14T19:15:15.6265730Z [command]/opt/homebrew/bin/git config --local --name-only --get-regexp http\.https\:\/\/github\.com\/\.extraheader
2025-01-14T19:15:15.6330070Z http.https://github.com/.extraheader
2025-01-14T19:15:15.6340440Z [command]/opt/homebrew/bin/git config --local --unset-all http.https://github.com/.extraheader
2025-01-14T19:15:15.6439810Z [command]/opt/homebrew/bin/git submodule foreach --recursive sh -c "git config --local --name-only --get-regexp 'http\.https\:\/\/github\.com\/\.extraheader' && git config --local --unset-all 'http.https://github.com/.extraheader' || :"
2025-01-14T19:15:15.7990970Z Cleaning up orphan processes
2025-01-14T19:15:17.1402790Z Terminate orphan process: pid (4232) (python3.12)
2025-01-14T19:15:17.2471770Z Terminate orphan process: pid (4081) (python3.12)
