2025-01-13T15:55:36.5284700Z Prepare all required actions
2025-01-13T15:55:36.5285080Z Getting action download info
2025-01-13T15:55:36.6443900Z Download action repository 'mamba-org/setup-micromamba@v1' (SHA:4b9113af4fba0e9e1124b252dd6497a419e7396d)
2025-01-13T15:55:38.0077510Z ##[group]Run ./.github/actions/setup_env
2025-01-13T15:55:38.0077870Z with:
2025-01-13T15:55:38.0079010Z   os-label: osx-arm64
2025-01-13T15:55:38.0079260Z env:
2025-01-13T15:55:38.0079500Z   CACHE_NUMBER: 0
2025-01-13T15:55:38.0080150Z   PYTEST_FLAGS: --tardis-regression-data=/Users/runner/work/tardis/tardis/tardis-regression-data --cov=tardis --cov-report=xml --cov-report=html --cov-append
2025-01-13T15:55:38.0080890Z   CODECOV_TOKEN: ***
2025-01-13T15:55:38.0081110Z ##[endgroup]
2025-01-13T15:55:38.0164740Z ##[group]Run file_hash=$(cat conda-osx-arm64.lock | shasum -a 256 | cut -d' ' -f1)
2025-01-13T15:55:38.0165180Z [36;1mfile_hash=$(cat conda-osx-arm64.lock | shasum -a 256 | cut -d' ' -f1)[0m
2025-01-13T15:55:38.0165510Z [36;1mecho "file_hash=$file_hash" >> "${GITHUB_OUTPUT}"[0m
2025-01-13T15:55:38.0226440Z shell: /bin/bash --noprofile --norc -e -o pipefail {0}
2025-01-13T15:55:38.0226720Z env:
2025-01-13T15:55:38.0226870Z   CACHE_NUMBER: 0
2025-01-13T15:55:38.0227370Z   PYTEST_FLAGS: --tardis-regression-data=/Users/runner/work/tardis/tardis/tardis-regression-data --cov=tardis --cov-report=xml --cov-report=html --cov-append
2025-01-13T15:55:38.0228260Z   CODECOV_TOKEN: ***
2025-01-13T15:55:38.0228470Z ##[endgroup]
2025-01-13T15:55:38.1214600Z ##[group]Run mamba-org/setup-micromamba@v1
2025-01-13T15:55:38.1214890Z with:
2025-01-13T15:55:38.1215060Z   environment-file: conda-osx-arm64.lock
2025-01-13T15:55:38.1215400Z   cache-environment-key: bf0d0a4d4c847cca72476c6c68c493d56c484aada7e80de0e42c7607fcef5824
2025-01-13T15:55:38.1215870Z   cache-downloads-key: bf0d0a4d4c847cca72476c6c68c493d56c484aada7e80de0e42c7607fcef5824
2025-01-13T15:55:38.1216190Z   environment-name: tardis
2025-01-13T15:55:38.1216370Z   cache-environment: true
2025-01-13T15:55:38.1216550Z   cache-downloads: true
2025-01-13T15:55:38.1216740Z env:
2025-01-13T15:55:38.1216880Z   CACHE_NUMBER: 0
2025-01-13T15:55:38.1217390Z   PYTEST_FLAGS: --tardis-regression-data=/Users/runner/work/tardis/tardis/tardis-regression-data --cov=tardis --cov-report=xml --cov-report=html --cov-append
2025-01-13T15:55:38.1218110Z   CODECOV_TOKEN: ***
2025-01-13T15:55:38.1218300Z ##[endgroup]
2025-01-13T15:55:38.4537100Z Will download micromamba to /Users/runner/micromamba-bin/micromamba
2025-01-13T15:55:38.4541880Z ##[group]Install micromamba
2025-01-13T15:55:38.9719680Z micromamba installed to /Users/runner/micromamba-bin/micromamba
2025-01-13T15:55:38.9725010Z ##[endgroup]
2025-01-13T15:55:38.9726540Z Adding conda-forge to condarc channels ...
2025-01-13T15:55:38.9740570Z ##[group]Initialize micromamba for bash.
2025-01-13T15:55:38.9749200Z [command]/Users/runner/micromamba-bin/micromamba shell init -s bash -r /Users/runner/micromamba --log-level warning --rc-file /Users/runner/work/_temp/setup-micromamba/.condarc
2025-01-13T15:55:38.9982780Z Modifying RC file "/Users/runner/.bash_profile"
2025-01-13T15:55:38.9983500Z Generating config for root prefix [1m"/Users/runner/micromamba"[0m
2025-01-13T15:55:38.9983980Z Setting mamba executable to: [1m"/Users/runner/micromamba-bin/micromamba"[0m
2025-01-13T15:55:38.9984380Z Adding (or replacing) the following in your "/Users/runner/.bash_profile" file
2025-01-13T15:55:38.9984780Z 
2025-01-13T15:55:38.9984850Z # >>> mamba initialize >>>
2025-01-13T15:55:38.9985100Z # !! Contents within this block are managed by 'mamba init' !!
2025-01-13T15:55:38.9985420Z export MAMBA_EXE='/Users/runner/micromamba-bin/micromamba';
2025-01-13T15:55:38.9985710Z export MAMBA_ROOT_PREFIX='/Users/runner/micromamba';
2025-01-13T15:55:38.9986080Z __mamba_setup="$("$MAMBA_EXE" shell hook --shell bash --root-prefix "$MAMBA_ROOT_PREFIX" 2> /dev/null)"
2025-01-13T15:55:38.9986650Z if [ $? -eq 0 ]; then
2025-01-13T15:55:38.9986830Z     eval "$__mamba_setup"
2025-01-13T15:55:38.9987000Z else
2025-01-13T15:55:38.9987900Z     alias micromamba="$MAMBA_EXE"  # Fallback on help from mamba activate
2025-01-13T15:55:38.9988180Z fi
2025-01-13T15:55:38.9988310Z unset __mamba_setup
2025-01-13T15:55:38.9988470Z # <<< mamba initialize <<<
2025-01-13T15:55:38.9988590Z 
2025-01-13T15:55:39.0000900Z ##[endgroup]
2025-01-13T15:55:39.0001520Z ##[group]Restoring downloads from `/Users/runner/micromamba/pkgs` ...
2025-01-13T15:55:40.0718500Z Received 58720256 of 310595873 (18.9%), 55.8 MBs/sec
2025-01-13T15:55:41.0721810Z Received 109051904 of 310595873 (35.1%), 51.9 MBs/sec
2025-01-13T15:55:42.0721640Z Received 176160768 of 310595873 (56.7%), 55.9 MBs/sec
2025-01-13T15:55:43.0735370Z Received 234881024 of 310595873 (75.6%), 55.9 MBs/sec
2025-01-13T15:55:44.0734540Z Received 306401569 of 310595873 (98.6%), 58.4 MBs/sec
2025-01-13T15:55:44.3323380Z Cache Size: ~296 MB (310595873 B)
2025-01-13T15:55:44.3377930Z [command]/opt/homebrew/bin/gtar -xf /Users/runner/work/_temp/6aa4f9bb-b7ba-4356-a0e7-72e1cf0e4ae2/cache.tzst -P -C /Users/runner/work/tardis/tardis --delay-directory-restore --use-compress-program unzstd
2025-01-13T15:55:44.8698210Z Cache restored successfully
2025-01-13T15:55:44.8726650Z Restored cache with key `bf0d0a4d4c847cca72476c6c68c493d56c484aada7e80de0e42c7607fcef5824-osx-arm64`
2025-01-13T15:55:44.8727520Z ##[endgroup]
2025-01-13T15:55:44.8911920Z ##[group]Restoring environment `tardis` from `/Users/runner/micromamba/envs/tardis` ...
2025-01-13T15:55:45.0735240Z Received 310595873 of 310595873 (100.0%), 49.3 MBs/sec
2025-01-13T15:55:45.9772340Z Received 58720256 of 385775710 (15.2%), 56.0 MBs/sec
2025-01-13T15:55:46.9779870Z Received 125829120 of 385775710 (32.6%), 60.0 MBs/sec
2025-01-13T15:55:47.9783090Z Received 197132288 of 385775710 (51.1%), 62.6 MBs/sec
2025-01-13T15:55:48.9787150Z Received 276824064 of 385775710 (71.8%), 66.0 MBs/sec
2025-01-13T15:55:49.9790570Z Received 352321536 of 385775710 (91.3%), 67.2 MBs/sec
2025-01-13T15:55:50.7009230Z Cache Size: ~368 MB (385775710 B)
2025-01-13T15:55:50.7099880Z [command]/opt/homebrew/bin/gtar -xf /Users/runner/work/_temp/f86184ef-bbe4-4e42-b525-d1dea3b458b8/cache.tzst -P -C /Users/runner/work/tardis/tardis --delay-directory-restore --use-compress-program unzstd
2025-01-13T15:55:50.9878080Z Received 385775710 of 385775710 (100.0%), 61.3 MBs/sec
2025-01-13T15:56:04.8320020Z Cache restored successfully
2025-01-13T15:56:04.8407840Z Restored cache with key `bf0d0a4d4c847cca72476c6c68c493d56c484aada7e80de0e42c7607fcef5824-osx-arm64-tardis-args-4f53cda-root-873f6fe-bin-[object Promise]-file-bf0d0a4d4c847cca72476c6c68c493d56c484aada7e80de0e42c7607fcef5824`
2025-01-13T15:56:04.8409140Z ##[endgroup]
2025-01-13T15:56:04.8437520Z Adding environment tardis to auto-activate bash ...
2025-01-13T15:56:04.8438190Z Generating micromamba run shell.
2025-01-13T15:56:04.8439530Z ##[endgroup]
2025-01-13T15:56:04.8440380Z Set environment variables.
2025-01-13T15:56:04.8441430Z ##[group]micromamba info
2025-01-13T15:56:04.8442540Z [command]/Users/runner/micromamba-bin/micromamba info -r /Users/runner/micromamba -n tardis
2025-01-13T15:56:05.4036220Z 
2025-01-13T15:56:05.4037410Z        libmamba version : 1.5.10
2025-01-13T15:56:05.4037960Z      micromamba version : 1.5.10
2025-01-13T15:56:05.4038530Z            curl version : libcurl/8.10.1 (OpenSSL/3.3.2) SecureTransport zlib/1.3.1 zstd/1.5.6 libssh2/1.11.0 nghttp2/1.58.0
2025-01-13T15:56:05.4039160Z      libarchive version : libarchive 3.7.4 zlib/1.2.13 bz2lib/1.0.8 libzstd/1.5.6
2025-01-13T15:56:05.4039560Z        envs directories : /Users/runner/micromamba/envs
2025-01-13T15:56:05.4039820Z           package cache : /Users/runner/micromamba/pkgs
2025-01-13T15:56:05.4040120Z                           /Users/runner/.mamba/pkgs
2025-01-13T15:56:05.4040330Z             environment : tardis
2025-01-13T15:56:05.4040550Z            env location : /Users/runner/micromamba/envs/tardis
2025-01-13T15:56:05.4040960Z       user config files : /Users/runner/.mambarc
2025-01-13T15:56:05.4041330Z  populated config files : /Users/runner/work/_temp/setup-micromamba/.condarc
2025-01-13T15:56:05.4049390Z        virtual packages : __unix=0=0
2025-01-13T15:56:05.4049630Z                           __osx=14.7.2=0
2025-01-13T15:56:05.4049850Z                           __archspec=1=arm64
2025-01-13T15:56:05.4050330Z                channels : https://conda.anaconda.org/conda-forge/osx-arm64
2025-01-13T15:56:05.4056730Z                           https://conda.anaconda.org/conda-forge/noarch
2025-01-13T15:56:05.4057000Z        base environment : /Users/runner/micromamba
2025-01-13T15:56:05.4057220Z                platform : osx-arm64
2025-01-13T15:56:05.4057670Z ##[endgroup]
2025-01-13T15:56:05.4057920Z ##[group]micromamba list
2025-01-13T15:56:05.4058370Z [command]/Users/runner/micromamba-bin/micromamba list -r /Users/runner/micromamba -n tardis
2025-01-13T15:56:05.8327920Z List of packages in environment: "/Users/runner/micromamba/envs/tardis"
2025-01-13T15:56:05.8328370Z 
2025-01-13T15:56:05.8328630Z   Name                           Version              Build                    Channel    
2025-01-13T15:56:05.8330180Z â”€â”€â”€â”€â”€â”€â”€â”€â”€â”€â”€â”€â”€â”€â”€â”€â”€â”€â”€â”€â”€â”€â”€â”€â”€â”€â”€â”€â”€â”€â”€â”€â”€â”€â”€â”€â”€â”€â”€â”€â”€â”€â”€â”€â”€â”€â”€â”€â”€â”€â”€â”€â”€â”€â”€â”€â”€â”€â”€â”€â”€â”€â”€â”€â”€â”€â”€â”€â”€â”€â”€â”€â”€â”€â”€â”€â”€â”€â”€â”€â”€â”€â”€â”€â”€â”€â”€â”€â”€â”€â”€â”€
2025-01-13T15:56:05.8331870Z   alabaster                      0.7.16               pyhd8ed1ab_0             conda-forge
2025-01-13T15:56:05.8333120Z   anyio                          4.4.0                pyhd8ed1ab_0             conda-forge
2025-01-13T15:56:05.8333990Z   appnope                        0.1.4                pyhd8ed1ab_0             conda-forge
2025-01-13T15:56:05.8334950Z   argon2-cffi                    23.1.0               pyhd8ed1ab_0             conda-forge
2025-01-13T15:56:05.8336520Z   argon2-cffi-bindings           21.2.0               py312h02f2b3b_4          conda-forge
2025-01-13T15:56:05.8336890Z   arrow                          1.3.0                pyhd8ed1ab_0             conda-forge
2025-01-13T15:56:05.8337330Z   astropy                        6.1.1                py312hbebd99a_0          conda-forge
2025-01-13T15:56:05.8337690Z   astropy-iers-data              0.2024.6.17.0.31.35  pyhd8ed1ab_0             conda-forge
2025-01-13T15:56:05.8338220Z   astropy-sphinx-theme           1.1                  pyhd8ed1ab_0             conda-forge
2025-01-13T15:56:05.8340330Z   asttokens                      2.4.1                pyhd8ed1ab_0             conda-forge
2025-01-13T15:56:05.8340930Z   async-lru                      2.0.4                pyhd8ed1ab_0             conda-forge
2025-01-13T15:56:05.8341330Z   atk-1.0                        2.38.0               hd03087b_2               conda-forge
2025-01-13T15:56:05.8341780Z   attrs                          23.2.0               pyh71513ae_0             conda-forge
2025-01-13T15:56:05.8342130Z   babel                          2.14.0               pyhd8ed1ab_0             conda-forge
2025-01-13T15:56:05.8342610Z   beautifulsoup4                 4.12.3               pyha770c72_0             conda-forge
2025-01-13T15:56:05.8343050Z   bleach                         6.1.0                pyhd8ed1ab_0             conda-forge
2025-01-13T15:56:05.8343420Z   blosc                          1.21.5               h9c252e8_1               conda-forge
2025-01-13T15:56:05.8343880Z   brotli                         1.1.0                hb547adb_1               conda-forge
2025-01-13T15:56:05.8344230Z   brotli-bin                     1.1.0                hb547adb_1               conda-forge
2025-01-13T15:56:05.8346450Z   brotli-python                  1.1.0                py312h9f69965_1          conda-forge
2025-01-13T15:56:05.8347230Z   bzip2                          1.0.8                h93a5062_5               conda-forge
2025-01-13T15:56:05.8347680Z   c-ares                         1.28.1               h93a5062_0               conda-forge
2025-01-13T15:56:05.8347990Z   c-blosc2                       2.14.4               ha57e6be_1               conda-forge
2025-01-13T15:56:05.8348330Z   ca-certificates                2024.6.2             hf0a4a13_0               conda-forge
2025-01-13T15:56:05.8348820Z   cached-property                1.5.2                hd8ed1ab_1               conda-forge
2025-01-13T15:56:05.8349960Z   cached_property                1.5.2                pyha770c72_1             conda-forge
2025-01-13T15:56:05.8350640Z   cairo                          1.18.0               hd1e100b_0               conda-forge
2025-01-13T15:56:05.8351250Z   certifi                        2024.6.2             pyhd8ed1ab_0             conda-forge
2025-01-13T15:56:05.8352790Z   cffi                           1.16.0               py312h8e38eb3_0          conda-forge
2025-01-13T15:56:05.8353260Z   charset-normalizer             3.3.2                pyhd8ed1ab_0             conda-forge
2025-01-13T15:56:05.8353700Z   click                          8.1.7                unix_pyh707e725_0        conda-forge
2025-01-13T15:56:05.8354090Z   codespell                      2.3.0                pyhd8ed1ab_0             conda-forge
2025-01-13T15:56:05.8354480Z   colorama                       0.4.6                pyhd8ed1ab_0             conda-forge
2025-01-13T15:56:05.8354870Z   comm                           0.2.2                pyhd8ed1ab_0             conda-forge
2025-01-13T15:56:05.8355190Z   commonmark                     0.9.1                py_0                     conda-forge
2025-01-13T15:56:05.8355580Z   contourpy                      1.2.1                py312h0fef576_0          conda-forge
2025-01-13T15:56:05.8356820Z   coverage                       7.5.3                py312h7e5086c_0          conda-forge
2025-01-13T15:56:05.8357740Z   cycler                         0.12.1               pyhd8ed1ab_0             conda-forge
2025-01-13T15:56:05.8358220Z   dataclasses                    0.8                  pyhc8e2a94_3             conda-forge
2025-01-13T15:56:05.8358540Z   debugpy                        1.8.1                py312h20a0b95_0          conda-forge
2025-01-13T15:56:05.8358860Z   decorator                      5.1.1                pyhd8ed1ab_0             conda-forge
2025-01-13T15:56:05.8359500Z   defusedxml                     0.7.1                pyhd8ed1ab_0             conda-forge
2025-01-13T15:56:05.8361180Z   docutils                       0.20.1               py312h81bd7bf_3          conda-forge
2025-01-13T15:56:05.8362760Z   dot2tex                        2.11.3               pyhd8ed1ab_0             conda-forge
2025-01-13T15:56:05.8363600Z   entrypoints                    0.4                  pyhd8ed1ab_0             conda-forge
2025-01-13T15:56:05.8364040Z   exceptiongroup                 1.2.0                pyhd8ed1ab_2             conda-forge
2025-01-13T15:56:05.8364460Z   executing                      2.0.1                pyhd8ed1ab_0             conda-forge
2025-01-13T15:56:05.8364910Z   expat                          2.6.2                hebf3989_0               conda-forge
2025-01-13T15:56:05.8365370Z   font-ttf-dejavu-sans-mono      2.37                 hab24e00_0               conda-forge
2025-01-13T15:56:05.8365860Z   font-ttf-inconsolata           3.000                h77eed37_0               conda-forge
2025-01-13T15:56:05.8366350Z   font-ttf-source-code-pro       2.038                h77eed37_0               conda-forge
2025-01-13T15:56:05.8366950Z   font-ttf-ubuntu                0.83                 h77eed37_2               conda-forge
2025-01-13T15:56:05.8367460Z   fontconfig                     2.14.2               h82840c6_0               conda-forge
2025-01-13T15:56:05.8367940Z   fonts-conda-ecosystem          1                    0                        conda-forge
2025-01-13T15:56:05.8368560Z   fonts-conda-forge              1                    0                        conda-forge
2025-01-13T15:56:05.8368980Z   fonttools                      4.53.0               py312h7e5086c_0          conda-forge
2025-01-13T15:56:05.8369460Z   fqdn                           1.5.1                pyhd8ed1ab_0             conda-forge
2025-01-13T15:56:05.8369990Z   freetype                       2.12.1               hadb7bae_2               conda-forge
2025-01-13T15:56:05.8370510Z   fribidi                        1.0.10               h27ca646_0               conda-forge
2025-01-13T15:56:05.8371380Z   future                         1.0.0                pyhd8ed1ab_0             conda-forge
2025-01-13T15:56:05.8371740Z   gdk-pixbuf                     2.42.12              h7ddc832_0               conda-forge
2025-01-13T15:56:05.8372120Z   gettext                        0.22.5               h8fbad5d_2               conda-forge
2025-01-13T15:56:05.8372880Z   gettext-tools                  0.22.5               h8fbad5d_2               conda-forge
2025-01-13T15:56:05.8373350Z   giflib                         5.2.2                h93a5062_0               conda-forge
2025-01-13T15:56:05.8373630Z   git-lfs                        3.5.1                hce30654_0               conda-forge
2025-01-13T15:56:05.8373920Z   gmp                            6.3.0                hebf3989_1               conda-forge
2025-01-13T15:56:05.8374220Z   gmpy2                          2.1.5                py312hfa9fade_1          conda-forge
2025-01-13T15:56:05.8374540Z   graphite2                      1.3.13               hebf3989_1003            conda-forge
2025-01-13T15:56:05.8374840Z   graphviz                       11.0.0               h9bb9bc9_0               conda-forge
2025-01-13T15:56:05.8375150Z   gtk2                           2.24.33              h7895bb2_4               conda-forge
2025-01-13T15:56:05.8375900Z   gts                            0.7.6                he42f4ea_4               conda-forge
2025-01-13T15:56:05.8376300Z   h11                            0.14.0               pyhd8ed1ab_0             conda-forge
2025-01-13T15:56:05.8376580Z   h2                             4.1.0                pyhd8ed1ab_0             conda-forge
2025-01-13T15:56:05.8376850Z   h5py                           3.11.0               nompi_py312h903599c_102  conda-forge
2025-01-13T15:56:05.8377190Z   harfbuzz                       8.5.0                h1836168_0               conda-forge
2025-01-13T15:56:05.8377620Z   hdf5                           1.14.3               nompi_hec07895_105       conda-forge
2025-01-13T15:56:05.8377970Z   hpack                          4.0.0                pyh9f0ad1d_0             conda-forge
2025-01-13T15:56:05.8378530Z   httpcore                       1.0.5                pyhd8ed1ab_0             conda-forge
2025-01-13T15:56:05.8378910Z   httpx                          0.27.0               pyhd8ed1ab_0             conda-forge
2025-01-13T15:56:05.8379200Z   hyperframe                     6.0.1                pyhd8ed1ab_0             conda-forge
2025-01-13T15:56:05.8379980Z   icu                            73.2                 hc8870d7_0               conda-forge
2025-01-13T15:56:05.8380280Z   idna                           3.7                  pyhd8ed1ab_0             conda-forge
2025-01-13T15:56:05.8380570Z   imagesize                      1.4.1                pyhd8ed1ab_0             conda-forge
2025-01-13T15:56:05.8380890Z   importlib-metadata             7.1.0                pyha770c72_0             conda-forge
2025-01-13T15:56:05.8381290Z   importlib_metadata             7.1.0                hd8ed1ab_0               conda-forge
2025-01-13T15:56:05.8381710Z   importlib_resources            6.4.0                pyhd8ed1ab_0             conda-forge
2025-01-13T15:56:05.8382030Z   iniconfig                      2.0.0                pyhd8ed1ab_0             conda-forge
2025-01-13T15:56:05.8382340Z   ipykernel                      6.29.4               pyh57ce528_0             conda-forge
2025-01-13T15:56:05.8382670Z   ipython                        8.25.0               pyh707e725_0             conda-forge
2025-01-13T15:56:05.8383020Z   ipython_genutils               0.2.0                pyhd8ed1ab_1             conda-forge
2025-01-13T15:56:05.8383340Z   ipywidgets                     7.8.0                pyhd8ed1ab_0             conda-forge
2025-01-13T15:56:05.8383690Z   isoduration                    20.11.0              pyhd8ed1ab_0             conda-forge
2025-01-13T15:56:05.8384840Z   jedi                           0.19.1               pyhd8ed1ab_0             conda-forge
2025-01-13T15:56:05.8386120Z   jinja2                         3.1.4                pyhd8ed1ab_0             conda-forge
2025-01-13T15:56:05.8386400Z   json5                          0.9.25               pyhd8ed1ab_0             conda-forge
2025-01-13T15:56:05.8386700Z   jsonpointer                    3.0.0                py312h81bd7bf_0          conda-forge
2025-01-13T15:56:05.8387470Z   jsonschema                     4.22.0               pyhd8ed1ab_0             conda-forge
2025-01-13T15:56:05.8387830Z   jsonschema-specifications      2023.12.1            pyhd8ed1ab_0             conda-forge
2025-01-13T15:56:05.8388230Z   jsonschema-with-format-nongpl  4.22.0               pyhd8ed1ab_0             conda-forge
2025-01-13T15:56:05.8388580Z   jupyter-lsp                    2.2.5                pyhd8ed1ab_0             conda-forge
2025-01-13T15:56:05.8388900Z   jupyter_client                 8.6.2                pyhd8ed1ab_0             conda-forge
2025-01-13T15:56:05.8389200Z   jupyter_core                   5.7.2                py312h81bd7bf_0          conda-forge
2025-01-13T15:56:05.8389570Z   jupyter_events                 0.10.0               pyhd8ed1ab_0             conda-forge
2025-01-13T15:56:05.8389980Z   jupyter_server                 2.14.1               pyhd8ed1ab_0             conda-forge
2025-01-13T15:56:05.8390370Z   jupyter_server_terminals       0.5.3                pyhd8ed1ab_0             conda-forge
2025-01-13T15:56:05.8390880Z   jupyterlab                     4.2.2                pyhd8ed1ab_0             conda-forge
2025-01-13T15:56:05.8391320Z   jupyterlab_pygments            0.3.0                pyhd8ed1ab_1             conda-forge
2025-01-13T15:56:05.8391790Z   jupyterlab_server              2.27.2               pyhd8ed1ab_0             conda-forge
2025-01-13T15:56:05.8392200Z   jupyterlab_widgets             1.1.7                pyhd8ed1ab_0             conda-forge
2025-01-13T15:56:05.8392730Z   kiwisolver                     1.4.5                py312h389731b_1          conda-forge
2025-01-13T15:56:05.8393120Z   krb5                           1.21.2               h92f50d5_0               conda-forge
2025-01-13T15:56:05.8393540Z   latexcodec                     2.0.1                pyh9f0ad1d_0             conda-forge
2025-01-13T15:56:05.8393870Z   lcms2                          2.16                 ha0e7c42_0               conda-forge
2025-01-13T15:56:05.8394150Z   lerc                           4.0.0                h9a09cb3_0               conda-forge
2025-01-13T15:56:05.8394560Z   libaec                         1.1.3                hebf3989_0               conda-forge
2025-01-13T15:56:05.8395210Z   libasprintf                    0.22.5               h8fbad5d_2               conda-forge
2025-01-13T15:56:05.8396920Z   libasprintf-devel              0.22.5               h8fbad5d_2               conda-forge
2025-01-13T15:56:05.8398000Z   libblas                        3.9.0                22_osxarm64_openblas     conda-forge
2025-01-13T15:56:05.8399660Z   libbrotlicommon                1.1.0                hb547adb_1               conda-forge
2025-01-13T15:56:05.8400900Z   libbrotlidec                   1.1.0                hb547adb_1               conda-forge
2025-01-13T15:56:05.8401730Z   libbrotlienc                   1.1.0                hb547adb_1               conda-forge
2025-01-13T15:56:05.8402160Z   libcblas                       3.9.0                22_osxarm64_openblas     conda-forge
2025-01-13T15:56:05.8402590Z   libcurl                        8.8.0                h7b6f9a7_0               conda-forge
2025-01-13T15:56:05.8403050Z   libcxx                         17.0.6               h5f092b4_0               conda-forge
2025-01-13T15:56:05.8403670Z   libdeflate                     1.20                 h93a5062_0               conda-forge
2025-01-13T15:56:05.8404110Z   libedit                        3.1.20191231         hc8eb9b7_2               conda-forge
2025-01-13T15:56:05.8404400Z   libev                          4.33                 h93a5062_2               conda-forge
2025-01-13T15:56:05.8405040Z   libexpat                       2.6.2                hebf3989_0               conda-forge
2025-01-13T15:56:05.8405380Z   libffi                         3.4.2                h3422bc3_5               conda-forge
2025-01-13T15:56:05.8405710Z   libgd                          2.3.3                hfdf3952_9               conda-forge
2025-01-13T15:56:05.8406270Z   libgettextpo                   0.22.5               h8fbad5d_2               conda-forge
2025-01-13T15:56:05.8406650Z   libgettextpo-devel             0.22.5               h8fbad5d_2               conda-forge
2025-01-13T15:56:05.8407160Z   libgfortran                    5.0.0                13_2_0_hd922786_3        conda-forge
2025-01-13T15:56:05.8407470Z   libgfortran5                   13.2.0               hf226fd6_3               conda-forge
2025-01-13T15:56:05.8407770Z   libglib                        2.80.2               h59d46d9_1               conda-forge
2025-01-13T15:56:05.8408100Z   libiconv                       1.17                 h0d3ecfb_2               conda-forge
2025-01-13T15:56:05.8408480Z   libintl                        0.22.5               h8fbad5d_2               conda-forge
2025-01-13T15:56:05.8408780Z   libintl-devel                  0.22.5               h8fbad5d_2               conda-forge
2025-01-13T15:56:05.8409110Z   libjpeg-turbo                  3.0.0                hb547adb_1               conda-forge
2025-01-13T15:56:05.8409430Z   liblapack                      3.9.0                22_osxarm64_openblas     conda-forge
2025-01-13T15:56:05.8409840Z   libllvm14                      14.0.6               hd1a9a77_4               conda-forge
2025-01-13T15:56:05.8410190Z   libnghttp2                     1.58.0               ha4dd798_1               conda-forge
2025-01-13T15:56:05.8410530Z   libopenblas                    0.3.27               openmp_h6c19121_0        conda-forge
2025-01-13T15:56:05.8410880Z   libpng                         1.6.43               h091b4b1_0               conda-forge
2025-01-13T15:56:05.8411160Z   librsvg                        2.58.1               hbc281fb_0               conda-forge
2025-01-13T15:56:05.8411490Z   libsodium                      1.0.18               h27ca646_1               conda-forge
2025-01-13T15:56:05.8411840Z   libsqlite                      3.46.0               hfb93653_0               conda-forge
2025-01-13T15:56:05.8412250Z   libssh2                        1.11.0               h7a5bd25_0               conda-forge
2025-01-13T15:56:05.8412630Z   libtiff                        4.6.0                h07db509_3               conda-forge
2025-01-13T15:56:05.8412910Z   libwebp                        1.4.0                h54798ee_0               conda-forge
2025-01-13T15:56:05.8413250Z   libwebp-base                   1.4.0                h93a5062_0               conda-forge
2025-01-13T15:56:05.8413590Z   libxcb                         1.16                 hf2054a2_0               conda-forge
2025-01-13T15:56:05.8413960Z   libxml2                        2.12.7               ha661575_1               conda-forge
2025-01-13T15:56:05.8414330Z   libxslt                        1.1.39               h223e5b9_0               conda-forge
2025-01-13T15:56:05.8414700Z   libzlib                        1.3.1                hfb2fe0b_1               conda-forge
2025-01-13T15:56:05.8415090Z   llvm-openmp                    18.1.7               hde57baf_0               conda-forge
2025-01-13T15:56:05.8415430Z   llvmlite                       0.42.0               py312h17030e7_1          conda-forge
2025-01-13T15:56:05.8415750Z   lxml                           5.2.2                py312h0e5ab22_0          conda-forge
2025-01-13T15:56:05.8416020Z   lz4-c                          1.9.4                hb7217d7_0               conda-forge
2025-01-13T15:56:05.8416300Z   markupsafe                     2.1.5                py312he37b823_0          conda-forge
2025-01-13T15:56:05.8416610Z   matplotlib-base                3.8.4                py312h4479663_2          conda-forge
2025-01-13T15:56:05.8417370Z   matplotlib-inline              0.1.7                pyhd8ed1ab_0             conda-forge
2025-01-13T15:56:05.8417780Z   mistune                        3.0.2                pyhd8ed1ab_0             conda-forge
2025-01-13T15:56:05.8418120Z   mpc                            1.3.1                h91ba8db_0               conda-forge
2025-01-13T15:56:05.8418680Z   mpfr                           4.2.1                h41d338b_1               conda-forge
2025-01-13T15:56:05.8418950Z   mpmath                         1.3.0                pyhd8ed1ab_0             conda-forge
2025-01-13T15:56:05.8419330Z   munkres                        1.1.4                pyh9f0ad1d_0             conda-forge
2025-01-13T15:56:05.8419630Z   mypy_extensions                1.0.0                pyha770c72_0             conda-forge
2025-01-13T15:56:05.8419950Z   nbclassic                      1.1.0                pyhd8ed1ab_0             conda-forge
2025-01-13T15:56:05.8420250Z   nbclient                       0.10.0               pyhd8ed1ab_0             conda-forge
2025-01-13T15:56:05.8420550Z   nbconvert                      7.16.4               hd8ed1ab_1               conda-forge
2025-01-13T15:56:05.8420980Z   nbconvert-core                 7.16.4               pyhd8ed1ab_1             conda-forge
2025-01-13T15:56:05.8422450Z   nbconvert-pandoc               7.16.4               hd8ed1ab_1               conda-forge
2025-01-13T15:56:05.8423960Z   nbformat                       5.10.4               pyhd8ed1ab_0             conda-forge
2025-01-13T15:56:05.8424320Z   nbsphinx                       0.9.4                pyhd8ed1ab_0             conda-forge
2025-01-13T15:56:05.8426230Z   ncurses                        6.5                  hb89a1cb_0               conda-forge
2025-01-13T15:56:05.8426540Z   nest-asyncio                   1.6.0                pyhd8ed1ab_0             conda-forge
2025-01-13T15:56:05.8426850Z   networkx                       3.3                  pyhd8ed1ab_1             conda-forge
2025-01-13T15:56:05.8427140Z   notebook                       7.2.1                pyhd8ed1ab_0             conda-forge
2025-01-13T15:56:05.8427440Z   notebook-shim                  0.2.4                pyhd8ed1ab_0             conda-forge
2025-01-13T15:56:05.8427740Z   numba                          0.59.1               py312hbaff935_0          conda-forge
2025-01-13T15:56:05.8428040Z   numexpr                        2.10.0               py312h8ae5369_0          conda-forge
2025-01-13T15:56:05.8428570Z   numpy                          1.26.4               py312h8442bc7_0          conda-forge
2025-01-13T15:56:05.8429110Z   numpydoc                       1.7.0                pyhd8ed1ab_1             conda-forge
2025-01-13T15:56:05.8429410Z   openjpeg                       2.5.2                h9f1df11_0               conda-forge
2025-01-13T15:56:05.8429700Z   openssl                        3.3.1                hfb2fe0b_0               conda-forge
2025-01-13T15:56:05.8429990Z   overrides                      7.7.0                pyhd8ed1ab_0             conda-forge
2025-01-13T15:56:05.8430540Z   packaging                      24.1                 pyhd8ed1ab_0             conda-forge
2025-01-13T15:56:05.8430900Z   pandas                         2.2.2                py312h8ae5369_1          conda-forge
2025-01-13T15:56:05.8431320Z   pandoc                         3.2                  hce30654_0               conda-forge
2025-01-13T15:56:05.8431770Z   pandocfilters                  1.5.0                pyhd8ed1ab_0             conda-forge
2025-01-13T15:56:05.8432180Z   pango                          1.54.0               h5cb9fbc_0               conda-forge
2025-01-13T15:56:05.8441840Z   parso                          0.8.4                pyhd8ed1ab_0             conda-forge
2025-01-13T15:56:05.8442170Z   pathspec                       0.12.1               pyhd8ed1ab_0             conda-forge
2025-01-13T15:56:05.8442470Z   pbr                            6.0.0                pyhd8ed1ab_0             conda-forge
2025-01-13T15:56:05.8443650Z   pcre2                          10.44                h297a79d_0               conda-forge
2025-01-13T15:56:05.8444260Z   pexpect                        4.9.0                pyhd8ed1ab_0             conda-forge
2025-01-13T15:56:05.8444570Z   pickleshare                    0.7.5                py_1003                  conda-forge
2025-01-13T15:56:05.8445310Z   pillow                         10.3.0               py312h39b1d8d_1          conda-forge
2025-01-13T15:56:05.8445590Z   pip                            24.0                 pyhd8ed1ab_0             conda-forge
2025-01-13T15:56:05.8445870Z   pixman                         0.43.4               hebf3989_0               conda-forge
2025-01-13T15:56:05.8446190Z   pkgutil-resolve-name           1.3.10               pyhd8ed1ab_1             conda-forge
2025-01-13T15:56:05.8446520Z   platformdirs                   4.2.2                pyhd8ed1ab_0             conda-forge
2025-01-13T15:56:05.8446820Z   plotly                         5.22.0               pyhd8ed1ab_0             conda-forge
2025-01-13T15:56:05.8447340Z   pluggy                         1.5.0                pyhd8ed1ab_0             conda-forge
2025-01-13T15:56:05.8447650Z   prometheus_client              0.20.0               pyhd8ed1ab_0             conda-forge
2025-01-13T15:56:05.8447970Z   prompt-toolkit                 3.0.47               pyha770c72_0             conda-forge
2025-01-13T15:56:05.8448280Z   psutil                         5.9.8                py312he37b823_0          conda-forge
2025-01-13T15:56:05.8448570Z   pthread-stubs                  0.4                  h27ca646_1001            conda-forge
2025-01-13T15:56:05.8448880Z   ptyprocess                     0.7.0                pyhd3deb0d_0             conda-forge
2025-01-13T15:56:05.8449180Z   pure_eval                      0.2.2                pyhd8ed1ab_0             conda-forge
2025-01-13T15:56:05.8449470Z   py-cpuinfo                     9.0.0                pyhd8ed1ab_0             conda-forge
2025-01-13T15:56:05.8449760Z   pybtex                         0.24.0               pyhd8ed1ab_2             conda-forge
2025-01-13T15:56:05.8450070Z   pybtex-docutils                1.0.3                py312h81bd7bf_1          conda-forge
2025-01-13T15:56:05.8450390Z   pycparser                      2.22                 pyhd8ed1ab_0             conda-forge
2025-01-13T15:56:05.8451030Z   pyerfa                         2.0.1.4              py312hbebd99a_1          conda-forge
2025-01-13T15:56:05.8451340Z   pygments                       2.18.0               pyhd8ed1ab_0             conda-forge
2025-01-13T15:56:05.8451630Z   pygraphviz                     1.13                 py312h5f4d302_1          conda-forge
2025-01-13T15:56:05.8451940Z   pyobjc-core                    10.3.1               py312hbb55c70_0          conda-forge
2025-01-13T15:56:05.8452270Z   pyobjc-framework-cocoa         10.3.1               py312hbb55c70_0          conda-forge
2025-01-13T15:56:05.8452600Z   pyparsing                      3.1.2                pyhd8ed1ab_0             conda-forge
2025-01-13T15:56:05.8452980Z   pysocks                        1.7.1                pyha2e5f31_6             conda-forge
2025-01-13T15:56:05.8453280Z   pytables                       3.9.2                py312hb622ae1_2          conda-forge
2025-01-13T15:56:05.8453570Z   pytest                         8.2.2                pyhd8ed1ab_0             conda-forge
2025-01-13T15:56:05.8453870Z   pytest-cov                     5.0.0                pyhd8ed1ab_0             conda-forge
2025-01-13T15:56:05.8454190Z   pytest-doctestplus             1.2.1                pyhd8ed1ab_0             conda-forge
2025-01-13T15:56:05.8454510Z   pytest-html                    4.1.1                pyhd8ed1ab_0             conda-forge
2025-01-13T15:56:05.8454830Z   pytest-metadata                3.1.1                pyhd8ed1ab_0             conda-forge
2025-01-13T15:56:05.8455130Z   python                         3.12.4               h30c5eda_0_cpython       conda-forge
2025-01-13T15:56:05.8455650Z   python-dateutil                2.9.0                pyhd8ed1ab_0             conda-forge
2025-01-13T15:56:05.8456230Z   python-fastjsonschema          2.20.0               pyhd8ed1ab_0             conda-forge
2025-01-13T15:56:05.8456580Z   python-json-logger             2.0.7                pyhd8ed1ab_0             conda-forge
2025-01-13T15:56:05.8457030Z   python-tzdata                  2024.1               pyhd8ed1ab_0             conda-forge
2025-01-13T15:56:05.8457340Z   python_abi                     3.12                 4_cp312                  conda-forge
2025-01-13T15:56:05.8457620Z   pytz                           2024.1               pyhd8ed1ab_0             conda-forge
2025-01-13T15:56:05.8457910Z   pyyaml                         6.0.1                py312h02f2b3b_1          conda-forge
2025-01-13T15:56:05.8458480Z   pyzmq                          26.0.3               py312hfa13136_0          conda-forge
2025-01-13T15:56:05.8458770Z   qgrid                          1.3.1                pyhd8ed1ab_4             conda-forge
2025-01-13T15:56:05.8459080Z   radioactivedecay               0.5.1                pyhd8ed1ab_0             conda-forge
2025-01-13T15:56:05.8459390Z   readline                       8.2                  h92ec313_1               conda-forge
2025-01-13T15:56:05.8459690Z   recommonmark                   0.7.1                pyhd8ed1ab_0             conda-forge
2025-01-13T15:56:05.8460010Z   referencing                    0.35.1               pyhd8ed1ab_0             conda-forge
2025-01-13T15:56:05.8460310Z   requests                       2.32.3               pyhd8ed1ab_0             conda-forge
2025-01-13T15:56:05.8460610Z   rfc3339-validator              0.1.4                pyhd8ed1ab_0             conda-forge
2025-01-13T15:56:05.8460940Z   rfc3986-validator              0.1.1                pyh9f0ad1d_0             conda-forge
2025-01-13T15:56:05.8461240Z   rpds-py                        0.18.1               py312h552d48e_0          conda-forge
2025-01-13T15:56:05.8461530Z   ruff                           0.4.9                py312h3402d49_0          conda-forge
2025-01-13T15:56:05.8462030Z   scipy                          1.13.1               py312h14ffa8f_0          conda-forge
2025-01-13T15:56:05.8462320Z   send2trash                     1.8.3                pyh31c8845_0             conda-forge
2025-01-13T15:56:05.8462630Z   setuptools                     70.0.0               pyhd8ed1ab_0             conda-forge
2025-01-13T15:56:05.8462930Z   setuptools-scm                 8.1.0                pyhd8ed1ab_0             conda-forge
2025-01-13T15:56:05.8463250Z   setuptools_scm                 8.1.0                hd8ed1ab_0               conda-forge
2025-01-13T15:56:05.8463530Z   six                            1.16.0               pyh6c4a22f_0             conda-forge
2025-01-13T15:56:05.8464030Z   snakeviz                       2.2.0                pyhd8ed1ab_0             conda-forge
2025-01-13T15:56:05.8464330Z   snappy                         1.2.0                hd04f947_1               conda-forge
2025-01-13T15:56:05.8464610Z   sniffio                        1.3.1                pyhd8ed1ab_0             conda-forge
2025-01-13T15:56:05.8464920Z   snowballstemmer                2.2.0                pyhd8ed1ab_0             conda-forge
2025-01-13T15:56:05.8465230Z   soupsieve                      2.5                  pyhd8ed1ab_1             conda-forge
2025-01-13T15:56:05.8465520Z   sphinx                         7.3.7                pyhd8ed1ab_0             conda-forge
2025-01-13T15:56:05.8465830Z   sphinx-astropy                 1.9.1                pyhd8ed1ab_0             conda-forge
2025-01-13T15:56:05.8466370Z   sphinx-automodapi              0.17.0               pyh717bed2_1             conda-forge
2025-01-13T15:56:05.8466710Z   sphinx-gallery                 0.16.0               pyhd8ed1ab_0             conda-forge
2025-01-13T15:56:05.8467050Z   sphinx-jsonschema              1.19.1               pyhd8ed1ab_0             conda-forge
2025-01-13T15:56:05.8467380Z   sphinx_bootstrap_theme         0.8.1                pyhd8ed1ab_0             conda-forge
2025-01-13T15:56:05.8467970Z   sphinx_rtd_theme               2.0.0                pyha770c72_0             conda-forge
2025-01-13T15:56:05.8468300Z   sphinxcontrib-apidoc           0.3.0                py_1                     conda-forge
2025-01-13T15:56:05.8468800Z   sphinxcontrib-applehelp        1.0.8                pyhd8ed1ab_0             conda-forge
2025-01-13T15:56:05.8469160Z   sphinxcontrib-bibtex           2.6.2                pyhd8ed1ab_0             conda-forge
2025-01-13T15:56:05.8469510Z   sphinxcontrib-devhelp          1.0.6                pyhd8ed1ab_0             conda-forge
2025-01-13T15:56:05.8469870Z   sphinxcontrib-htmlhelp         2.0.5                pyhd8ed1ab_0             conda-forge
2025-01-13T15:56:05.8470220Z   sphinxcontrib-jquery           4.1                  pyhd8ed1ab_0             conda-forge
2025-01-13T15:56:05.8470880Z   sphinxcontrib-jsmath           1.0.1                pyhd8ed1ab_0             conda-forge
2025-01-13T15:56:05.8471230Z   sphinxcontrib-qthelp           1.0.7                pyhd8ed1ab_0             conda-forge
2025-01-13T15:56:05.8471610Z   sphinxcontrib-serializinghtml  1.1.10               pyhd8ed1ab_0             conda-forge
2025-01-13T15:56:05.8471960Z   stack_data                     0.6.2                pyhd8ed1ab_0             conda-forge
2025-01-13T15:56:05.8472250Z   sympy                          1.12.1               pypyh2585a3b_103         conda-forge
2025-01-13T15:56:05.8472530Z   tabulate                       0.9.0                pyhd8ed1ab_1             conda-forge
2025-01-13T15:56:05.8473050Z   tenacity                       8.4.1                pyhd8ed1ab_0             conda-forge
2025-01-13T15:56:05.8473340Z   terminado                      0.18.1               pyh31c8845_0             conda-forge
2025-01-13T15:56:05.8473630Z   tinycss2                       1.3.0                pyhd8ed1ab_0             conda-forge
2025-01-13T15:56:05.8473910Z   tk                             8.6.13               h5083fa2_1               conda-forge
2025-01-13T15:56:05.8474180Z   toml                           0.10.2               pyhd8ed1ab_0             conda-forge
2025-01-13T15:56:05.8474450Z   tomli                          2.0.1                pyhd8ed1ab_0             conda-forge
2025-01-13T15:56:05.8475190Z   tornado                        6.4.1                py312h7e5086c_0          conda-forge
2025-01-13T15:56:05.8475490Z   tqdm                           4.66.4               pyhd8ed1ab_0             conda-forge
2025-01-13T15:56:05.8475780Z   traitlets                      5.14.3               pyhd8ed1ab_0             conda-forge
2025-01-13T15:56:05.8476070Z   typed-ast                      1.5.5                py312h02f2b3b_1          conda-forge
2025-01-13T15:56:05.8476400Z   types-python-dateutil          2.9.0.20240316       pyhd8ed1ab_0             conda-forge
2025-01-13T15:56:05.8476760Z   typing-extensions              4.12.2               hd8ed1ab_0               conda-forge
2025-01-13T15:56:05.8477590Z   typing_extensions              4.12.2               pyha770c72_0             conda-forge
2025-01-13T15:56:05.8477920Z   typing_utils                   0.1.0                pyhd8ed1ab_0             conda-forge
2025-01-13T15:56:05.8478230Z   tzdata                         2024a                h0c530f3_0               conda-forge
2025-01-13T15:56:05.8478540Z   uri-template                   1.3.0                pyhd8ed1ab_0             conda-forge
2025-01-13T15:56:05.8479000Z   urllib3                        2.2.2                pyhd8ed1ab_0             conda-forge
2025-01-13T15:56:05.8479340Z   wcwidth                        0.2.13               pyhd8ed1ab_0             conda-forge
2025-01-13T15:56:05.8479640Z   webcolors                      24.6.0               pyhd8ed1ab_0             conda-forge
2025-01-13T15:56:05.8479950Z   webencodings                   0.5.1                pyhd8ed1ab_2             conda-forge
2025-01-13T15:56:05.8480270Z   websocket-client               1.8.0                pyhd8ed1ab_0             conda-forge
2025-01-13T15:56:05.8480960Z   wheel                          0.43.0               pyhd8ed1ab_1             conda-forge
2025-01-13T15:56:05.8481330Z   widgetsnbextension             3.6.6                pyhd8ed1ab_0             conda-forge
2025-01-13T15:56:05.8481670Z   xorg-libxau                    1.0.11               hb547adb_0               conda-forge
2025-01-13T15:56:05.8482210Z   xorg-libxdmcp                  1.1.3                h27ca646_0               conda-forge
2025-01-13T15:56:05.8482490Z   xz                             5.2.6                h57fd34a_0               conda-forge
2025-01-13T15:56:05.8482760Z   yaml                           0.2.5                h3422bc3_2               conda-forge
2025-01-13T15:56:05.8483030Z   zeromq                         4.3.5                hcc0f68c_4               conda-forge
2025-01-13T15:56:05.8483920Z   zipp                           3.19.2               pyhd8ed1ab_0             conda-forge
2025-01-13T15:56:05.8484230Z   zlib                           1.3.1                hfb2fe0b_1               conda-forge
2025-01-13T15:56:05.8484500Z   zlib-ng                        2.0.7                h1a8c8d9_0               conda-forge
2025-01-13T15:56:05.8484770Z   zstd                           1.5.6                hb46c0d2_0               conda-forge
2025-01-13T15:56:05.8485230Z ##[endgroup]
