2025-01-10T11:26:32.8829428Z Requested labels: ubuntu-latest
2025-01-10T11:26:32.8829838Z Job defined at: tardis-sn/tardis/.github/workflows/tests.yml@refs/pull/2929/merge
2025-01-10T11:26:32.8829982Z Waiting for a runner to pick up this job...
2025-01-10T11:26:33.0927158Z Job is waiting for a hosted runner to come online.
2025-01-10T11:26:35.7210224Z Job is about to start running on the hosted runner: GitHub Actions 43 (hosted)
2025-01-10T11:26:37.2787062Z Current runner version: '2.321.0'
2025-01-10T11:26:37.2814001Z ##[group]Operating System
2025-01-10T11:26:37.2814877Z Ubuntu
2025-01-10T11:26:37.2815417Z 24.04.1
2025-01-10T11:26:37.2815900Z LTS
2025-01-10T11:26:37.2816443Z ##[endgroup]
2025-01-10T11:26:37.2817013Z ##[group]Runner Image
2025-01-10T11:26:37.2817544Z Image: ubuntu-24.04
2025-01-10T11:26:37.2818113Z Version: 20250105.1.0
2025-01-10T11:26:37.2819208Z Included Software: https://github.com/actions/runner-images/blob/ubuntu24/20250105.1/images/ubuntu/Ubuntu2404-Readme.md
2025-01-10T11:26:37.2820881Z Image Release: https://github.com/actions/runner-images/releases/tag/ubuntu24%2F20250105.1
2025-01-10T11:26:37.2821863Z ##[endgroup]
2025-01-10T11:26:37.2822437Z ##[group]Runner Image Provisioner
2025-01-10T11:26:37.2823011Z 2.0.404.1
2025-01-10T11:26:37.2823530Z ##[endgroup]
2025-01-10T11:26:37.2825734Z ##[group]GITHUB_TOKEN Permissions
2025-01-10T11:26:37.2827636Z Actions: read
2025-01-10T11:26:37.2828529Z Attestations: read
2025-01-10T11:26:37.2829160Z Checks: read
2025-01-10T11:26:37.2829698Z Contents: read
2025-01-10T11:26:37.2830375Z Deployments: read
2025-01-10T11:26:37.2830916Z Discussions: read
2025-01-10T11:26:37.2831481Z Issues: read
2025-01-10T11:26:37.2831979Z Metadata: read
2025-01-10T11:26:37.2832504Z Packages: read
2025-01-10T11:26:37.2833030Z Pages: read
2025-01-10T11:26:37.2833526Z PullRequests: read
2025-01-10T11:26:37.2834083Z RepositoryProjects: read
2025-01-10T11:26:37.2834673Z SecurityEvents: read
2025-01-10T11:26:37.2835204Z Statuses: read
2025-01-10T11:26:37.2835723Z ##[endgroup]
2025-01-10T11:26:37.2838577Z Secret source: None
2025-01-10T11:26:37.2839250Z Prepare workflow directory
2025-01-10T11:26:37.3480967Z Prepare all required actions
2025-01-10T11:26:37.3516700Z Getting action download info
2025-01-10T11:26:37.5318147Z Download action repository 'actions/checkout@v4' (SHA:11bd71901bbe5b1630ceea73d27597364c9af683)
2025-01-10T11:26:37.6219065Z Download action repository 'actions/upload-artifact@v4' (SHA:6f51ac03b9356f520e9adb1b1b7802705f340c2b)
2025-01-10T11:26:37.7762205Z Complete job name: not continuum ubuntu-latest 
2025-01-10T11:26:37.8418337Z ##[group]Run actions/checkout@v4
2025-01-10T11:26:37.8419332Z with:
2025-01-10T11:26:37.8419810Z   repository: tardis-sn/tardis
2025-01-10T11:26:37.8420768Z   token: ***
2025-01-10T11:26:37.8421183Z   ssh-strict: true
2025-01-10T11:26:37.8421601Z   ssh-user: git
2025-01-10T11:26:37.8422021Z   persist-credentials: true
2025-01-10T11:26:37.8422487Z   clean: true
2025-01-10T11:26:37.8422901Z   sparse-checkout-cone-mode: true
2025-01-10T11:26:37.8423399Z   fetch-depth: 1
2025-01-10T11:26:37.8423802Z   fetch-tags: false
2025-01-10T11:26:37.8424262Z   show-progress: true
2025-01-10T11:26:37.8424693Z   lfs: false
2025-01-10T11:26:37.8425129Z   submodules: false
2025-01-10T11:26:37.8425553Z   set-safe-directory: true
2025-01-10T11:26:37.8426325Z env:
2025-01-10T11:26:37.8426759Z   CACHE_NUMBER: 0
2025-01-10T11:26:37.8427947Z   PYTEST_FLAGS: --tardis-regression-data=/home/runner/work/tardis/tardis/tardis-regression-data --cov=tardis --cov-report=xml --cov-report=html --cov-append
2025-01-10T11:26:37.8429236Z   CODECOV_TOKEN: 
2025-01-10T11:26:37.8429640Z ##[endgroup]
2025-01-10T11:26:38.0304061Z Syncing repository: tardis-sn/tardis
2025-01-10T11:26:38.0305698Z ##[group]Getting Git version info
2025-01-10T11:26:38.0306358Z Working directory is '/home/runner/work/tardis/tardis'
2025-01-10T11:26:38.0307264Z [command]/usr/bin/git version
2025-01-10T11:26:38.0400578Z git version 2.47.1
2025-01-10T11:26:38.0428899Z ##[endgroup]
2025-01-10T11:26:38.0442237Z Temporarily overriding HOME='/home/runner/work/_temp/6f1e8120-cc33-48ba-b104-7398c0188cb4' before making global git config changes
2025-01-10T11:26:38.0443645Z Adding repository directory to the temporary git global config as a safe directory
2025-01-10T11:26:38.0446997Z [command]/usr/bin/git config --global --add safe.directory /home/runner/work/tardis/tardis
2025-01-10T11:26:38.0482404Z Deleting the contents of '/home/runner/work/tardis/tardis'
2025-01-10T11:26:38.0486185Z ##[group]Initializing the repository
2025-01-10T11:26:38.0489904Z [command]/usr/bin/git init /home/runner/work/tardis/tardis
2025-01-10T11:26:38.0585294Z hint: Using 'master' as the name for the initial branch. This default branch name
2025-01-10T11:26:38.0586425Z hint: is subject to change. To configure the initial branch name to use in all
2025-01-10T11:26:38.0587399Z hint: of your new repositories, which will suppress this warning, call:
2025-01-10T11:26:38.0588099Z hint:
2025-01-10T11:26:38.0588584Z hint: 	git config --global init.defaultBranch <name>
2025-01-10T11:26:38.0589184Z hint:
2025-01-10T11:26:38.0589746Z hint: Names commonly chosen instead of 'master' are 'main', 'trunk' and
2025-01-10T11:26:38.0590898Z hint: 'development'. The just-created branch can be renamed via this command:
2025-01-10T11:26:38.0591640Z hint:
2025-01-10T11:26:38.0592021Z hint: 	git branch -m <name>
2025-01-10T11:26:38.0594022Z Initialized empty Git repository in /home/runner/work/tardis/tardis/.git/
2025-01-10T11:26:38.0605616Z [command]/usr/bin/git remote add origin https://github.com/tardis-sn/tardis
2025-01-10T11:26:38.0643807Z ##[endgroup]
2025-01-10T11:26:38.0645020Z ##[group]Disabling automatic garbage collection
2025-01-10T11:26:38.0648649Z [command]/usr/bin/git config --local gc.auto 0
2025-01-10T11:26:38.0677824Z ##[endgroup]
2025-01-10T11:26:38.0679058Z ##[group]Setting up auth
2025-01-10T11:26:38.0685280Z [command]/usr/bin/git config --local --name-only --get-regexp core\.sshCommand
2025-01-10T11:26:38.0716027Z [command]/usr/bin/git submodule foreach --recursive sh -c "git config --local --name-only --get-regexp 'core\.sshCommand' && git config --local --unset-all 'core.sshCommand' || :"
2025-01-10T11:26:38.1068121Z [command]/usr/bin/git config --local --name-only --get-regexp http\.https\:\/\/github\.com\/\.extraheader
2025-01-10T11:26:38.1097164Z [command]/usr/bin/git submodule foreach --recursive sh -c "git config --local --name-only --get-regexp 'http\.https\:\/\/github\.com\/\.extraheader' && git config --local --unset-all 'http.https://github.com/.extraheader' || :"
2025-01-10T11:26:38.1317791Z [command]/usr/bin/git config --local http.https://github.com/.extraheader AUTHORIZATION: basic ***
2025-01-10T11:26:38.1362600Z ##[endgroup]
2025-01-10T11:26:38.1363384Z ##[group]Fetching the repository
2025-01-10T11:26:38.1374633Z [command]/usr/bin/git -c protocol.version=2 fetch --no-tags --prune --no-recurse-submodules --depth=1 origin +183a94c0e99cd70688b6c4ab13c26c2107a889f1:refs/remotes/pull/2929/merge
2025-01-10T11:26:39.3056022Z From https://github.com/tardis-sn/tardis
2025-01-10T11:26:39.3057858Z  * [new ref]         183a94c0e99cd70688b6c4ab13c26c2107a889f1 -> pull/2929/merge
2025-01-10T11:26:39.3084867Z ##[endgroup]
2025-01-10T11:26:39.3086218Z ##[group]Determining the checkout info
2025-01-10T11:26:39.3088672Z ##[endgroup]
2025-01-10T11:26:39.3093533Z [command]/usr/bin/git sparse-checkout disable
2025-01-10T11:26:39.3136058Z [command]/usr/bin/git config --local --unset-all extensions.worktreeConfig
2025-01-10T11:26:39.3165549Z ##[group]Checking out the ref
2025-01-10T11:26:39.3168072Z [command]/usr/bin/git checkout --progress --force refs/remotes/pull/2929/merge
2025-01-10T11:26:39.5157567Z Note: switching to 'refs/remotes/pull/2929/merge'.
2025-01-10T11:26:39.5158896Z 
2025-01-10T11:26:39.5159668Z You are in 'detached HEAD' state. You can look around, make experimental
2025-01-10T11:26:39.5161498Z changes and commit them, and you can discard any commits you make in this
2025-01-10T11:26:39.5162969Z state without impacting any branches by switching back to a branch.
2025-01-10T11:26:39.5163809Z 
2025-01-10T11:26:39.5164411Z If you want to create a new branch to retain commits you create, you may
2025-01-10T11:26:39.5165487Z do so (now or later) by using -c with the switch command. Example:
2025-01-10T11:26:39.5166103Z 
2025-01-10T11:26:39.5166414Z   git switch -c <new-branch-name>
2025-01-10T11:26:39.5166941Z 
2025-01-10T11:26:39.5167253Z Or undo this operation with:
2025-01-10T11:26:39.5167719Z 
2025-01-10T11:26:39.5168286Z   git switch -
2025-01-10T11:26:39.5250921Z 
2025-01-10T11:26:39.5251851Z Turn off this advice by setting config variable advice.detachedHead to false
2025-01-10T11:26:39.5253417Z 
2025-01-10T11:26:39.5255245Z HEAD is now at 183a94c Merge 459b0aeac8e2aa3cb9c789b784443a7cd33a663c into 0fc2c76326b8122f88ddaf369f17a637bbe37c63
2025-01-10T11:26:39.5263188Z ##[endgroup]
2025-01-10T11:26:39.5266211Z [command]/usr/bin/git log -1 --format=%H
2025-01-10T11:26:39.5268025Z 183a94c0e99cd70688b6c4ab13c26c2107a889f1
2025-01-10T11:26:39.5600317Z Prepare all required actions
2025-01-10T11:26:39.5601702Z Getting action download info
2025-01-10T11:26:39.6997351Z Download action repository 'actions/cache@v4' (SHA:1bd1e32a3bdc45362d1e726936510720a7c30a57)
2025-01-10T11:26:39.8451305Z ##[group]Run ./.github/actions/setup_lfs
2025-01-10T11:26:39.8451641Z with:
2025-01-10T11:26:39.8451942Z   regression-data-repo: tardis-sn/tardis-regression-data
2025-01-10T11:26:39.8452291Z env:
2025-01-10T11:26:39.8452535Z   CACHE_NUMBER: 0
2025-01-10T11:26:39.8453215Z   PYTEST_FLAGS: --tardis-regression-data=/home/runner/work/tardis/tardis/tardis-regression-data --cov=tardis --cov-report=xml --cov-report=html --cov-append
2025-01-10T11:26:39.8453896Z   CODECOV_TOKEN: 
2025-01-10T11:26:39.8454112Z ##[endgroup]
2025-01-10T11:26:39.8576777Z ##[group]Run actions/checkout@v4
2025-01-10T11:26:39.8577087Z with:
2025-01-10T11:26:39.8577349Z   repository: tardis-sn/tardis-regression-data
2025-01-10T11:26:39.8577671Z   path: tardis-regression-data
2025-01-10T11:26:39.8578131Z   token: ***
2025-01-10T11:26:39.8578354Z   ssh-strict: true
2025-01-10T11:26:39.8578586Z   ssh-user: git
2025-01-10T11:26:39.8578832Z   persist-credentials: true
2025-01-10T11:26:39.8579087Z   clean: true
2025-01-10T11:26:39.8579326Z   sparse-checkout-cone-mode: true
2025-01-10T11:26:39.8579615Z   fetch-depth: 1
2025-01-10T11:26:39.8579835Z   fetch-tags: false
2025-01-10T11:26:39.8580069Z   show-progress: true
2025-01-10T11:26:39.8580651Z   lfs: false
2025-01-10T11:26:39.8580873Z   submodules: false
2025-01-10T11:26:39.8581112Z   set-safe-directory: true
2025-01-10T11:26:39.8581354Z env:
2025-01-10T11:26:39.8581546Z   CACHE_NUMBER: 0
2025-01-10T11:26:39.8582197Z   PYTEST_FLAGS: --tardis-regression-data=/home/runner/work/tardis/tardis/tardis-regression-data --cov=tardis --cov-report=xml --cov-report=html --cov-append
2025-01-10T11:26:39.8582876Z   CODECOV_TOKEN: 
2025-01-10T11:26:39.8583088Z ##[endgroup]
2025-01-10T11:26:39.9496012Z Syncing repository: tardis-sn/tardis-regression-data
2025-01-10T11:26:39.9502351Z ##[group]Getting Git version info
2025-01-10T11:26:39.9503166Z Working directory is '/home/runner/work/tardis/tardis/tardis-regression-data'
2025-01-10T11:26:39.9543871Z [command]/usr/bin/git version
2025-01-10T11:26:39.9586965Z git version 2.47.1
2025-01-10T11:26:39.9612367Z ##[endgroup]
2025-01-10T11:26:39.9624936Z Temporarily overriding HOME='/home/runner/work/_temp/5add4fb5-5e2e-4d65-b76a-64d75ad9b6ea' before making global git config changes
2025-01-10T11:26:39.9625997Z Adding repository directory to the temporary git global config as a safe directory
2025-01-10T11:26:39.9630254Z [command]/usr/bin/git config --global --add safe.directory /home/runner/work/tardis/tardis/tardis-regression-data
2025-01-10T11:26:39.9658936Z ##[group]Initializing the repository
2025-01-10T11:26:39.9664014Z [command]/usr/bin/git init /home/runner/work/tardis/tardis/tardis-regression-data
2025-01-10T11:26:39.9699152Z hint: Using 'master' as the name for the initial branch. This default branch name
2025-01-10T11:26:39.9700385Z hint: is subject to change. To configure the initial branch name to use in all
2025-01-10T11:26:39.9701369Z hint: of your new repositories, which will suppress this warning, call:
2025-01-10T11:26:39.9701952Z hint:
2025-01-10T11:26:39.9702251Z hint: 	git config --global init.defaultBranch <name>
2025-01-10T11:26:39.9702592Z hint:
2025-01-10T11:26:39.9702946Z hint: Names commonly chosen instead of 'master' are 'main', 'trunk' and
2025-01-10T11:26:39.9703487Z hint: 'development'. The just-created branch can be renamed via this command:
2025-01-10T11:26:39.9704098Z hint:
2025-01-10T11:26:39.9704324Z hint: 	git branch -m <name>
2025-01-10T11:26:39.9704848Z Initialized empty Git repository in /home/runner/work/tardis/tardis/tardis-regression-data/.git/
2025-01-10T11:26:39.9710928Z [command]/usr/bin/git remote add origin https://github.com/tardis-sn/tardis-regression-data
2025-01-10T11:26:39.9745083Z ##[endgroup]
2025-01-10T11:26:39.9745600Z ##[group]Disabling automatic garbage collection
2025-01-10T11:26:39.9749598Z [command]/usr/bin/git config --local gc.auto 0
2025-01-10T11:26:39.9776695Z ##[endgroup]
2025-01-10T11:26:39.9777130Z ##[group]Setting up auth
2025-01-10T11:26:39.9782935Z [command]/usr/bin/git config --local --name-only --get-regexp core\.sshCommand
2025-01-10T11:26:39.9811651Z [command]/usr/bin/git submodule foreach --recursive sh -c "git config --local --name-only --get-regexp 'core\.sshCommand' && git config --local --unset-all 'core.sshCommand' || :"
2025-01-10T11:26:40.0035156Z [command]/usr/bin/git config --local --name-only --get-regexp http\.https\:\/\/github\.com\/\.extraheader
2025-01-10T11:26:40.0064586Z [command]/usr/bin/git submodule foreach --recursive sh -c "git config --local --name-only --get-regexp 'http\.https\:\/\/github\.com\/\.extraheader' && git config --local --unset-all 'http.https://github.com/.extraheader' || :"
2025-01-10T11:26:40.0293048Z [command]/usr/bin/git config --local http.https://github.com/.extraheader AUTHORIZATION: basic ***
2025-01-10T11:26:40.0327877Z ##[endgroup]
2025-01-10T11:26:40.0328786Z ##[group]Determining the default branch
2025-01-10T11:26:40.0332598Z Retrieving the default branch name
2025-01-10T11:26:40.2657821Z Default branch 'main'
2025-01-10T11:26:40.2661315Z ##[endgroup]
2025-01-10T11:26:40.2663951Z ##[group]Fetching the repository
2025-01-10T11:26:40.2669036Z [command]/usr/bin/git -c protocol.version=2 fetch --no-tags --prune --no-recurse-submodules --depth=1 origin +refs/heads/main:refs/remotes/origin/main
2025-01-10T11:26:40.7114411Z From https://github.com/tardis-sn/tardis-regression-data
2025-01-10T11:26:40.7115183Z  * [new branch]      main       -> origin/main
2025-01-10T11:26:40.7139831Z ##[endgroup]
2025-01-10T11:26:40.7140829Z ##[group]Determining the checkout info
2025-01-10T11:26:40.7142083Z ##[endgroup]
2025-01-10T11:26:40.7147722Z [command]/usr/bin/git sparse-checkout disable
2025-01-10T11:26:40.7185974Z [command]/usr/bin/git config --local --unset-all extensions.worktreeConfig
2025-01-10T11:26:40.7214566Z ##[group]Checking out the ref
2025-01-10T11:26:40.7219043Z [command]/usr/bin/git checkout --progress --force -B main refs/remotes/origin/main
2025-01-10T11:26:40.8385335Z Switched to a new branch 'main'
2025-01-10T11:26:40.8386718Z branch 'main' set up to track 'origin/main'.
2025-01-10T11:26:40.8648152Z ##[endgroup]
2025-01-10T11:26:40.8693989Z [command]/usr/bin/git log -1 --format=%H
2025-01-10T11:26:40.8717911Z 666ab8501c2b2aea30d05b8822e7ddbfca078d23
2025-01-10T11:26:40.8853648Z ##[group]Run git lfs ls-files -l | cut -d' ' -f1 | sort > .lfs-assets-id
2025-01-10T11:26:40.8854278Z [36;1mgit lfs ls-files -l | cut -d' ' -f1 | sort > .lfs-assets-id[0m
2025-01-10T11:26:40.8887116Z shell: /usr/bin/bash --noprofile --norc -e -o pipefail {0}
2025-01-10T11:26:40.8887459Z env:
2025-01-10T11:26:40.8887629Z   CACHE_NUMBER: 0
2025-01-10T11:26:40.8888259Z   PYTEST_FLAGS: --tardis-regression-data=/home/runner/work/tardis/tardis/tardis-regression-data --cov=tardis --cov-report=xml --cov-report=html --cov-append
2025-01-10T11:26:40.8888937Z   CODECOV_TOKEN: 
2025-01-10T11:26:40.8889126Z ##[endgroup]
2025-01-10T11:26:41.0344660Z ##[group]Run actions/cache/restore@v4
2025-01-10T11:26:41.0344987Z with:
2025-01-10T11:26:41.0345228Z   path: tardis-regression-data/.git/lfs
2025-01-10T11:26:41.0345764Z   key: Linux-lfs-21f9fa4b6817cc69b9fae3598144724da7828e276a73bd17f47a2a49d9af090a-v1
2025-01-10T11:26:41.0346306Z   enableCrossOsArchive: false
2025-01-10T11:26:41.0346610Z   fail-on-cache-miss: false
2025-01-10T11:26:41.0347144Z   lookup-only: false
2025-01-10T11:26:41.0347412Z env:
2025-01-10T11:26:41.0347624Z   CACHE_NUMBER: 0
2025-01-10T11:26:41.0348408Z   PYTEST_FLAGS: --tardis-regression-data=/home/runner/work/tardis/tardis/tardis-regression-data --cov=tardis --cov-report=xml --cov-report=html --cov-append
2025-01-10T11:26:41.0349249Z   CODECOV_TOKEN: 
2025-01-10T11:26:41.0349476Z ##[endgroup]
2025-01-10T11:26:42.4148151Z Received 255852544 of 1708418946 (15.0%), 243.8 MBs/sec
2025-01-10T11:26:43.4111239Z Received 616562688 of 1708418946 (36.1%), 293.9 MBs/sec
2025-01-10T11:26:44.4096137Z Received 981467136 of 1708418946 (57.4%), 311.9 MBs/sec
2025-01-10T11:26:45.4122731Z Received 1329594368 of 1708418946 (77.8%), 316.8 MBs/sec
2025-01-10T11:26:46.4116399Z Received 1648361472 of 1708418946 (96.5%), 314.3 MBs/sec
2025-01-10T11:26:46.5701234Z Cache Size: ~1629 MB (1708418946 B)
2025-01-10T11:26:46.5742522Z [command]/usr/bin/tar -xf /home/runner/work/_temp/ba4fb341-874c-43b4-93cb-3636a4e51572/cache.tzst -P -C /home/runner/work/tardis/tardis --use-compress-program unzstd
2025-01-10T11:26:47.4125687Z Received 1708418946 of 1708418946 (100.0%), 271.4 MBs/sec
2025-01-10T11:26:53.0461426Z Cache restored successfully
2025-01-10T11:26:53.3775846Z Cache restored from key: Linux-lfs-21f9fa4b6817cc69b9fae3598144724da7828e276a73bd17f47a2a49d9af090a-v1
2025-01-10T11:26:53.3968412Z ##[group]Run git lfs checkout
2025-01-10T11:26:53.3968681Z [36;1mgit lfs checkout[0m
2025-01-10T11:26:53.3995062Z shell: /usr/bin/bash --noprofile --norc -e -o pipefail {0}
2025-01-10T11:26:53.3995379Z env:
2025-01-10T11:26:53.3995549Z   CACHE_NUMBER: 0
2025-01-10T11:26:53.3996136Z   PYTEST_FLAGS: --tardis-regression-data=/home/runner/work/tardis/tardis/tardis-regression-data --cov=tardis --cov-report=xml --cov-report=html --cov-append
2025-01-10T11:26:53.3996781Z   CODECOV_TOKEN: 
2025-01-10T11:26:53.3996961Z ##[endgroup]
2025-01-10T11:27:04.9479122Z Checking out LFS objects: 100% (204/204), 3.5 GB | 337 MB/s, done.
2025-01-10T11:27:08.2622200Z Prepare all required actions
2025-01-10T11:27:08.2622560Z Getting action download info
2025-01-10T11:27:08.4163038Z Download action repository 'mamba-org/setup-micromamba@v1' (SHA:4b9113af4fba0e9e1124b252dd6497a419e7396d)
2025-01-10T11:27:08.7645490Z ##[group]Run ./.github/actions/setup_env
2025-01-10T11:27:08.7645758Z with:
2025-01-10T11:27:08.7645940Z   os-label: linux-64
2025-01-10T11:27:08.7646129Z env:
2025-01-10T11:27:08.7646285Z   CACHE_NUMBER: 0
2025-01-10T11:27:08.7646879Z   PYTEST_FLAGS: --tardis-regression-data=/home/runner/work/tardis/tardis/tardis-regression-data --cov=tardis --cov-report=xml --cov-report=html --cov-append
2025-01-10T11:27:08.7647504Z   CODECOV_TOKEN: 
2025-01-10T11:27:08.7647684Z ##[endgroup]
2025-01-10T11:27:08.7668516Z ##[group]Run file_hash=$(cat conda-linux-64.lock | shasum -a 256 | cut -d' ' -f1)
2025-01-10T11:27:08.7669001Z [36;1mfile_hash=$(cat conda-linux-64.lock | shasum -a 256 | cut -d' ' -f1)[0m
2025-01-10T11:27:08.7669443Z [36;1mecho "file_hash=$file_hash" >> "${GITHUB_OUTPUT}"[0m
2025-01-10T11:27:08.7695472Z shell: /usr/bin/bash --noprofile --norc -e -o pipefail {0}
2025-01-10T11:27:08.7695781Z env:
2025-01-10T11:27:08.7695941Z   CACHE_NUMBER: 0
2025-01-10T11:27:08.7696528Z   PYTEST_FLAGS: --tardis-regression-data=/home/runner/work/tardis/tardis/tardis-regression-data --cov=tardis --cov-report=xml --cov-report=html --cov-append
2025-01-10T11:27:08.7697165Z   CODECOV_TOKEN: 
2025-01-10T11:27:08.7697344Z ##[endgroup]
2025-01-10T11:27:08.7998905Z ##[group]Run mamba-org/setup-micromamba@v1
2025-01-10T11:27:08.7999168Z with:
2025-01-10T11:27:08.7999357Z   environment-file: conda-linux-64.lock
2025-01-10T11:27:08.7999772Z   cache-environment-key: d7cd390425b0fd3cf82649dcc003efba9915fb4928f15d342148c3ccffcbe2ee
2025-01-10T11:27:08.8000645Z   cache-downloads-key: d7cd390425b0fd3cf82649dcc003efba9915fb4928f15d342148c3ccffcbe2ee
2025-01-10T11:27:08.8001050Z   environment-name: tardis
2025-01-10T11:27:08.8001264Z   cache-environment: true
2025-01-10T11:27:08.8001496Z   cache-downloads: true
2025-01-10T11:27:08.8001898Z env:
2025-01-10T11:27:08.8002059Z   CACHE_NUMBER: 0
2025-01-10T11:27:08.8002666Z   PYTEST_FLAGS: --tardis-regression-data=/home/runner/work/tardis/tardis/tardis-regression-data --cov=tardis --cov-report=xml --cov-report=html --cov-append
2025-01-10T11:27:08.8003284Z   CODECOV_TOKEN: 
2025-01-10T11:27:08.8003462Z ##[endgroup]
2025-01-10T11:27:08.9343990Z Will download micromamba to /home/runner/micromamba-bin/micromamba
2025-01-10T11:27:08.9354786Z ##[group]Install micromamba
2025-01-10T11:27:09.3170259Z micromamba installed to /home/runner/micromamba-bin/micromamba
2025-01-10T11:27:09.3171109Z ##[endgroup]
2025-01-10T11:27:09.3171936Z Adding conda-forge to condarc channels ...
2025-01-10T11:27:09.3182044Z ##[group]Initialize micromamba for bash.
2025-01-10T11:27:09.3198283Z [command]/home/runner/micromamba-bin/micromamba shell init -s bash -r /home/runner/micromamba --log-level warning --rc-file /home/runner/work/_temp/setup-micromamba/.condarc
2025-01-10T11:27:09.3305341Z Modifying RC file "/home/runner/.bashrc"
2025-01-10T11:27:09.3306268Z Generating config for root prefix [1m"/home/runner/micromamba"[0m
2025-01-10T11:27:09.3308792Z Setting mamba executable to: [1m"/home/runner/micromamba-bin/micromamba"[0m
2025-01-10T11:27:09.3309606Z Adding (or replacing) the following in your "/home/runner/.bashrc" file
2025-01-10T11:27:09.3309901Z 
2025-01-10T11:27:09.3309993Z # >>> mamba initialize >>>
2025-01-10T11:27:09.3310478Z # !! Contents within this block are managed by 'mamba init' !!
2025-01-10T11:27:09.3310876Z export MAMBA_EXE='/home/runner/micromamba-bin/micromamba';
2025-01-10T11:27:09.3311243Z export MAMBA_ROOT_PREFIX='/home/runner/micromamba';
2025-01-10T11:27:09.3311711Z __mamba_setup="$("$MAMBA_EXE" shell hook --shell bash --root-prefix "$MAMBA_ROOT_PREFIX" 2> /dev/null)"
2025-01-10T11:27:09.3312149Z if [ $? -eq 0 ]; then
2025-01-10T11:27:09.3312346Z     eval "$__mamba_setup"
2025-01-10T11:27:09.3312595Z else
2025-01-10T11:27:09.3313457Z     alias micromamba="$MAMBA_EXE"  # Fallback on help from mamba activate
2025-01-10T11:27:09.3314129Z fi
2025-01-10T11:27:09.3314432Z unset __mamba_setup
2025-01-10T11:27:09.3314777Z # <<< mamba initialize <<<
2025-01-10T11:27:09.3315046Z 
2025-01-10T11:27:09.3324108Z Moving mamba initialize block to .bash_profile
2025-01-10T11:27:09.3336122Z ##[endgroup]
2025-01-10T11:27:09.3337313Z ##[group]Restoring downloads from `/home/runner/micromamba/pkgs` ...
2025-01-10T11:27:10.5392934Z Received 234881024 of 356800233 (65.8%), 222.7 MBs/sec
2025-01-10T11:27:10.9365811Z Cache Size: ~340 MB (356800233 B)
2025-01-10T11:27:10.9427061Z [command]/usr/bin/tar -xf /home/runner/work/_temp/a2f3fb96-fda0-4c3d-b0b5-5e95df47b5b2/cache.tzst -P -C /home/runner/work/tardis/tardis --use-compress-program unzstd
2025-01-10T11:27:11.4041036Z Cache restored successfully
2025-01-10T11:27:11.4794173Z Restored cache with key `d7cd390425b0fd3cf82649dcc003efba9915fb4928f15d342148c3ccffcbe2ee-linux-64`
2025-01-10T11:27:11.4795517Z ##[endgroup]
2025-01-10T11:27:11.4806954Z ##[group]Restoring environment `tardis` from `/home/runner/micromamba/envs/tardis` ...
2025-01-10T11:27:11.5401420Z Received 356800233 of 356800233 (100.0%), 169.5 MBs/sec
2025-01-10T11:27:12.6062765Z Received 239075328 of 444592193 (53.8%), 227.8 MBs/sec
2025-01-10T11:27:13.2253701Z Cache Size: ~424 MB (444592193 B)
2025-01-10T11:27:13.2291268Z [command]/usr/bin/tar -xf /home/runner/work/_temp/5fcbe0bc-882b-40ff-b541-120d20a0a00a/cache.tzst -P -C /home/runner/work/tardis/tardis --use-compress-program unzstd
2025-01-10T11:27:13.6077200Z Received 444592193 of 444592193 (100.0%), 211.8 MBs/sec
2025-01-10T11:27:18.4563891Z Cache restored successfully
2025-01-10T11:27:18.5582277Z Restored cache with key `d7cd390425b0fd3cf82649dcc003efba9915fb4928f15d342148c3ccffcbe2ee-linux-64-tardis-args-4f53cda-root-dcc80ee-bin-[object Promise]-file-d7cd390425b0fd3cf82649dcc003efba9915fb4928f15d342148c3ccffcbe2ee`
2025-01-10T11:27:18.5583962Z ##[endgroup]
2025-01-10T11:27:18.5584235Z Adding environment tardis to auto-activate bash ...
2025-01-10T11:27:18.5593966Z Generating micromamba run shell.
2025-01-10T11:27:18.5605035Z ##[endgroup]
2025-01-10T11:27:18.5609279Z Set environment variables.
2025-01-10T11:27:18.5613389Z ##[group]micromamba info
2025-01-10T11:27:18.5616827Z [command]/home/runner/micromamba-bin/micromamba info -r /home/runner/micromamba -n tardis
2025-01-10T11:27:18.5844699Z 
2025-01-10T11:27:18.5845104Z        libmamba version : 1.5.10
2025-01-10T11:27:18.5845526Z      micromamba version : 1.5.10
2025-01-10T11:27:18.5846210Z            curl version : libcurl/8.10.1 OpenSSL/3.3.2 zlib/1.3.1 zstd/1.5.6 libssh2/1.11.0 nghttp2/1.58.0
2025-01-10T11:27:18.5847165Z      libarchive version : libarchive 3.7.4 zlib/1.2.13 bz2lib/1.0.8 libzstd/1.5.6
2025-01-10T11:27:18.5847891Z        envs directories : /home/runner/micromamba/envs
2025-01-10T11:27:18.5848476Z           package cache : /home/runner/micromamba/pkgs
2025-01-10T11:27:18.5849007Z                           /home/runner/.mamba/pkgs
2025-01-10T11:27:18.5849454Z             environment : tardis
2025-01-10T11:27:18.5849935Z            env location : /home/runner/micromamba/envs/tardis
2025-01-10T11:27:18.5850648Z       user config files : /home/runner/.mambarc
2025-01-10T11:27:18.5851291Z  populated config files : /home/runner/work/_temp/setup-micromamba/.condarc
2025-01-10T11:27:18.5851861Z        virtual packages : __unix=0=0
2025-01-10T11:27:18.5852116Z                           __linux=6.8.0=0
2025-01-10T11:27:18.5852357Z                           __glibc=2.39=0
2025-01-10T11:27:18.5852606Z                           __archspec=1=x86_64_v3
2025-01-10T11:27:18.5852952Z                channels : https://conda.anaconda.org/conda-forge/linux-64
2025-01-10T11:27:18.5853343Z                           https://conda.anaconda.org/conda-forge/noarch
2025-01-10T11:27:18.5853660Z        base environment : /home/runner/micromamba
2025-01-10T11:27:18.5853934Z                platform : linux-64
2025-01-10T11:27:18.5861794Z ##[endgroup]
2025-01-10T11:27:18.5862522Z ##[group]micromamba list
2025-01-10T11:27:18.5863212Z [command]/home/runner/micromamba-bin/micromamba list -r /home/runner/micromamba -n tardis
2025-01-10T11:27:18.9741342Z List of packages in environment: "/home/runner/micromamba/envs/tardis"
2025-01-10T11:27:18.9742045Z 
2025-01-10T11:27:18.9742452Z   Name                           Version              Build                    Channel    
2025-01-10T11:27:18.9743792Z â”€â”€â”€â”€â”€â”€â”€â”€â”€â”€â”€â”€â”€â”€â”€â”€â”€â”€â”€â”€â”€â”€â”€â”€â”€â”€â”€â”€â”€â”€â”€â”€â”€â”€â”€â”€â”€â”€â”€â”€â”€â”€â”€â”€â”€â”€â”€â”€â”€â”€â”€â”€â”€â”€â”€â”€â”€â”€â”€â”€â”€â”€â”€â”€â”€â”€â”€â”€â”€â”€â”€â”€â”€â”€â”€â”€â”€â”€â”€â”€â”€â”€â”€â”€â”€â”€â”€â”€â”€â”€â”€â”€
2025-01-10T11:27:18.9744693Z   _libgcc_mutex                  0.1                  conda_forge              conda-forge
2025-01-10T11:27:18.9745252Z   _openmp_mutex                  4.5                  2_gnu                    conda-forge
2025-01-10T11:27:18.9745815Z   alabaster                      0.7.16               pyhd8ed1ab_0             conda-forge
2025-01-10T11:27:18.9746342Z   anyio                          4.4.0                pyhd8ed1ab_0             conda-forge
2025-01-10T11:27:18.9746921Z   argon2-cffi                    23.1.0               pyhd8ed1ab_0             conda-forge
2025-01-10T11:27:18.9747550Z   argon2-cffi-bindings           21.2.0               py312h98912ed_4          conda-forge
2025-01-10T11:27:18.9748096Z   arrow                          1.3.0                pyhd8ed1ab_0             conda-forge
2025-01-10T11:27:18.9748576Z   astropy                        6.1.1                py312h085067d_0          conda-forge
2025-01-10T11:27:18.9749135Z   astropy-iers-data              0.2024.6.17.0.31.35  pyhd8ed1ab_0             conda-forge
2025-01-10T11:27:18.9749756Z   astropy-sphinx-theme           1.1                  pyhd8ed1ab_0             conda-forge
2025-01-10T11:27:18.9750488Z   asttokens                      2.4.1                pyhd8ed1ab_0             conda-forge
2025-01-10T11:27:18.9751046Z   async-lru                      2.0.4                pyhd8ed1ab_0             conda-forge
2025-01-10T11:27:18.9751505Z   atk-1.0                        2.38.0               h04ea711_2               conda-forge
2025-01-10T11:27:18.9752216Z   attrs                          23.2.0               pyh71513ae_0             conda-forge
2025-01-10T11:27:18.9752546Z   babel                          2.14.0               pyhd8ed1ab_0             conda-forge
2025-01-10T11:27:18.9752907Z   beautifulsoup4                 4.12.3               pyha770c72_0             conda-forge
2025-01-10T11:27:18.9753268Z   bleach                         6.1.0                pyhd8ed1ab_0             conda-forge
2025-01-10T11:27:18.9753632Z   blosc                          1.21.5               hc2324a3_1               conda-forge
2025-01-10T11:27:18.9753981Z   brotli                         1.1.0                hd590300_1               conda-forge
2025-01-10T11:27:18.9754322Z   brotli-bin                     1.1.0                hd590300_1               conda-forge
2025-01-10T11:27:18.9754699Z   brotli-python                  1.1.0                py312h30efb56_1          conda-forge
2025-01-10T11:27:18.9755057Z   bzip2                          1.0.8                hd590300_5               conda-forge
2025-01-10T11:27:18.9755384Z   c-ares                         1.28.1               hd590300_0               conda-forge
2025-01-10T11:27:18.9755710Z   c-blosc2                       2.14.4               hb4ffafa_1               conda-forge
2025-01-10T11:27:18.9756079Z   ca-certificates                2024.6.2             hbcca054_0               conda-forge
2025-01-10T11:27:18.9756473Z   cached-property                1.5.2                hd8ed1ab_1               conda-forge
2025-01-10T11:27:18.9756855Z   cached_property                1.5.2                pyha770c72_1             conda-forge
2025-01-10T11:27:18.9757203Z   cairo                          1.18.0               h3faef2a_0               conda-forge
2025-01-10T11:27:18.9757540Z   certifi                        2024.6.2             pyhd8ed1ab_0             conda-forge
2025-01-10T11:27:18.9758030Z   cffi                           1.16.0               py312hf06ca03_0          conda-forge
2025-01-10T11:27:18.9758419Z   charset-normalizer             3.3.2                pyhd8ed1ab_0             conda-forge
2025-01-10T11:27:18.9758792Z   click                          8.1.7                unix_pyh707e725_0        conda-forge
2025-01-10T11:27:18.9759133Z   codespell                      2.3.0                pyhd8ed1ab_0             conda-forge
2025-01-10T11:27:18.9759482Z   colorama                       0.4.6                pyhd8ed1ab_0             conda-forge
2025-01-10T11:27:18.9759812Z   comm                           0.2.2                pyhd8ed1ab_0             conda-forge
2025-01-10T11:27:18.9760347Z   commonmark                     0.9.1                py_0                     conda-forge
2025-01-10T11:27:18.9760726Z   contourpy                      1.2.1                py312h8572e83_0          conda-forge
2025-01-10T11:27:18.9761080Z   coverage                       7.5.3                py312h9a8786e_0          conda-forge
2025-01-10T11:27:18.9761428Z   cycler                         0.12.1               pyhd8ed1ab_0             conda-forge
2025-01-10T11:27:18.9761786Z   dataclasses                    0.8                  pyhc8e2a94_3             conda-forge
2025-01-10T11:27:18.9762139Z   debugpy                        1.8.1                py312h30efb56_0          conda-forge
2025-01-10T11:27:18.9762487Z   decorator                      5.1.1                pyhd8ed1ab_0             conda-forge
2025-01-10T11:27:18.9762840Z   defusedxml                     0.7.1                pyhd8ed1ab_0             conda-forge
2025-01-10T11:27:18.9763194Z   docutils                       0.20.1               py312h7900ff3_3          conda-forge
2025-01-10T11:27:18.9763544Z   dot2tex                        2.11.3               pyhd8ed1ab_0             conda-forge
2025-01-10T11:27:18.9763897Z   entrypoints                    0.4                  pyhd8ed1ab_0             conda-forge
2025-01-10T11:27:18.9764275Z   exceptiongroup                 1.2.0                pyhd8ed1ab_2             conda-forge
2025-01-10T11:27:18.9764770Z   executing                      2.0.1                pyhd8ed1ab_0             conda-forge
2025-01-10T11:27:18.9765102Z   expat                          2.6.2                h59595ed_0               conda-forge
2025-01-10T11:27:18.9765504Z   font-ttf-dejavu-sans-mono      2.37                 hab24e00_0               conda-forge
2025-01-10T11:27:18.9766059Z   font-ttf-inconsolata           3.000                h77eed37_0               conda-forge
2025-01-10T11:27:18.9766611Z   font-ttf-source-code-pro       2.038                h77eed37_0               conda-forge
2025-01-10T11:27:18.9767252Z   font-ttf-ubuntu                0.83                 h77eed37_2               conda-forge
2025-01-10T11:27:18.9767742Z   fontconfig                     2.14.2               h14ed4e7_0               conda-forge
2025-01-10T11:27:18.9768217Z   fonts-conda-ecosystem          1                    0                        conda-forge
2025-01-10T11:27:18.9768753Z   fonts-conda-forge              1                    0                        conda-forge
2025-01-10T11:27:18.9769246Z   fonttools                      4.53.0               py312h9a8786e_0          conda-forge
2025-01-10T11:27:18.9769658Z   fqdn                           1.5.1                pyhd8ed1ab_0             conda-forge
2025-01-10T11:27:18.9770332Z   freetype                       2.12.1               h267a509_2               conda-forge
2025-01-10T11:27:18.9770806Z   fribidi                        1.0.10               h36c2ea0_0               conda-forge
2025-01-10T11:27:18.9771284Z   future                         1.0.0                pyhd8ed1ab_0             conda-forge
2025-01-10T11:27:18.9772078Z   gdk-pixbuf                     2.42.12              hb9ae30d_0               conda-forge
2025-01-10T11:27:18.9841947Z   giflib                         5.2.2                hd590300_0               conda-forge
2025-01-10T11:27:18.9843010Z   git-lfs                        3.5.1                ha770c72_0               conda-forge
2025-01-10T11:27:18.9843579Z   gmp                            6.3.0                h59595ed_1               conda-forge
2025-01-10T11:27:18.9844105Z   gmpy2                          2.1.5                py312h1d5cde6_1          conda-forge
2025-01-10T11:27:18.9844643Z   graphite2                      1.3.13               h59595ed_1003            conda-forge
2025-01-10T11:27:18.9845183Z   graphviz                       11.0.0               hc68bbd7_0               conda-forge
2025-01-10T11:27:18.9845708Z   gtk2                           2.24.33              h280cfa0_4               conda-forge
2025-01-10T11:27:18.9846236Z   gts                            0.7.6                h977cf35_4               conda-forge
2025-01-10T11:27:18.9846764Z   h11                            0.14.0               pyhd8ed1ab_0             conda-forge
2025-01-10T11:27:18.9847306Z   h2                             4.1.0                pyhd8ed1ab_0             conda-forge
2025-01-10T11:27:18.9847898Z   h5py                           3.11.0               nompi_py312hb7ab980_102  conda-forge
2025-01-10T11:27:18.9848517Z   harfbuzz                       8.5.0                hfac3d4d_0               conda-forge
2025-01-10T11:27:18.9849121Z   hdf5                           1.14.3               nompi_hdf9ad27_105       conda-forge
2025-01-10T11:27:18.9849724Z   hpack                          4.0.0                pyh9f0ad1d_0             conda-forge
2025-01-10T11:27:18.9850542Z   httpcore                       1.0.5                pyhd8ed1ab_0             conda-forge
2025-01-10T11:27:18.9851190Z   httpx                          0.27.0               pyhd8ed1ab_0             conda-forge
2025-01-10T11:27:18.9851822Z   hyperframe                     6.0.1                pyhd8ed1ab_0             conda-forge
2025-01-10T11:27:18.9852392Z   icu                            73.2                 h59595ed_0               conda-forge
2025-01-10T11:27:18.9852748Z   idna                           3.7                  pyhd8ed1ab_0             conda-forge
2025-01-10T11:27:18.9853343Z   imagesize                      1.4.1                pyhd8ed1ab_0             conda-forge
2025-01-10T11:27:18.9853737Z   importlib-metadata             7.1.0                pyha770c72_0             conda-forge
2025-01-10T11:27:18.9854141Z   importlib_metadata             7.1.0                hd8ed1ab_0               conda-forge
2025-01-10T11:27:18.9854546Z   importlib_resources            6.4.0                pyhd8ed1ab_0             conda-forge
2025-01-10T11:27:18.9854936Z   iniconfig                      2.0.0                pyhd8ed1ab_0             conda-forge
2025-01-10T11:27:18.9855292Z   ipykernel                      6.29.4               pyh3099207_0             conda-forge
2025-01-10T11:27:18.9855631Z   ipython                        8.25.0               pyh707e725_0             conda-forge
2025-01-10T11:27:18.9855990Z   ipython_genutils               0.2.0                pyhd8ed1ab_1             conda-forge
2025-01-10T11:27:18.9856359Z   ipywidgets                     7.8.0                pyhd8ed1ab_0             conda-forge
2025-01-10T11:27:18.9856720Z   isoduration                    20.11.0              pyhd8ed1ab_0             conda-forge
2025-01-10T11:27:18.9857070Z   jedi                           0.19.1               pyhd8ed1ab_0             conda-forge
2025-01-10T11:27:18.9857414Z   jinja2                         3.1.4                pyhd8ed1ab_0             conda-forge
2025-01-10T11:27:18.9857751Z   json5                          0.9.25               pyhd8ed1ab_0             conda-forge
2025-01-10T11:27:18.9858098Z   jsonpointer                    3.0.0                py312h7900ff3_0          conda-forge
2025-01-10T11:27:18.9858457Z   jsonschema                     4.22.0               pyhd8ed1ab_0             conda-forge
2025-01-10T11:27:18.9858875Z   jsonschema-specifications      2023.12.1            pyhd8ed1ab_0             conda-forge
2025-01-10T11:27:18.9859473Z   jsonschema-with-format-nongpl  4.22.0               pyhd8ed1ab_0             conda-forge
2025-01-10T11:27:18.9859914Z   jupyter-lsp                    2.2.5                pyhd8ed1ab_0             conda-forge
2025-01-10T11:27:18.9860480Z   jupyter_client                 8.6.2                pyhd8ed1ab_0             conda-forge
2025-01-10T11:27:18.9860842Z   jupyter_core                   5.7.2                py312h7900ff3_0          conda-forge
2025-01-10T11:27:18.9861205Z   jupyter_events                 0.10.0               pyhd8ed1ab_0             conda-forge
2025-01-10T11:27:18.9861579Z   jupyter_server                 2.14.1               pyhd8ed1ab_0             conda-forge
2025-01-10T11:27:18.9861975Z   jupyter_server_terminals       0.5.3                pyhd8ed1ab_0             conda-forge
2025-01-10T11:27:18.9862378Z   jupyterlab                     4.2.2                pyhd8ed1ab_0             conda-forge
2025-01-10T11:27:18.9862755Z   jupyterlab_pygments            0.3.0                pyhd8ed1ab_1             conda-forge
2025-01-10T11:27:18.9863159Z   jupyterlab_server              2.27.2               pyhd8ed1ab_0             conda-forge
2025-01-10T11:27:18.9863578Z   jupyterlab_widgets             1.1.7                pyhd8ed1ab_0             conda-forge
2025-01-10T11:27:18.9863954Z   keyutils                       1.6.1                h166bdaf_0               conda-forge
2025-01-10T11:27:18.9864304Z   kiwisolver                     1.4.5                py312h8572e83_1          conda-forge
2025-01-10T11:27:18.9864638Z   krb5                           1.21.2               h659d440_0               conda-forge
2025-01-10T11:27:18.9864967Z   latexcodec                     2.0.1                pyh9f0ad1d_0             conda-forge
2025-01-10T11:27:18.9865308Z   lcms2                          2.16                 hb7c19ff_0               conda-forge
2025-01-10T11:27:18.9865644Z   ld_impl_linux-64               2.40                 hf3520f5_7               conda-forge
2025-01-10T11:27:18.9865969Z   lerc                           4.0.0                h27087fc_0               conda-forge
2025-01-10T11:27:18.9866284Z   libaec                         1.1.3                h59595ed_0               conda-forge
2025-01-10T11:27:18.9866754Z   libblas                        3.9.0                22_linux64_openblas      conda-forge
2025-01-10T11:27:18.9867118Z   libbrotlicommon                1.1.0                hd590300_1               conda-forge
2025-01-10T11:27:18.9867491Z   libbrotlidec                   1.1.0                hd590300_1               conda-forge
2025-01-10T11:27:18.9867847Z   libbrotlienc                   1.1.0                hd590300_1               conda-forge
2025-01-10T11:27:18.9868200Z   libcblas                       3.9.0                22_linux64_openblas      conda-forge
2025-01-10T11:27:18.9868540Z   libcurl                        8.8.0                hca28451_0               conda-forge
2025-01-10T11:27:18.9868875Z   libdeflate                     1.20                 hd590300_0               conda-forge
2025-01-10T11:27:18.9869229Z   libedit                        3.1.20191231         he28a2e2_2               conda-forge
2025-01-10T11:27:18.9869573Z   libev                          4.33                 hd590300_2               conda-forge
2025-01-10T11:27:18.9869905Z   libexpat                       2.6.2                h59595ed_0               conda-forge
2025-01-10T11:27:18.9870463Z   libffi                         3.4.2                h7f98852_5               conda-forge
2025-01-10T11:27:18.9870801Z   libgcc-ng                      13.2.0               h77fa898_10              conda-forge
2025-01-10T11:27:18.9871126Z   libgd                          2.3.3                h119a65a_9               conda-forge
2025-01-10T11:27:18.9871472Z   libgfortran-ng                 13.2.0               h69a702a_10              conda-forge
2025-01-10T11:27:18.9871842Z   libgfortran5                   13.2.0               h3d2ce59_10              conda-forge
2025-01-10T11:27:18.9872190Z   libglib                        2.80.2               h8a4344b_1               conda-forge
2025-01-10T11:27:18.9872649Z   libgomp                        13.2.0               h77fa898_10              conda-forge
2025-01-10T11:27:18.9872997Z   libiconv                       1.17                 hd590300_2               conda-forge
2025-01-10T11:27:18.9873347Z   libjpeg-turbo                  3.0.0                hd590300_1               conda-forge
2025-01-10T11:27:18.9873712Z   liblapack                      3.9.0                22_linux64_openblas      conda-forge
2025-01-10T11:27:18.9874063Z   libllvm14                      14.0.6               hcd5def8_4               conda-forge
2025-01-10T11:27:18.9874418Z   libnghttp2                     1.58.0               h47da74e_1               conda-forge
2025-01-10T11:27:18.9874756Z   libnsl                         2.0.1                hd590300_0               conda-forge
2025-01-10T11:27:18.9875112Z   libopenblas                    0.3.27               pthreads_h413a1c8_0      conda-forge
2025-01-10T11:27:18.9875466Z   libpng                         1.6.43               h2797004_0               conda-forge
2025-01-10T11:27:18.9875799Z   librsvg                        2.58.1               hadf69e7_0               conda-forge
2025-01-10T11:27:18.9876139Z   libsodium                      1.0.18               h36c2ea0_1               conda-forge
2025-01-10T11:27:18.9876485Z   libsqlite                      3.46.0               hde9e2c9_0               conda-forge
2025-01-10T11:27:18.9876823Z   libssh2                        1.11.0               h0841786_0               conda-forge
2025-01-10T11:27:18.9877175Z   libstdcxx-ng                   13.2.0               hc0a3c3a_10              conda-forge
2025-01-10T11:27:18.9877520Z   libtiff                        4.6.0                h1dd3fc0_3               conda-forge
2025-01-10T11:27:18.9877865Z   libuuid                        2.38.1               h0b41bf4_0               conda-forge
2025-01-10T11:27:18.9878194Z   libwebp                        1.4.0                h2c329e2_0               conda-forge
2025-01-10T11:27:18.9878539Z   libwebp-base                   1.4.0                hd590300_0               conda-forge
2025-01-10T11:27:18.9879008Z   libxcb                         1.15                 h0b41bf4_0               conda-forge
2025-01-10T11:27:18.9879342Z   libxcrypt                      4.4.36               hd590300_1               conda-forge
2025-01-10T11:27:18.9879676Z   libxml2                        2.12.7               hc051c1a_1               conda-forge
2025-01-10T11:27:18.9880002Z   libxslt                        1.1.39               h76b75d6_0               conda-forge
2025-01-10T11:27:18.9880498Z   libzlib                        1.3.1                h4ab18f5_1               conda-forge
2025-01-10T11:27:18.9880839Z   llvmlite                       0.42.0               py312hb06c811_1          conda-forge
2025-01-10T11:27:18.9881168Z   lxml                           5.2.2                py312hb90d8a5_0          conda-forge
2025-01-10T11:27:18.9881487Z   lz4-c                          1.9.4                hcb278e6_0               conda-forge
2025-01-10T11:27:18.9881797Z   lzo                            2.10                 hd590300_1001            conda-forge
2025-01-10T11:27:18.9882128Z   markupsafe                     2.1.5                py312h98912ed_0          conda-forge
2025-01-10T11:27:18.9882500Z   matplotlib-base                3.8.4                py312h20ab3a6_2          conda-forge
2025-01-10T11:27:18.9882894Z   matplotlib-inline              0.1.7                pyhd8ed1ab_0             conda-forge
2025-01-10T11:27:18.9883264Z   mistune                        3.0.2                pyhd8ed1ab_0             conda-forge
2025-01-10T11:27:18.9883645Z   mpc                            1.3.1                hfe3b2da_0               conda-forge
2025-01-10T11:27:18.9884237Z   mpfr                           4.2.1                h9458935_1               conda-forge
2025-01-10T11:27:18.9884815Z   mpmath                         1.3.0                pyhd8ed1ab_0             conda-forge
2025-01-10T11:27:18.9885566Z   munkres                        1.1.4                pyh9f0ad1d_0             conda-forge
2025-01-10T11:27:18.9886156Z   mypy_extensions                1.0.0                pyha770c72_0             conda-forge
2025-01-10T11:27:18.9886534Z   nbclassic                      1.1.0                pyhd8ed1ab_0             conda-forge
2025-01-10T11:27:18.9886886Z   nbclient                       0.10.0               pyhd8ed1ab_0             conda-forge
2025-01-10T11:27:18.9887233Z   nbconvert                      7.16.4               hd8ed1ab_1               conda-forge
2025-01-10T11:27:18.9887607Z   nbconvert-core                 7.16.4               pyhd8ed1ab_1             conda-forge
2025-01-10T11:27:18.9887999Z   nbconvert-pandoc               7.16.4               hd8ed1ab_1               conda-forge
2025-01-10T11:27:18.9888376Z   nbformat                       5.10.4               pyhd8ed1ab_0             conda-forge
2025-01-10T11:27:18.9888729Z   nbsphinx                       0.9.4                pyhd8ed1ab_0             conda-forge
2025-01-10T11:27:18.9889075Z   ncurses                        6.5                  h59595ed_0               conda-forge
2025-01-10T11:27:18.9889423Z   nest-asyncio                   1.6.0                pyhd8ed1ab_0             conda-forge
2025-01-10T11:27:18.9889777Z   networkx                       3.3                  pyhd8ed1ab_1             conda-forge
2025-01-10T11:27:18.9890281Z   nomkl                          1.0                  h5ca1d4c_0               conda-forge
2025-01-10T11:27:18.9890719Z   notebook                       7.2.1                pyhd8ed1ab_0             conda-forge
2025-01-10T11:27:18.9891093Z   notebook-shim                  0.2.4                pyhd8ed1ab_0             conda-forge
2025-01-10T11:27:18.9891446Z   numba                          0.59.1               py312hacefee8_0          conda-forge
2025-01-10T11:27:18.9891787Z   numexpr                        2.10.0               py312hf412c99_100        conda-forge
2025-01-10T11:27:18.9892125Z   numpy                          1.26.4               py312heda63a1_0          conda-forge
2025-01-10T11:27:18.9892623Z   numpydoc                       1.7.0                pyhd8ed1ab_1             conda-forge
2025-01-10T11:27:18.9892972Z   openjpeg                       2.5.2                h488ebb8_0               conda-forge
2025-01-10T11:27:18.9893310Z   openssl                        3.3.1                h4ab18f5_0               conda-forge
2025-01-10T11:27:18.9893655Z   overrides                      7.7.0                pyhd8ed1ab_0             conda-forge
2025-01-10T11:27:18.9894011Z   packaging                      24.1                 pyhd8ed1ab_0             conda-forge
2025-01-10T11:27:18.9894355Z   pandas                         2.2.2                py312h1d6d2e6_1          conda-forge
2025-01-10T11:27:18.9894697Z   pandoc                         3.2                  ha770c72_0               conda-forge
2025-01-10T11:27:18.9895061Z   pandocfilters                  1.5.0                pyhd8ed1ab_0             conda-forge
2025-01-10T11:27:18.9895421Z   pango                          1.54.0               h84a9a3c_0               conda-forge
2025-01-10T11:27:18.9895744Z   parso                          0.8.4                pyhd8ed1ab_0             conda-forge
2025-01-10T11:27:18.9896083Z   pathspec                       0.12.1               pyhd8ed1ab_0             conda-forge
2025-01-10T11:27:18.9896420Z   pbr                            6.0.0                pyhd8ed1ab_0             conda-forge
2025-01-10T11:27:18.9896739Z   pcre2                          10.44                h0f59acf_0               conda-forge
2025-01-10T11:27:18.9897070Z   pexpect                        4.9.0                pyhd8ed1ab_0             conda-forge
2025-01-10T11:27:18.9897420Z   pickleshare                    0.7.5                py_1003                  conda-forge
2025-01-10T11:27:18.9897771Z   pillow                         10.3.0               py312hdcec9eb_0          conda-forge
2025-01-10T11:27:18.9898213Z   pip                            24.0                 pyhd8ed1ab_0             conda-forge
2025-01-10T11:27:18.9898537Z   pixman                         0.43.2               h59595ed_0               conda-forge
2025-01-10T11:27:18.9898907Z   pkgutil-resolve-name           1.3.10               pyhd8ed1ab_1             conda-forge
2025-01-10T11:27:18.9899309Z   platformdirs                   4.2.2                pyhd8ed1ab_0             conda-forge
2025-01-10T11:27:18.9899659Z   plotly                         5.22.0               pyhd8ed1ab_0             conda-forge
2025-01-10T11:27:18.9899987Z   pluggy                         1.5.0                pyhd8ed1ab_0             conda-forge
2025-01-10T11:27:18.9900754Z   prometheus_client              0.20.0               pyhd8ed1ab_0             conda-forge
2025-01-10T11:27:18.9901215Z   prompt-toolkit                 3.0.47               pyha770c72_0             conda-forge
2025-01-10T11:27:18.9901584Z   psutil                         5.9.8                py312h98912ed_0          conda-forge
2025-01-10T11:27:18.9901939Z   pthread-stubs                  0.4                  h36c2ea0_1001            conda-forge
2025-01-10T11:27:18.9902302Z   ptyprocess                     0.7.0                pyhd3deb0d_0             conda-forge
2025-01-10T11:27:18.9902652Z   pure_eval                      0.2.2                pyhd8ed1ab_0             conda-forge
2025-01-10T11:27:18.9902996Z   py-cpuinfo                     9.0.0                pyhd8ed1ab_0             conda-forge
2025-01-10T11:27:18.9903341Z   pybtex                         0.24.0               pyhd8ed1ab_2             conda-forge
2025-01-10T11:27:18.9903707Z   pybtex-docutils                1.0.3                py312h7900ff3_1          conda-forge
2025-01-10T11:27:18.9904078Z   pycparser                      2.22                 pyhd8ed1ab_0             conda-forge
2025-01-10T11:27:18.9904423Z   pyerfa                         2.0.1.4              py312h085067d_1          conda-forge
2025-01-10T11:27:18.9904779Z   pygments                       2.18.0               pyhd8ed1ab_0             conda-forge
2025-01-10T11:27:18.9905276Z   pygraphviz                     1.13                 py312h4a1d8a7_1          conda-forge
2025-01-10T11:27:18.9905636Z   pyparsing                      3.1.2                pyhd8ed1ab_0             conda-forge
2025-01-10T11:27:18.9905984Z   pysocks                        1.7.1                pyha2e5f31_6             conda-forge
2025-01-10T11:27:18.9906327Z   pytables                       3.9.2                py312h96d95ec_2          conda-forge
2025-01-10T11:27:18.9906667Z   pytest                         8.2.2                pyhd8ed1ab_0             conda-forge
2025-01-10T11:27:18.9907013Z   pytest-cov                     5.0.0                pyhd8ed1ab_0             conda-forge
2025-01-10T11:27:18.9907396Z   pytest-doctestplus             1.2.1                pyhd8ed1ab_0             conda-forge
2025-01-10T11:27:18.9907790Z   pytest-html                    4.1.1                pyhd8ed1ab_0             conda-forge
2025-01-10T11:27:18.9908174Z   pytest-metadata                3.1.1                pyhd8ed1ab_0             conda-forge
2025-01-10T11:27:18.9908535Z   python                         3.12.4               h194c7f8_0_cpython       conda-forge
2025-01-10T11:27:18.9908896Z   python-dateutil                2.9.0                pyhd8ed1ab_0             conda-forge
2025-01-10T11:27:18.9909311Z   python-fastjsonschema          2.20.0               pyhd8ed1ab_0             conda-forge
2025-01-10T11:27:18.9909739Z   python-json-logger             2.0.7                pyhd8ed1ab_0             conda-forge
2025-01-10T11:27:18.9910349Z   python-tzdata                  2024.1               pyhd8ed1ab_0             conda-forge
2025-01-10T11:27:18.9910748Z   python_abi                     3.12                 4_cp312                  conda-forge
2025-01-10T11:27:18.9911087Z   pytz                           2024.1               pyhd8ed1ab_0             conda-forge
2025-01-10T11:27:18.9911534Z   pyyaml                         6.0.1                py312h98912ed_1          conda-forge
2025-01-10T11:27:18.9911873Z   pyzmq                          26.0.3               py312h8fd38d8_0          conda-forge
2025-01-10T11:27:18.9912202Z   qgrid                          1.3.1                pyhd8ed1ab_4             conda-forge
2025-01-10T11:27:18.9912572Z   radioactivedecay               0.5.1                pyhd8ed1ab_0             conda-forge
2025-01-10T11:27:18.9912948Z   readline                       8.2                  h8228510_1               conda-forge
2025-01-10T11:27:18.9913304Z   recommonmark                   0.7.1                pyhd8ed1ab_0             conda-forge
2025-01-10T11:27:18.9913677Z   referencing                    0.35.1               pyhd8ed1ab_0             conda-forge
2025-01-10T11:27:18.9914033Z   requests                       2.32.3               pyhd8ed1ab_0             conda-forge
2025-01-10T11:27:18.9914408Z   rfc3339-validator              0.1.4                pyhd8ed1ab_0             conda-forge
2025-01-10T11:27:18.9914810Z   rfc3986-validator              0.1.1                pyh9f0ad1d_0             conda-forge
2025-01-10T11:27:18.9915192Z   rpds-py                        0.18.1               py312h4413252_0          conda-forge
2025-01-10T11:27:18.9915555Z   ruff                           0.4.9                py312h5715c7c_0          conda-forge
2025-01-10T11:27:18.9915878Z   scipy                          1.13.1               py312hc2bc53b_0          conda-forge
2025-01-10T11:27:18.9916220Z   send2trash                     1.8.3                pyh0d859eb_0             conda-forge
2025-01-10T11:27:18.9916578Z   setuptools                     70.0.0               pyhd8ed1ab_0             conda-forge
2025-01-10T11:27:18.9916946Z   setuptools-scm                 8.1.0                pyhd8ed1ab_0             conda-forge
2025-01-10T11:27:18.9917315Z   setuptools_scm                 8.1.0                hd8ed1ab_0               conda-forge
2025-01-10T11:27:18.9917661Z   six                            1.16.0               pyh6c4a22f_0             conda-forge
2025-01-10T11:27:18.9918110Z   snakeviz                       2.2.0                pyhd8ed1ab_0             conda-forge
2025-01-10T11:27:18.9918444Z   snappy                         1.2.0                hdb0a2a9_1               conda-forge
2025-01-10T11:27:18.9918780Z   sniffio                        1.3.1                pyhd8ed1ab_0             conda-forge
2025-01-10T11:27:18.9919149Z   snowballstemmer                2.2.0                pyhd8ed1ab_0             conda-forge
2025-01-10T11:27:18.9919518Z   soupsieve                      2.5                  pyhd8ed1ab_1             conda-forge
2025-01-10T11:27:18.9919859Z   sphinx                         7.3.7                pyhd8ed1ab_0             conda-forge
2025-01-10T11:27:18.9920527Z   sphinx-astropy                 1.9.1                pyhd8ed1ab_0             conda-forge
2025-01-10T11:27:18.9920931Z   sphinx-automodapi              0.17.0               pyh717bed2_1             conda-forge
2025-01-10T11:27:18.9921330Z   sphinx-gallery                 0.16.0               pyhd8ed1ab_0             conda-forge
2025-01-10T11:27:18.9921734Z   sphinx-jsonschema              1.19.1               pyhd8ed1ab_0             conda-forge
2025-01-10T11:27:18.9922152Z   sphinx_bootstrap_theme         0.8.1                pyhd8ed1ab_0             conda-forge
2025-01-10T11:27:18.9922563Z   sphinx_rtd_theme               2.0.0                pyha770c72_0             conda-forge
2025-01-10T11:27:18.9922964Z   sphinxcontrib-apidoc           0.3.0                py_1                     conda-forge
2025-01-10T11:27:18.9923402Z   sphinxcontrib-applehelp        1.0.8                pyhd8ed1ab_0             conda-forge
2025-01-10T11:27:18.9923835Z   sphinxcontrib-bibtex           2.6.2                pyhd8ed1ab_0             conda-forge
2025-01-10T11:27:18.9924262Z   sphinxcontrib-devhelp          1.0.6                pyhd8ed1ab_0             conda-forge
2025-01-10T11:27:18.9924822Z   sphinxcontrib-htmlhelp         2.0.5                pyhd8ed1ab_0             conda-forge
2025-01-10T11:27:18.9925265Z   sphinxcontrib-jquery           4.1                  pyhd8ed1ab_0             conda-forge
2025-01-10T11:27:18.9925688Z   sphinxcontrib-jsmath           1.0.1                pyhd8ed1ab_0             conda-forge
2025-01-10T11:27:18.9926116Z   sphinxcontrib-qthelp           1.0.7                pyhd8ed1ab_0             conda-forge
2025-01-10T11:27:18.9926580Z   sphinxcontrib-serializinghtml  1.1.10               pyhd8ed1ab_0             conda-forge
2025-01-10T11:27:18.9927008Z   stack_data                     0.6.2                pyhd8ed1ab_0             conda-forge
2025-01-10T11:27:18.9927348Z   sympy                          1.12.1               pypyh2585a3b_103         conda-forge
2025-01-10T11:27:18.9927687Z   tabulate                       0.9.0                pyhd8ed1ab_1             conda-forge
2025-01-10T11:27:18.9928038Z   tenacity                       8.4.1                pyhd8ed1ab_0             conda-forge
2025-01-10T11:27:18.9928396Z   terminado                      0.18.1               pyh0d859eb_0             conda-forge
2025-01-10T11:27:18.9928753Z   tinycss2                       1.3.0                pyhd8ed1ab_0             conda-forge
2025-01-10T11:27:18.9929080Z   tk                             8.6.13               noxft_h4845f30_101       conda-forge
2025-01-10T11:27:18.9929399Z   toml                           0.10.2               pyhd8ed1ab_0             conda-forge
2025-01-10T11:27:18.9929722Z   tomli                          2.0.1                pyhd8ed1ab_0             conda-forge
2025-01-10T11:27:18.9930053Z   tornado                        6.4.1                py312h9a8786e_0          conda-forge
2025-01-10T11:27:18.9930559Z   tqdm                           4.66.4               pyhd8ed1ab_0             conda-forge
2025-01-10T11:27:18.9930903Z   traitlets                      5.14.3               pyhd8ed1ab_0             conda-forge
2025-01-10T11:27:18.9931268Z   typed-ast                      1.5.5                py312h98912ed_1          conda-forge
2025-01-10T11:27:18.9931793Z   types-python-dateutil          2.9.0.20240316       pyhd8ed1ab_0             conda-forge
2025-01-10T11:27:18.9932325Z   typing-extensions              4.12.2               hd8ed1ab_0               conda-forge
2025-01-10T11:27:18.9932728Z   typing_extensions              4.12.2               pyha770c72_0             conda-forge
2025-01-10T11:27:18.9933105Z   typing_utils                   0.1.0                pyhd8ed1ab_0             conda-forge
2025-01-10T11:27:18.9933455Z   tzdata                         2024a                h0c530f3_0               conda-forge
2025-01-10T11:27:18.9933813Z   uri-template                   1.3.0                pyhd8ed1ab_0             conda-forge
2025-01-10T11:27:18.9934164Z   urllib3                        2.2.2                pyhd8ed1ab_0             conda-forge
2025-01-10T11:27:18.9934503Z   wcwidth                        0.2.13               pyhd8ed1ab_0             conda-forge
2025-01-10T11:27:18.9934853Z   webcolors                      24.6.0               pyhd8ed1ab_0             conda-forge
2025-01-10T11:27:18.9935222Z   webencodings                   0.5.1                pyhd8ed1ab_2             conda-forge
2025-01-10T11:27:18.9935609Z   websocket-client               1.8.0                pyhd8ed1ab_0             conda-forge
2025-01-10T11:27:18.9935971Z   wheel                          0.43.0               pyhd8ed1ab_1             conda-forge
2025-01-10T11:27:18.9936344Z   widgetsnbextension             3.6.6                pyhd8ed1ab_0             conda-forge
2025-01-10T11:27:18.9936737Z   xorg-kbproto                   1.0.7                h7f98852_1002            conda-forge
2025-01-10T11:27:18.9937098Z   xorg-libice                    1.1.1                hd590300_0               conda-forge
2025-01-10T11:27:18.9937446Z   xorg-libsm                     1.2.4                h7391055_0               conda-forge
2025-01-10T11:27:18.9937930Z   xorg-libx11                    1.8.9                h8ee46fc_0               conda-forge
2025-01-10T11:27:18.9938290Z   xorg-libxau                    1.0.11               hd590300_0               conda-forge
2025-01-10T11:27:18.9938656Z   xorg-libxdmcp                  1.1.3                h7f98852_0               conda-forge
2025-01-10T11:27:18.9939017Z   xorg-libxext                   1.3.4                h0b41bf4_2               conda-forge
2025-01-10T11:27:18.9939388Z   xorg-libxrender                0.9.11               hd590300_0               conda-forge
2025-01-10T11:27:18.9939773Z   xorg-renderproto               0.11.1               h7f98852_1002            conda-forge
2025-01-10T11:27:18.9940434Z   xorg-xextproto                 7.3.0                h0b41bf4_1003            conda-forge
2025-01-10T11:27:18.9940814Z   xorg-xproto                    7.0.31               h7f98852_1007            conda-forge
2025-01-10T11:27:18.9941142Z   xz                             5.2.6                h166bdaf_0               conda-forge
2025-01-10T11:27:18.9941454Z   yaml                           0.2.5                h7f98852_2               conda-forge
2025-01-10T11:27:18.9941782Z   zeromq                         4.3.5                h75354e8_4               conda-forge
2025-01-10T11:27:18.9942106Z   zipp                           3.19.2               pyhd8ed1ab_0             conda-forge
2025-01-10T11:27:18.9942420Z   zlib                           1.3.1                h4ab18f5_1               conda-forge
2025-01-10T11:27:18.9942738Z   zlib-ng                        2.0.7                h0b41bf4_0               conda-forge
2025-01-10T11:27:18.9943058Z   zstd                           1.5.6                ha6fb4c9_0               conda-forge
2025-01-10T11:27:18.9943580Z ##[endgroup]
2025-01-10T11:27:18.9975141Z ##[group]Run pip install -e . --user
2025-01-10T11:27:18.9975462Z [36;1mpip install -e . --user[0m
2025-01-10T11:27:19.0003817Z shell: /usr/bin/bash -l {0}
2025-01-10T11:27:19.0004058Z env:
2025-01-10T11:27:19.0004232Z   CACHE_NUMBER: 0
2025-01-10T11:27:19.0004853Z   PYTEST_FLAGS: --tardis-regression-data=/home/runner/work/tardis/tardis/tardis-regression-data --cov=tardis --cov-report=xml --cov-report=html --cov-append
2025-01-10T11:27:19.0005661Z   CODECOV_TOKEN: 
2025-01-10T11:27:19.0005881Z   MAMBA_ROOT_PREFIX: /home/runner/micromamba
2025-01-10T11:27:19.0006180Z   MAMBA_EXE: /home/runner/micromamba-bin/micromamba
2025-01-10T11:27:19.0006527Z   CONDARC: /home/runner/work/_temp/setup-micromamba/.condarc
2025-01-10T11:27:19.0006826Z ##[endgroup]
2025-01-10T11:27:19.6966663Z Obtaining file:///home/runner/work/tardis/tardis
2025-01-10T11:27:19.6993949Z   Installing build dependencies: started
2025-01-10T11:27:23.5519966Z   Installing build dependencies: finished with status 'done'
2025-01-10T11:27:23.5525341Z   Checking if build backend supports build_editable: started
2025-01-10T11:27:23.6728879Z   Checking if build backend supports build_editable: finished with status 'done'
2025-01-10T11:27:23.6736437Z   Getting requirements to build editable: started
2025-01-10T11:27:24.1434232Z   Getting requirements to build editable: finished with status 'done'
2025-01-10T11:27:24.1442657Z   Preparing editable metadata (pyproject.toml): started
2025-01-10T11:27:24.5920693Z   Preparing editable metadata (pyproject.toml): finished with status 'done'
2025-01-10T11:27:24.6530346Z Requirement already satisfied: astropy in /home/runner/micromamba/envs/tardis/lib/python3.12/site-packages (from tardis==0.0.0) (6.1.1)
2025-01-10T11:27:24.6901352Z Requirement already satisfied: numpy>=1.23 in /home/runner/micromamba/envs/tardis/lib/python3.12/site-packages (from astropy->tardis==0.0.0) (1.26.4)
2025-01-10T11:27:24.6911079Z Requirement already satisfied: pyerfa>=2.0.1.1 in /home/runner/micromamba/envs/tardis/lib/python3.12/site-packages (from astropy->tardis==0.0.0) (2.0.1.4)
2025-01-10T11:27:24.6921657Z Requirement already satisfied: astropy-iers-data>=0.2024.5.27.0.30.8 in /home/runner/micromamba/envs/tardis/lib/python3.12/site-packages (from astropy->tardis==0.0.0) (0.2024.6.17.0.31.35)
2025-01-10T11:27:24.6930596Z Requirement already satisfied: PyYAML>=3.13 in /home/runner/micromamba/envs/tardis/lib/python3.12/site-packages (from astropy->tardis==0.0.0) (6.0.1)
2025-01-10T11:27:24.6940883Z Requirement already satisfied: packaging>=19.0 in /home/runner/micromamba/envs/tardis/lib/python3.12/site-packages (from astropy->tardis==0.0.0) (24.1)
2025-01-10T11:27:24.7027819Z Building wheels for collected packages: tardis
2025-01-10T11:27:24.7036674Z   Building editable for tardis (pyproject.toml): started
2025-01-10T11:27:25.4486213Z   Building editable for tardis (pyproject.toml): finished with status 'done'
2025-01-10T11:27:25.4494035Z   Created wheel for tardis: filename=tardis-0.0.0-0.editable-py3-none-any.whl size=8878 sha256=b40dfa1ac7a77a988f227296c733a1bf767028245bd1a0a6ee6f9e6c5c896130
2025-01-10T11:27:25.4495770Z   Stored in directory: /tmp/pip-ephem-wheel-cache-60dtapo3/wheels/6a/c7/ae/89fa6dc2565455898176888ef0e2e475e4e90eb0124afcb995
2025-01-10T11:27:25.4521882Z Successfully built tardis
2025-01-10T11:27:26.2043407Z Installing collected packages: tardis
2025-01-10T11:27:26.2127694Z Successfully installed tardis-0.0.0
2025-01-10T11:27:26.4336441Z ##[group]Run pip install qgridnext
2025-01-10T11:27:26.4336770Z [36;1mpip install qgridnext[0m
2025-01-10T11:27:26.4362955Z shell: /usr/bin/bash -l {0}
2025-01-10T11:27:26.4363192Z env:
2025-01-10T11:27:26.4363365Z   CACHE_NUMBER: 0
2025-01-10T11:27:26.4363982Z   PYTEST_FLAGS: --tardis-regression-data=/home/runner/work/tardis/tardis/tardis-regression-data --cov=tardis --cov-report=xml --cov-report=html --cov-append
2025-01-10T11:27:26.4364610Z   CODECOV_TOKEN: 
2025-01-10T11:27:26.4364864Z   MAMBA_ROOT_PREFIX: /home/runner/micromamba
2025-01-10T11:27:26.4365176Z   MAMBA_EXE: /home/runner/micromamba-bin/micromamba
2025-01-10T11:27:26.4365530Z   CONDARC: /home/runner/work/_temp/setup-micromamba/.condarc
2025-01-10T11:27:26.4365853Z ##[endgroup]
2025-01-10T11:27:27.0618736Z Collecting qgridnext
2025-01-10T11:27:27.1275233Z   Downloading qgridnext-2.0.4-py3-none-any.whl.metadata (9.9 kB)
2025-01-10T11:27:27.1361598Z Requirement already satisfied: pandas>=0.20.0 in /home/runner/micromamba/envs/tardis/lib/python3.12/site-packages (from qgridnext) (2.2.2)
2025-01-10T11:27:27.1370895Z Requirement already satisfied: ipywidgets>=7.0.0 in /home/runner/micromamba/envs/tardis/lib/python3.12/site-packages (from qgridnext) (7.8.0)
2025-01-10T11:27:27.1380638Z Requirement already satisfied: numpy in /home/runner/micromamba/envs/tardis/lib/python3.12/site-packages (from qgridnext) (1.26.4)
2025-01-10T11:27:27.1391117Z Requirement already satisfied: traitlets in /home/runner/micromamba/envs/tardis/lib/python3.12/site-packages (from qgridnext) (5.14.3)
2025-01-10T11:27:27.1476399Z Requirement already satisfied: comm>=0.1.3 in /home/runner/micromamba/envs/tardis/lib/python3.12/site-packages (from ipywidgets>=7.0.0->qgridnext) (0.2.2)
2025-01-10T11:27:27.1485535Z Requirement already satisfied: ipython-genutils~=0.2.0 in /home/runner/micromamba/envs/tardis/lib/python3.12/site-packages (from ipywidgets>=7.0.0->qgridnext) (0.2.0)
2025-01-10T11:27:27.1498835Z Requirement already satisfied: widgetsnbextension~=3.6.5 in /home/runner/micromamba/envs/tardis/lib/python3.12/site-packages (from ipywidgets>=7.0.0->qgridnext) (3.6.6)
2025-01-10T11:27:27.1516912Z Requirement already satisfied: ipython>=4.0.0 in /home/runner/micromamba/envs/tardis/lib/python3.12/site-packages (from ipywidgets>=7.0.0->qgridnext) (8.25.0)
2025-01-10T11:27:27.1531734Z Requirement already satisfied: jupyterlab-widgets<3,>=1.0.0 in /home/runner/micromamba/envs/tardis/lib/python3.12/site-packages (from ipywidgets>=7.0.0->qgridnext) (1.1.7)
2025-01-10T11:27:27.1973096Z Requirement already satisfied: python-dateutil>=2.8.2 in /home/runner/micromamba/envs/tardis/lib/python3.12/site-packages (from pandas>=0.20.0->qgridnext) (2.9.0)
2025-01-10T11:27:27.1986909Z Requirement already satisfied: pytz>=2020.1 in /home/runner/micromamba/envs/tardis/lib/python3.12/site-packages (from pandas>=0.20.0->qgridnext) (2024.1)
2025-01-10T11:27:27.1995317Z Requirement already satisfied: tzdata>=2022.7 in /home/runner/micromamba/envs/tardis/lib/python3.12/site-packages (from pandas>=0.20.0->qgridnext) (2024.1)
2025-01-10T11:27:27.2307010Z Requirement already satisfied: decorator in /home/runner/micromamba/envs/tardis/lib/python3.12/site-packages (from ipython>=4.0.0->ipywidgets>=7.0.0->qgridnext) (5.1.1)
2025-01-10T11:27:27.2321862Z Requirement already satisfied: jedi>=0.16 in /home/runner/micromamba/envs/tardis/lib/python3.12/site-packages (from ipython>=4.0.0->ipywidgets>=7.0.0->qgridnext) (0.19.1)
2025-01-10T11:27:27.2331074Z Requirement already satisfied: matplotlib-inline in /home/runner/micromamba/envs/tardis/lib/python3.12/site-packages (from ipython>=4.0.0->ipywidgets>=7.0.0->qgridnext) (0.1.7)
2025-01-10T11:27:27.2342511Z Requirement already satisfied: prompt-toolkit<3.1.0,>=3.0.41 in /home/runner/micromamba/envs/tardis/lib/python3.12/site-packages (from ipython>=4.0.0->ipywidgets>=7.0.0->qgridnext) (3.0.47)
2025-01-10T11:27:27.2352180Z Requirement already satisfied: pygments>=2.4.0 in /home/runner/micromamba/envs/tardis/lib/python3.12/site-packages (from ipython>=4.0.0->ipywidgets>=7.0.0->qgridnext) (2.18.0)
2025-01-10T11:27:27.2362940Z Requirement already satisfied: stack-data in /home/runner/micromamba/envs/tardis/lib/python3.12/site-packages (from ipython>=4.0.0->ipywidgets>=7.0.0->qgridnext) (0.6.2)
2025-01-10T11:27:27.2382392Z Requirement already satisfied: pexpect>4.3 in /home/runner/micromamba/envs/tardis/lib/python3.12/site-packages (from ipython>=4.0.0->ipywidgets>=7.0.0->qgridnext) (4.9.0)
2025-01-10T11:27:27.2429905Z Requirement already satisfied: six>=1.5 in /home/runner/micromamba/envs/tardis/lib/python3.12/site-packages (from python-dateutil>=2.8.2->pandas>=0.20.0->qgridnext) (1.16.0)
2025-01-10T11:27:27.2487928Z Requirement already satisfied: notebook>=4.4.1 in /home/runner/micromamba/envs/tardis/lib/python3.12/site-packages (from widgetsnbextension~=3.6.5->ipywidgets>=7.0.0->qgridnext) (7.2.1)
2025-01-10T11:27:27.2673785Z Requirement already satisfied: parso<0.9.0,>=0.8.3 in /home/runner/micromamba/envs/tardis/lib/python3.12/site-packages (from jedi>=0.16->ipython>=4.0.0->ipywidgets>=7.0.0->qgridnext) (0.8.4)
2025-01-10T11:27:27.2818311Z Requirement already satisfied: jupyter-server<3,>=2.4.0 in /home/runner/micromamba/envs/tardis/lib/python3.12/site-packages (from notebook>=4.4.1->widgetsnbextension~=3.6.5->ipywidgets>=7.0.0->qgridnext) (2.14.1)
2025-01-10T11:27:27.2832463Z Requirement already satisfied: jupyterlab-server<3,>=2.27.1 in /home/runner/micromamba/envs/tardis/lib/python3.12/site-packages (from notebook>=4.4.1->widgetsnbextension~=3.6.5->ipywidgets>=7.0.0->qgridnext) (2.27.2)
2025-01-10T11:27:27.2847854Z Requirement already satisfied: jupyterlab<4.3,>=4.2.0 in /home/runner/micromamba/envs/tardis/lib/python3.12/site-packages (from notebook>=4.4.1->widgetsnbextension~=3.6.5->ipywidgets>=7.0.0->qgridnext) (4.2.2)
2025-01-10T11:27:27.2858781Z Requirement already satisfied: notebook-shim<0.3,>=0.2 in /home/runner/micromamba/envs/tardis/lib/python3.12/site-packages (from notebook>=4.4.1->widgetsnbextension~=3.6.5->ipywidgets>=7.0.0->qgridnext) (0.2.4)
2025-01-10T11:27:27.2867701Z Requirement already satisfied: tornado>=6.2.0 in /home/runner/micromamba/envs/tardis/lib/python3.12/site-packages (from notebook>=4.4.1->widgetsnbextension~=3.6.5->ipywidgets>=7.0.0->qgridnext) (6.4.1)
2025-01-10T11:27:27.2897839Z Requirement already satisfied: ptyprocess>=0.5 in /home/runner/micromamba/envs/tardis/lib/python3.12/site-packages (from pexpect>4.3->ipython>=4.0.0->ipywidgets>=7.0.0->qgridnext) (0.7.0)
2025-01-10T11:27:27.2927114Z Requirement already satisfied: wcwidth in /home/runner/micromamba/envs/tardis/lib/python3.12/site-packages (from prompt-toolkit<3.1.0,>=3.0.41->ipython>=4.0.0->ipywidgets>=7.0.0->qgridnext) (0.2.13)
2025-01-10T11:27:27.3064147Z Requirement already satisfied: executing>=1.2.0 in /home/runner/micromamba/envs/tardis/lib/python3.12/site-packages (from stack-data->ipython>=4.0.0->ipywidgets>=7.0.0->qgridnext) (2.0.1)
2025-01-10T11:27:27.3074213Z Requirement already satisfied: asttokens>=2.1.0 in /home/runner/micromamba/envs/tardis/lib/python3.12/site-packages (from stack-data->ipython>=4.0.0->ipywidgets>=7.0.0->qgridnext) (2.4.1)
2025-01-10T11:27:27.3082656Z Requirement already satisfied: pure-eval in /home/runner/micromamba/envs/tardis/lib/python3.12/site-packages (from stack-data->ipython>=4.0.0->ipywidgets>=7.0.0->qgridnext) (0.2.2)
2025-01-10T11:27:27.3420922Z Requirement already satisfied: anyio>=3.1.0 in /home/runner/micromamba/envs/tardis/lib/python3.12/site-packages (from jupyter-server<3,>=2.4.0->notebook>=4.4.1->widgetsnbextension~=3.6.5->ipywidgets>=7.0.0->qgridnext) (4.4.0)
2025-01-10T11:27:27.3431744Z Requirement already satisfied: argon2-cffi>=21.1 in /home/runner/micromamba/envs/tardis/lib/python3.12/site-packages (from jupyter-server<3,>=2.4.0->notebook>=4.4.1->widgetsnbextension~=3.6.5->ipywidgets>=7.0.0->qgridnext) (23.1.0)
2025-01-10T11:27:27.3441172Z Requirement already satisfied: jinja2>=3.0.3 in /home/runner/micromamba/envs/tardis/lib/python3.12/site-packages (from jupyter-server<3,>=2.4.0->notebook>=4.4.1->widgetsnbextension~=3.6.5->ipywidgets>=7.0.0->qgridnext) (3.1.4)
2025-01-10T11:27:27.3453454Z Requirement already satisfied: jupyter-client>=7.4.4 in /home/runner/micromamba/envs/tardis/lib/python3.12/site-packages (from jupyter-server<3,>=2.4.0->notebook>=4.4.1->widgetsnbextension~=3.6.5->ipywidgets>=7.0.0->qgridnext) (8.6.2)
2025-01-10T11:27:27.3465874Z Requirement already satisfied: jupyter-core!=5.0.*,>=4.12 in /home/runner/micromamba/envs/tardis/lib/python3.12/site-packages (from jupyter-server<3,>=2.4.0->notebook>=4.4.1->widgetsnbextension~=3.6.5->ipywidgets>=7.0.0->qgridnext) (5.7.2)
2025-01-10T11:27:27.3477824Z Requirement already satisfied: jupyter-events>=0.9.0 in /home/runner/micromamba/envs/tardis/lib/python3.12/site-packages (from jupyter-server<3,>=2.4.0->notebook>=4.4.1->widgetsnbextension~=3.6.5->ipywidgets>=7.0.0->qgridnext) (0.10.0)
2025-01-10T11:27:27.3489543Z Requirement already satisfied: jupyter-server-terminals>=0.4.4 in /home/runner/micromamba/envs/tardis/lib/python3.12/site-packages (from jupyter-server<3,>=2.4.0->notebook>=4.4.1->widgetsnbextension~=3.6.5->ipywidgets>=7.0.0->qgridnext) (0.5.3)
2025-01-10T11:27:27.3503917Z Requirement already satisfied: nbconvert>=6.4.4 in /home/runner/micromamba/envs/tardis/lib/python3.12/site-packages (from jupyter-server<3,>=2.4.0->notebook>=4.4.1->widgetsnbextension~=3.6.5->ipywidgets>=7.0.0->qgridnext) (7.16.4)
2025-01-10T11:27:27.3514979Z Requirement already satisfied: nbformat>=5.3.0 in /home/runner/micromamba/envs/tardis/lib/python3.12/site-packages (from jupyter-server<3,>=2.4.0->notebook>=4.4.1->widgetsnbextension~=3.6.5->ipywidgets>=7.0.0->qgridnext) (5.10.4)
2025-01-10T11:27:27.3524989Z Requirement already satisfied: overrides>=5.0 in /home/runner/micromamba/envs/tardis/lib/python3.12/site-packages (from jupyter-server<3,>=2.4.0->notebook>=4.4.1->widgetsnbextension~=3.6.5->ipywidgets>=7.0.0->qgridnext) (7.7.0)
2025-01-10T11:27:27.3535229Z Requirement already satisfied: packaging>=22.0 in /home/runner/micromamba/envs/tardis/lib/python3.12/site-packages (from jupyter-server<3,>=2.4.0->notebook>=4.4.1->widgetsnbextension~=3.6.5->ipywidgets>=7.0.0->qgridnext) (24.1)
2025-01-10T11:27:27.3544659Z Requirement already satisfied: prometheus-client>=0.9 in /home/runner/micromamba/envs/tardis/lib/python3.12/site-packages (from jupyter-server<3,>=2.4.0->notebook>=4.4.1->widgetsnbextension~=3.6.5->ipywidgets>=7.0.0->qgridnext) (0.20.0)
2025-01-10T11:27:27.3556179Z Requirement already satisfied: pyzmq>=24 in /home/runner/micromamba/envs/tardis/lib/python3.12/site-packages (from jupyter-server<3,>=2.4.0->notebook>=4.4.1->widgetsnbextension~=3.6.5->ipywidgets>=7.0.0->qgridnext) (26.0.3)
2025-01-10T11:27:27.3565881Z Requirement already satisfied: send2trash>=1.8.2 in /home/runner/micromamba/envs/tardis/lib/python3.12/site-packages (from jupyter-server<3,>=2.4.0->notebook>=4.4.1->widgetsnbextension~=3.6.5->ipywidgets>=7.0.0->qgridnext) (1.8.3)
2025-01-10T11:27:27.3577981Z Requirement already satisfied: terminado>=0.8.3 in /home/runner/micromamba/envs/tardis/lib/python3.12/site-packages (from jupyter-server<3,>=2.4.0->notebook>=4.4.1->widgetsnbextension~=3.6.5->ipywidgets>=7.0.0->qgridnext) (0.18.1)
2025-01-10T11:27:27.3595912Z Requirement already satisfied: websocket-client>=1.7 in /home/runner/micromamba/envs/tardis/lib/python3.12/site-packages (from jupyter-server<3,>=2.4.0->notebook>=4.4.1->widgetsnbextension~=3.6.5->ipywidgets>=7.0.0->qgridnext) (1.8.0)
2025-01-10T11:27:27.3876352Z Requirement already satisfied: async-lru>=1.0.0 in /home/runner/micromamba/envs/tardis/lib/python3.12/site-packages (from jupyterlab<4.3,>=4.2.0->notebook>=4.4.1->widgetsnbextension~=3.6.5->ipywidgets>=7.0.0->qgridnext) (2.0.4)
2025-01-10T11:27:27.3888610Z Requirement already satisfied: httpx>=0.25.0 in /home/runner/micromamba/envs/tardis/lib/python3.12/site-packages (from jupyterlab<4.3,>=4.2.0->notebook>=4.4.1->widgetsnbextension~=3.6.5->ipywidgets>=7.0.0->qgridnext) (0.27.0)
2025-01-10T11:27:27.3901451Z Requirement already satisfied: ipykernel>=6.5.0 in /home/runner/micromamba/envs/tardis/lib/python3.12/site-packages (from jupyterlab<4.3,>=4.2.0->notebook>=4.4.1->widgetsnbextension~=3.6.5->ipywidgets>=7.0.0->qgridnext) (6.29.4)
2025-01-10T11:27:27.3916225Z Requirement already satisfied: jupyter-lsp>=2.0.0 in /home/runner/micromamba/envs/tardis/lib/python3.12/site-packages (from jupyterlab<4.3,>=4.2.0->notebook>=4.4.1->widgetsnbextension~=3.6.5->ipywidgets>=7.0.0->qgridnext) (2.2.5)
2025-01-10T11:27:27.3943192Z Requirement already satisfied: setuptools>=40.1.0 in /home/runner/micromamba/envs/tardis/lib/python3.12/site-packages (from jupyterlab<4.3,>=4.2.0->notebook>=4.4.1->widgetsnbextension~=3.6.5->ipywidgets>=7.0.0->qgridnext) (70.0.0)
2025-01-10T11:27:27.4153185Z Requirement already satisfied: babel>=2.10 in /home/runner/micromamba/envs/tardis/lib/python3.12/site-packages (from jupyterlab-server<3,>=2.27.1->notebook>=4.4.1->widgetsnbextension~=3.6.5->ipywidgets>=7.0.0->qgridnext) (2.14.0)
2025-01-10T11:27:27.4180384Z Requirement already satisfied: json5>=0.9.0 in /home/runner/micromamba/envs/tardis/lib/python3.12/site-packages (from jupyterlab-server<3,>=2.27.1->notebook>=4.4.1->widgetsnbextension~=3.6.5->ipywidgets>=7.0.0->qgridnext) (0.9.25)
2025-01-10T11:27:27.4191984Z Requirement already satisfied: jsonschema>=4.18.0 in /home/runner/micromamba/envs/tardis/lib/python3.12/site-packages (from jupyterlab-server<3,>=2.27.1->notebook>=4.4.1->widgetsnbextension~=3.6.5->ipywidgets>=7.0.0->qgridnext) (4.22.0)
2025-01-10T11:27:27.4211517Z Requirement already satisfied: requests>=2.31 in /home/runner/micromamba/envs/tardis/lib/python3.12/site-packages (from jupyterlab-server<3,>=2.27.1->notebook>=4.4.1->widgetsnbextension~=3.6.5->ipywidgets>=7.0.0->qgridnext) (2.32.3)
2025-01-10T11:27:27.4566902Z Requirement already satisfied: idna>=2.8 in /home/runner/micromamba/envs/tardis/lib/python3.12/site-packages (from anyio>=3.1.0->jupyter-server<3,>=2.4.0->notebook>=4.4.1->widgetsnbextension~=3.6.5->ipywidgets>=7.0.0->qgridnext) (3.7)
2025-01-10T11:27:27.4576725Z Requirement already satisfied: sniffio>=1.1 in /home/runner/micromamba/envs/tardis/lib/python3.12/site-packages (from anyio>=3.1.0->jupyter-server<3,>=2.4.0->notebook>=4.4.1->widgetsnbextension~=3.6.5->ipywidgets>=7.0.0->qgridnext) (1.3.1)
2025-01-10T11:27:27.4667686Z Requirement already satisfied: argon2-cffi-bindings in /home/runner/micromamba/envs/tardis/lib/python3.12/site-packages (from argon2-cffi>=21.1->jupyter-server<3,>=2.4.0->notebook>=4.4.1->widgetsnbextension~=3.6.5->ipywidgets>=7.0.0->qgridnext) (21.2.0)
2025-01-10T11:27:27.4838770Z Requirement already satisfied: certifi in /home/runner/micromamba/envs/tardis/lib/python3.12/site-packages (from httpx>=0.25.0->jupyterlab<4.3,>=4.2.0->notebook>=4.4.1->widgetsnbextension~=3.6.5->ipywidgets>=7.0.0->qgridnext) (2024.6.2)
2025-01-10T11:27:27.4854453Z Requirement already satisfied: httpcore==1.* in /home/runner/micromamba/envs/tardis/lib/python3.12/site-packages (from httpx>=0.25.0->jupyterlab<4.3,>=4.2.0->notebook>=4.4.1->widgetsnbextension~=3.6.5->ipywidgets>=7.0.0->qgridnext) (1.0.5)
2025-01-10T11:27:27.4934802Z Requirement already satisfied: h11<0.15,>=0.13 in /home/runner/micromamba/envs/tardis/lib/python3.12/site-packages (from httpcore==1.*->httpx>=0.25.0->jupyterlab<4.3,>=4.2.0->notebook>=4.4.1->widgetsnbextension~=3.6.5->ipywidgets>=7.0.0->qgridnext) (0.14.0)
2025-01-10T11:27:27.5126713Z Requirement already satisfied: debugpy>=1.6.5 in /home/runner/micromamba/envs/tardis/lib/python3.12/site-packages (from ipykernel>=6.5.0->jupyterlab<4.3,>=4.2.0->notebook>=4.4.1->widgetsnbextension~=3.6.5->ipywidgets>=7.0.0->qgridnext) (1.8.1)
2025-01-10T11:27:27.5148447Z Requirement already satisfied: nest-asyncio in /home/runner/micromamba/envs/tardis/lib/python3.12/site-packages (from ipykernel>=6.5.0->jupyterlab<4.3,>=4.2.0->notebook>=4.4.1->widgetsnbextension~=3.6.5->ipywidgets>=7.0.0->qgridnext) (1.6.0)
2025-01-10T11:27:27.5163446Z Requirement already satisfied: psutil in /home/runner/micromamba/envs/tardis/lib/python3.12/site-packages (from ipykernel>=6.5.0->jupyterlab<4.3,>=4.2.0->notebook>=4.4.1->widgetsnbextension~=3.6.5->ipywidgets>=7.0.0->qgridnext) (5.9.8)
2025-01-10T11:27:27.5224986Z Requirement already satisfied: MarkupSafe>=2.0 in /home/runner/micromamba/envs/tardis/lib/python3.12/site-packages (from jinja2>=3.0.3->jupyter-server<3,>=2.4.0->notebook>=4.4.1->widgetsnbextension~=3.6.5->ipywidgets>=7.0.0->qgridnext) (2.1.5)
2025-01-10T11:27:27.5425139Z Requirement already satisfied: attrs>=22.2.0 in /home/runner/micromamba/envs/tardis/lib/python3.12/site-packages (from jsonschema>=4.18.0->jupyterlab-server<3,>=2.27.1->notebook>=4.4.1->widgetsnbextension~=3.6.5->ipywidgets>=7.0.0->qgridnext) (23.2.0)
2025-01-10T11:27:27.5434765Z Requirement already satisfied: jsonschema-specifications>=2023.03.6 in /home/runner/micromamba/envs/tardis/lib/python3.12/site-packages (from jsonschema>=4.18.0->jupyterlab-server<3,>=2.27.1->notebook>=4.4.1->widgetsnbextension~=3.6.5->ipywidgets>=7.0.0->qgridnext) (2023.12.1)
2025-01-10T11:27:27.5443027Z Requirement already satisfied: referencing>=0.28.4 in /home/runner/micromamba/envs/tardis/lib/python3.12/site-packages (from jsonschema>=4.18.0->jupyterlab-server<3,>=2.27.1->notebook>=4.4.1->widgetsnbextension~=3.6.5->ipywidgets>=7.0.0->qgridnext) (0.35.1)
2025-01-10T11:27:27.5451593Z Requirement already satisfied: rpds-py>=0.7.1 in /home/runner/micromamba/envs/tardis/lib/python3.12/site-packages (from jsonschema>=4.18.0->jupyterlab-server<3,>=2.27.1->notebook>=4.4.1->widgetsnbextension~=3.6.5->ipywidgets>=7.0.0->qgridnext) (0.18.1)
2025-01-10T11:27:27.5711932Z Requirement already satisfied: platformdirs>=2.5 in /home/runner/micromamba/envs/tardis/lib/python3.12/site-packages (from jupyter-core!=5.0.*,>=4.12->jupyter-server<3,>=2.4.0->notebook>=4.4.1->widgetsnbextension~=3.6.5->ipywidgets>=7.0.0->qgridnext) (4.2.2)
2025-01-10T11:27:27.5863132Z Requirement already satisfied: python-json-logger>=2.0.4 in /home/runner/micromamba/envs/tardis/lib/python3.12/site-packages (from jupyter-events>=0.9.0->jupyter-server<3,>=2.4.0->notebook>=4.4.1->widgetsnbextension~=3.6.5->ipywidgets>=7.0.0->qgridnext) (2.0.7)
2025-01-10T11:27:27.5871219Z Requirement already satisfied: pyyaml>=5.3 in /home/runner/micromamba/envs/tardis/lib/python3.12/site-packages (from jupyter-events>=0.9.0->jupyter-server<3,>=2.4.0->notebook>=4.4.1->widgetsnbextension~=3.6.5->ipywidgets>=7.0.0->qgridnext) (6.0.1)
2025-01-10T11:27:27.5880977Z Requirement already satisfied: rfc3339-validator in /home/runner/micromamba/envs/tardis/lib/python3.12/site-packages (from jupyter-events>=0.9.0->jupyter-server<3,>=2.4.0->notebook>=4.4.1->widgetsnbextension~=3.6.5->ipywidgets>=7.0.0->qgridnext) (0.1.4)
2025-01-10T11:27:27.5889162Z Requirement already satisfied: rfc3986-validator>=0.1.1 in /home/runner/micromamba/envs/tardis/lib/python3.12/site-packages (from jupyter-events>=0.9.0->jupyter-server<3,>=2.4.0->notebook>=4.4.1->widgetsnbextension~=3.6.5->ipywidgets>=7.0.0->qgridnext) (0.1.1)
2025-01-10T11:27:27.6305888Z Requirement already satisfied: beautifulsoup4 in /home/runner/micromamba/envs/tardis/lib/python3.12/site-packages (from nbconvert>=6.4.4->jupyter-server<3,>=2.4.0->notebook>=4.4.1->widgetsnbextension~=3.6.5->ipywidgets>=7.0.0->qgridnext) (4.12.3)
2025-01-10T11:27:27.6324401Z Requirement already satisfied: bleach!=5.0.0 in /home/runner/micromamba/envs/tardis/lib/python3.12/site-packages (from nbconvert>=6.4.4->jupyter-server<3,>=2.4.0->notebook>=4.4.1->widgetsnbextension~=3.6.5->ipywidgets>=7.0.0->qgridnext) (6.1.0)
2025-01-10T11:27:27.6337547Z Requirement already satisfied: defusedxml in /home/runner/micromamba/envs/tardis/lib/python3.12/site-packages (from nbconvert>=6.4.4->jupyter-server<3,>=2.4.0->notebook>=4.4.1->widgetsnbextension~=3.6.5->ipywidgets>=7.0.0->qgridnext) (0.7.1)
2025-01-10T11:27:27.6351428Z Requirement already satisfied: jupyterlab-pygments in /home/runner/micromamba/envs/tardis/lib/python3.12/site-packages (from nbconvert>=6.4.4->jupyter-server<3,>=2.4.0->notebook>=4.4.1->widgetsnbextension~=3.6.5->ipywidgets>=7.0.0->qgridnext) (0.3.0)
2025-01-10T11:27:27.6363112Z Requirement already satisfied: mistune<4,>=2.0.3 in /home/runner/micromamba/envs/tardis/lib/python3.12/site-packages (from nbconvert>=6.4.4->jupyter-server<3,>=2.4.0->notebook>=4.4.1->widgetsnbextension~=3.6.5->ipywidgets>=7.0.0->qgridnext) (3.0.2)
2025-01-10T11:27:27.6374813Z Requirement already satisfied: nbclient>=0.5.0 in /home/runner/micromamba/envs/tardis/lib/python3.12/site-packages (from nbconvert>=6.4.4->jupyter-server<3,>=2.4.0->notebook>=4.4.1->widgetsnbextension~=3.6.5->ipywidgets>=7.0.0->qgridnext) (0.10.0)
2025-01-10T11:27:27.6390541Z Requirement already satisfied: pandocfilters>=1.4.1 in /home/runner/micromamba/envs/tardis/lib/python3.12/site-packages (from nbconvert>=6.4.4->jupyter-server<3,>=2.4.0->notebook>=4.4.1->widgetsnbextension~=3.6.5->ipywidgets>=7.0.0->qgridnext) (1.5.0)
2025-01-10T11:27:27.6399554Z Requirement already satisfied: tinycss2 in /home/runner/micromamba/envs/tardis/lib/python3.12/site-packages (from nbconvert>=6.4.4->jupyter-server<3,>=2.4.0->notebook>=4.4.1->widgetsnbextension~=3.6.5->ipywidgets>=7.0.0->qgridnext) (1.3.0)
2025-01-10T11:27:27.6512386Z Requirement already satisfied: fastjsonschema>=2.15 in /home/runner/micromamba/envs/tardis/lib/python3.12/site-packages (from nbformat>=5.3.0->jupyter-server<3,>=2.4.0->notebook>=4.4.1->widgetsnbextension~=3.6.5->ipywidgets>=7.0.0->qgridnext) (2.20.0)
2025-01-10T11:27:27.6815704Z Requirement already satisfied: charset-normalizer<4,>=2 in /home/runner/micromamba/envs/tardis/lib/python3.12/site-packages (from requests>=2.31->jupyterlab-server<3,>=2.27.1->notebook>=4.4.1->widgetsnbextension~=3.6.5->ipywidgets>=7.0.0->qgridnext) (3.3.2)
2025-01-10T11:27:27.6828735Z Requirement already satisfied: urllib3<3,>=1.21.1 in /home/runner/micromamba/envs/tardis/lib/python3.12/site-packages (from requests>=2.31->jupyterlab-server<3,>=2.27.1->notebook>=4.4.1->widgetsnbextension~=3.6.5->ipywidgets>=7.0.0->qgridnext) (2.2.2)
2025-01-10T11:27:27.7597431Z Requirement already satisfied: webencodings in /home/runner/micromamba/envs/tardis/lib/python3.12/site-packages (from bleach!=5.0.0->nbconvert>=6.4.4->jupyter-server<3,>=2.4.0->notebook>=4.4.1->widgetsnbextension~=3.6.5->ipywidgets>=7.0.0->qgridnext) (0.5.1)
2025-01-10T11:27:27.8162618Z Requirement already satisfied: fqdn in /home/runner/micromamba/envs/tardis/lib/python3.12/site-packages (from jsonschema[format-nongpl]>=4.18.0->jupyter-events>=0.9.0->jupyter-server<3,>=2.4.0->notebook>=4.4.1->widgetsnbextension~=3.6.5->ipywidgets>=7.0.0->qgridnext) (1.5.1)
2025-01-10T11:27:27.8179081Z Requirement already satisfied: isoduration in /home/runner/micromamba/envs/tardis/lib/python3.12/site-packages (from jsonschema[format-nongpl]>=4.18.0->jupyter-events>=0.9.0->jupyter-server<3,>=2.4.0->notebook>=4.4.1->widgetsnbextension~=3.6.5->ipywidgets>=7.0.0->qgridnext) (20.11.0)
2025-01-10T11:27:27.8191862Z Requirement already satisfied: jsonpointer>1.13 in /home/runner/micromamba/envs/tardis/lib/python3.12/site-packages (from jsonschema[format-nongpl]>=4.18.0->jupyter-events>=0.9.0->jupyter-server<3,>=2.4.0->notebook>=4.4.1->widgetsnbextension~=3.6.5->ipywidgets>=7.0.0->qgridnext) (3.0.0)
2025-01-10T11:27:27.8207877Z Requirement already satisfied: uri-template in /home/runner/micromamba/envs/tardis/lib/python3.12/site-packages (from jsonschema[format-nongpl]>=4.18.0->jupyter-events>=0.9.0->jupyter-server<3,>=2.4.0->notebook>=4.4.1->widgetsnbextension~=3.6.5->ipywidgets>=7.0.0->qgridnext) (1.3.0)
2025-01-10T11:27:27.8221340Z Requirement already satisfied: webcolors>=1.11 in /home/runner/micromamba/envs/tardis/lib/python3.12/site-packages (from jsonschema[format-nongpl]>=4.18.0->jupyter-events>=0.9.0->jupyter-server<3,>=2.4.0->notebook>=4.4.1->widgetsnbextension~=3.6.5->ipywidgets>=7.0.0->qgridnext) (24.6.0)
2025-01-10T11:27:27.9234921Z Requirement already satisfied: cffi>=1.0.1 in /home/runner/micromamba/envs/tardis/lib/python3.12/site-packages (from argon2-cffi-bindings->argon2-cffi>=21.1->jupyter-server<3,>=2.4.0->notebook>=4.4.1->widgetsnbextension~=3.6.5->ipywidgets>=7.0.0->qgridnext) (1.16.0)
2025-01-10T11:27:27.9331193Z Requirement already satisfied: soupsieve>1.2 in /home/runner/micromamba/envs/tardis/lib/python3.12/site-packages (from beautifulsoup4->nbconvert>=6.4.4->jupyter-server<3,>=2.4.0->notebook>=4.4.1->widgetsnbextension~=3.6.5->ipywidgets>=7.0.0->qgridnext) (2.5)
2025-01-10T11:27:27.9851572Z Requirement already satisfied: pycparser in /home/runner/micromamba/envs/tardis/lib/python3.12/site-packages (from cffi>=1.0.1->argon2-cffi-bindings->argon2-cffi>=21.1->jupyter-server<3,>=2.4.0->notebook>=4.4.1->widgetsnbextension~=3.6.5->ipywidgets>=7.0.0->qgridnext) (2.22)
2025-01-10T11:27:28.0356895Z Requirement already satisfied: arrow>=0.15.0 in /home/runner/micromamba/envs/tardis/lib/python3.12/site-packages (from isoduration->jsonschema[format-nongpl]>=4.18.0->jupyter-events>=0.9.0->jupyter-server<3,>=2.4.0->notebook>=4.4.1->widgetsnbextension~=3.6.5->ipywidgets>=7.0.0->qgridnext) (1.3.0)
2025-01-10T11:27:28.0654319Z Requirement already satisfied: types-python-dateutil>=2.8.10 in /home/runner/micromamba/envs/tardis/lib/python3.12/site-packages (from arrow>=0.15.0->isoduration->jsonschema[format-nongpl]>=4.18.0->jupyter-events>=0.9.0->jupyter-server<3,>=2.4.0->notebook>=4.4.1->widgetsnbextension~=3.6.5->ipywidgets>=7.0.0->qgridnext) (2.9.0.20240316)
2025-01-10T11:27:28.1167715Z Downloading qgridnext-2.0.4-py3-none-any.whl (1.3 MB)
2025-01-10T11:27:28.2143034Z    â”â”â”â”â”â”â”â”â”â”â”â”â”â”â”â”â”â”â”â”â”â”â”â”â”â”â”â”â”â”â”â”â”â”â”â”â”â”â”â” 1.3/1.3 MB 13.5 MB/s eta 0:00:00
2025-01-10T11:27:29.0051428Z Installing collected packages: qgridnext
2025-01-10T11:27:29.0944364Z Successfully installed qgridnext-2.0.4
2025-01-10T11:27:29.3028475Z ##[group]Run pytest tardis --tardis-regression-data=/home/runner/work/tardis/tardis/tardis-regression-data --cov=tardis --cov-report=xml --cov-report=html --cov-append -m "not continuum"
2025-01-10T11:27:29.3031180Z [36;1mpytest tardis --tardis-regression-data=/home/runner/work/tardis/tardis/tardis-regression-data --cov=tardis --cov-report=xml --cov-report=html --cov-append -m "not continuum"[0m
2025-01-10T11:27:29.3067599Z shell: /usr/bin/bash -l {0}
2025-01-10T11:27:29.3067848Z env:
2025-01-10T11:27:29.3068020Z   CACHE_NUMBER: 0
2025-01-10T11:27:29.3068646Z   PYTEST_FLAGS: --tardis-regression-data=/home/runner/work/tardis/tardis/tardis-regression-data --cov=tardis --cov-report=xml --cov-report=html --cov-append
2025-01-10T11:27:29.3069312Z   CODECOV_TOKEN: 
2025-01-10T11:27:29.3069536Z   MAMBA_ROOT_PREFIX: /home/runner/micromamba
2025-01-10T11:27:29.3069838Z   MAMBA_EXE: /home/runner/micromamba-bin/micromamba
2025-01-10T11:27:29.3070479Z   CONDARC: /home/runner/work/_temp/setup-micromamba/.condarc
2025-01-10T11:27:29.3070798Z ##[endgroup]
2025-01-10T11:27:37.5992483Z ============================= test session starts ==============================
2025-01-10T11:27:37.5993397Z platform linux -- Python 3.12.4, pytest-8.2.2, pluggy-1.5.0
2025-01-10T11:27:37.5994170Z rootdir: /home/runner/work/tardis/tardis
2025-01-10T11:27:37.5994786Z configfile: pyproject.toml
2025-01-10T11:27:37.5995588Z plugins: anyio-4.4.0, doctestplus-1.2.1, cov-5.0.0, html-4.1.1, metadata-3.1.1
2025-01-10T11:27:37.5996482Z collected 1796 items / 2 deselected / 1794 selected
2025-01-10T11:27:37.5996799Z 
2025-01-10T11:27:42.5033084Z tardis/energy_input/tests/test_energy_source.py ..xxx                    [  0%]
2025-01-10T11:27:45.2318045Z tardis/energy_input/tests/test_gamma_ray_channel.py ...........          [  0%]
2025-01-10T11:27:46.9266723Z tardis/energy_input/tests/test_gamma_ray_grid.py xx.                     [  1%]
2025-01-10T11:27:48.6318102Z tardis/energy_input/tests/test_gamma_ray_interactions.py xx....          [  1%]
2025-01-10T11:27:48.6422265Z tardis/energy_input/tests/test_gamma_ray_packet_source.py sssssssss      [  1%]
2025-01-10T11:27:49.8835026Z tardis/energy_input/tests/test_util.py .....xxxx.....                    [  2%]
2025-01-10T11:27:50.2192214Z tardis/grid/tests/test_grid.py .                                         [  2%]
2025-01-10T11:27:50.2208203Z tardis/gui/tests/test_gui.py s                                           [  2%]
2025-01-10T11:27:53.5882053Z tardis/io/configuration/tests/test_config_reader.py ...........          [  3%]
2025-01-10T11:27:53.6009367Z tardis/io/configuration/tests/test_configuration_namespace.py .........  [  3%]
2025-01-10T11:27:53.6284117Z tardis/io/logger/tests/test_logging.py ssssssssssssssssssssssssssss      [  5%]
2025-01-10T11:28:30.8918021Z tardis/io/model/readers/tests/test_arepo_parser.py ..                    [  5%]
2025-01-10T11:28:30.9061415Z tardis/io/model/readers/tests/test_ascii_readers.py ...                  [  5%]
2025-01-10T11:28:30.9166827Z tardis/io/model/readers/tests/test_cmfgen_reader.py ..                   [  5%]
2025-01-10T11:28:30.9501016Z tardis/io/model/readers/tests/test_csvy_reader.py ....                   [  6%]
2025-01-10T11:28:30.9722670Z tardis/io/model/readers/tests/test_stella_reader.py ..                   [  6%]
2025-01-10T11:28:31.2690936Z tardis/io/tests/test_HDFWriter.py ...............                        [  7%]
2025-01-10T11:28:31.5805736Z tardis/io/tests/test_atomic.py .....                                     [  7%]
2025-01-10T11:28:31.6153173Z tardis/io/tests/test_decay.py ..                                         [  7%]
2025-01-10T11:28:31.8085946Z tardis/io/tests/test_model_reader.py ......                              [  7%]
2025-01-10T11:28:31.8154423Z tardis/model/geometry/tests/test_radial1d.py ..                          [  7%]
2025-01-10T11:29:30.8966230Z tardis/model/tests/test_base.py ........................................ [ 10%]
2025-01-10T11:29:31.8717920Z ............                                                             [ 10%]
2025-01-10T11:29:34.8991077Z tardis/model/tests/test_csvy_model.py .........                          [ 11%]
2025-01-10T11:29:34.9462284Z tardis/model/tests/test_density.py ..                                    [ 11%]
2025-01-10T11:29:36.2044858Z tardis/opacities/tests/test_opacity_solver.py .....                      [ 11%]
2025-01-10T11:29:37.4964128Z tardis/opacities/tests/test_opacity_state_numba.py .....                 [ 11%]
2025-01-10T11:29:39.0995126Z tardis/opacities/tests/test_tau_sobolev.py ..                            [ 12%]
2025-01-10T11:29:42.1043643Z tardis/plasma/equilibrium/tests/test_collisional_transitions.py ...      [ 12%]
2025-01-10T11:30:28.5976781Z tardis/plasma/equilibrium/tests/test_level_populations.py ....           [ 12%]
2025-01-10T11:30:39.8256075Z tardis/plasma/equilibrium/tests/test_rate_matrix.py .                    [ 12%]
2025-01-10T11:30:41.5279252Z tardis/plasma/tests/test_complete_plasmas.py .....................s..... [ 13%]
2025-01-10T11:30:44.4601534Z s....ssssss............s............ss.....s....ssssss............s..... [ 18%]
2025-01-10T11:30:46.2032382Z .......ss.....s....ssssss............s............ss.....s....ssssss.... [ 22%]
2025-01-10T11:30:49.0952071Z ........s............ss.....s........ss............s............ss.....s [ 26%]
2025-01-10T11:30:51.9692286Z ........ss............s............ss.....s....ssssss............s...... [ 30%]
2025-01-10T11:30:52.7273530Z ......ss.....s....ssssss............s............ss.....s.ss.ssssss..... [ 34%]
2025-01-10T11:30:55.9840012Z .......s............ss.....s....ssssss............s............ss.....s. [ 38%]
2025-01-10T11:30:58.8684728Z ...ssssss............s............ss.....s....ssssss............s....... [ 42%]
2025-01-10T11:31:01.9812371Z .....ss.....s....ssssss............s............s...........ssssss...... [ 46%]
2025-01-10T11:31:03.7866083Z ......s............s...........ssssss............s............s......... [ 50%]
2025-01-10T11:31:07.0032227Z ..ssssss............s............ss.....s....ssssss............s........ [ 54%]
2025-01-10T11:31:10.1609872Z ....ss.....s....ssssss..........................s.....s....ssss......... [ 58%]
2025-01-10T11:31:10.4873943Z ...................s.....s....ssss.......                                [ 60%]
2025-01-10T11:31:10.5987178Z tardis/plasma/tests/test_hdf_plasma.py ................................. [ 62%]
2025-01-10T11:31:10.6103488Z ......                                                                   [ 62%]
2025-01-10T11:31:10.7510290Z tardis/plasma/tests/test_nlte_excitation.py ...                          [ 62%]
2025-01-10T11:33:26.8167096Z tardis/plasma/tests/test_nlte_solver.py .....X                           [ 63%]
2025-01-10T11:33:26.8191928Z tardis/plasma/tests/test_plasma_continuum.py .                           [ 63%]
2025-01-10T11:33:49.8007468Z tardis/plasma/tests/test_plasma_vboundary.py .............               [ 63%]
2025-01-10T11:34:02.9400361Z tardis/plasma/tests/test_tardis_model_density_config.py ...              [ 64%]
2025-01-10T11:34:03.6796839Z tardis/simulation/tests/test_convergence.py .....                        [ 64%]
2025-01-10T11:34:12.1833738Z tardis/simulation/tests/test_simulation.py .............                 [ 65%]
2025-01-10T11:34:12.2029655Z tardis/spectrum/tests/test_cuda_formal_integral.py sssssssssssssssssssss [ 66%]
2025-01-10T11:34:12.6779618Z ssss...ssssssssssssssssssssss                                            [ 67%]
2025-01-10T11:34:12.6850835Z tardis/spectrum/tests/test_luminosity.py ....                            [ 68%]
2025-01-10T11:34:14.8531606Z tardis/spectrum/tests/test_numba_formal_integral.py .................... [ 69%]
2025-01-10T11:34:14.8725799Z ..........                                                               [ 69%]
2025-01-10T11:34:15.0434907Z tardis/spectrum/tests/test_spectrum.py ................................. [ 71%]
2025-01-10T11:34:15.0761136Z .........                                                                [ 72%]
2025-01-10T11:34:33.4841867Z tardis/spectrum/tests/test_spectrum_solver.py ....                       [ 72%]
2025-01-10T11:35:35.1708514Z tardis/tests/test_tardis_full.py ....                                    [ 72%]
2025-01-10T11:36:59.1804399Z tardis/tests/test_tardis_full_formal_integral.py ................        [ 73%]
2025-01-10T11:36:59.2569725Z tardis/tests/test_util.py .............................................  [ 75%]
2025-01-10T11:37:02.3962922Z tardis/transport/montecarlo/tests/test_base.py x.....................    [ 77%]
2025-01-10T11:37:09.5062543Z tardis/transport/montecarlo/tests/test_interaction.py .......            [ 77%]
2025-01-10T11:37:09.7251773Z tardis/transport/montecarlo/tests/test_macro_atom.py ....                [ 77%]
2025-01-10T11:37:09.7431552Z tardis/transport/montecarlo/tests/test_montecarlo.py sssssssssssssssssss [ 78%]
2025-01-10T11:37:09.7861738Z sssssssssssssssssssssssssssssssssssssssssssss                            [ 81%]
2025-01-10T11:37:18.5582831Z tardis/transport/montecarlo/tests/test_montecarlo_main_loop.py x..       [ 81%]
2025-01-10T11:37:18.5650307Z tardis/transport/montecarlo/tests/test_nonhomologous.py ...              [ 81%]
2025-01-10T11:37:24.7907435Z tardis/transport/montecarlo/tests/test_numba_interface.py .....x.        [ 82%]
2025-01-10T11:37:25.2705818Z tardis/transport/montecarlo/tests/test_opacities.py ...............      [ 82%]
2025-01-10T11:37:26.2868748Z tardis/transport/montecarlo/tests/test_packet.py .................xXXXXX [ 84%]
2025-01-10T11:37:26.4202191Z XX.........                                                              [ 84%]
2025-01-10T11:37:26.4479424Z tardis/transport/montecarlo/tests/test_packet_source.py ........         [ 85%]
2025-01-10T11:37:26.7524348Z tardis/transport/montecarlo/tests/test_rpacket_last_interaction_tracker.py . [ 85%]
2025-01-10T11:37:27.1561082Z .....                                                                    [ 85%]
2025-01-10T11:38:01.8912537Z tardis/transport/montecarlo/tests/test_rpacket_tracker.py ......         [ 85%]
2025-01-10T11:38:01.9199753Z tardis/transport/montecarlo/tests/test_single_packet_loop.py xxx         [ 86%]
2025-01-10T11:38:01.9233555Z tardis/transport/montecarlo/tests/test_tracker_utils.py ..               [ 86%]
2025-01-10T11:38:04.3529819Z tardis/transport/montecarlo/tests/test_vpacket.py ..x.                   [ 86%]
2025-01-10T11:38:04.3702627Z tardis/transport/montecarlo/tests/test_weighted_packet_source.py ....    [ 86%]
2025-01-10T11:38:07.7732147Z tardis/transport/montecarlo/tests/test_weighted_packet_source_integration.py . [ 86%]
2025-01-10T11:38:07.7734706Z                                                                          [ 86%]
2025-01-10T11:38:08.5097809Z tardis/transport/tests/test_doppler_factor.py ..................         [ 87%]
2025-01-10T11:38:09.8508918Z tardis/visualization/tools/tests/test_convergence_plot.py .............. [ 88%]
2025-01-10T11:38:12.1039760Z ......                                                                   [ 88%]
2025-01-10T11:38:17.2250342Z tardis/visualization/tools/tests/test_liv_plot.py ...................... [ 90%]
2025-01-10T11:38:19.8565312Z .............................                                            [ 91%]
2025-01-10T11:38:22.6900454Z tardis/visualization/tools/tests/test_rpacket_plot.py .................. [ 92%]
2025-01-10T11:38:29.6895542Z ....                                                                     [ 92%]
2025-01-10T11:38:35.5665144Z tardis/visualization/tools/tests/test_sdec_plot.py ..................... [ 94%]
2025-01-10T11:38:43.4970541Z ..............................                                           [ 95%]
2025-01-10T11:38:43.9279235Z tardis/visualization/widgets/tests/test_custom_abundance.py ........ss.. [ 96%]
2025-01-10T11:38:43.9984809Z ....                                                                     [ 96%]
2025-01-10T11:38:45.0437199Z tardis/visualization/widgets/tests/test_line_info.py ................... [ 97%]
2025-01-10T11:38:45.6619503Z ..................                                                       [ 98%]
2025-01-10T11:39:48.9229973Z tardis/visualization/widgets/tests/test_shell_info.py .................. [ 99%]
2025-01-10T11:39:56.8482574Z ......                                                                   [100%]
2025-01-10T11:39:56.8483114Z 
2025-01-10T11:39:56.8483401Z =============================== warnings summary ===============================
2025-01-10T11:39:56.8484058Z tardis/io/configuration/config_validator.py:6
2025-01-10T11:39:56.8484800Z tardis/io/configuration/config_validator.py:6
2025-01-10T11:39:56.8486027Z   /home/runner/work/tardis/tardis/tardis/io/configuration/config_validator.py:6: DeprecationWarning:
2025-01-10T11:39:56.8487273Z   
2025-01-10T11:39:56.8489832Z   jsonschema.RefResolver is deprecated as of v4.18.0, in favor of the https://github.com/python-jsonschema/referencing library, which provides more compliant referencing behavior as well as more flexible APIs for customization. A future release will remove RefResolver. Please file a feature request (on referencing) if you are missing an API for the kind of customization you need.
2025-01-10T11:39:56.8492272Z 
2025-01-10T11:39:56.8492676Z ../../../micromamba/envs/tardis/lib/python3.12/site-packages/jupyter_client/connect.py:22
2025-01-10T11:39:56.8493819Z   /home/runner/micromamba/envs/tardis/lib/python3.12/site-packages/jupyter_client/connect.py:22: DeprecationWarning:
2025-01-10T11:39:56.8494628Z   
2025-01-10T11:39:56.8494941Z   Jupyter is migrating its paths to use standard platformdirs
2025-01-10T11:39:56.8495394Z   given by the platformdirs library.  To remove this warning and
2025-01-10T11:39:56.8495785Z   see the appropriate new directories, set the environment variable
2025-01-10T11:39:56.8496180Z   `JUPYTER_PLATFORM_DIRS=1` and then run `jupyter --paths`.
2025-01-10T11:39:56.8496570Z   The use of platformdirs will be the default in `jupyter_core` v6
2025-01-10T11:39:56.8496814Z 
2025-01-10T11:39:56.8503958Z tardis/io/tests/test_HDFWriter.py::test_multi_index_write
2025-01-10T11:39:56.8504495Z tardis/visualization/widgets/tests/test_shell_info.py::TestHDFShellInfo::test_shells_data
2025-01-10T11:39:56.8505056Z   /home/runner/work/tardis/tardis/tardis/io/util.py:276: PerformanceWarning:
2025-01-10T11:39:56.8505416Z   
2025-01-10T11:39:56.8505569Z   
2025-01-10T11:39:56.8505859Z   your performance may suffer as PyTables will pickle object types that it cannot
2025-01-10T11:39:56.8506405Z   map directly to c-types [inferred_type->mixed,key->block0_values] [items->Index([0], dtype='int64')]
2025-01-10T11:39:56.8506748Z 
2025-01-10T11:39:56.8506948Z tardis/io/tests/test_model_reader.py::test_read_cmfgen_isotope_abundances
2025-01-10T11:39:56.8507438Z tardis/plasma/tests/test_tardis_model_density_config.py::test_electron_densities
2025-01-10T11:39:56.8507955Z tardis/plasma/tests/test_tardis_model_density_config.py::test_isotope_number_densities
2025-01-10T11:39:56.8508442Z tardis/plasma/tests/test_tardis_model_density_config.py::test_t_rad
2025-01-10T11:39:56.8509005Z   /home/runner/work/tardis/tardis/tardis/io/model/readers/cmfgen_deprecated.py:82: DeprecationWarning:
2025-01-10T11:39:56.8509460Z   
2025-01-10T11:39:56.8509657Z   The current CMFGEN model parser is deprecated
2025-01-10T11:39:56.8509846Z 
2025-01-10T11:39:56.8509960Z tardis/io/tests/test_model_reader.py: 1 warning
2025-01-10T11:39:56.8510515Z tardis/plasma/tests/test_tardis_model_density_config.py: 9 warnings
2025-01-10T11:39:56.8511330Z   /home/runner/work/tardis/tardis/tardis/io/model/readers/cmfgen_deprecated.py:40: DeprecationWarning:
2025-01-10T11:39:56.8511784Z   
2025-01-10T11:39:56.8511972Z   The current CMFGEN model parser is deprecated
2025-01-10T11:39:56.8512165Z 
2025-01-10T11:39:56.8512377Z tardis/model/tests/test_base.py::TestModelFromPaper1Config::test_abundances
2025-01-10T11:39:56.8513027Z   /home/runner/work/tardis/tardis/tardis/transport/montecarlo/montecarlo_main_loop.py:123: NumbaTypeSafetyWarning:
2025-01-10T11:39:56.8513533Z   
2025-01-10T11:39:56.8514193Z   [1m[1m[1munsafe cast from uint64 to int64. Precision may be lost.[0m[0m[0m
2025-01-10T11:39:56.8514472Z 
2025-01-10T11:39:56.8514573Z tardis/model/tests/test_base.py: 6 warnings
2025-01-10T11:39:56.8514863Z tardis/model/tests/test_csvy_model.py: 2 warnings
2025-01-10T11:39:56.8515237Z tardis/plasma/tests/test_tardis_model_density_config.py: 3 warnings
2025-01-10T11:39:56.8515753Z   /home/runner/work/tardis/tardis/tardis/model/geometry/radial1d.py:50: DeprecationWarning:
2025-01-10T11:39:56.8516181Z   
2025-01-10T11:39:56.8516372Z   v_inner_boundary < 0, assuming default value
2025-01-10T11:39:56.8516553Z 
2025-01-10T11:39:56.8516661Z tardis/model/tests/test_base.py: 6 warnings
2025-01-10T11:39:56.8516951Z tardis/model/tests/test_csvy_model.py: 2 warnings
2025-01-10T11:39:56.8517313Z tardis/plasma/tests/test_tardis_model_density_config.py: 3 warnings
2025-01-10T11:39:56.8517845Z   /home/runner/work/tardis/tardis/tardis/model/geometry/radial1d.py:61: DeprecationWarning:
2025-01-10T11:39:56.8518265Z   
2025-01-10T11:39:56.8518456Z   v_outer_boundary < 0, assuming default value
2025-01-10T11:39:56.8518642Z 
2025-01-10T11:39:56.8519094Z tardis/plasma/equilibrium/tests/test_level_populations.py::TestLevelPopulationSolver::test_solve[collisional_rate_solver0-radiative_transitions0]
2025-01-10T11:39:56.8519910Z   /home/runner/work/tardis/tardis/tardis/plasma/equilibrium/level_populations.py:65: FutureWarning:
2025-01-10T11:39:56.8520598Z   
2025-01-10T11:39:56.8520967Z   A value is trying to be set on a copy of a DataFrame or Series through chained assignment using an inplace method.
2025-01-10T11:39:56.8521748Z   The behavior will change in pandas 3.0. This inplace method will never work because the intermediate object on which we are setting values always behaves as a copy.
2025-01-10T11:39:56.8522319Z   
2025-01-10T11:39:56.8522935Z   For example, when doing 'df[col].method(value, inplace=True)', try using 'df.method({col: value}, inplace=True)' or df[col] = df[col].method(value) instead, to perform the operation inplace on the original object.
2025-01-10T11:39:56.8523524Z 
2025-01-10T11:39:56.8523671Z tardis/plasma/tests/test_complete_plasmas.py: 20 warnings
2025-01-10T11:39:56.8524169Z   /home/runner/work/tardis/tardis/tardis/plasma/tests/test_complete_plasmas.py:197: UserWarning:
2025-01-10T11:39:56.8524589Z   
2025-01-10T11:39:56.8524793Z   Property "atomic_mass" not found
2025-01-10T11:39:56.8525075Z 
2025-01-10T11:39:56.8525834Z tardis/plasma/tests/test_complete_plasmas.py::TestPlasma::test_plasma_properties[radiative_rates_type:detailed-w_epsilon:1e-10-j_blues_norm_factor]
2025-01-10T11:39:56.8526810Z tardis/plasma/tests/test_complete_plasmas.py::TestPlasma::test_plasma_properties[radiative_rates_type:detailed-j_blues_norm_factor]
2025-01-10T11:39:56.8527532Z   /home/runner/work/tardis/tardis/tardis/plasma/tests/test_complete_plasmas.py:197: UserWarning:
2025-01-10T11:39:56.8527948Z   
2025-01-10T11:39:56.8528126Z   Property "j_blues_norm_factor" not found
2025-01-10T11:39:56.8528302Z 
2025-01-10T11:39:56.8528722Z tardis/plasma/tests/test_complete_plasmas.py::TestPlasma::test_plasma_properties[radiative_rates_type:detailed-w_epsilon:1e-10-j_blue_estimator]
2025-01-10T11:39:56.8529567Z tardis/plasma/tests/test_complete_plasmas.py::TestPlasma::test_plasma_properties[radiative_rates_type:detailed-j_blue_estimator]
2025-01-10T11:39:56.8530528Z   /home/runner/work/tardis/tardis/tardis/plasma/tests/test_complete_plasmas.py:197: UserWarning:
2025-01-10T11:39:56.8530956Z   
2025-01-10T11:39:56.8531305Z   Property "j_blue_estimator" not found
2025-01-10T11:39:56.8531480Z 
2025-01-10T11:39:56.8531865Z tardis/plasma/tests/test_complete_plasmas.py::TestPlasma::test_plasma_properties[radiative_rates_type:detailed-w_epsilon:1e-10-volume]
2025-01-10T11:39:56.8532658Z tardis/plasma/tests/test_complete_plasmas.py::TestPlasma::test_plasma_properties[radiative_rates_type:detailed-volume]
2025-01-10T11:39:56.8533349Z   /home/runner/work/tardis/tardis/tardis/plasma/tests/test_complete_plasmas.py:197: UserWarning:
2025-01-10T11:39:56.8533771Z   
2025-01-10T11:39:56.8534074Z   Property "volume" not found
2025-01-10T11:39:56.8534234Z 
2025-01-10T11:39:56.8534630Z tardis/plasma/tests/test_complete_plasmas.py::TestPlasma::test_plasma_properties[radiative_rates_type:detailed-w_epsilon:1e-10-r_inner]
2025-01-10T11:39:56.8535422Z tardis/plasma/tests/test_complete_plasmas.py::TestPlasma::test_plasma_properties[radiative_rates_type:detailed-r_inner]
2025-01-10T11:39:56.8536107Z   /home/runner/work/tardis/tardis/tardis/plasma/tests/test_complete_plasmas.py:197: UserWarning:
2025-01-10T11:39:56.8536531Z   
2025-01-10T11:39:56.8536696Z   Property "r_inner" not found
2025-01-10T11:39:56.8536842Z 
2025-01-10T11:39:56.8537055Z tardis/plasma/tests/test_plasma_vboundary.py::test_plasma_vboundary[2900-3750]
2025-01-10T11:39:56.8537546Z tardis/plasma/tests/test_plasma_vboundary.py::test_plasma_vboundary[2900-3850]
2025-01-10T11:39:56.8538024Z tardis/plasma/tests/test_plasma_vboundary.py::test_plasma_vboundary[2900-3900]
2025-01-10T11:39:56.8538538Z   /home/runner/work/tardis/tardis/tardis/model/geometry/radial1d.py:71: UserWarning:
2025-01-10T11:39:56.8538917Z   
2025-01-10T11:39:56.8539190Z   Requesting inner boundary below inner shell. Extrapolating the inner cell
2025-01-10T11:39:56.8539462Z 
2025-01-10T11:39:56.8539666Z tardis/spectrum/tests/test_spectrum_solver.py::TestSpectrumSolver::test_solve
2025-01-10T11:39:56.8540364Z   /home/runner/work/tardis/tardis/tardis/spectrum/base.py:70: UserWarning:
2025-01-10T11:39:56.8540723Z   
2025-01-10T11:39:56.8541124Z   SpectrumSolver.spectrum_virtual_packets is zero. Please run the montecarlo simulation with no_of_virtual_packets > 0
2025-01-10T11:39:56.8541530Z 
2025-01-10T11:39:56.8541738Z tardis/spectrum/tests/test_spectrum_solver.py::TestSpectrumSolver::test_solve
2025-01-10T11:39:56.8542217Z   /home/runner/work/tardis/tardis/tardis/spectrum/base.py:111: UserWarning:
2025-01-10T11:39:56.8542553Z   
2025-01-10T11:39:56.8542974Z   SpectrumSolver.integrator: The FormalIntegrator is not yet available.Please run the montecarlo simulation at least once.
2025-01-10T11:39:56.8543395Z 
2025-01-10T11:39:56.8543607Z tardis/transport/montecarlo/tests/test_vpacket.py::test_trace_vpacket_volley
2025-01-10T11:39:56.8544008Z   <string>:3: NumbaPendingDeprecationWarning:
2025-01-10T11:39:56.8544256Z   
2025-01-10T11:39:56.8545413Z   [1m[1mCode using Numba extension API maybe depending on 'old_style' error-capturing, which is deprecated and will be replaced by 'new_style' in a future release. See details at https://numba.readthedocs.io/en/latest/reference/deprecation.html#deprecation-of-old-style-numba-captured-errors
2025-01-10T11:39:56.8546419Z   Exception origin:
2025-01-10T11:39:56.8546789Z     File "/home/runner/micromamba/envs/tardis/lib/python3.12/inspect.py", line 3180, in _bind
2025-01-10T11:39:56.8547200Z       raise TypeError(msg) from None
2025-01-10T11:39:56.8547451Z   [0m[0m
2025-01-10T11:39:56.8547550Z 
2025-01-10T11:39:56.8547872Z tardis/visualization/tools/tests/test_sdec_plot.py::TestSDECPlotter::test_mpl_image[plotter_generate_plot_mpl4]
2025-01-10T11:39:56.8548552Z   /home/runner/work/tardis/tardis/tardis/visualization/tools/sdec_plot.py:728: RuntimeWarning:
2025-01-10T11:39:56.8548973Z   
2025-01-10T11:39:56.8549887Z   More than 20 figures have been opened. Figures created through the pyplot interface (`matplotlib.pyplot.figure`) are retained until explicitly closed and may consume too much memory. (To control this warning, see the rcParam `figure.max_open_warning`). Consider using `matplotlib.pyplot.close()`.
2025-01-10T11:39:56.8551105Z 
2025-01-10T11:39:56.8551481Z tardis/visualization/widgets/tests/test_custom_abundance.py::TestCustomAbundanceWidget::test_update_input_item_value
2025-01-10T11:39:56.8552245Z tardis/visualization/widgets/tests/test_custom_abundance.py::TestCustomAbundanceWidget::test_update_input_item_value
2025-01-10T11:39:56.8552999Z tardis/visualization/widgets/tests/test_custom_abundance.py::TestCustomAbundanceWidget::test_update_input_item_value
2025-01-10T11:39:56.8553874Z tardis/visualization/widgets/tests/test_custom_abundance.py::TestCustomAbundanceWidget::test_update_input_item_value
2025-01-10T11:39:56.8554631Z tardis/visualization/widgets/tests/test_custom_abundance.py::TestCustomAbundanceWidget::test_update_input_item_value
2025-01-10T11:39:56.8555387Z tardis/visualization/widgets/tests/test_custom_abundance.py::TestCustomAbundanceWidget::test_update_input_item_value
2025-01-10T11:39:56.8556158Z   /home/runner/micromamba/envs/tardis/lib/python3.12/site-packages/traitlets/traitlets.py:1385: DeprecationWarning:
2025-01-10T11:39:56.8556655Z   
2025-01-10T11:39:56.8556957Z   Passing unrecognized arguments to super(Checkbox).__init__(icon='lock').
2025-01-10T11:39:56.8557399Z   object.__init__() takes exactly one argument (the instance to initialize)
2025-01-10T11:39:56.8557878Z   This is deprecated in traitlets 4.2.This error will be raised in a future release of traitlets.
2025-01-10T11:39:56.8558190Z 
2025-01-10T11:39:56.8558547Z tardis/visualization/widgets/tests/test_custom_abundance.py::TestCustomAbundanceWidget::test_update_input_item_value
2025-01-10T11:39:56.8559305Z tardis/visualization/widgets/tests/test_custom_abundance.py::TestCustomAbundanceWidget::test_update_input_item_value
2025-01-10T11:39:56.8560065Z   /home/runner/micromamba/envs/tardis/lib/python3.12/site-packages/traitlets/traitlets.py:1385: DeprecationWarning:
2025-01-10T11:39:56.8560862Z   
2025-01-10T11:39:56.8561124Z   Passing unrecognized arguments to super(FloatText).__init__(min=0).
2025-01-10T11:39:56.8561551Z   object.__init__() takes exactly one argument (the instance to initialize)
2025-01-10T11:39:56.8562029Z   This is deprecated in traitlets 4.2.This error will be raised in a future release of traitlets.
2025-01-10T11:39:56.8562340Z 
2025-01-10T11:39:56.8562682Z tardis/visualization/widgets/tests/test_custom_abundance.py::TestCustomAbundanceWidget::test_update_input_item_value
2025-01-10T11:39:56.8563441Z   /home/runner/micromamba/envs/tardis/lib/python3.12/site-packages/traitlets/traitlets.py:1385: DeprecationWarning:
2025-01-10T11:39:56.8563932Z   
2025-01-10T11:39:56.8564193Z   Passing unrecognized arguments to super(HTML).__init__(indent=True).
2025-01-10T11:39:56.8564617Z   object.__init__() takes exactly one argument (the instance to initialize)
2025-01-10T11:39:56.8565085Z   This is deprecated in traitlets 4.2.This error will be raised in a future release of traitlets.
2025-01-10T11:39:56.8565396Z 
2025-01-10T11:39:56.8565818Z tardis/visualization/widgets/tests/test_line_info.py::TestLineInfoWidgetData::test_get_species_interactions[wavelength_range0-packet_out_nu]
2025-01-10T11:39:56.8566630Z   /home/runner/micromamba/envs/tardis/lib/python3.12/site-packages/qgridnext/grid.py:825: DeprecationWarning:
2025-01-10T11:39:56.8567090Z   
2025-01-10T11:39:56.8567442Z   QgridWidget._grid_options_changed is deprecated in traitlets 4.1: use @observe and @unobserve instead.
2025-01-10T11:39:56.8567795Z 
2025-01-10T11:39:56.8568048Z tardis/visualization/widgets/tests/test_shell_info.py::TestHDFShellInfo::test_shells_data
2025-01-10T11:39:56.8568584Z   /home/runner/work/tardis/tardis/tardis/io/util.py:289: PerformanceWarning:
2025-01-10T11:39:56.8568932Z   
2025-01-10T11:39:56.8569080Z   
2025-01-10T11:39:56.8569361Z   your performance may suffer as PyTables will pickle object types that it cannot
2025-01-10T11:39:56.8569885Z   map directly to c-types [inferred_type->mixed,key->block0_values] [items->Index([0], dtype='int64')]
2025-01-10T11:39:56.8570463Z 
2025-01-10T11:39:56.8570902Z tardis/visualization/widgets/tests/test_shell_info.py::TestHDFShellInfo::test_shells_data
2025-01-10T11:39:56.8571451Z   /home/runner/work/tardis/tardis/tardis/io/util.py:292: PerformanceWarning:
2025-01-10T11:39:56.8571800Z   
2025-01-10T11:39:56.8571946Z   
2025-01-10T11:39:56.8572224Z   your performance may suffer as PyTables will pickle object types that it cannot
2025-01-10T11:39:56.8572677Z   map directly to c-types [inferred_type->mixed,key->values] [items->None]
2025-01-10T11:39:56.8572929Z 
2025-01-10T11:39:56.8573290Z tardis/visualization/widgets/tests/test_shell_info.py::TestHDFShellInfo::test_shells_data
2025-01-10T11:39:56.8573870Z   /home/runner/work/tardis/tardis/tardis/spectrum/formal_integral.py:398: UserWarning:
2025-01-10T11:39:56.8574260Z   
2025-01-10T11:39:56.8574530Z   The number of interpolate_shells was not specified. The value was set to 80.
2025-01-10T11:39:56.8574797Z 
2025-01-10T11:39:56.8574983Z -- Docs: https://docs.pytest.org/en/stable/how-to/capture-warnings.html
2025-01-10T11:39:56.8575253Z 
2025-01-10T11:39:56.8575413Z ---------- coverage: platform linux, python 3.12.4-final-0 -----------
2025-01-10T11:39:56.8575762Z Coverage HTML written to dir coverage_html_report
2025-01-10T11:39:56.8576055Z Coverage XML written to file coverage.xml
2025-01-10T11:39:56.8576232Z 
2025-01-10T11:39:56.8576458Z = 1438 passed, 329 skipped, 2 deselected, 19 xfailed, 8 xpassed, 91 warnings in 740.82s (0:12:20) =
2025-01-10T11:39:58.8981240Z ##[group]Run mv .coverage .coverage.2
2025-01-10T11:39:58.8981574Z [36;1mmv .coverage .coverage.2[0m
2025-01-10T11:39:58.9021956Z shell: /usr/bin/bash -l {0}
2025-01-10T11:39:58.9022194Z env:
2025-01-10T11:39:58.9022361Z   CACHE_NUMBER: 0
2025-01-10T11:39:58.9022984Z   PYTEST_FLAGS: --tardis-regression-data=/home/runner/work/tardis/tardis/tardis-regression-data --cov=tardis --cov-report=xml --cov-report=html --cov-append
2025-01-10T11:39:58.9023628Z   CODECOV_TOKEN: 
2025-01-10T11:39:58.9023848Z   MAMBA_ROOT_PREFIX: /home/runner/micromamba
2025-01-10T11:39:58.9024165Z   MAMBA_EXE: /home/runner/micromamba-bin/micromamba
2025-01-10T11:39:58.9024510Z   CONDARC: /home/runner/work/_temp/setup-micromamba/.condarc
2025-01-10T11:39:58.9024804Z ##[endgroup]
2025-01-10T11:39:59.0202120Z ##[group]Run actions/upload-artifact@v4
2025-01-10T11:39:59.0202412Z with:
2025-01-10T11:39:59.0202644Z   name: coverage-not-continuum-ubuntu-latest
2025-01-10T11:39:59.0202933Z   include-hidden-files: true
2025-01-10T11:39:59.0203174Z   path: .coverage*
!.coveragerc

2025-01-10T11:39:59.0203422Z   if-no-files-found: warn
2025-01-10T11:39:59.0203639Z   compression-level: 6
2025-01-10T11:39:59.0203844Z   overwrite: false
2025-01-10T11:39:59.0204025Z env:
2025-01-10T11:39:59.0204184Z   CACHE_NUMBER: 0
2025-01-10T11:39:59.0204795Z   PYTEST_FLAGS: --tardis-regression-data=/home/runner/work/tardis/tardis/tardis-regression-data --cov=tardis --cov-report=xml --cov-report=html --cov-append
2025-01-10T11:39:59.0205435Z   CODECOV_TOKEN: 
2025-01-10T11:39:59.0205654Z   MAMBA_ROOT_PREFIX: /home/runner/micromamba
2025-01-10T11:39:59.0205970Z   MAMBA_EXE: /home/runner/micromamba-bin/micromamba
2025-01-10T11:39:59.0206320Z   CONDARC: /home/runner/work/_temp/setup-micromamba/.condarc
2025-01-10T11:39:59.0206641Z ##[endgroup]
2025-01-10T11:39:59.2656785Z With the provided path, there will be 1 file uploaded
2025-01-10T11:39:59.2662090Z Artifact name is valid!
2025-01-10T11:39:59.2663435Z Root directory input is valid!
2025-01-10T11:39:59.4445929Z Beginning upload of artifact content to blob storage
2025-01-10T11:39:59.5759953Z Uploaded bytes 19670
2025-01-10T11:39:59.6059870Z Finished uploading artifact content to blob storage!
2025-01-10T11:39:59.6062847Z SHA256 hash of uploaded artifact zip is a4da1080a1b4daf6771faa970dab6d0a9c8aa56563f30c3165d6d45c1f1291a3
2025-01-10T11:39:59.6064715Z Finalizing artifact upload
2025-01-10T11:39:59.7378033Z Artifact coverage-not-continuum-ubuntu-latest.zip successfully finalized. Artifact ID 2412511525
2025-01-10T11:39:59.7379944Z Artifact coverage-not-continuum-ubuntu-latest has been successfully uploaded! Final size is 19670 bytes. Artifact ID is 2412511525
2025-01-10T11:39:59.7386667Z Artifact download URL: https://github.com/tardis-sn/tardis/actions/runs/12708629875/artifacts/2412511525
2025-01-10T11:39:59.7514344Z Post job cleanup.
2025-01-10T11:39:59.7545221Z Post job cleanup.
2025-01-10T11:39:59.8859350Z Will use pre-installed micromamba at /home/runner/micromamba-bin/micromamba
2025-01-10T11:39:59.8866892Z Removing micromamba run shell ...
2025-01-10T11:39:59.8870864Z ##[group]Deinitialize micromamba for bash
2025-01-10T11:39:59.8889157Z [command]/home/runner/micromamba-bin/micromamba shell deinit -s bash -r /home/runner/micromamba --log-level warning --rc-file /home/runner/work/_temp/setup-micromamba/.condarc
2025-01-10T11:39:59.8986558Z Resetting RC file "/home/runner/.bashrc"
2025-01-10T11:39:59.8988356Z Deleting config for root prefix 
2025-01-10T11:39:59.8988887Z Clearing mamba executable environment variable
2025-01-10T11:39:59.8989563Z Removing the following in your "/home/runner/.bashrc" file
2025-01-10T11:39:59.8989988Z # >>> mamba initialize >>>
2025-01-10T11:39:59.8990421Z ...
2025-01-10T11:39:59.8990594Z # <<< mamba initialize <<<
2025-01-10T11:39:59.9019730Z Removing mamba initialize block from .bash_profile
2025-01-10T11:39:59.9034528Z ##[endgroup]
2025-01-10T11:39:59.9038443Z Removing environment tardis from auto-activate bash ...
2025-01-10T11:39:59.9195091Z Post job cleanup.
2025-01-10T11:39:59.9243667Z Post job cleanup.
2025-01-10T11:40:00.0212322Z [command]/usr/bin/git version
2025-01-10T11:40:00.0248405Z git version 2.47.1
2025-01-10T11:40:00.0298366Z Temporarily overriding HOME='/home/runner/work/_temp/d93161cb-16e7-4de0-878a-9d291ad64fc4' before making global git config changes
2025-01-10T11:40:00.0299685Z Adding repository directory to the temporary git global config as a safe directory
2025-01-10T11:40:00.0304631Z [command]/usr/bin/git config --global --add safe.directory /home/runner/work/tardis/tardis/tardis-regression-data
2025-01-10T11:40:00.0338904Z [command]/usr/bin/git config --local --name-only --get-regexp core\.sshCommand
2025-01-10T11:40:00.0371569Z [command]/usr/bin/git submodule foreach --recursive sh -c "git config --local --name-only --get-regexp 'core\.sshCommand' && git config --local --unset-all 'core.sshCommand' || :"
2025-01-10T11:40:00.0597696Z [command]/usr/bin/git config --local --name-only --get-regexp http\.https\:\/\/github\.com\/\.extraheader
2025-01-10T11:40:00.0617067Z http.https://github.com/.extraheader
2025-01-10T11:40:00.0629035Z [command]/usr/bin/git config --local --unset-all http.https://github.com/.extraheader
2025-01-10T11:40:00.0659123Z [command]/usr/bin/git submodule foreach --recursive sh -c "git config --local --name-only --get-regexp 'http\.https\:\/\/github\.com\/\.extraheader' && git config --local --unset-all 'http.https://github.com/.extraheader' || :"
2025-01-10T11:40:00.0991192Z Post job cleanup.
2025-01-10T11:40:00.1913233Z [command]/usr/bin/git version
2025-01-10T11:40:00.1948371Z git version 2.47.1
2025-01-10T11:40:00.1995454Z Temporarily overriding HOME='/home/runner/work/_temp/4837162c-3199-4507-b374-4eca781be7f3' before making global git config changes
2025-01-10T11:40:00.1996584Z Adding repository directory to the temporary git global config as a safe directory
2025-01-10T11:40:00.2000613Z [command]/usr/bin/git config --global --add safe.directory /home/runner/work/tardis/tardis
2025-01-10T11:40:00.2034087Z [command]/usr/bin/git config --local --name-only --get-regexp core\.sshCommand
2025-01-10T11:40:00.2065018Z [command]/usr/bin/git submodule foreach --recursive sh -c "git config --local --name-only --get-regexp 'core\.sshCommand' && git config --local --unset-all 'core.sshCommand' || :"
2025-01-10T11:40:00.2305315Z [command]/usr/bin/git config --local --name-only --get-regexp http\.https\:\/\/github\.com\/\.extraheader
2025-01-10T11:40:00.2325747Z http.https://github.com/.extraheader
2025-01-10T11:40:00.2337737Z [command]/usr/bin/git config --local --unset-all http.https://github.com/.extraheader
2025-01-10T11:40:00.2367326Z [command]/usr/bin/git submodule foreach --recursive sh -c "git config --local --name-only --get-regexp 'http\.https\:\/\/github\.com\/\.extraheader' && git config --local --unset-all 'http.https://github.com/.extraheader' || :"
2025-01-10T11:40:00.2711063Z Cleaning up orphan processes
