2025-01-20T14:07:17.2730591Z Requested labels: macos-latest
2025-01-20T14:07:17.2730821Z Job defined at: tardis-sn/tardis/.github/workflows/tests.yml@refs/pull/2872/merge
2025-01-20T14:07:17.2730916Z Waiting for a runner to pick up this job...
2025-01-20T14:07:17.4201855Z Job is waiting for a hosted runner to come online.
2025-01-20T14:07:20.0807277Z Job is about to start running on the hosted runner: GitHub Actions 23 (hosted)
2025-01-20T14:07:21.5471620Z Current runner version: '2.321.0'
2025-01-20T14:07:21.5487730Z ##[group]Operating System
2025-01-20T14:07:21.5488170Z macOS
2025-01-20T14:07:21.5488460Z 14.7.2
2025-01-20T14:07:21.5488750Z 23H311
2025-01-20T14:07:21.5489040Z ##[endgroup]
2025-01-20T14:07:21.5489360Z ##[group]Runner Image
2025-01-20T14:07:21.5489690Z Image: macos-14-arm64
2025-01-20T14:07:21.5489990Z Version: 20250113.751
2025-01-20T14:07:21.5490640Z Included Software: https://github.com/actions/runner-images/blob/macos-14-arm64/20250113.751/images/macos/macos-14-arm64-Readme.md
2025-01-20T14:07:21.5491550Z Image Release: https://github.com/actions/runner-images/releases/tag/macos-14-arm64%2F20250113.751
2025-01-20T14:07:21.5492120Z ##[endgroup]
2025-01-20T14:07:21.5492410Z ##[group]Runner Image Provisioner
2025-01-20T14:07:21.5492800Z 2.0.414.1+2ecee806bcbb7b5d267443ac0090547f461e95b1
2025-01-20T14:07:21.5493190Z ##[endgroup]
2025-01-20T14:07:21.5494490Z ##[group]GITHUB_TOKEN Permissions
2025-01-20T14:07:21.5495450Z Actions: read
2025-01-20T14:07:21.5495760Z Attestations: read
2025-01-20T14:07:21.5496060Z Checks: read
2025-01-20T14:07:21.5496350Z Contents: read
2025-01-20T14:07:21.5496630Z Deployments: read
2025-01-20T14:07:21.5496940Z Discussions: read
2025-01-20T14:07:21.5497230Z Issues: read
2025-01-20T14:07:21.5497510Z Metadata: read
2025-01-20T14:07:21.5497800Z Packages: read
2025-01-20T14:07:21.5498080Z Pages: read
2025-01-20T14:07:21.5498370Z PullRequests: read
2025-01-20T14:07:21.5498680Z RepositoryProjects: read
2025-01-20T14:07:21.5499000Z SecurityEvents: read
2025-01-20T14:07:21.5499300Z Statuses: read
2025-01-20T14:07:21.5499590Z ##[endgroup]
2025-01-20T14:07:21.5501280Z Secret source: None
2025-01-20T14:07:21.5501690Z Prepare workflow directory
2025-01-20T14:07:21.5932370Z Prepare all required actions
2025-01-20T14:07:21.5970170Z Getting action download info
2025-01-20T14:07:21.7560250Z Download action repository 'actions/checkout@v4' (SHA:11bd71901bbe5b1630ceea73d27597364c9af683)
2025-01-20T14:07:21.9637700Z Download action repository 'actions/upload-artifact@v4' (SHA:65c4c4a1ddee5b72f698fdd19549f0f0fb45cf08)
2025-01-20T14:07:23.1397740Z Complete job name:  continuum macos-latest 
2025-01-20T14:07:23.1764660Z ##[group]Run actions/checkout@v4
2025-01-20T14:07:23.1765180Z with:
2025-01-20T14:07:23.1765480Z   repository: tardis-sn/tardis
2025-01-20T14:07:23.1765940Z   token: ***
2025-01-20T14:07:23.1766220Z   ssh-strict: true
2025-01-20T14:07:23.1766500Z   ssh-user: git
2025-01-20T14:07:23.1766790Z   persist-credentials: true
2025-01-20T14:07:23.1767120Z   clean: true
2025-01-20T14:07:23.1767420Z   sparse-checkout-cone-mode: true
2025-01-20T14:07:23.1767760Z   fetch-depth: 1
2025-01-20T14:07:23.1768040Z   fetch-tags: false
2025-01-20T14:07:23.1768340Z   show-progress: true
2025-01-20T14:07:23.1768640Z   lfs: false
2025-01-20T14:07:23.1768930Z   submodules: false
2025-01-20T14:07:23.1769230Z   set-safe-directory: true
2025-01-20T14:07:23.1769640Z env:
2025-01-20T14:07:23.1769910Z   CACHE_NUMBER: 0
2025-01-20T14:07:23.1770740Z   PYTEST_FLAGS: --tardis-regression-data=/Users/runner/work/tardis/tardis/tardis-regression-data --cov=tardis --cov-report=xml --cov-report=html --cov-append
2025-01-20T14:07:23.1771640Z   CODECOV_TOKEN: 
2025-01-20T14:07:23.1771930Z ##[endgroup]
2025-01-20T14:07:23.5312160Z Syncing repository: tardis-sn/tardis
2025-01-20T14:07:23.5313460Z ##[group]Getting Git version info
2025-01-20T14:07:23.5313960Z Working directory is '/Users/runner/work/tardis/tardis'
2025-01-20T14:07:23.5314680Z [command]/opt/homebrew/bin/git version
2025-01-20T14:07:23.5553700Z git version 2.48.0
2025-01-20T14:07:23.5578240Z ##[endgroup]
2025-01-20T14:07:23.5584760Z Copying '/Users/runner/.gitconfig' to '/Users/runner/work/_temp/a335903f-23ca-41ba-9a1e-dcd4d22f6699/.gitconfig'
2025-01-20T14:07:23.5599570Z Temporarily overriding HOME='/Users/runner/work/_temp/a335903f-23ca-41ba-9a1e-dcd4d22f6699' before making global git config changes
2025-01-20T14:07:23.5602770Z Adding repository directory to the temporary git global config as a safe directory
2025-01-20T14:07:23.5607280Z [command]/opt/homebrew/bin/git config --global --add safe.directory /Users/runner/work/tardis/tardis
2025-01-20T14:07:23.5693860Z Deleting the contents of '/Users/runner/work/tardis/tardis'
2025-01-20T14:07:23.5696070Z ##[group]Initializing the repository
2025-01-20T14:07:23.5700180Z [command]/opt/homebrew/bin/git init /Users/runner/work/tardis/tardis
2025-01-20T14:07:23.5874270Z hint: Using 'master' as the name for the initial branch. This default branch name
2025-01-20T14:07:23.5875250Z hint: is subject to change. To configure the initial branch name to use in all
2025-01-20T14:07:23.5876530Z hint: of your new repositories, which will suppress this warning, call:
2025-01-20T14:07:23.5877220Z hint:
2025-01-20T14:07:23.5877740Z hint: 	git config --global init.defaultBranch <name>
2025-01-20T14:07:23.5878340Z hint:
2025-01-20T14:07:23.5878890Z hint: Names commonly chosen instead of 'master' are 'main', 'trunk' and
2025-01-20T14:07:23.5879690Z hint: 'development'. The just-created branch can be renamed via this command:
2025-01-20T14:07:23.5880400Z hint:
2025-01-20T14:07:23.5881280Z hint: 	git branch -m <name>
2025-01-20T14:07:23.5882060Z Initialized empty Git repository in /Users/runner/work/tardis/tardis/.git/
2025-01-20T14:07:23.5883870Z [command]/opt/homebrew/bin/git remote add origin https://github.com/tardis-sn/tardis
2025-01-20T14:07:23.5937910Z ##[endgroup]
2025-01-20T14:07:23.5938520Z ##[group]Disabling automatic garbage collection
2025-01-20T14:07:23.5940160Z [command]/opt/homebrew/bin/git config --local gc.auto 0
2025-01-20T14:07:23.5985140Z ##[endgroup]
2025-01-20T14:07:23.5986750Z ##[group]Setting up auth
2025-01-20T14:07:23.5989150Z [command]/opt/homebrew/bin/git config --local --name-only --get-regexp core\.sshCommand
2025-01-20T14:07:23.6037500Z [command]/opt/homebrew/bin/git submodule foreach --recursive sh -c "git config --local --name-only --get-regexp 'core\.sshCommand' && git config --local --unset-all 'core.sshCommand' || :"
2025-01-20T14:07:23.6702890Z [command]/opt/homebrew/bin/git config --local --name-only --get-regexp http\.https\:\/\/github\.com\/\.extraheader
2025-01-20T14:07:23.6759040Z [command]/opt/homebrew/bin/git submodule foreach --recursive sh -c "git config --local --name-only --get-regexp 'http\.https\:\/\/github\.com\/\.extraheader' && git config --local --unset-all 'http.https://github.com/.extraheader' || :"
2025-01-20T14:07:23.7222630Z [command]/opt/homebrew/bin/git config --local http.https://github.com/.extraheader AUTHORIZATION: basic ***
2025-01-20T14:07:23.7297180Z ##[endgroup]
2025-01-20T14:07:23.7297810Z ##[group]Fetching the repository
2025-01-20T14:07:23.7302680Z [command]/opt/homebrew/bin/git -c protocol.version=2 fetch --no-tags --prune --no-recurse-submodules --depth=1 origin +564ae2baa40cebf5fea3150fc64de2ffeb1936b9:refs/remotes/pull/2872/merge
2025-01-20T14:07:26.0711040Z From https://github.com/tardis-sn/tardis
2025-01-20T14:07:26.0712390Z  * [new ref]         564ae2baa40cebf5fea3150fc64de2ffeb1936b9 -> pull/2872/merge
2025-01-20T14:07:26.0757940Z ##[endgroup]
2025-01-20T14:07:26.0758590Z ##[group]Determining the checkout info
2025-01-20T14:07:26.0759320Z ##[endgroup]
2025-01-20T14:07:26.0762540Z [command]/opt/homebrew/bin/git sparse-checkout disable
2025-01-20T14:07:26.0827230Z [command]/opt/homebrew/bin/git config --local --unset-all extensions.worktreeConfig
2025-01-20T14:07:26.0892820Z ##[group]Checking out the ref
2025-01-20T14:07:26.0895970Z [command]/opt/homebrew/bin/git checkout --progress --force refs/remotes/pull/2872/merge
2025-01-20T14:07:26.3047690Z HEAD is now at 564ae2b Merge d9d6c328f573d7b71d59681b546bd41997904fee into aa180cf97513f46d6d3b617c05907691f413c057
2025-01-20T14:07:26.3066520Z ##[endgroup]
2025-01-20T14:07:26.3141520Z [command]/opt/homebrew/bin/git log -1 --format=%H
2025-01-20T14:07:26.3189210Z 564ae2baa40cebf5fea3150fc64de2ffeb1936b9
2025-01-20T14:07:26.3476250Z Prepare all required actions
2025-01-20T14:07:26.3477120Z Getting action download info
2025-01-20T14:07:26.5189010Z Download action repository 'actions/cache@v4' (SHA:1bd1e32a3bdc45362d1e726936510720a7c30a57)
2025-01-20T14:07:26.6365160Z ##[group]Run ./.github/actions/setup_lfs
2025-01-20T14:07:26.6365750Z with:
2025-01-20T14:07:26.6366290Z   regression-data-repo: tardis-sn/tardis-regression-data
2025-01-20T14:07:26.6366980Z env:
2025-01-20T14:07:26.6367390Z   CACHE_NUMBER: 0
2025-01-20T14:07:26.6368730Z   PYTEST_FLAGS: --tardis-regression-data=/Users/runner/work/tardis/tardis/tardis-regression-data --cov=tardis --cov-report=xml --cov-report=html --cov-append
2025-01-20T14:07:26.6370200Z   CODECOV_TOKEN: 
2025-01-20T14:07:26.6370650Z ##[endgroup]
2025-01-20T14:07:26.6496830Z ##[group]Run actions/checkout@v4
2025-01-20T14:07:26.6497400Z with:
2025-01-20T14:07:26.6497950Z   repository: atharva-2001/tardis-regression-data
2025-01-20T14:07:26.6498650Z   path: tardis-regression-data
2025-01-20T14:07:26.6499200Z   ref: numpy_v2_2
2025-01-20T14:07:26.6499800Z   token: ***
2025-01-20T14:07:26.6500260Z   ssh-strict: true
2025-01-20T14:07:26.6500700Z   ssh-user: git
2025-01-20T14:07:26.6501240Z   persist-credentials: true
2025-01-20T14:07:26.6501740Z   clean: true
2025-01-20T14:07:26.6502190Z   sparse-checkout-cone-mode: true
2025-01-20T14:07:26.6502740Z   fetch-depth: 1
2025-01-20T14:07:26.6503190Z   fetch-tags: false
2025-01-20T14:07:26.6503660Z   show-progress: true
2025-01-20T14:07:26.6504110Z   lfs: false
2025-01-20T14:07:26.6504540Z   submodules: false
2025-01-20T14:07:26.6505000Z   set-safe-directory: true
2025-01-20T14:07:26.6505490Z env:
2025-01-20T14:07:26.6505890Z   CACHE_NUMBER: 0
2025-01-20T14:07:26.6507180Z   PYTEST_FLAGS: --tardis-regression-data=/Users/runner/work/tardis/tardis/tardis-regression-data --cov=tardis --cov-report=xml --cov-report=html --cov-append
2025-01-20T14:07:26.6508590Z   CODECOV_TOKEN: 
2025-01-20T14:07:26.6509030Z ##[endgroup]
2025-01-20T14:07:26.7323140Z Syncing repository: atharva-2001/tardis-regression-data
2025-01-20T14:07:26.7325340Z ##[group]Getting Git version info
2025-01-20T14:07:26.7326290Z Working directory is '/Users/runner/work/tardis/tardis/tardis-regression-data'
2025-01-20T14:07:26.7354620Z [command]/opt/homebrew/bin/git version
2025-01-20T14:07:26.7395510Z git version 2.48.0
2025-01-20T14:07:26.7409190Z ##[endgroup]
2025-01-20T14:07:26.7413920Z Copying '/Users/runner/.gitconfig' to '/Users/runner/work/_temp/a71c7288-bf6a-491f-a71e-8db1a5cb9ef2/.gitconfig'
2025-01-20T14:07:26.7420370Z Temporarily overriding HOME='/Users/runner/work/_temp/a71c7288-bf6a-491f-a71e-8db1a5cb9ef2' before making global git config changes
2025-01-20T14:07:26.7422060Z Adding repository directory to the temporary git global config as a safe directory
2025-01-20T14:07:26.7423650Z [command]/opt/homebrew/bin/git config --global --add safe.directory /Users/runner/work/tardis/tardis/tardis-regression-data
2025-01-20T14:07:26.7461440Z ##[group]Initializing the repository
2025-01-20T14:07:26.7464300Z [command]/opt/homebrew/bin/git init /Users/runner/work/tardis/tardis/tardis-regression-data
2025-01-20T14:07:26.7528900Z hint: Using 'master' as the name for the initial branch. This default branch name
2025-01-20T14:07:26.7531900Z hint: is subject to change. To configure the initial branch name to use in all
2025-01-20T14:07:26.7533100Z hint: of your new repositories, which will suppress this warning, call:
2025-01-20T14:07:26.7534020Z hint:
2025-01-20T14:07:26.7534610Z hint: 	git config --global init.defaultBranch <name>
2025-01-20T14:07:26.7535320Z hint:
2025-01-20T14:07:26.7536030Z hint: Names commonly chosen instead of 'master' are 'main', 'trunk' and
2025-01-20T14:07:26.7537130Z hint: 'development'. The just-created branch can be renamed via this command:
2025-01-20T14:07:26.7537990Z hint:
2025-01-20T14:07:26.7538460Z hint: 	git branch -m <name>
2025-01-20T14:07:26.7539430Z Initialized empty Git repository in /Users/runner/work/tardis/tardis/tardis-regression-data/.git/
2025-01-20T14:07:26.7542120Z [command]/opt/homebrew/bin/git remote add origin https://github.com/atharva-2001/tardis-regression-data
2025-01-20T14:07:26.7572250Z ##[endgroup]
2025-01-20T14:07:26.7573410Z ##[group]Disabling automatic garbage collection
2025-01-20T14:07:26.7574390Z [command]/opt/homebrew/bin/git config --local gc.auto 0
2025-01-20T14:07:26.7608650Z ##[endgroup]
2025-01-20T14:07:26.7609450Z ##[group]Setting up auth
2025-01-20T14:07:26.7612920Z [command]/opt/homebrew/bin/git config --local --name-only --get-regexp core\.sshCommand
2025-01-20T14:07:26.7648630Z [command]/opt/homebrew/bin/git submodule foreach --recursive sh -c "git config --local --name-only --get-regexp 'core\.sshCommand' && git config --local --unset-all 'core.sshCommand' || :"
2025-01-20T14:07:26.8089940Z [command]/opt/homebrew/bin/git config --local --name-only --get-regexp http\.https\:\/\/github\.com\/\.extraheader
2025-01-20T14:07:26.8128610Z [command]/opt/homebrew/bin/git submodule foreach --recursive sh -c "git config --local --name-only --get-regexp 'http\.https\:\/\/github\.com\/\.extraheader' && git config --local --unset-all 'http.https://github.com/.extraheader' || :"
2025-01-20T14:07:26.8579940Z [command]/opt/homebrew/bin/git config --local http.https://github.com/.extraheader AUTHORIZATION: basic ***
2025-01-20T14:07:26.8622250Z ##[endgroup]
2025-01-20T14:07:26.8623320Z ##[group]Fetching the repository
2025-01-20T14:07:26.8628080Z [command]/opt/homebrew/bin/git -c protocol.version=2 fetch --no-tags --prune --no-recurse-submodules --depth=1 origin +refs/heads/numpy_v2_2*:refs/remotes/origin/numpy_v2_2* +refs/tags/numpy_v2_2*:refs/tags/numpy_v2_2*
2025-01-20T14:07:28.4323850Z From https://github.com/atharva-2001/tardis-regression-data
2025-01-20T14:07:28.4326410Z  * [new branch]      numpy_v2_2 -> origin/numpy_v2_2
2025-01-20T14:07:28.4412810Z ##[endgroup]
2025-01-20T14:07:28.4413990Z ##[group]Determining the checkout info
2025-01-20T14:07:28.4415310Z [command]/opt/homebrew/bin/git branch --list --remote origin/numpy_v2_2
2025-01-20T14:07:28.4481030Z   origin/numpy_v2_2
2025-01-20T14:07:28.4490320Z ##[endgroup]
2025-01-20T14:07:28.4498940Z [command]/opt/homebrew/bin/git sparse-checkout disable
2025-01-20T14:07:28.4570420Z [command]/opt/homebrew/bin/git config --local --unset-all extensions.worktreeConfig
2025-01-20T14:07:28.4677630Z ##[group]Checking out the ref
2025-01-20T14:07:28.4678070Z [command]/opt/homebrew/bin/git checkout --progress --force -B numpy_v2_2 refs/remotes/origin/numpy_v2_2
2025-01-20T14:07:28.7602540Z Switched to a new branch 'numpy_v2_2'
2025-01-20T14:07:28.7605100Z branch 'numpy_v2_2' set up to track 'origin/numpy_v2_2'.
2025-01-20T14:07:28.8278350Z ##[endgroup]
2025-01-20T14:07:28.8328470Z [command]/opt/homebrew/bin/git log -1 --format=%H
2025-01-20T14:07:28.8363630Z 1b733c351f2eb90190b8c0228dc6b4d32242ad4e
2025-01-20T14:07:28.8431040Z ##[group]Run git lfs ls-files -l | cut -d' ' -f1 | sort > .lfs-assets-id
2025-01-20T14:07:28.8431380Z [36;1mgit lfs ls-files -l | cut -d' ' -f1 | sort > .lfs-assets-id[0m
2025-01-20T14:07:28.8494030Z shell: /bin/bash --noprofile --norc -e -o pipefail {0}
2025-01-20T14:07:28.8494270Z env:
2025-01-20T14:07:28.8494380Z   CACHE_NUMBER: 0
2025-01-20T14:07:28.8494870Z   PYTEST_FLAGS: --tardis-regression-data=/Users/runner/work/tardis/tardis/tardis-regression-data --cov=tardis --cov-report=xml --cov-report=html --cov-append
2025-01-20T14:07:28.8495360Z   CODECOV_TOKEN: 
2025-01-20T14:07:28.8495470Z ##[endgroup]
2025-01-20T14:07:29.3452960Z ##[group]Run actions/cache/restore@v4
2025-01-20T14:07:29.3453180Z with:
2025-01-20T14:07:29.3453320Z   path: tardis-regression-data/.git/lfs
2025-01-20T14:07:29.3453650Z   key: macOS-lfs-da2b5f2a10e913c6b13843a5855aea2bb20264b467d915063c23fa8ba1af31fb-v1
2025-01-20T14:07:29.3453960Z   enableCrossOsArchive: false
2025-01-20T14:07:29.3454130Z   fail-on-cache-miss: false
2025-01-20T14:07:29.3454300Z   lookup-only: false
2025-01-20T14:07:29.3454440Z env:
2025-01-20T14:07:29.3454550Z   CACHE_NUMBER: 0
2025-01-20T14:07:29.3455350Z   PYTEST_FLAGS: --tardis-regression-data=/Users/runner/work/tardis/tardis/tardis-regression-data --cov=tardis --cov-report=xml --cov-report=html --cov-append
2025-01-20T14:07:29.3455850Z   CODECOV_TOKEN: 
2025-01-20T14:07:29.3457480Z ##[endgroup]
2025-01-20T14:07:29.8453820Z Cache not found for input keys: macOS-lfs-da2b5f2a10e913c6b13843a5855aea2bb20264b467d915063c23fa8ba1af31fb-v1
2025-01-20T14:07:29.8500900Z ##[group]Run git lfs pull
2025-01-20T14:07:29.8501120Z [36;1mgit lfs pull[0m
2025-01-20T14:07:29.8566130Z shell: /bin/bash --noprofile --norc -e -o pipefail {0}
2025-01-20T14:07:29.8566370Z env:
2025-01-20T14:07:29.8566510Z   CACHE_NUMBER: 0
2025-01-20T14:07:29.8566990Z   PYTEST_FLAGS: --tardis-regression-data=/Users/runner/work/tardis/tardis/tardis-regression-data --cov=tardis --cov-report=xml --cov-report=html --cov-append
2025-01-20T14:07:29.8567490Z   CODECOV_TOKEN: 
2025-01-20T14:07:29.8567630Z ##[endgroup]
2025-01-20T14:09:08.9604820Z Prepare all required actions
2025-01-20T14:09:08.9605620Z Getting action download info
2025-01-20T14:09:09.2120870Z Download action repository 'mamba-org/setup-micromamba@v1' (SHA:4b9113af4fba0e9e1124b252dd6497a419e7396d)
2025-01-20T14:09:10.3406250Z ##[group]Run ./.github/actions/setup_env
2025-01-20T14:09:10.3406640Z with:
2025-01-20T14:09:10.3406740Z   os-label: osx-arm64
2025-01-20T14:09:10.3406860Z env:
2025-01-20T14:09:10.3406960Z   CACHE_NUMBER: 0
2025-01-20T14:09:10.3407390Z   PYTEST_FLAGS: --tardis-regression-data=/Users/runner/work/tardis/tardis/tardis-regression-data --cov=tardis --cov-report=xml --cov-report=html --cov-append
2025-01-20T14:09:10.3407840Z   CODECOV_TOKEN: 
2025-01-20T14:09:10.3407950Z ##[endgroup]
2025-01-20T14:09:10.4226440Z ##[group]Run file_hash=$(cat conda-osx-arm64.lock | shasum -a 256 | cut -d' ' -f1)
2025-01-20T14:09:10.4227080Z [36;1mfile_hash=$(cat conda-osx-arm64.lock | shasum -a 256 | cut -d' ' -f1)[0m
2025-01-20T14:09:10.4227810Z [36;1mecho "file_hash=$file_hash" >> "${GITHUB_OUTPUT}"[0m
2025-01-20T14:09:10.4317820Z shell: /bin/bash --noprofile --norc -e -o pipefail {0}
2025-01-20T14:09:10.4318180Z env:
2025-01-20T14:09:10.4318380Z   CACHE_NUMBER: 0
2025-01-20T14:09:10.4319130Z   PYTEST_FLAGS: --tardis-regression-data=/Users/runner/work/tardis/tardis/tardis-regression-data --cov=tardis --cov-report=xml --cov-report=html --cov-append
2025-01-20T14:09:10.4319920Z   CODECOV_TOKEN: 
2025-01-20T14:09:10.4320120Z ##[endgroup]
2025-01-20T14:09:10.5838280Z ##[group]Run mamba-org/setup-micromamba@v1
2025-01-20T14:09:10.5838520Z with:
2025-01-20T14:09:10.5838660Z   environment-file: conda-osx-arm64.lock
2025-01-20T14:09:10.5839010Z   cache-environment-key: 7b892f7fdd08041a50221f85bf1266038142e4e196927780cbadd38ff70abec6
2025-01-20T14:09:10.5839460Z   cache-downloads-key: 7b892f7fdd08041a50221f85bf1266038142e4e196927780cbadd38ff70abec6
2025-01-20T14:09:10.5839780Z   environment-name: tardis
2025-01-20T14:09:10.5839950Z   cache-environment: true
2025-01-20T14:09:10.5840150Z   cache-downloads: true
2025-01-20T14:09:10.5840310Z env:
2025-01-20T14:09:10.5840420Z   CACHE_NUMBER: 0
2025-01-20T14:09:10.5840900Z   PYTEST_FLAGS: --tardis-regression-data=/Users/runner/work/tardis/tardis/tardis-regression-data --cov=tardis --cov-report=xml --cov-report=html --cov-append
2025-01-20T14:09:10.5841440Z   CODECOV_TOKEN: 
2025-01-20T14:09:10.5841570Z ##[endgroup]
2025-01-20T14:09:10.8451790Z Will download micromamba to /Users/runner/micromamba-bin/micromamba
2025-01-20T14:09:10.8455870Z ##[group]Install micromamba
2025-01-20T14:09:11.5756350Z micromamba installed to /Users/runner/micromamba-bin/micromamba
2025-01-20T14:09:11.5757390Z ##[endgroup]
2025-01-20T14:09:11.5757780Z Adding conda-forge to condarc channels ...
2025-01-20T14:09:11.5779050Z ##[group]Initialize micromamba for bash.
2025-01-20T14:09:11.5789020Z [command]/Users/runner/micromamba-bin/micromamba shell init -s bash -r /Users/runner/micromamba --log-level warning --rc-file /Users/runner/work/_temp/setup-micromamba/.condarc
2025-01-20T14:09:11.6058560Z Modifying RC file "/Users/runner/.bash_profile"
2025-01-20T14:09:11.6090530Z Generating config for root prefix [1m"/Users/runner/micromamba"[0m
2025-01-20T14:09:11.6106200Z Setting mamba executable to: [1m"/Users/runner/micromamba-bin/micromamba"[0m
2025-01-20T14:09:11.6169600Z Adding (or replacing) the following in your "/Users/runner/.bash_profile" file
2025-01-20T14:09:11.6174870Z 
2025-01-20T14:09:11.6174960Z # >>> mamba initialize >>>
2025-01-20T14:09:11.6175230Z # !! Contents within this block are managed by 'mamba init' !!
2025-01-20T14:09:11.6175530Z export MAMBA_EXE='/Users/runner/micromamba-bin/micromamba';
2025-01-20T14:09:11.6175830Z export MAMBA_ROOT_PREFIX='/Users/runner/micromamba';
2025-01-20T14:09:11.6176340Z __mamba_setup="$("$MAMBA_EXE" shell hook --shell bash --root-prefix "$MAMBA_ROOT_PREFIX" 2> /dev/null)"
2025-01-20T14:09:11.6176720Z if [ $? -eq 0 ]; then
2025-01-20T14:09:11.6177040Z     eval "$__mamba_setup"
2025-01-20T14:09:11.6177770Z else
2025-01-20T14:09:11.6177990Z     alias micromamba="$MAMBA_EXE"  # Fallback on help from mamba activate
2025-01-20T14:09:11.6178310Z fi
2025-01-20T14:09:11.6193650Z unset __mamba_setup
2025-01-20T14:09:11.6194120Z # <<< mamba initialize <<<
2025-01-20T14:09:11.6194310Z 
2025-01-20T14:09:11.6212300Z ##[endgroup]
2025-01-20T14:09:11.6220050Z ##[group]Restoring downloads from `/Users/runner/micromamba/pkgs` ...
2025-01-20T14:09:12.9605690Z Received 29360128 of 343221716 (8.6%), 27.8 MBs/sec
2025-01-20T14:09:13.9549720Z Received 109051904 of 343221716 (31.8%), 51.8 MBs/sec
2025-01-20T14:09:14.9571100Z Received 184549376 of 343221716 (53.8%), 58.5 MBs/sec
2025-01-20T14:09:15.9579370Z Received 260046848 of 343221716 (75.8%), 61.8 MBs/sec
2025-01-20T14:09:16.9596580Z Received 335544320 of 343221716 (97.8%), 63.8 MBs/sec
2025-01-20T14:09:17.1908420Z Cache Size: ~327 MB (343221716 B)
2025-01-20T14:09:17.1930240Z [command]/opt/homebrew/bin/gtar -xf /Users/runner/work/_temp/9a9ab2ba-9ece-4534-af24-69831c8a925d/cache.tzst -P -C /Users/runner/work/tardis/tardis --delay-directory-restore --use-compress-program unzstd
2025-01-20T14:09:17.7884900Z Cache restored successfully
2025-01-20T14:09:17.7930350Z Restored cache with key `7b892f7fdd08041a50221f85bf1266038142e4e196927780cbadd38ff70abec6-osx-arm64`
2025-01-20T14:09:17.7931300Z ##[endgroup]
2025-01-20T14:09:17.7968930Z ##[group]Restoring environment `tardis` from `/Users/runner/micromamba/envs/tardis` ...
2025-01-20T14:09:17.9668520Z Received 343221716 of 343221716 (100.0%), 54.4 MBs/sec
2025-01-20T14:09:19.1466200Z Received 29360128 of 429530998 (6.8%), 27.9 MBs/sec
2025-01-20T14:09:20.1475200Z Received 104857600 of 429530998 (24.4%), 49.9 MBs/sec
2025-01-20T14:09:21.1495450Z Received 159383552 of 429530998 (37.1%), 50.6 MBs/sec
2025-01-20T14:09:22.1473660Z Received 222298112 of 429530998 (51.8%), 53.0 MBs/sec
2025-01-20T14:09:23.1468610Z Received 297795584 of 429530998 (69.3%), 56.8 MBs/sec
2025-01-20T14:09:24.1488410Z Received 356515840 of 429530998 (83.0%), 56.6 MBs/sec
2025-01-20T14:09:25.1513530Z Received 429530998 of 429530998 (100.0%), 58.5 MBs/sec
2025-01-20T14:09:25.1785010Z Cache Size: ~410 MB (429530998 B)
2025-01-20T14:09:25.1813900Z [command]/opt/homebrew/bin/gtar -xf /Users/runner/work/_temp/482850dc-0ef8-45e1-a659-375774ef5c38/cache.tzst -P -C /Users/runner/work/tardis/tardis --delay-directory-restore --use-compress-program unzstd
2025-01-20T14:09:42.3522010Z Cache restored successfully
2025-01-20T14:09:42.3716310Z Restored cache with key `7b892f7fdd08041a50221f85bf1266038142e4e196927780cbadd38ff70abec6-osx-arm64-tardis-args-4f53cda-root-873f6fe-bin-[object Promise]-file-7b892f7fdd08041a50221f85bf1266038142e4e196927780cbadd38ff70abec6`
2025-01-20T14:09:42.3718760Z ##[endgroup]
2025-01-20T14:09:42.3719080Z Adding environment tardis to auto-activate bash ...
2025-01-20T14:09:42.3726220Z Generating micromamba run shell.
2025-01-20T14:09:42.3743370Z ##[endgroup]
2025-01-20T14:09:42.3749280Z Set environment variables.
2025-01-20T14:09:42.3754290Z ##[group]micromamba info
2025-01-20T14:09:42.3757390Z [command]/Users/runner/micromamba-bin/micromamba info -r /Users/runner/micromamba -n tardis
2025-01-20T14:09:42.8986060Z 
2025-01-20T14:09:42.8995160Z        libmamba version : 1.5.10
2025-01-20T14:09:42.8996260Z      micromamba version : 1.5.10
2025-01-20T14:09:42.9020510Z            curl version : libcurl/8.10.1 (OpenSSL/3.3.2) SecureTransport zlib/1.3.1 zstd/1.5.6 libssh2/1.11.0 nghttp2/1.58.0
2025-01-20T14:09:42.9021270Z      libarchive version : libarchive 3.7.4 zlib/1.2.13 bz2lib/1.0.8 libzstd/1.5.6
2025-01-20T14:09:42.9021850Z        envs directories : /Users/runner/micromamba/envs
2025-01-20T14:09:42.9022430Z           package cache : /Users/runner/micromamba/pkgs
2025-01-20T14:09:42.9022880Z                           /Users/runner/.mamba/pkgs
2025-01-20T14:09:42.9023460Z             environment : tardis
2025-01-20T14:09:42.9026290Z            env location : /Users/runner/micromamba/envs/tardis
2025-01-20T14:09:42.9028580Z       user config files : /Users/runner/.mambarc
2025-01-20T14:09:42.9033680Z  populated config files : /Users/runner/work/_temp/setup-micromamba/.condarc
2025-01-20T14:09:42.9040660Z        virtual packages : __unix=0=0
2025-01-20T14:09:42.9054640Z                           __osx=14.7.2=0
2025-01-20T14:09:42.9055080Z                           __archspec=1=arm64
2025-01-20T14:09:42.9055860Z                channels : https://conda.anaconda.org/conda-forge/osx-arm64
2025-01-20T14:09:42.9056350Z                           https://conda.anaconda.org/conda-forge/noarch
2025-01-20T14:09:42.9058510Z        base environment : /Users/runner/micromamba
2025-01-20T14:09:42.9058950Z                platform : osx-arm64
2025-01-20T14:09:42.9060070Z ##[endgroup]
2025-01-20T14:09:42.9065660Z ##[group]micromamba list
2025-01-20T14:09:42.9066550Z [command]/Users/runner/micromamba-bin/micromamba list -r /Users/runner/micromamba -n tardis
2025-01-20T14:09:43.3471090Z List of packages in environment: "/Users/runner/micromamba/envs/tardis"
2025-01-20T14:09:43.3472730Z 
2025-01-20T14:09:43.3473040Z   Name                           Version              Build                    Channel    
2025-01-20T14:09:43.3478340Z ────────────────────────────────────────────────────────────────────────────────────────────
2025-01-20T14:09:43.3478930Z   accessible-pygments            0.0.5                pyhd8ed1ab_1             conda-forge
2025-01-20T14:09:43.3479510Z   alabaster                      0.7.16               pyhd8ed1ab_0             conda-forge
2025-01-20T14:09:43.3480090Z   anyio                          4.4.0                pyhd8ed1ab_0             conda-forge
2025-01-20T14:09:43.3480560Z   appnope                        0.1.4                pyhd8ed1ab_1             conda-forge
2025-01-20T14:09:43.3482620Z   argon2-cffi                    23.1.0               pyhd8ed1ab_1             conda-forge
2025-01-20T14:09:43.3483220Z   argon2-cffi-bindings           21.2.0               py312h024a12e_5          conda-forge
2025-01-20T14:09:43.3486800Z   arrow                          1.3.0                pyhd8ed1ab_1             conda-forge
2025-01-20T14:09:43.3488500Z   astropy                        6.1.1                py312hbebd99a_1          conda-forge
2025-01-20T14:09:43.3489540Z   astropy-iers-data              0.2024.6.17.0.31.35  pyhd8ed1ab_0             conda-forge
2025-01-20T14:09:43.3529000Z   astropy-sphinx-theme           1.1                  pyhd8ed1ab_1             conda-forge
2025-01-20T14:09:43.3530290Z   asttokens                      2.4.1                pyhd8ed1ab_0             conda-forge
2025-01-20T14:09:43.3532070Z   async-lru                      2.0.4                pyhd8ed1ab_1             conda-forge
2025-01-20T14:09:43.3533410Z   atk-1.0                        2.38.0               hd03087b_2               conda-forge
2025-01-20T14:09:43.3534310Z   attrs                          23.2.0               pyh71513ae_0             conda-forge
2025-01-20T14:09:43.3535040Z   babel                          2.14.0               pyhd8ed1ab_0             conda-forge
2025-01-20T14:09:43.3535570Z   beautifulsoup4                 4.12.3               pyha770c72_1             conda-forge
2025-01-20T14:09:43.3539920Z   bleach                         6.1.0                pyhd8ed1ab_0             conda-forge
2025-01-20T14:09:43.3542610Z   blosc                          1.21.5               h9c252e8_1               conda-forge
2025-01-20T14:09:43.3543880Z   bokeh                          3.6.2                pyhd8ed1ab_1             conda-forge
2025-01-20T14:09:43.3545060Z   brotli                         1.1.0                hd74edd7_2               conda-forge
2025-01-20T14:09:43.3545580Z   brotli-bin                     1.1.0                hd74edd7_2               conda-forge
2025-01-20T14:09:43.3546380Z   brotli-python                  1.1.0                py312hde4cb15_2          conda-forge
2025-01-20T14:09:43.3547140Z   bzip2                          1.0.8                h99b78c6_7               conda-forge
2025-01-20T14:09:43.3548870Z   c-ares                         1.28.1               h93a5062_0               conda-forge
2025-01-20T14:09:43.3552270Z   c-blosc2                       2.14.4               ha57e6be_1               conda-forge
2025-01-20T14:09:43.3555870Z   ca-certificates                2024.12.14           hf0a4a13_0               conda-forge
2025-01-20T14:09:43.3556460Z   cached-property                1.5.2                hd8ed1ab_1               conda-forge
2025-01-20T14:09:43.3558010Z   cached_property                1.5.2                pyha770c72_1             conda-forge
2025-01-20T14:09:43.3558370Z   cairo                          1.18.0               hc6c324b_2               conda-forge
2025-01-20T14:09:43.3559010Z   certifi                        2024.12.14           pyhd8ed1ab_0             conda-forge
2025-01-20T14:09:43.3560450Z   cffi                           1.16.0               py312h8e38eb3_0          conda-forge
2025-01-20T14:09:43.3563160Z   charset-normalizer             3.3.2                pyhd8ed1ab_0             conda-forge
2025-01-20T14:09:43.3565510Z   click                          8.1.7                unix_pyh707e725_1        conda-forge
2025-01-20T14:09:43.3566780Z   codespell                      2.3.0                pyhd8ed1ab_1             conda-forge
2025-01-20T14:09:43.3567850Z   colorama                       0.4.6                pyhd8ed1ab_1             conda-forge
2025-01-20T14:09:43.3570330Z   comm                           0.2.2                pyhd8ed1ab_1             conda-forge
2025-01-20T14:09:43.3572180Z   commonmark                     0.9.1                py_0                     conda-forge
2025-01-20T14:09:43.3573010Z   contourpy                      1.2.1                py312h0fef576_0          conda-forge
2025-01-20T14:09:43.3573380Z   coverage                       7.5.3                py312h7e5086c_0          conda-forge
2025-01-20T14:09:43.3573810Z   cycler                         0.12.1               pyhd8ed1ab_1             conda-forge
2025-01-20T14:09:43.3574540Z   dataclasses                    0.8                  pyhc8e2a94_3             conda-forge
2025-01-20T14:09:43.3574910Z   debugpy                        1.8.1                py312h20a0b95_0          conda-forge
2025-01-20T14:09:43.3575310Z   decorator                      5.1.1                pyhd8ed1ab_1             conda-forge
2025-01-20T14:09:43.3575690Z   defusedxml                     0.7.1                pyhd8ed1ab_0             conda-forge
2025-01-20T14:09:43.3576130Z   docutils                       0.20.1               py312h81bd7bf_3          conda-forge
2025-01-20T14:09:43.3576470Z   dot2tex                        2.11.3               pyhd8ed1ab_1             conda-forge
2025-01-20T14:09:43.3576830Z   entrypoints                    0.4                  pyhd8ed1ab_1             conda-forge
2025-01-20T14:09:43.3577270Z   exceptiongroup                 1.2.0                pyhd8ed1ab_2             conda-forge
2025-01-20T14:09:43.3577640Z   executing                      2.0.1                pyhd8ed1ab_0             conda-forge
2025-01-20T14:09:43.3578080Z   expat                          2.6.2                hebf3989_0               conda-forge
2025-01-20T14:09:43.3579130Z   font-ttf-dejavu-sans-mono      2.37                 hab24e00_0               conda-forge
2025-01-20T14:09:43.3579620Z   font-ttf-inconsolata           3.000                h77eed37_0               conda-forge
2025-01-20T14:09:43.3580510Z   font-ttf-source-code-pro       2.038                h77eed37_0               conda-forge
2025-01-20T14:09:43.3580950Z   font-ttf-ubuntu                0.83                 h77eed37_3               conda-forge
2025-01-20T14:09:43.3581310Z   fontconfig                     2.14.2               h82840c6_0               conda-forge
2025-01-20T14:09:43.3581720Z   fonts-conda-ecosystem          1                    0                        conda-forge
2025-01-20T14:09:43.3582150Z   fonts-conda-forge              1                    0                        conda-forge
2025-01-20T14:09:43.3582730Z   fonttools                      4.53.0               py312h7e5086c_0          conda-forge
2025-01-20T14:09:43.3583120Z   fqdn                           1.5.1                pyhd8ed1ab_1             conda-forge
2025-01-20T14:09:43.3583450Z   freetype                       2.12.1               hadb7bae_2               conda-forge
2025-01-20T14:09:43.3584040Z   fribidi                        1.0.10               h27ca646_0               conda-forge
2025-01-20T14:09:43.3584410Z   future                         1.0.0                pyhd8ed1ab_1             conda-forge
2025-01-20T14:09:43.3584810Z   gdk-pixbuf                     2.42.12              h7ddc832_0               conda-forge
2025-01-20T14:09:43.3585180Z   gettext                        0.22.5               h8414b35_3               conda-forge
2025-01-20T14:09:43.3585590Z   gettext-tools                  0.22.5               h8414b35_3               conda-forge
2025-01-20T14:09:43.3585940Z   giflib                         5.2.2                h93a5062_0               conda-forge
2025-01-20T14:09:43.3586280Z   git-lfs                        3.5.1                h40ddcf5_1               conda-forge
2025-01-20T14:09:43.3586690Z   gmp                            6.3.0                h7bae524_2               conda-forge
2025-01-20T14:09:43.3587010Z   gmpy2                          2.1.5                py312h524cf62_3          conda-forge
2025-01-20T14:09:43.3587390Z   graphite2                      1.3.13               hebf3989_1003            conda-forge
2025-01-20T14:09:43.3587730Z   graphviz                       11.0.0               h9bb9bc9_0               conda-forge
2025-01-20T14:09:43.3588120Z   greenlet                       3.1.1                py312hde4cb15_0          conda-forge
2025-01-20T14:09:43.3588430Z   gtk2                           2.24.33              h7895bb2_4               conda-forge
2025-01-20T14:09:43.3588790Z   gts                            0.7.6                he42f4ea_4               conda-forge
2025-01-20T14:09:43.3590380Z   h11                            0.14.0               pyhd8ed1ab_1             conda-forge
2025-01-20T14:09:43.3590820Z   h2                             4.1.0                pyhd8ed1ab_1             conda-forge
2025-01-20T14:09:43.3591150Z   h5py                           3.11.0               nompi_py312h3cd0824_103  conda-forge
2025-01-20T14:09:43.3591550Z   harfbuzz                       8.5.0                h1836168_0               conda-forge
2025-01-20T14:09:43.3591900Z   hdf5                           1.14.3               nompi_hec07895_105       conda-forge
2025-01-20T14:09:43.3592320Z   hpack                          4.0.0                pyhd8ed1ab_1             conda-forge
2025-01-20T14:09:43.3592680Z   httpcore                       1.0.5                pyhd8ed1ab_0             conda-forge
2025-01-20T14:09:43.3593090Z   httpx                          0.27.0               pyhd8ed1ab_0             conda-forge
2025-01-20T14:09:43.3593470Z   hyperframe                     6.0.1                pyhd8ed1ab_1             conda-forge
2025-01-20T14:09:43.3593850Z   icu                            73.2                 hc8870d7_0               conda-forge
2025-01-20T14:09:43.3594240Z   idna                           3.7                  pyhd8ed1ab_0             conda-forge
2025-01-20T14:09:43.3595660Z   imagesize                      1.4.1                pyhd8ed1ab_0             conda-forge
2025-01-20T14:09:43.3598340Z   importlib-metadata             7.1.0                pyha770c72_0             conda-forge
2025-01-20T14:09:43.3598720Z   importlib_metadata             7.1.0                hd8ed1ab_0               conda-forge
2025-01-20T14:09:43.3599160Z   importlib_resources            6.4.0                pyhd8ed1ab_0             conda-forge
2025-01-20T14:09:43.3599590Z   iniconfig                      2.0.0                pyhd8ed1ab_1             conda-forge
2025-01-20T14:09:43.3599930Z   ipykernel                      6.29.4               pyh57ce528_0             conda-forge
2025-01-20T14:09:43.3600670Z   ipython                        8.25.0               pyh707e725_0             conda-forge
2025-01-20T14:09:43.3601060Z   ipython_genutils               0.2.0                pyhd8ed1ab_2             conda-forge
2025-01-20T14:09:43.3601470Z   ipywidgets                     7.8.5                pyhd8ed1ab_0             conda-forge
2025-01-20T14:09:43.3601820Z   isoduration                    20.11.0              pyhd8ed1ab_1             conda-forge
2025-01-20T14:09:43.3602220Z   jedi                           0.19.1               pyhd8ed1ab_0             conda-forge
2025-01-20T14:09:43.3602540Z   jinja2                         3.1.4                pyhd8ed1ab_1             conda-forge
2025-01-20T14:09:43.3602940Z   json5                          0.9.25               pyhd8ed1ab_0             conda-forge
2025-01-20T14:09:43.3603290Z   jsonpointer                    3.0.0                py312h81bd7bf_1          conda-forge
2025-01-20T14:09:43.3603710Z   jsonschema                     4.22.0               pyhd8ed1ab_0             conda-forge
2025-01-20T14:09:43.3604160Z   jsonschema-specifications      2023.12.1            pyhd8ed1ab_0             conda-forge
2025-01-20T14:09:43.3604730Z   jsonschema-with-format-nongpl  4.22.0               pyhd8ed1ab_0             conda-forge
2025-01-20T14:09:43.3605210Z   jupyter-cache                  1.0.1                pyhff2d567_0             conda-forge
2025-01-20T14:09:43.3605630Z   jupyter-lsp                    2.2.5                pyhd8ed1ab_1             conda-forge
2025-01-20T14:09:43.3606080Z   jupyter_client                 8.6.2                pyhd8ed1ab_0             conda-forge
2025-01-20T14:09:43.3606480Z   jupyter_core                   5.7.2                pyh31011fe_1             conda-forge
2025-01-20T14:09:43.3606930Z   jupyter_events                 0.10.0               pyhd8ed1ab_1             conda-forge
2025-01-20T14:09:43.3607290Z   jupyter_server                 2.14.1               pyhd8ed1ab_1             conda-forge
2025-01-20T14:09:43.3607720Z   jupyter_server_terminals       0.5.3                pyhd8ed1ab_1             conda-forge
2025-01-20T14:09:43.3608100Z   jupyterlab                     4.2.2                pyhd8ed1ab_0             conda-forge
2025-01-20T14:09:43.3608510Z   jupyterlab_pygments            0.3.0                pyhd8ed1ab_2             conda-forge
2025-01-20T14:09:43.3608910Z   jupyterlab_server              2.27.2               pyhd8ed1ab_0             conda-forge
2025-01-20T14:09:43.3609350Z   jupyterlab_widgets             1.1.11               pyhd8ed1ab_0             conda-forge
2025-01-20T14:09:43.3609710Z   kiwisolver                     1.4.5                py312h6142ec9_2          conda-forge
2025-01-20T14:09:43.3610090Z   krb5                           1.21.2               h92f50d5_0               conda-forge
2025-01-20T14:09:43.3610420Z   latexcodec                     2.0.1                pyh9f0ad1d_0             conda-forge
2025-01-20T14:09:43.3610790Z   lcms2                          2.16                 ha0e7c42_0               conda-forge
2025-01-20T14:09:43.3611130Z   lerc                           4.0.0                h9a09cb3_0               conda-forge
2025-01-20T14:09:43.3611670Z   libaec                         1.1.3                hebf3989_0               conda-forge
2025-01-20T14:09:43.3613930Z   libasprintf                    0.22.5               h8414b35_3               conda-forge
2025-01-20T14:09:43.3623850Z   libasprintf-devel              0.22.5               h8414b35_3               conda-forge
2025-01-20T14:09:43.3626940Z   libblas                        3.9.0                24_osxarm64_openblas     conda-forge
2025-01-20T14:09:43.3629210Z   libbrotlicommon                1.1.0                hd74edd7_2               conda-forge
2025-01-20T14:09:43.3630950Z   libbrotlidec                   1.1.0                hd74edd7_2               conda-forge
2025-01-20T14:09:43.3632160Z   libbrotlienc                   1.1.0                hd74edd7_2               conda-forge
2025-01-20T14:09:43.3635540Z   libcblas                       3.9.0                24_osxarm64_openblas     conda-forge
2025-01-20T14:09:43.3641600Z   libcurl                        8.8.0                h7b6f9a7_0               conda-forge
2025-01-20T14:09:43.3643140Z   libcxx                         17.0.6               he144fb7_6               conda-forge
2025-01-20T14:09:43.3645050Z   libdeflate                     1.20                 h93a5062_0               conda-forge
2025-01-20T14:09:43.3683180Z   libedit                        3.1.20191231         hc8eb9b7_2               conda-forge
2025-01-20T14:09:43.3684720Z   libev                          4.33                 h93a5062_2               conda-forge
2025-01-20T14:09:43.3685220Z   libexpat                       2.6.2                hebf3989_0               conda-forge
2025-01-20T14:09:43.3685650Z   libffi                         3.4.2                h3422bc3_5               conda-forge
2025-01-20T14:09:43.3686080Z   libgd                          2.3.3                hfdf3952_9               conda-forge
2025-01-20T14:09:43.3686510Z   libgettextpo                   0.22.5               h8414b35_3               conda-forge
2025-01-20T14:09:43.3687760Z   libgettextpo-devel             0.22.5               h8414b35_3               conda-forge
2025-01-20T14:09:43.3688900Z   libgfortran                    5.0.0                13_2_0_hd922786_3        conda-forge
2025-01-20T14:09:43.3690000Z   libgfortran5                   13.2.0               hf226fd6_3               conda-forge
2025-01-20T14:09:43.3691330Z   libglib                        2.80.2               h59d46d9_1               conda-forge
2025-01-20T14:09:43.3692270Z   libiconv                       1.17                 h0d3ecfb_2               conda-forge
2025-01-20T14:09:43.3692610Z   libintl                        0.22.5               h8414b35_3               conda-forge
2025-01-20T14:09:43.3693000Z   libintl-devel                  0.22.5               h8414b35_3               conda-forge
2025-01-20T14:09:43.3693350Z   libjpeg-turbo                  3.0.0                hb547adb_1               conda-forge
2025-01-20T14:09:43.3693760Z   liblapack                      3.9.0                24_osxarm64_openblas     conda-forge
2025-01-20T14:09:43.3694100Z   libllvm14                      14.0.6               hd1a9a77_4               conda-forge
2025-01-20T14:09:43.3694460Z   libnghttp2                     1.58.0               ha4dd798_1               conda-forge
2025-01-20T14:09:43.3694820Z   libopenblas                    0.3.27               openmp_h517c56d_1        conda-forge
2025-01-20T14:09:43.3695220Z   libpng                         1.6.43               h091b4b1_0               conda-forge
2025-01-20T14:09:43.3695530Z   librsvg                        2.58.1               hbc281fb_0               conda-forge
2025-01-20T14:09:43.3695860Z   libsodium                      1.0.18               h27ca646_1               conda-forge
2025-01-20T14:09:43.3696150Z   libsqlite                      3.46.0               hfb93653_0               conda-forge
2025-01-20T14:09:43.3696480Z   libssh2                        1.11.0               h7a5bd25_0               conda-forge
2025-01-20T14:09:43.3696800Z   libtiff                        4.6.0                h07db509_3               conda-forge
2025-01-20T14:09:43.3697110Z   libwebp                        1.4.0                h54798ee_0               conda-forge
2025-01-20T14:09:43.3698190Z   libwebp-base                   1.4.0                h93a5062_0               conda-forge
2025-01-20T14:09:43.3698520Z   libxcb                         1.16                 hc9fafa5_1               conda-forge
2025-01-20T14:09:43.3698890Z   libxml2                        2.12.7               h9a80f22_3               conda-forge
2025-01-20T14:09:43.3699210Z   libxslt                        1.1.39               h223e5b9_0               conda-forge
2025-01-20T14:09:43.3699580Z   libzlib                        1.3.1                h8359307_2               conda-forge
2025-01-20T14:09:43.3700190Z   linkify-it-py                  2.0.3                pyhd8ed1ab_1             conda-forge
2025-01-20T14:09:43.3701230Z   llvm-openmp                    18.1.7               hde57baf_0               conda-forge
2025-01-20T14:09:43.3701600Z   llvmlite                       0.42.0               py312h17030e7_1          conda-forge
2025-01-20T14:09:43.3701970Z   lxml                           5.2.2                py312h0e5ab22_0          conda-forge
2025-01-20T14:09:43.3702290Z   lz4-c                          1.9.4                hb7217d7_0               conda-forge
2025-01-20T14:09:43.3702650Z   markdown                       3.6                  pyhd8ed1ab_0             conda-forge
2025-01-20T14:09:43.3702990Z   markdown-it-py                 3.0.0                pyhd8ed1ab_1             conda-forge
2025-01-20T14:09:43.3703560Z   markupsafe                     2.1.5                py312h024a12e_1          conda-forge
2025-01-20T14:09:43.3704060Z   matplotlib-base                3.8.4                py312h4479663_2          conda-forge
2025-01-20T14:09:43.3704410Z   matplotlib-inline              0.1.7                pyhd8ed1ab_1             conda-forge
2025-01-20T14:09:43.3704780Z   mdit-py-plugins                0.4.2                pyhd8ed1ab_1             conda-forge
2025-01-20T14:09:43.3705130Z   mdurl                          0.1.2                pyhd8ed1ab_1             conda-forge
2025-01-20T14:09:43.3705460Z   mistune                        3.0.2                pyhd8ed1ab_1             conda-forge
2025-01-20T14:09:43.3705790Z   mpc                            1.3.1                h8f1351a_1               conda-forge
2025-01-20T14:09:43.3706110Z   mpfr                           4.2.1                hb693164_3               conda-forge
2025-01-20T14:09:43.3706390Z   mpmath                         1.3.0                pyhd8ed1ab_1             conda-forge
2025-01-20T14:09:43.3706660Z   munkres                        1.1.4                pyh9f0ad1d_0             conda-forge
2025-01-20T14:09:43.3706960Z   mypy_extensions                1.0.0                pyha770c72_1             conda-forge
2025-01-20T14:09:43.3707260Z   myst-nb                        1.1.2                pyhd8ed1ab_1             conda-forge
2025-01-20T14:09:43.3707550Z   myst-parser                    4.0.0                pyhd8ed1ab_1             conda-forge
2025-01-20T14:09:43.3707890Z   nbclassic                      1.1.0                pyhd8ed1ab_1             conda-forge
2025-01-20T14:09:43.3708190Z   nbclient                       0.10.0               pyhd8ed1ab_0             conda-forge
2025-01-20T14:09:43.3708480Z   nbconvert                      7.16.4               hd8ed1ab_3               conda-forge
2025-01-20T14:09:43.3708780Z   nbconvert-core                 7.16.4               pyhd8ed1ab_3             conda-forge
2025-01-20T14:09:43.3709110Z   nbconvert-pandoc               7.16.4               hd8ed1ab_3               conda-forge
2025-01-20T14:09:43.3709460Z   nbformat                       5.10.4               pyhd8ed1ab_1             conda-forge
2025-01-20T14:09:43.3709740Z   nbsite                         0.8.7                py_0                     pyviz      
2025-01-20T14:09:43.3710030Z   nbsphinx                       0.9.4                pyhd8ed1ab_0             conda-forge
2025-01-20T14:09:43.3710310Z   ncurses                        6.5                  h5e97a16_2               conda-forge
2025-01-20T14:09:43.3710600Z   nest-asyncio                   1.6.0                pyhd8ed1ab_1             conda-forge
2025-01-20T14:09:43.3711170Z   networkx                       3.3                  pyhd8ed1ab_1             conda-forge
2025-01-20T14:09:43.3711450Z   notebook                       7.2.1                pyhd8ed1ab_0             conda-forge
2025-01-20T14:09:43.3711750Z   notebook-shim                  0.2.4                pyhd8ed1ab_1             conda-forge
2025-01-20T14:09:43.3712040Z   numba                          0.59.1               py312hbaff935_0          conda-forge
2025-01-20T14:09:43.3712320Z   numexpr                        2.10.0               py312h8ae5369_0          conda-forge
2025-01-20T14:09:43.3712730Z   numpy                          1.26.4               py312h8442bc7_0          conda-forge
2025-01-20T14:09:43.3713020Z   numpydoc                       1.7.0                pyhd8ed1ab_3             conda-forge
2025-01-20T14:09:43.3713300Z   openjpeg                       2.5.2                h9f1df11_0               conda-forge
2025-01-20T14:09:43.3713590Z   openssl                        3.4.0                h81ee809_1               conda-forge
2025-01-20T14:09:43.3713870Z   overrides                      7.7.0                pyhd8ed1ab_1             conda-forge
2025-01-20T14:09:43.3714170Z   packaging                      24.1                 pyhd8ed1ab_0             conda-forge
2025-01-20T14:09:43.3714450Z   pandas                         2.2.2                py312h8ae5369_1          conda-forge
2025-01-20T14:09:43.3714720Z   pandoc                         3.2.1                hce30654_0               conda-forge
2025-01-20T14:09:43.3715020Z   pandocfilters                  1.5.0                pyhd8ed1ab_0             conda-forge
2025-01-20T14:09:43.3715310Z   panel                          1.5.5                pyhd8ed1ab_0             conda-forge
2025-01-20T14:09:43.3715580Z   pango                          1.54.0               h5cb9fbc_0               conda-forge
2025-01-20T14:09:43.3715850Z   param                          2.2.0                pyhd8ed1ab_0             conda-forge
2025-01-20T14:09:43.3716130Z   parso                          0.8.4                pyhd8ed1ab_1             conda-forge
2025-01-20T14:09:43.3716410Z   pathspec                       0.12.1               pyhd8ed1ab_1             conda-forge
2025-01-20T14:09:43.3716690Z   pbr                            6.0.0                pyhd8ed1ab_0             conda-forge
2025-01-20T14:09:43.3716950Z   pcre2                          10.44                h297a79d_2               conda-forge
2025-01-20T14:09:43.3717230Z   pexpect                        4.9.0                pyhd8ed1ab_1             conda-forge
2025-01-20T14:09:43.3717530Z   pickleshare                    0.7.5                pyhd8ed1ab_1004          conda-forge
2025-01-20T14:09:43.3717830Z   pillow                         10.3.0               py312h39b1d8d_1          conda-forge
2025-01-20T14:09:43.3718100Z   pip                            24.3.1               pyh8b19718_2             conda-forge
2025-01-20T14:09:43.3718380Z   pixman                         0.43.4               hebf3989_0               conda-forge
2025-01-20T14:09:43.3718690Z   pkgutil-resolve-name           1.3.10               pyhd8ed1ab_2             conda-forge
2025-01-20T14:09:43.3719020Z   platformdirs                   4.2.2                pyhd8ed1ab_0             conda-forge
2025-01-20T14:09:43.3719310Z   plotly                         5.22.0               pyhd8ed1ab_0             conda-forge
2025-01-20T14:09:43.3719590Z   pluggy                         1.5.0                pyhd8ed1ab_1             conda-forge
2025-01-20T14:09:43.3719880Z   portalocker                    3.0.0                py312h81bd7bf_0          conda-forge
2025-01-20T14:09:43.3720190Z   prometheus_client              0.20.0               pyhd8ed1ab_0             conda-forge
2025-01-20T14:09:43.3720560Z   prompt-toolkit                 3.0.47               pyha770c72_0             conda-forge
2025-01-20T14:09:43.3720860Z   psutil                         5.9.8                py312he37b823_0          conda-forge
2025-01-20T14:09:43.3721550Z   pthread-stubs                  0.4                  hd74edd7_1002            conda-forge
2025-01-20T14:09:43.3721850Z   ptyprocess                     0.7.0                pyhd8ed1ab_1             conda-forge
2025-01-20T14:09:43.3722140Z   pure_eval                      0.2.2                pyhd8ed1ab_0             conda-forge
2025-01-20T14:09:43.3722430Z   py-cpuinfo                     9.0.0                pyhd8ed1ab_1             conda-forge
2025-01-20T14:09:43.3722710Z   pybtex                         0.24.0               pyhd8ed1ab_3             conda-forge
2025-01-20T14:09:43.3723280Z   pybtex-docutils                1.0.3                py312h81bd7bf_2          conda-forge
2025-01-20T14:09:43.3723600Z   pycparser                      2.22                 pyh29332c3_1             conda-forge
2025-01-20T14:09:43.3723930Z   pydata-sphinx-theme            0.15.4               pyhd8ed1ab_0             conda-forge
2025-01-20T14:09:43.3724240Z   pyerfa                         2.0.1.4              py312h755e627_2          conda-forge
2025-01-20T14:09:43.3724530Z   pygments                       2.18.0               pyhd8ed1ab_1             conda-forge
2025-01-20T14:09:43.3724820Z   pygraphviz                     1.13                 py312h5f4d302_1          conda-forge
2025-01-20T14:09:43.3725130Z   pyobjc-core                    10.3.1               py312hd24fc31_1          conda-forge
2025-01-20T14:09:43.3725460Z   pyobjc-framework-cocoa         10.3.1               py312hd24fc31_1          conda-forge
2025-01-20T14:09:43.3725790Z   pyparsing                      3.1.2                pyhd8ed1ab_0             conda-forge
2025-01-20T14:09:43.3726080Z   pysocks                        1.7.1                pyha55dd90_7             conda-forge
2025-01-20T14:09:43.3726370Z   pytables                       3.9.2                py312hb622ae1_2          conda-forge
2025-01-20T14:09:43.3726660Z   pytest                         8.2.2                pyhd8ed1ab_0             conda-forge
2025-01-20T14:09:43.3726960Z   pytest-cov                     5.0.0                pyhd8ed1ab_0             conda-forge
2025-01-20T14:09:43.3727270Z   pytest-doctestplus             1.2.1                pyhd8ed1ab_0             conda-forge
2025-01-20T14:09:43.3727590Z   pytest-html                    4.1.1                pyhd8ed1ab_1             conda-forge
2025-01-20T14:09:43.3727910Z   pytest-metadata                3.1.1                pyhd8ed1ab_1             conda-forge
2025-01-20T14:09:43.3728200Z   python                         3.12.4               h30c5eda_0_cpython       conda-forge
2025-01-20T14:09:43.3728520Z   python-dateutil                2.9.0.post0          pyhff2d567_1             conda-forge
2025-01-20T14:09:43.3728870Z   python-fastjsonschema          2.20.0               pyhd8ed1ab_0             conda-forge
2025-01-20T14:09:43.3729210Z   python-json-logger             2.0.7                pyhd8ed1ab_0             conda-forge
2025-01-20T14:09:43.3729540Z   python-tzdata                  2024.1               pyhd8ed1ab_0             conda-forge
2025-01-20T14:09:43.3729840Z   python_abi                     3.12                 5_cp312                  conda-forge
2025-01-20T14:09:43.3730120Z   pytz                           2024.1               pyhd8ed1ab_0             conda-forge
2025-01-20T14:09:43.3730400Z   pyviz_comms                    3.0.4                pyhd8ed1ab_1             conda-forge
2025-01-20T14:09:43.3730690Z   pyyaml                         6.0.1                py312h02f2b3b_1          conda-forge
2025-01-20T14:09:43.3730960Z   pyzmq                          26.0.3               py312hfa13136_0          conda-forge
2025-01-20T14:09:43.3731400Z   qgrid                          1.3.1                pyhd8ed1ab_5             conda-forge
2025-01-20T14:09:43.3731700Z   radioactivedecay               0.5.1                pyhd8ed1ab_1             conda-forge
2025-01-20T14:09:43.3732000Z   readline                       8.2                  h92ec313_1               conda-forge
2025-01-20T14:09:43.3732460Z   recommonmark                   0.7.1                pyhd8ed1ab_1             conda-forge
2025-01-20T14:09:43.3732780Z   referencing                    0.35.1               pyhd8ed1ab_1             conda-forge
2025-01-20T14:09:43.3733080Z   requests                       2.32.3               pyhd8ed1ab_1             conda-forge
2025-01-20T14:09:43.3733380Z   rfc3339-validator              0.1.4                pyhd8ed1ab_1             conda-forge
2025-01-20T14:09:43.3733710Z   rfc3986-validator              0.1.1                pyh9f0ad1d_0             conda-forge
2025-01-20T14:09:43.3734120Z   rpds-py                        0.18.1               py312h552d48e_0          conda-forge
2025-01-20T14:09:43.3734400Z   ruff                           0.4.9                py312h3402d49_0          conda-forge
2025-01-20T14:09:43.3734670Z   scipy                          1.13.1               py312h14ffa8f_0          conda-forge
2025-01-20T14:09:43.3734960Z   send2trash                     1.8.3                pyh31c8845_1             conda-forge
2025-01-20T14:09:43.3735260Z   setuptools                     70.0.0               pyhd8ed1ab_0             conda-forge
2025-01-20T14:09:43.3735560Z   setuptools-scm                 8.1.0                pyhd8ed1ab_1             conda-forge
2025-01-20T14:09:43.3735870Z   setuptools_scm                 8.1.0                hd8ed1ab_1               conda-forge
2025-01-20T14:09:43.3736160Z   six                            1.16.0               pyhd8ed1ab_1             conda-forge
2025-01-20T14:09:43.3736430Z   snakeviz                       2.2.0                pyhd8ed1ab_0             conda-forge
2025-01-20T14:09:43.3736710Z   snappy                         1.2.0                hd04f947_1               conda-forge
2025-01-20T14:09:43.3736990Z   sniffio                        1.3.1                pyhd8ed1ab_1             conda-forge
2025-01-20T14:09:43.3737290Z   snowballstemmer                2.2.0                pyhd8ed1ab_0             conda-forge
2025-01-20T14:09:43.3737600Z   soupsieve                      2.5                  pyhd8ed1ab_1             conda-forge
2025-01-20T14:09:43.3737880Z   sphinx                         7.3.7                pyhd8ed1ab_0             conda-forge
2025-01-20T14:09:43.3738180Z   sphinx-astropy                 1.9.1                pyhd8ed1ab_1             conda-forge
2025-01-20T14:09:43.3738500Z   sphinx-automodapi              0.17.0               pyh717bed2_1             conda-forge
2025-01-20T14:09:43.3738840Z   sphinx-copybutton              0.5.2                pyhd8ed1ab_1             conda-forge
2025-01-20T14:09:43.3739170Z   sphinx-design                  0.6.1                pyhd8ed1ab_2             conda-forge
2025-01-20T14:09:43.3739480Z   sphinx-gallery                 0.16.0               pyhd8ed1ab_0             conda-forge
2025-01-20T14:09:43.3739800Z   sphinx-jsonschema              1.19.1               pyhd8ed1ab_1             conda-forge
2025-01-20T14:09:43.3740140Z   sphinx_bootstrap_theme         0.8.1                pyhd8ed1ab_1             conda-forge
2025-01-20T14:09:43.3740480Z   sphinx_rtd_theme               2.0.0                pyha770c72_0             conda-forge
2025-01-20T14:09:43.3740800Z   sphinxcontrib-apidoc           0.3.0                py_1                     conda-forge
2025-01-20T14:09:43.3741160Z   sphinxcontrib-applehelp        1.0.8                pyhd8ed1ab_0             conda-forge
2025-01-20T14:09:43.3741520Z   sphinxcontrib-bibtex           2.6.2                pyhd8ed1ab_0             conda-forge
2025-01-20T14:09:43.3741870Z   sphinxcontrib-devhelp          1.0.6                pyhd8ed1ab_0             conda-forge
2025-01-20T14:09:43.3742250Z   sphinxcontrib-htmlhelp         2.0.5                pyhd8ed1ab_0             conda-forge
2025-01-20T14:09:43.3742610Z   sphinxcontrib-jquery           4.1                  pyhd8ed1ab_1             conda-forge
2025-01-20T14:09:43.3742960Z   sphinxcontrib-jsmath           1.0.1                pyhd8ed1ab_1             conda-forge
2025-01-20T14:09:43.3743440Z   sphinxcontrib-qthelp           1.0.7                pyhd8ed1ab_0             conda-forge
2025-01-20T14:09:43.3743860Z   sphinxcontrib-serializinghtml  1.1.10               pyhd8ed1ab_1             conda-forge
2025-01-20T14:09:43.3744240Z   sphinxext-rediraffe            0.2.7                pyhd8ed1ab_2             conda-forge
2025-01-20T14:09:43.3744570Z   sqlalchemy                     2.0.37               py312hea69d52_0          conda-forge
2025-01-20T14:09:43.3744870Z   stack_data                     0.6.2                pyhd8ed1ab_0             conda-forge
2025-01-20T14:09:43.3745340Z   sympy                          1.12.1               pypyh2585a3b_103         conda-forge
2025-01-20T14:09:43.3745650Z   tabulate                       0.9.0                pyhd8ed1ab_2             conda-forge
2025-01-20T14:09:43.3745940Z   tenacity                       8.4.1                pyhd8ed1ab_0             conda-forge
2025-01-20T14:09:43.3746240Z   terminado                      0.18.1               pyh31c8845_0             conda-forge
2025-01-20T14:09:43.3746530Z   tinycss2                       1.3.0                pyhd8ed1ab_0             conda-forge
2025-01-20T14:09:43.3746800Z   tk                             8.6.13               h5083fa2_1               conda-forge
2025-01-20T14:09:43.3747050Z   toml                           0.10.2               pyhd8ed1ab_1             conda-forge
2025-01-20T14:09:43.3747320Z   tomli                          2.0.1                pyhd8ed1ab_0             conda-forge
2025-01-20T14:09:43.3747600Z   tornado                        6.4.1                py312h024a12e_1          conda-forge
2025-01-20T14:09:43.3747870Z   tqdm                           4.66.4               pyhd8ed1ab_0             conda-forge
2025-01-20T14:09:43.3748160Z   traitlets                      5.14.3               pyhd8ed1ab_1             conda-forge
2025-01-20T14:09:43.3748450Z   typed-ast                      1.5.5                py312h02f2b3b_1          conda-forge
2025-01-20T14:09:43.3748790Z   types-python-dateutil          2.9.0.20240316       pyhd8ed1ab_0             conda-forge
2025-01-20T14:09:43.3749150Z   typing-extensions              4.12.2               hd8ed1ab_1               conda-forge
2025-01-20T14:09:43.3749480Z   typing_extensions              4.12.2               pyha770c72_1             conda-forge
2025-01-20T14:09:43.3749800Z   typing_utils                   0.1.0                pyhd8ed1ab_1             conda-forge
2025-01-20T14:09:43.3750090Z   tzdata                         2024a                h8827d51_1               conda-forge
2025-01-20T14:09:43.3750400Z   uc-micro-py                    1.0.3                pyhd8ed1ab_1             conda-forge
2025-01-20T14:09:43.3750700Z   uri-template                   1.3.0                pyhd8ed1ab_1             conda-forge
2025-01-20T14:09:43.3750990Z   urllib3                        2.2.2                pyhd8ed1ab_1             conda-forge
2025-01-20T14:09:43.3751290Z   watchfiles                     1.0.4                py312hcd83bfe_0          conda-forge
2025-01-20T14:09:43.3751580Z   wcwidth                        0.2.13               pyhd8ed1ab_1             conda-forge
2025-01-20T14:09:43.3751880Z   webcolors                      24.6.0               pyhd8ed1ab_0             conda-forge
2025-01-20T14:09:43.3752170Z   webencodings                   0.5.1                pyhd8ed1ab_3             conda-forge
2025-01-20T14:09:43.3752490Z   websocket-client               1.8.0                pyhd8ed1ab_1             conda-forge
2025-01-20T14:09:43.3752790Z   wheel                          0.43.0               pyhd8ed1ab_1             conda-forge
2025-01-20T14:09:43.3753100Z   widgetsnbextension             3.6.10               pyhd8ed1ab_0             conda-forge
2025-01-20T14:09:43.3753420Z   xorg-libxau                    1.0.11               hd74edd7_1               conda-forge
2025-01-20T14:09:43.3753730Z   xorg-libxdmcp                  1.1.3                hd74edd7_2               conda-forge
2025-01-20T14:09:43.3754200Z   xyzservices                    2025.1.0             pyhd8ed1ab_0             conda-forge
2025-01-20T14:09:43.3754480Z   xz                             5.2.6                h57fd34a_0               conda-forge
2025-01-20T14:09:43.3754730Z   yaml                           0.2.5                h3422bc3_2               conda-forge
2025-01-20T14:09:43.3754990Z   zeromq                         4.3.5                hcc0f68c_4               conda-forge
2025-01-20T14:09:43.3755260Z   zipp                           3.19.2               pyhd8ed1ab_0             conda-forge
2025-01-20T14:09:43.3755630Z   zlib                           1.3.1                h8359307_2               conda-forge
2025-01-20T14:09:43.3755910Z   zlib-ng                        2.0.7                h1a8c8d9_0               conda-forge
2025-01-20T14:09:43.3756190Z   zstandard                      0.23.0               py312h15fbf35_1          conda-forge
2025-01-20T14:09:43.3756470Z   zstd                           1.5.6                hb46c0d2_0               conda-forge
2025-01-20T14:09:43.3757090Z ##[endgroup]
2025-01-20T14:09:43.3826930Z ##[group]Run pip install -e . --user
2025-01-20T14:09:43.3827700Z [36;1mpip install -e . --user[0m
2025-01-20T14:09:43.5139230Z shell: /bin/bash -l {0}
2025-01-20T14:09:43.5139430Z env:
2025-01-20T14:09:43.5139560Z   CACHE_NUMBER: 0
2025-01-20T14:09:43.5140050Z   PYTEST_FLAGS: --tardis-regression-data=/Users/runner/work/tardis/tardis/tardis-regression-data --cov=tardis --cov-report=xml --cov-report=html --cov-append
2025-01-20T14:09:43.5140550Z   CODECOV_TOKEN: 
2025-01-20T14:09:43.5140720Z   MAMBA_ROOT_PREFIX: /Users/runner/micromamba
2025-01-20T14:09:43.5140960Z   MAMBA_EXE: /Users/runner/micromamba-bin/micromamba
2025-01-20T14:09:43.5141230Z   CONDARC: /Users/runner/work/_temp/setup-micromamba/.condarc
2025-01-20T14:09:43.5141460Z ##[endgroup]
2025-01-20T14:09:44.6705730Z Obtaining file:///Users/runner/work/tardis/tardis
2025-01-20T14:09:44.6743920Z   Installing build dependencies: started
2025-01-20T14:09:46.7386670Z   Installing build dependencies: finished with status 'done'
2025-01-20T14:09:46.7394640Z   Checking if build backend supports build_editable: started
2025-01-20T14:09:46.8429370Z   Checking if build backend supports build_editable: finished with status 'done'
2025-01-20T14:09:46.8438890Z   Getting requirements to build editable: started
2025-01-20T14:09:47.4072560Z   Getting requirements to build editable: finished with status 'done'
2025-01-20T14:09:47.4084210Z   Preparing editable metadata (pyproject.toml): started
2025-01-20T14:09:47.8251740Z   Preparing editable metadata (pyproject.toml): finished with status 'done'
2025-01-20T14:09:47.8350810Z Requirement already satisfied: astropy in /Users/runner/micromamba/envs/tardis/lib/python3.12/site-packages (from tardis==0.0.0) (6.1.1)
2025-01-20T14:09:47.8384250Z Requirement already satisfied: numpy>=1.23 in /Users/runner/micromamba/envs/tardis/lib/python3.12/site-packages (from astropy->tardis==0.0.0) (1.26.4)
2025-01-20T14:09:47.8386270Z Requirement already satisfied: pyerfa>=2.0.1.1 in /Users/runner/micromamba/envs/tardis/lib/python3.12/site-packages (from astropy->tardis==0.0.0) (2.0.1.4)
2025-01-20T14:09:47.8388220Z Requirement already satisfied: astropy-iers-data>=0.2024.5.27.0.30.8 in /Users/runner/micromamba/envs/tardis/lib/python3.12/site-packages (from astropy->tardis==0.0.0) (0.2024.6.17.0.31.35)
2025-01-20T14:09:47.8390240Z Requirement already satisfied: PyYAML>=3.13 in /Users/runner/micromamba/envs/tardis/lib/python3.12/site-packages (from astropy->tardis==0.0.0) (6.0.1)
2025-01-20T14:09:47.8392300Z Requirement already satisfied: packaging>=19.0 in /Users/runner/micromamba/envs/tardis/lib/python3.12/site-packages (from astropy->tardis==0.0.0) (24.1)
2025-01-20T14:09:47.8417200Z Building wheels for collected packages: tardis
2025-01-20T14:09:47.8424100Z   Building editable for tardis (pyproject.toml): started
2025-01-20T14:09:48.5783650Z   Building editable for tardis (pyproject.toml): finished with status 'done'
2025-01-20T14:09:48.5791510Z   Created wheel for tardis: filename=tardis-0.0.0-0.editable-py3-none-any.whl size=8876 sha256=69a63f7de72a04c132c60f70b34e32aec85f1d97ff3e031f49ec65698eac05cb
2025-01-20T14:09:48.5792520Z   Stored in directory: /private/var/folders/84/5079cppj57s0lzywhyzcxkjc0000gn/T/pip-ephem-wheel-cache-gklpf272/wheels/bb/4f/6a/0829b918c1c10bc28535ce7f14be21eee54375bdd9cd0c306a
2025-01-20T14:09:48.5820020Z Successfully built tardis
2025-01-20T14:09:48.7442850Z Installing collected packages: tardis
2025-01-20T14:09:48.7656600Z Successfully installed tardis-0.0.0
2025-01-20T14:09:48.9459330Z ##[group]Run pip install qgridnext
2025-01-20T14:09:48.9459670Z [36;1mpip install qgridnext[0m
2025-01-20T14:09:48.9514710Z shell: /bin/bash -l {0}
2025-01-20T14:09:48.9514900Z env:
2025-01-20T14:09:48.9515110Z   CACHE_NUMBER: 0
2025-01-20T14:09:48.9515630Z   PYTEST_FLAGS: --tardis-regression-data=/Users/runner/work/tardis/tardis/tardis-regression-data --cov=tardis --cov-report=xml --cov-report=html --cov-append
2025-01-20T14:09:48.9516200Z   CODECOV_TOKEN: 
2025-01-20T14:09:48.9516390Z   MAMBA_ROOT_PREFIX: /Users/runner/micromamba
2025-01-20T14:09:48.9516660Z   MAMBA_EXE: /Users/runner/micromamba-bin/micromamba
2025-01-20T14:09:48.9516970Z   CONDARC: /Users/runner/work/_temp/setup-micromamba/.condarc
2025-01-20T14:09:48.9517270Z ##[endgroup]
2025-01-20T14:09:49.4381610Z Collecting qgridnext
2025-01-20T14:09:49.4747770Z   Downloading qgridnext-2.0.4-py3-none-any.whl.metadata (9.9 kB)
2025-01-20T14:09:49.4850800Z Requirement already satisfied: pandas>=0.20.0 in /Users/runner/micromamba/envs/tardis/lib/python3.12/site-packages (from qgridnext) (2.2.2)
2025-01-20T14:09:49.4855810Z Requirement already satisfied: ipywidgets>=7.0.0 in /Users/runner/micromamba/envs/tardis/lib/python3.12/site-packages (from qgridnext) (7.8.5)
2025-01-20T14:09:49.4861180Z Requirement already satisfied: numpy in /Users/runner/micromamba/envs/tardis/lib/python3.12/site-packages (from qgridnext) (1.26.4)
2025-01-20T14:09:49.4865800Z Requirement already satisfied: traitlets in /Users/runner/micromamba/envs/tardis/lib/python3.12/site-packages (from qgridnext) (5.14.3)
2025-01-20T14:09:49.4897190Z Requirement already satisfied: comm>=0.1.3 in /Users/runner/micromamba/envs/tardis/lib/python3.12/site-packages (from ipywidgets>=7.0.0->qgridnext) (0.2.2)
2025-01-20T14:09:49.4898150Z Requirement already satisfied: ipython-genutils~=0.2.0 in /Users/runner/micromamba/envs/tardis/lib/python3.12/site-packages (from ipywidgets>=7.0.0->qgridnext) (0.2.0)
2025-01-20T14:09:49.4900210Z Requirement already satisfied: widgetsnbextension~=3.6.10 in /Users/runner/micromamba/envs/tardis/lib/python3.12/site-packages (from ipywidgets>=7.0.0->qgridnext) (3.6.10)
2025-01-20T14:09:49.4903110Z Requirement already satisfied: ipython>=4.0.0 in /Users/runner/micromamba/envs/tardis/lib/python3.12/site-packages (from ipywidgets>=7.0.0->qgridnext) (8.25.0)
2025-01-20T14:09:49.4906180Z Requirement already satisfied: jupyterlab-widgets<3,>=1.0.0 in /Users/runner/micromamba/envs/tardis/lib/python3.12/site-packages (from ipywidgets>=7.0.0->qgridnext) (1.1.11)
2025-01-20T14:09:49.4971400Z Requirement already satisfied: python-dateutil>=2.8.2 in /Users/runner/micromamba/envs/tardis/lib/python3.12/site-packages (from pandas>=0.20.0->qgridnext) (2.9.0.post0)
2025-01-20T14:09:49.4973120Z Requirement already satisfied: pytz>=2020.1 in /Users/runner/micromamba/envs/tardis/lib/python3.12/site-packages (from pandas>=0.20.0->qgridnext) (2024.1)
2025-01-20T14:09:49.4975450Z Requirement already satisfied: tzdata>=2022.7 in /Users/runner/micromamba/envs/tardis/lib/python3.12/site-packages (from pandas>=0.20.0->qgridnext) (2024.1)
2025-01-20T14:09:49.5023620Z Requirement already satisfied: decorator in /Users/runner/micromamba/envs/tardis/lib/python3.12/site-packages (from ipython>=4.0.0->ipywidgets>=7.0.0->qgridnext) (5.1.1)
2025-01-20T14:09:49.5025040Z Requirement already satisfied: jedi>=0.16 in /Users/runner/micromamba/envs/tardis/lib/python3.12/site-packages (from ipython>=4.0.0->ipywidgets>=7.0.0->qgridnext) (0.19.1)
2025-01-20T14:09:49.5026840Z Requirement already satisfied: matplotlib-inline in /Users/runner/micromamba/envs/tardis/lib/python3.12/site-packages (from ipython>=4.0.0->ipywidgets>=7.0.0->qgridnext) (0.1.7)
2025-01-20T14:09:49.5029040Z Requirement already satisfied: prompt-toolkit<3.1.0,>=3.0.41 in /Users/runner/micromamba/envs/tardis/lib/python3.12/site-packages (from ipython>=4.0.0->ipywidgets>=7.0.0->qgridnext) (3.0.47)
2025-01-20T14:09:49.5031720Z Requirement already satisfied: pygments>=2.4.0 in /Users/runner/micromamba/envs/tardis/lib/python3.12/site-packages (from ipython>=4.0.0->ipywidgets>=7.0.0->qgridnext) (2.18.0)
2025-01-20T14:09:49.5032790Z Requirement already satisfied: stack-data in /Users/runner/micromamba/envs/tardis/lib/python3.12/site-packages (from ipython>=4.0.0->ipywidgets>=7.0.0->qgridnext) (0.6.2)
2025-01-20T14:09:49.5036850Z Requirement already satisfied: pexpect>4.3 in /Users/runner/micromamba/envs/tardis/lib/python3.12/site-packages (from ipython>=4.0.0->ipywidgets>=7.0.0->qgridnext) (4.9.0)
2025-01-20T14:09:49.5053270Z Requirement already satisfied: six>=1.5 in /Users/runner/micromamba/envs/tardis/lib/python3.12/site-packages (from python-dateutil>=2.8.2->pandas>=0.20.0->qgridnext) (1.16.0)
2025-01-20T14:09:49.5070860Z Requirement already satisfied: notebook>=4.4.1 in /Users/runner/micromamba/envs/tardis/lib/python3.12/site-packages (from widgetsnbextension~=3.6.10->ipywidgets>=7.0.0->qgridnext) (7.2.1)
2025-01-20T14:09:49.5126570Z Requirement already satisfied: parso<0.9.0,>=0.8.3 in /Users/runner/micromamba/envs/tardis/lib/python3.12/site-packages (from jedi>=0.16->ipython>=4.0.0->ipywidgets>=7.0.0->qgridnext) (0.8.4)
2025-01-20T14:09:49.5229010Z Requirement already satisfied: jupyter-server<3,>=2.4.0 in /Users/runner/micromamba/envs/tardis/lib/python3.12/site-packages (from notebook>=4.4.1->widgetsnbextension~=3.6.10->ipywidgets>=7.0.0->qgridnext) (2.14.1)
2025-01-20T14:09:49.5265360Z Requirement already satisfied: jupyterlab-server<3,>=2.27.1 in /Users/runner/micromamba/envs/tardis/lib/python3.12/site-packages (from notebook>=4.4.1->widgetsnbextension~=3.6.10->ipywidgets>=7.0.0->qgridnext) (2.27.2)
2025-01-20T14:09:49.5267070Z Requirement already satisfied: jupyterlab<4.3,>=4.2.0 in /Users/runner/micromamba/envs/tardis/lib/python3.12/site-packages (from notebook>=4.4.1->widgetsnbextension~=3.6.10->ipywidgets>=7.0.0->qgridnext) (4.2.2)
2025-01-20T14:09:49.5268380Z Requirement already satisfied: notebook-shim<0.3,>=0.2 in /Users/runner/micromamba/envs/tardis/lib/python3.12/site-packages (from notebook>=4.4.1->widgetsnbextension~=3.6.10->ipywidgets>=7.0.0->qgridnext) (0.2.4)
2025-01-20T14:09:49.5269560Z Requirement already satisfied: tornado>=6.2.0 in /Users/runner/micromamba/envs/tardis/lib/python3.12/site-packages (from notebook>=4.4.1->widgetsnbextension~=3.6.10->ipywidgets>=7.0.0->qgridnext) (6.4.1)
2025-01-20T14:09:49.5270850Z Requirement already satisfied: ptyprocess>=0.5 in /Users/runner/micromamba/envs/tardis/lib/python3.12/site-packages (from pexpect>4.3->ipython>=4.0.0->ipywidgets>=7.0.0->qgridnext) (0.7.0)
2025-01-20T14:09:49.5271860Z Requirement already satisfied: wcwidth in /Users/runner/micromamba/envs/tardis/lib/python3.12/site-packages (from prompt-toolkit<3.1.0,>=3.0.41->ipython>=4.0.0->ipywidgets>=7.0.0->qgridnext) (0.2.13)
2025-01-20T14:09:49.5272830Z Requirement already satisfied: executing>=1.2.0 in /Users/runner/micromamba/envs/tardis/lib/python3.12/site-packages (from stack-data->ipython>=4.0.0->ipywidgets>=7.0.0->qgridnext) (2.0.1)
2025-01-20T14:09:49.5273800Z Requirement already satisfied: asttokens>=2.1.0 in /Users/runner/micromamba/envs/tardis/lib/python3.12/site-packages (from stack-data->ipython>=4.0.0->ipywidgets>=7.0.0->qgridnext) (2.4.1)
2025-01-20T14:09:49.5274760Z Requirement already satisfied: pure-eval in /Users/runner/micromamba/envs/tardis/lib/python3.12/site-packages (from stack-data->ipython>=4.0.0->ipywidgets>=7.0.0->qgridnext) (0.2.2)
2025-01-20T14:09:49.5297370Z Requirement already satisfied: anyio>=3.1.0 in /Users/runner/micromamba/envs/tardis/lib/python3.12/site-packages (from jupyter-server<3,>=2.4.0->notebook>=4.4.1->widgetsnbextension~=3.6.10->ipywidgets>=7.0.0->qgridnext) (4.4.0)
2025-01-20T14:09:49.5299340Z Requirement already satisfied: argon2-cffi>=21.1 in /Users/runner/micromamba/envs/tardis/lib/python3.12/site-packages (from jupyter-server<3,>=2.4.0->notebook>=4.4.1->widgetsnbextension~=3.6.10->ipywidgets>=7.0.0->qgridnext) (23.1.0)
2025-01-20T14:09:49.5302030Z Requirement already satisfied: jinja2>=3.0.3 in /Users/runner/micromamba/envs/tardis/lib/python3.12/site-packages (from jupyter-server<3,>=2.4.0->notebook>=4.4.1->widgetsnbextension~=3.6.10->ipywidgets>=7.0.0->qgridnext) (3.1.4)
2025-01-20T14:09:49.5304010Z Requirement already satisfied: jupyter-client>=7.4.4 in /Users/runner/micromamba/envs/tardis/lib/python3.12/site-packages (from jupyter-server<3,>=2.4.0->notebook>=4.4.1->widgetsnbextension~=3.6.10->ipywidgets>=7.0.0->qgridnext) (8.6.2)
2025-01-20T14:09:49.5306390Z Requirement already satisfied: jupyter-core!=5.0.*,>=4.12 in /Users/runner/micromamba/envs/tardis/lib/python3.12/site-packages (from jupyter-server<3,>=2.4.0->notebook>=4.4.1->widgetsnbextension~=3.6.10->ipywidgets>=7.0.0->qgridnext) (5.7.2)
2025-01-20T14:09:49.5308420Z Requirement already satisfied: jupyter-events>=0.9.0 in /Users/runner/micromamba/envs/tardis/lib/python3.12/site-packages (from jupyter-server<3,>=2.4.0->notebook>=4.4.1->widgetsnbextension~=3.6.10->ipywidgets>=7.0.0->qgridnext) (0.10.0)
2025-01-20T14:09:49.5310980Z Requirement already satisfied: jupyter-server-terminals>=0.4.4 in /Users/runner/micromamba/envs/tardis/lib/python3.12/site-packages (from jupyter-server<3,>=2.4.0->notebook>=4.4.1->widgetsnbextension~=3.6.10->ipywidgets>=7.0.0->qgridnext) (0.5.3)
2025-01-20T14:09:49.5313020Z Requirement already satisfied: nbconvert>=6.4.4 in /Users/runner/micromamba/envs/tardis/lib/python3.12/site-packages (from jupyter-server<3,>=2.4.0->notebook>=4.4.1->widgetsnbextension~=3.6.10->ipywidgets>=7.0.0->qgridnext) (7.16.4)
2025-01-20T14:09:49.5315040Z Requirement already satisfied: nbformat>=5.3.0 in /Users/runner/micromamba/envs/tardis/lib/python3.12/site-packages (from jupyter-server<3,>=2.4.0->notebook>=4.4.1->widgetsnbextension~=3.6.10->ipywidgets>=7.0.0->qgridnext) (5.10.4)
2025-01-20T14:09:49.5317150Z Requirement already satisfied: overrides>=5.0 in /Users/runner/micromamba/envs/tardis/lib/python3.12/site-packages (from jupyter-server<3,>=2.4.0->notebook>=4.4.1->widgetsnbextension~=3.6.10->ipywidgets>=7.0.0->qgridnext) (7.7.0)
2025-01-20T14:09:49.5319180Z Requirement already satisfied: packaging>=22.0 in /Users/runner/micromamba/envs/tardis/lib/python3.12/site-packages (from jupyter-server<3,>=2.4.0->notebook>=4.4.1->widgetsnbextension~=3.6.10->ipywidgets>=7.0.0->qgridnext) (24.1)
2025-01-20T14:09:49.5321090Z Requirement already satisfied: prometheus-client>=0.9 in /Users/runner/micromamba/envs/tardis/lib/python3.12/site-packages (from jupyter-server<3,>=2.4.0->notebook>=4.4.1->widgetsnbextension~=3.6.10->ipywidgets>=7.0.0->qgridnext) (0.20.0)
2025-01-20T14:09:49.5332340Z Requirement already satisfied: pyzmq>=24 in /Users/runner/micromamba/envs/tardis/lib/python3.12/site-packages (from jupyter-server<3,>=2.4.0->notebook>=4.4.1->widgetsnbextension~=3.6.10->ipywidgets>=7.0.0->qgridnext) (26.0.3)
2025-01-20T14:09:49.5333560Z Requirement already satisfied: send2trash>=1.8.2 in /Users/runner/micromamba/envs/tardis/lib/python3.12/site-packages (from jupyter-server<3,>=2.4.0->notebook>=4.4.1->widgetsnbextension~=3.6.10->ipywidgets>=7.0.0->qgridnext) (1.8.3)
2025-01-20T14:09:49.5334730Z Requirement already satisfied: terminado>=0.8.3 in /Users/runner/micromamba/envs/tardis/lib/python3.12/site-packages (from jupyter-server<3,>=2.4.0->notebook>=4.4.1->widgetsnbextension~=3.6.10->ipywidgets>=7.0.0->qgridnext) (0.18.1)
2025-01-20T14:09:49.5335940Z Requirement already satisfied: websocket-client>=1.7 in /Users/runner/micromamba/envs/tardis/lib/python3.12/site-packages (from jupyter-server<3,>=2.4.0->notebook>=4.4.1->widgetsnbextension~=3.6.10->ipywidgets>=7.0.0->qgridnext) (1.8.0)
2025-01-20T14:09:49.5363390Z Requirement already satisfied: async-lru>=1.0.0 in /Users/runner/micromamba/envs/tardis/lib/python3.12/site-packages (from jupyterlab<4.3,>=4.2.0->notebook>=4.4.1->widgetsnbextension~=3.6.10->ipywidgets>=7.0.0->qgridnext) (2.0.4)
2025-01-20T14:09:49.5364980Z Requirement already satisfied: httpx>=0.25.0 in /Users/runner/micromamba/envs/tardis/lib/python3.12/site-packages (from jupyterlab<4.3,>=4.2.0->notebook>=4.4.1->widgetsnbextension~=3.6.10->ipywidgets>=7.0.0->qgridnext) (0.27.0)
2025-01-20T14:09:49.5367430Z Requirement already satisfied: ipykernel>=6.5.0 in /Users/runner/micromamba/envs/tardis/lib/python3.12/site-packages (from jupyterlab<4.3,>=4.2.0->notebook>=4.4.1->widgetsnbextension~=3.6.10->ipywidgets>=7.0.0->qgridnext) (6.29.4)
2025-01-20T14:09:49.5370650Z Requirement already satisfied: jupyter-lsp>=2.0.0 in /Users/runner/micromamba/envs/tardis/lib/python3.12/site-packages (from jupyterlab<4.3,>=4.2.0->notebook>=4.4.1->widgetsnbextension~=3.6.10->ipywidgets>=7.0.0->qgridnext) (2.2.5)
2025-01-20T14:09:49.5378050Z Requirement already satisfied: setuptools>=40.1.0 in /Users/runner/micromamba/envs/tardis/lib/python3.12/site-packages (from jupyterlab<4.3,>=4.2.0->notebook>=4.4.1->widgetsnbextension~=3.6.10->ipywidgets>=7.0.0->qgridnext) (70.0.0)
2025-01-20T14:09:49.5398570Z Requirement already satisfied: babel>=2.10 in /Users/runner/micromamba/envs/tardis/lib/python3.12/site-packages (from jupyterlab-server<3,>=2.27.1->notebook>=4.4.1->widgetsnbextension~=3.6.10->ipywidgets>=7.0.0->qgridnext) (2.14.0)
2025-01-20T14:09:49.5400650Z Requirement already satisfied: json5>=0.9.0 in /Users/runner/micromamba/envs/tardis/lib/python3.12/site-packages (from jupyterlab-server<3,>=2.27.1->notebook>=4.4.1->widgetsnbextension~=3.6.10->ipywidgets>=7.0.0->qgridnext) (0.9.25)
2025-01-20T14:09:49.5402840Z Requirement already satisfied: jsonschema>=4.18.0 in /Users/runner/micromamba/envs/tardis/lib/python3.12/site-packages (from jupyterlab-server<3,>=2.27.1->notebook>=4.4.1->widgetsnbextension~=3.6.10->ipywidgets>=7.0.0->qgridnext) (4.22.0)
2025-01-20T14:09:49.5405840Z Requirement already satisfied: requests>=2.31 in /Users/runner/micromamba/envs/tardis/lib/python3.12/site-packages (from jupyterlab-server<3,>=2.27.1->notebook>=4.4.1->widgetsnbextension~=3.6.10->ipywidgets>=7.0.0->qgridnext) (2.32.3)
2025-01-20T14:09:49.5468940Z Requirement already satisfied: idna>=2.8 in /Users/runner/micromamba/envs/tardis/lib/python3.12/site-packages (from anyio>=3.1.0->jupyter-server<3,>=2.4.0->notebook>=4.4.1->widgetsnbextension~=3.6.10->ipywidgets>=7.0.0->qgridnext) (3.7)
2025-01-20T14:09:49.5470900Z Requirement already satisfied: sniffio>=1.1 in /Users/runner/micromamba/envs/tardis/lib/python3.12/site-packages (from anyio>=3.1.0->jupyter-server<3,>=2.4.0->notebook>=4.4.1->widgetsnbextension~=3.6.10->ipywidgets>=7.0.0->qgridnext) (1.3.1)
2025-01-20T14:09:49.5487530Z Requirement already satisfied: argon2-cffi-bindings in /Users/runner/micromamba/envs/tardis/lib/python3.12/site-packages (from argon2-cffi>=21.1->jupyter-server<3,>=2.4.0->notebook>=4.4.1->widgetsnbextension~=3.6.10->ipywidgets>=7.0.0->qgridnext) (21.2.0)
2025-01-20T14:09:49.5520880Z Requirement already satisfied: certifi in /Users/runner/micromamba/envs/tardis/lib/python3.12/site-packages (from httpx>=0.25.0->jupyterlab<4.3,>=4.2.0->notebook>=4.4.1->widgetsnbextension~=3.6.10->ipywidgets>=7.0.0->qgridnext) (2024.12.14)
2025-01-20T14:09:49.5522540Z Requirement already satisfied: httpcore==1.* in /Users/runner/micromamba/envs/tardis/lib/python3.12/site-packages (from httpx>=0.25.0->jupyterlab<4.3,>=4.2.0->notebook>=4.4.1->widgetsnbextension~=3.6.10->ipywidgets>=7.0.0->qgridnext) (1.0.5)
2025-01-20T14:09:49.5537830Z Requirement already satisfied: h11<0.15,>=0.13 in /Users/runner/micromamba/envs/tardis/lib/python3.12/site-packages (from httpcore==1.*->httpx>=0.25.0->jupyterlab<4.3,>=4.2.0->notebook>=4.4.1->widgetsnbextension~=3.6.10->ipywidgets>=7.0.0->qgridnext) (0.14.0)
2025-01-20T14:09:49.5557080Z Requirement already satisfied: appnope in /Users/runner/micromamba/envs/tardis/lib/python3.12/site-packages (from ipykernel>=6.5.0->jupyterlab<4.3,>=4.2.0->notebook>=4.4.1->widgetsnbextension~=3.6.10->ipywidgets>=7.0.0->qgridnext) (0.1.4)
2025-01-20T14:09:49.5559510Z Requirement already satisfied: debugpy>=1.6.5 in /Users/runner/micromamba/envs/tardis/lib/python3.12/site-packages (from ipykernel>=6.5.0->jupyterlab<4.3,>=4.2.0->notebook>=4.4.1->widgetsnbextension~=3.6.10->ipywidgets>=7.0.0->qgridnext) (1.8.1)
2025-01-20T14:09:49.5563490Z Requirement already satisfied: nest-asyncio in /Users/runner/micromamba/envs/tardis/lib/python3.12/site-packages (from ipykernel>=6.5.0->jupyterlab<4.3,>=4.2.0->notebook>=4.4.1->widgetsnbextension~=3.6.10->ipywidgets>=7.0.0->qgridnext) (1.6.0)
2025-01-20T14:09:49.5565610Z Requirement already satisfied: psutil in /Users/runner/micromamba/envs/tardis/lib/python3.12/site-packages (from ipykernel>=6.5.0->jupyterlab<4.3,>=4.2.0->notebook>=4.4.1->widgetsnbextension~=3.6.10->ipywidgets>=7.0.0->qgridnext) (5.9.8)
2025-01-20T14:09:49.5579750Z Requirement already satisfied: MarkupSafe>=2.0 in /Users/runner/micromamba/envs/tardis/lib/python3.12/site-packages (from jinja2>=3.0.3->jupyter-server<3,>=2.4.0->notebook>=4.4.1->widgetsnbextension~=3.6.10->ipywidgets>=7.0.0->qgridnext) (2.1.5)
2025-01-20T14:09:49.5614320Z Requirement already satisfied: attrs>=22.2.0 in /Users/runner/micromamba/envs/tardis/lib/python3.12/site-packages (from jsonschema>=4.18.0->jupyterlab-server<3,>=2.27.1->notebook>=4.4.1->widgetsnbextension~=3.6.10->ipywidgets>=7.0.0->qgridnext) (23.2.0)
2025-01-20T14:09:49.5616150Z Requirement already satisfied: jsonschema-specifications>=2023.03.6 in /Users/runner/micromamba/envs/tardis/lib/python3.12/site-packages (from jsonschema>=4.18.0->jupyterlab-server<3,>=2.27.1->notebook>=4.4.1->widgetsnbextension~=3.6.10->ipywidgets>=7.0.0->qgridnext) (2023.12.1)
2025-01-20T14:09:49.5618170Z Requirement already satisfied: referencing>=0.28.4 in /Users/runner/micromamba/envs/tardis/lib/python3.12/site-packages (from jsonschema>=4.18.0->jupyterlab-server<3,>=2.27.1->notebook>=4.4.1->widgetsnbextension~=3.6.10->ipywidgets>=7.0.0->qgridnext) (0.35.1)
2025-01-20T14:09:49.5620220Z Requirement already satisfied: rpds-py>=0.7.1 in /Users/runner/micromamba/envs/tardis/lib/python3.12/site-packages (from jsonschema>=4.18.0->jupyterlab-server<3,>=2.27.1->notebook>=4.4.1->widgetsnbextension~=3.6.10->ipywidgets>=7.0.0->qgridnext) (0.18.1)
2025-01-20T14:09:49.5653670Z Requirement already satisfied: platformdirs>=2.5 in /Users/runner/micromamba/envs/tardis/lib/python3.12/site-packages (from jupyter-core!=5.0.*,>=4.12->jupyter-server<3,>=2.4.0->notebook>=4.4.1->widgetsnbextension~=3.6.10->ipywidgets>=7.0.0->qgridnext) (4.2.2)
2025-01-20T14:09:49.5675010Z Requirement already satisfied: python-json-logger>=2.0.4 in /Users/runner/micromamba/envs/tardis/lib/python3.12/site-packages (from jupyter-events>=0.9.0->jupyter-server<3,>=2.4.0->notebook>=4.4.1->widgetsnbextension~=3.6.10->ipywidgets>=7.0.0->qgridnext) (2.0.7)
2025-01-20T14:09:49.5676810Z Requirement already satisfied: pyyaml>=5.3 in /Users/runner/micromamba/envs/tardis/lib/python3.12/site-packages (from jupyter-events>=0.9.0->jupyter-server<3,>=2.4.0->notebook>=4.4.1->widgetsnbextension~=3.6.10->ipywidgets>=7.0.0->qgridnext) (6.0.1)
2025-01-20T14:09:49.5678960Z Requirement already satisfied: rfc3339-validator in /Users/runner/micromamba/envs/tardis/lib/python3.12/site-packages (from jupyter-events>=0.9.0->jupyter-server<3,>=2.4.0->notebook>=4.4.1->widgetsnbextension~=3.6.10->ipywidgets>=7.0.0->qgridnext) (0.1.4)
2025-01-20T14:09:49.5752920Z Requirement already satisfied: rfc3986-validator>=0.1.1 in /Users/runner/micromamba/envs/tardis/lib/python3.12/site-packages (from jupyter-events>=0.9.0->jupyter-server<3,>=2.4.0->notebook>=4.4.1->widgetsnbextension~=3.6.10->ipywidgets>=7.0.0->qgridnext) (0.1.1)
2025-01-20T14:09:49.5809820Z Requirement already satisfied: beautifulsoup4 in /Users/runner/micromamba/envs/tardis/lib/python3.12/site-packages (from nbconvert>=6.4.4->jupyter-server<3,>=2.4.0->notebook>=4.4.1->widgetsnbextension~=3.6.10->ipywidgets>=7.0.0->qgridnext) (4.12.3)
2025-01-20T14:09:49.5811800Z Requirement already satisfied: bleach!=5.0.0 in /Users/runner/micromamba/envs/tardis/lib/python3.12/site-packages (from nbconvert>=6.4.4->jupyter-server<3,>=2.4.0->notebook>=4.4.1->widgetsnbextension~=3.6.10->ipywidgets>=7.0.0->qgridnext) (6.1.0)
2025-01-20T14:09:49.5813830Z Requirement already satisfied: defusedxml in /Users/runner/micromamba/envs/tardis/lib/python3.12/site-packages (from nbconvert>=6.4.4->jupyter-server<3,>=2.4.0->notebook>=4.4.1->widgetsnbextension~=3.6.10->ipywidgets>=7.0.0->qgridnext) (0.7.1)
2025-01-20T14:09:49.5816690Z Requirement already satisfied: jupyterlab-pygments in /Users/runner/micromamba/envs/tardis/lib/python3.12/site-packages (from nbconvert>=6.4.4->jupyter-server<3,>=2.4.0->notebook>=4.4.1->widgetsnbextension~=3.6.10->ipywidgets>=7.0.0->qgridnext) (0.3.0)
2025-01-20T14:09:49.5819120Z Requirement already satisfied: mistune<4,>=2.0.3 in /Users/runner/micromamba/envs/tardis/lib/python3.12/site-packages (from nbconvert>=6.4.4->jupyter-server<3,>=2.4.0->notebook>=4.4.1->widgetsnbextension~=3.6.10->ipywidgets>=7.0.0->qgridnext) (3.0.2)
2025-01-20T14:09:49.5821110Z Requirement already satisfied: nbclient>=0.5.0 in /Users/runner/micromamba/envs/tardis/lib/python3.12/site-packages (from nbconvert>=6.4.4->jupyter-server<3,>=2.4.0->notebook>=4.4.1->widgetsnbextension~=3.6.10->ipywidgets>=7.0.0->qgridnext) (0.10.0)
2025-01-20T14:09:49.5824570Z Requirement already satisfied: pandocfilters>=1.4.1 in /Users/runner/micromamba/envs/tardis/lib/python3.12/site-packages (from nbconvert>=6.4.4->jupyter-server<3,>=2.4.0->notebook>=4.4.1->widgetsnbextension~=3.6.10->ipywidgets>=7.0.0->qgridnext) (1.5.0)
2025-01-20T14:09:49.5826180Z Requirement already satisfied: tinycss2 in /Users/runner/micromamba/envs/tardis/lib/python3.12/site-packages (from nbconvert>=6.4.4->jupyter-server<3,>=2.4.0->notebook>=4.4.1->widgetsnbextension~=3.6.10->ipywidgets>=7.0.0->qgridnext) (1.3.0)
2025-01-20T14:09:49.5843760Z Requirement already satisfied: fastjsonschema>=2.15 in /Users/runner/micromamba/envs/tardis/lib/python3.12/site-packages (from nbformat>=5.3.0->jupyter-server<3,>=2.4.0->notebook>=4.4.1->widgetsnbextension~=3.6.10->ipywidgets>=7.0.0->qgridnext) (2.20.0)
2025-01-20T14:09:49.5902940Z Requirement already satisfied: charset_normalizer<4,>=2 in /Users/runner/micromamba/envs/tardis/lib/python3.12/site-packages (from requests>=2.31->jupyterlab-server<3,>=2.27.1->notebook>=4.4.1->widgetsnbextension~=3.6.10->ipywidgets>=7.0.0->qgridnext) (3.3.2)
2025-01-20T14:09:49.5905840Z Requirement already satisfied: urllib3<3,>=1.21.1 in /Users/runner/micromamba/envs/tardis/lib/python3.12/site-packages (from requests>=2.31->jupyterlab-server<3,>=2.27.1->notebook>=4.4.1->widgetsnbextension~=3.6.10->ipywidgets>=7.0.0->qgridnext) (2.2.2)
2025-01-20T14:09:49.6013360Z Requirement already satisfied: webencodings in /Users/runner/micromamba/envs/tardis/lib/python3.12/site-packages (from bleach!=5.0.0->nbconvert>=6.4.4->jupyter-server<3,>=2.4.0->notebook>=4.4.1->widgetsnbextension~=3.6.10->ipywidgets>=7.0.0->qgridnext) (0.5.1)
2025-01-20T14:09:49.6105700Z Requirement already satisfied: fqdn in /Users/runner/micromamba/envs/tardis/lib/python3.12/site-packages (from jsonschema[format-nongpl]>=4.18.0->jupyter-events>=0.9.0->jupyter-server<3,>=2.4.0->notebook>=4.4.1->widgetsnbextension~=3.6.10->ipywidgets>=7.0.0->qgridnext) (1.5.1)
2025-01-20T14:09:49.6108180Z Requirement already satisfied: isoduration in /Users/runner/micromamba/envs/tardis/lib/python3.12/site-packages (from jsonschema[format-nongpl]>=4.18.0->jupyter-events>=0.9.0->jupyter-server<3,>=2.4.0->notebook>=4.4.1->widgetsnbextension~=3.6.10->ipywidgets>=7.0.0->qgridnext) (20.11.0)
2025-01-20T14:09:49.6110450Z Requirement already satisfied: jsonpointer>1.13 in /Users/runner/micromamba/envs/tardis/lib/python3.12/site-packages (from jsonschema[format-nongpl]>=4.18.0->jupyter-events>=0.9.0->jupyter-server<3,>=2.4.0->notebook>=4.4.1->widgetsnbextension~=3.6.10->ipywidgets>=7.0.0->qgridnext) (3.0.0)
2025-01-20T14:09:49.6114740Z Requirement already satisfied: uri-template in /Users/runner/micromamba/envs/tardis/lib/python3.12/site-packages (from jsonschema[format-nongpl]>=4.18.0->jupyter-events>=0.9.0->jupyter-server<3,>=2.4.0->notebook>=4.4.1->widgetsnbextension~=3.6.10->ipywidgets>=7.0.0->qgridnext) (1.3.0)
2025-01-20T14:09:49.6119250Z Requirement already satisfied: webcolors>=1.11 in /Users/runner/micromamba/envs/tardis/lib/python3.12/site-packages (from jsonschema[format-nongpl]>=4.18.0->jupyter-events>=0.9.0->jupyter-server<3,>=2.4.0->notebook>=4.4.1->widgetsnbextension~=3.6.10->ipywidgets>=7.0.0->qgridnext) (24.6.0)
2025-01-20T14:09:49.6326280Z Requirement already satisfied: cffi>=1.0.1 in /Users/runner/micromamba/envs/tardis/lib/python3.12/site-packages (from argon2-cffi-bindings->argon2-cffi>=21.1->jupyter-server<3,>=2.4.0->notebook>=4.4.1->widgetsnbextension~=3.6.10->ipywidgets>=7.0.0->qgridnext) (1.16.0)
2025-01-20T14:09:49.6426600Z Requirement already satisfied: soupsieve>1.2 in /Users/runner/micromamba/envs/tardis/lib/python3.12/site-packages (from beautifulsoup4->nbconvert>=6.4.4->jupyter-server<3,>=2.4.0->notebook>=4.4.1->widgetsnbextension~=3.6.10->ipywidgets>=7.0.0->qgridnext) (2.5)
2025-01-20T14:09:49.6529550Z Requirement already satisfied: pycparser in /Users/runner/micromamba/envs/tardis/lib/python3.12/site-packages (from cffi>=1.0.1->argon2-cffi-bindings->argon2-cffi>=21.1->jupyter-server<3,>=2.4.0->notebook>=4.4.1->widgetsnbextension~=3.6.10->ipywidgets>=7.0.0->qgridnext) (2.22)
2025-01-20T14:09:49.6600470Z Requirement already satisfied: arrow>=0.15.0 in /Users/runner/micromamba/envs/tardis/lib/python3.12/site-packages (from isoduration->jsonschema[format-nongpl]>=4.18.0->jupyter-events>=0.9.0->jupyter-server<3,>=2.4.0->notebook>=4.4.1->widgetsnbextension~=3.6.10->ipywidgets>=7.0.0->qgridnext) (1.3.0)
2025-01-20T14:09:49.6644520Z Requirement already satisfied: types-python-dateutil>=2.8.10 in /Users/runner/micromamba/envs/tardis/lib/python3.12/site-packages (from arrow>=0.15.0->isoduration->jsonschema[format-nongpl]>=4.18.0->jupyter-events>=0.9.0->jupyter-server<3,>=2.4.0->notebook>=4.4.1->widgetsnbextension~=3.6.10->ipywidgets>=7.0.0->qgridnext) (2.9.0.20240316)
2025-01-20T14:09:49.6825220Z Downloading qgridnext-2.0.4-py3-none-any.whl (1.3 MB)
2025-01-20T14:09:49.7397470Z    ━━━━━━━━━━━━━━━━━━━━━━━━━━━━━━━━━━━━━━━━ 1.3/1.3 MB 31.6 MB/s eta 0:00:00
2025-01-20T14:09:49.8511820Z Installing collected packages: qgridnext
2025-01-20T14:09:49.9043190Z Successfully installed qgridnext-2.0.4
2025-01-20T14:09:49.9714930Z ##[group]Run pytest tardis --tardis-regression-data=/Users/runner/work/tardis/tardis/tardis-regression-data --cov=tardis --cov-report=xml --cov-report=html --cov-append -m " continuum"
2025-01-20T14:09:49.9715950Z [36;1mpytest tardis --tardis-regression-data=/Users/runner/work/tardis/tardis/tardis-regression-data --cov=tardis --cov-report=xml --cov-report=html --cov-append -m " continuum"[0m
2025-01-20T14:09:49.9767290Z shell: /bin/bash -l {0}
2025-01-20T14:09:49.9767490Z env:
2025-01-20T14:09:49.9767620Z   CACHE_NUMBER: 0
2025-01-20T14:09:49.9768110Z   PYTEST_FLAGS: --tardis-regression-data=/Users/runner/work/tardis/tardis/tardis-regression-data --cov=tardis --cov-report=xml --cov-report=html --cov-append
2025-01-20T14:09:49.9768620Z   CODECOV_TOKEN: 
2025-01-20T14:09:49.9768800Z   MAMBA_ROOT_PREFIX: /Users/runner/micromamba
2025-01-20T14:09:49.9769050Z   MAMBA_EXE: /Users/runner/micromamba-bin/micromamba
2025-01-20T14:09:49.9769390Z   CONDARC: /Users/runner/work/_temp/setup-micromamba/.condarc
2025-01-20T14:09:49.9769640Z ##[endgroup]
2025-01-20T14:10:05.1220850Z ============================= test session starts ==============================
2025-01-20T14:10:05.1221350Z platform darwin -- Python 3.12.4, pytest-8.2.2, pluggy-1.5.0
2025-01-20T14:10:05.1221850Z rootdir: /Users/runner/work/tardis/tardis
2025-01-20T14:10:05.1222130Z configfile: pyproject.toml
2025-01-20T14:10:05.1222530Z plugins: cov-5.0.0, html-4.1.1, metadata-3.1.1, doctestplus-1.2.1, anyio-4.4.0
2025-01-20T14:10:05.1223840Z collected 1796 items / 1794 deselected / 2 selected
2025-01-20T14:10:05.1224080Z 
2025-01-20T14:11:06.4029830Z tardis/transport/montecarlo/estimators/tests/test_continuum_property_solver.py . [ 50%]
2025-01-20T14:11:06.4030420Z                                                                          [ 50%]
2025-01-20T14:11:35.4938200Z tardis/transport/montecarlo/tests/test_continuum.py .                    [100%]
2025-01-20T14:11:35.4938550Z 
2025-01-20T14:11:35.4938820Z =============================== warnings summary ===============================
2025-01-20T14:11:35.4939280Z tardis/io/configuration/config_validator.py:6
2025-01-20T14:11:35.4939650Z tardis/io/configuration/config_validator.py:6
2025-01-20T14:11:35.4940110Z   /Users/runner/work/tardis/tardis/tardis/io/configuration/config_validator.py:6: DeprecationWarning:
2025-01-20T14:11:35.4940630Z   
2025-01-20T14:11:35.4941670Z   jsonschema.RefResolver is deprecated as of v4.18.0, in favor of the https://github.com/python-jsonschema/referencing library, which provides more compliant referencing behavior as well as more flexible APIs for customization. A future release will remove RefResolver. Please file a feature request (on referencing) if you are missing an API for the kind of customization you need.
2025-01-20T14:11:35.4943010Z 
2025-01-20T14:11:35.4943340Z ../../../micromamba/envs/tardis/lib/python3.12/site-packages/jupyter_client/connect.py:22
2025-01-20T14:11:35.4944030Z   /Users/runner/micromamba/envs/tardis/lib/python3.12/site-packages/jupyter_client/connect.py:22: DeprecationWarning:
2025-01-20T14:11:35.4944640Z   
2025-01-20T14:11:35.4944940Z   Jupyter is migrating its paths to use standard platformdirs
2025-01-20T14:11:35.4945440Z   given by the platformdirs library.  To remove this warning and
2025-01-20T14:11:35.4945890Z   see the appropriate new directories, set the environment variable
2025-01-20T14:11:35.4946410Z   `JUPYTER_PLATFORM_DIRS=1` and then run `jupyter --paths`.
2025-01-20T14:11:35.4946800Z   The use of platformdirs will be the default in `jupyter_core` v6
2025-01-20T14:11:35.4947080Z 
2025-01-20T14:11:35.4947330Z tardis/transport/montecarlo/tests/test_montecarlo.py:557
2025-01-20T14:11:35.4948130Z   /Users/runner/work/tardis/tardis/tardis/transport/montecarlo/tests/test_montecarlo.py:557: PytestUnknownMarkWarning:
2025-01-20T14:11:35.4948790Z   
2025-01-20T14:11:35.4950120Z   Unknown pytest.mark.continuumtest - is this a typo?  You can register custom marks to avoid this warning - for details, see https://docs.pytest.org/en/stable/how-to/mark.html
2025-01-20T14:11:35.4950680Z 
2025-01-20T14:11:35.4950880Z tardis/transport/montecarlo/tests/test_montecarlo.py:584
2025-01-20T14:11:35.4951560Z   /Users/runner/work/tardis/tardis/tardis/transport/montecarlo/tests/test_montecarlo.py:584: PytestUnknownMarkWarning:
2025-01-20T14:11:35.4952110Z   
2025-01-20T14:11:35.4952610Z   Unknown pytest.mark.continuumtest - is this a typo?  You can register custom marks to avoid this warning - for details, see https://docs.pytest.org/en/stable/how-to/mark.html
2025-01-20T14:11:35.4953110Z 
2025-01-20T14:11:35.4953300Z tardis/transport/montecarlo/tests/test_montecarlo.py:605
2025-01-20T14:11:35.4953850Z   /Users/runner/work/tardis/tardis/tardis/transport/montecarlo/tests/test_montecarlo.py:605: PytestUnknownMarkWarning:
2025-01-20T14:11:35.4954310Z   
2025-01-20T14:11:35.4954860Z   Unknown pytest.mark.continuumtest - is this a typo?  You can register custom marks to avoid this warning - for details, see https://docs.pytest.org/en/stable/how-to/mark.html
2025-01-20T14:11:35.4955340Z 
2025-01-20T14:11:35.4962800Z tardis/transport/montecarlo/estimators/tests/test_continuum_property_solver.py::test_continuum_estimators
2025-01-20T14:11:35.4963650Z   /Users/runner/work/tardis/tardis/tardis/transport/montecarlo/montecarlo_main_loop.py:123: NumbaTypeSafetyWarning:
2025-01-20T14:11:35.4964190Z   
2025-01-20T14:11:35.4965880Z   [1m[1m[1munsafe cast from uint64 to int64. Precision may be lost.[0m[0m[0m
2025-01-20T14:11:35.4966750Z 
2025-01-20T14:11:35.4966920Z -- Docs: https://docs.pytest.org/en/stable/how-to/capture-warnings.html
2025-01-20T14:11:35.4967260Z 
2025-01-20T14:11:35.4967450Z ---------- coverage: platform darwin, python 3.12.4-final-0 ----------
2025-01-20T14:11:35.4967920Z Coverage HTML written to dir coverage_html_report
2025-01-20T14:11:35.4968380Z Coverage XML written to file coverage.xml
2025-01-20T14:11:35.4968620Z 
2025-01-20T14:11:35.4968750Z ========== 2 passed, 1794 deselected, 7 warnings in 93.83s (0:01:33) ===========
2025-01-20T14:11:36.7638280Z ##[group]Run mv .coverage .coverage.1
2025-01-20T14:11:36.7639190Z [36;1mmv .coverage .coverage.1[0m
2025-01-20T14:11:36.7698930Z shell: /bin/bash -l {0}
2025-01-20T14:11:36.7699100Z env:
2025-01-20T14:11:36.7699220Z   CACHE_NUMBER: 0
2025-01-20T14:11:36.7699700Z   PYTEST_FLAGS: --tardis-regression-data=/Users/runner/work/tardis/tardis/tardis-regression-data --cov=tardis --cov-report=xml --cov-report=html --cov-append
2025-01-20T14:11:36.7700200Z   CODECOV_TOKEN: 
2025-01-20T14:11:36.7700420Z   MAMBA_ROOT_PREFIX: /Users/runner/micromamba
2025-01-20T14:11:36.7700730Z   MAMBA_EXE: /Users/runner/micromamba-bin/micromamba
2025-01-20T14:11:36.7701090Z   CONDARC: /Users/runner/work/_temp/setup-micromamba/.condarc
2025-01-20T14:11:36.7701440Z ##[endgroup]
2025-01-20T14:11:36.9748380Z ##[group]Run actions/upload-artifact@v4
2025-01-20T14:11:36.9748950Z with:
2025-01-20T14:11:36.9749140Z   name: coverage--continuum-macos-latest
2025-01-20T14:11:36.9749370Z   include-hidden-files: true
2025-01-20T14:11:36.9749570Z   path: .coverage*
!.coveragerc

2025-01-20T14:11:36.9749830Z   if-no-files-found: warn
2025-01-20T14:11:36.9750010Z   compression-level: 6
2025-01-20T14:11:36.9750190Z   overwrite: false
2025-01-20T14:11:36.9750340Z env:
2025-01-20T14:11:36.9750530Z   CACHE_NUMBER: 0
2025-01-20T14:11:36.9751070Z   PYTEST_FLAGS: --tardis-regression-data=/Users/runner/work/tardis/tardis/tardis-regression-data --cov=tardis --cov-report=xml --cov-report=html --cov-append
2025-01-20T14:11:36.9751720Z   CODECOV_TOKEN: 
2025-01-20T14:11:36.9751940Z   MAMBA_ROOT_PREFIX: /Users/runner/micromamba
2025-01-20T14:11:36.9752250Z   MAMBA_EXE: /Users/runner/micromamba-bin/micromamba
2025-01-20T14:11:36.9752660Z   CONDARC: /Users/runner/work/_temp/setup-micromamba/.condarc
2025-01-20T14:11:36.9753020Z ##[endgroup]
2025-01-20T14:11:37.3943790Z With the provided path, there will be 2 files uploaded
2025-01-20T14:11:37.3946220Z Artifact name is valid!
2025-01-20T14:11:37.3946680Z Root directory input is valid!
2025-01-20T14:11:37.5604440Z Beginning upload of artifact content to blob storage
2025-01-20T14:11:37.7654650Z Uploaded bytes 27315
2025-01-20T14:11:37.7988000Z Finished uploading artifact content to blob storage!
2025-01-20T14:11:37.8007620Z SHA256 hash of uploaded artifact zip is 2c484536ec9609faf75adf5dbe68b78bac15121831e027c5272c68eb6d47cc64
2025-01-20T14:11:37.8008130Z Finalizing artifact upload
2025-01-20T14:11:37.9090670Z Artifact coverage--continuum-macos-latest.zip successfully finalized. Artifact ID 2456664628
2025-01-20T14:11:37.9091440Z Artifact coverage--continuum-macos-latest has been successfully uploaded! Final size is 27315 bytes. Artifact ID is 2456664628
2025-01-20T14:11:37.9096990Z Artifact download URL: https://github.com/tardis-sn/tardis/actions/runs/12869751929/artifacts/2456664628
2025-01-20T14:11:37.9190820Z Post job cleanup.
2025-01-20T14:11:37.9225950Z Post job cleanup.
2025-01-20T14:11:38.0529960Z Will use pre-installed micromamba at /Users/runner/micromamba-bin/micromamba
2025-01-20T14:11:38.0533050Z Removing micromamba run shell ...
2025-01-20T14:11:38.0534970Z ##[group]Deinitialize micromamba for bash
2025-01-20T14:11:38.0547940Z [command]/Users/runner/micromamba-bin/micromamba shell deinit -s bash -r /Users/runner/micromamba --log-level warning --rc-file /Users/runner/work/_temp/setup-micromamba/.condarc
2025-01-20T14:11:38.0680850Z Resetting RC file "/Users/runner/.bash_profile"
2025-01-20T14:11:38.0681580Z Deleting config for root prefix 
2025-01-20T14:11:38.0682210Z Clearing mamba executable environment variable
2025-01-20T14:11:38.0689080Z Removing the following in your "/Users/runner/.bash_profile" file
2025-01-20T14:11:38.0689490Z # >>> mamba initialize >>>
2025-01-20T14:11:38.0689690Z ...
2025-01-20T14:11:38.0689930Z # <<< mamba initialize <<<
2025-01-20T14:11:38.0714340Z Removing environment tardis from auto-activate bash ...
2025-01-20T14:11:38.0810250Z Post job cleanup.
2025-01-20T14:11:38.0848120Z Post job cleanup.
2025-01-20T14:11:38.1858150Z [command]/opt/homebrew/bin/git version
2025-01-20T14:11:38.2055850Z git version 2.48.0
2025-01-20T14:11:38.2077700Z Copying '/Users/runner/.gitconfig' to '/Users/runner/work/_temp/4fd7455f-e2d8-4095-964c-4f75c4b690f8/.gitconfig'
2025-01-20T14:11:38.2084060Z Temporarily overriding HOME='/Users/runner/work/_temp/4fd7455f-e2d8-4095-964c-4f75c4b690f8' before making global git config changes
2025-01-20T14:11:38.2084680Z Adding repository directory to the temporary git global config as a safe directory
2025-01-20T14:11:38.2087840Z [command]/opt/homebrew/bin/git config --global --add safe.directory /Users/runner/work/tardis/tardis/tardis-regression-data
2025-01-20T14:11:38.2183180Z [command]/opt/homebrew/bin/git config --local --name-only --get-regexp core\.sshCommand
2025-01-20T14:11:38.2234620Z [command]/opt/homebrew/bin/git submodule foreach --recursive sh -c "git config --local --name-only --get-regexp 'core\.sshCommand' && git config --local --unset-all 'core.sshCommand' || :"
2025-01-20T14:11:38.2920540Z [command]/opt/homebrew/bin/git config --local --name-only --get-regexp http\.https\:\/\/github\.com\/\.extraheader
2025-01-20T14:11:38.2954840Z http.https://github.com/.extraheader
2025-01-20T14:11:38.2963680Z [command]/opt/homebrew/bin/git config --local --unset-all http.https://github.com/.extraheader
2025-01-20T14:11:38.3014610Z [command]/opt/homebrew/bin/git submodule foreach --recursive sh -c "git config --local --name-only --get-regexp 'http\.https\:\/\/github\.com\/\.extraheader' && git config --local --unset-all 'http.https://github.com/.extraheader' || :"
2025-01-20T14:11:38.3708180Z Post job cleanup.
2025-01-20T14:11:38.6115090Z [command]/opt/homebrew/bin/git version
2025-01-20T14:11:38.6173050Z git version 2.48.0
2025-01-20T14:11:38.6175920Z Copying '/Users/runner/.gitconfig' to '/Users/runner/work/_temp/64ee9e10-0672-43cd-bc97-a4426cc5d64b/.gitconfig'
2025-01-20T14:11:38.6176690Z Temporarily overriding HOME='/Users/runner/work/_temp/64ee9e10-0672-43cd-bc97-a4426cc5d64b' before making global git config changes
2025-01-20T14:11:38.6177370Z Adding repository directory to the temporary git global config as a safe directory
2025-01-20T14:11:38.6177910Z [command]/opt/homebrew/bin/git config --global --add safe.directory /Users/runner/work/tardis/tardis
2025-01-20T14:11:38.6186700Z [command]/opt/homebrew/bin/git config --local --name-only --get-regexp core\.sshCommand
2025-01-20T14:11:38.6236460Z [command]/opt/homebrew/bin/git submodule foreach --recursive sh -c "git config --local --name-only --get-regexp 'core\.sshCommand' && git config --local --unset-all 'core.sshCommand' || :"
2025-01-20T14:11:38.6883490Z [command]/opt/homebrew/bin/git config --local --name-only --get-regexp http\.https\:\/\/github\.com\/\.extraheader
2025-01-20T14:11:38.6923640Z http.https://github.com/.extraheader
2025-01-20T14:11:38.6932810Z [command]/opt/homebrew/bin/git config --local --unset-all http.https://github.com/.extraheader
2025-01-20T14:11:38.7033910Z [command]/opt/homebrew/bin/git submodule foreach --recursive sh -c "git config --local --name-only --get-regexp 'http\.https\:\/\/github\.com\/\.extraheader' && git config --local --unset-all 'http.https://github.com/.extraheader' || :"
2025-01-20T14:11:38.7723270Z Cleaning up orphan processes
