2025-02-19T15:36:09.1277321Z Requested labels: macos-latest
2025-02-19T15:36:09.1277601Z Job defined at: tardis-sn/tardis/.github/workflows/tests.yml@refs/pull/2981/merge
2025-02-19T15:36:09.1277705Z Waiting for a runner to pick up this job...
2025-02-19T15:36:09.3134543Z Job is waiting for a hosted runner to come online.
2025-02-19T15:36:15.6675739Z Job is about to start running on the hosted runner: GitHub Actions 32 (hosted)
2025-02-19T15:36:16.6583570Z Current runner version: '2.322.0'
2025-02-19T15:36:16.6595940Z ##[group]Operating System
2025-02-19T15:36:16.6596400Z macOS
2025-02-19T15:36:16.6596710Z 14.7.2
2025-02-19T15:36:16.6597000Z 23H311
2025-02-19T15:36:16.6597290Z ##[endgroup]
2025-02-19T15:36:16.6597600Z ##[group]Runner Image
2025-02-19T15:36:16.6597920Z Image: macos-14-arm64
2025-02-19T15:36:16.6598240Z Version: 20250120.774
2025-02-19T15:36:16.6598900Z Included Software: https://github.com/actions/runner-images/blob/macos-14-arm64/20250120.774/images/macos/macos-14-arm64-Readme.md
2025-02-19T15:36:16.6599820Z Image Release: https://github.com/actions/runner-images/releases/tag/macos-14-arm64%2F20250120.774
2025-02-19T15:36:16.6600390Z ##[endgroup]
2025-02-19T15:36:16.6600700Z ##[group]Runner Image Provisioner
2025-02-19T15:36:16.6601100Z 2.0.417.1+9319b8b0d2fead581272b7201c667f076e8e53f6
2025-02-19T15:36:16.6601490Z ##[endgroup]
2025-02-19T15:36:16.6602800Z ##[group]GITHUB_TOKEN Permissions
2025-02-19T15:36:16.6603780Z Actions: read
2025-02-19T15:36:16.6604260Z Attestations: read
2025-02-19T15:36:16.6604650Z Checks: read
2025-02-19T15:36:16.6605750Z Contents: read
2025-02-19T15:36:16.6606110Z Deployments: read
2025-02-19T15:36:16.6606420Z Discussions: read
2025-02-19T15:36:16.6606720Z Issues: read
2025-02-19T15:36:16.6607020Z Metadata: read
2025-02-19T15:36:16.6607320Z Packages: read
2025-02-19T15:36:16.6607620Z Pages: read
2025-02-19T15:36:16.6607920Z PullRequests: read
2025-02-19T15:36:16.6608250Z RepositoryProjects: read
2025-02-19T15:36:16.6608590Z SecurityEvents: read
2025-02-19T15:36:16.6608910Z Statuses: read
2025-02-19T15:36:16.6609220Z ##[endgroup]
2025-02-19T15:36:16.6611320Z Secret source: None
2025-02-19T15:36:16.6611710Z Prepare workflow directory
2025-02-19T15:36:16.6930260Z Prepare all required actions
2025-02-19T15:36:16.6955620Z Getting action download info
2025-02-19T15:36:16.9076220Z ##[group]Download immutable action package 'actions/checkout@v4'
2025-02-19T15:36:16.9076990Z Version: 4.2.2
2025-02-19T15:36:16.9077740Z Digest: sha256:ccb2698953eaebd21c7bf6268a94f9c26518a7e38e27e0b83c1fe1ad049819b1
2025-02-19T15:36:16.9078610Z Source commit SHA: 11bd71901bbe5b1630ceea73d27597364c9af683
2025-02-19T15:36:16.9079170Z ##[endgroup]
2025-02-19T15:36:17.1253590Z ##[group]Download immutable action package 'actions/upload-artifact@v4'
2025-02-19T15:36:17.1254250Z Version: 4.6.0
2025-02-19T15:36:17.1254740Z Digest: sha256:bf85474c8423f9cd48bd2caf3ce5adb1711e2dfdb055b040bd36b044e4290329
2025-02-19T15:36:17.1255390Z Source commit SHA: 65c4c4a1ddee5b72f698fdd19549f0f0fb45cf08
2025-02-19T15:36:17.1255920Z ##[endgroup]
2025-02-19T15:36:17.2762790Z Complete job name: not continuum macos-latest 
2025-02-19T15:36:17.3100820Z ##[group]Run actions/checkout@v4
2025-02-19T15:36:17.3101610Z with:
2025-02-19T15:36:17.3101950Z   repository: tardis-sn/tardis
2025-02-19T15:36:17.3102580Z   token: ***
2025-02-19T15:36:17.3102890Z   ssh-strict: true
2025-02-19T15:36:17.3103200Z   ssh-user: git
2025-02-19T15:36:17.3103510Z   persist-credentials: true
2025-02-19T15:36:17.3103890Z   clean: true
2025-02-19T15:36:17.3104210Z   sparse-checkout-cone-mode: true
2025-02-19T15:36:17.3104590Z   fetch-depth: 1
2025-02-19T15:36:17.3104910Z   fetch-tags: false
2025-02-19T15:36:17.3105240Z   show-progress: true
2025-02-19T15:36:17.3105550Z   lfs: false
2025-02-19T15:36:17.3105850Z   submodules: false
2025-02-19T15:36:17.3106170Z   set-safe-directory: true
2025-02-19T15:36:17.3106780Z env:
2025-02-19T15:36:17.3107070Z   CACHE_NUMBER: 0
2025-02-19T15:36:17.3107930Z   PYTEST_FLAGS: --tardis-regression-data=/Users/runner/work/tardis/tardis/tardis-regression-data --cov=tardis --cov-report=xml --cov-report=html --cov-append
2025-02-19T15:36:17.3108810Z   CODECOV_TOKEN: 
2025-02-19T15:36:17.3109110Z ##[endgroup]
2025-02-19T15:36:17.4572390Z Syncing repository: tardis-sn/tardis
2025-02-19T15:36:17.4573940Z ##[group]Getting Git version info
2025-02-19T15:36:17.4574490Z Working directory is '/Users/runner/work/tardis/tardis'
2025-02-19T15:36:17.4575250Z [command]/opt/homebrew/bin/git version
2025-02-19T15:36:17.5053180Z git version 2.48.1
2025-02-19T15:36:17.5068290Z ##[endgroup]
2025-02-19T15:36:17.5074320Z Copying '/Users/runner/.gitconfig' to '/Users/runner/work/_temp/afcc6766-32e4-496c-9392-9e9227d1e98a/.gitconfig'
2025-02-19T15:36:17.5081160Z Temporarily overriding HOME='/Users/runner/work/_temp/afcc6766-32e4-496c-9392-9e9227d1e98a' before making global git config changes
2025-02-19T15:36:17.5082130Z Adding repository directory to the temporary git global config as a safe directory
2025-02-19T15:36:17.5085520Z [command]/opt/homebrew/bin/git config --global --add safe.directory /Users/runner/work/tardis/tardis
2025-02-19T15:36:17.5159500Z Deleting the contents of '/Users/runner/work/tardis/tardis'
2025-02-19T15:36:17.5161710Z ##[group]Initializing the repository
2025-02-19T15:36:17.5165550Z [command]/opt/homebrew/bin/git init /Users/runner/work/tardis/tardis
2025-02-19T15:36:17.5330050Z hint: Using 'master' as the name for the initial branch. This default branch name
2025-02-19T15:36:17.5331870Z hint: is subject to change. To configure the initial branch name to use in all
2025-02-19T15:36:17.5332880Z hint: of your new repositories, which will suppress this warning, call:
2025-02-19T15:36:17.5333510Z hint:
2025-02-19T15:36:17.5333880Z hint: 	git config --global init.defaultBranch <name>
2025-02-19T15:36:17.5334390Z hint:
2025-02-19T15:36:17.5334850Z hint: Names commonly chosen instead of 'master' are 'main', 'trunk' and
2025-02-19T15:36:17.5335560Z hint: 'development'. The just-created branch can be renamed via this command:
2025-02-19T15:36:17.5336110Z hint:
2025-02-19T15:36:17.5336410Z hint: 	git branch -m <name>
2025-02-19T15:36:17.5336990Z Initialized empty Git repository in /Users/runner/work/tardis/tardis/.git/
2025-02-19T15:36:17.5339890Z [command]/opt/homebrew/bin/git remote add origin https://github.com/tardis-sn/tardis
2025-02-19T15:36:17.5391120Z ##[endgroup]
2025-02-19T15:36:17.5391670Z ##[group]Disabling automatic garbage collection
2025-02-19T15:36:17.5393440Z [command]/opt/homebrew/bin/git config --local gc.auto 0
2025-02-19T15:36:17.5438710Z ##[endgroup]
2025-02-19T15:36:17.5439550Z ##[group]Setting up auth
2025-02-19T15:36:17.5441570Z [command]/opt/homebrew/bin/git config --local --name-only --get-regexp core\.sshCommand
2025-02-19T15:36:17.5482720Z [command]/opt/homebrew/bin/git submodule foreach --recursive sh -c "git config --local --name-only --get-regexp 'core\.sshCommand' && git config --local --unset-all 'core.sshCommand' || :"
2025-02-19T15:36:17.6022920Z [command]/opt/homebrew/bin/git config --local --name-only --get-regexp http\.https\:\/\/github\.com\/\.extraheader
2025-02-19T15:36:17.6060780Z [command]/opt/homebrew/bin/git submodule foreach --recursive sh -c "git config --local --name-only --get-regexp 'http\.https\:\/\/github\.com\/\.extraheader' && git config --local --unset-all 'http.https://github.com/.extraheader' || :"
2025-02-19T15:36:17.6510090Z [command]/opt/homebrew/bin/git config --local http.https://github.com/.extraheader AUTHORIZATION: basic ***
2025-02-19T15:36:17.6555220Z ##[endgroup]
2025-02-19T15:36:17.6556440Z ##[group]Fetching the repository
2025-02-19T15:36:17.6561540Z [command]/opt/homebrew/bin/git -c protocol.version=2 fetch --no-tags --prune --no-recurse-submodules --depth=1 origin +26bed9ef555f3cebb1576e26d78a45aed8f035be:refs/remotes/pull/2981/merge
2025-02-19T15:36:19.4929690Z From https://github.com/tardis-sn/tardis
2025-02-19T15:36:19.4930960Z  * [new ref]         26bed9ef555f3cebb1576e26d78a45aed8f035be -> pull/2981/merge
2025-02-19T15:36:19.4974840Z ##[endgroup]
2025-02-19T15:36:19.4975600Z ##[group]Determining the checkout info
2025-02-19T15:36:19.4976510Z ##[endgroup]
2025-02-19T15:36:19.4978640Z [command]/opt/homebrew/bin/git sparse-checkout disable
2025-02-19T15:36:19.5063980Z [command]/opt/homebrew/bin/git config --local --unset-all extensions.worktreeConfig
2025-02-19T15:36:19.5083880Z ##[group]Checking out the ref
2025-02-19T15:36:19.5086010Z [command]/opt/homebrew/bin/git checkout --progress --force refs/remotes/pull/2981/merge
2025-02-19T15:36:19.6948900Z HEAD is now at 26bed9e Merge 1faf5ef2f8990ba1b0b0ffc9cbe1b56a1dd0b915 into cec8b531cc56e66219fe3ca2efdbf837c008b852
2025-02-19T15:36:19.6960000Z ##[endgroup]
2025-02-19T15:36:19.7014220Z [command]/opt/homebrew/bin/git log -1 --format=%H
2025-02-19T15:36:19.7058040Z 26bed9ef555f3cebb1576e26d78a45aed8f035be
2025-02-19T15:36:19.7258320Z Prepare all required actions
2025-02-19T15:36:19.7258860Z Getting action download info
2025-02-19T15:36:19.8928910Z ##[group]Download immutable action package 'actions/cache@v4'
2025-02-19T15:36:19.8929730Z Version: 4.2.1
2025-02-19T15:36:19.8930530Z Digest: sha256:b0404c9628d43aa6855629075b28f32cadf8efc5c26198438149f78500112940
2025-02-19T15:36:19.8931730Z Source commit SHA: 0c907a75c2c80ebcb7f088228285e798b750cf8f
2025-02-19T15:36:19.8932560Z ##[endgroup]
2025-02-19T15:36:20.5182620Z ##[group]Run ./.github/actions/setup_lfs
2025-02-19T15:36:20.5183270Z with:
2025-02-19T15:36:20.5183890Z   regression-data-repo: tardis-sn/tardis-regression-data
2025-02-19T15:36:20.5184570Z   atom-data-sparse: false
2025-02-19T15:36:20.5185160Z env:
2025-02-19T15:36:20.5185790Z   CACHE_NUMBER: 0
2025-02-19T15:36:20.5186740Z   PYTEST_FLAGS: --tardis-regression-data=/Users/runner/work/tardis/tardis/tardis-regression-data --cov=tardis --cov-report=xml --cov-report=html --cov-append
2025-02-19T15:36:20.5187740Z   CODECOV_TOKEN: 
2025-02-19T15:36:20.5188260Z ##[endgroup]
2025-02-19T15:36:20.8539870Z ##[group]Run actions/checkout@v4
2025-02-19T15:36:20.8541060Z with:
2025-02-19T15:36:20.8542130Z   repository: tardis-sn/tardis-regression-data
2025-02-19T15:36:20.8543470Z   path: tardis-regression-data
2025-02-19T15:36:20.8544560Z   lfs: false
2025-02-19T15:36:20.8545890Z   token: ***
2025-02-19T15:36:20.8546870Z   ssh-strict: true
2025-02-19T15:36:20.8547900Z   ssh-user: git
2025-02-19T15:36:20.8548960Z   persist-credentials: true
2025-02-19T15:36:20.8550040Z   clean: true
2025-02-19T15:36:20.8551080Z   sparse-checkout-cone-mode: true
2025-02-19T15:36:20.8552180Z   fetch-depth: 1
2025-02-19T15:36:20.8553210Z   fetch-tags: false
2025-02-19T15:36:20.8554210Z   show-progress: true
2025-02-19T15:36:20.8555290Z   submodules: false
2025-02-19T15:36:20.8556330Z   set-safe-directory: true
2025-02-19T15:36:20.8557440Z env:
2025-02-19T15:36:20.8558440Z   CACHE_NUMBER: 0
2025-02-19T15:36:20.8560350Z   PYTEST_FLAGS: --tardis-regression-data=/Users/runner/work/tardis/tardis/tardis-regression-data --cov=tardis --cov-report=xml --cov-report=html --cov-append
2025-02-19T15:36:20.8562340Z   CODECOV_TOKEN: 
2025-02-19T15:36:20.8563360Z ##[endgroup]
2025-02-19T15:36:20.9459030Z Syncing repository: tardis-sn/tardis-regression-data
2025-02-19T15:36:20.9460340Z ##[group]Getting Git version info
2025-02-19T15:36:20.9461230Z Working directory is '/Users/runner/work/tardis/tardis/tardis-regression-data'
2025-02-19T15:36:20.9486170Z [command]/opt/homebrew/bin/git version
2025-02-19T15:36:20.9533350Z git version 2.48.1
2025-02-19T15:36:20.9547660Z ##[endgroup]
2025-02-19T15:36:20.9552330Z Copying '/Users/runner/.gitconfig' to '/Users/runner/work/_temp/78d9642b-6076-488f-8635-2406a0883eba/.gitconfig'
2025-02-19T15:36:20.9559340Z Temporarily overriding HOME='/Users/runner/work/_temp/78d9642b-6076-488f-8635-2406a0883eba' before making global git config changes
2025-02-19T15:36:20.9560510Z Adding repository directory to the temporary git global config as a safe directory
2025-02-19T15:36:20.9562280Z [command]/opt/homebrew/bin/git config --global --add safe.directory /Users/runner/work/tardis/tardis/tardis-regression-data
2025-02-19T15:36:20.9607130Z ##[group]Initializing the repository
2025-02-19T15:36:20.9610230Z [command]/opt/homebrew/bin/git init /Users/runner/work/tardis/tardis/tardis-regression-data
2025-02-19T15:36:20.9672410Z hint: Using 'master' as the name for the initial branch. This default branch name
2025-02-19T15:36:20.9673560Z hint: is subject to change. To configure the initial branch name to use in all
2025-02-19T15:36:20.9674850Z hint: of your new repositories, which will suppress this warning, call:
2025-02-19T15:36:20.9675820Z hint:
2025-02-19T15:36:20.9676400Z hint: 	git config --global init.defaultBranch <name>
2025-02-19T15:36:20.9677050Z hint:
2025-02-19T15:36:20.9677660Z hint: Names commonly chosen instead of 'master' are 'main', 'trunk' and
2025-02-19T15:36:20.9678860Z hint: 'development'. The just-created branch can be renamed via this command:
2025-02-19T15:36:20.9679530Z hint:
2025-02-19T15:36:20.9680100Z hint: 	git branch -m <name>
2025-02-19T15:36:20.9680850Z Initialized empty Git repository in /Users/runner/work/tardis/tardis/tardis-regression-data/.git/
2025-02-19T15:36:20.9682710Z [command]/opt/homebrew/bin/git remote add origin https://github.com/tardis-sn/tardis-regression-data
2025-02-19T15:36:20.9726530Z ##[endgroup]
2025-02-19T15:36:20.9727460Z ##[group]Disabling automatic garbage collection
2025-02-19T15:36:20.9729000Z [command]/opt/homebrew/bin/git config --local gc.auto 0
2025-02-19T15:36:20.9768140Z ##[endgroup]
2025-02-19T15:36:20.9783820Z ##[group]Setting up auth
2025-02-19T15:36:20.9784680Z [command]/opt/homebrew/bin/git config --local --name-only --get-regexp core\.sshCommand
2025-02-19T15:36:20.9810480Z [command]/opt/homebrew/bin/git submodule foreach --recursive sh -c "git config --local --name-only --get-regexp 'core\.sshCommand' && git config --local --unset-all 'core.sshCommand' || :"
2025-02-19T15:36:21.0385700Z [command]/opt/homebrew/bin/git config --local --name-only --get-regexp http\.https\:\/\/github\.com\/\.extraheader
2025-02-19T15:36:21.0436030Z [command]/opt/homebrew/bin/git submodule foreach --recursive sh -c "git config --local --name-only --get-regexp 'http\.https\:\/\/github\.com\/\.extraheader' && git config --local --unset-all 'http.https://github.com/.extraheader' || :"
2025-02-19T15:36:21.1031040Z [command]/opt/homebrew/bin/git config --local http.https://github.com/.extraheader AUTHORIZATION: basic ***
2025-02-19T15:36:21.1079640Z ##[endgroup]
2025-02-19T15:36:21.1080680Z ##[group]Determining the default branch
2025-02-19T15:36:21.1081470Z Retrieving the default branch name
2025-02-19T15:36:21.5451500Z Default branch 'main'
2025-02-19T15:36:21.5465830Z ##[endgroup]
2025-02-19T15:36:21.5521960Z ##[group]Fetching the repository
2025-02-19T15:36:21.5525910Z [command]/opt/homebrew/bin/git -c protocol.version=2 fetch --no-tags --prune --no-recurse-submodules --depth=1 origin +refs/heads/main:refs/remotes/origin/main
2025-02-19T15:36:23.6351900Z From https://github.com/tardis-sn/tardis-regression-data
2025-02-19T15:36:23.6353450Z  * [new branch]      main       -> origin/main
2025-02-19T15:36:23.6441520Z ##[endgroup]
2025-02-19T15:36:23.6442030Z ##[group]Determining the checkout info
2025-02-19T15:36:23.6442580Z ##[endgroup]
2025-02-19T15:36:23.6448260Z [command]/opt/homebrew/bin/git sparse-checkout disable
2025-02-19T15:36:23.6527660Z [command]/opt/homebrew/bin/git config --local --unset-all extensions.worktreeConfig
2025-02-19T15:36:23.6582060Z ##[group]Checking out the ref
2025-02-19T15:36:23.6585700Z [command]/opt/homebrew/bin/git checkout --progress --force -B main refs/remotes/origin/main
2025-02-19T15:36:23.8158350Z Switched to a new branch 'main'
2025-02-19T15:36:23.8160250Z branch 'main' set up to track 'origin/main'.
2025-02-19T15:36:23.9012770Z ##[endgroup]
2025-02-19T15:36:23.9059800Z [command]/opt/homebrew/bin/git log -1 --format=%H
2025-02-19T15:36:23.9096200Z 84e768462f20f09fbccc05625cdcc1d8ffbe404c
2025-02-19T15:36:23.9176530Z ##[group]Run if [ "false" == "true" ]; then
2025-02-19T15:36:23.9176810Z [36;1mif [ "false" == "true" ]; then[0m
2025-02-19T15:36:23.9177030Z [36;1m  echo "Using atom data sparse checkout"[0m
2025-02-19T15:36:23.9177310Z [36;1m  echo "atom_data/kurucz_cd23_chianti_H_He.h5" > .lfs-files-list[0m
2025-02-19T15:36:23.9177550Z [36;1melse[0m
2025-02-19T15:36:23.9177720Z [36;1m  echo "Using full repository checkout"[0m
2025-02-19T15:36:23.9178000Z [36;1m  git lfs ls-files -l | cut -d' ' -f1 | sort > .lfs-files-list[0m
2025-02-19T15:36:23.9178250Z [36;1mfi[0m
2025-02-19T15:36:23.9230160Z shell: /bin/bash --noprofile --norc -e -o pipefail {0}
2025-02-19T15:36:23.9230630Z env:
2025-02-19T15:36:23.9230790Z   CACHE_NUMBER: 0
2025-02-19T15:36:23.9231260Z   PYTEST_FLAGS: --tardis-regression-data=/Users/runner/work/tardis/tardis/tardis-regression-data --cov=tardis --cov-report=xml --cov-report=html --cov-append
2025-02-19T15:36:23.9231760Z   CODECOV_TOKEN: 
2025-02-19T15:36:23.9232070Z ##[endgroup]
2025-02-19T15:36:23.9479530Z Using full repository checkout
2025-02-19T15:36:24.1461660Z ##[group]Run actions/cache/restore@v4
2025-02-19T15:36:24.1461960Z with:
2025-02-19T15:36:24.1462130Z   path: tardis-regression-data/.git/lfs
2025-02-19T15:36:24.1462640Z   key: tardis-regression-full-data-c8ff2bbb6048b3f24d3f52a1e85b013ad47e52c369a6ce4cfdeff528b659b86f-tardis-sn/tardis-regression-data-v1
2025-02-19T15:36:24.1463160Z   fail-on-cache-miss: true
2025-02-19T15:36:24.1463340Z   enableCrossOsArchive: false
2025-02-19T15:36:24.1463520Z   lookup-only: false
2025-02-19T15:36:24.1463670Z env:
2025-02-19T15:36:24.1463800Z   CACHE_NUMBER: 0
2025-02-19T15:36:24.1464310Z   PYTEST_FLAGS: --tardis-regression-data=/Users/runner/work/tardis/tardis/tardis-regression-data --cov=tardis --cov-report=xml --cov-report=html --cov-append
2025-02-19T15:36:24.1464800Z   CODECOV_TOKEN: 
2025-02-19T15:36:24.1464940Z ##[endgroup]
2025-02-19T15:36:24.4083230Z Cache hit for: tardis-regression-full-data-c8ff2bbb6048b3f24d3f52a1e85b013ad47e52c369a6ce4cfdeff528b659b86f-tardis-sn/tardis-regression-data-v1
2025-02-19T15:36:25.5912830Z Received 50331648 of 2161656325 (2.3%), 48.0 MBs/sec
2025-02-19T15:36:26.5922210Z Received 125829120 of 2161656325 (5.8%), 59.9 MBs/sec
2025-02-19T15:36:27.5928940Z Received 167772160 of 2161656325 (7.8%), 53.3 MBs/sec
2025-02-19T15:36:28.5952350Z Received 243269632 of 2161656325 (11.3%), 57.9 MBs/sec
2025-02-19T15:36:29.5954310Z Received 306184192 of 2161656325 (14.2%), 58.3 MBs/sec
2025-02-19T15:36:30.6098730Z Received 381681664 of 2161656325 (17.7%), 60.5 MBs/sec
2025-02-19T15:36:31.6109530Z Received 440401920 of 2161656325 (20.4%), 59.8 MBs/sec
2025-02-19T15:36:32.6120290Z Received 515899392 of 2161656325 (23.9%), 61.3 MBs/sec
2025-02-19T15:36:33.6325980Z Received 562036736 of 2161656325 (26.0%), 59.3 MBs/sec
2025-02-19T15:36:34.6307910Z Received 633339904 of 2161656325 (29.3%), 60.2 MBs/sec
2025-02-19T15:36:35.6444450Z Received 675282944 of 2161656325 (31.2%), 58.3 MBs/sec
2025-02-19T15:36:36.6526170Z Received 750780416 of 2161656325 (34.7%), 59.4 MBs/sec
2025-02-19T15:36:37.6484180Z Received 826277888 of 2161656325 (38.2%), 60.4 MBs/sec
2025-02-19T15:36:38.6428110Z Received 893386752 of 2161656325 (41.3%), 60.6 MBs/sec
2025-02-19T15:36:39.6437200Z Received 943718400 of 2161656325 (43.7%), 59.8 MBs/sec
2025-02-19T15:36:40.6461920Z Received 1035993088 of 2161656325 (47.9%), 61.5 MBs/sec
2025-02-19T15:36:41.6454100Z Received 1094713344 of 2161656325 (50.6%), 61.2 MBs/sec
2025-02-19T15:36:42.6464880Z Received 1170210816 of 2161656325 (54.1%), 61.8 MBs/sec
2025-02-19T15:36:43.6467140Z Received 1245708288 of 2161656325 (57.6%), 62.3 MBs/sec
2025-02-19T15:36:44.6494960Z Received 1329594368 of 2161656325 (61.5%), 63.2 MBs/sec
2025-02-19T15:36:45.6503150Z Received 1379926016 of 2161656325 (63.8%), 62.5 MBs/sec
2025-02-19T15:36:46.6510880Z Received 1468006400 of 2161656325 (67.9%), 63.5 MBs/sec
2025-02-19T15:36:47.6525990Z Received 1514143744 of 2161656325 (70.0%), 62.6 MBs/sec
2025-02-19T15:36:48.6534700Z Received 1577058304 of 2161656325 (73.0%), 62.5 MBs/sec
2025-02-19T15:36:49.6617140Z Received 1619001344 of 2161656325 (74.9%), 61.6 MBs/sec
2025-02-19T15:36:50.6611530Z Received 1694498816 of 2161656325 (78.4%), 62.0 MBs/sec
2025-02-19T15:36:51.6604080Z Received 1749024768 of 2161656325 (80.9%), 61.6 MBs/sec
2025-02-19T15:36:52.6611120Z Received 1824522240 of 2161656325 (84.4%), 62.0 MBs/sec
2025-02-19T15:36:53.6618990Z Received 1883242496 of 2161656325 (87.1%), 61.8 MBs/sec
2025-02-19T15:36:54.6629400Z Received 1971322880 of 2161656325 (91.2%), 62.5 MBs/sec
2025-02-19T15:36:55.6628390Z Received 2021654528 of 2161656325 (93.5%), 62.0 MBs/sec
2025-02-19T15:36:56.6702420Z Received 2109734912 of 2161656325 (97.6%), 62.7 MBs/sec
2025-02-19T15:36:57.4343090Z Received 2161656325 of 2161656325 (100.0%), 62.8 MBs/sec
2025-02-19T15:36:57.4353420Z Cache Size: ~2062 MB (2161656325 B)
2025-02-19T15:36:57.4441300Z [command]/opt/homebrew/bin/gtar -xf /Users/runner/work/_temp/7a5498b4-1330-44f0-bd85-10b7d53162e1/cache.tzst -P -C /Users/runner/work/tardis/tardis --delay-directory-restore --use-compress-program unzstd
2025-02-19T15:37:06.7848720Z Cache restored successfully
2025-02-19T15:37:06.8716500Z Cache restored from key: tardis-regression-full-data-c8ff2bbb6048b3f24d3f52a1e85b013ad47e52c369a6ce4cfdeff528b659b86f-tardis-sn/tardis-regression-data-v1
2025-02-19T15:37:06.9141360Z ##[group]Run git lfs checkout
2025-02-19T15:37:06.9141600Z [36;1mgit lfs checkout[0m
2025-02-19T15:37:06.9229330Z shell: /bin/bash --noprofile --norc -e -o pipefail {0}
2025-02-19T15:37:06.9229620Z env:
2025-02-19T15:37:06.9229860Z   CACHE_NUMBER: 0
2025-02-19T15:37:06.9230340Z   PYTEST_FLAGS: --tardis-regression-data=/Users/runner/work/tardis/tardis/tardis-regression-data --cov=tardis --cov-report=xml --cov-report=html --cov-append
2025-02-19T15:37:06.9230970Z   CODECOV_TOKEN: 
2025-02-19T15:37:06.9231150Z ##[endgroup]
2025-02-19T15:37:19.2163510Z Checking out LFS objects: 100% (204/204), 5.7 GB | 389 MB/s, done.
2025-02-19T15:37:29.3753190Z Prepare all required actions
2025-02-19T15:37:29.3753700Z Getting action download info
2025-02-19T15:37:29.5079930Z Download action repository 'mamba-org/setup-micromamba@v1' (SHA:4b9113af4fba0e9e1124b252dd6497a419e7396d)
2025-02-19T15:37:30.6673530Z ##[group]Run ./.github/actions/setup_env
2025-02-19T15:37:30.6673790Z with:
2025-02-19T15:37:30.6673980Z   os-label: osx-arm64
2025-02-19T15:37:30.6674200Z env:
2025-02-19T15:37:30.6674330Z   CACHE_NUMBER: 0
2025-02-19T15:37:30.6674830Z   PYTEST_FLAGS: --tardis-regression-data=/Users/runner/work/tardis/tardis/tardis-regression-data --cov=tardis --cov-report=xml --cov-report=html --cov-append
2025-02-19T15:37:30.6675340Z   CODECOV_TOKEN: 
2025-02-19T15:37:30.6675620Z ##[endgroup]
2025-02-19T15:37:30.6696850Z ##[group]Run file_hash=$(cat conda-osx-arm64.lock | shasum -a 256 | cut -d' ' -f1)
2025-02-19T15:37:30.6697270Z [36;1mfile_hash=$(cat conda-osx-arm64.lock | shasum -a 256 | cut -d' ' -f1)[0m
2025-02-19T15:37:30.6697770Z [36;1mecho "file_hash=tardis-conda-env-osx-arm64-${file_hash}-v1" >> "${GITHUB_OUTPUT}"[0m
2025-02-19T15:37:30.6745740Z shell: /bin/bash --noprofile --norc -e -o pipefail {0}
2025-02-19T15:37:30.6745980Z env:
2025-02-19T15:37:30.6746120Z   CACHE_NUMBER: 0
2025-02-19T15:37:30.6746610Z   PYTEST_FLAGS: --tardis-regression-data=/Users/runner/work/tardis/tardis/tardis-regression-data --cov=tardis --cov-report=xml --cov-report=html --cov-append
2025-02-19T15:37:30.6747120Z   CODECOV_TOKEN: 
2025-02-19T15:37:30.6747270Z ##[endgroup]
2025-02-19T15:37:31.1474250Z ##[group]Run mamba-org/setup-micromamba@v1
2025-02-19T15:37:31.1474470Z with:
2025-02-19T15:37:31.1474620Z   environment-file: conda-osx-arm64.lock
2025-02-19T15:37:31.1475100Z   cache-environment-key: tardis-conda-env-osx-arm64-bf0d0a4d4c847cca72476c6c68c493d56c484aada7e80de0e42c7607fcef5824-v1
2025-02-19T15:37:31.1475760Z   cache-downloads-key: tardis-conda-env-osx-arm64-bf0d0a4d4c847cca72476c6c68c493d56c484aada7e80de0e42c7607fcef5824-v1
2025-02-19T15:37:31.1476200Z   environment-name: tardis
2025-02-19T15:37:31.1476370Z   cache-environment: true
2025-02-19T15:37:31.1476530Z   cache-downloads: true
2025-02-19T15:37:31.1476690Z env:
2025-02-19T15:37:31.1476810Z   CACHE_NUMBER: 0
2025-02-19T15:37:31.1477290Z   PYTEST_FLAGS: --tardis-regression-data=/Users/runner/work/tardis/tardis/tardis-regression-data --cov=tardis --cov-report=xml --cov-report=html --cov-append
2025-02-19T15:37:31.1477760Z   CODECOV_TOKEN: 
2025-02-19T15:37:31.1477900Z ##[endgroup]
2025-02-19T15:37:31.4113060Z Will download micromamba to /Users/runner/micromamba-bin/micromamba
2025-02-19T15:37:31.4117520Z ##[group]Install micromamba
2025-02-19T15:37:32.1463620Z micromamba installed to /Users/runner/micromamba-bin/micromamba
2025-02-19T15:37:32.1477850Z ##[endgroup]
2025-02-19T15:37:32.1478160Z Adding conda-forge to condarc channels ...
2025-02-19T15:37:32.1483280Z ##[group]Initialize micromamba for bash.
2025-02-19T15:37:32.1492250Z [command]/Users/runner/micromamba-bin/micromamba shell init -s bash -r /Users/runner/micromamba --log-level warning --rc-file /Users/runner/work/_temp/setup-micromamba/.condarc
2025-02-19T15:37:32.1729910Z Modifying RC file "/Users/runner/.bash_profile"
2025-02-19T15:37:32.1732870Z Generating config for root prefix [1m"/Users/runner/micromamba"[0m
2025-02-19T15:37:32.1734280Z Setting mamba executable to: [1m"/Users/runner/micromamba-bin/micromamba"[0m
2025-02-19T15:37:32.1736670Z Adding (or replacing) the following in your "/Users/runner/.bash_profile" file
2025-02-19T15:37:32.1736920Z 
2025-02-19T15:37:32.1737000Z # >>> mamba initialize >>>
2025-02-19T15:37:32.1737230Z # !! Contents within this block are managed by 'mamba init' !!
2025-02-19T15:37:32.1737540Z export MAMBA_EXE='/Users/runner/micromamba-bin/micromamba';
2025-02-19T15:37:32.1737870Z export MAMBA_ROOT_PREFIX='/Users/runner/micromamba';
2025-02-19T15:37:32.1738410Z __mamba_setup="$("$MAMBA_EXE" shell hook --shell bash --root-prefix "$MAMBA_ROOT_PREFIX" 2> /dev/null)"
2025-02-19T15:37:32.1739690Z if [ $? -eq 0 ]; then
2025-02-19T15:37:32.1739900Z     eval "$__mamba_setup"
2025-02-19T15:37:32.1740160Z else
2025-02-19T15:37:32.1740380Z     alias micromamba="$MAMBA_EXE"  # Fallback on help from mamba activate
2025-02-19T15:37:32.1740670Z fi
2025-02-19T15:37:32.1740800Z unset __mamba_setup
2025-02-19T15:37:32.1740960Z # <<< mamba initialize <<<
2025-02-19T15:37:32.1741080Z 
2025-02-19T15:37:32.1749020Z ##[endgroup]
2025-02-19T15:37:32.1750190Z ##[group]Restoring downloads from `/Users/runner/micromamba/pkgs` ...
2025-02-19T15:37:33.5969210Z Received 37748736 of 310594474 (12.2%), 35.6 MBs/sec
2025-02-19T15:37:34.6317310Z Received 88080384 of 310594474 (28.4%), 40.4 MBs/sec
2025-02-19T15:37:35.6376950Z Received 163577856 of 310594474 (52.7%), 50.7 MBs/sec
2025-02-19T15:37:36.6321510Z Received 218103808 of 310594474 (70.2%), 51.0 MBs/sec
2025-02-19T15:37:37.6325820Z Received 272629760 of 310594474 (87.8%), 51.2 MBs/sec
2025-02-19T15:37:38.2119330Z Cache Size: ~296 MB (310594474 B)
2025-02-19T15:37:38.2164980Z [command]/opt/homebrew/bin/gtar -xf /Users/runner/work/_temp/f5e64592-532a-43f9-b7e3-5e3d59a93a74/cache.tzst -P -C /Users/runner/work/tardis/tardis --delay-directory-restore --use-compress-program unzstd
2025-02-19T15:37:38.6352950Z Received 310594474 of 310594474 (100.0%), 48.7 MBs/sec
2025-02-19T15:37:38.8679950Z Cache restored successfully
2025-02-19T15:37:38.8712320Z Restored cache with key `tardis-conda-env-osx-arm64-bf0d0a4d4c847cca72476c6c68c493d56c484aada7e80de0e42c7607fcef5824-v1-osx-arm64`
2025-02-19T15:37:38.8714040Z ##[endgroup]
2025-02-19T15:37:38.8752760Z ##[group]Restoring environment `tardis` from `/Users/runner/micromamba/envs/tardis` ...
2025-02-19T15:37:40.2293710Z Received 46137344 of 385513979 (12.0%), 44.0 MBs/sec
2025-02-19T15:37:41.2314040Z Received 109051904 of 385513979 (28.3%), 51.9 MBs/sec
2025-02-19T15:37:42.2388430Z Received 159383552 of 385513979 (41.3%), 50.6 MBs/sec
2025-02-19T15:37:43.2564250Z Received 222298112 of 385513979 (57.7%), 52.7 MBs/sec
2025-02-19T15:37:44.2548420Z Received 301989888 of 385513979 (78.3%), 57.4 MBs/sec
2025-02-19T15:37:45.2499540Z Received 348127232 of 385513979 (90.3%), 55.1 MBs/sec
2025-02-19T15:37:45.7707730Z Cache Size: ~368 MB (385513979 B)
2025-02-19T15:37:45.7879680Z [command]/opt/homebrew/bin/gtar -xf /Users/runner/work/_temp/611ac2e2-cccf-4957-9e93-d66b42e97149/cache.tzst -P -C /Users/runner/work/tardis/tardis --delay-directory-restore --use-compress-program unzstd
2025-02-19T15:37:46.2527320Z Received 385513979 of 385513979 (100.0%), 52.3 MBs/sec
2025-02-19T15:38:04.1673440Z Cache restored successfully
2025-02-19T15:38:04.1736780Z Restored cache with key `tardis-conda-env-osx-arm64-bf0d0a4d4c847cca72476c6c68c493d56c484aada7e80de0e42c7607fcef5824-v1-osx-arm64-tardis-args-4f53cda-root-873f6fe-bin-[object Promise]-file-bf0d0a4d4c847cca72476c6c68c493d56c484aada7e80de0e42c7607fcef5824`
2025-02-19T15:38:04.1749970Z ##[endgroup]
2025-02-19T15:38:04.1750350Z Adding environment tardis to auto-activate bash ...
2025-02-19T15:38:04.1754930Z Generating micromamba run shell.
2025-02-19T15:38:04.1767660Z ##[endgroup]
2025-02-19T15:38:04.1775380Z Set environment variables.
2025-02-19T15:38:04.1778760Z ##[group]micromamba info
2025-02-19T15:38:04.1782970Z [command]/Users/runner/micromamba-bin/micromamba info -r /Users/runner/micromamba -n tardis
2025-02-19T15:38:04.6754740Z 
2025-02-19T15:38:04.6755780Z        libmamba version : 1.5.10
2025-02-19T15:38:04.6756770Z      micromamba version : 1.5.10
2025-02-19T15:38:04.6757940Z            curl version : libcurl/8.10.1 (OpenSSL/3.3.2) SecureTransport zlib/1.3.1 zstd/1.5.6 libssh2/1.11.0 nghttp2/1.58.0
2025-02-19T15:38:04.6759410Z      libarchive version : libarchive 3.7.4 zlib/1.2.13 bz2lib/1.0.8 libzstd/1.5.6
2025-02-19T15:38:04.6761070Z        envs directories : /Users/runner/micromamba/envs
2025-02-19T15:38:04.6762770Z           package cache : /Users/runner/micromamba/pkgs
2025-02-19T15:38:04.6763620Z                           /Users/runner/.mamba/pkgs
2025-02-19T15:38:04.6764670Z             environment : tardis
2025-02-19T15:38:04.6775990Z            env location : /Users/runner/micromamba/envs/tardis
2025-02-19T15:38:04.6778410Z       user config files : /Users/runner/.mambarc
2025-02-19T15:38:04.6778910Z  populated config files : /Users/runner/work/_temp/setup-micromamba/.condarc
2025-02-19T15:38:04.6779300Z        virtual packages : __unix=0=0
2025-02-19T15:38:04.6779660Z                           __osx=14.7.2=0
2025-02-19T15:38:04.6781640Z                           __archspec=1=arm64
2025-02-19T15:38:04.6782970Z                channels : https://conda.anaconda.org/conda-forge/osx-arm64
2025-02-19T15:38:04.6784090Z                           https://conda.anaconda.org/conda-forge/noarch
2025-02-19T15:38:04.6786620Z        base environment : /Users/runner/micromamba
2025-02-19T15:38:04.6788040Z                platform : osx-arm64
2025-02-19T15:38:04.6795790Z ##[endgroup]
2025-02-19T15:38:04.6796990Z ##[group]micromamba list
2025-02-19T15:38:04.6798050Z [command]/Users/runner/micromamba-bin/micromamba list -r /Users/runner/micromamba -n tardis
2025-02-19T15:38:05.1405550Z List of packages in environment: "/Users/runner/micromamba/envs/tardis"
2025-02-19T15:38:05.1406390Z 
2025-02-19T15:38:05.1407040Z   Name                           Version              Build                    Channel    
2025-02-19T15:38:05.1409230Z ────────────────────────────────────────────────────────────────────────────────────────────
2025-02-19T15:38:05.1409890Z   alabaster                      0.7.16               pyhd8ed1ab_0             conda-forge
2025-02-19T15:38:05.1410550Z   anyio                          4.4.0                pyhd8ed1ab_0             conda-forge
2025-02-19T15:38:05.1411140Z   appnope                        0.1.4                pyhd8ed1ab_0             conda-forge
2025-02-19T15:38:05.1411680Z   argon2-cffi                    23.1.0               pyhd8ed1ab_0             conda-forge
2025-02-19T15:38:05.1412240Z   argon2-cffi-bindings           21.2.0               py312h02f2b3b_4          conda-forge
2025-02-19T15:38:05.1412700Z   arrow                          1.3.0                pyhd8ed1ab_0             conda-forge
2025-02-19T15:38:05.1413330Z   astropy                        6.1.1                py312hbebd99a_0          conda-forge
2025-02-19T15:38:05.1414000Z   astropy-iers-data              0.2024.6.17.0.31.35  pyhd8ed1ab_0             conda-forge
2025-02-19T15:38:05.1414590Z   astropy-sphinx-theme           1.1                  pyhd8ed1ab_0             conda-forge
2025-02-19T15:38:05.1415190Z   asttokens                      2.4.1                pyhd8ed1ab_0             conda-forge
2025-02-19T15:38:05.1415700Z   async-lru                      2.0.4                pyhd8ed1ab_0             conda-forge
2025-02-19T15:38:05.1417230Z   atk-1.0                        2.38.0               hd03087b_2               conda-forge
2025-02-19T15:38:05.1417700Z   attrs                          23.2.0               pyh71513ae_0             conda-forge
2025-02-19T15:38:05.1418160Z   babel                          2.14.0               pyhd8ed1ab_0             conda-forge
2025-02-19T15:38:05.1418680Z   beautifulsoup4                 4.12.3               pyha770c72_0             conda-forge
2025-02-19T15:38:05.1419230Z   bleach                         6.1.0                pyhd8ed1ab_0             conda-forge
2025-02-19T15:38:05.1419620Z   blosc                          1.21.5               h9c252e8_1               conda-forge
2025-02-19T15:38:05.1420140Z   brotli                         1.1.0                hb547adb_1               conda-forge
2025-02-19T15:38:05.1420690Z   brotli-bin                     1.1.0                hb547adb_1               conda-forge
2025-02-19T15:38:05.1421240Z   brotli-python                  1.1.0                py312h9f69965_1          conda-forge
2025-02-19T15:38:05.1421700Z   bzip2                          1.0.8                h93a5062_5               conda-forge
2025-02-19T15:38:05.1422210Z   c-ares                         1.28.1               h93a5062_0               conda-forge
2025-02-19T15:38:05.1423090Z   c-blosc2                       2.14.4               ha57e6be_1               conda-forge
2025-02-19T15:38:05.1423670Z   ca-certificates                2024.6.2             hf0a4a13_0               conda-forge
2025-02-19T15:38:05.1424170Z   cached-property                1.5.2                hd8ed1ab_1               conda-forge
2025-02-19T15:38:05.1424750Z   cached_property                1.5.2                pyha770c72_1             conda-forge
2025-02-19T15:38:05.1425200Z   cairo                          1.18.0               hd1e100b_0               conda-forge
2025-02-19T15:38:05.1425710Z   certifi                        2024.6.2             pyhd8ed1ab_0             conda-forge
2025-02-19T15:38:05.1426130Z   cffi                           1.16.0               py312h8e38eb3_0          conda-forge
2025-02-19T15:38:05.1429280Z   charset-normalizer             3.3.2                pyhd8ed1ab_0             conda-forge
2025-02-19T15:38:05.1429780Z   click                          8.1.7                unix_pyh707e725_0        conda-forge
2025-02-19T15:38:05.1430450Z   codespell                      2.3.0                pyhd8ed1ab_0             conda-forge
2025-02-19T15:38:05.1430850Z   colorama                       0.4.6                pyhd8ed1ab_0             conda-forge
2025-02-19T15:38:05.1431330Z   comm                           0.2.2                pyhd8ed1ab_0             conda-forge
2025-02-19T15:38:05.1431730Z   commonmark                     0.9.1                py_0                     conda-forge
2025-02-19T15:38:05.1434010Z   contourpy                      1.2.1                py312h0fef576_0          conda-forge
2025-02-19T15:38:05.1434440Z   coverage                       7.5.3                py312h7e5086c_0          conda-forge
2025-02-19T15:38:05.1435010Z   cycler                         0.12.1               pyhd8ed1ab_0             conda-forge
2025-02-19T15:38:05.1435410Z   dataclasses                    0.8                  pyhc8e2a94_3             conda-forge
2025-02-19T15:38:05.1435870Z   debugpy                        1.8.1                py312h20a0b95_0          conda-forge
2025-02-19T15:38:05.1436360Z   decorator                      5.1.1                pyhd8ed1ab_0             conda-forge
2025-02-19T15:38:05.1436780Z   defusedxml                     0.7.1                pyhd8ed1ab_0             conda-forge
2025-02-19T15:38:05.1437230Z   docutils                       0.20.1               py312h81bd7bf_3          conda-forge
2025-02-19T15:38:05.1437630Z   dot2tex                        2.11.3               pyhd8ed1ab_0             conda-forge
2025-02-19T15:38:05.1438150Z   entrypoints                    0.4                  pyhd8ed1ab_0             conda-forge
2025-02-19T15:38:05.1438560Z   exceptiongroup                 1.2.0                pyhd8ed1ab_2             conda-forge
2025-02-19T15:38:05.1439680Z   executing                      2.0.1                pyhd8ed1ab_0             conda-forge
2025-02-19T15:38:05.1440050Z   expat                          2.6.2                hebf3989_0               conda-forge
2025-02-19T15:38:05.1440670Z   font-ttf-dejavu-sans-mono      2.37                 hab24e00_0               conda-forge
2025-02-19T15:38:05.1477060Z   font-ttf-inconsolata           3.000                h77eed37_0               conda-forge
2025-02-19T15:38:05.1477670Z   font-ttf-source-code-pro       2.038                h77eed37_0               conda-forge
2025-02-19T15:38:05.1479780Z   font-ttf-ubuntu                0.83                 h77eed37_2               conda-forge
2025-02-19T15:38:05.1480180Z   fontconfig                     2.14.2               h82840c6_0               conda-forge
2025-02-19T15:38:05.1480680Z   fonts-conda-ecosystem          1                    0                        conda-forge
2025-02-19T15:38:05.1481120Z   fonts-conda-forge              1                    0                        conda-forge
2025-02-19T15:38:05.1481570Z   fonttools                      4.53.0               py312h7e5086c_0          conda-forge
2025-02-19T15:38:05.1482880Z   fqdn                           1.5.1                pyhd8ed1ab_0             conda-forge
2025-02-19T15:38:05.1483330Z   freetype                       2.12.1               hadb7bae_2               conda-forge
2025-02-19T15:38:05.1484680Z   fribidi                        1.0.10               h27ca646_0               conda-forge
2025-02-19T15:38:05.1485880Z   future                         1.0.0                pyhd8ed1ab_0             conda-forge
2025-02-19T15:38:05.1486980Z   gdk-pixbuf                     2.42.12              h7ddc832_0               conda-forge
2025-02-19T15:38:05.1487920Z   gettext                        0.22.5               h8fbad5d_2               conda-forge
2025-02-19T15:38:05.1490710Z   gettext-tools                  0.22.5               h8fbad5d_2               conda-forge
2025-02-19T15:38:05.1491880Z   giflib                         5.2.2                h93a5062_0               conda-forge
2025-02-19T15:38:05.1492330Z   git-lfs                        3.5.1                hce30654_0               conda-forge
2025-02-19T15:38:05.1492880Z   gmp                            6.3.0                hebf3989_1               conda-forge
2025-02-19T15:38:05.1493220Z   gmpy2                          2.1.5                py312hfa9fade_1          conda-forge
2025-02-19T15:38:05.1493670Z   graphite2                      1.3.13               hebf3989_1003            conda-forge
2025-02-19T15:38:05.1494040Z   graphviz                       11.0.0               h9bb9bc9_0               conda-forge
2025-02-19T15:38:05.1494380Z   gtk2                           2.24.33              h7895bb2_4               conda-forge
2025-02-19T15:38:05.1494640Z   gts                            0.7.6                he42f4ea_4               conda-forge
2025-02-19T15:38:05.1494920Z   h11                            0.14.0               pyhd8ed1ab_0             conda-forge
2025-02-19T15:38:05.1495200Z   h2                             4.1.0                pyhd8ed1ab_0             conda-forge
2025-02-19T15:38:05.1495510Z   h5py                           3.11.0               nompi_py312h903599c_102  conda-forge
2025-02-19T15:38:05.1495860Z   harfbuzz                       8.5.0                h1836168_0               conda-forge
2025-02-19T15:38:05.1496140Z   hdf5                           1.14.3               nompi_hec07895_105       conda-forge
2025-02-19T15:38:05.1496420Z   hpack                          4.0.0                pyh9f0ad1d_0             conda-forge
2025-02-19T15:38:05.1497250Z   httpcore                       1.0.5                pyhd8ed1ab_0             conda-forge
2025-02-19T15:38:05.1497650Z   httpx                          0.27.0               pyhd8ed1ab_0             conda-forge
2025-02-19T15:38:05.1498050Z   hyperframe                     6.0.1                pyhd8ed1ab_0             conda-forge
2025-02-19T15:38:05.1502490Z   icu                            73.2                 hc8870d7_0               conda-forge
2025-02-19T15:38:05.1502770Z   idna                           3.7                  pyhd8ed1ab_0             conda-forge
2025-02-19T15:38:05.1503150Z   imagesize                      1.4.1                pyhd8ed1ab_0             conda-forge
2025-02-19T15:38:05.1503680Z   importlib-metadata             7.1.0                pyha770c72_0             conda-forge
2025-02-19T15:38:05.1504080Z   importlib_metadata             7.1.0                hd8ed1ab_0               conda-forge
2025-02-19T15:38:05.1504830Z   importlib_resources            6.4.0                pyhd8ed1ab_0             conda-forge
2025-02-19T15:38:05.1506950Z   iniconfig                      2.0.0                pyhd8ed1ab_0             conda-forge
2025-02-19T15:38:05.1507990Z   ipykernel                      6.29.4               pyh57ce528_0             conda-forge
2025-02-19T15:38:05.1508910Z   ipython                        8.25.0               pyh707e725_0             conda-forge
2025-02-19T15:38:05.1511920Z   ipython_genutils               0.2.0                pyhd8ed1ab_1             conda-forge
2025-02-19T15:38:05.1513770Z   ipywidgets                     7.8.0                pyhd8ed1ab_0             conda-forge
2025-02-19T15:38:05.1514210Z   isoduration                    20.11.0              pyhd8ed1ab_0             conda-forge
2025-02-19T15:38:05.1514590Z   jedi                           0.19.1               pyhd8ed1ab_0             conda-forge
2025-02-19T15:38:05.1515290Z   jinja2                         3.1.4                pyhd8ed1ab_0             conda-forge
2025-02-19T15:38:05.1516170Z   json5                          0.9.25               pyhd8ed1ab_0             conda-forge
2025-02-19T15:38:05.1517280Z   jsonpointer                    3.0.0                py312h81bd7bf_0          conda-forge
2025-02-19T15:38:05.1518390Z   jsonschema                     4.22.0               pyhd8ed1ab_0             conda-forge
2025-02-19T15:38:05.1520810Z   jsonschema-specifications      2023.12.1            pyhd8ed1ab_0             conda-forge
2025-02-19T15:38:05.1522070Z   jsonschema-with-format-nongpl  4.22.0               pyhd8ed1ab_0             conda-forge
2025-02-19T15:38:05.1522560Z   jupyter-lsp                    2.2.5                pyhd8ed1ab_0             conda-forge
2025-02-19T15:38:05.1522990Z   jupyter_client                 8.6.2                pyhd8ed1ab_0             conda-forge
2025-02-19T15:38:05.1523370Z   jupyter_core                   5.7.2                py312h81bd7bf_0          conda-forge
2025-02-19T15:38:05.1523800Z   jupyter_events                 0.10.0               pyhd8ed1ab_0             conda-forge
2025-02-19T15:38:05.1524180Z   jupyter_server                 2.14.1               pyhd8ed1ab_0             conda-forge
2025-02-19T15:38:05.1524660Z   jupyter_server_terminals       0.5.3                pyhd8ed1ab_0             conda-forge
2025-02-19T15:38:05.1525050Z   jupyterlab                     4.2.2                pyhd8ed1ab_0             conda-forge
2025-02-19T15:38:05.1525490Z   jupyterlab_pygments            0.3.0                pyhd8ed1ab_1             conda-forge
2025-02-19T15:38:05.1525890Z   jupyterlab_server              2.27.2               pyhd8ed1ab_0             conda-forge
2025-02-19T15:38:05.1526350Z   jupyterlab_widgets             1.1.7                pyhd8ed1ab_0             conda-forge
2025-02-19T15:38:05.1526760Z   kiwisolver                     1.4.5                py312h389731b_1          conda-forge
2025-02-19T15:38:05.1527130Z   krb5                           1.21.2               h92f50d5_0               conda-forge
2025-02-19T15:38:05.1527540Z   latexcodec                     2.0.1                pyh9f0ad1d_0             conda-forge
2025-02-19T15:38:05.1527910Z   lcms2                          2.16                 ha0e7c42_0               conda-forge
2025-02-19T15:38:05.1528830Z   lerc                           4.0.0                h9a09cb3_0               conda-forge
2025-02-19T15:38:05.1530590Z   libaec                         1.1.3                hebf3989_0               conda-forge
2025-02-19T15:38:05.1531000Z   libasprintf                    0.22.5               h8fbad5d_2               conda-forge
2025-02-19T15:38:05.1531760Z   libasprintf-devel              0.22.5               h8fbad5d_2               conda-forge
2025-02-19T15:38:05.1533000Z   libblas                        3.9.0                22_osxarm64_openblas     conda-forge
2025-02-19T15:38:05.1533970Z   libbrotlicommon                1.1.0                hb547adb_1               conda-forge
2025-02-19T15:38:05.1535590Z   libbrotlidec                   1.1.0                hb547adb_1               conda-forge
2025-02-19T15:38:05.1536030Z   libbrotlienc                   1.1.0                hb547adb_1               conda-forge
2025-02-19T15:38:05.1536390Z   libcblas                       3.9.0                22_osxarm64_openblas     conda-forge
2025-02-19T15:38:05.1536820Z   libcurl                        8.8.0                h7b6f9a7_0               conda-forge
2025-02-19T15:38:05.1537170Z   libcxx                         17.0.6               h5f092b4_0               conda-forge
2025-02-19T15:38:05.1537930Z   libdeflate                     1.20                 h93a5062_0               conda-forge
2025-02-19T15:38:05.1538290Z   libedit                        3.1.20191231         hc8eb9b7_2               conda-forge
2025-02-19T15:38:05.1538640Z   libev                          4.33                 h93a5062_2               conda-forge
2025-02-19T15:38:05.1538990Z   libexpat                       2.6.2                hebf3989_0               conda-forge
2025-02-19T15:38:05.1539330Z   libffi                         3.4.2                h3422bc3_5               conda-forge
2025-02-19T15:38:05.1539610Z   libgd                          2.3.3                hfdf3952_9               conda-forge
2025-02-19T15:38:05.1540000Z   libgettextpo                   0.22.5               h8fbad5d_2               conda-forge
2025-02-19T15:38:05.1540430Z   libgettextpo-devel             0.22.5               h8fbad5d_2               conda-forge
2025-02-19T15:38:05.1540800Z   libgfortran                    5.0.0                13_2_0_hd922786_3        conda-forge
2025-02-19T15:38:05.1541200Z   libgfortran5                   13.2.0               hf226fd6_3               conda-forge
2025-02-19T15:38:05.1541550Z   libglib                        2.80.2               h59d46d9_1               conda-forge
2025-02-19T15:38:05.1541890Z   libiconv                       1.17                 h0d3ecfb_2               conda-forge
2025-02-19T15:38:05.1542180Z   libintl                        0.22.5               h8fbad5d_2               conda-forge
2025-02-19T15:38:05.1542520Z   libintl-devel                  0.22.5               h8fbad5d_2               conda-forge
2025-02-19T15:38:05.1542910Z   libjpeg-turbo                  3.0.0                hb547adb_1               conda-forge
2025-02-19T15:38:05.1543410Z   liblapack                      3.9.0                22_osxarm64_openblas     conda-forge
2025-02-19T15:38:05.1543790Z   libllvm14                      14.0.6               hd1a9a77_4               conda-forge
2025-02-19T15:38:05.1544230Z   libnghttp2                     1.58.0               ha4dd798_1               conda-forge
2025-02-19T15:38:05.1544630Z   libopenblas                    0.3.27               openmp_h6c19121_0        conda-forge
2025-02-19T15:38:05.1545020Z   libpng                         1.6.43               h091b4b1_0               conda-forge
2025-02-19T15:38:05.1545450Z   librsvg                        2.58.1               hbc281fb_0               conda-forge
2025-02-19T15:38:05.1545920Z   libsodium                      1.0.18               h27ca646_1               conda-forge
2025-02-19T15:38:05.1546400Z   libsqlite                      3.46.0               hfb93653_0               conda-forge
2025-02-19T15:38:05.1548520Z   libssh2                        1.11.0               h7a5bd25_0               conda-forge
2025-02-19T15:38:05.1549200Z   libtiff                        4.6.0                h07db509_3               conda-forge
2025-02-19T15:38:05.1549800Z   libwebp                        1.4.0                h54798ee_0               conda-forge
2025-02-19T15:38:05.1550220Z   libwebp-base                   1.4.0                h93a5062_0               conda-forge
2025-02-19T15:38:05.1551170Z   libxcb                         1.16                 hf2054a2_0               conda-forge
2025-02-19T15:38:05.1551620Z   libxml2                        2.12.7               ha661575_1               conda-forge
2025-02-19T15:38:05.1552010Z   libxslt                        1.1.39               h223e5b9_0               conda-forge
2025-02-19T15:38:05.1552470Z   libzlib                        1.3.1                hfb2fe0b_1               conda-forge
2025-02-19T15:38:05.1553050Z   llvm-openmp                    18.1.7               hde57baf_0               conda-forge
2025-02-19T15:38:05.1553480Z   llvmlite                       0.42.0               py312h17030e7_1          conda-forge
2025-02-19T15:38:05.1553900Z   lxml                           5.2.2                py312h0e5ab22_0          conda-forge
2025-02-19T15:38:05.1554540Z   lz4-c                          1.9.4                hb7217d7_0               conda-forge
2025-02-19T15:38:05.1554990Z   markupsafe                     2.1.5                py312he37b823_0          conda-forge
2025-02-19T15:38:05.1555340Z   matplotlib-base                3.8.4                py312h4479663_2          conda-forge
2025-02-19T15:38:05.1555780Z   matplotlib-inline              0.1.7                pyhd8ed1ab_0             conda-forge
2025-02-19T15:38:05.1556190Z   mistune                        3.0.2                pyhd8ed1ab_0             conda-forge
2025-02-19T15:38:05.1556610Z   mpc                            1.3.1                h91ba8db_0               conda-forge
2025-02-19T15:38:05.1557060Z   mpfr                           4.2.1                h41d338b_1               conda-forge
2025-02-19T15:38:05.1557410Z   mpmath                         1.3.0                pyhd8ed1ab_0             conda-forge
2025-02-19T15:38:05.1557880Z   munkres                        1.1.4                pyh9f0ad1d_0             conda-forge
2025-02-19T15:38:05.1558410Z   mypy_extensions                1.0.0                pyha770c72_0             conda-forge
2025-02-19T15:38:05.1558830Z   nbclassic                      1.1.0                pyhd8ed1ab_0             conda-forge
2025-02-19T15:38:05.1559220Z   nbclient                       0.10.0               pyhd8ed1ab_0             conda-forge
2025-02-19T15:38:05.1559590Z   nbconvert                      7.16.4               hd8ed1ab_1               conda-forge
2025-02-19T15:38:05.1560020Z   nbconvert-core                 7.16.4               pyhd8ed1ab_1             conda-forge
2025-02-19T15:38:05.1560390Z   nbconvert-pandoc               7.16.4               hd8ed1ab_1               conda-forge
2025-02-19T15:38:05.1560790Z   nbformat                       5.10.4               pyhd8ed1ab_0             conda-forge
2025-02-19T15:38:05.1561630Z   nbsphinx                       0.9.4                pyhd8ed1ab_0             conda-forge
2025-02-19T15:38:05.1562050Z   ncurses                        6.5                  hb89a1cb_0               conda-forge
2025-02-19T15:38:05.1562400Z   nest-asyncio                   1.6.0                pyhd8ed1ab_0             conda-forge
2025-02-19T15:38:05.1562760Z   networkx                       3.3                  pyhd8ed1ab_1             conda-forge
2025-02-19T15:38:05.1563150Z   notebook                       7.2.1                pyhd8ed1ab_0             conda-forge
2025-02-19T15:38:05.1563510Z   notebook-shim                  0.2.4                pyhd8ed1ab_0             conda-forge
2025-02-19T15:38:05.1563870Z   numba                          0.59.1               py312hbaff935_0          conda-forge
2025-02-19T15:38:05.1564220Z   numexpr                        2.10.0               py312h8ae5369_0          conda-forge
2025-02-19T15:38:05.1565100Z   numpy                          1.26.4               py312h8442bc7_0          conda-forge
2025-02-19T15:38:05.1565390Z   numpydoc                       1.7.0                pyhd8ed1ab_1             conda-forge
2025-02-19T15:38:05.1565720Z   openjpeg                       2.5.2                h9f1df11_0               conda-forge
2025-02-19T15:38:05.1566070Z   openssl                        3.3.1                hfb2fe0b_0               conda-forge
2025-02-19T15:38:05.1566920Z   overrides                      7.7.0                pyhd8ed1ab_0             conda-forge
2025-02-19T15:38:05.1567220Z   packaging                      24.1                 pyhd8ed1ab_0             conda-forge
2025-02-19T15:38:05.1567510Z   pandas                         2.2.2                py312h8ae5369_1          conda-forge
2025-02-19T15:38:05.1567800Z   pandoc                         3.2                  hce30654_0               conda-forge
2025-02-19T15:38:05.1568150Z   pandocfilters                  1.5.0                pyhd8ed1ab_0             conda-forge
2025-02-19T15:38:05.1568480Z   pango                          1.54.0               h5cb9fbc_0               conda-forge
2025-02-19T15:38:05.1568770Z   parso                          0.8.4                pyhd8ed1ab_0             conda-forge
2025-02-19T15:38:05.1569260Z   pathspec                       0.12.1               pyhd8ed1ab_0             conda-forge
2025-02-19T15:38:05.1569560Z   pbr                            6.0.0                pyhd8ed1ab_0             conda-forge
2025-02-19T15:38:05.1569840Z   pcre2                          10.44                h297a79d_0               conda-forge
2025-02-19T15:38:05.1570130Z   pexpect                        4.9.0                pyhd8ed1ab_0             conda-forge
2025-02-19T15:38:05.1570420Z   pickleshare                    0.7.5                py_1003                  conda-forge
2025-02-19T15:38:05.1570720Z   pillow                         10.3.0               py312h39b1d8d_1          conda-forge
2025-02-19T15:38:05.1571000Z   pip                            24.0                 pyhd8ed1ab_0             conda-forge
2025-02-19T15:38:05.1571270Z   pixman                         0.43.4               hebf3989_0               conda-forge
2025-02-19T15:38:05.1571600Z   pkgutil-resolve-name           1.3.10               pyhd8ed1ab_1             conda-forge
2025-02-19T15:38:05.1572300Z   platformdirs                   4.2.2                pyhd8ed1ab_0             conda-forge
2025-02-19T15:38:05.1572700Z   plotly                         5.22.0               pyhd8ed1ab_0             conda-forge
2025-02-19T15:38:05.1572990Z   pluggy                         1.5.0                pyhd8ed1ab_0             conda-forge
2025-02-19T15:38:05.1573310Z   prometheus_client              0.20.0               pyhd8ed1ab_0             conda-forge
2025-02-19T15:38:05.1573640Z   prompt-toolkit                 3.0.47               pyha770c72_0             conda-forge
2025-02-19T15:38:05.1573970Z   psutil                         5.9.8                py312he37b823_0          conda-forge
2025-02-19T15:38:05.1574290Z   pthread-stubs                  0.4                  h27ca646_1001            conda-forge
2025-02-19T15:38:05.1574600Z   ptyprocess                     0.7.0                pyhd3deb0d_0             conda-forge
2025-02-19T15:38:05.1574910Z   pure_eval                      0.2.2                pyhd8ed1ab_0             conda-forge
2025-02-19T15:38:05.1575220Z   py-cpuinfo                     9.0.0                pyhd8ed1ab_0             conda-forge
2025-02-19T15:38:05.1575530Z   pybtex                         0.24.0               pyhd8ed1ab_2             conda-forge
2025-02-19T15:38:05.1575840Z   pybtex-docutils                1.0.3                py312h81bd7bf_1          conda-forge
2025-02-19T15:38:05.1576160Z   pycparser                      2.22                 pyhd8ed1ab_0             conda-forge
2025-02-19T15:38:05.1576470Z   pyerfa                         2.0.1.4              py312hbebd99a_1          conda-forge
2025-02-19T15:38:05.1577090Z   pygments                       2.18.0               pyhd8ed1ab_0             conda-forge
2025-02-19T15:38:05.1577390Z   pygraphviz                     1.13                 py312h5f4d302_1          conda-forge
2025-02-19T15:38:05.1577710Z   pyobjc-core                    10.3.1               py312hbb55c70_0          conda-forge
2025-02-19T15:38:05.1578040Z   pyobjc-framework-cocoa         10.3.1               py312hbb55c70_0          conda-forge
2025-02-19T15:38:05.1578380Z   pyparsing                      3.1.2                pyhd8ed1ab_0             conda-forge
2025-02-19T15:38:05.1578680Z   pysocks                        1.7.1                pyha2e5f31_6             conda-forge
2025-02-19T15:38:05.1578970Z   pytables                       3.9.2                py312hb622ae1_2          conda-forge
2025-02-19T15:38:05.1579260Z   pytest                         8.2.2                pyhd8ed1ab_0             conda-forge
2025-02-19T15:38:05.1579550Z   pytest-cov                     5.0.0                pyhd8ed1ab_0             conda-forge
2025-02-19T15:38:05.1580690Z   pytest-doctestplus             1.2.1                pyhd8ed1ab_0             conda-forge
2025-02-19T15:38:05.1581640Z   pytest-html                    4.1.1                pyhd8ed1ab_0             conda-forge
2025-02-19T15:38:05.1583280Z   pytest-metadata                3.1.1                pyhd8ed1ab_0             conda-forge
2025-02-19T15:38:05.1583670Z   python                         3.12.4               h30c5eda_0_cpython       conda-forge
2025-02-19T15:38:05.1583980Z   python-dateutil                2.9.0                pyhd8ed1ab_0             conda-forge
2025-02-19T15:38:05.1584340Z   python-fastjsonschema          2.20.0               pyhd8ed1ab_0             conda-forge
2025-02-19T15:38:05.1584690Z   python-json-logger             2.0.7                pyhd8ed1ab_0             conda-forge
2025-02-19T15:38:05.1585030Z   python-tzdata                  2024.1               pyhd8ed1ab_0             conda-forge
2025-02-19T15:38:05.1585350Z   python_abi                     3.12                 4_cp312                  conda-forge
2025-02-19T15:38:05.1585820Z   pytz                           2024.1               pyhd8ed1ab_0             conda-forge
2025-02-19T15:38:05.1586720Z   pyyaml                         6.0.1                py312h02f2b3b_1          conda-forge
2025-02-19T15:38:05.1587520Z   pyzmq                          26.0.3               py312hfa13136_0          conda-forge
2025-02-19T15:38:05.1588300Z   qgrid                          1.3.1                pyhd8ed1ab_4             conda-forge
2025-02-19T15:38:05.1589160Z   radioactivedecay               0.5.1                pyhd8ed1ab_0             conda-forge
2025-02-19T15:38:05.1590030Z   readline                       8.2                  h92ec313_1               conda-forge
2025-02-19T15:38:05.1590870Z   recommonmark                   0.7.1                pyhd8ed1ab_0             conda-forge
2025-02-19T15:38:05.1591740Z   referencing                    0.35.1               pyhd8ed1ab_0             conda-forge
2025-02-19T15:38:05.1592600Z   requests                       2.32.3               pyhd8ed1ab_0             conda-forge
2025-02-19T15:38:05.1593700Z   rfc3339-validator              0.1.4                pyhd8ed1ab_0             conda-forge
2025-02-19T15:38:05.1594640Z   rfc3986-validator              0.1.1                pyh9f0ad1d_0             conda-forge
2025-02-19T15:38:05.1595500Z   rpds-py                        0.18.1               py312h552d48e_0          conda-forge
2025-02-19T15:38:05.1596270Z   ruff                           0.4.9                py312h3402d49_0          conda-forge
2025-02-19T15:38:05.1597050Z   scipy                          1.13.1               py312h14ffa8f_0          conda-forge
2025-02-19T15:38:05.1597900Z   send2trash                     1.8.3                pyh31c8845_0             conda-forge
2025-02-19T15:38:05.1598230Z   setuptools                     70.0.0               pyhd8ed1ab_0             conda-forge
2025-02-19T15:38:05.1598930Z   setuptools-scm                 8.1.0                pyhd8ed1ab_0             conda-forge
2025-02-19T15:38:05.1599260Z   setuptools_scm                 8.1.0                hd8ed1ab_0               conda-forge
2025-02-19T15:38:05.1599560Z   six                            1.16.0               pyh6c4a22f_0             conda-forge
2025-02-19T15:38:05.1599850Z   snakeviz                       2.2.0                pyhd8ed1ab_0             conda-forge
2025-02-19T15:38:05.1600150Z   snappy                         1.2.0                hd04f947_1               conda-forge
2025-02-19T15:38:05.1600430Z   sniffio                        1.3.1                pyhd8ed1ab_0             conda-forge
2025-02-19T15:38:05.1600740Z   snowballstemmer                2.2.0                pyhd8ed1ab_0             conda-forge
2025-02-19T15:38:05.1601060Z   soupsieve                      2.5                  pyhd8ed1ab_1             conda-forge
2025-02-19T15:38:05.1601350Z   sphinx                         7.3.7                pyhd8ed1ab_0             conda-forge
2025-02-19T15:38:05.1601790Z   sphinx-astropy                 1.9.1                pyhd8ed1ab_0             conda-forge
2025-02-19T15:38:05.1602140Z   sphinx-automodapi              0.17.0               pyh717bed2_1             conda-forge
2025-02-19T15:38:05.1602940Z   sphinx-gallery                 0.16.0               pyhd8ed1ab_0             conda-forge
2025-02-19T15:38:05.1603300Z   sphinx-jsonschema              1.19.1               pyhd8ed1ab_0             conda-forge
2025-02-19T15:38:05.1603640Z   sphinx_bootstrap_theme         0.8.1                pyhd8ed1ab_0             conda-forge
2025-02-19T15:38:05.1603970Z   sphinx_rtd_theme               2.0.0                pyha770c72_0             conda-forge
2025-02-19T15:38:05.1604310Z   sphinxcontrib-apidoc           0.3.0                py_1                     conda-forge
2025-02-19T15:38:05.1604680Z   sphinxcontrib-applehelp        1.0.8                pyhd8ed1ab_0             conda-forge
2025-02-19T15:38:05.1605050Z   sphinxcontrib-bibtex           2.6.2                pyhd8ed1ab_0             conda-forge
2025-02-19T15:38:05.1606520Z   sphinxcontrib-devhelp          1.0.6                pyhd8ed1ab_0             conda-forge
2025-02-19T15:38:05.1606950Z   sphinxcontrib-htmlhelp         2.0.5                pyhd8ed1ab_0             conda-forge
2025-02-19T15:38:05.1607340Z   sphinxcontrib-jquery           4.1                  pyhd8ed1ab_0             conda-forge
2025-02-19T15:38:05.1607730Z   sphinxcontrib-jsmath           1.0.1                pyhd8ed1ab_0             conda-forge
2025-02-19T15:38:05.1608110Z   sphinxcontrib-qthelp           1.0.7                pyhd8ed1ab_0             conda-forge
2025-02-19T15:38:05.1608530Z   sphinxcontrib-serializinghtml  1.1.10               pyhd8ed1ab_0             conda-forge
2025-02-19T15:38:05.1608900Z   stack_data                     0.6.2                pyhd8ed1ab_0             conda-forge
2025-02-19T15:38:05.1609200Z   sympy                          1.12.1               pypyh2585a3b_103         conda-forge
2025-02-19T15:38:05.1609500Z   tabulate                       0.9.0                pyhd8ed1ab_1             conda-forge
2025-02-19T15:38:05.1610070Z   tenacity                       8.4.1                pyhd8ed1ab_0             conda-forge
2025-02-19T15:38:05.1611150Z   terminado                      0.18.1               pyh31c8845_0             conda-forge
2025-02-19T15:38:05.1611810Z   tinycss2                       1.3.0                pyhd8ed1ab_0             conda-forge
2025-02-19T15:38:05.1612100Z   tk                             8.6.13               h5083fa2_1               conda-forge
2025-02-19T15:38:05.1612420Z   toml                           0.10.2               pyhd8ed1ab_0             conda-forge
2025-02-19T15:38:05.1612740Z   tomli                          2.0.1                pyhd8ed1ab_0             conda-forge
2025-02-19T15:38:05.1613070Z   tornado                        6.4.1                py312h7e5086c_0          conda-forge
2025-02-19T15:38:05.1613360Z   tqdm                           4.66.4               pyhd8ed1ab_0             conda-forge
2025-02-19T15:38:05.1614000Z   traitlets                      5.14.3               pyhd8ed1ab_0             conda-forge
2025-02-19T15:38:05.1614350Z   typed-ast                      1.5.5                py312h02f2b3b_1          conda-forge
2025-02-19T15:38:05.1614740Z   types-python-dateutil          2.9.0.20240316       pyhd8ed1ab_0             conda-forge
2025-02-19T15:38:05.1615140Z   typing-extensions              4.12.2               hd8ed1ab_0               conda-forge
2025-02-19T15:38:05.1615590Z   typing_extensions              4.12.2               pyha770c72_0             conda-forge
2025-02-19T15:38:05.1616470Z   typing_utils                   0.1.0                pyhd8ed1ab_0             conda-forge
2025-02-19T15:38:05.1616920Z   tzdata                         2024a                h0c530f3_0               conda-forge
2025-02-19T15:38:05.1617380Z   uri-template                   1.3.0                pyhd8ed1ab_0             conda-forge
2025-02-19T15:38:05.1617760Z   urllib3                        2.2.2                pyhd8ed1ab_0             conda-forge
2025-02-19T15:38:05.1632070Z   wcwidth                        0.2.13               pyhd8ed1ab_0             conda-forge
2025-02-19T15:38:05.1634280Z   webcolors                      24.6.0               pyhd8ed1ab_0             conda-forge
2025-02-19T15:38:05.1635210Z   webencodings                   0.5.1                pyhd8ed1ab_2             conda-forge
2025-02-19T15:38:05.1636140Z   websocket-client               1.8.0                pyhd8ed1ab_0             conda-forge
2025-02-19T15:38:05.1637010Z   wheel                          0.43.0               pyhd8ed1ab_1             conda-forge
2025-02-19T15:38:05.1637910Z   widgetsnbextension             3.6.6                pyhd8ed1ab_0             conda-forge
2025-02-19T15:38:05.1638830Z   xorg-libxau                    1.0.11               hb547adb_0               conda-forge
2025-02-19T15:38:05.1639700Z   xorg-libxdmcp                  1.1.3                h27ca646_0               conda-forge
2025-02-19T15:38:05.1640540Z   xz                             5.2.6                h57fd34a_0               conda-forge
2025-02-19T15:38:05.1641220Z   yaml                           0.2.5                h3422bc3_2               conda-forge
2025-02-19T15:38:05.1641530Z   zeromq                         4.3.5                hcc0f68c_4               conda-forge
2025-02-19T15:38:05.1641830Z   zipp                           3.19.2               pyhd8ed1ab_0             conda-forge
2025-02-19T15:38:05.1642120Z   zlib                           1.3.1                hfb2fe0b_1               conda-forge
2025-02-19T15:38:05.1642410Z   zlib-ng                        2.0.7                h1a8c8d9_0               conda-forge
2025-02-19T15:38:05.1642690Z   zstd                           1.5.6                hb46c0d2_0               conda-forge
2025-02-19T15:38:05.1643310Z ##[endgroup]
2025-02-19T15:38:05.1726220Z ##[group]Run pip install -e . --user
2025-02-19T15:38:05.1726540Z [36;1mpip install -e . --user[0m
2025-02-19T15:38:05.4663330Z shell: /bin/bash -l {0}
2025-02-19T15:38:05.4663540Z env:
2025-02-19T15:38:05.4663690Z   CACHE_NUMBER: 0
2025-02-19T15:38:05.4664220Z   PYTEST_FLAGS: --tardis-regression-data=/Users/runner/work/tardis/tardis/tardis-regression-data --cov=tardis --cov-report=xml --cov-report=html --cov-append
2025-02-19T15:38:05.4664740Z   CODECOV_TOKEN: 
2025-02-19T15:38:05.4664920Z   MAMBA_ROOT_PREFIX: /Users/runner/micromamba
2025-02-19T15:38:05.4665180Z   MAMBA_EXE: /Users/runner/micromamba-bin/micromamba
2025-02-19T15:38:05.4665480Z   CONDARC: /Users/runner/work/_temp/setup-micromamba/.condarc
2025-02-19T15:38:05.4665720Z ##[endgroup]
2025-02-19T15:38:06.6733160Z Obtaining file:///Users/runner/work/tardis/tardis
2025-02-19T15:38:06.6764410Z   Installing build dependencies: started
2025-02-19T15:38:09.7033100Z   Installing build dependencies: finished with status 'done'
2025-02-19T15:38:09.7042080Z   Checking if build backend supports build_editable: started
2025-02-19T15:38:09.8746750Z   Checking if build backend supports build_editable: finished with status 'done'
2025-02-19T15:38:09.8826840Z   Getting requirements to build editable: started
2025-02-19T15:38:10.6516520Z   Getting requirements to build editable: finished with status 'done'
2025-02-19T15:38:10.6586370Z   Preparing editable metadata (pyproject.toml): started
2025-02-19T15:38:11.1100740Z   Preparing editable metadata (pyproject.toml): finished with status 'done'
2025-02-19T15:38:11.1605580Z Requirement already satisfied: astropy in /Users/runner/micromamba/envs/tardis/lib/python3.12/site-packages (from tardis==0.0.0) (6.1.1)
2025-02-19T15:38:11.2058130Z Requirement already satisfied: numpy>=1.23 in /Users/runner/micromamba/envs/tardis/lib/python3.12/site-packages (from astropy->tardis==0.0.0) (1.26.4)
2025-02-19T15:38:11.2084700Z Requirement already satisfied: pyerfa>=2.0.1.1 in /Users/runner/micromamba/envs/tardis/lib/python3.12/site-packages (from astropy->tardis==0.0.0) (2.0.1.4)
2025-02-19T15:38:11.2085940Z Requirement already satisfied: astropy-iers-data>=0.2024.5.27.0.30.8 in /Users/runner/micromamba/envs/tardis/lib/python3.12/site-packages (from astropy->tardis==0.0.0) (0.2024.6.17.0.31.35)
2025-02-19T15:38:11.2086850Z Requirement already satisfied: PyYAML>=3.13 in /Users/runner/micromamba/envs/tardis/lib/python3.12/site-packages (from astropy->tardis==0.0.0) (6.0.1)
2025-02-19T15:38:11.2087730Z Requirement already satisfied: packaging>=19.0 in /Users/runner/micromamba/envs/tardis/lib/python3.12/site-packages (from astropy->tardis==0.0.0) (24.1)
2025-02-19T15:38:11.2146400Z Building wheels for collected packages: tardis
2025-02-19T15:38:11.2154260Z   Building editable for tardis (pyproject.toml): started
2025-02-19T15:38:12.0046550Z   Building editable for tardis (pyproject.toml): finished with status 'done'
2025-02-19T15:38:12.0054790Z   Created wheel for tardis: filename=tardis-0.0.0-0.editable-py3-none-any.whl size=8877 sha256=a924fb9d4dae02489b8489010a492ed8ce4842c4c151410701a0a84d73b04e81
2025-02-19T15:38:12.0055950Z   Stored in directory: /private/var/folders/2s/h6hvv9ps03xgz_krkkstvq_r0000gn/T/pip-ephem-wheel-cache-qnjjhikf/wheels/bb/4f/6a/0829b918c1c10bc28535ce7f14be21eee54375bdd9cd0c306a
2025-02-19T15:38:12.0084390Z Successfully built tardis
2025-02-19T15:38:12.5777920Z Installing collected packages: tardis
2025-02-19T15:38:12.5837960Z Successfully installed tardis-0.0.0
2025-02-19T15:38:12.8406600Z ##[group]Run pip install qgridnext
2025-02-19T15:38:12.8406900Z [36;1mpip install qgridnext[0m
2025-02-19T15:38:12.8482230Z shell: /bin/bash -l {0}
2025-02-19T15:38:12.8482500Z env:
2025-02-19T15:38:12.8482770Z   CACHE_NUMBER: 0
2025-02-19T15:38:12.8483320Z   PYTEST_FLAGS: --tardis-regression-data=/Users/runner/work/tardis/tardis/tardis-regression-data --cov=tardis --cov-report=xml --cov-report=html --cov-append
2025-02-19T15:38:12.8483950Z   CODECOV_TOKEN: 
2025-02-19T15:38:12.8484190Z   MAMBA_ROOT_PREFIX: /Users/runner/micromamba
2025-02-19T15:38:12.8503400Z   MAMBA_EXE: /Users/runner/micromamba-bin/micromamba
2025-02-19T15:38:12.8503940Z   CONDARC: /Users/runner/work/_temp/setup-micromamba/.condarc
2025-02-19T15:38:12.8504300Z ##[endgroup]
2025-02-19T15:38:13.5416980Z Collecting qgridnext
2025-02-19T15:38:13.5868860Z   Downloading qgridnext-2.0.4-py3-none-any.whl.metadata (9.9 kB)
2025-02-19T15:38:13.6123790Z Requirement already satisfied: pandas>=0.20.0 in /Users/runner/micromamba/envs/tardis/lib/python3.12/site-packages (from qgridnext) (2.2.2)
2025-02-19T15:38:13.6129220Z Requirement already satisfied: ipywidgets>=7.0.0 in /Users/runner/micromamba/envs/tardis/lib/python3.12/site-packages (from qgridnext) (7.8.0)
2025-02-19T15:38:13.6136230Z Requirement already satisfied: numpy in /Users/runner/micromamba/envs/tardis/lib/python3.12/site-packages (from qgridnext) (1.26.4)
2025-02-19T15:38:13.6142160Z Requirement already satisfied: traitlets in /Users/runner/micromamba/envs/tardis/lib/python3.12/site-packages (from qgridnext) (5.14.3)
2025-02-19T15:38:13.6195000Z Requirement already satisfied: comm>=0.1.3 in /Users/runner/micromamba/envs/tardis/lib/python3.12/site-packages (from ipywidgets>=7.0.0->qgridnext) (0.2.2)
2025-02-19T15:38:13.6200180Z Requirement already satisfied: ipython-genutils~=0.2.0 in /Users/runner/micromamba/envs/tardis/lib/python3.12/site-packages (from ipywidgets>=7.0.0->qgridnext) (0.2.0)
2025-02-19T15:38:13.6208920Z Requirement already satisfied: widgetsnbextension~=3.6.5 in /Users/runner/micromamba/envs/tardis/lib/python3.12/site-packages (from ipywidgets>=7.0.0->qgridnext) (3.6.6)
2025-02-19T15:38:13.6217880Z Requirement already satisfied: ipython>=4.0.0 in /Users/runner/micromamba/envs/tardis/lib/python3.12/site-packages (from ipywidgets>=7.0.0->qgridnext) (8.25.0)
2025-02-19T15:38:13.6226570Z Requirement already satisfied: jupyterlab-widgets<3,>=1.0.0 in /Users/runner/micromamba/envs/tardis/lib/python3.12/site-packages (from ipywidgets>=7.0.0->qgridnext) (1.1.7)
2025-02-19T15:38:13.6509460Z Requirement already satisfied: python-dateutil>=2.8.2 in /Users/runner/micromamba/envs/tardis/lib/python3.12/site-packages (from pandas>=0.20.0->qgridnext) (2.9.0)
2025-02-19T15:38:13.6519750Z Requirement already satisfied: pytz>=2020.1 in /Users/runner/micromamba/envs/tardis/lib/python3.12/site-packages (from pandas>=0.20.0->qgridnext) (2024.1)
2025-02-19T15:38:13.6526330Z Requirement already satisfied: tzdata>=2022.7 in /Users/runner/micromamba/envs/tardis/lib/python3.12/site-packages (from pandas>=0.20.0->qgridnext) (2024.1)
2025-02-19T15:38:13.6732420Z Requirement already satisfied: decorator in /Users/runner/micromamba/envs/tardis/lib/python3.12/site-packages (from ipython>=4.0.0->ipywidgets>=7.0.0->qgridnext) (5.1.1)
2025-02-19T15:38:13.6744970Z Requirement already satisfied: jedi>=0.16 in /Users/runner/micromamba/envs/tardis/lib/python3.12/site-packages (from ipython>=4.0.0->ipywidgets>=7.0.0->qgridnext) (0.19.1)
2025-02-19T15:38:13.6753000Z Requirement already satisfied: matplotlib-inline in /Users/runner/micromamba/envs/tardis/lib/python3.12/site-packages (from ipython>=4.0.0->ipywidgets>=7.0.0->qgridnext) (0.1.7)
2025-02-19T15:38:13.6762410Z Requirement already satisfied: prompt-toolkit<3.1.0,>=3.0.41 in /Users/runner/micromamba/envs/tardis/lib/python3.12/site-packages (from ipython>=4.0.0->ipywidgets>=7.0.0->qgridnext) (3.0.47)
2025-02-19T15:38:13.6769400Z Requirement already satisfied: pygments>=2.4.0 in /Users/runner/micromamba/envs/tardis/lib/python3.12/site-packages (from ipython>=4.0.0->ipywidgets>=7.0.0->qgridnext) (2.18.0)
2025-02-19T15:38:13.6774430Z Requirement already satisfied: stack-data in /Users/runner/micromamba/envs/tardis/lib/python3.12/site-packages (from ipython>=4.0.0->ipywidgets>=7.0.0->qgridnext) (0.6.2)
2025-02-19T15:38:13.6786930Z Requirement already satisfied: pexpect>4.3 in /Users/runner/micromamba/envs/tardis/lib/python3.12/site-packages (from ipython>=4.0.0->ipywidgets>=7.0.0->qgridnext) (4.9.0)
2025-02-19T15:38:13.6816490Z Requirement already satisfied: six>=1.5 in /Users/runner/micromamba/envs/tardis/lib/python3.12/site-packages (from python-dateutil>=2.8.2->pandas>=0.20.0->qgridnext) (1.16.0)
2025-02-19T15:38:13.6853400Z Requirement already satisfied: notebook>=4.4.1 in /Users/runner/micromamba/envs/tardis/lib/python3.12/site-packages (from widgetsnbextension~=3.6.5->ipywidgets>=7.0.0->qgridnext) (7.2.1)
2025-02-19T15:38:13.6980080Z Requirement already satisfied: parso<0.9.0,>=0.8.3 in /Users/runner/micromamba/envs/tardis/lib/python3.12/site-packages (from jedi>=0.16->ipython>=4.0.0->ipywidgets>=7.0.0->qgridnext) (0.8.4)
2025-02-19T15:38:13.7085340Z Requirement already satisfied: jupyter-server<3,>=2.4.0 in /Users/runner/micromamba/envs/tardis/lib/python3.12/site-packages (from notebook>=4.4.1->widgetsnbextension~=3.6.5->ipywidgets>=7.0.0->qgridnext) (2.14.1)
2025-02-19T15:38:13.7185680Z Requirement already satisfied: jupyterlab-server<3,>=2.27.1 in /Users/runner/micromamba/envs/tardis/lib/python3.12/site-packages (from notebook>=4.4.1->widgetsnbextension~=3.6.5->ipywidgets>=7.0.0->qgridnext) (2.27.2)
2025-02-19T15:38:13.7287700Z Requirement already satisfied: jupyterlab<4.3,>=4.2.0 in /Users/runner/micromamba/envs/tardis/lib/python3.12/site-packages (from notebook>=4.4.1->widgetsnbextension~=3.6.5->ipywidgets>=7.0.0->qgridnext) (4.2.2)
2025-02-19T15:38:13.7388450Z Requirement already satisfied: notebook-shim<0.3,>=0.2 in /Users/runner/micromamba/envs/tardis/lib/python3.12/site-packages (from notebook>=4.4.1->widgetsnbextension~=3.6.5->ipywidgets>=7.0.0->qgridnext) (0.2.4)
2025-02-19T15:38:13.7493000Z Requirement already satisfied: tornado>=6.2.0 in /Users/runner/micromamba/envs/tardis/lib/python3.12/site-packages (from notebook>=4.4.1->widgetsnbextension~=3.6.5->ipywidgets>=7.0.0->qgridnext) (6.4.1)
2025-02-19T15:38:13.7595230Z Requirement already satisfied: ptyprocess>=0.5 in /Users/runner/micromamba/envs/tardis/lib/python3.12/site-packages (from pexpect>4.3->ipython>=4.0.0->ipywidgets>=7.0.0->qgridnext) (0.7.0)
2025-02-19T15:38:13.7720360Z Requirement already satisfied: wcwidth in /Users/runner/micromamba/envs/tardis/lib/python3.12/site-packages (from prompt-toolkit<3.1.0,>=3.0.41->ipython>=4.0.0->ipywidgets>=7.0.0->qgridnext) (0.2.13)
2025-02-19T15:38:13.7836370Z Requirement already satisfied: executing>=1.2.0 in /Users/runner/micromamba/envs/tardis/lib/python3.12/site-packages (from stack-data->ipython>=4.0.0->ipywidgets>=7.0.0->qgridnext) (2.0.1)
2025-02-19T15:38:13.7936280Z Requirement already satisfied: asttokens>=2.1.0 in /Users/runner/micromamba/envs/tardis/lib/python3.12/site-packages (from stack-data->ipython>=4.0.0->ipywidgets>=7.0.0->qgridnext) (2.4.1)
2025-02-19T15:38:13.8047360Z Requirement already satisfied: pure-eval in /Users/runner/micromamba/envs/tardis/lib/python3.12/site-packages (from stack-data->ipython>=4.0.0->ipywidgets>=7.0.0->qgridnext) (0.2.2)
2025-02-19T15:38:13.8149740Z Requirement already satisfied: anyio>=3.1.0 in /Users/runner/micromamba/envs/tardis/lib/python3.12/site-packages (from jupyter-server<3,>=2.4.0->notebook>=4.4.1->widgetsnbextension~=3.6.5->ipywidgets>=7.0.0->qgridnext) (4.4.0)
2025-02-19T15:38:13.8252120Z Requirement already satisfied: argon2-cffi>=21.1 in /Users/runner/micromamba/envs/tardis/lib/python3.12/site-packages (from jupyter-server<3,>=2.4.0->notebook>=4.4.1->widgetsnbextension~=3.6.5->ipywidgets>=7.0.0->qgridnext) (23.1.0)
2025-02-19T15:38:13.8282000Z Requirement already satisfied: jinja2>=3.0.3 in /Users/runner/micromamba/envs/tardis/lib/python3.12/site-packages (from jupyter-server<3,>=2.4.0->notebook>=4.4.1->widgetsnbextension~=3.6.5->ipywidgets>=7.0.0->qgridnext) (3.1.4)
2025-02-19T15:38:13.8283430Z Requirement already satisfied: jupyter-client>=7.4.4 in /Users/runner/micromamba/envs/tardis/lib/python3.12/site-packages (from jupyter-server<3,>=2.4.0->notebook>=4.4.1->widgetsnbextension~=3.6.5->ipywidgets>=7.0.0->qgridnext) (8.6.2)
2025-02-19T15:38:13.8284990Z Requirement already satisfied: jupyter-core!=5.0.*,>=4.12 in /Users/runner/micromamba/envs/tardis/lib/python3.12/site-packages (from jupyter-server<3,>=2.4.0->notebook>=4.4.1->widgetsnbextension~=3.6.5->ipywidgets>=7.0.0->qgridnext) (5.7.2)
2025-02-19T15:38:13.8294670Z Requirement already satisfied: jupyter-events>=0.9.0 in /Users/runner/micromamba/envs/tardis/lib/python3.12/site-packages (from jupyter-server<3,>=2.4.0->notebook>=4.4.1->widgetsnbextension~=3.6.5->ipywidgets>=7.0.0->qgridnext) (0.10.0)
2025-02-19T15:38:13.8296090Z Requirement already satisfied: jupyter-server-terminals>=0.4.4 in /Users/runner/micromamba/envs/tardis/lib/python3.12/site-packages (from jupyter-server<3,>=2.4.0->notebook>=4.4.1->widgetsnbextension~=3.6.5->ipywidgets>=7.0.0->qgridnext) (0.5.3)
2025-02-19T15:38:13.8297550Z Requirement already satisfied: nbconvert>=6.4.4 in /Users/runner/micromamba/envs/tardis/lib/python3.12/site-packages (from jupyter-server<3,>=2.4.0->notebook>=4.4.1->widgetsnbextension~=3.6.5->ipywidgets>=7.0.0->qgridnext) (7.16.4)
2025-02-19T15:38:13.8298770Z Requirement already satisfied: nbformat>=5.3.0 in /Users/runner/micromamba/envs/tardis/lib/python3.12/site-packages (from jupyter-server<3,>=2.4.0->notebook>=4.4.1->widgetsnbextension~=3.6.5->ipywidgets>=7.0.0->qgridnext) (5.10.4)
2025-02-19T15:38:13.8300240Z Requirement already satisfied: overrides>=5.0 in /Users/runner/micromamba/envs/tardis/lib/python3.12/site-packages (from jupyter-server<3,>=2.4.0->notebook>=4.4.1->widgetsnbextension~=3.6.5->ipywidgets>=7.0.0->qgridnext) (7.7.0)
2025-02-19T15:38:13.8302040Z Requirement already satisfied: packaging>=22.0 in /Users/runner/micromamba/envs/tardis/lib/python3.12/site-packages (from jupyter-server<3,>=2.4.0->notebook>=4.4.1->widgetsnbextension~=3.6.5->ipywidgets>=7.0.0->qgridnext) (24.1)
2025-02-19T15:38:13.8303300Z Requirement already satisfied: prometheus-client>=0.9 in /Users/runner/micromamba/envs/tardis/lib/python3.12/site-packages (from jupyter-server<3,>=2.4.0->notebook>=4.4.1->widgetsnbextension~=3.6.5->ipywidgets>=7.0.0->qgridnext) (0.20.0)
2025-02-19T15:38:13.8304540Z Requirement already satisfied: pyzmq>=24 in /Users/runner/micromamba/envs/tardis/lib/python3.12/site-packages (from jupyter-server<3,>=2.4.0->notebook>=4.4.1->widgetsnbextension~=3.6.5->ipywidgets>=7.0.0->qgridnext) (26.0.3)
2025-02-19T15:38:13.8305880Z Requirement already satisfied: send2trash>=1.8.2 in /Users/runner/micromamba/envs/tardis/lib/python3.12/site-packages (from jupyter-server<3,>=2.4.0->notebook>=4.4.1->widgetsnbextension~=3.6.5->ipywidgets>=7.0.0->qgridnext) (1.8.3)
2025-02-19T15:38:13.8307160Z Requirement already satisfied: terminado>=0.8.3 in /Users/runner/micromamba/envs/tardis/lib/python3.12/site-packages (from jupyter-server<3,>=2.4.0->notebook>=4.4.1->widgetsnbextension~=3.6.5->ipywidgets>=7.0.0->qgridnext) (0.18.1)
2025-02-19T15:38:13.8311050Z Requirement already satisfied: websocket-client>=1.7 in /Users/runner/micromamba/envs/tardis/lib/python3.12/site-packages (from jupyter-server<3,>=2.4.0->notebook>=4.4.1->widgetsnbextension~=3.6.5->ipywidgets>=7.0.0->qgridnext) (1.8.0)
2025-02-19T15:38:13.8312380Z Requirement already satisfied: async-lru>=1.0.0 in /Users/runner/micromamba/envs/tardis/lib/python3.12/site-packages (from jupyterlab<4.3,>=4.2.0->notebook>=4.4.1->widgetsnbextension~=3.6.5->ipywidgets>=7.0.0->qgridnext) (2.0.4)
2025-02-19T15:38:13.8313620Z Requirement already satisfied: httpx>=0.25.0 in /Users/runner/micromamba/envs/tardis/lib/python3.12/site-packages (from jupyterlab<4.3,>=4.2.0->notebook>=4.4.1->widgetsnbextension~=3.6.5->ipywidgets>=7.0.0->qgridnext) (0.27.0)
2025-02-19T15:38:13.8315510Z Requirement already satisfied: ipykernel>=6.5.0 in /Users/runner/micromamba/envs/tardis/lib/python3.12/site-packages (from jupyterlab<4.3,>=4.2.0->notebook>=4.4.1->widgetsnbextension~=3.6.5->ipywidgets>=7.0.0->qgridnext) (6.29.4)
2025-02-19T15:38:13.8316840Z Requirement already satisfied: jupyter-lsp>=2.0.0 in /Users/runner/micromamba/envs/tardis/lib/python3.12/site-packages (from jupyterlab<4.3,>=4.2.0->notebook>=4.4.1->widgetsnbextension~=3.6.5->ipywidgets>=7.0.0->qgridnext) (2.2.5)
2025-02-19T15:38:13.8318170Z Requirement already satisfied: setuptools>=40.1.0 in /Users/runner/micromamba/envs/tardis/lib/python3.12/site-packages (from jupyterlab<4.3,>=4.2.0->notebook>=4.4.1->widgetsnbextension~=3.6.5->ipywidgets>=7.0.0->qgridnext) (70.0.0)
2025-02-19T15:38:13.8337240Z Requirement already satisfied: babel>=2.10 in /Users/runner/micromamba/envs/tardis/lib/python3.12/site-packages (from jupyterlab-server<3,>=2.27.1->notebook>=4.4.1->widgetsnbextension~=3.6.5->ipywidgets>=7.0.0->qgridnext) (2.14.0)
2025-02-19T15:38:13.8358590Z Requirement already satisfied: json5>=0.9.0 in /Users/runner/micromamba/envs/tardis/lib/python3.12/site-packages (from jupyterlab-server<3,>=2.27.1->notebook>=4.4.1->widgetsnbextension~=3.6.5->ipywidgets>=7.0.0->qgridnext) (0.9.25)
2025-02-19T15:38:13.8366470Z Requirement already satisfied: jsonschema>=4.18.0 in /Users/runner/micromamba/envs/tardis/lib/python3.12/site-packages (from jupyterlab-server<3,>=2.27.1->notebook>=4.4.1->widgetsnbextension~=3.6.5->ipywidgets>=7.0.0->qgridnext) (4.22.0)
2025-02-19T15:38:13.8381300Z Requirement already satisfied: requests>=2.31 in /Users/runner/micromamba/envs/tardis/lib/python3.12/site-packages (from jupyterlab-server<3,>=2.27.1->notebook>=4.4.1->widgetsnbextension~=3.6.5->ipywidgets>=7.0.0->qgridnext) (2.32.3)
2025-02-19T15:38:13.8651090Z Requirement already satisfied: idna>=2.8 in /Users/runner/micromamba/envs/tardis/lib/python3.12/site-packages (from anyio>=3.1.0->jupyter-server<3,>=2.4.0->notebook>=4.4.1->widgetsnbextension~=3.6.5->ipywidgets>=7.0.0->qgridnext) (3.7)
2025-02-19T15:38:13.8657260Z Requirement already satisfied: sniffio>=1.1 in /Users/runner/micromamba/envs/tardis/lib/python3.12/site-packages (from anyio>=3.1.0->jupyter-server<3,>=2.4.0->notebook>=4.4.1->widgetsnbextension~=3.6.5->ipywidgets>=7.0.0->qgridnext) (1.3.1)
2025-02-19T15:38:13.8724340Z Requirement already satisfied: argon2-cffi-bindings in /Users/runner/micromamba/envs/tardis/lib/python3.12/site-packages (from argon2-cffi>=21.1->jupyter-server<3,>=2.4.0->notebook>=4.4.1->widgetsnbextension~=3.6.5->ipywidgets>=7.0.0->qgridnext) (21.2.0)
2025-02-19T15:38:13.8841410Z Requirement already satisfied: certifi in /Users/runner/micromamba/envs/tardis/lib/python3.12/site-packages (from httpx>=0.25.0->jupyterlab<4.3,>=4.2.0->notebook>=4.4.1->widgetsnbextension~=3.6.5->ipywidgets>=7.0.0->qgridnext) (2024.6.2)
2025-02-19T15:38:13.8851350Z Requirement already satisfied: httpcore==1.* in /Users/runner/micromamba/envs/tardis/lib/python3.12/site-packages (from httpx>=0.25.0->jupyterlab<4.3,>=4.2.0->notebook>=4.4.1->widgetsnbextension~=3.6.5->ipywidgets>=7.0.0->qgridnext) (1.0.5)
2025-02-19T15:38:13.8906560Z Requirement already satisfied: h11<0.15,>=0.13 in /Users/runner/micromamba/envs/tardis/lib/python3.12/site-packages (from httpcore==1.*->httpx>=0.25.0->jupyterlab<4.3,>=4.2.0->notebook>=4.4.1->widgetsnbextension~=3.6.5->ipywidgets>=7.0.0->qgridnext) (0.14.0)
2025-02-19T15:38:13.9062530Z Requirement already satisfied: appnope in /Users/runner/micromamba/envs/tardis/lib/python3.12/site-packages (from ipykernel>=6.5.0->jupyterlab<4.3,>=4.2.0->notebook>=4.4.1->widgetsnbextension~=3.6.5->ipywidgets>=7.0.0->qgridnext) (0.1.4)
2025-02-19T15:38:13.9071830Z Requirement already satisfied: debugpy>=1.6.5 in /Users/runner/micromamba/envs/tardis/lib/python3.12/site-packages (from ipykernel>=6.5.0->jupyterlab<4.3,>=4.2.0->notebook>=4.4.1->widgetsnbextension~=3.6.5->ipywidgets>=7.0.0->qgridnext) (1.8.1)
2025-02-19T15:38:13.9088630Z Requirement already satisfied: nest-asyncio in /Users/runner/micromamba/envs/tardis/lib/python3.12/site-packages (from ipykernel>=6.5.0->jupyterlab<4.3,>=4.2.0->notebook>=4.4.1->widgetsnbextension~=3.6.5->ipywidgets>=7.0.0->qgridnext) (1.6.0)
2025-02-19T15:38:13.9100200Z Requirement already satisfied: psutil in /Users/runner/micromamba/envs/tardis/lib/python3.12/site-packages (from ipykernel>=6.5.0->jupyterlab<4.3,>=4.2.0->notebook>=4.4.1->widgetsnbextension~=3.6.5->ipywidgets>=7.0.0->qgridnext) (5.9.8)
2025-02-19T15:38:13.9147950Z Requirement already satisfied: MarkupSafe>=2.0 in /Users/runner/micromamba/envs/tardis/lib/python3.12/site-packages (from jinja2>=3.0.3->jupyter-server<3,>=2.4.0->notebook>=4.4.1->widgetsnbextension~=3.6.5->ipywidgets>=7.0.0->qgridnext) (2.1.5)
2025-02-19T15:38:13.9322220Z Requirement already satisfied: attrs>=22.2.0 in /Users/runner/micromamba/envs/tardis/lib/python3.12/site-packages (from jsonschema>=4.18.0->jupyterlab-server<3,>=2.27.1->notebook>=4.4.1->widgetsnbextension~=3.6.5->ipywidgets>=7.0.0->qgridnext) (23.2.0)
2025-02-19T15:38:13.9425720Z Requirement already satisfied: jsonschema-specifications>=2023.03.6 in /Users/runner/micromamba/envs/tardis/lib/python3.12/site-packages (from jsonschema>=4.18.0->jupyterlab-server<3,>=2.27.1->notebook>=4.4.1->widgetsnbextension~=3.6.5->ipywidgets>=7.0.0->qgridnext) (2023.12.1)
2025-02-19T15:38:13.9486660Z Requirement already satisfied: referencing>=0.28.4 in /Users/runner/micromamba/envs/tardis/lib/python3.12/site-packages (from jsonschema>=4.18.0->jupyterlab-server<3,>=2.27.1->notebook>=4.4.1->widgetsnbextension~=3.6.5->ipywidgets>=7.0.0->qgridnext) (0.35.1)
2025-02-19T15:38:13.9489770Z Requirement already satisfied: rpds-py>=0.7.1 in /Users/runner/micromamba/envs/tardis/lib/python3.12/site-packages (from jsonschema>=4.18.0->jupyterlab-server<3,>=2.27.1->notebook>=4.4.1->widgetsnbextension~=3.6.5->ipywidgets>=7.0.0->qgridnext) (0.18.1)
2025-02-19T15:38:13.9599650Z Requirement already satisfied: platformdirs>=2.5 in /Users/runner/micromamba/envs/tardis/lib/python3.12/site-packages (from jupyter-core!=5.0.*,>=4.12->jupyter-server<3,>=2.4.0->notebook>=4.4.1->widgetsnbextension~=3.6.5->ipywidgets>=7.0.0->qgridnext) (4.2.2)
2025-02-19T15:38:13.9709900Z Requirement already satisfied: python-json-logger>=2.0.4 in /Users/runner/micromamba/envs/tardis/lib/python3.12/site-packages (from jupyter-events>=0.9.0->jupyter-server<3,>=2.4.0->notebook>=4.4.1->widgetsnbextension~=3.6.5->ipywidgets>=7.0.0->qgridnext) (2.0.7)
2025-02-19T15:38:13.9717650Z Requirement already satisfied: pyyaml>=5.3 in /Users/runner/micromamba/envs/tardis/lib/python3.12/site-packages (from jupyter-events>=0.9.0->jupyter-server<3,>=2.4.0->notebook>=4.4.1->widgetsnbextension~=3.6.5->ipywidgets>=7.0.0->qgridnext) (6.0.1)
2025-02-19T15:38:13.9723430Z Requirement already satisfied: rfc3339-validator in /Users/runner/micromamba/envs/tardis/lib/python3.12/site-packages (from jupyter-events>=0.9.0->jupyter-server<3,>=2.4.0->notebook>=4.4.1->widgetsnbextension~=3.6.5->ipywidgets>=7.0.0->qgridnext) (0.1.4)
2025-02-19T15:38:13.9728650Z Requirement already satisfied: rfc3986-validator>=0.1.1 in /Users/runner/micromamba/envs/tardis/lib/python3.12/site-packages (from jupyter-events>=0.9.0->jupyter-server<3,>=2.4.0->notebook>=4.4.1->widgetsnbextension~=3.6.5->ipywidgets>=7.0.0->qgridnext) (0.1.1)
2025-02-19T15:38:14.0036370Z Requirement already satisfied: beautifulsoup4 in /Users/runner/micromamba/envs/tardis/lib/python3.12/site-packages (from nbconvert>=6.4.4->jupyter-server<3,>=2.4.0->notebook>=4.4.1->widgetsnbextension~=3.6.5->ipywidgets>=7.0.0->qgridnext) (4.12.3)
2025-02-19T15:38:14.0050550Z Requirement already satisfied: bleach!=5.0.0 in /Users/runner/micromamba/envs/tardis/lib/python3.12/site-packages (from nbconvert>=6.4.4->jupyter-server<3,>=2.4.0->notebook>=4.4.1->widgetsnbextension~=3.6.5->ipywidgets>=7.0.0->qgridnext) (6.1.0)
2025-02-19T15:38:14.0058990Z Requirement already satisfied: defusedxml in /Users/runner/micromamba/envs/tardis/lib/python3.12/site-packages (from nbconvert>=6.4.4->jupyter-server<3,>=2.4.0->notebook>=4.4.1->widgetsnbextension~=3.6.5->ipywidgets>=7.0.0->qgridnext) (0.7.1)
2025-02-19T15:38:14.0073430Z Requirement already satisfied: jupyterlab-pygments in /Users/runner/micromamba/envs/tardis/lib/python3.12/site-packages (from nbconvert>=6.4.4->jupyter-server<3,>=2.4.0->notebook>=4.4.1->widgetsnbextension~=3.6.5->ipywidgets>=7.0.0->qgridnext) (0.3.0)
2025-02-19T15:38:14.0082060Z Requirement already satisfied: mistune<4,>=2.0.3 in /Users/runner/micromamba/envs/tardis/lib/python3.12/site-packages (from nbconvert>=6.4.4->jupyter-server<3,>=2.4.0->notebook>=4.4.1->widgetsnbextension~=3.6.5->ipywidgets>=7.0.0->qgridnext) (3.0.2)
2025-02-19T15:38:14.0104340Z Requirement already satisfied: nbclient>=0.5.0 in /Users/runner/micromamba/envs/tardis/lib/python3.12/site-packages (from nbconvert>=6.4.4->jupyter-server<3,>=2.4.0->notebook>=4.4.1->widgetsnbextension~=3.6.5->ipywidgets>=7.0.0->qgridnext) (0.10.0)
2025-02-19T15:38:14.0118400Z Requirement already satisfied: pandocfilters>=1.4.1 in /Users/runner/micromamba/envs/tardis/lib/python3.12/site-packages (from nbconvert>=6.4.4->jupyter-server<3,>=2.4.0->notebook>=4.4.1->widgetsnbextension~=3.6.5->ipywidgets>=7.0.0->qgridnext) (1.5.0)
2025-02-19T15:38:14.0125610Z Requirement already satisfied: tinycss2 in /Users/runner/micromamba/envs/tardis/lib/python3.12/site-packages (from nbconvert>=6.4.4->jupyter-server<3,>=2.4.0->notebook>=4.4.1->widgetsnbextension~=3.6.5->ipywidgets>=7.0.0->qgridnext) (1.3.0)
2025-02-19T15:38:14.0208210Z Requirement already satisfied: fastjsonschema>=2.15 in /Users/runner/micromamba/envs/tardis/lib/python3.12/site-packages (from nbformat>=5.3.0->jupyter-server<3,>=2.4.0->notebook>=4.4.1->widgetsnbextension~=3.6.5->ipywidgets>=7.0.0->qgridnext) (2.20.0)
2025-02-19T15:38:14.0462550Z Requirement already satisfied: charset-normalizer<4,>=2 in /Users/runner/micromamba/envs/tardis/lib/python3.12/site-packages (from requests>=2.31->jupyterlab-server<3,>=2.27.1->notebook>=4.4.1->widgetsnbextension~=3.6.5->ipywidgets>=7.0.0->qgridnext) (3.3.2)
2025-02-19T15:38:14.0482580Z Requirement already satisfied: urllib3<3,>=1.21.1 in /Users/runner/micromamba/envs/tardis/lib/python3.12/site-packages (from requests>=2.31->jupyterlab-server<3,>=2.27.1->notebook>=4.4.1->widgetsnbextension~=3.6.5->ipywidgets>=7.0.0->qgridnext) (2.2.2)
2025-02-19T15:38:14.1035910Z Requirement already satisfied: webencodings in /Users/runner/micromamba/envs/tardis/lib/python3.12/site-packages (from bleach!=5.0.0->nbconvert>=6.4.4->jupyter-server<3,>=2.4.0->notebook>=4.4.1->widgetsnbextension~=3.6.5->ipywidgets>=7.0.0->qgridnext) (0.5.1)
2025-02-19T15:38:14.1609600Z Requirement already satisfied: fqdn in /Users/runner/micromamba/envs/tardis/lib/python3.12/site-packages (from jsonschema[format-nongpl]>=4.18.0->jupyter-events>=0.9.0->jupyter-server<3,>=2.4.0->notebook>=4.4.1->widgetsnbextension~=3.6.5->ipywidgets>=7.0.0->qgridnext) (1.5.1)
2025-02-19T15:38:14.1620190Z Requirement already satisfied: isoduration in /Users/runner/micromamba/envs/tardis/lib/python3.12/site-packages (from jsonschema[format-nongpl]>=4.18.0->jupyter-events>=0.9.0->jupyter-server<3,>=2.4.0->notebook>=4.4.1->widgetsnbextension~=3.6.5->ipywidgets>=7.0.0->qgridnext) (20.11.0)
2025-02-19T15:38:14.1630960Z Requirement already satisfied: jsonpointer>1.13 in /Users/runner/micromamba/envs/tardis/lib/python3.12/site-packages (from jsonschema[format-nongpl]>=4.18.0->jupyter-events>=0.9.0->jupyter-server<3,>=2.4.0->notebook>=4.4.1->widgetsnbextension~=3.6.5->ipywidgets>=7.0.0->qgridnext) (3.0.0)
2025-02-19T15:38:14.1643680Z Requirement already satisfied: uri-template in /Users/runner/micromamba/envs/tardis/lib/python3.12/site-packages (from jsonschema[format-nongpl]>=4.18.0->jupyter-events>=0.9.0->jupyter-server<3,>=2.4.0->notebook>=4.4.1->widgetsnbextension~=3.6.5->ipywidgets>=7.0.0->qgridnext) (1.3.0)
2025-02-19T15:38:14.1652300Z Requirement already satisfied: webcolors>=1.11 in /Users/runner/micromamba/envs/tardis/lib/python3.12/site-packages (from jsonschema[format-nongpl]>=4.18.0->jupyter-events>=0.9.0->jupyter-server<3,>=2.4.0->notebook>=4.4.1->widgetsnbextension~=3.6.5->ipywidgets>=7.0.0->qgridnext) (24.6.0)
2025-02-19T15:38:14.2509670Z Requirement already satisfied: cffi>=1.0.1 in /Users/runner/micromamba/envs/tardis/lib/python3.12/site-packages (from argon2-cffi-bindings->argon2-cffi>=21.1->jupyter-server<3,>=2.4.0->notebook>=4.4.1->widgetsnbextension~=3.6.5->ipywidgets>=7.0.0->qgridnext) (1.16.0)
2025-02-19T15:38:14.2584880Z Requirement already satisfied: soupsieve>1.2 in /Users/runner/micromamba/envs/tardis/lib/python3.12/site-packages (from beautifulsoup4->nbconvert>=6.4.4->jupyter-server<3,>=2.4.0->notebook>=4.4.1->widgetsnbextension~=3.6.5->ipywidgets>=7.0.0->qgridnext) (2.5)
2025-02-19T15:38:14.3041420Z Requirement already satisfied: pycparser in /Users/runner/micromamba/envs/tardis/lib/python3.12/site-packages (from cffi>=1.0.1->argon2-cffi-bindings->argon2-cffi>=21.1->jupyter-server<3,>=2.4.0->notebook>=4.4.1->widgetsnbextension~=3.6.5->ipywidgets>=7.0.0->qgridnext) (2.22)
2025-02-19T15:38:14.3478120Z Requirement already satisfied: arrow>=0.15.0 in /Users/runner/micromamba/envs/tardis/lib/python3.12/site-packages (from isoduration->jsonschema[format-nongpl]>=4.18.0->jupyter-events>=0.9.0->jupyter-server<3,>=2.4.0->notebook>=4.4.1->widgetsnbextension~=3.6.5->ipywidgets>=7.0.0->qgridnext) (1.3.0)
2025-02-19T15:38:14.3850960Z Requirement already satisfied: types-python-dateutil>=2.8.10 in /Users/runner/micromamba/envs/tardis/lib/python3.12/site-packages (from arrow>=0.15.0->isoduration->jsonschema[format-nongpl]>=4.18.0->jupyter-events>=0.9.0->jupyter-server<3,>=2.4.0->notebook>=4.4.1->widgetsnbextension~=3.6.5->ipywidgets>=7.0.0->qgridnext) (2.9.0.20240316)
2025-02-19T15:38:14.4375700Z Downloading qgridnext-2.0.4-py3-none-any.whl (1.3 MB)
2025-02-19T15:38:14.5212890Z    ━━━━━━━━━━━━━━━━━━━━━━━━━━━━━━━━━━━━━━━━ 1.3/1.3 MB 16.1 MB/s eta 0:00:00
2025-02-19T15:38:15.2008600Z Installing collected packages: qgridnext
2025-02-19T15:38:15.3147570Z Successfully installed qgridnext-2.0.4
2025-02-19T15:38:15.5639630Z ##[group]Run pytest tardis --tardis-regression-data=/Users/runner/work/tardis/tardis/tardis-regression-data --cov=tardis --cov-report=xml --cov-report=html --cov-append -m "not continuum"
2025-02-19T15:38:15.5640610Z [36;1mpytest tardis --tardis-regression-data=/Users/runner/work/tardis/tardis/tardis-regression-data --cov=tardis --cov-report=xml --cov-report=html --cov-append -m "not continuum"[0m
2025-02-19T15:38:15.5707540Z shell: /bin/bash -l {0}
2025-02-19T15:38:15.5707870Z env:
2025-02-19T15:38:15.5708050Z   CACHE_NUMBER: 0
2025-02-19T15:38:15.5708580Z   PYTEST_FLAGS: --tardis-regression-data=/Users/runner/work/tardis/tardis/tardis-regression-data --cov=tardis --cov-report=xml --cov-report=html --cov-append
2025-02-19T15:38:15.5709120Z   CODECOV_TOKEN: 
2025-02-19T15:38:15.5709300Z   MAMBA_ROOT_PREFIX: /Users/runner/micromamba
2025-02-19T15:38:15.5709580Z   MAMBA_EXE: /Users/runner/micromamba-bin/micromamba
2025-02-19T15:38:15.5709910Z   CONDARC: /Users/runner/work/_temp/setup-micromamba/.condarc
2025-02-19T15:38:15.5710260Z ##[endgroup]
2025-02-19T15:38:35.0271260Z ============================= test session starts ==============================
2025-02-19T15:38:35.0273380Z platform darwin -- Python 3.12.4, pytest-8.2.2, pluggy-1.5.0
2025-02-19T15:38:35.0274430Z rootdir: /Users/runner/work/tardis/tardis
2025-02-19T15:38:35.0274760Z configfile: pyproject.toml
2025-02-19T15:38:35.0275200Z plugins: cov-5.0.0, html-4.1.1, metadata-3.1.1, doctestplus-1.2.1, anyio-4.4.0
2025-02-19T15:38:35.0275670Z collected 1796 items / 2 deselected / 1794 selected
2025-02-19T15:38:35.0275990Z 
2025-02-19T15:38:38.9849040Z tardis/energy_input/tests/test_energy_source.py ..xxx                    [  0%]
2025-02-19T15:38:41.3727370Z tardis/energy_input/tests/test_gamma_ray_channel.py ...........          [  0%]
2025-02-19T15:38:42.4643540Z tardis/energy_input/tests/test_gamma_ray_grid.py xx.                     [  1%]
2025-02-19T15:38:43.6302690Z tardis/energy_input/tests/test_gamma_ray_interactions.py xx....          [  1%]
2025-02-19T15:38:43.6365620Z tardis/energy_input/tests/test_gamma_ray_packet_source.py sssssssss      [  1%]
2025-02-19T15:38:44.5769190Z tardis/energy_input/tests/test_util.py .....xxxx.....                    [  2%]
2025-02-19T15:38:44.8297240Z tardis/grid/tests/test_grid.py .                                         [  2%]
2025-02-19T15:38:44.8306380Z tardis/gui/tests/test_gui.py s                                           [  2%]
2025-02-19T15:38:48.7503520Z tardis/io/configuration/tests/test_config_reader.py ...........          [  3%]
2025-02-19T15:38:48.7636410Z tardis/io/configuration/tests/test_configuration_namespace.py .........  [  3%]
2025-02-19T15:38:48.8080090Z tardis/io/logger/tests/test_logging.py ssssssssssssssssssssssssssss      [  5%]
2025-02-19T15:39:21.6411190Z tardis/io/model/readers/tests/test_arepo_parser.py ..                    [  5%]
2025-02-19T15:39:21.6809470Z tardis/io/model/readers/tests/test_ascii_readers.py ...                  [  5%]
2025-02-19T15:39:21.7069660Z tardis/io/model/readers/tests/test_cmfgen_reader.py ..                   [  5%]
2025-02-19T15:39:21.7633850Z tardis/io/model/readers/tests/test_csvy_reader.py ....                   [  6%]
2025-02-19T15:39:21.7933780Z tardis/io/model/readers/tests/test_stella_reader.py ..                   [  6%]
2025-02-19T15:39:22.1416070Z tardis/io/tests/test_HDFWriter.py ...............                        [  7%]
2025-02-19T15:39:22.7269250Z tardis/io/tests/test_atomic.py .....                                     [  7%]
2025-02-19T15:39:22.7689710Z tardis/io/tests/test_decay.py ..                                         [  7%]
2025-02-19T15:39:22.9661550Z tardis/io/tests/test_model_reader.py ......                              [  7%]
2025-02-19T15:39:22.9711970Z tardis/model/geometry/tests/test_radial1d.py ..                          [  7%]
2025-02-19T15:39:55.5109950Z tardis/model/tests/test_base.py ........................................ [ 10%]
2025-02-19T15:39:56.2971960Z ............                                                             [ 10%]
2025-02-19T15:39:58.7874590Z tardis/model/tests/test_csvy_model.py .........                          [ 11%]
2025-02-19T15:39:58.8265370Z tardis/model/tests/test_density.py ..                                    [ 11%]
2025-02-19T15:40:00.4122750Z tardis/opacities/tests/test_opacity_solver.py .....                      [ 11%]
2025-02-19T15:40:01.7533780Z tardis/opacities/tests/test_opacity_state_numba.py .....                 [ 11%]
2025-02-19T15:40:04.2059310Z tardis/opacities/tests/test_tau_sobolev.py ..                            [ 12%]
2025-02-19T15:40:06.9616830Z tardis/plasma/equilibrium/tests/test_collisional_transitions.py ...      [ 12%]
2025-02-19T15:40:56.0904670Z tardis/plasma/equilibrium/tests/test_level_populations.py ....           [ 12%]
2025-02-19T15:41:07.3922560Z tardis/plasma/equilibrium/tests/test_rate_matrix.py .                    [ 12%]
2025-02-19T15:41:08.6855610Z tardis/plasma/tests/test_complete_plasmas.py ..............s......s..... [ 13%]
2025-02-19T15:41:11.1365020Z s....ssssss............s......s.....ss.....s....ssssss............s..... [ 18%]
2025-02-19T15:41:12.6390890Z .s.....ss.....s....ssssss............s......s.....ss.....s....ssssss.... [ 22%]
2025-02-19T15:41:15.5097340Z ........s......s.....ss.....s....ssssss............s......s.....ss.....s [ 26%]
2025-02-19T15:41:18.5946270Z ....ssssss............s......s.....ss.....s....ssssss............s...... [ 30%]
2025-02-19T15:41:19.2355420Z s.....ss.....s....ssssss............s......s.....ss.....s.ss.ssssss..... [ 34%]
2025-02-19T15:41:21.5606880Z .......s......s.....ss.....s....ssssss............s......s.....ss.....s. [ 38%]
2025-02-19T15:41:24.1965570Z ...ssssss............s......s.....ss.....s....ssssss............s......s [ 42%]
2025-02-19T15:41:26.7246470Z .....ss.....s....ssssss............s......s.....s...........ssssss...... [ 46%]
2025-02-19T15:41:28.1747510Z ......s......s.....s...........ssssss............s......s.....s......... [ 50%]
2025-02-19T15:41:30.3136490Z ..ssssss............s......s.....ss.....s....ssssss............s......s. [ 54%]
2025-02-19T15:41:33.4008250Z ....ss.....s....ssssss...................s......s.....s....ssss......... [ 58%]
2025-02-19T15:41:33.7550420Z ............s......s.....s....ssss.......                                [ 60%]
2025-02-19T15:41:34.1251480Z tardis/plasma/tests/test_hdf_plasma.py ................................. [ 62%]
2025-02-19T15:41:34.1485790Z ......                                                                   [ 62%]
2025-02-19T15:41:34.5611750Z tardis/plasma/tests/test_nlte_excitation.py ...                          [ 62%]
2025-02-19T15:41:55.0448790Z ##[error]The operation was canceled.
2025-02-19T15:41:55.0631760Z Post job cleanup.
2025-02-19T15:41:55.0739650Z Post job cleanup.
2025-02-19T15:41:55.6981680Z Will use pre-installed micromamba at /Users/runner/micromamba-bin/micromamba
2025-02-19T15:41:55.6982500Z Removing micromamba run shell ...
2025-02-19T15:41:55.6983000Z ##[group]Deinitialize micromamba for bash
2025-02-19T15:41:55.6983960Z [command]/Users/runner/micromamba-bin/micromamba shell deinit -s bash -r /Users/runner/micromamba --log-level warning --rc-file /Users/runner/work/_temp/setup-micromamba/.condarc
2025-02-19T15:41:55.6984690Z Resetting RC file "/Users/runner/.bash_profile"
2025-02-19T15:41:55.6984960Z Deleting config for root prefix 
2025-02-19T15:41:55.6985290Z Clearing mamba executable environment variable
2025-02-19T15:41:55.6985610Z Removing the following in your "/Users/runner/.bash_profile" file
2025-02-19T15:41:55.6986010Z # >>> mamba initialize >>>
2025-02-19T15:41:55.6986190Z ...
2025-02-19T15:41:55.6998960Z # <<< mamba initialize <<<
2025-02-19T15:41:55.7001230Z Removing environment tardis from auto-activate bash ...
2025-02-19T15:41:55.7157720Z Post job cleanup.
2025-02-19T15:41:55.7205870Z Post job cleanup.
2025-02-19T15:41:56.2261950Z [command]/opt/homebrew/bin/git version
2025-02-19T15:41:56.2345520Z git version 2.48.1
2025-02-19T15:41:56.2351190Z Copying '/Users/runner/.gitconfig' to '/Users/runner/work/_temp/a6b9f06e-ed25-43e3-bcb6-ab880d77aabb/.gitconfig'
2025-02-19T15:41:56.2352030Z Temporarily overriding HOME='/Users/runner/work/_temp/a6b9f06e-ed25-43e3-bcb6-ab880d77aabb' before making global git config changes
2025-02-19T15:41:56.2352700Z Adding repository directory to the temporary git global config as a safe directory
2025-02-19T15:41:56.2353410Z [command]/opt/homebrew/bin/git config --global --add safe.directory /Users/runner/work/tardis/tardis/tardis-regression-data
2025-02-19T15:41:56.2354570Z [command]/opt/homebrew/bin/git config --local --name-only --get-regexp core\.sshCommand
2025-02-19T15:41:56.2356040Z [command]/opt/homebrew/bin/git submodule foreach --recursive sh -c "git config --local --name-only --get-regexp 'core\.sshCommand' && git config --local --unset-all 'core.sshCommand' || :"
2025-02-19T15:41:56.2358550Z [command]/opt/homebrew/bin/git config --local --name-only --get-regexp http\.https\:\/\/github\.com\/\.extraheader
2025-02-19T15:41:56.2359060Z http.https://github.com/.extraheader
2025-02-19T15:41:56.2360030Z [command]/opt/homebrew/bin/git config --local --unset-all http.https://github.com/.extraheader
2025-02-19T15:41:56.2361540Z [command]/opt/homebrew/bin/git submodule foreach --recursive sh -c "git config --local --name-only --get-regexp 'http\.https\:\/\/github\.com\/\.extraheader' && git config --local --unset-all 'http.https://github.com/.extraheader' || :"
2025-02-19T15:41:56.2619700Z Post job cleanup.
2025-02-19T15:41:56.7813060Z [command]/opt/homebrew/bin/git version
2025-02-19T15:41:56.9255630Z git version 2.48.1
2025-02-19T15:41:57.2652040Z Copying '/Users/runner/.gitconfig' to '/Users/runner/work/_temp/5bc4a2e8-7cea-4457-9dd7-b44740ea50b4/.gitconfig'
2025-02-19T15:41:57.2806970Z Temporarily overriding HOME='/Users/runner/work/_temp/5bc4a2e8-7cea-4457-9dd7-b44740ea50b4' before making global git config changes
2025-02-19T15:41:57.3052200Z Adding repository directory to the temporary git global config as a safe directory
2025-02-19T15:41:57.3158290Z [command]/opt/homebrew/bin/git config --global --add safe.directory /Users/runner/work/tardis/tardis
2025-02-19T15:41:57.3492450Z [command]/opt/homebrew/bin/git config --local --name-only --get-regexp core\.sshCommand
2025-02-19T15:41:57.3531880Z [command]/opt/homebrew/bin/git submodule foreach --recursive sh -c "git config --local --name-only --get-regexp 'core\.sshCommand' && git config --local --unset-all 'core.sshCommand' || :"
2025-02-19T15:41:57.3533900Z [command]/opt/homebrew/bin/git config --local --name-only --get-regexp http\.https\:\/\/github\.com\/\.extraheader
2025-02-19T15:41:57.3534710Z http.https://github.com/.extraheader
2025-02-19T15:41:57.3536230Z [command]/opt/homebrew/bin/git config --local --unset-all http.https://github.com/.extraheader
2025-02-19T15:41:57.3538170Z [command]/opt/homebrew/bin/git submodule foreach --recursive sh -c "git config --local --name-only --get-regexp 'http\.https\:\/\/github\.com\/\.extraheader' && git config --local --unset-all 'http.https://github.com/.extraheader' || :"
2025-02-19T15:41:57.3640930Z Cleaning up orphan processes
2025-02-19T15:41:58.7919430Z Terminate orphan process: pid (3664) (python3.12)
2025-02-19T15:41:59.4957540Z Terminate orphan process: pid (3373) (python3.12)
