2025-01-14T21:54:56.8196509Z Requested labels: ubuntu-latest
2025-01-14T21:54:56.8196693Z Job defined at: tardis-sn/tardis/.github/workflows/tests.yml@refs/heads/master
2025-01-14T21:54:56.8196773Z Waiting for a runner to pick up this job...
2025-01-14T21:54:57.1811931Z Job is waiting for a hosted runner to come online.
2025-01-14T21:55:02.1397753Z Job is about to start running on the hosted runner: GitHub Actions 25 (hosted)
2025-01-14T21:55:04.2837448Z Current runner version: '2.321.0'
2025-01-14T21:55:04.2858981Z ##[group]Operating System
2025-01-14T21:55:04.2859818Z Ubuntu
2025-01-14T21:55:04.2860514Z 24.04.1
2025-01-14T21:55:04.2861033Z LTS
2025-01-14T21:55:04.2861529Z ##[endgroup]
2025-01-14T21:55:04.2862087Z ##[group]Runner Image
2025-01-14T21:55:04.2862690Z Image: ubuntu-24.04
2025-01-14T21:55:04.2863312Z Version: 20250105.1.0
2025-01-14T21:55:04.2864297Z Included Software: https://github.com/actions/runner-images/blob/ubuntu24/20250105.1/images/ubuntu/Ubuntu2404-Readme.md
2025-01-14T21:55:04.2865669Z Image Release: https://github.com/actions/runner-images/releases/tag/ubuntu24%2F20250105.1
2025-01-14T21:55:04.2866605Z ##[endgroup]
2025-01-14T21:55:04.2867139Z ##[group]Runner Image Provisioner
2025-01-14T21:55:04.2867694Z 2.0.414.1
2025-01-14T21:55:04.2868209Z ##[endgroup]
2025-01-14T21:55:04.2870501Z ##[group]GITHUB_TOKEN Permissions
2025-01-14T21:55:04.2872649Z Actions: write
2025-01-14T21:55:04.2873412Z Attestations: write
2025-01-14T21:55:04.2874072Z Checks: write
2025-01-14T21:55:04.2874580Z Contents: write
2025-01-14T21:55:04.2875100Z Deployments: write
2025-01-14T21:55:04.2875674Z Discussions: write
2025-01-14T21:55:04.2876147Z Issues: write
2025-01-14T21:55:04.2876633Z Metadata: read
2025-01-14T21:55:04.2877200Z Packages: write
2025-01-14T21:55:04.2877675Z Pages: write
2025-01-14T21:55:04.2878176Z PullRequests: write
2025-01-14T21:55:04.2878772Z RepositoryProjects: write
2025-01-14T21:55:04.2879347Z SecurityEvents: write
2025-01-14T21:55:04.2879835Z Statuses: write
2025-01-14T21:55:04.2880562Z ##[endgroup]
2025-01-14T21:55:04.2883724Z Secret source: Actions
2025-01-14T21:55:04.2884710Z Prepare workflow directory
2025-01-14T21:55:04.3377216Z Prepare all required actions
2025-01-14T21:55:04.3412305Z Getting action download info
2025-01-14T21:55:04.5361201Z Download action repository 'actions/checkout@v4' (SHA:11bd71901bbe5b1630ceea73d27597364c9af683)
2025-01-14T21:55:04.6265200Z Download action repository 'actions/upload-artifact@v4' (SHA:65c4c4a1ddee5b72f698fdd19549f0f0fb45cf08)
2025-01-14T21:55:05.2916005Z Complete job name:  continuum ubuntu-latest 
2025-01-14T21:55:05.3535068Z ##[group]Run actions/checkout@v4
2025-01-14T21:55:05.3535889Z with:
2025-01-14T21:55:05.3536287Z   repository: tardis-sn/tardis
2025-01-14T21:55:05.3536915Z   token: ***
2025-01-14T21:55:05.3537286Z   ssh-strict: true
2025-01-14T21:55:05.3537687Z   ssh-user: git
2025-01-14T21:55:05.3538089Z   persist-credentials: true
2025-01-14T21:55:05.3538533Z   clean: true
2025-01-14T21:55:05.3538929Z   sparse-checkout-cone-mode: true
2025-01-14T21:55:05.3539406Z   fetch-depth: 1
2025-01-14T21:55:05.3539808Z   fetch-tags: false
2025-01-14T21:55:05.3540430Z   show-progress: true
2025-01-14T21:55:05.3540842Z   lfs: false
2025-01-14T21:55:05.3541230Z   submodules: false
2025-01-14T21:55:05.3541637Z   set-safe-directory: true
2025-01-14T21:55:05.3542317Z env:
2025-01-14T21:55:05.3542682Z   CACHE_NUMBER: 0
2025-01-14T21:55:05.3543815Z   PYTEST_FLAGS: --tardis-regression-data=/home/runner/work/tardis/tardis/tardis-regression-data --cov=tardis --cov-report=xml --cov-report=html --cov-append
2025-01-14T21:55:05.3545161Z   CODECOV_TOKEN: ***
2025-01-14T21:55:05.3545565Z ##[endgroup]
2025-01-14T21:55:05.5507128Z Syncing repository: tardis-sn/tardis
2025-01-14T21:55:05.5508875Z ##[group]Getting Git version info
2025-01-14T21:55:05.5509608Z Working directory is '/home/runner/work/tardis/tardis'
2025-01-14T21:55:05.5510855Z [command]/usr/bin/git version
2025-01-14T21:55:05.5555846Z git version 2.47.1
2025-01-14T21:55:05.5583204Z ##[endgroup]
2025-01-14T21:55:05.5596825Z Temporarily overriding HOME='/home/runner/work/_temp/d168e092-70c7-42fd-8784-ff9106622fd9' before making global git config changes
2025-01-14T21:55:05.5608897Z Adding repository directory to the temporary git global config as a safe directory
2025-01-14T21:55:05.5610872Z [command]/usr/bin/git config --global --add safe.directory /home/runner/work/tardis/tardis
2025-01-14T21:55:05.5641837Z Deleting the contents of '/home/runner/work/tardis/tardis'
2025-01-14T21:55:05.5645621Z ##[group]Initializing the repository
2025-01-14T21:55:05.5649264Z [command]/usr/bin/git init /home/runner/work/tardis/tardis
2025-01-14T21:55:05.5707068Z hint: Using 'master' as the name for the initial branch. This default branch name
2025-01-14T21:55:05.5709504Z hint: is subject to change. To configure the initial branch name to use in all
2025-01-14T21:55:05.5711538Z hint: of your new repositories, which will suppress this warning, call:
2025-01-14T21:55:05.5713151Z hint:
2025-01-14T21:55:05.5714128Z hint: 	git config --global init.defaultBranch <name>
2025-01-14T21:55:05.5715505Z hint:
2025-01-14T21:55:05.5716744Z hint: Names commonly chosen instead of 'master' are 'main', 'trunk' and
2025-01-14T21:55:05.5718465Z hint: 'development'. The just-created branch can be renamed via this command:
2025-01-14T21:55:05.5719657Z hint:
2025-01-14T21:55:05.5720371Z hint: 	git branch -m <name>
2025-01-14T21:55:05.5721953Z Initialized empty Git repository in /home/runner/work/tardis/tardis/.git/
2025-01-14T21:55:05.5727146Z [command]/usr/bin/git remote add origin https://github.com/tardis-sn/tardis
2025-01-14T21:55:05.5759210Z ##[endgroup]
2025-01-14T21:55:05.5760499Z ##[group]Disabling automatic garbage collection
2025-01-14T21:55:05.5763091Z [command]/usr/bin/git config --local gc.auto 0
2025-01-14T21:55:05.5791178Z ##[endgroup]
2025-01-14T21:55:05.5792080Z ##[group]Setting up auth
2025-01-14T21:55:05.5797703Z [command]/usr/bin/git config --local --name-only --get-regexp core\.sshCommand
2025-01-14T21:55:05.5829510Z [command]/usr/bin/git submodule foreach --recursive sh -c "git config --local --name-only --get-regexp 'core\.sshCommand' && git config --local --unset-all 'core.sshCommand' || :"
2025-01-14T21:55:05.6101558Z [command]/usr/bin/git config --local --name-only --get-regexp http\.https\:\/\/github\.com\/\.extraheader
2025-01-14T21:55:05.6133338Z [command]/usr/bin/git submodule foreach --recursive sh -c "git config --local --name-only --get-regexp 'http\.https\:\/\/github\.com\/\.extraheader' && git config --local --unset-all 'http.https://github.com/.extraheader' || :"
2025-01-14T21:55:05.6351861Z [command]/usr/bin/git config --local http.https://github.com/.extraheader AUTHORIZATION: basic ***
2025-01-14T21:55:05.6395354Z ##[endgroup]
2025-01-14T21:55:05.6398039Z ##[group]Fetching the repository
2025-01-14T21:55:05.6402269Z [command]/usr/bin/git -c protocol.version=2 fetch --no-tags --prune --no-recurse-submodules --depth=1 origin +5e2d0bb3139b6cd34b9c08e22fe36d65cd9c57fa:refs/remotes/origin/master
2025-01-14T21:55:07.9135439Z From https://github.com/tardis-sn/tardis
2025-01-14T21:55:07.9136726Z  * [new ref]         5e2d0bb3139b6cd34b9c08e22fe36d65cd9c57fa -> origin/master
2025-01-14T21:55:07.9158790Z ##[endgroup]
2025-01-14T21:55:07.9159556Z ##[group]Determining the checkout info
2025-01-14T21:55:07.9162228Z ##[endgroup]
2025-01-14T21:55:07.9167394Z [command]/usr/bin/git sparse-checkout disable
2025-01-14T21:55:07.9204276Z [command]/usr/bin/git config --local --unset-all extensions.worktreeConfig
2025-01-14T21:55:07.9230915Z ##[group]Checking out the ref
2025-01-14T21:55:07.9235709Z [command]/usr/bin/git checkout --progress --force -B master refs/remotes/origin/master
2025-01-14T21:55:08.1223796Z Reset branch 'master'
2025-01-14T21:55:08.1224940Z branch 'master' set up to track 'origin/master'.
2025-01-14T21:55:08.1247167Z ##[endgroup]
2025-01-14T21:55:08.1290260Z [command]/usr/bin/git log -1 --format=%H
2025-01-14T21:55:08.1314352Z 5e2d0bb3139b6cd34b9c08e22fe36d65cd9c57fa
2025-01-14T21:55:08.1581022Z Prepare all required actions
2025-01-14T21:55:08.1581535Z Getting action download info
2025-01-14T21:55:08.3519065Z Download action repository 'actions/cache@v4' (SHA:1bd1e32a3bdc45362d1e726936510720a7c30a57)
2025-01-14T21:55:08.4749362Z ##[group]Run ./.github/actions/setup_lfs
2025-01-14T21:55:08.4749619Z with:
2025-01-14T21:55:08.4750022Z   regression-data-repo: tardis-sn/tardis-regression-data
2025-01-14T21:55:08.4750314Z env:
2025-01-14T21:55:08.4750469Z   CACHE_NUMBER: 0
2025-01-14T21:55:08.4751278Z   PYTEST_FLAGS: --tardis-regression-data=/home/runner/work/tardis/tardis/tardis-regression-data --cov=tardis --cov-report=xml --cov-report=html --cov-append
2025-01-14T21:55:08.4752087Z   CODECOV_TOKEN: ***
2025-01-14T21:55:08.4752288Z ##[endgroup]
2025-01-14T21:55:08.4908028Z ##[group]Run actions/checkout@v4
2025-01-14T21:55:08.4908263Z with:
2025-01-14T21:55:08.4908481Z   repository: tardis-sn/tardis-regression-data
2025-01-14T21:55:08.4908762Z   path: tardis-regression-data
2025-01-14T21:55:08.4909147Z   token: ***
2025-01-14T21:55:08.4909353Z   ssh-strict: true
2025-01-14T21:55:08.4909544Z   ssh-user: git
2025-01-14T21:55:08.4909735Z   persist-credentials: true
2025-01-14T21:55:08.4910151Z   clean: true
2025-01-14T21:55:08.4910339Z   sparse-checkout-cone-mode: true
2025-01-14T21:55:08.4910569Z   fetch-depth: 1
2025-01-14T21:55:08.4910746Z   fetch-tags: false
2025-01-14T21:55:08.4910931Z   show-progress: true
2025-01-14T21:55:08.4911124Z   lfs: false
2025-01-14T21:55:08.4911297Z   submodules: false
2025-01-14T21:55:08.4911499Z   set-safe-directory: true
2025-01-14T21:55:08.4911697Z env:
2025-01-14T21:55:08.4911857Z   CACHE_NUMBER: 0
2025-01-14T21:55:08.4912458Z   PYTEST_FLAGS: --tardis-regression-data=/home/runner/work/tardis/tardis/tardis-regression-data --cov=tardis --cov-report=xml --cov-report=html --cov-append
2025-01-14T21:55:08.4913151Z   CODECOV_TOKEN: ***
2025-01-14T21:55:08.4913333Z ##[endgroup]
2025-01-14T21:55:08.5823851Z Syncing repository: tardis-sn/tardis-regression-data
2025-01-14T21:55:08.5830505Z ##[group]Getting Git version info
2025-01-14T21:55:08.5831211Z Working directory is '/home/runner/work/tardis/tardis/tardis-regression-data'
2025-01-14T21:55:08.5872697Z [command]/usr/bin/git version
2025-01-14T21:55:08.5908274Z git version 2.47.1
2025-01-14T21:55:08.5933360Z ##[endgroup]
2025-01-14T21:55:08.5952643Z Temporarily overriding HOME='/home/runner/work/_temp/a766efc8-9e46-43ff-bf56-1ec357a2b844' before making global git config changes
2025-01-14T21:55:08.5953936Z Adding repository directory to the temporary git global config as a safe directory
2025-01-14T21:55:08.5958798Z [command]/usr/bin/git config --global --add safe.directory /home/runner/work/tardis/tardis/tardis-regression-data
2025-01-14T21:55:08.5988185Z ##[group]Initializing the repository
2025-01-14T21:55:08.5993789Z [command]/usr/bin/git init /home/runner/work/tardis/tardis/tardis-regression-data
2025-01-14T21:55:08.6031074Z hint: Using 'master' as the name for the initial branch. This default branch name
2025-01-14T21:55:08.6031940Z hint: is subject to change. To configure the initial branch name to use in all
2025-01-14T21:55:08.6032694Z hint: of your new repositories, which will suppress this warning, call:
2025-01-14T21:55:08.6033274Z hint:
2025-01-14T21:55:08.6033637Z hint: 	git config --global init.defaultBranch <name>
2025-01-14T21:55:08.6034082Z hint:
2025-01-14T21:55:08.6034514Z hint: Names commonly chosen instead of 'master' are 'main', 'trunk' and
2025-01-14T21:55:08.6035172Z hint: 'development'. The just-created branch can be renamed via this command:
2025-01-14T21:55:08.6035525Z hint:
2025-01-14T21:55:08.6035703Z hint: 	git branch -m <name>
2025-01-14T21:55:08.6036116Z Initialized empty Git repository in /home/runner/work/tardis/tardis/tardis-regression-data/.git/
2025-01-14T21:55:08.6042637Z [command]/usr/bin/git remote add origin https://github.com/tardis-sn/tardis-regression-data
2025-01-14T21:55:08.6072000Z ##[endgroup]
2025-01-14T21:55:08.6072842Z ##[group]Disabling automatic garbage collection
2025-01-14T21:55:08.6076815Z [command]/usr/bin/git config --local gc.auto 0
2025-01-14T21:55:08.6103949Z ##[endgroup]
2025-01-14T21:55:08.6104467Z ##[group]Setting up auth
2025-01-14T21:55:08.6110272Z [command]/usr/bin/git config --local --name-only --get-regexp core\.sshCommand
2025-01-14T21:55:08.6137800Z [command]/usr/bin/git submodule foreach --recursive sh -c "git config --local --name-only --get-regexp 'core\.sshCommand' && git config --local --unset-all 'core.sshCommand' || :"
2025-01-14T21:55:08.6357086Z [command]/usr/bin/git config --local --name-only --get-regexp http\.https\:\/\/github\.com\/\.extraheader
2025-01-14T21:55:08.6384101Z [command]/usr/bin/git submodule foreach --recursive sh -c "git config --local --name-only --get-regexp 'http\.https\:\/\/github\.com\/\.extraheader' && git config --local --unset-all 'http.https://github.com/.extraheader' || :"
2025-01-14T21:55:08.6604566Z [command]/usr/bin/git config --local http.https://github.com/.extraheader AUTHORIZATION: basic ***
2025-01-14T21:55:08.6646825Z ##[endgroup]
2025-01-14T21:55:08.6647403Z ##[group]Determining the default branch
2025-01-14T21:55:08.6650845Z Retrieving the default branch name
2025-01-14T21:55:08.9696203Z Default branch 'main'
2025-01-14T21:55:08.9696938Z ##[endgroup]
2025-01-14T21:55:08.9697531Z ##[group]Fetching the repository
2025-01-14T21:55:08.9703917Z [command]/usr/bin/git -c protocol.version=2 fetch --no-tags --prune --no-recurse-submodules --depth=1 origin +refs/heads/main:refs/remotes/origin/main
2025-01-14T21:55:09.5816846Z From https://github.com/tardis-sn/tardis-regression-data
2025-01-14T21:55:09.5817448Z  * [new branch]      main       -> origin/main
2025-01-14T21:55:09.5840635Z ##[endgroup]
2025-01-14T21:55:09.5842702Z ##[group]Determining the checkout info
2025-01-14T21:55:09.5843292Z ##[endgroup]
2025-01-14T21:55:09.5847258Z [command]/usr/bin/git sparse-checkout disable
2025-01-14T21:55:09.5881160Z [command]/usr/bin/git config --local --unset-all extensions.worktreeConfig
2025-01-14T21:55:09.5909146Z ##[group]Checking out the ref
2025-01-14T21:55:09.5913703Z [command]/usr/bin/git checkout --progress --force -B main refs/remotes/origin/main
2025-01-14T21:55:09.7404775Z Switched to a new branch 'main'
2025-01-14T21:55:09.7406828Z branch 'main' set up to track 'origin/main'.
2025-01-14T21:55:09.7813026Z ##[endgroup]
2025-01-14T21:55:09.7852086Z [command]/usr/bin/git log -1 --format=%H
2025-01-14T21:55:09.7875269Z fa7729bc9c30e14b69acd641af8b692b56fcd416
2025-01-14T21:55:09.8005751Z ##[group]Run git lfs ls-files -l | cut -d' ' -f1 | sort > .lfs-assets-id
2025-01-14T21:55:09.8006260Z [36;1mgit lfs ls-files -l | cut -d' ' -f1 | sort > .lfs-assets-id[0m
2025-01-14T21:55:09.8036976Z shell: /usr/bin/bash --noprofile --norc -e -o pipefail {0}
2025-01-14T21:55:09.8037293Z env:
2025-01-14T21:55:09.8037451Z   CACHE_NUMBER: 0
2025-01-14T21:55:09.8038057Z   PYTEST_FLAGS: --tardis-regression-data=/home/runner/work/tardis/tardis/tardis-regression-data --cov=tardis --cov-report=xml --cov-report=html --cov-append
2025-01-14T21:55:09.8038871Z   CODECOV_TOKEN: ***
2025-01-14T21:55:09.8039069Z ##[endgroup]
2025-01-14T21:55:09.9442078Z ##[group]Run actions/cache/restore@v4
2025-01-14T21:55:09.9442325Z with:
2025-01-14T21:55:09.9442521Z   path: tardis-regression-data/.git/lfs
2025-01-14T21:55:09.9442933Z   key: Linux-lfs-21f9fa4b6817cc69b9fae3598144724da7828e276a73bd17f47a2a49d9af090a-v1
2025-01-14T21:55:09.9443334Z   enableCrossOsArchive: false
2025-01-14T21:55:09.9443564Z   fail-on-cache-miss: false
2025-01-14T21:55:09.9443809Z   lookup-only: false
2025-01-14T21:55:09.9444017Z env:
2025-01-14T21:55:09.9444169Z   CACHE_NUMBER: 0
2025-01-14T21:55:09.9444764Z   PYTEST_FLAGS: --tardis-regression-data=/home/runner/work/tardis/tardis/tardis-regression-data --cov=tardis --cov-report=xml --cov-report=html --cov-append
2025-01-14T21:55:09.9445521Z   CODECOV_TOKEN: ***
2025-01-14T21:55:09.9445704Z ##[endgroup]
2025-01-14T21:55:11.7344454Z Received 0 of 1708418946 (0.0%), 0.0 MBs/sec
2025-01-14T21:55:12.7345616Z Received 92274688 of 1708418946 (5.4%), 44.0 MBs/sec
2025-01-14T21:55:13.7381934Z Received 234881024 of 1708418946 (13.7%), 74.6 MBs/sec
2025-01-14T21:55:14.7360380Z Received 390070272 of 1708418946 (22.8%), 93.0 MBs/sec
2025-01-14T21:55:15.7370283Z Received 524288000 of 1708418946 (30.7%), 99.9 MBs/sec
2025-01-14T21:55:16.7367800Z Received 662700032 of 1708418946 (38.8%), 105.3 MBs/sec
2025-01-14T21:55:17.7398853Z Received 796917760 of 1708418946 (46.6%), 108.5 MBs/sec
2025-01-14T21:55:18.7412916Z Received 931135488 of 1708418946 (54.5%), 110.9 MBs/sec
2025-01-14T21:55:19.7403548Z Received 1044381696 of 1708418946 (61.1%), 110.6 MBs/sec
2025-01-14T21:55:20.7395930Z Received 1170210816 of 1708418946 (68.5%), 111.5 MBs/sec
2025-01-14T21:55:21.7440961Z Received 1287651328 of 1708418946 (75.4%), 111.6 MBs/sec
2025-01-14T21:55:22.7419637Z Received 1413480448 of 1708418946 (82.7%), 112.3 MBs/sec
2025-01-14T21:55:23.7424823Z Received 1543503872 of 1708418946 (90.3%), 113.2 MBs/sec
2025-01-14T21:55:24.7428339Z Received 1665138688 of 1708418946 (97.5%), 113.4 MBs/sec
2025-01-14T21:55:25.3022451Z Cache Size: ~1629 MB (1708418946 B)
2025-01-14T21:55:25.3057621Z [command]/usr/bin/tar -xf /home/runner/work/_temp/3f220408-a932-4ef9-a84e-be9e09faf3e5/cache.tzst -P -C /home/runner/work/tardis/tardis --use-compress-program unzstd
2025-01-14T21:55:25.7433044Z Received 1708418946 of 1708418946 (100.0%), 108.5 MBs/sec
2025-01-14T21:55:31.6520297Z Cache restored successfully
2025-01-14T21:55:31.9762833Z Cache restored from key: Linux-lfs-21f9fa4b6817cc69b9fae3598144724da7828e276a73bd17f47a2a49d9af090a-v1
2025-01-14T21:55:31.9953778Z ##[group]Run git lfs checkout
2025-01-14T21:55:31.9954236Z [36;1mgit lfs checkout[0m
2025-01-14T21:55:31.9981339Z shell: /usr/bin/bash --noprofile --norc -e -o pipefail {0}
2025-01-14T21:55:31.9981665Z env:
2025-01-14T21:55:31.9981824Z   CACHE_NUMBER: 0
2025-01-14T21:55:31.9982430Z   PYTEST_FLAGS: --tardis-regression-data=/home/runner/work/tardis/tardis/tardis-regression-data --cov=tardis --cov-report=xml --cov-report=html --cov-append
2025-01-14T21:55:31.9983194Z   CODECOV_TOKEN: ***
2025-01-14T21:55:31.9983386Z ##[endgroup]
2025-01-14T21:55:42.1405186Z Checking out LFS objects: 100% (204/204), 3.5 GB | 331 MB/s, done.
2025-01-14T21:55:45.4608752Z Prepare all required actions
2025-01-14T21:55:45.4609090Z Getting action download info
2025-01-14T21:55:45.6426839Z Download action repository 'mamba-org/setup-micromamba@v1' (SHA:4b9113af4fba0e9e1124b252dd6497a419e7396d)
2025-01-14T21:55:46.1874803Z ##[group]Run ./.github/actions/setup_env
2025-01-14T21:55:46.1875074Z with:
2025-01-14T21:55:46.1875254Z   os-label: linux-64
2025-01-14T21:55:46.1875437Z env:
2025-01-14T21:55:46.1875604Z   CACHE_NUMBER: 0
2025-01-14T21:55:46.1876211Z   PYTEST_FLAGS: --tardis-regression-data=/home/runner/work/tardis/tardis/tardis-regression-data --cov=tardis --cov-report=xml --cov-report=html --cov-append
2025-01-14T21:55:46.1876940Z   CODECOV_TOKEN: ***
2025-01-14T21:55:46.1877134Z ##[endgroup]
2025-01-14T21:55:46.1927195Z ##[group]Run file_hash=$(cat conda-linux-64.lock | shasum -a 256 | cut -d' ' -f1)
2025-01-14T21:55:46.1927672Z [36;1mfile_hash=$(cat conda-linux-64.lock | shasum -a 256 | cut -d' ' -f1)[0m
2025-01-14T21:55:46.1928093Z [36;1mecho "file_hash=$file_hash" >> "${GITHUB_OUTPUT}"[0m
2025-01-14T21:55:46.1954708Z shell: /usr/bin/bash --noprofile --norc -e -o pipefail {0}
2025-01-14T21:55:46.1955014Z env:
2025-01-14T21:55:46.1955188Z   CACHE_NUMBER: 0
2025-01-14T21:55:46.1955792Z   PYTEST_FLAGS: --tardis-regression-data=/home/runner/work/tardis/tardis/tardis-regression-data --cov=tardis --cov-report=xml --cov-report=html --cov-append
2025-01-14T21:55:46.1956525Z   CODECOV_TOKEN: ***
2025-01-14T21:55:46.1956705Z ##[endgroup]
2025-01-14T21:55:46.2235264Z ##[group]Run mamba-org/setup-micromamba@v1
2025-01-14T21:55:46.2235517Z with:
2025-01-14T21:55:46.2235695Z   environment-file: conda-linux-64.lock
2025-01-14T21:55:46.2236110Z   cache-environment-key: d7cd390425b0fd3cf82649dcc003efba9915fb4928f15d342148c3ccffcbe2ee
2025-01-14T21:55:46.2236674Z   cache-downloads-key: d7cd390425b0fd3cf82649dcc003efba9915fb4928f15d342148c3ccffcbe2ee
2025-01-14T21:55:46.2237078Z   environment-name: tardis
2025-01-14T21:55:46.2237286Z   cache-environment: true
2025-01-14T21:55:46.2237496Z   cache-downloads: true
2025-01-14T21:55:46.2237682Z env:
2025-01-14T21:55:46.2237833Z   CACHE_NUMBER: 0
2025-01-14T21:55:46.2238407Z   PYTEST_FLAGS: --tardis-regression-data=/home/runner/work/tardis/tardis/tardis-regression-data --cov=tardis --cov-report=xml --cov-report=html --cov-append
2025-01-14T21:55:46.2239273Z   CODECOV_TOKEN: ***
2025-01-14T21:55:46.2239457Z ##[endgroup]
2025-01-14T21:55:46.3511085Z Will download micromamba to /home/runner/micromamba-bin/micromamba
2025-01-14T21:55:46.3521193Z ##[group]Install micromamba
2025-01-14T21:55:46.8516848Z micromamba installed to /home/runner/micromamba-bin/micromamba
2025-01-14T21:55:46.8517680Z ##[endgroup]
2025-01-14T21:55:46.8518368Z Adding conda-forge to condarc channels ...
2025-01-14T21:55:46.8527961Z ##[group]Initialize micromamba for bash.
2025-01-14T21:55:46.8544005Z [command]/home/runner/micromamba-bin/micromamba shell init -s bash -r /home/runner/micromamba --log-level warning --rc-file /home/runner/work/_temp/setup-micromamba/.condarc
2025-01-14T21:55:46.8844341Z Modifying RC file "/home/runner/.bashrc"
2025-01-14T21:55:46.8845712Z Generating config for root prefix [1m"/home/runner/micromamba"[0m
2025-01-14T21:55:46.8846890Z Setting mamba executable to: [1m"/home/runner/micromamba-bin/micromamba"[0m
2025-01-14T21:55:46.8847877Z Adding (or replacing) the following in your "/home/runner/.bashrc" file
2025-01-14T21:55:46.8848498Z 
2025-01-14T21:55:46.8848666Z # >>> mamba initialize >>>
2025-01-14T21:55:46.8849121Z # !! Contents within this block are managed by 'mamba init' !!
2025-01-14T21:55:46.8849740Z export MAMBA_EXE='/home/runner/micromamba-bin/micromamba';
2025-01-14T21:55:46.8850531Z export MAMBA_ROOT_PREFIX='/home/runner/micromamba';
2025-01-14T21:55:46.8851310Z __mamba_setup="$("$MAMBA_EXE" shell hook --shell bash --root-prefix "$MAMBA_ROOT_PREFIX" 2> /dev/null)"
2025-01-14T21:55:46.8852013Z if [ $? -eq 0 ]; then
2025-01-14T21:55:46.8852363Z     eval "$__mamba_setup"
2025-01-14T21:55:46.8852702Z else
2025-01-14T21:55:46.8853437Z     alias micromamba="$MAMBA_EXE"  # Fallback on help from mamba activate
2025-01-14T21:55:46.8854003Z fi
2025-01-14T21:55:46.8854273Z unset __mamba_setup
2025-01-14T21:55:46.8854525Z # <<< mamba initialize <<<
2025-01-14T21:55:46.8854673Z 
2025-01-14T21:55:46.8863938Z Moving mamba initialize block to .bash_profile
2025-01-14T21:55:46.8877219Z ##[endgroup]
2025-01-14T21:55:46.8878469Z ##[group]Restoring downloads from `/home/runner/micromamba/pkgs` ...
2025-01-14T21:55:48.4826414Z Received 0 of 356800233 (0.0%), 0.0 MBs/sec
2025-01-14T21:55:49.4829439Z Received 88080384 of 356800233 (24.7%), 42.0 MBs/sec
2025-01-14T21:55:50.4834332Z Received 218103808 of 356800233 (61.1%), 69.3 MBs/sec
2025-01-14T21:55:51.4836092Z Received 331350016 of 356800233 (92.9%), 79.0 MBs/sec
2025-01-14T21:55:51.8418250Z Cache Size: ~340 MB (356800233 B)
2025-01-14T21:55:51.8496853Z [command]/usr/bin/tar -xf /home/runner/work/_temp/2ffab281-8edb-483a-b063-7083092a31f2/cache.tzst -P -C /home/runner/work/tardis/tardis --use-compress-program unzstd
2025-01-14T21:55:52.2834762Z Cache restored successfully
2025-01-14T21:55:52.3528884Z Restored cache with key `d7cd390425b0fd3cf82649dcc003efba9915fb4928f15d342148c3ccffcbe2ee-linux-64`
2025-01-14T21:55:52.3530131Z ##[endgroup]
2025-01-14T21:55:52.3539760Z ##[group]Restoring environment `tardis` from `/home/runner/micromamba/envs/tardis` ...
2025-01-14T21:55:52.4838933Z Received 356800233 of 356800233 (100.0%), 68.0 MBs/sec
2025-01-14T21:55:53.9854575Z Received 0 of 444592193 (0.0%), 0.0 MBs/sec
2025-01-14T21:55:54.9866611Z Received 100663296 of 444592193 (22.6%), 48.0 MBs/sec
2025-01-14T21:55:55.9870816Z Received 247463936 of 444592193 (55.7%), 78.6 MBs/sec
2025-01-14T21:55:56.9869726Z Received 394264576 of 444592193 (88.7%), 94.0 MBs/sec
2025-01-14T21:55:57.3910858Z Cache Size: ~424 MB (444592193 B)
2025-01-14T21:55:57.3992547Z [command]/usr/bin/tar -xf /home/runner/work/_temp/c8655335-d94b-404d-9dbe-d2a2a1a2103a/cache.tzst -P -C /home/runner/work/tardis/tardis --use-compress-program unzstd
2025-01-14T21:55:57.9880726Z Received 444592193 of 444592193 (100.0%), 84.8 MBs/sec
2025-01-14T21:56:02.5791827Z Cache restored successfully
2025-01-14T21:56:02.6575213Z Restored cache with key `d7cd390425b0fd3cf82649dcc003efba9915fb4928f15d342148c3ccffcbe2ee-linux-64-tardis-args-4f53cda-root-dcc80ee-bin-[object Promise]-file-d7cd390425b0fd3cf82649dcc003efba9915fb4928f15d342148c3ccffcbe2ee`
2025-01-14T21:56:02.6577638Z ##[endgroup]
2025-01-14T21:56:02.6578072Z Adding environment tardis to auto-activate bash ...
2025-01-14T21:56:02.6587328Z Generating micromamba run shell.
2025-01-14T21:56:02.6595336Z ##[endgroup]
2025-01-14T21:56:02.6601154Z Set environment variables.
2025-01-14T21:56:02.6604615Z ##[group]micromamba info
2025-01-14T21:56:02.6608544Z [command]/home/runner/micromamba-bin/micromamba info -r /home/runner/micromamba -n tardis
2025-01-14T21:56:02.6833196Z 
2025-01-14T21:56:02.6833446Z        libmamba version : 1.5.10
2025-01-14T21:56:02.6833972Z      micromamba version : 1.5.10
2025-01-14T21:56:02.6834892Z            curl version : libcurl/8.10.1 OpenSSL/3.3.2 zlib/1.3.1 zstd/1.5.6 libssh2/1.11.0 nghttp2/1.58.0
2025-01-14T21:56:02.6835443Z      libarchive version : libarchive 3.7.4 zlib/1.2.13 bz2lib/1.0.8 libzstd/1.5.6
2025-01-14T21:56:02.6835847Z        envs directories : /home/runner/micromamba/envs
2025-01-14T21:56:02.6836180Z           package cache : /home/runner/micromamba/pkgs
2025-01-14T21:56:02.6836484Z                           /home/runner/.mamba/pkgs
2025-01-14T21:56:02.6836753Z             environment : tardis
2025-01-14T21:56:02.6837038Z            env location : /home/runner/micromamba/envs/tardis
2025-01-14T21:56:02.6837349Z       user config files : /home/runner/.mambarc
2025-01-14T21:56:02.6837719Z  populated config files : /home/runner/work/_temp/setup-micromamba/.condarc
2025-01-14T21:56:02.6838087Z        virtual packages : __unix=0=0
2025-01-14T21:56:02.6838332Z                           __linux=6.8.0=0
2025-01-14T21:56:02.6838843Z                           __glibc=2.39=0
2025-01-14T21:56:02.6839233Z                           __archspec=1=x86_64_v3
2025-01-14T21:56:02.6839580Z                channels : https://conda.anaconda.org/conda-forge/linux-64
2025-01-14T21:56:02.6840140Z                           https://conda.anaconda.org/conda-forge/noarch
2025-01-14T21:56:02.6840465Z        base environment : /home/runner/micromamba
2025-01-14T21:56:02.6840740Z                platform : linux-64
2025-01-14T21:56:02.6848159Z ##[endgroup]
2025-01-14T21:56:02.6848781Z ##[group]micromamba list
2025-01-14T21:56:02.6850049Z [command]/home/runner/micromamba-bin/micromamba list -r /home/runner/micromamba -n tardis
2025-01-14T21:56:03.0606197Z List of packages in environment: "/home/runner/micromamba/envs/tardis"
2025-01-14T21:56:03.0606830Z 
2025-01-14T21:56:03.0607146Z   Name                           Version              Build                    Channel    
2025-01-14T21:56:03.0608424Z ────────────────────────────────────────────────────────────────────────────────────────────
2025-01-14T21:56:03.0609278Z   _libgcc_mutex                  0.1                  conda_forge              conda-forge
2025-01-14T21:56:03.0610726Z   _openmp_mutex                  4.5                  2_gnu                    conda-forge
2025-01-14T21:56:03.0611379Z   alabaster                      0.7.16               pyhd8ed1ab_0             conda-forge
2025-01-14T21:56:03.0611977Z   anyio                          4.4.0                pyhd8ed1ab_0             conda-forge
2025-01-14T21:56:03.0612442Z   argon2-cffi                    23.1.0               pyhd8ed1ab_0             conda-forge
2025-01-14T21:56:03.0612892Z   argon2-cffi-bindings           21.2.0               py312h98912ed_4          conda-forge
2025-01-14T21:56:03.0613442Z   arrow                          1.3.0                pyhd8ed1ab_0             conda-forge
2025-01-14T21:56:03.0613776Z   astropy                        6.1.1                py312h085067d_0          conda-forge
2025-01-14T21:56:03.0614169Z   astropy-iers-data              0.2024.6.17.0.31.35  pyhd8ed1ab_0             conda-forge
2025-01-14T21:56:03.0614590Z   astropy-sphinx-theme           1.1                  pyhd8ed1ab_0             conda-forge
2025-01-14T21:56:03.0614976Z   asttokens                      2.4.1                pyhd8ed1ab_0             conda-forge
2025-01-14T21:56:03.0615326Z   async-lru                      2.0.4                pyhd8ed1ab_0             conda-forge
2025-01-14T21:56:03.0615963Z   atk-1.0                        2.38.0               h04ea711_2               conda-forge
2025-01-14T21:56:03.0616303Z   attrs                          23.2.0               pyh71513ae_0             conda-forge
2025-01-14T21:56:03.0616631Z   babel                          2.14.0               pyhd8ed1ab_0             conda-forge
2025-01-14T21:56:03.0616982Z   beautifulsoup4                 4.12.3               pyha770c72_0             conda-forge
2025-01-14T21:56:03.0617336Z   bleach                         6.1.0                pyhd8ed1ab_0             conda-forge
2025-01-14T21:56:03.0617664Z   blosc                          1.21.5               hc2324a3_1               conda-forge
2025-01-14T21:56:03.0617983Z   brotli                         1.1.0                hd590300_1               conda-forge
2025-01-14T21:56:03.0618313Z   brotli-bin                     1.1.0                hd590300_1               conda-forge
2025-01-14T21:56:03.0618814Z   brotli-python                  1.1.0                py312h30efb56_1          conda-forge
2025-01-14T21:56:03.0619235Z   bzip2                          1.0.8                hd590300_5               conda-forge
2025-01-14T21:56:03.0619550Z   c-ares                         1.28.1               hd590300_0               conda-forge
2025-01-14T21:56:03.0620124Z   c-blosc2                       2.14.4               hb4ffafa_1               conda-forge
2025-01-14T21:56:03.0620571Z   ca-certificates                2024.6.2             hbcca054_0               conda-forge
2025-01-14T21:56:03.0621135Z   cached-property                1.5.2                hd8ed1ab_1               conda-forge
2025-01-14T21:56:03.0621523Z   cached_property                1.5.2                pyha770c72_1             conda-forge
2025-01-14T21:56:03.0621877Z   cairo                          1.18.0               h3faef2a_0               conda-forge
2025-01-14T21:56:03.0622213Z   certifi                        2024.6.2             pyhd8ed1ab_0             conda-forge
2025-01-14T21:56:03.0622613Z   cffi                           1.16.0               py312hf06ca03_0          conda-forge
2025-01-14T21:56:03.0622982Z   charset-normalizer             3.3.2                pyhd8ed1ab_0             conda-forge
2025-01-14T21:56:03.0623383Z   click                          8.1.7                unix_pyh707e725_0        conda-forge
2025-01-14T21:56:03.0623730Z   codespell                      2.3.0                pyhd8ed1ab_0             conda-forge
2025-01-14T21:56:03.0624095Z   colorama                       0.4.6                pyhd8ed1ab_0             conda-forge
2025-01-14T21:56:03.0624440Z   comm                           0.2.2                pyhd8ed1ab_0             conda-forge
2025-01-14T21:56:03.0624772Z   commonmark                     0.9.1                py_0                     conda-forge
2025-01-14T21:56:03.0625126Z   contourpy                      1.2.1                py312h8572e83_0          conda-forge
2025-01-14T21:56:03.0625483Z   coverage                       7.5.3                py312h9a8786e_0          conda-forge
2025-01-14T21:56:03.0625819Z   cycler                         0.12.1               pyhd8ed1ab_0             conda-forge
2025-01-14T21:56:03.0626171Z   dataclasses                    0.8                  pyhc8e2a94_3             conda-forge
2025-01-14T21:56:03.0626523Z   debugpy                        1.8.1                py312h30efb56_0          conda-forge
2025-01-14T21:56:03.0626866Z   decorator                      5.1.1                pyhd8ed1ab_0             conda-forge
2025-01-14T21:56:03.0627230Z   defusedxml                     0.7.1                pyhd8ed1ab_0             conda-forge
2025-01-14T21:56:03.0627584Z   docutils                       0.20.1               py312h7900ff3_3          conda-forge
2025-01-14T21:56:03.0627924Z   dot2tex                        2.11.3               pyhd8ed1ab_0             conda-forge
2025-01-14T21:56:03.0628270Z   entrypoints                    0.4                  pyhd8ed1ab_0             conda-forge
2025-01-14T21:56:03.0628857Z   exceptiongroup                 1.2.0                pyhd8ed1ab_2             conda-forge
2025-01-14T21:56:03.0629231Z   executing                      2.0.1                pyhd8ed1ab_0             conda-forge
2025-01-14T21:56:03.0629564Z   expat                          2.6.2                h59595ed_0               conda-forge
2025-01-14T21:56:03.0630121Z   font-ttf-dejavu-sans-mono      2.37                 hab24e00_0               conda-forge
2025-01-14T21:56:03.0630560Z   font-ttf-inconsolata           3.000                h77eed37_0               conda-forge
2025-01-14T21:56:03.0630985Z   font-ttf-source-code-pro       2.038                h77eed37_0               conda-forge
2025-01-14T21:56:03.0631383Z   font-ttf-ubuntu                0.83                 h77eed37_2               conda-forge
2025-01-14T21:56:03.0631746Z   fontconfig                     2.14.2               h14ed4e7_0               conda-forge
2025-01-14T21:56:03.0632139Z   fonts-conda-ecosystem          1                    0                        conda-forge
2025-01-14T21:56:03.0632546Z   fonts-conda-forge              1                    0                        conda-forge
2025-01-14T21:56:03.0632924Z   fonttools                      4.53.0               py312h9a8786e_0          conda-forge
2025-01-14T21:56:03.0633268Z   fqdn                           1.5.1                pyhd8ed1ab_0             conda-forge
2025-01-14T21:56:03.0633598Z   freetype                       2.12.1               h267a509_2               conda-forge
2025-01-14T21:56:03.0634228Z   fribidi                        1.0.10               h36c2ea0_0               conda-forge
2025-01-14T21:56:03.0634579Z   future                         1.0.0                pyhd8ed1ab_0             conda-forge
2025-01-14T21:56:03.0634920Z   gdk-pixbuf                     2.42.12              hb9ae30d_0               conda-forge
2025-01-14T21:56:03.0635328Z   giflib                         5.2.2                hd590300_0               conda-forge
2025-01-14T21:56:03.0635680Z   git-lfs                        3.5.1                ha770c72_0               conda-forge
2025-01-14T21:56:03.0635989Z   gmp                            6.3.0                h59595ed_1               conda-forge
2025-01-14T21:56:03.0636299Z   gmpy2                          2.1.5                py312h1d5cde6_1          conda-forge
2025-01-14T21:56:03.0636635Z   graphite2                      1.3.13               h59595ed_1003            conda-forge
2025-01-14T21:56:03.0636981Z   graphviz                       11.0.0               hc68bbd7_0               conda-forge
2025-01-14T21:56:03.0637318Z   gtk2                           2.24.33              h280cfa0_4               conda-forge
2025-01-14T21:56:03.0637631Z   gts                            0.7.6                h977cf35_4               conda-forge
2025-01-14T21:56:03.0637933Z   h11                            0.14.0               pyhd8ed1ab_0             conda-forge
2025-01-14T21:56:03.0638239Z   h2                             4.1.0                pyhd8ed1ab_0             conda-forge
2025-01-14T21:56:03.0638546Z   h5py                           3.11.0               nompi_py312hb7ab980_102  conda-forge
2025-01-14T21:56:03.0638873Z   harfbuzz                       8.5.0                hfac3d4d_0               conda-forge
2025-01-14T21:56:03.0639196Z   hdf5                           1.14.3               nompi_hdf9ad27_105       conda-forge
2025-01-14T21:56:03.0639513Z   hpack                          4.0.0                pyh9f0ad1d_0             conda-forge
2025-01-14T21:56:03.0640012Z   httpcore                       1.0.5                pyhd8ed1ab_0             conda-forge
2025-01-14T21:56:03.0640382Z   httpx                          0.27.0               pyhd8ed1ab_0             conda-forge
2025-01-14T21:56:03.0640733Z   hyperframe                     6.0.1                pyhd8ed1ab_0             conda-forge
2025-01-14T21:56:03.0641072Z   icu                            73.2                 h59595ed_0               conda-forge
2025-01-14T21:56:03.0641758Z   idna                           3.7                  pyhd8ed1ab_0             conda-forge
2025-01-14T21:56:03.0642299Z   imagesize                      1.4.1                pyhd8ed1ab_0             conda-forge
2025-01-14T21:56:03.0642937Z   importlib-metadata             7.1.0                pyha770c72_0             conda-forge
2025-01-14T21:56:03.0643676Z   importlib_metadata             7.1.0                hd8ed1ab_0               conda-forge
2025-01-14T21:56:03.0644371Z   importlib_resources            6.4.0                pyhd8ed1ab_0             conda-forge
2025-01-14T21:56:03.0645025Z   iniconfig                      2.0.0                pyhd8ed1ab_0             conda-forge
2025-01-14T21:56:03.0645595Z   ipykernel                      6.29.4               pyh3099207_0             conda-forge
2025-01-14T21:56:03.0646132Z   ipython                        8.25.0               pyh707e725_0             conda-forge
2025-01-14T21:56:03.0646754Z   ipython_genutils               0.2.0                pyhd8ed1ab_1             conda-forge
2025-01-14T21:56:03.0647425Z   ipywidgets                     7.8.0                pyhd8ed1ab_0             conda-forge
2025-01-14T21:56:03.0648089Z   isoduration                    20.11.0              pyhd8ed1ab_0             conda-forge
2025-01-14T21:56:03.0648715Z   jedi                           0.19.1               pyhd8ed1ab_0             conda-forge
2025-01-14T21:56:03.0649260Z   jinja2                         3.1.4                pyhd8ed1ab_0             conda-forge
2025-01-14T21:56:03.0650134Z   json5                          0.9.25               pyhd8ed1ab_0             conda-forge
2025-01-14T21:56:03.0650791Z   jsonpointer                    3.0.0                py312h7900ff3_0          conda-forge
2025-01-14T21:56:03.0651439Z   jsonschema                     4.22.0               pyhd8ed1ab_0             conda-forge
2025-01-14T21:56:03.0652121Z   jsonschema-specifications      2023.12.1            pyhd8ed1ab_0             conda-forge
2025-01-14T21:56:03.0652971Z   jsonschema-with-format-nongpl  4.22.0               pyhd8ed1ab_0             conda-forge
2025-01-14T21:56:03.0653736Z   jupyter-lsp                    2.2.5                pyhd8ed1ab_0             conda-forge
2025-01-14T21:56:03.0654392Z   jupyter_client                 8.6.2                pyhd8ed1ab_0             conda-forge
2025-01-14T21:56:03.0654978Z   jupyter_core                   5.7.2                py312h7900ff3_0          conda-forge
2025-01-14T21:56:03.0655548Z   jupyter_events                 0.10.0               pyhd8ed1ab_0             conda-forge
2025-01-14T21:56:03.0656152Z   jupyter_server                 2.14.1               pyhd8ed1ab_0             conda-forge
2025-01-14T21:56:03.0656784Z   jupyter_server_terminals       0.5.3                pyhd8ed1ab_0             conda-forge
2025-01-14T21:56:03.0657436Z   jupyterlab                     4.2.2                pyhd8ed1ab_0             conda-forge
2025-01-14T21:56:03.0658049Z   jupyterlab_pygments            0.3.0                pyhd8ed1ab_1             conda-forge
2025-01-14T21:56:03.0670869Z   jupyterlab_server              2.27.2               pyhd8ed1ab_0             conda-forge
2025-01-14T21:56:03.0671402Z   jupyterlab_widgets             1.1.7                pyhd8ed1ab_0             conda-forge
2025-01-14T21:56:03.0671814Z   keyutils                       1.6.1                h166bdaf_0               conda-forge
2025-01-14T21:56:03.0672178Z   kiwisolver                     1.4.5                py312h8572e83_1          conda-forge
2025-01-14T21:56:03.0672552Z   krb5                           1.21.2               h659d440_0               conda-forge
2025-01-14T21:56:03.0672910Z   latexcodec                     2.0.1                pyh9f0ad1d_0             conda-forge
2025-01-14T21:56:03.0673259Z   lcms2                          2.16                 hb7c19ff_0               conda-forge
2025-01-14T21:56:03.0673609Z   ld_impl_linux-64               2.40                 hf3520f5_7               conda-forge
2025-01-14T21:56:03.0674145Z   lerc                           4.0.0                h27087fc_0               conda-forge
2025-01-14T21:56:03.0674466Z   libaec                         1.1.3                h59595ed_0               conda-forge
2025-01-14T21:56:03.0674805Z   libblas                        3.9.0                22_linux64_openblas      conda-forge
2025-01-14T21:56:03.0675168Z   libbrotlicommon                1.1.0                hd590300_1               conda-forge
2025-01-14T21:56:03.0675546Z   libbrotlidec                   1.1.0                hd590300_1               conda-forge
2025-01-14T21:56:03.0675919Z   libbrotlienc                   1.1.0                hd590300_1               conda-forge
2025-01-14T21:56:03.0676281Z   libcblas                       3.9.0                22_linux64_openblas      conda-forge
2025-01-14T21:56:03.0676632Z   libcurl                        8.8.0                hca28451_0               conda-forge
2025-01-14T21:56:03.0676974Z   libdeflate                     1.20                 hd590300_0               conda-forge
2025-01-14T21:56:03.0677328Z   libedit                        3.1.20191231         he28a2e2_2               conda-forge
2025-01-14T21:56:03.0677668Z   libev                          4.33                 hd590300_2               conda-forge
2025-01-14T21:56:03.0677992Z   libexpat                       2.6.2                h59595ed_0               conda-forge
2025-01-14T21:56:03.0678326Z   libffi                         3.4.2                h7f98852_5               conda-forge
2025-01-14T21:56:03.0678656Z   libgcc-ng                      13.2.0               h77fa898_10              conda-forge
2025-01-14T21:56:03.0679111Z   libgd                          2.3.3                h119a65a_9               conda-forge
2025-01-14T21:56:03.0679462Z   libgfortran-ng                 13.2.0               h69a702a_10              conda-forge
2025-01-14T21:56:03.0679833Z   libgfortran5                   13.2.0               h3d2ce59_10              conda-forge
2025-01-14T21:56:03.0680399Z   libglib                        2.80.2               h8a4344b_1               conda-forge
2025-01-14T21:56:03.0680752Z   libgomp                        13.2.0               h77fa898_10              conda-forge
2025-01-14T21:56:03.0681093Z   libiconv                       1.17                 hd590300_2               conda-forge
2025-01-14T21:56:03.0681447Z   libjpeg-turbo                  3.0.0                hd590300_1               conda-forge
2025-01-14T21:56:03.0681811Z   liblapack                      3.9.0                22_linux64_openblas      conda-forge
2025-01-14T21:56:03.0682183Z   libllvm14                      14.0.6               hcd5def8_4               conda-forge
2025-01-14T21:56:03.0682543Z   libnghttp2                     1.58.0               h47da74e_1               conda-forge
2025-01-14T21:56:03.0682893Z   libnsl                         2.0.1                hd590300_0               conda-forge
2025-01-14T21:56:03.0683250Z   libopenblas                    0.3.27               pthreads_h413a1c8_0      conda-forge
2025-01-14T21:56:03.0683611Z   libpng                         1.6.43               h2797004_0               conda-forge
2025-01-14T21:56:03.0683939Z   librsvg                        2.58.1               hadf69e7_0               conda-forge
2025-01-14T21:56:03.0684280Z   libsodium                      1.0.18               h36c2ea0_1               conda-forge
2025-01-14T21:56:03.0684635Z   libsqlite                      3.46.0               hde9e2c9_0               conda-forge
2025-01-14T21:56:03.0684976Z   libssh2                        1.11.0               h0841786_0               conda-forge
2025-01-14T21:56:03.0685329Z   libstdcxx-ng                   13.2.0               hc0a3c3a_10              conda-forge
2025-01-14T21:56:03.0685685Z   libtiff                        4.6.0                h1dd3fc0_3               conda-forge
2025-01-14T21:56:03.0686022Z   libuuid                        2.38.1               h0b41bf4_0               conda-forge
2025-01-14T21:56:03.0686479Z   libwebp                        1.4.0                h2c329e2_0               conda-forge
2025-01-14T21:56:03.0686827Z   libwebp-base                   1.4.0                hd590300_0               conda-forge
2025-01-14T21:56:03.0687169Z   libxcb                         1.15                 h0b41bf4_0               conda-forge
2025-01-14T21:56:03.0687507Z   libxcrypt                      4.4.36               hd590300_1               conda-forge
2025-01-14T21:56:03.0687852Z   libxml2                        2.12.7               hc051c1a_1               conda-forge
2025-01-14T21:56:03.0688187Z   libxslt                        1.1.39               h76b75d6_0               conda-forge
2025-01-14T21:56:03.0688519Z   libzlib                        1.3.1                h4ab18f5_1               conda-forge
2025-01-14T21:56:03.0688858Z   llvmlite                       0.42.0               py312hb06c811_1          conda-forge
2025-01-14T21:56:03.0689200Z   lxml                           5.2.2                py312hb90d8a5_0          conda-forge
2025-01-14T21:56:03.0689525Z   lz4-c                          1.9.4                hcb278e6_0               conda-forge
2025-01-14T21:56:03.0689839Z   lzo                            2.10                 hd590300_1001            conda-forge
2025-01-14T21:56:03.0690338Z   markupsafe                     2.1.5                py312h98912ed_0          conda-forge
2025-01-14T21:56:03.0690715Z   matplotlib-base                3.8.4                py312h20ab3a6_2          conda-forge
2025-01-14T21:56:03.0691114Z   matplotlib-inline              0.1.7                pyhd8ed1ab_0             conda-forge
2025-01-14T21:56:03.0691627Z   mistune                        3.0.2                pyhd8ed1ab_0             conda-forge
2025-01-14T21:56:03.0691957Z   mpc                            1.3.1                hfe3b2da_0               conda-forge
2025-01-14T21:56:03.0692268Z   mpfr                           4.2.1                h9458935_1               conda-forge
2025-01-14T21:56:03.0692602Z   mpmath                         1.3.0                pyhd8ed1ab_0             conda-forge
2025-01-14T21:56:03.0692937Z   munkres                        1.1.4                pyh9f0ad1d_0             conda-forge
2025-01-14T21:56:03.0693295Z   mypy_extensions                1.0.0                pyha770c72_0             conda-forge
2025-01-14T21:56:03.0693660Z   nbclassic                      1.1.0                pyhd8ed1ab_0             conda-forge
2025-01-14T21:56:03.0694012Z   nbclient                       0.10.0               pyhd8ed1ab_0             conda-forge
2025-01-14T21:56:03.0694367Z   nbconvert                      7.16.4               hd8ed1ab_1               conda-forge
2025-01-14T21:56:03.0694730Z   nbconvert-core                 7.16.4               pyhd8ed1ab_1             conda-forge
2025-01-14T21:56:03.0695123Z   nbconvert-pandoc               7.16.4               hd8ed1ab_1               conda-forge
2025-01-14T21:56:03.0695513Z   nbformat                       5.10.4               pyhd8ed1ab_0             conda-forge
2025-01-14T21:56:03.0695861Z   nbsphinx                       0.9.4                pyhd8ed1ab_0             conda-forge
2025-01-14T21:56:03.0696201Z   ncurses                        6.5                  h59595ed_0               conda-forge
2025-01-14T21:56:03.0696555Z   nest-asyncio                   1.6.0                pyhd8ed1ab_0             conda-forge
2025-01-14T21:56:03.0696938Z   networkx                       3.3                  pyhd8ed1ab_1             conda-forge
2025-01-14T21:56:03.0697271Z   nomkl                          1.0                  h5ca1d4c_0               conda-forge
2025-01-14T21:56:03.0697612Z   notebook                       7.2.1                pyhd8ed1ab_0             conda-forge
2025-01-14T21:56:03.0697979Z   notebook-shim                  0.2.4                pyhd8ed1ab_0             conda-forge
2025-01-14T21:56:03.0698329Z   numba                          0.59.1               py312hacefee8_0          conda-forge
2025-01-14T21:56:03.0698788Z   numexpr                        2.10.0               py312hf412c99_100        conda-forge
2025-01-14T21:56:03.0699124Z   numpy                          1.26.4               py312heda63a1_0          conda-forge
2025-01-14T21:56:03.0699460Z   numpydoc                       1.7.0                pyhd8ed1ab_1             conda-forge
2025-01-14T21:56:03.0699805Z   openjpeg                       2.5.2                h488ebb8_0               conda-forge
2025-01-14T21:56:03.0700306Z   openssl                        3.3.1                h4ab18f5_0               conda-forge
2025-01-14T21:56:03.0700657Z   overrides                      7.7.0                pyhd8ed1ab_0             conda-forge
2025-01-14T21:56:03.0701015Z   packaging                      24.1                 pyhd8ed1ab_0             conda-forge
2025-01-14T21:56:03.0701357Z   pandas                         2.2.2                py312h1d6d2e6_1          conda-forge
2025-01-14T21:56:03.0701695Z   pandoc                         3.2                  ha770c72_0               conda-forge
2025-01-14T21:56:03.0702059Z   pandocfilters                  1.5.0                pyhd8ed1ab_0             conda-forge
2025-01-14T21:56:03.0702409Z   pango                          1.54.0               h84a9a3c_0               conda-forge
2025-01-14T21:56:03.0702738Z   parso                          0.8.4                pyhd8ed1ab_0             conda-forge
2025-01-14T21:56:03.0703068Z   pathspec                       0.12.1               pyhd8ed1ab_0             conda-forge
2025-01-14T21:56:03.0703395Z   pbr                            6.0.0                pyhd8ed1ab_0             conda-forge
2025-01-14T21:56:03.0703835Z   pcre2                          10.44                h0f59acf_0               conda-forge
2025-01-14T21:56:03.0704174Z   pexpect                        4.9.0                pyhd8ed1ab_0             conda-forge
2025-01-14T21:56:03.0704530Z   pickleshare                    0.7.5                py_1003                  conda-forge
2025-01-14T21:56:03.0704885Z   pillow                         10.3.0               py312hdcec9eb_0          conda-forge
2025-01-14T21:56:03.0705210Z   pip                            24.0                 pyhd8ed1ab_0             conda-forge
2025-01-14T21:56:03.0705523Z   pixman                         0.43.2               h59595ed_0               conda-forge
2025-01-14T21:56:03.0705900Z   pkgutil-resolve-name           1.3.10               pyhd8ed1ab_1             conda-forge
2025-01-14T21:56:03.0706299Z   platformdirs                   4.2.2                pyhd8ed1ab_0             conda-forge
2025-01-14T21:56:03.0706659Z   plotly                         5.22.0               pyhd8ed1ab_0             conda-forge
2025-01-14T21:56:03.0706996Z   pluggy                         1.5.0                pyhd8ed1ab_0             conda-forge
2025-01-14T21:56:03.0707368Z   prometheus_client              0.20.0               pyhd8ed1ab_0             conda-forge
2025-01-14T21:56:03.0707762Z   prompt-toolkit                 3.0.47               pyha770c72_0             conda-forge
2025-01-14T21:56:03.0708124Z   psutil                         5.9.8                py312h98912ed_0          conda-forge
2025-01-14T21:56:03.0708480Z   pthread-stubs                  0.4                  h36c2ea0_1001            conda-forge
2025-01-14T21:56:03.0708845Z   ptyprocess                     0.7.0                pyhd3deb0d_0             conda-forge
2025-01-14T21:56:03.0709201Z   pure_eval                      0.2.2                pyhd8ed1ab_0             conda-forge
2025-01-14T21:56:03.0709554Z   py-cpuinfo                     9.0.0                pyhd8ed1ab_0             conda-forge
2025-01-14T21:56:03.0710097Z   pybtex                         0.24.0               pyhd8ed1ab_2             conda-forge
2025-01-14T21:56:03.0710485Z   pybtex-docutils                1.0.3                py312h7900ff3_1          conda-forge
2025-01-14T21:56:03.0710871Z   pycparser                      2.22                 pyhd8ed1ab_0             conda-forge
2025-01-14T21:56:03.0711352Z   pyerfa                         2.0.1.4              py312h085067d_1          conda-forge
2025-01-14T21:56:03.0711701Z   pygments                       2.18.0               pyhd8ed1ab_0             conda-forge
2025-01-14T21:56:03.0712057Z   pygraphviz                     1.13                 py312h4a1d8a7_1          conda-forge
2025-01-14T21:56:03.0712419Z   pyparsing                      3.1.2                pyhd8ed1ab_0             conda-forge
2025-01-14T21:56:03.0712775Z   pysocks                        1.7.1                pyha2e5f31_6             conda-forge
2025-01-14T21:56:03.0713128Z   pytables                       3.9.2                py312h96d95ec_2          conda-forge
2025-01-14T21:56:03.0713468Z   pytest                         8.2.2                pyhd8ed1ab_0             conda-forge
2025-01-14T21:56:03.0713814Z   pytest-cov                     5.0.0                pyhd8ed1ab_0             conda-forge
2025-01-14T21:56:03.0714203Z   pytest-doctestplus             1.2.1                pyhd8ed1ab_0             conda-forge
2025-01-14T21:56:03.0714603Z   pytest-html                    4.1.1                pyhd8ed1ab_0             conda-forge
2025-01-14T21:56:03.0714979Z   pytest-metadata                3.1.1                pyhd8ed1ab_0             conda-forge
2025-01-14T21:56:03.0715343Z   python                         3.12.4               h194c7f8_0_cpython       conda-forge
2025-01-14T21:56:03.0715717Z   python-dateutil                2.9.0                pyhd8ed1ab_0             conda-forge
2025-01-14T21:56:03.0716130Z   python-fastjsonschema          2.20.0               pyhd8ed1ab_0             conda-forge
2025-01-14T21:56:03.0716728Z   python-json-logger             2.0.7                pyhd8ed1ab_0             conda-forge
2025-01-14T21:56:03.0717135Z   python-tzdata                  2024.1               pyhd8ed1ab_0             conda-forge
2025-01-14T21:56:03.0717500Z   python_abi                     3.12                 4_cp312                  conda-forge
2025-01-14T21:56:03.0717842Z   pytz                           2024.1               pyhd8ed1ab_0             conda-forge
2025-01-14T21:56:03.0718171Z   pyyaml                         6.0.1                py312h98912ed_1          conda-forge
2025-01-14T21:56:03.0718514Z   pyzmq                          26.0.3               py312h8fd38d8_0          conda-forge
2025-01-14T21:56:03.0718840Z   qgrid                          1.3.1                pyhd8ed1ab_4             conda-forge
2025-01-14T21:56:03.0719208Z   radioactivedecay               0.5.1                pyhd8ed1ab_0             conda-forge
2025-01-14T21:56:03.0719583Z   readline                       8.2                  h8228510_1               conda-forge
2025-01-14T21:56:03.0720100Z   recommonmark                   0.7.1                pyhd8ed1ab_0             conda-forge
2025-01-14T21:56:03.0720474Z   referencing                    0.35.1               pyhd8ed1ab_0             conda-forge
2025-01-14T21:56:03.0720835Z   requests                       2.32.3               pyhd8ed1ab_0             conda-forge
2025-01-14T21:56:03.0721212Z   rfc3339-validator              0.1.4                pyhd8ed1ab_0             conda-forge
2025-01-14T21:56:03.0721606Z   rfc3986-validator              0.1.1                pyh9f0ad1d_0             conda-forge
2025-01-14T21:56:03.0721980Z   rpds-py                        0.18.1               py312h4413252_0          conda-forge
2025-01-14T21:56:03.0722311Z   ruff                           0.4.9                py312h5715c7c_0          conda-forge
2025-01-14T21:56:03.0722644Z   scipy                          1.13.1               py312hc2bc53b_0          conda-forge
2025-01-14T21:56:03.0722999Z   send2trash                     1.8.3                pyh0d859eb_0             conda-forge
2025-01-14T21:56:03.0723358Z   setuptools                     70.0.0               pyhd8ed1ab_0             conda-forge
2025-01-14T21:56:03.0723734Z   setuptools-scm                 8.1.0                pyhd8ed1ab_0             conda-forge
2025-01-14T21:56:03.0724233Z   setuptools_scm                 8.1.0                hd8ed1ab_0               conda-forge
2025-01-14T21:56:03.0724582Z   six                            1.16.0               pyh6c4a22f_0             conda-forge
2025-01-14T21:56:03.0724916Z   snakeviz                       2.2.0                pyhd8ed1ab_0             conda-forge
2025-01-14T21:56:03.0725253Z   snappy                         1.2.0                hdb0a2a9_1               conda-forge
2025-01-14T21:56:03.0725585Z   sniffio                        1.3.1                pyhd8ed1ab_0             conda-forge
2025-01-14T21:56:03.0725949Z   snowballstemmer                2.2.0                pyhd8ed1ab_0             conda-forge
2025-01-14T21:56:03.0726320Z   soupsieve                      2.5                  pyhd8ed1ab_1             conda-forge
2025-01-14T21:56:03.0726664Z   sphinx                         7.3.7                pyhd8ed1ab_0             conda-forge
2025-01-14T21:56:03.0727018Z   sphinx-astropy                 1.9.1                pyhd8ed1ab_0             conda-forge
2025-01-14T21:56:03.0727412Z   sphinx-automodapi              0.17.0               pyh717bed2_1             conda-forge
2025-01-14T21:56:03.0727797Z   sphinx-gallery                 0.16.0               pyhd8ed1ab_0             conda-forge
2025-01-14T21:56:03.0728184Z   sphinx-jsonschema              1.19.1               pyhd8ed1ab_0             conda-forge
2025-01-14T21:56:03.0728585Z   sphinx_bootstrap_theme         0.8.1                pyhd8ed1ab_0             conda-forge
2025-01-14T21:56:03.0728975Z   sphinx_rtd_theme               2.0.0                pyha770c72_0             conda-forge
2025-01-14T21:56:03.0729476Z   sphinxcontrib-apidoc           0.3.0                py_1                     conda-forge
2025-01-14T21:56:03.0730070Z   sphinxcontrib-applehelp        1.0.8                pyhd8ed1ab_0             conda-forge
2025-01-14T21:56:03.0730504Z   sphinxcontrib-bibtex           2.6.2                pyhd8ed1ab_0             conda-forge
2025-01-14T21:56:03.0730927Z   sphinxcontrib-devhelp          1.0.6                pyhd8ed1ab_0             conda-forge
2025-01-14T21:56:03.0731362Z   sphinxcontrib-htmlhelp         2.0.5                pyhd8ed1ab_0             conda-forge
2025-01-14T21:56:03.0731782Z   sphinxcontrib-jquery           4.1                  pyhd8ed1ab_0             conda-forge
2025-01-14T21:56:03.0732194Z   sphinxcontrib-jsmath           1.0.1                pyhd8ed1ab_0             conda-forge
2025-01-14T21:56:03.0732608Z   sphinxcontrib-qthelp           1.0.7                pyhd8ed1ab_0             conda-forge
2025-01-14T21:56:03.0733063Z   sphinxcontrib-serializinghtml  1.1.10               pyhd8ed1ab_0             conda-forge
2025-01-14T21:56:03.0733484Z   stack_data                     0.6.2                pyhd8ed1ab_0             conda-forge
2025-01-14T21:56:03.0733817Z   sympy                          1.12.1               pypyh2585a3b_103         conda-forge
2025-01-14T21:56:03.0734151Z   tabulate                       0.9.0                pyhd8ed1ab_1             conda-forge
2025-01-14T21:56:03.0734500Z   tenacity                       8.4.1                pyhd8ed1ab_0             conda-forge
2025-01-14T21:56:03.0734845Z   terminado                      0.18.1               pyh0d859eb_0             conda-forge
2025-01-14T21:56:03.0735187Z   tinycss2                       1.3.0                pyhd8ed1ab_0             conda-forge
2025-01-14T21:56:03.0735512Z   tk                             8.6.13               noxft_h4845f30_101       conda-forge
2025-01-14T21:56:03.0735823Z   toml                           0.10.2               pyhd8ed1ab_0             conda-forge
2025-01-14T21:56:03.0736145Z   tomli                          2.0.1                pyhd8ed1ab_0             conda-forge
2025-01-14T21:56:03.0736474Z   tornado                        6.4.1                py312h9a8786e_0          conda-forge
2025-01-14T21:56:03.0736805Z   tqdm                           4.66.4               pyhd8ed1ab_0             conda-forge
2025-01-14T21:56:03.0737218Z   traitlets                      5.14.3               pyhd8ed1ab_0             conda-forge
2025-01-14T21:56:03.0738031Z   typed-ast                      1.5.5                py312h98912ed_1          conda-forge
2025-01-14T21:56:03.0738732Z   types-python-dateutil          2.9.0.20240316       pyhd8ed1ab_0             conda-forge
2025-01-14T21:56:03.0739365Z   typing-extensions              4.12.2               hd8ed1ab_0               conda-forge
2025-01-14T21:56:03.0739769Z   typing_extensions              4.12.2               pyha770c72_0             conda-forge
2025-01-14T21:56:03.0740383Z   typing_utils                   0.1.0                pyhd8ed1ab_0             conda-forge
2025-01-14T21:56:03.0740746Z   tzdata                         2024a                h0c530f3_0               conda-forge
2025-01-14T21:56:03.0741104Z   uri-template                   1.3.0                pyhd8ed1ab_0             conda-forge
2025-01-14T21:56:03.0741463Z   urllib3                        2.2.2                pyhd8ed1ab_0             conda-forge
2025-01-14T21:56:03.0741810Z   wcwidth                        0.2.13               pyhd8ed1ab_0             conda-forge
2025-01-14T21:56:03.0742165Z   webcolors                      24.6.0               pyhd8ed1ab_0             conda-forge
2025-01-14T21:56:03.0742529Z   webencodings                   0.5.1                pyhd8ed1ab_2             conda-forge
2025-01-14T21:56:03.0742915Z   websocket-client               1.8.0                pyhd8ed1ab_0             conda-forge
2025-01-14T21:56:03.0743281Z   wheel                          0.43.0               pyhd8ed1ab_1             conda-forge
2025-01-14T21:56:03.0743822Z   widgetsnbextension             3.6.6                pyhd8ed1ab_0             conda-forge
2025-01-14T21:56:03.0744236Z   xorg-kbproto                   1.0.7                h7f98852_1002            conda-forge
2025-01-14T21:56:03.0744600Z   xorg-libice                    1.1.1                hd590300_0               conda-forge
2025-01-14T21:56:03.0744955Z   xorg-libsm                     1.2.4                h7391055_0               conda-forge
2025-01-14T21:56:03.0745312Z   xorg-libx11                    1.8.9                h8ee46fc_0               conda-forge
2025-01-14T21:56:03.0745666Z   xorg-libxau                    1.0.11               hd590300_0               conda-forge
2025-01-14T21:56:03.0746025Z   xorg-libxdmcp                  1.1.3                h7f98852_0               conda-forge
2025-01-14T21:56:03.0746387Z   xorg-libxext                   1.3.4                h0b41bf4_2               conda-forge
2025-01-14T21:56:03.0746755Z   xorg-libxrender                0.9.11               hd590300_0               conda-forge
2025-01-14T21:56:03.0747150Z   xorg-renderproto               0.11.1               h7f98852_1002            conda-forge
2025-01-14T21:56:03.0747532Z   xorg-xextproto                 7.3.0                h0b41bf4_1003            conda-forge
2025-01-14T21:56:03.0747900Z   xorg-xproto                    7.0.31               h7f98852_1007            conda-forge
2025-01-14T21:56:03.0748232Z   xz                             5.2.6                h166bdaf_0               conda-forge
2025-01-14T21:56:03.0748535Z   yaml                           0.2.5                h7f98852_2               conda-forge
2025-01-14T21:56:03.0748854Z   zeromq                         4.3.5                h75354e8_4               conda-forge
2025-01-14T21:56:03.0749177Z   zipp                           3.19.2               pyhd8ed1ab_0             conda-forge
2025-01-14T21:56:03.0749493Z   zlib                           1.3.1                h4ab18f5_1               conda-forge
2025-01-14T21:56:03.0749816Z   zlib-ng                        2.0.7                h0b41bf4_0               conda-forge
2025-01-14T21:56:03.0750481Z   zstd                           1.5.6                ha6fb4c9_0               conda-forge
2025-01-14T21:56:03.0751032Z ##[endgroup]
2025-01-14T21:56:03.0780568Z ##[group]Run pip install -e . --user
2025-01-14T21:56:03.0780915Z [36;1mpip install -e . --user[0m
2025-01-14T21:56:03.0809432Z shell: /usr/bin/bash -l {0}
2025-01-14T21:56:03.0809669Z env:
2025-01-14T21:56:03.0810031Z   CACHE_NUMBER: 0
2025-01-14T21:56:03.0810729Z   PYTEST_FLAGS: --tardis-regression-data=/home/runner/work/tardis/tardis/tardis-regression-data --cov=tardis --cov-report=xml --cov-report=html --cov-append
2025-01-14T21:56:03.0811536Z   CODECOV_TOKEN: ***
2025-01-14T21:56:03.0811768Z   MAMBA_ROOT_PREFIX: /home/runner/micromamba
2025-01-14T21:56:03.0812069Z   MAMBA_EXE: /home/runner/micromamba-bin/micromamba
2025-01-14T21:56:03.0812412Z   CONDARC: /home/runner/work/_temp/setup-micromamba/.condarc
2025-01-14T21:56:03.0812715Z ##[endgroup]
2025-01-14T21:56:03.6821342Z Obtaining file:///home/runner/work/tardis/tardis
2025-01-14T21:56:03.6847711Z   Installing build dependencies: started
2025-01-14T21:56:06.2253037Z   Installing build dependencies: finished with status 'done'
2025-01-14T21:56:06.2259216Z   Checking if build backend supports build_editable: started
2025-01-14T21:56:06.3437041Z   Checking if build backend supports build_editable: finished with status 'done'
2025-01-14T21:56:06.3445155Z   Getting requirements to build editable: started
2025-01-14T21:56:06.8086440Z   Getting requirements to build editable: finished with status 'done'
2025-01-14T21:56:06.8094193Z   Preparing editable metadata (pyproject.toml): started
2025-01-14T21:56:07.2515367Z   Preparing editable metadata (pyproject.toml): finished with status 'done'
2025-01-14T21:56:07.3094420Z Requirement already satisfied: astropy in /home/runner/micromamba/envs/tardis/lib/python3.12/site-packages (from tardis==0.0.0) (6.1.1)
2025-01-14T21:56:07.3463180Z Requirement already satisfied: numpy>=1.23 in /home/runner/micromamba/envs/tardis/lib/python3.12/site-packages (from astropy->tardis==0.0.0) (1.26.4)
2025-01-14T21:56:07.3471472Z Requirement already satisfied: pyerfa>=2.0.1.1 in /home/runner/micromamba/envs/tardis/lib/python3.12/site-packages (from astropy->tardis==0.0.0) (2.0.1.4)
2025-01-14T21:56:07.3480600Z Requirement already satisfied: astropy-iers-data>=0.2024.5.27.0.30.8 in /home/runner/micromamba/envs/tardis/lib/python3.12/site-packages (from astropy->tardis==0.0.0) (0.2024.6.17.0.31.35)
2025-01-14T21:56:07.3488299Z Requirement already satisfied: PyYAML>=3.13 in /home/runner/micromamba/envs/tardis/lib/python3.12/site-packages (from astropy->tardis==0.0.0) (6.0.1)
2025-01-14T21:56:07.3497823Z Requirement already satisfied: packaging>=19.0 in /home/runner/micromamba/envs/tardis/lib/python3.12/site-packages (from astropy->tardis==0.0.0) (24.1)
2025-01-14T21:56:07.3580951Z Building wheels for collected packages: tardis
2025-01-14T21:56:07.3588638Z   Building editable for tardis (pyproject.toml): started
2025-01-14T21:56:08.1283046Z   Building editable for tardis (pyproject.toml): finished with status 'done'
2025-01-14T21:56:08.1288861Z   Created wheel for tardis: filename=tardis-0.0.0-0.editable-py3-none-any.whl size=8876 sha256=6586e1d5aa880b3e6fefa0df8b349dcb35d0690ca75262a8ee035aff0df652a8
2025-01-14T21:56:08.1290605Z   Stored in directory: /tmp/pip-ephem-wheel-cache-cyngkdq0/wheels/6a/c7/ae/89fa6dc2565455898176888ef0e2e475e4e90eb0124afcb995
2025-01-14T21:56:08.1316112Z Successfully built tardis
2025-01-14T21:56:09.0033233Z Installing collected packages: tardis
2025-01-14T21:56:09.0853850Z Successfully installed tardis-0.0.0
2025-01-14T21:56:09.3145076Z ##[group]Run pip install qgridnext
2025-01-14T21:56:09.3145400Z [36;1mpip install qgridnext[0m
2025-01-14T21:56:09.3172397Z shell: /usr/bin/bash -l {0}
2025-01-14T21:56:09.3172630Z env:
2025-01-14T21:56:09.3172797Z   CACHE_NUMBER: 0
2025-01-14T21:56:09.3173411Z   PYTEST_FLAGS: --tardis-regression-data=/home/runner/work/tardis/tardis/tardis-regression-data --cov=tardis --cov-report=xml --cov-report=html --cov-append
2025-01-14T21:56:09.3174336Z   CODECOV_TOKEN: ***
2025-01-14T21:56:09.3174571Z   MAMBA_ROOT_PREFIX: /home/runner/micromamba
2025-01-14T21:56:09.3174876Z   MAMBA_EXE: /home/runner/micromamba-bin/micromamba
2025-01-14T21:56:09.3175226Z   CONDARC: /home/runner/work/_temp/setup-micromamba/.condarc
2025-01-14T21:56:09.3175715Z ##[endgroup]
2025-01-14T21:56:10.0227428Z Collecting qgridnext
2025-01-14T21:56:10.0391356Z   Downloading qgridnext-2.0.4-py3-none-any.whl.metadata (9.9 kB)
2025-01-14T21:56:10.1050892Z Requirement already satisfied: pandas>=0.20.0 in /home/runner/micromamba/envs/tardis/lib/python3.12/site-packages (from qgridnext) (2.2.2)
2025-01-14T21:56:10.1062754Z Requirement already satisfied: ipywidgets>=7.0.0 in /home/runner/micromamba/envs/tardis/lib/python3.12/site-packages (from qgridnext) (7.8.0)
2025-01-14T21:56:10.1071928Z Requirement already satisfied: numpy in /home/runner/micromamba/envs/tardis/lib/python3.12/site-packages (from qgridnext) (1.26.4)
2025-01-14T21:56:10.1081706Z Requirement already satisfied: traitlets in /home/runner/micromamba/envs/tardis/lib/python3.12/site-packages (from qgridnext) (5.14.3)
2025-01-14T21:56:10.1165899Z Requirement already satisfied: comm>=0.1.3 in /home/runner/micromamba/envs/tardis/lib/python3.12/site-packages (from ipywidgets>=7.0.0->qgridnext) (0.2.2)
2025-01-14T21:56:10.1174381Z Requirement already satisfied: ipython-genutils~=0.2.0 in /home/runner/micromamba/envs/tardis/lib/python3.12/site-packages (from ipywidgets>=7.0.0->qgridnext) (0.2.0)
2025-01-14T21:56:10.1186667Z Requirement already satisfied: widgetsnbextension~=3.6.5 in /home/runner/micromamba/envs/tardis/lib/python3.12/site-packages (from ipywidgets>=7.0.0->qgridnext) (3.6.6)
2025-01-14T21:56:10.1204373Z Requirement already satisfied: ipython>=4.0.0 in /home/runner/micromamba/envs/tardis/lib/python3.12/site-packages (from ipywidgets>=7.0.0->qgridnext) (8.25.0)
2025-01-14T21:56:10.1218434Z Requirement already satisfied: jupyterlab-widgets<3,>=1.0.0 in /home/runner/micromamba/envs/tardis/lib/python3.12/site-packages (from ipywidgets>=7.0.0->qgridnext) (1.1.7)
2025-01-14T21:56:10.1699038Z Requirement already satisfied: python-dateutil>=2.8.2 in /home/runner/micromamba/envs/tardis/lib/python3.12/site-packages (from pandas>=0.20.0->qgridnext) (2.9.0)
2025-01-14T21:56:10.1713003Z Requirement already satisfied: pytz>=2020.1 in /home/runner/micromamba/envs/tardis/lib/python3.12/site-packages (from pandas>=0.20.0->qgridnext) (2024.1)
2025-01-14T21:56:10.1721255Z Requirement already satisfied: tzdata>=2022.7 in /home/runner/micromamba/envs/tardis/lib/python3.12/site-packages (from pandas>=0.20.0->qgridnext) (2024.1)
2025-01-14T21:56:10.2061041Z Requirement already satisfied: decorator in /home/runner/micromamba/envs/tardis/lib/python3.12/site-packages (from ipython>=4.0.0->ipywidgets>=7.0.0->qgridnext) (5.1.1)
2025-01-14T21:56:10.2075169Z Requirement already satisfied: jedi>=0.16 in /home/runner/micromamba/envs/tardis/lib/python3.12/site-packages (from ipython>=4.0.0->ipywidgets>=7.0.0->qgridnext) (0.19.1)
2025-01-14T21:56:10.2083216Z Requirement already satisfied: matplotlib-inline in /home/runner/micromamba/envs/tardis/lib/python3.12/site-packages (from ipython>=4.0.0->ipywidgets>=7.0.0->qgridnext) (0.1.7)
2025-01-14T21:56:10.2093930Z Requirement already satisfied: prompt-toolkit<3.1.0,>=3.0.41 in /home/runner/micromamba/envs/tardis/lib/python3.12/site-packages (from ipython>=4.0.0->ipywidgets>=7.0.0->qgridnext) (3.0.47)
2025-01-14T21:56:10.2102666Z Requirement already satisfied: pygments>=2.4.0 in /home/runner/micromamba/envs/tardis/lib/python3.12/site-packages (from ipython>=4.0.0->ipywidgets>=7.0.0->qgridnext) (2.18.0)
2025-01-14T21:56:10.2112046Z Requirement already satisfied: stack-data in /home/runner/micromamba/envs/tardis/lib/python3.12/site-packages (from ipython>=4.0.0->ipywidgets>=7.0.0->qgridnext) (0.6.2)
2025-01-14T21:56:10.2130402Z Requirement already satisfied: pexpect>4.3 in /home/runner/micromamba/envs/tardis/lib/python3.12/site-packages (from ipython>=4.0.0->ipywidgets>=7.0.0->qgridnext) (4.9.0)
2025-01-14T21:56:10.2176966Z Requirement already satisfied: six>=1.5 in /home/runner/micromamba/envs/tardis/lib/python3.12/site-packages (from python-dateutil>=2.8.2->pandas>=0.20.0->qgridnext) (1.16.0)
2025-01-14T21:56:10.2233040Z Requirement already satisfied: notebook>=4.4.1 in /home/runner/micromamba/envs/tardis/lib/python3.12/site-packages (from widgetsnbextension~=3.6.5->ipywidgets>=7.0.0->qgridnext) (7.2.1)
2025-01-14T21:56:10.2421448Z Requirement already satisfied: parso<0.9.0,>=0.8.3 in /home/runner/micromamba/envs/tardis/lib/python3.12/site-packages (from jedi>=0.16->ipython>=4.0.0->ipywidgets>=7.0.0->qgridnext) (0.8.4)
2025-01-14T21:56:10.2564066Z Requirement already satisfied: jupyter-server<3,>=2.4.0 in /home/runner/micromamba/envs/tardis/lib/python3.12/site-packages (from notebook>=4.4.1->widgetsnbextension~=3.6.5->ipywidgets>=7.0.0->qgridnext) (2.14.1)
2025-01-14T21:56:10.2576775Z Requirement already satisfied: jupyterlab-server<3,>=2.27.1 in /home/runner/micromamba/envs/tardis/lib/python3.12/site-packages (from notebook>=4.4.1->widgetsnbextension~=3.6.5->ipywidgets>=7.0.0->qgridnext) (2.27.2)
2025-01-14T21:56:10.2591724Z Requirement already satisfied: jupyterlab<4.3,>=4.2.0 in /home/runner/micromamba/envs/tardis/lib/python3.12/site-packages (from notebook>=4.4.1->widgetsnbextension~=3.6.5->ipywidgets>=7.0.0->qgridnext) (4.2.2)
2025-01-14T21:56:10.2602128Z Requirement already satisfied: notebook-shim<0.3,>=0.2 in /home/runner/micromamba/envs/tardis/lib/python3.12/site-packages (from notebook>=4.4.1->widgetsnbextension~=3.6.5->ipywidgets>=7.0.0->qgridnext) (0.2.4)
2025-01-14T21:56:10.2610262Z Requirement already satisfied: tornado>=6.2.0 in /home/runner/micromamba/envs/tardis/lib/python3.12/site-packages (from notebook>=4.4.1->widgetsnbextension~=3.6.5->ipywidgets>=7.0.0->qgridnext) (6.4.1)
2025-01-14T21:56:10.2639646Z Requirement already satisfied: ptyprocess>=0.5 in /home/runner/micromamba/envs/tardis/lib/python3.12/site-packages (from pexpect>4.3->ipython>=4.0.0->ipywidgets>=7.0.0->qgridnext) (0.7.0)
2025-01-14T21:56:10.2668428Z Requirement already satisfied: wcwidth in /home/runner/micromamba/envs/tardis/lib/python3.12/site-packages (from prompt-toolkit<3.1.0,>=3.0.41->ipython>=4.0.0->ipywidgets>=7.0.0->qgridnext) (0.2.13)
2025-01-14T21:56:10.2807358Z Requirement already satisfied: executing>=1.2.0 in /home/runner/micromamba/envs/tardis/lib/python3.12/site-packages (from stack-data->ipython>=4.0.0->ipywidgets>=7.0.0->qgridnext) (2.0.1)
2025-01-14T21:56:10.2816111Z Requirement already satisfied: asttokens>=2.1.0 in /home/runner/micromamba/envs/tardis/lib/python3.12/site-packages (from stack-data->ipython>=4.0.0->ipywidgets>=7.0.0->qgridnext) (2.4.1)
2025-01-14T21:56:10.2824129Z Requirement already satisfied: pure-eval in /home/runner/micromamba/envs/tardis/lib/python3.12/site-packages (from stack-data->ipython>=4.0.0->ipywidgets>=7.0.0->qgridnext) (0.2.2)
2025-01-14T21:56:10.3161333Z Requirement already satisfied: anyio>=3.1.0 in /home/runner/micromamba/envs/tardis/lib/python3.12/site-packages (from jupyter-server<3,>=2.4.0->notebook>=4.4.1->widgetsnbextension~=3.6.5->ipywidgets>=7.0.0->qgridnext) (4.4.0)
2025-01-14T21:56:10.3170740Z Requirement already satisfied: argon2-cffi>=21.1 in /home/runner/micromamba/envs/tardis/lib/python3.12/site-packages (from jupyter-server<3,>=2.4.0->notebook>=4.4.1->widgetsnbextension~=3.6.5->ipywidgets>=7.0.0->qgridnext) (23.1.0)
2025-01-14T21:56:10.3178949Z Requirement already satisfied: jinja2>=3.0.3 in /home/runner/micromamba/envs/tardis/lib/python3.12/site-packages (from jupyter-server<3,>=2.4.0->notebook>=4.4.1->widgetsnbextension~=3.6.5->ipywidgets>=7.0.0->qgridnext) (3.1.4)
2025-01-14T21:56:10.3190383Z Requirement already satisfied: jupyter-client>=7.4.4 in /home/runner/micromamba/envs/tardis/lib/python3.12/site-packages (from jupyter-server<3,>=2.4.0->notebook>=4.4.1->widgetsnbextension~=3.6.5->ipywidgets>=7.0.0->qgridnext) (8.6.2)
2025-01-14T21:56:10.3202688Z Requirement already satisfied: jupyter-core!=5.0.*,>=4.12 in /home/runner/micromamba/envs/tardis/lib/python3.12/site-packages (from jupyter-server<3,>=2.4.0->notebook>=4.4.1->widgetsnbextension~=3.6.5->ipywidgets>=7.0.0->qgridnext) (5.7.2)
2025-01-14T21:56:10.3213840Z Requirement already satisfied: jupyter-events>=0.9.0 in /home/runner/micromamba/envs/tardis/lib/python3.12/site-packages (from jupyter-server<3,>=2.4.0->notebook>=4.4.1->widgetsnbextension~=3.6.5->ipywidgets>=7.0.0->qgridnext) (0.10.0)
2025-01-14T21:56:10.3225220Z Requirement already satisfied: jupyter-server-terminals>=0.4.4 in /home/runner/micromamba/envs/tardis/lib/python3.12/site-packages (from jupyter-server<3,>=2.4.0->notebook>=4.4.1->widgetsnbextension~=3.6.5->ipywidgets>=7.0.0->qgridnext) (0.5.3)
2025-01-14T21:56:10.3238751Z Requirement already satisfied: nbconvert>=6.4.4 in /home/runner/micromamba/envs/tardis/lib/python3.12/site-packages (from jupyter-server<3,>=2.4.0->notebook>=4.4.1->widgetsnbextension~=3.6.5->ipywidgets>=7.0.0->qgridnext) (7.16.4)
2025-01-14T21:56:10.3248697Z Requirement already satisfied: nbformat>=5.3.0 in /home/runner/micromamba/envs/tardis/lib/python3.12/site-packages (from jupyter-server<3,>=2.4.0->notebook>=4.4.1->widgetsnbextension~=3.6.5->ipywidgets>=7.0.0->qgridnext) (5.10.4)
2025-01-14T21:56:10.3257799Z Requirement already satisfied: overrides>=5.0 in /home/runner/micromamba/envs/tardis/lib/python3.12/site-packages (from jupyter-server<3,>=2.4.0->notebook>=4.4.1->widgetsnbextension~=3.6.5->ipywidgets>=7.0.0->qgridnext) (7.7.0)
2025-01-14T21:56:10.3267538Z Requirement already satisfied: packaging>=22.0 in /home/runner/micromamba/envs/tardis/lib/python3.12/site-packages (from jupyter-server<3,>=2.4.0->notebook>=4.4.1->widgetsnbextension~=3.6.5->ipywidgets>=7.0.0->qgridnext) (24.1)
2025-01-14T21:56:10.3276723Z Requirement already satisfied: prometheus-client>=0.9 in /home/runner/micromamba/envs/tardis/lib/python3.12/site-packages (from jupyter-server<3,>=2.4.0->notebook>=4.4.1->widgetsnbextension~=3.6.5->ipywidgets>=7.0.0->qgridnext) (0.20.0)
2025-01-14T21:56:10.3287234Z Requirement already satisfied: pyzmq>=24 in /home/runner/micromamba/envs/tardis/lib/python3.12/site-packages (from jupyter-server<3,>=2.4.0->notebook>=4.4.1->widgetsnbextension~=3.6.5->ipywidgets>=7.0.0->qgridnext) (26.0.3)
2025-01-14T21:56:10.3295811Z Requirement already satisfied: send2trash>=1.8.2 in /home/runner/micromamba/envs/tardis/lib/python3.12/site-packages (from jupyter-server<3,>=2.4.0->notebook>=4.4.1->widgetsnbextension~=3.6.5->ipywidgets>=7.0.0->qgridnext) (1.8.3)
2025-01-14T21:56:10.3306955Z Requirement already satisfied: terminado>=0.8.3 in /home/runner/micromamba/envs/tardis/lib/python3.12/site-packages (from jupyter-server<3,>=2.4.0->notebook>=4.4.1->widgetsnbextension~=3.6.5->ipywidgets>=7.0.0->qgridnext) (0.18.1)
2025-01-14T21:56:10.3323523Z Requirement already satisfied: websocket-client>=1.7 in /home/runner/micromamba/envs/tardis/lib/python3.12/site-packages (from jupyter-server<3,>=2.4.0->notebook>=4.4.1->widgetsnbextension~=3.6.5->ipywidgets>=7.0.0->qgridnext) (1.8.0)
2025-01-14T21:56:10.3605309Z Requirement already satisfied: async-lru>=1.0.0 in /home/runner/micromamba/envs/tardis/lib/python3.12/site-packages (from jupyterlab<4.3,>=4.2.0->notebook>=4.4.1->widgetsnbextension~=3.6.5->ipywidgets>=7.0.0->qgridnext) (2.0.4)
2025-01-14T21:56:10.3616714Z Requirement already satisfied: httpx>=0.25.0 in /home/runner/micromamba/envs/tardis/lib/python3.12/site-packages (from jupyterlab<4.3,>=4.2.0->notebook>=4.4.1->widgetsnbextension~=3.6.5->ipywidgets>=7.0.0->qgridnext) (0.27.0)
2025-01-14T21:56:10.3627693Z Requirement already satisfied: ipykernel>=6.5.0 in /home/runner/micromamba/envs/tardis/lib/python3.12/site-packages (from jupyterlab<4.3,>=4.2.0->notebook>=4.4.1->widgetsnbextension~=3.6.5->ipywidgets>=7.0.0->qgridnext) (6.29.4)
2025-01-14T21:56:10.3641309Z Requirement already satisfied: jupyter-lsp>=2.0.0 in /home/runner/micromamba/envs/tardis/lib/python3.12/site-packages (from jupyterlab<4.3,>=4.2.0->notebook>=4.4.1->widgetsnbextension~=3.6.5->ipywidgets>=7.0.0->qgridnext) (2.2.5)
2025-01-14T21:56:10.3666798Z Requirement already satisfied: setuptools>=40.1.0 in /home/runner/micromamba/envs/tardis/lib/python3.12/site-packages (from jupyterlab<4.3,>=4.2.0->notebook>=4.4.1->widgetsnbextension~=3.6.5->ipywidgets>=7.0.0->qgridnext) (70.0.0)
2025-01-14T21:56:10.3852196Z Requirement already satisfied: babel>=2.10 in /home/runner/micromamba/envs/tardis/lib/python3.12/site-packages (from jupyterlab-server<3,>=2.27.1->notebook>=4.4.1->widgetsnbextension~=3.6.5->ipywidgets>=7.0.0->qgridnext) (2.14.0)
2025-01-14T21:56:10.3877997Z Requirement already satisfied: json5>=0.9.0 in /home/runner/micromamba/envs/tardis/lib/python3.12/site-packages (from jupyterlab-server<3,>=2.27.1->notebook>=4.4.1->widgetsnbextension~=3.6.5->ipywidgets>=7.0.0->qgridnext) (0.9.25)
2025-01-14T21:56:10.3888508Z Requirement already satisfied: jsonschema>=4.18.0 in /home/runner/micromamba/envs/tardis/lib/python3.12/site-packages (from jupyterlab-server<3,>=2.27.1->notebook>=4.4.1->widgetsnbextension~=3.6.5->ipywidgets>=7.0.0->qgridnext) (4.22.0)
2025-01-14T21:56:10.3906497Z Requirement already satisfied: requests>=2.31 in /home/runner/micromamba/envs/tardis/lib/python3.12/site-packages (from jupyterlab-server<3,>=2.27.1->notebook>=4.4.1->widgetsnbextension~=3.6.5->ipywidgets>=7.0.0->qgridnext) (2.32.3)
2025-01-14T21:56:10.4261013Z Requirement already satisfied: idna>=2.8 in /home/runner/micromamba/envs/tardis/lib/python3.12/site-packages (from anyio>=3.1.0->jupyter-server<3,>=2.4.0->notebook>=4.4.1->widgetsnbextension~=3.6.5->ipywidgets>=7.0.0->qgridnext) (3.7)
2025-01-14T21:56:10.4269411Z Requirement already satisfied: sniffio>=1.1 in /home/runner/micromamba/envs/tardis/lib/python3.12/site-packages (from anyio>=3.1.0->jupyter-server<3,>=2.4.0->notebook>=4.4.1->widgetsnbextension~=3.6.5->ipywidgets>=7.0.0->qgridnext) (1.3.1)
2025-01-14T21:56:10.4359085Z Requirement already satisfied: argon2-cffi-bindings in /home/runner/micromamba/envs/tardis/lib/python3.12/site-packages (from argon2-cffi>=21.1->jupyter-server<3,>=2.4.0->notebook>=4.4.1->widgetsnbextension~=3.6.5->ipywidgets>=7.0.0->qgridnext) (21.2.0)
2025-01-14T21:56:10.4527739Z Requirement already satisfied: certifi in /home/runner/micromamba/envs/tardis/lib/python3.12/site-packages (from httpx>=0.25.0->jupyterlab<4.3,>=4.2.0->notebook>=4.4.1->widgetsnbextension~=3.6.5->ipywidgets>=7.0.0->qgridnext) (2024.6.2)
2025-01-14T21:56:10.4543102Z Requirement already satisfied: httpcore==1.* in /home/runner/micromamba/envs/tardis/lib/python3.12/site-packages (from httpx>=0.25.0->jupyterlab<4.3,>=4.2.0->notebook>=4.4.1->widgetsnbextension~=3.6.5->ipywidgets>=7.0.0->qgridnext) (1.0.5)
2025-01-14T21:56:10.4617323Z Requirement already satisfied: h11<0.15,>=0.13 in /home/runner/micromamba/envs/tardis/lib/python3.12/site-packages (from httpcore==1.*->httpx>=0.25.0->jupyterlab<4.3,>=4.2.0->notebook>=4.4.1->widgetsnbextension~=3.6.5->ipywidgets>=7.0.0->qgridnext) (0.14.0)
2025-01-14T21:56:10.4791971Z Requirement already satisfied: debugpy>=1.6.5 in /home/runner/micromamba/envs/tardis/lib/python3.12/site-packages (from ipykernel>=6.5.0->jupyterlab<4.3,>=4.2.0->notebook>=4.4.1->widgetsnbextension~=3.6.5->ipywidgets>=7.0.0->qgridnext) (1.8.1)
2025-01-14T21:56:10.4809512Z Requirement already satisfied: nest-asyncio in /home/runner/micromamba/envs/tardis/lib/python3.12/site-packages (from ipykernel>=6.5.0->jupyterlab<4.3,>=4.2.0->notebook>=4.4.1->widgetsnbextension~=3.6.5->ipywidgets>=7.0.0->qgridnext) (1.6.0)
2025-01-14T21:56:10.4824412Z Requirement already satisfied: psutil in /home/runner/micromamba/envs/tardis/lib/python3.12/site-packages (from ipykernel>=6.5.0->jupyterlab<4.3,>=4.2.0->notebook>=4.4.1->widgetsnbextension~=3.6.5->ipywidgets>=7.0.0->qgridnext) (5.9.8)
2025-01-14T21:56:10.4882305Z Requirement already satisfied: MarkupSafe>=2.0 in /home/runner/micromamba/envs/tardis/lib/python3.12/site-packages (from jinja2>=3.0.3->jupyter-server<3,>=2.4.0->notebook>=4.4.1->widgetsnbextension~=3.6.5->ipywidgets>=7.0.0->qgridnext) (2.1.5)
2025-01-14T21:56:10.5069168Z Requirement already satisfied: attrs>=22.2.0 in /home/runner/micromamba/envs/tardis/lib/python3.12/site-packages (from jsonschema>=4.18.0->jupyterlab-server<3,>=2.27.1->notebook>=4.4.1->widgetsnbextension~=3.6.5->ipywidgets>=7.0.0->qgridnext) (23.2.0)
2025-01-14T21:56:10.5079679Z Requirement already satisfied: jsonschema-specifications>=2023.03.6 in /home/runner/micromamba/envs/tardis/lib/python3.12/site-packages (from jsonschema>=4.18.0->jupyterlab-server<3,>=2.27.1->notebook>=4.4.1->widgetsnbextension~=3.6.5->ipywidgets>=7.0.0->qgridnext) (2023.12.1)
2025-01-14T21:56:10.5088026Z Requirement already satisfied: referencing>=0.28.4 in /home/runner/micromamba/envs/tardis/lib/python3.12/site-packages (from jsonschema>=4.18.0->jupyterlab-server<3,>=2.27.1->notebook>=4.4.1->widgetsnbextension~=3.6.5->ipywidgets>=7.0.0->qgridnext) (0.35.1)
2025-01-14T21:56:10.5097686Z Requirement already satisfied: rpds-py>=0.7.1 in /home/runner/micromamba/envs/tardis/lib/python3.12/site-packages (from jsonschema>=4.18.0->jupyterlab-server<3,>=2.27.1->notebook>=4.4.1->widgetsnbextension~=3.6.5->ipywidgets>=7.0.0->qgridnext) (0.18.1)
2025-01-14T21:56:10.5359002Z Requirement already satisfied: platformdirs>=2.5 in /home/runner/micromamba/envs/tardis/lib/python3.12/site-packages (from jupyter-core!=5.0.*,>=4.12->jupyter-server<3,>=2.4.0->notebook>=4.4.1->widgetsnbextension~=3.6.5->ipywidgets>=7.0.0->qgridnext) (4.2.2)
2025-01-14T21:56:10.5501195Z Requirement already satisfied: python-json-logger>=2.0.4 in /home/runner/micromamba/envs/tardis/lib/python3.12/site-packages (from jupyter-events>=0.9.0->jupyter-server<3,>=2.4.0->notebook>=4.4.1->widgetsnbextension~=3.6.5->ipywidgets>=7.0.0->qgridnext) (2.0.7)
2025-01-14T21:56:10.5509312Z Requirement already satisfied: pyyaml>=5.3 in /home/runner/micromamba/envs/tardis/lib/python3.12/site-packages (from jupyter-events>=0.9.0->jupyter-server<3,>=2.4.0->notebook>=4.4.1->widgetsnbextension~=3.6.5->ipywidgets>=7.0.0->qgridnext) (6.0.1)
2025-01-14T21:56:10.5519213Z Requirement already satisfied: rfc3339-validator in /home/runner/micromamba/envs/tardis/lib/python3.12/site-packages (from jupyter-events>=0.9.0->jupyter-server<3,>=2.4.0->notebook>=4.4.1->widgetsnbextension~=3.6.5->ipywidgets>=7.0.0->qgridnext) (0.1.4)
2025-01-14T21:56:10.5527838Z Requirement already satisfied: rfc3986-validator>=0.1.1 in /home/runner/micromamba/envs/tardis/lib/python3.12/site-packages (from jupyter-events>=0.9.0->jupyter-server<3,>=2.4.0->notebook>=4.4.1->widgetsnbextension~=3.6.5->ipywidgets>=7.0.0->qgridnext) (0.1.1)
2025-01-14T21:56:10.5923523Z Requirement already satisfied: beautifulsoup4 in /home/runner/micromamba/envs/tardis/lib/python3.12/site-packages (from nbconvert>=6.4.4->jupyter-server<3,>=2.4.0->notebook>=4.4.1->widgetsnbextension~=3.6.5->ipywidgets>=7.0.0->qgridnext) (4.12.3)
2025-01-14T21:56:10.5942099Z Requirement already satisfied: bleach!=5.0.0 in /home/runner/micromamba/envs/tardis/lib/python3.12/site-packages (from nbconvert>=6.4.4->jupyter-server<3,>=2.4.0->notebook>=4.4.1->widgetsnbextension~=3.6.5->ipywidgets>=7.0.0->qgridnext) (6.1.0)
2025-01-14T21:56:10.5954588Z Requirement already satisfied: defusedxml in /home/runner/micromamba/envs/tardis/lib/python3.12/site-packages (from nbconvert>=6.4.4->jupyter-server<3,>=2.4.0->notebook>=4.4.1->widgetsnbextension~=3.6.5->ipywidgets>=7.0.0->qgridnext) (0.7.1)
2025-01-14T21:56:10.5968174Z Requirement already satisfied: jupyterlab-pygments in /home/runner/micromamba/envs/tardis/lib/python3.12/site-packages (from nbconvert>=6.4.4->jupyter-server<3,>=2.4.0->notebook>=4.4.1->widgetsnbextension~=3.6.5->ipywidgets>=7.0.0->qgridnext) (0.3.0)
2025-01-14T21:56:10.5979190Z Requirement already satisfied: mistune<4,>=2.0.3 in /home/runner/micromamba/envs/tardis/lib/python3.12/site-packages (from nbconvert>=6.4.4->jupyter-server<3,>=2.4.0->notebook>=4.4.1->widgetsnbextension~=3.6.5->ipywidgets>=7.0.0->qgridnext) (3.0.2)
2025-01-14T21:56:10.5997970Z Requirement already satisfied: nbclient>=0.5.0 in /home/runner/micromamba/envs/tardis/lib/python3.12/site-packages (from nbconvert>=6.4.4->jupyter-server<3,>=2.4.0->notebook>=4.4.1->widgetsnbextension~=3.6.5->ipywidgets>=7.0.0->qgridnext) (0.10.0)
2025-01-14T21:56:10.6007556Z Requirement already satisfied: pandocfilters>=1.4.1 in /home/runner/micromamba/envs/tardis/lib/python3.12/site-packages (from nbconvert>=6.4.4->jupyter-server<3,>=2.4.0->notebook>=4.4.1->widgetsnbextension~=3.6.5->ipywidgets>=7.0.0->qgridnext) (1.5.0)
2025-01-14T21:56:10.6016613Z Requirement already satisfied: tinycss2 in /home/runner/micromamba/envs/tardis/lib/python3.12/site-packages (from nbconvert>=6.4.4->jupyter-server<3,>=2.4.0->notebook>=4.4.1->widgetsnbextension~=3.6.5->ipywidgets>=7.0.0->qgridnext) (1.3.0)
2025-01-14T21:56:10.6126287Z Requirement already satisfied: fastjsonschema>=2.15 in /home/runner/micromamba/envs/tardis/lib/python3.12/site-packages (from nbformat>=5.3.0->jupyter-server<3,>=2.4.0->notebook>=4.4.1->widgetsnbextension~=3.6.5->ipywidgets>=7.0.0->qgridnext) (2.20.0)
2025-01-14T21:56:10.6409437Z Requirement already satisfied: charset-normalizer<4,>=2 in /home/runner/micromamba/envs/tardis/lib/python3.12/site-packages (from requests>=2.31->jupyterlab-server<3,>=2.27.1->notebook>=4.4.1->widgetsnbextension~=3.6.5->ipywidgets>=7.0.0->qgridnext) (3.3.2)
2025-01-14T21:56:10.6422791Z Requirement already satisfied: urllib3<3,>=1.21.1 in /home/runner/micromamba/envs/tardis/lib/python3.12/site-packages (from requests>=2.31->jupyterlab-server<3,>=2.27.1->notebook>=4.4.1->widgetsnbextension~=3.6.5->ipywidgets>=7.0.0->qgridnext) (2.2.2)
2025-01-14T21:56:10.7142098Z Requirement already satisfied: webencodings in /home/runner/micromamba/envs/tardis/lib/python3.12/site-packages (from bleach!=5.0.0->nbconvert>=6.4.4->jupyter-server<3,>=2.4.0->notebook>=4.4.1->widgetsnbextension~=3.6.5->ipywidgets>=7.0.0->qgridnext) (0.5.1)
2025-01-14T21:56:10.7676371Z Requirement already satisfied: fqdn in /home/runner/micromamba/envs/tardis/lib/python3.12/site-packages (from jsonschema[format-nongpl]>=4.18.0->jupyter-events>=0.9.0->jupyter-server<3,>=2.4.0->notebook>=4.4.1->widgetsnbextension~=3.6.5->ipywidgets>=7.0.0->qgridnext) (1.5.1)
2025-01-14T21:56:10.7692270Z Requirement already satisfied: isoduration in /home/runner/micromamba/envs/tardis/lib/python3.12/site-packages (from jsonschema[format-nongpl]>=4.18.0->jupyter-events>=0.9.0->jupyter-server<3,>=2.4.0->notebook>=4.4.1->widgetsnbextension~=3.6.5->ipywidgets>=7.0.0->qgridnext) (20.11.0)
2025-01-14T21:56:10.7704408Z Requirement already satisfied: jsonpointer>1.13 in /home/runner/micromamba/envs/tardis/lib/python3.12/site-packages (from jsonschema[format-nongpl]>=4.18.0->jupyter-events>=0.9.0->jupyter-server<3,>=2.4.0->notebook>=4.4.1->widgetsnbextension~=3.6.5->ipywidgets>=7.0.0->qgridnext) (3.0.0)
2025-01-14T21:56:10.7719706Z Requirement already satisfied: uri-template in /home/runner/micromamba/envs/tardis/lib/python3.12/site-packages (from jsonschema[format-nongpl]>=4.18.0->jupyter-events>=0.9.0->jupyter-server<3,>=2.4.0->notebook>=4.4.1->widgetsnbextension~=3.6.5->ipywidgets>=7.0.0->qgridnext) (1.3.0)
2025-01-14T21:56:10.7732719Z Requirement already satisfied: webcolors>=1.11 in /home/runner/micromamba/envs/tardis/lib/python3.12/site-packages (from jsonschema[format-nongpl]>=4.18.0->jupyter-events>=0.9.0->jupyter-server<3,>=2.4.0->notebook>=4.4.1->widgetsnbextension~=3.6.5->ipywidgets>=7.0.0->qgridnext) (24.6.0)
2025-01-14T21:56:10.8677434Z Requirement already satisfied: cffi>=1.0.1 in /home/runner/micromamba/envs/tardis/lib/python3.12/site-packages (from argon2-cffi-bindings->argon2-cffi>=21.1->jupyter-server<3,>=2.4.0->notebook>=4.4.1->widgetsnbextension~=3.6.5->ipywidgets>=7.0.0->qgridnext) (1.16.0)
2025-01-14T21:56:10.8766686Z Requirement already satisfied: soupsieve>1.2 in /home/runner/micromamba/envs/tardis/lib/python3.12/site-packages (from beautifulsoup4->nbconvert>=6.4.4->jupyter-server<3,>=2.4.0->notebook>=4.4.1->widgetsnbextension~=3.6.5->ipywidgets>=7.0.0->qgridnext) (2.5)
2025-01-14T21:56:10.9257593Z Requirement already satisfied: pycparser in /home/runner/micromamba/envs/tardis/lib/python3.12/site-packages (from cffi>=1.0.1->argon2-cffi-bindings->argon2-cffi>=21.1->jupyter-server<3,>=2.4.0->notebook>=4.4.1->widgetsnbextension~=3.6.5->ipywidgets>=7.0.0->qgridnext) (2.22)
2025-01-14T21:56:10.9725278Z Requirement already satisfied: arrow>=0.15.0 in /home/runner/micromamba/envs/tardis/lib/python3.12/site-packages (from isoduration->jsonschema[format-nongpl]>=4.18.0->jupyter-events>=0.9.0->jupyter-server<3,>=2.4.0->notebook>=4.4.1->widgetsnbextension~=3.6.5->ipywidgets>=7.0.0->qgridnext) (1.3.0)
2025-01-14T21:56:10.9999775Z Requirement already satisfied: types-python-dateutil>=2.8.10 in /home/runner/micromamba/envs/tardis/lib/python3.12/site-packages (from arrow>=0.15.0->isoduration->jsonschema[format-nongpl]>=4.18.0->jupyter-events>=0.9.0->jupyter-server<3,>=2.4.0->notebook>=4.4.1->widgetsnbextension~=3.6.5->ipywidgets>=7.0.0->qgridnext) (2.9.0.20240316)
2025-01-14T21:56:11.0223735Z Downloading qgridnext-2.0.4-py3-none-any.whl (1.3 MB)
2025-01-14T21:56:11.0486744Z    ━━━━━━━━━━━━━━━━━━━━━━━━━━━━━━━━━━━━━━━━ 1.3/1.3 MB 55.6 MB/s eta 0:00:00
2025-01-14T21:56:11.8267232Z Installing collected packages: qgridnext
2025-01-14T21:56:11.9132929Z Successfully installed qgridnext-2.0.4
2025-01-14T21:56:12.1171438Z ##[group]Run pytest tardis --tardis-regression-data=/home/runner/work/tardis/tardis/tardis-regression-data --cov=tardis --cov-report=xml --cov-report=html --cov-append -m " continuum"
2025-01-14T21:56:12.1172773Z [36;1mpytest tardis --tardis-regression-data=/home/runner/work/tardis/tardis/tardis-regression-data --cov=tardis --cov-report=xml --cov-report=html --cov-append -m " continuum"[0m
2025-01-14T21:56:12.1199497Z shell: /usr/bin/bash -l {0}
2025-01-14T21:56:12.1211754Z env:
2025-01-14T21:56:12.1212091Z   CACHE_NUMBER: 0
2025-01-14T21:56:12.1212897Z   PYTEST_FLAGS: --tardis-regression-data=/home/runner/work/tardis/tardis/tardis-regression-data --cov=tardis --cov-report=xml --cov-report=html --cov-append
2025-01-14T21:56:12.1213747Z   CODECOV_TOKEN: ***
2025-01-14T21:56:12.1213989Z   MAMBA_ROOT_PREFIX: /home/runner/micromamba
2025-01-14T21:56:12.1214296Z   MAMBA_EXE: /home/runner/micromamba-bin/micromamba
2025-01-14T21:56:12.1214683Z   CONDARC: /home/runner/work/_temp/setup-micromamba/.condarc
2025-01-14T21:56:12.1214984Z ##[endgroup]
2025-01-14T21:56:20.1021469Z ============================= test session starts ==============================
2025-01-14T21:56:20.1022182Z platform linux -- Python 3.12.4, pytest-8.2.2, pluggy-1.5.0
2025-01-14T21:56:20.1022839Z rootdir: /home/runner/work/tardis/tardis
2025-01-14T21:56:20.1023370Z configfile: pyproject.toml
2025-01-14T21:56:20.1023951Z plugins: anyio-4.4.0, doctestplus-1.2.1, cov-5.0.0, html-4.1.1, metadata-3.1.1
2025-01-14T21:56:20.1024633Z collected 1796 items / 1794 deselected / 2 selected
2025-01-14T21:56:20.1024991Z 
2025-01-14T21:58:03.1927211Z tardis/transport/montecarlo/estimators/tests/test_continuum_property_solver.py . [ 50%]
2025-01-14T21:58:03.1929761Z                                                                          [ 50%]
2025-01-14T21:58:36.4907794Z tardis/transport/montecarlo/tests/test_continuum.py .                    [100%]
2025-01-14T21:58:36.4908307Z 
2025-01-14T21:58:36.4908579Z =============================== warnings summary ===============================
2025-01-14T21:58:36.4909245Z tardis/io/configuration/config_validator.py:6
2025-01-14T21:58:36.4910146Z tardis/io/configuration/config_validator.py:6
2025-01-14T21:58:36.4911213Z   /home/runner/work/tardis/tardis/tardis/io/configuration/config_validator.py:6: DeprecationWarning:
2025-01-14T21:58:36.4912011Z   
2025-01-14T21:58:36.4914061Z   jsonschema.RefResolver is deprecated as of v4.18.0, in favor of the https://github.com/python-jsonschema/referencing library, which provides more compliant referencing behavior as well as more flexible APIs for customization. A future release will remove RefResolver. Please file a feature request (on referencing) if you are missing an API for the kind of customization you need.
2025-01-14T21:58:36.4915273Z 
2025-01-14T21:58:36.4915517Z ../../../micromamba/envs/tardis/lib/python3.12/site-packages/jupyter_client/connect.py:22
2025-01-14T21:58:36.4916214Z   /home/runner/micromamba/envs/tardis/lib/python3.12/site-packages/jupyter_client/connect.py:22: DeprecationWarning:
2025-01-14T21:58:36.4916716Z   
2025-01-14T21:58:36.4916951Z   Jupyter is migrating its paths to use standard platformdirs
2025-01-14T21:58:36.4917327Z   given by the platformdirs library.  To remove this warning and
2025-01-14T21:58:36.4917945Z   see the appropriate new directories, set the environment variable
2025-01-14T21:58:36.4918329Z   `JUPYTER_PLATFORM_DIRS=1` and then run `jupyter --paths`.
2025-01-14T21:58:36.4918704Z   The use of platformdirs will be the default in `jupyter_core` v6
2025-01-14T21:58:36.4918939Z 
2025-01-14T21:58:36.4925390Z tardis/transport/montecarlo/estimators/tests/test_continuum_property_solver.py::test_continuum_estimators
2025-01-14T21:58:36.4926215Z   /home/runner/work/tardis/tardis/tardis/transport/montecarlo/montecarlo_main_loop.py:123: NumbaTypeSafetyWarning:
2025-01-14T21:58:36.4926737Z   
2025-01-14T21:58:36.4927259Z   [1m[1m[1munsafe cast from uint64 to int64. Precision may be lost.[0m[0m[0m
2025-01-14T21:58:36.4927765Z 
2025-01-14T21:58:36.4927991Z -- Docs: https://docs.pytest.org/en/stable/how-to/capture-warnings.html
2025-01-14T21:58:36.4928266Z 
2025-01-14T21:58:36.4928432Z ---------- coverage: platform linux, python 3.12.4-final-0 -----------
2025-01-14T21:58:36.4928812Z Coverage HTML written to dir coverage_html_report
2025-01-14T21:58:36.4929104Z Coverage XML written to file coverage.xml
2025-01-14T21:58:36.4929282Z 
2025-01-14T21:58:36.4929445Z ========== 2 passed, 1794 deselected, 4 warnings in 137.87s (0:02:17) ==========
2025-01-14T21:58:37.4298368Z ##[group]Run pytest tardis --tardis-regression-data=/home/runner/work/tardis/tardis/tardis-regression-data --cov=tardis --cov-report=xml --cov-report=html --cov-append --generate-reference -m " continuum"
2025-01-14T21:58:37.4299733Z [36;1mpytest tardis --tardis-regression-data=/home/runner/work/tardis/tardis/tardis-regression-data --cov=tardis --cov-report=xml --cov-report=html --cov-append --generate-reference -m " continuum"[0m
2025-01-14T21:58:37.4334031Z shell: /usr/bin/bash -l {0}
2025-01-14T21:58:37.4334268Z env:
2025-01-14T21:58:37.4334439Z   CACHE_NUMBER: 0
2025-01-14T21:58:37.4335055Z   PYTEST_FLAGS: --tardis-regression-data=/home/runner/work/tardis/tardis/tardis-regression-data --cov=tardis --cov-report=xml --cov-report=html --cov-append
2025-01-14T21:58:37.4335839Z   CODECOV_TOKEN: ***
2025-01-14T21:58:37.4336081Z   MAMBA_ROOT_PREFIX: /home/runner/micromamba
2025-01-14T21:58:37.4336372Z   MAMBA_EXE: /home/runner/micromamba-bin/micromamba
2025-01-14T21:58:37.4336746Z   CONDARC: /home/runner/work/_temp/setup-micromamba/.condarc
2025-01-14T21:58:37.4337045Z ##[endgroup]
2025-01-14T21:58:44.6048175Z ============================= test session starts ==============================
2025-01-14T21:58:44.6049015Z platform linux -- Python 3.12.4, pytest-8.2.2, pluggy-1.5.0
2025-01-14T21:58:44.6049708Z rootdir: /home/runner/work/tardis/tardis
2025-01-14T21:58:44.6050496Z configfile: pyproject.toml
2025-01-14T21:58:44.6051180Z plugins: anyio-4.4.0, doctestplus-1.2.1, cov-5.0.0, html-4.1.1, metadata-3.1.1
2025-01-14T21:58:44.6051909Z collected 1796 items / 1794 deselected / 2 selected
2025-01-14T21:58:44.6052166Z 
2025-01-14T22:00:28.4165790Z tardis/transport/montecarlo/estimators/tests/test_continuum_property_solver.py . [ 50%]
2025-01-14T22:00:28.4166962Z                                                                          [ 50%]
2025-01-14T22:01:00.7907108Z tardis/transport/montecarlo/tests/test_continuum.py s                    [100%]
2025-01-14T22:01:00.7907690Z 
2025-01-14T22:01:00.7907935Z =============================== warnings summary ===============================
2025-01-14T22:01:00.7908469Z tardis/io/configuration/config_validator.py:6
2025-01-14T22:01:00.7908978Z tardis/io/configuration/config_validator.py:6
2025-01-14T22:01:00.7909816Z   /home/runner/work/tardis/tardis/tardis/io/configuration/config_validator.py:6: DeprecationWarning:
2025-01-14T22:01:00.7910780Z   
2025-01-14T22:01:00.7912048Z   jsonschema.RefResolver is deprecated as of v4.18.0, in favor of the https://github.com/python-jsonschema/referencing library, which provides more compliant referencing behavior as well as more flexible APIs for customization. A future release will remove RefResolver. Please file a feature request (on referencing) if you are missing an API for the kind of customization you need.
2025-01-14T22:01:00.7913516Z 
2025-01-14T22:01:00.7913751Z ../../../micromamba/envs/tardis/lib/python3.12/site-packages/jupyter_client/connect.py:22
2025-01-14T22:01:00.7914388Z   /home/runner/micromamba/envs/tardis/lib/python3.12/site-packages/jupyter_client/connect.py:22: DeprecationWarning:
2025-01-14T22:01:00.7914893Z   
2025-01-14T22:01:00.7915129Z   Jupyter is migrating its paths to use standard platformdirs
2025-01-14T22:01:00.7915508Z   given by the platformdirs library.  To remove this warning and
2025-01-14T22:01:00.7915893Z   see the appropriate new directories, set the environment variable
2025-01-14T22:01:00.7916272Z   `JUPYTER_PLATFORM_DIRS=1` and then run `jupyter --paths`.
2025-01-14T22:01:00.7916642Z   The use of platformdirs will be the default in `jupyter_core` v6
2025-01-14T22:01:00.7916881Z 
2025-01-14T22:01:00.7917232Z tardis/transport/montecarlo/estimators/tests/test_continuum_property_solver.py::test_continuum_estimators
2025-01-14T22:01:00.7917992Z   /home/runner/work/tardis/tardis/tardis/transport/montecarlo/montecarlo_main_loop.py:123: NumbaTypeSafetyWarning:
2025-01-14T22:01:00.7918500Z   
2025-01-14T22:01:00.7919187Z   [1m[1m[1munsafe cast from uint64 to int64. Precision may be lost.[0m[0m[0m
2025-01-14T22:01:00.7919465Z 
2025-01-14T22:01:00.7919689Z tardis/transport/montecarlo/tests/test_continuum.py::test_montecarlo_continuum
2025-01-14T22:01:00.7920405Z tardis/transport/montecarlo/tests/test_continuum.py::test_montecarlo_continuum
2025-01-14T22:01:00.7920918Z   /home/runner/work/tardis/tardis/tardis/io/util.py:289: PerformanceWarning:
2025-01-14T22:01:00.7921274Z   
2025-01-14T22:01:00.7921432Z   
2025-01-14T22:01:00.7921716Z   your performance may suffer as PyTables will pickle object types that it cannot
2025-01-14T22:01:00.7922244Z   map directly to c-types [inferred_type->mixed,key->block0_values] [items->Index([0], dtype='int64')]
2025-01-14T22:01:00.7922576Z 
2025-01-14T22:01:00.7922801Z tardis/transport/montecarlo/tests/test_continuum.py::test_montecarlo_continuum
2025-01-14T22:01:00.7923304Z tardis/transport/montecarlo/tests/test_continuum.py::test_montecarlo_continuum
2025-01-14T22:01:00.7923815Z tardis/transport/montecarlo/tests/test_continuum.py::test_montecarlo_continuum
2025-01-14T22:01:00.7924333Z tardis/transport/montecarlo/tests/test_continuum.py::test_montecarlo_continuum
2025-01-14T22:01:00.7924827Z   /home/runner/work/tardis/tardis/tardis/io/util.py:276: PerformanceWarning:
2025-01-14T22:01:00.7925184Z   
2025-01-14T22:01:00.7925337Z   
2025-01-14T22:01:00.7925622Z   your performance may suffer as PyTables will pickle object types that it cannot
2025-01-14T22:01:00.7926147Z   map directly to c-types [inferred_type->mixed,key->block0_values] [items->Index([0], dtype='int64')]
2025-01-14T22:01:00.7926474Z 
2025-01-14T22:01:00.7926695Z tardis/transport/montecarlo/tests/test_continuum.py::test_montecarlo_continuum
2025-01-14T22:01:00.7927209Z   /home/runner/work/tardis/tardis/tardis/io/util.py:280: PerformanceWarning:
2025-01-14T22:01:00.7927562Z   
2025-01-14T22:01:00.7927711Z   
2025-01-14T22:01:00.7927992Z   your performance may suffer as PyTables will pickle object types that it cannot
2025-01-14T22:01:00.7928490Z   map directly to c-types [inferred_type->mixed-integer,key->axis1_level0] [items->None]
2025-01-14T22:01:00.7928790Z 
2025-01-14T22:01:00.7929007Z tardis/transport/montecarlo/tests/test_continuum.py::test_montecarlo_continuum
2025-01-14T22:01:00.7929492Z   /home/runner/work/tardis/tardis/tardis/io/util.py:280: PerformanceWarning:
2025-01-14T22:01:00.7929836Z   
2025-01-14T22:01:00.7930153Z   
2025-01-14T22:01:00.7930432Z   your performance may suffer as PyTables will pickle object types that it cannot
2025-01-14T22:01:00.7930917Z   map directly to c-types [inferred_type->mixed-integer,key->axis1_level1] [items->None]
2025-01-14T22:01:00.7931222Z 
2025-01-14T22:01:00.7931434Z tardis/transport/montecarlo/tests/test_continuum.py::test_montecarlo_continuum
2025-01-14T22:01:00.7932012Z   /home/runner/work/tardis/tardis/tardis/io/util.py:280: PerformanceWarning:
2025-01-14T22:01:00.7932334Z   
2025-01-14T22:01:00.7932472Z   
2025-01-14T22:01:00.7932727Z   your performance may suffer as PyTables will pickle object types that it cannot
2025-01-14T22:01:00.7933157Z   map directly to c-types [inferred_type->mixed-integer,key->axis1] [items->None]
2025-01-14T22:01:00.7933405Z 
2025-01-14T22:01:00.7933604Z tardis/transport/montecarlo/tests/test_continuum.py::test_montecarlo_continuum
2025-01-14T22:01:00.7934057Z   /home/runner/work/tardis/tardis/tardis/io/util.py:269: PerformanceWarning:
2025-01-14T22:01:00.7934374Z   
2025-01-14T22:01:00.7934512Z   
2025-01-14T22:01:00.7934767Z   your performance may suffer as PyTables will pickle object types that it cannot
2025-01-14T22:01:00.7935197Z   map directly to c-types [inferred_type->mixed-integer,key->index] [items->None]
2025-01-14T22:01:00.7935444Z 
2025-01-14T22:01:00.7935642Z tardis/transport/montecarlo/tests/test_continuum.py::test_montecarlo_continuum
2025-01-14T22:01:00.7936104Z   /home/runner/work/tardis/tardis/tardis/io/util.py:280: PerformanceWarning:
2025-01-14T22:01:00.7936426Z   
2025-01-14T22:01:00.7936563Z   
2025-01-14T22:01:00.7936942Z   your performance may suffer as PyTables will pickle object types that it cannot
2025-01-14T22:01:00.7937375Z   map directly to c-types [inferred_type->mixed-integer,key->axis0] [items->None]
2025-01-14T22:01:00.7937627Z 
2025-01-14T22:01:00.7937820Z tardis/transport/montecarlo/tests/test_continuum.py::test_montecarlo_continuum
2025-01-14T22:01:00.7938273Z   /home/runner/work/tardis/tardis/tardis/io/util.py:280: PerformanceWarning:
2025-01-14T22:01:00.7938590Z   
2025-01-14T22:01:00.7938727Z   
2025-01-14T22:01:00.7938980Z   your performance may suffer as PyTables will pickle object types that it cannot
2025-01-14T22:01:00.7939418Z   map directly to c-types [inferred_type->integer,key->block1_items] [items->None]
2025-01-14T22:01:00.7939675Z 
2025-01-14T22:01:00.7940029Z tardis/transport/montecarlo/tests/test_continuum.py::test_montecarlo_continuum
2025-01-14T22:01:00.7940500Z   /home/runner/work/tardis/tardis/tardis/io/util.py:280: PerformanceWarning:
2025-01-14T22:01:00.7940819Z   
2025-01-14T22:01:00.7940957Z   
2025-01-14T22:01:00.7941224Z   your performance may suffer as PyTables will pickle object types that it cannot
2025-01-14T22:01:00.7941658Z   map directly to c-types [inferred_type->integer,key->block0_items] [items->None]
2025-01-14T22:01:00.7941909Z 
2025-01-14T22:01:00.7942112Z tardis/transport/montecarlo/tests/test_continuum.py::test_montecarlo_continuum
2025-01-14T22:01:00.7942562Z   /home/runner/work/tardis/tardis/tardis/io/util.py:280: PerformanceWarning:
2025-01-14T22:01:00.7942879Z   
2025-01-14T22:01:00.7943017Z   
2025-01-14T22:01:00.7943269Z   your performance may suffer as PyTables will pickle object types that it cannot
2025-01-14T22:01:00.7943681Z   map directly to c-types [inferred_type->integer,key->axis0] [items->None]
2025-01-14T22:01:00.7943925Z 
2025-01-14T22:01:00.7944124Z tardis/transport/montecarlo/tests/test_continuum.py::test_montecarlo_continuum
2025-01-14T22:01:00.7944578Z   /home/runner/work/tardis/tardis/tardis/io/util.py:292: PerformanceWarning:
2025-01-14T22:01:00.7944893Z   
2025-01-14T22:01:00.7945036Z   
2025-01-14T22:01:00.7945292Z   your performance may suffer as PyTables will pickle object types that it cannot
2025-01-14T22:01:00.7945726Z   map directly to c-types [inferred_type->mixed-integer,key->values] [items->None]
2025-01-14T22:01:00.7945983Z 
2025-01-14T22:01:00.7946179Z tardis/transport/montecarlo/tests/test_continuum.py::test_montecarlo_continuum
2025-01-14T22:01:00.7946662Z   /home/runner/work/tardis/tardis/tardis/spectrum/base.py:70: UserWarning:
2025-01-14T22:01:00.7946975Z   
2025-01-14T22:01:00.7947344Z   SpectrumSolver.spectrum_virtual_packets is zero. Please run the montecarlo simulation with no_of_virtual_packets > 0
2025-01-14T22:01:00.7947718Z 
2025-01-14T22:01:00.7947918Z tardis/transport/montecarlo/tests/test_continuum.py::test_montecarlo_continuum
2025-01-14T22:01:00.7948482Z   /home/runner/work/tardis/tardis/tardis/spectrum/base.py:94: UserWarning:
2025-01-14T22:01:00.7948798Z   
2025-01-14T22:01:00.7949469Z   The FormalIntegrator is not yet implemented for the full relativity mode or continuum processes. Please run with config option enable_full_relativity: False and continuum_processes_enabled: False This RETURNS AN EMPTY SPECTRUM!
2025-01-14T22:01:00.7950311Z 
2025-01-14T22:01:00.7950482Z -- Docs: https://docs.pytest.org/en/stable/how-to/capture-warnings.html
2025-01-14T22:01:00.7950730Z 
2025-01-14T22:01:00.7950878Z ---------- coverage: platform linux, python 3.12.4-final-0 -----------
2025-01-14T22:01:00.7951221Z Coverage HTML written to dir coverage_html_report
2025-01-14T22:01:00.7951492Z Coverage XML written to file coverage.xml
2025-01-14T22:01:00.7951651Z 
2025-01-14T22:01:00.7951817Z ==== 1 passed, 1 skipped, 1794 deselected, 21 warnings in 137.26s (0:02:17) ====
2025-01-14T22:01:01.7536215Z ##[group]Run mv .coverage .coverage.3
2025-01-14T22:01:01.7536748Z [36;1mmv .coverage .coverage.3[0m
2025-01-14T22:01:01.7565990Z shell: /usr/bin/bash -l {0}
2025-01-14T22:01:01.7566240Z env:
2025-01-14T22:01:01.7566409Z   CACHE_NUMBER: 0
2025-01-14T22:01:01.7567021Z   PYTEST_FLAGS: --tardis-regression-data=/home/runner/work/tardis/tardis/tardis-regression-data --cov=tardis --cov-report=xml --cov-report=html --cov-append
2025-01-14T22:01:01.7567803Z   CODECOV_TOKEN: ***
2025-01-14T22:01:01.7568033Z   MAMBA_ROOT_PREFIX: /home/runner/micromamba
2025-01-14T22:01:01.7568334Z   MAMBA_EXE: /home/runner/micromamba-bin/micromamba
2025-01-14T22:01:01.7568682Z   CONDARC: /home/runner/work/_temp/setup-micromamba/.condarc
2025-01-14T22:01:01.7568978Z ##[endgroup]
2025-01-14T22:01:01.8679228Z ##[group]Run actions/upload-artifact@v4
2025-01-14T22:01:01.8679685Z with:
2025-01-14T22:01:01.8680411Z   name: coverage--continuum-ubuntu-latest
2025-01-14T22:01:01.8680837Z   include-hidden-files: true
2025-01-14T22:01:01.8681201Z   path: .coverage*
!.coveragerc

2025-01-14T22:01:01.8681563Z   if-no-files-found: warn
2025-01-14T22:01:01.8681874Z   compression-level: 6
2025-01-14T22:01:01.8682160Z   overwrite: false
2025-01-14T22:01:01.8682420Z env:
2025-01-14T22:01:01.8682646Z   CACHE_NUMBER: 0
2025-01-14T22:01:01.8683490Z   PYTEST_FLAGS: --tardis-regression-data=/home/runner/work/tardis/tardis/tardis-regression-data --cov=tardis --cov-report=xml --cov-report=html --cov-append
2025-01-14T22:01:01.8684554Z   CODECOV_TOKEN: ***
2025-01-14T22:01:01.8684782Z   MAMBA_ROOT_PREFIX: /home/runner/micromamba
2025-01-14T22:01:01.8685078Z   MAMBA_EXE: /home/runner/micromamba-bin/micromamba
2025-01-14T22:01:01.8685409Z   CONDARC: /home/runner/work/_temp/setup-micromamba/.condarc
2025-01-14T22:01:01.8685715Z ##[endgroup]
2025-01-14T22:01:02.0881036Z With the provided path, there will be 1 file uploaded
2025-01-14T22:01:02.0886252Z Artifact name is valid!
2025-01-14T22:01:02.0887550Z Root directory input is valid!
2025-01-14T22:01:02.3819667Z Beginning upload of artifact content to blob storage
2025-01-14T22:01:02.7641313Z Uploaded bytes 18535
2025-01-14T22:01:02.8461706Z Finished uploading artifact content to blob storage!
2025-01-14T22:01:02.8465056Z SHA256 hash of uploaded artifact zip is dfde29160dff4210e64f1de7560d982a85b459c61c29660ec35b3caca487c1e3
2025-01-14T22:01:02.8466396Z Finalizing artifact upload
2025-01-14T22:01:02.9811814Z Artifact coverage--continuum-ubuntu-latest.zip successfully finalized. Artifact ID 2431193793
2025-01-14T22:01:02.9813184Z Artifact coverage--continuum-ubuntu-latest has been successfully uploaded! Final size is 18535 bytes. Artifact ID is 2431193793
2025-01-14T22:01:02.9819376Z Artifact download URL: https://github.com/tardis-sn/tardis/actions/runs/12777066763/artifacts/2431193793
2025-01-14T22:01:02.9937072Z Post job cleanup.
2025-01-14T22:01:02.9966442Z Post job cleanup.
2025-01-14T22:01:03.1275205Z Will use pre-installed micromamba at /home/runner/micromamba-bin/micromamba
2025-01-14T22:01:03.1282626Z Removing micromamba run shell ...
2025-01-14T22:01:03.1286601Z ##[group]Deinitialize micromamba for bash
2025-01-14T22:01:03.1305198Z [command]/home/runner/micromamba-bin/micromamba shell deinit -s bash -r /home/runner/micromamba --log-level warning --rc-file /home/runner/work/_temp/setup-micromamba/.condarc
2025-01-14T22:01:03.1400176Z Resetting RC file "/home/runner/.bashrc"
2025-01-14T22:01:03.1400706Z Deleting config for root prefix 
2025-01-14T22:01:03.1401212Z Clearing mamba executable environment variable
2025-01-14T22:01:03.1402969Z Removing the following in your "/home/runner/.bashrc" file
2025-01-14T22:01:03.1404043Z # >>> mamba initialize >>>
2025-01-14T22:01:03.1404400Z ...
2025-01-14T22:01:03.1404872Z # <<< mamba initialize <<<
2025-01-14T22:01:03.1432743Z Removing mamba initialize block from .bash_profile
2025-01-14T22:01:03.1447199Z ##[endgroup]
2025-01-14T22:01:03.1451835Z Removing environment tardis from auto-activate bash ...
2025-01-14T22:01:03.1565844Z Post job cleanup.
2025-01-14T22:01:03.1599969Z Post job cleanup.
2025-01-14T22:01:03.2527383Z [command]/usr/bin/git version
2025-01-14T22:01:03.2562840Z git version 2.47.1
2025-01-14T22:01:03.2605342Z Temporarily overriding HOME='/home/runner/work/_temp/1beefbfd-dfda-4d75-a9de-f2a3943d1c44' before making global git config changes
2025-01-14T22:01:03.2606646Z Adding repository directory to the temporary git global config as a safe directory
2025-01-14T22:01:03.2618076Z [command]/usr/bin/git config --global --add safe.directory /home/runner/work/tardis/tardis/tardis-regression-data
2025-01-14T22:01:03.2651860Z [command]/usr/bin/git config --local --name-only --get-regexp core\.sshCommand
2025-01-14T22:01:03.2683911Z [command]/usr/bin/git submodule foreach --recursive sh -c "git config --local --name-only --get-regexp 'core\.sshCommand' && git config --local --unset-all 'core.sshCommand' || :"
2025-01-14T22:01:03.2905555Z [command]/usr/bin/git config --local --name-only --get-regexp http\.https\:\/\/github\.com\/\.extraheader
2025-01-14T22:01:03.2923839Z http.https://github.com/.extraheader
2025-01-14T22:01:03.2935019Z [command]/usr/bin/git config --local --unset-all http.https://github.com/.extraheader
2025-01-14T22:01:03.2964254Z [command]/usr/bin/git submodule foreach --recursive sh -c "git config --local --name-only --get-regexp 'http\.https\:\/\/github\.com\/\.extraheader' && git config --local --unset-all 'http.https://github.com/.extraheader' || :"
2025-01-14T22:01:03.3282036Z Post job cleanup.
2025-01-14T22:01:03.4200896Z [command]/usr/bin/git version
2025-01-14T22:01:03.4236487Z git version 2.47.1
2025-01-14T22:01:03.4289331Z Temporarily overriding HOME='/home/runner/work/_temp/5d9db077-cf0e-41b9-a814-c7d97fa0edc8' before making global git config changes
2025-01-14T22:01:03.4290728Z Adding repository directory to the temporary git global config as a safe directory
2025-01-14T22:01:03.4297987Z [command]/usr/bin/git config --global --add safe.directory /home/runner/work/tardis/tardis
2025-01-14T22:01:03.4345182Z [command]/usr/bin/git config --local --name-only --get-regexp core\.sshCommand
2025-01-14T22:01:03.4377253Z [command]/usr/bin/git submodule foreach --recursive sh -c "git config --local --name-only --get-regexp 'core\.sshCommand' && git config --local --unset-all 'core.sshCommand' || :"
2025-01-14T22:01:03.4607172Z [command]/usr/bin/git config --local --name-only --get-regexp http\.https\:\/\/github\.com\/\.extraheader
2025-01-14T22:01:03.4626886Z http.https://github.com/.extraheader
2025-01-14T22:01:03.4639777Z [command]/usr/bin/git config --local --unset-all http.https://github.com/.extraheader
2025-01-14T22:01:03.4670837Z [command]/usr/bin/git submodule foreach --recursive sh -c "git config --local --name-only --get-regexp 'http\.https\:\/\/github\.com\/\.extraheader' && git config --local --unset-all 'http.https://github.com/.extraheader' || :"
2025-01-14T22:01:03.4987593Z Cleaning up orphan processes
