2025-01-14T20:55:38.1828041Z Requested labels: ubuntu-latest
2025-01-14T20:55:38.1828274Z Job defined at: tardis-sn/tardis/.github/workflows/tests.yml@refs/pull/2897/merge
2025-01-14T20:55:38.1828365Z Waiting for a runner to pick up this job...
2025-01-14T20:55:38.5195985Z Job is waiting for a hosted runner to come online.
2025-01-14T20:55:41.9547352Z Job is about to start running on the hosted runner: GitHub Actions 49 (hosted)
2025-01-14T20:55:43.3775776Z Current runner version: '2.321.0'
2025-01-14T20:55:43.3800983Z ##[group]Operating System
2025-01-14T20:55:43.3801824Z Ubuntu
2025-01-14T20:55:43.3802384Z 24.04.1
2025-01-14T20:55:43.3802865Z LTS
2025-01-14T20:55:43.3803346Z ##[endgroup]
2025-01-14T20:55:43.3803914Z ##[group]Runner Image
2025-01-14T20:55:43.3804477Z Image: ubuntu-24.04
2025-01-14T20:55:43.3804992Z Version: 20250105.1.0
2025-01-14T20:55:43.3806271Z Included Software: https://github.com/actions/runner-images/blob/ubuntu24/20250105.1/images/ubuntu/Ubuntu2404-Readme.md
2025-01-14T20:55:43.3807639Z Image Release: https://github.com/actions/runner-images/releases/tag/ubuntu24%2F20250105.1
2025-01-14T20:55:43.3808535Z ##[endgroup]
2025-01-14T20:55:43.3809097Z ##[group]Runner Image Provisioner
2025-01-14T20:55:43.3809662Z 2.0.414.1
2025-01-14T20:55:43.3810131Z ##[endgroup]
2025-01-14T20:55:43.3812249Z ##[group]GITHUB_TOKEN Permissions
2025-01-14T20:55:43.3814149Z Actions: read
2025-01-14T20:55:43.3815008Z Attestations: read
2025-01-14T20:55:43.3815777Z Checks: read
2025-01-14T20:55:43.3816338Z Contents: read
2025-01-14T20:55:43.3816829Z Deployments: read
2025-01-14T20:55:43.3817371Z Discussions: read
2025-01-14T20:55:43.3817902Z Issues: read
2025-01-14T20:55:43.3818368Z Metadata: read
2025-01-14T20:55:43.3818884Z Packages: read
2025-01-14T20:55:43.3819419Z Pages: read
2025-01-14T20:55:43.3819886Z PullRequests: read
2025-01-14T20:55:43.3820426Z RepositoryProjects: read
2025-01-14T20:55:43.3821007Z SecurityEvents: read
2025-01-14T20:55:43.3821508Z Statuses: read
2025-01-14T20:55:43.3822074Z ##[endgroup]
2025-01-14T20:55:43.3824980Z Secret source: None
2025-01-14T20:55:43.3825872Z Prepare workflow directory
2025-01-14T20:55:43.4443085Z Prepare all required actions
2025-01-14T20:55:43.4478953Z Getting action download info
2025-01-14T20:55:43.6148493Z Download action repository 'actions/checkout@v4' (SHA:11bd71901bbe5b1630ceea73d27597364c9af683)
2025-01-14T20:55:43.6966014Z Download action repository 'actions/upload-artifact@v4' (SHA:65c4c4a1ddee5b72f698fdd19549f0f0fb45cf08)
2025-01-14T20:55:44.0852849Z Complete job name:  continuum ubuntu-latest 
2025-01-14T20:55:44.1537246Z ##[group]Run actions/checkout@v4
2025-01-14T20:55:44.1538139Z with:
2025-01-14T20:55:44.1538567Z   repository: tardis-sn/tardis
2025-01-14T20:55:44.1539244Z   token: ***
2025-01-14T20:55:44.1539664Z   ssh-strict: true
2025-01-14T20:55:44.1540089Z   ssh-user: git
2025-01-14T20:55:44.1540523Z   persist-credentials: true
2025-01-14T20:55:44.1541012Z   clean: true
2025-01-14T20:55:44.1541432Z   sparse-checkout-cone-mode: true
2025-01-14T20:55:44.1541961Z   fetch-depth: 1
2025-01-14T20:55:44.1542395Z   fetch-tags: false
2025-01-14T20:55:44.1542837Z   show-progress: true
2025-01-14T20:55:44.1543276Z   lfs: false
2025-01-14T20:55:44.1543683Z   submodules: false
2025-01-14T20:55:44.1544114Z   set-safe-directory: true
2025-01-14T20:55:44.1544809Z env:
2025-01-14T20:55:44.1545419Z   CACHE_NUMBER: 0
2025-01-14T20:55:44.1546698Z   PYTEST_FLAGS: --tardis-regression-data=/home/runner/work/tardis/tardis/tardis-regression-data --cov=tardis --cov-report=xml --cov-report=html --cov-append
2025-01-14T20:55:44.1548054Z   CODECOV_TOKEN: 
2025-01-14T20:55:44.1548493Z ##[endgroup]
2025-01-14T20:55:44.3207743Z Syncing repository: tardis-sn/tardis
2025-01-14T20:55:44.3209575Z ##[group]Getting Git version info
2025-01-14T20:55:44.3210302Z Working directory is '/home/runner/work/tardis/tardis'
2025-01-14T20:55:44.3211291Z [command]/usr/bin/git version
2025-01-14T20:55:44.3262276Z git version 2.47.1
2025-01-14T20:55:44.3289037Z ##[endgroup]
2025-01-14T20:55:44.3302483Z Temporarily overriding HOME='/home/runner/work/_temp/83d045ef-92e5-4c8d-af61-88d68457c8a9' before making global git config changes
2025-01-14T20:55:44.3304818Z Adding repository directory to the temporary git global config as a safe directory
2025-01-14T20:55:44.3307198Z [command]/usr/bin/git config --global --add safe.directory /home/runner/work/tardis/tardis
2025-01-14T20:55:44.3340842Z Deleting the contents of '/home/runner/work/tardis/tardis'
2025-01-14T20:55:44.3344607Z ##[group]Initializing the repository
2025-01-14T20:55:44.3348523Z [command]/usr/bin/git init /home/runner/work/tardis/tardis
2025-01-14T20:55:44.3406234Z hint: Using 'master' as the name for the initial branch. This default branch name
2025-01-14T20:55:44.3407777Z hint: is subject to change. To configure the initial branch name to use in all
2025-01-14T20:55:44.3409223Z hint: of your new repositories, which will suppress this warning, call:
2025-01-14T20:55:44.3410573Z hint:
2025-01-14T20:55:44.3411530Z hint: 	git config --global init.defaultBranch <name>
2025-01-14T20:55:44.3412655Z hint:
2025-01-14T20:55:44.3413688Z hint: Names commonly chosen instead of 'master' are 'main', 'trunk' and
2025-01-14T20:55:44.3414769Z hint: 'development'. The just-created branch can be renamed via this command:
2025-01-14T20:55:44.3415845Z hint:
2025-01-14T20:55:44.3416279Z hint: 	git branch -m <name>
2025-01-14T20:55:44.3417067Z Initialized empty Git repository in /home/runner/work/tardis/tardis/.git/
2025-01-14T20:55:44.3423816Z [command]/usr/bin/git remote add origin https://github.com/tardis-sn/tardis
2025-01-14T20:55:44.3456570Z ##[endgroup]
2025-01-14T20:55:44.3457744Z ##[group]Disabling automatic garbage collection
2025-01-14T20:55:44.3460125Z [command]/usr/bin/git config --local gc.auto 0
2025-01-14T20:55:44.3498117Z ##[endgroup]
2025-01-14T20:55:44.3499394Z ##[group]Setting up auth
2025-01-14T20:55:44.3506541Z [command]/usr/bin/git config --local --name-only --get-regexp core\.sshCommand
2025-01-14T20:55:44.3552071Z [command]/usr/bin/git submodule foreach --recursive sh -c "git config --local --name-only --get-regexp 'core\.sshCommand' && git config --local --unset-all 'core.sshCommand' || :"
2025-01-14T20:55:44.3859935Z [command]/usr/bin/git config --local --name-only --get-regexp http\.https\:\/\/github\.com\/\.extraheader
2025-01-14T20:55:44.3893083Z [command]/usr/bin/git submodule foreach --recursive sh -c "git config --local --name-only --get-regexp 'http\.https\:\/\/github\.com\/\.extraheader' && git config --local --unset-all 'http.https://github.com/.extraheader' || :"
2025-01-14T20:55:44.4150435Z [command]/usr/bin/git config --local http.https://github.com/.extraheader AUTHORIZATION: basic ***
2025-01-14T20:55:44.4191812Z ##[endgroup]
2025-01-14T20:55:44.4193344Z ##[group]Fetching the repository
2025-01-14T20:55:44.4201999Z [command]/usr/bin/git -c protocol.version=2 fetch --no-tags --prune --no-recurse-submodules --depth=1 origin +f91b470b7cc228d8d70285ba72d759e407d6ee88:refs/remotes/pull/2897/merge
2025-01-14T20:55:45.5160149Z From https://github.com/tardis-sn/tardis
2025-01-14T20:55:45.5162481Z  * [new ref]         f91b470b7cc228d8d70285ba72d759e407d6ee88 -> pull/2897/merge
2025-01-14T20:55:45.5186286Z ##[endgroup]
2025-01-14T20:55:45.5188329Z ##[group]Determining the checkout info
2025-01-14T20:55:45.5190822Z ##[endgroup]
2025-01-14T20:55:45.5194932Z [command]/usr/bin/git sparse-checkout disable
2025-01-14T20:55:45.5232166Z [command]/usr/bin/git config --local --unset-all extensions.worktreeConfig
2025-01-14T20:55:45.5260640Z ##[group]Checking out the ref
2025-01-14T20:55:45.5263243Z [command]/usr/bin/git checkout --progress --force refs/remotes/pull/2897/merge
2025-01-14T20:55:45.7287138Z Note: switching to 'refs/remotes/pull/2897/merge'.
2025-01-14T20:55:45.7288528Z 
2025-01-14T20:55:45.7289527Z You are in 'detached HEAD' state. You can look around, make experimental
2025-01-14T20:55:45.7291631Z changes and commit them, and you can discard any commits you make in this
2025-01-14T20:55:45.7293408Z state without impacting any branches by switching back to a branch.
2025-01-14T20:55:45.7294436Z 
2025-01-14T20:55:45.7295081Z If you want to create a new branch to retain commits you create, you may
2025-01-14T20:55:45.7296877Z do so (now or later) by using -c with the switch command. Example:
2025-01-14T20:55:45.7297759Z 
2025-01-14T20:55:45.7298104Z   git switch -c <new-branch-name>
2025-01-14T20:55:45.7298724Z 
2025-01-14T20:55:45.7299059Z Or undo this operation with:
2025-01-14T20:55:45.7299609Z 
2025-01-14T20:55:45.7300318Z   git switch -
2025-01-14T20:55:45.7300735Z 
2025-01-14T20:55:45.7301470Z Turn off this advice by setting config variable advice.detachedHead to false
2025-01-14T20:55:45.7302575Z 
2025-01-14T20:55:45.7303862Z HEAD is now at f91b470 Merge 83268fa182940e9ff996f734ba976359608130b8 into 0a0ecbf696b4e55deb381c19da0fde1b492cf5ee
2025-01-14T20:55:45.7318359Z ##[endgroup]
2025-01-14T20:55:45.7360021Z [command]/usr/bin/git log -1 --format=%H
2025-01-14T20:55:45.7384072Z f91b470b7cc228d8d70285ba72d759e407d6ee88
2025-01-14T20:55:45.7765090Z Prepare all required actions
2025-01-14T20:55:45.7766784Z Getting action download info
2025-01-14T20:55:45.8866843Z Download action repository 'actions/cache@v4' (SHA:1bd1e32a3bdc45362d1e726936510720a7c30a57)
2025-01-14T20:55:46.0375348Z ##[group]Run ./.github/actions/setup_lfs
2025-01-14T20:55:46.0376399Z with:
2025-01-14T20:55:46.0377342Z   regression-data-repo: tardis-sn/tardis-regression-data
2025-01-14T20:55:46.0378525Z env:
2025-01-14T20:55:46.0379234Z   CACHE_NUMBER: 0
2025-01-14T20:55:46.0381541Z   PYTEST_FLAGS: --tardis-regression-data=/home/runner/work/tardis/tardis/tardis-regression-data --cov=tardis --cov-report=xml --cov-report=html --cov-append
2025-01-14T20:55:46.0384008Z   CODECOV_TOKEN: 
2025-01-14T20:55:46.0384768Z ##[endgroup]
2025-01-14T20:55:46.0584060Z ##[group]Run actions/checkout@v4
2025-01-14T20:55:46.0585023Z with:
2025-01-14T20:55:46.0586135Z   repository: tardis-sn/tardis-regression-data
2025-01-14T20:55:46.0587267Z   path: tardis-regression-data
2025-01-14T20:55:46.0588523Z   token: ***
2025-01-14T20:55:46.0589278Z   ssh-strict: true
2025-01-14T20:55:46.0590052Z   ssh-user: git
2025-01-14T20:55:46.0590848Z   persist-credentials: true
2025-01-14T20:55:46.0591725Z   clean: true
2025-01-14T20:55:46.0592524Z   sparse-checkout-cone-mode: true
2025-01-14T20:55:46.0593483Z   fetch-depth: 1
2025-01-14T20:55:46.0594264Z   fetch-tags: false
2025-01-14T20:55:46.0595065Z   show-progress: true
2025-01-14T20:55:46.0596015Z   lfs: false
2025-01-14T20:55:46.0596762Z   submodules: false
2025-01-14T20:55:46.0597564Z   set-safe-directory: true
2025-01-14T20:55:46.0598406Z env:
2025-01-14T20:55:46.0599083Z   CACHE_NUMBER: 0
2025-01-14T20:55:46.0601324Z   PYTEST_FLAGS: --tardis-regression-data=/home/runner/work/tardis/tardis/tardis-regression-data --cov=tardis --cov-report=xml --cov-report=html --cov-append
2025-01-14T20:55:46.0603756Z   CODECOV_TOKEN: 
2025-01-14T20:55:46.0604508Z ##[endgroup]
2025-01-14T20:55:46.1558575Z Syncing repository: tardis-sn/tardis-regression-data
2025-01-14T20:55:46.1565925Z ##[group]Getting Git version info
2025-01-14T20:55:46.1568217Z Working directory is '/home/runner/work/tardis/tardis/tardis-regression-data'
2025-01-14T20:55:46.1608901Z [command]/usr/bin/git version
2025-01-14T20:55:46.1654022Z git version 2.47.1
2025-01-14T20:55:46.1679715Z ##[endgroup]
2025-01-14T20:55:46.1692661Z Temporarily overriding HOME='/home/runner/work/_temp/5f429a2f-dc95-4557-85a2-834b9b9458f0' before making global git config changes
2025-01-14T20:55:46.1696193Z Adding repository directory to the temporary git global config as a safe directory
2025-01-14T20:55:46.1700061Z [command]/usr/bin/git config --global --add safe.directory /home/runner/work/tardis/tardis/tardis-regression-data
2025-01-14T20:55:46.1730425Z ##[group]Initializing the repository
2025-01-14T20:55:46.1735565Z [command]/usr/bin/git init /home/runner/work/tardis/tardis/tardis-regression-data
2025-01-14T20:55:46.1770981Z hint: Using 'master' as the name for the initial branch. This default branch name
2025-01-14T20:55:46.1773552Z hint: is subject to change. To configure the initial branch name to use in all
2025-01-14T20:55:46.1775524Z hint: of your new repositories, which will suppress this warning, call:
2025-01-14T20:55:46.1777274Z hint:
2025-01-14T20:55:46.1778483Z hint: 	git config --global init.defaultBranch <name>
2025-01-14T20:55:46.1779586Z hint:
2025-01-14T20:55:46.1780650Z hint: Names commonly chosen instead of 'master' are 'main', 'trunk' and
2025-01-14T20:55:46.1782782Z hint: 'development'. The just-created branch can be renamed via this command:
2025-01-14T20:55:46.1784407Z hint:
2025-01-14T20:55:46.1785149Z hint: 	git branch -m <name>
2025-01-14T20:55:46.1787003Z Initialized empty Git repository in /home/runner/work/tardis/tardis/tardis-regression-data/.git/
2025-01-14T20:55:46.1790419Z [command]/usr/bin/git remote add origin https://github.com/tardis-sn/tardis-regression-data
2025-01-14T20:55:46.1814429Z ##[endgroup]
2025-01-14T20:55:46.1815983Z ##[group]Disabling automatic garbage collection
2025-01-14T20:55:46.1818415Z [command]/usr/bin/git config --local gc.auto 0
2025-01-14T20:55:46.1847818Z ##[endgroup]
2025-01-14T20:55:46.1849093Z ##[group]Setting up auth
2025-01-14T20:55:46.1853970Z [command]/usr/bin/git config --local --name-only --get-regexp core\.sshCommand
2025-01-14T20:55:46.1887434Z [command]/usr/bin/git submodule foreach --recursive sh -c "git config --local --name-only --get-regexp 'core\.sshCommand' && git config --local --unset-all 'core.sshCommand' || :"
2025-01-14T20:55:46.2117605Z [command]/usr/bin/git config --local --name-only --get-regexp http\.https\:\/\/github\.com\/\.extraheader
2025-01-14T20:55:46.2152033Z [command]/usr/bin/git submodule foreach --recursive sh -c "git config --local --name-only --get-regexp 'http\.https\:\/\/github\.com\/\.extraheader' && git config --local --unset-all 'http.https://github.com/.extraheader' || :"
2025-01-14T20:55:46.2392583Z [command]/usr/bin/git config --local http.https://github.com/.extraheader AUTHORIZATION: basic ***
2025-01-14T20:55:46.2452600Z ##[endgroup]
2025-01-14T20:55:46.2454915Z ##[group]Determining the default branch
2025-01-14T20:55:46.2457187Z Retrieving the default branch name
2025-01-14T20:55:46.4141520Z Default branch 'main'
2025-01-14T20:55:46.4144003Z ##[endgroup]
2025-01-14T20:55:46.4146361Z ##[group]Fetching the repository
2025-01-14T20:55:46.4151067Z [command]/usr/bin/git -c protocol.version=2 fetch --no-tags --prune --no-recurse-submodules --depth=1 origin +refs/heads/main:refs/remotes/origin/main
2025-01-14T20:55:46.6724828Z From https://github.com/tardis-sn/tardis-regression-data
2025-01-14T20:55:46.6726473Z  * [new branch]      main       -> origin/main
2025-01-14T20:55:46.6751138Z ##[endgroup]
2025-01-14T20:55:46.6753401Z ##[group]Determining the checkout info
2025-01-14T20:55:46.6756269Z ##[endgroup]
2025-01-14T20:55:46.6758251Z [command]/usr/bin/git sparse-checkout disable
2025-01-14T20:55:46.6796906Z [command]/usr/bin/git config --local --unset-all extensions.worktreeConfig
2025-01-14T20:55:46.6826543Z ##[group]Checking out the ref
2025-01-14T20:55:46.6829936Z [command]/usr/bin/git checkout --progress --force -B main refs/remotes/origin/main
2025-01-14T20:55:46.7782811Z Switched to a new branch 'main'
2025-01-14T20:55:46.7784555Z branch 'main' set up to track 'origin/main'.
2025-01-14T20:55:46.8046142Z ##[endgroup]
2025-01-14T20:55:46.8090766Z [command]/usr/bin/git log -1 --format=%H
2025-01-14T20:55:46.8117030Z fa7729bc9c30e14b69acd641af8b692b56fcd416
2025-01-14T20:55:46.8308357Z ##[group]Run git lfs ls-files -l | cut -d' ' -f1 | sort > .lfs-assets-id
2025-01-14T20:55:46.8310625Z [36;1mgit lfs ls-files -l | cut -d' ' -f1 | sort > .lfs-assets-id[0m
2025-01-14T20:55:46.8355703Z shell: /usr/bin/bash --noprofile --norc -e -o pipefail {0}
2025-01-14T20:55:46.8357661Z env:
2025-01-14T20:55:46.8358783Z   CACHE_NUMBER: 0
2025-01-14T20:55:46.8362571Z   PYTEST_FLAGS: --tardis-regression-data=/home/runner/work/tardis/tardis/tardis-regression-data --cov=tardis --cov-report=xml --cov-report=html --cov-append
2025-01-14T20:55:46.8366950Z   CODECOV_TOKEN: 
2025-01-14T20:55:46.8368630Z ##[endgroup]
2025-01-14T20:55:46.9919272Z ##[group]Run actions/cache/restore@v4
2025-01-14T20:55:46.9920234Z with:
2025-01-14T20:55:46.9920974Z   path: tardis-regression-data/.git/lfs
2025-01-14T20:55:46.9922596Z   key: Linux-lfs-21f9fa4b6817cc69b9fae3598144724da7828e276a73bd17f47a2a49d9af090a-v1
2025-01-14T20:55:46.9924226Z   enableCrossOsArchive: false
2025-01-14T20:55:46.9925132Z   fail-on-cache-miss: false
2025-01-14T20:55:46.9926763Z   lookup-only: false
2025-01-14T20:55:46.9927517Z env:
2025-01-14T20:55:46.9928214Z   CACHE_NUMBER: 0
2025-01-14T20:55:46.9930494Z   PYTEST_FLAGS: --tardis-regression-data=/home/runner/work/tardis/tardis/tardis-regression-data --cov=tardis --cov-report=xml --cov-report=html --cov-append
2025-01-14T20:55:46.9932838Z   CODECOV_TOKEN: 
2025-01-14T20:55:46.9933571Z ##[endgroup]
2025-01-14T20:55:48.2856081Z Received 331350016 of 1708418946 (19.4%), 314.1 MBs/sec
2025-01-14T20:55:49.2867592Z Received 775946240 of 1708418946 (45.4%), 368.3 MBs/sec
2025-01-14T20:55:50.2898547Z Received 1224736768 of 1708418946 (71.7%), 387.7 MBs/sec
2025-01-14T20:55:51.2991208Z Received 1619001344 of 1708418946 (94.8%), 384.6 MBs/sec
2025-01-14T20:55:51.5122090Z Cache Size: ~1629 MB (1708418946 B)
2025-01-14T20:55:51.5166097Z [command]/usr/bin/tar -xf /home/runner/work/_temp/4eeeeedd-6b5d-4b62-a458-fe606ce4ad20/cache.tzst -P -C /home/runner/work/tardis/tardis --use-compress-program unzstd
2025-01-14T20:55:52.2926255Z Received 1708418946 of 1708418946 (100.0%), 324.8 MBs/sec
2025-01-14T20:55:57.8634838Z Cache restored successfully
2025-01-14T20:55:58.1959876Z Cache restored from key: Linux-lfs-21f9fa4b6817cc69b9fae3598144724da7828e276a73bd17f47a2a49d9af090a-v1
2025-01-14T20:55:58.2145520Z ##[group]Run git lfs checkout
2025-01-14T20:55:58.2145806Z [36;1mgit lfs checkout[0m
2025-01-14T20:55:58.2172033Z shell: /usr/bin/bash --noprofile --norc -e -o pipefail {0}
2025-01-14T20:55:58.2172364Z env:
2025-01-14T20:55:58.2172539Z   CACHE_NUMBER: 0
2025-01-14T20:55:58.2173175Z   PYTEST_FLAGS: --tardis-regression-data=/home/runner/work/tardis/tardis/tardis-regression-data --cov=tardis --cov-report=xml --cov-report=html --cov-append
2025-01-14T20:55:58.2173986Z   CODECOV_TOKEN: 
2025-01-14T20:55:58.2174179Z ##[endgroup]
2025-01-14T20:56:09.5306641Z Checking out LFS objects: 100% (204/204), 3.5 GB | 275 MB/s, done.
2025-01-14T20:56:11.6061574Z Prepare all required actions
2025-01-14T20:56:11.6061933Z Getting action download info
2025-01-14T20:56:11.7035716Z Download action repository 'mamba-org/setup-micromamba@v1' (SHA:4b9113af4fba0e9e1124b252dd6497a419e7396d)
2025-01-14T20:56:11.9150163Z ##[group]Run ./.github/actions/setup_env
2025-01-14T20:56:11.9150442Z with:
2025-01-14T20:56:11.9150626Z   os-label: linux-64
2025-01-14T20:56:11.9150818Z env:
2025-01-14T20:56:11.9150982Z   CACHE_NUMBER: 0
2025-01-14T20:56:11.9151605Z   PYTEST_FLAGS: --tardis-regression-data=/home/runner/work/tardis/tardis/tardis-regression-data --cov=tardis --cov-report=xml --cov-report=html --cov-append
2025-01-14T20:56:11.9152256Z   CODECOV_TOKEN: 
2025-01-14T20:56:11.9152442Z ##[endgroup]
2025-01-14T20:56:11.9172288Z ##[group]Run file_hash=$(cat conda-linux-64.lock | shasum -a 256 | cut -d' ' -f1)
2025-01-14T20:56:11.9172779Z [36;1mfile_hash=$(cat conda-linux-64.lock | shasum -a 256 | cut -d' ' -f1)[0m
2025-01-14T20:56:11.9173212Z [36;1mecho "file_hash=$file_hash" >> "${GITHUB_OUTPUT}"[0m
2025-01-14T20:56:11.9199600Z shell: /usr/bin/bash --noprofile --norc -e -o pipefail {0}
2025-01-14T20:56:11.9199932Z env:
2025-01-14T20:56:11.9200106Z   CACHE_NUMBER: 0
2025-01-14T20:56:11.9200721Z   PYTEST_FLAGS: --tardis-regression-data=/home/runner/work/tardis/tardis/tardis-regression-data --cov=tardis --cov-report=xml --cov-report=html --cov-append
2025-01-14T20:56:11.9201363Z   CODECOV_TOKEN: 
2025-01-14T20:56:11.9201556Z ##[endgroup]
2025-01-14T20:56:11.9524454Z ##[group]Run mamba-org/setup-micromamba@v1
2025-01-14T20:56:11.9524724Z with:
2025-01-14T20:56:11.9524924Z   environment-file: conda-linux-64.lock
2025-01-14T20:56:11.9525577Z   cache-environment-key: d7cd390425b0fd3cf82649dcc003efba9915fb4928f15d342148c3ccffcbe2ee
2025-01-14T20:56:11.9526167Z   cache-downloads-key: d7cd390425b0fd3cf82649dcc003efba9915fb4928f15d342148c3ccffcbe2ee
2025-01-14T20:56:11.9526578Z   environment-name: tardis
2025-01-14T20:56:11.9526805Z   cache-environment: true
2025-01-14T20:56:11.9527040Z   cache-downloads: true
2025-01-14T20:56:11.9527240Z env:
2025-01-14T20:56:11.9527410Z   CACHE_NUMBER: 0
2025-01-14T20:56:11.9528230Z   PYTEST_FLAGS: --tardis-regression-data=/home/runner/work/tardis/tardis/tardis-regression-data --cov=tardis --cov-report=xml --cov-report=html --cov-append
2025-01-14T20:56:11.9528890Z   CODECOV_TOKEN: 
2025-01-14T20:56:11.9529086Z ##[endgroup]
2025-01-14T20:56:12.0916708Z Will download micromamba to /home/runner/micromamba-bin/micromamba
2025-01-14T20:56:12.0925862Z ##[group]Install micromamba
2025-01-14T20:56:12.3524707Z micromamba installed to /home/runner/micromamba-bin/micromamba
2025-01-14T20:56:12.3526008Z ##[endgroup]
2025-01-14T20:56:12.3526643Z Adding conda-forge to condarc channels ...
2025-01-14T20:56:12.3537153Z ##[group]Initialize micromamba for bash.
2025-01-14T20:56:12.3553590Z [command]/home/runner/micromamba-bin/micromamba shell init -s bash -r /home/runner/micromamba --log-level warning --rc-file /home/runner/work/_temp/setup-micromamba/.condarc
2025-01-14T20:56:12.3664554Z Modifying RC file "/home/runner/.bashrc"
2025-01-14T20:56:12.3666062Z Generating config for root prefix [1m"/home/runner/micromamba"[0m
2025-01-14T20:56:12.3667433Z Setting mamba executable to: [1m"/home/runner/micromamba-bin/micromamba"[0m
2025-01-14T20:56:12.3669282Z Adding (or replacing) the following in your "/home/runner/.bashrc" file
2025-01-14T20:56:12.3669927Z 
2025-01-14T20:56:12.3670215Z # >>> mamba initialize >>>
2025-01-14T20:56:12.3670872Z # !! Contents within this block are managed by 'mamba init' !!
2025-01-14T20:56:12.3671662Z export MAMBA_EXE='/home/runner/micromamba-bin/micromamba';
2025-01-14T20:56:12.3672421Z export MAMBA_ROOT_PREFIX='/home/runner/micromamba';
2025-01-14T20:56:12.3673391Z __mamba_setup="$("$MAMBA_EXE" shell hook --shell bash --root-prefix "$MAMBA_ROOT_PREFIX" 2> /dev/null)"
2025-01-14T20:56:12.3674227Z if [ $? -eq 0 ]; then
2025-01-14T20:56:12.3674626Z     eval "$__mamba_setup"
2025-01-14T20:56:12.3675013Z else
2025-01-14T20:56:12.3676278Z     alias micromamba="$MAMBA_EXE"  # Fallback on help from mamba activate
2025-01-14T20:56:12.3677081Z fi
2025-01-14T20:56:12.3677439Z unset __mamba_setup
2025-01-14T20:56:12.3677809Z # <<< mamba initialize <<<
2025-01-14T20:56:12.3678097Z 
2025-01-14T20:56:12.3684686Z Moving mamba initialize block to .bash_profile
2025-01-14T20:56:12.3698121Z ##[endgroup]
2025-01-14T20:56:12.3699269Z ##[group]Restoring downloads from `/home/runner/micromamba/pkgs` ...
2025-01-14T20:56:13.4589977Z Received 340023017 of 356800233 (95.3%), 323.9 MBs/sec
2025-01-14T20:56:13.5102115Z Cache Size: ~340 MB (356800233 B)
2025-01-14T20:56:13.5141585Z [command]/usr/bin/tar -xf /home/runner/work/_temp/db4f27e2-3523-4ce9-b5fe-2b5874aba2ea/cache.tzst -P -C /home/runner/work/tardis/tardis --use-compress-program unzstd
2025-01-14T20:56:14.0327803Z Cache restored successfully
2025-01-14T20:56:14.1044460Z Restored cache with key `d7cd390425b0fd3cf82649dcc003efba9915fb4928f15d342148c3ccffcbe2ee-linux-64`
2025-01-14T20:56:14.1046011Z ##[endgroup]
2025-01-14T20:56:14.1059387Z ##[group]Restoring environment `tardis` from `/home/runner/micromamba/envs/tardis` ...
2025-01-14T20:56:14.4648238Z Received 356800233 of 356800233 (100.0%), 169.6 MBs/sec
2025-01-14T20:56:15.1639320Z Received 360710144 of 444592193 (81.1%), 343.3 MBs/sec
2025-01-14T20:56:15.3180921Z Cache Size: ~424 MB (444592193 B)
2025-01-14T20:56:15.3217753Z [command]/usr/bin/tar -xf /home/runner/work/_temp/ec2aa6bd-e028-4153-a8b3-102fa5974522/cache.tzst -P -C /home/runner/work/tardis/tardis --use-compress-program unzstd
2025-01-14T20:56:16.1654650Z Received 444592193 of 444592193 (100.0%), 211.6 MBs/sec
2025-01-14T20:56:20.5008840Z Cache restored successfully
2025-01-14T20:56:20.6328572Z Restored cache with key `d7cd390425b0fd3cf82649dcc003efba9915fb4928f15d342148c3ccffcbe2ee-linux-64-tardis-args-4f53cda-root-dcc80ee-bin-[object Promise]-file-d7cd390425b0fd3cf82649dcc003efba9915fb4928f15d342148c3ccffcbe2ee`
2025-01-14T20:56:20.6330239Z ##[endgroup]
2025-01-14T20:56:20.6330532Z Adding environment tardis to auto-activate bash ...
2025-01-14T20:56:20.6340410Z Generating micromamba run shell.
2025-01-14T20:56:20.6349530Z ##[endgroup]
2025-01-14T20:56:20.6354793Z Set environment variables.
2025-01-14T20:56:20.6358825Z ##[group]micromamba info
2025-01-14T20:56:20.6362348Z [command]/home/runner/micromamba-bin/micromamba info -r /home/runner/micromamba -n tardis
2025-01-14T20:56:20.6588299Z 
2025-01-14T20:56:20.6588841Z        libmamba version : 1.5.10
2025-01-14T20:56:20.6589442Z      micromamba version : 1.5.10
2025-01-14T20:56:20.6590377Z            curl version : libcurl/8.10.1 OpenSSL/3.3.2 zlib/1.3.1 zstd/1.5.6 libssh2/1.11.0 nghttp2/1.58.0
2025-01-14T20:56:20.6591951Z      libarchive version : libarchive 3.7.4 zlib/1.2.13 bz2lib/1.0.8 libzstd/1.5.6
2025-01-14T20:56:20.6593064Z        envs directories : /home/runner/micromamba/envs
2025-01-14T20:56:20.6593965Z           package cache : /home/runner/micromamba/pkgs
2025-01-14T20:56:20.6594803Z                           /home/runner/.mamba/pkgs
2025-01-14T20:56:20.6595712Z             environment : tardis
2025-01-14T20:56:20.6596491Z            env location : /home/runner/micromamba/envs/tardis
2025-01-14T20:56:20.6597395Z       user config files : /home/runner/.mambarc
2025-01-14T20:56:20.6598406Z  populated config files : /home/runner/work/_temp/setup-micromamba/.condarc
2025-01-14T20:56:20.6599564Z        virtual packages : __unix=0=0
2025-01-14T20:56:20.6600329Z                           __linux=6.8.0=0
2025-01-14T20:56:20.6601093Z                           __glibc=2.39=0
2025-01-14T20:56:20.6601794Z                           __archspec=1=x86_64_v3
2025-01-14T20:56:20.6602391Z                channels : https://conda.anaconda.org/conda-forge/linux-64
2025-01-14T20:56:20.6603050Z                           https://conda.anaconda.org/conda-forge/noarch
2025-01-14T20:56:20.6603631Z        base environment : /home/runner/micromamba
2025-01-14T20:56:20.6604115Z                platform : linux-64
2025-01-14T20:56:20.6610129Z ##[endgroup]
2025-01-14T20:56:20.6610960Z ##[group]micromamba list
2025-01-14T20:56:20.6612007Z [command]/home/runner/micromamba-bin/micromamba list -r /home/runner/micromamba -n tardis
2025-01-14T20:56:21.0491183Z List of packages in environment: "/home/runner/micromamba/envs/tardis"
2025-01-14T20:56:21.0491738Z 
2025-01-14T20:56:21.0492012Z   Name                           Version              Build                    Channel    
2025-01-14T20:56:21.0493152Z ────────────────────────────────────────────────────────────────────────────────────────────
2025-01-14T20:56:21.0493792Z   _libgcc_mutex                  0.1                  conda_forge              conda-forge
2025-01-14T20:56:21.0494403Z   _openmp_mutex                  4.5                  2_gnu                    conda-forge
2025-01-14T20:56:21.0495007Z   alabaster                      0.7.16               pyhd8ed1ab_0             conda-forge
2025-01-14T20:56:21.0495895Z   anyio                          4.4.0                pyhd8ed1ab_0             conda-forge
2025-01-14T20:56:21.0496643Z   argon2-cffi                    23.1.0               pyhd8ed1ab_0             conda-forge
2025-01-14T20:56:21.0497784Z   argon2-cffi-bindings           21.2.0               py312h98912ed_4          conda-forge
2025-01-14T20:56:21.0498669Z   arrow                          1.3.0                pyhd8ed1ab_0             conda-forge
2025-01-14T20:56:21.0499553Z   astropy                        6.1.1                py312h085067d_0          conda-forge
2025-01-14T20:56:21.0500412Z   astropy-iers-data              0.2024.6.17.0.31.35  pyhd8ed1ab_0             conda-forge
2025-01-14T20:56:21.0501267Z   astropy-sphinx-theme           1.1                  pyhd8ed1ab_0             conda-forge
2025-01-14T20:56:21.0502142Z   asttokens                      2.4.1                pyhd8ed1ab_0             conda-forge
2025-01-14T20:56:21.0502892Z   async-lru                      2.0.4                pyhd8ed1ab_0             conda-forge
2025-01-14T20:56:21.0503713Z   atk-1.0                        2.38.0               h04ea711_2               conda-forge
2025-01-14T20:56:21.0504513Z   attrs                          23.2.0               pyh71513ae_0             conda-forge
2025-01-14T20:56:21.0506022Z   babel                          2.14.0               pyhd8ed1ab_0             conda-forge
2025-01-14T20:56:21.0524852Z   beautifulsoup4                 4.12.3               pyha770c72_0             conda-forge
2025-01-14T20:56:21.0525726Z   bleach                         6.1.0                pyhd8ed1ab_0             conda-forge
2025-01-14T20:56:21.0526343Z   blosc                          1.21.5               hc2324a3_1               conda-forge
2025-01-14T20:56:21.0526933Z   brotli                         1.1.0                hd590300_1               conda-forge
2025-01-14T20:56:21.0527541Z   brotli-bin                     1.1.0                hd590300_1               conda-forge
2025-01-14T20:56:21.0528199Z   brotli-python                  1.1.0                py312h30efb56_1          conda-forge
2025-01-14T20:56:21.0528839Z   bzip2                          1.0.8                hd590300_5               conda-forge
2025-01-14T20:56:21.0529432Z   c-ares                         1.28.1               hd590300_0               conda-forge
2025-01-14T20:56:21.0530021Z   c-blosc2                       2.14.4               hb4ffafa_1               conda-forge
2025-01-14T20:56:21.0530682Z   ca-certificates                2024.6.2             hbcca054_0               conda-forge
2025-01-14T20:56:21.0531393Z   cached-property                1.5.2                hd8ed1ab_1               conda-forge
2025-01-14T20:56:21.0532073Z   cached_property                1.5.2                pyha770c72_1             conda-forge
2025-01-14T20:56:21.0532669Z   cairo                          1.18.0               h3faef2a_0               conda-forge
2025-01-14T20:56:21.0533082Z   certifi                        2024.6.2             pyhd8ed1ab_0             conda-forge
2025-01-14T20:56:21.0533689Z   cffi                           1.16.0               py312hf06ca03_0          conda-forge
2025-01-14T20:56:21.0534144Z   charset-normalizer             3.3.2                pyhd8ed1ab_0             conda-forge
2025-01-14T20:56:21.0534572Z   click                          8.1.7                unix_pyh707e725_0        conda-forge
2025-01-14T20:56:21.0534947Z   codespell                      2.3.0                pyhd8ed1ab_0             conda-forge
2025-01-14T20:56:21.0535573Z   colorama                       0.4.6                pyhd8ed1ab_0             conda-forge
2025-01-14T20:56:21.0535951Z   comm                           0.2.2                pyhd8ed1ab_0             conda-forge
2025-01-14T20:56:21.0536415Z   commonmark                     0.9.1                py_0                     conda-forge
2025-01-14T20:56:21.0537062Z   contourpy                      1.2.1                py312h8572e83_0          conda-forge
2025-01-14T20:56:21.0537687Z   coverage                       7.5.3                py312h9a8786e_0          conda-forge
2025-01-14T20:56:21.0538068Z   cycler                         0.12.1               pyhd8ed1ab_0             conda-forge
2025-01-14T20:56:21.0538453Z   dataclasses                    0.8                  pyhc8e2a94_3             conda-forge
2025-01-14T20:56:21.0538928Z   debugpy                        1.8.1                py312h30efb56_0          conda-forge
2025-01-14T20:56:21.0539565Z   decorator                      5.1.1                pyhd8ed1ab_0             conda-forge
2025-01-14T20:56:21.0540436Z   defusedxml                     0.7.1                pyhd8ed1ab_0             conda-forge
2025-01-14T20:56:21.0541086Z   docutils                       0.20.1               py312h7900ff3_3          conda-forge
2025-01-14T20:56:21.0541711Z   dot2tex                        2.11.3               pyhd8ed1ab_0             conda-forge
2025-01-14T20:56:21.0542359Z   entrypoints                    0.4                  pyhd8ed1ab_0             conda-forge
2025-01-14T20:56:21.0543014Z   exceptiongroup                 1.2.0                pyhd8ed1ab_2             conda-forge
2025-01-14T20:56:21.0543639Z   executing                      2.0.1                pyhd8ed1ab_0             conda-forge
2025-01-14T20:56:21.0544654Z   expat                          2.6.2                h59595ed_0               conda-forge
2025-01-14T20:56:21.0545546Z   font-ttf-dejavu-sans-mono      2.37                 hab24e00_0               conda-forge
2025-01-14T20:56:21.0546288Z   font-ttf-inconsolata           3.000                h77eed37_0               conda-forge
2025-01-14T20:56:21.0546772Z   font-ttf-source-code-pro       2.038                h77eed37_0               conda-forge
2025-01-14T20:56:21.0547214Z   font-ttf-ubuntu                0.83                 h77eed37_2               conda-forge
2025-01-14T20:56:21.0547614Z   fontconfig                     2.14.2               h14ed4e7_0               conda-forge
2025-01-14T20:56:21.0548018Z   fonts-conda-ecosystem          1                    0                        conda-forge
2025-01-14T20:56:21.0548448Z   fonts-conda-forge              1                    0                        conda-forge
2025-01-14T20:56:21.0548853Z   fonttools                      4.53.0               py312h9a8786e_0          conda-forge
2025-01-14T20:56:21.0549233Z   fqdn                           1.5.1                pyhd8ed1ab_0             conda-forge
2025-01-14T20:56:21.0549593Z   freetype                       2.12.1               h267a509_2               conda-forge
2025-01-14T20:56:21.0549956Z   fribidi                        1.0.10               h36c2ea0_0               conda-forge
2025-01-14T20:56:21.0550319Z   future                         1.0.0                pyhd8ed1ab_0             conda-forge
2025-01-14T20:56:21.0550692Z   gdk-pixbuf                     2.42.12              hb9ae30d_0               conda-forge
2025-01-14T20:56:21.0551137Z   giflib                         5.2.2                hd590300_0               conda-forge
2025-01-14T20:56:21.0551686Z   git-lfs                        3.5.1                ha770c72_0               conda-forge
2025-01-14T20:56:21.0552051Z   gmp                            6.3.0                h59595ed_1               conda-forge
2025-01-14T20:56:21.0552404Z   gmpy2                          2.1.5                py312h1d5cde6_1          conda-forge
2025-01-14T20:56:21.0552773Z   graphite2                      1.3.13               h59595ed_1003            conda-forge
2025-01-14T20:56:21.0553148Z   graphviz                       11.0.0               hc68bbd7_0               conda-forge
2025-01-14T20:56:21.0553502Z   gtk2                           2.24.33              h280cfa0_4               conda-forge
2025-01-14T20:56:21.0553837Z   gts                            0.7.6                h977cf35_4               conda-forge
2025-01-14T20:56:21.0554289Z   h11                            0.14.0               pyhd8ed1ab_0             conda-forge
2025-01-14T20:56:21.0554835Z   h2                             4.1.0                pyhd8ed1ab_0             conda-forge
2025-01-14T20:56:21.0555578Z   h5py                           3.11.0               nompi_py312hb7ab980_102  conda-forge
2025-01-14T20:56:21.0556197Z   harfbuzz                       8.5.0                hfac3d4d_0               conda-forge
2025-01-14T20:56:21.0556829Z   hdf5                           1.14.3               nompi_hdf9ad27_105       conda-forge
2025-01-14T20:56:21.0557430Z   hpack                          4.0.0                pyh9f0ad1d_0             conda-forge
2025-01-14T20:56:21.0558056Z   httpcore                       1.0.5                pyhd8ed1ab_0             conda-forge
2025-01-14T20:56:21.0558779Z   httpx                          0.27.0               pyhd8ed1ab_0             conda-forge
2025-01-14T20:56:21.0559419Z   hyperframe                     6.0.1                pyhd8ed1ab_0             conda-forge
2025-01-14T20:56:21.0560036Z   icu                            73.2                 h59595ed_0               conda-forge
2025-01-14T20:56:21.0560613Z   idna                           3.7                  pyhd8ed1ab_0             conda-forge
2025-01-14T20:56:21.0561230Z   imagesize                      1.4.1                pyhd8ed1ab_0             conda-forge
2025-01-14T20:56:21.0562105Z   importlib-metadata             7.1.0                pyha770c72_0             conda-forge
2025-01-14T20:56:21.0562858Z   importlib_metadata             7.1.0                hd8ed1ab_0               conda-forge
2025-01-14T20:56:21.0563604Z   importlib_resources            6.4.0                pyhd8ed1ab_0             conda-forge
2025-01-14T20:56:21.0564324Z   iniconfig                      2.0.0                pyhd8ed1ab_0             conda-forge
2025-01-14T20:56:21.0564992Z   ipykernel                      6.29.4               pyh3099207_0             conda-forge
2025-01-14T20:56:21.0565962Z   ipython                        8.25.0               pyh707e725_0             conda-forge
2025-01-14T20:56:21.0566639Z   ipython_genutils               0.2.0                pyhd8ed1ab_1             conda-forge
2025-01-14T20:56:21.0567349Z   ipywidgets                     7.8.0                pyhd8ed1ab_0             conda-forge
2025-01-14T20:56:21.0568036Z   isoduration                    20.11.0              pyhd8ed1ab_0             conda-forge
2025-01-14T20:56:21.0568692Z   jedi                           0.19.1               pyhd8ed1ab_0             conda-forge
2025-01-14T20:56:21.0569308Z   jinja2                         3.1.4                pyhd8ed1ab_0             conda-forge
2025-01-14T20:56:21.0569926Z   json5                          0.9.25               pyhd8ed1ab_0             conda-forge
2025-01-14T20:56:21.0570577Z   jsonpointer                    3.0.0                py312h7900ff3_0          conda-forge
2025-01-14T20:56:21.0571261Z   jsonschema                     4.22.0               pyhd8ed1ab_0             conda-forge
2025-01-14T20:56:21.0572065Z   jsonschema-specifications      2023.12.1            pyhd8ed1ab_0             conda-forge
2025-01-14T20:56:21.0573096Z   jsonschema-with-format-nongpl  4.22.0               pyhd8ed1ab_0             conda-forge
2025-01-14T20:56:21.0573879Z   jupyter-lsp                    2.2.5                pyhd8ed1ab_0             conda-forge
2025-01-14T20:56:21.0574567Z   jupyter_client                 8.6.2                pyhd8ed1ab_0             conda-forge
2025-01-14T20:56:21.0575391Z   jupyter_core                   5.7.2                py312h7900ff3_0          conda-forge
2025-01-14T20:56:21.0576075Z   jupyter_events                 0.10.0               pyhd8ed1ab_0             conda-forge
2025-01-14T20:56:21.0576784Z   jupyter_server                 2.14.1               pyhd8ed1ab_0             conda-forge
2025-01-14T20:56:21.0577530Z   jupyter_server_terminals       0.5.3                pyhd8ed1ab_0             conda-forge
2025-01-14T20:56:21.0578254Z   jupyterlab                     4.2.2                pyhd8ed1ab_0             conda-forge
2025-01-14T20:56:21.0578973Z   jupyterlab_pygments            0.3.0                pyhd8ed1ab_1             conda-forge
2025-01-14T20:56:21.0579726Z   jupyterlab_server              2.27.2               pyhd8ed1ab_0             conda-forge
2025-01-14T20:56:21.0580474Z   jupyterlab_widgets             1.1.7                pyhd8ed1ab_0             conda-forge
2025-01-14T20:56:21.0581167Z   keyutils                       1.6.1                h166bdaf_0               conda-forge
2025-01-14T20:56:21.0581801Z   kiwisolver                     1.4.5                py312h8572e83_1          conda-forge
2025-01-14T20:56:21.0582423Z   krb5                           1.21.2               h659d440_0               conda-forge
2025-01-14T20:56:21.0583053Z   latexcodec                     2.0.1                pyh9f0ad1d_0             conda-forge
2025-01-14T20:56:21.0583683Z   lcms2                          2.16                 hb7c19ff_0               conda-forge
2025-01-14T20:56:21.0584311Z   ld_impl_linux-64               2.40                 hf3520f5_7               conda-forge
2025-01-14T20:56:21.0584935Z   lerc                           4.0.0                h27087fc_0               conda-forge
2025-01-14T20:56:21.0585690Z   libaec                         1.1.3                h59595ed_0               conda-forge
2025-01-14T20:56:21.0586476Z   libblas                        3.9.0                22_linux64_openblas      conda-forge
2025-01-14T20:56:21.0587157Z   libbrotlicommon                1.1.0                hd590300_1               conda-forge
2025-01-14T20:56:21.0587858Z   libbrotlidec                   1.1.0                hd590300_1               conda-forge
2025-01-14T20:56:21.0588573Z   libbrotlienc                   1.1.0                hd590300_1               conda-forge
2025-01-14T20:56:21.0589241Z   libcblas                       3.9.0                22_linux64_openblas      conda-forge
2025-01-14T20:56:21.0589882Z   libcurl                        8.8.0                hca28451_0               conda-forge
2025-01-14T20:56:21.0590518Z   libdeflate                     1.20                 hd590300_0               conda-forge
2025-01-14T20:56:21.0591183Z   libedit                        3.1.20191231         he28a2e2_2               conda-forge
2025-01-14T20:56:21.0591810Z   libev                          4.33                 hd590300_2               conda-forge
2025-01-14T20:56:21.0592426Z   libexpat                       2.6.2                h59595ed_0               conda-forge
2025-01-14T20:56:21.0593044Z   libffi                         3.4.2                h7f98852_5               conda-forge
2025-01-14T20:56:21.0593656Z   libgcc-ng                      13.2.0               h77fa898_10              conda-forge
2025-01-14T20:56:21.0594260Z   libgd                          2.3.3                h119a65a_9               conda-forge
2025-01-14T20:56:21.0594913Z   libgfortran-ng                 13.2.0               h69a702a_10              conda-forge
2025-01-14T20:56:21.0595732Z   libgfortran5                   13.2.0               h3d2ce59_10              conda-forge
2025-01-14T20:56:21.0596385Z   libglib                        2.80.2               h8a4344b_1               conda-forge
2025-01-14T20:56:21.0597223Z   libgomp                        13.2.0               h77fa898_10              conda-forge
2025-01-14T20:56:21.0597874Z   libiconv                       1.17                 hd590300_2               conda-forge
2025-01-14T20:56:21.0598531Z   libjpeg-turbo                  3.0.0                hd590300_1               conda-forge
2025-01-14T20:56:21.0599217Z   liblapack                      3.9.0                22_linux64_openblas      conda-forge
2025-01-14T20:56:21.0599876Z   libllvm14                      14.0.6               hcd5def8_4               conda-forge
2025-01-14T20:56:21.0600533Z   libnghttp2                     1.58.0               h47da74e_1               conda-forge
2025-01-14T20:56:21.0601168Z   libnsl                         2.0.1                hd590300_0               conda-forge
2025-01-14T20:56:21.0601819Z   libopenblas                    0.3.27               pthreads_h413a1c8_0      conda-forge
2025-01-14T20:56:21.0602484Z   libpng                         1.6.43               h2797004_0               conda-forge
2025-01-14T20:56:21.0603099Z   librsvg                        2.58.1               hadf69e7_0               conda-forge
2025-01-14T20:56:21.0603690Z   libsodium                      1.0.18               h36c2ea0_1               conda-forge
2025-01-14T20:56:21.0604332Z   libsqlite                      3.46.0               hde9e2c9_0               conda-forge
2025-01-14T20:56:21.0604963Z   libssh2                        1.11.0               h0841786_0               conda-forge
2025-01-14T20:56:21.0605737Z   libstdcxx-ng                   13.2.0               hc0a3c3a_10              conda-forge
2025-01-14T20:56:21.0606383Z   libtiff                        4.6.0                h1dd3fc0_3               conda-forge
2025-01-14T20:56:21.0607008Z   libuuid                        2.38.1               h0b41bf4_0               conda-forge
2025-01-14T20:56:21.0607642Z   libwebp                        1.4.0                h2c329e2_0               conda-forge
2025-01-14T20:56:21.0608278Z   libwebp-base                   1.4.0                hd590300_0               conda-forge
2025-01-14T20:56:21.0609244Z   libxcb                         1.15                 h0b41bf4_0               conda-forge
2025-01-14T20:56:21.0609867Z   libxcrypt                      4.4.36               hd590300_1               conda-forge
2025-01-14T20:56:21.0610507Z   libxml2                        2.12.7               hc051c1a_1               conda-forge
2025-01-14T20:56:21.0611129Z   libxslt                        1.1.39               h76b75d6_0               conda-forge
2025-01-14T20:56:21.0611751Z   libzlib                        1.3.1                h4ab18f5_1               conda-forge
2025-01-14T20:56:21.0612382Z   llvmlite                       0.42.0               py312hb06c811_1          conda-forge
2025-01-14T20:56:21.0613006Z   lxml                           5.2.2                py312hb90d8a5_0          conda-forge
2025-01-14T20:56:21.0613593Z   lz4-c                          1.9.4                hcb278e6_0               conda-forge
2025-01-14T20:56:21.0614162Z   lzo                            2.10                 hd590300_1001            conda-forge
2025-01-14T20:56:21.0614793Z   markupsafe                     2.1.5                py312h98912ed_0          conda-forge
2025-01-14T20:56:21.0615623Z   matplotlib-base                3.8.4                py312h20ab3a6_2          conda-forge
2025-01-14T20:56:21.0616354Z   matplotlib-inline              0.1.7                pyhd8ed1ab_0             conda-forge
2025-01-14T20:56:21.0617021Z   mistune                        3.0.2                pyhd8ed1ab_0             conda-forge
2025-01-14T20:56:21.0617628Z   mpc                            1.3.1                hfe3b2da_0               conda-forge
2025-01-14T20:56:21.0618203Z   mpfr                           4.2.1                h9458935_1               conda-forge
2025-01-14T20:56:21.0618796Z   mpmath                         1.3.0                pyhd8ed1ab_0             conda-forge
2025-01-14T20:56:21.0619624Z   munkres                        1.1.4                pyh9f0ad1d_0             conda-forge
2025-01-14T20:56:21.0620302Z   mypy_extensions                1.0.0                pyha770c72_0             conda-forge
2025-01-14T20:56:21.0620973Z   nbclassic                      1.1.0                pyhd8ed1ab_0             conda-forge
2025-01-14T20:56:21.0621624Z   nbclient                       0.10.0               pyhd8ed1ab_0             conda-forge
2025-01-14T20:56:21.0622280Z   nbconvert                      7.16.4               hd8ed1ab_1               conda-forge
2025-01-14T20:56:21.0622956Z   nbconvert-core                 7.16.4               pyhd8ed1ab_1             conda-forge
2025-01-14T20:56:21.0623685Z   nbconvert-pandoc               7.16.4               hd8ed1ab_1               conda-forge
2025-01-14T20:56:21.0624383Z   nbformat                       5.10.4               pyhd8ed1ab_0             conda-forge
2025-01-14T20:56:21.0625040Z   nbsphinx                       0.9.4                pyhd8ed1ab_0             conda-forge
2025-01-14T20:56:21.0625808Z   ncurses                        6.5                  h59595ed_0               conda-forge
2025-01-14T20:56:21.0626463Z   nest-asyncio                   1.6.0                pyhd8ed1ab_0             conda-forge
2025-01-14T20:56:21.0627115Z   networkx                       3.3                  pyhd8ed1ab_1             conda-forge
2025-01-14T20:56:21.0627729Z   nomkl                          1.0                  h5ca1d4c_0               conda-forge
2025-01-14T20:56:21.0628351Z   notebook                       7.2.1                pyhd8ed1ab_0             conda-forge
2025-01-14T20:56:21.0629021Z   notebook-shim                  0.2.4                pyhd8ed1ab_0             conda-forge
2025-01-14T20:56:21.0629670Z   numba                          0.59.1               py312hacefee8_0          conda-forge
2025-01-14T20:56:21.0630292Z   numexpr                        2.10.0               py312hf412c99_100        conda-forge
2025-01-14T20:56:21.0630916Z   numpy                          1.26.4               py312heda63a1_0          conda-forge
2025-01-14T20:56:21.0631542Z   numpydoc                       1.7.0                pyhd8ed1ab_1             conda-forge
2025-01-14T20:56:21.0632339Z   openjpeg                       2.5.2                h488ebb8_0               conda-forge
2025-01-14T20:56:21.0632964Z   openssl                        3.3.1                h4ab18f5_0               conda-forge
2025-01-14T20:56:21.0633595Z   overrides                      7.7.0                pyhd8ed1ab_0             conda-forge
2025-01-14T20:56:21.0634248Z   packaging                      24.1                 pyhd8ed1ab_0             conda-forge
2025-01-14T20:56:21.0634879Z   pandas                         2.2.2                py312h1d6d2e6_1          conda-forge
2025-01-14T20:56:21.0635633Z   pandoc                         3.2                  ha770c72_0               conda-forge
2025-01-14T20:56:21.0636302Z   pandocfilters                  1.5.0                pyhd8ed1ab_0             conda-forge
2025-01-14T20:56:21.0636950Z   pango                          1.54.0               h84a9a3c_0               conda-forge
2025-01-14T20:56:21.0637544Z   parso                          0.8.4                pyhd8ed1ab_0             conda-forge
2025-01-14T20:56:21.0638158Z   pathspec                       0.12.1               pyhd8ed1ab_0             conda-forge
2025-01-14T20:56:21.0638752Z   pbr                            6.0.0                pyhd8ed1ab_0             conda-forge
2025-01-14T20:56:21.0639332Z   pcre2                          10.44                h0f59acf_0               conda-forge
2025-01-14T20:56:21.0639948Z   pexpect                        4.9.0                pyhd8ed1ab_0             conda-forge
2025-01-14T20:56:21.0640591Z   pickleshare                    0.7.5                py_1003                  conda-forge
2025-01-14T20:56:21.0641234Z   pillow                         10.3.0               py312hdcec9eb_0          conda-forge
2025-01-14T20:56:21.0641971Z   pip                            24.0                 pyhd8ed1ab_0             conda-forge
2025-01-14T20:56:21.0642560Z   pixman                         0.43.2               h59595ed_0               conda-forge
2025-01-14T20:56:21.0643251Z   pkgutil-resolve-name           1.3.10               pyhd8ed1ab_1             conda-forge
2025-01-14T20:56:21.0643967Z   platformdirs                   4.2.2                pyhd8ed1ab_0             conda-forge
2025-01-14T20:56:21.0644610Z   plotly                         5.22.0               pyhd8ed1ab_0             conda-forge
2025-01-14T20:56:21.0645353Z   pluggy                         1.5.0                pyhd8ed1ab_0             conda-forge
2025-01-14T20:56:21.0646027Z   prometheus_client              0.20.0               pyhd8ed1ab_0             conda-forge
2025-01-14T20:56:21.0646763Z   prompt-toolkit                 3.0.47               pyha770c72_0             conda-forge
2025-01-14T20:56:21.0647424Z   psutil                         5.9.8                py312h98912ed_0          conda-forge
2025-01-14T20:56:21.0648070Z   pthread-stubs                  0.4                  h36c2ea0_1001            conda-forge
2025-01-14T20:56:21.0648755Z   ptyprocess                     0.7.0                pyhd3deb0d_0             conda-forge
2025-01-14T20:56:21.0649367Z   pure_eval                      0.2.2                pyhd8ed1ab_0             conda-forge
2025-01-14T20:56:21.0649996Z   py-cpuinfo                     9.0.0                pyhd8ed1ab_0             conda-forge
2025-01-14T20:56:21.0650596Z   pybtex                         0.24.0               pyhd8ed1ab_2             conda-forge
2025-01-14T20:56:21.0651227Z   pybtex-docutils                1.0.3                py312h7900ff3_1          conda-forge
2025-01-14T20:56:21.0651881Z   pycparser                      2.22                 pyhd8ed1ab_0             conda-forge
2025-01-14T20:56:21.0652485Z   pyerfa                         2.0.1.4              py312h085067d_1          conda-forge
2025-01-14T20:56:21.0653098Z   pygments                       2.18.0               pyhd8ed1ab_0             conda-forge
2025-01-14T20:56:21.0653765Z   pygraphviz                     1.13                 py312h4a1d8a7_1          conda-forge
2025-01-14T20:56:21.0654592Z   pyparsing                      3.1.2                pyhd8ed1ab_0             conda-forge
2025-01-14T20:56:21.0655377Z   pysocks                        1.7.1                pyha2e5f31_6             conda-forge
2025-01-14T20:56:21.0656015Z   pytables                       3.9.2                py312h96d95ec_2          conda-forge
2025-01-14T20:56:21.0656653Z   pytest                         8.2.2                pyhd8ed1ab_0             conda-forge
2025-01-14T20:56:21.0657293Z   pytest-cov                     5.0.0                pyhd8ed1ab_0             conda-forge
2025-01-14T20:56:21.0658005Z   pytest-doctestplus             1.2.1                pyhd8ed1ab_0             conda-forge
2025-01-14T20:56:21.0658728Z   pytest-html                    4.1.1                pyhd8ed1ab_0             conda-forge
2025-01-14T20:56:21.0659427Z   pytest-metadata                3.1.1                pyhd8ed1ab_0             conda-forge
2025-01-14T20:56:21.0660119Z   python                         3.12.4               h194c7f8_0_cpython       conda-forge
2025-01-14T20:56:21.0660793Z   python-dateutil                2.9.0                pyhd8ed1ab_0             conda-forge
2025-01-14T20:56:21.0661562Z   python-fastjsonschema          2.20.0               pyhd8ed1ab_0             conda-forge
2025-01-14T20:56:21.0662347Z   python-json-logger             2.0.7                pyhd8ed1ab_0             conda-forge
2025-01-14T20:56:21.0663086Z   python-tzdata                  2024.1               pyhd8ed1ab_0             conda-forge
2025-01-14T20:56:21.0663764Z   python_abi                     3.12                 4_cp312                  conda-forge
2025-01-14T20:56:21.0664384Z   pytz                           2024.1               pyhd8ed1ab_0             conda-forge
2025-01-14T20:56:21.0665142Z   pyyaml                         6.0.1                py312h98912ed_1          conda-forge
2025-01-14T20:56:21.0665892Z   pyzmq                          26.0.3               py312h8fd38d8_0          conda-forge
2025-01-14T20:56:21.0666507Z   qgrid                          1.3.1                pyhd8ed1ab_4             conda-forge
2025-01-14T20:56:21.0667146Z   radioactivedecay               0.5.1                pyhd8ed1ab_0             conda-forge
2025-01-14T20:56:21.0667814Z   readline                       8.2                  h8228510_1               conda-forge
2025-01-14T20:56:21.0668461Z   recommonmark                   0.7.1                pyhd8ed1ab_0             conda-forge
2025-01-14T20:56:21.0669146Z   referencing                    0.35.1               pyhd8ed1ab_0             conda-forge
2025-01-14T20:56:21.0669794Z   requests                       2.32.3               pyhd8ed1ab_0             conda-forge
2025-01-14T20:56:21.0670199Z   rfc3339-validator              0.1.4                pyhd8ed1ab_0             conda-forge
2025-01-14T20:56:21.0670637Z   rfc3986-validator              0.1.1                pyh9f0ad1d_0             conda-forge
2025-01-14T20:56:21.0671031Z   rpds-py                        0.18.1               py312h4413252_0          conda-forge
2025-01-14T20:56:21.0671380Z   ruff                           0.4.9                py312h5715c7c_0          conda-forge
2025-01-14T20:56:21.0671728Z   scipy                          1.13.1               py312hc2bc53b_0          conda-forge
2025-01-14T20:56:21.0672095Z   send2trash                     1.8.3                pyh0d859eb_0             conda-forge
2025-01-14T20:56:21.0672473Z   setuptools                     70.0.0               pyhd8ed1ab_0             conda-forge
2025-01-14T20:56:21.0672868Z   setuptools-scm                 8.1.0                pyhd8ed1ab_0             conda-forge
2025-01-14T20:56:21.0673270Z   setuptools_scm                 8.1.0                hd8ed1ab_0               conda-forge
2025-01-14T20:56:21.0673637Z   six                            1.16.0               pyh6c4a22f_0             conda-forge
2025-01-14T20:56:21.0673984Z   snakeviz                       2.2.0                pyhd8ed1ab_0             conda-forge
2025-01-14T20:56:21.0674505Z   snappy                         1.2.0                hdb0a2a9_1               conda-forge
2025-01-14T20:56:21.0674863Z   sniffio                        1.3.1                pyhd8ed1ab_0             conda-forge
2025-01-14T20:56:21.0675471Z   snowballstemmer                2.2.0                pyhd8ed1ab_0             conda-forge
2025-01-14T20:56:21.0675895Z   soupsieve                      2.5                  pyhd8ed1ab_1             conda-forge
2025-01-14T20:56:21.0676263Z   sphinx                         7.3.7                pyhd8ed1ab_0             conda-forge
2025-01-14T20:56:21.0676645Z   sphinx-astropy                 1.9.1                pyhd8ed1ab_0             conda-forge
2025-01-14T20:56:21.0677075Z   sphinx-automodapi              0.17.0               pyh717bed2_1             conda-forge
2025-01-14T20:56:21.0677497Z   sphinx-gallery                 0.16.0               pyhd8ed1ab_0             conda-forge
2025-01-14T20:56:21.0677918Z   sphinx-jsonschema              1.19.1               pyhd8ed1ab_0             conda-forge
2025-01-14T20:56:21.0678348Z   sphinx_bootstrap_theme         0.8.1                pyhd8ed1ab_0             conda-forge
2025-01-14T20:56:21.0678768Z   sphinx_rtd_theme               2.0.0                pyha770c72_0             conda-forge
2025-01-14T20:56:21.0679188Z   sphinxcontrib-apidoc           0.3.0                py_1                     conda-forge
2025-01-14T20:56:21.0679647Z   sphinxcontrib-applehelp        1.0.8                pyhd8ed1ab_0             conda-forge
2025-01-14T20:56:21.0680110Z   sphinxcontrib-bibtex           2.6.2                pyhd8ed1ab_0             conda-forge
2025-01-14T20:56:21.0680561Z   sphinxcontrib-devhelp          1.0.6                pyhd8ed1ab_0             conda-forge
2025-01-14T20:56:21.0681149Z   sphinxcontrib-htmlhelp         2.0.5                pyhd8ed1ab_0             conda-forge
2025-01-14T20:56:21.0681608Z   sphinxcontrib-jquery           4.1                  pyhd8ed1ab_0             conda-forge
2025-01-14T20:56:21.0682058Z   sphinxcontrib-jsmath           1.0.1                pyhd8ed1ab_0             conda-forge
2025-01-14T20:56:21.0682502Z   sphinxcontrib-qthelp           1.0.7                pyhd8ed1ab_0             conda-forge
2025-01-14T20:56:21.0682987Z   sphinxcontrib-serializinghtml  1.1.10               pyhd8ed1ab_0             conda-forge
2025-01-14T20:56:21.0683439Z   stack_data                     0.6.2                pyhd8ed1ab_0             conda-forge
2025-01-14T20:56:21.0683801Z   sympy                          1.12.1               pypyh2585a3b_103         conda-forge
2025-01-14T20:56:21.0684161Z   tabulate                       0.9.0                pyhd8ed1ab_1             conda-forge
2025-01-14T20:56:21.0684526Z   tenacity                       8.4.1                pyhd8ed1ab_0             conda-forge
2025-01-14T20:56:21.0684901Z   terminado                      0.18.1               pyh0d859eb_0             conda-forge
2025-01-14T20:56:21.0685796Z   tinycss2                       1.3.0                pyhd8ed1ab_0             conda-forge
2025-01-14T20:56:21.0686169Z   tk                             8.6.13               noxft_h4845f30_101       conda-forge
2025-01-14T20:56:21.0686507Z   toml                           0.10.2               pyhd8ed1ab_0             conda-forge
2025-01-14T20:56:21.0686851Z   tomli                          2.0.1                pyhd8ed1ab_0             conda-forge
2025-01-14T20:56:21.0687207Z   tornado                        6.4.1                py312h9a8786e_0          conda-forge
2025-01-14T20:56:21.0687558Z   tqdm                           4.66.4               pyhd8ed1ab_0             conda-forge
2025-01-14T20:56:21.0687919Z   traitlets                      5.14.3               pyhd8ed1ab_0             conda-forge
2025-01-14T20:56:21.0688302Z   typed-ast                      1.5.5                py312h98912ed_1          conda-forge
2025-01-14T20:56:21.0688727Z   types-python-dateutil          2.9.0.20240316       pyhd8ed1ab_0             conda-forge
2025-01-14T20:56:21.0689348Z   typing-extensions              4.12.2               hd8ed1ab_0               conda-forge
2025-01-14T20:56:21.0689768Z   typing_extensions              4.12.2               pyha770c72_0             conda-forge
2025-01-14T20:56:21.0690168Z   typing_utils                   0.1.0                pyhd8ed1ab_0             conda-forge
2025-01-14T20:56:21.0690539Z   tzdata                         2024a                h0c530f3_0               conda-forge
2025-01-14T20:56:21.0690919Z   uri-template                   1.3.0                pyhd8ed1ab_0             conda-forge
2025-01-14T20:56:21.0691293Z   urllib3                        2.2.2                pyhd8ed1ab_0             conda-forge
2025-01-14T20:56:21.0691670Z   wcwidth                        0.2.13               pyhd8ed1ab_0             conda-forge
2025-01-14T20:56:21.0692060Z   webcolors                      24.6.0               pyhd8ed1ab_0             conda-forge
2025-01-14T20:56:21.0692464Z   webencodings                   0.5.1                pyhd8ed1ab_2             conda-forge
2025-01-14T20:56:21.0692878Z   websocket-client               1.8.0                pyhd8ed1ab_0             conda-forge
2025-01-14T20:56:21.0693269Z   wheel                          0.43.0               pyhd8ed1ab_1             conda-forge
2025-01-14T20:56:21.0693667Z   widgetsnbextension             3.6.6                pyhd8ed1ab_0             conda-forge
2025-01-14T20:56:21.0694076Z   xorg-kbproto                   1.0.7                h7f98852_1002            conda-forge
2025-01-14T20:56:21.0694463Z   xorg-libice                    1.1.1                hd590300_0               conda-forge
2025-01-14T20:56:21.0694831Z   xorg-libsm                     1.2.4                h7391055_0               conda-forge
2025-01-14T20:56:21.0695491Z   xorg-libx11                    1.8.9                h8ee46fc_0               conda-forge
2025-01-14T20:56:21.0695914Z   xorg-libxau                    1.0.11               hd590300_0               conda-forge
2025-01-14T20:56:21.0696312Z   xorg-libxdmcp                  1.1.3                h7f98852_0               conda-forge
2025-01-14T20:56:21.0696708Z   xorg-libxext                   1.3.4                h0b41bf4_2               conda-forge
2025-01-14T20:56:21.0697103Z   xorg-libxrender                0.9.11               hd590300_0               conda-forge
2025-01-14T20:56:21.0697511Z   xorg-renderproto               0.11.1               h7f98852_1002            conda-forge
2025-01-14T20:56:21.0697914Z   xorg-xextproto                 7.3.0                h0b41bf4_1003            conda-forge
2025-01-14T20:56:21.0698295Z   xorg-xproto                    7.0.31               h7f98852_1007            conda-forge
2025-01-14T20:56:21.0698646Z   xz                             5.2.6                h166bdaf_0               conda-forge
2025-01-14T20:56:21.0698975Z   yaml                           0.2.5                h7f98852_2               conda-forge
2025-01-14T20:56:21.0699313Z   zeromq                         4.3.5                h75354e8_4               conda-forge
2025-01-14T20:56:21.0699659Z   zipp                           3.19.2               pyhd8ed1ab_0             conda-forge
2025-01-14T20:56:21.0699996Z   zlib                           1.3.1                h4ab18f5_1               conda-forge
2025-01-14T20:56:21.0700327Z   zlib-ng                        2.0.7                h0b41bf4_0               conda-forge
2025-01-14T20:56:21.0700662Z   zstd                           1.5.6                ha6fb4c9_0               conda-forge
2025-01-14T20:56:21.0701194Z ##[endgroup]
2025-01-14T20:56:21.0733583Z ##[group]Run pip install -e . --user
2025-01-14T20:56:21.0733920Z [36;1mpip install -e . --user[0m
2025-01-14T20:56:21.0762958Z shell: /usr/bin/bash -l {0}
2025-01-14T20:56:21.0763239Z env:
2025-01-14T20:56:21.0763440Z   CACHE_NUMBER: 0
2025-01-14T20:56:21.0764152Z   PYTEST_FLAGS: --tardis-regression-data=/home/runner/work/tardis/tardis/tardis-regression-data --cov=tardis --cov-report=xml --cov-report=html --cov-append
2025-01-14T20:56:21.0765062Z   CODECOV_TOKEN: 
2025-01-14T20:56:21.0765500Z   MAMBA_ROOT_PREFIX: /home/runner/micromamba
2025-01-14T20:56:21.0765849Z   MAMBA_EXE: /home/runner/micromamba-bin/micromamba
2025-01-14T20:56:21.0766262Z   CONDARC: /home/runner/work/_temp/setup-micromamba/.condarc
2025-01-14T20:56:21.0766624Z ##[endgroup]
2025-01-14T20:56:21.6971527Z Obtaining file:///home/runner/work/tardis/tardis
2025-01-14T20:56:21.6999077Z   Installing build dependencies: started
2025-01-14T20:56:24.3058347Z   Installing build dependencies: finished with status 'done'
2025-01-14T20:56:24.3063857Z   Checking if build backend supports build_editable: started
2025-01-14T20:56:24.4253412Z   Checking if build backend supports build_editable: finished with status 'done'
2025-01-14T20:56:24.4260912Z   Getting requirements to build editable: started
2025-01-14T20:56:24.8747789Z   Getting requirements to build editable: finished with status 'done'
2025-01-14T20:56:24.8756251Z   Preparing editable metadata (pyproject.toml): started
2025-01-14T20:56:25.3260882Z   Preparing editable metadata (pyproject.toml): finished with status 'done'
2025-01-14T20:56:25.3840192Z Requirement already satisfied: astropy in /home/runner/micromamba/envs/tardis/lib/python3.12/site-packages (from tardis==0.0.0) (6.1.1)
2025-01-14T20:56:25.4217888Z Requirement already satisfied: numpy>=1.23 in /home/runner/micromamba/envs/tardis/lib/python3.12/site-packages (from astropy->tardis==0.0.0) (1.26.4)
2025-01-14T20:56:25.4226714Z Requirement already satisfied: pyerfa>=2.0.1.1 in /home/runner/micromamba/envs/tardis/lib/python3.12/site-packages (from astropy->tardis==0.0.0) (2.0.1.4)
2025-01-14T20:56:25.4236945Z Requirement already satisfied: astropy-iers-data>=0.2024.5.27.0.30.8 in /home/runner/micromamba/envs/tardis/lib/python3.12/site-packages (from astropy->tardis==0.0.0) (0.2024.6.17.0.31.35)
2025-01-14T20:56:25.4244888Z Requirement already satisfied: PyYAML>=3.13 in /home/runner/micromamba/envs/tardis/lib/python3.12/site-packages (from astropy->tardis==0.0.0) (6.0.1)
2025-01-14T20:56:25.4255038Z Requirement already satisfied: packaging>=19.0 in /home/runner/micromamba/envs/tardis/lib/python3.12/site-packages (from astropy->tardis==0.0.0) (24.1)
2025-01-14T20:56:25.4343114Z Building wheels for collected packages: tardis
2025-01-14T20:56:25.4351860Z   Building editable for tardis (pyproject.toml): started
2025-01-14T20:56:26.2547857Z   Building editable for tardis (pyproject.toml): finished with status 'done'
2025-01-14T20:56:26.2554489Z   Created wheel for tardis: filename=tardis-0.0.0-0.editable-py3-none-any.whl size=8876 sha256=4aeaec2002fc9127f527a1addd8f833a4d67edd3f6c14e8ea65f4c761f88772f
2025-01-14T20:56:26.2556114Z   Stored in directory: /tmp/pip-ephem-wheel-cache-rypmxpwd/wheels/6a/c7/ae/89fa6dc2565455898176888ef0e2e475e4e90eb0124afcb995
2025-01-14T20:56:26.2582561Z Successfully built tardis
2025-01-14T20:56:27.0876725Z Installing collected packages: tardis
2025-01-14T20:56:27.6809933Z Successfully installed tardis-0.0.0
2025-01-14T20:56:27.9102054Z ##[group]Run pip install qgridnext
2025-01-14T20:56:27.9102399Z [36;1mpip install qgridnext[0m
2025-01-14T20:56:27.9128921Z shell: /usr/bin/bash -l {0}
2025-01-14T20:56:27.9129184Z env:
2025-01-14T20:56:27.9129382Z   CACHE_NUMBER: 0
2025-01-14T20:56:27.9130083Z   PYTEST_FLAGS: --tardis-regression-data=/home/runner/work/tardis/tardis/tardis-regression-data --cov=tardis --cov-report=xml --cov-report=html --cov-append
2025-01-14T20:56:27.9130845Z   CODECOV_TOKEN: 
2025-01-14T20:56:27.9131100Z   MAMBA_ROOT_PREFIX: /home/runner/micromamba
2025-01-14T20:56:27.9131447Z   MAMBA_EXE: /home/runner/micromamba-bin/micromamba
2025-01-14T20:56:27.9131843Z   CONDARC: /home/runner/work/_temp/setup-micromamba/.condarc
2025-01-14T20:56:27.9132194Z ##[endgroup]
2025-01-14T20:56:28.8670628Z Collecting qgridnext
2025-01-14T20:56:28.8831322Z   Downloading qgridnext-2.0.4-py3-none-any.whl.metadata (9.9 kB)
2025-01-14T20:56:28.8913505Z Requirement already satisfied: pandas>=0.20.0 in /home/runner/micromamba/envs/tardis/lib/python3.12/site-packages (from qgridnext) (2.2.2)
2025-01-14T20:56:28.8922107Z Requirement already satisfied: ipywidgets>=7.0.0 in /home/runner/micromamba/envs/tardis/lib/python3.12/site-packages (from qgridnext) (7.8.0)
2025-01-14T20:56:28.8930551Z Requirement already satisfied: numpy in /home/runner/micromamba/envs/tardis/lib/python3.12/site-packages (from qgridnext) (1.26.4)
2025-01-14T20:56:28.8940008Z Requirement already satisfied: traitlets in /home/runner/micromamba/envs/tardis/lib/python3.12/site-packages (from qgridnext) (5.14.3)
2025-01-14T20:56:28.9035152Z Requirement already satisfied: comm>=0.1.3 in /home/runner/micromamba/envs/tardis/lib/python3.12/site-packages (from ipywidgets>=7.0.0->qgridnext) (0.2.2)
2025-01-14T20:56:28.9043819Z Requirement already satisfied: ipython-genutils~=0.2.0 in /home/runner/micromamba/envs/tardis/lib/python3.12/site-packages (from ipywidgets>=7.0.0->qgridnext) (0.2.0)
2025-01-14T20:56:28.9056582Z Requirement already satisfied: widgetsnbextension~=3.6.5 in /home/runner/micromamba/envs/tardis/lib/python3.12/site-packages (from ipywidgets>=7.0.0->qgridnext) (3.6.6)
2025-01-14T20:56:28.9073997Z Requirement already satisfied: ipython>=4.0.0 in /home/runner/micromamba/envs/tardis/lib/python3.12/site-packages (from ipywidgets>=7.0.0->qgridnext) (8.25.0)
2025-01-14T20:56:28.9088664Z Requirement already satisfied: jupyterlab-widgets<3,>=1.0.0 in /home/runner/micromamba/envs/tardis/lib/python3.12/site-packages (from ipywidgets>=7.0.0->qgridnext) (1.1.7)
2025-01-14T20:56:28.9531380Z Requirement already satisfied: python-dateutil>=2.8.2 in /home/runner/micromamba/envs/tardis/lib/python3.12/site-packages (from pandas>=0.20.0->qgridnext) (2.9.0)
2025-01-14T20:56:28.9544553Z Requirement already satisfied: pytz>=2020.1 in /home/runner/micromamba/envs/tardis/lib/python3.12/site-packages (from pandas>=0.20.0->qgridnext) (2024.1)
2025-01-14T20:56:28.9552212Z Requirement already satisfied: tzdata>=2022.7 in /home/runner/micromamba/envs/tardis/lib/python3.12/site-packages (from pandas>=0.20.0->qgridnext) (2024.1)
2025-01-14T20:56:28.9863459Z Requirement already satisfied: decorator in /home/runner/micromamba/envs/tardis/lib/python3.12/site-packages (from ipython>=4.0.0->ipywidgets>=7.0.0->qgridnext) (5.1.1)
2025-01-14T20:56:28.9877239Z Requirement already satisfied: jedi>=0.16 in /home/runner/micromamba/envs/tardis/lib/python3.12/site-packages (from ipython>=4.0.0->ipywidgets>=7.0.0->qgridnext) (0.19.1)
2025-01-14T20:56:28.9885630Z Requirement already satisfied: matplotlib-inline in /home/runner/micromamba/envs/tardis/lib/python3.12/site-packages (from ipython>=4.0.0->ipywidgets>=7.0.0->qgridnext) (0.1.7)
2025-01-14T20:56:28.9896147Z Requirement already satisfied: prompt-toolkit<3.1.0,>=3.0.41 in /home/runner/micromamba/envs/tardis/lib/python3.12/site-packages (from ipython>=4.0.0->ipywidgets>=7.0.0->qgridnext) (3.0.47)
2025-01-14T20:56:28.9904244Z Requirement already satisfied: pygments>=2.4.0 in /home/runner/micromamba/envs/tardis/lib/python3.12/site-packages (from ipython>=4.0.0->ipywidgets>=7.0.0->qgridnext) (2.18.0)
2025-01-14T20:56:28.9913561Z Requirement already satisfied: stack-data in /home/runner/micromamba/envs/tardis/lib/python3.12/site-packages (from ipython>=4.0.0->ipywidgets>=7.0.0->qgridnext) (0.6.2)
2025-01-14T20:56:28.9931922Z Requirement already satisfied: pexpect>4.3 in /home/runner/micromamba/envs/tardis/lib/python3.12/site-packages (from ipython>=4.0.0->ipywidgets>=7.0.0->qgridnext) (4.9.0)
2025-01-14T20:56:28.9979691Z Requirement already satisfied: six>=1.5 in /home/runner/micromamba/envs/tardis/lib/python3.12/site-packages (from python-dateutil>=2.8.2->pandas>=0.20.0->qgridnext) (1.16.0)
2025-01-14T20:56:29.0035970Z Requirement already satisfied: notebook>=4.4.1 in /home/runner/micromamba/envs/tardis/lib/python3.12/site-packages (from widgetsnbextension~=3.6.5->ipywidgets>=7.0.0->qgridnext) (7.2.1)
2025-01-14T20:56:29.0223585Z Requirement already satisfied: parso<0.9.0,>=0.8.3 in /home/runner/micromamba/envs/tardis/lib/python3.12/site-packages (from jedi>=0.16->ipython>=4.0.0->ipywidgets>=7.0.0->qgridnext) (0.8.4)
2025-01-14T20:56:29.0423023Z Requirement already satisfied: jupyter-server<3,>=2.4.0 in /home/runner/micromamba/envs/tardis/lib/python3.12/site-packages (from notebook>=4.4.1->widgetsnbextension~=3.6.5->ipywidgets>=7.0.0->qgridnext) (2.14.1)
2025-01-14T20:56:29.0443263Z Requirement already satisfied: jupyterlab-server<3,>=2.27.1 in /home/runner/micromamba/envs/tardis/lib/python3.12/site-packages (from notebook>=4.4.1->widgetsnbextension~=3.6.5->ipywidgets>=7.0.0->qgridnext) (2.27.2)
2025-01-14T20:56:29.0468193Z Requirement already satisfied: jupyterlab<4.3,>=4.2.0 in /home/runner/micromamba/envs/tardis/lib/python3.12/site-packages (from notebook>=4.4.1->widgetsnbextension~=3.6.5->ipywidgets>=7.0.0->qgridnext) (4.2.2)
2025-01-14T20:56:29.0483844Z Requirement already satisfied: notebook-shim<0.3,>=0.2 in /home/runner/micromamba/envs/tardis/lib/python3.12/site-packages (from notebook>=4.4.1->widgetsnbextension~=3.6.5->ipywidgets>=7.0.0->qgridnext) (0.2.4)
2025-01-14T20:56:29.0496371Z Requirement already satisfied: tornado>=6.2.0 in /home/runner/micromamba/envs/tardis/lib/python3.12/site-packages (from notebook>=4.4.1->widgetsnbextension~=3.6.5->ipywidgets>=7.0.0->qgridnext) (6.4.1)
2025-01-14T20:56:29.0545139Z Requirement already satisfied: ptyprocess>=0.5 in /home/runner/micromamba/envs/tardis/lib/python3.12/site-packages (from pexpect>4.3->ipython>=4.0.0->ipywidgets>=7.0.0->qgridnext) (0.7.0)
2025-01-14T20:56:29.0583355Z Requirement already satisfied: wcwidth in /home/runner/micromamba/envs/tardis/lib/python3.12/site-packages (from prompt-toolkit<3.1.0,>=3.0.41->ipython>=4.0.0->ipywidgets>=7.0.0->qgridnext) (0.2.13)
2025-01-14T20:56:29.0720243Z Requirement already satisfied: executing>=1.2.0 in /home/runner/micromamba/envs/tardis/lib/python3.12/site-packages (from stack-data->ipython>=4.0.0->ipywidgets>=7.0.0->qgridnext) (2.0.1)
2025-01-14T20:56:29.0729752Z Requirement already satisfied: asttokens>=2.1.0 in /home/runner/micromamba/envs/tardis/lib/python3.12/site-packages (from stack-data->ipython>=4.0.0->ipywidgets>=7.0.0->qgridnext) (2.4.1)
2025-01-14T20:56:29.0736966Z Requirement already satisfied: pure-eval in /home/runner/micromamba/envs/tardis/lib/python3.12/site-packages (from stack-data->ipython>=4.0.0->ipywidgets>=7.0.0->qgridnext) (0.2.2)
2025-01-14T20:56:29.1073565Z Requirement already satisfied: anyio>=3.1.0 in /home/runner/micromamba/envs/tardis/lib/python3.12/site-packages (from jupyter-server<3,>=2.4.0->notebook>=4.4.1->widgetsnbextension~=3.6.5->ipywidgets>=7.0.0->qgridnext) (4.4.0)
2025-01-14T20:56:29.1083465Z Requirement already satisfied: argon2-cffi>=21.1 in /home/runner/micromamba/envs/tardis/lib/python3.12/site-packages (from jupyter-server<3,>=2.4.0->notebook>=4.4.1->widgetsnbextension~=3.6.5->ipywidgets>=7.0.0->qgridnext) (23.1.0)
2025-01-14T20:56:29.1092148Z Requirement already satisfied: jinja2>=3.0.3 in /home/runner/micromamba/envs/tardis/lib/python3.12/site-packages (from jupyter-server<3,>=2.4.0->notebook>=4.4.1->widgetsnbextension~=3.6.5->ipywidgets>=7.0.0->qgridnext) (3.1.4)
2025-01-14T20:56:29.1105819Z Requirement already satisfied: jupyter-client>=7.4.4 in /home/runner/micromamba/envs/tardis/lib/python3.12/site-packages (from jupyter-server<3,>=2.4.0->notebook>=4.4.1->widgetsnbextension~=3.6.5->ipywidgets>=7.0.0->qgridnext) (8.6.2)
2025-01-14T20:56:29.1117424Z Requirement already satisfied: jupyter-core!=5.0.*,>=4.12 in /home/runner/micromamba/envs/tardis/lib/python3.12/site-packages (from jupyter-server<3,>=2.4.0->notebook>=4.4.1->widgetsnbextension~=3.6.5->ipywidgets>=7.0.0->qgridnext) (5.7.2)
2025-01-14T20:56:29.1128457Z Requirement already satisfied: jupyter-events>=0.9.0 in /home/runner/micromamba/envs/tardis/lib/python3.12/site-packages (from jupyter-server<3,>=2.4.0->notebook>=4.4.1->widgetsnbextension~=3.6.5->ipywidgets>=7.0.0->qgridnext) (0.10.0)
2025-01-14T20:56:29.1139245Z Requirement already satisfied: jupyter-server-terminals>=0.4.4 in /home/runner/micromamba/envs/tardis/lib/python3.12/site-packages (from jupyter-server<3,>=2.4.0->notebook>=4.4.1->widgetsnbextension~=3.6.5->ipywidgets>=7.0.0->qgridnext) (0.5.3)
2025-01-14T20:56:29.1152390Z Requirement already satisfied: nbconvert>=6.4.4 in /home/runner/micromamba/envs/tardis/lib/python3.12/site-packages (from jupyter-server<3,>=2.4.0->notebook>=4.4.1->widgetsnbextension~=3.6.5->ipywidgets>=7.0.0->qgridnext) (7.16.4)
2025-01-14T20:56:29.1162333Z Requirement already satisfied: nbformat>=5.3.0 in /home/runner/micromamba/envs/tardis/lib/python3.12/site-packages (from jupyter-server<3,>=2.4.0->notebook>=4.4.1->widgetsnbextension~=3.6.5->ipywidgets>=7.0.0->qgridnext) (5.10.4)
2025-01-14T20:56:29.1171582Z Requirement already satisfied: overrides>=5.0 in /home/runner/micromamba/envs/tardis/lib/python3.12/site-packages (from jupyter-server<3,>=2.4.0->notebook>=4.4.1->widgetsnbextension~=3.6.5->ipywidgets>=7.0.0->qgridnext) (7.7.0)
2025-01-14T20:56:29.1181245Z Requirement already satisfied: packaging>=22.0 in /home/runner/micromamba/envs/tardis/lib/python3.12/site-packages (from jupyter-server<3,>=2.4.0->notebook>=4.4.1->widgetsnbextension~=3.6.5->ipywidgets>=7.0.0->qgridnext) (24.1)
2025-01-14T20:56:29.1189694Z Requirement already satisfied: prometheus-client>=0.9 in /home/runner/micromamba/envs/tardis/lib/python3.12/site-packages (from jupyter-server<3,>=2.4.0->notebook>=4.4.1->widgetsnbextension~=3.6.5->ipywidgets>=7.0.0->qgridnext) (0.20.0)
2025-01-14T20:56:29.1200081Z Requirement already satisfied: pyzmq>=24 in /home/runner/micromamba/envs/tardis/lib/python3.12/site-packages (from jupyter-server<3,>=2.4.0->notebook>=4.4.1->widgetsnbextension~=3.6.5->ipywidgets>=7.0.0->qgridnext) (26.0.3)
2025-01-14T20:56:29.1208924Z Requirement already satisfied: send2trash>=1.8.2 in /home/runner/micromamba/envs/tardis/lib/python3.12/site-packages (from jupyter-server<3,>=2.4.0->notebook>=4.4.1->widgetsnbextension~=3.6.5->ipywidgets>=7.0.0->qgridnext) (1.8.3)
2025-01-14T20:56:29.1220214Z Requirement already satisfied: terminado>=0.8.3 in /home/runner/micromamba/envs/tardis/lib/python3.12/site-packages (from jupyter-server<3,>=2.4.0->notebook>=4.4.1->widgetsnbextension~=3.6.5->ipywidgets>=7.0.0->qgridnext) (0.18.1)
2025-01-14T20:56:29.1240689Z Requirement already satisfied: websocket-client>=1.7 in /home/runner/micromamba/envs/tardis/lib/python3.12/site-packages (from jupyter-server<3,>=2.4.0->notebook>=4.4.1->widgetsnbextension~=3.6.5->ipywidgets>=7.0.0->qgridnext) (1.8.0)
2025-01-14T20:56:29.1526139Z Requirement already satisfied: async-lru>=1.0.0 in /home/runner/micromamba/envs/tardis/lib/python3.12/site-packages (from jupyterlab<4.3,>=4.2.0->notebook>=4.4.1->widgetsnbextension~=3.6.5->ipywidgets>=7.0.0->qgridnext) (2.0.4)
2025-01-14T20:56:29.1537418Z Requirement already satisfied: httpx>=0.25.0 in /home/runner/micromamba/envs/tardis/lib/python3.12/site-packages (from jupyterlab<4.3,>=4.2.0->notebook>=4.4.1->widgetsnbextension~=3.6.5->ipywidgets>=7.0.0->qgridnext) (0.27.0)
2025-01-14T20:56:29.1548983Z Requirement already satisfied: ipykernel>=6.5.0 in /home/runner/micromamba/envs/tardis/lib/python3.12/site-packages (from jupyterlab<4.3,>=4.2.0->notebook>=4.4.1->widgetsnbextension~=3.6.5->ipywidgets>=7.0.0->qgridnext) (6.29.4)
2025-01-14T20:56:29.1562392Z Requirement already satisfied: jupyter-lsp>=2.0.0 in /home/runner/micromamba/envs/tardis/lib/python3.12/site-packages (from jupyterlab<4.3,>=4.2.0->notebook>=4.4.1->widgetsnbextension~=3.6.5->ipywidgets>=7.0.0->qgridnext) (2.2.5)
2025-01-14T20:56:29.1588052Z Requirement already satisfied: setuptools>=40.1.0 in /home/runner/micromamba/envs/tardis/lib/python3.12/site-packages (from jupyterlab<4.3,>=4.2.0->notebook>=4.4.1->widgetsnbextension~=3.6.5->ipywidgets>=7.0.0->qgridnext) (70.0.0)
2025-01-14T20:56:29.1777035Z Requirement already satisfied: babel>=2.10 in /home/runner/micromamba/envs/tardis/lib/python3.12/site-packages (from jupyterlab-server<3,>=2.27.1->notebook>=4.4.1->widgetsnbextension~=3.6.5->ipywidgets>=7.0.0->qgridnext) (2.14.0)
2025-01-14T20:56:29.1803238Z Requirement already satisfied: json5>=0.9.0 in /home/runner/micromamba/envs/tardis/lib/python3.12/site-packages (from jupyterlab-server<3,>=2.27.1->notebook>=4.4.1->widgetsnbextension~=3.6.5->ipywidgets>=7.0.0->qgridnext) (0.9.25)
2025-01-14T20:56:29.1813974Z Requirement already satisfied: jsonschema>=4.18.0 in /home/runner/micromamba/envs/tardis/lib/python3.12/site-packages (from jupyterlab-server<3,>=2.27.1->notebook>=4.4.1->widgetsnbextension~=3.6.5->ipywidgets>=7.0.0->qgridnext) (4.22.0)
2025-01-14T20:56:29.1832092Z Requirement already satisfied: requests>=2.31 in /home/runner/micromamba/envs/tardis/lib/python3.12/site-packages (from jupyterlab-server<3,>=2.27.1->notebook>=4.4.1->widgetsnbextension~=3.6.5->ipywidgets>=7.0.0->qgridnext) (2.32.3)
2025-01-14T20:56:29.2181204Z Requirement already satisfied: idna>=2.8 in /home/runner/micromamba/envs/tardis/lib/python3.12/site-packages (from anyio>=3.1.0->jupyter-server<3,>=2.4.0->notebook>=4.4.1->widgetsnbextension~=3.6.5->ipywidgets>=7.0.0->qgridnext) (3.7)
2025-01-14T20:56:29.2190556Z Requirement already satisfied: sniffio>=1.1 in /home/runner/micromamba/envs/tardis/lib/python3.12/site-packages (from anyio>=3.1.0->jupyter-server<3,>=2.4.0->notebook>=4.4.1->widgetsnbextension~=3.6.5->ipywidgets>=7.0.0->qgridnext) (1.3.1)
2025-01-14T20:56:29.2280841Z Requirement already satisfied: argon2-cffi-bindings in /home/runner/micromamba/envs/tardis/lib/python3.12/site-packages (from argon2-cffi>=21.1->jupyter-server<3,>=2.4.0->notebook>=4.4.1->widgetsnbextension~=3.6.5->ipywidgets>=7.0.0->qgridnext) (21.2.0)
2025-01-14T20:56:29.2449496Z Requirement already satisfied: certifi in /home/runner/micromamba/envs/tardis/lib/python3.12/site-packages (from httpx>=0.25.0->jupyterlab<4.3,>=4.2.0->notebook>=4.4.1->widgetsnbextension~=3.6.5->ipywidgets>=7.0.0->qgridnext) (2024.6.2)
2025-01-14T20:56:29.2464065Z Requirement already satisfied: httpcore==1.* in /home/runner/micromamba/envs/tardis/lib/python3.12/site-packages (from httpx>=0.25.0->jupyterlab<4.3,>=4.2.0->notebook>=4.4.1->widgetsnbextension~=3.6.5->ipywidgets>=7.0.0->qgridnext) (1.0.5)
2025-01-14T20:56:29.2541023Z Requirement already satisfied: h11<0.15,>=0.13 in /home/runner/micromamba/envs/tardis/lib/python3.12/site-packages (from httpcore==1.*->httpx>=0.25.0->jupyterlab<4.3,>=4.2.0->notebook>=4.4.1->widgetsnbextension~=3.6.5->ipywidgets>=7.0.0->qgridnext) (0.14.0)
2025-01-14T20:56:29.2724574Z Requirement already satisfied: debugpy>=1.6.5 in /home/runner/micromamba/envs/tardis/lib/python3.12/site-packages (from ipykernel>=6.5.0->jupyterlab<4.3,>=4.2.0->notebook>=4.4.1->widgetsnbextension~=3.6.5->ipywidgets>=7.0.0->qgridnext) (1.8.1)
2025-01-14T20:56:29.2744755Z Requirement already satisfied: nest-asyncio in /home/runner/micromamba/envs/tardis/lib/python3.12/site-packages (from ipykernel>=6.5.0->jupyterlab<4.3,>=4.2.0->notebook>=4.4.1->widgetsnbextension~=3.6.5->ipywidgets>=7.0.0->qgridnext) (1.6.0)
2025-01-14T20:56:29.2759338Z Requirement already satisfied: psutil in /home/runner/micromamba/envs/tardis/lib/python3.12/site-packages (from ipykernel>=6.5.0->jupyterlab<4.3,>=4.2.0->notebook>=4.4.1->widgetsnbextension~=3.6.5->ipywidgets>=7.0.0->qgridnext) (5.9.8)
2025-01-14T20:56:29.2820714Z Requirement already satisfied: MarkupSafe>=2.0 in /home/runner/micromamba/envs/tardis/lib/python3.12/site-packages (from jinja2>=3.0.3->jupyter-server<3,>=2.4.0->notebook>=4.4.1->widgetsnbextension~=3.6.5->ipywidgets>=7.0.0->qgridnext) (2.1.5)
2025-01-14T20:56:29.3010911Z Requirement already satisfied: attrs>=22.2.0 in /home/runner/micromamba/envs/tardis/lib/python3.12/site-packages (from jsonschema>=4.18.0->jupyterlab-server<3,>=2.27.1->notebook>=4.4.1->widgetsnbextension~=3.6.5->ipywidgets>=7.0.0->qgridnext) (23.2.0)
2025-01-14T20:56:29.3028139Z Requirement already satisfied: jsonschema-specifications>=2023.03.6 in /home/runner/micromamba/envs/tardis/lib/python3.12/site-packages (from jsonschema>=4.18.0->jupyterlab-server<3,>=2.27.1->notebook>=4.4.1->widgetsnbextension~=3.6.5->ipywidgets>=7.0.0->qgridnext) (2023.12.1)
2025-01-14T20:56:29.3031071Z Requirement already satisfied: referencing>=0.28.4 in /home/runner/micromamba/envs/tardis/lib/python3.12/site-packages (from jsonschema>=4.18.0->jupyterlab-server<3,>=2.27.1->notebook>=4.4.1->widgetsnbextension~=3.6.5->ipywidgets>=7.0.0->qgridnext) (0.35.1)
2025-01-14T20:56:29.3039186Z Requirement already satisfied: rpds-py>=0.7.1 in /home/runner/micromamba/envs/tardis/lib/python3.12/site-packages (from jsonschema>=4.18.0->jupyterlab-server<3,>=2.27.1->notebook>=4.4.1->widgetsnbextension~=3.6.5->ipywidgets>=7.0.0->qgridnext) (0.18.1)
2025-01-14T20:56:29.3300518Z Requirement already satisfied: platformdirs>=2.5 in /home/runner/micromamba/envs/tardis/lib/python3.12/site-packages (from jupyter-core!=5.0.*,>=4.12->jupyter-server<3,>=2.4.0->notebook>=4.4.1->widgetsnbextension~=3.6.5->ipywidgets>=7.0.0->qgridnext) (4.2.2)
2025-01-14T20:56:29.3447494Z Requirement already satisfied: python-json-logger>=2.0.4 in /home/runner/micromamba/envs/tardis/lib/python3.12/site-packages (from jupyter-events>=0.9.0->jupyter-server<3,>=2.4.0->notebook>=4.4.1->widgetsnbextension~=3.6.5->ipywidgets>=7.0.0->qgridnext) (2.0.7)
2025-01-14T20:56:29.3455845Z Requirement already satisfied: pyyaml>=5.3 in /home/runner/micromamba/envs/tardis/lib/python3.12/site-packages (from jupyter-events>=0.9.0->jupyter-server<3,>=2.4.0->notebook>=4.4.1->widgetsnbextension~=3.6.5->ipywidgets>=7.0.0->qgridnext) (6.0.1)
2025-01-14T20:56:29.3467158Z Requirement already satisfied: rfc3339-validator in /home/runner/micromamba/envs/tardis/lib/python3.12/site-packages (from jupyter-events>=0.9.0->jupyter-server<3,>=2.4.0->notebook>=4.4.1->widgetsnbextension~=3.6.5->ipywidgets>=7.0.0->qgridnext) (0.1.4)
2025-01-14T20:56:29.3475099Z Requirement already satisfied: rfc3986-validator>=0.1.1 in /home/runner/micromamba/envs/tardis/lib/python3.12/site-packages (from jupyter-events>=0.9.0->jupyter-server<3,>=2.4.0->notebook>=4.4.1->widgetsnbextension~=3.6.5->ipywidgets>=7.0.0->qgridnext) (0.1.1)
2025-01-14T20:56:29.3896186Z Requirement already satisfied: beautifulsoup4 in /home/runner/micromamba/envs/tardis/lib/python3.12/site-packages (from nbconvert>=6.4.4->jupyter-server<3,>=2.4.0->notebook>=4.4.1->widgetsnbextension~=3.6.5->ipywidgets>=7.0.0->qgridnext) (4.12.3)
2025-01-14T20:56:29.3914984Z Requirement already satisfied: bleach!=5.0.0 in /home/runner/micromamba/envs/tardis/lib/python3.12/site-packages (from nbconvert>=6.4.4->jupyter-server<3,>=2.4.0->notebook>=4.4.1->widgetsnbextension~=3.6.5->ipywidgets>=7.0.0->qgridnext) (6.1.0)
2025-01-14T20:56:29.3927876Z Requirement already satisfied: defusedxml in /home/runner/micromamba/envs/tardis/lib/python3.12/site-packages (from nbconvert>=6.4.4->jupyter-server<3,>=2.4.0->notebook>=4.4.1->widgetsnbextension~=3.6.5->ipywidgets>=7.0.0->qgridnext) (0.7.1)
2025-01-14T20:56:29.3941582Z Requirement already satisfied: jupyterlab-pygments in /home/runner/micromamba/envs/tardis/lib/python3.12/site-packages (from nbconvert>=6.4.4->jupyter-server<3,>=2.4.0->notebook>=4.4.1->widgetsnbextension~=3.6.5->ipywidgets>=7.0.0->qgridnext) (0.3.0)
2025-01-14T20:56:29.3952554Z Requirement already satisfied: mistune<4,>=2.0.3 in /home/runner/micromamba/envs/tardis/lib/python3.12/site-packages (from nbconvert>=6.4.4->jupyter-server<3,>=2.4.0->notebook>=4.4.1->widgetsnbextension~=3.6.5->ipywidgets>=7.0.0->qgridnext) (3.0.2)
2025-01-14T20:56:29.3964402Z Requirement already satisfied: nbclient>=0.5.0 in /home/runner/micromamba/envs/tardis/lib/python3.12/site-packages (from nbconvert>=6.4.4->jupyter-server<3,>=2.4.0->notebook>=4.4.1->widgetsnbextension~=3.6.5->ipywidgets>=7.0.0->qgridnext) (0.10.0)
2025-01-14T20:56:29.3980495Z Requirement already satisfied: pandocfilters>=1.4.1 in /home/runner/micromamba/envs/tardis/lib/python3.12/site-packages (from nbconvert>=6.4.4->jupyter-server<3,>=2.4.0->notebook>=4.4.1->widgetsnbextension~=3.6.5->ipywidgets>=7.0.0->qgridnext) (1.5.0)
2025-01-14T20:56:29.3989846Z Requirement already satisfied: tinycss2 in /home/runner/micromamba/envs/tardis/lib/python3.12/site-packages (from nbconvert>=6.4.4->jupyter-server<3,>=2.4.0->notebook>=4.4.1->widgetsnbextension~=3.6.5->ipywidgets>=7.0.0->qgridnext) (1.3.0)
2025-01-14T20:56:29.4103236Z Requirement already satisfied: fastjsonschema>=2.15 in /home/runner/micromamba/envs/tardis/lib/python3.12/site-packages (from nbformat>=5.3.0->jupyter-server<3,>=2.4.0->notebook>=4.4.1->widgetsnbextension~=3.6.5->ipywidgets>=7.0.0->qgridnext) (2.20.0)
2025-01-14T20:56:29.4410003Z Requirement already satisfied: charset-normalizer<4,>=2 in /home/runner/micromamba/envs/tardis/lib/python3.12/site-packages (from requests>=2.31->jupyterlab-server<3,>=2.27.1->notebook>=4.4.1->widgetsnbextension~=3.6.5->ipywidgets>=7.0.0->qgridnext) (3.3.2)
2025-01-14T20:56:29.4423366Z Requirement already satisfied: urllib3<3,>=1.21.1 in /home/runner/micromamba/envs/tardis/lib/python3.12/site-packages (from requests>=2.31->jupyterlab-server<3,>=2.27.1->notebook>=4.4.1->widgetsnbextension~=3.6.5->ipywidgets>=7.0.0->qgridnext) (2.2.2)
2025-01-14T20:56:29.5189796Z Requirement already satisfied: webencodings in /home/runner/micromamba/envs/tardis/lib/python3.12/site-packages (from bleach!=5.0.0->nbconvert>=6.4.4->jupyter-server<3,>=2.4.0->notebook>=4.4.1->widgetsnbextension~=3.6.5->ipywidgets>=7.0.0->qgridnext) (0.5.1)
2025-01-14T20:56:29.5753399Z Requirement already satisfied: fqdn in /home/runner/micromamba/envs/tardis/lib/python3.12/site-packages (from jsonschema[format-nongpl]>=4.18.0->jupyter-events>=0.9.0->jupyter-server<3,>=2.4.0->notebook>=4.4.1->widgetsnbextension~=3.6.5->ipywidgets>=7.0.0->qgridnext) (1.5.1)
2025-01-14T20:56:29.5769506Z Requirement already satisfied: isoduration in /home/runner/micromamba/envs/tardis/lib/python3.12/site-packages (from jsonschema[format-nongpl]>=4.18.0->jupyter-events>=0.9.0->jupyter-server<3,>=2.4.0->notebook>=4.4.1->widgetsnbextension~=3.6.5->ipywidgets>=7.0.0->qgridnext) (20.11.0)
2025-01-14T20:56:29.5782973Z Requirement already satisfied: jsonpointer>1.13 in /home/runner/micromamba/envs/tardis/lib/python3.12/site-packages (from jsonschema[format-nongpl]>=4.18.0->jupyter-events>=0.9.0->jupyter-server<3,>=2.4.0->notebook>=4.4.1->widgetsnbextension~=3.6.5->ipywidgets>=7.0.0->qgridnext) (3.0.0)
2025-01-14T20:56:29.5799408Z Requirement already satisfied: uri-template in /home/runner/micromamba/envs/tardis/lib/python3.12/site-packages (from jsonschema[format-nongpl]>=4.18.0->jupyter-events>=0.9.0->jupyter-server<3,>=2.4.0->notebook>=4.4.1->widgetsnbextension~=3.6.5->ipywidgets>=7.0.0->qgridnext) (1.3.0)
2025-01-14T20:56:29.5813284Z Requirement already satisfied: webcolors>=1.11 in /home/runner/micromamba/envs/tardis/lib/python3.12/site-packages (from jsonschema[format-nongpl]>=4.18.0->jupyter-events>=0.9.0->jupyter-server<3,>=2.4.0->notebook>=4.4.1->widgetsnbextension~=3.6.5->ipywidgets>=7.0.0->qgridnext) (24.6.0)
2025-01-14T20:56:29.6818664Z Requirement already satisfied: cffi>=1.0.1 in /home/runner/micromamba/envs/tardis/lib/python3.12/site-packages (from argon2-cffi-bindings->argon2-cffi>=21.1->jupyter-server<3,>=2.4.0->notebook>=4.4.1->widgetsnbextension~=3.6.5->ipywidgets>=7.0.0->qgridnext) (1.16.0)
2025-01-14T20:56:29.6914442Z Requirement already satisfied: soupsieve>1.2 in /home/runner/micromamba/envs/tardis/lib/python3.12/site-packages (from beautifulsoup4->nbconvert>=6.4.4->jupyter-server<3,>=2.4.0->notebook>=4.4.1->widgetsnbextension~=3.6.5->ipywidgets>=7.0.0->qgridnext) (2.5)
2025-01-14T20:56:29.7434189Z Requirement already satisfied: pycparser in /home/runner/micromamba/envs/tardis/lib/python3.12/site-packages (from cffi>=1.0.1->argon2-cffi-bindings->argon2-cffi>=21.1->jupyter-server<3,>=2.4.0->notebook>=4.4.1->widgetsnbextension~=3.6.5->ipywidgets>=7.0.0->qgridnext) (2.22)
2025-01-14T20:56:29.7927948Z Requirement already satisfied: arrow>=0.15.0 in /home/runner/micromamba/envs/tardis/lib/python3.12/site-packages (from isoduration->jsonschema[format-nongpl]>=4.18.0->jupyter-events>=0.9.0->jupyter-server<3,>=2.4.0->notebook>=4.4.1->widgetsnbextension~=3.6.5->ipywidgets>=7.0.0->qgridnext) (1.3.0)
2025-01-14T20:56:29.8223603Z Requirement already satisfied: types-python-dateutil>=2.8.10 in /home/runner/micromamba/envs/tardis/lib/python3.12/site-packages (from arrow>=0.15.0->isoduration->jsonschema[format-nongpl]>=4.18.0->jupyter-events>=0.9.0->jupyter-server<3,>=2.4.0->notebook>=4.4.1->widgetsnbextension~=3.6.5->ipywidgets>=7.0.0->qgridnext) (2.9.0.20240316)
2025-01-14T20:56:29.8533919Z Downloading qgridnext-2.0.4-py3-none-any.whl (1.3 MB)
2025-01-14T20:56:29.8861212Z    ━━━━━━━━━━━━━━━━━━━━━━━━━━━━━━━━━━━━━━━━ 1.3/1.3 MB 41.1 MB/s eta 0:00:00
2025-01-14T20:56:30.6717979Z Installing collected packages: qgridnext
2025-01-14T20:56:30.7599212Z Successfully installed qgridnext-2.0.4
2025-01-14T20:56:30.9692686Z ##[group]Run pytest tardis --tardis-regression-data=/home/runner/work/tardis/tardis/tardis-regression-data --cov=tardis --cov-report=xml --cov-report=html --cov-append -m " continuum"
2025-01-14T20:56:30.9694272Z [36;1mpytest tardis --tardis-regression-data=/home/runner/work/tardis/tardis/tardis-regression-data --cov=tardis --cov-report=xml --cov-report=html --cov-append -m " continuum"[0m
2025-01-14T20:56:30.9721570Z shell: /usr/bin/bash -l {0}
2025-01-14T20:56:30.9721878Z env:
2025-01-14T20:56:30.9722090Z   CACHE_NUMBER: 0
2025-01-14T20:56:30.9722852Z   PYTEST_FLAGS: --tardis-regression-data=/home/runner/work/tardis/tardis/tardis-regression-data --cov=tardis --cov-report=xml --cov-report=html --cov-append
2025-01-14T20:56:30.9723650Z   CODECOV_TOKEN: 
2025-01-14T20:56:30.9723921Z   MAMBA_ROOT_PREFIX: /home/runner/micromamba
2025-01-14T20:56:30.9724323Z   MAMBA_EXE: /home/runner/micromamba-bin/micromamba
2025-01-14T20:56:30.9724831Z   CONDARC: /home/runner/work/_temp/setup-micromamba/.condarc
2025-01-14T20:56:30.9725497Z ##[endgroup]
2025-01-14T20:56:47.4718263Z ============================= test session starts ==============================
2025-01-14T20:56:47.4718971Z platform linux -- Python 3.12.4, pytest-8.2.2, pluggy-1.5.0
2025-01-14T20:56:47.4719532Z rootdir: /home/runner/work/tardis/tardis
2025-01-14T20:56:47.4719986Z configfile: pyproject.toml
2025-01-14T20:56:47.4720545Z plugins: anyio-4.4.0, doctestplus-1.2.1, cov-5.0.0, html-4.1.1, metadata-3.1.1
2025-01-14T20:56:47.4721289Z collected 1788 items / 1 error / 1786 deselected / 2 selected
2025-01-14T20:56:47.4721676Z 
2025-01-14T20:56:47.4721921Z ==================================== ERRORS ====================================
2025-01-14T20:56:47.4722773Z _______________ ERROR collecting tardis/plasma/equilibrium/tests _______________
2025-01-14T20:56:47.4723652Z ../../../micromamba/envs/tardis/lib/python3.12/importlib/__init__.py:90: in import_module
2025-01-14T20:56:47.4724442Z     return _bootstrap._gcd_import(name[level:], package, level)
2025-01-14T20:56:47.4725026Z <frozen importlib._bootstrap>:1387: in _gcd_import
2025-01-14T20:56:47.4725779Z     ???
2025-01-14T20:56:47.4726139Z <frozen importlib._bootstrap>:1360: in _find_and_load
2025-01-14T20:56:47.4726593Z     ???
2025-01-14T20:56:47.4726991Z <frozen importlib._bootstrap>:1331: in _find_and_load_unlocked
2025-01-14T20:56:47.4727486Z     ???
2025-01-14T20:56:47.4727829Z <frozen importlib._bootstrap>:935: in _load_unlocked
2025-01-14T20:56:47.4728269Z     ???
2025-01-14T20:56:47.4728934Z ../../../micromamba/envs/tardis/lib/python3.12/site-packages/_pytest/assertion/rewrite.py:178: in exec_module
2025-01-14T20:56:47.4729719Z     exec(co, module.__dict__)
2025-01-14T20:56:47.4730208Z tardis/plasma/equilibrium/tests/conftest.py:8: in <module>
2025-01-14T20:56:47.4730793Z     from tardis.plasma.equilibrium.rates import (
2025-01-14T20:56:47.4731362Z tardis/plasma/equilibrium/rates/__init__.py:5: in <module>
2025-01-14T20:56:47.4732095Z     from tardis.plasma.equilibrium.rates.collisional_ionization_rates import (
2025-01-14T20:56:47.4733869Z E   ImportError: cannot import name 'CollisionalIonizationSolver' from 'tardis.plasma.equilibrium.rates.collisional_ionization_rates' (/home/runner/work/tardis/tardis/tardis/plasma/equilibrium/rates/collisional_ionization_rates.py)
2025-01-14T20:56:47.4735343Z =============================== warnings summary ===============================
2025-01-14T20:56:47.4735793Z tardis/io/configuration/config_validator.py:6
2025-01-14T20:56:47.4736411Z tardis/io/configuration/config_validator.py:6
2025-01-14T20:56:47.4737018Z   /home/runner/work/tardis/tardis/tardis/io/configuration/config_validator.py:6: DeprecationWarning:
2025-01-14T20:56:47.4737597Z   
2025-01-14T20:56:47.4739338Z   jsonschema.RefResolver is deprecated as of v4.18.0, in favor of the https://github.com/python-jsonschema/referencing library, which provides more compliant referencing behavior as well as more flexible APIs for customization. A future release will remove RefResolver. Please file a feature request (on referencing) if you are missing an API for the kind of customization you need.
2025-01-14T20:56:47.4740857Z 
2025-01-14T20:56:47.4741150Z ../../../micromamba/envs/tardis/lib/python3.12/site-packages/jupyter_client/connect.py:22
2025-01-14T20:56:47.4741991Z   /home/runner/micromamba/envs/tardis/lib/python3.12/site-packages/jupyter_client/connect.py:22: DeprecationWarning:
2025-01-14T20:56:47.4742628Z   
2025-01-14T20:56:47.4742929Z   Jupyter is migrating its paths to use standard platformdirs
2025-01-14T20:56:47.4743417Z   given by the platformdirs library.  To remove this warning and
2025-01-14T20:56:47.4743901Z   see the appropriate new directories, set the environment variable
2025-01-14T20:56:47.4744354Z   `JUPYTER_PLATFORM_DIRS=1` and then run `jupyter --paths`.
2025-01-14T20:56:47.4744785Z   The use of platformdirs will be the default in `jupyter_core` v6
2025-01-14T20:56:47.4745055Z 
2025-01-14T20:56:47.4745492Z -- Docs: https://docs.pytest.org/en/stable/how-to/capture-warnings.html
2025-01-14T20:56:47.4745808Z 
2025-01-14T20:56:47.4746002Z ---------- coverage: platform linux, python 3.12.4-final-0 -----------
2025-01-14T20:56:47.4746422Z Coverage HTML written to dir coverage_html_report
2025-01-14T20:56:47.4746768Z Coverage XML written to file coverage.xml
2025-01-14T20:56:47.4746978Z 
2025-01-14T20:56:47.4747117Z =========================== short test summary info ============================
2025-01-14T20:56:47.4748406Z ERROR tardis/plasma/equilibrium/tests - ImportError: cannot import name 'CollisionalIonizationSolver' from 'tardis.plasma.equilibrium.rates.collisional_ionization_rates' (/home/runner/work/tardis/tardis/tardis/plasma/equilibrium/rates/collisional_ionization_rates.py)
2025-01-14T20:56:47.4749742Z !!!!!!!!!!!!!!!!!!!! Interrupted: 1 error during collection !!!!!!!!!!!!!!!!!!!!
2025-01-14T20:56:47.4750193Z ================ 1786 deselected, 3 warnings, 1 error in 9.13s =================
2025-01-14T20:56:48.1820939Z ##[error]Process completed with exit code 2.
2025-01-14T20:56:48.1895800Z Post job cleanup.
2025-01-14T20:56:48.1927902Z Post job cleanup.
2025-01-14T20:56:48.3249304Z Will use pre-installed micromamba at /home/runner/micromamba-bin/micromamba
2025-01-14T20:56:48.3256591Z Removing micromamba run shell ...
2025-01-14T20:56:48.3260526Z ##[group]Deinitialize micromamba for bash
2025-01-14T20:56:48.3279397Z [command]/home/runner/micromamba-bin/micromamba shell deinit -s bash -r /home/runner/micromamba --log-level warning --rc-file /home/runner/work/_temp/setup-micromamba/.condarc
2025-01-14T20:56:48.3381025Z Resetting RC file "/home/runner/.bashrc"
2025-01-14T20:56:48.3381802Z Deleting config for root prefix 
2025-01-14T20:56:48.3382487Z Clearing mamba executable environment variable
2025-01-14T20:56:48.3383940Z Removing the following in your "/home/runner/.bashrc" file
2025-01-14T20:56:48.3384712Z # >>> mamba initialize >>>
2025-01-14T20:56:48.3385086Z ...
2025-01-14T20:56:48.3385577Z # <<< mamba initialize <<<
2025-01-14T20:56:48.3415068Z Removing mamba initialize block from .bash_profile
2025-01-14T20:56:48.3430830Z ##[endgroup]
2025-01-14T20:56:48.3434981Z Removing environment tardis from auto-activate bash ...
2025-01-14T20:56:48.3564536Z Post job cleanup.
2025-01-14T20:56:48.3602771Z Post job cleanup.
2025-01-14T20:56:48.4775121Z [command]/usr/bin/git version
2025-01-14T20:56:48.4811852Z git version 2.47.1
2025-01-14T20:56:48.4862430Z Temporarily overriding HOME='/home/runner/work/_temp/93a1e1db-68e4-4949-8845-8ef6031a292b' before making global git config changes
2025-01-14T20:56:48.4864636Z Adding repository directory to the temporary git global config as a safe directory
2025-01-14T20:56:48.4868095Z [command]/usr/bin/git config --global --add safe.directory /home/runner/work/tardis/tardis/tardis-regression-data
2025-01-14T20:56:48.4903437Z [command]/usr/bin/git config --local --name-only --get-regexp core\.sshCommand
2025-01-14T20:56:48.4935934Z [command]/usr/bin/git submodule foreach --recursive sh -c "git config --local --name-only --get-regexp 'core\.sshCommand' && git config --local --unset-all 'core.sshCommand' || :"
2025-01-14T20:56:48.5166975Z [command]/usr/bin/git config --local --name-only --get-regexp http\.https\:\/\/github\.com\/\.extraheader
2025-01-14T20:56:48.5187173Z http.https://github.com/.extraheader
2025-01-14T20:56:48.5199657Z [command]/usr/bin/git config --local --unset-all http.https://github.com/.extraheader
2025-01-14T20:56:48.5230681Z [command]/usr/bin/git submodule foreach --recursive sh -c "git config --local --name-only --get-regexp 'http\.https\:\/\/github\.com\/\.extraheader' && git config --local --unset-all 'http.https://github.com/.extraheader' || :"
2025-01-14T20:56:48.5595910Z Post job cleanup.
2025-01-14T20:56:48.6528630Z [command]/usr/bin/git version
2025-01-14T20:56:48.6566178Z git version 2.47.1
2025-01-14T20:56:48.6614360Z Temporarily overriding HOME='/home/runner/work/_temp/86fc9de4-a0da-4016-8617-7177e9eab576' before making global git config changes
2025-01-14T20:56:48.6616454Z Adding repository directory to the temporary git global config as a safe directory
2025-01-14T20:56:48.6619621Z [command]/usr/bin/git config --global --add safe.directory /home/runner/work/tardis/tardis
2025-01-14T20:56:48.6653329Z [command]/usr/bin/git config --local --name-only --get-regexp core\.sshCommand
2025-01-14T20:56:48.6684943Z [command]/usr/bin/git submodule foreach --recursive sh -c "git config --local --name-only --get-regexp 'core\.sshCommand' && git config --local --unset-all 'core.sshCommand' || :"
2025-01-14T20:56:48.6913863Z [command]/usr/bin/git config --local --name-only --get-regexp http\.https\:\/\/github\.com\/\.extraheader
2025-01-14T20:56:48.6934179Z http.https://github.com/.extraheader
2025-01-14T20:56:48.6946568Z [command]/usr/bin/git config --local --unset-all http.https://github.com/.extraheader
2025-01-14T20:56:48.6976492Z [command]/usr/bin/git submodule foreach --recursive sh -c "git config --local --name-only --get-regexp 'http\.https\:\/\/github\.com\/\.extraheader' && git config --local --unset-all 'http.https://github.com/.extraheader' || :"
2025-01-14T20:56:48.7319541Z Cleaning up orphan processes
