2025-02-24T15:57:12.7887190Z Prepare all required actions
2025-02-24T15:57:12.7887760Z Getting action download info
2025-02-24T15:57:13.0222010Z Download action repository 'mamba-org/setup-micromamba@v1' (SHA:4b9113af4fba0e9e1124b252dd6497a419e7396d)
2025-02-24T15:57:14.2344190Z ##[group]Run ./.github/actions/setup_env
2025-02-24T15:57:14.2344630Z with:
2025-02-24T15:57:14.2344940Z   os-label: osx-arm64
2025-02-24T15:57:14.2345170Z env:
2025-02-24T15:57:14.2345360Z   CACHE_NUMBER: 0
2025-02-24T15:57:14.2346260Z   PYTEST_FLAGS: --tardis-regression-data=/Users/runner/work/tardis/tardis/tardis-regression-data --cov=tardis --cov-report=xml --cov-report=html --cov-append
2025-02-24T15:57:14.2347060Z   CODECOV_TOKEN: ***
2025-02-24T15:57:14.2347410Z ##[endgroup]
2025-02-24T15:57:14.2379800Z ##[group]Run file_hash=$(cat conda-osx-arm64.lock | shasum -a 256 | cut -d' ' -f1)
2025-02-24T15:57:14.2380300Z [36;1mfile_hash=$(cat conda-osx-arm64.lock | shasum -a 256 | cut -d' ' -f1)[0m
2025-02-24T15:57:14.2380920Z [36;1mecho "file_hash=tardis-conda-env-osx-arm64-${file_hash}-v1" >> "${GITHUB_OUTPUT}"[0m
2025-02-24T15:57:14.2557460Z shell: /bin/bash --noprofile --norc -e -o pipefail {0}
2025-02-24T15:57:14.2557840Z env:
2025-02-24T15:57:14.2557980Z   CACHE_NUMBER: 0
2025-02-24T15:57:14.2558540Z   PYTEST_FLAGS: --tardis-regression-data=/Users/runner/work/tardis/tardis/tardis-regression-data --cov=tardis --cov-report=xml --cov-report=html --cov-append
2025-02-24T15:57:14.2559450Z   CODECOV_TOKEN: ***
2025-02-24T15:57:14.2559600Z ##[endgroup]
2025-02-24T15:57:14.4451800Z ##[group]Run mamba-org/setup-micromamba@v1
2025-02-24T15:57:14.4454010Z with:
2025-02-24T15:57:14.4454280Z   environment-file: conda-osx-arm64.lock
2025-02-24T15:57:14.4454810Z   cache-environment-key: tardis-conda-env-osx-arm64-bf0d0a4d4c847cca72476c6c68c493d56c484aada7e80de0e42c7607fcef5824-v1
2025-02-24T15:57:14.4455520Z   cache-downloads-key: tardis-conda-env-osx-arm64-bf0d0a4d4c847cca72476c6c68c493d56c484aada7e80de0e42c7607fcef5824-v1
2025-02-24T15:57:14.4464810Z   environment-name: tardis
2025-02-24T15:57:14.4465470Z   cache-environment: true
2025-02-24T15:57:14.4465970Z   cache-downloads: true
2025-02-24T15:57:14.4466470Z env:
2025-02-24T15:57:14.4466850Z   CACHE_NUMBER: 0
2025-02-24T15:57:14.4468230Z   PYTEST_FLAGS: --tardis-regression-data=/Users/runner/work/tardis/tardis/tardis-regression-data --cov=tardis --cov-report=xml --cov-report=html --cov-append
2025-02-24T15:57:14.4470450Z   CODECOV_TOKEN: ***
2025-02-24T15:57:14.4470950Z ##[endgroup]
2025-02-24T15:57:15.0660220Z Will download micromamba to /Users/runner/micromamba-bin/micromamba
2025-02-24T15:57:15.0666360Z ##[group]Install micromamba
2025-02-24T15:57:15.7644450Z micromamba installed to /Users/runner/micromamba-bin/micromamba
2025-02-24T15:57:15.7646880Z ##[endgroup]
2025-02-24T15:57:15.7649830Z Adding conda-forge to condarc channels ...
2025-02-24T15:57:15.7719870Z ##[group]Initialize micromamba for bash.
2025-02-24T15:57:15.7748720Z [command]/Users/runner/micromamba-bin/micromamba shell init -s bash -r /Users/runner/micromamba --log-level warning --rc-file /Users/runner/work/_temp/setup-micromamba/.condarc
2025-02-24T15:57:15.8509710Z Modifying RC file "/Users/runner/.bash_profile"
2025-02-24T15:57:15.8520790Z Generating config for root prefix [1m"/Users/runner/micromamba"[0m
2025-02-24T15:57:15.8521440Z Setting mamba executable to: [1m"/Users/runner/micromamba-bin/micromamba"[0m
2025-02-24T15:57:15.8522060Z Adding (or replacing) the following in your "/Users/runner/.bash_profile" file
2025-02-24T15:57:15.8522360Z 
2025-02-24T15:57:15.8522520Z # >>> mamba initialize >>>
2025-02-24T15:57:15.8522850Z # !! Contents within this block are managed by 'mamba init' !!
2025-02-24T15:57:15.8523250Z export MAMBA_EXE='/Users/runner/micromamba-bin/micromamba';
2025-02-24T15:57:15.8523610Z export MAMBA_ROOT_PREFIX='/Users/runner/micromamba';
2025-02-24T15:57:15.8524950Z __mamba_setup="$("$MAMBA_EXE" shell hook --shell bash --root-prefix "$MAMBA_ROOT_PREFIX" 2> /dev/null)"
2025-02-24T15:57:15.8525530Z if [ $? -eq 0 ]; then
2025-02-24T15:57:15.8527430Z     eval "$__mamba_setup"
2025-02-24T15:57:15.8527680Z else
2025-02-24T15:57:15.8528030Z     alias micromamba="$MAMBA_EXE"  # Fallback on help from mamba activate
2025-02-24T15:57:15.8528490Z fi
2025-02-24T15:57:15.8528730Z unset __mamba_setup
2025-02-24T15:57:15.8528930Z # <<< mamba initialize <<<
2025-02-24T15:57:15.8529110Z 
2025-02-24T15:57:15.8529550Z ##[endgroup]
2025-02-24T15:57:15.8530170Z ##[group]Restoring downloads from `/Users/runner/micromamba/pkgs` ...
2025-02-24T15:57:17.2374070Z Received 33554432 of 310594474 (10.8%), 31.9 MBs/sec
2025-02-24T15:57:18.2457200Z Received 117440512 of 310594474 (37.8%), 55.7 MBs/sec
2025-02-24T15:57:19.2501230Z Received 171966464 of 310594474 (55.4%), 54.4 MBs/sec
2025-02-24T15:57:20.2611670Z Received 243269632 of 310594474 (78.3%), 57.7 MBs/sec
2025-02-24T15:57:21.2529860Z Received 306184192 of 310594474 (98.6%), 58.2 MBs/sec
2025-02-24T15:57:21.8697180Z Cache Size: ~296 MB (310594474 B)
2025-02-24T15:57:21.8752790Z [command]/opt/homebrew/bin/gtar -xf /Users/runner/work/_temp/674f414a-440a-4a38-91e3-51d5adfa4d31/cache.tzst -P -C /Users/runner/work/tardis/tardis --delay-directory-restore --use-compress-program unzstd
2025-02-24T15:57:22.2545440Z Received 310594474 of 310594474 (100.0%), 49.2 MBs/sec
2025-02-24T15:57:23.1053230Z Cache restored successfully
2025-02-24T15:57:23.1094510Z Restored cache with key `tardis-conda-env-osx-arm64-bf0d0a4d4c847cca72476c6c68c493d56c484aada7e80de0e42c7607fcef5824-v1-osx-arm64`
2025-02-24T15:57:23.1103220Z ##[endgroup]
2025-02-24T15:57:23.1194060Z ##[group]Restoring environment `tardis` from `/Users/runner/micromamba/envs/tardis` ...
2025-02-24T15:57:24.4896580Z Received 33554432 of 385513979 (8.7%), 32.0 MBs/sec
2025-02-24T15:57:25.4928360Z Received 109051904 of 385513979 (28.3%), 51.9 MBs/sec
2025-02-24T15:57:26.4954740Z Received 184549376 of 385513979 (47.9%), 58.5 MBs/sec
2025-02-24T15:57:27.4959890Z Received 260046848 of 385513979 (67.5%), 61.9 MBs/sec
2025-02-24T15:57:28.5001490Z Received 343932928 of 385513979 (89.2%), 65.5 MBs/sec
2025-02-24T15:57:29.5017840Z Received 381319675 of 385513979 (98.9%), 60.5 MBs/sec
2025-02-24T15:57:30.5069580Z Received 381319675 of 385513979 (98.9%), 51.8 MBs/sec
2025-02-24T15:57:30.9199560Z Cache Size: ~368 MB (385513979 B)
2025-02-24T15:57:30.9415090Z [command]/opt/homebrew/bin/gtar -xf /Users/runner/work/_temp/58c93876-a0c7-40d1-8ae4-98e698d01d66/cache.tzst -P -C /Users/runner/work/tardis/tardis --delay-directory-restore --use-compress-program unzstd
2025-02-24T15:57:31.5094720Z Received 385513979 of 385513979 (100.0%), 45.8 MBs/sec
2025-02-24T15:57:49.6391770Z Cache restored successfully
2025-02-24T15:57:49.6563540Z Restored cache with key `tardis-conda-env-osx-arm64-bf0d0a4d4c847cca72476c6c68c493d56c484aada7e80de0e42c7607fcef5824-v1-osx-arm64-tardis-args-4f53cda-root-873f6fe-bin-[object Promise]-file-bf0d0a4d4c847cca72476c6c68c493d56c484aada7e80de0e42c7607fcef5824`
2025-02-24T15:57:49.6665360Z ##[endgroup]
2025-02-24T15:57:49.6742820Z Adding environment tardis to auto-activate bash ...
2025-02-24T15:57:49.6773570Z Generating micromamba run shell.
2025-02-24T15:57:49.6785300Z ##[endgroup]
2025-02-24T15:57:49.6816260Z Set environment variables.
2025-02-24T15:57:49.6818600Z ##[group]micromamba info
2025-02-24T15:57:49.6822150Z [command]/Users/runner/micromamba-bin/micromamba info -r /Users/runner/micromamba -n tardis
2025-02-24T15:57:50.2405710Z 
2025-02-24T15:57:50.2406720Z        libmamba version : 1.5.10
2025-02-24T15:57:50.2407860Z      micromamba version : 1.5.10
2025-02-24T15:57:50.2409150Z            curl version : libcurl/8.10.1 (OpenSSL/3.3.2) SecureTransport zlib/1.3.1 zstd/1.5.6 libssh2/1.11.0 nghttp2/1.58.0
2025-02-24T15:57:50.2410590Z      libarchive version : libarchive 3.7.4 zlib/1.2.13 bz2lib/1.0.8 libzstd/1.5.6
2025-02-24T15:57:50.2411620Z        envs directories : /Users/runner/micromamba/envs
2025-02-24T15:57:50.2412490Z           package cache : /Users/runner/micromamba/pkgs
2025-02-24T15:57:50.2413360Z                           /Users/runner/.mamba/pkgs
2025-02-24T15:57:50.2423130Z             environment : tardis
2025-02-24T15:57:50.2423940Z            env location : /Users/runner/micromamba/envs/tardis
2025-02-24T15:57:50.2424740Z       user config files : /Users/runner/.mambarc
2025-02-24T15:57:50.2425790Z  populated config files : /Users/runner/work/_temp/setup-micromamba/.condarc
2025-02-24T15:57:50.2426750Z        virtual packages : __unix=0=0
2025-02-24T15:57:50.2427480Z                           __osx=14.7.2=0
2025-02-24T15:57:50.2428120Z                           __archspec=1=arm64
2025-02-24T15:57:50.2429130Z                channels : https://conda.anaconda.org/conda-forge/osx-arm64
2025-02-24T15:57:50.2430040Z                           https://conda.anaconda.org/conda-forge/noarch
2025-02-24T15:57:50.2430920Z        base environment : /Users/runner/micromamba
2025-02-24T15:57:50.2431690Z                platform : osx-arm64
2025-02-24T15:57:50.2432800Z ##[endgroup]
2025-02-24T15:57:50.2433750Z ##[group]micromamba list
2025-02-24T15:57:50.2435090Z [command]/Users/runner/micromamba-bin/micromamba list -r /Users/runner/micromamba -n tardis
2025-02-24T15:57:50.7121200Z List of packages in environment: "/Users/runner/micromamba/envs/tardis"
2025-02-24T15:57:50.7128290Z 
2025-02-24T15:57:50.7130100Z   Name                           Version              Build                    Channel    
2025-02-24T15:57:50.7143830Z â”€â”€â”€â”€â”€â”€â”€â”€â”€â”€â”€â”€â”€â”€â”€â”€â”€â”€â”€â”€â”€â”€â”€â”€â”€â”€â”€â”€â”€â”€â”€â”€â”€â”€â”€â”€â”€â”€â”€â”€â”€â”€â”€â”€â”€â”€â”€â”€â”€â”€â”€â”€â”€â”€â”€â”€â”€â”€â”€â”€â”€â”€â”€â”€â”€â”€â”€â”€â”€â”€â”€â”€â”€â”€â”€â”€â”€â”€â”€â”€â”€â”€â”€â”€â”€â”€â”€â”€â”€â”€â”€â”€
2025-02-24T15:57:50.7144440Z   alabaster                      0.7.16               pyhd8ed1ab_0             conda-forge
2025-02-24T15:57:50.7144910Z   anyio                          4.4.0                pyhd8ed1ab_0             conda-forge
2025-02-24T15:57:50.7145430Z   appnope                        0.1.4                pyhd8ed1ab_0             conda-forge
2025-02-24T15:57:50.7145870Z   argon2-cffi                    23.1.0               pyhd8ed1ab_0             conda-forge
2025-02-24T15:57:50.7155650Z   argon2-cffi-bindings           21.2.0               py312h02f2b3b_4          conda-forge
2025-02-24T15:57:50.7156100Z   arrow                          1.3.0                pyhd8ed1ab_0             conda-forge
2025-02-24T15:57:50.7156500Z   astropy                        6.1.1                py312hbebd99a_0          conda-forge
2025-02-24T15:57:50.7156930Z   astropy-iers-data              0.2024.6.17.0.31.35  pyhd8ed1ab_0             conda-forge
2025-02-24T15:57:50.7157360Z   astropy-sphinx-theme           1.1                  pyhd8ed1ab_0             conda-forge
2025-02-24T15:57:50.7158400Z   asttokens                      2.4.1                pyhd8ed1ab_0             conda-forge
2025-02-24T15:57:50.7158820Z   async-lru                      2.0.4                pyhd8ed1ab_0             conda-forge
2025-02-24T15:57:50.7159280Z   atk-1.0                        2.38.0               hd03087b_2               conda-forge
2025-02-24T15:57:50.7159620Z   attrs                          23.2.0               pyh71513ae_0             conda-forge
2025-02-24T15:57:50.7160030Z   babel                          2.14.0               pyhd8ed1ab_0             conda-forge
2025-02-24T15:57:50.7160470Z   beautifulsoup4                 4.12.3               pyha770c72_0             conda-forge
2025-02-24T15:57:50.7160990Z   bleach                         6.1.0                pyhd8ed1ab_0             conda-forge
2025-02-24T15:57:50.7161390Z   blosc                          1.21.5               h9c252e8_1               conda-forge
2025-02-24T15:57:50.7161760Z   brotli                         1.1.0                hb547adb_1               conda-forge
2025-02-24T15:57:50.7162180Z   brotli-bin                     1.1.0                hb547adb_1               conda-forge
2025-02-24T15:57:50.7162570Z   brotli-python                  1.1.0                py312h9f69965_1          conda-forge
2025-02-24T15:57:50.7162990Z   bzip2                          1.0.8                h93a5062_5               conda-forge
2025-02-24T15:57:50.7163410Z   c-ares                         1.28.1               h93a5062_0               conda-forge
2025-02-24T15:57:50.7164870Z   c-blosc2                       2.14.4               ha57e6be_1               conda-forge
2025-02-24T15:57:50.7165330Z   ca-certificates                2024.6.2             hf0a4a13_0               conda-forge
2025-02-24T15:57:50.7165740Z   cached-property                1.5.2                hd8ed1ab_1               conda-forge
2025-02-24T15:57:50.7166310Z   cached_property                1.5.2                pyha770c72_1             conda-forge
2025-02-24T15:57:50.7166700Z   cairo                          1.18.0               hd1e100b_0               conda-forge
2025-02-24T15:57:50.7167620Z   certifi                        2024.6.2             pyhd8ed1ab_0             conda-forge
2025-02-24T15:57:50.7168080Z   cffi                           1.16.0               py312h8e38eb3_0          conda-forge
2025-02-24T15:57:50.7168510Z   charset-normalizer             3.3.2                pyhd8ed1ab_0             conda-forge
2025-02-24T15:57:50.7168930Z   click                          8.1.7                unix_pyh707e725_0        conda-forge
2025-02-24T15:57:50.7169290Z   codespell                      2.3.0                pyhd8ed1ab_0             conda-forge
2025-02-24T15:57:50.7169680Z   colorama                       0.4.6                pyhd8ed1ab_0             conda-forge
2025-02-24T15:57:50.7170110Z   comm                           0.2.2                pyhd8ed1ab_0             conda-forge
2025-02-24T15:57:50.7170440Z   commonmark                     0.9.1                py_0                     conda-forge
2025-02-24T15:57:50.7170840Z   contourpy                      1.2.1                py312h0fef576_0          conda-forge
2025-02-24T15:57:50.7171190Z   coverage                       7.5.3                py312h7e5086c_0          conda-forge
2025-02-24T15:57:50.7171610Z   cycler                         0.12.1               pyhd8ed1ab_0             conda-forge
2025-02-24T15:57:50.7172520Z   dataclasses                    0.8                  pyhc8e2a94_3             conda-forge
2025-02-24T15:57:50.7173100Z   debugpy                        1.8.1                py312h20a0b95_0          conda-forge
2025-02-24T15:57:50.7173550Z   decorator                      5.1.1                pyhd8ed1ab_0             conda-forge
2025-02-24T15:57:50.7174290Z   defusedxml                     0.7.1                pyhd8ed1ab_0             conda-forge
2025-02-24T15:57:50.7175190Z   docutils                       0.20.1               py312h81bd7bf_3          conda-forge
2025-02-24T15:57:50.7175610Z   dot2tex                        2.11.3               pyhd8ed1ab_0             conda-forge
2025-02-24T15:57:50.7176070Z   entrypoints                    0.4                  pyhd8ed1ab_0             conda-forge
2025-02-24T15:57:50.7176520Z   exceptiongroup                 1.2.0                pyhd8ed1ab_2             conda-forge
2025-02-24T15:57:50.7178500Z   executing                      2.0.1                pyhd8ed1ab_0             conda-forge
2025-02-24T15:57:50.7178890Z   expat                          2.6.2                hebf3989_0               conda-forge
2025-02-24T15:57:50.7179380Z   font-ttf-dejavu-sans-mono      2.37                 hab24e00_0               conda-forge
2025-02-24T15:57:50.7179830Z   font-ttf-inconsolata           3.000                h77eed37_0               conda-forge
2025-02-24T15:57:50.7180320Z   font-ttf-source-code-pro       2.038                h77eed37_0               conda-forge
2025-02-24T15:57:50.7180800Z   font-ttf-ubuntu                0.83                 h77eed37_2               conda-forge
2025-02-24T15:57:50.7181270Z   fontconfig                     2.14.2               h82840c6_0               conda-forge
2025-02-24T15:57:50.7181820Z   fonts-conda-ecosystem          1                    0                        conda-forge
2025-02-24T15:57:50.7182260Z   fonts-conda-forge              1                    0                        conda-forge
2025-02-24T15:57:50.7182740Z   fonttools                      4.53.0               py312h7e5086c_0          conda-forge
2025-02-24T15:57:50.7183490Z   fqdn                           1.5.1                pyhd8ed1ab_0             conda-forge
2025-02-24T15:57:50.7183880Z   freetype                       2.12.1               hadb7bae_2               conda-forge
2025-02-24T15:57:50.7184300Z   fribidi                        1.0.10               h27ca646_0               conda-forge
2025-02-24T15:57:50.7184670Z   future                         1.0.0                pyhd8ed1ab_0             conda-forge
2025-02-24T15:57:50.7185080Z   gdk-pixbuf                     2.42.12              h7ddc832_0               conda-forge
2025-02-24T15:57:50.7185460Z   gettext                        0.22.5               h8fbad5d_2               conda-forge
2025-02-24T15:57:50.7186020Z   gettext-tools                  0.22.5               h8fbad5d_2               conda-forge
2025-02-24T15:57:50.7186380Z   giflib                         5.2.2                h93a5062_0               conda-forge
2025-02-24T15:57:50.7186780Z   git-lfs                        3.5.1                hce30654_0               conda-forge
2025-02-24T15:57:50.7187190Z   gmp                            6.3.0                hebf3989_1               conda-forge
2025-02-24T15:57:50.7187580Z   gmpy2                          2.1.5                py312hfa9fade_1          conda-forge
2025-02-24T15:57:50.7188020Z   graphite2                      1.3.13               hebf3989_1003            conda-forge
2025-02-24T15:57:50.7188400Z   graphviz                       11.0.0               h9bb9bc9_0               conda-forge
2025-02-24T15:57:50.7188820Z   gtk2                           2.24.33              h7895bb2_4               conda-forge
2025-02-24T15:57:50.7189150Z   gts                            0.7.6                he42f4ea_4               conda-forge
2025-02-24T15:57:50.7189550Z   h11                            0.14.0               pyhd8ed1ab_0             conda-forge
2025-02-24T15:57:50.7190260Z   h2                             4.1.0                pyhd8ed1ab_0             conda-forge
2025-02-24T15:57:50.7190690Z   h5py                           3.11.0               nompi_py312h903599c_102  conda-forge
2025-02-24T15:57:50.7191060Z   harfbuzz                       8.5.0                h1836168_0               conda-forge
2025-02-24T15:57:50.7191460Z   hdf5                           1.14.3               nompi_hec07895_105       conda-forge
2025-02-24T15:57:50.7191820Z   hpack                          4.0.0                pyh9f0ad1d_0             conda-forge
2025-02-24T15:57:50.7192250Z   httpcore                       1.0.5                pyhd8ed1ab_0             conda-forge
2025-02-24T15:57:50.7192670Z   httpx                          0.27.0               pyhd8ed1ab_0             conda-forge
2025-02-24T15:57:50.7193070Z   hyperframe                     6.0.1                pyhd8ed1ab_0             conda-forge
2025-02-24T15:57:50.7193520Z   icu                            73.2                 hc8870d7_0               conda-forge
2025-02-24T15:57:50.7193870Z   idna                           3.7                  pyhd8ed1ab_0             conda-forge
2025-02-24T15:57:50.7194310Z   imagesize                      1.4.1                pyhd8ed1ab_0             conda-forge
2025-02-24T15:57:50.7194700Z   importlib-metadata             7.1.0                pyha770c72_0             conda-forge
2025-02-24T15:57:50.7195190Z   importlib_metadata             7.1.0                hd8ed1ab_0               conda-forge
2025-02-24T15:57:50.7195700Z   importlib_resources            6.4.0                pyhd8ed1ab_0             conda-forge
2025-02-24T15:57:50.7196140Z   iniconfig                      2.0.0                pyhd8ed1ab_0             conda-forge
2025-02-24T15:57:50.7196600Z   ipykernel                      6.29.4               pyh57ce528_0             conda-forge
2025-02-24T15:57:50.7197020Z   ipython                        8.25.0               pyh707e725_0             conda-forge
2025-02-24T15:57:50.7197510Z   ipython_genutils               0.2.0                pyhd8ed1ab_1             conda-forge
2025-02-24T15:57:50.7198580Z   ipywidgets                     7.8.0                pyhd8ed1ab_0             conda-forge
2025-02-24T15:57:50.7199140Z   isoduration                    20.11.0              pyhd8ed1ab_0             conda-forge
2025-02-24T15:57:50.7199630Z   jedi                           0.19.1               pyhd8ed1ab_0             conda-forge
2025-02-24T15:57:50.7200050Z   jinja2                         3.1.4                pyhd8ed1ab_0             conda-forge
2025-02-24T15:57:50.7200550Z   json5                          0.9.25               pyhd8ed1ab_0             conda-forge
2025-02-24T15:57:50.7201030Z   jsonpointer                    3.0.0                py312h81bd7bf_0          conda-forge
2025-02-24T15:57:50.7201560Z   jsonschema                     4.22.0               pyhd8ed1ab_0             conda-forge
2025-02-24T15:57:50.7202080Z   jsonschema-specifications      2023.12.1            pyhd8ed1ab_0             conda-forge
2025-02-24T15:57:50.7202580Z   jsonschema-with-format-nongpl  4.22.0               pyhd8ed1ab_0             conda-forge
2025-02-24T15:57:50.7203040Z   jupyter-lsp                    2.2.5                pyhd8ed1ab_0             conda-forge
2025-02-24T15:57:50.7203420Z   jupyter_client                 8.6.2                pyhd8ed1ab_0             conda-forge
2025-02-24T15:57:50.7203850Z   jupyter_core                   5.7.2                py312h81bd7bf_0          conda-forge
2025-02-24T15:57:50.7204260Z   jupyter_events                 0.10.0               pyhd8ed1ab_0             conda-forge
2025-02-24T15:57:50.7204680Z   jupyter_server                 2.14.1               pyhd8ed1ab_0             conda-forge
2025-02-24T15:57:50.7205170Z   jupyter_server_terminals       0.5.3                pyhd8ed1ab_0             conda-forge
2025-02-24T15:57:50.7205550Z   jupyterlab                     4.2.2                pyhd8ed1ab_0             conda-forge
2025-02-24T15:57:50.7206140Z   jupyterlab_pygments            0.3.0                pyhd8ed1ab_1             conda-forge
2025-02-24T15:57:50.7206770Z   jupyterlab_server              2.27.2               pyhd8ed1ab_0             conda-forge
2025-02-24T15:57:50.7207230Z   jupyterlab_widgets             1.1.7                pyhd8ed1ab_0             conda-forge
2025-02-24T15:57:50.7207610Z   kiwisolver                     1.4.5                py312h389731b_1          conda-forge
2025-02-24T15:57:50.7208040Z   krb5                           1.21.2               h92f50d5_0               conda-forge
2025-02-24T15:57:50.7208440Z   latexcodec                     2.0.1                pyh9f0ad1d_0             conda-forge
2025-02-24T15:57:50.7208810Z   lcms2                          2.16                 ha0e7c42_0               conda-forge
2025-02-24T15:57:50.7209240Z   lerc                           4.0.0                h9a09cb3_0               conda-forge
2025-02-24T15:57:50.7209600Z   libaec                         1.1.3                hebf3989_0               conda-forge
2025-02-24T15:57:50.7210050Z   libasprintf                    0.22.5               h8fbad5d_2               conda-forge
2025-02-24T15:57:50.7210460Z   libasprintf-devel              0.22.5               h8fbad5d_2               conda-forge
2025-02-24T15:57:50.7210930Z   libblas                        3.9.0                22_osxarm64_openblas     conda-forge
2025-02-24T15:57:50.7220380Z   libbrotlicommon                1.1.0                hb547adb_1               conda-forge
2025-02-24T15:57:50.7221600Z   libbrotlidec                   1.1.0                hb547adb_1               conda-forge
2025-02-24T15:57:50.7222720Z   libbrotlienc                   1.1.0                hb547adb_1               conda-forge
2025-02-24T15:57:50.7230360Z   libcblas                       3.9.0                22_osxarm64_openblas     conda-forge
2025-02-24T15:57:50.7231540Z   libcurl                        8.8.0                h7b6f9a7_0               conda-forge
2025-02-24T15:57:50.7232480Z   libcxx                         17.0.6               h5f092b4_0               conda-forge
2025-02-24T15:57:50.7239900Z   libdeflate                     1.20                 h93a5062_0               conda-forge
2025-02-24T15:57:50.7240360Z   libedit                        3.1.20191231         hc8eb9b7_2               conda-forge
2025-02-24T15:57:50.7240840Z   libev                          4.33                 h93a5062_2               conda-forge
2025-02-24T15:57:50.7241260Z   libexpat                       2.6.2                hebf3989_0               conda-forge
2025-02-24T15:57:50.7241730Z   libffi                         3.4.2                h3422bc3_5               conda-forge
2025-02-24T15:57:50.7242130Z   libgd                          2.3.3                hfdf3952_9               conda-forge
2025-02-24T15:57:50.7242660Z   libgettextpo                   0.22.5               h8fbad5d_2               conda-forge
2025-02-24T15:57:50.7243170Z   libgettextpo-devel             0.22.5               h8fbad5d_2               conda-forge
2025-02-24T15:57:50.7243750Z   libgfortran                    5.0.0                13_2_0_hd922786_3        conda-forge
2025-02-24T15:57:50.7244290Z   libgfortran5                   13.2.0               hf226fd6_3               conda-forge
2025-02-24T15:57:50.7244810Z   libglib                        2.80.2               h59d46d9_1               conda-forge
2025-02-24T15:57:50.7245210Z   libiconv                       1.17                 h0d3ecfb_2               conda-forge
2025-02-24T15:57:50.7245710Z   libintl                        0.22.5               h8fbad5d_2               conda-forge
2025-02-24T15:57:50.7246190Z   libintl-devel                  0.22.5               h8fbad5d_2               conda-forge
2025-02-24T15:57:50.7246600Z   libjpeg-turbo                  3.0.0                hb547adb_1               conda-forge
2025-02-24T15:57:50.7247130Z   liblapack                      3.9.0                22_osxarm64_openblas     conda-forge
2025-02-24T15:57:50.7247520Z   libllvm14                      14.0.6               hd1a9a77_4               conda-forge
2025-02-24T15:57:50.7248370Z   libnghttp2                     1.58.0               ha4dd798_1               conda-forge
2025-02-24T15:57:50.7248800Z   libopenblas                    0.3.27               openmp_h6c19121_0        conda-forge
2025-02-24T15:57:50.7249250Z   libpng                         1.6.43               h091b4b1_0               conda-forge
2025-02-24T15:57:50.7249660Z   librsvg                        2.58.1               hbc281fb_0               conda-forge
2025-02-24T15:57:50.7250020Z   libsodium                      1.0.18               h27ca646_1               conda-forge
2025-02-24T15:57:50.7250460Z   libsqlite                      3.46.0               hfb93653_0               conda-forge
2025-02-24T15:57:50.7250820Z   libssh2                        1.11.0               h7a5bd25_0               conda-forge
2025-02-24T15:57:50.7251240Z   libtiff                        4.6.0                h07db509_3               conda-forge
2025-02-24T15:57:50.7251610Z   libwebp                        1.4.0                h54798ee_0               conda-forge
2025-02-24T15:57:50.7252070Z   libwebp-base                   1.4.0                h93a5062_0               conda-forge
2025-02-24T15:57:50.7252490Z   libxcb                         1.16                 hf2054a2_0               conda-forge
2025-02-24T15:57:50.7252910Z   libxml2                        2.12.7               ha661575_1               conda-forge
2025-02-24T15:57:50.7253260Z   libxslt                        1.1.39               h223e5b9_0               conda-forge
2025-02-24T15:57:50.7253680Z   libzlib                        1.3.1                hfb2fe0b_1               conda-forge
2025-02-24T15:57:50.7254060Z   llvm-openmp                    18.1.7               hde57baf_0               conda-forge
2025-02-24T15:57:50.7254470Z   llvmlite                       0.42.0               py312h17030e7_1          conda-forge
2025-02-24T15:57:50.7254920Z   lxml                           5.2.2                py312h0e5ab22_0          conda-forge
2025-02-24T15:57:50.7255370Z   lz4-c                          1.9.4                hb7217d7_0               conda-forge
2025-02-24T15:57:50.7256110Z   markupsafe                     2.1.5                py312he37b823_0          conda-forge
2025-02-24T15:57:50.7256530Z   matplotlib-base                3.8.4                py312h4479663_2          conda-forge
2025-02-24T15:57:50.7256980Z   matplotlib-inline              0.1.7                pyhd8ed1ab_0             conda-forge
2025-02-24T15:57:50.7257370Z   mistune                        3.0.2                pyhd8ed1ab_0             conda-forge
2025-02-24T15:57:50.7257850Z   mpc                            1.3.1                h91ba8db_0               conda-forge
2025-02-24T15:57:50.7258210Z   mpfr                           4.2.1                h41d338b_1               conda-forge
2025-02-24T15:57:50.7258650Z   mpmath                         1.3.0                pyhd8ed1ab_0             conda-forge
2025-02-24T15:57:50.7259090Z   munkres                        1.1.4                pyh9f0ad1d_0             conda-forge
2025-02-24T15:57:50.7259470Z   mypy_extensions                1.0.0                pyha770c72_0             conda-forge
2025-02-24T15:57:50.7259900Z   nbclassic                      1.1.0                pyhd8ed1ab_0             conda-forge
2025-02-24T15:57:50.7260640Z   nbclient                       0.10.0               pyhd8ed1ab_0             conda-forge
2025-02-24T15:57:50.7261080Z   nbconvert                      7.16.4               hd8ed1ab_1               conda-forge
2025-02-24T15:57:50.7261580Z   nbconvert-core                 7.16.4               pyhd8ed1ab_1             conda-forge
2025-02-24T15:57:50.7262020Z   nbconvert-pandoc               7.16.4               hd8ed1ab_1               conda-forge
2025-02-24T15:57:50.7262470Z   nbformat                       5.10.4               pyhd8ed1ab_0             conda-forge
2025-02-24T15:57:50.7288660Z   nbsphinx                       0.9.4                pyhd8ed1ab_0             conda-forge
2025-02-24T15:57:50.7289860Z   ncurses                        6.5                  hb89a1cb_0               conda-forge
2025-02-24T15:57:50.7290250Z   nest-asyncio                   1.6.0                pyhd8ed1ab_0             conda-forge
2025-02-24T15:57:50.7290660Z   networkx                       3.3                  pyhd8ed1ab_1             conda-forge
2025-02-24T15:57:50.7291040Z   notebook                       7.2.1                pyhd8ed1ab_0             conda-forge
2025-02-24T15:57:50.7291420Z   notebook-shim                  0.2.4                pyhd8ed1ab_0             conda-forge
2025-02-24T15:57:50.7291740Z   numba                          0.59.1               py312hbaff935_0          conda-forge
2025-02-24T15:57:50.7292100Z   numexpr                        2.10.0               py312h8ae5369_0          conda-forge
2025-02-24T15:57:50.7292410Z   numpy                          1.26.4               py312h8442bc7_0          conda-forge
2025-02-24T15:57:50.7292750Z   numpydoc                       1.7.0                pyhd8ed1ab_1             conda-forge
2025-02-24T15:57:50.7293080Z   openjpeg                       2.5.2                h9f1df11_0               conda-forge
2025-02-24T15:57:50.7293390Z   openssl                        3.3.1                hfb2fe0b_0               conda-forge
2025-02-24T15:57:50.7293730Z   overrides                      7.7.0                pyhd8ed1ab_0             conda-forge
2025-02-24T15:57:50.7294680Z   packaging                      24.1                 pyhd8ed1ab_0             conda-forge
2025-02-24T15:57:50.7295050Z   pandas                         2.2.2                py312h8ae5369_1          conda-forge
2025-02-24T15:57:50.7295380Z   pandoc                         3.2                  hce30654_0               conda-forge
2025-02-24T15:57:50.7295830Z   pandocfilters                  1.5.0                pyhd8ed1ab_0             conda-forge
2025-02-24T15:57:50.7296160Z   pango                          1.54.0               h5cb9fbc_0               conda-forge
2025-02-24T15:57:50.7296480Z   parso                          0.8.4                pyhd8ed1ab_0             conda-forge
2025-02-24T15:57:50.7297100Z   pathspec                       0.12.1               pyhd8ed1ab_0             conda-forge
2025-02-24T15:57:50.7297430Z   pbr                            6.0.0                pyhd8ed1ab_0             conda-forge
2025-02-24T15:57:50.7297780Z   pcre2                          10.44                h297a79d_0               conda-forge
2025-02-24T15:57:50.7298100Z   pexpect                        4.9.0                pyhd8ed1ab_0             conda-forge
2025-02-24T15:57:50.7298430Z   pickleshare                    0.7.5                py_1003                  conda-forge
2025-02-24T15:57:50.7298770Z   pillow                         10.3.0               py312h39b1d8d_1          conda-forge
2025-02-24T15:57:50.7299090Z   pip                            24.0                 pyhd8ed1ab_0             conda-forge
2025-02-24T15:57:50.7300150Z   pixman                         0.43.4               hebf3989_0               conda-forge
2025-02-24T15:57:50.7300530Z   pkgutil-resolve-name           1.3.10               pyhd8ed1ab_1             conda-forge
2025-02-24T15:57:50.7300920Z   platformdirs                   4.2.2                pyhd8ed1ab_0             conda-forge
2025-02-24T15:57:50.7301270Z   plotly                         5.22.0               pyhd8ed1ab_0             conda-forge
2025-02-24T15:57:50.7302800Z   pluggy                         1.5.0                pyhd8ed1ab_0             conda-forge
2025-02-24T15:57:50.7304090Z   prometheus_client              0.20.0               pyhd8ed1ab_0             conda-forge
2025-02-24T15:57:50.7305180Z   prompt-toolkit                 3.0.47               pyha770c72_0             conda-forge
2025-02-24T15:57:50.7306080Z   psutil                         5.9.8                py312he37b823_0          conda-forge
2025-02-24T15:57:50.7307020Z   pthread-stubs                  0.4                  h27ca646_1001            conda-forge
2025-02-24T15:57:50.7308910Z   ptyprocess                     0.7.0                pyhd3deb0d_0             conda-forge
2025-02-24T15:57:50.7309860Z   pure_eval                      0.2.2                pyhd8ed1ab_0             conda-forge
2025-02-24T15:57:50.7312350Z   py-cpuinfo                     9.0.0                pyhd8ed1ab_0             conda-forge
2025-02-24T15:57:50.7313290Z   pybtex                         0.24.0               pyhd8ed1ab_2             conda-forge
2025-02-24T15:57:50.7313670Z   pybtex-docutils                1.0.3                py312h81bd7bf_1          conda-forge
2025-02-24T15:57:50.7314010Z   pycparser                      2.22                 pyhd8ed1ab_0             conda-forge
2025-02-24T15:57:50.7314320Z   pyerfa                         2.0.1.4              py312hbebd99a_1          conda-forge
2025-02-24T15:57:50.7314640Z   pygments                       2.18.0               pyhd8ed1ab_0             conda-forge
2025-02-24T15:57:50.7314970Z   pygraphviz                     1.13                 py312h5f4d302_1          conda-forge
2025-02-24T15:57:50.7315310Z   pyobjc-core                    10.3.1               py312hbb55c70_0          conda-forge
2025-02-24T15:57:50.7315670Z   pyobjc-framework-cocoa         10.3.1               py312hbb55c70_0          conda-forge
2025-02-24T15:57:50.7316010Z   pyparsing                      3.1.2                pyhd8ed1ab_0             conda-forge
2025-02-24T15:57:50.7316330Z   pysocks                        1.7.1                pyha2e5f31_6             conda-forge
2025-02-24T15:57:50.7316640Z   pytables                       3.9.2                py312hb622ae1_2          conda-forge
2025-02-24T15:57:50.7316960Z   pytest                         8.2.2                pyhd8ed1ab_0             conda-forge
2025-02-24T15:57:50.7317270Z   pytest-cov                     5.0.0                pyhd8ed1ab_0             conda-forge
2025-02-24T15:57:50.7317620Z   pytest-doctestplus             1.2.1                pyhd8ed1ab_0             conda-forge
2025-02-24T15:57:50.7317970Z   pytest-html                    4.1.1                pyhd8ed1ab_0             conda-forge
2025-02-24T15:57:50.7318980Z   pytest-metadata                3.1.1                pyhd8ed1ab_0             conda-forge
2025-02-24T15:57:50.7319360Z   python                         3.12.4               h30c5eda_0_cpython       conda-forge
2025-02-24T15:57:50.7319690Z   python-dateutil                2.9.0                pyhd8ed1ab_0             conda-forge
2025-02-24T15:57:50.7320060Z   python-fastjsonschema          2.20.0               pyhd8ed1ab_0             conda-forge
2025-02-24T15:57:50.7320420Z   python-json-logger             2.0.7                pyhd8ed1ab_0             conda-forge
2025-02-24T15:57:50.7320780Z   python-tzdata                  2024.1               pyhd8ed1ab_0             conda-forge
2025-02-24T15:57:50.7321100Z   python_abi                     3.12                 4_cp312                  conda-forge
2025-02-24T15:57:50.7321410Z   pytz                           2024.1               pyhd8ed1ab_0             conda-forge
2025-02-24T15:57:50.7321950Z   pyyaml                         6.0.1                py312h02f2b3b_1          conda-forge
2025-02-24T15:57:50.7322330Z   pyzmq                          26.0.3               py312hfa13136_0          conda-forge
2025-02-24T15:57:50.7322640Z   qgrid                          1.3.1                pyhd8ed1ab_4             conda-forge
2025-02-24T15:57:50.7322960Z   radioactivedecay               0.5.1                pyhd8ed1ab_0             conda-forge
2025-02-24T15:57:50.7323290Z   readline                       8.2                  h92ec313_1               conda-forge
2025-02-24T15:57:50.7323610Z   recommonmark                   0.7.1                pyhd8ed1ab_0             conda-forge
2025-02-24T15:57:50.7323940Z   referencing                    0.35.1               pyhd8ed1ab_0             conda-forge
2025-02-24T15:57:50.7324260Z   requests                       2.32.3               pyhd8ed1ab_0             conda-forge
2025-02-24T15:57:50.7324880Z   rfc3339-validator              0.1.4                pyhd8ed1ab_0             conda-forge
2025-02-24T15:57:50.7325240Z   rfc3986-validator              0.1.1                pyh9f0ad1d_0             conda-forge
2025-02-24T15:57:50.7325570Z   rpds-py                        0.18.1               py312h552d48e_0          conda-forge
2025-02-24T15:57:50.7325870Z   ruff                           0.4.9                py312h3402d49_0          conda-forge
2025-02-24T15:57:50.7326160Z   scipy                          1.13.1               py312h14ffa8f_0          conda-forge
2025-02-24T15:57:50.7326460Z   send2trash                     1.8.3                pyh31c8845_0             conda-forge
2025-02-24T15:57:50.7326780Z   setuptools                     70.0.0               pyhd8ed1ab_0             conda-forge
2025-02-24T15:57:50.7327100Z   setuptools-scm                 8.1.0                pyhd8ed1ab_0             conda-forge
2025-02-24T15:57:50.7327430Z   setuptools_scm                 8.1.0                hd8ed1ab_0               conda-forge
2025-02-24T15:57:50.7327750Z   six                            1.16.0               pyh6c4a22f_0             conda-forge
2025-02-24T15:57:50.7328040Z   snakeviz                       2.2.0                pyhd8ed1ab_0             conda-forge
2025-02-24T15:57:50.7328370Z   snappy                         1.2.0                hd04f947_1               conda-forge
2025-02-24T15:57:50.7328670Z   sniffio                        1.3.1                pyhd8ed1ab_0             conda-forge
2025-02-24T15:57:50.7328990Z   snowballstemmer                2.2.0                pyhd8ed1ab_0             conda-forge
2025-02-24T15:57:50.7329310Z   soupsieve                      2.5                  pyhd8ed1ab_1             conda-forge
2025-02-24T15:57:50.7329640Z   sphinx                         7.3.7                pyhd8ed1ab_0             conda-forge
2025-02-24T15:57:50.7329960Z   sphinx-astropy                 1.9.1                pyhd8ed1ab_0             conda-forge
2025-02-24T15:57:50.7330310Z   sphinx-automodapi              0.17.0               pyh717bed2_1             conda-forge
2025-02-24T15:57:50.7330900Z   sphinx-gallery                 0.16.0               pyhd8ed1ab_0             conda-forge
2025-02-24T15:57:50.7331250Z   sphinx-jsonschema              1.19.1               pyhd8ed1ab_0             conda-forge
2025-02-24T15:57:50.7331610Z   sphinx_bootstrap_theme         0.8.1                pyhd8ed1ab_0             conda-forge
2025-02-24T15:57:50.7331960Z   sphinx_rtd_theme               2.0.0                pyha770c72_0             conda-forge
2025-02-24T15:57:50.7332310Z   sphinxcontrib-apidoc           0.3.0                py_1                     conda-forge
2025-02-24T15:57:50.7332690Z   sphinxcontrib-applehelp        1.0.8                pyhd8ed1ab_0             conda-forge
2025-02-24T15:57:50.7333070Z   sphinxcontrib-bibtex           2.6.2                pyhd8ed1ab_0             conda-forge
2025-02-24T15:57:50.7333440Z   sphinxcontrib-devhelp          1.0.6                pyhd8ed1ab_0             conda-forge
2025-02-24T15:57:50.7333830Z   sphinxcontrib-htmlhelp         2.0.5                pyhd8ed1ab_0             conda-forge
2025-02-24T15:57:50.7334210Z   sphinxcontrib-jquery           4.1                  pyhd8ed1ab_0             conda-forge
2025-02-24T15:57:50.7334570Z   sphinxcontrib-jsmath           1.0.1                pyhd8ed1ab_0             conda-forge
2025-02-24T15:57:50.7334940Z   sphinxcontrib-qthelp           1.0.7                pyhd8ed1ab_0             conda-forge
2025-02-24T15:57:50.7335540Z   sphinxcontrib-serializinghtml  1.1.10               pyhd8ed1ab_0             conda-forge
2025-02-24T15:57:50.7335930Z   stack_data                     0.6.2                pyhd8ed1ab_0             conda-forge
2025-02-24T15:57:50.7336240Z   sympy                          1.12.1               pypyh2585a3b_103         conda-forge
2025-02-24T15:57:50.7336540Z   tabulate                       0.9.0                pyhd8ed1ab_1             conda-forge
2025-02-24T15:57:50.7337030Z   tenacity                       8.4.1                pyhd8ed1ab_0             conda-forge
2025-02-24T15:57:50.7337350Z   terminado                      0.18.1               pyh31c8845_0             conda-forge
2025-02-24T15:57:50.7337670Z   tinycss2                       1.3.0                pyhd8ed1ab_0             conda-forge
2025-02-24T15:57:50.7337960Z   tk                             8.6.13               h5083fa2_1               conda-forge
2025-02-24T15:57:50.7338250Z   toml                           0.10.2               pyhd8ed1ab_0             conda-forge
2025-02-24T15:57:50.7338530Z   tomli                          2.0.1                pyhd8ed1ab_0             conda-forge
2025-02-24T15:57:50.7338830Z   tornado                        6.4.1                py312h7e5086c_0          conda-forge
2025-02-24T15:57:50.7339130Z   tqdm                           4.66.4               pyhd8ed1ab_0             conda-forge
2025-02-24T15:57:50.7339430Z   traitlets                      5.14.3               pyhd8ed1ab_0             conda-forge
2025-02-24T15:57:50.7339750Z   typed-ast                      1.5.5                py312h02f2b3b_1          conda-forge
2025-02-24T15:57:50.7340120Z   types-python-dateutil          2.9.0.20240316       pyhd8ed1ab_0             conda-forge
2025-02-24T15:57:50.7340490Z   typing-extensions              4.12.2               hd8ed1ab_0               conda-forge
2025-02-24T15:57:50.7340840Z   typing_extensions              4.12.2               pyha770c72_0             conda-forge
2025-02-24T15:57:50.7341170Z   typing_utils                   0.1.0                pyhd8ed1ab_0             conda-forge
2025-02-24T15:57:50.7341480Z   tzdata                         2024a                h0c530f3_0               conda-forge
2025-02-24T15:57:50.7341800Z   uri-template                   1.3.0                pyhd8ed1ab_0             conda-forge
2025-02-24T15:57:50.7342120Z   urllib3                        2.2.2                pyhd8ed1ab_0             conda-forge
2025-02-24T15:57:50.7342420Z   wcwidth                        0.2.13               pyhd8ed1ab_0             conda-forge
2025-02-24T15:57:50.7342870Z   webcolors                      24.6.0               pyhd8ed1ab_0             conda-forge
2025-02-24T15:57:50.7343200Z   webencodings                   0.5.1                pyhd8ed1ab_2             conda-forge
2025-02-24T15:57:50.7343540Z   websocket-client               1.8.0                pyhd8ed1ab_0             conda-forge
2025-02-24T15:57:50.7343870Z   wheel                          0.43.0               pyhd8ed1ab_1             conda-forge
2025-02-24T15:57:50.7344200Z   widgetsnbextension             3.6.6                pyhd8ed1ab_0             conda-forge
2025-02-24T15:57:50.7344540Z   xorg-libxau                    1.0.11               hb547adb_0               conda-forge
2025-02-24T15:57:50.7344870Z   xorg-libxdmcp                  1.1.3                h27ca646_0               conda-forge
2025-02-24T15:57:50.7345170Z   xz                             5.2.6                h57fd34a_0               conda-forge
2025-02-24T15:57:50.7345450Z   yaml                           0.2.5                h3422bc3_2               conda-forge
2025-02-24T15:57:50.7345740Z   zeromq                         4.3.5                hcc0f68c_4               conda-forge
2025-02-24T15:57:50.7346040Z   zipp                           3.19.2               pyhd8ed1ab_0             conda-forge
2025-02-24T15:57:50.7346330Z   zlib                           1.3.1                hfb2fe0b_1               conda-forge
2025-02-24T15:57:50.7346610Z   zlib-ng                        2.0.7                h1a8c8d9_0               conda-forge
2025-02-24T15:57:50.7346900Z   zstd                           1.5.6                hb46c0d2_0               conda-forge
2025-02-24T15:57:50.7347400Z ##[endgroup]
