2025-01-24T14:01:02.2113280Z Prepare all required actions
2025-01-24T14:01:02.2114700Z Getting action download info
2025-01-24T14:01:02.3505200Z Download action repository 'actions/cache@v4' (SHA:1bd1e32a3bdc45362d1e726936510720a7c30a57)
2025-01-24T14:01:02.5464900Z ##[group]Run ./.github/actions/setup_lfs
2025-01-24T14:01:02.5465270Z with:
2025-01-24T14:01:02.5465550Z   regression-data-repo: tardis-sn/tardis-regression-data
2025-01-24T14:01:02.5465910Z   atom-data-sparse: false
2025-01-24T14:01:02.5466160Z env:
2025-01-24T14:01:02.5466360Z   CACHE_NUMBER: 0
2025-01-24T14:01:02.5466940Z   PYTEST_FLAGS: --tardis-regression-data=/Users/runner/work/tardis/tardis/tardis-regression-data --cov=tardis --cov-report=xml --cov-report=html --cov-append
2025-01-24T14:01:02.5467590Z   CODECOV_TOKEN: 
2025-01-24T14:01:02.5467820Z ##[endgroup]
2025-01-24T14:01:02.5591950Z ##[group]Run actions/checkout@v4
2025-01-24T14:01:02.5592270Z with:
2025-01-24T14:01:02.5592510Z   repository: tardis-sn/tardis-regression-data
2025-01-24T14:01:02.5592830Z   path: tardis-regression-data
2025-01-24T14:01:02.5593270Z   token: ***
2025-01-24T14:01:02.5593520Z   ssh-strict: true
2025-01-24T14:01:02.5593740Z   ssh-user: git
2025-01-24T14:01:02.5594120Z   persist-credentials: true
2025-01-24T14:01:02.5594370Z   clean: true
2025-01-24T14:01:02.5594590Z   sparse-checkout-cone-mode: true
2025-01-24T14:01:02.5594860Z   fetch-depth: 1
2025-01-24T14:01:02.5595080Z   fetch-tags: false
2025-01-24T14:01:02.5595300Z   show-progress: true
2025-01-24T14:01:02.5595530Z   lfs: false
2025-01-24T14:01:02.5595750Z   submodules: false
2025-01-24T14:01:02.5595990Z   set-safe-directory: true
2025-01-24T14:01:02.5596220Z env:
2025-01-24T14:01:02.5596420Z   CACHE_NUMBER: 0
2025-01-24T14:01:02.5596980Z   PYTEST_FLAGS: --tardis-regression-data=/Users/runner/work/tardis/tardis/tardis-regression-data --cov=tardis --cov-report=xml --cov-report=html --cov-append
2025-01-24T14:01:02.5597560Z   CODECOV_TOKEN: 
2025-01-24T14:01:02.5597780Z ##[endgroup]
2025-01-24T14:01:02.6659760Z Syncing repository: tardis-sn/tardis-regression-data
2025-01-24T14:01:02.6663640Z ##[group]Getting Git version info
2025-01-24T14:01:02.6664830Z Working directory is '/Users/runner/work/tardis/tardis/tardis-regression-data'
2025-01-24T14:01:02.6693360Z [command]/opt/homebrew/bin/git version
2025-01-24T14:01:02.6747030Z git version 2.48.1
2025-01-24T14:01:02.6761530Z ##[endgroup]
2025-01-24T14:01:02.6767170Z Copying '/Users/runner/.gitconfig' to '/Users/runner/work/_temp/9274be3a-4e9b-4da7-869f-ef8e85b96259/.gitconfig'
2025-01-24T14:01:02.6780220Z Temporarily overriding HOME='/Users/runner/work/_temp/9274be3a-4e9b-4da7-869f-ef8e85b96259' before making global git config changes
2025-01-24T14:01:02.6781360Z Adding repository directory to the temporary git global config as a safe directory
2025-01-24T14:01:02.6784420Z [command]/opt/homebrew/bin/git config --global --add safe.directory /Users/runner/work/tardis/tardis/tardis-regression-data
2025-01-24T14:01:02.6865540Z ##[group]Initializing the repository
2025-01-24T14:01:02.6869030Z [command]/opt/homebrew/bin/git init /Users/runner/work/tardis/tardis/tardis-regression-data
2025-01-24T14:01:02.7362920Z hint: Using 'master' as the name for the initial branch. This default branch name
2025-01-24T14:01:02.7367060Z hint: is subject to change. To configure the initial branch name to use in all
2025-01-24T14:01:02.7368050Z hint: of your new repositories, which will suppress this warning, call:
2025-01-24T14:01:02.7368500Z hint:
2025-01-24T14:01:02.7368770Z hint: 	git config --global init.defaultBranch <name>
2025-01-24T14:01:02.7369100Z hint:
2025-01-24T14:01:02.7369450Z hint: Names commonly chosen instead of 'master' are 'main', 'trunk' and
2025-01-24T14:01:02.7369920Z hint: 'development'. The just-created branch can be renamed via this command:
2025-01-24T14:01:02.7370310Z hint:
2025-01-24T14:01:02.7370550Z hint: 	git branch -m <name>
2025-01-24T14:01:02.7370980Z Initialized empty Git repository in /Users/runner/work/tardis/tardis/tardis-regression-data/.git/
2025-01-24T14:01:02.7396840Z [command]/opt/homebrew/bin/git remote add origin https://github.com/tardis-sn/tardis-regression-data
2025-01-24T14:01:02.7466150Z ##[endgroup]
2025-01-24T14:01:02.7468930Z ##[group]Disabling automatic garbage collection
2025-01-24T14:01:02.7471480Z [command]/opt/homebrew/bin/git config --local gc.auto 0
2025-01-24T14:01:02.7522730Z ##[endgroup]
2025-01-24T14:01:02.7523290Z ##[group]Setting up auth
2025-01-24T14:01:02.7529300Z [command]/opt/homebrew/bin/git config --local --name-only --get-regexp core\.sshCommand
2025-01-24T14:01:02.7631220Z [command]/opt/homebrew/bin/git submodule foreach --recursive sh -c "git config --local --name-only --get-regexp 'core\.sshCommand' && git config --local --unset-all 'core.sshCommand' || :"
2025-01-24T14:01:02.8720700Z [command]/opt/homebrew/bin/git config --local --name-only --get-regexp http\.https\:\/\/github\.com\/\.extraheader
2025-01-24T14:01:02.8768410Z [command]/opt/homebrew/bin/git submodule foreach --recursive sh -c "git config --local --name-only --get-regexp 'http\.https\:\/\/github\.com\/\.extraheader' && git config --local --unset-all 'http.https://github.com/.extraheader' || :"
2025-01-24T14:01:02.9841910Z [command]/opt/homebrew/bin/git config --local http.https://github.com/.extraheader AUTHORIZATION: basic ***
2025-01-24T14:01:02.9887200Z ##[endgroup]
2025-01-24T14:01:02.9887860Z ##[group]Determining the default branch
2025-01-24T14:01:02.9889060Z Retrieving the default branch name
2025-01-24T14:01:03.4617690Z Default branch 'main'
2025-01-24T14:01:03.4719600Z ##[endgroup]
2025-01-24T14:01:03.4833300Z ##[group]Fetching the repository
2025-01-24T14:01:03.4922480Z [command]/opt/homebrew/bin/git -c protocol.version=2 fetch --no-tags --prune --no-recurse-submodules --depth=1 origin +refs/heads/main:refs/remotes/origin/main
2025-01-24T14:01:04.4312220Z From https://github.com/tardis-sn/tardis-regression-data
2025-01-24T14:01:04.4316670Z  * [new branch]      main       -> origin/main
2025-01-24T14:01:04.4598440Z ##[endgroup]
2025-01-24T14:01:04.4613620Z ##[group]Determining the checkout info
2025-01-24T14:01:04.4617110Z ##[endgroup]
2025-01-24T14:01:04.4621320Z [command]/opt/homebrew/bin/git sparse-checkout disable
2025-01-24T14:01:04.4675210Z [command]/opt/homebrew/bin/git config --local --unset-all extensions.worktreeConfig
2025-01-24T14:01:04.4732350Z ##[group]Checking out the ref
2025-01-24T14:01:04.4737590Z [command]/opt/homebrew/bin/git checkout --progress --force -B main refs/remotes/origin/main
2025-01-24T14:01:04.7570700Z Switched to a new branch 'main'
2025-01-24T14:01:04.7572020Z branch 'main' set up to track 'origin/main'.
2025-01-24T14:01:04.8465460Z ##[endgroup]
2025-01-24T14:01:04.8519970Z [command]/opt/homebrew/bin/git log -1 --format=%H
2025-01-24T14:01:04.8562950Z fa7729bc9c30e14b69acd641af8b692b56fcd416
2025-01-24T14:01:04.8678690Z ##[group]Run if [ "false" == "true" ]; then
2025-01-24T14:01:04.8679040Z [36;1mif [ "false" == "true" ]; then[0m
2025-01-24T14:01:04.8679270Z [36;1m  echo "Using atom data sparse checkout"[0m
2025-01-24T14:01:04.8679560Z [36;1m  echo "atom_data/kurucz_cd23_chianti_H_He.h5" > .lfs-files-list[0m
2025-01-24T14:01:04.8679850Z [36;1melse[0m
2025-01-24T14:01:04.8680020Z [36;1m  echo "Using full repository checkout"[0m
2025-01-24T14:01:04.8680310Z [36;1m  git lfs ls-files -l | cut -d' ' -f1 | sort > .lfs-files-list[0m
2025-01-24T14:01:04.8680560Z [36;1mfi[0m
2025-01-24T14:01:04.8740590Z shell: /bin/bash --noprofile --norc -e -o pipefail {0}
2025-01-24T14:01:04.8740860Z env:
2025-01-24T14:01:04.8740990Z   CACHE_NUMBER: 0
2025-01-24T14:01:04.8741450Z   PYTEST_FLAGS: --tardis-regression-data=/Users/runner/work/tardis/tardis/tardis-regression-data --cov=tardis --cov-report=xml --cov-report=html --cov-append
2025-01-24T14:01:04.8741950Z   CODECOV_TOKEN: 
2025-01-24T14:01:04.8742070Z ##[endgroup]
2025-01-24T14:01:04.9079330Z Using full repository checkout
2025-01-24T14:01:05.1927660Z ##[group]Run actions/cache/restore@v4
2025-01-24T14:01:05.1928010Z with:
2025-01-24T14:01:05.1928160Z   path: tardis-regression-data/.git/lfs
2025-01-24T14:01:05.1928890Z   key: tardis-regression-full-data-21f9fa4b6817cc69b9fae3598144724da7828e276a73bd17f47a2a49d9af090a-v1
2025-01-24T14:01:05.1929280Z   enableCrossOsArchive: false
2025-01-24T14:01:05.1929660Z   fail-on-cache-miss: false
2025-01-24T14:01:05.1929840Z   lookup-only: false
2025-01-24T14:01:05.1929980Z env:
2025-01-24T14:01:05.1930100Z   CACHE_NUMBER: 0
2025-01-24T14:01:05.1930590Z   PYTEST_FLAGS: --tardis-regression-data=/Users/runner/work/tardis/tardis/tardis-regression-data --cov=tardis --cov-report=xml --cov-report=html --cov-append
2025-01-24T14:01:05.1931090Z   CODECOV_TOKEN: 
2025-01-24T14:01:05.1931230Z ##[endgroup]
2025-01-24T14:01:05.5605450Z Cache not found for input keys: tardis-regression-full-data-21f9fa4b6817cc69b9fae3598144724da7828e276a73bd17f47a2a49d9af090a-v1
2025-01-24T14:01:05.5669900Z ##[group]Run git lfs pull
2025-01-24T14:01:05.5670110Z [36;1mgit lfs pull[0m
2025-01-24T14:01:05.5721010Z shell: /bin/bash --noprofile --norc -e -o pipefail {0}
2025-01-24T14:01:05.5721250Z env:
2025-01-24T14:01:05.5721390Z   CACHE_NUMBER: 0
2025-01-24T14:01:05.5721860Z   PYTEST_FLAGS: --tardis-regression-data=/Users/runner/work/tardis/tardis/tardis-regression-data --cov=tardis --cov-report=xml --cov-report=html --cov-append
2025-01-24T14:01:05.5722450Z   CODECOV_TOKEN: 
2025-01-24T14:01:05.5722590Z ##[endgroup]
