2025-02-03T13:58:00.4509439Z Prepare all required actions
2025-02-03T13:58:00.4510860Z Getting action download info
2025-02-03T13:58:00.6248529Z Download action repository 'actions/cache@v4' (SHA:1bd1e32a3bdc45362d1e726936510720a7c30a57)
2025-02-03T13:58:00.8210876Z ##[group]Run ./.github/actions/setup_lfs
2025-02-03T13:58:00.8211234Z with:
2025-02-03T13:58:00.8211532Z   regression-data-repo: tardis-sn/tardis-regression-data
2025-02-03T13:58:00.8211911Z   atom-data-sparse: false
2025-02-03T13:58:00.8212193Z env:
2025-02-03T13:58:00.8212393Z   CACHE_NUMBER: 0
2025-02-03T13:58:00.8213096Z   PYTEST_FLAGS: --tardis-regression-data=/home/runner/work/tardis/tardis/tardis-regression-data --cov=tardis --cov-report=xml --cov-report=html --cov-append
2025-02-03T13:58:00.8213842Z   CODECOV_TOKEN: 
2025-02-03T13:58:00.8214067Z ##[endgroup]
2025-02-03T13:58:00.8350752Z ##[group]Run actions/checkout@v4
2025-02-03T13:58:00.8351078Z with:
2025-02-03T13:58:00.8351332Z   repository: tardis-sn/tardis-regression-data
2025-02-03T13:58:00.8351677Z   path: tardis-regression-data
2025-02-03T13:58:00.8351990Z   lfs: false
2025-02-03T13:58:00.8352339Z   token: ***
2025-02-03T13:58:00.8352560Z   ssh-strict: true
2025-02-03T13:58:00.8352781Z   ssh-user: git
2025-02-03T13:58:00.8353017Z   persist-credentials: true
2025-02-03T13:58:00.8353276Z   clean: true
2025-02-03T13:58:00.8353508Z   sparse-checkout-cone-mode: true
2025-02-03T13:58:00.8353800Z   fetch-depth: 1
2025-02-03T13:58:00.8354021Z   fetch-tags: false
2025-02-03T13:58:00.8354264Z   show-progress: true
2025-02-03T13:58:00.8354499Z   submodules: false
2025-02-03T13:58:00.8354728Z   set-safe-directory: true
2025-02-03T13:58:00.8354979Z env:
2025-02-03T13:58:00.8355177Z   CACHE_NUMBER: 0
2025-02-03T13:58:00.8355863Z   PYTEST_FLAGS: --tardis-regression-data=/home/runner/work/tardis/tardis/tardis-regression-data --cov=tardis --cov-report=xml --cov-report=html --cov-append
2025-02-03T13:58:00.8356584Z   CODECOV_TOKEN: 
2025-02-03T13:58:00.8356809Z ##[endgroup]
2025-02-03T13:58:00.9275321Z Syncing repository: tardis-sn/tardis-regression-data
2025-02-03T13:58:00.9281593Z ##[group]Getting Git version info
2025-02-03T13:58:00.9282423Z Working directory is '/home/runner/work/tardis/tardis/tardis-regression-data'
2025-02-03T13:58:00.9322487Z [command]/usr/bin/git version
2025-02-03T13:58:00.9364296Z git version 2.48.1
2025-02-03T13:58:00.9389046Z ##[endgroup]
2025-02-03T13:58:00.9400847Z Temporarily overriding HOME='/home/runner/work/_temp/07cd9771-7179-4f32-b813-38196dae1438' before making global git config changes
2025-02-03T13:58:00.9401796Z Adding repository directory to the temporary git global config as a safe directory
2025-02-03T13:58:00.9405752Z [command]/usr/bin/git config --global --add safe.directory /home/runner/work/tardis/tardis/tardis-regression-data
2025-02-03T13:58:00.9434565Z ##[group]Initializing the repository
2025-02-03T13:58:00.9439534Z [command]/usr/bin/git init /home/runner/work/tardis/tardis/tardis-regression-data
2025-02-03T13:58:00.9474654Z hint: Using 'master' as the name for the initial branch. This default branch name
2025-02-03T13:58:00.9475750Z hint: is subject to change. To configure the initial branch name to use in all
2025-02-03T13:58:00.9476662Z hint: of your new repositories, which will suppress this warning, call:
2025-02-03T13:58:00.9477334Z hint:
2025-02-03T13:58:00.9477829Z hint: 	git config --global init.defaultBranch <name>
2025-02-03T13:58:00.9478177Z hint:
2025-02-03T13:58:00.9478535Z hint: Names commonly chosen instead of 'master' are 'main', 'trunk' and
2025-02-03T13:58:00.9479324Z hint: 'development'. The just-created branch can be renamed via this command:
2025-02-03T13:58:00.9479723Z hint:
2025-02-03T13:58:00.9479950Z hint: 	git branch -m <name>
2025-02-03T13:58:00.9480485Z Initialized empty Git repository in /home/runner/work/tardis/tardis/tardis-regression-data/.git/
2025-02-03T13:58:00.9486369Z [command]/usr/bin/git remote add origin https://github.com/tardis-sn/tardis-regression-data
2025-02-03T13:58:00.9517143Z ##[endgroup]
2025-02-03T13:58:00.9517820Z ##[group]Disabling automatic garbage collection
2025-02-03T13:58:00.9521742Z [command]/usr/bin/git config --local gc.auto 0
2025-02-03T13:58:00.9549389Z ##[endgroup]
2025-02-03T13:58:00.9549838Z ##[group]Setting up auth
2025-02-03T13:58:00.9555472Z [command]/usr/bin/git config --local --name-only --get-regexp core\.sshCommand
2025-02-03T13:58:00.9583830Z [command]/usr/bin/git submodule foreach --recursive sh -c "git config --local --name-only --get-regexp 'core\.sshCommand' && git config --local --unset-all 'core.sshCommand' || :"
2025-02-03T13:58:00.9804836Z [command]/usr/bin/git config --local --name-only --get-regexp http\.https\:\/\/github\.com\/\.extraheader
2025-02-03T13:58:00.9832661Z [command]/usr/bin/git submodule foreach --recursive sh -c "git config --local --name-only --get-regexp 'http\.https\:\/\/github\.com\/\.extraheader' && git config --local --unset-all 'http.https://github.com/.extraheader' || :"
2025-02-03T13:58:01.0063015Z [command]/usr/bin/git config --local http.https://github.com/.extraheader AUTHORIZATION: basic ***
2025-02-03T13:58:01.0096930Z ##[endgroup]
2025-02-03T13:58:01.0097697Z ##[group]Determining the default branch
2025-02-03T13:58:01.0100536Z Retrieving the default branch name
2025-02-03T13:58:01.4407997Z Default branch 'main'
2025-02-03T13:58:01.4409073Z ##[endgroup]
2025-02-03T13:58:01.4409648Z ##[group]Fetching the repository
2025-02-03T13:58:01.4415406Z [command]/usr/bin/git -c protocol.version=2 fetch --no-tags --prune --no-recurse-submodules --depth=1 origin +refs/heads/main:refs/remotes/origin/main
2025-02-03T13:58:02.2647172Z From https://github.com/tardis-sn/tardis-regression-data
2025-02-03T13:58:02.2647888Z  * [new branch]      main       -> origin/main
2025-02-03T13:58:02.2672779Z ##[endgroup]
2025-02-03T13:58:02.2673379Z ##[group]Determining the checkout info
2025-02-03T13:58:02.2674659Z ##[endgroup]
2025-02-03T13:58:02.2680257Z [command]/usr/bin/git sparse-checkout disable
2025-02-03T13:58:02.2718433Z [command]/usr/bin/git config --local --unset-all extensions.worktreeConfig
2025-02-03T13:58:02.2747293Z ##[group]Checking out the ref
2025-02-03T13:58:02.2752031Z [command]/usr/bin/git checkout --progress --force -B main refs/remotes/origin/main
2025-02-03T13:58:02.9744355Z Switched to a new branch 'main'
2025-02-03T13:58:02.9746604Z branch 'main' set up to track 'origin/main'.
2025-02-03T13:58:03.0003112Z ##[endgroup]
2025-02-03T13:58:03.0042377Z [command]/usr/bin/git log -1 --format=%H
2025-02-03T13:58:03.0065469Z fa7729bc9c30e14b69acd641af8b692b56fcd416
2025-02-03T13:58:03.0209378Z ##[group]Run if [ "false" == "true" ]; then
2025-02-03T13:58:03.0209782Z [36;1mif [ "false" == "true" ]; then[0m
2025-02-03T13:58:03.0210086Z [36;1m  echo "Using atom data sparse checkout"[0m
2025-02-03T13:58:03.0210528Z [36;1m  echo "atom_data/kurucz_cd23_chianti_H_He.h5" > .lfs-files-list[0m
2025-02-03T13:58:03.0210872Z [36;1melse[0m
2025-02-03T13:58:03.0211084Z [36;1m  echo "Using full repository checkout"[0m
2025-02-03T13:58:03.0211442Z [36;1m  git lfs ls-files -l | cut -d' ' -f1 | sort > .lfs-files-list[0m
2025-02-03T13:58:03.0211794Z [36;1mfi[0m
2025-02-03T13:58:03.0244742Z shell: /usr/bin/bash --noprofile --norc -e -o pipefail {0}
2025-02-03T13:58:03.0245088Z env:
2025-02-03T13:58:03.0245250Z   CACHE_NUMBER: 0
2025-02-03T13:58:03.0245916Z   PYTEST_FLAGS: --tardis-regression-data=/home/runner/work/tardis/tardis/tardis-regression-data --cov=tardis --cov-report=xml --cov-report=html --cov-append
2025-02-03T13:58:03.0246607Z   CODECOV_TOKEN: 
2025-02-03T13:58:03.0247034Z ##[endgroup]
2025-02-03T13:58:03.0315276Z Using full repository checkout
2025-02-03T13:58:03.1950950Z ##[group]Run actions/cache/restore@v4
2025-02-03T13:58:03.1951272Z with:
2025-02-03T13:58:03.1951466Z   path: tardis-regression-data/.git/lfs
2025-02-03T13:58:03.1952157Z   key: tardis-regression-full-data-21f9fa4b6817cc69b9fae3598144724da7828e276a73bd17f47a2a49d9af090a-tardis-sn/tardis-regression-data-v1
2025-02-03T13:58:03.1952843Z   fail-on-cache-miss: true
2025-02-03T13:58:03.1953083Z   enableCrossOsArchive: false
2025-02-03T13:58:03.1953506Z   lookup-only: false
2025-02-03T13:58:03.1953701Z env:
2025-02-03T13:58:03.1953860Z   CACHE_NUMBER: 0
2025-02-03T13:58:03.1954503Z   PYTEST_FLAGS: --tardis-regression-data=/home/runner/work/tardis/tardis/tardis-regression-data --cov=tardis --cov-report=xml --cov-report=html --cov-append
2025-02-03T13:58:03.1955167Z   CODECOV_TOKEN: 
2025-02-03T13:58:03.1955342Z ##[endgroup]
2025-02-03T13:58:04.1303498Z Cache Size: ~0 MB (12782 B)
2025-02-03T13:58:04.1330277Z [command]/usr/bin/tar -xf /home/runner/work/_temp/6db8e587-5f56-4107-b18e-85547199a63f/cache.tzst -P -C /home/runner/work/tardis/tardis --use-compress-program unzstd
2025-02-03T13:58:04.1476604Z Cache restored successfully
2025-02-03T13:58:04.1654099Z Cache restored from key: tardis-regression-full-data-21f9fa4b6817cc69b9fae3598144724da7828e276a73bd17f47a2a49d9af090a-tardis-sn/tardis-regression-data-v1
2025-02-03T13:58:04.1761219Z ##[group]Run git lfs checkout
2025-02-03T13:58:04.1761480Z [36;1mgit lfs checkout[0m
2025-02-03T13:58:04.1788978Z shell: /usr/bin/bash --noprofile --norc -e -o pipefail {0}
2025-02-03T13:58:04.1789299Z env:
2025-02-03T13:58:04.1789472Z   CACHE_NUMBER: 0
2025-02-03T13:58:04.1790110Z   PYTEST_FLAGS: --tardis-regression-data=/home/runner/work/tardis/tardis/tardis-regression-data --cov=tardis --cov-report=xml --cov-report=html --cov-append
2025-02-03T13:58:04.1790779Z   CODECOV_TOKEN: 
2025-02-03T13:58:04.1790958Z ##[endgroup]
2025-02-03T13:58:04.2133700Z Skipped checkout for "arepo_data/arepo_snapshot.hdf5", content not local. Use fetch to download.
2025-02-03T13:58:04.2135153Z Skipped checkout for "arepo_data/arepo_snapshot.json", content not local. Use fetch to download.
2025-02-03T13:58:04.2137335Z Skipped checkout for "atom_data/chianti_He.h5", content not local. Use fetch to download.
2025-02-03T13:58:04.2139088Z Skipped checkout for "atom_data/kurucz_atom_chianti_many.h5", content not local. Use fetch to download.
2025-02-03T13:58:04.2140696Z Skipped checkout for "atom_data/kurucz_cd23_chianti_H_He.h5", content not local. Use fetch to download.
2025-02-03T13:58:04.2142320Z Skipped checkout for "atom_data/kurucz_cd23_chianti_Si.h5", content not local. Use fetch to download.
2025-02-03T13:58:04.2144669Z Skipped checkout for "atom_data/new_kurucz_cd23_chianti_H_He.h5", content not local. Use fetch to download.
2025-02-03T13:58:04.2146544Z Skipped checkout for "atom_data/nlte_atom_data/TestNLTE_He_Ti.h5", content not local. Use fetch to download.
2025-02-03T13:58:04.2148308Z Skipped checkout for "atom_data/stardis_atom_data/tardis_adata_vald_longlist.hdf", content not local. Use fetch to download.
2025-02-03T13:58:04.2150235Z Skipped checkout for "atom_data/stardis_atom_data/tardis_adata_vald_shortlist.hdf", content not local. Use fetch to download.
2025-02-03T13:58:04.2151873Z Skipped checkout for "tardis/opacities/tests/test_tau_sobolev/test_calculate_beta_sobolevs.npy", content not local. Use fetch to download.
2025-02-03T13:58:04.2153954Z Skipped checkout for "tardis/opacities/tests/test_tau_sobolev/test_calculate_sobolev_line_opacity.h5", content not local. Use fetch to download.
2025-02-03T13:58:04.2156058Z Skipped checkout for "tardis/plasma/equilibrium/tests/test_level_populations/test_level_population_solver/test_solve__collisional_rate_solver0-radiative_transitions0__.h5", content not local. Use fetch to download.
2025-02-03T13:58:04.2158385Z Skipped checkout for "tardis/plasma/equilibrium/tests/test_rate_matrix/test_rate_matrix_solver__collisional_rate_solver0-radiative_transitions0__.h5", content not local. Use fetch to download.
2025-02-03T13:58:04.2160617Z Skipped checkout for "tardis/plasma/tests/test_complete_plasmas/test_plasma/TestPlasma.h5", content not local. Use fetch to download.
2025-02-03T13:58:04.2162438Z Skipped checkout for "tardis/plasma/tests/test_complete_plasmas/test_plasma/plasma_unittest_disable_electron_scattering_False.h5", content not local. Use fetch to download.
2025-02-03T13:58:04.2164483Z Skipped checkout for "tardis/plasma/tests/test_complete_plasmas/test_plasma/plasma_unittest_disable_electron_scattering_True.h5", content not local. Use fetch to download.
2025-02-03T13:58:04.2166685Z Skipped checkout for "tardis/plasma/tests/test_complete_plasmas/test_plasma/plasma_unittest_excitation_dilute-lte.h5", content not local. Use fetch to download.
2025-02-03T13:58:04.2168714Z Skipped checkout for "tardis/plasma/tests/test_complete_plasmas/test_plasma/plasma_unittest_excitation_lte.h5", content not local. Use fetch to download.
2025-02-03T13:58:04.2170632Z Skipped checkout for "tardis/plasma/tests/test_complete_plasmas/test_plasma/plasma_unittest_helium_treatment_recomb-nlte.h5", content not local. Use fetch to download.
2025-02-03T13:58:04.2172293Z Skipped checkout for "tardis/plasma/tests/test_complete_plasmas/test_plasma/plasma_unittest_helium_treatment_recomb-nlte_delta_treatment_0.5.h5", content not local. Use fetch to download.
2025-02-03T13:58:04.2173800Z Skipped checkout for "tardis/plasma/tests/test_complete_plasmas/test_plasma/plasma_unittest_initial_t_inner_10000 K.h5", content not local. Use fetch to download.
2025-02-03T13:58:04.2174946Z Skipped checkout for "tardis/plasma/tests/test_complete_plasmas/test_plasma/plasma_unittest_initial_t_rad_10000 K.h5", content not local. Use fetch to download.
2025-02-03T13:58:04.2176244Z Skipped checkout for "tardis/plasma/tests/test_complete_plasmas/test_plasma/plasma_unittest_ionization_lte.h5", content not local. Use fetch to download.
2025-02-03T13:58:04.2177775Z Skipped checkout for "tardis/plasma/tests/test_complete_plasmas/test_plasma/plasma_unittest_ionization_nebular.h5", content not local. Use fetch to download.
2025-02-03T13:58:04.2179798Z Skipped checkout for "tardis/plasma/tests/test_complete_plasmas/test_plasma/plasma_unittest_line_interaction_type_downbranch.h5", content not local. Use fetch to download.
2025-02-03T13:58:04.2181455Z Skipped checkout for "tardis/plasma/tests/test_complete_plasmas/test_plasma/plasma_unittest_line_interaction_type_macroatom.h5", content not local. Use fetch to download.
2025-02-03T13:58:04.2183096Z Skipped checkout for "tardis/plasma/tests/test_complete_plasmas/test_plasma/plasma_unittest_line_interaction_type_scatter.h5", content not local. Use fetch to download.
2025-02-03T13:58:04.2184608Z Skipped checkout for "tardis/plasma/tests/test_complete_plasmas/test_plasma/plasma_unittest_nlte.h5", content not local. Use fetch to download.
2025-02-03T13:58:04.2186412Z Skipped checkout for "tardis/plasma/tests/test_complete_plasmas/test_plasma/plasma_unittest_nlte_classical_nebular.h5", content not local. Use fetch to download.
2025-02-03T13:58:04.2188204Z Skipped checkout for "tardis/plasma/tests/test_complete_plasmas/test_plasma/plasma_unittest_nlte_coronal_approximation.h5", content not local. Use fetch to download.
2025-02-03T13:58:04.2189706Z Skipped checkout for "tardis/plasma/tests/test_complete_plasmas/test_plasma/plasma_unittest_radiative_rates_type_blackbody.h5", content not local. Use fetch to download.
2025-02-03T13:58:04.2191458Z Skipped checkout for "tardis/plasma/tests/test_complete_plasmas/test_plasma/plasma_unittest_radiative_rates_type_detailed.h5", content not local. Use fetch to download.
2025-02-03T13:58:04.2193031Z Skipped checkout for "tardis/plasma/tests/test_complete_plasmas/test_plasma/plasma_unittest_radiative_rates_type_detailed_w_epsilon_1e-10.h5", content not local. Use fetch to download.
2025-02-03T13:58:04.2194753Z Skipped checkout for "tardis/plasma/tests/test_complete_plasmas/test_plasma/plasma_unittest_radiative_rates_type_dilute-blackbody.h5", content not local. Use fetch to download.
2025-02-03T13:58:04.2196249Z Skipped checkout for "tardis/plasma/tests/test_hdf_plasma/test_collection__density__.npy", content not local. Use fetch to download.
2025-02-03T13:58:04.2198011Z Skipped checkout for "tardis/plasma/tests/test_hdf_plasma/test_collection__t_rad__.npy", content not local. Use fetch to download.
2025-02-03T13:58:04.2199890Z Skipped checkout for "tardis/plasma/tests/test_hdf_plasma/test_collection__w__.npy", content not local. Use fetch to download.
2025-02-03T13:58:04.2201370Z Skipped checkout for "tardis/plasma/tests/test_hdf_plasma/test_hdf_levels.h5", content not local. Use fetch to download.
2025-02-03T13:58:04.2203137Z Skipped checkout for "tardis/plasma/tests/test_hdf_plasma/test_hdf_plasma__abundance__.npy", content not local. Use fetch to download.
2025-02-03T13:58:04.2204658Z Skipped checkout for "tardis/plasma/tests/test_hdf_plasma/test_hdf_plasma__atomic_mass__.npy", content not local. Use fetch to download.
2025-02-03T13:58:04.2206461Z Skipped checkout for "tardis/plasma/tests/test_hdf_plasma/test_hdf_plasma__beta_rad__.npy", content not local. Use fetch to download.
2025-02-03T13:58:04.2208338Z Skipped checkout for "tardis/plasma/tests/test_hdf_plasma/test_hdf_plasma__beta_sobolev__.npy", content not local. Use fetch to download.
2025-02-03T13:58:04.2209890Z Skipped checkout for "tardis/plasma/tests/test_hdf_plasma/test_hdf_plasma__density__.npy", content not local. Use fetch to download.
2025-02-03T13:58:04.2211757Z Skipped checkout for "tardis/plasma/tests/test_hdf_plasma/test_hdf_plasma__electron_densities__.npy", content not local. Use fetch to download.
2025-02-03T13:58:04.2213352Z Skipped checkout for "tardis/plasma/tests/test_hdf_plasma/test_hdf_plasma__excitation_energy__.npy", content not local. Use fetch to download.
2025-02-03T13:58:04.2215501Z Skipped checkout for "tardis/plasma/tests/test_hdf_plasma/test_hdf_plasma__f_lu__.npy", content not local. Use fetch to download.
2025-02-03T13:58:04.2216895Z Skipped checkout for "tardis/plasma/tests/test_hdf_plasma/test_hdf_plasma__g__.npy", content not local. Use fetch to download.
2025-02-03T13:58:04.2219047Z Skipped checkout for "tardis/plasma/tests/test_hdf_plasma/test_hdf_plasma__g_electron__.npy", content not local. Use fetch to download.
2025-02-03T13:58:04.2220642Z Skipped checkout for "tardis/plasma/tests/test_hdf_plasma/test_hdf_plasma__general_level_boltzmann_factor__.npy", content not local. Use fetch to download.
2025-02-03T13:58:04.2222252Z Skipped checkout for "tardis/plasma/tests/test_hdf_plasma/test_hdf_plasma__ion_number_density__.npy", content not local. Use fetch to download.
2025-02-03T13:58:04.2224096Z Skipped checkout for "tardis/plasma/tests/test_hdf_plasma/test_hdf_plasma__ionization_data__.npy", content not local. Use fetch to download.
2025-02-03T13:58:04.2225599Z Skipped checkout for "tardis/plasma/tests/test_hdf_plasma/test_hdf_plasma__j_blues__.npy", content not local. Use fetch to download.
2025-02-03T13:58:04.2227257Z Skipped checkout for "tardis/plasma/tests/test_hdf_plasma/test_hdf_plasma__level_boltzmann_factor__.npy", content not local. Use fetch to download.
2025-02-03T13:58:04.2229276Z Skipped checkout for "tardis/plasma/tests/test_hdf_plasma/test_hdf_plasma__level_number_density__.npy", content not local. Use fetch to download.
2025-02-03T13:58:04.2230803Z Skipped checkout for "tardis/plasma/tests/test_hdf_plasma/test_hdf_plasma__lines__.npy", content not local. Use fetch to download.
2025-02-03T13:58:04.2232695Z Skipped checkout for "tardis/plasma/tests/test_hdf_plasma/test_hdf_plasma__lines_lower_level_index__.npy", content not local. Use fetch to download.
2025-02-03T13:58:04.2234156Z Skipped checkout for "tardis/plasma/tests/test_hdf_plasma/test_hdf_plasma__lines_upper_level_index__.npy", content not local. Use fetch to download.
2025-02-03T13:58:04.2236063Z Skipped checkout for "tardis/plasma/tests/test_hdf_plasma/test_hdf_plasma__metastability__.npy", content not local. Use fetch to download.
2025-02-03T13:58:04.2237856Z Skipped checkout for "tardis/plasma/tests/test_hdf_plasma/test_hdf_plasma__nu__.npy", content not local. Use fetch to download.
2025-02-03T13:58:04.2239563Z Skipped checkout for "tardis/plasma/tests/test_hdf_plasma/test_hdf_plasma__number_density__.npy", content not local. Use fetch to download.
2025-02-03T13:58:04.2241112Z Skipped checkout for "tardis/plasma/tests/test_hdf_plasma/test_hdf_plasma__partition_function__.npy", content not local. Use fetch to download.
2025-02-03T13:58:04.2242751Z Skipped checkout for "tardis/plasma/tests/test_hdf_plasma/test_hdf_plasma__phi__.npy", content not local. Use fetch to download.
2025-02-03T13:58:04.2244511Z Skipped checkout for "tardis/plasma/tests/test_hdf_plasma/test_hdf_plasma__selected_atoms__.npy", content not local. Use fetch to download.
2025-02-03T13:58:04.2246328Z Skipped checkout for "tardis/plasma/tests/test_hdf_plasma/test_hdf_plasma__stimulated_emission_factor__.npy", content not local. Use fetch to download.
2025-02-03T13:58:04.2248129Z Skipped checkout for "tardis/plasma/tests/test_hdf_plasma/test_hdf_plasma__t_electrons__.npy", content not local. Use fetch to download.
2025-02-03T13:58:04.2249799Z Skipped checkout for "tardis/plasma/tests/test_hdf_plasma/test_hdf_plasma__t_rad__.npy", content not local. Use fetch to download.
2025-02-03T13:58:04.2251673Z Skipped checkout for "tardis/plasma/tests/test_hdf_plasma/test_hdf_plasma__tau_sobolevs__.npy", content not local. Use fetch to download.
2025-02-03T13:58:04.2253292Z Skipped checkout for "tardis/plasma/tests/test_hdf_plasma/test_hdf_plasma__transition_probabilities__.npy", content not local. Use fetch to download.
2025-02-03T13:58:04.2254728Z Skipped checkout for "tardis/plasma/tests/test_hdf_plasma/test_hdf_plasma__w__.npy", content not local. Use fetch to download.
2025-02-03T13:58:04.2256745Z Skipped checkout for "tardis/plasma/tests/test_hdf_plasma/test_hdf_plasma__wavelength_cm__.npy", content not local. Use fetch to download.
2025-02-03T13:58:04.2258446Z Skipped checkout for "tardis/plasma/tests/test_hdf_plasma/test_hdf_scalars__link_t_rad_t_electron__.npy", content not local. Use fetch to download.
2025-02-03T13:58:04.2260030Z Skipped checkout for "tardis/plasma/tests/test_hdf_plasma/test_hdf_scalars__time_explosion__.npy", content not local. Use fetch to download.
2025-02-03T13:58:04.2262190Z Skipped checkout for "tardis/plasma/tests/test_nlte_excitation/test_coll_exc_deexc_matrix__coll_exc_coeff_values0-coll_deexc_coeff_values0-3__.npy", content not local. Use fetch to download.
2025-02-03T13:58:04.2263719Z Skipped checkout for "tardis/plasma/tests/test_nlte_excitation/test_coll_exc_deexc_matrix__coll_exc_coeff_values1-coll_deexc_coeff_values1-3__.npy", content not local. Use fetch to download.
2025-02-03T13:58:04.2265202Z Skipped checkout for "tardis/plasma/tests/test_nlte_excitation/test_prepare_bound_bound_rate_matrix.npy", content not local. Use fetch to download.
2025-02-03T13:58:04.2266866Z Skipped checkout for "tardis/plasma/tests/test_nlte_solver/test_jacobian_matrix.npy", content not local. Use fetch to download.
2025-02-03T13:58:04.2268921Z Skipped checkout for "tardis/plasma/tests/test_nlte_solver/test_rate_matrix.npy", content not local. Use fetch to download.
2025-02-03T13:58:04.2270524Z Skipped checkout for "tardis/plasma/tests/test_plasma_continuum/test_exp1_times_exp.npy", content not local. Use fetch to download.
2025-02-03T13:58:04.2272311Z Skipped checkout for "tardis/plasma/tests/test_tardis_model_density_config/test_electron_densities.npy", content not local. Use fetch to download.
2025-02-03T13:58:04.2273956Z Skipped checkout for "tardis/plasma/tests/test_tardis_model_density_config/test_isotope_number_densities.h5", content not local. Use fetch to download.
2025-02-03T13:58:04.2275529Z Skipped checkout for "tardis/plasma/tests/test_tardis_model_density_config/test_t_rad.npy", content not local. Use fetch to download.
2025-02-03T13:58:04.2277306Z Skipped checkout for "tardis/simulation/tests/test_simulation/test_plasma_estimates__dilution_factor__.h5", content not local. Use fetch to download.
2025-02-03T13:58:04.2279187Z Skipped checkout for "tardis/simulation/tests/test_simulation/test_plasma_estimates__j_estimator__.h5", content not local. Use fetch to download.
2025-02-03T13:58:04.2280886Z Skipped checkout for "tardis/simulation/tests/test_simulation/test_plasma_estimates__nu_bar_estimator__.h5", content not local. Use fetch to download.
2025-02-03T13:58:04.2282629Z Skipped checkout for "tardis/simulation/tests/test_simulation/test_plasma_estimates__output_energies__.h5", content not local. Use fetch to download.
2025-02-03T13:58:04.2284231Z Skipped checkout for "tardis/simulation/tests/test_simulation/test_plasma_estimates__output_nus__.h5", content not local. Use fetch to download.
2025-02-03T13:58:04.2285873Z Skipped checkout for "tardis/simulation/tests/test_simulation/test_plasma_estimates__t_radiative__.h5", content not local. Use fetch to download.
2025-02-03T13:58:04.2287891Z Skipped checkout for "tardis/simulation/tests/test_simulation/test_plasma_state_iterations__iterations_electron_densities__.h5", content not local. Use fetch to download.
2025-02-03T13:58:04.2289499Z Skipped checkout for "tardis/simulation/tests/test_simulation/test_plasma_state_iterations__iterations_t_inner__.h5", content not local. Use fetch to download.
2025-02-03T13:58:04.2291166Z Skipped checkout for "tardis/simulation/tests/test_simulation/test_plasma_state_iterations__iterations_t_rad__.h5", content not local. Use fetch to download.
2025-02-03T13:58:04.2292762Z Skipped checkout for "tardis/simulation/tests/test_simulation/test_plasma_state_iterations__iterations_w__.h5", content not local. Use fetch to download.
2025-02-03T13:58:04.2294468Z Skipped checkout for "tardis/spectrum/tests/test_spectrum_solver/test_spectrum_solver/TestSpectrumSolver.h5", content not local. Use fetch to download.
2025-02-03T13:58:04.2295994Z Skipped checkout for "tardis/tests/test_tardis_full/test_transport_simple/TestTransportSimple.h5", content not local. Use fetch to download.
2025-02-03T13:58:04.2298085Z Skipped checkout for "tardis/tests/test_tardis_full_formal_integral/test_transport_simple_formal_integral/test_j_blue_estimators__-1-downbranch__.npy", content not local. Use fetch to download.
2025-02-03T13:58:04.2299737Z Skipped checkout for "tardis/tests/test_tardis_full_formal_integral/test_transport_simple_formal_integral/test_j_blue_estimators__-1-macroatom__.npy", content not local. Use fetch to download.
2025-02-03T13:58:04.2301359Z Skipped checkout for "tardis/tests/test_tardis_full_formal_integral/test_transport_simple_formal_integral/test_j_blue_estimators__30-downbranch__.npy", content not local. Use fetch to download.
2025-02-03T13:58:04.2303102Z Skipped checkout for "tardis/tests/test_tardis_full_formal_integral/test_transport_simple_formal_integral/test_j_blue_estimators__30-macroatom__.npy", content not local. Use fetch to download.
2025-02-03T13:58:04.2304650Z Skipped checkout for "tardis/tests/test_tardis_full_formal_integral/test_transport_simple_formal_integral/test_simulation__-1-downbranch__.h5", content not local. Use fetch to download.
2025-02-03T13:58:04.2306271Z Skipped checkout for "tardis/tests/test_tardis_full_formal_integral/test_transport_simple_formal_integral/test_simulation__-1-macroatom__.h5", content not local. Use fetch to download.
2025-02-03T13:58:04.2308195Z Skipped checkout for "tardis/tests/test_tardis_full_formal_integral/test_transport_simple_formal_integral/test_simulation__30-downbranch__.h5", content not local. Use fetch to download.
2025-02-03T13:58:04.2309805Z Skipped checkout for "tardis/tests/test_tardis_full_formal_integral/test_transport_simple_formal_integral/test_simulation__30-macroatom__.h5", content not local. Use fetch to download.
2025-02-03T13:58:04.2311324Z Skipped checkout for "tardis/tests/test_tardis_full_formal_integral/test_transport_simple_formal_integral/test_spectrum__-1-downbranch__.npy", content not local. Use fetch to download.
2025-02-03T13:58:04.2313016Z Skipped checkout for "tardis/tests/test_tardis_full_formal_integral/test_transport_simple_formal_integral/test_spectrum__-1-macroatom__.npy", content not local. Use fetch to download.
2025-02-03T13:58:04.2314741Z Skipped checkout for "tardis/tests/test_tardis_full_formal_integral/test_transport_simple_formal_integral/test_spectrum__30-downbranch__.npy", content not local. Use fetch to download.
2025-02-03T13:58:04.2316246Z Skipped checkout for "tardis/tests/test_tardis_full_formal_integral/test_transport_simple_formal_integral/test_spectrum__30-macroatom__.npy", content not local. Use fetch to download.
2025-02-03T13:58:04.2318111Z Skipped checkout for "tardis/tests/test_tardis_full_formal_integral/test_transport_simple_formal_integral/test_spectrum_integrated__-1-downbranch__.npy", content not local. Use fetch to download.
2025-02-03T13:58:04.2320025Z Skipped checkout for "tardis/tests/test_tardis_full_formal_integral/test_transport_simple_formal_integral/test_spectrum_integrated__-1-macroatom__.npy", content not local. Use fetch to download.
2025-02-03T13:58:04.2321524Z Skipped checkout for "tardis/tests/test_tardis_full_formal_integral/test_transport_simple_formal_integral/test_spectrum_integrated__30-downbranch__.npy", content not local. Use fetch to download.
2025-02-03T13:58:04.2323054Z Skipped checkout for "tardis/tests/test_tardis_full_formal_integral/test_transport_simple_formal_integral/test_spectrum_integrated__30-macroatom__.npy", content not local. Use fetch to download.
2025-02-03T13:58:04.2324466Z Skipped checkout for "tardis/transport/montecarlo/tests/test_continuum/test_montecarlo_continuum.h5", content not local. Use fetch to download.
2025-02-03T13:58:04.2326285Z Skipped checkout for "tardis/transport/montecarlo/tests/test_montecarlo_main_loop/test_montecarlo_main_loop.h5", content not local. Use fetch to download.
2025-02-03T13:58:04.2328189Z Skipped checkout for "tardis/transport/montecarlo/tests/test_montecarlo_main_loop/test_montecarlo_main_loop_vpacket_log.h5", content not local. Use fetch to download.
2025-02-03T13:58:04.2329854Z Skipped checkout for "tardis/transport/montecarlo/tests/test_packet_source/test_black_body_simple_source/test_bb_attributes.h5", content not local. Use fetch to download.
2025-02-03T13:58:04.2331564Z Skipped checkout for "tardis/transport/montecarlo/tests/test_packet_source/test_black_body_simple_source/test_bb_energies.npy", content not local. Use fetch to download.
2025-02-03T13:58:04.2333187Z Skipped checkout for "tardis/transport/montecarlo/tests/test_packet_source/test_black_body_simple_source/test_bb_mus.npy", content not local. Use fetch to download.
2025-02-03T13:58:04.2334726Z Skipped checkout for "tardis/transport/montecarlo/tests/test_packet_source/test_black_body_simple_source/test_bb_nus.npy", content not local. Use fetch to download.
2025-02-03T13:58:04.2336467Z Skipped checkout for "tardis/transport/montecarlo/tests/test_packet_source/test_black_body_simple_source_rel/test_bb_attributes.h5", content not local. Use fetch to download.
2025-02-03T13:58:04.2338316Z Skipped checkout for "tardis/transport/montecarlo/tests/test_packet_source/test_black_body_simple_source_rel/test_bb_energies.npy", content not local. Use fetch to download.
2025-02-03T13:58:04.2340117Z Skipped checkout for "tardis/transport/montecarlo/tests/test_packet_source/test_black_body_simple_source_rel/test_bb_mus.npy", content not local. Use fetch to download.
2025-02-03T13:58:04.2341717Z Skipped checkout for "tardis/transport/montecarlo/tests/test_packet_source/test_black_body_simple_source_rel/test_bb_nus.npy", content not local. Use fetch to download.
2025-02-03T13:58:04.2343308Z Skipped checkout for "tardis/transport/montecarlo/tests/test_rpacket_tracker/test_boundary_interactions.npy", content not local. Use fetch to download.
2025-02-03T13:58:04.2345075Z Skipped checkout for "tardis/transport/montecarlo/tests/test_weighted_packet_source/test_black_body_weighted_source/test_bb_attributes.h5", content not local. Use fetch to download.
2025-02-03T13:58:04.2346612Z Skipped checkout for "tardis/transport/montecarlo/tests/test_weighted_packet_source/test_black_body_weighted_source/test_bb_energies.npy", content not local. Use fetch to download.
2025-02-03T13:58:04.2348357Z Skipped checkout for "tardis/transport/montecarlo/tests/test_weighted_packet_source/test_black_body_weighted_source/test_bb_mus.npy", content not local. Use fetch to download.
2025-02-03T13:58:04.2350074Z Skipped checkout for "tardis/transport/montecarlo/tests/test_weighted_packet_source/test_black_body_weighted_source/test_bb_nus.npy", content not local. Use fetch to download.
2025-02-03T13:58:04.2351824Z Skipped checkout for "tardis/visualization/tools/tests/test_liv_plot/test_liv_plotter/test_generate_plot_mpl__plotter_generate_plot_mpl0__.h5", content not local. Use fetch to download.
2025-02-03T13:58:04.2353494Z Skipped checkout for "tardis/visualization/tools/tests/test_liv_plot/test_liv_plotter/test_generate_plot_mpl__plotter_generate_plot_mpl1__.h5", content not local. Use fetch to download.
2025-02-03T13:58:04.2355082Z Skipped checkout for "tardis/visualization/tools/tests/test_liv_plot/test_liv_plotter/test_generate_plot_mpl__plotter_generate_plot_mpl2__.h5", content not local. Use fetch to download.
2025-02-03T13:58:04.2356684Z Skipped checkout for "tardis/visualization/tools/tests/test_liv_plot/test_liv_plotter/test_generate_plot_mpl__plotter_generate_plot_mpl3__.h5", content not local. Use fetch to download.
2025-02-03T13:58:04.2358565Z Skipped checkout for "tardis/visualization/tools/tests/test_liv_plot/test_liv_plotter/test_generate_plot_mpl__plotter_generate_plot_mpl4__.h5", content not local. Use fetch to download.
2025-02-03T13:58:04.2360234Z Skipped checkout for "tardis/visualization/tools/tests/test_liv_plot/test_liv_plotter/test_generate_plot_mpl__plotter_generate_plot_mpl5__.h5", content not local. Use fetch to download.
2025-02-03T13:58:04.2361921Z Skipped checkout for "tardis/visualization/tools/tests/test_liv_plot/test_liv_plotter/test_generate_plot_mpl__plotter_generate_plot_mpl6__.h5", content not local. Use fetch to download.
2025-02-03T13:58:04.2363614Z Skipped checkout for "tardis/visualization/tools/tests/test_liv_plot/test_liv_plotter/test_generate_plot_mpl__plotter_generate_plot_mpl7__.h5", content not local. Use fetch to download.
2025-02-03T13:58:04.2365166Z Skipped checkout for "tardis/visualization/tools/tests/test_liv_plot/test_liv_plotter/test_generate_plot_ply__plotter_generate_plot_ply0__.h5", content not local. Use fetch to download.
2025-02-03T13:58:04.2366889Z Skipped checkout for "tardis/visualization/tools/tests/test_liv_plot/test_liv_plotter/test_generate_plot_ply__plotter_generate_plot_ply1__.h5", content not local. Use fetch to download.
2025-02-03T13:58:04.2368785Z Skipped checkout for "tardis/visualization/tools/tests/test_liv_plot/test_liv_plotter/test_generate_plot_ply__plotter_generate_plot_ply2__.h5", content not local. Use fetch to download.
2025-02-03T13:58:04.2370470Z Skipped checkout for "tardis/visualization/tools/tests/test_liv_plot/test_liv_plotter/test_generate_plot_ply__plotter_generate_plot_ply3__.h5", content not local. Use fetch to download.
2025-02-03T13:58:04.2372011Z Skipped checkout for "tardis/visualization/tools/tests/test_liv_plot/test_liv_plotter/test_generate_plot_ply__plotter_generate_plot_ply4__.h5", content not local. Use fetch to download.
2025-02-03T13:58:04.2373797Z Skipped checkout for "tardis/visualization/tools/tests/test_liv_plot/test_liv_plotter/test_generate_plot_ply__plotter_generate_plot_ply5__.h5", content not local. Use fetch to download.
2025-02-03T13:58:04.2375488Z Skipped checkout for "tardis/visualization/tools/tests/test_liv_plot/test_liv_plotter/test_generate_plot_ply__plotter_generate_plot_ply6__.h5", content not local. Use fetch to download.
2025-02-03T13:58:04.2377047Z Skipped checkout for "tardis/visualization/tools/tests/test_liv_plot/test_liv_plotter/test_generate_plot_ply__plotter_generate_plot_ply7__.h5", content not local. Use fetch to download.
2025-02-03T13:58:04.2379637Z Skipped checkout for "tardis/visualization/tools/tests/test_liv_plot/test_liv_plotter/test_parse_species_list___keep_colour__.npy", content not local. Use fetch to download.
2025-02-03T13:58:04.2381516Z Skipped checkout for "tardis/visualization/tools/tests/test_liv_plot/test_liv_plotter/test_parse_species_list___species_list__.npy", content not local. Use fetch to download.
2025-02-03T13:58:04.2383363Z Skipped checkout for "tardis/visualization/tools/tests/test_liv_plot/test_liv_plotter/test_parse_species_list___species_mapped__.npy", content not local. Use fetch to download.
2025-02-03T13:58:04.2386645Z Skipped checkout for "tardis/visualization/tools/tests/test_liv_plot/test_liv_plotter/test_prepare_plot_data__plotter_prepare_plot_data0-new_bin_edges__.npy", content not local. Use fetch to download.
2025-02-03T13:58:04.2389377Z Skipped checkout for "tardis/visualization/tools/tests/test_liv_plot/test_liv_plotter/test_prepare_plot_data__plotter_prepare_plot_data0-plot_colors__.npy", content not local. Use fetch to download.
2025-02-03T13:58:04.2391692Z Skipped checkout for "tardis/visualization/tools/tests/test_liv_plot/test_liv_plotter/test_prepare_plot_data__plotter_prepare_plot_data0-plot_data__.npy", content not local. Use fetch to download.
2025-02-03T13:58:04.2394021Z Skipped checkout for "tardis/visualization/tools/tests/test_liv_plot/test_liv_plotter/test_prepare_plot_data__plotter_prepare_plot_data1-new_bin_edges__.npy", content not local. Use fetch to download.
2025-02-03T13:58:04.2396337Z Skipped checkout for "tardis/visualization/tools/tests/test_liv_plot/test_liv_plotter/test_prepare_plot_data__plotter_prepare_plot_data1-plot_colors__.npy", content not local. Use fetch to download.
2025-02-03T13:58:04.2398782Z Skipped checkout for "tardis/visualization/tools/tests/test_liv_plot/test_liv_plotter/test_prepare_plot_data__plotter_prepare_plot_data1-plot_data__.npy", content not local. Use fetch to download.
2025-02-03T13:58:04.2401020Z Skipped checkout for "tardis/visualization/tools/tests/test_liv_plot/test_liv_plotter/test_prepare_plot_data__plotter_prepare_plot_data2-new_bin_edges__.npy", content not local. Use fetch to download.
2025-02-03T13:58:04.2403046Z Skipped checkout for "tardis/visualization/tools/tests/test_liv_plot/test_liv_plotter/test_prepare_plot_data__plotter_prepare_plot_data2-plot_colors__.npy", content not local. Use fetch to download.
2025-02-03T13:58:04.2405104Z Skipped checkout for "tardis/visualization/tools/tests/test_liv_plot/test_liv_plotter/test_prepare_plot_data__plotter_prepare_plot_data2-plot_data__.npy", content not local. Use fetch to download.
2025-02-03T13:58:04.2407438Z Skipped checkout for "tardis/visualization/tools/tests/test_liv_plot/test_liv_plotter/test_prepare_plot_data__plotter_prepare_plot_data3-new_bin_edges__.npy", content not local. Use fetch to download.
2025-02-03T13:58:04.2409975Z Skipped checkout for "tardis/visualization/tools/tests/test_liv_plot/test_liv_plotter/test_prepare_plot_data__plotter_prepare_plot_data3-plot_colors__.npy", content not local. Use fetch to download.
2025-02-03T13:58:04.2412269Z Skipped checkout for "tardis/visualization/tools/tests/test_liv_plot/test_liv_plotter/test_prepare_plot_data__plotter_prepare_plot_data3-plot_data__.npy", content not local. Use fetch to download.
2025-02-03T13:58:04.2414567Z Skipped checkout for "tardis/visualization/tools/tests/test_liv_plot/test_liv_plotter/test_prepare_plot_data__plotter_prepare_plot_data4-new_bin_edges__.npy", content not local. Use fetch to download.
2025-02-03T13:58:04.2416874Z Skipped checkout for "tardis/visualization/tools/tests/test_liv_plot/test_liv_plotter/test_prepare_plot_data__plotter_prepare_plot_data4-plot_colors__.npy", content not local. Use fetch to download.
2025-02-03T13:58:04.2419340Z Skipped checkout for "tardis/visualization/tools/tests/test_liv_plot/test_liv_plotter/test_prepare_plot_data__plotter_prepare_plot_data4-plot_data__.npy", content not local. Use fetch to download.
2025-02-03T13:58:04.2421630Z Skipped checkout for "tardis/visualization/tools/tests/test_liv_plot/test_liv_plotter/test_prepare_plot_data__plotter_prepare_plot_data5-new_bin_edges__.npy", content not local. Use fetch to download.
2025-02-03T13:58:04.2423956Z Skipped checkout for "tardis/visualization/tools/tests/test_liv_plot/test_liv_plotter/test_prepare_plot_data__plotter_prepare_plot_data5-plot_colors__.npy", content not local. Use fetch to download.
2025-02-03T13:58:04.2426494Z Skipped checkout for "tardis/visualization/tools/tests/test_liv_plot/test_liv_plotter/test_prepare_plot_data__plotter_prepare_plot_data5-plot_data__.npy", content not local. Use fetch to download.
2025-02-03T13:58:04.2428973Z Skipped checkout for "tardis/visualization/tools/tests/test_liv_plot/test_liv_plotter/test_prepare_plot_data__plotter_prepare_plot_data6-new_bin_edges__.npy", content not local. Use fetch to download.
2025-02-03T13:58:04.2431504Z Skipped checkout for "tardis/visualization/tools/tests/test_liv_plot/test_liv_plotter/test_prepare_plot_data__plotter_prepare_plot_data6-plot_colors__.npy", content not local. Use fetch to download.
2025-02-03T13:58:04.2433803Z Skipped checkout for "tardis/visualization/tools/tests/test_liv_plot/test_liv_plotter/test_prepare_plot_data__plotter_prepare_plot_data6-plot_data__.npy", content not local. Use fetch to download.
2025-02-03T13:58:04.2436127Z Skipped checkout for "tardis/visualization/tools/tests/test_liv_plot/test_liv_plotter/test_prepare_plot_data__plotter_prepare_plot_data7-new_bin_edges__.npy", content not local. Use fetch to download.
2025-02-03T13:58:04.2438597Z Skipped checkout for "tardis/visualization/tools/tests/test_liv_plot/test_liv_plotter/test_prepare_plot_data__plotter_prepare_plot_data7-plot_colors__.npy", content not local. Use fetch to download.
2025-02-03T13:58:04.2440896Z Skipped checkout for "tardis/visualization/tools/tests/test_liv_plot/test_liv_plotter/test_prepare_plot_data__plotter_prepare_plot_data7-plot_data__.npy", content not local. Use fetch to download.
2025-02-03T13:58:04.2443203Z Skipped checkout for "tardis/visualization/tools/tests/test_sdec_plot/test_sdec_plotter/test_calculate_plotting_data__plotter_calculate_plotting_data0__.h5", content not local. Use fetch to download.
2025-02-03T13:58:04.2445556Z Skipped checkout for "tardis/visualization/tools/tests/test_sdec_plot/test_sdec_plotter/test_calculate_plotting_data__plotter_calculate_plotting_data10__.h5", content not local. Use fetch to download.
2025-02-03T13:58:04.2448090Z Skipped checkout for "tardis/visualization/tools/tests/test_sdec_plot/test_sdec_plotter/test_calculate_plotting_data__plotter_calculate_plotting_data11__.h5", content not local. Use fetch to download.
2025-02-03T13:58:04.2450443Z Skipped checkout for "tardis/visualization/tools/tests/test_sdec_plot/test_sdec_plotter/test_calculate_plotting_data__plotter_calculate_plotting_data12__.h5", content not local. Use fetch to download.
2025-02-03T13:58:04.2452832Z Skipped checkout for "tardis/visualization/tools/tests/test_sdec_plot/test_sdec_plotter/test_calculate_plotting_data__plotter_calculate_plotting_data13__.h5", content not local. Use fetch to download.
2025-02-03T13:58:04.2455170Z Skipped checkout for "tardis/visualization/tools/tests/test_sdec_plot/test_sdec_plotter/test_calculate_plotting_data__plotter_calculate_plotting_data14__.h5", content not local. Use fetch to download.
2025-02-03T13:58:04.2457533Z Skipped checkout for "tardis/visualization/tools/tests/test_sdec_plot/test_sdec_plotter/test_calculate_plotting_data__plotter_calculate_plotting_data15__.h5", content not local. Use fetch to download.
2025-02-03T13:58:04.2460042Z Skipped checkout for "tardis/visualization/tools/tests/test_sdec_plot/test_sdec_plotter/test_calculate_plotting_data__plotter_calculate_plotting_data1__.h5", content not local. Use fetch to download.
2025-02-03T13:58:04.2462387Z Skipped checkout for "tardis/visualization/tools/tests/test_sdec_plot/test_sdec_plotter/test_calculate_plotting_data__plotter_calculate_plotting_data2__.h5", content not local. Use fetch to download.
2025-02-03T13:58:04.2464709Z Skipped checkout for "tardis/visualization/tools/tests/test_sdec_plot/test_sdec_plotter/test_calculate_plotting_data__plotter_calculate_plotting_data3__.h5", content not local. Use fetch to download.
2025-02-03T13:58:04.2467200Z Skipped checkout for "tardis/visualization/tools/tests/test_sdec_plot/test_sdec_plotter/test_calculate_plotting_data__plotter_calculate_plotting_data4__.h5", content not local. Use fetch to download.
2025-02-03T13:58:04.2469755Z Skipped checkout for "tardis/visualization/tools/tests/test_sdec_plot/test_sdec_plotter/test_calculate_plotting_data__plotter_calculate_plotting_data5__.h5", content not local. Use fetch to download.
2025-02-03T13:58:04.2472112Z Skipped checkout for "tardis/visualization/tools/tests/test_sdec_plot/test_sdec_plotter/test_calculate_plotting_data__plotter_calculate_plotting_data6__.h5", content not local. Use fetch to download.
2025-02-03T13:58:04.2474646Z Skipped checkout for "tardis/visualization/tools/tests/test_sdec_plot/test_sdec_plotter/test_calculate_plotting_data__plotter_calculate_plotting_data7__.h5", content not local. Use fetch to download.
2025-02-03T13:58:04.2476988Z Skipped checkout for "tardis/visualization/tools/tests/test_sdec_plot/test_sdec_plotter/test_calculate_plotting_data__plotter_calculate_plotting_data8__.h5", content not local. Use fetch to download.
2025-02-03T13:58:04.2479492Z Skipped checkout for "tardis/visualization/tools/tests/test_sdec_plot/test_sdec_plotter/test_calculate_plotting_data__plotter_calculate_plotting_data9__.h5", content not local. Use fetch to download.
2025-02-03T13:58:04.2481758Z Skipped checkout for "tardis/visualization/tools/tests/test_sdec_plot/test_sdec_plotter/test_generate_plot_mpl__plotter_generate_plot_ply0__.h5", content not local. Use fetch to download.
2025-02-03T13:58:04.2483949Z Skipped checkout for "tardis/visualization/tools/tests/test_sdec_plot/test_sdec_plotter/test_generate_plot_mpl__plotter_generate_plot_ply10__.h5", content not local. Use fetch to download.
2025-02-03T13:58:04.2486143Z Skipped checkout for "tardis/visualization/tools/tests/test_sdec_plot/test_sdec_plotter/test_generate_plot_mpl__plotter_generate_plot_ply11__.h5", content not local. Use fetch to download.
2025-02-03T13:58:04.2488455Z Skipped checkout for "tardis/visualization/tools/tests/test_sdec_plot/test_sdec_plotter/test_generate_plot_mpl__plotter_generate_plot_ply12__.h5", content not local. Use fetch to download.
2025-02-03T13:58:04.2490566Z Skipped checkout for "tardis/visualization/tools/tests/test_sdec_plot/test_sdec_plotter/test_generate_plot_mpl__plotter_generate_plot_ply13__.h5", content not local. Use fetch to download.
2025-02-03T13:58:04.2492634Z Skipped checkout for "tardis/visualization/tools/tests/test_sdec_plot/test_sdec_plotter/test_generate_plot_mpl__plotter_generate_plot_ply14__.h5", content not local. Use fetch to download.
2025-02-03T13:58:04.2494725Z Skipped checkout for "tardis/visualization/tools/tests/test_sdec_plot/test_sdec_plotter/test_generate_plot_mpl__plotter_generate_plot_ply15__.h5", content not local. Use fetch to download.
2025-02-03T13:58:04.2496780Z Skipped checkout for "tardis/visualization/tools/tests/test_sdec_plot/test_sdec_plotter/test_generate_plot_mpl__plotter_generate_plot_ply1__.h5", content not local. Use fetch to download.
2025-02-03T13:58:04.2498981Z Skipped checkout for "tardis/visualization/tools/tests/test_sdec_plot/test_sdec_plotter/test_generate_plot_mpl__plotter_generate_plot_ply2__.h5", content not local. Use fetch to download.
2025-02-03T13:58:04.2501029Z Skipped checkout for "tardis/visualization/tools/tests/test_sdec_plot/test_sdec_plotter/test_generate_plot_mpl__plotter_generate_plot_ply3__.h5", content not local. Use fetch to download.
2025-02-03T13:58:04.2503089Z Skipped checkout for "tardis/visualization/tools/tests/test_sdec_plot/test_sdec_plotter/test_generate_plot_mpl__plotter_generate_plot_ply4__.h5", content not local. Use fetch to download.
2025-02-03T13:58:04.2505154Z Skipped checkout for "tardis/visualization/tools/tests/test_sdec_plot/test_sdec_plotter/test_generate_plot_mpl__plotter_generate_plot_ply5__.h5", content not local. Use fetch to download.
2025-02-03T13:58:04.2507103Z Skipped checkout for "tardis/visualization/tools/tests/test_sdec_plot/test_sdec_plotter/test_generate_plot_mpl__plotter_generate_plot_ply6__.h5", content not local. Use fetch to download.
2025-02-03T13:58:04.2509601Z Skipped checkout for "tardis/visualization/tools/tests/test_sdec_plot/test_sdec_plotter/test_generate_plot_mpl__plotter_generate_plot_ply7__.h5", content not local. Use fetch to download.
2025-02-03T13:58:04.2511669Z Skipped checkout for "tardis/visualization/tools/tests/test_sdec_plot/test_sdec_plotter/test_generate_plot_mpl__plotter_generate_plot_ply8__.h5", content not local. Use fetch to download.
2025-02-03T13:58:04.2513753Z Skipped checkout for "tardis/visualization/tools/tests/test_sdec_plot/test_sdec_plotter/test_generate_plot_mpl__plotter_generate_plot_ply9__.h5", content not local. Use fetch to download.
2025-02-03T13:58:04.2515956Z Skipped checkout for "tardis/visualization/tools/tests/test_sdec_plot/test_sdec_plotter/test_parse_species_list___full_species_list__.npy", content not local. Use fetch to download.
2025-02-03T13:58:04.2517369Z Skipped checkout for "tardis/visualization/tools/tests/test_sdec_plot/test_sdec_plotter/test_parse_species_list___keep_colour__.npy", content not local. Use fetch to download.
2025-02-03T13:58:04.2518889Z Skipped checkout for "tardis/visualization/tools/tests/test_sdec_plot/test_sdec_plotter/test_parse_species_list___species_list__.npy", content not local. Use fetch to download.
2025-02-03T13:58:04.2520171Z Checking out LFS objects: 100% (204/204), 3.5 GB | 0 B/s, done.
