2025-01-09T08:46:44.0786993Z Prepare all required actions
2025-01-09T08:46:44.0788424Z Getting action download info
2025-01-09T08:46:44.2705909Z Download action repository 'actions/cache@v4' (SHA:1bd1e32a3bdc45362d1e726936510720a7c30a57)
2025-01-09T08:46:44.4205907Z ##[group]Run ./.github/actions/setup_lfs
2025-01-09T08:46:44.4206648Z with:
2025-01-09T08:46:44.4207299Z   regression-data-repo: tardis-sn/tardis-regression-data
2025-01-09T08:46:44.4208121Z env:
2025-01-09T08:46:44.4208544Z   CACHE_NUMBER: 0
2025-01-09T08:46:44.4210495Z   PYTEST_FLAGS: --tardis-regression-data=/home/runner/work/tardis/tardis/tardis-regression-data --cov=tardis --cov-report=xml --cov-report=html --cov-append
2025-01-09T08:46:44.4212621Z   CODECOV_TOKEN: ***
2025-01-09T08:46:44.4213141Z ##[endgroup]
2025-01-09T08:46:44.4370264Z ##[group]Run actions/checkout@v4
2025-01-09T08:46:44.4370931Z with:
2025-01-09T08:46:44.4371508Z   repository: tardis-sn/tardis-regression-data
2025-01-09T08:46:44.4372315Z   path: tardis-regression-data
2025-01-09T08:46:44.4373188Z   token: ***
2025-01-09T08:46:44.4373734Z   ssh-strict: true
2025-01-09T08:46:44.4374264Z   ssh-user: git
2025-01-09T08:46:44.4374799Z   persist-credentials: true
2025-01-09T08:46:44.4375563Z   clean: true
2025-01-09T08:46:44.4376101Z   sparse-checkout-cone-mode: true
2025-01-09T08:46:44.4376764Z   fetch-depth: 1
2025-01-09T08:46:44.4377272Z   fetch-tags: false
2025-01-09T08:46:44.4377791Z   show-progress: true
2025-01-09T08:46:44.4378329Z   lfs: false
2025-01-09T08:46:44.4378827Z   submodules: false
2025-01-09T08:46:44.4379383Z   set-safe-directory: true
2025-01-09T08:46:44.4379950Z env:
2025-01-09T08:46:44.4380380Z   CACHE_NUMBER: 0
2025-01-09T08:46:44.4382084Z   PYTEST_FLAGS: --tardis-regression-data=/home/runner/work/tardis/tardis/tardis-regression-data --cov=tardis --cov-report=xml --cov-report=html --cov-append
2025-01-09T08:46:44.4384063Z   CODECOV_TOKEN: ***
2025-01-09T08:46:44.4384589Z ##[endgroup]
2025-01-09T08:46:44.5326115Z Syncing repository: tardis-sn/tardis-regression-data
2025-01-09T08:46:44.5333374Z ##[group]Getting Git version info
2025-01-09T08:46:44.5335606Z Working directory is '/home/runner/work/tardis/tardis/tardis-regression-data'
2025-01-09T08:46:44.5376384Z [command]/usr/bin/git version
2025-01-09T08:46:44.5412580Z git version 2.47.1
2025-01-09T08:46:44.5438762Z ##[endgroup]
2025-01-09T08:46:44.5459411Z Temporarily overriding HOME='/home/runner/work/_temp/d5130e19-a0a4-4d6e-8989-3cc0f67c62c6' before making global git config changes
2025-01-09T08:46:44.5463047Z Adding repository directory to the temporary git global config as a safe directory
2025-01-09T08:46:44.5466566Z [command]/usr/bin/git config --global --add safe.directory /home/runner/work/tardis/tardis/tardis-regression-data
2025-01-09T08:46:44.5496105Z ##[group]Initializing the repository
2025-01-09T08:46:44.5501972Z [command]/usr/bin/git init /home/runner/work/tardis/tardis/tardis-regression-data
2025-01-09T08:46:44.5542486Z hint: Using 'master' as the name for the initial branch. This default branch name
2025-01-09T08:46:44.5544735Z hint: is subject to change. To configure the initial branch name to use in all
2025-01-09T08:46:44.5546261Z hint: of your new repositories, which will suppress this warning, call:
2025-01-09T08:46:44.5547208Z hint:
2025-01-09T08:46:44.5548142Z hint: 	git config --global init.defaultBranch <name>
2025-01-09T08:46:44.5549406Z hint:
2025-01-09T08:46:44.5550620Z hint: Names commonly chosen instead of 'master' are 'main', 'trunk' and
2025-01-09T08:46:44.5552862Z hint: 'development'. The just-created branch can be renamed via this command:
2025-01-09T08:46:44.5554333Z hint:
2025-01-09T08:46:44.5554894Z hint: 	git branch -m <name>
2025-01-09T08:46:44.5556457Z Initialized empty Git repository in /home/runner/work/tardis/tardis/tardis-regression-data/.git/
2025-01-09T08:46:44.5559049Z [command]/usr/bin/git remote add origin https://github.com/tardis-sn/tardis-regression-data
2025-01-09T08:46:44.5585802Z ##[endgroup]
2025-01-09T08:46:44.5586809Z ##[group]Disabling automatic garbage collection
2025-01-09T08:46:44.5589752Z [command]/usr/bin/git config --local gc.auto 0
2025-01-09T08:46:44.5618199Z ##[endgroup]
2025-01-09T08:46:44.5619110Z ##[group]Setting up auth
2025-01-09T08:46:44.5623812Z [command]/usr/bin/git config --local --name-only --get-regexp core\.sshCommand
2025-01-09T08:46:44.5653181Z [command]/usr/bin/git submodule foreach --recursive sh -c "git config --local --name-only --get-regexp 'core\.sshCommand' && git config --local --unset-all 'core.sshCommand' || :"
2025-01-09T08:46:44.5877356Z [command]/usr/bin/git config --local --name-only --get-regexp http\.https\:\/\/github\.com\/\.extraheader
2025-01-09T08:46:44.5906056Z [command]/usr/bin/git submodule foreach --recursive sh -c "git config --local --name-only --get-regexp 'http\.https\:\/\/github\.com\/\.extraheader' && git config --local --unset-all 'http.https://github.com/.extraheader' || :"
2025-01-09T08:46:44.6127784Z [command]/usr/bin/git config --local http.https://github.com/.extraheader AUTHORIZATION: basic ***
2025-01-09T08:46:44.6172964Z ##[endgroup]
2025-01-09T08:46:44.6174045Z ##[group]Determining the default branch
2025-01-09T08:46:44.6176497Z Retrieving the default branch name
2025-01-09T08:46:44.9187290Z Default branch 'main'
2025-01-09T08:46:44.9188348Z ##[endgroup]
2025-01-09T08:46:44.9189059Z ##[group]Fetching the repository
2025-01-09T08:46:44.9195167Z [command]/usr/bin/git -c protocol.version=2 fetch --no-tags --prune --no-recurse-submodules --depth=1 origin +refs/heads/main:refs/remotes/origin/main
2025-01-09T08:46:45.6278254Z From https://github.com/tardis-sn/tardis-regression-data
2025-01-09T08:46:45.6279167Z  * [new branch]      main       -> origin/main
2025-01-09T08:46:45.6310576Z ##[endgroup]
2025-01-09T08:46:45.6311426Z ##[group]Determining the checkout info
2025-01-09T08:46:45.6313573Z ##[endgroup]
2025-01-09T08:46:45.6318499Z [command]/usr/bin/git sparse-checkout disable
2025-01-09T08:46:45.6356080Z [command]/usr/bin/git config --local --unset-all extensions.worktreeConfig
2025-01-09T08:46:45.6384834Z ##[group]Checking out the ref
2025-01-09T08:46:45.6389275Z [command]/usr/bin/git checkout --progress --force -B main refs/remotes/origin/main
2025-01-09T08:46:45.7821696Z Switched to a new branch 'main'
2025-01-09T08:46:45.7823364Z branch 'main' set up to track 'origin/main'.
2025-01-09T08:46:45.8100017Z ##[endgroup]
2025-01-09T08:46:45.8138686Z [command]/usr/bin/git log -1 --format=%H
2025-01-09T08:46:45.8161335Z 666ab8501c2b2aea30d05b8822e7ddbfca078d23
2025-01-09T08:46:45.8294639Z ##[group]Run git lfs ls-files -l | cut -d' ' -f1 | sort > .lfs-assets-id
2025-01-09T08:46:45.8295618Z [36;1mgit lfs ls-files -l | cut -d' ' -f1 | sort > .lfs-assets-id[0m
2025-01-09T08:46:45.8328572Z shell: /usr/bin/bash --noprofile --norc -e -o pipefail {0}
2025-01-09T08:46:45.8328981Z env:
2025-01-09T08:46:45.8329196Z   CACHE_NUMBER: 0
2025-01-09T08:46:45.8329856Z   PYTEST_FLAGS: --tardis-regression-data=/home/runner/work/tardis/tardis/tardis-regression-data --cov=tardis --cov-report=xml --cov-report=html --cov-append
2025-01-09T08:46:45.8330800Z   CODECOV_TOKEN: ***
2025-01-09T08:46:45.8331079Z ##[endgroup]
2025-01-09T08:46:45.9802914Z ##[group]Run actions/cache/restore@v4
2025-01-09T08:46:45.9803244Z with:
2025-01-09T08:46:45.9803482Z   path: tardis-regression-data/.git/lfs
2025-01-09T08:46:45.9803960Z   key: Linux-lfs-21f9fa4b6817cc69b9fae3598144724da7828e276a73bd17f47a2a49d9af090a-v1
2025-01-09T08:46:45.9804420Z   enableCrossOsArchive: false
2025-01-09T08:46:45.9804698Z   fail-on-cache-miss: false
2025-01-09T08:46:45.9804948Z   lookup-only: false
2025-01-09T08:46:45.9805402Z env:
2025-01-09T08:46:45.9805680Z   CACHE_NUMBER: 0
2025-01-09T08:46:45.9806327Z   PYTEST_FLAGS: --tardis-regression-data=/home/runner/work/tardis/tardis/tardis-regression-data --cov=tardis --cov-report=xml --cov-report=html --cov-append
2025-01-09T08:46:45.9807181Z   CODECOV_TOKEN: ***
2025-01-09T08:46:45.9807420Z ##[endgroup]
2025-01-09T08:46:47.7730003Z Received 0 of 1708418946 (0.0%), 0.0 MBs/sec
2025-01-09T08:46:48.7730774Z Received 134217728 of 1708418946 (7.9%), 64.0 MBs/sec
2025-01-09T08:46:49.7739710Z Received 289406976 of 1708418946 (16.9%), 92.0 MBs/sec
2025-01-09T08:46:50.7745178Z Received 406847488 of 1708418946 (23.8%), 97.0 MBs/sec
2025-01-09T08:46:51.7749946Z Received 541065216 of 1708418946 (31.7%), 103.2 MBs/sec
2025-01-09T08:46:52.7755845Z Received 671088640 of 1708418946 (39.3%), 106.6 MBs/sec
2025-01-09T08:46:53.7778768Z Received 817889280 of 1708418946 (47.9%), 111.4 MBs/sec
2025-01-09T08:46:54.7784550Z Received 960495616 of 1708418946 (56.2%), 114.4 MBs/sec
2025-01-09T08:46:55.7771765Z Received 1094713344 of 1708418946 (64.1%), 115.9 MBs/sec
2025-01-09T08:46:56.7775823Z Received 1224736768 of 1708418946 (71.7%), 116.7 MBs/sec
2025-01-09T08:46:57.7773972Z Received 1379926016 of 1708418946 (80.8%), 119.6 MBs/sec
2025-01-09T08:46:58.7771759Z Received 1522532352 of 1708418946 (89.1%), 121.0 MBs/sec
2025-01-09T08:46:59.7776633Z Received 1665138688 of 1708418946 (97.5%), 122.1 MBs/sec
2025-01-09T08:47:00.0730422Z Cache Size: ~1629 MB (1708418946 B)
2025-01-09T08:47:00.0789747Z [command]/usr/bin/tar -xf /home/runner/work/_temp/e0bb4125-5be6-42c6-8ae7-425a1909b090/cache.tzst -P -C /home/runner/work/tardis/tardis --use-compress-program unzstd
2025-01-09T08:47:00.7788642Z Received 1708418946 of 1708418946 (100.0%), 116.3 MBs/sec
2025-01-09T08:47:06.4300652Z Cache restored successfully
2025-01-09T08:47:06.7516643Z Cache restored from key: Linux-lfs-21f9fa4b6817cc69b9fae3598144724da7828e276a73bd17f47a2a49d9af090a-v1
2025-01-09T08:47:06.7680603Z ##[group]Run git lfs checkout
2025-01-09T08:47:06.7680909Z [36;1mgit lfs checkout[0m
2025-01-09T08:47:06.7707598Z shell: /usr/bin/bash --noprofile --norc -e -o pipefail {0}
2025-01-09T08:47:06.7707934Z env:
2025-01-09T08:47:06.7708105Z   CACHE_NUMBER: 0
2025-01-09T08:47:06.7708716Z   PYTEST_FLAGS: --tardis-regression-data=/home/runner/work/tardis/tardis/tardis-regression-data --cov=tardis --cov-report=xml --cov-report=html --cov-append
2025-01-09T08:47:06.7709515Z   CODECOV_TOKEN: ***
2025-01-09T08:47:06.7709719Z ##[endgroup]
2025-01-09T08:47:17.4563624Z Checking out LFS objects: 100% (204/204), 3.5 GB | 334 MB/s, done.
