2025-01-13T15:18:33.3514225Z Requested labels: macos-latest
2025-01-13T15:18:33.3514543Z Job defined at: tardis-sn/tardis/.github/workflows/tests.yml@refs/heads/master
2025-01-13T15:18:33.3514642Z Waiting for a runner to pick up this job...
2025-01-13T15:18:33.7135911Z Job is waiting for a hosted runner to come online.
2025-01-13T15:18:37.1223247Z Job is about to start running on the hosted runner: GitHub Actions 37 (hosted)
2025-01-13T15:18:39.1215480Z Current runner version: '2.321.0'
2025-01-13T15:18:39.1244800Z ##[group]Operating System
2025-01-13T15:18:39.1245510Z macOS
2025-01-13T15:18:39.1245920Z 14.7.2
2025-01-13T15:18:39.1246240Z 23H311
2025-01-13T15:18:39.1246620Z ##[endgroup]
2025-01-13T15:18:39.1247020Z ##[group]Runner Image
2025-01-13T15:18:39.1247450Z Image: macos-14-arm64
2025-01-13T15:18:39.1247840Z Version: 20250106.725
2025-01-13T15:18:39.1248700Z Included Software: https://github.com/actions/runner-images/blob/macos-14-arm64/20250106.725/images/macos/macos-14-arm64-Readme.md
2025-01-13T15:18:39.1249750Z Image Release: https://github.com/actions/runner-images/releases/tag/macos-14-arm64%2F20250106.725
2025-01-13T15:18:39.1250430Z ##[endgroup]
2025-01-13T15:18:39.1250930Z ##[group]Runner Image Provisioner
2025-01-13T15:18:39.1251380Z 2.0.404.1+573eac7f0cc07d6bb82d8b9bf5e1ffa69a554644
2025-01-13T15:18:39.1251830Z ##[endgroup]
2025-01-13T15:18:39.1253500Z ##[group]GITHUB_TOKEN Permissions
2025-01-13T15:18:39.1255510Z Actions: write
2025-01-13T15:18:39.1255970Z Attestations: write
2025-01-13T15:18:39.1256370Z Checks: write
2025-01-13T15:18:39.1256690Z Contents: write
2025-01-13T15:18:39.1257020Z Deployments: write
2025-01-13T15:18:39.1257420Z Discussions: write
2025-01-13T15:18:39.1257900Z Issues: write
2025-01-13T15:18:39.1258370Z Metadata: read
2025-01-13T15:18:39.1258740Z Packages: write
2025-01-13T15:18:39.1259130Z Pages: write
2025-01-13T15:18:39.1259460Z PullRequests: write
2025-01-13T15:18:39.1259810Z RepositoryProjects: write
2025-01-13T15:18:39.1260210Z SecurityEvents: write
2025-01-13T15:18:39.1260650Z Statuses: write
2025-01-13T15:18:39.1260990Z ##[endgroup]
2025-01-13T15:18:39.1263840Z Secret source: Actions
2025-01-13T15:18:39.1264800Z Prepare workflow directory
2025-01-13T15:18:39.2318290Z Prepare all required actions
2025-01-13T15:18:39.2426430Z Getting action download info
2025-01-13T15:18:39.4448610Z Download action repository 'actions/checkout@v4' (SHA:11bd71901bbe5b1630ceea73d27597364c9af683)
2025-01-13T15:18:40.2151460Z Download action repository 'actions/upload-artifact@v4' (SHA:65c4c4a1ddee5b72f698fdd19549f0f0fb45cf08)
2025-01-13T15:18:41.6681670Z Complete job name: not continuum macos-latest 
2025-01-13T15:18:41.7446980Z ##[group]Run actions/checkout@v4
2025-01-13T15:18:41.7448300Z with:
2025-01-13T15:18:41.7448860Z   repository: tardis-sn/tardis
2025-01-13T15:18:41.7450360Z   token: ***
2025-01-13T15:18:41.7450870Z   ssh-strict: true
2025-01-13T15:18:41.7451410Z   ssh-user: git
2025-01-13T15:18:41.7451960Z   persist-credentials: true
2025-01-13T15:18:41.7452590Z   clean: true
2025-01-13T15:18:41.7453150Z   sparse-checkout-cone-mode: true
2025-01-13T15:18:41.7453830Z   fetch-depth: 1
2025-01-13T15:18:41.7454380Z   fetch-tags: false
2025-01-13T15:18:41.7454980Z   show-progress: true
2025-01-13T15:18:41.7455570Z   lfs: false
2025-01-13T15:18:41.7456080Z   submodules: false
2025-01-13T15:18:41.7456660Z   set-safe-directory: true
2025-01-13T15:18:41.7457920Z env:
2025-01-13T15:18:41.7458640Z   CACHE_NUMBER: 0
2025-01-13T15:18:41.7463260Z   PYTEST_FLAGS: --tardis-regression-data=/Users/runner/work/tardis/tardis/tardis-regression-data --cov=tardis --cov-report=xml --cov-report=html --cov-append
2025-01-13T15:18:41.7465320Z   CODECOV_TOKEN: ***
2025-01-13T15:18:41.7465890Z ##[endgroup]
2025-01-13T15:18:42.2027330Z Syncing repository: tardis-sn/tardis
2025-01-13T15:18:42.2029540Z ##[group]Getting Git version info
2025-01-13T15:18:42.2030410Z Working directory is '/Users/runner/work/tardis/tardis'
2025-01-13T15:18:42.2032040Z [command]/opt/homebrew/bin/git version
2025-01-13T15:18:42.2631520Z git version 2.47.1
2025-01-13T15:18:42.2663860Z ##[endgroup]
2025-01-13T15:18:42.2674100Z Copying '/Users/runner/.gitconfig' to '/Users/runner/work/_temp/a950ceed-b825-4d16-be96-d26b4b027076/.gitconfig'
2025-01-13T15:18:42.2690320Z Temporarily overriding HOME='/Users/runner/work/_temp/a950ceed-b825-4d16-be96-d26b4b027076' before making global git config changes
2025-01-13T15:18:42.2693060Z Adding repository directory to the temporary git global config as a safe directory
2025-01-13T15:18:42.2695370Z [command]/opt/homebrew/bin/git config --global --add safe.directory /Users/runner/work/tardis/tardis
2025-01-13T15:18:42.2984430Z Deleting the contents of '/Users/runner/work/tardis/tardis'
2025-01-13T15:18:42.2986100Z ##[group]Initializing the repository
2025-01-13T15:18:42.2987720Z [command]/opt/homebrew/bin/git init /Users/runner/work/tardis/tardis
2025-01-13T15:18:42.3248980Z hint: Using 'master' as the name for the initial branch. This default branch name
2025-01-13T15:18:42.3251790Z hint: is subject to change. To configure the initial branch name to use in all
2025-01-13T15:18:42.3253180Z hint: of your new repositories, which will suppress this warning, call:
2025-01-13T15:18:42.3254220Z hint:
2025-01-13T15:18:42.3255020Z hint: 	git config --global init.defaultBranch <name>
2025-01-13T15:18:42.3255920Z hint:
2025-01-13T15:18:42.3256790Z hint: Names commonly chosen instead of 'master' are 'main', 'trunk' and
2025-01-13T15:18:42.3258750Z hint: 'development'. The just-created branch can be renamed via this command:
2025-01-13T15:18:42.3259960Z hint:
2025-01-13T15:18:42.3260690Z hint: 	git branch -m <name>
2025-01-13T15:18:42.3261930Z Initialized empty Git repository in /Users/runner/work/tardis/tardis/.git/
2025-01-13T15:18:42.3270290Z [command]/opt/homebrew/bin/git remote add origin https://github.com/tardis-sn/tardis
2025-01-13T15:18:42.3361980Z ##[endgroup]
2025-01-13T15:18:42.3363170Z ##[group]Disabling automatic garbage collection
2025-01-13T15:18:42.3364250Z [command]/opt/homebrew/bin/git config --local gc.auto 0
2025-01-13T15:18:42.3418130Z ##[endgroup]
2025-01-13T15:18:42.3419800Z ##[group]Setting up auth
2025-01-13T15:18:42.3421140Z [command]/opt/homebrew/bin/git config --local --name-only --get-regexp core\.sshCommand
2025-01-13T15:18:42.3485510Z [command]/opt/homebrew/bin/git submodule foreach --recursive sh -c "git config --local --name-only --get-regexp 'core\.sshCommand' && git config --local --unset-all 'core.sshCommand' || :"
2025-01-13T15:18:42.4668180Z [command]/opt/homebrew/bin/git config --local --name-only --get-regexp http\.https\:\/\/github\.com\/\.extraheader
2025-01-13T15:18:42.4728530Z [command]/opt/homebrew/bin/git submodule foreach --recursive sh -c "git config --local --name-only --get-regexp 'http\.https\:\/\/github\.com\/\.extraheader' && git config --local --unset-all 'http.https://github.com/.extraheader' || :"
2025-01-13T15:18:42.5823530Z [command]/opt/homebrew/bin/git config --local http.https://github.com/.extraheader AUTHORIZATION: basic ***
2025-01-13T15:18:42.6516930Z ##[endgroup]
2025-01-13T15:18:42.6520720Z ##[group]Fetching the repository
2025-01-13T15:18:42.6525680Z [command]/opt/homebrew/bin/git -c protocol.version=2 fetch --no-tags --prune --no-recurse-submodules --depth=1 origin +fbd635c53f1ffb6a5276df20358064421b5e0ca5:refs/remotes/origin/master
2025-01-13T15:18:44.3493620Z From https://github.com/tardis-sn/tardis
2025-01-13T15:18:44.3494930Z  * [new ref]         fbd635c53f1ffb6a5276df20358064421b5e0ca5 -> origin/master
2025-01-13T15:18:44.3567540Z ##[endgroup]
2025-01-13T15:18:44.3567890Z ##[group]Determining the checkout info
2025-01-13T15:18:44.3570830Z ##[endgroup]
2025-01-13T15:18:44.3582500Z [command]/opt/homebrew/bin/git sparse-checkout disable
2025-01-13T15:18:44.3658100Z [command]/opt/homebrew/bin/git config --local --unset-all extensions.worktreeConfig
2025-01-13T15:18:44.3727370Z ##[group]Checking out the ref
2025-01-13T15:18:44.3729120Z [command]/opt/homebrew/bin/git checkout --progress --force -B master refs/remotes/origin/master
2025-01-13T15:18:44.6744960Z Reset branch 'master'
2025-01-13T15:18:44.6749090Z branch 'master' set up to track 'origin/master'.
2025-01-13T15:18:44.6766670Z ##[endgroup]
2025-01-13T15:18:44.6887420Z [command]/opt/homebrew/bin/git log -1 --format=%H
2025-01-13T15:18:44.6975450Z fbd635c53f1ffb6a5276df20358064421b5e0ca5
2025-01-13T15:18:44.7400010Z Prepare all required actions
2025-01-13T15:18:44.7400430Z Getting action download info
2025-01-13T15:18:44.9293850Z Download action repository 'actions/cache@v4' (SHA:1bd1e32a3bdc45362d1e726936510720a7c30a57)
2025-01-13T15:18:45.0855640Z ##[group]Run ./.github/actions/setup_lfs
2025-01-13T15:18:45.0857130Z with:
2025-01-13T15:18:45.0857400Z   regression-data-repo: tardis-sn/tardis-regression-data
2025-01-13T15:18:45.0857630Z env:
2025-01-13T15:18:45.0857750Z   CACHE_NUMBER: 0
2025-01-13T15:18:45.0858240Z   PYTEST_FLAGS: --tardis-regression-data=/Users/runner/work/tardis/tardis/tardis-regression-data --cov=tardis --cov-report=xml --cov-report=html --cov-append
2025-01-13T15:18:45.0858980Z   CODECOV_TOKEN: ***
2025-01-13T15:18:45.0859150Z ##[endgroup]
2025-01-13T15:18:45.1187850Z ##[group]Run actions/checkout@v4
2025-01-13T15:18:45.1188770Z with:
2025-01-13T15:18:45.1190230Z   repository: tardis-sn/tardis-regression-data
2025-01-13T15:18:45.1190650Z   path: tardis-regression-data
2025-01-13T15:18:45.1191190Z   token: ***
2025-01-13T15:18:45.1191340Z   ssh-strict: true
2025-01-13T15:18:45.1191570Z   ssh-user: git
2025-01-13T15:18:45.1191710Z   persist-credentials: true
2025-01-13T15:18:45.1191870Z   clean: true
2025-01-13T15:18:45.1192010Z   sparse-checkout-cone-mode: true
2025-01-13T15:18:45.1192230Z   fetch-depth: 1
2025-01-13T15:18:45.1192360Z   fetch-tags: false
2025-01-13T15:18:45.1192500Z   show-progress: true
2025-01-13T15:18:45.1192630Z   lfs: false
2025-01-13T15:18:45.1192770Z   submodules: false
2025-01-13T15:18:45.1192900Z   set-safe-directory: true
2025-01-13T15:18:45.1193060Z env:
2025-01-13T15:18:45.1193170Z   CACHE_NUMBER: 0
2025-01-13T15:18:45.1193640Z   PYTEST_FLAGS: --tardis-regression-data=/Users/runner/work/tardis/tardis/tardis-regression-data --cov=tardis --cov-report=xml --cov-report=html --cov-append
2025-01-13T15:18:45.1194270Z   CODECOV_TOKEN: ***
2025-01-13T15:18:45.1194410Z ##[endgroup]
2025-01-13T15:18:45.2329700Z Syncing repository: tardis-sn/tardis-regression-data
2025-01-13T15:18:45.2333180Z ##[group]Getting Git version info
2025-01-13T15:18:45.2334230Z Working directory is '/Users/runner/work/tardis/tardis/tardis-regression-data'
2025-01-13T15:18:45.2369910Z [command]/opt/homebrew/bin/git version
2025-01-13T15:18:45.2422810Z git version 2.47.1
2025-01-13T15:18:45.2441810Z ##[endgroup]
2025-01-13T15:18:45.2464030Z Copying '/Users/runner/.gitconfig' to '/Users/runner/work/_temp/b3502689-b5fd-465c-9c76-07f939165274/.gitconfig'
2025-01-13T15:18:45.2477510Z Temporarily overriding HOME='/Users/runner/work/_temp/b3502689-b5fd-465c-9c76-07f939165274' before making global git config changes
2025-01-13T15:18:45.2479090Z Adding repository directory to the temporary git global config as a safe directory
2025-01-13T15:18:45.2480960Z [command]/opt/homebrew/bin/git config --global --add safe.directory /Users/runner/work/tardis/tardis/tardis-regression-data
2025-01-13T15:18:45.2537330Z ##[group]Initializing the repository
2025-01-13T15:18:45.2542900Z [command]/opt/homebrew/bin/git init /Users/runner/work/tardis/tardis/tardis-regression-data
2025-01-13T15:18:45.2640370Z hint: Using 'master' as the name for the initial branch. This default branch name
2025-01-13T15:18:45.2641760Z hint: is subject to change. To configure the initial branch name to use in all
2025-01-13T15:18:45.2642790Z hint: of your new repositories, which will suppress this warning, call:
2025-01-13T15:18:45.2643540Z hint:
2025-01-13T15:18:45.2644040Z hint: 	git config --global init.defaultBranch <name>
2025-01-13T15:18:45.2644650Z hint:
2025-01-13T15:18:45.2645290Z hint: Names commonly chosen instead of 'master' are 'main', 'trunk' and
2025-01-13T15:18:45.2646430Z hint: 'development'. The just-created branch can be renamed via this command:
2025-01-13T15:18:45.2647180Z hint:
2025-01-13T15:18:45.2647610Z hint: 	git branch -m <name>
2025-01-13T15:18:45.2649430Z Initialized empty Git repository in /Users/runner/work/tardis/tardis/tardis-regression-data/.git/
2025-01-13T15:18:45.2662970Z [command]/opt/homebrew/bin/git remote add origin https://github.com/tardis-sn/tardis-regression-data
2025-01-13T15:18:45.2729640Z ##[endgroup]
2025-01-13T15:18:45.2730610Z ##[group]Disabling automatic garbage collection
2025-01-13T15:18:45.2732570Z [command]/opt/homebrew/bin/git config --local gc.auto 0
2025-01-13T15:18:45.2791330Z ##[endgroup]
2025-01-13T15:18:45.2791640Z ##[group]Setting up auth
2025-01-13T15:18:45.2792610Z [command]/opt/homebrew/bin/git config --local --name-only --get-regexp core\.sshCommand
2025-01-13T15:18:45.2851550Z [command]/opt/homebrew/bin/git submodule foreach --recursive sh -c "git config --local --name-only --get-regexp 'core\.sshCommand' && git config --local --unset-all 'core.sshCommand' || :"
2025-01-13T15:18:45.3546990Z [command]/opt/homebrew/bin/git config --local --name-only --get-regexp http\.https\:\/\/github\.com\/\.extraheader
2025-01-13T15:18:45.3599650Z [command]/opt/homebrew/bin/git submodule foreach --recursive sh -c "git config --local --name-only --get-regexp 'http\.https\:\/\/github\.com\/\.extraheader' && git config --local --unset-all 'http.https://github.com/.extraheader' || :"
2025-01-13T15:18:45.4385660Z [command]/opt/homebrew/bin/git config --local http.https://github.com/.extraheader AUTHORIZATION: basic ***
2025-01-13T15:18:45.4461020Z ##[endgroup]
2025-01-13T15:18:45.4461810Z ##[group]Determining the default branch
2025-01-13T15:18:45.4462810Z Retrieving the default branch name
2025-01-13T15:18:45.9064370Z Default branch 'main'
2025-01-13T15:18:45.9080340Z ##[endgroup]
2025-01-13T15:18:45.9096890Z ##[group]Fetching the repository
2025-01-13T15:18:45.9132970Z [command]/opt/homebrew/bin/git -c protocol.version=2 fetch --no-tags --prune --no-recurse-submodules --depth=1 origin +refs/heads/main:refs/remotes/origin/main
2025-01-13T15:18:47.0076210Z From https://github.com/tardis-sn/tardis-regression-data
2025-01-13T15:18:47.0079360Z  * [new branch]      main       -> origin/main
2025-01-13T15:18:47.0299130Z ##[endgroup]
2025-01-13T15:18:47.0299820Z ##[group]Determining the checkout info
2025-01-13T15:18:47.0300340Z ##[endgroup]
2025-01-13T15:18:47.0300840Z [command]/opt/homebrew/bin/git sparse-checkout disable
2025-01-13T15:18:47.0348110Z [command]/opt/homebrew/bin/git config --local --unset-all extensions.worktreeConfig
2025-01-13T15:18:47.0404240Z ##[group]Checking out the ref
2025-01-13T15:18:47.0407540Z [command]/opt/homebrew/bin/git checkout --progress --force -B main refs/remotes/origin/main
2025-01-13T15:18:47.3687780Z Switched to a new branch 'main'
2025-01-13T15:18:47.3693690Z branch 'main' set up to track 'origin/main'.
2025-01-13T15:18:47.4953140Z ##[endgroup]
2025-01-13T15:18:47.5055740Z [command]/opt/homebrew/bin/git log -1 --format=%H
2025-01-13T15:18:47.5134690Z fa7729bc9c30e14b69acd641af8b692b56fcd416
2025-01-13T15:18:47.5350800Z ##[group]Run git lfs ls-files -l | cut -d' ' -f1 | sort > .lfs-assets-id
2025-01-13T15:18:47.5352000Z [36;1mgit lfs ls-files -l | cut -d' ' -f1 | sort > .lfs-assets-id[0m
2025-01-13T15:18:47.5440260Z shell: /bin/bash --noprofile --norc -e -o pipefail {0}
2025-01-13T15:18:47.5440610Z env:
2025-01-13T15:18:47.5440780Z   CACHE_NUMBER: 0
2025-01-13T15:18:47.5441270Z   PYTEST_FLAGS: --tardis-regression-data=/Users/runner/work/tardis/tardis/tardis-regression-data --cov=tardis --cov-report=xml --cov-report=html --cov-append
2025-01-13T15:18:47.5441990Z   CODECOV_TOKEN: ***
2025-01-13T15:18:47.5442190Z ##[endgroup]
2025-01-13T15:18:47.9487690Z ##[group]Run actions/cache/restore@v4
2025-01-13T15:18:47.9487990Z with:
2025-01-13T15:18:47.9488170Z   path: tardis-regression-data/.git/lfs
2025-01-13T15:18:47.9488510Z   key: macOS-lfs-21f9fa4b6817cc69b9fae3598144724da7828e276a73bd17f47a2a49d9af090a-v1
2025-01-13T15:18:47.9489000Z   enableCrossOsArchive: false
2025-01-13T15:18:47.9489210Z   fail-on-cache-miss: false
2025-01-13T15:18:47.9489390Z   lookup-only: false
2025-01-13T15:18:47.9489550Z env:
2025-01-13T15:18:47.9489670Z   CACHE_NUMBER: 0
2025-01-13T15:18:47.9490560Z   PYTEST_FLAGS: --tardis-regression-data=/Users/runner/work/tardis/tardis/tardis-regression-data --cov=tardis --cov-report=xml --cov-report=html --cov-append
2025-01-13T15:18:47.9491550Z   CODECOV_TOKEN: ***
2025-01-13T15:18:47.9491720Z ##[endgroup]
2025-01-13T15:18:49.4840150Z Received 25165824 of 1706796060 (1.5%), 24.0 MBs/sec
2025-01-13T15:18:50.4839550Z Received 75497472 of 1706796060 (4.4%), 36.0 MBs/sec
2025-01-13T15:18:51.4839090Z Received 134217728 of 1706796060 (7.9%), 42.6 MBs/sec
2025-01-13T15:18:52.4970050Z Received 192937984 of 1706796060 (11.3%), 45.9 MBs/sec
2025-01-13T15:18:53.5024700Z Received 247463936 of 1706796060 (14.5%), 47.1 MBs/sec
2025-01-13T15:18:54.5105220Z Received 310378496 of 1706796060 (18.2%), 49.1 MBs/sec
2025-01-13T15:18:55.5095160Z Received 360710144 of 1706796060 (21.1%), 48.9 MBs/sec
2025-01-13T15:18:56.5152820Z Received 419430400 of 1706796060 (24.6%), 49.8 MBs/sec
2025-01-13T15:18:57.5127340Z Received 486539264 of 1706796060 (28.5%), 51.4 MBs/sec
2025-01-13T15:18:58.5154320Z Received 545259520 of 1706796060 (31.9%), 51.8 MBs/sec
2025-01-13T15:18:59.5140610Z Received 603979776 of 1706796060 (35.4%), 52.2 MBs/sec
2025-01-13T15:19:00.5137710Z Received 654311424 of 1706796060 (38.3%), 51.9 MBs/sec
2025-01-13T15:19:01.5203930Z Received 696254464 of 1706796060 (40.8%), 51.0 MBs/sec
2025-01-13T15:19:02.5166730Z Received 754974720 of 1706796060 (44.2%), 51.3 MBs/sec
2025-01-13T15:19:03.5165460Z Received 809500672 of 1706796060 (47.4%), 51.3 MBs/sec
2025-01-13T15:19:04.5179060Z Received 868220928 of 1706796060 (50.9%), 51.6 MBs/sec
2025-01-13T15:19:05.6921070Z Received 918552576 of 1706796060 (53.8%), 50.9 MBs/sec
2025-01-13T15:19:06.7056680Z Received 981467136 of 1706796060 (57.5%), 51.4 MBs/sec
2025-01-13T15:19:07.7001350Z Received 1040187392 of 1706796060 (60.9%), 51.6 MBs/sec
2025-01-13T15:19:08.7399160Z Received 1086324736 of 1706796060 (63.6%), 51.2 MBs/sec
2025-01-13T15:19:09.7171620Z Received 1149239296 of 1706796060 (67.3%), 51.6 MBs/sec
2025-01-13T15:19:10.7271710Z Received 1195376640 of 1706796060 (70.0%), 51.3 MBs/sec
2025-01-13T15:19:11.7195860Z Received 1262485504 of 1706796060 (74.0%), 51.8 MBs/sec
2025-01-13T15:19:12.7265300Z Received 1317011456 of 1706796060 (77.2%), 51.8 MBs/sec
2025-01-13T15:19:13.7235740Z Received 1384120320 of 1706796060 (81.1%), 52.3 MBs/sec
2025-01-13T15:19:14.7224450Z Received 1434451968 of 1706796060 (84.0%), 52.1 MBs/sec
2025-01-13T15:19:15.7294700Z Received 1493172224 of 1706796060 (87.5%), 52.3 MBs/sec
2025-01-13T15:19:16.7292170Z Received 1547698176 of 1706796060 (90.7%), 52.3 MBs/sec
2025-01-13T15:19:17.7291090Z Received 1593835520 of 1706796060 (93.4%), 52.0 MBs/sec
2025-01-13T15:19:18.7347200Z Received 1652555776 of 1706796060 (96.8%), 52.1 MBs/sec
2025-01-13T15:19:19.7303060Z Received 1706796060 of 1706796060 (100.0%), 52.1 MBs/sec
2025-01-13T15:19:20.0073360Z Cache Size: ~1628 MB (1706796060 B)
2025-01-13T15:19:20.0155680Z [command]/opt/homebrew/bin/gtar -xf /Users/runner/work/_temp/d480e7c8-782a-4508-9922-88ef6d35a520/cache.tzst -P -C /Users/runner/work/tardis/tardis --delay-directory-restore --use-compress-program unzstd
2025-01-13T15:19:29.6417630Z Cache restored successfully
2025-01-13T15:19:29.7684520Z Cache restored from key: macOS-lfs-21f9fa4b6817cc69b9fae3598144724da7828e276a73bd17f47a2a49d9af090a-v1
2025-01-13T15:19:29.7975020Z ##[group]Run git lfs checkout
2025-01-13T15:19:29.7975430Z [36;1mgit lfs checkout[0m
2025-01-13T15:19:29.8125240Z shell: /bin/bash --noprofile --norc -e -o pipefail {0}
2025-01-13T15:19:29.8126270Z env:
2025-01-13T15:19:29.8126470Z   CACHE_NUMBER: 0
2025-01-13T15:19:29.8127130Z   PYTEST_FLAGS: --tardis-regression-data=/Users/runner/work/tardis/tardis/tardis-regression-data --cov=tardis --cov-report=xml --cov-report=html --cov-append
2025-01-13T15:19:29.8129090Z   CODECOV_TOKEN: ***
2025-01-13T15:19:29.8129490Z ##[endgroup]
2025-01-13T15:19:38.6180880Z Checking out LFS objects: 100% (204/204), 3.5 GB | 342 MB/s, done.
2025-01-13T15:19:50.7431930Z Prepare all required actions
2025-01-13T15:19:50.7432560Z Getting action download info
2025-01-13T15:19:50.8906750Z Download action repository 'mamba-org/setup-micromamba@v1' (SHA:4b9113af4fba0e9e1124b252dd6497a419e7396d)
2025-01-13T15:19:52.0672610Z ##[group]Run ./.github/actions/setup_env
2025-01-13T15:19:52.0672900Z with:
2025-01-13T15:19:52.0673690Z   os-label: osx-arm64
2025-01-13T15:19:52.0673890Z env:
2025-01-13T15:19:52.0674320Z   CACHE_NUMBER: 0
2025-01-13T15:19:52.0674940Z   PYTEST_FLAGS: --tardis-regression-data=/Users/runner/work/tardis/tardis/tardis-regression-data --cov=tardis --cov-report=xml --cov-report=html --cov-append
2025-01-13T15:19:52.0675740Z   CODECOV_TOKEN: ***
2025-01-13T15:19:52.0675960Z ##[endgroup]
2025-01-13T15:19:52.0744830Z ##[group]Run file_hash=$(cat conda-osx-arm64.lock | shasum -a 256 | cut -d' ' -f1)
2025-01-13T15:19:52.0746180Z [36;1mfile_hash=$(cat conda-osx-arm64.lock | shasum -a 256 | cut -d' ' -f1)[0m
2025-01-13T15:19:52.0747080Z [36;1mecho "file_hash=$file_hash" >> "${GITHUB_OUTPUT}"[0m
2025-01-13T15:19:52.0822150Z shell: /bin/bash --noprofile --norc -e -o pipefail {0}
2025-01-13T15:19:52.0822390Z env:
2025-01-13T15:19:52.0822510Z   CACHE_NUMBER: 0
2025-01-13T15:19:52.0822990Z   PYTEST_FLAGS: --tardis-regression-data=/Users/runner/work/tardis/tardis/tardis-regression-data --cov=tardis --cov-report=xml --cov-report=html --cov-append
2025-01-13T15:19:52.0823700Z   CODECOV_TOKEN: ***
2025-01-13T15:19:52.0823850Z ##[endgroup]
2025-01-13T15:19:52.2683060Z ##[group]Run mamba-org/setup-micromamba@v1
2025-01-13T15:19:52.2683320Z with:
2025-01-13T15:19:52.2683460Z   environment-file: conda-osx-arm64.lock
2025-01-13T15:19:52.2683810Z   cache-environment-key: bf0d0a4d4c847cca72476c6c68c493d56c484aada7e80de0e42c7607fcef5824
2025-01-13T15:19:52.2684350Z   cache-downloads-key: bf0d0a4d4c847cca72476c6c68c493d56c484aada7e80de0e42c7607fcef5824
2025-01-13T15:19:52.2684690Z   environment-name: tardis
2025-01-13T15:19:52.2684880Z   cache-environment: true
2025-01-13T15:19:52.2685110Z   cache-downloads: true
2025-01-13T15:19:52.2685270Z env:
2025-01-13T15:19:52.2685390Z   CACHE_NUMBER: 0
2025-01-13T15:19:52.2685870Z   PYTEST_FLAGS: --tardis-regression-data=/Users/runner/work/tardis/tardis/tardis-regression-data --cov=tardis --cov-report=xml --cov-report=html --cov-append
2025-01-13T15:19:52.2687080Z   CODECOV_TOKEN: ***
2025-01-13T15:19:52.2687270Z ##[endgroup]
2025-01-13T15:19:52.7748520Z Will download micromamba to /Users/runner/micromamba-bin/micromamba
2025-01-13T15:19:52.7753140Z ##[group]Install micromamba
2025-01-13T15:19:53.5019650Z micromamba installed to /Users/runner/micromamba-bin/micromamba
2025-01-13T15:19:53.5022120Z ##[endgroup]
2025-01-13T15:19:53.5023720Z Adding conda-forge to condarc channels ...
2025-01-13T15:19:53.5123590Z ##[group]Initialize micromamba for bash.
2025-01-13T15:19:53.5152530Z [command]/Users/runner/micromamba-bin/micromamba shell init -s bash -r /Users/runner/micromamba --log-level warning --rc-file /Users/runner/work/_temp/setup-micromamba/.condarc
2025-01-13T15:19:53.5529960Z Modifying RC file "/Users/runner/.bash_profile"
2025-01-13T15:19:53.5533010Z Generating config for root prefix [1m"/Users/runner/micromamba"[0m
2025-01-13T15:19:53.5534360Z Setting mamba executable to: [1m"/Users/runner/micromamba-bin/micromamba"[0m
2025-01-13T15:19:53.5534780Z Adding (or replacing) the following in your "/Users/runner/.bash_profile" file
2025-01-13T15:19:53.5535050Z 
2025-01-13T15:19:53.5535140Z # >>> mamba initialize >>>
2025-01-13T15:19:53.5535690Z # !! Contents within this block are managed by 'mamba init' !!
2025-01-13T15:19:53.5536110Z export MAMBA_EXE='/Users/runner/micromamba-bin/micromamba';
2025-01-13T15:19:53.5536410Z export MAMBA_ROOT_PREFIX='/Users/runner/micromamba';
2025-01-13T15:19:53.5536810Z __mamba_setup="$("$MAMBA_EXE" shell hook --shell bash --root-prefix "$MAMBA_ROOT_PREFIX" 2> /dev/null)"
2025-01-13T15:19:53.5537250Z if [ $? -eq 0 ]; then
2025-01-13T15:19:53.5537440Z     eval "$__mamba_setup"
2025-01-13T15:19:53.5538510Z else
2025-01-13T15:19:53.5538760Z     alias micromamba="$MAMBA_EXE"  # Fallback on help from mamba activate
2025-01-13T15:19:53.5539070Z fi
2025-01-13T15:19:53.5539200Z unset __mamba_setup
2025-01-13T15:19:53.5539380Z # <<< mamba initialize <<<
2025-01-13T15:19:53.5539490Z 
2025-01-13T15:19:53.5542310Z ##[endgroup]
2025-01-13T15:19:53.5542820Z ##[group]Restoring downloads from `/Users/runner/micromamba/pkgs` ...
2025-01-13T15:19:54.9139230Z Received 12582912 of 310595873 (4.1%), 12.0 MBs/sec
2025-01-13T15:19:55.9099080Z Received 83886080 of 310595873 (27.0%), 39.9 MBs/sec
2025-01-13T15:19:56.9109460Z Received 134217728 of 310595873 (43.2%), 42.6 MBs/sec
2025-01-13T15:19:57.9124240Z Received 188743680 of 310595873 (60.8%), 44.9 MBs/sec
2025-01-13T15:19:58.9130500Z Received 251658240 of 310595873 (81.0%), 47.9 MBs/sec
2025-01-13T15:19:59.9150780Z Received 310595873 of 310595873 (100.0%), 49.3 MBs/sec
2025-01-13T15:20:00.2433660Z Cache Size: ~296 MB (310595873 B)
2025-01-13T15:20:00.2694800Z [command]/opt/homebrew/bin/gtar -xf /Users/runner/work/_temp/cc8ef7e5-08ae-4953-ad7e-8fddba1e3e24/cache.tzst -P -C /Users/runner/work/tardis/tardis --delay-directory-restore --use-compress-program unzstd
2025-01-13T15:20:01.4305710Z Cache restored successfully
2025-01-13T15:20:01.4354870Z Restored cache with key `bf0d0a4d4c847cca72476c6c68c493d56c484aada7e80de0e42c7607fcef5824-osx-arm64`
2025-01-13T15:20:01.4362790Z ##[endgroup]
2025-01-13T15:20:01.4542080Z ##[group]Restoring environment `tardis` from `/Users/runner/micromamba/envs/tardis` ...
2025-01-13T15:20:02.7923790Z Received 16777216 of 385775710 (4.3%), 16.0 MBs/sec
2025-01-13T15:20:03.7946320Z Received 67108864 of 385775710 (17.4%), 32.0 MBs/sec
2025-01-13T15:20:04.8038220Z Received 117440512 of 385775710 (30.4%), 37.3 MBs/sec
2025-01-13T15:20:05.7938040Z Received 192937984 of 385775710 (50.0%), 46.0 MBs/sec
2025-01-13T15:20:06.7940900Z Received 243269632 of 385775710 (63.1%), 46.4 MBs/sec
2025-01-13T15:20:07.8037050Z Received 318767104 of 385775710 (82.6%), 50.7 MBs/sec
2025-01-13T15:20:08.7948840Z Received 369098752 of 385775710 (95.7%), 50.3 MBs/sec
2025-01-13T15:20:08.9292960Z Cache Size: ~368 MB (385775710 B)
2025-01-13T15:20:08.9401420Z [command]/opt/homebrew/bin/gtar -xf /Users/runner/work/_temp/cd4de137-79e2-42f7-ba5f-e073665cd1a9/cache.tzst -P -C /Users/runner/work/tardis/tardis --delay-directory-restore --use-compress-program unzstd
2025-01-13T15:20:09.7967770Z Received 385775710 of 385775710 (100.0%), 46.0 MBs/sec
2025-01-13T15:20:29.7042910Z Cache restored successfully
2025-01-13T15:20:29.7121900Z Restored cache with key `bf0d0a4d4c847cca72476c6c68c493d56c484aada7e80de0e42c7607fcef5824-osx-arm64-tardis-args-4f53cda-root-873f6fe-bin-[object Promise]-file-bf0d0a4d4c847cca72476c6c68c493d56c484aada7e80de0e42c7607fcef5824`
2025-01-13T15:20:29.7124210Z ##[endgroup]
2025-01-13T15:20:29.7124530Z Adding environment tardis to auto-activate bash ...
2025-01-13T15:20:29.7164800Z Generating micromamba run shell.
2025-01-13T15:20:29.7199610Z ##[endgroup]
2025-01-13T15:20:29.7216080Z Set environment variables.
2025-01-13T15:20:29.7230040Z ##[group]micromamba info
2025-01-13T15:20:29.7238310Z [command]/Users/runner/micromamba-bin/micromamba info -r /Users/runner/micromamba -n tardis
2025-01-13T15:20:30.2989010Z 
2025-01-13T15:20:30.2990730Z        libmamba version : 1.5.10
2025-01-13T15:20:30.2991950Z      micromamba version : 1.5.10
2025-01-13T15:20:30.2993800Z            curl version : libcurl/8.10.1 (OpenSSL/3.3.2) SecureTransport zlib/1.3.1 zstd/1.5.6 libssh2/1.11.0 nghttp2/1.58.0
2025-01-13T15:20:30.2995460Z      libarchive version : libarchive 3.7.4 zlib/1.2.13 bz2lib/1.0.8 libzstd/1.5.6
2025-01-13T15:20:30.2996790Z        envs directories : /Users/runner/micromamba/envs
2025-01-13T15:20:30.2997870Z           package cache : /Users/runner/micromamba/pkgs
2025-01-13T15:20:30.2999060Z                           /Users/runner/.mamba/pkgs
2025-01-13T15:20:30.3000170Z             environment : tardis
2025-01-13T15:20:30.3007690Z            env location : /Users/runner/micromamba/envs/tardis
2025-01-13T15:20:30.3008440Z       user config files : /Users/runner/.mambarc
2025-01-13T15:20:30.3009030Z  populated config files : /Users/runner/work/_temp/setup-micromamba/.condarc
2025-01-13T15:20:30.3009380Z        virtual packages : __unix=0=0
2025-01-13T15:20:30.3009730Z                           __osx=14.7.2=0
2025-01-13T15:20:30.3016600Z                           __archspec=1=arm64
2025-01-13T15:20:30.3017150Z                channels : https://conda.anaconda.org/conda-forge/osx-arm64
2025-01-13T15:20:30.3017520Z                           https://conda.anaconda.org/conda-forge/noarch
2025-01-13T15:20:30.3017930Z        base environment : /Users/runner/micromamba
2025-01-13T15:20:30.3018270Z                platform : osx-arm64
2025-01-13T15:20:30.3019170Z ##[endgroup]
2025-01-13T15:20:30.3019610Z ##[group]micromamba list
2025-01-13T15:20:30.3020130Z [command]/Users/runner/micromamba-bin/micromamba list -r /Users/runner/micromamba -n tardis
2025-01-13T15:20:30.8262970Z List of packages in environment: "/Users/runner/micromamba/envs/tardis"
2025-01-13T15:20:30.8264270Z 
2025-01-13T15:20:30.8264640Z   Name                           Version              Build                    Channel    
2025-01-13T15:20:30.8268170Z ────────────────────────────────────────────────────────────────────────────────────────────
2025-01-13T15:20:30.8269130Z   alabaster                      0.7.16               pyhd8ed1ab_0             conda-forge
2025-01-13T15:20:30.8269990Z   anyio                          4.4.0                pyhd8ed1ab_0             conda-forge
2025-01-13T15:20:30.8270910Z   appnope                        0.1.4                pyhd8ed1ab_0             conda-forge
2025-01-13T15:20:30.8271910Z   argon2-cffi                    23.1.0               pyhd8ed1ab_0             conda-forge
2025-01-13T15:20:30.8273000Z   argon2-cffi-bindings           21.2.0               py312h02f2b3b_4          conda-forge
2025-01-13T15:20:30.8274130Z   arrow                          1.3.0                pyhd8ed1ab_0             conda-forge
2025-01-13T15:20:30.8274950Z   astropy                        6.1.1                py312hbebd99a_0          conda-forge
2025-01-13T15:20:30.8275980Z   astropy-iers-data              0.2024.6.17.0.31.35  pyhd8ed1ab_0             conda-forge
2025-01-13T15:20:30.8277100Z   astropy-sphinx-theme           1.1                  pyhd8ed1ab_0             conda-forge
2025-01-13T15:20:30.8278060Z   asttokens                      2.4.1                pyhd8ed1ab_0             conda-forge
2025-01-13T15:20:30.8278990Z   async-lru                      2.0.4                pyhd8ed1ab_0             conda-forge
2025-01-13T15:20:30.8279810Z   atk-1.0                        2.38.0               hd03087b_2               conda-forge
2025-01-13T15:20:30.8282380Z   attrs                          23.2.0               pyh71513ae_0             conda-forge
2025-01-13T15:20:30.8283500Z   babel                          2.14.0               pyhd8ed1ab_0             conda-forge
2025-01-13T15:20:30.8284640Z   beautifulsoup4                 4.12.3               pyha770c72_0             conda-forge
2025-01-13T15:20:30.8285680Z   bleach                         6.1.0                pyhd8ed1ab_0             conda-forge
2025-01-13T15:20:30.8286530Z   blosc                          1.21.5               h9c252e8_1               conda-forge
2025-01-13T15:20:30.8287490Z   brotli                         1.1.0                hb547adb_1               conda-forge
2025-01-13T15:20:30.8288350Z   brotli-bin                     1.1.0                hb547adb_1               conda-forge
2025-01-13T15:20:30.8289400Z   brotli-python                  1.1.0                py312h9f69965_1          conda-forge
2025-01-13T15:20:30.8290270Z   bzip2                          1.0.8                h93a5062_5               conda-forge
2025-01-13T15:20:30.8291180Z   c-ares                         1.28.1               h93a5062_0               conda-forge
2025-01-13T15:20:30.8293320Z   c-blosc2                       2.14.4               ha57e6be_1               conda-forge
2025-01-13T15:20:30.8295260Z   ca-certificates                2024.6.2             hf0a4a13_0               conda-forge
2025-01-13T15:20:30.8296230Z   cached-property                1.5.2                hd8ed1ab_1               conda-forge
2025-01-13T15:20:30.8297360Z   cached_property                1.5.2                pyha770c72_1             conda-forge
2025-01-13T15:20:30.8298780Z   cairo                          1.18.0               hd1e100b_0               conda-forge
2025-01-13T15:20:30.8299780Z   certifi                        2024.6.2             pyhd8ed1ab_0             conda-forge
2025-01-13T15:20:30.8300630Z   cffi                           1.16.0               py312h8e38eb3_0          conda-forge
2025-01-13T15:20:30.8301710Z   charset-normalizer             3.3.2                pyhd8ed1ab_0             conda-forge
2025-01-13T15:20:30.8302770Z   click                          8.1.7                unix_pyh707e725_0        conda-forge
2025-01-13T15:20:30.8304140Z   codespell                      2.3.0                pyhd8ed1ab_0             conda-forge
2025-01-13T15:20:30.8305460Z   colorama                       0.4.6                pyhd8ed1ab_0             conda-forge
2025-01-13T15:20:30.8306410Z   comm                           0.2.2                pyhd8ed1ab_0             conda-forge
2025-01-13T15:20:30.8307500Z   commonmark                     0.9.1                py_0                     conda-forge
2025-01-13T15:20:30.8309010Z   contourpy                      1.2.1                py312h0fef576_0          conda-forge
2025-01-13T15:20:30.8310760Z   coverage                       7.5.3                py312h7e5086c_0          conda-forge
2025-01-13T15:20:30.8311590Z   cycler                         0.12.1               pyhd8ed1ab_0             conda-forge
2025-01-13T15:20:30.8312020Z   dataclasses                    0.8                  pyhc8e2a94_3             conda-forge
2025-01-13T15:20:30.8312540Z   debugpy                        1.8.1                py312h20a0b95_0          conda-forge
2025-01-13T15:20:30.8313110Z   decorator                      5.1.1                pyhd8ed1ab_0             conda-forge
2025-01-13T15:20:30.8313480Z   defusedxml                     0.7.1                pyhd8ed1ab_0             conda-forge
2025-01-13T15:20:30.8313920Z   docutils                       0.20.1               py312h81bd7bf_3          conda-forge
2025-01-13T15:20:30.8314340Z   dot2tex                        2.11.3               pyhd8ed1ab_0             conda-forge
2025-01-13T15:20:30.8314700Z   entrypoints                    0.4                  pyhd8ed1ab_0             conda-forge
2025-01-13T15:20:30.8315110Z   exceptiongroup                 1.2.0                pyhd8ed1ab_2             conda-forge
2025-01-13T15:20:30.8315490Z   executing                      2.0.1                pyhd8ed1ab_0             conda-forge
2025-01-13T15:20:30.8315930Z   expat                          2.6.2                hebf3989_0               conda-forge
2025-01-13T15:20:30.8316390Z   font-ttf-dejavu-sans-mono      2.37                 hab24e00_0               conda-forge
2025-01-13T15:20:30.8316880Z   font-ttf-inconsolata           3.000                h77eed37_0               conda-forge
2025-01-13T15:20:30.8318010Z   font-ttf-source-code-pro       2.038                h77eed37_0               conda-forge
2025-01-13T15:20:30.8318590Z   font-ttf-ubuntu                0.83                 h77eed37_2               conda-forge
2025-01-13T15:20:30.8319150Z   fontconfig                     2.14.2               h82840c6_0               conda-forge
2025-01-13T15:20:30.8319650Z   fonts-conda-ecosystem          1                    0                        conda-forge
2025-01-13T15:20:30.8320190Z   fonts-conda-forge              1                    0                        conda-forge
2025-01-13T15:20:30.8320580Z   fonttools                      4.53.0               py312h7e5086c_0          conda-forge
2025-01-13T15:20:30.8321120Z   fqdn                           1.5.1                pyhd8ed1ab_0             conda-forge
2025-01-13T15:20:30.8322160Z   freetype                       2.12.1               hadb7bae_2               conda-forge
2025-01-13T15:20:30.8322630Z   fribidi                        1.0.10               h27ca646_0               conda-forge
2025-01-13T15:20:30.8323220Z   future                         1.0.0                pyhd8ed1ab_0             conda-forge
2025-01-13T15:20:30.8324160Z   gdk-pixbuf                     2.42.12              h7ddc832_0               conda-forge
2025-01-13T15:20:30.8324690Z   gettext                        0.22.5               h8fbad5d_2               conda-forge
2025-01-13T15:20:30.8325300Z   gettext-tools                  0.22.5               h8fbad5d_2               conda-forge
2025-01-13T15:20:30.8326350Z   giflib                         5.2.2                h93a5062_0               conda-forge
2025-01-13T15:20:30.8326830Z   git-lfs                        3.5.1                hce30654_0               conda-forge
2025-01-13T15:20:30.8327230Z   gmp                            6.3.0                hebf3989_1               conda-forge
2025-01-13T15:20:30.8327640Z   gmpy2                          2.1.5                py312hfa9fade_1          conda-forge
2025-01-13T15:20:30.8328040Z   graphite2                      1.3.13               hebf3989_1003            conda-forge
2025-01-13T15:20:30.8328480Z   graphviz                       11.0.0               h9bb9bc9_0               conda-forge
2025-01-13T15:20:30.8328840Z   gtk2                           2.24.33              h7895bb2_4               conda-forge
2025-01-13T15:20:30.8329270Z   gts                            0.7.6                he42f4ea_4               conda-forge
2025-01-13T15:20:30.8329670Z   h11                            0.14.0               pyhd8ed1ab_0             conda-forge
2025-01-13T15:20:30.8329990Z   h2                             4.1.0                pyhd8ed1ab_0             conda-forge
2025-01-13T15:20:30.8330420Z   h5py                           3.11.0               nompi_py312h903599c_102  conda-forge
2025-01-13T15:20:30.8330790Z   harfbuzz                       8.5.0                h1836168_0               conda-forge
2025-01-13T15:20:30.8331190Z   hdf5                           1.14.3               nompi_hec07895_105       conda-forge
2025-01-13T15:20:30.8331610Z   hpack                          4.0.0                pyh9f0ad1d_0             conda-forge
2025-01-13T15:20:30.8332400Z   httpcore                       1.0.5                pyhd8ed1ab_0             conda-forge
2025-01-13T15:20:30.8332930Z   httpx                          0.27.0               pyhd8ed1ab_0             conda-forge
2025-01-13T15:20:30.8333390Z   hyperframe                     6.0.1                pyhd8ed1ab_0             conda-forge
2025-01-13T15:20:30.8333920Z   icu                            73.2                 hc8870d7_0               conda-forge
2025-01-13T15:20:30.8334270Z   idna                           3.7                  pyhd8ed1ab_0             conda-forge
2025-01-13T15:20:30.8334810Z   imagesize                      1.4.1                pyhd8ed1ab_0             conda-forge
2025-01-13T15:20:30.8335260Z   importlib-metadata             7.1.0                pyha770c72_0             conda-forge
2025-01-13T15:20:30.8335750Z   importlib_metadata             7.1.0                hd8ed1ab_0               conda-forge
2025-01-13T15:20:30.8336210Z   importlib_resources            6.4.0                pyhd8ed1ab_0             conda-forge
2025-01-13T15:20:30.8336670Z   iniconfig                      2.0.0                pyhd8ed1ab_0             conda-forge
2025-01-13T15:20:30.8337030Z   ipykernel                      6.29.4               pyh57ce528_0             conda-forge
2025-01-13T15:20:30.8337430Z   ipython                        8.25.0               pyh707e725_0             conda-forge
2025-01-13T15:20:30.8337830Z   ipython_genutils               0.2.0                pyhd8ed1ab_1             conda-forge
2025-01-13T15:20:30.8338190Z   ipywidgets                     7.8.0                pyhd8ed1ab_0             conda-forge
2025-01-13T15:20:30.8339140Z   isoduration                    20.11.0              pyhd8ed1ab_0             conda-forge
2025-01-13T15:20:30.8339530Z   jedi                           0.19.1               pyhd8ed1ab_0             conda-forge
2025-01-13T15:20:30.8339890Z   jinja2                         3.1.4                pyhd8ed1ab_0             conda-forge
2025-01-13T15:20:30.8340440Z   json5                          0.9.25               pyhd8ed1ab_0             conda-forge
2025-01-13T15:20:30.8340870Z   jsonpointer                    3.0.0                py312h81bd7bf_0          conda-forge
2025-01-13T15:20:30.8341280Z   jsonschema                     4.22.0               pyhd8ed1ab_0             conda-forge
2025-01-13T15:20:30.8341680Z   jsonschema-specifications      2023.12.1            pyhd8ed1ab_0             conda-forge
2025-01-13T15:20:30.8342200Z   jsonschema-with-format-nongpl  4.22.0               pyhd8ed1ab_0             conda-forge
2025-01-13T15:20:30.8342610Z   jupyter-lsp                    2.2.5                pyhd8ed1ab_0             conda-forge
2025-01-13T15:20:30.8343020Z   jupyter_client                 8.6.2                pyhd8ed1ab_0             conda-forge
2025-01-13T15:20:30.8343390Z   jupyter_core                   5.7.2                py312h81bd7bf_0          conda-forge
2025-01-13T15:20:30.8343810Z   jupyter_events                 0.10.0               pyhd8ed1ab_0             conda-forge
2025-01-13T15:20:30.8344270Z   jupyter_server                 2.14.1               pyhd8ed1ab_0             conda-forge
2025-01-13T15:20:30.8344660Z   jupyter_server_terminals       0.5.3                pyhd8ed1ab_0             conda-forge
2025-01-13T15:20:30.8345070Z   jupyterlab                     4.2.2                pyhd8ed1ab_0             conda-forge
2025-01-13T15:20:30.8345430Z   jupyterlab_pygments            0.3.0                pyhd8ed1ab_1             conda-forge
2025-01-13T15:20:30.8345870Z   jupyterlab_server              2.27.2               pyhd8ed1ab_0             conda-forge
2025-01-13T15:20:30.8346250Z   jupyterlab_widgets             1.1.7                pyhd8ed1ab_0             conda-forge
2025-01-13T15:20:30.8346640Z   kiwisolver                     1.4.5                py312h389731b_1          conda-forge
2025-01-13T15:20:30.8346960Z   krb5                           1.21.2               h92f50d5_0               conda-forge
2025-01-13T15:20:30.8347350Z   latexcodec                     2.0.1                pyh9f0ad1d_0             conda-forge
2025-01-13T15:20:30.8347740Z   lcms2                          2.16                 ha0e7c42_0               conda-forge
2025-01-13T15:20:30.8348780Z   lerc                           4.0.0                h9a09cb3_0               conda-forge
2025-01-13T15:20:30.8349260Z   libaec                         1.1.3                hebf3989_0               conda-forge
2025-01-13T15:20:30.8349600Z   libasprintf                    0.22.5               h8fbad5d_2               conda-forge
2025-01-13T15:20:30.8350020Z   libasprintf-devel              0.22.5               h8fbad5d_2               conda-forge
2025-01-13T15:20:30.8350400Z   libblas                        3.9.0                22_osxarm64_openblas     conda-forge
2025-01-13T15:20:30.8350820Z   libbrotlicommon                1.1.0                hb547adb_1               conda-forge
2025-01-13T15:20:30.8351240Z   libbrotlidec                   1.1.0                hb547adb_1               conda-forge
2025-01-13T15:20:30.8351600Z   libbrotlienc                   1.1.0                hb547adb_1               conda-forge
2025-01-13T15:20:30.8352000Z   libcblas                       3.9.0                22_osxarm64_openblas     conda-forge
2025-01-13T15:20:30.8352340Z   libcurl                        8.8.0                h7b6f9a7_0               conda-forge
2025-01-13T15:20:30.8352710Z   libcxx                         17.0.6               h5f092b4_0               conda-forge
2025-01-13T15:20:30.8353040Z   libdeflate                     1.20                 h93a5062_0               conda-forge
2025-01-13T15:20:30.8353760Z   libedit                        3.1.20191231         hc8eb9b7_2               conda-forge
2025-01-13T15:20:30.8354140Z   libev                          4.33                 h93a5062_2               conda-forge
2025-01-13T15:20:30.8354480Z   libexpat                       2.6.2                hebf3989_0               conda-forge
2025-01-13T15:20:30.8354850Z   libffi                         3.4.2                h3422bc3_5               conda-forge
2025-01-13T15:20:30.8355400Z   libgd                          2.3.3                hfdf3952_9               conda-forge
2025-01-13T15:20:30.8355800Z   libgettextpo                   0.22.5               h8fbad5d_2               conda-forge
2025-01-13T15:20:30.8356230Z   libgettextpo-devel             0.22.5               h8fbad5d_2               conda-forge
2025-01-13T15:20:30.8356660Z   libgfortran                    5.0.0                13_2_0_hd922786_3        conda-forge
2025-01-13T15:20:30.8357110Z   libgfortran5                   13.2.0               hf226fd6_3               conda-forge
2025-01-13T15:20:30.8357490Z   libglib                        2.80.2               h59d46d9_1               conda-forge
2025-01-13T15:20:30.8357860Z   libiconv                       1.17                 h0d3ecfb_2               conda-forge
2025-01-13T15:20:30.8358210Z   libintl                        0.22.5               h8fbad5d_2               conda-forge
2025-01-13T15:20:30.8358600Z   libintl-devel                  0.22.5               h8fbad5d_2               conda-forge
2025-01-13T15:20:30.8358990Z   libjpeg-turbo                  3.0.0                hb547adb_1               conda-forge
2025-01-13T15:20:30.8359400Z   liblapack                      3.9.0                22_osxarm64_openblas     conda-forge
2025-01-13T15:20:30.8359900Z   libllvm14                      14.0.6               hd1a9a77_4               conda-forge
2025-01-13T15:20:30.8360330Z   libnghttp2                     1.58.0               ha4dd798_1               conda-forge
2025-01-13T15:20:30.8360770Z   libopenblas                    0.3.27               openmp_h6c19121_0        conda-forge
2025-01-13T15:20:30.8361140Z   libpng                         1.6.43               h091b4b1_0               conda-forge
2025-01-13T15:20:30.8361630Z   librsvg                        2.58.1               hbc281fb_0               conda-forge
2025-01-13T15:20:30.8361980Z   libsodium                      1.0.18               h27ca646_1               conda-forge
2025-01-13T15:20:30.8362480Z   libsqlite                      3.46.0               hfb93653_0               conda-forge
2025-01-13T15:20:30.8362920Z   libssh2                        1.11.0               h7a5bd25_0               conda-forge
2025-01-13T15:20:30.8363280Z   libtiff                        4.6.0                h07db509_3               conda-forge
2025-01-13T15:20:30.8363670Z   libwebp                        1.4.0                h54798ee_0               conda-forge
2025-01-13T15:20:30.8364390Z   libwebp-base                   1.4.0                h93a5062_0               conda-forge
2025-01-13T15:20:30.8364740Z   libxcb                         1.16                 hf2054a2_0               conda-forge
2025-01-13T15:20:30.8365140Z   libxml2                        2.12.7               ha661575_1               conda-forge
2025-01-13T15:20:30.8365470Z   libxslt                        1.1.39               h223e5b9_0               conda-forge
2025-01-13T15:20:30.8365790Z   libzlib                        1.3.1                hfb2fe0b_1               conda-forge
2025-01-13T15:20:30.8366150Z   llvm-openmp                    18.1.7               hde57baf_0               conda-forge
2025-01-13T15:20:30.8366520Z   llvmlite                       0.42.0               py312h17030e7_1          conda-forge
2025-01-13T15:20:30.8366910Z   lxml                           5.2.2                py312h0e5ab22_0          conda-forge
2025-01-13T15:20:30.8367230Z   lz4-c                          1.9.4                hb7217d7_0               conda-forge
2025-01-13T15:20:30.8367990Z   markupsafe                     2.1.5                py312he37b823_0          conda-forge
2025-01-13T15:20:30.8368390Z   matplotlib-base                3.8.4                py312h4479663_2          conda-forge
2025-01-13T15:20:30.8368830Z   matplotlib-inline              0.1.7                pyhd8ed1ab_0             conda-forge
2025-01-13T15:20:30.8369260Z   mistune                        3.0.2                pyhd8ed1ab_0             conda-forge
2025-01-13T15:20:30.8369790Z   mpc                            1.3.1                h91ba8db_0               conda-forge
2025-01-13T15:20:30.8370190Z   mpfr                           4.2.1                h41d338b_1               conda-forge
2025-01-13T15:20:30.8370550Z   mpmath                         1.3.0                pyhd8ed1ab_0             conda-forge
2025-01-13T15:20:30.8370920Z   munkres                        1.1.4                pyh9f0ad1d_0             conda-forge
2025-01-13T15:20:30.8371280Z   mypy_extensions                1.0.0                pyha770c72_0             conda-forge
2025-01-13T15:20:30.8371720Z   nbclassic                      1.1.0                pyhd8ed1ab_0             conda-forge
2025-01-13T15:20:30.8372130Z   nbclient                       0.10.0               pyhd8ed1ab_0             conda-forge
2025-01-13T15:20:30.8372580Z   nbconvert                      7.16.4               hd8ed1ab_1               conda-forge
2025-01-13T15:20:30.8373050Z   nbconvert-core                 7.16.4               pyhd8ed1ab_1             conda-forge
2025-01-13T15:20:30.8373490Z   nbconvert-pandoc               7.16.4               hd8ed1ab_1               conda-forge
2025-01-13T15:20:30.8374020Z   nbformat                       5.10.4               pyhd8ed1ab_0             conda-forge
2025-01-13T15:20:30.8374450Z   nbsphinx                       0.9.4                pyhd8ed1ab_0             conda-forge
2025-01-13T15:20:30.8374900Z   ncurses                        6.5                  hb89a1cb_0               conda-forge
2025-01-13T15:20:30.8375330Z   nest-asyncio                   1.6.0                pyhd8ed1ab_0             conda-forge
2025-01-13T15:20:30.8375820Z   networkx                       3.3                  pyhd8ed1ab_1             conda-forge
2025-01-13T15:20:30.8376280Z   notebook                       7.2.1                pyhd8ed1ab_0             conda-forge
2025-01-13T15:20:30.8376730Z   notebook-shim                  0.2.4                pyhd8ed1ab_0             conda-forge
2025-01-13T15:20:30.8377190Z   numba                          0.59.1               py312hbaff935_0          conda-forge
2025-01-13T15:20:30.8377580Z   numexpr                        2.10.0               py312h8ae5369_0          conda-forge
2025-01-13T15:20:30.8378000Z   numpy                          1.26.4               py312h8442bc7_0          conda-forge
2025-01-13T15:20:30.8378480Z   numpydoc                       1.7.0                pyhd8ed1ab_1             conda-forge
2025-01-13T15:20:30.8378820Z   openjpeg                       2.5.2                h9f1df11_0               conda-forge
2025-01-13T15:20:30.8379260Z   openssl                        3.3.1                hfb2fe0b_0               conda-forge
2025-01-13T15:20:30.8379610Z   overrides                      7.7.0                pyhd8ed1ab_0             conda-forge
2025-01-13T15:20:30.8380020Z   packaging                      24.1                 pyhd8ed1ab_0             conda-forge
2025-01-13T15:20:30.8412890Z   pandas                         2.2.2                py312h8ae5369_1          conda-forge
2025-01-13T15:20:30.8413280Z   pandoc                         3.2                  hce30654_0               conda-forge
2025-01-13T15:20:30.8413690Z   pandocfilters                  1.5.0                pyhd8ed1ab_0             conda-forge
2025-01-13T15:20:30.8414040Z   pango                          1.54.0               h5cb9fbc_0               conda-forge
2025-01-13T15:20:30.8414330Z   parso                          0.8.4                pyhd8ed1ab_0             conda-forge
2025-01-13T15:20:30.8415310Z   pathspec                       0.12.1               pyhd8ed1ab_0             conda-forge
2025-01-13T15:20:30.8415670Z   pbr                            6.0.0                pyhd8ed1ab_0             conda-forge
2025-01-13T15:20:30.8416070Z   pcre2                          10.44                h297a79d_0               conda-forge
2025-01-13T15:20:30.8416400Z   pexpect                        4.9.0                pyhd8ed1ab_0             conda-forge
2025-01-13T15:20:30.8417340Z   pickleshare                    0.7.5                py_1003                  conda-forge
2025-01-13T15:20:30.8417650Z   pillow                         10.3.0               py312h39b1d8d_1          conda-forge
2025-01-13T15:20:30.8417980Z   pip                            24.0                 pyhd8ed1ab_0             conda-forge
2025-01-13T15:20:30.8418310Z   pixman                         0.43.4               hebf3989_0               conda-forge
2025-01-13T15:20:30.8418760Z   pkgutil-resolve-name           1.3.10               pyhd8ed1ab_1             conda-forge
2025-01-13T15:20:30.8419110Z   platformdirs                   4.2.2                pyhd8ed1ab_0             conda-forge
2025-01-13T15:20:30.8419430Z   plotly                         5.22.0               pyhd8ed1ab_0             conda-forge
2025-01-13T15:20:30.8419730Z   pluggy                         1.5.0                pyhd8ed1ab_0             conda-forge
2025-01-13T15:20:30.8420040Z   prometheus_client              0.20.0               pyhd8ed1ab_0             conda-forge
2025-01-13T15:20:30.8420370Z   prompt-toolkit                 3.0.47               pyha770c72_0             conda-forge
2025-01-13T15:20:30.8420680Z   psutil                         5.9.8                py312he37b823_0          conda-forge
2025-01-13T15:20:30.8421000Z   pthread-stubs                  0.4                  h27ca646_1001            conda-forge
2025-01-13T15:20:30.8421340Z   ptyprocess                     0.7.0                pyhd3deb0d_0             conda-forge
2025-01-13T15:20:30.8421640Z   pure_eval                      0.2.2                pyhd8ed1ab_0             conda-forge
2025-01-13T15:20:30.8422480Z   py-cpuinfo                     9.0.0                pyhd8ed1ab_0             conda-forge
2025-01-13T15:20:30.8423750Z   pybtex                         0.24.0               pyhd8ed1ab_2             conda-forge
2025-01-13T15:20:30.8424190Z   pybtex-docutils                1.0.3                py312h81bd7bf_1          conda-forge
2025-01-13T15:20:30.8424600Z   pycparser                      2.22                 pyhd8ed1ab_0             conda-forge
2025-01-13T15:20:30.8424940Z   pyerfa                         2.0.1.4              py312hbebd99a_1          conda-forge
2025-01-13T15:20:30.8425250Z   pygments                       2.18.0               pyhd8ed1ab_0             conda-forge
2025-01-13T15:20:30.8425540Z   pygraphviz                     1.13                 py312h5f4d302_1          conda-forge
2025-01-13T15:20:30.8425840Z   pyobjc-core                    10.3.1               py312hbb55c70_0          conda-forge
2025-01-13T15:20:30.8426170Z   pyobjc-framework-cocoa         10.3.1               py312hbb55c70_0          conda-forge
2025-01-13T15:20:30.8426500Z   pyparsing                      3.1.2                pyhd8ed1ab_0             conda-forge
2025-01-13T15:20:30.8426790Z   pysocks                        1.7.1                pyha2e5f31_6             conda-forge
2025-01-13T15:20:30.8427090Z   pytables                       3.9.2                py312hb622ae1_2          conda-forge
2025-01-13T15:20:30.8427380Z   pytest                         8.2.2                pyhd8ed1ab_0             conda-forge
2025-01-13T15:20:30.8427670Z   pytest-cov                     5.0.0                pyhd8ed1ab_0             conda-forge
2025-01-13T15:20:30.8427990Z   pytest-doctestplus             1.2.1                pyhd8ed1ab_0             conda-forge
2025-01-13T15:20:30.8428300Z   pytest-html                    4.1.1                pyhd8ed1ab_0             conda-forge
2025-01-13T15:20:30.8429170Z   pytest-metadata                3.1.1                pyhd8ed1ab_0             conda-forge
2025-01-13T15:20:30.8429510Z   python                         3.12.4               h30c5eda_0_cpython       conda-forge
2025-01-13T15:20:30.8429820Z   python-dateutil                2.9.0                pyhd8ed1ab_0             conda-forge
2025-01-13T15:20:30.8430160Z   python-fastjsonschema          2.20.0               pyhd8ed1ab_0             conda-forge
2025-01-13T15:20:30.8430710Z   python-json-logger             2.0.7                pyhd8ed1ab_0             conda-forge
2025-01-13T15:20:30.8431040Z   python-tzdata                  2024.1               pyhd8ed1ab_0             conda-forge
2025-01-13T15:20:30.8431330Z   python_abi                     3.12                 4_cp312                  conda-forge
2025-01-13T15:20:30.8431610Z   pytz                           2024.1               pyhd8ed1ab_0             conda-forge
2025-01-13T15:20:30.8431890Z   pyyaml                         6.0.1                py312h02f2b3b_1          conda-forge
2025-01-13T15:20:30.8432180Z   pyzmq                          26.0.3               py312hfa13136_0          conda-forge
2025-01-13T15:20:30.8432470Z   qgrid                          1.3.1                pyhd8ed1ab_4             conda-forge
2025-01-13T15:20:30.8432780Z   radioactivedecay               0.5.1                pyhd8ed1ab_0             conda-forge
2025-01-13T15:20:30.8433090Z   readline                       8.2                  h92ec313_1               conda-forge
2025-01-13T15:20:30.8433380Z   recommonmark                   0.7.1                pyhd8ed1ab_0             conda-forge
2025-01-13T15:20:30.8433690Z   referencing                    0.35.1               pyhd8ed1ab_0             conda-forge
2025-01-13T15:20:30.8433980Z   requests                       2.32.3               pyhd8ed1ab_0             conda-forge
2025-01-13T15:20:30.8434300Z   rfc3339-validator              0.1.4                pyhd8ed1ab_0             conda-forge
2025-01-13T15:20:30.8434630Z   rfc3986-validator              0.1.1                pyh9f0ad1d_0             conda-forge
2025-01-13T15:20:30.8434940Z   rpds-py                        0.18.1               py312h552d48e_0          conda-forge
2025-01-13T15:20:30.8435220Z   ruff                           0.4.9                py312h3402d49_0          conda-forge
2025-01-13T15:20:30.8435490Z   scipy                          1.13.1               py312h14ffa8f_0          conda-forge
2025-01-13T15:20:30.8435780Z   send2trash                     1.8.3                pyh31c8845_0             conda-forge
2025-01-13T15:20:30.8436080Z   setuptools                     70.0.0               pyhd8ed1ab_0             conda-forge
2025-01-13T15:20:30.8436380Z   setuptools-scm                 8.1.0                pyhd8ed1ab_0             conda-forge
2025-01-13T15:20:30.8436690Z   setuptools_scm                 8.1.0                hd8ed1ab_0               conda-forge
2025-01-13T15:20:30.8436980Z   six                            1.16.0               pyh6c4a22f_0             conda-forge
2025-01-13T15:20:30.8437250Z   snakeviz                       2.2.0                pyhd8ed1ab_0             conda-forge
2025-01-13T15:20:30.8437540Z   snappy                         1.2.0                hd04f947_1               conda-forge
2025-01-13T15:20:30.8437820Z   sniffio                        1.3.1                pyhd8ed1ab_0             conda-forge
2025-01-13T15:20:30.8438120Z   snowballstemmer                2.2.0                pyhd8ed1ab_0             conda-forge
2025-01-13T15:20:30.8438430Z   soupsieve                      2.5                  pyhd8ed1ab_1             conda-forge
2025-01-13T15:20:30.8438710Z   sphinx                         7.3.7                pyhd8ed1ab_0             conda-forge
2025-01-13T15:20:30.8439010Z   sphinx-astropy                 1.9.1                pyhd8ed1ab_0             conda-forge
2025-01-13T15:20:30.8439340Z   sphinx-automodapi              0.17.0               pyh717bed2_1             conda-forge
2025-01-13T15:20:30.8439830Z   sphinx-gallery                 0.16.0               pyhd8ed1ab_0             conda-forge
2025-01-13T15:20:30.8440170Z   sphinx-jsonschema              1.19.1               pyhd8ed1ab_0             conda-forge
2025-01-13T15:20:30.8440520Z   sphinx_bootstrap_theme         0.8.1                pyhd8ed1ab_0             conda-forge
2025-01-13T15:20:30.8440840Z   sphinx_rtd_theme               2.0.0                pyha770c72_0             conda-forge
2025-01-13T15:20:30.8441300Z   sphinxcontrib-apidoc           0.3.0                py_1                     conda-forge
2025-01-13T15:20:30.8441650Z   sphinxcontrib-applehelp        1.0.8                pyhd8ed1ab_0             conda-forge
2025-01-13T15:20:30.8442010Z   sphinxcontrib-bibtex           2.6.2                pyhd8ed1ab_0             conda-forge
2025-01-13T15:20:30.8442360Z   sphinxcontrib-devhelp          1.0.6                pyhd8ed1ab_0             conda-forge
2025-01-13T15:20:30.8442720Z   sphinxcontrib-htmlhelp         2.0.5                pyhd8ed1ab_0             conda-forge
2025-01-13T15:20:30.8443070Z   sphinxcontrib-jquery           4.1                  pyhd8ed1ab_0             conda-forge
2025-01-13T15:20:30.8443420Z   sphinxcontrib-jsmath           1.0.1                pyhd8ed1ab_0             conda-forge
2025-01-13T15:20:30.8443780Z   sphinxcontrib-qthelp           1.0.7                pyhd8ed1ab_0             conda-forge
2025-01-13T15:20:30.8444170Z   sphinxcontrib-serializinghtml  1.1.10               pyhd8ed1ab_0             conda-forge
2025-01-13T15:20:30.8444520Z   stack_data                     0.6.2                pyhd8ed1ab_0             conda-forge
2025-01-13T15:20:30.8444810Z   sympy                          1.12.1               pypyh2585a3b_103         conda-forge
2025-01-13T15:20:30.8445100Z   tabulate                       0.9.0                pyhd8ed1ab_1             conda-forge
2025-01-13T15:20:30.8445380Z   tenacity                       8.4.1                pyhd8ed1ab_0             conda-forge
2025-01-13T15:20:30.8445670Z   terminado                      0.18.1               pyh31c8845_0             conda-forge
2025-01-13T15:20:30.8446220Z   tinycss2                       1.3.0                pyhd8ed1ab_0             conda-forge
2025-01-13T15:20:30.8446510Z   tk                             8.6.13               h5083fa2_1               conda-forge
2025-01-13T15:20:30.8446770Z   toml                           0.10.2               pyhd8ed1ab_0             conda-forge
2025-01-13T15:20:30.8447050Z   tomli                          2.0.1                pyhd8ed1ab_0             conda-forge
2025-01-13T15:20:30.8447330Z   tornado                        6.4.1                py312h7e5086c_0          conda-forge
2025-01-13T15:20:30.8447610Z   tqdm                           4.66.4               pyhd8ed1ab_0             conda-forge
2025-01-13T15:20:30.8447890Z   traitlets                      5.14.3               pyhd8ed1ab_0             conda-forge
2025-01-13T15:20:30.8448190Z   typed-ast                      1.5.5                py312h02f2b3b_1          conda-forge
2025-01-13T15:20:30.8448530Z   types-python-dateutil          2.9.0.20240316       pyhd8ed1ab_0             conda-forge
2025-01-13T15:20:30.8448890Z   typing-extensions              4.12.2               hd8ed1ab_0               conda-forge
2025-01-13T15:20:30.8449220Z   typing_extensions              4.12.2               pyha770c72_0             conda-forge
2025-01-13T15:20:30.8449530Z   typing_utils                   0.1.0                pyhd8ed1ab_0             conda-forge
2025-01-13T15:20:30.8450370Z   tzdata                         2024a                h0c530f3_0               conda-forge
2025-01-13T15:20:30.8451690Z   uri-template                   1.3.0                pyhd8ed1ab_0             conda-forge
2025-01-13T15:20:30.8452300Z   urllib3                        2.2.2                pyhd8ed1ab_0             conda-forge
2025-01-13T15:20:30.8452600Z   wcwidth                        0.2.13               pyhd8ed1ab_0             conda-forge
2025-01-13T15:20:30.8453460Z   webcolors                      24.6.0               pyhd8ed1ab_0             conda-forge
2025-01-13T15:20:30.8453780Z   webencodings                   0.5.1                pyhd8ed1ab_2             conda-forge
2025-01-13T15:20:30.8454110Z   websocket-client               1.8.0                pyhd8ed1ab_0             conda-forge
2025-01-13T15:20:30.8454410Z   wheel                          0.43.0               pyhd8ed1ab_1             conda-forge
2025-01-13T15:20:30.8454930Z   widgetsnbextension             3.6.6                pyhd8ed1ab_0             conda-forge
2025-01-13T15:20:30.8455260Z   xorg-libxau                    1.0.11               hb547adb_0               conda-forge
2025-01-13T15:20:30.8455560Z   xorg-libxdmcp                  1.1.3                h27ca646_0               conda-forge
2025-01-13T15:20:30.8455850Z   xz                             5.2.6                h57fd34a_0               conda-forge
2025-01-13T15:20:30.8456110Z   yaml                           0.2.5                h3422bc3_2               conda-forge
2025-01-13T15:20:30.8456380Z   zeromq                         4.3.5                hcc0f68c_4               conda-forge
2025-01-13T15:20:30.8456660Z   zipp                           3.19.2               pyhd8ed1ab_0             conda-forge
2025-01-13T15:20:30.8456920Z   zlib                           1.3.1                hfb2fe0b_1               conda-forge
2025-01-13T15:20:30.8457190Z   zlib-ng                        2.0.7                h1a8c8d9_0               conda-forge
2025-01-13T15:20:30.8457470Z   zstd                           1.5.6                hb46c0d2_0               conda-forge
2025-01-13T15:20:30.8457970Z ##[endgroup]
2025-01-13T15:20:30.8565480Z ##[group]Run pip install -e . --user
2025-01-13T15:20:30.8565740Z [36;1mpip install -e . --user[0m
2025-01-13T15:20:31.0798540Z shell: /bin/bash -l {0}
2025-01-13T15:20:31.0798740Z env:
2025-01-13T15:20:31.0798860Z   CACHE_NUMBER: 0
2025-01-13T15:20:31.0799340Z   PYTEST_FLAGS: --tardis-regression-data=/Users/runner/work/tardis/tardis/tardis-regression-data --cov=tardis --cov-report=xml --cov-report=html --cov-append
2025-01-13T15:20:31.0800160Z   CODECOV_TOKEN: ***
2025-01-13T15:20:31.0800350Z   MAMBA_ROOT_PREFIX: /Users/runner/micromamba
2025-01-13T15:20:31.0800590Z   MAMBA_EXE: /Users/runner/micromamba-bin/micromamba
2025-01-13T15:20:31.0800860Z   CONDARC: /Users/runner/work/_temp/setup-micromamba/.condarc
2025-01-13T15:20:31.0801130Z ##[endgroup]
2025-01-13T15:20:32.7370900Z Obtaining file:///Users/runner/work/tardis/tardis
2025-01-13T15:20:32.7413280Z   Installing build dependencies: started
2025-01-13T15:20:35.9821970Z   Installing build dependencies: finished with status 'done'
2025-01-13T15:20:35.9899850Z   Checking if build backend supports build_editable: started
2025-01-13T15:20:36.1756490Z   Checking if build backend supports build_editable: finished with status 'done'
2025-01-13T15:20:36.1768550Z   Getting requirements to build editable: started
2025-01-13T15:20:37.0201040Z   Getting requirements to build editable: finished with status 'done'
2025-01-13T15:20:37.0217540Z   Preparing editable metadata (pyproject.toml): started
2025-01-13T15:20:37.5981680Z   Preparing editable metadata (pyproject.toml): finished with status 'done'
2025-01-13T15:20:37.6568520Z Requirement already satisfied: astropy in /Users/runner/micromamba/envs/tardis/lib/python3.12/site-packages (from tardis==0.0.0) (6.1.1)
2025-01-13T15:20:37.7025250Z Requirement already satisfied: numpy>=1.23 in /Users/runner/micromamba/envs/tardis/lib/python3.12/site-packages (from astropy->tardis==0.0.0) (1.26.4)
2025-01-13T15:20:37.7035370Z Requirement already satisfied: pyerfa>=2.0.1.1 in /Users/runner/micromamba/envs/tardis/lib/python3.12/site-packages (from astropy->tardis==0.0.0) (2.0.1.4)
2025-01-13T15:20:37.7042400Z Requirement already satisfied: astropy-iers-data>=0.2024.5.27.0.30.8 in /Users/runner/micromamba/envs/tardis/lib/python3.12/site-packages (from astropy->tardis==0.0.0) (0.2024.6.17.0.31.35)
2025-01-13T15:20:37.7063870Z Requirement already satisfied: PyYAML>=3.13 in /Users/runner/micromamba/envs/tardis/lib/python3.12/site-packages (from astropy->tardis==0.0.0) (6.0.1)
2025-01-13T15:20:37.7082750Z Requirement already satisfied: packaging>=19.0 in /Users/runner/micromamba/envs/tardis/lib/python3.12/site-packages (from astropy->tardis==0.0.0) (24.1)
2025-01-13T15:20:37.7199670Z Building wheels for collected packages: tardis
2025-01-13T15:20:37.7240890Z   Building editable for tardis (pyproject.toml): started
2025-01-13T15:20:38.6024610Z   Building editable for tardis (pyproject.toml): finished with status 'done'
2025-01-13T15:20:38.6033170Z   Created wheel for tardis: filename=tardis-0.0.0-0.editable-py3-none-any.whl size=8876 sha256=98b6a274fa220669b110a269e08d86255f2f320a278e575186ff8de266d78a5a
2025-01-13T15:20:38.6035690Z   Stored in directory: /private/var/folders/ml/x_tvfgn50_s7p67dm1ypcqqm0000gn/T/pip-ephem-wheel-cache-xofjhzcs/wheels/bb/4f/6a/0829b918c1c10bc28535ce7f14be21eee54375bdd9cd0c306a
2025-01-13T15:20:38.6059360Z Successfully built tardis
2025-01-13T15:20:39.3982630Z Installing collected packages: tardis
2025-01-13T15:20:39.4059630Z Successfully installed tardis-0.0.0
2025-01-13T15:20:40.0245690Z ##[group]Run pip install qgridnext
2025-01-13T15:20:40.0246250Z [36;1mpip install qgridnext[0m
2025-01-13T15:20:40.0743080Z shell: /bin/bash -l {0}
2025-01-13T15:20:40.0748900Z env:
2025-01-13T15:20:40.0749160Z   CACHE_NUMBER: 0
2025-01-13T15:20:40.0750410Z   PYTEST_FLAGS: --tardis-regression-data=/Users/runner/work/tardis/tardis/tardis-regression-data --cov=tardis --cov-report=xml --cov-report=html --cov-append
2025-01-13T15:20:40.0751970Z   CODECOV_TOKEN: ***
2025-01-13T15:20:40.0752380Z   MAMBA_ROOT_PREFIX: /Users/runner/micromamba
2025-01-13T15:20:40.0752720Z   MAMBA_EXE: /Users/runner/micromamba-bin/micromamba
2025-01-13T15:20:40.0755880Z   CONDARC: /Users/runner/work/_temp/setup-micromamba/.condarc
2025-01-13T15:20:40.0757000Z ##[endgroup]
2025-01-13T15:20:41.2458660Z Collecting qgridnext
2025-01-13T15:20:41.2889980Z   Downloading qgridnext-2.0.4-py3-none-any.whl.metadata (9.9 kB)
2025-01-13T15:20:41.3213200Z Requirement already satisfied: pandas>=0.20.0 in /Users/runner/micromamba/envs/tardis/lib/python3.12/site-packages (from qgridnext) (2.2.2)
2025-01-13T15:20:41.3219200Z Requirement already satisfied: ipywidgets>=7.0.0 in /Users/runner/micromamba/envs/tardis/lib/python3.12/site-packages (from qgridnext) (7.8.0)
2025-01-13T15:20:41.3225300Z Requirement already satisfied: numpy in /Users/runner/micromamba/envs/tardis/lib/python3.12/site-packages (from qgridnext) (1.26.4)
2025-01-13T15:20:41.3233070Z Requirement already satisfied: traitlets in /Users/runner/micromamba/envs/tardis/lib/python3.12/site-packages (from qgridnext) (5.14.3)
2025-01-13T15:20:41.3303610Z Requirement already satisfied: comm>=0.1.3 in /Users/runner/micromamba/envs/tardis/lib/python3.12/site-packages (from ipywidgets>=7.0.0->qgridnext) (0.2.2)
2025-01-13T15:20:41.3307860Z Requirement already satisfied: ipython-genutils~=0.2.0 in /Users/runner/micromamba/envs/tardis/lib/python3.12/site-packages (from ipywidgets>=7.0.0->qgridnext) (0.2.0)
2025-01-13T15:20:41.3318030Z Requirement already satisfied: widgetsnbextension~=3.6.5 in /Users/runner/micromamba/envs/tardis/lib/python3.12/site-packages (from ipywidgets>=7.0.0->qgridnext) (3.6.6)
2025-01-13T15:20:41.3326810Z Requirement already satisfied: ipython>=4.0.0 in /Users/runner/micromamba/envs/tardis/lib/python3.12/site-packages (from ipywidgets>=7.0.0->qgridnext) (8.25.0)
2025-01-13T15:20:41.3339760Z Requirement already satisfied: jupyterlab-widgets<3,>=1.0.0 in /Users/runner/micromamba/envs/tardis/lib/python3.12/site-packages (from ipywidgets>=7.0.0->qgridnext) (1.1.7)
2025-01-13T15:20:41.3658880Z Requirement already satisfied: python-dateutil>=2.8.2 in /Users/runner/micromamba/envs/tardis/lib/python3.12/site-packages (from pandas>=0.20.0->qgridnext) (2.9.0)
2025-01-13T15:20:41.3668840Z Requirement already satisfied: pytz>=2020.1 in /Users/runner/micromamba/envs/tardis/lib/python3.12/site-packages (from pandas>=0.20.0->qgridnext) (2024.1)
2025-01-13T15:20:41.3674020Z Requirement already satisfied: tzdata>=2022.7 in /Users/runner/micromamba/envs/tardis/lib/python3.12/site-packages (from pandas>=0.20.0->qgridnext) (2024.1)
2025-01-13T15:20:41.3918420Z Requirement already satisfied: decorator in /Users/runner/micromamba/envs/tardis/lib/python3.12/site-packages (from ipython>=4.0.0->ipywidgets>=7.0.0->qgridnext) (5.1.1)
2025-01-13T15:20:41.3930930Z Requirement already satisfied: jedi>=0.16 in /Users/runner/micromamba/envs/tardis/lib/python3.12/site-packages (from ipython>=4.0.0->ipywidgets>=7.0.0->qgridnext) (0.19.1)
2025-01-13T15:20:41.3936610Z Requirement already satisfied: matplotlib-inline in /Users/runner/micromamba/envs/tardis/lib/python3.12/site-packages (from ipython>=4.0.0->ipywidgets>=7.0.0->qgridnext) (0.1.7)
2025-01-13T15:20:41.3961110Z Requirement already satisfied: prompt-toolkit<3.1.0,>=3.0.41 in /Users/runner/micromamba/envs/tardis/lib/python3.12/site-packages (from ipython>=4.0.0->ipywidgets>=7.0.0->qgridnext) (3.0.47)
2025-01-13T15:20:41.3975620Z Requirement already satisfied: pygments>=2.4.0 in /Users/runner/micromamba/envs/tardis/lib/python3.12/site-packages (from ipython>=4.0.0->ipywidgets>=7.0.0->qgridnext) (2.18.0)
2025-01-13T15:20:41.3987480Z Requirement already satisfied: stack-data in /Users/runner/micromamba/envs/tardis/lib/python3.12/site-packages (from ipython>=4.0.0->ipywidgets>=7.0.0->qgridnext) (0.6.2)
2025-01-13T15:20:41.4013490Z Requirement already satisfied: pexpect>4.3 in /Users/runner/micromamba/envs/tardis/lib/python3.12/site-packages (from ipython>=4.0.0->ipywidgets>=7.0.0->qgridnext) (4.9.0)
2025-01-13T15:20:41.4058190Z Requirement already satisfied: six>=1.5 in /Users/runner/micromamba/envs/tardis/lib/python3.12/site-packages (from python-dateutil>=2.8.2->pandas>=0.20.0->qgridnext) (1.16.0)
2025-01-13T15:20:41.4160300Z Requirement already satisfied: notebook>=4.4.1 in /Users/runner/micromamba/envs/tardis/lib/python3.12/site-packages (from widgetsnbextension~=3.6.5->ipywidgets>=7.0.0->qgridnext) (7.2.1)
2025-01-13T15:20:41.4292170Z Requirement already satisfied: parso<0.9.0,>=0.8.3 in /Users/runner/micromamba/envs/tardis/lib/python3.12/site-packages (from jedi>=0.16->ipython>=4.0.0->ipywidgets>=7.0.0->qgridnext) (0.8.4)
2025-01-13T15:20:41.4416930Z Requirement already satisfied: jupyter-server<3,>=2.4.0 in /Users/runner/micromamba/envs/tardis/lib/python3.12/site-packages (from notebook>=4.4.1->widgetsnbextension~=3.6.5->ipywidgets>=7.0.0->qgridnext) (2.14.1)
2025-01-13T15:20:41.4425140Z Requirement already satisfied: jupyterlab-server<3,>=2.27.1 in /Users/runner/micromamba/envs/tardis/lib/python3.12/site-packages (from notebook>=4.4.1->widgetsnbextension~=3.6.5->ipywidgets>=7.0.0->qgridnext) (2.27.2)
2025-01-13T15:20:41.4441660Z Requirement already satisfied: jupyterlab<4.3,>=4.2.0 in /Users/runner/micromamba/envs/tardis/lib/python3.12/site-packages (from notebook>=4.4.1->widgetsnbextension~=3.6.5->ipywidgets>=7.0.0->qgridnext) (4.2.2)
2025-01-13T15:20:41.4449670Z Requirement already satisfied: notebook-shim<0.3,>=0.2 in /Users/runner/micromamba/envs/tardis/lib/python3.12/site-packages (from notebook>=4.4.1->widgetsnbextension~=3.6.5->ipywidgets>=7.0.0->qgridnext) (0.2.4)
2025-01-13T15:20:41.4464190Z Requirement already satisfied: tornado>=6.2.0 in /Users/runner/micromamba/envs/tardis/lib/python3.12/site-packages (from notebook>=4.4.1->widgetsnbextension~=3.6.5->ipywidgets>=7.0.0->qgridnext) (6.4.1)
2025-01-13T15:20:41.4487090Z Requirement already satisfied: ptyprocess>=0.5 in /Users/runner/micromamba/envs/tardis/lib/python3.12/site-packages (from pexpect>4.3->ipython>=4.0.0->ipywidgets>=7.0.0->qgridnext) (0.7.0)
2025-01-13T15:20:41.4512510Z Requirement already satisfied: wcwidth in /Users/runner/micromamba/envs/tardis/lib/python3.12/site-packages (from prompt-toolkit<3.1.0,>=3.0.41->ipython>=4.0.0->ipywidgets>=7.0.0->qgridnext) (0.2.13)
2025-01-13T15:20:41.4623780Z Requirement already satisfied: executing>=1.2.0 in /Users/runner/micromamba/envs/tardis/lib/python3.12/site-packages (from stack-data->ipython>=4.0.0->ipywidgets>=7.0.0->qgridnext) (2.0.1)
2025-01-13T15:20:41.4628800Z Requirement already satisfied: asttokens>=2.1.0 in /Users/runner/micromamba/envs/tardis/lib/python3.12/site-packages (from stack-data->ipython>=4.0.0->ipywidgets>=7.0.0->qgridnext) (2.4.1)
2025-01-13T15:20:41.4634900Z Requirement already satisfied: pure-eval in /Users/runner/micromamba/envs/tardis/lib/python3.12/site-packages (from stack-data->ipython>=4.0.0->ipywidgets>=7.0.0->qgridnext) (0.2.2)
2025-01-13T15:20:41.4930560Z Requirement already satisfied: anyio>=3.1.0 in /Users/runner/micromamba/envs/tardis/lib/python3.12/site-packages (from jupyter-server<3,>=2.4.0->notebook>=4.4.1->widgetsnbextension~=3.6.5->ipywidgets>=7.0.0->qgridnext) (4.4.0)
2025-01-13T15:20:41.4936270Z Requirement already satisfied: argon2-cffi>=21.1 in /Users/runner/micromamba/envs/tardis/lib/python3.12/site-packages (from jupyter-server<3,>=2.4.0->notebook>=4.4.1->widgetsnbextension~=3.6.5->ipywidgets>=7.0.0->qgridnext) (23.1.0)
2025-01-13T15:20:41.4942420Z Requirement already satisfied: jinja2>=3.0.3 in /Users/runner/micromamba/envs/tardis/lib/python3.12/site-packages (from jupyter-server<3,>=2.4.0->notebook>=4.4.1->widgetsnbextension~=3.6.5->ipywidgets>=7.0.0->qgridnext) (3.1.4)
2025-01-13T15:20:41.4950110Z Requirement already satisfied: jupyter-client>=7.4.4 in /Users/runner/micromamba/envs/tardis/lib/python3.12/site-packages (from jupyter-server<3,>=2.4.0->notebook>=4.4.1->widgetsnbextension~=3.6.5->ipywidgets>=7.0.0->qgridnext) (8.6.2)
2025-01-13T15:20:41.4958830Z Requirement already satisfied: jupyter-core!=5.0.*,>=4.12 in /Users/runner/micromamba/envs/tardis/lib/python3.12/site-packages (from jupyter-server<3,>=2.4.0->notebook>=4.4.1->widgetsnbextension~=3.6.5->ipywidgets>=7.0.0->qgridnext) (5.7.2)
2025-01-13T15:20:41.4967550Z Requirement already satisfied: jupyter-events>=0.9.0 in /Users/runner/micromamba/envs/tardis/lib/python3.12/site-packages (from jupyter-server<3,>=2.4.0->notebook>=4.4.1->widgetsnbextension~=3.6.5->ipywidgets>=7.0.0->qgridnext) (0.10.0)
2025-01-13T15:20:41.4976460Z Requirement already satisfied: jupyter-server-terminals>=0.4.4 in /Users/runner/micromamba/envs/tardis/lib/python3.12/site-packages (from jupyter-server<3,>=2.4.0->notebook>=4.4.1->widgetsnbextension~=3.6.5->ipywidgets>=7.0.0->qgridnext) (0.5.3)
2025-01-13T15:20:41.4989020Z Requirement already satisfied: nbconvert>=6.4.4 in /Users/runner/micromamba/envs/tardis/lib/python3.12/site-packages (from jupyter-server<3,>=2.4.0->notebook>=4.4.1->widgetsnbextension~=3.6.5->ipywidgets>=7.0.0->qgridnext) (7.16.4)
2025-01-13T15:20:41.4995910Z Requirement already satisfied: nbformat>=5.3.0 in /Users/runner/micromamba/envs/tardis/lib/python3.12/site-packages (from jupyter-server<3,>=2.4.0->notebook>=4.4.1->widgetsnbextension~=3.6.5->ipywidgets>=7.0.0->qgridnext) (5.10.4)
2025-01-13T15:20:41.5001250Z Requirement already satisfied: overrides>=5.0 in /Users/runner/micromamba/envs/tardis/lib/python3.12/site-packages (from jupyter-server<3,>=2.4.0->notebook>=4.4.1->widgetsnbextension~=3.6.5->ipywidgets>=7.0.0->qgridnext) (7.7.0)
2025-01-13T15:20:41.5007690Z Requirement already satisfied: packaging>=22.0 in /Users/runner/micromamba/envs/tardis/lib/python3.12/site-packages (from jupyter-server<3,>=2.4.0->notebook>=4.4.1->widgetsnbextension~=3.6.5->ipywidgets>=7.0.0->qgridnext) (24.1)
2025-01-13T15:20:41.5012660Z Requirement already satisfied: prometheus-client>=0.9 in /Users/runner/micromamba/envs/tardis/lib/python3.12/site-packages (from jupyter-server<3,>=2.4.0->notebook>=4.4.1->widgetsnbextension~=3.6.5->ipywidgets>=7.0.0->qgridnext) (0.20.0)
2025-01-13T15:20:41.5020500Z Requirement already satisfied: pyzmq>=24 in /Users/runner/micromamba/envs/tardis/lib/python3.12/site-packages (from jupyter-server<3,>=2.4.0->notebook>=4.4.1->widgetsnbextension~=3.6.5->ipywidgets>=7.0.0->qgridnext) (26.0.3)
2025-01-13T15:20:41.5029370Z Requirement already satisfied: send2trash>=1.8.2 in /Users/runner/micromamba/envs/tardis/lib/python3.12/site-packages (from jupyter-server<3,>=2.4.0->notebook>=4.4.1->widgetsnbextension~=3.6.5->ipywidgets>=7.0.0->qgridnext) (1.8.3)
2025-01-13T15:20:41.5039990Z Requirement already satisfied: terminado>=0.8.3 in /Users/runner/micromamba/envs/tardis/lib/python3.12/site-packages (from jupyter-server<3,>=2.4.0->notebook>=4.4.1->widgetsnbextension~=3.6.5->ipywidgets>=7.0.0->qgridnext) (0.18.1)
2025-01-13T15:20:41.5054010Z Requirement already satisfied: websocket-client>=1.7 in /Users/runner/micromamba/envs/tardis/lib/python3.12/site-packages (from jupyter-server<3,>=2.4.0->notebook>=4.4.1->widgetsnbextension~=3.6.5->ipywidgets>=7.0.0->qgridnext) (1.8.0)
2025-01-13T15:20:41.5265470Z Requirement already satisfied: async-lru>=1.0.0 in /Users/runner/micromamba/envs/tardis/lib/python3.12/site-packages (from jupyterlab<4.3,>=4.2.0->notebook>=4.4.1->widgetsnbextension~=3.6.5->ipywidgets>=7.0.0->qgridnext) (2.0.4)
2025-01-13T15:20:41.5278520Z Requirement already satisfied: httpx>=0.25.0 in /Users/runner/micromamba/envs/tardis/lib/python3.12/site-packages (from jupyterlab<4.3,>=4.2.0->notebook>=4.4.1->widgetsnbextension~=3.6.5->ipywidgets>=7.0.0->qgridnext) (0.27.0)
2025-01-13T15:20:41.5289220Z Requirement already satisfied: ipykernel>=6.5.0 in /Users/runner/micromamba/envs/tardis/lib/python3.12/site-packages (from jupyterlab<4.3,>=4.2.0->notebook>=4.4.1->widgetsnbextension~=3.6.5->ipywidgets>=7.0.0->qgridnext) (6.29.4)
2025-01-13T15:20:41.5301920Z Requirement already satisfied: jupyter-lsp>=2.0.0 in /Users/runner/micromamba/envs/tardis/lib/python3.12/site-packages (from jupyterlab<4.3,>=4.2.0->notebook>=4.4.1->widgetsnbextension~=3.6.5->ipywidgets>=7.0.0->qgridnext) (2.2.5)
2025-01-13T15:20:41.5325570Z Requirement already satisfied: setuptools>=40.1.0 in /Users/runner/micromamba/envs/tardis/lib/python3.12/site-packages (from jupyterlab<4.3,>=4.2.0->notebook>=4.4.1->widgetsnbextension~=3.6.5->ipywidgets>=7.0.0->qgridnext) (70.0.0)
2025-01-13T15:20:41.5466320Z Requirement already satisfied: babel>=2.10 in /Users/runner/micromamba/envs/tardis/lib/python3.12/site-packages (from jupyterlab-server<3,>=2.27.1->notebook>=4.4.1->widgetsnbextension~=3.6.5->ipywidgets>=7.0.0->qgridnext) (2.14.0)
2025-01-13T15:20:41.5493360Z Requirement already satisfied: json5>=0.9.0 in /Users/runner/micromamba/envs/tardis/lib/python3.12/site-packages (from jupyterlab-server<3,>=2.27.1->notebook>=4.4.1->widgetsnbextension~=3.6.5->ipywidgets>=7.0.0->qgridnext) (0.9.25)
2025-01-13T15:20:41.5502900Z Requirement already satisfied: jsonschema>=4.18.0 in /Users/runner/micromamba/envs/tardis/lib/python3.12/site-packages (from jupyterlab-server<3,>=2.27.1->notebook>=4.4.1->widgetsnbextension~=3.6.5->ipywidgets>=7.0.0->qgridnext) (4.22.0)
2025-01-13T15:20:41.5518150Z Requirement already satisfied: requests>=2.31 in /Users/runner/micromamba/envs/tardis/lib/python3.12/site-packages (from jupyterlab-server<3,>=2.27.1->notebook>=4.4.1->widgetsnbextension~=3.6.5->ipywidgets>=7.0.0->qgridnext) (2.32.3)
2025-01-13T15:20:41.5766020Z Requirement already satisfied: idna>=2.8 in /Users/runner/micromamba/envs/tardis/lib/python3.12/site-packages (from anyio>=3.1.0->jupyter-server<3,>=2.4.0->notebook>=4.4.1->widgetsnbextension~=3.6.5->ipywidgets>=7.0.0->qgridnext) (3.7)
2025-01-13T15:20:41.5770130Z Requirement already satisfied: sniffio>=1.1 in /Users/runner/micromamba/envs/tardis/lib/python3.12/site-packages (from anyio>=3.1.0->jupyter-server<3,>=2.4.0->notebook>=4.4.1->widgetsnbextension~=3.6.5->ipywidgets>=7.0.0->qgridnext) (1.3.1)
2025-01-13T15:20:41.5845600Z Requirement already satisfied: argon2-cffi-bindings in /Users/runner/micromamba/envs/tardis/lib/python3.12/site-packages (from argon2-cffi>=21.1->jupyter-server<3,>=2.4.0->notebook>=4.4.1->widgetsnbextension~=3.6.5->ipywidgets>=7.0.0->qgridnext) (21.2.0)
2025-01-13T15:20:41.5983510Z Requirement already satisfied: certifi in /Users/runner/micromamba/envs/tardis/lib/python3.12/site-packages (from httpx>=0.25.0->jupyterlab<4.3,>=4.2.0->notebook>=4.4.1->widgetsnbextension~=3.6.5->ipywidgets>=7.0.0->qgridnext) (2024.6.2)
2025-01-13T15:20:41.5997860Z Requirement already satisfied: httpcore==1.* in /Users/runner/micromamba/envs/tardis/lib/python3.12/site-packages (from httpx>=0.25.0->jupyterlab<4.3,>=4.2.0->notebook>=4.4.1->widgetsnbextension~=3.6.5->ipywidgets>=7.0.0->qgridnext) (1.0.5)
2025-01-13T15:20:41.6055750Z Requirement already satisfied: h11<0.15,>=0.13 in /Users/runner/micromamba/envs/tardis/lib/python3.12/site-packages (from httpcore==1.*->httpx>=0.25.0->jupyterlab<4.3,>=4.2.0->notebook>=4.4.1->widgetsnbextension~=3.6.5->ipywidgets>=7.0.0->qgridnext) (0.14.0)
2025-01-13T15:20:41.6194260Z Requirement already satisfied: appnope in /Users/runner/micromamba/envs/tardis/lib/python3.12/site-packages (from ipykernel>=6.5.0->jupyterlab<4.3,>=4.2.0->notebook>=4.4.1->widgetsnbextension~=3.6.5->ipywidgets>=7.0.0->qgridnext) (0.1.4)
2025-01-13T15:20:41.6201160Z Requirement already satisfied: debugpy>=1.6.5 in /Users/runner/micromamba/envs/tardis/lib/python3.12/site-packages (from ipykernel>=6.5.0->jupyterlab<4.3,>=4.2.0->notebook>=4.4.1->widgetsnbextension~=3.6.5->ipywidgets>=7.0.0->qgridnext) (1.8.1)
2025-01-13T15:20:41.6217170Z Requirement already satisfied: nest-asyncio in /Users/runner/micromamba/envs/tardis/lib/python3.12/site-packages (from ipykernel>=6.5.0->jupyterlab<4.3,>=4.2.0->notebook>=4.4.1->widgetsnbextension~=3.6.5->ipywidgets>=7.0.0->qgridnext) (1.6.0)
2025-01-13T15:20:41.6233570Z Requirement already satisfied: psutil in /Users/runner/micromamba/envs/tardis/lib/python3.12/site-packages (from ipykernel>=6.5.0->jupyterlab<4.3,>=4.2.0->notebook>=4.4.1->widgetsnbextension~=3.6.5->ipywidgets>=7.0.0->qgridnext) (5.9.8)
2025-01-13T15:20:41.6280270Z Requirement already satisfied: MarkupSafe>=2.0 in /Users/runner/micromamba/envs/tardis/lib/python3.12/site-packages (from jinja2>=3.0.3->jupyter-server<3,>=2.4.0->notebook>=4.4.1->widgetsnbextension~=3.6.5->ipywidgets>=7.0.0->qgridnext) (2.1.5)
2025-01-13T15:20:41.6425220Z Requirement already satisfied: attrs>=22.2.0 in /Users/runner/micromamba/envs/tardis/lib/python3.12/site-packages (from jsonschema>=4.18.0->jupyterlab-server<3,>=2.27.1->notebook>=4.4.1->widgetsnbextension~=3.6.5->ipywidgets>=7.0.0->qgridnext) (23.2.0)
2025-01-13T15:20:41.6432610Z Requirement already satisfied: jsonschema-specifications>=2023.03.6 in /Users/runner/micromamba/envs/tardis/lib/python3.12/site-packages (from jsonschema>=4.18.0->jupyterlab-server<3,>=2.27.1->notebook>=4.4.1->widgetsnbextension~=3.6.5->ipywidgets>=7.0.0->qgridnext) (2023.12.1)
2025-01-13T15:20:41.6439700Z Requirement already satisfied: referencing>=0.28.4 in /Users/runner/micromamba/envs/tardis/lib/python3.12/site-packages (from jsonschema>=4.18.0->jupyterlab-server<3,>=2.27.1->notebook>=4.4.1->widgetsnbextension~=3.6.5->ipywidgets>=7.0.0->qgridnext) (0.35.1)
2025-01-13T15:20:41.6446640Z Requirement already satisfied: rpds-py>=0.7.1 in /Users/runner/micromamba/envs/tardis/lib/python3.12/site-packages (from jsonschema>=4.18.0->jupyterlab-server<3,>=2.27.1->notebook>=4.4.1->widgetsnbextension~=3.6.5->ipywidgets>=7.0.0->qgridnext) (0.18.1)
2025-01-13T15:20:41.6642120Z Requirement already satisfied: platformdirs>=2.5 in /Users/runner/micromamba/envs/tardis/lib/python3.12/site-packages (from jupyter-core!=5.0.*,>=4.12->jupyter-server<3,>=2.4.0->notebook>=4.4.1->widgetsnbextension~=3.6.5->ipywidgets>=7.0.0->qgridnext) (4.2.2)
2025-01-13T15:20:41.6752580Z Requirement already satisfied: python-json-logger>=2.0.4 in /Users/runner/micromamba/envs/tardis/lib/python3.12/site-packages (from jupyter-events>=0.9.0->jupyter-server<3,>=2.4.0->notebook>=4.4.1->widgetsnbextension~=3.6.5->ipywidgets>=7.0.0->qgridnext) (2.0.7)
2025-01-13T15:20:41.6761410Z Requirement already satisfied: pyyaml>=5.3 in /Users/runner/micromamba/envs/tardis/lib/python3.12/site-packages (from jupyter-events>=0.9.0->jupyter-server<3,>=2.4.0->notebook>=4.4.1->widgetsnbextension~=3.6.5->ipywidgets>=7.0.0->qgridnext) (6.0.1)
2025-01-13T15:20:41.6763180Z Requirement already satisfied: rfc3339-validator in /Users/runner/micromamba/envs/tardis/lib/python3.12/site-packages (from jupyter-events>=0.9.0->jupyter-server<3,>=2.4.0->notebook>=4.4.1->widgetsnbextension~=3.6.5->ipywidgets>=7.0.0->qgridnext) (0.1.4)
2025-01-13T15:20:41.6769520Z Requirement already satisfied: rfc3986-validator>=0.1.1 in /Users/runner/micromamba/envs/tardis/lib/python3.12/site-packages (from jupyter-events>=0.9.0->jupyter-server<3,>=2.4.0->notebook>=4.4.1->widgetsnbextension~=3.6.5->ipywidgets>=7.0.0->qgridnext) (0.1.1)
2025-01-13T15:20:41.7082670Z Requirement already satisfied: beautifulsoup4 in /Users/runner/micromamba/envs/tardis/lib/python3.12/site-packages (from nbconvert>=6.4.4->jupyter-server<3,>=2.4.0->notebook>=4.4.1->widgetsnbextension~=3.6.5->ipywidgets>=7.0.0->qgridnext) (4.12.3)
2025-01-13T15:20:41.7100910Z Requirement already satisfied: bleach!=5.0.0 in /Users/runner/micromamba/envs/tardis/lib/python3.12/site-packages (from nbconvert>=6.4.4->jupyter-server<3,>=2.4.0->notebook>=4.4.1->widgetsnbextension~=3.6.5->ipywidgets>=7.0.0->qgridnext) (6.1.0)
2025-01-13T15:20:41.7112090Z Requirement already satisfied: defusedxml in /Users/runner/micromamba/envs/tardis/lib/python3.12/site-packages (from nbconvert>=6.4.4->jupyter-server<3,>=2.4.0->notebook>=4.4.1->widgetsnbextension~=3.6.5->ipywidgets>=7.0.0->qgridnext) (0.7.1)
2025-01-13T15:20:41.7122600Z Requirement already satisfied: jupyterlab-pygments in /Users/runner/micromamba/envs/tardis/lib/python3.12/site-packages (from nbconvert>=6.4.4->jupyter-server<3,>=2.4.0->notebook>=4.4.1->widgetsnbextension~=3.6.5->ipywidgets>=7.0.0->qgridnext) (0.3.0)
2025-01-13T15:20:41.7130800Z Requirement already satisfied: mistune<4,>=2.0.3 in /Users/runner/micromamba/envs/tardis/lib/python3.12/site-packages (from nbconvert>=6.4.4->jupyter-server<3,>=2.4.0->notebook>=4.4.1->widgetsnbextension~=3.6.5->ipywidgets>=7.0.0->qgridnext) (3.0.2)
2025-01-13T15:20:41.7138540Z Requirement already satisfied: nbclient>=0.5.0 in /Users/runner/micromamba/envs/tardis/lib/python3.12/site-packages (from nbconvert>=6.4.4->jupyter-server<3,>=2.4.0->notebook>=4.4.1->widgetsnbextension~=3.6.5->ipywidgets>=7.0.0->qgridnext) (0.10.0)
2025-01-13T15:20:41.7149550Z Requirement already satisfied: pandocfilters>=1.4.1 in /Users/runner/micromamba/envs/tardis/lib/python3.12/site-packages (from nbconvert>=6.4.4->jupyter-server<3,>=2.4.0->notebook>=4.4.1->widgetsnbextension~=3.6.5->ipywidgets>=7.0.0->qgridnext) (1.5.0)
2025-01-13T15:20:41.7155310Z Requirement already satisfied: tinycss2 in /Users/runner/micromamba/envs/tardis/lib/python3.12/site-packages (from nbconvert>=6.4.4->jupyter-server<3,>=2.4.0->notebook>=4.4.1->widgetsnbextension~=3.6.5->ipywidgets>=7.0.0->qgridnext) (1.3.0)
2025-01-13T15:20:41.7233870Z Requirement already satisfied: fastjsonschema>=2.15 in /Users/runner/micromamba/envs/tardis/lib/python3.12/site-packages (from nbformat>=5.3.0->jupyter-server<3,>=2.4.0->notebook>=4.4.1->widgetsnbextension~=3.6.5->ipywidgets>=7.0.0->qgridnext) (2.20.0)
2025-01-13T15:20:41.7489860Z Requirement already satisfied: charset-normalizer<4,>=2 in /Users/runner/micromamba/envs/tardis/lib/python3.12/site-packages (from requests>=2.31->jupyterlab-server<3,>=2.27.1->notebook>=4.4.1->widgetsnbextension~=3.6.5->ipywidgets>=7.0.0->qgridnext) (3.3.2)
2025-01-13T15:20:41.7494120Z Requirement already satisfied: urllib3<3,>=1.21.1 in /Users/runner/micromamba/envs/tardis/lib/python3.12/site-packages (from requests>=2.31->jupyterlab-server<3,>=2.27.1->notebook>=4.4.1->widgetsnbextension~=3.6.5->ipywidgets>=7.0.0->qgridnext) (2.2.2)
2025-01-13T15:20:41.8251650Z Requirement already satisfied: webencodings in /Users/runner/micromamba/envs/tardis/lib/python3.12/site-packages (from bleach!=5.0.0->nbconvert>=6.4.4->jupyter-server<3,>=2.4.0->notebook>=4.4.1->widgetsnbextension~=3.6.5->ipywidgets>=7.0.0->qgridnext) (0.5.1)
2025-01-13T15:20:41.8967360Z Requirement already satisfied: fqdn in /Users/runner/micromamba/envs/tardis/lib/python3.12/site-packages (from jsonschema[format-nongpl]>=4.18.0->jupyter-events>=0.9.0->jupyter-server<3,>=2.4.0->notebook>=4.4.1->widgetsnbextension~=3.6.5->ipywidgets>=7.0.0->qgridnext) (1.5.1)
2025-01-13T15:20:41.9070410Z Requirement already satisfied: isoduration in /Users/runner/micromamba/envs/tardis/lib/python3.12/site-packages (from jsonschema[format-nongpl]>=4.18.0->jupyter-events>=0.9.0->jupyter-server<3,>=2.4.0->notebook>=4.4.1->widgetsnbextension~=3.6.5->ipywidgets>=7.0.0->qgridnext) (20.11.0)
2025-01-13T15:20:41.9176350Z Requirement already satisfied: jsonpointer>1.13 in /Users/runner/micromamba/envs/tardis/lib/python3.12/site-packages (from jsonschema[format-nongpl]>=4.18.0->jupyter-events>=0.9.0->jupyter-server<3,>=2.4.0->notebook>=4.4.1->widgetsnbextension~=3.6.5->ipywidgets>=7.0.0->qgridnext) (3.0.0)
2025-01-13T15:20:41.9235520Z Requirement already satisfied: uri-template in /Users/runner/micromamba/envs/tardis/lib/python3.12/site-packages (from jsonschema[format-nongpl]>=4.18.0->jupyter-events>=0.9.0->jupyter-server<3,>=2.4.0->notebook>=4.4.1->widgetsnbextension~=3.6.5->ipywidgets>=7.0.0->qgridnext) (1.3.0)
2025-01-13T15:20:41.9249100Z Requirement already satisfied: webcolors>=1.11 in /Users/runner/micromamba/envs/tardis/lib/python3.12/site-packages (from jsonschema[format-nongpl]>=4.18.0->jupyter-events>=0.9.0->jupyter-server<3,>=2.4.0->notebook>=4.4.1->widgetsnbextension~=3.6.5->ipywidgets>=7.0.0->qgridnext) (24.6.0)
2025-01-13T15:20:42.0154440Z Requirement already satisfied: cffi>=1.0.1 in /Users/runner/micromamba/envs/tardis/lib/python3.12/site-packages (from argon2-cffi-bindings->argon2-cffi>=21.1->jupyter-server<3,>=2.4.0->notebook>=4.4.1->widgetsnbextension~=3.6.5->ipywidgets>=7.0.0->qgridnext) (1.16.0)
2025-01-13T15:20:42.0310310Z Requirement already satisfied: soupsieve>1.2 in /Users/runner/micromamba/envs/tardis/lib/python3.12/site-packages (from beautifulsoup4->nbconvert>=6.4.4->jupyter-server<3,>=2.4.0->notebook>=4.4.1->widgetsnbextension~=3.6.5->ipywidgets>=7.0.0->qgridnext) (2.5)
2025-01-13T15:20:42.0878670Z Requirement already satisfied: pycparser in /Users/runner/micromamba/envs/tardis/lib/python3.12/site-packages (from cffi>=1.0.1->argon2-cffi-bindings->argon2-cffi>=21.1->jupyter-server<3,>=2.4.0->notebook>=4.4.1->widgetsnbextension~=3.6.5->ipywidgets>=7.0.0->qgridnext) (2.22)
2025-01-13T15:20:42.1491160Z Requirement already satisfied: arrow>=0.15.0 in /Users/runner/micromamba/envs/tardis/lib/python3.12/site-packages (from isoduration->jsonschema[format-nongpl]>=4.18.0->jupyter-events>=0.9.0->jupyter-server<3,>=2.4.0->notebook>=4.4.1->widgetsnbextension~=3.6.5->ipywidgets>=7.0.0->qgridnext) (1.3.0)
2025-01-13T15:20:42.1927670Z Requirement already satisfied: types-python-dateutil>=2.8.10 in /Users/runner/micromamba/envs/tardis/lib/python3.12/site-packages (from arrow>=0.15.0->isoduration->jsonschema[format-nongpl]>=4.18.0->jupyter-events>=0.9.0->jupyter-server<3,>=2.4.0->notebook>=4.4.1->widgetsnbextension~=3.6.5->ipywidgets>=7.0.0->qgridnext) (2.9.0.20240316)
2025-01-13T15:20:42.2301540Z Downloading qgridnext-2.0.4-py3-none-any.whl (1.3 MB)
2025-01-13T15:20:42.3167610Z    ━━━━━━━━━━━━━━━━━━━━━━━━━━━━━━━━━━━━━━━━ 1.3/1.3 MB 15.4 MB/s eta 0:00:00
2025-01-13T15:20:43.0290840Z Installing collected packages: qgridnext
2025-01-13T15:20:43.0835120Z Successfully installed qgridnext-2.0.4
2025-01-13T15:20:43.3628500Z ##[group]Run pytest tardis --tardis-regression-data=/Users/runner/work/tardis/tardis/tardis-regression-data --cov=tardis --cov-report=xml --cov-report=html --cov-append -m "not continuum"
2025-01-13T15:20:43.3629500Z [36;1mpytest tardis --tardis-regression-data=/Users/runner/work/tardis/tardis/tardis-regression-data --cov=tardis --cov-report=xml --cov-report=html --cov-append -m "not continuum"[0m
2025-01-13T15:20:43.3696000Z shell: /bin/bash -l {0}
2025-01-13T15:20:43.3696220Z env:
2025-01-13T15:20:43.3696360Z   CACHE_NUMBER: 0
2025-01-13T15:20:43.3699280Z   PYTEST_FLAGS: --tardis-regression-data=/Users/runner/work/tardis/tardis/tardis-regression-data --cov=tardis --cov-report=xml --cov-report=html --cov-append
2025-01-13T15:20:43.3701080Z   CODECOV_TOKEN: ***
2025-01-13T15:20:43.3701320Z   MAMBA_ROOT_PREFIX: /Users/runner/micromamba
2025-01-13T15:20:43.3701630Z   MAMBA_EXE: /Users/runner/micromamba-bin/micromamba
2025-01-13T15:20:43.3701980Z   CONDARC: /Users/runner/work/_temp/setup-micromamba/.condarc
2025-01-13T15:20:43.3702290Z ##[endgroup]
2025-01-13T15:21:00.7814220Z ============================= test session starts ==============================
2025-01-13T15:21:00.7816350Z platform darwin -- Python 3.12.4, pytest-8.2.2, pluggy-1.5.0
2025-01-13T15:21:00.7817460Z rootdir: /Users/runner/work/tardis/tardis
2025-01-13T15:21:00.7818160Z configfile: pyproject.toml
2025-01-13T15:21:00.7819150Z plugins: cov-5.0.0, html-4.1.1, metadata-3.1.1, doctestplus-1.2.1, anyio-4.4.0
2025-01-13T15:21:00.7835210Z collected 1796 items / 2 deselected / 1794 selected
2025-01-13T15:21:00.7836090Z 
2025-01-13T15:21:04.5718040Z tardis/energy_input/tests/test_energy_source.py ..xxx                    [  0%]
2025-01-13T15:21:07.3272050Z tardis/energy_input/tests/test_gamma_ray_channel.py ...........          [  0%]
2025-01-13T15:21:08.5847600Z tardis/energy_input/tests/test_gamma_ray_grid.py xx.                     [  1%]
2025-01-13T15:21:09.8081330Z tardis/energy_input/tests/test_gamma_ray_interactions.py xx....          [  1%]
2025-01-13T15:21:09.8136820Z tardis/energy_input/tests/test_gamma_ray_packet_source.py sssssssss      [  1%]
2025-01-13T15:21:11.0559020Z tardis/energy_input/tests/test_util.py .....xxxx.....                    [  2%]
2025-01-13T15:21:11.3898780Z tardis/grid/tests/test_grid.py .                                         [  2%]
2025-01-13T15:21:11.3923160Z tardis/gui/tests/test_gui.py s                                           [  2%]
2025-01-13T15:21:15.5882830Z tardis/io/configuration/tests/test_config_reader.py ...........          [  3%]
2025-01-13T15:21:15.6143950Z tardis/io/configuration/tests/test_configuration_namespace.py .........  [  3%]
2025-01-13T15:21:15.6625520Z tardis/io/logger/tests/test_logging.py ssssssssssssssssssssssssssss      [  5%]
2025-01-13T15:22:03.5126040Z tardis/io/model/readers/tests/test_arepo_parser.py ..                    [  5%]
2025-01-13T15:22:03.5588320Z tardis/io/model/readers/tests/test_ascii_readers.py ...                  [  5%]
2025-01-13T15:22:03.5758320Z tardis/io/model/readers/tests/test_cmfgen_reader.py ..                   [  5%]
2025-01-13T15:22:03.6479760Z tardis/io/model/readers/tests/test_csvy_reader.py ....                   [  6%]
2025-01-13T15:22:03.6823700Z tardis/io/model/readers/tests/test_stella_reader.py ..                   [  6%]
2025-01-13T15:22:04.2195740Z tardis/io/tests/test_HDFWriter.py ...............                        [  7%]
2025-01-13T15:22:05.2247980Z tardis/io/tests/test_atomic.py .....                                     [  7%]
2025-01-13T15:22:05.2862770Z tardis/io/tests/test_decay.py ..                                         [  7%]
2025-01-13T15:22:05.5122760Z tardis/io/tests/test_model_reader.py ......                              [  7%]
2025-01-13T15:22:05.5224440Z tardis/model/geometry/tests/test_radial1d.py ..                          [  7%]
2025-01-13T15:22:53.1800690Z tardis/model/tests/test_base.py ........................................ [ 10%]
2025-01-13T15:22:54.4484030Z ............                                                             [ 10%]
2025-01-13T15:22:58.1217920Z tardis/model/tests/test_csvy_model.py .........                          [ 11%]
2025-01-13T15:22:58.1984810Z tardis/model/tests/test_density.py ..                                    [ 11%]
2025-01-13T15:23:00.7434600Z tardis/opacities/tests/test_opacity_solver.py .....                      [ 11%]
2025-01-13T15:23:02.4987920Z tardis/opacities/tests/test_opacity_state_numba.py .....                 [ 11%]
2025-01-13T15:23:04.7130450Z tardis/opacities/tests/test_tau_sobolev.py FF                            [ 12%]
2025-01-13T15:23:09.7570660Z tardis/plasma/equilibrium/tests/test_collisional_transitions.py ...      [ 12%]
2025-01-13T15:24:13.3157270Z tardis/plasma/equilibrium/tests/test_level_populations.py ....           [ 12%]
2025-01-13T15:24:28.8714670Z tardis/plasma/equilibrium/tests/test_rate_matrix.py .                    [ 12%]
2025-01-13T15:24:30.7172550Z tardis/plasma/tests/test_complete_plasmas.py .....................s..... [ 13%]
2025-01-13T15:24:34.0644750Z s....ssssss............s............ss.....s....ssssss............s..... [ 18%]
2025-01-13T15:24:35.8553690Z .......ss.....s....ssssss............s............ss.....s....ssssss.... [ 22%]
2025-01-13T15:24:39.3857260Z ........s............ss.....s........ss............s............ss.....s [ 26%]
2025-01-13T15:24:42.7095030Z ........ss............s............ss.....s....ssssss............s...... [ 30%]
2025-01-13T15:24:43.6751780Z ......ss.....s....ssssss............s............ss.....s.ss.ssssss..... [ 34%]
2025-01-13T15:24:47.1779980Z .......s............ss.....s....ssssss............s............ss.....s. [ 38%]
2025-01-13T15:24:50.4189540Z ...ssssss............s............ss.....s....ssssss............s....... [ 42%]
2025-01-13T15:24:53.5547960Z .....ss.....s....ssssss............s............s...........ssssss...... [ 46%]
2025-01-13T15:24:55.4962500Z ......s............s...........ssssss............s............s......... [ 50%]
2025-01-13T15:24:58.9296690Z ..ssssss............s............ss.....s....ssssss............s........ [ 54%]
2025-01-13T15:25:02.6139200Z ....ss.....s....ssssss..........................s.....s....ssss......... [ 58%]
2025-01-13T15:25:03.0687190Z ...................s.....s....ssss.......                                [ 60%]
2025-01-13T15:25:03.4667640Z tardis/plasma/tests/test_hdf_plasma.py ................................. [ 62%]
2025-01-13T15:25:03.4986720Z ......                                                                   [ 62%]
2025-01-13T15:25:03.9197740Z tardis/plasma/tests/test_nlte_excitation.py ...                          [ 62%]
2025-01-13T15:28:04.1890810Z tardis/plasma/tests/test_nlte_solver.py .....X                           [ 63%]
2025-01-13T15:28:04.2004390Z tardis/plasma/tests/test_plasma_continuum.py .                           [ 63%]
2025-01-13T15:28:42.4013880Z tardis/plasma/tests/test_plasma_vboundary.py .............               [ 63%]
2025-01-13T15:28:56.5660570Z tardis/plasma/tests/test_tardis_model_density_config.py ...              [ 64%]
2025-01-13T15:28:57.1500850Z tardis/simulation/tests/test_convergence.py .....                        [ 64%]
2025-01-13T15:29:05.7638600Z tardis/simulation/tests/test_simulation.py .............                 [ 65%]
2025-01-13T15:29:05.7844590Z tardis/spectrum/tests/test_cuda_formal_integral.py sssssssssssssssssssss [ 66%]
2025-01-13T15:29:06.0792580Z ssss...ssssssssssssssssssssss                                            [ 67%]
2025-01-13T15:29:06.0850680Z tardis/spectrum/tests/test_luminosity.py ....                            [ 68%]
2025-01-13T15:29:07.1213750Z tardis/spectrum/tests/test_numba_formal_integral.py .................... [ 69%]
2025-01-13T15:29:07.1333890Z ..........                                                               [ 69%]
2025-01-13T15:29:07.2709600Z tardis/spectrum/tests/test_spectrum.py ................................. [ 71%]
2025-01-13T15:29:07.2996600Z .........                                                                [ 72%]
2025-01-13T15:29:31.1174130Z tardis/spectrum/tests/test_spectrum_solver.py ....                       [ 72%]
2025-01-13T15:30:49.4127670Z tardis/tests/test_tardis_full.py ....                                    [ 72%]
2025-01-13T15:32:36.1173850Z tardis/tests/test_tardis_full_formal_integral.py ................        [ 73%]
2025-01-13T15:32:36.2006310Z tardis/tests/test_util.py .............................................  [ 75%]
2025-01-13T15:32:39.5351700Z tardis/transport/montecarlo/tests/test_base.py x.....................    [ 77%]
2025-01-13T15:32:46.7690710Z tardis/transport/montecarlo/tests/test_interaction.py .......            [ 77%]
2025-01-13T15:32:46.9623360Z tardis/transport/montecarlo/tests/test_macro_atom.py ....                [ 77%]
2025-01-13T15:32:46.9753330Z tardis/transport/montecarlo/tests/test_montecarlo.py sssssssssssssssssss [ 78%]
2025-01-13T15:32:47.0038430Z sssssssssssssssssssssssssssssssssssssssssssss                            [ 81%]
2025-01-13T15:32:56.1175590Z tardis/transport/montecarlo/tests/test_montecarlo_main_loop.py x..       [ 81%]
2025-01-13T15:32:56.1307310Z tardis/transport/montecarlo/tests/test_nonhomologous.py ...              [ 81%]
2025-01-13T15:32:59.3730860Z tardis/transport/montecarlo/tests/test_numba_interface.py .....x.        [ 82%]
2025-01-13T15:32:59.8267750Z tardis/transport/montecarlo/tests/test_opacities.py ...............      [ 82%]
2025-01-13T15:33:01.0942380Z tardis/transport/montecarlo/tests/test_packet.py .................xXXXXX [ 84%]
2025-01-13T15:33:01.2337260Z XX.........                                                              [ 84%]
2025-01-13T15:33:01.2782760Z tardis/transport/montecarlo/tests/test_packet_source.py ........         [ 85%]
2025-01-13T15:33:01.5313960Z tardis/transport/montecarlo/tests/test_rpacket_last_interaction_tracker.py . [ 85%]
2025-01-13T15:33:01.8657650Z .....                                                                    [ 85%]
2025-01-13T15:33:13.3855980Z tardis/transport/montecarlo/tests/test_rpacket_tracker.py ......         [ 85%]
2025-01-13T15:33:13.4114080Z tardis/transport/montecarlo/tests/test_single_packet_loop.py xxx         [ 86%]
2025-01-13T15:33:13.4158770Z tardis/transport/montecarlo/tests/test_tracker_utils.py ..               [ 86%]
2025-01-13T15:33:14.8656310Z tardis/transport/montecarlo/tests/test_vpacket.py ..x.                   [ 86%]
2025-01-13T15:33:14.8840100Z tardis/transport/montecarlo/tests/test_weighted_packet_source.py ....    [ 86%]
2025-01-13T15:33:17.9641290Z tardis/transport/montecarlo/tests/test_weighted_packet_source_integration.py . [ 86%]
2025-01-13T15:33:17.9645410Z                                                                          [ 86%]
2025-01-13T15:33:18.5452330Z tardis/transport/tests/test_doppler_factor.py ..................         [ 87%]
2025-01-13T15:33:20.5875810Z tardis/visualization/tools/tests/test_convergence_plot.py .............. [ 88%]
2025-01-13T15:33:22.4288070Z ......                                                                   [ 88%]
2025-01-13T15:33:26.1124280Z tardis/visualization/tools/tests/test_liv_plot.py ...................... [ 90%]
2025-01-13T15:33:31.4062480Z .............................                                            [ 91%]
2025-01-13T15:33:34.5135100Z tardis/visualization/tools/tests/test_rpacket_plot.py .................. [ 92%]
2025-01-13T15:33:42.6822080Z ....                                                                     [ 92%]
2025-01-13T15:33:48.2900980Z tardis/visualization/tools/tests/test_sdec_plot.py ..................... [ 94%]
2025-01-13T15:33:56.1169600Z ..............................                                           [ 95%]
2025-01-13T15:33:57.3714160Z tardis/visualization/widgets/tests/test_custom_abundance.py ........ss.. [ 96%]
2025-01-13T15:33:57.4236200Z ....                                                                     [ 96%]
2025-01-13T15:33:58.6493000Z tardis/visualization/widgets/tests/test_line_info.py ................... [ 97%]
2025-01-13T15:33:59.3240860Z ..................                                                       [ 98%]
2025-01-13T15:37:09.9457930Z tardis/visualization/widgets/tests/test_shell_info.py .................. [ 99%]
2025-01-13T15:37:17.0608550Z ......                                                                   [100%]
2025-01-13T15:37:17.0608840Z 
2025-01-13T15:37:17.0608930Z =================================== FAILURES ===================================
2025-01-13T15:37:17.0609310Z _____________________ test_calculate_sobolev_line_opacity ______________________
2025-01-13T15:37:17.0609700Z 
2025-01-13T15:37:17.0609930Z nb_simulation_verysimple = <tardis.simulation.base.Simulation object at 0x30dc00500>
2025-01-13T15:37:17.0610510Z regression_data = <tardis.tests.fixtures.regression_data.RegressionData object at 0x124a16930>
2025-01-13T15:37:17.0610880Z 
2025-01-13T15:37:17.0611010Z     def test_calculate_sobolev_line_opacity(
2025-01-13T15:37:17.0611290Z         nb_simulation_verysimple, regression_data
2025-01-13T15:37:17.0611580Z     ):
2025-01-13T15:37:17.0611800Z         legacy_plasma = nb_simulation_verysimple.plasma
2025-01-13T15:37:17.0612130Z     
2025-01-13T15:37:17.0612360Z         actual = calculate_sobolev_line_opacity(
2025-01-13T15:37:17.0612650Z             legacy_plasma.lines,
2025-01-13T15:37:17.0612930Z             legacy_plasma.level_number_density,
2025-01-13T15:37:17.0613220Z             legacy_plasma.time_explosion,
2025-01-13T15:37:17.0613530Z             legacy_plasma.stimulated_emission_factor,
2025-01-13T15:37:17.0619650Z         )
2025-01-13T15:37:17.0619890Z >       expected = regression_data.sync_dataframe(actual)
2025-01-13T15:37:17.0620070Z 
2025-01-13T15:37:17.0620250Z tardis/opacities/tests/test_tau_sobolev.py:21: 
2025-01-13T15:37:17.0620620Z _ _ _ _ _ _ _ _ _ _ _ _ _ _ _ _ _ _ _ _ _ _ _ _ _ _ _ _ _ _ _ _ _ _ _ _ _ _ _ _ 
2025-01-13T15:37:17.0620950Z tardis/tests/fixtures/regression_data.py:88: in sync_dataframe
2025-01-13T15:37:17.0621580Z     return pd.read_hdf(self.fpath, key=key)
2025-01-13T15:37:17.0621880Z _ _ _ _ _ _ _ _ _ _ _ _ _ _ _ _ _ _ _ _ _ _ _ _ _ _ _ _ _ _ _ _ _ _ _ _ _ _ _ _ 
2025-01-13T15:37:17.0622080Z 
2025-01-13T15:37:17.0622430Z path_or_buf = '/Users/runner/work/tardis/tardis/tardis-regression-data/test_tau_sobolev/test_calculate_sobolev_line_opacity.h5'
2025-01-13T15:37:17.0623000Z key = 'data', mode = 'r', errors = 'strict', where = None, start = None
2025-01-13T15:37:17.0623370Z stop = None, columns = None, iterator = False, chunksize = None, kwargs = {}
2025-01-13T15:37:17.0623720Z exists = False
2025-01-13T15:37:17.0623840Z 
2025-01-13T15:37:17.0624040Z     def read_hdf(
2025-01-13T15:37:17.0624250Z         path_or_buf: FilePath | HDFStore,
2025-01-13T15:37:17.0624600Z         key=None,
2025-01-13T15:37:17.0624780Z         mode: str = "r",
2025-01-13T15:37:17.0625040Z         errors: str = "strict",
2025-01-13T15:37:17.0625300Z         where: str | list | None = None,
2025-01-13T15:37:17.0625540Z         start: int | None = None,
2025-01-13T15:37:17.0625800Z         stop: int | None = None,
2025-01-13T15:37:17.0626020Z         columns: list[str] | None = None,
2025-01-13T15:37:17.0626330Z         iterator: bool = False,
2025-01-13T15:37:17.0626540Z         chunksize: int | None = None,
2025-01-13T15:37:17.0626840Z         **kwargs,
2025-01-13T15:37:17.0627010Z     ):
2025-01-13T15:37:17.0627300Z         """
2025-01-13T15:37:17.0627530Z         Read from the store, close it if we opened it.
2025-01-13T15:37:17.0627880Z     
2025-01-13T15:37:17.0628160Z         Retrieve pandas object stored in file, optionally based on where
2025-01-13T15:37:17.0628490Z         criteria.
2025-01-13T15:37:17.0628670Z     
2025-01-13T15:37:17.0635840Z         .. warning::
2025-01-13T15:37:17.0636050Z     
2025-01-13T15:37:17.0636330Z            Pandas uses PyTables for reading and writing HDF5 files, which allows
2025-01-13T15:37:17.0636750Z            serializing object-dtype data with pickle when using the "fixed" format.
2025-01-13T15:37:17.0637200Z            Loading pickled data received from untrusted sources can be unsafe.
2025-01-13T15:37:17.0646970Z     
2025-01-13T15:37:17.0647410Z            See: https://docs.python.org/3/library/pickle.html for more.
2025-01-13T15:37:17.0647810Z     
2025-01-13T15:37:17.0648000Z         Parameters
2025-01-13T15:37:17.0648270Z         ----------
2025-01-13T15:37:17.0648550Z         path_or_buf : str, path object, pandas.HDFStore
2025-01-13T15:37:17.0649030Z             Any valid string path is acceptable. Only supports the local file system,
2025-01-13T15:37:17.0649520Z             remote URLs and file-like objects are not supported.
2025-01-13T15:37:17.0649890Z     
2025-01-13T15:37:17.0650180Z             If you want to pass in a path object, pandas accepts any
2025-01-13T15:37:17.0650580Z             ``os.PathLike``.
2025-01-13T15:37:17.0650860Z     
2025-01-13T15:37:17.0651180Z             Alternatively, pandas accepts an open :class:`pandas.HDFStore` object.
2025-01-13T15:37:17.0651950Z     
2025-01-13T15:37:17.0652170Z         key : object, optional
2025-01-13T15:37:17.0652910Z             The group identifier in the store. Can be omitted if the HDF file
2025-01-13T15:37:17.0653250Z             contains a single pandas object.
2025-01-13T15:37:17.0653560Z         mode : {'r', 'r+', 'a'}, default 'r'
2025-01-13T15:37:17.0653850Z             Mode to use when opening the file. Ignored if path_or_buf is a
2025-01-13T15:37:17.0654250Z             :class:`pandas.HDFStore`. Default is 'r'.
2025-01-13T15:37:17.0654510Z         errors : str, default 'strict'
2025-01-13T15:37:17.0655140Z             Specifies how encoding and decoding errors are to be handled.
2025-01-13T15:37:17.0655570Z             See the errors argument for :func:`open` for a full list
2025-01-13T15:37:17.0655870Z             of options.
2025-01-13T15:37:17.0656150Z         where : list, optional
2025-01-13T15:37:17.0656420Z             A list of Term (or convertible) objects.
2025-01-13T15:37:17.0656750Z         start : int, optional
2025-01-13T15:37:17.0656970Z             Row number to start selection.
2025-01-13T15:37:17.0657290Z         stop  : int, optional
2025-01-13T15:37:17.0657540Z             Row number to stop selection.
2025-01-13T15:37:17.0657840Z         columns : list, optional
2025-01-13T15:37:17.0658190Z             A list of columns names to return.
2025-01-13T15:37:17.0658480Z         iterator : bool, optional
2025-01-13T15:37:17.0658820Z             Return an iterator object.
2025-01-13T15:37:17.0659140Z         chunksize : int, optional
2025-01-13T15:37:17.0659570Z             Number of rows to include in an iteration when using an iterator.
2025-01-13T15:37:17.0659900Z         **kwargs
2025-01-13T15:37:17.0660250Z             Additional keyword arguments passed to HDFStore.
2025-01-13T15:37:17.0660570Z     
2025-01-13T15:37:17.0660820Z         Returns
2025-01-13T15:37:17.0661070Z         -------
2025-01-13T15:37:17.0661350Z         object
2025-01-13T15:37:17.0661660Z             The selected object. Return type depends on the object stored.
2025-01-13T15:37:17.0661990Z     
2025-01-13T15:37:17.0662250Z         See Also
2025-01-13T15:37:17.0662480Z         --------
2025-01-13T15:37:17.0662780Z         DataFrame.to_hdf : Write a HDF file from a DataFrame.
2025-01-13T15:37:17.0663140Z         HDFStore : Low-level access to HDF files.
2025-01-13T15:37:17.0663480Z     
2025-01-13T15:37:17.0663670Z         Examples
2025-01-13T15:37:17.0663910Z         --------
2025-01-13T15:37:17.0664180Z         >>> df = pd.DataFrame([[1, 1.0, 'a']], columns=['x', 'y', 'z'])  # doctest: +SKIP
2025-01-13T15:37:17.0664600Z         >>> df.to_hdf('./store.h5', 'data')  # doctest: +SKIP
2025-01-13T15:37:17.0664970Z         >>> reread = pd.read_hdf('./store.h5')  # doctest: +SKIP
2025-01-13T15:37:17.0665260Z         """
2025-01-13T15:37:17.0665530Z         if mode not in ["r", "r+", "a"]:
2025-01-13T15:37:17.0665790Z             raise ValueError(
2025-01-13T15:37:17.0666140Z                 f"mode {mode} is not allowed while performing a read. "
2025-01-13T15:37:17.0666490Z                 f"Allowed modes are r, r+ and a."
2025-01-13T15:37:17.0667140Z             )
2025-01-13T15:37:17.0667360Z         # grab the scope
2025-01-13T15:37:17.0667670Z         if where is not None:
2025-01-13T15:37:17.0667920Z             where = _ensure_term(where, scope_level=1)
2025-01-13T15:37:17.0668240Z     
2025-01-13T15:37:17.0668490Z         if isinstance(path_or_buf, HDFStore):
2025-01-13T15:37:17.0668770Z             if not path_or_buf.is_open:
2025-01-13T15:37:17.0669240Z                 raise OSError("The HDFStore must be open for reading.")
2025-01-13T15:37:17.0669500Z     
2025-01-13T15:37:17.0669690Z             store = path_or_buf
2025-01-13T15:37:17.0669890Z             auto_close = False
2025-01-13T15:37:17.0670050Z         else:
2025-01-13T15:37:17.0670240Z             path_or_buf = stringify_path(path_or_buf)
2025-01-13T15:37:17.0670480Z             if not isinstance(path_or_buf, str):
2025-01-13T15:37:17.0690650Z                 raise NotImplementedError(
2025-01-13T15:37:17.0691140Z                     "Support for generic buffers has not been implemented."
2025-01-13T15:37:17.0691440Z                 )
2025-01-13T15:37:17.0691830Z             try:
2025-01-13T15:37:17.0692090Z                 exists = os.path.exists(path_or_buf)
2025-01-13T15:37:17.0692370Z     
2025-01-13T15:37:17.0692590Z             # if filepath is too long
2025-01-13T15:37:17.0692840Z             except (TypeError, ValueError):
2025-01-13T15:37:17.0693170Z                 exists = False
2025-01-13T15:37:17.0693350Z     
2025-01-13T15:37:17.0693980Z             if not exists:
2025-01-13T15:37:17.0694270Z >               raise FileNotFoundError(f"File {path_or_buf} does not exist")
2025-01-13T15:37:17.0695030Z E               FileNotFoundError: File /Users/runner/work/tardis/tardis/tardis-regression-data/test_tau_sobolev/test_calculate_sobolev_line_opacity.h5 does not exist
2025-01-13T15:37:17.0695580Z 
2025-01-13T15:37:17.0695850Z ../../../micromamba/envs/tardis/lib/python3.12/site-packages/pandas/io/pytables.py:424: FileNotFoundError
2025-01-13T15:37:17.0696380Z ---------------------------- Captured stdout setup -----------------------------
2025-01-13T15:37:17.0745710Z [[1mtardis.io.model.parse_density_configuration[0m][[1;33mWARNING[0m]  
2025-01-13T15:37:17.0746380Z 	Number of density points larger than number of shells. Assuming inner point irrelevant ([1mparse_density_configuration.py[0m:114)
2025-01-13T15:37:17.0747000Z ---------------------------- Captured stderr setup -----------------------------
2025-01-13T15:37:17.0747250Z 
2025-01-13T15:37:17.0754280Z Iterations:████████████████████████████████████████████████████████████████                4/5 [00:15<00:03,  3.55s/it]
2025-01-13T15:37:17.0754740Z 
2025-01-13T15:37:17.0755040Z Packets:                                                                                   4030/? [00:15<00:00, 20663.17it/s][A
2025-01-13T15:37:17.0755380Z ------------------------------ Captured log setup ------------------------------
2025-01-13T15:37:17.0755990Z WARNING  tardis.io.model.parse_density_configuration:parse_density_configuration.py:114 Number of density points larger than number of shells. Assuming inner point irrelevant
2025-01-13T15:37:17.0756560Z _________________________ test_calculate_beta_sobolevs _________________________
2025-01-13T15:37:17.0756760Z 
2025-01-13T15:37:17.0756950Z nb_simulation_verysimple = <tardis.simulation.base.Simulation object at 0x30dc00500>
2025-01-13T15:37:17.0757410Z regression_data = <tardis.tests.fixtures.regression_data.RegressionData object at 0x30dcb0920>
2025-01-13T15:37:17.0757710Z 
2025-01-13T15:37:17.0757870Z     def test_calculate_beta_sobolevs(nb_simulation_verysimple, regression_data):
2025-01-13T15:37:17.0758270Z         legacy_plasma = nb_simulation_verysimple.plasma
2025-01-13T15:37:17.0758480Z     
2025-01-13T15:37:17.0758640Z         tau_sobolevs = calculate_sobolev_line_opacity(
2025-01-13T15:37:17.0758920Z             legacy_plasma.lines,
2025-01-13T15:37:17.0759120Z             legacy_plasma.level_number_density,
2025-01-13T15:37:17.0759340Z             legacy_plasma.time_explosion,
2025-01-13T15:37:17.0760050Z             legacy_plasma.stimulated_emission_factor,
2025-01-13T15:37:17.0760270Z         )
2025-01-13T15:37:17.0760440Z         actual = calculate_beta_sobolev(tau_sobolevs)
2025-01-13T15:37:17.0760830Z >       expected = regression_data.sync_ndarray(actual)
2025-01-13T15:37:17.0761060Z 
2025-01-13T15:37:17.0761210Z tardis/opacities/tests/test_tau_sobolev.py:35: 
2025-01-13T15:37:17.0761510Z _ _ _ _ _ _ _ _ _ _ _ _ _ _ _ _ _ _ _ _ _ _ _ _ _ _ _ _ _ _ _ _ _ _ _ _ _ _ _ _ 
2025-01-13T15:37:17.0761950Z tardis/tests/fixtures/regression_data.py:111: in sync_ndarray
2025-01-13T15:37:17.0762260Z     return np.load(self.fpath)
2025-01-13T15:37:17.0762570Z _ _ _ _ _ _ _ _ _ _ _ _ _ _ _ _ _ _ _ _ _ _ _ _ _ _ _ _ _ _ _ _ _ _ _ _ _ _ _ _ 
2025-01-13T15:37:17.0762780Z 
2025-01-13T15:37:17.0763080Z file = PosixPath('/Users/runner/work/tardis/tardis/tardis-regression-data/test_tau_sobolev/test_calculate_beta_sobolevs.npy')
2025-01-13T15:37:17.0763720Z mmap_mode = None, allow_pickle = False, fix_imports = True, encoding = 'ASCII'
2025-01-13T15:37:17.0764000Z 
2025-01-13T15:37:17.0764070Z     @set_module('numpy')
2025-01-13T15:37:17.0764350Z     def load(file, mmap_mode=None, allow_pickle=False, fix_imports=True,
2025-01-13T15:37:17.0764750Z              encoding='ASCII', *, max_header_size=format._MAX_HEADER_SIZE):
2025-01-13T15:37:17.0765040Z         """
2025-01-13T15:37:17.0765310Z         Load arrays or pickled objects from ``.npy``, ``.npz`` or pickled files.
2025-01-13T15:37:17.0765890Z     
2025-01-13T15:37:17.0766200Z         .. warning:: Loading files that contain object arrays uses the ``pickle``
2025-01-13T15:37:17.0766590Z                      module, which is not secure against erroneous or maliciously
2025-01-13T15:37:17.0766900Z                      constructed data. Consider passing ``allow_pickle=False`` to
2025-01-13T15:37:17.0767210Z                      load data that is known not to contain object arrays for the
2025-01-13T15:37:17.0767480Z                      safer handling of untrusted sources.
2025-01-13T15:37:17.0767680Z     
2025-01-13T15:37:17.0767790Z         Parameters
2025-01-13T15:37:17.0767930Z         ----------
2025-01-13T15:37:17.0768120Z         file : file-like object, string, or pathlib.Path
2025-01-13T15:37:17.0768440Z             The file to read. File-like objects must support the
2025-01-13T15:37:17.0768760Z             ``seek()`` and ``read()`` methods and must always
2025-01-13T15:37:17.0769030Z             be opened in binary mode.  Pickled files require that the
2025-01-13T15:37:17.0769330Z             file-like object support the ``readline()`` method as well.
2025-01-13T15:37:17.0769610Z         mmap_mode : {None, 'r+', 'r', 'w+', 'c'}, optional
2025-01-13T15:37:17.0769890Z             If not None, then memory-map the file, using the given mode (see
2025-01-13T15:37:17.0770190Z             `numpy.memmap` for a detailed description of the modes).  A
2025-01-13T15:37:17.0770500Z             memory-mapped array is kept on disk. However, it can be accessed
2025-01-13T15:37:17.0770830Z             and sliced like any ndarray.  Memory mapping is especially useful
2025-01-13T15:37:17.0771150Z             for accessing small fragments of large files without reading the
2025-01-13T15:37:17.0771410Z             entire file into memory.
2025-01-13T15:37:17.0771670Z         allow_pickle : bool, optional
2025-01-13T15:37:17.0772040Z             Allow loading pickled object arrays stored in npy files. Reasons for
2025-01-13T15:37:17.0772520Z             disallowing pickles include security, as loading pickled data can
2025-01-13T15:37:17.0772920Z             execute arbitrary code. If pickles are disallowed, loading object
2025-01-13T15:37:17.0773190Z             arrays will fail. Default: False
2025-01-13T15:37:17.0773430Z     
2025-01-13T15:37:17.0773560Z             .. versionchanged:: 1.16.3
2025-01-13T15:37:17.0773780Z                 Made default False in response to CVE-2019-6446.
2025-01-13T15:37:17.0773990Z     
2025-01-13T15:37:17.0774380Z         fix_imports : bool, optional
2025-01-13T15:37:17.0774660Z             Only useful when loading Python 2 generated pickled files on Python 3,
2025-01-13T15:37:17.0775010Z             which includes npy/npz files containing object arrays. If `fix_imports`
2025-01-13T15:37:17.0775360Z             is True, pickle will try to map the old Python 2 names to the new names
2025-01-13T15:37:17.0775620Z             used in Python 3.
2025-01-13T15:37:17.0775800Z         encoding : str, optional
2025-01-13T15:37:17.0776060Z             What encoding to use when reading Python 2 strings. Only useful when
2025-01-13T15:37:17.0776390Z             loading Python 2 generated pickled files in Python 3, which includes
2025-01-13T15:37:17.0776730Z             npy/npz files containing object arrays. Values other than 'latin1',
2025-01-13T15:37:17.0777060Z             'ASCII', and 'bytes' are not allowed, as they can corrupt numerical
2025-01-13T15:37:17.0777310Z             data. Default: 'ASCII'
2025-01-13T15:37:17.0777500Z         max_header_size : int, optional
2025-01-13T15:37:17.0777840Z             Maximum allowed size of the header.  Large headers may not be safe
2025-01-13T15:37:17.0778170Z             to load securely and thus require explicitly passing a larger value.
2025-01-13T15:37:17.0778450Z             See :py:func:`ast.literal_eval()` for details.
2025-01-13T15:37:17.0778740Z             This option is ignored when `allow_pickle` is passed.  In that case
2025-01-13T15:37:17.0779210Z             the file is by definition trusted and the limit is unnecessary.
2025-01-13T15:37:17.0779430Z     
2025-01-13T15:37:17.0779550Z         Returns
2025-01-13T15:37:17.0779670Z         -------
2025-01-13T15:37:17.0779820Z         result : array, tuple, dict, etc.
2025-01-13T15:37:17.0780080Z             Data stored in the file. For ``.npz`` files, the returned instance
2025-01-13T15:37:17.0780410Z             of NpzFile class must be closed to avoid leaking file descriptors.
2025-01-13T15:37:17.0780650Z     
2025-01-13T15:37:17.0780760Z         Raises
2025-01-13T15:37:17.0780880Z         ------
2025-01-13T15:37:17.0781010Z         OSError
2025-01-13T15:37:17.0781180Z             If the input file does not exist or cannot be read.
2025-01-13T15:37:17.0781390Z         UnpicklingError
2025-01-13T15:37:17.0781630Z             If ``allow_pickle=True``, but the file cannot be loaded as a pickle.
2025-01-13T15:37:17.0781860Z         ValueError
2025-01-13T15:37:17.0782080Z             The file contains an object array, but ``allow_pickle=False`` given.
2025-01-13T15:37:17.0782330Z         EOFError
2025-01-13T15:37:17.0782540Z             When calling ``np.load`` multiple times on the same file handle,
2025-01-13T15:37:17.0782800Z             if all data has already been read
2025-01-13T15:37:17.0782980Z     
2025-01-13T15:37:17.0783110Z         See Also
2025-01-13T15:37:17.0783240Z         --------
2025-01-13T15:37:17.0783390Z         save, savez, savez_compressed, loadtxt
2025-01-13T15:37:17.0783700Z         memmap : Create a memory-map to an array stored in a file on disk.
2025-01-13T15:37:17.0784040Z         lib.format.open_memmap : Create or load a memory-mapped ``.npy`` file.
2025-01-13T15:37:17.0784290Z     
2025-01-13T15:37:17.0784400Z         Notes
2025-01-13T15:37:17.0784530Z         -----
2025-01-13T15:37:17.0784720Z         - If the file contains pickle data, then whatever object is stored
2025-01-13T15:37:17.0784980Z           in the pickle is returned.
2025-01-13T15:37:17.0785210Z         - If the file is a ``.npy`` file, then a single array is returned.
2025-01-13T15:37:17.0785510Z         - If the file is a ``.npz`` file, then a dictionary-like object is
2025-01-13T15:37:17.0785820Z           returned, containing ``{filename: array}`` key-value pairs, one for
2025-01-13T15:37:17.0786080Z           each file in the archive.
2025-01-13T15:37:17.0786320Z         - If the file is a ``.npz`` file, the returned value supports the
2025-01-13T15:37:17.0786650Z           context manager protocol in a similar fashion to the open function::
2025-01-13T15:37:17.0787100Z     
2025-01-13T15:37:17.0787240Z             with load('foo.npz') as data:
2025-01-13T15:37:17.0787430Z                 a = data['a']
2025-01-13T15:37:17.0787590Z     
2025-01-13T15:37:17.0787820Z           The underlying file descriptor is closed when exiting the 'with'
2025-01-13T15:37:17.0788070Z           block.
2025-01-13T15:37:17.0788190Z     
2025-01-13T15:37:17.0788300Z         Examples
2025-01-13T15:37:17.0788430Z         --------
2025-01-13T15:37:17.0788590Z         Store data to disk, and load it again:
2025-01-13T15:37:17.0788770Z     
2025-01-13T15:37:17.0788930Z         >>> np.save('/tmp/123', np.array([[1, 2, 3], [4, 5, 6]]))
2025-01-13T15:37:17.0789150Z         >>> np.load('/tmp/123.npy')
2025-01-13T15:37:17.0789320Z         array([[1, 2, 3],
2025-01-13T15:37:17.0789480Z                [4, 5, 6]])
2025-01-13T15:37:17.0789620Z     
2025-01-13T15:37:17.0789770Z         Store compressed data to disk, and load it again:
2025-01-13T15:37:17.0789970Z     
2025-01-13T15:37:17.0790110Z         >>> a=np.array([[1, 2, 3], [4, 5, 6]])
2025-01-13T15:37:17.0790290Z         >>> b=np.array([1, 2])
2025-01-13T15:37:17.0790470Z         >>> np.savez('/tmp/123.npz', a=a, b=b)
2025-01-13T15:37:17.0790680Z         >>> data = np.load('/tmp/123.npz')
2025-01-13T15:37:17.0790860Z         >>> data['a']
2025-01-13T15:37:17.0791010Z         array([[1, 2, 3],
2025-01-13T15:37:17.0791160Z                [4, 5, 6]])
2025-01-13T15:37:17.0791310Z         >>> data['b']
2025-01-13T15:37:17.0791550Z         array([1, 2])
2025-01-13T15:37:17.0791700Z         >>> data.close()
2025-01-13T15:37:17.0791840Z     
2025-01-13T15:37:17.0792010Z         Mem-map the stored array, and then access the second row
2025-01-13T15:37:17.0792240Z         directly from disk:
2025-01-13T15:37:17.0792380Z     
2025-01-13T15:37:17.0792530Z         >>> X = np.load('/tmp/123.npy', mmap_mode='r')
2025-01-13T15:37:17.0792720Z         >>> X[1, :]
2025-01-13T15:37:17.0792860Z         memmap([4, 5, 6])
2025-01-13T15:37:17.0793000Z     
2025-01-13T15:37:17.0793110Z         """
2025-01-13T15:37:17.0793270Z         if encoding not in ('ASCII', 'latin1', 'bytes'):
2025-01-13T15:37:17.0793530Z             # The 'encoding' value for pickle also affects what encoding
2025-01-13T15:37:17.0793810Z             # the serialized binary data of NumPy arrays is loaded
2025-01-13T15:37:17.0794090Z             # in. Pickle does not pass on the encoding information to
2025-01-13T15:37:17.0794370Z             # NumPy. The unpickling code in numpy.core.multiarray is
2025-01-13T15:37:17.0794780Z             # written to assume that unicode data appearing where binary
2025-01-13T15:37:17.0795090Z             # should be is in 'latin1'. 'bytes' is also safe, as is 'ASCII'.
2025-01-13T15:37:17.0795340Z             #
2025-01-13T15:37:17.0795520Z             # Other encoding values can corrupt binary data, and we
2025-01-13T15:37:17.0795810Z             # purposefully disallow them. For the same reason, the errors=
2025-01-13T15:37:17.0796120Z             # argument is not exposed, as values other than 'strict'
2025-01-13T15:37:17.0796390Z             # result can similarly silently corrupt numerical data.
2025-01-13T15:37:17.0796690Z             raise ValueError("encoding must be 'ASCII', 'latin1', or 'bytes'")
2025-01-13T15:37:17.0796940Z     
2025-01-13T15:37:17.0797140Z         pickle_kwargs = dict(encoding=encoding, fix_imports=fix_imports)
2025-01-13T15:37:17.0797380Z     
2025-01-13T15:37:17.0797520Z         with contextlib.ExitStack() as stack:
2025-01-13T15:37:17.0797730Z             if hasattr(file, 'read'):
2025-01-13T15:37:17.0797900Z                 fid = file
2025-01-13T15:37:17.0798060Z                 own_fid = False
2025-01-13T15:37:17.0798220Z             else:
2025-01-13T15:37:17.0798400Z >               fid = stack.enter_context(open(os_fspath(file), "rb"))
2025-01-13T15:37:17.0799230Z E               FileNotFoundError: [Errno 2] No such file or directory: '/Users/runner/work/tardis/tardis/tardis-regression-data/test_tau_sobolev/test_calculate_beta_sobolevs.npy'
2025-01-13T15:37:17.0799690Z 
2025-01-13T15:37:17.0799910Z ../../../micromamba/envs/tardis/lib/python3.12/site-packages/numpy/lib/npyio.py:427: FileNotFoundError
2025-01-13T15:37:17.0800290Z =============================== warnings summary ===============================
2025-01-13T15:37:17.0800540Z tardis/io/configuration/config_validator.py:6
2025-01-13T15:37:17.0800770Z tardis/io/configuration/config_validator.py:6
2025-01-13T15:37:17.0801160Z   /Users/runner/work/tardis/tardis/tardis/io/configuration/config_validator.py:6: DeprecationWarning:
2025-01-13T15:37:17.0801590Z   
2025-01-13T15:37:17.0802530Z   jsonschema.RefResolver is deprecated as of v4.18.0, in favor of the https://github.com/python-jsonschema/referencing library, which provides more compliant referencing behavior as well as more flexible APIs for customization. A future release will remove RefResolver. Please file a feature request (on referencing) if you are missing an API for the kind of customization you need.
2025-01-13T15:37:17.0803460Z 
2025-01-13T15:37:17.0803650Z ../../../micromamba/envs/tardis/lib/python3.12/site-packages/jupyter_client/connect.py:22
2025-01-13T15:37:17.0804180Z   /Users/runner/micromamba/envs/tardis/lib/python3.12/site-packages/jupyter_client/connect.py:22: DeprecationWarning:
2025-01-13T15:37:17.0804560Z   
2025-01-13T15:37:17.0804740Z   Jupyter is migrating its paths to use standard platformdirs
2025-01-13T15:37:17.0805040Z   given by the platformdirs library.  To remove this warning and
2025-01-13T15:37:17.0805650Z   see the appropriate new directories, set the environment variable
2025-01-13T15:37:17.0805960Z   `JUPYTER_PLATFORM_DIRS=1` and then run `jupyter --paths`.
2025-01-13T15:37:17.0806270Z   The use of platformdirs will be the default in `jupyter_core` v6
2025-01-13T15:37:17.0806460Z 
2025-01-13T15:37:17.0806580Z tardis/io/tests/test_HDFWriter.py::test_multi_index_write
2025-01-13T15:37:17.0806950Z tardis/visualization/widgets/tests/test_shell_info.py::TestHDFShellInfo::test_shells_data
2025-01-13T15:37:17.0807380Z   /Users/runner/work/tardis/tardis/tardis/io/util.py:276: PerformanceWarning:
2025-01-13T15:37:17.0807660Z   
2025-01-13T15:37:17.0807770Z   
2025-01-13T15:37:17.0807980Z   your performance may suffer as PyTables will pickle object types that it cannot
2025-01-13T15:37:17.0808400Z   map directly to c-types [inferred_type->mixed,key->block0_values] [items->Index([0], dtype='int64')]
2025-01-13T15:37:17.0808670Z 
2025-01-13T15:37:17.0808830Z tardis/io/tests/test_model_reader.py::test_read_cmfgen_isotope_abundances
2025-01-13T15:37:17.0809210Z tardis/plasma/tests/test_tardis_model_density_config.py::test_electron_densities
2025-01-13T15:37:17.0809610Z tardis/plasma/tests/test_tardis_model_density_config.py::test_isotope_number_densities
2025-01-13T15:37:17.0810000Z tardis/plasma/tests/test_tardis_model_density_config.py::test_t_rad
2025-01-13T15:37:17.0810440Z   /Users/runner/work/tardis/tardis/tardis/io/model/readers/cmfgen_deprecated.py:82: DeprecationWarning:
2025-01-13T15:37:17.0810800Z   
2025-01-13T15:37:17.0810940Z   The current CMFGEN model parser is deprecated
2025-01-13T15:37:17.0811090Z 
2025-01-13T15:37:17.0811180Z tardis/io/tests/test_model_reader.py: 1 warning
2025-01-13T15:37:17.0811460Z tardis/plasma/tests/test_tardis_model_density_config.py: 9 warnings
2025-01-13T15:37:17.0811910Z   /Users/runner/work/tardis/tardis/tardis/io/model/readers/cmfgen_deprecated.py:40: DeprecationWarning:
2025-01-13T15:37:17.0812260Z   
2025-01-13T15:37:17.0812410Z   The current CMFGEN model parser is deprecated
2025-01-13T15:37:17.0812550Z 
2025-01-13T15:37:17.0812720Z tardis/model/tests/test_base.py::TestModelFromPaper1Config::test_abundances
2025-01-13T15:37:17.0813230Z   /Users/runner/work/tardis/tardis/tardis/transport/montecarlo/montecarlo_main_loop.py:123: NumbaTypeSafetyWarning:
2025-01-13T15:37:17.0813620Z   
2025-01-13T15:37:17.0814030Z   [1m[1m[1munsafe cast from uint64 to int64. Precision may be lost.[0m[0m[0m
2025-01-13T15:37:17.0814250Z 
2025-01-13T15:37:17.0814490Z tardis/model/tests/test_base.py: 6 warnings
2025-01-13T15:37:17.0814730Z tardis/model/tests/test_csvy_model.py: 2 warnings
2025-01-13T15:37:17.0815020Z tardis/plasma/tests/test_tardis_model_density_config.py: 3 warnings
2025-01-13T15:37:17.0815440Z   /Users/runner/work/tardis/tardis/tardis/model/geometry/radial1d.py:50: DeprecationWarning:
2025-01-13T15:37:17.0815760Z   
2025-01-13T15:37:17.0815900Z   v_inner_boundary < 0, assuming default value
2025-01-13T15:37:17.0816050Z 
2025-01-13T15:37:17.0816130Z tardis/model/tests/test_base.py: 6 warnings
2025-01-13T15:37:17.0816350Z tardis/model/tests/test_csvy_model.py: 2 warnings
2025-01-13T15:37:17.0816640Z tardis/plasma/tests/test_tardis_model_density_config.py: 3 warnings
2025-01-13T15:37:17.0817050Z   /Users/runner/work/tardis/tardis/tardis/model/geometry/radial1d.py:61: DeprecationWarning:
2025-01-13T15:37:17.0817370Z   
2025-01-13T15:37:17.0817630Z   v_outer_boundary < 0, assuming default value
2025-01-13T15:37:17.0817780Z 
2025-01-13T15:37:17.0818150Z tardis/plasma/equilibrium/tests/test_level_populations.py::TestLevelPopulationSolver::test_solve[collisional_rate_solver0-radiative_transitions0]
2025-01-13T15:37:17.0818820Z   /Users/runner/work/tardis/tardis/tardis/plasma/equilibrium/level_populations.py:65: FutureWarning:
2025-01-13T15:37:17.0819260Z   
2025-01-13T15:37:17.0819550Z   A value is trying to be set on a copy of a DataFrame or Series through chained assignment using an inplace method.
2025-01-13T15:37:17.0820190Z   The behavior will change in pandas 3.0. This inplace method will never work because the intermediate object on which we are setting values always behaves as a copy.
2025-01-13T15:37:17.0827750Z   
2025-01-13T15:37:17.0828520Z   For example, when doing 'df[col].method(value, inplace=True)', try using 'df.method({col: value}, inplace=True)' or df[col] = df[col].method(value) instead, to perform the operation inplace on the original object.
2025-01-13T15:37:17.0829010Z 
2025-01-13T15:37:17.0829130Z tardis/plasma/tests/test_complete_plasmas.py: 20 warnings
2025-01-13T15:37:17.0829560Z   /Users/runner/work/tardis/tardis/tardis/plasma/tests/test_complete_plasmas.py:197: UserWarning:
2025-01-13T15:37:17.0829910Z   
2025-01-13T15:37:17.0830040Z   Property "atomic_mass" not found
2025-01-13T15:37:17.0830170Z 
2025-01-13T15:37:17.0830530Z tardis/plasma/tests/test_complete_plasmas.py::TestPlasma::test_plasma_properties[radiative_rates_type:detailed-w_epsilon:1e-10-j_blues_norm_factor]
2025-01-13T15:37:17.0831230Z tardis/plasma/tests/test_complete_plasmas.py::TestPlasma::test_plasma_properties[radiative_rates_type:detailed-j_blues_norm_factor]
2025-01-13T15:37:17.0831820Z   /Users/runner/work/tardis/tardis/tardis/plasma/tests/test_complete_plasmas.py:197: UserWarning:
2025-01-13T15:37:17.0832150Z   
2025-01-13T15:37:17.0832290Z   Property "j_blues_norm_factor" not found
2025-01-13T15:37:17.0832430Z 
2025-01-13T15:37:17.0832750Z tardis/plasma/tests/test_complete_plasmas.py::TestPlasma::test_plasma_properties[radiative_rates_type:detailed-w_epsilon:1e-10-j_blue_estimator]
2025-01-13T15:37:17.0833430Z tardis/plasma/tests/test_complete_plasmas.py::TestPlasma::test_plasma_properties[radiative_rates_type:detailed-j_blue_estimator]
2025-01-13T15:37:17.0834000Z   /Users/runner/work/tardis/tardis/tardis/plasma/tests/test_complete_plasmas.py:197: UserWarning:
2025-01-13T15:37:17.0834340Z   
2025-01-13T15:37:17.0834470Z   Property "j_blue_estimator" not found
2025-01-13T15:37:17.0834610Z 
2025-01-13T15:37:17.0834910Z tardis/plasma/tests/test_complete_plasmas.py::TestPlasma::test_plasma_properties[radiative_rates_type:detailed-w_epsilon:1e-10-volume]
2025-01-13T15:37:17.0835540Z tardis/plasma/tests/test_complete_plasmas.py::TestPlasma::test_plasma_properties[radiative_rates_type:detailed-volume]
2025-01-13T15:37:17.0836110Z   /Users/runner/work/tardis/tardis/tardis/plasma/tests/test_complete_plasmas.py:197: UserWarning:
2025-01-13T15:37:17.0836440Z   
2025-01-13T15:37:17.0836570Z   Property "volume" not found
2025-01-13T15:37:17.0836680Z 
2025-01-13T15:37:17.0837500Z tardis/plasma/tests/test_complete_plasmas.py::TestPlasma::test_plasma_properties[radiative_rates_type:detailed-w_epsilon:1e-10-r_inner]
2025-01-13T15:37:17.0838140Z tardis/plasma/tests/test_complete_plasmas.py::TestPlasma::test_plasma_properties[radiative_rates_type:detailed-r_inner]
2025-01-13T15:37:17.0838700Z   /Users/runner/work/tardis/tardis/tardis/plasma/tests/test_complete_plasmas.py:197: UserWarning:
2025-01-13T15:37:17.0839030Z   
2025-01-13T15:37:17.0839150Z   Property "r_inner" not found
2025-01-13T15:37:17.0839270Z 
2025-01-13T15:37:17.0839450Z tardis/plasma/tests/test_plasma_vboundary.py::test_plasma_vboundary[2900-3750]
2025-01-13T15:37:17.0839840Z tardis/plasma/tests/test_plasma_vboundary.py::test_plasma_vboundary[2900-3850]
2025-01-13T15:37:17.0840230Z tardis/plasma/tests/test_plasma_vboundary.py::test_plasma_vboundary[2900-3900]
2025-01-13T15:37:17.0840660Z   /Users/runner/work/tardis/tardis/tardis/model/geometry/radial1d.py:71: UserWarning:
2025-01-13T15:37:17.0840960Z   
2025-01-13T15:37:17.0841180Z   Requesting inner boundary below inner shell. Extrapolating the inner cell
2025-01-13T15:37:17.0841410Z 
2025-01-13T15:37:17.0841580Z tardis/spectrum/tests/test_spectrum_solver.py::TestSpectrumSolver::test_solve
2025-01-13T15:37:17.0841980Z   /Users/runner/work/tardis/tardis/tardis/spectrum/base.py:70: UserWarning:
2025-01-13T15:37:17.0842250Z   
2025-01-13T15:37:17.0842570Z   SpectrumSolver.spectrum_virtual_packets is zero. Please run the montecarlo simulation with no_of_virtual_packets > 0
2025-01-13T15:37:17.0843010Z 
2025-01-13T15:37:17.0843180Z tardis/spectrum/tests/test_spectrum_solver.py::TestSpectrumSolver::test_solve
2025-01-13T15:37:17.0843580Z   /Users/runner/work/tardis/tardis/tardis/spectrum/base.py:111: UserWarning:
2025-01-13T15:37:17.0843860Z   
2025-01-13T15:37:17.0844190Z   SpectrumSolver.integrator: The FormalIntegrator is not yet available.Please run the montecarlo simulation at least once.
2025-01-13T15:37:17.0844530Z 
2025-01-13T15:37:17.0844700Z tardis/transport/montecarlo/tests/test_vpacket.py::test_trace_vpacket_volley
2025-01-13T15:37:17.0845020Z   <string>:3: NumbaPendingDeprecationWarning:
2025-01-13T15:37:17.0845220Z   
2025-01-13T15:37:17.0847840Z   [1m[1mCode using Numba extension API maybe depending on 'old_style' error-capturing, which is deprecated and will be replaced by 'new_style' in a future release. See details at https://numba.readthedocs.io/en/latest/reference/deprecation.html#deprecation-of-old-style-numba-captured-errors
2025-01-13T15:37:17.0848690Z   Exception origin:
2025-01-13T15:37:17.0848990Z     File "/Users/runner/micromamba/envs/tardis/lib/python3.12/inspect.py", line 3180, in _bind
2025-01-13T15:37:17.0849330Z       raise TypeError(msg) from None
2025-01-13T15:37:17.0849550Z   [0m[0m
2025-01-13T15:37:17.0849630Z 
2025-01-13T15:37:17.0849900Z tardis/visualization/tools/tests/test_sdec_plot.py::TestSDECPlotter::test_mpl_image[plotter_generate_plot_mpl4]
2025-01-13T15:37:17.0850440Z   /Users/runner/work/tardis/tardis/tardis/visualization/tools/sdec_plot.py:1225: RuntimeWarning:
2025-01-13T15:37:17.0850780Z   
2025-01-13T15:37:17.0851510Z   More than 20 figures have been opened. Figures created through the pyplot interface (`matplotlib.pyplot.figure`) are retained until explicitly closed and may consume too much memory. (To control this warning, see the rcParam `figure.max_open_warning`). Consider using `matplotlib.pyplot.close()`.
2025-01-13T15:37:17.0852230Z 
2025-01-13T15:37:17.0852550Z tardis/visualization/widgets/tests/test_custom_abundance.py::TestCustomAbundanceWidget::test_update_input_item_value
2025-01-13T15:37:17.0853170Z tardis/visualization/widgets/tests/test_custom_abundance.py::TestCustomAbundanceWidget::test_update_input_item_value
2025-01-13T15:37:17.0853780Z tardis/visualization/widgets/tests/test_custom_abundance.py::TestCustomAbundanceWidget::test_update_input_item_value
2025-01-13T15:37:17.0854390Z tardis/visualization/widgets/tests/test_custom_abundance.py::TestCustomAbundanceWidget::test_update_input_item_value
2025-01-13T15:37:17.0855270Z tardis/visualization/widgets/tests/test_custom_abundance.py::TestCustomAbundanceWidget::test_update_input_item_value
2025-01-13T15:37:17.0855900Z tardis/visualization/widgets/tests/test_custom_abundance.py::TestCustomAbundanceWidget::test_update_input_item_value
2025-01-13T15:37:17.0856510Z   /Users/runner/micromamba/envs/tardis/lib/python3.12/site-packages/traitlets/traitlets.py:1385: DeprecationWarning:
2025-01-13T15:37:17.0856900Z   
2025-01-13T15:37:17.0857120Z   Passing unrecognized arguments to super(Checkbox).__init__(icon='lock').
2025-01-13T15:37:17.0857480Z   object.__init__() takes exactly one argument (the instance to initialize)
2025-01-13T15:37:17.0857890Z   This is deprecated in traitlets 4.2.This error will be raised in a future release of traitlets.
2025-01-13T15:37:17.0858150Z 
2025-01-13T15:37:17.0858420Z tardis/visualization/widgets/tests/test_custom_abundance.py::TestCustomAbundanceWidget::test_update_input_item_value
2025-01-13T15:37:17.0859040Z tardis/visualization/widgets/tests/test_custom_abundance.py::TestCustomAbundanceWidget::test_update_input_item_value
2025-01-13T15:37:17.0859650Z   /Users/runner/micromamba/envs/tardis/lib/python3.12/site-packages/traitlets/traitlets.py:1385: DeprecationWarning:
2025-01-13T15:37:17.0860050Z   
2025-01-13T15:37:17.0860250Z   Passing unrecognized arguments to super(FloatText).__init__(min=0).
2025-01-13T15:37:17.0860600Z   object.__init__() takes exactly one argument (the instance to initialize)
2025-01-13T15:37:17.0861070Z   This is deprecated in traitlets 4.2.This error will be raised in a future release of traitlets.
2025-01-13T15:37:17.0861320Z 
2025-01-13T15:37:17.0861590Z tardis/visualization/widgets/tests/test_custom_abundance.py::TestCustomAbundanceWidget::test_update_input_item_value
2025-01-13T15:37:17.0862210Z   /Users/runner/micromamba/envs/tardis/lib/python3.12/site-packages/traitlets/traitlets.py:1385: DeprecationWarning:
2025-01-13T15:37:17.0862610Z   
2025-01-13T15:37:17.0862820Z   Passing unrecognized arguments to super(HTML).__init__(indent=True).
2025-01-13T15:37:17.0863170Z   object.__init__() takes exactly one argument (the instance to initialize)
2025-01-13T15:37:17.0863570Z   This is deprecated in traitlets 4.2.This error will be raised in a future release of traitlets.
2025-01-13T15:37:17.0863840Z 
2025-01-13T15:37:17.0864170Z tardis/visualization/widgets/tests/test_line_info.py::TestLineInfoWidgetData::test_get_species_interactions[wavelength_range0-packet_out_nu]
2025-01-13T15:37:17.0864830Z   /Users/runner/micromamba/envs/tardis/lib/python3.12/site-packages/qgridnext/grid.py:820: DeprecationWarning:
2025-01-13T15:37:17.0865210Z   
2025-01-13T15:37:17.0865480Z   QgridWidget._precision_changed is deprecated in traitlets 4.1: use @observe and @unobserve instead.
2025-01-13T15:37:17.0865760Z 
2025-01-13T15:37:17.0865970Z tardis/visualization/widgets/tests/test_shell_info.py::TestHDFShellInfo::test_shells_data
2025-01-13T15:37:17.0866400Z   /Users/runner/work/tardis/tardis/tardis/io/util.py:289: PerformanceWarning:
2025-01-13T15:37:17.0866680Z   
2025-01-13T15:37:17.0866810Z   
2025-01-13T15:37:17.0867030Z   your performance may suffer as PyTables will pickle object types that it cannot
2025-01-13T15:37:17.0867590Z   map directly to c-types [inferred_type->mixed,key->block0_values] [items->Index([0], dtype='int64')]
2025-01-13T15:37:17.0867860Z 
2025-01-13T15:37:17.0868070Z tardis/visualization/widgets/tests/test_shell_info.py::TestHDFShellInfo::test_shells_data
2025-01-13T15:37:17.0868500Z   /Users/runner/work/tardis/tardis/tardis/io/util.py:292: PerformanceWarning:
2025-01-13T15:37:17.0868790Z   
2025-01-13T15:37:17.0868890Z   
2025-01-13T15:37:17.0869110Z   your performance may suffer as PyTables will pickle object types that it cannot
2025-01-13T15:37:17.0869490Z   map directly to c-types [inferred_type->mixed,key->values] [items->None]
2025-01-13T15:37:17.0869700Z 
2025-01-13T15:37:17.0869900Z tardis/visualization/widgets/tests/test_shell_info.py::TestHDFShellInfo::test_shells_data
2025-01-13T15:37:17.0870570Z   /Users/runner/work/tardis/tardis/tardis/spectrum/formal_integral.py:398: UserWarning:
2025-01-13T15:37:17.0870900Z   
2025-01-13T15:37:17.0871120Z   The number of interpolate_shells was not specified. The value was set to 80.
2025-01-13T15:37:17.0871340Z 
2025-01-13T15:37:17.0871490Z -- Docs: https://docs.pytest.org/en/stable/how-to/capture-warnings.html
2025-01-13T15:37:17.0871710Z 
2025-01-13T15:37:17.0871840Z ---------- coverage: platform darwin, python 3.12.4-final-0 ----------
2025-01-13T15:37:17.0872130Z Coverage HTML written to dir coverage_html_report
2025-01-13T15:37:17.0872360Z Coverage XML written to file coverage.xml
2025-01-13T15:37:17.0872500Z 
2025-01-13T15:37:17.0872600Z =========================== short test summary info ============================
2025-01-13T15:37:17.0873370Z FAILED tardis/opacities/tests/test_tau_sobolev.py::test_calculate_sobolev_line_opacity - FileNotFoundError: File /Users/runner/work/tardis/tardis/tardis-regression-data/test_tau_sobolev/test_calculate_sobolev_line_opacity.h5 does not exist
2025-01-13T15:37:17.0874610Z FAILED tardis/opacities/tests/test_tau_sobolev.py::test_calculate_beta_sobolevs - FileNotFoundError: [Errno 2] No such file or directory: '/Users/runner/work/tardis/tardis/tardis-regression-data/test_tau_sobolev/test_calculate_beta_sobolevs.npy'
2025-01-13T15:37:17.0875450Z = 2 failed, 1436 passed, 329 skipped, 2 deselected, 19 xfailed, 8 xpassed, 91 warnings in 978.35s (0:16:18) =
2025-01-13T15:37:18.7054300Z ##[error]Process completed with exit code 1.
2025-01-13T15:37:18.7235890Z Post job cleanup.
2025-01-13T15:37:18.7283280Z Post job cleanup.
2025-01-13T15:37:19.3919600Z Will use pre-installed micromamba at /Users/runner/micromamba-bin/micromamba
2025-01-13T15:37:19.3923140Z Removing micromamba run shell ...
2025-01-13T15:37:19.3925000Z ##[group]Deinitialize micromamba for bash
2025-01-13T15:37:19.3937330Z [command]/Users/runner/micromamba-bin/micromamba shell deinit -s bash -r /Users/runner/micromamba --log-level warning --rc-file /Users/runner/work/_temp/setup-micromamba/.condarc
2025-01-13T15:37:19.4503510Z Resetting RC file "/Users/runner/.bash_profile"
2025-01-13T15:37:19.4503930Z Deleting config for root prefix 
2025-01-13T15:37:19.4504200Z Clearing mamba executable environment variable
2025-01-13T15:37:19.4514690Z Removing the following in your "/Users/runner/.bash_profile" file
2025-01-13T15:37:19.4514990Z # >>> mamba initialize >>>
2025-01-13T15:37:19.4515160Z ...
2025-01-13T15:37:19.4515310Z # <<< mamba initialize <<<
2025-01-13T15:37:19.4567290Z Removing environment tardis from auto-activate bash ...
2025-01-13T15:37:19.4666650Z Post job cleanup.
2025-01-13T15:37:19.4719600Z Post job cleanup.
2025-01-13T15:37:19.6038730Z [command]/opt/homebrew/bin/git version
2025-01-13T15:37:19.6830610Z git version 2.47.1
2025-01-13T15:37:19.6853950Z Copying '/Users/runner/.gitconfig' to '/Users/runner/work/_temp/5af4a321-e9bd-463f-b82a-76d623f9282a/.gitconfig'
2025-01-13T15:37:19.6861220Z Temporarily overriding HOME='/Users/runner/work/_temp/5af4a321-e9bd-463f-b82a-76d623f9282a' before making global git config changes
2025-01-13T15:37:19.6861900Z Adding repository directory to the temporary git global config as a safe directory
2025-01-13T15:37:19.6870910Z [command]/opt/homebrew/bin/git config --global --add safe.directory /Users/runner/work/tardis/tardis/tardis-regression-data
2025-01-13T15:37:19.6961660Z [command]/opt/homebrew/bin/git config --local --name-only --get-regexp core\.sshCommand
2025-01-13T15:37:19.7028670Z [command]/opt/homebrew/bin/git submodule foreach --recursive sh -c "git config --local --name-only --get-regexp 'core\.sshCommand' && git config --local --unset-all 'core.sshCommand' || :"
2025-01-13T15:37:19.9803930Z [command]/opt/homebrew/bin/git config --local --name-only --get-regexp http\.https\:\/\/github\.com\/\.extraheader
2025-01-13T15:37:19.9895150Z http.https://github.com/.extraheader
2025-01-13T15:37:19.9920410Z [command]/opt/homebrew/bin/git config --local --unset-all http.https://github.com/.extraheader
2025-01-13T15:37:20.0138800Z [command]/opt/homebrew/bin/git submodule foreach --recursive sh -c "git config --local --name-only --get-regexp 'http\.https\:\/\/github\.com\/\.extraheader' && git config --local --unset-all 'http.https://github.com/.extraheader' || :"
2025-01-13T15:37:20.1234300Z Post job cleanup.
2025-01-13T15:37:20.2966420Z [command]/opt/homebrew/bin/git version
2025-01-13T15:37:20.3014030Z git version 2.47.1
2025-01-13T15:37:20.3033900Z Copying '/Users/runner/.gitconfig' to '/Users/runner/work/_temp/7b9149a1-376f-420b-83e8-8881ebbb6cc1/.gitconfig'
2025-01-13T15:37:20.3040740Z Temporarily overriding HOME='/Users/runner/work/_temp/7b9149a1-376f-420b-83e8-8881ebbb6cc1' before making global git config changes
2025-01-13T15:37:20.3041340Z Adding repository directory to the temporary git global config as a safe directory
2025-01-13T15:37:20.3049140Z [command]/opt/homebrew/bin/git config --global --add safe.directory /Users/runner/work/tardis/tardis
2025-01-13T15:37:20.3127250Z [command]/opt/homebrew/bin/git config --local --name-only --get-regexp core\.sshCommand
2025-01-13T15:37:20.3204930Z [command]/opt/homebrew/bin/git submodule foreach --recursive sh -c "git config --local --name-only --get-regexp 'core\.sshCommand' && git config --local --unset-all 'core.sshCommand' || :"
2025-01-13T15:37:20.3965260Z [command]/opt/homebrew/bin/git config --local --name-only --get-regexp http\.https\:\/\/github\.com\/\.extraheader
2025-01-13T15:37:20.4035100Z http.https://github.com/.extraheader
2025-01-13T15:37:20.4045650Z [command]/opt/homebrew/bin/git config --local --unset-all http.https://github.com/.extraheader
2025-01-13T15:37:20.4129610Z [command]/opt/homebrew/bin/git submodule foreach --recursive sh -c "git config --local --name-only --get-regexp 'http\.https\:\/\/github\.com\/\.extraheader' && git config --local --unset-all 'http.https://github.com/.extraheader' || :"
2025-01-13T15:37:20.4873400Z Cleaning up orphan processes
