2025-01-21T13:21:09.2782402Z Requested labels: macos-latest
2025-01-21T13:21:09.2782657Z Job defined at: tardis-sn/tardis/.github/workflows/tests.yml@refs/pull/2872/merge
2025-01-21T13:21:09.2783007Z Waiting for a runner to pick up this job...
2025-01-21T13:21:09.4708536Z Job is waiting for a hosted runner to come online.
2025-01-21T13:21:13.1221322Z Job is about to start running on the hosted runner: GitHub Actions 52 (hosted)
2025-01-21T13:21:13.5650590Z Current runner version: '2.321.0'
2025-01-21T13:21:13.5671470Z ##[group]Operating System
2025-01-21T13:21:13.5672070Z macOS
2025-01-21T13:21:13.5672440Z 14.7.2
2025-01-21T13:21:13.5672820Z 23H311
2025-01-21T13:21:13.5673190Z ##[endgroup]
2025-01-21T13:21:13.5673590Z ##[group]Runner Image
2025-01-21T13:21:13.5674010Z Image: macos-14-arm64
2025-01-21T13:21:13.5674400Z Version: 20250113.751
2025-01-21T13:21:13.5675150Z Included Software: https://github.com/actions/runner-images/blob/macos-14-arm64/20250113.751/images/macos/macos-14-arm64-Readme.md
2025-01-21T13:21:13.5676170Z Image Release: https://github.com/actions/runner-images/releases/tag/macos-14-arm64%2F20250113.751
2025-01-21T13:21:13.5676840Z ##[endgroup]
2025-01-21T13:21:13.5677220Z ##[group]Runner Image Provisioner
2025-01-21T13:21:13.5677700Z 2.0.414.1+2ecee806bcbb7b5d267443ac0090547f461e95b1
2025-01-21T13:21:13.5678180Z ##[endgroup]
2025-01-21T13:21:13.5679660Z ##[group]GITHUB_TOKEN Permissions
2025-01-21T13:21:13.5681150Z Actions: read
2025-01-21T13:21:13.5681550Z Attestations: read
2025-01-21T13:21:13.5681930Z Checks: read
2025-01-21T13:21:13.5682300Z Contents: read
2025-01-21T13:21:13.5682680Z Deployments: read
2025-01-21T13:21:13.5683070Z Discussions: read
2025-01-21T13:21:13.5683440Z Issues: read
2025-01-21T13:21:13.5683810Z Metadata: read
2025-01-21T13:21:13.5684180Z Packages: read
2025-01-21T13:21:13.5684550Z Pages: read
2025-01-21T13:21:13.5684920Z PullRequests: read
2025-01-21T13:21:13.5685330Z RepositoryProjects: read
2025-01-21T13:21:13.5685740Z SecurityEvents: read
2025-01-21T13:21:13.5686130Z Statuses: read
2025-01-21T13:21:13.5686520Z ##[endgroup]
2025-01-21T13:21:13.5688720Z Secret source: None
2025-01-21T13:21:13.5689190Z Prepare workflow directory
2025-01-21T13:21:13.6058380Z Prepare all required actions
2025-01-21T13:21:13.6085810Z Getting action download info
2025-01-21T13:21:13.7851360Z Download action repository 'actions/checkout@v4' (SHA:11bd71901bbe5b1630ceea73d27597364c9af683)
2025-01-21T13:21:14.1627810Z Download action repository 'actions/upload-artifact@v4' (SHA:65c4c4a1ddee5b72f698fdd19549f0f0fb45cf08)
2025-01-21T13:21:15.6769200Z Complete job name:  continuum macos-latest 
2025-01-21T13:21:15.7263550Z ##[group]Run actions/checkout@v4
2025-01-21T13:21:15.7264700Z with:
2025-01-21T13:21:15.7265320Z   repository: tardis-sn/tardis
2025-01-21T13:21:15.7266300Z   token: ***
2025-01-21T13:21:15.7266890Z   ssh-strict: true
2025-01-21T13:21:15.7267520Z   ssh-user: git
2025-01-21T13:21:15.7268150Z   persist-credentials: true
2025-01-21T13:21:15.7268850Z   clean: true
2025-01-21T13:21:15.7269500Z   sparse-checkout-cone-mode: true
2025-01-21T13:21:15.7270240Z   fetch-depth: 1
2025-01-21T13:21:15.7270860Z   fetch-tags: false
2025-01-21T13:21:15.7271510Z   show-progress: true
2025-01-21T13:21:15.7272170Z   lfs: false
2025-01-21T13:21:15.7272770Z   submodules: false
2025-01-21T13:21:15.7273420Z   set-safe-directory: true
2025-01-21T13:21:15.7274290Z env:
2025-01-21T13:21:15.7274870Z   CACHE_NUMBER: 0
2025-01-21T13:21:15.7276610Z   PYTEST_FLAGS: --tardis-regression-data=/Users/runner/work/tardis/tardis/tardis-regression-data --cov=tardis --cov-report=xml --cov-report=html --cov-append
2025-01-21T13:21:15.7278420Z   CODECOV_TOKEN: 
2025-01-21T13:21:15.7279040Z ##[endgroup]
2025-01-21T13:21:16.1261520Z Syncing repository: tardis-sn/tardis
2025-01-21T13:21:16.1263710Z ##[group]Getting Git version info
2025-01-21T13:21:16.1264660Z Working directory is '/Users/runner/work/tardis/tardis'
2025-01-21T13:21:16.1382290Z [command]/opt/homebrew/bin/git version
2025-01-21T13:21:16.1618320Z git version 2.48.0
2025-01-21T13:21:16.1645270Z ##[endgroup]
2025-01-21T13:21:16.1651860Z Copying '/Users/runner/.gitconfig' to '/Users/runner/work/_temp/d645edd0-6559-4553-9bc9-885cd66b53c7/.gitconfig'
2025-01-21T13:21:16.1658360Z Temporarily overriding HOME='/Users/runner/work/_temp/d645edd0-6559-4553-9bc9-885cd66b53c7' before making global git config changes
2025-01-21T13:21:16.1660330Z Adding repository directory to the temporary git global config as a safe directory
2025-01-21T13:21:16.1662600Z [command]/opt/homebrew/bin/git config --global --add safe.directory /Users/runner/work/tardis/tardis
2025-01-21T13:21:16.1754680Z Deleting the contents of '/Users/runner/work/tardis/tardis'
2025-01-21T13:21:16.1757770Z ##[group]Initializing the repository
2025-01-21T13:21:16.1761790Z [command]/opt/homebrew/bin/git init /Users/runner/work/tardis/tardis
2025-01-21T13:21:16.1917040Z hint: Using 'master' as the name for the initial branch. This default branch name
2025-01-21T13:21:16.1919440Z hint: is subject to change. To configure the initial branch name to use in all
2025-01-21T13:21:16.1920990Z hint: of your new repositories, which will suppress this warning, call:
2025-01-21T13:21:16.1922270Z hint:
2025-01-21T13:21:16.1923120Z hint: 	git config --global init.defaultBranch <name>
2025-01-21T13:21:16.1924100Z hint:
2025-01-21T13:21:16.1925440Z hint: Names commonly chosen instead of 'master' are 'main', 'trunk' and
2025-01-21T13:21:16.1927050Z hint: 'development'. The just-created branch can be renamed via this command:
2025-01-21T13:21:16.1928240Z hint:
2025-01-21T13:21:16.1931820Z hint: 	git branch -m <name>
2025-01-21T13:21:16.1933280Z Initialized empty Git repository in /Users/runner/work/tardis/tardis/.git/
2025-01-21T13:21:16.1936050Z [command]/opt/homebrew/bin/git remote add origin https://github.com/tardis-sn/tardis
2025-01-21T13:21:16.1983290Z ##[endgroup]
2025-01-21T13:21:16.1984500Z ##[group]Disabling automatic garbage collection
2025-01-21T13:21:16.1985540Z [command]/opt/homebrew/bin/git config --local gc.auto 0
2025-01-21T13:21:16.2039690Z ##[endgroup]
2025-01-21T13:21:16.2040730Z ##[group]Setting up auth
2025-01-21T13:21:16.2041910Z [command]/opt/homebrew/bin/git config --local --name-only --get-regexp core\.sshCommand
2025-01-21T13:21:16.2079200Z [command]/opt/homebrew/bin/git submodule foreach --recursive sh -c "git config --local --name-only --get-regexp 'core\.sshCommand' && git config --local --unset-all 'core.sshCommand' || :"
2025-01-21T13:21:16.2671970Z [command]/opt/homebrew/bin/git config --local --name-only --get-regexp http\.https\:\/\/github\.com\/\.extraheader
2025-01-21T13:21:16.2712180Z [command]/opt/homebrew/bin/git submodule foreach --recursive sh -c "git config --local --name-only --get-regexp 'http\.https\:\/\/github\.com\/\.extraheader' && git config --local --unset-all 'http.https://github.com/.extraheader' || :"
2025-01-21T13:21:16.3165850Z [command]/opt/homebrew/bin/git config --local http.https://github.com/.extraheader AUTHORIZATION: basic ***
2025-01-21T13:21:16.3227700Z ##[endgroup]
2025-01-21T13:21:16.3229160Z ##[group]Fetching the repository
2025-01-21T13:21:16.3235890Z [command]/opt/homebrew/bin/git -c protocol.version=2 fetch --no-tags --prune --no-recurse-submodules --depth=1 origin +47dd37988c2a011591be1e6e7ac8b486931d68a5:refs/remotes/pull/2872/merge
2025-01-21T13:21:18.4614740Z From https://github.com/tardis-sn/tardis
2025-01-21T13:21:18.4619730Z  * [new ref]         47dd37988c2a011591be1e6e7ac8b486931d68a5 -> pull/2872/merge
2025-01-21T13:21:18.4661490Z ##[endgroup]
2025-01-21T13:21:18.4662010Z ##[group]Determining the checkout info
2025-01-21T13:21:18.4662450Z ##[endgroup]
2025-01-21T13:21:18.4665570Z [command]/opt/homebrew/bin/git sparse-checkout disable
2025-01-21T13:21:18.4717600Z [command]/opt/homebrew/bin/git config --local --unset-all extensions.worktreeConfig
2025-01-21T13:21:18.4758560Z ##[group]Checking out the ref
2025-01-21T13:21:18.4759020Z [command]/opt/homebrew/bin/git checkout --progress --force refs/remotes/pull/2872/merge
2025-01-21T13:21:18.7052430Z HEAD is now at 47dd379 Merge ec444452f811d30c7a34e98a27ff83c638282719 into aa180cf97513f46d6d3b617c05907691f413c057
2025-01-21T13:21:18.7164100Z ##[endgroup]
2025-01-21T13:21:18.7166860Z [command]/opt/homebrew/bin/git log -1 --format=%H
2025-01-21T13:21:18.7222990Z 47dd37988c2a011591be1e6e7ac8b486931d68a5
2025-01-21T13:21:18.7389860Z Prepare all required actions
2025-01-21T13:21:18.7390240Z Getting action download info
2025-01-21T13:21:18.8370390Z Download action repository 'mamba-org/setup-micromamba@v2' (SHA:0dea6379afdaffa5d528b3d1dabc45da37f443fc)
2025-01-21T13:21:20.2585920Z ##[group]Run ./.github/actions/setup_env
2025-01-21T13:21:20.2586180Z with:
2025-01-21T13:21:20.2586310Z   os-label: osx-arm64
2025-01-21T13:21:20.2586510Z env:
2025-01-21T13:21:20.2586630Z   CACHE_NUMBER: 0
2025-01-21T13:21:20.2587090Z   PYTEST_FLAGS: --tardis-regression-data=/Users/runner/work/tardis/tardis/tardis-regression-data --cov=tardis --cov-report=xml --cov-report=html --cov-append
2025-01-21T13:21:20.2587560Z   CODECOV_TOKEN: 
2025-01-21T13:21:20.2587690Z ##[endgroup]
2025-01-21T13:21:20.2678430Z ##[group]Run mamba-org/setup-micromamba@v2
2025-01-21T13:21:20.2678650Z with:
2025-01-21T13:21:20.2678770Z   init-shell: bash
2025-01-21T13:21:20.2678920Z   create-args: conda-lock
2025-01-21T13:21:20.2679110Z   environment-name: tardis-base
2025-01-21T13:21:20.2679280Z env:
2025-01-21T13:21:20.2679410Z   CACHE_NUMBER: 0
2025-01-21T13:21:20.2679900Z   PYTEST_FLAGS: --tardis-regression-data=/Users/runner/work/tardis/tardis/tardis-regression-data --cov=tardis --cov-report=xml --cov-report=html --cov-append
2025-01-21T13:21:20.2680410Z   CODECOV_TOKEN: 
2025-01-21T13:21:20.2680550Z ##[endgroup]
2025-01-21T13:21:20.3771970Z Will download micromamba to /Users/runner/micromamba-bin/micromamba
2025-01-21T13:21:20.3774890Z ##[group]Install micromamba
2025-01-21T13:21:20.8988170Z micromamba installed to /Users/runner/micromamba-bin/micromamba
2025-01-21T13:21:20.9020910Z ##[endgroup]
2025-01-21T13:21:20.9064640Z Adding conda-forge to condarc channels ...
2025-01-21T13:21:20.9088900Z ##[group]Initialize micromamba for bash.
2025-01-21T13:21:20.9123150Z [command]/Users/runner/micromamba-bin/micromamba shell init -s bash -r /Users/runner/micromamba --log-level warning --rc-file /Users/runner/work/_temp/setup-micromamba/.condarc
2025-01-21T13:21:20.9200350Z Running `shell init`, which:
2025-01-21T13:21:20.9220590Z  - modifies RC file: "/Users/runner/.bash_profile"
2025-01-21T13:21:20.9242340Z  - generates config for root prefix: [1m"/Users/runner/micromamba"[0m
2025-01-21T13:21:20.9305590Z  - sets mamba executable to: [1m"/Users/runner/micromamba-bin/micromamba"[0m
2025-01-21T13:21:20.9339600Z The following has been added in your "/Users/runner/.bash_profile" file
2025-01-21T13:21:20.9374430Z 
2025-01-21T13:21:20.9385500Z # >>> mamba initialize >>>
2025-01-21T13:21:20.9406300Z # !! Contents within this block are managed by 'micromamba shell init' !!
2025-01-21T13:21:20.9410520Z export MAMBA_EXE='/Users/runner/micromamba-bin/micromamba';
2025-01-21T13:21:20.9419020Z export MAMBA_ROOT_PREFIX='/Users/runner/micromamba';
2025-01-21T13:21:20.9443260Z __mamba_setup="$("$MAMBA_EXE" shell hook --shell bash --root-prefix "$MAMBA_ROOT_PREFIX" 2> /dev/null)"
2025-01-21T13:21:20.9484460Z if [ $? -eq 0 ]; then
2025-01-21T13:21:20.9490340Z     eval "$__mamba_setup"
2025-01-21T13:21:20.9490640Z else
2025-01-21T13:21:20.9490970Z     alias micromamba="$MAMBA_EXE"  # Fallback on help from micromamba activate
2025-01-21T13:21:20.9491350Z fi
2025-01-21T13:21:20.9491570Z unset __mamba_setup
2025-01-21T13:21:20.9491830Z # <<< mamba initialize <<<
2025-01-21T13:21:20.9492000Z 
2025-01-21T13:21:20.9492470Z ##[endgroup]
2025-01-21T13:21:20.9493870Z ##[group]Install environment `tardis-base`
2025-01-21T13:21:20.9495420Z [command]/Users/runner/micromamba-bin/micromamba create -y -r /Users/runner/micromamba -n tardis-base conda-lock --log-level warning --rc-file /Users/runner/work/_temp/setup-micromamba/.condarc
2025-01-21T13:21:25.4186330Z 
2025-01-21T13:21:25.5113210Z 
2025-01-21T13:21:25.5114550Z Transaction
2025-01-21T13:21:25.5114730Z 
2025-01-21T13:21:25.5114840Z   Prefix: /Users/runner/micromamba/envs/tardis-base
2025-01-21T13:21:25.5115040Z 
2025-01-21T13:21:25.5115110Z   Updating specs:
2025-01-21T13:21:25.5115190Z 
2025-01-21T13:21:25.5115260Z    - conda-lock
2025-01-21T13:21:25.5115930Z 
2025-01-21T13:21:25.5115940Z 
2025-01-21T13:21:25.5336250Z   Package                           Version  Build               Channel          Size
2025-01-21T13:21:25.5421810Z ────────────────────────────────────────────────────────────────────────────────────────
2025-01-21T13:21:25.5422530Z   Install:
2025-01-21T13:21:25.5423100Z ────────────────────────────────────────────────────────────────────────────────────────
2025-01-21T13:21:25.5423370Z 
2025-01-21T13:21:25.5423530Z   + annotated-types                   0.7.0  pyhd8ed1ab_1        conda-forge      18kB
2025-01-21T13:21:25.5424010Z   + appdirs                           1.4.4  pyhd8ed1ab_1        conda-forge      15kB
2025-01-21T13:21:25.5424330Z   + backports                           1.0  pyhd8ed1ab_5        conda-forge       7kB
2025-01-21T13:21:25.5424650Z   + backports.tarfile                 1.2.0  pyhd8ed1ab_1        conda-forge      33kB
2025-01-21T13:21:25.5425090Z   + brotli-python                     1.1.0  py313h3579c5c_2     conda-forge     339kB
2025-01-21T13:21:25.5425490Z   + bzip2                             1.0.8  h99b78c6_7          conda-forge     123kB
2025-01-21T13:21:25.5425830Z   + ca-certificates              2024.12.14  hf0a4a13_0          conda-forge     157kB
2025-01-21T13:21:25.5426260Z   + cachecontrol                     0.14.2  pyha770c72_0        conda-forge      23kB
2025-01-21T13:21:25.5426620Z   + cachecontrol-with-filecache      0.14.2  pyhd8ed1ab_0        conda-forge       7kB
2025-01-21T13:21:25.5426960Z   + cachy                             0.3.0  pyhd8ed1ab_2        conda-forge      23kB
2025-01-21T13:21:25.5427450Z   + certifi                      2024.12.14  pyhd8ed1ab_0        conda-forge     162kB
2025-01-21T13:21:25.5427880Z   + charset-normalizer                3.4.1  pyhd8ed1ab_0        conda-forge      47kB
2025-01-21T13:21:25.5428240Z   + click                             8.1.8  pyh707e725_0        conda-forge      85kB
2025-01-21T13:21:25.5428780Z   + click-default-group               1.2.4  pyhd8ed1ab_1        conda-forge      10kB
2025-01-21T13:21:25.5429170Z   + clikit                            0.6.2  pyhd8ed1ab_3        conda-forge      64kB
2025-01-21T13:21:25.5429560Z   + conda-lock                        2.5.7  pyhd8ed1ab_1        conda-forge     884kB
2025-01-21T13:21:25.5429880Z   + crashtest                         0.4.1  pyhd8ed1ab_1        conda-forge      12kB
2025-01-21T13:21:25.5430180Z   + distlib                           0.3.9  pyhd8ed1ab_1        conda-forge     274kB
2025-01-21T13:21:25.5430550Z   + ensureconda                       1.4.4  pyhd8ed1ab_1        conda-forge      14kB
2025-01-21T13:21:25.5430850Z   + filelock                         3.16.1  pyhd8ed1ab_1        conda-forge      17kB
2025-01-21T13:21:25.5431150Z   + gitdb                            4.0.12  pyhd8ed1ab_0        conda-forge      53kB
2025-01-21T13:21:25.5431540Z   + gitpython                        3.1.44  pyhff2d567_0        conda-forge     157kB
2025-01-21T13:21:25.5431890Z   + html5lib                            1.1  pyhd8ed1ab_2        conda-forge      95kB
2025-01-21T13:21:25.5432180Z   + idna                               3.10  pyhd8ed1ab_1        conda-forge      50kB
2025-01-21T13:21:25.5432540Z   + importlib-metadata                8.6.1  pyha770c72_0        conda-forge      29kB
2025-01-21T13:21:25.5432880Z   + importlib_resources               6.5.2  pyhd8ed1ab_0        conda-forge      34kB
2025-01-21T13:21:25.5433260Z   + jaraco.classes                    3.4.0  pyhd8ed1ab_2        conda-forge      12kB
2025-01-21T13:21:25.5433660Z   + jaraco.context                    6.0.1  pyhd8ed1ab_0        conda-forge      12kB
2025-01-21T13:21:25.5434040Z   + jaraco.functools                  4.1.0  pyhd8ed1ab_0        conda-forge      16kB
2025-01-21T13:21:25.5434400Z   + jinja2                            3.1.5  pyhd8ed1ab_0        conda-forge     113kB
2025-01-21T13:21:25.5434690Z   + keyring                          25.6.0  pyh534df25_0        conda-forge      37kB
2025-01-21T13:21:25.5435310Z   + libcxx                           19.1.7  ha82da77_0          conda-forge     524kB
2025-01-21T13:21:25.5435620Z   + libexpat                          2.6.4  h286801f_0          conda-forge      65kB
2025-01-21T13:21:25.5436100Z   + libffi                            3.4.2  h3422bc3_5          conda-forge      39kB
2025-01-21T13:21:25.5436410Z   + liblzma                           5.6.3  h39f12f2_1          conda-forge      99kB
2025-01-21T13:21:25.5436750Z   + libmpdec                          4.0.0  h99b78c6_0          conda-forge      69kB
2025-01-21T13:21:25.5437090Z   + libsqlite                        3.48.0  h3f77e49_0          conda-forge     853kB
2025-01-21T13:21:25.5437370Z   + libzlib                           1.3.1  h8359307_2          conda-forge      46kB
2025-01-21T13:21:25.5437740Z   + markupsafe                        3.0.2  py313ha9b7d5b_1     conda-forge      25kB
2025-01-21T13:21:25.5438130Z   + more-itertools                   10.6.0  pyhd8ed1ab_0        conda-forge      59kB
2025-01-21T13:21:25.5438510Z   + msgpack-python                    1.1.0  py313hf9c7212_0     conda-forge      92kB
2025-01-21T13:21:25.5438830Z   + ncurses                             6.5  h5e97a16_2          conda-forge     797kB
2025-01-21T13:21:25.5439120Z   + openssl                           3.4.0  h81ee809_1          conda-forge       3MB
2025-01-21T13:21:25.5439410Z   + packaging                          24.2  pyhd8ed1ab_2        conda-forge      60kB
2025-01-21T13:21:25.5439710Z   + pastel                            0.2.1  pyhd8ed1ab_0        conda-forge      10kB
2025-01-21T13:21:25.5440000Z   + pip                              24.3.1  pyh145f28c_2        conda-forge       1MB
2025-01-21T13:21:25.5440290Z   + pkginfo                          1.12.0  pyhd8ed1ab_1        conda-forge      30kB
2025-01-21T13:21:25.5440620Z   + platformdirs                      4.3.6  pyhd8ed1ab_1        conda-forge      20kB
2025-01-21T13:21:25.5440990Z   + pydantic                         2.10.5  pyh3cfb1c2_0        conda-forge     297kB
2025-01-21T13:21:25.5441330Z   + pydantic-core                    2.27.2  py313hdde674f_0     conda-forge       2MB
2025-01-21T13:21:25.5441660Z   + pylev                             1.4.0  pyhd8ed1ab_0        conda-forge       9kB
2025-01-21T13:21:25.5441960Z   + pysocks                           1.7.1  pyha55dd90_7        conda-forge      21kB
2025-01-21T13:21:25.5442280Z   + python                           3.13.1  h4f43103_105_cp313  conda-forge      13MB
2025-01-21T13:21:25.5442670Z   + python_abi                         3.13  5_cp313             conda-forge       6kB
2025-01-21T13:21:25.5442970Z   + pyyaml                            6.0.2  py313ha9b7d5b_2     conda-forge     194kB
2025-01-21T13:21:25.5443290Z   + readline                            8.2  h92ec313_1          conda-forge     250kB
2025-01-21T13:21:25.5443590Z   + requests                         2.32.3  pyhd8ed1ab_1        conda-forge      59kB
2025-01-21T13:21:25.5443920Z   + ruamel.yaml                     0.18.10  py313h90d716c_0     conda-forge     270kB
2025-01-21T13:21:25.5444480Z   + ruamel.yaml.clib                  0.2.8  py313h63a2874_1     conda-forge     116kB
2025-01-21T13:21:25.5444810Z   + setuptools                       75.8.0  pyhff2d567_0        conda-forge     776kB
2025-01-21T13:21:25.5445210Z   + six                              1.17.0  pyhd8ed1ab_0        conda-forge      16kB
2025-01-21T13:21:25.5445570Z   + smmap                             5.0.0  pyhd8ed1ab_0        conda-forge      22kB
2025-01-21T13:21:25.5445860Z   + tk                               8.6.13  h5083fa2_1          conda-forge       3MB
2025-01-21T13:21:25.5446170Z   + tomli                             2.2.1  pyhd8ed1ab_1        conda-forge      19kB
2025-01-21T13:21:25.5446580Z   + tomlkit                          0.13.2  pyha770c72_1        conda-forge      37kB
2025-01-21T13:21:25.5446870Z   + toolz                            0.12.1  pyhd8ed1ab_0        conda-forge      52kB
2025-01-21T13:21:25.5447370Z   + typing-extensions                4.12.2  hd8ed1ab_1          conda-forge      10kB
2025-01-21T13:21:25.5447720Z   + typing_extensions                4.12.2  pyha770c72_1        conda-forge      40kB
2025-01-21T13:21:25.5448210Z   + tzdata                            2025a  h78e105d_0          conda-forge     123kB
2025-01-21T13:21:25.5448600Z   + urllib3                         1.26.19  pyhd8ed1ab_0        conda-forge     115kB
2025-01-21T13:21:25.5448960Z   + virtualenv                      20.29.1  pyhd8ed1ab_0        conda-forge       4MB
2025-01-21T13:21:25.5449310Z   + webencodings                      0.5.1  pyhd8ed1ab_3        conda-forge      15kB
2025-01-21T13:21:25.5449650Z   + yaml                              0.2.5  h3422bc3_2          conda-forge      88kB
2025-01-21T13:21:25.5449930Z   + zipp                             3.21.0  pyhd8ed1ab_1        conda-forge      22kB
2025-01-21T13:21:25.5450120Z 
2025-01-21T13:21:25.5450190Z   Summary:
2025-01-21T13:21:25.5450280Z 
2025-01-21T13:21:25.5450330Z   Install: 74 packages
2025-01-21T13:21:25.5450450Z 
2025-01-21T13:21:25.5450520Z   Total download: 34MB
2025-01-21T13:21:25.5450610Z 
2025-01-21T13:21:25.5450820Z ────────────────────────────────────────────────────────────────────────────────────────
2025-01-21T13:21:25.5451020Z 
2025-01-21T13:21:25.5451030Z 
2025-01-21T13:21:25.5451030Z 
2025-01-21T13:21:25.5451080Z Transaction starting
2025-01-21T13:21:27.3105210Z Linking libexpat-2.6.4-h286801f_0
2025-01-21T13:21:27.3122490Z Linking libmpdec-4.0.0-h99b78c6_0
2025-01-21T13:21:27.3129200Z Linking python_abi-3.13-5_cp313
2025-01-21T13:21:27.3134160Z Linking ncurses-6.5-h5e97a16_2
2025-01-21T13:21:30.0064030Z Linking bzip2-1.0.8-h99b78c6_7
2025-01-21T13:21:30.0163990Z Linking liblzma-5.6.3-h39f12f2_1
2025-01-21T13:21:30.0264010Z Linking libzlib-1.3.1-h8359307_2
2025-01-21T13:21:30.0318730Z Linking libffi-3.4.2-h3422bc3_5
2025-01-21T13:21:30.0327380Z Linking ca-certificates-2024.12.14-hf0a4a13_0
2025-01-21T13:21:30.0383450Z Linking libcxx-19.1.7-ha82da77_0
2025-01-21T13:21:30.0399140Z Linking yaml-0.2.5-h3422bc3_2
2025-01-21T13:21:30.0429370Z Linking readline-8.2-h92ec313_1
2025-01-21T13:21:30.0429700Z Linking tk-8.6.13-h5083fa2_1
2025-01-21T13:21:30.1510990Z Linking libsqlite-3.48.0-h3f77e49_0
2025-01-21T13:21:30.1521750Z Linking openssl-3.4.0-h81ee809_1
2025-01-21T13:21:30.2128280Z Linking tzdata-2025a-h78e105d_0
2025-01-21T13:21:30.3610990Z Linking python-3.13.1-h4f43103_105_cp313
2025-01-21T13:21:30.9724300Z Linking pip-24.3.1-pyh145f28c_2
2025-01-21T13:21:31.0831740Z Linking backports-1.0-pyhd8ed1ab_5
2025-01-21T13:21:31.0835290Z Linking appdirs-1.4.4-pyhd8ed1ab_1
2025-01-21T13:21:31.0938400Z Linking smmap-5.0.0-pyhd8ed1ab_0
2025-01-21T13:21:31.0959940Z Linking webencodings-0.5.1-pyhd8ed1ab_3
2025-01-21T13:21:31.1035680Z Linking six-1.17.0-pyhd8ed1ab_0
2025-01-21T13:21:31.1303360Z Linking zipp-3.21.0-pyhd8ed1ab_1
2025-01-21T13:21:31.1372010Z Linking more-itertools-10.6.0-pyhd8ed1ab_0
2025-01-21T13:21:31.1499140Z Linking idna-3.10-pyhd8ed1ab_1
2025-01-21T13:21:31.1619150Z Linking charset-normalizer-3.4.1-pyhd8ed1ab_0
2025-01-21T13:21:31.1633060Z Linking certifi-2024.12.14-pyhd8ed1ab_0
2025-01-21T13:21:31.1637490Z Linking pysocks-1.7.1-pyha55dd90_7
2025-01-21T13:21:31.1713760Z Linking platformdirs-4.3.6-pyhd8ed1ab_1
2025-01-21T13:21:31.2013570Z Linking distlib-0.3.9-pyhd8ed1ab_1
2025-01-21T13:21:31.2041830Z Linking filelock-3.16.1-pyhd8ed1ab_1
2025-01-21T13:21:31.2042050Z Linking pylev-1.4.0-pyhd8ed1ab_0
2025-01-21T13:21:31.2042240Z Linking pastel-0.2.1-pyhd8ed1ab_0
2025-01-21T13:21:31.2153730Z Linking typing_extensions-4.12.2-pyha770c72_1
2025-01-21T13:21:31.2248330Z Linking toolz-0.12.1-pyhd8ed1ab_0
2025-01-21T13:21:31.2248760Z Linking tomlkit-0.13.2-pyha770c72_1
2025-01-21T13:21:31.2249060Z Linking tomli-2.2.1-pyhd8ed1ab_1
2025-01-21T13:21:31.2249360Z Linking setuptools-75.8.0-pyhff2d567_0
2025-01-21T13:21:31.4876850Z Linking pkginfo-1.12.0-pyhd8ed1ab_1
2025-01-21T13:21:31.5183570Z Linking packaging-24.2-pyhd8ed1ab_2
2025-01-21T13:21:31.5304250Z Linking crashtest-0.4.1-pyhd8ed1ab_1
2025-01-21T13:21:31.5408400Z Linking click-8.1.8-pyh707e725_0
2025-01-21T13:21:31.5605190Z Linking cachy-0.3.0-pyhd8ed1ab_2
2025-01-21T13:21:31.5707310Z Linking backports.tarfile-1.2.0-pyhd8ed1ab_1
2025-01-21T13:21:31.5776770Z Linking gitdb-4.0.12-pyhd8ed1ab_0
2025-01-21T13:21:31.5981270Z Linking html5lib-1.1-pyhd8ed1ab_2
2025-01-21T13:21:31.6282910Z Linking importlib_resources-6.5.2-pyhd8ed1ab_0
2025-01-21T13:21:31.6384050Z Linking importlib-metadata-8.6.1-pyha770c72_0
2025-01-21T13:21:31.6587150Z Linking jaraco.functools-4.1.0-pyhd8ed1ab_0
2025-01-21T13:21:31.6690560Z Linking jaraco.classes-3.4.0-pyhd8ed1ab_2
2025-01-21T13:21:31.6806070Z Linking virtualenv-20.29.1-pyhd8ed1ab_0
2025-01-21T13:21:31.7851370Z Linking clikit-0.6.2-pyhd8ed1ab_3
2025-01-21T13:21:31.8358670Z Linking typing-extensions-4.12.2-hd8ed1ab_1
2025-01-21T13:21:31.8459750Z Linking click-default-group-1.2.4-pyhd8ed1ab_1
2025-01-21T13:21:31.8560720Z Linking jaraco.context-6.0.1-pyhd8ed1ab_0
2025-01-21T13:21:31.8661720Z Linking gitpython-3.1.44-pyhff2d567_0
2025-01-21T13:21:31.8764110Z Linking annotated-types-0.7.0-pyhd8ed1ab_1
2025-01-21T13:21:31.8886790Z Linking keyring-25.6.0-pyh534df25_0
2025-01-21T13:21:31.8992060Z Linking pyyaml-6.0.2-py313ha9b7d5b_2
2025-01-21T13:21:31.9093640Z Linking markupsafe-3.0.2-py313ha9b7d5b_1
2025-01-21T13:21:31.9203660Z Linking msgpack-python-1.1.0-py313hf9c7212_0
2025-01-21T13:21:31.9306860Z Linking ruamel.yaml.clib-0.2.8-py313h63a2874_1
2025-01-21T13:21:31.9420550Z Linking brotli-python-1.1.0-py313h3579c5c_2
2025-01-21T13:21:31.9523990Z Linking pydantic-core-2.27.2-py313hdde674f_0
2025-01-21T13:21:31.9636950Z Linking ruamel.yaml-0.18.10-py313h90d716c_0
2025-01-21T13:21:31.9740310Z Linking jinja2-3.1.5-pyhd8ed1ab_0
2025-01-21T13:21:31.9858370Z Linking urllib3-1.26.19-pyhd8ed1ab_0
2025-01-21T13:21:31.9950580Z Linking pydantic-2.10.5-pyh3cfb1c2_0
2025-01-21T13:21:31.9953080Z Linking requests-2.32.3-pyhd8ed1ab_1
2025-01-21T13:21:32.0059920Z Linking ensureconda-1.4.4-pyhd8ed1ab_1
2025-01-21T13:21:32.0168300Z Linking cachecontrol-0.14.2-pyha770c72_0
2025-01-21T13:21:32.0272110Z Linking cachecontrol-with-filecache-0.14.2-pyhd8ed1ab_0
2025-01-21T13:21:32.0376460Z Linking conda-lock-2.5.7-pyhd8ed1ab_1
2025-01-21T13:21:33.0687590Z 
2025-01-21T13:21:33.0689340Z Transaction finished
2025-01-21T13:21:33.0693110Z 
2025-01-21T13:21:33.0693440Z To activate this environment, use:
2025-01-21T13:21:33.0693780Z 
2025-01-21T13:21:33.0693960Z     micromamba activate tardis-base
2025-01-21T13:21:33.0694190Z 
2025-01-21T13:21:33.0694410Z Or to execute a single command in this environment, use:
2025-01-21T13:21:33.0694680Z 
2025-01-21T13:21:33.0694870Z     micromamba run -n tardis-base mycommand
2025-01-21T13:21:33.0695110Z 
2025-01-21T13:21:33.0782110Z ##[endgroup]
2025-01-21T13:21:33.0782430Z Adding environment tardis-base to auto-activate bash ...
2025-01-21T13:21:33.0792330Z Generating micromamba run shell.
2025-01-21T13:21:33.0802520Z ##[endgroup]
2025-01-21T13:21:33.0804900Z Set environment variables.
2025-01-21T13:21:33.0809140Z ##[group]micromamba info
2025-01-21T13:21:33.0812470Z [command]/Users/runner/micromamba-bin/micromamba info -r /Users/runner/micromamba -n tardis-base
2025-01-21T13:21:33.1099770Z 
2025-01-21T13:21:33.1100120Z        libmamba version : 2.0.5
2025-01-21T13:21:33.1100390Z      micromamba version : 2.0.5
2025-01-21T13:21:33.1100870Z            curl version : libcurl/8.11.1 (OpenSSL/3.4.0) SecureTransport zlib/1.3.1 zstd/1.5.6 libssh2/1.11.1 nghttp2/1.64.0
2025-01-21T13:21:33.1102540Z      libarchive version : libarchive 3.7.7 zlib/1.3.1 bz2lib/1.0.8 libzstd/1.5.6
2025-01-21T13:21:33.1102980Z        envs directories : /Users/runner/micromamba/envs
2025-01-21T13:21:33.1103250Z           package cache : /Users/runner/micromamba/pkgs
2025-01-21T13:21:33.1103500Z                           /Users/runner/.mamba/pkgs
2025-01-21T13:21:33.1104450Z             environment : tardis-base
2025-01-21T13:21:33.1104760Z            env location : /Users/runner/micromamba/envs/tardis-base
2025-01-21T13:21:33.1105650Z       user config files : /Users/runner/.mambarc
2025-01-21T13:21:33.1105980Z  populated config files : /Users/runner/work/_temp/setup-micromamba/.condarc
2025-01-21T13:21:33.1106280Z        virtual packages : __unix=0=0
2025-01-21T13:21:33.1106680Z                           __osx=14.7.2=0
2025-01-21T13:21:33.1106880Z                           __archspec=1=arm64
2025-01-21T13:21:33.1107220Z                channels : https://conda.anaconda.org/conda-forge/noarch
2025-01-21T13:21:33.1107600Z                           https://conda.anaconda.org/conda-forge/osx-arm64
2025-01-21T13:21:33.1107870Z        base environment : /Users/runner/micromamba
2025-01-21T13:21:33.1108090Z                platform : osx-arm64
2025-01-21T13:21:33.1110510Z ##[endgroup]
2025-01-21T13:21:33.1110770Z ##[group]micromamba list
2025-01-21T13:21:33.1113990Z [command]/Users/runner/micromamba-bin/micromamba list -r /Users/runner/micromamba -n tardis-base
2025-01-21T13:21:33.6861400Z List of packages in environment: "/Users/runner/micromamba/envs/tardis-base"
2025-01-21T13:21:33.6861830Z 
2025-01-21T13:21:33.6862010Z   Name                         Version     Build               Channel    
2025-01-21T13:21:33.6862990Z ────────────────────────────────────────────────────────────────────────────
2025-01-21T13:21:33.6863350Z   annotated-types              0.7.0       pyhd8ed1ab_1        conda-forge
2025-01-21T13:21:33.6864700Z   appdirs                      1.4.4       pyhd8ed1ab_1        conda-forge
2025-01-21T13:21:33.6865160Z   backports                    1.0         pyhd8ed1ab_5        conda-forge
2025-01-21T13:21:33.6865540Z   backports.tarfile            1.2.0       pyhd8ed1ab_1        conda-forge
2025-01-21T13:21:33.6865900Z   brotli-python                1.1.0       py313h3579c5c_2     conda-forge
2025-01-21T13:21:33.6866200Z   bzip2                        1.0.8       h99b78c6_7          conda-forge
2025-01-21T13:21:33.6866490Z   ca-certificates              2024.12.14  hf0a4a13_0          conda-forge
2025-01-21T13:21:33.6866820Z   cachecontrol                 0.14.2      pyha770c72_0        conda-forge
2025-01-21T13:21:33.6867140Z   cachecontrol-with-filecache  0.14.2      pyhd8ed1ab_0        conda-forge
2025-01-21T13:21:33.6867440Z   cachy                        0.3.0       pyhd8ed1ab_2        conda-forge
2025-01-21T13:21:33.6868770Z   certifi                      2024.12.14  pyhd8ed1ab_0        conda-forge
2025-01-21T13:21:33.6869100Z   charset-normalizer           3.4.1       pyhd8ed1ab_0        conda-forge
2025-01-21T13:21:33.6869390Z   click                        8.1.8       pyh707e725_0        conda-forge
2025-01-21T13:21:33.6869670Z   click-default-group          1.2.4       pyhd8ed1ab_1        conda-forge
2025-01-21T13:21:33.6869990Z   clikit                       0.6.2       pyhd8ed1ab_3        conda-forge
2025-01-21T13:21:33.6870300Z   conda-lock                   2.5.7       pyhd8ed1ab_1        conda-forge
2025-01-21T13:21:33.6870870Z   crashtest                    0.4.1       pyhd8ed1ab_1        conda-forge
2025-01-21T13:21:33.6871260Z   distlib                      0.3.9       pyhd8ed1ab_1        conda-forge
2025-01-21T13:21:33.6871580Z   ensureconda                  1.4.4       pyhd8ed1ab_1        conda-forge
2025-01-21T13:21:33.6871900Z   filelock                     3.16.1      pyhd8ed1ab_1        conda-forge
2025-01-21T13:21:33.6872180Z   gitdb                        4.0.12      pyhd8ed1ab_0        conda-forge
2025-01-21T13:21:33.6872450Z   gitpython                    3.1.44      pyhff2d567_0        conda-forge
2025-01-21T13:21:33.6872770Z   html5lib                     1.1         pyhd8ed1ab_2        conda-forge
2025-01-21T13:21:33.6873050Z   idna                         3.10        pyhd8ed1ab_1        conda-forge
2025-01-21T13:21:33.6873380Z   importlib-metadata           8.6.1       pyha770c72_0        conda-forge
2025-01-21T13:21:33.6873830Z   importlib_resources          6.5.2       pyhd8ed1ab_0        conda-forge
2025-01-21T13:21:33.6874210Z   jaraco.classes               3.4.0       pyhd8ed1ab_2        conda-forge
2025-01-21T13:21:33.6875220Z   jaraco.context               6.0.1       pyhd8ed1ab_0        conda-forge
2025-01-21T13:21:33.6875570Z   jaraco.functools             4.1.0       pyhd8ed1ab_0        conda-forge
2025-01-21T13:21:33.6876240Z   jinja2                       3.1.5       pyhd8ed1ab_0        conda-forge
2025-01-21T13:21:33.6876590Z   keyring                      25.6.0      pyh534df25_0        conda-forge
2025-01-21T13:21:33.6876880Z   libcxx                       19.1.7      ha82da77_0          conda-forge
2025-01-21T13:21:33.6877190Z   libexpat                     2.6.4       h286801f_0          conda-forge
2025-01-21T13:21:33.6877470Z   libffi                       3.4.2       h3422bc3_5          conda-forge
2025-01-21T13:21:33.6877760Z   liblzma                      5.6.3       h39f12f2_1          conda-forge
2025-01-21T13:21:33.6878020Z   libmpdec                     4.0.0       h99b78c6_0          conda-forge
2025-01-21T13:21:33.6878310Z   libsqlite                    3.48.0      h3f77e49_0          conda-forge
2025-01-21T13:21:33.6878690Z   libzlib                      1.3.1       h8359307_2          conda-forge
2025-01-21T13:21:33.6879070Z   markupsafe                   3.0.2       py313ha9b7d5b_1     conda-forge
2025-01-21T13:21:33.6879450Z   more-itertools               10.6.0      pyhd8ed1ab_0        conda-forge
2025-01-21T13:21:33.6879830Z   msgpack-python               1.1.0       py313hf9c7212_0     conda-forge
2025-01-21T13:21:33.6880200Z   ncurses                      6.5         h5e97a16_2          conda-forge
2025-01-21T13:21:33.6880490Z   openssl                      3.4.0       h81ee809_1          conda-forge
2025-01-21T13:21:33.6880810Z   packaging                    24.2        pyhd8ed1ab_2        conda-forge
2025-01-21T13:21:33.6881160Z   pastel                       0.2.1       pyhd8ed1ab_0        conda-forge
2025-01-21T13:21:33.6881430Z   pip                          24.3.1      pyh145f28c_2        conda-forge
2025-01-21T13:21:33.6881740Z   pkginfo                      1.12.0      pyhd8ed1ab_1        conda-forge
2025-01-21T13:21:33.6882070Z   platformdirs                 4.3.6       pyhd8ed1ab_1        conda-forge
2025-01-21T13:21:33.6882420Z   pydantic                     2.10.5      pyh3cfb1c2_0        conda-forge
2025-01-21T13:21:33.6882730Z   pydantic-core                2.27.2      py313hdde674f_0     conda-forge
2025-01-21T13:21:33.6883050Z   pylev                        1.4.0       pyhd8ed1ab_0        conda-forge
2025-01-21T13:21:33.6883400Z   pysocks                      1.7.1       pyha55dd90_7        conda-forge
2025-01-21T13:21:33.6883710Z   python                       3.13.1      h4f43103_105_cp313  conda-forge
2025-01-21T13:21:33.6884010Z   python_abi                   3.13        5_cp313             conda-forge
2025-01-21T13:21:33.6884330Z   pyyaml                       6.0.2       py313ha9b7d5b_2     conda-forge
2025-01-21T13:21:33.6884850Z   readline                     8.2         h92ec313_1          conda-forge
2025-01-21T13:21:33.6885170Z   requests                     2.32.3      pyhd8ed1ab_1        conda-forge
2025-01-21T13:21:33.6885450Z   ruamel.yaml                  0.18.10     py313h90d716c_0     conda-forge
2025-01-21T13:21:33.6885810Z   ruamel.yaml.clib             0.2.8       py313h63a2874_1     conda-forge
2025-01-21T13:21:33.6886110Z   setuptools                   75.8.0      pyhff2d567_0        conda-forge
2025-01-21T13:21:33.6886450Z   six                          1.17.0      pyhd8ed1ab_0        conda-forge
2025-01-21T13:21:33.6886710Z   smmap                        5.0.0       pyhd8ed1ab_0        conda-forge
2025-01-21T13:21:33.6886960Z   tk                           8.6.13      h5083fa2_1          conda-forge
2025-01-21T13:21:33.6887230Z   tomli                        2.2.1       pyhd8ed1ab_1        conda-forge
2025-01-21T13:21:33.6887510Z   tomlkit                      0.13.2      pyha770c72_1        conda-forge
2025-01-21T13:21:33.6887820Z   toolz                        0.12.1      pyhd8ed1ab_0        conda-forge
2025-01-21T13:21:33.6888430Z   typing-extensions            4.12.2      hd8ed1ab_1          conda-forge
2025-01-21T13:21:33.6888820Z   typing_extensions            4.12.2      pyha770c72_1        conda-forge
2025-01-21T13:21:33.6889160Z   tzdata                       2025a       h78e105d_0          conda-forge
2025-01-21T13:21:33.6889830Z   urllib3                      1.26.19     pyhd8ed1ab_0        conda-forge
2025-01-21T13:21:33.6890220Z   virtualenv                   20.29.1     pyhd8ed1ab_0        conda-forge
2025-01-21T13:21:33.6890570Z   webencodings                 0.5.1       pyhd8ed1ab_3        conda-forge
2025-01-21T13:21:33.6890940Z   yaml                         0.2.5       h3422bc3_2          conda-forge
2025-01-21T13:21:33.6891260Z   zipp                         3.21.0      pyhd8ed1ab_1        conda-forge
2025-01-21T13:21:33.6891860Z ##[endgroup]
2025-01-21T13:21:33.6957680Z ##[group]Run mkdir -p /home/runner/micromamba/envs/tardis
2025-01-21T13:21:33.6958160Z [36;1mmkdir -p /home/runner/micromamba/envs/tardis[0m
2025-01-21T13:21:33.6958540Z [36;1mconda-lock install --prefix /home/runner/micromamba/envs/tardis conda-osx-arm64.lock[0m
2025-01-21T13:21:33.6958860Z [36;1mmicromamba shell deinit -s bash[0m
2025-01-21T13:21:33.6959050Z [36;1mmicromamba activate tardis[0m
2025-01-21T13:21:33.6959270Z [36;1mecho 'micromamba activate tardis' >> ~/.bashrc[0m
2025-01-21T13:21:33.6959480Z [36;1mpytest[0m
2025-01-21T13:21:33.7019860Z shell: /bin/bash -el {0}
2025-01-21T13:21:33.7020050Z env:
2025-01-21T13:21:33.7020200Z   CACHE_NUMBER: 0
2025-01-21T13:21:33.7020680Z   PYTEST_FLAGS: --tardis-regression-data=/Users/runner/work/tardis/tardis/tardis-regression-data --cov=tardis --cov-report=xml --cov-report=html --cov-append
2025-01-21T13:21:33.7021160Z   CODECOV_TOKEN: 
2025-01-21T13:21:33.7021320Z   MAMBA_ROOT_PREFIX: /Users/runner/micromamba
2025-01-21T13:21:33.7021550Z   MAMBA_EXE: /Users/runner/micromamba-bin/micromamba
2025-01-21T13:21:33.7021820Z   CONDARC: /Users/runner/work/_temp/setup-micromamba/.condarc
2025-01-21T13:21:33.7022050Z ##[endgroup]
2025-01-21T13:21:33.8514130Z mkdir: /home/runner: Operation not supported
2025-01-21T13:21:33.8533350Z ##[error]Process completed with exit code 1.
2025-01-21T13:21:33.8822380Z Post job cleanup.
2025-01-21T13:21:33.8853550Z Post job cleanup.
2025-01-21T13:21:34.0040040Z Will use pre-installed micromamba at /Users/runner/micromamba-bin/micromamba
2025-01-21T13:21:34.0043290Z Removing micromamba run shell ...
2025-01-21T13:21:34.0045200Z ##[group]Deinitialize micromamba for bash
2025-01-21T13:21:34.0056270Z [command]/Users/runner/micromamba-bin/micromamba shell deinit -s bash -r /Users/runner/micromamba --log-level warning --rc-file /Users/runner/work/_temp/setup-micromamba/.condarc
2025-01-21T13:21:34.0189320Z Resetting RC file "/Users/runner/.bash_profile"
2025-01-21T13:21:34.0189630Z Deleting config for root prefix 
2025-01-21T13:21:34.0189850Z Clearing mamba executable environment variable
2025-01-21T13:21:34.0198510Z Removing the following in your "/Users/runner/.bash_profile" file
2025-01-21T13:21:34.0198830Z # >>> mamba initialize >>>
2025-01-21T13:21:34.0198990Z ...
2025-01-21T13:21:34.0199130Z # <<< mamba initialize <<<
2025-01-21T13:21:34.0221600Z Removing environment tardis-base from auto-activate bash ...
2025-01-21T13:21:34.0329320Z Post job cleanup.
2025-01-21T13:21:34.1682090Z [command]/opt/homebrew/bin/git version
2025-01-21T13:21:34.1893820Z git version 2.48.0
2025-01-21T13:21:34.1917750Z Copying '/Users/runner/.gitconfig' to '/Users/runner/work/_temp/79ea5658-8dee-49c5-aadb-f0d6b2c1f1d2/.gitconfig'
2025-01-21T13:21:34.1926700Z Temporarily overriding HOME='/Users/runner/work/_temp/79ea5658-8dee-49c5-aadb-f0d6b2c1f1d2' before making global git config changes
2025-01-21T13:21:34.1927300Z Adding repository directory to the temporary git global config as a safe directory
2025-01-21T13:21:34.1936400Z [command]/opt/homebrew/bin/git config --global --add safe.directory /Users/runner/work/tardis/tardis
2025-01-21T13:21:34.1990400Z [command]/opt/homebrew/bin/git config --local --name-only --get-regexp core\.sshCommand
2025-01-21T13:21:34.2040070Z [command]/opt/homebrew/bin/git submodule foreach --recursive sh -c "git config --local --name-only --get-regexp 'core\.sshCommand' && git config --local --unset-all 'core.sshCommand' || :"
2025-01-21T13:21:34.2673590Z [command]/opt/homebrew/bin/git config --local --name-only --get-regexp http\.https\:\/\/github\.com\/\.extraheader
2025-01-21T13:21:34.2708660Z http.https://github.com/.extraheader
2025-01-21T13:21:34.2717770Z [command]/opt/homebrew/bin/git config --local --unset-all http.https://github.com/.extraheader
2025-01-21T13:21:34.2764310Z [command]/opt/homebrew/bin/git submodule foreach --recursive sh -c "git config --local --name-only --get-regexp 'http\.https\:\/\/github\.com\/\.extraheader' && git config --local --unset-all 'http.https://github.com/.extraheader' || :"
2025-01-21T13:21:34.3370040Z Cleaning up orphan processes
