2025-01-17T11:16:37.6629777Z Requested labels: macos-latest
2025-01-17T11:16:37.6630089Z Job defined at: tardis-sn/tardis/.github/workflows/tests.yml@refs/pull/2935/merge
2025-01-17T11:16:37.6630259Z Waiting for a runner to pick up this job...
2025-01-17T11:16:37.9787766Z Job is waiting for a hosted runner to come online.
2025-01-17T11:16:41.2531803Z Job is about to start running on the hosted runner: GitHub Actions 38 (hosted)
2025-01-17T11:16:41.9568380Z Current runner version: '2.321.0'
2025-01-17T11:16:41.9585160Z ##[group]Operating System
2025-01-17T11:16:41.9585730Z macOS
2025-01-17T11:16:41.9586030Z 14.7.2
2025-01-17T11:16:41.9586330Z 23H311
2025-01-17T11:16:41.9586640Z ##[endgroup]
2025-01-17T11:16:41.9586960Z ##[group]Runner Image
2025-01-17T11:16:41.9587310Z Image: macos-14-arm64
2025-01-17T11:16:41.9587630Z Version: 20250113.751
2025-01-17T11:16:41.9588320Z Included Software: https://github.com/actions/runner-images/blob/macos-14-arm64/20250113.751/images/macos/macos-14-arm64-Readme.md
2025-01-17T11:16:41.9589250Z Image Release: https://github.com/actions/runner-images/releases/tag/macos-14-arm64%2F20250113.751
2025-01-17T11:16:41.9589830Z ##[endgroup]
2025-01-17T11:16:41.9590150Z ##[group]Runner Image Provisioner
2025-01-17T11:16:41.9590860Z 2.0.414.1+2ecee806bcbb7b5d267443ac0090547f461e95b1
2025-01-17T11:16:41.9591290Z ##[endgroup]
2025-01-17T11:16:41.9592680Z ##[group]GITHUB_TOKEN Permissions
2025-01-17T11:16:41.9593910Z Actions: read
2025-01-17T11:16:41.9594240Z Attestations: read
2025-01-17T11:16:41.9595800Z Checks: read
2025-01-17T11:16:41.9596160Z Contents: read
2025-01-17T11:16:41.9596490Z Deployments: read
2025-01-17T11:16:41.9596820Z Discussions: read
2025-01-17T11:16:41.9597130Z Issues: read
2025-01-17T11:16:41.9597410Z Metadata: read
2025-01-17T11:16:41.9597710Z Packages: read
2025-01-17T11:16:41.9598070Z Pages: read
2025-01-17T11:16:41.9598360Z PullRequests: read
2025-01-17T11:16:41.9598690Z RepositoryProjects: read
2025-01-17T11:16:41.9599020Z SecurityEvents: read
2025-01-17T11:16:41.9599330Z Statuses: read
2025-01-17T11:16:41.9599630Z ##[endgroup]
2025-01-17T11:16:41.9601810Z Secret source: None
2025-01-17T11:16:41.9602190Z Prepare workflow directory
2025-01-17T11:16:41.9943890Z Prepare all required actions
2025-01-17T11:16:41.9970220Z Getting action download info
2025-01-17T11:16:42.1352790Z Download action repository 'actions/checkout@v4' (SHA:11bd71901bbe5b1630ceea73d27597364c9af683)
2025-01-17T11:16:42.5742660Z Download action repository 'actions/upload-artifact@v4' (SHA:65c4c4a1ddee5b72f698fdd19549f0f0fb45cf08)
2025-01-17T11:16:43.9613120Z Complete job name: not continuum macos-latest 
2025-01-17T11:16:44.0048470Z ##[group]Run actions/checkout@v4
2025-01-17T11:16:44.0049130Z with:
2025-01-17T11:16:44.0049840Z   repository: tardis-sn/tardis
2025-01-17T11:16:44.0050470Z   token: ***
2025-01-17T11:16:44.0050770Z   ssh-strict: true
2025-01-17T11:16:44.0051060Z   ssh-user: git
2025-01-17T11:16:44.0051370Z   persist-credentials: true
2025-01-17T11:16:44.0051710Z   clean: true
2025-01-17T11:16:44.0052030Z   sparse-checkout-cone-mode: true
2025-01-17T11:16:44.0052390Z   fetch-depth: 1
2025-01-17T11:16:44.0052690Z   fetch-tags: false
2025-01-17T11:16:44.0052990Z   show-progress: true
2025-01-17T11:16:44.0053290Z   lfs: false
2025-01-17T11:16:44.0053600Z   submodules: false
2025-01-17T11:16:44.0053920Z   set-safe-directory: true
2025-01-17T11:16:44.0054560Z env:
2025-01-17T11:16:44.0054840Z   CACHE_NUMBER: 0
2025-01-17T11:16:44.0055700Z   PYTEST_FLAGS: --tardis-regression-data=/Users/runner/work/tardis/tardis/tardis-regression-data --cov=tardis --cov-report=xml --cov-report=html --cov-append
2025-01-17T11:16:44.0056640Z   CODECOV_TOKEN: 
2025-01-17T11:16:44.0056930Z ##[endgroup]
2025-01-17T11:16:44.3482950Z Syncing repository: tardis-sn/tardis
2025-01-17T11:16:44.3484310Z ##[group]Getting Git version info
2025-01-17T11:16:44.3484830Z Working directory is '/Users/runner/work/tardis/tardis'
2025-01-17T11:16:44.3485560Z [command]/opt/homebrew/bin/git version
2025-01-17T11:16:44.3616390Z git version 2.48.0
2025-01-17T11:16:44.3639530Z ##[endgroup]
2025-01-17T11:16:44.3645530Z Copying '/Users/runner/.gitconfig' to '/Users/runner/work/_temp/98826ea6-231f-441e-997b-f0f7654c5052/.gitconfig'
2025-01-17T11:16:44.3652370Z Temporarily overriding HOME='/Users/runner/work/_temp/98826ea6-231f-441e-997b-f0f7654c5052' before making global git config changes
2025-01-17T11:16:44.3653430Z Adding repository directory to the temporary git global config as a safe directory
2025-01-17T11:16:44.3656540Z [command]/opt/homebrew/bin/git config --global --add safe.directory /Users/runner/work/tardis/tardis
2025-01-17T11:16:44.3740280Z Deleting the contents of '/Users/runner/work/tardis/tardis'
2025-01-17T11:16:44.3742290Z ##[group]Initializing the repository
2025-01-17T11:16:44.3747860Z [command]/opt/homebrew/bin/git init /Users/runner/work/tardis/tardis
2025-01-17T11:16:44.3901070Z hint: Using 'master' as the name for the initial branch. This default branch name
2025-01-17T11:16:44.3902160Z hint: is subject to change. To configure the initial branch name to use in all
2025-01-17T11:16:44.3903790Z hint: of your new repositories, which will suppress this warning, call:
2025-01-17T11:16:44.3904420Z hint:
2025-01-17T11:16:44.3904810Z hint: 	git config --global init.defaultBranch <name>
2025-01-17T11:16:44.3905280Z hint:
2025-01-17T11:16:44.3905710Z hint: Names commonly chosen instead of 'master' are 'main', 'trunk' and
2025-01-17T11:16:44.3906390Z hint: 'development'. The just-created branch can be renamed via this command:
2025-01-17T11:16:44.3906980Z hint:
2025-01-17T11:16:44.3907330Z hint: 	git branch -m <name>
2025-01-17T11:16:44.3907870Z Initialized empty Git repository in /Users/runner/work/tardis/tardis/.git/
2025-01-17T11:16:44.3910760Z [command]/opt/homebrew/bin/git remote add origin https://github.com/tardis-sn/tardis
2025-01-17T11:16:44.3966140Z ##[endgroup]
2025-01-17T11:16:44.3966780Z ##[group]Disabling automatic garbage collection
2025-01-17T11:16:44.3968540Z [command]/opt/homebrew/bin/git config --local gc.auto 0
2025-01-17T11:16:44.4029270Z ##[endgroup]
2025-01-17T11:16:44.4031020Z ##[group]Setting up auth
2025-01-17T11:16:44.4033220Z [command]/opt/homebrew/bin/git config --local --name-only --get-regexp core\.sshCommand
2025-01-17T11:16:44.4124760Z [command]/opt/homebrew/bin/git submodule foreach --recursive sh -c "git config --local --name-only --get-regexp 'core\.sshCommand' && git config --local --unset-all 'core.sshCommand' || :"
2025-01-17T11:16:44.5051350Z [command]/opt/homebrew/bin/git config --local --name-only --get-regexp http\.https\:\/\/github\.com\/\.extraheader
2025-01-17T11:16:44.5106950Z [command]/opt/homebrew/bin/git submodule foreach --recursive sh -c "git config --local --name-only --get-regexp 'http\.https\:\/\/github\.com\/\.extraheader' && git config --local --unset-all 'http.https://github.com/.extraheader' || :"
2025-01-17T11:16:44.6839450Z [command]/opt/homebrew/bin/git config --local http.https://github.com/.extraheader AUTHORIZATION: basic ***
2025-01-17T11:16:44.6979290Z ##[endgroup]
2025-01-17T11:16:44.6980040Z ##[group]Fetching the repository
2025-01-17T11:16:44.6981220Z [command]/opt/homebrew/bin/git -c protocol.version=2 fetch --no-tags --prune --no-recurse-submodules --depth=1 origin +f3392f6deb6d87009006afc057dfafe25715bb67:refs/remotes/pull/2935/merge
2025-01-17T11:16:47.6849860Z From https://github.com/tardis-sn/tardis
2025-01-17T11:16:47.6850890Z  * [new ref]         f3392f6deb6d87009006afc057dfafe25715bb67 -> pull/2935/merge
2025-01-17T11:16:47.6904970Z ##[endgroup]
2025-01-17T11:16:47.6905340Z ##[group]Determining the checkout info
2025-01-17T11:16:47.6905710Z ##[endgroup]
2025-01-17T11:16:47.6909260Z [command]/opt/homebrew/bin/git sparse-checkout disable
2025-01-17T11:16:47.6967800Z [command]/opt/homebrew/bin/git config --local --unset-all extensions.worktreeConfig
2025-01-17T11:16:47.7019420Z ##[group]Checking out the ref
2025-01-17T11:16:47.7019940Z [command]/opt/homebrew/bin/git checkout --progress --force refs/remotes/pull/2935/merge
2025-01-17T11:16:47.9006290Z HEAD is now at f3392f6 Merge 5b1c4a78b7ac592d32cb5269fa28a359124c5d80 into 5e2d0bb3139b6cd34b9c08e22fe36d65cd9c57fa
2025-01-17T11:16:47.9017880Z ##[endgroup]
2025-01-17T11:16:47.9085700Z [command]/opt/homebrew/bin/git log -1 --format=%H
2025-01-17T11:16:47.9138860Z f3392f6deb6d87009006afc057dfafe25715bb67
2025-01-17T11:16:47.9353270Z Prepare all required actions
2025-01-17T11:16:47.9353770Z Getting action download info
2025-01-17T11:16:48.0541310Z Download action repository 'actions/cache@v4' (SHA:1bd1e32a3bdc45362d1e726936510720a7c30a57)
2025-01-17T11:16:48.1428340Z ##[group]Run ./.github/actions/setup_lfs
2025-01-17T11:16:48.1428590Z with:
2025-01-17T11:16:48.1428820Z   regression-data-repo: tardis-sn/tardis-regression-data
2025-01-17T11:16:48.1429090Z env:
2025-01-17T11:16:48.1429240Z   CACHE_NUMBER: 0
2025-01-17T11:16:48.1429780Z   PYTEST_FLAGS: --tardis-regression-data=/Users/runner/work/tardis/tardis/tardis-regression-data --cov=tardis --cov-report=xml --cov-report=html --cov-append
2025-01-17T11:16:48.1430350Z   CODECOV_TOKEN: 
2025-01-17T11:16:48.1430520Z ##[endgroup]
2025-01-17T11:16:48.1528660Z ##[group]Run actions/checkout@v4
2025-01-17T11:16:48.1528910Z with:
2025-01-17T11:16:48.1529140Z   repository: atharva-2001/tardis-regression-data
2025-01-17T11:16:48.1529430Z   path: tardis-regression-data
2025-01-17T11:16:48.1529690Z   ref: numpy_v2_2
2025-01-17T11:16:48.1529970Z   token: ***
2025-01-17T11:16:48.1530180Z   ssh-strict: true
2025-01-17T11:16:48.1530370Z   ssh-user: git
2025-01-17T11:16:48.1530610Z   persist-credentials: true
2025-01-17T11:16:48.1530840Z   clean: true
2025-01-17T11:16:48.1531100Z   sparse-checkout-cone-mode: true
2025-01-17T11:16:48.1531340Z   fetch-depth: 1
2025-01-17T11:16:48.1531540Z   fetch-tags: false
2025-01-17T11:16:48.1531730Z   show-progress: true
2025-01-17T11:16:48.1531940Z   lfs: false
2025-01-17T11:16:48.1532120Z   submodules: false
2025-01-17T11:16:48.1532330Z   set-safe-directory: true
2025-01-17T11:16:48.1532550Z env:
2025-01-17T11:16:48.1532730Z   CACHE_NUMBER: 0
2025-01-17T11:16:48.1533280Z   PYTEST_FLAGS: --tardis-regression-data=/Users/runner/work/tardis/tardis/tardis-regression-data --cov=tardis --cov-report=xml --cov-report=html --cov-append
2025-01-17T11:16:48.1533850Z   CODECOV_TOKEN: 
2025-01-17T11:16:48.1534050Z ##[endgroup]
2025-01-17T11:16:48.2287270Z Syncing repository: atharva-2001/tardis-regression-data
2025-01-17T11:16:48.2288160Z ##[group]Getting Git version info
2025-01-17T11:16:48.2288630Z Working directory is '/Users/runner/work/tardis/tardis/tardis-regression-data'
2025-01-17T11:16:48.2319420Z [command]/opt/homebrew/bin/git version
2025-01-17T11:16:48.2363210Z git version 2.48.0
2025-01-17T11:16:48.2377160Z ##[endgroup]
2025-01-17T11:16:48.2382770Z Copying '/Users/runner/.gitconfig' to '/Users/runner/work/_temp/0ecb5e21-466b-40ca-924c-4da86808de48/.gitconfig'
2025-01-17T11:16:48.2389520Z Temporarily overriding HOME='/Users/runner/work/_temp/0ecb5e21-466b-40ca-924c-4da86808de48' before making global git config changes
2025-01-17T11:16:48.2390280Z Adding repository directory to the temporary git global config as a safe directory
2025-01-17T11:16:48.2392480Z [command]/opt/homebrew/bin/git config --global --add safe.directory /Users/runner/work/tardis/tardis/tardis-regression-data
2025-01-17T11:16:48.2438890Z ##[group]Initializing the repository
2025-01-17T11:16:48.2442250Z [command]/opt/homebrew/bin/git init /Users/runner/work/tardis/tardis/tardis-regression-data
2025-01-17T11:16:48.2510670Z hint: Using 'master' as the name for the initial branch. This default branch name
2025-01-17T11:16:48.2511460Z hint: is subject to change. To configure the initial branch name to use in all
2025-01-17T11:16:48.2512120Z hint: of your new repositories, which will suppress this warning, call:
2025-01-17T11:16:48.2512580Z hint:
2025-01-17T11:16:48.2512860Z hint: 	git config --global init.defaultBranch <name>
2025-01-17T11:16:48.2513170Z hint:
2025-01-17T11:16:48.2513510Z hint: Names commonly chosen instead of 'master' are 'main', 'trunk' and
2025-01-17T11:16:48.2513990Z hint: 'development'. The just-created branch can be renamed via this command:
2025-01-17T11:16:48.2514350Z hint:
2025-01-17T11:16:48.2514580Z hint: 	git branch -m <name>
2025-01-17T11:16:48.2515040Z Initialized empty Git repository in /Users/runner/work/tardis/tardis/tardis-regression-data/.git/
2025-01-17T11:16:48.2520460Z [command]/opt/homebrew/bin/git remote add origin https://github.com/atharva-2001/tardis-regression-data
2025-01-17T11:16:48.2570500Z ##[endgroup]
2025-01-17T11:16:48.2571240Z ##[group]Disabling automatic garbage collection
2025-01-17T11:16:48.2572680Z [command]/opt/homebrew/bin/git config --local gc.auto 0
2025-01-17T11:16:48.2615080Z ##[endgroup]
2025-01-17T11:16:48.2615510Z ##[group]Setting up auth
2025-01-17T11:16:48.2619830Z [command]/opt/homebrew/bin/git config --local --name-only --get-regexp core\.sshCommand
2025-01-17T11:16:48.2660600Z [command]/opt/homebrew/bin/git submodule foreach --recursive sh -c "git config --local --name-only --get-regexp 'core\.sshCommand' && git config --local --unset-all 'core.sshCommand' || :"
2025-01-17T11:16:48.3165490Z [command]/opt/homebrew/bin/git config --local --name-only --get-regexp http\.https\:\/\/github\.com\/\.extraheader
2025-01-17T11:16:48.3208700Z [command]/opt/homebrew/bin/git submodule foreach --recursive sh -c "git config --local --name-only --get-regexp 'http\.https\:\/\/github\.com\/\.extraheader' && git config --local --unset-all 'http.https://github.com/.extraheader' || :"
2025-01-17T11:16:48.3689260Z [command]/opt/homebrew/bin/git config --local http.https://github.com/.extraheader AUTHORIZATION: basic ***
2025-01-17T11:16:48.3739900Z ##[endgroup]
2025-01-17T11:16:48.3740450Z ##[group]Fetching the repository
2025-01-17T11:16:48.3745200Z [command]/opt/homebrew/bin/git -c protocol.version=2 fetch --no-tags --prune --no-recurse-submodules --depth=1 origin +refs/heads/numpy_v2_2*:refs/remotes/origin/numpy_v2_2* +refs/tags/numpy_v2_2*:refs/tags/numpy_v2_2*
2025-01-17T11:16:49.5172060Z From https://github.com/atharva-2001/tardis-regression-data
2025-01-17T11:16:49.5183810Z  * [new branch]      numpy_v2_2 -> origin/numpy_v2_2
2025-01-17T11:16:49.5261240Z ##[endgroup]
2025-01-17T11:16:49.5267830Z ##[group]Determining the checkout info
2025-01-17T11:16:49.5286670Z [command]/opt/homebrew/bin/git branch --list --remote origin/numpy_v2_2
2025-01-17T11:16:49.5287120Z   origin/numpy_v2_2
2025-01-17T11:16:49.5287880Z ##[endgroup]
2025-01-17T11:16:49.5288110Z [command]/opt/homebrew/bin/git sparse-checkout disable
2025-01-17T11:16:49.5334490Z [command]/opt/homebrew/bin/git config --local --unset-all extensions.worktreeConfig
2025-01-17T11:16:49.5381560Z ##[group]Checking out the ref
2025-01-17T11:16:49.5385020Z [command]/opt/homebrew/bin/git checkout --progress --force -B numpy_v2_2 refs/remotes/origin/numpy_v2_2
2025-01-17T11:16:49.8105340Z Switched to a new branch 'numpy_v2_2'
2025-01-17T11:16:49.8107700Z branch 'numpy_v2_2' set up to track 'origin/numpy_v2_2'.
2025-01-17T11:16:49.8838200Z ##[endgroup]
2025-01-17T11:16:49.8937100Z [command]/opt/homebrew/bin/git log -1 --format=%H
2025-01-17T11:16:49.8981930Z 1b733c351f2eb90190b8c0228dc6b4d32242ad4e
2025-01-17T11:16:49.9080200Z ##[group]Run git lfs ls-files -l | cut -d' ' -f1 | sort > .lfs-assets-id
2025-01-17T11:16:49.9080580Z [36;1mgit lfs ls-files -l | cut -d' ' -f1 | sort > .lfs-assets-id[0m
2025-01-17T11:16:49.9167980Z shell: /bin/bash --noprofile --norc -e -o pipefail {0}
2025-01-17T11:16:49.9168230Z env:
2025-01-17T11:16:49.9168350Z   CACHE_NUMBER: 0
2025-01-17T11:16:49.9168840Z   PYTEST_FLAGS: --tardis-regression-data=/Users/runner/work/tardis/tardis/tardis-regression-data --cov=tardis --cov-report=xml --cov-report=html --cov-append
2025-01-17T11:16:49.9169330Z   CODECOV_TOKEN: 
2025-01-17T11:16:49.9169450Z ##[endgroup]
2025-01-17T11:16:50.4328820Z ##[group]Run actions/cache/restore@v4
2025-01-17T11:16:50.4330390Z with:
2025-01-17T11:16:50.4330540Z   path: tardis-regression-data/.git/lfs
2025-01-17T11:16:50.4330880Z   key: macOS-lfs-da2b5f2a10e913c6b13843a5855aea2bb20264b467d915063c23fa8ba1af31fb-v1
2025-01-17T11:16:50.4331220Z   enableCrossOsArchive: false
2025-01-17T11:16:50.4331390Z   fail-on-cache-miss: false
2025-01-17T11:16:50.4331560Z   lookup-only: false
2025-01-17T11:16:50.4331720Z env:
2025-01-17T11:16:50.4331840Z   CACHE_NUMBER: 0
2025-01-17T11:16:50.4332650Z   PYTEST_FLAGS: --tardis-regression-data=/Users/runner/work/tardis/tardis/tardis-regression-data --cov=tardis --cov-report=xml --cov-report=html --cov-append
2025-01-17T11:16:50.4333180Z   CODECOV_TOKEN: 
2025-01-17T11:16:50.4495070Z ##[endgroup]
2025-01-17T11:16:50.8280190Z Cache not found for input keys: macOS-lfs-da2b5f2a10e913c6b13843a5855aea2bb20264b467d915063c23fa8ba1af31fb-v1
2025-01-17T11:16:50.8349880Z ##[group]Run git lfs pull
2025-01-17T11:16:50.8350090Z [36;1mgit lfs pull[0m
2025-01-17T11:16:50.8404950Z shell: /bin/bash --noprofile --norc -e -o pipefail {0}
2025-01-17T11:16:50.8405190Z env:
2025-01-17T11:16:50.8405330Z   CACHE_NUMBER: 0
2025-01-17T11:16:50.8405820Z   PYTEST_FLAGS: --tardis-regression-data=/Users/runner/work/tardis/tardis/tardis-regression-data --cov=tardis --cov-report=xml --cov-report=html --cov-append
2025-01-17T11:16:50.8406320Z   CODECOV_TOKEN: 
2025-01-17T11:16:50.8406500Z ##[endgroup]
2025-01-17T11:18:31.4954720Z Prepare all required actions
2025-01-17T11:18:31.4955400Z Getting action download info
2025-01-17T11:18:31.6669580Z Download action repository 'mamba-org/setup-micromamba@v1' (SHA:4b9113af4fba0e9e1124b252dd6497a419e7396d)
2025-01-17T11:18:33.0197860Z ##[group]Run ./.github/actions/setup_env
2025-01-17T11:18:33.0198120Z with:
2025-01-17T11:18:33.0198240Z   os-label: osx-arm64
2025-01-17T11:18:33.0198370Z env:
2025-01-17T11:18:33.0198470Z   CACHE_NUMBER: 0
2025-01-17T11:18:33.0198960Z   PYTEST_FLAGS: --tardis-regression-data=/Users/runner/work/tardis/tardis/tardis-regression-data --cov=tardis --cov-report=xml --cov-report=html --cov-append
2025-01-17T11:18:33.0199440Z   CODECOV_TOKEN: 
2025-01-17T11:18:33.0199670Z ##[endgroup]
2025-01-17T11:18:33.0220980Z ##[group]Run file_hash=$(cat conda-osx-arm64.lock | shasum -a 256 | cut -d' ' -f1)
2025-01-17T11:18:33.0221380Z [36;1mfile_hash=$(cat conda-osx-arm64.lock | shasum -a 256 | cut -d' ' -f1)[0m
2025-01-17T11:18:33.0221770Z [36;1mecho "file_hash=$file_hash" >> "${GITHUB_OUTPUT}"[0m
2025-01-17T11:18:33.0288830Z shell: /bin/bash --noprofile --norc -e -o pipefail {0}
2025-01-17T11:18:33.0289150Z env:
2025-01-17T11:18:33.0289320Z   CACHE_NUMBER: 0
2025-01-17T11:18:33.0289850Z   PYTEST_FLAGS: --tardis-regression-data=/Users/runner/work/tardis/tardis/tardis-regression-data --cov=tardis --cov-report=xml --cov-report=html --cov-append
2025-01-17T11:18:33.0290490Z   CODECOV_TOKEN: 
2025-01-17T11:18:33.0290650Z ##[endgroup]
2025-01-17T11:18:33.1617230Z ##[group]Run mamba-org/setup-micromamba@v1
2025-01-17T11:18:33.1617440Z with:
2025-01-17T11:18:33.1617590Z   environment-file: conda-osx-arm64.lock
2025-01-17T11:18:33.1617900Z   cache-environment-key: 354e2cc8bd515676980814f312c10753c2dc4a43f483398b98b444c582fdd35f
2025-01-17T11:18:33.1618300Z   cache-downloads-key: 354e2cc8bd515676980814f312c10753c2dc4a43f483398b98b444c582fdd35f
2025-01-17T11:18:33.1618610Z   environment-name: tardis
2025-01-17T11:18:33.1618760Z   cache-environment: true
2025-01-17T11:18:33.1618960Z   cache-downloads: true
2025-01-17T11:18:33.1619100Z env:
2025-01-17T11:18:33.1619210Z   CACHE_NUMBER: 0
2025-01-17T11:18:33.1619650Z   PYTEST_FLAGS: --tardis-regression-data=/Users/runner/work/tardis/tardis/tardis-regression-data --cov=tardis --cov-report=xml --cov-report=html --cov-append
2025-01-17T11:18:33.1620130Z   CODECOV_TOKEN: 
2025-01-17T11:18:33.1620250Z ##[endgroup]
2025-01-17T11:18:33.4544770Z Will download micromamba to /Users/runner/micromamba-bin/micromamba
2025-01-17T11:18:33.4549490Z ##[group]Install micromamba
2025-01-17T11:18:33.9156750Z micromamba installed to /Users/runner/micromamba-bin/micromamba
2025-01-17T11:18:33.9238280Z ##[endgroup]
2025-01-17T11:18:33.9249970Z Adding conda-forge to condarc channels ...
2025-01-17T11:18:33.9250550Z ##[group]Initialize micromamba for bash.
2025-01-17T11:18:33.9255900Z [command]/Users/runner/micromamba-bin/micromamba shell init -s bash -r /Users/runner/micromamba --log-level warning --rc-file /Users/runner/work/_temp/setup-micromamba/.condarc
2025-01-17T11:18:33.9738870Z Modifying RC file "/Users/runner/.bash_profile"
2025-01-17T11:18:33.9739650Z Generating config for root prefix [1m"/Users/runner/micromamba"[0m
2025-01-17T11:18:33.9744000Z Setting mamba executable to: [1m"/Users/runner/micromamba-bin/micromamba"[0m
2025-01-17T11:18:33.9745170Z Adding (or replacing) the following in your "/Users/runner/.bash_profile" file
2025-01-17T11:18:33.9745610Z 
2025-01-17T11:18:33.9745790Z # >>> mamba initialize >>>
2025-01-17T11:18:33.9746110Z # !! Contents within this block are managed by 'mamba init' !!
2025-01-17T11:18:33.9746520Z export MAMBA_EXE='/Users/runner/micromamba-bin/micromamba';
2025-01-17T11:18:33.9746900Z export MAMBA_ROOT_PREFIX='/Users/runner/micromamba';
2025-01-17T11:18:33.9747380Z __mamba_setup="$("$MAMBA_EXE" shell hook --shell bash --root-prefix "$MAMBA_ROOT_PREFIX" 2> /dev/null)"
2025-01-17T11:18:33.9747820Z if [ $? -eq 0 ]; then
2025-01-17T11:18:33.9748070Z     eval "$__mamba_setup"
2025-01-17T11:18:33.9748680Z else
2025-01-17T11:18:33.9749150Z     alias micromamba="$MAMBA_EXE"  # Fallback on help from mamba activate
2025-01-17T11:18:33.9759050Z fi
2025-01-17T11:18:33.9771880Z unset __mamba_setup
2025-01-17T11:18:33.9773400Z # <<< mamba initialize <<<
2025-01-17T11:18:33.9773670Z 
2025-01-17T11:18:33.9774100Z ##[endgroup]
2025-01-17T11:18:33.9775180Z ##[group]Restoring downloads from `/Users/runner/micromamba/pkgs` ...
2025-01-17T11:18:35.0814280Z Received 58720256 of 310634157 (18.9%), 55.8 MBs/sec
2025-01-17T11:18:36.0827730Z Received 125829120 of 310634157 (40.5%), 59.9 MBs/sec
2025-01-17T11:18:37.0929360Z Received 176160768 of 310634157 (56.7%), 55.8 MBs/sec
2025-01-17T11:18:38.0894770Z Received 255852544 of 310634157 (82.4%), 60.8 MBs/sec
2025-01-17T11:18:38.6548900Z Cache Size: ~296 MB (310634157 B)
2025-01-17T11:18:38.6598050Z [command]/opt/homebrew/bin/gtar -xf /Users/runner/work/_temp/fca2795a-4cfb-431e-b950-efaba26178d1/cache.tzst -P -C /Users/runner/work/tardis/tardis --delay-directory-restore --use-compress-program unzstd
2025-01-17T11:18:39.0923900Z Received 310634157 of 310634157 (100.0%), 59.1 MBs/sec
2025-01-17T11:18:39.1779830Z Cache restored successfully
2025-01-17T11:18:39.1811350Z Restored cache with key `354e2cc8bd515676980814f312c10753c2dc4a43f483398b98b444c582fdd35f-osx-arm64`
2025-01-17T11:18:39.1812230Z ##[endgroup]
2025-01-17T11:18:39.1824020Z ##[group]Restoring environment `tardis` from `/Users/runner/micromamba/envs/tardis` ...
2025-01-17T11:18:40.2552900Z Received 62914560 of 385976706 (16.3%), 59.9 MBs/sec
2025-01-17T11:18:41.2560840Z Received 130023424 of 385976706 (33.7%), 62.0 MBs/sec
2025-01-17T11:18:42.2563580Z Received 192937984 of 385976706 (50.0%), 61.3 MBs/sec
2025-01-17T11:18:43.2571890Z Received 255852544 of 385976706 (66.3%), 61.0 MBs/sec
2025-01-17T11:18:44.2619290Z Received 327155712 of 385976706 (84.8%), 62.4 MBs/sec
2025-01-17T11:18:44.8444970Z Cache Size: ~368 MB (385976706 B)
2025-01-17T11:18:44.8510700Z [command]/opt/homebrew/bin/gtar -xf /Users/runner/work/_temp/be37cb7a-6c61-4aed-9354-ec22b6a40ec6/cache.tzst -P -C /Users/runner/work/tardis/tardis --delay-directory-restore --use-compress-program unzstd
2025-01-17T11:18:45.2599060Z Received 385976706 of 385976706 (100.0%), 61.3 MBs/sec
2025-01-17T11:19:02.9602280Z Cache restored successfully
2025-01-17T11:19:02.9751980Z Restored cache with key `354e2cc8bd515676980814f312c10753c2dc4a43f483398b98b444c582fdd35f-osx-arm64-tardis-args-4f53cda-root-873f6fe-bin-[object Promise]-file-354e2cc8bd515676980814f312c10753c2dc4a43f483398b98b444c582fdd35f`
2025-01-17T11:19:02.9854560Z ##[endgroup]
2025-01-17T11:19:02.9869900Z Adding environment tardis to auto-activate bash ...
2025-01-17T11:19:02.9873600Z Generating micromamba run shell.
2025-01-17T11:19:02.9878740Z ##[endgroup]
2025-01-17T11:19:02.9882790Z Set environment variables.
2025-01-17T11:19:02.9889450Z ##[group]micromamba info
2025-01-17T11:19:02.9892920Z [command]/Users/runner/micromamba-bin/micromamba info -r /Users/runner/micromamba -n tardis
2025-01-17T11:19:03.5139320Z 
2025-01-17T11:19:03.5140730Z        libmamba version : 1.5.10
2025-01-17T11:19:03.5146090Z      micromamba version : 1.5.10
2025-01-17T11:19:03.5149420Z            curl version : libcurl/8.10.1 (OpenSSL/3.3.2) SecureTransport zlib/1.3.1 zstd/1.5.6 libssh2/1.11.0 nghttp2/1.58.0
2025-01-17T11:19:03.5165550Z      libarchive version : libarchive 3.7.4 zlib/1.2.13 bz2lib/1.0.8 libzstd/1.5.6
2025-01-17T11:19:03.5165980Z        envs directories : /Users/runner/micromamba/envs
2025-01-17T11:19:03.5172610Z           package cache : /Users/runner/micromamba/pkgs
2025-01-17T11:19:03.5178110Z                           /Users/runner/.mamba/pkgs
2025-01-17T11:19:03.5183310Z             environment : tardis
2025-01-17T11:19:03.5185770Z            env location : /Users/runner/micromamba/envs/tardis
2025-01-17T11:19:03.5186350Z       user config files : /Users/runner/.mambarc
2025-01-17T11:19:03.5186850Z  populated config files : /Users/runner/work/_temp/setup-micromamba/.condarc
2025-01-17T11:19:03.5198230Z        virtual packages : __unix=0=0
2025-01-17T11:19:03.5198930Z                           __osx=14.7.2=0
2025-01-17T11:19:03.5199860Z                           __archspec=1=arm64
2025-01-17T11:19:03.5201890Z                channels : https://conda.anaconda.org/conda-forge/osx-arm64
2025-01-17T11:19:03.5205610Z                           https://conda.anaconda.org/conda-forge/noarch
2025-01-17T11:19:03.5208570Z        base environment : /Users/runner/micromamba
2025-01-17T11:19:03.5209670Z                platform : osx-arm64
2025-01-17T11:19:03.5219680Z ##[endgroup]
2025-01-17T11:19:03.5220390Z ##[group]micromamba list
2025-01-17T11:19:03.5223870Z [command]/Users/runner/micromamba-bin/micromamba list -r /Users/runner/micromamba -n tardis
2025-01-17T11:19:03.9914680Z List of packages in environment: "/Users/runner/micromamba/envs/tardis"
2025-01-17T11:19:03.9915540Z 
2025-01-17T11:19:03.9916100Z   Name                           Version              Build                    Channel    
2025-01-17T11:19:03.9920840Z ────────────────────────────────────────────────────────────────────────────────────────────
2025-01-17T11:19:03.9922090Z   alabaster                      0.7.16               pyhd8ed1ab_0             conda-forge
2025-01-17T11:19:03.9922970Z   anyio                          4.4.0                pyhd8ed1ab_0             conda-forge
2025-01-17T11:19:03.9924200Z   appnope                        0.1.4                pyhd8ed1ab_1             conda-forge
2025-01-17T11:19:03.9925180Z   argon2-cffi                    23.1.0               pyhd8ed1ab_1             conda-forge
2025-01-17T11:19:03.9926310Z   argon2-cffi-bindings           21.2.0               py312h024a12e_5          conda-forge
2025-01-17T11:19:03.9927310Z   arrow                          1.3.0                pyhd8ed1ab_1             conda-forge
2025-01-17T11:19:03.9928350Z   astropy                        6.1.1                py312hbebd99a_1          conda-forge
2025-01-17T11:19:03.9929350Z   astropy-iers-data              0.2024.6.17.0.31.35  pyhd8ed1ab_0             conda-forge
2025-01-17T11:19:03.9930570Z   astropy-sphinx-theme           1.1                  pyhd8ed1ab_1             conda-forge
2025-01-17T11:19:03.9931570Z   asttokens                      2.4.1                pyhd8ed1ab_0             conda-forge
2025-01-17T11:19:03.9932610Z   async-lru                      2.0.4                pyhd8ed1ab_1             conda-forge
2025-01-17T11:19:03.9935300Z   atk-1.0                        2.38.0               hd03087b_2               conda-forge
2025-01-17T11:19:03.9935810Z   attrs                          23.2.0               pyh71513ae_0             conda-forge
2025-01-17T11:19:03.9936160Z   babel                          2.14.0               pyhd8ed1ab_0             conda-forge
2025-01-17T11:19:03.9936580Z   beautifulsoup4                 4.12.3               pyha770c72_1             conda-forge
2025-01-17T11:19:03.9936940Z   bleach                         6.1.0                pyhd8ed1ab_0             conda-forge
2025-01-17T11:19:03.9937300Z   blosc                          1.21.6               h7dd00d9_1               conda-forge
2025-01-17T11:19:03.9937740Z   brotli                         1.1.0                hd74edd7_2               conda-forge
2025-01-17T11:19:03.9938080Z   brotli-bin                     1.1.0                hd74edd7_2               conda-forge
2025-01-17T11:19:03.9939120Z   brotli-python                  1.1.0                py312hde4cb15_2          conda-forge
2025-01-17T11:19:03.9939480Z   bzip2                          1.0.8                h99b78c6_7               conda-forge
2025-01-17T11:19:03.9939880Z   c-ares                         1.28.1               h93a5062_0               conda-forge
2025-01-17T11:19:03.9940230Z   c-blosc2                       2.15.2               h9cbb436_1               conda-forge
2025-01-17T11:19:03.9940660Z   ca-certificates                2024.12.14           hf0a4a13_0               conda-forge
2025-01-17T11:19:03.9941350Z   cached-property                1.5.2                hd8ed1ab_1               conda-forge
2025-01-17T11:19:03.9941860Z   cached_property                1.5.2                pyha770c72_1             conda-forge
2025-01-17T11:19:03.9942240Z   cairo                          1.18.0               hc6c324b_2               conda-forge
2025-01-17T11:19:03.9942690Z   certifi                        2024.12.14           pyhd8ed1ab_0             conda-forge
2025-01-17T11:19:03.9943040Z   cffi                           1.16.0               py312h8e38eb3_0          conda-forge
2025-01-17T11:19:03.9943500Z   charset-normalizer             3.3.2                pyhd8ed1ab_0             conda-forge
2025-01-17T11:19:03.9943920Z   click                          8.1.7                unix_pyh707e725_1        conda-forge
2025-01-17T11:19:03.9944500Z   codespell                      2.3.0                pyhd8ed1ab_1             conda-forge
2025-01-17T11:19:03.9944880Z   colorama                       0.4.6                pyhd8ed1ab_1             conda-forge
2025-01-17T11:19:03.9946300Z   comm                           0.2.2                pyhd8ed1ab_1             conda-forge
2025-01-17T11:19:03.9946830Z   commonmark                     0.9.1                py_0                     conda-forge
2025-01-17T11:19:03.9947290Z   contourpy                      1.2.1                py312h0fef576_0          conda-forge
2025-01-17T11:19:03.9947650Z   coverage                       7.5.3                py312h7e5086c_0          conda-forge
2025-01-17T11:19:03.9947980Z   cycler                         0.12.1               pyhd8ed1ab_1             conda-forge
2025-01-17T11:19:03.9948410Z   dataclasses                    0.8                  pyhc8e2a94_3             conda-forge
2025-01-17T11:19:03.9948770Z   debugpy                        1.8.1                py312h20a0b95_0          conda-forge
2025-01-17T11:19:03.9949170Z   decorator                      5.1.1                pyhd8ed1ab_1             conda-forge
2025-01-17T11:19:03.9949530Z   defusedxml                     0.7.1                pyhd8ed1ab_0             conda-forge
2025-01-17T11:19:03.9949950Z   docutils                       0.20.1               py312h81bd7bf_3          conda-forge
2025-01-17T11:19:03.9950300Z   dot2tex                        2.11.3               pyhd8ed1ab_1             conda-forge
2025-01-17T11:19:03.9950710Z   entrypoints                    0.4                  pyhd8ed1ab_1             conda-forge
2025-01-17T11:19:03.9951070Z   exceptiongroup                 1.2.0                pyhd8ed1ab_2             conda-forge
2025-01-17T11:19:03.9951470Z   executing                      2.0.1                pyhd8ed1ab_0             conda-forge
2025-01-17T11:19:03.9951800Z   expat                          2.6.2                hebf3989_0               conda-forge
2025-01-17T11:19:03.9952250Z   font-ttf-dejavu-sans-mono      2.37                 hab24e00_0               conda-forge
2025-01-17T11:19:03.9952660Z   font-ttf-inconsolata           3.000                h77eed37_0               conda-forge
2025-01-17T11:19:03.9953150Z   font-ttf-source-code-pro       2.038                h77eed37_0               conda-forge
2025-01-17T11:19:03.9953540Z   font-ttf-ubuntu                0.83                 h77eed37_3               conda-forge
2025-01-17T11:19:03.9953990Z   fontconfig                     2.14.2               h82840c6_0               conda-forge
2025-01-17T11:19:03.9954620Z   fonts-conda-ecosystem          1                    0                        conda-forge
2025-01-17T11:19:03.9955070Z   fonts-conda-forge              1                    0                        conda-forge
2025-01-17T11:19:03.9955420Z   fonttools                      4.53.0               py312h7e5086c_0          conda-forge
2025-01-17T11:19:03.9955880Z   fqdn                           1.5.1                pyhd8ed1ab_1             conda-forge
2025-01-17T11:19:03.9956350Z   freetype                       2.12.1               hadb7bae_2               conda-forge
2025-01-17T11:19:03.9956690Z   fribidi                        1.0.10               h27ca646_0               conda-forge
2025-01-17T11:19:03.9957260Z   future                         1.0.0                pyhd8ed1ab_1             conda-forge
2025-01-17T11:19:03.9957620Z   gdk-pixbuf                     2.42.12              h7ddc832_0               conda-forge
2025-01-17T11:19:03.9958030Z   gettext                        0.22.5               h8414b35_3               conda-forge
2025-01-17T11:19:03.9958550Z   gettext-tools                  0.22.5               h8414b35_3               conda-forge
2025-01-17T11:19:03.9959410Z   giflib                         5.2.2                h93a5062_0               conda-forge
2025-01-17T11:19:03.9959780Z   git-lfs                        3.5.1                h40ddcf5_1               conda-forge
2025-01-17T11:19:03.9960180Z   gmp                            6.3.0                h7bae524_2               conda-forge
2025-01-17T11:19:03.9960520Z   gmpy2                          2.1.5                py312h524cf62_3          conda-forge
2025-01-17T11:19:03.9960920Z   graphite2                      1.3.13               hebf3989_1003            conda-forge
2025-01-17T11:19:03.9961260Z   graphviz                       11.0.0               h9bb9bc9_0               conda-forge
2025-01-17T11:19:03.9961630Z   gtk2                           2.24.33              h7895bb2_4               conda-forge
2025-01-17T11:19:03.9961940Z   gts                            0.7.6                he42f4ea_4               conda-forge
2025-01-17T11:19:03.9962280Z   h11                            0.14.0               pyhd8ed1ab_1             conda-forge
2025-01-17T11:19:03.9962630Z   h2                             4.1.0                pyhd8ed1ab_1             conda-forge
2025-01-17T11:19:03.9963050Z   h5py                           3.11.0               nompi_py312h3cd0824_103  conda-forge
2025-01-17T11:19:03.9963400Z   harfbuzz                       8.5.0                h1836168_0               conda-forge
2025-01-17T11:19:03.9963830Z   hdf5                           1.14.3               nompi_hec07895_105       conda-forge
2025-01-17T11:19:03.9965290Z   hpack                          4.0.0                pyhd8ed1ab_1             conda-forge
2025-01-17T11:19:03.9967320Z   httpcore                       1.0.5                pyhd8ed1ab_0             conda-forge
2025-01-17T11:19:03.9968970Z   httpx                          0.27.0               pyhd8ed1ab_0             conda-forge
2025-01-17T11:19:03.9969960Z   hyperframe                     6.0.1                pyhd8ed1ab_1             conda-forge
2025-01-17T11:19:03.9970920Z   icu                            73.2                 hc8870d7_0               conda-forge
2025-01-17T11:19:03.9971800Z   idna                           3.7                  pyhd8ed1ab_0             conda-forge
2025-01-17T11:19:03.9972830Z   imagesize                      1.4.1                pyhd8ed1ab_0             conda-forge
2025-01-17T11:19:03.9973870Z   importlib-metadata             7.1.0                pyha770c72_0             conda-forge
2025-01-17T11:19:03.9974920Z   importlib_metadata             7.1.0                hd8ed1ab_0               conda-forge
2025-01-17T11:19:03.9975870Z   importlib_resources            6.4.0                pyhd8ed1ab_0             conda-forge
2025-01-17T11:19:03.9976880Z   iniconfig                      2.0.0                pyhd8ed1ab_1             conda-forge
2025-01-17T11:19:03.9978900Z   ipykernel                      6.29.4               pyh57ce528_0             conda-forge
2025-01-17T11:19:03.9979920Z   ipython                        8.25.0               pyh707e725_0             conda-forge
2025-01-17T11:19:03.9981000Z   ipython_genutils               0.2.0                pyhd8ed1ab_2             conda-forge
2025-01-17T11:19:03.9981960Z   ipywidgets                     7.8.0                pyhd8ed1ab_0             conda-forge
2025-01-17T11:19:03.9982980Z   isoduration                    20.11.0              pyhd8ed1ab_1             conda-forge
2025-01-17T11:19:03.9983870Z   jedi                           0.19.1               pyhd8ed1ab_0             conda-forge
2025-01-17T11:19:03.9985620Z   jinja2                         3.1.4                pyhd8ed1ab_1             conda-forge
2025-01-17T11:19:03.9986480Z   json5                          0.9.25               pyhd8ed1ab_0             conda-forge
2025-01-17T11:19:03.9987360Z   jsonpointer                    3.0.0                py312h81bd7bf_1          conda-forge
2025-01-17T11:19:03.9988390Z   jsonschema                     4.22.0               pyhd8ed1ab_0             conda-forge
2025-01-17T11:19:03.9989440Z   jsonschema-specifications      2023.12.1            pyhd8ed1ab_0             conda-forge
2025-01-17T11:19:03.9990630Z   jsonschema-with-format-nongpl  4.22.0               pyhd8ed1ab_0             conda-forge
2025-01-17T11:19:03.9991610Z   jupyter-lsp                    2.2.5                pyhd8ed1ab_1             conda-forge
2025-01-17T11:19:03.9992540Z   jupyter_client                 8.6.2                pyhd8ed1ab_0             conda-forge
2025-01-17T11:19:03.9993430Z   jupyter_core                   5.7.2                pyh31011fe_1             conda-forge
2025-01-17T11:19:04.0011920Z   jupyter_events                 0.10.0               pyhd8ed1ab_1             conda-forge
2025-01-17T11:19:04.0012350Z   jupyter_server                 2.14.1               pyhd8ed1ab_1             conda-forge
2025-01-17T11:19:04.0012820Z   jupyter_server_terminals       0.5.3                pyhd8ed1ab_1             conda-forge
2025-01-17T11:19:04.0013240Z   jupyterlab                     4.2.2                pyhd8ed1ab_0             conda-forge
2025-01-17T11:19:04.0013690Z   jupyterlab_pygments            0.3.0                pyhd8ed1ab_2             conda-forge
2025-01-17T11:19:04.0014070Z   jupyterlab_server              2.27.2               pyhd8ed1ab_0             conda-forge
2025-01-17T11:19:04.0014490Z   jupyterlab_widgets             1.1.7                pyhd8ed1ab_0             conda-forge
2025-01-17T11:19:04.0014850Z   kiwisolver                     1.4.5                py312h6142ec9_2          conda-forge
2025-01-17T11:19:04.0015260Z   krb5                           1.21.2               h92f50d5_0               conda-forge
2025-01-17T11:19:04.0015610Z   latexcodec                     2.0.1                pyh9f0ad1d_0             conda-forge
2025-01-17T11:19:04.0015990Z   lcms2                          2.16                 ha0e7c42_0               conda-forge
2025-01-17T11:19:04.0016660Z   lerc                           4.0.0                h9a09cb3_0               conda-forge
2025-01-17T11:19:04.0017180Z   libaec                         1.1.3                hebf3989_0               conda-forge
2025-01-17T11:19:04.0017620Z   libasprintf                    0.22.5               h8414b35_3               conda-forge
2025-01-17T11:19:04.0018020Z   libasprintf-devel              0.22.5               h8414b35_3               conda-forge
2025-01-17T11:19:04.0018540Z   libblas                        3.9.0                24_osxarm64_openblas     conda-forge
2025-01-17T11:19:04.0018950Z   libbrotlicommon                1.1.0                hd74edd7_2               conda-forge
2025-01-17T11:19:04.0019390Z   libbrotlidec                   1.1.0                hd74edd7_2               conda-forge
2025-01-17T11:19:04.0019790Z   libbrotlienc                   1.1.0                hd74edd7_2               conda-forge
2025-01-17T11:19:04.0020240Z   libcblas                       3.9.0                24_osxarm64_openblas     conda-forge
2025-01-17T11:19:04.0021060Z   libcurl                        8.8.0                h7b6f9a7_0               conda-forge
2025-01-17T11:19:04.0021480Z   libcxx                         19.1.6               ha82da77_1               conda-forge
2025-01-17T11:19:04.0021820Z   libdeflate                     1.20                 h93a5062_0               conda-forge
2025-01-17T11:19:04.0022400Z   libedit                        3.1.20191231         hc8eb9b7_2               conda-forge
2025-01-17T11:19:04.0022860Z   libev                          4.33                 h93a5062_2               conda-forge
2025-01-17T11:19:04.0023680Z   libexpat                       2.6.2                hebf3989_0               conda-forge
2025-01-17T11:19:04.0024050Z   libffi                         3.4.2                h3422bc3_5               conda-forge
2025-01-17T11:19:04.0024460Z   libgd                          2.3.3                hfdf3952_9               conda-forge
2025-01-17T11:19:04.0024850Z   libgettextpo                   0.22.5               h8414b35_3               conda-forge
2025-01-17T11:19:04.0025330Z   libgettextpo-devel             0.22.5               h8414b35_3               conda-forge
2025-01-17T11:19:04.0025740Z   libgfortran                    5.0.0                13_2_0_hd922786_3        conda-forge
2025-01-17T11:19:04.0026180Z   libgfortran5                   13.2.0               hf226fd6_3               conda-forge
2025-01-17T11:19:04.0026630Z   libglib                        2.80.2               h59d46d9_1               conda-forge
2025-01-17T11:19:04.0026980Z   libiconv                       1.17                 h0d3ecfb_2               conda-forge
2025-01-17T11:19:04.0027370Z   libintl                        0.22.5               h8414b35_3               conda-forge
2025-01-17T11:19:04.0027860Z   libintl-devel                  0.22.5               h8414b35_3               conda-forge
2025-01-17T11:19:04.0028210Z   libjpeg-turbo                  3.0.0                hb547adb_1               conda-forge
2025-01-17T11:19:04.0029440Z   liblapack                      3.9.0                24_osxarm64_openblas     conda-forge
2025-01-17T11:19:04.0029900Z   libllvm14                      14.0.6               hd1a9a77_4               conda-forge
2025-01-17T11:19:04.0030700Z   libnghttp2                     1.58.0               ha4dd798_1               conda-forge
2025-01-17T11:19:04.0031230Z   libopenblas                    0.3.27               openmp_h517c56d_1        conda-forge
2025-01-17T11:19:04.0067140Z   libpng                         1.6.43               h091b4b1_0               conda-forge
2025-01-17T11:19:04.0068130Z   librsvg                        2.58.1               hbc281fb_0               conda-forge
2025-01-17T11:19:04.0069210Z   libsodium                      1.0.18               h27ca646_1               conda-forge
2025-01-17T11:19:04.0070210Z   libsqlite                      3.46.0               hfb93653_0               conda-forge
2025-01-17T11:19:04.0071270Z   libssh2                        1.11.0               h7a5bd25_0               conda-forge
2025-01-17T11:19:04.0072380Z   libtiff                        4.6.0                h07db509_3               conda-forge
2025-01-17T11:19:04.0073380Z   libwebp                        1.4.0                h54798ee_0               conda-forge
2025-01-17T11:19:04.0074500Z   libwebp-base                   1.4.0                h93a5062_0               conda-forge
2025-01-17T11:19:04.0075690Z   libxcb                         1.16                 hc9fafa5_1               conda-forge
2025-01-17T11:19:04.0076610Z   libxml2                        2.12.7               h9a80f22_3               conda-forge
2025-01-17T11:19:04.0077570Z   libxslt                        1.1.39               h223e5b9_0               conda-forge
2025-01-17T11:19:04.0078490Z   libzlib                        1.3.1                h8359307_2               conda-forge
2025-01-17T11:19:04.0079380Z   llvm-openmp                    18.1.7               hde57baf_0               conda-forge
2025-01-17T11:19:04.0082680Z   llvmlite                       0.43.0               py312ha9ca408_1          conda-forge
2025-01-17T11:19:04.0083750Z   lxml                           5.2.2                py312h0e5ab22_0          conda-forge
2025-01-17T11:19:04.0084630Z   lz4-c                          1.10.0               h286801f_1               conda-forge
2025-01-17T11:19:04.0085540Z   markupsafe                     2.1.5                py312h024a12e_1          conda-forge
2025-01-17T11:19:04.0086620Z   matplotlib-base                3.8.4                py312h4479663_2          conda-forge
2025-01-17T11:19:04.0088430Z   matplotlib-inline              0.1.7                pyhd8ed1ab_1             conda-forge
2025-01-17T11:19:04.0089830Z   mistune                        3.0.2                pyhd8ed1ab_1             conda-forge
2025-01-17T11:19:04.0091900Z   mpc                            1.3.1                h8f1351a_1               conda-forge
2025-01-17T11:19:04.0092400Z   mpfr                           4.2.1                hb693164_3               conda-forge
2025-01-17T11:19:04.0092830Z   mpmath                         1.3.0                pyhd8ed1ab_1             conda-forge
2025-01-17T11:19:04.0093310Z   munkres                        1.1.4                pyh9f0ad1d_0             conda-forge
2025-01-17T11:19:04.0093760Z   mypy_extensions                1.0.0                pyha770c72_1             conda-forge
2025-01-17T11:19:04.0094280Z   nbclassic                      1.1.0                pyhd8ed1ab_1             conda-forge
2025-01-17T11:19:04.0094670Z   nbclient                       0.10.0               pyhd8ed1ab_0             conda-forge
2025-01-17T11:19:04.0096820Z   nbconvert                      7.16.4               hd8ed1ab_3               conda-forge
2025-01-17T11:19:04.0097140Z   nbconvert-core                 7.16.4               pyhd8ed1ab_3             conda-forge
2025-01-17T11:19:04.0097560Z   nbconvert-pandoc               7.16.4               hd8ed1ab_3               conda-forge
2025-01-17T11:19:04.0097890Z   nbformat                       5.10.4               pyhd8ed1ab_1             conda-forge
2025-01-17T11:19:04.0098170Z   nbsphinx                       0.9.4                pyhd8ed1ab_0             conda-forge
2025-01-17T11:19:04.0098460Z   ncurses                        6.5                  h7bae524_1               conda-forge
2025-01-17T11:19:04.0098850Z   nest-asyncio                   1.6.0                pyhd8ed1ab_1             conda-forge
2025-01-17T11:19:04.0099140Z   networkx                       3.3                  pyhd8ed1ab_1             conda-forge
2025-01-17T11:19:04.0099440Z   notebook                       7.2.1                pyhd8ed1ab_0             conda-forge
2025-01-17T11:19:04.0099750Z   notebook-shim                  0.2.4                pyhd8ed1ab_1             conda-forge
2025-01-17T11:19:04.0100050Z   numba                          0.60.0               py312h41cea2d_0          conda-forge
2025-01-17T11:19:04.0100360Z   numexpr                        2.10.0               py312h8ae5369_0          conda-forge
2025-01-17T11:19:04.0100630Z   numpy                          2.0.2                py312h94ee1e1_1          conda-forge
2025-01-17T11:19:04.0101030Z   numpydoc                       1.7.0                pyhd8ed1ab_3             conda-forge
2025-01-17T11:19:04.0101320Z   openjpeg                       2.5.2                h9f1df11_0               conda-forge
2025-01-17T11:19:04.0101660Z   openssl                        3.4.0                h81ee809_1               conda-forge
2025-01-17T11:19:04.0101950Z   overrides                      7.7.0                pyhd8ed1ab_1             conda-forge
2025-01-17T11:19:04.0102250Z   packaging                      24.1                 pyhd8ed1ab_0             conda-forge
2025-01-17T11:19:04.0102540Z   pandas                         2.2.2                py312h8ae5369_1          conda-forge
2025-01-17T11:19:04.0102820Z   pandoc                         3.2.1                hce30654_0               conda-forge
2025-01-17T11:19:04.0103510Z   pandocfilters                  1.5.0                pyhd8ed1ab_0             conda-forge
2025-01-17T11:19:04.0103840Z   pango                          1.54.0               h5cb9fbc_0               conda-forge
2025-01-17T11:19:04.0104120Z   parso                          0.8.4                pyhd8ed1ab_1             conda-forge
2025-01-17T11:19:04.0104420Z   pathspec                       0.12.1               pyhd8ed1ab_1             conda-forge
2025-01-17T11:19:04.0104760Z   pbr                            6.0.0                pyhd8ed1ab_0             conda-forge
2025-01-17T11:19:04.0105320Z   pcre2                          10.44                h297a79d_2               conda-forge
2025-01-17T11:19:04.0105780Z   pexpect                        4.9.0                pyhd8ed1ab_1             conda-forge
2025-01-17T11:19:04.0106120Z   pickleshare                    0.7.5                pyhd8ed1ab_1004          conda-forge
2025-01-17T11:19:04.0106430Z   pillow                         10.3.0               py312h39b1d8d_1          conda-forge
2025-01-17T11:19:04.0106700Z   pip                            24.0                 pyhd8ed1ab_0             conda-forge
2025-01-17T11:19:04.0106970Z   pixman                         0.43.4               hebf3989_0               conda-forge
2025-01-17T11:19:04.0107290Z   pkgutil-resolve-name           1.3.10               pyhd8ed1ab_2             conda-forge
2025-01-17T11:19:04.0107620Z   platformdirs                   4.2.2                pyhd8ed1ab_0             conda-forge
2025-01-17T11:19:04.0107920Z   plotly                         5.22.0               pyhd8ed1ab_0             conda-forge
2025-01-17T11:19:04.0108200Z   pluggy                         1.5.0                pyhd8ed1ab_1             conda-forge
2025-01-17T11:19:04.0108510Z   prometheus_client              0.20.0               pyhd8ed1ab_0             conda-forge
2025-01-17T11:19:04.0108830Z   prompt-toolkit                 3.0.47               pyha770c72_0             conda-forge
2025-01-17T11:19:04.0109140Z   psutil                         5.9.8                py312he37b823_0          conda-forge
2025-01-17T11:19:04.0109530Z   pthread-stubs                  0.4                  hd74edd7_1002            conda-forge
2025-01-17T11:19:04.0109840Z   ptyprocess                     0.7.0                pyhd8ed1ab_1             conda-forge
2025-01-17T11:19:04.0110130Z   pure_eval                      0.2.2                pyhd8ed1ab_0             conda-forge
2025-01-17T11:19:04.0110430Z   py-cpuinfo                     9.0.0                pyhd8ed1ab_1             conda-forge
2025-01-17T11:19:04.0110720Z   pybtex                         0.24.0               pyhd8ed1ab_3             conda-forge
2025-01-17T11:19:04.0111020Z   pybtex-docutils                1.0.3                py312h81bd7bf_2          conda-forge
2025-01-17T11:19:04.0111370Z   pycparser                      2.22                 pyh29332c3_1             conda-forge
2025-01-17T11:19:04.0111660Z   pyerfa                         2.0.1.4              py312h755e627_2          conda-forge
2025-01-17T11:19:04.0111960Z   pygments                       2.18.0               pyhd8ed1ab_1             conda-forge
2025-01-17T11:19:04.0112260Z   pygraphviz                     1.13                 py312h5f4d302_1          conda-forge
2025-01-17T11:19:04.0112560Z   pyobjc-core                    10.3.1               py312hd24fc31_1          conda-forge
2025-01-17T11:19:04.0112900Z   pyobjc-framework-cocoa         10.3.1               py312hd24fc31_1          conda-forge
2025-01-17T11:19:04.0113250Z   pyparsing                      3.1.2                pyhd8ed1ab_0             conda-forge
2025-01-17T11:19:04.0113550Z   pysocks                        1.7.1                pyha55dd90_7             conda-forge
2025-01-17T11:19:04.0113830Z   pytables                       3.10.2               py312h2ca37b8_0          conda-forge
2025-01-17T11:19:04.0114130Z   pytest                         8.2.2                pyhd8ed1ab_0             conda-forge
2025-01-17T11:19:04.0114990Z   pytest-cov                     5.0.0                pyhd8ed1ab_0             conda-forge
2025-01-17T11:19:04.0115300Z   pytest-doctestplus             1.2.1                pyhd8ed1ab_0             conda-forge
2025-01-17T11:19:04.0115630Z   pytest-html                    4.1.1                pyhd8ed1ab_1             conda-forge
2025-01-17T11:19:04.0115950Z   pytest-metadata                3.1.1                pyhd8ed1ab_1             conda-forge
2025-01-17T11:19:04.0116260Z   python                         3.12.4               h30c5eda_0_cpython       conda-forge
2025-01-17T11:19:04.0117010Z   python-dateutil                2.9.0.post0          pyhff2d567_1             conda-forge
2025-01-17T11:19:04.0117390Z   python-fastjsonschema          2.20.0               pyhd8ed1ab_0             conda-forge
2025-01-17T11:19:04.0117740Z   python-json-logger             2.0.7                pyhd8ed1ab_0             conda-forge
2025-01-17T11:19:04.0118080Z   python-tzdata                  2024.1               pyhd8ed1ab_0             conda-forge
2025-01-17T11:19:04.0118390Z   python_abi                     3.12                 5_cp312                  conda-forge
2025-01-17T11:19:04.0118670Z   pytz                           2024.1               pyhd8ed1ab_0             conda-forge
2025-01-17T11:19:04.0118950Z   pyyaml                         6.0.1                py312h02f2b3b_1          conda-forge
2025-01-17T11:19:04.0119230Z   pyzmq                          26.0.3               py312hfa13136_0          conda-forge
2025-01-17T11:19:04.0119510Z   qgrid                          1.3.1                pyhd8ed1ab_4             conda-forge
2025-01-17T11:19:04.0119820Z   radioactivedecay               0.5.1                pyhd8ed1ab_1             conda-forge
2025-01-17T11:19:04.0120130Z   readline                       8.2                  h92ec313_1               conda-forge
2025-01-17T11:19:04.0120420Z   recommonmark                   0.7.1                pyhd8ed1ab_1             conda-forge
2025-01-17T11:19:04.0120730Z   referencing                    0.35.1               pyhd8ed1ab_1             conda-forge
2025-01-17T11:19:04.0121030Z   requests                       2.32.3               pyhd8ed1ab_1             conda-forge
2025-01-17T11:19:04.0121340Z   rfc3339-validator              0.1.4                pyhd8ed1ab_1             conda-forge
2025-01-17T11:19:04.0121670Z   rfc3986-validator              0.1.1                pyh9f0ad1d_0             conda-forge
2025-01-17T11:19:04.0121970Z   rpds-py                        0.18.1               py312h552d48e_0          conda-forge
2025-01-17T11:19:04.0122240Z   ruff                           0.4.9                py312h3402d49_0          conda-forge
2025-01-17T11:19:04.0122500Z   scipy                          1.13.1               py312h14ffa8f_0          conda-forge
2025-01-17T11:19:04.0122790Z   send2trash                     1.8.3                pyh31c8845_1             conda-forge
2025-01-17T11:19:04.0123090Z   setuptools                     70.0.0               pyhd8ed1ab_0             conda-forge
2025-01-17T11:19:04.0123400Z   setuptools-scm                 8.1.0                pyhd8ed1ab_1             conda-forge
2025-01-17T11:19:04.0123720Z   setuptools_scm                 8.1.0                hd8ed1ab_1               conda-forge
2025-01-17T11:19:04.0124020Z   six                            1.16.0               pyhd8ed1ab_1             conda-forge
2025-01-17T11:19:04.0124300Z   snakeviz                       2.2.0                pyhd8ed1ab_0             conda-forge
2025-01-17T11:19:04.0124590Z   snappy                         1.2.1                h98b9ce2_1               conda-forge
2025-01-17T11:19:04.0124880Z   sniffio                        1.3.1                pyhd8ed1ab_1             conda-forge
2025-01-17T11:19:04.0125210Z   snowballstemmer                2.2.0                pyhd8ed1ab_0             conda-forge
2025-01-17T11:19:04.0125590Z   soupsieve                      2.5                  pyhd8ed1ab_1             conda-forge
2025-01-17T11:19:04.0126130Z   sphinx                         7.3.7                pyhd8ed1ab_0             conda-forge
2025-01-17T11:19:04.0126440Z   sphinx-astropy                 1.9.1                pyhd8ed1ab_1             conda-forge
2025-01-17T11:19:04.0126770Z   sphinx-automodapi              0.17.0               pyh717bed2_1             conda-forge
2025-01-17T11:19:04.0127120Z   sphinx-gallery                 0.16.0               pyhd8ed1ab_0             conda-forge
2025-01-17T11:19:04.0127460Z   sphinx-jsonschema              1.19.1               pyhd8ed1ab_1             conda-forge
2025-01-17T11:19:04.0128150Z   sphinx_bootstrap_theme         0.8.1                pyhd8ed1ab_1             conda-forge
2025-01-17T11:19:04.0128540Z   sphinx_rtd_theme               2.0.0                pyha770c72_0             conda-forge
2025-01-17T11:19:04.0128880Z   sphinxcontrib-apidoc           0.3.0                py_1                     conda-forge
2025-01-17T11:19:04.0129270Z   sphinxcontrib-applehelp        1.0.8                pyhd8ed1ab_0             conda-forge
2025-01-17T11:19:04.0129670Z   sphinxcontrib-bibtex           2.6.2                pyhd8ed1ab_0             conda-forge
2025-01-17T11:19:04.0130060Z   sphinxcontrib-devhelp          1.0.6                pyhd8ed1ab_0             conda-forge
2025-01-17T11:19:04.0130430Z   sphinxcontrib-htmlhelp         2.0.5                pyhd8ed1ab_0             conda-forge
2025-01-17T11:19:04.0130810Z   sphinxcontrib-jquery           4.1                  pyhd8ed1ab_1             conda-forge
2025-01-17T11:19:04.0131200Z   sphinxcontrib-jsmath           1.0.1                pyhd8ed1ab_1             conda-forge
2025-01-17T11:19:04.0131570Z   sphinxcontrib-qthelp           1.0.7                pyhd8ed1ab_0             conda-forge
2025-01-17T11:19:04.0131980Z   sphinxcontrib-serializinghtml  1.1.10               pyhd8ed1ab_1             conda-forge
2025-01-17T11:19:04.0132370Z   stack_data                     0.6.2                pyhd8ed1ab_0             conda-forge
2025-01-17T11:19:04.0132720Z   sympy                          1.12.1               pypyh2585a3b_103         conda-forge
2025-01-17T11:19:04.0133040Z   tabulate                       0.9.0                pyhd8ed1ab_2             conda-forge
2025-01-17T11:19:04.0133370Z   tenacity                       8.4.1                pyhd8ed1ab_0             conda-forge
2025-01-17T11:19:04.0133670Z   terminado                      0.18.1               pyh31c8845_0             conda-forge
2025-01-17T11:19:04.0133980Z   tinycss2                       1.3.0                pyhd8ed1ab_0             conda-forge
2025-01-17T11:19:04.0134280Z   tk                             8.6.13               h5083fa2_1               conda-forge
2025-01-17T11:19:04.0134560Z   toml                           0.10.2               pyhd8ed1ab_1             conda-forge
2025-01-17T11:19:04.0134840Z   tomli                          2.0.1                pyhd8ed1ab_0             conda-forge
2025-01-17T11:19:04.0135150Z   tornado                        6.4.1                py312h024a12e_1          conda-forge
2025-01-17T11:19:04.0135460Z   tqdm                           4.66.4               pyhd8ed1ab_0             conda-forge
2025-01-17T11:19:04.0135770Z   traitlets                      5.14.3               pyhd8ed1ab_1             conda-forge
2025-01-17T11:19:04.0136080Z   typed-ast                      1.5.5                py312h02f2b3b_1          conda-forge
2025-01-17T11:19:04.0137450Z   types-python-dateutil          2.9.0.20240316       pyhd8ed1ab_0             conda-forge
2025-01-17T11:19:04.0138440Z   typing-extensions              4.12.2               hd8ed1ab_1               conda-forge
2025-01-17T11:19:04.0139530Z   typing_extensions              4.12.2               pyha770c72_1             conda-forge
2025-01-17T11:19:04.0140380Z   typing_utils                   0.1.0                pyhd8ed1ab_1             conda-forge
2025-01-17T11:19:04.0141170Z   tzdata                         2024a                h8827d51_1               conda-forge
2025-01-17T11:19:04.0142900Z   uri-template                   1.3.0                pyhd8ed1ab_1             conda-forge
2025-01-17T11:19:04.0143710Z   urllib3                        2.2.2                pyhd8ed1ab_1             conda-forge
2025-01-17T11:19:04.0144480Z   wcwidth                        0.2.13               pyhd8ed1ab_1             conda-forge
2025-01-17T11:19:04.0145250Z   webcolors                      24.6.0               pyhd8ed1ab_0             conda-forge
2025-01-17T11:19:04.0146060Z   webencodings                   0.5.1                pyhd8ed1ab_3             conda-forge
2025-01-17T11:19:04.0146920Z   websocket-client               1.8.0                pyhd8ed1ab_1             conda-forge
2025-01-17T11:19:04.0148160Z   wheel                          0.43.0               pyhd8ed1ab_1             conda-forge
2025-01-17T11:19:04.0149030Z   widgetsnbextension             3.6.6                pyhd8ed1ab_0             conda-forge
2025-01-17T11:19:04.0152820Z   xorg-libxau                    1.0.11               hd74edd7_1               conda-forge
2025-01-17T11:19:04.0153670Z   xorg-libxdmcp                  1.1.3                hd74edd7_2               conda-forge
2025-01-17T11:19:04.0154410Z   xz                             5.2.6                h57fd34a_0               conda-forge
2025-01-17T11:19:04.0155110Z   yaml                           0.2.5                h3422bc3_2               conda-forge
2025-01-17T11:19:04.0155820Z   zeromq                         4.3.5                hcc0f68c_4               conda-forge
2025-01-17T11:19:04.0156550Z   zipp                           3.19.2               pyhd8ed1ab_0             conda-forge
2025-01-17T11:19:04.0157280Z   zlib                           1.3.1                h8359307_2               conda-forge
2025-01-17T11:19:04.0158000Z   zlib-ng                        2.2.3                h13dfb9a_0               conda-forge
2025-01-17T11:19:04.0158790Z   zstandard                      0.23.0               py312h15fbf35_1          conda-forge
2025-01-17T11:19:04.0159560Z   zstd                           1.5.6                hb46c0d2_0               conda-forge
2025-01-17T11:19:04.0160720Z ##[endgroup]
2025-01-17T11:19:04.0238640Z ##[group]Run pip install -e . --user
2025-01-17T11:19:04.0239030Z [36;1mpip install -e . --user[0m
2025-01-17T11:19:04.3082570Z shell: /bin/bash -l {0}
2025-01-17T11:19:04.3082910Z env:
2025-01-17T11:19:04.3094160Z   CACHE_NUMBER: 0
2025-01-17T11:19:04.3094670Z   PYTEST_FLAGS: --tardis-regression-data=/Users/runner/work/tardis/tardis/tardis-regression-data --cov=tardis --cov-report=xml --cov-report=html --cov-append
2025-01-17T11:19:04.3095310Z   CODECOV_TOKEN: 
2025-01-17T11:19:04.3095500Z   MAMBA_ROOT_PREFIX: /Users/runner/micromamba
2025-01-17T11:19:04.3095760Z   MAMBA_EXE: /Users/runner/micromamba-bin/micromamba
2025-01-17T11:19:04.3096040Z   CONDARC: /Users/runner/work/_temp/setup-micromamba/.condarc
2025-01-17T11:19:04.3096280Z ##[endgroup]
2025-01-17T11:19:06.2743720Z Obtaining file:///Users/runner/work/tardis/tardis
2025-01-17T11:19:06.2780410Z   Installing build dependencies: started
2025-01-17T11:19:09.1000770Z   Installing build dependencies: finished with status 'done'
2025-01-17T11:19:09.1010080Z   Checking if build backend supports build_editable: started
2025-01-17T11:19:09.2245010Z   Checking if build backend supports build_editable: finished with status 'done'
2025-01-17T11:19:09.2255790Z   Getting requirements to build editable: started
2025-01-17T11:19:09.6252530Z   Getting requirements to build editable: finished with status 'done'
2025-01-17T11:19:09.6264590Z   Preparing editable metadata (pyproject.toml): started
2025-01-17T11:19:10.0464000Z   Preparing editable metadata (pyproject.toml): finished with status 'done'
2025-01-17T11:19:10.0989490Z Requirement already satisfied: astropy in /Users/runner/micromamba/envs/tardis/lib/python3.12/site-packages (from tardis==0.0.0) (6.1.1)
2025-01-17T11:19:10.1284270Z Requirement already satisfied: numpy>=1.23 in /Users/runner/micromamba/envs/tardis/lib/python3.12/site-packages (from astropy->tardis==0.0.0) (2.0.2)
2025-01-17T11:19:10.1384760Z Requirement already satisfied: pyerfa>=2.0.1.1 in /Users/runner/micromamba/envs/tardis/lib/python3.12/site-packages (from astropy->tardis==0.0.0) (2.0.1.4)
2025-01-17T11:19:10.1433260Z Requirement already satisfied: astropy-iers-data>=0.2024.5.27.0.30.8 in /Users/runner/micromamba/envs/tardis/lib/python3.12/site-packages (from astropy->tardis==0.0.0) (0.2024.6.17.0.31.35)
2025-01-17T11:19:10.1435320Z Requirement already satisfied: PyYAML>=3.13 in /Users/runner/micromamba/envs/tardis/lib/python3.12/site-packages (from astropy->tardis==0.0.0) (6.0.1)
2025-01-17T11:19:10.1436140Z Requirement already satisfied: packaging>=19.0 in /Users/runner/micromamba/envs/tardis/lib/python3.12/site-packages (from astropy->tardis==0.0.0) (24.1)
2025-01-17T11:19:10.1436670Z Building wheels for collected packages: tardis
2025-01-17T11:19:10.1436960Z   Building editable for tardis (pyproject.toml): started
2025-01-17T11:19:10.7361760Z   Building editable for tardis (pyproject.toml): finished with status 'done'
2025-01-17T11:19:10.7375360Z   Created wheel for tardis: filename=tardis-0.0.0-0.editable-py3-none-any.whl size=8876 sha256=082bae0e958cb4c15aa47f798a15d30999357c48ad22b54ce5d7dec89eca1be5
2025-01-17T11:19:10.7376630Z   Stored in directory: /private/var/folders/84/5079cppj57s0lzywhyzcxkjc0000gn/T/pip-ephem-wheel-cache-rlz8ewad/wheels/bb/4f/6a/0829b918c1c10bc28535ce7f14be21eee54375bdd9cd0c306a
2025-01-17T11:19:10.7401600Z Successfully built tardis
2025-01-17T11:19:11.3761720Z Installing collected packages: tardis
2025-01-17T11:19:11.3861110Z Successfully installed tardis-0.0.0
2025-01-17T11:19:11.7467330Z ##[group]Run pip install qgridnext
2025-01-17T11:19:11.7467590Z [36;1mpip install qgridnext[0m
2025-01-17T11:19:11.7526400Z shell: /bin/bash -l {0}
2025-01-17T11:19:11.7526590Z env:
2025-01-17T11:19:11.7526750Z   CACHE_NUMBER: 0
2025-01-17T11:19:11.7527240Z   PYTEST_FLAGS: --tardis-regression-data=/Users/runner/work/tardis/tardis/tardis-regression-data --cov=tardis --cov-report=xml --cov-report=html --cov-append
2025-01-17T11:19:11.7527770Z   CODECOV_TOKEN: 
2025-01-17T11:19:11.7527940Z   MAMBA_ROOT_PREFIX: /Users/runner/micromamba
2025-01-17T11:19:11.7528210Z   MAMBA_EXE: /Users/runner/micromamba-bin/micromamba
2025-01-17T11:19:11.7528490Z   CONDARC: /Users/runner/work/_temp/setup-micromamba/.condarc
2025-01-17T11:19:11.7528770Z ##[endgroup]
2025-01-17T11:19:12.4542750Z Collecting qgridnext
2025-01-17T11:19:12.4715520Z   Downloading qgridnext-2.0.4-py3-none-any.whl.metadata (9.9 kB)
2025-01-17T11:19:12.4925980Z Requirement already satisfied: pandas>=0.20.0 in /Users/runner/micromamba/envs/tardis/lib/python3.12/site-packages (from qgridnext) (2.2.2)
2025-01-17T11:19:12.4931500Z Requirement already satisfied: ipywidgets>=7.0.0 in /Users/runner/micromamba/envs/tardis/lib/python3.12/site-packages (from qgridnext) (7.8.0)
2025-01-17T11:19:12.4937810Z Requirement already satisfied: numpy in /Users/runner/micromamba/envs/tardis/lib/python3.12/site-packages (from qgridnext) (2.0.2)
2025-01-17T11:19:12.4944900Z Requirement already satisfied: traitlets in /Users/runner/micromamba/envs/tardis/lib/python3.12/site-packages (from qgridnext) (5.14.3)
2025-01-17T11:19:12.5001580Z Requirement already satisfied: comm>=0.1.3 in /Users/runner/micromamba/envs/tardis/lib/python3.12/site-packages (from ipywidgets>=7.0.0->qgridnext) (0.2.2)
2025-01-17T11:19:12.5006010Z Requirement already satisfied: ipython-genutils~=0.2.0 in /Users/runner/micromamba/envs/tardis/lib/python3.12/site-packages (from ipywidgets>=7.0.0->qgridnext) (0.2.0)
2025-01-17T11:19:12.5015020Z Requirement already satisfied: widgetsnbextension~=3.6.5 in /Users/runner/micromamba/envs/tardis/lib/python3.12/site-packages (from ipywidgets>=7.0.0->qgridnext) (3.6.6)
2025-01-17T11:19:12.5072070Z Requirement already satisfied: ipython>=4.0.0 in /Users/runner/micromamba/envs/tardis/lib/python3.12/site-packages (from ipywidgets>=7.0.0->qgridnext) (8.25.0)
2025-01-17T11:19:12.5098090Z Requirement already satisfied: jupyterlab-widgets<3,>=1.0.0 in /Users/runner/micromamba/envs/tardis/lib/python3.12/site-packages (from ipywidgets>=7.0.0->qgridnext) (1.1.7)
2025-01-17T11:19:12.5596330Z Requirement already satisfied: python-dateutil>=2.8.2 in /Users/runner/micromamba/envs/tardis/lib/python3.12/site-packages (from pandas>=0.20.0->qgridnext) (2.9.0.post0)
2025-01-17T11:19:12.5669660Z Requirement already satisfied: pytz>=2020.1 in /Users/runner/micromamba/envs/tardis/lib/python3.12/site-packages (from pandas>=0.20.0->qgridnext) (2024.1)
2025-01-17T11:19:12.5671060Z Requirement already satisfied: tzdata>=2022.7 in /Users/runner/micromamba/envs/tardis/lib/python3.12/site-packages (from pandas>=0.20.0->qgridnext) (2024.1)
2025-01-17T11:19:12.5929700Z Requirement already satisfied: decorator in /Users/runner/micromamba/envs/tardis/lib/python3.12/site-packages (from ipython>=4.0.0->ipywidgets>=7.0.0->qgridnext) (5.1.1)
2025-01-17T11:19:12.6031230Z Requirement already satisfied: jedi>=0.16 in /Users/runner/micromamba/envs/tardis/lib/python3.12/site-packages (from ipython>=4.0.0->ipywidgets>=7.0.0->qgridnext) (0.19.1)
2025-01-17T11:19:12.6131980Z Requirement already satisfied: matplotlib-inline in /Users/runner/micromamba/envs/tardis/lib/python3.12/site-packages (from ipython>=4.0.0->ipywidgets>=7.0.0->qgridnext) (0.1.7)
2025-01-17T11:19:12.6233990Z Requirement already satisfied: prompt-toolkit<3.1.0,>=3.0.41 in /Users/runner/micromamba/envs/tardis/lib/python3.12/site-packages (from ipython>=4.0.0->ipywidgets>=7.0.0->qgridnext) (3.0.47)
2025-01-17T11:19:12.6335810Z Requirement already satisfied: pygments>=2.4.0 in /Users/runner/micromamba/envs/tardis/lib/python3.12/site-packages (from ipython>=4.0.0->ipywidgets>=7.0.0->qgridnext) (2.18.0)
2025-01-17T11:19:12.6436370Z Requirement already satisfied: stack-data in /Users/runner/micromamba/envs/tardis/lib/python3.12/site-packages (from ipython>=4.0.0->ipywidgets>=7.0.0->qgridnext) (0.6.2)
2025-01-17T11:19:12.6540920Z Requirement already satisfied: pexpect>4.3 in /Users/runner/micromamba/envs/tardis/lib/python3.12/site-packages (from ipython>=4.0.0->ipywidgets>=7.0.0->qgridnext) (4.9.0)
2025-01-17T11:19:12.6646800Z Requirement already satisfied: six>=1.5 in /Users/runner/micromamba/envs/tardis/lib/python3.12/site-packages (from python-dateutil>=2.8.2->pandas>=0.20.0->qgridnext) (1.16.0)
2025-01-17T11:19:12.6743390Z Requirement already satisfied: notebook>=4.4.1 in /Users/runner/micromamba/envs/tardis/lib/python3.12/site-packages (from widgetsnbextension~=3.6.5->ipywidgets>=7.0.0->qgridnext) (7.2.1)
2025-01-17T11:19:12.6847060Z Requirement already satisfied: parso<0.9.0,>=0.8.3 in /Users/runner/micromamba/envs/tardis/lib/python3.12/site-packages (from jedi>=0.16->ipython>=4.0.0->ipywidgets>=7.0.0->qgridnext) (0.8.4)
2025-01-17T11:19:12.6950220Z Requirement already satisfied: jupyter-server<3,>=2.4.0 in /Users/runner/micromamba/envs/tardis/lib/python3.12/site-packages (from notebook>=4.4.1->widgetsnbextension~=3.6.5->ipywidgets>=7.0.0->qgridnext) (2.14.1)
2025-01-17T11:19:12.7052460Z Requirement already satisfied: jupyterlab-server<3,>=2.27.1 in /Users/runner/micromamba/envs/tardis/lib/python3.12/site-packages (from notebook>=4.4.1->widgetsnbextension~=3.6.5->ipywidgets>=7.0.0->qgridnext) (2.27.2)
2025-01-17T11:19:12.7155500Z Requirement already satisfied: jupyterlab<4.3,>=4.2.0 in /Users/runner/micromamba/envs/tardis/lib/python3.12/site-packages (from notebook>=4.4.1->widgetsnbextension~=3.6.5->ipywidgets>=7.0.0->qgridnext) (4.2.2)
2025-01-17T11:19:12.7254960Z Requirement already satisfied: notebook-shim<0.3,>=0.2 in /Users/runner/micromamba/envs/tardis/lib/python3.12/site-packages (from notebook>=4.4.1->widgetsnbextension~=3.6.5->ipywidgets>=7.0.0->qgridnext) (0.2.4)
2025-01-17T11:19:12.7358980Z Requirement already satisfied: tornado>=6.2.0 in /Users/runner/micromamba/envs/tardis/lib/python3.12/site-packages (from notebook>=4.4.1->widgetsnbextension~=3.6.5->ipywidgets>=7.0.0->qgridnext) (6.4.1)
2025-01-17T11:19:12.7461760Z Requirement already satisfied: ptyprocess>=0.5 in /Users/runner/micromamba/envs/tardis/lib/python3.12/site-packages (from pexpect>4.3->ipython>=4.0.0->ipywidgets>=7.0.0->qgridnext) (0.7.0)
2025-01-17T11:19:12.7564630Z Requirement already satisfied: wcwidth in /Users/runner/micromamba/envs/tardis/lib/python3.12/site-packages (from prompt-toolkit<3.1.0,>=3.0.41->ipython>=4.0.0->ipywidgets>=7.0.0->qgridnext) (0.2.13)
2025-01-17T11:19:12.7665530Z Requirement already satisfied: executing>=1.2.0 in /Users/runner/micromamba/envs/tardis/lib/python3.12/site-packages (from stack-data->ipython>=4.0.0->ipywidgets>=7.0.0->qgridnext) (2.0.1)
2025-01-17T11:19:12.7747940Z Requirement already satisfied: asttokens>=2.1.0 in /Users/runner/micromamba/envs/tardis/lib/python3.12/site-packages (from stack-data->ipython>=4.0.0->ipywidgets>=7.0.0->qgridnext) (2.4.1)
2025-01-17T11:19:12.7851240Z Requirement already satisfied: pure-eval in /Users/runner/micromamba/envs/tardis/lib/python3.12/site-packages (from stack-data->ipython>=4.0.0->ipywidgets>=7.0.0->qgridnext) (0.2.2)
2025-01-17T11:19:12.7931350Z Requirement already satisfied: anyio>=3.1.0 in /Users/runner/micromamba/envs/tardis/lib/python3.12/site-packages (from jupyter-server<3,>=2.4.0->notebook>=4.4.1->widgetsnbextension~=3.6.5->ipywidgets>=7.0.0->qgridnext) (4.4.0)
2025-01-17T11:19:12.8035930Z Requirement already satisfied: argon2-cffi>=21.1 in /Users/runner/micromamba/envs/tardis/lib/python3.12/site-packages (from jupyter-server<3,>=2.4.0->notebook>=4.4.1->widgetsnbextension~=3.6.5->ipywidgets>=7.0.0->qgridnext) (23.1.0)
2025-01-17T11:19:12.8088790Z Requirement already satisfied: jinja2>=3.0.3 in /Users/runner/micromamba/envs/tardis/lib/python3.12/site-packages (from jupyter-server<3,>=2.4.0->notebook>=4.4.1->widgetsnbextension~=3.6.5->ipywidgets>=7.0.0->qgridnext) (3.1.4)
2025-01-17T11:19:12.8175830Z Requirement already satisfied: jupyter-client>=7.4.4 in /Users/runner/micromamba/envs/tardis/lib/python3.12/site-packages (from jupyter-server<3,>=2.4.0->notebook>=4.4.1->widgetsnbextension~=3.6.5->ipywidgets>=7.0.0->qgridnext) (8.6.2)
2025-01-17T11:19:12.8208840Z Requirement already satisfied: jupyter-core!=5.0.*,>=4.12 in /Users/runner/micromamba/envs/tardis/lib/python3.12/site-packages (from jupyter-server<3,>=2.4.0->notebook>=4.4.1->widgetsnbextension~=3.6.5->ipywidgets>=7.0.0->qgridnext) (5.7.2)
2025-01-17T11:19:12.8279160Z Requirement already satisfied: jupyter-events>=0.9.0 in /Users/runner/micromamba/envs/tardis/lib/python3.12/site-packages (from jupyter-server<3,>=2.4.0->notebook>=4.4.1->widgetsnbextension~=3.6.5->ipywidgets>=7.0.0->qgridnext) (0.10.0)
2025-01-17T11:19:12.8368580Z Requirement already satisfied: jupyter-server-terminals>=0.4.4 in /Users/runner/micromamba/envs/tardis/lib/python3.12/site-packages (from jupyter-server<3,>=2.4.0->notebook>=4.4.1->widgetsnbextension~=3.6.5->ipywidgets>=7.0.0->qgridnext) (0.5.3)
2025-01-17T11:19:12.8406570Z Requirement already satisfied: nbconvert>=6.4.4 in /Users/runner/micromamba/envs/tardis/lib/python3.12/site-packages (from jupyter-server<3,>=2.4.0->notebook>=4.4.1->widgetsnbextension~=3.6.5->ipywidgets>=7.0.0->qgridnext) (7.16.4)
2025-01-17T11:19:12.8408940Z Requirement already satisfied: nbformat>=5.3.0 in /Users/runner/micromamba/envs/tardis/lib/python3.12/site-packages (from jupyter-server<3,>=2.4.0->notebook>=4.4.1->widgetsnbextension~=3.6.5->ipywidgets>=7.0.0->qgridnext) (5.10.4)
2025-01-17T11:19:12.8410130Z Requirement already satisfied: overrides>=5.0 in /Users/runner/micromamba/envs/tardis/lib/python3.12/site-packages (from jupyter-server<3,>=2.4.0->notebook>=4.4.1->widgetsnbextension~=3.6.5->ipywidgets>=7.0.0->qgridnext) (7.7.0)
2025-01-17T11:19:12.8411290Z Requirement already satisfied: packaging>=22.0 in /Users/runner/micromamba/envs/tardis/lib/python3.12/site-packages (from jupyter-server<3,>=2.4.0->notebook>=4.4.1->widgetsnbextension~=3.6.5->ipywidgets>=7.0.0->qgridnext) (24.1)
2025-01-17T11:19:12.8412440Z Requirement already satisfied: prometheus-client>=0.9 in /Users/runner/micromamba/envs/tardis/lib/python3.12/site-packages (from jupyter-server<3,>=2.4.0->notebook>=4.4.1->widgetsnbextension~=3.6.5->ipywidgets>=7.0.0->qgridnext) (0.20.0)
2025-01-17T11:19:12.8413890Z Requirement already satisfied: pyzmq>=24 in /Users/runner/micromamba/envs/tardis/lib/python3.12/site-packages (from jupyter-server<3,>=2.4.0->notebook>=4.4.1->widgetsnbextension~=3.6.5->ipywidgets>=7.0.0->qgridnext) (26.0.3)
2025-01-17T11:19:12.8415010Z Requirement already satisfied: send2trash>=1.8.2 in /Users/runner/micromamba/envs/tardis/lib/python3.12/site-packages (from jupyter-server<3,>=2.4.0->notebook>=4.4.1->widgetsnbextension~=3.6.5->ipywidgets>=7.0.0->qgridnext) (1.8.3)
2025-01-17T11:19:12.8416160Z Requirement already satisfied: terminado>=0.8.3 in /Users/runner/micromamba/envs/tardis/lib/python3.12/site-packages (from jupyter-server<3,>=2.4.0->notebook>=4.4.1->widgetsnbextension~=3.6.5->ipywidgets>=7.0.0->qgridnext) (0.18.1)
2025-01-17T11:19:12.8417330Z Requirement already satisfied: websocket-client>=1.7 in /Users/runner/micromamba/envs/tardis/lib/python3.12/site-packages (from jupyter-server<3,>=2.4.0->notebook>=4.4.1->widgetsnbextension~=3.6.5->ipywidgets>=7.0.0->qgridnext) (1.8.0)
2025-01-17T11:19:12.8418460Z Requirement already satisfied: async-lru>=1.0.0 in /Users/runner/micromamba/envs/tardis/lib/python3.12/site-packages (from jupyterlab<4.3,>=4.2.0->notebook>=4.4.1->widgetsnbextension~=3.6.5->ipywidgets>=7.0.0->qgridnext) (2.0.4)
2025-01-17T11:19:12.8419560Z Requirement already satisfied: httpx>=0.25.0 in /Users/runner/micromamba/envs/tardis/lib/python3.12/site-packages (from jupyterlab<4.3,>=4.2.0->notebook>=4.4.1->widgetsnbextension~=3.6.5->ipywidgets>=7.0.0->qgridnext) (0.27.0)
2025-01-17T11:19:12.8420920Z Requirement already satisfied: ipykernel>=6.5.0 in /Users/runner/micromamba/envs/tardis/lib/python3.12/site-packages (from jupyterlab<4.3,>=4.2.0->notebook>=4.4.1->widgetsnbextension~=3.6.5->ipywidgets>=7.0.0->qgridnext) (6.29.4)
2025-01-17T11:19:12.8422050Z Requirement already satisfied: jupyter-lsp>=2.0.0 in /Users/runner/micromamba/envs/tardis/lib/python3.12/site-packages (from jupyterlab<4.3,>=4.2.0->notebook>=4.4.1->widgetsnbextension~=3.6.5->ipywidgets>=7.0.0->qgridnext) (2.2.5)
2025-01-17T11:19:12.8423190Z Requirement already satisfied: setuptools>=40.1.0 in /Users/runner/micromamba/envs/tardis/lib/python3.12/site-packages (from jupyterlab<4.3,>=4.2.0->notebook>=4.4.1->widgetsnbextension~=3.6.5->ipywidgets>=7.0.0->qgridnext) (70.0.0)
2025-01-17T11:19:12.8424300Z Requirement already satisfied: babel>=2.10 in /Users/runner/micromamba/envs/tardis/lib/python3.12/site-packages (from jupyterlab-server<3,>=2.27.1->notebook>=4.4.1->widgetsnbextension~=3.6.5->ipywidgets>=7.0.0->qgridnext) (2.14.0)
2025-01-17T11:19:12.8425420Z Requirement already satisfied: json5>=0.9.0 in /Users/runner/micromamba/envs/tardis/lib/python3.12/site-packages (from jupyterlab-server<3,>=2.27.1->notebook>=4.4.1->widgetsnbextension~=3.6.5->ipywidgets>=7.0.0->qgridnext) (0.9.25)
2025-01-17T11:19:12.8426690Z Requirement already satisfied: jsonschema>=4.18.0 in /Users/runner/micromamba/envs/tardis/lib/python3.12/site-packages (from jupyterlab-server<3,>=2.27.1->notebook>=4.4.1->widgetsnbextension~=3.6.5->ipywidgets>=7.0.0->qgridnext) (4.22.0)
2025-01-17T11:19:12.8427850Z Requirement already satisfied: requests>=2.31 in /Users/runner/micromamba/envs/tardis/lib/python3.12/site-packages (from jupyterlab-server<3,>=2.27.1->notebook>=4.4.1->widgetsnbextension~=3.6.5->ipywidgets>=7.0.0->qgridnext) (2.32.3)
2025-01-17T11:19:12.8433030Z Requirement already satisfied: idna>=2.8 in /Users/runner/micromamba/envs/tardis/lib/python3.12/site-packages (from anyio>=3.1.0->jupyter-server<3,>=2.4.0->notebook>=4.4.1->widgetsnbextension~=3.6.5->ipywidgets>=7.0.0->qgridnext) (3.7)
2025-01-17T11:19:12.8435430Z Requirement already satisfied: sniffio>=1.1 in /Users/runner/micromamba/envs/tardis/lib/python3.12/site-packages (from anyio>=3.1.0->jupyter-server<3,>=2.4.0->notebook>=4.4.1->widgetsnbextension~=3.6.5->ipywidgets>=7.0.0->qgridnext) (1.3.1)
2025-01-17T11:19:12.8488740Z Requirement already satisfied: argon2-cffi-bindings in /Users/runner/micromamba/envs/tardis/lib/python3.12/site-packages (from argon2-cffi>=21.1->jupyter-server<3,>=2.4.0->notebook>=4.4.1->widgetsnbextension~=3.6.5->ipywidgets>=7.0.0->qgridnext) (21.2.0)
2025-01-17T11:19:12.8669040Z Requirement already satisfied: certifi in /Users/runner/micromamba/envs/tardis/lib/python3.12/site-packages (from httpx>=0.25.0->jupyterlab<4.3,>=4.2.0->notebook>=4.4.1->widgetsnbextension~=3.6.5->ipywidgets>=7.0.0->qgridnext) (2024.12.14)
2025-01-17T11:19:12.8691640Z Requirement already satisfied: httpcore==1.* in /Users/runner/micromamba/envs/tardis/lib/python3.12/site-packages (from httpx>=0.25.0->jupyterlab<4.3,>=4.2.0->notebook>=4.4.1->widgetsnbextension~=3.6.5->ipywidgets>=7.0.0->qgridnext) (1.0.5)
2025-01-17T11:19:12.8758970Z Requirement already satisfied: h11<0.15,>=0.13 in /Users/runner/micromamba/envs/tardis/lib/python3.12/site-packages (from httpcore==1.*->httpx>=0.25.0->jupyterlab<4.3,>=4.2.0->notebook>=4.4.1->widgetsnbextension~=3.6.5->ipywidgets>=7.0.0->qgridnext) (0.14.0)
2025-01-17T11:19:12.8947190Z Requirement already satisfied: appnope in /Users/runner/micromamba/envs/tardis/lib/python3.12/site-packages (from ipykernel>=6.5.0->jupyterlab<4.3,>=4.2.0->notebook>=4.4.1->widgetsnbextension~=3.6.5->ipywidgets>=7.0.0->qgridnext) (0.1.4)
2025-01-17T11:19:12.8954830Z Requirement already satisfied: debugpy>=1.6.5 in /Users/runner/micromamba/envs/tardis/lib/python3.12/site-packages (from ipykernel>=6.5.0->jupyterlab<4.3,>=4.2.0->notebook>=4.4.1->widgetsnbextension~=3.6.5->ipywidgets>=7.0.0->qgridnext) (1.8.1)
2025-01-17T11:19:12.8971490Z Requirement already satisfied: nest-asyncio in /Users/runner/micromamba/envs/tardis/lib/python3.12/site-packages (from ipykernel>=6.5.0->jupyterlab<4.3,>=4.2.0->notebook>=4.4.1->widgetsnbextension~=3.6.5->ipywidgets>=7.0.0->qgridnext) (1.6.0)
2025-01-17T11:19:12.8981770Z Requirement already satisfied: psutil in /Users/runner/micromamba/envs/tardis/lib/python3.12/site-packages (from ipykernel>=6.5.0->jupyterlab<4.3,>=4.2.0->notebook>=4.4.1->widgetsnbextension~=3.6.5->ipywidgets>=7.0.0->qgridnext) (5.9.8)
2025-01-17T11:19:12.9034320Z Requirement already satisfied: MarkupSafe>=2.0 in /Users/runner/micromamba/envs/tardis/lib/python3.12/site-packages (from jinja2>=3.0.3->jupyter-server<3,>=2.4.0->notebook>=4.4.1->widgetsnbextension~=3.6.5->ipywidgets>=7.0.0->qgridnext) (2.1.5)
2025-01-17T11:19:12.9300100Z Requirement already satisfied: attrs>=22.2.0 in /Users/runner/micromamba/envs/tardis/lib/python3.12/site-packages (from jsonschema>=4.18.0->jupyterlab-server<3,>=2.27.1->notebook>=4.4.1->widgetsnbextension~=3.6.5->ipywidgets>=7.0.0->qgridnext) (23.2.0)
2025-01-17T11:19:12.9311410Z Requirement already satisfied: jsonschema-specifications>=2023.03.6 in /Users/runner/micromamba/envs/tardis/lib/python3.12/site-packages (from jsonschema>=4.18.0->jupyterlab-server<3,>=2.27.1->notebook>=4.4.1->widgetsnbextension~=3.6.5->ipywidgets>=7.0.0->qgridnext) (2023.12.1)
2025-01-17T11:19:12.9399660Z Requirement already satisfied: referencing>=0.28.4 in /Users/runner/micromamba/envs/tardis/lib/python3.12/site-packages (from jsonschema>=4.18.0->jupyterlab-server<3,>=2.27.1->notebook>=4.4.1->widgetsnbextension~=3.6.5->ipywidgets>=7.0.0->qgridnext) (0.35.1)
2025-01-17T11:19:12.9426330Z Requirement already satisfied: rpds-py>=0.7.1 in /Users/runner/micromamba/envs/tardis/lib/python3.12/site-packages (from jsonschema>=4.18.0->jupyterlab-server<3,>=2.27.1->notebook>=4.4.1->widgetsnbextension~=3.6.5->ipywidgets>=7.0.0->qgridnext) (0.18.1)
2025-01-17T11:19:12.9629210Z Requirement already satisfied: platformdirs>=2.5 in /Users/runner/micromamba/envs/tardis/lib/python3.12/site-packages (from jupyter-core!=5.0.*,>=4.12->jupyter-server<3,>=2.4.0->notebook>=4.4.1->widgetsnbextension~=3.6.5->ipywidgets>=7.0.0->qgridnext) (4.2.2)
2025-01-17T11:19:12.9869980Z Requirement already satisfied: python-json-logger>=2.0.4 in /Users/runner/micromamba/envs/tardis/lib/python3.12/site-packages (from jupyter-events>=0.9.0->jupyter-server<3,>=2.4.0->notebook>=4.4.1->widgetsnbextension~=3.6.5->ipywidgets>=7.0.0->qgridnext) (2.0.7)
2025-01-17T11:19:12.9886650Z Requirement already satisfied: pyyaml>=5.3 in /Users/runner/micromamba/envs/tardis/lib/python3.12/site-packages (from jupyter-events>=0.9.0->jupyter-server<3,>=2.4.0->notebook>=4.4.1->widgetsnbextension~=3.6.5->ipywidgets>=7.0.0->qgridnext) (6.0.1)
2025-01-17T11:19:12.9897190Z Requirement already satisfied: rfc3339-validator in /Users/runner/micromamba/envs/tardis/lib/python3.12/site-packages (from jupyter-events>=0.9.0->jupyter-server<3,>=2.4.0->notebook>=4.4.1->widgetsnbextension~=3.6.5->ipywidgets>=7.0.0->qgridnext) (0.1.4)
2025-01-17T11:19:12.9915890Z Requirement already satisfied: rfc3986-validator>=0.1.1 in /Users/runner/micromamba/envs/tardis/lib/python3.12/site-packages (from jupyter-events>=0.9.0->jupyter-server<3,>=2.4.0->notebook>=4.4.1->widgetsnbextension~=3.6.5->ipywidgets>=7.0.0->qgridnext) (0.1.1)
2025-01-17T11:19:13.0483090Z Requirement already satisfied: beautifulsoup4 in /Users/runner/micromamba/envs/tardis/lib/python3.12/site-packages (from nbconvert>=6.4.4->jupyter-server<3,>=2.4.0->notebook>=4.4.1->widgetsnbextension~=3.6.5->ipywidgets>=7.0.0->qgridnext) (4.12.3)
2025-01-17T11:19:13.0497740Z Requirement already satisfied: bleach!=5.0.0 in /Users/runner/micromamba/envs/tardis/lib/python3.12/site-packages (from nbconvert>=6.4.4->jupyter-server<3,>=2.4.0->notebook>=4.4.1->widgetsnbextension~=3.6.5->ipywidgets>=7.0.0->qgridnext) (6.1.0)
2025-01-17T11:19:13.0507770Z Requirement already satisfied: defusedxml in /Users/runner/micromamba/envs/tardis/lib/python3.12/site-packages (from nbconvert>=6.4.4->jupyter-server<3,>=2.4.0->notebook>=4.4.1->widgetsnbextension~=3.6.5->ipywidgets>=7.0.0->qgridnext) (0.7.1)
2025-01-17T11:19:13.0520240Z Requirement already satisfied: jupyterlab-pygments in /Users/runner/micromamba/envs/tardis/lib/python3.12/site-packages (from nbconvert>=6.4.4->jupyter-server<3,>=2.4.0->notebook>=4.4.1->widgetsnbextension~=3.6.5->ipywidgets>=7.0.0->qgridnext) (0.3.0)
2025-01-17T11:19:13.0536840Z Requirement already satisfied: mistune<4,>=2.0.3 in /Users/runner/micromamba/envs/tardis/lib/python3.12/site-packages (from nbconvert>=6.4.4->jupyter-server<3,>=2.4.0->notebook>=4.4.1->widgetsnbextension~=3.6.5->ipywidgets>=7.0.0->qgridnext) (3.0.2)
2025-01-17T11:19:13.0544350Z Requirement already satisfied: nbclient>=0.5.0 in /Users/runner/micromamba/envs/tardis/lib/python3.12/site-packages (from nbconvert>=6.4.4->jupyter-server<3,>=2.4.0->notebook>=4.4.1->widgetsnbextension~=3.6.5->ipywidgets>=7.0.0->qgridnext) (0.10.0)
2025-01-17T11:19:13.0557630Z Requirement already satisfied: pandocfilters>=1.4.1 in /Users/runner/micromamba/envs/tardis/lib/python3.12/site-packages (from nbconvert>=6.4.4->jupyter-server<3,>=2.4.0->notebook>=4.4.1->widgetsnbextension~=3.6.5->ipywidgets>=7.0.0->qgridnext) (1.5.0)
2025-01-17T11:19:13.0563570Z Requirement already satisfied: tinycss2 in /Users/runner/micromamba/envs/tardis/lib/python3.12/site-packages (from nbconvert>=6.4.4->jupyter-server<3,>=2.4.0->notebook>=4.4.1->widgetsnbextension~=3.6.5->ipywidgets>=7.0.0->qgridnext) (1.3.0)
2025-01-17T11:19:13.0662680Z Requirement already satisfied: fastjsonschema>=2.15 in /Users/runner/micromamba/envs/tardis/lib/python3.12/site-packages (from nbformat>=5.3.0->jupyter-server<3,>=2.4.0->notebook>=4.4.1->widgetsnbextension~=3.6.5->ipywidgets>=7.0.0->qgridnext) (2.20.0)
2025-01-17T11:19:13.0984400Z Requirement already satisfied: charset_normalizer<4,>=2 in /Users/runner/micromamba/envs/tardis/lib/python3.12/site-packages (from requests>=2.31->jupyterlab-server<3,>=2.27.1->notebook>=4.4.1->widgetsnbextension~=3.6.5->ipywidgets>=7.0.0->qgridnext) (3.3.2)
2025-01-17T11:19:13.0994960Z Requirement already satisfied: urllib3<3,>=1.21.1 in /Users/runner/micromamba/envs/tardis/lib/python3.12/site-packages (from requests>=2.31->jupyterlab-server<3,>=2.27.1->notebook>=4.4.1->widgetsnbextension~=3.6.5->ipywidgets>=7.0.0->qgridnext) (2.2.2)
2025-01-17T11:19:13.1722280Z Requirement already satisfied: webencodings in /Users/runner/micromamba/envs/tardis/lib/python3.12/site-packages (from bleach!=5.0.0->nbconvert>=6.4.4->jupyter-server<3,>=2.4.0->notebook>=4.4.1->widgetsnbextension~=3.6.5->ipywidgets>=7.0.0->qgridnext) (0.5.1)
2025-01-17T11:19:13.2287620Z Requirement already satisfied: fqdn in /Users/runner/micromamba/envs/tardis/lib/python3.12/site-packages (from jsonschema[format-nongpl]>=4.18.0->jupyter-events>=0.9.0->jupyter-server<3,>=2.4.0->notebook>=4.4.1->widgetsnbextension~=3.6.5->ipywidgets>=7.0.0->qgridnext) (1.5.1)
2025-01-17T11:19:13.2298550Z Requirement already satisfied: isoduration in /Users/runner/micromamba/envs/tardis/lib/python3.12/site-packages (from jsonschema[format-nongpl]>=4.18.0->jupyter-events>=0.9.0->jupyter-server<3,>=2.4.0->notebook>=4.4.1->widgetsnbextension~=3.6.5->ipywidgets>=7.0.0->qgridnext) (20.11.0)
2025-01-17T11:19:13.2307120Z Requirement already satisfied: jsonpointer>1.13 in /Users/runner/micromamba/envs/tardis/lib/python3.12/site-packages (from jsonschema[format-nongpl]>=4.18.0->jupyter-events>=0.9.0->jupyter-server<3,>=2.4.0->notebook>=4.4.1->widgetsnbextension~=3.6.5->ipywidgets>=7.0.0->qgridnext) (3.0.0)
2025-01-17T11:19:13.2330700Z Requirement already satisfied: uri-template in /Users/runner/micromamba/envs/tardis/lib/python3.12/site-packages (from jsonschema[format-nongpl]>=4.18.0->jupyter-events>=0.9.0->jupyter-server<3,>=2.4.0->notebook>=4.4.1->widgetsnbextension~=3.6.5->ipywidgets>=7.0.0->qgridnext) (1.3.0)
2025-01-17T11:19:13.2339920Z Requirement already satisfied: webcolors>=1.11 in /Users/runner/micromamba/envs/tardis/lib/python3.12/site-packages (from jsonschema[format-nongpl]>=4.18.0->jupyter-events>=0.9.0->jupyter-server<3,>=2.4.0->notebook>=4.4.1->widgetsnbextension~=3.6.5->ipywidgets>=7.0.0->qgridnext) (24.6.0)
2025-01-17T11:19:13.3484990Z Requirement already satisfied: cffi>=1.0.1 in /Users/runner/micromamba/envs/tardis/lib/python3.12/site-packages (from argon2-cffi-bindings->argon2-cffi>=21.1->jupyter-server<3,>=2.4.0->notebook>=4.4.1->widgetsnbextension~=3.6.5->ipywidgets>=7.0.0->qgridnext) (1.16.0)
2025-01-17T11:19:13.3565840Z Requirement already satisfied: soupsieve>1.2 in /Users/runner/micromamba/envs/tardis/lib/python3.12/site-packages (from beautifulsoup4->nbconvert>=6.4.4->jupyter-server<3,>=2.4.0->notebook>=4.4.1->widgetsnbextension~=3.6.5->ipywidgets>=7.0.0->qgridnext) (2.5)
2025-01-17T11:19:13.4012790Z Requirement already satisfied: pycparser in /Users/runner/micromamba/envs/tardis/lib/python3.12/site-packages (from cffi>=1.0.1->argon2-cffi-bindings->argon2-cffi>=21.1->jupyter-server<3,>=2.4.0->notebook>=4.4.1->widgetsnbextension~=3.6.5->ipywidgets>=7.0.0->qgridnext) (2.22)
2025-01-17T11:19:13.4470760Z Requirement already satisfied: arrow>=0.15.0 in /Users/runner/micromamba/envs/tardis/lib/python3.12/site-packages (from isoduration->jsonschema[format-nongpl]>=4.18.0->jupyter-events>=0.9.0->jupyter-server<3,>=2.4.0->notebook>=4.4.1->widgetsnbextension~=3.6.5->ipywidgets>=7.0.0->qgridnext) (1.3.0)
2025-01-17T11:19:13.4756140Z Requirement already satisfied: types-python-dateutil>=2.8.10 in /Users/runner/micromamba/envs/tardis/lib/python3.12/site-packages (from arrow>=0.15.0->isoduration->jsonschema[format-nongpl]>=4.18.0->jupyter-events>=0.9.0->jupyter-server<3,>=2.4.0->notebook>=4.4.1->widgetsnbextension~=3.6.5->ipywidgets>=7.0.0->qgridnext) (2.9.0.20240316)
2025-01-17T11:19:13.4982780Z Downloading qgridnext-2.0.4-py3-none-any.whl (1.3 MB)
2025-01-17T11:19:13.5270500Z    ━━━━━━━━━━━━━━━━━━━━━━━━━━━━━━━━━━━━━━━━ 1.3/1.3 MB 45.6 MB/s eta 0:00:00
2025-01-17T11:19:14.3073250Z Installing collected packages: qgridnext
2025-01-17T11:19:14.3535920Z Successfully installed qgridnext-2.0.4
2025-01-17T11:19:14.6013160Z ##[group]Run pytest tardis --tardis-regression-data=/Users/runner/work/tardis/tardis/tardis-regression-data --cov=tardis --cov-report=xml --cov-report=html --cov-append -m "not continuum"
2025-01-17T11:19:14.6014240Z [36;1mpytest tardis --tardis-regression-data=/Users/runner/work/tardis/tardis/tardis-regression-data --cov=tardis --cov-report=xml --cov-report=html --cov-append -m "not continuum"[0m
2025-01-17T11:19:14.6085890Z shell: /bin/bash -l {0}
2025-01-17T11:19:14.6086150Z env:
2025-01-17T11:19:14.6086450Z   CACHE_NUMBER: 0
2025-01-17T11:19:14.6086990Z   PYTEST_FLAGS: --tardis-regression-data=/Users/runner/work/tardis/tardis/tardis-regression-data --cov=tardis --cov-report=xml --cov-report=html --cov-append
2025-01-17T11:19:14.6087540Z   CODECOV_TOKEN: 
2025-01-17T11:19:14.6087730Z   MAMBA_ROOT_PREFIX: /Users/runner/micromamba
2025-01-17T11:19:14.6087980Z   MAMBA_EXE: /Users/runner/micromamba-bin/micromamba
2025-01-17T11:19:14.6088330Z   CONDARC: /Users/runner/work/_temp/setup-micromamba/.condarc
2025-01-17T11:19:14.6088630Z ##[endgroup]
2025-01-17T11:19:27.5674590Z ============================= test session starts ==============================
2025-01-17T11:19:27.5675610Z platform darwin -- Python 3.12.4, pytest-8.2.2, pluggy-1.5.0
2025-01-17T11:19:27.5676650Z rootdir: /Users/runner/work/tardis/tardis
2025-01-17T11:19:27.5677330Z configfile: pyproject.toml
2025-01-17T11:19:27.5678260Z plugins: cov-5.0.0, html-4.1.1, metadata-3.1.1, doctestplus-1.2.1, anyio-4.4.0
2025-01-17T11:19:27.5679390Z collected 1796 items / 2 deselected / 1794 selected
2025-01-17T11:19:27.5679960Z 
2025-01-17T11:19:30.5996010Z tardis/energy_input/tests/test_energy_source.py ..xxx                    [  0%]
2025-01-17T11:19:32.5478700Z tardis/energy_input/tests/test_gamma_ray_channel.py ...........          [  0%]
2025-01-17T11:19:33.6969590Z tardis/energy_input/tests/test_gamma_ray_grid.py xx.                     [  1%]
2025-01-17T11:19:34.8546040Z tardis/energy_input/tests/test_gamma_ray_interactions.py xx....          [  1%]
2025-01-17T11:19:34.8595720Z tardis/energy_input/tests/test_gamma_ray_packet_source.py sssssssss      [  1%]
2025-01-17T11:19:36.0184290Z tardis/energy_input/tests/test_util.py .....xxxx.....                    [  2%]
2025-01-17T11:19:36.2699780Z tardis/grid/tests/test_grid.py .                                         [  2%]
2025-01-17T11:19:36.2709070Z tardis/gui/tests/test_gui.py s                                           [  2%]
2025-01-17T11:19:39.9005080Z tardis/io/configuration/tests/test_config_reader.py ...........          [  3%]
2025-01-17T11:19:39.9154440Z tardis/io/configuration/tests/test_configuration_namespace.py .........  [  3%]
2025-01-17T11:19:39.9241980Z tardis/io/logger/tests/test_logging.py ssssssssssssssssssssssssssss      [  5%]
2025-01-17T11:20:08.7431100Z tardis/io/model/readers/tests/test_arepo_parser.py ..                    [  5%]
2025-01-17T11:20:08.7641620Z tardis/io/model/readers/tests/test_ascii_readers.py ...                  [  5%]
2025-01-17T11:20:08.7736060Z tardis/io/model/readers/tests/test_cmfgen_reader.py ..                   [  5%]
2025-01-17T11:20:08.7959040Z tardis/io/model/readers/tests/test_csvy_reader.py ....                   [  6%]
2025-01-17T11:20:08.8123140Z tardis/io/model/readers/tests/test_stella_reader.py ..                   [  6%]
2025-01-17T11:20:09.1153580Z tardis/io/tests/test_HDFWriter.py ...............                        [  7%]
2025-01-17T11:20:09.5721320Z tardis/io/tests/test_atomic.py .....                                     [  7%]
2025-01-17T11:20:09.6022430Z tardis/io/tests/test_decay.py ..                                         [  7%]
2025-01-17T11:20:09.7377320Z tardis/io/tests/test_model_reader.py ......                              [  7%]
2025-01-17T11:20:09.7419850Z tardis/model/geometry/tests/test_radial1d.py ..                          [  7%]
2025-01-17T11:20:40.1035690Z tardis/model/tests/test_base.py ........................................ [ 10%]
2025-01-17T11:20:40.9186020Z ............                                                             [ 10%]
2025-01-17T11:20:43.3939940Z tardis/model/tests/test_csvy_model.py .........                          [ 11%]
2025-01-17T11:20:43.4293690Z tardis/model/tests/test_density.py ..                                    [ 11%]
2025-01-17T11:20:44.7942520Z tardis/opacities/tests/test_opacity_solver.py .....                      [ 11%]
2025-01-17T11:20:45.8889680Z tardis/opacities/tests/test_opacity_state_numba.py .....                 [ 11%]
2025-01-17T11:20:48.1531930Z tardis/opacities/tests/test_tau_sobolev.py ..                            [ 12%]
2025-01-17T11:20:50.5044350Z tardis/plasma/equilibrium/tests/test_collisional_transitions.py ...      [ 12%]
2025-01-17T11:21:32.8806390Z tardis/plasma/equilibrium/tests/test_level_populations.py ....           [ 12%]
2025-01-17T11:21:42.5714660Z tardis/plasma/equilibrium/tests/test_rate_matrix.py .                    [ 12%]
2025-01-17T11:21:43.6259640Z tardis/plasma/tests/test_complete_plasmas.py ..............s......s..... [ 13%]
2025-01-17T11:21:45.9566200Z s....ssssss............s......s.....ss.....s....ssssss............s..... [ 18%]
2025-01-17T11:21:47.3883260Z .s.....ss.....s....ssssss............s......s.....ss.....s....ssssss.... [ 22%]
2025-01-17T11:21:49.7870640Z ........s......s.....ss.....s....ssssss............s......s.....ss.....s [ 26%]
2025-01-17T11:21:51.8236430Z ....ssssss............s......s.....ss.....s....ssssss............s...... [ 30%]
2025-01-17T11:21:52.3883990Z s.....ss.....s....ssssss............s......s.....ss.....s.ss.ssssss..... [ 34%]
2025-01-17T11:21:54.6053050Z .......s......s.....ss.....s....ssssss............s......s.....ss.....s. [ 38%]
2025-01-17T11:21:56.9442710Z ...ssssss............s......s.....ss.....s....ssssss............s......s [ 42%]
2025-01-17T11:21:59.2659150Z .....ss.....s....ssssss............s......s.....s...........ssssss...... [ 46%]
2025-01-17T11:22:00.8663870Z ......s......s.....s...........ssssss............s......s.....s......... [ 50%]
2025-01-17T11:22:03.1611880Z ..ssssss............s......s.....ss.....s....ssssss............s......s. [ 54%]
2025-01-17T11:22:05.3645490Z ....ss.....s....ssssss...................s......s.....s....ssss......... [ 58%]
2025-01-17T11:22:05.9643520Z ............s......s.....s....ssss.......                                [ 60%]
2025-01-17T11:22:06.2253450Z tardis/plasma/tests/test_hdf_plasma.py ................................. [ 62%]
2025-01-17T11:22:06.2349550Z ......                                                                   [ 62%]
2025-01-17T11:22:06.5257710Z tardis/plasma/tests/test_nlte_excitation.py ...                          [ 62%]
2025-01-17T11:23:42.1797030Z tardis/plasma/tests/test_nlte_solver.py .....X                           [ 63%]
2025-01-17T11:23:42.1832990Z tardis/plasma/tests/test_plasma_continuum.py .                           [ 63%]
2025-01-17T11:24:00.9248320Z tardis/plasma/tests/test_plasma_vboundary.py .............               [ 63%]
2025-01-17T11:24:12.6132250Z tardis/plasma/tests/test_tardis_model_density_config.py ...              [ 64%]
2025-01-17T11:24:13.2078280Z tardis/simulation/tests/test_convergence.py .....                        [ 64%]
2025-01-17T11:24:20.2883000Z tardis/simulation/tests/test_simulation.py .............                 [ 65%]
2025-01-17T11:24:20.3015460Z tardis/spectrum/tests/test_cuda_formal_integral.py sssssssssssssssssssss [ 66%]
2025-01-17T11:24:20.6025220Z ssss...ssssssssssssssssssssss                                            [ 67%]
2025-01-17T11:24:20.6074170Z tardis/spectrum/tests/test_luminosity.py ....                            [ 68%]
2025-01-17T11:24:21.5247620Z tardis/spectrum/tests/test_numba_formal_integral.py .................... [ 69%]
2025-01-17T11:24:21.5347750Z ..........                                                               [ 69%]
2025-01-17T11:24:21.6508760Z tardis/spectrum/tests/test_spectrum.py ................................. [ 71%]
2025-01-17T11:24:21.6742680Z .........                                                                [ 72%]
2025-01-17T11:24:40.8675690Z tardis/spectrum/tests/test_spectrum_solver.py ....                       [ 72%]
2025-01-17T11:25:37.6806070Z tardis/tests/test_tardis_full.py ....                                    [ 72%]
2025-01-17T11:27:09.5547240Z tardis/tests/test_tardis_full_formal_integral.py ................        [ 73%]
2025-01-17T11:27:09.6071380Z tardis/tests/test_util.py .............................................  [ 75%]
2025-01-17T11:27:11.6611790Z tardis/transport/montecarlo/tests/test_base.py x.....................    [ 77%]
2025-01-17T11:27:16.6692940Z tardis/transport/montecarlo/tests/test_interaction.py .......            [ 77%]
2025-01-17T11:27:16.8162280Z tardis/transport/montecarlo/tests/test_macro_atom.py ....                [ 77%]
2025-01-17T11:27:16.8269600Z tardis/transport/montecarlo/tests/test_montecarlo.py sssssssssssssssssss [ 78%]
2025-01-17T11:27:16.8524420Z sssssssssssssssssssssssssssssssssssssssssssss                            [ 81%]
2025-01-17T11:27:23.8485250Z tardis/transport/montecarlo/tests/test_montecarlo_main_loop.py x..       [ 81%]
2025-01-17T11:27:23.8680460Z tardis/transport/montecarlo/tests/test_nonhomologous.py ...              [ 81%]
2025-01-17T11:27:25.9450760Z tardis/transport/montecarlo/tests/test_numba_interface.py .....x.        [ 82%]
2025-01-17T11:27:26.2894900Z tardis/transport/montecarlo/tests/test_opacities.py ...............      [ 82%]
2025-01-17T11:27:27.0029140Z tardis/transport/montecarlo/tests/test_packet.py .................xXXXXX [ 84%]
2025-01-17T11:27:27.0909900Z XX.........                                                              [ 84%]
2025-01-17T11:27:27.1206950Z tardis/transport/montecarlo/tests/test_packet_source.py ........         [ 85%]
2025-01-17T11:27:27.3280730Z tardis/transport/montecarlo/tests/test_rpacket_last_interaction_tracker.py . [ 85%]
2025-01-17T11:27:28.0479560Z .....                                                                    [ 85%]
2025-01-17T11:27:36.8135260Z tardis/transport/montecarlo/tests/test_rpacket_tracker.py ......         [ 85%]
2025-01-17T11:27:36.8333730Z tardis/transport/montecarlo/tests/test_single_packet_loop.py xxx         [ 86%]
2025-01-17T11:27:36.8353160Z tardis/transport/montecarlo/tests/test_tracker_utils.py ..               [ 86%]
2025-01-17T11:27:38.8151920Z tardis/transport/montecarlo/tests/test_vpacket.py ..x.                   [ 86%]
2025-01-17T11:27:38.8354900Z tardis/transport/montecarlo/tests/test_weighted_packet_source.py ....    [ 86%]
2025-01-17T11:27:41.4393920Z tardis/transport/montecarlo/tests/test_weighted_packet_source_integration.py . [ 86%]
2025-01-17T11:27:41.4394630Z                                                                          [ 86%]
2025-01-17T11:27:41.9366160Z tardis/transport/tests/test_doppler_factor.py ..................         [ 87%]
2025-01-17T11:27:43.5341760Z tardis/visualization/tools/tests/test_convergence_plot.py .............. [ 88%]
2025-01-17T11:27:45.1749730Z ......                                                                   [ 88%]
2025-01-17T11:27:48.9243450Z tardis/visualization/tools/tests/test_liv_plot.py ...................... [ 90%]
2025-01-17T11:27:52.6409360Z .............................                                            [ 91%]
2025-01-17T11:27:55.4050780Z tardis/visualization/tools/tests/test_rpacket_plot.py .................. [ 92%]
2025-01-17T11:28:02.1647180Z ....                                                                     [ 92%]
2025-01-17T11:28:06.3399520Z tardis/visualization/tools/tests/test_sdec_plot.py ..................... [ 94%]
2025-01-17T11:28:12.4765410Z ..............................                                           [ 95%]
2025-01-17T11:28:12.8355200Z tardis/visualization/widgets/tests/test_custom_abundance.py ........ss.. [ 96%]
2025-01-17T11:28:12.8793650Z ....                                                                     [ 96%]
2025-01-17T11:28:13.7030270Z tardis/visualization/widgets/tests/test_line_info.py ................... [ 97%]
2025-01-17T11:28:14.1767910Z ..................                                                       [ 98%]
2025-01-17T11:31:22.3047460Z tardis/visualization/widgets/tests/test_shell_info.py .................. [ 99%]
2025-01-17T11:31:29.1629120Z ......                                                                   [100%]
2025-01-17T11:31:29.1629610Z 
2025-01-17T11:31:29.1630120Z =============================== warnings summary ===============================
2025-01-17T11:31:29.1630620Z tardis/io/configuration/config_validator.py:6
2025-01-17T11:31:29.1631110Z tardis/io/configuration/config_validator.py:6
2025-01-17T11:31:29.1643260Z   /Users/runner/work/tardis/tardis/tardis/io/configuration/config_validator.py:6: DeprecationWarning:
2025-01-17T11:31:29.1643960Z   
2025-01-17T11:31:29.1645440Z   jsonschema.RefResolver is deprecated as of v4.18.0, in favor of the https://github.com/python-jsonschema/referencing library, which provides more compliant referencing behavior as well as more flexible APIs for customization. A future release will remove RefResolver. Please file a feature request (on referencing) if you are missing an API for the kind of customization you need.
2025-01-17T11:31:29.1646520Z 
2025-01-17T11:31:29.1646770Z ../../../micromamba/envs/tardis/lib/python3.12/site-packages/jupyter_client/connect.py:22
2025-01-17T11:31:29.1647530Z   /Users/runner/micromamba/envs/tardis/lib/python3.12/site-packages/jupyter_client/connect.py:22: DeprecationWarning:
2025-01-17T11:31:29.1648330Z   
2025-01-17T11:31:29.1648680Z   Jupyter is migrating its paths to use standard platformdirs
2025-01-17T11:31:29.1649080Z   given by the platformdirs library.  To remove this warning and
2025-01-17T11:31:29.1649520Z   see the appropriate new directories, set the environment variable
2025-01-17T11:31:29.1649920Z   `JUPYTER_PLATFORM_DIRS=1` and then run `jupyter --paths`.
2025-01-17T11:31:29.1650360Z   The use of platformdirs will be the default in `jupyter_core` v6
2025-01-17T11:31:29.1650660Z 
2025-01-17T11:31:29.1650830Z tardis/plasma/properties/__init__.py:17
2025-01-17T11:31:29.1651290Z   /Users/runner/work/tardis/tardis/tardis/plasma/properties/__init__.py:17: DeprecationWarning:
2025-01-17T11:31:29.1651740Z   
2025-01-17T11:31:29.1652280Z   The numpy.linalg.linalg has been made private and renamed to numpy.linalg._linalg. All public functions exported by it are available from numpy.linalg. Please use numpy.linalg.LinAlgError instead.
2025-01-17T11:31:29.1652840Z 
2025-01-17T11:31:29.1674330Z tardis/io/tests/test_HDFWriter.py::test_multi_index_write
2025-01-17T11:31:29.1674840Z tardis/visualization/widgets/tests/test_shell_info.py::TestHDFShellInfo::test_shells_data
2025-01-17T11:31:29.1675550Z   /Users/runner/work/tardis/tardis/tardis/io/util.py:276: PerformanceWarning:
2025-01-17T11:31:29.1675960Z   
2025-01-17T11:31:29.1676210Z   
2025-01-17T11:31:29.1676500Z   your performance may suffer as PyTables will pickle object types that it cannot
2025-01-17T11:31:29.1677170Z   map directly to c-types [inferred_type->mixed,key->block0_values] [items->Index([0], dtype='int64')]
2025-01-17T11:31:29.1677470Z 
2025-01-17T11:31:29.1677710Z tardis/io/tests/test_model_reader.py::test_read_cmfgen_isotope_abundances
2025-01-17T11:31:29.1678280Z tardis/plasma/tests/test_tardis_model_density_config.py::test_electron_densities
2025-01-17T11:31:29.1678920Z tardis/plasma/tests/test_tardis_model_density_config.py::test_isotope_number_densities
2025-01-17T11:31:29.1679490Z tardis/plasma/tests/test_tardis_model_density_config.py::test_t_rad
2025-01-17T11:31:29.1680030Z   /Users/runner/work/tardis/tardis/tardis/io/model/readers/cmfgen_deprecated.py:82: DeprecationWarning:
2025-01-17T11:31:29.1680570Z   
2025-01-17T11:31:29.1680920Z   The current CMFGEN model parser is deprecated
2025-01-17T11:31:29.1681170Z 
2025-01-17T11:31:29.1681250Z tardis/io/tests/test_model_reader.py: 1 warning
2025-01-17T11:31:29.1681690Z tardis/plasma/tests/test_tardis_model_density_config.py: 9 warnings
2025-01-17T11:31:29.1682400Z   /Users/runner/work/tardis/tardis/tardis/io/model/readers/cmfgen_deprecated.py:40: DeprecationWarning:
2025-01-17T11:31:29.1687780Z   
2025-01-17T11:31:29.1688130Z   The current CMFGEN model parser is deprecated
2025-01-17T11:31:29.1688290Z 
2025-01-17T11:31:29.1688750Z tardis/model/tests/test_base.py::TestModelFromPaper1Config::test_abundances
2025-01-17T11:31:29.1689390Z   /Users/runner/work/tardis/tardis/tardis/transport/montecarlo/montecarlo_main_loop.py:123: NumbaTypeSafetyWarning:
2025-01-17T11:31:29.1689860Z   
2025-01-17T11:31:29.1724480Z   [1m[1m[1munsafe cast from uint64 to int64. Precision may be lost.[0m[0m[0m
2025-01-17T11:31:29.1724940Z 
2025-01-17T11:31:29.1725120Z tardis/model/tests/test_base.py: 6 warnings
2025-01-17T11:31:29.1725420Z tardis/model/tests/test_csvy_model.py: 2 warnings
2025-01-17T11:31:29.1725770Z tardis/plasma/tests/test_tardis_model_density_config.py: 3 warnings
2025-01-17T11:31:29.1765580Z   /Users/runner/work/tardis/tardis/tardis/model/geometry/radial1d.py:50: DeprecationWarning:
2025-01-17T11:31:29.1766040Z   
2025-01-17T11:31:29.1766230Z   v_inner_boundary < 0, assuming default value
2025-01-17T11:31:29.1766400Z 
2025-01-17T11:31:29.1766480Z tardis/model/tests/test_base.py: 6 warnings
2025-01-17T11:31:29.1766710Z tardis/model/tests/test_csvy_model.py: 2 warnings
2025-01-17T11:31:29.1767160Z tardis/plasma/tests/test_tardis_model_density_config.py: 3 warnings
2025-01-17T11:31:29.1768810Z   /Users/runner/work/tardis/tardis/tardis/model/geometry/radial1d.py:61: DeprecationWarning:
2025-01-17T11:31:29.1769160Z   
2025-01-17T11:31:29.1769310Z   v_outer_boundary < 0, assuming default value
2025-01-17T11:31:29.1769500Z 
2025-01-17T11:31:29.1769810Z tardis/plasma/equilibrium/tests/test_collisional_transitions.py::test_legacy_chianti_collisional_strengths
2025-01-17T11:31:29.1770420Z tardis/plasma/equilibrium/tests/test_collisional_transitions.py::test_legacy_chianti_collisional_strengths
2025-01-17T11:31:29.1771030Z tardis/plasma/equilibrium/tests/test_collisional_transitions.py::test_legacy_chianti_collisional_strengths
2025-01-17T11:31:29.1771730Z tardis/plasma/equilibrium/tests/test_collisional_transitions.py::test_legacy_chianti_collisional_strengths
2025-01-17T11:31:29.1772530Z tardis/plasma/equilibrium/tests/test_level_populations.py::TestLevelPopulationSolver::test_calculate_level_population_simple[collisional_rate_solver0-radiative_transitions0]
2025-01-17T11:31:29.1773900Z tardis/plasma/equilibrium/tests/test_level_populations.py::TestLevelPopulationSolver::test_calculate_level_population_empty[collisional_rate_solver0-radiative_transitions0]
2025-01-17T11:31:29.1775190Z tardis/plasma/equilibrium/tests/test_level_populations.py::TestLevelPopulationSolver::test_calculate_level_population_zeros[collisional_rate_solver0-radiative_transitions0]
2025-01-17T11:31:29.1776170Z tardis/plasma/equilibrium/tests/test_level_populations.py::TestLevelPopulationSolver::test_solve[collisional_rate_solver0-radiative_transitions0]
2025-01-17T11:31:29.1776970Z tardis/plasma/equilibrium/tests/test_rate_matrix.py::test_rate_matrix_solver[collisional_rate_solver0-radiative_transitions0]
2025-01-17T11:31:29.1777580Z   /Users/runner/micromamba/envs/tardis/lib/python3.12/pickle.py:323: DeprecationWarning:
2025-01-17T11:31:29.1778160Z   
2025-01-17T11:31:29.1779530Z   numpy.core.numeric is deprecated and has been renamed to numpy._core.numeric. The numpy._core namespace contains private NumPy internals and its use is discouraged, as NumPy internals can change without warning in any release. In practice, most real-world usage of numpy.core is to access functionality in the public NumPy API. If that is the case, use the public NumPy API. If not, you are using NumPy internals. If you would still like to access an internal attribute, use numpy._core.numeric._frombuffer.
2025-01-17T11:31:29.1780880Z 
2025-01-17T11:31:29.1781240Z tardis/plasma/equilibrium/tests/test_level_populations.py::TestLevelPopulationSolver::test_solve[collisional_rate_solver0-radiative_transitions0]
2025-01-17T11:31:29.1782030Z   /Users/runner/work/tardis/tardis/tardis/plasma/equilibrium/level_populations.py:65: FutureWarning:
2025-01-17T11:31:29.1783130Z   
2025-01-17T11:31:29.1783630Z   A value is trying to be set on a copy of a DataFrame or Series through chained assignment using an inplace method.
2025-01-17T11:31:29.1784330Z   The behavior will change in pandas 3.0. This inplace method will never work because the intermediate object on which we are setting values always behaves as a copy.
2025-01-17T11:31:29.1784860Z   
2025-01-17T11:31:29.1785410Z   For example, when doing 'df[col].method(value, inplace=True)', try using 'df.method({col: value}, inplace=True)' or df[col] = df[col].method(value) instead, to perform the operation inplace on the original object.
2025-01-17T11:31:29.1786130Z 
2025-01-17T11:31:29.1786390Z tardis/plasma/tests/test_plasma_vboundary.py::test_plasma_vboundary[2900-3750]
2025-01-17T11:31:29.1786840Z tardis/plasma/tests/test_plasma_vboundary.py::test_plasma_vboundary[2900-3850]
2025-01-17T11:31:29.1787400Z tardis/plasma/tests/test_plasma_vboundary.py::test_plasma_vboundary[2900-3900]
2025-01-17T11:31:29.1787880Z   /Users/runner/work/tardis/tardis/tardis/model/geometry/radial1d.py:71: UserWarning:
2025-01-17T11:31:29.1788330Z   
2025-01-17T11:31:29.1788590Z   Requesting inner boundary below inner shell. Extrapolating the inner cell
2025-01-17T11:31:29.1788900Z 
2025-01-17T11:31:29.1789170Z tardis/spectrum/tests/test_numba_formal_integral.py::test_trapezoid_integration[100.0]
2025-01-17T11:31:29.1789690Z tardis/spectrum/tests/test_numba_formal_integral.py::test_trapezoid_integration[1000.0]
2025-01-17T11:31:29.1790310Z tardis/spectrum/tests/test_numba_formal_integral.py::test_trapezoid_integration[10000.0]
2025-01-17T11:31:29.1790840Z tardis/spectrum/tests/test_numba_formal_integral.py::test_trapezoid_integration[100000.0]
2025-01-17T11:31:29.1791470Z   /Users/runner/work/tardis/tardis/tardis/spectrum/tests/test_numba_formal_integral.py:35: DeprecationWarning:
2025-01-17T11:31:29.1791920Z   
2025-01-17T11:31:29.1792270Z   `trapz` is deprecated. Use `trapezoid` instead, or one of the numerical integration functions in `scipy.integrate`.
2025-01-17T11:31:29.1792630Z 
2025-01-17T11:31:29.1792910Z tardis/spectrum/tests/test_spectrum_solver.py::TestSpectrumSolver::test_solve
2025-01-17T11:31:29.1793350Z   /Users/runner/work/tardis/tardis/tardis/spectrum/base.py:70: UserWarning:
2025-01-17T11:31:29.1793760Z   
2025-01-17T11:31:29.1794150Z   SpectrumSolver.spectrum_virtual_packets is zero. Please run the montecarlo simulation with no_of_virtual_packets > 0
2025-01-17T11:31:29.1794550Z 
2025-01-17T11:31:29.1794770Z tardis/spectrum/tests/test_spectrum_solver.py::TestSpectrumSolver::test_solve
2025-01-17T11:31:29.1795250Z   /Users/runner/work/tardis/tardis/tardis/spectrum/base.py:111: UserWarning:
2025-01-17T11:31:29.1795680Z   
2025-01-17T11:31:29.1796080Z   SpectrumSolver.integrator: The FormalIntegrator is not yet available.Please run the montecarlo simulation at least once.
2025-01-17T11:31:29.1796500Z 
2025-01-17T11:31:29.1796710Z tardis/tests/test_util.py::test_calculate_luminosity[string_io0-100 km-result0]
2025-01-17T11:31:29.1797160Z tardis/tests/test_util.py::test_calculate_luminosity[string_io1-500 km-result1]
2025-01-17T11:31:29.1797720Z   /Users/runner/work/tardis/tardis/tardis/util/base.py:188: DeprecationWarning:
2025-01-17T11:31:29.1798060Z   
2025-01-17T11:31:29.1798460Z   `trapz` is deprecated. Use `trapezoid` instead, or one of the numerical integration functions in `scipy.integrate`.
2025-01-17T11:31:29.1798760Z 
2025-01-17T11:31:29.1798890Z tardis/visualization/tools/tests/test_sdec_plot.py: 48 warnings
2025-01-17T11:31:29.1799460Z   /Users/runner/work/tardis/tardis/tardis/visualization/tools/sdec_plot.py:736: DeprecationWarning:
2025-01-17T11:31:29.1799860Z   
2025-01-17T11:31:29.1800100Z   `in1d` is deprecated. Use `np.isin` instead.
2025-01-17T11:31:29.1800300Z 
2025-01-17T11:31:29.1800520Z tardis/visualization/tools/tests/test_sdec_plot.py: 48 warnings
2025-01-17T11:31:29.1801000Z   /Users/runner/work/tardis/tardis/tardis/visualization/tools/sdec_plot.py:758: DeprecationWarning:
2025-01-17T11:31:29.1801490Z   
2025-01-17T11:31:29.1801940Z   `in1d` is deprecated. Use `np.isin` instead.
2025-01-17T11:31:29.1802220Z 
2025-01-17T11:31:29.1802410Z tardis/visualization/tools/tests/test_sdec_plot.py: 48 warnings
2025-01-17T11:31:29.1802920Z   /Users/runner/work/tardis/tardis/tardis/visualization/tools/sdec_plot.py:779: DeprecationWarning:
2025-01-17T11:31:29.1803390Z   
2025-01-17T11:31:29.1803530Z   `in1d` is deprecated. Use `np.isin` instead.
2025-01-17T11:31:29.1803670Z 
2025-01-17T11:31:29.1803940Z tardis/visualization/tools/tests/test_sdec_plot.py::TestSDECPlotter::test_mpl_image[plotter_generate_plot_mpl4]
2025-01-17T11:31:29.1804670Z   /Users/runner/work/tardis/tardis/tardis/visualization/tools/sdec_plot.py:1225: RuntimeWarning:
2025-01-17T11:31:29.1805010Z   
2025-01-17T11:31:29.1805800Z   More than 20 figures have been opened. Figures created through the pyplot interface (`matplotlib.pyplot.figure`) are retained until explicitly closed and may consume too much memory. (To control this warning, see the rcParam `figure.max_open_warning`). Consider using `matplotlib.pyplot.close()`.
2025-01-17T11:31:29.1806550Z 
2025-01-17T11:31:29.1806830Z tardis/visualization/widgets/tests/test_custom_abundance.py::TestCustomAbundanceWidget::test_update_input_item_value
2025-01-17T11:31:29.1807440Z tardis/visualization/widgets/tests/test_custom_abundance.py::TestCustomAbundanceWidget::test_update_input_item_value
2025-01-17T11:31:29.1808050Z tardis/visualization/widgets/tests/test_custom_abundance.py::TestCustomAbundanceWidget::test_update_input_item_value
2025-01-17T11:31:29.1808760Z tardis/visualization/widgets/tests/test_custom_abundance.py::TestCustomAbundanceWidget::test_update_input_item_value
2025-01-17T11:31:29.1809430Z tardis/visualization/widgets/tests/test_custom_abundance.py::TestCustomAbundanceWidget::test_update_input_item_value
2025-01-17T11:31:29.1810040Z tardis/visualization/widgets/tests/test_custom_abundance.py::TestCustomAbundanceWidget::test_update_input_item_value
2025-01-17T11:31:29.1810660Z   /Users/runner/micromamba/envs/tardis/lib/python3.12/site-packages/traitlets/traitlets.py:1385: DeprecationWarning:
2025-01-17T11:31:29.1811040Z   
2025-01-17T11:31:29.1811250Z   Passing unrecognized arguments to super(Checkbox).__init__(icon='lock').
2025-01-17T11:31:29.1811610Z   object.__init__() takes exactly one argument (the instance to initialize)
2025-01-17T11:31:29.1812000Z   This is deprecated in traitlets 4.2.This error will be raised in a future release of traitlets.
2025-01-17T11:31:29.1812260Z 
2025-01-17T11:31:29.1812540Z tardis/visualization/widgets/tests/test_custom_abundance.py::TestCustomAbundanceWidget::test_update_input_item_value
2025-01-17T11:31:29.1813150Z tardis/visualization/widgets/tests/test_custom_abundance.py::TestCustomAbundanceWidget::test_update_input_item_value
2025-01-17T11:31:29.1813830Z   /Users/runner/micromamba/envs/tardis/lib/python3.12/site-packages/traitlets/traitlets.py:1385: DeprecationWarning:
2025-01-17T11:31:29.1814290Z   
2025-01-17T11:31:29.1814610Z   Passing unrecognized arguments to super(FloatText).__init__(min=0).
2025-01-17T11:31:29.1815010Z   object.__init__() takes exactly one argument (the instance to initialize)
2025-01-17T11:31:29.1815530Z   This is deprecated in traitlets 4.2.This error will be raised in a future release of traitlets.
2025-01-17T11:31:29.1815780Z 
2025-01-17T11:31:29.1816150Z tardis/visualization/widgets/tests/test_custom_abundance.py::TestCustomAbundanceWidget::test_update_input_item_value
2025-01-17T11:31:29.1816960Z   /Users/runner/micromamba/envs/tardis/lib/python3.12/site-packages/traitlets/traitlets.py:1385: DeprecationWarning:
2025-01-17T11:31:29.1817480Z   
2025-01-17T11:31:29.1817800Z   Passing unrecognized arguments to super(HTML).__init__(indent=True).
2025-01-17T11:31:29.1818240Z   object.__init__() takes exactly one argument (the instance to initialize)
2025-01-17T11:31:29.1818770Z   This is deprecated in traitlets 4.2.This error will be raised in a future release of traitlets.
2025-01-17T11:31:29.1819110Z 
2025-01-17T11:31:29.1819750Z tardis/visualization/widgets/tests/test_line_info.py::TestLineInfoWidgetData::test_get_species_interactions[wavelength_range0-packet_out_nu]
2025-01-17T11:31:29.1820650Z   /Users/runner/micromamba/envs/tardis/lib/python3.12/site-packages/qgridnext/grid.py:814: DeprecationWarning:
2025-01-17T11:31:29.1821150Z   
2025-01-17T11:31:29.1821490Z   QgridWidget._df_changed is deprecated in traitlets 4.1: use @observe and @unobserve instead.
2025-01-17T11:31:29.1821820Z 
2025-01-17T11:31:29.1822020Z tardis/visualization/widgets/tests/test_shell_info.py::TestHDFShellInfo::test_shells_data
2025-01-17T11:31:29.1822750Z   /Users/runner/work/tardis/tardis/tardis/io/util.py:289: PerformanceWarning:
2025-01-17T11:31:29.1823120Z   
2025-01-17T11:31:29.1823350Z   
2025-01-17T11:31:29.1823650Z   your performance may suffer as PyTables will pickle object types that it cannot
2025-01-17T11:31:29.1824080Z   map directly to c-types [inferred_type->mixed,key->block0_values] [items->Index([0], dtype='int64')]
2025-01-17T11:31:29.1824410Z 
2025-01-17T11:31:29.1824610Z tardis/visualization/widgets/tests/test_shell_info.py::TestHDFShellInfo::test_shells_data
2025-01-17T11:31:29.1825150Z   /Users/runner/work/tardis/tardis/tardis/io/util.py:292: PerformanceWarning:
2025-01-17T11:31:29.1825430Z   
2025-01-17T11:31:29.1825660Z   
2025-01-17T11:31:29.1825930Z   your performance may suffer as PyTables will pickle object types that it cannot
2025-01-17T11:31:29.1826300Z   map directly to c-types [inferred_type->mixed,key->values] [items->None]
2025-01-17T11:31:29.1826500Z 
2025-01-17T11:31:29.1826760Z tardis/visualization/widgets/tests/test_shell_info.py::TestHDFShellInfo::test_shells_data
2025-01-17T11:31:29.1827360Z   /Users/runner/work/tardis/tardis/tardis/spectrum/formal_integral.py:398: UserWarning:
2025-01-17T11:31:29.1827720Z   
2025-01-17T11:31:29.1828010Z   The number of interpolate_shells was not specified. The value was set to 80.
2025-01-17T11:31:29.1828330Z 
2025-01-17T11:31:29.1828500Z -- Docs: https://docs.pytest.org/en/stable/how-to/capture-warnings.html
2025-01-17T11:31:29.1828780Z 
2025-01-17T11:31:29.1828910Z ---------- coverage: platform darwin, python 3.12.4-final-0 ----------
2025-01-17T11:31:29.1829190Z Coverage HTML written to dir coverage_html_report
2025-01-17T11:31:29.1829420Z Coverage XML written to file coverage.xml
2025-01-17T11:31:29.1829560Z 
2025-01-17T11:31:29.1829750Z = 1410 passed, 357 skipped, 2 deselected, 19 xfailed, 8 xpassed, 222 warnings in 723.03s (0:12:03) =
2025-01-17T11:31:30.8629010Z ##[group]Run mv .coverage .coverage.0
2025-01-17T11:31:30.8629410Z [36;1mmv .coverage .coverage.0[0m
2025-01-17T11:31:30.9421340Z shell: /bin/bash -l {0}
2025-01-17T11:31:30.9421510Z env:
2025-01-17T11:31:30.9421640Z   CACHE_NUMBER: 0
2025-01-17T11:31:30.9422150Z   PYTEST_FLAGS: --tardis-regression-data=/Users/runner/work/tardis/tardis/tardis-regression-data --cov=tardis --cov-report=xml --cov-report=html --cov-append
2025-01-17T11:31:30.9422670Z   CODECOV_TOKEN: 
2025-01-17T11:31:30.9422840Z   MAMBA_ROOT_PREFIX: /Users/runner/micromamba
2025-01-17T11:31:30.9423090Z   MAMBA_EXE: /Users/runner/micromamba-bin/micromamba
2025-01-17T11:31:30.9423390Z   CONDARC: /Users/runner/work/_temp/setup-micromamba/.condarc
2025-01-17T11:31:30.9423630Z ##[endgroup]
2025-01-17T11:31:31.1642890Z ##[group]Run actions/upload-artifact@v4
2025-01-17T11:31:31.1643220Z with:
2025-01-17T11:31:31.1643460Z   name: coverage-not-continuum-macos-latest
2025-01-17T11:31:31.1643700Z   include-hidden-files: true
2025-01-17T11:31:31.1643880Z   path: .coverage*
!.coveragerc

2025-01-17T11:31:31.1644130Z   if-no-files-found: warn
2025-01-17T11:31:31.1644300Z   compression-level: 6
2025-01-17T11:31:31.1644490Z   overwrite: false
2025-01-17T11:31:31.1644630Z env:
2025-01-17T11:31:31.1644780Z   CACHE_NUMBER: 0
2025-01-17T11:31:31.1645260Z   PYTEST_FLAGS: --tardis-regression-data=/Users/runner/work/tardis/tardis/tardis-regression-data --cov=tardis --cov-report=xml --cov-report=html --cov-append
2025-01-17T11:31:31.1645780Z   CODECOV_TOKEN: 
2025-01-17T11:31:31.1645950Z   MAMBA_ROOT_PREFIX: /Users/runner/micromamba
2025-01-17T11:31:31.1646200Z   MAMBA_EXE: /Users/runner/micromamba-bin/micromamba
2025-01-17T11:31:31.1646500Z   CONDARC: /Users/runner/work/_temp/setup-micromamba/.condarc
2025-01-17T11:31:31.1646820Z ##[endgroup]
2025-01-17T11:31:31.5301450Z With the provided path, there will be 2 files uploaded
2025-01-17T11:31:31.5304970Z Artifact name is valid!
2025-01-17T11:31:31.5306310Z Root directory input is valid!
2025-01-17T11:31:31.7145220Z Beginning upload of artifact content to blob storage
2025-01-17T11:31:31.8296170Z Uploaded bytes 28898
2025-01-17T11:31:31.8417030Z Finished uploading artifact content to blob storage!
2025-01-17T11:31:31.8474310Z SHA256 hash of uploaded artifact zip is 40252630f0abe57d12f32573dc0500e529fdb168fdaf061203ebf14a83626ee6
2025-01-17T11:31:31.8474720Z Finalizing artifact upload
2025-01-17T11:31:31.9215280Z Artifact coverage-not-continuum-macos-latest.zip successfully finalized. Artifact ID 2446450671
2025-01-17T11:31:31.9216260Z Artifact coverage-not-continuum-macos-latest has been successfully uploaded! Final size is 28898 bytes. Artifact ID is 2446450671
2025-01-17T11:31:31.9223530Z Artifact download URL: https://github.com/tardis-sn/tardis/actions/runs/12828010341/artifacts/2446450671
2025-01-17T11:31:31.9315300Z Post job cleanup.
2025-01-17T11:31:31.9368510Z Post job cleanup.
2025-01-17T11:31:32.0754980Z Will use pre-installed micromamba at /Users/runner/micromamba-bin/micromamba
2025-01-17T11:31:32.0758610Z Removing micromamba run shell ...
2025-01-17T11:31:32.0760720Z ##[group]Deinitialize micromamba for bash
2025-01-17T11:31:32.0774040Z [command]/Users/runner/micromamba-bin/micromamba shell deinit -s bash -r /Users/runner/micromamba --log-level warning --rc-file /Users/runner/work/_temp/setup-micromamba/.condarc
2025-01-17T11:31:32.0921260Z Resetting RC file "/Users/runner/.bash_profile"
2025-01-17T11:31:32.0923420Z Deleting config for root prefix 
2025-01-17T11:31:32.0924510Z Clearing mamba executable environment variable
2025-01-17T11:31:32.0944550Z Removing the following in your "/Users/runner/.bash_profile" file
2025-01-17T11:31:32.0944910Z # >>> mamba initialize >>>
2025-01-17T11:31:32.0945100Z ...
2025-01-17T11:31:32.0945270Z # <<< mamba initialize <<<
2025-01-17T11:31:32.0975670Z Removing environment tardis from auto-activate bash ...
2025-01-17T11:31:32.1063980Z Post job cleanup.
2025-01-17T11:31:32.1119870Z Post job cleanup.
2025-01-17T11:31:32.2319570Z [command]/opt/homebrew/bin/git version
2025-01-17T11:31:32.2595070Z git version 2.48.0
2025-01-17T11:31:32.2626940Z Copying '/Users/runner/.gitconfig' to '/Users/runner/work/_temp/378fa3c9-fe6d-4e29-9bbc-135104f31d9f/.gitconfig'
2025-01-17T11:31:32.2638450Z Temporarily overriding HOME='/Users/runner/work/_temp/378fa3c9-fe6d-4e29-9bbc-135104f31d9f' before making global git config changes
2025-01-17T11:31:32.2639230Z Adding repository directory to the temporary git global config as a safe directory
2025-01-17T11:31:32.2645910Z [command]/opt/homebrew/bin/git config --global --add safe.directory /Users/runner/work/tardis/tardis/tardis-regression-data
2025-01-17T11:31:32.2754520Z [command]/opt/homebrew/bin/git config --local --name-only --get-regexp core\.sshCommand
2025-01-17T11:31:32.2843360Z [command]/opt/homebrew/bin/git submodule foreach --recursive sh -c "git config --local --name-only --get-regexp 'core\.sshCommand' && git config --local --unset-all 'core.sshCommand' || :"
2025-01-17T11:31:32.3967610Z [command]/opt/homebrew/bin/git config --local --name-only --get-regexp http\.https\:\/\/github\.com\/\.extraheader
2025-01-17T11:31:32.4010180Z http.https://github.com/.extraheader
2025-01-17T11:31:32.4019320Z [command]/opt/homebrew/bin/git config --local --unset-all http.https://github.com/.extraheader
2025-01-17T11:31:32.4071970Z [command]/opt/homebrew/bin/git submodule foreach --recursive sh -c "git config --local --name-only --get-regexp 'http\.https\:\/\/github\.com\/\.extraheader' && git config --local --unset-all 'http.https://github.com/.extraheader' || :"
2025-01-17T11:31:32.4753890Z Post job cleanup.
2025-01-17T11:31:32.6275950Z [command]/opt/homebrew/bin/git version
2025-01-17T11:31:32.6347230Z git version 2.48.0
2025-01-17T11:31:32.6384280Z Copying '/Users/runner/.gitconfig' to '/Users/runner/work/_temp/bc4af449-eb20-422b-b6c2-bdf4f0769648/.gitconfig'
2025-01-17T11:31:32.6473930Z Temporarily overriding HOME='/Users/runner/work/_temp/bc4af449-eb20-422b-b6c2-bdf4f0769648' before making global git config changes
2025-01-17T11:31:32.6475600Z Adding repository directory to the temporary git global config as a safe directory
2025-01-17T11:31:32.6477540Z [command]/opt/homebrew/bin/git config --global --add safe.directory /Users/runner/work/tardis/tardis
2025-01-17T11:31:32.6632460Z [command]/opt/homebrew/bin/git config --local --name-only --get-regexp core\.sshCommand
2025-01-17T11:31:32.6702760Z [command]/opt/homebrew/bin/git submodule foreach --recursive sh -c "git config --local --name-only --get-regexp 'core\.sshCommand' && git config --local --unset-all 'core.sshCommand' || :"
2025-01-17T11:31:32.7648990Z [command]/opt/homebrew/bin/git config --local --name-only --get-regexp http\.https\:\/\/github\.com\/\.extraheader
2025-01-17T11:31:32.7699120Z http.https://github.com/.extraheader
2025-01-17T11:31:32.7709270Z [command]/opt/homebrew/bin/git config --local --unset-all http.https://github.com/.extraheader
2025-01-17T11:31:32.7788580Z [command]/opt/homebrew/bin/git submodule foreach --recursive sh -c "git config --local --name-only --get-regexp 'http\.https\:\/\/github\.com\/\.extraheader' && git config --local --unset-all 'http.https://github.com/.extraheader' || :"
2025-01-17T11:31:32.8770520Z Cleaning up orphan processes
