2025-01-10T11:19:09.0810830Z Prepare all required actions
2025-01-10T11:19:09.0811910Z Getting action download info
2025-01-10T11:19:09.2487190Z Download action repository 'actions/cache@v4' (SHA:1bd1e32a3bdc45362d1e726936510720a7c30a57)
2025-01-10T11:19:09.3503860Z ##[group]Run ./.github/actions/setup_lfs
2025-01-10T11:19:09.3504540Z with:
2025-01-10T11:19:09.3505170Z   regression-data-repo: tardis-sn/tardis-regression-data
2025-01-10T11:19:09.3505920Z env:
2025-01-10T11:19:09.3506390Z   CACHE_NUMBER: 0
2025-01-10T11:19:09.3507700Z   PYTEST_FLAGS: --tardis-regression-data=/Users/runner/work/tardis/tardis/tardis-regression-data --cov=tardis --cov-report=xml --cov-report=html --cov-append
2025-01-10T11:19:09.3509090Z   CODECOV_TOKEN: 
2025-01-10T11:19:09.3509610Z ##[endgroup]
2025-01-10T11:19:09.3637710Z ##[group]Run actions/checkout@v4
2025-01-10T11:19:09.3638310Z with:
2025-01-10T11:19:09.3638820Z   repository: tardis-sn/tardis-regression-data
2025-01-10T11:19:09.3639490Z   path: tardis-regression-data
2025-01-10T11:19:09.3640200Z   token: ***
2025-01-10T11:19:09.3640740Z   ssh-strict: true
2025-01-10T11:19:09.3641260Z   ssh-user: git
2025-01-10T11:19:09.3641760Z   persist-credentials: true
2025-01-10T11:19:09.3642340Z   clean: true
2025-01-10T11:19:09.3642840Z   sparse-checkout-cone-mode: true
2025-01-10T11:19:09.3643410Z   fetch-depth: 1
2025-01-10T11:19:09.3643900Z   fetch-tags: false
2025-01-10T11:19:09.3644400Z   show-progress: true
2025-01-10T11:19:09.3644900Z   lfs: false
2025-01-10T11:19:09.3645370Z   submodules: false
2025-01-10T11:19:09.3645880Z   set-safe-directory: true
2025-01-10T11:19:09.3646410Z env:
2025-01-10T11:19:09.3646850Z   CACHE_NUMBER: 0
2025-01-10T11:19:09.3648080Z   PYTEST_FLAGS: --tardis-regression-data=/Users/runner/work/tardis/tardis/tardis-regression-data --cov=tardis --cov-report=xml --cov-report=html --cov-append
2025-01-10T11:19:09.3649430Z   CODECOV_TOKEN: 
2025-01-10T11:19:09.3649900Z ##[endgroup]
2025-01-10T11:19:09.4828820Z Syncing repository: tardis-sn/tardis-regression-data
2025-01-10T11:19:09.4830370Z ##[group]Getting Git version info
2025-01-10T11:19:09.4831330Z Working directory is '/Users/runner/work/tardis/tardis/tardis-regression-data'
2025-01-10T11:19:09.4832870Z [command]/opt/homebrew/bin/git version
2025-01-10T11:19:09.4833630Z git version 2.47.1
2025-01-10T11:19:09.4838960Z ##[endgroup]
2025-01-10T11:19:09.4843850Z Copying '/Users/runner/.gitconfig' to '/Users/runner/work/_temp/40c9cc49-3461-4d23-89dc-1d49817d5b11/.gitconfig'
2025-01-10T11:19:09.4852480Z Temporarily overriding HOME='/Users/runner/work/_temp/40c9cc49-3461-4d23-89dc-1d49817d5b11' before making global git config changes
2025-01-10T11:19:09.4858630Z Adding repository directory to the temporary git global config as a safe directory
2025-01-10T11:19:09.4870420Z [command]/opt/homebrew/bin/git config --global --add safe.directory /Users/runner/work/tardis/tardis/tardis-regression-data
2025-01-10T11:19:09.4922400Z ##[group]Initializing the repository
2025-01-10T11:19:09.4925860Z [command]/opt/homebrew/bin/git init /Users/runner/work/tardis/tardis/tardis-regression-data
2025-01-10T11:19:09.5006710Z hint: Using 'master' as the name for the initial branch. This default branch name
2025-01-10T11:19:09.5009690Z hint: is subject to change. To configure the initial branch name to use in all
2025-01-10T11:19:09.5011360Z hint: of your new repositories, which will suppress this warning, call:
2025-01-10T11:19:09.5012250Z hint:
2025-01-10T11:19:09.5012840Z hint: 	git config --global init.defaultBranch <name>
2025-01-10T11:19:09.5013530Z hint:
2025-01-10T11:19:09.5014190Z hint: Names commonly chosen instead of 'master' are 'main', 'trunk' and
2025-01-10T11:19:09.5015250Z hint: 'development'. The just-created branch can be renamed via this command:
2025-01-10T11:19:09.5016060Z hint:
2025-01-10T11:19:09.5016560Z hint: 	git branch -m <name>
2025-01-10T11:19:09.5017470Z Initialized empty Git repository in /Users/runner/work/tardis/tardis/tardis-regression-data/.git/
2025-01-10T11:19:09.5019780Z [command]/opt/homebrew/bin/git remote add origin https://github.com/tardis-sn/tardis-regression-data
2025-01-10T11:19:09.5062110Z ##[endgroup]
2025-01-10T11:19:09.5063090Z ##[group]Disabling automatic garbage collection
2025-01-10T11:19:09.5064530Z [command]/opt/homebrew/bin/git config --local gc.auto 0
2025-01-10T11:19:09.5111590Z ##[endgroup]
2025-01-10T11:19:09.5112530Z ##[group]Setting up auth
2025-01-10T11:19:09.5116020Z [command]/opt/homebrew/bin/git config --local --name-only --get-regexp core\.sshCommand
2025-01-10T11:19:09.5161130Z [command]/opt/homebrew/bin/git submodule foreach --recursive sh -c "git config --local --name-only --get-regexp 'core\.sshCommand' && git config --local --unset-all 'core.sshCommand' || :"
2025-01-10T11:19:09.5725470Z [command]/opt/homebrew/bin/git config --local --name-only --get-regexp http\.https\:\/\/github\.com\/\.extraheader
2025-01-10T11:19:09.5770660Z [command]/opt/homebrew/bin/git submodule foreach --recursive sh -c "git config --local --name-only --get-regexp 'http\.https\:\/\/github\.com\/\.extraheader' && git config --local --unset-all 'http.https://github.com/.extraheader' || :"
2025-01-10T11:19:09.7871600Z [command]/opt/homebrew/bin/git config --local http.https://github.com/.extraheader AUTHORIZATION: basic ***
2025-01-10T11:19:09.8174790Z ##[endgroup]
2025-01-10T11:19:09.8275990Z ##[group]Determining the default branch
2025-01-10T11:19:09.8376250Z Retrieving the default branch name
2025-01-10T11:19:10.2342180Z Default branch 'main'
2025-01-10T11:19:10.2343450Z ##[endgroup]
2025-01-10T11:19:10.2343990Z ##[group]Fetching the repository
2025-01-10T11:19:10.2346310Z [command]/opt/homebrew/bin/git -c protocol.version=2 fetch --no-tags --prune --no-recurse-submodules --depth=1 origin +refs/heads/main:refs/remotes/origin/main
2025-01-10T11:19:11.1755610Z From https://github.com/tardis-sn/tardis-regression-data
2025-01-10T11:19:11.1756470Z  * [new branch]      main       -> origin/main
2025-01-10T11:19:11.1824310Z ##[endgroup]
2025-01-10T11:19:11.1824940Z ##[group]Determining the checkout info
2025-01-10T11:19:11.1825740Z ##[endgroup]
2025-01-10T11:19:11.1830690Z [command]/opt/homebrew/bin/git sparse-checkout disable
2025-01-10T11:19:11.1900750Z [command]/opt/homebrew/bin/git config --local --unset-all extensions.worktreeConfig
2025-01-10T11:19:11.1960170Z ##[group]Checking out the ref
2025-01-10T11:19:11.1960860Z [command]/opt/homebrew/bin/git checkout --progress --force -B main refs/remotes/origin/main
2025-01-10T11:19:11.4343140Z Switched to a new branch 'main'
2025-01-10T11:19:11.4451780Z branch 'main' set up to track 'origin/main'.
2025-01-10T11:19:11.6528360Z ##[endgroup]
2025-01-10T11:19:11.6595140Z [command]/opt/homebrew/bin/git log -1 --format=%H
2025-01-10T11:19:11.6595800Z 666ab8501c2b2aea30d05b8822e7ddbfca078d23
2025-01-10T11:19:11.6677380Z ##[group]Run git lfs ls-files -l | cut -d' ' -f1 | sort > .lfs-assets-id
2025-01-10T11:19:11.6677880Z [36;1mgit lfs ls-files -l | cut -d' ' -f1 | sort > .lfs-assets-id[0m
2025-01-10T11:19:11.6823750Z shell: /bin/bash --noprofile --norc -e -o pipefail {0}
2025-01-10T11:19:11.6824040Z env:
2025-01-10T11:19:11.6824250Z   CACHE_NUMBER: 0
2025-01-10T11:19:11.6824840Z   PYTEST_FLAGS: --tardis-regression-data=/Users/runner/work/tardis/tardis/tardis-regression-data --cov=tardis --cov-report=xml --cov-report=html --cov-append
2025-01-10T11:19:11.6825370Z   CODECOV_TOKEN: 
2025-01-10T11:19:11.6825510Z ##[endgroup]
2025-01-10T11:19:11.9981710Z ##[group]Run actions/cache/restore@v4
2025-01-10T11:19:11.9982060Z with:
2025-01-10T11:19:11.9982210Z   path: tardis-regression-data/.git/lfs
2025-01-10T11:19:11.9982550Z   key: macOS-lfs-21f9fa4b6817cc69b9fae3598144724da7828e276a73bd17f47a2a49d9af090a-v1
2025-01-10T11:19:11.9982890Z   enableCrossOsArchive: false
2025-01-10T11:19:11.9983060Z   fail-on-cache-miss: false
2025-01-10T11:19:11.9983290Z   lookup-only: false
2025-01-10T11:19:11.9983460Z env:
2025-01-10T11:19:11.9983630Z   CACHE_NUMBER: 0
2025-01-10T11:19:11.9984180Z   PYTEST_FLAGS: --tardis-regression-data=/Users/runner/work/tardis/tardis/tardis-regression-data --cov=tardis --cov-report=xml --cov-report=html --cov-append
2025-01-10T11:19:11.9985150Z   CODECOV_TOKEN: 
2025-01-10T11:19:11.9985300Z ##[endgroup]
2025-01-10T11:19:13.5551940Z Received 8388608 of 1706796060 (0.5%), 8.0 MBs/sec
2025-01-10T11:19:14.5523620Z Received 67108864 of 1706796060 (3.9%), 31.8 MBs/sec
2025-01-10T11:19:15.5592500Z Received 109051904 of 1706796060 (6.4%), 34.5 MBs/sec
2025-01-10T11:19:16.5523520Z Received 176160768 of 1706796060 (10.3%), 41.9 MBs/sec
2025-01-10T11:19:17.5526750Z Received 234881024 of 1706796060 (13.8%), 44.7 MBs/sec
2025-01-10T11:19:18.5535890Z Received 293601280 of 1706796060 (17.2%), 46.6 MBs/sec
2025-01-10T11:19:19.5540320Z Received 352321536 of 1706796060 (20.6%), 47.9 MBs/sec
2025-01-10T11:19:20.5546130Z Received 415236096 of 1706796060 (24.3%), 49.4 MBs/sec
2025-01-10T11:19:21.5555040Z Received 486539264 of 1706796060 (28.5%), 51.5 MBs/sec
2025-01-10T11:19:22.5555870Z Received 532676608 of 1706796060 (31.2%), 50.7 MBs/sec
2025-01-10T11:19:23.5541900Z Received 603979776 of 1706796060 (35.4%), 52.3 MBs/sec
2025-01-10T11:19:24.5544740Z Received 671088640 of 1706796060 (39.3%), 53.3 MBs/sec
2025-01-10T11:19:25.5573460Z Received 696254464 of 1706796060 (40.8%), 51.0 MBs/sec
2025-01-10T11:19:26.5577030Z Received 767557632 of 1706796060 (45.0%), 52.2 MBs/sec
2025-01-10T11:19:27.5592340Z Received 838860800 of 1706796060 (49.1%), 53.3 MBs/sec
2025-01-10T11:19:28.5594550Z Received 910163968 of 1706796060 (53.3%), 54.2 MBs/sec
2025-01-10T11:19:29.5593270Z Received 973078528 of 1706796060 (57.0%), 54.5 MBs/sec
2025-01-10T11:19:30.5595270Z Received 1031798784 of 1706796060 (60.5%), 54.6 MBs/sec
2025-01-10T11:19:31.5649600Z Received 1090519040 of 1706796060 (63.9%), 54.7 MBs/sec
2025-01-10T11:19:32.5614410Z Received 1153433600 of 1706796060 (67.6%), 54.9 MBs/sec
2025-01-10T11:19:33.5683530Z Received 1199570944 of 1706796060 (70.3%), 54.4 MBs/sec
2025-01-10T11:19:34.5707670Z Received 1254096896 of 1706796060 (73.5%), 54.3 MBs/sec
2025-01-10T11:19:35.5701170Z Received 1308622848 of 1706796060 (76.7%), 54.2 MBs/sec
2025-01-10T11:19:36.5711970Z Received 1363148800 of 1706796060 (79.9%), 54.1 MBs/sec
2025-01-10T11:19:37.5745190Z Received 1409286144 of 1706796060 (82.6%), 53.7 MBs/sec
2025-01-10T11:19:38.5794350Z Received 1463812096 of 1706796060 (85.8%), 53.6 MBs/sec
2025-01-10T11:19:39.5924990Z Received 1522532352 of 1706796060 (89.2%), 53.7 MBs/sec
2025-01-10T11:19:40.5799300Z Received 1577058304 of 1706796060 (92.4%), 53.6 MBs/sec
2025-01-10T11:19:41.5830430Z Received 1627389952 of 1706796060 (95.3%), 53.4 MBs/sec
2025-01-10T11:19:42.5917560Z Received 1677721600 of 1706796060 (98.3%), 53.2 MBs/sec
2025-01-10T11:19:43.5702110Z Cache Size: ~1628 MB (1706796060 B)
2025-01-10T11:19:43.5909390Z [command]/opt/homebrew/bin/gtar -xf /Users/runner/work/_temp/566b82e9-714f-44f5-bb0d-5e41871bb725/cache.tzst -P -C /Users/runner/work/tardis/tardis --delay-directory-restore --use-compress-program unzstd
2025-01-10T11:19:43.6021430Z Received 1706796060 of 1706796060 (100.0%), 52.4 MBs/sec
2025-01-10T11:19:54.3617780Z Cache restored successfully
2025-01-10T11:19:54.4972190Z Cache restored from key: macOS-lfs-21f9fa4b6817cc69b9fae3598144724da7828e276a73bd17f47a2a49d9af090a-v1
2025-01-10T11:19:54.5305910Z ##[group]Run git lfs checkout
2025-01-10T11:19:54.5306230Z [36;1mgit lfs checkout[0m
2025-01-10T11:19:54.5435530Z shell: /bin/bash --noprofile --norc -e -o pipefail {0}
2025-01-10T11:19:54.5436000Z env:
2025-01-10T11:19:54.5436230Z   CACHE_NUMBER: 0
2025-01-10T11:19:54.5436710Z   PYTEST_FLAGS: --tardis-regression-data=/Users/runner/work/tardis/tardis/tardis-regression-data --cov=tardis --cov-report=xml --cov-report=html --cov-append
2025-01-10T11:19:54.5437340Z   CODECOV_TOKEN: 
2025-01-10T11:19:54.5437580Z ##[endgroup]
2025-01-10T11:20:04.6363250Z Checking out LFS objects: 100% (204/204), 3.5 GB | 300 MB/s, done.
