2025-01-20T14:42:20.1281150Z Prepare all required actions
2025-01-20T14:42:20.1282100Z Getting action download info
2025-01-20T14:42:20.4555550Z Download action repository 'mamba-org/setup-micromamba@v1' (SHA:4b9113af4fba0e9e1124b252dd6497a419e7396d)
2025-01-20T14:42:21.7363810Z ##[group]Run ./.github/actions/setup_env
2025-01-20T14:42:21.7364540Z with:
2025-01-20T14:42:21.7365030Z   os-label: osx-arm64
2025-01-20T14:42:21.7365290Z env:
2025-01-20T14:42:21.7365500Z   CACHE_NUMBER: 0
2025-01-20T14:42:21.7368920Z   PYTEST_FLAGS: --tardis-regression-data=/Users/runner/work/tardis/tardis/tardis-regression-data --cov=tardis --cov-report=xml --cov-report=html --cov-append
2025-01-20T14:42:21.7369470Z   CODECOV_TOKEN: 
2025-01-20T14:42:21.7378660Z ##[endgroup]
2025-01-20T14:42:21.7604670Z ##[group]Run file_hash=$(cat conda-osx-arm64.lock | shasum -a 256 | cut -d' ' -f1)
2025-01-20T14:42:21.7605110Z [36;1mfile_hash=$(cat conda-osx-arm64.lock | shasum -a 256 | cut -d' ' -f1)[0m
2025-01-20T14:42:21.7605460Z [36;1mecho "file_hash=$file_hash" >> "${GITHUB_OUTPUT}"[0m
2025-01-20T14:42:21.7681310Z shell: /bin/bash --noprofile --norc -e -o pipefail {0}
2025-01-20T14:42:21.7682390Z env:
2025-01-20T14:42:21.7682800Z   CACHE_NUMBER: 0
2025-01-20T14:42:21.7684140Z   PYTEST_FLAGS: --tardis-regression-data=/Users/runner/work/tardis/tardis/tardis-regression-data --cov=tardis --cov-report=xml --cov-report=html --cov-append
2025-01-20T14:42:21.7687000Z   CODECOV_TOKEN: 
2025-01-20T14:42:21.7687430Z ##[endgroup]
2025-01-20T14:42:21.8949100Z ##[group]Run mamba-org/setup-micromamba@v1
2025-01-20T14:42:21.8949390Z with:
2025-01-20T14:42:21.8949540Z   environment-file: conda-osx-arm64.lock
2025-01-20T14:42:21.8949900Z   cache-environment-key: 1f7898d12df82be70a455ac3eee1e61c51099641f17ef4c9df652c7e5d89506a
2025-01-20T14:42:21.8950360Z   cache-downloads-key: 1f7898d12df82be70a455ac3eee1e61c51099641f17ef4c9df652c7e5d89506a
2025-01-20T14:42:21.8950690Z   environment-name: tardis
2025-01-20T14:42:21.8950860Z   cache-environment: true
2025-01-20T14:42:21.8951010Z   cache-downloads: true
2025-01-20T14:42:21.8951230Z env:
2025-01-20T14:42:21.8951360Z   CACHE_NUMBER: 0
2025-01-20T14:42:21.8951820Z   PYTEST_FLAGS: --tardis-regression-data=/Users/runner/work/tardis/tardis/tardis-regression-data --cov=tardis --cov-report=xml --cov-report=html --cov-append
2025-01-20T14:42:21.8952340Z   CODECOV_TOKEN: 
2025-01-20T14:42:21.8952470Z ##[endgroup]
2025-01-20T14:42:22.2380600Z Will download micromamba to /Users/runner/micromamba-bin/micromamba
2025-01-20T14:42:22.2388890Z ##[group]Install micromamba
2025-01-20T14:42:23.0628010Z micromamba installed to /Users/runner/micromamba-bin/micromamba
2025-01-20T14:42:23.0731170Z ##[endgroup]
2025-01-20T14:42:23.0809840Z Adding conda-forge to condarc channels ...
2025-01-20T14:42:23.0810560Z ##[group]Initialize micromamba for bash.
2025-01-20T14:42:23.0811850Z [command]/Users/runner/micromamba-bin/micromamba shell init -s bash -r /Users/runner/micromamba --log-level warning --rc-file /Users/runner/work/_temp/setup-micromamba/.condarc
2025-01-20T14:42:23.0875920Z Modifying RC file "/Users/runner/.bash_profile"
2025-01-20T14:42:23.0878820Z Generating config for root prefix [1m"/Users/runner/micromamba"[0m
2025-01-20T14:42:23.0879280Z Setting mamba executable to: [1m"/Users/runner/micromamba-bin/micromamba"[0m
2025-01-20T14:42:23.0881120Z Adding (or replacing) the following in your "/Users/runner/.bash_profile" file
2025-01-20T14:42:23.0881350Z 
2025-01-20T14:42:23.0881420Z # >>> mamba initialize >>>
2025-01-20T14:42:23.0881650Z # !! Contents within this block are managed by 'mamba init' !!
2025-01-20T14:42:23.0881970Z export MAMBA_EXE='/Users/runner/micromamba-bin/micromamba';
2025-01-20T14:42:23.0882250Z export MAMBA_ROOT_PREFIX='/Users/runner/micromamba';
2025-01-20T14:42:23.0882630Z __mamba_setup="$("$MAMBA_EXE" shell hook --shell bash --root-prefix "$MAMBA_ROOT_PREFIX" 2> /dev/null)"
2025-01-20T14:42:23.0882980Z if [ $? -eq 0 ]; then
2025-01-20T14:42:23.0883250Z     eval "$__mamba_setup"
2025-01-20T14:42:23.0883400Z else
2025-01-20T14:42:23.0884220Z     alias micromamba="$MAMBA_EXE"  # Fallback on help from mamba activate
2025-01-20T14:42:23.0884610Z fi
2025-01-20T14:42:23.0884770Z unset __mamba_setup
2025-01-20T14:42:23.0897860Z # <<< mamba initialize <<<
2025-01-20T14:42:23.0897970Z 
2025-01-20T14:42:23.0898210Z ##[endgroup]
2025-01-20T14:42:23.0904550Z ##[group]Restoring downloads from `/Users/runner/micromamba/pkgs` ...
2025-01-20T14:42:23.2612340Z Cache miss
2025-01-20T14:42:23.2612680Z ##[endgroup]
2025-01-20T14:42:23.2618930Z ##[group]Restoring environment `tardis` from `/Users/runner/micromamba/envs/tardis` ...
2025-01-20T14:42:23.3128090Z Cache miss
2025-01-20T14:42:23.3128460Z ##[endgroup]
2025-01-20T14:42:23.3128740Z ##[group]Install environment `tardis`
2025-01-20T14:42:23.3130370Z [command]/Users/runner/micromamba-bin/micromamba create -y -r /Users/runner/micromamba -f conda-osx-arm64.lock -n tardis  --log-level warning --rc-file /Users/runner/work/_temp/setup-micromamba/.condarc
2025-01-20T14:42:23.8651820Z Transaction
2025-01-20T14:42:23.8753140Z 
2025-01-20T14:42:23.8853370Z   Prefix: /Users/runner/micromamba/envs/tardis
2025-01-20T14:42:23.8954110Z 
2025-01-20T14:42:23.9035520Z   Updating specs:
2025-01-20T14:42:23.9138110Z 
2025-01-20T14:42:23.9180090Z    - conda-forge/osx-arm64::c-ares==1.28.1=h93a5062_0[md5=04f776a6139f7eafc2f38668570eb7db]
2025-01-20T14:42:23.9212220Z    - conda-forge/osx-arm64::ca-certificates==2024.12.14=hf0a4a13_0[md5=7cb381a6783d91902638e4ed1ebd478e]
2025-01-20T14:42:23.9284640Z    - conda-forge/noarch::font-ttf-dejavu-sans-mono==2.37=hab24e00_0[md5=0c96522c6bdaed4b1566d11387caaf45]
2025-01-20T14:42:23.9285430Z    - conda-forge/noarch::font-ttf-inconsolata==3.000=h77eed37_0[md5=34893075a5c9e55cdafac56607368fc6]
2025-01-20T14:42:23.9286060Z    - conda-forge/noarch::font-ttf-source-code-pro==2.038=h77eed37_0[md5=4d59c254e01d9cde7957100457e2d5fb]
2025-01-20T14:42:23.9286660Z    - conda-forge/noarch::font-ttf-ubuntu==0.83=h77eed37_3[md5=49023d73832ef61042f6a237cb2687e7]
2025-01-20T14:42:23.9287540Z    - conda-forge/osx-arm64::fribidi==1.0.10=h27ca646_0[md5=c64443234ff91d70cb9c7dc926c58834]
2025-01-20T14:42:23.9288970Z    - conda-forge/osx-arm64::giflib==5.2.2=h93a5062_0[md5=95fa1486c77505330c20f7202492b913]
2025-01-20T14:42:23.9295120Z    - conda-forge/osx-arm64::git-lfs==3.5.1=h40ddcf5_1[md5=69e2c0464e3c3a2fb30a837ee38584cd]
2025-01-20T14:42:23.9301570Z    - conda-forge/osx-arm64::icu==73.2=hc8870d7_0[md5=8521bd47c0e11c5902535bb1a17c565f]
2025-01-20T14:42:23.9304920Z    - conda-forge/osx-arm64::libdeflate==1.20=h93a5062_0[md5=97efeaeba2a9a82bdf46fc6d025e3a57]
2025-01-20T14:42:23.9305990Z    - conda-forge/osx-arm64::libev==4.33=h93a5062_2[md5=36d33e440c31857372a72137f78bacf5]
2025-01-20T14:42:23.9307110Z    - conda-forge/osx-arm64::libexpat==2.6.2=hebf3989_0[md5=e3cde7cfa87f82f7cb13d482d5e0ad09]
2025-01-20T14:42:23.9307620Z    - conda-forge/osx-arm64::libffi==3.4.2=h3422bc3_5[md5=086914b672be056eb70fd4285b6783b6]
2025-01-20T14:42:23.9308110Z    - conda-forge/osx-arm64::libiconv==1.17=h0d3ecfb_2[md5=69bda57310071cf6d2b86caf11573d2d]
2025-01-20T14:42:23.9309530Z    - conda-forge/osx-arm64::libjpeg-turbo==3.0.0=hb547adb_1[md5=3ff1e053dc3a2b8e36b9bfa4256a58d1]
2025-01-20T14:42:23.9310470Z    - conda-forge/osx-arm64::libsodium==1.0.18=h27ca646_1[md5=90859688dbca4735b74c02af14c4c793]
2025-01-20T14:42:23.9311420Z    - conda-forge/osx-arm64::libwebp-base==1.4.0=h93a5062_0[md5=c0af0edfebe780b19940e94871f1a765]
2025-01-20T14:42:23.9311840Z    - conda-forge/osx-arm64::pandoc==3.2.1=hce30654_0[md5=9ab1789fa84c40b8257002cc979a2e1a]
2025-01-20T14:42:23.9313390Z    - conda-forge/osx-arm64::python_abi==3.12=5_cp312[md5=b76f9b1c862128e56ac7aa8cd2333de9]
2025-01-20T14:42:23.9315160Z    - conda-forge/noarch::tzdata==2024a=h8827d51_1[md5=8bfdead4e0fff0383ae4c9c50d0531bd]
2025-01-20T14:42:23.9316390Z    - conda-forge/osx-arm64::xz==5.2.6=h57fd34a_0[md5=39c6b54e94014701dd157f4f576ed211]
2025-01-20T14:42:23.9317400Z    - conda-forge/osx-arm64::yaml==0.2.5=h3422bc3_2[md5=4bb3f014845110883a3c5ee811fd84b4]
2025-01-20T14:42:23.9318620Z    - conda-forge/osx-arm64::bzip2==1.0.8=h99b78c6_7[md5=fc6948412dbbbe9a4c9ddbbcfe0a79ab]
2025-01-20T14:42:23.9320980Z    - conda-forge/osx-arm64::expat==2.6.2=hebf3989_0[md5=de0cff0ec74f273c4b6aa281479906c3]
2025-01-20T14:42:23.9322060Z    - conda-forge/noarch::fonts-conda-forge==1=0[md5=f766549260d6815b0c52253f1fb1bb29]
2025-01-20T14:42:23.9323740Z    - conda-forge/osx-arm64::libbrotlicommon==1.1.0=hd74edd7_2[md5=d0bf1dff146b799b319ea0434b93f779]
2025-01-20T14:42:23.9325230Z    - conda-forge/osx-arm64::libcxx==19.1.7=ha82da77_0[md5=5b3e1610ff8bd5443476b91d618f5b77]
2025-01-20T14:42:23.9326740Z    - conda-forge/osx-arm64::libintl==0.22.5=h8414b35_3[md5=3b98ec32e91b3b59ad53dbb9c96dd334]
2025-01-20T14:42:23.9328160Z    - conda-forge/osx-arm64::libzlib==1.3.1=h8359307_2[md5=369964e85dc26bfe78f41399b366c435]
2025-01-20T14:42:23.9329910Z    - conda-forge/osx-arm64::llvm-openmp==18.1.7=hde57baf_0[md5=2f651f8977594cc74852fa280785187a]
2025-01-20T14:42:23.9331040Z    - conda-forge/osx-arm64::ncurses==6.5=h5e97a16_2[md5=f6f7c5b7d0983be186c46c4f6f8f9af8]
2025-01-20T14:42:23.9331560Z    - conda-forge/osx-arm64::openssl==3.4.0=h81ee809_1[md5=22f971393637480bda8c679f374d8861]
2025-01-20T14:42:23.9332020Z    - conda-forge/osx-arm64::pthread-stubs==0.4=hd74edd7_1002[md5=415816daf82e0b23a736a069a75e9da7]
2025-01-20T14:42:23.9332520Z    - conda-forge/osx-arm64::xorg-libxau==1.0.11=hd74edd7_1[md5=7e0125f8fb619620a0011dc9297e2493]
2025-01-20T14:42:23.9332970Z    - conda-forge/osx-arm64::xorg-libxdmcp==1.1.3=hd74edd7_2[md5=6aa30139d9b6f59e7c2f336d761df4f3]
2025-01-20T14:42:23.9333420Z    - conda-forge/noarch::fonts-conda-ecosystem==1=0[md5=fee5683a3f04bd15cbd8318b096a27ab]
2025-01-20T14:42:23.9333860Z    - conda-forge/osx-arm64::gettext-tools==0.22.5=h8414b35_3[md5=47071f4b2915032e1d47119f779f9d9c]
2025-01-20T14:42:23.9334260Z    - conda-forge/osx-arm64::gmp==6.3.0=h7bae524_2[md5=eed7278dfbab727b56f2c0b64330814b]
2025-01-20T14:42:23.9334690Z    - conda-forge/osx-arm64::graphite2==1.3.13=hebf3989_1003[md5=339991336eeddb70076d8ca826dac625]
2025-01-20T14:42:23.9335440Z    - conda-forge/osx-arm64::lerc==4.0.0=h9a09cb3_0[md5=de462d5aacda3b30721b512c5da4e742]
2025-01-20T14:42:23.9336330Z    - conda-forge/osx-arm64::libaec==1.1.3=hebf3989_0[md5=6f0b8e56d2e7bae12a18fc5b2cd9f310]
2025-01-20T14:42:23.9336780Z    - conda-forge/osx-arm64::libasprintf==0.22.5=h8414b35_3[md5=472b673c083175195965a48f2f4808f8]
2025-01-20T14:42:23.9337810Z    - conda-forge/osx-arm64::libbrotlidec==1.1.0=hd74edd7_2[md5=55e66e68ce55523a6811633dd1ac74e2]
2025-01-20T14:42:23.9339670Z    - conda-forge/osx-arm64::libbrotlienc==1.1.0=hd74edd7_2[md5=4f3a434504c67b2c42565c0b85c1885c]
2025-01-20T14:42:23.9340120Z    - conda-forge/osx-arm64::libedit==3.1.20191231=hc8eb9b7_2[md5=30e4362988a2623e9eb34337b83e01f9]
2025-01-20T14:42:23.9340630Z    - conda-forge/osx-arm64::libgettextpo==0.22.5=h8414b35_3[md5=c8cd7295cfb7bda5cbabea4fef904349]
2025-01-20T14:42:23.9341080Z    - conda-forge/osx-arm64::libgfortran5==13.2.0=hf226fd6_3[md5=66ac81d54e95c534ae488726c1f698ea]
2025-01-20T14:42:23.9341550Z    - conda-forge/osx-arm64::libintl-devel==0.22.5=h8414b35_3[md5=271646de11b018c66e81eb4c4717b291]
2025-01-20T14:42:23.9341990Z    - conda-forge/osx-arm64::libllvm14==14.0.6=hd1a9a77_4[md5=9f3dce5d26ea56a9000cd74c034582bd]
2025-01-20T14:42:23.9342410Z    - conda-forge/osx-arm64::libnghttp2==1.58.0=ha4dd798_1[md5=1813e066bfcef82de579a0be8a766df4]
2025-01-20T14:42:23.9343350Z    - conda-forge/osx-arm64::libpng==1.6.43=h091b4b1_0[md5=77e684ca58d82cae9deebafb95b1a2b8]
2025-01-20T14:42:23.9343770Z    - conda-forge/osx-arm64::libsqlite==3.46.0=hfb93653_0[md5=12300188028c9bc02da965128b91b517]
2025-01-20T14:42:23.9344160Z    - conda-forge/osx-arm64::libssh2==1.11.0=h7a5bd25_0[md5=029f7dc931a3b626b94823bc77830b01]
2025-01-20T14:42:23.9344580Z    - conda-forge/osx-arm64::libxcb==1.16=hc9fafa5_1[md5=c40807bb9ee47958bf815406c87cbc5b]
2025-01-20T14:42:23.9345780Z    - conda-forge/osx-arm64::libxml2==2.12.7=h9a80f22_3[md5=705829a78a7ce3dff19a967f0f0f5ed3]
2025-01-20T14:42:23.9346910Z    - conda-forge/osx-arm64::lz4-c==1.10.0=h286801f_1[md5=01511afc6cc1909c5303cf31be17b44f]
2025-01-20T14:42:23.9348690Z    - conda-forge/osx-arm64::pcre2==10.44=h297a79d_2[md5=147c83e5e44780c7492998acbacddf52]
2025-01-20T14:42:23.9349100Z    - conda-forge/osx-arm64::pixman==0.43.4=hebf3989_0[md5=0308c68e711cd295aaa026a4f8c4b1e5]
2025-01-20T14:42:23.9349590Z    - conda-forge/osx-arm64::readline==8.2=h92ec313_1[md5=8cbb776a2f641b943d413b3e19df71f4]
2025-01-20T14:42:23.9350000Z    - conda-forge/osx-arm64::snappy==1.2.1=h98b9ce2_1[md5=ded86dee325290da2967a3fea3800eb5]
2025-01-20T14:42:23.9350400Z    - conda-forge/osx-arm64::tk==8.6.13=h5083fa2_1[md5=b50a57ba89c32b62428b71a875291c9b]
2025-01-20T14:42:23.9351610Z    - conda-forge/osx-arm64::zlib==1.3.1=h8359307_2[md5=e3170d898ca6cb48f1bb567afb92f775]
2025-01-20T14:42:23.9353070Z    - conda-forge/osx-arm64::zlib-ng==2.2.3=h13dfb9a_0[md5=b54d0a4f009486217e44dead73b3eeb6]
2025-01-20T14:42:23.9353750Z    - conda-forge/osx-arm64::zstd==1.5.6=hb46c0d2_0[md5=d96942c06c3e84bfcc5efb038724a7fd]
2025-01-20T14:42:23.9354220Z    - conda-forge/osx-arm64::blosc==1.21.6=h7dd00d9_1[md5=925acfb50a750aa178f7a0aced77f351]
2025-01-20T14:42:23.9354680Z    - conda-forge/osx-arm64::brotli-bin==1.1.0=hd74edd7_2[md5=b8512db2145dc3ae8d86cdc21a8d421e]
2025-01-20T14:42:23.9355140Z    - conda-forge/osx-arm64::c-blosc2==2.15.2=h9cbb436_1[md5=9b2a1e9b4c5af217b6fefe5b198e569d]
2025-01-20T14:42:23.9355590Z    - conda-forge/osx-arm64::freetype==2.12.1=hadb7bae_2[md5=e6085e516a3e304ce41a8ee08b9b89ad]
2025-01-20T14:42:23.9356000Z    - conda-forge/osx-arm64::krb5==1.21.2=h92f50d5_0[md5=92f1cff174a538e0722bf2efb16fc0b2]
2025-01-20T14:42:23.9356440Z    - conda-forge/osx-arm64::libasprintf-devel==0.22.5=h8414b35_3[md5=a03ca97f9fabf5626660697c2e0b8850]
2025-01-20T14:42:23.9356960Z    - conda-forge/osx-arm64::libgettextpo-devel==0.22.5=h8414b35_3[md5=7074dc1c9aae1bb5d7bccb4ff03746ca]
2025-01-20T14:42:23.9357850Z    - conda-forge/osx-arm64::libgfortran==5.0.0=13_2_0_hd922786_3[md5=4a55d9e169114b2b90d3ec4604cd7bbf]
2025-01-20T14:42:23.9358270Z    - conda-forge/osx-arm64::libglib==2.80.2=h59d46d9_1[md5=104d740896163d3e5b4b5ca7bc8f5bbb]
2025-01-20T14:42:23.9358680Z    - conda-forge/osx-arm64::libtiff==4.6.0=h07db509_3[md5=28c9f8c6dd75666dfb296aea06c49cb8]
2025-01-20T14:42:23.9359080Z    - conda-forge/osx-arm64::libxslt==1.1.39=h223e5b9_0[md5=560c9cacc33e927f55b998eaa0cb1732]
2025-01-20T14:42:23.9359480Z    - conda-forge/osx-arm64::mpfr==4.2.1=hb693164_3[md5=4e4ea852d54cc2b869842de5044662fb]
2025-01-20T14:42:23.9359980Z    - conda-forge/osx-arm64::python==3.12.4=h30c5eda_0_cpython[md5=e3e44e0e72aed46dcb810fa3e96784be]
2025-01-20T14:42:23.9360610Z    - conda-forge/noarch::alabaster==0.7.16=pyhd8ed1ab_0[md5=def531a3ac77b7fb8c21d17bb5d0badb]
2025-01-20T14:42:23.9361060Z    - conda-forge/noarch::appnope==0.1.4=pyhd8ed1ab_1[md5=54898d0f524c9dee622d44bbb081a8ab]
2025-01-20T14:42:23.9361540Z    - conda-forge/noarch::astropy-iers-data==0.2024.6.17.0.31.35=pyhd8ed1ab_0[md5=f535beec9185f435fd331ad9f7c47099]
2025-01-20T14:42:23.9362010Z    - conda-forge/osx-arm64::atk-1.0==2.38.0=hd03087b_2[md5=57301986d02d30d6805fdce6c99074ee]
2025-01-20T14:42:23.9362460Z    - conda-forge/noarch::attrs==23.2.0=pyh71513ae_0[md5=5e4c0743c70186509d1412e03c2d8dfa]
2025-01-20T14:42:23.9362860Z    - conda-forge/osx-arm64::brotli==1.1.0=hd74edd7_2[md5=215e3dc8f2f837906d066e7f01aa77c0]
2025-01-20T14:42:23.9363640Z    - conda-forge/osx-arm64::brotli-python==1.1.0=py312hde4cb15_2[md5=a83c2ef76ccb11bc2349f4f17696b15d]
2025-01-20T14:42:23.9364130Z    - conda-forge/noarch::cached_property==1.5.2=pyha770c72_1[md5=576d629e47797577ab0f1b351297ef4a]
2025-01-20T14:42:23.9364580Z    - conda-forge/noarch::certifi==2024.12.14=pyhd8ed1ab_0[md5=6feb87357ecd66733be3279f16a8c400]
2025-01-20T14:42:23.9365040Z    - conda-forge/noarch::charset-normalizer==3.3.2=pyhd8ed1ab_0[md5=7f4a9e3fcff3f6356ae99244a014da6a]
2025-01-20T14:42:23.9365500Z    - conda-forge/noarch::click==8.1.7=unix_pyh707e725_1[md5=cb8e52f28f5e592598190c562e7b5bf1]
2025-01-20T14:42:23.9365910Z    - conda-forge/noarch::codespell==2.3.0=pyhd8ed1ab_1[md5=840293a20343a601ca2738d359e403eb]
2025-01-20T14:42:23.9366930Z    - conda-forge/noarch::colorama==0.4.6=pyhd8ed1ab_1[md5=962b9857ee8e7018c22f2776ffa0b2d7]
2025-01-20T14:42:23.9367400Z    - conda-forge/noarch::cycler==0.12.1=pyhd8ed1ab_1[md5=44600c4667a319d67dbe0681fc0bc833]
2025-01-20T14:42:23.9367860Z    - conda-forge/noarch::dataclasses==0.8=pyhc8e2a94_3[md5=a362b2124b06aad102e2ee4581acee7d]
2025-01-20T14:42:23.9368390Z    - conda-forge/osx-arm64::debugpy==1.8.1=py312h20a0b95_0[md5=d850abbd9eeedbe2e734e397038f3f76]
2025-01-20T14:42:23.9368860Z    - conda-forge/noarch::decorator==5.1.1=pyhd8ed1ab_1[md5=d622d8d7ee8868870f9cbe259f381181]
2025-01-20T14:42:23.9369290Z    - conda-forge/noarch::defusedxml==0.7.1=pyhd8ed1ab_0[md5=961b3a227b437d82ad7054484cfa71b2]
2025-01-20T14:42:23.9369730Z    - conda-forge/osx-arm64::docutils==0.20.1=py312h81bd7bf_3[md5=50ea9a1ab48349f343ca2ae82833bda4]
2025-01-20T14:42:23.9370170Z    - conda-forge/noarch::entrypoints==0.4=pyhd8ed1ab_1[md5=3366592d3c219f2731721f11bc93755c]
2025-01-20T14:42:23.9370610Z    - conda-forge/noarch::exceptiongroup==1.2.0=pyhd8ed1ab_2[md5=8d652ea2ee8eaee02ed8dc820bc794aa]
2025-01-20T14:42:23.9371060Z    - conda-forge/noarch::executing==2.0.1=pyhd8ed1ab_0[md5=e16be50e378d8a4533b989035b196ab8]
2025-01-20T14:42:23.9371490Z    - conda-forge/osx-arm64::fontconfig==2.14.2=h82840c6_0[md5=f77d47ddb6d3cc5b39b9bdf65635afbb]
2025-01-20T14:42:23.9371940Z    - conda-forge/noarch::future==1.0.0=pyhd8ed1ab_1[md5=e75df25fe5ddec19b2f6ac8dfd33b838]
2025-01-20T14:42:23.9372360Z    - conda-forge/osx-arm64::gdk-pixbuf==2.42.12=h7ddc832_0[md5=151309a7e1eb57a3c2ab8088a1d74f3e]
2025-01-20T14:42:23.9372790Z    - conda-forge/osx-arm64::gettext==0.22.5=h8414b35_3[md5=89b31a91b3ac2b7b3b0e5bc4eb99c39d]
2025-01-20T14:42:23.9374440Z    - conda-forge/osx-arm64::greenlet==3.1.1=py312hd8f9ff3_1[md5=a86b17a70c836a899dc5b3098594d343]
2025-01-20T14:42:23.9376050Z    - conda-forge/osx-arm64::gts==0.7.6=he42f4ea_4[md5=21b4dd3098f63a74cf2aa9159cbef57d]
2025-01-20T14:42:23.9377150Z    - conda-forge/noarch::hpack==4.0.0=pyhd8ed1ab_1[md5=2aa5ff7fa34a81b9196532c84c10d865]
2025-01-20T14:42:23.9378310Z    - conda-forge/noarch::hyperframe==6.0.1=pyhd8ed1ab_1[md5=566e75c90c1d0c8c459eb0ad9833dc7a]
2025-01-20T14:42:23.9379570Z    - conda-forge/noarch::idna==3.7=pyhd8ed1ab_0[md5=c0cc1420498b17414d8617d0b9f506ca]
2025-01-20T14:42:23.9379990Z    - conda-forge/noarch::imagesize==1.4.1=pyhd8ed1ab_0[md5=7de5386c8fea29e76b303f37dde4c352]
2025-01-20T14:42:23.9380440Z    - conda-forge/noarch::iniconfig==2.0.0=pyhd8ed1ab_1[md5=6837f3eff7dcea42ecd714ce1ac2b108]
2025-01-20T14:42:23.9380880Z    - conda-forge/noarch::ipython_genutils==0.2.0=pyhd8ed1ab_2[md5=2f0ba4bc12af346bc6c99bdc377e8944]
2025-01-20T14:42:23.9382370Z    - conda-forge/noarch::json5==0.9.25=pyhd8ed1ab_0[md5=5d8c241a9261e720a34a07a3e1ac4109]
2025-01-20T14:42:23.9382820Z    - conda-forge/osx-arm64::jsonpointer==3.0.0=py312h81bd7bf_1[md5=80f403c03290e1662be03e026fb5f8ab]
2025-01-20T14:42:23.9383330Z    - conda-forge/noarch::jupyterlab_widgets==1.1.11=pyhd8ed1ab_0[md5=05a08b368343304618b6a88425aa851a]
2025-01-20T14:42:23.9384030Z    - conda-forge/osx-arm64::kiwisolver==1.4.5=py312h6142ec9_2[md5=158b38c2f94355fb30767aea4c65311e]
2025-01-20T14:42:23.9384440Z    - conda-forge/osx-arm64::lcms2==2.16=ha0e7c42_0[md5=66f6c134e76fe13cce8a9ea5814b5dd5]
2025-01-20T14:42:23.9385890Z    - conda-forge/osx-arm64::libcurl==8.8.0=h7b6f9a7_0[md5=245b30f99dc5379ebe1c78899be8d3f5]
2025-01-20T14:42:23.9386360Z    - conda-forge/osx-arm64::libopenblas==0.3.27=openmp_h517c56d_1[md5=71b8a34d70aa567a990162f327e81505]
2025-01-20T14:42:23.9386800Z    - conda-forge/osx-arm64::libwebp==1.4.0=h54798ee_0[md5=078abbcc54996b186b9144cf795bd30f]
2025-01-20T14:42:23.9387420Z    - conda-forge/osx-arm64::llvmlite==0.43.0=py312ha9ca408_1[md5=f081ee72987624a949a3562020b1135d]
2025-01-20T14:42:23.9387870Z    - conda-forge/osx-arm64::lxml==5.2.2=py312h0e5ab22_0[md5=d049fc23bf40c0f7d97bc4a35d91b97c]
2025-01-20T14:42:23.9388300Z    - conda-forge/osx-arm64::markupsafe==2.1.5=py312h024a12e_1[md5=66ee733dbdf8a9ca670f167bf5ea36b4]
2025-01-20T14:42:23.9389000Z    - conda-forge/noarch::mdurl==0.1.2=pyhd8ed1ab_1[md5=592132998493b3ff25fd7479396e8351]
2025-01-20T14:42:23.9389410Z    - conda-forge/noarch::mistune==3.0.2=pyhd8ed1ab_1[md5=c46df05cae629e55426773ac1f85d68f]
2025-01-20T14:42:23.9389810Z    - conda-forge/osx-arm64::mpc==1.3.1=h8f1351a_1[md5=a5635df796b71f6ca400fc7026f50701]
2025-01-20T14:42:23.9392150Z    - conda-forge/noarch::mpmath==1.3.0=pyhd8ed1ab_1[md5=3585aa87c43ab15b167b574cd73b057b]
2025-01-20T14:42:23.9392620Z    - conda-forge/noarch::munkres==1.1.4=pyh9f0ad1d_0[md5=2ba8498c1018c1e9c61eb99b973dfe19]
2025-01-20T14:42:23.9393090Z    - conda-forge/noarch::mypy_extensions==1.0.0=pyha770c72_1[md5=29097e7ea634a45cc5386b95cac6568f]
2025-01-20T14:42:23.9393560Z    - conda-forge/noarch::nest-asyncio==1.6.0=pyhd8ed1ab_1[md5=598fd7d4d0de2455fb74f56063969a97]
2025-01-20T14:42:23.9394210Z    - conda-forge/noarch::networkx==3.3=pyhd8ed1ab_1[md5=d335fd5704b46f4efb89a6774e81aef0]
2025-01-20T14:42:23.9394640Z    - conda-forge/osx-arm64::openjpeg==2.5.2=h9f1df11_0[md5=5029846003f0bc14414b9128a1f7c84b]
2025-01-20T14:42:23.9395220Z    - conda-forge/noarch::packaging==24.1=pyhd8ed1ab_0[md5=cbe1bb1f21567018ce595d9c2be0f0db]
2025-01-20T14:42:23.9395680Z    - conda-forge/noarch::pandocfilters==1.5.0=pyhd8ed1ab_0[md5=457c2c8c08e54905d6954e79cb5b5db9]
2025-01-20T14:42:23.9396610Z    - conda-forge/noarch::param==2.2.0=pyhd8ed1ab_0[md5=8bd46aebe85bd9c5f30affd520ab441f]
2025-01-20T14:42:23.9398040Z    - conda-forge/noarch::parso==0.8.4=pyhd8ed1ab_1[md5=5c092057b6badd30f75b06244ecd01c9]
2025-01-20T14:42:23.9399790Z    - conda-forge/noarch::pathspec==0.12.1=pyhd8ed1ab_1[md5=617f15191456cc6a13db418a275435e5]
2025-01-20T14:42:23.9401050Z    - conda-forge/noarch::pickleshare==0.7.5=pyhd8ed1ab_1004[md5=11a9d1d09a3615fc07c3faf79bc0b943]
2025-01-20T14:42:23.9401570Z    - conda-forge/noarch::pkgutil-resolve-name==1.3.10=pyhd8ed1ab_2[md5=5a5870a74432aa332f7d32180633ad05]
2025-01-20T14:42:23.9402970Z    - conda-forge/noarch::platformdirs==4.2.2=pyhd8ed1ab_0[md5=6f6cf28bf8e021933869bae3f84b8fc9]
2025-01-20T14:42:23.9405670Z    - conda-forge/noarch::pluggy==1.5.0=pyhd8ed1ab_1[md5=e9dcbce5f45f9ee500e728ae58b605b6]
2025-01-20T14:42:23.9406130Z    - conda-forge/osx-arm64::portalocker==3.0.0=py312h81bd7bf_0[md5=61154b85894071d8157d2be3d8748534]
2025-01-20T14:42:23.9407430Z    - conda-forge/noarch::prometheus_client==0.20.0=pyhd8ed1ab_0[md5=9a19b94034dd3abb2b348c8b93388035]
2025-01-20T14:42:23.9408850Z    - conda-forge/osx-arm64::psutil==5.9.8=py312he37b823_0[md5=cd6e99b9c5a623735161973b5f693a86]
2025-01-20T14:42:23.9409940Z    - conda-forge/noarch::ptyprocess==0.7.0=pyhd8ed1ab_1[md5=7d9daffbb8d8e0af0f769dbbcd173a54]
2025-01-20T14:42:23.9410390Z    - conda-forge/noarch::pure_eval==0.2.2=pyhd8ed1ab_0[md5=6784285c7e55cb7212efabc79e4c2883]
2025-01-20T14:42:23.9412860Z    - conda-forge/noarch::py-cpuinfo==9.0.0=pyhd8ed1ab_1[md5=46830ee16925d5ed250850503b5dc3a8]
2025-01-20T14:42:23.9413350Z    - conda-forge/noarch::pycparser==2.22=pyh29332c3_1[md5=12c566707c80111f9799308d9e265aef]
2025-01-20T14:42:23.9413800Z    - conda-forge/noarch::pygments==2.18.0=pyhd8ed1ab_1[md5=b38dc0206e2a530e5c2cf11dc086b31a]
2025-01-20T14:42:23.9414200Z    - conda-forge/noarch::pyparsing==3.1.2=pyhd8ed1ab_0[md5=b9a4dacf97241704529131a0dfc0494f]
2025-01-20T14:42:23.9417930Z    - conda-forge/noarch::pysocks==1.7.1=pyha55dd90_7[md5=461219d1a5bd61342293efa2c0c90eac]
2025-01-20T14:42:23.9418390Z    - conda-forge/noarch::python-fastjsonschema==2.20.0=pyhd8ed1ab_0[md5=b98d2018c01ce9980c03ee2850690fab]
2025-01-20T14:42:23.9418870Z    - conda-forge/noarch::python-json-logger==2.0.7=pyhd8ed1ab_0[md5=a61bf9ec79426938ff785eb69dbb1960]
2025-01-20T14:42:23.9419330Z    - conda-forge/noarch::python-tzdata==2024.1=pyhd8ed1ab_0[md5=98206ea9954216ee7540f0c773f2104d]
2025-01-20T14:42:23.9419740Z    - conda-forge/noarch::pytz==2024.1=pyhd8ed1ab_0[md5=3eeeeb9e4827ace8c0c1419c85d590ad]
2025-01-20T14:42:23.9420160Z    - conda-forge/osx-arm64::pyyaml==6.0.1=py312h02f2b3b_1[md5=a0c843e52a1c4422d8657dd76e9eb994]
2025-01-20T14:42:23.9423110Z    - conda-forge/noarch::rfc3986-validator==0.1.1=pyh9f0ad1d_0[md5=912a71cc01012ee38e6b90ddd561e36f]
2025-01-20T14:42:23.9424170Z    - conda-forge/osx-arm64::rpds-py==0.18.1=py312h552d48e_0[md5=a757322ddc8be67f7932a60aa7af13d9]
2025-01-20T14:42:23.9424630Z    - conda-forge/osx-arm64::ruff==0.4.9=py312h3402d49_0[md5=b6d2bd71026e8d37af4e6980fe1b0a7a]
2025-01-20T14:42:23.9425110Z    - conda-forge/noarch::setuptools==70.0.0=pyhd8ed1ab_0[md5=c8ddb4f34a208df4dd42509a0f6a1c89]
2025-01-20T14:42:23.9425510Z    - conda-forge/noarch::six==1.16.0=pyhd8ed1ab_1[md5=a516da6cfe1ec0a55e49737f017b4965]
2025-01-20T14:42:23.9425920Z    - conda-forge/noarch::sniffio==1.3.1=pyhd8ed1ab_1[md5=bf7a226e58dfb8346c70df36065d86c9]
2025-01-20T14:42:23.9427010Z    - conda-forge/noarch::snowballstemmer==2.2.0=pyhd8ed1ab_0[md5=4d22a9315e78c6827f806065957d566e]
2025-01-20T14:42:23.9427510Z    - conda-forge/noarch::soupsieve==2.5=pyhd8ed1ab_1[md5=3f144b2c34f8cb5a9abd9ed23a39c561]
2025-01-20T14:42:23.9427970Z    - conda-forge/noarch::sphinx_bootstrap_theme==0.8.1=pyhd8ed1ab_1[md5=9deb7f7e75fd37d7f484fef13cac9b96]
2025-01-20T14:42:23.9428490Z    - conda-forge/noarch::sphinxcontrib-jsmath==1.0.1=pyhd8ed1ab_1[md5=fa839b5ff59e192f411ccc7dae6588bb]
2025-01-20T14:42:23.9430060Z    - conda-forge/noarch::tabulate==0.9.0=pyhd8ed1ab_2[md5=959484a66b4b76befcddc4fa97c95567]
2025-01-20T14:42:23.9431330Z    - conda-forge/noarch::tenacity==8.4.1=pyhd8ed1ab_0[md5=2fcb668e39c694ece9a7748e3fad1a7e]
2025-01-20T14:42:23.9432550Z    - conda-forge/noarch::toml==0.10.2=pyhd8ed1ab_1[md5=b0dd904de08b7db706167240bf37b164]
2025-01-20T14:42:23.9434150Z    - conda-forge/noarch::tomli==2.0.1=pyhd8ed1ab_0[md5=5844808ffab9ebdb694585b50ba02a96]
2025-01-20T14:42:23.9435180Z    - conda-forge/osx-arm64::tornado==6.4.1=py312h024a12e_1[md5=967bc97bb9e258993289546479af971f]
2025-01-20T14:42:23.9435600Z    - conda-forge/noarch::traitlets==5.14.3=pyhd8ed1ab_1[md5=019a7385be9af33791c989871317e1ed]
2025-01-20T14:42:23.9436570Z    - conda-forge/osx-arm64::typed-ast==1.5.5=py312h02f2b3b_1[md5=38f4cccfb3f3e29afcc28ba7c7d07571]
2025-01-20T14:42:23.9438240Z    - conda-forge/noarch::types-python-dateutil==2.9.0.20240316=pyhd8ed1ab_0[md5=7831efa91d57475373ee52fb92e8d137]
2025-01-20T14:42:23.9439120Z    - conda-forge/noarch::typing_extensions==4.12.2=pyha770c72_1[md5=d17f13df8b65464ca316cbc000a3cb64]
2025-01-20T14:42:23.9441350Z    - conda-forge/noarch::typing_utils==0.1.0=pyhd8ed1ab_1[md5=f6d7aa696c67756a650e91e15e88223c]
2025-01-20T14:42:23.9441800Z    - conda-forge/noarch::uc-micro-py==1.0.3=pyhd8ed1ab_1[md5=9c96c9876ba45368a03056ddd0f20431]
2025-01-20T14:42:23.9442230Z    - conda-forge/noarch::uri-template==1.3.0=pyhd8ed1ab_1[md5=e7cb0f5745e4c5035a460248334af7eb]
2025-01-20T14:42:23.9442640Z    - conda-forge/noarch::wcwidth==0.2.13=pyhd8ed1ab_1[md5=b68980f2495d096e71c7fd9d7ccf63e6]
2025-01-20T14:42:23.9443040Z    - conda-forge/noarch::webcolors==24.6.0=pyhd8ed1ab_0[md5=419f2f6cf90fc7a6feee657752cd0f7b]
2025-01-20T14:42:23.9443450Z    - conda-forge/noarch::webencodings==0.5.1=pyhd8ed1ab_3[md5=2841eb5bfc75ce15e9a0054b98dcd64d]
2025-01-20T14:42:23.9443900Z    - conda-forge/noarch::websocket-client==1.8.0=pyhd8ed1ab_1[md5=84f8f77f0a9c6ef401ee96611745da8f]
2025-01-20T14:42:23.9444350Z    - conda-forge/noarch::wheel==0.43.0=pyhd8ed1ab_1[md5=0b5293a157c2b5cd513dd1b03d8d3aae]
2025-01-20T14:42:23.9445190Z    - conda-forge/noarch::xyzservices==2025.1.0=pyhd8ed1ab_0[md5=fdf07e281a9e5e10fc75b2dd444136e9]
2025-01-20T14:42:23.9445620Z    - conda-forge/osx-arm64::zeromq==4.3.5=hcc0f68c_4[md5=39fb79e7a7a880a03f82c1f2eb7f7c73]
2025-01-20T14:42:23.9446020Z    - conda-forge/noarch::zipp==3.19.2=pyhd8ed1ab_0[md5=49808e59df5535116f6878b2a820d6f4]
2025-01-20T14:42:23.9447510Z    - conda-forge/noarch::accessible-pygments==0.0.5=pyhd8ed1ab_1[md5=74ac5069774cdbc53910ec4d631a3999]
2025-01-20T14:42:23.9448930Z    - conda-forge/noarch::anyio==4.4.0=pyhd8ed1ab_0[md5=1fa97c6e8db1f82c64ff17a5efc4ae8e]
2025-01-20T14:42:23.9449370Z    - conda-forge/noarch::astropy-sphinx-theme==1.1=pyhd8ed1ab_1[md5=3612bc8ace3c9646f6c99c8aabc67052]
2025-01-20T14:42:23.9450710Z    - conda-forge/noarch::asttokens==2.4.1=pyhd8ed1ab_0[md5=5f25798dcefd8252ce5f9dc494d5f571]
2025-01-20T14:42:23.9453660Z    - conda-forge/noarch::async-lru==2.0.4=pyhd8ed1ab_1[md5=40c673c7d585623b8f1ee650c8734eb6]
2025-01-20T14:42:23.9455560Z    - conda-forge/noarch::babel==2.14.0=pyhd8ed1ab_0[md5=9669586875baeced8fc30c0826c3270e]
2025-01-20T14:42:23.9456250Z    - conda-forge/noarch::beautifulsoup4==4.12.3=pyha770c72_1[md5=d48f7e9fdec44baf6d1da416fe402b04]
2025-01-20T14:42:23.9456760Z    - conda-forge/noarch::bleach==6.1.0=pyhd8ed1ab_0[md5=0ed9d7c0e9afa7c025807a9a8136ea3e]
2025-01-20T14:42:23.9457190Z    - conda-forge/noarch::cached-property==1.5.2=hd8ed1ab_1[md5=9b347a7ec10940d3f7941ff6c460b551]
2025-01-20T14:42:23.9457610Z    - conda-forge/osx-arm64::cairo==1.18.0=hc6c324b_2[md5=6efeefcad878c15377f49f64e2cbf232]
2025-01-20T14:42:23.9458010Z    - conda-forge/osx-arm64::cffi==1.16.0=py312h8e38eb3_0[md5=960ecbd65860d3b1de5e30373e1bffb1]
2025-01-20T14:42:23.9458420Z    - conda-forge/noarch::comm==0.2.2=pyhd8ed1ab_1[md5=74673132601ec2b7fc592755605f4c1b]
2025-01-20T14:42:23.9458840Z    - conda-forge/noarch::commonmark==0.9.1=py_0[md5=6aa0173c14befcd577ded130cf6f22f5]
2025-01-20T14:42:23.9459240Z    - conda-forge/osx-arm64::coverage==7.5.3=py312h7e5086c_0[md5=3631dadcec974f1fb49efa995338db70]
2025-01-20T14:42:23.9459780Z    - conda-forge/noarch::dot2tex==2.11.3=pyhd8ed1ab_1[md5=8983edba106dd3d4a8ad126b42afd48e]
2025-01-20T14:42:23.9460210Z    - conda-forge/osx-arm64::fonttools==4.53.0=py312h7e5086c_0[md5=498008567a4abf4cd2f61f112ff53648]
2025-01-20T14:42:23.9460640Z    - conda-forge/osx-arm64::gmpy2==2.1.5=py312h524cf62_3[md5=ab7a5d10c7b4e249a9fe7bc280909803]
2025-01-20T14:42:23.9461030Z    - conda-forge/noarch::h11==0.14.0=pyhd8ed1ab_1[md5=7ee49e89531c0dcbba9466f6d115d585]
2025-01-20T14:42:23.9461410Z    - conda-forge/noarch::h2==4.1.0=pyhd8ed1ab_1[md5=825927dc7b0f287ef8d4d0011bb113b1]
2025-01-20T14:42:23.9461860Z    - conda-forge/osx-arm64::hdf5==1.14.3=nompi_hec07895_105[md5=f9c8c7304d52c8846eab5d6c34219812]
2025-01-20T14:42:23.9462360Z    - conda-forge/noarch::importlib-metadata==7.1.0=pyha770c72_0[md5=0896606848b2dc5cebdf111b6543aa04]
2025-01-20T14:42:23.9462840Z    - conda-forge/noarch::importlib_resources==6.4.0=pyhd8ed1ab_0[md5=c5d3907ad8bd7bf557521a1833cf7e6d]
2025-01-20T14:42:23.9463330Z    - conda-forge/noarch::jedi==0.19.1=pyhd8ed1ab_0[md5=81a3be0b2023e1ea8555781f0ad904a2]
2025-01-20T14:42:23.9463730Z    - conda-forge/noarch::jinja2==3.1.4=pyhd8ed1ab_1[md5=08cce3151bde4ecad7885bd9fb647532]
2025-01-20T14:42:23.9464150Z    - conda-forge/noarch::jupyter_core==5.7.2=pyh31011fe_1[md5=0a2980dada0dd7fd0998f0342308b1b1]
2025-01-20T14:42:23.9464650Z    - conda-forge/noarch::jupyterlab_pygments==0.3.0=pyhd8ed1ab_2[md5=fd312693df06da3578383232528c468d]
2025-01-20T14:42:23.9465100Z    - conda-forge/noarch::latexcodec==2.0.1=pyh9f0ad1d_0[md5=8d67904973263afd2985ba56aa2d6bb4]
2025-01-20T14:42:23.9465540Z    - conda-forge/osx-arm64::libblas==3.9.0=24_osxarm64_openblas[md5=35cb711e7bc46ee5f3dd67af99ad1986]
2025-01-20T14:42:23.9466020Z    - conda-forge/osx-arm64::libgd==2.3.3=hfdf3952_9[md5=0d847466f115fbdaaf2b6926f2e33278]
2025-01-20T14:42:23.9466750Z    - conda-forge/noarch::linkify-it-py==2.0.3=pyhd8ed1ab_1[md5=b02fe519b5dc0dc55e7299810fcdfb8e]
2025-01-20T14:42:23.9467590Z    - conda-forge/noarch::markdown-it-py==3.0.0=pyhd8ed1ab_1[md5=fee3164ac23dfca50cfcc8b85ddefb81]
2025-01-20T14:42:23.9468080Z    - conda-forge/noarch::matplotlib-inline==0.1.7=pyhd8ed1ab_1[md5=af6ab708897df59bd6e7283ceab1b56b]
2025-01-20T14:42:23.9468560Z    - conda-forge/noarch::overrides==7.7.0=pyhd8ed1ab_1[md5=e51f1e4089cad105b6cac64bd8166587]
2025-01-20T14:42:23.9468990Z    - conda-forge/noarch::pexpect==4.9.0=pyhd8ed1ab_1[md5=d0d408b1f18883a944376da5cf8101ea]
2025-01-20T14:42:23.9469450Z    - conda-forge/osx-arm64::pillow==10.3.0=py312h39b1d8d_1[md5=4d3a01b6c6df5cc761adb1f3da5b99c2]
2025-01-20T14:42:23.9470130Z    - conda-forge/noarch::pip==24.3.1=pyh8b19718_2[md5=04e691b9fadd93a8a9fad87a81d4fd8f]
2025-01-20T14:42:23.9471240Z    - conda-forge/noarch::plotly==5.22.0=pyhd8ed1ab_0[md5=5b409a5f738e7d76c2b426eddb7e9956]
2025-01-20T14:42:23.9471710Z    - conda-forge/noarch::prompt-toolkit==3.0.47=pyha770c72_0[md5=1247c861065d227781231950e14fe817]
2025-01-20T14:42:23.9472190Z    - conda-forge/osx-arm64::pyobjc-core==10.3.1=py312hd24fc31_1[md5=1533727287f098e669d75f9c54dc1601]
2025-01-20T14:42:23.9472620Z    - conda-forge/noarch::pytest==8.2.2=pyhd8ed1ab_0[md5=0f3f49c22c7ef3a1195fa61dad3c43be]
2025-01-20T14:42:23.9475290Z    - conda-forge/noarch::python-dateutil==2.9.0.post0=pyhff2d567_1[md5=5ba79d7c71f03c678c8ead841f347d6e]
2025-01-20T14:42:23.9476090Z    - conda-forge/noarch::pyviz_comms==3.0.4=pyhd8ed1ab_1[md5=99b8cf929b145ae310b333ce3496b56b]
2025-01-20T14:42:23.9476680Z    - conda-forge/osx-arm64::pyzmq==26.0.3=py312hfa13136_0[md5=7c695aab5ee68adbe8a046b73100e13c]
2025-01-20T14:42:23.9478630Z    - conda-forge/noarch::referencing==0.35.1=pyhd8ed1ab_1[md5=8c9083612c1bfe6878715ed5732605f8]
2025-01-20T14:42:23.9479150Z    - conda-forge/noarch::rfc3339-validator==0.1.4=pyhd8ed1ab_1[md5=36de09a8d3e5d5e6f4ee63af49e59706]
2025-01-20T14:42:23.9481260Z    - conda-forge/noarch::snakeviz==2.2.0=pyhd8ed1ab_0[md5=d9750d7c0ef0ab69cbee7557e88dd128]
2025-01-20T14:42:23.9482390Z    - conda-forge/noarch::terminado==0.18.1=pyh31c8845_0[md5=00b54981b923f5aefcd5e8547de056d5]
2025-01-20T14:42:23.9482970Z    - conda-forge/noarch::tinycss2==1.3.0=pyhd8ed1ab_0[md5=8662629d9a05f9cff364e31ca106c1ac]
2025-01-20T14:42:23.9483370Z    - conda-forge/noarch::tqdm==4.66.4=pyhd8ed1ab_0[md5=e74cd796e70a4261f86699ee0a3a7a24]
2025-01-20T14:42:23.9483880Z    - conda-forge/noarch::typing-extensions==4.12.2=hd8ed1ab_1[md5=b6a408c64b78ec7b779a3e5c7a902433]
2025-01-20T14:42:23.9494460Z    - conda-forge/osx-arm64::argon2-cffi-bindings==21.2.0=py312h024a12e_5[md5=6ccaeafe1a52b0d0e7ebfbf53a374649]
2025-01-20T14:42:23.9494950Z    - conda-forge/noarch::arrow==1.3.0=pyhd8ed1ab_1[md5=46b53236fdd990271b03c3978d4218a9]
2025-01-20T14:42:23.9495340Z    - conda-forge/noarch::fqdn==1.5.1=pyhd8ed1ab_1[md5=d3549fd50d450b6d9e7dddff25dd2110]
2025-01-20T14:42:23.9495760Z    - conda-forge/osx-arm64::harfbuzz==8.5.0=h1836168_0[md5=aa22b942b980c17612d344adcd0f8798]
2025-01-20T14:42:23.9496160Z    - conda-forge/noarch::httpcore==1.0.5=pyhd8ed1ab_0[md5=a6b9a0158301e697e4d0a36a3d60e133]
2025-01-20T14:42:23.9496600Z    - conda-forge/noarch::importlib_metadata==7.1.0=hd8ed1ab_0[md5=6ef2b72d291b39e479d7694efa2b2b98]
2025-01-20T14:42:23.9497090Z    - conda-forge/noarch::jsonschema-specifications==2023.12.1=pyhd8ed1ab_0[md5=a0e4efb5f35786a05af4809a2fb1f855]
2025-01-20T14:42:23.9497600Z    - conda-forge/noarch::jupyter_server_terminals==0.5.3=pyhd8ed1ab_1[md5=2d983ff1b82a1ccb6f2e9d8784bdd6bd]
2025-01-20T14:42:23.9498070Z    - conda-forge/osx-arm64::libcblas==3.9.0=24_osxarm64_openblas[md5=c8977086a19233153e454bb2b332a920]
2025-01-20T14:42:23.9498530Z    - conda-forge/osx-arm64::liblapack==3.9.0=24_osxarm64_openblas[md5=49a3241f76cdbe705e346204a328f66c]
2025-01-20T14:42:23.9498960Z    - conda-forge/noarch::markdown==3.6=pyhd8ed1ab_0[md5=06e9bebf748a0dea03ecbe1f0e27e909]
2025-01-20T14:42:23.9500520Z    - conda-forge/noarch::mdit-py-plugins==0.4.2=pyhd8ed1ab_1[md5=af2060041d4f3250a7eb6ab3ec0e549b]
2025-01-20T14:42:23.9500990Z    - conda-forge/noarch::pbr==6.0.0=pyhd8ed1ab_0[md5=8dbab5ba746ed14aa32cb232dc437f8f]
2025-01-20T14:42:23.9501900Z    - conda-forge/noarch::pybtex==0.24.0=pyhd8ed1ab_3[md5=556a52a96313364aa79990ed1337b9a5]
2025-01-20T14:42:23.9502490Z    - conda-forge/osx-arm64::pyobjc-framework-cocoa==10.3.1=py312hd24fc31_1[md5=b1c63f8abafc9530a9259e0d6a70e984]
2025-01-20T14:42:23.9502960Z    - conda-forge/noarch::pytest-cov==5.0.0=pyhd8ed1ab_0[md5=c54c0107057d67ddf077751339ec2c63]
2025-01-20T14:42:23.9503400Z    - conda-forge/noarch::pytest-doctestplus==1.2.1=pyhd8ed1ab_0[md5=7aa60393604ac35f03ee479158d7269a]
2025-01-20T14:42:23.9503850Z    - conda-forge/noarch::pytest-metadata==3.1.1=pyhd8ed1ab_1[md5=c4b7295798eff80144dc4ca4551efa80]
2025-01-20T14:42:23.9504280Z    - conda-forge/noarch::setuptools-scm==8.1.0=pyhd8ed1ab_1[md5=ac738a7f524d1b157e53fb9734f85e0e]
2025-01-20T14:42:23.9505060Z    - conda-forge/osx-arm64::sqlalchemy==2.0.37=py312hea69d52_0[md5=559b768b7c5afa968ff8e343a2dfff43]
2025-01-20T14:42:23.9505500Z    - conda-forge/noarch::stack_data==0.6.2=pyhd8ed1ab_0[md5=e7df0fdd404616638df5ece6e69ba7af]
2025-01-20T14:42:23.9505910Z    - conda-forge/noarch::sympy==1.12.1=pypyh2585a3b_103[md5=4af9db19148140eb2ff3b2a93697063b]
2025-01-20T14:42:23.9506440Z    - conda-forge/osx-arm64::watchfiles==1.0.4=py312hcd83bfe_0[md5=946eb0208d09b811a671fad9b2831f4e]
2025-01-20T14:42:23.9506910Z    - conda-forge/osx-arm64::zstandard==0.23.0=py312h15fbf35_1[md5=a4cde595509a7ad9c13b1a3809bcfe51]
2025-01-20T14:42:23.9507340Z    - conda-forge/noarch::argon2-cffi==23.1.0=pyhd8ed1ab_1[md5=a7ee488b71c30ada51c48468337b85ba]
2025-01-20T14:42:23.9507750Z    - conda-forge/noarch::httpx==0.27.0=pyhd8ed1ab_0[md5=9f359af5a886fd6ca6b2b6ea02e58332]
2025-01-20T14:42:23.9508140Z    - conda-forge/noarch::ipython==8.25.0=pyh707e725_0[md5=98466a37c08f3bdbb500786271859517]
2025-01-20T14:42:23.9508560Z    - conda-forge/noarch::isoduration==20.11.0=pyhd8ed1ab_1[md5=0b0154421989637d424ccf0f104be51a]
2025-01-20T14:42:23.9508980Z    - conda-forge/noarch::jsonschema==4.22.0=pyhd8ed1ab_0[md5=b9661a4b1200d6bc7d8a4cdafdc91468]
2025-01-20T14:42:23.9509410Z    - conda-forge/noarch::jupyter_client==8.6.2=pyhd8ed1ab_0[md5=3cdbb2fa84490e5fd44c9f9806c0d292]
2025-01-20T14:42:23.9509850Z    - conda-forge/osx-arm64::numpy==2.0.2=py312h94ee1e1_1[md5=a58476ff56fb71e1c89e2ed972d66368]
2025-01-20T14:42:23.9510260Z    - conda-forge/osx-arm64::pango==1.54.0=h5cb9fbc_0[md5=e490cbccf161da2220fd9be3463c0fac]
2025-01-20T14:42:23.9510690Z    - conda-forge/osx-arm64::pybtex-docutils==1.0.3=py312h81bd7bf_2[md5=573f5bef5c0b4ea1405e78e941a29284]
2025-01-20T14:42:23.9511270Z    - conda-forge/noarch::pytest-html==4.1.1=pyhd8ed1ab_1[md5=010e50e74c467db278f1398a74106a04]
2025-01-20T14:42:23.9511700Z    - conda-forge/noarch::send2trash==1.8.3=pyh31c8845_1[md5=e67b1b1fa7a79ff9e8e326d0caf55854]
2025-01-20T14:42:23.9512120Z    - conda-forge/noarch::setuptools_scm==8.1.0=hd8ed1ab_1[md5=4b2757cbafd866a23faba9dd2b6fd43e]
2025-01-20T14:42:23.9512560Z    - conda-forge/noarch::sphinxcontrib-apidoc==0.3.0=py_1[md5=855b087883443abb10f5faf6eef40860]
2025-01-20T14:42:23.9512970Z    - conda-forge/noarch::urllib3==2.2.2=pyhd8ed1ab_1[md5=e804c43f58255e977093a2298e442bb8]
2025-01-20T14:42:23.9513390Z    - conda-forge/osx-arm64::contourpy==1.2.1=py312h0fef576_0[md5=f825cced50aa6ae9f6ae158a49ecb68c]
2025-01-20T14:42:23.9513800Z    - conda-forge/osx-arm64::gtk2==2.24.33=h7895bb2_4[md5=9c1ba062d59f3f49a2d32d9611d72686]
2025-01-20T14:42:23.9514210Z    - conda-forge/osx-arm64::h5py==3.11.0=nompi_py312h3cd0824_103[md5=830cd76fef2c93656223a8bada8daf87]
2025-01-20T14:42:23.9514630Z    - conda-forge/noarch::ipykernel==6.29.4=pyh57ce528_0[md5=1e991f9ed4a81d3482d46edbeb54721a]
2025-01-20T14:42:23.9515110Z    - conda-forge/noarch::jsonschema-with-format-nongpl==4.22.0=pyhd8ed1ab_0[md5=32ab666927ee17b9468c2c72bbd7ba1b]
2025-01-20T14:42:23.9515580Z    - conda-forge/osx-arm64::librsvg==2.58.1=hbc281fb_0[md5=e642889ae7e977769f6d0328e2ec7497]
2025-01-20T14:42:23.9515980Z    - conda-forge/noarch::nbformat==5.10.4=pyhd8ed1ab_1[md5=bbe1963f1e47f594070ffe87cdf612ea]
2025-01-20T14:42:23.9516730Z    - conda-forge/osx-arm64::numba==0.60.0=py312h41cea2d_0[md5=deed63e07bfe8494e806baccc9d7fd1b]
2025-01-20T14:42:23.9517160Z    - conda-forge/osx-arm64::numexpr==2.10.0=py312h8ae5369_0[md5=52a038a2c531adb72b8b3056952b5d87]
2025-01-20T14:42:23.9517580Z    - conda-forge/osx-arm64::pandas==2.2.2=py312h8ae5369_1[md5=b38af0cd7ae3616c90a2511272385941]
2025-01-20T14:42:23.9517990Z    - conda-forge/osx-arm64::pyerfa==2.0.1.4=py312h755e627_2[md5=ef3ea1a3ab7cd65337a5b74100df6afe]
2025-01-20T14:42:23.9518400Z    - conda-forge/noarch::requests==2.32.3=pyhd8ed1ab_1[md5=a9b9368f3701a417eac9edbcae7cb737]
2025-01-20T14:42:23.9518800Z    - conda-forge/osx-arm64::scipy==1.13.1=py312h14ffa8f_0[md5=0ef7359585e53bb3ff4539cf204f9c62]
2025-01-20T14:42:23.9519380Z    - conda-forge/osx-arm64::astropy==6.1.1=py312hbebd99a_1[md5=7644abdd0d6856c12bcd767a89deeb30]
2025-01-20T14:42:23.9519780Z    - conda-forge/noarch::bokeh==3.6.2=pyhd8ed1ab_1[md5=976ff24762f1f991b08f7a7a41875086]
2025-01-20T14:42:23.9520200Z    - conda-forge/osx-arm64::graphviz==11.0.0=h9bb9bc9_0[md5=c004a0e5dfbe0ce38af9ab4684abd236]
2025-01-20T14:42:23.9520630Z    - conda-forge/noarch::jupyter_events==0.10.0=pyhd8ed1ab_1[md5=62186e6383f38cc6a3466f0fadde3f2e]
2025-01-20T14:42:23.9521170Z    - conda-forge/osx-arm64::matplotlib-base==3.8.4=py312h4479663_2[md5=e4c7e00cc31a921bb2541c10c3c58a8c]
2025-01-20T14:42:23.9521610Z    - conda-forge/noarch::nbclient==0.10.0=pyhd8ed1ab_0[md5=15b51397e0fe8ea7d7da60d83eb76ebc]
2025-01-20T14:42:23.9522450Z    - conda-forge/osx-arm64::pytables==3.10.2=py312h2ca37b8_0[md5=cbfcd2d7c0d86832ba94f75fd2ced8a8]
2025-01-20T14:42:23.9523070Z    - conda-forge/noarch::jupyter-cache==1.0.1=pyhff2d567_0[md5=b0ee650829b8974202a7abe7f8b81e5a]
2025-01-20T14:42:23.9523510Z    - conda-forge/noarch::nbconvert-core==7.16.4=pyhd8ed1ab_3[md5=fbc9010c36dd6fe433c045394df78efa]
2025-01-20T14:42:23.9523940Z    - conda-forge/noarch::panel==1.5.5=pyhd8ed1ab_0[md5=8b08e8583b83f7c1a0d9991bf7d497f3]
2025-01-20T14:42:23.9524360Z    - conda-forge/osx-arm64::pygraphviz==1.13=py312h5f4d302_1[md5=fd4b95cc009d28310e4cb3b090b8ac09]
2025-01-20T14:42:23.9525270Z    - conda-forge/noarch::radioactivedecay==0.5.1=pyhd8ed1ab_1[md5=aa87414b02794e2987c909ab373dec68]
2025-01-20T14:42:23.9526430Z    - conda-forge/noarch::jupyter_server==2.14.1=pyhd8ed1ab_1[md5=74321d43533c8651d7ae758b90242cb9]
2025-01-20T14:42:23.9526880Z    - conda-forge/noarch::nbconvert-pandoc==7.16.4=hd8ed1ab_3[md5=68b369ee7e24bd895c92722d22d0560f]
2025-01-20T14:42:23.9527300Z    - conda-forge/noarch::jupyter-lsp==2.2.5=pyhd8ed1ab_1[md5=0b4c3908e5a38ea22ebb98ee5888c768]
2025-01-20T14:42:23.9527740Z    - conda-forge/noarch::jupyterlab_server==2.27.2=pyhd8ed1ab_0[md5=d1cb7b113daaadd89e5aa6a32b28bf0d]
2025-01-20T14:42:23.9528170Z    - conda-forge/noarch::nbconvert==7.16.4=hd8ed1ab_3[md5=59b074b5c8185ec0f66b0b0229592c83]
2025-01-20T14:42:23.9528590Z    - conda-forge/noarch::notebook-shim==0.2.4=pyhd8ed1ab_1[md5=e7f89ea5f7ea9401642758ff50a2d9c1]
2025-01-20T14:42:23.9529010Z    - conda-forge/noarch::jupyterlab==4.2.2=pyhd8ed1ab_0[md5=405a9d330af26391c8001d56b3ef4239]
2025-01-20T14:42:23.9529420Z    - conda-forge/noarch::nbclassic==1.1.0=pyhd8ed1ab_1[md5=7a4d3e43cf7f83774d9a50051a6a7f62]
2025-01-20T14:42:23.9529820Z    - conda-forge/noarch::notebook==7.2.1=pyhd8ed1ab_0[md5=08fa71a038c2cac2e636a5a456df15d5]
2025-01-20T14:42:23.9530270Z    - conda-forge/noarch::widgetsnbextension==3.6.10=pyhd8ed1ab_0[md5=4d52bbdb661dc1b5a1c2aeb1afcd9a67]
2025-01-20T14:42:23.9530720Z    - conda-forge/noarch::ipywidgets==7.8.5=pyhd8ed1ab_0[md5=47672c493015ab57d5fcde9531ab18ef]
2025-01-20T14:42:23.9531120Z    - conda-forge/noarch::qgrid==1.3.1=pyhd8ed1ab_5[md5=0c8b2cb049b04f79899c1f2dee65091b]
2025-01-20T14:42:23.9531520Z    - conda-forge/noarch::myst-parser==4.0.0=pyhd8ed1ab_1[md5=fbc398f13e5f5a90f9065eaa5d91a28f]
2025-01-20T14:42:23.9531930Z    - conda-forge/noarch::myst-nb==1.1.2=pyhd8ed1ab_1[md5=b78625bb0b4b144fe7048523a178986d]
2025-01-20T14:42:23.9532350Z    - conda-forge/noarch::nbsphinx==0.9.4=pyhd8ed1ab_0[md5=9dc80eaeff56fb67dbf4f871b81bc13a]
2025-01-20T14:42:23.9533780Z    - conda-forge/noarch::numpydoc==1.7.0=pyhd8ed1ab_3[md5=4f5a67d2176fe024a7d83b3eb09b8e13]
2025-01-20T14:42:23.9535180Z    - conda-forge/noarch::pydata-sphinx-theme==0.15.4=pyhd8ed1ab_0[md5=c7c50dd5192caa58a05e6a4248a27acb]
2025-01-20T14:42:23.9536010Z    - conda-forge/noarch::recommonmark==0.7.1=pyhd8ed1ab_1[md5=2ab45b31c22ffd541590bd73011cccb2]
2025-01-20T14:42:23.9536460Z    - conda-forge/noarch::sphinx-automodapi==0.17.0=pyh717bed2_1[md5=ee327fec39b9a01d03d3010463df3ee1]
2025-01-20T14:42:23.9536920Z    - conda-forge/noarch::sphinx-copybutton==0.5.2=pyhd8ed1ab_1[md5=bf22cb9c439572760316ce0748af3713]
2025-01-20T14:42:23.9537350Z    - conda-forge/noarch::sphinx-design==0.6.1=pyhd8ed1ab_2[md5=3e6c15d914b03f83fc96344f917e0838]
2025-01-20T14:42:23.9538020Z    - conda-forge/noarch::sphinx-gallery==0.16.0=pyhd8ed1ab_0[md5=add28691ee89e875b190eda07929d5d4]
2025-01-20T14:42:23.9539490Z    - conda-forge/noarch::sphinx-jsonschema==1.19.1=pyhd8ed1ab_1[md5=dece792362306fc18e3117d93863a921]
2025-01-20T14:42:23.9540880Z    - conda-forge/noarch::sphinxcontrib-applehelp==1.0.8=pyhd8ed1ab_0[md5=611a35a27914fac3aa37611a6fe40bb5]
2025-01-20T14:42:23.9541740Z    - conda-forge/noarch::sphinxcontrib-bibtex==2.6.2=pyhd8ed1ab_0[md5=ac0947374ec8b703181808828bf5dfec]
2025-01-20T14:42:23.9542250Z    - conda-forge/noarch::sphinxcontrib-devhelp==1.0.6=pyhd8ed1ab_0[md5=d7e4954df0d3aea2eacc7835ad12671d]
2025-01-20T14:42:23.9542730Z    - conda-forge/noarch::sphinxcontrib-htmlhelp==2.0.5=pyhd8ed1ab_0[md5=7e1e7437273682ada2ed5e9e9714b140]
2025-01-20T14:42:23.9543210Z    - conda-forge/noarch::sphinxcontrib-jquery==4.1=pyhd8ed1ab_1[md5=403185829255321ea427333f7773dd1f]
2025-01-20T14:42:23.9543670Z    - conda-forge/noarch::sphinx-astropy==1.9.1=pyhd8ed1ab_1[md5=143070f15bdac34b79c607e5ae59ab1d]
2025-01-20T14:42:23.9544610Z    - conda-forge/noarch::sphinx_rtd_theme==2.0.0=pyha770c72_0[md5=baf6d9a33df1a789ca55e3b404c7ea28]
2025-01-20T14:42:23.9546030Z    - conda-forge/noarch::sphinxcontrib-qthelp==1.0.7=pyhd8ed1ab_0[md5=26acae54b06f178681bfb551760f5dd1]
2025-01-20T14:42:23.9547480Z    - conda-forge/noarch::sphinx==7.3.7=pyhd8ed1ab_0[md5=7b1465205e28d75d2c0e1a868ee00a67]
2025-01-20T14:42:23.9548880Z    - conda-forge/noarch::sphinxcontrib-serializinghtml==1.1.10=pyhd8ed1ab_1[md5=3bc61f7161d28137797e038263c04c54]
2025-01-20T14:42:23.9550490Z    - conda-forge/noarch::sphinxext-rediraffe==0.2.7=pyhd8ed1ab_2[md5=6e9abf97190dc7a1f0c207e86ef3abc5]
2025-01-20T14:42:23.9551610Z    - pyviz/noarch::nbsite==0.8.7=py_0[md5=8d3e4c7cf9d2304ad6a44b57a60c643f]
2025-01-20T14:42:23.9552180Z 
2025-01-20T14:42:23.9552190Z 
2025-01-20T14:42:23.9552530Z   Package                                      Version  Build                    Channel         Size
2025-01-20T14:42:23.9554790Z â”€â”€â”€â”€â”€â”€â”€â”€â”€â”€â”€â”€â”€â”€â”€â”€â”€â”€â”€â”€â”€â”€â”€â”€â”€â”€â”€â”€â”€â”€â”€â”€â”€â”€â”€â”€â”€â”€â”€â”€â”€â”€â”€â”€â”€â”€â”€â”€â”€â”€â”€â”€â”€â”€â”€â”€â”€â”€â”€â”€â”€â”€â”€â”€â”€â”€â”€â”€â”€â”€â”€â”€â”€â”€â”€â”€â”€â”€â”€â”€â”€â”€â”€â”€â”€â”€â”€â”€â”€â”€â”€â”€â”€â”€â”€â”€â”€â”€â”€â”€â”€â”€â”€
2025-01-20T14:42:23.9555120Z   Install:
2025-01-20T14:42:23.9555640Z â”€â”€â”€â”€â”€â”€â”€â”€â”€â”€â”€â”€â”€â”€â”€â”€â”€â”€â”€â”€â”€â”€â”€â”€â”€â”€â”€â”€â”€â”€â”€â”€â”€â”€â”€â”€â”€â”€â”€â”€â”€â”€â”€â”€â”€â”€â”€â”€â”€â”€â”€â”€â”€â”€â”€â”€â”€â”€â”€â”€â”€â”€â”€â”€â”€â”€â”€â”€â”€â”€â”€â”€â”€â”€â”€â”€â”€â”€â”€â”€â”€â”€â”€â”€â”€â”€â”€â”€â”€â”€â”€â”€â”€â”€â”€â”€â”€â”€â”€â”€â”€â”€â”€
2025-01-20T14:42:23.9555920Z 
2025-01-20T14:42:23.9556050Z   + c-ares                                      1.28.1  h93a5062_0               conda-forge         
2025-01-20T14:42:23.9556380Z   + ca-certificates                         2024.12.14  hf0a4a13_0               conda-forge         
2025-01-20T14:42:23.9556760Z   + font-ttf-dejavu-sans-mono                     2.37  hab24e00_0               conda-forge         
2025-01-20T14:42:23.9557130Z   + font-ttf-inconsolata                         3.000  h77eed37_0               conda-forge         
2025-01-20T14:42:23.9557520Z   + font-ttf-source-code-pro                     2.038  h77eed37_0               conda-forge         
2025-01-20T14:42:23.9557880Z   + font-ttf-ubuntu                               0.83  h77eed37_3               conda-forge         
2025-01-20T14:42:23.9558210Z   + fribidi                                     1.0.10  h27ca646_0               conda-forge         
2025-01-20T14:42:23.9558520Z   + giflib                                       5.2.2  h93a5062_0               conda-forge         
2025-01-20T14:42:23.9559290Z   + git-lfs                                      3.5.1  h40ddcf5_1               conda-forge         
2025-01-20T14:42:23.9559570Z   + icu                                           73.2  hc8870d7_0               conda-forge         
2025-01-20T14:42:23.9559870Z   + libdeflate                                    1.20  h93a5062_0               conda-forge         
2025-01-20T14:42:23.9560160Z   + libev                                         4.33  h93a5062_2               conda-forge         
2025-01-20T14:42:23.9560580Z   + libexpat                                     2.6.2  hebf3989_0               conda-forge         
2025-01-20T14:42:23.9561770Z   + libffi                                       3.4.2  h3422bc3_5               conda-forge         
2025-01-20T14:42:23.9562760Z   + libiconv                                      1.17  h0d3ecfb_2               conda-forge         
2025-01-20T14:42:23.9563610Z   + libjpeg-turbo                                3.0.0  hb547adb_1               conda-forge         
2025-01-20T14:42:23.9564950Z   + libsodium                                   1.0.18  h27ca646_1               conda-forge         
2025-01-20T14:42:23.9565390Z   + libwebp-base                                 1.4.0  h93a5062_0               conda-forge         
2025-01-20T14:42:23.9565720Z   + pandoc                                       3.2.1  hce30654_0               conda-forge         
2025-01-20T14:42:23.9566030Z   + python_abi                                    3.12  5_cp312                  conda-forge         
2025-01-20T14:42:23.9566330Z   + tzdata                                       2024a  h8827d51_1               conda-forge         
2025-01-20T14:42:23.9566620Z   + xz                                           5.2.6  h57fd34a_0               conda-forge         
2025-01-20T14:42:23.9566910Z   + yaml                                         0.2.5  h3422bc3_2               conda-forge         
2025-01-20T14:42:23.9567230Z   + bzip2                                        1.0.8  h99b78c6_7               conda-forge         
2025-01-20T14:42:23.9567560Z   + expat                                        2.6.2  hebf3989_0               conda-forge         
2025-01-20T14:42:23.9567860Z   + fonts-conda-forge                                1  0                        conda-forge         
2025-01-20T14:42:23.9568400Z   + libbrotlicommon                              1.1.0  hd74edd7_2               conda-forge         
2025-01-20T14:42:23.9568750Z   + libcxx                                      19.1.7  ha82da77_0               conda-forge         
2025-01-20T14:42:23.9569050Z   + libintl                                     0.22.5  h8414b35_3               conda-forge         
2025-01-20T14:42:23.9569350Z   + libzlib                                      1.3.1  h8359307_2               conda-forge         
2025-01-20T14:42:23.9570550Z   + llvm-openmp                                 18.1.7  hde57baf_0               conda-forge         
2025-01-20T14:42:23.9570910Z   + ncurses                                        6.5  h5e97a16_2               conda-forge         
2025-01-20T14:42:23.9571210Z   + openssl                                      3.4.0  h81ee809_1               conda-forge         
2025-01-20T14:42:23.9571520Z   + pthread-stubs                                  0.4  hd74edd7_1002            conda-forge         
2025-01-20T14:42:23.9571850Z   + xorg-libxau                                 1.0.11  hd74edd7_1               conda-forge         
2025-01-20T14:42:23.9572180Z   + xorg-libxdmcp                                1.1.3  hd74edd7_2               conda-forge         
2025-01-20T14:42:23.9572520Z   + fonts-conda-ecosystem                            1  0                        conda-forge         
2025-01-20T14:42:23.9572870Z   + gettext-tools                               0.22.5  h8414b35_3               conda-forge         
2025-01-20T14:42:23.9573170Z   + gmp                                          6.3.0  h7bae524_2               conda-forge         
2025-01-20T14:42:23.9573870Z   + graphite2                                   1.3.13  hebf3989_1003            conda-forge         
2025-01-20T14:42:23.9574200Z   + lerc                                         4.0.0  h9a09cb3_0               conda-forge         
2025-01-20T14:42:23.9574500Z   + libaec                                       1.1.3  hebf3989_0               conda-forge         
2025-01-20T14:42:23.9574810Z   + libasprintf                                 0.22.5  h8414b35_3               conda-forge         
2025-01-20T14:42:23.9575140Z   + libbrotlidec                                 1.1.0  hd74edd7_2               conda-forge         
2025-01-20T14:42:23.9575470Z   + libbrotlienc                                 1.1.0  hd74edd7_2               conda-forge         
2025-01-20T14:42:23.9576050Z   + libedit                               3.1.20191231  hc8eb9b7_2               conda-forge         
2025-01-20T14:42:23.9576380Z   + libgettextpo                                0.22.5  h8414b35_3               conda-forge         
2025-01-20T14:42:23.9576730Z   + libgfortran5                                13.2.0  hf226fd6_3               conda-forge         
2025-01-20T14:42:23.9577060Z   + libintl-devel                               0.22.5  h8414b35_3               conda-forge         
2025-01-20T14:42:23.9577380Z   + libllvm14                                   14.0.6  hd1a9a77_4               conda-forge         
2025-01-20T14:42:23.9577710Z   + libnghttp2                                  1.58.0  ha4dd798_1               conda-forge         
2025-01-20T14:42:23.9578010Z   + libpng                                      1.6.43  h091b4b1_0               conda-forge         
2025-01-20T14:42:23.9578310Z   + libsqlite                                   3.46.0  hfb93653_0               conda-forge         
2025-01-20T14:42:23.9578620Z   + libssh2                                     1.11.0  h7a5bd25_0               conda-forge         
2025-01-20T14:42:23.9578910Z   + libxcb                                        1.16  hc9fafa5_1               conda-forge         
2025-01-20T14:42:23.9579220Z   + libxml2                                     2.12.7  h9a80f22_3               conda-forge         
2025-01-20T14:42:23.9579510Z   + lz4-c                                       1.10.0  h286801f_1               conda-forge         
2025-01-20T14:42:23.9579780Z   + pcre2                                        10.44  h297a79d_2               conda-forge         
2025-01-20T14:42:23.9580080Z   + pixman                                      0.43.4  hebf3989_0               conda-forge         
2025-01-20T14:42:23.9580370Z   + readline                                       8.2  h92ec313_1               conda-forge         
2025-01-20T14:42:23.9580670Z   + snappy                                       1.2.1  h98b9ce2_1               conda-forge         
2025-01-20T14:42:23.9580950Z   + tk                                          8.6.13  h5083fa2_1               conda-forge         
2025-01-20T14:42:23.9581220Z   + zlib                                         1.3.1  h8359307_2               conda-forge         
2025-01-20T14:42:23.9581500Z   + zlib-ng                                      2.2.3  h13dfb9a_0               conda-forge         
2025-01-20T14:42:23.9581790Z   + zstd                                         1.5.6  hb46c0d2_0               conda-forge         
2025-01-20T14:42:23.9582080Z   + blosc                                       1.21.6  h7dd00d9_1               conda-forge         
2025-01-20T14:42:23.9582380Z   + brotli-bin                                   1.1.0  hd74edd7_2               conda-forge         
2025-01-20T14:42:23.9582680Z   + c-blosc2                                    2.15.2  h9cbb436_1               conda-forge         
2025-01-20T14:42:23.9582990Z   + freetype                                    2.12.1  hadb7bae_2               conda-forge         
2025-01-20T14:42:23.9583290Z   + krb5                                        1.21.2  h92f50d5_0               conda-forge         
2025-01-20T14:42:23.9583730Z   + libasprintf-devel                           0.22.5  h8414b35_3               conda-forge         
2025-01-20T14:42:23.9584090Z   + libgettextpo-devel                          0.22.5  h8414b35_3               conda-forge         
2025-01-20T14:42:23.9584420Z   + libgfortran                                  5.0.0  13_2_0_hd922786_3        conda-forge         
2025-01-20T14:42:23.9584730Z   + libglib                                     2.80.2  h59d46d9_1               conda-forge         
2025-01-20T14:42:23.9585020Z   + libtiff                                      4.6.0  h07db509_3               conda-forge         
2025-01-20T14:42:23.9585320Z   + libxslt                                     1.1.39  h223e5b9_0               conda-forge         
2025-01-20T14:42:23.9585940Z   + mpfr                                         4.2.1  hb693164_3               conda-forge         
2025-01-20T14:42:23.9586220Z   + python                                      3.12.4  h30c5eda_0_cpython       conda-forge         
2025-01-20T14:42:23.9586540Z   + alabaster                                   0.7.16  pyhd8ed1ab_0             conda-forge         
2025-01-20T14:42:23.9586850Z   + appnope                                      0.1.4  pyhd8ed1ab_1             conda-forge         
2025-01-20T14:42:23.9587200Z   + astropy-iers-data              0.2024.6.17.0.31.35  pyhd8ed1ab_0             conda-forge         
2025-01-20T14:42:23.9587530Z   + atk-1.0                                     2.38.0  hd03087b_2               conda-forge         
2025-01-20T14:42:23.9587820Z   + attrs                                       23.2.0  pyh71513ae_0             conda-forge         
2025-01-20T14:42:23.9588110Z   + brotli                                       1.1.0  hd74edd7_2               conda-forge         
2025-01-20T14:42:23.9588430Z   + brotli-python                                1.1.0  py312hde4cb15_2          conda-forge         
2025-01-20T14:42:23.9588770Z   + cached_property                              1.5.2  pyha770c72_1             conda-forge         
2025-01-20T14:42:23.9589100Z   + certifi                                 2024.12.14  pyhd8ed1ab_0             conda-forge         
2025-01-20T14:42:23.9589470Z   + charset-normalizer                           3.3.2  pyhd8ed1ab_0             conda-forge         
2025-01-20T14:42:23.9589800Z   + click                                        8.1.7  unix_pyh707e725_1        conda-forge         
2025-01-20T14:42:23.9590110Z   + codespell                                    2.3.0  pyhd8ed1ab_1             conda-forge         
2025-01-20T14:42:23.9590420Z   + colorama                                     0.4.6  pyhd8ed1ab_1             conda-forge         
2025-01-20T14:42:23.9590720Z   + cycler                                      0.12.1  pyhd8ed1ab_1             conda-forge         
2025-01-20T14:42:23.9591040Z   + dataclasses                                    0.8  pyhc8e2a94_3             conda-forge         
2025-01-20T14:42:23.9591350Z   + debugpy                                      1.8.1  py312h20a0b95_0          conda-forge         
2025-01-20T14:42:23.9591670Z   + decorator                                    5.1.1  pyhd8ed1ab_1             conda-forge         
2025-01-20T14:42:23.9591980Z   + defusedxml                                   0.7.1  pyhd8ed1ab_0             conda-forge         
2025-01-20T14:42:23.9592290Z   + docutils                                    0.20.1  py312h81bd7bf_3          conda-forge         
2025-01-20T14:42:23.9592620Z   + entrypoints                                    0.4  pyhd8ed1ab_1             conda-forge         
2025-01-20T14:42:23.9592950Z   + exceptiongroup                               1.2.0  pyhd8ed1ab_2             conda-forge         
2025-01-20T14:42:23.9593280Z   + executing                                    2.0.1  pyhd8ed1ab_0             conda-forge         
2025-01-20T14:42:23.9593590Z   + fontconfig                                  2.14.2  h82840c6_0               conda-forge         
2025-01-20T14:42:23.9593890Z   + future                                       1.0.0  pyhd8ed1ab_1             conda-forge         
2025-01-20T14:42:23.9594320Z   + gdk-pixbuf                                 2.42.12  h7ddc832_0               conda-forge         
2025-01-20T14:42:23.9594630Z   + gettext                                     0.22.5  h8414b35_3               conda-forge         
2025-01-20T14:42:23.9594930Z   + greenlet                                     3.1.1  py312hd8f9ff3_1          conda-forge         
2025-01-20T14:42:23.9595210Z   + gts                                          0.7.6  he42f4ea_4               conda-forge         
2025-01-20T14:42:23.9595500Z   + hpack                                        4.0.0  pyhd8ed1ab_1             conda-forge         
2025-01-20T14:42:23.9595980Z   + hyperframe                                   6.0.1  pyhd8ed1ab_1             conda-forge         
2025-01-20T14:42:23.9596390Z   + idna                                           3.7  pyhd8ed1ab_0             conda-forge         
2025-01-20T14:42:23.9596690Z   + imagesize                                    1.4.1  pyhd8ed1ab_0             conda-forge         
2025-01-20T14:42:23.9596990Z   + iniconfig                                    2.0.0  pyhd8ed1ab_1             conda-forge         
2025-01-20T14:42:23.9597310Z   + ipython_genutils                             0.2.0  pyhd8ed1ab_2             conda-forge         
2025-01-20T14:42:23.9597640Z   + json5                                       0.9.25  pyhd8ed1ab_0             conda-forge         
2025-01-20T14:42:23.9598010Z   + jsonpointer                                  3.0.0  py312h81bd7bf_1          conda-forge         
2025-01-20T14:42:23.9598380Z   + jupyterlab_widgets                          1.1.11  pyhd8ed1ab_0             conda-forge         
2025-01-20T14:42:23.9598730Z   + kiwisolver                                   1.4.5  py312h6142ec9_2          conda-forge         
2025-01-20T14:42:23.9599200Z   + lcms2                                         2.16  ha0e7c42_0               conda-forge         
2025-01-20T14:42:23.9599520Z   + libcurl                                      8.8.0  h7b6f9a7_0               conda-forge         
2025-01-20T14:42:23.9599830Z   + libopenblas                                 0.3.27  openmp_h517c56d_1        conda-forge         
2025-01-20T14:42:23.9600140Z   + libwebp                                      1.4.0  h54798ee_0               conda-forge         
2025-01-20T14:42:23.9600440Z   + llvmlite                                    0.43.0  py312ha9ca408_1          conda-forge         
2025-01-20T14:42:23.9600720Z   + lxml                                         5.2.2  py312h0e5ab22_0          conda-forge         
2025-01-20T14:42:23.9601020Z   + markupsafe                                   2.1.5  py312h024a12e_1          conda-forge         
2025-01-20T14:42:23.9601320Z   + mdurl                                        0.1.2  pyhd8ed1ab_1             conda-forge         
2025-01-20T14:42:23.9601720Z   + mistune                                      3.0.2  pyhd8ed1ab_1             conda-forge         
2025-01-20T14:42:23.9602020Z   + mpc                                          1.3.1  h8f1351a_1               conda-forge         
2025-01-20T14:42:23.9602290Z   + mpmath                                       1.3.0  pyhd8ed1ab_1             conda-forge         
2025-01-20T14:42:23.9602590Z   + munkres                                      1.1.4  pyh9f0ad1d_0             conda-forge         
2025-01-20T14:42:23.9602900Z   + mypy_extensions                              1.0.0  pyha770c72_1             conda-forge         
2025-01-20T14:42:23.9603220Z   + nest-asyncio                                 1.6.0  pyhd8ed1ab_1             conda-forge         
2025-01-20T14:42:23.9603530Z   + networkx                                       3.3  pyhd8ed1ab_1             conda-forge         
2025-01-20T14:42:23.9605150Z   + openjpeg                                     2.5.2  h9f1df11_0               conda-forge         
2025-01-20T14:42:23.9606220Z   + packaging                                     24.1  pyhd8ed1ab_0             conda-forge         
2025-01-20T14:42:23.9607620Z   + pandocfilters                                1.5.0  pyhd8ed1ab_0             conda-forge         
2025-01-20T14:42:23.9608450Z   + param                                        2.2.0  pyhd8ed1ab_0             conda-forge         
2025-01-20T14:42:23.9609210Z   + parso                                        0.8.4  pyhd8ed1ab_1             conda-forge         
2025-01-20T14:42:23.9610000Z   + pathspec                                    0.12.1  pyhd8ed1ab_1             conda-forge         
2025-01-20T14:42:23.9610840Z   + pickleshare                                  0.7.5  pyhd8ed1ab_1004          conda-forge         
2025-01-20T14:42:23.9612020Z   + pkgutil-resolve-name                        1.3.10  pyhd8ed1ab_2             conda-forge         
2025-01-20T14:42:23.9613520Z   + platformdirs                                 4.2.2  pyhd8ed1ab_0             conda-forge         
2025-01-20T14:42:23.9613860Z   + pluggy                                       1.5.0  pyhd8ed1ab_1             conda-forge         
2025-01-20T14:42:23.9614220Z   + portalocker                                  3.0.0  py312h81bd7bf_0          conda-forge         
2025-01-20T14:42:23.9614570Z   + prometheus_client                           0.20.0  pyhd8ed1ab_0             conda-forge         
2025-01-20T14:42:23.9614900Z   + psutil                                       5.9.8  py312he37b823_0          conda-forge         
2025-01-20T14:42:23.9615210Z   + ptyprocess                                   0.7.0  pyhd8ed1ab_1             conda-forge         
2025-01-20T14:42:23.9615520Z   + pure_eval                                    0.2.2  pyhd8ed1ab_0             conda-forge         
2025-01-20T14:42:23.9615830Z   + py-cpuinfo                                   9.0.0  pyhd8ed1ab_1             conda-forge         
2025-01-20T14:42:23.9616140Z   + pycparser                                     2.22  pyh29332c3_1             conda-forge         
2025-01-20T14:42:23.9616460Z   + pygments                                    2.18.0  pyhd8ed1ab_1             conda-forge         
2025-01-20T14:42:23.9616770Z   + pyparsing                                    3.1.2  pyhd8ed1ab_0             conda-forge         
2025-01-20T14:42:23.9617070Z   + pysocks                                      1.7.1  pyha55dd90_7             conda-forge         
2025-01-20T14:42:23.9617410Z   + python-fastjsonschema                       2.20.0  pyhd8ed1ab_0             conda-forge         
2025-01-20T14:42:23.9618050Z   + python-json-logger                           2.0.7  pyhd8ed1ab_0             conda-forge         
2025-01-20T14:42:23.9618400Z   + python-tzdata                               2024.1  pyhd8ed1ab_0             conda-forge         
2025-01-20T14:42:23.9618860Z   + pytz                                        2024.1  pyhd8ed1ab_0             conda-forge         
2025-01-20T14:42:23.9619160Z   + pyyaml                                       6.0.1  py312h02f2b3b_1          conda-forge         
2025-01-20T14:42:23.9619490Z   + rfc3986-validator                            0.1.1  pyh9f0ad1d_0             conda-forge         
2025-01-20T14:42:23.9619820Z   + rpds-py                                     0.18.1  py312h552d48e_0          conda-forge         
2025-01-20T14:42:23.9620110Z   + ruff                                         0.4.9  py312h3402d49_0          conda-forge         
2025-01-20T14:42:23.9620410Z   + setuptools                                  70.0.0  pyhd8ed1ab_0             conda-forge         
2025-01-20T14:42:23.9620710Z   + six                                         1.16.0  pyhd8ed1ab_1             conda-forge         
2025-01-20T14:42:23.9620990Z   + sniffio                                      1.3.1  pyhd8ed1ab_1             conda-forge         
2025-01-20T14:42:23.9621330Z   + snowballstemmer                              2.2.0  pyhd8ed1ab_0             conda-forge         
2025-01-20T14:42:23.9621660Z   + soupsieve                                      2.5  pyhd8ed1ab_1             conda-forge         
2025-01-20T14:42:23.9622250Z   + sphinx_bootstrap_theme                       0.8.1  pyhd8ed1ab_1             conda-forge         
2025-01-20T14:42:23.9622640Z   + sphinxcontrib-jsmath                         1.0.1  pyhd8ed1ab_1             conda-forge         
2025-01-20T14:42:23.9622980Z   + tabulate                                     0.9.0  pyhd8ed1ab_2             conda-forge         
2025-01-20T14:42:23.9623290Z   + tenacity                                     8.4.1  pyhd8ed1ab_0             conda-forge         
2025-01-20T14:42:23.9623580Z   + toml                                        0.10.2  pyhd8ed1ab_1             conda-forge         
2025-01-20T14:42:23.9623890Z   + tomli                                        2.0.1  pyhd8ed1ab_0             conda-forge         
2025-01-20T14:42:23.9624620Z   + tornado                                      6.4.1  py312h024a12e_1          conda-forge         
2025-01-20T14:42:23.9624920Z   + traitlets                                   5.14.3  pyhd8ed1ab_1             conda-forge         
2025-01-20T14:42:23.9625260Z   + typed-ast                                    1.5.5  py312h02f2b3b_1          conda-forge         
2025-01-20T14:42:23.9625660Z   + types-python-dateutil               2.9.0.20240316  pyhd8ed1ab_0             conda-forge         
2025-01-20T14:42:23.9626040Z   + typing_extensions                           4.12.2  pyha770c72_1             conda-forge         
2025-01-20T14:42:23.9626380Z   + typing_utils                                 0.1.0  pyhd8ed1ab_1             conda-forge         
2025-01-20T14:42:23.9626770Z   + uc-micro-py                                  1.0.3  pyhd8ed1ab_1             conda-forge         
2025-01-20T14:42:23.9627250Z   + uri-template                                 1.3.0  pyhd8ed1ab_1             conda-forge         
2025-01-20T14:42:23.9628060Z   + wcwidth                                     0.2.13  pyhd8ed1ab_1             conda-forge         
2025-01-20T14:42:23.9636100Z   + webcolors                                   24.6.0  pyhd8ed1ab_0             conda-forge         
2025-01-20T14:42:23.9636470Z   + webencodings                                 0.5.1  pyhd8ed1ab_3             conda-forge         
2025-01-20T14:42:23.9636810Z   + websocket-client                             1.8.0  pyhd8ed1ab_1             conda-forge         
2025-01-20T14:42:23.9637130Z   + wheel                                       0.43.0  pyhd8ed1ab_1             conda-forge         
2025-01-20T14:42:23.9637450Z   + xyzservices                               2025.1.0  pyhd8ed1ab_0             conda-forge         
2025-01-20T14:42:23.9637790Z   + zeromq                                       4.3.5  hcc0f68c_4               conda-forge         
2025-01-20T14:42:23.9638090Z   + zipp                                        3.19.2  pyhd8ed1ab_0             conda-forge         
2025-01-20T14:42:23.9638410Z   + accessible-pygments                          0.0.5  pyhd8ed1ab_1             conda-forge         
2025-01-20T14:42:23.9638740Z   + anyio                                        4.4.0  pyhd8ed1ab_0             conda-forge         
2025-01-20T14:42:23.9639070Z   + astropy-sphinx-theme                           1.1  pyhd8ed1ab_1             conda-forge         
2025-01-20T14:42:23.9639400Z   + asttokens                                    2.4.1  pyhd8ed1ab_0             conda-forge         
2025-01-20T14:42:23.9639710Z   + async-lru                                    2.0.4  pyhd8ed1ab_1             conda-forge         
2025-01-20T14:42:23.9640010Z   + babel                                       2.14.0  pyhd8ed1ab_0             conda-forge         
2025-01-20T14:42:23.9640320Z   + beautifulsoup4                              4.12.3  pyha770c72_1             conda-forge         
2025-01-20T14:42:23.9640650Z   + bleach                                       6.1.0  pyhd8ed1ab_0             conda-forge         
2025-01-20T14:42:23.9640970Z   + cached-property                              1.5.2  hd8ed1ab_1               conda-forge         
2025-01-20T14:42:23.9641580Z   + cairo                                       1.18.0  hc6c324b_2               conda-forge         
2025-01-20T14:42:23.9641880Z   + cffi                                        1.16.0  py312h8e38eb3_0          conda-forge         
2025-01-20T14:42:23.9642160Z   + comm                                         0.2.2  pyhd8ed1ab_1             conda-forge         
2025-01-20T14:42:23.9642460Z   + commonmark                                   0.9.1  py_0                     conda-forge         
2025-01-20T14:42:23.9642760Z   + coverage                                     7.5.3  py312h7e5086c_0          conda-forge         
2025-01-20T14:42:23.9643060Z   + dot2tex                                     2.11.3  pyhd8ed1ab_1             conda-forge         
2025-01-20T14:42:23.9643490Z   + fonttools                                   4.53.0  py312h7e5086c_0          conda-forge         
2025-01-20T14:42:23.9643790Z   + gmpy2                                        2.1.5  py312h524cf62_3          conda-forge         
2025-01-20T14:42:23.9644070Z   + h11                                         0.14.0  pyhd8ed1ab_1             conda-forge         
2025-01-20T14:42:23.9644350Z   + h2                                           4.1.0  pyhd8ed1ab_1             conda-forge         
2025-01-20T14:42:23.9644630Z   + hdf5                                        1.14.3  nompi_hec07895_105       conda-forge         
2025-01-20T14:42:23.9645110Z   + importlib-metadata                           7.1.0  pyha770c72_0             conda-forge         
2025-01-20T14:42:23.9645470Z   + importlib_resources                          6.4.0  pyhd8ed1ab_0             conda-forge         
2025-01-20T14:42:23.9645790Z   + jedi                                        0.19.1  pyhd8ed1ab_0             conda-forge         
2025-01-20T14:42:23.9646080Z   + jinja2                                       3.1.4  pyhd8ed1ab_1             conda-forge         
2025-01-20T14:42:23.9646390Z   + jupyter_core                                 5.7.2  pyh31011fe_1             conda-forge         
2025-01-20T14:42:23.9646730Z   + jupyterlab_pygments                          0.3.0  pyhd8ed1ab_2             conda-forge         
2025-01-20T14:42:23.9647070Z   + latexcodec                                   2.0.1  pyh9f0ad1d_0             conda-forge         
2025-01-20T14:42:23.9647370Z   + libblas                                      3.9.0  24_osxarm64_openblas     conda-forge         
2025-01-20T14:42:23.9647660Z   + libgd                                        2.3.3  hfdf3952_9               conda-forge         
2025-01-20T14:42:23.9647970Z   + linkify-it-py                                2.0.3  pyhd8ed1ab_1             conda-forge         
2025-01-20T14:42:23.9648300Z   + markdown-it-py                               3.0.0  pyhd8ed1ab_1             conda-forge         
2025-01-20T14:42:23.9648650Z   + matplotlib-inline                            0.1.7  pyhd8ed1ab_1             conda-forge         
2025-01-20T14:42:23.9648970Z   + overrides                                    7.7.0  pyhd8ed1ab_1             conda-forge         
2025-01-20T14:42:23.9649290Z   + pexpect                                      4.9.0  pyhd8ed1ab_1             conda-forge         
2025-01-20T14:42:23.9649580Z   + pillow                                      10.3.0  py312h39b1d8d_1          conda-forge         
2025-01-20T14:42:23.9649860Z   + pip                                         24.3.1  pyh8b19718_2             conda-forge         
2025-01-20T14:42:23.9650150Z   + plotly                                      5.22.0  pyhd8ed1ab_0             conda-forge         
2025-01-20T14:42:23.9650460Z   + prompt-toolkit                              3.0.47  pyha770c72_0             conda-forge         
2025-01-20T14:42:23.9650810Z   + pyobjc-core                                 10.3.1  py312hd24fc31_1          conda-forge         
2025-01-20T14:42:23.9651130Z   + pytest                                       8.2.2  pyhd8ed1ab_0             conda-forge         
2025-01-20T14:42:23.9651480Z   + python-dateutil                        2.9.0.post0  pyhff2d567_1             conda-forge         
2025-01-20T14:42:23.9651940Z   + pyviz_comms                                  3.0.4  pyhd8ed1ab_1             conda-forge         
2025-01-20T14:42:23.9652240Z   + pyzmq                                       26.0.3  py312hfa13136_0          conda-forge         
2025-01-20T14:42:23.9652550Z   + referencing                                 0.35.1  pyhd8ed1ab_1             conda-forge         
2025-01-20T14:42:23.9652890Z   + rfc3339-validator                            0.1.4  pyhd8ed1ab_1             conda-forge         
2025-01-20T14:42:23.9653210Z   + snakeviz                                     2.2.0  pyhd8ed1ab_0             conda-forge         
2025-01-20T14:42:23.9653610Z   + terminado                                   0.18.1  pyh31c8845_0             conda-forge         
2025-01-20T14:42:23.9653910Z   + tinycss2                                     1.3.0  pyhd8ed1ab_0             conda-forge         
2025-01-20T14:42:23.9654540Z   + tqdm                                        4.66.4  pyhd8ed1ab_0             conda-forge         
2025-01-20T14:42:23.9654860Z   + typing-extensions                           4.12.2  hd8ed1ab_1               conda-forge         
2025-01-20T14:42:23.9655220Z   + argon2-cffi-bindings                        21.2.0  py312h024a12e_5          conda-forge         
2025-01-20T14:42:23.9655550Z   + arrow                                        1.3.0  pyhd8ed1ab_1             conda-forge         
2025-01-20T14:42:23.9655850Z   + fqdn                                         1.5.1  pyhd8ed1ab_1             conda-forge         
2025-01-20T14:42:23.9656150Z   + harfbuzz                                     8.5.0  h1836168_0               conda-forge         
2025-01-20T14:42:23.9656450Z   + httpcore                                     1.0.5  pyhd8ed1ab_0             conda-forge         
2025-01-20T14:42:23.9656770Z   + importlib_metadata                           7.1.0  hd8ed1ab_0               conda-forge         
2025-01-20T14:42:23.9657150Z   + jsonschema-specifications                2023.12.1  pyhd8ed1ab_0             conda-forge         
2025-01-20T14:42:23.9657540Z   + jupyter_server_terminals                     0.5.3  pyhd8ed1ab_1             conda-forge         
2025-01-20T14:42:23.9657880Z   + libcblas                                     3.9.0  24_osxarm64_openblas     conda-forge         
2025-01-20T14:42:23.9658190Z   + liblapack                                    3.9.0  24_osxarm64_openblas     conda-forge         
2025-01-20T14:42:23.9658500Z   + markdown                                       3.6  pyhd8ed1ab_0             conda-forge         
2025-01-20T14:42:23.9658820Z   + mdit-py-plugins                              0.4.2  pyhd8ed1ab_1             conda-forge         
2025-01-20T14:42:23.9659120Z   + pbr                                          6.0.0  pyhd8ed1ab_0             conda-forge         
2025-01-20T14:42:23.9659410Z   + pybtex                                      0.24.0  pyhd8ed1ab_3             conda-forge         
2025-01-20T14:42:23.9659740Z   + pyobjc-framework-cocoa                      10.3.1  py312hd24fc31_1          conda-forge         
2025-01-20T14:42:23.9660090Z   + pytest-cov                                   5.0.0  pyhd8ed1ab_0             conda-forge         
2025-01-20T14:42:23.9660430Z   + pytest-doctestplus                           1.2.1  pyhd8ed1ab_0             conda-forge         
2025-01-20T14:42:23.9660770Z   + pytest-metadata                              3.1.1  pyhd8ed1ab_1             conda-forge         
2025-01-20T14:42:23.9661120Z   + setuptools-scm                               8.1.0  pyhd8ed1ab_1             conda-forge         
2025-01-20T14:42:23.9661440Z   + sqlalchemy                                  2.0.37  py312hea69d52_0          conda-forge         
2025-01-20T14:42:23.9661760Z   + stack_data                                   0.6.2  pyhd8ed1ab_0             conda-forge         
2025-01-20T14:42:23.9662090Z   + sympy                                       1.12.1  pypyh2585a3b_103         conda-forge         
2025-01-20T14:42:23.9664700Z   + watchfiles                                   1.0.4  py312hcd83bfe_0          conda-forge         
2025-01-20T14:42:23.9665590Z   + zstandard                                   0.23.0  py312h15fbf35_1          conda-forge         
2025-01-20T14:42:23.9666430Z   + argon2-cffi                                 23.1.0  pyhd8ed1ab_1             conda-forge         
2025-01-20T14:42:23.9667250Z   + httpx                                       0.27.0  pyhd8ed1ab_0             conda-forge         
2025-01-20T14:42:23.9668030Z   + ipython                                     8.25.0  pyh707e725_0             conda-forge         
2025-01-20T14:42:23.9668870Z   + isoduration                                20.11.0  pyhd8ed1ab_1             conda-forge         
2025-01-20T14:42:23.9670070Z   + jsonschema                                  4.22.0  pyhd8ed1ab_0             conda-forge         
2025-01-20T14:42:23.9670940Z   + jupyter_client                               8.6.2  pyhd8ed1ab_0             conda-forge         
2025-01-20T14:42:23.9672020Z   + numpy                                        2.0.2  py312h94ee1e1_1          conda-forge         
2025-01-20T14:42:23.9672950Z   + pango                                       1.54.0  h5cb9fbc_0               conda-forge         
2025-01-20T14:42:23.9674000Z   + pybtex-docutils                              1.0.3  py312h81bd7bf_2          conda-forge         
2025-01-20T14:42:23.9675480Z   + pytest-html                                  4.1.1  pyhd8ed1ab_1             conda-forge         
2025-01-20T14:42:23.9675840Z   + send2trash                                   1.8.3  pyh31c8845_1             conda-forge         
2025-01-20T14:42:23.9676180Z   + setuptools_scm                               8.1.0  hd8ed1ab_1               conda-forge         
2025-01-20T14:42:23.9676520Z   + sphinxcontrib-apidoc                         0.3.0  py_1                     conda-forge         
2025-01-20T14:42:23.9676860Z   + urllib3                                      2.2.2  pyhd8ed1ab_1             conda-forge         
2025-01-20T14:42:23.9677170Z   + contourpy                                    1.2.1  py312h0fef576_0          conda-forge         
2025-01-20T14:42:23.9677470Z   + gtk2                                       2.24.33  h7895bb2_4               conda-forge         
2025-01-20T14:42:23.9677750Z   + h5py                                        3.11.0  nompi_py312h3cd0824_103  conda-forge         
2025-01-20T14:42:23.9678050Z   + ipykernel                                   6.29.4  pyh57ce528_0             conda-forge         
2025-01-20T14:42:23.9678410Z   + jsonschema-with-format-nongpl               4.22.0  pyhd8ed1ab_0             conda-forge         
2025-01-20T14:42:23.9678770Z   + librsvg                                     2.58.1  hbc281fb_0               conda-forge         
2025-01-20T14:42:23.9679070Z   + nbformat                                    5.10.4  pyhd8ed1ab_1             conda-forge         
2025-01-20T14:42:23.9679370Z   + numba                                       0.60.0  py312h41cea2d_0          conda-forge         
2025-01-20T14:42:23.9679670Z   + numexpr                                     2.10.0  py312h8ae5369_0          conda-forge         
2025-01-20T14:42:23.9679970Z   + pandas                                       2.2.2  py312h8ae5369_1          conda-forge         
2025-01-20T14:42:23.9680260Z   + pyerfa                                     2.0.1.4  py312h755e627_2          conda-forge         
2025-01-20T14:42:23.9680550Z   + requests                                    2.32.3  pyhd8ed1ab_1             conda-forge         
2025-01-20T14:42:23.9680840Z   + scipy                                       1.13.1  py312h14ffa8f_0          conda-forge         
2025-01-20T14:42:23.9681140Z   + astropy                                      6.1.1  py312hbebd99a_1          conda-forge         
2025-01-20T14:42:23.9681440Z   + bokeh                                        3.6.2  pyhd8ed1ab_1             conda-forge         
2025-01-20T14:42:23.9682150Z   + graphviz                                    11.0.0  h9bb9bc9_0               conda-forge         
2025-01-20T14:42:23.9682460Z   + jupyter_events                              0.10.0  pyhd8ed1ab_1             conda-forge         
2025-01-20T14:42:23.9682790Z   + matplotlib-base                              3.8.4  py312h4479663_2          conda-forge         
2025-01-20T14:42:23.9683110Z   + nbclient                                    0.10.0  pyhd8ed1ab_0             conda-forge         
2025-01-20T14:42:23.9683410Z   + pytables                                    3.10.2  py312h2ca37b8_0          conda-forge         
2025-01-20T14:42:23.9683730Z   + jupyter-cache                                1.0.1  pyhff2d567_0             conda-forge         
2025-01-20T14:42:23.9684220Z   + nbconvert-core                              7.16.4  pyhd8ed1ab_3             conda-forge         
2025-01-20T14:42:23.9684540Z   + panel                                        1.5.5  pyhd8ed1ab_0             conda-forge         
2025-01-20T14:42:23.9684850Z   + pygraphviz                                    1.13  py312h5f4d302_1          conda-forge         
2025-01-20T14:42:23.9685180Z   + radioactivedecay                             0.5.1  pyhd8ed1ab_1             conda-forge         
2025-01-20T14:42:23.9685520Z   + jupyter_server                              2.14.1  pyhd8ed1ab_1             conda-forge         
2025-01-20T14:42:23.9685860Z   + nbconvert-pandoc                            7.16.4  hd8ed1ab_3               conda-forge         
2025-01-20T14:42:23.9686200Z   + jupyter-lsp                                  2.2.5  pyhd8ed1ab_1             conda-forge         
2025-01-20T14:42:23.9686530Z   + jupyterlab_server                           2.27.2  pyhd8ed1ab_0             conda-forge         
2025-01-20T14:42:23.9686850Z   + nbconvert                                   7.16.4  hd8ed1ab_3               conda-forge         
2025-01-20T14:42:23.9687170Z   + notebook-shim                                0.2.4  pyhd8ed1ab_1             conda-forge         
2025-01-20T14:42:23.9687500Z   + jupyterlab                                   4.2.2  pyhd8ed1ab_0             conda-forge         
2025-01-20T14:42:23.9687810Z   + nbclassic                                    1.1.0  pyhd8ed1ab_1             conda-forge         
2025-01-20T14:42:23.9688120Z   + notebook                                     7.2.1  pyhd8ed1ab_0             conda-forge         
2025-01-20T14:42:23.9688450Z   + widgetsnbextension                          3.6.10  pyhd8ed1ab_0             conda-forge         
2025-01-20T14:42:23.9688790Z   + ipywidgets                                   7.8.5  pyhd8ed1ab_0             conda-forge         
2025-01-20T14:42:23.9689090Z   + qgrid                                        1.3.1  pyhd8ed1ab_5             conda-forge         
2025-01-20T14:42:23.9689390Z   + myst-parser                                  4.0.0  pyhd8ed1ab_1             conda-forge         
2025-01-20T14:42:23.9689690Z   + myst-nb                                      1.1.2  pyhd8ed1ab_1             conda-forge         
2025-01-20T14:42:23.9689990Z   + nbsphinx                                     0.9.4  pyhd8ed1ab_0             conda-forge         
2025-01-20T14:42:23.9690290Z   + numpydoc                                     1.7.0  pyhd8ed1ab_3             conda-forge         
2025-01-20T14:42:23.9690620Z   + pydata-sphinx-theme                         0.15.4  pyhd8ed1ab_0             conda-forge         
2025-01-20T14:42:23.9690960Z   + recommonmark                                 0.7.1  pyhd8ed1ab_1             conda-forge         
2025-01-20T14:42:23.9691300Z   + sphinx-automodapi                           0.17.0  pyh717bed2_1             conda-forge         
2025-01-20T14:42:23.9691660Z   + sphinx-copybutton                            0.5.2  pyhd8ed1ab_1             conda-forge         
2025-01-20T14:42:23.9692000Z   + sphinx-design                                0.6.1  pyhd8ed1ab_2             conda-forge         
2025-01-20T14:42:23.9692430Z   + sphinx-gallery                              0.16.0  pyhd8ed1ab_0             conda-forge         
2025-01-20T14:42:23.9692770Z   + sphinx-jsonschema                           1.19.1  pyhd8ed1ab_1             conda-forge         
2025-01-20T14:42:23.9693140Z   + sphinxcontrib-applehelp                      1.0.8  pyhd8ed1ab_0             conda-forge         
2025-01-20T14:42:23.9693520Z   + sphinxcontrib-bibtex                         2.6.2  pyhd8ed1ab_0             conda-forge         
2025-01-20T14:42:23.9693880Z   + sphinxcontrib-devhelp                        1.0.6  pyhd8ed1ab_0             conda-forge         
2025-01-20T14:42:23.9694260Z   + sphinxcontrib-htmlhelp                       2.0.5  pyhd8ed1ab_0             conda-forge         
2025-01-20T14:42:23.9694690Z   + sphinxcontrib-jquery                           4.1  pyhd8ed1ab_1             conda-forge         
2025-01-20T14:42:23.9695040Z   + sphinx-astropy                               1.9.1  pyhd8ed1ab_1             conda-forge         
2025-01-20T14:42:23.9695380Z   + sphinx_rtd_theme                             2.0.0  pyha770c72_0             conda-forge         
2025-01-20T14:42:23.9695720Z   + sphinxcontrib-qthelp                         1.0.7  pyhd8ed1ab_0             conda-forge         
2025-01-20T14:42:23.9696240Z   + sphinx                                       7.3.7  pyhd8ed1ab_0             conda-forge         
2025-01-20T14:42:23.9696610Z   + sphinxcontrib-serializinghtml               1.1.10  pyhd8ed1ab_1             conda-forge         
2025-01-20T14:42:23.9697000Z   + sphinxext-rediraffe                          0.2.7  pyhd8ed1ab_2             conda-forge         
2025-01-20T14:42:23.9697310Z   + nbsite                                       0.8.7  py_0                     pyviz               
2025-01-20T14:42:23.9697500Z 
2025-01-20T14:42:23.9697550Z   Summary:
2025-01-20T14:42:23.9697620Z 
2025-01-20T14:42:23.9697670Z   Install: 334 packages
2025-01-20T14:42:23.9697770Z 
2025-01-20T14:42:23.9697810Z   Total download: 0 B
2025-01-20T14:42:23.9697910Z 
2025-01-20T14:42:23.9698320Z â”€â”€â”€â”€â”€â”€â”€â”€â”€â”€â”€â”€â”€â”€â”€â”€â”€â”€â”€â”€â”€â”€â”€â”€â”€â”€â”€â”€â”€â”€â”€â”€â”€â”€â”€â”€â”€â”€â”€â”€â”€â”€â”€â”€â”€â”€â”€â”€â”€â”€â”€â”€â”€â”€â”€â”€â”€â”€â”€â”€â”€â”€â”€â”€â”€â”€â”€â”€â”€â”€â”€â”€â”€â”€â”€â”€â”€â”€â”€â”€â”€â”€â”€â”€â”€â”€â”€â”€â”€â”€â”€â”€â”€â”€â”€â”€â”€â”€â”€â”€â”€â”€â”€
2025-01-20T14:42:23.9698560Z 
2025-01-20T14:42:23.9698570Z 
2025-01-20T14:42:23.9698570Z 
2025-01-20T14:42:23.9698620Z Transaction starting
2025-01-20T14:44:02.2066190Z 
2025-01-20T14:44:26.9948830Z 
2025-01-20T14:44:30.7272840Z 
2025-01-20T14:44:34.7156660Z 
2025-01-20T14:44:35.9271670Z 
2025-01-20T14:44:35.9276260Z Transaction finished
2025-01-20T14:44:35.9276790Z 
2025-01-20T14:44:35.9277040Z To activate this environment, use:
2025-01-20T14:44:35.9277390Z 
2025-01-20T14:44:35.9277690Z     micromamba activate tardis
2025-01-20T14:44:35.9277980Z 
2025-01-20T14:44:35.9278450Z Or to execute a single command in this environment, use:
2025-01-20T14:44:35.9278680Z 
2025-01-20T14:44:35.9278750Z     micromamba run -n tardis mycommand
2025-01-20T14:44:35.9278940Z 
2025-01-20T14:44:35.9424040Z ##[endgroup]
2025-01-20T14:44:35.9433950Z ##[group]Caching environment `tardis` in `/Users/runner/micromamba/envs/tardis` ...
2025-01-20T14:44:36.0127140Z [command]/opt/homebrew/bin/gtar --posix -cf cache.tzst --exclude cache.tzst -P -C /Users/runner/work/tardis/tardis --files-from manifest.txt --delay-directory-restore --use-compress-program zstdmt
2025-01-20T14:45:01.3656370Z ##[warning]Failed to save: Unable to reserve cache with key 1f7898d12df82be70a455ac3eee1e61c51099641f17ef4c9df652c7e5d89506a-osx-arm64-tardis-args-4f53cda-root-873f6fe-bin-[object Promise]-file-1f7898d12df82be70a455ac3eee1e61c51099641f17ef4c9df652c7e5d89506a, another job may be creating this cache. More details: Cache already exists. Scope: refs/pull/2872/merge, Key: 1f7898d12df82be70a455ac3eee1e61c51099641f17ef4c9df652c7e5d89506a-osx-arm64-tardis-args-4f53cda-root-873f6fe-bin-[object Promise]-file-1f7898d12df82be70a455ac3eee1e61c51099641f17ef4c9df652c7e5d89506a, Version: ea28f5e77afc08bd01e32ca4f8e010532117ed2c3398cda8051d3400b7e386dd
2025-01-20T14:45:01.3660220Z Saved cache with ID `-1`
2025-01-20T14:45:01.3669370Z ##[endgroup]
2025-01-20T14:45:01.3669600Z Adding environment tardis to auto-activate bash ...
2025-01-20T14:45:01.3670210Z Generating micromamba run shell.
2025-01-20T14:45:01.3671350Z ##[endgroup]
2025-01-20T14:45:01.3672260Z Set environment variables.
2025-01-20T14:45:01.3672980Z ##[group]micromamba info
2025-01-20T14:45:01.3674060Z [command]/Users/runner/micromamba-bin/micromamba info -r /Users/runner/micromamba -n tardis
2025-01-20T14:45:01.9055300Z 
2025-01-20T14:45:01.9061730Z        libmamba version : 1.5.10
2025-01-20T14:45:01.9062300Z      micromamba version : 1.5.10
2025-01-20T14:45:01.9062940Z            curl version : libcurl/8.10.1 (OpenSSL/3.3.2) SecureTransport zlib/1.3.1 zstd/1.5.6 libssh2/1.11.0 nghttp2/1.58.0
2025-01-20T14:45:01.9250230Z      libarchive version : libarchive 3.7.4 zlib/1.2.13 bz2lib/1.0.8 libzstd/1.5.6
2025-01-20T14:45:01.9251400Z        envs directories : /Users/runner/micromamba/envs
2025-01-20T14:45:01.9252240Z           package cache : /Users/runner/micromamba/pkgs
2025-01-20T14:45:01.9252950Z                           /Users/runner/.mamba/pkgs
2025-01-20T14:45:01.9253720Z             environment : tardis
2025-01-20T14:45:01.9254440Z            env location : /Users/runner/micromamba/envs/tardis
2025-01-20T14:45:01.9255140Z       user config files : /Users/runner/.mambarc
2025-01-20T14:45:01.9256170Z  populated config files : /Users/runner/work/_temp/setup-micromamba/.condarc
2025-01-20T14:45:01.9257110Z        virtual packages : __unix=0=0
2025-01-20T14:45:01.9257790Z                           __osx=14.7.2=0
2025-01-20T14:45:01.9259340Z                           __archspec=1=arm64
2025-01-20T14:45:01.9260620Z                channels : https://conda.anaconda.org/conda-forge/osx-arm64
2025-01-20T14:45:01.9261710Z                           https://conda.anaconda.org/conda-forge/noarch
2025-01-20T14:45:01.9262530Z        base environment : /Users/runner/micromamba
2025-01-20T14:45:01.9263190Z                platform : osx-arm64
2025-01-20T14:45:01.9264500Z ##[endgroup]
2025-01-20T14:45:01.9265800Z ##[group]micromamba list
2025-01-20T14:45:01.9267020Z [command]/Users/runner/micromamba-bin/micromamba list -r /Users/runner/micromamba -n tardis
2025-01-20T14:45:02.4498460Z List of packages in environment: "/Users/runner/micromamba/envs/tardis"
2025-01-20T14:45:02.4504530Z 
2025-01-20T14:45:02.4505570Z   Name                           Version              Build                    Channel    
2025-01-20T14:45:02.4510430Z â”€â”€â”€â”€â”€â”€â”€â”€â”€â”€â”€â”€â”€â”€â”€â”€â”€â”€â”€â”€â”€â”€â”€â”€â”€â”€â”€â”€â”€â”€â”€â”€â”€â”€â”€â”€â”€â”€â”€â”€â”€â”€â”€â”€â”€â”€â”€â”€â”€â”€â”€â”€â”€â”€â”€â”€â”€â”€â”€â”€â”€â”€â”€â”€â”€â”€â”€â”€â”€â”€â”€â”€â”€â”€â”€â”€â”€â”€â”€â”€â”€â”€â”€â”€â”€â”€â”€â”€â”€â”€â”€â”€
2025-01-20T14:45:02.4511360Z   accessible-pygments            0.0.5                pyhd8ed1ab_1             conda-forge
2025-01-20T14:45:02.4512060Z   alabaster                      0.7.16               pyhd8ed1ab_0             conda-forge
2025-01-20T14:45:02.4512640Z   anyio                          4.4.0                pyhd8ed1ab_0             conda-forge
2025-01-20T14:45:02.4513070Z   appnope                        0.1.4                pyhd8ed1ab_1             conda-forge
2025-01-20T14:45:02.4521960Z   argon2-cffi                    23.1.0               pyhd8ed1ab_1             conda-forge
2025-01-20T14:45:02.4522610Z   argon2-cffi-bindings           21.2.0               py312h024a12e_5          conda-forge
2025-01-20T14:45:02.4525060Z   arrow                          1.3.0                pyhd8ed1ab_1             conda-forge
2025-01-20T14:45:02.4527020Z   astropy                        6.1.1                py312hbebd99a_1          conda-forge
2025-01-20T14:45:02.4528860Z   astropy-iers-data              0.2024.6.17.0.31.35  pyhd8ed1ab_0             conda-forge
2025-01-20T14:45:02.4530340Z   astropy-sphinx-theme           1.1                  pyhd8ed1ab_1             conda-forge
2025-01-20T14:45:02.4531350Z   asttokens                      2.4.1                pyhd8ed1ab_0             conda-forge
2025-01-20T14:45:02.4531800Z   async-lru                      2.0.4                pyhd8ed1ab_1             conda-forge
2025-01-20T14:45:02.4532780Z   atk-1.0                        2.38.0               hd03087b_2               conda-forge
2025-01-20T14:45:02.4539760Z   attrs                          23.2.0               pyh71513ae_0             conda-forge
2025-01-20T14:45:02.4540600Z   babel                          2.14.0               pyhd8ed1ab_0             conda-forge
2025-01-20T14:45:02.4541420Z   beautifulsoup4                 4.12.3               pyha770c72_1             conda-forge
2025-01-20T14:45:02.4548090Z   bleach                         6.1.0                pyhd8ed1ab_0             conda-forge
2025-01-20T14:45:02.4552840Z   blosc                          1.21.6               h7dd00d9_1               conda-forge
2025-01-20T14:45:02.4554330Z   bokeh                          3.6.2                pyhd8ed1ab_1             conda-forge
2025-01-20T14:45:02.4555800Z   brotli                         1.1.0                hd74edd7_2               conda-forge
2025-01-20T14:45:02.4556800Z   brotli-bin                     1.1.0                hd74edd7_2               conda-forge
2025-01-20T14:45:02.4557350Z   brotli-python                  1.1.0                py312hde4cb15_2          conda-forge
2025-01-20T14:45:02.4557790Z   bzip2                          1.0.8                h99b78c6_7               conda-forge
2025-01-20T14:45:02.4558320Z   c-ares                         1.28.1               h93a5062_0               conda-forge
2025-01-20T14:45:02.4558830Z   c-blosc2                       2.15.2               h9cbb436_1               conda-forge
2025-01-20T14:45:02.4627520Z   ca-certificates                2024.12.14           hf0a4a13_0               conda-forge
2025-01-20T14:45:02.4628200Z   cached-property                1.5.2                hd8ed1ab_1               conda-forge
2025-01-20T14:45:02.4628600Z   cached_property                1.5.2                pyha770c72_1             conda-forge
2025-01-20T14:45:02.4629000Z   cairo                          1.18.0               hc6c324b_2               conda-forge
2025-01-20T14:45:02.4629350Z   certifi                        2024.12.14           pyhd8ed1ab_0             conda-forge
2025-01-20T14:45:02.4629700Z   cffi                           1.16.0               py312h8e38eb3_0          conda-forge
2025-01-20T14:45:02.4630150Z   charset-normalizer             3.3.2                pyhd8ed1ab_0             conda-forge
2025-01-20T14:45:02.4630500Z   click                          8.1.7                unix_pyh707e725_1        conda-forge
2025-01-20T14:45:02.4631990Z   codespell                      2.3.0                pyhd8ed1ab_1             conda-forge
2025-01-20T14:45:02.4634580Z   colorama                       0.4.6                pyhd8ed1ab_1             conda-forge
2025-01-20T14:45:02.4636810Z   comm                           0.2.2                pyhd8ed1ab_1             conda-forge
2025-01-20T14:45:02.4637240Z   commonmark                     0.9.1                py_0                     conda-forge
2025-01-20T14:45:02.4637590Z   contourpy                      1.2.1                py312h0fef576_0          conda-forge
2025-01-20T14:45:02.4637920Z   coverage                       7.5.3                py312h7e5086c_0          conda-forge
2025-01-20T14:45:02.4638280Z   cycler                         0.12.1               pyhd8ed1ab_1             conda-forge
2025-01-20T14:45:02.4638670Z   dataclasses                    0.8                  pyhc8e2a94_3             conda-forge
2025-01-20T14:45:02.4639060Z   debugpy                        1.8.1                py312h20a0b95_0          conda-forge
2025-01-20T14:45:02.4639380Z   decorator                      5.1.1                pyhd8ed1ab_1             conda-forge
2025-01-20T14:45:02.4639770Z   defusedxml                     0.7.1                pyhd8ed1ab_0             conda-forge
2025-01-20T14:45:02.4640120Z   docutils                       0.20.1               py312h81bd7bf_3          conda-forge
2025-01-20T14:45:02.4640430Z   dot2tex                        2.11.3               pyhd8ed1ab_1             conda-forge
2025-01-20T14:45:02.4640820Z   entrypoints                    0.4                  pyhd8ed1ab_1             conda-forge
2025-01-20T14:45:02.4641840Z   exceptiongroup                 1.2.0                pyhd8ed1ab_2             conda-forge
2025-01-20T14:45:02.4646180Z   executing                      2.0.1                pyhd8ed1ab_0             conda-forge
2025-01-20T14:45:02.4650820Z   expat                          2.6.2                hebf3989_0               conda-forge
2025-01-20T14:45:02.4651820Z   font-ttf-dejavu-sans-mono      2.37                 hab24e00_0               conda-forge
2025-01-20T14:45:02.4652690Z   font-ttf-inconsolata           3.000                h77eed37_0               conda-forge
2025-01-20T14:45:02.4653210Z   font-ttf-source-code-pro       2.038                h77eed37_0               conda-forge
2025-01-20T14:45:02.4654100Z   font-ttf-ubuntu                0.83                 h77eed37_3               conda-forge
2025-01-20T14:45:02.4654450Z   fontconfig                     2.14.2               h82840c6_0               conda-forge
2025-01-20T14:45:02.4654860Z   fonts-conda-ecosystem          1                    0                        conda-forge
2025-01-20T14:45:02.4655230Z   fonts-conda-forge              1                    0                        conda-forge
2025-01-20T14:45:02.4655590Z   fonttools                      4.53.0               py312h7e5086c_0          conda-forge
2025-01-20T14:45:02.4655960Z   fqdn                           1.5.1                pyhd8ed1ab_1             conda-forge
2025-01-20T14:45:02.4656290Z   freetype                       2.12.1               hadb7bae_2               conda-forge
2025-01-20T14:45:02.4656610Z   fribidi                        1.0.10               h27ca646_0               conda-forge
2025-01-20T14:45:02.4656980Z   future                         1.0.0                pyhd8ed1ab_1             conda-forge
2025-01-20T14:45:02.4657300Z   gdk-pixbuf                     2.42.12              h7ddc832_0               conda-forge
2025-01-20T14:45:02.4657680Z   gettext                        0.22.5               h8414b35_3               conda-forge
2025-01-20T14:45:02.4658020Z   gettext-tools                  0.22.5               h8414b35_3               conda-forge
2025-01-20T14:45:02.4658340Z   giflib                         5.2.2                h93a5062_0               conda-forge
2025-01-20T14:45:02.4658760Z   git-lfs                        3.5.1                h40ddcf5_1               conda-forge
2025-01-20T14:45:02.4659070Z   gmp                            6.3.0                h7bae524_2               conda-forge
2025-01-20T14:45:02.4659380Z   gmpy2                          2.1.5                py312h524cf62_3          conda-forge
2025-01-20T14:45:02.4659750Z   graphite2                      1.3.13               hebf3989_1003            conda-forge
2025-01-20T14:45:02.4660090Z   graphviz                       11.0.0               h9bb9bc9_0               conda-forge
2025-01-20T14:45:02.4660440Z   greenlet                       3.1.1                py312hd8f9ff3_1          conda-forge
2025-01-20T14:45:02.4660810Z   gtk2                           2.24.33              h7895bb2_4               conda-forge
2025-01-20T14:45:02.4661100Z   gts                            0.7.6                he42f4ea_4               conda-forge
2025-01-20T14:45:02.4661400Z   h11                            0.14.0               pyhd8ed1ab_1             conda-forge
2025-01-20T14:45:02.4661750Z   h2                             4.1.0                pyhd8ed1ab_1             conda-forge
2025-01-20T14:45:02.4662070Z   h5py                           3.11.0               nompi_py312h3cd0824_103  conda-forge
2025-01-20T14:45:02.4662400Z   harfbuzz                       8.5.0                h1836168_0               conda-forge
2025-01-20T14:45:02.4662770Z   hdf5                           1.14.3               nompi_hec07895_105       conda-forge
2025-01-20T14:45:02.4663070Z   hpack                          4.0.0                pyhd8ed1ab_1             conda-forge
2025-01-20T14:45:02.4663390Z   httpcore                       1.0.5                pyhd8ed1ab_0             conda-forge
2025-01-20T14:45:02.4664010Z   httpx                          0.27.0               pyhd8ed1ab_0             conda-forge
2025-01-20T14:45:02.4664340Z   hyperframe                     6.0.1                pyhd8ed1ab_1             conda-forge
2025-01-20T14:45:02.4664700Z   icu                            73.2                 hc8870d7_0               conda-forge
2025-01-20T14:45:02.4664990Z   idna                           3.7                  pyhd8ed1ab_0             conda-forge
2025-01-20T14:45:02.4665310Z   imagesize                      1.4.1                pyhd8ed1ab_0             conda-forge
2025-01-20T14:45:02.4665740Z   importlib-metadata             7.1.0                pyha770c72_0             conda-forge
2025-01-20T14:45:02.4666240Z   importlib_metadata             7.1.0                hd8ed1ab_0               conda-forge
2025-01-20T14:45:02.4666610Z   importlib_resources            6.4.0                pyhd8ed1ab_0             conda-forge
2025-01-20T14:45:02.4667050Z   iniconfig                      2.0.0                pyhd8ed1ab_1             conda-forge
2025-01-20T14:45:02.4667400Z   ipykernel                      6.29.4               pyh57ce528_0             conda-forge
2025-01-20T14:45:02.4667770Z   ipython                        8.25.0               pyh707e725_0             conda-forge
2025-01-20T14:45:02.4668210Z   ipython_genutils               0.2.0                pyhd8ed1ab_2             conda-forge
2025-01-20T14:45:02.4668590Z   ipywidgets                     7.8.5                pyhd8ed1ab_0             conda-forge
2025-01-20T14:45:02.4668980Z   isoduration                    20.11.0              pyhd8ed1ab_1             conda-forge
2025-01-20T14:45:02.4669370Z   jedi                           0.19.1               pyhd8ed1ab_0             conda-forge
2025-01-20T14:45:02.4669710Z   jinja2                         3.1.4                pyhd8ed1ab_1             conda-forge
2025-01-20T14:45:02.4670040Z   json5                          0.9.25               pyhd8ed1ab_0             conda-forge
2025-01-20T14:45:02.4670460Z   jsonpointer                    3.0.0                py312h81bd7bf_1          conda-forge
2025-01-20T14:45:02.4670840Z   jsonschema                     4.22.0               pyhd8ed1ab_0             conda-forge
2025-01-20T14:45:02.4671270Z   jsonschema-specifications      2023.12.1            pyhd8ed1ab_0             conda-forge
2025-01-20T14:45:02.4671760Z   jsonschema-with-format-nongpl  4.22.0               pyhd8ed1ab_0             conda-forge
2025-01-20T14:45:02.4672200Z   jupyter-cache                  1.0.1                pyhff2d567_0             conda-forge
2025-01-20T14:45:02.4672920Z   jupyter-lsp                    2.2.5                pyhd8ed1ab_1             conda-forge
2025-01-20T14:45:02.4674220Z   jupyter_client                 8.6.2                pyhd8ed1ab_0             conda-forge
2025-01-20T14:45:02.4675180Z   jupyter_core                   5.7.2                pyh31011fe_1             conda-forge
2025-01-20T14:45:02.4676090Z   jupyter_events                 0.10.0               pyhd8ed1ab_1             conda-forge
2025-01-20T14:45:02.4678920Z   jupyter_server                 2.14.1               pyhd8ed1ab_1             conda-forge
2025-01-20T14:45:02.4680190Z   jupyter_server_terminals       0.5.3                pyhd8ed1ab_1             conda-forge
2025-01-20T14:45:02.4680630Z   jupyterlab                     4.2.2                pyhd8ed1ab_0             conda-forge
2025-01-20T14:45:02.4681020Z   jupyterlab_pygments            0.3.0                pyhd8ed1ab_2             conda-forge
2025-01-20T14:45:02.4681630Z   jupyterlab_server              2.27.2               pyhd8ed1ab_0             conda-forge
2025-01-20T14:45:02.4682210Z   jupyterlab_widgets             1.1.11               pyhd8ed1ab_0             conda-forge
2025-01-20T14:45:02.4682680Z   kiwisolver                     1.4.5                py312h6142ec9_2          conda-forge
2025-01-20T14:45:02.4683170Z   krb5                           1.21.2               h92f50d5_0               conda-forge
2025-01-20T14:45:02.4684010Z   latexcodec                     2.0.1                pyh9f0ad1d_0             conda-forge
2025-01-20T14:45:02.4684410Z   lcms2                          2.16                 ha0e7c42_0               conda-forge
2025-01-20T14:45:02.4684730Z   lerc                           4.0.0                h9a09cb3_0               conda-forge
2025-01-20T14:45:02.4685030Z   libaec                         1.1.3                hebf3989_0               conda-forge
2025-01-20T14:45:02.4685580Z   libasprintf                    0.22.5               h8414b35_3               conda-forge
2025-01-20T14:45:02.4686030Z   libasprintf-devel              0.22.5               h8414b35_3               conda-forge
2025-01-20T14:45:02.4686660Z   libblas                        3.9.0                24_osxarm64_openblas     conda-forge
2025-01-20T14:45:02.4687020Z   libbrotlicommon                1.1.0                hd74edd7_2               conda-forge
2025-01-20T14:45:02.4687420Z   libbrotlidec                   1.1.0                hd74edd7_2               conda-forge
2025-01-20T14:45:02.4687770Z   libbrotlienc                   1.1.0                hd74edd7_2               conda-forge
2025-01-20T14:45:02.4688120Z   libcblas                       3.9.0                24_osxarm64_openblas     conda-forge
2025-01-20T14:45:02.4688540Z   libcurl                        8.8.0                h7b6f9a7_0               conda-forge
2025-01-20T14:45:02.4688850Z   libcxx                         19.1.7               ha82da77_0               conda-forge
2025-01-20T14:45:02.4689180Z   libdeflate                     1.20                 h93a5062_0               conda-forge
2025-01-20T14:45:02.4689580Z   libedit                        3.1.20191231         hc8eb9b7_2               conda-forge
2025-01-20T14:45:02.4689910Z   libev                          4.33                 h93a5062_2               conda-forge
2025-01-20T14:45:02.4690220Z   libexpat                       2.6.2                hebf3989_0               conda-forge
2025-01-20T14:45:02.4690610Z   libffi                         3.4.2                h3422bc3_5               conda-forge
2025-01-20T14:45:02.4690920Z   libgd                          2.3.3                hfdf3952_9               conda-forge
2025-01-20T14:45:02.4691260Z   libgettextpo                   0.22.5               h8414b35_3               conda-forge
2025-01-20T14:45:02.4691690Z   libgettextpo-devel             0.22.5               h8414b35_3               conda-forge
2025-01-20T14:45:02.4692060Z   libgfortran                    5.0.0                13_2_0_hd922786_3        conda-forge
2025-01-20T14:45:02.4692400Z   libgfortran5                   13.2.0               hf226fd6_3               conda-forge
2025-01-20T14:45:02.4692830Z   libglib                        2.80.2               h59d46d9_1               conda-forge
2025-01-20T14:45:02.4693140Z   libiconv                       1.17                 h0d3ecfb_2               conda-forge
2025-01-20T14:45:02.4693510Z   libintl                        0.22.5               h8414b35_3               conda-forge
2025-01-20T14:45:02.4693880Z   libintl-devel                  0.22.5               h8414b35_3               conda-forge
2025-01-20T14:45:02.4694260Z   libjpeg-turbo                  3.0.0                hb547adb_1               conda-forge
2025-01-20T14:45:02.4694660Z   liblapack                      3.9.0                24_osxarm64_openblas     conda-forge
2025-01-20T14:45:02.4695010Z   libllvm14                      14.0.6               hd1a9a77_4               conda-forge
2025-01-20T14:45:02.4695350Z   libnghttp2                     1.58.0               ha4dd798_1               conda-forge
2025-01-20T14:45:02.4695810Z   libopenblas                    0.3.27               openmp_h517c56d_1        conda-forge
2025-01-20T14:45:02.4696160Z   libpng                         1.6.43               h091b4b1_0               conda-forge
2025-01-20T14:45:02.4696490Z   librsvg                        2.58.1               hbc281fb_0               conda-forge
2025-01-20T14:45:02.4697060Z   libsodium                      1.0.18               h27ca646_1               conda-forge
2025-01-20T14:45:02.4697410Z   libsqlite                      3.46.0               hfb93653_0               conda-forge
2025-01-20T14:45:02.4697740Z   libssh2                        1.11.0               h7a5bd25_0               conda-forge
2025-01-20T14:45:02.4698120Z   libtiff                        4.6.0                h07db509_3               conda-forge
2025-01-20T14:45:02.4698440Z   libwebp                        1.4.0                h54798ee_0               conda-forge
2025-01-20T14:45:02.4698770Z   libwebp-base                   1.4.0                h93a5062_0               conda-forge
2025-01-20T14:45:02.4699270Z   libxcb                         1.16                 hc9fafa5_1               conda-forge
2025-01-20T14:45:02.4699590Z   libxml2                        2.12.7               h9a80f22_3               conda-forge
2025-01-20T14:45:02.4699920Z   libxslt                        1.1.39               h223e5b9_0               conda-forge
2025-01-20T14:45:02.4700310Z   libzlib                        1.3.1                h8359307_2               conda-forge
2025-01-20T14:45:02.4700650Z   linkify-it-py                  2.0.3                pyhd8ed1ab_1             conda-forge
2025-01-20T14:45:02.4701030Z   llvm-openmp                    18.1.7               hde57baf_0               conda-forge
2025-01-20T14:45:02.4701430Z   llvmlite                       0.43.0               py312ha9ca408_1          conda-forge
2025-01-20T14:45:02.4701760Z   lxml                           5.2.2                py312h0e5ab22_0          conda-forge
2025-01-20T14:45:02.4702120Z   lz4-c                          1.10.0               h286801f_1               conda-forge
2025-01-20T14:45:02.4702440Z   markdown                       3.6                  pyhd8ed1ab_0             conda-forge
2025-01-20T14:45:02.4702830Z   markdown-it-py                 3.0.0                pyhd8ed1ab_1             conda-forge
2025-01-20T14:45:02.4703230Z   markupsafe                     2.1.5                py312h024a12e_1          conda-forge
2025-01-20T14:45:02.4703580Z   matplotlib-base                3.8.4                py312h4479663_2          conda-forge
2025-01-20T14:45:02.4703950Z   matplotlib-inline              0.1.7                pyhd8ed1ab_1             conda-forge
2025-01-20T14:45:02.4704430Z   mdit-py-plugins                0.4.2                pyhd8ed1ab_1             conda-forge
2025-01-20T14:45:02.4704800Z   mdurl                          0.1.2                pyhd8ed1ab_1             conda-forge
2025-01-20T14:45:02.4705140Z   mistune                        3.0.2                pyhd8ed1ab_1             conda-forge
2025-01-20T14:45:02.4705500Z   mpc                            1.3.1                h8f1351a_1               conda-forge
2025-01-20T14:45:02.4705800Z   mpfr                           4.2.1                hb693164_3               conda-forge
2025-01-20T14:45:02.4706130Z   mpmath                         1.3.0                pyhd8ed1ab_1             conda-forge
2025-01-20T14:45:02.4706500Z   munkres                        1.1.4                pyh9f0ad1d_0             conda-forge
2025-01-20T14:45:02.4706850Z   mypy_extensions                1.0.0                pyha770c72_1             conda-forge
2025-01-20T14:45:02.4707200Z   myst-nb                        1.1.2                pyhd8ed1ab_1             conda-forge
2025-01-20T14:45:02.4707600Z   myst-parser                    4.0.0                pyhd8ed1ab_1             conda-forge
2025-01-20T14:45:02.4707940Z   nbclassic                      1.1.0                pyhd8ed1ab_1             conda-forge
2025-01-20T14:45:02.4708270Z   nbclient                       0.10.0               pyhd8ed1ab_0             conda-forge
2025-01-20T14:45:02.4708660Z   nbconvert                      7.16.4               hd8ed1ab_3               conda-forge
2025-01-20T14:45:02.4709000Z   nbconvert-core                 7.16.4               pyhd8ed1ab_3             conda-forge
2025-01-20T14:45:02.4716220Z   nbconvert-pandoc               7.16.4               hd8ed1ab_3               conda-forge
2025-01-20T14:45:02.4717450Z   nbformat                       5.10.4               pyhd8ed1ab_1             conda-forge
2025-01-20T14:45:02.4718910Z   nbsite                         0.8.7                py_0                     pyviz      
2025-01-20T14:45:02.4719320Z   nbsphinx                       0.9.4                pyhd8ed1ab_0             conda-forge
2025-01-20T14:45:02.4719660Z   ncurses                        6.5                  h5e97a16_2               conda-forge
2025-01-20T14:45:02.4719990Z   nest-asyncio                   1.6.0                pyhd8ed1ab_1             conda-forge
2025-01-20T14:45:02.4720380Z   networkx                       3.3                  pyhd8ed1ab_1             conda-forge
2025-01-20T14:45:02.4721250Z   notebook                       7.2.1                pyhd8ed1ab_0             conda-forge
2025-01-20T14:45:02.4721600Z   notebook-shim                  0.2.4                pyhd8ed1ab_1             conda-forge
2025-01-20T14:45:02.4754860Z   numba                          0.60.0               py312h41cea2d_0          conda-forge
2025-01-20T14:45:02.4755320Z   numexpr                        2.10.0               py312h8ae5369_0          conda-forge
2025-01-20T14:45:02.4755700Z   numpy                          2.0.2                py312h94ee1e1_1          conda-forge
2025-01-20T14:45:02.4756100Z   numpydoc                       1.7.0                pyhd8ed1ab_3             conda-forge
2025-01-20T14:45:02.4756840Z   openjpeg                       2.5.2                h9f1df11_0               conda-forge
2025-01-20T14:45:02.4757410Z   openssl                        3.4.0                h81ee809_1               conda-forge
2025-01-20T14:45:02.4757870Z   overrides                      7.7.0                pyhd8ed1ab_1             conda-forge
2025-01-20T14:45:02.4758160Z   packaging                      24.1                 pyhd8ed1ab_0             conda-forge
2025-01-20T14:45:02.4758580Z   pandas                         2.2.2                py312h8ae5369_1          conda-forge
2025-01-20T14:45:02.4758990Z   pandoc                         3.2.1                hce30654_0               conda-forge
2025-01-20T14:45:02.4759320Z   pandocfilters                  1.5.0                pyhd8ed1ab_0             conda-forge
2025-01-20T14:45:02.4759660Z   panel                          1.5.5                pyhd8ed1ab_0             conda-forge
2025-01-20T14:45:02.4760010Z   pango                          1.54.0               h5cb9fbc_0               conda-forge
2025-01-20T14:45:02.4760320Z   param                          2.2.0                pyhd8ed1ab_0             conda-forge
2025-01-20T14:45:02.4760640Z   parso                          0.8.4                pyhd8ed1ab_1             conda-forge
2025-01-20T14:45:02.4761040Z   pathspec                       0.12.1               pyhd8ed1ab_1             conda-forge
2025-01-20T14:45:02.4761390Z   pbr                            6.0.0                pyhd8ed1ab_0             conda-forge
2025-01-20T14:45:02.4761720Z   pcre2                          10.44                h297a79d_2               conda-forge
2025-01-20T14:45:02.4762000Z   pexpect                        4.9.0                pyhd8ed1ab_1             conda-forge
2025-01-20T14:45:02.4762310Z   pickleshare                    0.7.5                pyhd8ed1ab_1004          conda-forge
2025-01-20T14:45:02.4762740Z   pillow                         10.3.0               py312h39b1d8d_1          conda-forge
2025-01-20T14:45:02.4763050Z   pip                            24.3.1               pyh8b19718_2             conda-forge
2025-01-20T14:45:02.4763310Z   pixman                         0.43.4               hebf3989_0               conda-forge
2025-01-20T14:45:02.4763680Z   pkgutil-resolve-name           1.3.10               pyhd8ed1ab_2             conda-forge
2025-01-20T14:45:02.4764040Z   platformdirs                   4.2.2                pyhd8ed1ab_0             conda-forge
2025-01-20T14:45:02.4765020Z   plotly                         5.22.0               pyhd8ed1ab_0             conda-forge
2025-01-20T14:45:02.4765330Z   pluggy                         1.5.0                pyhd8ed1ab_1             conda-forge
2025-01-20T14:45:02.4765620Z   portalocker                    3.0.0                py312h81bd7bf_0          conda-forge
2025-01-20T14:45:02.4765940Z   prometheus_client              0.20.0               pyhd8ed1ab_0             conda-forge
2025-01-20T14:45:02.4766250Z   prompt-toolkit                 3.0.47               pyha770c72_0             conda-forge
2025-01-20T14:45:02.4766910Z   psutil                         5.9.8                py312he37b823_0          conda-forge
2025-01-20T14:45:02.4768100Z   pthread-stubs                  0.4                  hd74edd7_1002            conda-forge
2025-01-20T14:45:02.4768790Z   ptyprocess                     0.7.0                pyhd8ed1ab_1             conda-forge
2025-01-20T14:45:02.4770400Z   pure_eval                      0.2.2                pyhd8ed1ab_0             conda-forge
2025-01-20T14:45:02.4771130Z   py-cpuinfo                     9.0.0                pyhd8ed1ab_1             conda-forge
2025-01-20T14:45:02.4771430Z   pybtex                         0.24.0               pyhd8ed1ab_3             conda-forge
2025-01-20T14:45:02.4771730Z   pybtex-docutils                1.0.3                py312h81bd7bf_2          conda-forge
2025-01-20T14:45:02.4772030Z   pycparser                      2.22                 pyh29332c3_1             conda-forge
2025-01-20T14:45:02.4772340Z   pydata-sphinx-theme            0.15.4               pyhd8ed1ab_0             conda-forge
2025-01-20T14:45:02.4772640Z   pyerfa                         2.0.1.4              py312h755e627_2          conda-forge
2025-01-20T14:45:02.4772920Z   pygments                       2.18.0               pyhd8ed1ab_1             conda-forge
2025-01-20T14:45:02.4773210Z   pygraphviz                     1.13                 py312h5f4d302_1          conda-forge
2025-01-20T14:45:02.4773510Z   pyobjc-core                    10.3.1               py312hd24fc31_1          conda-forge
2025-01-20T14:45:02.4773920Z   pyobjc-framework-cocoa         10.3.1               py312hd24fc31_1          conda-forge
2025-01-20T14:45:02.4774240Z   pyparsing                      3.1.2                pyhd8ed1ab_0             conda-forge
2025-01-20T14:45:02.4774510Z   pysocks                        1.7.1                pyha55dd90_7             conda-forge
2025-01-20T14:45:02.4774790Z   pytables                       3.10.2               py312h2ca37b8_0          conda-forge
2025-01-20T14:45:02.4775190Z   pytest                         8.2.2                pyhd8ed1ab_0             conda-forge
2025-01-20T14:45:02.4775500Z   pytest-cov                     5.0.0                pyhd8ed1ab_0             conda-forge
2025-01-20T14:45:02.4775830Z   pytest-doctestplus             1.2.1                pyhd8ed1ab_0             conda-forge
2025-01-20T14:45:02.4776140Z   pytest-html                    4.1.1                pyhd8ed1ab_1             conda-forge
2025-01-20T14:45:02.4776460Z   pytest-metadata                3.1.1                pyhd8ed1ab_1             conda-forge
2025-01-20T14:45:02.4776760Z   python                         3.12.4               h30c5eda_0_cpython       conda-forge
2025-01-20T14:45:02.4777060Z   python-dateutil                2.9.0.post0          pyhff2d567_1             conda-forge
2025-01-20T14:45:02.4777400Z   python-fastjsonschema          2.20.0               pyhd8ed1ab_0             conda-forge
2025-01-20T14:45:02.4777740Z   python-json-logger             2.0.7                pyhd8ed1ab_0             conda-forge
2025-01-20T14:45:02.4778060Z   python-tzdata                  2024.1               pyhd8ed1ab_0             conda-forge
2025-01-20T14:45:02.4778360Z   python_abi                     3.12                 5_cp312                  conda-forge
2025-01-20T14:45:02.4778630Z   pytz                           2024.1               pyhd8ed1ab_0             conda-forge
2025-01-20T14:45:02.4778910Z   pyviz_comms                    3.0.4                pyhd8ed1ab_1             conda-forge
2025-01-20T14:45:02.4779390Z   pyyaml                         6.0.1                py312h02f2b3b_1          conda-forge
2025-01-20T14:45:02.4780540Z   pyzmq                          26.0.3               py312hfa13136_0          conda-forge
2025-01-20T14:45:02.4780830Z   qgrid                          1.3.1                pyhd8ed1ab_5             conda-forge
2025-01-20T14:45:02.4781130Z   radioactivedecay               0.5.1                pyhd8ed1ab_1             conda-forge
2025-01-20T14:45:02.4781420Z   readline                       8.2                  h92ec313_1               conda-forge
2025-01-20T14:45:02.4781700Z   recommonmark                   0.7.1                pyhd8ed1ab_1             conda-forge
2025-01-20T14:45:02.4782180Z   referencing                    0.35.1               pyhd8ed1ab_1             conda-forge
2025-01-20T14:45:02.4782470Z   requests                       2.32.3               pyhd8ed1ab_1             conda-forge
2025-01-20T14:45:02.4782790Z   rfc3339-validator              0.1.4                pyhd8ed1ab_1             conda-forge
2025-01-20T14:45:02.4783940Z   rfc3986-validator              0.1.1                pyh9f0ad1d_0             conda-forge
2025-01-20T14:45:02.4785230Z   rpds-py                        0.18.1               py312h552d48e_0          conda-forge
2025-01-20T14:45:02.4785730Z   ruff                           0.4.9                py312h3402d49_0          conda-forge
2025-01-20T14:45:02.4786010Z   scipy                          1.13.1               py312h14ffa8f_0          conda-forge
2025-01-20T14:45:02.4786290Z   send2trash                     1.8.3                pyh31c8845_1             conda-forge
2025-01-20T14:45:02.4786580Z   setuptools                     70.0.0               pyhd8ed1ab_0             conda-forge
2025-01-20T14:45:02.4787150Z   setuptools-scm                 8.1.0                pyhd8ed1ab_1             conda-forge
2025-01-20T14:45:02.4787470Z   setuptools_scm                 8.1.0                hd8ed1ab_1               conda-forge
2025-01-20T14:45:02.4787750Z   six                            1.16.0               pyhd8ed1ab_1             conda-forge
2025-01-20T14:45:02.4788020Z   snakeviz                       2.2.0                pyhd8ed1ab_0             conda-forge
2025-01-20T14:45:02.4788290Z   snappy                         1.2.1                h98b9ce2_1               conda-forge
2025-01-20T14:45:02.4789130Z   sniffio                        1.3.1                pyhd8ed1ab_1             conda-forge
2025-01-20T14:45:02.4790390Z   snowballstemmer                2.2.0                pyhd8ed1ab_0             conda-forge
2025-01-20T14:45:02.4790750Z   soupsieve                      2.5                  pyhd8ed1ab_1             conda-forge
2025-01-20T14:45:02.4791030Z   sphinx                         7.3.7                pyhd8ed1ab_0             conda-forge
2025-01-20T14:45:02.4791320Z   sphinx-astropy                 1.9.1                pyhd8ed1ab_1             conda-forge
2025-01-20T14:45:02.4791660Z   sphinx-automodapi              0.17.0               pyh717bed2_1             conda-forge
2025-01-20T14:45:02.4792870Z   sphinx-copybutton              0.5.2                pyhd8ed1ab_1             conda-forge
2025-01-20T14:45:02.4793200Z   sphinx-design                  0.6.1                pyhd8ed1ab_2             conda-forge
2025-01-20T14:45:02.4793520Z   sphinx-gallery                 0.16.0               pyhd8ed1ab_0             conda-forge
2025-01-20T14:45:02.4793830Z   sphinx-jsonschema              1.19.1               pyhd8ed1ab_1             conda-forge
2025-01-20T14:45:02.4794160Z   sphinx_bootstrap_theme         0.8.1                pyhd8ed1ab_1             conda-forge
2025-01-20T14:45:02.4794480Z   sphinx_rtd_theme               2.0.0                pyha770c72_0             conda-forge
2025-01-20T14:45:02.4795700Z   sphinxcontrib-apidoc           0.3.0                py_1                     conda-forge
2025-01-20T14:45:02.4796050Z   sphinxcontrib-applehelp        1.0.8                pyhd8ed1ab_0             conda-forge
2025-01-20T14:45:02.4796710Z   sphinxcontrib-bibtex           2.6.2                pyhd8ed1ab_0             conda-forge
2025-01-20T14:45:02.4797070Z   sphinxcontrib-devhelp          1.0.6                pyhd8ed1ab_0             conda-forge
2025-01-20T14:45:02.4797420Z   sphinxcontrib-htmlhelp         2.0.5                pyhd8ed1ab_0             conda-forge
2025-01-20T14:45:02.4797770Z   sphinxcontrib-jquery           4.1                  pyhd8ed1ab_1             conda-forge
2025-01-20T14:45:02.4798110Z   sphinxcontrib-jsmath           1.0.1                pyhd8ed1ab_1             conda-forge
2025-01-20T14:45:02.4798450Z   sphinxcontrib-qthelp           1.0.7                pyhd8ed1ab_0             conda-forge
2025-01-20T14:45:02.4799030Z   sphinxcontrib-serializinghtml  1.1.10               pyhd8ed1ab_1             conda-forge
2025-01-20T14:45:02.4799390Z   sphinxext-rediraffe            0.2.7                pyhd8ed1ab_2             conda-forge
2025-01-20T14:45:02.4799720Z   sqlalchemy                     2.0.37               py312hea69d52_0          conda-forge
2025-01-20T14:45:02.4801290Z   stack_data                     0.6.2                pyhd8ed1ab_0             conda-forge
2025-01-20T14:45:02.4801780Z   sympy                          1.12.1               pypyh2585a3b_103         conda-forge
2025-01-20T14:45:02.4802070Z   tabulate                       0.9.0                pyhd8ed1ab_2             conda-forge
2025-01-20T14:45:02.4802350Z   tenacity                       8.4.1                pyhd8ed1ab_0             conda-forge
2025-01-20T14:45:02.4802630Z   terminado                      0.18.1               pyh31c8845_0             conda-forge
2025-01-20T14:45:02.4803790Z   tinycss2                       1.3.0                pyhd8ed1ab_0             conda-forge
2025-01-20T14:45:02.4804060Z   tk                             8.6.13               h5083fa2_1               conda-forge
2025-01-20T14:45:02.4804310Z   toml                           0.10.2               pyhd8ed1ab_1             conda-forge
2025-01-20T14:45:02.4804650Z   tomli                          2.0.1                pyhd8ed1ab_0             conda-forge
2025-01-20T14:45:02.4804950Z   tornado                        6.4.1                py312h024a12e_1          conda-forge
2025-01-20T14:45:02.4805210Z   tqdm                           4.66.4               pyhd8ed1ab_0             conda-forge
2025-01-20T14:45:02.4805480Z   traitlets                      5.14.3               pyhd8ed1ab_1             conda-forge
2025-01-20T14:45:02.4805760Z   typed-ast                      1.5.5                py312h02f2b3b_1          conda-forge
2025-01-20T14:45:02.4806080Z   types-python-dateutil          2.9.0.20240316       pyhd8ed1ab_0             conda-forge
2025-01-20T14:45:02.4806430Z   typing-extensions              4.12.2               hd8ed1ab_1               conda-forge
2025-01-20T14:45:02.4806760Z   typing_extensions              4.12.2               pyha770c72_1             conda-forge
2025-01-20T14:45:02.4807070Z   typing_utils                   0.1.0                pyhd8ed1ab_1             conda-forge
2025-01-20T14:45:02.4807350Z   tzdata                         2024a                h8827d51_1               conda-forge
2025-01-20T14:45:02.4807630Z   uc-micro-py                    1.0.3                pyhd8ed1ab_1             conda-forge
2025-01-20T14:45:02.4807920Z   uri-template                   1.3.0                pyhd8ed1ab_1             conda-forge
2025-01-20T14:45:02.4808200Z   urllib3                        2.2.2                pyhd8ed1ab_1             conda-forge
2025-01-20T14:45:02.4808480Z   watchfiles                     1.0.4                py312hcd83bfe_0          conda-forge
2025-01-20T14:45:02.4808760Z   wcwidth                        0.2.13               pyhd8ed1ab_1             conda-forge
2025-01-20T14:45:02.4809040Z   webcolors                      24.6.0               pyhd8ed1ab_0             conda-forge
2025-01-20T14:45:02.4810310Z   webencodings                   0.5.1                pyhd8ed1ab_3             conda-forge
2025-01-20T14:45:02.4810850Z   websocket-client               1.8.0                pyhd8ed1ab_1             conda-forge
2025-01-20T14:45:02.4811150Z   wheel                          0.43.0               pyhd8ed1ab_1             conda-forge
2025-01-20T14:45:02.4811450Z   widgetsnbextension             3.6.10               pyhd8ed1ab_0             conda-forge
2025-01-20T14:45:02.4811890Z   xorg-libxau                    1.0.11               hd74edd7_1               conda-forge
2025-01-20T14:45:02.4812210Z   xorg-libxdmcp                  1.1.3                hd74edd7_2               conda-forge
2025-01-20T14:45:02.4812510Z   xyzservices                    2025.1.0             pyhd8ed1ab_0             conda-forge
2025-01-20T14:45:02.4813220Z   xz                             5.2.6                h57fd34a_0               conda-forge
2025-01-20T14:45:02.4813660Z   yaml                           0.2.5                h3422bc3_2               conda-forge
2025-01-20T14:45:02.4814050Z   zeromq                         4.3.5                hcc0f68c_4               conda-forge
2025-01-20T14:45:02.4814310Z   zipp                           3.19.2               pyhd8ed1ab_0             conda-forge
2025-01-20T14:45:02.4814570Z   zlib                           1.3.1                h8359307_2               conda-forge
2025-01-20T14:45:02.4814820Z   zlib-ng                        2.2.3                h13dfb9a_0               conda-forge
2025-01-20T14:45:02.4815090Z   zstandard                      0.23.0               py312h15fbf35_1          conda-forge
2025-01-20T14:45:02.4815360Z   zstd                           1.5.6                hb46c0d2_0               conda-forge
2025-01-20T14:45:02.4816190Z ##[endgroup]
