2025-01-20T14:53:57.9857635Z Prepare all required actions
2025-01-20T14:53:57.9857978Z Getting action download info
2025-01-20T14:53:58.1524584Z Download action repository 'mamba-org/setup-micromamba@v1' (SHA:4b9113af4fba0e9e1124b252dd6497a419e7396d)
2025-01-20T14:53:58.6385060Z ##[group]Run ./.github/actions/setup_env
2025-01-20T14:53:58.6385316Z with:
2025-01-20T14:53:58.6385483Z   os-label: linux-64
2025-01-20T14:53:58.6385659Z env:
2025-01-20T14:53:58.6385816Z   CACHE_NUMBER: 0
2025-01-20T14:53:58.6386410Z   PYTEST_FLAGS: --tardis-regression-data=/home/runner/work/tardis/tardis/tardis-regression-data --cov=tardis --cov-report=xml --cov-report=html --cov-append
2025-01-20T14:53:58.6387032Z   CODECOV_TOKEN: 
2025-01-20T14:53:58.6387198Z ##[endgroup]
2025-01-20T14:53:58.6405574Z ##[group]Run file_hash=$(cat conda-linux-64.lock | shasum -a 256 | cut -d' ' -f1)
2025-01-20T14:53:58.6406081Z [36;1mfile_hash=$(cat conda-linux-64.lock | shasum -a 256 | cut -d' ' -f1)[0m
2025-01-20T14:53:58.6406459Z [36;1mecho "file_hash=$file_hash" >> "${GITHUB_OUTPUT}"[0m
2025-01-20T14:53:58.6432197Z shell: /usr/bin/bash --noprofile --norc -e -o pipefail {0}
2025-01-20T14:53:58.6432505Z env:
2025-01-20T14:53:58.6432668Z   CACHE_NUMBER: 0
2025-01-20T14:53:58.6433256Z   PYTEST_FLAGS: --tardis-regression-data=/home/runner/work/tardis/tardis/tardis-regression-data --cov=tardis --cov-report=xml --cov-report=html --cov-append
2025-01-20T14:53:58.6433886Z   CODECOV_TOKEN: 
2025-01-20T14:53:58.6434062Z ##[endgroup]
2025-01-20T14:53:58.6729528Z ##[group]Run mamba-org/setup-micromamba@v1
2025-01-20T14:53:58.6729795Z with:
2025-01-20T14:53:58.6729987Z   environment-file: conda-linux-64.lock
2025-01-20T14:53:58.6730396Z   cache-environment-key: ef37bf881a109d6c40177977d3737954e080cab5fae13b9c3eafef73766f9710
2025-01-20T14:53:58.6730966Z   cache-downloads-key: ef37bf881a109d6c40177977d3737954e080cab5fae13b9c3eafef73766f9710
2025-01-20T14:53:58.6731373Z   environment-name: tardis
2025-01-20T14:53:58.6731593Z   cache-environment: true
2025-01-20T14:53:58.6731795Z   cache-downloads: true
2025-01-20T14:53:58.6731995Z env:
2025-01-20T14:53:58.6732144Z   CACHE_NUMBER: 0
2025-01-20T14:53:58.6732723Z   PYTEST_FLAGS: --tardis-regression-data=/home/runner/work/tardis/tardis/tardis-regression-data --cov=tardis --cov-report=xml --cov-report=html --cov-append
2025-01-20T14:53:58.6733360Z   CODECOV_TOKEN: 
2025-01-20T14:53:58.6733538Z ##[endgroup]
2025-01-20T14:53:58.8052570Z Will download micromamba to /home/runner/micromamba-bin/micromamba
2025-01-20T14:53:58.8061254Z ##[group]Install micromamba
2025-01-20T14:53:59.3039544Z micromamba installed to /home/runner/micromamba-bin/micromamba
2025-01-20T14:53:59.3040512Z ##[endgroup]
2025-01-20T14:53:59.3041108Z Adding conda-forge to condarc channels ...
2025-01-20T14:53:59.3050985Z ##[group]Initialize micromamba for bash.
2025-01-20T14:53:59.3067341Z [command]/home/runner/micromamba-bin/micromamba shell init -s bash -r /home/runner/micromamba --log-level warning --rc-file /home/runner/work/_temp/setup-micromamba/.condarc
2025-01-20T14:53:59.3175346Z Modifying RC file "/home/runner/.bashrc"
2025-01-20T14:53:59.3176294Z Generating config for root prefix [1m"/home/runner/micromamba"[0m
2025-01-20T14:53:59.3176827Z Setting mamba executable to: [1m"/home/runner/micromamba-bin/micromamba"[0m
2025-01-20T14:53:59.3177375Z Adding (or replacing) the following in your "/home/runner/.bashrc" file
2025-01-20T14:53:59.3177683Z 
2025-01-20T14:53:59.3177766Z # >>> mamba initialize >>>
2025-01-20T14:53:59.3178037Z # !! Contents within this block are managed by 'mamba init' !!
2025-01-20T14:53:59.3178386Z export MAMBA_EXE='/home/runner/micromamba-bin/micromamba';
2025-01-20T14:53:59.3178707Z export MAMBA_ROOT_PREFIX='/home/runner/micromamba';
2025-01-20T14:53:59.3179353Z __mamba_setup="$("$MAMBA_EXE" shell hook --shell bash --root-prefix "$MAMBA_ROOT_PREFIX" 2> /dev/null)"
2025-01-20T14:53:59.3179767Z if [ $? -eq 0 ]; then
2025-01-20T14:53:59.3179969Z     eval "$__mamba_setup"
2025-01-20T14:53:59.3180161Z else
2025-01-20T14:53:59.3180411Z     alias micromamba="$MAMBA_EXE"  # Fallback on help from mamba activate
2025-01-20T14:53:59.3180993Z fi
2025-01-20T14:53:59.3181144Z unset __mamba_setup
2025-01-20T14:53:59.3181327Z # <<< mamba initialize <<<
2025-01-20T14:53:59.3181451Z 
2025-01-20T14:53:59.3193000Z Moving mamba initialize block to .bash_profile
2025-01-20T14:53:59.3203925Z ##[endgroup]
2025-01-20T14:53:59.3205263Z ##[group]Restoring downloads from `/home/runner/micromamba/pkgs` ...
2025-01-20T14:53:59.6524565Z Cache miss
2025-01-20T14:53:59.6525071Z ##[endgroup]
2025-01-20T14:53:59.6544460Z ##[group]Restoring environment `tardis` from `/home/runner/micromamba/envs/tardis` ...
2025-01-20T14:53:59.7404768Z Cache miss
2025-01-20T14:53:59.7405886Z ##[endgroup]
2025-01-20T14:53:59.7406491Z ##[group]Install environment `tardis`
2025-01-20T14:53:59.7410295Z [command]/home/runner/micromamba-bin/micromamba create -y -r /home/runner/micromamba -f conda-linux-64.lock -n tardis  --log-level warning --rc-file /home/runner/work/_temp/setup-micromamba/.condarc
2025-01-20T14:53:59.7718293Z Transaction
2025-01-20T14:53:59.7718526Z 
2025-01-20T14:53:59.7718727Z   Prefix: /home/runner/micromamba/envs/tardis
2025-01-20T14:53:59.7719265Z 
2025-01-20T14:53:59.7719407Z   Updating specs:
2025-01-20T14:53:59.7719612Z 
2025-01-20T14:53:59.7724398Z    - conda-forge/linux-64::_libgcc_mutex==0.1=conda_forge[md5=d7c89558ba9fa0495403155b64376d81]
2025-01-20T14:53:59.7725464Z    - conda-forge/linux-64::ca-certificates==2024.12.14=hbcca054_0[md5=720523eb0d6a9b0f6120c16b2aa4e7de]
2025-01-20T14:53:59.7726585Z    - conda-forge/noarch::font-ttf-dejavu-sans-mono==2.37=hab24e00_0[md5=0c96522c6bdaed4b1566d11387caaf45]
2025-01-20T14:53:59.7727701Z    - conda-forge/noarch::font-ttf-inconsolata==3.000=h77eed37_0[md5=34893075a5c9e55cdafac56607368fc6]
2025-01-20T14:53:59.7728811Z    - conda-forge/noarch::font-ttf-source-code-pro==2.038=h77eed37_0[md5=4d59c254e01d9cde7957100457e2d5fb]
2025-01-20T14:53:59.7730055Z    - conda-forge/noarch::font-ttf-ubuntu==0.83=h77eed37_3[md5=49023d73832ef61042f6a237cb2687e7]
2025-01-20T14:53:59.7731012Z    - conda-forge/linux-64::git-lfs==3.5.1=h647637d_1[md5=6dfad56d8b8f5f72f615b60f0baf1dea]
2025-01-20T14:53:59.7731949Z    - conda-forge/linux-64::ld_impl_linux-64==2.40=hf3520f5_7[md5=b80f2f396ca2c28b8c14c437a4ed1e74]
2025-01-20T14:53:59.7732856Z    - conda-forge/noarch::nomkl==1.0=h5ca1d4c_0[md5=9a66894dfd07c4510beb6b3f9672ccc0]
2025-01-20T14:53:59.7733708Z    - conda-forge/linux-64::pandoc==3.2.1=ha770c72_0[md5=b39b12d3809e4042f832b76192e0e7e8]
2025-01-20T14:53:59.7734584Z    - conda-forge/linux-64::python_abi==3.12=5_cp312[md5=0424ae29b104430108f5218a66db7260]
2025-01-20T14:53:59.7735479Z    - conda-forge/noarch::tzdata==2024a=h8827d51_1[md5=8bfdead4e0fff0383ae4c9c50d0531bd]
2025-01-20T14:53:59.7736365Z    - conda-forge/noarch::fonts-conda-forge==1=0[md5=f766549260d6815b0c52253f1fb1bb29]
2025-01-20T14:53:59.7737255Z    - conda-forge/linux-64::libgomp==14.2.0=h77fa898_1[md5=cc3573974587f12dda90d96e3e55a702]
2025-01-20T14:53:59.7738586Z    - conda-forge/linux-64::_openmp_mutex==4.5=2_gnu[md5=73aaf86a425cc6e73fcf236a5a46396d]
2025-01-20T14:53:59.7739730Z    - conda-forge/noarch::fonts-conda-ecosystem==1=0[md5=fee5683a3f04bd15cbd8318b096a27ab]
2025-01-20T14:53:59.7740660Z    - conda-forge/linux-64::libgcc==14.2.0=h77fa898_1[md5=3cb76c3f10d3bc7f1105b2fc9db984df]
2025-01-20T14:53:59.7741711Z    - conda-forge/linux-64::libbrotlicommon==1.1.0=hb9d3cd8_2[md5=41b599ed2b02abcfdd84302bff174b23]
2025-01-20T14:53:59.7742676Z    - conda-forge/linux-64::libgcc-ng==14.2.0=h69a702a_1[md5=e39480b9ca41323497b05492a63bc35b]
2025-01-20T14:53:59.7743564Z    - conda-forge/linux-64::libstdcxx==14.2.0=hc0a3c3a_1[md5=234a5554c53625688d51062645337328]
2025-01-20T14:53:59.7744461Z    - conda-forge/linux-64::libzlib==1.3.1=hb9d3cd8_2[md5=edb0dca6bc32e4f4789199455a1dbeb8]
2025-01-20T14:53:59.7745515Z    - conda-forge/linux-64::ncurses==6.5=h2d0b736_2[md5=04b34b9a40cdc48cfdab261ab176ff74]
2025-01-20T14:53:59.7746079Z    - conda-forge/linux-64::openssl==3.4.0=h7b32b05_1[md5=4ce6875f75469b2757a65e10a5d05e31]
2025-01-20T14:53:59.7746827Z    - conda-forge/linux-64::pthread-stubs==0.4=hb9d3cd8_1002[md5=b3c17d95b5a10c6e64a21fa17573e70e]
2025-01-20T14:53:59.7747368Z    - conda-forge/linux-64::xorg-kbproto==1.0.7=hb9d3cd8_1003[md5=e87bfacb110d85e1eb6099c9ed8e7236]
2025-01-20T14:53:59.7747882Z    - conda-forge/linux-64::xorg-libice==1.1.1=hb9d3cd8_1[md5=19608a9656912805b2b9a2f6bd257b04]
2025-01-20T14:53:59.7748389Z    - conda-forge/linux-64::xorg-libxau==1.0.11=hb9d3cd8_1[md5=77cbc488235ebbaab2b6e912d3934bae]
2025-01-20T14:53:59.7748888Z    - conda-forge/linux-64::xorg-libxdmcp==1.1.3=hb9d3cd8_2[md5=0f0d069428b003625074443455f25e0d]
2025-01-20T14:53:59.7749566Z    - conda-forge/linux-64::xorg-renderproto==0.11.1=hb9d3cd8_1003[md5=bf90782559bce8447609933a7d45995a]
2025-01-20T14:53:59.7750106Z    - conda-forge/linux-64::xorg-xextproto==7.3.0=hb9d3cd8_1004[md5=bc4cd53a083b6720d61a1519a1900878]
2025-01-20T14:53:59.7750636Z    - conda-forge/linux-64::xorg-xproto==7.0.31=hb9d3cd8_1008[md5=a63f5b66876bb1ec734ab4bdc4d11e86]
2025-01-20T14:53:59.7751124Z    - conda-forge/linux-64::bzip2==1.0.8=h4bc722e_7[md5=62ee74e96c5ebb0af99386de58cf9553]
2025-01-20T14:53:59.7751606Z    - conda-forge/linux-64::c-ares==1.28.1=hd590300_0[md5=dcde58ff9a1f30b0037a2315d1846d1f]
2025-01-20T14:53:59.7752088Z    - conda-forge/linux-64::fribidi==1.0.10=h36c2ea0_0[md5=ac7bc6a654f8f41b352b38f4051135f8]
2025-01-20T14:53:59.7752556Z    - conda-forge/linux-64::giflib==5.2.2=hd590300_0[md5=3bf7b9fd5a7136126e0234db4b87c8b6]
2025-01-20T14:53:59.7753030Z    - conda-forge/linux-64::keyutils==1.6.1=h166bdaf_0[md5=30186d27e2c9fa62b45fb1476b7200e3]
2025-01-20T14:53:59.7753520Z    - conda-forge/linux-64::libbrotlidec==1.1.0=hb9d3cd8_2[md5=9566f0bd264fbd463002e759b8a82401]
2025-01-20T14:53:59.7754025Z    - conda-forge/linux-64::libbrotlienc==1.1.0=hb9d3cd8_2[md5=06f70867945ea6a84d35836af780f1de]
2025-01-20T14:53:59.7754516Z    - conda-forge/linux-64::libdeflate==1.20=hd590300_0[md5=8e88f9389f1165d7c0936fe40d9a9a79]
2025-01-20T14:53:59.7755012Z    - conda-forge/linux-64::libedit==3.1.20191231=he28a2e2_2[md5=4d331e44109e3f0e19b4cb8f9b82f3e1]
2025-01-20T14:53:59.7755500Z    - conda-forge/linux-64::libev==4.33=hd590300_2[md5=172bf1cd1ff8629f2b1179945ed45055]
2025-01-20T14:53:59.7755970Z    - conda-forge/linux-64::libexpat==2.6.2=h59595ed_0[md5=e7ba12deb7020dd080c6c70e7b6f6a3d]
2025-01-20T14:53:59.7756435Z    - conda-forge/linux-64::libffi==3.4.2=h7f98852_5[md5=d645c6d2ac96843a2bfaccd2d62b3ac3]
2025-01-20T14:53:59.7756919Z    - conda-forge/linux-64::libgfortran5==13.2.0=h3d2ce59_13[md5=1e380198685bc1e993bbbc4b579f5916]
2025-01-20T14:53:59.7757402Z    - conda-forge/linux-64::libiconv==1.17=hd590300_2[md5=d66573916ffcf376178462f1b61c941e]
2025-01-20T14:53:59.7757879Z    - conda-forge/linux-64::libjpeg-turbo==3.0.0=hd590300_1[md5=ea25936bb4080d843790b586850f82b8]
2025-01-20T14:53:59.7758358Z    - conda-forge/linux-64::libnsl==2.0.1=hd590300_0[md5=30fd6e37fe21f86f4bd26d6ee73eeec7]
2025-01-20T14:53:59.7759059Z    - conda-forge/linux-64::libpng==1.6.43=h2797004_0[md5=009981dd9cfcaa4dbfa25ffaed86bcae]
2025-01-20T14:53:59.7759544Z    - conda-forge/linux-64::libsodium==1.0.18=h36c2ea0_1[md5=c3788462a6fbddafdb413a9f9053e58d]
2025-01-20T14:53:59.7760023Z    - conda-forge/linux-64::libsqlite==3.46.0=hde9e2c9_0[md5=18aa975d2094c34aef978060ae7da7d8]
2025-01-20T14:53:59.7760495Z    - conda-forge/linux-64::libssh2==1.11.0=h0841786_0[md5=1f5a58e686b13bcfde88b93f547d23fe]
2025-01-20T14:53:59.7760971Z    - conda-forge/linux-64::libstdcxx-ng==14.2.0=h4852527_1[md5=8371ac6457591af2cf6159439c1fd051]
2025-01-20T14:53:59.7761449Z    - conda-forge/linux-64::libuuid==2.38.1=h0b41bf4_0[md5=40b61aab5c7ba9ff276c41cfffe6b80b]
2025-01-20T14:53:59.7761932Z    - conda-forge/linux-64::libwebp-base==1.4.0=hd590300_0[md5=b26e8aa824079e1be0294e7152ca4559]
2025-01-20T14:53:59.7762412Z    - conda-forge/linux-64::libxcb==1.15=h0b41bf4_0[md5=33277193f5b92bad9fdd230eb700929c]
2025-01-20T14:53:59.7762885Z    - conda-forge/linux-64::libxcrypt==4.4.36=hd590300_1[md5=5aa797f8787fe7a17d1b0821485b5adc]
2025-01-20T14:53:59.7763336Z    - conda-forge/linux-64::lzo==2.10=hd590300_1001[md5=ec7398d21e2651e0dcb0044d03b9a339]
2025-01-20T14:53:59.7763905Z    - conda-forge/linux-64::readline==8.2=h8228510_1[md5=47d31b792659ce70f470b5c82fdfb7a4]
2025-01-20T14:53:59.7764374Z    - conda-forge/linux-64::tk==8.6.13=noxft_h4845f30_101[md5=d453b98d9c83e71da0741bb0ff4d76bc]
2025-01-20T14:53:59.7764824Z    - conda-forge/linux-64::xz==5.2.6=h166bdaf_0[md5=2161070d867d1b1204ea749c8eec4ef0]
2025-01-20T14:53:59.7765259Z    - conda-forge/linux-64::yaml==0.2.5=h7f98852_2[md5=4cb3ad778ec2d5a7acbdf254eb1c42ae]
2025-01-20T14:53:59.7765706Z    - conda-forge/linux-64::zlib==1.3.1=hb9d3cd8_2[md5=c9f075ab2f33b3bbee9e62d4ad0a6cd8]
2025-01-20T14:53:59.7766156Z    - conda-forge/linux-64::zlib-ng==2.2.3=h7955e40_0[md5=01cf93c645fa03d44ffe603f51f3d27f]
2025-01-20T14:53:59.7766628Z    - conda-forge/linux-64::brotli-bin==1.1.0=hb9d3cd8_2[md5=c63b5e52939e795ba8d26e35d767a843]
2025-01-20T14:53:59.7767106Z    - conda-forge/linux-64::expat==2.6.2=h59595ed_0[md5=53fb86322bdb89496d7579fe3f02fd61]
2025-01-20T14:53:59.7767593Z    - conda-forge/linux-64::freetype==2.12.1=h267a509_2[md5=9ae35c3d96db2c94ce0cef86efdfa2cb]
2025-01-20T14:53:59.7768054Z    - conda-forge/linux-64::gmp==6.3.0=hac33072_2[md5=c94a5994ef49749880a8139cf9afcbe1]
2025-01-20T14:53:59.7768687Z    - conda-forge/linux-64::graphite2==1.3.13=h59595ed_1003[md5=f87c7b7c2cb45f323ffbce941c78ab7c]
2025-01-20T14:53:59.7769712Z    - conda-forge/linux-64::icu==73.2=h59595ed_0[md5=cc47e1facc155f91abd89b11e48e72ff]
2025-01-20T14:53:59.7770503Z    - conda-forge/linux-64::krb5==1.21.2=h659d440_0[md5=cd95826dbd331ed1be26bdf401432844]
2025-01-20T14:53:59.7771290Z    - conda-forge/linux-64::lerc==4.0.0=h27087fc_0[md5=76bbff344f0134279f225174e9064c8f]
2025-01-20T14:53:59.7772111Z    - conda-forge/linux-64::libaec==1.1.3=h59595ed_0[md5=5e97e271911b8b2001a8b71860c32faa]
2025-01-20T14:53:59.7773026Z    - conda-forge/linux-64::libgfortran-ng==13.2.0=h69a702a_13[md5=516e66b26eea14e7e322fe99e88e0f02]
2025-01-20T14:53:59.7773907Z    - conda-forge/linux-64::libllvm14==14.0.6=hcd5def8_4[md5=73301c133ded2bf71906aa2104edae8b]
2025-01-20T14:53:59.7774787Z    - conda-forge/linux-64::libnghttp2==1.58.0=h47da74e_1[md5=700ac6ea6d53d5510591c4344d5c989a]
2025-01-20T14:53:59.7775347Z    - conda-forge/linux-64::lz4-c==1.9.4=hcb278e6_0[md5=318b08df404f9c9be5712aaa5a6f0bb0]
2025-01-20T14:53:59.7775806Z    - conda-forge/linux-64::pcre2==10.44=hba22ea6_2[md5=df359c09c41cd186fffb93a2d87aa6f5]
2025-01-20T14:53:59.7776263Z    - conda-forge/linux-64::pixman==0.43.2=h59595ed_0[md5=71004cbf7924e19c02746ccde9fd7123]
2025-01-20T14:53:59.7776738Z    - conda-forge/linux-64::python==3.12.4=h194c7f8_0_cpython[md5=d73490214f536cccb5819e9873048c92]
2025-01-20T14:53:59.7777240Z    - conda-forge/linux-64::snappy==1.2.0=hdb0a2a9_1[md5=843bbb8ace1d64ac50d64639ff38b014]
2025-01-20T14:53:59.7777728Z    - conda-forge/linux-64::xorg-libsm==1.2.4=he73a12e_1[md5=05a8ea5f446de33006171a7afe6ae857]
2025-01-20T14:53:59.7778406Z    - conda-forge/linux-64::xorg-libx11==1.8.9=h8ee46fc_0[md5=077b6e8ad6a3ddb741fce2496dd01bec]
2025-01-20T14:53:59.7778880Z    - conda-forge/linux-64::zstd==1.5.6=ha6fb4c9_0[md5=4d056880988120e29d75bfff282e0f45]
2025-01-20T14:53:59.7779503Z    - conda-forge/noarch::alabaster==0.7.16=pyhd8ed1ab_0[md5=def531a3ac77b7fb8c21d17bb5d0badb]
2025-01-20T14:53:59.7780075Z    - conda-forge/noarch::astropy-iers-data==0.2024.6.17.0.31.35=pyhd8ed1ab_0[md5=f535beec9185f435fd331ad9f7c47099]
2025-01-20T14:53:59.7780614Z    - conda-forge/noarch::attrs==23.2.0=pyh71513ae_0[md5=5e4c0743c70186509d1412e03c2d8dfa]
2025-01-20T14:53:59.7781081Z    - conda-forge/linux-64::blosc==1.21.6=hef167b5_0[md5=54fe76ab3d0189acaef95156874db7f9]
2025-01-20T14:53:59.7781546Z    - conda-forge/linux-64::brotli==1.1.0=hb9d3cd8_2[md5=98514fe74548d768907ce7a13f680e8f]
2025-01-20T14:53:59.7782052Z    - conda-forge/linux-64::brotli-python==1.1.0=py312h2ec8cdc_2[md5=b0b867af6fc74b2a0aa206da29c0f3cf]
2025-01-20T14:53:59.7782571Z    - conda-forge/linux-64::c-blosc2==2.15.2=h68e2383_0[md5=e7b11b508252ddc35c4b51dedef17b01]
2025-01-20T14:53:59.7783215Z    - conda-forge/noarch::cached_property==1.5.2=pyha770c72_1[md5=576d629e47797577ab0f1b351297ef4a]
2025-01-20T14:53:59.7783739Z    - conda-forge/noarch::certifi==2024.12.14=pyhd8ed1ab_0[md5=6feb87357ecd66733be3279f16a8c400]
2025-01-20T14:53:59.7784280Z    - conda-forge/noarch::charset-normalizer==3.3.2=pyhd8ed1ab_0[md5=7f4a9e3fcff3f6356ae99244a014da6a]
2025-01-20T14:53:59.7784802Z    - conda-forge/noarch::click==8.1.7=unix_pyh707e725_1[md5=cb8e52f28f5e592598190c562e7b5bf1]
2025-01-20T14:53:59.7785283Z    - conda-forge/noarch::codespell==2.3.0=pyhd8ed1ab_1[md5=840293a20343a601ca2738d359e403eb]
2025-01-20T14:53:59.7785767Z    - conda-forge/noarch::colorama==0.4.6=pyhd8ed1ab_1[md5=962b9857ee8e7018c22f2776ffa0b2d7]
2025-01-20T14:53:59.7786238Z    - conda-forge/noarch::cycler==0.12.1=pyhd8ed1ab_1[md5=44600c4667a319d67dbe0681fc0bc833]
2025-01-20T14:53:59.7786743Z    - conda-forge/noarch::dataclasses==0.8=pyhc8e2a94_3[md5=a362b2124b06aad102e2ee4581acee7d]
2025-01-20T14:53:59.7787257Z    - conda-forge/linux-64::debugpy==1.8.1=py312h30efb56_0[md5=bdd639417094ace2fb1ce10b20d68d5d]
2025-01-20T14:53:59.7787767Z    - conda-forge/noarch::decorator==5.1.1=pyhd8ed1ab_1[md5=d622d8d7ee8868870f9cbe259f381181]
2025-01-20T14:53:59.7788264Z    - conda-forge/noarch::defusedxml==0.7.1=pyhd8ed1ab_0[md5=961b3a227b437d82ad7054484cfa71b2]
2025-01-20T14:53:59.7788779Z    - conda-forge/linux-64::docutils==0.20.1=py312h7900ff3_3[md5=1b90835ae26b9b8250b302649359a989]
2025-01-20T14:53:59.7789425Z    - conda-forge/noarch::entrypoints==0.4=pyhd8ed1ab_1[md5=3366592d3c219f2731721f11bc93755c]
2025-01-20T14:53:59.7789945Z    - conda-forge/noarch::exceptiongroup==1.2.0=pyhd8ed1ab_2[md5=8d652ea2ee8eaee02ed8dc820bc794aa]
2025-01-20T14:53:59.7790460Z    - conda-forge/noarch::executing==2.0.1=pyhd8ed1ab_0[md5=e16be50e378d8a4533b989035b196ab8]
2025-01-20T14:53:59.7790958Z    - conda-forge/linux-64::fontconfig==2.14.2=h14ed4e7_0[md5=0f69b688f52ff6da70bccb7ff7001d1d]
2025-01-20T14:53:59.7791463Z    - conda-forge/noarch::future==1.0.0=pyhd8ed1ab_1[md5=e75df25fe5ddec19b2f6ac8dfd33b838]
2025-01-20T14:53:59.7791988Z    - conda-forge/linux-64::greenlet==3.1.1=py312h2ec8cdc_1[md5=38c2f46af8b45f914f55911006cd7056]
2025-01-20T14:53:59.7792588Z    - conda-forge/noarch::hpack==4.0.0=pyhd8ed1ab_1[md5=2aa5ff7fa34a81b9196532c84c10d865]
2025-01-20T14:53:59.7793176Z    - conda-forge/noarch::hyperframe==6.0.1=pyhd8ed1ab_1[md5=566e75c90c1d0c8c459eb0ad9833dc7a]
2025-01-20T14:53:59.7793711Z    - conda-forge/noarch::idna==3.7=pyhd8ed1ab_0[md5=c0cc1420498b17414d8617d0b9f506ca]
2025-01-20T14:53:59.7794415Z    - conda-forge/noarch::imagesize==1.4.1=pyhd8ed1ab_0[md5=7de5386c8fea29e76b303f37dde4c352]
2025-01-20T14:53:59.7795008Z    - conda-forge/noarch::iniconfig==2.0.0=pyhd8ed1ab_1[md5=6837f3eff7dcea42ecd714ce1ac2b108]
2025-01-20T14:53:59.7795576Z    - conda-forge/noarch::ipython_genutils==0.2.0=pyhd8ed1ab_2[md5=2f0ba4bc12af346bc6c99bdc377e8944]
2025-01-20T14:53:59.7796413Z    - conda-forge/noarch::json5==0.9.25=pyhd8ed1ab_0[md5=5d8c241a9261e720a34a07a3e1ac4109]
2025-01-20T14:53:59.7797018Z    - conda-forge/linux-64::jsonpointer==3.0.0=py312h7900ff3_1[md5=6b51f7459ea4073eeb5057207e2e1e3d]
2025-01-20T14:53:59.7797714Z    - conda-forge/noarch::jupyterlab_widgets==1.1.11=pyhd8ed1ab_0[md5=05a08b368343304618b6a88425aa851a]
2025-01-20T14:53:59.7798327Z    - conda-forge/linux-64::kiwisolver==1.4.5=py312h68727a3_2[md5=88b640176acf9ff4b936d681102ca33f]
2025-01-20T14:53:59.7799079Z    - conda-forge/linux-64::libcurl==8.8.0=hca28451_0[md5=f21c27f076a07907e70c49bb57bd0f20]
2025-01-20T14:53:59.7799890Z    - conda-forge/linux-64::libglib==2.80.2=h8a4344b_1[md5=9c406bb3d4dac2b358873e6462496d09]
2025-01-20T14:53:59.7800593Z    - conda-forge/linux-64::libopenblas==0.3.27=pthreads_hac2b453_1[md5=ae05ece66d3924ac3d48b4aa3fa96cec]
2025-01-20T14:53:59.7801223Z    - conda-forge/linux-64::libtiff==4.6.0=h1dd3fc0_3[md5=66f03896ffbe1a110ffda05c7a856504]
2025-01-20T14:53:59.7801842Z    - conda-forge/linux-64::libxml2==2.12.7=h4c95cb1_3[md5=0ac9aff6010a7751961c8e4b863a40e7]
2025-01-20T14:53:59.7802545Z    - conda-forge/linux-64::llvmlite==0.43.0=py312h374181b_1[md5=ed6ead7e9ab9469629c6cfb363b5c6e2]
2025-01-20T14:53:59.7803174Z    - conda-forge/linux-64::markupsafe==2.1.5=py312h66e93f0_1[md5=80b79ce0d3dc127e96002dfdcec0a2a5]
2025-01-20T14:53:59.7803816Z    - conda-forge/noarch::mdurl==0.1.2=pyhd8ed1ab_1[md5=592132998493b3ff25fd7479396e8351]
2025-01-20T14:53:59.7804398Z    - conda-forge/noarch::mistune==3.0.2=pyhd8ed1ab_1[md5=c46df05cae629e55426773ac1f85d68f]
2025-01-20T14:53:59.7804931Z    - conda-forge/linux-64::mpfr==4.2.1=h90cbb55_3[md5=2eeb50cab6652538eee8fc0bc3340c81]
2025-01-20T14:53:59.7805544Z    - conda-forge/noarch::mpmath==1.3.0=pyhd8ed1ab_1[md5=3585aa87c43ab15b167b574cd73b057b]
2025-01-20T14:53:59.7825102Z    - conda-forge/noarch::munkres==1.1.4=pyh9f0ad1d_0[md5=2ba8498c1018c1e9c61eb99b973dfe19]
2025-01-20T14:53:59.7826346Z    - conda-forge/noarch::mypy_extensions==1.0.0=pyha770c72_1[md5=29097e7ea634a45cc5386b95cac6568f]
2025-01-20T14:53:59.7827332Z    - conda-forge/noarch::nest-asyncio==1.6.0=pyhd8ed1ab_1[md5=598fd7d4d0de2455fb74f56063969a97]
2025-01-20T14:53:59.7828193Z    - conda-forge/noarch::networkx==3.3=pyhd8ed1ab_1[md5=d335fd5704b46f4efb89a6774e81aef0]
2025-01-20T14:53:59.7829247Z    - conda-forge/noarch::packaging==24.1=pyhd8ed1ab_0[md5=cbe1bb1f21567018ce595d9c2be0f0db]
2025-01-20T14:53:59.7830162Z    - conda-forge/noarch::pandocfilters==1.5.0=pyhd8ed1ab_0[md5=457c2c8c08e54905d6954e79cb5b5db9]
2025-01-20T14:53:59.7831099Z    - conda-forge/noarch::param==2.2.0=pyhd8ed1ab_0[md5=8bd46aebe85bd9c5f30affd520ab441f]
2025-01-20T14:53:59.7831870Z    - conda-forge/noarch::parso==0.8.4=pyhd8ed1ab_1[md5=5c092057b6badd30f75b06244ecd01c9]
2025-01-20T14:53:59.7832652Z    - conda-forge/noarch::pathspec==0.12.1=pyhd8ed1ab_1[md5=617f15191456cc6a13db418a275435e5]
2025-01-20T14:53:59.7833483Z    - conda-forge/noarch::pickleshare==0.7.5=pyhd8ed1ab_1004[md5=11a9d1d09a3615fc07c3faf79bc0b943]
2025-01-20T14:53:59.7834403Z    - conda-forge/noarch::pkgutil-resolve-name==1.3.10=pyhd8ed1ab_2[md5=5a5870a74432aa332f7d32180633ad05]
2025-01-20T14:53:59.7835323Z    - conda-forge/noarch::platformdirs==4.2.2=pyhd8ed1ab_0[md5=6f6cf28bf8e021933869bae3f84b8fc9]
2025-01-20T14:53:59.7836153Z    - conda-forge/noarch::pluggy==1.5.0=pyhd8ed1ab_1[md5=e9dcbce5f45f9ee500e728ae58b605b6]
2025-01-20T14:53:59.7837008Z    - conda-forge/linux-64::portalocker==3.0.0=py312h7900ff3_0[md5=bb6a417672d3a2ec5d431077e56173c6]
2025-01-20T14:53:59.7837922Z    - conda-forge/noarch::prometheus_client==0.20.0=pyhd8ed1ab_0[md5=9a19b94034dd3abb2b348c8b93388035]
2025-01-20T14:53:59.7838845Z    - conda-forge/linux-64::psutil==5.9.8=py312h98912ed_0[md5=3facaca6cc0f7988df3250efccd32da3]
2025-01-20T14:53:59.7839872Z    - conda-forge/noarch::ptyprocess==0.7.0=pyhd8ed1ab_1[md5=7d9daffbb8d8e0af0f769dbbcd173a54]
2025-01-20T14:53:59.7840719Z    - conda-forge/noarch::pure_eval==0.2.2=pyhd8ed1ab_0[md5=6784285c7e55cb7212efabc79e4c2883]
2025-01-20T14:53:59.7841751Z    - conda-forge/noarch::py-cpuinfo==9.0.0=pyhd8ed1ab_1[md5=46830ee16925d5ed250850503b5dc3a8]
2025-01-20T14:53:59.7842564Z    - conda-forge/noarch::pycparser==2.22=pyh29332c3_1[md5=12c566707c80111f9799308d9e265aef]
2025-01-20T14:53:59.7843373Z    - conda-forge/noarch::pygments==2.18.0=pyhd8ed1ab_1[md5=b38dc0206e2a530e5c2cf11dc086b31a]
2025-01-20T14:53:59.7844193Z    - conda-forge/noarch::pyparsing==3.1.2=pyhd8ed1ab_0[md5=b9a4dacf97241704529131a0dfc0494f]
2025-01-20T14:53:59.7845000Z    - conda-forge/noarch::pysocks==1.7.1=pyha55dd90_7[md5=461219d1a5bd61342293efa2c0c90eac]
2025-01-20T14:53:59.7845908Z    - conda-forge/noarch::python-fastjsonschema==2.20.0=pyhd8ed1ab_0[md5=b98d2018c01ce9980c03ee2850690fab]
2025-01-20T14:53:59.7846903Z    - conda-forge/noarch::python-json-logger==2.0.7=pyhd8ed1ab_0[md5=a61bf9ec79426938ff785eb69dbb1960]
2025-01-20T14:53:59.7848102Z    - conda-forge/noarch::python-tzdata==2024.1=pyhd8ed1ab_0[md5=98206ea9954216ee7540f0c773f2104d]
2025-01-20T14:53:59.7853051Z    - conda-forge/noarch::pytz==2024.1=pyhd8ed1ab_0[md5=3eeeeb9e4827ace8c0c1419c85d590ad]
2025-01-20T14:53:59.7853979Z    - conda-forge/linux-64::pyyaml==6.0.1=py312h98912ed_1[md5=e3fd78d8d490af1d84763b9fe3f2e552]
2025-01-20T14:53:59.7855149Z    - conda-forge/noarch::rfc3986-validator==0.1.1=pyh9f0ad1d_0[md5=912a71cc01012ee38e6b90ddd561e36f]
2025-01-20T14:53:59.7856151Z    - conda-forge/linux-64::rpds-py==0.18.1=py312h4413252_0[md5=73da42918aaeb87d5618f82e2ac18d1f]
2025-01-20T14:53:59.7857058Z    - conda-forge/linux-64::ruff==0.4.9=py312h5715c7c_0[md5=09843d6fb50309699fe5b669be5e1d71]
2025-01-20T14:53:59.7857931Z    - conda-forge/noarch::send2trash==1.8.3=pyh0d859eb_1[md5=938c8de6b9de091997145b3bf25cdbf9]
2025-01-20T14:53:59.7858882Z    - conda-forge/noarch::setuptools==70.0.0=pyhd8ed1ab_0[md5=c8ddb4f34a208df4dd42509a0f6a1c89]
2025-01-20T14:53:59.7859964Z    - conda-forge/noarch::six==1.16.0=pyhd8ed1ab_1[md5=a516da6cfe1ec0a55e49737f017b4965]
2025-01-20T14:53:59.7860516Z    - conda-forge/noarch::sniffio==1.3.1=pyhd8ed1ab_1[md5=bf7a226e58dfb8346c70df36065d86c9]
2025-01-20T14:53:59.7861071Z    - conda-forge/noarch::snowballstemmer==2.2.0=pyhd8ed1ab_0[md5=4d22a9315e78c6827f806065957d566e]
2025-01-20T14:53:59.7861612Z    - conda-forge/noarch::soupsieve==2.5=pyhd8ed1ab_1[md5=3f144b2c34f8cb5a9abd9ed23a39c561]
2025-01-20T14:53:59.7862151Z    - conda-forge/noarch::sphinx_bootstrap_theme==0.8.1=pyhd8ed1ab_1[md5=9deb7f7e75fd37d7f484fef13cac9b96]
2025-01-20T14:53:59.7862736Z    - conda-forge/noarch::sphinxcontrib-jsmath==1.0.1=pyhd8ed1ab_1[md5=fa839b5ff59e192f411ccc7dae6588bb]
2025-01-20T14:53:59.7863270Z    - conda-forge/noarch::tabulate==0.9.0=pyhd8ed1ab_2[md5=959484a66b4b76befcddc4fa97c95567]
2025-01-20T14:53:59.7863750Z    - conda-forge/noarch::tenacity==8.4.1=pyhd8ed1ab_0[md5=2fcb668e39c694ece9a7748e3fad1a7e]
2025-01-20T14:53:59.7864213Z    - conda-forge/noarch::toml==0.10.2=pyhd8ed1ab_1[md5=b0dd904de08b7db706167240bf37b164]
2025-01-20T14:53:59.7864666Z    - conda-forge/noarch::tomli==2.0.1=pyhd8ed1ab_0[md5=5844808ffab9ebdb694585b50ba02a96]
2025-01-20T14:53:59.7865146Z    - conda-forge/linux-64::tornado==6.4.1=py312h66e93f0_1[md5=af648b62462794649066366af4ecd5b0]
2025-01-20T14:53:59.7865638Z    - conda-forge/noarch::traitlets==5.14.3=pyhd8ed1ab_1[md5=019a7385be9af33791c989871317e1ed]
2025-01-20T14:53:59.7866136Z    - conda-forge/linux-64::typed-ast==1.5.5=py312h98912ed_1[md5=09f88fbe0bd63d7d632d687a6c6cf2d7]
2025-01-20T14:53:59.7866712Z    - conda-forge/noarch::types-python-dateutil==2.9.0.20240316=pyhd8ed1ab_0[md5=7831efa91d57475373ee52fb92e8d137]
2025-01-20T14:53:59.7867299Z    - conda-forge/noarch::typing_extensions==4.12.2=pyha770c72_1[md5=d17f13df8b65464ca316cbc000a3cb64]
2025-01-20T14:53:59.7867851Z    - conda-forge/noarch::typing_utils==0.1.0=pyhd8ed1ab_1[md5=f6d7aa696c67756a650e91e15e88223c]
2025-01-20T14:53:59.7868359Z    - conda-forge/noarch::uc-micro-py==1.0.3=pyhd8ed1ab_1[md5=9c96c9876ba45368a03056ddd0f20431]
2025-01-20T14:53:59.7868859Z    - conda-forge/noarch::uri-template==1.3.0=pyhd8ed1ab_1[md5=e7cb0f5745e4c5035a460248334af7eb]
2025-01-20T14:53:59.7869909Z    - conda-forge/noarch::wcwidth==0.2.13=pyhd8ed1ab_1[md5=b68980f2495d096e71c7fd9d7ccf63e6]
2025-01-20T14:53:59.7870413Z    - conda-forge/noarch::webcolors==24.6.0=pyhd8ed1ab_0[md5=419f2f6cf90fc7a6feee657752cd0f7b]
2025-01-20T14:53:59.7870921Z    - conda-forge/noarch::webencodings==0.5.1=pyhd8ed1ab_3[md5=2841eb5bfc75ce15e9a0054b98dcd64d]
2025-01-20T14:53:59.7871449Z    - conda-forge/noarch::websocket-client==1.8.0=pyhd8ed1ab_1[md5=84f8f77f0a9c6ef401ee96611745da8f]
2025-01-20T14:53:59.7871958Z    - conda-forge/noarch::wheel==0.43.0=pyhd8ed1ab_1[md5=0b5293a157c2b5cd513dd1b03d8d3aae]
2025-01-20T14:53:59.7872456Z    - conda-forge/linux-64::xorg-libxext==1.3.4=h0b41bf4_2[md5=82b6df12252e6f32402b96dacc656fec]
2025-01-20T14:53:59.7872981Z    - conda-forge/linux-64::xorg-libxrender==0.9.11=hd590300_0[md5=ed67c36f215b310412b2af935bf3e530]
2025-01-20T14:53:59.7873526Z    - conda-forge/noarch::xyzservices==2025.1.0=pyhd8ed1ab_0[md5=fdf07e281a9e5e10fc75b2dd444136e9]
2025-01-20T14:53:59.7874045Z    - conda-forge/linux-64::zeromq==4.3.5=h75354e8_4[md5=03cc8d9838ad9dd0060ab532e81ccb21]
2025-01-20T14:53:59.7874635Z    - conda-forge/noarch::zipp==3.19.2=pyhd8ed1ab_0[md5=49808e59df5535116f6878b2a820d6f4]
2025-01-20T14:53:59.7875158Z    - conda-forge/noarch::accessible-pygments==0.0.5=pyhd8ed1ab_1[md5=74ac5069774cdbc53910ec4d631a3999]
2025-01-20T14:53:59.7875677Z    - conda-forge/noarch::anyio==4.4.0=pyhd8ed1ab_0[md5=1fa97c6e8db1f82c64ff17a5efc4ae8e]
2025-01-20T14:53:59.7876203Z    - conda-forge/noarch::astropy-sphinx-theme==1.1=pyhd8ed1ab_1[md5=3612bc8ace3c9646f6c99c8aabc67052]
2025-01-20T14:53:59.7876748Z    - conda-forge/noarch::asttokens==2.4.1=pyhd8ed1ab_0[md5=5f25798dcefd8252ce5f9dc494d5f571]
2025-01-20T14:53:59.7877238Z    - conda-forge/noarch::async-lru==2.0.4=pyhd8ed1ab_1[md5=40c673c7d585623b8f1ee650c8734eb6]
2025-01-20T14:53:59.7877712Z    - conda-forge/linux-64::atk-1.0==2.38.0=h04ea711_2[md5=f730d54ba9cd543666d7220c9f7ed563]
2025-01-20T14:53:59.7878181Z    - conda-forge/noarch::babel==2.14.0=pyhd8ed1ab_0[md5=9669586875baeced8fc30c0826c3270e]
2025-01-20T14:53:59.7878707Z    - conda-forge/noarch::beautifulsoup4==4.12.3=pyha770c72_1[md5=d48f7e9fdec44baf6d1da416fe402b04]
2025-01-20T14:53:59.7879428Z    - conda-forge/noarch::bleach==6.1.0=pyhd8ed1ab_0[md5=0ed9d7c0e9afa7c025807a9a8136ea3e]
2025-01-20T14:53:59.7879963Z    - conda-forge/noarch::cached-property==1.5.2=hd8ed1ab_1[md5=9b347a7ec10940d3f7941ff6c460b551]
2025-01-20T14:53:59.7880479Z    - conda-forge/linux-64::cairo==1.18.0=h3faef2a_0[md5=f907bb958910dc404647326ca80c263e]
2025-01-20T14:53:59.7880950Z    - conda-forge/linux-64::cffi==1.16.0=py312hf06ca03_0[md5=56b0ca764ce23cc54f3f7e2a7b970f6d]
2025-01-20T14:53:59.7881428Z    - conda-forge/noarch::comm==0.2.2=pyhd8ed1ab_1[md5=74673132601ec2b7fc592755605f4c1b]
2025-01-20T14:53:59.7881895Z    - conda-forge/noarch::commonmark==0.9.1=py_0[md5=6aa0173c14befcd577ded130cf6f22f5]
2025-01-20T14:53:59.7882401Z    - conda-forge/linux-64::coverage==7.5.3=py312h9a8786e_0[md5=f01930d0afe8ac5f8062c98e6b8d1fd0]
2025-01-20T14:53:59.7882904Z    - conda-forge/noarch::dot2tex==2.11.3=pyhd8ed1ab_1[md5=8983edba106dd3d4a8ad126b42afd48e]
2025-01-20T14:53:59.7883419Z    - conda-forge/linux-64::fonttools==4.53.0=py312h9a8786e_0[md5=8490346e9d5efd7a6869582aa0c95b25]
2025-01-20T14:53:59.7883931Z    - conda-forge/linux-64::gdk-pixbuf==2.42.12=hb9ae30d_0[md5=201db6c2d9a3c5e46573ac4cb2e92f4f]
2025-01-20T14:53:59.7884411Z    - conda-forge/linux-64::gts==0.7.6=h977cf35_4[md5=4d8df0b0db060d33c9a702ada998a8fe]
2025-01-20T14:53:59.7884860Z    - conda-forge/noarch::h11==0.14.0=pyhd8ed1ab_1[md5=7ee49e89531c0dcbba9466f6d115d585]
2025-01-20T14:53:59.7885315Z    - conda-forge/noarch::h2==4.1.0=pyhd8ed1ab_1[md5=825927dc7b0f287ef8d4d0011bb113b1]
2025-01-20T14:53:59.7885787Z    - conda-forge/linux-64::hdf5==1.14.3=nompi_hdf9ad27_105[md5=7e1729554e209627636a0f6fabcdd115]
2025-01-20T14:53:59.7886314Z    - conda-forge/noarch::importlib-metadata==7.1.0=pyha770c72_0[md5=0896606848b2dc5cebdf111b6543aa04]
2025-01-20T14:53:59.7887023Z    - conda-forge/noarch::importlib_resources==6.4.0=pyhd8ed1ab_0[md5=c5d3907ad8bd7bf557521a1833cf7e6d]
2025-01-20T14:53:59.7887556Z    - conda-forge/noarch::jedi==0.19.1=pyhd8ed1ab_0[md5=81a3be0b2023e1ea8555781f0ad904a2]
2025-01-20T14:53:59.7888037Z    - conda-forge/noarch::jinja2==3.1.4=pyhd8ed1ab_1[md5=08cce3151bde4ecad7885bd9fb647532]
2025-01-20T14:53:59.7888541Z    - conda-forge/noarch::jupyter_core==5.7.2=pyh31011fe_1[md5=0a2980dada0dd7fd0998f0342308b1b1]
2025-01-20T14:53:59.7889269Z    - conda-forge/noarch::jupyterlab_pygments==0.3.0=pyhd8ed1ab_2[md5=fd312693df06da3578383232528c468d]
2025-01-20T14:53:59.7889811Z    - conda-forge/noarch::latexcodec==2.0.1=pyh9f0ad1d_0[md5=8d67904973263afd2985ba56aa2d6bb4]
2025-01-20T14:53:59.7890300Z    - conda-forge/linux-64::lcms2==2.16=hb7c19ff_0[md5=51bb7010fc86f70eee639b4bb7a894f5]
2025-01-20T14:53:59.7890789Z    - conda-forge/linux-64::libblas==3.9.0=24_linux64_openblas[md5=80aea6603a6813b16ec119d00382b772]
2025-01-20T14:53:59.7891294Z    - conda-forge/linux-64::libwebp==1.4.0=h2c329e2_0[md5=80030debaa84cfc31755d53742df3ca6]
2025-01-20T14:53:59.7891768Z    - conda-forge/linux-64::libxslt==1.1.39=h76b75d6_0[md5=e71f31f8cfb0a91439f2086fc8aa0461]
2025-01-20T14:53:59.7892390Z    - conda-forge/noarch::linkify-it-py==2.0.3=pyhd8ed1ab_1[md5=b02fe519b5dc0dc55e7299810fcdfb8e]
2025-01-20T14:53:59.7892921Z    - conda-forge/noarch::markdown-it-py==3.0.0=pyhd8ed1ab_1[md5=fee3164ac23dfca50cfcc8b85ddefb81]
2025-01-20T14:53:59.7893473Z    - conda-forge/noarch::matplotlib-inline==0.1.7=pyhd8ed1ab_1[md5=af6ab708897df59bd6e7283ceab1b56b]
2025-01-20T14:53:59.7893982Z    - conda-forge/linux-64::mpc==1.3.1=h24ddda3_1[md5=aa14b9a5196a6d8dd364164b7ce56acf]
2025-01-20T14:53:59.7894439Z    - conda-forge/linux-64::openjpeg==2.5.2=h488ebb8_0[md5=7f2e286780f072ed750df46dc2631138]
2025-01-20T14:53:59.7894933Z    - conda-forge/noarch::overrides==7.7.0=pyhd8ed1ab_1[md5=e51f1e4089cad105b6cac64bd8166587]
2025-01-20T14:53:59.7895424Z    - conda-forge/noarch::pexpect==4.9.0=pyhd8ed1ab_1[md5=d0d408b1f18883a944376da5cf8101ea]
2025-01-20T14:53:59.7895901Z    - conda-forge/noarch::pip==24.3.1=pyh8b19718_2[md5=04e691b9fadd93a8a9fad87a81d4fd8f]
2025-01-20T14:53:59.7896370Z    - conda-forge/noarch::plotly==5.22.0=pyhd8ed1ab_0[md5=5b409a5f738e7d76c2b426eddb7e9956]
2025-01-20T14:53:59.7896880Z    - conda-forge/noarch::prompt-toolkit==3.0.47=pyha770c72_0[md5=1247c861065d227781231950e14fe817]
2025-01-20T14:53:59.7897383Z    - conda-forge/noarch::pytest==8.2.2=pyhd8ed1ab_0[md5=0f3f49c22c7ef3a1195fa61dad3c43be]
2025-01-20T14:53:59.7897910Z    - conda-forge/noarch::python-dateutil==2.9.0.post0=pyhff2d567_1[md5=5ba79d7c71f03c678c8ead841f347d6e]
2025-01-20T14:53:59.7898455Z    - conda-forge/noarch::pyviz_comms==3.0.4=pyhd8ed1ab_1[md5=99b8cf929b145ae310b333ce3496b56b]
2025-01-20T14:53:59.7899113Z    - conda-forge/linux-64::pyzmq==26.0.3=py312h8fd38d8_0[md5=27efa6d21e98bcab4585a6b913df7625]
2025-01-20T14:53:59.7899624Z    - conda-forge/noarch::referencing==0.35.1=pyhd8ed1ab_1[md5=8c9083612c1bfe6878715ed5732605f8]
2025-01-20T14:53:59.7900164Z    - conda-forge/noarch::rfc3339-validator==0.1.4=pyhd8ed1ab_1[md5=36de09a8d3e5d5e6f4ee63af49e59706]
2025-01-20T14:53:59.7900699Z    - conda-forge/noarch::snakeviz==2.2.0=pyhd8ed1ab_0[md5=d9750d7c0ef0ab69cbee7557e88dd128]
2025-01-20T14:53:59.7901200Z    - conda-forge/noarch::terminado==0.18.1=pyh0d859eb_0[md5=efba281bbdae5f6b0a1d53c6d4a97c93]
2025-01-20T14:53:59.7901699Z    - conda-forge/noarch::tinycss2==1.3.0=pyhd8ed1ab_0[md5=8662629d9a05f9cff364e31ca106c1ac]
2025-01-20T14:53:59.7902165Z    - conda-forge/noarch::tqdm==4.66.4=pyhd8ed1ab_0[md5=e74cd796e70a4261f86699ee0a3a7a24]
2025-01-20T14:53:59.7902678Z    - conda-forge/noarch::typing-extensions==4.12.2=hd8ed1ab_1[md5=b6a408c64b78ec7b779a3e5c7a902433]
2025-01-20T14:53:59.7903270Z    - conda-forge/linux-64::argon2-cffi-bindings==21.2.0=py312h66e93f0_5[md5=1505fc57c305c0a3174ea7aae0a0db25]
2025-01-20T14:53:59.7903802Z    - conda-forge/noarch::arrow==1.3.0=pyhd8ed1ab_1[md5=46b53236fdd990271b03c3978d4218a9]
2025-01-20T14:53:59.7904413Z    - conda-forge/noarch::fqdn==1.5.1=pyhd8ed1ab_1[md5=d3549fd50d450b6d9e7dddff25dd2110]
2025-01-20T14:53:59.7904894Z    - conda-forge/linux-64::gmpy2==2.1.5=py312h7201bc8_3[md5=673ef4d6611f5b4ca7b5c1f8c65a38dc]
2025-01-20T14:53:59.7905386Z    - conda-forge/linux-64::harfbuzz==8.5.0=hfac3d4d_0[md5=f5126317dd0ce0ba26945e411ecc6960]
2025-01-20T14:53:59.7905865Z    - conda-forge/noarch::httpcore==1.0.5=pyhd8ed1ab_0[md5=a6b9a0158301e697e4d0a36a3d60e133]
2025-01-20T14:53:59.7906384Z    - conda-forge/noarch::importlib_metadata==7.1.0=hd8ed1ab_0[md5=6ef2b72d291b39e479d7694efa2b2b98]
2025-01-20T14:53:59.7906989Z    - conda-forge/noarch::jsonschema-specifications==2023.12.1=pyhd8ed1ab_0[md5=a0e4efb5f35786a05af4809a2fb1f855]
2025-01-20T14:53:59.7907626Z    - conda-forge/noarch::jupyter_server_terminals==0.5.3=pyhd8ed1ab_1[md5=2d983ff1b82a1ccb6f2e9d8784bdd6bd]
2025-01-20T14:53:59.7908187Z    - conda-forge/linux-64::libcblas==3.9.0=24_linux64_openblas[md5=f5b8822297c9c790cec0795ca1fc9be6]
2025-01-20T14:53:59.7908687Z    - conda-forge/linux-64::libgd==2.3.3=h119a65a_9[md5=cfebc557e54905dadc355c0e9f003004]
2025-01-20T14:53:59.7909397Z    - conda-forge/linux-64::liblapack==3.9.0=24_linux64_openblas[md5=fd540578678aefe025705f4b58b36b2e]
2025-01-20T14:53:59.7910037Z    - conda-forge/linux-64::lxml==5.2.2=py312hb90d8a5_0[md5=da3e0a20f8eb75072ad036198c37be61]
2025-01-20T14:53:59.7910528Z    - conda-forge/noarch::markdown==3.6=pyhd8ed1ab_0[md5=06e9bebf748a0dea03ecbe1f0e27e909]
2025-01-20T14:53:59.7911060Z    - conda-forge/noarch::mdit-py-plugins==0.4.2=pyhd8ed1ab_1[md5=af2060041d4f3250a7eb6ab3ec0e549b]
2025-01-20T14:53:59.7911614Z    - conda-forge/noarch::pbr==6.0.0=pyhd8ed1ab_0[md5=8dbab5ba746ed14aa32cb232dc437f8f]
2025-01-20T14:53:59.7912110Z    - conda-forge/linux-64::pillow==10.3.0=py312hdcec9eb_0[md5=425bb325f970e57a047ac57c4586489d]
2025-01-20T14:53:59.7912608Z    - conda-forge/noarch::pybtex==0.24.0=pyhd8ed1ab_3[md5=556a52a96313364aa79990ed1337b9a5]
2025-01-20T14:53:59.7913097Z    - conda-forge/noarch::pytest-cov==5.0.0=pyhd8ed1ab_0[md5=c54c0107057d67ddf077751339ec2c63]
2025-01-20T14:53:59.7913630Z    - conda-forge/noarch::pytest-doctestplus==1.2.1=pyhd8ed1ab_0[md5=7aa60393604ac35f03ee479158d7269a]
2025-01-20T14:53:59.7914193Z    - conda-forge/noarch::pytest-metadata==3.1.1=pyhd8ed1ab_1[md5=c4b7295798eff80144dc4ca4551efa80]
2025-01-20T14:53:59.7914735Z    - conda-forge/noarch::setuptools-scm==8.1.0=pyhd8ed1ab_1[md5=ac738a7f524d1b157e53fb9734f85e0e]
2025-01-20T14:53:59.7915269Z    - conda-forge/linux-64::sqlalchemy==2.0.37=py312h66e93f0_0[md5=5e7cae13c89ad31588c2d6699cf8bbba]
2025-01-20T14:53:59.7915780Z    - conda-forge/noarch::stack_data==0.6.2=pyhd8ed1ab_0[md5=e7df0fdd404616638df5ece6e69ba7af]
2025-01-20T14:53:59.7916293Z    - conda-forge/linux-64::watchfiles==1.0.4=py312h12e396e_0[md5=df87129c4cb7afc4a3cbad71a1b9e223]
2025-01-20T14:53:59.7916821Z    - conda-forge/linux-64::zstandard==0.23.0=py312hef9b889_1[md5=8b7069e9792ee4e5b4919a7a306d2e67]
2025-01-20T14:53:59.7917336Z    - conda-forge/noarch::argon2-cffi==23.1.0=pyhd8ed1ab_1[md5=a7ee488b71c30ada51c48468337b85ba]
2025-01-20T14:53:59.7917832Z    - conda-forge/noarch::httpx==0.27.0=pyhd8ed1ab_0[md5=9f359af5a886fd6ca6b2b6ea02e58332]
2025-01-20T14:53:59.7918316Z    - conda-forge/noarch::ipython==8.25.0=pyh707e725_0[md5=98466a37c08f3bdbb500786271859517]
2025-01-20T14:53:59.7918809Z    - conda-forge/noarch::isoduration==20.11.0=pyhd8ed1ab_1[md5=0b0154421989637d424ccf0f104be51a]
2025-01-20T14:53:59.7919448Z    - conda-forge/noarch::jsonschema==4.22.0=pyhd8ed1ab_0[md5=b9661a4b1200d6bc7d8a4cdafdc91468]
2025-01-20T14:53:59.7919965Z    - conda-forge/noarch::jupyter_client==8.6.2=pyhd8ed1ab_0[md5=3cdbb2fa84490e5fd44c9f9806c0d292]
2025-01-20T14:53:59.7920477Z    - conda-forge/linux-64::numpy==2.0.2=py312h58c1407_1[md5=46c8b5eb9925ef7c228fddd09078e16e]
2025-01-20T14:53:59.7920968Z    - conda-forge/linux-64::pango==1.54.0=h84a9a3c_0[md5=7c51e110b2f059c0843269d3324e4b22]
2025-01-20T14:53:59.7921486Z    - conda-forge/linux-64::pybtex-docutils==1.0.3=py312h7900ff3_2[md5=0472f87b9dc0b1db7b501f4d814ba90b]
2025-01-20T14:53:59.7922244Z    - conda-forge/noarch::pytest-html==4.1.1=pyhd8ed1ab_1[md5=010e50e74c467db278f1398a74106a04]
2025-01-20T14:53:59.7922774Z    - conda-forge/noarch::setuptools_scm==8.1.0=hd8ed1ab_1[md5=4b2757cbafd866a23faba9dd2b6fd43e]
2025-01-20T14:53:59.7923310Z    - conda-forge/noarch::sphinxcontrib-apidoc==0.3.0=py_1[md5=855b087883443abb10f5faf6eef40860]
2025-01-20T14:53:59.7923821Z    - conda-forge/noarch::sympy==1.12.1=pypyh2585a3b_103[md5=4af9db19148140eb2ff3b2a93697063b]
2025-01-20T14:53:59.7924306Z    - conda-forge/noarch::urllib3==2.2.2=pyhd8ed1ab_1[md5=e804c43f58255e977093a2298e442bb8]
2025-01-20T14:53:59.7924810Z    - conda-forge/linux-64::contourpy==1.2.1=py312h8572e83_0[md5=12c6a831ef734f0b2dd4caff514cbb7f]
2025-01-20T14:53:59.7925297Z    - conda-forge/linux-64::gtk2==2.24.33=h280cfa0_4[md5=410f86e58e880dcc7b0e910a8e89c05c]
2025-01-20T14:53:59.7925785Z    - conda-forge/linux-64::h5py==3.11.0=nompi_py312hedeef09_103[md5=cec32e68634e4af17ef94d56a196d6ae]
2025-01-20T14:53:59.7926311Z    - conda-forge/noarch::ipykernel==6.29.4=pyh3099207_0[md5=36baf4c745655019de1f29df2535a72b]
2025-01-20T14:53:59.7927004Z    - conda-forge/noarch::jsonschema-with-format-nongpl==4.22.0=pyhd8ed1ab_0[md5=32ab666927ee17b9468c2c72bbd7ba1b]
2025-01-20T14:53:59.7927569Z    - conda-forge/linux-64::librsvg==2.58.1=hadf69e7_0[md5=73fc255d740d23da4f554b58dc4909fd]
2025-01-20T14:53:59.7928059Z    - conda-forge/noarch::nbformat==5.10.4=pyhd8ed1ab_1[md5=bbe1963f1e47f594070ffe87cdf612ea]
2025-01-20T14:53:59.7928554Z    - conda-forge/linux-64::numba==0.60.0=py312h83e6fd3_0[md5=e064ca33edf91ac117236c4b5dee207a]
2025-01-20T14:53:59.7929157Z    - conda-forge/linux-64::numexpr==2.10.0=py312hf412c99_100[md5=302f3d106749fc6e101a189fbdadd2d5]
2025-01-20T14:53:59.7929657Z    - conda-forge/linux-64::pandas==2.2.2=py312h1d6d2e6_1[md5=ae00b61f3000d2284d1f2584d4dfafa8]
2025-01-20T14:53:59.7930152Z    - conda-forge/linux-64::pyerfa==2.0.1.4=py312hc0a28a1_2[md5=b87e7774577be899bf63cda81294838c]
2025-01-20T14:53:59.7930657Z    - conda-forge/noarch::requests==2.32.3=pyhd8ed1ab_1[md5=a9b9368f3701a417eac9edbcae7cb737]
2025-01-20T14:53:59.7931147Z    - conda-forge/linux-64::scipy==1.13.1=py312hc2bc53b_0[md5=864b2399a9c998e17d1a9a4e0c601285]
2025-01-20T14:53:59.7931633Z    - conda-forge/linux-64::astropy==6.1.1=py312h4fc7734_1[md5=371caa4251536f5d497100fd6d6859cb]
2025-01-20T14:53:59.7932123Z    - conda-forge/noarch::bokeh==3.6.2=pyhd8ed1ab_1[md5=976ff24762f1f991b08f7a7a41875086]
2025-01-20T14:53:59.7932600Z    - conda-forge/linux-64::graphviz==11.0.0=hc68bbd7_0[md5=52a531ef95358086a56086c45d97ab75]
2025-01-20T14:53:59.7933163Z    - conda-forge/noarch::jupyter_events==0.10.0=pyhd8ed1ab_1[md5=62186e6383f38cc6a3466f0fadde3f2e]
2025-01-20T14:53:59.7933718Z    - conda-forge/linux-64::matplotlib-base==3.8.4=py312h20ab3a6_2[md5=fbfe798f83f0d66410903ad8f40d5283]
2025-01-20T14:53:59.7934251Z    - conda-forge/noarch::nbclient==0.10.0=pyhd8ed1ab_0[md5=15b51397e0fe8ea7d7da60d83eb76ebc]
2025-01-20T14:53:59.7934761Z    - conda-forge/linux-64::pytables==3.10.2=py312h2895ec7_0[md5=5b5ea476502dfa2d39c269e75be7c6e1]
2025-01-20T14:53:59.7935285Z    - conda-forge/noarch::jupyter-cache==1.0.1=pyhff2d567_0[md5=b0ee650829b8974202a7abe7f8b81e5a]
2025-01-20T14:53:59.7935828Z    - conda-forge/noarch::nbconvert-core==7.16.4=pyhd8ed1ab_3[md5=fbc9010c36dd6fe433c045394df78efa]
2025-01-20T14:53:59.7936337Z    - conda-forge/noarch::panel==1.5.5=pyhd8ed1ab_0[md5=8b08e8583b83f7c1a0d9991bf7d497f3]
2025-01-20T14:53:59.7936844Z    - conda-forge/linux-64::pygraphviz==1.13=py312h4a1d8a7_1[md5=92a342fbfdba1ff7b29e1642d7d178b9]
2025-01-20T14:53:59.7937383Z    - conda-forge/noarch::radioactivedecay==0.5.1=pyhd8ed1ab_1[md5=aa87414b02794e2987c909ab373dec68]
2025-01-20T14:53:59.7937923Z    - conda-forge/noarch::jupyter_server==2.14.1=pyhd8ed1ab_1[md5=74321d43533c8651d7ae758b90242cb9]
2025-01-20T14:53:59.7938450Z    - conda-forge/noarch::nbconvert-pandoc==7.16.4=hd8ed1ab_3[md5=68b369ee7e24bd895c92722d22d0560f]
2025-01-20T14:53:59.7939062Z    - conda-forge/noarch::jupyter-lsp==2.2.5=pyhd8ed1ab_1[md5=0b4c3908e5a38ea22ebb98ee5888c768]
2025-01-20T14:53:59.7939742Z    - conda-forge/noarch::jupyterlab_server==2.27.2=pyhd8ed1ab_0[md5=d1cb7b113daaadd89e5aa6a32b28bf0d]
2025-01-20T14:53:59.7940278Z    - conda-forge/noarch::nbconvert==7.16.4=hd8ed1ab_3[md5=59b074b5c8185ec0f66b0b0229592c83]
2025-01-20T14:53:59.7940790Z    - conda-forge/noarch::notebook-shim==0.2.4=pyhd8ed1ab_1[md5=e7f89ea5f7ea9401642758ff50a2d9c1]
2025-01-20T14:53:59.7941300Z    - conda-forge/noarch::jupyterlab==4.2.2=pyhd8ed1ab_0[md5=405a9d330af26391c8001d56b3ef4239]
2025-01-20T14:53:59.7941807Z    - conda-forge/noarch::nbclassic==1.1.0=pyhd8ed1ab_1[md5=7a4d3e43cf7f83774d9a50051a6a7f62]
2025-01-20T14:53:59.7942301Z    - conda-forge/noarch::notebook==7.2.1=pyhd8ed1ab_0[md5=08fa71a038c2cac2e636a5a456df15d5]
2025-01-20T14:53:59.7942844Z    - conda-forge/noarch::widgetsnbextension==3.6.10=pyhd8ed1ab_0[md5=4d52bbdb661dc1b5a1c2aeb1afcd9a67]
2025-01-20T14:53:59.7943383Z    - conda-forge/noarch::ipywidgets==7.8.5=pyhd8ed1ab_0[md5=47672c493015ab57d5fcde9531ab18ef]
2025-01-20T14:53:59.7943874Z    - conda-forge/noarch::qgrid==1.3.1=pyhd8ed1ab_5[md5=0c8b2cb049b04f79899c1f2dee65091b]
2025-01-20T14:53:59.7944481Z    - conda-forge/noarch::myst-parser==4.0.0=pyhd8ed1ab_1[md5=fbc398f13e5f5a90f9065eaa5d91a28f]
2025-01-20T14:53:59.7944968Z    - conda-forge/noarch::myst-nb==1.1.2=pyhd8ed1ab_1[md5=b78625bb0b4b144fe7048523a178986d]
2025-01-20T14:53:59.7945451Z    - conda-forge/noarch::nbsphinx==0.9.4=pyhd8ed1ab_0[md5=9dc80eaeff56fb67dbf4f871b81bc13a]
2025-01-20T14:53:59.7945940Z    - conda-forge/noarch::numpydoc==1.7.0=pyhd8ed1ab_3[md5=4f5a67d2176fe024a7d83b3eb09b8e13]
2025-01-20T14:53:59.7946478Z    - conda-forge/noarch::pydata-sphinx-theme==0.15.4=pyhd8ed1ab_0[md5=c7c50dd5192caa58a05e6a4248a27acb]
2025-01-20T14:53:59.7947021Z    - conda-forge/noarch::recommonmark==0.7.1=pyhd8ed1ab_1[md5=2ab45b31c22ffd541590bd73011cccb2]
2025-01-20T14:53:59.7947564Z    - conda-forge/noarch::sphinx-automodapi==0.17.0=pyh717bed2_1[md5=ee327fec39b9a01d03d3010463df3ee1]
2025-01-20T14:53:59.7948125Z    - conda-forge/noarch::sphinx-copybutton==0.5.2=pyhd8ed1ab_1[md5=bf22cb9c439572760316ce0748af3713]
2025-01-20T14:53:59.7948669Z    - conda-forge/noarch::sphinx-design==0.6.1=pyhd8ed1ab_2[md5=3e6c15d914b03f83fc96344f917e0838]
2025-01-20T14:53:59.7949323Z    - conda-forge/noarch::sphinx-gallery==0.16.0=pyhd8ed1ab_0[md5=add28691ee89e875b190eda07929d5d4]
2025-01-20T14:53:59.7949874Z    - conda-forge/noarch::sphinx-jsonschema==1.19.1=pyhd8ed1ab_1[md5=dece792362306fc18e3117d93863a921]
2025-01-20T14:53:59.7950454Z    - conda-forge/noarch::sphinxcontrib-applehelp==1.0.8=pyhd8ed1ab_0[md5=611a35a27914fac3aa37611a6fe40bb5]
2025-01-20T14:53:59.7951043Z    - conda-forge/noarch::sphinxcontrib-bibtex==2.6.2=pyhd8ed1ab_0[md5=ac0947374ec8b703181808828bf5dfec]
2025-01-20T14:53:59.7951621Z    - conda-forge/noarch::sphinxcontrib-devhelp==1.0.6=pyhd8ed1ab_0[md5=d7e4954df0d3aea2eacc7835ad12671d]
2025-01-20T14:53:59.7952228Z    - conda-forge/noarch::sphinxcontrib-htmlhelp==2.0.5=pyhd8ed1ab_0[md5=7e1e7437273682ada2ed5e9e9714b140]
2025-01-20T14:53:59.7952812Z    - conda-forge/noarch::sphinxcontrib-jquery==4.1=pyhd8ed1ab_1[md5=403185829255321ea427333f7773dd1f]
2025-01-20T14:53:59.7953361Z    - conda-forge/noarch::sphinx-astropy==1.9.1=pyhd8ed1ab_1[md5=143070f15bdac34b79c607e5ae59ab1d]
2025-01-20T14:53:59.7953890Z    - conda-forge/noarch::sphinx_rtd_theme==2.0.0=pyha770c72_0[md5=baf6d9a33df1a789ca55e3b404c7ea28]
2025-01-20T14:53:59.7954449Z    - conda-forge/noarch::sphinxcontrib-qthelp==1.0.7=pyhd8ed1ab_0[md5=26acae54b06f178681bfb551760f5dd1]
2025-01-20T14:53:59.7954975Z    - conda-forge/noarch::sphinx==7.3.7=pyhd8ed1ab_0[md5=7b1465205e28d75d2c0e1a868ee00a67]
2025-01-20T14:53:59.7955544Z    - conda-forge/noarch::sphinxcontrib-serializinghtml==1.1.10=pyhd8ed1ab_1[md5=3bc61f7161d28137797e038263c04c54]
2025-01-20T14:53:59.7956159Z    - conda-forge/noarch::sphinxext-rediraffe==0.2.7=pyhd8ed1ab_2[md5=6e9abf97190dc7a1f0c207e86ef3abc5]
2025-01-20T14:53:59.7956658Z    - pyviz/noarch::nbsite==0.8.7=py_0[md5=8d3e4c7cf9d2304ad6a44b57a60c643f]
2025-01-20T14:53:59.7957028Z 
2025-01-20T14:53:59.7957033Z 
2025-01-20T14:53:59.7957190Z   Package                                      Version  Build                    Channel         Size
2025-01-20T14:53:59.7957924Z ───────────────────────────────────────────────────────────────────────────────────────────────────────
2025-01-20T14:53:59.7958290Z   Install:
2025-01-20T14:53:59.7958698Z ───────────────────────────────────────────────────────────────────────────────────────────────────────
2025-01-20T14:53:59.7959092Z 
2025-01-20T14:53:59.7959256Z   + _libgcc_mutex                                  0.1  conda_forge              conda-forge         
2025-01-20T14:53:59.7959662Z   + ca-certificates                         2024.12.14  hbcca054_0               conda-forge         
2025-01-20T14:53:59.7960107Z   + font-ttf-dejavu-sans-mono                     2.37  hab24e00_0               conda-forge         
2025-01-20T14:53:59.7960558Z   + font-ttf-inconsolata                         3.000  h77eed37_0               conda-forge         
2025-01-20T14:53:59.7961013Z   + font-ttf-source-code-pro                     2.038  h77eed37_0               conda-forge         
2025-01-20T14:53:59.7961585Z   + font-ttf-ubuntu                               0.83  h77eed37_3               conda-forge         
2025-01-20T14:53:59.7961961Z   + git-lfs                                      3.5.1  h647637d_1               conda-forge         
2025-01-20T14:53:59.7962321Z   + ld_impl_linux-64                              2.40  hf3520f5_7               conda-forge         
2025-01-20T14:53:59.7962667Z   + nomkl                                          1.0  h5ca1d4c_0               conda-forge         
2025-01-20T14:53:59.7963007Z   + pandoc                                       3.2.1  ha770c72_0               conda-forge         
2025-01-20T14:53:59.7963359Z   + python_abi                                    3.12  5_cp312                  conda-forge         
2025-01-20T14:53:59.7963706Z   + tzdata                                       2024a  h8827d51_1               conda-forge         
2025-01-20T14:53:59.7964079Z   + fonts-conda-forge                                1  0                        conda-forge         
2025-01-20T14:53:59.7964458Z   + libgomp                                     14.2.0  h77fa898_1               conda-forge         
2025-01-20T14:53:59.7964817Z   + _openmp_mutex                                  4.5  2_gnu                    conda-forge         
2025-01-20T14:53:59.7965210Z   + fonts-conda-ecosystem                            1  0                        conda-forge         
2025-01-20T14:53:59.7965594Z   + libgcc                                      14.2.0  h77fa898_1               conda-forge         
2025-01-20T14:53:59.7965976Z   + libbrotlicommon                              1.1.0  hb9d3cd8_2               conda-forge         
2025-01-20T14:53:59.7966354Z   + libgcc-ng                                   14.2.0  h69a702a_1               conda-forge         
2025-01-20T14:53:59.7966721Z   + libstdcxx                                   14.2.0  hc0a3c3a_1               conda-forge         
2025-01-20T14:53:59.7967079Z   + libzlib                                      1.3.1  hb9d3cd8_2               conda-forge         
2025-01-20T14:53:59.7967428Z   + ncurses                                        6.5  h2d0b736_2               conda-forge         
2025-01-20T14:53:59.7967776Z   + openssl                                      3.4.0  h7b32b05_1               conda-forge         
2025-01-20T14:53:59.7968147Z   + pthread-stubs                                  0.4  hb9d3cd8_1002            conda-forge         
2025-01-20T14:53:59.7968533Z   + xorg-kbproto                                 1.0.7  hb9d3cd8_1003            conda-forge         
2025-01-20T14:53:59.7969003Z   + xorg-libice                                  1.1.1  hb9d3cd8_1               conda-forge         
2025-01-20T14:53:59.7969380Z   + xorg-libxau                                 1.0.11  hb9d3cd8_1               conda-forge         
2025-01-20T14:53:59.7969901Z   + xorg-libxdmcp                                1.1.3  hb9d3cd8_2               conda-forge         
2025-01-20T14:53:59.7970302Z   + xorg-renderproto                            0.11.1  hb9d3cd8_1003            conda-forge         
2025-01-20T14:53:59.7970703Z   + xorg-xextproto                               7.3.0  hb9d3cd8_1004            conda-forge         
2025-01-20T14:53:59.7971084Z   + xorg-xproto                                 7.0.31  hb9d3cd8_1008            conda-forge         
2025-01-20T14:53:59.7971440Z   + bzip2                                        1.0.8  h4bc722e_7               conda-forge         
2025-01-20T14:53:59.7971777Z   + c-ares                                      1.28.1  hd590300_0               conda-forge         
2025-01-20T14:53:59.7972122Z   + fribidi                                     1.0.10  h36c2ea0_0               conda-forge         
2025-01-20T14:53:59.7972469Z   + giflib                                       5.2.2  hd590300_0               conda-forge         
2025-01-20T14:53:59.7972818Z   + keyutils                                     1.6.1  h166bdaf_0               conda-forge         
2025-01-20T14:53:59.7973310Z   + libbrotlidec                                 1.1.0  hb9d3cd8_2               conda-forge         
2025-01-20T14:53:59.7973695Z   + libbrotlienc                                 1.1.0  hb9d3cd8_2               conda-forge         
2025-01-20T14:53:59.7974069Z   + libdeflate                                    1.20  hd590300_0               conda-forge         
2025-01-20T14:53:59.7974442Z   + libedit                               3.1.20191231  he28a2e2_2               conda-forge         
2025-01-20T14:53:59.7974794Z   + libev                                         4.33  hd590300_2               conda-forge         
2025-01-20T14:53:59.7975140Z   + libexpat                                     2.6.2  h59595ed_0               conda-forge         
2025-01-20T14:53:59.7975487Z   + libffi                                       3.4.2  h7f98852_5               conda-forge         
2025-01-20T14:53:59.7975857Z   + libgfortran5                                13.2.0  h3d2ce59_13              conda-forge         
2025-01-20T14:53:59.7976235Z   + libiconv                                      1.17  hd590300_2               conda-forge         
2025-01-20T14:53:59.7976600Z   + libjpeg-turbo                                3.0.0  hd590300_1               conda-forge         
2025-01-20T14:53:59.7976968Z   + libnsl                                       2.0.1  hd590300_0               conda-forge         
2025-01-20T14:53:59.7977310Z   + libpng                                      1.6.43  h2797004_0               conda-forge         
2025-01-20T14:53:59.7977667Z   + libsodium                                   1.0.18  h36c2ea0_1               conda-forge         
2025-01-20T14:53:59.7978032Z   + libsqlite                                   3.46.0  hde9e2c9_0               conda-forge         
2025-01-20T14:53:59.7978391Z   + libssh2                                     1.11.0  h0841786_0               conda-forge         
2025-01-20T14:53:59.7978758Z   + libstdcxx-ng                                14.2.0  h4852527_1               conda-forge         
2025-01-20T14:53:59.7979220Z   + libuuid                                     2.38.1  h0b41bf4_0               conda-forge         
2025-01-20T14:53:59.7979588Z   + libwebp-base                                 1.4.0  hd590300_0               conda-forge         
2025-01-20T14:53:59.7979946Z   + libxcb                                        1.15  h0b41bf4_0               conda-forge         
2025-01-20T14:53:59.7980296Z   + libxcrypt                                   4.4.36  hd590300_1               conda-forge         
2025-01-20T14:53:59.7980638Z   + lzo                                           2.10  hd590300_1001            conda-forge         
2025-01-20T14:53:59.7980970Z   + readline                                       8.2  h8228510_1               conda-forge         
2025-01-20T14:53:59.7981434Z   + tk                                          8.6.13  noxft_h4845f30_101       conda-forge         
2025-01-20T14:53:59.7981744Z   + xz                                           5.2.6  h166bdaf_0               conda-forge         
2025-01-20T14:53:59.7982063Z   + yaml                                         0.2.5  h7f98852_2               conda-forge         
2025-01-20T14:53:59.7982388Z   + zlib                                         1.3.1  hb9d3cd8_2               conda-forge         
2025-01-20T14:53:59.7982712Z   + zlib-ng                                      2.2.3  h7955e40_0               conda-forge         
2025-01-20T14:53:59.7983063Z   + brotli-bin                                   1.1.0  hb9d3cd8_2               conda-forge         
2025-01-20T14:53:59.7983415Z   + expat                                        2.6.2  h59595ed_0               conda-forge         
2025-01-20T14:53:59.7983760Z   + freetype                                    2.12.1  h267a509_2               conda-forge         
2025-01-20T14:53:59.7984099Z   + gmp                                          6.3.0  hac33072_2               conda-forge         
2025-01-20T14:53:59.7984558Z   + graphite2                                   1.3.13  h59595ed_1003            conda-forge         
2025-01-20T14:53:59.7984903Z   + icu                                           73.2  h59595ed_0               conda-forge         
2025-01-20T14:53:59.7985215Z   + krb5                                        1.21.2  h659d440_0               conda-forge         
2025-01-20T14:53:59.7985540Z   + lerc                                         4.0.0  h27087fc_0               conda-forge         
2025-01-20T14:53:59.7985872Z   + libaec                                       1.1.3  h59595ed_0               conda-forge         
2025-01-20T14:53:59.7986237Z   + libgfortran-ng                              13.2.0  h69a702a_13              conda-forge         
2025-01-20T14:53:59.7986620Z   + libllvm14                                   14.0.6  hcd5def8_4               conda-forge         
2025-01-20T14:53:59.7986998Z   + libnghttp2                                  1.58.0  h47da74e_1               conda-forge         
2025-01-20T14:53:59.7987362Z   + lz4-c                                        1.9.4  hcb278e6_0               conda-forge         
2025-01-20T14:53:59.7987689Z   + pcre2                                        10.44  hba22ea6_2               conda-forge         
2025-01-20T14:53:59.7988028Z   + pixman                                      0.43.2  h59595ed_0               conda-forge         
2025-01-20T14:53:59.7988380Z   + python                                      3.12.4  h194c7f8_0_cpython       conda-forge         
2025-01-20T14:53:59.7988726Z   + snappy                                       1.2.0  hdb0a2a9_1               conda-forge         
2025-01-20T14:53:59.7989212Z   + xorg-libsm                                   1.2.4  he73a12e_1               conda-forge         
2025-01-20T14:53:59.7989581Z   + xorg-libx11                                  1.8.9  h8ee46fc_0               conda-forge         
2025-01-20T14:53:59.7989940Z   + zstd                                         1.5.6  ha6fb4c9_0               conda-forge         
2025-01-20T14:53:59.7990292Z   + alabaster                                   0.7.16  pyhd8ed1ab_0             conda-forge         
2025-01-20T14:53:59.7990713Z   + astropy-iers-data              0.2024.6.17.0.31.35  pyhd8ed1ab_0             conda-forge         
2025-01-20T14:53:59.7991114Z   + attrs                                       23.2.0  pyh71513ae_0             conda-forge         
2025-01-20T14:53:59.7991444Z   + blosc                                       1.21.6  hef167b5_0               conda-forge         
2025-01-20T14:53:59.7991787Z   + brotli                                       1.1.0  hb9d3cd8_2               conda-forge         
2025-01-20T14:53:59.7992162Z   + brotli-python                                1.1.0  py312h2ec8cdc_2          conda-forge         
2025-01-20T14:53:59.7992529Z   + c-blosc2                                    2.15.2  h68e2383_0               conda-forge         
2025-01-20T14:53:59.7993030Z   + cached_property                              1.5.2  pyha770c72_1             conda-forge         
2025-01-20T14:53:59.7993422Z   + certifi                                 2024.12.14  pyhd8ed1ab_0             conda-forge         
2025-01-20T14:53:59.7993828Z   + charset-normalizer                           3.3.2  pyhd8ed1ab_0             conda-forge         
2025-01-20T14:53:59.7994208Z   + click                                        8.1.7  unix_pyh707e725_1        conda-forge         
2025-01-20T14:53:59.7994566Z   + codespell                                    2.3.0  pyhd8ed1ab_1             conda-forge         
2025-01-20T14:53:59.7994939Z   + colorama                                     0.4.6  pyhd8ed1ab_1             conda-forge         
2025-01-20T14:53:59.7995290Z   + cycler                                      0.12.1  pyhd8ed1ab_1             conda-forge         
2025-01-20T14:53:59.7995657Z   + dataclasses                                    0.8  pyhc8e2a94_3             conda-forge         
2025-01-20T14:53:59.7996029Z   + debugpy                                      1.8.1  py312h30efb56_0          conda-forge         
2025-01-20T14:53:59.7996508Z   + decorator                                    5.1.1  pyhd8ed1ab_1             conda-forge         
2025-01-20T14:53:59.7996876Z   + defusedxml                                   0.7.1  pyhd8ed1ab_0             conda-forge         
2025-01-20T14:53:59.7997248Z   + docutils                                    0.20.1  py312h7900ff3_3          conda-forge         
2025-01-20T14:53:59.7997619Z   + entrypoints                                    0.4  pyhd8ed1ab_1             conda-forge         
2025-01-20T14:53:59.7998007Z   + exceptiongroup                               1.2.0  pyhd8ed1ab_2             conda-forge         
2025-01-20T14:53:59.7998392Z   + executing                                    2.0.1  pyhd8ed1ab_0             conda-forge         
2025-01-20T14:53:59.7998770Z   + fontconfig                                  2.14.2  h14ed4e7_0               conda-forge         
2025-01-20T14:53:59.7999232Z   + future                                       1.0.0  pyhd8ed1ab_1             conda-forge         
2025-01-20T14:53:59.7999592Z   + greenlet                                     3.1.1  py312h2ec8cdc_1          conda-forge         
2025-01-20T14:53:59.7999944Z   + hpack                                        4.0.0  pyhd8ed1ab_1             conda-forge         
2025-01-20T14:53:59.8000299Z   + hyperframe                                   6.0.1  pyhd8ed1ab_1             conda-forge         
2025-01-20T14:53:59.8000653Z   + idna                                           3.7  pyhd8ed1ab_0             conda-forge         
2025-01-20T14:53:59.8001002Z   + imagesize                                    1.4.1  pyhd8ed1ab_0             conda-forge         
2025-01-20T14:53:59.8001371Z   + iniconfig                                    2.0.0  pyhd8ed1ab_1             conda-forge         
2025-01-20T14:53:59.8001759Z   + ipython_genutils                             0.2.0  pyhd8ed1ab_2             conda-forge         
2025-01-20T14:53:59.8002142Z   + json5                                       0.9.25  pyhd8ed1ab_0             conda-forge         
2025-01-20T14:53:59.8002508Z   + jsonpointer                                  3.0.0  py312h7900ff3_1          conda-forge         
2025-01-20T14:53:59.8002912Z   + jupyterlab_widgets                          1.1.11  pyhd8ed1ab_0             conda-forge         
2025-01-20T14:53:59.8003307Z   + kiwisolver                                   1.4.5  py312h68727a3_2          conda-forge         
2025-01-20T14:53:59.8003670Z   + libcurl                                      8.8.0  hca28451_0               conda-forge         
2025-01-20T14:53:59.8004020Z   + libglib                                     2.80.2  h8a4344b_1               conda-forge         
2025-01-20T14:53:59.8004390Z   + libopenblas                                 0.3.27  pthreads_hac2b453_1      conda-forge         
2025-01-20T14:53:59.8004888Z   + libtiff                                      4.6.0  h1dd3fc0_3               conda-forge         
2025-01-20T14:53:59.8005248Z   + libxml2                                     2.12.7  h4c95cb1_3               conda-forge         
2025-01-20T14:53:59.8005601Z   + llvmlite                                    0.43.0  py312h374181b_1          conda-forge         
2025-01-20T14:53:59.8005972Z   + markupsafe                                   2.1.5  py312h66e93f0_1          conda-forge         
2025-01-20T14:53:59.8006333Z   + mdurl                                        0.1.2  pyhd8ed1ab_1             conda-forge         
2025-01-20T14:53:59.8006678Z   + mistune                                      3.0.2  pyhd8ed1ab_1             conda-forge         
2025-01-20T14:53:59.8007016Z   + mpfr                                         4.2.1  h90cbb55_3               conda-forge         
2025-01-20T14:53:59.8007357Z   + mpmath                                       1.3.0  pyhd8ed1ab_1             conda-forge         
2025-01-20T14:53:59.8007714Z   + munkres                                      1.1.4  pyh9f0ad1d_0             conda-forge         
2025-01-20T14:53:59.8008226Z   + mypy_extensions                              1.0.0  pyha770c72_1             conda-forge         
2025-01-20T14:53:59.8008622Z   + nest-asyncio                                 1.6.0  pyhd8ed1ab_1             conda-forge         
2025-01-20T14:53:59.8009088Z   + networkx                                       3.3  pyhd8ed1ab_1             conda-forge         
2025-01-20T14:53:59.8009457Z   + packaging                                     24.1  pyhd8ed1ab_0             conda-forge         
2025-01-20T14:53:59.8009840Z   + pandocfilters                                1.5.0  pyhd8ed1ab_0             conda-forge         
2025-01-20T14:53:59.8010209Z   + param                                        2.2.0  pyhd8ed1ab_0             conda-forge         
2025-01-20T14:53:59.8010551Z   + parso                                        0.8.4  pyhd8ed1ab_1             conda-forge         
2025-01-20T14:53:59.8010910Z   + pathspec                                    0.12.1  pyhd8ed1ab_1             conda-forge         
2025-01-20T14:53:59.8011293Z   + pickleshare                                  0.7.5  pyhd8ed1ab_1004          conda-forge         
2025-01-20T14:53:59.8011736Z   + pkgutil-resolve-name                        1.3.10  pyhd8ed1ab_2             conda-forge         
2025-01-20T14:53:59.8012157Z   + platformdirs                                 4.2.2  pyhd8ed1ab_0             conda-forge         
2025-01-20T14:53:59.8012527Z   + pluggy                                       1.5.0  pyhd8ed1ab_1             conda-forge         
2025-01-20T14:53:59.8012887Z   + portalocker                                  3.0.0  py312h7900ff3_0          conda-forge         
2025-01-20T14:53:59.8013286Z   + prometheus_client                           0.20.0  pyhd8ed1ab_0             conda-forge         
2025-01-20T14:53:59.8013675Z   + psutil                                       5.9.8  py312h98912ed_0          conda-forge         
2025-01-20T14:53:59.8014037Z   + ptyprocess                                   0.7.0  pyhd8ed1ab_1             conda-forge         
2025-01-20T14:53:59.8014405Z   + pure_eval                                    0.2.2  pyhd8ed1ab_0             conda-forge         
2025-01-20T14:53:59.8014775Z   + py-cpuinfo                                   9.0.0  pyhd8ed1ab_1             conda-forge         
2025-01-20T14:53:59.8015145Z   + pycparser                                     2.22  pyh29332c3_1             conda-forge         
2025-01-20T14:53:59.8015507Z   + pygments                                    2.18.0  pyhd8ed1ab_1             conda-forge         
2025-01-20T14:53:59.8015872Z   + pyparsing                                    3.1.2  pyhd8ed1ab_0             conda-forge         
2025-01-20T14:53:59.8016238Z   + pysocks                                      1.7.1  pyha55dd90_7             conda-forge         
2025-01-20T14:53:59.8016767Z   + python-fastjsonschema                       2.20.0  pyhd8ed1ab_0             conda-forge         
2025-01-20T14:53:59.8017215Z   + python-json-logger                           2.0.7  pyhd8ed1ab_0             conda-forge         
2025-01-20T14:53:59.8017621Z   + python-tzdata                               2024.1  pyhd8ed1ab_0             conda-forge         
2025-01-20T14:53:59.8017990Z   + pytz                                        2024.1  pyhd8ed1ab_0             conda-forge         
2025-01-20T14:53:59.8018333Z   + pyyaml                                       6.0.1  py312h98912ed_1          conda-forge         
2025-01-20T14:53:59.8018709Z   + rfc3986-validator                            0.1.1  pyh9f0ad1d_0             conda-forge         
2025-01-20T14:53:59.8019188Z   + rpds-py                                     0.18.1  py312h4413252_0          conda-forge         
2025-01-20T14:53:59.8019527Z   + ruff                                         0.4.9  py312h5715c7c_0          conda-forge         
2025-01-20T14:53:59.8019879Z   + send2trash                                   1.8.3  pyh0d859eb_1             conda-forge         
2025-01-20T14:53:59.8020397Z   + setuptools                                  70.0.0  pyhd8ed1ab_0             conda-forge         
2025-01-20T14:53:59.8020762Z   + six                                         1.16.0  pyhd8ed1ab_1             conda-forge         
2025-01-20T14:53:59.8021107Z   + sniffio                                      1.3.1  pyhd8ed1ab_1             conda-forge         
2025-01-20T14:53:59.8021488Z   + snowballstemmer                              2.2.0  pyhd8ed1ab_0             conda-forge         
2025-01-20T14:53:59.8021889Z   + soupsieve                                      2.5  pyhd8ed1ab_1             conda-forge         
2025-01-20T14:53:59.8022294Z   + sphinx_bootstrap_theme                       0.8.1  pyhd8ed1ab_1             conda-forge         
2025-01-20T14:53:59.8022730Z   + sphinxcontrib-jsmath                         1.0.1  pyhd8ed1ab_1             conda-forge         
2025-01-20T14:53:59.8023138Z   + tabulate                                     0.9.0  pyhd8ed1ab_2             conda-forge         
2025-01-20T14:53:59.8023510Z   + tenacity                                     8.4.1  pyhd8ed1ab_0             conda-forge         
2025-01-20T14:53:59.8023859Z   + toml                                        0.10.2  pyhd8ed1ab_1             conda-forge         
2025-01-20T14:53:59.8024194Z   + tomli                                        2.0.1  pyhd8ed1ab_0             conda-forge         
2025-01-20T14:53:59.8024547Z   + tornado                                      6.4.1  py312h66e93f0_1          conda-forge         
2025-01-20T14:53:59.8024913Z   + traitlets                                   5.14.3  pyhd8ed1ab_1             conda-forge         
2025-01-20T14:53:59.8025275Z   + typed-ast                                    1.5.5  py312h98912ed_1          conda-forge         
2025-01-20T14:53:59.8025704Z   + types-python-dateutil               2.9.0.20240316  pyhd8ed1ab_0             conda-forge         
2025-01-20T14:53:59.8026162Z   + typing_extensions                           4.12.2  pyha770c72_1             conda-forge         
2025-01-20T14:53:59.8026565Z   + typing_utils                                 0.1.0  pyhd8ed1ab_1             conda-forge         
2025-01-20T14:53:59.8026940Z   + uc-micro-py                                  1.0.3  pyhd8ed1ab_1             conda-forge         
2025-01-20T14:53:59.8027316Z   + uri-template                                 1.3.0  pyhd8ed1ab_1             conda-forge         
2025-01-20T14:53:59.8027690Z   + wcwidth                                     0.2.13  pyhd8ed1ab_1             conda-forge         
2025-01-20T14:53:59.8028052Z   + webcolors                                   24.6.0  pyhd8ed1ab_0             conda-forge         
2025-01-20T14:53:59.8028439Z   + webencodings                                 0.5.1  pyhd8ed1ab_3             conda-forge         
2025-01-20T14:53:59.8028843Z   + websocket-client                             1.8.0  pyhd8ed1ab_1             conda-forge         
2025-01-20T14:53:59.8029481Z   + wheel                                       0.43.0  pyhd8ed1ab_1             conda-forge         
2025-01-20T14:53:59.8029855Z   + xorg-libxext                                 1.3.4  h0b41bf4_2               conda-forge         
2025-01-20T14:53:59.8030259Z   + xorg-libxrender                             0.9.11  hd590300_0               conda-forge         
2025-01-20T14:53:59.8030672Z   + xyzservices                               2025.1.0  pyhd8ed1ab_0             conda-forge         
2025-01-20T14:53:59.8031042Z   + zeromq                                       4.3.5  h75354e8_4               conda-forge         
2025-01-20T14:53:59.8031385Z   + zipp                                        3.19.2  pyhd8ed1ab_0             conda-forge         
2025-01-20T14:53:59.8031791Z   + accessible-pygments                          0.0.5  pyhd8ed1ab_1             conda-forge         
2025-01-20T14:53:59.8032182Z   + anyio                                        4.4.0  pyhd8ed1ab_0             conda-forge         
2025-01-20T14:53:59.8032570Z   + astropy-sphinx-theme                           1.1  pyhd8ed1ab_1             conda-forge         
2025-01-20T14:53:59.8033094Z   + asttokens                                    2.4.1  pyhd8ed1ab_0             conda-forge         
2025-01-20T14:53:59.8033465Z   + async-lru                                    2.0.4  pyhd8ed1ab_1             conda-forge         
2025-01-20T14:53:59.8033809Z   + atk-1.0                                     2.38.0  h04ea711_2               conda-forge         
2025-01-20T14:53:59.8034145Z   + babel                                       2.14.0  pyhd8ed1ab_0             conda-forge         
2025-01-20T14:53:59.8034518Z   + beautifulsoup4                              4.12.3  pyha770c72_1             conda-forge         
2025-01-20T14:53:59.8034890Z   + bleach                                       6.1.0  pyhd8ed1ab_0             conda-forge         
2025-01-20T14:53:59.8035274Z   + cached-property                              1.5.2  hd8ed1ab_1               conda-forge         
2025-01-20T14:53:59.8035652Z   + cairo                                       1.18.0  h3faef2a_0               conda-forge         
2025-01-20T14:53:59.8035983Z   + cffi                                        1.16.0  py312hf06ca03_0          conda-forge         
2025-01-20T14:53:59.8036317Z   + comm                                         0.2.2  pyhd8ed1ab_1             conda-forge         
2025-01-20T14:53:59.8036662Z   + commonmark                                   0.9.1  py_0                     conda-forge         
2025-01-20T14:53:59.8037026Z   + coverage                                     7.5.3  py312h9a8786e_0          conda-forge         
2025-01-20T14:53:59.8037381Z   + dot2tex                                     2.11.3  pyhd8ed1ab_1             conda-forge         
2025-01-20T14:53:59.8037747Z   + fonttools                                   4.53.0  py312h9a8786e_0          conda-forge         
2025-01-20T14:53:59.8038129Z   + gdk-pixbuf                                 2.42.12  hb9ae30d_0               conda-forge         
2025-01-20T14:53:59.8038479Z   + gts                                          0.7.6  h977cf35_4               conda-forge         
2025-01-20T14:53:59.8038805Z   + h11                                         0.14.0  pyhd8ed1ab_1             conda-forge         
2025-01-20T14:53:59.8039616Z   + h2                                           4.1.0  pyhd8ed1ab_1             conda-forge         
2025-01-20T14:53:59.8039974Z   + hdf5                                        1.14.3  nompi_hdf9ad27_105       conda-forge         
2025-01-20T14:53:59.8040357Z   + importlib-metadata                           7.1.0  pyha770c72_0             conda-forge         
2025-01-20T14:53:59.8040782Z   + importlib_resources                          6.4.0  pyhd8ed1ab_0             conda-forge         
2025-01-20T14:53:59.8041160Z   + jedi                                        0.19.1  pyhd8ed1ab_0             conda-forge         
2025-01-20T14:53:59.8041675Z   + jinja2                                       3.1.4  pyhd8ed1ab_1             conda-forge         
2025-01-20T14:53:59.8042044Z   + jupyter_core                                 5.7.2  pyh31011fe_1             conda-forge         
2025-01-20T14:53:59.8042444Z   + jupyterlab_pygments                          0.3.0  pyhd8ed1ab_2             conda-forge         
2025-01-20T14:53:59.8042838Z   + latexcodec                                   2.0.1  pyh9f0ad1d_0             conda-forge         
2025-01-20T14:53:59.8043188Z   + lcms2                                         2.16  hb7c19ff_0               conda-forge         
2025-01-20T14:53:59.8043533Z   + libblas                                      3.9.0  24_linux64_openblas      conda-forge         
2025-01-20T14:53:59.8043884Z   + libwebp                                      1.4.0  h2c329e2_0               conda-forge         
2025-01-20T14:53:59.8044226Z   + libxslt                                     1.1.39  h76b75d6_0               conda-forge         
2025-01-20T14:53:59.8044598Z   + linkify-it-py                                2.0.3  pyhd8ed1ab_1             conda-forge         
2025-01-20T14:53:59.8045118Z   + markdown-it-py                               3.0.0  pyhd8ed1ab_1             conda-forge         
2025-01-20T14:53:59.8045517Z   + matplotlib-inline                            0.1.7  pyhd8ed1ab_1             conda-forge         
2025-01-20T14:53:59.8045884Z   + mpc                                          1.3.1  h24ddda3_1               conda-forge         
2025-01-20T14:53:59.8046226Z   + openjpeg                                     2.5.2  h488ebb8_0               conda-forge         
2025-01-20T14:53:59.8046589Z   + overrides                                    7.7.0  pyhd8ed1ab_1             conda-forge         
2025-01-20T14:53:59.8046946Z   + pexpect                                      4.9.0  pyhd8ed1ab_1             conda-forge         
2025-01-20T14:53:59.8047290Z   + pip                                         24.3.1  pyh8b19718_2             conda-forge         
2025-01-20T14:53:59.8047624Z   + plotly                                      5.22.0  pyhd8ed1ab_0             conda-forge         
2025-01-20T14:53:59.8047998Z   + prompt-toolkit                              3.0.47  pyha770c72_0             conda-forge         
2025-01-20T14:53:59.8048369Z   + pytest                                       8.2.2  pyhd8ed1ab_0             conda-forge         
2025-01-20T14:53:59.8048758Z   + python-dateutil                        2.9.0.post0  pyhff2d567_1             conda-forge         
2025-01-20T14:53:59.8049512Z   + pyviz_comms                                  3.0.4  pyhd8ed1ab_1             conda-forge         
2025-01-20T14:53:59.8050184Z   + pyzmq                                       26.0.3  py312h8fd38d8_0          conda-forge         
2025-01-20T14:53:59.8050762Z   + referencing                                 0.35.1  pyhd8ed1ab_1             conda-forge         
2025-01-20T14:53:59.8051448Z   + rfc3339-validator                            0.1.4  pyhd8ed1ab_1             conda-forge         
2025-01-20T14:53:59.8052185Z   + snakeviz                                     2.2.0  pyhd8ed1ab_0             conda-forge         
2025-01-20T14:53:59.8052863Z   + terminado                                   0.18.1  pyh0d859eb_0             conda-forge         
2025-01-20T14:53:59.8053547Z   + tinycss2                                     1.3.0  pyhd8ed1ab_0             conda-forge         
2025-01-20T14:53:59.8054181Z   + tqdm                                        4.66.4  pyhd8ed1ab_0             conda-forge         
2025-01-20T14:53:59.8054800Z   + typing-extensions                           4.12.2  hd8ed1ab_1               conda-forge         
2025-01-20T14:53:59.8055237Z   + argon2-cffi-bindings                        21.2.0  py312h66e93f0_5          conda-forge         
2025-01-20T14:53:59.8055624Z   + arrow                                        1.3.0  pyhd8ed1ab_1             conda-forge         
2025-01-20T14:53:59.8056122Z   + fqdn                                         1.5.1  pyhd8ed1ab_1             conda-forge         
2025-01-20T14:53:59.8056459Z   + gmpy2                                        2.1.5  py312h7201bc8_3          conda-forge         
2025-01-20T14:53:59.8056803Z   + harfbuzz                                     8.5.0  hfac3d4d_0               conda-forge         
2025-01-20T14:53:59.8057161Z   + httpcore                                     1.0.5  pyhd8ed1ab_0             conda-forge         
2025-01-20T14:53:59.8057548Z   + importlib_metadata                           7.1.0  hd8ed1ab_0               conda-forge         
2025-01-20T14:53:59.8058001Z   + jsonschema-specifications                2023.12.1  pyhd8ed1ab_0             conda-forge         
2025-01-20T14:53:59.8058469Z   + jupyter_server_terminals                     0.5.3  pyhd8ed1ab_1             conda-forge         
2025-01-20T14:53:59.8058875Z   + libcblas                                     3.9.0  24_linux64_openblas      conda-forge         
2025-01-20T14:53:59.8059490Z   + libgd                                        2.3.3  h119a65a_9               conda-forge         
2025-01-20T14:53:59.8059978Z   + liblapack                                    3.9.0  24_linux64_openblas      conda-forge         
2025-01-20T14:53:59.8060328Z   + lxml                                         5.2.2  py312hb90d8a5_0          conda-forge         
2025-01-20T14:53:59.8060674Z   + markdown                                       3.6  pyhd8ed1ab_0             conda-forge         
2025-01-20T14:53:59.8061051Z   + mdit-py-plugins                              0.4.2  pyhd8ed1ab_1             conda-forge         
2025-01-20T14:53:59.8061409Z   + pbr                                          6.0.0  pyhd8ed1ab_0             conda-forge         
2025-01-20T14:53:59.8061750Z   + pillow                                      10.3.0  py312hdcec9eb_0          conda-forge         
2025-01-20T14:53:59.8062102Z   + pybtex                                      0.24.0  pyhd8ed1ab_3             conda-forge         
2025-01-20T14:53:59.8062465Z   + pytest-cov                                   5.0.0  pyhd8ed1ab_0             conda-forge         
2025-01-20T14:53:59.8062864Z   + pytest-doctestplus                           1.2.1  pyhd8ed1ab_0             conda-forge         
2025-01-20T14:53:59.8063281Z   + pytest-metadata                              3.1.1  pyhd8ed1ab_1             conda-forge         
2025-01-20T14:53:59.8063679Z   + setuptools-scm                               8.1.0  pyhd8ed1ab_1             conda-forge         
2025-01-20T14:53:59.8064063Z   + sqlalchemy                                  2.0.37  py312h66e93f0_0          conda-forge         
2025-01-20T14:53:59.8064434Z   + stack_data                                   0.6.2  pyhd8ed1ab_0             conda-forge         
2025-01-20T14:53:59.8064803Z   + watchfiles                                   1.0.4  py312h12e396e_0          conda-forge         
2025-01-20T14:53:59.8065165Z   + zstandard                                   0.23.0  py312hef9b889_1          conda-forge         
2025-01-20T14:53:59.8065542Z   + argon2-cffi                                 23.1.0  pyhd8ed1ab_1             conda-forge         
2025-01-20T14:53:59.8065904Z   + httpx                                       0.27.0  pyhd8ed1ab_0             conda-forge         
2025-01-20T14:53:59.8066249Z   + ipython                                     8.25.0  pyh707e725_0             conda-forge         
2025-01-20T14:53:59.8066616Z   + isoduration                                20.11.0  pyhd8ed1ab_1             conda-forge         
2025-01-20T14:53:59.8066997Z   + jsonschema                                  4.22.0  pyhd8ed1ab_0             conda-forge         
2025-01-20T14:53:59.8067381Z   + jupyter_client                               8.6.2  pyhd8ed1ab_0             conda-forge         
2025-01-20T14:53:59.8067740Z   + numpy                                        2.0.2  py312h58c1407_1          conda-forge         
2025-01-20T14:53:59.8068197Z   + pango                                       1.54.0  h84a9a3c_0               conda-forge         
2025-01-20T14:53:59.8068573Z   + pybtex-docutils                              1.0.3  py312h7900ff3_2          conda-forge         
2025-01-20T14:53:59.8069167Z   + pytest-html                                  4.1.1  pyhd8ed1ab_1             conda-forge         
2025-01-20T14:53:59.8069597Z   + setuptools_scm                               8.1.0  hd8ed1ab_1               conda-forge         
2025-01-20T14:53:59.8070010Z   + sphinxcontrib-apidoc                         0.3.0  py_1                     conda-forge         
2025-01-20T14:53:59.8070394Z   + sympy                                       1.12.1  pypyh2585a3b_103         conda-forge         
2025-01-20T14:53:59.8070734Z   + urllib3                                      2.2.2  pyhd8ed1ab_1             conda-forge         
2025-01-20T14:53:59.8071091Z   + contourpy                                    1.2.1  py312h8572e83_0          conda-forge         
2025-01-20T14:53:59.8071448Z   + gtk2                                       2.24.33  h280cfa0_4               conda-forge         
2025-01-20T14:53:59.8071906Z   + h5py                                        3.11.0  nompi_py312hedeef09_103  conda-forge         
2025-01-20T14:53:59.8072256Z   + ipykernel                                   6.29.4  pyh3099207_0             conda-forge         
2025-01-20T14:53:59.8072688Z   + jsonschema-with-format-nongpl               4.22.0  pyhd8ed1ab_0             conda-forge         
2025-01-20T14:53:59.8073116Z   + librsvg                                     2.58.1  hadf69e7_0               conda-forge         
2025-01-20T14:53:59.8073470Z   + nbformat                                    5.10.4  pyhd8ed1ab_1             conda-forge         
2025-01-20T14:53:59.8073822Z   + numba                                       0.60.0  py312h83e6fd3_0          conda-forge         
2025-01-20T14:53:59.8074169Z   + numexpr                                     2.10.0  py312hf412c99_100        conda-forge         
2025-01-20T14:53:59.8074518Z   + pandas                                       2.2.2  py312h1d6d2e6_1          conda-forge         
2025-01-20T14:53:59.8074873Z   + pyerfa                                     2.0.1.4  py312hc0a28a1_2          conda-forge         
2025-01-20T14:53:59.8075221Z   + requests                                    2.32.3  pyhd8ed1ab_1             conda-forge         
2025-01-20T14:53:59.8075568Z   + scipy                                       1.13.1  py312hc2bc53b_0          conda-forge         
2025-01-20T14:53:59.8075907Z   + astropy                                      6.1.1  py312h4fc7734_1          conda-forge         
2025-01-20T14:53:59.8076248Z   + bokeh                                        3.6.2  pyhd8ed1ab_1             conda-forge         
2025-01-20T14:53:59.8076590Z   + graphviz                                    11.0.0  hc68bbd7_0               conda-forge         
2025-01-20T14:53:59.8076960Z   + jupyter_events                              0.10.0  pyhd8ed1ab_1             conda-forge         
2025-01-20T14:53:59.8077360Z   + matplotlib-base                              3.8.4  py312h20ab3a6_2          conda-forge         
2025-01-20T14:53:59.8077749Z   + nbclient                                    0.10.0  pyhd8ed1ab_0             conda-forge         
2025-01-20T14:53:59.8078103Z   + pytables                                    3.10.2  py312h2895ec7_0          conda-forge         
2025-01-20T14:53:59.8078476Z   + jupyter-cache                                1.0.1  pyhff2d567_0             conda-forge         
2025-01-20T14:53:59.8078873Z   + nbconvert-core                              7.16.4  pyhd8ed1ab_3             conda-forge         
2025-01-20T14:53:59.8079414Z   + panel                                        1.5.5  pyhd8ed1ab_0             conda-forge         
2025-01-20T14:53:59.8079766Z   + pygraphviz                                    1.13  py312h4a1d8a7_1          conda-forge         
2025-01-20T14:53:59.8080160Z   + radioactivedecay                             0.5.1  pyhd8ed1ab_1             conda-forge         
2025-01-20T14:53:59.8080688Z   + jupyter_server                              2.14.1  pyhd8ed1ab_1             conda-forge         
2025-01-20T14:53:59.8081088Z   + nbconvert-pandoc                            7.16.4  hd8ed1ab_3               conda-forge         
2025-01-20T14:53:59.8081481Z   + jupyter-lsp                                  2.2.5  pyhd8ed1ab_1             conda-forge         
2025-01-20T14:53:59.8081872Z   + jupyterlab_server                           2.27.2  pyhd8ed1ab_0             conda-forge         
2025-01-20T14:53:59.8082260Z   + nbconvert                                   7.16.4  hd8ed1ab_3               conda-forge         
2025-01-20T14:53:59.8082630Z   + notebook-shim                                0.2.4  pyhd8ed1ab_1             conda-forge         
2025-01-20T14:53:59.8083008Z   + jupyterlab                                   4.2.2  pyhd8ed1ab_0             conda-forge         
2025-01-20T14:53:59.8083385Z   + nbclassic                                    1.1.0  pyhd8ed1ab_1             conda-forge         
2025-01-20T14:53:59.8083743Z   + notebook                                     7.2.1  pyhd8ed1ab_0             conda-forge         
2025-01-20T14:53:59.8084277Z   + widgetsnbextension                          3.6.10  pyhd8ed1ab_0             conda-forge         
2025-01-20T14:53:59.8084843Z   + ipywidgets                                   7.8.5  pyhd8ed1ab_0             conda-forge         
2025-01-20T14:53:59.8085319Z   + qgrid                                        1.3.1  pyhd8ed1ab_5             conda-forge         
2025-01-20T14:53:59.8085780Z   + myst-parser                                  4.0.0  pyhd8ed1ab_1             conda-forge         
2025-01-20T14:53:59.8086143Z   + myst-nb                                      1.1.2  pyhd8ed1ab_1             conda-forge         
2025-01-20T14:53:59.8086494Z   + nbsphinx                                     0.9.4  pyhd8ed1ab_0             conda-forge         
2025-01-20T14:53:59.8086857Z   + numpydoc                                     1.7.0  pyhd8ed1ab_3             conda-forge         
2025-01-20T14:53:59.8087259Z   + pydata-sphinx-theme                         0.15.4  pyhd8ed1ab_0             conda-forge         
2025-01-20T14:53:59.8087669Z   + recommonmark                                 0.7.1  pyhd8ed1ab_1             conda-forge         
2025-01-20T14:53:59.8088071Z   + sphinx-automodapi                           0.17.0  pyh717bed2_1             conda-forge         
2025-01-20T14:53:59.8088637Z   + sphinx-copybutton                            0.5.2  pyhd8ed1ab_1             conda-forge         
2025-01-20T14:53:59.8089507Z   + sphinx-design                                0.6.1  pyhd8ed1ab_2             conda-forge         
2025-01-20T14:53:59.8090210Z   + sphinx-gallery                              0.16.0  pyhd8ed1ab_0             conda-forge         
2025-01-20T14:53:59.8090928Z   + sphinx-jsonschema                           1.19.1  pyhd8ed1ab_1             conda-forge         
2025-01-20T14:53:59.8091759Z   + sphinxcontrib-applehelp                      1.0.8  pyhd8ed1ab_0             conda-forge         
2025-01-20T14:53:59.8092598Z   + sphinxcontrib-bibtex                         2.6.2  pyhd8ed1ab_0             conda-forge         
2025-01-20T14:53:59.8093408Z   + sphinxcontrib-devhelp                        1.0.6  pyhd8ed1ab_0             conda-forge         
2025-01-20T14:53:59.8094187Z   + sphinxcontrib-htmlhelp                       2.0.5  pyhd8ed1ab_0             conda-forge         
2025-01-20T14:53:59.8094650Z   + sphinxcontrib-jquery                           4.1  pyhd8ed1ab_1             conda-forge         
2025-01-20T14:53:59.8095144Z   + sphinx-astropy                               1.9.1  pyhd8ed1ab_1             conda-forge         
2025-01-20T14:53:59.8095538Z   + sphinx_rtd_theme                             2.0.0  pyha770c72_0             conda-forge         
2025-01-20T14:53:59.8095961Z   + sphinxcontrib-qthelp                         1.0.7  pyhd8ed1ab_0             conda-forge         
2025-01-20T14:53:59.8096548Z   + sphinx                                       7.3.7  pyhd8ed1ab_0             conda-forge         
2025-01-20T14:53:59.8096982Z   + sphinxcontrib-serializinghtml               1.1.10  pyhd8ed1ab_1             conda-forge         
2025-01-20T14:53:59.8097459Z   + sphinxext-rediraffe                          0.2.7  pyhd8ed1ab_2             conda-forge         
2025-01-20T14:53:59.8097850Z   + nbsite                                       0.8.7  py_0                     pyviz               
2025-01-20T14:53:59.8098063Z 
2025-01-20T14:53:59.8098133Z   Summary:
2025-01-20T14:53:59.8098237Z 
2025-01-20T14:53:59.8098314Z   Install: 344 packages
2025-01-20T14:53:59.8098446Z 
2025-01-20T14:53:59.8098518Z   Total download: 0 B
2025-01-20T14:53:59.8098635Z 
2025-01-20T14:53:59.8099295Z ───────────────────────────────────────────────────────────────────────────────────────────────────────
2025-01-20T14:53:59.8099607Z 
2025-01-20T14:53:59.8099623Z 
2025-01-20T14:53:59.8099627Z 
2025-01-20T14:53:59.8099701Z Transaction starting
2025-01-20T14:54:10.6109524Z 
2025-01-20T14:54:13.6655178Z 
2025-01-20T14:54:14.7244880Z 
2025-01-20T14:54:17.4049863Z 
2025-01-20T14:54:19.7031712Z 
2025-01-20T14:54:19.7032273Z Transaction finished
2025-01-20T14:54:19.7032562Z 
2025-01-20T14:54:19.7032723Z To activate this environment, use:
2025-01-20T14:54:19.7033011Z 
2025-01-20T14:54:19.7033146Z     micromamba activate tardis
2025-01-20T14:54:19.7033361Z 
2025-01-20T14:54:19.7033508Z Or to execute a single command in this environment, use:
2025-01-20T14:54:19.7033725Z 
2025-01-20T14:54:19.7033824Z     micromamba run -n tardis mycommand
2025-01-20T14:54:19.7034007Z 
2025-01-20T14:54:19.7155100Z ##[endgroup]
2025-01-20T14:54:19.7156283Z ##[group]Caching environment `tardis` in `/home/runner/micromamba/envs/tardis` ...
2025-01-20T14:54:19.7360364Z [command]/usr/bin/tar --posix -cf cache.tzst --exclude cache.tzst -P -C /home/runner/work/tardis/tardis --files-from manifest.txt --use-compress-program zstdmt
2025-01-20T14:54:39.7189184Z Cache Size: ~468 MB (491177860 B)
2025-01-20T14:54:40.0891599Z Cache saved successfully
2025-01-20T14:54:40.1725620Z Saved cache with ID `2440`
2025-01-20T14:54:40.1726315Z ##[endgroup]
2025-01-20T14:54:40.1726678Z Adding environment tardis to auto-activate bash ...
2025-01-20T14:54:40.1736813Z Generating micromamba run shell.
2025-01-20T14:54:40.1744329Z ##[endgroup]
2025-01-20T14:54:40.1748821Z Set environment variables.
2025-01-20T14:54:40.1752804Z ##[group]micromamba info
2025-01-20T14:54:40.1764425Z [command]/home/runner/micromamba-bin/micromamba info -r /home/runner/micromamba -n tardis
2025-01-20T14:54:40.1981208Z 
2025-01-20T14:54:40.1981676Z        libmamba version : 1.5.10
2025-01-20T14:54:40.1982014Z      micromamba version : 1.5.10
2025-01-20T14:54:40.1982395Z            curl version : libcurl/8.10.1 OpenSSL/3.3.2 zlib/1.3.1 zstd/1.5.6 libssh2/1.11.0 nghttp2/1.58.0
2025-01-20T14:54:40.1982887Z      libarchive version : libarchive 3.7.4 zlib/1.2.13 bz2lib/1.0.8 libzstd/1.5.6
2025-01-20T14:54:40.1983293Z        envs directories : /home/runner/micromamba/envs
2025-01-20T14:54:40.1983596Z           package cache : /home/runner/micromamba/pkgs
2025-01-20T14:54:40.1983876Z                           /home/runner/.mamba/pkgs
2025-01-20T14:54:40.1984132Z             environment : tardis
2025-01-20T14:54:40.1984387Z            env location : /home/runner/micromamba/envs/tardis
2025-01-20T14:54:40.1984669Z       user config files : /home/runner/.mambarc
2025-01-20T14:54:40.1985023Z  populated config files : /home/runner/work/_temp/setup-micromamba/.condarc
2025-01-20T14:54:40.1985368Z        virtual packages : __unix=0=0
2025-01-20T14:54:40.1985589Z                           __linux=6.8.0=0
2025-01-20T14:54:40.1985817Z                           __glibc=2.39=0
2025-01-20T14:54:40.1986045Z                           __archspec=1=x86_64_v3
2025-01-20T14:54:40.1986364Z                channels : https://conda.anaconda.org/conda-forge/linux-64
2025-01-20T14:54:40.1986971Z                           https://conda.anaconda.org/conda-forge/noarch
2025-01-20T14:54:40.1987274Z        base environment : /home/runner/micromamba
2025-01-20T14:54:40.1987525Z                platform : linux-64
2025-01-20T14:54:40.2029753Z ##[endgroup]
2025-01-20T14:54:40.2031313Z ##[group]micromamba list
2025-01-20T14:54:40.2050500Z [command]/home/runner/micromamba-bin/micromamba list -r /home/runner/micromamba -n tardis
2025-01-20T14:54:40.6213243Z List of packages in environment: "/home/runner/micromamba/envs/tardis"
2025-01-20T14:54:40.6214686Z 
2025-01-20T14:54:40.6214942Z   Name                           Version              Build                    Channel    
2025-01-20T14:54:40.6215930Z ────────────────────────────────────────────────────────────────────────────────────────────
2025-01-20T14:54:40.6216542Z   _libgcc_mutex                  0.1                  conda_forge              conda-forge
2025-01-20T14:54:40.6217125Z   _openmp_mutex                  4.5                  2_gnu                    conda-forge
2025-01-20T14:54:40.6217780Z   accessible-pygments            0.0.5                pyhd8ed1ab_1             conda-forge
2025-01-20T14:54:40.6218803Z   alabaster                      0.7.16               pyhd8ed1ab_0             conda-forge
2025-01-20T14:54:40.6219580Z   anyio                          4.4.0                pyhd8ed1ab_0             conda-forge
2025-01-20T14:54:40.6220109Z   argon2-cffi                    23.1.0               pyhd8ed1ab_1             conda-forge
2025-01-20T14:54:40.6220723Z   argon2-cffi-bindings           21.2.0               py312h66e93f0_5          conda-forge
2025-01-20T14:54:40.6221356Z   arrow                          1.3.0                pyhd8ed1ab_1             conda-forge
2025-01-20T14:54:40.6221932Z   astropy                        6.1.1                py312h4fc7734_1          conda-forge
2025-01-20T14:54:40.6222549Z   astropy-iers-data              0.2024.6.17.0.31.35  pyhd8ed1ab_0             conda-forge
2025-01-20T14:54:40.6223243Z   astropy-sphinx-theme           1.1                  pyhd8ed1ab_1             conda-forge
2025-01-20T14:54:40.6223857Z   asttokens                      2.4.1                pyhd8ed1ab_0             conda-forge
2025-01-20T14:54:40.6224429Z   async-lru                      2.0.4                pyhd8ed1ab_1             conda-forge
2025-01-20T14:54:40.6224931Z   atk-1.0                        2.38.0               h04ea711_2               conda-forge
2025-01-20T14:54:40.6225422Z   attrs                          23.2.0               pyh71513ae_0             conda-forge
2025-01-20T14:54:40.6225867Z   babel                          2.14.0               pyhd8ed1ab_0             conda-forge
2025-01-20T14:54:40.6226263Z   beautifulsoup4                 4.12.3               pyha770c72_1             conda-forge
2025-01-20T14:54:40.6226642Z   bleach                         6.1.0                pyhd8ed1ab_0             conda-forge
2025-01-20T14:54:40.6226987Z   blosc                          1.21.6               hef167b5_0               conda-forge
2025-01-20T14:54:40.6227311Z   bokeh                          3.6.2                pyhd8ed1ab_1             conda-forge
2025-01-20T14:54:40.6227638Z   brotli                         1.1.0                hb9d3cd8_2               conda-forge
2025-01-20T14:54:40.6227974Z   brotli-bin                     1.1.0                hb9d3cd8_2               conda-forge
2025-01-20T14:54:40.6228338Z   brotli-python                  1.1.0                py312h2ec8cdc_2          conda-forge
2025-01-20T14:54:40.6228691Z   bzip2                          1.0.8                h4bc722e_7               conda-forge
2025-01-20T14:54:40.6229246Z   c-ares                         1.28.1               hd590300_0               conda-forge
2025-01-20T14:54:40.6229580Z   c-blosc2                       2.15.2               h68e2383_0               conda-forge
2025-01-20T14:54:40.6229954Z   ca-certificates                2024.12.14           hbcca054_0               conda-forge
2025-01-20T14:54:40.6230356Z   cached-property                1.5.2                hd8ed1ab_1               conda-forge
2025-01-20T14:54:40.6230946Z   cached_property                1.5.2                pyha770c72_1             conda-forge
2025-01-20T14:54:40.6231294Z   cairo                          1.18.0               h3faef2a_0               conda-forge
2025-01-20T14:54:40.6231629Z   certifi                        2024.12.14           pyhd8ed1ab_0             conda-forge
2025-01-20T14:54:40.6231965Z   cffi                           1.16.0               py312hf06ca03_0          conda-forge
2025-01-20T14:54:40.6232326Z   charset-normalizer             3.3.2                pyhd8ed1ab_0             conda-forge
2025-01-20T14:54:40.6232702Z   click                          8.1.7                unix_pyh707e725_1        conda-forge
2025-01-20T14:54:40.6233045Z   codespell                      2.3.0                pyhd8ed1ab_1             conda-forge
2025-01-20T14:54:40.6233385Z   colorama                       0.4.6                pyhd8ed1ab_1             conda-forge
2025-01-20T14:54:40.6233713Z   comm                           0.2.2                pyhd8ed1ab_1             conda-forge
2025-01-20T14:54:40.6234157Z   commonmark                     0.9.1                py_0                     conda-forge
2025-01-20T14:54:40.6234499Z   contourpy                      1.2.1                py312h8572e83_0          conda-forge
2025-01-20T14:54:40.6234853Z   coverage                       7.5.3                py312h9a8786e_0          conda-forge
2025-01-20T14:54:40.6235181Z   cycler                         0.12.1               pyhd8ed1ab_1             conda-forge
2025-01-20T14:54:40.6235520Z   dataclasses                    0.8                  pyhc8e2a94_3             conda-forge
2025-01-20T14:54:40.6235858Z   debugpy                        1.8.1                py312h30efb56_0          conda-forge
2025-01-20T14:54:40.6236194Z   decorator                      5.1.1                pyhd8ed1ab_1             conda-forge
2025-01-20T14:54:40.6236555Z   defusedxml                     0.7.1                pyhd8ed1ab_0             conda-forge
2025-01-20T14:54:40.6236912Z   docutils                       0.20.1               py312h7900ff3_3          conda-forge
2025-01-20T14:54:40.6237248Z   dot2tex                        2.11.3               pyhd8ed1ab_1             conda-forge
2025-01-20T14:54:40.6237592Z   entrypoints                    0.4                  pyhd8ed1ab_1             conda-forge
2025-01-20T14:54:40.6251073Z   exceptiongroup                 1.2.0                pyhd8ed1ab_2             conda-forge
2025-01-20T14:54:40.6251843Z   executing                      2.0.1                pyhd8ed1ab_0             conda-forge
2025-01-20T14:54:40.6252371Z   expat                          2.6.2                h59595ed_0               conda-forge
2025-01-20T14:54:40.6252771Z   font-ttf-dejavu-sans-mono      2.37                 hab24e00_0               conda-forge
2025-01-20T14:54:40.6253236Z   font-ttf-inconsolata           3.000                h77eed37_0               conda-forge
2025-01-20T14:54:40.6253711Z   font-ttf-source-code-pro       2.038                h77eed37_0               conda-forge
2025-01-20T14:54:40.6254132Z   font-ttf-ubuntu                0.83                 h77eed37_3               conda-forge
2025-01-20T14:54:40.6254510Z   fontconfig                     2.14.2               h14ed4e7_0               conda-forge
2025-01-20T14:54:40.6254888Z   fonts-conda-ecosystem          1                    0                        conda-forge
2025-01-20T14:54:40.6255332Z   fonts-conda-forge              1                    0                        conda-forge
2025-01-20T14:54:40.6255945Z   fonttools                      4.53.0               py312h9a8786e_0          conda-forge
2025-01-20T14:54:40.6256520Z   fqdn                           1.5.1                pyhd8ed1ab_1             conda-forge
2025-01-20T14:54:40.6257066Z   freetype                       2.12.1               h267a509_2               conda-forge
2025-01-20T14:54:40.6257653Z   fribidi                        1.0.10               h36c2ea0_0               conda-forge
2025-01-20T14:54:40.6258491Z   future                         1.0.0                pyhd8ed1ab_1             conda-forge
2025-01-20T14:54:40.6259213Z   gdk-pixbuf                     2.42.12              hb9ae30d_0               conda-forge
2025-01-20T14:54:40.6259639Z   giflib                         5.2.2                hd590300_0               conda-forge
2025-01-20T14:54:40.6259962Z   git-lfs                        3.5.1                h647637d_1               conda-forge
2025-01-20T14:54:40.6260268Z   gmp                            6.3.0                hac33072_2               conda-forge
2025-01-20T14:54:40.6260574Z   gmpy2                          2.1.5                py312h7201bc8_3          conda-forge
2025-01-20T14:54:40.6260902Z   graphite2                      1.3.13               h59595ed_1003            conda-forge
2025-01-20T14:54:40.6261247Z   graphviz                       11.0.0               hc68bbd7_0               conda-forge
2025-01-20T14:54:40.6261588Z   greenlet                       3.1.1                py312h2ec8cdc_1          conda-forge
2025-01-20T14:54:40.6261913Z   gtk2                           2.24.33              h280cfa0_4               conda-forge
2025-01-20T14:54:40.6262376Z   gts                            0.7.6                h977cf35_4               conda-forge
2025-01-20T14:54:40.6262671Z   h11                            0.14.0               pyhd8ed1ab_1             conda-forge
2025-01-20T14:54:40.6262973Z   h2                             4.1.0                pyhd8ed1ab_1             conda-forge
2025-01-20T14:54:40.6263281Z   h5py                           3.11.0               nompi_py312hedeef09_103  conda-forge
2025-01-20T14:54:40.6263611Z   harfbuzz                       8.5.0                hfac3d4d_0               conda-forge
2025-01-20T14:54:40.6263944Z   hdf5                           1.14.3               nompi_hdf9ad27_105       conda-forge
2025-01-20T14:54:40.6264268Z   hpack                          4.0.0                pyhd8ed1ab_1             conda-forge
2025-01-20T14:54:40.6264612Z   httpcore                       1.0.5                pyhd8ed1ab_0             conda-forge
2025-01-20T14:54:40.6264942Z   httpx                          0.27.0               pyhd8ed1ab_0             conda-forge
2025-01-20T14:54:40.6265278Z   hyperframe                     6.0.1                pyhd8ed1ab_1             conda-forge
2025-01-20T14:54:40.6265620Z   icu                            73.2                 h59595ed_0               conda-forge
2025-01-20T14:54:40.6265921Z   idna                           3.7                  pyhd8ed1ab_0             conda-forge
2025-01-20T14:54:40.6266253Z   imagesize                      1.4.1                pyhd8ed1ab_0             conda-forge
2025-01-20T14:54:40.6266824Z   importlib-metadata             7.1.0                pyha770c72_0             conda-forge
2025-01-20T14:54:40.6267490Z   importlib_metadata             7.1.0                hd8ed1ab_0               conda-forge
2025-01-20T14:54:40.6268161Z   importlib_resources            6.4.0                pyhd8ed1ab_0             conda-forge
2025-01-20T14:54:40.6268840Z   iniconfig                      2.0.0                pyhd8ed1ab_1             conda-forge
2025-01-20T14:54:40.6269596Z   ipykernel                      6.29.4               pyh3099207_0             conda-forge
2025-01-20T14:54:40.6270159Z   ipython                        8.25.0               pyh707e725_0             conda-forge
2025-01-20T14:54:40.6270762Z   ipython_genutils               0.2.0                pyhd8ed1ab_2             conda-forge
2025-01-20T14:54:40.6271447Z   ipywidgets                     7.8.5                pyhd8ed1ab_0             conda-forge
2025-01-20T14:54:40.6272052Z   isoduration                    20.11.0              pyhd8ed1ab_1             conda-forge
2025-01-20T14:54:40.6272625Z   jedi                           0.19.1               pyhd8ed1ab_0             conda-forge
2025-01-20T14:54:40.6273164Z   jinja2                         3.1.4                pyhd8ed1ab_1             conda-forge
2025-01-20T14:54:40.6273883Z   json5                          0.9.25               pyhd8ed1ab_0             conda-forge
2025-01-20T14:54:40.6274466Z   jsonpointer                    3.0.0                py312h7900ff3_1          conda-forge
2025-01-20T14:54:40.6275065Z   jsonschema                     4.22.0               pyhd8ed1ab_0             conda-forge
2025-01-20T14:54:40.6275773Z   jsonschema-specifications      2023.12.1            pyhd8ed1ab_0             conda-forge
2025-01-20T14:54:40.6276584Z   jsonschema-with-format-nongpl  4.22.0               pyhd8ed1ab_0             conda-forge
2025-01-20T14:54:40.6277301Z   jupyter-cache                  1.0.1                pyhff2d567_0             conda-forge
2025-01-20T14:54:40.6277918Z   jupyter-lsp                    2.2.5                pyhd8ed1ab_1             conda-forge
2025-01-20T14:54:40.6278520Z   jupyter_client                 8.6.2                pyhd8ed1ab_0             conda-forge
2025-01-20T14:54:40.6279280Z   jupyter_core                   5.7.2                pyh31011fe_1             conda-forge
2025-01-20T14:54:40.6279887Z   jupyter_events                 0.10.0               pyhd8ed1ab_1             conda-forge
2025-01-20T14:54:40.6280696Z   jupyter_server                 2.14.1               pyhd8ed1ab_1             conda-forge
2025-01-20T14:54:40.6281369Z   jupyter_server_terminals       0.5.3                pyhd8ed1ab_1             conda-forge
2025-01-20T14:54:40.6282027Z   jupyterlab                     4.2.2                pyhd8ed1ab_0             conda-forge
2025-01-20T14:54:40.6282675Z   jupyterlab_pygments            0.3.0                pyhd8ed1ab_2             conda-forge
2025-01-20T14:54:40.6283359Z   jupyterlab_server              2.27.2               pyhd8ed1ab_0             conda-forge
2025-01-20T14:54:40.6284036Z   jupyterlab_widgets             1.1.11               pyhd8ed1ab_0             conda-forge
2025-01-20T14:54:40.6284672Z   keyutils                       1.6.1                h166bdaf_0               conda-forge
2025-01-20T14:54:40.6285239Z   kiwisolver                     1.4.5                py312h68727a3_2          conda-forge
2025-01-20T14:54:40.6285766Z   krb5                           1.21.2               h659d440_0               conda-forge
2025-01-20T14:54:40.6286315Z   latexcodec                     2.0.1                pyh9f0ad1d_0             conda-forge
2025-01-20T14:54:40.6286871Z   lcms2                          2.16                 hb7c19ff_0               conda-forge
2025-01-20T14:54:40.6287429Z   ld_impl_linux-64               2.40                 hf3520f5_7               conda-forge
2025-01-20T14:54:40.6287977Z   lerc                           4.0.0                h27087fc_0               conda-forge
2025-01-20T14:54:40.6288497Z   libaec                         1.1.3                h59595ed_0               conda-forge
2025-01-20T14:54:40.6289188Z   libblas                        3.9.0                24_linux64_openblas      conda-forge
2025-01-20T14:54:40.6289809Z   libbrotlicommon                1.1.0                hb9d3cd8_2               conda-forge
2025-01-20T14:54:40.6290416Z   libbrotlidec                   1.1.0                hb9d3cd8_2               conda-forge
2025-01-20T14:54:40.6290998Z   libbrotlienc                   1.1.0                hb9d3cd8_2               conda-forge
2025-01-20T14:54:40.6291560Z   libcblas                       3.9.0                24_linux64_openblas      conda-forge
2025-01-20T14:54:40.6292086Z   libcurl                        8.8.0                hca28451_0               conda-forge
2025-01-20T14:54:40.6292625Z   libdeflate                     1.20                 hd590300_0               conda-forge
2025-01-20T14:54:40.6293195Z   libedit                        3.1.20191231         he28a2e2_2               conda-forge
2025-01-20T14:54:40.6293732Z   libev                          4.33                 hd590300_2               conda-forge
2025-01-20T14:54:40.6294247Z   libexpat                       2.6.2                h59595ed_0               conda-forge
2025-01-20T14:54:40.6294927Z   libffi                         3.4.2                h7f98852_5               conda-forge
2025-01-20T14:54:40.6295446Z   libgcc                         14.2.0               h77fa898_1               conda-forge
2025-01-20T14:54:40.6295963Z   libgcc-ng                      14.2.0               h69a702a_1               conda-forge
2025-01-20T14:54:40.6296463Z   libgd                          2.3.3                h119a65a_9               conda-forge
2025-01-20T14:54:40.6296997Z   libgfortran-ng                 13.2.0               h69a702a_13              conda-forge
2025-01-20T14:54:40.6297569Z   libgfortran5                   13.2.0               h3d2ce59_13              conda-forge
2025-01-20T14:54:40.6298118Z   libglib                        2.80.2               h8a4344b_1               conda-forge
2025-01-20T14:54:40.6298628Z   libgomp                        14.2.0               h77fa898_1               conda-forge
2025-01-20T14:54:40.6299285Z   libiconv                       1.17                 hd590300_2               conda-forge
2025-01-20T14:54:40.6299839Z   libjpeg-turbo                  3.0.0                hd590300_1               conda-forge
2025-01-20T14:54:40.6300560Z   liblapack                      3.9.0                24_linux64_openblas      conda-forge
2025-01-20T14:54:40.6301097Z   libllvm14                      14.0.6               hcd5def8_4               conda-forge
2025-01-20T14:54:40.6301650Z   libnghttp2                     1.58.0               h47da74e_1               conda-forge
2025-01-20T14:54:40.6302174Z   libnsl                         2.0.1                hd590300_0               conda-forge
2025-01-20T14:54:40.6302734Z   libopenblas                    0.3.27               pthreads_hac2b453_1      conda-forge
2025-01-20T14:54:40.6303280Z   libpng                         1.6.43               h2797004_0               conda-forge
2025-01-20T14:54:40.6303832Z   librsvg                        2.58.1               hadf69e7_0               conda-forge
2025-01-20T14:54:40.6304413Z   libsodium                      1.0.18               h36c2ea0_1               conda-forge
2025-01-20T14:54:40.6305001Z   libsqlite                      3.46.0               hde9e2c9_0               conda-forge
2025-01-20T14:54:40.6305570Z   libssh2                        1.11.0               h0841786_0               conda-forge
2025-01-20T14:54:40.6306141Z   libstdcxx                      14.2.0               hc0a3c3a_1               conda-forge
2025-01-20T14:54:40.6306727Z   libstdcxx-ng                   14.2.0               h4852527_1               conda-forge
2025-01-20T14:54:40.6307309Z   libtiff                        4.6.0                h1dd3fc0_3               conda-forge
2025-01-20T14:54:40.6307874Z   libuuid                        2.38.1               h0b41bf4_0               conda-forge
2025-01-20T14:54:40.6308429Z   libwebp                        1.4.0                h2c329e2_0               conda-forge
2025-01-20T14:54:40.6309133Z   libwebp-base                   1.4.0                hd590300_0               conda-forge
2025-01-20T14:54:40.6309714Z   libxcb                         1.15                 h0b41bf4_0               conda-forge
2025-01-20T14:54:40.6310279Z   libxcrypt                      4.4.36               hd590300_1               conda-forge
2025-01-20T14:54:40.6310845Z   libxml2                        2.12.7               h4c95cb1_3               conda-forge
2025-01-20T14:54:40.6311397Z   libxslt                        1.1.39               h76b75d6_0               conda-forge
2025-01-20T14:54:40.6311957Z   libzlib                        1.3.1                hb9d3cd8_2               conda-forge
2025-01-20T14:54:40.6312538Z   linkify-it-py                  2.0.3                pyhd8ed1ab_1             conda-forge
2025-01-20T14:54:40.6313136Z   llvmlite                       0.43.0               py312h374181b_1          conda-forge
2025-01-20T14:54:40.6313687Z   lxml                           5.2.2                py312hb90d8a5_0          conda-forge
2025-01-20T14:54:40.6314357Z   lz4-c                          1.9.4                hcb278e6_0               conda-forge
2025-01-20T14:54:40.6314870Z   lzo                            2.10                 hd590300_1001            conda-forge
2025-01-20T14:54:40.6315409Z   markdown                       3.6                  pyhd8ed1ab_0             conda-forge
2025-01-20T14:54:40.6315954Z   markdown-it-py                 3.0.0                pyhd8ed1ab_1             conda-forge
2025-01-20T14:54:40.6316504Z   markupsafe                     2.1.5                py312h66e93f0_1          conda-forge
2025-01-20T14:54:40.6317070Z   matplotlib-base                3.8.4                py312h20ab3a6_2          conda-forge
2025-01-20T14:54:40.6317682Z   matplotlib-inline              0.1.7                pyhd8ed1ab_1             conda-forge
2025-01-20T14:54:40.6318349Z   mdit-py-plugins                0.4.2                pyhd8ed1ab_1             conda-forge
2025-01-20T14:54:40.6319066Z   mdurl                          0.1.2                pyhd8ed1ab_1             conda-forge
2025-01-20T14:54:40.6319630Z   mistune                        3.0.2                pyhd8ed1ab_1             conda-forge
2025-01-20T14:54:40.6320333Z   mpc                            1.3.1                h24ddda3_1               conda-forge
2025-01-20T14:54:40.6320847Z   mpfr                           4.2.1                h90cbb55_3               conda-forge
2025-01-20T14:54:40.6321387Z   mpmath                         1.3.0                pyhd8ed1ab_1             conda-forge
2025-01-20T14:54:40.6321933Z   munkres                        1.1.4                pyh9f0ad1d_0             conda-forge
2025-01-20T14:54:40.6322488Z   mypy_extensions                1.0.0                pyha770c72_1             conda-forge
2025-01-20T14:54:40.6323042Z   myst-nb                        1.1.2                pyhd8ed1ab_1             conda-forge
2025-01-20T14:54:40.6323574Z   myst-parser                    4.0.0                pyhd8ed1ab_1             conda-forge
2025-01-20T14:54:40.6324145Z   nbclassic                      1.1.0                pyhd8ed1ab_1             conda-forge
2025-01-20T14:54:40.6324739Z   nbclient                       0.10.0               pyhd8ed1ab_0             conda-forge
2025-01-20T14:54:40.6325316Z   nbconvert                      7.16.4               hd8ed1ab_3               conda-forge
2025-01-20T14:54:40.6325870Z   nbconvert-core                 7.16.4               pyhd8ed1ab_3             conda-forge
2025-01-20T14:54:40.6326510Z   nbconvert-pandoc               7.16.4               hd8ed1ab_3               conda-forge
2025-01-20T14:54:40.6327097Z   nbformat                       5.10.4               pyhd8ed1ab_1             conda-forge
2025-01-20T14:54:40.6327642Z   nbsite                         0.8.7                py_0                     pyviz      
2025-01-20T14:54:40.6328174Z   nbsphinx                       0.9.4                pyhd8ed1ab_0             conda-forge
2025-01-20T14:54:40.6328743Z   ncurses                        6.5                  h2d0b736_2               conda-forge
2025-01-20T14:54:40.6329423Z   nest-asyncio                   1.6.0                pyhd8ed1ab_1             conda-forge
2025-01-20T14:54:40.6329983Z   networkx                       3.3                  pyhd8ed1ab_1             conda-forge
2025-01-20T14:54:40.6330532Z   nomkl                          1.0                  h5ca1d4c_0               conda-forge
2025-01-20T14:54:40.6331085Z   notebook                       7.2.1                pyhd8ed1ab_0             conda-forge
2025-01-20T14:54:40.6331682Z   notebook-shim                  0.2.4                pyhd8ed1ab_1             conda-forge
2025-01-20T14:54:40.6332246Z   numba                          0.60.0               py312h83e6fd3_0          conda-forge
2025-01-20T14:54:40.6332783Z   numexpr                        2.10.0               py312hf412c99_100        conda-forge
2025-01-20T14:54:40.6333272Z   numpy                          2.0.2                py312h58c1407_1          conda-forge
2025-01-20T14:54:40.6333973Z   numpydoc                       1.7.0                pyhd8ed1ab_3             conda-forge
2025-01-20T14:54:40.6334526Z   openjpeg                       2.5.2                h488ebb8_0               conda-forge
2025-01-20T14:54:40.6335055Z   openssl                        3.4.0                h7b32b05_1               conda-forge
2025-01-20T14:54:40.6335591Z   overrides                      7.7.0                pyhd8ed1ab_1             conda-forge
2025-01-20T14:54:40.6336184Z   packaging                      24.1                 pyhd8ed1ab_0             conda-forge
2025-01-20T14:54:40.6336752Z   pandas                         2.2.2                py312h1d6d2e6_1          conda-forge
2025-01-20T14:54:40.6337311Z   pandoc                         3.2.1                ha770c72_0               conda-forge
2025-01-20T14:54:40.6337880Z   pandocfilters                  1.5.0                pyhd8ed1ab_0             conda-forge
2025-01-20T14:54:40.6338538Z   panel                          1.5.5                pyhd8ed1ab_0             conda-forge
2025-01-20T14:54:40.6338874Z   pango                          1.54.0               h84a9a3c_0               conda-forge
2025-01-20T14:54:40.6339609Z   param                          2.2.0                pyhd8ed1ab_0             conda-forge
2025-01-20T14:54:40.6339951Z   parso                          0.8.4                pyhd8ed1ab_1             conda-forge
2025-01-20T14:54:40.6340291Z   pathspec                       0.12.1               pyhd8ed1ab_1             conda-forge
2025-01-20T14:54:40.6340611Z   pbr                            6.0.0                pyhd8ed1ab_0             conda-forge
2025-01-20T14:54:40.6340922Z   pcre2                          10.44                hba22ea6_2               conda-forge
2025-01-20T14:54:40.6341248Z   pexpect                        4.9.0                pyhd8ed1ab_1             conda-forge
2025-01-20T14:54:40.6341600Z   pickleshare                    0.7.5                pyhd8ed1ab_1004          conda-forge
2025-01-20T14:54:40.6341956Z   pillow                         10.3.0               py312hdcec9eb_0          conda-forge
2025-01-20T14:54:40.6342271Z   pip                            24.3.1               pyh8b19718_2             conda-forge
2025-01-20T14:54:40.6342593Z   pixman                         0.43.2               h59595ed_0               conda-forge
2025-01-20T14:54:40.6342955Z   pkgutil-resolve-name           1.3.10               pyhd8ed1ab_2             conda-forge
2025-01-20T14:54:40.6343350Z   platformdirs                   4.2.2                pyhd8ed1ab_0             conda-forge
2025-01-20T14:54:40.6343695Z   plotly                         5.22.0               pyhd8ed1ab_0             conda-forge
2025-01-20T14:54:40.6344010Z   pluggy                         1.5.0                pyhd8ed1ab_1             conda-forge
2025-01-20T14:54:40.6344350Z   portalocker                    3.0.0                py312h7900ff3_0          conda-forge
2025-01-20T14:54:40.6344721Z   prometheus_client              0.20.0               pyhd8ed1ab_0             conda-forge
2025-01-20T14:54:40.6345121Z   prompt-toolkit                 3.0.47               pyha770c72_0             conda-forge
2025-01-20T14:54:40.6345474Z   psutil                         5.9.8                py312h98912ed_0          conda-forge
2025-01-20T14:54:40.6345810Z   pthread-stubs                  0.4                  hb9d3cd8_1002            conda-forge
2025-01-20T14:54:40.6346160Z   ptyprocess                     0.7.0                pyhd8ed1ab_1             conda-forge
2025-01-20T14:54:40.6346507Z   pure_eval                      0.2.2                pyhd8ed1ab_0             conda-forge
2025-01-20T14:54:40.6346848Z   py-cpuinfo                     9.0.0                pyhd8ed1ab_1             conda-forge
2025-01-20T14:54:40.6347180Z   pybtex                         0.24.0               pyhd8ed1ab_3             conda-forge
2025-01-20T14:54:40.6347542Z   pybtex-docutils                1.0.3                py312h7900ff3_2          conda-forge
2025-01-20T14:54:40.6348055Z   pycparser                      2.22                 pyh29332c3_1             conda-forge
2025-01-20T14:54:40.6348431Z   pydata-sphinx-theme            0.15.4               pyhd8ed1ab_0             conda-forge
2025-01-20T14:54:40.6348805Z   pyerfa                         2.0.1.4              py312hc0a28a1_2          conda-forge
2025-01-20T14:54:40.6349305Z   pygments                       2.18.0               pyhd8ed1ab_1             conda-forge
2025-01-20T14:54:40.6349658Z   pygraphviz                     1.13                 py312h4a1d8a7_1          conda-forge
2025-01-20T14:54:40.6350013Z   pyparsing                      3.1.2                pyhd8ed1ab_0             conda-forge
2025-01-20T14:54:40.6350355Z   pysocks                        1.7.1                pyha55dd90_7             conda-forge
2025-01-20T14:54:40.6350690Z   pytables                       3.10.2               py312h2895ec7_0          conda-forge
2025-01-20T14:54:40.6351015Z   pytest                         8.2.2                pyhd8ed1ab_0             conda-forge
2025-01-20T14:54:40.6351355Z   pytest-cov                     5.0.0                pyhd8ed1ab_0             conda-forge
2025-01-20T14:54:40.6351882Z   pytest-doctestplus             1.2.1                pyhd8ed1ab_0             conda-forge
2025-01-20T14:54:40.6352270Z   pytest-html                    4.1.1                pyhd8ed1ab_1             conda-forge
2025-01-20T14:54:40.6352642Z   pytest-metadata                3.1.1                pyhd8ed1ab_1             conda-forge
2025-01-20T14:54:40.6352998Z   python                         3.12.4               h194c7f8_0_cpython       conda-forge
2025-01-20T14:54:40.6353386Z   python-dateutil                2.9.0.post0          pyhff2d567_1             conda-forge
2025-01-20T14:54:40.6353804Z   python-fastjsonschema          2.20.0               pyhd8ed1ab_0             conda-forge
2025-01-20T14:54:40.6354225Z   python-json-logger             2.0.7                pyhd8ed1ab_0             conda-forge
2025-01-20T14:54:40.6354626Z   python-tzdata                  2024.1               pyhd8ed1ab_0             conda-forge
2025-01-20T14:54:40.6354990Z   python_abi                     3.12                 5_cp312                  conda-forge
2025-01-20T14:54:40.6355326Z   pytz                           2024.1               pyhd8ed1ab_0             conda-forge
2025-01-20T14:54:40.6355663Z   pyviz_comms                    3.0.4                pyhd8ed1ab_1             conda-forge
2025-01-20T14:54:40.6355995Z   pyyaml                         6.0.1                py312h98912ed_1          conda-forge
2025-01-20T14:54:40.6356318Z   pyzmq                          26.0.3               py312h8fd38d8_0          conda-forge
2025-01-20T14:54:40.6356639Z   qgrid                          1.3.1                pyhd8ed1ab_5             conda-forge
2025-01-20T14:54:40.6356988Z   radioactivedecay               0.5.1                pyhd8ed1ab_1             conda-forge
2025-01-20T14:54:40.6357351Z   readline                       8.2                  h8228510_1               conda-forge
2025-01-20T14:54:40.6357702Z   recommonmark                   0.7.1                pyhd8ed1ab_1             conda-forge
2025-01-20T14:54:40.6358067Z   referencing                    0.35.1               pyhd8ed1ab_1             conda-forge
2025-01-20T14:54:40.6358412Z   requests                       2.32.3               pyhd8ed1ab_1             conda-forge
2025-01-20T14:54:40.6358779Z   rfc3339-validator              0.1.4                pyhd8ed1ab_1             conda-forge
2025-01-20T14:54:40.6359485Z   rfc3986-validator              0.1.1                pyh9f0ad1d_0             conda-forge
2025-01-20T14:54:40.6359848Z   rpds-py                        0.18.1               py312h4413252_0          conda-forge
2025-01-20T14:54:40.6360170Z   ruff                           0.4.9                py312h5715c7c_0          conda-forge
2025-01-20T14:54:40.6360490Z   scipy                          1.13.1               py312hc2bc53b_0          conda-forge
2025-01-20T14:54:40.6360966Z   send2trash                     1.8.3                pyh0d859eb_1             conda-forge
2025-01-20T14:54:40.6361319Z   setuptools                     70.0.0               pyhd8ed1ab_0             conda-forge
2025-01-20T14:54:40.6361686Z   setuptools-scm                 8.1.0                pyhd8ed1ab_1             conda-forge
2025-01-20T14:54:40.6362052Z   setuptools_scm                 8.1.0                hd8ed1ab_1               conda-forge
2025-01-20T14:54:40.6362381Z   six                            1.16.0               pyhd8ed1ab_1             conda-forge
2025-01-20T14:54:40.6362702Z   snakeviz                       2.2.0                pyhd8ed1ab_0             conda-forge
2025-01-20T14:54:40.6363026Z   snappy                         1.2.0                hdb0a2a9_1               conda-forge
2025-01-20T14:54:40.6363346Z   sniffio                        1.3.1                pyhd8ed1ab_1             conda-forge
2025-01-20T14:54:40.6363705Z   snowballstemmer                2.2.0                pyhd8ed1ab_0             conda-forge
2025-01-20T14:54:40.6364078Z   soupsieve                      2.5                  pyhd8ed1ab_1             conda-forge
2025-01-20T14:54:40.6364520Z   sphinx                         7.3.7                pyhd8ed1ab_0             conda-forge
2025-01-20T14:54:40.6364874Z   sphinx-astropy                 1.9.1                pyhd8ed1ab_1             conda-forge
2025-01-20T14:54:40.6365265Z   sphinx-automodapi              0.17.0               pyh717bed2_1             conda-forge
2025-01-20T14:54:40.6365666Z   sphinx-copybutton              0.5.2                pyhd8ed1ab_1             conda-forge
2025-01-20T14:54:40.6366042Z   sphinx-design                  0.6.1                pyhd8ed1ab_2             conda-forge
2025-01-20T14:54:40.6366415Z   sphinx-gallery                 0.16.0               pyhd8ed1ab_0             conda-forge
2025-01-20T14:54:40.6366806Z   sphinx-jsonschema              1.19.1               pyhd8ed1ab_1             conda-forge
2025-01-20T14:54:40.6367203Z   sphinx_bootstrap_theme         0.8.1                pyhd8ed1ab_1             conda-forge
2025-01-20T14:54:40.6367603Z   sphinx_rtd_theme               2.0.0                pyha770c72_0             conda-forge
2025-01-20T14:54:40.6368001Z   sphinxcontrib-apidoc           0.3.0                py_1                     conda-forge
2025-01-20T14:54:40.6368456Z   sphinxcontrib-applehelp        1.0.8                pyhd8ed1ab_0             conda-forge
2025-01-20T14:54:40.6368888Z   sphinxcontrib-bibtex           2.6.2                pyhd8ed1ab_0             conda-forge
2025-01-20T14:54:40.6369551Z   sphinxcontrib-devhelp          1.0.6                pyhd8ed1ab_0             conda-forge
2025-01-20T14:54:40.6369979Z   sphinxcontrib-htmlhelp         2.0.5                pyhd8ed1ab_0             conda-forge
2025-01-20T14:54:40.6370393Z   sphinxcontrib-jquery           4.1                  pyhd8ed1ab_1             conda-forge
2025-01-20T14:54:40.6370805Z   sphinxcontrib-jsmath           1.0.1                pyhd8ed1ab_1             conda-forge
2025-01-20T14:54:40.6371234Z   sphinxcontrib-qthelp           1.0.7                pyhd8ed1ab_0             conda-forge
2025-01-20T14:54:40.6371685Z   sphinxcontrib-serializinghtml  1.1.10               pyhd8ed1ab_1             conda-forge
2025-01-20T14:54:40.6372133Z   sphinxext-rediraffe            0.2.7                pyhd8ed1ab_2             conda-forge
2025-01-20T14:54:40.6372518Z   sqlalchemy                     2.0.37               py312h66e93f0_0          conda-forge
2025-01-20T14:54:40.6372865Z   stack_data                     0.6.2                pyhd8ed1ab_0             conda-forge
2025-01-20T14:54:40.6373200Z   sympy                          1.12.1               pypyh2585a3b_103         conda-forge
2025-01-20T14:54:40.6373532Z   tabulate                       0.9.0                pyhd8ed1ab_2             conda-forge
2025-01-20T14:54:40.6373870Z   tenacity                       8.4.1                pyhd8ed1ab_0             conda-forge
2025-01-20T14:54:40.6374214Z   terminado                      0.18.1               pyh0d859eb_0             conda-forge
2025-01-20T14:54:40.6374698Z   tinycss2                       1.3.0                pyhd8ed1ab_0             conda-forge
2025-01-20T14:54:40.6375019Z   tk                             8.6.13               noxft_h4845f30_101       conda-forge
2025-01-20T14:54:40.6375321Z   toml                           0.10.2               pyhd8ed1ab_1             conda-forge
2025-01-20T14:54:40.6375645Z   tomli                          2.0.1                pyhd8ed1ab_0             conda-forge
2025-01-20T14:54:40.6375976Z   tornado                        6.4.1                py312h66e93f0_1          conda-forge
2025-01-20T14:54:40.6376296Z   tqdm                           4.66.4               pyhd8ed1ab_0             conda-forge
2025-01-20T14:54:40.6376628Z   traitlets                      5.14.3               pyhd8ed1ab_1             conda-forge
2025-01-20T14:54:40.6376976Z   typed-ast                      1.5.5                py312h98912ed_1          conda-forge
2025-01-20T14:54:40.6377380Z   types-python-dateutil          2.9.0.20240316       pyhd8ed1ab_0             conda-forge
2025-01-20T14:54:40.6377914Z   typing-extensions              4.12.2               hd8ed1ab_1               conda-forge
2025-01-20T14:54:40.6378305Z   typing_extensions              4.12.2               pyha770c72_1             conda-forge
2025-01-20T14:54:40.6378678Z   typing_utils                   0.1.0                pyhd8ed1ab_1             conda-forge
2025-01-20T14:54:40.6379252Z   tzdata                         2024a                h8827d51_1               conda-forge
2025-01-20T14:54:40.6379830Z   uc-micro-py                    1.0.3                pyhd8ed1ab_1             conda-forge
2025-01-20T14:54:40.6380423Z   uri-template                   1.3.0                pyhd8ed1ab_1             conda-forge
2025-01-20T14:54:40.6380902Z   urllib3                        2.2.2                pyhd8ed1ab_1             conda-forge
2025-01-20T14:54:40.6381244Z   watchfiles                     1.0.4                py312h12e396e_0          conda-forge
2025-01-20T14:54:40.6381598Z   wcwidth                        0.2.13               pyhd8ed1ab_1             conda-forge
2025-01-20T14:54:40.6381947Z   webcolors                      24.6.0               pyhd8ed1ab_0             conda-forge
2025-01-20T14:54:40.6382302Z   webencodings                   0.5.1                pyhd8ed1ab_3             conda-forge
2025-01-20T14:54:40.6382677Z   websocket-client               1.8.0                pyhd8ed1ab_1             conda-forge
2025-01-20T14:54:40.6383032Z   wheel                          0.43.0               pyhd8ed1ab_1             conda-forge
2025-01-20T14:54:40.6383393Z   widgetsnbextension             3.6.10               pyhd8ed1ab_0             conda-forge
2025-01-20T14:54:40.6383782Z   xorg-kbproto                   1.0.7                hb9d3cd8_1003            conda-forge
2025-01-20T14:54:40.6384130Z   xorg-libice                    1.1.1                hb9d3cd8_1               conda-forge
2025-01-20T14:54:40.6384474Z   xorg-libsm                     1.2.4                he73a12e_1               conda-forge
2025-01-20T14:54:40.6384816Z   xorg-libx11                    1.8.9                h8ee46fc_0               conda-forge
2025-01-20T14:54:40.6385176Z   xorg-libxau                    1.0.11               hb9d3cd8_1               conda-forge
2025-01-20T14:54:40.6385525Z   xorg-libxdmcp                  1.1.3                hb9d3cd8_2               conda-forge
2025-01-20T14:54:40.6385877Z   xorg-libxext                   1.3.4                h0b41bf4_2               conda-forge
2025-01-20T14:54:40.6386238Z   xorg-libxrender                0.9.11               hd590300_0               conda-forge
2025-01-20T14:54:40.6386617Z   xorg-renderproto               0.11.1               hb9d3cd8_1003            conda-forge
2025-01-20T14:54:40.6386984Z   xorg-xextproto                 7.3.0                hb9d3cd8_1004            conda-forge
2025-01-20T14:54:40.6387341Z   xorg-xproto                    7.0.31               hb9d3cd8_1008            conda-forge
2025-01-20T14:54:40.6387859Z   xyzservices                    2025.1.0             pyhd8ed1ab_0             conda-forge
2025-01-20T14:54:40.6388193Z   xz                             5.2.6                h166bdaf_0               conda-forge
2025-01-20T14:54:40.6388489Z   yaml                           0.2.5                h7f98852_2               conda-forge
2025-01-20T14:54:40.6388801Z   zeromq                         4.3.5                h75354e8_4               conda-forge
2025-01-20T14:54:40.6389332Z   zipp                           3.19.2               pyhd8ed1ab_0             conda-forge
2025-01-20T14:54:40.6389650Z   zlib                           1.3.1                hb9d3cd8_2               conda-forge
2025-01-20T14:54:40.6389960Z   zlib-ng                        2.2.3                h7955e40_0               conda-forge
2025-01-20T14:54:40.6390289Z   zstandard                      0.23.0               py312hef9b889_1          conda-forge
2025-01-20T14:54:40.6390619Z   zstd                           1.5.6                ha6fb4c9_0               conda-forge
2025-01-20T14:54:40.6391115Z ##[endgroup]
