2025-02-21T19:54:25.9007429Z Prepare all required actions
2025-02-21T19:54:25.9007791Z Getting action download info
2025-02-21T19:54:26.0099247Z Download action repository 'mamba-org/setup-micromamba@v1' (SHA:4b9113af4fba0e9e1124b252dd6497a419e7396d)
2025-02-21T19:54:26.2706199Z ##[group]Run ./.github/actions/setup_env
2025-02-21T19:54:26.2706478Z with:
2025-02-21T19:54:26.2706661Z   os-label: linux-64
2025-02-21T19:54:26.2706843Z env:
2025-02-21T19:54:26.2707018Z   CACHE_NUMBER: 0
2025-02-21T19:54:26.2707610Z   PYTEST_FLAGS: --tardis-regression-data=/home/runner/work/tardis/tardis/tardis-regression-data --cov=tardis --cov-report=xml --cov-report=html --cov-append
2025-02-21T19:54:26.2708257Z   CODECOV_TOKEN: 
2025-02-21T19:54:26.2708442Z ##[endgroup]
2025-02-21T19:54:26.2731786Z ##[group]Run file_hash=$(cat conda-linux-64.lock | shasum -a 256 | cut -d' ' -f1)
2025-02-21T19:54:26.2732289Z [36;1mfile_hash=$(cat conda-linux-64.lock | shasum -a 256 | cut -d' ' -f1)[0m
2025-02-21T19:54:26.2732979Z [36;1mecho "file_hash=tardis-conda-env-linux-64-${file_hash}-v1" >> "${GITHUB_OUTPUT}"[0m
2025-02-21T19:54:26.2792722Z shell: /usr/bin/bash --noprofile --norc -e -o pipefail {0}
2025-02-21T19:54:26.2793062Z env:
2025-02-21T19:54:26.2793233Z   CACHE_NUMBER: 0
2025-02-21T19:54:26.2793838Z   PYTEST_FLAGS: --tardis-regression-data=/home/runner/work/tardis/tardis/tardis-regression-data --cov=tardis --cov-report=xml --cov-report=html --cov-append
2025-02-21T19:54:26.2794469Z   CODECOV_TOKEN: 
2025-02-21T19:54:26.2794655Z ##[endgroup]
2025-02-21T19:54:26.3159357Z ##[group]Run mamba-org/setup-micromamba@v1
2025-02-21T19:54:26.3159638Z with:
2025-02-21T19:54:26.3159832Z   environment-file: conda-linux-64.lock
2025-02-21T19:54:26.3160379Z   cache-environment-key: tardis-conda-env-linux-64-d7cd390425b0fd3cf82649dcc003efba9915fb4928f15d342148c3ccffcbe2ee-v1
2025-02-21T19:54:26.3161181Z   cache-downloads-key: tardis-conda-env-linux-64-d7cd390425b0fd3cf82649dcc003efba9915fb4928f15d342148c3ccffcbe2ee-v1
2025-02-21T19:54:26.3161701Z   environment-name: tardis
2025-02-21T19:54:26.3161933Z   cache-environment: true
2025-02-21T19:54:26.3162148Z   cache-downloads: true
2025-02-21T19:54:26.3162365Z env:
2025-02-21T19:54:26.3162768Z   CACHE_NUMBER: 0
2025-02-21T19:54:26.3163376Z   PYTEST_FLAGS: --tardis-regression-data=/home/runner/work/tardis/tardis/tardis-regression-data --cov=tardis --cov-report=xml --cov-report=html --cov-append
2025-02-21T19:54:26.3164000Z   CODECOV_TOKEN: 
2025-02-21T19:54:26.3164184Z ##[endgroup]
2025-02-21T19:54:26.4530402Z Will download micromamba to /home/runner/micromamba-bin/micromamba
2025-02-21T19:54:26.4540763Z ##[group]Install micromamba
2025-02-21T19:54:26.7306588Z micromamba installed to /home/runner/micromamba-bin/micromamba
2025-02-21T19:54:26.7307434Z ##[endgroup]
2025-02-21T19:54:26.7308268Z Adding conda-forge to condarc channels ...
2025-02-21T19:54:26.7318183Z ##[group]Initialize micromamba for bash.
2025-02-21T19:54:26.7333948Z [command]/home/runner/micromamba-bin/micromamba shell init -s bash -r /home/runner/micromamba --log-level warning --rc-file /home/runner/work/_temp/setup-micromamba/.condarc
2025-02-21T19:54:26.7446082Z Modifying RC file "/home/runner/.bashrc"
2025-02-21T19:54:26.7447046Z Generating config for root prefix [1m"/home/runner/micromamba"[0m
2025-02-21T19:54:26.7448863Z Setting mamba executable to: [1m"/home/runner/micromamba-bin/micromamba"[0m
2025-02-21T19:54:26.7449694Z Adding (or replacing) the following in your "/home/runner/.bashrc" file
2025-02-21T19:54:26.7450146Z 
2025-02-21T19:54:26.7450292Z # >>> mamba initialize >>>
2025-02-21T19:54:26.7450762Z # !! Contents within this block are managed by 'mamba init' !!
2025-02-21T19:54:26.7451372Z export MAMBA_EXE='/home/runner/micromamba-bin/micromamba';
2025-02-21T19:54:26.7451948Z export MAMBA_ROOT_PREFIX='/home/runner/micromamba';
2025-02-21T19:54:26.7452811Z __mamba_setup="$("$MAMBA_EXE" shell hook --shell bash --root-prefix "$MAMBA_ROOT_PREFIX" 2> /dev/null)"
2025-02-21T19:54:26.7453278Z if [ $? -eq 0 ]; then
2025-02-21T19:54:26.7453499Z     eval "$__mamba_setup"
2025-02-21T19:54:26.7454042Z else
2025-02-21T19:54:26.7454430Z     alias micromamba="$MAMBA_EXE"  # Fallback on help from mamba activate
2025-02-21T19:54:26.7455272Z fi
2025-02-21T19:54:26.7455575Z unset __mamba_setup
2025-02-21T19:54:26.7455947Z # <<< mamba initialize <<<
2025-02-21T19:54:26.7456221Z 
2025-02-21T19:54:26.7465792Z Moving mamba initialize block to .bash_profile
2025-02-21T19:54:26.7476438Z ##[endgroup]
2025-02-21T19:54:26.7477722Z ##[group]Restoring downloads from `/home/runner/micromamba/pkgs` ...
2025-02-21T19:54:27.8970213Z Received 276824064 of 356815776 (77.6%), 263.2 MBs/sec
2025-02-21T19:54:28.2199697Z Cache Size: ~340 MB (356815776 B)
2025-02-21T19:54:28.2307454Z [command]/usr/bin/tar -xf /home/runner/work/_temp/b2eb642b-3fad-447d-b55f-2fb176013cef/cache.tzst -P -C /home/runner/work/tardis/tardis --use-compress-program unzstd
2025-02-21T19:54:28.7185836Z Cache restored successfully
2025-02-21T19:54:28.7922999Z Restored cache with key `tardis-conda-env-linux-64-d7cd390425b0fd3cf82649dcc003efba9915fb4928f15d342148c3ccffcbe2ee-v1-linux-64`
2025-02-21T19:54:28.7925308Z ##[endgroup]
2025-02-21T19:54:28.7936030Z ##[group]Restoring environment `tardis` from `/home/runner/micromamba/envs/tardis` ...
2025-02-21T19:54:28.8979131Z Received 356815776 of 356815776 (100.0%), 169.8 MBs/sec
2025-02-21T19:54:29.8763697Z Received 239075328 of 444032293 (53.8%), 227.5 MBs/sec
2025-02-21T19:54:30.7713487Z Cache Size: ~423 MB (444032293 B)
2025-02-21T19:54:30.7803810Z [command]/usr/bin/tar -xf /home/runner/work/_temp/c894b00c-45eb-4f09-ba96-2762e8ddb89c/cache.tzst -P -C /home/runner/work/tardis/tardis --use-compress-program unzstd
2025-02-21T19:54:30.8728866Z Received 444032293 of 444032293 (100.0%), 211.4 MBs/sec
2025-02-21T19:54:35.8494939Z Cache restored successfully
2025-02-21T19:54:35.9440895Z Restored cache with key `tardis-conda-env-linux-64-d7cd390425b0fd3cf82649dcc003efba9915fb4928f15d342148c3ccffcbe2ee-v1-linux-64-tardis-args-4f53cda-root-dcc80ee-bin-[object Promise]-file-d7cd390425b0fd3cf82649dcc003efba9915fb4928f15d342148c3ccffcbe2ee`
2025-02-21T19:54:35.9445287Z ##[endgroup]
2025-02-21T19:54:35.9445853Z Adding environment tardis to auto-activate bash ...
2025-02-21T19:54:35.9453494Z Generating micromamba run shell.
2025-02-21T19:54:35.9463950Z ##[endgroup]
2025-02-21T19:54:35.9468433Z Set environment variables.
2025-02-21T19:54:35.9472257Z ##[group]micromamba info
2025-02-21T19:54:35.9483882Z [command]/home/runner/micromamba-bin/micromamba info -r /home/runner/micromamba -n tardis
2025-02-21T19:54:35.9707228Z 
2025-02-21T19:54:35.9707734Z        libmamba version : 1.5.10
2025-02-21T19:54:35.9708291Z      micromamba version : 1.5.10
2025-02-21T19:54:35.9709119Z            curl version : libcurl/8.10.1 OpenSSL/3.3.2 zlib/1.3.1 zstd/1.5.6 libssh2/1.11.0 nghttp2/1.58.0
2025-02-21T19:54:35.9710256Z      libarchive version : libarchive 3.7.4 zlib/1.2.13 bz2lib/1.0.8 libzstd/1.5.6
2025-02-21T19:54:35.9711063Z        envs directories : /home/runner/micromamba/envs
2025-02-21T19:54:35.9711728Z           package cache : /home/runner/micromamba/pkgs
2025-02-21T19:54:35.9712368Z                           /home/runner/.mamba/pkgs
2025-02-21T19:54:35.9713074Z             environment : tardis
2025-02-21T19:54:35.9713664Z            env location : /home/runner/micromamba/envs/tardis
2025-02-21T19:54:35.9714325Z       user config files : /home/runner/.mambarc
2025-02-21T19:54:35.9715054Z  populated config files : /home/runner/work/_temp/setup-micromamba/.condarc
2025-02-21T19:54:35.9715818Z        virtual packages : __unix=0=0
2025-02-21T19:54:35.9716321Z                           __linux=6.8.0=0
2025-02-21T19:54:35.9716871Z                           __glibc=2.39=0
2025-02-21T19:54:35.9717285Z                           __archspec=1=x86_64_v3
2025-02-21T19:54:35.9717849Z                channels : https://conda.anaconda.org/conda-forge/linux-64
2025-02-21T19:54:35.9718612Z                           https://conda.anaconda.org/conda-forge/noarch
2025-02-21T19:54:35.9719169Z        base environment : /home/runner/micromamba
2025-02-21T19:54:35.9720003Z                platform : linux-64
2025-02-21T19:54:35.9727107Z ##[endgroup]
2025-02-21T19:54:35.9727676Z ##[group]micromamba list
2025-02-21T19:54:35.9729094Z [command]/home/runner/micromamba-bin/micromamba list -r /home/runner/micromamba -n tardis
2025-02-21T19:54:36.3625980Z List of packages in environment: "/home/runner/micromamba/envs/tardis"
2025-02-21T19:54:36.3626526Z 
2025-02-21T19:54:36.3626781Z   Name                           Version              Build                    Channel    
2025-02-21T19:54:36.3627830Z â”€â”€â”€â”€â”€â”€â”€â”€â”€â”€â”€â”€â”€â”€â”€â”€â”€â”€â”€â”€â”€â”€â”€â”€â”€â”€â”€â”€â”€â”€â”€â”€â”€â”€â”€â”€â”€â”€â”€â”€â”€â”€â”€â”€â”€â”€â”€â”€â”€â”€â”€â”€â”€â”€â”€â”€â”€â”€â”€â”€â”€â”€â”€â”€â”€â”€â”€â”€â”€â”€â”€â”€â”€â”€â”€â”€â”€â”€â”€â”€â”€â”€â”€â”€â”€â”€â”€â”€â”€â”€â”€â”€
2025-02-21T19:54:36.3628494Z   _libgcc_mutex                  0.1                  conda_forge              conda-forge
2025-02-21T19:54:36.3629136Z   _openmp_mutex                  4.5                  2_gnu                    conda-forge
2025-02-21T19:54:36.3629878Z   alabaster                      0.7.16               pyhd8ed1ab_0             conda-forge
2025-02-21T19:54:36.3630768Z   anyio                          4.4.0                pyhd8ed1ab_0             conda-forge
2025-02-21T19:54:36.3631429Z   argon2-cffi                    23.1.0               pyhd8ed1ab_0             conda-forge
2025-02-21T19:54:36.3632225Z   argon2-cffi-bindings           21.2.0               py312h98912ed_4          conda-forge
2025-02-21T19:54:36.3633331Z   arrow                          1.3.0                pyhd8ed1ab_0             conda-forge
2025-02-21T19:54:36.3634096Z   astropy                        6.1.1                py312h085067d_0          conda-forge
2025-02-21T19:54:36.3635000Z   astropy-iers-data              0.2024.6.17.0.31.35  pyhd8ed1ab_0             conda-forge
2025-02-21T19:54:36.3635867Z   astropy-sphinx-theme           1.1                  pyhd8ed1ab_0             conda-forge
2025-02-21T19:54:36.3636666Z   asttokens                      2.4.1                pyhd8ed1ab_0             conda-forge
2025-02-21T19:54:36.3637471Z   async-lru                      2.0.4                pyhd8ed1ab_0             conda-forge
2025-02-21T19:54:36.3638133Z   atk-1.0                        2.38.0               h04ea711_2               conda-forge
2025-02-21T19:54:36.3657039Z   attrs                          23.2.0               pyh71513ae_0             conda-forge
2025-02-21T19:54:36.3658012Z   babel                          2.14.0               pyhd8ed1ab_0             conda-forge
2025-02-21T19:54:36.3658709Z   beautifulsoup4                 4.12.3               pyha770c72_0             conda-forge
2025-02-21T19:54:36.3659347Z   bleach                         6.1.0                pyhd8ed1ab_0             conda-forge
2025-02-21T19:54:36.3659906Z   blosc                          1.21.5               hc2324a3_1               conda-forge
2025-02-21T19:54:36.3660438Z   brotli                         1.1.0                hd590300_1               conda-forge
2025-02-21T19:54:36.3661015Z   brotli-bin                     1.1.0                hd590300_1               conda-forge
2025-02-21T19:54:36.3661621Z   brotli-python                  1.1.0                py312h30efb56_1          conda-forge
2025-02-21T19:54:36.3662195Z   bzip2                          1.0.8                hd590300_5               conda-forge
2025-02-21T19:54:36.3663017Z   c-ares                         1.28.1               hd590300_0               conda-forge
2025-02-21T19:54:36.3663580Z   c-blosc2                       2.14.4               hb4ffafa_1               conda-forge
2025-02-21T19:54:36.3664241Z   ca-certificates                2024.6.2             hbcca054_0               conda-forge
2025-02-21T19:54:36.3664945Z   cached-property                1.5.2                hd8ed1ab_1               conda-forge
2025-02-21T19:54:36.3665583Z   cached_property                1.5.2                pyha770c72_1             conda-forge
2025-02-21T19:54:36.3666184Z   cairo                          1.18.0               h3faef2a_0               conda-forge
2025-02-21T19:54:36.3666754Z   certifi                        2024.6.2             pyhd8ed1ab_0             conda-forge
2025-02-21T19:54:36.3667676Z   cffi                           1.16.0               py312hf06ca03_0          conda-forge
2025-02-21T19:54:36.3668476Z   charset-normalizer             3.3.2                pyhd8ed1ab_0             conda-forge
2025-02-21T19:54:36.3669088Z   click                          8.1.7                unix_pyh707e725_0        conda-forge
2025-02-21T19:54:36.3669665Z   codespell                      2.3.0                pyhd8ed1ab_0             conda-forge
2025-02-21T19:54:36.3670266Z   colorama                       0.4.6                pyhd8ed1ab_0             conda-forge
2025-02-21T19:54:36.3670823Z   comm                           0.2.2                pyhd8ed1ab_0             conda-forge
2025-02-21T19:54:36.3671378Z   commonmark                     0.9.1                py_0                     conda-forge
2025-02-21T19:54:36.3671978Z   contourpy                      1.2.1                py312h8572e83_0          conda-forge
2025-02-21T19:54:36.3672789Z   coverage                       7.5.3                py312h9a8786e_0          conda-forge
2025-02-21T19:54:36.3673354Z   cycler                         0.12.1               pyhd8ed1ab_0             conda-forge
2025-02-21T19:54:36.3673950Z   dataclasses                    0.8                  pyhc8e2a94_3             conda-forge
2025-02-21T19:54:36.3674544Z   debugpy                        1.8.1                py312h30efb56_0          conda-forge
2025-02-21T19:54:36.3675122Z   decorator                      5.1.1                pyhd8ed1ab_0             conda-forge
2025-02-21T19:54:36.3675720Z   defusedxml                     0.7.1                pyhd8ed1ab_0             conda-forge
2025-02-21T19:54:36.3676311Z   docutils                       0.20.1               py312h7900ff3_3          conda-forge
2025-02-21T19:54:36.3676888Z   dot2tex                        2.11.3               pyhd8ed1ab_0             conda-forge
2025-02-21T19:54:36.3677463Z   entrypoints                    0.4                  pyhd8ed1ab_0             conda-forge
2025-02-21T19:54:36.3678100Z   exceptiongroup                 1.2.0                pyhd8ed1ab_2             conda-forge
2025-02-21T19:54:36.3678753Z   executing                      2.0.1                pyhd8ed1ab_0             conda-forge
2025-02-21T19:54:36.3679319Z   expat                          2.6.2                h59595ed_0               conda-forge
2025-02-21T19:54:36.3680007Z   font-ttf-dejavu-sans-mono      2.37                 hab24e00_0               conda-forge
2025-02-21T19:54:36.3685400Z   font-ttf-inconsolata           3.000                h77eed37_0               conda-forge
2025-02-21T19:54:36.3686240Z   font-ttf-source-code-pro       2.038                h77eed37_0               conda-forge
2025-02-21T19:54:36.3686912Z   font-ttf-ubuntu                0.83                 h77eed37_2               conda-forge
2025-02-21T19:54:36.3687559Z   fontconfig                     2.14.2               h14ed4e7_0               conda-forge
2025-02-21T19:54:36.3688203Z   fonts-conda-ecosystem          1                    0                        conda-forge
2025-02-21T19:54:36.3709637Z   fonts-conda-forge              1                    0                        conda-forge
2025-02-21T19:54:36.3710449Z   fonttools                      4.53.0               py312h9a8786e_0          conda-forge
2025-02-21T19:54:36.3711093Z   fqdn                           1.5.1                pyhd8ed1ab_0             conda-forge
2025-02-21T19:54:36.3711741Z   freetype                       2.12.1               h267a509_2               conda-forge
2025-02-21T19:54:36.3712378Z   fribidi                        1.0.10               h36c2ea0_0               conda-forge
2025-02-21T19:54:36.3713195Z   future                         1.0.0                pyhd8ed1ab_0             conda-forge
2025-02-21T19:54:36.3713855Z   gdk-pixbuf                     2.42.12              hb9ae30d_0               conda-forge
2025-02-21T19:54:36.3714580Z   giflib                         5.2.2                hd590300_0               conda-forge
2025-02-21T19:54:36.3715623Z   git-lfs                        3.5.1                ha770c72_0               conda-forge
2025-02-21T19:54:36.3716460Z   gmp                            6.3.0                h59595ed_1               conda-forge
2025-02-21T19:54:36.3717073Z   gmpy2                          2.1.5                py312h1d5cde6_1          conda-forge
2025-02-21T19:54:36.3717714Z   graphite2                      1.3.13               h59595ed_1003            conda-forge
2025-02-21T19:54:36.3718360Z   graphviz                       11.0.0               hc68bbd7_0               conda-forge
2025-02-21T19:54:36.3718983Z   gtk2                           2.24.33              h280cfa0_4               conda-forge
2025-02-21T19:54:36.3719580Z   gts                            0.7.6                h977cf35_4               conda-forge
2025-02-21T19:54:36.3720156Z   h11                            0.14.0               pyhd8ed1ab_0             conda-forge
2025-02-21T19:54:36.3720733Z   h2                             4.1.0                pyhd8ed1ab_0             conda-forge
2025-02-21T19:54:36.3721325Z   h5py                           3.11.0               nompi_py312hb7ab980_102  conda-forge
2025-02-21T19:54:36.3721953Z   harfbuzz                       8.5.0                hfac3d4d_0               conda-forge
2025-02-21T19:54:36.3722778Z   hdf5                           1.14.3               nompi_hdf9ad27_105       conda-forge
2025-02-21T19:54:36.3723409Z   hpack                          4.0.0                pyh9f0ad1d_0             conda-forge
2025-02-21T19:54:36.3724061Z   httpcore                       1.0.5                pyhd8ed1ab_0             conda-forge
2025-02-21T19:54:36.3724719Z   httpx                          0.27.0               pyhd8ed1ab_0             conda-forge
2025-02-21T19:54:36.3725364Z   hyperframe                     6.0.1                pyhd8ed1ab_0             conda-forge
2025-02-21T19:54:36.3725987Z   icu                            73.2                 h59595ed_0               conda-forge
2025-02-21T19:54:36.3726579Z   idna                           3.7                  pyhd8ed1ab_0             conda-forge
2025-02-21T19:54:36.3727218Z   imagesize                      1.4.1                pyhd8ed1ab_0             conda-forge
2025-02-21T19:54:36.3727982Z   importlib-metadata             7.1.0                pyha770c72_0             conda-forge
2025-02-21T19:54:36.3728726Z   importlib_metadata             7.1.0                hd8ed1ab_0               conda-forge
2025-02-21T19:54:36.3729478Z   importlib_resources            6.4.0                pyhd8ed1ab_0             conda-forge
2025-02-21T19:54:36.3730214Z   iniconfig                      2.0.0                pyhd8ed1ab_0             conda-forge
2025-02-21T19:54:36.3730832Z   ipykernel                      6.29.4               pyh3099207_0             conda-forge
2025-02-21T19:54:36.3731488Z   ipython                        8.25.0               pyh707e725_0             conda-forge
2025-02-21T19:54:36.3732169Z   ipython_genutils               0.2.0                pyhd8ed1ab_1             conda-forge
2025-02-21T19:54:36.3733053Z   ipywidgets                     7.8.0                pyhd8ed1ab_0             conda-forge
2025-02-21T19:54:36.3733755Z   isoduration                    20.11.0              pyhd8ed1ab_0             conda-forge
2025-02-21T19:54:36.3734415Z   jedi                           0.19.1               pyhd8ed1ab_0             conda-forge
2025-02-21T19:54:36.3735050Z   jinja2                         3.1.4                pyhd8ed1ab_0             conda-forge
2025-02-21T19:54:36.3735701Z   json5                          0.9.25               pyhd8ed1ab_0             conda-forge
2025-02-21T19:54:36.3736341Z   jsonpointer                    3.0.0                py312h7900ff3_0          conda-forge
2025-02-21T19:54:36.3737020Z   jsonschema                     4.22.0               pyhd8ed1ab_0             conda-forge
2025-02-21T19:54:36.3737809Z   jsonschema-specifications      2023.12.1            pyhd8ed1ab_0             conda-forge
2025-02-21T19:54:36.3739041Z   jsonschema-with-format-nongpl  4.22.0               pyhd8ed1ab_0             conda-forge
2025-02-21T19:54:36.3739875Z   jupyter-lsp                    2.2.5                pyhd8ed1ab_0             conda-forge
2025-02-21T19:54:36.3740827Z   jupyter_client                 8.6.2                pyhd8ed1ab_0             conda-forge
2025-02-21T19:54:36.3741543Z   jupyter_core                   5.7.2                py312h7900ff3_0          conda-forge
2025-02-21T19:54:36.3742261Z   jupyter_events                 0.10.0               pyhd8ed1ab_0             conda-forge
2025-02-21T19:54:36.3743202Z   jupyter_server                 2.14.1               pyhd8ed1ab_0             conda-forge
2025-02-21T19:54:36.3743982Z   jupyter_server_terminals       0.5.3                pyhd8ed1ab_0             conda-forge
2025-02-21T19:54:36.3744738Z   jupyterlab                     4.2.2                pyhd8ed1ab_0             conda-forge
2025-02-21T19:54:36.3745461Z   jupyterlab_pygments            0.3.0                pyhd8ed1ab_1             conda-forge
2025-02-21T19:54:36.3746246Z   jupyterlab_server              2.27.2               pyhd8ed1ab_0             conda-forge
2025-02-21T19:54:36.3747009Z   jupyterlab_widgets             1.1.7                pyhd8ed1ab_0             conda-forge
2025-02-21T19:54:36.3747709Z   keyutils                       1.6.1                h166bdaf_0               conda-forge
2025-02-21T19:54:36.3748347Z   kiwisolver                     1.4.5                py312h8572e83_1          conda-forge
2025-02-21T19:54:36.3748952Z   krb5                           1.21.2               h659d440_0               conda-forge
2025-02-21T19:54:36.3749571Z   latexcodec                     2.0.1                pyh9f0ad1d_0             conda-forge
2025-02-21T19:54:36.3750222Z   lcms2                          2.16                 hb7c19ff_0               conda-forge
2025-02-21T19:54:36.3750862Z   ld_impl_linux-64               2.40                 hf3520f5_7               conda-forge
2025-02-21T19:54:36.3751503Z   lerc                           4.0.0                h27087fc_0               conda-forge
2025-02-21T19:54:36.3752113Z   libaec                         1.1.3                h59595ed_0               conda-forge
2025-02-21T19:54:36.3752925Z   libblas                        3.9.0                22_linux64_openblas      conda-forge
2025-02-21T19:54:36.3753606Z   libbrotlicommon                1.1.0                hd590300_1               conda-forge
2025-02-21T19:54:36.3754333Z   libbrotlidec                   1.1.0                hd590300_1               conda-forge
2025-02-21T19:54:36.3755031Z   libbrotlienc                   1.1.0                hd590300_1               conda-forge
2025-02-21T19:54:36.3755704Z   libcblas                       3.9.0                22_linux64_openblas      conda-forge
2025-02-21T19:54:36.3756333Z   libcurl                        8.8.0                hca28451_0               conda-forge
2025-02-21T19:54:36.3756977Z   libdeflate                     1.20                 hd590300_0               conda-forge
2025-02-21T19:54:36.3757666Z   libedit                        3.1.20191231         he28a2e2_2               conda-forge
2025-02-21T19:54:36.3758287Z   libev                          4.33                 hd590300_2               conda-forge
2025-02-21T19:54:36.3758893Z   libexpat                       2.6.2                h59595ed_0               conda-forge
2025-02-21T19:54:36.3759478Z   libffi                         3.4.2                h7f98852_5               conda-forge
2025-02-21T19:54:36.3760054Z   libgcc-ng                      13.2.0               h77fa898_10              conda-forge
2025-02-21T19:54:36.3760632Z   libgd                          2.3.3                h119a65a_9               conda-forge
2025-02-21T19:54:36.3761263Z   libgfortran-ng                 13.2.0               h69a702a_10              conda-forge
2025-02-21T19:54:36.3761970Z   libgfortran5                   13.2.0               h3d2ce59_10              conda-forge
2025-02-21T19:54:36.3763032Z   libglib                        2.80.2               h8a4344b_1               conda-forge
2025-02-21T19:54:36.3763672Z   libgomp                        13.2.0               h77fa898_10              conda-forge
2025-02-21T19:54:36.3764477Z   libiconv                       1.17                 hd590300_2               conda-forge
2025-02-21T19:54:36.3765129Z   libjpeg-turbo                  3.0.0                hd590300_1               conda-forge
2025-02-21T19:54:36.3765815Z   liblapack                      3.9.0                22_linux64_openblas      conda-forge
2025-02-21T19:54:36.3766427Z   libllvm14                      14.0.6               hcd5def8_4               conda-forge
2025-02-21T19:54:36.3767085Z   libnghttp2                     1.58.0               h47da74e_1               conda-forge
2025-02-21T19:54:36.3767734Z   libnsl                         2.0.1                hd590300_0               conda-forge
2025-02-21T19:54:36.3768407Z   libopenblas                    0.3.27               pthreads_h413a1c8_0      conda-forge
2025-02-21T19:54:36.3769086Z   libpng                         1.6.43               h2797004_0               conda-forge
2025-02-21T19:54:36.3769719Z   librsvg                        2.58.1               hadf69e7_0               conda-forge
2025-02-21T19:54:36.3770365Z   libsodium                      1.0.18               h36c2ea0_1               conda-forge
2025-02-21T19:54:36.3771023Z   libsqlite                      3.46.0               hde9e2c9_0               conda-forge
2025-02-21T19:54:36.3771662Z   libssh2                        1.11.0               h0841786_0               conda-forge
2025-02-21T19:54:36.3772323Z   libstdcxx-ng                   13.2.0               hc0a3c3a_10              conda-forge
2025-02-21T19:54:36.3773164Z   libtiff                        4.6.0                h1dd3fc0_3               conda-forge
2025-02-21T19:54:36.3773944Z   libuuid                        2.38.1               h0b41bf4_0               conda-forge
2025-02-21T19:54:36.3774600Z   libwebp                        1.4.0                h2c329e2_0               conda-forge
2025-02-21T19:54:36.3775240Z   libwebp-base                   1.4.0                hd590300_0               conda-forge
2025-02-21T19:54:36.3775876Z   libxcb                         1.15                 h0b41bf4_0               conda-forge
2025-02-21T19:54:36.3776496Z   libxcrypt                      4.4.36               hd590300_1               conda-forge
2025-02-21T19:54:36.3777130Z   libxml2                        2.12.7               hc051c1a_1               conda-forge
2025-02-21T19:54:36.3777755Z   libxslt                        1.1.39               h76b75d6_0               conda-forge
2025-02-21T19:54:36.3778379Z   libzlib                        1.3.1                h4ab18f5_1               conda-forge
2025-02-21T19:54:36.3779022Z   llvmlite                       0.42.0               py312hb06c811_1          conda-forge
2025-02-21T19:54:36.3779645Z   lxml                           5.2.2                py312hb90d8a5_0          conda-forge
2025-02-21T19:54:36.3780245Z   lz4-c                          1.9.4                hcb278e6_0               conda-forge
2025-02-21T19:54:36.3780834Z   lzo                            2.10                 hd590300_1001            conda-forge
2025-02-21T19:54:36.3781450Z   markupsafe                     2.1.5                py312h98912ed_0          conda-forge
2025-02-21T19:54:36.3782133Z   matplotlib-base                3.8.4                py312h20ab3a6_2          conda-forge
2025-02-21T19:54:36.3783027Z   matplotlib-inline              0.1.7                pyhd8ed1ab_0             conda-forge
2025-02-21T19:54:36.3783744Z   mistune                        3.0.2                pyhd8ed1ab_0             conda-forge
2025-02-21T19:54:36.3784395Z   mpc                            1.3.1                hfe3b2da_0               conda-forge
2025-02-21T19:54:36.3785000Z   mpfr                           4.2.1                h9458935_1               conda-forge
2025-02-21T19:54:36.3785924Z   mpmath                         1.3.0                pyhd8ed1ab_0             conda-forge
2025-02-21T19:54:36.3786597Z   munkres                        1.1.4                pyh9f0ad1d_0             conda-forge
2025-02-21T19:54:36.3787570Z   mypy_extensions                1.0.0                pyha770c72_0             conda-forge
2025-02-21T19:54:36.3788308Z   nbclassic                      1.1.0                pyhd8ed1ab_0             conda-forge
2025-02-21T19:54:36.3788994Z   nbclient                       0.10.0               pyhd8ed1ab_0             conda-forge
2025-02-21T19:54:36.3789686Z   nbconvert                      7.16.4               hd8ed1ab_1               conda-forge
2025-02-21T19:54:36.3790383Z   nbconvert-core                 7.16.4               pyhd8ed1ab_1             conda-forge
2025-02-21T19:54:36.3791141Z   nbconvert-pandoc               7.16.4               hd8ed1ab_1               conda-forge
2025-02-21T19:54:36.3791882Z   nbformat                       5.10.4               pyhd8ed1ab_0             conda-forge
2025-02-21T19:54:36.3792780Z   nbsphinx                       0.9.4                pyhd8ed1ab_0             conda-forge
2025-02-21T19:54:36.3793466Z   ncurses                        6.5                  h59595ed_0               conda-forge
2025-02-21T19:54:36.3794148Z   nest-asyncio                   1.6.0                pyhd8ed1ab_0             conda-forge
2025-02-21T19:54:36.3794849Z   networkx                       3.3                  pyhd8ed1ab_1             conda-forge
2025-02-21T19:54:36.3795473Z   nomkl                          1.0                  h5ca1d4c_0               conda-forge
2025-02-21T19:54:36.3796161Z   notebook                       7.2.1                pyhd8ed1ab_0             conda-forge
2025-02-21T19:54:36.3796871Z   notebook-shim                  0.2.4                pyhd8ed1ab_0             conda-forge
2025-02-21T19:54:36.3797562Z   numba                          0.59.1               py312hacefee8_0          conda-forge
2025-02-21T19:54:36.3798210Z   numexpr                        2.10.0               py312hf412c99_100        conda-forge
2025-02-21T19:54:36.3798861Z   numpy                          1.26.4               py312heda63a1_0          conda-forge
2025-02-21T19:54:36.3799518Z   numpydoc                       1.7.0                pyhd8ed1ab_1             conda-forge
2025-02-21T19:54:36.3800176Z   openjpeg                       2.5.2                h488ebb8_0               conda-forge
2025-02-21T19:54:36.3800817Z   openssl                        3.3.1                h4ab18f5_0               conda-forge
2025-02-21T19:54:36.3801457Z   overrides                      7.7.0                pyhd8ed1ab_0             conda-forge
2025-02-21T19:54:36.3802129Z   packaging                      24.1                 pyhd8ed1ab_0             conda-forge
2025-02-21T19:54:36.3803183Z   pandas                         2.2.2                py312h1d6d2e6_1          conda-forge
2025-02-21T19:54:36.3803826Z   pandoc                         3.2                  ha770c72_0               conda-forge
2025-02-21T19:54:36.3804499Z   pandocfilters                  1.5.0                pyhd8ed1ab_0             conda-forge
2025-02-21T19:54:36.3805176Z   pango                          1.54.0               h84a9a3c_0               conda-forge
2025-02-21T19:54:36.3805784Z   parso                          0.8.4                pyhd8ed1ab_0             conda-forge
2025-02-21T19:54:36.3806415Z   pathspec                       0.12.1               pyhd8ed1ab_0             conda-forge
2025-02-21T19:54:36.3807045Z   pbr                            6.0.0                pyhd8ed1ab_0             conda-forge
2025-02-21T19:54:36.3807665Z   pcre2                          10.44                h0f59acf_0               conda-forge
2025-02-21T19:54:36.3808302Z   pexpect                        4.9.0                pyhd8ed1ab_0             conda-forge
2025-02-21T19:54:36.3808972Z   pickleshare                    0.7.5                py_1003                  conda-forge
2025-02-21T19:54:36.3809644Z   pillow                         10.3.0               py312hdcec9eb_0          conda-forge
2025-02-21T19:54:36.3810553Z   pip                            24.0                 pyhd8ed1ab_0             conda-forge
2025-02-21T19:54:36.3811420Z   pixman                         0.43.2               h59595ed_0               conda-forge
2025-02-21T19:54:36.3812177Z   pkgutil-resolve-name           1.3.10               pyhd8ed1ab_1             conda-forge
2025-02-21T19:54:36.3813135Z   platformdirs                   4.2.2                pyhd8ed1ab_0             conda-forge
2025-02-21T19:54:36.3813828Z   plotly                         5.22.0               pyhd8ed1ab_0             conda-forge
2025-02-21T19:54:36.3814472Z   pluggy                         1.5.0                pyhd8ed1ab_0             conda-forge
2025-02-21T19:54:36.3815187Z   prometheus_client              0.20.0               pyhd8ed1ab_0             conda-forge
2025-02-21T19:54:36.3815931Z   prompt-toolkit                 3.0.47               pyha770c72_0             conda-forge
2025-02-21T19:54:36.3816646Z   psutil                         5.9.8                py312h98912ed_0          conda-forge
2025-02-21T19:54:36.3817329Z   pthread-stubs                  0.4                  h36c2ea0_1001            conda-forge
2025-02-21T19:54:36.3818055Z   ptyprocess                     0.7.0                pyhd3deb0d_0             conda-forge
2025-02-21T19:54:36.3818731Z   pure_eval                      0.2.2                pyhd8ed1ab_0             conda-forge
2025-02-21T19:54:36.3819399Z   py-cpuinfo                     9.0.0                pyhd8ed1ab_0             conda-forge
2025-02-21T19:54:36.3820038Z   pybtex                         0.24.0               pyhd8ed1ab_2             conda-forge
2025-02-21T19:54:36.3820706Z   pybtex-docutils                1.0.3                py312h7900ff3_1          conda-forge
2025-02-21T19:54:36.3821390Z   pycparser                      2.22                 pyhd8ed1ab_0             conda-forge
2025-02-21T19:54:36.3822050Z   pyerfa                         2.0.1.4              py312h085067d_1          conda-forge
2025-02-21T19:54:36.3823571Z   pygments                       2.18.0               pyhd8ed1ab_0             conda-forge
2025-02-21T19:54:36.3824272Z   pygraphviz                     1.13                 py312h4a1d8a7_1          conda-forge
2025-02-21T19:54:36.3824949Z   pyparsing                      3.1.2                pyhd8ed1ab_0             conda-forge
2025-02-21T19:54:36.3825605Z   pysocks                        1.7.1                pyha2e5f31_6             conda-forge
2025-02-21T19:54:36.3826250Z   pytables                       3.9.2                py312h96d95ec_2          conda-forge
2025-02-21T19:54:36.3826883Z   pytest                         8.2.2                pyhd8ed1ab_0             conda-forge
2025-02-21T19:54:36.3827520Z   pytest-cov                     5.0.0                pyhd8ed1ab_0             conda-forge
2025-02-21T19:54:36.3828237Z   pytest-doctestplus             1.2.1                pyhd8ed1ab_0             conda-forge
2025-02-21T19:54:36.3828973Z   pytest-html                    4.1.1                pyhd8ed1ab_0             conda-forge
2025-02-21T19:54:36.3829701Z   pytest-metadata                3.1.1                pyhd8ed1ab_0             conda-forge
2025-02-21T19:54:36.3830382Z   python                         3.12.4               h194c7f8_0_cpython       conda-forge
2025-02-21T19:54:36.3831084Z   python-dateutil                2.9.0                pyhd8ed1ab_0             conda-forge
2025-02-21T19:54:36.3831873Z   python-fastjsonschema          2.20.0               pyhd8ed1ab_0             conda-forge
2025-02-21T19:54:36.3832887Z   python-json-logger             2.0.7                pyhd8ed1ab_0             conda-forge
2025-02-21T19:54:36.3833666Z   python-tzdata                  2024.1               pyhd8ed1ab_0             conda-forge
2025-02-21T19:54:36.3834376Z   python_abi                     3.12                 4_cp312                  conda-forge
2025-02-21T19:54:36.3835032Z   pytz                           2024.1               pyhd8ed1ab_0             conda-forge
2025-02-21T19:54:36.3835928Z   pyyaml                         6.0.1                py312h98912ed_1          conda-forge
2025-02-21T19:54:36.3836766Z   pyzmq                          26.0.3               py312h8fd38d8_0          conda-forge
2025-02-21T19:54:36.3837389Z   qgrid                          1.3.1                pyhd8ed1ab_4             conda-forge
2025-02-21T19:54:36.3838075Z   radioactivedecay               0.5.1                pyhd8ed1ab_0             conda-forge
2025-02-21T19:54:36.3838792Z   readline                       8.2                  h8228510_1               conda-forge
2025-02-21T19:54:36.3839477Z   recommonmark                   0.7.1                pyhd8ed1ab_0             conda-forge
2025-02-21T19:54:36.3840169Z   referencing                    0.35.1               pyhd8ed1ab_0             conda-forge
2025-02-21T19:54:36.3840849Z   requests                       2.32.3               pyhd8ed1ab_0             conda-forge
2025-02-21T19:54:36.3841560Z   rfc3339-validator              0.1.4                pyhd8ed1ab_0             conda-forge
2025-02-21T19:54:36.3842309Z   rfc3986-validator              0.1.1                pyh9f0ad1d_0             conda-forge
2025-02-21T19:54:36.3843212Z   rpds-py                        0.18.1               py312h4413252_0          conda-forge
2025-02-21T19:54:36.3843829Z   ruff                           0.4.9                py312h5715c7c_0          conda-forge
2025-02-21T19:54:36.3844442Z   scipy                          1.13.1               py312hc2bc53b_0          conda-forge
2025-02-21T19:54:36.3845115Z   send2trash                     1.8.3                pyh0d859eb_0             conda-forge
2025-02-21T19:54:36.3845807Z   setuptools                     70.0.0               pyhd8ed1ab_0             conda-forge
2025-02-21T19:54:36.3846515Z   setuptools-scm                 8.1.0                pyhd8ed1ab_0             conda-forge
2025-02-21T19:54:36.3847235Z   setuptools_scm                 8.1.0                hd8ed1ab_0               conda-forge
2025-02-21T19:54:36.3847896Z   six                            1.16.0               pyh6c4a22f_0             conda-forge
2025-02-21T19:54:36.3848533Z   snakeviz                       2.2.0                pyhd8ed1ab_0             conda-forge
2025-02-21T19:54:36.3849172Z   snappy                         1.2.0                hdb0a2a9_1               conda-forge
2025-02-21T19:54:36.3849824Z   sniffio                        1.3.1                pyhd8ed1ab_0             conda-forge
2025-02-21T19:54:36.3850522Z   snowballstemmer                2.2.0                pyhd8ed1ab_0             conda-forge
2025-02-21T19:54:36.3851240Z   soupsieve                      2.5                  pyhd8ed1ab_1             conda-forge
2025-02-21T19:54:36.3851902Z   sphinx                         7.3.7                pyhd8ed1ab_0             conda-forge
2025-02-21T19:54:36.3852787Z   sphinx-astropy                 1.9.1                pyhd8ed1ab_0             conda-forge
2025-02-21T19:54:36.3853563Z   sphinx-automodapi              0.17.0               pyh717bed2_1             conda-forge
2025-02-21T19:54:36.3854310Z   sphinx-gallery                 0.16.0               pyhd8ed1ab_0             conda-forge
2025-02-21T19:54:36.3855068Z   sphinx-jsonschema              1.19.1               pyhd8ed1ab_0             conda-forge
2025-02-21T19:54:36.3855858Z   sphinx_bootstrap_theme         0.8.1                pyhd8ed1ab_0             conda-forge
2025-02-21T19:54:36.3856636Z   sphinx_rtd_theme               2.0.0                pyha770c72_0             conda-forge
2025-02-21T19:54:36.3857394Z   sphinxcontrib-apidoc           0.3.0                py_1                     conda-forge
2025-02-21T19:54:36.3858214Z   sphinxcontrib-applehelp        1.0.8                pyhd8ed1ab_0             conda-forge
2025-02-21T19:54:36.3859048Z   sphinxcontrib-bibtex           2.6.2                pyhd8ed1ab_0             conda-forge
2025-02-21T19:54:36.3859858Z   sphinxcontrib-devhelp          1.0.6                pyhd8ed1ab_0             conda-forge
2025-02-21T19:54:36.3860906Z   sphinxcontrib-htmlhelp         2.0.5                pyhd8ed1ab_0             conda-forge
2025-02-21T19:54:36.3861915Z   sphinxcontrib-jquery           4.1                  pyhd8ed1ab_0             conda-forge
2025-02-21T19:54:36.3862914Z   sphinxcontrib-jsmath           1.0.1                pyhd8ed1ab_0             conda-forge
2025-02-21T19:54:36.3863726Z   sphinxcontrib-qthelp           1.0.7                pyhd8ed1ab_0             conda-forge
2025-02-21T19:54:36.3864605Z   sphinxcontrib-serializinghtml  1.1.10               pyhd8ed1ab_0             conda-forge
2025-02-21T19:54:36.3865407Z   stack_data                     0.6.2                pyhd8ed1ab_0             conda-forge
2025-02-21T19:54:36.3866041Z   sympy                          1.12.1               pypyh2585a3b_103         conda-forge
2025-02-21T19:54:36.3866704Z   tabulate                       0.9.0                pyhd8ed1ab_1             conda-forge
2025-02-21T19:54:36.3867353Z   tenacity                       8.4.1                pyhd8ed1ab_0             conda-forge
2025-02-21T19:54:36.3868016Z   terminado                      0.18.1               pyh0d859eb_0             conda-forge
2025-02-21T19:54:36.3868693Z   tinycss2                       1.3.0                pyhd8ed1ab_0             conda-forge
2025-02-21T19:54:36.3869327Z   tk                             8.6.13               noxft_h4845f30_101       conda-forge
2025-02-21T19:54:36.3869949Z   toml                           0.10.2               pyhd8ed1ab_0             conda-forge
2025-02-21T19:54:36.3870593Z   tomli                          2.0.1                pyhd8ed1ab_0             conda-forge
2025-02-21T19:54:36.3871239Z   tornado                        6.4.1                py312h9a8786e_0          conda-forge
2025-02-21T19:54:36.3871872Z   tqdm                           4.66.4               pyhd8ed1ab_0             conda-forge
2025-02-21T19:54:36.3872730Z   traitlets                      5.14.3               pyhd8ed1ab_0             conda-forge
2025-02-21T19:54:36.3873423Z   typed-ast                      1.5.5                py312h98912ed_1          conda-forge
2025-02-21T19:54:36.3874179Z   types-python-dateutil          2.9.0.20240316       pyhd8ed1ab_0             conda-forge
2025-02-21T19:54:36.3874987Z   typing-extensions              4.12.2               hd8ed1ab_0               conda-forge
2025-02-21T19:54:36.3875741Z   typing_extensions              4.12.2               pyha770c72_0             conda-forge
2025-02-21T19:54:36.3876459Z   typing_utils                   0.1.0                pyhd8ed1ab_0             conda-forge
2025-02-21T19:54:36.3877141Z   tzdata                         2024a                h0c530f3_0               conda-forge
2025-02-21T19:54:36.3877839Z   uri-template                   1.3.0                pyhd8ed1ab_0             conda-forge
2025-02-21T19:54:36.3878538Z   urllib3                        2.2.2                pyhd8ed1ab_0             conda-forge
2025-02-21T19:54:36.3879219Z   wcwidth                        0.2.13               pyhd8ed1ab_0             conda-forge
2025-02-21T19:54:36.3879899Z   webcolors                      24.6.0               pyhd8ed1ab_0             conda-forge
2025-02-21T19:54:36.3880621Z   webencodings                   0.5.1                pyhd8ed1ab_2             conda-forge
2025-02-21T19:54:36.3881368Z   websocket-client               1.8.0                pyhd8ed1ab_0             conda-forge
2025-02-21T19:54:36.3882072Z   wheel                          0.43.0               pyhd8ed1ab_1             conda-forge
2025-02-21T19:54:36.3882998Z   widgetsnbextension             3.6.6                pyhd8ed1ab_0             conda-forge
2025-02-21T19:54:36.3883771Z   xorg-kbproto                   1.0.7                h7f98852_1002            conda-forge
2025-02-21T19:54:36.3884455Z   xorg-libice                    1.1.1                hd590300_0               conda-forge
2025-02-21T19:54:36.3885111Z   xorg-libsm                     1.2.4                h7391055_0               conda-forge
2025-02-21T19:54:36.3886029Z   xorg-libx11                    1.8.9                h8ee46fc_0               conda-forge
2025-02-21T19:54:36.3886905Z   xorg-libxau                    1.0.11               hd590300_0               conda-forge
2025-02-21T19:54:36.3887623Z   xorg-libxdmcp                  1.1.3                h7f98852_0               conda-forge
2025-02-21T19:54:36.3888340Z   xorg-libxext                   1.3.4                h0b41bf4_2               conda-forge
2025-02-21T19:54:36.3889071Z   xorg-libxrender                0.9.11               hd590300_0               conda-forge
2025-02-21T19:54:36.3889839Z   xorg-renderproto               0.11.1               h7f98852_1002            conda-forge
2025-02-21T19:54:36.3890577Z   xorg-xextproto                 7.3.0                h0b41bf4_1003            conda-forge
2025-02-21T19:54:36.3891288Z   xorg-xproto                    7.0.31               h7f98852_1007            conda-forge
2025-02-21T19:54:36.3891917Z   xz                             5.2.6                h166bdaf_0               conda-forge
2025-02-21T19:54:36.3892496Z   yaml                           0.2.5                h7f98852_2               conda-forge
2025-02-21T19:54:36.3893343Z   zeromq                         4.3.5                h75354e8_4               conda-forge
2025-02-21T19:54:36.3893960Z   zipp                           3.19.2               pyhd8ed1ab_0             conda-forge
2025-02-21T19:54:36.3894519Z   zlib                           1.3.1                h4ab18f5_1               conda-forge
2025-02-21T19:54:36.3895117Z   zlib-ng                        2.0.7                h0b41bf4_0               conda-forge
2025-02-21T19:54:36.3895704Z   zstd                           1.5.6                ha6fb4c9_0               conda-forge
2025-02-21T19:54:36.3896631Z ##[endgroup]
