2025-01-21T16:26:45.0668660Z Prepare all required actions
2025-01-21T16:26:45.0669160Z Getting action download info
2025-01-21T16:26:45.2440130Z Download action repository 'mamba-org/setup-micromamba@v1' (SHA:4b9113af4fba0e9e1124b252dd6497a419e7396d)
2025-01-21T16:26:46.4689960Z ##[group]Run ./.github/actions/setup_env
2025-01-21T16:26:46.4690290Z with:
2025-01-21T16:26:46.4690470Z   os-label: osx-arm64
2025-01-21T16:26:46.4690710Z env:
2025-01-21T16:26:46.4690880Z   CACHE_NUMBER: 0
2025-01-21T16:26:46.4691420Z   PYTEST_FLAGS: --tardis-regression-data=/Users/runner/work/tardis/tardis/tardis-regression-data --cov=tardis --cov-report=xml --cov-report=html --cov-append
2025-01-21T16:26:46.4692500Z   CODECOV_TOKEN: 
2025-01-21T16:26:46.4692650Z ##[endgroup]
2025-01-21T16:26:46.4718020Z ##[group]Run file_hash=$(cat conda-osx-arm64.lock | shasum -a 256 | cut -d' ' -f1)
2025-01-21T16:26:46.4718450Z [36;1mfile_hash=$(cat conda-osx-arm64.lock | shasum -a 256 | cut -d' ' -f1)[0m
2025-01-21T16:26:46.4718780Z [36;1mecho "file_hash=$file_hash" >> "${GITHUB_OUTPUT}"[0m
2025-01-21T16:26:46.4769310Z shell: /bin/bash --noprofile --norc -e -o pipefail {0}
2025-01-21T16:26:46.4769590Z env:
2025-01-21T16:26:46.4769740Z   CACHE_NUMBER: 0
2025-01-21T16:26:46.4770260Z   PYTEST_FLAGS: --tardis-regression-data=/Users/runner/work/tardis/tardis/tardis-regression-data --cov=tardis --cov-report=xml --cov-report=html --cov-append
2025-01-21T16:26:46.4770770Z   CODECOV_TOKEN: 
2025-01-21T16:26:46.4770910Z ##[endgroup]
2025-01-21T16:26:46.6243670Z ##[group]Run mamba-org/setup-micromamba@v1
2025-01-21T16:26:46.6244260Z with:
2025-01-21T16:26:46.6244550Z   environment-file: conda-osx-arm64.lock
2025-01-21T16:26:46.6245130Z   cache-environment-key: bf0d0a4d4c847cca72476c6c68c493d56c484aada7e80de0e42c7607fcef5824
2025-01-21T16:26:46.6246390Z   cache-downloads-key: bf0d0a4d4c847cca72476c6c68c493d56c484aada7e80de0e42c7607fcef5824
2025-01-21T16:26:46.6246950Z   environment-name: tardis
2025-01-21T16:26:46.6247330Z   cache-environment: true
2025-01-21T16:26:46.6247570Z   cache-downloads: true
2025-01-21T16:26:46.6248300Z env:
2025-01-21T16:26:46.6248580Z   CACHE_NUMBER: 0
2025-01-21T16:26:46.6249310Z   PYTEST_FLAGS: --tardis-regression-data=/Users/runner/work/tardis/tardis/tardis-regression-data --cov=tardis --cov-report=xml --cov-report=html --cov-append
2025-01-21T16:26:46.6250090Z   CODECOV_TOKEN: 
2025-01-21T16:26:46.6250330Z ##[endgroup]
2025-01-21T16:26:46.9156400Z Will download micromamba to /Users/runner/micromamba-bin/micromamba
2025-01-21T16:26:46.9161700Z ##[group]Install micromamba
2025-01-21T16:26:47.6179580Z micromamba installed to /Users/runner/micromamba-bin/micromamba
2025-01-21T16:26:47.6180630Z ##[endgroup]
2025-01-21T16:26:47.6181070Z Adding conda-forge to condarc channels ...
2025-01-21T16:26:47.6207980Z ##[group]Initialize micromamba for bash.
2025-01-21T16:26:47.6217510Z [command]/Users/runner/micromamba-bin/micromamba shell init -s bash -r /Users/runner/micromamba --log-level warning --rc-file /Users/runner/work/_temp/setup-micromamba/.condarc
2025-01-21T16:26:47.6456740Z Modifying RC file "/Users/runner/.bash_profile"
2025-01-21T16:26:47.6457660Z Generating config for root prefix [1m"/Users/runner/micromamba"[0m
2025-01-21T16:26:47.6458300Z Setting mamba executable to: [1m"/Users/runner/micromamba-bin/micromamba"[0m
2025-01-21T16:26:47.6458720Z Adding (or replacing) the following in your "/Users/runner/.bash_profile" file
2025-01-21T16:26:47.6458950Z 
2025-01-21T16:26:47.6459020Z # >>> mamba initialize >>>
2025-01-21T16:26:47.6459260Z # !! Contents within this block are managed by 'mamba init' !!
2025-01-21T16:26:47.6459560Z export MAMBA_EXE='/Users/runner/micromamba-bin/micromamba';
2025-01-21T16:26:47.6459880Z export MAMBA_ROOT_PREFIX='/Users/runner/micromamba';
2025-01-21T16:26:47.6460260Z __mamba_setup="$("$MAMBA_EXE" shell hook --shell bash --root-prefix "$MAMBA_ROOT_PREFIX" 2> /dev/null)"
2025-01-21T16:26:47.6460670Z if [ $? -eq 0 ]; then
2025-01-21T16:26:47.6460830Z     eval "$__mamba_setup"
2025-01-21T16:26:47.6460990Z else
2025-01-21T16:26:47.6462180Z     alias micromamba="$MAMBA_EXE"  # Fallback on help from mamba activate
2025-01-21T16:26:47.6462460Z fi
2025-01-21T16:26:47.6462590Z unset __mamba_setup
2025-01-21T16:26:47.6462760Z # <<< mamba initialize <<<
2025-01-21T16:26:47.6462890Z 
2025-01-21T16:26:47.6463180Z ##[endgroup]
2025-01-21T16:26:47.6463640Z ##[group]Restoring downloads from `/Users/runner/micromamba/pkgs` ...
2025-01-21T16:26:49.0167400Z Received 41943040 of 310595924 (13.5%), 39.1 MBs/sec
2025-01-21T16:26:50.0188120Z Received 104857600 of 310595924 (33.8%), 49.3 MBs/sec
2025-01-21T16:26:51.0212420Z Received 163577856 of 310595924 (52.7%), 51.5 MBs/sec
2025-01-21T16:26:52.0225490Z Received 234881024 of 310595924 (75.6%), 55.5 MBs/sec
2025-01-21T16:26:53.0251750Z Received 306401620 of 310595924 (98.6%), 58.0 MBs/sec
2025-01-21T16:26:53.1700130Z Cache Size: ~296 MB (310595924 B)
2025-01-21T16:26:53.1754730Z [command]/opt/homebrew/bin/gtar -xf /Users/runner/work/_temp/7362da54-84dc-45fa-a2df-b1f7d2e20621/cache.tzst -P -C /Users/runner/work/tardis/tardis --delay-directory-restore --use-compress-program unzstd
2025-01-21T16:26:54.0290090Z Received 310595924 of 310595924 (100.0%), 49.0 MBs/sec
2025-01-21T16:26:54.3823180Z Cache restored successfully
2025-01-21T16:26:54.3925020Z Restored cache with key `bf0d0a4d4c847cca72476c6c68c493d56c484aada7e80de0e42c7607fcef5824-osx-arm64`
2025-01-21T16:26:54.4027620Z ##[endgroup]
2025-01-21T16:26:54.4125690Z ##[group]Restoring environment `tardis` from `/Users/runner/micromamba/envs/tardis` ...
2025-01-21T16:26:55.7499730Z Received 25165824 of 385787123 (6.5%), 24.0 MBs/sec
2025-01-21T16:26:56.7565430Z Received 88080384 of 385787123 (22.8%), 42.0 MBs/sec
2025-01-21T16:26:57.7504250Z Received 146800640 of 385787123 (38.1%), 46.6 MBs/sec
2025-01-21T16:26:58.7511150Z Received 218103808 of 385787123 (56.5%), 52.0 MBs/sec
2025-01-21T16:26:59.7517100Z Received 289406976 of 385787123 (75.0%), 55.2 MBs/sec
2025-01-21T16:27:00.7526490Z Received 348127232 of 385787123 (90.2%), 55.3 MBs/sec
2025-01-21T16:27:01.1675890Z Cache Size: ~368 MB (385787123 B)
2025-01-21T16:27:01.1730030Z [command]/opt/homebrew/bin/gtar -xf /Users/runner/work/_temp/fc085aa7-f9ff-4ba0-978c-46af558a5859/cache.tzst -P -C /Users/runner/work/tardis/tardis --delay-directory-restore --use-compress-program unzstd
2025-01-21T16:27:01.7559190Z Received 385787123 of 385787123 (100.0%), 52.5 MBs/sec
2025-01-21T16:27:19.8121380Z Cache restored successfully
2025-01-21T16:27:19.8227870Z Restored cache with key `bf0d0a4d4c847cca72476c6c68c493d56c484aada7e80de0e42c7607fcef5824-osx-arm64-tardis-args-4f53cda-root-873f6fe-bin-[object Promise]-file-bf0d0a4d4c847cca72476c6c68c493d56c484aada7e80de0e42c7607fcef5824`
2025-01-21T16:27:19.8271830Z ##[endgroup]
2025-01-21T16:27:19.8273420Z Adding environment tardis to auto-activate bash ...
2025-01-21T16:27:19.8274720Z Generating micromamba run shell.
2025-01-21T16:27:19.8284620Z ##[endgroup]
2025-01-21T16:27:19.8290320Z Set environment variables.
2025-01-21T16:27:19.8292400Z ##[group]micromamba info
2025-01-21T16:27:19.8296530Z [command]/Users/runner/micromamba-bin/micromamba info -r /Users/runner/micromamba -n tardis
2025-01-21T16:27:20.3104640Z 
2025-01-21T16:27:20.3107340Z        libmamba version : 1.5.10
2025-01-21T16:27:20.3107910Z      micromamba version : 1.5.10
2025-01-21T16:27:20.3108810Z            curl version : libcurl/8.10.1 (OpenSSL/3.3.2) SecureTransport zlib/1.3.1 zstd/1.5.6 libssh2/1.11.0 nghttp2/1.58.0
2025-01-21T16:27:20.3109460Z      libarchive version : libarchive 3.7.4 zlib/1.2.13 bz2lib/1.0.8 libzstd/1.5.6
2025-01-21T16:27:20.3110240Z        envs directories : /Users/runner/micromamba/envs
2025-01-21T16:27:20.3110900Z           package cache : /Users/runner/micromamba/pkgs
2025-01-21T16:27:20.3111460Z                           /Users/runner/.mamba/pkgs
2025-01-21T16:27:20.3111910Z             environment : tardis
2025-01-21T16:27:20.3112680Z            env location : /Users/runner/micromamba/envs/tardis
2025-01-21T16:27:20.3113230Z       user config files : /Users/runner/.mambarc
2025-01-21T16:27:20.3121840Z  populated config files : /Users/runner/work/_temp/setup-micromamba/.condarc
2025-01-21T16:27:20.3122200Z        virtual packages : __unix=0=0
2025-01-21T16:27:20.3122530Z                           __osx=14.7.2=0
2025-01-21T16:27:20.3122800Z                           __archspec=1=arm64
2025-01-21T16:27:20.3123410Z                channels : https://conda.anaconda.org/conda-forge/osx-arm64
2025-01-21T16:27:20.3123920Z                           https://conda.anaconda.org/conda-forge/noarch
2025-01-21T16:27:20.3124310Z        base environment : /Users/runner/micromamba
2025-01-21T16:27:20.3124640Z                platform : osx-arm64
2025-01-21T16:27:20.3131020Z ##[endgroup]
2025-01-21T16:27:20.3131410Z ##[group]micromamba list
2025-01-21T16:27:20.3132090Z [command]/Users/runner/micromamba-bin/micromamba list -r /Users/runner/micromamba -n tardis
2025-01-21T16:27:20.7133780Z List of packages in environment: "/Users/runner/micromamba/envs/tardis"
2025-01-21T16:27:20.7134210Z 
2025-01-21T16:27:20.7134460Z   Name                           Version              Build                    Channel    
2025-01-21T16:27:20.7135930Z â”€â”€â”€â”€â”€â”€â”€â”€â”€â”€â”€â”€â”€â”€â”€â”€â”€â”€â”€â”€â”€â”€â”€â”€â”€â”€â”€â”€â”€â”€â”€â”€â”€â”€â”€â”€â”€â”€â”€â”€â”€â”€â”€â”€â”€â”€â”€â”€â”€â”€â”€â”€â”€â”€â”€â”€â”€â”€â”€â”€â”€â”€â”€â”€â”€â”€â”€â”€â”€â”€â”€â”€â”€â”€â”€â”€â”€â”€â”€â”€â”€â”€â”€â”€â”€â”€â”€â”€â”€â”€â”€â”€
2025-01-21T16:27:20.7136470Z   alabaster                      0.7.16               pyhd8ed1ab_0             conda-forge
2025-01-21T16:27:20.7137150Z   anyio                          4.4.0                pyhd8ed1ab_0             conda-forge
2025-01-21T16:27:20.7137540Z   appnope                        0.1.4                pyhd8ed1ab_0             conda-forge
2025-01-21T16:27:20.7138030Z   argon2-cffi                    23.1.0               pyhd8ed1ab_0             conda-forge
2025-01-21T16:27:20.7138540Z   argon2-cffi-bindings           21.2.0               py312h02f2b3b_4          conda-forge
2025-01-21T16:27:20.7139050Z   arrow                          1.3.0                pyhd8ed1ab_0             conda-forge
2025-01-21T16:27:20.7139710Z   astropy                        6.1.1                py312hbebd99a_0          conda-forge
2025-01-21T16:27:20.7140250Z   astropy-iers-data              0.2024.6.17.0.31.35  pyhd8ed1ab_0             conda-forge
2025-01-21T16:27:20.7140680Z   astropy-sphinx-theme           1.1                  pyhd8ed1ab_0             conda-forge
2025-01-21T16:27:20.7142470Z   asttokens                      2.4.1                pyhd8ed1ab_0             conda-forge
2025-01-21T16:27:20.7144070Z   async-lru                      2.0.4                pyhd8ed1ab_0             conda-forge
2025-01-21T16:27:20.7145070Z   atk-1.0                        2.38.0               hd03087b_2               conda-forge
2025-01-21T16:27:20.7147580Z   attrs                          23.2.0               pyh71513ae_0             conda-forge
2025-01-21T16:27:20.7149510Z   babel                          2.14.0               pyhd8ed1ab_0             conda-forge
2025-01-21T16:27:20.7149930Z   beautifulsoup4                 4.12.3               pyha770c72_0             conda-forge
2025-01-21T16:27:20.7150300Z   bleach                         6.1.0                pyhd8ed1ab_0             conda-forge
2025-01-21T16:27:20.7150710Z   blosc                          1.21.5               h9c252e8_1               conda-forge
2025-01-21T16:27:20.7151040Z   brotli                         1.1.0                hb547adb_1               conda-forge
2025-01-21T16:27:20.7151440Z   brotli-bin                     1.1.0                hb547adb_1               conda-forge
2025-01-21T16:27:20.7151820Z   brotli-python                  1.1.0                py312h9f69965_1          conda-forge
2025-01-21T16:27:20.7152240Z   bzip2                          1.0.8                h93a5062_5               conda-forge
2025-01-21T16:27:20.7152590Z   c-ares                         1.28.1               h93a5062_0               conda-forge
2025-01-21T16:27:20.7152990Z   c-blosc2                       2.14.4               ha57e6be_1               conda-forge
2025-01-21T16:27:20.7153410Z   ca-certificates                2024.6.2             hf0a4a13_0               conda-forge
2025-01-21T16:27:20.7154350Z   cached-property                1.5.2                hd8ed1ab_1               conda-forge
2025-01-21T16:27:20.7154790Z   cached_property                1.5.2                pyha770c72_1             conda-forge
2025-01-21T16:27:20.7155200Z   cairo                          1.18.0               hd1e100b_0               conda-forge
2025-01-21T16:27:20.7155630Z   certifi                        2024.6.2             pyhd8ed1ab_0             conda-forge
2025-01-21T16:27:20.7155970Z   cffi                           1.16.0               py312h8e38eb3_0          conda-forge
2025-01-21T16:27:20.7156590Z   charset-normalizer             3.3.2                pyhd8ed1ab_0             conda-forge
2025-01-21T16:27:20.7156970Z   click                          8.1.7                unix_pyh707e725_0        conda-forge
2025-01-21T16:27:20.7158970Z   codespell                      2.3.0                pyhd8ed1ab_0             conda-forge
2025-01-21T16:27:20.7159510Z   colorama                       0.4.6                pyhd8ed1ab_0             conda-forge
2025-01-21T16:27:20.7159880Z   comm                           0.2.2                pyhd8ed1ab_0             conda-forge
2025-01-21T16:27:20.7160270Z   commonmark                     0.9.1                py_0                     conda-forge
2025-01-21T16:27:20.7160630Z   contourpy                      1.2.1                py312h0fef576_0          conda-forge
2025-01-21T16:27:20.7162020Z   coverage                       7.5.3                py312h7e5086c_0          conda-forge
2025-01-21T16:27:20.7163670Z   cycler                         0.12.1               pyhd8ed1ab_0             conda-forge
2025-01-21T16:27:20.7164750Z   dataclasses                    0.8                  pyhc8e2a94_3             conda-forge
2025-01-21T16:27:20.7165250Z   debugpy                        1.8.1                py312h20a0b95_0          conda-forge
2025-01-21T16:27:20.7165620Z   decorator                      5.1.1                pyhd8ed1ab_0             conda-forge
2025-01-21T16:27:20.7166110Z   defusedxml                     0.7.1                pyhd8ed1ab_0             conda-forge
2025-01-21T16:27:20.7166470Z   docutils                       0.20.1               py312h81bd7bf_3          conda-forge
2025-01-21T16:27:20.7166910Z   dot2tex                        2.11.3               pyhd8ed1ab_0             conda-forge
2025-01-21T16:27:20.7167300Z   entrypoints                    0.4                  pyhd8ed1ab_0             conda-forge
2025-01-21T16:27:20.7167740Z   exceptiongroup                 1.2.0                pyhd8ed1ab_2             conda-forge
2025-01-21T16:27:20.7168150Z   executing                      2.0.1                pyhd8ed1ab_0             conda-forge
2025-01-21T16:27:20.7168650Z   expat                          2.6.2                hebf3989_0               conda-forge
2025-01-21T16:27:20.7169120Z   font-ttf-dejavu-sans-mono      2.37                 hab24e00_0               conda-forge
2025-01-21T16:27:20.7169660Z   font-ttf-inconsolata           3.000                h77eed37_0               conda-forge
2025-01-21T16:27:20.7170180Z   font-ttf-source-code-pro       2.038                h77eed37_0               conda-forge
2025-01-21T16:27:20.7170640Z   font-ttf-ubuntu                0.83                 h77eed37_2               conda-forge
2025-01-21T16:27:20.7171080Z   fontconfig                     2.14.2               h82840c6_0               conda-forge
2025-01-21T16:27:20.7171480Z   fonts-conda-ecosystem          1                    0                        conda-forge
2025-01-21T16:27:20.7172070Z   fonts-conda-forge              1                    0                        conda-forge
2025-01-21T16:27:20.7172480Z   fonttools                      4.53.0               py312h7e5086c_0          conda-forge
2025-01-21T16:27:20.7172850Z   fqdn                           1.5.1                pyhd8ed1ab_0             conda-forge
2025-01-21T16:27:20.7173220Z   freetype                       2.12.1               hadb7bae_2               conda-forge
2025-01-21T16:27:20.7174190Z   fribidi                        1.0.10               h27ca646_0               conda-forge
2025-01-21T16:27:20.7174540Z   future                         1.0.0                pyhd8ed1ab_0             conda-forge
2025-01-21T16:27:20.7175000Z   gdk-pixbuf                     2.42.12              h7ddc832_0               conda-forge
2025-01-21T16:27:20.7175340Z   gettext                        0.22.5               h8fbad5d_2               conda-forge
2025-01-21T16:27:20.7176060Z   gettext-tools                  0.22.5               h8fbad5d_2               conda-forge
2025-01-21T16:27:20.7177110Z   giflib                         5.2.2                h93a5062_0               conda-forge
2025-01-21T16:27:20.7177460Z   git-lfs                        3.5.1                hce30654_0               conda-forge
2025-01-21T16:27:20.7177890Z   gmp                            6.3.0                hebf3989_1               conda-forge
2025-01-21T16:27:20.7178210Z   gmpy2                          2.1.5                py312hfa9fade_1          conda-forge
2025-01-21T16:27:20.7178600Z   graphite2                      1.3.13               hebf3989_1003            conda-forge
2025-01-21T16:27:20.7178940Z   graphviz                       11.0.0               h9bb9bc9_0               conda-forge
2025-01-21T16:27:20.7179320Z   gtk2                           2.24.33              h7895bb2_4               conda-forge
2025-01-21T16:27:20.7179680Z   gts                            0.7.6                he42f4ea_4               conda-forge
2025-01-21T16:27:20.7179990Z   h11                            0.14.0               pyhd8ed1ab_0             conda-forge
2025-01-21T16:27:20.7180410Z   h2                             4.1.0                pyhd8ed1ab_0             conda-forge
2025-01-21T16:27:20.7180910Z   h5py                           3.11.0               nompi_py312h903599c_102  conda-forge
2025-01-21T16:27:20.7181340Z   harfbuzz                       8.5.0                h1836168_0               conda-forge
2025-01-21T16:27:20.7181830Z   hdf5                           1.14.3               nompi_hec07895_105       conda-forge
2025-01-21T16:27:20.7182210Z   hpack                          4.0.0                pyh9f0ad1d_0             conda-forge
2025-01-21T16:27:20.7182990Z   httpcore                       1.0.5                pyhd8ed1ab_0             conda-forge
2025-01-21T16:27:20.7183530Z   httpx                          0.27.0               pyhd8ed1ab_0             conda-forge
2025-01-21T16:27:20.7186440Z   hyperframe                     6.0.1                pyhd8ed1ab_0             conda-forge
2025-01-21T16:27:20.7186940Z   icu                            73.2                 hc8870d7_0               conda-forge
2025-01-21T16:27:20.7187350Z   idna                           3.7                  pyhd8ed1ab_0             conda-forge
2025-01-21T16:27:20.7187840Z   imagesize                      1.4.1                pyhd8ed1ab_0             conda-forge
2025-01-21T16:27:20.7188240Z   importlib-metadata             7.1.0                pyha770c72_0             conda-forge
2025-01-21T16:27:20.7188680Z   importlib_metadata             7.1.0                hd8ed1ab_0               conda-forge
2025-01-21T16:27:20.7189090Z   importlib_resources            6.4.0                pyhd8ed1ab_0             conda-forge
2025-01-21T16:27:20.7189500Z   iniconfig                      2.0.0                pyhd8ed1ab_0             conda-forge
2025-01-21T16:27:20.7189860Z   ipykernel                      6.29.4               pyh57ce528_0             conda-forge
2025-01-21T16:27:20.7190330Z   ipython                        8.25.0               pyh707e725_0             conda-forge
2025-01-21T16:27:20.7190710Z   ipython_genutils               0.2.0                pyhd8ed1ab_1             conda-forge
2025-01-21T16:27:20.7191120Z   ipywidgets                     7.8.0                pyhd8ed1ab_0             conda-forge
2025-01-21T16:27:20.7191480Z   isoduration                    20.11.0              pyhd8ed1ab_0             conda-forge
2025-01-21T16:27:20.7192580Z   jedi                           0.19.1               pyhd8ed1ab_0             conda-forge
2025-01-21T16:27:20.7193130Z   jinja2                         3.1.4                pyhd8ed1ab_0             conda-forge
2025-01-21T16:27:20.7193670Z   json5                          0.9.25               pyhd8ed1ab_0             conda-forge
2025-01-21T16:27:20.7222130Z   jsonpointer                    3.0.0                py312h81bd7bf_0          conda-forge
2025-01-21T16:27:20.7222660Z   jsonschema                     4.22.0               pyhd8ed1ab_0             conda-forge
2025-01-21T16:27:20.7223730Z   jsonschema-specifications      2023.12.1            pyhd8ed1ab_0             conda-forge
2025-01-21T16:27:20.7224170Z   jsonschema-with-format-nongpl  4.22.0               pyhd8ed1ab_0             conda-forge
2025-01-21T16:27:20.7224620Z   jupyter-lsp                    2.2.5                pyhd8ed1ab_0             conda-forge
2025-01-21T16:27:20.7225200Z   jupyter_client                 8.6.2                pyhd8ed1ab_0             conda-forge
2025-01-21T16:27:20.7225600Z   jupyter_core                   5.7.2                py312h81bd7bf_0          conda-forge
2025-01-21T16:27:20.7225950Z   jupyter_events                 0.10.0               pyhd8ed1ab_0             conda-forge
2025-01-21T16:27:20.7226370Z   jupyter_server                 2.14.1               pyhd8ed1ab_0             conda-forge
2025-01-21T16:27:20.7226760Z   jupyter_server_terminals       0.5.3                pyhd8ed1ab_0             conda-forge
2025-01-21T16:27:20.7227160Z   jupyterlab                     4.2.2                pyhd8ed1ab_0             conda-forge
2025-01-21T16:27:20.7227570Z   jupyterlab_pygments            0.3.0                pyhd8ed1ab_1             conda-forge
2025-01-21T16:27:20.7228000Z   jupyterlab_server              2.27.2               pyhd8ed1ab_0             conda-forge
2025-01-21T16:27:20.7228420Z   jupyterlab_widgets             1.1.7                pyhd8ed1ab_0             conda-forge
2025-01-21T16:27:20.7228810Z   kiwisolver                     1.4.5                py312h389731b_1          conda-forge
2025-01-21T16:27:20.7229190Z   krb5                           1.21.2               h92f50d5_0               conda-forge
2025-01-21T16:27:20.7229500Z   latexcodec                     2.0.1                pyh9f0ad1d_0             conda-forge
2025-01-21T16:27:20.7229800Z   lcms2                          2.16                 ha0e7c42_0               conda-forge
2025-01-21T16:27:20.7230070Z   lerc                           4.0.0                h9a09cb3_0               conda-forge
2025-01-21T16:27:20.7230450Z   libaec                         1.1.3                hebf3989_0               conda-forge
2025-01-21T16:27:20.7230790Z   libasprintf                    0.22.5               h8fbad5d_2               conda-forge
2025-01-21T16:27:20.7231150Z   libasprintf-devel              0.22.5               h8fbad5d_2               conda-forge
2025-01-21T16:27:20.7231510Z   libblas                        3.9.0                22_osxarm64_openblas     conda-forge
2025-01-21T16:27:20.7231860Z   libbrotlicommon                1.1.0                hb547adb_1               conda-forge
2025-01-21T16:27:20.7232180Z   libbrotlidec                   1.1.0                hb547adb_1               conda-forge
2025-01-21T16:27:20.7242690Z   libbrotlienc                   1.1.0                hb547adb_1               conda-forge
2025-01-21T16:27:20.7243050Z   libcblas                       3.9.0                22_osxarm64_openblas     conda-forge
2025-01-21T16:27:20.7243350Z   libcurl                        8.8.0                h7b6f9a7_0               conda-forge
2025-01-21T16:27:20.7243650Z   libcxx                         17.0.6               h5f092b4_0               conda-forge
2025-01-21T16:27:20.7243940Z   libdeflate                     1.20                 h93a5062_0               conda-forge
2025-01-21T16:27:20.7244240Z   libedit                        3.1.20191231         hc8eb9b7_2               conda-forge
2025-01-21T16:27:20.7244530Z   libev                          4.33                 h93a5062_2               conda-forge
2025-01-21T16:27:20.7245550Z   libexpat                       2.6.2                hebf3989_0               conda-forge
2025-01-21T16:27:20.7246720Z   libffi                         3.4.2                h3422bc3_5               conda-forge
2025-01-21T16:27:20.7247030Z   libgd                          2.3.3                hfdf3952_9               conda-forge
2025-01-21T16:27:20.7247490Z   libgettextpo                   0.22.5               h8fbad5d_2               conda-forge
2025-01-21T16:27:20.7247860Z   libgettextpo-devel             0.22.5               h8fbad5d_2               conda-forge
2025-01-21T16:27:20.7248480Z   libgfortran                    5.0.0                13_2_0_hd922786_3        conda-forge
2025-01-21T16:27:20.7248930Z   libgfortran5                   13.2.0               hf226fd6_3               conda-forge
2025-01-21T16:27:20.7249260Z   libglib                        2.80.2               h59d46d9_1               conda-forge
2025-01-21T16:27:20.7249670Z   libiconv                       1.17                 h0d3ecfb_2               conda-forge
2025-01-21T16:27:20.7250010Z   libintl                        0.22.5               h8fbad5d_2               conda-forge
2025-01-21T16:27:20.7250410Z   libintl-devel                  0.22.5               h8fbad5d_2               conda-forge
2025-01-21T16:27:20.7250800Z   libjpeg-turbo                  3.0.0                hb547adb_1               conda-forge
2025-01-21T16:27:20.7251200Z   liblapack                      3.9.0                22_osxarm64_openblas     conda-forge
2025-01-21T16:27:20.7251890Z   libllvm14                      14.0.6               hd1a9a77_4               conda-forge
2025-01-21T16:27:20.7252760Z   libnghttp2                     1.58.0               ha4dd798_1               conda-forge
2025-01-21T16:27:20.7253160Z   libopenblas                    0.3.27               openmp_h6c19121_0        conda-forge
2025-01-21T16:27:20.7253680Z   libpng                         1.6.43               h091b4b1_0               conda-forge
2025-01-21T16:27:20.7254930Z   librsvg                        2.58.1               hbc281fb_0               conda-forge
2025-01-21T16:27:20.7258720Z   libsodium                      1.0.18               h27ca646_1               conda-forge
2025-01-21T16:27:20.7259790Z   libsqlite                      3.46.0               hfb93653_0               conda-forge
2025-01-21T16:27:20.7260800Z   libssh2                        1.11.0               h7a5bd25_0               conda-forge
2025-01-21T16:27:20.7262000Z   libtiff                        4.6.0                h07db509_3               conda-forge
2025-01-21T16:27:20.7262470Z   libwebp                        1.4.0                h54798ee_0               conda-forge
2025-01-21T16:27:20.7262830Z   libwebp-base                   1.4.0                h93a5062_0               conda-forge
2025-01-21T16:27:20.7263260Z   libxcb                         1.16                 hf2054a2_0               conda-forge
2025-01-21T16:27:20.7263630Z   libxml2                        2.12.7               ha661575_1               conda-forge
2025-01-21T16:27:20.7264000Z   libxslt                        1.1.39               h223e5b9_0               conda-forge
2025-01-21T16:27:20.7264340Z   libzlib                        1.3.1                hfb2fe0b_1               conda-forge
2025-01-21T16:27:20.7264750Z   llvm-openmp                    18.1.7               hde57baf_0               conda-forge
2025-01-21T16:27:20.7265100Z   llvmlite                       0.42.0               py312h17030e7_1          conda-forge
2025-01-21T16:27:20.7265510Z   lxml                           5.2.2                py312h0e5ab22_0          conda-forge
2025-01-21T16:27:20.7265790Z   lz4-c                          1.9.4                hb7217d7_0               conda-forge
2025-01-21T16:27:20.7266070Z   markupsafe                     2.1.5                py312he37b823_0          conda-forge
2025-01-21T16:27:20.7266430Z   matplotlib-base                3.8.4                py312h4479663_2          conda-forge
2025-01-21T16:27:20.7267260Z   matplotlib-inline              0.1.7                pyhd8ed1ab_0             conda-forge
2025-01-21T16:27:20.7267670Z   mistune                        3.0.2                pyhd8ed1ab_0             conda-forge
2025-01-21T16:27:20.7268000Z   mpc                            1.3.1                h91ba8db_0               conda-forge
2025-01-21T16:27:20.7268320Z   mpfr                           4.2.1                h41d338b_1               conda-forge
2025-01-21T16:27:20.7268600Z   mpmath                         1.3.0                pyhd8ed1ab_0             conda-forge
2025-01-21T16:27:20.7269160Z   munkres                        1.1.4                pyh9f0ad1d_0             conda-forge
2025-01-21T16:27:20.7269540Z   mypy_extensions                1.0.0                pyha770c72_0             conda-forge
2025-01-21T16:27:20.7269900Z   nbclassic                      1.1.0                pyhd8ed1ab_0             conda-forge
2025-01-21T16:27:20.7270250Z   nbclient                       0.10.0               pyhd8ed1ab_0             conda-forge
2025-01-21T16:27:20.7270590Z   nbconvert                      7.16.4               hd8ed1ab_1               conda-forge
2025-01-21T16:27:20.7270940Z   nbconvert-core                 7.16.4               pyhd8ed1ab_1             conda-forge
2025-01-21T16:27:20.7271290Z   nbconvert-pandoc               7.16.4               hd8ed1ab_1               conda-forge
2025-01-21T16:27:20.7271690Z   nbformat                       5.10.4               pyhd8ed1ab_0             conda-forge
2025-01-21T16:27:20.7272050Z   nbsphinx                       0.9.4                pyhd8ed1ab_0             conda-forge
2025-01-21T16:27:20.7272420Z   ncurses                        6.5                  hb89a1cb_0               conda-forge
2025-01-21T16:27:20.7273480Z   nest-asyncio                   1.6.0                pyhd8ed1ab_0             conda-forge
2025-01-21T16:27:20.7274370Z   networkx                       3.3                  pyhd8ed1ab_1             conda-forge
2025-01-21T16:27:20.7275300Z   notebook                       7.2.1                pyhd8ed1ab_0             conda-forge
2025-01-21T16:27:20.7276220Z   notebook-shim                  0.2.4                pyhd8ed1ab_0             conda-forge
2025-01-21T16:27:20.7276630Z   numba                          0.59.1               py312hbaff935_0          conda-forge
2025-01-21T16:27:20.7276930Z   numexpr                        2.10.0               py312h8ae5369_0          conda-forge
2025-01-21T16:27:20.7277260Z   numpy                          1.26.4               py312h8442bc7_0          conda-forge
2025-01-21T16:27:20.7277610Z   numpydoc                       1.7.0                pyhd8ed1ab_1             conda-forge
2025-01-21T16:27:20.7277910Z   openjpeg                       2.5.2                h9f1df11_0               conda-forge
2025-01-21T16:27:20.7278200Z   openssl                        3.3.1                hfb2fe0b_0               conda-forge
2025-01-21T16:27:20.7278510Z   overrides                      7.7.0                pyhd8ed1ab_0             conda-forge
2025-01-21T16:27:20.7278820Z   packaging                      24.1                 pyhd8ed1ab_0             conda-forge
2025-01-21T16:27:20.7279110Z   pandas                         2.2.2                py312h8ae5369_1          conda-forge
2025-01-21T16:27:20.7279390Z   pandoc                         3.2                  hce30654_0               conda-forge
2025-01-21T16:27:20.7279740Z   pandocfilters                  1.5.0                pyhd8ed1ab_0             conda-forge
2025-01-21T16:27:20.7280050Z   pango                          1.54.0               h5cb9fbc_0               conda-forge
2025-01-21T16:27:20.7280330Z   parso                          0.8.4                pyhd8ed1ab_0             conda-forge
2025-01-21T16:27:20.7280620Z   pathspec                       0.12.1               pyhd8ed1ab_0             conda-forge
2025-01-21T16:27:20.7280910Z   pbr                            6.0.0                pyhd8ed1ab_0             conda-forge
2025-01-21T16:27:20.7281430Z   pcre2                          10.44                h297a79d_0               conda-forge
2025-01-21T16:27:20.7281720Z   pexpect                        4.9.0                pyhd8ed1ab_0             conda-forge
2025-01-21T16:27:20.7282020Z   pickleshare                    0.7.5                py_1003                  conda-forge
2025-01-21T16:27:20.7282320Z   pillow                         10.3.0               py312h39b1d8d_1          conda-forge
2025-01-21T16:27:20.7282600Z   pip                            24.0                 pyhd8ed1ab_0             conda-forge
2025-01-21T16:27:20.7283140Z   pixman                         0.43.4               hebf3989_0               conda-forge
2025-01-21T16:27:20.7283460Z   pkgutil-resolve-name           1.3.10               pyhd8ed1ab_1             conda-forge
2025-01-21T16:27:20.7283800Z   platformdirs                   4.2.2                pyhd8ed1ab_0             conda-forge
2025-01-21T16:27:20.7284100Z   plotly                         5.22.0               pyhd8ed1ab_0             conda-forge
2025-01-21T16:27:20.7284380Z   pluggy                         1.5.0                pyhd8ed1ab_0             conda-forge
2025-01-21T16:27:20.7284690Z   prometheus_client              0.20.0               pyhd8ed1ab_0             conda-forge
2025-01-21T16:27:20.7285020Z   prompt-toolkit                 3.0.47               pyha770c72_0             conda-forge
2025-01-21T16:27:20.7285320Z   psutil                         5.9.8                py312he37b823_0          conda-forge
2025-01-21T16:27:20.7285630Z   pthread-stubs                  0.4                  h27ca646_1001            conda-forge
2025-01-21T16:27:20.7285940Z   ptyprocess                     0.7.0                pyhd3deb0d_0             conda-forge
2025-01-21T16:27:20.7286240Z   pure_eval                      0.2.2                pyhd8ed1ab_0             conda-forge
2025-01-21T16:27:20.7286540Z   py-cpuinfo                     9.0.0                pyhd8ed1ab_0             conda-forge
2025-01-21T16:27:20.7286840Z   pybtex                         0.24.0               pyhd8ed1ab_2             conda-forge
2025-01-21T16:27:20.7287180Z   pybtex-docutils                1.0.3                py312h81bd7bf_1          conda-forge
2025-01-21T16:27:20.7287510Z   pycparser                      2.22                 pyhd8ed1ab_0             conda-forge
2025-01-21T16:27:20.7287810Z   pyerfa                         2.0.1.4              py312hbebd99a_1          conda-forge
2025-01-21T16:27:20.7288120Z   pygments                       2.18.0               pyhd8ed1ab_0             conda-forge
2025-01-21T16:27:20.7288450Z   pygraphviz                     1.13                 py312h5f4d302_1          conda-forge
2025-01-21T16:27:20.7288790Z   pyobjc-core                    10.3.1               py312hbb55c70_0          conda-forge
2025-01-21T16:27:20.7289130Z   pyobjc-framework-cocoa         10.3.1               py312hbb55c70_0          conda-forge
2025-01-21T16:27:20.7289470Z   pyparsing                      3.1.2                pyhd8ed1ab_0             conda-forge
2025-01-21T16:27:20.7289760Z   pysocks                        1.7.1                pyha2e5f31_6             conda-forge
2025-01-21T16:27:20.7290060Z   pytables                       3.9.2                py312hb622ae1_2          conda-forge
2025-01-21T16:27:20.7290350Z   pytest                         8.2.2                pyhd8ed1ab_0             conda-forge
2025-01-21T16:27:20.7290650Z   pytest-cov                     5.0.0                pyhd8ed1ab_0             conda-forge
2025-01-21T16:27:20.7290980Z   pytest-doctestplus             1.2.1                pyhd8ed1ab_0             conda-forge
2025-01-21T16:27:20.7291310Z   pytest-html                    4.1.1                pyhd8ed1ab_0             conda-forge
2025-01-21T16:27:20.7291630Z   pytest-metadata                3.1.1                pyhd8ed1ab_0             conda-forge
2025-01-21T16:27:20.7291950Z   python                         3.12.4               h30c5eda_0_cpython       conda-forge
2025-01-21T16:27:20.7292480Z   python-dateutil                2.9.0                pyhd8ed1ab_0             conda-forge
2025-01-21T16:27:20.7292830Z   python-fastjsonschema          2.20.0               pyhd8ed1ab_0             conda-forge
2025-01-21T16:27:20.7293190Z   python-json-logger             2.0.7                pyhd8ed1ab_0             conda-forge
2025-01-21T16:27:20.7293530Z   python-tzdata                  2024.1               pyhd8ed1ab_0             conda-forge
2025-01-21T16:27:20.7293840Z   python_abi                     3.12                 4_cp312                  conda-forge
2025-01-21T16:27:20.7294250Z   pytz                           2024.1               pyhd8ed1ab_0             conda-forge
2025-01-21T16:27:20.7294530Z   pyyaml                         6.0.1                py312h02f2b3b_1          conda-forge
2025-01-21T16:27:20.7294810Z   pyzmq                          26.0.3               py312hfa13136_0          conda-forge
2025-01-21T16:27:20.7295100Z   qgrid                          1.3.1                pyhd8ed1ab_4             conda-forge
2025-01-21T16:27:20.7295410Z   radioactivedecay               0.5.1                pyhd8ed1ab_0             conda-forge
2025-01-21T16:27:20.7295720Z   readline                       8.2                  h92ec313_1               conda-forge
2025-01-21T16:27:20.7296030Z   recommonmark                   0.7.1                pyhd8ed1ab_0             conda-forge
2025-01-21T16:27:20.7296340Z   referencing                    0.35.1               pyhd8ed1ab_0             conda-forge
2025-01-21T16:27:20.7296640Z   requests                       2.32.3               pyhd8ed1ab_0             conda-forge
2025-01-21T16:27:20.7296960Z   rfc3339-validator              0.1.4                pyhd8ed1ab_0             conda-forge
2025-01-21T16:27:20.7297300Z   rfc3986-validator              0.1.1                pyh9f0ad1d_0             conda-forge
2025-01-21T16:27:20.7297610Z   rpds-py                        0.18.1               py312h552d48e_0          conda-forge
2025-01-21T16:27:20.7297900Z   ruff                           0.4.9                py312h3402d49_0          conda-forge
2025-01-21T16:27:20.7298200Z   scipy                          1.13.1               py312h14ffa8f_0          conda-forge
2025-01-21T16:27:20.7298490Z   send2trash                     1.8.3                pyh31c8845_0             conda-forge
2025-01-21T16:27:20.7298800Z   setuptools                     70.0.0               pyhd8ed1ab_0             conda-forge
2025-01-21T16:27:20.7299130Z   setuptools-scm                 8.1.0                pyhd8ed1ab_0             conda-forge
2025-01-21T16:27:20.7299450Z   setuptools_scm                 8.1.0                hd8ed1ab_0               conda-forge
2025-01-21T16:27:20.7299740Z   six                            1.16.0               pyh6c4a22f_0             conda-forge
2025-01-21T16:27:20.7300040Z   snakeviz                       2.2.0                pyhd8ed1ab_0             conda-forge
2025-01-21T16:27:20.7300340Z   snappy                         1.2.0                hd04f947_1               conda-forge
2025-01-21T16:27:20.7300630Z   sniffio                        1.3.1                pyhd8ed1ab_0             conda-forge
2025-01-21T16:27:20.7300940Z   snowballstemmer                2.2.0                pyhd8ed1ab_0             conda-forge
2025-01-21T16:27:20.7301250Z   soupsieve                      2.5                  pyhd8ed1ab_1             conda-forge
2025-01-21T16:27:20.7301550Z   sphinx                         7.3.7                pyhd8ed1ab_0             conda-forge
2025-01-21T16:27:20.7301860Z   sphinx-astropy                 1.9.1                pyhd8ed1ab_0             conda-forge
2025-01-21T16:27:20.7302440Z   sphinx-automodapi              0.17.0               pyh717bed2_1             conda-forge
2025-01-21T16:27:20.7302820Z   sphinx-gallery                 0.16.0               pyhd8ed1ab_0             conda-forge
2025-01-21T16:27:20.7303180Z   sphinx-jsonschema              1.19.1               pyhd8ed1ab_0             conda-forge
2025-01-21T16:27:20.7303940Z   sphinx_bootstrap_theme         0.8.1                pyhd8ed1ab_0             conda-forge
2025-01-21T16:27:20.7304290Z   sphinx_rtd_theme               2.0.0                pyha770c72_0             conda-forge
2025-01-21T16:27:20.7304630Z   sphinxcontrib-apidoc           0.3.0                py_1                     conda-forge
2025-01-21T16:27:20.7305000Z   sphinxcontrib-applehelp        1.0.8                pyhd8ed1ab_0             conda-forge
2025-01-21T16:27:20.7305370Z   sphinxcontrib-bibtex           2.6.2                pyhd8ed1ab_0             conda-forge
2025-01-21T16:27:20.7305910Z   sphinxcontrib-devhelp          1.0.6                pyhd8ed1ab_0             conda-forge
2025-01-21T16:27:20.7306280Z   sphinxcontrib-htmlhelp         2.0.5                pyhd8ed1ab_0             conda-forge
2025-01-21T16:27:20.7306650Z   sphinxcontrib-jquery           4.1                  pyhd8ed1ab_0             conda-forge
2025-01-21T16:27:20.7307000Z   sphinxcontrib-jsmath           1.0.1                pyhd8ed1ab_0             conda-forge
2025-01-21T16:27:20.7307500Z   sphinxcontrib-qthelp           1.0.7                pyhd8ed1ab_0             conda-forge
2025-01-21T16:27:20.7307890Z   sphinxcontrib-serializinghtml  1.1.10               pyhd8ed1ab_0             conda-forge
2025-01-21T16:27:20.7308250Z   stack_data                     0.6.2                pyhd8ed1ab_0             conda-forge
2025-01-21T16:27:20.7308570Z   sympy                          1.12.1               pypyh2585a3b_103         conda-forge
2025-01-21T16:27:20.7308870Z   tabulate                       0.9.0                pyhd8ed1ab_1             conda-forge
2025-01-21T16:27:20.7309170Z   tenacity                       8.4.1                pyhd8ed1ab_0             conda-forge
2025-01-21T16:27:20.7309480Z   terminado                      0.18.1               pyh31c8845_0             conda-forge
2025-01-21T16:27:20.7309770Z   tinycss2                       1.3.0                pyhd8ed1ab_0             conda-forge
2025-01-21T16:27:20.7310060Z   tk                             8.6.13               h5083fa2_1               conda-forge
2025-01-21T16:27:20.7310320Z   toml                           0.10.2               pyhd8ed1ab_0             conda-forge
2025-01-21T16:27:20.7310610Z   tomli                          2.0.1                pyhd8ed1ab_0             conda-forge
2025-01-21T16:27:20.7310890Z   tornado                        6.4.1                py312h7e5086c_0          conda-forge
2025-01-21T16:27:20.7311180Z   tqdm                           4.66.4               pyhd8ed1ab_0             conda-forge
2025-01-21T16:27:20.7311480Z   traitlets                      5.14.3               pyhd8ed1ab_0             conda-forge
2025-01-21T16:27:20.7311780Z   typed-ast                      1.5.5                py312h02f2b3b_1          conda-forge
2025-01-21T16:27:20.7312130Z   types-python-dateutil          2.9.0.20240316       pyhd8ed1ab_0             conda-forge
2025-01-21T16:27:20.7312490Z   typing-extensions              4.12.2               hd8ed1ab_0               conda-forge
2025-01-21T16:27:20.7312840Z   typing_extensions              4.12.2               pyha770c72_0             conda-forge
2025-01-21T16:27:20.7313150Z   typing_utils                   0.1.0                pyhd8ed1ab_0             conda-forge
2025-01-21T16:27:20.7313630Z   tzdata                         2024a                h0c530f3_0               conda-forge
2025-01-21T16:27:20.7314040Z   uri-template                   1.3.0                pyhd8ed1ab_0             conda-forge
2025-01-21T16:27:20.7314350Z   urllib3                        2.2.2                pyhd8ed1ab_0             conda-forge
2025-01-21T16:27:20.7314660Z   wcwidth                        0.2.13               pyhd8ed1ab_0             conda-forge
2025-01-21T16:27:20.7314960Z   webcolors                      24.6.0               pyhd8ed1ab_0             conda-forge
2025-01-21T16:27:20.7315270Z   webencodings                   0.5.1                pyhd8ed1ab_2             conda-forge
2025-01-21T16:27:20.7316030Z   websocket-client               1.8.0                pyhd8ed1ab_0             conda-forge
2025-01-21T16:27:20.7316340Z   wheel                          0.43.0               pyhd8ed1ab_1             conda-forge
2025-01-21T16:27:20.7316660Z   widgetsnbextension             3.6.6                pyhd8ed1ab_0             conda-forge
2025-01-21T16:27:20.7316990Z   xorg-libxau                    1.0.11               hb547adb_0               conda-forge
2025-01-21T16:27:20.7317300Z   xorg-libxdmcp                  1.1.3                h27ca646_0               conda-forge
2025-01-21T16:27:20.7317750Z   xz                             5.2.6                h57fd34a_0               conda-forge
2025-01-21T16:27:20.7318020Z   yaml                           0.2.5                h3422bc3_2               conda-forge
2025-01-21T16:27:20.7318290Z   zeromq                         4.3.5                hcc0f68c_4               conda-forge
2025-01-21T16:27:20.7318870Z   zipp                           3.19.2               pyhd8ed1ab_0             conda-forge
2025-01-21T16:27:20.7319160Z   zlib                           1.3.1                hfb2fe0b_1               conda-forge
2025-01-21T16:27:20.7319430Z   zlib-ng                        2.0.7                h1a8c8d9_0               conda-forge
2025-01-21T16:27:20.7319710Z   zstd                           1.5.6                hb46c0d2_0               conda-forge
2025-01-21T16:27:20.7320200Z ##[endgroup]
