2025-02-17T13:11:17.6509435Z Requested labels: macos-latest
2025-02-17T13:11:17.6510281Z Job defined at: tardis-sn/tardis/.github/workflows/tests.yml@refs/pull/2975/merge
2025-02-17T13:11:17.6510468Z Waiting for a runner to pick up this job...
2025-02-17T13:11:17.9625820Z Job is waiting for a hosted runner to come online.
2025-02-17T13:11:21.6240634Z Job is about to start running on the hosted runner: GitHub Actions 56 (hosted)
2025-02-17T13:11:22.9657980Z Current runner version: '2.322.0'
2025-02-17T13:11:22.9705700Z ##[group]Operating System
2025-02-17T13:11:22.9706290Z macOS
2025-02-17T13:11:22.9706610Z 14.7.2
2025-02-17T13:11:22.9706930Z 23H311
2025-02-17T13:11:22.9707250Z ##[endgroup]
2025-02-17T13:11:22.9707570Z ##[group]Runner Image
2025-02-17T13:11:22.9707930Z Image: macos-14-arm64
2025-02-17T13:11:22.9708260Z Version: 20250120.774
2025-02-17T13:11:22.9708950Z Included Software: https://github.com/actions/runner-images/blob/macos-14-arm64/20250120.774/images/macos/macos-14-arm64-Readme.md
2025-02-17T13:11:22.9709910Z Image Release: https://github.com/actions/runner-images/releases/tag/macos-14-arm64%2F20250120.774
2025-02-17T13:11:22.9710510Z ##[endgroup]
2025-02-17T13:11:22.9710840Z ##[group]Runner Image Provisioner
2025-02-17T13:11:22.9711270Z 2.0.422.1+55c30c14fe2a0a1547db1b656933ae07d97649a9
2025-02-17T13:11:22.9711680Z ##[endgroup]
2025-02-17T13:11:22.9713200Z ##[group]GITHUB_TOKEN Permissions
2025-02-17T13:11:22.9714510Z Actions: read
2025-02-17T13:11:22.9714860Z Attestations: read
2025-02-17T13:11:22.9715180Z Checks: read
2025-02-17T13:11:22.9715500Z Contents: read
2025-02-17T13:11:22.9715820Z Deployments: read
2025-02-17T13:11:22.9716150Z Discussions: read
2025-02-17T13:11:22.9716470Z Issues: read
2025-02-17T13:11:22.9716790Z Metadata: read
2025-02-17T13:11:22.9717100Z Packages: read
2025-02-17T13:11:22.9717420Z Pages: read
2025-02-17T13:11:22.9717740Z PullRequests: read
2025-02-17T13:11:22.9718070Z RepositoryProjects: read
2025-02-17T13:11:22.9718430Z SecurityEvents: read
2025-02-17T13:11:22.9718770Z Statuses: read
2025-02-17T13:11:22.9719090Z ##[endgroup]
2025-02-17T13:11:22.9721300Z Secret source: None
2025-02-17T13:11:22.9721800Z Prepare workflow directory
2025-02-17T13:11:23.0083880Z Prepare all required actions
2025-02-17T13:11:23.0116110Z Getting action download info
2025-02-17T13:11:23.2114020Z ##[group]Download immutable action package 'actions/checkout@v4'
2025-02-17T13:11:23.2114680Z Version: 4.2.2
2025-02-17T13:11:23.2115290Z Digest: sha256:ccb2698953eaebd21c7bf6268a94f9c26518a7e38e27e0b83c1fe1ad049819b1
2025-02-17T13:11:23.2116020Z Source commit SHA: 11bd71901bbe5b1630ceea73d27597364c9af683
2025-02-17T13:11:23.2116480Z ##[endgroup]
2025-02-17T13:11:23.4559250Z ##[group]Download immutable action package 'actions/upload-artifact@v4'
2025-02-17T13:11:23.4559970Z Version: 4.6.0
2025-02-17T13:11:23.4560510Z Digest: sha256:bf85474c8423f9cd48bd2caf3ce5adb1711e2dfdb055b040bd36b044e4290329
2025-02-17T13:11:23.4561170Z Source commit SHA: 65c4c4a1ddee5b72f698fdd19549f0f0fb45cf08
2025-02-17T13:11:23.4561640Z ##[endgroup]
2025-02-17T13:11:23.6549450Z Complete job name: not continuum macos-latest 
2025-02-17T13:11:23.7011200Z ##[group]Run actions/checkout@v4
2025-02-17T13:11:23.7011990Z with:
2025-02-17T13:11:23.7012540Z   repository: tardis-sn/tardis
2025-02-17T13:11:23.7013130Z   token: ***
2025-02-17T13:11:23.7013420Z   ssh-strict: true
2025-02-17T13:11:23.7013720Z   ssh-user: git
2025-02-17T13:11:23.7014020Z   persist-credentials: true
2025-02-17T13:11:23.7014360Z   clean: true
2025-02-17T13:11:23.7014670Z   sparse-checkout-cone-mode: true
2025-02-17T13:11:23.7015020Z   fetch-depth: 1
2025-02-17T13:11:23.7015310Z   fetch-tags: false
2025-02-17T13:11:23.7015610Z   show-progress: true
2025-02-17T13:11:23.7015920Z   lfs: false
2025-02-17T13:11:23.7016200Z   submodules: false
2025-02-17T13:11:23.7016510Z   set-safe-directory: true
2025-02-17T13:11:23.7017140Z env:
2025-02-17T13:11:23.7017420Z   CACHE_NUMBER: 0
2025-02-17T13:11:23.7018260Z   PYTEST_FLAGS: --tardis-regression-data=/Users/runner/work/tardis/tardis/tardis-regression-data --cov=tardis --cov-report=xml --cov-report=html --cov-append
2025-02-17T13:11:23.7019140Z   CODECOV_TOKEN: 
2025-02-17T13:11:23.7019440Z ##[endgroup]
2025-02-17T13:11:24.0467330Z Syncing repository: tardis-sn/tardis
2025-02-17T13:11:24.0468950Z ##[group]Getting Git version info
2025-02-17T13:11:24.0470100Z Working directory is '/Users/runner/work/tardis/tardis'
2025-02-17T13:11:24.0470840Z [command]/opt/homebrew/bin/git version
2025-02-17T13:11:24.1032180Z git version 2.48.1
2025-02-17T13:11:24.1056740Z ##[endgroup]
2025-02-17T13:11:24.1064070Z Copying '/Users/runner/.gitconfig' to '/Users/runner/work/_temp/38ca6a1e-4e43-414c-a93a-22111031218d/.gitconfig'
2025-02-17T13:11:24.1071170Z Temporarily overriding HOME='/Users/runner/work/_temp/38ca6a1e-4e43-414c-a93a-22111031218d' before making global git config changes
2025-02-17T13:11:24.1072330Z Adding repository directory to the temporary git global config as a safe directory
2025-02-17T13:11:24.1076230Z [command]/opt/homebrew/bin/git config --global --add safe.directory /Users/runner/work/tardis/tardis
2025-02-17T13:11:24.1201510Z Deleting the contents of '/Users/runner/work/tardis/tardis'
2025-02-17T13:11:24.1206290Z ##[group]Initializing the repository
2025-02-17T13:11:24.1217580Z [command]/opt/homebrew/bin/git init /Users/runner/work/tardis/tardis
2025-02-17T13:11:24.1449390Z hint: Using 'master' as the name for the initial branch. This default branch name
2025-02-17T13:11:24.1451480Z hint: is subject to change. To configure the initial branch name to use in all
2025-02-17T13:11:24.1453080Z hint: of your new repositories, which will suppress this warning, call:
2025-02-17T13:11:24.1453630Z hint:
2025-02-17T13:11:24.1454010Z hint: 	git config --global init.defaultBranch <name>
2025-02-17T13:11:24.1454440Z hint:
2025-02-17T13:11:24.1454850Z hint: Names commonly chosen instead of 'master' are 'main', 'trunk' and
2025-02-17T13:11:24.1455480Z hint: 'development'. The just-created branch can be renamed via this command:
2025-02-17T13:11:24.1456020Z hint:
2025-02-17T13:11:24.1456350Z hint: 	git branch -m <name>
2025-02-17T13:11:24.1456960Z Initialized empty Git repository in /Users/runner/work/tardis/tardis/.git/
2025-02-17T13:11:24.1458310Z [command]/opt/homebrew/bin/git remote add origin https://github.com/tardis-sn/tardis
2025-02-17T13:11:24.1522930Z ##[endgroup]
2025-02-17T13:11:24.1523520Z ##[group]Disabling automatic garbage collection
2025-02-17T13:11:24.1525640Z [command]/opt/homebrew/bin/git config --local gc.auto 0
2025-02-17T13:11:24.1572390Z ##[endgroup]
2025-02-17T13:11:24.1572980Z ##[group]Setting up auth
2025-02-17T13:11:24.1577240Z [command]/opt/homebrew/bin/git config --local --name-only --get-regexp core\.sshCommand
2025-02-17T13:11:24.1636310Z [command]/opt/homebrew/bin/git submodule foreach --recursive sh -c "git config --local --name-only --get-regexp 'core\.sshCommand' && git config --local --unset-all 'core.sshCommand' || :"
2025-02-17T13:11:24.2682990Z [command]/opt/homebrew/bin/git config --local --name-only --get-regexp http\.https\:\/\/github\.com\/\.extraheader
2025-02-17T13:11:24.2778670Z [command]/opt/homebrew/bin/git submodule foreach --recursive sh -c "git config --local --name-only --get-regexp 'http\.https\:\/\/github\.com\/\.extraheader' && git config --local --unset-all 'http.https://github.com/.extraheader' || :"
2025-02-17T13:11:24.3912570Z [command]/opt/homebrew/bin/git config --local http.https://github.com/.extraheader AUTHORIZATION: basic ***
2025-02-17T13:11:24.4037320Z ##[endgroup]
2025-02-17T13:11:24.4043180Z ##[group]Fetching the repository
2025-02-17T13:11:24.4044420Z [command]/opt/homebrew/bin/git -c protocol.version=2 fetch --no-tags --prune --no-recurse-submodules --depth=1 origin +f012b5f91fe0ae3859c444d8cf8706fac8005b4a:refs/remotes/pull/2975/merge
2025-02-17T13:11:26.3066540Z From https://github.com/tardis-sn/tardis
2025-02-17T13:11:26.3068020Z  * [new ref]         f012b5f91fe0ae3859c444d8cf8706fac8005b4a -> pull/2975/merge
2025-02-17T13:11:26.3122430Z ##[endgroup]
2025-02-17T13:11:26.3123240Z ##[group]Determining the checkout info
2025-02-17T13:11:26.3124070Z ##[endgroup]
2025-02-17T13:11:26.3128470Z [command]/opt/homebrew/bin/git sparse-checkout disable
2025-02-17T13:11:26.3198580Z [command]/opt/homebrew/bin/git config --local --unset-all extensions.worktreeConfig
2025-02-17T13:11:26.3249550Z ##[group]Checking out the ref
2025-02-17T13:11:26.3251950Z [command]/opt/homebrew/bin/git checkout --progress --force refs/remotes/pull/2975/merge
2025-02-17T13:11:26.6575670Z HEAD is now at f012b5f Merge e4200186b0b4e11bc8e4f771109ab4c47d9eae1c into 13c9a314d4165ff320d000df7d67b5c5f91a69dd
2025-02-17T13:11:26.6595670Z ##[endgroup]
2025-02-17T13:11:26.6701380Z [command]/opt/homebrew/bin/git log -1 --format=%H
2025-02-17T13:11:26.6766650Z f012b5f91fe0ae3859c444d8cf8706fac8005b4a
2025-02-17T13:11:26.7096550Z Prepare all required actions
2025-02-17T13:11:26.7097520Z Getting action download info
2025-02-17T13:11:26.8925290Z ##[group]Download immutable action package 'actions/cache@v4'
2025-02-17T13:11:26.8926610Z Version: 4.2.0
2025-02-17T13:11:26.8927660Z Digest: sha256:5bc11090595acbf82dbfb02747bf0bfd91544e869357fd3ac0eb41f509632110
2025-02-17T13:11:26.8928990Z Source commit SHA: 1bd1e32a3bdc45362d1e726936510720a7c30a57
2025-02-17T13:11:26.8930130Z ##[endgroup]
2025-02-17T13:11:27.1079600Z ##[group]Run ./.github/actions/setup_lfs
2025-02-17T13:11:27.1081480Z with:
2025-02-17T13:11:27.1083160Z   regression-data-repo: tardis-sn/tardis-regression-data
2025-02-17T13:11:27.1085400Z   atom-data-sparse: false
2025-02-17T13:11:27.1086890Z env:
2025-02-17T13:11:27.1088160Z   CACHE_NUMBER: 0
2025-02-17T13:11:27.1092150Z   PYTEST_FLAGS: --tardis-regression-data=/Users/runner/work/tardis/tardis/tardis-regression-data --cov=tardis --cov-report=xml --cov-report=html --cov-append
2025-02-17T13:11:27.1097410Z   CODECOV_TOKEN: 
2025-02-17T13:11:27.1098980Z ##[endgroup]
2025-02-17T13:11:27.1272940Z ##[group]Run actions/checkout@v4
2025-02-17T13:11:27.1273700Z with:
2025-02-17T13:11:27.1274360Z   repository: tardis-sn/tardis-regression-data
2025-02-17T13:11:27.1275230Z   path: tardis-regression-data
2025-02-17T13:11:27.1275920Z   lfs: false
2025-02-17T13:11:27.1276780Z   token: ***
2025-02-17T13:11:27.1277350Z   ssh-strict: true
2025-02-17T13:11:27.1277940Z   ssh-user: git
2025-02-17T13:11:27.1278520Z   persist-credentials: true
2025-02-17T13:11:27.1279130Z   clean: true
2025-02-17T13:11:27.1279710Z   sparse-checkout-cone-mode: true
2025-02-17T13:11:27.1280390Z   fetch-depth: 1
2025-02-17T13:11:27.1280990Z   fetch-tags: false
2025-02-17T13:11:27.1281730Z   show-progress: true
2025-02-17T13:11:27.1282380Z   submodules: false
2025-02-17T13:11:27.1283020Z   set-safe-directory: true
2025-02-17T13:11:27.1283670Z env:
2025-02-17T13:11:27.1284200Z   CACHE_NUMBER: 0
2025-02-17T13:11:27.1285840Z   PYTEST_FLAGS: --tardis-regression-data=/Users/runner/work/tardis/tardis/tardis-regression-data --cov=tardis --cov-report=xml --cov-report=html --cov-append
2025-02-17T13:11:27.1287550Z   CODECOV_TOKEN: 
2025-02-17T13:11:27.1288130Z ##[endgroup]
2025-02-17T13:11:27.2589410Z Syncing repository: tardis-sn/tardis-regression-data
2025-02-17T13:11:27.2591710Z ##[group]Getting Git version info
2025-02-17T13:11:27.2593030Z Working directory is '/Users/runner/work/tardis/tardis/tardis-regression-data'
2025-02-17T13:11:27.2595270Z [command]/opt/homebrew/bin/git version
2025-02-17T13:11:27.2659020Z git version 2.48.1
2025-02-17T13:11:27.2683740Z ##[endgroup]
2025-02-17T13:11:27.2696000Z Copying '/Users/runner/.gitconfig' to '/Users/runner/work/_temp/f909589a-f4dc-414e-a1ed-e150fd0cbf25/.gitconfig'
2025-02-17T13:11:27.2703910Z Temporarily overriding HOME='/Users/runner/work/_temp/f909589a-f4dc-414e-a1ed-e150fd0cbf25' before making global git config changes
2025-02-17T13:11:27.2706320Z Adding repository directory to the temporary git global config as a safe directory
2025-02-17T13:11:27.2708370Z [command]/opt/homebrew/bin/git config --global --add safe.directory /Users/runner/work/tardis/tardis/tardis-regression-data
2025-02-17T13:11:27.2776270Z ##[group]Initializing the repository
2025-02-17T13:11:27.2781290Z [command]/opt/homebrew/bin/git init /Users/runner/work/tardis/tardis/tardis-regression-data
2025-02-17T13:11:27.2861390Z hint: Using 'master' as the name for the initial branch. This default branch name
2025-02-17T13:11:27.2862960Z hint: is subject to change. To configure the initial branch name to use in all
2025-02-17T13:11:27.2864200Z hint: of your new repositories, which will suppress this warning, call:
2025-02-17T13:11:27.2865810Z hint:
2025-02-17T13:11:27.2866460Z hint: 	git config --global init.defaultBranch <name>
2025-02-17T13:11:27.2867250Z hint:
2025-02-17T13:11:27.2868020Z hint: Names commonly chosen instead of 'master' are 'main', 'trunk' and
2025-02-17T13:11:27.2869800Z hint: 'development'. The just-created branch can be renamed via this command:
2025-02-17T13:11:27.2870860Z hint:
2025-02-17T13:11:27.2871440Z hint: 	git branch -m <name>
2025-02-17T13:11:27.2872540Z Initialized empty Git repository in /Users/runner/work/tardis/tardis/tardis-regression-data/.git/
2025-02-17T13:11:27.2875430Z [command]/opt/homebrew/bin/git remote add origin https://github.com/tardis-sn/tardis-regression-data
2025-02-17T13:11:27.2936670Z ##[endgroup]
2025-02-17T13:11:27.2937990Z ##[group]Disabling automatic garbage collection
2025-02-17T13:11:27.2942180Z [command]/opt/homebrew/bin/git config --local gc.auto 0
2025-02-17T13:11:27.3005710Z ##[endgroup]
2025-02-17T13:11:27.3006940Z ##[group]Setting up auth
2025-02-17T13:11:27.3008170Z [command]/opt/homebrew/bin/git config --local --name-only --get-regexp core\.sshCommand
2025-02-17T13:11:27.3055060Z [command]/opt/homebrew/bin/git submodule foreach --recursive sh -c "git config --local --name-only --get-regexp 'core\.sshCommand' && git config --local --unset-all 'core.sshCommand' || :"
2025-02-17T13:11:27.3772720Z [command]/opt/homebrew/bin/git config --local --name-only --get-regexp http\.https\:\/\/github\.com\/\.extraheader
2025-02-17T13:11:27.3834180Z [command]/opt/homebrew/bin/git submodule foreach --recursive sh -c "git config --local --name-only --get-regexp 'http\.https\:\/\/github\.com\/\.extraheader' && git config --local --unset-all 'http.https://github.com/.extraheader' || :"
2025-02-17T13:11:27.4809220Z [command]/opt/homebrew/bin/git config --local http.https://github.com/.extraheader AUTHORIZATION: basic ***
2025-02-17T13:11:27.4884480Z ##[endgroup]
2025-02-17T13:11:27.4886400Z ##[group]Determining the default branch
2025-02-17T13:11:27.9417370Z Retrieving the default branch name
2025-02-17T13:11:27.9417900Z Default branch 'main'
2025-02-17T13:11:27.9432310Z ##[endgroup]
2025-02-17T13:11:27.9433010Z ##[group]Fetching the repository
2025-02-17T13:11:27.9433860Z [command]/opt/homebrew/bin/git -c protocol.version=2 fetch --no-tags --prune --no-recurse-submodules --depth=1 origin +refs/heads/main:refs/remotes/origin/main
2025-02-17T13:11:28.8990220Z From https://github.com/tardis-sn/tardis-regression-data
2025-02-17T13:11:28.8991110Z  * [new branch]      main       -> origin/main
2025-02-17T13:11:28.9055580Z ##[endgroup]
2025-02-17T13:11:28.9060820Z ##[group]Determining the checkout info
2025-02-17T13:11:28.9061370Z ##[endgroup]
2025-02-17T13:11:28.9062330Z [command]/opt/homebrew/bin/git sparse-checkout disable
2025-02-17T13:11:28.9126170Z [command]/opt/homebrew/bin/git config --local --unset-all extensions.worktreeConfig
2025-02-17T13:11:28.9176750Z ##[group]Checking out the ref
2025-02-17T13:11:28.9179240Z [command]/opt/homebrew/bin/git checkout --progress --force -B main refs/remotes/origin/main
2025-02-17T13:11:29.1769920Z Switched to a new branch 'main'
2025-02-17T13:11:29.1774360Z branch 'main' set up to track 'origin/main'.
2025-02-17T13:11:29.2872670Z ##[endgroup]
2025-02-17T13:11:29.2987270Z [command]/opt/homebrew/bin/git log -1 --format=%H
2025-02-17T13:11:29.3046970Z fa7729bc9c30e14b69acd641af8b692b56fcd416
2025-02-17T13:11:29.3255280Z ##[group]Run if [ "false" == "true" ]; then
2025-02-17T13:11:29.3255700Z [36;1mif [ "false" == "true" ]; then[0m
2025-02-17T13:11:29.3255940Z [36;1m  echo "Using atom data sparse checkout"[0m
2025-02-17T13:11:29.3256270Z [36;1m  echo "atom_data/kurucz_cd23_chianti_H_He.h5" > .lfs-files-list[0m
2025-02-17T13:11:29.3256540Z [36;1melse[0m
2025-02-17T13:11:29.3256740Z [36;1m  echo "Using full repository checkout"[0m
2025-02-17T13:11:29.3257060Z [36;1m  git lfs ls-files -l | cut -d' ' -f1 | sort > .lfs-files-list[0m
2025-02-17T13:11:29.3257340Z [36;1mfi[0m
2025-02-17T13:11:29.3333590Z shell: /bin/bash --noprofile --norc -e -o pipefail {0}
2025-02-17T13:11:29.3335100Z env:
2025-02-17T13:11:29.3335860Z   CACHE_NUMBER: 0
2025-02-17T13:11:29.3336780Z   PYTEST_FLAGS: --tardis-regression-data=/Users/runner/work/tardis/tardis/tardis-regression-data --cov=tardis --cov-report=xml --cov-report=html --cov-append
2025-02-17T13:11:29.3337360Z   CODECOV_TOKEN: 
2025-02-17T13:11:29.3338360Z ##[endgroup]
2025-02-17T13:11:29.3635010Z Using full repository checkout
2025-02-17T13:11:29.5954030Z ##[group]Run actions/cache/restore@v4
2025-02-17T13:11:29.5954320Z with:
2025-02-17T13:11:29.5954490Z   path: tardis-regression-data/.git/lfs
2025-02-17T13:11:29.5955030Z   key: tardis-regression-full-data-21f9fa4b6817cc69b9fae3598144724da7828e276a73bd17f47a2a49d9af090a-tardis-sn/tardis-regression-data-v1
2025-02-17T13:11:29.5955580Z   fail-on-cache-miss: true
2025-02-17T13:11:29.5955790Z   enableCrossOsArchive: false
2025-02-17T13:11:29.5955990Z   lookup-only: false
2025-02-17T13:11:29.5956150Z env:
2025-02-17T13:11:29.5956280Z   CACHE_NUMBER: 0
2025-02-17T13:11:29.5956810Z   PYTEST_FLAGS: --tardis-regression-data=/Users/runner/work/tardis/tardis/tardis-regression-data --cov=tardis --cov-report=xml --cov-report=html --cov-append
2025-02-17T13:11:29.5957320Z   CODECOV_TOKEN: 
2025-02-17T13:11:29.5957480Z ##[endgroup]
2025-02-17T13:11:29.9087340Z Cache hit for: tardis-regression-full-data-21f9fa4b6817cc69b9fae3598144724da7828e276a73bd17f47a2a49d9af090a-tardis-sn/tardis-regression-data-v1
2025-02-17T13:11:31.0947660Z Received 25165824 of 1707217599 (1.5%), 24.0 MBs/sec
2025-02-17T13:11:32.1001620Z Received 75497472 of 1707217599 (4.4%), 35.9 MBs/sec
2025-02-17T13:11:33.1925240Z Received 134217728 of 1707217599 (7.9%), 41.3 MBs/sec
2025-02-17T13:11:34.2090720Z Received 176160768 of 1707217599 (10.3%), 40.9 MBs/sec
2025-02-17T13:11:35.2147450Z Received 251658240 of 1707217599 (14.7%), 46.9 MBs/sec
2025-02-17T13:11:36.2129320Z Received 301989888 of 1707217599 (17.7%), 47.1 MBs/sec
2025-02-17T13:11:37.2077580Z Received 356515840 of 1707217599 (20.9%), 47.8 MBs/sec
2025-02-17T13:11:38.2076730Z Received 402653184 of 1707217599 (23.6%), 47.3 MBs/sec
2025-02-17T13:11:39.2117910Z Received 448790528 of 1707217599 (26.3%), 47.0 MBs/sec
2025-02-17T13:11:40.2182660Z Received 499122176 of 1707217599 (29.2%), 47.0 MBs/sec
2025-02-17T13:11:41.2157820Z Received 536870912 of 1707217599 (31.4%), 46.0 MBs/sec
2025-02-17T13:11:42.2174880Z Received 574619648 of 1707217599 (33.7%), 45.2 MBs/sec
2025-02-17T13:11:43.2338510Z Received 620756992 of 1707217599 (36.4%), 45.1 MBs/sec
2025-02-17T13:11:44.2281000Z Received 671088640 of 1707217599 (39.3%), 45.3 MBs/sec
2025-02-17T13:11:45.2372620Z Received 713031680 of 1707217599 (41.8%), 44.9 MBs/sec
2025-02-17T13:11:46.2367670Z Received 771751936 of 1707217599 (45.2%), 45.6 MBs/sec
2025-02-17T13:11:47.2374800Z Received 813694976 of 1707217599 (47.7%), 45.3 MBs/sec
2025-02-17T13:11:48.2490610Z Received 880803840 of 1707217599 (51.6%), 46.3 MBs/sec
2025-02-17T13:11:49.4499670Z Received 939524096 of 1707217599 (55.0%), 46.3 MBs/sec
2025-02-17T13:11:50.4539250Z Received 981467136 of 1707217599 (57.5%), 46.0 MBs/sec
2025-02-17T13:11:51.4524220Z Received 1035993088 of 1707217599 (60.7%), 46.3 MBs/sec
2025-02-17T13:11:52.4863690Z Received 1073741824 of 1707217599 (62.9%), 45.8 MBs/sec
2025-02-17T13:11:53.4587490Z Received 1128267776 of 1707217599 (66.1%), 46.1 MBs/sec
2025-02-17T13:11:54.4592430Z Received 1174405120 of 1707217599 (68.8%), 46.0 MBs/sec
2025-02-17T13:11:55.4546740Z Received 1207959552 of 1707217599 (70.8%), 45.4 MBs/sec
2025-02-17T13:11:56.4614250Z Received 1258291200 of 1707217599 (73.7%), 45.5 MBs/sec
2025-02-17T13:11:57.4641760Z Received 1304428544 of 1707217599 (76.4%), 45.5 MBs/sec
2025-02-17T13:11:58.4602980Z Received 1342177280 of 1707217599 (78.6%), 45.1 MBs/sec
2025-02-17T13:11:59.4628970Z Received 1384120320 of 1707217599 (81.1%), 44.9 MBs/sec
2025-02-17T13:12:00.4752270Z Received 1447034880 of 1707217599 (84.8%), 45.4 MBs/sec
2025-02-17T13:12:01.4687320Z Received 1476395008 of 1707217599 (86.5%), 44.9 MBs/sec
2025-02-17T13:12:02.4697780Z Received 1530920960 of 1707217599 (89.7%), 45.1 MBs/sec
2025-02-17T13:12:03.4732030Z Received 1572864000 of 1707217599 (92.1%), 44.9 MBs/sec
2025-02-17T13:12:04.4726100Z Received 1610612736 of 1707217599 (94.3%), 44.7 MBs/sec
2025-02-17T13:12:05.4703090Z Received 1686246079 of 1707217599 (98.8%), 45.5 MBs/sec
2025-02-17T13:12:05.7202140Z Received 1707217599 of 1707217599 (100.0%), 45.7 MBs/sec
2025-02-17T13:12:05.7236370Z Cache Size: ~1628 MB (1707217599 B)
2025-02-17T13:12:05.7296860Z [command]/opt/homebrew/bin/gtar -xf /Users/runner/work/_temp/5d0dc5ca-9d9e-45e8-9c25-6f5bd5726128/cache.tzst -P -C /Users/runner/work/tardis/tardis --delay-directory-restore --use-compress-program unzstd
2025-02-17T13:12:15.5437550Z Cache restored successfully
2025-02-17T13:12:15.6163960Z Cache restored from key: tardis-regression-full-data-21f9fa4b6817cc69b9fae3598144724da7828e276a73bd17f47a2a49d9af090a-tardis-sn/tardis-regression-data-v1
2025-02-17T13:12:15.6520670Z ##[group]Run git lfs checkout
2025-02-17T13:12:15.6521000Z [36;1mgit lfs checkout[0m
2025-02-17T13:12:15.6634950Z shell: /bin/bash --noprofile --norc -e -o pipefail {0}
2025-02-17T13:12:15.6635300Z env:
2025-02-17T13:12:15.6635650Z   CACHE_NUMBER: 0
2025-02-17T13:12:15.6636260Z   PYTEST_FLAGS: --tardis-regression-data=/Users/runner/work/tardis/tardis/tardis-regression-data --cov=tardis --cov-report=xml --cov-report=html --cov-append
2025-02-17T13:12:15.6636830Z   CODECOV_TOKEN: 
2025-02-17T13:12:15.6637150Z ##[endgroup]
2025-02-17T13:12:26.7106740Z Checking out LFS objects: 100% (204/204), 3.5 GB | 289 MB/s, done.
2025-02-17T13:12:37.8187140Z Prepare all required actions
2025-02-17T13:12:37.8187670Z Getting action download info
2025-02-17T13:12:37.9543200Z Download action repository 'mamba-org/setup-micromamba@v1' (SHA:4b9113af4fba0e9e1124b252dd6497a419e7396d)
2025-02-17T13:12:39.1548120Z ##[group]Run ./.github/actions/setup_env
2025-02-17T13:12:39.1548450Z with:
2025-02-17T13:12:39.1548630Z   os-label: osx-arm64
2025-02-17T13:12:39.1548990Z env:
2025-02-17T13:12:39.1549220Z   CACHE_NUMBER: 0
2025-02-17T13:12:39.1549810Z   PYTEST_FLAGS: --tardis-regression-data=/Users/runner/work/tardis/tardis/tardis-regression-data --cov=tardis --cov-report=xml --cov-report=html --cov-append
2025-02-17T13:12:39.1550310Z   CODECOV_TOKEN: 
2025-02-17T13:12:39.1550490Z ##[endgroup]
2025-02-17T13:12:39.1573840Z ##[group]Run file_hash=$(cat conda-osx-arm64.lock | shasum -a 256 | cut -d' ' -f1)
2025-02-17T13:12:39.1574280Z [36;1mfile_hash=$(cat conda-osx-arm64.lock | shasum -a 256 | cut -d' ' -f1)[0m
2025-02-17T13:12:39.1574820Z [36;1mecho "file_hash=tardis-conda-env-osx-arm64-${file_hash}-v1" >> "${GITHUB_OUTPUT}"[0m
2025-02-17T13:12:39.1631780Z shell: /bin/bash --noprofile --norc -e -o pipefail {0}
2025-02-17T13:12:39.1632040Z env:
2025-02-17T13:12:39.1632190Z   CACHE_NUMBER: 0
2025-02-17T13:12:39.1632690Z   PYTEST_FLAGS: --tardis-regression-data=/Users/runner/work/tardis/tardis/tardis-regression-data --cov=tardis --cov-report=xml --cov-report=html --cov-append
2025-02-17T13:12:39.1633290Z   CODECOV_TOKEN: 
2025-02-17T13:12:39.1633440Z ##[endgroup]
2025-02-17T13:12:39.2933390Z ##[group]Run mamba-org/setup-micromamba@v1
2025-02-17T13:12:39.2933630Z with:
2025-02-17T13:12:39.2933810Z   environment-file: conda-osx-arm64.lock
2025-02-17T13:12:39.2934270Z   cache-environment-key: tardis-conda-env-osx-arm64-bf0d0a4d4c847cca72476c6c68c493d56c484aada7e80de0e42c7607fcef5824-v1
2025-02-17T13:12:39.2934970Z   cache-downloads-key: tardis-conda-env-osx-arm64-bf0d0a4d4c847cca72476c6c68c493d56c484aada7e80de0e42c7607fcef5824-v1
2025-02-17T13:12:39.2935430Z   environment-name: tardis
2025-02-17T13:12:39.2935650Z   cache-environment: true
2025-02-17T13:12:39.2935820Z   cache-downloads: true
2025-02-17T13:12:39.2936000Z env:
2025-02-17T13:12:39.2936150Z   CACHE_NUMBER: 0
2025-02-17T13:12:39.2936640Z   PYTEST_FLAGS: --tardis-regression-data=/Users/runner/work/tardis/tardis/tardis-regression-data --cov=tardis --cov-report=xml --cov-report=html --cov-append
2025-02-17T13:12:39.2937190Z   CODECOV_TOKEN: 
2025-02-17T13:12:39.2945500Z ##[endgroup]
2025-02-17T13:12:39.6601860Z Will download micromamba to /Users/runner/micromamba-bin/micromamba
2025-02-17T13:12:39.6615780Z ##[group]Install micromamba
2025-02-17T13:12:40.5352260Z micromamba installed to /Users/runner/micromamba-bin/micromamba
2025-02-17T13:12:40.5353190Z ##[endgroup]
2025-02-17T13:12:40.5353820Z Adding conda-forge to condarc channels ...
2025-02-17T13:12:40.5360910Z ##[group]Initialize micromamba for bash.
2025-02-17T13:12:40.5372360Z [command]/Users/runner/micromamba-bin/micromamba shell init -s bash -r /Users/runner/micromamba --log-level warning --rc-file /Users/runner/work/_temp/setup-micromamba/.condarc
2025-02-17T13:12:40.5677490Z Modifying RC file "/Users/runner/.bash_profile"
2025-02-17T13:12:40.5682370Z Generating config for root prefix [1m"/Users/runner/micromamba"[0m
2025-02-17T13:12:40.5687050Z Setting mamba executable to: [1m"/Users/runner/micromamba-bin/micromamba"[0m
2025-02-17T13:12:40.5687780Z Adding (or replacing) the following in your "/Users/runner/.bash_profile" file
2025-02-17T13:12:40.5688270Z 
2025-02-17T13:12:40.5688470Z # >>> mamba initialize >>>
2025-02-17T13:12:40.5688800Z # !! Contents within this block are managed by 'mamba init' !!
2025-02-17T13:12:40.5690190Z export MAMBA_EXE='/Users/runner/micromamba-bin/micromamba';
2025-02-17T13:12:40.5690720Z export MAMBA_ROOT_PREFIX='/Users/runner/micromamba';
2025-02-17T13:12:40.5691740Z __mamba_setup="$("$MAMBA_EXE" shell hook --shell bash --root-prefix "$MAMBA_ROOT_PREFIX" 2> /dev/null)"
2025-02-17T13:12:40.5695040Z if [ $? -eq 0 ]; then
2025-02-17T13:12:40.5695530Z     eval "$__mamba_setup"
2025-02-17T13:12:40.5695790Z else
2025-02-17T13:12:40.5696070Z     alias micromamba="$MAMBA_EXE"  # Fallback on help from mamba activate
2025-02-17T13:12:40.5696460Z fi
2025-02-17T13:12:40.5696620Z unset __mamba_setup
2025-02-17T13:12:40.5696790Z # <<< mamba initialize <<<
2025-02-17T13:12:40.5696910Z 
2025-02-17T13:12:40.5699300Z ##[endgroup]
2025-02-17T13:12:40.5700880Z ##[group]Restoring downloads from `/Users/runner/micromamba/pkgs` ...
2025-02-17T13:12:41.9550820Z Received 33554432 of 310594474 (10.8%), 31.8 MBs/sec
2025-02-17T13:12:42.9562100Z Received 79691776 of 310594474 (25.7%), 37.9 MBs/sec
2025-02-17T13:12:43.9557840Z Received 125829120 of 310594474 (40.5%), 39.9 MBs/sec
2025-02-17T13:12:44.9575290Z Received 171966464 of 310594474 (55.4%), 40.9 MBs/sec
2025-02-17T13:12:45.9578440Z Received 239075328 of 310594474 (77.0%), 45.5 MBs/sec
2025-02-17T13:12:46.9671090Z Received 302205866 of 310594474 (97.3%), 48.0 MBs/sec
2025-02-17T13:12:47.0941600Z Cache Size: ~296 MB (310594474 B)
2025-02-17T13:12:47.0987760Z [command]/opt/homebrew/bin/gtar -xf /Users/runner/work/_temp/c15487cd-ab32-4f38-8d4a-1fa1c061a3a0/cache.tzst -P -C /Users/runner/work/tardis/tardis --delay-directory-restore --use-compress-program unzstd
2025-02-17T13:12:47.9650610Z Received 310594474 of 310594474 (100.0%), 42.2 MBs/sec
2025-02-17T13:12:48.2085560Z Cache restored successfully
2025-02-17T13:12:48.2153700Z Restored cache with key `tardis-conda-env-osx-arm64-bf0d0a4d4c847cca72476c6c68c493d56c484aada7e80de0e42c7607fcef5824-v1-osx-arm64`
2025-02-17T13:12:48.2162610Z ##[endgroup]
2025-02-17T13:12:48.2391740Z ##[group]Restoring environment `tardis` from `/Users/runner/micromamba/envs/tardis` ...
2025-02-17T13:12:49.6113960Z Received 33554432 of 385513979 (8.7%), 32.0 MBs/sec
2025-02-17T13:12:50.6115640Z Received 79691776 of 385513979 (20.7%), 38.0 MBs/sec
2025-02-17T13:12:51.6114500Z Received 121634816 of 385513979 (31.6%), 38.6 MBs/sec
2025-02-17T13:12:52.6132380Z Received 180355072 of 385513979 (46.8%), 43.0 MBs/sec
2025-02-17T13:12:53.6125500Z Received 247463936 of 385513979 (64.2%), 47.2 MBs/sec
2025-02-17T13:12:54.6135230Z Received 293601280 of 385513979 (76.2%), 46.6 MBs/sec
2025-02-17T13:12:55.6182710Z Received 356515840 of 385513979 (92.5%), 48.5 MBs/sec
2025-02-17T13:12:56.5140080Z Cache Size: ~368 MB (385513979 B)
2025-02-17T13:12:56.5371010Z [command]/opt/homebrew/bin/gtar -xf /Users/runner/work/_temp/00bcc8e1-8093-451b-aadb-7e8746d48245/cache.tzst -P -C /Users/runner/work/tardis/tardis --delay-directory-restore --use-compress-program unzstd
2025-02-17T13:12:56.6179250Z Received 385513979 of 385513979 (100.0%), 45.9 MBs/sec
2025-02-17T13:13:13.3403980Z Cache restored successfully
2025-02-17T13:13:13.3445320Z Restored cache with key `tardis-conda-env-osx-arm64-bf0d0a4d4c847cca72476c6c68c493d56c484aada7e80de0e42c7607fcef5824-v1-osx-arm64-tardis-args-4f53cda-root-873f6fe-bin-[object Promise]-file-bf0d0a4d4c847cca72476c6c68c493d56c484aada7e80de0e42c7607fcef5824`
2025-02-17T13:13:13.3453660Z ##[endgroup]
2025-02-17T13:13:13.3459080Z Adding environment tardis to auto-activate bash ...
2025-02-17T13:13:13.3466950Z Generating micromamba run shell.
2025-02-17T13:13:13.3483200Z ##[endgroup]
2025-02-17T13:13:13.3494920Z Set environment variables.
2025-02-17T13:13:13.3497960Z ##[group]micromamba info
2025-02-17T13:13:13.3501700Z [command]/Users/runner/micromamba-bin/micromamba info -r /Users/runner/micromamba -n tardis
2025-02-17T13:13:13.8941180Z 
2025-02-17T13:13:13.8942340Z        libmamba version : 1.5.10
2025-02-17T13:13:13.8943420Z      micromamba version : 1.5.10
2025-02-17T13:13:13.8944770Z            curl version : libcurl/8.10.1 (OpenSSL/3.3.2) SecureTransport zlib/1.3.1 zstd/1.5.6 libssh2/1.11.0 nghttp2/1.58.0
2025-02-17T13:13:13.8946420Z      libarchive version : libarchive 3.7.4 zlib/1.2.13 bz2lib/1.0.8 libzstd/1.5.6
2025-02-17T13:13:13.8947430Z        envs directories : /Users/runner/micromamba/envs
2025-02-17T13:13:13.8960530Z           package cache : /Users/runner/micromamba/pkgs
2025-02-17T13:13:13.8961860Z                           /Users/runner/.mamba/pkgs
2025-02-17T13:13:13.8962770Z             environment : tardis
2025-02-17T13:13:13.8963600Z            env location : /Users/runner/micromamba/envs/tardis
2025-02-17T13:13:13.8964580Z       user config files : /Users/runner/.mambarc
2025-02-17T13:13:13.8965110Z  populated config files : /Users/runner/work/_temp/setup-micromamba/.condarc
2025-02-17T13:13:13.8965490Z        virtual packages : __unix=0=0
2025-02-17T13:13:13.8965850Z                           __osx=14.7.2=0
2025-02-17T13:13:13.8966170Z                           __archspec=1=arm64
2025-02-17T13:13:13.8966790Z                channels : https://conda.anaconda.org/conda-forge/osx-arm64
2025-02-17T13:13:13.8967170Z                           https://conda.anaconda.org/conda-forge/noarch
2025-02-17T13:13:13.8967580Z        base environment : /Users/runner/micromamba
2025-02-17T13:13:13.8967870Z                platform : osx-arm64
2025-02-17T13:13:13.8968530Z ##[endgroup]
2025-02-17T13:13:13.8968950Z ##[group]micromamba list
2025-02-17T13:13:13.8969530Z [command]/Users/runner/micromamba-bin/micromamba list -r /Users/runner/micromamba -n tardis
2025-02-17T13:13:14.3310440Z List of packages in environment: "/Users/runner/micromamba/envs/tardis"
2025-02-17T13:13:14.3311520Z 
2025-02-17T13:13:14.3311840Z   Name                           Version              Build                    Channel    
2025-02-17T13:13:14.3313920Z â”€â”€â”€â”€â”€â”€â”€â”€â”€â”€â”€â”€â”€â”€â”€â”€â”€â”€â”€â”€â”€â”€â”€â”€â”€â”€â”€â”€â”€â”€â”€â”€â”€â”€â”€â”€â”€â”€â”€â”€â”€â”€â”€â”€â”€â”€â”€â”€â”€â”€â”€â”€â”€â”€â”€â”€â”€â”€â”€â”€â”€â”€â”€â”€â”€â”€â”€â”€â”€â”€â”€â”€â”€â”€â”€â”€â”€â”€â”€â”€â”€â”€â”€â”€â”€â”€â”€â”€â”€â”€â”€â”€
2025-02-17T13:13:14.3314370Z   alabaster                      0.7.16               pyhd8ed1ab_0             conda-forge
2025-02-17T13:13:14.3314910Z   anyio                          4.4.0                pyhd8ed1ab_0             conda-forge
2025-02-17T13:13:14.3315290Z   appnope                        0.1.4                pyhd8ed1ab_0             conda-forge
2025-02-17T13:13:14.3315820Z   argon2-cffi                    23.1.0               pyhd8ed1ab_0             conda-forge
2025-02-17T13:13:14.3316340Z   argon2-cffi-bindings           21.2.0               py312h02f2b3b_4          conda-forge
2025-02-17T13:13:14.3316840Z   arrow                          1.3.0                pyhd8ed1ab_0             conda-forge
2025-02-17T13:13:14.3317210Z   astropy                        6.1.1                py312hbebd99a_0          conda-forge
2025-02-17T13:13:14.3317710Z   astropy-iers-data              0.2024.6.17.0.31.35  pyhd8ed1ab_0             conda-forge
2025-02-17T13:13:14.3324730Z   astropy-sphinx-theme           1.1                  pyhd8ed1ab_0             conda-forge
2025-02-17T13:13:14.3325250Z   asttokens                      2.4.1                pyhd8ed1ab_0             conda-forge
2025-02-17T13:13:14.3325930Z   async-lru                      2.0.4                pyhd8ed1ab_0             conda-forge
2025-02-17T13:13:14.3326460Z   atk-1.0                        2.38.0               hd03087b_2               conda-forge
2025-02-17T13:13:14.3327110Z   attrs                          23.2.0               pyh71513ae_0             conda-forge
2025-02-17T13:13:14.3327590Z   babel                          2.14.0               pyhd8ed1ab_0             conda-forge
2025-02-17T13:13:14.3328080Z   beautifulsoup4                 4.12.3               pyha770c72_0             conda-forge
2025-02-17T13:13:14.3328460Z   bleach                         6.1.0                pyhd8ed1ab_0             conda-forge
2025-02-17T13:13:14.3328880Z   blosc                          1.21.5               h9c252e8_1               conda-forge
2025-02-17T13:13:14.3329260Z   brotli                         1.1.0                hb547adb_1               conda-forge
2025-02-17T13:13:14.3329680Z   brotli-bin                     1.1.0                hb547adb_1               conda-forge
2025-02-17T13:13:14.3330850Z   brotli-python                  1.1.0                py312h9f69965_1          conda-forge
2025-02-17T13:13:14.3331750Z   bzip2                          1.0.8                h93a5062_5               conda-forge
2025-02-17T13:13:14.3332120Z   c-ares                         1.28.1               h93a5062_0               conda-forge
2025-02-17T13:13:14.3332550Z   c-blosc2                       2.14.4               ha57e6be_1               conda-forge
2025-02-17T13:13:14.3332950Z   ca-certificates                2024.6.2             hf0a4a13_0               conda-forge
2025-02-17T13:13:14.3333430Z   cached-property                1.5.2                hd8ed1ab_1               conda-forge
2025-02-17T13:13:14.3333850Z   cached_property                1.5.2                pyha770c72_1             conda-forge
2025-02-17T13:13:14.3334300Z   cairo                          1.18.0               hd1e100b_0               conda-forge
2025-02-17T13:13:14.3334670Z   certifi                        2024.6.2             pyhd8ed1ab_0             conda-forge
2025-02-17T13:13:14.3335110Z   cffi                           1.16.0               py312h8e38eb3_0          conda-forge
2025-02-17T13:13:14.3335730Z   charset-normalizer             3.3.2                pyhd8ed1ab_0             conda-forge
2025-02-17T13:13:14.3336380Z   click                          8.1.7                unix_pyh707e725_0        conda-forge
2025-02-17T13:13:14.3336870Z   codespell                      2.3.0                pyhd8ed1ab_0             conda-forge
2025-02-17T13:13:14.3337430Z   colorama                       0.4.6                pyhd8ed1ab_0             conda-forge
2025-02-17T13:13:14.3337860Z   comm                           0.2.2                pyhd8ed1ab_0             conda-forge
2025-02-17T13:13:14.3338410Z   commonmark                     0.9.1                py_0                     conda-forge
2025-02-17T13:13:14.3338960Z   contourpy                      1.2.1                py312h0fef576_0          conda-forge
2025-02-17T13:13:14.3339520Z   coverage                       7.5.3                py312h7e5086c_0          conda-forge
2025-02-17T13:13:14.3339930Z   cycler                         0.12.1               pyhd8ed1ab_0             conda-forge
2025-02-17T13:13:14.3340420Z   dataclasses                    0.8                  pyhc8e2a94_3             conda-forge
2025-02-17T13:13:14.3340840Z   debugpy                        1.8.1                py312h20a0b95_0          conda-forge
2025-02-17T13:13:14.3341400Z   decorator                      5.1.1                pyhd8ed1ab_0             conda-forge
2025-02-17T13:13:14.3342290Z   defusedxml                     0.7.1                pyhd8ed1ab_0             conda-forge
2025-02-17T13:13:14.3343530Z   docutils                       0.20.1               py312h81bd7bf_3          conda-forge
2025-02-17T13:13:14.3344040Z   dot2tex                        2.11.3               pyhd8ed1ab_0             conda-forge
2025-02-17T13:13:14.3344470Z   entrypoints                    0.4                  pyhd8ed1ab_0             conda-forge
2025-02-17T13:13:14.3345030Z   exceptiongroup                 1.2.0                pyhd8ed1ab_2             conda-forge
2025-02-17T13:13:14.3345520Z   executing                      2.0.1                pyhd8ed1ab_0             conda-forge
2025-02-17T13:13:14.3346040Z   expat                          2.6.2                hebf3989_0               conda-forge
2025-02-17T13:13:14.3346720Z   font-ttf-dejavu-sans-mono      2.37                 hab24e00_0               conda-forge
2025-02-17T13:13:14.3347260Z   font-ttf-inconsolata           3.000                h77eed37_0               conda-forge
2025-02-17T13:13:14.3347830Z   font-ttf-source-code-pro       2.038                h77eed37_0               conda-forge
2025-02-17T13:13:14.3348300Z   font-ttf-ubuntu                0.83                 h77eed37_2               conda-forge
2025-02-17T13:13:14.3348870Z   fontconfig                     2.14.2               h82840c6_0               conda-forge
2025-02-17T13:13:14.3349260Z   fonts-conda-ecosystem          1                    0                        conda-forge
2025-02-17T13:13:14.3349760Z   fonts-conda-forge              1                    0                        conda-forge
2025-02-17T13:13:14.3350380Z   fonttools                      4.53.0               py312h7e5086c_0          conda-forge
2025-02-17T13:13:14.3350980Z   fqdn                           1.5.1                pyhd8ed1ab_0             conda-forge
2025-02-17T13:13:14.3384690Z   freetype                       2.12.1               hadb7bae_2               conda-forge
2025-02-17T13:13:14.3385120Z   fribidi                        1.0.10               h27ca646_0               conda-forge
2025-02-17T13:13:14.3385610Z   future                         1.0.0                pyhd8ed1ab_0             conda-forge
2025-02-17T13:13:14.3386080Z   gdk-pixbuf                     2.42.12              h7ddc832_0               conda-forge
2025-02-17T13:13:14.3386470Z   gettext                        0.22.5               h8fbad5d_2               conda-forge
2025-02-17T13:13:14.3386940Z   gettext-tools                  0.22.5               h8fbad5d_2               conda-forge
2025-02-17T13:13:14.3387330Z   giflib                         5.2.2                h93a5062_0               conda-forge
2025-02-17T13:13:14.3387680Z   git-lfs                        3.5.1                hce30654_0               conda-forge
2025-02-17T13:13:14.3388060Z   gmp                            6.3.0                hebf3989_1               conda-forge
2025-02-17T13:13:14.3388470Z   gmpy2                          2.1.5                py312hfa9fade_1          conda-forge
2025-02-17T13:13:14.3388800Z   graphite2                      1.3.13               hebf3989_1003            conda-forge
2025-02-17T13:13:14.3389120Z   graphviz                       11.0.0               h9bb9bc9_0               conda-forge
2025-02-17T13:13:14.3389460Z   gtk2                           2.24.33              h7895bb2_4               conda-forge
2025-02-17T13:13:14.3390230Z   gts                            0.7.6                he42f4ea_4               conda-forge
2025-02-17T13:13:14.3390570Z   h11                            0.14.0               pyhd8ed1ab_0             conda-forge
2025-02-17T13:13:14.3390850Z   h2                             4.1.0                pyhd8ed1ab_0             conda-forge
2025-02-17T13:13:14.3391140Z   h5py                           3.11.0               nompi_py312h903599c_102  conda-forge
2025-02-17T13:13:14.3391430Z   harfbuzz                       8.5.0                h1836168_0               conda-forge
2025-02-17T13:13:14.3391720Z   hdf5                           1.14.3               nompi_hec07895_105       conda-forge
2025-02-17T13:13:14.3392520Z   hpack                          4.0.0                pyh9f0ad1d_0             conda-forge
2025-02-17T13:13:14.3392910Z   httpcore                       1.0.5                pyhd8ed1ab_0             conda-forge
2025-02-17T13:13:14.3393210Z   httpx                          0.27.0               pyhd8ed1ab_0             conda-forge
2025-02-17T13:13:14.3393510Z   hyperframe                     6.0.1                pyhd8ed1ab_0             conda-forge
2025-02-17T13:13:14.3393870Z   icu                            73.2                 hc8870d7_0               conda-forge
2025-02-17T13:13:14.3394310Z   idna                           3.7                  pyhd8ed1ab_0             conda-forge
2025-02-17T13:13:14.3394820Z   imagesize                      1.4.1                pyhd8ed1ab_0             conda-forge
2025-02-17T13:13:14.3395220Z   importlib-metadata             7.1.0                pyha770c72_0             conda-forge
2025-02-17T13:13:14.3395650Z   importlib_metadata             7.1.0                hd8ed1ab_0               conda-forge
2025-02-17T13:13:14.3396000Z   importlib_resources            6.4.0                pyhd8ed1ab_0             conda-forge
2025-02-17T13:13:14.3396420Z   iniconfig                      2.0.0                pyhd8ed1ab_0             conda-forge
2025-02-17T13:13:14.3396720Z   ipykernel                      6.29.4               pyh57ce528_0             conda-forge
2025-02-17T13:13:14.3397030Z   ipython                        8.25.0               pyh707e725_0             conda-forge
2025-02-17T13:13:14.3397790Z   ipython_genutils               0.2.0                pyhd8ed1ab_1             conda-forge
2025-02-17T13:13:14.3398130Z   ipywidgets                     7.8.0                pyhd8ed1ab_0             conda-forge
2025-02-17T13:13:14.3398540Z   isoduration                    20.11.0              pyhd8ed1ab_0             conda-forge
2025-02-17T13:13:14.3398950Z   jedi                           0.19.1               pyhd8ed1ab_0             conda-forge
2025-02-17T13:13:14.3399340Z   jinja2                         3.1.4                pyhd8ed1ab_0             conda-forge
2025-02-17T13:13:14.3399740Z   json5                          0.9.25               pyhd8ed1ab_0             conda-forge
2025-02-17T13:13:14.3400130Z   jsonpointer                    3.0.0                py312h81bd7bf_0          conda-forge
2025-02-17T13:13:14.3400560Z   jsonschema                     4.22.0               pyhd8ed1ab_0             conda-forge
2025-02-17T13:13:14.3401000Z   jsonschema-specifications      2023.12.1            pyhd8ed1ab_0             conda-forge
2025-02-17T13:13:14.3401580Z   jsonschema-with-format-nongpl  4.22.0               pyhd8ed1ab_0             conda-forge
2025-02-17T13:13:14.3402050Z   jupyter-lsp                    2.2.5                pyhd8ed1ab_0             conda-forge
2025-02-17T13:13:14.3402480Z   jupyter_client                 8.6.2                pyhd8ed1ab_0             conda-forge
2025-02-17T13:13:14.3402890Z   jupyter_core                   5.7.2                py312h81bd7bf_0          conda-forge
2025-02-17T13:13:14.3405360Z   jupyter_events                 0.10.0               pyhd8ed1ab_0             conda-forge
2025-02-17T13:13:14.3405950Z   jupyter_server                 2.14.1               pyhd8ed1ab_0             conda-forge
2025-02-17T13:13:14.3406430Z   jupyter_server_terminals       0.5.3                pyhd8ed1ab_0             conda-forge
2025-02-17T13:13:14.3406880Z   jupyterlab                     4.2.2                pyhd8ed1ab_0             conda-forge
2025-02-17T13:13:14.3407350Z   jupyterlab_pygments            0.3.0                pyhd8ed1ab_1             conda-forge
2025-02-17T13:13:14.3407890Z   jupyterlab_server              2.27.2               pyhd8ed1ab_0             conda-forge
2025-02-17T13:13:14.3408390Z   jupyterlab_widgets             1.1.7                pyhd8ed1ab_0             conda-forge
2025-02-17T13:13:14.3408790Z   kiwisolver                     1.4.5                py312h389731b_1          conda-forge
2025-02-17T13:13:14.3409550Z   krb5                           1.21.2               h92f50d5_0               conda-forge
2025-02-17T13:13:14.3409920Z   latexcodec                     2.0.1                pyh9f0ad1d_0             conda-forge
2025-02-17T13:13:14.3410380Z   lcms2                          2.16                 ha0e7c42_0               conda-forge
2025-02-17T13:13:14.3410740Z   lerc                           4.0.0                h9a09cb3_0               conda-forge
2025-02-17T13:13:14.3411230Z   libaec                         1.1.3                hebf3989_0               conda-forge
2025-02-17T13:13:14.3411770Z   libasprintf                    0.22.5               h8fbad5d_2               conda-forge
2025-02-17T13:13:14.3412180Z   libasprintf-devel              0.22.5               h8fbad5d_2               conda-forge
2025-02-17T13:13:14.3412680Z   libblas                        3.9.0                22_osxarm64_openblas     conda-forge
2025-02-17T13:13:14.3413090Z   libbrotlicommon                1.1.0                hb547adb_1               conda-forge
2025-02-17T13:13:14.3413540Z   libbrotlidec                   1.1.0                hb547adb_1               conda-forge
2025-02-17T13:13:14.3413990Z   libbrotlienc                   1.1.0                hb547adb_1               conda-forge
2025-02-17T13:13:14.3414380Z   libcblas                       3.9.0                22_osxarm64_openblas     conda-forge
2025-02-17T13:13:14.3414820Z   libcurl                        8.8.0                h7b6f9a7_0               conda-forge
2025-02-17T13:13:14.3415430Z   libcxx                         17.0.6               h5f092b4_0               conda-forge
2025-02-17T13:13:14.3415900Z   libdeflate                     1.20                 h93a5062_0               conda-forge
2025-02-17T13:13:14.3416910Z   libedit                        3.1.20191231         hc8eb9b7_2               conda-forge
2025-02-17T13:13:14.3417740Z   libev                          4.33                 h93a5062_2               conda-forge
2025-02-17T13:13:14.3418740Z   libexpat                       2.6.2                hebf3989_0               conda-forge
2025-02-17T13:13:14.3419580Z   libffi                         3.4.2                h3422bc3_5               conda-forge
2025-02-17T13:13:14.3420560Z   libgd                          2.3.3                hfdf3952_9               conda-forge
2025-02-17T13:13:14.3421420Z   libgettextpo                   0.22.5               h8fbad5d_2               conda-forge
2025-02-17T13:13:14.3422940Z   libgettextpo-devel             0.22.5               h8fbad5d_2               conda-forge
2025-02-17T13:13:14.3423390Z   libgfortran                    5.0.0                13_2_0_hd922786_3        conda-forge
2025-02-17T13:13:14.3423760Z   libgfortran5                   13.2.0               hf226fd6_3               conda-forge
2025-02-17T13:13:14.3424130Z   libglib                        2.80.2               h59d46d9_1               conda-forge
2025-02-17T13:13:14.3424520Z   libiconv                       1.17                 h0d3ecfb_2               conda-forge
2025-02-17T13:13:14.3424930Z   libintl                        0.22.5               h8fbad5d_2               conda-forge
2025-02-17T13:13:14.3425300Z   libintl-devel                  0.22.5               h8fbad5d_2               conda-forge
2025-02-17T13:13:14.3425720Z   libjpeg-turbo                  3.0.0                hb547adb_1               conda-forge
2025-02-17T13:13:14.3426090Z   liblapack                      3.9.0                22_osxarm64_openblas     conda-forge
2025-02-17T13:13:14.3426500Z   libllvm14                      14.0.6               hd1a9a77_4               conda-forge
2025-02-17T13:13:14.3426870Z   libnghttp2                     1.58.0               ha4dd798_1               conda-forge
2025-02-17T13:13:14.3427310Z   libopenblas                    0.3.27               openmp_h6c19121_0        conda-forge
2025-02-17T13:13:14.3427660Z   libpng                         1.6.43               h091b4b1_0               conda-forge
2025-02-17T13:13:14.3428100Z   librsvg                        2.58.1               hbc281fb_0               conda-forge
2025-02-17T13:13:14.3429490Z   libsodium                      1.0.18               h27ca646_1               conda-forge
2025-02-17T13:13:14.3429900Z   libsqlite                      3.46.0               hfb93653_0               conda-forge
2025-02-17T13:13:14.3430290Z   libssh2                        1.11.0               h7a5bd25_0               conda-forge
2025-02-17T13:13:14.3430640Z   libtiff                        4.6.0                h07db509_3               conda-forge
2025-02-17T13:13:14.3431040Z   libwebp                        1.4.0                h54798ee_0               conda-forge
2025-02-17T13:13:14.3431390Z   libwebp-base                   1.4.0                h93a5062_0               conda-forge
2025-02-17T13:13:14.3431790Z   libxcb                         1.16                 hf2054a2_0               conda-forge
2025-02-17T13:13:14.3432130Z   libxml2                        2.12.7               ha661575_1               conda-forge
2025-02-17T13:13:14.3432540Z   libxslt                        1.1.39               h223e5b9_0               conda-forge
2025-02-17T13:13:14.3432890Z   libzlib                        1.3.1                hfb2fe0b_1               conda-forge
2025-02-17T13:13:14.3433320Z   llvm-openmp                    18.1.7               hde57baf_0               conda-forge
2025-02-17T13:13:14.3433680Z   llvmlite                       0.42.0               py312h17030e7_1          conda-forge
2025-02-17T13:13:14.3434390Z   lxml                           5.2.2                py312h0e5ab22_0          conda-forge
2025-02-17T13:13:14.3434780Z   lz4-c                          1.9.4                hb7217d7_0               conda-forge
2025-02-17T13:13:14.3435090Z   markupsafe                     2.1.5                py312he37b823_0          conda-forge
2025-02-17T13:13:14.3435520Z   matplotlib-base                3.8.4                py312h4479663_2          conda-forge
2025-02-17T13:13:14.3435910Z   matplotlib-inline              0.1.7                pyhd8ed1ab_0             conda-forge
2025-02-17T13:13:14.3436350Z   mistune                        3.0.2                pyhd8ed1ab_0             conda-forge
2025-02-17T13:13:14.3436720Z   mpc                            1.3.1                h91ba8db_0               conda-forge
2025-02-17T13:13:14.3437120Z   mpfr                           4.2.1                h41d338b_1               conda-forge
2025-02-17T13:13:14.3437500Z   mpmath                         1.3.0                pyhd8ed1ab_0             conda-forge
2025-02-17T13:13:14.3437960Z   munkres                        1.1.4                pyh9f0ad1d_0             conda-forge
2025-02-17T13:13:14.3438360Z   mypy_extensions                1.0.0                pyha770c72_0             conda-forge
2025-02-17T13:13:14.3438770Z   nbclassic                      1.1.0                pyhd8ed1ab_0             conda-forge
2025-02-17T13:13:14.3439230Z   nbclient                       0.10.0               pyhd8ed1ab_0             conda-forge
2025-02-17T13:13:14.3439620Z   nbconvert                      7.16.4               hd8ed1ab_1               conda-forge
2025-02-17T13:13:14.3439950Z   nbconvert-core                 7.16.4               pyhd8ed1ab_1             conda-forge
2025-02-17T13:13:14.3440360Z   nbconvert-pandoc               7.16.4               hd8ed1ab_1               conda-forge
2025-02-17T13:13:14.3440740Z   nbformat                       5.10.4               pyhd8ed1ab_0             conda-forge
2025-02-17T13:13:14.3441090Z   nbsphinx                       0.9.4                pyhd8ed1ab_0             conda-forge
2025-02-17T13:13:14.3441520Z   ncurses                        6.5                  hb89a1cb_0               conda-forge
2025-02-17T13:13:14.3442000Z   nest-asyncio                   1.6.0                pyhd8ed1ab_0             conda-forge
2025-02-17T13:13:14.3442400Z   networkx                       3.3                  pyhd8ed1ab_1             conda-forge
2025-02-17T13:13:14.3442850Z   notebook                       7.2.1                pyhd8ed1ab_0             conda-forge
2025-02-17T13:13:14.3443640Z   notebook-shim                  0.2.4                pyhd8ed1ab_0             conda-forge
2025-02-17T13:13:14.3444000Z   numba                          0.59.1               py312hbaff935_0          conda-forge
2025-02-17T13:13:14.3444370Z   numexpr                        2.10.0               py312h8ae5369_0          conda-forge
2025-02-17T13:13:14.3444660Z   numpy                          1.26.4               py312h8442bc7_0          conda-forge
2025-02-17T13:13:14.3444960Z   numpydoc                       1.7.0                pyhd8ed1ab_1             conda-forge
2025-02-17T13:13:14.3445340Z   openjpeg                       2.5.2                h9f1df11_0               conda-forge
2025-02-17T13:13:14.3445640Z   openssl                        3.3.1                hfb2fe0b_0               conda-forge
2025-02-17T13:13:14.3445950Z   overrides                      7.7.0                pyhd8ed1ab_0             conda-forge
2025-02-17T13:13:14.3446270Z   packaging                      24.1                 pyhd8ed1ab_0             conda-forge
2025-02-17T13:13:14.3446570Z   pandas                         2.2.2                py312h8ae5369_1          conda-forge
2025-02-17T13:13:14.3446860Z   pandoc                         3.2                  hce30654_0               conda-forge
2025-02-17T13:13:14.3447170Z   pandocfilters                  1.5.0                pyhd8ed1ab_0             conda-forge
2025-02-17T13:13:14.3447610Z   pango                          1.54.0               h5cb9fbc_0               conda-forge
2025-02-17T13:13:14.3447900Z   parso                          0.8.4                pyhd8ed1ab_0             conda-forge
2025-02-17T13:13:14.3448210Z   pathspec                       0.12.1               pyhd8ed1ab_0             conda-forge
2025-02-17T13:13:14.3448510Z   pbr                            6.0.0                pyhd8ed1ab_0             conda-forge
2025-02-17T13:13:14.3448890Z   pcre2                          10.44                h297a79d_0               conda-forge
2025-02-17T13:13:14.3449190Z   pexpect                        4.9.0                pyhd8ed1ab_0             conda-forge
2025-02-17T13:13:14.3449500Z   pickleshare                    0.7.5                py_1003                  conda-forge
2025-02-17T13:13:14.3449810Z   pillow                         10.3.0               py312h39b1d8d_1          conda-forge
2025-02-17T13:13:14.3450100Z   pip                            24.0                 pyhd8ed1ab_0             conda-forge
2025-02-17T13:13:14.3450380Z   pixman                         0.43.4               hebf3989_0               conda-forge
2025-02-17T13:13:14.3450720Z   pkgutil-resolve-name           1.3.10               pyhd8ed1ab_1             conda-forge
2025-02-17T13:13:14.3451070Z   platformdirs                   4.2.2                pyhd8ed1ab_0             conda-forge
2025-02-17T13:13:14.3451520Z   plotly                         5.22.0               pyhd8ed1ab_0             conda-forge
2025-02-17T13:13:14.3451830Z   pluggy                         1.5.0                pyhd8ed1ab_0             conda-forge
2025-02-17T13:13:14.3452150Z   prometheus_client              0.20.0               pyhd8ed1ab_0             conda-forge
2025-02-17T13:13:14.3452500Z   prompt-toolkit                 3.0.47               pyha770c72_0             conda-forge
2025-02-17T13:13:14.3452820Z   psutil                         5.9.8                py312he37b823_0          conda-forge
2025-02-17T13:13:14.3453130Z   pthread-stubs                  0.4                  h27ca646_1001            conda-forge
2025-02-17T13:13:14.3453440Z   ptyprocess                     0.7.0                pyhd3deb0d_0             conda-forge
2025-02-17T13:13:14.3453750Z   pure_eval                      0.2.2                pyhd8ed1ab_0             conda-forge
2025-02-17T13:13:14.3454060Z   py-cpuinfo                     9.0.0                pyhd8ed1ab_0             conda-forge
2025-02-17T13:13:14.3454360Z   pybtex                         0.24.0               pyhd8ed1ab_2             conda-forge
2025-02-17T13:13:14.3454870Z   pybtex-docutils                1.0.3                py312h81bd7bf_1          conda-forge
2025-02-17T13:13:14.3455200Z   pycparser                      2.22                 pyhd8ed1ab_0             conda-forge
2025-02-17T13:13:14.3455510Z   pyerfa                         2.0.1.4              py312hbebd99a_1          conda-forge
2025-02-17T13:13:14.3455820Z   pygments                       2.18.0               pyhd8ed1ab_0             conda-forge
2025-02-17T13:13:14.3456130Z   pygraphviz                     1.13                 py312h5f4d302_1          conda-forge
2025-02-17T13:13:14.3456450Z   pyobjc-core                    10.3.1               py312hbb55c70_0          conda-forge
2025-02-17T13:13:14.3456800Z   pyobjc-framework-cocoa         10.3.1               py312hbb55c70_0          conda-forge
2025-02-17T13:13:14.3457150Z   pyparsing                      3.1.2                pyhd8ed1ab_0             conda-forge
2025-02-17T13:13:14.3457460Z   pysocks                        1.7.1                pyha2e5f31_6             conda-forge
2025-02-17T13:13:14.3457770Z   pytables                       3.9.2                py312hb622ae1_2          conda-forge
2025-02-17T13:13:14.3458070Z   pytest                         8.2.2                pyhd8ed1ab_0             conda-forge
2025-02-17T13:13:14.3458380Z   pytest-cov                     5.0.0                pyhd8ed1ab_0             conda-forge
2025-02-17T13:13:14.3459060Z   pytest-doctestplus             1.2.1                pyhd8ed1ab_0             conda-forge
2025-02-17T13:13:14.3459450Z   pytest-html                    4.1.1                pyhd8ed1ab_0             conda-forge
2025-02-17T13:13:14.3459790Z   pytest-metadata                3.1.1                pyhd8ed1ab_0             conda-forge
2025-02-17T13:13:14.3460110Z   python                         3.12.4               h30c5eda_0_cpython       conda-forge
2025-02-17T13:13:14.3460440Z   python-dateutil                2.9.0                pyhd8ed1ab_0             conda-forge
2025-02-17T13:13:14.3460810Z   python-fastjsonschema          2.20.0               pyhd8ed1ab_0             conda-forge
2025-02-17T13:13:14.3461180Z   python-json-logger             2.0.7                pyhd8ed1ab_0             conda-forge
2025-02-17T13:13:14.3461530Z   python-tzdata                  2024.1               pyhd8ed1ab_0             conda-forge
2025-02-17T13:13:14.3461840Z   python_abi                     3.12                 4_cp312                  conda-forge
2025-02-17T13:13:14.3462160Z   pytz                           2024.1               pyhd8ed1ab_0             conda-forge
2025-02-17T13:13:14.3462450Z   pyyaml                         6.0.1                py312h02f2b3b_1          conda-forge
2025-02-17T13:13:14.3462750Z   pyzmq                          26.0.3               py312hfa13136_0          conda-forge
2025-02-17T13:13:14.3463040Z   qgrid                          1.3.1                pyhd8ed1ab_4             conda-forge
2025-02-17T13:13:14.3463450Z   radioactivedecay               0.5.1                pyhd8ed1ab_0             conda-forge
2025-02-17T13:13:14.3463770Z   readline                       8.2                  h92ec313_1               conda-forge
2025-02-17T13:13:14.3464090Z   recommonmark                   0.7.1                pyhd8ed1ab_0             conda-forge
2025-02-17T13:13:14.3464410Z   referencing                    0.35.1               pyhd8ed1ab_0             conda-forge
2025-02-17T13:13:14.3464720Z   requests                       2.32.3               pyhd8ed1ab_0             conda-forge
2025-02-17T13:13:14.3465050Z   rfc3339-validator              0.1.4                pyhd8ed1ab_0             conda-forge
2025-02-17T13:13:14.3465400Z   rfc3986-validator              0.1.1                pyh9f0ad1d_0             conda-forge
2025-02-17T13:13:14.3465720Z   rpds-py                        0.18.1               py312h552d48e_0          conda-forge
2025-02-17T13:13:14.3466010Z   ruff                           0.4.9                py312h3402d49_0          conda-forge
2025-02-17T13:13:14.3466500Z   scipy                          1.13.1               py312h14ffa8f_0          conda-forge
2025-02-17T13:13:14.3466810Z   send2trash                     1.8.3                pyh31c8845_0             conda-forge
2025-02-17T13:13:14.3467120Z   setuptools                     70.0.0               pyhd8ed1ab_0             conda-forge
2025-02-17T13:13:14.3467450Z   setuptools-scm                 8.1.0                pyhd8ed1ab_0             conda-forge
2025-02-17T13:13:14.3467780Z   setuptools_scm                 8.1.0                hd8ed1ab_0               conda-forge
2025-02-17T13:13:14.3468090Z   six                            1.16.0               pyh6c4a22f_0             conda-forge
2025-02-17T13:13:14.3468390Z   snakeviz                       2.2.0                pyhd8ed1ab_0             conda-forge
2025-02-17T13:13:14.3468690Z   snappy                         1.2.0                hd04f947_1               conda-forge
2025-02-17T13:13:14.3468990Z   sniffio                        1.3.1                pyhd8ed1ab_0             conda-forge
2025-02-17T13:13:14.3469320Z   snowballstemmer                2.2.0                pyhd8ed1ab_0             conda-forge
2025-02-17T13:13:14.3469640Z   soupsieve                      2.5                  pyhd8ed1ab_1             conda-forge
2025-02-17T13:13:14.3469990Z   sphinx                         7.3.7                pyhd8ed1ab_0             conda-forge
2025-02-17T13:13:14.3470430Z   sphinx-astropy                 1.9.1                pyhd8ed1ab_0             conda-forge
2025-02-17T13:13:14.3470780Z   sphinx-automodapi              0.17.0               pyh717bed2_1             conda-forge
2025-02-17T13:13:14.3471130Z   sphinx-gallery                 0.16.0               pyhd8ed1ab_0             conda-forge
2025-02-17T13:13:14.3471470Z   sphinx-jsonschema              1.19.1               pyhd8ed1ab_0             conda-forge
2025-02-17T13:13:14.3471820Z   sphinx_bootstrap_theme         0.8.1                pyhd8ed1ab_0             conda-forge
2025-02-17T13:13:14.3472180Z   sphinx_rtd_theme               2.0.0                pyha770c72_0             conda-forge
2025-02-17T13:13:14.3472530Z   sphinxcontrib-apidoc           0.3.0                py_1                     conda-forge
2025-02-17T13:13:14.3472910Z   sphinxcontrib-applehelp        1.0.8                pyhd8ed1ab_0             conda-forge
2025-02-17T13:13:14.3473290Z   sphinxcontrib-bibtex           2.6.2                pyhd8ed1ab_0             conda-forge
2025-02-17T13:13:14.3473660Z   sphinxcontrib-devhelp          1.0.6                pyhd8ed1ab_0             conda-forge
2025-02-17T13:13:14.3474040Z   sphinxcontrib-htmlhelp         2.0.5                pyhd8ed1ab_0             conda-forge
2025-02-17T13:13:14.3474410Z   sphinxcontrib-jquery           4.1                  pyhd8ed1ab_0             conda-forge
2025-02-17T13:13:14.3474770Z   sphinxcontrib-jsmath           1.0.1                pyhd8ed1ab_0             conda-forge
2025-02-17T13:13:14.3475130Z   sphinxcontrib-qthelp           1.0.7                pyhd8ed1ab_0             conda-forge
2025-02-17T13:13:14.3475530Z   sphinxcontrib-serializinghtml  1.1.10               pyhd8ed1ab_0             conda-forge
2025-02-17T13:13:14.3475900Z   stack_data                     0.6.2                pyhd8ed1ab_0             conda-forge
2025-02-17T13:13:14.3476200Z   sympy                          1.12.1               pypyh2585a3b_103         conda-forge
2025-02-17T13:13:14.3476500Z   tabulate                       0.9.0                pyhd8ed1ab_1             conda-forge
2025-02-17T13:13:14.3476800Z   tenacity                       8.4.1                pyhd8ed1ab_0             conda-forge
2025-02-17T13:13:14.3477100Z   terminado                      0.18.1               pyh31c8845_0             conda-forge
2025-02-17T13:13:14.3477410Z   tinycss2                       1.3.0                pyhd8ed1ab_0             conda-forge
2025-02-17T13:13:14.3477710Z   tk                             8.6.13               h5083fa2_1               conda-forge
2025-02-17T13:13:14.3478130Z   toml                           0.10.2               pyhd8ed1ab_0             conda-forge
2025-02-17T13:13:14.3478420Z   tomli                          2.0.1                pyhd8ed1ab_0             conda-forge
2025-02-17T13:13:14.3478730Z   tornado                        6.4.1                py312h7e5086c_0          conda-forge
2025-02-17T13:13:14.3479020Z   tqdm                           4.66.4               pyhd8ed1ab_0             conda-forge
2025-02-17T13:13:14.3479330Z   traitlets                      5.14.3               pyhd8ed1ab_0             conda-forge
2025-02-17T13:13:14.3479650Z   typed-ast                      1.5.5                py312h02f2b3b_1          conda-forge
2025-02-17T13:13:14.3480010Z   types-python-dateutil          2.9.0.20240316       pyhd8ed1ab_0             conda-forge
2025-02-17T13:13:14.3480400Z   typing-extensions              4.12.2               hd8ed1ab_0               conda-forge
2025-02-17T13:13:14.3480760Z   typing_extensions              4.12.2               pyha770c72_0             conda-forge
2025-02-17T13:13:14.3481100Z   typing_utils                   0.1.0                pyhd8ed1ab_0             conda-forge
2025-02-17T13:13:14.3481410Z   tzdata                         2024a                h0c530f3_0               conda-forge
2025-02-17T13:13:14.3481730Z   uri-template                   1.3.0                pyhd8ed1ab_0             conda-forge
2025-02-17T13:13:14.3482050Z   urllib3                        2.2.2                pyhd8ed1ab_0             conda-forge
2025-02-17T13:13:14.3482500Z   wcwidth                        0.2.13               pyhd8ed1ab_0             conda-forge
2025-02-17T13:13:14.3482820Z   webcolors                      24.6.0               pyhd8ed1ab_0             conda-forge
2025-02-17T13:13:14.3483150Z   webencodings                   0.5.1                pyhd8ed1ab_2             conda-forge
2025-02-17T13:13:14.3483550Z   websocket-client               1.8.0                pyhd8ed1ab_0             conda-forge
2025-02-17T13:13:14.3484400Z   wheel                          0.43.0               pyhd8ed1ab_1             conda-forge
2025-02-17T13:13:14.3485100Z   widgetsnbextension             3.6.6                pyhd8ed1ab_0             conda-forge
2025-02-17T13:13:14.3485600Z   xorg-libxau                    1.0.11               hb547adb_0               conda-forge
2025-02-17T13:13:14.3486020Z   xorg-libxdmcp                  1.1.3                h27ca646_0               conda-forge
2025-02-17T13:13:14.3486600Z   xz                             5.2.6                h57fd34a_0               conda-forge
2025-02-17T13:13:14.3495780Z   yaml                           0.2.5                h3422bc3_2               conda-forge
2025-02-17T13:13:14.3496080Z   zeromq                         4.3.5                hcc0f68c_4               conda-forge
2025-02-17T13:13:14.3496370Z   zipp                           3.19.2               pyhd8ed1ab_0             conda-forge
2025-02-17T13:13:14.3496660Z   zlib                           1.3.1                hfb2fe0b_1               conda-forge
2025-02-17T13:13:14.3496950Z   zlib-ng                        2.0.7                h1a8c8d9_0               conda-forge
2025-02-17T13:13:14.3497240Z   zstd                           1.5.6                hb46c0d2_0               conda-forge
2025-02-17T13:13:14.3497700Z ##[endgroup]
2025-02-17T13:13:14.3591020Z ##[group]Run pip install -e . --user
2025-02-17T13:13:14.3591440Z [36;1mpip install -e . --user[0m
2025-02-17T13:13:14.3898940Z shell: /bin/bash -l {0}
2025-02-17T13:13:14.3899140Z env:
2025-02-17T13:13:14.3899280Z   CACHE_NUMBER: 0
2025-02-17T13:13:14.3899790Z   PYTEST_FLAGS: --tardis-regression-data=/Users/runner/work/tardis/tardis/tardis-regression-data --cov=tardis --cov-report=xml --cov-report=html --cov-append
2025-02-17T13:13:14.3900310Z   CODECOV_TOKEN: 
2025-02-17T13:13:14.3900490Z   MAMBA_ROOT_PREFIX: /Users/runner/micromamba
2025-02-17T13:13:14.3900750Z   MAMBA_EXE: /Users/runner/micromamba-bin/micromamba
2025-02-17T13:13:14.3901440Z   CONDARC: /Users/runner/work/_temp/setup-micromamba/.condarc
2025-02-17T13:13:14.3901690Z ##[endgroup]
2025-02-17T13:13:15.6056690Z Obtaining file:///Users/runner/work/tardis/tardis
2025-02-17T13:13:15.6091350Z   Installing build dependencies: started
2025-02-17T13:13:18.3802960Z   Installing build dependencies: finished with status 'done'
2025-02-17T13:13:18.3812050Z   Checking if build backend supports build_editable: started
2025-02-17T13:13:18.4990820Z   Checking if build backend supports build_editable: finished with status 'done'
2025-02-17T13:13:18.5002160Z   Getting requirements to build editable: started
2025-02-17T13:13:18.9352030Z   Getting requirements to build editable: finished with status 'done'
2025-02-17T13:13:18.9356690Z   Preparing editable metadata (pyproject.toml): started
2025-02-17T13:13:19.2964760Z   Preparing editable metadata (pyproject.toml): finished with status 'done'
2025-02-17T13:13:19.3396450Z Requirement already satisfied: astropy in /Users/runner/micromamba/envs/tardis/lib/python3.12/site-packages (from tardis==0.0.0) (6.1.1)
2025-02-17T13:13:19.3668780Z Requirement already satisfied: numpy>=1.23 in /Users/runner/micromamba/envs/tardis/lib/python3.12/site-packages (from astropy->tardis==0.0.0) (1.26.4)
2025-02-17T13:13:19.3675480Z Requirement already satisfied: pyerfa>=2.0.1.1 in /Users/runner/micromamba/envs/tardis/lib/python3.12/site-packages (from astropy->tardis==0.0.0) (2.0.1.4)
2025-02-17T13:13:19.3682280Z Requirement already satisfied: astropy-iers-data>=0.2024.5.27.0.30.8 in /Users/runner/micromamba/envs/tardis/lib/python3.12/site-packages (from astropy->tardis==0.0.0) (0.2024.6.17.0.31.35)
2025-02-17T13:13:19.3687360Z Requirement already satisfied: PyYAML>=3.13 in /Users/runner/micromamba/envs/tardis/lib/python3.12/site-packages (from astropy->tardis==0.0.0) (6.0.1)
2025-02-17T13:13:19.3693460Z Requirement already satisfied: packaging>=19.0 in /Users/runner/micromamba/envs/tardis/lib/python3.12/site-packages (from astropy->tardis==0.0.0) (24.1)
2025-02-17T13:13:19.3750650Z Building wheels for collected packages: tardis
2025-02-17T13:13:19.3758120Z   Building editable for tardis (pyproject.toml): started
2025-02-17T13:13:19.9579890Z   Building editable for tardis (pyproject.toml): finished with status 'done'
2025-02-17T13:13:19.9588750Z   Created wheel for tardis: filename=tardis-0.0.0-0.editable-py3-none-any.whl size=8877 sha256=f08871c7d83470efcaabff6cd8b14f3ef96c052962d516165345544f3f7abc5d
2025-02-17T13:13:19.9591940Z   Stored in directory: /private/var/folders/2s/h6hvv9ps03xgz_krkkstvq_r0000gn/T/pip-ephem-wheel-cache-y43tr6zg/wheels/bb/4f/6a/0829b918c1c10bc28535ce7f14be21eee54375bdd9cd0c306a
2025-02-17T13:13:19.9614370Z Successfully built tardis
2025-02-17T13:13:20.4752310Z Installing collected packages: tardis
2025-02-17T13:13:20.4826860Z Successfully installed tardis-0.0.0
2025-02-17T13:13:20.7631450Z ##[group]Run pip install qgridnext
2025-02-17T13:13:20.7631960Z [36;1mpip install qgridnext[0m
2025-02-17T13:13:20.8666910Z shell: /bin/bash -l {0}
2025-02-17T13:13:20.8667230Z env:
2025-02-17T13:13:20.8667530Z   CACHE_NUMBER: 0
2025-02-17T13:13:20.8668130Z   PYTEST_FLAGS: --tardis-regression-data=/Users/runner/work/tardis/tardis/tardis-regression-data --cov=tardis --cov-report=xml --cov-report=html --cov-append
2025-02-17T13:13:20.8668830Z   CODECOV_TOKEN: 
2025-02-17T13:13:20.8669160Z   MAMBA_ROOT_PREFIX: /Users/runner/micromamba
2025-02-17T13:13:20.8669480Z   MAMBA_EXE: /Users/runner/micromamba-bin/micromamba
2025-02-17T13:13:20.8669900Z   CONDARC: /Users/runner/work/_temp/setup-micromamba/.condarc
2025-02-17T13:13:20.8670270Z ##[endgroup]
2025-02-17T13:13:21.3901700Z Collecting qgridnext
2025-02-17T13:13:21.4279130Z   Downloading qgridnext-2.0.4-py3-none-any.whl.metadata (9.9 kB)
2025-02-17T13:13:21.4540800Z Requirement already satisfied: pandas>=0.20.0 in /Users/runner/micromamba/envs/tardis/lib/python3.12/site-packages (from qgridnext) (2.2.2)
2025-02-17T13:13:21.4553940Z Requirement already satisfied: ipywidgets>=7.0.0 in /Users/runner/micromamba/envs/tardis/lib/python3.12/site-packages (from qgridnext) (7.8.0)
2025-02-17T13:13:21.4560430Z Requirement already satisfied: numpy in /Users/runner/micromamba/envs/tardis/lib/python3.12/site-packages (from qgridnext) (1.26.4)
2025-02-17T13:13:21.4567470Z Requirement already satisfied: traitlets in /Users/runner/micromamba/envs/tardis/lib/python3.12/site-packages (from qgridnext) (5.14.3)
2025-02-17T13:13:21.4625170Z Requirement already satisfied: comm>=0.1.3 in /Users/runner/micromamba/envs/tardis/lib/python3.12/site-packages (from ipywidgets>=7.0.0->qgridnext) (0.2.2)
2025-02-17T13:13:21.4632550Z Requirement already satisfied: ipython-genutils~=0.2.0 in /Users/runner/micromamba/envs/tardis/lib/python3.12/site-packages (from ipywidgets>=7.0.0->qgridnext) (0.2.0)
2025-02-17T13:13:21.4641180Z Requirement already satisfied: widgetsnbextension~=3.6.5 in /Users/runner/micromamba/envs/tardis/lib/python3.12/site-packages (from ipywidgets>=7.0.0->qgridnext) (3.6.6)
2025-02-17T13:13:21.4652690Z Requirement already satisfied: ipython>=4.0.0 in /Users/runner/micromamba/envs/tardis/lib/python3.12/site-packages (from ipywidgets>=7.0.0->qgridnext) (8.25.0)
2025-02-17T13:13:21.4661450Z Requirement already satisfied: jupyterlab-widgets<3,>=1.0.0 in /Users/runner/micromamba/envs/tardis/lib/python3.12/site-packages (from ipywidgets>=7.0.0->qgridnext) (1.1.7)
2025-02-17T13:13:21.4972790Z Requirement already satisfied: python-dateutil>=2.8.2 in /Users/runner/micromamba/envs/tardis/lib/python3.12/site-packages (from pandas>=0.20.0->qgridnext) (2.9.0)
2025-02-17T13:13:21.4982170Z Requirement already satisfied: pytz>=2020.1 in /Users/runner/micromamba/envs/tardis/lib/python3.12/site-packages (from pandas>=0.20.0->qgridnext) (2024.1)
2025-02-17T13:13:21.4987350Z Requirement already satisfied: tzdata>=2022.7 in /Users/runner/micromamba/envs/tardis/lib/python3.12/site-packages (from pandas>=0.20.0->qgridnext) (2024.1)
2025-02-17T13:13:21.5211610Z Requirement already satisfied: decorator in /Users/runner/micromamba/envs/tardis/lib/python3.12/site-packages (from ipython>=4.0.0->ipywidgets>=7.0.0->qgridnext) (5.1.1)
2025-02-17T13:13:21.5222240Z Requirement already satisfied: jedi>=0.16 in /Users/runner/micromamba/envs/tardis/lib/python3.12/site-packages (from ipython>=4.0.0->ipywidgets>=7.0.0->qgridnext) (0.19.1)
2025-02-17T13:13:21.5238640Z Requirement already satisfied: matplotlib-inline in /Users/runner/micromamba/envs/tardis/lib/python3.12/site-packages (from ipython>=4.0.0->ipywidgets>=7.0.0->qgridnext) (0.1.7)
2025-02-17T13:13:21.5249380Z Requirement already satisfied: prompt-toolkit<3.1.0,>=3.0.41 in /Users/runner/micromamba/envs/tardis/lib/python3.12/site-packages (from ipython>=4.0.0->ipywidgets>=7.0.0->qgridnext) (3.0.47)
2025-02-17T13:13:21.5253900Z Requirement already satisfied: pygments>=2.4.0 in /Users/runner/micromamba/envs/tardis/lib/python3.12/site-packages (from ipython>=4.0.0->ipywidgets>=7.0.0->qgridnext) (2.18.0)
2025-02-17T13:13:21.5261110Z Requirement already satisfied: stack-data in /Users/runner/micromamba/envs/tardis/lib/python3.12/site-packages (from ipython>=4.0.0->ipywidgets>=7.0.0->qgridnext) (0.6.2)
2025-02-17T13:13:21.5274740Z Requirement already satisfied: pexpect>4.3 in /Users/runner/micromamba/envs/tardis/lib/python3.12/site-packages (from ipython>=4.0.0->ipywidgets>=7.0.0->qgridnext) (4.9.0)
2025-02-17T13:13:21.5305720Z Requirement already satisfied: six>=1.5 in /Users/runner/micromamba/envs/tardis/lib/python3.12/site-packages (from python-dateutil>=2.8.2->pandas>=0.20.0->qgridnext) (1.16.0)
2025-02-17T13:13:21.5345180Z Requirement already satisfied: notebook>=4.4.1 in /Users/runner/micromamba/envs/tardis/lib/python3.12/site-packages (from widgetsnbextension~=3.6.5->ipywidgets>=7.0.0->qgridnext) (7.2.1)
2025-02-17T13:13:21.5485450Z Requirement already satisfied: parso<0.9.0,>=0.8.3 in /Users/runner/micromamba/envs/tardis/lib/python3.12/site-packages (from jedi>=0.16->ipython>=4.0.0->ipywidgets>=7.0.0->qgridnext) (0.8.4)
2025-02-17T13:13:21.5581580Z Requirement already satisfied: jupyter-server<3,>=2.4.0 in /Users/runner/micromamba/envs/tardis/lib/python3.12/site-packages (from notebook>=4.4.1->widgetsnbextension~=3.6.5->ipywidgets>=7.0.0->qgridnext) (2.14.1)
2025-02-17T13:13:21.5590030Z Requirement already satisfied: jupyterlab-server<3,>=2.27.1 in /Users/runner/micromamba/envs/tardis/lib/python3.12/site-packages (from notebook>=4.4.1->widgetsnbextension~=3.6.5->ipywidgets>=7.0.0->qgridnext) (2.27.2)
2025-02-17T13:13:21.5600800Z Requirement already satisfied: jupyterlab<4.3,>=4.2.0 in /Users/runner/micromamba/envs/tardis/lib/python3.12/site-packages (from notebook>=4.4.1->widgetsnbextension~=3.6.5->ipywidgets>=7.0.0->qgridnext) (4.2.2)
2025-02-17T13:13:21.5607750Z Requirement already satisfied: notebook-shim<0.3,>=0.2 in /Users/runner/micromamba/envs/tardis/lib/python3.12/site-packages (from notebook>=4.4.1->widgetsnbextension~=3.6.5->ipywidgets>=7.0.0->qgridnext) (0.2.4)
2025-02-17T13:13:21.5613970Z Requirement already satisfied: tornado>=6.2.0 in /Users/runner/micromamba/envs/tardis/lib/python3.12/site-packages (from notebook>=4.4.1->widgetsnbextension~=3.6.5->ipywidgets>=7.0.0->qgridnext) (6.4.1)
2025-02-17T13:13:21.5640820Z Requirement already satisfied: ptyprocess>=0.5 in /Users/runner/micromamba/envs/tardis/lib/python3.12/site-packages (from pexpect>4.3->ipython>=4.0.0->ipywidgets>=7.0.0->qgridnext) (0.7.0)
2025-02-17T13:13:21.5659950Z Requirement already satisfied: wcwidth in /Users/runner/micromamba/envs/tardis/lib/python3.12/site-packages (from prompt-toolkit<3.1.0,>=3.0.41->ipython>=4.0.0->ipywidgets>=7.0.0->qgridnext) (0.2.13)
2025-02-17T13:13:21.5758090Z Requirement already satisfied: executing>=1.2.0 in /Users/runner/micromamba/envs/tardis/lib/python3.12/site-packages (from stack-data->ipython>=4.0.0->ipywidgets>=7.0.0->qgridnext) (2.0.1)
2025-02-17T13:13:21.5765340Z Requirement already satisfied: asttokens>=2.1.0 in /Users/runner/micromamba/envs/tardis/lib/python3.12/site-packages (from stack-data->ipython>=4.0.0->ipywidgets>=7.0.0->qgridnext) (2.4.1)
2025-02-17T13:13:21.5768910Z Requirement already satisfied: pure-eval in /Users/runner/micromamba/envs/tardis/lib/python3.12/site-packages (from stack-data->ipython>=4.0.0->ipywidgets>=7.0.0->qgridnext) (0.2.2)
2025-02-17T13:13:21.6011180Z Requirement already satisfied: anyio>=3.1.0 in /Users/runner/micromamba/envs/tardis/lib/python3.12/site-packages (from jupyter-server<3,>=2.4.0->notebook>=4.4.1->widgetsnbextension~=3.6.5->ipywidgets>=7.0.0->qgridnext) (4.4.0)
2025-02-17T13:13:21.6017890Z Requirement already satisfied: argon2-cffi>=21.1 in /Users/runner/micromamba/envs/tardis/lib/python3.12/site-packages (from jupyter-server<3,>=2.4.0->notebook>=4.4.1->widgetsnbextension~=3.6.5->ipywidgets>=7.0.0->qgridnext) (23.1.0)
2025-02-17T13:13:21.6025890Z Requirement already satisfied: jinja2>=3.0.3 in /Users/runner/micromamba/envs/tardis/lib/python3.12/site-packages (from jupyter-server<3,>=2.4.0->notebook>=4.4.1->widgetsnbextension~=3.6.5->ipywidgets>=7.0.0->qgridnext) (3.1.4)
2025-02-17T13:13:21.6032970Z Requirement already satisfied: jupyter-client>=7.4.4 in /Users/runner/micromamba/envs/tardis/lib/python3.12/site-packages (from jupyter-server<3,>=2.4.0->notebook>=4.4.1->widgetsnbextension~=3.6.5->ipywidgets>=7.0.0->qgridnext) (8.6.2)
2025-02-17T13:13:21.6040130Z Requirement already satisfied: jupyter-core!=5.0.*,>=4.12 in /Users/runner/micromamba/envs/tardis/lib/python3.12/site-packages (from jupyter-server<3,>=2.4.0->notebook>=4.4.1->widgetsnbextension~=3.6.5->ipywidgets>=7.0.0->qgridnext) (5.7.2)
2025-02-17T13:13:21.6048750Z Requirement already satisfied: jupyter-events>=0.9.0 in /Users/runner/micromamba/envs/tardis/lib/python3.12/site-packages (from jupyter-server<3,>=2.4.0->notebook>=4.4.1->widgetsnbextension~=3.6.5->ipywidgets>=7.0.0->qgridnext) (0.10.0)
2025-02-17T13:13:21.6056080Z Requirement already satisfied: jupyter-server-terminals>=0.4.4 in /Users/runner/micromamba/envs/tardis/lib/python3.12/site-packages (from jupyter-server<3,>=2.4.0->notebook>=4.4.1->widgetsnbextension~=3.6.5->ipywidgets>=7.0.0->qgridnext) (0.5.3)
2025-02-17T13:13:21.6068520Z Requirement already satisfied: nbconvert>=6.4.4 in /Users/runner/micromamba/envs/tardis/lib/python3.12/site-packages (from jupyter-server<3,>=2.4.0->notebook>=4.4.1->widgetsnbextension~=3.6.5->ipywidgets>=7.0.0->qgridnext) (7.16.4)
2025-02-17T13:13:21.6074400Z Requirement already satisfied: nbformat>=5.3.0 in /Users/runner/micromamba/envs/tardis/lib/python3.12/site-packages (from jupyter-server<3,>=2.4.0->notebook>=4.4.1->widgetsnbextension~=3.6.5->ipywidgets>=7.0.0->qgridnext) (5.10.4)
2025-02-17T13:13:21.6082260Z Requirement already satisfied: overrides>=5.0 in /Users/runner/micromamba/envs/tardis/lib/python3.12/site-packages (from jupyter-server<3,>=2.4.0->notebook>=4.4.1->widgetsnbextension~=3.6.5->ipywidgets>=7.0.0->qgridnext) (7.7.0)
2025-02-17T13:13:21.6088700Z Requirement already satisfied: packaging>=22.0 in /Users/runner/micromamba/envs/tardis/lib/python3.12/site-packages (from jupyter-server<3,>=2.4.0->notebook>=4.4.1->widgetsnbextension~=3.6.5->ipywidgets>=7.0.0->qgridnext) (24.1)
2025-02-17T13:13:21.6091710Z Requirement already satisfied: prometheus-client>=0.9 in /Users/runner/micromamba/envs/tardis/lib/python3.12/site-packages (from jupyter-server<3,>=2.4.0->notebook>=4.4.1->widgetsnbextension~=3.6.5->ipywidgets>=7.0.0->qgridnext) (0.20.0)
2025-02-17T13:13:21.6099690Z Requirement already satisfied: pyzmq>=24 in /Users/runner/micromamba/envs/tardis/lib/python3.12/site-packages (from jupyter-server<3,>=2.4.0->notebook>=4.4.1->widgetsnbextension~=3.6.5->ipywidgets>=7.0.0->qgridnext) (26.0.3)
2025-02-17T13:13:21.6104860Z Requirement already satisfied: send2trash>=1.8.2 in /Users/runner/micromamba/envs/tardis/lib/python3.12/site-packages (from jupyter-server<3,>=2.4.0->notebook>=4.4.1->widgetsnbextension~=3.6.5->ipywidgets>=7.0.0->qgridnext) (1.8.3)
2025-02-17T13:13:21.6114400Z Requirement already satisfied: terminado>=0.8.3 in /Users/runner/micromamba/envs/tardis/lib/python3.12/site-packages (from jupyter-server<3,>=2.4.0->notebook>=4.4.1->widgetsnbextension~=3.6.5->ipywidgets>=7.0.0->qgridnext) (0.18.1)
2025-02-17T13:13:21.6126270Z Requirement already satisfied: websocket-client>=1.7 in /Users/runner/micromamba/envs/tardis/lib/python3.12/site-packages (from jupyter-server<3,>=2.4.0->notebook>=4.4.1->widgetsnbextension~=3.6.5->ipywidgets>=7.0.0->qgridnext) (1.8.0)
2025-02-17T13:13:21.6341760Z Requirement already satisfied: async-lru>=1.0.0 in /Users/runner/micromamba/envs/tardis/lib/python3.12/site-packages (from jupyterlab<4.3,>=4.2.0->notebook>=4.4.1->widgetsnbextension~=3.6.5->ipywidgets>=7.0.0->qgridnext) (2.0.4)
2025-02-17T13:13:21.6349880Z Requirement already satisfied: httpx>=0.25.0 in /Users/runner/micromamba/envs/tardis/lib/python3.12/site-packages (from jupyterlab<4.3,>=4.2.0->notebook>=4.4.1->widgetsnbextension~=3.6.5->ipywidgets>=7.0.0->qgridnext) (0.27.0)
2025-02-17T13:13:21.6358930Z Requirement already satisfied: ipykernel>=6.5.0 in /Users/runner/micromamba/envs/tardis/lib/python3.12/site-packages (from jupyterlab<4.3,>=4.2.0->notebook>=4.4.1->widgetsnbextension~=3.6.5->ipywidgets>=7.0.0->qgridnext) (6.29.4)
2025-02-17T13:13:21.6368160Z Requirement already satisfied: jupyter-lsp>=2.0.0 in /Users/runner/micromamba/envs/tardis/lib/python3.12/site-packages (from jupyterlab<4.3,>=4.2.0->notebook>=4.4.1->widgetsnbextension~=3.6.5->ipywidgets>=7.0.0->qgridnext) (2.2.5)
2025-02-17T13:13:21.6386860Z Requirement already satisfied: setuptools>=40.1.0 in /Users/runner/micromamba/envs/tardis/lib/python3.12/site-packages (from jupyterlab<4.3,>=4.2.0->notebook>=4.4.1->widgetsnbextension~=3.6.5->ipywidgets>=7.0.0->qgridnext) (70.0.0)
2025-02-17T13:13:21.6514570Z Requirement already satisfied: babel>=2.10 in /Users/runner/micromamba/envs/tardis/lib/python3.12/site-packages (from jupyterlab-server<3,>=2.27.1->notebook>=4.4.1->widgetsnbextension~=3.6.5->ipywidgets>=7.0.0->qgridnext) (2.14.0)
2025-02-17T13:13:21.6534210Z Requirement already satisfied: json5>=0.9.0 in /Users/runner/micromamba/envs/tardis/lib/python3.12/site-packages (from jupyterlab-server<3,>=2.27.1->notebook>=4.4.1->widgetsnbextension~=3.6.5->ipywidgets>=7.0.0->qgridnext) (0.9.25)
2025-02-17T13:13:21.6540670Z Requirement already satisfied: jsonschema>=4.18.0 in /Users/runner/micromamba/envs/tardis/lib/python3.12/site-packages (from jupyterlab-server<3,>=2.27.1->notebook>=4.4.1->widgetsnbextension~=3.6.5->ipywidgets>=7.0.0->qgridnext) (4.22.0)
2025-02-17T13:13:21.6552140Z Requirement already satisfied: requests>=2.31 in /Users/runner/micromamba/envs/tardis/lib/python3.12/site-packages (from jupyterlab-server<3,>=2.27.1->notebook>=4.4.1->widgetsnbextension~=3.6.5->ipywidgets>=7.0.0->qgridnext) (2.32.3)
2025-02-17T13:13:21.6774310Z Requirement already satisfied: idna>=2.8 in /Users/runner/micromamba/envs/tardis/lib/python3.12/site-packages (from anyio>=3.1.0->jupyter-server<3,>=2.4.0->notebook>=4.4.1->widgetsnbextension~=3.6.5->ipywidgets>=7.0.0->qgridnext) (3.7)
2025-02-17T13:13:21.6780660Z Requirement already satisfied: sniffio>=1.1 in /Users/runner/micromamba/envs/tardis/lib/python3.12/site-packages (from anyio>=3.1.0->jupyter-server<3,>=2.4.0->notebook>=4.4.1->widgetsnbextension~=3.6.5->ipywidgets>=7.0.0->qgridnext) (1.3.1)
2025-02-17T13:13:21.6843300Z Requirement already satisfied: argon2-cffi-bindings in /Users/runner/micromamba/envs/tardis/lib/python3.12/site-packages (from argon2-cffi>=21.1->jupyter-server<3,>=2.4.0->notebook>=4.4.1->widgetsnbextension~=3.6.5->ipywidgets>=7.0.0->qgridnext) (21.2.0)
2025-02-17T13:13:21.6966200Z Requirement already satisfied: certifi in /Users/runner/micromamba/envs/tardis/lib/python3.12/site-packages (from httpx>=0.25.0->jupyterlab<4.3,>=4.2.0->notebook>=4.4.1->widgetsnbextension~=3.6.5->ipywidgets>=7.0.0->qgridnext) (2024.6.2)
2025-02-17T13:13:21.6974740Z Requirement already satisfied: httpcore==1.* in /Users/runner/micromamba/envs/tardis/lib/python3.12/site-packages (from httpx>=0.25.0->jupyterlab<4.3,>=4.2.0->notebook>=4.4.1->widgetsnbextension~=3.6.5->ipywidgets>=7.0.0->qgridnext) (1.0.5)
2025-02-17T13:13:21.7028510Z Requirement already satisfied: h11<0.15,>=0.13 in /Users/runner/micromamba/envs/tardis/lib/python3.12/site-packages (from httpcore==1.*->httpx>=0.25.0->jupyterlab<4.3,>=4.2.0->notebook>=4.4.1->widgetsnbextension~=3.6.5->ipywidgets>=7.0.0->qgridnext) (0.14.0)
2025-02-17T13:13:21.7153240Z Requirement already satisfied: appnope in /Users/runner/micromamba/envs/tardis/lib/python3.12/site-packages (from ipykernel>=6.5.0->jupyterlab<4.3,>=4.2.0->notebook>=4.4.1->widgetsnbextension~=3.6.5->ipywidgets>=7.0.0->qgridnext) (0.1.4)
2025-02-17T13:13:21.7160400Z Requirement already satisfied: debugpy>=1.6.5 in /Users/runner/micromamba/envs/tardis/lib/python3.12/site-packages (from ipykernel>=6.5.0->jupyterlab<4.3,>=4.2.0->notebook>=4.4.1->widgetsnbextension~=3.6.5->ipywidgets>=7.0.0->qgridnext) (1.8.1)
2025-02-17T13:13:21.7174190Z Requirement already satisfied: nest-asyncio in /Users/runner/micromamba/envs/tardis/lib/python3.12/site-packages (from ipykernel>=6.5.0->jupyterlab<4.3,>=4.2.0->notebook>=4.4.1->widgetsnbextension~=3.6.5->ipywidgets>=7.0.0->qgridnext) (1.6.0)
2025-02-17T13:13:21.7182490Z Requirement already satisfied: psutil in /Users/runner/micromamba/envs/tardis/lib/python3.12/site-packages (from ipykernel>=6.5.0->jupyterlab<4.3,>=4.2.0->notebook>=4.4.1->widgetsnbextension~=3.6.5->ipywidgets>=7.0.0->qgridnext) (5.9.8)
2025-02-17T13:13:21.7227300Z Requirement already satisfied: MarkupSafe>=2.0 in /Users/runner/micromamba/envs/tardis/lib/python3.12/site-packages (from jinja2>=3.0.3->jupyter-server<3,>=2.4.0->notebook>=4.4.1->widgetsnbextension~=3.6.5->ipywidgets>=7.0.0->qgridnext) (2.1.5)
2025-02-17T13:13:21.7389220Z Requirement already satisfied: attrs>=22.2.0 in /Users/runner/micromamba/envs/tardis/lib/python3.12/site-packages (from jsonschema>=4.18.0->jupyterlab-server<3,>=2.27.1->notebook>=4.4.1->widgetsnbextension~=3.6.5->ipywidgets>=7.0.0->qgridnext) (23.2.0)
2025-02-17T13:13:21.7396280Z Requirement already satisfied: jsonschema-specifications>=2023.03.6 in /Users/runner/micromamba/envs/tardis/lib/python3.12/site-packages (from jsonschema>=4.18.0->jupyterlab-server<3,>=2.27.1->notebook>=4.4.1->widgetsnbextension~=3.6.5->ipywidgets>=7.0.0->qgridnext) (2023.12.1)
2025-02-17T13:13:21.7427120Z Requirement already satisfied: referencing>=0.28.4 in /Users/runner/micromamba/envs/tardis/lib/python3.12/site-packages (from jsonschema>=4.18.0->jupyterlab-server<3,>=2.27.1->notebook>=4.4.1->widgetsnbextension~=3.6.5->ipywidgets>=7.0.0->qgridnext) (0.35.1)
2025-02-17T13:13:21.7433140Z Requirement already satisfied: rpds-py>=0.7.1 in /Users/runner/micromamba/envs/tardis/lib/python3.12/site-packages (from jsonschema>=4.18.0->jupyterlab-server<3,>=2.27.1->notebook>=4.4.1->widgetsnbextension~=3.6.5->ipywidgets>=7.0.0->qgridnext) (0.18.1)
2025-02-17T13:13:21.7605980Z Requirement already satisfied: platformdirs>=2.5 in /Users/runner/micromamba/envs/tardis/lib/python3.12/site-packages (from jupyter-core!=5.0.*,>=4.12->jupyter-server<3,>=2.4.0->notebook>=4.4.1->widgetsnbextension~=3.6.5->ipywidgets>=7.0.0->qgridnext) (4.2.2)
2025-02-17T13:13:21.7720720Z Requirement already satisfied: python-json-logger>=2.0.4 in /Users/runner/micromamba/envs/tardis/lib/python3.12/site-packages (from jupyter-events>=0.9.0->jupyter-server<3,>=2.4.0->notebook>=4.4.1->widgetsnbextension~=3.6.5->ipywidgets>=7.0.0->qgridnext) (2.0.7)
2025-02-17T13:13:21.7728220Z Requirement already satisfied: pyyaml>=5.3 in /Users/runner/micromamba/envs/tardis/lib/python3.12/site-packages (from jupyter-events>=0.9.0->jupyter-server<3,>=2.4.0->notebook>=4.4.1->widgetsnbextension~=3.6.5->ipywidgets>=7.0.0->qgridnext) (6.0.1)
2025-02-17T13:13:21.7731070Z Requirement already satisfied: rfc3339-validator in /Users/runner/micromamba/envs/tardis/lib/python3.12/site-packages (from jupyter-events>=0.9.0->jupyter-server<3,>=2.4.0->notebook>=4.4.1->widgetsnbextension~=3.6.5->ipywidgets>=7.0.0->qgridnext) (0.1.4)
2025-02-17T13:13:21.7736620Z Requirement already satisfied: rfc3986-validator>=0.1.1 in /Users/runner/micromamba/envs/tardis/lib/python3.12/site-packages (from jupyter-events>=0.9.0->jupyter-server<3,>=2.4.0->notebook>=4.4.1->widgetsnbextension~=3.6.5->ipywidgets>=7.0.0->qgridnext) (0.1.1)
2025-02-17T13:13:21.8019230Z Requirement already satisfied: beautifulsoup4 in /Users/runner/micromamba/envs/tardis/lib/python3.12/site-packages (from nbconvert>=6.4.4->jupyter-server<3,>=2.4.0->notebook>=4.4.1->widgetsnbextension~=3.6.5->ipywidgets>=7.0.0->qgridnext) (4.12.3)
2025-02-17T13:13:21.8031510Z Requirement already satisfied: bleach!=5.0.0 in /Users/runner/micromamba/envs/tardis/lib/python3.12/site-packages (from nbconvert>=6.4.4->jupyter-server<3,>=2.4.0->notebook>=4.4.1->widgetsnbextension~=3.6.5->ipywidgets>=7.0.0->qgridnext) (6.1.0)
2025-02-17T13:13:21.8041420Z Requirement already satisfied: defusedxml in /Users/runner/micromamba/envs/tardis/lib/python3.12/site-packages (from nbconvert>=6.4.4->jupyter-server<3,>=2.4.0->notebook>=4.4.1->widgetsnbextension~=3.6.5->ipywidgets>=7.0.0->qgridnext) (0.7.1)
2025-02-17T13:13:21.8053480Z Requirement already satisfied: jupyterlab-pygments in /Users/runner/micromamba/envs/tardis/lib/python3.12/site-packages (from nbconvert>=6.4.4->jupyter-server<3,>=2.4.0->notebook>=4.4.1->widgetsnbextension~=3.6.5->ipywidgets>=7.0.0->qgridnext) (0.3.0)
2025-02-17T13:13:21.8058950Z Requirement already satisfied: mistune<4,>=2.0.3 in /Users/runner/micromamba/envs/tardis/lib/python3.12/site-packages (from nbconvert>=6.4.4->jupyter-server<3,>=2.4.0->notebook>=4.4.1->widgetsnbextension~=3.6.5->ipywidgets>=7.0.0->qgridnext) (3.0.2)
2025-02-17T13:13:21.8066940Z Requirement already satisfied: nbclient>=0.5.0 in /Users/runner/micromamba/envs/tardis/lib/python3.12/site-packages (from nbconvert>=6.4.4->jupyter-server<3,>=2.4.0->notebook>=4.4.1->widgetsnbextension~=3.6.5->ipywidgets>=7.0.0->qgridnext) (0.10.0)
2025-02-17T13:13:21.8076670Z Requirement already satisfied: pandocfilters>=1.4.1 in /Users/runner/micromamba/envs/tardis/lib/python3.12/site-packages (from nbconvert>=6.4.4->jupyter-server<3,>=2.4.0->notebook>=4.4.1->widgetsnbextension~=3.6.5->ipywidgets>=7.0.0->qgridnext) (1.5.0)
2025-02-17T13:13:21.8082160Z Requirement already satisfied: tinycss2 in /Users/runner/micromamba/envs/tardis/lib/python3.12/site-packages (from nbconvert>=6.4.4->jupyter-server<3,>=2.4.0->notebook>=4.4.1->widgetsnbextension~=3.6.5->ipywidgets>=7.0.0->qgridnext) (1.3.0)
2025-02-17T13:13:21.8162090Z Requirement already satisfied: fastjsonschema>=2.15 in /Users/runner/micromamba/envs/tardis/lib/python3.12/site-packages (from nbformat>=5.3.0->jupyter-server<3,>=2.4.0->notebook>=4.4.1->widgetsnbextension~=3.6.5->ipywidgets>=7.0.0->qgridnext) (2.20.0)
2025-02-17T13:13:21.8363030Z Requirement already satisfied: charset-normalizer<4,>=2 in /Users/runner/micromamba/envs/tardis/lib/python3.12/site-packages (from requests>=2.31->jupyterlab-server<3,>=2.27.1->notebook>=4.4.1->widgetsnbextension~=3.6.5->ipywidgets>=7.0.0->qgridnext) (3.3.2)
2025-02-17T13:13:21.8374030Z Requirement already satisfied: urllib3<3,>=1.21.1 in /Users/runner/micromamba/envs/tardis/lib/python3.12/site-packages (from requests>=2.31->jupyterlab-server<3,>=2.27.1->notebook>=4.4.1->widgetsnbextension~=3.6.5->ipywidgets>=7.0.0->qgridnext) (2.2.2)
2025-02-17T13:13:21.8886600Z Requirement already satisfied: webencodings in /Users/runner/micromamba/envs/tardis/lib/python3.12/site-packages (from bleach!=5.0.0->nbconvert>=6.4.4->jupyter-server<3,>=2.4.0->notebook>=4.4.1->widgetsnbextension~=3.6.5->ipywidgets>=7.0.0->qgridnext) (0.5.1)
2025-02-17T13:13:21.9258830Z Requirement already satisfied: fqdn in /Users/runner/micromamba/envs/tardis/lib/python3.12/site-packages (from jsonschema[format-nongpl]>=4.18.0->jupyter-events>=0.9.0->jupyter-server<3,>=2.4.0->notebook>=4.4.1->widgetsnbextension~=3.6.5->ipywidgets>=7.0.0->qgridnext) (1.5.1)
2025-02-17T13:13:21.9266970Z Requirement already satisfied: isoduration in /Users/runner/micromamba/envs/tardis/lib/python3.12/site-packages (from jsonschema[format-nongpl]>=4.18.0->jupyter-events>=0.9.0->jupyter-server<3,>=2.4.0->notebook>=4.4.1->widgetsnbextension~=3.6.5->ipywidgets>=7.0.0->qgridnext) (20.11.0)
2025-02-17T13:13:21.9275630Z Requirement already satisfied: jsonpointer>1.13 in /Users/runner/micromamba/envs/tardis/lib/python3.12/site-packages (from jsonschema[format-nongpl]>=4.18.0->jupyter-events>=0.9.0->jupyter-server<3,>=2.4.0->notebook>=4.4.1->widgetsnbextension~=3.6.5->ipywidgets>=7.0.0->qgridnext) (3.0.0)
2025-02-17T13:13:21.9288080Z Requirement already satisfied: uri-template in /Users/runner/micromamba/envs/tardis/lib/python3.12/site-packages (from jsonschema[format-nongpl]>=4.18.0->jupyter-events>=0.9.0->jupyter-server<3,>=2.4.0->notebook>=4.4.1->widgetsnbextension~=3.6.5->ipywidgets>=7.0.0->qgridnext) (1.3.0)
2025-02-17T13:13:21.9295380Z Requirement already satisfied: webcolors>=1.11 in /Users/runner/micromamba/envs/tardis/lib/python3.12/site-packages (from jsonschema[format-nongpl]>=4.18.0->jupyter-events>=0.9.0->jupyter-server<3,>=2.4.0->notebook>=4.4.1->widgetsnbextension~=3.6.5->ipywidgets>=7.0.0->qgridnext) (24.6.0)
2025-02-17T13:13:22.0032590Z Requirement already satisfied: cffi>=1.0.1 in /Users/runner/micromamba/envs/tardis/lib/python3.12/site-packages (from argon2-cffi-bindings->argon2-cffi>=21.1->jupyter-server<3,>=2.4.0->notebook>=4.4.1->widgetsnbextension~=3.6.5->ipywidgets>=7.0.0->qgridnext) (1.16.0)
2025-02-17T13:13:22.0108410Z Requirement already satisfied: soupsieve>1.2 in /Users/runner/micromamba/envs/tardis/lib/python3.12/site-packages (from beautifulsoup4->nbconvert>=6.4.4->jupyter-server<3,>=2.4.0->notebook>=4.4.1->widgetsnbextension~=3.6.5->ipywidgets>=7.0.0->qgridnext) (2.5)
2025-02-17T13:13:22.0504730Z Requirement already satisfied: pycparser in /Users/runner/micromamba/envs/tardis/lib/python3.12/site-packages (from cffi>=1.0.1->argon2-cffi-bindings->argon2-cffi>=21.1->jupyter-server<3,>=2.4.0->notebook>=4.4.1->widgetsnbextension~=3.6.5->ipywidgets>=7.0.0->qgridnext) (2.22)
2025-02-17T13:13:22.0922630Z Requirement already satisfied: arrow>=0.15.0 in /Users/runner/micromamba/envs/tardis/lib/python3.12/site-packages (from isoduration->jsonschema[format-nongpl]>=4.18.0->jupyter-events>=0.9.0->jupyter-server<3,>=2.4.0->notebook>=4.4.1->widgetsnbextension~=3.6.5->ipywidgets>=7.0.0->qgridnext) (1.3.0)
2025-02-17T13:13:22.1082220Z Requirement already satisfied: types-python-dateutil>=2.8.10 in /Users/runner/micromamba/envs/tardis/lib/python3.12/site-packages (from arrow>=0.15.0->isoduration->jsonschema[format-nongpl]>=4.18.0->jupyter-events>=0.9.0->jupyter-server<3,>=2.4.0->notebook>=4.4.1->widgetsnbextension~=3.6.5->ipywidgets>=7.0.0->qgridnext) (2.9.0.20240316)
2025-02-17T13:13:22.1658620Z Downloading qgridnext-2.0.4-py3-none-any.whl (1.3 MB)
2025-02-17T13:13:22.2211260Z    â”â”â”â”â”â”â”â”â”â”â”â”â”â”â”â”â”â”â”â”â”â”â”â”â”â”â”â”â”â”â”â”â”â”â”â”â”â”â”â” 1.3/1.3 MB 23.6 MB/s eta 0:00:00
2025-02-17T13:13:22.7451290Z Installing collected packages: qgridnext
2025-02-17T13:13:22.7899670Z Successfully installed qgridnext-2.0.4
2025-02-17T13:13:22.9917270Z ##[group]Run pytest tardis --tardis-regression-data=/Users/runner/work/tardis/tardis/tardis-regression-data --cov=tardis --cov-report=xml --cov-report=html --cov-append -m "not continuum"
2025-02-17T13:13:22.9918280Z [36;1mpytest tardis --tardis-regression-data=/Users/runner/work/tardis/tardis/tardis-regression-data --cov=tardis --cov-report=xml --cov-report=html --cov-append -m "not continuum"[0m
2025-02-17T13:13:22.9973080Z shell: /bin/bash -l {0}
2025-02-17T13:13:22.9973280Z env:
2025-02-17T13:13:22.9973450Z   CACHE_NUMBER: 0
2025-02-17T13:13:22.9974080Z   PYTEST_FLAGS: --tardis-regression-data=/Users/runner/work/tardis/tardis/tardis-regression-data --cov=tardis --cov-report=xml --cov-report=html --cov-append
2025-02-17T13:13:22.9974640Z   CODECOV_TOKEN: 
2025-02-17T13:13:22.9974860Z   MAMBA_ROOT_PREFIX: /Users/runner/micromamba
2025-02-17T13:13:22.9975130Z   MAMBA_EXE: /Users/runner/micromamba-bin/micromamba
2025-02-17T13:13:22.9975520Z   CONDARC: /Users/runner/work/_temp/setup-micromamba/.condarc
2025-02-17T13:13:22.9975800Z ##[endgroup]
2025-02-17T13:13:37.2015840Z ============================= test session starts ==============================
2025-02-17T13:13:37.2019560Z platform darwin -- Python 3.12.4, pytest-8.2.2, pluggy-1.5.0
2025-02-17T13:13:37.2023670Z rootdir: /Users/runner/work/tardis/tardis
2025-02-17T13:13:37.2024220Z configfile: pyproject.toml
2025-02-17T13:13:37.2024620Z plugins: cov-5.0.0, html-4.1.1, metadata-3.1.1, doctestplus-1.2.1, anyio-4.4.0
2025-02-17T13:13:37.2025100Z collected 1796 items / 2 deselected / 1794 selected
2025-02-17T13:13:37.2025410Z 
2025-02-17T13:13:41.0122460Z tardis/energy_input/tests/test_energy_source.py ..xxx                    [  0%]
2025-02-17T13:13:44.3161250Z tardis/energy_input/tests/test_gamma_ray_channel.py ...........          [  0%]
2025-02-17T13:13:45.6746970Z tardis/energy_input/tests/test_gamma_ray_grid.py xx.                     [  1%]
2025-02-17T13:13:46.9038870Z tardis/energy_input/tests/test_gamma_ray_interactions.py xx....          [  1%]
2025-02-17T13:13:46.9139060Z tardis/energy_input/tests/test_gamma_ray_packet_source.py sssssssss      [  1%]
2025-02-17T13:13:47.9703200Z tardis/energy_input/tests/test_util.py .....xxxx.....                    [  2%]
2025-02-17T13:13:48.2870310Z tardis/grid/tests/test_grid.py .                                         [  2%]
2025-02-17T13:13:48.2899070Z tardis/gui/tests/test_gui.py s                                           [  2%]
2025-02-17T13:13:52.0536870Z tardis/io/configuration/tests/test_config_reader.py ...........          [  3%]
2025-02-17T13:13:52.0652160Z tardis/io/configuration/tests/test_configuration_namespace.py .........  [  3%]
2025-02-17T13:13:52.0900710Z tardis/io/logger/tests/test_logging.py ssssssssssssssssssssssssssss      [  5%]
2025-02-17T13:14:26.7167320Z tardis/io/model/readers/tests/test_arepo_parser.py ..                    [  5%]
2025-02-17T13:14:26.7464690Z tardis/io/model/readers/tests/test_ascii_readers.py ...                  [  5%]
2025-02-17T13:14:26.7586110Z tardis/io/model/readers/tests/test_cmfgen_reader.py ..                   [  5%]
2025-02-17T13:14:26.7946770Z tardis/io/model/readers/tests/test_csvy_reader.py ....                   [  6%]
2025-02-17T13:14:26.8327730Z tardis/io/model/readers/tests/test_stella_reader.py ..                   [  6%]
2025-02-17T13:14:27.1517160Z tardis/io/tests/test_HDFWriter.py ...............                        [  7%]
2025-02-17T13:14:27.8967830Z tardis/io/tests/test_atomic.py .....                                     [  7%]
2025-02-17T13:14:27.9282500Z tardis/io/tests/test_decay.py ..                                         [  7%]
2025-02-17T13:14:28.1425870Z tardis/io/tests/test_model_reader.py ......                              [  7%]
2025-02-17T13:14:28.1526310Z tardis/model/geometry/tests/test_radial1d.py ..                          [  7%]
2025-02-17T13:15:14.3718660Z tardis/model/tests/test_base.py ........................................ [ 10%]
2025-02-17T13:15:15.8593980Z ............                                                             [ 10%]
2025-02-17T13:15:19.7796520Z tardis/model/tests/test_csvy_model.py .........                          [ 11%]
2025-02-17T13:15:19.8323320Z tardis/model/tests/test_density.py ..                                    [ 11%]
2025-02-17T13:15:21.9392070Z tardis/opacities/tests/test_opacity_solver.py .....                      [ 11%]
2025-02-17T13:15:23.6279730Z tardis/opacities/tests/test_opacity_state_numba.py .....                 [ 11%]
2025-02-17T13:15:25.9738920Z tardis/opacities/tests/test_tau_sobolev.py ..                            [ 12%]
2025-02-17T13:15:31.1723510Z tardis/plasma/equilibrium/tests/test_collisional_transitions.py ...      [ 12%]
2025-02-17T13:16:43.4256450Z tardis/plasma/equilibrium/tests/test_level_populations.py ....           [ 12%]
2025-02-17T13:17:01.2646940Z tardis/plasma/equilibrium/tests/test_rate_matrix.py .                    [ 12%]
2025-02-17T13:17:03.4939970Z tardis/plasma/tests/test_complete_plasmas.py .....................s..... [ 13%]
2025-02-17T13:17:07.1523740Z s....ssssss............s............ss.....s....ssssss............s..... [ 18%]
2025-02-17T13:17:09.3003610Z .......ss.....s....ssssss............s............ss.....s....ssssss.... [ 22%]
2025-02-17T13:17:12.9145560Z ........s............ss.....s........ss............s............ss.....s [ 26%]
2025-02-17T13:17:16.3724100Z ........ss............s............ss.....s....ssssss............s...... [ 30%]
2025-02-17T13:17:17.4961900Z ......ss.....s....ssssss............s............ss.....s.ss.ssssss..... [ 34%]
2025-02-17T13:17:20.5391980Z .......s............ss.....s....ssssss............s............ss.....s. [ 38%]
2025-02-17T13:17:23.3435350Z ...ssssss............s............ss.....s....ssssss............s....... [ 42%]
2025-02-17T13:17:26.1852700Z .....ss.....s....ssssss............s............s...........ssssss...... [ 46%]
2025-02-17T13:17:28.5269920Z ......s............s...........ssssss............s............s......... [ 50%]
2025-02-17T13:17:31.8864570Z ..ssssss............s............ss.....s....ssssss............s........ [ 54%]
2025-02-17T13:17:34.7117210Z ....ss.....s....ssssss..........................s.....s....ssss......... [ 58%]
2025-02-17T13:17:35.0250470Z ...................s.....s....ssss.......                                [ 60%]
2025-02-17T13:17:35.2991800Z tardis/plasma/tests/test_hdf_plasma.py ................................. [ 62%]
2025-02-17T13:17:35.3176460Z ......                                                                   [ 62%]
2025-02-17T13:17:36.3467410Z tardis/plasma/tests/test_nlte_excitation.py ...                          [ 62%]
2025-02-17T13:20:28.7066490Z ##[error]The operation was canceled.
2025-02-17T13:20:28.7823700Z Post job cleanup.
2025-02-17T13:20:28.8393160Z Post job cleanup.
2025-02-17T13:20:30.5199260Z Will use pre-installed micromamba at /Users/runner/micromamba-bin/micromamba
2025-02-17T13:20:30.5200470Z Removing micromamba run shell ...
2025-02-17T13:20:30.5201020Z ##[group]Deinitialize micromamba for bash
2025-02-17T13:20:30.5203220Z [command]/Users/runner/micromamba-bin/micromamba shell deinit -s bash -r /Users/runner/micromamba --log-level warning --rc-file /Users/runner/work/_temp/setup-micromamba/.condarc
2025-02-17T13:20:30.5205060Z Resetting RC file "/Users/runner/.bash_profile"
2025-02-17T13:20:30.5205340Z Deleting config for root prefix 
2025-02-17T13:20:30.5218630Z Clearing mamba executable environment variable
2025-02-17T13:20:30.5218960Z Removing the following in your "/Users/runner/.bash_profile" file
2025-02-17T13:20:30.5219290Z # >>> mamba initialize >>>
2025-02-17T13:20:30.5219470Z ...
2025-02-17T13:20:30.5219740Z # <<< mamba initialize <<<
2025-02-17T13:20:30.5220750Z Removing environment tardis from auto-activate bash ...
2025-02-17T13:20:30.5352090Z Post job cleanup.
2025-02-17T13:20:30.5531500Z Post job cleanup.
2025-02-17T13:20:31.2388010Z [command]/opt/homebrew/bin/git version
2025-02-17T13:20:31.2388670Z git version 2.48.1
2025-02-17T13:20:31.2392280Z Copying '/Users/runner/.gitconfig' to '/Users/runner/work/_temp/03fcae9e-7097-4e94-a025-bcbbc9298fd7/.gitconfig'
2025-02-17T13:20:31.2393150Z Temporarily overriding HOME='/Users/runner/work/_temp/03fcae9e-7097-4e94-a025-bcbbc9298fd7' before making global git config changes
2025-02-17T13:20:31.2393830Z Adding repository directory to the temporary git global config as a safe directory
2025-02-17T13:20:31.2397570Z [command]/opt/homebrew/bin/git config --global --add safe.directory /Users/runner/work/tardis/tardis/tardis-regression-data
2025-02-17T13:20:31.2400930Z [command]/opt/homebrew/bin/git config --local --name-only --get-regexp core\.sshCommand
2025-02-17T13:20:31.2405490Z [command]/opt/homebrew/bin/git submodule foreach --recursive sh -c "git config --local --name-only --get-regexp 'core\.sshCommand' && git config --local --unset-all 'core.sshCommand' || :"
2025-02-17T13:20:31.2619600Z [command]/opt/homebrew/bin/git config --local --name-only --get-regexp http\.https\:\/\/github\.com\/\.extraheader
2025-02-17T13:20:31.2712380Z http.https://github.com/.extraheader
2025-02-17T13:20:31.2792340Z [command]/opt/homebrew/bin/git config --local --unset-all http.https://github.com/.extraheader
2025-02-17T13:20:31.3014540Z [command]/opt/homebrew/bin/git submodule foreach --recursive sh -c "git config --local --name-only --get-regexp 'http\.https\:\/\/github\.com\/\.extraheader' && git config --local --unset-all 'http.https://github.com/.extraheader' || :"
2025-02-17T13:20:31.7703430Z Post job cleanup.
2025-02-17T13:20:32.1506150Z [command]/opt/homebrew/bin/git version
2025-02-17T13:20:32.1654200Z git version 2.48.1
2025-02-17T13:20:32.2091740Z Copying '/Users/runner/.gitconfig' to '/Users/runner/work/_temp/959f1563-df9b-4994-a0a8-8c60af7b1f18/.gitconfig'
2025-02-17T13:20:32.2132600Z Temporarily overriding HOME='/Users/runner/work/_temp/959f1563-df9b-4994-a0a8-8c60af7b1f18' before making global git config changes
2025-02-17T13:20:32.2135090Z Adding repository directory to the temporary git global config as a safe directory
2025-02-17T13:20:32.2144620Z [command]/opt/homebrew/bin/git config --global --add safe.directory /Users/runner/work/tardis/tardis
2025-02-17T13:20:32.2157390Z [command]/opt/homebrew/bin/git config --local --name-only --get-regexp core\.sshCommand
2025-02-17T13:20:32.2399010Z [command]/opt/homebrew/bin/git submodule foreach --recursive sh -c "git config --local --name-only --get-regexp 'core\.sshCommand' && git config --local --unset-all 'core.sshCommand' || :"
2025-02-17T13:20:32.4473390Z [command]/opt/homebrew/bin/git config --local --name-only --get-regexp http\.https\:\/\/github\.com\/\.extraheader
2025-02-17T13:20:32.4475540Z http.https://github.com/.extraheader
2025-02-17T13:20:32.4479460Z [command]/opt/homebrew/bin/git config --local --unset-all http.https://github.com/.extraheader
2025-02-17T13:20:32.4609780Z [command]/opt/homebrew/bin/git submodule foreach --recursive sh -c "git config --local --name-only --get-regexp 'http\.https\:\/\/github\.com\/\.extraheader' && git config --local --unset-all 'http.https://github.com/.extraheader' || :"
2025-02-17T13:20:32.6283760Z Cleaning up orphan processes
2025-02-17T13:20:36.2452470Z Terminate orphan process: pid (3300) (python3.12)
2025-02-17T13:20:36.3448100Z Terminate orphan process: pid (3159) (python3.12)
