2025-02-11T02:11:06.5390465Z Requested labels: macos-latest
2025-02-11T02:11:06.5390718Z Job defined at: tardis-sn/tardis/.github/workflows/tests.yml@refs/pull/2876/merge
2025-02-11T02:11:06.5390856Z Waiting for a runner to pick up this job...
2025-02-11T02:11:06.7860524Z Job is waiting for a hosted runner to come online.
2025-02-11T02:11:10.7966181Z Job is about to start running on the hosted runner: GitHub Actions 38 (hosted)
2025-02-11T02:11:12.2786850Z Current runner version: '2.322.0'
2025-02-11T02:11:12.2818500Z ##[group]Operating System
2025-02-11T02:11:12.2819800Z macOS
2025-02-11T02:11:12.2820600Z 14.7.2
2025-02-11T02:11:12.2821340Z 23H311
2025-02-11T02:11:12.2822120Z ##[endgroup]
2025-02-11T02:11:12.2822950Z ##[group]Runner Image
2025-02-11T02:11:12.2823810Z Image: macos-14-arm64
2025-02-11T02:11:12.2824680Z Version: 20250120.774
2025-02-11T02:11:12.2826560Z Included Software: https://github.com/actions/runner-images/blob/macos-14-arm64/20250120.774/images/macos/macos-14-arm64-Readme.md
2025-02-11T02:11:12.2829280Z Image Release: https://github.com/actions/runner-images/releases/tag/macos-14-arm64%2F20250120.774
2025-02-11T02:11:12.2831000Z ##[endgroup]
2025-02-11T02:11:12.2831890Z ##[group]Runner Image Provisioner
2025-02-11T02:11:12.2832990Z 2.0.422.1+55c30c14fe2a0a1547db1b656933ae07d97649a9
2025-02-11T02:11:12.2834130Z ##[endgroup]
2025-02-11T02:11:12.2837370Z ##[group]GITHUB_TOKEN Permissions
2025-02-11T02:11:12.2839250Z Actions: read
2025-02-11T02:11:12.2839610Z Attestations: read
2025-02-11T02:11:12.2839940Z Checks: read
2025-02-11T02:11:12.2840240Z Contents: read
2025-02-11T02:11:12.2840560Z Deployments: read
2025-02-11T02:11:12.2840880Z Discussions: read
2025-02-11T02:11:12.2841200Z Issues: read
2025-02-11T02:11:12.2841510Z Metadata: read
2025-02-11T02:11:12.2841860Z Packages: read
2025-02-11T02:11:12.2842170Z Pages: read
2025-02-11T02:11:12.2842480Z PullRequests: read
2025-02-11T02:11:12.2842840Z RepositoryProjects: read
2025-02-11T02:11:12.2843210Z SecurityEvents: read
2025-02-11T02:11:12.2843550Z Statuses: read
2025-02-11T02:11:12.2843860Z ##[endgroup]
2025-02-11T02:11:12.2846170Z Secret source: None
2025-02-11T02:11:12.2846740Z Prepare workflow directory
2025-02-11T02:11:12.3180820Z Prepare all required actions
2025-02-11T02:11:12.3205470Z Getting action download info
2025-02-11T02:11:12.4912570Z ##[group]Download immutable action package 'actions/checkout@v4'
2025-02-11T02:11:12.4913150Z Version: 4.2.2
2025-02-11T02:11:12.4913720Z Digest: sha256:ccb2698953eaebd21c7bf6268a94f9c26518a7e38e27e0b83c1fe1ad049819b1
2025-02-11T02:11:12.4914410Z Source commit SHA: 11bd71901bbe5b1630ceea73d27597364c9af683
2025-02-11T02:11:12.4914840Z ##[endgroup]
2025-02-11T02:11:12.7324710Z ##[group]Download immutable action package 'actions/upload-artifact@v4'
2025-02-11T02:11:12.7326100Z Version: 4.6.0
2025-02-11T02:11:12.7326590Z Digest: sha256:bf85474c8423f9cd48bd2caf3ce5adb1711e2dfdb055b040bd36b044e4290329
2025-02-11T02:11:12.7327260Z Source commit SHA: 65c4c4a1ddee5b72f698fdd19549f0f0fb45cf08
2025-02-11T02:11:12.7327750Z ##[endgroup]
2025-02-11T02:11:12.9193970Z Complete job name: not continuum macos-latest 
2025-02-11T02:11:12.9553720Z ##[group]Run actions/checkout@v4
2025-02-11T02:11:12.9554230Z with:
2025-02-11T02:11:12.9554520Z   repository: tardis-sn/tardis
2025-02-11T02:11:12.9555350Z   token: ***
2025-02-11T02:11:12.9555630Z   ssh-strict: true
2025-02-11T02:11:12.9555920Z   ssh-user: git
2025-02-11T02:11:12.9556210Z   persist-credentials: true
2025-02-11T02:11:12.9556540Z   clean: true
2025-02-11T02:11:12.9556830Z   sparse-checkout-cone-mode: true
2025-02-11T02:11:12.9557160Z   fetch-depth: 1
2025-02-11T02:11:12.9557440Z   fetch-tags: false
2025-02-11T02:11:12.9557720Z   show-progress: true
2025-02-11T02:11:12.9558010Z   lfs: false
2025-02-11T02:11:12.9558280Z   submodules: false
2025-02-11T02:11:12.9558560Z   set-safe-directory: true
2025-02-11T02:11:12.9559150Z env:
2025-02-11T02:11:12.9559420Z   CACHE_NUMBER: 0
2025-02-11T02:11:12.9560150Z   PYTEST_FLAGS: --tardis-regression-data=/Users/runner/work/tardis/tardis/tardis-regression-data --cov=tardis --cov-report=xml --cov-report=html --cov-append
2025-02-11T02:11:12.9560950Z   CODECOV_TOKEN: 
2025-02-11T02:11:12.9561280Z ##[endgroup]
2025-02-11T02:11:13.2405070Z Syncing repository: tardis-sn/tardis
2025-02-11T02:11:13.2407220Z ##[group]Getting Git version info
2025-02-11T02:11:13.2407750Z Working directory is '/Users/runner/work/tardis/tardis'
2025-02-11T02:11:13.2441810Z [command]/opt/homebrew/bin/git version
2025-02-11T02:11:13.3174220Z git version 2.48.1
2025-02-11T02:11:13.3203160Z ##[endgroup]
2025-02-11T02:11:13.3212020Z Copying '/Users/runner/.gitconfig' to '/Users/runner/work/_temp/d88be43a-cf63-43a8-be8d-65178c83b833/.gitconfig'
2025-02-11T02:11:13.3218180Z Temporarily overriding HOME='/Users/runner/work/_temp/d88be43a-cf63-43a8-be8d-65178c83b833' before making global git config changes
2025-02-11T02:11:13.3219220Z Adding repository directory to the temporary git global config as a safe directory
2025-02-11T02:11:13.3222260Z [command]/opt/homebrew/bin/git config --global --add safe.directory /Users/runner/work/tardis/tardis
2025-02-11T02:11:13.3314300Z Deleting the contents of '/Users/runner/work/tardis/tardis'
2025-02-11T02:11:13.3316850Z ##[group]Initializing the repository
2025-02-11T02:11:13.3320700Z [command]/opt/homebrew/bin/git init /Users/runner/work/tardis/tardis
2025-02-11T02:11:13.3472770Z hint: Using 'master' as the name for the initial branch. This default branch name
2025-02-11T02:11:13.3473870Z hint: is subject to change. To configure the initial branch name to use in all
2025-02-11T02:11:13.3474860Z hint: of your new repositories, which will suppress this warning, call:
2025-02-11T02:11:13.3475430Z hint:
2025-02-11T02:11:13.3475830Z hint: 	git config --global init.defaultBranch <name>
2025-02-11T02:11:13.3476250Z hint:
2025-02-11T02:11:13.3476670Z hint: Names commonly chosen instead of 'master' are 'main', 'trunk' and
2025-02-11T02:11:13.3477290Z hint: 'development'. The just-created branch can be renamed via this command:
2025-02-11T02:11:13.3477800Z hint:
2025-02-11T02:11:13.3478110Z hint: 	git branch -m <name>
2025-02-11T02:11:13.3478600Z Initialized empty Git repository in /Users/runner/work/tardis/tardis/.git/
2025-02-11T02:11:13.3482020Z [command]/opt/homebrew/bin/git remote add origin https://github.com/tardis-sn/tardis
2025-02-11T02:11:13.3537880Z ##[endgroup]
2025-02-11T02:11:13.3538690Z ##[group]Disabling automatic garbage collection
2025-02-11T02:11:13.3539590Z [command]/opt/homebrew/bin/git config --local gc.auto 0
2025-02-11T02:11:13.3580740Z ##[endgroup]
2025-02-11T02:11:13.3581250Z ##[group]Setting up auth
2025-02-11T02:11:13.3585810Z [command]/opt/homebrew/bin/git config --local --name-only --get-regexp core\.sshCommand
2025-02-11T02:11:13.3632690Z [command]/opt/homebrew/bin/git submodule foreach --recursive sh -c "git config --local --name-only --get-regexp 'core\.sshCommand' && git config --local --unset-all 'core.sshCommand' || :"
2025-02-11T02:11:13.4319720Z [command]/opt/homebrew/bin/git config --local --name-only --get-regexp http\.https\:\/\/github\.com\/\.extraheader
2025-02-11T02:11:13.4360750Z [command]/opt/homebrew/bin/git submodule foreach --recursive sh -c "git config --local --name-only --get-regexp 'http\.https\:\/\/github\.com\/\.extraheader' && git config --local --unset-all 'http.https://github.com/.extraheader' || :"
2025-02-11T02:11:13.5026370Z [command]/opt/homebrew/bin/git config --local http.https://github.com/.extraheader AUTHORIZATION: basic ***
2025-02-11T02:11:13.5217730Z ##[endgroup]
2025-02-11T02:11:13.5236010Z ##[group]Fetching the repository
2025-02-11T02:11:13.5237160Z [command]/opt/homebrew/bin/git -c protocol.version=2 fetch --no-tags --prune --no-recurse-submodules --depth=1 origin +8b40619b2c0f401e95c3d63fd0b08df22a7950ac:refs/remotes/pull/2876/merge
2025-02-11T02:11:15.4107590Z From https://github.com/tardis-sn/tardis
2025-02-11T02:11:15.4109000Z  * [new ref]         8b40619b2c0f401e95c3d63fd0b08df22a7950ac -> pull/2876/merge
2025-02-11T02:11:15.4157330Z ##[endgroup]
2025-02-11T02:11:15.4158090Z ##[group]Determining the checkout info
2025-02-11T02:11:15.4158800Z ##[endgroup]
2025-02-11T02:11:15.4160920Z [command]/opt/homebrew/bin/git sparse-checkout disable
2025-02-11T02:11:15.4218310Z [command]/opt/homebrew/bin/git config --local --unset-all extensions.worktreeConfig
2025-02-11T02:11:15.4264760Z ##[group]Checking out the ref
2025-02-11T02:11:15.4266200Z [command]/opt/homebrew/bin/git checkout --progress --force refs/remotes/pull/2876/merge
2025-02-11T02:11:15.6276140Z HEAD is now at 8b40619 Merge e4ddc1efb66d220f57f076a09af61a951ff8f82a into 13c9a314d4165ff320d000df7d67b5c5f91a69dd
2025-02-11T02:11:15.6289410Z ##[endgroup]
2025-02-11T02:11:15.6350760Z [command]/opt/homebrew/bin/git log -1 --format=%H
2025-02-11T02:11:15.6389130Z 8b40619b2c0f401e95c3d63fd0b08df22a7950ac
2025-02-11T02:11:15.6640050Z Prepare all required actions
2025-02-11T02:11:15.6641060Z Getting action download info
2025-02-11T02:11:15.8066810Z ##[group]Download immutable action package 'actions/cache@v4'
2025-02-11T02:11:15.8068500Z Version: 4.2.0
2025-02-11T02:11:15.8070150Z Digest: sha256:5bc11090595acbf82dbfb02747bf0bfd91544e869357fd3ac0eb41f509632110
2025-02-11T02:11:15.8072290Z Source commit SHA: 1bd1e32a3bdc45362d1e726936510720a7c30a57
2025-02-11T02:11:15.8073870Z ##[endgroup]
2025-02-11T02:11:15.9072220Z ##[group]Run ./.github/actions/setup_lfs
2025-02-11T02:11:15.9072830Z with:
2025-02-11T02:11:15.9073410Z   regression-data-repo: tardis-sn/tardis-regression-data
2025-02-11T02:11:15.9074160Z   atom-data-sparse: false
2025-02-11T02:11:15.9074690Z env:
2025-02-11T02:11:15.9075130Z   CACHE_NUMBER: 0
2025-02-11T02:11:15.9076470Z   PYTEST_FLAGS: --tardis-regression-data=/Users/runner/work/tardis/tardis/tardis-regression-data --cov=tardis --cov-report=xml --cov-report=html --cov-append
2025-02-11T02:11:15.9077980Z   CODECOV_TOKEN: 
2025-02-11T02:11:15.9078460Z ##[endgroup]
2025-02-11T02:11:15.9209100Z ##[group]Run actions/checkout@v4
2025-02-11T02:11:15.9209680Z with:
2025-02-11T02:11:15.9210180Z   repository: tardis-sn/tardis-regression-data
2025-02-11T02:11:15.9210830Z   path: tardis-regression-data
2025-02-11T02:11:15.9211370Z   lfs: false
2025-02-11T02:11:15.9211960Z   token: ***
2025-02-11T02:11:15.9212420Z   ssh-strict: true
2025-02-11T02:11:15.9212890Z   ssh-user: git
2025-02-11T02:11:15.9213380Z   persist-credentials: true
2025-02-11T02:11:15.9213900Z   clean: true
2025-02-11T02:11:15.9214360Z   sparse-checkout-cone-mode: true
2025-02-11T02:11:15.9214930Z   fetch-depth: 1
2025-02-11T02:11:15.9215400Z   fetch-tags: false
2025-02-11T02:11:15.9215870Z   show-progress: true
2025-02-11T02:11:15.9216350Z   submodules: false
2025-02-11T02:11:15.9216980Z   set-safe-directory: true
2025-02-11T02:11:15.9217520Z env:
2025-02-11T02:11:15.9218000Z   CACHE_NUMBER: 0
2025-02-11T02:11:15.9219500Z   PYTEST_FLAGS: --tardis-regression-data=/Users/runner/work/tardis/tardis/tardis-regression-data --cov=tardis --cov-report=xml --cov-report=html --cov-append
2025-02-11T02:11:15.9221070Z   CODECOV_TOKEN: 
2025-02-11T02:11:15.9221570Z ##[endgroup]
2025-02-11T02:11:16.1266710Z Syncing repository: tardis-sn/tardis-regression-data
2025-02-11T02:11:16.1268010Z ##[group]Getting Git version info
2025-02-11T02:11:16.1269050Z Working directory is '/Users/runner/work/tardis/tardis/tardis-regression-data'
2025-02-11T02:11:16.1270510Z [command]/opt/homebrew/bin/git version
2025-02-11T02:11:16.1271720Z git version 2.48.1
2025-02-11T02:11:16.1274190Z ##[endgroup]
2025-02-11T02:11:16.1276450Z Copying '/Users/runner/.gitconfig' to '/Users/runner/work/_temp/046d0258-3bae-4374-a421-a8d0037ee2b0/.gitconfig'
2025-02-11T02:11:16.1278420Z Temporarily overriding HOME='/Users/runner/work/_temp/046d0258-3bae-4374-a421-a8d0037ee2b0' before making global git config changes
2025-02-11T02:11:16.1280200Z Adding repository directory to the temporary git global config as a safe directory
2025-02-11T02:11:16.1281860Z [command]/opt/homebrew/bin/git config --global --add safe.directory /Users/runner/work/tardis/tardis/tardis-regression-data
2025-02-11T02:11:16.1284510Z ##[group]Initializing the repository
2025-02-11T02:11:16.1285660Z [command]/opt/homebrew/bin/git init /Users/runner/work/tardis/tardis/tardis-regression-data
2025-02-11T02:11:16.1287100Z hint: Using 'master' as the name for the initial branch. This default branch name
2025-02-11T02:11:16.1318840Z hint: is subject to change. To configure the initial branch name to use in all
2025-02-11T02:11:16.1325140Z hint: of your new repositories, which will suppress this warning, call:
2025-02-11T02:11:16.1333730Z hint:
2025-02-11T02:11:16.1334500Z hint: 	git config --global init.defaultBranch <name>
2025-02-11T02:11:16.1335500Z hint:
2025-02-11T02:11:16.1336250Z hint: Names commonly chosen instead of 'master' are 'main', 'trunk' and
2025-02-11T02:11:16.1337810Z hint: 'development'. The just-created branch can be renamed via this command:
2025-02-11T02:11:16.1338850Z hint:
2025-02-11T02:11:16.1339420Z hint: 	git branch -m <name>
2025-02-11T02:11:16.1340530Z Initialized empty Git repository in /Users/runner/work/tardis/tardis/tardis-regression-data/.git/
2025-02-11T02:11:16.1343090Z [command]/opt/homebrew/bin/git remote add origin https://github.com/tardis-sn/tardis-regression-data
2025-02-11T02:11:16.1345370Z ##[endgroup]
2025-02-11T02:11:16.1346390Z ##[group]Disabling automatic garbage collection
2025-02-11T02:11:16.1347310Z [command]/opt/homebrew/bin/git config --local gc.auto 0
2025-02-11T02:11:16.1349240Z ##[endgroup]
2025-02-11T02:11:16.1350180Z ##[group]Setting up auth
2025-02-11T02:11:16.1351180Z [command]/opt/homebrew/bin/git config --local --name-only --get-regexp core\.sshCommand
2025-02-11T02:11:16.1353960Z [command]/opt/homebrew/bin/git submodule foreach --recursive sh -c "git config --local --name-only --get-regexp 'core\.sshCommand' && git config --local --unset-all 'core.sshCommand' || :"
2025-02-11T02:11:16.1639880Z [command]/opt/homebrew/bin/git config --local --name-only --get-regexp http\.https\:\/\/github\.com\/\.extraheader
2025-02-11T02:11:16.2117650Z [command]/opt/homebrew/bin/git submodule foreach --recursive sh -c "git config --local --name-only --get-regexp 'http\.https\:\/\/github\.com\/\.extraheader' && git config --local --unset-all 'http.https://github.com/.extraheader' || :"
2025-02-11T02:11:16.3704820Z [command]/opt/homebrew/bin/git config --local http.https://github.com/.extraheader AUTHORIZATION: basic ***
2025-02-11T02:11:16.3716410Z ##[endgroup]
2025-02-11T02:11:16.3717730Z ##[group]Determining the default branch
2025-02-11T02:11:16.3718770Z Retrieving the default branch name
2025-02-11T02:11:16.8779950Z Default branch 'main'
2025-02-11T02:11:16.8997270Z ##[endgroup]
2025-02-11T02:11:16.9099090Z ##[group]Fetching the repository
2025-02-11T02:11:16.9100310Z [command]/opt/homebrew/bin/git -c protocol.version=2 fetch --no-tags --prune --no-recurse-submodules --depth=1 origin +refs/heads/main:refs/remotes/origin/main
2025-02-11T02:11:17.8524910Z From https://github.com/tardis-sn/tardis-regression-data
2025-02-11T02:11:17.8525950Z  * [new branch]      main       -> origin/main
2025-02-11T02:11:17.8749290Z ##[endgroup]
2025-02-11T02:11:17.8749930Z ##[group]Determining the checkout info
2025-02-11T02:11:17.8750600Z ##[endgroup]
2025-02-11T02:11:17.8750900Z [command]/opt/homebrew/bin/git sparse-checkout disable
2025-02-11T02:11:17.8751640Z [command]/opt/homebrew/bin/git config --local --unset-all extensions.worktreeConfig
2025-02-11T02:11:17.8752390Z ##[group]Checking out the ref
2025-02-11T02:11:17.8752780Z [command]/opt/homebrew/bin/git checkout --progress --force -B main refs/remotes/origin/main
2025-02-11T02:11:18.0523240Z Switched to a new branch 'main'
2025-02-11T02:11:18.0524150Z branch 'main' set up to track 'origin/main'.
2025-02-11T02:11:18.1253050Z ##[endgroup]
2025-02-11T02:11:18.1305820Z [command]/opt/homebrew/bin/git log -1 --format=%H
2025-02-11T02:11:18.1344250Z fa7729bc9c30e14b69acd641af8b692b56fcd416
2025-02-11T02:11:18.1427670Z ##[group]Run if [ "false" == "true" ]; then
2025-02-11T02:11:18.1427970Z [36;1mif [ "false" == "true" ]; then[0m
2025-02-11T02:11:18.1428190Z [36;1m  echo "Using atom data sparse checkout"[0m
2025-02-11T02:11:18.1428470Z [36;1m  echo "atom_data/kurucz_cd23_chianti_H_He.h5" > .lfs-files-list[0m
2025-02-11T02:11:18.1428710Z [36;1melse[0m
2025-02-11T02:11:18.1428890Z [36;1m  echo "Using full repository checkout"[0m
2025-02-11T02:11:18.1429240Z [36;1m  git lfs ls-files -l | cut -d' ' -f1 | sort > .lfs-files-list[0m
2025-02-11T02:11:18.1429490Z [36;1mfi[0m
2025-02-11T02:11:18.1489130Z shell: /bin/bash --noprofile --norc -e -o pipefail {0}
2025-02-11T02:11:18.1547970Z env:
2025-02-11T02:11:18.1548120Z   CACHE_NUMBER: 0
2025-02-11T02:11:18.1549190Z   PYTEST_FLAGS: --tardis-regression-data=/Users/runner/work/tardis/tardis/tardis-regression-data --cov=tardis --cov-report=xml --cov-report=html --cov-append
2025-02-11T02:11:18.1549710Z   CODECOV_TOKEN: 
2025-02-11T02:11:18.1550150Z ##[endgroup]
2025-02-11T02:11:18.2083080Z Using full repository checkout
2025-02-11T02:11:18.4534450Z ##[group]Run actions/cache/restore@v4
2025-02-11T02:11:18.4534780Z with:
2025-02-11T02:11:18.4534950Z   path: tardis-regression-data/.git/lfs
2025-02-11T02:11:18.4535470Z   key: tardis-regression-full-data-21f9fa4b6817cc69b9fae3598144724da7828e276a73bd17f47a2a49d9af090a-tardis-sn/tardis-regression-data-v1
2025-02-11T02:11:18.4535970Z   fail-on-cache-miss: true
2025-02-11T02:11:18.4536170Z   enableCrossOsArchive: false
2025-02-11T02:11:18.4536370Z   lookup-only: false
2025-02-11T02:11:18.4536540Z env:
2025-02-11T02:11:18.4536680Z   CACHE_NUMBER: 0
2025-02-11T02:11:18.4537200Z   PYTEST_FLAGS: --tardis-regression-data=/Users/runner/work/tardis/tardis/tardis-regression-data --cov=tardis --cov-report=xml --cov-report=html --cov-append
2025-02-11T02:11:18.4537690Z   CODECOV_TOKEN: 
2025-02-11T02:11:18.4537850Z ##[endgroup]
2025-02-11T02:11:18.7466400Z Cache hit for: tardis-regression-full-data-21f9fa4b6817cc69b9fae3598144724da7828e276a73bd17f47a2a49d9af090a-tardis-sn/tardis-regression-data-v1
2025-02-11T02:11:19.9822380Z Received 12582912 of 1707217599 (0.7%), 11.9 MBs/sec
2025-02-11T02:11:21.1238300Z Received 83886080 of 1707217599 (4.9%), 36.8 MBs/sec
2025-02-11T02:11:22.1196020Z Received 134217728 of 1707217599 (7.9%), 40.4 MBs/sec
2025-02-11T02:11:23.1193320Z Received 197132288 of 1707217599 (11.5%), 45.1 MBs/sec
2025-02-11T02:11:24.2140020Z Received 268435456 of 1707217599 (15.7%), 48.6 MBs/sec
2025-02-11T02:11:25.2163950Z Received 331350016 of 1707217599 (19.4%), 50.4 MBs/sec
2025-02-11T02:11:26.2213200Z Received 398458880 of 1707217599 (23.3%), 52.2 MBs/sec
2025-02-11T02:11:27.2212060Z Received 436207616 of 1707217599 (25.6%), 50.3 MBs/sec
2025-02-11T02:11:28.2215820Z Received 520093696 of 1707217599 (30.5%), 53.5 MBs/sec
2025-02-11T02:11:29.2213810Z Received 570425344 of 1707217599 (33.4%), 52.9 MBs/sec
2025-02-11T02:11:30.2220370Z Received 645922816 of 1707217599 (37.8%), 54.6 MBs/sec
2025-02-11T02:11:31.2213470Z Received 704643072 of 1707217599 (41.3%), 54.8 MBs/sec
2025-02-11T02:11:32.2218540Z Received 775946240 of 1707217599 (45.5%), 55.7 MBs/sec
2025-02-11T02:11:33.2213550Z Received 834666496 of 1707217599 (48.9%), 55.8 MBs/sec
2025-02-11T02:11:34.2281320Z Received 893386752 of 1707217599 (52.3%), 55.8 MBs/sec
2025-02-11T02:11:35.2216400Z Received 947912704 of 1707217599 (55.5%), 55.5 MBs/sec
2025-02-11T02:11:36.2224470Z Received 1031798784 of 1707217599 (60.4%), 57.0 MBs/sec
2025-02-11T02:11:37.2236690Z Received 1094713344 of 1707217599 (64.1%), 57.1 MBs/sec
2025-02-11T02:11:38.2243030Z Received 1178599424 of 1707217599 (69.0%), 58.3 MBs/sec
2025-02-11T02:11:39.2308510Z Received 1241513984 of 1707217599 (72.7%), 58.4 MBs/sec
2025-02-11T02:11:40.2320460Z Received 1308622848 of 1707217599 (76.7%), 58.6 MBs/sec
2025-02-11T02:11:41.2316770Z Received 1350565888 of 1707217599 (79.1%), 57.8 MBs/sec
2025-02-11T02:11:42.2322230Z Received 1421869056 of 1707217599 (83.3%), 58.2 MBs/sec
2025-02-11T02:11:43.2983050Z Received 1476395008 of 1707217599 (86.5%), 57.8 MBs/sec
2025-02-11T02:11:44.2965230Z Received 1514143744 of 1707217599 (88.7%), 57.0 MBs/sec
2025-02-11T02:11:45.2966550Z Received 1577058304 of 1707217599 (92.4%), 57.1 MBs/sec
2025-02-11T02:11:46.2973090Z Received 1619001344 of 1707217599 (94.8%), 56.5 MBs/sec
2025-02-11T02:11:47.2982840Z Received 1677857471 of 1707217599 (98.3%), 56.4 MBs/sec
2025-02-11T02:11:47.7593310Z Received 1707217599 of 1707217599 (100.0%), 56.5 MBs/sec
2025-02-11T02:11:47.7600200Z Cache Size: ~1628 MB (1707217599 B)
2025-02-11T02:11:47.7730790Z [command]/opt/homebrew/bin/gtar -xf /Users/runner/work/_temp/e5d5362a-6498-4a2d-a427-a102f53a8a92/cache.tzst -P -C /Users/runner/work/tardis/tardis --delay-directory-restore --use-compress-program unzstd
2025-02-11T02:11:57.0979030Z Cache restored successfully
2025-02-11T02:11:57.2453820Z Cache restored from key: tardis-regression-full-data-21f9fa4b6817cc69b9fae3598144724da7828e276a73bd17f47a2a49d9af090a-tardis-sn/tardis-regression-data-v1
2025-02-11T02:11:57.2676910Z ##[group]Run git lfs checkout
2025-02-11T02:11:57.2677160Z [36;1mgit lfs checkout[0m
2025-02-11T02:11:57.2789270Z shell: /bin/bash --noprofile --norc -e -o pipefail {0}
2025-02-11T02:11:57.2789630Z env:
2025-02-11T02:11:57.2789830Z   CACHE_NUMBER: 0
2025-02-11T02:11:57.2790440Z   PYTEST_FLAGS: --tardis-regression-data=/Users/runner/work/tardis/tardis/tardis-regression-data --cov=tardis --cov-report=xml --cov-report=html --cov-append
2025-02-11T02:11:57.2791010Z   CODECOV_TOKEN: 
2025-02-11T02:11:57.2791210Z ##[endgroup]
2025-02-11T02:12:05.7123270Z Checking out LFS objects: 100% (204/204), 3.5 GB | 346 MB/s, done.
2025-02-11T02:12:16.6995800Z Prepare all required actions
2025-02-11T02:12:16.6996450Z Getting action download info
2025-02-11T02:12:16.8126010Z Download action repository 'mamba-org/setup-micromamba@v1' (SHA:4b9113af4fba0e9e1124b252dd6497a419e7396d)
2025-02-11T02:12:17.9446290Z ##[group]Run ./.github/actions/setup_env
2025-02-11T02:12:17.9446920Z with:
2025-02-11T02:12:17.9447270Z   os-label: osx-arm64
2025-02-11T02:12:17.9447710Z env:
2025-02-11T02:12:17.9448120Z   CACHE_NUMBER: 0
2025-02-11T02:12:17.9448910Z   PYTEST_FLAGS: --tardis-regression-data=/Users/runner/work/tardis/tardis/tardis-regression-data --cov=tardis --cov-report=xml --cov-report=html --cov-append
2025-02-11T02:12:17.9449430Z   CODECOV_TOKEN: 
2025-02-11T02:12:17.9449570Z ##[endgroup]
2025-02-11T02:12:17.9482970Z ##[group]Run file_hash=$(cat conda-osx-arm64.lock | shasum -a 256 | cut -d' ' -f1)
2025-02-11T02:12:17.9483430Z [36;1mfile_hash=$(cat conda-osx-arm64.lock | shasum -a 256 | cut -d' ' -f1)[0m
2025-02-11T02:12:17.9484030Z [36;1mecho "file_hash=tardis-conda-env-osx-arm64-${file_hash}-v1" >> "${GITHUB_OUTPUT}"[0m
2025-02-11T02:12:17.9563720Z shell: /bin/bash --noprofile --norc -e -o pipefail {0}
2025-02-11T02:12:17.9563980Z env:
2025-02-11T02:12:17.9564140Z   CACHE_NUMBER: 0
2025-02-11T02:12:17.9564630Z   PYTEST_FLAGS: --tardis-regression-data=/Users/runner/work/tardis/tardis/tardis-regression-data --cov=tardis --cov-report=xml --cov-report=html --cov-append
2025-02-11T02:12:17.9565150Z   CODECOV_TOKEN: 
2025-02-11T02:12:17.9565300Z ##[endgroup]
2025-02-11T02:12:18.0833570Z ##[group]Run mamba-org/setup-micromamba@v1
2025-02-11T02:12:18.0833810Z with:
2025-02-11T02:12:18.0833970Z   environment-file: conda-osx-arm64.lock
2025-02-11T02:12:18.0834430Z   cache-environment-key: tardis-conda-env-osx-arm64-bf0d0a4d4c847cca72476c6c68c493d56c484aada7e80de0e42c7607fcef5824-v1
2025-02-11T02:12:18.0835110Z   cache-downloads-key: tardis-conda-env-osx-arm64-bf0d0a4d4c847cca72476c6c68c493d56c484aada7e80de0e42c7607fcef5824-v1
2025-02-11T02:12:18.0835580Z   environment-name: tardis
2025-02-11T02:12:18.0835770Z   cache-environment: true
2025-02-11T02:12:18.0835940Z   cache-downloads: true
2025-02-11T02:12:18.0836420Z env:
2025-02-11T02:12:18.0836580Z   CACHE_NUMBER: 0
2025-02-11T02:12:18.0837150Z   PYTEST_FLAGS: --tardis-regression-data=/Users/runner/work/tardis/tardis/tardis-regression-data --cov=tardis --cov-report=xml --cov-report=html --cov-append
2025-02-11T02:12:18.0837780Z   CODECOV_TOKEN: 
2025-02-11T02:12:18.0837990Z ##[endgroup]
2025-02-11T02:12:18.7608400Z Will download micromamba to /Users/runner/micromamba-bin/micromamba
2025-02-11T02:12:18.7622670Z ##[group]Install micromamba
2025-02-11T02:12:19.5681610Z micromamba installed to /Users/runner/micromamba-bin/micromamba
2025-02-11T02:12:19.5683720Z ##[endgroup]
2025-02-11T02:12:19.5685310Z Adding conda-forge to condarc channels ...
2025-02-11T02:12:19.5701550Z ##[group]Initialize micromamba for bash.
2025-02-11T02:12:19.5712750Z [command]/Users/runner/micromamba-bin/micromamba shell init -s bash -r /Users/runner/micromamba --log-level warning --rc-file /Users/runner/work/_temp/setup-micromamba/.condarc
2025-02-11T02:12:19.6158430Z Modifying RC file "/Users/runner/.bash_profile"
2025-02-11T02:12:19.6161550Z Generating config for root prefix [1m"/Users/runner/micromamba"[0m
2025-02-11T02:12:19.6162820Z Setting mamba executable to: [1m"/Users/runner/micromamba-bin/micromamba"[0m
2025-02-11T02:12:19.6163220Z Adding (or replacing) the following in your "/Users/runner/.bash_profile" file
2025-02-11T02:12:19.6163450Z 
2025-02-11T02:12:19.6163530Z # >>> mamba initialize >>>
2025-02-11T02:12:19.6163750Z # !! Contents within this block are managed by 'mamba init' !!
2025-02-11T02:12:19.6164050Z export MAMBA_EXE='/Users/runner/micromamba-bin/micromamba';
2025-02-11T02:12:19.6164350Z export MAMBA_ROOT_PREFIX='/Users/runner/micromamba';
2025-02-11T02:12:19.6164780Z __mamba_setup="$("$MAMBA_EXE" shell hook --shell bash --root-prefix "$MAMBA_ROOT_PREFIX" 2> /dev/null)"
2025-02-11T02:12:19.6165780Z if [ $? -eq 0 ]; then
2025-02-11T02:12:19.6165980Z     eval "$__mamba_setup"
2025-02-11T02:12:19.6166140Z else
2025-02-11T02:12:19.6166380Z     alias micromamba="$MAMBA_EXE"  # Fallback on help from mamba activate
2025-02-11T02:12:19.6166640Z fi
2025-02-11T02:12:19.6166770Z unset __mamba_setup
2025-02-11T02:12:19.6166960Z # <<< mamba initialize <<<
2025-02-11T02:12:19.6167080Z 
2025-02-11T02:12:19.6168360Z ##[endgroup]
2025-02-11T02:12:19.6169030Z ##[group]Restoring downloads from `/Users/runner/micromamba/pkgs` ...
2025-02-11T02:12:21.0500040Z Received 33554432 of 310594474 (10.8%), 32.0 MBs/sec
2025-02-11T02:12:22.0496350Z Received 75497472 of 310594474 (24.3%), 36.0 MBs/sec
2025-02-11T02:12:23.0497740Z Received 130023424 of 310594474 (41.9%), 41.3 MBs/sec
2025-02-11T02:12:24.0506540Z Received 180355072 of 310594474 (58.1%), 43.0 MBs/sec
2025-02-11T02:12:25.0501620Z Received 255852544 of 310594474 (82.4%), 48.8 MBs/sec
2025-02-11T02:12:25.9445460Z Cache Size: ~296 MB (310594474 B)
2025-02-11T02:12:25.9482210Z [command]/opt/homebrew/bin/gtar -xf /Users/runner/work/_temp/7fe84f37-000e-43c9-8c44-263d15e3257c/cache.tzst -P -C /Users/runner/work/tardis/tardis --delay-directory-restore --use-compress-program unzstd
2025-02-11T02:12:26.0521090Z Received 310594474 of 310594474 (100.0%), 49.3 MBs/sec
2025-02-11T02:12:26.8357360Z Cache restored successfully
2025-02-11T02:12:26.8394700Z Restored cache with key `tardis-conda-env-osx-arm64-bf0d0a4d4c847cca72476c6c68c493d56c484aada7e80de0e42c7607fcef5824-v1-osx-arm64`
2025-02-11T02:12:26.8399640Z ##[endgroup]
2025-02-11T02:12:26.8438110Z ##[group]Restoring environment `tardis` from `/Users/runner/micromamba/envs/tardis` ...
2025-02-11T02:12:28.2496620Z Received 33554432 of 385513979 (8.7%), 32.0 MBs/sec
2025-02-11T02:12:29.2508750Z Received 75497472 of 385513979 (19.6%), 36.0 MBs/sec
2025-02-11T02:12:30.2514100Z Received 142606336 of 385513979 (37.0%), 45.3 MBs/sec
2025-02-11T02:12:31.2537710Z Received 197132288 of 385513979 (51.1%), 47.0 MBs/sec
2025-02-11T02:12:32.2531780Z Received 268435456 of 385513979 (69.6%), 51.2 MBs/sec
2025-02-11T02:12:33.2542660Z Received 327155712 of 385513979 (84.9%), 52.0 MBs/sec
2025-02-11T02:12:34.0923450Z Cache Size: ~368 MB (385513979 B)
2025-02-11T02:12:34.0964220Z [command]/opt/homebrew/bin/gtar -xf /Users/runner/work/_temp/d409e525-5c59-4694-9341-28cf097d1c2f/cache.tzst -P -C /Users/runner/work/tardis/tardis --delay-directory-restore --use-compress-program unzstd
2025-02-11T02:12:34.2644990Z Received 385513979 of 385513979 (100.0%), 52.5 MBs/sec
2025-02-11T02:12:50.0490310Z Cache restored successfully
2025-02-11T02:12:50.0535260Z Restored cache with key `tardis-conda-env-osx-arm64-bf0d0a4d4c847cca72476c6c68c493d56c484aada7e80de0e42c7607fcef5824-v1-osx-arm64-tardis-args-4f53cda-root-873f6fe-bin-[object Promise]-file-bf0d0a4d4c847cca72476c6c68c493d56c484aada7e80de0e42c7607fcef5824`
2025-02-11T02:12:50.0538050Z ##[endgroup]
2025-02-11T02:12:50.0541050Z Adding environment tardis to auto-activate bash ...
2025-02-11T02:12:50.0546530Z Generating micromamba run shell.
2025-02-11T02:12:50.0561330Z ##[endgroup]
2025-02-11T02:12:50.0567140Z Set environment variables.
2025-02-11T02:12:50.0574210Z ##[group]micromamba info
2025-02-11T02:12:50.0578350Z [command]/Users/runner/micromamba-bin/micromamba info -r /Users/runner/micromamba -n tardis
2025-02-11T02:12:50.5416550Z 
2025-02-11T02:12:50.5434910Z        libmamba version : 1.5.10
2025-02-11T02:12:50.5463260Z      micromamba version : 1.5.10
2025-02-11T02:12:50.5463960Z            curl version : libcurl/8.10.1 (OpenSSL/3.3.2) SecureTransport zlib/1.3.1 zstd/1.5.6 libssh2/1.11.0 nghttp2/1.58.0
2025-02-11T02:12:50.5465780Z      libarchive version : libarchive 3.7.4 zlib/1.2.13 bz2lib/1.0.8 libzstd/1.5.6
2025-02-11T02:12:50.5466230Z        envs directories : /Users/runner/micromamba/envs
2025-02-11T02:12:50.5467410Z           package cache : /Users/runner/micromamba/pkgs
2025-02-11T02:12:50.5468310Z                           /Users/runner/.mamba/pkgs
2025-02-11T02:12:50.5470750Z             environment : tardis
2025-02-11T02:12:50.5477200Z            env location : /Users/runner/micromamba/envs/tardis
2025-02-11T02:12:50.5477730Z       user config files : /Users/runner/.mambarc
2025-02-11T02:12:50.5478100Z  populated config files : /Users/runner/work/_temp/setup-micromamba/.condarc
2025-02-11T02:12:50.5478540Z        virtual packages : __unix=0=0
2025-02-11T02:12:50.5478810Z                           __osx=14.7.2=0
2025-02-11T02:12:50.5479150Z                           __archspec=1=arm64
2025-02-11T02:12:50.5479550Z                channels : https://conda.anaconda.org/conda-forge/osx-arm64
2025-02-11T02:12:50.5480030Z                           https://conda.anaconda.org/conda-forge/noarch
2025-02-11T02:12:50.5480360Z        base environment : /Users/runner/micromamba
2025-02-11T02:12:50.5480700Z                platform : osx-arm64
2025-02-11T02:12:50.5481250Z ##[endgroup]
2025-02-11T02:12:50.5481630Z ##[group]micromamba list
2025-02-11T02:12:50.5482270Z [command]/Users/runner/micromamba-bin/micromamba list -r /Users/runner/micromamba -n tardis
2025-02-11T02:12:50.9182470Z List of packages in environment: "/Users/runner/micromamba/envs/tardis"
2025-02-11T02:12:50.9183570Z 
2025-02-11T02:12:50.9187190Z   Name                           Version              Build                    Channel    
2025-02-11T02:12:50.9190970Z ────────────────────────────────────────────────────────────────────────────────────────────
2025-02-11T02:12:50.9191470Z   alabaster                      0.7.16               pyhd8ed1ab_0             conda-forge
2025-02-11T02:12:50.9191850Z   anyio                          4.4.0                pyhd8ed1ab_0             conda-forge
2025-02-11T02:12:50.9192310Z   appnope                        0.1.4                pyhd8ed1ab_0             conda-forge
2025-02-11T02:12:50.9192690Z   argon2-cffi                    23.1.0               pyhd8ed1ab_0             conda-forge
2025-02-11T02:12:50.9193200Z   argon2-cffi-bindings           21.2.0               py312h02f2b3b_4          conda-forge
2025-02-11T02:12:50.9193660Z   arrow                          1.3.0                pyhd8ed1ab_0             conda-forge
2025-02-11T02:12:50.9194130Z   astropy                        6.1.1                py312hbebd99a_0          conda-forge
2025-02-11T02:12:50.9194580Z   astropy-iers-data              0.2024.6.17.0.31.35  pyhd8ed1ab_0             conda-forge
2025-02-11T02:12:50.9195010Z   astropy-sphinx-theme           1.1                  pyhd8ed1ab_0             conda-forge
2025-02-11T02:12:50.9195490Z   asttokens                      2.4.1                pyhd8ed1ab_0             conda-forge
2025-02-11T02:12:50.9195850Z   async-lru                      2.0.4                pyhd8ed1ab_0             conda-forge
2025-02-11T02:12:50.9196310Z   atk-1.0                        2.38.0               hd03087b_2               conda-forge
2025-02-11T02:12:50.9196660Z   attrs                          23.2.0               pyh71513ae_0             conda-forge
2025-02-11T02:12:50.9197090Z   babel                          2.14.0               pyhd8ed1ab_0             conda-forge
2025-02-11T02:12:50.9200160Z   beautifulsoup4                 4.12.3               pyha770c72_0             conda-forge
2025-02-11T02:12:50.9201340Z   bleach                         6.1.0                pyhd8ed1ab_0             conda-forge
2025-02-11T02:12:50.9202190Z   blosc                          1.21.5               h9c252e8_1               conda-forge
2025-02-11T02:12:50.9203280Z   brotli                         1.1.0                hb547adb_1               conda-forge
2025-02-11T02:12:50.9204150Z   brotli-bin                     1.1.0                hb547adb_1               conda-forge
2025-02-11T02:12:50.9205420Z   brotli-python                  1.1.0                py312h9f69965_1          conda-forge
2025-02-11T02:12:50.9206600Z   bzip2                          1.0.8                h93a5062_5               conda-forge
2025-02-11T02:12:50.9207020Z   c-ares                         1.28.1               h93a5062_0               conda-forge
2025-02-11T02:12:50.9207810Z   c-blosc2                       2.14.4               ha57e6be_1               conda-forge
2025-02-11T02:12:50.9208240Z   ca-certificates                2024.6.2             hf0a4a13_0               conda-forge
2025-02-11T02:12:50.9208750Z   cached-property                1.5.2                hd8ed1ab_1               conda-forge
2025-02-11T02:12:50.9209160Z   cached_property                1.5.2                pyha770c72_1             conda-forge
2025-02-11T02:12:50.9209610Z   cairo                          1.18.0               hd1e100b_0               conda-forge
2025-02-11T02:12:50.9209970Z   certifi                        2024.6.2             pyhd8ed1ab_0             conda-forge
2025-02-11T02:12:50.9210390Z   cffi                           1.16.0               py312h8e38eb3_0          conda-forge
2025-02-11T02:12:50.9210800Z   charset-normalizer             3.3.2                pyhd8ed1ab_0             conda-forge
2025-02-11T02:12:50.9211280Z   click                          8.1.7                unix_pyh707e725_0        conda-forge
2025-02-11T02:12:50.9211730Z   codespell                      2.3.0                pyhd8ed1ab_0             conda-forge
2025-02-11T02:12:50.9212120Z   colorama                       0.4.6                pyhd8ed1ab_0             conda-forge
2025-02-11T02:12:50.9212540Z   comm                           0.2.2                pyhd8ed1ab_0             conda-forge
2025-02-11T02:12:50.9212910Z   commonmark                     0.9.1                py_0                     conda-forge
2025-02-11T02:12:50.9213360Z   contourpy                      1.2.1                py312h0fef576_0          conda-forge
2025-02-11T02:12:50.9213730Z   coverage                       7.5.3                py312h7e5086c_0          conda-forge
2025-02-11T02:12:50.9214180Z   cycler                         0.12.1               pyhd8ed1ab_0             conda-forge
2025-02-11T02:12:50.9214590Z   dataclasses                    0.8                  pyhc8e2a94_3             conda-forge
2025-02-11T02:12:50.9216140Z   debugpy                        1.8.1                py312h20a0b95_0          conda-forge
2025-02-11T02:12:50.9216520Z   decorator                      5.1.1                pyhd8ed1ab_0             conda-forge
2025-02-11T02:12:50.9216990Z   defusedxml                     0.7.1                pyhd8ed1ab_0             conda-forge
2025-02-11T02:12:50.9217430Z   docutils                       0.20.1               py312h81bd7bf_3          conda-forge
2025-02-11T02:12:50.9217820Z   dot2tex                        2.11.3               pyhd8ed1ab_0             conda-forge
2025-02-11T02:12:50.9218270Z   entrypoints                    0.4                  pyhd8ed1ab_0             conda-forge
2025-02-11T02:12:50.9218680Z   exceptiongroup                 1.2.0                pyhd8ed1ab_2             conda-forge
2025-02-11T02:12:50.9219130Z   executing                      2.0.1                pyhd8ed1ab_0             conda-forge
2025-02-11T02:12:50.9219500Z   expat                          2.6.2                hebf3989_0               conda-forge
2025-02-11T02:12:50.9220570Z   font-ttf-dejavu-sans-mono      2.37                 hab24e00_0               conda-forge
2025-02-11T02:12:50.9221050Z   font-ttf-inconsolata           3.000                h77eed37_0               conda-forge
2025-02-11T02:12:50.9221550Z   font-ttf-source-code-pro       2.038                h77eed37_0               conda-forge
2025-02-11T02:12:50.9222000Z   font-ttf-ubuntu                0.83                 h77eed37_2               conda-forge
2025-02-11T02:12:50.9222470Z   fontconfig                     2.14.2               h82840c6_0               conda-forge
2025-02-11T02:12:50.9223020Z   fonts-conda-ecosystem          1                    0                        conda-forge
2025-02-11T02:12:50.9223520Z   fonts-conda-forge              1                    0                        conda-forge
2025-02-11T02:12:50.9224010Z   fonttools                      4.53.0               py312h7e5086c_0          conda-forge
2025-02-11T02:12:50.9224700Z   fqdn                           1.5.1                pyhd8ed1ab_0             conda-forge
2025-02-11T02:12:50.9225280Z   freetype                       2.12.1               hadb7bae_2               conda-forge
2025-02-11T02:12:50.9225760Z   fribidi                        1.0.10               h27ca646_0               conda-forge
2025-02-11T02:12:50.9226480Z   future                         1.0.0                pyhd8ed1ab_0             conda-forge
2025-02-11T02:12:50.9226930Z   gdk-pixbuf                     2.42.12              h7ddc832_0               conda-forge
2025-02-11T02:12:50.9227410Z   gettext                        0.22.5               h8fbad5d_2               conda-forge
2025-02-11T02:12:50.9228000Z   gettext-tools                  0.22.5               h8fbad5d_2               conda-forge
2025-02-11T02:12:50.9229140Z   giflib                         5.2.2                h93a5062_0               conda-forge
2025-02-11T02:12:50.9229550Z   git-lfs                        3.5.1                hce30654_0               conda-forge
2025-02-11T02:12:50.9229930Z   gmp                            6.3.0                hebf3989_1               conda-forge
2025-02-11T02:12:50.9230360Z   gmpy2                          2.1.5                py312hfa9fade_1          conda-forge
2025-02-11T02:12:50.9231150Z   graphite2                      1.3.13               hebf3989_1003            conda-forge
2025-02-11T02:12:50.9231640Z   graphviz                       11.0.0               h9bb9bc9_0               conda-forge
2025-02-11T02:12:50.9232000Z   gtk2                           2.24.33              h7895bb2_4               conda-forge
2025-02-11T02:12:50.9232380Z   gts                            0.7.6                he42f4ea_4               conda-forge
2025-02-11T02:12:50.9264150Z   h11                            0.14.0               pyhd8ed1ab_0             conda-forge
2025-02-11T02:12:50.9265360Z   h2                             4.1.0                pyhd8ed1ab_0             conda-forge
2025-02-11T02:12:50.9266550Z   h5py                           3.11.0               nompi_py312h903599c_102  conda-forge
2025-02-11T02:12:50.9267450Z   harfbuzz                       8.5.0                h1836168_0               conda-forge
2025-02-11T02:12:50.9268240Z   hdf5                           1.14.3               nompi_hec07895_105       conda-forge
2025-02-11T02:12:50.9269120Z   hpack                          4.0.0                pyh9f0ad1d_0             conda-forge
2025-02-11T02:12:50.9270220Z   httpcore                       1.0.5                pyhd8ed1ab_0             conda-forge
2025-02-11T02:12:50.9271080Z   httpx                          0.27.0               pyhd8ed1ab_0             conda-forge
2025-02-11T02:12:50.9272060Z   hyperframe                     6.0.1                pyhd8ed1ab_0             conda-forge
2025-02-11T02:12:50.9272970Z   icu                            73.2                 hc8870d7_0               conda-forge
2025-02-11T02:12:50.9273710Z   idna                           3.7                  pyhd8ed1ab_0             conda-forge
2025-02-11T02:12:50.9274720Z   imagesize                      1.4.1                pyhd8ed1ab_0             conda-forge
2025-02-11T02:12:50.9276620Z   importlib-metadata             7.1.0                pyha770c72_0             conda-forge
2025-02-11T02:12:50.9277530Z   importlib_metadata             7.1.0                hd8ed1ab_0               conda-forge
2025-02-11T02:12:50.9278470Z   importlib_resources            6.4.0                pyhd8ed1ab_0             conda-forge
2025-02-11T02:12:50.9279360Z   iniconfig                      2.0.0                pyhd8ed1ab_0             conda-forge
2025-02-11T02:12:50.9280320Z   ipykernel                      6.29.4               pyh57ce528_0             conda-forge
2025-02-11T02:12:50.9281150Z   ipython                        8.25.0               pyh707e725_0             conda-forge
2025-02-11T02:12:50.9282030Z   ipython_genutils               0.2.0                pyhd8ed1ab_1             conda-forge
2025-02-11T02:12:50.9283630Z   ipywidgets                     7.8.0                pyhd8ed1ab_0             conda-forge
2025-02-11T02:12:50.9285680Z   isoduration                    20.11.0              pyhd8ed1ab_0             conda-forge
2025-02-11T02:12:50.9286210Z   jedi                           0.19.1               pyhd8ed1ab_0             conda-forge
2025-02-11T02:12:50.9286600Z   jinja2                         3.1.4                pyhd8ed1ab_0             conda-forge
2025-02-11T02:12:50.9287140Z   json5                          0.9.25               pyhd8ed1ab_0             conda-forge
2025-02-11T02:12:50.9287560Z   jsonpointer                    3.0.0                py312h81bd7bf_0          conda-forge
2025-02-11T02:12:50.9288150Z   jsonschema                     4.22.0               pyhd8ed1ab_0             conda-forge
2025-02-11T02:12:50.9288640Z   jsonschema-specifications      2023.12.1            pyhd8ed1ab_0             conda-forge
2025-02-11T02:12:50.9289400Z   jsonschema-with-format-nongpl  4.22.0               pyhd8ed1ab_0             conda-forge
2025-02-11T02:12:50.9289920Z   jupyter-lsp                    2.2.5                pyhd8ed1ab_0             conda-forge
2025-02-11T02:12:50.9290400Z   jupyter_client                 8.6.2                pyhd8ed1ab_0             conda-forge
2025-02-11T02:12:50.9290850Z   jupyter_core                   5.7.2                py312h81bd7bf_0          conda-forge
2025-02-11T02:12:50.9291450Z   jupyter_events                 0.10.0               pyhd8ed1ab_0             conda-forge
2025-02-11T02:12:50.9291890Z   jupyter_server                 2.14.1               pyhd8ed1ab_0             conda-forge
2025-02-11T02:12:50.9292370Z   jupyter_server_terminals       0.5.3                pyhd8ed1ab_0             conda-forge
2025-02-11T02:12:50.9292890Z   jupyterlab                     4.2.2                pyhd8ed1ab_0             conda-forge
2025-02-11T02:12:50.9293340Z   jupyterlab_pygments            0.3.0                pyhd8ed1ab_1             conda-forge
2025-02-11T02:12:50.9293940Z   jupyterlab_server              2.27.2               pyhd8ed1ab_0             conda-forge
2025-02-11T02:12:50.9294410Z   jupyterlab_widgets             1.1.7                pyhd8ed1ab_0             conda-forge
2025-02-11T02:12:50.9294930Z   kiwisolver                     1.4.5                py312h389731b_1          conda-forge
2025-02-11T02:12:50.9295430Z   krb5                           1.21.2               h92f50d5_0               conda-forge
2025-02-11T02:12:50.9295980Z   latexcodec                     2.0.1                pyh9f0ad1d_0             conda-forge
2025-02-11T02:12:50.9296430Z   lcms2                          2.16                 ha0e7c42_0               conda-forge
2025-02-11T02:12:50.9296900Z   lerc                           4.0.0                h9a09cb3_0               conda-forge
2025-02-11T02:12:50.9297260Z   libaec                         1.1.3                hebf3989_0               conda-forge
2025-02-11T02:12:50.9297710Z   libasprintf                    0.22.5               h8fbad5d_2               conda-forge
2025-02-11T02:12:50.9298100Z   libasprintf-devel              0.22.5               h8fbad5d_2               conda-forge
2025-02-11T02:12:50.9299030Z   libblas                        3.9.0                22_osxarm64_openblas     conda-forge
2025-02-11T02:12:50.9299390Z   libbrotlicommon                1.1.0                hb547adb_1               conda-forge
2025-02-11T02:12:50.9299800Z   libbrotlidec                   1.1.0                hb547adb_1               conda-forge
2025-02-11T02:12:50.9300150Z   libbrotlienc                   1.1.0                hb547adb_1               conda-forge
2025-02-11T02:12:50.9300580Z   libcblas                       3.9.0                22_osxarm64_openblas     conda-forge
2025-02-11T02:12:50.9300960Z   libcurl                        8.8.0                h7b6f9a7_0               conda-forge
2025-02-11T02:12:50.9301280Z   libcxx                         17.0.6               h5f092b4_0               conda-forge
2025-02-11T02:12:50.9301910Z   libdeflate                     1.20                 h93a5062_0               conda-forge
2025-02-11T02:12:50.9302280Z   libedit                        3.1.20191231         hc8eb9b7_2               conda-forge
2025-02-11T02:12:50.9302910Z   libev                          4.33                 h93a5062_2               conda-forge
2025-02-11T02:12:50.9303240Z   libexpat                       2.6.2                hebf3989_0               conda-forge
2025-02-11T02:12:50.9303540Z   libffi                         3.4.2                h3422bc3_5               conda-forge
2025-02-11T02:12:50.9303870Z   libgd                          2.3.3                hfdf3952_9               conda-forge
2025-02-11T02:12:50.9304270Z   libgettextpo                   0.22.5               h8fbad5d_2               conda-forge
2025-02-11T02:12:50.9304650Z   libgettextpo-devel             0.22.5               h8fbad5d_2               conda-forge
2025-02-11T02:12:50.9305080Z   libgfortran                    5.0.0                13_2_0_hd922786_3        conda-forge
2025-02-11T02:12:50.9305490Z   libgfortran5                   13.2.0               hf226fd6_3               conda-forge
2025-02-11T02:12:50.9305850Z   libglib                        2.80.2               h59d46d9_1               conda-forge
2025-02-11T02:12:50.9306230Z   libiconv                       1.17                 h0d3ecfb_2               conda-forge
2025-02-11T02:12:50.9306590Z   libintl                        0.22.5               h8fbad5d_2               conda-forge
2025-02-11T02:12:50.9307000Z   libintl-devel                  0.22.5               h8fbad5d_2               conda-forge
2025-02-11T02:12:50.9307390Z   libjpeg-turbo                  3.0.0                hb547adb_1               conda-forge
2025-02-11T02:12:50.9307840Z   liblapack                      3.9.0                22_osxarm64_openblas     conda-forge
2025-02-11T02:12:50.9308220Z   libllvm14                      14.0.6               hd1a9a77_4               conda-forge
2025-02-11T02:12:50.9308620Z   libnghttp2                     1.58.0               ha4dd798_1               conda-forge
2025-02-11T02:12:50.9309000Z   libopenblas                    0.3.27               openmp_h6c19121_0        conda-forge
2025-02-11T02:12:50.9309440Z   libpng                         1.6.43               h091b4b1_0               conda-forge
2025-02-11T02:12:50.9309800Z   librsvg                        2.58.1               hbc281fb_0               conda-forge
2025-02-11T02:12:50.9310160Z   libsodium                      1.0.18               h27ca646_1               conda-forge
2025-02-11T02:12:50.9310570Z   libsqlite                      3.46.0               hfb93653_0               conda-forge
2025-02-11T02:12:50.9311020Z   libssh2                        1.11.0               h7a5bd25_0               conda-forge
2025-02-11T02:12:50.9311400Z   libtiff                        4.6.0                h07db509_3               conda-forge
2025-02-11T02:12:50.9311730Z   libwebp                        1.4.0                h54798ee_0               conda-forge
2025-02-11T02:12:50.9312120Z   libwebp-base                   1.4.0                h93a5062_0               conda-forge
2025-02-11T02:12:50.9312880Z   libxcb                         1.16                 hf2054a2_0               conda-forge
2025-02-11T02:12:50.9313270Z   libxml2                        2.12.7               ha661575_1               conda-forge
2025-02-11T02:12:50.9313610Z   libxslt                        1.1.39               h223e5b9_0               conda-forge
2025-02-11T02:12:50.9314060Z   libzlib                        1.3.1                hfb2fe0b_1               conda-forge
2025-02-11T02:12:50.9314470Z   llvm-openmp                    18.1.7               hde57baf_0               conda-forge
2025-02-11T02:12:50.9314840Z   llvmlite                       0.42.0               py312h17030e7_1          conda-forge
2025-02-11T02:12:50.9315240Z   lxml                           5.2.2                py312h0e5ab22_0          conda-forge
2025-02-11T02:12:50.9315800Z   lz4-c                          1.9.4                hb7217d7_0               conda-forge
2025-02-11T02:12:50.9316220Z   markupsafe                     2.1.5                py312he37b823_0          conda-forge
2025-02-11T02:12:50.9316540Z   matplotlib-base                3.8.4                py312h4479663_2          conda-forge
2025-02-11T02:12:50.9316890Z   matplotlib-inline              0.1.7                pyhd8ed1ab_0             conda-forge
2025-02-11T02:12:50.9317290Z   mistune                        3.0.2                pyhd8ed1ab_0             conda-forge
2025-02-11T02:12:50.9317570Z   mpc                            1.3.1                h91ba8db_0               conda-forge
2025-02-11T02:12:50.9317980Z   mpfr                           4.2.1                h41d338b_1               conda-forge
2025-02-11T02:12:50.9318360Z   mpmath                         1.3.0                pyhd8ed1ab_0             conda-forge
2025-02-11T02:12:50.9318690Z   munkres                        1.1.4                pyh9f0ad1d_0             conda-forge
2025-02-11T02:12:50.9319060Z   mypy_extensions                1.0.0                pyha770c72_0             conda-forge
2025-02-11T02:12:50.9319400Z   nbclassic                      1.1.0                pyhd8ed1ab_0             conda-forge
2025-02-11T02:12:50.9320110Z   nbclient                       0.10.0               pyhd8ed1ab_0             conda-forge
2025-02-11T02:12:50.9320470Z   nbconvert                      7.16.4               hd8ed1ab_1               conda-forge
2025-02-11T02:12:50.9320850Z   nbconvert-core                 7.16.4               pyhd8ed1ab_1             conda-forge
2025-02-11T02:12:50.9321240Z   nbconvert-pandoc               7.16.4               hd8ed1ab_1               conda-forge
2025-02-11T02:12:50.9321630Z   nbformat                       5.10.4               pyhd8ed1ab_0             conda-forge
2025-02-11T02:12:50.9321980Z   nbsphinx                       0.9.4                pyhd8ed1ab_0             conda-forge
2025-02-11T02:12:50.9322330Z   ncurses                        6.5                  hb89a1cb_0               conda-forge
2025-02-11T02:12:50.9322640Z   nest-asyncio                   1.6.0                pyhd8ed1ab_0             conda-forge
2025-02-11T02:12:50.9323020Z   networkx                       3.3                  pyhd8ed1ab_1             conda-forge
2025-02-11T02:12:50.9323360Z   notebook                       7.2.1                pyhd8ed1ab_0             conda-forge
2025-02-11T02:12:50.9323710Z   notebook-shim                  0.2.4                pyhd8ed1ab_0             conda-forge
2025-02-11T02:12:50.9324100Z   numba                          0.59.1               py312hbaff935_0          conda-forge
2025-02-11T02:12:50.9324410Z   numexpr                        2.10.0               py312h8ae5369_0          conda-forge
2025-02-11T02:12:50.9324790Z   numpy                          1.26.4               py312h8442bc7_0          conda-forge
2025-02-11T02:12:50.9325100Z   numpydoc                       1.7.0                pyhd8ed1ab_1             conda-forge
2025-02-11T02:12:50.9325410Z   openjpeg                       2.5.2                h9f1df11_0               conda-forge
2025-02-11T02:12:50.9326470Z   openssl                        3.3.1                hfb2fe0b_0               conda-forge
2025-02-11T02:12:50.9326770Z   overrides                      7.7.0                pyhd8ed1ab_0             conda-forge
2025-02-11T02:12:50.9327080Z   packaging                      24.1                 pyhd8ed1ab_0             conda-forge
2025-02-11T02:12:50.9327380Z   pandas                         2.2.2                py312h8ae5369_1          conda-forge
2025-02-11T02:12:50.9327670Z   pandoc                         3.2                  hce30654_0               conda-forge
2025-02-11T02:12:50.9328060Z   pandocfilters                  1.5.0                pyhd8ed1ab_0             conda-forge
2025-02-11T02:12:50.9328370Z   pango                          1.54.0               h5cb9fbc_0               conda-forge
2025-02-11T02:12:50.9328680Z   parso                          0.8.4                pyhd8ed1ab_0             conda-forge
2025-02-11T02:12:50.9329130Z   pathspec                       0.12.1               pyhd8ed1ab_0             conda-forge
2025-02-11T02:12:50.9329440Z   pbr                            6.0.0                pyhd8ed1ab_0             conda-forge
2025-02-11T02:12:50.9329840Z   pcre2                          10.44                h297a79d_0               conda-forge
2025-02-11T02:12:50.9330140Z   pexpect                        4.9.0                pyhd8ed1ab_0             conda-forge
2025-02-11T02:12:50.9330460Z   pickleshare                    0.7.5                py_1003                  conda-forge
2025-02-11T02:12:50.9330760Z   pillow                         10.3.0               py312h39b1d8d_1          conda-forge
2025-02-11T02:12:50.9331060Z   pip                            24.0                 pyhd8ed1ab_0             conda-forge
2025-02-11T02:12:50.9331350Z   pixman                         0.43.4               hebf3989_0               conda-forge
2025-02-11T02:12:50.9331880Z   pkgutil-resolve-name           1.3.10               pyhd8ed1ab_1             conda-forge
2025-02-11T02:12:50.9332250Z   platformdirs                   4.2.2                pyhd8ed1ab_0             conda-forge
2025-02-11T02:12:50.9332570Z   plotly                         5.22.0               pyhd8ed1ab_0             conda-forge
2025-02-11T02:12:50.9332870Z   pluggy                         1.5.0                pyhd8ed1ab_0             conda-forge
2025-02-11T02:12:50.9333200Z   prometheus_client              0.20.0               pyhd8ed1ab_0             conda-forge
2025-02-11T02:12:50.9333550Z   prompt-toolkit                 3.0.47               pyha770c72_0             conda-forge
2025-02-11T02:12:50.9333870Z   psutil                         5.9.8                py312he37b823_0          conda-forge
2025-02-11T02:12:50.9334190Z   pthread-stubs                  0.4                  h27ca646_1001            conda-forge
2025-02-11T02:12:50.9334510Z   ptyprocess                     0.7.0                pyhd3deb0d_0             conda-forge
2025-02-11T02:12:50.9334820Z   pure_eval                      0.2.2                pyhd8ed1ab_0             conda-forge
2025-02-11T02:12:50.9335140Z   py-cpuinfo                     9.0.0                pyhd8ed1ab_0             conda-forge
2025-02-11T02:12:50.9335440Z   pybtex                         0.24.0               pyhd8ed1ab_2             conda-forge
2025-02-11T02:12:50.9335760Z   pybtex-docutils                1.0.3                py312h81bd7bf_1          conda-forge
2025-02-11T02:12:50.9336080Z   pycparser                      2.22                 pyhd8ed1ab_0             conda-forge
2025-02-11T02:12:50.9336380Z   pyerfa                         2.0.1.4              py312hbebd99a_1          conda-forge
2025-02-11T02:12:50.9336680Z   pygments                       2.18.0               pyhd8ed1ab_0             conda-forge
2025-02-11T02:12:50.9336990Z   pygraphviz                     1.13                 py312h5f4d302_1          conda-forge
2025-02-11T02:12:50.9337310Z   pyobjc-core                    10.3.1               py312hbb55c70_0          conda-forge
2025-02-11T02:12:50.9338050Z   pyobjc-framework-cocoa         10.3.1               py312hbb55c70_0          conda-forge
2025-02-11T02:12:50.9338400Z   pyparsing                      3.1.2                pyhd8ed1ab_0             conda-forge
2025-02-11T02:12:50.9338710Z   pysocks                        1.7.1                pyha2e5f31_6             conda-forge
2025-02-11T02:12:50.9339110Z   pytables                       3.9.2                py312hb622ae1_2          conda-forge
2025-02-11T02:12:50.9339410Z   pytest                         8.2.2                pyhd8ed1ab_0             conda-forge
2025-02-11T02:12:50.9339720Z   pytest-cov                     5.0.0                pyhd8ed1ab_0             conda-forge
2025-02-11T02:12:50.9340070Z   pytest-doctestplus             1.2.1                pyhd8ed1ab_0             conda-forge
2025-02-11T02:12:50.9340410Z   pytest-html                    4.1.1                pyhd8ed1ab_0             conda-forge
2025-02-11T02:12:50.9341050Z   pytest-metadata                3.1.1                pyhd8ed1ab_0             conda-forge
2025-02-11T02:12:50.9341450Z   python                         3.12.4               h30c5eda_0_cpython       conda-forge
2025-02-11T02:12:50.9341770Z   python-dateutil                2.9.0                pyhd8ed1ab_0             conda-forge
2025-02-11T02:12:50.9342130Z   python-fastjsonschema          2.20.0               pyhd8ed1ab_0             conda-forge
2025-02-11T02:12:50.9342490Z   python-json-logger             2.0.7                pyhd8ed1ab_0             conda-forge
2025-02-11T02:12:50.9342830Z   python-tzdata                  2024.1               pyhd8ed1ab_0             conda-forge
2025-02-11T02:12:50.9343150Z   python_abi                     3.12                 4_cp312                  conda-forge
2025-02-11T02:12:50.9343440Z   pytz                           2024.1               pyhd8ed1ab_0             conda-forge
2025-02-11T02:12:50.9343740Z   pyyaml                         6.0.1                py312h02f2b3b_1          conda-forge
2025-02-11T02:12:50.9344050Z   pyzmq                          26.0.3               py312hfa13136_0          conda-forge
2025-02-11T02:12:50.9344340Z   qgrid                          1.3.1                pyhd8ed1ab_4             conda-forge
2025-02-11T02:12:50.9344680Z   radioactivedecay               0.5.1                pyhd8ed1ab_0             conda-forge
2025-02-11T02:12:50.9345010Z   readline                       8.2                  h92ec313_1               conda-forge
2025-02-11T02:12:50.9345320Z   recommonmark                   0.7.1                pyhd8ed1ab_0             conda-forge
2025-02-11T02:12:50.9345640Z   referencing                    0.35.1               pyhd8ed1ab_0             conda-forge
2025-02-11T02:12:50.9345950Z   requests                       2.32.3               pyhd8ed1ab_0             conda-forge
2025-02-11T02:12:50.9346270Z   rfc3339-validator              0.1.4                pyhd8ed1ab_0             conda-forge
2025-02-11T02:12:50.9346630Z   rfc3986-validator              0.1.1                pyh9f0ad1d_0             conda-forge
2025-02-11T02:12:50.9346970Z   rpds-py                        0.18.1               py312h552d48e_0          conda-forge
2025-02-11T02:12:50.9347260Z   ruff                           0.4.9                py312h3402d49_0          conda-forge
2025-02-11T02:12:50.9347560Z   scipy                          1.13.1               py312h14ffa8f_0          conda-forge
2025-02-11T02:12:50.9347860Z   send2trash                     1.8.3                pyh31c8845_0             conda-forge
2025-02-11T02:12:50.9348180Z   setuptools                     70.0.0               pyhd8ed1ab_0             conda-forge
2025-02-11T02:12:50.9348490Z   setuptools-scm                 8.1.0                pyhd8ed1ab_0             conda-forge
2025-02-11T02:12:50.9348810Z   setuptools_scm                 8.1.0                hd8ed1ab_0               conda-forge
2025-02-11T02:12:50.9349100Z   six                            1.16.0               pyh6c4a22f_0             conda-forge
2025-02-11T02:12:50.9349580Z   snakeviz                       2.2.0                pyhd8ed1ab_0             conda-forge
2025-02-11T02:12:50.9349870Z   snappy                         1.2.0                hd04f947_1               conda-forge
2025-02-11T02:12:50.9350160Z   sniffio                        1.3.1                pyhd8ed1ab_0             conda-forge
2025-02-11T02:12:50.9350470Z   snowballstemmer                2.2.0                pyhd8ed1ab_0             conda-forge
2025-02-11T02:12:50.9350780Z   soupsieve                      2.5                  pyhd8ed1ab_1             conda-forge
2025-02-11T02:12:50.9351060Z   sphinx                         7.3.7                pyhd8ed1ab_0             conda-forge
2025-02-11T02:12:50.9351370Z   sphinx-astropy                 1.9.1                pyhd8ed1ab_0             conda-forge
2025-02-11T02:12:50.9351700Z   sphinx-automodapi              0.17.0               pyh717bed2_1             conda-forge
2025-02-11T02:12:50.9352190Z   sphinx-gallery                 0.16.0               pyhd8ed1ab_0             conda-forge
2025-02-11T02:12:50.9352530Z   sphinx-jsonschema              1.19.1               pyhd8ed1ab_0             conda-forge
2025-02-11T02:12:50.9352890Z   sphinx_bootstrap_theme         0.8.1                pyhd8ed1ab_0             conda-forge
2025-02-11T02:12:50.9353240Z   sphinx_rtd_theme               2.0.0                pyha770c72_0             conda-forge
2025-02-11T02:12:50.9353580Z   sphinxcontrib-apidoc           0.3.0                py_1                     conda-forge
2025-02-11T02:12:50.9353960Z   sphinxcontrib-applehelp        1.0.8                pyhd8ed1ab_0             conda-forge
2025-02-11T02:12:50.9354380Z   sphinxcontrib-bibtex           2.6.2                pyhd8ed1ab_0             conda-forge
2025-02-11T02:12:50.9354750Z   sphinxcontrib-devhelp          1.0.6                pyhd8ed1ab_0             conda-forge
2025-02-11T02:12:50.9355130Z   sphinxcontrib-htmlhelp         2.0.5                pyhd8ed1ab_0             conda-forge
2025-02-11T02:12:50.9355540Z   sphinxcontrib-jquery           4.1                  pyhd8ed1ab_0             conda-forge
2025-02-11T02:12:50.9355910Z   sphinxcontrib-jsmath           1.0.1                pyhd8ed1ab_0             conda-forge
2025-02-11T02:12:50.9356260Z   sphinxcontrib-qthelp           1.0.7                pyhd8ed1ab_0             conda-forge
2025-02-11T02:12:50.9356640Z   sphinxcontrib-serializinghtml  1.1.10               pyhd8ed1ab_0             conda-forge
2025-02-11T02:12:50.9356990Z   stack_data                     0.6.2                pyhd8ed1ab_0             conda-forge
2025-02-11T02:12:50.9357290Z   sympy                          1.12.1               pypyh2585a3b_103         conda-forge
2025-02-11T02:12:50.9357580Z   tabulate                       0.9.0                pyhd8ed1ab_1             conda-forge
2025-02-11T02:12:50.9357890Z   tenacity                       8.4.1                pyhd8ed1ab_0             conda-forge
2025-02-11T02:12:50.9358200Z   terminado                      0.18.1               pyh31c8845_0             conda-forge
2025-02-11T02:12:50.9358510Z   tinycss2                       1.3.0                pyhd8ed1ab_0             conda-forge
2025-02-11T02:12:50.9358800Z   tk                             8.6.13               h5083fa2_1               conda-forge
2025-02-11T02:12:50.9359070Z   toml                           0.10.2               pyhd8ed1ab_0             conda-forge
2025-02-11T02:12:50.9359350Z   tomli                          2.0.1                pyhd8ed1ab_0             conda-forge
2025-02-11T02:12:50.9359650Z   tornado                        6.4.1                py312h7e5086c_0          conda-forge
2025-02-11T02:12:50.9359940Z   tqdm                           4.66.4               pyhd8ed1ab_0             conda-forge
2025-02-11T02:12:50.9360240Z   traitlets                      5.14.3               pyhd8ed1ab_0             conda-forge
2025-02-11T02:12:50.9360540Z   typed-ast                      1.5.5                py312h02f2b3b_1          conda-forge
2025-02-11T02:12:50.9361070Z   types-python-dateutil          2.9.0.20240316       pyhd8ed1ab_0             conda-forge
2025-02-11T02:12:50.9361440Z   typing-extensions              4.12.2               hd8ed1ab_0               conda-forge
2025-02-11T02:12:50.9361780Z   typing_extensions              4.12.2               pyha770c72_0             conda-forge
2025-02-11T02:12:50.9362100Z   typing_utils                   0.1.0                pyhd8ed1ab_0             conda-forge
2025-02-11T02:12:50.9362410Z   tzdata                         2024a                h0c530f3_0               conda-forge
2025-02-11T02:12:50.9362720Z   uri-template                   1.3.0                pyhd8ed1ab_0             conda-forge
2025-02-11T02:12:50.9363030Z   urllib3                        2.2.2                pyhd8ed1ab_0             conda-forge
2025-02-11T02:12:50.9363340Z   wcwidth                        0.2.13               pyhd8ed1ab_0             conda-forge
2025-02-11T02:12:50.9363780Z   webcolors                      24.6.0               pyhd8ed1ab_0             conda-forge
2025-02-11T02:12:50.9364100Z   webencodings                   0.5.1                pyhd8ed1ab_2             conda-forge
2025-02-11T02:12:50.9364430Z   websocket-client               1.8.0                pyhd8ed1ab_0             conda-forge
2025-02-11T02:12:50.9364750Z   wheel                          0.43.0               pyhd8ed1ab_1             conda-forge
2025-02-11T02:12:50.9365070Z   widgetsnbextension             3.6.6                pyhd8ed1ab_0             conda-forge
2025-02-11T02:12:50.9365400Z   xorg-libxau                    1.0.11               hb547adb_0               conda-forge
2025-02-11T02:12:50.9365720Z   xorg-libxdmcp                  1.1.3                h27ca646_0               conda-forge
2025-02-11T02:12:50.9366020Z   xz                             5.2.6                h57fd34a_0               conda-forge
2025-02-11T02:12:50.9366290Z   yaml                           0.2.5                h3422bc3_2               conda-forge
2025-02-11T02:12:50.9366590Z   zeromq                         4.3.5                hcc0f68c_4               conda-forge
2025-02-11T02:12:50.9366880Z   zipp                           3.19.2               pyhd8ed1ab_0             conda-forge
2025-02-11T02:12:50.9367160Z   zlib                           1.3.1                hfb2fe0b_1               conda-forge
2025-02-11T02:12:50.9367430Z   zlib-ng                        2.0.7                h1a8c8d9_0               conda-forge
2025-02-11T02:12:50.9367710Z   zstd                           1.5.6                hb46c0d2_0               conda-forge
2025-02-11T02:12:50.9369830Z ##[endgroup]
2025-02-11T02:12:50.9565110Z ##[group]Run pip install -e . --user
2025-02-11T02:12:50.9565410Z [36;1mpip install -e . --user[0m
2025-02-11T02:12:51.0755160Z shell: /bin/bash -l {0}
2025-02-11T02:12:51.0755400Z env:
2025-02-11T02:12:51.0755560Z   CACHE_NUMBER: 0
2025-02-11T02:12:51.0756080Z   PYTEST_FLAGS: --tardis-regression-data=/Users/runner/work/tardis/tardis/tardis-regression-data --cov=tardis --cov-report=xml --cov-report=html --cov-append
2025-02-11T02:12:51.0756630Z   CODECOV_TOKEN: 
2025-02-11T02:12:51.0756810Z   MAMBA_ROOT_PREFIX: /Users/runner/micromamba
2025-02-11T02:12:51.0757060Z   MAMBA_EXE: /Users/runner/micromamba-bin/micromamba
2025-02-11T02:12:51.0757370Z   CONDARC: /Users/runner/work/_temp/setup-micromamba/.condarc
2025-02-11T02:12:51.0757620Z ##[endgroup]
2025-02-11T02:12:52.1541500Z Obtaining file:///Users/runner/work/tardis/tardis
2025-02-11T02:12:52.1565560Z   Installing build dependencies: started
2025-02-11T02:12:55.1098510Z   Installing build dependencies: finished with status 'done'
2025-02-11T02:12:55.1107340Z   Checking if build backend supports build_editable: started
2025-02-11T02:12:55.2097980Z   Checking if build backend supports build_editable: finished with status 'done'
2025-02-11T02:12:55.2107600Z   Getting requirements to build editable: started
2025-02-11T02:12:55.7511130Z   Getting requirements to build editable: finished with status 'done'
2025-02-11T02:12:55.7522120Z   Preparing editable metadata (pyproject.toml): started
2025-02-11T02:12:56.1799130Z   Preparing editable metadata (pyproject.toml): finished with status 'done'
2025-02-11T02:12:56.2294580Z Requirement already satisfied: astropy in /Users/runner/micromamba/envs/tardis/lib/python3.12/site-packages (from tardis==0.0.0) (6.1.1)
2025-02-11T02:12:56.2614290Z Requirement already satisfied: numpy>=1.23 in /Users/runner/micromamba/envs/tardis/lib/python3.12/site-packages (from astropy->tardis==0.0.0) (1.26.4)
2025-02-11T02:12:56.2621020Z Requirement already satisfied: pyerfa>=2.0.1.1 in /Users/runner/micromamba/envs/tardis/lib/python3.12/site-packages (from astropy->tardis==0.0.0) (2.0.1.4)
2025-02-11T02:12:56.2630140Z Requirement already satisfied: astropy-iers-data>=0.2024.5.27.0.30.8 in /Users/runner/micromamba/envs/tardis/lib/python3.12/site-packages (from astropy->tardis==0.0.0) (0.2024.6.17.0.31.35)
2025-02-11T02:12:56.2729900Z Requirement already satisfied: PyYAML>=3.13 in /Users/runner/micromamba/envs/tardis/lib/python3.12/site-packages (from astropy->tardis==0.0.0) (6.0.1)
2025-02-11T02:12:56.2833850Z Requirement already satisfied: packaging>=19.0 in /Users/runner/micromamba/envs/tardis/lib/python3.12/site-packages (from astropy->tardis==0.0.0) (24.1)
2025-02-11T02:12:56.2904310Z Building wheels for collected packages: tardis
2025-02-11T02:12:56.2909800Z   Building editable for tardis (pyproject.toml): started
2025-02-11T02:12:57.1340350Z   Building editable for tardis (pyproject.toml): finished with status 'done'
2025-02-11T02:12:57.1348350Z   Created wheel for tardis: filename=tardis-0.0.0-0.editable-py3-none-any.whl size=8877 sha256=b0ac7a8a14a4ee38aef6cd799e38d72a5bce3f247edf50e05285fa5f1896a9ea
2025-02-11T02:12:57.1351150Z   Stored in directory: /private/var/folders/2s/h6hvv9ps03xgz_krkkstvq_r0000gn/T/pip-ephem-wheel-cache-go4x_jsd/wheels/bb/4f/6a/0829b918c1c10bc28535ce7f14be21eee54375bdd9cd0c306a
2025-02-11T02:12:57.1384410Z Successfully built tardis
2025-02-11T02:12:57.8170110Z Installing collected packages: tardis
2025-02-11T02:12:57.8293240Z Successfully installed tardis-0.0.0
2025-02-11T02:12:58.1919780Z ##[group]Run pip install qgridnext
2025-02-11T02:12:58.1920070Z [36;1mpip install qgridnext[0m
2025-02-11T02:12:58.1987980Z shell: /bin/bash -l {0}
2025-02-11T02:12:58.1988190Z env:
2025-02-11T02:12:58.1988380Z   CACHE_NUMBER: 0
2025-02-11T02:12:58.1988900Z   PYTEST_FLAGS: --tardis-regression-data=/Users/runner/work/tardis/tardis/tardis-regression-data --cov=tardis --cov-report=xml --cov-report=html --cov-append
2025-02-11T02:12:58.1989610Z   CODECOV_TOKEN: 
2025-02-11T02:12:58.1989810Z   MAMBA_ROOT_PREFIX: /Users/runner/micromamba
2025-02-11T02:12:58.1990090Z   MAMBA_EXE: /Users/runner/micromamba-bin/micromamba
2025-02-11T02:12:58.1991000Z   CONDARC: /Users/runner/work/_temp/setup-micromamba/.condarc
2025-02-11T02:12:58.1992230Z ##[endgroup]
2025-02-11T02:12:58.8515570Z Collecting qgridnext
2025-02-11T02:12:58.8898240Z   Downloading qgridnext-2.0.4-py3-none-any.whl.metadata (9.9 kB)
2025-02-11T02:12:58.9143660Z Requirement already satisfied: pandas>=0.20.0 in /Users/runner/micromamba/envs/tardis/lib/python3.12/site-packages (from qgridnext) (2.2.2)
2025-02-11T02:12:58.9151320Z Requirement already satisfied: ipywidgets>=7.0.0 in /Users/runner/micromamba/envs/tardis/lib/python3.12/site-packages (from qgridnext) (7.8.0)
2025-02-11T02:12:58.9174370Z Requirement already satisfied: numpy in /Users/runner/micromamba/envs/tardis/lib/python3.12/site-packages (from qgridnext) (1.26.4)
2025-02-11T02:12:58.9182000Z Requirement already satisfied: traitlets in /Users/runner/micromamba/envs/tardis/lib/python3.12/site-packages (from qgridnext) (5.14.3)
2025-02-11T02:12:58.9249520Z Requirement already satisfied: comm>=0.1.3 in /Users/runner/micromamba/envs/tardis/lib/python3.12/site-packages (from ipywidgets>=7.0.0->qgridnext) (0.2.2)
2025-02-11T02:12:58.9255600Z Requirement already satisfied: ipython-genutils~=0.2.0 in /Users/runner/micromamba/envs/tardis/lib/python3.12/site-packages (from ipywidgets>=7.0.0->qgridnext) (0.2.0)
2025-02-11T02:12:58.9270530Z Requirement already satisfied: widgetsnbextension~=3.6.5 in /Users/runner/micromamba/envs/tardis/lib/python3.12/site-packages (from ipywidgets>=7.0.0->qgridnext) (3.6.6)
2025-02-11T02:12:58.9285280Z Requirement already satisfied: ipython>=4.0.0 in /Users/runner/micromamba/envs/tardis/lib/python3.12/site-packages (from ipywidgets>=7.0.0->qgridnext) (8.25.0)
2025-02-11T02:12:58.9296120Z Requirement already satisfied: jupyterlab-widgets<3,>=1.0.0 in /Users/runner/micromamba/envs/tardis/lib/python3.12/site-packages (from ipywidgets>=7.0.0->qgridnext) (1.1.7)
2025-02-11T02:12:58.9622560Z Requirement already satisfied: python-dateutil>=2.8.2 in /Users/runner/micromamba/envs/tardis/lib/python3.12/site-packages (from pandas>=0.20.0->qgridnext) (2.9.0)
2025-02-11T02:12:58.9639440Z Requirement already satisfied: pytz>=2020.1 in /Users/runner/micromamba/envs/tardis/lib/python3.12/site-packages (from pandas>=0.20.0->qgridnext) (2024.1)
2025-02-11T02:12:58.9645750Z Requirement already satisfied: tzdata>=2022.7 in /Users/runner/micromamba/envs/tardis/lib/python3.12/site-packages (from pandas>=0.20.0->qgridnext) (2024.1)
2025-02-11T02:12:58.9878440Z Requirement already satisfied: decorator in /Users/runner/micromamba/envs/tardis/lib/python3.12/site-packages (from ipython>=4.0.0->ipywidgets>=7.0.0->qgridnext) (5.1.1)
2025-02-11T02:12:58.9890040Z Requirement already satisfied: jedi>=0.16 in /Users/runner/micromamba/envs/tardis/lib/python3.12/site-packages (from ipython>=4.0.0->ipywidgets>=7.0.0->qgridnext) (0.19.1)
2025-02-11T02:12:58.9894870Z Requirement already satisfied: matplotlib-inline in /Users/runner/micromamba/envs/tardis/lib/python3.12/site-packages (from ipython>=4.0.0->ipywidgets>=7.0.0->qgridnext) (0.1.7)
2025-02-11T02:12:58.9899860Z Requirement already satisfied: prompt-toolkit<3.1.0,>=3.0.41 in /Users/runner/micromamba/envs/tardis/lib/python3.12/site-packages (from ipython>=4.0.0->ipywidgets>=7.0.0->qgridnext) (3.0.47)
2025-02-11T02:12:58.9905710Z Requirement already satisfied: pygments>=2.4.0 in /Users/runner/micromamba/envs/tardis/lib/python3.12/site-packages (from ipython>=4.0.0->ipywidgets>=7.0.0->qgridnext) (2.18.0)
2025-02-11T02:12:58.9911080Z Requirement already satisfied: stack-data in /Users/runner/micromamba/envs/tardis/lib/python3.12/site-packages (from ipython>=4.0.0->ipywidgets>=7.0.0->qgridnext) (0.6.2)
2025-02-11T02:12:58.9935430Z Requirement already satisfied: pexpect>4.3 in /Users/runner/micromamba/envs/tardis/lib/python3.12/site-packages (from ipython>=4.0.0->ipywidgets>=7.0.0->qgridnext) (4.9.0)
2025-02-11T02:12:58.9963590Z Requirement already satisfied: six>=1.5 in /Users/runner/micromamba/envs/tardis/lib/python3.12/site-packages (from python-dateutil>=2.8.2->pandas>=0.20.0->qgridnext) (1.16.0)
2025-02-11T02:12:59.0076840Z Requirement already satisfied: notebook>=4.4.1 in /Users/runner/micromamba/envs/tardis/lib/python3.12/site-packages (from widgetsnbextension~=3.6.5->ipywidgets>=7.0.0->qgridnext) (7.2.1)
2025-02-11T02:12:59.0183710Z Requirement already satisfied: parso<0.9.0,>=0.8.3 in /Users/runner/micromamba/envs/tardis/lib/python3.12/site-packages (from jedi>=0.16->ipython>=4.0.0->ipywidgets>=7.0.0->qgridnext) (0.8.4)
2025-02-11T02:12:59.0284160Z Requirement already satisfied: jupyter-server<3,>=2.4.0 in /Users/runner/micromamba/envs/tardis/lib/python3.12/site-packages (from notebook>=4.4.1->widgetsnbextension~=3.6.5->ipywidgets>=7.0.0->qgridnext) (2.14.1)
2025-02-11T02:12:59.0385410Z Requirement already satisfied: jupyterlab-server<3,>=2.27.1 in /Users/runner/micromamba/envs/tardis/lib/python3.12/site-packages (from notebook>=4.4.1->widgetsnbextension~=3.6.5->ipywidgets>=7.0.0->qgridnext) (2.27.2)
2025-02-11T02:12:59.0488920Z Requirement already satisfied: jupyterlab<4.3,>=4.2.0 in /Users/runner/micromamba/envs/tardis/lib/python3.12/site-packages (from notebook>=4.4.1->widgetsnbextension~=3.6.5->ipywidgets>=7.0.0->qgridnext) (4.2.2)
2025-02-11T02:12:59.0588650Z Requirement already satisfied: notebook-shim<0.3,>=0.2 in /Users/runner/micromamba/envs/tardis/lib/python3.12/site-packages (from notebook>=4.4.1->widgetsnbextension~=3.6.5->ipywidgets>=7.0.0->qgridnext) (0.2.4)
2025-02-11T02:12:59.0688940Z Requirement already satisfied: tornado>=6.2.0 in /Users/runner/micromamba/envs/tardis/lib/python3.12/site-packages (from notebook>=4.4.1->widgetsnbextension~=3.6.5->ipywidgets>=7.0.0->qgridnext) (6.4.1)
2025-02-11T02:12:59.0790600Z Requirement already satisfied: ptyprocess>=0.5 in /Users/runner/micromamba/envs/tardis/lib/python3.12/site-packages (from pexpect>4.3->ipython>=4.0.0->ipywidgets>=7.0.0->qgridnext) (0.7.0)
2025-02-11T02:12:59.0899110Z Requirement already satisfied: wcwidth in /Users/runner/micromamba/envs/tardis/lib/python3.12/site-packages (from prompt-toolkit<3.1.0,>=3.0.41->ipython>=4.0.0->ipywidgets>=7.0.0->qgridnext) (0.2.13)
2025-02-11T02:12:59.1001790Z Requirement already satisfied: executing>=1.2.0 in /Users/runner/micromamba/envs/tardis/lib/python3.12/site-packages (from stack-data->ipython>=4.0.0->ipywidgets>=7.0.0->qgridnext) (2.0.1)
2025-02-11T02:12:59.1102080Z Requirement already satisfied: asttokens>=2.1.0 in /Users/runner/micromamba/envs/tardis/lib/python3.12/site-packages (from stack-data->ipython>=4.0.0->ipywidgets>=7.0.0->qgridnext) (2.4.1)
2025-02-11T02:12:59.1136250Z Requirement already satisfied: pure-eval in /Users/runner/micromamba/envs/tardis/lib/python3.12/site-packages (from stack-data->ipython>=4.0.0->ipywidgets>=7.0.0->qgridnext) (0.2.2)
2025-02-11T02:12:59.1137480Z Requirement already satisfied: anyio>=3.1.0 in /Users/runner/micromamba/envs/tardis/lib/python3.12/site-packages (from jupyter-server<3,>=2.4.0->notebook>=4.4.1->widgetsnbextension~=3.6.5->ipywidgets>=7.0.0->qgridnext) (4.4.0)
2025-02-11T02:12:59.1138710Z Requirement already satisfied: argon2-cffi>=21.1 in /Users/runner/micromamba/envs/tardis/lib/python3.12/site-packages (from jupyter-server<3,>=2.4.0->notebook>=4.4.1->widgetsnbextension~=3.6.5->ipywidgets>=7.0.0->qgridnext) (23.1.0)
2025-02-11T02:12:59.1243400Z Requirement already satisfied: jinja2>=3.0.3 in /Users/runner/micromamba/envs/tardis/lib/python3.12/site-packages (from jupyter-server<3,>=2.4.0->notebook>=4.4.1->widgetsnbextension~=3.6.5->ipywidgets>=7.0.0->qgridnext) (3.1.4)
2025-02-11T02:12:59.1347490Z Requirement already satisfied: jupyter-client>=7.4.4 in /Users/runner/micromamba/envs/tardis/lib/python3.12/site-packages (from jupyter-server<3,>=2.4.0->notebook>=4.4.1->widgetsnbextension~=3.6.5->ipywidgets>=7.0.0->qgridnext) (8.6.2)
2025-02-11T02:12:59.1449420Z Requirement already satisfied: jupyter-core!=5.0.*,>=4.12 in /Users/runner/micromamba/envs/tardis/lib/python3.12/site-packages (from jupyter-server<3,>=2.4.0->notebook>=4.4.1->widgetsnbextension~=3.6.5->ipywidgets>=7.0.0->qgridnext) (5.7.2)
2025-02-11T02:12:59.1551370Z Requirement already satisfied: jupyter-events>=0.9.0 in /Users/runner/micromamba/envs/tardis/lib/python3.12/site-packages (from jupyter-server<3,>=2.4.0->notebook>=4.4.1->widgetsnbextension~=3.6.5->ipywidgets>=7.0.0->qgridnext) (0.10.0)
2025-02-11T02:12:59.1642610Z Requirement already satisfied: jupyter-server-terminals>=0.4.4 in /Users/runner/micromamba/envs/tardis/lib/python3.12/site-packages (from jupyter-server<3,>=2.4.0->notebook>=4.4.1->widgetsnbextension~=3.6.5->ipywidgets>=7.0.0->qgridnext) (0.5.3)
2025-02-11T02:12:59.1745910Z Requirement already satisfied: nbconvert>=6.4.4 in /Users/runner/micromamba/envs/tardis/lib/python3.12/site-packages (from jupyter-server<3,>=2.4.0->notebook>=4.4.1->widgetsnbextension~=3.6.5->ipywidgets>=7.0.0->qgridnext) (7.16.4)
2025-02-11T02:12:59.1848110Z Requirement already satisfied: nbformat>=5.3.0 in /Users/runner/micromamba/envs/tardis/lib/python3.12/site-packages (from jupyter-server<3,>=2.4.0->notebook>=4.4.1->widgetsnbextension~=3.6.5->ipywidgets>=7.0.0->qgridnext) (5.10.4)
2025-02-11T02:12:59.1950100Z Requirement already satisfied: overrides>=5.0 in /Users/runner/micromamba/envs/tardis/lib/python3.12/site-packages (from jupyter-server<3,>=2.4.0->notebook>=4.4.1->widgetsnbextension~=3.6.5->ipywidgets>=7.0.0->qgridnext) (7.7.0)
2025-02-11T02:12:59.2055970Z Requirement already satisfied: packaging>=22.0 in /Users/runner/micromamba/envs/tardis/lib/python3.12/site-packages (from jupyter-server<3,>=2.4.0->notebook>=4.4.1->widgetsnbextension~=3.6.5->ipywidgets>=7.0.0->qgridnext) (24.1)
2025-02-11T02:12:59.2159320Z Requirement already satisfied: prometheus-client>=0.9 in /Users/runner/micromamba/envs/tardis/lib/python3.12/site-packages (from jupyter-server<3,>=2.4.0->notebook>=4.4.1->widgetsnbextension~=3.6.5->ipywidgets>=7.0.0->qgridnext) (0.20.0)
2025-02-11T02:12:59.2261520Z Requirement already satisfied: pyzmq>=24 in /Users/runner/micromamba/envs/tardis/lib/python3.12/site-packages (from jupyter-server<3,>=2.4.0->notebook>=4.4.1->widgetsnbextension~=3.6.5->ipywidgets>=7.0.0->qgridnext) (26.0.3)
2025-02-11T02:12:59.2363550Z Requirement already satisfied: send2trash>=1.8.2 in /Users/runner/micromamba/envs/tardis/lib/python3.12/site-packages (from jupyter-server<3,>=2.4.0->notebook>=4.4.1->widgetsnbextension~=3.6.5->ipywidgets>=7.0.0->qgridnext) (1.8.3)
2025-02-11T02:12:59.2467550Z Requirement already satisfied: terminado>=0.8.3 in /Users/runner/micromamba/envs/tardis/lib/python3.12/site-packages (from jupyter-server<3,>=2.4.0->notebook>=4.4.1->widgetsnbextension~=3.6.5->ipywidgets>=7.0.0->qgridnext) (0.18.1)
2025-02-11T02:12:59.2569660Z Requirement already satisfied: websocket-client>=1.7 in /Users/runner/micromamba/envs/tardis/lib/python3.12/site-packages (from jupyter-server<3,>=2.4.0->notebook>=4.4.1->widgetsnbextension~=3.6.5->ipywidgets>=7.0.0->qgridnext) (1.8.0)
2025-02-11T02:12:59.2671750Z Requirement already satisfied: async-lru>=1.0.0 in /Users/runner/micromamba/envs/tardis/lib/python3.12/site-packages (from jupyterlab<4.3,>=4.2.0->notebook>=4.4.1->widgetsnbextension~=3.6.5->ipywidgets>=7.0.0->qgridnext) (2.0.4)
2025-02-11T02:12:59.2773420Z Requirement already satisfied: httpx>=0.25.0 in /Users/runner/micromamba/envs/tardis/lib/python3.12/site-packages (from jupyterlab<4.3,>=4.2.0->notebook>=4.4.1->widgetsnbextension~=3.6.5->ipywidgets>=7.0.0->qgridnext) (0.27.0)
2025-02-11T02:12:59.2881760Z Requirement already satisfied: ipykernel>=6.5.0 in /Users/runner/micromamba/envs/tardis/lib/python3.12/site-packages (from jupyterlab<4.3,>=4.2.0->notebook>=4.4.1->widgetsnbextension~=3.6.5->ipywidgets>=7.0.0->qgridnext) (6.29.4)
2025-02-11T02:12:59.2977320Z Requirement already satisfied: jupyter-lsp>=2.0.0 in /Users/runner/micromamba/envs/tardis/lib/python3.12/site-packages (from jupyterlab<4.3,>=4.2.0->notebook>=4.4.1->widgetsnbextension~=3.6.5->ipywidgets>=7.0.0->qgridnext) (2.2.5)
2025-02-11T02:12:59.3082210Z Requirement already satisfied: setuptools>=40.1.0 in /Users/runner/micromamba/envs/tardis/lib/python3.12/site-packages (from jupyterlab<4.3,>=4.2.0->notebook>=4.4.1->widgetsnbextension~=3.6.5->ipywidgets>=7.0.0->qgridnext) (70.0.0)
2025-02-11T02:12:59.3185510Z Requirement already satisfied: babel>=2.10 in /Users/runner/micromamba/envs/tardis/lib/python3.12/site-packages (from jupyterlab-server<3,>=2.27.1->notebook>=4.4.1->widgetsnbextension~=3.6.5->ipywidgets>=7.0.0->qgridnext) (2.14.0)
2025-02-11T02:12:59.3287530Z Requirement already satisfied: json5>=0.9.0 in /Users/runner/micromamba/envs/tardis/lib/python3.12/site-packages (from jupyterlab-server<3,>=2.27.1->notebook>=4.4.1->widgetsnbextension~=3.6.5->ipywidgets>=7.0.0->qgridnext) (0.9.25)
2025-02-11T02:12:59.3389490Z Requirement already satisfied: jsonschema>=4.18.0 in /Users/runner/micromamba/envs/tardis/lib/python3.12/site-packages (from jupyterlab-server<3,>=2.27.1->notebook>=4.4.1->widgetsnbextension~=3.6.5->ipywidgets>=7.0.0->qgridnext) (4.22.0)
2025-02-11T02:12:59.3489960Z Requirement already satisfied: requests>=2.31 in /Users/runner/micromamba/envs/tardis/lib/python3.12/site-packages (from jupyterlab-server<3,>=2.27.1->notebook>=4.4.1->widgetsnbextension~=3.6.5->ipywidgets>=7.0.0->qgridnext) (2.32.3)
2025-02-11T02:12:59.3592090Z Requirement already satisfied: idna>=2.8 in /Users/runner/micromamba/envs/tardis/lib/python3.12/site-packages (from anyio>=3.1.0->jupyter-server<3,>=2.4.0->notebook>=4.4.1->widgetsnbextension~=3.6.5->ipywidgets>=7.0.0->qgridnext) (3.7)
2025-02-11T02:12:59.3693520Z Requirement already satisfied: sniffio>=1.1 in /Users/runner/micromamba/envs/tardis/lib/python3.12/site-packages (from anyio>=3.1.0->jupyter-server<3,>=2.4.0->notebook>=4.4.1->widgetsnbextension~=3.6.5->ipywidgets>=7.0.0->qgridnext) (1.3.1)
2025-02-11T02:12:59.3794820Z Requirement already satisfied: argon2-cffi-bindings in /Users/runner/micromamba/envs/tardis/lib/python3.12/site-packages (from argon2-cffi>=21.1->jupyter-server<3,>=2.4.0->notebook>=4.4.1->widgetsnbextension~=3.6.5->ipywidgets>=7.0.0->qgridnext) (21.2.0)
2025-02-11T02:12:59.3895950Z Requirement already satisfied: certifi in /Users/runner/micromamba/envs/tardis/lib/python3.12/site-packages (from httpx>=0.25.0->jupyterlab<4.3,>=4.2.0->notebook>=4.4.1->widgetsnbextension~=3.6.5->ipywidgets>=7.0.0->qgridnext) (2024.6.2)
2025-02-11T02:12:59.3998000Z Requirement already satisfied: httpcore==1.* in /Users/runner/micromamba/envs/tardis/lib/python3.12/site-packages (from httpx>=0.25.0->jupyterlab<4.3,>=4.2.0->notebook>=4.4.1->widgetsnbextension~=3.6.5->ipywidgets>=7.0.0->qgridnext) (1.0.5)
2025-02-11T02:12:59.4100410Z Requirement already satisfied: h11<0.15,>=0.13 in /Users/runner/micromamba/envs/tardis/lib/python3.12/site-packages (from httpcore==1.*->httpx>=0.25.0->jupyterlab<4.3,>=4.2.0->notebook>=4.4.1->widgetsnbextension~=3.6.5->ipywidgets>=7.0.0->qgridnext) (0.14.0)
2025-02-11T02:12:59.4202780Z Requirement already satisfied: appnope in /Users/runner/micromamba/envs/tardis/lib/python3.12/site-packages (from ipykernel>=6.5.0->jupyterlab<4.3,>=4.2.0->notebook>=4.4.1->widgetsnbextension~=3.6.5->ipywidgets>=7.0.0->qgridnext) (0.1.4)
2025-02-11T02:12:59.4305050Z Requirement already satisfied: debugpy>=1.6.5 in /Users/runner/micromamba/envs/tardis/lib/python3.12/site-packages (from ipykernel>=6.5.0->jupyterlab<4.3,>=4.2.0->notebook>=4.4.1->widgetsnbextension~=3.6.5->ipywidgets>=7.0.0->qgridnext) (1.8.1)
2025-02-11T02:12:59.4407500Z Requirement already satisfied: nest-asyncio in /Users/runner/micromamba/envs/tardis/lib/python3.12/site-packages (from ipykernel>=6.5.0->jupyterlab<4.3,>=4.2.0->notebook>=4.4.1->widgetsnbextension~=3.6.5->ipywidgets>=7.0.0->qgridnext) (1.6.0)
2025-02-11T02:12:59.4508750Z Requirement already satisfied: psutil in /Users/runner/micromamba/envs/tardis/lib/python3.12/site-packages (from ipykernel>=6.5.0->jupyterlab<4.3,>=4.2.0->notebook>=4.4.1->widgetsnbextension~=3.6.5->ipywidgets>=7.0.0->qgridnext) (5.9.8)
2025-02-11T02:12:59.4611030Z Requirement already satisfied: MarkupSafe>=2.0 in /Users/runner/micromamba/envs/tardis/lib/python3.12/site-packages (from jinja2>=3.0.3->jupyter-server<3,>=2.4.0->notebook>=4.4.1->widgetsnbextension~=3.6.5->ipywidgets>=7.0.0->qgridnext) (2.1.5)
2025-02-11T02:12:59.4715210Z Requirement already satisfied: attrs>=22.2.0 in /Users/runner/micromamba/envs/tardis/lib/python3.12/site-packages (from jsonschema>=4.18.0->jupyterlab-server<3,>=2.27.1->notebook>=4.4.1->widgetsnbextension~=3.6.5->ipywidgets>=7.0.0->qgridnext) (23.2.0)
2025-02-11T02:12:59.4817860Z Requirement already satisfied: jsonschema-specifications>=2023.03.6 in /Users/runner/micromamba/envs/tardis/lib/python3.12/site-packages (from jsonschema>=4.18.0->jupyterlab-server<3,>=2.27.1->notebook>=4.4.1->widgetsnbextension~=3.6.5->ipywidgets>=7.0.0->qgridnext) (2023.12.1)
2025-02-11T02:12:59.4922070Z Requirement already satisfied: referencing>=0.28.4 in /Users/runner/micromamba/envs/tardis/lib/python3.12/site-packages (from jsonschema>=4.18.0->jupyterlab-server<3,>=2.27.1->notebook>=4.4.1->widgetsnbextension~=3.6.5->ipywidgets>=7.0.0->qgridnext) (0.35.1)
2025-02-11T02:12:59.5023670Z Requirement already satisfied: rpds-py>=0.7.1 in /Users/runner/micromamba/envs/tardis/lib/python3.12/site-packages (from jsonschema>=4.18.0->jupyterlab-server<3,>=2.27.1->notebook>=4.4.1->widgetsnbextension~=3.6.5->ipywidgets>=7.0.0->qgridnext) (0.18.1)
2025-02-11T02:12:59.5124030Z Requirement already satisfied: platformdirs>=2.5 in /Users/runner/micromamba/envs/tardis/lib/python3.12/site-packages (from jupyter-core!=5.0.*,>=4.12->jupyter-server<3,>=2.4.0->notebook>=4.4.1->widgetsnbextension~=3.6.5->ipywidgets>=7.0.0->qgridnext) (4.2.2)
2025-02-11T02:12:59.5225610Z Requirement already satisfied: python-json-logger>=2.0.4 in /Users/runner/micromamba/envs/tardis/lib/python3.12/site-packages (from jupyter-events>=0.9.0->jupyter-server<3,>=2.4.0->notebook>=4.4.1->widgetsnbextension~=3.6.5->ipywidgets>=7.0.0->qgridnext) (2.0.7)
2025-02-11T02:12:59.5327170Z Requirement already satisfied: pyyaml>=5.3 in /Users/runner/micromamba/envs/tardis/lib/python3.12/site-packages (from jupyter-events>=0.9.0->jupyter-server<3,>=2.4.0->notebook>=4.4.1->widgetsnbextension~=3.6.5->ipywidgets>=7.0.0->qgridnext) (6.0.1)
2025-02-11T02:12:59.5428110Z Requirement already satisfied: rfc3339-validator in /Users/runner/micromamba/envs/tardis/lib/python3.12/site-packages (from jupyter-events>=0.9.0->jupyter-server<3,>=2.4.0->notebook>=4.4.1->widgetsnbextension~=3.6.5->ipywidgets>=7.0.0->qgridnext) (0.1.4)
2025-02-11T02:12:59.5532940Z Requirement already satisfied: rfc3986-validator>=0.1.1 in /Users/runner/micromamba/envs/tardis/lib/python3.12/site-packages (from jupyter-events>=0.9.0->jupyter-server<3,>=2.4.0->notebook>=4.4.1->widgetsnbextension~=3.6.5->ipywidgets>=7.0.0->qgridnext) (0.1.1)
2025-02-11T02:12:59.5636230Z Requirement already satisfied: beautifulsoup4 in /Users/runner/micromamba/envs/tardis/lib/python3.12/site-packages (from nbconvert>=6.4.4->jupyter-server<3,>=2.4.0->notebook>=4.4.1->widgetsnbextension~=3.6.5->ipywidgets>=7.0.0->qgridnext) (4.12.3)
2025-02-11T02:12:59.5737110Z Requirement already satisfied: bleach!=5.0.0 in /Users/runner/micromamba/envs/tardis/lib/python3.12/site-packages (from nbconvert>=6.4.4->jupyter-server<3,>=2.4.0->notebook>=4.4.1->widgetsnbextension~=3.6.5->ipywidgets>=7.0.0->qgridnext) (6.1.0)
2025-02-11T02:12:59.5836000Z Requirement already satisfied: defusedxml in /Users/runner/micromamba/envs/tardis/lib/python3.12/site-packages (from nbconvert>=6.4.4->jupyter-server<3,>=2.4.0->notebook>=4.4.1->widgetsnbextension~=3.6.5->ipywidgets>=7.0.0->qgridnext) (0.7.1)
2025-02-11T02:12:59.5938890Z Requirement already satisfied: jupyterlab-pygments in /Users/runner/micromamba/envs/tardis/lib/python3.12/site-packages (from nbconvert>=6.4.4->jupyter-server<3,>=2.4.0->notebook>=4.4.1->widgetsnbextension~=3.6.5->ipywidgets>=7.0.0->qgridnext) (0.3.0)
2025-02-11T02:12:59.6043000Z Requirement already satisfied: mistune<4,>=2.0.3 in /Users/runner/micromamba/envs/tardis/lib/python3.12/site-packages (from nbconvert>=6.4.4->jupyter-server<3,>=2.4.0->notebook>=4.4.1->widgetsnbextension~=3.6.5->ipywidgets>=7.0.0->qgridnext) (3.0.2)
2025-02-11T02:12:59.6071710Z Requirement already satisfied: nbclient>=0.5.0 in /Users/runner/micromamba/envs/tardis/lib/python3.12/site-packages (from nbconvert>=6.4.4->jupyter-server<3,>=2.4.0->notebook>=4.4.1->widgetsnbextension~=3.6.5->ipywidgets>=7.0.0->qgridnext) (0.10.0)
2025-02-11T02:12:59.6174800Z Requirement already satisfied: pandocfilters>=1.4.1 in /Users/runner/micromamba/envs/tardis/lib/python3.12/site-packages (from nbconvert>=6.4.4->jupyter-server<3,>=2.4.0->notebook>=4.4.1->widgetsnbextension~=3.6.5->ipywidgets>=7.0.0->qgridnext) (1.5.0)
2025-02-11T02:12:59.6276990Z Requirement already satisfied: tinycss2 in /Users/runner/micromamba/envs/tardis/lib/python3.12/site-packages (from nbconvert>=6.4.4->jupyter-server<3,>=2.4.0->notebook>=4.4.1->widgetsnbextension~=3.6.5->ipywidgets>=7.0.0->qgridnext) (1.3.0)
2025-02-11T02:12:59.6378960Z Requirement already satisfied: fastjsonschema>=2.15 in /Users/runner/micromamba/envs/tardis/lib/python3.12/site-packages (from nbformat>=5.3.0->jupyter-server<3,>=2.4.0->notebook>=4.4.1->widgetsnbextension~=3.6.5->ipywidgets>=7.0.0->qgridnext) (2.20.0)
2025-02-11T02:12:59.6480940Z Requirement already satisfied: charset-normalizer<4,>=2 in /Users/runner/micromamba/envs/tardis/lib/python3.12/site-packages (from requests>=2.31->jupyterlab-server<3,>=2.27.1->notebook>=4.4.1->widgetsnbextension~=3.6.5->ipywidgets>=7.0.0->qgridnext) (3.3.2)
2025-02-11T02:12:59.6583770Z Requirement already satisfied: urllib3<3,>=1.21.1 in /Users/runner/micromamba/envs/tardis/lib/python3.12/site-packages (from requests>=2.31->jupyterlab-server<3,>=2.27.1->notebook>=4.4.1->widgetsnbextension~=3.6.5->ipywidgets>=7.0.0->qgridnext) (2.2.2)
2025-02-11T02:12:59.6685840Z Requirement already satisfied: webencodings in /Users/runner/micromamba/envs/tardis/lib/python3.12/site-packages (from bleach!=5.0.0->nbconvert>=6.4.4->jupyter-server<3,>=2.4.0->notebook>=4.4.1->widgetsnbextension~=3.6.5->ipywidgets>=7.0.0->qgridnext) (0.5.1)
2025-02-11T02:12:59.6788160Z Requirement already satisfied: fqdn in /Users/runner/micromamba/envs/tardis/lib/python3.12/site-packages (from jsonschema[format-nongpl]>=4.18.0->jupyter-events>=0.9.0->jupyter-server<3,>=2.4.0->notebook>=4.4.1->widgetsnbextension~=3.6.5->ipywidgets>=7.0.0->qgridnext) (1.5.1)
2025-02-11T02:12:59.6890380Z Requirement already satisfied: isoduration in /Users/runner/micromamba/envs/tardis/lib/python3.12/site-packages (from jsonschema[format-nongpl]>=4.18.0->jupyter-events>=0.9.0->jupyter-server<3,>=2.4.0->notebook>=4.4.1->widgetsnbextension~=3.6.5->ipywidgets>=7.0.0->qgridnext) (20.11.0)
2025-02-11T02:12:59.6994720Z Requirement already satisfied: jsonpointer>1.13 in /Users/runner/micromamba/envs/tardis/lib/python3.12/site-packages (from jsonschema[format-nongpl]>=4.18.0->jupyter-events>=0.9.0->jupyter-server<3,>=2.4.0->notebook>=4.4.1->widgetsnbextension~=3.6.5->ipywidgets>=7.0.0->qgridnext) (3.0.0)
2025-02-11T02:12:59.7076020Z Requirement already satisfied: uri-template in /Users/runner/micromamba/envs/tardis/lib/python3.12/site-packages (from jsonschema[format-nongpl]>=4.18.0->jupyter-events>=0.9.0->jupyter-server<3,>=2.4.0->notebook>=4.4.1->widgetsnbextension~=3.6.5->ipywidgets>=7.0.0->qgridnext) (1.3.0)
2025-02-11T02:12:59.7177800Z Requirement already satisfied: webcolors>=1.11 in /Users/runner/micromamba/envs/tardis/lib/python3.12/site-packages (from jsonschema[format-nongpl]>=4.18.0->jupyter-events>=0.9.0->jupyter-server<3,>=2.4.0->notebook>=4.4.1->widgetsnbextension~=3.6.5->ipywidgets>=7.0.0->qgridnext) (24.6.0)
2025-02-11T02:12:59.7281020Z Requirement already satisfied: cffi>=1.0.1 in /Users/runner/micromamba/envs/tardis/lib/python3.12/site-packages (from argon2-cffi-bindings->argon2-cffi>=21.1->jupyter-server<3,>=2.4.0->notebook>=4.4.1->widgetsnbextension~=3.6.5->ipywidgets>=7.0.0->qgridnext) (1.16.0)
2025-02-11T02:12:59.7383160Z Requirement already satisfied: soupsieve>1.2 in /Users/runner/micromamba/envs/tardis/lib/python3.12/site-packages (from beautifulsoup4->nbconvert>=6.4.4->jupyter-server<3,>=2.4.0->notebook>=4.4.1->widgetsnbextension~=3.6.5->ipywidgets>=7.0.0->qgridnext) (2.5)
2025-02-11T02:12:59.7486530Z Requirement already satisfied: pycparser in /Users/runner/micromamba/envs/tardis/lib/python3.12/site-packages (from cffi>=1.0.1->argon2-cffi-bindings->argon2-cffi>=21.1->jupyter-server<3,>=2.4.0->notebook>=4.4.1->widgetsnbextension~=3.6.5->ipywidgets>=7.0.0->qgridnext) (2.22)
2025-02-11T02:12:59.7852050Z Requirement already satisfied: arrow>=0.15.0 in /Users/runner/micromamba/envs/tardis/lib/python3.12/site-packages (from isoduration->jsonschema[format-nongpl]>=4.18.0->jupyter-events>=0.9.0->jupyter-server<3,>=2.4.0->notebook>=4.4.1->widgetsnbextension~=3.6.5->ipywidgets>=7.0.0->qgridnext) (1.3.0)
2025-02-11T02:12:59.8155210Z Requirement already satisfied: types-python-dateutil>=2.8.10 in /Users/runner/micromamba/envs/tardis/lib/python3.12/site-packages (from arrow>=0.15.0->isoduration->jsonschema[format-nongpl]>=4.18.0->jupyter-events>=0.9.0->jupyter-server<3,>=2.4.0->notebook>=4.4.1->widgetsnbextension~=3.6.5->ipywidgets>=7.0.0->qgridnext) (2.9.0.20240316)
2025-02-11T02:12:59.8566680Z Downloading qgridnext-2.0.4-py3-none-any.whl (1.3 MB)
2025-02-11T02:12:59.9110230Z    ━━━━━━━━━━━━━━━━━━━━━━━━━━━━━━━━━━━━━━━━ 1.3/1.3 MB 22.4 MB/s eta 0:00:00
2025-02-11T02:13:00.7565090Z Installing collected packages: qgridnext
2025-02-11T02:13:00.8038310Z Successfully installed qgridnext-2.0.4
2025-02-11T02:13:01.0343390Z ##[group]Run pytest tardis --tardis-regression-data=/Users/runner/work/tardis/tardis/tardis-regression-data --cov=tardis --cov-report=xml --cov-report=html --cov-append -m "not continuum"
2025-02-11T02:13:01.0344520Z [36;1mpytest tardis --tardis-regression-data=/Users/runner/work/tardis/tardis/tardis-regression-data --cov=tardis --cov-report=xml --cov-report=html --cov-append -m "not continuum"[0m
2025-02-11T02:13:01.0401900Z shell: /bin/bash -l {0}
2025-02-11T02:13:01.0402100Z env:
2025-02-11T02:13:01.0402260Z   CACHE_NUMBER: 0
2025-02-11T02:13:01.0402750Z   PYTEST_FLAGS: --tardis-regression-data=/Users/runner/work/tardis/tardis/tardis-regression-data --cov=tardis --cov-report=xml --cov-report=html --cov-append
2025-02-11T02:13:01.0403250Z   CODECOV_TOKEN: 
2025-02-11T02:13:01.0403440Z   MAMBA_ROOT_PREFIX: /Users/runner/micromamba
2025-02-11T02:13:01.0403700Z   MAMBA_EXE: /Users/runner/micromamba-bin/micromamba
2025-02-11T02:13:01.0404050Z   CONDARC: /Users/runner/work/_temp/setup-micromamba/.condarc
2025-02-11T02:13:01.0404290Z ##[endgroup]
2025-02-11T02:13:14.2129430Z ============================= test session starts ==============================
2025-02-11T02:13:14.2130150Z platform darwin -- Python 3.12.4, pytest-8.2.2, pluggy-1.5.0
2025-02-11T02:13:14.2130630Z rootdir: /Users/runner/work/tardis/tardis
2025-02-11T02:13:14.2131060Z configfile: pyproject.toml
2025-02-11T02:13:14.2131530Z plugins: cov-5.0.0, html-4.1.1, metadata-3.1.1, doctestplus-1.2.1, anyio-4.4.0
2025-02-11T02:13:14.2132070Z collected 1796 items / 2 deselected / 1794 selected
2025-02-11T02:13:14.2132410Z 
2025-02-11T02:13:17.3054700Z tardis/energy_input/tests/test_energy_source.py ..xxx                    [  0%]
2025-02-11T02:13:19.0279060Z tardis/energy_input/tests/test_gamma_ray_channel.py ...........          [  0%]
2025-02-11T02:13:20.3189110Z tardis/energy_input/tests/test_gamma_ray_grid.py xx.                     [  1%]
2025-02-11T02:13:21.5754780Z tardis/energy_input/tests/test_gamma_ray_interactions.py xx....          [  1%]
2025-02-11T02:13:21.5857280Z tardis/energy_input/tests/test_gamma_ray_packet_source.py sssssssss      [  1%]
2025-02-11T02:13:22.8863190Z tardis/energy_input/tests/test_util.py .....xxxx.....                    [  2%]
2025-02-11T02:13:23.2436070Z tardis/grid/tests/test_grid.py .                                         [  2%]
2025-02-11T02:13:23.2439940Z tardis/gui/tests/test_gui.py s                                           [  2%]
2025-02-11T02:13:26.7638280Z tardis/io/configuration/tests/test_config_reader.py ...........          [  3%]
2025-02-11T02:13:26.7740390Z tardis/io/configuration/tests/test_configuration_namespace.py .........  [  3%]
2025-02-11T02:13:26.7943030Z tardis/io/logger/tests/test_logging.py ssssssssssssssssssssssssssss      [  5%]
2025-02-11T02:13:57.1865590Z tardis/io/model/readers/tests/test_arepo_parser.py ..                    [  5%]
2025-02-11T02:13:57.2083940Z tardis/io/model/readers/tests/test_ascii_readers.py ...                  [  5%]
2025-02-11T02:13:57.2176470Z tardis/io/model/readers/tests/test_cmfgen_reader.py ..                   [  5%]
2025-02-11T02:13:57.2399740Z tardis/io/model/readers/tests/test_csvy_reader.py ....                   [  6%]
2025-02-11T02:13:57.2580920Z tardis/io/model/readers/tests/test_stella_reader.py ..                   [  6%]
2025-02-11T02:13:57.4874850Z tardis/io/tests/test_HDFWriter.py ...............                        [  7%]
2025-02-11T02:13:57.9923180Z tardis/io/tests/test_atomic.py .....                                     [  7%]
2025-02-11T02:13:58.0124660Z tardis/io/tests/test_decay.py ..                                         [  7%]
2025-02-11T02:13:58.1503250Z tardis/io/tests/test_model_reader.py ......                              [  7%]
2025-02-11T02:13:58.1603580Z tardis/model/geometry/tests/test_radial1d.py ..                          [  7%]
2025-02-11T02:14:25.7347700Z tardis/model/tests/test_base.py ........................................ [ 10%]
2025-02-11T02:14:26.4567930Z ............                                                             [ 10%]
2025-02-11T02:14:28.7605810Z tardis/model/tests/test_csvy_model.py .........                          [ 11%]
2025-02-11T02:14:28.7912900Z tardis/model/tests/test_density.py ..                                    [ 11%]
2025-02-11T02:14:30.1177510Z tardis/opacities/tests/test_opacity_solver.py .....                      [ 11%]
2025-02-11T02:14:31.1130150Z tardis/opacities/tests/test_opacity_state_numba.py .....                 [ 11%]
2025-02-11T02:14:32.7422400Z tardis/opacities/tests/test_tau_sobolev.py ..                            [ 12%]
2025-02-11T02:14:35.0103550Z tardis/plasma/equilibrium/tests/test_collisional_transitions.py ...      [ 12%]
2025-02-11T02:15:11.7610380Z tardis/plasma/equilibrium/tests/test_level_populations.py ....           [ 12%]
2025-02-11T02:15:20.7167730Z tardis/plasma/equilibrium/tests/test_rate_matrix.py .                    [ 12%]
2025-02-11T02:15:21.6809220Z tardis/plasma/tests/test_complete_plasmas.py .....................s..... [ 13%]
2025-02-11T02:15:23.6801690Z s....ssssss............s............ss.....s....ssssss............s..... [ 18%]
2025-02-11T02:15:24.9033570Z .......ss.....s....ssssss............s............ss.....s....ssssss.... [ 22%]
2025-02-11T02:15:26.9386670Z ........s............ss.....s........ss............s............ss.....s [ 26%]
2025-02-11T02:15:28.8963060Z ........ss............s............ss.....s....ssssss............s...... [ 30%]
2025-02-11T02:15:29.4635950Z ......ss.....s....ssssss............s............ss.....s.ss.ssssss..... [ 34%]
2025-02-11T02:15:31.4765200Z .......s............ss.....s....ssssss............s............ss.....s. [ 38%]
2025-02-11T02:15:33.5639910Z ...ssssss............s............ss.....s....ssssss............s....... [ 42%]
2025-02-11T02:15:35.7777710Z .....ss.....s....ssssss............s............s...........ssssss...... [ 46%]
2025-02-11T02:15:37.2310450Z ......s............s...........ssssss............s............s......... [ 50%]
2025-02-11T02:15:39.2778280Z ..ssssss............s............ss.....s....ssssss............s........ [ 54%]
2025-02-11T02:15:41.3957940Z ....ss.....s....ssssss..........................s.....s....ssss......... [ 58%]
2025-02-11T02:15:41.6953370Z ...................s.....s....ssss.......                                [ 60%]
2025-02-11T02:15:41.8597750Z tardis/plasma/tests/test_hdf_plasma.py ................................. [ 62%]
2025-02-11T02:15:41.8684990Z ......                                                                   [ 62%]
2025-02-11T02:15:42.0861050Z tardis/plasma/tests/test_nlte_excitation.py ...                          [ 62%]
2025-02-11T02:17:29.3635750Z tardis/plasma/tests/test_nlte_solver.py .....X                           [ 63%]
2025-02-11T02:17:29.3678950Z tardis/plasma/tests/test_plasma_continuum.py .                           [ 63%]
2025-02-11T02:17:50.5567770Z tardis/plasma/tests/test_plasma_vboundary.py .............               [ 63%]
2025-02-11T02:18:01.4332790Z tardis/plasma/tests/test_tardis_model_density_config.py ...              [ 64%]
2025-02-11T02:18:01.9782060Z tardis/simulation/tests/test_convergence.py .....                        [ 64%]
2025-02-11T02:18:11.2252580Z tardis/simulation/tests/test_simulation.py .............                 [ 65%]
2025-02-11T02:18:11.2402940Z tardis/spectrum/tests/test_cuda_formal_integral.py sssssssssssssssssssss [ 66%]
2025-02-11T02:18:11.6665950Z ssss...ssssssssssssssssssssss                                            [ 67%]
2025-02-11T02:18:11.6727970Z tardis/spectrum/tests/test_luminosity.py ....                            [ 68%]
2025-02-11T02:18:12.7897160Z tardis/spectrum/tests/test_numba_formal_integral.py .................... [ 69%]
2025-02-11T02:18:12.8027690Z ..........                                                               [ 69%]
2025-02-11T02:18:12.9695340Z tardis/spectrum/tests/test_spectrum.py ................................. [ 71%]
2025-02-11T02:18:12.9951410Z .........                                                                [ 72%]
2025-02-11T02:18:38.0479060Z tardis/spectrum/tests/test_spectrum_solver.py ....                       [ 72%]
2025-02-11T02:19:43.6624430Z tardis/tests/test_tardis_full.py ....                                    [ 72%]
2025-02-11T02:21:16.8297600Z tardis/tests/test_tardis_full_formal_integral.py ................        [ 73%]
2025-02-11T02:21:16.8742780Z tardis/tests/test_util.py .............................................  [ 75%]
2025-02-11T02:21:18.8053770Z tardis/transport/montecarlo/tests/test_base.py x.....................    [ 77%]
2025-02-11T02:21:23.3491090Z tardis/transport/montecarlo/tests/test_interaction.py .......            [ 77%]
2025-02-11T02:21:23.4860390Z tardis/transport/montecarlo/tests/test_macro_atom.py ....                [ 77%]
2025-02-11T02:21:23.4953870Z tardis/transport/montecarlo/tests/test_montecarlo.py sssssssssssssssssss [ 78%]
2025-02-11T02:21:23.5170880Z sssssssssssssssssssssssssssssssssssssssssssss                            [ 81%]
2025-02-11T02:21:30.3153280Z tardis/transport/montecarlo/tests/test_montecarlo_main_loop.py x..       [ 81%]
2025-02-11T02:21:30.3252940Z tardis/transport/montecarlo/tests/test_nonhomologous.py ...              [ 81%]
2025-02-11T02:21:32.6377570Z tardis/transport/montecarlo/tests/test_numba_interface.py .....x.        [ 82%]
2025-02-11T02:21:32.9938970Z tardis/transport/montecarlo/tests/test_opacities.py ...............      [ 82%]
2025-02-11T02:21:33.7067980Z tardis/transport/montecarlo/tests/test_packet.py .................xXXXXX [ 84%]
2025-02-11T02:21:33.7933280Z XX.........                                                              [ 84%]
2025-02-11T02:21:33.8170590Z tardis/transport/montecarlo/tests/test_packet_source.py ........         [ 85%]
2025-02-11T02:21:34.0345170Z tardis/transport/montecarlo/tests/test_rpacket_last_interaction_tracker.py . [ 85%]
2025-02-11T02:21:34.2950250Z .....                                                                    [ 85%]
2025-02-11T02:21:42.7068860Z tardis/transport/montecarlo/tests/test_rpacket_tracker.py ......         [ 85%]
2025-02-11T02:21:42.7300270Z tardis/transport/montecarlo/tests/test_single_packet_loop.py xxx         [ 86%]
2025-02-11T02:21:42.7344440Z tardis/transport/montecarlo/tests/test_tracker_utils.py ..               [ 86%]
2025-02-11T02:21:43.8689700Z tardis/transport/montecarlo/tests/test_vpacket.py ..x.                   [ 86%]
2025-02-11T02:21:43.8816890Z tardis/transport/montecarlo/tests/test_weighted_packet_source.py ....    [ 86%]
2025-02-11T02:21:46.2715070Z tardis/transport/montecarlo/tests/test_weighted_packet_source_integration.py . [ 86%]
2025-02-11T02:21:46.2716380Z                                                                          [ 86%]
2025-02-11T02:21:46.7565230Z tardis/transport/tests/test_doppler_factor.py ..................         [ 87%]
2025-02-11T02:21:48.2394260Z tardis/visualization/tools/tests/test_convergence_plot.py .............. [ 88%]
2025-02-11T02:21:50.0654790Z ......                                                                   [ 88%]
2025-02-11T02:21:53.1564870Z tardis/visualization/tools/tests/test_liv_plot.py ...................... [ 90%]
2025-02-11T02:21:56.4480360Z .............................                                            [ 91%]
2025-02-11T02:21:59.0966550Z tardis/visualization/tools/tests/test_rpacket_plot.py .................. [ 92%]
2025-02-11T02:22:05.8129980Z ....                                                                     [ 92%]
2025-02-11T02:22:09.8477490Z tardis/visualization/tools/tests/test_sdec_plot.py ..................... [ 94%]
2025-02-11T02:22:15.8145470Z ..............................                                           [ 95%]
2025-02-11T02:22:16.1321560Z tardis/visualization/widgets/tests/test_custom_abundance.py ........ss.. [ 96%]
2025-02-11T02:22:16.1690460Z ....                                                                     [ 96%]
2025-02-11T02:22:16.8841880Z tardis/visualization/widgets/tests/test_line_info.py ................... [ 97%]
2025-02-11T02:22:17.3283550Z ..................                                                       [ 98%]
2025-02-11T02:25:19.9739900Z tardis/visualization/widgets/tests/test_shell_info.py .................. [ 99%]
2025-02-11T02:25:27.7849110Z ......                                                                   [100%]
2025-02-11T02:25:27.7849660Z 
2025-02-11T02:25:27.7849850Z =============================== warnings summary ===============================
2025-02-11T02:25:27.7850210Z tardis/io/configuration/config_validator.py:6
2025-02-11T02:25:27.7850570Z tardis/io/configuration/config_validator.py:6
2025-02-11T02:25:27.7851040Z   /Users/runner/work/tardis/tardis/tardis/io/configuration/config_validator.py:6: DeprecationWarning:
2025-02-11T02:25:27.7851490Z   
2025-02-11T02:25:27.7852540Z   jsonschema.RefResolver is deprecated as of v4.18.0, in favor of the https://github.com/python-jsonschema/referencing library, which provides more compliant referencing behavior as well as more flexible APIs for customization. A future release will remove RefResolver. Please file a feature request (on referencing) if you are missing an API for the kind of customization you need.
2025-02-11T02:25:27.7853660Z 
2025-02-11T02:25:27.7853890Z ../../../micromamba/envs/tardis/lib/python3.12/site-packages/jupyter_client/connect.py:22
2025-02-11T02:25:27.7854480Z   /Users/runner/micromamba/envs/tardis/lib/python3.12/site-packages/jupyter_client/connect.py:22: DeprecationWarning:
2025-02-11T02:25:27.7854990Z   
2025-02-11T02:25:27.7855270Z   Jupyter is migrating its paths to use standard platformdirs
2025-02-11T02:25:27.7855620Z   given by the platformdirs library.  To remove this warning and
2025-02-11T02:25:27.7856070Z   see the appropriate new directories, set the environment variable
2025-02-11T02:25:27.7856470Z   `JUPYTER_PLATFORM_DIRS=1` and then run `jupyter --paths`.
2025-02-11T02:25:27.7856900Z   The use of platformdirs will be the default in `jupyter_core` v6
2025-02-11T02:25:27.7857160Z 
2025-02-11T02:25:27.7862160Z tardis/io/tests/test_HDFWriter.py::test_multi_index_write
2025-02-11T02:25:27.7862640Z tardis/visualization/widgets/tests/test_shell_info.py::TestHDFShellInfo::test_shells_data
2025-02-11T02:25:27.7863130Z   /Users/runner/work/tardis/tardis/tardis/io/util.py:276: PerformanceWarning:
2025-02-11T02:25:27.7863500Z   
2025-02-11T02:25:27.7863660Z   
2025-02-11T02:25:27.7864010Z   your performance may suffer as PyTables will pickle object types that it cannot
2025-02-11T02:25:27.7864510Z   map directly to c-types [inferred_type->mixed,key->block0_values] [items->Index([0], dtype='int64')]
2025-02-11T02:25:27.7864860Z 
2025-02-11T02:25:27.7865080Z tardis/io/tests/test_model_reader.py::test_read_cmfgen_isotope_abundances
2025-02-11T02:25:27.7865540Z tardis/plasma/tests/test_tardis_model_density_config.py::test_electron_densities
2025-02-11T02:25:27.7866120Z tardis/plasma/tests/test_tardis_model_density_config.py::test_isotope_number_densities
2025-02-11T02:25:27.7866600Z tardis/plasma/tests/test_tardis_model_density_config.py::test_t_rad
2025-02-11T02:25:27.7867120Z   /Users/runner/work/tardis/tardis/tardis/io/model/readers/cmfgen_deprecated.py:82: DeprecationWarning:
2025-02-11T02:25:27.7867580Z   
2025-02-11T02:25:27.7867780Z   The current CMFGEN model parser is deprecated
2025-02-11T02:25:27.7868020Z 
2025-02-11T02:25:27.7868150Z tardis/io/tests/test_model_reader.py: 1 warning
2025-02-11T02:25:27.7868540Z tardis/plasma/tests/test_tardis_model_density_config.py: 9 warnings
2025-02-11T02:25:27.7869040Z   /Users/runner/work/tardis/tardis/tardis/io/model/readers/cmfgen_deprecated.py:40: DeprecationWarning:
2025-02-11T02:25:27.7869490Z   
2025-02-11T02:25:27.7869680Z   The current CMFGEN model parser is deprecated
2025-02-11T02:25:27.7869890Z 
2025-02-11T02:25:27.7870110Z tardis/model/tests/test_base.py::TestModelFromPaper1Config::test_abundances
2025-02-11T02:25:27.7870680Z   /Users/runner/work/tardis/tardis/tardis/transport/montecarlo/montecarlo_main_loop.py:123: NumbaTypeSafetyWarning:
2025-02-11T02:25:27.7871260Z   
2025-02-11T02:25:27.7885460Z   [1m[1m[1munsafe cast from uint64 to int64. Precision may be lost.[0m[0m[0m
2025-02-11T02:25:27.7893440Z 
2025-02-11T02:25:27.7893610Z tardis/model/tests/test_base.py: 6 warnings
2025-02-11T02:25:27.7893970Z tardis/model/tests/test_csvy_model.py: 2 warnings
2025-02-11T02:25:27.7894500Z tardis/plasma/tests/test_tardis_model_density_config.py: 3 warnings
2025-02-11T02:25:27.7895030Z   /Users/runner/work/tardis/tardis/tardis/model/geometry/radial1d.py:50: DeprecationWarning:
2025-02-11T02:25:27.7895520Z   
2025-02-11T02:25:27.7895720Z   v_inner_boundary < 0, assuming default value
2025-02-11T02:25:27.7895930Z 
2025-02-11T02:25:27.7896080Z tardis/model/tests/test_base.py: 6 warnings
2025-02-11T02:25:27.7896470Z tardis/model/tests/test_csvy_model.py: 2 warnings
2025-02-11T02:25:27.7896850Z tardis/plasma/tests/test_tardis_model_density_config.py: 3 warnings
2025-02-11T02:25:27.7898040Z   /Users/runner/work/tardis/tardis/tardis/model/geometry/radial1d.py:61: DeprecationWarning:
2025-02-11T02:25:27.7898510Z   
2025-02-11T02:25:27.7898790Z   v_outer_boundary < 0, assuming default value
2025-02-11T02:25:27.7898950Z 
2025-02-11T02:25:27.7899390Z tardis/plasma/equilibrium/tests/test_level_populations.py::TestLevelPopulationSolver::test_solve[collisional_rate_solver0-radiative_transitions0]
2025-02-11T02:25:27.7900270Z   /Users/runner/work/tardis/tardis/tardis/plasma/equilibrium/level_populations.py:65: FutureWarning:
2025-02-11T02:25:27.7900700Z   
2025-02-11T02:25:27.7901100Z   A value is trying to be set on a copy of a DataFrame or Series through chained assignment using an inplace method.
2025-02-11T02:25:27.7901900Z   The behavior will change in pandas 3.0. This inplace method will never work because the intermediate object on which we are setting values always behaves as a copy.
2025-02-11T02:25:27.7902530Z   
2025-02-11T02:25:27.7903130Z   For example, when doing 'df[col].method(value, inplace=True)', try using 'df.method({col: value}, inplace=True)' or df[col] = df[col].method(value) instead, to perform the operation inplace on the original object.
2025-02-11T02:25:27.7903640Z 
2025-02-11T02:25:27.7903820Z tardis/plasma/tests/test_complete_plasmas.py: 20 warnings
2025-02-11T02:25:27.7904360Z   /Users/runner/work/tardis/tardis/tardis/plasma/tests/test_complete_plasmas.py:197: UserWarning:
2025-02-11T02:25:27.7904760Z   
2025-02-11T02:25:27.7905020Z   Property "atomic_mass" not found
2025-02-11T02:25:27.7905170Z 
2025-02-11T02:25:27.7905560Z tardis/plasma/tests/test_complete_plasmas.py::TestPlasma::test_plasma_properties[radiative_rates_type:detailed-w_epsilon:1e-10-j_blues_norm_factor]
2025-02-11T02:25:27.7915550Z tardis/plasma/tests/test_complete_plasmas.py::TestPlasma::test_plasma_properties[radiative_rates_type:detailed-j_blues_norm_factor]
2025-02-11T02:25:27.7917310Z   /Users/runner/work/tardis/tardis/tardis/plasma/tests/test_complete_plasmas.py:197: UserWarning:
2025-02-11T02:25:27.7917800Z   
2025-02-11T02:25:27.7918010Z   Property "j_blues_norm_factor" not found
2025-02-11T02:25:27.7918200Z 
2025-02-11T02:25:27.7918590Z tardis/plasma/tests/test_complete_plasmas.py::TestPlasma::test_plasma_properties[radiative_rates_type:detailed-w_epsilon:1e-10-j_blue_estimator]
2025-02-11T02:25:27.7919380Z tardis/plasma/tests/test_complete_plasmas.py::TestPlasma::test_plasma_properties[radiative_rates_type:detailed-j_blue_estimator]
2025-02-11T02:25:27.7920080Z   /Users/runner/work/tardis/tardis/tardis/plasma/tests/test_complete_plasmas.py:197: UserWarning:
2025-02-11T02:25:27.7920540Z   
2025-02-11T02:25:27.7920740Z   Property "j_blue_estimator" not found
2025-02-11T02:25:27.7920930Z 
2025-02-11T02:25:27.7921340Z tardis/plasma/tests/test_complete_plasmas.py::TestPlasma::test_plasma_properties[radiative_rates_type:detailed-w_epsilon:1e-10-volume]
2025-02-11T02:25:27.7922110Z tardis/plasma/tests/test_complete_plasmas.py::TestPlasma::test_plasma_properties[radiative_rates_type:detailed-volume]
2025-02-11T02:25:27.7922810Z   /Users/runner/work/tardis/tardis/tardis/plasma/tests/test_complete_plasmas.py:197: UserWarning:
2025-02-11T02:25:27.7923200Z   
2025-02-11T02:25:27.7923820Z   Property "volume" not found
2025-02-11T02:25:27.7924020Z 
2025-02-11T02:25:27.7924530Z tardis/plasma/tests/test_complete_plasmas.py::TestPlasma::test_plasma_properties[radiative_rates_type:detailed-w_epsilon:1e-10-r_inner]
2025-02-11T02:25:27.7925270Z tardis/plasma/tests/test_complete_plasmas.py::TestPlasma::test_plasma_properties[radiative_rates_type:detailed-r_inner]
2025-02-11T02:25:27.7926100Z   /Users/runner/work/tardis/tardis/tardis/plasma/tests/test_complete_plasmas.py:197: UserWarning:
2025-02-11T02:25:27.7926820Z   
2025-02-11T02:25:27.7927100Z   Property "r_inner" not found
2025-02-11T02:25:27.7927220Z 
2025-02-11T02:25:27.7927490Z tardis/plasma/tests/test_plasma_vboundary.py::test_plasma_vboundary[2900-3750]
2025-02-11T02:25:27.7928230Z tardis/plasma/tests/test_plasma_vboundary.py::test_plasma_vboundary[2900-3850]
2025-02-11T02:25:27.7928820Z tardis/plasma/tests/test_plasma_vboundary.py::test_plasma_vboundary[2900-3900]
2025-02-11T02:25:27.7929450Z   /Users/runner/work/tardis/tardis/tardis/model/geometry/radial1d.py:71: UserWarning:
2025-02-11T02:25:27.7929900Z   
2025-02-11T02:25:27.7930240Z   Requesting inner boundary below inner shell. Extrapolating the inner cell
2025-02-11T02:25:27.7930550Z 
2025-02-11T02:25:27.7930720Z tardis/spectrum/tests/test_spectrum_solver.py::TestSpectrumSolver::test_solve
2025-02-11T02:25:27.7931410Z   /Users/runner/work/tardis/tardis/tardis/spectrum/base.py:70: UserWarning:
2025-02-11T02:25:27.7931740Z   
2025-02-11T02:25:27.7932190Z   SpectrumSolver.spectrum_virtual_packets is zero. Please run the montecarlo simulation with no_of_virtual_packets > 0
2025-02-11T02:25:27.7932610Z 
2025-02-11T02:25:27.7932890Z tardis/spectrum/tests/test_spectrum_solver.py::TestSpectrumSolver::test_solve
2025-02-11T02:25:27.7933370Z   /Users/runner/work/tardis/tardis/tardis/spectrum/base.py:111: UserWarning:
2025-02-11T02:25:27.7933820Z   
2025-02-11T02:25:27.7934230Z   SpectrumSolver.integrator: The FormalIntegrator is not yet available.Please run the montecarlo simulation at least once.
2025-02-11T02:25:27.7934690Z 
2025-02-11T02:25:27.7934920Z tardis/transport/montecarlo/tests/test_vpacket.py::test_trace_vpacket_volley
2025-02-11T02:25:27.7935330Z   <string>:3: NumbaPendingDeprecationWarning:
2025-02-11T02:25:27.7935630Z   
2025-02-11T02:25:27.7936800Z   [1m[1mCode using Numba extension API maybe depending on 'old_style' error-capturing, which is deprecated and will be replaced by 'new_style' in a future release. See details at https://numba.readthedocs.io/en/latest/reference/deprecation.html#deprecation-of-old-style-numba-captured-errors
2025-02-11T02:25:27.7937790Z   Exception origin:
2025-02-11T02:25:27.7938210Z     File "/Users/runner/micromamba/envs/tardis/lib/python3.12/inspect.py", line 3180, in _bind
2025-02-11T02:25:27.7938660Z       raise TypeError(msg) from None
2025-02-11T02:25:27.7939010Z   [0m[0m
2025-02-11T02:25:27.7939160Z 
2025-02-11T02:25:27.7939500Z tardis/visualization/tools/tests/test_sdec_plot.py::TestSDECPlotter::test_mpl_image[plotter_generate_plot_mpl4]
2025-02-11T02:25:27.7940190Z   /Users/runner/work/tardis/tardis/tardis/visualization/tools/sdec_plot.py:1225: RuntimeWarning:
2025-02-11T02:25:27.7940730Z   
2025-02-11T02:25:27.7941570Z   More than 20 figures have been opened. Figures created through the pyplot interface (`matplotlib.pyplot.figure`) are retained until explicitly closed and may consume too much memory. (To control this warning, see the rcParam `figure.max_open_warning`). Consider using `matplotlib.pyplot.close()`.
2025-02-11T02:25:27.7942400Z 
2025-02-11T02:25:27.7942760Z tardis/visualization/widgets/tests/test_custom_abundance.py::TestCustomAbundanceWidget::test_update_input_item_value
2025-02-11T02:25:27.7943460Z tardis/visualization/widgets/tests/test_custom_abundance.py::TestCustomAbundanceWidget::test_update_input_item_value
2025-02-11T02:25:27.7944180Z tardis/visualization/widgets/tests/test_custom_abundance.py::TestCustomAbundanceWidget::test_update_input_item_value
2025-02-11T02:25:27.7945260Z tardis/visualization/widgets/tests/test_custom_abundance.py::TestCustomAbundanceWidget::test_update_input_item_value
2025-02-11T02:25:27.7946170Z tardis/visualization/widgets/tests/test_custom_abundance.py::TestCustomAbundanceWidget::test_update_input_item_value
2025-02-11T02:25:27.7946920Z tardis/visualization/widgets/tests/test_custom_abundance.py::TestCustomAbundanceWidget::test_update_input_item_value
2025-02-11T02:25:27.7947700Z   /Users/runner/micromamba/envs/tardis/lib/python3.12/site-packages/traitlets/traitlets.py:1385: DeprecationWarning:
2025-02-11T02:25:27.7948150Z   
2025-02-11T02:25:27.7948550Z   Passing unrecognized arguments to super(Checkbox).__init__(icon='lock').
2025-02-11T02:25:27.7949000Z   object.__init__() takes exactly one argument (the instance to initialize)
2025-02-11T02:25:27.7949520Z   This is deprecated in traitlets 4.2.This error will be raised in a future release of traitlets.
2025-02-11T02:25:27.7949860Z 
2025-02-11T02:25:27.7950170Z tardis/visualization/widgets/tests/test_custom_abundance.py::TestCustomAbundanceWidget::test_update_input_item_value
2025-02-11T02:25:27.7950880Z tardis/visualization/widgets/tests/test_custom_abundance.py::TestCustomAbundanceWidget::test_update_input_item_value
2025-02-11T02:25:27.7951600Z   /Users/runner/micromamba/envs/tardis/lib/python3.12/site-packages/traitlets/traitlets.py:1385: DeprecationWarning:
2025-02-11T02:25:27.7952190Z   
2025-02-11T02:25:27.7952470Z   Passing unrecognized arguments to super(FloatText).__init__(min=0).
2025-02-11T02:25:27.7952940Z   object.__init__() takes exactly one argument (the instance to initialize)
2025-02-11T02:25:27.7953460Z   This is deprecated in traitlets 4.2.This error will be raised in a future release of traitlets.
2025-02-11T02:25:27.7953720Z 
2025-02-11T02:25:27.7954170Z tardis/visualization/widgets/tests/test_custom_abundance.py::TestCustomAbundanceWidget::test_update_input_item_value
2025-02-11T02:25:27.7954930Z   /Users/runner/micromamba/envs/tardis/lib/python3.12/site-packages/traitlets/traitlets.py:1385: DeprecationWarning:
2025-02-11T02:25:27.7955400Z   
2025-02-11T02:25:27.7955720Z   Passing unrecognized arguments to super(HTML).__init__(indent=True).
2025-02-11T02:25:27.7956120Z   object.__init__() takes exactly one argument (the instance to initialize)
2025-02-11T02:25:27.7956710Z   This is deprecated in traitlets 4.2.This error will be raised in a future release of traitlets.
2025-02-11T02:25:27.7957010Z 
2025-02-11T02:25:27.7957380Z tardis/visualization/widgets/tests/test_line_info.py::TestLineInfoWidgetData::test_get_species_interactions[wavelength_range0-packet_out_nu]
2025-02-11T02:25:27.7958160Z   /Users/runner/micromamba/envs/tardis/lib/python3.12/site-packages/qgridnext/grid.py:814: DeprecationWarning:
2025-02-11T02:25:27.7958630Z   
2025-02-11T02:25:27.7959000Z   QgridWidget._df_changed is deprecated in traitlets 4.1: use @observe and @unobserve instead.
2025-02-11T02:25:27.7959350Z 
2025-02-11T02:25:27.7959620Z tardis/visualization/widgets/tests/test_shell_info.py::TestHDFShellInfo::test_shells_data
2025-02-11T02:25:27.7960130Z   /Users/runner/work/tardis/tardis/tardis/io/util.py:289: PerformanceWarning:
2025-02-11T02:25:27.7960550Z   
2025-02-11T02:25:27.7960700Z   
2025-02-11T02:25:27.7961030Z   your performance may suffer as PyTables will pickle object types that it cannot
2025-02-11T02:25:27.7961590Z   map directly to c-types [inferred_type->mixed,key->block0_values] [items->Index([0], dtype='int64')]
2025-02-11T02:25:27.7961950Z 
2025-02-11T02:25:27.7962230Z tardis/visualization/widgets/tests/test_shell_info.py::TestHDFShellInfo::test_shells_data
2025-02-11T02:25:27.7962790Z   /Users/runner/work/tardis/tardis/tardis/io/util.py:292: PerformanceWarning:
2025-02-11T02:25:27.7963240Z   
2025-02-11T02:25:27.7963440Z   
2025-02-11T02:25:27.7963710Z   your performance may suffer as PyTables will pickle object types that it cannot
2025-02-11T02:25:27.7964270Z   map directly to c-types [inferred_type->mixed,key->values] [items->None]
2025-02-11T02:25:27.7964480Z 
2025-02-11T02:25:27.7964980Z tardis/visualization/widgets/tests/test_shell_info.py::TestHDFShellInfo::test_shells_data
2025-02-11T02:25:27.7965680Z   /Users/runner/work/tardis/tardis/tardis/spectrum/formal_integral.py:398: UserWarning:
2025-02-11T02:25:27.7966030Z   
2025-02-11T02:25:27.7966490Z   The number of interpolate_shells was not specified. The value was set to 80.
2025-02-11T02:25:27.7966730Z 
2025-02-11T02:25:27.7966900Z -- Docs: https://docs.pytest.org/en/stable/how-to/capture-warnings.html
2025-02-11T02:25:27.7967140Z 
2025-02-11T02:25:27.7967340Z ---------- coverage: platform darwin, python 3.12.4-final-0 ----------
2025-02-11T02:25:27.7990310Z Coverage HTML written to dir coverage_html_report
2025-02-11T02:25:27.7990590Z Coverage XML written to file coverage.xml
2025-02-11T02:25:27.7990790Z 
2025-02-11T02:25:27.7991030Z = 1438 passed, 329 skipped, 2 deselected, 19 xfailed, 8 xpassed, 91 warnings in 734.97s (0:12:14) =
2025-02-11T02:25:30.1395280Z ##[group]Run mv .coverage .coverage.0
2025-02-11T02:25:30.1395550Z [36;1mmv .coverage .coverage.0[0m
2025-02-11T02:25:30.2772250Z shell: /bin/bash -l {0}
2025-02-11T02:25:30.2772470Z env:
2025-02-11T02:25:30.2772620Z   CACHE_NUMBER: 0
2025-02-11T02:25:30.2773090Z   PYTEST_FLAGS: --tardis-regression-data=/Users/runner/work/tardis/tardis/tardis-regression-data --cov=tardis --cov-report=xml --cov-report=html --cov-append
2025-02-11T02:25:30.2773580Z   CODECOV_TOKEN: 
2025-02-11T02:25:30.2773760Z   MAMBA_ROOT_PREFIX: /Users/runner/micromamba
2025-02-11T02:25:30.2773990Z   MAMBA_EXE: /Users/runner/micromamba-bin/micromamba
2025-02-11T02:25:30.2774260Z   CONDARC: /Users/runner/work/_temp/setup-micromamba/.condarc
2025-02-11T02:25:30.2774490Z ##[endgroup]
2025-02-11T02:25:30.5086070Z ##[group]Run actions/upload-artifact@v4
2025-02-11T02:25:30.5086500Z with:
2025-02-11T02:25:30.5086720Z   name: coverage-not-continuum-macos-latest
2025-02-11T02:25:30.5088200Z   include-hidden-files: true
2025-02-11T02:25:30.5088790Z   path: .coverage*
!.coveragerc

2025-02-11T02:25:30.5089860Z   if-no-files-found: warn
2025-02-11T02:25:30.5090700Z   compression-level: 6
2025-02-11T02:25:30.5091730Z   overwrite: false
2025-02-11T02:25:30.5092590Z env:
2025-02-11T02:25:30.5093260Z   CACHE_NUMBER: 0
2025-02-11T02:25:30.5093800Z   PYTEST_FLAGS: --tardis-regression-data=/Users/runner/work/tardis/tardis/tardis-regression-data --cov=tardis --cov-report=xml --cov-report=html --cov-append
2025-02-11T02:25:30.5094370Z   CODECOV_TOKEN: 
2025-02-11T02:25:30.5094570Z   MAMBA_ROOT_PREFIX: /Users/runner/micromamba
2025-02-11T02:25:30.5094860Z   MAMBA_EXE: /Users/runner/micromamba-bin/micromamba
2025-02-11T02:25:30.5095270Z   CONDARC: /Users/runner/work/_temp/setup-micromamba/.condarc
2025-02-11T02:25:30.5096070Z ##[endgroup]
2025-02-11T02:25:31.2346400Z With the provided path, there will be 2 files uploaded
2025-02-11T02:25:31.2349280Z Artifact name is valid!
2025-02-11T02:25:31.2351240Z Root directory input is valid!
2025-02-11T02:25:31.4227070Z Beginning upload of artifact content to blob storage
2025-02-11T02:25:31.6263440Z Uploaded bytes 29601
2025-02-11T02:25:31.6726110Z Finished uploading artifact content to blob storage!
2025-02-11T02:25:31.6730300Z SHA256 hash of uploaded artifact zip is c8f654eeba35e36a8889d5c5bbac1cc1b512f56e7055e67bda859340d525ab0a
2025-02-11T02:25:31.6733750Z Finalizing artifact upload
2025-02-11T02:25:31.7757230Z Artifact coverage-not-continuum-macos-latest.zip successfully finalized. Artifact ID 2568822559
2025-02-11T02:25:31.7759010Z Artifact coverage-not-continuum-macos-latest has been successfully uploaded! Final size is 29601 bytes. Artifact ID is 2568822559
2025-02-11T02:25:31.7773020Z Artifact download URL: https://github.com/tardis-sn/tardis/actions/runs/13254445574/artifacts/2568822559
2025-02-11T02:25:31.7985620Z Post job cleanup.
2025-02-11T02:25:31.8045900Z Post job cleanup.
2025-02-11T02:25:31.9747560Z Will use pre-installed micromamba at /Users/runner/micromamba-bin/micromamba
2025-02-11T02:25:31.9750210Z Removing micromamba run shell ...
2025-02-11T02:25:31.9755110Z ##[group]Deinitialize micromamba for bash
2025-02-11T02:25:31.9774700Z [command]/Users/runner/micromamba-bin/micromamba shell deinit -s bash -r /Users/runner/micromamba --log-level warning --rc-file /Users/runner/work/_temp/setup-micromamba/.condarc
2025-02-11T02:25:31.9961710Z Resetting RC file "/Users/runner/.bash_profile"
2025-02-11T02:25:31.9962160Z Deleting config for root prefix 
2025-02-11T02:25:31.9962390Z Clearing mamba executable environment variable
2025-02-11T02:25:31.9985070Z Removing the following in your "/Users/runner/.bash_profile" file
2025-02-11T02:25:31.9985930Z # >>> mamba initialize >>>
2025-02-11T02:25:31.9986150Z ...
2025-02-11T02:25:31.9987310Z # <<< mamba initialize <<<
2025-02-11T02:25:32.0018210Z Removing environment tardis from auto-activate bash ...
2025-02-11T02:25:32.0155360Z Post job cleanup.
2025-02-11T02:25:32.0216520Z Post job cleanup.
2025-02-11T02:25:32.1981110Z [command]/opt/homebrew/bin/git version
2025-02-11T02:25:32.2285630Z git version 2.48.1
2025-02-11T02:25:32.2315130Z Copying '/Users/runner/.gitconfig' to '/Users/runner/work/_temp/663de8e6-46ac-437a-bfff-85c83afd0c3f/.gitconfig'
2025-02-11T02:25:32.2335710Z Temporarily overriding HOME='/Users/runner/work/_temp/663de8e6-46ac-437a-bfff-85c83afd0c3f' before making global git config changes
2025-02-11T02:25:32.2337380Z Adding repository directory to the temporary git global config as a safe directory
2025-02-11T02:25:32.2341150Z [command]/opt/homebrew/bin/git config --global --add safe.directory /Users/runner/work/tardis/tardis/tardis-regression-data
2025-02-11T02:25:32.2456790Z [command]/opt/homebrew/bin/git config --local --name-only --get-regexp core\.sshCommand
2025-02-11T02:25:32.2535840Z [command]/opt/homebrew/bin/git submodule foreach --recursive sh -c "git config --local --name-only --get-regexp 'core\.sshCommand' && git config --local --unset-all 'core.sshCommand' || :"
2025-02-11T02:25:32.3890940Z [command]/opt/homebrew/bin/git config --local --name-only --get-regexp http\.https\:\/\/github\.com\/\.extraheader
2025-02-11T02:25:32.3947130Z http.https://github.com/.extraheader
2025-02-11T02:25:32.3960220Z [command]/opt/homebrew/bin/git config --local --unset-all http.https://github.com/.extraheader
2025-02-11T02:25:32.4034790Z [command]/opt/homebrew/bin/git submodule foreach --recursive sh -c "git config --local --name-only --get-regexp 'http\.https\:\/\/github\.com\/\.extraheader' && git config --local --unset-all 'http.https://github.com/.extraheader' || :"
2025-02-11T02:25:32.5258940Z Post job cleanup.
2025-02-11T02:25:32.6861730Z [command]/opt/homebrew/bin/git version
2025-02-11T02:25:32.6949100Z git version 2.48.1
2025-02-11T02:25:32.6994080Z Copying '/Users/runner/.gitconfig' to '/Users/runner/work/_temp/1e6dbc3f-18d1-4d48-9339-c7af34c941a7/.gitconfig'
2025-02-11T02:25:32.6996270Z Temporarily overriding HOME='/Users/runner/work/_temp/1e6dbc3f-18d1-4d48-9339-c7af34c941a7' before making global git config changes
2025-02-11T02:25:32.6997960Z Adding repository directory to the temporary git global config as a safe directory
2025-02-11T02:25:32.7000180Z [command]/opt/homebrew/bin/git config --global --add safe.directory /Users/runner/work/tardis/tardis
2025-02-11T02:25:32.7123910Z [command]/opt/homebrew/bin/git config --local --name-only --get-regexp core\.sshCommand
2025-02-11T02:25:32.7179630Z [command]/opt/homebrew/bin/git submodule foreach --recursive sh -c "git config --local --name-only --get-regexp 'core\.sshCommand' && git config --local --unset-all 'core.sshCommand' || :"
2025-02-11T02:25:32.8019050Z [command]/opt/homebrew/bin/git config --local --name-only --get-regexp http\.https\:\/\/github\.com\/\.extraheader
2025-02-11T02:25:32.8061570Z http.https://github.com/.extraheader
2025-02-11T02:25:32.8071410Z [command]/opt/homebrew/bin/git config --local --unset-all http.https://github.com/.extraheader
2025-02-11T02:25:32.8127050Z [command]/opt/homebrew/bin/git submodule foreach --recursive sh -c "git config --local --name-only --get-regexp 'http\.https\:\/\/github\.com\/\.extraheader' && git config --local --unset-all 'http.https://github.com/.extraheader' || :"
2025-02-11T02:25:32.9036890Z Cleaning up orphan processes
