2025-02-11T02:11:06.4758836Z Requested labels: ubuntu-latest
2025-02-11T02:11:06.4759133Z Job defined at: tardis-sn/tardis/.github/workflows/tests.yml@refs/pull/2876/merge
2025-02-11T02:11:06.4759231Z Waiting for a runner to pick up this job...
2025-02-11T02:11:06.6394516Z Job is waiting for a hosted runner to come online.
2025-02-11T02:11:09.5002379Z Job is about to start running on the hosted runner: GitHub Actions 29 (hosted)
2025-02-11T02:11:11.3274865Z Current runner version: '2.322.0'
2025-02-11T02:11:11.3302593Z ##[group]Operating System
2025-02-11T02:11:11.3303433Z Ubuntu
2025-02-11T02:11:11.3304078Z 24.04.1
2025-02-11T02:11:11.3304612Z LTS
2025-02-11T02:11:11.3305074Z ##[endgroup]
2025-02-11T02:11:11.3305687Z ##[group]Runner Image
2025-02-11T02:11:11.3306274Z Image: ubuntu-24.04
2025-02-11T02:11:11.3306803Z Version: 20250202.1.0
2025-02-11T02:11:11.3307964Z Included Software: https://github.com/actions/runner-images/blob/ubuntu24/20250202.1/images/ubuntu/Ubuntu2404-Readme.md
2025-02-11T02:11:11.3309619Z Image Release: https://github.com/actions/runner-images/releases/tag/ubuntu24%2F20250202.1
2025-02-11T02:11:11.3310616Z ##[endgroup]
2025-02-11T02:11:11.3311328Z ##[group]Runner Image Provisioner
2025-02-11T02:11:11.3311964Z 2.0.422.1
2025-02-11T02:11:11.3312511Z ##[endgroup]
2025-02-11T02:11:11.3314769Z ##[group]GITHUB_TOKEN Permissions
2025-02-11T02:11:11.3316787Z Actions: read
2025-02-11T02:11:11.3317799Z Attestations: read
2025-02-11T02:11:11.3318596Z Checks: read
2025-02-11T02:11:11.3319148Z Contents: read
2025-02-11T02:11:11.3319931Z Deployments: read
2025-02-11T02:11:11.3320591Z Discussions: read
2025-02-11T02:11:11.3321175Z Issues: read
2025-02-11T02:11:11.3321692Z Metadata: read
2025-02-11T02:11:11.3322265Z Packages: read
2025-02-11T02:11:11.3322800Z Pages: read
2025-02-11T02:11:11.3323320Z PullRequests: read
2025-02-11T02:11:11.3323952Z RepositoryProjects: read
2025-02-11T02:11:11.3324569Z SecurityEvents: read
2025-02-11T02:11:11.3325075Z Statuses: read
2025-02-11T02:11:11.3325663Z ##[endgroup]
2025-02-11T02:11:11.3328619Z Secret source: None
2025-02-11T02:11:11.3329807Z Prepare workflow directory
2025-02-11T02:11:11.3995221Z Prepare all required actions
2025-02-11T02:11:11.4032228Z Getting action download info
2025-02-11T02:11:11.6090738Z ##[group]Download immutable action package 'actions/checkout@v4'
2025-02-11T02:11:11.6092161Z Version: 4.2.2
2025-02-11T02:11:11.6093259Z Digest: sha256:ccb2698953eaebd21c7bf6268a94f9c26518a7e38e27e0b83c1fe1ad049819b1
2025-02-11T02:11:11.6094467Z Source commit SHA: 11bd71901bbe5b1630ceea73d27597364c9af683
2025-02-11T02:11:11.6095176Z ##[endgroup]
2025-02-11T02:11:11.6995771Z ##[group]Download immutable action package 'actions/upload-artifact@v4'
2025-02-11T02:11:11.6996617Z Version: 4.6.0
2025-02-11T02:11:11.6997365Z Digest: sha256:bf85474c8423f9cd48bd2caf3ce5adb1711e2dfdb055b040bd36b044e4290329
2025-02-11T02:11:11.6998342Z Source commit SHA: 65c4c4a1ddee5b72f698fdd19549f0f0fb45cf08
2025-02-11T02:11:11.6999029Z ##[endgroup]
2025-02-11T02:11:11.8722845Z Complete job name: not continuum ubuntu-latest 
2025-02-11T02:11:11.9449308Z ##[group]Run actions/checkout@v4
2025-02-11T02:11:11.9450530Z with:
2025-02-11T02:11:11.9451011Z   repository: tardis-sn/tardis
2025-02-11T02:11:11.9451822Z   token: ***
2025-02-11T02:11:11.9452276Z   ssh-strict: true
2025-02-11T02:11:11.9452736Z   ssh-user: git
2025-02-11T02:11:11.9453226Z   persist-credentials: true
2025-02-11T02:11:11.9453740Z   clean: true
2025-02-11T02:11:11.9454200Z   sparse-checkout-cone-mode: true
2025-02-11T02:11:11.9454776Z   fetch-depth: 1
2025-02-11T02:11:11.9455220Z   fetch-tags: false
2025-02-11T02:11:11.9455670Z   show-progress: true
2025-02-11T02:11:11.9456136Z   lfs: false
2025-02-11T02:11:11.9456569Z   submodules: false
2025-02-11T02:11:11.9457035Z   set-safe-directory: true
2025-02-11T02:11:11.9457835Z env:
2025-02-11T02:11:11.9458249Z   CACHE_NUMBER: 0
2025-02-11T02:11:11.9459707Z   PYTEST_FLAGS: --tardis-regression-data=/home/runner/work/tardis/tardis/tardis-regression-data --cov=tardis --cov-report=xml --cov-report=html --cov-append
2025-02-11T02:11:11.9461102Z   CODECOV_TOKEN: 
2025-02-11T02:11:11.9461573Z ##[endgroup]
2025-02-11T02:11:12.1222953Z Syncing repository: tardis-sn/tardis
2025-02-11T02:11:12.1224918Z ##[group]Getting Git version info
2025-02-11T02:11:12.1225651Z Working directory is '/home/runner/work/tardis/tardis'
2025-02-11T02:11:12.1226655Z [command]/usr/bin/git version
2025-02-11T02:11:12.1275180Z git version 2.48.1
2025-02-11T02:11:12.1303582Z ##[endgroup]
2025-02-11T02:11:12.1320020Z Temporarily overriding HOME='/home/runner/work/_temp/0425b9e2-d284-4291-b9a3-b77161040253' before making global git config changes
2025-02-11T02:11:12.1322769Z Adding repository directory to the temporary git global config as a safe directory
2025-02-11T02:11:12.1326886Z [command]/usr/bin/git config --global --add safe.directory /home/runner/work/tardis/tardis
2025-02-11T02:11:12.1363890Z Deleting the contents of '/home/runner/work/tardis/tardis'
2025-02-11T02:11:12.1367977Z ##[group]Initializing the repository
2025-02-11T02:11:12.1372904Z [command]/usr/bin/git init /home/runner/work/tardis/tardis
2025-02-11T02:11:12.1429203Z hint: Using 'master' as the name for the initial branch. This default branch name
2025-02-11T02:11:12.1430735Z hint: is subject to change. To configure the initial branch name to use in all
2025-02-11T02:11:12.1431768Z hint: of your new repositories, which will suppress this warning, call:
2025-02-11T02:11:12.1433172Z hint:
2025-02-11T02:11:12.1433775Z hint: 	git config --global init.defaultBranch <name>
2025-02-11T02:11:12.1434774Z hint:
2025-02-11T02:11:12.1435963Z hint: Names commonly chosen instead of 'master' are 'main', 'trunk' and
2025-02-11T02:11:12.1437893Z hint: 'development'. The just-created branch can be renamed via this command:
2025-02-11T02:11:12.1439647Z hint:
2025-02-11T02:11:12.1440529Z hint: 	git branch -m <name>
2025-02-11T02:11:12.1441911Z Initialized empty Git repository in /home/runner/work/tardis/tardis/.git/
2025-02-11T02:11:12.1447211Z [command]/usr/bin/git remote add origin https://github.com/tardis-sn/tardis
2025-02-11T02:11:12.1485343Z ##[endgroup]
2025-02-11T02:11:12.1486164Z ##[group]Disabling automatic garbage collection
2025-02-11T02:11:12.1486850Z [command]/usr/bin/git config --local gc.auto 0
2025-02-11T02:11:12.1513360Z ##[endgroup]
2025-02-11T02:11:12.1514120Z ##[group]Setting up auth
2025-02-11T02:11:12.1519791Z [command]/usr/bin/git config --local --name-only --get-regexp core\.sshCommand
2025-02-11T02:11:12.1549145Z [command]/usr/bin/git submodule foreach --recursive sh -c "git config --local --name-only --get-regexp 'core\.sshCommand' && git config --local --unset-all 'core.sshCommand' || :"
2025-02-11T02:11:12.1823524Z [command]/usr/bin/git config --local --name-only --get-regexp http\.https\:\/\/github\.com\/\.extraheader
2025-02-11T02:11:12.1854765Z [command]/usr/bin/git submodule foreach --recursive sh -c "git config --local --name-only --get-regexp 'http\.https\:\/\/github\.com\/\.extraheader' && git config --local --unset-all 'http.https://github.com/.extraheader' || :"
2025-02-11T02:11:12.2094963Z [command]/usr/bin/git config --local http.https://github.com/.extraheader AUTHORIZATION: basic ***
2025-02-11T02:11:12.2136731Z ##[endgroup]
2025-02-11T02:11:12.2137552Z ##[group]Fetching the repository
2025-02-11T02:11:12.2145692Z [command]/usr/bin/git -c protocol.version=2 fetch --no-tags --prune --no-recurse-submodules --depth=1 origin +8b40619b2c0f401e95c3d63fd0b08df22a7950ac:refs/remotes/pull/2876/merge
2025-02-11T02:11:13.4580929Z From https://github.com/tardis-sn/tardis
2025-02-11T02:11:13.4582627Z  * [new ref]         8b40619b2c0f401e95c3d63fd0b08df22a7950ac -> pull/2876/merge
2025-02-11T02:11:13.4606392Z ##[endgroup]
2025-02-11T02:11:13.4608307Z ##[group]Determining the checkout info
2025-02-11T02:11:13.4610768Z ##[endgroup]
2025-02-11T02:11:13.4615589Z [command]/usr/bin/git sparse-checkout disable
2025-02-11T02:11:13.4657791Z [command]/usr/bin/git config --local --unset-all extensions.worktreeConfig
2025-02-11T02:11:13.4688159Z ##[group]Checking out the ref
2025-02-11T02:11:13.4692356Z [command]/usr/bin/git checkout --progress --force refs/remotes/pull/2876/merge
2025-02-11T02:11:13.6727944Z Note: switching to 'refs/remotes/pull/2876/merge'.
2025-02-11T02:11:13.6729004Z 
2025-02-11T02:11:13.6729999Z You are in 'detached HEAD' state. You can look around, make experimental
2025-02-11T02:11:13.6731679Z changes and commit them, and you can discard any commits you make in this
2025-02-11T02:11:13.6733419Z state without impacting any branches by switching back to a branch.
2025-02-11T02:11:13.6734958Z 
2025-02-11T02:11:13.6735602Z If you want to create a new branch to retain commits you create, you may
2025-02-11T02:11:13.6737111Z do so (now or later) by using -c with the switch command. Example:
2025-02-11T02:11:13.6737996Z 
2025-02-11T02:11:13.6738353Z   git switch -c <new-branch-name>
2025-02-11T02:11:13.6739003Z 
2025-02-11T02:11:13.6739353Z Or undo this operation with:
2025-02-11T02:11:13.6740157Z 
2025-02-11T02:11:13.6740467Z   git switch -
2025-02-11T02:11:13.6740926Z 
2025-02-11T02:11:13.6741817Z Turn off this advice by setting config variable advice.detachedHead to false
2025-02-11T02:11:13.6743139Z 
2025-02-11T02:11:13.6744899Z HEAD is now at 8b40619 Merge e4ddc1efb66d220f57f076a09af61a951ff8f82a into 13c9a314d4165ff320d000df7d67b5c5f91a69dd
2025-02-11T02:11:13.6752676Z ##[endgroup]
2025-02-11T02:11:13.6794322Z [command]/usr/bin/git log -1 --format=%H
2025-02-11T02:11:13.6820164Z 8b40619b2c0f401e95c3d63fd0b08df22a7950ac
2025-02-11T02:11:13.7228450Z Prepare all required actions
2025-02-11T02:11:13.7230086Z Getting action download info
2025-02-11T02:11:13.8642603Z ##[group]Download immutable action package 'actions/cache@v4'
2025-02-11T02:11:13.8644143Z Version: 4.2.0
2025-02-11T02:11:13.8645671Z Digest: sha256:5bc11090595acbf82dbfb02747bf0bfd91544e869357fd3ac0eb41f509632110
2025-02-11T02:11:13.8647714Z Source commit SHA: 1bd1e32a3bdc45362d1e726936510720a7c30a57
2025-02-11T02:11:13.8649135Z ##[endgroup]
2025-02-11T02:11:14.0119074Z ##[group]Run ./.github/actions/setup_lfs
2025-02-11T02:11:14.0120329Z with:
2025-02-11T02:11:14.0121339Z   regression-data-repo: tardis-sn/tardis-regression-data
2025-02-11T02:11:14.0122636Z   atom-data-sparse: false
2025-02-11T02:11:14.0123547Z env:
2025-02-11T02:11:14.0124267Z   CACHE_NUMBER: 0
2025-02-11T02:11:14.0126636Z   PYTEST_FLAGS: --tardis-regression-data=/home/runner/work/tardis/tardis/tardis-regression-data --cov=tardis --cov-report=xml --cov-report=html --cov-append
2025-02-11T02:11:14.0129246Z   CODECOV_TOKEN: 
2025-02-11T02:11:14.0130207Z ##[endgroup]
2025-02-11T02:11:14.0350853Z ##[group]Run actions/checkout@v4
2025-02-11T02:11:14.0351854Z with:
2025-02-11T02:11:14.0352721Z   repository: tardis-sn/tardis-regression-data
2025-02-11T02:11:14.0353881Z   path: tardis-regression-data
2025-02-11T02:11:14.0354825Z   lfs: false
2025-02-11T02:11:14.0355856Z   token: ***
2025-02-11T02:11:14.0356637Z   ssh-strict: true
2025-02-11T02:11:14.0357452Z   ssh-user: git
2025-02-11T02:11:14.0358282Z   persist-credentials: true
2025-02-11T02:11:14.0359192Z   clean: true
2025-02-11T02:11:14.0360154Z   sparse-checkout-cone-mode: true
2025-02-11T02:11:14.0361152Z   fetch-depth: 1
2025-02-11T02:11:14.0361965Z   fetch-tags: false
2025-02-11T02:11:14.0362806Z   show-progress: true
2025-02-11T02:11:14.0363656Z   submodules: false
2025-02-11T02:11:14.0364511Z   set-safe-directory: true
2025-02-11T02:11:14.0365404Z env:
2025-02-11T02:11:14.0366121Z   CACHE_NUMBER: 0
2025-02-11T02:11:14.0368465Z   PYTEST_FLAGS: --tardis-regression-data=/home/runner/work/tardis/tardis/tardis-regression-data --cov=tardis --cov-report=xml --cov-report=html --cov-append
2025-02-11T02:11:14.0371076Z   CODECOV_TOKEN: 
2025-02-11T02:11:14.0371881Z ##[endgroup]
2025-02-11T02:11:14.1358226Z Syncing repository: tardis-sn/tardis-regression-data
2025-02-11T02:11:14.1365235Z ##[group]Getting Git version info
2025-02-11T02:11:14.1367711Z Working directory is '/home/runner/work/tardis/tardis/tardis-regression-data'
2025-02-11T02:11:14.1411518Z [command]/usr/bin/git version
2025-02-11T02:11:14.1455845Z git version 2.48.1
2025-02-11T02:11:14.1481634Z ##[endgroup]
2025-02-11T02:11:14.1496069Z Temporarily overriding HOME='/home/runner/work/_temp/6de46da8-f1d2-4f00-b0bb-7afd4cc5efe6' before making global git config changes
2025-02-11T02:11:14.1499786Z Adding repository directory to the temporary git global config as a safe directory
2025-02-11T02:11:14.1503319Z [command]/usr/bin/git config --global --add safe.directory /home/runner/work/tardis/tardis/tardis-regression-data
2025-02-11T02:11:14.1533647Z ##[group]Initializing the repository
2025-02-11T02:11:14.1538545Z [command]/usr/bin/git init /home/runner/work/tardis/tardis/tardis-regression-data
2025-02-11T02:11:14.1574958Z hint: Using 'master' as the name for the initial branch. This default branch name
2025-02-11T02:11:14.1578279Z hint: is subject to change. To configure the initial branch name to use in all
2025-02-11T02:11:14.1581777Z hint: of your new repositories, which will suppress this warning, call:
2025-02-11T02:11:14.1584234Z hint:
2025-02-11T02:11:14.1585807Z hint: 	git config --global init.defaultBranch <name>
2025-02-11T02:11:14.1587903Z hint:
2025-02-11T02:11:14.1590118Z hint: Names commonly chosen instead of 'master' are 'main', 'trunk' and
2025-02-11T02:11:14.1593284Z hint: 'development'. The just-created branch can be renamed via this command:
2025-02-11T02:11:14.1595568Z hint:
2025-02-11T02:11:14.1596383Z hint: 	git branch -m <name>
2025-02-11T02:11:14.1598368Z Initialized empty Git repository in /home/runner/work/tardis/tardis/tardis-regression-data/.git/
2025-02-11T02:11:14.1603607Z [command]/usr/bin/git remote add origin https://github.com/tardis-sn/tardis-regression-data
2025-02-11T02:11:14.1626358Z ##[endgroup]
2025-02-11T02:11:14.1627972Z ##[group]Disabling automatic garbage collection
2025-02-11T02:11:14.1629915Z [command]/usr/bin/git config --local gc.auto 0
2025-02-11T02:11:14.1661798Z ##[endgroup]
2025-02-11T02:11:14.1663302Z ##[group]Setting up auth
2025-02-11T02:11:14.1667393Z [command]/usr/bin/git config --local --name-only --get-regexp core\.sshCommand
2025-02-11T02:11:14.1698512Z [command]/usr/bin/git submodule foreach --recursive sh -c "git config --local --name-only --get-regexp 'core\.sshCommand' && git config --local --unset-all 'core.sshCommand' || :"
2025-02-11T02:11:14.1927754Z [command]/usr/bin/git config --local --name-only --get-regexp http\.https\:\/\/github\.com\/\.extraheader
2025-02-11T02:11:14.1959980Z [command]/usr/bin/git submodule foreach --recursive sh -c "git config --local --name-only --get-regexp 'http\.https\:\/\/github\.com\/\.extraheader' && git config --local --unset-all 'http.https://github.com/.extraheader' || :"
2025-02-11T02:11:14.2199042Z [command]/usr/bin/git config --local http.https://github.com/.extraheader AUTHORIZATION: basic ***
2025-02-11T02:11:14.2250760Z ##[endgroup]
2025-02-11T02:11:14.2253365Z ##[group]Determining the default branch
2025-02-11T02:11:14.2255398Z Retrieving the default branch name
2025-02-11T02:11:14.4783640Z Default branch 'main'
2025-02-11T02:11:14.4786351Z ##[endgroup]
2025-02-11T02:11:14.4788509Z ##[group]Fetching the repository
2025-02-11T02:11:14.4793260Z [command]/usr/bin/git -c protocol.version=2 fetch --no-tags --prune --no-recurse-submodules --depth=1 origin +refs/heads/main:refs/remotes/origin/main
2025-02-11T02:11:14.9165845Z From https://github.com/tardis-sn/tardis-regression-data
2025-02-11T02:11:14.9167989Z  * [new branch]      main       -> origin/main
2025-02-11T02:11:14.9192527Z ##[endgroup]
2025-02-11T02:11:14.9193338Z ##[group]Determining the checkout info
2025-02-11T02:11:14.9194366Z ##[endgroup]
2025-02-11T02:11:14.9200341Z [command]/usr/bin/git sparse-checkout disable
2025-02-11T02:11:14.9238313Z [command]/usr/bin/git config --local --unset-all extensions.worktreeConfig
2025-02-11T02:11:14.9267632Z ##[group]Checking out the ref
2025-02-11T02:11:14.9271881Z [command]/usr/bin/git checkout --progress --force -B main refs/remotes/origin/main
2025-02-11T02:11:15.8878659Z Switched to a new branch 'main'
2025-02-11T02:11:15.8880840Z branch 'main' set up to track 'origin/main'.
2025-02-11T02:11:15.9195067Z ##[endgroup]
2025-02-11T02:11:15.9200129Z [command]/usr/bin/git log -1 --format=%H
2025-02-11T02:11:15.9224957Z fa7729bc9c30e14b69acd641af8b692b56fcd416
2025-02-11T02:11:15.9357509Z ##[group]Run if [ "false" == "true" ]; then
2025-02-11T02:11:15.9357914Z [36;1mif [ "false" == "true" ]; then[0m
2025-02-11T02:11:15.9358258Z [36;1m  echo "Using atom data sparse checkout"[0m
2025-02-11T02:11:15.9358894Z [36;1m  echo "atom_data/kurucz_cd23_chianti_H_He.h5" > .lfs-files-list[0m
2025-02-11T02:11:15.9359249Z [36;1melse[0m
2025-02-11T02:11:15.9359766Z [36;1m  echo "Using full repository checkout"[0m
2025-02-11T02:11:15.9360160Z [36;1m  git lfs ls-files -l | cut -d' ' -f1 | sort > .lfs-files-list[0m
2025-02-11T02:11:15.9360498Z [36;1mfi[0m
2025-02-11T02:11:15.9392037Z shell: /usr/bin/bash --noprofile --norc -e -o pipefail {0}
2025-02-11T02:11:15.9392483Z env:
2025-02-11T02:11:15.9392699Z   CACHE_NUMBER: 0
2025-02-11T02:11:15.9393397Z   PYTEST_FLAGS: --tardis-regression-data=/home/runner/work/tardis/tardis/tardis-regression-data --cov=tardis --cov-report=xml --cov-report=html --cov-append
2025-02-11T02:11:15.9394129Z   CODECOV_TOKEN: 
2025-02-11T02:11:15.9394353Z ##[endgroup]
2025-02-11T02:11:15.9466279Z Using full repository checkout
2025-02-11T02:11:16.0897197Z ##[group]Run actions/cache/restore@v4
2025-02-11T02:11:16.0897506Z with:
2025-02-11T02:11:16.0897729Z   path: tardis-regression-data/.git/lfs
2025-02-11T02:11:16.0898640Z   key: tardis-regression-full-data-21f9fa4b6817cc69b9fae3598144724da7828e276a73bd17f47a2a49d9af090a-tardis-sn/tardis-regression-data-v1
2025-02-11T02:11:16.0899296Z   fail-on-cache-miss: true
2025-02-11T02:11:16.0899789Z   enableCrossOsArchive: false
2025-02-11T02:11:16.0900136Z   lookup-only: false
2025-02-11T02:11:16.0900343Z env:
2025-02-11T02:11:16.0900522Z   CACHE_NUMBER: 0
2025-02-11T02:11:16.0901245Z   PYTEST_FLAGS: --tardis-regression-data=/home/runner/work/tardis/tardis/tardis-regression-data --cov=tardis --cov-report=xml --cov-report=html --cov-append
2025-02-11T02:11:16.0927892Z   CODECOV_TOKEN: 
2025-02-11T02:11:16.0928134Z ##[endgroup]
2025-02-11T02:11:16.3371130Z Cache hit for: tardis-regression-full-data-21f9fa4b6817cc69b9fae3598144724da7828e276a73bd17f47a2a49d9af090a-tardis-sn/tardis-regression-data-v1
2025-02-11T02:11:17.4844110Z Received 134217728 of 1707217599 (7.9%), 124.8 MBs/sec
2025-02-11T02:11:18.4850906Z Received 310378496 of 1707217599 (18.2%), 146.1 MBs/sec
2025-02-11T02:11:19.4856309Z Received 473956352 of 1707217599 (27.8%), 149.3 MBs/sec
2025-02-11T02:11:20.4855599Z Received 666894336 of 1707217599 (39.1%), 157.9 MBs/sec
2025-02-11T02:11:21.4937897Z Received 817889280 of 1707217599 (47.9%), 154.9 MBs/sec
2025-02-11T02:11:22.4931180Z Received 994050048 of 1707217599 (58.2%), 157.1 MBs/sec
2025-02-11T02:11:23.4944214Z Received 1186988032 of 1707217599 (69.5%), 160.9 MBs/sec
2025-02-11T02:11:24.4955719Z Received 1342177280 of 1707217599 (78.6%), 159.3 MBs/sec
2025-02-11T02:11:25.4957612Z Received 1497366528 of 1707217599 (87.7%), 158.0 MBs/sec
2025-02-11T02:11:26.4963930Z Received 1681915904 of 1707217599 (98.5%), 159.8 MBs/sec
2025-02-11T02:11:26.6687232Z Received 1707217599 of 1707217599 (100.0%), 159.5 MBs/sec
2025-02-11T02:11:26.6690149Z Cache Size: ~1628 MB (1707217599 B)
2025-02-11T02:11:26.6732924Z [command]/usr/bin/tar -xf /home/runner/work/_temp/b805a598-7433-44b6-81fa-310f49a1e3f9/cache.tzst -P -C /home/runner/work/tardis/tardis --use-compress-program unzstd
2025-02-11T02:11:33.1566027Z Cache restored successfully
2025-02-11T02:11:33.6567374Z Cache restored from key: tardis-regression-full-data-21f9fa4b6817cc69b9fae3598144724da7828e276a73bd17f47a2a49d9af090a-tardis-sn/tardis-regression-data-v1
2025-02-11T02:11:33.6744755Z ##[group]Run git lfs checkout
2025-02-11T02:11:33.6745059Z [36;1mgit lfs checkout[0m
2025-02-11T02:11:33.6772732Z shell: /usr/bin/bash --noprofile --norc -e -o pipefail {0}
2025-02-11T02:11:33.6773076Z env:
2025-02-11T02:11:33.6773273Z   CACHE_NUMBER: 0
2025-02-11T02:11:33.6773903Z   PYTEST_FLAGS: --tardis-regression-data=/home/runner/work/tardis/tardis/tardis-regression-data --cov=tardis --cov-report=xml --cov-report=html --cov-append
2025-02-11T02:11:33.6774561Z   CODECOV_TOKEN: 
2025-02-11T02:11:33.6774773Z ##[endgroup]
2025-02-11T02:11:43.5959153Z Checking out LFS objects: 100% (204/204), 3.5 GB | 329 MB/s, done.
2025-02-11T02:11:47.1115534Z Prepare all required actions
2025-02-11T02:11:47.1115899Z Getting action download info
2025-02-11T02:11:47.2433527Z Download action repository 'mamba-org/setup-micromamba@v1' (SHA:4b9113af4fba0e9e1124b252dd6497a419e7396d)
2025-02-11T02:11:47.5861380Z ##[group]Run ./.github/actions/setup_env
2025-02-11T02:11:47.5861659Z with:
2025-02-11T02:11:47.5861855Z   os-label: linux-64
2025-02-11T02:11:47.5862057Z env:
2025-02-11T02:11:47.5862232Z   CACHE_NUMBER: 0
2025-02-11T02:11:47.5862853Z   PYTEST_FLAGS: --tardis-regression-data=/home/runner/work/tardis/tardis/tardis-regression-data --cov=tardis --cov-report=xml --cov-report=html --cov-append
2025-02-11T02:11:47.5863487Z   CODECOV_TOKEN: 
2025-02-11T02:11:47.5863678Z ##[endgroup]
2025-02-11T02:11:47.5884721Z ##[group]Run file_hash=$(cat conda-linux-64.lock | shasum -a 256 | cut -d' ' -f1)
2025-02-11T02:11:47.5885209Z [36;1mfile_hash=$(cat conda-linux-64.lock | shasum -a 256 | cut -d' ' -f1)[0m
2025-02-11T02:11:47.5885753Z [36;1mecho "file_hash=tardis-conda-env-linux-64-${file_hash}-v1" >> "${GITHUB_OUTPUT}"[0m
2025-02-11T02:11:47.5912966Z shell: /usr/bin/bash --noprofile --norc -e -o pipefail {0}
2025-02-11T02:11:47.5913291Z env:
2025-02-11T02:11:47.5913470Z   CACHE_NUMBER: 0
2025-02-11T02:11:47.5914083Z   PYTEST_FLAGS: --tardis-regression-data=/home/runner/work/tardis/tardis/tardis-regression-data --cov=tardis --cov-report=xml --cov-report=html --cov-append
2025-02-11T02:11:47.5914723Z   CODECOV_TOKEN: 
2025-02-11T02:11:47.5914919Z ##[endgroup]
2025-02-11T02:11:47.7008302Z ##[group]Run mamba-org/setup-micromamba@v1
2025-02-11T02:11:47.7008620Z with:
2025-02-11T02:11:47.7008847Z   environment-file: conda-linux-64.lock
2025-02-11T02:11:47.7009429Z   cache-environment-key: tardis-conda-env-linux-64-d7cd390425b0fd3cf82649dcc003efba9915fb4928f15d342148c3ccffcbe2ee-v1
2025-02-11T02:11:47.7010560Z   cache-downloads-key: tardis-conda-env-linux-64-d7cd390425b0fd3cf82649dcc003efba9915fb4928f15d342148c3ccffcbe2ee-v1
2025-02-11T02:11:47.7011138Z   environment-name: tardis
2025-02-11T02:11:47.7011393Z   cache-environment: true
2025-02-11T02:11:47.7011636Z   cache-downloads: true
2025-02-11T02:11:47.7011878Z env:
2025-02-11T02:11:47.7012070Z   CACHE_NUMBER: 0
2025-02-11T02:11:47.7012705Z   PYTEST_FLAGS: --tardis-regression-data=/home/runner/work/tardis/tardis/tardis-regression-data --cov=tardis --cov-report=xml --cov-report=html --cov-append
2025-02-11T02:11:47.7013367Z   CODECOV_TOKEN: 
2025-02-11T02:11:47.7013586Z ##[endgroup]
2025-02-11T02:11:47.8402973Z Will download micromamba to /home/runner/micromamba-bin/micromamba
2025-02-11T02:11:47.8415254Z ##[group]Install micromamba
2025-02-11T02:11:48.2271732Z micromamba installed to /home/runner/micromamba-bin/micromamba
2025-02-11T02:11:48.2272696Z ##[endgroup]
2025-02-11T02:11:48.2273320Z Adding conda-forge to condarc channels ...
2025-02-11T02:11:48.2282951Z ##[group]Initialize micromamba for bash.
2025-02-11T02:11:48.2299058Z [command]/home/runner/micromamba-bin/micromamba shell init -s bash -r /home/runner/micromamba --log-level warning --rc-file /home/runner/work/_temp/setup-micromamba/.condarc
2025-02-11T02:11:48.2406429Z Modifying RC file "/home/runner/.bashrc"
2025-02-11T02:11:48.2407321Z Generating config for root prefix [1m"/home/runner/micromamba"[0m
2025-02-11T02:11:48.2410096Z Setting mamba executable to: [1m"/home/runner/micromamba-bin/micromamba"[0m
2025-02-11T02:11:48.2410936Z Adding (or replacing) the following in your "/home/runner/.bashrc" file
2025-02-11T02:11:48.2411400Z 
2025-02-11T02:11:48.2411550Z # >>> mamba initialize >>>
2025-02-11T02:11:48.2412030Z # !! Contents within this block are managed by 'mamba init' !!
2025-02-11T02:11:48.2412665Z export MAMBA_EXE='/home/runner/micromamba-bin/micromamba';
2025-02-11T02:11:48.2413273Z export MAMBA_ROOT_PREFIX='/home/runner/micromamba';
2025-02-11T02:11:48.2414139Z __mamba_setup="$("$MAMBA_EXE" shell hook --shell bash --root-prefix "$MAMBA_ROOT_PREFIX" 2> /dev/null)"
2025-02-11T02:11:48.2414863Z if [ $? -eq 0 ]; then
2025-02-11T02:11:48.2415493Z     eval "$__mamba_setup"
2025-02-11T02:11:48.2415811Z else
2025-02-11T02:11:48.2416111Z     alias micromamba="$MAMBA_EXE"  # Fallback on help from mamba activate
2025-02-11T02:11:48.2416740Z fi
2025-02-11T02:11:48.2416912Z unset __mamba_setup
2025-02-11T02:11:48.2417123Z # <<< mamba initialize <<<
2025-02-11T02:11:48.2417272Z 
2025-02-11T02:11:48.2430190Z Moving mamba initialize block to .bash_profile
2025-02-11T02:11:48.2441285Z ##[endgroup]
2025-02-11T02:11:48.2442490Z ##[group]Restoring downloads from `/home/runner/micromamba/pkgs` ...
2025-02-11T02:11:49.4768505Z Received 222298112 of 356815776 (62.3%), 211.8 MBs/sec
2025-02-11T02:11:49.9971707Z Cache Size: ~340 MB (356815776 B)
2025-02-11T02:11:50.0074142Z [command]/usr/bin/tar -xf /home/runner/work/_temp/2c3ee8ae-4933-4012-9dab-48602cbe6a77/cache.tzst -P -C /home/runner/work/tardis/tardis --use-compress-program unzstd
2025-02-11T02:11:50.4743156Z Cache restored successfully
2025-02-11T02:11:50.4769902Z Received 356815776 of 356815776 (100.0%), 170.1 MBs/sec
2025-02-11T02:11:50.5504006Z Restored cache with key `tardis-conda-env-linux-64-d7cd390425b0fd3cf82649dcc003efba9915fb4928f15d342148c3ccffcbe2ee-v1-linux-64`
2025-02-11T02:11:50.5505228Z ##[endgroup]
2025-02-11T02:11:50.5515348Z ##[group]Restoring environment `tardis` from `/home/runner/micromamba/envs/tardis` ...
2025-02-11T02:11:51.6982903Z Received 226492416 of 444032293 (51.0%), 215.8 MBs/sec
2025-02-11T02:11:52.4464365Z Cache Size: ~423 MB (444032293 B)
2025-02-11T02:11:52.4502487Z [command]/usr/bin/tar -xf /home/runner/work/_temp/d1b636c0-046e-412c-909c-5cd4096a23dc/cache.tzst -P -C /home/runner/work/tardis/tardis --use-compress-program unzstd
2025-02-11T02:11:52.6961842Z Received 444032293 of 444032293 (100.0%), 211.6 MBs/sec
2025-02-11T02:11:57.6169722Z Cache restored successfully
2025-02-11T02:11:57.6945308Z Restored cache with key `tardis-conda-env-linux-64-d7cd390425b0fd3cf82649dcc003efba9915fb4928f15d342148c3ccffcbe2ee-v1-linux-64-tardis-args-4f53cda-root-dcc80ee-bin-[object Promise]-file-d7cd390425b0fd3cf82649dcc003efba9915fb4928f15d342148c3ccffcbe2ee`
2025-02-11T02:11:57.6948082Z ##[endgroup]
2025-02-11T02:11:57.6948588Z Adding environment tardis to auto-activate bash ...
2025-02-11T02:11:57.6957015Z Generating micromamba run shell.
2025-02-11T02:11:57.6966809Z ##[endgroup]
2025-02-11T02:11:57.6972729Z Set environment variables.
2025-02-11T02:11:57.6977086Z ##[group]micromamba info
2025-02-11T02:11:57.6980864Z [command]/home/runner/micromamba-bin/micromamba info -r /home/runner/micromamba -n tardis
2025-02-11T02:11:57.7222017Z 
2025-02-11T02:11:57.7222579Z        libmamba version : 1.5.10
2025-02-11T02:11:57.7223088Z      micromamba version : 1.5.10
2025-02-11T02:11:57.7223693Z            curl version : libcurl/8.10.1 OpenSSL/3.3.2 zlib/1.3.1 zstd/1.5.6 libssh2/1.11.0 nghttp2/1.58.0
2025-02-11T02:11:57.7224305Z      libarchive version : libarchive 3.7.4 zlib/1.2.13 bz2lib/1.0.8 libzstd/1.5.6
2025-02-11T02:11:57.7224770Z        envs directories : /home/runner/micromamba/envs
2025-02-11T02:11:57.7225170Z           package cache : /home/runner/micromamba/pkgs
2025-02-11T02:11:57.7225523Z                           /home/runner/.mamba/pkgs
2025-02-11T02:11:57.7225861Z             environment : tardis
2025-02-11T02:11:57.7226196Z            env location : /home/runner/micromamba/envs/tardis
2025-02-11T02:11:57.7226565Z       user config files : /home/runner/.mambarc
2025-02-11T02:11:57.7227006Z  populated config files : /home/runner/work/_temp/setup-micromamba/.condarc
2025-02-11T02:11:57.7227435Z        virtual packages : __unix=0=0
2025-02-11T02:11:57.7227727Z                           __linux=6.8.0=0
2025-02-11T02:11:57.7228015Z                           __glibc=2.39=0
2025-02-11T02:11:57.7228310Z                           __archspec=1=x86_64_v3
2025-02-11T02:11:57.7228712Z                channels : https://conda.anaconda.org/conda-forge/linux-64
2025-02-11T02:11:57.7229258Z                           https://conda.anaconda.org/conda-forge/noarch
2025-02-11T02:11:57.7230457Z        base environment : /home/runner/micromamba
2025-02-11T02:11:57.7230961Z                platform : linux-64
2025-02-11T02:11:57.7241660Z ##[endgroup]
2025-02-11T02:11:57.7242525Z ##[group]micromamba list
2025-02-11T02:11:57.7244030Z [command]/home/runner/micromamba-bin/micromamba list -r /home/runner/micromamba -n tardis
2025-02-11T02:11:58.1167074Z List of packages in environment: "/home/runner/micromamba/envs/tardis"
2025-02-11T02:11:58.1167681Z 
2025-02-11T02:11:58.1168041Z   Name                           Version              Build                    Channel    
2025-02-11T02:11:58.1169393Z â”€â”€â”€â”€â”€â”€â”€â”€â”€â”€â”€â”€â”€â”€â”€â”€â”€â”€â”€â”€â”€â”€â”€â”€â”€â”€â”€â”€â”€â”€â”€â”€â”€â”€â”€â”€â”€â”€â”€â”€â”€â”€â”€â”€â”€â”€â”€â”€â”€â”€â”€â”€â”€â”€â”€â”€â”€â”€â”€â”€â”€â”€â”€â”€â”€â”€â”€â”€â”€â”€â”€â”€â”€â”€â”€â”€â”€â”€â”€â”€â”€â”€â”€â”€â”€â”€â”€â”€â”€â”€â”€â”€
2025-02-11T02:11:58.1170795Z   _libgcc_mutex                  0.1                  conda_forge              conda-forge
2025-02-11T02:11:58.1171668Z   _openmp_mutex                  4.5                  2_gnu                    conda-forge
2025-02-11T02:11:58.1243314Z   alabaster                      0.7.16               pyhd8ed1ab_0             conda-forge
2025-02-11T02:11:58.1247214Z   anyio                          4.4.0                pyhd8ed1ab_0             conda-forge
2025-02-11T02:11:58.1247884Z   argon2-cffi                    23.1.0               pyhd8ed1ab_0             conda-forge
2025-02-11T02:11:58.1248644Z   argon2-cffi-bindings           21.2.0               py312h98912ed_4          conda-forge
2025-02-11T02:11:58.1249420Z   arrow                          1.3.0                pyhd8ed1ab_0             conda-forge
2025-02-11T02:11:58.1250239Z   astropy                        6.1.1                py312h085067d_0          conda-forge
2025-02-11T02:11:58.1250962Z   astropy-iers-data              0.2024.6.17.0.31.35  pyhd8ed1ab_0             conda-forge
2025-02-11T02:11:58.1251782Z   astropy-sphinx-theme           1.1                  pyhd8ed1ab_0             conda-forge
2025-02-11T02:11:58.1252510Z   asttokens                      2.4.1                pyhd8ed1ab_0             conda-forge
2025-02-11T02:11:58.1253172Z   async-lru                      2.0.4                pyhd8ed1ab_0             conda-forge
2025-02-11T02:11:58.1253799Z   atk-1.0                        2.38.0               h04ea711_2               conda-forge
2025-02-11T02:11:58.1254414Z   attrs                          23.2.0               pyh71513ae_0             conda-forge
2025-02-11T02:11:58.1255022Z   babel                          2.14.0               pyhd8ed1ab_0             conda-forge
2025-02-11T02:11:58.1255690Z   beautifulsoup4                 4.12.3               pyha770c72_0             conda-forge
2025-02-11T02:11:58.1256362Z   bleach                         6.1.0                pyhd8ed1ab_0             conda-forge
2025-02-11T02:11:58.1256965Z   blosc                          1.21.5               hc2324a3_1               conda-forge
2025-02-11T02:11:58.1257567Z   brotli                         1.1.0                hd590300_1               conda-forge
2025-02-11T02:11:58.1258188Z   brotli-bin                     1.1.0                hd590300_1               conda-forge
2025-02-11T02:11:58.1258858Z   brotli-python                  1.1.0                py312h30efb56_1          conda-forge
2025-02-11T02:11:58.1259903Z   bzip2                          1.0.8                hd590300_5               conda-forge
2025-02-11T02:11:58.1260522Z   c-ares                         1.28.1               hd590300_0               conda-forge
2025-02-11T02:11:58.1261145Z   c-blosc2                       2.14.4               hb4ffafa_1               conda-forge
2025-02-11T02:11:58.1261838Z   ca-certificates                2024.6.2             hbcca054_0               conda-forge
2025-02-11T02:11:58.1262574Z   cached-property                1.5.2                hd8ed1ab_1               conda-forge
2025-02-11T02:11:58.1263298Z   cached_property                1.5.2                pyha770c72_1             conda-forge
2025-02-11T02:11:58.1263963Z   cairo                          1.18.0               h3faef2a_0               conda-forge
2025-02-11T02:11:58.1264935Z   certifi                        2024.6.2             pyhd8ed1ab_0             conda-forge
2025-02-11T02:11:58.1265575Z   cffi                           1.16.0               py312hf06ca03_0          conda-forge
2025-02-11T02:11:58.1266424Z   charset-normalizer             3.3.2                pyhd8ed1ab_0             conda-forge
2025-02-11T02:11:58.1267069Z   click                          8.1.7                unix_pyh707e725_0        conda-forge
2025-02-11T02:11:58.1267697Z   codespell                      2.3.0                pyhd8ed1ab_0             conda-forge
2025-02-11T02:11:58.1268350Z   colorama                       0.4.6                pyhd8ed1ab_0             conda-forge
2025-02-11T02:11:58.1268966Z   comm                           0.2.2                pyhd8ed1ab_0             conda-forge
2025-02-11T02:11:58.1269927Z   commonmark                     0.9.1                py_0                     conda-forge
2025-02-11T02:11:58.1270585Z   contourpy                      1.2.1                py312h8572e83_0          conda-forge
2025-02-11T02:11:58.1271228Z   coverage                       7.5.3                py312h9a8786e_0          conda-forge
2025-02-11T02:11:58.1271859Z   cycler                         0.12.1               pyhd8ed1ab_0             conda-forge
2025-02-11T02:11:58.1272500Z   dataclasses                    0.8                  pyhc8e2a94_3             conda-forge
2025-02-11T02:11:58.1273195Z   debugpy                        1.8.1                py312h30efb56_0          conda-forge
2025-02-11T02:11:58.1273828Z   decorator                      5.1.1                pyhd8ed1ab_0             conda-forge
2025-02-11T02:11:58.1274491Z   defusedxml                     0.7.1                pyhd8ed1ab_0             conda-forge
2025-02-11T02:11:58.1275142Z   docutils                       0.20.1               py312h7900ff3_3          conda-forge
2025-02-11T02:11:58.1275781Z   dot2tex                        2.11.3               pyhd8ed1ab_0             conda-forge
2025-02-11T02:11:58.1276432Z   entrypoints                    0.4                  pyhd8ed1ab_0             conda-forge
2025-02-11T02:11:58.1277133Z   exceptiongroup                 1.2.0                pyhd8ed1ab_2             conda-forge
2025-02-11T02:11:58.1277824Z   executing                      2.0.1                pyhd8ed1ab_0             conda-forge
2025-02-11T02:11:58.1278447Z   expat                          2.6.2                h59595ed_0               conda-forge
2025-02-11T02:11:58.1279147Z   font-ttf-dejavu-sans-mono      2.37                 hab24e00_0               conda-forge
2025-02-11T02:11:58.1280505Z   font-ttf-inconsolata           3.000                h77eed37_0               conda-forge
2025-02-11T02:11:58.1281291Z   font-ttf-source-code-pro       2.038                h77eed37_0               conda-forge
2025-02-11T02:11:58.1282045Z   font-ttf-ubuntu                0.83                 h77eed37_2               conda-forge
2025-02-11T02:11:58.1282723Z   fontconfig                     2.14.2               h14ed4e7_0               conda-forge
2025-02-11T02:11:58.1283448Z   fonts-conda-ecosystem          1                    0                        conda-forge
2025-02-11T02:11:58.1284178Z   fonts-conda-forge              1                    0                        conda-forge
2025-02-11T02:11:58.1284824Z   fonttools                      4.53.0               py312h9a8786e_0          conda-forge
2025-02-11T02:11:58.1285442Z   fqdn                           1.5.1                pyhd8ed1ab_0             conda-forge
2025-02-11T02:11:58.1286055Z   freetype                       2.12.1               h267a509_2               conda-forge
2025-02-11T02:11:58.1286688Z   fribidi                        1.0.10               h36c2ea0_0               conda-forge
2025-02-11T02:11:58.1287306Z   future                         1.0.0                pyhd8ed1ab_0             conda-forge
2025-02-11T02:11:58.1287929Z   gdk-pixbuf                     2.42.12              hb9ae30d_0               conda-forge
2025-02-11T02:11:58.1288757Z   giflib                         5.2.2                hd590300_0               conda-forge
2025-02-11T02:11:58.1289379Z   git-lfs                        3.5.1                ha770c72_0               conda-forge
2025-02-11T02:11:58.1290326Z   gmp                            6.3.0                h59595ed_1               conda-forge
2025-02-11T02:11:58.1290888Z   gmpy2                          2.1.5                py312h1d5cde6_1          conda-forge
2025-02-11T02:11:58.1291516Z   graphite2                      1.3.13               h59595ed_1003            conda-forge
2025-02-11T02:11:58.1292248Z   graphviz                       11.0.0               hc68bbd7_0               conda-forge
2025-02-11T02:11:58.1292901Z   gtk2                           2.24.33              h280cfa0_4               conda-forge
2025-02-11T02:11:58.1293478Z   gts                            0.7.6                h977cf35_4               conda-forge
2025-02-11T02:11:58.1294046Z   h11                            0.14.0               pyhd8ed1ab_0             conda-forge
2025-02-11T02:11:58.1294625Z   h2                             4.1.0                pyhd8ed1ab_0             conda-forge
2025-02-11T02:11:58.1295227Z   h5py                           3.11.0               nompi_py312hb7ab980_102  conda-forge
2025-02-11T02:11:58.1295854Z   harfbuzz                       8.5.0                hfac3d4d_0               conda-forge
2025-02-11T02:11:58.1296480Z   hdf5                           1.14.3               nompi_hdf9ad27_105       conda-forge
2025-02-11T02:11:58.1297068Z   hpack                          4.0.0                pyh9f0ad1d_0             conda-forge
2025-02-11T02:11:58.1297671Z   httpcore                       1.0.5                pyhd8ed1ab_0             conda-forge
2025-02-11T02:11:58.1298292Z   httpx                          0.27.0               pyhd8ed1ab_0             conda-forge
2025-02-11T02:11:58.1298934Z   hyperframe                     6.0.1                pyhd8ed1ab_0             conda-forge
2025-02-11T02:11:58.1299738Z   icu                            73.2                 h59595ed_0               conda-forge
2025-02-11T02:11:58.1300317Z   idna                           3.7                  pyhd8ed1ab_0             conda-forge
2025-02-11T02:11:58.1300946Z   imagesize                      1.4.1                pyhd8ed1ab_0             conda-forge
2025-02-11T02:11:58.1301677Z   importlib-metadata             7.1.0                pyha770c72_0             conda-forge
2025-02-11T02:11:58.1302391Z   importlib_metadata             7.1.0                hd8ed1ab_0               conda-forge
2025-02-11T02:11:58.1303141Z   importlib_resources            6.4.0                pyhd8ed1ab_0             conda-forge
2025-02-11T02:11:58.1303857Z   iniconfig                      2.0.0                pyhd8ed1ab_0             conda-forge
2025-02-11T02:11:58.1304517Z   ipykernel                      6.29.4               pyh3099207_0             conda-forge
2025-02-11T02:11:58.1305158Z   ipython                        8.25.0               pyh707e725_0             conda-forge
2025-02-11T02:11:58.1305845Z   ipython_genutils               0.2.0                pyhd8ed1ab_1             conda-forge
2025-02-11T02:11:58.1306549Z   ipywidgets                     7.8.0                pyhd8ed1ab_0             conda-forge
2025-02-11T02:11:58.1307238Z   isoduration                    20.11.0              pyhd8ed1ab_0             conda-forge
2025-02-11T02:11:58.1307885Z   jedi                           0.19.1               pyhd8ed1ab_0             conda-forge
2025-02-11T02:11:58.1308484Z   jinja2                         3.1.4                pyhd8ed1ab_0             conda-forge
2025-02-11T02:11:58.1309096Z   json5                          0.9.25               pyhd8ed1ab_0             conda-forge
2025-02-11T02:11:58.1309877Z   jsonpointer                    3.0.0                py312h7900ff3_0          conda-forge
2025-02-11T02:11:58.1310553Z   jsonschema                     4.22.0               pyhd8ed1ab_0             conda-forge
2025-02-11T02:11:58.1311504Z   jsonschema-specifications      2023.12.1            pyhd8ed1ab_0             conda-forge
2025-02-11T02:11:58.1312415Z   jsonschema-with-format-nongpl  4.22.0               pyhd8ed1ab_0             conda-forge
2025-02-11T02:11:58.1313346Z   jupyter-lsp                    2.2.5                pyhd8ed1ab_0             conda-forge
2025-02-11T02:11:58.1314030Z   jupyter_client                 8.6.2                pyhd8ed1ab_0             conda-forge
2025-02-11T02:11:58.1314708Z   jupyter_core                   5.7.2                py312h7900ff3_0          conda-forge
2025-02-11T02:11:58.1315377Z   jupyter_events                 0.10.0               pyhd8ed1ab_0             conda-forge
2025-02-11T02:11:58.1316050Z   jupyter_server                 2.14.1               pyhd8ed1ab_0             conda-forge
2025-02-11T02:11:58.1316759Z   jupyter_server_terminals       0.5.3                pyhd8ed1ab_0             conda-forge
2025-02-11T02:11:58.1317462Z   jupyterlab                     4.2.2                pyhd8ed1ab_0             conda-forge
2025-02-11T02:11:58.1318148Z   jupyterlab_pygments            0.3.0                pyhd8ed1ab_1             conda-forge
2025-02-11T02:11:58.1318862Z   jupyterlab_server              2.27.2               pyhd8ed1ab_0             conda-forge
2025-02-11T02:11:58.1319717Z   jupyterlab_widgets             1.1.7                pyhd8ed1ab_0             conda-forge
2025-02-11T02:11:58.1320380Z   keyutils                       1.6.1                h166bdaf_0               conda-forge
2025-02-11T02:11:58.1320988Z   kiwisolver                     1.4.5                py312h8572e83_1          conda-forge
2025-02-11T02:11:58.1321577Z   krb5                           1.21.2               h659d440_0               conda-forge
2025-02-11T02:11:58.1322177Z   latexcodec                     2.0.1                pyh9f0ad1d_0             conda-forge
2025-02-11T02:11:58.1322769Z   lcms2                          2.16                 hb7c19ff_0               conda-forge
2025-02-11T02:11:58.1323366Z   ld_impl_linux-64               2.40                 hf3520f5_7               conda-forge
2025-02-11T02:11:58.1323964Z   lerc                           4.0.0                h27087fc_0               conda-forge
2025-02-11T02:11:58.1324536Z   libaec                         1.1.3                h59595ed_0               conda-forge
2025-02-11T02:11:58.1325127Z   libblas                        3.9.0                22_linux64_openblas      conda-forge
2025-02-11T02:11:58.1325799Z   libbrotlicommon                1.1.0                hd590300_1               conda-forge
2025-02-11T02:11:58.1326504Z   libbrotlidec                   1.1.0                hd590300_1               conda-forge
2025-02-11T02:11:58.1327190Z   libbrotlienc                   1.1.0                hd590300_1               conda-forge
2025-02-11T02:11:58.1327853Z   libcblas                       3.9.0                22_linux64_openblas      conda-forge
2025-02-11T02:11:58.1328490Z   libcurl                        8.8.0                hca28451_0               conda-forge
2025-02-11T02:11:58.1329132Z   libdeflate                     1.20                 hd590300_0               conda-forge
2025-02-11T02:11:58.1329932Z   libedit                        3.1.20191231         he28a2e2_2               conda-forge
2025-02-11T02:11:58.1330562Z   libev                          4.33                 hd590300_2               conda-forge
2025-02-11T02:11:58.1331175Z   libexpat                       2.6.2                h59595ed_0               conda-forge
2025-02-11T02:11:58.1331794Z   libffi                         3.4.2                h7f98852_5               conda-forge
2025-02-11T02:11:58.1332412Z   libgcc-ng                      13.2.0               h77fa898_10              conda-forge
2025-02-11T02:11:58.1333031Z   libgd                          2.3.3                h119a65a_9               conda-forge
2025-02-11T02:11:58.1333677Z   libgfortran-ng                 13.2.0               h69a702a_10              conda-forge
2025-02-11T02:11:58.1334547Z   libgfortran5                   13.2.0               h3d2ce59_10              conda-forge
2025-02-11T02:11:58.1335234Z   libglib                        2.80.2               h8a4344b_1               conda-forge
2025-02-11T02:11:58.1336042Z   libgomp                        13.2.0               h77fa898_10              conda-forge
2025-02-11T02:11:58.1336663Z   libiconv                       1.17                 hd590300_2               conda-forge
2025-02-11T02:11:58.1337315Z   libjpeg-turbo                  3.0.0                hd590300_1               conda-forge
2025-02-11T02:11:58.1337999Z   liblapack                      3.9.0                22_linux64_openblas      conda-forge
2025-02-11T02:11:58.1338654Z   libllvm14                      14.0.6               hcd5def8_4               conda-forge
2025-02-11T02:11:58.1339326Z   libnghttp2                     1.58.0               h47da74e_1               conda-forge
2025-02-11T02:11:58.1340133Z   libnsl                         2.0.1                hd590300_0               conda-forge
2025-02-11T02:11:58.1340798Z   libopenblas                    0.3.27               pthreads_h413a1c8_0      conda-forge
2025-02-11T02:11:58.1341450Z   libpng                         1.6.43               h2797004_0               conda-forge
2025-02-11T02:11:58.1342090Z   librsvg                        2.58.1               hadf69e7_0               conda-forge
2025-02-11T02:11:58.1342742Z   libsodium                      1.0.18               h36c2ea0_1               conda-forge
2025-02-11T02:11:58.1343398Z   libsqlite                      3.46.0               hde9e2c9_0               conda-forge
2025-02-11T02:11:58.1344038Z   libssh2                        1.11.0               h0841786_0               conda-forge
2025-02-11T02:11:58.1344681Z   libstdcxx-ng                   13.2.0               hc0a3c3a_10              conda-forge
2025-02-11T02:11:58.1345342Z   libtiff                        4.6.0                h1dd3fc0_3               conda-forge
2025-02-11T02:11:58.1345975Z   libuuid                        2.38.1               h0b41bf4_0               conda-forge
2025-02-11T02:11:58.1346599Z   libwebp                        1.4.0                h2c329e2_0               conda-forge
2025-02-11T02:11:58.1347259Z   libwebp-base                   1.4.0                hd590300_0               conda-forge
2025-02-11T02:11:58.1347902Z   libxcb                         1.15                 h0b41bf4_0               conda-forge
2025-02-11T02:11:58.1348527Z   libxcrypt                      4.4.36               hd590300_1               conda-forge
2025-02-11T02:11:58.1349170Z   libxml2                        2.12.7               hc051c1a_1               conda-forge
2025-02-11T02:11:58.1349941Z   libxslt                        1.1.39               h76b75d6_0               conda-forge
2025-02-11T02:11:58.1350557Z   libzlib                        1.3.1                h4ab18f5_1               conda-forge
2025-02-11T02:11:58.1351155Z   llvmlite                       0.42.0               py312hb06c811_1          conda-forge
2025-02-11T02:11:58.1351756Z   lxml                           5.2.2                py312hb90d8a5_0          conda-forge
2025-02-11T02:11:58.1352328Z   lz4-c                          1.9.4                hcb278e6_0               conda-forge
2025-02-11T02:11:58.1352898Z   lzo                            2.10                 hd590300_1001            conda-forge
2025-02-11T02:11:58.1353499Z   markupsafe                     2.1.5                py312h98912ed_0          conda-forge
2025-02-11T02:11:58.1354170Z   matplotlib-base                3.8.4                py312h20ab3a6_2          conda-forge
2025-02-11T02:11:58.1354892Z   matplotlib-inline              0.1.7                pyhd8ed1ab_0             conda-forge
2025-02-11T02:11:58.1355574Z   mistune                        3.0.2                pyhd8ed1ab_0             conda-forge
2025-02-11T02:11:58.1356145Z   mpc                            1.3.1                hfe3b2da_0               conda-forge
2025-02-11T02:11:58.1356823Z   mpfr                           4.2.1                h9458935_1               conda-forge
2025-02-11T02:11:58.1357417Z   mpmath                         1.3.0                pyhd8ed1ab_0             conda-forge
2025-02-11T02:11:58.1358151Z   munkres                        1.1.4                pyh9f0ad1d_0             conda-forge
2025-02-11T02:11:58.1358783Z   mypy_extensions                1.0.0                pyha770c72_0             conda-forge
2025-02-11T02:11:58.1359427Z   nbclassic                      1.1.0                pyhd8ed1ab_0             conda-forge
2025-02-11T02:11:58.1360190Z   nbclient                       0.10.0               pyhd8ed1ab_0             conda-forge
2025-02-11T02:11:58.1360820Z   nbconvert                      7.16.4               hd8ed1ab_1               conda-forge
2025-02-11T02:11:58.1361487Z   nbconvert-core                 7.16.4               pyhd8ed1ab_1             conda-forge
2025-02-11T02:11:58.1362228Z   nbconvert-pandoc               7.16.4               hd8ed1ab_1               conda-forge
2025-02-11T02:11:58.1362937Z   nbformat                       5.10.4               pyhd8ed1ab_0             conda-forge
2025-02-11T02:11:58.1363581Z   nbsphinx                       0.9.4                pyhd8ed1ab_0             conda-forge
2025-02-11T02:11:58.1364226Z   ncurses                        6.5                  h59595ed_0               conda-forge
2025-02-11T02:11:58.1364884Z   nest-asyncio                   1.6.0                pyhd8ed1ab_0             conda-forge
2025-02-11T02:11:58.1365548Z   networkx                       3.3                  pyhd8ed1ab_1             conda-forge
2025-02-11T02:11:58.1366166Z   nomkl                          1.0                  h5ca1d4c_0               conda-forge
2025-02-11T02:11:58.1366780Z   notebook                       7.2.1                pyhd8ed1ab_0             conda-forge
2025-02-11T02:11:58.1367460Z   notebook-shim                  0.2.4                pyhd8ed1ab_0             conda-forge
2025-02-11T02:11:58.1368098Z   numba                          0.59.1               py312hacefee8_0          conda-forge
2025-02-11T02:11:58.1368706Z   numexpr                        2.10.0               py312hf412c99_100        conda-forge
2025-02-11T02:11:58.1369304Z   numpy                          1.26.4               py312heda63a1_0          conda-forge
2025-02-11T02:11:58.1370029Z   numpydoc                       1.7.0                pyhd8ed1ab_1             conda-forge
2025-02-11T02:11:58.1370897Z   openjpeg                       2.5.2                h488ebb8_0               conda-forge
2025-02-11T02:11:58.1371514Z   openssl                        3.3.1                h4ab18f5_0               conda-forge
2025-02-11T02:11:58.1372032Z   overrides                      7.7.0                pyhd8ed1ab_0             conda-forge
2025-02-11T02:11:58.1372462Z   packaging                      24.1                 pyhd8ed1ab_0             conda-forge
2025-02-11T02:11:58.1372914Z   pandas                         2.2.2                py312h1d6d2e6_1          conda-forge
2025-02-11T02:11:58.1373314Z   pandoc                         3.2                  ha770c72_0               conda-forge
2025-02-11T02:11:58.1373737Z   pandocfilters                  1.5.0                pyhd8ed1ab_0             conda-forge
2025-02-11T02:11:58.1374165Z   pango                          1.54.0               h84a9a3c_0               conda-forge
2025-02-11T02:11:58.1374542Z   parso                          0.8.4                pyhd8ed1ab_0             conda-forge
2025-02-11T02:11:58.1374936Z   pathspec                       0.12.1               pyhd8ed1ab_0             conda-forge
2025-02-11T02:11:58.1375356Z   pbr                            6.0.0                pyhd8ed1ab_0             conda-forge
2025-02-11T02:11:58.1375738Z   pcre2                          10.44                h0f59acf_0               conda-forge
2025-02-11T02:11:58.1376126Z   pexpect                        4.9.0                pyhd8ed1ab_0             conda-forge
2025-02-11T02:11:58.1376526Z   pickleshare                    0.7.5                py_1003                  conda-forge
2025-02-11T02:11:58.1377260Z   pillow                         10.3.0               py312hdcec9eb_0          conda-forge
2025-02-11T02:11:58.1377743Z   pip                            24.0                 pyhd8ed1ab_0             conda-forge
2025-02-11T02:11:58.1378108Z   pixman                         0.43.2               h59595ed_0               conda-forge
2025-02-11T02:11:58.1378542Z   pkgutil-resolve-name           1.3.10               pyhd8ed1ab_1             conda-forge
2025-02-11T02:11:58.1378994Z   platformdirs                   4.2.2                pyhd8ed1ab_0             conda-forge
2025-02-11T02:11:58.1379394Z   plotly                         5.22.0               pyhd8ed1ab_0             conda-forge
2025-02-11T02:11:58.1380034Z   pluggy                         1.5.0                pyhd8ed1ab_0             conda-forge
2025-02-11T02:11:58.1380449Z   prometheus_client              0.20.0               pyhd8ed1ab_0             conda-forge
2025-02-11T02:11:58.1380899Z   prompt-toolkit                 3.0.47               pyha770c72_0             conda-forge
2025-02-11T02:11:58.1381313Z   psutil                         5.9.8                py312h98912ed_0          conda-forge
2025-02-11T02:11:58.1381719Z   pthread-stubs                  0.4                  h36c2ea0_1001            conda-forge
2025-02-11T02:11:58.1382128Z   ptyprocess                     0.7.0                pyhd3deb0d_0             conda-forge
2025-02-11T02:11:58.1382527Z   pure_eval                      0.2.2                pyhd8ed1ab_0             conda-forge
2025-02-11T02:11:58.1382914Z   py-cpuinfo                     9.0.0                pyhd8ed1ab_0             conda-forge
2025-02-11T02:11:58.1383306Z   pybtex                         0.24.0               pyhd8ed1ab_2             conda-forge
2025-02-11T02:11:58.1383727Z   pybtex-docutils                1.0.3                py312h7900ff3_1          conda-forge
2025-02-11T02:11:58.1384143Z   pycparser                      2.22                 pyhd8ed1ab_0             conda-forge
2025-02-11T02:11:58.1384531Z   pyerfa                         2.0.1.4              py312h085067d_1          conda-forge
2025-02-11T02:11:58.1384923Z   pygments                       2.18.0               pyhd8ed1ab_0             conda-forge
2025-02-11T02:11:58.1385322Z   pygraphviz                     1.13                 py312h4a1d8a7_1          conda-forge
2025-02-11T02:11:58.1385723Z   pyparsing                      3.1.2                pyhd8ed1ab_0             conda-forge
2025-02-11T02:11:58.1386116Z   pysocks                        1.7.1                pyha2e5f31_6             conda-forge
2025-02-11T02:11:58.1386499Z   pytables                       3.9.2                py312h96d95ec_2          conda-forge
2025-02-11T02:11:58.1386883Z   pytest                         8.2.2                pyhd8ed1ab_0             conda-forge
2025-02-11T02:11:58.1387271Z   pytest-cov                     5.0.0                pyhd8ed1ab_0             conda-forge
2025-02-11T02:11:58.1387700Z   pytest-doctestplus             1.2.1                pyhd8ed1ab_0             conda-forge
2025-02-11T02:11:58.1388134Z   pytest-html                    4.1.1                pyhd8ed1ab_0             conda-forge
2025-02-11T02:11:58.1388561Z   pytest-metadata                3.1.1                pyhd8ed1ab_0             conda-forge
2025-02-11T02:11:58.1388969Z   python                         3.12.4               h194c7f8_0_cpython       conda-forge
2025-02-11T02:11:58.1389379Z   python-dateutil                2.9.0                pyhd8ed1ab_0             conda-forge
2025-02-11T02:11:58.1390009Z   python-fastjsonschema          2.20.0               pyhd8ed1ab_0             conda-forge
2025-02-11T02:11:58.1390477Z   python-json-logger             2.0.7                pyhd8ed1ab_0             conda-forge
2025-02-11T02:11:58.1390916Z   python-tzdata                  2024.1               pyhd8ed1ab_0             conda-forge
2025-02-11T02:11:58.1391321Z   python_abi                     3.12                 4_cp312                  conda-forge
2025-02-11T02:11:58.1391831Z   pytz                           2024.1               pyhd8ed1ab_0             conda-forge
2025-02-11T02:11:58.1392313Z   pyyaml                         6.0.1                py312h98912ed_1          conda-forge
2025-02-11T02:11:58.1392689Z   pyzmq                          26.0.3               py312h8fd38d8_0          conda-forge
2025-02-11T02:11:58.1393064Z   qgrid                          1.3.1                pyhd8ed1ab_4             conda-forge
2025-02-11T02:11:58.1393475Z   radioactivedecay               0.5.1                pyhd8ed1ab_0             conda-forge
2025-02-11T02:11:58.1393886Z   readline                       8.2                  h8228510_1               conda-forge
2025-02-11T02:11:58.1394288Z   recommonmark                   0.7.1                pyhd8ed1ab_0             conda-forge
2025-02-11T02:11:58.1394700Z   referencing                    0.35.1               pyhd8ed1ab_0             conda-forge
2025-02-11T02:11:58.1395105Z   requests                       2.32.3               pyhd8ed1ab_0             conda-forge
2025-02-11T02:11:58.1395522Z   rfc3339-validator              0.1.4                pyhd8ed1ab_0             conda-forge
2025-02-11T02:11:58.1395971Z   rfc3986-validator              0.1.1                pyh9f0ad1d_0             conda-forge
2025-02-11T02:11:58.1396381Z   rpds-py                        0.18.1               py312h4413252_0          conda-forge
2025-02-11T02:11:58.1396749Z   ruff                           0.4.9                py312h5715c7c_0          conda-forge
2025-02-11T02:11:58.1397113Z   scipy                          1.13.1               py312hc2bc53b_0          conda-forge
2025-02-11T02:11:58.1397511Z   send2trash                     1.8.3                pyh0d859eb_0             conda-forge
2025-02-11T02:11:58.1397919Z   setuptools                     70.0.0               pyhd8ed1ab_0             conda-forge
2025-02-11T02:11:58.1398340Z   setuptools-scm                 8.1.0                pyhd8ed1ab_0             conda-forge
2025-02-11T02:11:58.1398767Z   setuptools_scm                 8.1.0                hd8ed1ab_0               conda-forge
2025-02-11T02:11:58.1399163Z   six                            1.16.0               pyh6c4a22f_0             conda-forge
2025-02-11T02:11:58.1399728Z   snakeviz                       2.2.0                pyhd8ed1ab_0             conda-forge
2025-02-11T02:11:58.1400118Z   snappy                         1.2.0                hdb0a2a9_1               conda-forge
2025-02-11T02:11:58.1400498Z   sniffio                        1.3.1                pyhd8ed1ab_0             conda-forge
2025-02-11T02:11:58.1400910Z   snowballstemmer                2.2.0                pyhd8ed1ab_0             conda-forge
2025-02-11T02:11:58.1401326Z   soupsieve                      2.5                  pyhd8ed1ab_1             conda-forge
2025-02-11T02:11:58.1401704Z   sphinx                         7.3.7                pyhd8ed1ab_0             conda-forge
2025-02-11T02:11:58.1402115Z   sphinx-astropy                 1.9.1                pyhd8ed1ab_0             conda-forge
2025-02-11T02:11:58.1402567Z   sphinx-automodapi              0.17.0               pyh717bed2_1             conda-forge
2025-02-11T02:11:58.1403009Z   sphinx-gallery                 0.16.0               pyhd8ed1ab_0             conda-forge
2025-02-11T02:11:58.1403443Z   sphinx-jsonschema              1.19.1               pyhd8ed1ab_0             conda-forge
2025-02-11T02:11:58.1403899Z   sphinx_bootstrap_theme         0.8.1                pyhd8ed1ab_0             conda-forge
2025-02-11T02:11:58.1404344Z   sphinx_rtd_theme               2.0.0                pyha770c72_0             conda-forge
2025-02-11T02:11:58.1404788Z   sphinxcontrib-apidoc           0.3.0                py_1                     conda-forge
2025-02-11T02:11:58.1405271Z   sphinxcontrib-applehelp        1.0.8                pyhd8ed1ab_0             conda-forge
2025-02-11T02:11:58.1405748Z   sphinxcontrib-bibtex           2.6.2                pyhd8ed1ab_0             conda-forge
2025-02-11T02:11:58.1406379Z   sphinxcontrib-devhelp          1.0.6                pyhd8ed1ab_0             conda-forge
2025-02-11T02:11:58.1406872Z   sphinxcontrib-htmlhelp         2.0.5                pyhd8ed1ab_0             conda-forge
2025-02-11T02:11:58.1407443Z   sphinxcontrib-jquery           4.1                  pyhd8ed1ab_0             conda-forge
2025-02-11T02:11:58.1407910Z   sphinxcontrib-jsmath           1.0.1                pyhd8ed1ab_0             conda-forge
2025-02-11T02:11:58.1408373Z   sphinxcontrib-qthelp           1.0.7                pyhd8ed1ab_0             conda-forge
2025-02-11T02:11:58.1408881Z   sphinxcontrib-serializinghtml  1.1.10               pyhd8ed1ab_0             conda-forge
2025-02-11T02:11:58.1409349Z   stack_data                     0.6.2                pyhd8ed1ab_0             conda-forge
2025-02-11T02:11:58.1409904Z   sympy                          1.12.1               pypyh2585a3b_103         conda-forge
2025-02-11T02:11:58.1410299Z   tabulate                       0.9.0                pyhd8ed1ab_1             conda-forge
2025-02-11T02:11:58.1410690Z   tenacity                       8.4.1                pyhd8ed1ab_0             conda-forge
2025-02-11T02:11:58.1411090Z   terminado                      0.18.1               pyh0d859eb_0             conda-forge
2025-02-11T02:11:58.1411484Z   tinycss2                       1.3.0                pyhd8ed1ab_0             conda-forge
2025-02-11T02:11:58.1411853Z   tk                             8.6.13               noxft_h4845f30_101       conda-forge
2025-02-11T02:11:58.1412223Z   toml                           0.10.2               pyhd8ed1ab_0             conda-forge
2025-02-11T02:11:58.1412600Z   tomli                          2.0.1                pyhd8ed1ab_0             conda-forge
2025-02-11T02:11:58.1412975Z   tornado                        6.4.1                py312h9a8786e_0          conda-forge
2025-02-11T02:11:58.1413351Z   tqdm                           4.66.4               pyhd8ed1ab_0             conda-forge
2025-02-11T02:11:58.1413739Z   traitlets                      5.14.3               pyhd8ed1ab_0             conda-forge
2025-02-11T02:11:58.1414136Z   typed-ast                      1.5.5                py312h98912ed_1          conda-forge
2025-02-11T02:11:58.1414601Z   types-python-dateutil          2.9.0.20240316       pyhd8ed1ab_0             conda-forge
2025-02-11T02:11:58.1415085Z   typing-extensions              4.12.2               hd8ed1ab_0               conda-forge
2025-02-11T02:11:58.1415531Z   typing_extensions              4.12.2               pyha770c72_0             conda-forge
2025-02-11T02:11:58.1415955Z   typing_utils                   0.1.0                pyhd8ed1ab_0             conda-forge
2025-02-11T02:11:58.1416351Z   tzdata                         2024a                h0c530f3_0               conda-forge
2025-02-11T02:11:58.1416752Z   uri-template                   1.3.0                pyhd8ed1ab_0             conda-forge
2025-02-11T02:11:58.1417165Z   urllib3                        2.2.2                pyhd8ed1ab_0             conda-forge
2025-02-11T02:11:58.1417553Z   wcwidth                        0.2.13               pyhd8ed1ab_0             conda-forge
2025-02-11T02:11:58.1417954Z   webcolors                      24.6.0               pyhd8ed1ab_0             conda-forge
2025-02-11T02:11:58.1418360Z   webencodings                   0.5.1                pyhd8ed1ab_2             conda-forge
2025-02-11T02:11:58.1418784Z   websocket-client               1.8.0                pyhd8ed1ab_0             conda-forge
2025-02-11T02:11:58.1419190Z   wheel                          0.43.0               pyhd8ed1ab_1             conda-forge
2025-02-11T02:11:58.1419799Z   widgetsnbextension             3.6.6                pyhd8ed1ab_0             conda-forge
2025-02-11T02:11:58.1420239Z   xorg-kbproto                   1.0.7                h7f98852_1002            conda-forge
2025-02-11T02:11:58.1420642Z   xorg-libice                    1.1.1                hd590300_0               conda-forge
2025-02-11T02:11:58.1421160Z   xorg-libsm                     1.2.4                h7391055_0               conda-forge
2025-02-11T02:11:58.1421559Z   xorg-libx11                    1.8.9                h8ee46fc_0               conda-forge
2025-02-11T02:11:58.1422065Z   xorg-libxau                    1.0.11               hd590300_0               conda-forge
2025-02-11T02:11:58.1422473Z   xorg-libxdmcp                  1.1.3                h7f98852_0               conda-forge
2025-02-11T02:11:58.1422880Z   xorg-libxext                   1.3.4                h0b41bf4_2               conda-forge
2025-02-11T02:11:58.1423300Z   xorg-libxrender                0.9.11               hd590300_0               conda-forge
2025-02-11T02:11:58.1423729Z   xorg-renderproto               0.11.1               h7f98852_1002            conda-forge
2025-02-11T02:11:58.1424156Z   xorg-xextproto                 7.3.0                h0b41bf4_1003            conda-forge
2025-02-11T02:11:58.1424565Z   xorg-xproto                    7.0.31               h7f98852_1007            conda-forge
2025-02-11T02:11:58.1424943Z   xz                             5.2.6                h166bdaf_0               conda-forge
2025-02-11T02:11:58.1425304Z   yaml                           0.2.5                h7f98852_2               conda-forge
2025-02-11T02:11:58.1425667Z   zeromq                         4.3.5                h75354e8_4               conda-forge
2025-02-11T02:11:58.1426033Z   zipp                           3.19.2               pyhd8ed1ab_0             conda-forge
2025-02-11T02:11:58.1426393Z   zlib                           1.3.1                h4ab18f5_1               conda-forge
2025-02-11T02:11:58.1426766Z   zlib-ng                        2.0.7                h0b41bf4_0               conda-forge
2025-02-11T02:11:58.1427130Z   zstd                           1.5.6                ha6fb4c9_0               conda-forge
2025-02-11T02:11:58.1427734Z ##[endgroup]
2025-02-11T02:11:58.1463661Z ##[group]Run pip install -e . --user
2025-02-11T02:11:58.1464036Z [36;1mpip install -e . --user[0m
2025-02-11T02:11:58.1494644Z shell: /usr/bin/bash -l {0}
2025-02-11T02:11:58.1494924Z env:
2025-02-11T02:11:58.1495133Z   CACHE_NUMBER: 0
2025-02-11T02:11:58.1495801Z   PYTEST_FLAGS: --tardis-regression-data=/home/runner/work/tardis/tardis/tardis-regression-data --cov=tardis --cov-report=xml --cov-report=html --cov-append
2025-02-11T02:11:58.1496489Z   CODECOV_TOKEN: 
2025-02-11T02:11:58.1496750Z   MAMBA_ROOT_PREFIX: /home/runner/micromamba
2025-02-11T02:11:58.1497095Z   MAMBA_EXE: /home/runner/micromamba-bin/micromamba
2025-02-11T02:11:58.1497485Z   CONDARC: /home/runner/work/_temp/setup-micromamba/.condarc
2025-02-11T02:11:58.1497823Z ##[endgroup]
2025-02-11T02:11:58.8323128Z Obtaining file:///home/runner/work/tardis/tardis
2025-02-11T02:11:58.8352550Z   Installing build dependencies: started
2025-02-11T02:12:01.6057597Z   Installing build dependencies: finished with status 'done'
2025-02-11T02:12:01.6063885Z   Checking if build backend supports build_editable: started
2025-02-11T02:12:01.7369824Z   Checking if build backend supports build_editable: finished with status 'done'
2025-02-11T02:12:01.7379989Z   Getting requirements to build editable: started
2025-02-11T02:12:02.2204462Z   Getting requirements to build editable: finished with status 'done'
2025-02-11T02:12:02.2213608Z   Preparing editable metadata (pyproject.toml): started
2025-02-11T02:12:02.6975769Z   Preparing editable metadata (pyproject.toml): finished with status 'done'
2025-02-11T02:12:02.7577492Z Requirement already satisfied: astropy in /home/runner/micromamba/envs/tardis/lib/python3.12/site-packages (from tardis==0.0.0) (6.1.1)
2025-02-11T02:12:02.8022352Z Requirement already satisfied: numpy>=1.23 in /home/runner/micromamba/envs/tardis/lib/python3.12/site-packages (from astropy->tardis==0.0.0) (1.26.4)
2025-02-11T02:12:02.8031431Z Requirement already satisfied: pyerfa>=2.0.1.1 in /home/runner/micromamba/envs/tardis/lib/python3.12/site-packages (from astropy->tardis==0.0.0) (2.0.1.4)
2025-02-11T02:12:02.8041835Z Requirement already satisfied: astropy-iers-data>=0.2024.5.27.0.30.8 in /home/runner/micromamba/envs/tardis/lib/python3.12/site-packages (from astropy->tardis==0.0.0) (0.2024.6.17.0.31.35)
2025-02-11T02:12:02.8050284Z Requirement already satisfied: PyYAML>=3.13 in /home/runner/micromamba/envs/tardis/lib/python3.12/site-packages (from astropy->tardis==0.0.0) (6.0.1)
2025-02-11T02:12:02.8060201Z Requirement already satisfied: packaging>=19.0 in /home/runner/micromamba/envs/tardis/lib/python3.12/site-packages (from astropy->tardis==0.0.0) (24.1)
2025-02-11T02:12:02.8149935Z Building wheels for collected packages: tardis
2025-02-11T02:12:02.8159112Z   Building editable for tardis (pyproject.toml): started
2025-02-11T02:12:03.5727142Z   Building editable for tardis (pyproject.toml): finished with status 'done'
2025-02-11T02:12:03.5734831Z   Created wheel for tardis: filename=tardis-0.0.0-0.editable-py3-none-any.whl size=8879 sha256=4ab368a15e213093c4bb18862c93db3716d5b88ce1ad318eb06b564d5c6f205f
2025-02-11T02:12:03.5736428Z   Stored in directory: /tmp/pip-ephem-wheel-cache-sws0y5c9/wheels/6a/c7/ae/89fa6dc2565455898176888ef0e2e475e4e90eb0124afcb995
2025-02-11T02:12:03.5763852Z Successfully built tardis
2025-02-11T02:12:04.3569350Z Installing collected packages: tardis
2025-02-11T02:12:04.3664661Z Successfully installed tardis-0.0.0
2025-02-11T02:12:04.5731644Z ##[group]Run pip install qgridnext
2025-02-11T02:12:04.5731986Z [36;1mpip install qgridnext[0m
2025-02-11T02:12:04.5759412Z shell: /usr/bin/bash -l {0}
2025-02-11T02:12:04.5759870Z env:
2025-02-11T02:12:04.5760061Z   CACHE_NUMBER: 0
2025-02-11T02:12:04.5760698Z   PYTEST_FLAGS: --tardis-regression-data=/home/runner/work/tardis/tardis/tardis-regression-data --cov=tardis --cov-report=xml --cov-report=html --cov-append
2025-02-11T02:12:04.5761352Z   CODECOV_TOKEN: 
2025-02-11T02:12:04.5761588Z   MAMBA_ROOT_PREFIX: /home/runner/micromamba
2025-02-11T02:12:04.5761954Z   MAMBA_EXE: /home/runner/micromamba-bin/micromamba
2025-02-11T02:12:04.5762328Z   CONDARC: /home/runner/work/_temp/setup-micromamba/.condarc
2025-02-11T02:12:04.5762647Z ##[endgroup]
2025-02-11T02:12:05.2103167Z Collecting qgridnext
2025-02-11T02:12:05.2633660Z   Downloading qgridnext-2.0.4-py3-none-any.whl.metadata (9.9 kB)
2025-02-11T02:12:05.2743081Z Requirement already satisfied: pandas>=0.20.0 in /home/runner/micromamba/envs/tardis/lib/python3.12/site-packages (from qgridnext) (2.2.2)
2025-02-11T02:12:05.2751548Z Requirement already satisfied: ipywidgets>=7.0.0 in /home/runner/micromamba/envs/tardis/lib/python3.12/site-packages (from qgridnext) (7.8.0)
2025-02-11T02:12:05.2760757Z Requirement already satisfied: numpy in /home/runner/micromamba/envs/tardis/lib/python3.12/site-packages (from qgridnext) (1.26.4)
2025-02-11T02:12:05.2770621Z Requirement already satisfied: traitlets in /home/runner/micromamba/envs/tardis/lib/python3.12/site-packages (from qgridnext) (5.14.3)
2025-02-11T02:12:05.2857106Z Requirement already satisfied: comm>=0.1.3 in /home/runner/micromamba/envs/tardis/lib/python3.12/site-packages (from ipywidgets>=7.0.0->qgridnext) (0.2.2)
2025-02-11T02:12:05.2865824Z Requirement already satisfied: ipython-genutils~=0.2.0 in /home/runner/micromamba/envs/tardis/lib/python3.12/site-packages (from ipywidgets>=7.0.0->qgridnext) (0.2.0)
2025-02-11T02:12:05.2878259Z Requirement already satisfied: widgetsnbextension~=3.6.5 in /home/runner/micromamba/envs/tardis/lib/python3.12/site-packages (from ipywidgets>=7.0.0->qgridnext) (3.6.6)
2025-02-11T02:12:05.2896156Z Requirement already satisfied: ipython>=4.0.0 in /home/runner/micromamba/envs/tardis/lib/python3.12/site-packages (from ipywidgets>=7.0.0->qgridnext) (8.25.0)
2025-02-11T02:12:05.2910568Z Requirement already satisfied: jupyterlab-widgets<3,>=1.0.0 in /home/runner/micromamba/envs/tardis/lib/python3.12/site-packages (from ipywidgets>=7.0.0->qgridnext) (1.1.7)
2025-02-11T02:12:05.3352045Z Requirement already satisfied: python-dateutil>=2.8.2 in /home/runner/micromamba/envs/tardis/lib/python3.12/site-packages (from pandas>=0.20.0->qgridnext) (2.9.0)
2025-02-11T02:12:05.3366385Z Requirement already satisfied: pytz>=2020.1 in /home/runner/micromamba/envs/tardis/lib/python3.12/site-packages (from pandas>=0.20.0->qgridnext) (2024.1)
2025-02-11T02:12:05.3374642Z Requirement already satisfied: tzdata>=2022.7 in /home/runner/micromamba/envs/tardis/lib/python3.12/site-packages (from pandas>=0.20.0->qgridnext) (2024.1)
2025-02-11T02:12:05.3689877Z Requirement already satisfied: decorator in /home/runner/micromamba/envs/tardis/lib/python3.12/site-packages (from ipython>=4.0.0->ipywidgets>=7.0.0->qgridnext) (5.1.1)
2025-02-11T02:12:05.3704946Z Requirement already satisfied: jedi>=0.16 in /home/runner/micromamba/envs/tardis/lib/python3.12/site-packages (from ipython>=4.0.0->ipywidgets>=7.0.0->qgridnext) (0.19.1)
2025-02-11T02:12:05.3713588Z Requirement already satisfied: matplotlib-inline in /home/runner/micromamba/envs/tardis/lib/python3.12/site-packages (from ipython>=4.0.0->ipywidgets>=7.0.0->qgridnext) (0.1.7)
2025-02-11T02:12:05.3724600Z Requirement already satisfied: prompt-toolkit<3.1.0,>=3.0.41 in /home/runner/micromamba/envs/tardis/lib/python3.12/site-packages (from ipython>=4.0.0->ipywidgets>=7.0.0->qgridnext) (3.0.47)
2025-02-11T02:12:05.3733671Z Requirement already satisfied: pygments>=2.4.0 in /home/runner/micromamba/envs/tardis/lib/python3.12/site-packages (from ipython>=4.0.0->ipywidgets>=7.0.0->qgridnext) (2.18.0)
2025-02-11T02:12:05.3743157Z Requirement already satisfied: stack-data in /home/runner/micromamba/envs/tardis/lib/python3.12/site-packages (from ipython>=4.0.0->ipywidgets>=7.0.0->qgridnext) (0.6.2)
2025-02-11T02:12:05.3762020Z Requirement already satisfied: pexpect>4.3 in /home/runner/micromamba/envs/tardis/lib/python3.12/site-packages (from ipython>=4.0.0->ipywidgets>=7.0.0->qgridnext) (4.9.0)
2025-02-11T02:12:05.3810714Z Requirement already satisfied: six>=1.5 in /home/runner/micromamba/envs/tardis/lib/python3.12/site-packages (from python-dateutil>=2.8.2->pandas>=0.20.0->qgridnext) (1.16.0)
2025-02-11T02:12:05.3872496Z Requirement already satisfied: notebook>=4.4.1 in /home/runner/micromamba/envs/tardis/lib/python3.12/site-packages (from widgetsnbextension~=3.6.5->ipywidgets>=7.0.0->qgridnext) (7.2.1)
2025-02-11T02:12:05.4061037Z Requirement already satisfied: parso<0.9.0,>=0.8.3 in /home/runner/micromamba/envs/tardis/lib/python3.12/site-packages (from jedi>=0.16->ipython>=4.0.0->ipywidgets>=7.0.0->qgridnext) (0.8.4)
2025-02-11T02:12:05.4206860Z Requirement already satisfied: jupyter-server<3,>=2.4.0 in /home/runner/micromamba/envs/tardis/lib/python3.12/site-packages (from notebook>=4.4.1->widgetsnbextension~=3.6.5->ipywidgets>=7.0.0->qgridnext) (2.14.1)
2025-02-11T02:12:05.4220401Z Requirement already satisfied: jupyterlab-server<3,>=2.27.1 in /home/runner/micromamba/envs/tardis/lib/python3.12/site-packages (from notebook>=4.4.1->widgetsnbextension~=3.6.5->ipywidgets>=7.0.0->qgridnext) (2.27.2)
2025-02-11T02:12:05.4235722Z Requirement already satisfied: jupyterlab<4.3,>=4.2.0 in /home/runner/micromamba/envs/tardis/lib/python3.12/site-packages (from notebook>=4.4.1->widgetsnbextension~=3.6.5->ipywidgets>=7.0.0->qgridnext) (4.2.2)
2025-02-11T02:12:05.4246365Z Requirement already satisfied: notebook-shim<0.3,>=0.2 in /home/runner/micromamba/envs/tardis/lib/python3.12/site-packages (from notebook>=4.4.1->widgetsnbextension~=3.6.5->ipywidgets>=7.0.0->qgridnext) (0.2.4)
2025-02-11T02:12:05.4254516Z Requirement already satisfied: tornado>=6.2.0 in /home/runner/micromamba/envs/tardis/lib/python3.12/site-packages (from notebook>=4.4.1->widgetsnbextension~=3.6.5->ipywidgets>=7.0.0->qgridnext) (6.4.1)
2025-02-11T02:12:05.4284334Z Requirement already satisfied: ptyprocess>=0.5 in /home/runner/micromamba/envs/tardis/lib/python3.12/site-packages (from pexpect>4.3->ipython>=4.0.0->ipywidgets>=7.0.0->qgridnext) (0.7.0)
2025-02-11T02:12:05.4313394Z Requirement already satisfied: wcwidth in /home/runner/micromamba/envs/tardis/lib/python3.12/site-packages (from prompt-toolkit<3.1.0,>=3.0.41->ipython>=4.0.0->ipywidgets>=7.0.0->qgridnext) (0.2.13)
2025-02-11T02:12:05.4453586Z Requirement already satisfied: executing>=1.2.0 in /home/runner/micromamba/envs/tardis/lib/python3.12/site-packages (from stack-data->ipython>=4.0.0->ipywidgets>=7.0.0->qgridnext) (2.0.1)
2025-02-11T02:12:05.4462949Z Requirement already satisfied: asttokens>=2.1.0 in /home/runner/micromamba/envs/tardis/lib/python3.12/site-packages (from stack-data->ipython>=4.0.0->ipywidgets>=7.0.0->qgridnext) (2.4.1)
2025-02-11T02:12:05.4470624Z Requirement already satisfied: pure-eval in /home/runner/micromamba/envs/tardis/lib/python3.12/site-packages (from stack-data->ipython>=4.0.0->ipywidgets>=7.0.0->qgridnext) (0.2.2)
2025-02-11T02:12:05.4810086Z Requirement already satisfied: anyio>=3.1.0 in /home/runner/micromamba/envs/tardis/lib/python3.12/site-packages (from jupyter-server<3,>=2.4.0->notebook>=4.4.1->widgetsnbextension~=3.6.5->ipywidgets>=7.0.0->qgridnext) (4.4.0)
2025-02-11T02:12:05.4820439Z Requirement already satisfied: argon2-cffi>=21.1 in /home/runner/micromamba/envs/tardis/lib/python3.12/site-packages (from jupyter-server<3,>=2.4.0->notebook>=4.4.1->widgetsnbextension~=3.6.5->ipywidgets>=7.0.0->qgridnext) (23.1.0)
2025-02-11T02:12:05.4829688Z Requirement already satisfied: jinja2>=3.0.3 in /home/runner/micromamba/envs/tardis/lib/python3.12/site-packages (from jupyter-server<3,>=2.4.0->notebook>=4.4.1->widgetsnbextension~=3.6.5->ipywidgets>=7.0.0->qgridnext) (3.1.4)
2025-02-11T02:12:05.4841275Z Requirement already satisfied: jupyter-client>=7.4.4 in /home/runner/micromamba/envs/tardis/lib/python3.12/site-packages (from jupyter-server<3,>=2.4.0->notebook>=4.4.1->widgetsnbextension~=3.6.5->ipywidgets>=7.0.0->qgridnext) (8.6.2)
2025-02-11T02:12:05.4853238Z Requirement already satisfied: jupyter-core!=5.0.*,>=4.12 in /home/runner/micromamba/envs/tardis/lib/python3.12/site-packages (from jupyter-server<3,>=2.4.0->notebook>=4.4.1->widgetsnbextension~=3.6.5->ipywidgets>=7.0.0->qgridnext) (5.7.2)
2025-02-11T02:12:05.4864391Z Requirement already satisfied: jupyter-events>=0.9.0 in /home/runner/micromamba/envs/tardis/lib/python3.12/site-packages (from jupyter-server<3,>=2.4.0->notebook>=4.4.1->widgetsnbextension~=3.6.5->ipywidgets>=7.0.0->qgridnext) (0.10.0)
2025-02-11T02:12:05.4875250Z Requirement already satisfied: jupyter-server-terminals>=0.4.4 in /home/runner/micromamba/envs/tardis/lib/python3.12/site-packages (from jupyter-server<3,>=2.4.0->notebook>=4.4.1->widgetsnbextension~=3.6.5->ipywidgets>=7.0.0->qgridnext) (0.5.3)
2025-02-11T02:12:05.4888689Z Requirement already satisfied: nbconvert>=6.4.4 in /home/runner/micromamba/envs/tardis/lib/python3.12/site-packages (from jupyter-server<3,>=2.4.0->notebook>=4.4.1->widgetsnbextension~=3.6.5->ipywidgets>=7.0.0->qgridnext) (7.16.4)
2025-02-11T02:12:05.4898539Z Requirement already satisfied: nbformat>=5.3.0 in /home/runner/micromamba/envs/tardis/lib/python3.12/site-packages (from jupyter-server<3,>=2.4.0->notebook>=4.4.1->widgetsnbextension~=3.6.5->ipywidgets>=7.0.0->qgridnext) (5.10.4)
2025-02-11T02:12:05.4907615Z Requirement already satisfied: overrides>=5.0 in /home/runner/micromamba/envs/tardis/lib/python3.12/site-packages (from jupyter-server<3,>=2.4.0->notebook>=4.4.1->widgetsnbextension~=3.6.5->ipywidgets>=7.0.0->qgridnext) (7.7.0)
2025-02-11T02:12:05.4917455Z Requirement already satisfied: packaging>=22.0 in /home/runner/micromamba/envs/tardis/lib/python3.12/site-packages (from jupyter-server<3,>=2.4.0->notebook>=4.4.1->widgetsnbextension~=3.6.5->ipywidgets>=7.0.0->qgridnext) (24.1)
2025-02-11T02:12:05.4925772Z Requirement already satisfied: prometheus-client>=0.9 in /home/runner/micromamba/envs/tardis/lib/python3.12/site-packages (from jupyter-server<3,>=2.4.0->notebook>=4.4.1->widgetsnbextension~=3.6.5->ipywidgets>=7.0.0->qgridnext) (0.20.0)
2025-02-11T02:12:05.4936078Z Requirement already satisfied: pyzmq>=24 in /home/runner/micromamba/envs/tardis/lib/python3.12/site-packages (from jupyter-server<3,>=2.4.0->notebook>=4.4.1->widgetsnbextension~=3.6.5->ipywidgets>=7.0.0->qgridnext) (26.0.3)
2025-02-11T02:12:05.4944781Z Requirement already satisfied: send2trash>=1.8.2 in /home/runner/micromamba/envs/tardis/lib/python3.12/site-packages (from jupyter-server<3,>=2.4.0->notebook>=4.4.1->widgetsnbextension~=3.6.5->ipywidgets>=7.0.0->qgridnext) (1.8.3)
2025-02-11T02:12:05.4955887Z Requirement already satisfied: terminado>=0.8.3 in /home/runner/micromamba/envs/tardis/lib/python3.12/site-packages (from jupyter-server<3,>=2.4.0->notebook>=4.4.1->widgetsnbextension~=3.6.5->ipywidgets>=7.0.0->qgridnext) (0.18.1)
2025-02-11T02:12:05.4972610Z Requirement already satisfied: websocket-client>=1.7 in /home/runner/micromamba/envs/tardis/lib/python3.12/site-packages (from jupyter-server<3,>=2.4.0->notebook>=4.4.1->widgetsnbextension~=3.6.5->ipywidgets>=7.0.0->qgridnext) (1.8.0)
2025-02-11T02:12:05.5258017Z Requirement already satisfied: async-lru>=1.0.0 in /home/runner/micromamba/envs/tardis/lib/python3.12/site-packages (from jupyterlab<4.3,>=4.2.0->notebook>=4.4.1->widgetsnbextension~=3.6.5->ipywidgets>=7.0.0->qgridnext) (2.0.4)
2025-02-11T02:12:05.5270673Z Requirement already satisfied: httpx>=0.25.0 in /home/runner/micromamba/envs/tardis/lib/python3.12/site-packages (from jupyterlab<4.3,>=4.2.0->notebook>=4.4.1->widgetsnbextension~=3.6.5->ipywidgets>=7.0.0->qgridnext) (0.27.0)
2025-02-11T02:12:05.5283296Z Requirement already satisfied: ipykernel>=6.5.0 in /home/runner/micromamba/envs/tardis/lib/python3.12/site-packages (from jupyterlab<4.3,>=4.2.0->notebook>=4.4.1->widgetsnbextension~=3.6.5->ipywidgets>=7.0.0->qgridnext) (6.29.4)
2025-02-11T02:12:05.5297457Z Requirement already satisfied: jupyter-lsp>=2.0.0 in /home/runner/micromamba/envs/tardis/lib/python3.12/site-packages (from jupyterlab<4.3,>=4.2.0->notebook>=4.4.1->widgetsnbextension~=3.6.5->ipywidgets>=7.0.0->qgridnext) (2.2.5)
2025-02-11T02:12:05.5324043Z Requirement already satisfied: setuptools>=40.1.0 in /home/runner/micromamba/envs/tardis/lib/python3.12/site-packages (from jupyterlab<4.3,>=4.2.0->notebook>=4.4.1->widgetsnbextension~=3.6.5->ipywidgets>=7.0.0->qgridnext) (70.0.0)
2025-02-11T02:12:05.5516287Z Requirement already satisfied: babel>=2.10 in /home/runner/micromamba/envs/tardis/lib/python3.12/site-packages (from jupyterlab-server<3,>=2.27.1->notebook>=4.4.1->widgetsnbextension~=3.6.5->ipywidgets>=7.0.0->qgridnext) (2.14.0)
2025-02-11T02:12:05.5546763Z Requirement already satisfied: json5>=0.9.0 in /home/runner/micromamba/envs/tardis/lib/python3.12/site-packages (from jupyterlab-server<3,>=2.27.1->notebook>=4.4.1->widgetsnbextension~=3.6.5->ipywidgets>=7.0.0->qgridnext) (0.9.25)
2025-02-11T02:12:05.5558448Z Requirement already satisfied: jsonschema>=4.18.0 in /home/runner/micromamba/envs/tardis/lib/python3.12/site-packages (from jupyterlab-server<3,>=2.27.1->notebook>=4.4.1->widgetsnbextension~=3.6.5->ipywidgets>=7.0.0->qgridnext) (4.22.0)
2025-02-11T02:12:05.5577813Z Requirement already satisfied: requests>=2.31 in /home/runner/micromamba/envs/tardis/lib/python3.12/site-packages (from jupyterlab-server<3,>=2.27.1->notebook>=4.4.1->widgetsnbextension~=3.6.5->ipywidgets>=7.0.0->qgridnext) (2.32.3)
2025-02-11T02:12:05.5940687Z Requirement already satisfied: idna>=2.8 in /home/runner/micromamba/envs/tardis/lib/python3.12/site-packages (from anyio>=3.1.0->jupyter-server<3,>=2.4.0->notebook>=4.4.1->widgetsnbextension~=3.6.5->ipywidgets>=7.0.0->qgridnext) (3.7)
2025-02-11T02:12:05.5950003Z Requirement already satisfied: sniffio>=1.1 in /home/runner/micromamba/envs/tardis/lib/python3.12/site-packages (from anyio>=3.1.0->jupyter-server<3,>=2.4.0->notebook>=4.4.1->widgetsnbextension~=3.6.5->ipywidgets>=7.0.0->qgridnext) (1.3.1)
2025-02-11T02:12:05.6041661Z Requirement already satisfied: argon2-cffi-bindings in /home/runner/micromamba/envs/tardis/lib/python3.12/site-packages (from argon2-cffi>=21.1->jupyter-server<3,>=2.4.0->notebook>=4.4.1->widgetsnbextension~=3.6.5->ipywidgets>=7.0.0->qgridnext) (21.2.0)
2025-02-11T02:12:05.6222073Z Requirement already satisfied: certifi in /home/runner/micromamba/envs/tardis/lib/python3.12/site-packages (from httpx>=0.25.0->jupyterlab<4.3,>=4.2.0->notebook>=4.4.1->widgetsnbextension~=3.6.5->ipywidgets>=7.0.0->qgridnext) (2024.6.2)
2025-02-11T02:12:05.6236705Z Requirement already satisfied: httpcore==1.* in /home/runner/micromamba/envs/tardis/lib/python3.12/site-packages (from httpx>=0.25.0->jupyterlab<4.3,>=4.2.0->notebook>=4.4.1->widgetsnbextension~=3.6.5->ipywidgets>=7.0.0->qgridnext) (1.0.5)
2025-02-11T02:12:05.6316424Z Requirement already satisfied: h11<0.15,>=0.13 in /home/runner/micromamba/envs/tardis/lib/python3.12/site-packages (from httpcore==1.*->httpx>=0.25.0->jupyterlab<4.3,>=4.2.0->notebook>=4.4.1->widgetsnbextension~=3.6.5->ipywidgets>=7.0.0->qgridnext) (0.14.0)
2025-02-11T02:12:05.6502347Z Requirement already satisfied: debugpy>=1.6.5 in /home/runner/micromamba/envs/tardis/lib/python3.12/site-packages (from ipykernel>=6.5.0->jupyterlab<4.3,>=4.2.0->notebook>=4.4.1->widgetsnbextension~=3.6.5->ipywidgets>=7.0.0->qgridnext) (1.8.1)
2025-02-11T02:12:05.6523015Z Requirement already satisfied: nest-asyncio in /home/runner/micromamba/envs/tardis/lib/python3.12/site-packages (from ipykernel>=6.5.0->jupyterlab<4.3,>=4.2.0->notebook>=4.4.1->widgetsnbextension~=3.6.5->ipywidgets>=7.0.0->qgridnext) (1.6.0)
2025-02-11T02:12:05.6537891Z Requirement already satisfied: psutil in /home/runner/micromamba/envs/tardis/lib/python3.12/site-packages (from ipykernel>=6.5.0->jupyterlab<4.3,>=4.2.0->notebook>=4.4.1->widgetsnbextension~=3.6.5->ipywidgets>=7.0.0->qgridnext) (5.9.8)
2025-02-11T02:12:05.6602437Z Requirement already satisfied: MarkupSafe>=2.0 in /home/runner/micromamba/envs/tardis/lib/python3.12/site-packages (from jinja2>=3.0.3->jupyter-server<3,>=2.4.0->notebook>=4.4.1->widgetsnbextension~=3.6.5->ipywidgets>=7.0.0->qgridnext) (2.1.5)
2025-02-11T02:12:05.6794060Z Requirement already satisfied: attrs>=22.2.0 in /home/runner/micromamba/envs/tardis/lib/python3.12/site-packages (from jsonschema>=4.18.0->jupyterlab-server<3,>=2.27.1->notebook>=4.4.1->widgetsnbextension~=3.6.5->ipywidgets>=7.0.0->qgridnext) (23.2.0)
2025-02-11T02:12:05.6803939Z Requirement already satisfied: jsonschema-specifications>=2023.03.6 in /home/runner/micromamba/envs/tardis/lib/python3.12/site-packages (from jsonschema>=4.18.0->jupyterlab-server<3,>=2.27.1->notebook>=4.4.1->widgetsnbextension~=3.6.5->ipywidgets>=7.0.0->qgridnext) (2023.12.1)
2025-02-11T02:12:05.6812137Z Requirement already satisfied: referencing>=0.28.4 in /home/runner/micromamba/envs/tardis/lib/python3.12/site-packages (from jsonschema>=4.18.0->jupyterlab-server<3,>=2.27.1->notebook>=4.4.1->widgetsnbextension~=3.6.5->ipywidgets>=7.0.0->qgridnext) (0.35.1)
2025-02-11T02:12:05.6820835Z Requirement already satisfied: rpds-py>=0.7.1 in /home/runner/micromamba/envs/tardis/lib/python3.12/site-packages (from jsonschema>=4.18.0->jupyterlab-server<3,>=2.27.1->notebook>=4.4.1->widgetsnbextension~=3.6.5->ipywidgets>=7.0.0->qgridnext) (0.18.1)
2025-02-11T02:12:05.7082051Z Requirement already satisfied: platformdirs>=2.5 in /home/runner/micromamba/envs/tardis/lib/python3.12/site-packages (from jupyter-core!=5.0.*,>=4.12->jupyter-server<3,>=2.4.0->notebook>=4.4.1->widgetsnbextension~=3.6.5->ipywidgets>=7.0.0->qgridnext) (4.2.2)
2025-02-11T02:12:05.7230027Z Requirement already satisfied: python-json-logger>=2.0.4 in /home/runner/micromamba/envs/tardis/lib/python3.12/site-packages (from jupyter-events>=0.9.0->jupyter-server<3,>=2.4.0->notebook>=4.4.1->widgetsnbextension~=3.6.5->ipywidgets>=7.0.0->qgridnext) (2.0.7)
2025-02-11T02:12:05.7237420Z Requirement already satisfied: pyyaml>=5.3 in /home/runner/micromamba/envs/tardis/lib/python3.12/site-packages (from jupyter-events>=0.9.0->jupyter-server<3,>=2.4.0->notebook>=4.4.1->widgetsnbextension~=3.6.5->ipywidgets>=7.0.0->qgridnext) (6.0.1)
2025-02-11T02:12:05.7247316Z Requirement already satisfied: rfc3339-validator in /home/runner/micromamba/envs/tardis/lib/python3.12/site-packages (from jupyter-events>=0.9.0->jupyter-server<3,>=2.4.0->notebook>=4.4.1->widgetsnbextension~=3.6.5->ipywidgets>=7.0.0->qgridnext) (0.1.4)
2025-02-11T02:12:05.7255425Z Requirement already satisfied: rfc3986-validator>=0.1.1 in /home/runner/micromamba/envs/tardis/lib/python3.12/site-packages (from jupyter-events>=0.9.0->jupyter-server<3,>=2.4.0->notebook>=4.4.1->widgetsnbextension~=3.6.5->ipywidgets>=7.0.0->qgridnext) (0.1.1)
2025-02-11T02:12:05.7670498Z Requirement already satisfied: beautifulsoup4 in /home/runner/micromamba/envs/tardis/lib/python3.12/site-packages (from nbconvert>=6.4.4->jupyter-server<3,>=2.4.0->notebook>=4.4.1->widgetsnbextension~=3.6.5->ipywidgets>=7.0.0->qgridnext) (4.12.3)
2025-02-11T02:12:05.7689136Z Requirement already satisfied: bleach!=5.0.0 in /home/runner/micromamba/envs/tardis/lib/python3.12/site-packages (from nbconvert>=6.4.4->jupyter-server<3,>=2.4.0->notebook>=4.4.1->widgetsnbextension~=3.6.5->ipywidgets>=7.0.0->qgridnext) (6.1.0)
2025-02-11T02:12:05.7703830Z Requirement already satisfied: defusedxml in /home/runner/micromamba/envs/tardis/lib/python3.12/site-packages (from nbconvert>=6.4.4->jupyter-server<3,>=2.4.0->notebook>=4.4.1->widgetsnbextension~=3.6.5->ipywidgets>=7.0.0->qgridnext) (0.7.1)
2025-02-11T02:12:05.7717583Z Requirement already satisfied: jupyterlab-pygments in /home/runner/micromamba/envs/tardis/lib/python3.12/site-packages (from nbconvert>=6.4.4->jupyter-server<3,>=2.4.0->notebook>=4.4.1->widgetsnbextension~=3.6.5->ipywidgets>=7.0.0->qgridnext) (0.3.0)
2025-02-11T02:12:05.7728849Z Requirement already satisfied: mistune<4,>=2.0.3 in /home/runner/micromamba/envs/tardis/lib/python3.12/site-packages (from nbconvert>=6.4.4->jupyter-server<3,>=2.4.0->notebook>=4.4.1->widgetsnbextension~=3.6.5->ipywidgets>=7.0.0->qgridnext) (3.0.2)
2025-02-11T02:12:05.7740959Z Requirement already satisfied: nbclient>=0.5.0 in /home/runner/micromamba/envs/tardis/lib/python3.12/site-packages (from nbconvert>=6.4.4->jupyter-server<3,>=2.4.0->notebook>=4.4.1->widgetsnbextension~=3.6.5->ipywidgets>=7.0.0->qgridnext) (0.10.0)
2025-02-11T02:12:05.7757169Z Requirement already satisfied: pandocfilters>=1.4.1 in /home/runner/micromamba/envs/tardis/lib/python3.12/site-packages (from nbconvert>=6.4.4->jupyter-server<3,>=2.4.0->notebook>=4.4.1->widgetsnbextension~=3.6.5->ipywidgets>=7.0.0->qgridnext) (1.5.0)
2025-02-11T02:12:05.7766523Z Requirement already satisfied: tinycss2 in /home/runner/micromamba/envs/tardis/lib/python3.12/site-packages (from nbconvert>=6.4.4->jupyter-server<3,>=2.4.0->notebook>=4.4.1->widgetsnbextension~=3.6.5->ipywidgets>=7.0.0->qgridnext) (1.3.0)
2025-02-11T02:12:05.7879617Z Requirement already satisfied: fastjsonschema>=2.15 in /home/runner/micromamba/envs/tardis/lib/python3.12/site-packages (from nbformat>=5.3.0->jupyter-server<3,>=2.4.0->notebook>=4.4.1->widgetsnbextension~=3.6.5->ipywidgets>=7.0.0->qgridnext) (2.20.0)
2025-02-11T02:12:05.8183133Z Requirement already satisfied: charset-normalizer<4,>=2 in /home/runner/micromamba/envs/tardis/lib/python3.12/site-packages (from requests>=2.31->jupyterlab-server<3,>=2.27.1->notebook>=4.4.1->widgetsnbextension~=3.6.5->ipywidgets>=7.0.0->qgridnext) (3.3.2)
2025-02-11T02:12:05.8196613Z Requirement already satisfied: urllib3<3,>=1.21.1 in /home/runner/micromamba/envs/tardis/lib/python3.12/site-packages (from requests>=2.31->jupyterlab-server<3,>=2.27.1->notebook>=4.4.1->widgetsnbextension~=3.6.5->ipywidgets>=7.0.0->qgridnext) (2.2.2)
2025-02-11T02:12:05.8962001Z Requirement already satisfied: webencodings in /home/runner/micromamba/envs/tardis/lib/python3.12/site-packages (from bleach!=5.0.0->nbconvert>=6.4.4->jupyter-server<3,>=2.4.0->notebook>=4.4.1->widgetsnbextension~=3.6.5->ipywidgets>=7.0.0->qgridnext) (0.5.1)
2025-02-11T02:12:05.9527005Z Requirement already satisfied: fqdn in /home/runner/micromamba/envs/tardis/lib/python3.12/site-packages (from jsonschema[format-nongpl]>=4.18.0->jupyter-events>=0.9.0->jupyter-server<3,>=2.4.0->notebook>=4.4.1->widgetsnbextension~=3.6.5->ipywidgets>=7.0.0->qgridnext) (1.5.1)
2025-02-11T02:12:05.9543594Z Requirement already satisfied: isoduration in /home/runner/micromamba/envs/tardis/lib/python3.12/site-packages (from jsonschema[format-nongpl]>=4.18.0->jupyter-events>=0.9.0->jupyter-server<3,>=2.4.0->notebook>=4.4.1->widgetsnbextension~=3.6.5->ipywidgets>=7.0.0->qgridnext) (20.11.0)
2025-02-11T02:12:05.9556504Z Requirement already satisfied: jsonpointer>1.13 in /home/runner/micromamba/envs/tardis/lib/python3.12/site-packages (from jsonschema[format-nongpl]>=4.18.0->jupyter-events>=0.9.0->jupyter-server<3,>=2.4.0->notebook>=4.4.1->widgetsnbextension~=3.6.5->ipywidgets>=7.0.0->qgridnext) (3.0.0)
2025-02-11T02:12:05.9572772Z Requirement already satisfied: uri-template in /home/runner/micromamba/envs/tardis/lib/python3.12/site-packages (from jsonschema[format-nongpl]>=4.18.0->jupyter-events>=0.9.0->jupyter-server<3,>=2.4.0->notebook>=4.4.1->widgetsnbextension~=3.6.5->ipywidgets>=7.0.0->qgridnext) (1.3.0)
2025-02-11T02:12:05.9586247Z Requirement already satisfied: webcolors>=1.11 in /home/runner/micromamba/envs/tardis/lib/python3.12/site-packages (from jsonschema[format-nongpl]>=4.18.0->jupyter-events>=0.9.0->jupyter-server<3,>=2.4.0->notebook>=4.4.1->widgetsnbextension~=3.6.5->ipywidgets>=7.0.0->qgridnext) (24.6.0)
2025-02-11T02:12:06.0604388Z Requirement already satisfied: cffi>=1.0.1 in /home/runner/micromamba/envs/tardis/lib/python3.12/site-packages (from argon2-cffi-bindings->argon2-cffi>=21.1->jupyter-server<3,>=2.4.0->notebook>=4.4.1->widgetsnbextension~=3.6.5->ipywidgets>=7.0.0->qgridnext) (1.16.0)
2025-02-11T02:12:06.0701446Z Requirement already satisfied: soupsieve>1.2 in /home/runner/micromamba/envs/tardis/lib/python3.12/site-packages (from beautifulsoup4->nbconvert>=6.4.4->jupyter-server<3,>=2.4.0->notebook>=4.4.1->widgetsnbextension~=3.6.5->ipywidgets>=7.0.0->qgridnext) (2.5)
2025-02-11T02:12:06.1231552Z Requirement already satisfied: pycparser in /home/runner/micromamba/envs/tardis/lib/python3.12/site-packages (from cffi>=1.0.1->argon2-cffi-bindings->argon2-cffi>=21.1->jupyter-server<3,>=2.4.0->notebook>=4.4.1->widgetsnbextension~=3.6.5->ipywidgets>=7.0.0->qgridnext) (2.22)
2025-02-11T02:12:06.1735763Z Requirement already satisfied: arrow>=0.15.0 in /home/runner/micromamba/envs/tardis/lib/python3.12/site-packages (from isoduration->jsonschema[format-nongpl]>=4.18.0->jupyter-events>=0.9.0->jupyter-server<3,>=2.4.0->notebook>=4.4.1->widgetsnbextension~=3.6.5->ipywidgets>=7.0.0->qgridnext) (1.3.0)
2025-02-11T02:12:06.2038443Z Requirement already satisfied: types-python-dateutil>=2.8.10 in /home/runner/micromamba/envs/tardis/lib/python3.12/site-packages (from arrow>=0.15.0->isoduration->jsonschema[format-nongpl]>=4.18.0->jupyter-events>=0.9.0->jupyter-server<3,>=2.4.0->notebook>=4.4.1->widgetsnbextension~=3.6.5->ipywidgets>=7.0.0->qgridnext) (2.9.0.20240316)
2025-02-11T02:12:06.2589422Z Downloading qgridnext-2.0.4-py3-none-any.whl (1.3 MB)
2025-02-11T02:12:06.3306958Z    â”â”â”â”â”â”â”â”â”â”â”â”â”â”â”â”â”â”â”â”â”â”â”â”â”â”â”â”â”â”â”â”â”â”â”â”â”â”â”â” 1.3/1.3 MB 18.2 MB/s eta 0:00:00
2025-02-11T02:12:07.1148458Z Installing collected packages: qgridnext
2025-02-11T02:12:07.1830685Z Successfully installed qgridnext-2.0.4
2025-02-11T02:12:07.3639429Z ##[group]Run pytest tardis --tardis-regression-data=/home/runner/work/tardis/tardis/tardis-regression-data --cov=tardis --cov-report=xml --cov-report=html --cov-append -m "not continuum"
2025-02-11T02:12:07.3640949Z [36;1mpytest tardis --tardis-regression-data=/home/runner/work/tardis/tardis/tardis-regression-data --cov=tardis --cov-report=xml --cov-report=html --cov-append -m "not continuum"[0m
2025-02-11T02:12:07.3669369Z shell: /usr/bin/bash -l {0}
2025-02-11T02:12:07.3669818Z env:
2025-02-11T02:12:07.3670011Z   CACHE_NUMBER: 0
2025-02-11T02:12:07.3670640Z   PYTEST_FLAGS: --tardis-regression-data=/home/runner/work/tardis/tardis/tardis-regression-data --cov=tardis --cov-report=xml --cov-report=html --cov-append
2025-02-11T02:12:07.3671307Z   CODECOV_TOKEN: 
2025-02-11T02:12:07.3671546Z   MAMBA_ROOT_PREFIX: /home/runner/micromamba
2025-02-11T02:12:07.3671867Z   MAMBA_EXE: /home/runner/micromamba-bin/micromamba
2025-02-11T02:12:07.3672267Z   CONDARC: /home/runner/work/_temp/setup-micromamba/.condarc
2025-02-11T02:12:07.3672596Z ##[endgroup]
2025-02-11T02:12:17.1368649Z ============================= test session starts ==============================
2025-02-11T02:12:17.1369356Z platform linux -- Python 3.12.4, pytest-8.2.2, pluggy-1.5.0
2025-02-11T02:12:17.1370167Z rootdir: /home/runner/work/tardis/tardis
2025-02-11T02:12:17.1371038Z configfile: pyproject.toml
2025-02-11T02:12:17.1371569Z plugins: anyio-4.4.0, doctestplus-1.2.1, html-4.1.1, metadata-3.1.1, cov-5.0.0
2025-02-11T02:12:17.1372184Z collected 1796 items / 2 deselected / 1794 selected
2025-02-11T02:12:17.1372498Z 
2025-02-11T02:12:22.2296053Z tardis/energy_input/tests/test_energy_source.py ..xxx                    [  0%]
2025-02-11T02:12:25.4362088Z tardis/energy_input/tests/test_gamma_ray_channel.py ...........          [  0%]
2025-02-11T02:12:27.0910214Z tardis/energy_input/tests/test_gamma_ray_grid.py xx.                     [  1%]
2025-02-11T02:12:28.9879818Z tardis/energy_input/tests/test_gamma_ray_interactions.py xx....          [  1%]
2025-02-11T02:12:28.9984822Z tardis/energy_input/tests/test_gamma_ray_packet_source.py sssssssss      [  1%]
2025-02-11T02:12:30.3876625Z tardis/energy_input/tests/test_util.py .....xxxx.....                    [  2%]
2025-02-11T02:12:30.8193654Z tardis/grid/tests/test_grid.py .                                         [  2%]
2025-02-11T02:12:30.8210497Z tardis/gui/tests/test_gui.py s                                           [  2%]
2025-02-11T02:12:34.3401710Z tardis/io/configuration/tests/test_config_reader.py ...........          [  3%]
2025-02-11T02:12:34.3533625Z tardis/io/configuration/tests/test_configuration_namespace.py .........  [  3%]
2025-02-11T02:12:34.3807912Z tardis/io/logger/tests/test_logging.py ssssssssssssssssssssssssssss      [  5%]
2025-02-11T02:13:14.3309896Z tardis/io/model/readers/tests/test_arepo_parser.py ..                    [  5%]
2025-02-11T02:13:14.3455641Z tardis/io/model/readers/tests/test_ascii_readers.py ...                  [  5%]
2025-02-11T02:13:14.3577142Z tardis/io/model/readers/tests/test_cmfgen_reader.py ..                   [  5%]
2025-02-11T02:13:14.3887949Z tardis/io/model/readers/tests/test_csvy_reader.py ....                   [  6%]
2025-02-11T02:13:14.4104537Z tardis/io/model/readers/tests/test_stella_reader.py ..                   [  6%]
2025-02-11T02:13:14.7204336Z tardis/io/tests/test_HDFWriter.py ...............                        [  7%]
2025-02-11T02:13:15.0491416Z tardis/io/tests/test_atomic.py .....                                     [  7%]
2025-02-11T02:13:15.0699033Z tardis/io/tests/test_decay.py ..                                         [  7%]
2025-02-11T02:13:15.2755519Z tardis/io/tests/test_model_reader.py ......                              [  7%]
2025-02-11T02:13:15.2826262Z tardis/model/geometry/tests/test_radial1d.py ..                          [  7%]
2025-02-11T02:14:15.1950474Z tardis/model/tests/test_base.py ........................................ [ 10%]
2025-02-11T02:14:16.2561396Z ............                                                             [ 10%]
2025-02-11T02:14:19.4981064Z tardis/model/tests/test_csvy_model.py .........                          [ 11%]
2025-02-11T02:14:19.5486715Z tardis/model/tests/test_density.py ..                                    [ 11%]
2025-02-11T02:14:20.8407177Z tardis/opacities/tests/test_opacity_solver.py .....                      [ 11%]
2025-02-11T02:14:22.1927727Z tardis/opacities/tests/test_opacity_state_numba.py .....                 [ 11%]
2025-02-11T02:14:23.8510230Z tardis/opacities/tests/test_tau_sobolev.py ..                            [ 12%]
2025-02-11T02:14:26.9676209Z tardis/plasma/equilibrium/tests/test_collisional_transitions.py ...      [ 12%]
2025-02-11T02:15:18.2017914Z tardis/plasma/equilibrium/tests/test_level_populations.py ....           [ 12%]
2025-02-11T02:15:31.1534197Z tardis/plasma/equilibrium/tests/test_rate_matrix.py .                    [ 12%]
2025-02-11T02:15:32.6237635Z tardis/plasma/tests/test_complete_plasmas.py .....................s..... [ 13%]
2025-02-11T02:15:35.6585127Z s....ssssss............s............ss.....s....ssssss............s..... [ 18%]
2025-02-11T02:15:37.7704309Z .......ss.....s....ssssss............s............ss.....s....ssssss.... [ 22%]
2025-02-11T02:15:40.8595645Z ........s............ss.....s........ss............s............ss.....s [ 26%]
2025-02-11T02:15:43.9704653Z ........ss............s............ss.....s....ssssss............s...... [ 30%]
2025-02-11T02:15:44.8100022Z ......ss.....s....ssssss............s............ss.....s.ss.ssssss..... [ 34%]
2025-02-11T02:15:47.9064469Z .......s............ss.....s....ssssss............s............ss.....s. [ 38%]
2025-02-11T02:15:51.3258750Z ...ssssss............s............ss.....s....ssssss............s....... [ 42%]
2025-02-11T02:15:54.5142173Z .....ss.....s....ssssss............s............s...........ssssss...... [ 46%]
2025-02-11T02:15:56.4003598Z ......s............s...........ssssss............s............s......... [ 50%]
2025-02-11T02:15:59.3141863Z ..ssssss............s............ss.....s....ssssss............s........ [ 54%]
2025-02-11T02:16:03.0445933Z ....ss.....s....ssssss..........................s.....s....ssss......... [ 58%]
2025-02-11T02:16:03.4169121Z ...................s.....s....ssss.......                                [ 60%]
2025-02-11T02:16:03.5385173Z tardis/plasma/tests/test_hdf_plasma.py ................................. [ 62%]
2025-02-11T02:16:03.5509067Z ......                                                                   [ 62%]
2025-02-11T02:16:03.6935233Z tardis/plasma/tests/test_nlte_excitation.py ...                          [ 62%]
2025-02-11T02:18:22.9939297Z tardis/plasma/tests/test_nlte_solver.py .....X                           [ 63%]
2025-02-11T02:18:22.9969068Z tardis/plasma/tests/test_plasma_continuum.py .                           [ 63%]
2025-02-11T02:18:47.2204099Z tardis/plasma/tests/test_plasma_vboundary.py .............               [ 63%]
2025-02-11T02:19:00.6282184Z tardis/plasma/tests/test_tardis_model_density_config.py ...              [ 64%]
2025-02-11T02:19:01.4043973Z tardis/simulation/tests/test_convergence.py .....                        [ 64%]
2025-02-11T02:19:10.2895556Z tardis/simulation/tests/test_simulation.py .............                 [ 65%]
2025-02-11T02:19:10.3094103Z tardis/spectrum/tests/test_cuda_formal_integral.py sssssssssssssssssssss [ 66%]
2025-02-11T02:19:10.8228235Z ssss...ssssssssssssssssssssss                                            [ 67%]
2025-02-11T02:19:10.8305885Z tardis/spectrum/tests/test_luminosity.py ....                            [ 68%]
2025-02-11T02:19:12.5141348Z tardis/spectrum/tests/test_numba_formal_integral.py .................... [ 69%]
2025-02-11T02:19:12.5339116Z ..........                                                               [ 69%]
2025-02-11T02:19:12.7206822Z tardis/spectrum/tests/test_spectrum.py ................................. [ 71%]
2025-02-11T02:19:12.7579657Z .........                                                                [ 72%]
2025-02-11T02:19:32.3742242Z tardis/spectrum/tests/test_spectrum_solver.py ....                       [ 72%]
2025-02-11T02:20:35.2968978Z tardis/tests/test_tardis_full.py ....                                    [ 72%]
2025-02-11T02:22:01.0854856Z tardis/tests/test_tardis_full_formal_integral.py ................        [ 73%]
2025-02-11T02:22:01.1675508Z tardis/tests/test_util.py .............................................  [ 75%]
2025-02-11T02:22:03.9533141Z tardis/transport/montecarlo/tests/test_base.py x.....................    [ 77%]
2025-02-11T02:22:11.9898940Z tardis/transport/montecarlo/tests/test_interaction.py .......            [ 77%]
2025-02-11T02:22:12.2385108Z tardis/transport/montecarlo/tests/test_macro_atom.py ....                [ 77%]
2025-02-11T02:22:12.2565535Z tardis/transport/montecarlo/tests/test_montecarlo.py sssssssssssssssssss [ 78%]
2025-02-11T02:22:12.2999658Z sssssssssssssssssssssssssssssssssssssssssssss                            [ 81%]
2025-02-11T02:22:21.5391299Z tardis/transport/montecarlo/tests/test_montecarlo_main_loop.py x..       [ 81%]
2025-02-11T02:22:21.5464419Z tardis/transport/montecarlo/tests/test_nonhomologous.py ...              [ 81%]
2025-02-11T02:22:27.6866532Z tardis/transport/montecarlo/tests/test_numba_interface.py .....x.        [ 82%]
2025-02-11T02:22:28.2223992Z tardis/transport/montecarlo/tests/test_opacities.py ...............      [ 82%]
2025-02-11T02:22:29.9800143Z tardis/transport/montecarlo/tests/test_packet.py .................xXXXXX [ 84%]
2025-02-11T02:22:30.1254871Z XX.........                                                              [ 84%]
2025-02-11T02:22:30.1553441Z tardis/transport/montecarlo/tests/test_packet_source.py ........         [ 85%]
2025-02-11T02:22:30.5020277Z tardis/transport/montecarlo/tests/test_rpacket_last_interaction_tracker.py . [ 85%]
2025-02-11T02:22:30.9430827Z .....                                                                    [ 85%]
2025-02-11T02:23:08.3090574Z tardis/transport/montecarlo/tests/test_rpacket_tracker.py ......         [ 85%]
2025-02-11T02:23:08.3397285Z tardis/transport/montecarlo/tests/test_single_packet_loop.py xxx         [ 86%]
2025-02-11T02:23:08.3429019Z tardis/transport/montecarlo/tests/test_tracker_utils.py ..               [ 86%]
2025-02-11T02:23:10.9320914Z tardis/transport/montecarlo/tests/test_vpacket.py ..x.                   [ 86%]
2025-02-11T02:23:10.9514890Z tardis/transport/montecarlo/tests/test_weighted_packet_source.py ....    [ 86%]
2025-02-11T02:23:14.4921147Z tardis/transport/montecarlo/tests/test_weighted_packet_source_integration.py . [ 86%]
2025-02-11T02:23:14.4923145Z                                                                          [ 86%]
2025-02-11T02:23:15.3215450Z tardis/transport/tests/test_doppler_factor.py ..................         [ 87%]
2025-02-11T02:23:16.7060851Z tardis/visualization/tools/tests/test_convergence_plot.py .............. [ 88%]
2025-02-11T02:23:19.0948067Z ......                                                                   [ 88%]
2025-02-11T02:23:23.9060445Z tardis/visualization/tools/tests/test_liv_plot.py ...................... [ 90%]
2025-02-11T02:23:27.1606725Z .............................                                            [ 91%]
2025-02-11T02:23:30.0486563Z tardis/visualization/tools/tests/test_rpacket_plot.py .................. [ 92%]
2025-02-11T02:23:37.1265523Z ....                                                                     [ 92%]
2025-02-11T02:23:43.2830376Z tardis/visualization/tools/tests/test_sdec_plot.py ..................... [ 94%]
2025-02-11T02:23:51.1336684Z ..............................                                           [ 95%]
2025-02-11T02:23:51.5809706Z tardis/visualization/widgets/tests/test_custom_abundance.py ........ss.. [ 96%]
2025-02-11T02:23:51.6550575Z ....                                                                     [ 96%]
2025-02-11T02:23:52.7804997Z tardis/visualization/widgets/tests/test_line_info.py ................... [ 97%]
2025-02-11T02:23:53.4431601Z ..................                                                       [ 98%]
2025-02-11T02:24:57.0556875Z tardis/visualization/widgets/tests/test_shell_info.py .................. [ 99%]
2025-02-11T02:25:06.0275139Z ......                                                                   [100%]
2025-02-11T02:25:06.0276872Z 
2025-02-11T02:25:06.0277400Z =============================== warnings summary ===============================
2025-02-11T02:25:06.0278295Z tardis/io/configuration/config_validator.py:6
2025-02-11T02:25:06.0279010Z tardis/io/configuration/config_validator.py:6
2025-02-11T02:25:06.0280453Z   /home/runner/work/tardis/tardis/tardis/io/configuration/config_validator.py:6: DeprecationWarning:
2025-02-11T02:25:06.0281587Z   
2025-02-11T02:25:06.0284338Z   jsonschema.RefResolver is deprecated as of v4.18.0, in favor of the https://github.com/python-jsonschema/referencing library, which provides more compliant referencing behavior as well as more flexible APIs for customization. A future release will remove RefResolver. Please file a feature request (on referencing) if you are missing an API for the kind of customization you need.
2025-02-11T02:25:06.0287054Z 
2025-02-11T02:25:06.0287379Z ../../../micromamba/envs/tardis/lib/python3.12/site-packages/jupyter_client/connect.py:22
2025-02-11T02:25:06.0288097Z   /home/runner/micromamba/envs/tardis/lib/python3.12/site-packages/jupyter_client/connect.py:22: DeprecationWarning:
2025-02-11T02:25:06.0288879Z   
2025-02-11T02:25:06.0289143Z   Jupyter is migrating its paths to use standard platformdirs
2025-02-11T02:25:06.0289773Z   given by the platformdirs library.  To remove this warning and
2025-02-11T02:25:06.0290189Z   see the appropriate new directories, set the environment variable
2025-02-11T02:25:06.0290598Z   `JUPYTER_PLATFORM_DIRS=1` and then run `jupyter --paths`.
2025-02-11T02:25:06.0291011Z   The use of platformdirs will be the default in `jupyter_core` v6
2025-02-11T02:25:06.0291258Z 
2025-02-11T02:25:06.0297059Z tardis/io/tests/test_HDFWriter.py::test_multi_index_write
2025-02-11T02:25:06.0297679Z tardis/visualization/widgets/tests/test_shell_info.py::TestHDFShellInfo::test_shells_data
2025-02-11T02:25:06.0298278Z   /home/runner/work/tardis/tardis/tardis/io/util.py:276: PerformanceWarning:
2025-02-11T02:25:06.0298663Z   
2025-02-11T02:25:06.0298837Z   
2025-02-11T02:25:06.0299152Z   your performance may suffer as PyTables will pickle object types that it cannot
2025-02-11T02:25:06.0299964Z   map directly to c-types [inferred_type->mixed,key->block0_values] [items->Index([0], dtype='int64')]
2025-02-11T02:25:06.0300310Z 
2025-02-11T02:25:06.0300521Z tardis/io/tests/test_model_reader.py::test_read_cmfgen_isotope_abundances
2025-02-11T02:25:06.0301032Z tardis/plasma/tests/test_tardis_model_density_config.py::test_electron_densities
2025-02-11T02:25:06.0301589Z tardis/plasma/tests/test_tardis_model_density_config.py::test_isotope_number_densities
2025-02-11T02:25:06.0302107Z tardis/plasma/tests/test_tardis_model_density_config.py::test_t_rad
2025-02-11T02:25:06.0302700Z   /home/runner/work/tardis/tardis/tardis/io/model/readers/cmfgen_deprecated.py:82: DeprecationWarning:
2025-02-11T02:25:06.0303183Z   
2025-02-11T02:25:06.0303403Z   The current CMFGEN model parser is deprecated
2025-02-11T02:25:06.0303611Z 
2025-02-11T02:25:06.0303733Z tardis/io/tests/test_model_reader.py: 1 warning
2025-02-11T02:25:06.0304112Z tardis/plasma/tests/test_tardis_model_density_config.py: 9 warnings
2025-02-11T02:25:06.0304699Z   /home/runner/work/tardis/tardis/tardis/io/model/readers/cmfgen_deprecated.py:40: DeprecationWarning:
2025-02-11T02:25:06.0305171Z   
2025-02-11T02:25:06.0305379Z   The current CMFGEN model parser is deprecated
2025-02-11T02:25:06.0305575Z 
2025-02-11T02:25:06.0305788Z tardis/model/tests/test_base.py::TestModelFromPaper1Config::test_abundances
2025-02-11T02:25:06.0306447Z   /home/runner/work/tardis/tardis/tardis/transport/montecarlo/montecarlo_main_loop.py:123: NumbaTypeSafetyWarning:
2025-02-11T02:25:06.0306978Z   
2025-02-11T02:25:06.0307759Z   [1m[1m[1munsafe cast from uint64 to int64. Precision may be lost.[0m[0m[0m
2025-02-11T02:25:06.0308044Z 
2025-02-11T02:25:06.0308158Z tardis/model/tests/test_base.py: 6 warnings
2025-02-11T02:25:06.0308464Z tardis/model/tests/test_csvy_model.py: 2 warnings
2025-02-11T02:25:06.0308851Z tardis/plasma/tests/test_tardis_model_density_config.py: 3 warnings
2025-02-11T02:25:06.0309391Z   /home/runner/work/tardis/tardis/tardis/model/geometry/radial1d.py:50: DeprecationWarning:
2025-02-11T02:25:06.0310037Z   
2025-02-11T02:25:06.0310246Z   v_inner_boundary < 0, assuming default value
2025-02-11T02:25:06.0310442Z 
2025-02-11T02:25:06.0310548Z tardis/model/tests/test_base.py: 6 warnings
2025-02-11T02:25:06.0310861Z tardis/model/tests/test_csvy_model.py: 2 warnings
2025-02-11T02:25:06.0311256Z tardis/plasma/tests/test_tardis_model_density_config.py: 3 warnings
2025-02-11T02:25:06.0311788Z   /home/runner/work/tardis/tardis/tardis/model/geometry/radial1d.py:61: DeprecationWarning:
2025-02-11T02:25:06.0312224Z   
2025-02-11T02:25:06.0312435Z   v_outer_boundary < 0, assuming default value
2025-02-11T02:25:06.0312622Z 
2025-02-11T02:25:06.0313133Z tardis/plasma/equilibrium/tests/test_level_populations.py::TestLevelPopulationSolver::test_solve[collisional_rate_solver0-radiative_transitions0]
2025-02-11T02:25:06.0313986Z   /home/runner/work/tardis/tardis/tardis/plasma/equilibrium/level_populations.py:65: FutureWarning:
2025-02-11T02:25:06.0314603Z   
2025-02-11T02:25:06.0314978Z   A value is trying to be set on a copy of a DataFrame or Series through chained assignment using an inplace method.
2025-02-11T02:25:06.0315791Z   The behavior will change in pandas 3.0. This inplace method will never work because the intermediate object on which we are setting values always behaves as a copy.
2025-02-11T02:25:06.0316385Z   
2025-02-11T02:25:06.0317000Z   For example, when doing 'df[col].method(value, inplace=True)', try using 'df.method({col: value}, inplace=True)' or df[col] = df[col].method(value) instead, to perform the operation inplace on the original object.
2025-02-11T02:25:06.0317611Z 
2025-02-11T02:25:06.0317765Z tardis/plasma/tests/test_complete_plasmas.py: 20 warnings
2025-02-11T02:25:06.0318286Z   /home/runner/work/tardis/tardis/tardis/plasma/tests/test_complete_plasmas.py:197: UserWarning:
2025-02-11T02:25:06.0318735Z   
2025-02-11T02:25:06.0318926Z   Property "atomic_mass" not found
2025-02-11T02:25:06.0319100Z 
2025-02-11T02:25:06.0319728Z tardis/plasma/tests/test_complete_plasmas.py::TestPlasma::test_plasma_properties[radiative_rates_type:detailed-w_epsilon:1e-10-j_blues_norm_factor]
2025-02-11T02:25:06.0320630Z tardis/plasma/tests/test_complete_plasmas.py::TestPlasma::test_plasma_properties[radiative_rates_type:detailed-j_blues_norm_factor]
2025-02-11T02:25:06.0321409Z   /home/runner/work/tardis/tardis/tardis/plasma/tests/test_complete_plasmas.py:197: UserWarning:
2025-02-11T02:25:06.0321856Z   
2025-02-11T02:25:06.0322057Z   Property "j_blues_norm_factor" not found
2025-02-11T02:25:06.0322250Z 
2025-02-11T02:25:06.0322677Z tardis/plasma/tests/test_complete_plasmas.py::TestPlasma::test_plasma_properties[radiative_rates_type:detailed-w_epsilon:1e-10-j_blue_estimator]
2025-02-11T02:25:06.0323548Z tardis/plasma/tests/test_complete_plasmas.py::TestPlasma::test_plasma_properties[radiative_rates_type:detailed-j_blue_estimator]
2025-02-11T02:25:06.0324283Z   /home/runner/work/tardis/tardis/tardis/plasma/tests/test_complete_plasmas.py:197: UserWarning:
2025-02-11T02:25:06.0324731Z   
2025-02-11T02:25:06.0324925Z   Property "j_blue_estimator" not found
2025-02-11T02:25:06.0325112Z 
2025-02-11T02:25:06.0325510Z tardis/plasma/tests/test_complete_plasmas.py::TestPlasma::test_plasma_properties[radiative_rates_type:detailed-w_epsilon:1e-10-volume]
2025-02-11T02:25:06.0326321Z tardis/plasma/tests/test_complete_plasmas.py::TestPlasma::test_plasma_properties[radiative_rates_type:detailed-volume]
2025-02-11T02:25:06.0327024Z   /home/runner/work/tardis/tardis/tardis/plasma/tests/test_complete_plasmas.py:197: UserWarning:
2025-02-11T02:25:06.0327461Z   
2025-02-11T02:25:06.0327785Z   Property "volume" not found
2025-02-11T02:25:06.0327949Z 
2025-02-11T02:25:06.0328349Z tardis/plasma/tests/test_complete_plasmas.py::TestPlasma::test_plasma_properties[radiative_rates_type:detailed-w_epsilon:1e-10-r_inner]
2025-02-11T02:25:06.0329161Z tardis/plasma/tests/test_complete_plasmas.py::TestPlasma::test_plasma_properties[radiative_rates_type:detailed-r_inner]
2025-02-11T02:25:06.0330107Z   /home/runner/work/tardis/tardis/tardis/plasma/tests/test_complete_plasmas.py:197: UserWarning:
2025-02-11T02:25:06.0330544Z   
2025-02-11T02:25:06.0330729Z   Property "r_inner" not found
2025-02-11T02:25:06.0330890Z 
2025-02-11T02:25:06.0331107Z tardis/plasma/tests/test_plasma_vboundary.py::test_plasma_vboundary[2900-3750]
2025-02-11T02:25:06.0331623Z tardis/plasma/tests/test_plasma_vboundary.py::test_plasma_vboundary[2900-3850]
2025-02-11T02:25:06.0332121Z tardis/plasma/tests/test_plasma_vboundary.py::test_plasma_vboundary[2900-3900]
2025-02-11T02:25:06.0332654Z   /home/runner/work/tardis/tardis/tardis/model/geometry/radial1d.py:71: UserWarning:
2025-02-11T02:25:06.0333055Z   
2025-02-11T02:25:06.0333345Z   Requesting inner boundary below inner shell. Extrapolating the inner cell
2025-02-11T02:25:06.0333624Z 
2025-02-11T02:25:06.0333844Z tardis/spectrum/tests/test_spectrum_solver.py::TestSpectrumSolver::test_solve
2025-02-11T02:25:06.0334341Z   /home/runner/work/tardis/tardis/tardis/spectrum/base.py:70: UserWarning:
2025-02-11T02:25:06.0334832Z   
2025-02-11T02:25:06.0335250Z   SpectrumSolver.spectrum_virtual_packets is zero. Please run the montecarlo simulation with no_of_virtual_packets > 0
2025-02-11T02:25:06.0335662Z 
2025-02-11T02:25:06.0335877Z tardis/spectrum/tests/test_spectrum_solver.py::TestSpectrumSolver::test_solve
2025-02-11T02:25:06.0336369Z   /home/runner/work/tardis/tardis/tardis/spectrum/base.py:111: UserWarning:
2025-02-11T02:25:06.0336727Z   
2025-02-11T02:25:06.0337170Z   SpectrumSolver.integrator: The FormalIntegrator is not yet available.Please run the montecarlo simulation at least once.
2025-02-11T02:25:06.0337610Z 
2025-02-11T02:25:06.0337835Z tardis/transport/montecarlo/tests/test_vpacket.py::test_trace_vpacket_volley
2025-02-11T02:25:06.0338255Z   <string>:3: NumbaPendingDeprecationWarning:
2025-02-11T02:25:06.0338526Z   
2025-02-11T02:25:06.0339919Z   [1m[1mCode using Numba extension API maybe depending on 'old_style' error-capturing, which is deprecated and will be replaced by 'new_style' in a future release. See details at https://numba.readthedocs.io/en/latest/reference/deprecation.html#deprecation-of-old-style-numba-captured-errors
2025-02-11T02:25:06.0340969Z   Exception origin:
2025-02-11T02:25:06.0341359Z     File "/home/runner/micromamba/envs/tardis/lib/python3.12/inspect.py", line 3180, in _bind
2025-02-11T02:25:06.0341796Z       raise TypeError(msg) from None
2025-02-11T02:25:06.0342067Z   [0m[0m
2025-02-11T02:25:06.0342175Z 
2025-02-11T02:25:06.0342517Z tardis/visualization/tools/tests/test_sdec_plot.py::TestSDECPlotter::test_mpl_image[plotter_generate_plot_mpl4]
2025-02-11T02:25:06.0343222Z   /home/runner/work/tardis/tardis/tardis/visualization/tools/sdec_plot.py:1225: RuntimeWarning:
2025-02-11T02:25:06.0343665Z   
2025-02-11T02:25:06.0344610Z   More than 20 figures have been opened. Figures created through the pyplot interface (`matplotlib.pyplot.figure`) are retained until explicitly closed and may consume too much memory. (To control this warning, see the rcParam `figure.max_open_warning`). Consider using `matplotlib.pyplot.close()`.
2025-02-11T02:25:06.0345540Z 
2025-02-11T02:25:06.0345927Z tardis/visualization/widgets/tests/test_custom_abundance.py::TestCustomAbundanceWidget::test_update_input_item_value
2025-02-11T02:25:06.0346712Z tardis/visualization/widgets/tests/test_custom_abundance.py::TestCustomAbundanceWidget::test_update_input_item_value
2025-02-11T02:25:06.0347497Z tardis/visualization/widgets/tests/test_custom_abundance.py::TestCustomAbundanceWidget::test_update_input_item_value
2025-02-11T02:25:06.0348408Z tardis/visualization/widgets/tests/test_custom_abundance.py::TestCustomAbundanceWidget::test_update_input_item_value
2025-02-11T02:25:06.0349186Z tardis/visualization/widgets/tests/test_custom_abundance.py::TestCustomAbundanceWidget::test_update_input_item_value
2025-02-11T02:25:06.0350177Z tardis/visualization/widgets/tests/test_custom_abundance.py::TestCustomAbundanceWidget::test_update_input_item_value
2025-02-11T02:25:06.0350972Z   /home/runner/micromamba/envs/tardis/lib/python3.12/site-packages/traitlets/traitlets.py:1385: DeprecationWarning:
2025-02-11T02:25:06.0351477Z   
2025-02-11T02:25:06.0351768Z   Passing unrecognized arguments to super(Checkbox).__init__(icon='lock').
2025-02-11T02:25:06.0352227Z   object.__init__() takes exactly one argument (the instance to initialize)
2025-02-11T02:25:06.0352730Z   This is deprecated in traitlets 4.2.This error will be raised in a future release of traitlets.
2025-02-11T02:25:06.0353057Z 
2025-02-11T02:25:06.0353419Z tardis/visualization/widgets/tests/test_custom_abundance.py::TestCustomAbundanceWidget::test_update_input_item_value
2025-02-11T02:25:06.0354202Z tardis/visualization/widgets/tests/test_custom_abundance.py::TestCustomAbundanceWidget::test_update_input_item_value
2025-02-11T02:25:06.0354985Z   /home/runner/micromamba/envs/tardis/lib/python3.12/site-packages/traitlets/traitlets.py:1385: DeprecationWarning:
2025-02-11T02:25:06.0355493Z   
2025-02-11T02:25:06.0355930Z   Passing unrecognized arguments to super(FloatText).__init__(min=0).
2025-02-11T02:25:06.0356368Z   object.__init__() takes exactly one argument (the instance to initialize)
2025-02-11T02:25:06.0356873Z   This is deprecated in traitlets 4.2.This error will be raised in a future release of traitlets.
2025-02-11T02:25:06.0357204Z 
2025-02-11T02:25:06.0357565Z tardis/visualization/widgets/tests/test_custom_abundance.py::TestCustomAbundanceWidget::test_update_input_item_value
2025-02-11T02:25:06.0358353Z   /home/runner/micromamba/envs/tardis/lib/python3.12/site-packages/traitlets/traitlets.py:1385: DeprecationWarning:
2025-02-11T02:25:06.0358864Z   
2025-02-11T02:25:06.0359146Z   Passing unrecognized arguments to super(HTML).__init__(indent=True).
2025-02-11T02:25:06.0359770Z   object.__init__() takes exactly one argument (the instance to initialize)
2025-02-11T02:25:06.0360278Z   This is deprecated in traitlets 4.2.This error will be raised in a future release of traitlets.
2025-02-11T02:25:06.0360617Z 
2025-02-11T02:25:06.0361044Z tardis/visualization/widgets/tests/test_line_info.py::TestLineInfoWidgetData::test_get_species_interactions[wavelength_range0-packet_out_nu]
2025-02-11T02:25:06.0361881Z   /home/runner/micromamba/envs/tardis/lib/python3.12/site-packages/qgridnext/grid.py:820: DeprecationWarning:
2025-02-11T02:25:06.0362365Z   
2025-02-11T02:25:06.0362732Z   QgridWidget._precision_changed is deprecated in traitlets 4.1: use @observe and @unobserve instead.
2025-02-11T02:25:06.0363094Z 
2025-02-11T02:25:06.0363357Z tardis/visualization/widgets/tests/test_shell_info.py::TestHDFShellInfo::test_shells_data
2025-02-11T02:25:06.0363922Z   /home/runner/work/tardis/tardis/tardis/io/util.py:289: PerformanceWarning:
2025-02-11T02:25:06.0364287Z   
2025-02-11T02:25:06.0364452Z   
2025-02-11T02:25:06.0364754Z   your performance may suffer as PyTables will pickle object types that it cannot
2025-02-11T02:25:06.0365306Z   map directly to c-types [inferred_type->mixed,key->block0_values] [items->Index([0], dtype='int64')]
2025-02-11T02:25:06.0365652Z 
2025-02-11T02:25:06.0365918Z tardis/visualization/widgets/tests/test_shell_info.py::TestHDFShellInfo::test_shells_data
2025-02-11T02:25:06.0366466Z   /home/runner/work/tardis/tardis/tardis/io/util.py:292: PerformanceWarning:
2025-02-11T02:25:06.0366830Z   
2025-02-11T02:25:06.0366993Z   
2025-02-11T02:25:06.0367294Z   your performance may suffer as PyTables will pickle object types that it cannot
2025-02-11T02:25:06.0367763Z   map directly to c-types [inferred_type->mixed,key->values] [items->None]
2025-02-11T02:25:06.0368032Z 
2025-02-11T02:25:06.0368451Z tardis/visualization/widgets/tests/test_shell_info.py::TestHDFShellInfo::test_shells_data
2025-02-11T02:25:06.0369043Z   /home/runner/work/tardis/tardis/tardis/spectrum/formal_integral.py:398: UserWarning:
2025-02-11T02:25:06.0369589Z   
2025-02-11T02:25:06.0369938Z   The number of interpolate_shells was not specified. The value was set to 80.
2025-02-11T02:25:06.0370215Z 
2025-02-11T02:25:06.0370420Z -- Docs: https://docs.pytest.org/en/stable/how-to/capture-warnings.html
2025-02-11T02:25:06.0370703Z 
2025-02-11T02:25:06.0370882Z ---------- coverage: platform linux, python 3.12.4-final-0 -----------
2025-02-11T02:25:06.0371274Z Coverage HTML written to dir coverage_html_report
2025-02-11T02:25:06.0371581Z Coverage XML written to file coverage.xml
2025-02-11T02:25:06.0371764Z 
2025-02-11T02:25:06.0372008Z = 1438 passed, 329 skipped, 2 deselected, 19 xfailed, 8 xpassed, 91 warnings in 770.58s (0:12:50) =
2025-02-11T02:25:08.5714071Z ##[group]Run mv .coverage .coverage.2
2025-02-11T02:25:08.5714458Z [36;1mmv .coverage .coverage.2[0m
2025-02-11T02:25:08.5742656Z shell: /usr/bin/bash -l {0}
2025-02-11T02:25:08.5742932Z env:
2025-02-11T02:25:08.5743145Z   CACHE_NUMBER: 0
2025-02-11T02:25:08.5743798Z   PYTEST_FLAGS: --tardis-regression-data=/home/runner/work/tardis/tardis/tardis-regression-data --cov=tardis --cov-report=xml --cov-report=html --cov-append
2025-02-11T02:25:08.5744488Z   CODECOV_TOKEN: 
2025-02-11T02:25:08.5744938Z   MAMBA_ROOT_PREFIX: /home/runner/micromamba
2025-02-11T02:25:08.5745292Z   MAMBA_EXE: /home/runner/micromamba-bin/micromamba
2025-02-11T02:25:08.5745684Z   CONDARC: /home/runner/work/_temp/setup-micromamba/.condarc
2025-02-11T02:25:08.5746025Z ##[endgroup]
2025-02-11T02:25:08.6908086Z ##[group]Run actions/upload-artifact@v4
2025-02-11T02:25:08.6908386Z with:
2025-02-11T02:25:08.6908630Z   name: coverage-not-continuum-ubuntu-latest
2025-02-11T02:25:08.6908930Z   include-hidden-files: true
2025-02-11T02:25:08.6909183Z   path: .coverage*
!.coveragerc

2025-02-11T02:25:08.6909648Z   if-no-files-found: warn
2025-02-11T02:25:08.6909914Z   compression-level: 6
2025-02-11T02:25:08.6910132Z   overwrite: false
2025-02-11T02:25:08.6910339Z env:
2025-02-11T02:25:08.6910522Z   CACHE_NUMBER: 0
2025-02-11T02:25:08.6911138Z   PYTEST_FLAGS: --tardis-regression-data=/home/runner/work/tardis/tardis/tardis-regression-data --cov=tardis --cov-report=xml --cov-report=html --cov-append
2025-02-11T02:25:08.6911783Z   CODECOV_TOKEN: 
2025-02-11T02:25:08.6912031Z   MAMBA_ROOT_PREFIX: /home/runner/micromamba
2025-02-11T02:25:08.6912358Z   MAMBA_EXE: /home/runner/micromamba-bin/micromamba
2025-02-11T02:25:08.6912719Z   CONDARC: /home/runner/work/_temp/setup-micromamba/.condarc
2025-02-11T02:25:08.6913062Z ##[endgroup]
2025-02-11T02:25:08.9204599Z With the provided path, there will be 1 file uploaded
2025-02-11T02:25:08.9210671Z Artifact name is valid!
2025-02-11T02:25:08.9211996Z Root directory input is valid!
2025-02-11T02:25:09.0548527Z Beginning upload of artifact content to blob storage
2025-02-11T02:25:09.2070578Z Uploaded bytes 19961
2025-02-11T02:25:09.2422538Z Finished uploading artifact content to blob storage!
2025-02-11T02:25:09.2425657Z SHA256 hash of uploaded artifact zip is 1692f1ce5571d0d0b693d62b76b94569cde8a006d34207912c98d8a4fb54d263
2025-02-11T02:25:09.2427413Z Finalizing artifact upload
2025-02-11T02:25:09.3703282Z Artifact coverage-not-continuum-ubuntu-latest.zip successfully finalized. Artifact ID 2568821416
2025-02-11T02:25:09.3704813Z Artifact coverage-not-continuum-ubuntu-latest has been successfully uploaded! Final size is 19961 bytes. Artifact ID is 2568821416
2025-02-11T02:25:09.3713266Z Artifact download URL: https://github.com/tardis-sn/tardis/actions/runs/13254445574/artifacts/2568821416
2025-02-11T02:25:09.3837284Z Post job cleanup.
2025-02-11T02:25:09.3883853Z Post job cleanup.
2025-02-11T02:25:09.5260168Z Will use pre-installed micromamba at /home/runner/micromamba-bin/micromamba
2025-02-11T02:25:09.5267306Z Removing micromamba run shell ...
2025-02-11T02:25:09.5271484Z ##[group]Deinitialize micromamba for bash
2025-02-11T02:25:09.5291855Z [command]/home/runner/micromamba-bin/micromamba shell deinit -s bash -r /home/runner/micromamba --log-level warning --rc-file /home/runner/work/_temp/setup-micromamba/.condarc
2025-02-11T02:25:09.5393025Z Resetting RC file "/home/runner/.bashrc"
2025-02-11T02:25:09.5393569Z Deleting config for root prefix 
2025-02-11T02:25:09.5394048Z Clearing mamba executable environment variable
2025-02-11T02:25:09.5395949Z Removing the following in your "/home/runner/.bashrc" file
2025-02-11T02:25:09.5396510Z # >>> mamba initialize >>>
2025-02-11T02:25:09.5396866Z ...
2025-02-11T02:25:09.5397174Z # <<< mamba initialize <<<
2025-02-11T02:25:09.5426538Z Removing mamba initialize block from .bash_profile
2025-02-11T02:25:09.5443335Z ##[endgroup]
2025-02-11T02:25:09.5447540Z Removing environment tardis from auto-activate bash ...
2025-02-11T02:25:09.5574620Z Post job cleanup.
2025-02-11T02:25:09.5612844Z Post job cleanup.
2025-02-11T02:25:09.6626932Z [command]/usr/bin/git version
2025-02-11T02:25:09.6663948Z git version 2.48.1
2025-02-11T02:25:09.6708172Z Temporarily overriding HOME='/home/runner/work/_temp/beb548ae-feec-454d-8480-bee1718ffb5a' before making global git config changes
2025-02-11T02:25:09.6709680Z Adding repository directory to the temporary git global config as a safe directory
2025-02-11T02:25:09.6722520Z [command]/usr/bin/git config --global --add safe.directory /home/runner/work/tardis/tardis/tardis-regression-data
2025-02-11T02:25:09.6763650Z [command]/usr/bin/git config --local --name-only --get-regexp core\.sshCommand
2025-02-11T02:25:09.6797945Z [command]/usr/bin/git submodule foreach --recursive sh -c "git config --local --name-only --get-regexp 'core\.sshCommand' && git config --local --unset-all 'core.sshCommand' || :"
2025-02-11T02:25:09.7032030Z [command]/usr/bin/git config --local --name-only --get-regexp http\.https\:\/\/github\.com\/\.extraheader
2025-02-11T02:25:09.7053826Z http.https://github.com/.extraheader
2025-02-11T02:25:09.7066437Z [command]/usr/bin/git config --local --unset-all http.https://github.com/.extraheader
2025-02-11T02:25:09.7098721Z [command]/usr/bin/git submodule foreach --recursive sh -c "git config --local --name-only --get-regexp 'http\.https\:\/\/github\.com\/\.extraheader' && git config --local --unset-all 'http.https://github.com/.extraheader' || :"
2025-02-11T02:25:09.7451555Z Post job cleanup.
2025-02-11T02:25:09.8451222Z [command]/usr/bin/git version
2025-02-11T02:25:09.8490361Z git version 2.48.1
2025-02-11T02:25:09.8542482Z Temporarily overriding HOME='/home/runner/work/_temp/37fe9da5-edc0-446a-a2cc-2b94cfe43693' before making global git config changes
2025-02-11T02:25:09.8543811Z Adding repository directory to the temporary git global config as a safe directory
2025-02-11T02:25:09.8548843Z [command]/usr/bin/git config --global --add safe.directory /home/runner/work/tardis/tardis
2025-02-11T02:25:09.8585817Z [command]/usr/bin/git config --local --name-only --get-regexp core\.sshCommand
2025-02-11T02:25:09.8619201Z [command]/usr/bin/git submodule foreach --recursive sh -c "git config --local --name-only --get-regexp 'core\.sshCommand' && git config --local --unset-all 'core.sshCommand' || :"
2025-02-11T02:25:09.8859902Z [command]/usr/bin/git config --local --name-only --get-regexp http\.https\:\/\/github\.com\/\.extraheader
2025-02-11T02:25:09.8882956Z http.https://github.com/.extraheader
2025-02-11T02:25:09.8896105Z [command]/usr/bin/git config --local --unset-all http.https://github.com/.extraheader
2025-02-11T02:25:09.8928075Z [command]/usr/bin/git submodule foreach --recursive sh -c "git config --local --name-only --get-regexp 'http\.https\:\/\/github\.com\/\.extraheader' && git config --local --unset-all 'http.https://github.com/.extraheader' || :"
2025-02-11T02:25:09.9264151Z Cleaning up orphan processes
