2025-01-20T13:51:05.9548610Z Prepare all required actions
2025-01-20T13:51:05.9549630Z Getting action download info
2025-01-20T13:51:06.1330890Z Download action repository 'actions/cache@v4' (SHA:1bd1e32a3bdc45362d1e726936510720a7c30a57)
2025-01-20T13:51:06.3691500Z ##[group]Run ./.github/actions/setup_lfs
2025-01-20T13:51:06.3692230Z with:
2025-01-20T13:51:06.3692840Z   regression-data-repo: tardis-sn/tardis-regression-data
2025-01-20T13:51:06.3693620Z env:
2025-01-20T13:51:06.3694090Z   CACHE_NUMBER: 0
2025-01-20T13:51:06.3695650Z   PYTEST_FLAGS: --tardis-regression-data=/Users/runner/work/tardis/tardis/tardis-regression-data --cov=tardis --cov-report=xml --cov-report=html --cov-append
2025-01-20T13:51:06.3697340Z   CODECOV_TOKEN: 
2025-01-20T13:51:06.3697850Z ##[endgroup]
2025-01-20T13:51:06.3911900Z ##[group]Run actions/checkout@v4
2025-01-20T13:51:06.3912520Z with:
2025-01-20T13:51:06.3913060Z   repository: atharva-2001/tardis-regression-data
2025-01-20T13:51:06.3913800Z   path: tardis-regression-data
2025-01-20T13:51:06.3914360Z   ref: numpy_v2_2
2025-01-20T13:51:06.3915240Z   token: ***
2025-01-20T13:51:06.3915740Z   ssh-strict: true
2025-01-20T13:51:06.3916230Z   ssh-user: git
2025-01-20T13:51:06.3916770Z   persist-credentials: true
2025-01-20T13:51:06.3917330Z   clean: true
2025-01-20T13:51:06.3917840Z   sparse-checkout-cone-mode: true
2025-01-20T13:51:06.3918460Z   fetch-depth: 1
2025-01-20T13:51:06.3919110Z   fetch-tags: false
2025-01-20T13:51:06.3919630Z   show-progress: true
2025-01-20T13:51:06.3920150Z   lfs: false
2025-01-20T13:51:06.3920620Z   submodules: false
2025-01-20T13:51:06.3921140Z   set-safe-directory: true
2025-01-20T13:51:06.3921870Z env:
2025-01-20T13:51:06.3923130Z   CACHE_NUMBER: 0
2025-01-20T13:51:06.3924600Z   PYTEST_FLAGS: --tardis-regression-data=/Users/runner/work/tardis/tardis/tardis-regression-data --cov=tardis --cov-report=xml --cov-report=html --cov-append
2025-01-20T13:51:06.3926220Z   CODECOV_TOKEN: 
2025-01-20T13:51:06.3926730Z ##[endgroup]
2025-01-20T13:51:06.6188890Z Syncing repository: atharva-2001/tardis-regression-data
2025-01-20T13:51:06.6190390Z ##[group]Getting Git version info
2025-01-20T13:51:06.6191450Z Working directory is '/Users/runner/work/tardis/tardis/tardis-regression-data'
2025-01-20T13:51:06.6193000Z [command]/opt/homebrew/bin/git version
2025-01-20T13:51:06.6193870Z git version 2.48.0
2025-01-20T13:51:06.6196130Z ##[endgroup]
2025-01-20T13:51:06.6198730Z Copying '/Users/runner/.gitconfig' to '/Users/runner/work/_temp/8715d645-fb3c-4017-a0b3-b664635d4214/.gitconfig'
2025-01-20T13:51:06.6200830Z Temporarily overriding HOME='/Users/runner/work/_temp/8715d645-fb3c-4017-a0b3-b664635d4214' before making global git config changes
2025-01-20T13:51:06.6202630Z Adding repository directory to the temporary git global config as a safe directory
2025-01-20T13:51:06.6204820Z [command]/opt/homebrew/bin/git config --global --add safe.directory /Users/runner/work/tardis/tardis/tardis-regression-data
2025-01-20T13:51:06.6207360Z ##[group]Initializing the repository
2025-01-20T13:51:06.6208390Z [command]/opt/homebrew/bin/git init /Users/runner/work/tardis/tardis/tardis-regression-data
2025-01-20T13:51:06.6209730Z hint: Using 'master' as the name for the initial branch. This default branch name
2025-01-20T13:51:06.6210930Z hint: is subject to change. To configure the initial branch name to use in all
2025-01-20T13:51:06.6212070Z hint: of your new repositories, which will suppress this warning, call:
2025-01-20T13:51:06.6212940Z hint:
2025-01-20T13:51:06.6213520Z hint: 	git config --global init.defaultBranch <name>
2025-01-20T13:51:06.6214220Z hint:
2025-01-20T13:51:06.6214900Z hint: Names commonly chosen instead of 'master' are 'main', 'trunk' and
2025-01-20T13:51:06.6216020Z hint: 'development'. The just-created branch can be renamed via this command:
2025-01-20T13:51:06.6216900Z hint:
2025-01-20T13:51:06.6217420Z hint: 	git branch -m <name>
2025-01-20T13:51:06.6218460Z Initialized empty Git repository in /Users/runner/work/tardis/tardis/tardis-regression-data/.git/
2025-01-20T13:51:06.6220770Z [command]/opt/homebrew/bin/git remote add origin https://github.com/atharva-2001/tardis-regression-data
2025-01-20T13:51:06.6223740Z ##[endgroup]
2025-01-20T13:51:06.6224940Z ##[group]Disabling automatic garbage collection
2025-01-20T13:51:06.6225790Z [command]/opt/homebrew/bin/git config --local gc.auto 0
2025-01-20T13:51:06.6227460Z ##[endgroup]
2025-01-20T13:51:06.6228270Z ##[group]Setting up auth
2025-01-20T13:51:06.6229180Z [command]/opt/homebrew/bin/git config --local --name-only --get-regexp core\.sshCommand
2025-01-20T13:51:06.6231910Z [command]/opt/homebrew/bin/git submodule foreach --recursive sh -c "git config --local --name-only --get-regexp 'core\.sshCommand' && git config --local --unset-all 'core.sshCommand' || :"
2025-01-20T13:51:06.6682300Z [command]/opt/homebrew/bin/git config --local --name-only --get-regexp http\.https\:\/\/github\.com\/\.extraheader
2025-01-20T13:51:06.6731630Z [command]/opt/homebrew/bin/git submodule foreach --recursive sh -c "git config --local --name-only --get-regexp 'http\.https\:\/\/github\.com\/\.extraheader' && git config --local --unset-all 'http.https://github.com/.extraheader' || :"
2025-01-20T13:51:06.7821200Z [command]/opt/homebrew/bin/git config --local http.https://github.com/.extraheader AUTHORIZATION: basic ***
2025-01-20T13:51:06.7950940Z ##[endgroup]
2025-01-20T13:51:06.7953320Z ##[group]Fetching the repository
2025-01-20T13:51:06.7958630Z [command]/opt/homebrew/bin/git -c protocol.version=2 fetch --no-tags --prune --no-recurse-submodules --depth=1 origin +refs/heads/numpy_v2_2*:refs/remotes/origin/numpy_v2_2* +refs/tags/numpy_v2_2*:refs/tags/numpy_v2_2*
2025-01-20T13:51:08.1635790Z From https://github.com/atharva-2001/tardis-regression-data
2025-01-20T13:51:08.1774520Z  * [new branch]      numpy_v2_2 -> origin/numpy_v2_2
2025-01-20T13:51:08.2158290Z ##[endgroup]
2025-01-20T13:51:08.2259690Z ##[group]Determining the checkout info
2025-01-20T13:51:08.2361240Z [command]/opt/homebrew/bin/git branch --list --remote origin/numpy_v2_2
2025-01-20T13:51:08.2468400Z   origin/numpy_v2_2
2025-01-20T13:51:08.2818300Z ##[endgroup]
2025-01-20T13:51:08.2919290Z [command]/opt/homebrew/bin/git sparse-checkout disable
2025-01-20T13:51:08.3237750Z [command]/opt/homebrew/bin/git config --local --unset-all extensions.worktreeConfig
2025-01-20T13:51:08.3566980Z ##[group]Checking out the ref
2025-01-20T13:51:08.3669370Z [command]/opt/homebrew/bin/git checkout --progress --force -B numpy_v2_2 refs/remotes/origin/numpy_v2_2
2025-01-20T13:51:08.6498860Z Switched to a new branch 'numpy_v2_2'
2025-01-20T13:51:08.6601150Z branch 'numpy_v2_2' set up to track 'origin/numpy_v2_2'.
2025-01-20T13:51:08.8022520Z ##[endgroup]
2025-01-20T13:51:08.8108590Z [command]/opt/homebrew/bin/git log -1 --format=%H
2025-01-20T13:51:08.8109020Z 1b733c351f2eb90190b8c0228dc6b4d32242ad4e
2025-01-20T13:51:08.8252970Z ##[group]Run git lfs ls-files -l | cut -d' ' -f1 | sort > .lfs-assets-id
2025-01-20T13:51:08.8253420Z [36;1mgit lfs ls-files -l | cut -d' ' -f1 | sort > .lfs-assets-id[0m
2025-01-20T13:51:08.8379830Z shell: /bin/bash --noprofile --norc -e -o pipefail {0}
2025-01-20T13:51:08.8380140Z env:
2025-01-20T13:51:08.8380270Z   CACHE_NUMBER: 0
2025-01-20T13:51:08.8380770Z   PYTEST_FLAGS: --tardis-regression-data=/Users/runner/work/tardis/tardis/tardis-regression-data --cov=tardis --cov-report=xml --cov-report=html --cov-append
2025-01-20T13:51:08.8381310Z   CODECOV_TOKEN: 
2025-01-20T13:51:08.8381440Z ##[endgroup]
2025-01-20T13:51:09.2233150Z ##[group]Run actions/cache/restore@v4
2025-01-20T13:51:09.2233520Z with:
2025-01-20T13:51:09.2233680Z   path: tardis-regression-data/.git/lfs
2025-01-20T13:51:09.2234020Z   key: macOS-lfs-da2b5f2a10e913c6b13843a5855aea2bb20264b467d915063c23fa8ba1af31fb-v1
2025-01-20T13:51:09.2234350Z   enableCrossOsArchive: false
2025-01-20T13:51:09.2234540Z   fail-on-cache-miss: false
2025-01-20T13:51:09.2234700Z   lookup-only: false
2025-01-20T13:51:09.2234840Z env:
2025-01-20T13:51:09.2234960Z   CACHE_NUMBER: 0
2025-01-20T13:51:09.2235450Z   PYTEST_FLAGS: --tardis-regression-data=/Users/runner/work/tardis/tardis/tardis-regression-data --cov=tardis --cov-report=xml --cov-report=html --cov-append
2025-01-20T13:51:09.2236320Z   CODECOV_TOKEN: 
2025-01-20T13:51:09.2236740Z ##[endgroup]
2025-01-20T13:51:09.5871820Z Cache not found for input keys: macOS-lfs-da2b5f2a10e913c6b13843a5855aea2bb20264b467d915063c23fa8ba1af31fb-v1
2025-01-20T13:51:09.5985930Z ##[group]Run git lfs pull
2025-01-20T13:51:09.5987170Z [36;1mgit lfs pull[0m
2025-01-20T13:51:09.6047550Z shell: /bin/bash --noprofile --norc -e -o pipefail {0}
2025-01-20T13:51:09.6047930Z env:
2025-01-20T13:51:09.6048080Z   CACHE_NUMBER: 0
2025-01-20T13:51:09.6049450Z   PYTEST_FLAGS: --tardis-regression-data=/Users/runner/work/tardis/tardis/tardis-regression-data --cov=tardis --cov-report=xml --cov-report=html --cov-append
2025-01-20T13:51:09.6050010Z   CODECOV_TOKEN: 
2025-01-20T13:51:09.6050160Z ##[endgroup]
