2025-01-27T10:59:18.9106307Z ##[debug]Evaluating condition for step: 'Setup LFS'
2025-01-27T10:59:18.9110575Z ##[debug]Evaluating: success()
2025-01-27T10:59:18.9112177Z ##[debug]Evaluating success:
2025-01-27T10:59:18.9113852Z ##[debug]=> true
2025-01-27T10:59:18.9115265Z ##[debug]Result: true
2025-01-27T10:59:18.9117062Z ##[debug]Starting: Setup LFS
2025-01-27T10:59:18.9310781Z Prepare all required actions
2025-01-27T10:59:18.9312064Z Getting action download info
2025-01-27T10:59:19.0639570Z ##[debug]Action 'actions/checkout@v4' already downloaded at '/home/runner/work/_actions/actions/checkout/v4'.
2025-01-27T10:59:19.0646771Z Download action repository 'actions/cache@v4' (SHA:1bd1e32a3bdc45362d1e726936510720a7c30a57)
2025-01-27T10:59:19.0710367Z ##[debug]Copied action archive '/opt/actionarchivecache/actions_cache/1bd1e32a3bdc45362d1e726936510720a7c30a57.tar.gz' to '/home/runner/work/_actions/_temp_7021357e-2a4c-41a5-92c0-a9da97c473a2/5b95c68c-df3d-47e0-be1d-5d06dfdeafc8.tar.gz'
2025-01-27T10:59:19.1428773Z ##[debug]Unwrap 'actions-cache-1bd1e32' to '/home/runner/work/_actions/actions/cache/v4'
2025-01-27T10:59:19.1676194Z ##[debug]Archive '/home/runner/work/_actions/_temp_7021357e-2a4c-41a5-92c0-a9da97c473a2/5b95c68c-df3d-47e0-be1d-5d06dfdeafc8.tar.gz' has been unzipped into '/home/runner/work/_actions/actions/cache/v4'.
2025-01-27T10:59:19.1726571Z ##[debug]action.yml for action: '/home/runner/work/_actions/actions/checkout/v4/action.yml'.
2025-01-27T10:59:19.1796458Z ##[debug]action.yml for action: '/home/runner/work/_actions/actions/cache/v4/restore/action.yml'.
2025-01-27T10:59:19.1867152Z ##[debug]Register post job cleanup for action: /./.github/actions/setup_lfs
2025-01-27T10:59:19.1886199Z ##[debug]Loading inputs
2025-01-27T10:59:19.1888471Z ##[debug]Loading env
2025-01-27T10:59:19.1896185Z ##[group]Run ./.github/actions/setup_lfs
2025-01-27T10:59:19.1896506Z with:
2025-01-27T10:59:19.1896803Z   regression-data-repo: tardis-sn/tardis-regression-data
2025-01-27T10:59:19.1897173Z   atom-data-sparse: false
2025-01-27T10:59:19.1897446Z env:
2025-01-27T10:59:19.1897652Z   CACHE_NUMBER: 0
2025-01-27T10:59:19.1898334Z   PYTEST_FLAGS: --tardis-regression-data=/home/runner/work/tardis/tardis/tardis-regression-data --cov=tardis --cov-report=xml --cov-report=html --cov-append
2025-01-27T10:59:19.1899264Z   CODECOV_TOKEN: 
2025-01-27T10:59:19.1899496Z ##[endgroup]
2025-01-27T10:59:19.1945016Z ##[debug]Evaluating condition for step: 'run'
2025-01-27T10:59:19.1946327Z ##[debug]Evaluating: success()
2025-01-27T10:59:19.1946763Z ##[debug]Evaluating success:
2025-01-27T10:59:19.1947607Z ##[debug]=> true
2025-01-27T10:59:19.1948053Z ##[debug]Result: true
2025-01-27T10:59:19.1955585Z ##[debug]Starting: run
2025-01-27T10:59:19.1988273Z ##[debug]Register post job cleanup for action: actions/checkout@v4
2025-01-27T10:59:19.2003237Z ##[debug]Loading inputs
2025-01-27T10:59:19.2004442Z ##[debug]Evaluating: inputs.regression-data-repo
2025-01-27T10:59:19.2004850Z ##[debug]Evaluating Index:
2025-01-27T10:59:19.2005129Z ##[debug]..Evaluating inputs:
2025-01-27T10:59:19.2005450Z ##[debug]..=> Object
2025-01-27T10:59:19.2005713Z ##[debug]..Evaluating String:
2025-01-27T10:59:19.2006007Z ##[debug]..=> 'regression-data-repo'
2025-01-27T10:59:19.2006394Z ##[debug]=> 'tardis-sn/tardis-regression-data'
2025-01-27T10:59:19.2006775Z ##[debug]Result: 'tardis-sn/tardis-regression-data'
2025-01-27T10:59:19.2012382Z ##[debug]Evaluating: (((inputs.atom-data-sparse == 'true') && 'atom_data/kurucz_cd23_chianti_H_He.h5') || '')
2025-01-27T10:59:19.2012986Z ##[debug]Evaluating Or:
2025-01-27T10:59:19.2015041Z ##[debug]..Evaluating And:
2025-01-27T10:59:19.2017289Z ##[debug]....Evaluating Equal:
2025-01-27T10:59:19.2018388Z ##[debug]......Evaluating Index:
2025-01-27T10:59:19.2018717Z ##[debug]........Evaluating inputs:
2025-01-27T10:59:19.2019212Z ##[debug]........=> Object
2025-01-27T10:59:19.2019509Z ##[debug]........Evaluating String:
2025-01-27T10:59:19.2019824Z ##[debug]........=> 'atom-data-sparse'
2025-01-27T10:59:19.2020150Z ##[debug]......=> 'false'
2025-01-27T10:59:19.2020700Z ##[debug]......Evaluating String:
2025-01-27T10:59:19.2020977Z ##[debug]......=> 'true'
2025-01-27T10:59:19.2024042Z ##[debug]....=> false
2025-01-27T10:59:19.2024525Z ##[debug]..=> false
2025-01-27T10:59:19.2024917Z ##[debug]..Evaluating String:
2025-01-27T10:59:19.2025200Z ##[debug]..=> ''
2025-01-27T10:59:19.2025446Z ##[debug]=> ''
2025-01-27T10:59:19.2029871Z ##[debug]Expanded: ((('false' == 'true') && 'atom_data/kurucz_cd23_chianti_H_He.h5') || '')
2025-01-27T10:59:19.2030330Z ##[debug]Result: ''
2025-01-27T10:59:19.2032213Z ##[debug]Evaluating: github.token
2025-01-27T10:59:19.2032547Z ##[debug]Evaluating Index:
2025-01-27T10:59:19.2032848Z ##[debug]..Evaluating github:
2025-01-27T10:59:19.2033151Z ##[debug]..=> Object
2025-01-27T10:59:19.2033427Z ##[debug]..Evaluating String:
2025-01-27T10:59:19.2033717Z ##[debug]..=> 'token'
2025-01-27T10:59:19.2034371Z ##[debug]=> '***'
2025-01-27T10:59:19.2034774Z ##[debug]Result: '***'
2025-01-27T10:59:19.2044545Z ##[debug]Loading env
2025-01-27T10:59:19.2049297Z ##[group]Run actions/checkout@v4
2025-01-27T10:59:19.2049597Z with:
2025-01-27T10:59:19.2049852Z   repository: tardis-sn/tardis-regression-data
2025-01-27T10:59:19.2050200Z   path: tardis-regression-data
2025-01-27T10:59:19.2050475Z   lfs: false
2025-01-27T10:59:19.2050813Z   token: ***
2025-01-27T10:59:19.2051040Z   ssh-strict: true
2025-01-27T10:59:19.2051265Z   ssh-user: git
2025-01-27T10:59:19.2051498Z   persist-credentials: true
2025-01-27T10:59:19.2051757Z   clean: true
2025-01-27T10:59:19.2052005Z   sparse-checkout-cone-mode: true
2025-01-27T10:59:19.2052276Z   fetch-depth: 1
2025-01-27T10:59:19.2052499Z   fetch-tags: false
2025-01-27T10:59:19.2052730Z   show-progress: true
2025-01-27T10:59:19.2052962Z   submodules: false
2025-01-27T10:59:19.2053196Z   set-safe-directory: true
2025-01-27T10:59:19.2053436Z env:
2025-01-27T10:59:19.2053637Z   CACHE_NUMBER: 0
2025-01-27T10:59:19.2054308Z   PYTEST_FLAGS: --tardis-regression-data=/home/runner/work/tardis/tardis/tardis-regression-data --cov=tardis --cov-report=xml --cov-report=html --cov-append
2025-01-27T10:59:19.2055027Z   CODECOV_TOKEN: 
2025-01-27T10:59:19.2055245Z ##[endgroup]
2025-01-27T10:59:19.2940083Z ##[debug]GITHUB_WORKSPACE = '/home/runner/work/tardis/tardis'
2025-01-27T10:59:19.2944190Z ##[debug]qualified repository = 'tardis-sn/tardis-regression-data'
2025-01-27T10:59:19.2945141Z ##[debug]ref = ''
2025-01-27T10:59:19.2945827Z ##[debug]commit = 'undefined'
2025-01-27T10:59:19.2946483Z ##[debug]clean = true
2025-01-27T10:59:19.2947234Z ##[debug]filter = undefined
2025-01-27T10:59:19.2947911Z ##[debug]fetch depth = 1
2025-01-27T10:59:19.2948532Z ##[debug]fetch tags = false
2025-01-27T10:59:19.2949399Z ##[debug]show progress = true
2025-01-27T10:59:19.2950047Z ##[debug]lfs = false
2025-01-27T10:59:19.2950520Z ##[debug]submodules = false
2025-01-27T10:59:19.2950992Z ##[debug]recursive submodules = false
2025-01-27T10:59:19.2966183Z ##[debug]GitHub Host URL = 
2025-01-27T10:59:19.2967964Z ::add-matcher::/home/runner/work/_actions/actions/checkout/v4/dist/problem-matcher.json
2025-01-27T10:59:19.2972562Z ##[debug]Added matchers: 'checkout-git'. Problem matchers scan action output for known warning or error strings and report these inline.
2025-01-27T10:59:19.2973364Z Syncing repository: tardis-sn/tardis-regression-data
2025-01-27T10:59:19.2977503Z ::group::Getting Git version info
2025-01-27T10:59:19.2978023Z ##[group]Getting Git version info
2025-01-27T10:59:19.2978721Z Working directory is '/home/runner/work/tardis/tardis/tardis-regression-data'
2025-01-27T10:59:19.3004808Z ##[debug]Getting git version
2025-01-27T10:59:19.3024857Z [command]/usr/bin/git version
2025-01-27T10:59:19.3059716Z git version 2.48.1
2025-01-27T10:59:19.3081624Z ##[debug]0
2025-01-27T10:59:19.3082257Z ##[debug]git version 2.48.1
2025-01-27T10:59:19.3082548Z ##[debug]
2025-01-27T10:59:19.3083857Z ##[debug]Set git useragent to: git/2.48.1 (github-actions-checkout)
2025-01-27T10:59:19.3084739Z ::endgroup::
2025-01-27T10:59:19.3084993Z ##[endgroup]
2025-01-27T10:59:19.3086140Z ::add-mask::***
2025-01-27T10:59:19.3096105Z Temporarily overriding HOME='/home/runner/work/_temp/5ee85d49-fcaa-4b3f-af50-43b35ffc935b' before making global git config changes
2025-01-27T10:59:19.3097002Z Adding repository directory to the temporary git global config as a safe directory
2025-01-27T10:59:19.3101240Z [command]/usr/bin/git config --global --add safe.directory /home/runner/work/tardis/tardis/tardis-regression-data
2025-01-27T10:59:19.3126159Z ##[debug]0
2025-01-27T10:59:19.3126757Z ##[debug]
2025-01-27T10:59:19.3129680Z ::group::Initializing the repository
2025-01-27T10:59:19.3130050Z ##[group]Initializing the repository
2025-01-27T10:59:19.3134126Z [command]/usr/bin/git init /home/runner/work/tardis/tardis/tardis-regression-data
2025-01-27T10:59:19.3167380Z hint: Using 'master' as the name for the initial branch. This default branch name
2025-01-27T10:59:19.3168388Z hint: is subject to change. To configure the initial branch name to use in all
2025-01-27T10:59:19.3169461Z hint: of your new repositories, which will suppress this warning, call:
2025-01-27T10:59:19.3170141Z hint:
2025-01-27T10:59:19.3170515Z hint: 	git config --global init.defaultBranch <name>
2025-01-27T10:59:19.3170867Z hint:
2025-01-27T10:59:19.3171208Z hint: Names commonly chosen instead of 'master' are 'main', 'trunk' and
2025-01-27T10:59:19.3171742Z hint: 'development'. The just-created branch can be renamed via this command:
2025-01-27T10:59:19.3172149Z hint:
2025-01-27T10:59:19.3172377Z hint: 	git branch -m <name>
2025-01-27T10:59:19.3172910Z Initialized empty Git repository in /home/runner/work/tardis/tardis/tardis-regression-data/.git/
2025-01-27T10:59:19.3174368Z ##[debug]0
2025-01-27T10:59:19.3175206Z ##[debug]Initialized empty Git repository in /home/runner/work/tardis/tardis/tardis-regression-data/.git/
2025-01-27T10:59:19.3175804Z ##[debug]
2025-01-27T10:59:19.3179005Z [command]/usr/bin/git remote add origin https://github.com/tardis-sn/tardis-regression-data
2025-01-27T10:59:19.3209364Z ##[debug]0
2025-01-27T10:59:19.3210152Z ##[debug]
2025-01-27T10:59:19.3210823Z ::endgroup::
2025-01-27T10:59:19.3211198Z ##[endgroup]
2025-01-27T10:59:19.3211920Z ::group::Disabling automatic garbage collection
2025-01-27T10:59:19.3212530Z ##[group]Disabling automatic garbage collection
2025-01-27T10:59:19.3215637Z [command]/usr/bin/git config --local gc.auto 0
2025-01-27T10:59:19.3243959Z ##[debug]0
2025-01-27T10:59:19.3244734Z ##[debug]
2025-01-27T10:59:19.3245443Z ::endgroup::
2025-01-27T10:59:19.3245852Z ##[endgroup]
2025-01-27T10:59:19.3246627Z ::group::Setting up auth
2025-01-27T10:59:19.3247126Z ##[group]Setting up auth
2025-01-27T10:59:19.3252161Z [command]/usr/bin/git config --local --name-only --get-regexp core\.sshCommand
2025-01-27T10:59:19.3275679Z ##[debug]1
2025-01-27T10:59:19.3276423Z ##[debug]
2025-01-27T10:59:19.3281532Z [command]/usr/bin/git submodule foreach --recursive sh -c "git config --local --name-only --get-regexp 'core\.sshCommand' && git config --local --unset-all 'core.sshCommand' || :"
2025-01-27T10:59:19.3497980Z ##[debug]0
2025-01-27T10:59:19.3498546Z ##[debug]
2025-01-27T10:59:19.3503295Z [command]/usr/bin/git config --local --name-only --get-regexp http\.https\:\/\/github\.com\/\.extraheader
2025-01-27T10:59:19.3530184Z ##[debug]1
2025-01-27T10:59:19.3530883Z ##[debug]
2025-01-27T10:59:19.3535970Z [command]/usr/bin/git submodule foreach --recursive sh -c "git config --local --name-only --get-regexp 'http\.https\:\/\/github\.com\/\.extraheader' && git config --local --unset-all 'http.https://github.com/.extraheader' || :"
2025-01-27T10:59:19.3764544Z ##[debug]0
2025-01-27T10:59:19.3766522Z ##[debug]
2025-01-27T10:59:19.3773858Z [command]/usr/bin/git config --local http.https://github.com/.extraheader AUTHORIZATION: basic ***
2025-01-27T10:59:19.3802395Z ##[debug]0
2025-01-27T10:59:19.3803178Z ##[debug]
2025-01-27T10:59:19.3810332Z ::endgroup::
2025-01-27T10:59:19.3810778Z ##[endgroup]
2025-01-27T10:59:19.3811585Z ::group::Determining the default branch
2025-01-27T10:59:19.3812174Z ##[group]Determining the default branch
2025-01-27T10:59:19.3814868Z Retrieving the default branch name
2025-01-27T10:59:19.6349382Z Default branch 'main'
2025-01-27T10:59:19.6351192Z ::endgroup::
2025-01-27T10:59:19.6351530Z ##[endgroup]
2025-01-27T10:59:19.6358437Z ::group::Fetching the repository
2025-01-27T10:59:19.6359103Z ##[group]Fetching the repository
2025-01-27T10:59:19.6360203Z [command]/usr/bin/git -c protocol.version=2 fetch --no-tags --prune --no-recurse-submodules --depth=1 origin +refs/heads/main:refs/remotes/origin/main
2025-01-27T10:59:20.0275600Z From https://github.com/tardis-sn/tardis-regression-data
2025-01-27T10:59:20.0276703Z  * [new branch]      main       -> origin/main
2025-01-27T10:59:20.0302658Z ##[debug]0
2025-01-27T10:59:20.0303295Z ##[debug]
2025-01-27T10:59:20.0303834Z ::endgroup::
2025-01-27T10:59:20.0304148Z ##[endgroup]
2025-01-27T10:59:20.0304785Z ::group::Determining the checkout info
2025-01-27T10:59:20.0305293Z ##[group]Determining the checkout info
2025-01-27T10:59:20.0309689Z ::endgroup::
2025-01-27T10:59:20.0310080Z ##[endgroup]
2025-01-27T10:59:20.0311610Z [command]/usr/bin/git sparse-checkout disable
2025-01-27T10:59:20.0345272Z ##[debug]0
2025-01-27T10:59:20.0346062Z ##[debug]
2025-01-27T10:59:20.0348803Z [command]/usr/bin/git config --local --unset-all extensions.worktreeConfig
2025-01-27T10:59:20.0376073Z ##[debug]0
2025-01-27T10:59:20.0376622Z ##[debug]
2025-01-27T10:59:20.0377038Z ::group::Checking out the ref
2025-01-27T10:59:20.0377304Z ##[group]Checking out the ref
2025-01-27T10:59:20.0380909Z [command]/usr/bin/git checkout --progress --force -B main refs/remotes/origin/main
2025-01-27T10:59:20.1385127Z Switched to a new branch 'main'
2025-01-27T10:59:20.1386878Z branch 'main' set up to track 'origin/main'.
2025-01-27T10:59:20.1648590Z ##[debug]0
2025-01-27T10:59:20.1649475Z ##[debug]branch 'main' set up to track 'origin/main'.
2025-01-27T10:59:20.1649963Z ##[debug]
2025-01-27T10:59:20.1650465Z ::endgroup::
2025-01-27T10:59:20.1650679Z ##[endgroup]
2025-01-27T10:59:20.1684272Z ##[debug]0
2025-01-27T10:59:20.1684960Z ##[debug]commit fa7729bc9c30e14b69acd641af8b692b56fcd416
2025-01-27T10:59:20.1685353Z ##[debug]Author: KasukabeDefenceForce <abhinavohri13@gmail.com>
2025-01-27T10:59:20.1685722Z ##[debug]Date:   Mon Jan 13 20:44:58 2025 +0530
2025-01-27T10:59:20.1685971Z ##[debug]
2025-01-27T10:59:20.1686244Z ##[debug]    copy the regression data files at the correct file path (#35)
2025-01-27T10:59:20.1686576Z ##[debug]
2025-01-27T10:59:20.1688039Z [command]/usr/bin/git log -1 --format=%H
2025-01-27T10:59:20.1710932Z fa7729bc9c30e14b69acd641af8b692b56fcd416
2025-01-27T10:59:20.1715518Z ##[debug]0
2025-01-27T10:59:20.1716133Z ##[debug]fa7729bc9c30e14b69acd641af8b692b56fcd416
2025-01-27T10:59:20.1716427Z ##[debug]
2025-01-27T10:59:20.1721226Z ##[debug]Unsetting HOME override
2025-01-27T10:59:20.1726868Z ::remove-matcher owner=checkout-git::
2025-01-27T10:59:20.1728052Z ##[debug]Removed matchers: 'checkout-git'
2025-01-27T10:59:20.1792604Z ##[debug]Node Action run completed with exit code 0
2025-01-27T10:59:20.1796555Z ##[debug]Save intra-action state isPost = true
2025-01-27T10:59:20.1797010Z ##[debug]Save intra-action state setSafeDirectory = true
2025-01-27T10:59:20.1797553Z ##[debug]Save intra-action state repositoryPath = /home/runner/work/tardis/tardis/tardis-regression-data
2025-01-27T10:59:20.1798479Z ##[debug]Set output commit = fa7729bc9c30e14b69acd641af8b692b56fcd416
2025-01-27T10:59:20.1798843Z ##[debug]Set output ref = refs/heads/main
2025-01-27T10:59:20.1802721Z ##[debug]Finished: run
2025-01-27T10:59:20.1810363Z ##[debug]Evaluating condition for step: 'run'
2025-01-27T10:59:20.1813008Z ##[debug]Evaluating: success()
2025-01-27T10:59:20.1813385Z ##[debug]Evaluating success:
2025-01-27T10:59:20.1813869Z ##[debug]=> true
2025-01-27T10:59:20.1814299Z ##[debug]Result: true
2025-01-27T10:59:20.1814940Z ##[debug]Starting: run
2025-01-27T10:59:20.1832407Z ##[debug]Loading inputs
2025-01-27T10:59:20.1834306Z ##[debug]Evaluating: format('if [ "{0}" == "true" ]; then
2025-01-27T10:59:20.1834668Z ##[debug]  echo "Using atom data sparse checkout"
2025-01-27T10:59:20.1835255Z ##[debug]  echo "atom_data/kurucz_cd23_chianti_H_He.h5" > .lfs-files-list
2025-01-27T10:59:20.1835583Z ##[debug]else
2025-01-27T10:59:20.1835802Z ##[debug]  echo "Using full repository checkout"
2025-01-27T10:59:20.1836175Z ##[debug]  git lfs ls-files -l | cut -d'' '' -f1 | sort > .lfs-files-list
2025-01-27T10:59:20.1836483Z ##[debug]fi
2025-01-27T10:59:20.1836680Z ##[debug]', inputs.atom-data-sparse)
2025-01-27T10:59:20.1836956Z ##[debug]Evaluating format:
2025-01-27T10:59:20.1837214Z ##[debug]..Evaluating String:
2025-01-27T10:59:20.1837487Z ##[debug]..=> 'if [ "{0}" == "true" ]; then
2025-01-27T10:59:20.1837764Z ##[debug]  echo "Using atom data sparse checkout"
2025-01-27T10:59:20.1838114Z ##[debug]  echo "atom_data/kurucz_cd23_chianti_H_He.h5" > .lfs-files-list
2025-01-27T10:59:20.1838415Z ##[debug]else
2025-01-27T10:59:20.1838617Z ##[debug]  echo "Using full repository checkout"
2025-01-27T10:59:20.1839157Z ##[debug]  git lfs ls-files -l | cut -d'' '' -f1 | sort > .lfs-files-list
2025-01-27T10:59:20.1839473Z ##[debug]fi
2025-01-27T10:59:20.1839625Z ##[debug]'
2025-01-27T10:59:20.1839946Z ##[debug]..Evaluating Index:
2025-01-27T10:59:20.1840177Z ##[debug]....Evaluating inputs:
2025-01-27T10:59:20.1840415Z ##[debug]....=> Object
2025-01-27T10:59:20.1840643Z ##[debug]....Evaluating String:
2025-01-27T10:59:20.1840886Z ##[debug]....=> 'atom-data-sparse'
2025-01-27T10:59:20.1841159Z ##[debug]..=> 'false'
2025-01-27T10:59:20.1841415Z ##[debug]=> 'if [ "false" == "true" ]; then
2025-01-27T10:59:20.1841702Z ##[debug]  echo "Using atom data sparse checkout"
2025-01-27T10:59:20.1842060Z ##[debug]  echo "atom_data/kurucz_cd23_chianti_H_He.h5" > .lfs-files-list
2025-01-27T10:59:20.1842376Z ##[debug]else
2025-01-27T10:59:20.1842574Z ##[debug]  echo "Using full repository checkout"
2025-01-27T10:59:20.1842916Z ##[debug]  git lfs ls-files -l | cut -d'' '' -f1 | sort > .lfs-files-list
2025-01-27T10:59:20.1843237Z ##[debug]fi
2025-01-27T10:59:20.1843394Z ##[debug]'
2025-01-27T10:59:20.1843632Z ##[debug]Result: 'if [ "false" == "true" ]; then
2025-01-27T10:59:20.1843924Z ##[debug]  echo "Using atom data sparse checkout"
2025-01-27T10:59:20.1844285Z ##[debug]  echo "atom_data/kurucz_cd23_chianti_H_He.h5" > .lfs-files-list
2025-01-27T10:59:20.1844603Z ##[debug]else
2025-01-27T10:59:20.1844802Z ##[debug]  echo "Using full repository checkout"
2025-01-27T10:59:20.1845138Z ##[debug]  git lfs ls-files -l | cut -d'' '' -f1 | sort > .lfs-files-list
2025-01-27T10:59:20.1845446Z ##[debug]fi
2025-01-27T10:59:20.1845600Z ##[debug]'
2025-01-27T10:59:20.1846067Z ##[debug]Loading env
2025-01-27T10:59:20.1861510Z ##[group]Run if [ "false" == "true" ]; then
2025-01-27T10:59:20.1861944Z [36;1mif [ "false" == "true" ]; then[0m
2025-01-27T10:59:20.1862246Z [36;1m  echo "Using atom data sparse checkout"[0m
2025-01-27T10:59:20.1862634Z [36;1m  echo "atom_data/kurucz_cd23_chianti_H_He.h5" > .lfs-files-list[0m
2025-01-27T10:59:20.1862954Z [36;1melse[0m
2025-01-27T10:59:20.1863191Z [36;1m  echo "Using full repository checkout"[0m
2025-01-27T10:59:20.1863545Z [36;1m  git lfs ls-files -l | cut -d' ' -f1 | sort > .lfs-files-list[0m
2025-01-27T10:59:20.1863848Z [36;1mfi[0m
2025-01-27T10:59:20.1895199Z shell: /usr/bin/bash --noprofile --norc -e -o pipefail {0}
2025-01-27T10:59:20.1895540Z env:
2025-01-27T10:59:20.1895713Z   CACHE_NUMBER: 0
2025-01-27T10:59:20.1896359Z   PYTEST_FLAGS: --tardis-regression-data=/home/runner/work/tardis/tardis/tardis-regression-data --cov=tardis --cov-report=xml --cov-report=html --cov-append
2025-01-27T10:59:20.1897231Z   CODECOV_TOKEN: 
2025-01-27T10:59:20.1897510Z ##[endgroup]
2025-01-27T10:59:20.1945850Z ##[debug]/usr/bin/bash --noprofile --norc -e -o pipefail /home/runner/work/_temp/4c08b6cc-3cf3-4b80-846d-5f380a59cfb5.sh
2025-01-27T10:59:20.1966533Z Using full repository checkout
2025-01-27T10:59:20.2766863Z ##[debug]Finished: run
2025-01-27T10:59:20.2769932Z ##[debug]Evaluating condition for step: 'run'
2025-01-27T10:59:20.2771438Z ##[debug]Evaluating: success()
2025-01-27T10:59:20.2772045Z ##[debug]Evaluating success:
2025-01-27T10:59:20.2772431Z ##[debug]=> true
2025-01-27T10:59:20.2772770Z ##[debug]Result: true
2025-01-27T10:59:20.2773312Z ##[debug]Starting: run
2025-01-27T10:59:20.2811727Z ##[debug]Loading inputs
2025-01-27T10:59:20.2814680Z ##[debug]Evaluating: format('tardis-regression-{0}-{1}-{2}-v1', (((inputs.atom-data-sparse == 'true') && 'atom-data-sparse') || 'full-data'), hashFiles('tardis-regression-data/.lfs-files-list'), inputs.regression-data-repo)
2025-01-27T10:59:20.2815517Z ##[debug]Evaluating format:
2025-01-27T10:59:20.2815767Z ##[debug]..Evaluating String:
2025-01-27T10:59:20.2816047Z ##[debug]..=> 'tardis-regression-{0}-{1}-{2}-v1'
2025-01-27T10:59:20.2816479Z ##[debug]..Evaluating Or:
2025-01-27T10:59:20.2816715Z ##[debug]....Evaluating And:
2025-01-27T10:59:20.2816951Z ##[debug]......Evaluating Equal:
2025-01-27T10:59:20.2817192Z ##[debug]........Evaluating Index:
2025-01-27T10:59:20.2817454Z ##[debug]..........Evaluating inputs:
2025-01-27T10:59:20.2817738Z ##[debug]..........=> Object
2025-01-27T10:59:20.2817987Z ##[debug]..........Evaluating String:
2025-01-27T10:59:20.2818265Z ##[debug]..........=> 'atom-data-sparse'
2025-01-27T10:59:20.2818550Z ##[debug]........=> 'false'
2025-01-27T10:59:20.2818776Z ##[debug]........Evaluating String:
2025-01-27T10:59:20.2819537Z ##[debug]........=> 'true'
2025-01-27T10:59:20.2819778Z ##[debug]......=> false
2025-01-27T10:59:20.2820007Z ##[debug]....=> false
2025-01-27T10:59:20.2820243Z ##[debug]....Evaluating String:
2025-01-27T10:59:20.2820475Z ##[debug]....=> 'full-data'
2025-01-27T10:59:20.2820696Z ##[debug]..=> 'full-data'
2025-01-27T10:59:20.2820935Z ##[debug]..Evaluating hashFiles:
2025-01-27T10:59:20.2830753Z ##[debug]....Evaluating String:
2025-01-27T10:59:20.2831117Z ##[debug]....=> 'tardis-regression-data/.lfs-files-list'
2025-01-27T10:59:20.2831545Z ##[debug]Search root directory: '/home/runner/work/tardis/tardis'
2025-01-27T10:59:20.2832121Z ##[debug]Search pattern: 'tardis-regression-data/.lfs-files-list'
2025-01-27T10:59:20.2835497Z ##[debug]Starting process:
2025-01-27T10:59:20.2835927Z ##[debug]  File name: '/home/runner/runners/2.321.0/externals/node20/bin/node'
2025-01-27T10:59:20.2836379Z ##[debug]  Arguments: '"/home/runner/runners/2.321.0/bin/hashFiles"'
2025-01-27T10:59:20.2836765Z ##[debug]  Working directory: '/home/runner/work/tardis/tardis'
2025-01-27T10:59:20.2837108Z ##[debug]  Require exit code zero: 'False'
2025-01-27T10:59:20.2837405Z ##[debug]  Encoding web name:  ; code page: ''
2025-01-27T10:59:20.2837738Z ##[debug]  Force kill process on cancellation: 'False'
2025-01-27T10:59:20.2838031Z ##[debug]  Redirected STDIN: 'False'
2025-01-27T10:59:20.2838302Z ##[debug]  Persist current code page: 'False'
2025-01-27T10:59:20.2838603Z ##[debug]  Keep redirected STDIN open: 'False'
2025-01-27T10:59:20.2839131Z ##[debug]  High priority process: 'False'
2025-01-27T10:59:20.2843835Z ##[debug]Updated oom_score_adj to 500 for PID: 2035.
2025-01-27T10:59:20.2844500Z ##[debug]Process started with process id 2035, waiting for process exit.
2025-01-27T10:59:20.3209439Z ##[debug]Match Pattern: tardis-regression-data/.lfs-files-list
2025-01-27T10:59:20.3217645Z ##[debug]::debug::followSymbolicLinks 'false'
2025-01-27T10:59:20.3241597Z ##[debug]::debug::followSymbolicLinks 'false'
2025-01-27T10:59:20.3242221Z ##[debug]::debug::implicitDescendants 'true'
2025-01-27T10:59:20.3242771Z ##[debug]::debug::matchDirectories 'true'
2025-01-27T10:59:20.3243318Z ##[debug]::debug::omitBrokenSymbolicLinks 'true'
2025-01-27T10:59:20.3248342Z ##[debug]::debug::Search path '/home/runner/work/tardis/tardis/tardis-regression-data/.lfs-files-list'
2025-01-27T10:59:20.3259697Z ##[debug]/home/runner/work/tardis/tardis/tardis-regression-data/.lfs-files-list
2025-01-27T10:59:20.3319319Z ##[debug]Found 1 files to hash.
2025-01-27T10:59:20.3324476Z ##[debug]Hash result: '21f9fa4b6817cc69b9fae3598144724da7828e276a73bd17f47a2a49d9af090a'
2025-01-27T10:59:20.3325607Z ##[debug]undefined
2025-01-27T10:59:20.3353067Z ##[debug]STDOUT/STDERR stream read finished.
2025-01-27T10:59:20.3353101Z ##[debug]STDOUT/STDERR stream read finished.
2025-01-27T10:59:20.3354549Z ##[debug]Finished process 2035 with exit code 0, and elapsed time 00:00:00.0514358.
2025-01-27T10:59:20.3355466Z ##[debug]..=> '21f9fa4b6817cc69b9fae3598144724da7828e276a73bd17f47a2a49d9af090a'
2025-01-27T10:59:20.3356075Z ##[debug]..Evaluating Index:
2025-01-27T10:59:20.3356331Z ##[debug]....Evaluating inputs:
2025-01-27T10:59:20.3356618Z ##[debug]....=> Object
2025-01-27T10:59:20.3356903Z ##[debug]....Evaluating String:
2025-01-27T10:59:20.3357168Z ##[debug]....=> 'regression-data-repo'
2025-01-27T10:59:20.3357546Z ##[debug]..=> 'tardis-sn/tardis-regression-data'
2025-01-27T10:59:20.3358295Z ##[debug]=> 'tardis-regression-full-data-21f9fa4b6817cc69b9fae3598144724da7828e276a73bd17f47a2a49d9af090a-tardis-sn/tardis-regression-data-v1'
2025-01-27T10:59:20.3359699Z ##[debug]Result: 'tardis-regression-full-data-21f9fa4b6817cc69b9fae3598144724da7828e276a73bd17f47a2a49d9af090a-tardis-sn/tardis-regression-data-v1'
2025-01-27T10:59:20.3363505Z ##[debug]Loading env
2025-01-27T10:59:20.3367687Z ##[group]Run actions/cache/restore@v4
2025-01-27T10:59:20.3367940Z with:
2025-01-27T10:59:20.3368135Z   path: tardis-regression-data/.git/lfs
2025-01-27T10:59:20.3368780Z   key: tardis-regression-full-data-21f9fa4b6817cc69b9fae3598144724da7828e276a73bd17f47a2a49d9af090a-tardis-sn/tardis-regression-data-v1
2025-01-27T10:59:20.3369675Z   fail-on-cache-miss: true
2025-01-27T10:59:20.3369923Z   enableCrossOsArchive: false
2025-01-27T10:59:20.3370146Z   lookup-only: false
2025-01-27T10:59:20.3370334Z env:
2025-01-27T10:59:20.3370493Z   CACHE_NUMBER: 0
2025-01-27T10:59:20.3371096Z   PYTEST_FLAGS: --tardis-regression-data=/home/runner/work/tardis/tardis/tardis-regression-data --cov=tardis --cov-report=xml --cov-report=html --cov-append
2025-01-27T10:59:20.3371769Z   CODECOV_TOKEN: 
2025-01-27T10:59:20.3371949Z ##[endgroup]
2025-01-27T10:59:20.4590286Z ##[debug]Cache service version: v1
2025-01-27T10:59:20.4593109Z ##[debug]Resolved Keys:
2025-01-27T10:59:20.4594225Z ##[debug]["tardis-regression-full-data-21f9fa4b6817cc69b9fae3598144724da7828e276a73bd17f47a2a49d9af090a-tardis-sn/tardis-regression-data-v1"]
2025-01-27T10:59:20.4595580Z ##[debug]Checking zstd --quiet --version
2025-01-27T10:59:20.4703541Z ##[debug]1.5.6
2025-01-27T10:59:20.4708159Z ##[debug]zstd version: 1.5.6
2025-01-27T10:59:20.4720003Z ##[debug]Resource Url: https://acghubeus2.actions.githubusercontent.com/znkvyY1krvQ9BQOW4KRYIIo6lJBomEBkuJ1KNuIenT8KNTvLXL/_apis/artifactcache/cache?keys=tardis-regression-full-data-21f9fa4b6817cc69b9fae3598144724da7828e276a73bd17f47a2a49d9af090a-tardis-sn%2Ftardis-regression-data-v1&version=3583419d1e39533a34cee514049fac84c31f569026b650b6999994056146e85d
2025-01-27T10:59:20.6122685Z ##[debug]Resource Url: https://acghubeus2.actions.githubusercontent.com/znkvyY1krvQ9BQOW4KRYIIo6lJBomEBkuJ1KNuIenT8KNTvLXL/_apis/artifactcache/caches?key=tardis-regression-full-data-21f9fa4b6817cc69b9fae3598144724da7828e276a73bd17f47a2a49d9af090a-tardis-sn%2Ftardis-regression-data-v1
2025-01-27T10:59:20.6374002Z ##[debug]Failed to delete archive: Error: ENOENT: no such file or directory, unlink ''
2025-01-27T10:59:20.6394192Z ##[error]Failed to restore cache entry. Exiting as fail-on-cache-miss is set. Input key: tardis-regression-full-data-21f9fa4b6817cc69b9fae3598144724da7828e276a73bd17f47a2a49d9af090a-tardis-sn/tardis-regression-data-v1
2025-01-27T10:59:20.6423568Z ##[debug]Node Action run completed with exit code 1
2025-01-27T10:59:20.6440231Z ##[debug]Set output cache-primary-key = tardis-regression-full-data-21f9fa4b6817cc69b9fae3598144724da7828e276a73bd17f47a2a49d9af090a-tardis-sn/tardis-regression-data-v1
2025-01-27T10:59:20.6444337Z ##[debug]Finished: run
2025-01-27T10:59:20.6448622Z ##[debug]Evaluating condition for step: 'run'
2025-01-27T10:59:20.6452016Z ##[debug]Evaluating: (success() && (steps.lfs-cache-regression-data.outputs.cache-hit == 'true'))
2025-01-27T10:59:20.6452554Z ##[debug]Evaluating And:
2025-01-27T10:59:20.6453054Z ##[debug]..Evaluating success:
2025-01-27T10:59:20.6453435Z ##[debug]..=> false
2025-01-27T10:59:20.6453716Z ##[debug]=> false
2025-01-27T10:59:20.6454953Z ##[debug]Expanded: (false && (steps['lfs-cache-regression-data']['outputs']['cache-hit'] == 'true'))
2025-01-27T10:59:20.6455485Z ##[debug]Result: false
2025-01-27T10:59:20.6464700Z ##[debug]Finishing: Setup LFS
