2025-02-10T15:34:19.7114275Z Prepare all required actions
2025-02-10T15:34:19.7115821Z Getting action download info
2025-02-10T15:34:19.8697132Z Download action repository 'actions/cache@v4' (SHA:1bd1e32a3bdc45362d1e726936510720a7c30a57)
2025-02-10T15:34:20.0019104Z ##[group]Run ./.github/actions/setup_lfs
2025-02-10T15:34:20.0019480Z with:
2025-02-10T15:34:20.0019792Z   regression-data-repo: tardis-sn/tardis-regression-data
2025-02-10T15:34:20.0020166Z   atom-data-sparse: false
2025-02-10T15:34:20.0020432Z env:
2025-02-10T15:34:20.0020879Z   CACHE_NUMBER: 0
2025-02-10T15:34:20.0021568Z   PYTEST_FLAGS: --tardis-regression-data=/home/runner/work/tardis/tardis/tardis-regression-data --cov=tardis --cov-report=xml --cov-report=html --cov-append
2025-02-10T15:34:20.0022755Z   CODECOV_TOKEN: ***
2025-02-10T15:34:20.0023020Z ##[endgroup]
2025-02-10T15:34:20.0157378Z ##[group]Run actions/checkout@v4
2025-02-10T15:34:20.0157715Z with:
2025-02-10T15:34:20.0157994Z   repository: tardis-sn/tardis-regression-data
2025-02-10T15:34:20.0158364Z   path: tardis-regression-data
2025-02-10T15:34:20.0158720Z   lfs: false
2025-02-10T15:34:20.0159127Z   token: ***
2025-02-10T15:34:20.0159353Z   ssh-strict: true
2025-02-10T15:34:20.0159591Z   ssh-user: git
2025-02-10T15:34:20.0159838Z   persist-credentials: true
2025-02-10T15:34:20.0160105Z   clean: true
2025-02-10T15:34:20.0160353Z   sparse-checkout-cone-mode: true
2025-02-10T15:34:20.0160642Z   fetch-depth: 1
2025-02-10T15:34:20.0160878Z   fetch-tags: false
2025-02-10T15:34:20.0161114Z   show-progress: true
2025-02-10T15:34:20.0161371Z   submodules: false
2025-02-10T15:34:20.0161617Z   set-safe-directory: true
2025-02-10T15:34:20.0161876Z env:
2025-02-10T15:34:20.0162090Z   CACHE_NUMBER: 0
2025-02-10T15:34:20.0162912Z   PYTEST_FLAGS: --tardis-regression-data=/home/runner/work/tardis/tardis/tardis-regression-data --cov=tardis --cov-report=xml --cov-report=html --cov-append
2025-02-10T15:34:20.0163714Z   CODECOV_TOKEN: ***
2025-02-10T15:34:20.0163969Z ##[endgroup]
2025-02-10T15:34:20.1112363Z Syncing repository: tardis-sn/tardis-regression-data
2025-02-10T15:34:20.1118822Z ##[group]Getting Git version info
2025-02-10T15:34:20.1119458Z Working directory is '/home/runner/work/tardis/tardis/tardis-regression-data'
2025-02-10T15:34:20.1162733Z [command]/usr/bin/git version
2025-02-10T15:34:20.1200262Z git version 2.48.1
2025-02-10T15:34:20.1227604Z ##[endgroup]
2025-02-10T15:34:20.1242625Z Temporarily overriding HOME='/home/runner/work/_temp/70a65193-d5a0-432e-9703-8a9fd1db76f7' before making global git config changes
2025-02-10T15:34:20.1244233Z Adding repository directory to the temporary git global config as a safe directory
2025-02-10T15:34:20.1257261Z [command]/usr/bin/git config --global --add safe.directory /home/runner/work/tardis/tardis/tardis-regression-data
2025-02-10T15:34:20.1289722Z ##[group]Initializing the repository
2025-02-10T15:34:20.1295584Z [command]/usr/bin/git init /home/runner/work/tardis/tardis/tardis-regression-data
2025-02-10T15:34:20.1338254Z hint: Using 'master' as the name for the initial branch. This default branch name
2025-02-10T15:34:20.1339342Z hint: is subject to change. To configure the initial branch name to use in all
2025-02-10T15:34:20.1340256Z hint: of your new repositories, which will suppress this warning, call:
2025-02-10T15:34:20.1340948Z hint:
2025-02-10T15:34:20.1341518Z hint: 	git config --global init.defaultBranch <name>
2025-02-10T15:34:20.1342378Z hint:
2025-02-10T15:34:20.1343050Z hint: Names commonly chosen instead of 'master' are 'main', 'trunk' and
2025-02-10T15:34:20.1344087Z hint: 'development'. The just-created branch can be renamed via this command:
2025-02-10T15:34:20.1344902Z hint:
2025-02-10T15:34:20.1345333Z hint: 	git branch -m <name>
2025-02-10T15:34:20.1346317Z Initialized empty Git repository in /home/runner/work/tardis/tardis/tardis-regression-data/.git/
2025-02-10T15:34:20.1352468Z [command]/usr/bin/git remote add origin https://github.com/tardis-sn/tardis-regression-data
2025-02-10T15:34:20.1384677Z ##[endgroup]
2025-02-10T15:34:20.1385198Z ##[group]Disabling automatic garbage collection
2025-02-10T15:34:20.1389367Z [command]/usr/bin/git config --local gc.auto 0
2025-02-10T15:34:20.1418612Z ##[endgroup]
2025-02-10T15:34:20.1419319Z ##[group]Setting up auth
2025-02-10T15:34:20.1425253Z [command]/usr/bin/git config --local --name-only --get-regexp core\.sshCommand
2025-02-10T15:34:20.1455430Z [command]/usr/bin/git submodule foreach --recursive sh -c "git config --local --name-only --get-regexp 'core\.sshCommand' && git config --local --unset-all 'core.sshCommand' || :"
2025-02-10T15:34:20.1701612Z [command]/usr/bin/git config --local --name-only --get-regexp http\.https\:\/\/github\.com\/\.extraheader
2025-02-10T15:34:20.1736746Z [command]/usr/bin/git submodule foreach --recursive sh -c "git config --local --name-only --get-regexp 'http\.https\:\/\/github\.com\/\.extraheader' && git config --local --unset-all 'http.https://github.com/.extraheader' || :"
2025-02-10T15:34:20.1998026Z [command]/usr/bin/git config --local http.https://github.com/.extraheader AUTHORIZATION: basic ***
2025-02-10T15:34:20.2044450Z ##[endgroup]
2025-02-10T15:34:20.2045311Z ##[group]Determining the default branch
2025-02-10T15:34:20.2048772Z Retrieving the default branch name
2025-02-10T15:34:20.4721455Z Default branch 'main'
2025-02-10T15:34:20.4723270Z ##[endgroup]
2025-02-10T15:34:20.4724138Z ##[group]Fetching the repository
2025-02-10T15:34:20.4729888Z [command]/usr/bin/git -c protocol.version=2 fetch --no-tags --prune --no-recurse-submodules --depth=1 origin +refs/heads/main:refs/remotes/origin/main
2025-02-10T15:34:21.2854083Z From https://github.com/tardis-sn/tardis-regression-data
2025-02-10T15:34:21.2854891Z  * [new branch]      main       -> origin/main
2025-02-10T15:34:21.2883984Z ##[endgroup]
2025-02-10T15:34:21.2885004Z ##[group]Determining the checkout info
2025-02-10T15:34:21.2887092Z ##[endgroup]
2025-02-10T15:34:21.2890748Z [command]/usr/bin/git sparse-checkout disable
2025-02-10T15:34:21.2931887Z [command]/usr/bin/git config --local --unset-all extensions.worktreeConfig
2025-02-10T15:34:21.2964170Z ##[group]Checking out the ref
2025-02-10T15:34:21.2968301Z [command]/usr/bin/git checkout --progress --force -B main refs/remotes/origin/main
2025-02-10T15:34:21.4033065Z Switched to a new branch 'main'
2025-02-10T15:34:21.4035255Z branch 'main' set up to track 'origin/main'.
2025-02-10T15:34:21.4295449Z ##[endgroup]
2025-02-10T15:34:21.4333395Z [command]/usr/bin/git log -1 --format=%H
2025-02-10T15:34:21.4357804Z fa7729bc9c30e14b69acd641af8b692b56fcd416
2025-02-10T15:34:21.4493098Z ##[group]Run if [ "false" == "true" ]; then
2025-02-10T15:34:21.4493594Z [36;1mif [ "false" == "true" ]; then[0m
2025-02-10T15:34:21.4493903Z [36;1m  echo "Using atom data sparse checkout"[0m
2025-02-10T15:34:21.4494317Z [36;1m  echo "atom_data/kurucz_cd23_chianti_H_He.h5" > .lfs-files-list[0m
2025-02-10T15:34:21.4494667Z [36;1melse[0m
2025-02-10T15:34:21.4494893Z [36;1m  echo "Using full repository checkout"[0m
2025-02-10T15:34:21.4495253Z [36;1m  git lfs ls-files -l | cut -d' ' -f1 | sort > .lfs-files-list[0m
2025-02-10T15:34:21.4495600Z [36;1mfi[0m
2025-02-10T15:34:21.4528975Z shell: /usr/bin/bash --noprofile --norc -e -o pipefail {0}
2025-02-10T15:34:21.4529337Z env:
2025-02-10T15:34:21.4529521Z   CACHE_NUMBER: 0
2025-02-10T15:34:21.4530136Z   PYTEST_FLAGS: --tardis-regression-data=/home/runner/work/tardis/tardis/tardis-regression-data --cov=tardis --cov-report=xml --cov-report=html --cov-append
2025-02-10T15:34:21.4530956Z   CODECOV_TOKEN: ***
2025-02-10T15:34:21.4531180Z ##[endgroup]
2025-02-10T15:34:21.4605234Z Using full repository checkout
2025-02-10T15:34:21.6029387Z ##[group]Run actions/cache/restore@v4
2025-02-10T15:34:21.6029757Z with:
2025-02-10T15:34:21.6029980Z   path: tardis-regression-data/.git/lfs
2025-02-10T15:34:21.6030735Z   key: tardis-regression-full-data-21f9fa4b6817cc69b9fae3598144724da7828e276a73bd17f47a2a49d9af090a-tardis-sn/tardis-regression-data-v1
2025-02-10T15:34:21.6031481Z   fail-on-cache-miss: true
2025-02-10T15:34:21.6031743Z   enableCrossOsArchive: false
2025-02-10T15:34:21.6032932Z   lookup-only: false
2025-02-10T15:34:21.6033177Z env:
2025-02-10T15:34:21.6033367Z   CACHE_NUMBER: 0
2025-02-10T15:34:21.6034058Z   PYTEST_FLAGS: --tardis-regression-data=/home/runner/work/tardis/tardis/tardis-regression-data --cov=tardis --cov-report=xml --cov-report=html --cov-append
2025-02-10T15:34:21.6034956Z   CODECOV_TOKEN: ***
2025-02-10T15:34:21.6035176Z ##[endgroup]
2025-02-10T15:34:21.8509391Z Cache hit for: tardis-regression-full-data-21f9fa4b6817cc69b9fae3598144724da7828e276a73bd17f47a2a49d9af090a-tardis-sn/tardis-regression-data-v1
2025-02-10T15:34:22.9770855Z Received 134217728 of 1707217599 (7.9%), 127.0 MBs/sec
2025-02-10T15:34:23.9768992Z Received 377487360 of 1707217599 (22.1%), 179.3 MBs/sec
2025-02-10T15:34:24.9803581Z Received 570425344 of 1707217599 (33.4%), 180.8 MBs/sec
2025-02-10T15:34:25.9866009Z Received 805306368 of 1707217599 (47.2%), 191.3 MBs/sec
2025-02-10T15:34:26.9838856Z Received 1031798784 of 1707217599 (60.4%), 196.2 MBs/sec
2025-02-10T15:34:27.9871735Z Received 1224736768 of 1707217599 (71.7%), 194.1 MBs/sec
2025-02-10T15:34:28.9883878Z Received 1442840576 of 1707217599 (84.5%), 196.0 MBs/sec
2025-02-10T15:34:29.9895955Z Received 1610612736 of 1707217599 (94.3%), 191.5 MBs/sec
2025-02-10T15:34:30.4201522Z Received 1707217599 of 1707217599 (100.0%), 192.7 MBs/sec
2025-02-10T15:34:30.4204509Z Cache Size: ~1628 MB (1707217599 B)
2025-02-10T15:34:30.4248357Z [command]/usr/bin/tar -xf /home/runner/work/_temp/fe3465d0-d8e8-4234-9234-d70ae223527d/cache.tzst -P -C /home/runner/work/tardis/tardis --use-compress-program unzstd
2025-02-10T15:34:36.5998044Z Cache restored successfully
2025-02-10T15:34:36.8962765Z Cache restored from key: tardis-regression-full-data-21f9fa4b6817cc69b9fae3598144724da7828e276a73bd17f47a2a49d9af090a-tardis-sn/tardis-regression-data-v1
2025-02-10T15:34:36.9104059Z ##[group]Run git lfs checkout
2025-02-10T15:34:36.9104335Z [36;1mgit lfs checkout[0m
2025-02-10T15:34:36.9131617Z shell: /usr/bin/bash --noprofile --norc -e -o pipefail {0}
2025-02-10T15:34:36.9131947Z env:
2025-02-10T15:34:36.9132222Z   CACHE_NUMBER: 0
2025-02-10T15:34:36.9132840Z   PYTEST_FLAGS: --tardis-regression-data=/home/runner/work/tardis/tardis/tardis-regression-data --cov=tardis --cov-report=xml --cov-report=html --cov-append
2025-02-10T15:34:36.9133622Z   CODECOV_TOKEN: ***
2025-02-10T15:34:36.9133820Z ##[endgroup]
2025-02-10T15:34:50.4763998Z Checking out LFS objects: 100% (204/204), 3.5 GB | 248 MB/s, done.
