2025-01-31T14:06:09.0050210Z Prepare all required actions
2025-01-31T14:06:09.0050670Z Getting action download info
2025-01-31T14:06:09.1222860Z Download action repository 'mamba-org/setup-micromamba@v1' (SHA:4b9113af4fba0e9e1124b252dd6497a419e7396d)
2025-01-31T14:06:10.1960810Z ##[group]Run ./.github/actions/setup_env
2025-01-31T14:06:10.1961080Z with:
2025-01-31T14:06:10.1961250Z   os-label: osx-arm64
2025-01-31T14:06:10.1961430Z env:
2025-01-31T14:06:10.1961590Z   CACHE_NUMBER: 0
2025-01-31T14:06:10.1962110Z   PYTEST_FLAGS: --tardis-regression-data=/Users/runner/work/tardis/tardis/tardis-regression-data --cov=tardis --cov-report=xml --cov-report=html --cov-append
2025-01-31T14:06:10.1962630Z   CODECOV_TOKEN: 
2025-01-31T14:06:10.1962800Z ##[endgroup]
2025-01-31T14:06:10.1988030Z ##[group]Run file_hash=$(cat conda-osx-arm64.lock | shasum -a 256 | cut -d' ' -f1)
2025-01-31T14:06:10.1988440Z [36;1mfile_hash=$(cat conda-osx-arm64.lock | shasum -a 256 | cut -d' ' -f1)[0m
2025-01-31T14:06:10.1988940Z [36;1mecho "file_hash=tardis-conda-env-osx-arm64-${file_hash}-v1" >> "${GITHUB_OUTPUT}"[0m
2025-01-31T14:06:10.2039380Z shell: /bin/bash --noprofile --norc -e -o pipefail {0}
2025-01-31T14:06:10.2039640Z env:
2025-01-31T14:06:10.2039770Z   CACHE_NUMBER: 0
2025-01-31T14:06:10.2040250Z   PYTEST_FLAGS: --tardis-regression-data=/Users/runner/work/tardis/tardis/tardis-regression-data --cov=tardis --cov-report=xml --cov-report=html --cov-append
2025-01-31T14:06:10.2040760Z   CODECOV_TOKEN: 
2025-01-31T14:06:10.2040920Z ##[endgroup]
2025-01-31T14:06:10.3853620Z ##[group]Run mamba-org/setup-micromamba@v1
2025-01-31T14:06:10.3853920Z with:
2025-01-31T14:06:10.3854100Z   environment-file: conda-osx-arm64.lock
2025-01-31T14:06:10.3854630Z   cache-environment-key: tardis-conda-env-osx-arm64-bf0d0a4d4c847cca72476c6c68c493d56c484aada7e80de0e42c7607fcef5824-v1
2025-01-31T14:06:10.3855340Z   cache-downloads-key: tardis-conda-env-osx-arm64-bf0d0a4d4c847cca72476c6c68c493d56c484aada7e80de0e42c7607fcef5824-v1
2025-01-31T14:06:10.3855830Z   environment-name: tardis
2025-01-31T14:06:10.3856070Z   cache-environment: true
2025-01-31T14:06:10.3856270Z   cache-downloads: true
2025-01-31T14:06:10.3856460Z env:
2025-01-31T14:06:10.3856630Z   CACHE_NUMBER: 0
2025-01-31T14:06:10.3857130Z   PYTEST_FLAGS: --tardis-regression-data=/Users/runner/work/tardis/tardis/tardis-regression-data --cov=tardis --cov-report=xml --cov-report=html --cov-append
2025-01-31T14:06:10.3857670Z   CODECOV_TOKEN: 
2025-01-31T14:06:10.3857830Z ##[endgroup]
2025-01-31T14:06:10.4927350Z Will download micromamba to /Users/runner/micromamba-bin/micromamba
2025-01-31T14:06:10.4930930Z ##[group]Install micromamba
2025-01-31T14:06:11.1544960Z micromamba installed to /Users/runner/micromamba-bin/micromamba
2025-01-31T14:06:11.1545670Z ##[endgroup]
2025-01-31T14:06:11.1545980Z Adding conda-forge to condarc channels ...
2025-01-31T14:06:11.1552800Z ##[group]Initialize micromamba for bash.
2025-01-31T14:06:11.1562740Z [command]/Users/runner/micromamba-bin/micromamba shell init -s bash -r /Users/runner/micromamba --log-level warning --rc-file /Users/runner/work/_temp/setup-micromamba/.condarc
2025-01-31T14:06:11.1731890Z Modifying RC file "/Users/runner/.bash_profile"
2025-01-31T14:06:11.1733770Z Generating config for root prefix [1m"/Users/runner/micromamba"[0m
2025-01-31T14:06:11.1734290Z Setting mamba executable to: [1m"/Users/runner/micromamba-bin/micromamba"[0m
2025-01-31T14:06:11.1734700Z Adding (or replacing) the following in your "/Users/runner/.bash_profile" file
2025-01-31T14:06:11.1734940Z 
2025-01-31T14:06:11.1735010Z # >>> mamba initialize >>>
2025-01-31T14:06:11.1735240Z # !! Contents within this block are managed by 'mamba init' !!
2025-01-31T14:06:11.1735530Z export MAMBA_EXE='/Users/runner/micromamba-bin/micromamba';
2025-01-31T14:06:11.1735820Z export MAMBA_ROOT_PREFIX='/Users/runner/micromamba';
2025-01-31T14:06:11.1736220Z __mamba_setup="$("$MAMBA_EXE" shell hook --shell bash --root-prefix "$MAMBA_ROOT_PREFIX" 2> /dev/null)"
2025-01-31T14:06:11.1736580Z if [ $? -eq 0 ]; then
2025-01-31T14:06:11.1737110Z     eval "$__mamba_setup"
2025-01-31T14:06:11.1737260Z else
2025-01-31T14:06:11.1737480Z     alias micromamba="$MAMBA_EXE"  # Fallback on help from mamba activate
2025-01-31T14:06:11.1737740Z fi
2025-01-31T14:06:11.1737860Z unset __mamba_setup
2025-01-31T14:06:11.1738010Z # <<< mamba initialize <<<
2025-01-31T14:06:11.1738130Z 
2025-01-31T14:06:11.1739590Z ##[endgroup]
2025-01-31T14:06:11.1740290Z ##[group]Restoring downloads from `/Users/runner/micromamba/pkgs` ...
2025-01-31T14:06:12.5131210Z Received 41943040 of 310594474 (13.5%), 40.0 MBs/sec
2025-01-31T14:06:13.5151840Z Received 125829120 of 310594474 (40.5%), 59.9 MBs/sec
2025-01-31T14:06:14.5162730Z Received 201326592 of 310594474 (64.8%), 63.9 MBs/sec
2025-01-31T14:06:15.5164440Z Received 272629760 of 310594474 (87.8%), 64.9 MBs/sec
2025-01-31T14:06:16.0507840Z Cache Size: ~296 MB (310594474 B)
2025-01-31T14:06:16.0534860Z [command]/opt/homebrew/bin/gtar -xf /Users/runner/work/_temp/8d17d194-5b5e-4f9a-b103-7a03245a18e4/cache.tzst -P -C /Users/runner/work/tardis/tardis --delay-directory-restore --use-compress-program unzstd
2025-01-31T14:06:16.5196790Z Received 310594474 of 310594474 (100.0%), 59.2 MBs/sec
2025-01-31T14:06:16.5974290Z Cache restored successfully
2025-01-31T14:06:16.6045990Z Restored cache with key `tardis-conda-env-osx-arm64-bf0d0a4d4c847cca72476c6c68c493d56c484aada7e80de0e42c7607fcef5824-v1-osx-arm64`
2025-01-31T14:06:16.6142560Z ##[endgroup]
2025-01-31T14:06:16.6173800Z ##[group]Restoring environment `tardis` from `/Users/runner/micromamba/envs/tardis` ...
2025-01-31T14:06:17.9205240Z Received 46137344 of 385513979 (12.0%), 44.0 MBs/sec
2025-01-31T14:06:18.9212050Z Received 117440512 of 385513979 (30.5%), 56.0 MBs/sec
2025-01-31T14:06:19.9216640Z Received 188743680 of 385513979 (49.0%), 60.0 MBs/sec
2025-01-31T14:06:20.9235510Z Received 276824064 of 385513979 (71.8%), 66.0 MBs/sec
2025-01-31T14:06:21.9253750Z Received 339738624 of 385513979 (88.1%), 64.7 MBs/sec
2025-01-31T14:06:22.8787790Z Cache Size: ~368 MB (385513979 B)
2025-01-31T14:06:22.8855120Z [command]/opt/homebrew/bin/gtar -xf /Users/runner/work/_temp/72505eef-59fc-4c29-901d-7581fe38f30f/cache.tzst -P -C /Users/runner/work/tardis/tardis --delay-directory-restore --use-compress-program unzstd
2025-01-31T14:06:22.9284790Z Received 385513979 of 385513979 (100.0%), 61.2 MBs/sec
2025-01-31T14:06:34.8957310Z Cache restored successfully
2025-01-31T14:06:34.9061440Z Restored cache with key `tardis-conda-env-osx-arm64-bf0d0a4d4c847cca72476c6c68c493d56c484aada7e80de0e42c7607fcef5824-v1-osx-arm64-tardis-args-4f53cda-root-873f6fe-bin-[object Promise]-file-bf0d0a4d4c847cca72476c6c68c493d56c484aada7e80de0e42c7607fcef5824`
2025-01-31T14:06:34.9165210Z ##[endgroup]
2025-01-31T14:06:34.9171830Z Adding environment tardis to auto-activate bash ...
2025-01-31T14:06:34.9285960Z Generating micromamba run shell.
2025-01-31T14:06:34.9289040Z ##[endgroup]
2025-01-31T14:06:34.9298770Z Set environment variables.
2025-01-31T14:06:34.9338650Z ##[group]micromamba info
2025-01-31T14:06:34.9340110Z [command]/Users/runner/micromamba-bin/micromamba info -r /Users/runner/micromamba -n tardis
2025-01-31T14:06:35.4407430Z 
2025-01-31T14:06:35.4409680Z        libmamba version : 1.5.10
2025-01-31T14:06:35.4410560Z      micromamba version : 1.5.10
2025-01-31T14:06:35.4411280Z            curl version : libcurl/8.10.1 (OpenSSL/3.3.2) SecureTransport zlib/1.3.1 zstd/1.5.6 libssh2/1.11.0 nghttp2/1.58.0
2025-01-31T14:06:35.4412010Z      libarchive version : libarchive 3.7.4 zlib/1.2.13 bz2lib/1.0.8 libzstd/1.5.6
2025-01-31T14:06:35.4412680Z        envs directories : /Users/runner/micromamba/envs
2025-01-31T14:06:35.4413130Z           package cache : /Users/runner/micromamba/pkgs
2025-01-31T14:06:35.4413700Z                           /Users/runner/.mamba/pkgs
2025-01-31T14:06:35.4414170Z             environment : tardis
2025-01-31T14:06:35.4414640Z            env location : /Users/runner/micromamba/envs/tardis
2025-01-31T14:06:35.4415120Z       user config files : /Users/runner/.mambarc
2025-01-31T14:06:35.4415660Z  populated config files : /Users/runner/work/_temp/setup-micromamba/.condarc
2025-01-31T14:06:35.4420900Z        virtual packages : __unix=0=0
2025-01-31T14:06:35.4421260Z                           __osx=14.7.2=0
2025-01-31T14:06:35.4421640Z                           __archspec=1=arm64
2025-01-31T14:06:35.4422090Z                channels : https://conda.anaconda.org/conda-forge/osx-arm64
2025-01-31T14:06:35.4422730Z                           https://conda.anaconda.org/conda-forge/noarch
2025-01-31T14:06:35.4423080Z        base environment : /Users/runner/micromamba
2025-01-31T14:06:35.4423440Z                platform : osx-arm64
2025-01-31T14:06:35.4424150Z ##[endgroup]
2025-01-31T14:06:35.4424560Z ##[group]micromamba list
2025-01-31T14:06:35.4425140Z [command]/Users/runner/micromamba-bin/micromamba list -r /Users/runner/micromamba -n tardis
2025-01-31T14:06:36.0133710Z List of packages in environment: "/Users/runner/micromamba/envs/tardis"
2025-01-31T14:06:36.0134520Z 
2025-01-31T14:06:36.0134890Z   Name                           Version              Build                    Channel    
2025-01-31T14:06:36.0137960Z â”€â”€â”€â”€â”€â”€â”€â”€â”€â”€â”€â”€â”€â”€â”€â”€â”€â”€â”€â”€â”€â”€â”€â”€â”€â”€â”€â”€â”€â”€â”€â”€â”€â”€â”€â”€â”€â”€â”€â”€â”€â”€â”€â”€â”€â”€â”€â”€â”€â”€â”€â”€â”€â”€â”€â”€â”€â”€â”€â”€â”€â”€â”€â”€â”€â”€â”€â”€â”€â”€â”€â”€â”€â”€â”€â”€â”€â”€â”€â”€â”€â”€â”€â”€â”€â”€â”€â”€â”€â”€â”€â”€
2025-01-31T14:06:36.0139300Z   alabaster                      0.7.16               pyhd8ed1ab_0             conda-forge
2025-01-31T14:06:36.0139840Z   anyio                          4.4.0                pyhd8ed1ab_0             conda-forge
2025-01-31T14:06:36.0140270Z   appnope                        0.1.4                pyhd8ed1ab_0             conda-forge
2025-01-31T14:06:36.0140980Z   argon2-cffi                    23.1.0               pyhd8ed1ab_0             conda-forge
2025-01-31T14:06:36.0141400Z   argon2-cffi-bindings           21.2.0               py312h02f2b3b_4          conda-forge
2025-01-31T14:06:36.0141850Z   arrow                          1.3.0                pyhd8ed1ab_0             conda-forge
2025-01-31T14:06:36.0142260Z   astropy                        6.1.1                py312hbebd99a_0          conda-forge
2025-01-31T14:06:36.0142690Z   astropy-iers-data              0.2024.6.17.0.31.35  pyhd8ed1ab_0             conda-forge
2025-01-31T14:06:36.0143180Z   astropy-sphinx-theme           1.1                  pyhd8ed1ab_0             conda-forge
2025-01-31T14:06:36.0143570Z   asttokens                      2.4.1                pyhd8ed1ab_0             conda-forge
2025-01-31T14:06:36.0144000Z   async-lru                      2.0.4                pyhd8ed1ab_0             conda-forge
2025-01-31T14:06:36.0144350Z   atk-1.0                        2.38.0               hd03087b_2               conda-forge
2025-01-31T14:06:36.0144780Z   attrs                          23.2.0               pyh71513ae_0             conda-forge
2025-01-31T14:06:36.0145130Z   babel                          2.14.0               pyhd8ed1ab_0             conda-forge
2025-01-31T14:06:36.0145540Z   beautifulsoup4                 4.12.3               pyha770c72_0             conda-forge
2025-01-31T14:06:36.0146640Z   bleach                         6.1.0                pyhd8ed1ab_0             conda-forge
2025-01-31T14:06:36.0147020Z   blosc                          1.21.5               h9c252e8_1               conda-forge
2025-01-31T14:06:36.0147450Z   brotli                         1.1.0                hb547adb_1               conda-forge
2025-01-31T14:06:36.0147750Z   brotli-bin                     1.1.0                hb547adb_1               conda-forge
2025-01-31T14:06:36.0148080Z   brotli-python                  1.1.0                py312h9f69965_1          conda-forge
2025-01-31T14:06:36.0148450Z   bzip2                          1.0.8                h93a5062_5               conda-forge
2025-01-31T14:06:36.0148820Z   c-ares                         1.28.1               h93a5062_0               conda-forge
2025-01-31T14:06:36.0149140Z   c-blosc2                       2.14.4               ha57e6be_1               conda-forge
2025-01-31T14:06:36.0149610Z   ca-certificates                2024.6.2             hf0a4a13_0               conda-forge
2025-01-31T14:06:36.0151370Z   cached-property                1.5.2                hd8ed1ab_1               conda-forge
2025-01-31T14:06:36.0151710Z   cached_property                1.5.2                pyha770c72_1             conda-forge
2025-01-31T14:06:36.0181470Z   cairo                          1.18.0               hd1e100b_0               conda-forge
2025-01-31T14:06:36.0182430Z   certifi                        2024.6.2             pyhd8ed1ab_0             conda-forge
2025-01-31T14:06:36.0182870Z   cffi                           1.16.0               py312h8e38eb3_0          conda-forge
2025-01-31T14:06:36.0183270Z   charset-normalizer             3.3.2                pyhd8ed1ab_0             conda-forge
2025-01-31T14:06:36.0183710Z   click                          8.1.7                unix_pyh707e725_0        conda-forge
2025-01-31T14:06:36.0184050Z   codespell                      2.3.0                pyhd8ed1ab_0             conda-forge
2025-01-31T14:06:36.0184480Z   colorama                       0.4.6                pyhd8ed1ab_0             conda-forge
2025-01-31T14:06:36.0184760Z   comm                           0.2.2                pyhd8ed1ab_0             conda-forge
2025-01-31T14:06:36.0185090Z   commonmark                     0.9.1                py_0                     conda-forge
2025-01-31T14:06:36.0185430Z   contourpy                      1.2.1                py312h0fef576_0          conda-forge
2025-01-31T14:06:36.0185720Z   coverage                       7.5.3                py312h7e5086c_0          conda-forge
2025-01-31T14:06:36.0186060Z   cycler                         0.12.1               pyhd8ed1ab_0             conda-forge
2025-01-31T14:06:36.0186410Z   dataclasses                    0.8                  pyhc8e2a94_3             conda-forge
2025-01-31T14:06:36.0186770Z   debugpy                        1.8.1                py312h20a0b95_0          conda-forge
2025-01-31T14:06:36.0187130Z   decorator                      5.1.1                pyhd8ed1ab_0             conda-forge
2025-01-31T14:06:36.0187550Z   defusedxml                     0.7.1                pyhd8ed1ab_0             conda-forge
2025-01-31T14:06:36.0187930Z   docutils                       0.20.1               py312h81bd7bf_3          conda-forge
2025-01-31T14:06:36.0188340Z   dot2tex                        2.11.3               pyhd8ed1ab_0             conda-forge
2025-01-31T14:06:36.0188690Z   entrypoints                    0.4                  pyhd8ed1ab_0             conda-forge
2025-01-31T14:06:36.0189090Z   exceptiongroup                 1.2.0                pyhd8ed1ab_2             conda-forge
2025-01-31T14:06:36.0189450Z   executing                      2.0.1                pyhd8ed1ab_0             conda-forge
2025-01-31T14:06:36.0189830Z   expat                          2.6.2                hebf3989_0               conda-forge
2025-01-31T14:06:36.0190470Z   font-ttf-dejavu-sans-mono      2.37                 hab24e00_0               conda-forge
2025-01-31T14:06:36.0191250Z   font-ttf-inconsolata           3.000                h77eed37_0               conda-forge
2025-01-31T14:06:36.0191690Z   font-ttf-source-code-pro       2.038                h77eed37_0               conda-forge
2025-01-31T14:06:36.0192170Z   font-ttf-ubuntu                0.83                 h77eed37_2               conda-forge
2025-01-31T14:06:36.0192610Z   fontconfig                     2.14.2               h82840c6_0               conda-forge
2025-01-31T14:06:36.0193000Z   fonts-conda-ecosystem          1                    0                        conda-forge
2025-01-31T14:06:36.0193400Z   fonts-conda-forge              1                    0                        conda-forge
2025-01-31T14:06:36.0193760Z   fonttools                      4.53.0               py312h7e5086c_0          conda-forge
2025-01-31T14:06:36.0194630Z   fqdn                           1.5.1                pyhd8ed1ab_0             conda-forge
2025-01-31T14:06:36.0195010Z   freetype                       2.12.1               hadb7bae_2               conda-forge
2025-01-31T14:06:36.0195740Z   fribidi                        1.0.10               h27ca646_0               conda-forge
2025-01-31T14:06:36.0196080Z   future                         1.0.0                pyhd8ed1ab_0             conda-forge
2025-01-31T14:06:36.0196500Z   gdk-pixbuf                     2.42.12              h7ddc832_0               conda-forge
2025-01-31T14:06:36.0196860Z   gettext                        0.22.5               h8fbad5d_2               conda-forge
2025-01-31T14:06:36.0197280Z   gettext-tools                  0.22.5               h8fbad5d_2               conda-forge
2025-01-31T14:06:36.0197630Z   giflib                         5.2.2                h93a5062_0               conda-forge
2025-01-31T14:06:36.0198120Z   git-lfs                        3.5.1                hce30654_0               conda-forge
2025-01-31T14:06:36.0198470Z   gmp                            6.3.0                hebf3989_1               conda-forge
2025-01-31T14:06:36.0198950Z   gmpy2                          2.1.5                py312hfa9fade_1          conda-forge
2025-01-31T14:06:36.0199450Z   graphite2                      1.3.13               hebf3989_1003            conda-forge
2025-01-31T14:06:36.0199860Z   graphviz                       11.0.0               h9bb9bc9_0               conda-forge
2025-01-31T14:06:36.0200280Z   gtk2                           2.24.33              h7895bb2_4               conda-forge
2025-01-31T14:06:36.0200870Z   gts                            0.7.6                he42f4ea_4               conda-forge
2025-01-31T14:06:36.0201370Z   h11                            0.14.0               pyhd8ed1ab_0             conda-forge
2025-01-31T14:06:36.0201650Z   h2                             4.1.0                pyhd8ed1ab_0             conda-forge
2025-01-31T14:06:36.0201920Z   h5py                           3.11.0               nompi_py312h903599c_102  conda-forge
2025-01-31T14:06:36.0202220Z   harfbuzz                       8.5.0                h1836168_0               conda-forge
2025-01-31T14:06:36.0202530Z   hdf5                           1.14.3               nompi_hec07895_105       conda-forge
2025-01-31T14:06:36.0202800Z   hpack                          4.0.0                pyh9f0ad1d_0             conda-forge
2025-01-31T14:06:36.0203080Z   httpcore                       1.0.5                pyhd8ed1ab_0             conda-forge
2025-01-31T14:06:36.0203360Z   httpx                          0.27.0               pyhd8ed1ab_0             conda-forge
2025-01-31T14:06:36.0203640Z   hyperframe                     6.0.1                pyhd8ed1ab_0             conda-forge
2025-01-31T14:06:36.0204000Z   icu                            73.2                 hc8870d7_0               conda-forge
2025-01-31T14:06:36.0204260Z   idna                           3.7                  pyhd8ed1ab_0             conda-forge
2025-01-31T14:06:36.0204590Z   imagesize                      1.4.1                pyhd8ed1ab_0             conda-forge
2025-01-31T14:06:36.0205170Z   importlib-metadata             7.1.0                pyha770c72_0             conda-forge
2025-01-31T14:06:36.0205560Z   importlib_metadata             7.1.0                hd8ed1ab_0               conda-forge
2025-01-31T14:06:36.0206020Z   importlib_resources            6.4.0                pyhd8ed1ab_0             conda-forge
2025-01-31T14:06:36.0206400Z   iniconfig                      2.0.0                pyhd8ed1ab_0             conda-forge
2025-01-31T14:06:36.0206680Z   ipykernel                      6.29.4               pyh57ce528_0             conda-forge
2025-01-31T14:06:36.0207050Z   ipython                        8.25.0               pyh707e725_0             conda-forge
2025-01-31T14:06:36.0207350Z   ipython_genutils               0.2.0                pyhd8ed1ab_1             conda-forge
2025-01-31T14:06:36.0207660Z   ipywidgets                     7.8.0                pyhd8ed1ab_0             conda-forge
2025-01-31T14:06:36.0207960Z   isoduration                    20.11.0              pyhd8ed1ab_0             conda-forge
2025-01-31T14:06:36.0208750Z   jedi                           0.19.1               pyhd8ed1ab_0             conda-forge
2025-01-31T14:06:36.0209020Z   jinja2                         3.1.4                pyhd8ed1ab_0             conda-forge
2025-01-31T14:06:36.0209390Z   json5                          0.9.25               pyhd8ed1ab_0             conda-forge
2025-01-31T14:06:36.0209730Z   jsonpointer                    3.0.0                py312h81bd7bf_0          conda-forge
2025-01-31T14:06:36.0210150Z   jsonschema                     4.22.0               pyhd8ed1ab_0             conda-forge
2025-01-31T14:06:36.0210530Z   jsonschema-specifications      2023.12.1            pyhd8ed1ab_0             conda-forge
2025-01-31T14:06:36.0211040Z   jsonschema-with-format-nongpl  4.22.0               pyhd8ed1ab_0             conda-forge
2025-01-31T14:06:36.0211440Z   jupyter-lsp                    2.2.5                pyhd8ed1ab_0             conda-forge
2025-01-31T14:06:36.0211860Z   jupyter_client                 8.6.2                pyhd8ed1ab_0             conda-forge
2025-01-31T14:06:36.0212220Z   jupyter_core                   5.7.2                py312h81bd7bf_0          conda-forge
2025-01-31T14:06:36.0212530Z   jupyter_events                 0.10.0               pyhd8ed1ab_0             conda-forge
2025-01-31T14:06:36.0212880Z   jupyter_server                 2.14.1               pyhd8ed1ab_0             conda-forge
2025-01-31T14:06:36.0213200Z   jupyter_server_terminals       0.5.3                pyhd8ed1ab_0             conda-forge
2025-01-31T14:06:36.0213620Z   jupyterlab                     4.2.2                pyhd8ed1ab_0             conda-forge
2025-01-31T14:06:36.0214030Z   jupyterlab_pygments            0.3.0                pyhd8ed1ab_1             conda-forge
2025-01-31T14:06:36.0214510Z   jupyterlab_server              2.27.2               pyhd8ed1ab_0             conda-forge
2025-01-31T14:06:36.0214940Z   jupyterlab_widgets             1.1.7                pyhd8ed1ab_0             conda-forge
2025-01-31T14:06:36.0215390Z   kiwisolver                     1.4.5                py312h389731b_1          conda-forge
2025-01-31T14:06:36.0215770Z   krb5                           1.21.2               h92f50d5_0               conda-forge
2025-01-31T14:06:36.0216220Z   latexcodec                     2.0.1                pyh9f0ad1d_0             conda-forge
2025-01-31T14:06:36.0216550Z   lcms2                          2.16                 ha0e7c42_0               conda-forge
2025-01-31T14:06:36.0216930Z   lerc                           4.0.0                h9a09cb3_0               conda-forge
2025-01-31T14:06:36.0217270Z   libaec                         1.1.3                hebf3989_0               conda-forge
2025-01-31T14:06:36.0217690Z   libasprintf                    0.22.5               h8fbad5d_2               conda-forge
2025-01-31T14:06:36.0218110Z   libasprintf-devel              0.22.5               h8fbad5d_2               conda-forge
2025-01-31T14:06:36.0218500Z   libblas                        3.9.0                22_osxarm64_openblas     conda-forge
2025-01-31T14:06:36.0219080Z   libbrotlicommon                1.1.0                hb547adb_1               conda-forge
2025-01-31T14:06:36.0219450Z   libbrotlidec                   1.1.0                hb547adb_1               conda-forge
2025-01-31T14:06:36.0219860Z   libbrotlienc                   1.1.0                hb547adb_1               conda-forge
2025-01-31T14:06:36.0220270Z   libcblas                       3.9.0                22_osxarm64_openblas     conda-forge
2025-01-31T14:06:36.0220620Z   libcurl                        8.8.0                h7b6f9a7_0               conda-forge
2025-01-31T14:06:36.0221080Z   libcxx                         17.0.6               h5f092b4_0               conda-forge
2025-01-31T14:06:36.0221450Z   libdeflate                     1.20                 h93a5062_0               conda-forge
2025-01-31T14:06:36.0221880Z   libedit                        3.1.20191231         hc8eb9b7_2               conda-forge
2025-01-31T14:06:36.0222270Z   libev                          4.33                 h93a5062_2               conda-forge
2025-01-31T14:06:36.0222820Z   libexpat                       2.6.2                hebf3989_0               conda-forge
2025-01-31T14:06:36.0223180Z   libffi                         3.4.2                h3422bc3_5               conda-forge
2025-01-31T14:06:36.0223640Z   libgd                          2.3.3                hfdf3952_9               conda-forge
2025-01-31T14:06:36.0224080Z   libgettextpo                   0.22.5               h8fbad5d_2               conda-forge
2025-01-31T14:06:36.0224500Z   libgettextpo-devel             0.22.5               h8fbad5d_2               conda-forge
2025-01-31T14:06:36.0224980Z   libgfortran                    5.0.0                13_2_0_hd922786_3        conda-forge
2025-01-31T14:06:36.0225360Z   libgfortran5                   13.2.0               hf226fd6_3               conda-forge
2025-01-31T14:06:36.0225690Z   libglib                        2.80.2               h59d46d9_1               conda-forge
2025-01-31T14:06:36.0226030Z   libiconv                       1.17                 h0d3ecfb_2               conda-forge
2025-01-31T14:06:36.0226480Z   libintl                        0.22.5               h8fbad5d_2               conda-forge
2025-01-31T14:06:36.0226890Z   libintl-devel                  0.22.5               h8fbad5d_2               conda-forge
2025-01-31T14:06:36.0227310Z   libjpeg-turbo                  3.0.0                hb547adb_1               conda-forge
2025-01-31T14:06:36.0227670Z   liblapack                      3.9.0                22_osxarm64_openblas     conda-forge
2025-01-31T14:06:36.0228010Z   libllvm14                      14.0.6               hd1a9a77_4               conda-forge
2025-01-31T14:06:36.0228370Z   libnghttp2                     1.58.0               ha4dd798_1               conda-forge
2025-01-31T14:06:36.0228780Z   libopenblas                    0.3.27               openmp_h6c19121_0        conda-forge
2025-01-31T14:06:36.0229090Z   libpng                         1.6.43               h091b4b1_0               conda-forge
2025-01-31T14:06:36.0229460Z   librsvg                        2.58.1               hbc281fb_0               conda-forge
2025-01-31T14:06:36.0229820Z   libsodium                      1.0.18               h27ca646_1               conda-forge
2025-01-31T14:06:36.0230160Z   libsqlite                      3.46.0               hfb93653_0               conda-forge
2025-01-31T14:06:36.0234390Z   libssh2                        1.11.0               h7a5bd25_0               conda-forge
2025-01-31T14:06:36.0234980Z   libtiff                        4.6.0                h07db509_3               conda-forge
2025-01-31T14:06:36.0235330Z   libwebp                        1.4.0                h54798ee_0               conda-forge
2025-01-31T14:06:36.0235810Z   libwebp-base                   1.4.0                h93a5062_0               conda-forge
2025-01-31T14:06:36.0236230Z   libxcb                         1.16                 hf2054a2_0               conda-forge
2025-01-31T14:06:36.0236820Z   libxml2                        2.12.7               ha661575_1               conda-forge
2025-01-31T14:06:36.0237170Z   libxslt                        1.1.39               h223e5b9_0               conda-forge
2025-01-31T14:06:36.0237660Z   libzlib                        1.3.1                hfb2fe0b_1               conda-forge
2025-01-31T14:06:36.0238060Z   llvm-openmp                    18.1.7               hde57baf_0               conda-forge
2025-01-31T14:06:36.0238480Z   llvmlite                       0.42.0               py312h17030e7_1          conda-forge
2025-01-31T14:06:36.0238830Z   lxml                           5.2.2                py312h0e5ab22_0          conda-forge
2025-01-31T14:06:36.0239220Z   lz4-c                          1.9.4                hb7217d7_0               conda-forge
2025-01-31T14:06:36.0239550Z   markupsafe                     2.1.5                py312he37b823_0          conda-forge
2025-01-31T14:06:36.0239940Z   matplotlib-base                3.8.4                py312h4479663_2          conda-forge
2025-01-31T14:06:36.0240560Z   matplotlib-inline              0.1.7                pyhd8ed1ab_0             conda-forge
2025-01-31T14:06:36.0240990Z   mistune                        3.0.2                pyhd8ed1ab_0             conda-forge
2025-01-31T14:06:36.0241300Z   mpc                            1.3.1                h91ba8db_0               conda-forge
2025-01-31T14:06:36.0241600Z   mpfr                           4.2.1                h41d338b_1               conda-forge
2025-01-31T14:06:36.0241880Z   mpmath                         1.3.0                pyhd8ed1ab_0             conda-forge
2025-01-31T14:06:36.0242230Z   munkres                        1.1.4                pyh9f0ad1d_0             conda-forge
2025-01-31T14:06:36.0242530Z   mypy_extensions                1.0.0                pyha770c72_0             conda-forge
2025-01-31T14:06:36.0242920Z   nbclassic                      1.1.0                pyhd8ed1ab_0             conda-forge
2025-01-31T14:06:36.0243260Z   nbclient                       0.10.0               pyhd8ed1ab_0             conda-forge
2025-01-31T14:06:36.0243650Z   nbconvert                      7.16.4               hd8ed1ab_1               conda-forge
2025-01-31T14:06:36.0243990Z   nbconvert-core                 7.16.4               pyhd8ed1ab_1             conda-forge
2025-01-31T14:06:36.0244330Z   nbconvert-pandoc               7.16.4               hd8ed1ab_1               conda-forge
2025-01-31T14:06:36.0244710Z   nbformat                       5.10.4               pyhd8ed1ab_0             conda-forge
2025-01-31T14:06:36.0245040Z   nbsphinx                       0.9.4                pyhd8ed1ab_0             conda-forge
2025-01-31T14:06:36.0245360Z   ncurses                        6.5                  hb89a1cb_0               conda-forge
2025-01-31T14:06:36.0245700Z   nest-asyncio                   1.6.0                pyhd8ed1ab_0             conda-forge
2025-01-31T14:06:36.0246090Z   networkx                       3.3                  pyhd8ed1ab_1             conda-forge
2025-01-31T14:06:36.0246420Z   notebook                       7.2.1                pyhd8ed1ab_0             conda-forge
2025-01-31T14:06:36.0246780Z   notebook-shim                  0.2.4                pyhd8ed1ab_0             conda-forge
2025-01-31T14:06:36.0247120Z   numba                          0.59.1               py312hbaff935_0          conda-forge
2025-01-31T14:06:36.0247480Z   numexpr                        2.10.0               py312h8ae5369_0          conda-forge
2025-01-31T14:06:36.0247800Z   numpy                          1.26.4               py312h8442bc7_0          conda-forge
2025-01-31T14:06:36.0248140Z   numpydoc                       1.7.0                pyhd8ed1ab_1             conda-forge
2025-01-31T14:06:36.0248470Z   openjpeg                       2.5.2                h9f1df11_0               conda-forge
2025-01-31T14:06:36.0248760Z   openssl                        3.3.1                hfb2fe0b_0               conda-forge
2025-01-31T14:06:36.0249150Z   overrides                      7.7.0                pyhd8ed1ab_0             conda-forge
2025-01-31T14:06:36.0249440Z   packaging                      24.1                 pyhd8ed1ab_0             conda-forge
2025-01-31T14:06:36.0249720Z   pandas                         2.2.2                py312h8ae5369_1          conda-forge
2025-01-31T14:06:36.0249980Z   pandoc                         3.2                  hce30654_0               conda-forge
2025-01-31T14:06:36.0250280Z   pandocfilters                  1.5.0                pyhd8ed1ab_0             conda-forge
2025-01-31T14:06:36.0250570Z   pango                          1.54.0               h5cb9fbc_0               conda-forge
2025-01-31T14:06:36.0250840Z   parso                          0.8.4                pyhd8ed1ab_0             conda-forge
2025-01-31T14:06:36.0251120Z   pathspec                       0.12.1               pyhd8ed1ab_0             conda-forge
2025-01-31T14:06:36.0251400Z   pbr                            6.0.0                pyhd8ed1ab_0             conda-forge
2025-01-31T14:06:36.0251790Z   pcre2                          10.44                h297a79d_0               conda-forge
2025-01-31T14:06:36.0252070Z   pexpect                        4.9.0                pyhd8ed1ab_0             conda-forge
2025-01-31T14:06:36.0252360Z   pickleshare                    0.7.5                py_1003                  conda-forge
2025-01-31T14:06:36.0252640Z   pillow                         10.3.0               py312h39b1d8d_1          conda-forge
2025-01-31T14:06:36.0252910Z   pip                            24.0                 pyhd8ed1ab_0             conda-forge
2025-01-31T14:06:36.0253170Z   pixman                         0.43.4               hebf3989_0               conda-forge
2025-01-31T14:06:36.0253490Z   pkgutil-resolve-name           1.3.10               pyhd8ed1ab_1             conda-forge
2025-01-31T14:06:36.0253810Z   platformdirs                   4.2.2                pyhd8ed1ab_0             conda-forge
2025-01-31T14:06:36.0254110Z   plotly                         5.22.0               pyhd8ed1ab_0             conda-forge
2025-01-31T14:06:36.0254380Z   pluggy                         1.5.0                pyhd8ed1ab_0             conda-forge
2025-01-31T14:06:36.0254680Z   prometheus_client              0.20.0               pyhd8ed1ab_0             conda-forge
2025-01-31T14:06:36.0255000Z   prompt-toolkit                 3.0.47               pyha770c72_0             conda-forge
2025-01-31T14:06:36.0255300Z   psutil                         5.9.8                py312he37b823_0          conda-forge
2025-01-31T14:06:36.0255590Z   pthread-stubs                  0.4                  h27ca646_1001            conda-forge
2025-01-31T14:06:36.0255890Z   ptyprocess                     0.7.0                pyhd3deb0d_0             conda-forge
2025-01-31T14:06:36.0256170Z   pure_eval                      0.2.2                pyhd8ed1ab_0             conda-forge
2025-01-31T14:06:36.0256460Z   py-cpuinfo                     9.0.0                pyhd8ed1ab_0             conda-forge
2025-01-31T14:06:36.0256750Z   pybtex                         0.24.0               pyhd8ed1ab_2             conda-forge
2025-01-31T14:06:36.0257050Z   pybtex-docutils                1.0.3                py312h81bd7bf_1          conda-forge
2025-01-31T14:06:36.0257360Z   pycparser                      2.22                 pyhd8ed1ab_0             conda-forge
2025-01-31T14:06:36.0257640Z   pyerfa                         2.0.1.4              py312hbebd99a_1          conda-forge
2025-01-31T14:06:36.0257920Z   pygments                       2.18.0               pyhd8ed1ab_0             conda-forge
2025-01-31T14:06:36.0258220Z   pygraphviz                     1.13                 py312h5f4d302_1          conda-forge
2025-01-31T14:06:36.0258510Z   pyobjc-core                    10.3.1               py312hbb55c70_0          conda-forge
2025-01-31T14:06:36.0258840Z   pyobjc-framework-cocoa         10.3.1               py312hbb55c70_0          conda-forge
2025-01-31T14:06:36.0259370Z   pyparsing                      3.1.2                pyhd8ed1ab_0             conda-forge
2025-01-31T14:06:36.0259650Z   pysocks                        1.7.1                pyha2e5f31_6             conda-forge
2025-01-31T14:06:36.0259970Z   pytables                       3.9.2                py312hb622ae1_2          conda-forge
2025-01-31T14:06:36.0260270Z   pytest                         8.2.2                pyhd8ed1ab_0             conda-forge
2025-01-31T14:06:36.0260580Z   pytest-cov                     5.0.0                pyhd8ed1ab_0             conda-forge
2025-01-31T14:06:36.0260900Z   pytest-doctestplus             1.2.1                pyhd8ed1ab_0             conda-forge
2025-01-31T14:06:36.0261220Z   pytest-html                    4.1.1                pyhd8ed1ab_0             conda-forge
2025-01-31T14:06:36.0261520Z   pytest-metadata                3.1.1                pyhd8ed1ab_0             conda-forge
2025-01-31T14:06:36.0261830Z   python                         3.12.4               h30c5eda_0_cpython       conda-forge
2025-01-31T14:06:36.0262330Z   python-dateutil                2.9.0                pyhd8ed1ab_0             conda-forge
2025-01-31T14:06:36.0262670Z   python-fastjsonschema          2.20.0               pyhd8ed1ab_0             conda-forge
2025-01-31T14:06:36.0263010Z   python-json-logger             2.0.7                pyhd8ed1ab_0             conda-forge
2025-01-31T14:06:36.0263330Z   python-tzdata                  2024.1               pyhd8ed1ab_0             conda-forge
2025-01-31T14:06:36.0263630Z   python_abi                     3.12                 4_cp312                  conda-forge
2025-01-31T14:06:36.0263910Z   pytz                           2024.1               pyhd8ed1ab_0             conda-forge
2025-01-31T14:06:36.0264180Z   pyyaml                         6.0.1                py312h02f2b3b_1          conda-forge
2025-01-31T14:06:36.0264460Z   pyzmq                          26.0.3               py312hfa13136_0          conda-forge
2025-01-31T14:06:36.0264740Z   qgrid                          1.3.1                pyhd8ed1ab_4             conda-forge
2025-01-31T14:06:36.0265040Z   radioactivedecay               0.5.1                pyhd8ed1ab_0             conda-forge
2025-01-31T14:06:36.0265340Z   readline                       8.2                  h92ec313_1               conda-forge
2025-01-31T14:06:36.0265630Z   recommonmark                   0.7.1                pyhd8ed1ab_0             conda-forge
2025-01-31T14:06:36.0265930Z   referencing                    0.35.1               pyhd8ed1ab_0             conda-forge
2025-01-31T14:06:36.0266230Z   requests                       2.32.3               pyhd8ed1ab_0             conda-forge
2025-01-31T14:06:36.0266530Z   rfc3339-validator              0.1.4                pyhd8ed1ab_0             conda-forge
2025-01-31T14:06:36.0266850Z   rfc3986-validator              0.1.1                pyh9f0ad1d_0             conda-forge
2025-01-31T14:06:36.0267140Z   rpds-py                        0.18.1               py312h552d48e_0          conda-forge
2025-01-31T14:06:36.0267410Z   ruff                           0.4.9                py312h3402d49_0          conda-forge
2025-01-31T14:06:36.0267680Z   scipy                          1.13.1               py312h14ffa8f_0          conda-forge
2025-01-31T14:06:36.0267960Z   send2trash                     1.8.3                pyh31c8845_0             conda-forge
2025-01-31T14:06:36.0268250Z   setuptools                     70.0.0               pyhd8ed1ab_0             conda-forge
2025-01-31T14:06:36.0268550Z   setuptools-scm                 8.1.0                pyhd8ed1ab_0             conda-forge
2025-01-31T14:06:36.0268860Z   setuptools_scm                 8.1.0                hd8ed1ab_0               conda-forge
2025-01-31T14:06:36.0269140Z   six                            1.16.0               pyh6c4a22f_0             conda-forge
2025-01-31T14:06:36.0269410Z   snakeviz                       2.2.0                pyhd8ed1ab_0             conda-forge
2025-01-31T14:06:36.0269900Z   snappy                         1.2.0                hd04f947_1               conda-forge
2025-01-31T14:06:36.0270180Z   sniffio                        1.3.1                pyhd8ed1ab_0             conda-forge
2025-01-31T14:06:36.0270480Z   snowballstemmer                2.2.0                pyhd8ed1ab_0             conda-forge
2025-01-31T14:06:36.0270840Z   soupsieve                      2.5                  pyhd8ed1ab_1             conda-forge
2025-01-31T14:06:36.0271170Z   sphinx                         7.3.7                pyhd8ed1ab_0             conda-forge
2025-01-31T14:06:36.0271490Z   sphinx-astropy                 1.9.1                pyhd8ed1ab_0             conda-forge
2025-01-31T14:06:36.0271820Z   sphinx-automodapi              0.17.0               pyh717bed2_1             conda-forge
2025-01-31T14:06:36.0272400Z   sphinx-gallery                 0.16.0               pyhd8ed1ab_0             conda-forge
2025-01-31T14:06:36.0272860Z   sphinx-jsonschema              1.19.1               pyhd8ed1ab_0             conda-forge
2025-01-31T14:06:36.0273510Z   sphinx_bootstrap_theme         0.8.1                pyhd8ed1ab_0             conda-forge
2025-01-31T14:06:36.0273860Z   sphinx_rtd_theme               2.0.0                pyha770c72_0             conda-forge
2025-01-31T14:06:36.0274360Z   sphinxcontrib-apidoc           0.3.0                py_1                     conda-forge
2025-01-31T14:06:36.0274750Z   sphinxcontrib-applehelp        1.0.8                pyhd8ed1ab_0             conda-forge
2025-01-31T14:06:36.0275140Z   sphinxcontrib-bibtex           2.6.2                pyhd8ed1ab_0             conda-forge
2025-01-31T14:06:36.0275570Z   sphinxcontrib-devhelp          1.0.6                pyhd8ed1ab_0             conda-forge
2025-01-31T14:06:36.0275940Z   sphinxcontrib-htmlhelp         2.0.5                pyhd8ed1ab_0             conda-forge
2025-01-31T14:06:36.0276310Z   sphinxcontrib-jquery           4.1                  pyhd8ed1ab_0             conda-forge
2025-01-31T14:06:36.0276680Z   sphinxcontrib-jsmath           1.0.1                pyhd8ed1ab_0             conda-forge
2025-01-31T14:06:36.0277040Z   sphinxcontrib-qthelp           1.0.7                pyhd8ed1ab_0             conda-forge
2025-01-31T14:06:36.0283660Z   sphinxcontrib-serializinghtml  1.1.10               pyhd8ed1ab_0             conda-forge
2025-01-31T14:06:36.0284030Z   stack_data                     0.6.2                pyhd8ed1ab_0             conda-forge
2025-01-31T14:06:36.0284320Z   sympy                          1.12.1               pypyh2585a3b_103         conda-forge
2025-01-31T14:06:36.0284600Z   tabulate                       0.9.0                pyhd8ed1ab_1             conda-forge
2025-01-31T14:06:36.0284880Z   tenacity                       8.4.1                pyhd8ed1ab_0             conda-forge
2025-01-31T14:06:36.0285170Z   terminado                      0.18.1               pyh31c8845_0             conda-forge
2025-01-31T14:06:36.0285460Z   tinycss2                       1.3.0                pyhd8ed1ab_0             conda-forge
2025-01-31T14:06:36.0285730Z   tk                             8.6.13               h5083fa2_1               conda-forge
2025-01-31T14:06:36.0285990Z   toml                           0.10.2               pyhd8ed1ab_0             conda-forge
2025-01-31T14:06:36.0286260Z   tomli                          2.0.1                pyhd8ed1ab_0             conda-forge
2025-01-31T14:06:36.0286540Z   tornado                        6.4.1                py312h7e5086c_0          conda-forge
2025-01-31T14:06:36.0286810Z   tqdm                           4.66.4               pyhd8ed1ab_0             conda-forge
2025-01-31T14:06:36.0287090Z   traitlets                      5.14.3               pyhd8ed1ab_0             conda-forge
2025-01-31T14:06:36.0287370Z   typed-ast                      1.5.5                py312h02f2b3b_1          conda-forge
2025-01-31T14:06:36.0287700Z   types-python-dateutil          2.9.0.20240316       pyhd8ed1ab_0             conda-forge
2025-01-31T14:06:36.0288200Z   typing-extensions              4.12.2               hd8ed1ab_0               conda-forge
2025-01-31T14:06:36.0288530Z   typing_extensions              4.12.2               pyha770c72_0             conda-forge
2025-01-31T14:06:36.0288840Z   typing_utils                   0.1.0                pyhd8ed1ab_0             conda-forge
2025-01-31T14:06:36.0289130Z   tzdata                         2024a                h0c530f3_0               conda-forge
2025-01-31T14:06:36.0289420Z   uri-template                   1.3.0                pyhd8ed1ab_0             conda-forge
2025-01-31T14:06:36.0289710Z   urllib3                        2.2.2                pyhd8ed1ab_0             conda-forge
2025-01-31T14:06:36.0289990Z   wcwidth                        0.2.13               pyhd8ed1ab_0             conda-forge
2025-01-31T14:06:36.0290300Z   webcolors                      24.6.0               pyhd8ed1ab_0             conda-forge
2025-01-31T14:06:36.0290600Z   webencodings                   0.5.1                pyhd8ed1ab_2             conda-forge
2025-01-31T14:06:36.0291070Z   websocket-client               1.8.0                pyhd8ed1ab_0             conda-forge
2025-01-31T14:06:36.0291370Z   wheel                          0.43.0               pyhd8ed1ab_1             conda-forge
2025-01-31T14:06:36.0291670Z   widgetsnbextension             3.6.6                pyhd8ed1ab_0             conda-forge
2025-01-31T14:06:36.0291990Z   xorg-libxau                    1.0.11               hb547adb_0               conda-forge
2025-01-31T14:06:36.0292290Z   xorg-libxdmcp                  1.1.3                h27ca646_0               conda-forge
2025-01-31T14:06:36.0292560Z   xz                             5.2.6                h57fd34a_0               conda-forge
2025-01-31T14:06:36.0292810Z   yaml                           0.2.5                h3422bc3_2               conda-forge
2025-01-31T14:06:36.0293070Z   zeromq                         4.3.5                hcc0f68c_4               conda-forge
2025-01-31T14:06:36.0293350Z   zipp                           3.19.2               pyhd8ed1ab_0             conda-forge
2025-01-31T14:06:36.0293610Z   zlib                           1.3.1                hfb2fe0b_1               conda-forge
2025-01-31T14:06:36.0293880Z   zlib-ng                        2.0.7                h1a8c8d9_0               conda-forge
2025-01-31T14:06:36.0294140Z   zstd                           1.5.6                hb46c0d2_0               conda-forge
2025-01-31T14:06:36.0294610Z ##[endgroup]
