2025-01-13T19:03:17.0573873Z Prepare all required actions
2025-01-13T19:03:17.0574717Z Getting action download info
2025-01-13T19:03:17.5063191Z Download action repository 'mamba-org/setup-micromamba@v1' (SHA:4b9113af4fba0e9e1124b252dd6497a419e7396d)
2025-01-13T19:03:18.2142329Z ##[group]Run ./.github/actions/setup_env
2025-01-13T19:03:18.2142611Z with:
2025-01-13T19:03:18.2142789Z   os-label: linux-64
2025-01-13T19:03:18.2142988Z env:
2025-01-13T19:03:18.2143138Z   CACHE_NUMBER: 0
2025-01-13T19:03:18.2143751Z   PYTEST_FLAGS: --tardis-regression-data=/home/runner/work/tardis/tardis/tardis-regression-data --cov=tardis --cov-report=xml --cov-report=html --cov-append
2025-01-13T19:03:18.2144548Z   CODECOV_TOKEN: 
2025-01-13T19:03:18.2144728Z ##[endgroup]
2025-01-13T19:03:18.2164885Z ##[group]Run file_hash=$(cat conda-linux-64.lock | shasum -a 256 | cut -d' ' -f1)
2025-01-13T19:03:18.2165378Z [36;1mfile_hash=$(cat conda-linux-64.lock | shasum -a 256 | cut -d' ' -f1)[0m
2025-01-13T19:03:18.2165765Z [36;1mecho "file_hash=$file_hash" >> "${GITHUB_OUTPUT}"[0m
2025-01-13T19:03:18.2190978Z shell: /usr/bin/bash --noprofile --norc -e -o pipefail {0}
2025-01-13T19:03:18.2191290Z env:
2025-01-13T19:03:18.2191456Z   CACHE_NUMBER: 0
2025-01-13T19:03:18.2192055Z   PYTEST_FLAGS: --tardis-regression-data=/home/runner/work/tardis/tardis/tardis-regression-data --cov=tardis --cov-report=xml --cov-report=html --cov-append
2025-01-13T19:03:18.2192854Z   CODECOV_TOKEN: 
2025-01-13T19:03:18.2193033Z ##[endgroup]
2025-01-13T19:03:18.2872438Z ##[group]Run mamba-org/setup-micromamba@v1
2025-01-13T19:03:18.2872699Z with:
2025-01-13T19:03:18.2872886Z   environment-file: conda-linux-64.lock
2025-01-13T19:03:18.2873298Z   cache-environment-key: d7cd390425b0fd3cf82649dcc003efba9915fb4928f15d342148c3ccffcbe2ee
2025-01-13T19:03:18.2873867Z   cache-downloads-key: d7cd390425b0fd3cf82649dcc003efba9915fb4928f15d342148c3ccffcbe2ee
2025-01-13T19:03:18.2874566Z   environment-name: tardis
2025-01-13T19:03:18.2874810Z   cache-environment: true
2025-01-13T19:03:18.2875021Z   cache-downloads: true
2025-01-13T19:03:18.2875221Z env:
2025-01-13T19:03:18.2875381Z   CACHE_NUMBER: 0
2025-01-13T19:03:18.2875983Z   PYTEST_FLAGS: --tardis-regression-data=/home/runner/work/tardis/tardis/tardis-regression-data --cov=tardis --cov-report=xml --cov-report=html --cov-append
2025-01-13T19:03:18.2876638Z   CODECOV_TOKEN: 
2025-01-13T19:03:18.2876815Z ##[endgroup]
2025-01-13T19:03:18.4205220Z Will download micromamba to /home/runner/micromamba-bin/micromamba
2025-01-13T19:03:18.4215214Z ##[group]Install micromamba
2025-01-13T19:03:19.0906196Z micromamba installed to /home/runner/micromamba-bin/micromamba
2025-01-13T19:03:19.0907594Z ##[endgroup]
2025-01-13T19:03:19.0908103Z Adding conda-forge to condarc channels ...
2025-01-13T19:03:19.0918411Z ##[group]Initialize micromamba for bash.
2025-01-13T19:03:19.0934571Z [command]/home/runner/micromamba-bin/micromamba shell init -s bash -r /home/runner/micromamba --log-level warning --rc-file /home/runner/work/_temp/setup-micromamba/.condarc
2025-01-13T19:03:19.1109847Z Modifying RC file "/home/runner/.bashrc"
2025-01-13T19:03:19.1111367Z Generating config for root prefix [1m"/home/runner/micromamba"[0m
2025-01-13T19:03:19.1112373Z Setting mamba executable to: [1m"/home/runner/micromamba-bin/micromamba"[0m
2025-01-13T19:03:19.1113280Z Adding (or replacing) the following in your "/home/runner/.bashrc" file
2025-01-13T19:03:19.1113799Z 
2025-01-13T19:03:19.1113956Z # >>> mamba initialize >>>
2025-01-13T19:03:19.1114622Z # !! Contents within this block are managed by 'mamba init' !!
2025-01-13T19:03:19.1115305Z export MAMBA_EXE='/home/runner/micromamba-bin/micromamba';
2025-01-13T19:03:19.1115883Z export MAMBA_ROOT_PREFIX='/home/runner/micromamba';
2025-01-13T19:03:19.1116731Z __mamba_setup="$("$MAMBA_EXE" shell hook --shell bash --root-prefix "$MAMBA_ROOT_PREFIX" 2> /dev/null)"
2025-01-13T19:03:19.1117550Z if [ $? -eq 0 ]; then
2025-01-13T19:03:19.1117927Z     eval "$__mamba_setup"
2025-01-13T19:03:19.1118325Z else
2025-01-13T19:03:19.1118902Z     alias micromamba="$MAMBA_EXE"  # Fallback on help from mamba activate
2025-01-13T19:03:19.1119923Z fi
2025-01-13T19:03:19.1120218Z unset __mamba_setup
2025-01-13T19:03:19.1120584Z # <<< mamba initialize <<<
2025-01-13T19:03:19.1120868Z 
2025-01-13T19:03:19.1129215Z Moving mamba initialize block to .bash_profile
2025-01-13T19:03:19.1201329Z ##[endgroup]
2025-01-13T19:03:19.1203584Z ##[group]Restoring downloads from `/home/runner/micromamba/pkgs` ...
2025-01-13T19:03:20.7639383Z Received 0 of 356800233 (0.0%), 0.0 MBs/sec
2025-01-13T19:03:21.7651029Z Received 92274688 of 356800233 (25.9%), 44.0 MBs/sec
2025-01-13T19:03:22.7656851Z Received 234881024 of 356800233 (65.8%), 74.6 MBs/sec
2025-01-13T19:03:23.7659356Z Received 340023017 of 356800233 (95.3%), 81.0 MBs/sec
2025-01-13T19:03:23.8869617Z Cache Size: ~340 MB (356800233 B)
2025-01-13T19:03:23.8906528Z [command]/usr/bin/tar -xf /home/runner/work/_temp/1f0bb4d0-b8a4-484f-824b-5f52f5f0f8b2/cache.tzst -P -C /home/runner/work/tardis/tardis --use-compress-program unzstd
2025-01-13T19:03:24.3617773Z Cache restored successfully
2025-01-13T19:03:24.4351910Z Restored cache with key `d7cd390425b0fd3cf82649dcc003efba9915fb4928f15d342148c3ccffcbe2ee-linux-64`
2025-01-13T19:03:24.4353385Z ##[endgroup]
2025-01-13T19:03:24.4365120Z ##[group]Restoring environment `tardis` from `/home/runner/micromamba/envs/tardis` ...
2025-01-13T19:03:24.7661417Z Received 356800233 of 356800233 (100.0%), 68.0 MBs/sec
2025-01-13T19:03:25.8505928Z Received 0 of 444592193 (0.0%), 0.0 MBs/sec
2025-01-13T19:03:26.8514910Z Received 113246208 of 444592193 (25.5%), 53.9 MBs/sec
2025-01-13T19:03:27.8516290Z Received 268435456 of 444592193 (60.4%), 85.3 MBs/sec
2025-01-13T19:03:28.8508050Z Received 419430400 of 444592193 (94.3%), 100.0 MBs/sec
2025-01-13T19:03:29.7769342Z Cache Size: ~424 MB (444592193 B)
2025-01-13T19:03:29.7845494Z [command]/usr/bin/tar -xf /home/runner/work/_temp/3459ccdf-ae23-47fc-abe6-de58e0142aee/cache.tzst -P -C /home/runner/work/tardis/tardis --use-compress-program unzstd
2025-01-13T19:03:29.8508336Z Received 444592193 of 444592193 (100.0%), 84.8 MBs/sec
2025-01-13T19:03:35.0894534Z Cache restored successfully
2025-01-13T19:03:35.1677065Z Restored cache with key `d7cd390425b0fd3cf82649dcc003efba9915fb4928f15d342148c3ccffcbe2ee-linux-64-tardis-args-4f53cda-root-dcc80ee-bin-[object Promise]-file-d7cd390425b0fd3cf82649dcc003efba9915fb4928f15d342148c3ccffcbe2ee`
2025-01-13T19:03:35.1678911Z ##[endgroup]
2025-01-13T19:03:35.1679254Z Adding environment tardis to auto-activate bash ...
2025-01-13T19:03:35.1689169Z Generating micromamba run shell.
2025-01-13T19:03:35.1698163Z ##[endgroup]
2025-01-13T19:03:35.1704702Z Set environment variables.
2025-01-13T19:03:35.1708945Z ##[group]micromamba info
2025-01-13T19:03:35.1712257Z [command]/home/runner/micromamba-bin/micromamba info -r /home/runner/micromamba -n tardis
2025-01-13T19:03:35.1937815Z 
2025-01-13T19:03:35.1938535Z        libmamba version : 1.5.10
2025-01-13T19:03:35.1939145Z      micromamba version : 1.5.10
2025-01-13T19:03:35.1939967Z            curl version : libcurl/8.10.1 OpenSSL/3.3.2 zlib/1.3.1 zstd/1.5.6 libssh2/1.11.0 nghttp2/1.58.0
2025-01-13T19:03:35.1941136Z      libarchive version : libarchive 3.7.4 zlib/1.2.13 bz2lib/1.0.8 libzstd/1.5.6
2025-01-13T19:03:35.1941980Z        envs directories : /home/runner/micromamba/envs
2025-01-13T19:03:35.1961485Z           package cache : /home/runner/micromamba/pkgs
2025-01-13T19:03:35.1962294Z                           /home/runner/.mamba/pkgs
2025-01-13T19:03:35.1962834Z             environment : tardis
2025-01-13T19:03:35.1963308Z            env location : /home/runner/micromamba/envs/tardis
2025-01-13T19:03:35.1963857Z       user config files : /home/runner/.mambarc
2025-01-13T19:03:35.1964788Z  populated config files : /home/runner/work/_temp/setup-micromamba/.condarc
2025-01-13T19:03:35.1965387Z        virtual packages : __unix=0=0
2025-01-13T19:03:35.1965791Z                           __linux=6.8.0=0
2025-01-13T19:03:35.1966197Z                           __glibc=2.39=0
2025-01-13T19:03:35.1966610Z                           __archspec=1=x86_64_v3
2025-01-13T19:03:35.1967623Z                channels : https://conda.anaconda.org/conda-forge/linux-64
2025-01-13T19:03:35.1968234Z                           https://conda.anaconda.org/conda-forge/noarch
2025-01-13T19:03:35.1968747Z        base environment : /home/runner/micromamba
2025-01-13T19:03:35.1969173Z                platform : linux-64
2025-01-13T19:03:35.1969874Z ##[endgroup]
2025-01-13T19:03:35.1971321Z ##[group]micromamba list
2025-01-13T19:03:35.1972201Z [command]/home/runner/micromamba-bin/micromamba list -r /home/runner/micromamba -n tardis
2025-01-13T19:03:35.5954009Z List of packages in environment: "/home/runner/micromamba/envs/tardis"
2025-01-13T19:03:35.5955091Z 
2025-01-13T19:03:35.5955509Z   Name                           Version              Build                    Channel    
2025-01-13T19:03:35.5957190Z â”€â”€â”€â”€â”€â”€â”€â”€â”€â”€â”€â”€â”€â”€â”€â”€â”€â”€â”€â”€â”€â”€â”€â”€â”€â”€â”€â”€â”€â”€â”€â”€â”€â”€â”€â”€â”€â”€â”€â”€â”€â”€â”€â”€â”€â”€â”€â”€â”€â”€â”€â”€â”€â”€â”€â”€â”€â”€â”€â”€â”€â”€â”€â”€â”€â”€â”€â”€â”€â”€â”€â”€â”€â”€â”€â”€â”€â”€â”€â”€â”€â”€â”€â”€â”€â”€â”€â”€â”€â”€â”€â”€
2025-01-13T19:03:35.5958185Z   _libgcc_mutex                  0.1                  conda_forge              conda-forge
2025-01-13T19:03:35.5959228Z   _openmp_mutex                  4.5                  2_gnu                    conda-forge
2025-01-13T19:03:35.5960257Z   alabaster                      0.7.16               pyhd8ed1ab_0             conda-forge
2025-01-13T19:03:35.5961204Z   anyio                          4.4.0                pyhd8ed1ab_0             conda-forge
2025-01-13T19:03:35.5962388Z   argon2-cffi                    23.1.0               pyhd8ed1ab_0             conda-forge
2025-01-13T19:03:35.5963276Z   argon2-cffi-bindings           21.2.0               py312h98912ed_4          conda-forge
2025-01-13T19:03:35.5964078Z   arrow                          1.3.0                pyhd8ed1ab_0             conda-forge
2025-01-13T19:03:35.5964838Z   astropy                        6.1.1                py312h085067d_0          conda-forge
2025-01-13T19:03:35.5965457Z   astropy-iers-data              0.2024.6.17.0.31.35  pyhd8ed1ab_0             conda-forge
2025-01-13T19:03:35.5966046Z   astropy-sphinx-theme           1.1                  pyhd8ed1ab_0             conda-forge
2025-01-13T19:03:35.5966576Z   asttokens                      2.4.1                pyhd8ed1ab_0             conda-forge
2025-01-13T19:03:35.5967068Z   async-lru                      2.0.4                pyhd8ed1ab_0             conda-forge
2025-01-13T19:03:35.5967530Z   atk-1.0                        2.38.0               h04ea711_2               conda-forge
2025-01-13T19:03:35.5967963Z   attrs                          23.2.0               pyh71513ae_0             conda-forge
2025-01-13T19:03:35.5968401Z   babel                          2.14.0               pyhd8ed1ab_0             conda-forge
2025-01-13T19:03:35.5968881Z   beautifulsoup4                 4.12.3               pyha770c72_0             conda-forge
2025-01-13T19:03:35.5969382Z   bleach                         6.1.0                pyhd8ed1ab_0             conda-forge
2025-01-13T19:03:35.5969850Z   blosc                          1.21.5               hc2324a3_1               conda-forge
2025-01-13T19:03:35.5970295Z   brotli                         1.1.0                hd590300_1               conda-forge
2025-01-13T19:03:35.5970787Z   brotli-bin                     1.1.0                hd590300_1               conda-forge
2025-01-13T19:03:35.5971278Z   brotli-python                  1.1.0                py312h30efb56_1          conda-forge
2025-01-13T19:03:35.5971767Z   bzip2                          1.0.8                hd590300_5               conda-forge
2025-01-13T19:03:35.5972208Z   c-ares                         1.28.1               hd590300_0               conda-forge
2025-01-13T19:03:35.5972582Z   c-blosc2                       2.14.4               hb4ffafa_1               conda-forge
2025-01-13T19:03:35.5972972Z   ca-certificates                2024.6.2             hbcca054_0               conda-forge
2025-01-13T19:03:35.5973395Z   cached-property                1.5.2                hd8ed1ab_1               conda-forge
2025-01-13T19:03:35.5973987Z   cached_property                1.5.2                pyha770c72_1             conda-forge
2025-01-13T19:03:35.5974484Z   cairo                          1.18.0               h3faef2a_0               conda-forge
2025-01-13T19:03:35.5974831Z   certifi                        2024.6.2             pyhd8ed1ab_0             conda-forge
2025-01-13T19:03:35.5975183Z   cffi                           1.16.0               py312hf06ca03_0          conda-forge
2025-01-13T19:03:35.5975614Z   charset-normalizer             3.3.2                pyhd8ed1ab_0             conda-forge
2025-01-13T19:03:35.5975987Z   click                          8.1.7                unix_pyh707e725_0        conda-forge
2025-01-13T19:03:35.5976348Z   codespell                      2.3.0                pyhd8ed1ab_0             conda-forge
2025-01-13T19:03:35.5976706Z   colorama                       0.4.6                pyhd8ed1ab_0             conda-forge
2025-01-13T19:03:35.5977046Z   comm                           0.2.2                pyhd8ed1ab_0             conda-forge
2025-01-13T19:03:35.5977402Z   commonmark                     0.9.1                py_0                     conda-forge
2025-01-13T19:03:35.5977763Z   contourpy                      1.2.1                py312h8572e83_0          conda-forge
2025-01-13T19:03:35.5978116Z   coverage                       7.5.3                py312h9a8786e_0          conda-forge
2025-01-13T19:03:35.5978589Z   cycler                         0.12.1               pyhd8ed1ab_0             conda-forge
2025-01-13T19:03:35.5978942Z   dataclasses                    0.8                  pyhc8e2a94_3             conda-forge
2025-01-13T19:03:35.5979298Z   debugpy                        1.8.1                py312h30efb56_0          conda-forge
2025-01-13T19:03:35.5979647Z   decorator                      5.1.1                pyhd8ed1ab_0             conda-forge
2025-01-13T19:03:35.5980005Z   defusedxml                     0.7.1                pyhd8ed1ab_0             conda-forge
2025-01-13T19:03:35.5980368Z   docutils                       0.20.1               py312h7900ff3_3          conda-forge
2025-01-13T19:03:35.5980728Z   dot2tex                        2.11.3               pyhd8ed1ab_0             conda-forge
2025-01-13T19:03:35.5981102Z   entrypoints                    0.4                  pyhd8ed1ab_0             conda-forge
2025-01-13T19:03:35.5981497Z   exceptiongroup                 1.2.0                pyhd8ed1ab_2             conda-forge
2025-01-13T19:03:35.5981871Z   executing                      2.0.1                pyhd8ed1ab_0             conda-forge
2025-01-13T19:03:35.5982216Z   expat                          2.6.2                h59595ed_0               conda-forge
2025-01-13T19:03:35.5982610Z   font-ttf-dejavu-sans-mono      2.37                 hab24e00_0               conda-forge
2025-01-13T19:03:35.5983048Z   font-ttf-inconsolata           3.000                h77eed37_0               conda-forge
2025-01-13T19:03:35.5983489Z   font-ttf-source-code-pro       2.038                h77eed37_0               conda-forge
2025-01-13T19:03:35.5983901Z   font-ttf-ubuntu                0.83                 h77eed37_2               conda-forge
2025-01-13T19:03:35.5984382Z   fontconfig                     2.14.2               h14ed4e7_0               conda-forge
2025-01-13T19:03:35.5984772Z   fonts-conda-ecosystem          1                    0                        conda-forge
2025-01-13T19:03:35.5985172Z   fonts-conda-forge              1                    0                        conda-forge
2025-01-13T19:03:35.5985547Z   fonttools                      4.53.0               py312h9a8786e_0          conda-forge
2025-01-13T19:03:35.5985887Z   fqdn                           1.5.1                pyhd8ed1ab_0             conda-forge
2025-01-13T19:03:35.5986220Z   freetype                       2.12.1               h267a509_2               conda-forge
2025-01-13T19:03:35.5986563Z   fribidi                        1.0.10               h36c2ea0_0               conda-forge
2025-01-13T19:03:35.5987074Z   future                         1.0.0                pyhd8ed1ab_0             conda-forge
2025-01-13T19:03:35.5987422Z   gdk-pixbuf                     2.42.12              hb9ae30d_0               conda-forge
2025-01-13T19:03:35.5987852Z   giflib                         5.2.2                hd590300_0               conda-forge
2025-01-13T19:03:35.5988216Z   git-lfs                        3.5.1                ha770c72_0               conda-forge
2025-01-13T19:03:35.5988538Z   gmp                            6.3.0                h59595ed_1               conda-forge
2025-01-13T19:03:35.5988862Z   gmpy2                          2.1.5                py312h1d5cde6_1          conda-forge
2025-01-13T19:03:35.5989215Z   graphite2                      1.3.13               h59595ed_1003            conda-forge
2025-01-13T19:03:35.5989571Z   graphviz                       11.0.0               hc68bbd7_0               conda-forge
2025-01-13T19:03:35.5989912Z   gtk2                           2.24.33              h280cfa0_4               conda-forge
2025-01-13T19:03:35.5990231Z   gts                            0.7.6                h977cf35_4               conda-forge
2025-01-13T19:03:35.5990546Z   h11                            0.14.0               pyhd8ed1ab_0             conda-forge
2025-01-13T19:03:35.5990857Z   h2                             4.1.0                pyhd8ed1ab_0             conda-forge
2025-01-13T19:03:35.5991540Z   h5py                           3.11.0               nompi_py312hb7ab980_102  conda-forge
2025-01-13T19:03:35.5992094Z   harfbuzz                       8.5.0                hfac3d4d_0               conda-forge
2025-01-13T19:03:35.5992433Z   hdf5                           1.14.3               nompi_hdf9ad27_105       conda-forge
2025-01-13T19:03:35.5992762Z   hpack                          4.0.0                pyh9f0ad1d_0             conda-forge
2025-01-13T19:03:35.5993102Z   httpcore                       1.0.5                pyhd8ed1ab_0             conda-forge
2025-01-13T19:03:35.5993530Z   httpx                          0.27.0               pyhd8ed1ab_0             conda-forge
2025-01-13T19:03:35.5994099Z   hyperframe                     6.0.1                pyhd8ed1ab_0             conda-forge
2025-01-13T19:03:35.5994839Z   icu                            73.2                 h59595ed_0               conda-forge
2025-01-13T19:03:35.5995286Z   idna                           3.7                  pyhd8ed1ab_0             conda-forge
2025-01-13T19:03:35.5995850Z   imagesize                      1.4.1                pyhd8ed1ab_0             conda-forge
2025-01-13T19:03:35.5996502Z   importlib-metadata             7.1.0                pyha770c72_0             conda-forge
2025-01-13T19:03:35.5997176Z   importlib_metadata             7.1.0                hd8ed1ab_0               conda-forge
2025-01-13T19:03:35.5997872Z   importlib_resources            6.4.0                pyhd8ed1ab_0             conda-forge
2025-01-13T19:03:35.5998555Z   iniconfig                      2.0.0                pyhd8ed1ab_0             conda-forge
2025-01-13T19:03:35.5999190Z   ipykernel                      6.29.4               pyh3099207_0             conda-forge
2025-01-13T19:03:35.5999798Z   ipython                        8.25.0               pyh707e725_0             conda-forge
2025-01-13T19:03:35.6000449Z   ipython_genutils               0.2.0                pyhd8ed1ab_1             conda-forge
2025-01-13T19:03:35.6001066Z   ipywidgets                     7.8.0                pyhd8ed1ab_0             conda-forge
2025-01-13T19:03:35.6001438Z   isoduration                    20.11.0              pyhd8ed1ab_0             conda-forge
2025-01-13T19:03:35.6001795Z   jedi                           0.19.1               pyhd8ed1ab_0             conda-forge
2025-01-13T19:03:35.6002123Z   jinja2                         3.1.4                pyhd8ed1ab_0             conda-forge
2025-01-13T19:03:35.6002454Z   json5                          0.9.25               pyhd8ed1ab_0             conda-forge
2025-01-13T19:03:35.6002986Z   jsonpointer                    3.0.0                py312h7900ff3_0          conda-forge
2025-01-13T19:03:35.6003357Z   jsonschema                     4.22.0               pyhd8ed1ab_0             conda-forge
2025-01-13T19:03:35.6003784Z   jsonschema-specifications      2023.12.1            pyhd8ed1ab_0             conda-forge
2025-01-13T19:03:35.6004480Z   jsonschema-with-format-nongpl  4.22.0               pyhd8ed1ab_0             conda-forge
2025-01-13T19:03:35.6004923Z   jupyter-lsp                    2.2.5                pyhd8ed1ab_0             conda-forge
2025-01-13T19:03:35.6005293Z   jupyter_client                 8.6.2                pyhd8ed1ab_0             conda-forge
2025-01-13T19:03:35.6005664Z   jupyter_core                   5.7.2                py312h7900ff3_0          conda-forge
2025-01-13T19:03:35.6006034Z   jupyter_events                 0.10.0               pyhd8ed1ab_0             conda-forge
2025-01-13T19:03:35.6006413Z   jupyter_server                 2.14.1               pyhd8ed1ab_0             conda-forge
2025-01-13T19:03:35.6006829Z   jupyter_server_terminals       0.5.3                pyhd8ed1ab_0             conda-forge
2025-01-13T19:03:35.6007227Z   jupyterlab                     4.2.2                pyhd8ed1ab_0             conda-forge
2025-01-13T19:03:35.6007617Z   jupyterlab_pygments            0.3.0                pyhd8ed1ab_1             conda-forge
2025-01-13T19:03:35.6008156Z   jupyterlab_server              2.27.2               pyhd8ed1ab_0             conda-forge
2025-01-13T19:03:35.6008576Z   jupyterlab_widgets             1.1.7                pyhd8ed1ab_0             conda-forge
2025-01-13T19:03:35.6008960Z   keyutils                       1.6.1                h166bdaf_0               conda-forge
2025-01-13T19:03:35.6009317Z   kiwisolver                     1.4.5                py312h8572e83_1          conda-forge
2025-01-13T19:03:35.6009658Z   krb5                           1.21.2               h659d440_0               conda-forge
2025-01-13T19:03:35.6009998Z   latexcodec                     2.0.1                pyh9f0ad1d_0             conda-forge
2025-01-13T19:03:35.6010348Z   lcms2                          2.16                 hb7c19ff_0               conda-forge
2025-01-13T19:03:35.6010692Z   ld_impl_linux-64               2.40                 hf3520f5_7               conda-forge
2025-01-13T19:03:35.6011032Z   lerc                           4.0.0                h27087fc_0               conda-forge
2025-01-13T19:03:35.6011362Z   libaec                         1.1.3                h59595ed_0               conda-forge
2025-01-13T19:03:35.6011706Z   libblas                        3.9.0                22_linux64_openblas      conda-forge
2025-01-13T19:03:35.6012081Z   libbrotlicommon                1.1.0                hd590300_1               conda-forge
2025-01-13T19:03:35.6012462Z   libbrotlidec                   1.1.0                hd590300_1               conda-forge
2025-01-13T19:03:35.6012828Z   libbrotlienc                   1.1.0                hd590300_1               conda-forge
2025-01-13T19:03:35.6013192Z   libcblas                       3.9.0                22_linux64_openblas      conda-forge
2025-01-13T19:03:35.6013543Z   libcurl                        8.8.0                hca28451_0               conda-forge
2025-01-13T19:03:35.6013890Z   libdeflate                     1.20                 hd590300_0               conda-forge
2025-01-13T19:03:35.6014418Z   libedit                        3.1.20191231         he28a2e2_2               conda-forge
2025-01-13T19:03:35.6014767Z   libev                          4.33                 hd590300_2               conda-forge
2025-01-13T19:03:35.6015097Z   libexpat                       2.6.2                h59595ed_0               conda-forge
2025-01-13T19:03:35.6015430Z   libffi                         3.4.2                h7f98852_5               conda-forge
2025-01-13T19:03:35.6015769Z   libgcc-ng                      13.2.0               h77fa898_10              conda-forge
2025-01-13T19:03:35.6016104Z   libgd                          2.3.3                h119a65a_9               conda-forge
2025-01-13T19:03:35.6016674Z   libgfortran-ng                 13.2.0               h69a702a_10              conda-forge
2025-01-13T19:03:35.6017055Z   libgfortran5                   13.2.0               h3d2ce59_10              conda-forge
2025-01-13T19:03:35.6017411Z   libglib                        2.80.2               h8a4344b_1               conda-forge
2025-01-13T19:03:35.6017754Z   libgomp                        13.2.0               h77fa898_10              conda-forge
2025-01-13T19:03:35.6018095Z   libiconv                       1.17                 hd590300_2               conda-forge
2025-01-13T19:03:35.6018458Z   libjpeg-turbo                  3.0.0                hd590300_1               conda-forge
2025-01-13T19:03:35.6018837Z   liblapack                      3.9.0                22_linux64_openblas      conda-forge
2025-01-13T19:03:35.6019194Z   libllvm14                      14.0.6               hcd5def8_4               conda-forge
2025-01-13T19:03:35.6019559Z   libnghttp2                     1.58.0               h47da74e_1               conda-forge
2025-01-13T19:03:35.6019914Z   libnsl                         2.0.1                hd590300_0               conda-forge
2025-01-13T19:03:35.6020279Z   libopenblas                    0.3.27               pthreads_h413a1c8_0      conda-forge
2025-01-13T19:03:35.6020825Z   libpng                         1.6.43               h2797004_0               conda-forge
2025-01-13T19:03:35.6021171Z   librsvg                        2.58.1               hadf69e7_0               conda-forge
2025-01-13T19:03:35.6021524Z   libsodium                      1.0.18               h36c2ea0_1               conda-forge
2025-01-13T19:03:35.6021883Z   libsqlite                      3.46.0               hde9e2c9_0               conda-forge
2025-01-13T19:03:35.6022234Z   libssh2                        1.11.0               h0841786_0               conda-forge
2025-01-13T19:03:35.6022594Z   libstdcxx-ng                   13.2.0               hc0a3c3a_10              conda-forge
2025-01-13T19:03:35.6022974Z   libtiff                        4.6.0                h1dd3fc0_3               conda-forge
2025-01-13T19:03:35.6023317Z   libuuid                        2.38.1               h0b41bf4_0               conda-forge
2025-01-13T19:03:35.6023667Z   libwebp                        1.4.0                h2c329e2_0               conda-forge
2025-01-13T19:03:35.6024026Z   libwebp-base                   1.4.0                hd590300_0               conda-forge
2025-01-13T19:03:35.6024609Z   libxcb                         1.15                 h0b41bf4_0               conda-forge
2025-01-13T19:03:35.6024958Z   libxcrypt                      4.4.36               hd590300_1               conda-forge
2025-01-13T19:03:35.6025310Z   libxml2                        2.12.7               hc051c1a_1               conda-forge
2025-01-13T19:03:35.6025656Z   libxslt                        1.1.39               h76b75d6_0               conda-forge
2025-01-13T19:03:35.6026004Z   libzlib                        1.3.1                h4ab18f5_1               conda-forge
2025-01-13T19:03:35.6026351Z   llvmlite                       0.42.0               py312hb06c811_1          conda-forge
2025-01-13T19:03:35.6026692Z   lxml                           5.2.2                py312hb90d8a5_0          conda-forge
2025-01-13T19:03:35.6027020Z   lz4-c                          1.9.4                hcb278e6_0               conda-forge
2025-01-13T19:03:35.6027333Z   lzo                            2.10                 hd590300_1001            conda-forge
2025-01-13T19:03:35.6027668Z   markupsafe                     2.1.5                py312h98912ed_0          conda-forge
2025-01-13T19:03:35.6028061Z   matplotlib-base                3.8.4                py312h20ab3a6_2          conda-forge
2025-01-13T19:03:35.6028463Z   matplotlib-inline              0.1.7                pyhd8ed1ab_0             conda-forge
2025-01-13T19:03:35.6028849Z   mistune                        3.0.2                pyhd8ed1ab_0             conda-forge
2025-01-13T19:03:35.6029490Z   mpc                            1.3.1                hfe3b2da_0               conda-forge
2025-01-13T19:03:35.6029809Z   mpfr                           4.2.1                h9458935_1               conda-forge
2025-01-13T19:03:35.6030146Z   mpmath                         1.3.0                pyhd8ed1ab_0             conda-forge
2025-01-13T19:03:35.6030526Z   munkres                        1.1.4                pyh9f0ad1d_0             conda-forge
2025-01-13T19:03:35.6030901Z   mypy_extensions                1.0.0                pyha770c72_0             conda-forge
2025-01-13T19:03:35.6031279Z   nbclassic                      1.1.0                pyhd8ed1ab_0             conda-forge
2025-01-13T19:03:35.6031640Z   nbclient                       0.10.0               pyhd8ed1ab_0             conda-forge
2025-01-13T19:03:35.6031999Z   nbconvert                      7.16.4               hd8ed1ab_1               conda-forge
2025-01-13T19:03:35.6032378Z   nbconvert-core                 7.16.4               pyhd8ed1ab_1             conda-forge
2025-01-13T19:03:35.6032783Z   nbconvert-pandoc               7.16.4               hd8ed1ab_1               conda-forge
2025-01-13T19:03:35.6033170Z   nbformat                       5.10.4               pyhd8ed1ab_0             conda-forge
2025-01-13T19:03:35.6033637Z   nbsphinx                       0.9.4                pyhd8ed1ab_0             conda-forge
2025-01-13T19:03:35.6033986Z   ncurses                        6.5                  h59595ed_0               conda-forge
2025-01-13T19:03:35.6034585Z   nest-asyncio                   1.6.0                pyhd8ed1ab_0             conda-forge
2025-01-13T19:03:35.6035079Z   networkx                       3.3                  pyhd8ed1ab_1             conda-forge
2025-01-13T19:03:35.6035421Z   nomkl                          1.0                  h5ca1d4c_0               conda-forge
2025-01-13T19:03:35.6035755Z   notebook                       7.2.1                pyhd8ed1ab_0             conda-forge
2025-01-13T19:03:35.6036131Z   notebook-shim                  0.2.4                pyhd8ed1ab_0             conda-forge
2025-01-13T19:03:35.6036487Z   numba                          0.59.1               py312hacefee8_0          conda-forge
2025-01-13T19:03:35.6036836Z   numexpr                        2.10.0               py312hf412c99_100        conda-forge
2025-01-13T19:03:35.6037184Z   numpy                          1.26.4               py312heda63a1_0          conda-forge
2025-01-13T19:03:35.6037528Z   numpydoc                       1.7.0                pyhd8ed1ab_1             conda-forge
2025-01-13T19:03:35.6037878Z   openjpeg                       2.5.2                h488ebb8_0               conda-forge
2025-01-13T19:03:35.6038220Z   openssl                        3.3.1                h4ab18f5_0               conda-forge
2025-01-13T19:03:35.6038570Z   overrides                      7.7.0                pyhd8ed1ab_0             conda-forge
2025-01-13T19:03:35.6038935Z   packaging                      24.1                 pyhd8ed1ab_0             conda-forge
2025-01-13T19:03:35.6039288Z   pandas                         2.2.2                py312h1d6d2e6_1          conda-forge
2025-01-13T19:03:35.6039642Z   pandoc                         3.2                  ha770c72_0               conda-forge
2025-01-13T19:03:35.6040008Z   pandocfilters                  1.5.0                pyhd8ed1ab_0             conda-forge
2025-01-13T19:03:35.6040366Z   pango                          1.54.0               h84a9a3c_0               conda-forge
2025-01-13T19:03:35.6040699Z   parso                          0.8.4                pyhd8ed1ab_0             conda-forge
2025-01-13T19:03:35.6041046Z   pathspec                       0.12.1               pyhd8ed1ab_0             conda-forge
2025-01-13T19:03:35.6041398Z   pbr                            6.0.0                pyhd8ed1ab_0             conda-forge
2025-01-13T19:03:35.6041730Z   pcre2                          10.44                h0f59acf_0               conda-forge
2025-01-13T19:03:35.6042231Z   pexpect                        4.9.0                pyhd8ed1ab_0             conda-forge
2025-01-13T19:03:35.6042591Z   pickleshare                    0.7.5                py_1003                  conda-forge
2025-01-13T19:03:35.6042949Z   pillow                         10.3.0               py312hdcec9eb_0          conda-forge
2025-01-13T19:03:35.6043283Z   pip                            24.0                 pyhd8ed1ab_0             conda-forge
2025-01-13T19:03:35.6043620Z   pixman                         0.43.2               h59595ed_0               conda-forge
2025-01-13T19:03:35.6044008Z   pkgutil-resolve-name           1.3.10               pyhd8ed1ab_1             conda-forge
2025-01-13T19:03:35.6044737Z   platformdirs                   4.2.2                pyhd8ed1ab_0             conda-forge
2025-01-13T19:03:35.6045108Z   plotly                         5.22.0               pyhd8ed1ab_0             conda-forge
2025-01-13T19:03:35.6045460Z   pluggy                         1.5.0                pyhd8ed1ab_0             conda-forge
2025-01-13T19:03:35.6045839Z   prometheus_client              0.20.0               pyhd8ed1ab_0             conda-forge
2025-01-13T19:03:35.6046239Z   prompt-toolkit                 3.0.47               pyha770c72_0             conda-forge
2025-01-13T19:03:35.6046747Z   psutil                         5.9.8                py312h98912ed_0          conda-forge
2025-01-13T19:03:35.6047112Z   pthread-stubs                  0.4                  h36c2ea0_1001            conda-forge
2025-01-13T19:03:35.6047489Z   ptyprocess                     0.7.0                pyhd3deb0d_0             conda-forge
2025-01-13T19:03:35.6047852Z   pure_eval                      0.2.2                pyhd8ed1ab_0             conda-forge
2025-01-13T19:03:35.6048207Z   py-cpuinfo                     9.0.0                pyhd8ed1ab_0             conda-forge
2025-01-13T19:03:35.6048558Z   pybtex                         0.24.0               pyhd8ed1ab_2             conda-forge
2025-01-13T19:03:35.6048933Z   pybtex-docutils                1.0.3                py312h7900ff3_1          conda-forge
2025-01-13T19:03:35.6049322Z   pycparser                      2.22                 pyhd8ed1ab_0             conda-forge
2025-01-13T19:03:35.6049676Z   pyerfa                         2.0.1.4              py312h085067d_1          conda-forge
2025-01-13T19:03:35.6050030Z   pygments                       2.18.0               pyhd8ed1ab_0             conda-forge
2025-01-13T19:03:35.6050393Z   pygraphviz                     1.13                 py312h4a1d8a7_1          conda-forge
2025-01-13T19:03:35.6050761Z   pyparsing                      3.1.2                pyhd8ed1ab_0             conda-forge
2025-01-13T19:03:35.6051116Z   pysocks                        1.7.1                pyha2e5f31_6             conda-forge
2025-01-13T19:03:35.6051464Z   pytables                       3.9.2                py312h96d95ec_2          conda-forge
2025-01-13T19:03:35.6051815Z   pytest                         8.2.2                pyhd8ed1ab_0             conda-forge
2025-01-13T19:03:35.6052168Z   pytest-cov                     5.0.0                pyhd8ed1ab_0             conda-forge
2025-01-13T19:03:35.6052564Z   pytest-doctestplus             1.2.1                pyhd8ed1ab_0             conda-forge
2025-01-13T19:03:35.6052959Z   pytest-html                    4.1.1                pyhd8ed1ab_0             conda-forge
2025-01-13T19:03:35.6053353Z   pytest-metadata                3.1.1                pyhd8ed1ab_0             conda-forge
2025-01-13T19:03:35.6053726Z   python                         3.12.4               h194c7f8_0_cpython       conda-forge
2025-01-13T19:03:35.6054100Z   python-dateutil                2.9.0                pyhd8ed1ab_0             conda-forge
2025-01-13T19:03:35.6054647Z   python-fastjsonschema          2.20.0               pyhd8ed1ab_0             conda-forge
2025-01-13T19:03:35.6055074Z   python-json-logger             2.0.7                pyhd8ed1ab_0             conda-forge
2025-01-13T19:03:35.6055599Z   python-tzdata                  2024.1               pyhd8ed1ab_0             conda-forge
2025-01-13T19:03:35.6055971Z   python_abi                     3.12                 4_cp312                  conda-forge
2025-01-13T19:03:35.6056316Z   pytz                           2024.1               pyhd8ed1ab_0             conda-forge
2025-01-13T19:03:35.6056656Z   pyyaml                         6.0.1                py312h98912ed_1          conda-forge
2025-01-13T19:03:35.6056991Z   pyzmq                          26.0.3               py312h8fd38d8_0          conda-forge
2025-01-13T19:03:35.6057326Z   qgrid                          1.3.1                pyhd8ed1ab_4             conda-forge
2025-01-13T19:03:35.6057697Z   radioactivedecay               0.5.1                pyhd8ed1ab_0             conda-forge
2025-01-13T19:03:35.6058080Z   readline                       8.2                  h8228510_1               conda-forge
2025-01-13T19:03:35.6058442Z   recommonmark                   0.7.1                pyhd8ed1ab_0             conda-forge
2025-01-13T19:03:35.6058822Z   referencing                    0.35.1               pyhd8ed1ab_0             conda-forge
2025-01-13T19:03:35.6059185Z   requests                       2.32.3               pyhd8ed1ab_0             conda-forge
2025-01-13T19:03:35.6059570Z   rfc3339-validator              0.1.4                pyhd8ed1ab_0             conda-forge
2025-01-13T19:03:35.6060093Z   rfc3986-validator              0.1.1                pyh9f0ad1d_0             conda-forge
2025-01-13T19:03:35.6060462Z   rpds-py                        0.18.1               py312h4413252_0          conda-forge
2025-01-13T19:03:35.6060792Z   ruff                           0.4.9                py312h5715c7c_0          conda-forge
2025-01-13T19:03:35.6061116Z   scipy                          1.13.1               py312hc2bc53b_0          conda-forge
2025-01-13T19:03:35.6061467Z   send2trash                     1.8.3                pyh0d859eb_0             conda-forge
2025-01-13T19:03:35.6061837Z   setuptools                     70.0.0               pyhd8ed1ab_0             conda-forge
2025-01-13T19:03:35.6062214Z   setuptools-scm                 8.1.0                pyhd8ed1ab_0             conda-forge
2025-01-13T19:03:35.6062594Z   setuptools_scm                 8.1.0                hd8ed1ab_0               conda-forge
2025-01-13T19:03:35.6062950Z   six                            1.16.0               pyh6c4a22f_0             conda-forge
2025-01-13T19:03:35.6063288Z   snakeviz                       2.2.0                pyhd8ed1ab_0             conda-forge
2025-01-13T19:03:35.6063635Z   snappy                         1.2.0                hdb0a2a9_1               conda-forge
2025-01-13T19:03:35.6063981Z   sniffio                        1.3.1                pyhd8ed1ab_0             conda-forge
2025-01-13T19:03:35.6064460Z   snowballstemmer                2.2.0                pyhd8ed1ab_0             conda-forge
2025-01-13T19:03:35.6064847Z   soupsieve                      2.5                  pyhd8ed1ab_1             conda-forge
2025-01-13T19:03:35.6065204Z   sphinx                         7.3.7                pyhd8ed1ab_0             conda-forge
2025-01-13T19:03:35.6065568Z   sphinx-astropy                 1.9.1                pyhd8ed1ab_0             conda-forge
2025-01-13T19:03:35.6065973Z   sphinx-automodapi              0.17.0               pyh717bed2_1             conda-forge
2025-01-13T19:03:35.6066382Z   sphinx-gallery                 0.16.0               pyhd8ed1ab_0             conda-forge
2025-01-13T19:03:35.6066786Z   sphinx-jsonschema              1.19.1               pyhd8ed1ab_0             conda-forge
2025-01-13T19:03:35.6067204Z   sphinx_bootstrap_theme         0.8.1                pyhd8ed1ab_0             conda-forge
2025-01-13T19:03:35.6067607Z   sphinx_rtd_theme               2.0.0                pyha770c72_0             conda-forge
2025-01-13T19:03:35.6068011Z   sphinxcontrib-apidoc           0.3.0                py_1                     conda-forge
2025-01-13T19:03:35.6068643Z   sphinxcontrib-applehelp        1.0.8                pyhd8ed1ab_0             conda-forge
2025-01-13T19:03:35.6069091Z   sphinxcontrib-bibtex           2.6.2                pyhd8ed1ab_0             conda-forge
2025-01-13T19:03:35.6069527Z   sphinxcontrib-devhelp          1.0.6                pyhd8ed1ab_0             conda-forge
2025-01-13T19:03:35.6069980Z   sphinxcontrib-htmlhelp         2.0.5                pyhd8ed1ab_0             conda-forge
2025-01-13T19:03:35.6070419Z   sphinxcontrib-jquery           4.1                  pyhd8ed1ab_0             conda-forge
2025-01-13T19:03:35.6070885Z   sphinxcontrib-jsmath           1.0.1                pyhd8ed1ab_0             conda-forge
2025-01-13T19:03:35.6071319Z   sphinxcontrib-qthelp           1.0.7                pyhd8ed1ab_0             conda-forge
2025-01-13T19:03:35.6071790Z   sphinxcontrib-serializinghtml  1.1.10               pyhd8ed1ab_0             conda-forge
2025-01-13T19:03:35.6072220Z   stack_data                     0.6.2                pyhd8ed1ab_0             conda-forge
2025-01-13T19:03:35.6072577Z   sympy                          1.12.1               pypyh2585a3b_103         conda-forge
2025-01-13T19:03:35.6072922Z   tabulate                       0.9.0                pyhd8ed1ab_1             conda-forge
2025-01-13T19:03:35.6073273Z   tenacity                       8.4.1                pyhd8ed1ab_0             conda-forge
2025-01-13T19:03:35.6073772Z   terminado                      0.18.1               pyh0d859eb_0             conda-forge
2025-01-13T19:03:35.6074124Z   tinycss2                       1.3.0                pyhd8ed1ab_0             conda-forge
2025-01-13T19:03:35.6074576Z   tk                             8.6.13               noxft_h4845f30_101       conda-forge
2025-01-13T19:03:35.6074899Z   toml                           0.10.2               pyhd8ed1ab_0             conda-forge
2025-01-13T19:03:35.6075226Z   tomli                          2.0.1                pyhd8ed1ab_0             conda-forge
2025-01-13T19:03:35.6075570Z   tornado                        6.4.1                py312h9a8786e_0          conda-forge
2025-01-13T19:03:35.6075909Z   tqdm                           4.66.4               pyhd8ed1ab_0             conda-forge
2025-01-13T19:03:35.6076250Z   traitlets                      5.14.3               pyhd8ed1ab_0             conda-forge
2025-01-13T19:03:35.6076615Z   typed-ast                      1.5.5                py312h98912ed_1          conda-forge
2025-01-13T19:03:35.6077022Z   types-python-dateutil          2.9.0.20240316       pyhd8ed1ab_0             conda-forge
2025-01-13T19:03:35.6077458Z   typing-extensions              4.12.2               hd8ed1ab_0               conda-forge
2025-01-13T19:03:35.6077863Z   typing_extensions              4.12.2               pyha770c72_0             conda-forge
2025-01-13T19:03:35.6078251Z   typing_utils                   0.1.0                pyhd8ed1ab_0             conda-forge
2025-01-13T19:03:35.6078606Z   tzdata                         2024a                h0c530f3_0               conda-forge
2025-01-13T19:03:35.6078970Z   uri-template                   1.3.0                pyhd8ed1ab_0             conda-forge
2025-01-13T19:03:35.6079335Z   urllib3                        2.2.2                pyhd8ed1ab_0             conda-forge
2025-01-13T19:03:35.6079683Z   wcwidth                        0.2.13               pyhd8ed1ab_0             conda-forge
2025-01-13T19:03:35.6080042Z   webcolors                      24.6.0               pyhd8ed1ab_0             conda-forge
2025-01-13T19:03:35.6080420Z   webencodings                   0.5.1                pyhd8ed1ab_2             conda-forge
2025-01-13T19:03:35.6080813Z   websocket-client               1.8.0                pyhd8ed1ab_0             conda-forge
2025-01-13T19:03:35.6081192Z   wheel                          0.43.0               pyhd8ed1ab_1             conda-forge
2025-01-13T19:03:35.6081575Z   widgetsnbextension             3.6.6                pyhd8ed1ab_0             conda-forge
2025-01-13T19:03:35.6082090Z   xorg-kbproto                   1.0.7                h7f98852_1002            conda-forge
2025-01-13T19:03:35.6082456Z   xorg-libice                    1.1.1                hd590300_0               conda-forge
2025-01-13T19:03:35.6082822Z   xorg-libsm                     1.2.4                h7391055_0               conda-forge
2025-01-13T19:03:35.6083189Z   xorg-libx11                    1.8.9                h8ee46fc_0               conda-forge
2025-01-13T19:03:35.6083550Z   xorg-libxau                    1.0.11               hd590300_0               conda-forge
2025-01-13T19:03:35.6083920Z   xorg-libxdmcp                  1.1.3                h7f98852_0               conda-forge
2025-01-13T19:03:35.6084485Z   xorg-libxext                   1.3.4                h0b41bf4_2               conda-forge
2025-01-13T19:03:35.6084874Z   xorg-libxrender                0.9.11               hd590300_0               conda-forge
2025-01-13T19:03:35.6085274Z   xorg-renderproto               0.11.1               h7f98852_1002            conda-forge
2025-01-13T19:03:35.6085675Z   xorg-xextproto                 7.3.0                h0b41bf4_1003            conda-forge
2025-01-13T19:03:35.6086050Z   xorg-xproto                    7.0.31               h7f98852_1007            conda-forge
2025-01-13T19:03:35.6086386Z   xz                             5.2.6                h166bdaf_0               conda-forge
2025-01-13T19:03:35.6086856Z   yaml                           0.2.5                h7f98852_2               conda-forge
2025-01-13T19:03:35.6087180Z   zeromq                         4.3.5                h75354e8_4               conda-forge
2025-01-13T19:03:35.6087511Z   zipp                           3.19.2               pyhd8ed1ab_0             conda-forge
2025-01-13T19:03:35.6087831Z   zlib                           1.3.1                h4ab18f5_1               conda-forge
2025-01-13T19:03:35.6088169Z   zlib-ng                        2.0.7                h0b41bf4_0               conda-forge
2025-01-13T19:03:35.6088509Z   zstd                           1.5.6                ha6fb4c9_0               conda-forge
2025-01-13T19:03:35.6089212Z ##[endgroup]
