2025-01-07T17:00:59.3482796Z Prepare all required actions
2025-01-07T17:00:59.3483896Z Getting action download info
2025-01-07T17:00:59.5265026Z Download action repository 'actions/cache@v4' (SHA:1bd1e32a3bdc45362d1e726936510720a7c30a57)
2025-01-07T17:00:59.6578893Z ##[group]Run ./.github/actions/setup_lfs
2025-01-07T17:00:59.6579445Z with:
2025-01-07T17:00:59.6579926Z   regression-data-repo: tardis-sn/tardis-regression-data
2025-01-07T17:00:59.6580520Z env:
2025-01-07T17:00:59.6580935Z   CACHE_NUMBER: 0
2025-01-07T17:00:59.6581908Z   PYTEST_FLAGS: --tardis-regression-data=/home/runner/work/tardis/tardis/tardis-regression-data --cov=tardis --cov-report=xml --cov-report=html --cov-append
2025-01-07T17:00:59.6582887Z   CODECOV_TOKEN: 
2025-01-07T17:00:59.6583283Z ##[endgroup]
2025-01-07T17:00:59.6726525Z ##[group]Run actions/checkout@v4
2025-01-07T17:00:59.6727045Z with:
2025-01-07T17:00:59.6727504Z   repository: tardis-sn/tardis-regression-data
2025-01-07T17:00:59.6728078Z   path: tardis-regression-data
2025-01-07T17:00:59.6728766Z   token: ***
2025-01-07T17:00:59.6729238Z   ssh-strict: true
2025-01-07T17:00:59.6729662Z   ssh-user: git
2025-01-07T17:00:59.6730081Z   persist-credentials: true
2025-01-07T17:00:59.6730790Z   clean: true
2025-01-07T17:00:59.6731244Z   sparse-checkout-cone-mode: true
2025-01-07T17:00:59.6731723Z   fetch-depth: 1
2025-01-07T17:00:59.6732146Z   fetch-tags: false
2025-01-07T17:00:59.6732571Z   show-progress: true
2025-01-07T17:00:59.6732995Z   lfs: false
2025-01-07T17:00:59.6733411Z   submodules: false
2025-01-07T17:00:59.6733839Z   set-safe-directory: true
2025-01-07T17:00:59.6734278Z env:
2025-01-07T17:00:59.6734665Z   CACHE_NUMBER: 0
2025-01-07T17:00:59.6735604Z   PYTEST_FLAGS: --tardis-regression-data=/home/runner/work/tardis/tardis/tardis-regression-data --cov=tardis --cov-report=xml --cov-report=html --cov-append
2025-01-07T17:00:59.6736739Z   CODECOV_TOKEN: 
2025-01-07T17:00:59.6737157Z ##[endgroup]
2025-01-07T17:00:59.7661908Z Syncing repository: tardis-sn/tardis-regression-data
2025-01-07T17:00:59.7668543Z ##[group]Getting Git version info
2025-01-07T17:00:59.7669353Z Working directory is '/home/runner/work/tardis/tardis/tardis-regression-data'
2025-01-07T17:00:59.7709218Z [command]/usr/bin/git version
2025-01-07T17:00:59.7751166Z git version 2.47.1
2025-01-07T17:00:59.7776750Z ##[endgroup]
2025-01-07T17:00:59.7790078Z Temporarily overriding HOME='/home/runner/work/_temp/e1e59aaf-d18f-423c-a55f-155fb6d4291e' before making global git config changes
2025-01-07T17:00:59.7792118Z Adding repository directory to the temporary git global config as a safe directory
2025-01-07T17:00:59.7796582Z [command]/usr/bin/git config --global --add safe.directory /home/runner/work/tardis/tardis/tardis-regression-data
2025-01-07T17:00:59.7826398Z ##[group]Initializing the repository
2025-01-07T17:00:59.7831890Z [command]/usr/bin/git init /home/runner/work/tardis/tardis/tardis-regression-data
2025-01-07T17:00:59.7866694Z hint: Using 'master' as the name for the initial branch. This default branch name
2025-01-07T17:00:59.7868136Z hint: is subject to change. To configure the initial branch name to use in all
2025-01-07T17:00:59.7869349Z hint: of your new repositories, which will suppress this warning, call:
2025-01-07T17:00:59.7870379Z hint:
2025-01-07T17:00:59.7871185Z hint: 	git config --global init.defaultBranch <name>
2025-01-07T17:00:59.7872066Z hint:
2025-01-07T17:00:59.7872911Z hint: Names commonly chosen instead of 'master' are 'main', 'trunk' and
2025-01-07T17:00:59.7874048Z hint: 'development'. The just-created branch can be renamed via this command:
2025-01-07T17:00:59.7875349Z hint:
2025-01-07T17:00:59.7875816Z hint: 	git branch -m <name>
2025-01-07T17:00:59.7876845Z Initialized empty Git repository in /home/runner/work/tardis/tardis/tardis-regression-data/.git/
2025-01-07T17:00:59.7879575Z [command]/usr/bin/git remote add origin https://github.com/tardis-sn/tardis-regression-data
2025-01-07T17:00:59.7910247Z ##[endgroup]
2025-01-07T17:00:59.7911041Z ##[group]Disabling automatic garbage collection
2025-01-07T17:00:59.7914270Z [command]/usr/bin/git config --local gc.auto 0
2025-01-07T17:00:59.7942790Z ##[endgroup]
2025-01-07T17:00:59.7943933Z ##[group]Setting up auth
2025-01-07T17:00:59.7948367Z [command]/usr/bin/git config --local --name-only --get-regexp core\.sshCommand
2025-01-07T17:00:59.7977293Z [command]/usr/bin/git submodule foreach --recursive sh -c "git config --local --name-only --get-regexp 'core\.sshCommand' && git config --local --unset-all 'core.sshCommand' || :"
2025-01-07T17:00:59.8198613Z [command]/usr/bin/git config --local --name-only --get-regexp http\.https\:\/\/github\.com\/\.extraheader
2025-01-07T17:00:59.8225571Z [command]/usr/bin/git submodule foreach --recursive sh -c "git config --local --name-only --get-regexp 'http\.https\:\/\/github\.com\/\.extraheader' && git config --local --unset-all 'http.https://github.com/.extraheader' || :"
2025-01-07T17:00:59.8473770Z [command]/usr/bin/git config --local http.https://github.com/.extraheader AUTHORIZATION: basic ***
2025-01-07T17:00:59.8511620Z ##[endgroup]
2025-01-07T17:00:59.8512734Z ##[group]Determining the default branch
2025-01-07T17:00:59.8515492Z Retrieving the default branch name
2025-01-07T17:01:00.1759216Z Default branch 'main'
2025-01-07T17:01:00.1760706Z ##[endgroup]
2025-01-07T17:01:00.1761883Z ##[group]Fetching the repository
2025-01-07T17:01:00.1768451Z [command]/usr/bin/git -c protocol.version=2 fetch --no-tags --prune --no-recurse-submodules --depth=1 origin +refs/heads/main:refs/remotes/origin/main
2025-01-07T17:01:00.9758494Z From https://github.com/tardis-sn/tardis-regression-data
2025-01-07T17:01:00.9760137Z  * [new branch]      main       -> origin/main
2025-01-07T17:01:00.9786937Z ##[endgroup]
2025-01-07T17:01:00.9787510Z ##[group]Determining the checkout info
2025-01-07T17:01:00.9789053Z ##[endgroup]
2025-01-07T17:01:00.9794424Z [command]/usr/bin/git sparse-checkout disable
2025-01-07T17:01:00.9830780Z [command]/usr/bin/git config --local --unset-all extensions.worktreeConfig
2025-01-07T17:01:00.9858563Z ##[group]Checking out the ref
2025-01-07T17:01:00.9863042Z [command]/usr/bin/git checkout --progress --force -B main refs/remotes/origin/main
2025-01-07T17:01:01.1003114Z Switched to a new branch 'main'
2025-01-07T17:01:01.1005562Z branch 'main' set up to track 'origin/main'.
2025-01-07T17:01:01.1263747Z ##[endgroup]
2025-01-07T17:01:01.1307929Z [command]/usr/bin/git log -1 --format=%H
2025-01-07T17:01:01.1330989Z 666ab8501c2b2aea30d05b8822e7ddbfca078d23
2025-01-07T17:01:01.1472921Z ##[group]Run git lfs ls-files -l | cut -d' ' -f1 | sort > .lfs-assets-id
2025-01-07T17:01:01.1473484Z [36;1mgit lfs ls-files -l | cut -d' ' -f1 | sort > .lfs-assets-id[0m
2025-01-07T17:01:01.1505613Z shell: /usr/bin/bash --noprofile --norc -e -o pipefail {0}
2025-01-07T17:01:01.1505950Z env:
2025-01-07T17:01:01.1506117Z   CACHE_NUMBER: 0
2025-01-07T17:01:01.1506940Z   PYTEST_FLAGS: --tardis-regression-data=/home/runner/work/tardis/tardis/tardis-regression-data --cov=tardis --cov-report=xml --cov-report=html --cov-append
2025-01-07T17:01:01.1507566Z   CODECOV_TOKEN: 
2025-01-07T17:01:01.1507769Z ##[endgroup]
2025-01-07T17:01:01.2967530Z ##[group]Run actions/cache/restore@v4
2025-01-07T17:01:01.2967802Z with:
2025-01-07T17:01:01.2967992Z   path: tardis-regression-data/.git/lfs
2025-01-07T17:01:01.2968471Z   key: Linux-lfs-21f9fa4b6817cc69b9fae3598144724da7828e276a73bd17f47a2a49d9af090a-v1
2025-01-07T17:01:01.2968894Z   enableCrossOsArchive: false
2025-01-07T17:01:01.2969123Z   fail-on-cache-miss: false
2025-01-07T17:01:01.2969628Z   lookup-only: false
2025-01-07T17:01:01.2969814Z env:
2025-01-07T17:01:01.2970018Z   CACHE_NUMBER: 0
2025-01-07T17:01:01.2970614Z   PYTEST_FLAGS: --tardis-regression-data=/home/runner/work/tardis/tardis/tardis-regression-data --cov=tardis --cov-report=xml --cov-report=html --cov-append
2025-01-07T17:01:01.2971276Z   CODECOV_TOKEN: 
2025-01-07T17:01:01.2971451Z ##[endgroup]
2025-01-07T17:01:02.9636993Z Received 25165824 of 1708418946 (1.5%), 24.0 MBs/sec
2025-01-07T17:01:03.9643704Z Received 184549376 of 1708418946 (10.8%), 87.9 MBs/sec
2025-01-07T17:01:04.9650050Z Received 360710144 of 1708418946 (21.1%), 114.6 MBs/sec
2025-01-07T17:01:05.9654478Z Received 528482304 of 1708418946 (30.9%), 125.9 MBs/sec
2025-01-07T17:01:06.9677112Z Received 692060160 of 1708418946 (40.5%), 131.9 MBs/sec
2025-01-07T17:01:07.9651700Z Received 868220928 of 1708418946 (50.8%), 138.0 MBs/sec
2025-01-07T17:01:08.9677083Z Received 1048576000 of 1708418946 (61.4%), 142.8 MBs/sec
2025-01-07T17:01:09.9647732Z Received 1224736768 of 1708418946 (71.7%), 146.0 MBs/sec
2025-01-07T17:01:10.9662755Z Received 1405091840 of 1708418946 (82.2%), 148.8 MBs/sec
2025-01-07T17:01:11.9712950Z Received 1577058304 of 1708418946 (92.3%), 150.3 MBs/sec
2025-01-07T17:01:12.7327450Z Cache Size: ~1629 MB (1708418946 B)
2025-01-07T17:01:12.7406950Z [command]/usr/bin/tar -xf /home/runner/work/_temp/2b2746ac-f046-43c5-93b1-93be7fdfb4cc/cache.tzst -P -C /home/runner/work/tardis/tardis --use-compress-program unzstd
2025-01-07T17:01:12.9721900Z Received 1708418946 of 1708418946 (100.0%), 148.0 MBs/sec
2025-01-07T17:01:19.1028801Z Cache restored successfully
2025-01-07T17:01:19.8873963Z Cache restored from key: Linux-lfs-21f9fa4b6817cc69b9fae3598144724da7828e276a73bd17f47a2a49d9af090a-v1
2025-01-07T17:01:19.9015251Z ##[group]Run git lfs checkout
2025-01-07T17:01:19.9015517Z [36;1mgit lfs checkout[0m
2025-01-07T17:01:19.9042069Z shell: /usr/bin/bash --noprofile --norc -e -o pipefail {0}
2025-01-07T17:01:19.9042381Z env:
2025-01-07T17:01:19.9042554Z   CACHE_NUMBER: 0
2025-01-07T17:01:19.9043169Z   PYTEST_FLAGS: --tardis-regression-data=/home/runner/work/tardis/tardis/tardis-regression-data --cov=tardis --cov-report=xml --cov-report=html --cov-append
2025-01-07T17:01:19.9043837Z   CODECOV_TOKEN: 
2025-01-07T17:01:19.9044012Z ##[endgroup]
2025-01-07T17:01:32.5784110Z Checking out LFS objects: 100% (204/204), 3.5 GB | 258 MB/s, done.
