2025-02-21T11:13:46.0264694Z Requested labels: ubuntu-latest
2025-02-21T11:13:46.0264967Z Job defined at: tardis-sn/tardis/.github/workflows/tests.yml@refs/pull/2977/merge
2025-02-21T11:13:46.0265096Z Waiting for a runner to pick up this job...
2025-02-21T11:13:46.2857867Z Job is waiting for a hosted runner to come online.
2025-02-21T11:13:49.3930477Z Job is about to start running on the hosted runner: GitHub Actions 41 (hosted)
2025-02-21T11:13:50.8119784Z Current runner version: '2.322.0'
2025-02-21T11:13:50.8143971Z ##[group]Operating System
2025-02-21T11:13:50.8144747Z Ubuntu
2025-02-21T11:13:50.8145439Z 24.04.1
2025-02-21T11:13:50.8145946Z LTS
2025-02-21T11:13:50.8146473Z ##[endgroup]
2025-02-21T11:13:50.8147002Z ##[group]Runner Image
2025-02-21T11:13:50.8147585Z Image: ubuntu-24.04
2025-02-21T11:13:50.8148152Z Version: 20250209.1.0
2025-02-21T11:13:50.8149241Z Included Software: https://github.com/actions/runner-images/blob/ubuntu24/20250209.1/images/ubuntu/Ubuntu2404-Readme.md
2025-02-21T11:13:50.8150749Z Image Release: https://github.com/actions/runner-images/releases/tag/ubuntu24%2F20250209.1
2025-02-21T11:13:50.8151734Z ##[endgroup]
2025-02-21T11:13:50.8152246Z ##[group]Runner Image Provisioner
2025-02-21T11:13:50.8152852Z 2.0.422.1
2025-02-21T11:13:50.8153403Z ##[endgroup]
2025-02-21T11:13:50.8155517Z ##[group]GITHUB_TOKEN Permissions
2025-02-21T11:13:50.8157524Z Actions: read
2025-02-21T11:13:50.8158267Z Attestations: read
2025-02-21T11:13:50.8159001Z Checks: read
2025-02-21T11:13:50.8159512Z Contents: read
2025-02-21T11:13:50.8159977Z Deployments: read
2025-02-21T11:13:50.8160588Z Discussions: read
2025-02-21T11:13:50.8161328Z Issues: read
2025-02-21T11:13:50.8161897Z Metadata: read
2025-02-21T11:13:50.8162437Z Packages: read
2025-02-21T11:13:50.8162927Z Pages: read
2025-02-21T11:13:50.8163494Z PullRequests: read
2025-02-21T11:13:50.8164063Z RepositoryProjects: read
2025-02-21T11:13:50.8164663Z SecurityEvents: read
2025-02-21T11:13:50.8165258Z Statuses: read
2025-02-21T11:13:50.8165736Z ##[endgroup]
2025-02-21T11:13:50.8168712Z Secret source: None
2025-02-21T11:13:50.8169538Z Prepare workflow directory
2025-02-21T11:13:50.8787704Z Prepare all required actions
2025-02-21T11:13:50.8824716Z Getting action download info
2025-02-21T11:13:51.0561187Z ##[group]Download immutable action package 'actions/checkout@v4'
2025-02-21T11:13:51.0562145Z Version: 4.2.2
2025-02-21T11:13:51.0563000Z Digest: sha256:ccb2698953eaebd21c7bf6268a94f9c26518a7e38e27e0b83c1fe1ad049819b1
2025-02-21T11:13:51.0564054Z Source commit SHA: 11bd71901bbe5b1630ceea73d27597364c9af683
2025-02-21T11:13:51.0564730Z ##[endgroup]
2025-02-21T11:13:51.1437113Z ##[group]Download immutable action package 'actions/upload-artifact@v4'
2025-02-21T11:13:51.1437848Z Version: 4.6.0
2025-02-21T11:13:51.1438500Z Digest: sha256:bf85474c8423f9cd48bd2caf3ce5adb1711e2dfdb055b040bd36b044e4290329
2025-02-21T11:13:51.1439389Z Source commit SHA: 65c4c4a1ddee5b72f698fdd19549f0f0fb45cf08
2025-02-21T11:13:51.1440005Z ##[endgroup]
2025-02-21T11:13:51.3114110Z Complete job name:  continuum ubuntu-latest 
2025-02-21T11:13:51.3833456Z ##[group]Run actions/checkout@v4
2025-02-21T11:13:51.3834900Z with:
2025-02-21T11:13:51.3836054Z   repository: tardis-sn/tardis
2025-02-21T11:13:51.3837095Z   token: ***
2025-02-21T11:13:51.3837768Z   ssh-strict: true
2025-02-21T11:13:51.3838425Z   ssh-user: git
2025-02-21T11:13:51.3838917Z   persist-credentials: true
2025-02-21T11:13:51.3839383Z   clean: true
2025-02-21T11:13:51.3839808Z   sparse-checkout-cone-mode: true
2025-02-21T11:13:51.3840318Z   fetch-depth: 1
2025-02-21T11:13:51.3840926Z   fetch-tags: false
2025-02-21T11:13:51.3841362Z   show-progress: true
2025-02-21T11:13:51.3841785Z   lfs: false
2025-02-21T11:13:51.3842184Z   submodules: false
2025-02-21T11:13:51.3842634Z   set-safe-directory: true
2025-02-21T11:13:51.3843522Z env:
2025-02-21T11:13:51.3843918Z   CACHE_NUMBER: 0
2025-02-21T11:13:51.3845067Z   PYTEST_FLAGS: --tardis-regression-data=/home/runner/work/tardis/tardis/tardis-regression-data --cov=tardis --cov-report=xml --cov-report=html --cov-append
2025-02-21T11:13:51.3846305Z   CODECOV_TOKEN: 
2025-02-21T11:13:51.3847203Z ##[endgroup]
2025-02-21T11:13:51.5994637Z Syncing repository: tardis-sn/tardis
2025-02-21T11:13:51.5996543Z ##[group]Getting Git version info
2025-02-21T11:13:51.5997306Z Working directory is '/home/runner/work/tardis/tardis'
2025-02-21T11:13:51.5998336Z [command]/usr/bin/git version
2025-02-21T11:13:51.6066205Z git version 2.48.1
2025-02-21T11:13:51.6096073Z ##[endgroup]
2025-02-21T11:13:51.6109213Z Temporarily overriding HOME='/home/runner/work/_temp/06edbac4-90f1-4311-afb3-3a695338bac5' before making global git config changes
2025-02-21T11:13:51.6110995Z Adding repository directory to the temporary git global config as a safe directory
2025-02-21T11:13:51.6114490Z [command]/usr/bin/git config --global --add safe.directory /home/runner/work/tardis/tardis
2025-02-21T11:13:51.6148316Z Deleting the contents of '/home/runner/work/tardis/tardis'
2025-02-21T11:13:51.6151914Z ##[group]Initializing the repository
2025-02-21T11:13:51.6155822Z [command]/usr/bin/git init /home/runner/work/tardis/tardis
2025-02-21T11:13:51.6245780Z hint: Using 'master' as the name for the initial branch. This default branch name
2025-02-21T11:13:51.6246883Z hint: is subject to change. To configure the initial branch name to use in all
2025-02-21T11:13:51.6247893Z hint: of your new repositories, which will suppress this warning, call:
2025-02-21T11:13:51.6248663Z hint:
2025-02-21T11:13:51.6249205Z hint: 	git config --global init.defaultBranch <name>
2025-02-21T11:13:51.6249859Z hint:
2025-02-21T11:13:51.6250466Z hint: Names commonly chosen instead of 'master' are 'main', 'trunk' and
2025-02-21T11:13:51.6251713Z hint: 'development'. The just-created branch can be renamed via this command:
2025-02-21T11:13:51.6252506Z hint:
2025-02-21T11:13:51.6252998Z hint: 	git branch -m <name>
2025-02-21T11:13:51.6254590Z Initialized empty Git repository in /home/runner/work/tardis/tardis/.git/
2025-02-21T11:13:51.6265533Z [command]/usr/bin/git remote add origin https://github.com/tardis-sn/tardis
2025-02-21T11:13:51.6381653Z ##[endgroup]
2025-02-21T11:13:51.6383280Z ##[group]Disabling automatic garbage collection
2025-02-21T11:13:51.6386430Z [command]/usr/bin/git config --local gc.auto 0
2025-02-21T11:13:51.6416069Z ##[endgroup]
2025-02-21T11:13:51.6417556Z ##[group]Setting up auth
2025-02-21T11:13:51.6423912Z [command]/usr/bin/git config --local --name-only --get-regexp core\.sshCommand
2025-02-21T11:13:51.6455702Z [command]/usr/bin/git submodule foreach --recursive sh -c "git config --local --name-only --get-regexp 'core\.sshCommand' && git config --local --unset-all 'core.sshCommand' || :"
2025-02-21T11:13:51.6777907Z [command]/usr/bin/git config --local --name-only --get-regexp http\.https\:\/\/github\.com\/\.extraheader
2025-02-21T11:13:51.6808594Z [command]/usr/bin/git submodule foreach --recursive sh -c "git config --local --name-only --get-regexp 'http\.https\:\/\/github\.com\/\.extraheader' && git config --local --unset-all 'http.https://github.com/.extraheader' || :"
2025-02-21T11:13:51.7030915Z [command]/usr/bin/git config --local http.https://github.com/.extraheader AUTHORIZATION: basic ***
2025-02-21T11:13:51.7068743Z ##[endgroup]
2025-02-21T11:13:51.7069644Z ##[group]Fetching the repository
2025-02-21T11:13:51.7078005Z [command]/usr/bin/git -c protocol.version=2 fetch --no-tags --prune --no-recurse-submodules --depth=1 origin +7b91d8f017ba0c5fcb0e0a23dae5cf51b14ab4f5:refs/remotes/pull/2977/merge
2025-02-21T11:13:52.8674154Z From https://github.com/tardis-sn/tardis
2025-02-21T11:13:52.8676184Z  * [new ref]         7b91d8f017ba0c5fcb0e0a23dae5cf51b14ab4f5 -> pull/2977/merge
2025-02-21T11:13:52.8700215Z ##[endgroup]
2025-02-21T11:13:52.8701519Z ##[group]Determining the checkout info
2025-02-21T11:13:52.8703001Z ##[endgroup]
2025-02-21T11:13:52.8708510Z [command]/usr/bin/git sparse-checkout disable
2025-02-21T11:13:52.8752470Z [command]/usr/bin/git config --local --unset-all extensions.worktreeConfig
2025-02-21T11:13:52.8782878Z ##[group]Checking out the ref
2025-02-21T11:13:52.8784133Z [command]/usr/bin/git checkout --progress --force refs/remotes/pull/2977/merge
2025-02-21T11:13:53.0771088Z Note: switching to 'refs/remotes/pull/2977/merge'.
2025-02-21T11:13:53.0772266Z 
2025-02-21T11:13:53.0773225Z You are in 'detached HEAD' state. You can look around, make experimental
2025-02-21T11:13:53.0775705Z changes and commit them, and you can discard any commits you make in this
2025-02-21T11:13:53.0778219Z state without impacting any branches by switching back to a branch.
2025-02-21T11:13:53.0780126Z 
2025-02-21T11:13:53.0781263Z If you want to create a new branch to retain commits you create, you may
2025-02-21T11:13:53.0783459Z do so (now or later) by using -c with the switch command. Example:
2025-02-21T11:13:53.0784771Z 
2025-02-21T11:13:53.0785310Z   git switch -c <new-branch-name>
2025-02-21T11:13:53.0786271Z 
2025-02-21T11:13:53.0786795Z Or undo this operation with:
2025-02-21T11:13:53.0787659Z 
2025-02-21T11:13:53.0788099Z   git switch -
2025-02-21T11:13:53.0788781Z 
2025-02-21T11:13:53.0790046Z Turn off this advice by setting config variable advice.detachedHead to false
2025-02-21T11:13:53.0792098Z 
2025-02-21T11:13:53.0794163Z HEAD is now at 7b91d8f Merge c9541ec87518cf5172f63ad62636a537a8e44fe7 into cec8b531cc56e66219fe3ca2efdbf837c008b852
2025-02-21T11:13:53.0800059Z ##[endgroup]
2025-02-21T11:13:53.0835027Z [command]/usr/bin/git log -1 --format=%H
2025-02-21T11:13:53.0859726Z 7b91d8f017ba0c5fcb0e0a23dae5cf51b14ab4f5
2025-02-21T11:13:53.1167591Z Prepare all required actions
2025-02-21T11:13:53.1168635Z Getting action download info
2025-02-21T11:13:53.2463599Z ##[group]Download immutable action package 'actions/cache@v4'
2025-02-21T11:13:53.2464493Z Version: 4.2.1
2025-02-21T11:13:53.2465343Z Digest: sha256:b0404c9628d43aa6855629075b28f32cadf8efc5c26198438149f78500112940
2025-02-21T11:13:53.2466336Z Source commit SHA: 0c907a75c2c80ebcb7f088228285e798b750cf8f
2025-02-21T11:13:53.2467188Z ##[endgroup]
2025-02-21T11:13:53.4698469Z ##[group]Run ./.github/actions/setup_lfs
2025-02-21T11:13:53.4699238Z with:
2025-02-21T11:13:53.4699954Z   regression-data-repo: tardis-sn/tardis-regression-data
2025-02-21T11:13:53.4700888Z   atom-data-sparse: false
2025-02-21T11:13:53.4701579Z env:
2025-02-21T11:13:53.4702177Z   CACHE_NUMBER: 0
2025-02-21T11:13:53.4703356Z   PYTEST_FLAGS: --tardis-regression-data=/home/runner/work/tardis/tardis/tardis-regression-data --cov=tardis --cov-report=xml --cov-report=html --cov-append
2025-02-21T11:13:53.4704640Z   CODECOV_TOKEN: 
2025-02-21T11:13:53.4705271Z ##[endgroup]
2025-02-21T11:13:53.4880245Z ##[group]Run actions/checkout@v4
2025-02-21T11:13:53.4881102Z with:
2025-02-21T11:13:53.4881774Z   repository: tardis-sn/tardis-regression-data
2025-02-21T11:13:53.4882542Z   path: tardis-regression-data
2025-02-21T11:13:53.4883224Z   lfs: false
2025-02-21T11:13:53.4884002Z   token: ***
2025-02-21T11:13:53.4884628Z   ssh-strict: true
2025-02-21T11:13:53.4885261Z   ssh-user: git
2025-02-21T11:13:53.4886171Z   persist-credentials: true
2025-02-21T11:13:53.4886851Z   clean: true
2025-02-21T11:13:53.4887505Z   sparse-checkout-cone-mode: true
2025-02-21T11:13:53.4888210Z   fetch-depth: 1
2025-02-21T11:13:53.4888848Z   fetch-tags: false
2025-02-21T11:13:53.4889491Z   show-progress: true
2025-02-21T11:13:53.4890138Z   submodules: false
2025-02-21T11:13:53.4890887Z   set-safe-directory: true
2025-02-21T11:13:53.4891550Z env:
2025-02-21T11:13:53.4892159Z   CACHE_NUMBER: 0
2025-02-21T11:13:53.4893357Z   PYTEST_FLAGS: --tardis-regression-data=/home/runner/work/tardis/tardis/tardis-regression-data --cov=tardis --cov-report=xml --cov-report=html --cov-append
2025-02-21T11:13:53.4894567Z   CODECOV_TOKEN: 
2025-02-21T11:13:53.4895188Z ##[endgroup]
2025-02-21T11:13:53.5836080Z Syncing repository: tardis-sn/tardis-regression-data
2025-02-21T11:13:53.5841610Z ##[group]Getting Git version info
2025-02-21T11:13:53.5843118Z Working directory is '/home/runner/work/tardis/tardis/tardis-regression-data'
2025-02-21T11:13:53.5885751Z [command]/usr/bin/git version
2025-02-21T11:13:53.5928691Z git version 2.48.1
2025-02-21T11:13:53.5954140Z ##[endgroup]
2025-02-21T11:13:53.5966384Z Temporarily overriding HOME='/home/runner/work/_temp/275f4491-27ea-426f-bd71-f8f551a30b2f' before making global git config changes
2025-02-21T11:13:53.5968554Z Adding repository directory to the temporary git global config as a safe directory
2025-02-21T11:13:53.5971560Z [command]/usr/bin/git config --global --add safe.directory /home/runner/work/tardis/tardis/tardis-regression-data
2025-02-21T11:13:53.6000895Z ##[group]Initializing the repository
2025-02-21T11:13:53.6005716Z [command]/usr/bin/git init /home/runner/work/tardis/tardis/tardis-regression-data
2025-02-21T11:13:53.6041687Z hint: Using 'master' as the name for the initial branch. This default branch name
2025-02-21T11:13:53.6043424Z hint: is subject to change. To configure the initial branch name to use in all
2025-02-21T11:13:53.6044527Z hint: of your new repositories, which will suppress this warning, call:
2025-02-21T11:13:53.6045369Z hint:
2025-02-21T11:13:53.6046095Z hint: 	git config --global init.defaultBranch <name>
2025-02-21T11:13:53.6046854Z hint:
2025-02-21T11:13:53.6047743Z hint: Names commonly chosen instead of 'master' are 'main', 'trunk' and
2025-02-21T11:13:53.6048789Z hint: 'development'. The just-created branch can be renamed via this command:
2025-02-21T11:13:53.6049634Z hint:
2025-02-21T11:13:53.6050283Z hint: 	git branch -m <name>
2025-02-21T11:13:53.6051715Z Initialized empty Git repository in /home/runner/work/tardis/tardis/tardis-regression-data/.git/
2025-02-21T11:13:53.6054033Z [command]/usr/bin/git remote add origin https://github.com/tardis-sn/tardis-regression-data
2025-02-21T11:13:53.6084482Z ##[endgroup]
2025-02-21T11:13:53.6085629Z ##[group]Disabling automatic garbage collection
2025-02-21T11:13:53.6088328Z [command]/usr/bin/git config --local gc.auto 0
2025-02-21T11:13:53.6118384Z ##[endgroup]
2025-02-21T11:13:53.6120236Z ##[group]Setting up auth
2025-02-21T11:13:53.6125402Z [command]/usr/bin/git config --local --name-only --get-regexp core\.sshCommand
2025-02-21T11:13:53.6155558Z [command]/usr/bin/git submodule foreach --recursive sh -c "git config --local --name-only --get-regexp 'core\.sshCommand' && git config --local --unset-all 'core.sshCommand' || :"
2025-02-21T11:13:53.6377782Z [command]/usr/bin/git config --local --name-only --get-regexp http\.https\:\/\/github\.com\/\.extraheader
2025-02-21T11:13:53.6407649Z [command]/usr/bin/git submodule foreach --recursive sh -c "git config --local --name-only --get-regexp 'http\.https\:\/\/github\.com\/\.extraheader' && git config --local --unset-all 'http.https://github.com/.extraheader' || :"
2025-02-21T11:13:53.6632515Z [command]/usr/bin/git config --local http.https://github.com/.extraheader AUTHORIZATION: basic ***
2025-02-21T11:13:53.6668468Z ##[endgroup]
2025-02-21T11:13:53.6670327Z ##[group]Determining the default branch
2025-02-21T11:13:53.6672361Z Retrieving the default branch name
2025-02-21T11:13:53.8537228Z Default branch 'main'
2025-02-21T11:13:53.8537990Z ##[endgroup]
2025-02-21T11:13:53.8538576Z ##[group]Fetching the repository
2025-02-21T11:13:53.8547066Z [command]/usr/bin/git -c protocol.version=2 fetch --no-tags --prune --no-recurse-submodules --depth=1 origin +refs/heads/main:refs/remotes/origin/main
2025-02-21T11:13:54.1917365Z From https://github.com/tardis-sn/tardis-regression-data
2025-02-21T11:13:54.1917855Z  * [new branch]      main       -> origin/main
2025-02-21T11:13:54.1942243Z ##[endgroup]
2025-02-21T11:13:54.1942870Z ##[group]Determining the checkout info
2025-02-21T11:13:54.1944452Z ##[endgroup]
2025-02-21T11:13:54.1949808Z [command]/usr/bin/git sparse-checkout disable
2025-02-21T11:13:54.1986111Z [command]/usr/bin/git config --local --unset-all extensions.worktreeConfig
2025-02-21T11:13:54.2013830Z ##[group]Checking out the ref
2025-02-21T11:13:54.2018210Z [command]/usr/bin/git checkout --progress --force -B main refs/remotes/origin/main
2025-02-21T11:13:54.3200804Z Switched to a new branch 'main'
2025-02-21T11:13:54.3202479Z branch 'main' set up to track 'origin/main'.
2025-02-21T11:13:54.3466179Z ##[endgroup]
2025-02-21T11:13:54.3505396Z [command]/usr/bin/git log -1 --format=%H
2025-02-21T11:13:54.3529496Z 84e768462f20f09fbccc05625cdcc1d8ffbe404c
2025-02-21T11:13:54.3656748Z ##[group]Run if [ "false" == "true" ]; then
2025-02-21T11:13:54.3657139Z [36;1mif [ "false" == "true" ]; then[0m
2025-02-21T11:13:54.3657433Z [36;1m  echo "Using atom data sparse checkout"[0m
2025-02-21T11:13:54.3658065Z [36;1m  echo "atom_data/kurucz_cd23_chianti_H_He.h5" > .lfs-files-list[0m
2025-02-21T11:13:54.3658389Z [36;1melse[0m
2025-02-21T11:13:54.3658608Z [36;1m  echo "Using full repository checkout"[0m
2025-02-21T11:13:54.3658962Z [36;1m  git lfs ls-files -l | cut -d' ' -f1 | sort > .lfs-files-list[0m
2025-02-21T11:13:54.3659264Z [36;1mfi[0m
2025-02-21T11:13:54.3842331Z shell: /usr/bin/bash --noprofile --norc -e -o pipefail {0}
2025-02-21T11:13:54.3842663Z env:
2025-02-21T11:13:54.3842840Z   CACHE_NUMBER: 0
2025-02-21T11:13:54.3843462Z   PYTEST_FLAGS: --tardis-regression-data=/home/runner/work/tardis/tardis/tardis-regression-data --cov=tardis --cov-report=xml --cov-report=html --cov-append
2025-02-21T11:13:54.3844110Z   CODECOV_TOKEN: 
2025-02-21T11:13:54.3844306Z ##[endgroup]
2025-02-21T11:13:54.3936005Z Using full repository checkout
2025-02-21T11:13:54.5324596Z ##[group]Run actions/cache/restore@v4
2025-02-21T11:13:54.5324848Z with:
2025-02-21T11:13:54.5325064Z   path: tardis-regression-data/.git/lfs
2025-02-21T11:13:54.5325887Z   key: tardis-regression-full-data-c8ff2bbb6048b3f24d3f52a1e85b013ad47e52c369a6ce4cfdeff528b659b86f-tardis-sn/tardis-regression-data-v1
2025-02-21T11:13:54.5326527Z   fail-on-cache-miss: true
2025-02-21T11:13:54.5326754Z   enableCrossOsArchive: false
2025-02-21T11:13:54.5326973Z   lookup-only: false
2025-02-21T11:13:54.5327159Z env:
2025-02-21T11:13:54.5327328Z   CACHE_NUMBER: 0
2025-02-21T11:13:54.5327920Z   PYTEST_FLAGS: --tardis-regression-data=/home/runner/work/tardis/tardis/tardis-regression-data --cov=tardis --cov-report=xml --cov-report=html --cov-append
2025-02-21T11:13:54.5328544Z   CODECOV_TOKEN: 
2025-02-21T11:13:54.5328717Z ##[endgroup]
2025-02-21T11:13:54.7440285Z Cache hit for: tardis-regression-full-data-c8ff2bbb6048b3f24d3f52a1e85b013ad47e52c369a6ce4cfdeff528b659b86f-tardis-sn/tardis-regression-data-v1
2025-02-21T11:13:55.7956484Z Received 243269632 of 2161656325 (11.3%), 231.1 MBs/sec
2025-02-21T11:13:56.7974962Z Received 448790528 of 2161656325 (20.8%), 213.4 MBs/sec
2025-02-21T11:13:57.8056836Z Received 671088640 of 2161656325 (31.0%), 212.3 MBs/sec
2025-02-21T11:13:58.8200856Z Received 939524096 of 2161656325 (43.5%), 222.4 MBs/sec
2025-02-21T11:13:59.8200276Z Received 1199570944 of 2161656325 (55.5%), 227.5 MBs/sec
2025-02-21T11:14:00.8199861Z Received 1468006400 of 2161656325 (67.9%), 232.2 MBs/sec
2025-02-21T11:14:01.8195603Z Received 1681915904 of 2161656325 (77.8%), 228.2 MBs/sec
2025-02-21T11:14:02.8223129Z Received 1958739968 of 2161656325 (90.6%), 232.6 MBs/sec
2025-02-21T11:14:03.6096173Z Received 2161656325 of 2161656325 (100.0%), 233.8 MBs/sec
2025-02-21T11:14:03.6099008Z Cache Size: ~2062 MB (2161656325 B)
2025-02-21T11:14:03.6139656Z [command]/usr/bin/tar -xf /home/runner/work/_temp/433e915d-7262-4add-972c-977c7c446f4d/cache.tzst -P -C /home/runner/work/tardis/tardis --use-compress-program unzstd
2025-02-21T11:14:14.9937743Z Cache restored successfully
2025-02-21T11:14:15.3692393Z Cache restored from key: tardis-regression-full-data-c8ff2bbb6048b3f24d3f52a1e85b013ad47e52c369a6ce4cfdeff528b659b86f-tardis-sn/tardis-regression-data-v1
2025-02-21T11:14:15.3845333Z ##[group]Run git lfs checkout
2025-02-21T11:14:15.3845587Z [36;1mgit lfs checkout[0m
2025-02-21T11:14:15.3902136Z shell: /usr/bin/bash --noprofile --norc -e -o pipefail {0}
2025-02-21T11:14:15.3902455Z env:
2025-02-21T11:14:15.3902626Z   CACHE_NUMBER: 0
2025-02-21T11:14:15.3903226Z   PYTEST_FLAGS: --tardis-regression-data=/home/runner/work/tardis/tardis/tardis-regression-data --cov=tardis --cov-report=xml --cov-report=html --cov-append
2025-02-21T11:14:15.3903856Z   CODECOV_TOKEN: 
2025-02-21T11:14:15.3904037Z ##[endgroup]
2025-02-21T11:14:36.3312064Z Checking out LFS objects: 100% (204/204), 5.7 GB | 251 MB/s, done.
2025-02-21T11:14:38.8182038Z Prepare all required actions
2025-02-21T11:14:38.8182382Z Getting action download info
2025-02-21T11:14:38.9158607Z Download action repository 'mamba-org/setup-micromamba@v1' (SHA:4b9113af4fba0e9e1124b252dd6497a419e7396d)
2025-02-21T11:14:39.1937630Z ##[group]Run ./.github/actions/setup_env
2025-02-21T11:14:39.1938056Z with:
2025-02-21T11:14:39.1938237Z   os-label: linux-64
2025-02-21T11:14:39.1938421Z env:
2025-02-21T11:14:39.1938582Z   CACHE_NUMBER: 0
2025-02-21T11:14:39.1939173Z   PYTEST_FLAGS: --tardis-regression-data=/home/runner/work/tardis/tardis/tardis-regression-data --cov=tardis --cov-report=xml --cov-report=html --cov-append
2025-02-21T11:14:39.1939811Z   CODECOV_TOKEN: 
2025-02-21T11:14:39.1939984Z ##[endgroup]
2025-02-21T11:14:39.1961174Z ##[group]Run file_hash=$(cat conda-linux-64.lock | shasum -a 256 | cut -d' ' -f1)
2025-02-21T11:14:39.1961661Z [36;1mfile_hash=$(cat conda-linux-64.lock | shasum -a 256 | cut -d' ' -f1)[0m
2025-02-21T11:14:39.1962201Z [36;1mecho "file_hash=tardis-conda-env-linux-64-${file_hash}-v1" >> "${GITHUB_OUTPUT}"[0m
2025-02-21T11:14:39.2025181Z shell: /usr/bin/bash --noprofile --norc -e -o pipefail {0}
2025-02-21T11:14:39.2025494Z env:
2025-02-21T11:14:39.2025659Z   CACHE_NUMBER: 0
2025-02-21T11:14:39.2026252Z   PYTEST_FLAGS: --tardis-regression-data=/home/runner/work/tardis/tardis/tardis-regression-data --cov=tardis --cov-report=xml --cov-report=html --cov-append
2025-02-21T11:14:39.2026897Z   CODECOV_TOKEN: 
2025-02-21T11:14:39.2027086Z ##[endgroup]
2025-02-21T11:14:39.2404098Z ##[group]Run mamba-org/setup-micromamba@v1
2025-02-21T11:14:39.2404358Z with:
2025-02-21T11:14:39.2404549Z   environment-file: conda-linux-64.lock
2025-02-21T11:14:39.2405099Z   cache-environment-key: tardis-conda-env-linux-64-d7cd390425b0fd3cf82649dcc003efba9915fb4928f15d342148c3ccffcbe2ee-v1
2025-02-21T11:14:39.2405914Z   cache-downloads-key: tardis-conda-env-linux-64-d7cd390425b0fd3cf82649dcc003efba9915fb4928f15d342148c3ccffcbe2ee-v1
2025-02-21T11:14:39.2406452Z   environment-name: tardis
2025-02-21T11:14:39.2406665Z   cache-environment: true
2025-02-21T11:14:39.2406871Z   cache-downloads: true
2025-02-21T11:14:39.2407063Z env:
2025-02-21T11:14:39.2407228Z   CACHE_NUMBER: 0
2025-02-21T11:14:39.2407810Z   PYTEST_FLAGS: --tardis-regression-data=/home/runner/work/tardis/tardis/tardis-regression-data --cov=tardis --cov-report=xml --cov-report=html --cov-append
2025-02-21T11:14:39.2430105Z   CODECOV_TOKEN: 
2025-02-21T11:14:39.2430348Z ##[endgroup]
2025-02-21T11:14:39.3772116Z Will download micromamba to /home/runner/micromamba-bin/micromamba
2025-02-21T11:14:39.3781869Z ##[group]Install micromamba
2025-02-21T11:14:39.6222345Z micromamba installed to /home/runner/micromamba-bin/micromamba
2025-02-21T11:14:39.6223072Z ##[endgroup]
2025-02-21T11:14:39.6224205Z Adding conda-forge to condarc channels ...
2025-02-21T11:14:39.6233940Z ##[group]Initialize micromamba for bash.
2025-02-21T11:14:39.6250007Z [command]/home/runner/micromamba-bin/micromamba shell init -s bash -r /home/runner/micromamba --log-level warning --rc-file /home/runner/work/_temp/setup-micromamba/.condarc
2025-02-21T11:14:39.6363622Z Modifying RC file "/home/runner/.bashrc"
2025-02-21T11:14:39.6367458Z Generating config for root prefix [1m"/home/runner/micromamba"[0m
2025-02-21T11:14:39.6368630Z Setting mamba executable to: [1m"/home/runner/micromamba-bin/micromamba"[0m
2025-02-21T11:14:39.6369121Z Adding (or replacing) the following in your "/home/runner/.bashrc" file
2025-02-21T11:14:39.6369405Z 
2025-02-21T11:14:39.6369490Z # >>> mamba initialize >>>
2025-02-21T11:14:39.6369769Z # !! Contents within this block are managed by 'mamba init' !!
2025-02-21T11:14:39.6370142Z export MAMBA_EXE='/home/runner/micromamba-bin/micromamba';
2025-02-21T11:14:39.6370482Z export MAMBA_ROOT_PREFIX='/home/runner/micromamba';
2025-02-21T11:14:39.6371218Z __mamba_setup="$("$MAMBA_EXE" shell hook --shell bash --root-prefix "$MAMBA_ROOT_PREFIX" 2> /dev/null)"
2025-02-21T11:14:39.6371669Z if [ $? -eq 0 ]; then
2025-02-21T11:14:39.6372188Z     eval "$__mamba_setup"
2025-02-21T11:14:39.6372555Z else
2025-02-21T11:14:39.6373139Z     alias micromamba="$MAMBA_EXE"  # Fallback on help from mamba activate
2025-02-21T11:14:39.6373768Z fi
2025-02-21T11:14:39.6374063Z unset __mamba_setup
2025-02-21T11:14:39.6374420Z # <<< mamba initialize <<<
2025-02-21T11:14:39.6374918Z 
2025-02-21T11:14:39.6384343Z Moving mamba initialize block to .bash_profile
2025-02-21T11:14:39.6395152Z ##[endgroup]
2025-02-21T11:14:39.6396397Z ##[group]Restoring downloads from `/home/runner/micromamba/pkgs` ...
2025-02-21T11:14:40.7533978Z Received 301989888 of 356815776 (84.6%), 286.9 MBs/sec
2025-02-21T11:14:40.8864248Z Cache Size: ~340 MB (356815776 B)
2025-02-21T11:14:40.8902221Z [command]/usr/bin/tar -xf /home/runner/work/_temp/dbd65321-e0ec-49b4-9764-8b2b5fe92d69/cache.tzst -P -C /home/runner/work/tardis/tardis --use-compress-program unzstd
2025-02-21T11:14:41.3779903Z Cache restored successfully
2025-02-21T11:14:41.4520190Z Restored cache with key `tardis-conda-env-linux-64-d7cd390425b0fd3cf82649dcc003efba9915fb4928f15d342148c3ccffcbe2ee-v1-linux-64`
2025-02-21T11:14:41.4521865Z ##[endgroup]
2025-02-21T11:14:41.4532255Z ##[group]Restoring environment `tardis` from `/home/runner/micromamba/envs/tardis` ...
2025-02-21T11:14:41.7630522Z Received 356815776 of 356815776 (100.0%), 169.0 MBs/sec
2025-02-21T11:14:42.5189916Z Received 356515840 of 444032293 (80.3%), 338.6 MBs/sec
2025-02-21T11:14:42.7557429Z Cache Size: ~423 MB (444032293 B)
2025-02-21T11:14:42.7595792Z [command]/usr/bin/tar -xf /home/runner/work/_temp/411eca2e-6143-4a84-9c43-d4fde0ed2640/cache.tzst -P -C /home/runner/work/tardis/tardis --use-compress-program unzstd
2025-02-21T11:14:43.5162597Z Received 444032293 of 444032293 (100.0%), 211.1 MBs/sec
2025-02-21T11:14:48.3737745Z Cache restored successfully
2025-02-21T11:14:48.4487592Z Restored cache with key `tardis-conda-env-linux-64-d7cd390425b0fd3cf82649dcc003efba9915fb4928f15d342148c3ccffcbe2ee-v1-linux-64-tardis-args-4f53cda-root-dcc80ee-bin-[object Promise]-file-d7cd390425b0fd3cf82649dcc003efba9915fb4928f15d342148c3ccffcbe2ee`
2025-02-21T11:14:48.4490020Z ##[endgroup]
2025-02-21T11:14:48.4490438Z Adding environment tardis to auto-activate bash ...
2025-02-21T11:14:48.4499314Z Generating micromamba run shell.
2025-02-21T11:14:48.4509373Z ##[endgroup]
2025-02-21T11:14:48.4514843Z Set environment variables.
2025-02-21T11:14:48.4518505Z ##[group]micromamba info
2025-02-21T11:14:48.4521990Z [command]/home/runner/micromamba-bin/micromamba info -r /home/runner/micromamba -n tardis
2025-02-21T11:14:48.4758995Z 
2025-02-21T11:14:48.4759410Z        libmamba version : 1.5.10
2025-02-21T11:14:48.4759855Z      micromamba version : 1.5.10
2025-02-21T11:14:48.4760392Z            curl version : libcurl/8.10.1 OpenSSL/3.3.2 zlib/1.3.1 zstd/1.5.6 libssh2/1.11.0 nghttp2/1.58.0
2025-02-21T11:14:48.4761226Z      libarchive version : libarchive 3.7.4 zlib/1.2.13 bz2lib/1.0.8 libzstd/1.5.6
2025-02-21T11:14:48.4761623Z        envs directories : /home/runner/micromamba/envs
2025-02-21T11:14:48.4761980Z           package cache : /home/runner/micromamba/pkgs
2025-02-21T11:14:48.4762286Z                           /home/runner/.mamba/pkgs
2025-02-21T11:14:48.4762553Z             environment : tardis
2025-02-21T11:14:48.4762829Z            env location : /home/runner/micromamba/envs/tardis
2025-02-21T11:14:48.4763151Z       user config files : /home/runner/.mambarc
2025-02-21T11:14:48.4763528Z  populated config files : /home/runner/work/_temp/setup-micromamba/.condarc
2025-02-21T11:14:48.4763897Z        virtual packages : __unix=0=0
2025-02-21T11:14:48.4764142Z                           __linux=6.8.0=0
2025-02-21T11:14:48.4764384Z                           __glibc=2.39=0
2025-02-21T11:14:48.4764635Z                           __archspec=1=x86_64_v3
2025-02-21T11:14:48.4764971Z                channels : https://conda.anaconda.org/conda-forge/linux-64
2025-02-21T11:14:48.4765344Z                           https://conda.anaconda.org/conda-forge/noarch
2025-02-21T11:14:48.4766024Z        base environment : /home/runner/micromamba
2025-02-21T11:14:48.4766315Z                platform : linux-64
2025-02-21T11:14:48.4778124Z ##[endgroup]
2025-02-21T11:14:48.4778721Z ##[group]micromamba list
2025-02-21T11:14:48.4780434Z [command]/home/runner/micromamba-bin/micromamba list -r /home/runner/micromamba -n tardis
2025-02-21T11:14:48.8667446Z List of packages in environment: "/home/runner/micromamba/envs/tardis"
2025-02-21T11:14:48.8668132Z 
2025-02-21T11:14:48.8668497Z   Name                           Version              Build                    Channel    
2025-02-21T11:14:48.8669951Z ────────────────────────────────────────────────────────────────────────────────────────────
2025-02-21T11:14:48.8670586Z   _libgcc_mutex                  0.1                  conda_forge              conda-forge
2025-02-21T11:14:48.8671406Z   _openmp_mutex                  4.5                  2_gnu                    conda-forge
2025-02-21T11:14:48.8671956Z   alabaster                      0.7.16               pyhd8ed1ab_0             conda-forge
2025-02-21T11:14:48.8672438Z   anyio                          4.4.0                pyhd8ed1ab_0             conda-forge
2025-02-21T11:14:48.8672863Z   argon2-cffi                    23.1.0               pyhd8ed1ab_0             conda-forge
2025-02-21T11:14:48.8673341Z   argon2-cffi-bindings           21.2.0               py312h98912ed_4          conda-forge
2025-02-21T11:14:48.8673753Z   arrow                          1.3.0                pyhd8ed1ab_0             conda-forge
2025-02-21T11:14:48.8674104Z   astropy                        6.1.1                py312h085067d_0          conda-forge
2025-02-21T11:14:48.8674497Z   astropy-iers-data              0.2024.6.17.0.31.35  pyhd8ed1ab_0             conda-forge
2025-02-21T11:14:48.8674929Z   astropy-sphinx-theme           1.1                  pyhd8ed1ab_0             conda-forge
2025-02-21T11:14:48.8675323Z   asttokens                      2.4.1                pyhd8ed1ab_0             conda-forge
2025-02-21T11:14:48.8675687Z   async-lru                      2.0.4                pyhd8ed1ab_0             conda-forge
2025-02-21T11:14:48.8676037Z   atk-1.0                        2.38.0               h04ea711_2               conda-forge
2025-02-21T11:14:48.8676370Z   attrs                          23.2.0               pyh71513ae_0             conda-forge
2025-02-21T11:14:48.8676712Z   babel                          2.14.0               pyhd8ed1ab_0             conda-forge
2025-02-21T11:14:48.8677083Z   beautifulsoup4                 4.12.3               pyha770c72_0             conda-forge
2025-02-21T11:14:48.8677464Z   bleach                         6.1.0                pyhd8ed1ab_0             conda-forge
2025-02-21T11:14:48.8677806Z   blosc                          1.21.5               hc2324a3_1               conda-forge
2025-02-21T11:14:48.8678140Z   brotli                         1.1.0                hd590300_1               conda-forge
2025-02-21T11:14:48.8678485Z   brotli-bin                     1.1.0                hd590300_1               conda-forge
2025-02-21T11:14:48.8678857Z   brotli-python                  1.1.0                py312h30efb56_1          conda-forge
2025-02-21T11:14:48.8679219Z   bzip2                          1.0.8                hd590300_5               conda-forge
2025-02-21T11:14:48.8679686Z   c-ares                         1.28.1               hd590300_0               conda-forge
2025-02-21T11:14:48.8680121Z   c-blosc2                       2.14.4               hb4ffafa_1               conda-forge
2025-02-21T11:14:48.8680508Z   ca-certificates                2024.6.2             hbcca054_0               conda-forge
2025-02-21T11:14:48.8681140Z   cached-property                1.5.2                hd8ed1ab_1               conda-forge
2025-02-21T11:14:48.8681548Z   cached_property                1.5.2                pyha770c72_1             conda-forge
2025-02-21T11:14:48.8681912Z   cairo                          1.18.0               h3faef2a_0               conda-forge
2025-02-21T11:14:48.8682542Z   certifi                        2024.6.2             pyhd8ed1ab_0             conda-forge
2025-02-21T11:14:48.8682899Z   cffi                           1.16.0               py312hf06ca03_0          conda-forge
2025-02-21T11:14:48.8683273Z   charset-normalizer             3.3.2                pyhd8ed1ab_0             conda-forge
2025-02-21T11:14:48.8683764Z   click                          8.1.7                unix_pyh707e725_0        conda-forge
2025-02-21T11:14:48.8684112Z   codespell                      2.3.0                pyhd8ed1ab_0             conda-forge
2025-02-21T11:14:48.8684463Z   colorama                       0.4.6                pyhd8ed1ab_0             conda-forge
2025-02-21T11:14:48.8684797Z   comm                           0.2.2                pyhd8ed1ab_0             conda-forge
2025-02-21T11:14:48.8685139Z   commonmark                     0.9.1                py_0                     conda-forge
2025-02-21T11:14:48.8685501Z   contourpy                      1.2.1                py312h8572e83_0          conda-forge
2025-02-21T11:14:48.8685847Z   coverage                       7.5.3                py312h9a8786e_0          conda-forge
2025-02-21T11:14:48.8686189Z   cycler                         0.12.1               pyhd8ed1ab_0             conda-forge
2025-02-21T11:14:48.8686540Z   dataclasses                    0.8                  pyhc8e2a94_3             conda-forge
2025-02-21T11:14:48.8686895Z   debugpy                        1.8.1                py312h30efb56_0          conda-forge
2025-02-21T11:14:48.8687242Z   decorator                      5.1.1                pyhd8ed1ab_0             conda-forge
2025-02-21T11:14:48.8687638Z   defusedxml                     0.7.1                pyhd8ed1ab_0             conda-forge
2025-02-21T11:14:48.8687990Z   docutils                       0.20.1               py312h7900ff3_3          conda-forge
2025-02-21T11:14:48.8688335Z   dot2tex                        2.11.3               pyhd8ed1ab_0             conda-forge
2025-02-21T11:14:48.8688693Z   entrypoints                    0.4                  pyhd8ed1ab_0             conda-forge
2025-02-21T11:14:48.8689076Z   exceptiongroup                 1.2.0                pyhd8ed1ab_2             conda-forge
2025-02-21T11:14:48.8689445Z   executing                      2.0.1                pyhd8ed1ab_0             conda-forge
2025-02-21T11:14:48.8689819Z   expat                          2.6.2                h59595ed_0               conda-forge
2025-02-21T11:14:48.8690198Z   font-ttf-dejavu-sans-mono      2.37                 hab24e00_0               conda-forge
2025-02-21T11:14:48.8690811Z   font-ttf-inconsolata           3.000                h77eed37_0               conda-forge
2025-02-21T11:14:48.8691270Z   font-ttf-source-code-pro       2.038                h77eed37_0               conda-forge
2025-02-21T11:14:48.8691682Z   font-ttf-ubuntu                0.83                 h77eed37_2               conda-forge
2025-02-21T11:14:48.8692049Z   fontconfig                     2.14.2               h14ed4e7_0               conda-forge
2025-02-21T11:14:48.8692433Z   fonts-conda-ecosystem          1                    0                        conda-forge
2025-02-21T11:14:48.8692825Z   fonts-conda-forge              1                    0                        conda-forge
2025-02-21T11:14:48.8693199Z   fonttools                      4.53.0               py312h9a8786e_0          conda-forge
2025-02-21T11:14:48.8693543Z   fqdn                           1.5.1                pyhd8ed1ab_0             conda-forge
2025-02-21T11:14:48.8693871Z   freetype                       2.12.1               h267a509_2               conda-forge
2025-02-21T11:14:48.8694208Z   fribidi                        1.0.10               h36c2ea0_0               conda-forge
2025-02-21T11:14:48.8694537Z   future                         1.0.0                pyhd8ed1ab_0             conda-forge
2025-02-21T11:14:48.8694883Z   gdk-pixbuf                     2.42.12              hb9ae30d_0               conda-forge
2025-02-21T11:14:48.8695449Z   giflib                         5.2.2                hd590300_0               conda-forge
2025-02-21T11:14:48.8695896Z   git-lfs                        3.5.1                ha770c72_0               conda-forge
2025-02-21T11:14:48.8696211Z   gmp                            6.3.0                h59595ed_1               conda-forge
2025-02-21T11:14:48.8696649Z   gmpy2                          2.1.5                py312h1d5cde6_1          conda-forge
2025-02-21T11:14:48.8696989Z   graphite2                      1.3.13               h59595ed_1003            conda-forge
2025-02-21T11:14:48.8697334Z   graphviz                       11.0.0               hc68bbd7_0               conda-forge
2025-02-21T11:14:48.8697661Z   gtk2                           2.24.33              h280cfa0_4               conda-forge
2025-02-21T11:14:48.8697974Z   gts                            0.7.6                h977cf35_4               conda-forge
2025-02-21T11:14:48.8698280Z   h11                            0.14.0               pyhd8ed1ab_0             conda-forge
2025-02-21T11:14:48.8698590Z   h2                             4.1.0                pyhd8ed1ab_0             conda-forge
2025-02-21T11:14:48.8698909Z   h5py                           3.11.0               nompi_py312hb7ab980_102  conda-forge
2025-02-21T11:14:48.8699240Z   harfbuzz                       8.5.0                hfac3d4d_0               conda-forge
2025-02-21T11:14:48.8699576Z   hdf5                           1.14.3               nompi_hdf9ad27_105       conda-forge
2025-02-21T11:14:48.8699900Z   hpack                          4.0.0                pyh9f0ad1d_0             conda-forge
2025-02-21T11:14:48.8700239Z   httpcore                       1.0.5                pyhd8ed1ab_0             conda-forge
2025-02-21T11:14:48.8700852Z   httpx                          0.27.0               pyhd8ed1ab_0             conda-forge
2025-02-21T11:14:48.8701433Z   hyperframe                     6.0.1                pyhd8ed1ab_0             conda-forge
2025-02-21T11:14:48.8702011Z   icu                            73.2                 h59595ed_0               conda-forge
2025-02-21T11:14:48.8702539Z   idna                           3.7                  pyhd8ed1ab_0             conda-forge
2025-02-21T11:14:48.8703187Z   imagesize                      1.4.1                pyhd8ed1ab_0             conda-forge
2025-02-21T11:14:48.8703900Z   importlib-metadata             7.1.0                pyha770c72_0             conda-forge
2025-02-21T11:14:48.8704610Z   importlib_metadata             7.1.0                hd8ed1ab_0               conda-forge
2025-02-21T11:14:48.8705314Z   importlib_resources            6.4.0                pyhd8ed1ab_0             conda-forge
2025-02-21T11:14:48.8706010Z   iniconfig                      2.0.0                pyhd8ed1ab_0             conda-forge
2025-02-21T11:14:48.8706627Z   ipykernel                      6.29.4               pyh3099207_0             conda-forge
2025-02-21T11:14:48.8707262Z   ipython                        8.25.0               pyh707e725_0             conda-forge
2025-02-21T11:14:48.8707951Z   ipython_genutils               0.2.0                pyhd8ed1ab_1             conda-forge
2025-02-21T11:14:48.8708640Z   ipywidgets                     7.8.0                pyhd8ed1ab_0             conda-forge
2025-02-21T11:14:48.8709228Z   isoduration                    20.11.0              pyhd8ed1ab_0             conda-forge
2025-02-21T11:14:48.8709860Z   jedi                           0.19.1               pyhd8ed1ab_0             conda-forge
2025-02-21T11:14:48.8710331Z   jinja2                         3.1.4                pyhd8ed1ab_0             conda-forge
2025-02-21T11:14:48.8711058Z   json5                          0.9.25               pyhd8ed1ab_0             conda-forge
2025-02-21T11:14:48.8711428Z   jsonpointer                    3.0.0                py312h7900ff3_0          conda-forge
2025-02-21T11:14:48.8711801Z   jsonschema                     4.22.0               pyhd8ed1ab_0             conda-forge
2025-02-21T11:14:48.8712702Z   jsonschema-specifications      2023.12.1            pyhd8ed1ab_0             conda-forge
2025-02-21T11:14:48.8713514Z   jsonschema-with-format-nongpl  4.22.0               pyhd8ed1ab_0             conda-forge
2025-02-21T11:14:48.8713947Z   jupyter-lsp                    2.2.5                pyhd8ed1ab_0             conda-forge
2025-02-21T11:14:48.8714452Z   jupyter_client                 8.6.2                pyhd8ed1ab_0             conda-forge
2025-02-21T11:14:48.8714817Z   jupyter_core                   5.7.2                py312h7900ff3_0          conda-forge
2025-02-21T11:14:48.8715184Z   jupyter_events                 0.10.0               pyhd8ed1ab_0             conda-forge
2025-02-21T11:14:48.8715560Z   jupyter_server                 2.14.1               pyhd8ed1ab_0             conda-forge
2025-02-21T11:14:48.8715967Z   jupyter_server_terminals       0.5.3                pyhd8ed1ab_0             conda-forge
2025-02-21T11:14:48.8716378Z   jupyterlab                     4.2.2                pyhd8ed1ab_0             conda-forge
2025-02-21T11:14:48.8716769Z   jupyterlab_pygments            0.3.0                pyhd8ed1ab_1             conda-forge
2025-02-21T11:14:48.8717188Z   jupyterlab_server              2.27.2               pyhd8ed1ab_0             conda-forge
2025-02-21T11:14:48.8717805Z   jupyterlab_widgets             1.1.7                pyhd8ed1ab_0             conda-forge
2025-02-21T11:14:48.8718188Z   keyutils                       1.6.1                h166bdaf_0               conda-forge
2025-02-21T11:14:48.8718538Z   kiwisolver                     1.4.5                py312h8572e83_1          conda-forge
2025-02-21T11:14:48.8718874Z   krb5                           1.21.2               h659d440_0               conda-forge
2025-02-21T11:14:48.8719209Z   latexcodec                     2.0.1                pyh9f0ad1d_0             conda-forge
2025-02-21T11:14:48.8719551Z   lcms2                          2.16                 hb7c19ff_0               conda-forge
2025-02-21T11:14:48.8719902Z   ld_impl_linux-64               2.40                 hf3520f5_7               conda-forge
2025-02-21T11:14:48.8720237Z   lerc                           4.0.0                h27087fc_0               conda-forge
2025-02-21T11:14:48.8720554Z   libaec                         1.1.3                h59595ed_0               conda-forge
2025-02-21T11:14:48.8721205Z   libblas                        3.9.0                22_linux64_openblas      conda-forge
2025-02-21T11:14:48.8721583Z   libbrotlicommon                1.1.0                hd590300_1               conda-forge
2025-02-21T11:14:48.8721962Z   libbrotlidec                   1.1.0                hd590300_1               conda-forge
2025-02-21T11:14:48.8722324Z   libbrotlienc                   1.1.0                hd590300_1               conda-forge
2025-02-21T11:14:48.8722689Z   libcblas                       3.9.0                22_linux64_openblas      conda-forge
2025-02-21T11:14:48.8723027Z   libcurl                        8.8.0                hca28451_0               conda-forge
2025-02-21T11:14:48.8723370Z   libdeflate                     1.20                 hd590300_0               conda-forge
2025-02-21T11:14:48.8723727Z   libedit                        3.1.20191231         he28a2e2_2               conda-forge
2025-02-21T11:14:48.8724065Z   libev                          4.33                 hd590300_2               conda-forge
2025-02-21T11:14:48.8724403Z   libexpat                       2.6.2                h59595ed_0               conda-forge
2025-02-21T11:14:48.8724749Z   libffi                         3.4.2                h7f98852_5               conda-forge
2025-02-21T11:14:48.8725094Z   libgcc-ng                      13.2.0               h77fa898_10              conda-forge
2025-02-21T11:14:48.8725431Z   libgd                          2.3.3                h119a65a_9               conda-forge
2025-02-21T11:14:48.8725785Z   libgfortran-ng                 13.2.0               h69a702a_10              conda-forge
2025-02-21T11:14:48.8726423Z   libgfortran5                   13.2.0               h3d2ce59_10              conda-forge
2025-02-21T11:14:48.8726797Z   libglib                        2.80.2               h8a4344b_1               conda-forge
2025-02-21T11:14:48.8727135Z   libgomp                        13.2.0               h77fa898_10              conda-forge
2025-02-21T11:14:48.8727583Z   libiconv                       1.17                 hd590300_2               conda-forge
2025-02-21T11:14:48.8727939Z   libjpeg-turbo                  3.0.0                hd590300_1               conda-forge
2025-02-21T11:14:48.8728304Z   liblapack                      3.9.0                22_linux64_openblas      conda-forge
2025-02-21T11:14:48.8728661Z   libllvm14                      14.0.6               hcd5def8_4               conda-forge
2025-02-21T11:14:48.8729016Z   libnghttp2                     1.58.0               h47da74e_1               conda-forge
2025-02-21T11:14:48.8729364Z   libnsl                         2.0.1                hd590300_0               conda-forge
2025-02-21T11:14:48.8729727Z   libopenblas                    0.3.27               pthreads_h413a1c8_0      conda-forge
2025-02-21T11:14:48.8730109Z   libpng                         1.6.43               h2797004_0               conda-forge
2025-02-21T11:14:48.8730443Z   librsvg                        2.58.1               hadf69e7_0               conda-forge
2025-02-21T11:14:48.8730994Z   libsodium                      1.0.18               h36c2ea0_1               conda-forge
2025-02-21T11:14:48.8731348Z   libsqlite                      3.46.0               hde9e2c9_0               conda-forge
2025-02-21T11:14:48.8731691Z   libssh2                        1.11.0               h0841786_0               conda-forge
2025-02-21T11:14:48.8732043Z   libstdcxx-ng                   13.2.0               hc0a3c3a_10              conda-forge
2025-02-21T11:14:48.8732390Z   libtiff                        4.6.0                h1dd3fc0_3               conda-forge
2025-02-21T11:14:48.8732739Z   libuuid                        2.38.1               h0b41bf4_0               conda-forge
2025-02-21T11:14:48.8733071Z   libwebp                        1.4.0                h2c329e2_0               conda-forge
2025-02-21T11:14:48.8733420Z   libwebp-base                   1.4.0                hd590300_0               conda-forge
2025-02-21T11:14:48.8733763Z   libxcb                         1.15                 h0b41bf4_0               conda-forge
2025-02-21T11:14:48.8734107Z   libxcrypt                      4.4.36               hd590300_1               conda-forge
2025-02-21T11:14:48.8734532Z   libxml2                        2.12.7               hc051c1a_1               conda-forge
2025-02-21T11:14:48.8734953Z   libxslt                        1.1.39               h76b75d6_0               conda-forge
2025-02-21T11:14:48.8735290Z   libzlib                        1.3.1                h4ab18f5_1               conda-forge
2025-02-21T11:14:48.8735631Z   llvmlite                       0.42.0               py312hb06c811_1          conda-forge
2025-02-21T11:14:48.8735969Z   lxml                           5.2.2                py312hb90d8a5_0          conda-forge
2025-02-21T11:14:48.8736287Z   lz4-c                          1.9.4                hcb278e6_0               conda-forge
2025-02-21T11:14:48.8736596Z   lzo                            2.10                 hd590300_1001            conda-forge
2025-02-21T11:14:48.8736932Z   markupsafe                     2.1.5                py312h98912ed_0          conda-forge
2025-02-21T11:14:48.8737306Z   matplotlib-base                3.8.4                py312h20ab3a6_2          conda-forge
2025-02-21T11:14:48.8737707Z   matplotlib-inline              0.1.7                pyhd8ed1ab_0             conda-forge
2025-02-21T11:14:48.8738079Z   mistune                        3.0.2                pyhd8ed1ab_0             conda-forge
2025-02-21T11:14:48.8738401Z   mpc                            1.3.1                hfe3b2da_0               conda-forge
2025-02-21T11:14:48.8738924Z   mpfr                           4.2.1                h9458935_1               conda-forge
2025-02-21T11:14:48.8739269Z   mpmath                         1.3.0                pyhd8ed1ab_0             conda-forge
2025-02-21T11:14:48.8739604Z   munkres                        1.1.4                pyh9f0ad1d_0             conda-forge
2025-02-21T11:14:48.8739966Z   mypy_extensions                1.0.0                pyha770c72_0             conda-forge
2025-02-21T11:14:48.8740447Z   nbclassic                      1.1.0                pyhd8ed1ab_0             conda-forge
2025-02-21T11:14:48.8741000Z   nbclient                       0.10.0               pyhd8ed1ab_0             conda-forge
2025-02-21T11:14:48.8741372Z   nbconvert                      7.16.4               hd8ed1ab_1               conda-forge
2025-02-21T11:14:48.8741744Z   nbconvert-core                 7.16.4               pyhd8ed1ab_1             conda-forge
2025-02-21T11:14:48.8742139Z   nbconvert-pandoc               7.16.4               hd8ed1ab_1               conda-forge
2025-02-21T11:14:48.8742638Z   nbformat                       5.10.4               pyhd8ed1ab_0             conda-forge
2025-02-21T11:14:48.8742999Z   nbsphinx                       0.9.4                pyhd8ed1ab_0             conda-forge
2025-02-21T11:14:48.8743334Z   ncurses                        6.5                  h59595ed_0               conda-forge
2025-02-21T11:14:48.8743694Z   nest-asyncio                   1.6.0                pyhd8ed1ab_0             conda-forge
2025-02-21T11:14:48.8744047Z   networkx                       3.3                  pyhd8ed1ab_1             conda-forge
2025-02-21T11:14:48.8744378Z   nomkl                          1.0                  h5ca1d4c_0               conda-forge
2025-02-21T11:14:48.8744707Z   notebook                       7.2.1                pyhd8ed1ab_0             conda-forge
2025-02-21T11:14:48.8745063Z   notebook-shim                  0.2.4                pyhd8ed1ab_0             conda-forge
2025-02-21T11:14:48.8745622Z   numba                          0.59.1               py312hacefee8_0          conda-forge
2025-02-21T11:14:48.8745984Z   numexpr                        2.10.0               py312hf412c99_100        conda-forge
2025-02-21T11:14:48.8746332Z   numpy                          1.26.4               py312heda63a1_0          conda-forge
2025-02-21T11:14:48.8746668Z   numpydoc                       1.7.0                pyhd8ed1ab_1             conda-forge
2025-02-21T11:14:48.8747015Z   openjpeg                       2.5.2                h488ebb8_0               conda-forge
2025-02-21T11:14:48.8747353Z   openssl                        3.3.1                h4ab18f5_0               conda-forge
2025-02-21T11:14:48.8747695Z   overrides                      7.7.0                pyhd8ed1ab_0             conda-forge
2025-02-21T11:14:48.8748046Z   packaging                      24.1                 pyhd8ed1ab_0             conda-forge
2025-02-21T11:14:48.8748391Z   pandas                         2.2.2                py312h1d6d2e6_1          conda-forge
2025-02-21T11:14:48.8748750Z   pandoc                         3.2                  ha770c72_0               conda-forge
2025-02-21T11:14:48.8749109Z   pandocfilters                  1.5.0                pyhd8ed1ab_0             conda-forge
2025-02-21T11:14:48.8749461Z   pango                          1.54.0               h84a9a3c_0               conda-forge
2025-02-21T11:14:48.8749794Z   parso                          0.8.4                pyhd8ed1ab_0             conda-forge
2025-02-21T11:14:48.8750134Z   pathspec                       0.12.1               pyhd8ed1ab_0             conda-forge
2025-02-21T11:14:48.8750470Z   pbr                            6.0.0                pyhd8ed1ab_0             conda-forge
2025-02-21T11:14:48.8751086Z   pcre2                          10.44                h0f59acf_0               conda-forge
2025-02-21T11:14:48.8751421Z   pexpect                        4.9.0                pyhd8ed1ab_0             conda-forge
2025-02-21T11:14:48.8751776Z   pickleshare                    0.7.5                py_1003                  conda-forge
2025-02-21T11:14:48.8752427Z   pillow                         10.3.0               py312hdcec9eb_0          conda-forge
2025-02-21T11:14:48.8752818Z   pip                            24.0                 pyhd8ed1ab_0             conda-forge
2025-02-21T11:14:48.8753157Z   pixman                         0.43.2               h59595ed_0               conda-forge
2025-02-21T11:14:48.8753647Z   pkgutil-resolve-name           1.3.10               pyhd8ed1ab_1             conda-forge
2025-02-21T11:14:48.8754052Z   platformdirs                   4.2.2                pyhd8ed1ab_0             conda-forge
2025-02-21T11:14:48.8754414Z   plotly                         5.22.0               pyhd8ed1ab_0             conda-forge
2025-02-21T11:14:48.8754754Z   pluggy                         1.5.0                pyhd8ed1ab_0             conda-forge
2025-02-21T11:14:48.8755123Z   prometheus_client              0.20.0               pyhd8ed1ab_0             conda-forge
2025-02-21T11:14:48.8755525Z   prompt-toolkit                 3.0.47               pyha770c72_0             conda-forge
2025-02-21T11:14:48.8755887Z   psutil                         5.9.8                py312h98912ed_0          conda-forge
2025-02-21T11:14:48.8756238Z   pthread-stubs                  0.4                  h36c2ea0_1001            conda-forge
2025-02-21T11:14:48.8756609Z   ptyprocess                     0.7.0                pyhd3deb0d_0             conda-forge
2025-02-21T11:14:48.8756969Z   pure_eval                      0.2.2                pyhd8ed1ab_0             conda-forge
2025-02-21T11:14:48.8757320Z   py-cpuinfo                     9.0.0                pyhd8ed1ab_0             conda-forge
2025-02-21T11:14:48.8757671Z   pybtex                         0.24.0               pyhd8ed1ab_2             conda-forge
2025-02-21T11:14:48.8758038Z   pybtex-docutils                1.0.3                py312h7900ff3_1          conda-forge
2025-02-21T11:14:48.8758410Z   pycparser                      2.22                 pyhd8ed1ab_0             conda-forge
2025-02-21T11:14:48.8758763Z   pyerfa                         2.0.1.4              py312h085067d_1          conda-forge
2025-02-21T11:14:48.8759109Z   pygments                       2.18.0               pyhd8ed1ab_0             conda-forge
2025-02-21T11:14:48.8759461Z   pygraphviz                     1.13                 py312h4a1d8a7_1          conda-forge
2025-02-21T11:14:48.8759822Z   pyparsing                      3.1.2                pyhd8ed1ab_0             conda-forge
2025-02-21T11:14:48.8760166Z   pysocks                        1.7.1                pyha2e5f31_6             conda-forge
2025-02-21T11:14:48.8760507Z   pytables                       3.9.2                py312h96d95ec_2          conda-forge
2025-02-21T11:14:48.8761068Z   pytest                         8.2.2                pyhd8ed1ab_0             conda-forge
2025-02-21T11:14:48.8761417Z   pytest-cov                     5.0.0                pyhd8ed1ab_0             conda-forge
2025-02-21T11:14:48.8761804Z   pytest-doctestplus             1.2.1                pyhd8ed1ab_0             conda-forge
2025-02-21T11:14:48.8762192Z   pytest-html                    4.1.1                pyhd8ed1ab_0             conda-forge
2025-02-21T11:14:48.8762566Z   pytest-metadata                3.1.1                pyhd8ed1ab_0             conda-forge
2025-02-21T11:14:48.8762932Z   python                         3.12.4               h194c7f8_0_cpython       conda-forge
2025-02-21T11:14:48.8763302Z   python-dateutil                2.9.0                pyhd8ed1ab_0             conda-forge
2025-02-21T11:14:48.8763713Z   python-fastjsonschema          2.20.0               pyhd8ed1ab_0             conda-forge
2025-02-21T11:14:48.8764131Z   python-json-logger             2.0.7                pyhd8ed1ab_0             conda-forge
2025-02-21T11:14:48.8764528Z   python-tzdata                  2024.1               pyhd8ed1ab_0             conda-forge
2025-02-21T11:14:48.8764890Z   python_abi                     3.12                 4_cp312                  conda-forge
2025-02-21T11:14:48.8765345Z   pytz                           2024.1               pyhd8ed1ab_0             conda-forge
2025-02-21T11:14:48.8765702Z   pyyaml                         6.0.1                py312h98912ed_1          conda-forge
2025-02-21T11:14:48.8766046Z   pyzmq                          26.0.3               py312h8fd38d8_0          conda-forge
2025-02-21T11:14:48.8766484Z   qgrid                          1.3.1                pyhd8ed1ab_4             conda-forge
2025-02-21T11:14:48.8766860Z   radioactivedecay               0.5.1                pyhd8ed1ab_0             conda-forge
2025-02-21T11:14:48.8767239Z   readline                       8.2                  h8228510_1               conda-forge
2025-02-21T11:14:48.8767597Z   recommonmark                   0.7.1                pyhd8ed1ab_0             conda-forge
2025-02-21T11:14:48.8767967Z   referencing                    0.35.1               pyhd8ed1ab_0             conda-forge
2025-02-21T11:14:48.8768333Z   requests                       2.32.3               pyhd8ed1ab_0             conda-forge
2025-02-21T11:14:48.8768708Z   rfc3339-validator              0.1.4                pyhd8ed1ab_0             conda-forge
2025-02-21T11:14:48.8769105Z   rfc3986-validator              0.1.1                pyh9f0ad1d_0             conda-forge
2025-02-21T11:14:48.8769477Z   rpds-py                        0.18.1               py312h4413252_0          conda-forge
2025-02-21T11:14:48.8769837Z   ruff                           0.4.9                py312h5715c7c_0          conda-forge
2025-02-21T11:14:48.8770160Z   scipy                          1.13.1               py312hc2bc53b_0          conda-forge
2025-02-21T11:14:48.8770507Z   send2trash                     1.8.3                pyh0d859eb_0             conda-forge
2025-02-21T11:14:48.8771045Z   setuptools                     70.0.0               pyhd8ed1ab_0             conda-forge
2025-02-21T11:14:48.8771423Z   setuptools-scm                 8.1.0                pyhd8ed1ab_0             conda-forge
2025-02-21T11:14:48.8771808Z   setuptools_scm                 8.1.0                hd8ed1ab_0               conda-forge
2025-02-21T11:14:48.8772149Z   six                            1.16.0               pyh6c4a22f_0             conda-forge
2025-02-21T11:14:48.8772478Z   snakeviz                       2.2.0                pyhd8ed1ab_0             conda-forge
2025-02-21T11:14:48.8772821Z   snappy                         1.2.0                hdb0a2a9_1               conda-forge
2025-02-21T11:14:48.8773159Z   sniffio                        1.3.1                pyhd8ed1ab_0             conda-forge
2025-02-21T11:14:48.8773533Z   snowballstemmer                2.2.0                pyhd8ed1ab_0             conda-forge
2025-02-21T11:14:48.8773913Z   soupsieve                      2.5                  pyhd8ed1ab_1             conda-forge
2025-02-21T11:14:48.8774259Z   sphinx                         7.3.7                pyhd8ed1ab_0             conda-forge
2025-02-21T11:14:48.8774622Z   sphinx-astropy                 1.9.1                pyhd8ed1ab_0             conda-forge
2025-02-21T11:14:48.8775020Z   sphinx-automodapi              0.17.0               pyh717bed2_1             conda-forge
2025-02-21T11:14:48.8775414Z   sphinx-gallery                 0.16.0               pyhd8ed1ab_0             conda-forge
2025-02-21T11:14:48.8775815Z   sphinx-jsonschema              1.19.1               pyhd8ed1ab_0             conda-forge
2025-02-21T11:14:48.8776226Z   sphinx_bootstrap_theme         0.8.1                pyhd8ed1ab_0             conda-forge
2025-02-21T11:14:48.8776622Z   sphinx_rtd_theme               2.0.0                pyha770c72_0             conda-forge
2025-02-21T11:14:48.8777021Z   sphinxcontrib-apidoc           0.3.0                py_1                     conda-forge
2025-02-21T11:14:48.8777455Z   sphinxcontrib-applehelp        1.0.8                pyhd8ed1ab_0             conda-forge
2025-02-21T11:14:48.8777891Z   sphinxcontrib-bibtex           2.6.2                pyhd8ed1ab_0             conda-forge
2025-02-21T11:14:48.8778539Z   sphinxcontrib-devhelp          1.0.6                pyhd8ed1ab_0             conda-forge
2025-02-21T11:14:48.8778981Z   sphinxcontrib-htmlhelp         2.0.5                pyhd8ed1ab_0             conda-forge
2025-02-21T11:14:48.8779408Z   sphinxcontrib-jquery           4.1                  pyhd8ed1ab_0             conda-forge
2025-02-21T11:14:48.8779942Z   sphinxcontrib-jsmath           1.0.1                pyhd8ed1ab_0             conda-forge
2025-02-21T11:14:48.8780362Z   sphinxcontrib-qthelp           1.0.7                pyhd8ed1ab_0             conda-forge
2025-02-21T11:14:48.8781003Z   sphinxcontrib-serializinghtml  1.1.10               pyhd8ed1ab_0             conda-forge
2025-02-21T11:14:48.8781427Z   stack_data                     0.6.2                pyhd8ed1ab_0             conda-forge
2025-02-21T11:14:48.8781770Z   sympy                          1.12.1               pypyh2585a3b_103         conda-forge
2025-02-21T11:14:48.8782112Z   tabulate                       0.9.0                pyhd8ed1ab_1             conda-forge
2025-02-21T11:14:48.8782462Z   tenacity                       8.4.1                pyhd8ed1ab_0             conda-forge
2025-02-21T11:14:48.8782813Z   terminado                      0.18.1               pyh0d859eb_0             conda-forge
2025-02-21T11:14:48.8783169Z   tinycss2                       1.3.0                pyhd8ed1ab_0             conda-forge
2025-02-21T11:14:48.8783508Z   tk                             8.6.13               noxft_h4845f30_101       conda-forge
2025-02-21T11:14:48.8783820Z   toml                           0.10.2               pyhd8ed1ab_0             conda-forge
2025-02-21T11:14:48.8784146Z   tomli                          2.0.1                pyhd8ed1ab_0             conda-forge
2025-02-21T11:14:48.8784479Z   tornado                        6.4.1                py312h9a8786e_0          conda-forge
2025-02-21T11:14:48.8784811Z   tqdm                           4.66.4               pyhd8ed1ab_0             conda-forge
2025-02-21T11:14:48.8785159Z   traitlets                      5.14.3               pyhd8ed1ab_0             conda-forge
2025-02-21T11:14:48.8785514Z   typed-ast                      1.5.5                py312h98912ed_1          conda-forge
2025-02-21T11:14:48.8785913Z   types-python-dateutil          2.9.0.20240316       pyhd8ed1ab_0             conda-forge
2025-02-21T11:14:48.8786349Z   typing-extensions              4.12.2               hd8ed1ab_0               conda-forge
2025-02-21T11:14:48.8786752Z   typing_extensions              4.12.2               pyha770c72_0             conda-forge
2025-02-21T11:14:48.8787132Z   typing_utils                   0.1.0                pyhd8ed1ab_0             conda-forge
2025-02-21T11:14:48.8787531Z   tzdata                         2024a                h0c530f3_0               conda-forge
2025-02-21T11:14:48.8787889Z   uri-template                   1.3.0                pyhd8ed1ab_0             conda-forge
2025-02-21T11:14:48.8788247Z   urllib3                        2.2.2                pyhd8ed1ab_0             conda-forge
2025-02-21T11:14:48.8788591Z   wcwidth                        0.2.13               pyhd8ed1ab_0             conda-forge
2025-02-21T11:14:48.8788942Z   webcolors                      24.6.0               pyhd8ed1ab_0             conda-forge
2025-02-21T11:14:48.8789308Z   webencodings                   0.5.1                pyhd8ed1ab_2             conda-forge
2025-02-21T11:14:48.8789695Z   websocket-client               1.8.0                pyhd8ed1ab_0             conda-forge
2025-02-21T11:14:48.8790063Z   wheel                          0.43.0               pyhd8ed1ab_1             conda-forge
2025-02-21T11:14:48.8790437Z   widgetsnbextension             3.6.6                pyhd8ed1ab_0             conda-forge
2025-02-21T11:14:48.8790998Z   xorg-kbproto                   1.0.7                h7f98852_1002            conda-forge
2025-02-21T11:14:48.8791360Z   xorg-libice                    1.1.1                hd590300_0               conda-forge
2025-02-21T11:14:48.8791840Z   xorg-libsm                     1.2.4                h7391055_0               conda-forge
2025-02-21T11:14:48.8792196Z   xorg-libx11                    1.8.9                h8ee46fc_0               conda-forge
2025-02-21T11:14:48.8792549Z   xorg-libxau                    1.0.11               hd590300_0               conda-forge
2025-02-21T11:14:48.8793018Z   xorg-libxdmcp                  1.1.3                h7f98852_0               conda-forge
2025-02-21T11:14:48.8793380Z   xorg-libxext                   1.3.4                h0b41bf4_2               conda-forge
2025-02-21T11:14:48.8793748Z   xorg-libxrender                0.9.11               hd590300_0               conda-forge
2025-02-21T11:14:48.8794131Z   xorg-renderproto               0.11.1               h7f98852_1002            conda-forge
2025-02-21T11:14:48.8794510Z   xorg-xextproto                 7.3.0                h0b41bf4_1003            conda-forge
2025-02-21T11:14:48.8794873Z   xorg-xproto                    7.0.31               h7f98852_1007            conda-forge
2025-02-21T11:14:48.8795205Z   xz                             5.2.6                h166bdaf_0               conda-forge
2025-02-21T11:14:48.8795513Z   yaml                           0.2.5                h7f98852_2               conda-forge
2025-02-21T11:14:48.8795836Z   zeromq                         4.3.5                h75354e8_4               conda-forge
2025-02-21T11:14:48.8796173Z   zipp                           3.19.2               pyhd8ed1ab_0             conda-forge
2025-02-21T11:14:48.8796490Z   zlib                           1.3.1                h4ab18f5_1               conda-forge
2025-02-21T11:14:48.8796807Z   zlib-ng                        2.0.7                h0b41bf4_0               conda-forge
2025-02-21T11:14:48.8797126Z   zstd                           1.5.6                ha6fb4c9_0               conda-forge
2025-02-21T11:14:48.8797641Z ##[endgroup]
2025-02-21T11:14:48.8869650Z ##[group]Run pip install -e . --user
2025-02-21T11:14:48.8869976Z [36;1mpip install -e . --user[0m
2025-02-21T11:14:48.8926886Z shell: /usr/bin/bash -l {0}
2025-02-21T11:14:48.8927134Z env:
2025-02-21T11:14:48.8927306Z   CACHE_NUMBER: 0
2025-02-21T11:14:48.8927930Z   PYTEST_FLAGS: --tardis-regression-data=/home/runner/work/tardis/tardis/tardis-regression-data --cov=tardis --cov-report=xml --cov-report=html --cov-append
2025-02-21T11:14:48.8928599Z   CODECOV_TOKEN: 
2025-02-21T11:14:48.8928828Z   MAMBA_ROOT_PREFIX: /home/runner/micromamba
2025-02-21T11:14:48.8929131Z   MAMBA_EXE: /home/runner/micromamba-bin/micromamba
2025-02-21T11:14:48.8929493Z   CONDARC: /home/runner/work/_temp/setup-micromamba/.condarc
2025-02-21T11:14:48.8929798Z ##[endgroup]
2025-02-21T11:14:49.5889760Z Obtaining file:///home/runner/work/tardis/tardis
2025-02-21T11:14:49.5921352Z   Installing build dependencies: started
2025-02-21T11:14:52.2755762Z   Installing build dependencies: finished with status 'done'
2025-02-21T11:14:52.2759348Z   Checking if build backend supports build_editable: started
2025-02-21T11:14:52.3947186Z   Checking if build backend supports build_editable: finished with status 'done'
2025-02-21T11:14:52.3955054Z   Getting requirements to build editable: started
2025-02-21T11:14:52.8937625Z   Getting requirements to build editable: finished with status 'done'
2025-02-21T11:14:52.8946184Z   Preparing editable metadata (pyproject.toml): started
2025-02-21T11:14:53.3519985Z   Preparing editable metadata (pyproject.toml): finished with status 'done'
2025-02-21T11:14:53.4099322Z Requirement already satisfied: astropy in /home/runner/micromamba/envs/tardis/lib/python3.12/site-packages (from tardis==0.0.0) (6.1.1)
2025-02-21T11:14:53.4486717Z Requirement already satisfied: numpy>=1.23 in /home/runner/micromamba/envs/tardis/lib/python3.12/site-packages (from astropy->tardis==0.0.0) (1.26.4)
2025-02-21T11:14:53.4496364Z Requirement already satisfied: pyerfa>=2.0.1.1 in /home/runner/micromamba/envs/tardis/lib/python3.12/site-packages (from astropy->tardis==0.0.0) (2.0.1.4)
2025-02-21T11:14:53.4507331Z Requirement already satisfied: astropy-iers-data>=0.2024.5.27.0.30.8 in /home/runner/micromamba/envs/tardis/lib/python3.12/site-packages (from astropy->tardis==0.0.0) (0.2024.6.17.0.31.35)
2025-02-21T11:14:53.4516163Z Requirement already satisfied: PyYAML>=3.13 in /home/runner/micromamba/envs/tardis/lib/python3.12/site-packages (from astropy->tardis==0.0.0) (6.0.1)
2025-02-21T11:14:53.4526491Z Requirement already satisfied: packaging>=19.0 in /home/runner/micromamba/envs/tardis/lib/python3.12/site-packages (from astropy->tardis==0.0.0) (24.1)
2025-02-21T11:14:53.4613329Z Building wheels for collected packages: tardis
2025-02-21T11:14:53.4622079Z   Building editable for tardis (pyproject.toml): started
2025-02-21T11:14:54.2087540Z   Building editable for tardis (pyproject.toml): finished with status 'done'
2025-02-21T11:14:54.2094892Z   Created wheel for tardis: filename=tardis-0.0.0-0.editable-py3-none-any.whl size=8879 sha256=0142f3da9bdfbb33c641817deb82003b67caddcd46b5d1c386bfdbfec7d8f4c0
2025-02-21T11:14:54.2096437Z   Stored in directory: /tmp/pip-ephem-wheel-cache-_8bilmg_/wheels/6a/c7/ae/89fa6dc2565455898176888ef0e2e475e4e90eb0124afcb995
2025-02-21T11:14:54.2121902Z Successfully built tardis
2025-02-21T11:14:54.9677937Z Installing collected packages: tardis
2025-02-21T11:14:54.9793588Z Successfully installed tardis-0.0.0
2025-02-21T11:14:55.1772248Z ##[group]Run pip install qgridnext
2025-02-21T11:14:55.1772574Z [36;1mpip install qgridnext[0m
2025-02-21T11:14:55.1826072Z shell: /usr/bin/bash -l {0}
2025-02-21T11:14:55.1826380Z env:
2025-02-21T11:14:55.1826556Z   CACHE_NUMBER: 0
2025-02-21T11:14:55.1827174Z   PYTEST_FLAGS: --tardis-regression-data=/home/runner/work/tardis/tardis/tardis-regression-data --cov=tardis --cov-report=xml --cov-report=html --cov-append
2025-02-21T11:14:55.1827809Z   CODECOV_TOKEN: 
2025-02-21T11:14:55.1828027Z   MAMBA_ROOT_PREFIX: /home/runner/micromamba
2025-02-21T11:14:55.1828335Z   MAMBA_EXE: /home/runner/micromamba-bin/micromamba
2025-02-21T11:14:55.1828679Z   CONDARC: /home/runner/work/_temp/setup-micromamba/.condarc
2025-02-21T11:14:55.1828975Z ##[endgroup]
2025-02-21T11:14:55.7818042Z Collecting qgridnext
2025-02-21T11:14:55.7993561Z   Downloading qgridnext-2.0.4-py3-none-any.whl.metadata (9.9 kB)
2025-02-21T11:14:55.8076322Z Requirement already satisfied: pandas>=0.20.0 in /home/runner/micromamba/envs/tardis/lib/python3.12/site-packages (from qgridnext) (2.2.2)
2025-02-21T11:14:55.8084688Z Requirement already satisfied: ipywidgets>=7.0.0 in /home/runner/micromamba/envs/tardis/lib/python3.12/site-packages (from qgridnext) (7.8.0)
2025-02-21T11:14:55.8093376Z Requirement already satisfied: numpy in /home/runner/micromamba/envs/tardis/lib/python3.12/site-packages (from qgridnext) (1.26.4)
2025-02-21T11:14:55.8102823Z Requirement already satisfied: traitlets in /home/runner/micromamba/envs/tardis/lib/python3.12/site-packages (from qgridnext) (5.14.3)
2025-02-21T11:14:55.8185769Z Requirement already satisfied: comm>=0.1.3 in /home/runner/micromamba/envs/tardis/lib/python3.12/site-packages (from ipywidgets>=7.0.0->qgridnext) (0.2.2)
2025-02-21T11:14:55.8194417Z Requirement already satisfied: ipython-genutils~=0.2.0 in /home/runner/micromamba/envs/tardis/lib/python3.12/site-packages (from ipywidgets>=7.0.0->qgridnext) (0.2.0)
2025-02-21T11:14:55.8206567Z Requirement already satisfied: widgetsnbextension~=3.6.5 in /home/runner/micromamba/envs/tardis/lib/python3.12/site-packages (from ipywidgets>=7.0.0->qgridnext) (3.6.6)
2025-02-21T11:14:55.8223851Z Requirement already satisfied: ipython>=4.0.0 in /home/runner/micromamba/envs/tardis/lib/python3.12/site-packages (from ipywidgets>=7.0.0->qgridnext) (8.25.0)
2025-02-21T11:14:55.8239506Z Requirement already satisfied: jupyterlab-widgets<3,>=1.0.0 in /home/runner/micromamba/envs/tardis/lib/python3.12/site-packages (from ipywidgets>=7.0.0->qgridnext) (1.1.7)
2025-02-21T11:14:55.8684305Z Requirement already satisfied: python-dateutil>=2.8.2 in /home/runner/micromamba/envs/tardis/lib/python3.12/site-packages (from pandas>=0.20.0->qgridnext) (2.9.0)
2025-02-21T11:14:55.8697412Z Requirement already satisfied: pytz>=2020.1 in /home/runner/micromamba/envs/tardis/lib/python3.12/site-packages (from pandas>=0.20.0->qgridnext) (2024.1)
2025-02-21T11:14:55.8705275Z Requirement already satisfied: tzdata>=2022.7 in /home/runner/micromamba/envs/tardis/lib/python3.12/site-packages (from pandas>=0.20.0->qgridnext) (2024.1)
2025-02-21T11:14:55.9018285Z Requirement already satisfied: decorator in /home/runner/micromamba/envs/tardis/lib/python3.12/site-packages (from ipython>=4.0.0->ipywidgets>=7.0.0->qgridnext) (5.1.1)
2025-02-21T11:14:55.9032299Z Requirement already satisfied: jedi>=0.16 in /home/runner/micromamba/envs/tardis/lib/python3.12/site-packages (from ipython>=4.0.0->ipywidgets>=7.0.0->qgridnext) (0.19.1)
2025-02-21T11:14:55.9040333Z Requirement already satisfied: matplotlib-inline in /home/runner/micromamba/envs/tardis/lib/python3.12/site-packages (from ipython>=4.0.0->ipywidgets>=7.0.0->qgridnext) (0.1.7)
2025-02-21T11:14:55.9051207Z Requirement already satisfied: prompt-toolkit<3.1.0,>=3.0.41 in /home/runner/micromamba/envs/tardis/lib/python3.12/site-packages (from ipython>=4.0.0->ipywidgets>=7.0.0->qgridnext) (3.0.47)
2025-02-21T11:14:55.9059773Z Requirement already satisfied: pygments>=2.4.0 in /home/runner/micromamba/envs/tardis/lib/python3.12/site-packages (from ipython>=4.0.0->ipywidgets>=7.0.0->qgridnext) (2.18.0)
2025-02-21T11:14:55.9069323Z Requirement already satisfied: stack-data in /home/runner/micromamba/envs/tardis/lib/python3.12/site-packages (from ipython>=4.0.0->ipywidgets>=7.0.0->qgridnext) (0.6.2)
2025-02-21T11:14:55.9088193Z Requirement already satisfied: pexpect>4.3 in /home/runner/micromamba/envs/tardis/lib/python3.12/site-packages (from ipython>=4.0.0->ipywidgets>=7.0.0->qgridnext) (4.9.0)
2025-02-21T11:14:55.9134964Z Requirement already satisfied: six>=1.5 in /home/runner/micromamba/envs/tardis/lib/python3.12/site-packages (from python-dateutil>=2.8.2->pandas>=0.20.0->qgridnext) (1.16.0)
2025-02-21T11:14:55.9191101Z Requirement already satisfied: notebook>=4.4.1 in /home/runner/micromamba/envs/tardis/lib/python3.12/site-packages (from widgetsnbextension~=3.6.5->ipywidgets>=7.0.0->qgridnext) (7.2.1)
2025-02-21T11:14:55.9377871Z Requirement already satisfied: parso<0.9.0,>=0.8.3 in /home/runner/micromamba/envs/tardis/lib/python3.12/site-packages (from jedi>=0.16->ipython>=4.0.0->ipywidgets>=7.0.0->qgridnext) (0.8.4)
2025-02-21T11:14:55.9521216Z Requirement already satisfied: jupyter-server<3,>=2.4.0 in /home/runner/micromamba/envs/tardis/lib/python3.12/site-packages (from notebook>=4.4.1->widgetsnbextension~=3.6.5->ipywidgets>=7.0.0->qgridnext) (2.14.1)
2025-02-21T11:14:55.9534289Z Requirement already satisfied: jupyterlab-server<3,>=2.27.1 in /home/runner/micromamba/envs/tardis/lib/python3.12/site-packages (from notebook>=4.4.1->widgetsnbextension~=3.6.5->ipywidgets>=7.0.0->qgridnext) (2.27.2)
2025-02-21T11:14:55.9549069Z Requirement already satisfied: jupyterlab<4.3,>=4.2.0 in /home/runner/micromamba/envs/tardis/lib/python3.12/site-packages (from notebook>=4.4.1->widgetsnbextension~=3.6.5->ipywidgets>=7.0.0->qgridnext) (4.2.2)
2025-02-21T11:14:55.9559300Z Requirement already satisfied: notebook-shim<0.3,>=0.2 in /home/runner/micromamba/envs/tardis/lib/python3.12/site-packages (from notebook>=4.4.1->widgetsnbextension~=3.6.5->ipywidgets>=7.0.0->qgridnext) (0.2.4)
2025-02-21T11:14:55.9567518Z Requirement already satisfied: tornado>=6.2.0 in /home/runner/micromamba/envs/tardis/lib/python3.12/site-packages (from notebook>=4.4.1->widgetsnbextension~=3.6.5->ipywidgets>=7.0.0->qgridnext) (6.4.1)
2025-02-21T11:14:55.9596492Z Requirement already satisfied: ptyprocess>=0.5 in /home/runner/micromamba/envs/tardis/lib/python3.12/site-packages (from pexpect>4.3->ipython>=4.0.0->ipywidgets>=7.0.0->qgridnext) (0.7.0)
2025-02-21T11:14:55.9624627Z Requirement already satisfied: wcwidth in /home/runner/micromamba/envs/tardis/lib/python3.12/site-packages (from prompt-toolkit<3.1.0,>=3.0.41->ipython>=4.0.0->ipywidgets>=7.0.0->qgridnext) (0.2.13)
2025-02-21T11:14:55.9759261Z Requirement already satisfied: executing>=1.2.0 in /home/runner/micromamba/envs/tardis/lib/python3.12/site-packages (from stack-data->ipython>=4.0.0->ipywidgets>=7.0.0->qgridnext) (2.0.1)
2025-02-21T11:14:55.9768607Z Requirement already satisfied: asttokens>=2.1.0 in /home/runner/micromamba/envs/tardis/lib/python3.12/site-packages (from stack-data->ipython>=4.0.0->ipywidgets>=7.0.0->qgridnext) (2.4.1)
2025-02-21T11:14:55.9776275Z Requirement already satisfied: pure-eval in /home/runner/micromamba/envs/tardis/lib/python3.12/site-packages (from stack-data->ipython>=4.0.0->ipywidgets>=7.0.0->qgridnext) (0.2.2)
2025-02-21T11:14:56.0112332Z Requirement already satisfied: anyio>=3.1.0 in /home/runner/micromamba/envs/tardis/lib/python3.12/site-packages (from jupyter-server<3,>=2.4.0->notebook>=4.4.1->widgetsnbextension~=3.6.5->ipywidgets>=7.0.0->qgridnext) (4.4.0)
2025-02-21T11:14:56.0122148Z Requirement already satisfied: argon2-cffi>=21.1 in /home/runner/micromamba/envs/tardis/lib/python3.12/site-packages (from jupyter-server<3,>=2.4.0->notebook>=4.4.1->widgetsnbextension~=3.6.5->ipywidgets>=7.0.0->qgridnext) (23.1.0)
2025-02-21T11:14:56.0130538Z Requirement already satisfied: jinja2>=3.0.3 in /home/runner/micromamba/envs/tardis/lib/python3.12/site-packages (from jupyter-server<3,>=2.4.0->notebook>=4.4.1->widgetsnbextension~=3.6.5->ipywidgets>=7.0.0->qgridnext) (3.1.4)
2025-02-21T11:14:56.0142342Z Requirement already satisfied: jupyter-client>=7.4.4 in /home/runner/micromamba/envs/tardis/lib/python3.12/site-packages (from jupyter-server<3,>=2.4.0->notebook>=4.4.1->widgetsnbextension~=3.6.5->ipywidgets>=7.0.0->qgridnext) (8.6.2)
2025-02-21T11:14:56.0153946Z Requirement already satisfied: jupyter-core!=5.0.*,>=4.12 in /home/runner/micromamba/envs/tardis/lib/python3.12/site-packages (from jupyter-server<3,>=2.4.0->notebook>=4.4.1->widgetsnbextension~=3.6.5->ipywidgets>=7.0.0->qgridnext) (5.7.2)
2025-02-21T11:14:56.0165143Z Requirement already satisfied: jupyter-events>=0.9.0 in /home/runner/micromamba/envs/tardis/lib/python3.12/site-packages (from jupyter-server<3,>=2.4.0->notebook>=4.4.1->widgetsnbextension~=3.6.5->ipywidgets>=7.0.0->qgridnext) (0.10.0)
2025-02-21T11:14:56.0176168Z Requirement already satisfied: jupyter-server-terminals>=0.4.4 in /home/runner/micromamba/envs/tardis/lib/python3.12/site-packages (from jupyter-server<3,>=2.4.0->notebook>=4.4.1->widgetsnbextension~=3.6.5->ipywidgets>=7.0.0->qgridnext) (0.5.3)
2025-02-21T11:14:56.0189558Z Requirement already satisfied: nbconvert>=6.4.4 in /home/runner/micromamba/envs/tardis/lib/python3.12/site-packages (from jupyter-server<3,>=2.4.0->notebook>=4.4.1->widgetsnbextension~=3.6.5->ipywidgets>=7.0.0->qgridnext) (7.16.4)
2025-02-21T11:14:56.0199758Z Requirement already satisfied: nbformat>=5.3.0 in /home/runner/micromamba/envs/tardis/lib/python3.12/site-packages (from jupyter-server<3,>=2.4.0->notebook>=4.4.1->widgetsnbextension~=3.6.5->ipywidgets>=7.0.0->qgridnext) (5.10.4)
2025-02-21T11:14:56.0208831Z Requirement already satisfied: overrides>=5.0 in /home/runner/micromamba/envs/tardis/lib/python3.12/site-packages (from jupyter-server<3,>=2.4.0->notebook>=4.4.1->widgetsnbextension~=3.6.5->ipywidgets>=7.0.0->qgridnext) (7.7.0)
2025-02-21T11:14:56.0218577Z Requirement already satisfied: packaging>=22.0 in /home/runner/micromamba/envs/tardis/lib/python3.12/site-packages (from jupyter-server<3,>=2.4.0->notebook>=4.4.1->widgetsnbextension~=3.6.5->ipywidgets>=7.0.0->qgridnext) (24.1)
2025-02-21T11:14:56.0227117Z Requirement already satisfied: prometheus-client>=0.9 in /home/runner/micromamba/envs/tardis/lib/python3.12/site-packages (from jupyter-server<3,>=2.4.0->notebook>=4.4.1->widgetsnbextension~=3.6.5->ipywidgets>=7.0.0->qgridnext) (0.20.0)
2025-02-21T11:14:56.0237553Z Requirement already satisfied: pyzmq>=24 in /home/runner/micromamba/envs/tardis/lib/python3.12/site-packages (from jupyter-server<3,>=2.4.0->notebook>=4.4.1->widgetsnbextension~=3.6.5->ipywidgets>=7.0.0->qgridnext) (26.0.3)
2025-02-21T11:14:56.0246353Z Requirement already satisfied: send2trash>=1.8.2 in /home/runner/micromamba/envs/tardis/lib/python3.12/site-packages (from jupyter-server<3,>=2.4.0->notebook>=4.4.1->widgetsnbextension~=3.6.5->ipywidgets>=7.0.0->qgridnext) (1.8.3)
2025-02-21T11:14:56.0257613Z Requirement already satisfied: terminado>=0.8.3 in /home/runner/micromamba/envs/tardis/lib/python3.12/site-packages (from jupyter-server<3,>=2.4.0->notebook>=4.4.1->widgetsnbextension~=3.6.5->ipywidgets>=7.0.0->qgridnext) (0.18.1)
2025-02-21T11:14:56.0274347Z Requirement already satisfied: websocket-client>=1.7 in /home/runner/micromamba/envs/tardis/lib/python3.12/site-packages (from jupyter-server<3,>=2.4.0->notebook>=4.4.1->widgetsnbextension~=3.6.5->ipywidgets>=7.0.0->qgridnext) (1.8.0)
2025-02-21T11:14:56.0557017Z Requirement already satisfied: async-lru>=1.0.0 in /home/runner/micromamba/envs/tardis/lib/python3.12/site-packages (from jupyterlab<4.3,>=4.2.0->notebook>=4.4.1->widgetsnbextension~=3.6.5->ipywidgets>=7.0.0->qgridnext) (2.0.4)
2025-02-21T11:14:56.0568622Z Requirement already satisfied: httpx>=0.25.0 in /home/runner/micromamba/envs/tardis/lib/python3.12/site-packages (from jupyterlab<4.3,>=4.2.0->notebook>=4.4.1->widgetsnbextension~=3.6.5->ipywidgets>=7.0.0->qgridnext) (0.27.0)
2025-02-21T11:14:56.0580168Z Requirement already satisfied: ipykernel>=6.5.0 in /home/runner/micromamba/envs/tardis/lib/python3.12/site-packages (from jupyterlab<4.3,>=4.2.0->notebook>=4.4.1->widgetsnbextension~=3.6.5->ipywidgets>=7.0.0->qgridnext) (6.29.4)
2025-02-21T11:14:56.0594501Z Requirement already satisfied: jupyter-lsp>=2.0.0 in /home/runner/micromamba/envs/tardis/lib/python3.12/site-packages (from jupyterlab<4.3,>=4.2.0->notebook>=4.4.1->widgetsnbextension~=3.6.5->ipywidgets>=7.0.0->qgridnext) (2.2.5)
2025-02-21T11:14:56.0620168Z Requirement already satisfied: setuptools>=40.1.0 in /home/runner/micromamba/envs/tardis/lib/python3.12/site-packages (from jupyterlab<4.3,>=4.2.0->notebook>=4.4.1->widgetsnbextension~=3.6.5->ipywidgets>=7.0.0->qgridnext) (70.0.0)
2025-02-21T11:14:56.0808352Z Requirement already satisfied: babel>=2.10 in /home/runner/micromamba/envs/tardis/lib/python3.12/site-packages (from jupyterlab-server<3,>=2.27.1->notebook>=4.4.1->widgetsnbextension~=3.6.5->ipywidgets>=7.0.0->qgridnext) (2.14.0)
2025-02-21T11:14:56.0836101Z Requirement already satisfied: json5>=0.9.0 in /home/runner/micromamba/envs/tardis/lib/python3.12/site-packages (from jupyterlab-server<3,>=2.27.1->notebook>=4.4.1->widgetsnbextension~=3.6.5->ipywidgets>=7.0.0->qgridnext) (0.9.25)
2025-02-21T11:14:56.0847684Z Requirement already satisfied: jsonschema>=4.18.0 in /home/runner/micromamba/envs/tardis/lib/python3.12/site-packages (from jupyterlab-server<3,>=2.27.1->notebook>=4.4.1->widgetsnbextension~=3.6.5->ipywidgets>=7.0.0->qgridnext) (4.22.0)
2025-02-21T11:14:56.0867060Z Requirement already satisfied: requests>=2.31 in /home/runner/micromamba/envs/tardis/lib/python3.12/site-packages (from jupyterlab-server<3,>=2.27.1->notebook>=4.4.1->widgetsnbextension~=3.6.5->ipywidgets>=7.0.0->qgridnext) (2.32.3)
2025-02-21T11:14:56.1227165Z Requirement already satisfied: idna>=2.8 in /home/runner/micromamba/envs/tardis/lib/python3.12/site-packages (from anyio>=3.1.0->jupyter-server<3,>=2.4.0->notebook>=4.4.1->widgetsnbextension~=3.6.5->ipywidgets>=7.0.0->qgridnext) (3.7)
2025-02-21T11:14:56.1236092Z Requirement already satisfied: sniffio>=1.1 in /home/runner/micromamba/envs/tardis/lib/python3.12/site-packages (from anyio>=3.1.0->jupyter-server<3,>=2.4.0->notebook>=4.4.1->widgetsnbextension~=3.6.5->ipywidgets>=7.0.0->qgridnext) (1.3.1)
2025-02-21T11:14:56.1326534Z Requirement already satisfied: argon2-cffi-bindings in /home/runner/micromamba/envs/tardis/lib/python3.12/site-packages (from argon2-cffi>=21.1->jupyter-server<3,>=2.4.0->notebook>=4.4.1->widgetsnbextension~=3.6.5->ipywidgets>=7.0.0->qgridnext) (21.2.0)
2025-02-21T11:14:56.1495834Z Requirement already satisfied: certifi in /home/runner/micromamba/envs/tardis/lib/python3.12/site-packages (from httpx>=0.25.0->jupyterlab<4.3,>=4.2.0->notebook>=4.4.1->widgetsnbextension~=3.6.5->ipywidgets>=7.0.0->qgridnext) (2024.6.2)
2025-02-21T11:14:56.1510295Z Requirement already satisfied: httpcore==1.* in /home/runner/micromamba/envs/tardis/lib/python3.12/site-packages (from httpx>=0.25.0->jupyterlab<4.3,>=4.2.0->notebook>=4.4.1->widgetsnbextension~=3.6.5->ipywidgets>=7.0.0->qgridnext) (1.0.5)
2025-02-21T11:14:56.1588214Z Requirement already satisfied: h11<0.15,>=0.13 in /home/runner/micromamba/envs/tardis/lib/python3.12/site-packages (from httpcore==1.*->httpx>=0.25.0->jupyterlab<4.3,>=4.2.0->notebook>=4.4.1->widgetsnbextension~=3.6.5->ipywidgets>=7.0.0->qgridnext) (0.14.0)
2025-02-21T11:14:56.1773465Z Requirement already satisfied: debugpy>=1.6.5 in /home/runner/micromamba/envs/tardis/lib/python3.12/site-packages (from ipykernel>=6.5.0->jupyterlab<4.3,>=4.2.0->notebook>=4.4.1->widgetsnbextension~=3.6.5->ipywidgets>=7.0.0->qgridnext) (1.8.1)
2025-02-21T11:14:56.1795954Z Requirement already satisfied: nest-asyncio in /home/runner/micromamba/envs/tardis/lib/python3.12/site-packages (from ipykernel>=6.5.0->jupyterlab<4.3,>=4.2.0->notebook>=4.4.1->widgetsnbextension~=3.6.5->ipywidgets>=7.0.0->qgridnext) (1.6.0)
2025-02-21T11:14:56.1810893Z Requirement already satisfied: psutil in /home/runner/micromamba/envs/tardis/lib/python3.12/site-packages (from ipykernel>=6.5.0->jupyterlab<4.3,>=4.2.0->notebook>=4.4.1->widgetsnbextension~=3.6.5->ipywidgets>=7.0.0->qgridnext) (5.9.8)
2025-02-21T11:14:56.1873117Z Requirement already satisfied: MarkupSafe>=2.0 in /home/runner/micromamba/envs/tardis/lib/python3.12/site-packages (from jinja2>=3.0.3->jupyter-server<3,>=2.4.0->notebook>=4.4.1->widgetsnbextension~=3.6.5->ipywidgets>=7.0.0->qgridnext) (2.1.5)
2025-02-21T11:14:56.2066452Z Requirement already satisfied: attrs>=22.2.0 in /home/runner/micromamba/envs/tardis/lib/python3.12/site-packages (from jsonschema>=4.18.0->jupyterlab-server<3,>=2.27.1->notebook>=4.4.1->widgetsnbextension~=3.6.5->ipywidgets>=7.0.0->qgridnext) (23.2.0)
2025-02-21T11:14:56.2076432Z Requirement already satisfied: jsonschema-specifications>=2023.03.6 in /home/runner/micromamba/envs/tardis/lib/python3.12/site-packages (from jsonschema>=4.18.0->jupyterlab-server<3,>=2.27.1->notebook>=4.4.1->widgetsnbextension~=3.6.5->ipywidgets>=7.0.0->qgridnext) (2023.12.1)
2025-02-21T11:14:56.2084857Z Requirement already satisfied: referencing>=0.28.4 in /home/runner/micromamba/envs/tardis/lib/python3.12/site-packages (from jsonschema>=4.18.0->jupyterlab-server<3,>=2.27.1->notebook>=4.4.1->widgetsnbextension~=3.6.5->ipywidgets>=7.0.0->qgridnext) (0.35.1)
2025-02-21T11:14:56.2093523Z Requirement already satisfied: rpds-py>=0.7.1 in /home/runner/micromamba/envs/tardis/lib/python3.12/site-packages (from jsonschema>=4.18.0->jupyterlab-server<3,>=2.27.1->notebook>=4.4.1->widgetsnbextension~=3.6.5->ipywidgets>=7.0.0->qgridnext) (0.18.1)
2025-02-21T11:14:56.2358356Z Requirement already satisfied: platformdirs>=2.5 in /home/runner/micromamba/envs/tardis/lib/python3.12/site-packages (from jupyter-core!=5.0.*,>=4.12->jupyter-server<3,>=2.4.0->notebook>=4.4.1->widgetsnbextension~=3.6.5->ipywidgets>=7.0.0->qgridnext) (4.2.2)
2025-02-21T11:14:56.2514129Z Requirement already satisfied: python-json-logger>=2.0.4 in /home/runner/micromamba/envs/tardis/lib/python3.12/site-packages (from jupyter-events>=0.9.0->jupyter-server<3,>=2.4.0->notebook>=4.4.1->widgetsnbextension~=3.6.5->ipywidgets>=7.0.0->qgridnext) (2.0.7)
2025-02-21T11:14:56.2523591Z Requirement already satisfied: pyyaml>=5.3 in /home/runner/micromamba/envs/tardis/lib/python3.12/site-packages (from jupyter-events>=0.9.0->jupyter-server<3,>=2.4.0->notebook>=4.4.1->widgetsnbextension~=3.6.5->ipywidgets>=7.0.0->qgridnext) (6.0.1)
2025-02-21T11:14:56.2534724Z Requirement already satisfied: rfc3339-validator in /home/runner/micromamba/envs/tardis/lib/python3.12/site-packages (from jupyter-events>=0.9.0->jupyter-server<3,>=2.4.0->notebook>=4.4.1->widgetsnbextension~=3.6.5->ipywidgets>=7.0.0->qgridnext) (0.1.4)
2025-02-21T11:14:56.2544192Z Requirement already satisfied: rfc3986-validator>=0.1.1 in /home/runner/micromamba/envs/tardis/lib/python3.12/site-packages (from jupyter-events>=0.9.0->jupyter-server<3,>=2.4.0->notebook>=4.4.1->widgetsnbextension~=3.6.5->ipywidgets>=7.0.0->qgridnext) (0.1.1)
2025-02-21T11:14:56.3004663Z Requirement already satisfied: beautifulsoup4 in /home/runner/micromamba/envs/tardis/lib/python3.12/site-packages (from nbconvert>=6.4.4->jupyter-server<3,>=2.4.0->notebook>=4.4.1->widgetsnbextension~=3.6.5->ipywidgets>=7.0.0->qgridnext) (4.12.3)
2025-02-21T11:14:56.3024614Z Requirement already satisfied: bleach!=5.0.0 in /home/runner/micromamba/envs/tardis/lib/python3.12/site-packages (from nbconvert>=6.4.4->jupyter-server<3,>=2.4.0->notebook>=4.4.1->widgetsnbextension~=3.6.5->ipywidgets>=7.0.0->qgridnext) (6.1.0)
2025-02-21T11:14:56.3039495Z Requirement already satisfied: defusedxml in /home/runner/micromamba/envs/tardis/lib/python3.12/site-packages (from nbconvert>=6.4.4->jupyter-server<3,>=2.4.0->notebook>=4.4.1->widgetsnbextension~=3.6.5->ipywidgets>=7.0.0->qgridnext) (0.7.1)
2025-02-21T11:14:56.3054888Z Requirement already satisfied: jupyterlab-pygments in /home/runner/micromamba/envs/tardis/lib/python3.12/site-packages (from nbconvert>=6.4.4->jupyter-server<3,>=2.4.0->notebook>=4.4.1->widgetsnbextension~=3.6.5->ipywidgets>=7.0.0->qgridnext) (0.3.0)
2025-02-21T11:14:56.3067197Z Requirement already satisfied: mistune<4,>=2.0.3 in /home/runner/micromamba/envs/tardis/lib/python3.12/site-packages (from nbconvert>=6.4.4->jupyter-server<3,>=2.4.0->notebook>=4.4.1->widgetsnbextension~=3.6.5->ipywidgets>=7.0.0->qgridnext) (3.0.2)
2025-02-21T11:14:56.3080110Z Requirement already satisfied: nbclient>=0.5.0 in /home/runner/micromamba/envs/tardis/lib/python3.12/site-packages (from nbconvert>=6.4.4->jupyter-server<3,>=2.4.0->notebook>=4.4.1->widgetsnbextension~=3.6.5->ipywidgets>=7.0.0->qgridnext) (0.10.0)
2025-02-21T11:14:56.3097712Z Requirement already satisfied: pandocfilters>=1.4.1 in /home/runner/micromamba/envs/tardis/lib/python3.12/site-packages (from nbconvert>=6.4.4->jupyter-server<3,>=2.4.0->notebook>=4.4.1->widgetsnbextension~=3.6.5->ipywidgets>=7.0.0->qgridnext) (1.5.0)
2025-02-21T11:14:56.3108060Z Requirement already satisfied: tinycss2 in /home/runner/micromamba/envs/tardis/lib/python3.12/site-packages (from nbconvert>=6.4.4->jupyter-server<3,>=2.4.0->notebook>=4.4.1->widgetsnbextension~=3.6.5->ipywidgets>=7.0.0->qgridnext) (1.3.0)
2025-02-21T11:14:56.3224362Z Requirement already satisfied: fastjsonschema>=2.15 in /home/runner/micromamba/envs/tardis/lib/python3.12/site-packages (from nbformat>=5.3.0->jupyter-server<3,>=2.4.0->notebook>=4.4.1->widgetsnbextension~=3.6.5->ipywidgets>=7.0.0->qgridnext) (2.20.0)
2025-02-21T11:14:56.3528513Z Requirement already satisfied: charset-normalizer<4,>=2 in /home/runner/micromamba/envs/tardis/lib/python3.12/site-packages (from requests>=2.31->jupyterlab-server<3,>=2.27.1->notebook>=4.4.1->widgetsnbextension~=3.6.5->ipywidgets>=7.0.0->qgridnext) (3.3.2)
2025-02-21T11:14:56.3543530Z Requirement already satisfied: urllib3<3,>=1.21.1 in /home/runner/micromamba/envs/tardis/lib/python3.12/site-packages (from requests>=2.31->jupyterlab-server<3,>=2.27.1->notebook>=4.4.1->widgetsnbextension~=3.6.5->ipywidgets>=7.0.0->qgridnext) (2.2.2)
2025-02-21T11:14:56.4315551Z Requirement already satisfied: webencodings in /home/runner/micromamba/envs/tardis/lib/python3.12/site-packages (from bleach!=5.0.0->nbconvert>=6.4.4->jupyter-server<3,>=2.4.0->notebook>=4.4.1->widgetsnbextension~=3.6.5->ipywidgets>=7.0.0->qgridnext) (0.5.1)
2025-02-21T11:14:56.4880012Z Requirement already satisfied: fqdn in /home/runner/micromamba/envs/tardis/lib/python3.12/site-packages (from jsonschema[format-nongpl]>=4.18.0->jupyter-events>=0.9.0->jupyter-server<3,>=2.4.0->notebook>=4.4.1->widgetsnbextension~=3.6.5->ipywidgets>=7.0.0->qgridnext) (1.5.1)
2025-02-21T11:14:56.4896650Z Requirement already satisfied: isoduration in /home/runner/micromamba/envs/tardis/lib/python3.12/site-packages (from jsonschema[format-nongpl]>=4.18.0->jupyter-events>=0.9.0->jupyter-server<3,>=2.4.0->notebook>=4.4.1->widgetsnbextension~=3.6.5->ipywidgets>=7.0.0->qgridnext) (20.11.0)
2025-02-21T11:14:56.4909483Z Requirement already satisfied: jsonpointer>1.13 in /home/runner/micromamba/envs/tardis/lib/python3.12/site-packages (from jsonschema[format-nongpl]>=4.18.0->jupyter-events>=0.9.0->jupyter-server<3,>=2.4.0->notebook>=4.4.1->widgetsnbextension~=3.6.5->ipywidgets>=7.0.0->qgridnext) (3.0.0)
2025-02-21T11:14:56.4926032Z Requirement already satisfied: uri-template in /home/runner/micromamba/envs/tardis/lib/python3.12/site-packages (from jsonschema[format-nongpl]>=4.18.0->jupyter-events>=0.9.0->jupyter-server<3,>=2.4.0->notebook>=4.4.1->widgetsnbextension~=3.6.5->ipywidgets>=7.0.0->qgridnext) (1.3.0)
2025-02-21T11:14:56.4939397Z Requirement already satisfied: webcolors>=1.11 in /home/runner/micromamba/envs/tardis/lib/python3.12/site-packages (from jsonschema[format-nongpl]>=4.18.0->jupyter-events>=0.9.0->jupyter-server<3,>=2.4.0->notebook>=4.4.1->widgetsnbextension~=3.6.5->ipywidgets>=7.0.0->qgridnext) (24.6.0)
2025-02-21T11:14:56.5938672Z Requirement already satisfied: cffi>=1.0.1 in /home/runner/micromamba/envs/tardis/lib/python3.12/site-packages (from argon2-cffi-bindings->argon2-cffi>=21.1->jupyter-server<3,>=2.4.0->notebook>=4.4.1->widgetsnbextension~=3.6.5->ipywidgets>=7.0.0->qgridnext) (1.16.0)
2025-02-21T11:14:56.6032586Z Requirement already satisfied: soupsieve>1.2 in /home/runner/micromamba/envs/tardis/lib/python3.12/site-packages (from beautifulsoup4->nbconvert>=6.4.4->jupyter-server<3,>=2.4.0->notebook>=4.4.1->widgetsnbextension~=3.6.5->ipywidgets>=7.0.0->qgridnext) (2.5)
2025-02-21T11:14:56.6549693Z Requirement already satisfied: pycparser in /home/runner/micromamba/envs/tardis/lib/python3.12/site-packages (from cffi>=1.0.1->argon2-cffi-bindings->argon2-cffi>=21.1->jupyter-server<3,>=2.4.0->notebook>=4.4.1->widgetsnbextension~=3.6.5->ipywidgets>=7.0.0->qgridnext) (2.22)
2025-02-21T11:14:56.7040101Z Requirement already satisfied: arrow>=0.15.0 in /home/runner/micromamba/envs/tardis/lib/python3.12/site-packages (from isoduration->jsonschema[format-nongpl]>=4.18.0->jupyter-events>=0.9.0->jupyter-server<3,>=2.4.0->notebook>=4.4.1->widgetsnbextension~=3.6.5->ipywidgets>=7.0.0->qgridnext) (1.3.0)
2025-02-21T11:14:56.7333063Z Requirement already satisfied: types-python-dateutil>=2.8.10 in /home/runner/micromamba/envs/tardis/lib/python3.12/site-packages (from arrow>=0.15.0->isoduration->jsonschema[format-nongpl]>=4.18.0->jupyter-events>=0.9.0->jupyter-server<3,>=2.4.0->notebook>=4.4.1->widgetsnbextension~=3.6.5->ipywidgets>=7.0.0->qgridnext) (2.9.0.20240316)
2025-02-21T11:14:56.7586696Z Downloading qgridnext-2.0.4-py3-none-any.whl (1.3 MB)
2025-02-21T11:14:56.7781014Z    ━━━━━━━━━━━━━━━━━━━━━━━━━━━━━━━━━━━━━━━━ 1.3/1.3 MB 72.8 MB/s eta 0:00:00
2025-02-21T11:14:57.5677659Z Installing collected packages: qgridnext
2025-02-21T11:14:57.6421841Z Successfully installed qgridnext-2.0.4
2025-02-21T11:14:57.8182184Z ##[group]Run pytest tardis --tardis-regression-data=/home/runner/work/tardis/tardis/tardis-regression-data --cov=tardis --cov-report=xml --cov-report=html --cov-append -m " continuum"
2025-02-21T11:14:57.8184399Z [36;1mpytest tardis --tardis-regression-data=/home/runner/work/tardis/tardis/tardis-regression-data --cov=tardis --cov-report=xml --cov-report=html --cov-append -m " continuum"[0m
2025-02-21T11:14:57.8241248Z shell: /usr/bin/bash -l {0}
2025-02-21T11:14:57.8241498Z env:
2025-02-21T11:14:57.8241694Z   CACHE_NUMBER: 0
2025-02-21T11:14:57.8242324Z   PYTEST_FLAGS: --tardis-regression-data=/home/runner/work/tardis/tardis/tardis-regression-data --cov=tardis --cov-report=xml --cov-report=html --cov-append
2025-02-21T11:14:57.8242989Z   CODECOV_TOKEN: 
2025-02-21T11:14:57.8243213Z   MAMBA_ROOT_PREFIX: /home/runner/micromamba
2025-02-21T11:14:57.8243518Z   MAMBA_EXE: /home/runner/micromamba-bin/micromamba
2025-02-21T11:14:57.8243907Z   CONDARC: /home/runner/work/_temp/setup-micromamba/.condarc
2025-02-21T11:14:57.8244213Z ##[endgroup]
2025-02-21T11:15:06.5469579Z ============================= test session starts ==============================
2025-02-21T11:15:06.5470316Z platform linux -- Python 3.12.4, pytest-8.2.2, pluggy-1.5.0
2025-02-21T11:15:06.5471100Z rootdir: /home/runner/work/tardis/tardis
2025-02-21T11:15:06.5471603Z configfile: pyproject.toml
2025-02-21T11:15:06.5472189Z plugins: metadata-3.1.1, anyio-4.4.0, doctestplus-1.2.1, cov-5.0.0, html-4.1.1
2025-02-21T11:15:06.5473305Z collected 1796 items / 1794 deselected / 2 selected
2025-02-21T11:15:06.5473668Z 
2025-02-21T11:16:54.2314416Z tardis/transport/montecarlo/estimators/tests/test_continuum_property_solver.py . [ 50%]
2025-02-21T11:16:54.2317012Z                                                                          [ 50%]
2025-02-21T11:17:27.3628049Z tardis/transport/montecarlo/tests/test_continuum.py .                    [100%]
2025-02-21T11:17:27.3628807Z 
2025-02-21T11:17:27.3629324Z =============================== warnings summary ===============================
2025-02-21T11:17:27.3630020Z tardis/io/configuration/config_validator.py:6
2025-02-21T11:17:27.3630922Z tardis/io/configuration/config_validator.py:6
2025-02-21T11:17:27.3631997Z   /home/runner/work/tardis/tardis/tardis/io/configuration/config_validator.py:6: DeprecationWarning:
2025-02-21T11:17:27.3633038Z   
2025-02-21T11:17:27.3635181Z   jsonschema.RefResolver is deprecated as of v4.18.0, in favor of the https://github.com/python-jsonschema/referencing library, which provides more compliant referencing behavior as well as more flexible APIs for customization. A future release will remove RefResolver. Please file a feature request (on referencing) if you are missing an API for the kind of customization you need.
2025-02-21T11:17:27.3636618Z 
2025-02-21T11:17:27.3636934Z ../../../micromamba/envs/tardis/lib/python3.12/site-packages/jupyter_client/connect.py:22
2025-02-21T11:17:27.3638062Z   /home/runner/micromamba/envs/tardis/lib/python3.12/site-packages/jupyter_client/connect.py:22: DeprecationWarning:
2025-02-21T11:17:27.3638580Z   
2025-02-21T11:17:27.3638829Z   Jupyter is migrating its paths to use standard platformdirs
2025-02-21T11:17:27.3639240Z   given by the platformdirs library.  To remove this warning and
2025-02-21T11:17:27.3639639Z   see the appropriate new directories, set the environment variable
2025-02-21T11:17:27.3640049Z   `JUPYTER_PLATFORM_DIRS=1` and then run `jupyter --paths`.
2025-02-21T11:17:27.3640430Z   The use of platformdirs will be the default in `jupyter_core` v6
2025-02-21T11:17:27.3640899Z 
2025-02-21T11:17:27.3646923Z tardis/transport/montecarlo/estimators/tests/test_continuum_property_solver.py::test_continuum_estimators
2025-02-21T11:17:27.3647742Z   /home/runner/work/tardis/tardis/tardis/transport/montecarlo/montecarlo_main_loop.py:123: NumbaTypeSafetyWarning:
2025-02-21T11:17:27.3648280Z   
2025-02-21T11:17:27.3648798Z   [1m[1m[1munsafe cast from uint64 to int64. Precision may be lost.[0m[0m[0m
2025-02-21T11:17:27.3649345Z 
2025-02-21T11:17:27.3649554Z -- Docs: https://docs.pytest.org/en/stable/how-to/capture-warnings.html
2025-02-21T11:17:27.3649847Z 
2025-02-21T11:17:27.3650013Z ---------- coverage: platform linux, python 3.12.4-final-0 -----------
2025-02-21T11:17:27.3650389Z Coverage HTML written to dir coverage_html_report
2025-02-21T11:17:27.3650884Z Coverage XML written to file coverage.xml
2025-02-21T11:17:27.3651073Z 
2025-02-21T11:17:27.3651235Z ========== 2 passed, 1794 deselected, 4 warnings in 142.45s (0:02:22) ==========
2025-02-21T11:17:28.4886833Z ##[group]Run mv .coverage .coverage.3
2025-02-21T11:17:28.4887173Z [36;1mmv .coverage .coverage.3[0m
2025-02-21T11:17:28.4966835Z shell: /usr/bin/bash -l {0}
2025-02-21T11:17:28.4967084Z env:
2025-02-21T11:17:28.4967260Z   CACHE_NUMBER: 0
2025-02-21T11:17:28.4967889Z   PYTEST_FLAGS: --tardis-regression-data=/home/runner/work/tardis/tardis/tardis-regression-data --cov=tardis --cov-report=xml --cov-report=html --cov-append
2025-02-21T11:17:28.4968542Z   CODECOV_TOKEN: 
2025-02-21T11:17:28.4968759Z   MAMBA_ROOT_PREFIX: /home/runner/micromamba
2025-02-21T11:17:28.4969055Z   MAMBA_EXE: /home/runner/micromamba-bin/micromamba
2025-02-21T11:17:28.4969397Z   CONDARC: /home/runner/work/_temp/setup-micromamba/.condarc
2025-02-21T11:17:28.4969696Z ##[endgroup]
2025-02-21T11:17:28.6123915Z ##[group]Run actions/upload-artifact@v4
2025-02-21T11:17:28.6124201Z with:
2025-02-21T11:17:28.6124421Z   name: coverage--continuum-ubuntu-latest
2025-02-21T11:17:28.6124704Z   include-hidden-files: true
2025-02-21T11:17:28.6125122Z   path: .coverage*
!.coveragerc

2025-02-21T11:17:28.6125364Z   if-no-files-found: warn
2025-02-21T11:17:28.6125584Z   compression-level: 6
2025-02-21T11:17:28.6125785Z   overwrite: false
2025-02-21T11:17:28.6125969Z env:
2025-02-21T11:17:28.6126133Z   CACHE_NUMBER: 0
2025-02-21T11:17:28.6126744Z   PYTEST_FLAGS: --tardis-regression-data=/home/runner/work/tardis/tardis/tardis-regression-data --cov=tardis --cov-report=xml --cov-report=html --cov-append
2025-02-21T11:17:28.6127372Z   CODECOV_TOKEN: 
2025-02-21T11:17:28.6127592Z   MAMBA_ROOT_PREFIX: /home/runner/micromamba
2025-02-21T11:17:28.6127891Z   MAMBA_EXE: /home/runner/micromamba-bin/micromamba
2025-02-21T11:17:28.6128235Z   CONDARC: /home/runner/work/_temp/setup-micromamba/.condarc
2025-02-21T11:17:28.6128555Z ##[endgroup]
2025-02-21T11:17:28.8561909Z With the provided path, there will be 1 file uploaded
2025-02-21T11:17:28.8567285Z Artifact name is valid!
2025-02-21T11:17:28.8568904Z Root directory input is valid!
2025-02-21T11:17:28.9508846Z Beginning upload of artifact content to blob storage
2025-02-21T11:17:29.0308052Z Uploaded bytes 18414
2025-02-21T11:17:29.0513456Z Finished uploading artifact content to blob storage!
2025-02-21T11:17:29.0516643Z SHA256 hash of uploaded artifact zip is 34f7400f46aeeb8e2f291af49be0a5a53a49045fa31960fb9471c6c351ea43b4
2025-02-21T11:17:29.0518082Z Finalizing artifact upload
2025-02-21T11:17:29.1237968Z Artifact coverage--continuum-ubuntu-latest.zip successfully finalized. Artifact ID 2629782310
2025-02-21T11:17:29.1239297Z Artifact coverage--continuum-ubuntu-latest has been successfully uploaded! Final size is 18414 bytes. Artifact ID is 2629782310
2025-02-21T11:17:29.1249111Z Artifact download URL: https://github.com/tardis-sn/tardis/actions/runs/13455624755/artifacts/2629782310
2025-02-21T11:17:29.1381995Z Post job cleanup.
2025-02-21T11:17:29.1413197Z Post job cleanup.
2025-02-21T11:17:29.2719094Z Will use pre-installed micromamba at /home/runner/micromamba-bin/micromamba
2025-02-21T11:17:29.2726247Z Removing micromamba run shell ...
2025-02-21T11:17:29.2730125Z ##[group]Deinitialize micromamba for bash
2025-02-21T11:17:29.2751541Z [command]/home/runner/micromamba-bin/micromamba shell deinit -s bash -r /home/runner/micromamba --log-level warning --rc-file /home/runner/work/_temp/setup-micromamba/.condarc
2025-02-21T11:17:29.2849144Z Resetting RC file "/home/runner/.bashrc"
2025-02-21T11:17:29.2849681Z Deleting config for root prefix 
2025-02-21T11:17:29.2850206Z Clearing mamba executable environment variable
2025-02-21T11:17:29.2852691Z Removing the following in your "/home/runner/.bashrc" file
2025-02-21T11:17:29.2853055Z # >>> mamba initialize >>>
2025-02-21T11:17:29.2853268Z ...
2025-02-21T11:17:29.2853441Z # <<< mamba initialize <<<
2025-02-21T11:17:29.2884859Z Removing mamba initialize block from .bash_profile
2025-02-21T11:17:29.2899599Z ##[endgroup]
2025-02-21T11:17:29.2903842Z Removing environment tardis from auto-activate bash ...
2025-02-21T11:17:29.3023848Z Post job cleanup.
2025-02-21T11:17:29.3060899Z Post job cleanup.
2025-02-21T11:17:29.4041349Z [command]/usr/bin/git version
2025-02-21T11:17:29.4079934Z git version 2.48.1
2025-02-21T11:17:29.4129737Z Temporarily overriding HOME='/home/runner/work/_temp/c339ea4c-5b08-4e3b-a33b-d61b4387075a' before making global git config changes
2025-02-21T11:17:29.4131109Z Adding repository directory to the temporary git global config as a safe directory
2025-02-21T11:17:29.4135348Z [command]/usr/bin/git config --global --add safe.directory /home/runner/work/tardis/tardis/tardis-regression-data
2025-02-21T11:17:29.4168681Z [command]/usr/bin/git config --local --name-only --get-regexp core\.sshCommand
2025-02-21T11:17:29.4200414Z [command]/usr/bin/git submodule foreach --recursive sh -c "git config --local --name-only --get-regexp 'core\.sshCommand' && git config --local --unset-all 'core.sshCommand' || :"
2025-02-21T11:17:29.4435828Z [command]/usr/bin/git config --local --name-only --get-regexp http\.https\:\/\/github\.com\/\.extraheader
2025-02-21T11:17:29.4458701Z http.https://github.com/.extraheader
2025-02-21T11:17:29.4471706Z [command]/usr/bin/git config --local --unset-all http.https://github.com/.extraheader
2025-02-21T11:17:29.4507148Z [command]/usr/bin/git submodule foreach --recursive sh -c "git config --local --name-only --get-regexp 'http\.https\:\/\/github\.com\/\.extraheader' && git config --local --unset-all 'http.https://github.com/.extraheader' || :"
2025-02-21T11:17:29.4874169Z Post job cleanup.
2025-02-21T11:17:29.5821305Z [command]/usr/bin/git version
2025-02-21T11:17:29.5862241Z git version 2.48.1
2025-02-21T11:17:29.5905671Z Temporarily overriding HOME='/home/runner/work/_temp/fbb8a814-9a94-44dc-80ea-fc137911cded' before making global git config changes
2025-02-21T11:17:29.5906842Z Adding repository directory to the temporary git global config as a safe directory
2025-02-21T11:17:29.5919204Z [command]/usr/bin/git config --global --add safe.directory /home/runner/work/tardis/tardis
2025-02-21T11:17:29.5954178Z [command]/usr/bin/git config --local --name-only --get-regexp core\.sshCommand
2025-02-21T11:17:29.5985851Z [command]/usr/bin/git submodule foreach --recursive sh -c "git config --local --name-only --get-regexp 'core\.sshCommand' && git config --local --unset-all 'core.sshCommand' || :"
2025-02-21T11:17:29.6220559Z [command]/usr/bin/git config --local --name-only --get-regexp http\.https\:\/\/github\.com\/\.extraheader
2025-02-21T11:17:29.6241285Z http.https://github.com/.extraheader
2025-02-21T11:17:29.6253451Z [command]/usr/bin/git config --local --unset-all http.https://github.com/.extraheader
2025-02-21T11:17:29.6283502Z [command]/usr/bin/git submodule foreach --recursive sh -c "git config --local --name-only --get-regexp 'http\.https\:\/\/github\.com\/\.extraheader' && git config --local --unset-all 'http.https://github.com/.extraheader' || :"
2025-02-21T11:17:29.6604426Z Cleaning up orphan processes
