2025-01-27T11:26:25.3124445Z Requested labels: ubuntu-latest
2025-01-27T11:26:25.3124825Z Job defined at: tardis-sn/tardis/.github/workflows/tests.yml@refs/pull/2954/merge
2025-01-27T11:26:25.3124960Z Waiting for a runner to pick up this job...
2025-01-27T11:26:25.5294314Z Job is waiting for a hosted runner to come online.
2025-01-27T11:26:28.4657795Z Job is about to start running on the hosted runner: GitHub Actions 34 (hosted)
2025-01-27T11:26:30.7377410Z Current runner version: '2.321.0'
2025-01-27T11:26:30.7400642Z ##[group]Operating System
2025-01-27T11:26:30.7401419Z Ubuntu
2025-01-27T11:26:30.7402152Z 24.04.1
2025-01-27T11:26:30.7402701Z LTS
2025-01-27T11:26:30.7403189Z ##[endgroup]
2025-01-27T11:26:30.7403763Z ##[group]Runner Image
2025-01-27T11:26:30.7404404Z Image: ubuntu-24.04
2025-01-27T11:26:30.7404928Z Version: 20250120.5.0
2025-01-27T11:26:30.7405956Z Included Software: https://github.com/actions/runner-images/blob/ubuntu24/20250120.5/images/ubuntu/Ubuntu2404-Readme.md
2025-01-27T11:26:30.7407370Z Image Release: https://github.com/actions/runner-images/releases/tag/ubuntu24%2F20250120.5
2025-01-27T11:26:30.7408273Z ##[endgroup]
2025-01-27T11:26:30.7408788Z ##[group]Runner Image Provisioner
2025-01-27T11:26:30.7409418Z 2.0.417.1
2025-01-27T11:26:30.7409891Z ##[endgroup]
2025-01-27T11:26:30.7412132Z ##[group]GITHUB_TOKEN Permissions
2025-01-27T11:26:30.7414064Z Actions: read
2025-01-27T11:26:30.7414863Z Attestations: read
2025-01-27T11:26:30.7415483Z Checks: read
2025-01-27T11:26:30.7416052Z Contents: read
2025-01-27T11:26:30.7416531Z Deployments: read
2025-01-27T11:26:30.7417056Z Discussions: read
2025-01-27T11:26:30.7417604Z Issues: read
2025-01-27T11:26:30.7418066Z Metadata: read
2025-01-27T11:26:30.7418582Z Packages: read
2025-01-27T11:26:30.7419125Z Pages: read
2025-01-27T11:26:30.7419583Z PullRequests: read
2025-01-27T11:26:30.7420131Z RepositoryProjects: read
2025-01-27T11:26:30.7420682Z SecurityEvents: read
2025-01-27T11:26:30.7421231Z Statuses: read
2025-01-27T11:26:30.7421754Z ##[endgroup]
2025-01-27T11:26:30.7424700Z Secret source: None
2025-01-27T11:26:30.7425403Z Prepare workflow directory
2025-01-27T11:26:30.8048685Z Prepare all required actions
2025-01-27T11:26:30.8084409Z Getting action download info
2025-01-27T11:26:31.0071119Z Download action repository 'actions/checkout@v4' (SHA:11bd71901bbe5b1630ceea73d27597364c9af683)
2025-01-27T11:26:31.0868135Z Download action repository 'actions/upload-artifact@v4' (SHA:65c4c4a1ddee5b72f698fdd19549f0f0fb45cf08)
2025-01-27T11:26:31.2566686Z Complete job name:  continuum ubuntu-latest 
2025-01-27T11:26:31.3208555Z ##[group]Run actions/checkout@v4
2025-01-27T11:26:31.3209375Z with:
2025-01-27T11:26:31.3209770Z   repository: tardis-sn/tardis
2025-01-27T11:26:31.3210381Z   token: ***
2025-01-27T11:26:31.3210754Z   ssh-strict: true
2025-01-27T11:26:31.3211144Z   ssh-user: git
2025-01-27T11:26:31.3211536Z   persist-credentials: true
2025-01-27T11:26:31.3212174Z   clean: true
2025-01-27T11:26:31.3212576Z   sparse-checkout-cone-mode: true
2025-01-27T11:26:31.3213035Z   fetch-depth: 1
2025-01-27T11:26:31.3213422Z   fetch-tags: false
2025-01-27T11:26:31.3213825Z   show-progress: true
2025-01-27T11:26:31.3214223Z   lfs: false
2025-01-27T11:26:31.3214589Z   submodules: false
2025-01-27T11:26:31.3214991Z   set-safe-directory: true
2025-01-27T11:26:31.3215643Z env:
2025-01-27T11:26:31.3215997Z   CACHE_NUMBER: 0
2025-01-27T11:26:31.3217135Z   PYTEST_FLAGS: --tardis-regression-data=/home/runner/work/tardis/tardis/tardis-regression-data --cov=tardis --cov-report=xml --cov-report=html --cov-append
2025-01-27T11:26:31.3218379Z   CODECOV_TOKEN: 
2025-01-27T11:26:31.3218751Z ##[endgroup]
2025-01-27T11:26:31.4921876Z Syncing repository: tardis-sn/tardis
2025-01-27T11:26:31.4923733Z ##[group]Getting Git version info
2025-01-27T11:26:31.4924369Z Working directory is '/home/runner/work/tardis/tardis'
2025-01-27T11:26:31.4925302Z [command]/usr/bin/git version
2025-01-27T11:26:31.4980942Z git version 2.48.1
2025-01-27T11:26:31.5009471Z ##[endgroup]
2025-01-27T11:26:31.5023067Z Temporarily overriding HOME='/home/runner/work/_temp/56cb5545-5a30-41f5-a26f-5690068060ad' before making global git config changes
2025-01-27T11:26:31.5024406Z Adding repository directory to the temporary git global config as a safe directory
2025-01-27T11:26:31.5028085Z [command]/usr/bin/git config --global --add safe.directory /home/runner/work/tardis/tardis
2025-01-27T11:26:31.5061437Z Deleting the contents of '/home/runner/work/tardis/tardis'
2025-01-27T11:26:31.5065089Z ##[group]Initializing the repository
2025-01-27T11:26:31.5069297Z [command]/usr/bin/git init /home/runner/work/tardis/tardis
2025-01-27T11:26:31.5133507Z hint: Using 'master' as the name for the initial branch. This default branch name
2025-01-27T11:26:31.5134759Z hint: is subject to change. To configure the initial branch name to use in all
2025-01-27T11:26:31.5135675Z hint: of your new repositories, which will suppress this warning, call:
2025-01-27T11:26:31.5136842Z hint:
2025-01-27T11:26:31.5137629Z hint: 	git config --global init.defaultBranch <name>
2025-01-27T11:26:31.5138597Z hint:
2025-01-27T11:26:31.5139468Z hint: Names commonly chosen instead of 'master' are 'main', 'trunk' and
2025-01-27T11:26:31.5140815Z hint: 'development'. The just-created branch can be renamed via this command:
2025-01-27T11:26:31.5141495Z hint:
2025-01-27T11:26:31.5141859Z hint: 	git branch -m <name>
2025-01-27T11:26:31.5142763Z Initialized empty Git repository in /home/runner/work/tardis/tardis/.git/
2025-01-27T11:26:31.5150235Z [command]/usr/bin/git remote add origin https://github.com/tardis-sn/tardis
2025-01-27T11:26:31.5180333Z ##[endgroup]
2025-01-27T11:26:31.5181035Z ##[group]Disabling automatic garbage collection
2025-01-27T11:26:31.5184332Z [command]/usr/bin/git config --local gc.auto 0
2025-01-27T11:26:31.5211669Z ##[endgroup]
2025-01-27T11:26:31.5212543Z ##[group]Setting up auth
2025-01-27T11:26:31.5218342Z [command]/usr/bin/git config --local --name-only --get-regexp core\.sshCommand
2025-01-27T11:26:31.5250734Z [command]/usr/bin/git submodule foreach --recursive sh -c "git config --local --name-only --get-regexp 'core\.sshCommand' && git config --local --unset-all 'core.sshCommand' || :"
2025-01-27T11:26:31.5536623Z [command]/usr/bin/git config --local --name-only --get-regexp http\.https\:\/\/github\.com\/\.extraheader
2025-01-27T11:26:31.5565012Z [command]/usr/bin/git submodule foreach --recursive sh -c "git config --local --name-only --get-regexp 'http\.https\:\/\/github\.com\/\.extraheader' && git config --local --unset-all 'http.https://github.com/.extraheader' || :"
2025-01-27T11:26:31.5795657Z [command]/usr/bin/git config --local http.https://github.com/.extraheader AUTHORIZATION: basic ***
2025-01-27T11:26:31.5832886Z ##[endgroup]
2025-01-27T11:26:31.5833850Z ##[group]Fetching the repository
2025-01-27T11:26:31.5841047Z [command]/usr/bin/git -c protocol.version=2 fetch --no-tags --prune --no-recurse-submodules --depth=1 origin +cec5318cd1e9c023ceeda8f57e10c7ebf91fe669:refs/remotes/pull/2954/merge
2025-01-27T11:26:33.2145670Z From https://github.com/tardis-sn/tardis
2025-01-27T11:26:33.2147459Z  * [new ref]         cec5318cd1e9c023ceeda8f57e10c7ebf91fe669 -> pull/2954/merge
2025-01-27T11:26:33.2173549Z ##[endgroup]
2025-01-27T11:26:33.2174768Z ##[group]Determining the checkout info
2025-01-27T11:26:33.2182194Z ##[endgroup]
2025-01-27T11:26:33.2183146Z [command]/usr/bin/git sparse-checkout disable
2025-01-27T11:26:33.2310395Z [command]/usr/bin/git config --local --unset-all extensions.worktreeConfig
2025-01-27T11:26:33.4263325Z ##[group]Checking out the ref
2025-01-27T11:26:33.4264463Z [command]/usr/bin/git checkout --progress --force refs/remotes/pull/2954/merge
2025-01-27T11:26:33.4265564Z Note: switching to 'refs/remotes/pull/2954/merge'.
2025-01-27T11:26:33.4266117Z 
2025-01-27T11:26:33.4266582Z You are in 'detached HEAD' state. You can look around, make experimental
2025-01-27T11:26:33.4267713Z changes and commit them, and you can discard any commits you make in this
2025-01-27T11:26:33.4268780Z state without impacting any branches by switching back to a branch.
2025-01-27T11:26:33.4269498Z 
2025-01-27T11:26:33.4269950Z If you want to create a new branch to retain commits you create, you may
2025-01-27T11:26:33.4270974Z do so (now or later) by using -c with the switch command. Example:
2025-01-27T11:26:33.4271571Z 
2025-01-27T11:26:33.4271781Z   git switch -c <new-branch-name>
2025-01-27T11:26:33.4272323Z 
2025-01-27T11:26:33.4272527Z Or undo this operation with:
2025-01-27T11:26:33.4272902Z 
2025-01-27T11:26:33.4273373Z   git switch -
2025-01-27T11:26:33.4273658Z 
2025-01-27T11:26:33.4274193Z Turn off this advice by setting config variable advice.detachedHead to false
2025-01-27T11:26:33.4274968Z 
2025-01-27T11:26:33.4275812Z HEAD is now at cec5318 Merge 20139832d7867cb0ad041fa15c39713d5836f7ce into ba33d7b6d9d42ff82557ca382cff5b2a54f91c51
2025-01-27T11:26:33.4284136Z ##[endgroup]
2025-01-27T11:26:33.4328775Z [command]/usr/bin/git log -1 --format=%H
2025-01-27T11:26:33.4348823Z cec5318cd1e9c023ceeda8f57e10c7ebf91fe669
2025-01-27T11:26:33.4690812Z Prepare all required actions
2025-01-27T11:26:33.4691695Z Getting action download info
2025-01-27T11:26:33.6438819Z Download action repository 'actions/cache@v4' (SHA:1bd1e32a3bdc45362d1e726936510720a7c30a57)
2025-01-27T11:26:33.7885039Z ##[group]Run ./.github/actions/setup_lfs
2025-01-27T11:26:33.7886121Z with:
2025-01-27T11:26:33.7887103Z   regression-data-repo: tardis-sn/tardis-regression-data
2025-01-27T11:26:33.7888315Z   atom-data-sparse: false
2025-01-27T11:26:33.7889268Z env:
2025-01-27T11:26:33.7890029Z   CACHE_NUMBER: 0
2025-01-27T11:26:33.7892244Z   PYTEST_FLAGS: --tardis-regression-data=/home/runner/work/tardis/tardis/tardis-regression-data --cov=tardis --cov-report=xml --cov-report=html --cov-append
2025-01-27T11:26:33.7894448Z   CODECOV_TOKEN: 
2025-01-27T11:26:33.7895269Z ##[endgroup]
2025-01-27T11:26:33.8088350Z ##[group]Run actions/checkout@v4
2025-01-27T11:26:33.8089450Z with:
2025-01-27T11:26:33.8090426Z   repository: tardis-sn/tardis-regression-data
2025-01-27T11:26:33.8091532Z   path: tardis-regression-data
2025-01-27T11:26:33.8092664Z   lfs: false
2025-01-27T11:26:33.8093640Z   token: ***
2025-01-27T11:26:33.8094385Z   ssh-strict: true
2025-01-27T11:26:33.8095144Z   ssh-user: git
2025-01-27T11:26:33.8095925Z   persist-credentials: true
2025-01-27T11:26:33.8096769Z   clean: true
2025-01-27T11:26:33.8097551Z   sparse-checkout-cone-mode: true
2025-01-27T11:26:33.8098457Z   fetch-depth: 1
2025-01-27T11:26:33.8099197Z   fetch-tags: false
2025-01-27T11:26:33.8099995Z   show-progress: true
2025-01-27T11:26:33.8100790Z   submodules: false
2025-01-27T11:26:33.8101572Z   set-safe-directory: true
2025-01-27T11:26:33.8102648Z env:
2025-01-27T11:26:33.8103332Z   CACHE_NUMBER: 0
2025-01-27T11:26:33.8105318Z   PYTEST_FLAGS: --tardis-regression-data=/home/runner/work/tardis/tardis/tardis-regression-data --cov=tardis --cov-report=xml --cov-report=html --cov-append
2025-01-27T11:26:33.8107445Z   CODECOV_TOKEN: 
2025-01-27T11:26:33.8108216Z ##[endgroup]
2025-01-27T11:26:33.9045246Z Syncing repository: tardis-sn/tardis-regression-data
2025-01-27T11:26:33.9052917Z ##[group]Getting Git version info
2025-01-27T11:26:33.9055257Z Working directory is '/home/runner/work/tardis/tardis/tardis-regression-data'
2025-01-27T11:26:33.9096564Z [command]/usr/bin/git version
2025-01-27T11:26:33.9139012Z git version 2.48.1
2025-01-27T11:26:33.9165623Z ##[endgroup]
2025-01-27T11:26:33.9178812Z Temporarily overriding HOME='/home/runner/work/_temp/a277f529-67bf-4977-9a49-6df42577ec0b' before making global git config changes
2025-01-27T11:26:33.9183013Z Adding repository directory to the temporary git global config as a safe directory
2025-01-27T11:26:33.9186767Z [command]/usr/bin/git config --global --add safe.directory /home/runner/work/tardis/tardis/tardis-regression-data
2025-01-27T11:26:33.9216637Z ##[group]Initializing the repository
2025-01-27T11:26:33.9222650Z [command]/usr/bin/git init /home/runner/work/tardis/tardis/tardis-regression-data
2025-01-27T11:26:33.9257673Z hint: Using 'master' as the name for the initial branch. This default branch name
2025-01-27T11:26:33.9260273Z hint: is subject to change. To configure the initial branch name to use in all
2025-01-27T11:26:33.9263302Z hint: of your new repositories, which will suppress this warning, call:
2025-01-27T11:26:33.9265410Z hint:
2025-01-27T11:26:33.9266926Z hint: 	git config --global init.defaultBranch <name>
2025-01-27T11:26:33.9268711Z hint:
2025-01-27T11:26:33.9270473Z hint: Names commonly chosen instead of 'master' are 'main', 'trunk' and
2025-01-27T11:26:33.9273773Z hint: 'development'. The just-created branch can be renamed via this command:
2025-01-27T11:26:33.9275840Z hint:
2025-01-27T11:26:33.9277041Z hint: 	git branch -m <name>
2025-01-27T11:26:33.9278604Z Initialized empty Git repository in /home/runner/work/tardis/tardis/tardis-regression-data/.git/
2025-01-27T11:26:33.9281916Z [command]/usr/bin/git remote add origin https://github.com/tardis-sn/tardis-regression-data
2025-01-27T11:26:33.9302685Z ##[endgroup]
2025-01-27T11:26:33.9305357Z ##[group]Disabling automatic garbage collection
2025-01-27T11:26:33.9307388Z [command]/usr/bin/git config --local gc.auto 0
2025-01-27T11:26:33.9337222Z ##[endgroup]
2025-01-27T11:26:33.9339403Z ##[group]Setting up auth
2025-01-27T11:26:33.9343509Z [command]/usr/bin/git config --local --name-only --get-regexp core\.sshCommand
2025-01-27T11:26:33.9373769Z [command]/usr/bin/git submodule foreach --recursive sh -c "git config --local --name-only --get-regexp 'core\.sshCommand' && git config --local --unset-all 'core.sshCommand' || :"
2025-01-27T11:26:33.9598433Z [command]/usr/bin/git config --local --name-only --get-regexp http\.https\:\/\/github\.com\/\.extraheader
2025-01-27T11:26:33.9628862Z [command]/usr/bin/git submodule foreach --recursive sh -c "git config --local --name-only --get-regexp 'http\.https\:\/\/github\.com\/\.extraheader' && git config --local --unset-all 'http.https://github.com/.extraheader' || :"
2025-01-27T11:26:33.9853751Z [command]/usr/bin/git config --local http.https://github.com/.extraheader AUTHORIZATION: basic ***
2025-01-27T11:26:33.9898998Z ##[endgroup]
2025-01-27T11:26:33.9900363Z ##[group]Determining the default branch
2025-01-27T11:26:33.9902232Z Retrieving the default branch name
2025-01-27T11:26:34.2913276Z Default branch 'main'
2025-01-27T11:26:34.2916144Z ##[endgroup]
2025-01-27T11:26:34.2918268Z ##[group]Fetching the repository
2025-01-27T11:26:34.2922743Z [command]/usr/bin/git -c protocol.version=2 fetch --no-tags --prune --no-recurse-submodules --depth=1 origin +refs/heads/main:refs/remotes/origin/main
2025-01-27T11:26:34.8874760Z From https://github.com/tardis-sn/tardis-regression-data
2025-01-27T11:26:34.8876480Z  * [new branch]      main       -> origin/main
2025-01-27T11:26:34.8904523Z ##[endgroup]
2025-01-27T11:26:34.8905108Z ##[group]Determining the checkout info
2025-01-27T11:26:34.8905637Z ##[endgroup]
2025-01-27T11:26:34.8909032Z [command]/usr/bin/git sparse-checkout disable
2025-01-27T11:26:34.8945170Z [command]/usr/bin/git config --local --unset-all extensions.worktreeConfig
2025-01-27T11:26:34.8971461Z ##[group]Checking out the ref
2025-01-27T11:26:34.8975452Z [command]/usr/bin/git checkout --progress --force -B main refs/remotes/origin/main
2025-01-27T11:26:35.0226687Z Switched to a new branch 'main'
2025-01-27T11:26:35.0229030Z branch 'main' set up to track 'origin/main'.
2025-01-27T11:26:35.0491679Z ##[endgroup]
2025-01-27T11:26:35.0531009Z [command]/usr/bin/git log -1 --format=%H
2025-01-27T11:26:35.0554506Z fa7729bc9c30e14b69acd641af8b692b56fcd416
2025-01-27T11:26:35.0690549Z ##[group]Run if [ "false" == "true" ]; then
2025-01-27T11:26:35.0690927Z [36;1mif [ "false" == "true" ]; then[0m
2025-01-27T11:26:35.0691218Z [36;1m  echo "Using atom data sparse checkout"[0m
2025-01-27T11:26:35.0691596Z [36;1m  echo "atom_data/kurucz_cd23_chianti_H_He.h5" > .lfs-files-list[0m
2025-01-27T11:26:35.0691918Z [36;1melse[0m
2025-01-27T11:26:35.0692515Z [36;1m  echo "Using full repository checkout"[0m
2025-01-27T11:26:35.0692920Z [36;1m  git lfs ls-files -l | cut -d' ' -f1 | sort > .lfs-files-list[0m
2025-01-27T11:26:35.0693259Z [36;1mfi[0m
2025-01-27T11:26:35.0726993Z shell: /usr/bin/bash --noprofile --norc -e -o pipefail {0}
2025-01-27T11:26:35.0727317Z env:
2025-01-27T11:26:35.0727485Z   CACHE_NUMBER: 0
2025-01-27T11:26:35.0728095Z   PYTEST_FLAGS: --tardis-regression-data=/home/runner/work/tardis/tardis/tardis-regression-data --cov=tardis --cov-report=xml --cov-report=html --cov-append
2025-01-27T11:26:35.0728739Z   CODECOV_TOKEN: 
2025-01-27T11:26:35.0729186Z ##[endgroup]
2025-01-27T11:26:35.0797515Z Using full repository checkout
2025-01-27T11:26:35.2055883Z ##[group]Run actions/cache/restore@v4
2025-01-27T11:26:35.2056165Z with:
2025-01-27T11:26:35.2056360Z   path: tardis-regression-data/.git/lfs
2025-01-27T11:26:35.2057059Z   key: tardis-regression-full-data-21f9fa4b6817cc69b9fae3598144724da7828e276a73bd17f47a2a49d9af090a-tardis-sn/tardis-regression-data-v1
2025-01-27T11:26:35.2057739Z   fail-on-cache-miss: true
2025-01-27T11:26:35.2058179Z   enableCrossOsArchive: false
2025-01-27T11:26:35.2058420Z   lookup-only: false
2025-01-27T11:26:35.2058620Z env:
2025-01-27T11:26:35.2058781Z   CACHE_NUMBER: 0
2025-01-27T11:26:35.2059437Z   PYTEST_FLAGS: --tardis-regression-data=/home/runner/work/tardis/tardis/tardis-regression-data --cov=tardis --cov-report=xml --cov-report=html --cov-append
2025-01-27T11:26:35.2060157Z   CODECOV_TOKEN: 
2025-01-27T11:26:35.2060348Z ##[endgroup]
2025-01-27T11:26:35.6927943Z ##[error]Failed to restore cache entry. Exiting as fail-on-cache-miss is set. Input key: tardis-regression-full-data-21f9fa4b6817cc69b9fae3598144724da7828e276a73bd17f47a2a49d9af090a-tardis-sn/tardis-regression-data-v1
2025-01-27T11:26:35.7101706Z Post job cleanup.
2025-01-27T11:26:35.7142858Z Post job cleanup.
2025-01-27T11:26:35.8067231Z [command]/usr/bin/git version
2025-01-27T11:26:35.8103537Z git version 2.48.1
2025-01-27T11:26:35.8153572Z Temporarily overriding HOME='/home/runner/work/_temp/ca8e689f-d95b-4374-9a5e-ee36359d26d1' before making global git config changes
2025-01-27T11:26:35.8158981Z Adding repository directory to the temporary git global config as a safe directory
2025-01-27T11:26:35.8160127Z [command]/usr/bin/git config --global --add safe.directory /home/runner/work/tardis/tardis/tardis-regression-data
2025-01-27T11:26:35.8194043Z [command]/usr/bin/git config --local --name-only --get-regexp core\.sshCommand
2025-01-27T11:26:35.8226142Z [command]/usr/bin/git submodule foreach --recursive sh -c "git config --local --name-only --get-regexp 'core\.sshCommand' && git config --local --unset-all 'core.sshCommand' || :"
2025-01-27T11:26:35.8451182Z [command]/usr/bin/git config --local --name-only --get-regexp http\.https\:\/\/github\.com\/\.extraheader
2025-01-27T11:26:35.8471726Z http.https://github.com/.extraheader
2025-01-27T11:26:35.8484412Z [command]/usr/bin/git config --local --unset-all http.https://github.com/.extraheader
2025-01-27T11:26:35.8514533Z [command]/usr/bin/git submodule foreach --recursive sh -c "git config --local --name-only --get-regexp 'http\.https\:\/\/github\.com\/\.extraheader' && git config --local --unset-all 'http.https://github.com/.extraheader' || :"
2025-01-27T11:26:35.8847796Z Post job cleanup.
2025-01-27T11:26:35.9783414Z [command]/usr/bin/git version
2025-01-27T11:26:35.9824568Z git version 2.48.1
2025-01-27T11:26:35.9876012Z Temporarily overriding HOME='/home/runner/work/_temp/0480292c-7ca2-44da-89f9-2693a5ac3b27' before making global git config changes
2025-01-27T11:26:35.9877484Z Adding repository directory to the temporary git global config as a safe directory
2025-01-27T11:26:35.9881834Z [command]/usr/bin/git config --global --add safe.directory /home/runner/work/tardis/tardis
2025-01-27T11:26:35.9916230Z [command]/usr/bin/git config --local --name-only --get-regexp core\.sshCommand
2025-01-27T11:26:35.9949550Z [command]/usr/bin/git submodule foreach --recursive sh -c "git config --local --name-only --get-regexp 'core\.sshCommand' && git config --local --unset-all 'core.sshCommand' || :"
2025-01-27T11:26:36.0195348Z [command]/usr/bin/git config --local --name-only --get-regexp http\.https\:\/\/github\.com\/\.extraheader
2025-01-27T11:26:36.0217851Z http.https://github.com/.extraheader
2025-01-27T11:26:36.0231690Z [command]/usr/bin/git config --local --unset-all http.https://github.com/.extraheader
2025-01-27T11:26:36.0264982Z [command]/usr/bin/git submodule foreach --recursive sh -c "git config --local --name-only --get-regexp 'http\.https\:\/\/github\.com\/\.extraheader' && git config --local --unset-all 'http.https://github.com/.extraheader' || :"
2025-01-27T11:26:36.0616007Z Cleaning up orphan processes
