2025-02-03T13:58:12.0975710Z Prepare all required actions
2025-02-03T13:58:12.0976020Z Getting action download info
2025-02-03T13:58:12.2214610Z Download action repository 'mamba-org/setup-micromamba@v1' (SHA:4b9113af4fba0e9e1124b252dd6497a419e7396d)
2025-02-03T13:58:13.3004950Z ##[group]Run ./.github/actions/setup_env
2025-02-03T13:58:13.3005210Z with:
2025-02-03T13:58:13.3005350Z   os-label: osx-arm64
2025-02-03T13:58:13.3005510Z env:
2025-02-03T13:58:13.3005640Z   CACHE_NUMBER: 0
2025-02-03T13:58:13.3006130Z   PYTEST_FLAGS: --tardis-regression-data=/Users/runner/work/tardis/tardis/tardis-regression-data --cov=tardis --cov-report=xml --cov-report=html --cov-append
2025-02-03T13:58:13.3006660Z   CODECOV_TOKEN: 
2025-02-03T13:58:13.3006810Z ##[endgroup]
2025-02-03T13:58:13.3027000Z ##[group]Run file_hash=$(cat conda-osx-arm64.lock | shasum -a 256 | cut -d' ' -f1)
2025-02-03T13:58:13.3027440Z [36;1mfile_hash=$(cat conda-osx-arm64.lock | shasum -a 256 | cut -d' ' -f1)[0m
2025-02-03T13:58:13.3027960Z [36;1mecho "file_hash=tardis-conda-env-osx-arm64-${file_hash}-v1" >> "${GITHUB_OUTPUT}"[0m
2025-02-03T13:58:13.3093550Z shell: /bin/bash --noprofile --norc -e -o pipefail {0}
2025-02-03T13:58:13.3094270Z env:
2025-02-03T13:58:13.3094640Z   CACHE_NUMBER: 0
2025-02-03T13:58:13.3095940Z   PYTEST_FLAGS: --tardis-regression-data=/Users/runner/work/tardis/tardis/tardis-regression-data --cov=tardis --cov-report=xml --cov-report=html --cov-append
2025-02-03T13:58:13.3097330Z   CODECOV_TOKEN: 
2025-02-03T13:58:13.3097730Z ##[endgroup]
2025-02-03T13:58:13.4421800Z ##[group]Run mamba-org/setup-micromamba@v1
2025-02-03T13:58:13.4422090Z with:
2025-02-03T13:58:13.4422390Z   environment-file: conda-osx-arm64.lock
2025-02-03T13:58:13.4422900Z   cache-environment-key: tardis-conda-env-osx-arm64-bf0d0a4d4c847cca72476c6c68c493d56c484aada7e80de0e42c7607fcef5824-v1
2025-02-03T13:58:13.4423610Z   cache-downloads-key: tardis-conda-env-osx-arm64-bf0d0a4d4c847cca72476c6c68c493d56c484aada7e80de0e42c7607fcef5824-v1
2025-02-03T13:58:13.4424130Z   environment-name: tardis
2025-02-03T13:58:13.4424330Z   cache-environment: true
2025-02-03T13:58:13.4424530Z   cache-downloads: true
2025-02-03T13:58:13.4424700Z env:
2025-02-03T13:58:13.4424850Z   CACHE_NUMBER: 0
2025-02-03T13:58:13.4425340Z   PYTEST_FLAGS: --tardis-regression-data=/Users/runner/work/tardis/tardis/tardis-regression-data --cov=tardis --cov-report=xml --cov-report=html --cov-append
2025-02-03T13:58:13.4425850Z   CODECOV_TOKEN: 
2025-02-03T13:58:13.4425990Z ##[endgroup]
2025-02-03T13:58:13.6112320Z Will download micromamba to /Users/runner/micromamba-bin/micromamba
2025-02-03T13:58:13.6617170Z ##[group]Install micromamba
2025-02-03T13:58:14.3549750Z micromamba installed to /Users/runner/micromamba-bin/micromamba
2025-02-03T13:58:14.3551080Z ##[endgroup]
2025-02-03T13:58:14.3552100Z Adding conda-forge to condarc channels ...
2025-02-03T13:58:14.3562240Z ##[group]Initialize micromamba for bash.
2025-02-03T13:58:14.3586790Z [command]/Users/runner/micromamba-bin/micromamba shell init -s bash -r /Users/runner/micromamba --log-level warning --rc-file /Users/runner/work/_temp/setup-micromamba/.condarc
2025-02-03T13:58:14.3800110Z Modifying RC file "/Users/runner/.bash_profile"
2025-02-03T13:58:14.3801540Z Generating config for root prefix [1m"/Users/runner/micromamba"[0m
2025-02-03T13:58:14.3803290Z Setting mamba executable to: [1m"/Users/runner/micromamba-bin/micromamba"[0m
2025-02-03T13:58:14.3804020Z Adding (or replacing) the following in your "/Users/runner/.bash_profile" file
2025-02-03T13:58:14.3804340Z 
2025-02-03T13:58:14.3804480Z # >>> mamba initialize >>>
2025-02-03T13:58:14.3804770Z # !! Contents within this block are managed by 'mamba init' !!
2025-02-03T13:58:14.3805170Z export MAMBA_EXE='/Users/runner/micromamba-bin/micromamba';
2025-02-03T13:58:14.3805590Z export MAMBA_ROOT_PREFIX='/Users/runner/micromamba';
2025-02-03T13:58:14.3806050Z __mamba_setup="$("$MAMBA_EXE" shell hook --shell bash --root-prefix "$MAMBA_ROOT_PREFIX" 2> /dev/null)"
2025-02-03T13:58:14.3806610Z if [ $? -eq 0 ]; then
2025-02-03T13:58:14.3808060Z     eval "$__mamba_setup"
2025-02-03T13:58:14.3808290Z else
2025-02-03T13:58:14.3808590Z     alias micromamba="$MAMBA_EXE"  # Fallback on help from mamba activate
2025-02-03T13:58:14.3809010Z fi
2025-02-03T13:58:14.3809220Z unset __mamba_setup
2025-02-03T13:58:14.3809440Z # <<< mamba initialize <<<
2025-02-03T13:58:14.3809630Z 
2025-02-03T13:58:14.3839580Z ##[endgroup]
2025-02-03T13:58:14.3840660Z ##[group]Restoring downloads from `/Users/runner/micromamba/pkgs` ...
2025-02-03T13:58:15.7306510Z Received 29360128 of 310594474 (9.5%), 28.0 MBs/sec
2025-02-03T13:58:16.7278760Z Received 92274688 of 310594474 (29.7%), 43.9 MBs/sec
2025-02-03T13:58:17.7276090Z Received 138412032 of 310594474 (44.6%), 43.9 MBs/sec
2025-02-03T13:58:18.7284590Z Received 209715200 of 310594474 (67.5%), 50.0 MBs/sec
2025-02-03T13:58:19.7290010Z Received 272629760 of 310594474 (87.8%), 51.9 MBs/sec
2025-02-03T13:58:20.2606530Z Cache Size: ~296 MB (310594474 B)
2025-02-03T13:58:20.2706250Z [command]/opt/homebrew/bin/gtar -xf /Users/runner/work/_temp/f2b6646f-d0b1-42ae-adfe-f05aaa2eee9c/cache.tzst -P -C /Users/runner/work/tardis/tardis --delay-directory-restore --use-compress-program unzstd
2025-02-03T13:58:20.7313070Z Received 310594474 of 310594474 (100.0%), 49.3 MBs/sec
2025-02-03T13:58:20.8555380Z Cache restored successfully
2025-02-03T13:58:20.8589760Z Restored cache with key `tardis-conda-env-osx-arm64-bf0d0a4d4c847cca72476c6c68c493d56c484aada7e80de0e42c7607fcef5824-v1-osx-arm64`
2025-02-03T13:58:20.8590880Z ##[endgroup]
2025-02-03T13:58:20.8598620Z ##[group]Restoring environment `tardis` from `/Users/runner/micromamba/envs/tardis` ...
2025-02-03T13:58:22.2484680Z Received 33554432 of 385513979 (8.7%), 32.0 MBs/sec
2025-02-03T13:58:23.2360410Z Received 96468992 of 385513979 (25.0%), 46.0 MBs/sec
2025-02-03T13:58:24.2359890Z Received 167772160 of 385513979 (43.5%), 53.3 MBs/sec
2025-02-03T13:58:25.2370760Z Received 218103808 of 385513979 (56.6%), 52.0 MBs/sec
2025-02-03T13:58:26.2430340Z Received 306184192 of 385513979 (79.4%), 58.4 MBs/sec
2025-02-03T13:58:27.2396640Z Received 352321536 of 385513979 (91.4%), 56.0 MBs/sec
2025-02-03T13:58:27.5143290Z Cache Size: ~368 MB (385513979 B)
2025-02-03T13:58:27.5219820Z [command]/opt/homebrew/bin/gtar -xf /Users/runner/work/_temp/39c15aab-0353-4b15-8f00-e64e06c118e3/cache.tzst -P -C /Users/runner/work/tardis/tardis --delay-directory-restore --use-compress-program unzstd
2025-02-03T13:58:28.2406510Z Received 385513979 of 385513979 (100.0%), 52.5 MBs/sec
2025-02-03T13:58:42.3105250Z Cache restored successfully
2025-02-03T13:58:42.3165130Z Restored cache with key `tardis-conda-env-osx-arm64-bf0d0a4d4c847cca72476c6c68c493d56c484aada7e80de0e42c7607fcef5824-v1-osx-arm64-tardis-args-4f53cda-root-873f6fe-bin-[object Promise]-file-bf0d0a4d4c847cca72476c6c68c493d56c484aada7e80de0e42c7607fcef5824`
2025-02-03T13:58:42.3168510Z ##[endgroup]
2025-02-03T13:58:42.3169390Z Adding environment tardis to auto-activate bash ...
2025-02-03T13:58:42.3184570Z Generating micromamba run shell.
2025-02-03T13:58:42.3202480Z ##[endgroup]
2025-02-03T13:58:42.3212860Z Set environment variables.
2025-02-03T13:58:42.3222630Z ##[group]micromamba info
2025-02-03T13:58:42.3228750Z [command]/Users/runner/micromamba-bin/micromamba info -r /Users/runner/micromamba -n tardis
2025-02-03T13:58:42.8460310Z 
2025-02-03T13:58:42.8460980Z        libmamba version : 1.5.10
2025-02-03T13:58:42.8461310Z      micromamba version : 1.5.10
2025-02-03T13:58:42.8461820Z            curl version : libcurl/8.10.1 (OpenSSL/3.3.2) SecureTransport zlib/1.3.1 zstd/1.5.6 libssh2/1.11.0 nghttp2/1.58.0
2025-02-03T13:58:42.8462340Z      libarchive version : libarchive 3.7.4 zlib/1.2.13 bz2lib/1.0.8 libzstd/1.5.6
2025-02-03T13:58:42.8462800Z        envs directories : /Users/runner/micromamba/envs
2025-02-03T13:58:42.8463120Z           package cache : /Users/runner/micromamba/pkgs
2025-02-03T13:58:42.8463520Z                           /Users/runner/.mamba/pkgs
2025-02-03T13:58:42.8463790Z             environment : tardis
2025-02-03T13:58:42.8464150Z            env location : /Users/runner/micromamba/envs/tardis
2025-02-03T13:58:42.8487520Z       user config files : /Users/runner/.mambarc
2025-02-03T13:58:42.8488000Z  populated config files : /Users/runner/work/_temp/setup-micromamba/.condarc
2025-02-03T13:58:42.8488430Z        virtual packages : __unix=0=0
2025-02-03T13:58:42.8488710Z                           __osx=14.7.2=0
2025-02-03T13:58:42.8489100Z                           __archspec=1=arm64
2025-02-03T13:58:42.8489850Z                channels : https://conda.anaconda.org/conda-forge/osx-arm64
2025-02-03T13:58:42.8490340Z                           https://conda.anaconda.org/conda-forge/noarch
2025-02-03T13:58:42.8490670Z        base environment : /Users/runner/micromamba
2025-02-03T13:58:42.8491110Z                platform : osx-arm64
2025-02-03T13:58:42.8491670Z ##[endgroup]
2025-02-03T13:58:42.8492050Z ##[group]micromamba list
2025-02-03T13:58:42.8492730Z [command]/Users/runner/micromamba-bin/micromamba list -r /Users/runner/micromamba -n tardis
2025-02-03T13:58:43.2767380Z List of packages in environment: "/Users/runner/micromamba/envs/tardis"
2025-02-03T13:58:43.2771770Z 
2025-02-03T13:58:43.2772220Z   Name                           Version              Build                    Channel    
2025-02-03T13:58:43.2777030Z â”€â”€â”€â”€â”€â”€â”€â”€â”€â”€â”€â”€â”€â”€â”€â”€â”€â”€â”€â”€â”€â”€â”€â”€â”€â”€â”€â”€â”€â”€â”€â”€â”€â”€â”€â”€â”€â”€â”€â”€â”€â”€â”€â”€â”€â”€â”€â”€â”€â”€â”€â”€â”€â”€â”€â”€â”€â”€â”€â”€â”€â”€â”€â”€â”€â”€â”€â”€â”€â”€â”€â”€â”€â”€â”€â”€â”€â”€â”€â”€â”€â”€â”€â”€â”€â”€â”€â”€â”€â”€â”€â”€
2025-02-03T13:58:43.2778400Z   alabaster                      0.7.16               pyhd8ed1ab_0             conda-forge
2025-02-03T13:58:43.2779320Z   anyio                          4.4.0                pyhd8ed1ab_0             conda-forge
2025-02-03T13:58:43.2780500Z   appnope                        0.1.4                pyhd8ed1ab_0             conda-forge
2025-02-03T13:58:43.2781420Z   argon2-cffi                    23.1.0               pyhd8ed1ab_0             conda-forge
2025-02-03T13:58:43.2782610Z   argon2-cffi-bindings           21.2.0               py312h02f2b3b_4          conda-forge
2025-02-03T13:58:43.2783670Z   arrow                          1.3.0                pyhd8ed1ab_0             conda-forge
2025-02-03T13:58:43.2784910Z   astropy                        6.1.1                py312hbebd99a_0          conda-forge
2025-02-03T13:58:43.2786220Z   astropy-iers-data              0.2024.6.17.0.31.35  pyhd8ed1ab_0             conda-forge
2025-02-03T13:58:43.2787390Z   astropy-sphinx-theme           1.1                  pyhd8ed1ab_0             conda-forge
2025-02-03T13:58:43.2788540Z   asttokens                      2.4.1                pyhd8ed1ab_0             conda-forge
2025-02-03T13:58:43.2789470Z   async-lru                      2.0.4                pyhd8ed1ab_0             conda-forge
2025-02-03T13:58:43.2790610Z   atk-1.0                        2.38.0               hd03087b_2               conda-forge
2025-02-03T13:58:43.2791510Z   attrs                          23.2.0               pyh71513ae_0             conda-forge
2025-02-03T13:58:43.2792490Z   babel                          2.14.0               pyhd8ed1ab_0             conda-forge
2025-02-03T13:58:43.2795110Z   beautifulsoup4                 4.12.3               pyha770c72_0             conda-forge
2025-02-03T13:58:43.2797620Z   bleach                         6.1.0                pyhd8ed1ab_0             conda-forge
2025-02-03T13:58:43.2798470Z   blosc                          1.21.5               h9c252e8_1               conda-forge
2025-02-03T13:58:43.2799570Z   brotli                         1.1.0                hb547adb_1               conda-forge
2025-02-03T13:58:43.2800420Z   brotli-bin                     1.1.0                hb547adb_1               conda-forge
2025-02-03T13:58:43.2801490Z   brotli-python                  1.1.0                py312h9f69965_1          conda-forge
2025-02-03T13:58:43.2802520Z   bzip2                          1.0.8                h93a5062_5               conda-forge
2025-02-03T13:58:43.2803590Z   c-ares                         1.28.1               h93a5062_0               conda-forge
2025-02-03T13:58:43.2804640Z   c-blosc2                       2.14.4               ha57e6be_1               conda-forge
2025-02-03T13:58:43.2806200Z   ca-certificates                2024.6.2             hf0a4a13_0               conda-forge
2025-02-03T13:58:43.2851420Z   cached-property                1.5.2                hd8ed1ab_1               conda-forge
2025-02-03T13:58:43.2851840Z   cached_property                1.5.2                pyha770c72_1             conda-forge
2025-02-03T13:58:43.2852310Z   cairo                          1.18.0               hd1e100b_0               conda-forge
2025-02-03T13:58:43.2852640Z   certifi                        2024.6.2             pyhd8ed1ab_0             conda-forge
2025-02-03T13:58:43.2853090Z   cffi                           1.16.0               py312h8e38eb3_0          conda-forge
2025-02-03T13:58:43.2853530Z   charset-normalizer             3.3.2                pyhd8ed1ab_0             conda-forge
2025-02-03T13:58:43.2853920Z   click                          8.1.7                unix_pyh707e725_0        conda-forge
2025-02-03T13:58:43.2854440Z   codespell                      2.3.0                pyhd8ed1ab_0             conda-forge
2025-02-03T13:58:43.2854850Z   colorama                       0.4.6                pyhd8ed1ab_0             conda-forge
2025-02-03T13:58:43.2855230Z   comm                           0.2.2                pyhd8ed1ab_0             conda-forge
2025-02-03T13:58:43.2855660Z   commonmark                     0.9.1                py_0                     conda-forge
2025-02-03T13:58:43.2855970Z   contourpy                      1.2.1                py312h0fef576_0          conda-forge
2025-02-03T13:58:43.2856280Z   coverage                       7.5.3                py312h7e5086c_0          conda-forge
2025-02-03T13:58:43.2856680Z   cycler                         0.12.1               pyhd8ed1ab_0             conda-forge
2025-02-03T13:58:43.2857110Z   dataclasses                    0.8                  pyhc8e2a94_3             conda-forge
2025-02-03T13:58:43.2857540Z   debugpy                        1.8.1                py312h20a0b95_0          conda-forge
2025-02-03T13:58:43.2857900Z   decorator                      5.1.1                pyhd8ed1ab_0             conda-forge
2025-02-03T13:58:43.2858260Z   defusedxml                     0.7.1                pyhd8ed1ab_0             conda-forge
2025-02-03T13:58:43.2858690Z   docutils                       0.20.1               py312h81bd7bf_3          conda-forge
2025-02-03T13:58:43.2859130Z   dot2tex                        2.11.3               pyhd8ed1ab_0             conda-forge
2025-02-03T13:58:43.2859510Z   entrypoints                    0.4                  pyhd8ed1ab_0             conda-forge
2025-02-03T13:58:43.2860000Z   exceptiongroup                 1.2.0                pyhd8ed1ab_2             conda-forge
2025-02-03T13:58:43.2860380Z   executing                      2.0.1                pyhd8ed1ab_0             conda-forge
2025-02-03T13:58:43.2860800Z   expat                          2.6.2                hebf3989_0               conda-forge
2025-02-03T13:58:43.2861470Z   font-ttf-dejavu-sans-mono      2.37                 hab24e00_0               conda-forge
2025-02-03T13:58:43.2862000Z   font-ttf-inconsolata           3.000                h77eed37_0               conda-forge
2025-02-03T13:58:43.2862440Z   font-ttf-source-code-pro       2.038                h77eed37_0               conda-forge
2025-02-03T13:58:43.2862960Z   font-ttf-ubuntu                0.83                 h77eed37_2               conda-forge
2025-02-03T13:58:43.2863430Z   fontconfig                     2.14.2               h82840c6_0               conda-forge
2025-02-03T13:58:43.2863890Z   fonts-conda-ecosystem          1                    0                        conda-forge
2025-02-03T13:58:43.2864370Z   fonts-conda-forge              1                    0                        conda-forge
2025-02-03T13:58:43.2864850Z   fonttools                      4.53.0               py312h7e5086c_0          conda-forge
2025-02-03T13:58:43.2865210Z   fqdn                           1.5.1                pyhd8ed1ab_0             conda-forge
2025-02-03T13:58:43.2865780Z   freetype                       2.12.1               hadb7bae_2               conda-forge
2025-02-03T13:58:43.2866080Z   fribidi                        1.0.10               h27ca646_0               conda-forge
2025-02-03T13:58:43.2866380Z   future                         1.0.0                pyhd8ed1ab_0             conda-forge
2025-02-03T13:58:43.2866690Z   gdk-pixbuf                     2.42.12              h7ddc832_0               conda-forge
2025-02-03T13:58:43.2866990Z   gettext                        0.22.5               h8fbad5d_2               conda-forge
2025-02-03T13:58:43.2867320Z   gettext-tools                  0.22.5               h8fbad5d_2               conda-forge
2025-02-03T13:58:43.2867650Z   giflib                         5.2.2                h93a5062_0               conda-forge
2025-02-03T13:58:43.2867940Z   git-lfs                        3.5.1                hce30654_0               conda-forge
2025-02-03T13:58:43.2868340Z   gmp                            6.3.0                hebf3989_1               conda-forge
2025-02-03T13:58:43.2868700Z   gmpy2                          2.1.5                py312hfa9fade_1          conda-forge
2025-02-03T13:58:43.2869000Z   graphite2                      1.3.13               hebf3989_1003            conda-forge
2025-02-03T13:58:43.2869310Z   graphviz                       11.0.0               h9bb9bc9_0               conda-forge
2025-02-03T13:58:43.2869670Z   gtk2                           2.24.33              h7895bb2_4               conda-forge
2025-02-03T13:58:43.2870090Z   gts                            0.7.6                he42f4ea_4               conda-forge
2025-02-03T13:58:43.2870490Z   h11                            0.14.0               pyhd8ed1ab_0             conda-forge
2025-02-03T13:58:43.2870910Z   h2                             4.1.0                pyhd8ed1ab_0             conda-forge
2025-02-03T13:58:43.2871260Z   h5py                           3.11.0               nompi_py312h903599c_102  conda-forge
2025-02-03T13:58:43.2871560Z   harfbuzz                       8.5.0                h1836168_0               conda-forge
2025-02-03T13:58:43.2871850Z   hdf5                           1.14.3               nompi_hec07895_105       conda-forge
2025-02-03T13:58:43.2872190Z   hpack                          4.0.0                pyh9f0ad1d_0             conda-forge
2025-02-03T13:58:43.2872560Z   httpcore                       1.0.5                pyhd8ed1ab_0             conda-forge
2025-02-03T13:58:43.2872860Z   httpx                          0.27.0               pyhd8ed1ab_0             conda-forge
2025-02-03T13:58:43.2873240Z   hyperframe                     6.0.1                pyhd8ed1ab_0             conda-forge
2025-02-03T13:58:43.2873540Z   icu                            73.2                 hc8870d7_0               conda-forge
2025-02-03T13:58:43.2873810Z   idna                           3.7                  pyhd8ed1ab_0             conda-forge
2025-02-03T13:58:43.2874240Z   imagesize                      1.4.1                pyhd8ed1ab_0             conda-forge
2025-02-03T13:58:43.2874580Z   importlib-metadata             7.1.0                pyha770c72_0             conda-forge
2025-02-03T13:58:43.2874930Z   importlib_metadata             7.1.0                hd8ed1ab_0               conda-forge
2025-02-03T13:58:43.2875420Z   importlib_resources            6.4.0                pyhd8ed1ab_0             conda-forge
2025-02-03T13:58:43.2875790Z   iniconfig                      2.0.0                pyhd8ed1ab_0             conda-forge
2025-02-03T13:58:43.2876100Z   ipykernel                      6.29.4               pyh57ce528_0             conda-forge
2025-02-03T13:58:43.2876520Z   ipython                        8.25.0               pyh707e725_0             conda-forge
2025-02-03T13:58:43.2876840Z   ipython_genutils               0.2.0                pyhd8ed1ab_1             conda-forge
2025-02-03T13:58:43.2877280Z   ipywidgets                     7.8.0                pyhd8ed1ab_0             conda-forge
2025-02-03T13:58:43.2878030Z   isoduration                    20.11.0              pyhd8ed1ab_0             conda-forge
2025-02-03T13:58:43.2878440Z   jedi                           0.19.1               pyhd8ed1ab_0             conda-forge
2025-02-03T13:58:43.2878740Z   jinja2                         3.1.4                pyhd8ed1ab_0             conda-forge
2025-02-03T13:58:43.2879030Z   json5                          0.9.25               pyhd8ed1ab_0             conda-forge
2025-02-03T13:58:43.2879390Z   jsonpointer                    3.0.0                py312h81bd7bf_0          conda-forge
2025-02-03T13:58:43.2879860Z   jsonschema                     4.22.0               pyhd8ed1ab_0             conda-forge
2025-02-03T13:58:43.2880300Z   jsonschema-specifications      2023.12.1            pyhd8ed1ab_0             conda-forge
2025-02-03T13:58:43.2880810Z   jsonschema-with-format-nongpl  4.22.0               pyhd8ed1ab_0             conda-forge
2025-02-03T13:58:43.2881290Z   jupyter-lsp                    2.2.5                pyhd8ed1ab_0             conda-forge
2025-02-03T13:58:43.2881680Z   jupyter_client                 8.6.2                pyhd8ed1ab_0             conda-forge
2025-02-03T13:58:43.2882110Z   jupyter_core                   5.7.2                py312h81bd7bf_0          conda-forge
2025-02-03T13:58:43.2882470Z   jupyter_events                 0.10.0               pyhd8ed1ab_0             conda-forge
2025-02-03T13:58:43.2882880Z   jupyter_server                 2.14.1               pyhd8ed1ab_0             conda-forge
2025-02-03T13:58:43.2883260Z   jupyter_server_terminals       0.5.3                pyhd8ed1ab_0             conda-forge
2025-02-03T13:58:43.2883690Z   jupyterlab                     4.2.2                pyhd8ed1ab_0             conda-forge
2025-02-03T13:58:43.2884160Z   jupyterlab_pygments            0.3.0                pyhd8ed1ab_1             conda-forge
2025-02-03T13:58:43.2884580Z   jupyterlab_server              2.27.2               pyhd8ed1ab_0             conda-forge
2025-02-03T13:58:43.2885020Z   jupyterlab_widgets             1.1.7                pyhd8ed1ab_0             conda-forge
2025-02-03T13:58:43.2885390Z   kiwisolver                     1.4.5                py312h389731b_1          conda-forge
2025-02-03T13:58:43.2885770Z   krb5                           1.21.2               h92f50d5_0               conda-forge
2025-02-03T13:58:43.2886130Z   latexcodec                     2.0.1                pyh9f0ad1d_0             conda-forge
2025-02-03T13:58:43.2886510Z   lcms2                          2.16                 ha0e7c42_0               conda-forge
2025-02-03T13:58:43.2886890Z   lerc                           4.0.0                h9a09cb3_0               conda-forge
2025-02-03T13:58:43.2887200Z   libaec                         1.1.3                hebf3989_0               conda-forge
2025-02-03T13:58:43.2887620Z   libasprintf                    0.22.5               h8fbad5d_2               conda-forge
2025-02-03T13:58:43.2888090Z   libasprintf-devel              0.22.5               h8fbad5d_2               conda-forge
2025-02-03T13:58:43.2888540Z   libblas                        3.9.0                22_osxarm64_openblas     conda-forge
2025-02-03T13:58:43.2888960Z   libbrotlicommon                1.1.0                hb547adb_1               conda-forge
2025-02-03T13:58:43.2889400Z   libbrotlidec                   1.1.0                hb547adb_1               conda-forge
2025-02-03T13:58:43.2889760Z   libbrotlienc                   1.1.0                hb547adb_1               conda-forge
2025-02-03T13:58:43.2890180Z   libcblas                       3.9.0                22_osxarm64_openblas     conda-forge
2025-02-03T13:58:43.2890530Z   libcurl                        8.8.0                h7b6f9a7_0               conda-forge
2025-02-03T13:58:43.2890960Z   libcxx                         17.0.6               h5f092b4_0               conda-forge
2025-02-03T13:58:43.2891250Z   libdeflate                     1.20                 h93a5062_0               conda-forge
2025-02-03T13:58:43.2891700Z   libedit                        3.1.20191231         hc8eb9b7_2               conda-forge
2025-02-03T13:58:43.2892080Z   libev                          4.33                 h93a5062_2               conda-forge
2025-02-03T13:58:43.2892410Z   libexpat                       2.6.2                hebf3989_0               conda-forge
2025-02-03T13:58:43.2892780Z   libffi                         3.4.2                h3422bc3_5               conda-forge
2025-02-03T13:58:43.2893100Z   libgd                          2.3.3                hfdf3952_9               conda-forge
2025-02-03T13:58:43.2893490Z   libgettextpo                   0.22.5               h8fbad5d_2               conda-forge
2025-02-03T13:58:43.2893870Z   libgettextpo-devel             0.22.5               h8fbad5d_2               conda-forge
2025-02-03T13:58:43.2894230Z   libgfortran                    5.0.0                13_2_0_hd922786_3        conda-forge
2025-02-03T13:58:43.2894590Z   libgfortran5                   13.2.0               hf226fd6_3               conda-forge
2025-02-03T13:58:43.2894980Z   libglib                        2.80.2               h59d46d9_1               conda-forge
2025-02-03T13:58:43.2895310Z   libiconv                       1.17                 h0d3ecfb_2               conda-forge
2025-02-03T13:58:43.2895700Z   libintl                        0.22.5               h8fbad5d_2               conda-forge
2025-02-03T13:58:43.2896050Z   libintl-devel                  0.22.5               h8fbad5d_2               conda-forge
2025-02-03T13:58:43.2896470Z   libjpeg-turbo                  3.0.0                hb547adb_1               conda-forge
2025-02-03T13:58:43.2896860Z   liblapack                      3.9.0                22_osxarm64_openblas     conda-forge
2025-02-03T13:58:43.2897230Z   libllvm14                      14.0.6               hd1a9a77_4               conda-forge
2025-02-03T13:58:43.2897620Z   libnghttp2                     1.58.0               ha4dd798_1               conda-forge
2025-02-03T13:58:43.2897980Z   libopenblas                    0.3.27               openmp_h6c19121_0        conda-forge
2025-02-03T13:58:43.2898350Z   libpng                         1.6.43               h091b4b1_0               conda-forge
2025-02-03T13:58:43.2898670Z   librsvg                        2.58.1               hbc281fb_0               conda-forge
2025-02-03T13:58:43.2899060Z   libsodium                      1.0.18               h27ca646_1               conda-forge
2025-02-03T13:58:43.2899400Z   libsqlite                      3.46.0               hfb93653_0               conda-forge
2025-02-03T13:58:43.2899800Z   libssh2                        1.11.0               h7a5bd25_0               conda-forge
2025-02-03T13:58:43.2900130Z   libtiff                        4.6.0                h07db509_3               conda-forge
2025-02-03T13:58:43.2900510Z   libwebp                        1.4.0                h54798ee_0               conda-forge
2025-02-03T13:58:43.2901050Z   libwebp-base                   1.4.0                h93a5062_0               conda-forge
2025-02-03T13:58:43.2901530Z   libxcb                         1.16                 hf2054a2_0               conda-forge
2025-02-03T13:58:43.2901860Z   libxml2                        2.12.7               ha661575_1               conda-forge
2025-02-03T13:58:43.2902240Z   libxslt                        1.1.39               h223e5b9_0               conda-forge
2025-02-03T13:58:43.2902670Z   libzlib                        1.3.1                hfb2fe0b_1               conda-forge
2025-02-03T13:58:43.2903020Z   llvm-openmp                    18.1.7               hde57baf_0               conda-forge
2025-02-03T13:58:43.2903400Z   llvmlite                       0.42.0               py312h17030e7_1          conda-forge
2025-02-03T13:58:43.2903690Z   lxml                           5.2.2                py312h0e5ab22_0          conda-forge
2025-02-03T13:58:43.2903960Z   lz4-c                          1.9.4                hb7217d7_0               conda-forge
2025-02-03T13:58:43.2904450Z   markupsafe                     2.1.5                py312he37b823_0          conda-forge
2025-02-03T13:58:43.2904930Z   matplotlib-base                3.8.4                py312h4479663_2          conda-forge
2025-02-03T13:58:43.2905320Z   matplotlib-inline              0.1.7                pyhd8ed1ab_0             conda-forge
2025-02-03T13:58:43.2905750Z   mistune                        3.0.2                pyhd8ed1ab_0             conda-forge
2025-02-03T13:58:43.2906080Z   mpc                            1.3.1                h91ba8db_0               conda-forge
2025-02-03T13:58:43.2906440Z   mpfr                           4.2.1                h41d338b_1               conda-forge
2025-02-03T13:58:43.2906720Z   mpmath                         1.3.0                pyhd8ed1ab_0             conda-forge
2025-02-03T13:58:43.2907110Z   munkres                        1.1.4                pyh9f0ad1d_0             conda-forge
2025-02-03T13:58:43.2907520Z   mypy_extensions                1.0.0                pyha770c72_0             conda-forge
2025-02-03T13:58:43.2907840Z   nbclassic                      1.1.0                pyhd8ed1ab_0             conda-forge
2025-02-03T13:58:43.2908220Z   nbclient                       0.10.0               pyhd8ed1ab_0             conda-forge
2025-02-03T13:58:43.2908590Z   nbconvert                      7.16.4               hd8ed1ab_1               conda-forge
2025-02-03T13:58:43.2909010Z   nbconvert-core                 7.16.4               pyhd8ed1ab_1             conda-forge
2025-02-03T13:58:43.2909340Z   nbconvert-pandoc               7.16.4               hd8ed1ab_1               conda-forge
2025-02-03T13:58:43.2909820Z   nbformat                       5.10.4               pyhd8ed1ab_0             conda-forge
2025-02-03T13:58:43.2910120Z   nbsphinx                       0.9.4                pyhd8ed1ab_0             conda-forge
2025-02-03T13:58:43.2910510Z   ncurses                        6.5                  hb89a1cb_0               conda-forge
2025-02-03T13:58:43.2910920Z   nest-asyncio                   1.6.0                pyhd8ed1ab_0             conda-forge
2025-02-03T13:58:43.2911230Z   networkx                       3.3                  pyhd8ed1ab_1             conda-forge
2025-02-03T13:58:43.2911530Z   notebook                       7.2.1                pyhd8ed1ab_0             conda-forge
2025-02-03T13:58:43.2911940Z   notebook-shim                  0.2.4                pyhd8ed1ab_0             conda-forge
2025-02-03T13:58:43.2912260Z   numba                          0.59.1               py312hbaff935_0          conda-forge
2025-02-03T13:58:43.2912550Z   numexpr                        2.10.0               py312h8ae5369_0          conda-forge
2025-02-03T13:58:43.2912840Z   numpy                          1.26.4               py312h8442bc7_0          conda-forge
2025-02-03T13:58:43.2913130Z   numpydoc                       1.7.0                pyhd8ed1ab_1             conda-forge
2025-02-03T13:58:43.2913590Z   openjpeg                       2.5.2                h9f1df11_0               conda-forge
2025-02-03T13:58:43.2913890Z   openssl                        3.3.1                hfb2fe0b_0               conda-forge
2025-02-03T13:58:43.2914190Z   overrides                      7.7.0                pyhd8ed1ab_0             conda-forge
2025-02-03T13:58:43.2914490Z   packaging                      24.1                 pyhd8ed1ab_0             conda-forge
2025-02-03T13:58:43.2914790Z   pandas                         2.2.2                py312h8ae5369_1          conda-forge
2025-02-03T13:58:43.2915070Z   pandoc                         3.2                  hce30654_0               conda-forge
2025-02-03T13:58:43.2915370Z   pandocfilters                  1.5.0                pyhd8ed1ab_0             conda-forge
2025-02-03T13:58:43.2915670Z   pango                          1.54.0               h5cb9fbc_0               conda-forge
2025-02-03T13:58:43.2915950Z   parso                          0.8.4                pyhd8ed1ab_0             conda-forge
2025-02-03T13:58:43.2916240Z   pathspec                       0.12.1               pyhd8ed1ab_0             conda-forge
2025-02-03T13:58:43.2916670Z   pbr                            6.0.0                pyhd8ed1ab_0             conda-forge
2025-02-03T13:58:43.2916950Z   pcre2                          10.44                h297a79d_0               conda-forge
2025-02-03T13:58:43.2917230Z   pexpect                        4.9.0                pyhd8ed1ab_0             conda-forge
2025-02-03T13:58:43.2917540Z   pickleshare                    0.7.5                py_1003                  conda-forge
2025-02-03T13:58:43.2917850Z   pillow                         10.3.0               py312h39b1d8d_1          conda-forge
2025-02-03T13:58:43.2918130Z   pip                            24.0                 pyhd8ed1ab_0             conda-forge
2025-02-03T13:58:43.2918400Z   pixman                         0.43.4               hebf3989_0               conda-forge
2025-02-03T13:58:43.2918730Z   pkgutil-resolve-name           1.3.10               pyhd8ed1ab_1             conda-forge
2025-02-03T13:58:43.2919080Z   platformdirs                   4.2.2                pyhd8ed1ab_0             conda-forge
2025-02-03T13:58:43.2919380Z   plotly                         5.22.0               pyhd8ed1ab_0             conda-forge
2025-02-03T13:58:43.2919670Z   pluggy                         1.5.0                pyhd8ed1ab_0             conda-forge
2025-02-03T13:58:43.2919980Z   prometheus_client              0.20.0               pyhd8ed1ab_0             conda-forge
2025-02-03T13:58:43.2920320Z   prompt-toolkit                 3.0.47               pyha770c72_0             conda-forge
2025-02-03T13:58:43.2920620Z   psutil                         5.9.8                py312he37b823_0          conda-forge
2025-02-03T13:58:43.2920920Z   pthread-stubs                  0.4                  h27ca646_1001            conda-forge
2025-02-03T13:58:43.2921230Z   ptyprocess                     0.7.0                pyhd3deb0d_0             conda-forge
2025-02-03T13:58:43.2921540Z   pure_eval                      0.2.2                pyhd8ed1ab_0             conda-forge
2025-02-03T13:58:43.2921850Z   py-cpuinfo                     9.0.0                pyhd8ed1ab_0             conda-forge
2025-02-03T13:58:43.2922140Z   pybtex                         0.24.0               pyhd8ed1ab_2             conda-forge
2025-02-03T13:58:43.2922450Z   pybtex-docutils                1.0.3                py312h81bd7bf_1          conda-forge
2025-02-03T13:58:43.2922770Z   pycparser                      2.22                 pyhd8ed1ab_0             conda-forge
2025-02-03T13:58:43.2923060Z   pyerfa                         2.0.1.4              py312hbebd99a_1          conda-forge
2025-02-03T13:58:43.2923370Z   pygments                       2.18.0               pyhd8ed1ab_0             conda-forge
2025-02-03T13:58:43.2923670Z   pygraphviz                     1.13                 py312h5f4d302_1          conda-forge
2025-02-03T13:58:43.2923970Z   pyobjc-core                    10.3.1               py312hbb55c70_0          conda-forge
2025-02-03T13:58:43.2924370Z   pyobjc-framework-cocoa         10.3.1               py312hbb55c70_0          conda-forge
2025-02-03T13:58:43.2924710Z   pyparsing                      3.1.2                pyhd8ed1ab_0             conda-forge
2025-02-03T13:58:43.2925010Z   pysocks                        1.7.1                pyha2e5f31_6             conda-forge
2025-02-03T13:58:43.2925300Z   pytables                       3.9.2                py312hb622ae1_2          conda-forge
2025-02-03T13:58:43.2925590Z   pytest                         8.2.2                pyhd8ed1ab_0             conda-forge
2025-02-03T13:58:43.2925880Z   pytest-cov                     5.0.0                pyhd8ed1ab_0             conda-forge
2025-02-03T13:58:43.2926210Z   pytest-doctestplus             1.2.1                pyhd8ed1ab_0             conda-forge
2025-02-03T13:58:43.2926540Z   pytest-html                    4.1.1                pyhd8ed1ab_0             conda-forge
2025-02-03T13:58:43.2926860Z   pytest-metadata                3.1.1                pyhd8ed1ab_0             conda-forge
2025-02-03T13:58:43.2927680Z   python                         3.12.4               h30c5eda_0_cpython       conda-forge
2025-02-03T13:58:43.2928010Z   python-dateutil                2.9.0                pyhd8ed1ab_0             conda-forge
2025-02-03T13:58:43.2928380Z   python-fastjsonschema          2.20.0               pyhd8ed1ab_0             conda-forge
2025-02-03T13:58:43.2928750Z   python-json-logger             2.0.7                pyhd8ed1ab_0             conda-forge
2025-02-03T13:58:43.2929090Z   python-tzdata                  2024.1               pyhd8ed1ab_0             conda-forge
2025-02-03T13:58:43.2929400Z   python_abi                     3.12                 4_cp312                  conda-forge
2025-02-03T13:58:43.2929700Z   pytz                           2024.1               pyhd8ed1ab_0             conda-forge
2025-02-03T13:58:43.2929990Z   pyyaml                         6.0.1                py312h02f2b3b_1          conda-forge
2025-02-03T13:58:43.2930290Z   pyzmq                          26.0.3               py312hfa13136_0          conda-forge
2025-02-03T13:58:43.2930570Z   qgrid                          1.3.1                pyhd8ed1ab_4             conda-forge
2025-02-03T13:58:43.2930920Z   radioactivedecay               0.5.1                pyhd8ed1ab_0             conda-forge
2025-02-03T13:58:43.2931240Z   readline                       8.2                  h92ec313_1               conda-forge
2025-02-03T13:58:43.2931550Z   recommonmark                   0.7.1                pyhd8ed1ab_0             conda-forge
2025-02-03T13:58:43.2932320Z   referencing                    0.35.1               pyhd8ed1ab_0             conda-forge
2025-02-03T13:58:43.2932630Z   requests                       2.32.3               pyhd8ed1ab_0             conda-forge
2025-02-03T13:58:43.2932960Z   rfc3339-validator              0.1.4                pyhd8ed1ab_0             conda-forge
2025-02-03T13:58:43.2933310Z   rfc3986-validator              0.1.1                pyh9f0ad1d_0             conda-forge
2025-02-03T13:58:43.2933620Z   rpds-py                        0.18.1               py312h552d48e_0          conda-forge
2025-02-03T13:58:43.2933910Z   ruff                           0.4.9                py312h3402d49_0          conda-forge
2025-02-03T13:58:43.2934190Z   scipy                          1.13.1               py312h14ffa8f_0          conda-forge
2025-02-03T13:58:43.2934490Z   send2trash                     1.8.3                pyh31c8845_0             conda-forge
2025-02-03T13:58:43.2934800Z   setuptools                     70.0.0               pyhd8ed1ab_0             conda-forge
2025-02-03T13:58:43.2935130Z   setuptools-scm                 8.1.0                pyhd8ed1ab_0             conda-forge
2025-02-03T13:58:43.2935450Z   setuptools_scm                 8.1.0                hd8ed1ab_0               conda-forge
2025-02-03T13:58:43.2935740Z   six                            1.16.0               pyh6c4a22f_0             conda-forge
2025-02-03T13:58:43.2936180Z   snakeviz                       2.2.0                pyhd8ed1ab_0             conda-forge
2025-02-03T13:58:43.2936550Z   snappy                         1.2.0                hd04f947_1               conda-forge
2025-02-03T13:58:43.2936850Z   sniffio                        1.3.1                pyhd8ed1ab_0             conda-forge
2025-02-03T13:58:43.2937160Z   snowballstemmer                2.2.0                pyhd8ed1ab_0             conda-forge
2025-02-03T13:58:43.2937490Z   soupsieve                      2.5                  pyhd8ed1ab_1             conda-forge
2025-02-03T13:58:43.2937780Z   sphinx                         7.3.7                pyhd8ed1ab_0             conda-forge
2025-02-03T13:58:43.2938090Z   sphinx-astropy                 1.9.1                pyhd8ed1ab_0             conda-forge
2025-02-03T13:58:43.2938940Z   sphinx-automodapi              0.17.0               pyh717bed2_1             conda-forge
2025-02-03T13:58:43.2939550Z   sphinx-gallery                 0.16.0               pyhd8ed1ab_0             conda-forge
2025-02-03T13:58:43.2940470Z   sphinx-jsonschema              1.19.1               pyhd8ed1ab_0             conda-forge
2025-02-03T13:58:43.2940870Z   sphinx_bootstrap_theme         0.8.1                pyhd8ed1ab_0             conda-forge
2025-02-03T13:58:43.2941490Z   sphinx_rtd_theme               2.0.0                pyha770c72_0             conda-forge
2025-02-03T13:58:43.2942040Z   sphinxcontrib-apidoc           0.3.0                py_1                     conda-forge
2025-02-03T13:58:43.2942520Z   sphinxcontrib-applehelp        1.0.8                pyhd8ed1ab_0             conda-forge
2025-02-03T13:58:43.2943000Z   sphinxcontrib-bibtex           2.6.2                pyhd8ed1ab_0             conda-forge
2025-02-03T13:58:43.2943430Z   sphinxcontrib-devhelp          1.0.6                pyhd8ed1ab_0             conda-forge
2025-02-03T13:58:43.2943900Z   sphinxcontrib-htmlhelp         2.0.5                pyhd8ed1ab_0             conda-forge
2025-02-03T13:58:43.2952480Z   sphinxcontrib-jquery           4.1                  pyhd8ed1ab_0             conda-forge
2025-02-03T13:58:43.2952870Z   sphinxcontrib-jsmath           1.0.1                pyhd8ed1ab_0             conda-forge
2025-02-03T13:58:43.2953230Z   sphinxcontrib-qthelp           1.0.7                pyhd8ed1ab_0             conda-forge
2025-02-03T13:58:43.2953640Z   sphinxcontrib-serializinghtml  1.1.10               pyhd8ed1ab_0             conda-forge
2025-02-03T13:58:43.2954010Z   stack_data                     0.6.2                pyhd8ed1ab_0             conda-forge
2025-02-03T13:58:43.2954300Z   sympy                          1.12.1               pypyh2585a3b_103         conda-forge
2025-02-03T13:58:43.2954600Z   tabulate                       0.9.0                pyhd8ed1ab_1             conda-forge
2025-02-03T13:58:43.2954900Z   tenacity                       8.4.1                pyhd8ed1ab_0             conda-forge
2025-02-03T13:58:43.2955200Z   terminado                      0.18.1               pyh31c8845_0             conda-forge
2025-02-03T13:58:43.2955530Z   tinycss2                       1.3.0                pyhd8ed1ab_0             conda-forge
2025-02-03T13:58:43.2955810Z   tk                             8.6.13               h5083fa2_1               conda-forge
2025-02-03T13:58:43.2956070Z   toml                           0.10.2               pyhd8ed1ab_0             conda-forge
2025-02-03T13:58:43.2956360Z   tomli                          2.0.1                pyhd8ed1ab_0             conda-forge
2025-02-03T13:58:43.2956650Z   tornado                        6.4.1                py312h7e5086c_0          conda-forge
2025-02-03T13:58:43.2956930Z   tqdm                           4.66.4               pyhd8ed1ab_0             conda-forge
2025-02-03T13:58:43.2957220Z   traitlets                      5.14.3               pyhd8ed1ab_0             conda-forge
2025-02-03T13:58:43.2957520Z   typed-ast                      1.5.5                py312h02f2b3b_1          conda-forge
2025-02-03T13:58:43.2958230Z   types-python-dateutil          2.9.0.20240316       pyhd8ed1ab_0             conda-forge
2025-02-03T13:58:43.2958600Z   typing-extensions              4.12.2               hd8ed1ab_0               conda-forge
2025-02-03T13:58:43.2958940Z   typing_extensions              4.12.2               pyha770c72_0             conda-forge
2025-02-03T13:58:43.2959260Z   typing_utils                   0.1.0                pyhd8ed1ab_0             conda-forge
2025-02-03T13:58:43.2959560Z   tzdata                         2024a                h0c530f3_0               conda-forge
2025-02-03T13:58:43.2959860Z   uri-template                   1.3.0                pyhd8ed1ab_0             conda-forge
2025-02-03T13:58:43.2960170Z   urllib3                        2.2.2                pyhd8ed1ab_0             conda-forge
2025-02-03T13:58:43.2960450Z   wcwidth                        0.2.13               pyhd8ed1ab_0             conda-forge
2025-02-03T13:58:43.2960750Z   webcolors                      24.6.0               pyhd8ed1ab_0             conda-forge
2025-02-03T13:58:43.2961230Z   webencodings                   0.5.1                pyhd8ed1ab_2             conda-forge
2025-02-03T13:58:43.2961560Z   websocket-client               1.8.0                pyhd8ed1ab_0             conda-forge
2025-02-03T13:58:43.2961880Z   wheel                          0.43.0               pyhd8ed1ab_1             conda-forge
2025-02-03T13:58:43.2962200Z   widgetsnbextension             3.6.6                pyhd8ed1ab_0             conda-forge
2025-02-03T13:58:43.2962530Z   xorg-libxau                    1.0.11               hb547adb_0               conda-forge
2025-02-03T13:58:43.2962850Z   xorg-libxdmcp                  1.1.3                h27ca646_0               conda-forge
2025-02-03T13:58:43.2963130Z   xz                             5.2.6                h57fd34a_0               conda-forge
2025-02-03T13:58:43.2963400Z   yaml                           0.2.5                h3422bc3_2               conda-forge
2025-02-03T13:58:43.2963680Z   zeromq                         4.3.5                hcc0f68c_4               conda-forge
2025-02-03T13:58:43.2963960Z   zipp                           3.19.2               pyhd8ed1ab_0             conda-forge
2025-02-03T13:58:43.2964230Z   zlib                           1.3.1                hfb2fe0b_1               conda-forge
2025-02-03T13:58:43.2964500Z   zlib-ng                        2.0.7                h1a8c8d9_0               conda-forge
2025-02-03T13:58:43.2964770Z   zstd                           1.5.6                hb46c0d2_0               conda-forge
2025-02-03T13:58:43.2965240Z ##[endgroup]
