2025-01-21T13:21:18.7389840Z Prepare all required actions
2025-01-21T13:21:18.7390210Z Getting action download info
2025-01-21T13:21:18.8370360Z Download action repository 'mamba-org/setup-micromamba@v2' (SHA:0dea6379afdaffa5d528b3d1dabc45da37f443fc)
2025-01-21T13:21:20.2585840Z ##[group]Run ./.github/actions/setup_env
2025-01-21T13:21:20.2586180Z with:
2025-01-21T13:21:20.2586300Z   os-label: osx-arm64
2025-01-21T13:21:20.2586510Z env:
2025-01-21T13:21:20.2586630Z   CACHE_NUMBER: 0
2025-01-21T13:21:20.2587090Z   PYTEST_FLAGS: --tardis-regression-data=/Users/runner/work/tardis/tardis/tardis-regression-data --cov=tardis --cov-report=xml --cov-report=html --cov-append
2025-01-21T13:21:20.2587560Z   CODECOV_TOKEN: 
2025-01-21T13:21:20.2587690Z ##[endgroup]
2025-01-21T13:21:20.2678420Z ##[group]Run mamba-org/setup-micromamba@v2
2025-01-21T13:21:20.2678650Z with:
2025-01-21T13:21:20.2678770Z   init-shell: bash
2025-01-21T13:21:20.2678910Z   create-args: conda-lock
2025-01-21T13:21:20.2679070Z   environment-name: tardis-base
2025-01-21T13:21:20.2679280Z env:
2025-01-21T13:21:20.2679410Z   CACHE_NUMBER: 0
2025-01-21T13:21:20.2679900Z   PYTEST_FLAGS: --tardis-regression-data=/Users/runner/work/tardis/tardis/tardis-regression-data --cov=tardis --cov-report=xml --cov-report=html --cov-append
2025-01-21T13:21:20.2680410Z   CODECOV_TOKEN: 
2025-01-21T13:21:20.2680550Z ##[endgroup]
2025-01-21T13:21:20.3771910Z Will download micromamba to /Users/runner/micromamba-bin/micromamba
2025-01-21T13:21:20.3774880Z ##[group]Install micromamba
2025-01-21T13:21:20.8988140Z micromamba installed to /Users/runner/micromamba-bin/micromamba
2025-01-21T13:21:20.9020890Z ##[endgroup]
2025-01-21T13:21:20.9064620Z Adding conda-forge to condarc channels ...
2025-01-21T13:21:20.9088880Z ##[group]Initialize micromamba for bash.
2025-01-21T13:21:20.9123120Z [command]/Users/runner/micromamba-bin/micromamba shell init -s bash -r /Users/runner/micromamba --log-level warning --rc-file /Users/runner/work/_temp/setup-micromamba/.condarc
2025-01-21T13:21:20.9200280Z Running `shell init`, which:
2025-01-21T13:21:20.9220570Z  - modifies RC file: "/Users/runner/.bash_profile"
2025-01-21T13:21:20.9242320Z  - generates config for root prefix: [1m"/Users/runner/micromamba"[0m
2025-01-21T13:21:20.9305560Z  - sets mamba executable to: [1m"/Users/runner/micromamba-bin/micromamba"[0m
2025-01-21T13:21:20.9339560Z The following has been added in your "/Users/runner/.bash_profile" file
2025-01-21T13:21:20.9374400Z 
2025-01-21T13:21:20.9385500Z # >>> mamba initialize >>>
2025-01-21T13:21:20.9406280Z # !! Contents within this block are managed by 'micromamba shell init' !!
2025-01-21T13:21:20.9410510Z export MAMBA_EXE='/Users/runner/micromamba-bin/micromamba';
2025-01-21T13:21:20.9419010Z export MAMBA_ROOT_PREFIX='/Users/runner/micromamba';
2025-01-21T13:21:20.9443240Z __mamba_setup="$("$MAMBA_EXE" shell hook --shell bash --root-prefix "$MAMBA_ROOT_PREFIX" 2> /dev/null)"
2025-01-21T13:21:20.9484430Z if [ $? -eq 0 ]; then
2025-01-21T13:21:20.9490310Z     eval "$__mamba_setup"
2025-01-21T13:21:20.9490640Z else
2025-01-21T13:21:20.9490970Z     alias micromamba="$MAMBA_EXE"  # Fallback on help from micromamba activate
2025-01-21T13:21:20.9491350Z fi
2025-01-21T13:21:20.9491560Z unset __mamba_setup
2025-01-21T13:21:20.9491830Z # <<< mamba initialize <<<
2025-01-21T13:21:20.9491990Z 
2025-01-21T13:21:20.9492460Z ##[endgroup]
2025-01-21T13:21:20.9493860Z ##[group]Install environment `tardis-base`
2025-01-21T13:21:20.9495420Z [command]/Users/runner/micromamba-bin/micromamba create -y -r /Users/runner/micromamba -n tardis-base conda-lock --log-level warning --rc-file /Users/runner/work/_temp/setup-micromamba/.condarc
2025-01-21T13:21:25.4186280Z 
2025-01-21T13:21:25.5113170Z 
2025-01-21T13:21:25.5114540Z Transaction
2025-01-21T13:21:25.5114730Z 
2025-01-21T13:21:25.5114830Z   Prefix: /Users/runner/micromamba/envs/tardis-base
2025-01-21T13:21:25.5115040Z 
2025-01-21T13:21:25.5115110Z   Updating specs:
2025-01-21T13:21:25.5115190Z 
2025-01-21T13:21:25.5115260Z    - conda-lock
2025-01-21T13:21:25.5115350Z 
2025-01-21T13:21:25.5115940Z 
2025-01-21T13:21:25.5336200Z   Package                           Version  Build               Channel          Size
2025-01-21T13:21:25.5421760Z â”€â”€â”€â”€â”€â”€â”€â”€â”€â”€â”€â”€â”€â”€â”€â”€â”€â”€â”€â”€â”€â”€â”€â”€â”€â”€â”€â”€â”€â”€â”€â”€â”€â”€â”€â”€â”€â”€â”€â”€â”€â”€â”€â”€â”€â”€â”€â”€â”€â”€â”€â”€â”€â”€â”€â”€â”€â”€â”€â”€â”€â”€â”€â”€â”€â”€â”€â”€â”€â”€â”€â”€â”€â”€â”€â”€â”€â”€â”€â”€â”€â”€â”€â”€â”€â”€â”€â”€
2025-01-21T13:21:25.5422520Z   Install:
2025-01-21T13:21:25.5423090Z â”€â”€â”€â”€â”€â”€â”€â”€â”€â”€â”€â”€â”€â”€â”€â”€â”€â”€â”€â”€â”€â”€â”€â”€â”€â”€â”€â”€â”€â”€â”€â”€â”€â”€â”€â”€â”€â”€â”€â”€â”€â”€â”€â”€â”€â”€â”€â”€â”€â”€â”€â”€â”€â”€â”€â”€â”€â”€â”€â”€â”€â”€â”€â”€â”€â”€â”€â”€â”€â”€â”€â”€â”€â”€â”€â”€â”€â”€â”€â”€â”€â”€â”€â”€â”€â”€â”€â”€
2025-01-21T13:21:25.5423360Z 
2025-01-21T13:21:25.5423520Z   + annotated-types                   0.7.0  pyhd8ed1ab_1        conda-forge      18kB
2025-01-21T13:21:25.5424000Z   + appdirs                           1.4.4  pyhd8ed1ab_1        conda-forge      15kB
2025-01-21T13:21:25.5424330Z   + backports                           1.0  pyhd8ed1ab_5        conda-forge       7kB
2025-01-21T13:21:25.5424650Z   + backports.tarfile                 1.2.0  pyhd8ed1ab_1        conda-forge      33kB
2025-01-21T13:21:25.5425060Z   + brotli-python                     1.1.0  py313h3579c5c_2     conda-forge     339kB
2025-01-21T13:21:25.5425480Z   + bzip2                             1.0.8  h99b78c6_7          conda-forge     123kB
2025-01-21T13:21:25.5425830Z   + ca-certificates              2024.12.14  hf0a4a13_0          conda-forge     157kB
2025-01-21T13:21:25.5426260Z   + cachecontrol                     0.14.2  pyha770c72_0        conda-forge      23kB
2025-01-21T13:21:25.5426620Z   + cachecontrol-with-filecache      0.14.2  pyhd8ed1ab_0        conda-forge       7kB
2025-01-21T13:21:25.5426960Z   + cachy                             0.3.0  pyhd8ed1ab_2        conda-forge      23kB
2025-01-21T13:21:25.5427450Z   + certifi                      2024.12.14  pyhd8ed1ab_0        conda-forge     162kB
2025-01-21T13:21:25.5427880Z   + charset-normalizer                3.4.1  pyhd8ed1ab_0        conda-forge      47kB
2025-01-21T13:21:25.5428240Z   + click                             8.1.8  pyh707e725_0        conda-forge      85kB
2025-01-21T13:21:25.5428770Z   + click-default-group               1.2.4  pyhd8ed1ab_1        conda-forge      10kB
2025-01-21T13:21:25.5429170Z   + clikit                            0.6.2  pyhd8ed1ab_3        conda-forge      64kB
2025-01-21T13:21:25.5429560Z   + conda-lock                        2.5.7  pyhd8ed1ab_1        conda-forge     884kB
2025-01-21T13:21:25.5429880Z   + crashtest                         0.4.1  pyhd8ed1ab_1        conda-forge      12kB
2025-01-21T13:21:25.5430180Z   + distlib                           0.3.9  pyhd8ed1ab_1        conda-forge     274kB
2025-01-21T13:21:25.5430540Z   + ensureconda                       1.4.4  pyhd8ed1ab_1        conda-forge      14kB
2025-01-21T13:21:25.5430850Z   + filelock                         3.16.1  pyhd8ed1ab_1        conda-forge      17kB
2025-01-21T13:21:25.5431140Z   + gitdb                            4.0.12  pyhd8ed1ab_0        conda-forge      53kB
2025-01-21T13:21:25.5431540Z   + gitpython                        3.1.44  pyhff2d567_0        conda-forge     157kB
2025-01-21T13:21:25.5431880Z   + html5lib                            1.1  pyhd8ed1ab_2        conda-forge      95kB
2025-01-21T13:21:25.5432180Z   + idna                               3.10  pyhd8ed1ab_1        conda-forge      50kB
2025-01-21T13:21:25.5432530Z   + importlib-metadata                8.6.1  pyha770c72_0        conda-forge      29kB
2025-01-21T13:21:25.5432880Z   + importlib_resources               6.5.2  pyhd8ed1ab_0        conda-forge      34kB
2025-01-21T13:21:25.5433260Z   + jaraco.classes                    3.4.0  pyhd8ed1ab_2        conda-forge      12kB
2025-01-21T13:21:25.5433660Z   + jaraco.context                    6.0.1  pyhd8ed1ab_0        conda-forge      12kB
2025-01-21T13:21:25.5434040Z   + jaraco.functools                  4.1.0  pyhd8ed1ab_0        conda-forge      16kB
2025-01-21T13:21:25.5434360Z   + jinja2                            3.1.5  pyhd8ed1ab_0        conda-forge     113kB
2025-01-21T13:21:25.5434690Z   + keyring                          25.6.0  pyh534df25_0        conda-forge      37kB
2025-01-21T13:21:25.5434970Z   + libcxx                           19.1.7  ha82da77_0          conda-forge     524kB
2025-01-21T13:21:25.5435620Z   + libexpat                          2.6.4  h286801f_0          conda-forge      65kB
2025-01-21T13:21:25.5436100Z   + libffi                            3.4.2  h3422bc3_5          conda-forge      39kB
2025-01-21T13:21:25.5436410Z   + liblzma                           5.6.3  h39f12f2_1          conda-forge      99kB
2025-01-21T13:21:25.5436750Z   + libmpdec                          4.0.0  h99b78c6_0          conda-forge      69kB
2025-01-21T13:21:25.5437080Z   + libsqlite                        3.48.0  h3f77e49_0          conda-forge     853kB
2025-01-21T13:21:25.5437370Z   + libzlib                           1.3.1  h8359307_2          conda-forge      46kB
2025-01-21T13:21:25.5437740Z   + markupsafe                        3.0.2  py313ha9b7d5b_1     conda-forge      25kB
2025-01-21T13:21:25.5438130Z   + more-itertools                   10.6.0  pyhd8ed1ab_0        conda-forge      59kB
2025-01-21T13:21:25.5438500Z   + msgpack-python                    1.1.0  py313hf9c7212_0     conda-forge      92kB
2025-01-21T13:21:25.5438830Z   + ncurses                             6.5  h5e97a16_2          conda-forge     797kB
2025-01-21T13:21:25.5439110Z   + openssl                           3.4.0  h81ee809_1          conda-forge       3MB
2025-01-21T13:21:25.5439400Z   + packaging                          24.2  pyhd8ed1ab_2        conda-forge      60kB
2025-01-21T13:21:25.5439710Z   + pastel                            0.2.1  pyhd8ed1ab_0        conda-forge      10kB
2025-01-21T13:21:25.5440000Z   + pip                              24.3.1  pyh145f28c_2        conda-forge       1MB
2025-01-21T13:21:25.5440290Z   + pkginfo                          1.12.0  pyhd8ed1ab_1        conda-forge      30kB
2025-01-21T13:21:25.5440620Z   + platformdirs                      4.3.6  pyhd8ed1ab_1        conda-forge      20kB
2025-01-21T13:21:25.5440990Z   + pydantic                         2.10.5  pyh3cfb1c2_0        conda-forge     297kB
2025-01-21T13:21:25.5441330Z   + pydantic-core                    2.27.2  py313hdde674f_0     conda-forge       2MB
2025-01-21T13:21:25.5441660Z   + pylev                             1.4.0  pyhd8ed1ab_0        conda-forge       9kB
2025-01-21T13:21:25.5441960Z   + pysocks                           1.7.1  pyha55dd90_7        conda-forge      21kB
2025-01-21T13:21:25.5442260Z   + python                           3.13.1  h4f43103_105_cp313  conda-forge      13MB
2025-01-21T13:21:25.5442670Z   + python_abi                         3.13  5_cp313             conda-forge       6kB
2025-01-21T13:21:25.5442970Z   + pyyaml                            6.0.2  py313ha9b7d5b_2     conda-forge     194kB
2025-01-21T13:21:25.5443280Z   + readline                            8.2  h92ec313_1          conda-forge     250kB
2025-01-21T13:21:25.5443590Z   + requests                         2.32.3  pyhd8ed1ab_1        conda-forge      59kB
2025-01-21T13:21:25.5443910Z   + ruamel.yaml                     0.18.10  py313h90d716c_0     conda-forge     270kB
2025-01-21T13:21:25.5444480Z   + ruamel.yaml.clib                  0.2.8  py313h63a2874_1     conda-forge     116kB
2025-01-21T13:21:25.5444810Z   + setuptools                       75.8.0  pyhff2d567_0        conda-forge     776kB
2025-01-21T13:21:25.5445210Z   + six                              1.17.0  pyhd8ed1ab_0        conda-forge      16kB
2025-01-21T13:21:25.5445570Z   + smmap                             5.0.0  pyhd8ed1ab_0        conda-forge      22kB
2025-01-21T13:21:25.5445850Z   + tk                               8.6.13  h5083fa2_1          conda-forge       3MB
2025-01-21T13:21:25.5446170Z   + tomli                             2.2.1  pyhd8ed1ab_1        conda-forge      19kB
2025-01-21T13:21:25.5446580Z   + tomlkit                          0.13.2  pyha770c72_1        conda-forge      37kB
2025-01-21T13:21:25.5446870Z   + toolz                            0.12.1  pyhd8ed1ab_0        conda-forge      52kB
2025-01-21T13:21:25.5447210Z   + typing-extensions                4.12.2  hd8ed1ab_1          conda-forge      10kB
2025-01-21T13:21:25.5447720Z   + typing_extensions                4.12.2  pyha770c72_1        conda-forge      40kB
2025-01-21T13:21:25.5448210Z   + tzdata                            2025a  h78e105d_0          conda-forge     123kB
2025-01-21T13:21:25.5448600Z   + urllib3                         1.26.19  pyhd8ed1ab_0        conda-forge     115kB
2025-01-21T13:21:25.5448960Z   + virtualenv                      20.29.1  pyhd8ed1ab_0        conda-forge       4MB
2025-01-21T13:21:25.5449310Z   + webencodings                      0.5.1  pyhd8ed1ab_3        conda-forge      15kB
2025-01-21T13:21:25.5449650Z   + yaml                              0.2.5  h3422bc3_2          conda-forge      88kB
2025-01-21T13:21:25.5449930Z   + zipp                             3.21.0  pyhd8ed1ab_1        conda-forge      22kB
2025-01-21T13:21:25.5450120Z 
2025-01-21T13:21:25.5450180Z   Summary:
2025-01-21T13:21:25.5450260Z 
2025-01-21T13:21:25.5450330Z   Install: 74 packages
2025-01-21T13:21:25.5450440Z 
2025-01-21T13:21:25.5450510Z   Total download: 34MB
2025-01-21T13:21:25.5450610Z 
2025-01-21T13:21:25.5450820Z â”€â”€â”€â”€â”€â”€â”€â”€â”€â”€â”€â”€â”€â”€â”€â”€â”€â”€â”€â”€â”€â”€â”€â”€â”€â”€â”€â”€â”€â”€â”€â”€â”€â”€â”€â”€â”€â”€â”€â”€â”€â”€â”€â”€â”€â”€â”€â”€â”€â”€â”€â”€â”€â”€â”€â”€â”€â”€â”€â”€â”€â”€â”€â”€â”€â”€â”€â”€â”€â”€â”€â”€â”€â”€â”€â”€â”€â”€â”€â”€â”€â”€â”€â”€â”€â”€â”€â”€
2025-01-21T13:21:25.5451020Z 
2025-01-21T13:21:25.5451020Z 
2025-01-21T13:21:25.5451030Z 
2025-01-21T13:21:25.5451080Z Transaction starting
2025-01-21T13:21:27.3105160Z Linking libexpat-2.6.4-h286801f_0
2025-01-21T13:21:27.3122480Z Linking libmpdec-4.0.0-h99b78c6_0
2025-01-21T13:21:27.3129190Z Linking python_abi-3.13-5_cp313
2025-01-21T13:21:27.3134160Z Linking ncurses-6.5-h5e97a16_2
2025-01-21T13:21:30.0063890Z Linking bzip2-1.0.8-h99b78c6_7
2025-01-21T13:21:30.0163940Z Linking liblzma-5.6.3-h39f12f2_1
2025-01-21T13:21:30.0263980Z Linking libzlib-1.3.1-h8359307_2
2025-01-21T13:21:30.0318700Z Linking libffi-3.4.2-h3422bc3_5
2025-01-21T13:21:30.0327360Z Linking ca-certificates-2024.12.14-hf0a4a13_0
2025-01-21T13:21:30.0383330Z Linking libcxx-19.1.7-ha82da77_0
2025-01-21T13:21:30.0398970Z Linking yaml-0.2.5-h3422bc3_2
2025-01-21T13:21:30.0429360Z Linking readline-8.2-h92ec313_1
2025-01-21T13:21:30.0429700Z Linking tk-8.6.13-h5083fa2_1
2025-01-21T13:21:30.1510960Z Linking libsqlite-3.48.0-h3f77e49_0
2025-01-21T13:21:30.1521740Z Linking openssl-3.4.0-h81ee809_1
2025-01-21T13:21:30.2128250Z Linking tzdata-2025a-h78e105d_0
2025-01-21T13:21:30.3610950Z Linking python-3.13.1-h4f43103_105_cp313
2025-01-21T13:21:30.9724260Z Linking pip-24.3.1-pyh145f28c_2
2025-01-21T13:21:31.0831710Z Linking backports-1.0-pyhd8ed1ab_5
2025-01-21T13:21:31.0835280Z Linking appdirs-1.4.4-pyhd8ed1ab_1
2025-01-21T13:21:31.0938370Z Linking smmap-5.0.0-pyhd8ed1ab_0
2025-01-21T13:21:31.0959920Z Linking webencodings-0.5.1-pyhd8ed1ab_3
2025-01-21T13:21:31.1035640Z Linking six-1.17.0-pyhd8ed1ab_0
2025-01-21T13:21:31.1303320Z Linking zipp-3.21.0-pyhd8ed1ab_1
2025-01-21T13:21:31.1371970Z Linking more-itertools-10.6.0-pyhd8ed1ab_0
2025-01-21T13:21:31.1499100Z Linking idna-3.10-pyhd8ed1ab_1
2025-01-21T13:21:31.1619040Z Linking charset-normalizer-3.4.1-pyhd8ed1ab_0
2025-01-21T13:21:31.1633030Z Linking certifi-2024.12.14-pyhd8ed1ab_0
2025-01-21T13:21:31.1637480Z Linking pysocks-1.7.1-pyha55dd90_7
2025-01-21T13:21:31.1713710Z Linking platformdirs-4.3.6-pyhd8ed1ab_1
2025-01-21T13:21:31.2013540Z Linking distlib-0.3.9-pyhd8ed1ab_1
2025-01-21T13:21:31.2041820Z Linking filelock-3.16.1-pyhd8ed1ab_1
2025-01-21T13:21:31.2042050Z Linking pylev-1.4.0-pyhd8ed1ab_0
2025-01-21T13:21:31.2042230Z Linking pastel-0.2.1-pyhd8ed1ab_0
2025-01-21T13:21:31.2153710Z Linking typing_extensions-4.12.2-pyha770c72_1
2025-01-21T13:21:31.2248300Z Linking toolz-0.12.1-pyhd8ed1ab_0
2025-01-21T13:21:31.2248760Z Linking tomlkit-0.13.2-pyha770c72_1
2025-01-21T13:21:31.2249050Z Linking tomli-2.2.1-pyhd8ed1ab_1
2025-01-21T13:21:31.2249360Z Linking setuptools-75.8.0-pyhff2d567_0
2025-01-21T13:21:31.4876760Z Linking pkginfo-1.12.0-pyhd8ed1ab_1
2025-01-21T13:21:31.5183530Z Linking packaging-24.2-pyhd8ed1ab_2
2025-01-21T13:21:31.5304220Z Linking crashtest-0.4.1-pyhd8ed1ab_1
2025-01-21T13:21:31.5405280Z Linking click-8.1.8-pyh707e725_0
2025-01-21T13:21:31.5605160Z Linking cachy-0.3.0-pyhd8ed1ab_2
2025-01-21T13:21:31.5707270Z Linking backports.tarfile-1.2.0-pyhd8ed1ab_1
2025-01-21T13:21:31.5776730Z Linking gitdb-4.0.12-pyhd8ed1ab_0
2025-01-21T13:21:31.5981230Z Linking html5lib-1.1-pyhd8ed1ab_2
2025-01-21T13:21:31.6282880Z Linking importlib_resources-6.5.2-pyhd8ed1ab_0
2025-01-21T13:21:31.6384010Z Linking importlib-metadata-8.6.1-pyha770c72_0
2025-01-21T13:21:31.6587100Z Linking jaraco.functools-4.1.0-pyhd8ed1ab_0
2025-01-21T13:21:31.6690510Z Linking jaraco.classes-3.4.0-pyhd8ed1ab_2
2025-01-21T13:21:31.6804220Z Linking virtualenv-20.29.1-pyhd8ed1ab_0
2025-01-21T13:21:31.7851340Z Linking clikit-0.6.2-pyhd8ed1ab_3
2025-01-21T13:21:31.8358620Z Linking typing-extensions-4.12.2-hd8ed1ab_1
2025-01-21T13:21:31.8459710Z Linking click-default-group-1.2.4-pyhd8ed1ab_1
2025-01-21T13:21:31.8560680Z Linking jaraco.context-6.0.1-pyhd8ed1ab_0
2025-01-21T13:21:31.8661660Z Linking gitpython-3.1.44-pyhff2d567_0
2025-01-21T13:21:31.8764060Z Linking annotated-types-0.7.0-pyhd8ed1ab_1
2025-01-21T13:21:31.8886750Z Linking keyring-25.6.0-pyh534df25_0
2025-01-21T13:21:31.8991950Z Linking pyyaml-6.0.2-py313ha9b7d5b_2
2025-01-21T13:21:31.9093600Z Linking markupsafe-3.0.2-py313ha9b7d5b_1
2025-01-21T13:21:31.9203620Z Linking msgpack-python-1.1.0-py313hf9c7212_0
2025-01-21T13:21:31.9306830Z Linking ruamel.yaml.clib-0.2.8-py313h63a2874_1
2025-01-21T13:21:31.9420510Z Linking brotli-python-1.1.0-py313h3579c5c_2
2025-01-21T13:21:31.9523950Z Linking pydantic-core-2.27.2-py313hdde674f_0
2025-01-21T13:21:31.9636900Z Linking ruamel.yaml-0.18.10-py313h90d716c_0
2025-01-21T13:21:31.9740270Z Linking jinja2-3.1.5-pyhd8ed1ab_0
2025-01-21T13:21:31.9858330Z Linking urllib3-1.26.19-pyhd8ed1ab_0
2025-01-21T13:21:31.9950550Z Linking pydantic-2.10.5-pyh3cfb1c2_0
2025-01-21T13:21:31.9953070Z Linking requests-2.32.3-pyhd8ed1ab_1
2025-01-21T13:21:32.0059880Z Linking ensureconda-1.4.4-pyhd8ed1ab_1
2025-01-21T13:21:32.0168240Z Linking cachecontrol-0.14.2-pyha770c72_0
2025-01-21T13:21:32.0272070Z Linking cachecontrol-with-filecache-0.14.2-pyhd8ed1ab_0
2025-01-21T13:21:32.0376420Z Linking conda-lock-2.5.7-pyhd8ed1ab_1
2025-01-21T13:21:33.0687550Z 
2025-01-21T13:21:33.0689300Z Transaction finished
2025-01-21T13:21:33.0693090Z 
2025-01-21T13:21:33.0693430Z To activate this environment, use:
2025-01-21T13:21:33.0693780Z 
2025-01-21T13:21:33.0693950Z     micromamba activate tardis-base
2025-01-21T13:21:33.0694190Z 
2025-01-21T13:21:33.0694410Z Or to execute a single command in this environment, use:
2025-01-21T13:21:33.0694680Z 
2025-01-21T13:21:33.0694870Z     micromamba run -n tardis-base mycommand
2025-01-21T13:21:33.0695110Z 
2025-01-21T13:21:33.0782090Z ##[endgroup]
2025-01-21T13:21:33.0782420Z Adding environment tardis-base to auto-activate bash ...
2025-01-21T13:21:33.0792320Z Generating micromamba run shell.
2025-01-21T13:21:33.0802510Z ##[endgroup]
2025-01-21T13:21:33.0804890Z Set environment variables.
2025-01-21T13:21:33.0809110Z ##[group]micromamba info
2025-01-21T13:21:33.0812460Z [command]/Users/runner/micromamba-bin/micromamba info -r /Users/runner/micromamba -n tardis-base
2025-01-21T13:21:33.1099730Z 
2025-01-21T13:21:33.1100120Z        libmamba version : 2.0.5
2025-01-21T13:21:33.1100390Z      micromamba version : 2.0.5
2025-01-21T13:21:33.1100870Z            curl version : libcurl/8.11.1 (OpenSSL/3.4.0) SecureTransport zlib/1.3.1 zstd/1.5.6 libssh2/1.11.1 nghttp2/1.64.0
2025-01-21T13:21:33.1102530Z      libarchive version : libarchive 3.7.7 zlib/1.3.1 bz2lib/1.0.8 libzstd/1.5.6
2025-01-21T13:21:33.1102940Z        envs directories : /Users/runner/micromamba/envs
2025-01-21T13:21:33.1103250Z           package cache : /Users/runner/micromamba/pkgs
2025-01-21T13:21:33.1103490Z                           /Users/runner/.mamba/pkgs
2025-01-21T13:21:33.1104390Z             environment : tardis-base
2025-01-21T13:21:33.1104760Z            env location : /Users/runner/micromamba/envs/tardis-base
2025-01-21T13:21:33.1105150Z       user config files : /Users/runner/.mambarc
2025-01-21T13:21:33.1105980Z  populated config files : /Users/runner/work/_temp/setup-micromamba/.condarc
2025-01-21T13:21:33.1106280Z        virtual packages : __unix=0=0
2025-01-21T13:21:33.1106680Z                           __osx=14.7.2=0
2025-01-21T13:21:33.1106880Z                           __archspec=1=arm64
2025-01-21T13:21:33.1107220Z                channels : https://conda.anaconda.org/conda-forge/noarch
2025-01-21T13:21:33.1107590Z                           https://conda.anaconda.org/conda-forge/osx-arm64
2025-01-21T13:21:33.1107860Z        base environment : /Users/runner/micromamba
2025-01-21T13:21:33.1108080Z                platform : osx-arm64
2025-01-21T13:21:33.1110510Z ##[endgroup]
2025-01-21T13:21:33.1110770Z ##[group]micromamba list
2025-01-21T13:21:33.1113990Z [command]/Users/runner/micromamba-bin/micromamba list -r /Users/runner/micromamba -n tardis-base
2025-01-21T13:21:33.6861360Z List of packages in environment: "/Users/runner/micromamba/envs/tardis-base"
2025-01-21T13:21:33.6861790Z 
2025-01-21T13:21:33.6862000Z   Name                         Version     Build               Channel    
2025-01-21T13:21:33.6862980Z â”€â”€â”€â”€â”€â”€â”€â”€â”€â”€â”€â”€â”€â”€â”€â”€â”€â”€â”€â”€â”€â”€â”€â”€â”€â”€â”€â”€â”€â”€â”€â”€â”€â”€â”€â”€â”€â”€â”€â”€â”€â”€â”€â”€â”€â”€â”€â”€â”€â”€â”€â”€â”€â”€â”€â”€â”€â”€â”€â”€â”€â”€â”€â”€â”€â”€â”€â”€â”€â”€â”€â”€â”€â”€â”€â”€
2025-01-21T13:21:33.6863350Z   annotated-types              0.7.0       pyhd8ed1ab_1        conda-forge
2025-01-21T13:21:33.6864690Z   appdirs                      1.4.4       pyhd8ed1ab_1        conda-forge
2025-01-21T13:21:33.6865160Z   backports                    1.0         pyhd8ed1ab_5        conda-forge
2025-01-21T13:21:33.6865540Z   backports.tarfile            1.2.0       pyhd8ed1ab_1        conda-forge
2025-01-21T13:21:33.6865900Z   brotli-python                1.1.0       py313h3579c5c_2     conda-forge
2025-01-21T13:21:33.6866200Z   bzip2                        1.0.8       h99b78c6_7          conda-forge
2025-01-21T13:21:33.6866490Z   ca-certificates              2024.12.14  hf0a4a13_0          conda-forge
2025-01-21T13:21:33.6866800Z   cachecontrol                 0.14.2      pyha770c72_0        conda-forge
2025-01-21T13:21:33.6867140Z   cachecontrol-with-filecache  0.14.2      pyhd8ed1ab_0        conda-forge
2025-01-21T13:21:33.6867440Z   cachy                        0.3.0       pyhd8ed1ab_2        conda-forge
2025-01-21T13:21:33.6868760Z   certifi                      2024.12.14  pyhd8ed1ab_0        conda-forge
2025-01-21T13:21:33.6869100Z   charset-normalizer           3.4.1       pyhd8ed1ab_0        conda-forge
2025-01-21T13:21:33.6869380Z   click                        8.1.8       pyh707e725_0        conda-forge
2025-01-21T13:21:33.6869670Z   click-default-group          1.2.4       pyhd8ed1ab_1        conda-forge
2025-01-21T13:21:33.6869990Z   clikit                       0.6.2       pyhd8ed1ab_3        conda-forge
2025-01-21T13:21:33.6870290Z   conda-lock                   2.5.7       pyhd8ed1ab_1        conda-forge
2025-01-21T13:21:33.6870860Z   crashtest                    0.4.1       pyhd8ed1ab_1        conda-forge
2025-01-21T13:21:33.6871240Z   distlib                      0.3.9       pyhd8ed1ab_1        conda-forge
2025-01-21T13:21:33.6871580Z   ensureconda                  1.4.4       pyhd8ed1ab_1        conda-forge
2025-01-21T13:21:33.6871900Z   filelock                     3.16.1      pyhd8ed1ab_1        conda-forge
2025-01-21T13:21:33.6872170Z   gitdb                        4.0.12      pyhd8ed1ab_0        conda-forge
2025-01-21T13:21:33.6872450Z   gitpython                    3.1.44      pyhff2d567_0        conda-forge
2025-01-21T13:21:33.6872770Z   html5lib                     1.1         pyhd8ed1ab_2        conda-forge
2025-01-21T13:21:33.6873040Z   idna                         3.10        pyhd8ed1ab_1        conda-forge
2025-01-21T13:21:33.6873380Z   importlib-metadata           8.6.1       pyha770c72_0        conda-forge
2025-01-21T13:21:33.6873830Z   importlib_resources          6.5.2       pyhd8ed1ab_0        conda-forge
2025-01-21T13:21:33.6874210Z   jaraco.classes               3.4.0       pyhd8ed1ab_2        conda-forge
2025-01-21T13:21:33.6874550Z   jaraco.context               6.0.1       pyhd8ed1ab_0        conda-forge
2025-01-21T13:21:33.6875570Z   jaraco.functools             4.1.0       pyhd8ed1ab_0        conda-forge
2025-01-21T13:21:33.6876240Z   jinja2                       3.1.5       pyhd8ed1ab_0        conda-forge
2025-01-21T13:21:33.6876590Z   keyring                      25.6.0      pyh534df25_0        conda-forge
2025-01-21T13:21:33.6876880Z   libcxx                       19.1.7      ha82da77_0          conda-forge
2025-01-21T13:21:33.6877180Z   libexpat                     2.6.4       h286801f_0          conda-forge
2025-01-21T13:21:33.6877470Z   libffi                       3.4.2       h3422bc3_5          conda-forge
2025-01-21T13:21:33.6877760Z   liblzma                      5.6.3       h39f12f2_1          conda-forge
2025-01-21T13:21:33.6878020Z   libmpdec                     4.0.0       h99b78c6_0          conda-forge
2025-01-21T13:21:33.6878300Z   libsqlite                    3.48.0      h3f77e49_0          conda-forge
2025-01-21T13:21:33.6878680Z   libzlib                      1.3.1       h8359307_2          conda-forge
2025-01-21T13:21:33.6879060Z   markupsafe                   3.0.2       py313ha9b7d5b_1     conda-forge
2025-01-21T13:21:33.6879450Z   more-itertools               10.6.0      pyhd8ed1ab_0        conda-forge
2025-01-21T13:21:33.6879820Z   msgpack-python               1.1.0       py313hf9c7212_0     conda-forge
2025-01-21T13:21:33.6880200Z   ncurses                      6.5         h5e97a16_2          conda-forge
2025-01-21T13:21:33.6880490Z   openssl                      3.4.0       h81ee809_1          conda-forge
2025-01-21T13:21:33.6880810Z   packaging                    24.2        pyhd8ed1ab_2        conda-forge
2025-01-21T13:21:33.6881160Z   pastel                       0.2.1       pyhd8ed1ab_0        conda-forge
2025-01-21T13:21:33.6881430Z   pip                          24.3.1      pyh145f28c_2        conda-forge
2025-01-21T13:21:33.6881730Z   pkginfo                      1.12.0      pyhd8ed1ab_1        conda-forge
2025-01-21T13:21:33.6882060Z   platformdirs                 4.3.6       pyhd8ed1ab_1        conda-forge
2025-01-21T13:21:33.6882410Z   pydantic                     2.10.5      pyh3cfb1c2_0        conda-forge
2025-01-21T13:21:33.6882730Z   pydantic-core                2.27.2      py313hdde674f_0     conda-forge
2025-01-21T13:21:33.6883050Z   pylev                        1.4.0       pyhd8ed1ab_0        conda-forge
2025-01-21T13:21:33.6883390Z   pysocks                      1.7.1       pyha55dd90_7        conda-forge
2025-01-21T13:21:33.6883710Z   python                       3.13.1      h4f43103_105_cp313  conda-forge
2025-01-21T13:21:33.6884010Z   python_abi                   3.13        5_cp313             conda-forge
2025-01-21T13:21:33.6884320Z   pyyaml                       6.0.2       py313ha9b7d5b_2     conda-forge
2025-01-21T13:21:33.6884850Z   readline                     8.2         h92ec313_1          conda-forge
2025-01-21T13:21:33.6885170Z   requests                     2.32.3      pyhd8ed1ab_1        conda-forge
2025-01-21T13:21:33.6885450Z   ruamel.yaml                  0.18.10     py313h90d716c_0     conda-forge
2025-01-21T13:21:33.6885810Z   ruamel.yaml.clib             0.2.8       py313h63a2874_1     conda-forge
2025-01-21T13:21:33.6886110Z   setuptools                   75.8.0      pyhff2d567_0        conda-forge
2025-01-21T13:21:33.6886450Z   six                          1.17.0      pyhd8ed1ab_0        conda-forge
2025-01-21T13:21:33.6886710Z   smmap                        5.0.0       pyhd8ed1ab_0        conda-forge
2025-01-21T13:21:33.6886960Z   tk                           8.6.13      h5083fa2_1          conda-forge
2025-01-21T13:21:33.6887230Z   tomli                        2.2.1       pyhd8ed1ab_1        conda-forge
2025-01-21T13:21:33.6887510Z   tomlkit                      0.13.2      pyha770c72_1        conda-forge
2025-01-21T13:21:33.6887820Z   toolz                        0.12.1      pyhd8ed1ab_0        conda-forge
2025-01-21T13:21:33.6888160Z   typing-extensions            4.12.2      hd8ed1ab_1          conda-forge
2025-01-21T13:21:33.6888810Z   typing_extensions            4.12.2      pyha770c72_1        conda-forge
2025-01-21T13:21:33.6889150Z   tzdata                       2025a       h78e105d_0          conda-forge
2025-01-21T13:21:33.6889830Z   urllib3                      1.26.19     pyhd8ed1ab_0        conda-forge
2025-01-21T13:21:33.6890220Z   virtualenv                   20.29.1     pyhd8ed1ab_0        conda-forge
2025-01-21T13:21:33.6890570Z   webencodings                 0.5.1       pyhd8ed1ab_3        conda-forge
2025-01-21T13:21:33.6890940Z   yaml                         0.2.5       h3422bc3_2          conda-forge
2025-01-21T13:21:33.6891260Z   zipp                         3.21.0      pyhd8ed1ab_1        conda-forge
2025-01-21T13:21:33.6891850Z ##[endgroup]
2025-01-21T13:21:33.6957660Z ##[group]Run mkdir -p /home/runner/micromamba/envs/tardis
2025-01-21T13:21:33.6958150Z [36;1mmkdir -p /home/runner/micromamba/envs/tardis[0m
2025-01-21T13:21:33.6958520Z [36;1mconda-lock install --prefix /home/runner/micromamba/envs/tardis conda-osx-arm64.lock[0m
2025-01-21T13:21:33.6958860Z [36;1mmicromamba shell deinit -s bash[0m
2025-01-21T13:21:33.6959050Z [36;1mmicromamba activate tardis[0m
2025-01-21T13:21:33.6959270Z [36;1mecho 'micromamba activate tardis' >> ~/.bashrc[0m
2025-01-21T13:21:33.6959480Z [36;1mpytest[0m
2025-01-21T13:21:33.7019840Z shell: /bin/bash -el {0}
2025-01-21T13:21:33.7020050Z env:
2025-01-21T13:21:33.7020190Z   CACHE_NUMBER: 0
2025-01-21T13:21:33.7020670Z   PYTEST_FLAGS: --tardis-regression-data=/Users/runner/work/tardis/tardis/tardis-regression-data --cov=tardis --cov-report=xml --cov-report=html --cov-append
2025-01-21T13:21:33.7021160Z   CODECOV_TOKEN: 
2025-01-21T13:21:33.7021310Z   MAMBA_ROOT_PREFIX: /Users/runner/micromamba
2025-01-21T13:21:33.7021540Z   MAMBA_EXE: /Users/runner/micromamba-bin/micromamba
2025-01-21T13:21:33.7021820Z   CONDARC: /Users/runner/work/_temp/setup-micromamba/.condarc
2025-01-21T13:21:33.7022050Z ##[endgroup]
2025-01-21T13:21:33.8513980Z mkdir: /home/runner: Operation not supported
2025-01-21T13:21:33.8533330Z ##[error]Process completed with exit code 1.
