2025-02-21T14:50:35.1805691Z Requested labels: macos-latest
2025-02-21T14:50:35.1805945Z Job defined at: tardis-sn/tardis/.github/workflows/tests.yml@refs/pull/2985/merge
2025-02-21T14:50:35.1806097Z Waiting for a runner to pick up this job...
2025-02-21T14:50:35.5919029Z Job is waiting for a hosted runner to come online.
2025-02-21T14:50:38.4695488Z Job is about to start running on the hosted runner: GitHub Actions 1 (hosted)
2025-02-21T14:50:39.7079050Z Current runner version: '2.322.0'
2025-02-21T14:50:39.7098500Z ##[group]Operating System
2025-02-21T14:50:39.7099050Z macOS
2025-02-21T14:50:39.7099360Z 14.7.2
2025-02-21T14:50:39.7099660Z 23H311
2025-02-21T14:50:39.7099960Z ##[endgroup]
2025-02-21T14:50:39.7100280Z ##[group]Runner Image
2025-02-21T14:50:39.7100620Z Image: macos-14-arm64
2025-02-21T14:50:39.7100940Z Version: 20250120.774
2025-02-21T14:50:39.7101600Z Included Software: https://github.com/actions/runner-images/blob/macos-14-arm64/20250120.774/images/macos/macos-14-arm64-Readme.md
2025-02-21T14:50:39.7102560Z Image Release: https://github.com/actions/runner-images/releases/tag/macos-14-arm64%2F20250120.774
2025-02-21T14:50:39.7103160Z ##[endgroup]
2025-02-21T14:50:39.7103480Z ##[group]Runner Image Provisioner
2025-02-21T14:50:39.7103900Z 2.0.422.1+55c30c14fe2a0a1547db1b656933ae07d97649a9
2025-02-21T14:50:39.7104310Z ##[endgroup]
2025-02-21T14:50:39.7105690Z ##[group]GITHUB_TOKEN Permissions
2025-02-21T14:50:39.7106850Z Actions: read
2025-02-21T14:50:39.7107190Z Attestations: read
2025-02-21T14:50:39.7107500Z Checks: read
2025-02-21T14:50:39.7107800Z Contents: read
2025-02-21T14:50:39.7108110Z Deployments: read
2025-02-21T14:50:39.7108420Z Discussions: read
2025-02-21T14:50:39.7108730Z Issues: read
2025-02-21T14:50:39.7109020Z Metadata: read
2025-02-21T14:50:39.7109320Z Packages: read
2025-02-21T14:50:39.7109620Z Pages: read
2025-02-21T14:50:39.7109920Z PullRequests: read
2025-02-21T14:50:39.7110250Z RepositoryProjects: read
2025-02-21T14:50:39.7110600Z SecurityEvents: read
2025-02-21T14:50:39.7110940Z Statuses: read
2025-02-21T14:50:39.7111260Z ##[endgroup]
2025-02-21T14:50:39.7113270Z Secret source: None
2025-02-21T14:50:39.7113750Z Prepare workflow directory
2025-02-21T14:50:39.7457760Z Prepare all required actions
2025-02-21T14:50:39.7484090Z Getting action download info
2025-02-21T14:50:39.9403380Z ##[group]Download immutable action package 'actions/checkout@v4'
2025-02-21T14:50:39.9404020Z Version: 4.2.2
2025-02-21T14:50:39.9404670Z Digest: sha256:ccb2698953eaebd21c7bf6268a94f9c26518a7e38e27e0b83c1fe1ad049819b1
2025-02-21T14:50:39.9405400Z Source commit SHA: 11bd71901bbe5b1630ceea73d27597364c9af683
2025-02-21T14:50:39.9405870Z ##[endgroup]
2025-02-21T14:50:40.3464500Z ##[group]Download immutable action package 'actions/upload-artifact@v4'
2025-02-21T14:50:40.3465070Z Version: 4.6.0
2025-02-21T14:50:40.3465560Z Digest: sha256:bf85474c8423f9cd48bd2caf3ce5adb1711e2dfdb055b040bd36b044e4290329
2025-02-21T14:50:40.3466190Z Source commit SHA: 65c4c4a1ddee5b72f698fdd19549f0f0fb45cf08
2025-02-21T14:50:40.3466660Z ##[endgroup]
2025-02-21T14:50:40.5056960Z Complete job name:  continuum macos-latest 
2025-02-21T14:50:40.5399720Z ##[group]Run actions/checkout@v4
2025-02-21T14:50:40.5400190Z with:
2025-02-21T14:50:40.5400460Z   repository: tardis-sn/tardis
2025-02-21T14:50:40.5400870Z   token: ***
2025-02-21T14:50:40.5401130Z   ssh-strict: true
2025-02-21T14:50:40.5401400Z   ssh-user: git
2025-02-21T14:50:40.5401680Z   persist-credentials: true
2025-02-21T14:50:40.5402010Z   clean: true
2025-02-21T14:50:40.5402290Z   sparse-checkout-cone-mode: true
2025-02-21T14:50:40.5402610Z   fetch-depth: 1
2025-02-21T14:50:40.5402890Z   fetch-tags: false
2025-02-21T14:50:40.5403170Z   show-progress: true
2025-02-21T14:50:40.5403450Z   lfs: false
2025-02-21T14:50:40.5403720Z   submodules: false
2025-02-21T14:50:40.5404010Z   set-safe-directory: true
2025-02-21T14:50:40.5404400Z env:
2025-02-21T14:50:40.5404650Z   CACHE_NUMBER: 0
2025-02-21T14:50:40.5405390Z   PYTEST_FLAGS: --tardis-regression-data=/Users/runner/work/tardis/tardis/tardis-regression-data --cov=tardis --cov-report=xml --cov-report=html --cov-append
2025-02-21T14:50:40.5406170Z   CODECOV_TOKEN: 
2025-02-21T14:50:40.5406450Z ##[endgroup]
2025-02-21T14:50:40.8124020Z Syncing repository: tardis-sn/tardis
2025-02-21T14:50:40.8129350Z ##[group]Getting Git version info
2025-02-21T14:50:40.8129980Z Working directory is '/Users/runner/work/tardis/tardis'
2025-02-21T14:50:40.8130900Z [command]/opt/homebrew/bin/git version
2025-02-21T14:50:40.8682250Z git version 2.48.1
2025-02-21T14:50:40.8744290Z ##[endgroup]
2025-02-21T14:50:40.8749030Z Copying '/Users/runner/.gitconfig' to '/Users/runner/work/_temp/eeabc5ec-2eae-4f8a-813f-b2908ce8123b/.gitconfig'
2025-02-21T14:50:40.8750630Z Temporarily overriding HOME='/Users/runner/work/_temp/eeabc5ec-2eae-4f8a-813f-b2908ce8123b' before making global git config changes
2025-02-21T14:50:40.8751790Z Adding repository directory to the temporary git global config as a safe directory
2025-02-21T14:50:40.8752980Z [command]/opt/homebrew/bin/git config --global --add safe.directory /Users/runner/work/tardis/tardis
2025-02-21T14:50:40.8845980Z Deleting the contents of '/Users/runner/work/tardis/tardis'
2025-02-21T14:50:40.8849670Z ##[group]Initializing the repository
2025-02-21T14:50:40.8856590Z [command]/opt/homebrew/bin/git init /Users/runner/work/tardis/tardis
2025-02-21T14:50:40.9053570Z hint: Using 'master' as the name for the initial branch. This default branch name
2025-02-21T14:50:40.9054810Z hint: is subject to change. To configure the initial branch name to use in all
2025-02-21T14:50:40.9055650Z hint: of your new repositories, which will suppress this warning, call:
2025-02-21T14:50:40.9056370Z hint:
2025-02-21T14:50:40.9056900Z hint: 	git config --global init.defaultBranch <name>
2025-02-21T14:50:40.9057400Z hint:
2025-02-21T14:50:40.9057980Z hint: Names commonly chosen instead of 'master' are 'main', 'trunk' and
2025-02-21T14:50:40.9059080Z hint: 'development'. The just-created branch can be renamed via this command:
2025-02-21T14:50:40.9060230Z hint:
2025-02-21T14:50:40.9060650Z hint: 	git branch -m <name>
2025-02-21T14:50:40.9061330Z Initialized empty Git repository in /Users/runner/work/tardis/tardis/.git/
2025-02-21T14:50:40.9062960Z [command]/opt/homebrew/bin/git remote add origin https://github.com/tardis-sn/tardis
2025-02-21T14:50:40.9120970Z ##[endgroup]
2025-02-21T14:50:40.9121650Z ##[group]Disabling automatic garbage collection
2025-02-21T14:50:40.9122320Z [command]/opt/homebrew/bin/git config --local gc.auto 0
2025-02-21T14:50:40.9163130Z ##[endgroup]
2025-02-21T14:50:40.9163860Z ##[group]Setting up auth
2025-02-21T14:50:40.9177810Z [command]/opt/homebrew/bin/git config --local --name-only --get-regexp core\.sshCommand
2025-02-21T14:50:40.9225710Z [command]/opt/homebrew/bin/git submodule foreach --recursive sh -c "git config --local --name-only --get-regexp 'core\.sshCommand' && git config --local --unset-all 'core.sshCommand' || :"
2025-02-21T14:50:40.9807430Z [command]/opt/homebrew/bin/git config --local --name-only --get-regexp http\.https\:\/\/github\.com\/\.extraheader
2025-02-21T14:50:40.9842600Z [command]/opt/homebrew/bin/git submodule foreach --recursive sh -c "git config --local --name-only --get-regexp 'http\.https\:\/\/github\.com\/\.extraheader' && git config --local --unset-all 'http.https://github.com/.extraheader' || :"
2025-02-21T14:50:41.0322230Z [command]/opt/homebrew/bin/git config --local http.https://github.com/.extraheader AUTHORIZATION: basic ***
2025-02-21T14:50:41.0643020Z ##[endgroup]
2025-02-21T14:50:41.0673840Z ##[group]Fetching the repository
2025-02-21T14:50:41.0675240Z [command]/opt/homebrew/bin/git -c protocol.version=2 fetch --no-tags --prune --no-recurse-submodules --depth=1 origin +07bddaab664eb47389d34426c625e50630db9244:refs/remotes/pull/2985/merge
2025-02-21T14:50:43.3311730Z From https://github.com/tardis-sn/tardis
2025-02-21T14:50:43.3316650Z  * [new ref]         07bddaab664eb47389d34426c625e50630db9244 -> pull/2985/merge
2025-02-21T14:50:43.3376970Z ##[endgroup]
2025-02-21T14:50:43.3377740Z ##[group]Determining the checkout info
2025-02-21T14:50:43.3378480Z ##[endgroup]
2025-02-21T14:50:43.3380190Z [command]/opt/homebrew/bin/git sparse-checkout disable
2025-02-21T14:50:43.3441320Z [command]/opt/homebrew/bin/git config --local --unset-all extensions.worktreeConfig
2025-02-21T14:50:43.3493840Z ##[group]Checking out the ref
2025-02-21T14:50:43.3494710Z [command]/opt/homebrew/bin/git checkout --progress --force refs/remotes/pull/2985/merge
2025-02-21T14:50:43.6856610Z HEAD is now at 07bddaa Merge 7022e3ab60ca71410018856e384ccb8b0388abcf into cec8b531cc56e66219fe3ca2efdbf837c008b852
2025-02-21T14:50:43.6935680Z ##[endgroup]
2025-02-21T14:50:43.6937060Z [command]/opt/homebrew/bin/git log -1 --format=%H
2025-02-21T14:50:43.6994490Z 07bddaab664eb47389d34426c625e50630db9244
2025-02-21T14:50:43.7317540Z Prepare all required actions
2025-02-21T14:50:43.7318750Z Getting action download info
2025-02-21T14:50:43.9163930Z ##[group]Download immutable action package 'actions/cache@v4'
2025-02-21T14:50:43.9165180Z Version: 4.2.1
2025-02-21T14:50:43.9166240Z Digest: sha256:b0404c9628d43aa6855629075b28f32cadf8efc5c26198438149f78500112940
2025-02-21T14:50:43.9167570Z Source commit SHA: 0c907a75c2c80ebcb7f088228285e798b750cf8f
2025-02-21T14:50:43.9168620Z ##[endgroup]
2025-02-21T14:50:44.5638410Z ##[group]Run ./.github/actions/setup_lfs
2025-02-21T14:50:44.5639160Z with:
2025-02-21T14:50:44.5639780Z   regression-data-repo: tardis-sn/tardis-regression-data
2025-02-21T14:50:44.5640640Z   atom-data-sparse: false
2025-02-21T14:50:44.5641190Z env:
2025-02-21T14:50:44.5641650Z   CACHE_NUMBER: 0
2025-02-21T14:50:44.5643150Z   PYTEST_FLAGS: --tardis-regression-data=/Users/runner/work/tardis/tardis/tardis-regression-data --cov=tardis --cov-report=xml --cov-report=html --cov-append
2025-02-21T14:50:44.5644880Z   CODECOV_TOKEN: 
2025-02-21T14:50:44.5645400Z ##[endgroup]
2025-02-21T14:50:44.5813010Z ##[group]Run actions/checkout@v4
2025-02-21T14:50:44.5813640Z with:
2025-02-21T14:50:44.5814170Z   repository: tardis-sn/tardis-regression-data
2025-02-21T14:50:44.5815000Z   path: tardis-regression-data
2025-02-21T14:50:44.5815580Z   lfs: false
2025-02-21T14:50:44.5816230Z   token: ***
2025-02-21T14:50:44.5816700Z   ssh-strict: true
2025-02-21T14:50:44.5817190Z   ssh-user: git
2025-02-21T14:50:44.5817700Z   persist-credentials: true
2025-02-21T14:50:44.5818250Z   clean: true
2025-02-21T14:50:44.5818760Z   sparse-checkout-cone-mode: true
2025-02-21T14:50:44.5819340Z   fetch-depth: 1
2025-02-21T14:50:44.5819840Z   fetch-tags: false
2025-02-21T14:50:44.5820320Z   show-progress: true
2025-02-21T14:50:44.5820810Z   submodules: false
2025-02-21T14:50:44.5821310Z   set-safe-directory: true
2025-02-21T14:50:44.5821830Z env:
2025-02-21T14:50:44.5822250Z   CACHE_NUMBER: 0
2025-02-21T14:50:44.5823640Z   PYTEST_FLAGS: --tardis-regression-data=/Users/runner/work/tardis/tardis/tardis-regression-data --cov=tardis --cov-report=xml --cov-report=html --cov-append
2025-02-21T14:50:44.5825120Z   CODECOV_TOKEN: 
2025-02-21T14:50:44.5825600Z ##[endgroup]
2025-02-21T14:50:44.7451640Z Syncing repository: tardis-sn/tardis-regression-data
2025-02-21T14:50:44.7453010Z ##[group]Getting Git version info
2025-02-21T14:50:44.7453890Z Working directory is '/Users/runner/work/tardis/tardis/tardis-regression-data'
2025-02-21T14:50:44.7455190Z [command]/opt/homebrew/bin/git version
2025-02-21T14:50:44.7455830Z git version 2.48.1
2025-02-21T14:50:44.7457600Z ##[endgroup]
2025-02-21T14:50:44.7459640Z Copying '/Users/runner/.gitconfig' to '/Users/runner/work/_temp/d6c881b5-2e1a-468d-8417-24684b79fca1/.gitconfig'
2025-02-21T14:50:44.7461460Z Temporarily overriding HOME='/Users/runner/work/_temp/d6c881b5-2e1a-468d-8417-24684b79fca1' before making global git config changes
2025-02-21T14:50:44.7463090Z Adding repository directory to the temporary git global config as a safe directory
2025-02-21T14:50:44.7464690Z [command]/opt/homebrew/bin/git config --global --add safe.directory /Users/runner/work/tardis/tardis/tardis-regression-data
2025-02-21T14:50:44.7466930Z ##[group]Initializing the repository
2025-02-21T14:50:44.7467930Z [command]/opt/homebrew/bin/git init /Users/runner/work/tardis/tardis/tardis-regression-data
2025-02-21T14:50:44.7512710Z hint: Using 'master' as the name for the initial branch. This default branch name
2025-02-21T14:50:44.7515060Z hint: is subject to change. To configure the initial branch name to use in all
2025-02-21T14:50:44.7516350Z hint: of your new repositories, which will suppress this warning, call:
2025-02-21T14:50:44.7517650Z hint:
2025-02-21T14:50:44.7518310Z hint: 	git config --global init.defaultBranch <name>
2025-02-21T14:50:44.7519070Z hint:
2025-02-21T14:50:44.7519830Z hint: Names commonly chosen instead of 'master' are 'main', 'trunk' and
2025-02-21T14:50:44.7522020Z hint: 'development'. The just-created branch can be renamed via this command:
2025-02-21T14:50:44.7523020Z hint:
2025-02-21T14:50:44.7523510Z hint: 	git branch -m <name>
2025-02-21T14:50:44.7524730Z Initialized empty Git repository in /Users/runner/work/tardis/tardis/tardis-regression-data/.git/
2025-02-21T14:50:44.7530020Z [command]/opt/homebrew/bin/git remote add origin https://github.com/tardis-sn/tardis-regression-data
2025-02-21T14:50:44.7650940Z ##[endgroup]
2025-02-21T14:50:44.7651960Z ##[group]Disabling automatic garbage collection
2025-02-21T14:50:44.7653410Z [command]/opt/homebrew/bin/git config --local gc.auto 0
2025-02-21T14:50:44.7799810Z ##[endgroup]
2025-02-21T14:50:44.7843560Z ##[group]Setting up auth
2025-02-21T14:50:44.7848560Z [command]/opt/homebrew/bin/git config --local --name-only --get-regexp core\.sshCommand
2025-02-21T14:50:44.7874730Z [command]/opt/homebrew/bin/git submodule foreach --recursive sh -c "git config --local --name-only --get-regexp 'core\.sshCommand' && git config --local --unset-all 'core.sshCommand' || :"
2025-02-21T14:50:44.8550660Z [command]/opt/homebrew/bin/git config --local --name-only --get-regexp http\.https\:\/\/github\.com\/\.extraheader
2025-02-21T14:50:44.8617000Z [command]/opt/homebrew/bin/git submodule foreach --recursive sh -c "git config --local --name-only --get-regexp 'http\.https\:\/\/github\.com\/\.extraheader' && git config --local --unset-all 'http.https://github.com/.extraheader' || :"
2025-02-21T14:50:45.0005000Z [command]/opt/homebrew/bin/git config --local http.https://github.com/.extraheader AUTHORIZATION: basic ***
2025-02-21T14:50:45.0007440Z ##[endgroup]
2025-02-21T14:50:45.0008790Z ##[group]Determining the default branch
2025-02-21T14:50:45.0009550Z Retrieving the default branch name
2025-02-21T14:50:45.3846570Z Default branch 'main'
2025-02-21T14:50:45.3851030Z ##[endgroup]
2025-02-21T14:50:45.3853170Z ##[group]Fetching the repository
2025-02-21T14:50:45.3860170Z [command]/opt/homebrew/bin/git -c protocol.version=2 fetch --no-tags --prune --no-recurse-submodules --depth=1 origin +refs/heads/main:refs/remotes/origin/main
2025-02-21T14:50:46.3887110Z From https://github.com/tardis-sn/tardis-regression-data
2025-02-21T14:50:46.3887850Z  * [new branch]      main       -> origin/main
2025-02-21T14:50:46.3944340Z ##[endgroup]
2025-02-21T14:50:46.3944840Z ##[group]Determining the checkout info
2025-02-21T14:50:46.3945390Z ##[endgroup]
2025-02-21T14:50:46.3949170Z [command]/opt/homebrew/bin/git sparse-checkout disable
2025-02-21T14:50:46.4002830Z [command]/opt/homebrew/bin/git config --local --unset-all extensions.worktreeConfig
2025-02-21T14:50:46.4046640Z ##[group]Checking out the ref
2025-02-21T14:50:46.4049190Z [command]/opt/homebrew/bin/git checkout --progress --force -B main refs/remotes/origin/main
2025-02-21T14:50:46.6710570Z Switched to a new branch 'main'
2025-02-21T14:50:46.6768260Z branch 'main' set up to track 'origin/main'.
2025-02-21T14:50:46.8121880Z ##[endgroup]
2025-02-21T14:50:46.8195830Z [command]/opt/homebrew/bin/git log -1 --format=%H
2025-02-21T14:50:46.8196730Z 84e768462f20f09fbccc05625cdcc1d8ffbe404c
2025-02-21T14:50:46.8318460Z ##[group]Run if [ "false" == "true" ]; then
2025-02-21T14:50:46.8318970Z [36;1mif [ "false" == "true" ]; then[0m
2025-02-21T14:50:46.8319230Z [36;1m  echo "Using atom data sparse checkout"[0m
2025-02-21T14:50:46.8319570Z [36;1m  echo "atom_data/kurucz_cd23_chianti_H_He.h5" > .lfs-files-list[0m
2025-02-21T14:50:46.8319860Z [36;1melse[0m
2025-02-21T14:50:46.8320150Z [36;1m  echo "Using full repository checkout"[0m
2025-02-21T14:50:46.8320460Z [36;1m  git lfs ls-files -l | cut -d' ' -f1 | sort > .lfs-files-list[0m
2025-02-21T14:50:46.8320800Z [36;1mfi[0m
2025-02-21T14:50:46.8411530Z shell: /bin/bash --noprofile --norc -e -o pipefail {0}
2025-02-21T14:50:46.8433020Z env:
2025-02-21T14:50:46.8433220Z   CACHE_NUMBER: 0
2025-02-21T14:50:46.8433780Z   PYTEST_FLAGS: --tardis-regression-data=/Users/runner/work/tardis/tardis/tardis-regression-data --cov=tardis --cov-report=xml --cov-report=html --cov-append
2025-02-21T14:50:46.8434460Z   CODECOV_TOKEN: 
2025-02-21T14:50:46.8435360Z ##[endgroup]
2025-02-21T14:50:46.8831440Z Using full repository checkout
2025-02-21T14:50:47.2398590Z ##[group]Run actions/cache/restore@v4
2025-02-21T14:50:47.2398950Z with:
2025-02-21T14:50:47.2399150Z   path: tardis-regression-data/.git/lfs
2025-02-21T14:50:47.2399710Z   key: tardis-regression-full-data-c8ff2bbb6048b3f24d3f52a1e85b013ad47e52c369a6ce4cfdeff528b659b86f-tardis-sn/tardis-regression-data-v1
2025-02-21T14:50:47.2400320Z   fail-on-cache-miss: true
2025-02-21T14:50:47.2400520Z   enableCrossOsArchive: false
2025-02-21T14:50:47.2400720Z   lookup-only: false
2025-02-21T14:50:47.2400900Z env:
2025-02-21T14:50:47.2401040Z   CACHE_NUMBER: 0
2025-02-21T14:50:47.2401700Z   PYTEST_FLAGS: --tardis-regression-data=/Users/runner/work/tardis/tardis/tardis-regression-data --cov=tardis --cov-report=xml --cov-report=html --cov-append
2025-02-21T14:50:47.2402240Z   CODECOV_TOKEN: 
2025-02-21T14:50:47.2402390Z ##[endgroup]
2025-02-21T14:50:47.5837900Z Cache hit for: tardis-regression-full-data-c8ff2bbb6048b3f24d3f52a1e85b013ad47e52c369a6ce4cfdeff528b659b86f-tardis-sn/tardis-regression-data-v1
2025-02-21T14:50:48.7936690Z Received 25165824 of 2161656325 (1.2%), 24.0 MBs/sec
2025-02-21T14:50:49.7988270Z Received 117440512 of 2161656325 (5.4%), 55.8 MBs/sec
2025-02-21T14:50:50.8036660Z Received 134217728 of 2161656325 (6.2%), 42.5 MBs/sec
2025-02-21T14:50:51.8081440Z Received 243269632 of 2161656325 (11.3%), 57.8 MBs/sec
2025-02-21T14:50:52.8083640Z Received 306184192 of 2161656325 (14.2%), 58.2 MBs/sec
2025-02-21T14:50:53.8125910Z Received 390070272 of 2161656325 (18.0%), 61.8 MBs/sec
2025-02-21T14:50:54.8137810Z Received 457179136 of 2161656325 (21.1%), 62.1 MBs/sec
2025-02-21T14:50:55.8176460Z Received 536870912 of 2161656325 (24.8%), 63.8 MBs/sec
2025-02-21T14:50:56.8183140Z Received 624951296 of 2161656325 (28.9%), 66.0 MBs/sec
2025-02-21T14:50:57.8197600Z Received 696254464 of 2161656325 (32.2%), 66.2 MBs/sec
2025-02-21T14:50:58.8317830Z Received 801112064 of 2161656325 (37.1%), 69.2 MBs/sec
2025-02-21T14:50:59.8361380Z Received 889192448 of 2161656325 (41.1%), 70.4 MBs/sec
2025-02-21T14:51:00.8376380Z Received 939524096 of 2161656325 (43.5%), 68.7 MBs/sec
2025-02-21T14:51:01.8441830Z Received 1031798784 of 2161656325 (47.7%), 70.0 MBs/sec
2025-02-21T14:51:02.8451320Z Received 1103101952 of 2161656325 (51.0%), 69.9 MBs/sec
2025-02-21T14:51:03.9851050Z Received 1207959552 of 2161656325 (55.9%), 71.1 MBs/sec
2025-02-21T14:51:04.9857090Z Received 1300234240 of 2161656325 (60.1%), 72.1 MBs/sec
2025-02-21T14:51:05.9876910Z Received 1392508928 of 2161656325 (64.4%), 73.0 MBs/sec
2025-02-21T14:51:06.9885980Z Received 1476395008 of 2161656325 (68.3%), 73.3 MBs/sec
2025-02-21T14:51:07.9933410Z Received 1581252608 of 2161656325 (73.2%), 74.7 MBs/sec
2025-02-21T14:51:08.9893510Z Received 1656750080 of 2161656325 (76.6%), 74.5 MBs/sec
2025-02-21T14:51:09.9915040Z Received 1749024768 of 2161656325 (80.9%), 75.1 MBs/sec
2025-02-21T14:51:10.9931630Z Received 1858076672 of 2161656325 (86.0%), 76.4 MBs/sec
2025-02-21T14:51:11.9928410Z Received 1929379840 of 2161656325 (89.3%), 76.0 MBs/sec
2025-02-21T14:51:12.9937540Z Received 2017460224 of 2161656325 (93.3%), 76.3 MBs/sec
2025-02-21T14:51:13.9940540Z Received 2139095040 of 2161656325 (99.0%), 77.9 MBs/sec
2025-02-21T14:51:14.4702660Z Received 2161656325 of 2161656325 (100.0%), 77.3 MBs/sec
2025-02-21T14:51:14.4708980Z Cache Size: ~2062 MB (2161656325 B)
2025-02-21T14:51:14.4762640Z [command]/opt/homebrew/bin/gtar -xf /Users/runner/work/_temp/b43873e0-b658-4767-ab90-e750c4b59ee8/cache.tzst -P -C /Users/runner/work/tardis/tardis --delay-directory-restore --use-compress-program unzstd
2025-02-21T14:51:25.7814770Z Cache restored successfully
2025-02-21T14:51:25.9175480Z Cache restored from key: tardis-regression-full-data-c8ff2bbb6048b3f24d3f52a1e85b013ad47e52c369a6ce4cfdeff528b659b86f-tardis-sn/tardis-regression-data-v1
2025-02-21T14:51:25.9370920Z ##[group]Run git lfs checkout
2025-02-21T14:51:25.9371210Z [36;1mgit lfs checkout[0m
2025-02-21T14:51:25.9459860Z shell: /bin/bash --noprofile --norc -e -o pipefail {0}
2025-02-21T14:51:25.9460200Z env:
2025-02-21T14:51:25.9460440Z   CACHE_NUMBER: 0
2025-02-21T14:51:25.9460980Z   PYTEST_FLAGS: --tardis-regression-data=/Users/runner/work/tardis/tardis/tardis-regression-data --cov=tardis --cov-report=xml --cov-report=html --cov-append
2025-02-21T14:51:25.9461590Z   CODECOV_TOKEN: 
2025-02-21T14:51:25.9461770Z ##[endgroup]
2025-02-21T14:51:39.1646430Z Checking out LFS objects: 100% (204/204), 5.7 GB | 345 MB/s, done.
2025-02-21T14:51:48.3565940Z Prepare all required actions
2025-02-21T14:51:48.3566400Z Getting action download info
2025-02-21T14:51:48.4918700Z Download action repository 'mamba-org/setup-micromamba@v1' (SHA:4b9113af4fba0e9e1124b252dd6497a419e7396d)
2025-02-21T14:51:49.5781030Z ##[group]Run ./.github/actions/setup_env
2025-02-21T14:51:49.5781350Z with:
2025-02-21T14:51:49.5781540Z   os-label: osx-arm64
2025-02-21T14:51:49.5781750Z env:
2025-02-21T14:51:49.5781960Z   CACHE_NUMBER: 0
2025-02-21T14:51:49.5782470Z   PYTEST_FLAGS: --tardis-regression-data=/Users/runner/work/tardis/tardis/tardis-regression-data --cov=tardis --cov-report=xml --cov-report=html --cov-append
2025-02-21T14:51:49.5783030Z   CODECOV_TOKEN: 
2025-02-21T14:51:49.5783200Z ##[endgroup]
2025-02-21T14:51:49.5801430Z ##[group]Run file_hash=$(cat conda-osx-arm64.lock | shasum -a 256 | cut -d' ' -f1)
2025-02-21T14:51:49.5801790Z [36;1mfile_hash=$(cat conda-osx-arm64.lock | shasum -a 256 | cut -d' ' -f1)[0m
2025-02-21T14:51:49.5802220Z [36;1mecho "file_hash=tardis-conda-env-osx-arm64-${file_hash}-v1" >> "${GITHUB_OUTPUT}"[0m
2025-02-21T14:51:49.5848340Z shell: /bin/bash --noprofile --norc -e -o pipefail {0}
2025-02-21T14:51:49.5848560Z env:
2025-02-21T14:51:49.5848680Z   CACHE_NUMBER: 0
2025-02-21T14:51:49.5849150Z   PYTEST_FLAGS: --tardis-regression-data=/Users/runner/work/tardis/tardis/tardis-regression-data --cov=tardis --cov-report=xml --cov-report=html --cov-append
2025-02-21T14:51:49.5849620Z   CODECOV_TOKEN: 
2025-02-21T14:51:49.5849770Z ##[endgroup]
2025-02-21T14:51:49.6903960Z ##[group]Run mamba-org/setup-micromamba@v1
2025-02-21T14:51:49.6904190Z with:
2025-02-21T14:51:49.6904340Z   environment-file: conda-osx-arm64.lock
2025-02-21T14:51:49.6904780Z   cache-environment-key: tardis-conda-env-osx-arm64-bf0d0a4d4c847cca72476c6c68c493d56c484aada7e80de0e42c7607fcef5824-v1
2025-02-21T14:51:49.6905420Z   cache-downloads-key: tardis-conda-env-osx-arm64-bf0d0a4d4c847cca72476c6c68c493d56c484aada7e80de0e42c7607fcef5824-v1
2025-02-21T14:51:49.6905870Z   environment-name: tardis
2025-02-21T14:51:49.6915310Z   cache-environment: true
2025-02-21T14:51:49.6915470Z   cache-downloads: true
2025-02-21T14:51:49.6915620Z env:
2025-02-21T14:51:49.6915770Z   CACHE_NUMBER: 0
2025-02-21T14:51:49.6916240Z   PYTEST_FLAGS: --tardis-regression-data=/Users/runner/work/tardis/tardis/tardis-regression-data --cov=tardis --cov-report=xml --cov-report=html --cov-append
2025-02-21T14:51:49.6916730Z   CODECOV_TOKEN: 
2025-02-21T14:51:49.6916850Z ##[endgroup]
2025-02-21T14:51:49.9616410Z Will download micromamba to /Users/runner/micromamba-bin/micromamba
2025-02-21T14:51:49.9621550Z ##[group]Install micromamba
2025-02-21T14:51:50.5636490Z micromamba installed to /Users/runner/micromamba-bin/micromamba
2025-02-21T14:51:50.5637140Z ##[endgroup]
2025-02-21T14:51:50.5637840Z Adding conda-forge to condarc channels ...
2025-02-21T14:51:50.5655930Z ##[group]Initialize micromamba for bash.
2025-02-21T14:51:50.5656710Z [command]/Users/runner/micromamba-bin/micromamba shell init -s bash -r /Users/runner/micromamba --log-level warning --rc-file /Users/runner/work/_temp/setup-micromamba/.condarc
2025-02-21T14:51:50.5875930Z Modifying RC file "/Users/runner/.bash_profile"
2025-02-21T14:51:50.5880790Z Generating config for root prefix [1m"/Users/runner/micromamba"[0m
2025-02-21T14:51:50.5881570Z Setting mamba executable to: [1m"/Users/runner/micromamba-bin/micromamba"[0m
2025-02-21T14:51:50.5882010Z Adding (or replacing) the following in your "/Users/runner/.bash_profile" file
2025-02-21T14:51:50.5882240Z 
2025-02-21T14:51:50.5882340Z # >>> mamba initialize >>>
2025-02-21T14:51:50.5882580Z # !! Contents within this block are managed by 'mamba init' !!
2025-02-21T14:51:50.5882880Z export MAMBA_EXE='/Users/runner/micromamba-bin/micromamba';
2025-02-21T14:51:50.5883170Z export MAMBA_ROOT_PREFIX='/Users/runner/micromamba';
2025-02-21T14:51:50.5883660Z __mamba_setup="$("$MAMBA_EXE" shell hook --shell bash --root-prefix "$MAMBA_ROOT_PREFIX" 2> /dev/null)"
2025-02-21T14:51:50.5884560Z if [ $? -eq 0 ]; then
2025-02-21T14:51:50.5884770Z     eval "$__mamba_setup"
2025-02-21T14:51:50.5884950Z else
2025-02-21T14:51:50.5885160Z     alias micromamba="$MAMBA_EXE"  # Fallback on help from mamba activate
2025-02-21T14:51:50.5885450Z fi
2025-02-21T14:51:50.5885580Z unset __mamba_setup
2025-02-21T14:51:50.5885770Z # <<< mamba initialize <<<
2025-02-21T14:51:50.5885890Z 
2025-02-21T14:51:50.5886150Z ##[endgroup]
2025-02-21T14:51:50.5886600Z ##[group]Restoring downloads from `/Users/runner/micromamba/pkgs` ...
2025-02-21T14:51:51.9932450Z Received 58720256 of 310594474 (18.9%), 55.9 MBs/sec
2025-02-21T14:51:52.9939150Z Received 197132288 of 310594474 (63.5%), 93.9 MBs/sec
2025-02-21T14:51:53.9967990Z Received 310594474 of 310594474 (100.0%), 98.5 MBs/sec
2025-02-21T14:51:54.0098400Z Cache Size: ~296 MB (310594474 B)
2025-02-21T14:51:54.0133510Z [command]/opt/homebrew/bin/gtar -xf /Users/runner/work/_temp/a4dbd1c7-5825-4832-a1d5-61d62a941ba6/cache.tzst -P -C /Users/runner/work/tardis/tardis --delay-directory-restore --use-compress-program unzstd
2025-02-21T14:51:54.5395560Z Cache restored successfully
2025-02-21T14:51:54.5423010Z Restored cache with key `tardis-conda-env-osx-arm64-bf0d0a4d4c847cca72476c6c68c493d56c484aada7e80de0e42c7607fcef5824-v1-osx-arm64`
2025-02-21T14:51:54.5424310Z ##[endgroup]
2025-02-21T14:51:54.5447160Z ##[group]Restoring environment `tardis` from `/Users/runner/micromamba/envs/tardis` ...
2025-02-21T14:51:55.7760990Z Received 104857600 of 385513979 (27.2%), 99.8 MBs/sec
2025-02-21T14:51:56.7764930Z Received 209715200 of 385513979 (54.4%), 99.8 MBs/sec
2025-02-21T14:51:57.7825680Z Received 343932928 of 385513979 (89.2%), 109.1 MBs/sec
2025-02-21T14:51:58.7820030Z Received 381319675 of 385513979 (98.9%), 90.7 MBs/sec
2025-02-21T14:51:58.8480630Z Cache Size: ~368 MB (385513979 B)
2025-02-21T14:51:58.8559490Z [command]/opt/homebrew/bin/gtar -xf /Users/runner/work/_temp/8556c961-d5a3-4339-83e8-bd1619e00cd8/cache.tzst -P -C /Users/runner/work/tardis/tardis --delay-directory-restore --use-compress-program unzstd
2025-02-21T14:51:59.7844530Z Received 385513979 of 385513979 (100.0%), 73.4 MBs/sec
2025-02-21T14:52:13.9794600Z Cache restored successfully
2025-02-21T14:52:13.9864910Z Restored cache with key `tardis-conda-env-osx-arm64-bf0d0a4d4c847cca72476c6c68c493d56c484aada7e80de0e42c7607fcef5824-v1-osx-arm64-tardis-args-4f53cda-root-873f6fe-bin-[object Promise]-file-bf0d0a4d4c847cca72476c6c68c493d56c484aada7e80de0e42c7607fcef5824`
2025-02-21T14:52:13.9868640Z ##[endgroup]
2025-02-21T14:52:13.9869140Z Adding environment tardis to auto-activate bash ...
2025-02-21T14:52:13.9870260Z Generating micromamba run shell.
2025-02-21T14:52:13.9902560Z ##[endgroup]
2025-02-21T14:52:13.9909230Z Set environment variables.
2025-02-21T14:52:13.9910720Z ##[group]micromamba info
2025-02-21T14:52:13.9911950Z [command]/Users/runner/micromamba-bin/micromamba info -r /Users/runner/micromamba -n tardis
2025-02-21T14:52:14.4991220Z 
2025-02-21T14:52:14.4995570Z        libmamba version : 1.5.10
2025-02-21T14:52:14.4996390Z      micromamba version : 1.5.10
2025-02-21T14:52:14.4996980Z            curl version : libcurl/8.10.1 (OpenSSL/3.3.2) SecureTransport zlib/1.3.1 zstd/1.5.6 libssh2/1.11.0 nghttp2/1.58.0
2025-02-21T14:52:14.5008440Z      libarchive version : libarchive 3.7.4 zlib/1.2.13 bz2lib/1.0.8 libzstd/1.5.6
2025-02-21T14:52:14.5008870Z        envs directories : /Users/runner/micromamba/envs
2025-02-21T14:52:14.5009350Z           package cache : /Users/runner/micromamba/pkgs
2025-02-21T14:52:14.5009720Z                           /Users/runner/.mamba/pkgs
2025-02-21T14:52:14.5010070Z             environment : tardis
2025-02-21T14:52:14.5010380Z            env location : /Users/runner/micromamba/envs/tardis
2025-02-21T14:52:14.5010770Z       user config files : /Users/runner/.mambarc
2025-02-21T14:52:14.5011190Z  populated config files : /Users/runner/work/_temp/setup-micromamba/.condarc
2025-02-21T14:52:14.5011660Z        virtual packages : __unix=0=0
2025-02-21T14:52:14.5011920Z                           __osx=14.7.2=0
2025-02-21T14:52:14.5023800Z                           __archspec=1=arm64
2025-02-21T14:52:14.5024440Z                channels : https://conda.anaconda.org/conda-forge/osx-arm64
2025-02-21T14:52:14.5024920Z                           https://conda.anaconda.org/conda-forge/noarch
2025-02-21T14:52:14.5025370Z        base environment : /Users/runner/micromamba
2025-02-21T14:52:14.5025660Z                platform : osx-arm64
2025-02-21T14:52:14.5026460Z ##[endgroup]
2025-02-21T14:52:14.5026900Z ##[group]micromamba list
2025-02-21T14:52:14.5027680Z [command]/Users/runner/micromamba-bin/micromamba list -r /Users/runner/micromamba -n tardis
2025-02-21T14:52:14.8703880Z List of packages in environment: "/Users/runner/micromamba/envs/tardis"
2025-02-21T14:52:14.8704610Z 
2025-02-21T14:52:14.8704980Z   Name                           Version              Build                    Channel    
2025-02-21T14:52:14.8707100Z ────────────────────────────────────────────────────────────────────────────────────────────
2025-02-21T14:52:14.8708190Z   alabaster                      0.7.16               pyhd8ed1ab_0             conda-forge
2025-02-21T14:52:14.8709090Z   anyio                          4.4.0                pyhd8ed1ab_0             conda-forge
2025-02-21T14:52:14.8709750Z   appnope                        0.1.4                pyhd8ed1ab_0             conda-forge
2025-02-21T14:52:14.8713550Z   argon2-cffi                    23.1.0               pyhd8ed1ab_0             conda-forge
2025-02-21T14:52:14.8714750Z   argon2-cffi-bindings           21.2.0               py312h02f2b3b_4          conda-forge
2025-02-21T14:52:14.8715590Z   arrow                          1.3.0                pyhd8ed1ab_0             conda-forge
2025-02-21T14:52:14.8718720Z   astropy                        6.1.1                py312hbebd99a_0          conda-forge
2025-02-21T14:52:14.8719420Z   astropy-iers-data              0.2024.6.17.0.31.35  pyhd8ed1ab_0             conda-forge
2025-02-21T14:52:14.8720170Z   astropy-sphinx-theme           1.1                  pyhd8ed1ab_0             conda-forge
2025-02-21T14:52:14.8722180Z   asttokens                      2.4.1                pyhd8ed1ab_0             conda-forge
2025-02-21T14:52:14.8722730Z   async-lru                      2.0.4                pyhd8ed1ab_0             conda-forge
2025-02-21T14:52:14.8723900Z   atk-1.0                        2.38.0               hd03087b_2               conda-forge
2025-02-21T14:52:14.8724470Z   attrs                          23.2.0               pyh71513ae_0             conda-forge
2025-02-21T14:52:14.8724990Z   babel                          2.14.0               pyhd8ed1ab_0             conda-forge
2025-02-21T14:52:14.8725440Z   beautifulsoup4                 4.12.3               pyha770c72_0             conda-forge
2025-02-21T14:52:14.8725960Z   bleach                         6.1.0                pyhd8ed1ab_0             conda-forge
2025-02-21T14:52:14.8726390Z   blosc                          1.21.5               h9c252e8_1               conda-forge
2025-02-21T14:52:14.8726870Z   brotli                         1.1.0                hb547adb_1               conda-forge
2025-02-21T14:52:14.8727310Z   brotli-bin                     1.1.0                hb547adb_1               conda-forge
2025-02-21T14:52:14.8728530Z   brotli-python                  1.1.0                py312h9f69965_1          conda-forge
2025-02-21T14:52:14.8728980Z   bzip2                          1.0.8                h93a5062_5               conda-forge
2025-02-21T14:52:14.8729460Z   c-ares                         1.28.1               h93a5062_0               conda-forge
2025-02-21T14:52:14.8729920Z   c-blosc2                       2.14.4               ha57e6be_1               conda-forge
2025-02-21T14:52:14.8730450Z   ca-certificates                2024.6.2             hf0a4a13_0               conda-forge
2025-02-21T14:52:14.8730940Z   cached-property                1.5.2                hd8ed1ab_1               conda-forge
2025-02-21T14:52:14.8731820Z   cached_property                1.5.2                pyha770c72_1             conda-forge
2025-02-21T14:52:14.8732330Z   cairo                          1.18.0               hd1e100b_0               conda-forge
2025-02-21T14:52:14.8732710Z   certifi                        2024.6.2             pyhd8ed1ab_0             conda-forge
2025-02-21T14:52:14.8733170Z   cffi                           1.16.0               py312h8e38eb3_0          conda-forge
2025-02-21T14:52:14.8733590Z   charset-normalizer             3.3.2                pyhd8ed1ab_0             conda-forge
2025-02-21T14:52:14.8734000Z   click                          8.1.7                unix_pyh707e725_0        conda-forge
2025-02-21T14:52:14.8734350Z   codespell                      2.3.0                pyhd8ed1ab_0             conda-forge
2025-02-21T14:52:14.8734840Z   colorama                       0.4.6                pyhd8ed1ab_0             conda-forge
2025-02-21T14:52:14.8735220Z   comm                           0.2.2                pyhd8ed1ab_0             conda-forge
2025-02-21T14:52:14.8735610Z   commonmark                     0.9.1                py_0                     conda-forge
2025-02-21T14:52:14.8736050Z   contourpy                      1.2.1                py312h0fef576_0          conda-forge
2025-02-21T14:52:14.8736400Z   coverage                       7.5.3                py312h7e5086c_0          conda-forge
2025-02-21T14:52:14.8736890Z   cycler                         0.12.1               pyhd8ed1ab_0             conda-forge
2025-02-21T14:52:14.8737540Z   dataclasses                    0.8                  pyhc8e2a94_3             conda-forge
2025-02-21T14:52:14.8737940Z   debugpy                        1.8.1                py312h20a0b95_0          conda-forge
2025-02-21T14:52:14.8738440Z   decorator                      5.1.1                pyhd8ed1ab_0             conda-forge
2025-02-21T14:52:14.8739060Z   defusedxml                     0.7.1                pyhd8ed1ab_0             conda-forge
2025-02-21T14:52:14.8739820Z   docutils                       0.20.1               py312h81bd7bf_3          conda-forge
2025-02-21T14:52:14.8740240Z   dot2tex                        2.11.3               pyhd8ed1ab_0             conda-forge
2025-02-21T14:52:14.8740590Z   entrypoints                    0.4                  pyhd8ed1ab_0             conda-forge
2025-02-21T14:52:14.8741090Z   exceptiongroup                 1.2.0                pyhd8ed1ab_2             conda-forge
2025-02-21T14:52:14.8741620Z   executing                      2.0.1                pyhd8ed1ab_0             conda-forge
2025-02-21T14:52:14.8742060Z   expat                          2.6.2                hebf3989_0               conda-forge
2025-02-21T14:52:14.8742810Z   font-ttf-dejavu-sans-mono      2.37                 hab24e00_0               conda-forge
2025-02-21T14:52:14.8743290Z   font-ttf-inconsolata           3.000                h77eed37_0               conda-forge
2025-02-21T14:52:14.8744240Z   font-ttf-source-code-pro       2.038                h77eed37_0               conda-forge
2025-02-21T14:52:14.8744760Z   font-ttf-ubuntu                0.83                 h77eed37_2               conda-forge
2025-02-21T14:52:14.8745320Z   fontconfig                     2.14.2               h82840c6_0               conda-forge
2025-02-21T14:52:14.8746120Z   fonts-conda-ecosystem          1                    0                        conda-forge
2025-02-21T14:52:14.8746600Z   fonts-conda-forge              1                    0                        conda-forge
2025-02-21T14:52:14.8747000Z   fonttools                      4.53.0               py312h7e5086c_0          conda-forge
2025-02-21T14:52:14.8747670Z   fqdn                           1.5.1                pyhd8ed1ab_0             conda-forge
2025-02-21T14:52:14.8748680Z   freetype                       2.12.1               hadb7bae_2               conda-forge
2025-02-21T14:52:14.8749140Z   fribidi                        1.0.10               h27ca646_0               conda-forge
2025-02-21T14:52:14.8749820Z   future                         1.0.0                pyhd8ed1ab_0             conda-forge
2025-02-21T14:52:14.8750520Z   gdk-pixbuf                     2.42.12              h7ddc832_0               conda-forge
2025-02-21T14:52:14.8751240Z   gettext                        0.22.5               h8fbad5d_2               conda-forge
2025-02-21T14:52:14.8751820Z   gettext-tools                  0.22.5               h8fbad5d_2               conda-forge
2025-02-21T14:52:14.8752550Z   giflib                         5.2.2                h93a5062_0               conda-forge
2025-02-21T14:52:14.8753000Z   git-lfs                        3.5.1                hce30654_0               conda-forge
2025-02-21T14:52:14.8753510Z   gmp                            6.3.0                hebf3989_1               conda-forge
2025-02-21T14:52:14.8753960Z   gmpy2                          2.1.5                py312hfa9fade_1          conda-forge
2025-02-21T14:52:14.8754480Z   graphite2                      1.3.13               hebf3989_1003            conda-forge
2025-02-21T14:52:14.8755030Z   graphviz                       11.0.0               h9bb9bc9_0               conda-forge
2025-02-21T14:52:14.8755430Z   gtk2                           2.24.33              h7895bb2_4               conda-forge
2025-02-21T14:52:14.8755830Z   gts                            0.7.6                he42f4ea_4               conda-forge
2025-02-21T14:52:14.8784640Z   h11                            0.14.0               pyhd8ed1ab_0             conda-forge
2025-02-21T14:52:14.8784970Z   h2                             4.1.0                pyhd8ed1ab_0             conda-forge
2025-02-21T14:52:14.8785340Z   h5py                           3.11.0               nompi_py312h903599c_102  conda-forge
2025-02-21T14:52:14.8785710Z   harfbuzz                       8.5.0                h1836168_0               conda-forge
2025-02-21T14:52:14.8786090Z   hdf5                           1.14.3               nompi_hec07895_105       conda-forge
2025-02-21T14:52:14.8786490Z   hpack                          4.0.0                pyh9f0ad1d_0             conda-forge
2025-02-21T14:52:14.8786860Z   httpcore                       1.0.5                pyhd8ed1ab_0             conda-forge
2025-02-21T14:52:14.8787240Z   httpx                          0.27.0               pyhd8ed1ab_0             conda-forge
2025-02-21T14:52:14.8787600Z   hyperframe                     6.0.1                pyhd8ed1ab_0             conda-forge
2025-02-21T14:52:14.8787970Z   icu                            73.2                 hc8870d7_0               conda-forge
2025-02-21T14:52:14.8788490Z   idna                           3.7                  pyhd8ed1ab_0             conda-forge
2025-02-21T14:52:14.8788870Z   imagesize                      1.4.1                pyhd8ed1ab_0             conda-forge
2025-02-21T14:52:14.8789350Z   importlib-metadata             7.1.0                pyha770c72_0             conda-forge
2025-02-21T14:52:14.8790110Z   importlib_metadata             7.1.0                hd8ed1ab_0               conda-forge
2025-02-21T14:52:14.8790790Z   importlib_resources            6.4.0                pyhd8ed1ab_0             conda-forge
2025-02-21T14:52:14.8791310Z   iniconfig                      2.0.0                pyhd8ed1ab_0             conda-forge
2025-02-21T14:52:14.8792140Z   ipykernel                      6.29.4               pyh57ce528_0             conda-forge
2025-02-21T14:52:14.8792440Z   ipython                        8.25.0               pyh707e725_0             conda-forge
2025-02-21T14:52:14.8792750Z   ipython_genutils               0.2.0                pyhd8ed1ab_1             conda-forge
2025-02-21T14:52:14.8793060Z   ipywidgets                     7.8.0                pyhd8ed1ab_0             conda-forge
2025-02-21T14:52:14.8793370Z   isoduration                    20.11.0              pyhd8ed1ab_0             conda-forge
2025-02-21T14:52:14.8793770Z   jedi                           0.19.1               pyhd8ed1ab_0             conda-forge
2025-02-21T14:52:14.8794050Z   jinja2                         3.1.4                pyhd8ed1ab_0             conda-forge
2025-02-21T14:52:14.8794550Z   json5                          0.9.25               pyhd8ed1ab_0             conda-forge
2025-02-21T14:52:14.8794910Z   jsonpointer                    3.0.0                py312h81bd7bf_0          conda-forge
2025-02-21T14:52:14.8795220Z   jsonschema                     4.22.0               pyhd8ed1ab_0             conda-forge
2025-02-21T14:52:14.8795620Z   jsonschema-specifications      2023.12.1            pyhd8ed1ab_0             conda-forge
2025-02-21T14:52:14.8796030Z   jsonschema-with-format-nongpl  4.22.0               pyhd8ed1ab_0             conda-forge
2025-02-21T14:52:14.8796390Z   jupyter-lsp                    2.2.5                pyhd8ed1ab_0             conda-forge
2025-02-21T14:52:14.8796710Z   jupyter_client                 8.6.2                pyhd8ed1ab_0             conda-forge
2025-02-21T14:52:14.8797120Z   jupyter_core                   5.7.2                py312h81bd7bf_0          conda-forge
2025-02-21T14:52:14.8797470Z   jupyter_events                 0.10.0               pyhd8ed1ab_0             conda-forge
2025-02-21T14:52:14.8797830Z   jupyter_server                 2.14.1               pyhd8ed1ab_0             conda-forge
2025-02-21T14:52:14.8798250Z   jupyter_server_terminals       0.5.3                pyhd8ed1ab_0             conda-forge
2025-02-21T14:52:14.8798650Z   jupyterlab                     4.2.2                pyhd8ed1ab_0             conda-forge
2025-02-21T14:52:14.8799130Z   jupyterlab_pygments            0.3.0                pyhd8ed1ab_1             conda-forge
2025-02-21T14:52:14.8799490Z   jupyterlab_server              2.27.2               pyhd8ed1ab_0             conda-forge
2025-02-21T14:52:14.8799900Z   jupyterlab_widgets             1.1.7                pyhd8ed1ab_0             conda-forge
2025-02-21T14:52:14.8800240Z   kiwisolver                     1.4.5                py312h389731b_1          conda-forge
2025-02-21T14:52:14.8800590Z   krb5                           1.21.2               h92f50d5_0               conda-forge
2025-02-21T14:52:14.8800890Z   latexcodec                     2.0.1                pyh9f0ad1d_0             conda-forge
2025-02-21T14:52:14.8801280Z   lcms2                          2.16                 ha0e7c42_0               conda-forge
2025-02-21T14:52:14.8801570Z   lerc                           4.0.0                h9a09cb3_0               conda-forge
2025-02-21T14:52:14.8801910Z   libaec                         1.1.3                hebf3989_0               conda-forge
2025-02-21T14:52:14.8802230Z   libasprintf                    0.22.5               h8fbad5d_2               conda-forge
2025-02-21T14:52:14.8802670Z   libasprintf-devel              0.22.5               h8fbad5d_2               conda-forge
2025-02-21T14:52:14.8803110Z   libblas                        3.9.0                22_osxarm64_openblas     conda-forge
2025-02-21T14:52:14.8803440Z   libbrotlicommon                1.1.0                hb547adb_1               conda-forge
2025-02-21T14:52:14.8803810Z   libbrotlidec                   1.1.0                hb547adb_1               conda-forge
2025-02-21T14:52:14.8804140Z   libbrotlienc                   1.1.0                hb547adb_1               conda-forge
2025-02-21T14:52:14.8804510Z   libcblas                       3.9.0                22_osxarm64_openblas     conda-forge
2025-02-21T14:52:14.8804990Z   libcurl                        8.8.0                h7b6f9a7_0               conda-forge
2025-02-21T14:52:14.8805360Z   libcxx                         17.0.6               h5f092b4_0               conda-forge
2025-02-21T14:52:14.8805700Z   libdeflate                     1.20                 h93a5062_0               conda-forge
2025-02-21T14:52:14.8806060Z   libedit                        3.1.20191231         hc8eb9b7_2               conda-forge
2025-02-21T14:52:14.8806360Z   libev                          4.33                 h93a5062_2               conda-forge
2025-02-21T14:52:14.8806700Z   libexpat                       2.6.2                hebf3989_0               conda-forge
2025-02-21T14:52:14.8807260Z   libffi                         3.4.2                h3422bc3_5               conda-forge
2025-02-21T14:52:14.8807650Z   libgd                          2.3.3                hfdf3952_9               conda-forge
2025-02-21T14:52:14.8808010Z   libgettextpo                   0.22.5               h8fbad5d_2               conda-forge
2025-02-21T14:52:14.8808450Z   libgettextpo-devel             0.22.5               h8fbad5d_2               conda-forge
2025-02-21T14:52:14.8808840Z   libgfortran                    5.0.0                13_2_0_hd922786_3        conda-forge
2025-02-21T14:52:14.8809180Z   libgfortran5                   13.2.0               hf226fd6_3               conda-forge
2025-02-21T14:52:14.8809530Z   libglib                        2.80.2               h59d46d9_1               conda-forge
2025-02-21T14:52:14.8809890Z   libiconv                       1.17                 h0d3ecfb_2               conda-forge
2025-02-21T14:52:14.8810190Z   libintl                        0.22.5               h8fbad5d_2               conda-forge
2025-02-21T14:52:14.8810530Z   libintl-devel                  0.22.5               h8fbad5d_2               conda-forge
2025-02-21T14:52:14.8810920Z   libjpeg-turbo                  3.0.0                hb547adb_1               conda-forge
2025-02-21T14:52:14.8811260Z   liblapack                      3.9.0                22_osxarm64_openblas     conda-forge
2025-02-21T14:52:14.8811650Z   libllvm14                      14.0.6               hd1a9a77_4               conda-forge
2025-02-21T14:52:14.8812010Z   libnghttp2                     1.58.0               ha4dd798_1               conda-forge
2025-02-21T14:52:14.8812340Z   libopenblas                    0.3.27               openmp_h6c19121_0        conda-forge
2025-02-21T14:52:14.8812660Z   libpng                         1.6.43               h091b4b1_0               conda-forge
2025-02-21T14:52:14.8813010Z   librsvg                        2.58.1               hbc281fb_0               conda-forge
2025-02-21T14:52:14.8813330Z   libsodium                      1.0.18               h27ca646_1               conda-forge
2025-02-21T14:52:14.8813700Z   libsqlite                      3.46.0               hfb93653_0               conda-forge
2025-02-21T14:52:14.8814030Z   libssh2                        1.11.0               h7a5bd25_0               conda-forge
2025-02-21T14:52:14.8814370Z   libtiff                        4.6.0                h07db509_3               conda-forge
2025-02-21T14:52:14.8814710Z   libwebp                        1.4.0                h54798ee_0               conda-forge
2025-02-21T14:52:14.8815110Z   libwebp-base                   1.4.0                h93a5062_0               conda-forge
2025-02-21T14:52:14.8815420Z   libxcb                         1.16                 hf2054a2_0               conda-forge
2025-02-21T14:52:14.8815730Z   libxml2                        2.12.7               ha661575_1               conda-forge
2025-02-21T14:52:14.8816080Z   libxslt                        1.1.39               h223e5b9_0               conda-forge
2025-02-21T14:52:14.8816390Z   libzlib                        1.3.1                hfb2fe0b_1               conda-forge
2025-02-21T14:52:14.8816740Z   llvm-openmp                    18.1.7               hde57baf_0               conda-forge
2025-02-21T14:52:14.8817740Z   llvmlite                       0.42.0               py312h17030e7_1          conda-forge
2025-02-21T14:52:14.8818160Z   lxml                           5.2.2                py312h0e5ab22_0          conda-forge
2025-02-21T14:52:14.8818480Z   lz4-c                          1.9.4                hb7217d7_0               conda-forge
2025-02-21T14:52:14.8818840Z   markupsafe                     2.1.5                py312he37b823_0          conda-forge
2025-02-21T14:52:14.8819180Z   matplotlib-base                3.8.4                py312h4479663_2          conda-forge
2025-02-21T14:52:14.8819600Z   matplotlib-inline              0.1.7                pyhd8ed1ab_0             conda-forge
2025-02-21T14:52:14.8820100Z   mistune                        3.0.2                pyhd8ed1ab_0             conda-forge
2025-02-21T14:52:14.8820420Z   mpc                            1.3.1                h91ba8db_0               conda-forge
2025-02-21T14:52:14.8820690Z   mpfr                           4.2.1                h41d338b_1               conda-forge
2025-02-21T14:52:14.8820950Z   mpmath                         1.3.0                pyhd8ed1ab_0             conda-forge
2025-02-21T14:52:14.8821320Z   munkres                        1.1.4                pyh9f0ad1d_0             conda-forge
2025-02-21T14:52:14.8821660Z   mypy_extensions                1.0.0                pyha770c72_0             conda-forge
2025-02-21T14:52:14.8822040Z   nbclassic                      1.1.0                pyhd8ed1ab_0             conda-forge
2025-02-21T14:52:14.8822460Z   nbclient                       0.10.0               pyhd8ed1ab_0             conda-forge
2025-02-21T14:52:14.8822740Z   nbconvert                      7.16.4               hd8ed1ab_1               conda-forge
2025-02-21T14:52:14.8823030Z   nbconvert-core                 7.16.4               pyhd8ed1ab_1             conda-forge
2025-02-21T14:52:14.8823380Z   nbconvert-pandoc               7.16.4               hd8ed1ab_1               conda-forge
2025-02-21T14:52:14.8823720Z   nbformat                       5.10.4               pyhd8ed1ab_0             conda-forge
2025-02-21T14:52:14.8824000Z   nbsphinx                       0.9.4                pyhd8ed1ab_0             conda-forge
2025-02-21T14:52:14.8824390Z   ncurses                        6.5                  hb89a1cb_0               conda-forge
2025-02-21T14:52:14.8824710Z   nest-asyncio                   1.6.0                pyhd8ed1ab_0             conda-forge
2025-02-21T14:52:14.8825090Z   networkx                       3.3                  pyhd8ed1ab_1             conda-forge
2025-02-21T14:52:14.8825450Z   notebook                       7.2.1                pyhd8ed1ab_0             conda-forge
2025-02-21T14:52:14.8825770Z   notebook-shim                  0.2.4                pyhd8ed1ab_0             conda-forge
2025-02-21T14:52:14.8826130Z   numba                          0.59.1               py312hbaff935_0          conda-forge
2025-02-21T14:52:14.8826400Z   numexpr                        2.10.0               py312h8ae5369_0          conda-forge
2025-02-21T14:52:14.8826780Z   numpy                          1.26.4               py312h8442bc7_0          conda-forge
2025-02-21T14:52:14.8827090Z   numpydoc                       1.7.0                pyhd8ed1ab_1             conda-forge
2025-02-21T14:52:14.8827360Z   openjpeg                       2.5.2                h9f1df11_0               conda-forge
2025-02-21T14:52:14.8827670Z   openssl                        3.3.1                hfb2fe0b_0               conda-forge
2025-02-21T14:52:14.8827980Z   overrides                      7.7.0                pyhd8ed1ab_0             conda-forge
2025-02-21T14:52:14.8828270Z   packaging                      24.1                 pyhd8ed1ab_0             conda-forge
2025-02-21T14:52:14.8828540Z   pandas                         2.2.2                py312h8ae5369_1          conda-forge
2025-02-21T14:52:14.8828810Z   pandoc                         3.2                  hce30654_0               conda-forge
2025-02-21T14:52:14.8829300Z   pandocfilters                  1.5.0                pyhd8ed1ab_0             conda-forge
2025-02-21T14:52:14.8829580Z   pango                          1.54.0               h5cb9fbc_0               conda-forge
2025-02-21T14:52:14.8829840Z   parso                          0.8.4                pyhd8ed1ab_0             conda-forge
2025-02-21T14:52:14.8830120Z   pathspec                       0.12.1               pyhd8ed1ab_0             conda-forge
2025-02-21T14:52:14.8830380Z   pbr                            6.0.0                pyhd8ed1ab_0             conda-forge
2025-02-21T14:52:14.8830630Z   pcre2                          10.44                h297a79d_0               conda-forge
2025-02-21T14:52:14.8830990Z   pexpect                        4.9.0                pyhd8ed1ab_0             conda-forge
2025-02-21T14:52:14.8831280Z   pickleshare                    0.7.5                py_1003                  conda-forge
2025-02-21T14:52:14.8831560Z   pillow                         10.3.0               py312h39b1d8d_1          conda-forge
2025-02-21T14:52:14.8831820Z   pip                            24.0                 pyhd8ed1ab_0             conda-forge
2025-02-21T14:52:14.8832080Z   pixman                         0.43.4               hebf3989_0               conda-forge
2025-02-21T14:52:14.8832390Z   pkgutil-resolve-name           1.3.10               pyhd8ed1ab_1             conda-forge
2025-02-21T14:52:14.8832880Z   platformdirs                   4.2.2                pyhd8ed1ab_0             conda-forge
2025-02-21T14:52:14.8833180Z   plotly                         5.22.0               pyhd8ed1ab_0             conda-forge
2025-02-21T14:52:14.8833470Z   pluggy                         1.5.0                pyhd8ed1ab_0             conda-forge
2025-02-21T14:52:14.8833780Z   prometheus_client              0.20.0               pyhd8ed1ab_0             conda-forge
2025-02-21T14:52:14.8834110Z   prompt-toolkit                 3.0.47               pyha770c72_0             conda-forge
2025-02-21T14:52:14.8834410Z   psutil                         5.9.8                py312he37b823_0          conda-forge
2025-02-21T14:52:14.8834710Z   pthread-stubs                  0.4                  h27ca646_1001            conda-forge
2025-02-21T14:52:14.8835020Z   ptyprocess                     0.7.0                pyhd3deb0d_0             conda-forge
2025-02-21T14:52:14.8835330Z   pure_eval                      0.2.2                pyhd8ed1ab_0             conda-forge
2025-02-21T14:52:14.8835630Z   py-cpuinfo                     9.0.0                pyhd8ed1ab_0             conda-forge
2025-02-21T14:52:14.8835930Z   pybtex                         0.24.0               pyhd8ed1ab_2             conda-forge
2025-02-21T14:52:14.8836250Z   pybtex-docutils                1.0.3                py312h81bd7bf_1          conda-forge
2025-02-21T14:52:14.8836600Z   pycparser                      2.22                 pyhd8ed1ab_0             conda-forge
2025-02-21T14:52:14.8836900Z   pyerfa                         2.0.1.4              py312hbebd99a_1          conda-forge
2025-02-21T14:52:14.8837190Z   pygments                       2.18.0               pyhd8ed1ab_0             conda-forge
2025-02-21T14:52:14.8837500Z   pygraphviz                     1.13                 py312h5f4d302_1          conda-forge
2025-02-21T14:52:14.8837810Z   pyobjc-core                    10.3.1               py312hbb55c70_0          conda-forge
2025-02-21T14:52:14.8838150Z   pyobjc-framework-cocoa         10.3.1               py312hbb55c70_0          conda-forge
2025-02-21T14:52:14.8838490Z   pyparsing                      3.1.2                pyhd8ed1ab_0             conda-forge
2025-02-21T14:52:14.8838790Z   pysocks                        1.7.1                pyha2e5f31_6             conda-forge
2025-02-21T14:52:14.8839150Z   pytables                       3.9.2                py312hb622ae1_2          conda-forge
2025-02-21T14:52:14.8839440Z   pytest                         8.2.2                pyhd8ed1ab_0             conda-forge
2025-02-21T14:52:14.8839890Z   pytest-cov                     5.0.0                pyhd8ed1ab_0             conda-forge
2025-02-21T14:52:14.8840200Z   pytest-doctestplus             1.2.1                pyhd8ed1ab_0             conda-forge
2025-02-21T14:52:14.8840520Z   pytest-html                    4.1.1                pyhd8ed1ab_0             conda-forge
2025-02-21T14:52:14.8840830Z   pytest-metadata                3.1.1                pyhd8ed1ab_0             conda-forge
2025-02-21T14:52:14.8841130Z   python                         3.12.4               h30c5eda_0_cpython       conda-forge
2025-02-21T14:52:14.8841430Z   python-dateutil                2.9.0                pyhd8ed1ab_0             conda-forge
2025-02-21T14:52:14.8842000Z   python-fastjsonschema          2.20.0               pyhd8ed1ab_0             conda-forge
2025-02-21T14:52:14.8842380Z   python-json-logger             2.0.7                pyhd8ed1ab_0             conda-forge
2025-02-21T14:52:14.8842710Z   python-tzdata                  2024.1               pyhd8ed1ab_0             conda-forge
2025-02-21T14:52:14.8843010Z   python_abi                     3.12                 4_cp312                  conda-forge
2025-02-21T14:52:14.8843290Z   pytz                           2024.1               pyhd8ed1ab_0             conda-forge
2025-02-21T14:52:14.8843570Z   pyyaml                         6.0.1                py312h02f2b3b_1          conda-forge
2025-02-21T14:52:14.8843840Z   pyzmq                          26.0.3               py312hfa13136_0          conda-forge
2025-02-21T14:52:14.8844110Z   qgrid                          1.3.1                pyhd8ed1ab_4             conda-forge
2025-02-21T14:52:14.8844420Z   radioactivedecay               0.5.1                pyhd8ed1ab_0             conda-forge
2025-02-21T14:52:14.8844730Z   readline                       8.2                  h92ec313_1               conda-forge
2025-02-21T14:52:14.8845020Z   recommonmark                   0.7.1                pyhd8ed1ab_0             conda-forge
2025-02-21T14:52:14.8845330Z   referencing                    0.35.1               pyhd8ed1ab_0             conda-forge
2025-02-21T14:52:14.8845620Z   requests                       2.32.3               pyhd8ed1ab_0             conda-forge
2025-02-21T14:52:14.8845930Z   rfc3339-validator              0.1.4                pyhd8ed1ab_0             conda-forge
2025-02-21T14:52:14.8846250Z   rfc3986-validator              0.1.1                pyh9f0ad1d_0             conda-forge
2025-02-21T14:52:14.8846540Z   rpds-py                        0.18.1               py312h552d48e_0          conda-forge
2025-02-21T14:52:14.8846810Z   ruff                           0.4.9                py312h3402d49_0          conda-forge
2025-02-21T14:52:14.8847080Z   scipy                          1.13.1               py312h14ffa8f_0          conda-forge
2025-02-21T14:52:14.8847370Z   send2trash                     1.8.3                pyh31c8845_0             conda-forge
2025-02-21T14:52:14.8847670Z   setuptools                     70.0.0               pyhd8ed1ab_0             conda-forge
2025-02-21T14:52:14.8847970Z   setuptools-scm                 8.1.0                pyhd8ed1ab_0             conda-forge
2025-02-21T14:52:14.8848280Z   setuptools_scm                 8.1.0                hd8ed1ab_0               conda-forge
2025-02-21T14:52:14.8848560Z   six                            1.16.0               pyh6c4a22f_0             conda-forge
2025-02-21T14:52:14.8848830Z   snakeviz                       2.2.0                pyhd8ed1ab_0             conda-forge
2025-02-21T14:52:14.8849100Z   snappy                         1.2.0                hd04f947_1               conda-forge
2025-02-21T14:52:14.8849370Z   sniffio                        1.3.1                pyhd8ed1ab_0             conda-forge
2025-02-21T14:52:14.8849670Z   snowballstemmer                2.2.0                pyhd8ed1ab_0             conda-forge
2025-02-21T14:52:14.8849980Z   soupsieve                      2.5                  pyhd8ed1ab_1             conda-forge
2025-02-21T14:52:14.8850380Z   sphinx                         7.3.7                pyhd8ed1ab_0             conda-forge
2025-02-21T14:52:14.8850680Z   sphinx-astropy                 1.9.1                pyhd8ed1ab_0             conda-forge
2025-02-21T14:52:14.8851000Z   sphinx-automodapi              0.17.0               pyh717bed2_1             conda-forge
2025-02-21T14:52:14.8851360Z   sphinx-gallery                 0.16.0               pyhd8ed1ab_0             conda-forge
2025-02-21T14:52:14.8851730Z   sphinx-jsonschema              1.19.1               pyhd8ed1ab_0             conda-forge
2025-02-21T14:52:14.8852080Z   sphinx_bootstrap_theme         0.8.1                pyhd8ed1ab_0             conda-forge
2025-02-21T14:52:14.8852500Z   sphinx_rtd_theme               2.0.0                pyha770c72_0             conda-forge
2025-02-21T14:52:14.8852830Z   sphinxcontrib-apidoc           0.3.0                py_1                     conda-forge
2025-02-21T14:52:14.8853230Z   sphinxcontrib-applehelp        1.0.8                pyhd8ed1ab_0             conda-forge
2025-02-21T14:52:14.8853650Z   sphinxcontrib-bibtex           2.6.2                pyhd8ed1ab_0             conda-forge
2025-02-21T14:52:14.8854010Z   sphinxcontrib-devhelp          1.0.6                pyhd8ed1ab_0             conda-forge
2025-02-21T14:52:14.8854360Z   sphinxcontrib-htmlhelp         2.0.5                pyhd8ed1ab_0             conda-forge
2025-02-21T14:52:14.8854720Z   sphinxcontrib-jquery           4.1                  pyhd8ed1ab_0             conda-forge
2025-02-21T14:52:14.8855060Z   sphinxcontrib-jsmath           1.0.1                pyhd8ed1ab_0             conda-forge
2025-02-21T14:52:14.8855410Z   sphinxcontrib-qthelp           1.0.7                pyhd8ed1ab_0             conda-forge
2025-02-21T14:52:14.8855790Z   sphinxcontrib-serializinghtml  1.1.10               pyhd8ed1ab_0             conda-forge
2025-02-21T14:52:14.8856140Z   stack_data                     0.6.2                pyhd8ed1ab_0             conda-forge
2025-02-21T14:52:14.8856420Z   sympy                          1.12.1               pypyh2585a3b_103         conda-forge
2025-02-21T14:52:14.8856710Z   tabulate                       0.9.0                pyhd8ed1ab_1             conda-forge
2025-02-21T14:52:14.8857010Z   tenacity                       8.4.1                pyhd8ed1ab_0             conda-forge
2025-02-21T14:52:14.8857310Z   terminado                      0.18.1               pyh31c8845_0             conda-forge
2025-02-21T14:52:14.8857660Z   tinycss2                       1.3.0                pyhd8ed1ab_0             conda-forge
2025-02-21T14:52:14.8857940Z   tk                             8.6.13               h5083fa2_1               conda-forge
2025-02-21T14:52:14.8858230Z   toml                           0.10.2               pyhd8ed1ab_0             conda-forge
2025-02-21T14:52:14.8858500Z   tomli                          2.0.1                pyhd8ed1ab_0             conda-forge
2025-02-21T14:52:14.8858810Z   tornado                        6.4.1                py312h7e5086c_0          conda-forge
2025-02-21T14:52:14.8859120Z   tqdm                           4.66.4               pyhd8ed1ab_0             conda-forge
2025-02-21T14:52:14.8859450Z   traitlets                      5.14.3               pyhd8ed1ab_0             conda-forge
2025-02-21T14:52:14.8859770Z   typed-ast                      1.5.5                py312h02f2b3b_1          conda-forge
2025-02-21T14:52:14.8860150Z   types-python-dateutil          2.9.0.20240316       pyhd8ed1ab_0             conda-forge
2025-02-21T14:52:14.8860540Z   typing-extensions              4.12.2               hd8ed1ab_0               conda-forge
2025-02-21T14:52:14.8860900Z   typing_extensions              4.12.2               pyha770c72_0             conda-forge
2025-02-21T14:52:14.8861240Z   typing_utils                   0.1.0                pyhd8ed1ab_0             conda-forge
2025-02-21T14:52:14.8861560Z   tzdata                         2024a                h0c530f3_0               conda-forge
2025-02-21T14:52:14.8862010Z   uri-template                   1.3.0                pyhd8ed1ab_0             conda-forge
2025-02-21T14:52:14.8862310Z   urllib3                        2.2.2                pyhd8ed1ab_0             conda-forge
2025-02-21T14:52:14.8862600Z   wcwidth                        0.2.13               pyhd8ed1ab_0             conda-forge
2025-02-21T14:52:14.8862880Z   webcolors                      24.6.0               pyhd8ed1ab_0             conda-forge
2025-02-21T14:52:14.8863180Z   webencodings                   0.5.1                pyhd8ed1ab_2             conda-forge
2025-02-21T14:52:14.8863490Z   websocket-client               1.8.0                pyhd8ed1ab_0             conda-forge
2025-02-21T14:52:14.8863900Z   wheel                          0.43.0               pyhd8ed1ab_1             conda-forge
2025-02-21T14:52:14.8864210Z   widgetsnbextension             3.6.6                pyhd8ed1ab_0             conda-forge
2025-02-21T14:52:14.8864530Z   xorg-libxau                    1.0.11               hb547adb_0               conda-forge
2025-02-21T14:52:14.8864840Z   xorg-libxdmcp                  1.1.3                h27ca646_0               conda-forge
2025-02-21T14:52:14.8865120Z   xz                             5.2.6                h57fd34a_0               conda-forge
2025-02-21T14:52:14.8865370Z   yaml                           0.2.5                h3422bc3_2               conda-forge
2025-02-21T14:52:14.8865640Z   zeromq                         4.3.5                hcc0f68c_4               conda-forge
2025-02-21T14:52:14.8865910Z   zipp                           3.19.2               pyhd8ed1ab_0             conda-forge
2025-02-21T14:52:14.8866170Z   zlib                           1.3.1                hfb2fe0b_1               conda-forge
2025-02-21T14:52:14.8866440Z   zlib-ng                        2.0.7                h1a8c8d9_0               conda-forge
2025-02-21T14:52:14.8866700Z   zstd                           1.5.6                hb46c0d2_0               conda-forge
2025-02-21T14:52:14.8867260Z ##[endgroup]
2025-02-21T14:52:14.8939340Z ##[group]Run pip install -e . --user
2025-02-21T14:52:14.8939580Z [36;1mpip install -e . --user[0m
2025-02-21T14:52:15.1531230Z shell: /bin/bash -l {0}
2025-02-21T14:52:15.1531410Z env:
2025-02-21T14:52:15.1531550Z   CACHE_NUMBER: 0
2025-02-21T14:52:15.1532040Z   PYTEST_FLAGS: --tardis-regression-data=/Users/runner/work/tardis/tardis/tardis-regression-data --cov=tardis --cov-report=xml --cov-report=html --cov-append
2025-02-21T14:52:15.1532550Z   CODECOV_TOKEN: 
2025-02-21T14:52:15.1532730Z   MAMBA_ROOT_PREFIX: /Users/runner/micromamba
2025-02-21T14:52:15.1532970Z   MAMBA_EXE: /Users/runner/micromamba-bin/micromamba
2025-02-21T14:52:15.1533260Z   CONDARC: /Users/runner/work/_temp/setup-micromamba/.condarc
2025-02-21T14:52:15.1533500Z ##[endgroup]
2025-02-21T14:52:16.1894270Z Obtaining file:///Users/runner/work/tardis/tardis
2025-02-21T14:52:16.1917010Z   Installing build dependencies: started
2025-02-21T14:52:19.1173460Z   Installing build dependencies: finished with status 'done'
2025-02-21T14:52:19.1195150Z   Checking if build backend supports build_editable: started
2025-02-21T14:52:19.2315860Z   Checking if build backend supports build_editable: finished with status 'done'
2025-02-21T14:52:19.2326250Z   Getting requirements to build editable: started
2025-02-21T14:52:19.8406340Z   Getting requirements to build editable: finished with status 'done'
2025-02-21T14:52:19.8420060Z   Preparing editable metadata (pyproject.toml): started
2025-02-21T14:52:20.4058000Z   Preparing editable metadata (pyproject.toml): finished with status 'done'
2025-02-21T14:52:20.4544540Z Requirement already satisfied: astropy in /Users/runner/micromamba/envs/tardis/lib/python3.12/site-packages (from tardis==0.0.0) (6.1.1)
2025-02-21T14:52:20.4837300Z Requirement already satisfied: numpy>=1.23 in /Users/runner/micromamba/envs/tardis/lib/python3.12/site-packages (from astropy->tardis==0.0.0) (1.26.4)
2025-02-21T14:52:20.4851100Z Requirement already satisfied: pyerfa>=2.0.1.1 in /Users/runner/micromamba/envs/tardis/lib/python3.12/site-packages (from astropy->tardis==0.0.0) (2.0.1.4)
2025-02-21T14:52:20.4858720Z Requirement already satisfied: astropy-iers-data>=0.2024.5.27.0.30.8 in /Users/runner/micromamba/envs/tardis/lib/python3.12/site-packages (from astropy->tardis==0.0.0) (0.2024.6.17.0.31.35)
2025-02-21T14:52:20.4872550Z Requirement already satisfied: PyYAML>=3.13 in /Users/runner/micromamba/envs/tardis/lib/python3.12/site-packages (from astropy->tardis==0.0.0) (6.0.1)
2025-02-21T14:52:20.4887690Z Requirement already satisfied: packaging>=19.0 in /Users/runner/micromamba/envs/tardis/lib/python3.12/site-packages (from astropy->tardis==0.0.0) (24.1)
2025-02-21T14:52:20.4936370Z Building wheels for collected packages: tardis
2025-02-21T14:52:20.4946330Z   Building editable for tardis (pyproject.toml): started
2025-02-21T14:52:21.4083680Z   Building editable for tardis (pyproject.toml): finished with status 'done'
2025-02-21T14:52:21.4095160Z   Created wheel for tardis: filename=tardis-0.0.0-0.editable-py3-none-any.whl size=8877 sha256=44eb683f701de59ef22f1001e6ff1f6b784ac1cd3aff97591b625846bec47209
2025-02-21T14:52:21.4096380Z   Stored in directory: /private/var/folders/2s/h6hvv9ps03xgz_krkkstvq_r0000gn/T/pip-ephem-wheel-cache-cj_aygyu/wheels/bb/4f/6a/0829b918c1c10bc28535ce7f14be21eee54375bdd9cd0c306a
2025-02-21T14:52:21.4121870Z Successfully built tardis
2025-02-21T14:52:21.9487870Z Installing collected packages: tardis
2025-02-21T14:52:21.9540300Z Successfully installed tardis-0.0.0
2025-02-21T14:52:22.2984200Z ##[group]Run pip install qgridnext
2025-02-21T14:52:22.2984570Z [36;1mpip install qgridnext[0m
2025-02-21T14:52:22.3073630Z shell: /bin/bash -l {0}
2025-02-21T14:52:22.3073900Z env:
2025-02-21T14:52:22.3074080Z   CACHE_NUMBER: 0
2025-02-21T14:52:22.3074660Z   PYTEST_FLAGS: --tardis-regression-data=/Users/runner/work/tardis/tardis/tardis-regression-data --cov=tardis --cov-report=xml --cov-report=html --cov-append
2025-02-21T14:52:22.3075250Z   CODECOV_TOKEN: 
2025-02-21T14:52:22.3075560Z   MAMBA_ROOT_PREFIX: /Users/runner/micromamba
2025-02-21T14:52:22.3075880Z   MAMBA_EXE: /Users/runner/micromamba-bin/micromamba
2025-02-21T14:52:22.3076250Z   CONDARC: /Users/runner/work/_temp/setup-micromamba/.condarc
2025-02-21T14:52:22.3076530Z ##[endgroup]
2025-02-21T14:52:23.1072470Z Collecting qgridnext
2025-02-21T14:52:23.1462390Z   Downloading qgridnext-2.0.4-py3-none-any.whl.metadata (9.9 kB)
2025-02-21T14:52:23.1732290Z Requirement already satisfied: pandas>=0.20.0 in /Users/runner/micromamba/envs/tardis/lib/python3.12/site-packages (from qgridnext) (2.2.2)
2025-02-21T14:52:23.1745700Z Requirement already satisfied: ipywidgets>=7.0.0 in /Users/runner/micromamba/envs/tardis/lib/python3.12/site-packages (from qgridnext) (7.8.0)
2025-02-21T14:52:23.1751670Z Requirement already satisfied: numpy in /Users/runner/micromamba/envs/tardis/lib/python3.12/site-packages (from qgridnext) (1.26.4)
2025-02-21T14:52:23.1759260Z Requirement already satisfied: traitlets in /Users/runner/micromamba/envs/tardis/lib/python3.12/site-packages (from qgridnext) (5.14.3)
2025-02-21T14:52:23.1824970Z Requirement already satisfied: comm>=0.1.3 in /Users/runner/micromamba/envs/tardis/lib/python3.12/site-packages (from ipywidgets>=7.0.0->qgridnext) (0.2.2)
2025-02-21T14:52:23.1829930Z Requirement already satisfied: ipython-genutils~=0.2.0 in /Users/runner/micromamba/envs/tardis/lib/python3.12/site-packages (from ipywidgets>=7.0.0->qgridnext) (0.2.0)
2025-02-21T14:52:23.1846000Z Requirement already satisfied: widgetsnbextension~=3.6.5 in /Users/runner/micromamba/envs/tardis/lib/python3.12/site-packages (from ipywidgets>=7.0.0->qgridnext) (3.6.6)
2025-02-21T14:52:23.1856870Z Requirement already satisfied: ipython>=4.0.0 in /Users/runner/micromamba/envs/tardis/lib/python3.12/site-packages (from ipywidgets>=7.0.0->qgridnext) (8.25.0)
2025-02-21T14:52:23.1867650Z Requirement already satisfied: jupyterlab-widgets<3,>=1.0.0 in /Users/runner/micromamba/envs/tardis/lib/python3.12/site-packages (from ipywidgets>=7.0.0->qgridnext) (1.1.7)
2025-02-21T14:52:23.2233070Z Requirement already satisfied: python-dateutil>=2.8.2 in /Users/runner/micromamba/envs/tardis/lib/python3.12/site-packages (from pandas>=0.20.0->qgridnext) (2.9.0)
2025-02-21T14:52:23.2259370Z Requirement already satisfied: pytz>=2020.1 in /Users/runner/micromamba/envs/tardis/lib/python3.12/site-packages (from pandas>=0.20.0->qgridnext) (2024.1)
2025-02-21T14:52:23.2273320Z Requirement already satisfied: tzdata>=2022.7 in /Users/runner/micromamba/envs/tardis/lib/python3.12/site-packages (from pandas>=0.20.0->qgridnext) (2024.1)
2025-02-21T14:52:23.2616800Z Requirement already satisfied: decorator in /Users/runner/micromamba/envs/tardis/lib/python3.12/site-packages (from ipython>=4.0.0->ipywidgets>=7.0.0->qgridnext) (5.1.1)
2025-02-21T14:52:23.2717840Z Requirement already satisfied: jedi>=0.16 in /Users/runner/micromamba/envs/tardis/lib/python3.12/site-packages (from ipython>=4.0.0->ipywidgets>=7.0.0->qgridnext) (0.19.1)
2025-02-21T14:52:23.2821110Z Requirement already satisfied: matplotlib-inline in /Users/runner/micromamba/envs/tardis/lib/python3.12/site-packages (from ipython>=4.0.0->ipywidgets>=7.0.0->qgridnext) (0.1.7)
2025-02-21T14:52:23.2936220Z Requirement already satisfied: prompt-toolkit<3.1.0,>=3.0.41 in /Users/runner/micromamba/envs/tardis/lib/python3.12/site-packages (from ipython>=4.0.0->ipywidgets>=7.0.0->qgridnext) (3.0.47)
2025-02-21T14:52:23.3060020Z Requirement already satisfied: pygments>=2.4.0 in /Users/runner/micromamba/envs/tardis/lib/python3.12/site-packages (from ipython>=4.0.0->ipywidgets>=7.0.0->qgridnext) (2.18.0)
2025-02-21T14:52:23.3165670Z Requirement already satisfied: stack-data in /Users/runner/micromamba/envs/tardis/lib/python3.12/site-packages (from ipython>=4.0.0->ipywidgets>=7.0.0->qgridnext) (0.6.2)
2025-02-21T14:52:23.3229490Z Requirement already satisfied: pexpect>4.3 in /Users/runner/micromamba/envs/tardis/lib/python3.12/site-packages (from ipython>=4.0.0->ipywidgets>=7.0.0->qgridnext) (4.9.0)
2025-02-21T14:52:23.3230600Z Requirement already satisfied: six>=1.5 in /Users/runner/micromamba/envs/tardis/lib/python3.12/site-packages (from python-dateutil>=2.8.2->pandas>=0.20.0->qgridnext) (1.16.0)
2025-02-21T14:52:23.3231590Z Requirement already satisfied: notebook>=4.4.1 in /Users/runner/micromamba/envs/tardis/lib/python3.12/site-packages (from widgetsnbextension~=3.6.5->ipywidgets>=7.0.0->qgridnext) (7.2.1)
2025-02-21T14:52:23.3232560Z Requirement already satisfied: parso<0.9.0,>=0.8.3 in /Users/runner/micromamba/envs/tardis/lib/python3.12/site-packages (from jedi>=0.16->ipython>=4.0.0->ipywidgets>=7.0.0->qgridnext) (0.8.4)
2025-02-21T14:52:23.3263680Z Requirement already satisfied: jupyter-server<3,>=2.4.0 in /Users/runner/micromamba/envs/tardis/lib/python3.12/site-packages (from notebook>=4.4.1->widgetsnbextension~=3.6.5->ipywidgets>=7.0.0->qgridnext) (2.14.1)
2025-02-21T14:52:23.3273830Z Requirement already satisfied: jupyterlab-server<3,>=2.27.1 in /Users/runner/micromamba/envs/tardis/lib/python3.12/site-packages (from notebook>=4.4.1->widgetsnbextension~=3.6.5->ipywidgets>=7.0.0->qgridnext) (2.27.2)
2025-02-21T14:52:23.3291200Z Requirement already satisfied: jupyterlab<4.3,>=4.2.0 in /Users/runner/micromamba/envs/tardis/lib/python3.12/site-packages (from notebook>=4.4.1->widgetsnbextension~=3.6.5->ipywidgets>=7.0.0->qgridnext) (4.2.2)
2025-02-21T14:52:23.3299090Z Requirement already satisfied: notebook-shim<0.3,>=0.2 in /Users/runner/micromamba/envs/tardis/lib/python3.12/site-packages (from notebook>=4.4.1->widgetsnbextension~=3.6.5->ipywidgets>=7.0.0->qgridnext) (0.2.4)
2025-02-21T14:52:23.3308420Z Requirement already satisfied: tornado>=6.2.0 in /Users/runner/micromamba/envs/tardis/lib/python3.12/site-packages (from notebook>=4.4.1->widgetsnbextension~=3.6.5->ipywidgets>=7.0.0->qgridnext) (6.4.1)
2025-02-21T14:52:23.3332280Z Requirement already satisfied: ptyprocess>=0.5 in /Users/runner/micromamba/envs/tardis/lib/python3.12/site-packages (from pexpect>4.3->ipython>=4.0.0->ipywidgets>=7.0.0->qgridnext) (0.7.0)
2025-02-21T14:52:23.3356880Z Requirement already satisfied: wcwidth in /Users/runner/micromamba/envs/tardis/lib/python3.12/site-packages (from prompt-toolkit<3.1.0,>=3.0.41->ipython>=4.0.0->ipywidgets>=7.0.0->qgridnext) (0.2.13)
2025-02-21T14:52:23.3461770Z Requirement already satisfied: executing>=1.2.0 in /Users/runner/micromamba/envs/tardis/lib/python3.12/site-packages (from stack-data->ipython>=4.0.0->ipywidgets>=7.0.0->qgridnext) (2.0.1)
2025-02-21T14:52:23.3466870Z Requirement already satisfied: asttokens>=2.1.0 in /Users/runner/micromamba/envs/tardis/lib/python3.12/site-packages (from stack-data->ipython>=4.0.0->ipywidgets>=7.0.0->qgridnext) (2.4.1)
2025-02-21T14:52:23.3474400Z Requirement already satisfied: pure-eval in /Users/runner/micromamba/envs/tardis/lib/python3.12/site-packages (from stack-data->ipython>=4.0.0->ipywidgets>=7.0.0->qgridnext) (0.2.2)
2025-02-21T14:52:23.3715040Z Requirement already satisfied: anyio>=3.1.0 in /Users/runner/micromamba/envs/tardis/lib/python3.12/site-packages (from jupyter-server<3,>=2.4.0->notebook>=4.4.1->widgetsnbextension~=3.6.5->ipywidgets>=7.0.0->qgridnext) (4.4.0)
2025-02-21T14:52:23.3724690Z Requirement already satisfied: argon2-cffi>=21.1 in /Users/runner/micromamba/envs/tardis/lib/python3.12/site-packages (from jupyter-server<3,>=2.4.0->notebook>=4.4.1->widgetsnbextension~=3.6.5->ipywidgets>=7.0.0->qgridnext) (23.1.0)
2025-02-21T14:52:23.3730690Z Requirement already satisfied: jinja2>=3.0.3 in /Users/runner/micromamba/envs/tardis/lib/python3.12/site-packages (from jupyter-server<3,>=2.4.0->notebook>=4.4.1->widgetsnbextension~=3.6.5->ipywidgets>=7.0.0->qgridnext) (3.1.4)
2025-02-21T14:52:23.3742660Z Requirement already satisfied: jupyter-client>=7.4.4 in /Users/runner/micromamba/envs/tardis/lib/python3.12/site-packages (from jupyter-server<3,>=2.4.0->notebook>=4.4.1->widgetsnbextension~=3.6.5->ipywidgets>=7.0.0->qgridnext) (8.6.2)
2025-02-21T14:52:23.3754820Z Requirement already satisfied: jupyter-core!=5.0.*,>=4.12 in /Users/runner/micromamba/envs/tardis/lib/python3.12/site-packages (from jupyter-server<3,>=2.4.0->notebook>=4.4.1->widgetsnbextension~=3.6.5->ipywidgets>=7.0.0->qgridnext) (5.7.2)
2025-02-21T14:52:23.3763620Z Requirement already satisfied: jupyter-events>=0.9.0 in /Users/runner/micromamba/envs/tardis/lib/python3.12/site-packages (from jupyter-server<3,>=2.4.0->notebook>=4.4.1->widgetsnbextension~=3.6.5->ipywidgets>=7.0.0->qgridnext) (0.10.0)
2025-02-21T14:52:23.3775350Z Requirement already satisfied: jupyter-server-terminals>=0.4.4 in /Users/runner/micromamba/envs/tardis/lib/python3.12/site-packages (from jupyter-server<3,>=2.4.0->notebook>=4.4.1->widgetsnbextension~=3.6.5->ipywidgets>=7.0.0->qgridnext) (0.5.3)
2025-02-21T14:52:23.3788670Z Requirement already satisfied: nbconvert>=6.4.4 in /Users/runner/micromamba/envs/tardis/lib/python3.12/site-packages (from jupyter-server<3,>=2.4.0->notebook>=4.4.1->widgetsnbextension~=3.6.5->ipywidgets>=7.0.0->qgridnext) (7.16.4)
2025-02-21T14:52:23.3795640Z Requirement already satisfied: nbformat>=5.3.0 in /Users/runner/micromamba/envs/tardis/lib/python3.12/site-packages (from jupyter-server<3,>=2.4.0->notebook>=4.4.1->widgetsnbextension~=3.6.5->ipywidgets>=7.0.0->qgridnext) (5.10.4)
2025-02-21T14:52:23.3801700Z Requirement already satisfied: overrides>=5.0 in /Users/runner/micromamba/envs/tardis/lib/python3.12/site-packages (from jupyter-server<3,>=2.4.0->notebook>=4.4.1->widgetsnbextension~=3.6.5->ipywidgets>=7.0.0->qgridnext) (7.7.0)
2025-02-21T14:52:23.3807520Z Requirement already satisfied: packaging>=22.0 in /Users/runner/micromamba/envs/tardis/lib/python3.12/site-packages (from jupyter-server<3,>=2.4.0->notebook>=4.4.1->widgetsnbextension~=3.6.5->ipywidgets>=7.0.0->qgridnext) (24.1)
2025-02-21T14:52:23.3818630Z Requirement already satisfied: prometheus-client>=0.9 in /Users/runner/micromamba/envs/tardis/lib/python3.12/site-packages (from jupyter-server<3,>=2.4.0->notebook>=4.4.1->widgetsnbextension~=3.6.5->ipywidgets>=7.0.0->qgridnext) (0.20.0)
2025-02-21T14:52:23.3826780Z Requirement already satisfied: pyzmq>=24 in /Users/runner/micromamba/envs/tardis/lib/python3.12/site-packages (from jupyter-server<3,>=2.4.0->notebook>=4.4.1->widgetsnbextension~=3.6.5->ipywidgets>=7.0.0->qgridnext) (26.0.3)
2025-02-21T14:52:23.3832440Z Requirement already satisfied: send2trash>=1.8.2 in /Users/runner/micromamba/envs/tardis/lib/python3.12/site-packages (from jupyter-server<3,>=2.4.0->notebook>=4.4.1->widgetsnbextension~=3.6.5->ipywidgets>=7.0.0->qgridnext) (1.8.3)
2025-02-21T14:52:23.3840820Z Requirement already satisfied: terminado>=0.8.3 in /Users/runner/micromamba/envs/tardis/lib/python3.12/site-packages (from jupyter-server<3,>=2.4.0->notebook>=4.4.1->widgetsnbextension~=3.6.5->ipywidgets>=7.0.0->qgridnext) (0.18.1)
2025-02-21T14:52:23.3852420Z Requirement already satisfied: websocket-client>=1.7 in /Users/runner/micromamba/envs/tardis/lib/python3.12/site-packages (from jupyter-server<3,>=2.4.0->notebook>=4.4.1->widgetsnbextension~=3.6.5->ipywidgets>=7.0.0->qgridnext) (1.8.0)
2025-02-21T14:52:23.4057800Z Requirement already satisfied: async-lru>=1.0.0 in /Users/runner/micromamba/envs/tardis/lib/python3.12/site-packages (from jupyterlab<4.3,>=4.2.0->notebook>=4.4.1->widgetsnbextension~=3.6.5->ipywidgets>=7.0.0->qgridnext) (2.0.4)
2025-02-21T14:52:23.4065770Z Requirement already satisfied: httpx>=0.25.0 in /Users/runner/micromamba/envs/tardis/lib/python3.12/site-packages (from jupyterlab<4.3,>=4.2.0->notebook>=4.4.1->widgetsnbextension~=3.6.5->ipywidgets>=7.0.0->qgridnext) (0.27.0)
2025-02-21T14:52:23.4074470Z Requirement already satisfied: ipykernel>=6.5.0 in /Users/runner/micromamba/envs/tardis/lib/python3.12/site-packages (from jupyterlab<4.3,>=4.2.0->notebook>=4.4.1->widgetsnbextension~=3.6.5->ipywidgets>=7.0.0->qgridnext) (6.29.4)
2025-02-21T14:52:23.4082230Z Requirement already satisfied: jupyter-lsp>=2.0.0 in /Users/runner/micromamba/envs/tardis/lib/python3.12/site-packages (from jupyterlab<4.3,>=4.2.0->notebook>=4.4.1->widgetsnbextension~=3.6.5->ipywidgets>=7.0.0->qgridnext) (2.2.5)
2025-02-21T14:52:23.4099320Z Requirement already satisfied: setuptools>=40.1.0 in /Users/runner/micromamba/envs/tardis/lib/python3.12/site-packages (from jupyterlab<4.3,>=4.2.0->notebook>=4.4.1->widgetsnbextension~=3.6.5->ipywidgets>=7.0.0->qgridnext) (70.0.0)
2025-02-21T14:52:23.4220390Z Requirement already satisfied: babel>=2.10 in /Users/runner/micromamba/envs/tardis/lib/python3.12/site-packages (from jupyterlab-server<3,>=2.27.1->notebook>=4.4.1->widgetsnbextension~=3.6.5->ipywidgets>=7.0.0->qgridnext) (2.14.0)
2025-02-21T14:52:23.4239490Z Requirement already satisfied: json5>=0.9.0 in /Users/runner/micromamba/envs/tardis/lib/python3.12/site-packages (from jupyterlab-server<3,>=2.27.1->notebook>=4.4.1->widgetsnbextension~=3.6.5->ipywidgets>=7.0.0->qgridnext) (0.9.25)
2025-02-21T14:52:23.4246440Z Requirement already satisfied: jsonschema>=4.18.0 in /Users/runner/micromamba/envs/tardis/lib/python3.12/site-packages (from jupyterlab-server<3,>=2.27.1->notebook>=4.4.1->widgetsnbextension~=3.6.5->ipywidgets>=7.0.0->qgridnext) (4.22.0)
2025-02-21T14:52:23.4257950Z Requirement already satisfied: requests>=2.31 in /Users/runner/micromamba/envs/tardis/lib/python3.12/site-packages (from jupyterlab-server<3,>=2.27.1->notebook>=4.4.1->widgetsnbextension~=3.6.5->ipywidgets>=7.0.0->qgridnext) (2.32.3)
2025-02-21T14:52:23.4510250Z Requirement already satisfied: idna>=2.8 in /Users/runner/micromamba/envs/tardis/lib/python3.12/site-packages (from anyio>=3.1.0->jupyter-server<3,>=2.4.0->notebook>=4.4.1->widgetsnbextension~=3.6.5->ipywidgets>=7.0.0->qgridnext) (3.7)
2025-02-21T14:52:23.4515540Z Requirement already satisfied: sniffio>=1.1 in /Users/runner/micromamba/envs/tardis/lib/python3.12/site-packages (from anyio>=3.1.0->jupyter-server<3,>=2.4.0->notebook>=4.4.1->widgetsnbextension~=3.6.5->ipywidgets>=7.0.0->qgridnext) (1.3.1)
2025-02-21T14:52:23.4570890Z Requirement already satisfied: argon2-cffi-bindings in /Users/runner/micromamba/envs/tardis/lib/python3.12/site-packages (from argon2-cffi>=21.1->jupyter-server<3,>=2.4.0->notebook>=4.4.1->widgetsnbextension~=3.6.5->ipywidgets>=7.0.0->qgridnext) (21.2.0)
2025-02-21T14:52:23.4678620Z Requirement already satisfied: certifi in /Users/runner/micromamba/envs/tardis/lib/python3.12/site-packages (from httpx>=0.25.0->jupyterlab<4.3,>=4.2.0->notebook>=4.4.1->widgetsnbextension~=3.6.5->ipywidgets>=7.0.0->qgridnext) (2024.6.2)
2025-02-21T14:52:23.4687320Z Requirement already satisfied: httpcore==1.* in /Users/runner/micromamba/envs/tardis/lib/python3.12/site-packages (from httpx>=0.25.0->jupyterlab<4.3,>=4.2.0->notebook>=4.4.1->widgetsnbextension~=3.6.5->ipywidgets>=7.0.0->qgridnext) (1.0.5)
2025-02-21T14:52:23.4732490Z Requirement already satisfied: h11<0.15,>=0.13 in /Users/runner/micromamba/envs/tardis/lib/python3.12/site-packages (from httpcore==1.*->httpx>=0.25.0->jupyterlab<4.3,>=4.2.0->notebook>=4.4.1->widgetsnbextension~=3.6.5->ipywidgets>=7.0.0->qgridnext) (0.14.0)
2025-02-21T14:52:23.4843190Z Requirement already satisfied: appnope in /Users/runner/micromamba/envs/tardis/lib/python3.12/site-packages (from ipykernel>=6.5.0->jupyterlab<4.3,>=4.2.0->notebook>=4.4.1->widgetsnbextension~=3.6.5->ipywidgets>=7.0.0->qgridnext) (0.1.4)
2025-02-21T14:52:23.4850330Z Requirement already satisfied: debugpy>=1.6.5 in /Users/runner/micromamba/envs/tardis/lib/python3.12/site-packages (from ipykernel>=6.5.0->jupyterlab<4.3,>=4.2.0->notebook>=4.4.1->widgetsnbextension~=3.6.5->ipywidgets>=7.0.0->qgridnext) (1.8.1)
2025-02-21T14:52:23.4863830Z Requirement already satisfied: nest-asyncio in /Users/runner/micromamba/envs/tardis/lib/python3.12/site-packages (from ipykernel>=6.5.0->jupyterlab<4.3,>=4.2.0->notebook>=4.4.1->widgetsnbextension~=3.6.5->ipywidgets>=7.0.0->qgridnext) (1.6.0)
2025-02-21T14:52:23.4872720Z Requirement already satisfied: psutil in /Users/runner/micromamba/envs/tardis/lib/python3.12/site-packages (from ipykernel>=6.5.0->jupyterlab<4.3,>=4.2.0->notebook>=4.4.1->widgetsnbextension~=3.6.5->ipywidgets>=7.0.0->qgridnext) (5.9.8)
2025-02-21T14:52:23.4910480Z Requirement already satisfied: MarkupSafe>=2.0 in /Users/runner/micromamba/envs/tardis/lib/python3.12/site-packages (from jinja2>=3.0.3->jupyter-server<3,>=2.4.0->notebook>=4.4.1->widgetsnbextension~=3.6.5->ipywidgets>=7.0.0->qgridnext) (2.1.5)
2025-02-21T14:52:23.5030240Z Requirement already satisfied: attrs>=22.2.0 in /Users/runner/micromamba/envs/tardis/lib/python3.12/site-packages (from jsonschema>=4.18.0->jupyterlab-server<3,>=2.27.1->notebook>=4.4.1->widgetsnbextension~=3.6.5->ipywidgets>=7.0.0->qgridnext) (23.2.0)
2025-02-21T14:52:23.5036020Z Requirement already satisfied: jsonschema-specifications>=2023.03.6 in /Users/runner/micromamba/envs/tardis/lib/python3.12/site-packages (from jsonschema>=4.18.0->jupyterlab-server<3,>=2.27.1->notebook>=4.4.1->widgetsnbextension~=3.6.5->ipywidgets>=7.0.0->qgridnext) (2023.12.1)
2025-02-21T14:52:23.5040750Z Requirement already satisfied: referencing>=0.28.4 in /Users/runner/micromamba/envs/tardis/lib/python3.12/site-packages (from jsonschema>=4.18.0->jupyterlab-server<3,>=2.27.1->notebook>=4.4.1->widgetsnbextension~=3.6.5->ipywidgets>=7.0.0->qgridnext) (0.35.1)
2025-02-21T14:52:23.5046890Z Requirement already satisfied: rpds-py>=0.7.1 in /Users/runner/micromamba/envs/tardis/lib/python3.12/site-packages (from jsonschema>=4.18.0->jupyterlab-server<3,>=2.27.1->notebook>=4.4.1->widgetsnbextension~=3.6.5->ipywidgets>=7.0.0->qgridnext) (0.18.1)
2025-02-21T14:52:23.5220180Z Requirement already satisfied: platformdirs>=2.5 in /Users/runner/micromamba/envs/tardis/lib/python3.12/site-packages (from jupyter-core!=5.0.*,>=4.12->jupyter-server<3,>=2.4.0->notebook>=4.4.1->widgetsnbextension~=3.6.5->ipywidgets>=7.0.0->qgridnext) (4.2.2)
2025-02-21T14:52:23.5325210Z Requirement already satisfied: python-json-logger>=2.0.4 in /Users/runner/micromamba/envs/tardis/lib/python3.12/site-packages (from jupyter-events>=0.9.0->jupyter-server<3,>=2.4.0->notebook>=4.4.1->widgetsnbextension~=3.6.5->ipywidgets>=7.0.0->qgridnext) (2.0.7)
2025-02-21T14:52:23.5331110Z Requirement already satisfied: pyyaml>=5.3 in /Users/runner/micromamba/envs/tardis/lib/python3.12/site-packages (from jupyter-events>=0.9.0->jupyter-server<3,>=2.4.0->notebook>=4.4.1->widgetsnbextension~=3.6.5->ipywidgets>=7.0.0->qgridnext) (6.0.1)
2025-02-21T14:52:23.5337650Z Requirement already satisfied: rfc3339-validator in /Users/runner/micromamba/envs/tardis/lib/python3.12/site-packages (from jupyter-events>=0.9.0->jupyter-server<3,>=2.4.0->notebook>=4.4.1->widgetsnbextension~=3.6.5->ipywidgets>=7.0.0->qgridnext) (0.1.4)
2025-02-21T14:52:23.5343840Z Requirement already satisfied: rfc3986-validator>=0.1.1 in /Users/runner/micromamba/envs/tardis/lib/python3.12/site-packages (from jupyter-events>=0.9.0->jupyter-server<3,>=2.4.0->notebook>=4.4.1->widgetsnbextension~=3.6.5->ipywidgets>=7.0.0->qgridnext) (0.1.1)
2025-02-21T14:52:23.5620580Z Requirement already satisfied: beautifulsoup4 in /Users/runner/micromamba/envs/tardis/lib/python3.12/site-packages (from nbconvert>=6.4.4->jupyter-server<3,>=2.4.0->notebook>=4.4.1->widgetsnbextension~=3.6.5->ipywidgets>=7.0.0->qgridnext) (4.12.3)
2025-02-21T14:52:23.5721440Z Requirement already satisfied: bleach!=5.0.0 in /Users/runner/micromamba/envs/tardis/lib/python3.12/site-packages (from nbconvert>=6.4.4->jupyter-server<3,>=2.4.0->notebook>=4.4.1->widgetsnbextension~=3.6.5->ipywidgets>=7.0.0->qgridnext) (6.1.0)
2025-02-21T14:52:23.5823360Z Requirement already satisfied: defusedxml in /Users/runner/micromamba/envs/tardis/lib/python3.12/site-packages (from nbconvert>=6.4.4->jupyter-server<3,>=2.4.0->notebook>=4.4.1->widgetsnbextension~=3.6.5->ipywidgets>=7.0.0->qgridnext) (0.7.1)
2025-02-21T14:52:23.5925280Z Requirement already satisfied: jupyterlab-pygments in /Users/runner/micromamba/envs/tardis/lib/python3.12/site-packages (from nbconvert>=6.4.4->jupyter-server<3,>=2.4.0->notebook>=4.4.1->widgetsnbextension~=3.6.5->ipywidgets>=7.0.0->qgridnext) (0.3.0)
2025-02-21T14:52:23.6027800Z Requirement already satisfied: mistune<4,>=2.0.3 in /Users/runner/micromamba/envs/tardis/lib/python3.12/site-packages (from nbconvert>=6.4.4->jupyter-server<3,>=2.4.0->notebook>=4.4.1->widgetsnbextension~=3.6.5->ipywidgets>=7.0.0->qgridnext) (3.0.2)
2025-02-21T14:52:23.6128500Z Requirement already satisfied: nbclient>=0.5.0 in /Users/runner/micromamba/envs/tardis/lib/python3.12/site-packages (from nbconvert>=6.4.4->jupyter-server<3,>=2.4.0->notebook>=4.4.1->widgetsnbextension~=3.6.5->ipywidgets>=7.0.0->qgridnext) (0.10.0)
2025-02-21T14:52:23.6231520Z Requirement already satisfied: pandocfilters>=1.4.1 in /Users/runner/micromamba/envs/tardis/lib/python3.12/site-packages (from nbconvert>=6.4.4->jupyter-server<3,>=2.4.0->notebook>=4.4.1->widgetsnbextension~=3.6.5->ipywidgets>=7.0.0->qgridnext) (1.5.0)
2025-02-21T14:52:23.6332000Z Requirement already satisfied: tinycss2 in /Users/runner/micromamba/envs/tardis/lib/python3.12/site-packages (from nbconvert>=6.4.4->jupyter-server<3,>=2.4.0->notebook>=4.4.1->widgetsnbextension~=3.6.5->ipywidgets>=7.0.0->qgridnext) (1.3.0)
2025-02-21T14:52:23.6434240Z Requirement already satisfied: fastjsonschema>=2.15 in /Users/runner/micromamba/envs/tardis/lib/python3.12/site-packages (from nbformat>=5.3.0->jupyter-server<3,>=2.4.0->notebook>=4.4.1->widgetsnbextension~=3.6.5->ipywidgets>=7.0.0->qgridnext) (2.20.0)
2025-02-21T14:52:23.6538390Z Requirement already satisfied: charset-normalizer<4,>=2 in /Users/runner/micromamba/envs/tardis/lib/python3.12/site-packages (from requests>=2.31->jupyterlab-server<3,>=2.27.1->notebook>=4.4.1->widgetsnbextension~=3.6.5->ipywidgets>=7.0.0->qgridnext) (3.3.2)
2025-02-21T14:52:23.6640170Z Requirement already satisfied: urllib3<3,>=1.21.1 in /Users/runner/micromamba/envs/tardis/lib/python3.12/site-packages (from requests>=2.31->jupyterlab-server<3,>=2.27.1->notebook>=4.4.1->widgetsnbextension~=3.6.5->ipywidgets>=7.0.0->qgridnext) (2.2.2)
2025-02-21T14:52:23.6744100Z Requirement already satisfied: webencodings in /Users/runner/micromamba/envs/tardis/lib/python3.12/site-packages (from bleach!=5.0.0->nbconvert>=6.4.4->jupyter-server<3,>=2.4.0->notebook>=4.4.1->widgetsnbextension~=3.6.5->ipywidgets>=7.0.0->qgridnext) (0.5.1)
2025-02-21T14:52:23.7257130Z Requirement already satisfied: fqdn in /Users/runner/micromamba/envs/tardis/lib/python3.12/site-packages (from jsonschema[format-nongpl]>=4.18.0->jupyter-events>=0.9.0->jupyter-server<3,>=2.4.0->notebook>=4.4.1->widgetsnbextension~=3.6.5->ipywidgets>=7.0.0->qgridnext) (1.5.1)
2025-02-21T14:52:23.7361320Z Requirement already satisfied: isoduration in /Users/runner/micromamba/envs/tardis/lib/python3.12/site-packages (from jsonschema[format-nongpl]>=4.18.0->jupyter-events>=0.9.0->jupyter-server<3,>=2.4.0->notebook>=4.4.1->widgetsnbextension~=3.6.5->ipywidgets>=7.0.0->qgridnext) (20.11.0)
2025-02-21T14:52:23.7463580Z Requirement already satisfied: jsonpointer>1.13 in /Users/runner/micromamba/envs/tardis/lib/python3.12/site-packages (from jsonschema[format-nongpl]>=4.18.0->jupyter-events>=0.9.0->jupyter-server<3,>=2.4.0->notebook>=4.4.1->widgetsnbextension~=3.6.5->ipywidgets>=7.0.0->qgridnext) (3.0.0)
2025-02-21T14:52:23.7564900Z Requirement already satisfied: uri-template in /Users/runner/micromamba/envs/tardis/lib/python3.12/site-packages (from jsonschema[format-nongpl]>=4.18.0->jupyter-events>=0.9.0->jupyter-server<3,>=2.4.0->notebook>=4.4.1->widgetsnbextension~=3.6.5->ipywidgets>=7.0.0->qgridnext) (1.3.0)
2025-02-21T14:52:23.7668690Z Requirement already satisfied: webcolors>=1.11 in /Users/runner/micromamba/envs/tardis/lib/python3.12/site-packages (from jsonschema[format-nongpl]>=4.18.0->jupyter-events>=0.9.0->jupyter-server<3,>=2.4.0->notebook>=4.4.1->widgetsnbextension~=3.6.5->ipywidgets>=7.0.0->qgridnext) (24.6.0)
2025-02-21T14:52:23.8425320Z Requirement already satisfied: cffi>=1.0.1 in /Users/runner/micromamba/envs/tardis/lib/python3.12/site-packages (from argon2-cffi-bindings->argon2-cffi>=21.1->jupyter-server<3,>=2.4.0->notebook>=4.4.1->widgetsnbextension~=3.6.5->ipywidgets>=7.0.0->qgridnext) (1.16.0)
2025-02-21T14:52:23.8550420Z Requirement already satisfied: soupsieve>1.2 in /Users/runner/micromamba/envs/tardis/lib/python3.12/site-packages (from beautifulsoup4->nbconvert>=6.4.4->jupyter-server<3,>=2.4.0->notebook>=4.4.1->widgetsnbextension~=3.6.5->ipywidgets>=7.0.0->qgridnext) (2.5)
2025-02-21T14:52:23.8972570Z Requirement already satisfied: pycparser in /Users/runner/micromamba/envs/tardis/lib/python3.12/site-packages (from cffi>=1.0.1->argon2-cffi-bindings->argon2-cffi>=21.1->jupyter-server<3,>=2.4.0->notebook>=4.4.1->widgetsnbextension~=3.6.5->ipywidgets>=7.0.0->qgridnext) (2.22)
2025-02-21T14:52:23.9477790Z Requirement already satisfied: arrow>=0.15.0 in /Users/runner/micromamba/envs/tardis/lib/python3.12/site-packages (from isoduration->jsonschema[format-nongpl]>=4.18.0->jupyter-events>=0.9.0->jupyter-server<3,>=2.4.0->notebook>=4.4.1->widgetsnbextension~=3.6.5->ipywidgets>=7.0.0->qgridnext) (1.3.0)
2025-02-21T14:52:23.9681460Z Requirement already satisfied: types-python-dateutil>=2.8.10 in /Users/runner/micromamba/envs/tardis/lib/python3.12/site-packages (from arrow>=0.15.0->isoduration->jsonschema[format-nongpl]>=4.18.0->jupyter-events>=0.9.0->jupyter-server<3,>=2.4.0->notebook>=4.4.1->widgetsnbextension~=3.6.5->ipywidgets>=7.0.0->qgridnext) (2.9.0.20240316)
2025-02-21T14:52:23.9971530Z Downloading qgridnext-2.0.4-py3-none-any.whl (1.3 MB)
2025-02-21T14:52:24.0469320Z    ━━━━━━━━━━━━━━━━━━━━━━━━━━━━━━━━━━━━━━━━ 1.3/1.3 MB 26.2 MB/s eta 0:00:00
2025-02-21T14:52:24.7356870Z Installing collected packages: qgridnext
2025-02-21T14:52:24.7804500Z Successfully installed qgridnext-2.0.4
2025-02-21T14:52:25.0617360Z ##[group]Run pytest tardis --tardis-regression-data=/Users/runner/work/tardis/tardis/tardis-regression-data --cov=tardis --cov-report=xml --cov-report=html --cov-append -m " continuum"
2025-02-21T14:52:25.0619680Z [36;1mpytest tardis --tardis-regression-data=/Users/runner/work/tardis/tardis/tardis-regression-data --cov=tardis --cov-report=xml --cov-report=html --cov-append -m " continuum"[0m
2025-02-21T14:52:25.0711700Z shell: /bin/bash -l {0}
2025-02-21T14:52:25.0711910Z env:
2025-02-21T14:52:25.0712060Z   CACHE_NUMBER: 0
2025-02-21T14:52:25.0712570Z   PYTEST_FLAGS: --tardis-regression-data=/Users/runner/work/tardis/tardis/tardis-regression-data --cov=tardis --cov-report=xml --cov-report=html --cov-append
2025-02-21T14:52:25.0713240Z   CODECOV_TOKEN: 
2025-02-21T14:52:25.0713420Z   MAMBA_ROOT_PREFIX: /Users/runner/micromamba
2025-02-21T14:52:25.0713670Z   MAMBA_EXE: /Users/runner/micromamba-bin/micromamba
2025-02-21T14:52:25.0714040Z   CONDARC: /Users/runner/work/_temp/setup-micromamba/.condarc
2025-02-21T14:52:25.0714280Z ##[endgroup]
2025-02-21T14:52:39.3554290Z ============================= test session starts ==============================
2025-02-21T14:52:39.3555190Z platform darwin -- Python 3.12.4, pytest-8.2.2, pluggy-1.5.0
2025-02-21T14:52:39.3555650Z rootdir: /Users/runner/work/tardis/tardis
2025-02-21T14:52:39.3556110Z configfile: pyproject.toml
2025-02-21T14:52:39.3556440Z plugins: cov-5.0.0, html-4.1.1, metadata-3.1.1, doctestplus-1.2.1, anyio-4.4.0
2025-02-21T14:52:39.3556870Z collected 1796 items / 1794 deselected / 2 selected
2025-02-21T14:52:39.3557070Z 
2025-02-21T14:53:46.8741880Z tardis/transport/montecarlo/estimators/tests/test_continuum_property_solver.py . [ 50%]
2025-02-21T14:53:46.8843790Z                                                                          [ 50%]
2025-02-21T14:54:24.2754080Z tardis/transport/montecarlo/tests/test_continuum.py .                    [100%]
2025-02-21T14:54:24.2757090Z 
2025-02-21T14:54:24.2758760Z =============================== warnings summary ===============================
2025-02-21T14:54:24.2759810Z tardis/io/configuration/config_validator.py:6
2025-02-21T14:54:24.2765860Z tardis/io/configuration/config_validator.py:6
2025-02-21T14:54:24.2766700Z   /Users/runner/work/tardis/tardis/tardis/io/configuration/config_validator.py:6: DeprecationWarning:
2025-02-21T14:54:24.2770030Z   
2025-02-21T14:54:24.2794760Z   jsonschema.RefResolver is deprecated as of v4.18.0, in favor of the https://github.com/python-jsonschema/referencing library, which provides more compliant referencing behavior as well as more flexible APIs for customization. A future release will remove RefResolver. Please file a feature request (on referencing) if you are missing an API for the kind of customization you need.
2025-02-21T14:54:24.2800430Z 
2025-02-21T14:54:24.2800870Z ../../../micromamba/envs/tardis/lib/python3.12/site-packages/jupyter_client/connect.py:22
2025-02-21T14:54:24.2801690Z   /Users/runner/micromamba/envs/tardis/lib/python3.12/site-packages/jupyter_client/connect.py:22: DeprecationWarning:
2025-02-21T14:54:24.2807530Z   
2025-02-21T14:54:24.2808290Z   Jupyter is migrating its paths to use standard platformdirs
2025-02-21T14:54:24.2809020Z   given by the platformdirs library.  To remove this warning and
2025-02-21T14:54:24.2809820Z   see the appropriate new directories, set the environment variable
2025-02-21T14:54:24.2810400Z   `JUPYTER_PLATFORM_DIRS=1` and then run `jupyter --paths`.
2025-02-21T14:54:24.2811720Z   The use of platformdirs will be the default in `jupyter_core` v6
2025-02-21T14:54:24.2811940Z 
2025-02-21T14:54:24.2853550Z tardis/transport/montecarlo/estimators/tests/test_continuum_property_solver.py::test_continuum_estimators
2025-02-21T14:54:24.2854630Z   /Users/runner/work/tardis/tardis/tardis/transport/montecarlo/montecarlo_main_loop.py:123: NumbaTypeSafetyWarning:
2025-02-21T14:54:24.2855230Z   
2025-02-21T14:54:24.2862440Z   [1m[1m[1munsafe cast from uint64 to int64. Precision may be lost.[0m[0m[0m
2025-02-21T14:54:24.2865890Z 
2025-02-21T14:54:24.2866140Z -- Docs: https://docs.pytest.org/en/stable/how-to/capture-warnings.html
2025-02-21T14:54:24.2866770Z 
2025-02-21T14:54:24.2867800Z ---------- coverage: platform darwin, python 3.12.4-final-0 ----------
2025-02-21T14:54:24.2868790Z Coverage HTML written to dir coverage_html_report
2025-02-21T14:54:24.2869860Z Coverage XML written to file coverage.xml
2025-02-21T14:54:24.2870180Z 
2025-02-21T14:54:24.2871370Z ========== 2 passed, 1794 deselected, 4 warnings in 106.33s (0:01:46) ==========
2025-02-21T14:54:25.6786020Z ##[group]Run mv .coverage .coverage.1
2025-02-21T14:54:25.6786460Z [36;1mmv .coverage .coverage.1[0m
2025-02-21T14:54:25.7982420Z shell: /bin/bash -l {0}
2025-02-21T14:54:25.7983110Z env:
2025-02-21T14:54:25.7983730Z   CACHE_NUMBER: 0
2025-02-21T14:54:25.7984340Z   PYTEST_FLAGS: --tardis-regression-data=/Users/runner/work/tardis/tardis/tardis-regression-data --cov=tardis --cov-report=xml --cov-report=html --cov-append
2025-02-21T14:54:25.7985790Z   CODECOV_TOKEN: 
2025-02-21T14:54:25.7986270Z   MAMBA_ROOT_PREFIX: /Users/runner/micromamba
2025-02-21T14:54:25.7986990Z   MAMBA_EXE: /Users/runner/micromamba-bin/micromamba
2025-02-21T14:54:25.7987370Z   CONDARC: /Users/runner/work/_temp/setup-micromamba/.condarc
2025-02-21T14:54:25.7991320Z ##[endgroup]
2025-02-21T14:54:26.1541200Z ##[group]Run actions/upload-artifact@v4
2025-02-21T14:54:26.1541610Z with:
2025-02-21T14:54:26.1541910Z   name: coverage--continuum-macos-latest
2025-02-21T14:54:26.1542140Z   include-hidden-files: true
2025-02-21T14:54:26.1542330Z   path: .coverage*
!.coveragerc

2025-02-21T14:54:26.1542510Z   if-no-files-found: warn
2025-02-21T14:54:26.1542810Z   compression-level: 6
2025-02-21T14:54:26.1542970Z   overwrite: false
2025-02-21T14:54:26.1543100Z env:
2025-02-21T14:54:26.1543240Z   CACHE_NUMBER: 0
2025-02-21T14:54:26.1543820Z   PYTEST_FLAGS: --tardis-regression-data=/Users/runner/work/tardis/tardis/tardis-regression-data --cov=tardis --cov-report=xml --cov-report=html --cov-append
2025-02-21T14:54:26.1544420Z   CODECOV_TOKEN: 
2025-02-21T14:54:26.1544590Z   MAMBA_ROOT_PREFIX: /Users/runner/micromamba
2025-02-21T14:54:26.1544840Z   MAMBA_EXE: /Users/runner/micromamba-bin/micromamba
2025-02-21T14:54:26.1545130Z   CONDARC: /Users/runner/work/_temp/setup-micromamba/.condarc
2025-02-21T14:54:26.1545490Z ##[endgroup]
2025-02-21T14:54:26.5767190Z With the provided path, there will be 2 files uploaded
2025-02-21T14:54:26.5773290Z Artifact name is valid!
2025-02-21T14:54:26.5773860Z Root directory input is valid!
2025-02-21T14:54:26.7633450Z Beginning upload of artifact content to blob storage
2025-02-21T14:54:26.9907370Z Uploaded bytes 28041
2025-02-21T14:54:27.0398820Z Finished uploading artifact content to blob storage!
2025-02-21T14:54:27.0400210Z SHA256 hash of uploaded artifact zip is d9662d51826747696f8abbe63f1298887834da585d969e06e32fe8dac46f155e
2025-02-21T14:54:27.0403660Z Finalizing artifact upload
2025-02-21T14:54:27.1427140Z Artifact coverage--continuum-macos-latest.zip successfully finalized. Artifact ID 2630923363
2025-02-21T14:54:27.1427900Z Artifact coverage--continuum-macos-latest has been successfully uploaded! Final size is 28041 bytes. Artifact ID is 2630923363
2025-02-21T14:54:27.1435340Z Artifact download URL: https://github.com/tardis-sn/tardis/actions/runs/13459256141/artifacts/2630923363
2025-02-21T14:54:27.1557790Z Post job cleanup.
2025-02-21T14:54:27.1619110Z Post job cleanup.
2025-02-21T14:54:27.3196280Z Will use pre-installed micromamba at /Users/runner/micromamba-bin/micromamba
2025-02-21T14:54:27.3199430Z Removing micromamba run shell ...
2025-02-21T14:54:27.3201730Z ##[group]Deinitialize micromamba for bash
2025-02-21T14:54:27.3215910Z [command]/Users/runner/micromamba-bin/micromamba shell deinit -s bash -r /Users/runner/micromamba --log-level warning --rc-file /Users/runner/work/_temp/setup-micromamba/.condarc
2025-02-21T14:54:27.3412310Z Resetting RC file "/Users/runner/.bash_profile"
2025-02-21T14:54:27.3412610Z Deleting config for root prefix 
2025-02-21T14:54:27.3412850Z Clearing mamba executable environment variable
2025-02-21T14:54:27.3436780Z Removing the following in your "/Users/runner/.bash_profile" file
2025-02-21T14:54:27.3437180Z # >>> mamba initialize >>>
2025-02-21T14:54:27.3437440Z ...
2025-02-21T14:54:27.3437700Z # <<< mamba initialize <<<
2025-02-21T14:54:27.3472850Z Removing environment tardis from auto-activate bash ...
2025-02-21T14:54:27.3571760Z Post job cleanup.
2025-02-21T14:54:27.3623830Z Post job cleanup.
2025-02-21T14:54:27.6034090Z [command]/opt/homebrew/bin/git version
2025-02-21T14:54:27.6857260Z git version 2.48.1
2025-02-21T14:54:27.6901020Z Copying '/Users/runner/.gitconfig' to '/Users/runner/work/_temp/abc3de6a-59f5-4df1-be9d-8c7562cc2f34/.gitconfig'
2025-02-21T14:54:27.6902280Z Temporarily overriding HOME='/Users/runner/work/_temp/abc3de6a-59f5-4df1-be9d-8c7562cc2f34' before making global git config changes
2025-02-21T14:54:27.6904370Z Adding repository directory to the temporary git global config as a safe directory
2025-02-21T14:54:27.6905090Z [command]/opt/homebrew/bin/git config --global --add safe.directory /Users/runner/work/tardis/tardis/tardis-regression-data
2025-02-21T14:54:27.6976070Z [command]/opt/homebrew/bin/git config --local --name-only --get-regexp core\.sshCommand
2025-02-21T14:54:27.7029110Z [command]/opt/homebrew/bin/git submodule foreach --recursive sh -c "git config --local --name-only --get-regexp 'core\.sshCommand' && git config --local --unset-all 'core.sshCommand' || :"
2025-02-21T14:54:27.8482760Z [command]/opt/homebrew/bin/git config --local --name-only --get-regexp http\.https\:\/\/github\.com\/\.extraheader
2025-02-21T14:54:27.8523470Z http.https://github.com/.extraheader
2025-02-21T14:54:27.8544800Z [command]/opt/homebrew/bin/git config --local --unset-all http.https://github.com/.extraheader
2025-02-21T14:54:27.8682810Z [command]/opt/homebrew/bin/git submodule foreach --recursive sh -c "git config --local --name-only --get-regexp 'http\.https\:\/\/github\.com\/\.extraheader' && git config --local --unset-all 'http.https://github.com/.extraheader' || :"
2025-02-21T14:54:27.9790940Z Post job cleanup.
2025-02-21T14:54:28.1009670Z [command]/opt/homebrew/bin/git version
2025-02-21T14:54:28.1069430Z git version 2.48.1
2025-02-21T14:54:28.1095270Z Copying '/Users/runner/.gitconfig' to '/Users/runner/work/_temp/f667d39e-534e-498a-a590-7f6850333970/.gitconfig'
2025-02-21T14:54:28.1105940Z Temporarily overriding HOME='/Users/runner/work/_temp/f667d39e-534e-498a-a590-7f6850333970' before making global git config changes
2025-02-21T14:54:28.1107310Z Adding repository directory to the temporary git global config as a safe directory
2025-02-21T14:54:28.1128700Z [command]/opt/homebrew/bin/git config --global --add safe.directory /Users/runner/work/tardis/tardis
2025-02-21T14:54:28.1390490Z [command]/opt/homebrew/bin/git config --local --name-only --get-regexp core\.sshCommand
2025-02-21T14:54:28.1463660Z [command]/opt/homebrew/bin/git submodule foreach --recursive sh -c "git config --local --name-only --get-regexp 'core\.sshCommand' && git config --local --unset-all 'core.sshCommand' || :"
2025-02-21T14:54:28.3007510Z [command]/opt/homebrew/bin/git config --local --name-only --get-regexp http\.https\:\/\/github\.com\/\.extraheader
2025-02-21T14:54:28.3048100Z http.https://github.com/.extraheader
2025-02-21T14:54:28.3058680Z [command]/opt/homebrew/bin/git config --local --unset-all http.https://github.com/.extraheader
2025-02-21T14:54:28.3124640Z [command]/opt/homebrew/bin/git submodule foreach --recursive sh -c "git config --local --name-only --get-regexp 'http\.https\:\/\/github\.com\/\.extraheader' && git config --local --unset-all 'http.https://github.com/.extraheader' || :"
2025-02-21T14:54:28.4068030Z Cleaning up orphan processes
