2025-01-15T11:57:15.6737367Z Requested labels: macos-latest
2025-01-15T11:57:15.6737575Z Job defined at: tardis-sn/tardis/.github/workflows/tests.yml@refs/pull/2929/merge
2025-01-15T11:57:15.6737649Z Waiting for a runner to pick up this job...
2025-01-15T11:57:15.9307056Z Job is waiting for a hosted runner to come online.
2025-01-15T11:57:19.8874395Z Job is about to start running on the hosted runner: GitHub Actions 2 (hosted)
2025-01-15T11:57:21.2529280Z Current runner version: '2.321.0'
2025-01-15T11:57:21.2546700Z ##[group]Operating System
2025-01-15T11:57:21.2547190Z macOS
2025-01-15T11:57:21.2547490Z 14.7.2
2025-01-15T11:57:21.2547790Z 23H311
2025-01-15T11:57:21.2548090Z ##[endgroup]
2025-01-15T11:57:21.2548410Z ##[group]Runner Image
2025-01-15T11:57:21.2548760Z Image: macos-14-arm64
2025-01-15T11:57:21.2549080Z Version: 20250106.725
2025-01-15T11:57:21.2549760Z Included Software: https://github.com/actions/runner-images/blob/macos-14-arm64/20250106.725/images/macos/macos-14-arm64-Readme.md
2025-01-15T11:57:21.2550680Z Image Release: https://github.com/actions/runner-images/releases/tag/macos-14-arm64%2F20250106.725
2025-01-15T11:57:21.2551270Z ##[endgroup]
2025-01-15T11:57:21.2551580Z ##[group]Runner Image Provisioner
2025-01-15T11:57:21.2551980Z 2.0.414.1+2ecee806bcbb7b5d267443ac0090547f461e95b1
2025-01-15T11:57:21.2552380Z ##[endgroup]
2025-01-15T11:57:21.2553720Z ##[group]GITHUB_TOKEN Permissions
2025-01-15T11:57:21.2554800Z Actions: read
2025-01-15T11:57:21.2555120Z Attestations: read
2025-01-15T11:57:21.2555420Z Checks: read
2025-01-15T11:57:21.2555710Z Contents: read
2025-01-15T11:57:21.2556010Z Deployments: read
2025-01-15T11:57:21.2556320Z Discussions: read
2025-01-15T11:57:21.2556610Z Issues: read
2025-01-15T11:57:21.2556910Z Metadata: read
2025-01-15T11:57:21.2557210Z Packages: read
2025-01-15T11:57:21.2557500Z Pages: read
2025-01-15T11:57:21.2557790Z PullRequests: read
2025-01-15T11:57:21.2558110Z RepositoryProjects: read
2025-01-15T11:57:21.2558440Z SecurityEvents: read
2025-01-15T11:57:21.2558750Z Statuses: read
2025-01-15T11:57:21.2559050Z ##[endgroup]
2025-01-15T11:57:21.2560930Z Secret source: None
2025-01-15T11:57:21.2561380Z Prepare workflow directory
2025-01-15T11:57:21.2910190Z Prepare all required actions
2025-01-15T11:57:21.2936580Z Getting action download info
2025-01-15T11:57:21.4463400Z Download action repository 'actions/checkout@v4' (SHA:11bd71901bbe5b1630ceea73d27597364c9af683)
2025-01-15T11:57:21.8733640Z Download action repository 'actions/upload-artifact@v4' (SHA:65c4c4a1ddee5b72f698fdd19549f0f0fb45cf08)
2025-01-15T11:57:23.1635140Z Complete job name: not continuum macos-latest 
2025-01-15T11:57:23.2073470Z ##[group]Run actions/checkout@v4
2025-01-15T11:57:23.2074020Z with:
2025-01-15T11:57:23.2074340Z   repository: tardis-sn/tardis
2025-01-15T11:57:23.2074850Z   token: ***
2025-01-15T11:57:23.2075140Z   ssh-strict: true
2025-01-15T11:57:23.2075450Z   ssh-user: git
2025-01-15T11:57:23.2075760Z   persist-credentials: true
2025-01-15T11:57:23.2076110Z   clean: true
2025-01-15T11:57:23.2076420Z   sparse-checkout-cone-mode: true
2025-01-15T11:57:23.2076790Z   fetch-depth: 1
2025-01-15T11:57:23.2077090Z   fetch-tags: false
2025-01-15T11:57:23.2077410Z   show-progress: true
2025-01-15T11:57:23.2077730Z   lfs: false
2025-01-15T11:57:23.2078040Z   submodules: false
2025-01-15T11:57:23.2078370Z   set-safe-directory: true
2025-01-15T11:57:23.2078820Z env:
2025-01-15T11:57:23.2079100Z   CACHE_NUMBER: 0
2025-01-15T11:57:23.2079990Z   PYTEST_FLAGS: --tardis-regression-data=/Users/runner/work/tardis/tardis/tardis-regression-data --cov=tardis --cov-report=xml --cov-report=html --cov-append
2025-01-15T11:57:23.2080940Z   CODECOV_TOKEN: 
2025-01-15T11:57:23.2081250Z ##[endgroup]
2025-01-15T11:57:23.5492060Z Syncing repository: tardis-sn/tardis
2025-01-15T11:57:23.5493590Z ##[group]Getting Git version info
2025-01-15T11:57:23.5494100Z Working directory is '/Users/runner/work/tardis/tardis'
2025-01-15T11:57:23.5496850Z [command]/opt/homebrew/bin/git version
2025-01-15T11:57:23.6409170Z git version 2.47.1
2025-01-15T11:57:23.6437630Z ##[endgroup]
2025-01-15T11:57:23.6447780Z Copying '/Users/runner/.gitconfig' to '/Users/runner/work/_temp/a0fcccb7-0dba-42c8-b111-598bd7258e73/.gitconfig'
2025-01-15T11:57:23.6458400Z Temporarily overriding HOME='/Users/runner/work/_temp/a0fcccb7-0dba-42c8-b111-598bd7258e73' before making global git config changes
2025-01-15T11:57:23.6465320Z Adding repository directory to the temporary git global config as a safe directory
2025-01-15T11:57:23.6467240Z [command]/opt/homebrew/bin/git config --global --add safe.directory /Users/runner/work/tardis/tardis
2025-01-15T11:57:23.6553210Z Deleting the contents of '/Users/runner/work/tardis/tardis'
2025-01-15T11:57:23.6556210Z ##[group]Initializing the repository
2025-01-15T11:57:23.6562620Z [command]/opt/homebrew/bin/git init /Users/runner/work/tardis/tardis
2025-01-15T11:57:23.6980940Z hint: Using 'master' as the name for the initial branch. This default branch name
2025-01-15T11:57:23.7000140Z hint: is subject to change. To configure the initial branch name to use in all
2025-01-15T11:57:23.7016400Z hint: of your new repositories, which will suppress this warning, call:
2025-01-15T11:57:23.7017620Z hint:
2025-01-15T11:57:23.7018230Z hint: 	git config --global init.defaultBranch <name>
2025-01-15T11:57:23.7018910Z hint:
2025-01-15T11:57:23.7019480Z hint: Names commonly chosen instead of 'master' are 'main', 'trunk' and
2025-01-15T11:57:23.7020540Z hint: 'development'. The just-created branch can be renamed via this command:
2025-01-15T11:57:23.7021270Z hint:
2025-01-15T11:57:23.7021710Z hint: 	git branch -m <name>
2025-01-15T11:57:23.7022650Z Initialized empty Git repository in /Users/runner/work/tardis/tardis/.git/
2025-01-15T11:57:23.7024600Z [command]/opt/homebrew/bin/git remote add origin https://github.com/tardis-sn/tardis
2025-01-15T11:57:23.7087040Z ##[endgroup]
2025-01-15T11:57:23.7087660Z ##[group]Disabling automatic garbage collection
2025-01-15T11:57:23.7091290Z [command]/opt/homebrew/bin/git config --local gc.auto 0
2025-01-15T11:57:23.7186110Z ##[endgroup]
2025-01-15T11:57:23.7186760Z ##[group]Setting up auth
2025-01-15T11:57:23.7190240Z [command]/opt/homebrew/bin/git config --local --name-only --get-regexp core\.sshCommand
2025-01-15T11:57:23.7239920Z [command]/opt/homebrew/bin/git submodule foreach --recursive sh -c "git config --local --name-only --get-regexp 'core\.sshCommand' && git config --local --unset-all 'core.sshCommand' || :"
2025-01-15T11:57:23.9884950Z [command]/opt/homebrew/bin/git config --local --name-only --get-regexp http\.https\:\/\/github\.com\/\.extraheader
2025-01-15T11:57:23.9941930Z [command]/opt/homebrew/bin/git submodule foreach --recursive sh -c "git config --local --name-only --get-regexp 'http\.https\:\/\/github\.com\/\.extraheader' && git config --local --unset-all 'http.https://github.com/.extraheader' || :"
2025-01-15T11:57:24.0543690Z [command]/opt/homebrew/bin/git config --local http.https://github.com/.extraheader AUTHORIZATION: basic ***
2025-01-15T11:57:24.0619040Z ##[endgroup]
2025-01-15T11:57:24.0623170Z ##[group]Fetching the repository
2025-01-15T11:57:24.0631470Z [command]/opt/homebrew/bin/git -c protocol.version=2 fetch --no-tags --prune --no-recurse-submodules --depth=1 origin +49d3431eecf36dc14a5aac6cb86a551b3d924304:refs/remotes/pull/2929/merge
2025-01-15T11:57:25.7240760Z From https://github.com/tardis-sn/tardis
2025-01-15T11:57:25.7243840Z  * [new ref]         49d3431eecf36dc14a5aac6cb86a551b3d924304 -> pull/2929/merge
2025-01-15T11:57:25.7304540Z ##[endgroup]
2025-01-15T11:57:25.7307380Z ##[group]Determining the checkout info
2025-01-15T11:57:25.7310090Z ##[endgroup]
2025-01-15T11:57:25.7314470Z [command]/opt/homebrew/bin/git sparse-checkout disable
2025-01-15T11:57:25.7385600Z [command]/opt/homebrew/bin/git config --local --unset-all extensions.worktreeConfig
2025-01-15T11:57:25.7449990Z ##[group]Checking out the ref
2025-01-15T11:57:25.7453720Z [command]/opt/homebrew/bin/git checkout --progress --force refs/remotes/pull/2929/merge
2025-01-15T11:57:26.0119680Z HEAD is now at 49d3431 Merge bc371f8b00bacdcfb59b760cb1194096b421e922 into 5e2d0bb3139b6cd34b9c08e22fe36d65cd9c57fa
2025-01-15T11:57:26.0132330Z ##[endgroup]
2025-01-15T11:57:26.0197010Z [command]/opt/homebrew/bin/git log -1 --format=%H
2025-01-15T11:57:26.0248850Z 49d3431eecf36dc14a5aac6cb86a551b3d924304
2025-01-15T11:57:26.0551780Z Prepare all required actions
2025-01-15T11:57:26.0552850Z Getting action download info
2025-01-15T11:57:26.2050660Z Download action repository 'actions/cache@v4' (SHA:1bd1e32a3bdc45362d1e726936510720a7c30a57)
2025-01-15T11:57:26.3896720Z ##[group]Run ./.github/actions/setup_lfs
2025-01-15T11:57:26.3897440Z with:
2025-01-15T11:57:26.3898090Z   regression-data-repo: tardis-sn/tardis-regression-data
2025-01-15T11:57:26.3898870Z env:
2025-01-15T11:57:26.3899380Z   CACHE_NUMBER: 0
2025-01-15T11:57:26.3900860Z   PYTEST_FLAGS: --tardis-regression-data=/Users/runner/work/tardis/tardis/tardis-regression-data --cov=tardis --cov-report=xml --cov-report=html --cov-append
2025-01-15T11:57:26.3902470Z   CODECOV_TOKEN: 
2025-01-15T11:57:26.3903010Z ##[endgroup]
2025-01-15T11:57:26.4054330Z ##[group]Run actions/checkout@v4
2025-01-15T11:57:26.4054970Z with:
2025-01-15T11:57:26.4055520Z   repository: tardis-sn/tardis-regression-data
2025-01-15T11:57:26.4056260Z   path: tardis-regression-data
2025-01-15T11:57:26.4057110Z   token: ***
2025-01-15T11:57:26.4057630Z   ssh-strict: true
2025-01-15T11:57:26.4058170Z   ssh-user: git
2025-01-15T11:57:26.4058730Z   persist-credentials: true
2025-01-15T11:57:26.4059330Z   clean: true
2025-01-15T11:57:26.4059870Z   sparse-checkout-cone-mode: true
2025-01-15T11:57:26.4060490Z   fetch-depth: 1
2025-01-15T11:57:26.4061010Z   fetch-tags: false
2025-01-15T11:57:26.4061560Z   show-progress: true
2025-01-15T11:57:26.4062120Z   lfs: false
2025-01-15T11:57:26.4062640Z   submodules: false
2025-01-15T11:57:26.4063240Z   set-safe-directory: true
2025-01-15T11:57:26.4063870Z env:
2025-01-15T11:57:26.4064390Z   CACHE_NUMBER: 0
2025-01-15T11:57:26.4065900Z   PYTEST_FLAGS: --tardis-regression-data=/Users/runner/work/tardis/tardis/tardis-regression-data --cov=tardis --cov-report=xml --cov-report=html --cov-append
2025-01-15T11:57:26.4067560Z   CODECOV_TOKEN: 
2025-01-15T11:57:26.4068130Z ##[endgroup]
2025-01-15T11:57:26.5830590Z Syncing repository: tardis-sn/tardis-regression-data
2025-01-15T11:57:26.5933270Z ##[group]Getting Git version info
2025-01-15T11:57:26.6035380Z Working directory is '/Users/runner/work/tardis/tardis/tardis-regression-data'
2025-01-15T11:57:26.6095950Z [command]/opt/homebrew/bin/git version
2025-01-15T11:57:26.6097120Z git version 2.47.1
2025-01-15T11:57:26.6100160Z ##[endgroup]
2025-01-15T11:57:26.6105550Z Copying '/Users/runner/.gitconfig' to '/Users/runner/work/_temp/332d9b40-d84e-4bf9-99dd-c8f7ce25f7e1/.gitconfig'
2025-01-15T11:57:26.6117130Z Temporarily overriding HOME='/Users/runner/work/_temp/332d9b40-d84e-4bf9-99dd-c8f7ce25f7e1' before making global git config changes
2025-01-15T11:57:26.6119260Z Adding repository directory to the temporary git global config as a safe directory
2025-01-15T11:57:26.6121380Z [command]/opt/homebrew/bin/git config --global --add safe.directory /Users/runner/work/tardis/tardis/tardis-regression-data
2025-01-15T11:57:26.6124220Z ##[group]Initializing the repository
2025-01-15T11:57:26.6125380Z [command]/opt/homebrew/bin/git init /Users/runner/work/tardis/tardis/tardis-regression-data
2025-01-15T11:57:26.6126730Z hint: Using 'master' as the name for the initial branch. This default branch name
2025-01-15T11:57:26.6128820Z hint: is subject to change. To configure the initial branch name to use in all
2025-01-15T11:57:26.6134040Z hint: of your new repositories, which will suppress this warning, call:
2025-01-15T11:57:26.6136740Z hint:
2025-01-15T11:57:26.6155230Z hint: 	git config --global init.defaultBranch <name>
2025-01-15T11:57:26.6156250Z hint:
2025-01-15T11:57:26.6157100Z hint: Names commonly chosen instead of 'master' are 'main', 'trunk' and
2025-01-15T11:57:26.6158410Z hint: 'development'. The just-created branch can be renamed via this command:
2025-01-15T11:57:26.6159760Z hint:
2025-01-15T11:57:26.6160420Z hint: 	git branch -m <name>
2025-01-15T11:57:26.6161630Z Initialized empty Git repository in /Users/runner/work/tardis/tardis/tardis-regression-data/.git/
2025-01-15T11:57:26.6165010Z [command]/opt/homebrew/bin/git remote add origin https://github.com/tardis-sn/tardis-regression-data
2025-01-15T11:57:26.6167500Z ##[endgroup]
2025-01-15T11:57:26.6168510Z ##[group]Disabling automatic garbage collection
2025-01-15T11:57:26.6170260Z [command]/opt/homebrew/bin/git config --local gc.auto 0
2025-01-15T11:57:26.6172770Z ##[endgroup]
2025-01-15T11:57:26.6173710Z ##[group]Setting up auth
2025-01-15T11:57:26.6174990Z [command]/opt/homebrew/bin/git config --local --name-only --get-regexp core\.sshCommand
2025-01-15T11:57:26.6178500Z [command]/opt/homebrew/bin/git submodule foreach --recursive sh -c "git config --local --name-only --get-regexp 'core\.sshCommand' && git config --local --unset-all 'core.sshCommand' || :"
2025-01-15T11:57:26.6543930Z [command]/opt/homebrew/bin/git config --local --name-only --get-regexp http\.https\:\/\/github\.com\/\.extraheader
2025-01-15T11:57:26.6641540Z [command]/opt/homebrew/bin/git submodule foreach --recursive sh -c "git config --local --name-only --get-regexp 'http\.https\:\/\/github\.com\/\.extraheader' && git config --local --unset-all 'http.https://github.com/.extraheader' || :"
2025-01-15T11:57:26.9024310Z [command]/opt/homebrew/bin/git config --local http.https://github.com/.extraheader AUTHORIZATION: basic ***
2025-01-15T11:57:26.9032640Z ##[endgroup]
2025-01-15T11:57:26.9033470Z ##[group]Determining the default branch
2025-01-15T11:57:26.9034090Z Retrieving the default branch name
2025-01-15T11:57:27.3159950Z Default branch 'main'
2025-01-15T11:57:27.3272940Z ##[endgroup]
2025-01-15T11:57:27.3376330Z ##[group]Fetching the repository
2025-01-15T11:57:27.3477930Z [command]/opt/homebrew/bin/git -c protocol.version=2 fetch --no-tags --prune --no-recurse-submodules --depth=1 origin +refs/heads/main:refs/remotes/origin/main
2025-01-15T11:57:28.3155260Z From https://github.com/tardis-sn/tardis-regression-data
2025-01-15T11:57:28.3309200Z  * [new branch]      main       -> origin/main
2025-01-15T11:57:28.3702470Z ##[endgroup]
2025-01-15T11:57:28.3819060Z ##[group]Determining the checkout info
2025-01-15T11:57:28.3920580Z ##[endgroup]
2025-01-15T11:57:28.4022120Z [command]/opt/homebrew/bin/git sparse-checkout disable
2025-01-15T11:57:28.4330230Z [command]/opt/homebrew/bin/git config --local --unset-all extensions.worktreeConfig
2025-01-15T11:57:28.4660810Z ##[group]Checking out the ref
2025-01-15T11:57:28.4801250Z [command]/opt/homebrew/bin/git checkout --progress --force -B main refs/remotes/origin/main
2025-01-15T11:57:28.7122930Z Switched to a new branch 'main'
2025-01-15T11:57:28.7224320Z branch 'main' set up to track 'origin/main'.
2025-01-15T11:57:28.8124570Z ##[endgroup]
2025-01-15T11:57:28.8199340Z [command]/opt/homebrew/bin/git log -1 --format=%H
2025-01-15T11:57:28.8246740Z fa7729bc9c30e14b69acd641af8b692b56fcd416
2025-01-15T11:57:28.8349380Z ##[group]Run git lfs ls-files -l | cut -d' ' -f1 | sort > .lfs-assets-id
2025-01-15T11:57:28.8349780Z [36;1mgit lfs ls-files -l | cut -d' ' -f1 | sort > .lfs-assets-id[0m
2025-01-15T11:57:28.8416220Z shell: /bin/bash --noprofile --norc -e -o pipefail {0}
2025-01-15T11:57:28.8416490Z env:
2025-01-15T11:57:28.8416610Z   CACHE_NUMBER: 0
2025-01-15T11:57:28.8417110Z   PYTEST_FLAGS: --tardis-regression-data=/Users/runner/work/tardis/tardis/tardis-regression-data --cov=tardis --cov-report=xml --cov-report=html --cov-append
2025-01-15T11:57:28.8417610Z   CODECOV_TOKEN: 
2025-01-15T11:57:28.8417770Z ##[endgroup]
2025-01-15T11:57:29.0850680Z ##[group]Run actions/cache/restore@v4
2025-01-15T11:57:29.0850920Z with:
2025-01-15T11:57:29.0851070Z   path: tardis-regression-data/.git/lfs
2025-01-15T11:57:29.0851420Z   key: macOS-lfs-21f9fa4b6817cc69b9fae3598144724da7828e276a73bd17f47a2a49d9af090a-v1
2025-01-15T11:57:29.0851740Z   enableCrossOsArchive: false
2025-01-15T11:57:29.0851910Z   fail-on-cache-miss: false
2025-01-15T11:57:29.0852080Z   lookup-only: false
2025-01-15T11:57:29.0852220Z env:
2025-01-15T11:57:29.0852340Z   CACHE_NUMBER: 0
2025-01-15T11:57:29.0853120Z   PYTEST_FLAGS: --tardis-regression-data=/Users/runner/work/tardis/tardis/tardis-regression-data --cov=tardis --cov-report=xml --cov-report=html --cov-append
2025-01-15T11:57:29.0853620Z   CODECOV_TOKEN: 
2025-01-15T11:57:29.0853750Z ##[endgroup]
2025-01-15T11:57:30.6376810Z Received 29360128 of 1706796060 (1.7%), 27.9 MBs/sec
2025-01-15T11:57:31.6391100Z Received 79691776 of 1706796060 (4.7%), 37.8 MBs/sec
2025-01-15T11:57:32.6384500Z Received 155189248 of 1706796060 (9.1%), 49.2 MBs/sec
2025-01-15T11:57:33.6388900Z Received 201326592 of 1706796060 (11.8%), 47.9 MBs/sec
2025-01-15T11:57:34.6383090Z Received 272629760 of 1706796060 (16.0%), 51.9 MBs/sec
2025-01-15T11:57:35.6384400Z Received 352321536 of 1706796060 (20.6%), 55.9 MBs/sec
2025-01-15T11:57:36.6387050Z Received 419430400 of 1706796060 (24.6%), 57.1 MBs/sec
2025-01-15T11:57:37.6384830Z Received 503316480 of 1706796060 (29.5%), 59.9 MBs/sec
2025-01-15T11:57:38.6386520Z Received 599785472 of 1706796060 (35.1%), 63.5 MBs/sec
2025-01-15T11:57:39.6391400Z Received 692060160 of 1706796060 (40.5%), 65.9 MBs/sec
2025-01-15T11:57:40.6401820Z Received 784334848 of 1706796060 (46.0%), 67.9 MBs/sec
2025-01-15T11:57:41.6412180Z Received 872415232 of 1706796060 (51.1%), 69.3 MBs/sec
2025-01-15T11:57:42.6414770Z Received 952107008 of 1706796060 (55.8%), 69.8 MBs/sec
2025-01-15T11:57:43.6414250Z Received 1035993088 of 1706796060 (60.7%), 70.5 MBs/sec
2025-01-15T11:57:44.6415200Z Received 1136656384 of 1706796060 (66.6%), 72.2 MBs/sec
2025-01-15T11:57:45.6416560Z Received 1228931072 of 1706796060 (72.0%), 73.2 MBs/sec
2025-01-15T11:57:46.6523970Z Received 1300234240 of 1706796060 (76.2%), 72.9 MBs/sec
2025-01-15T11:57:47.6414130Z Received 1363148800 of 1706796060 (79.9%), 72.2 MBs/sec
2025-01-15T11:57:48.6423220Z Received 1421869056 of 1706796060 (83.3%), 71.3 MBs/sec
2025-01-15T11:57:49.6424530Z Received 1488977920 of 1706796060 (87.2%), 71.0 MBs/sec
2025-01-15T11:57:50.6471600Z Received 1551892480 of 1706796060 (90.9%), 70.4 MBs/sec
2025-01-15T11:57:51.6451980Z Received 1614807040 of 1706796060 (94.6%), 70.0 MBs/sec
2025-01-15T11:57:52.6489540Z Received 1681915904 of 1706796060 (98.5%), 69.7 MBs/sec
2025-01-15T11:57:53.6590570Z Received 1706796060 of 1706796060 (100.0%), 67.8 MBs/sec
2025-01-15T11:57:53.7400680Z Cache Size: ~1628 MB (1706796060 B)
2025-01-15T11:57:53.7539950Z [command]/opt/homebrew/bin/gtar -xf /Users/runner/work/_temp/d63390f3-f857-45f2-8f50-30c6a82255b0/cache.tzst -P -C /Users/runner/work/tardis/tardis --delay-directory-restore --use-compress-program unzstd
2025-01-15T11:58:01.7163980Z Cache restored successfully
2025-01-15T11:58:01.8990450Z Cache restored from key: macOS-lfs-21f9fa4b6817cc69b9fae3598144724da7828e276a73bd17f47a2a49d9af090a-v1
2025-01-15T11:58:01.9342210Z ##[group]Run git lfs checkout
2025-01-15T11:58:01.9342780Z [36;1mgit lfs checkout[0m
2025-01-15T11:58:01.9429430Z shell: /bin/bash --noprofile --norc -e -o pipefail {0}
2025-01-15T11:58:01.9429750Z env:
2025-01-15T11:58:01.9430010Z   CACHE_NUMBER: 0
2025-01-15T11:58:01.9430690Z   PYTEST_FLAGS: --tardis-regression-data=/Users/runner/work/tardis/tardis/tardis-regression-data --cov=tardis --cov-report=xml --cov-report=html --cov-append
2025-01-15T11:58:01.9431290Z   CODECOV_TOKEN: 
2025-01-15T11:58:01.9431590Z ##[endgroup]
2025-01-15T11:58:11.4742330Z Checking out LFS objects: 100% (204/204), 3.5 GB | 286 MB/s, done.
2025-01-15T11:58:17.5871040Z Prepare all required actions
2025-01-15T11:58:17.5871500Z Getting action download info
2025-01-15T11:58:17.7030290Z Download action repository 'mamba-org/setup-micromamba@v1' (SHA:4b9113af4fba0e9e1124b252dd6497a419e7396d)
2025-01-15T11:58:18.8255080Z ##[group]Run ./.github/actions/setup_env
2025-01-15T11:58:18.8255350Z with:
2025-01-15T11:58:18.8255580Z   os-label: osx-arm64
2025-01-15T11:58:18.8255730Z env:
2025-01-15T11:58:18.8255980Z   CACHE_NUMBER: 0
2025-01-15T11:58:18.8256510Z   PYTEST_FLAGS: --tardis-regression-data=/Users/runner/work/tardis/tardis/tardis-regression-data --cov=tardis --cov-report=xml --cov-report=html --cov-append
2025-01-15T11:58:18.8257080Z   CODECOV_TOKEN: 
2025-01-15T11:58:18.8257330Z ##[endgroup]
2025-01-15T11:58:18.8304270Z ##[group]Run file_hash=$(cat conda-osx-arm64.lock | shasum -a 256 | cut -d' ' -f1)
2025-01-15T11:58:18.8305490Z [36;1mfile_hash=$(cat conda-osx-arm64.lock | shasum -a 256 | cut -d' ' -f1)[0m
2025-01-15T11:58:18.8306290Z [36;1mecho "file_hash=$file_hash" >> "${GITHUB_OUTPUT}"[0m
2025-01-15T11:58:18.8520010Z shell: /bin/bash --noprofile --norc -e -o pipefail {0}
2025-01-15T11:58:18.8520260Z env:
2025-01-15T11:58:18.8520410Z   CACHE_NUMBER: 0
2025-01-15T11:58:18.8520930Z   PYTEST_FLAGS: --tardis-regression-data=/Users/runner/work/tardis/tardis/tardis-regression-data --cov=tardis --cov-report=xml --cov-report=html --cov-append
2025-01-15T11:58:18.8521490Z   CODECOV_TOKEN: 
2025-01-15T11:58:18.8521640Z ##[endgroup]
2025-01-15T11:58:18.9926650Z ##[group]Run mamba-org/setup-micromamba@v1
2025-01-15T11:58:18.9926900Z with:
2025-01-15T11:58:18.9927080Z   environment-file: conda-osx-arm64.lock
2025-01-15T11:58:18.9927430Z   cache-environment-key: bf0d0a4d4c847cca72476c6c68c493d56c484aada7e80de0e42c7607fcef5824
2025-01-15T11:58:18.9927900Z   cache-downloads-key: bf0d0a4d4c847cca72476c6c68c493d56c484aada7e80de0e42c7607fcef5824
2025-01-15T11:58:18.9928230Z   environment-name: tardis
2025-01-15T11:58:18.9928480Z   cache-environment: true
2025-01-15T11:58:18.9928700Z   cache-downloads: true
2025-01-15T11:58:18.9928850Z env:
2025-01-15T11:58:18.9928980Z   CACHE_NUMBER: 0
2025-01-15T11:58:18.9929460Z   PYTEST_FLAGS: --tardis-regression-data=/Users/runner/work/tardis/tardis/tardis-regression-data --cov=tardis --cov-report=xml --cov-report=html --cov-append
2025-01-15T11:58:18.9929980Z   CODECOV_TOKEN: 
2025-01-15T11:58:18.9930110Z ##[endgroup]
2025-01-15T11:58:19.2628860Z Will download micromamba to /Users/runner/micromamba-bin/micromamba
2025-01-15T11:58:19.2632740Z ##[group]Install micromamba
2025-01-15T11:58:19.9744610Z micromamba installed to /Users/runner/micromamba-bin/micromamba
2025-01-15T11:58:19.9745250Z ##[endgroup]
2025-01-15T11:58:19.9745680Z Adding conda-forge to condarc channels ...
2025-01-15T11:58:19.9762270Z ##[group]Initialize micromamba for bash.
2025-01-15T11:58:19.9771880Z [command]/Users/runner/micromamba-bin/micromamba shell init -s bash -r /Users/runner/micromamba --log-level warning --rc-file /Users/runner/work/_temp/setup-micromamba/.condarc
2025-01-15T11:58:20.0148110Z Modifying RC file "/Users/runner/.bash_profile"
2025-01-15T11:58:20.0152030Z Generating config for root prefix [1m"/Users/runner/micromamba"[0m
2025-01-15T11:58:20.0167520Z Setting mamba executable to: [1m"/Users/runner/micromamba-bin/micromamba"[0m
2025-01-15T11:58:20.0168050Z Adding (or replacing) the following in your "/Users/runner/.bash_profile" file
2025-01-15T11:58:20.0168290Z 
2025-01-15T11:58:20.0168420Z # >>> mamba initialize >>>
2025-01-15T11:58:20.0168690Z # !! Contents within this block are managed by 'mamba init' !!
2025-01-15T11:58:20.0169300Z export MAMBA_EXE='/Users/runner/micromamba-bin/micromamba';
2025-01-15T11:58:20.0169890Z export MAMBA_ROOT_PREFIX='/Users/runner/micromamba';
2025-01-15T11:58:20.0170330Z __mamba_setup="$("$MAMBA_EXE" shell hook --shell bash --root-prefix "$MAMBA_ROOT_PREFIX" 2> /dev/null)"
2025-01-15T11:58:20.0170780Z if [ $? -eq 0 ]; then
2025-01-15T11:58:20.0170990Z     eval "$__mamba_setup"
2025-01-15T11:58:20.0174060Z else
2025-01-15T11:58:20.0174370Z     alias micromamba="$MAMBA_EXE"  # Fallback on help from mamba activate
2025-01-15T11:58:20.0174680Z fi
2025-01-15T11:58:20.0174860Z unset __mamba_setup
2025-01-15T11:58:20.0175060Z # <<< mamba initialize <<<
2025-01-15T11:58:20.0175220Z 
2025-01-15T11:58:20.0175550Z ##[endgroup]
2025-01-15T11:58:20.0176170Z ##[group]Restoring downloads from `/Users/runner/micromamba/pkgs` ...
2025-01-15T11:58:21.3733810Z Received 33554432 of 310595873 (10.8%), 31.9 MBs/sec
2025-01-15T11:58:22.3736710Z Received 117440512 of 310595873 (37.8%), 55.9 MBs/sec
2025-01-15T11:58:23.3735010Z Received 180355072 of 310595873 (58.1%), 57.3 MBs/sec
2025-01-15T11:58:24.3733030Z Received 260046848 of 310595873 (83.7%), 62.0 MBs/sec
2025-01-15T11:58:24.9768440Z Cache Size: ~296 MB (310595873 B)
2025-01-15T11:58:24.9849340Z [command]/opt/homebrew/bin/gtar -xf /Users/runner/work/_temp/e6be420e-8149-4681-96a5-631df0b4f391/cache.tzst -P -C /Users/runner/work/tardis/tardis --delay-directory-restore --use-compress-program unzstd
2025-01-15T11:58:25.3758920Z Received 310595873 of 310595873 (100.0%), 59.2 MBs/sec
2025-01-15T11:58:25.4816350Z Cache restored successfully
2025-01-15T11:58:25.4842670Z Restored cache with key `bf0d0a4d4c847cca72476c6c68c493d56c484aada7e80de0e42c7607fcef5824-osx-arm64`
2025-01-15T11:58:25.4844080Z ##[endgroup]
2025-01-15T11:58:25.4867110Z ##[group]Restoring environment `tardis` from `/Users/runner/micromamba/envs/tardis` ...
2025-01-15T11:58:26.8322980Z Received 37748736 of 385775710 (9.8%), 36.0 MBs/sec
2025-01-15T11:58:27.8327370Z Received 113246208 of 385775710 (29.4%), 54.0 MBs/sec
2025-01-15T11:58:28.8324900Z Received 188743680 of 385775710 (48.9%), 60.0 MBs/sec
2025-01-15T11:58:29.8366160Z Received 260046848 of 385775710 (67.4%), 61.9 MBs/sec
2025-01-15T11:58:30.8362900Z Received 343932928 of 385775710 (89.2%), 65.5 MBs/sec
2025-01-15T11:58:31.2467600Z Cache Size: ~368 MB (385775710 B)
2025-01-15T11:58:31.2494730Z [command]/opt/homebrew/bin/gtar -xf /Users/runner/work/_temp/6f407895-c06f-410f-b923-85f55134235a/cache.tzst -P -C /Users/runner/work/tardis/tardis --delay-directory-restore --use-compress-program unzstd
2025-01-15T11:58:31.8389530Z Received 385775710 of 385775710 (100.0%), 61.3 MBs/sec
2025-01-15T11:58:41.9808200Z Cache restored successfully
2025-01-15T11:58:41.9880950Z Restored cache with key `bf0d0a4d4c847cca72476c6c68c493d56c484aada7e80de0e42c7607fcef5824-osx-arm64-tardis-args-4f53cda-root-873f6fe-bin-[object Promise]-file-bf0d0a4d4c847cca72476c6c68c493d56c484aada7e80de0e42c7607fcef5824`
2025-01-15T11:58:41.9984090Z ##[endgroup]
2025-01-15T11:58:41.9991790Z Adding environment tardis to auto-activate bash ...
2025-01-15T11:58:42.0000100Z Generating micromamba run shell.
2025-01-15T11:58:42.0010550Z ##[endgroup]
2025-01-15T11:58:42.0011790Z Set environment variables.
2025-01-15T11:58:42.0013240Z ##[group]micromamba info
2025-01-15T11:58:42.0014340Z [command]/Users/runner/micromamba-bin/micromamba info -r /Users/runner/micromamba -n tardis
2025-01-15T11:58:42.4997030Z 
2025-01-15T11:58:42.4997570Z        libmamba version : 1.5.10
2025-01-15T11:58:42.4997970Z      micromamba version : 1.5.10
2025-01-15T11:58:42.4998540Z            curl version : libcurl/8.10.1 (OpenSSL/3.3.2) SecureTransport zlib/1.3.1 zstd/1.5.6 libssh2/1.11.0 nghttp2/1.58.0
2025-01-15T11:58:42.4999130Z      libarchive version : libarchive 3.7.4 zlib/1.2.13 bz2lib/1.0.8 libzstd/1.5.6
2025-01-15T11:58:42.4999640Z        envs directories : /Users/runner/micromamba/envs
2025-01-15T11:58:42.5000100Z           package cache : /Users/runner/micromamba/pkgs
2025-01-15T11:58:42.5000510Z                           /Users/runner/.mamba/pkgs
2025-01-15T11:58:42.5000890Z             environment : tardis
2025-01-15T11:58:42.5001290Z            env location : /Users/runner/micromamba/envs/tardis
2025-01-15T11:58:42.5001700Z       user config files : /Users/runner/.mambarc
2025-01-15T11:58:42.5002430Z  populated config files : /Users/runner/work/_temp/setup-micromamba/.condarc
2025-01-15T11:58:42.5029290Z        virtual packages : __unix=0=0
2025-01-15T11:58:42.5031190Z                           __osx=14.7.2=0
2025-01-15T11:58:42.5126000Z                           __archspec=1=arm64
2025-01-15T11:58:42.5128030Z                channels : https://conda.anaconda.org/conda-forge/osx-arm64
2025-01-15T11:58:42.5129250Z                           https://conda.anaconda.org/conda-forge/noarch
2025-01-15T11:58:42.5131960Z        base environment : /Users/runner/micromamba
2025-01-15T11:58:42.5132760Z                platform : osx-arm64
2025-01-15T11:58:42.5140920Z ##[endgroup]
2025-01-15T11:58:42.5147910Z ##[group]micromamba list
2025-01-15T11:58:42.5148970Z [command]/Users/runner/micromamba-bin/micromamba list -r /Users/runner/micromamba -n tardis
2025-01-15T11:58:43.0165480Z List of packages in environment: "/Users/runner/micromamba/envs/tardis"
2025-01-15T11:58:43.0216530Z 
2025-01-15T11:58:43.0218030Z   Name                           Version              Build                    Channel    
2025-01-15T11:58:43.0241960Z â”€â”€â”€â”€â”€â”€â”€â”€â”€â”€â”€â”€â”€â”€â”€â”€â”€â”€â”€â”€â”€â”€â”€â”€â”€â”€â”€â”€â”€â”€â”€â”€â”€â”€â”€â”€â”€â”€â”€â”€â”€â”€â”€â”€â”€â”€â”€â”€â”€â”€â”€â”€â”€â”€â”€â”€â”€â”€â”€â”€â”€â”€â”€â”€â”€â”€â”€â”€â”€â”€â”€â”€â”€â”€â”€â”€â”€â”€â”€â”€â”€â”€â”€â”€â”€â”€â”€â”€â”€â”€â”€â”€
2025-01-15T11:58:43.0242550Z   alabaster                      0.7.16               pyhd8ed1ab_0             conda-forge
2025-01-15T11:58:43.0242980Z   anyio                          4.4.0                pyhd8ed1ab_0             conda-forge
2025-01-15T11:58:43.0243470Z   appnope                        0.1.4                pyhd8ed1ab_0             conda-forge
2025-01-15T11:58:43.0243880Z   argon2-cffi                    23.1.0               pyhd8ed1ab_0             conda-forge
2025-01-15T11:58:43.0244390Z   argon2-cffi-bindings           21.2.0               py312h02f2b3b_4          conda-forge
2025-01-15T11:58:43.0244930Z   arrow                          1.3.0                pyhd8ed1ab_0             conda-forge
2025-01-15T11:58:43.0245340Z   astropy                        6.1.1                py312hbebd99a_0          conda-forge
2025-01-15T11:58:43.0245770Z   astropy-iers-data              0.2024.6.17.0.31.35  pyhd8ed1ab_0             conda-forge
2025-01-15T11:58:43.0246300Z   astropy-sphinx-theme           1.1                  pyhd8ed1ab_0             conda-forge
2025-01-15T11:58:43.0246720Z   asttokens                      2.4.1                pyhd8ed1ab_0             conda-forge
2025-01-15T11:58:43.0247140Z   async-lru                      2.0.4                pyhd8ed1ab_0             conda-forge
2025-01-15T11:58:43.0247620Z   atk-1.0                        2.38.0               hd03087b_2               conda-forge
2025-01-15T11:58:43.0248000Z   attrs                          23.2.0               pyh71513ae_0             conda-forge
2025-01-15T11:58:43.0248440Z   babel                          2.14.0               pyhd8ed1ab_0             conda-forge
2025-01-15T11:58:43.0248860Z   beautifulsoup4                 4.12.3               pyha770c72_0             conda-forge
2025-01-15T11:58:43.0249380Z   bleach                         6.1.0                pyhd8ed1ab_0             conda-forge
2025-01-15T11:58:43.0249770Z   blosc                          1.21.5               h9c252e8_1               conda-forge
2025-01-15T11:58:43.0250280Z   brotli                         1.1.0                hb547adb_1               conda-forge
2025-01-15T11:58:43.0250670Z   brotli-bin                     1.1.0                hb547adb_1               conda-forge
2025-01-15T11:58:43.0251100Z   brotli-python                  1.1.0                py312h9f69965_1          conda-forge
2025-01-15T11:58:43.0251460Z   bzip2                          1.0.8                h93a5062_5               conda-forge
2025-01-15T11:58:43.0252290Z   c-ares                         1.28.1               h93a5062_0               conda-forge
2025-01-15T11:58:43.0252790Z   c-blosc2                       2.14.4               ha57e6be_1               conda-forge
2025-01-15T11:58:43.0253590Z   ca-certificates                2024.6.2             hf0a4a13_0               conda-forge
2025-01-15T11:58:43.0254610Z   cached-property                1.5.2                hd8ed1ab_1               conda-forge
2025-01-15T11:58:43.0255120Z   cached_property                1.5.2                pyha770c72_1             conda-forge
2025-01-15T11:58:43.0255600Z   cairo                          1.18.0               hd1e100b_0               conda-forge
2025-01-15T11:58:43.0255980Z   certifi                        2024.6.2             pyhd8ed1ab_0             conda-forge
2025-01-15T11:58:43.0256420Z   cffi                           1.16.0               py312h8e38eb3_0          conda-forge
2025-01-15T11:58:43.0256790Z   charset-normalizer             3.3.2                pyhd8ed1ab_0             conda-forge
2025-01-15T11:58:43.0257270Z   click                          8.1.7                unix_pyh707e725_0        conda-forge
2025-01-15T11:58:43.0257630Z   codespell                      2.3.0                pyhd8ed1ab_0             conda-forge
2025-01-15T11:58:43.0258070Z   colorama                       0.4.6                pyhd8ed1ab_0             conda-forge
2025-01-15T11:58:43.0258660Z   comm                           0.2.2                pyhd8ed1ab_0             conda-forge
2025-01-15T11:58:43.0259120Z   commonmark                     0.9.1                py_0                     conda-forge
2025-01-15T11:58:43.0259500Z   contourpy                      1.2.1                py312h0fef576_0          conda-forge
2025-01-15T11:58:43.0259900Z   coverage                       7.5.3                py312h7e5086c_0          conda-forge
2025-01-15T11:58:43.0260350Z   cycler                         0.12.1               pyhd8ed1ab_0             conda-forge
2025-01-15T11:58:43.0260690Z   dataclasses                    0.8                  pyhc8e2a94_3             conda-forge
2025-01-15T11:58:43.0261090Z   debugpy                        1.8.1                py312h20a0b95_0          conda-forge
2025-01-15T11:58:43.0261420Z   decorator                      5.1.1                pyhd8ed1ab_0             conda-forge
2025-01-15T11:58:43.0265730Z   defusedxml                     0.7.1                pyhd8ed1ab_0             conda-forge
2025-01-15T11:58:43.0266520Z   docutils                       0.20.1               py312h81bd7bf_3          conda-forge
2025-01-15T11:58:43.0266970Z   dot2tex                        2.11.3               pyhd8ed1ab_0             conda-forge
2025-01-15T11:58:43.0267340Z   entrypoints                    0.4                  pyhd8ed1ab_0             conda-forge
2025-01-15T11:58:43.0267830Z   exceptiongroup                 1.2.0                pyhd8ed1ab_2             conda-forge
2025-01-15T11:58:43.0268210Z   executing                      2.0.1                pyhd8ed1ab_0             conda-forge
2025-01-15T11:58:43.0268680Z   expat                          2.6.2                hebf3989_0               conda-forge
2025-01-15T11:58:43.0269480Z   font-ttf-dejavu-sans-mono      2.37                 hab24e00_0               conda-forge
2025-01-15T11:58:43.0269930Z   font-ttf-inconsolata           3.000                h77eed37_0               conda-forge
2025-01-15T11:58:43.0270780Z   font-ttf-source-code-pro       2.038                h77eed37_0               conda-forge
2025-01-15T11:58:43.0271190Z   font-ttf-ubuntu                0.83                 h77eed37_2               conda-forge
2025-01-15T11:58:43.0271700Z   fontconfig                     2.14.2               h82840c6_0               conda-forge
2025-01-15T11:58:43.0272200Z   fonts-conda-ecosystem          1                    0                        conda-forge
2025-01-15T11:58:43.0273160Z   fonts-conda-forge              1                    0                        conda-forge
2025-01-15T11:58:43.0273580Z   fonttools                      4.53.0               py312h7e5086c_0          conda-forge
2025-01-15T11:58:43.0274290Z   fqdn                           1.5.1                pyhd8ed1ab_0             conda-forge
2025-01-15T11:58:43.0274650Z   freetype                       2.12.1               hadb7bae_2               conda-forge
2025-01-15T11:58:43.0275080Z   fribidi                        1.0.10               h27ca646_0               conda-forge
2025-01-15T11:58:43.0275740Z   future                         1.0.0                pyhd8ed1ab_0             conda-forge
2025-01-15T11:58:43.0276140Z   gdk-pixbuf                     2.42.12              h7ddc832_0               conda-forge
2025-01-15T11:58:43.0276530Z   gettext                        0.22.5               h8fbad5d_2               conda-forge
2025-01-15T11:58:43.0277030Z   gettext-tools                  0.22.5               h8fbad5d_2               conda-forge
2025-01-15T11:58:43.0277380Z   giflib                         5.2.2                h93a5062_0               conda-forge
2025-01-15T11:58:43.0277780Z   git-lfs                        3.5.1                hce30654_0               conda-forge
2025-01-15T11:58:43.0278080Z   gmp                            6.3.0                hebf3989_1               conda-forge
2025-01-15T11:58:43.0278470Z   gmpy2                          2.1.5                py312hfa9fade_1          conda-forge
2025-01-15T11:58:43.0279150Z   graphite2                      1.3.13               hebf3989_1003            conda-forge
2025-01-15T11:58:43.0279570Z   graphviz                       11.0.0               h9bb9bc9_0               conda-forge
2025-01-15T11:58:43.0279920Z   gtk2                           2.24.33              h7895bb2_4               conda-forge
2025-01-15T11:58:43.0280290Z   gts                            0.7.6                he42f4ea_4               conda-forge
2025-01-15T11:58:43.0280660Z   h11                            0.14.0               pyhd8ed1ab_0             conda-forge
2025-01-15T11:58:43.0281080Z   h2                             4.1.0                pyhd8ed1ab_0             conda-forge
2025-01-15T11:58:43.0281460Z   h5py                           3.11.0               nompi_py312h903599c_102  conda-forge
2025-01-15T11:58:43.0281840Z   harfbuzz                       8.5.0                h1836168_0               conda-forge
2025-01-15T11:58:43.0282170Z   hdf5                           1.14.3               nompi_hec07895_105       conda-forge
2025-01-15T11:58:43.0282560Z   hpack                          4.0.0                pyh9f0ad1d_0             conda-forge
2025-01-15T11:58:43.0282890Z   httpcore                       1.0.5                pyhd8ed1ab_0             conda-forge
2025-01-15T11:58:43.0283270Z   httpx                          0.27.0               pyhd8ed1ab_0             conda-forge
2025-01-15T11:58:43.0283640Z   hyperframe                     6.0.1                pyhd8ed1ab_0             conda-forge
2025-01-15T11:58:43.0284040Z   icu                            73.2                 hc8870d7_0               conda-forge
2025-01-15T11:58:43.0284370Z   idna                           3.7                  pyhd8ed1ab_0             conda-forge
2025-01-15T11:58:43.0284750Z   imagesize                      1.4.1                pyhd8ed1ab_0             conda-forge
2025-01-15T11:58:43.0285200Z   importlib-metadata             7.1.0                pyha770c72_0             conda-forge
2025-01-15T11:58:43.0285630Z   importlib_metadata             7.1.0                hd8ed1ab_0               conda-forge
2025-01-15T11:58:43.0286020Z   importlib_resources            6.4.0                pyhd8ed1ab_0             conda-forge
2025-01-15T11:58:43.0286460Z   iniconfig                      2.0.0                pyhd8ed1ab_0             conda-forge
2025-01-15T11:58:43.0286850Z   ipykernel                      6.29.4               pyh57ce528_0             conda-forge
2025-01-15T11:58:43.0287190Z   ipython                        8.25.0               pyh707e725_0             conda-forge
2025-01-15T11:58:43.0287570Z   ipython_genutils               0.2.0                pyhd8ed1ab_1             conda-forge
2025-01-15T11:58:43.0287930Z   ipywidgets                     7.8.0                pyhd8ed1ab_0             conda-forge
2025-01-15T11:58:43.0288330Z   isoduration                    20.11.0              pyhd8ed1ab_0             conda-forge
2025-01-15T11:58:43.0288660Z   jedi                           0.19.1               pyhd8ed1ab_0             conda-forge
2025-01-15T11:58:43.0289460Z   jinja2                         3.1.4                pyhd8ed1ab_0             conda-forge
2025-01-15T11:58:43.0289790Z   json5                          0.9.25               pyhd8ed1ab_0             conda-forge
2025-01-15T11:58:43.0290200Z   jsonpointer                    3.0.0                py312h81bd7bf_0          conda-forge
2025-01-15T11:58:43.0290550Z   jsonschema                     4.22.0               pyhd8ed1ab_0             conda-forge
2025-01-15T11:58:43.0291110Z   jsonschema-specifications      2023.12.1            pyhd8ed1ab_0             conda-forge
2025-01-15T11:58:43.0291650Z   jsonschema-with-format-nongpl  4.22.0               pyhd8ed1ab_0             conda-forge
2025-01-15T11:58:43.0292340Z   jupyter-lsp                    2.2.5                pyhd8ed1ab_0             conda-forge
2025-01-15T11:58:43.0294880Z   jupyter_client                 8.6.2                pyhd8ed1ab_0             conda-forge
2025-01-15T11:58:43.0295300Z   jupyter_core                   5.7.2                py312h81bd7bf_0          conda-forge
2025-01-15T11:58:43.0322790Z   jupyter_events                 0.10.0               pyhd8ed1ab_0             conda-forge
2025-01-15T11:58:43.0323250Z   jupyter_server                 2.14.1               pyhd8ed1ab_0             conda-forge
2025-01-15T11:58:43.0323780Z   jupyter_server_terminals       0.5.3                pyhd8ed1ab_0             conda-forge
2025-01-15T11:58:43.0324270Z   jupyterlab                     4.2.2                pyhd8ed1ab_0             conda-forge
2025-01-15T11:58:43.0324660Z   jupyterlab_pygments            0.3.0                pyhd8ed1ab_1             conda-forge
2025-01-15T11:58:43.0325210Z   jupyterlab_server              2.27.2               pyhd8ed1ab_0             conda-forge
2025-01-15T11:58:43.0325610Z   jupyterlab_widgets             1.1.7                pyhd8ed1ab_0             conda-forge
2025-01-15T11:58:43.0326190Z   kiwisolver                     1.4.5                py312h389731b_1          conda-forge
2025-01-15T11:58:43.0326610Z   krb5                           1.21.2               h92f50d5_0               conda-forge
2025-01-15T11:58:43.0328490Z   latexcodec                     2.0.1                pyh9f0ad1d_0             conda-forge
2025-01-15T11:58:43.0330500Z   lcms2                          2.16                 ha0e7c42_0               conda-forge
2025-01-15T11:58:43.0331100Z   lerc                           4.0.0                h9a09cb3_0               conda-forge
2025-01-15T11:58:43.0331480Z   libaec                         1.1.3                hebf3989_0               conda-forge
2025-01-15T11:58:43.0331860Z   libasprintf                    0.22.5               h8fbad5d_2               conda-forge
2025-01-15T11:58:43.0332280Z   libasprintf-devel              0.22.5               h8fbad5d_2               conda-forge
2025-01-15T11:58:43.0333360Z   libblas                        3.9.0                22_osxarm64_openblas     conda-forge
2025-01-15T11:58:43.0333700Z   libbrotlicommon                1.1.0                hb547adb_1               conda-forge
2025-01-15T11:58:43.0334120Z   libbrotlidec                   1.1.0                hb547adb_1               conda-forge
2025-01-15T11:58:43.0334560Z   libbrotlienc                   1.1.0                hb547adb_1               conda-forge
2025-01-15T11:58:43.0334910Z   libcblas                       3.9.0                22_osxarm64_openblas     conda-forge
2025-01-15T11:58:43.0335260Z   libcurl                        8.8.0                h7b6f9a7_0               conda-forge
2025-01-15T11:58:43.0335600Z   libcxx                         17.0.6               h5f092b4_0               conda-forge
2025-01-15T11:58:43.0335940Z   libdeflate                     1.20                 h93a5062_0               conda-forge
2025-01-15T11:58:43.0336920Z   libedit                        3.1.20191231         hc8eb9b7_2               conda-forge
2025-01-15T11:58:43.0337990Z   libev                          4.33                 h93a5062_2               conda-forge
2025-01-15T11:58:43.0340210Z   libexpat                       2.6.2                hebf3989_0               conda-forge
2025-01-15T11:58:43.0341690Z   libffi                         3.4.2                h3422bc3_5               conda-forge
2025-01-15T11:58:43.0343100Z   libgd                          2.3.3                hfdf3952_9               conda-forge
2025-01-15T11:58:43.0345260Z   libgettextpo                   0.22.5               h8fbad5d_2               conda-forge
2025-01-15T11:58:43.0346310Z   libgettextpo-devel             0.22.5               h8fbad5d_2               conda-forge
2025-01-15T11:58:43.0347930Z   libgfortran                    5.0.0                13_2_0_hd922786_3        conda-forge
2025-01-15T11:58:43.0349260Z   libgfortran5                   13.2.0               hf226fd6_3               conda-forge
2025-01-15T11:58:43.0351420Z   libglib                        2.80.2               h59d46d9_1               conda-forge
2025-01-15T11:58:43.0351740Z   libiconv                       1.17                 h0d3ecfb_2               conda-forge
2025-01-15T11:58:43.0354200Z   libintl                        0.22.5               h8fbad5d_2               conda-forge
2025-01-15T11:58:43.0355030Z   libintl-devel                  0.22.5               h8fbad5d_2               conda-forge
2025-01-15T11:58:43.0357210Z   libjpeg-turbo                  3.0.0                hb547adb_1               conda-forge
2025-01-15T11:58:43.0360400Z   liblapack                      3.9.0                22_osxarm64_openblas     conda-forge
2025-01-15T11:58:43.0360770Z   libllvm14                      14.0.6               hd1a9a77_4               conda-forge
2025-01-15T11:58:43.0361060Z   libnghttp2                     1.58.0               ha4dd798_1               conda-forge
2025-01-15T11:58:43.0361440Z   libopenblas                    0.3.27               openmp_h6c19121_0        conda-forge
2025-01-15T11:58:43.0361740Z   libpng                         1.6.43               h091b4b1_0               conda-forge
2025-01-15T11:58:43.0362030Z   librsvg                        2.58.1               hbc281fb_0               conda-forge
2025-01-15T11:58:43.0362320Z   libsodium                      1.0.18               h27ca646_1               conda-forge
2025-01-15T11:58:43.0362610Z   libsqlite                      3.46.0               hfb93653_0               conda-forge
2025-01-15T11:58:43.0362960Z   libssh2                        1.11.0               h7a5bd25_0               conda-forge
2025-01-15T11:58:43.0363240Z   libtiff                        4.6.0                h07db509_3               conda-forge
2025-01-15T11:58:43.0363510Z   libwebp                        1.4.0                h54798ee_0               conda-forge
2025-01-15T11:58:43.0363800Z   libwebp-base                   1.4.0                h93a5062_0               conda-forge
2025-01-15T11:58:43.0364140Z   libxcb                         1.16                 hf2054a2_0               conda-forge
2025-01-15T11:58:43.0364470Z   libxml2                        2.12.7               ha661575_1               conda-forge
2025-01-15T11:58:43.0364840Z   libxslt                        1.1.39               h223e5b9_0               conda-forge
2025-01-15T11:58:43.0365170Z   libzlib                        1.3.1                hfb2fe0b_1               conda-forge
2025-01-15T11:58:43.0365640Z   llvm-openmp                    18.1.7               hde57baf_0               conda-forge
2025-01-15T11:58:43.0366030Z   llvmlite                       0.42.0               py312h17030e7_1          conda-forge
2025-01-15T11:58:43.0366360Z   lxml                           5.2.2                py312h0e5ab22_0          conda-forge
2025-01-15T11:58:43.0366700Z   lz4-c                          1.9.4                hb7217d7_0               conda-forge
2025-01-15T11:58:43.0367040Z   markupsafe                     2.1.5                py312he37b823_0          conda-forge
2025-01-15T11:58:43.0367430Z   matplotlib-base                3.8.4                py312h4479663_2          conda-forge
2025-01-15T11:58:43.0368090Z   matplotlib-inline              0.1.7                pyhd8ed1ab_0             conda-forge
2025-01-15T11:58:43.0368490Z   mistune                        3.0.2                pyhd8ed1ab_0             conda-forge
2025-01-15T11:58:43.0368810Z   mpc                            1.3.1                h91ba8db_0               conda-forge
2025-01-15T11:58:43.0369140Z   mpfr                           4.2.1                h41d338b_1               conda-forge
2025-01-15T11:58:43.0369460Z   mpmath                         1.3.0                pyhd8ed1ab_0             conda-forge
2025-01-15T11:58:43.0369780Z   munkres                        1.1.4                pyh9f0ad1d_0             conda-forge
2025-01-15T11:58:43.0370080Z   mypy_extensions                1.0.0                pyha770c72_0             conda-forge
2025-01-15T11:58:43.0372760Z   nbclassic                      1.1.0                pyhd8ed1ab_0             conda-forge
2025-01-15T11:58:43.0373900Z   nbclient                       0.10.0               pyhd8ed1ab_0             conda-forge
2025-01-15T11:58:43.0375730Z   nbconvert                      7.16.4               hd8ed1ab_1               conda-forge
2025-01-15T11:58:43.0376700Z   nbconvert-core                 7.16.4               pyhd8ed1ab_1             conda-forge
2025-01-15T11:58:43.0377730Z   nbconvert-pandoc               7.16.4               hd8ed1ab_1               conda-forge
2025-01-15T11:58:43.0378750Z   nbformat                       5.10.4               pyhd8ed1ab_0             conda-forge
2025-01-15T11:58:43.0379690Z   nbsphinx                       0.9.4                pyhd8ed1ab_0             conda-forge
2025-01-15T11:58:43.0380900Z   ncurses                        6.5                  hb89a1cb_0               conda-forge
2025-01-15T11:58:43.0381360Z   nest-asyncio                   1.6.0                pyhd8ed1ab_0             conda-forge
2025-01-15T11:58:43.0381720Z   networkx                       3.3                  pyhd8ed1ab_1             conda-forge
2025-01-15T11:58:43.0382110Z   notebook                       7.2.1                pyhd8ed1ab_0             conda-forge
2025-01-15T11:58:43.0382460Z   notebook-shim                  0.2.4                pyhd8ed1ab_0             conda-forge
2025-01-15T11:58:43.0382850Z   numba                          0.59.1               py312hbaff935_0          conda-forge
2025-01-15T11:58:43.0383190Z   numexpr                        2.10.0               py312h8ae5369_0          conda-forge
2025-01-15T11:58:43.0383550Z   numpy                          1.26.4               py312h8442bc7_0          conda-forge
2025-01-15T11:58:43.0383890Z   numpydoc                       1.7.0                pyhd8ed1ab_1             conda-forge
2025-01-15T11:58:43.0384180Z   openjpeg                       2.5.2                h9f1df11_0               conda-forge
2025-01-15T11:58:43.0384630Z   openssl                        3.3.1                hfb2fe0b_0               conda-forge
2025-01-15T11:58:43.0384940Z   overrides                      7.7.0                pyhd8ed1ab_0             conda-forge
2025-01-15T11:58:43.0385260Z   packaging                      24.1                 pyhd8ed1ab_0             conda-forge
2025-01-15T11:58:43.0385550Z   pandas                         2.2.2                py312h8ae5369_1          conda-forge
2025-01-15T11:58:43.0385830Z   pandoc                         3.2                  hce30654_0               conda-forge
2025-01-15T11:58:43.0386120Z   pandocfilters                  1.5.0                pyhd8ed1ab_0             conda-forge
2025-01-15T11:58:43.0386420Z   pango                          1.54.0               h5cb9fbc_0               conda-forge
2025-01-15T11:58:43.0386700Z   parso                          0.8.4                pyhd8ed1ab_0             conda-forge
2025-01-15T11:58:43.0386980Z   pathspec                       0.12.1               pyhd8ed1ab_0             conda-forge
2025-01-15T11:58:43.0392010Z   pbr                            6.0.0                pyhd8ed1ab_0             conda-forge
2025-01-15T11:58:43.0392690Z   pcre2                          10.44                h297a79d_0               conda-forge
2025-01-15T11:58:43.0392980Z   pexpect                        4.9.0                pyhd8ed1ab_0             conda-forge
2025-01-15T11:58:43.0393280Z   pickleshare                    0.7.5                py_1003                  conda-forge
2025-01-15T11:58:43.0393570Z   pillow                         10.3.0               py312h39b1d8d_1          conda-forge
2025-01-15T11:58:43.0393840Z   pip                            24.0                 pyhd8ed1ab_0             conda-forge
2025-01-15T11:58:43.0394110Z   pixman                         0.43.4               hebf3989_0               conda-forge
2025-01-15T11:58:43.0394420Z   pkgutil-resolve-name           1.3.10               pyhd8ed1ab_1             conda-forge
2025-01-15T11:58:43.0394760Z   platformdirs                   4.2.2                pyhd8ed1ab_0             conda-forge
2025-01-15T11:58:43.0395060Z   plotly                         5.22.0               pyhd8ed1ab_0             conda-forge
2025-01-15T11:58:43.0395770Z   pluggy                         1.5.0                pyhd8ed1ab_0             conda-forge
2025-01-15T11:58:43.0396070Z   prometheus_client              0.20.0               pyhd8ed1ab_0             conda-forge
2025-01-15T11:58:43.0396410Z   prompt-toolkit                 3.0.47               pyha770c72_0             conda-forge
2025-01-15T11:58:43.0396790Z   psutil                         5.9.8                py312he37b823_0          conda-forge
2025-01-15T11:58:43.0397090Z   pthread-stubs                  0.4                  h27ca646_1001            conda-forge
2025-01-15T11:58:43.0397390Z   ptyprocess                     0.7.0                pyhd3deb0d_0             conda-forge
2025-01-15T11:58:43.0397690Z   pure_eval                      0.2.2                pyhd8ed1ab_0             conda-forge
2025-01-15T11:58:43.0397980Z   py-cpuinfo                     9.0.0                pyhd8ed1ab_0             conda-forge
2025-01-15T11:58:43.0398440Z   pybtex                         0.24.0               pyhd8ed1ab_2             conda-forge
2025-01-15T11:58:43.0398780Z   pybtex-docutils                1.0.3                py312h81bd7bf_1          conda-forge
2025-01-15T11:58:43.0399110Z   pycparser                      2.22                 pyhd8ed1ab_0             conda-forge
2025-01-15T11:58:43.0399400Z   pyerfa                         2.0.1.4              py312hbebd99a_1          conda-forge
2025-01-15T11:58:43.0399690Z   pygments                       2.18.0               pyhd8ed1ab_0             conda-forge
2025-01-15T11:58:43.0400290Z   pygraphviz                     1.13                 py312h5f4d302_1          conda-forge
2025-01-15T11:58:43.0400600Z   pyobjc-core                    10.3.1               py312hbb55c70_0          conda-forge
2025-01-15T11:58:43.0400930Z   pyobjc-framework-cocoa         10.3.1               py312hbb55c70_0          conda-forge
2025-01-15T11:58:43.0401260Z   pyparsing                      3.1.2                pyhd8ed1ab_0             conda-forge
2025-01-15T11:58:43.0401560Z   pysocks                        1.7.1                pyha2e5f31_6             conda-forge
2025-01-15T11:58:43.0401850Z   pytables                       3.9.2                py312hb622ae1_2          conda-forge
2025-01-15T11:58:43.0402140Z   pytest                         8.2.2                pyhd8ed1ab_0             conda-forge
2025-01-15T11:58:43.0402430Z   pytest-cov                     5.0.0                pyhd8ed1ab_0             conda-forge
2025-01-15T11:58:43.0402760Z   pytest-doctestplus             1.2.1                pyhd8ed1ab_0             conda-forge
2025-01-15T11:58:43.0403080Z   pytest-html                    4.1.1                pyhd8ed1ab_0             conda-forge
2025-01-15T11:58:43.0403390Z   pytest-metadata                3.1.1                pyhd8ed1ab_0             conda-forge
2025-01-15T11:58:43.0403700Z   python                         3.12.4               h30c5eda_0_cpython       conda-forge
2025-01-15T11:58:43.0404940Z   python-dateutil                2.9.0                pyhd8ed1ab_0             conda-forge
2025-01-15T11:58:43.0405410Z   python-fastjsonschema          2.20.0               pyhd8ed1ab_0             conda-forge
2025-01-15T11:58:43.0405760Z   python-json-logger             2.0.7                pyhd8ed1ab_0             conda-forge
2025-01-15T11:58:43.0406090Z   python-tzdata                  2024.1               pyhd8ed1ab_0             conda-forge
2025-01-15T11:58:43.0406390Z   python_abi                     3.12                 4_cp312                  conda-forge
2025-01-15T11:58:43.0406680Z   pytz                           2024.1               pyhd8ed1ab_0             conda-forge
2025-01-15T11:58:43.0406960Z   pyyaml                         6.0.1                py312h02f2b3b_1          conda-forge
2025-01-15T11:58:43.0407240Z   pyzmq                          26.0.3               py312hfa13136_0          conda-forge
2025-01-15T11:58:43.0407520Z   qgrid                          1.3.1                pyhd8ed1ab_4             conda-forge
2025-01-15T11:58:43.0408010Z   radioactivedecay               0.5.1                pyhd8ed1ab_0             conda-forge
2025-01-15T11:58:43.0408820Z   readline                       8.2                  h92ec313_1               conda-forge
2025-01-15T11:58:43.0409880Z   recommonmark                   0.7.1                pyhd8ed1ab_0             conda-forge
2025-01-15T11:58:43.0410760Z   referencing                    0.35.1               pyhd8ed1ab_0             conda-forge
2025-01-15T11:58:43.0411870Z   requests                       2.32.3               pyhd8ed1ab_0             conda-forge
2025-01-15T11:58:43.0412650Z   rfc3339-validator              0.1.4                pyhd8ed1ab_0             conda-forge
2025-01-15T11:58:43.0413010Z   rfc3986-validator              0.1.1                pyh9f0ad1d_0             conda-forge
2025-01-15T11:58:43.0413320Z   rpds-py                        0.18.1               py312h552d48e_0          conda-forge
2025-01-15T11:58:43.0413610Z   ruff                           0.4.9                py312h3402d49_0          conda-forge
2025-01-15T11:58:43.0413900Z   scipy                          1.13.1               py312h14ffa8f_0          conda-forge
2025-01-15T11:58:43.0414520Z   send2trash                     1.8.3                pyh31c8845_0             conda-forge
2025-01-15T11:58:43.0416450Z   setuptools                     70.0.0               pyhd8ed1ab_0             conda-forge
2025-01-15T11:58:43.0416770Z   setuptools-scm                 8.1.0                pyhd8ed1ab_0             conda-forge
2025-01-15T11:58:43.0417090Z   setuptools_scm                 8.1.0                hd8ed1ab_0               conda-forge
2025-01-15T11:58:43.0417380Z   six                            1.16.0               pyh6c4a22f_0             conda-forge
2025-01-15T11:58:43.0417660Z   snakeviz                       2.2.0                pyhd8ed1ab_0             conda-forge
2025-01-15T11:58:43.0417940Z   snappy                         1.2.0                hd04f947_1               conda-forge
2025-01-15T11:58:43.0418230Z   sniffio                        1.3.1                pyhd8ed1ab_0             conda-forge
2025-01-15T11:58:43.0418540Z   snowballstemmer                2.2.0                pyhd8ed1ab_0             conda-forge
2025-01-15T11:58:43.0418860Z   soupsieve                      2.5                  pyhd8ed1ab_1             conda-forge
2025-01-15T11:58:43.0419140Z   sphinx                         7.3.7                pyhd8ed1ab_0             conda-forge
2025-01-15T11:58:43.0419440Z   sphinx-astropy                 1.9.1                pyhd8ed1ab_0             conda-forge
2025-01-15T11:58:43.0419770Z   sphinx-automodapi              0.17.0               pyh717bed2_1             conda-forge
2025-01-15T11:58:43.0420120Z   sphinx-gallery                 0.16.0               pyhd8ed1ab_0             conda-forge
2025-01-15T11:58:43.0420450Z   sphinx-jsonschema              1.19.1               pyhd8ed1ab_0             conda-forge
2025-01-15T11:58:43.0421110Z   sphinx_bootstrap_theme         0.8.1                pyhd8ed1ab_0             conda-forge
2025-01-15T11:58:43.0421460Z   sphinx_rtd_theme               2.0.0                pyha770c72_0             conda-forge
2025-01-15T11:58:43.0421790Z   sphinxcontrib-apidoc           0.3.0                py_1                     conda-forge
2025-01-15T11:58:43.0422160Z   sphinxcontrib-applehelp        1.0.8                pyhd8ed1ab_0             conda-forge
2025-01-15T11:58:43.0422530Z   sphinxcontrib-bibtex           2.6.2                pyhd8ed1ab_0             conda-forge
2025-01-15T11:58:43.0422890Z   sphinxcontrib-devhelp          1.0.6                pyhd8ed1ab_0             conda-forge
2025-01-15T11:58:43.0423250Z   sphinxcontrib-htmlhelp         2.0.5                pyhd8ed1ab_0             conda-forge
2025-01-15T11:58:43.0423600Z   sphinxcontrib-jquery           4.1                  pyhd8ed1ab_0             conda-forge
2025-01-15T11:58:43.0423950Z   sphinxcontrib-jsmath           1.0.1                pyhd8ed1ab_0             conda-forge
2025-01-15T11:58:43.0424480Z   sphinxcontrib-qthelp           1.0.7                pyhd8ed1ab_0             conda-forge
2025-01-15T11:58:43.0424870Z   sphinxcontrib-serializinghtml  1.1.10               pyhd8ed1ab_0             conda-forge
2025-01-15T11:58:43.0425600Z   stack_data                     0.6.2                pyhd8ed1ab_0             conda-forge
2025-01-15T11:58:43.0425900Z   sympy                          1.12.1               pypyh2585a3b_103         conda-forge
2025-01-15T11:58:43.0426510Z   tabulate                       0.9.0                pyhd8ed1ab_1             conda-forge
2025-01-15T11:58:43.0426810Z   tenacity                       8.4.1                pyhd8ed1ab_0             conda-forge
2025-01-15T11:58:43.0427470Z   terminado                      0.18.1               pyh31c8845_0             conda-forge
2025-01-15T11:58:43.0428890Z   tinycss2                       1.3.0                pyhd8ed1ab_0             conda-forge
2025-01-15T11:58:43.0429200Z   tk                             8.6.13               h5083fa2_1               conda-forge
2025-01-15T11:58:43.0429480Z   toml                           0.10.2               pyhd8ed1ab_0             conda-forge
2025-01-15T11:58:43.0429750Z   tomli                          2.0.1                pyhd8ed1ab_0             conda-forge
2025-01-15T11:58:43.0430030Z   tornado                        6.4.1                py312h7e5086c_0          conda-forge
2025-01-15T11:58:43.0432060Z   tqdm                           4.66.4               pyhd8ed1ab_0             conda-forge
2025-01-15T11:58:43.0433740Z   traitlets                      5.14.3               pyhd8ed1ab_0             conda-forge
2025-01-15T11:58:43.0434130Z   typed-ast                      1.5.5                py312h02f2b3b_1          conda-forge
2025-01-15T11:58:43.0434480Z   types-python-dateutil          2.9.0.20240316       pyhd8ed1ab_0             conda-forge
2025-01-15T11:58:43.0434850Z   typing-extensions              4.12.2               hd8ed1ab_0               conda-forge
2025-01-15T11:58:43.0435210Z   typing_extensions              4.12.2               pyha770c72_0             conda-forge
2025-01-15T11:58:43.0435520Z   typing_utils                   0.1.0                pyhd8ed1ab_0             conda-forge
2025-01-15T11:58:43.0435810Z   tzdata                         2024a                h0c530f3_0               conda-forge
2025-01-15T11:58:43.0436110Z   uri-template                   1.3.0                pyhd8ed1ab_0             conda-forge
2025-01-15T11:58:43.0436580Z   urllib3                        2.2.2                pyhd8ed1ab_0             conda-forge
2025-01-15T11:58:43.0436870Z   wcwidth                        0.2.13               pyhd8ed1ab_0             conda-forge
2025-01-15T11:58:43.0437160Z   webcolors                      24.6.0               pyhd8ed1ab_0             conda-forge
2025-01-15T11:58:43.0437470Z   webencodings                   0.5.1                pyhd8ed1ab_2             conda-forge
2025-01-15T11:58:43.0437890Z   websocket-client               1.8.0                pyhd8ed1ab_0             conda-forge
2025-01-15T11:58:43.0438520Z   wheel                          0.43.0               pyhd8ed1ab_1             conda-forge
2025-01-15T11:58:43.0438840Z   widgetsnbextension             3.6.6                pyhd8ed1ab_0             conda-forge
2025-01-15T11:58:43.0439160Z   xorg-libxau                    1.0.11               hb547adb_0               conda-forge
2025-01-15T11:58:43.0439470Z   xorg-libxdmcp                  1.1.3                h27ca646_0               conda-forge
2025-01-15T11:58:43.0439750Z   xz                             5.2.6                h57fd34a_0               conda-forge
2025-01-15T11:58:43.0440000Z   yaml                           0.2.5                h3422bc3_2               conda-forge
2025-01-15T11:58:43.0440280Z   zeromq                         4.3.5                hcc0f68c_4               conda-forge
2025-01-15T11:58:43.0441280Z   zipp                           3.19.2               pyhd8ed1ab_0             conda-forge
2025-01-15T11:58:43.0443650Z   zlib                           1.3.1                hfb2fe0b_1               conda-forge
2025-01-15T11:58:43.0443930Z   zlib-ng                        2.0.7                h1a8c8d9_0               conda-forge
2025-01-15T11:58:43.0444200Z   zstd                           1.5.6                hb46c0d2_0               conda-forge
2025-01-15T11:58:43.0444770Z ##[endgroup]
2025-01-15T11:58:43.0524970Z ##[group]Run pip install -e . --user
2025-01-15T11:58:43.0525300Z [36;1mpip install -e . --user[0m
2025-01-15T11:58:43.0901830Z shell: /bin/bash -l {0}
2025-01-15T11:58:43.0902030Z env:
2025-01-15T11:58:43.0902160Z   CACHE_NUMBER: 0
2025-01-15T11:58:43.0902660Z   PYTEST_FLAGS: --tardis-regression-data=/Users/runner/work/tardis/tardis/tardis-regression-data --cov=tardis --cov-report=xml --cov-report=html --cov-append
2025-01-15T11:58:43.0903180Z   CODECOV_TOKEN: 
2025-01-15T11:58:43.0903340Z   MAMBA_ROOT_PREFIX: /Users/runner/micromamba
2025-01-15T11:58:43.0903600Z   MAMBA_EXE: /Users/runner/micromamba-bin/micromamba
2025-01-15T11:58:43.0903900Z   CONDARC: /Users/runner/work/_temp/setup-micromamba/.condarc
2025-01-15T11:58:43.0904140Z ##[endgroup]
2025-01-15T11:58:44.4838470Z Obtaining file:///Users/runner/work/tardis/tardis
2025-01-15T11:58:44.4873660Z   Installing build dependencies: started
2025-01-15T11:58:48.2212110Z   Installing build dependencies: finished with status 'done'
2025-01-15T11:58:48.2221610Z   Checking if build backend supports build_editable: started
2025-01-15T11:58:48.4165320Z   Checking if build backend supports build_editable: finished with status 'done'
2025-01-15T11:58:48.4190250Z   Getting requirements to build editable: started
2025-01-15T11:58:49.0240760Z   Getting requirements to build editable: finished with status 'done'
2025-01-15T11:58:49.0260760Z   Preparing editable metadata (pyproject.toml): started
2025-01-15T11:58:49.6293280Z   Preparing editable metadata (pyproject.toml): finished with status 'done'
2025-01-15T11:58:49.6880960Z Requirement already satisfied: astropy in /Users/runner/micromamba/envs/tardis/lib/python3.12/site-packages (from tardis==0.0.0) (6.1.1)
2025-01-15T11:58:49.7211470Z Requirement already satisfied: numpy>=1.23 in /Users/runner/micromamba/envs/tardis/lib/python3.12/site-packages (from astropy->tardis==0.0.0) (1.26.4)
2025-01-15T11:58:49.7313600Z Requirement already satisfied: pyerfa>=2.0.1.1 in /Users/runner/micromamba/envs/tardis/lib/python3.12/site-packages (from astropy->tardis==0.0.0) (2.0.1.4)
2025-01-15T11:58:49.7418240Z Requirement already satisfied: astropy-iers-data>=0.2024.5.27.0.30.8 in /Users/runner/micromamba/envs/tardis/lib/python3.12/site-packages (from astropy->tardis==0.0.0) (0.2024.6.17.0.31.35)
2025-01-15T11:58:49.7451980Z Requirement already satisfied: PyYAML>=3.13 in /Users/runner/micromamba/envs/tardis/lib/python3.12/site-packages (from astropy->tardis==0.0.0) (6.0.1)
2025-01-15T11:58:49.7454730Z Requirement already satisfied: packaging>=19.0 in /Users/runner/micromamba/envs/tardis/lib/python3.12/site-packages (from astropy->tardis==0.0.0) (24.1)
2025-01-15T11:58:49.7455990Z Building wheels for collected packages: tardis
2025-01-15T11:58:49.7564920Z   Building editable for tardis (pyproject.toml): started
2025-01-15T11:58:50.7850880Z   Building editable for tardis (pyproject.toml): finished with status 'done'
2025-01-15T11:58:50.7902020Z   Created wheel for tardis: filename=tardis-0.0.0-0.editable-py3-none-any.whl size=8876 sha256=cc7b18cc2e7c3677f7b75e4a262aa0987733dc2dee3b975e28fdd5af8fc2e3a3
2025-01-15T11:58:50.7905440Z   Stored in directory: /private/var/folders/ml/x_tvfgn50_s7p67dm1ypcqqm0000gn/T/pip-ephem-wheel-cache-cnxh52ko/wheels/bb/4f/6a/0829b918c1c10bc28535ce7f14be21eee54375bdd9cd0c306a
2025-01-15T11:58:50.7931180Z Successfully built tardis
2025-01-15T11:58:51.8708860Z Installing collected packages: tardis
2025-01-15T11:58:51.8857590Z Successfully installed tardis-0.0.0
2025-01-15T11:58:52.5921080Z ##[group]Run pip install qgridnext
2025-01-15T11:58:52.5921510Z [36;1mpip install qgridnext[0m
2025-01-15T11:58:52.6036820Z shell: /bin/bash -l {0}
2025-01-15T11:58:52.6038390Z env:
2025-01-15T11:58:52.6038660Z   CACHE_NUMBER: 0
2025-01-15T11:58:52.6039230Z   PYTEST_FLAGS: --tardis-regression-data=/Users/runner/work/tardis/tardis/tardis-regression-data --cov=tardis --cov-report=xml --cov-report=html --cov-append
2025-01-15T11:58:52.6039950Z   CODECOV_TOKEN: 
2025-01-15T11:58:52.6040200Z   MAMBA_ROOT_PREFIX: /Users/runner/micromamba
2025-01-15T11:58:52.6040590Z   MAMBA_EXE: /Users/runner/micromamba-bin/micromamba
2025-01-15T11:58:52.6040940Z   CONDARC: /Users/runner/work/_temp/setup-micromamba/.condarc
2025-01-15T11:58:52.6042240Z ##[endgroup]
2025-01-15T11:58:53.6873720Z Collecting qgridnext
2025-01-15T11:58:53.7327490Z   Downloading qgridnext-2.0.4-py3-none-any.whl.metadata (9.9 kB)
2025-01-15T11:58:53.7583020Z Requirement already satisfied: pandas>=0.20.0 in /Users/runner/micromamba/envs/tardis/lib/python3.12/site-packages (from qgridnext) (2.2.2)
2025-01-15T11:58:53.7592890Z Requirement already satisfied: ipywidgets>=7.0.0 in /Users/runner/micromamba/envs/tardis/lib/python3.12/site-packages (from qgridnext) (7.8.0)
2025-01-15T11:58:53.7601700Z Requirement already satisfied: numpy in /Users/runner/micromamba/envs/tardis/lib/python3.12/site-packages (from qgridnext) (1.26.4)
2025-01-15T11:58:53.7615130Z Requirement already satisfied: traitlets in /Users/runner/micromamba/envs/tardis/lib/python3.12/site-packages (from qgridnext) (5.14.3)
2025-01-15T11:58:53.7691580Z Requirement already satisfied: comm>=0.1.3 in /Users/runner/micromamba/envs/tardis/lib/python3.12/site-packages (from ipywidgets>=7.0.0->qgridnext) (0.2.2)
2025-01-15T11:58:53.7696160Z Requirement already satisfied: ipython-genutils~=0.2.0 in /Users/runner/micromamba/envs/tardis/lib/python3.12/site-packages (from ipywidgets>=7.0.0->qgridnext) (0.2.0)
2025-01-15T11:58:53.7758680Z Requirement already satisfied: widgetsnbextension~=3.6.5 in /Users/runner/micromamba/envs/tardis/lib/python3.12/site-packages (from ipywidgets>=7.0.0->qgridnext) (3.6.6)
2025-01-15T11:58:53.7762240Z Requirement already satisfied: ipython>=4.0.0 in /Users/runner/micromamba/envs/tardis/lib/python3.12/site-packages (from ipywidgets>=7.0.0->qgridnext) (8.25.0)
2025-01-15T11:58:53.7765950Z Requirement already satisfied: jupyterlab-widgets<3,>=1.0.0 in /Users/runner/micromamba/envs/tardis/lib/python3.12/site-packages (from ipywidgets>=7.0.0->qgridnext) (1.1.7)
2025-01-15T11:58:53.8158570Z Requirement already satisfied: python-dateutil>=2.8.2 in /Users/runner/micromamba/envs/tardis/lib/python3.12/site-packages (from pandas>=0.20.0->qgridnext) (2.9.0)
2025-01-15T11:58:53.8168330Z Requirement already satisfied: pytz>=2020.1 in /Users/runner/micromamba/envs/tardis/lib/python3.12/site-packages (from pandas>=0.20.0->qgridnext) (2024.1)
2025-01-15T11:58:53.8176990Z Requirement already satisfied: tzdata>=2022.7 in /Users/runner/micromamba/envs/tardis/lib/python3.12/site-packages (from pandas>=0.20.0->qgridnext) (2024.1)
2025-01-15T11:58:53.8444650Z Requirement already satisfied: decorator in /Users/runner/micromamba/envs/tardis/lib/python3.12/site-packages (from ipython>=4.0.0->ipywidgets>=7.0.0->qgridnext) (5.1.1)
2025-01-15T11:58:53.8546110Z Requirement already satisfied: jedi>=0.16 in /Users/runner/micromamba/envs/tardis/lib/python3.12/site-packages (from ipython>=4.0.0->ipywidgets>=7.0.0->qgridnext) (0.19.1)
2025-01-15T11:58:53.8650750Z Requirement already satisfied: matplotlib-inline in /Users/runner/micromamba/envs/tardis/lib/python3.12/site-packages (from ipython>=4.0.0->ipywidgets>=7.0.0->qgridnext) (0.1.7)
2025-01-15T11:58:53.8750350Z Requirement already satisfied: prompt-toolkit<3.1.0,>=3.0.41 in /Users/runner/micromamba/envs/tardis/lib/python3.12/site-packages (from ipython>=4.0.0->ipywidgets>=7.0.0->qgridnext) (3.0.47)
2025-01-15T11:58:53.8853200Z Requirement already satisfied: pygments>=2.4.0 in /Users/runner/micromamba/envs/tardis/lib/python3.12/site-packages (from ipython>=4.0.0->ipywidgets>=7.0.0->qgridnext) (2.18.0)
2025-01-15T11:58:53.8952930Z Requirement already satisfied: stack-data in /Users/runner/micromamba/envs/tardis/lib/python3.12/site-packages (from ipython>=4.0.0->ipywidgets>=7.0.0->qgridnext) (0.6.2)
2025-01-15T11:58:53.9055390Z Requirement already satisfied: pexpect>4.3 in /Users/runner/micromamba/envs/tardis/lib/python3.12/site-packages (from ipython>=4.0.0->ipywidgets>=7.0.0->qgridnext) (4.9.0)
2025-01-15T11:58:53.9157230Z Requirement already satisfied: six>=1.5 in /Users/runner/micromamba/envs/tardis/lib/python3.12/site-packages (from python-dateutil>=2.8.2->pandas>=0.20.0->qgridnext) (1.16.0)
2025-01-15T11:58:53.9260530Z Requirement already satisfied: notebook>=4.4.1 in /Users/runner/micromamba/envs/tardis/lib/python3.12/site-packages (from widgetsnbextension~=3.6.5->ipywidgets>=7.0.0->qgridnext) (7.2.1)
2025-01-15T11:58:53.9360890Z Requirement already satisfied: parso<0.9.0,>=0.8.3 in /Users/runner/micromamba/envs/tardis/lib/python3.12/site-packages (from jedi>=0.16->ipython>=4.0.0->ipywidgets>=7.0.0->qgridnext) (0.8.4)
2025-01-15T11:58:53.9464730Z Requirement already satisfied: jupyter-server<3,>=2.4.0 in /Users/runner/micromamba/envs/tardis/lib/python3.12/site-packages (from notebook>=4.4.1->widgetsnbextension~=3.6.5->ipywidgets>=7.0.0->qgridnext) (2.14.1)
2025-01-15T11:58:53.9568590Z Requirement already satisfied: jupyterlab-server<3,>=2.27.1 in /Users/runner/micromamba/envs/tardis/lib/python3.12/site-packages (from notebook>=4.4.1->widgetsnbextension~=3.6.5->ipywidgets>=7.0.0->qgridnext) (2.27.2)
2025-01-15T11:58:53.9666330Z Requirement already satisfied: jupyterlab<4.3,>=4.2.0 in /Users/runner/micromamba/envs/tardis/lib/python3.12/site-packages (from notebook>=4.4.1->widgetsnbextension~=3.6.5->ipywidgets>=7.0.0->qgridnext) (4.2.2)
2025-01-15T11:58:53.9770160Z Requirement already satisfied: notebook-shim<0.3,>=0.2 in /Users/runner/micromamba/envs/tardis/lib/python3.12/site-packages (from notebook>=4.4.1->widgetsnbextension~=3.6.5->ipywidgets>=7.0.0->qgridnext) (0.2.4)
2025-01-15T11:58:53.9870060Z Requirement already satisfied: tornado>=6.2.0 in /Users/runner/micromamba/envs/tardis/lib/python3.12/site-packages (from notebook>=4.4.1->widgetsnbextension~=3.6.5->ipywidgets>=7.0.0->qgridnext) (6.4.1)
2025-01-15T11:58:53.9972730Z Requirement already satisfied: ptyprocess>=0.5 in /Users/runner/micromamba/envs/tardis/lib/python3.12/site-packages (from pexpect>4.3->ipython>=4.0.0->ipywidgets>=7.0.0->qgridnext) (0.7.0)
2025-01-15T11:58:54.0075280Z Requirement already satisfied: wcwidth in /Users/runner/micromamba/envs/tardis/lib/python3.12/site-packages (from prompt-toolkit<3.1.0,>=3.0.41->ipython>=4.0.0->ipywidgets>=7.0.0->qgridnext) (0.2.13)
2025-01-15T11:58:54.0177760Z Requirement already satisfied: executing>=1.2.0 in /Users/runner/micromamba/envs/tardis/lib/python3.12/site-packages (from stack-data->ipython>=4.0.0->ipywidgets>=7.0.0->qgridnext) (2.0.1)
2025-01-15T11:58:54.0283210Z Requirement already satisfied: asttokens>=2.1.0 in /Users/runner/micromamba/envs/tardis/lib/python3.12/site-packages (from stack-data->ipython>=4.0.0->ipywidgets>=7.0.0->qgridnext) (2.4.1)
2025-01-15T11:58:54.0383490Z Requirement already satisfied: pure-eval in /Users/runner/micromamba/envs/tardis/lib/python3.12/site-packages (from stack-data->ipython>=4.0.0->ipywidgets>=7.0.0->qgridnext) (0.2.2)
2025-01-15T11:58:54.0486280Z Requirement already satisfied: anyio>=3.1.0 in /Users/runner/micromamba/envs/tardis/lib/python3.12/site-packages (from jupyter-server<3,>=2.4.0->notebook>=4.4.1->widgetsnbextension~=3.6.5->ipywidgets>=7.0.0->qgridnext) (4.4.0)
2025-01-15T11:58:54.0587050Z Requirement already satisfied: argon2-cffi>=21.1 in /Users/runner/micromamba/envs/tardis/lib/python3.12/site-packages (from jupyter-server<3,>=2.4.0->notebook>=4.4.1->widgetsnbextension~=3.6.5->ipywidgets>=7.0.0->qgridnext) (23.1.0)
2025-01-15T11:58:54.0692040Z Requirement already satisfied: jinja2>=3.0.3 in /Users/runner/micromamba/envs/tardis/lib/python3.12/site-packages (from jupyter-server<3,>=2.4.0->notebook>=4.4.1->widgetsnbextension~=3.6.5->ipywidgets>=7.0.0->qgridnext) (3.1.4)
2025-01-15T11:58:54.0792420Z Requirement already satisfied: jupyter-client>=7.4.4 in /Users/runner/micromamba/envs/tardis/lib/python3.12/site-packages (from jupyter-server<3,>=2.4.0->notebook>=4.4.1->widgetsnbextension~=3.6.5->ipywidgets>=7.0.0->qgridnext) (8.6.2)
2025-01-15T11:58:54.0916790Z Requirement already satisfied: jupyter-core!=5.0.*,>=4.12 in /Users/runner/micromamba/envs/tardis/lib/python3.12/site-packages (from jupyter-server<3,>=2.4.0->notebook>=4.4.1->widgetsnbextension~=3.6.5->ipywidgets>=7.0.0->qgridnext) (5.7.2)
2025-01-15T11:58:54.1001720Z Requirement already satisfied: jupyter-events>=0.9.0 in /Users/runner/micromamba/envs/tardis/lib/python3.12/site-packages (from jupyter-server<3,>=2.4.0->notebook>=4.4.1->widgetsnbextension~=3.6.5->ipywidgets>=7.0.0->qgridnext) (0.10.0)
2025-01-15T11:58:54.1105640Z Requirement already satisfied: jupyter-server-terminals>=0.4.4 in /Users/runner/micromamba/envs/tardis/lib/python3.12/site-packages (from jupyter-server<3,>=2.4.0->notebook>=4.4.1->widgetsnbextension~=3.6.5->ipywidgets>=7.0.0->qgridnext) (0.5.3)
2025-01-15T11:58:54.1208450Z Requirement already satisfied: nbconvert>=6.4.4 in /Users/runner/micromamba/envs/tardis/lib/python3.12/site-packages (from jupyter-server<3,>=2.4.0->notebook>=4.4.1->widgetsnbextension~=3.6.5->ipywidgets>=7.0.0->qgridnext) (7.16.4)
2025-01-15T11:58:54.1309170Z Requirement already satisfied: nbformat>=5.3.0 in /Users/runner/micromamba/envs/tardis/lib/python3.12/site-packages (from jupyter-server<3,>=2.4.0->notebook>=4.4.1->widgetsnbextension~=3.6.5->ipywidgets>=7.0.0->qgridnext) (5.10.4)
2025-01-15T11:58:54.1411520Z Requirement already satisfied: overrides>=5.0 in /Users/runner/micromamba/envs/tardis/lib/python3.12/site-packages (from jupyter-server<3,>=2.4.0->notebook>=4.4.1->widgetsnbextension~=3.6.5->ipywidgets>=7.0.0->qgridnext) (7.7.0)
2025-01-15T11:58:54.1516920Z Requirement already satisfied: packaging>=22.0 in /Users/runner/micromamba/envs/tardis/lib/python3.12/site-packages (from jupyter-server<3,>=2.4.0->notebook>=4.4.1->widgetsnbextension~=3.6.5->ipywidgets>=7.0.0->qgridnext) (24.1)
2025-01-15T11:58:54.1614700Z Requirement already satisfied: prometheus-client>=0.9 in /Users/runner/micromamba/envs/tardis/lib/python3.12/site-packages (from jupyter-server<3,>=2.4.0->notebook>=4.4.1->widgetsnbextension~=3.6.5->ipywidgets>=7.0.0->qgridnext) (0.20.0)
2025-01-15T11:58:54.1716910Z Requirement already satisfied: pyzmq>=24 in /Users/runner/micromamba/envs/tardis/lib/python3.12/site-packages (from jupyter-server<3,>=2.4.0->notebook>=4.4.1->widgetsnbextension~=3.6.5->ipywidgets>=7.0.0->qgridnext) (26.0.3)
2025-01-15T11:58:54.1817050Z Requirement already satisfied: send2trash>=1.8.2 in /Users/runner/micromamba/envs/tardis/lib/python3.12/site-packages (from jupyter-server<3,>=2.4.0->notebook>=4.4.1->widgetsnbextension~=3.6.5->ipywidgets>=7.0.0->qgridnext) (1.8.3)
2025-01-15T11:58:54.1920820Z Requirement already satisfied: terminado>=0.8.3 in /Users/runner/micromamba/envs/tardis/lib/python3.12/site-packages (from jupyter-server<3,>=2.4.0->notebook>=4.4.1->widgetsnbextension~=3.6.5->ipywidgets>=7.0.0->qgridnext) (0.18.1)
2025-01-15T11:58:54.2026740Z Requirement already satisfied: websocket-client>=1.7 in /Users/runner/micromamba/envs/tardis/lib/python3.12/site-packages (from jupyter-server<3,>=2.4.0->notebook>=4.4.1->widgetsnbextension~=3.6.5->ipywidgets>=7.0.0->qgridnext) (1.8.0)
2025-01-15T11:58:54.2126930Z Requirement already satisfied: async-lru>=1.0.0 in /Users/runner/micromamba/envs/tardis/lib/python3.12/site-packages (from jupyterlab<4.3,>=4.2.0->notebook>=4.4.1->widgetsnbextension~=3.6.5->ipywidgets>=7.0.0->qgridnext) (2.0.4)
2025-01-15T11:58:54.2231840Z Requirement already satisfied: httpx>=0.25.0 in /Users/runner/micromamba/envs/tardis/lib/python3.12/site-packages (from jupyterlab<4.3,>=4.2.0->notebook>=4.4.1->widgetsnbextension~=3.6.5->ipywidgets>=7.0.0->qgridnext) (0.27.0)
2025-01-15T11:58:54.2334850Z Requirement already satisfied: ipykernel>=6.5.0 in /Users/runner/micromamba/envs/tardis/lib/python3.12/site-packages (from jupyterlab<4.3,>=4.2.0->notebook>=4.4.1->widgetsnbextension~=3.6.5->ipywidgets>=7.0.0->qgridnext) (6.29.4)
2025-01-15T11:58:54.2437020Z Requirement already satisfied: jupyter-lsp>=2.0.0 in /Users/runner/micromamba/envs/tardis/lib/python3.12/site-packages (from jupyterlab<4.3,>=4.2.0->notebook>=4.4.1->widgetsnbextension~=3.6.5->ipywidgets>=7.0.0->qgridnext) (2.2.5)
2025-01-15T11:58:54.2539300Z Requirement already satisfied: setuptools>=40.1.0 in /Users/runner/micromamba/envs/tardis/lib/python3.12/site-packages (from jupyterlab<4.3,>=4.2.0->notebook>=4.4.1->widgetsnbextension~=3.6.5->ipywidgets>=7.0.0->qgridnext) (70.0.0)
2025-01-15T11:58:54.2641630Z Requirement already satisfied: babel>=2.10 in /Users/runner/micromamba/envs/tardis/lib/python3.12/site-packages (from jupyterlab-server<3,>=2.27.1->notebook>=4.4.1->widgetsnbextension~=3.6.5->ipywidgets>=7.0.0->qgridnext) (2.14.0)
2025-01-15T11:58:54.2742210Z Requirement already satisfied: json5>=0.9.0 in /Users/runner/micromamba/envs/tardis/lib/python3.12/site-packages (from jupyterlab-server<3,>=2.27.1->notebook>=4.4.1->widgetsnbextension~=3.6.5->ipywidgets>=7.0.0->qgridnext) (0.9.25)
2025-01-15T11:58:54.2842230Z Requirement already satisfied: jsonschema>=4.18.0 in /Users/runner/micromamba/envs/tardis/lib/python3.12/site-packages (from jupyterlab-server<3,>=2.27.1->notebook>=4.4.1->widgetsnbextension~=3.6.5->ipywidgets>=7.0.0->qgridnext) (4.22.0)
2025-01-15T11:58:54.2944670Z Requirement already satisfied: requests>=2.31 in /Users/runner/micromamba/envs/tardis/lib/python3.12/site-packages (from jupyterlab-server<3,>=2.27.1->notebook>=4.4.1->widgetsnbextension~=3.6.5->ipywidgets>=7.0.0->qgridnext) (2.32.3)
2025-01-15T11:58:54.3045770Z Requirement already satisfied: idna>=2.8 in /Users/runner/micromamba/envs/tardis/lib/python3.12/site-packages (from anyio>=3.1.0->jupyter-server<3,>=2.4.0->notebook>=4.4.1->widgetsnbextension~=3.6.5->ipywidgets>=7.0.0->qgridnext) (3.7)
2025-01-15T11:58:54.3148460Z Requirement already satisfied: sniffio>=1.1 in /Users/runner/micromamba/envs/tardis/lib/python3.12/site-packages (from anyio>=3.1.0->jupyter-server<3,>=2.4.0->notebook>=4.4.1->widgetsnbextension~=3.6.5->ipywidgets>=7.0.0->qgridnext) (1.3.1)
2025-01-15T11:58:54.3202760Z Requirement already satisfied: argon2-cffi-bindings in /Users/runner/micromamba/envs/tardis/lib/python3.12/site-packages (from argon2-cffi>=21.1->jupyter-server<3,>=2.4.0->notebook>=4.4.1->widgetsnbextension~=3.6.5->ipywidgets>=7.0.0->qgridnext) (21.2.0)
2025-01-15T11:58:54.3286740Z Requirement already satisfied: certifi in /Users/runner/micromamba/envs/tardis/lib/python3.12/site-packages (from httpx>=0.25.0->jupyterlab<4.3,>=4.2.0->notebook>=4.4.1->widgetsnbextension~=3.6.5->ipywidgets>=7.0.0->qgridnext) (2024.6.2)
2025-01-15T11:58:54.3391150Z Requirement already satisfied: httpcore==1.* in /Users/runner/micromamba/envs/tardis/lib/python3.12/site-packages (from httpx>=0.25.0->jupyterlab<4.3,>=4.2.0->notebook>=4.4.1->widgetsnbextension~=3.6.5->ipywidgets>=7.0.0->qgridnext) (1.0.5)
2025-01-15T11:58:54.3453320Z Requirement already satisfied: h11<0.15,>=0.13 in /Users/runner/micromamba/envs/tardis/lib/python3.12/site-packages (from httpcore==1.*->httpx>=0.25.0->jupyterlab<4.3,>=4.2.0->notebook>=4.4.1->widgetsnbextension~=3.6.5->ipywidgets>=7.0.0->qgridnext) (0.14.0)
2025-01-15T11:58:54.3571870Z Requirement already satisfied: appnope in /Users/runner/micromamba/envs/tardis/lib/python3.12/site-packages (from ipykernel>=6.5.0->jupyterlab<4.3,>=4.2.0->notebook>=4.4.1->widgetsnbextension~=3.6.5->ipywidgets>=7.0.0->qgridnext) (0.1.4)
2025-01-15T11:58:54.3641880Z Requirement already satisfied: debugpy>=1.6.5 in /Users/runner/micromamba/envs/tardis/lib/python3.12/site-packages (from ipykernel>=6.5.0->jupyterlab<4.3,>=4.2.0->notebook>=4.4.1->widgetsnbextension~=3.6.5->ipywidgets>=7.0.0->qgridnext) (1.8.1)
2025-01-15T11:58:54.3749610Z Requirement already satisfied: nest-asyncio in /Users/runner/micromamba/envs/tardis/lib/python3.12/site-packages (from ipykernel>=6.5.0->jupyterlab<4.3,>=4.2.0->notebook>=4.4.1->widgetsnbextension~=3.6.5->ipywidgets>=7.0.0->qgridnext) (1.6.0)
2025-01-15T11:58:54.3790620Z Requirement already satisfied: psutil in /Users/runner/micromamba/envs/tardis/lib/python3.12/site-packages (from ipykernel>=6.5.0->jupyterlab<4.3,>=4.2.0->notebook>=4.4.1->widgetsnbextension~=3.6.5->ipywidgets>=7.0.0->qgridnext) (5.9.8)
2025-01-15T11:58:54.3793370Z Requirement already satisfied: MarkupSafe>=2.0 in /Users/runner/micromamba/envs/tardis/lib/python3.12/site-packages (from jinja2>=3.0.3->jupyter-server<3,>=2.4.0->notebook>=4.4.1->widgetsnbextension~=3.6.5->ipywidgets>=7.0.0->qgridnext) (2.1.5)
2025-01-15T11:58:54.3794930Z Requirement already satisfied: attrs>=22.2.0 in /Users/runner/micromamba/envs/tardis/lib/python3.12/site-packages (from jsonschema>=4.18.0->jupyterlab-server<3,>=2.27.1->notebook>=4.4.1->widgetsnbextension~=3.6.5->ipywidgets>=7.0.0->qgridnext) (23.2.0)
2025-01-15T11:58:54.3796560Z Requirement already satisfied: jsonschema-specifications>=2023.03.6 in /Users/runner/micromamba/envs/tardis/lib/python3.12/site-packages (from jsonschema>=4.18.0->jupyterlab-server<3,>=2.27.1->notebook>=4.4.1->widgetsnbextension~=3.6.5->ipywidgets>=7.0.0->qgridnext) (2023.12.1)
2025-01-15T11:58:54.3798090Z Requirement already satisfied: referencing>=0.28.4 in /Users/runner/micromamba/envs/tardis/lib/python3.12/site-packages (from jsonschema>=4.18.0->jupyterlab-server<3,>=2.27.1->notebook>=4.4.1->widgetsnbextension~=3.6.5->ipywidgets>=7.0.0->qgridnext) (0.35.1)
2025-01-15T11:58:54.3799610Z Requirement already satisfied: rpds-py>=0.7.1 in /Users/runner/micromamba/envs/tardis/lib/python3.12/site-packages (from jsonschema>=4.18.0->jupyterlab-server<3,>=2.27.1->notebook>=4.4.1->widgetsnbextension~=3.6.5->ipywidgets>=7.0.0->qgridnext) (0.18.1)
2025-01-15T11:58:54.3801010Z Requirement already satisfied: platformdirs>=2.5 in /Users/runner/micromamba/envs/tardis/lib/python3.12/site-packages (from jupyter-core!=5.0.*,>=4.12->jupyter-server<3,>=2.4.0->notebook>=4.4.1->widgetsnbextension~=3.6.5->ipywidgets>=7.0.0->qgridnext) (4.2.2)
2025-01-15T11:58:54.3802420Z Requirement already satisfied: python-json-logger>=2.0.4 in /Users/runner/micromamba/envs/tardis/lib/python3.12/site-packages (from jupyter-events>=0.9.0->jupyter-server<3,>=2.4.0->notebook>=4.4.1->widgetsnbextension~=3.6.5->ipywidgets>=7.0.0->qgridnext) (2.0.7)
2025-01-15T11:58:54.3803800Z Requirement already satisfied: pyyaml>=5.3 in /Users/runner/micromamba/envs/tardis/lib/python3.12/site-packages (from jupyter-events>=0.9.0->jupyter-server<3,>=2.4.0->notebook>=4.4.1->widgetsnbextension~=3.6.5->ipywidgets>=7.0.0->qgridnext) (6.0.1)
2025-01-15T11:58:54.3805190Z Requirement already satisfied: rfc3339-validator in /Users/runner/micromamba/envs/tardis/lib/python3.12/site-packages (from jupyter-events>=0.9.0->jupyter-server<3,>=2.4.0->notebook>=4.4.1->widgetsnbextension~=3.6.5->ipywidgets>=7.0.0->qgridnext) (0.1.4)
2025-01-15T11:58:54.3806710Z Requirement already satisfied: rfc3986-validator>=0.1.1 in /Users/runner/micromamba/envs/tardis/lib/python3.12/site-packages (from jupyter-events>=0.9.0->jupyter-server<3,>=2.4.0->notebook>=4.4.1->widgetsnbextension~=3.6.5->ipywidgets>=7.0.0->qgridnext) (0.1.1)
2025-01-15T11:58:54.3808160Z Requirement already satisfied: beautifulsoup4 in /Users/runner/micromamba/envs/tardis/lib/python3.12/site-packages (from nbconvert>=6.4.4->jupyter-server<3,>=2.4.0->notebook>=4.4.1->widgetsnbextension~=3.6.5->ipywidgets>=7.0.0->qgridnext) (4.12.3)
2025-01-15T11:58:54.3809570Z Requirement already satisfied: bleach!=5.0.0 in /Users/runner/micromamba/envs/tardis/lib/python3.12/site-packages (from nbconvert>=6.4.4->jupyter-server<3,>=2.4.0->notebook>=4.4.1->widgetsnbextension~=3.6.5->ipywidgets>=7.0.0->qgridnext) (6.1.0)
2025-01-15T11:58:54.3811020Z Requirement already satisfied: defusedxml in /Users/runner/micromamba/envs/tardis/lib/python3.12/site-packages (from nbconvert>=6.4.4->jupyter-server<3,>=2.4.0->notebook>=4.4.1->widgetsnbextension~=3.6.5->ipywidgets>=7.0.0->qgridnext) (0.7.1)
2025-01-15T11:58:54.3813040Z Requirement already satisfied: jupyterlab-pygments in /Users/runner/micromamba/envs/tardis/lib/python3.12/site-packages (from nbconvert>=6.4.4->jupyter-server<3,>=2.4.0->notebook>=4.4.1->widgetsnbextension~=3.6.5->ipywidgets>=7.0.0->qgridnext) (0.3.0)
2025-01-15T11:58:54.3815310Z Requirement already satisfied: mistune<4,>=2.0.3 in /Users/runner/micromamba/envs/tardis/lib/python3.12/site-packages (from nbconvert>=6.4.4->jupyter-server<3,>=2.4.0->notebook>=4.4.1->widgetsnbextension~=3.6.5->ipywidgets>=7.0.0->qgridnext) (3.0.2)
2025-01-15T11:58:54.3817420Z Requirement already satisfied: nbclient>=0.5.0 in /Users/runner/micromamba/envs/tardis/lib/python3.12/site-packages (from nbconvert>=6.4.4->jupyter-server<3,>=2.4.0->notebook>=4.4.1->widgetsnbextension~=3.6.5->ipywidgets>=7.0.0->qgridnext) (0.10.0)
2025-01-15T11:58:54.3919170Z Requirement already satisfied: pandocfilters>=1.4.1 in /Users/runner/micromamba/envs/tardis/lib/python3.12/site-packages (from nbconvert>=6.4.4->jupyter-server<3,>=2.4.0->notebook>=4.4.1->widgetsnbextension~=3.6.5->ipywidgets>=7.0.0->qgridnext) (1.5.0)
2025-01-15T11:58:54.4022080Z Requirement already satisfied: tinycss2 in /Users/runner/micromamba/envs/tardis/lib/python3.12/site-packages (from nbconvert>=6.4.4->jupyter-server<3,>=2.4.0->notebook>=4.4.1->widgetsnbextension~=3.6.5->ipywidgets>=7.0.0->qgridnext) (1.3.0)
2025-01-15T11:58:54.4049610Z Requirement already satisfied: fastjsonschema>=2.15 in /Users/runner/micromamba/envs/tardis/lib/python3.12/site-packages (from nbformat>=5.3.0->jupyter-server<3,>=2.4.0->notebook>=4.4.1->widgetsnbextension~=3.6.5->ipywidgets>=7.0.0->qgridnext) (2.20.0)
2025-01-15T11:58:54.4152510Z Requirement already satisfied: charset-normalizer<4,>=2 in /Users/runner/micromamba/envs/tardis/lib/python3.12/site-packages (from requests>=2.31->jupyterlab-server<3,>=2.27.1->notebook>=4.4.1->widgetsnbextension~=3.6.5->ipywidgets>=7.0.0->qgridnext) (3.3.2)
2025-01-15T11:58:54.4222010Z Requirement already satisfied: urllib3<3,>=1.21.1 in /Users/runner/micromamba/envs/tardis/lib/python3.12/site-packages (from requests>=2.31->jupyterlab-server<3,>=2.27.1->notebook>=4.4.1->widgetsnbextension~=3.6.5->ipywidgets>=7.0.0->qgridnext) (2.2.2)
2025-01-15T11:58:54.4994260Z Requirement already satisfied: webencodings in /Users/runner/micromamba/envs/tardis/lib/python3.12/site-packages (from bleach!=5.0.0->nbconvert>=6.4.4->jupyter-server<3,>=2.4.0->notebook>=4.4.1->widgetsnbextension~=3.6.5->ipywidgets>=7.0.0->qgridnext) (0.5.1)
2025-01-15T11:58:54.5704890Z Requirement already satisfied: fqdn in /Users/runner/micromamba/envs/tardis/lib/python3.12/site-packages (from jsonschema[format-nongpl]>=4.18.0->jupyter-events>=0.9.0->jupyter-server<3,>=2.4.0->notebook>=4.4.1->widgetsnbextension~=3.6.5->ipywidgets>=7.0.0->qgridnext) (1.5.1)
2025-01-15T11:58:54.5714900Z Requirement already satisfied: isoduration in /Users/runner/micromamba/envs/tardis/lib/python3.12/site-packages (from jsonschema[format-nongpl]>=4.18.0->jupyter-events>=0.9.0->jupyter-server<3,>=2.4.0->notebook>=4.4.1->widgetsnbextension~=3.6.5->ipywidgets>=7.0.0->qgridnext) (20.11.0)
2025-01-15T11:58:54.5725960Z Requirement already satisfied: jsonpointer>1.13 in /Users/runner/micromamba/envs/tardis/lib/python3.12/site-packages (from jsonschema[format-nongpl]>=4.18.0->jupyter-events>=0.9.0->jupyter-server<3,>=2.4.0->notebook>=4.4.1->widgetsnbextension~=3.6.5->ipywidgets>=7.0.0->qgridnext) (3.0.0)
2025-01-15T11:58:54.5742190Z Requirement already satisfied: uri-template in /Users/runner/micromamba/envs/tardis/lib/python3.12/site-packages (from jsonschema[format-nongpl]>=4.18.0->jupyter-events>=0.9.0->jupyter-server<3,>=2.4.0->notebook>=4.4.1->widgetsnbextension~=3.6.5->ipywidgets>=7.0.0->qgridnext) (1.3.0)
2025-01-15T11:58:54.5752260Z Requirement already satisfied: webcolors>=1.11 in /Users/runner/micromamba/envs/tardis/lib/python3.12/site-packages (from jsonschema[format-nongpl]>=4.18.0->jupyter-events>=0.9.0->jupyter-server<3,>=2.4.0->notebook>=4.4.1->widgetsnbextension~=3.6.5->ipywidgets>=7.0.0->qgridnext) (24.6.0)
2025-01-15T11:58:54.6913530Z Requirement already satisfied: cffi>=1.0.1 in /Users/runner/micromamba/envs/tardis/lib/python3.12/site-packages (from argon2-cffi-bindings->argon2-cffi>=21.1->jupyter-server<3,>=2.4.0->notebook>=4.4.1->widgetsnbextension~=3.6.5->ipywidgets>=7.0.0->qgridnext) (1.16.0)
2025-01-15T11:58:54.7041290Z Requirement already satisfied: soupsieve>1.2 in /Users/runner/micromamba/envs/tardis/lib/python3.12/site-packages (from beautifulsoup4->nbconvert>=6.4.4->jupyter-server<3,>=2.4.0->notebook>=4.4.1->widgetsnbextension~=3.6.5->ipywidgets>=7.0.0->qgridnext) (2.5)
2025-01-15T11:58:54.7572080Z Requirement already satisfied: pycparser in /Users/runner/micromamba/envs/tardis/lib/python3.12/site-packages (from cffi>=1.0.1->argon2-cffi-bindings->argon2-cffi>=21.1->jupyter-server<3,>=2.4.0->notebook>=4.4.1->widgetsnbextension~=3.6.5->ipywidgets>=7.0.0->qgridnext) (2.22)
2025-01-15T11:58:54.8165290Z Requirement already satisfied: arrow>=0.15.0 in /Users/runner/micromamba/envs/tardis/lib/python3.12/site-packages (from isoduration->jsonschema[format-nongpl]>=4.18.0->jupyter-events>=0.9.0->jupyter-server<3,>=2.4.0->notebook>=4.4.1->widgetsnbextension~=3.6.5->ipywidgets>=7.0.0->qgridnext) (1.3.0)
2025-01-15T11:58:54.8588780Z Requirement already satisfied: types-python-dateutil>=2.8.10 in /Users/runner/micromamba/envs/tardis/lib/python3.12/site-packages (from arrow>=0.15.0->isoduration->jsonschema[format-nongpl]>=4.18.0->jupyter-events>=0.9.0->jupyter-server<3,>=2.4.0->notebook>=4.4.1->widgetsnbextension~=3.6.5->ipywidgets>=7.0.0->qgridnext) (2.9.0.20240316)
2025-01-15T11:58:54.8916570Z Downloading qgridnext-2.0.4-py3-none-any.whl (1.3 MB)
2025-01-15T11:58:55.0280280Z    â”â”â”â”â”â”â”â”â”â”â”â”â”â”â”â”â”â”â”â”â”â”â”â”â”â”â”â”â”â”â”â”â”â”â”â”â”â”â”â” 1.3/1.3 MB 9.4 MB/s eta 0:00:00
2025-01-15T11:58:55.9897250Z Installing collected packages: qgridnext
2025-01-15T11:58:56.0566300Z Successfully installed qgridnext-2.0.4
2025-01-15T11:58:56.4335570Z ##[group]Run pytest tardis --tardis-regression-data=/Users/runner/work/tardis/tardis/tardis-regression-data --cov=tardis --cov-report=xml --cov-report=html --cov-append -m "not continuum"
2025-01-15T11:58:56.4336660Z [36;1mpytest tardis --tardis-regression-data=/Users/runner/work/tardis/tardis/tardis-regression-data --cov=tardis --cov-report=xml --cov-report=html --cov-append -m "not continuum"[0m
2025-01-15T11:58:56.4413040Z shell: /bin/bash -l {0}
2025-01-15T11:58:56.4413300Z env:
2025-01-15T11:58:56.4413460Z   CACHE_NUMBER: 0
2025-01-15T11:58:56.4414050Z   PYTEST_FLAGS: --tardis-regression-data=/Users/runner/work/tardis/tardis/tardis-regression-data --cov=tardis --cov-report=xml --cov-report=html --cov-append
2025-01-15T11:58:56.4414570Z   CODECOV_TOKEN: 
2025-01-15T11:58:56.4414730Z   MAMBA_ROOT_PREFIX: /Users/runner/micromamba
2025-01-15T11:58:56.4415030Z   MAMBA_EXE: /Users/runner/micromamba-bin/micromamba
2025-01-15T11:58:56.4415370Z   CONDARC: /Users/runner/work/_temp/setup-micromamba/.condarc
2025-01-15T11:58:56.4415620Z ##[endgroup]
2025-01-15T11:59:16.0854200Z ============================= test session starts ==============================
2025-01-15T11:59:16.0855410Z platform darwin -- Python 3.12.4, pytest-8.2.2, pluggy-1.5.0
2025-01-15T11:59:16.0855850Z rootdir: /Users/runner/work/tardis/tardis
2025-01-15T11:59:16.0856740Z configfile: pyproject.toml
2025-01-15T11:59:16.0857070Z plugins: cov-5.0.0, html-4.1.1, metadata-3.1.1, doctestplus-1.2.1, anyio-4.4.0
2025-01-15T11:59:16.0857560Z collected 1796 items / 2 deselected / 1794 selected
2025-01-15T11:59:16.0857810Z 
2025-01-15T11:59:21.2954030Z tardis/energy_input/tests/test_energy_source.py ..xxx                    [  0%]
2025-01-15T11:59:24.3311310Z tardis/energy_input/tests/test_gamma_ray_channel.py ...........          [  0%]
2025-01-15T11:59:26.2079420Z tardis/energy_input/tests/test_gamma_ray_grid.py xx.                     [  1%]
2025-01-15T11:59:27.5718420Z tardis/energy_input/tests/test_gamma_ray_interactions.py xx....          [  1%]
2025-01-15T11:59:27.5830550Z tardis/energy_input/tests/test_gamma_ray_packet_source.py sssssssss      [  1%]
2025-01-15T11:59:28.6464170Z tardis/energy_input/tests/test_util.py .....xxxx.....                    [  2%]
2025-01-15T11:59:28.9636320Z tardis/grid/tests/test_grid.py .                                         [  2%]
2025-01-15T11:59:28.9755730Z tardis/gui/tests/test_gui.py s                                           [  2%]
2025-01-15T11:59:32.6938350Z tardis/io/configuration/tests/test_config_reader.py ...........          [  3%]
2025-01-15T11:59:32.7024500Z tardis/io/configuration/tests/test_configuration_namespace.py .........  [  3%]
2025-01-15T11:59:32.7664310Z tardis/io/logger/tests/test_logging.py ssssssssssssssssssssssssssss      [  5%]
2025-01-15T12:00:05.0142670Z tardis/io/model/readers/tests/test_arepo_parser.py ..                    [  5%]
2025-01-15T12:00:05.0541350Z tardis/io/model/readers/tests/test_ascii_readers.py ...                  [  5%]
2025-01-15T12:00:05.0753890Z tardis/io/model/readers/tests/test_cmfgen_reader.py ..                   [  5%]
2025-01-15T12:00:05.1032220Z tardis/io/model/readers/tests/test_csvy_reader.py ....                   [  6%]
2025-01-15T12:00:05.1464100Z tardis/io/model/readers/tests/test_stella_reader.py ..                   [  6%]
2025-01-15T12:00:05.4575300Z tardis/io/tests/test_HDFWriter.py ...............                        [  7%]
2025-01-15T12:00:06.0854410Z tardis/io/tests/test_atomic.py .....                                     [  7%]
2025-01-15T12:00:06.1042340Z tardis/io/tests/test_decay.py ..                                         [  7%]
2025-01-15T12:00:06.2717460Z tardis/io/tests/test_model_reader.py ......                              [  7%]
2025-01-15T12:00:06.2759850Z tardis/model/geometry/tests/test_radial1d.py ..                          [  7%]
2025-01-15T12:00:37.8211380Z tardis/model/tests/test_base.py ........................................ [ 10%]
2025-01-15T12:00:38.5830990Z ............                                                             [ 10%]
2025-01-15T12:00:41.2533600Z tardis/model/tests/test_csvy_model.py .........                          [ 11%]
2025-01-15T12:00:41.2889720Z tardis/model/tests/test_density.py ..                                    [ 11%]
2025-01-15T12:00:42.7762310Z tardis/opacities/tests/test_opacity_solver.py .....                      [ 11%]
2025-01-15T12:00:43.8524460Z tardis/opacities/tests/test_opacity_state_numba.py .....                 [ 11%]
2025-01-15T12:00:45.8830370Z tardis/opacities/tests/test_tau_sobolev.py ..                            [ 12%]
2025-01-15T12:00:48.2854410Z tardis/plasma/equilibrium/tests/test_collisional_transitions.py ...      [ 12%]
2025-01-15T12:01:30.6917890Z tardis/plasma/equilibrium/tests/test_level_populations.py ....           [ 12%]
2025-01-15T12:01:39.7503660Z tardis/plasma/equilibrium/tests/test_rate_matrix.py .                    [ 12%]
2025-01-15T12:01:40.7477510Z tardis/plasma/tests/test_complete_plasmas.py .....................s..... [ 13%]
2025-01-15T12:01:42.7628530Z s....ssssss............s............ss.....s....ssssss............s..... [ 18%]
2025-01-15T12:01:44.0152820Z .......ss.....s....ssssss............s............ss.....s....ssssss.... [ 22%]
2025-01-15T12:01:45.9112610Z ........s............ss.....s........ss............s............ss.....s [ 26%]
2025-01-15T12:01:48.4500340Z ........ss............s............ss.....s....ssssss............s...... [ 30%]
2025-01-15T12:01:49.1291190Z ......ss.....s....ssssss............s............ss.....s.ss.ssssss..... [ 34%]
2025-01-15T12:01:51.3950570Z .......s............ss.....s....ssssss............s............ss.....s. [ 38%]
2025-01-15T12:01:54.1849010Z ...ssssss............s............ss.....s....ssssss............s....... [ 42%]
2025-01-15T12:01:56.7238440Z .....ss.....s....ssssss............s............s...........ssssss...... [ 46%]
2025-01-15T12:01:57.9910160Z ......s............s...........ssssss............s............s......... [ 50%]
2025-01-15T12:01:59.9797290Z ..ssssss............s............ss.....s....ssssss............s........ [ 54%]
2025-01-15T12:02:02.5022510Z ....ss.....s....ssssss..........................s.....s....ssss......... [ 58%]
2025-01-15T12:02:02.7860360Z ...................s.....s....ssss.......                                [ 60%]
2025-01-15T12:02:03.0232670Z tardis/plasma/tests/test_hdf_plasma.py ................................. [ 62%]
2025-01-15T12:02:03.0309600Z ......                                                                   [ 62%]
2025-01-15T12:02:03.3934830Z tardis/plasma/tests/test_nlte_excitation.py ...                          [ 62%]
2025-01-15T12:03:43.1065620Z tardis/plasma/tests/test_nlte_solver.py .....X                           [ 63%]
2025-01-15T12:03:43.1236190Z tardis/plasma/tests/test_plasma_continuum.py .                           [ 63%]
2025-01-15T12:04:04.2171540Z tardis/plasma/tests/test_plasma_vboundary.py .............               [ 63%]
2025-01-15T12:04:13.5038730Z tardis/plasma/tests/test_tardis_model_density_config.py ...              [ 64%]
2025-01-15T12:04:13.9911000Z tardis/simulation/tests/test_convergence.py .....                        [ 64%]
2025-01-15T12:04:19.8713200Z tardis/simulation/tests/test_simulation.py .............                 [ 65%]
2025-01-15T12:04:19.8824510Z tardis/spectrum/tests/test_cuda_formal_integral.py sssssssssssssssssssss [ 66%]
2025-01-15T12:04:20.1208230Z ssss...ssssssssssssssssssssss                                            [ 67%]
2025-01-15T12:04:20.1247770Z tardis/spectrum/tests/test_luminosity.py ....                            [ 68%]
2025-01-15T12:04:20.8819760Z tardis/spectrum/tests/test_numba_formal_integral.py .................... [ 69%]
2025-01-15T12:04:20.8919530Z ..........                                                               [ 69%]
2025-01-15T12:04:20.9981270Z tardis/spectrum/tests/test_spectrum.py ................................. [ 71%]
2025-01-15T12:04:21.0169450Z .........                                                                [ 72%]
2025-01-15T12:04:38.1823790Z tardis/spectrum/tests/test_spectrum_solver.py ....                       [ 72%]
2025-01-15T12:05:38.8186680Z tardis/tests/test_tardis_full.py ....                                    [ 72%]
2025-01-15T12:07:12.9568640Z tardis/tests/test_tardis_full_formal_integral.py ................        [ 73%]
2025-01-15T12:07:13.0317240Z tardis/tests/test_util.py .............................................  [ 75%]
2025-01-15T12:07:15.1791620Z tardis/transport/montecarlo/tests/test_base.py x.....................    [ 77%]
2025-01-15T12:07:20.4668450Z tardis/transport/montecarlo/tests/test_interaction.py .......            [ 77%]
2025-01-15T12:07:20.6324910Z tardis/transport/montecarlo/tests/test_macro_atom.py ....                [ 77%]
2025-01-15T12:07:20.6424850Z tardis/transport/montecarlo/tests/test_montecarlo.py sssssssssssssssssss [ 78%]
2025-01-15T12:07:20.6670900Z sssssssssssssssssssssssssssssssssssssssssssss                            [ 81%]
2025-01-15T12:07:28.1672780Z tardis/transport/montecarlo/tests/test_montecarlo_main_loop.py x..       [ 81%]
2025-01-15T12:07:28.1885780Z tardis/transport/montecarlo/tests/test_nonhomologous.py ...              [ 81%]
2025-01-15T12:07:30.1946420Z tardis/transport/montecarlo/tests/test_numba_interface.py .....x.        [ 82%]
2025-01-15T12:07:30.6372430Z tardis/transport/montecarlo/tests/test_opacities.py ...............      [ 82%]
2025-01-15T12:07:31.8644340Z tardis/transport/montecarlo/tests/test_packet.py .................xXXXXX [ 84%]
2025-01-15T12:07:31.9727550Z XX.........                                                              [ 84%]
2025-01-15T12:07:32.0213140Z tardis/transport/montecarlo/tests/test_packet_source.py ........         [ 85%]
2025-01-15T12:07:32.2742550Z tardis/transport/montecarlo/tests/test_rpacket_last_interaction_tracker.py . [ 85%]
2025-01-15T12:07:32.5565960Z .....                                                                    [ 85%]
2025-01-15T12:07:42.2869690Z tardis/transport/montecarlo/tests/test_rpacket_tracker.py ......         [ 85%]
2025-01-15T12:07:42.3136840Z tardis/transport/montecarlo/tests/test_single_packet_loop.py xxx         [ 86%]
2025-01-15T12:07:42.3270950Z tardis/transport/montecarlo/tests/test_tracker_utils.py ..               [ 86%]
2025-01-15T12:07:43.7242680Z tardis/transport/montecarlo/tests/test_vpacket.py ..x.                   [ 86%]
2025-01-15T12:07:43.7455470Z tardis/transport/montecarlo/tests/test_weighted_packet_source.py ....    [ 86%]
2025-01-15T12:07:46.8573670Z tardis/transport/montecarlo/tests/test_weighted_packet_source_integration.py . [ 86%]
2025-01-15T12:07:46.8577160Z                                                                          [ 86%]
2025-01-15T12:07:47.4424280Z tardis/transport/tests/test_doppler_factor.py ..................         [ 87%]
2025-01-15T12:07:49.2287550Z tardis/visualization/tools/tests/test_convergence_plot.py .............. [ 88%]
2025-01-15T12:07:50.8781390Z ......                                                                   [ 88%]
2025-01-15T12:07:54.3795390Z tardis/visualization/tools/tests/test_liv_plot.py ...................... [ 90%]
2025-01-15T12:07:58.4599810Z .............................                                            [ 91%]
2025-01-15T12:08:01.2235370Z tardis/visualization/tools/tests/test_rpacket_plot.py .................. [ 92%]
2025-01-15T12:08:08.4065940Z ....                                                                     [ 92%]
2025-01-15T12:08:13.0190910Z tardis/visualization/tools/tests/test_sdec_plot.py ..................... [ 94%]
2025-01-15T12:08:18.5519860Z ..............................                                           [ 95%]
2025-01-15T12:08:18.8817320Z tardis/visualization/widgets/tests/test_custom_abundance.py ........ss.. [ 96%]
2025-01-15T12:08:18.9217480Z ....                                                                     [ 96%]
2025-01-15T12:08:19.6393820Z tardis/visualization/widgets/tests/test_line_info.py ................... [ 97%]
2025-01-15T12:08:20.1134730Z ..................                                                       [ 98%]
2025-01-15T12:11:20.0408650Z tardis/visualization/widgets/tests/test_shell_info.py .................. [ 99%]
2025-01-15T12:11:27.3876520Z ......                                                                   [100%]
2025-01-15T12:11:27.3883260Z 
2025-01-15T12:11:27.3886960Z =============================== warnings summary ===============================
2025-01-15T12:11:27.3887800Z tardis/io/configuration/config_validator.py:6
2025-01-15T12:11:27.3888220Z tardis/io/configuration/config_validator.py:6
2025-01-15T12:11:27.3889280Z   /Users/runner/work/tardis/tardis/tardis/io/configuration/config_validator.py:6: DeprecationWarning:
2025-01-15T12:11:27.3899430Z   
2025-01-15T12:11:27.3967970Z   jsonschema.RefResolver is deprecated as of v4.18.0, in favor of the https://github.com/python-jsonschema/referencing library, which provides more compliant referencing behavior as well as more flexible APIs for customization. A future release will remove RefResolver. Please file a feature request (on referencing) if you are missing an API for the kind of customization you need.
2025-01-15T12:11:27.3977480Z 
2025-01-15T12:11:27.3978030Z ../../../micromamba/envs/tardis/lib/python3.12/site-packages/jupyter_client/connect.py:22
2025-01-15T12:11:27.3978840Z   /Users/runner/micromamba/envs/tardis/lib/python3.12/site-packages/jupyter_client/connect.py:22: DeprecationWarning:
2025-01-15T12:11:27.3980120Z   
2025-01-15T12:11:27.3981390Z   Jupyter is migrating its paths to use standard platformdirs
2025-01-15T12:11:27.3982750Z   given by the platformdirs library.  To remove this warning and
2025-01-15T12:11:27.3984130Z   see the appropriate new directories, set the environment variable
2025-01-15T12:11:27.3989170Z   `JUPYTER_PLATFORM_DIRS=1` and then run `jupyter --paths`.
2025-01-15T12:11:27.3989710Z   The use of platformdirs will be the default in `jupyter_core` v6
2025-01-15T12:11:27.3990070Z 
2025-01-15T12:11:27.4016110Z tardis/io/tests/test_HDFWriter.py::test_multi_index_write
2025-01-15T12:11:27.4053100Z tardis/visualization/widgets/tests/test_shell_info.py::TestHDFShellInfo::test_shells_data
2025-01-15T12:11:27.4063970Z   /Users/runner/work/tardis/tardis/tardis/io/util.py:276: PerformanceWarning:
2025-01-15T12:11:27.4114770Z   
2025-01-15T12:11:27.4184650Z   
2025-01-15T12:11:27.4232620Z   your performance may suffer as PyTables will pickle object types that it cannot
2025-01-15T12:11:27.4233510Z   map directly to c-types [inferred_type->mixed,key->block0_values] [items->Index([0], dtype='int64')]
2025-01-15T12:11:27.4233890Z 
2025-01-15T12:11:27.4234270Z tardis/io/tests/test_model_reader.py::test_read_cmfgen_isotope_abundances
2025-01-15T12:11:27.4235100Z tardis/plasma/tests/test_tardis_model_density_config.py::test_electron_densities
2025-01-15T12:11:27.4237420Z tardis/plasma/tests/test_tardis_model_density_config.py::test_isotope_number_densities
2025-01-15T12:11:27.4239950Z tardis/plasma/tests/test_tardis_model_density_config.py::test_t_rad
2025-01-15T12:11:27.4241380Z   /Users/runner/work/tardis/tardis/tardis/io/model/readers/cmfgen_deprecated.py:82: DeprecationWarning:
2025-01-15T12:11:27.4244070Z   
2025-01-15T12:11:27.4248550Z   The current CMFGEN model parser is deprecated
2025-01-15T12:11:27.4249070Z 
2025-01-15T12:11:27.4254140Z tardis/io/tests/test_model_reader.py: 1 warning
2025-01-15T12:11:27.4263260Z tardis/plasma/tests/test_tardis_model_density_config.py: 9 warnings
2025-01-15T12:11:27.4267110Z   /Users/runner/work/tardis/tardis/tardis/io/model/readers/cmfgen_deprecated.py:40: DeprecationWarning:
2025-01-15T12:11:27.4267900Z   
2025-01-15T12:11:27.4270000Z   The current CMFGEN model parser is deprecated
2025-01-15T12:11:27.4270510Z 
2025-01-15T12:11:27.4270780Z tardis/model/tests/test_base.py::TestModelFromPaper1Config::test_abundances
2025-01-15T12:11:27.4272100Z   /Users/runner/work/tardis/tardis/tardis/transport/montecarlo/montecarlo_main_loop.py:123: NumbaTypeSafetyWarning:
2025-01-15T12:11:27.4276580Z   
2025-01-15T12:11:27.4352950Z   [1m[1m[1munsafe cast from uint64 to int64. Precision may be lost.[0m[0m[0m
2025-01-15T12:11:27.4355460Z 
2025-01-15T12:11:27.4364060Z tardis/model/tests/test_base.py: 6 warnings
2025-01-15T12:11:27.4365790Z tardis/model/tests/test_csvy_model.py: 2 warnings
2025-01-15T12:11:27.4369350Z tardis/plasma/tests/test_tardis_model_density_config.py: 3 warnings
2025-01-15T12:11:27.4369870Z   /Users/runner/work/tardis/tardis/tardis/model/geometry/radial1d.py:50: DeprecationWarning:
2025-01-15T12:11:27.4376430Z   
2025-01-15T12:11:27.4376660Z   v_inner_boundary < 0, assuming default value
2025-01-15T12:11:27.4378080Z 
2025-01-15T12:11:27.4378760Z tardis/model/tests/test_base.py: 6 warnings
2025-01-15T12:11:27.4379650Z tardis/model/tests/test_csvy_model.py: 2 warnings
2025-01-15T12:11:27.4381670Z tardis/plasma/tests/test_tardis_model_density_config.py: 3 warnings
2025-01-15T12:11:27.4382150Z   /Users/runner/work/tardis/tardis/tardis/model/geometry/radial1d.py:61: DeprecationWarning:
2025-01-15T12:11:27.4382980Z   
2025-01-15T12:11:27.4383200Z   v_outer_boundary < 0, assuming default value
2025-01-15T12:11:27.4383410Z 
2025-01-15T12:11:27.4384800Z tardis/plasma/equilibrium/tests/test_level_populations.py::TestLevelPopulationSolver::test_solve[collisional_rate_solver0-radiative_transitions0]
2025-01-15T12:11:27.4388360Z   /Users/runner/work/tardis/tardis/tardis/plasma/equilibrium/level_populations.py:65: FutureWarning:
2025-01-15T12:11:27.4389950Z   
2025-01-15T12:11:27.4391880Z   A value is trying to be set on a copy of a DataFrame or Series through chained assignment using an inplace method.
2025-01-15T12:11:27.4396380Z   The behavior will change in pandas 3.0. This inplace method will never work because the intermediate object on which we are setting values always behaves as a copy.
2025-01-15T12:11:27.4398150Z   
2025-01-15T12:11:27.4400180Z   For example, when doing 'df[col].method(value, inplace=True)', try using 'df.method({col: value}, inplace=True)' or df[col] = df[col].method(value) instead, to perform the operation inplace on the original object.
2025-01-15T12:11:27.4400750Z 
2025-01-15T12:11:27.4400910Z tardis/plasma/tests/test_complete_plasmas.py: 20 warnings
2025-01-15T12:11:27.4401370Z   /Users/runner/work/tardis/tardis/tardis/plasma/tests/test_complete_plasmas.py:197: UserWarning:
2025-01-15T12:11:27.4401840Z   
2025-01-15T12:11:27.4402020Z   Property "atomic_mass" not found
2025-01-15T12:11:27.4402720Z 
2025-01-15T12:11:27.4404310Z tardis/plasma/tests/test_complete_plasmas.py::TestPlasma::test_plasma_properties[radiative_rates_type:detailed-w_epsilon:1e-10-j_blues_norm_factor]
2025-01-15T12:11:27.4406930Z tardis/plasma/tests/test_complete_plasmas.py::TestPlasma::test_plasma_properties[radiative_rates_type:detailed-j_blues_norm_factor]
2025-01-15T12:11:27.4408190Z   /Users/runner/work/tardis/tardis/tardis/plasma/tests/test_complete_plasmas.py:197: UserWarning:
2025-01-15T12:11:27.4409820Z   
2025-01-15T12:11:27.4411730Z   Property "j_blues_norm_factor" not found
2025-01-15T12:11:27.4412260Z 
2025-01-15T12:11:27.4414670Z tardis/plasma/tests/test_complete_plasmas.py::TestPlasma::test_plasma_properties[radiative_rates_type:detailed-w_epsilon:1e-10-j_blue_estimator]
2025-01-15T12:11:27.4415560Z tardis/plasma/tests/test_complete_plasmas.py::TestPlasma::test_plasma_properties[radiative_rates_type:detailed-j_blue_estimator]
2025-01-15T12:11:27.4416220Z   /Users/runner/work/tardis/tardis/tardis/plasma/tests/test_complete_plasmas.py:197: UserWarning:
2025-01-15T12:11:27.4416660Z   
2025-01-15T12:11:27.4416880Z   Property "j_blue_estimator" not found
2025-01-15T12:11:27.4417060Z 
2025-01-15T12:11:27.4417560Z tardis/plasma/tests/test_complete_plasmas.py::TestPlasma::test_plasma_properties[radiative_rates_type:detailed-w_epsilon:1e-10-volume]
2025-01-15T12:11:27.4418570Z tardis/plasma/tests/test_complete_plasmas.py::TestPlasma::test_plasma_properties[radiative_rates_type:detailed-volume]
2025-01-15T12:11:27.4419350Z   /Users/runner/work/tardis/tardis/tardis/plasma/tests/test_complete_plasmas.py:197: UserWarning:
2025-01-15T12:11:27.4419740Z   
2025-01-15T12:11:27.4421000Z   Property "volume" not found
2025-01-15T12:11:27.4421180Z 
2025-01-15T12:11:27.4421490Z tardis/plasma/tests/test_complete_plasmas.py::TestPlasma::test_plasma_properties[radiative_rates_type:detailed-w_epsilon:1e-10-r_inner]
2025-01-15T12:11:27.4422210Z tardis/plasma/tests/test_complete_plasmas.py::TestPlasma::test_plasma_properties[radiative_rates_type:detailed-r_inner]
2025-01-15T12:11:27.4424220Z   /Users/runner/work/tardis/tardis/tardis/plasma/tests/test_complete_plasmas.py:197: UserWarning:
2025-01-15T12:11:27.4425390Z   
2025-01-15T12:11:27.4426010Z   Property "r_inner" not found
2025-01-15T12:11:27.4426340Z 
2025-01-15T12:11:27.4427540Z tardis/plasma/tests/test_plasma_vboundary.py::test_plasma_vboundary[2900-3750]
2025-01-15T12:11:27.4428060Z tardis/plasma/tests/test_plasma_vboundary.py::test_plasma_vboundary[2900-3850]
2025-01-15T12:11:27.4429030Z tardis/plasma/tests/test_plasma_vboundary.py::test_plasma_vboundary[2900-3900]
2025-01-15T12:11:27.4432030Z   /Users/runner/work/tardis/tardis/tardis/model/geometry/radial1d.py:71: UserWarning:
2025-01-15T12:11:27.4432910Z   
2025-01-15T12:11:27.4433360Z   Requesting inner boundary below inner shell. Extrapolating the inner cell
2025-01-15T12:11:27.4433610Z 
2025-01-15T12:11:27.4433840Z tardis/spectrum/tests/test_spectrum_solver.py::TestSpectrumSolver::test_solve
2025-01-15T12:11:27.4434380Z   /Users/runner/work/tardis/tardis/tardis/spectrum/base.py:70: UserWarning:
2025-01-15T12:11:27.4434700Z   
2025-01-15T12:11:27.4436400Z   SpectrumSolver.spectrum_virtual_packets is zero. Please run the montecarlo simulation with no_of_virtual_packets > 0
2025-01-15T12:11:27.4437460Z 
2025-01-15T12:11:27.4438360Z tardis/spectrum/tests/test_spectrum_solver.py::TestSpectrumSolver::test_solve
2025-01-15T12:11:27.4438880Z   /Users/runner/work/tardis/tardis/tardis/spectrum/base.py:111: UserWarning:
2025-01-15T12:11:27.4440220Z   
2025-01-15T12:11:27.4440690Z   SpectrumSolver.integrator: The FormalIntegrator is not yet available.Please run the montecarlo simulation at least once.
2025-01-15T12:11:27.4441090Z 
2025-01-15T12:11:27.4441260Z tardis/transport/montecarlo/tests/test_vpacket.py::test_trace_vpacket_volley
2025-01-15T12:11:27.4446650Z   <string>:3: NumbaPendingDeprecationWarning:
2025-01-15T12:11:27.4451910Z   
2025-01-15T12:11:27.4453040Z   [1m[1mCode using Numba extension API maybe depending on 'old_style' error-capturing, which is deprecated and will be replaced by 'new_style' in a future release. See details at https://numba.readthedocs.io/en/latest/reference/deprecation.html#deprecation-of-old-style-numba-captured-errors
2025-01-15T12:11:27.4456400Z   Exception origin:
2025-01-15T12:11:27.4458700Z     File "/Users/runner/micromamba/envs/tardis/lib/python3.12/inspect.py", line 3180, in _bind
2025-01-15T12:11:27.4459950Z       raise TypeError(msg) from None
2025-01-15T12:11:27.4463440Z   [0m[0m
2025-01-15T12:11:27.4463770Z 
2025-01-15T12:11:27.4464620Z tardis/visualization/tools/tests/test_sdec_plot.py::TestSDECPlotter::test_mpl_image[plotter_generate_plot_mpl4]
2025-01-15T12:11:27.4467950Z   /Users/runner/work/tardis/tardis/tardis/visualization/tools/sdec_plot.py:728: RuntimeWarning:
2025-01-15T12:11:27.4468430Z   
2025-01-15T12:11:27.4469220Z   More than 20 figures have been opened. Figures created through the pyplot interface (`matplotlib.pyplot.figure`) are retained until explicitly closed and may consume too much memory. (To control this warning, see the rcParam `figure.max_open_warning`). Consider using `matplotlib.pyplot.close()`.
2025-01-15T12:11:27.4470050Z 
2025-01-15T12:11:27.4470420Z tardis/visualization/widgets/tests/test_custom_abundance.py::TestCustomAbundanceWidget::test_update_input_item_value
2025-01-15T12:11:27.4471180Z tardis/visualization/widgets/tests/test_custom_abundance.py::TestCustomAbundanceWidget::test_update_input_item_value
2025-01-15T12:11:27.4471870Z tardis/visualization/widgets/tests/test_custom_abundance.py::TestCustomAbundanceWidget::test_update_input_item_value
2025-01-15T12:11:27.4473040Z tardis/visualization/widgets/tests/test_custom_abundance.py::TestCustomAbundanceWidget::test_update_input_item_value
2025-01-15T12:11:27.4473750Z tardis/visualization/widgets/tests/test_custom_abundance.py::TestCustomAbundanceWidget::test_update_input_item_value
2025-01-15T12:11:27.4474740Z tardis/visualization/widgets/tests/test_custom_abundance.py::TestCustomAbundanceWidget::test_update_input_item_value
2025-01-15T12:11:27.4477190Z   /Users/runner/micromamba/envs/tardis/lib/python3.12/site-packages/traitlets/traitlets.py:1385: DeprecationWarning:
2025-01-15T12:11:27.4478470Z   
2025-01-15T12:11:27.4479150Z   Passing unrecognized arguments to super(Checkbox).__init__(icon='lock').
2025-01-15T12:11:27.4479870Z   object.__init__() takes exactly one argument (the instance to initialize)
2025-01-15T12:11:27.4480350Z   This is deprecated in traitlets 4.2.This error will be raised in a future release of traitlets.
2025-01-15T12:11:27.4480660Z 
2025-01-15T12:11:27.4481030Z tardis/visualization/widgets/tests/test_custom_abundance.py::TestCustomAbundanceWidget::test_update_input_item_value
2025-01-15T12:11:27.4481790Z tardis/visualization/widgets/tests/test_custom_abundance.py::TestCustomAbundanceWidget::test_update_input_item_value
2025-01-15T12:11:27.4482470Z   /Users/runner/micromamba/envs/tardis/lib/python3.12/site-packages/traitlets/traitlets.py:1385: DeprecationWarning:
2025-01-15T12:11:27.4483000Z   
2025-01-15T12:11:27.4483270Z   Passing unrecognized arguments to super(FloatText).__init__(min=0).
2025-01-15T12:11:27.4483760Z   object.__init__() takes exactly one argument (the instance to initialize)
2025-01-15T12:11:27.4484210Z   This is deprecated in traitlets 4.2.This error will be raised in a future release of traitlets.
2025-01-15T12:11:27.4484500Z 
2025-01-15T12:11:27.4484840Z tardis/visualization/widgets/tests/test_custom_abundance.py::TestCustomAbundanceWidget::test_update_input_item_value
2025-01-15T12:11:27.4485510Z   /Users/runner/micromamba/envs/tardis/lib/python3.12/site-packages/traitlets/traitlets.py:1385: DeprecationWarning:
2025-01-15T12:11:27.4486000Z   
2025-01-15T12:11:27.4486250Z   Passing unrecognized arguments to super(HTML).__init__(indent=True).
2025-01-15T12:11:27.4486690Z   object.__init__() takes exactly one argument (the instance to initialize)
2025-01-15T12:11:27.4487170Z   This is deprecated in traitlets 4.2.This error will be raised in a future release of traitlets.
2025-01-15T12:11:27.4487910Z 
2025-01-15T12:11:27.4488320Z tardis/visualization/widgets/tests/test_line_info.py::TestLineInfoWidgetData::test_get_species_interactions[wavelength_range0-packet_out_nu]
2025-01-15T12:11:27.4489040Z   /Users/runner/micromamba/envs/tardis/lib/python3.12/site-packages/qgridnext/grid.py:830: DeprecationWarning:
2025-01-15T12:11:27.4489520Z   
2025-01-15T12:11:27.4489850Z   QgridWidget._show_toolbar_changed is deprecated in traitlets 4.1: use @observe and @unobserve instead.
2025-01-15T12:11:27.4490200Z 
2025-01-15T12:11:27.4490460Z tardis/visualization/widgets/tests/test_shell_info.py::TestHDFShellInfo::test_shells_data
2025-01-15T12:11:27.4491080Z   /Users/runner/work/tardis/tardis/tardis/io/util.py:289: PerformanceWarning:
2025-01-15T12:11:27.4491430Z   
2025-01-15T12:11:27.4491630Z   
2025-01-15T12:11:27.4492450Z   your performance may suffer as PyTables will pickle object types that it cannot
2025-01-15T12:11:27.4493070Z   map directly to c-types [inferred_type->mixed,key->block0_values] [items->Index([0], dtype='int64')]
2025-01-15T12:11:27.4493350Z 
2025-01-15T12:11:27.4493610Z tardis/visualization/widgets/tests/test_shell_info.py::TestHDFShellInfo::test_shells_data
2025-01-15T12:11:27.4494230Z   /Users/runner/work/tardis/tardis/tardis/io/util.py:292: PerformanceWarning:
2025-01-15T12:11:27.4494580Z   
2025-01-15T12:11:27.4494780Z   
2025-01-15T12:11:27.4495050Z   your performance may suffer as PyTables will pickle object types that it cannot
2025-01-15T12:11:27.4495530Z   map directly to c-types [inferred_type->mixed,key->values] [items->None]
2025-01-15T12:11:27.4495780Z 
2025-01-15T12:11:27.4496290Z tardis/visualization/widgets/tests/test_shell_info.py::TestHDFShellInfo::test_shells_data
2025-01-15T12:11:27.4496870Z   /Users/runner/work/tardis/tardis/tardis/spectrum/formal_integral.py:398: UserWarning:
2025-01-15T12:11:27.4497230Z   
2025-01-15T12:11:27.4497530Z   The number of interpolate_shells was not specified. The value was set to 80.
2025-01-15T12:11:27.4497830Z 
2025-01-15T12:11:27.4498010Z -- Docs: https://docs.pytest.org/en/stable/how-to/capture-warnings.html
2025-01-15T12:11:27.4498270Z 
2025-01-15T12:11:27.4498460Z ---------- coverage: platform darwin, python 3.12.4-final-0 ----------
2025-01-15T12:11:27.4498830Z Coverage HTML written to dir coverage_html_report
2025-01-15T12:11:27.4499110Z Coverage XML written to file coverage.xml
2025-01-15T12:11:27.4499660Z 
2025-01-15T12:11:27.4499900Z = 1438 passed, 329 skipped, 2 deselected, 19 xfailed, 8 xpassed, 91 warnings in 733.21s (0:12:13) =
2025-01-15T12:11:30.1300530Z ##[group]Run mv .coverage .coverage.0
2025-01-15T12:11:30.1305260Z [36;1mmv .coverage .coverage.0[0m
2025-01-15T12:11:30.2273290Z shell: /bin/bash -l {0}
2025-01-15T12:11:30.2273580Z env:
2025-01-15T12:11:30.2273750Z   CACHE_NUMBER: 0
2025-01-15T12:11:30.2274350Z   PYTEST_FLAGS: --tardis-regression-data=/Users/runner/work/tardis/tardis/tardis-regression-data --cov=tardis --cov-report=xml --cov-report=html --cov-append
2025-01-15T12:11:30.2274930Z   CODECOV_TOKEN: 
2025-01-15T12:11:30.2275150Z   MAMBA_ROOT_PREFIX: /Users/runner/micromamba
2025-01-15T12:11:30.2275450Z   MAMBA_EXE: /Users/runner/micromamba-bin/micromamba
2025-01-15T12:11:30.2275800Z   CONDARC: /Users/runner/work/_temp/setup-micromamba/.condarc
2025-01-15T12:11:30.2276080Z ##[endgroup]
2025-01-15T12:11:30.8894600Z ##[group]Run actions/upload-artifact@v4
2025-01-15T12:11:30.8894980Z with:
2025-01-15T12:11:30.8895410Z   name: coverage-not-continuum-macos-latest
2025-01-15T12:11:30.8895710Z   include-hidden-files: true
2025-01-15T12:11:30.8896050Z   path: .coverage*
!.coveragerc

2025-01-15T12:11:30.8896360Z   if-no-files-found: warn
2025-01-15T12:11:30.8896630Z   compression-level: 6
2025-01-15T12:11:30.8896950Z   overwrite: false
2025-01-15T12:11:30.8897160Z env:
2025-01-15T12:11:30.8897440Z   CACHE_NUMBER: 0
2025-01-15T12:11:30.8898020Z   PYTEST_FLAGS: --tardis-regression-data=/Users/runner/work/tardis/tardis/tardis-regression-data --cov=tardis --cov-report=xml --cov-report=html --cov-append
2025-01-15T12:11:30.8899280Z   CODECOV_TOKEN: 
2025-01-15T12:11:30.8899540Z   MAMBA_ROOT_PREFIX: /Users/runner/micromamba
2025-01-15T12:11:30.8899930Z   MAMBA_EXE: /Users/runner/micromamba-bin/micromamba
2025-01-15T12:11:30.8900310Z   CONDARC: /Users/runner/work/_temp/setup-micromamba/.condarc
2025-01-15T12:11:30.8900830Z ##[endgroup]
2025-01-15T12:11:31.4921310Z With the provided path, there will be 2 files uploaded
2025-01-15T12:11:31.4941530Z Artifact name is valid!
2025-01-15T12:11:31.4944510Z Root directory input is valid!
2025-01-15T12:11:31.6875010Z Beginning upload of artifact content to blob storage
2025-01-15T12:11:31.8823350Z Uploaded bytes 29325
2025-01-15T12:11:31.9302030Z Finished uploading artifact content to blob storage!
2025-01-15T12:11:31.9303270Z SHA256 hash of uploaded artifact zip is fb127ef2e88a3051a5d4081395593dc877ee881d2be1010a30ac214e29cf485f
2025-01-15T12:11:31.9304300Z Finalizing artifact upload
2025-01-15T12:11:32.0297910Z Artifact coverage-not-continuum-macos-latest.zip successfully finalized. Artifact ID 2434193936
2025-01-15T12:11:32.0300600Z Artifact coverage-not-continuum-macos-latest has been successfully uploaded! Final size is 29325 bytes. Artifact ID is 2434193936
2025-01-15T12:11:32.0318070Z Artifact download URL: https://github.com/tardis-sn/tardis/actions/runs/12787792906/artifacts/2434193936
2025-01-15T12:11:32.0499920Z Post job cleanup.
2025-01-15T12:11:32.0548810Z Post job cleanup.
2025-01-15T12:11:32.2952090Z Will use pre-installed micromamba at /Users/runner/micromamba-bin/micromamba
2025-01-15T12:11:32.2954250Z Removing micromamba run shell ...
2025-01-15T12:11:32.2956160Z ##[group]Deinitialize micromamba for bash
2025-01-15T12:11:32.2972530Z [command]/Users/runner/micromamba-bin/micromamba shell deinit -s bash -r /Users/runner/micromamba --log-level warning --rc-file /Users/runner/work/_temp/setup-micromamba/.condarc
2025-01-15T12:11:32.3198210Z Resetting RC file "/Users/runner/.bash_profile"
2025-01-15T12:11:32.3198670Z Deleting config for root prefix 
2025-01-15T12:11:32.3199300Z Clearing mamba executable environment variable
2025-01-15T12:11:32.3230270Z Removing the following in your "/Users/runner/.bash_profile" file
2025-01-15T12:11:32.3230610Z # >>> mamba initialize >>>
2025-01-15T12:11:32.3232180Z ...
2025-01-15T12:11:32.3232390Z # <<< mamba initialize <<<
2025-01-15T12:11:32.3288410Z Removing environment tardis from auto-activate bash ...
2025-01-15T12:11:32.3508010Z Post job cleanup.
2025-01-15T12:11:32.3576470Z Post job cleanup.
2025-01-15T12:11:32.5345150Z [command]/opt/homebrew/bin/git version
2025-01-15T12:11:32.5760090Z git version 2.47.1
2025-01-15T12:11:32.5786850Z Copying '/Users/runner/.gitconfig' to '/Users/runner/work/_temp/f6da2ca5-41c7-4a1d-a2e5-dacd8a793a91/.gitconfig'
2025-01-15T12:11:32.5812990Z Temporarily overriding HOME='/Users/runner/work/_temp/f6da2ca5-41c7-4a1d-a2e5-dacd8a793a91' before making global git config changes
2025-01-15T12:11:32.5820540Z Adding repository directory to the temporary git global config as a safe directory
2025-01-15T12:11:32.5824670Z [command]/opt/homebrew/bin/git config --global --add safe.directory /Users/runner/work/tardis/tardis/tardis-regression-data
2025-01-15T12:11:32.5961110Z [command]/opt/homebrew/bin/git config --local --name-only --get-regexp core\.sshCommand
2025-01-15T12:11:32.6019200Z [command]/opt/homebrew/bin/git submodule foreach --recursive sh -c "git config --local --name-only --get-regexp 'core\.sshCommand' && git config --local --unset-all 'core.sshCommand' || :"
2025-01-15T12:11:32.8167050Z [command]/opt/homebrew/bin/git config --local --name-only --get-regexp http\.https\:\/\/github\.com\/\.extraheader
2025-01-15T12:11:32.8232360Z http.https://github.com/.extraheader
2025-01-15T12:11:32.8238500Z [command]/opt/homebrew/bin/git config --local --unset-all http.https://github.com/.extraheader
2025-01-15T12:11:32.8319220Z [command]/opt/homebrew/bin/git submodule foreach --recursive sh -c "git config --local --name-only --get-regexp 'http\.https\:\/\/github\.com\/\.extraheader' && git config --local --unset-all 'http.https://github.com/.extraheader' || :"
2025-01-15T12:11:32.9381410Z Post job cleanup.
2025-01-15T12:11:33.0985000Z [command]/opt/homebrew/bin/git version
2025-01-15T12:11:33.1060190Z git version 2.47.1
2025-01-15T12:11:33.1086910Z Copying '/Users/runner/.gitconfig' to '/Users/runner/work/_temp/66667330-6a65-44d5-b323-407e656ec87b/.gitconfig'
2025-01-15T12:11:33.1095990Z Temporarily overriding HOME='/Users/runner/work/_temp/66667330-6a65-44d5-b323-407e656ec87b' before making global git config changes
2025-01-15T12:11:33.1097850Z Adding repository directory to the temporary git global config as a safe directory
2025-01-15T12:11:33.1099620Z [command]/opt/homebrew/bin/git config --global --add safe.directory /Users/runner/work/tardis/tardis
2025-01-15T12:11:33.1192210Z [command]/opt/homebrew/bin/git config --local --name-only --get-regexp core\.sshCommand
2025-01-15T12:11:33.1266700Z [command]/opt/homebrew/bin/git submodule foreach --recursive sh -c "git config --local --name-only --get-regexp 'core\.sshCommand' && git config --local --unset-all 'core.sshCommand' || :"
2025-01-15T12:11:33.3363710Z [command]/opt/homebrew/bin/git config --local --name-only --get-regexp http\.https\:\/\/github\.com\/\.extraheader
2025-01-15T12:11:33.3408680Z http.https://github.com/.extraheader
2025-01-15T12:11:33.3417510Z [command]/opt/homebrew/bin/git config --local --unset-all http.https://github.com/.extraheader
2025-01-15T12:11:33.3493920Z [command]/opt/homebrew/bin/git submodule foreach --recursive sh -c "git config --local --name-only --get-regexp 'http\.https\:\/\/github\.com\/\.extraheader' && git config --local --unset-all 'http.https://github.com/.extraheader' || :"
2025-01-15T12:11:33.4877910Z Cleaning up orphan processes
