2025-03-03T11:13:44.3459718Z Requested labels: macos-latest
2025-03-03T11:13:44.3459964Z Job defined at: tardis-sn/tardis/.github/workflows/tests.yml@refs/pull/2872/merge
2025-03-03T11:13:44.3460068Z Waiting for a runner to pick up this job...
2025-03-03T11:13:44.5228373Z Job is waiting for a hosted runner to come online.
2025-03-03T11:13:48.0177246Z Job is about to start running on the hosted runner: GitHub Actions 30 (hosted)
2025-03-03T11:13:49.6396530Z Current runner version: '2.322.0'
2025-03-03T11:13:49.6438200Z ##[group]Operating System
2025-03-03T11:13:49.6438790Z macOS
2025-03-03T11:13:49.6439110Z 14.7.2
2025-03-03T11:13:49.6439410Z 23H311
2025-03-03T11:13:49.6439720Z ##[endgroup]
2025-03-03T11:13:49.6440040Z ##[group]Runner Image
2025-03-03T11:13:49.6440390Z Image: macos-14-arm64
2025-03-03T11:13:49.6440730Z Version: 20250120.774
2025-03-03T11:13:49.6441410Z Included Software: https://github.com/actions/runner-images/blob/macos-14-arm64/20250120.774/images/macos/macos-14-arm64-Readme.md
2025-03-03T11:13:49.6442370Z Image Release: https://github.com/actions/runner-images/releases/tag/macos-14-arm64%2F20250120.774
2025-03-03T11:13:49.6442970Z ##[endgroup]
2025-03-03T11:13:49.6443300Z ##[group]Runner Image Provisioner
2025-03-03T11:13:49.6443720Z 2.0.422.1+55c30c14fe2a0a1547db1b656933ae07d97649a9
2025-03-03T11:13:49.6444140Z ##[endgroup]
2025-03-03T11:13:49.6445550Z ##[group]GITHUB_TOKEN Permissions
2025-03-03T11:13:49.6447230Z Actions: read
2025-03-03T11:13:49.6447590Z Attestations: read
2025-03-03T11:13:49.6447910Z Checks: read
2025-03-03T11:13:49.6448220Z Contents: read
2025-03-03T11:13:49.6448540Z Deployments: read
2025-03-03T11:13:49.6448860Z Discussions: read
2025-03-03T11:13:49.6449180Z Issues: read
2025-03-03T11:13:49.6449490Z Metadata: read
2025-03-03T11:13:49.6449800Z Packages: read
2025-03-03T11:13:49.6450420Z Pages: read
2025-03-03T11:13:49.6450740Z PullRequests: read
2025-03-03T11:13:49.6451070Z RepositoryProjects: read
2025-03-03T11:13:49.6451430Z SecurityEvents: read
2025-03-03T11:13:49.6451770Z Statuses: read
2025-03-03T11:13:49.6452090Z ##[endgroup]
2025-03-03T11:13:49.6458660Z Secret source: None
2025-03-03T11:13:49.6459470Z Prepare workflow directory
2025-03-03T11:13:49.6993090Z Prepare all required actions
2025-03-03T11:13:49.7036520Z Getting action download info
2025-03-03T11:13:49.9068300Z Download action repository 'actions/checkout@v4' (SHA:11bd71901bbe5b1630ceea73d27597364c9af683)
2025-03-03T11:13:50.1834170Z Download action repository 'actions/upload-artifact@v4' (SHA:4cec3d8aa04e39d1a68397de0c4cd6fb9dce8ec1)
2025-03-03T11:13:51.5090490Z Complete job name:  continuum macos-latest 
2025-03-03T11:13:51.6870650Z ##[group]Run actions/checkout@v4
2025-03-03T11:13:51.6871730Z with:
2025-03-03T11:13:51.6872310Z   repository: tardis-sn/tardis
2025-03-03T11:13:51.6873500Z   token: ***
2025-03-03T11:13:51.6874180Z   ssh-strict: true
2025-03-03T11:13:51.6874790Z   ssh-user: git
2025-03-03T11:13:51.6875380Z   persist-credentials: true
2025-03-03T11:13:51.6876030Z   clean: true
2025-03-03T11:13:51.6876600Z   sparse-checkout-cone-mode: true
2025-03-03T11:13:51.6877550Z   fetch-depth: 1
2025-03-03T11:13:51.6878160Z   fetch-tags: false
2025-03-03T11:13:51.6878760Z   show-progress: true
2025-03-03T11:13:51.6879370Z   lfs: false
2025-03-03T11:13:51.6879930Z   submodules: false
2025-03-03T11:13:51.6880520Z   set-safe-directory: true
2025-03-03T11:13:51.6882810Z env:
2025-03-03T11:13:51.6883960Z   CACHE_NUMBER: 0
2025-03-03T11:13:51.6885630Z   PYTEST_FLAGS: --tardis-regression-data=/Users/runner/work/tardis/tardis/tardis-regression-data --cov=tardis --cov-report=xml --cov-report=html --cov-append
2025-03-03T11:13:51.6887470Z   CODECOV_TOKEN: 
2025-03-03T11:13:51.6888030Z ##[endgroup]
2025-03-03T11:13:52.1396390Z Syncing repository: tardis-sn/tardis
2025-03-03T11:13:52.1398860Z ##[group]Getting Git version info
2025-03-03T11:13:52.1399760Z Working directory is '/Users/runner/work/tardis/tardis'
2025-03-03T11:13:52.1401050Z [command]/opt/homebrew/bin/git version
2025-03-03T11:13:52.1979160Z git version 2.48.1
2025-03-03T11:13:52.2034790Z ##[endgroup]
2025-03-03T11:13:52.2047970Z Copying '/Users/runner/.gitconfig' to '/Users/runner/work/_temp/bff488b6-8927-49af-b76b-5d65a62d3651/.gitconfig'
2025-03-03T11:13:52.2060740Z Temporarily overriding HOME='/Users/runner/work/_temp/bff488b6-8927-49af-b76b-5d65a62d3651' before making global git config changes
2025-03-03T11:13:52.2062900Z Adding repository directory to the temporary git global config as a safe directory
2025-03-03T11:13:52.2065220Z [command]/opt/homebrew/bin/git config --global --add safe.directory /Users/runner/work/tardis/tardis
2025-03-03T11:13:52.2187740Z Deleting the contents of '/Users/runner/work/tardis/tardis'
2025-03-03T11:13:52.2198190Z ##[group]Initializing the repository
2025-03-03T11:13:52.2267680Z [command]/opt/homebrew/bin/git init /Users/runner/work/tardis/tardis
2025-03-03T11:13:52.2607430Z hint: Using 'master' as the name for the initial branch. This default branch name
2025-03-03T11:13:52.2611050Z hint: is subject to change. To configure the initial branch name to use in all
2025-03-03T11:13:52.2612500Z hint: of your new repositories, which will suppress this warning, call:
2025-03-03T11:13:52.2613610Z hint:
2025-03-03T11:13:52.2614440Z hint: 	git config --global init.defaultBranch <name>
2025-03-03T11:13:52.2615340Z hint:
2025-03-03T11:13:52.2616240Z hint: Names commonly chosen instead of 'master' are 'main', 'trunk' and
2025-03-03T11:13:52.2617580Z hint: 'development'. The just-created branch can be renamed via this command:
2025-03-03T11:13:52.2628630Z hint:
2025-03-03T11:13:52.2630830Z hint: 	git branch -m <name>
2025-03-03T11:13:52.2648620Z Initialized empty Git repository in /Users/runner/work/tardis/tardis/.git/
2025-03-03T11:13:52.2827430Z [command]/opt/homebrew/bin/git remote add origin https://github.com/tardis-sn/tardis
2025-03-03T11:13:52.3071920Z ##[endgroup]
2025-03-03T11:13:52.3073180Z ##[group]Disabling automatic garbage collection
2025-03-03T11:13:52.3076450Z [command]/opt/homebrew/bin/git config --local gc.auto 0
2025-03-03T11:13:52.3133700Z ##[endgroup]
2025-03-03T11:13:52.3134830Z ##[group]Setting up auth
2025-03-03T11:13:52.3139710Z [command]/opt/homebrew/bin/git config --local --name-only --get-regexp core\.sshCommand
2025-03-03T11:13:52.3212510Z [command]/opt/homebrew/bin/git submodule foreach --recursive sh -c "git config --local --name-only --get-regexp 'core\.sshCommand' && git config --local --unset-all 'core.sshCommand' || :"
2025-03-03T11:13:52.4081920Z [command]/opt/homebrew/bin/git config --local --name-only --get-regexp http\.https\:\/\/github\.com\/\.extraheader
2025-03-03T11:13:52.4142210Z [command]/opt/homebrew/bin/git submodule foreach --recursive sh -c "git config --local --name-only --get-regexp 'http\.https\:\/\/github\.com\/\.extraheader' && git config --local --unset-all 'http.https://github.com/.extraheader' || :"
2025-03-03T11:13:52.4844440Z [command]/opt/homebrew/bin/git config --local http.https://github.com/.extraheader AUTHORIZATION: basic ***
2025-03-03T11:13:52.4982670Z ##[endgroup]
2025-03-03T11:13:52.4985070Z ##[group]Fetching the repository
2025-03-03T11:13:52.4992370Z [command]/opt/homebrew/bin/git -c protocol.version=2 fetch --no-tags --prune --no-recurse-submodules --depth=1 origin +3b68a5ef913dc503748de5921c6369ee640aa43a:refs/remotes/pull/2872/merge
2025-03-03T11:13:55.0495750Z From https://github.com/tardis-sn/tardis
2025-03-03T11:13:55.0497430Z  * [new ref]         3b68a5ef913dc503748de5921c6369ee640aa43a -> pull/2872/merge
2025-03-03T11:13:55.0698160Z ##[endgroup]
2025-03-03T11:13:55.0699460Z ##[group]Determining the checkout info
2025-03-03T11:13:55.0762180Z ##[endgroup]
2025-03-03T11:13:55.0772820Z [command]/opt/homebrew/bin/git sparse-checkout disable
2025-03-03T11:13:55.1192320Z [command]/opt/homebrew/bin/git config --local --unset-all extensions.worktreeConfig
2025-03-03T11:13:55.1202820Z ##[group]Checking out the ref
2025-03-03T11:13:55.1203490Z [command]/opt/homebrew/bin/git checkout --progress --force refs/remotes/pull/2872/merge
2025-03-03T11:13:55.5267050Z HEAD is now at 3b68a5e Merge c7992bbb389a76e5b4fc21a53d39b671ed7e1929 into a51af908c6403099d3162da0bf4b0fbaca439cac
2025-03-03T11:13:55.5427350Z ##[endgroup]
2025-03-03T11:13:55.5532140Z [command]/opt/homebrew/bin/git log -1 --format=%H
2025-03-03T11:13:55.5606940Z 3b68a5ef913dc503748de5921c6369ee640aa43a
2025-03-03T11:13:55.6823380Z Prepare all required actions
2025-03-03T11:13:55.6826340Z Getting action download info
2025-03-03T11:13:55.8340900Z Download action repository 'actions/cache@v4' (SHA:d4323d4df104b026a6aa633fdb11d772146be0bf)
2025-03-03T11:13:57.1479650Z ##[group]Run ./.github/actions/setup_lfs
2025-03-03T11:13:57.1479900Z with:
2025-03-03T11:13:57.1480110Z   regression-data-repo: tardis-sn/tardis-regression-data
2025-03-03T11:13:57.1480380Z   atom-data-sparse: false
2025-03-03T11:13:57.1480540Z env:
2025-03-03T11:13:57.1480660Z   CACHE_NUMBER: 0
2025-03-03T11:13:57.1481150Z   PYTEST_FLAGS: --tardis-regression-data=/Users/runner/work/tardis/tardis/tardis-regression-data --cov=tardis --cov-report=xml --cov-report=html --cov-append
2025-03-03T11:13:57.1481670Z   CODECOV_TOKEN: 
2025-03-03T11:13:57.1481810Z ##[endgroup]
2025-03-03T11:13:57.1605100Z ##[group]Run actions/checkout@v4
2025-03-03T11:13:57.1605330Z with:
2025-03-03T11:13:57.1605500Z   repository: tardis-sn/tardis-regression-data
2025-03-03T11:13:57.1605770Z   path: tardis-regression-data
2025-03-03T11:13:57.1605960Z   lfs: false
2025-03-03T11:13:57.1606230Z   token: ***
2025-03-03T11:13:57.1606360Z   ssh-strict: true
2025-03-03T11:13:57.1606530Z   ssh-user: git
2025-03-03T11:13:57.1606680Z   persist-credentials: true
2025-03-03T11:13:57.1606840Z   clean: true
2025-03-03T11:13:57.1606990Z   sparse-checkout-cone-mode: true
2025-03-03T11:13:57.1607170Z   fetch-depth: 1
2025-03-03T11:13:57.1607310Z   fetch-tags: false
2025-03-03T11:13:57.1607450Z   show-progress: true
2025-03-03T11:13:57.1607600Z   submodules: false
2025-03-03T11:13:57.1607750Z   set-safe-directory: true
2025-03-03T11:13:57.1607900Z env:
2025-03-03T11:13:57.1608020Z   CACHE_NUMBER: 0
2025-03-03T11:13:57.1608490Z   PYTEST_FLAGS: --tardis-regression-data=/Users/runner/work/tardis/tardis/tardis-regression-data --cov=tardis --cov-report=xml --cov-report=html --cov-append
2025-03-03T11:13:57.1610150Z   CODECOV_TOKEN: 
2025-03-03T11:13:57.1610290Z ##[endgroup]
2025-03-03T11:13:57.3475420Z Syncing repository: tardis-sn/tardis-regression-data
2025-03-03T11:13:57.3476250Z ##[group]Getting Git version info
2025-03-03T11:13:57.3476630Z Working directory is '/Users/runner/work/tardis/tardis/tardis-regression-data'
2025-03-03T11:13:57.3478030Z [command]/opt/homebrew/bin/git version
2025-03-03T11:13:57.3478300Z git version 2.48.1
2025-03-03T11:13:57.3488510Z ##[endgroup]
2025-03-03T11:13:57.3508830Z Copying '/Users/runner/.gitconfig' to '/Users/runner/work/_temp/df3ade5f-57e8-474b-816f-d60a800022ce/.gitconfig'
2025-03-03T11:13:57.3519810Z Temporarily overriding HOME='/Users/runner/work/_temp/df3ade5f-57e8-474b-816f-d60a800022ce' before making global git config changes
2025-03-03T11:13:57.3520640Z Adding repository directory to the temporary git global config as a safe directory
2025-03-03T11:13:57.3541120Z [command]/opt/homebrew/bin/git config --global --add safe.directory /Users/runner/work/tardis/tardis/tardis-regression-data
2025-03-03T11:13:57.3610130Z ##[group]Initializing the repository
2025-03-03T11:13:57.3612570Z [command]/opt/homebrew/bin/git init /Users/runner/work/tardis/tardis/tardis-regression-data
2025-03-03T11:13:57.3782090Z hint: Using 'master' as the name for the initial branch. This default branch name
2025-03-03T11:13:57.3782670Z hint: is subject to change. To configure the initial branch name to use in all
2025-03-03T11:13:57.3783050Z hint: of your new repositories, which will suppress this warning, call:
2025-03-03T11:13:57.3783320Z hint:
2025-03-03T11:13:57.3783520Z hint: 	git config --global init.defaultBranch <name>
2025-03-03T11:13:57.3783750Z hint:
2025-03-03T11:13:57.3783980Z hint: Names commonly chosen instead of 'master' are 'main', 'trunk' and
2025-03-03T11:13:57.3784360Z hint: 'development'. The just-created branch can be renamed via this command:
2025-03-03T11:13:57.3784640Z hint:
2025-03-03T11:13:57.3800650Z hint: 	git branch -m <name>
2025-03-03T11:13:57.3802120Z Initialized empty Git repository in /Users/runner/work/tardis/tardis/tardis-regression-data/.git/
2025-03-03T11:13:57.3804040Z [command]/opt/homebrew/bin/git remote add origin https://github.com/tardis-sn/tardis-regression-data
2025-03-03T11:13:57.4077870Z ##[endgroup]
2025-03-03T11:13:57.4078890Z ##[group]Disabling automatic garbage collection
2025-03-03T11:13:57.4079380Z [command]/opt/homebrew/bin/git config --local gc.auto 0
2025-03-03T11:13:57.4194270Z ##[endgroup]
2025-03-03T11:13:57.4218730Z ##[group]Setting up auth
2025-03-03T11:13:57.4220840Z [command]/opt/homebrew/bin/git config --local --name-only --get-regexp core\.sshCommand
2025-03-03T11:13:57.4270860Z [command]/opt/homebrew/bin/git submodule foreach --recursive sh -c "git config --local --name-only --get-regexp 'core\.sshCommand' && git config --local --unset-all 'core.sshCommand' || :"
2025-03-03T11:13:57.5105630Z [command]/opt/homebrew/bin/git config --local --name-only --get-regexp http\.https\:\/\/github\.com\/\.extraheader
2025-03-03T11:13:57.5181700Z [command]/opt/homebrew/bin/git submodule foreach --recursive sh -c "git config --local --name-only --get-regexp 'http\.https\:\/\/github\.com\/\.extraheader' && git config --local --unset-all 'http.https://github.com/.extraheader' || :"
2025-03-03T11:13:57.6034580Z [command]/opt/homebrew/bin/git config --local http.https://github.com/.extraheader AUTHORIZATION: basic ***
2025-03-03T11:13:57.6086560Z ##[endgroup]
2025-03-03T11:13:57.6087210Z ##[group]Determining the default branch
2025-03-03T11:13:57.6088410Z Retrieving the default branch name
2025-03-03T11:13:58.0095950Z Default branch 'main'
2025-03-03T11:13:58.0100030Z ##[endgroup]
2025-03-03T11:13:58.0106080Z ##[group]Fetching the repository
2025-03-03T11:13:58.0106840Z [command]/opt/homebrew/bin/git -c protocol.version=2 fetch --no-tags --prune --no-recurse-submodules --depth=1 origin +refs/heads/main:refs/remotes/origin/main
2025-03-03T11:13:58.9551730Z From https://github.com/tardis-sn/tardis-regression-data
2025-03-03T11:13:58.9553300Z  * [new branch]      main       -> origin/main
2025-03-03T11:13:58.9616070Z ##[endgroup]
2025-03-03T11:13:58.9617140Z ##[group]Determining the checkout info
2025-03-03T11:13:58.9618210Z ##[endgroup]
2025-03-03T11:13:58.9621180Z [command]/opt/homebrew/bin/git sparse-checkout disable
2025-03-03T11:13:58.9715760Z [command]/opt/homebrew/bin/git config --local --unset-all extensions.worktreeConfig
2025-03-03T11:13:58.9772640Z ##[group]Checking out the ref
2025-03-03T11:13:58.9776100Z [command]/opt/homebrew/bin/git checkout --progress --force -B main refs/remotes/origin/main
2025-03-03T11:13:59.2098780Z Switched to a new branch 'main'
2025-03-03T11:13:59.2100800Z branch 'main' set up to track 'origin/main'.
2025-03-03T11:13:59.2778520Z ##[endgroup]
2025-03-03T11:13:59.2836580Z [command]/opt/homebrew/bin/git log -1 --format=%H
2025-03-03T11:13:59.2876930Z b2fdf418ac1a3631f8c3d2a5f392b6ebfa09ba0b
2025-03-03T11:13:59.2984650Z ##[group]Run if [ "false" == "true" ]; then
2025-03-03T11:13:59.2984980Z [36;1mif [ "false" == "true" ]; then[0m
2025-03-03T11:13:59.2985220Z [36;1m  echo "Using atom data sparse checkout"[0m
2025-03-03T11:13:59.2985560Z [36;1m  echo "atom_data/kurucz_cd23_chianti_H_He.h5" > .lfs-files-list[0m
2025-03-03T11:13:59.2985810Z [36;1melse[0m
2025-03-03T11:13:59.2985990Z [36;1m  echo "Using full repository checkout"[0m
2025-03-03T11:13:59.2986300Z [36;1m  git lfs ls-files -l | cut -d' ' -f1 | sort > .lfs-files-list[0m
2025-03-03T11:13:59.2986540Z [36;1mfi[0m
2025-03-03T11:13:59.3048100Z shell: /bin/bash --noprofile --norc -e -o pipefail {0}
2025-03-03T11:13:59.3048390Z env:
2025-03-03T11:13:59.3048560Z   CACHE_NUMBER: 0
2025-03-03T11:13:59.3049040Z   PYTEST_FLAGS: --tardis-regression-data=/Users/runner/work/tardis/tardis/tardis-regression-data --cov=tardis --cov-report=xml --cov-report=html --cov-append
2025-03-03T11:13:59.3049540Z   CODECOV_TOKEN: 
2025-03-03T11:13:59.3049720Z ##[endgroup]
2025-03-03T11:13:59.3267820Z Using full repository checkout
2025-03-03T11:13:59.5603150Z ##[group]Run actions/cache/restore@v4
2025-03-03T11:13:59.5603410Z with:
2025-03-03T11:13:59.5604120Z   path: tardis-regression-data/.git/lfs
2025-03-03T11:13:59.5604670Z   key: tardis-regression-full-data-6e3f921411cf0a4e16018f0781785ab8728ab151c8f95ea20b0c8e8609b9a332-tardis-sn/tardis-regression-data-v1
2025-03-03T11:13:59.5607530Z   fail-on-cache-miss: true
2025-03-03T11:13:59.5607760Z   enableCrossOsArchive: false
2025-03-03T11:13:59.5607960Z   lookup-only: false
2025-03-03T11:13:59.5608190Z env:
2025-03-03T11:13:59.5608380Z   CACHE_NUMBER: 0
2025-03-03T11:13:59.5608940Z   PYTEST_FLAGS: --tardis-regression-data=/Users/runner/work/tardis/tardis/tardis-regression-data --cov=tardis --cov-report=xml --cov-report=html --cov-append
2025-03-03T11:13:59.5609450Z   CODECOV_TOKEN: 
2025-03-03T11:13:59.5609590Z ##[endgroup]
2025-03-03T11:13:59.8668580Z Cache hit for: tardis-regression-full-data-6e3f921411cf0a4e16018f0781785ab8728ab151c8f95ea20b0c8e8609b9a332-tardis-sn/tardis-regression-data-v1
2025-03-03T11:14:01.0706280Z Received 25165824 of 2160718086 (1.2%), 24.0 MBs/sec
2025-03-03T11:14:02.0746880Z Received 100663296 of 2160718086 (4.7%), 47.9 MBs/sec
2025-03-03T11:14:03.0752790Z Received 134217728 of 2160718086 (6.2%), 42.5 MBs/sec
2025-03-03T11:14:04.0800880Z Received 205520896 of 2160718086 (9.5%), 48.9 MBs/sec
2025-03-03T11:14:05.1518470Z Received 268435456 of 2160718086 (12.4%), 50.4 MBs/sec
2025-03-03T11:14:06.1443310Z Received 318767104 of 2160718086 (14.8%), 50.0 MBs/sec
2025-03-03T11:14:07.1453570Z Received 390070272 of 2160718086 (18.1%), 52.5 MBs/sec
2025-03-03T11:14:08.1456300Z Received 419430400 of 2160718086 (19.4%), 49.5 MBs/sec
2025-03-03T11:14:09.1456250Z Received 482344960 of 2160718086 (22.3%), 50.6 MBs/sec
2025-03-03T11:14:10.1467900Z Received 532676608 of 2160718086 (24.7%), 50.4 MBs/sec
2025-03-03T11:14:11.1692980Z Received 583008256 of 2160718086 (27.0%), 50.1 MBs/sec
2025-03-03T11:14:12.1585340Z Received 645922816 of 2160718086 (29.9%), 50.9 MBs/sec
2025-03-03T11:14:13.1597780Z Received 666894336 of 2160718086 (30.9%), 48.6 MBs/sec
2025-03-03T11:14:14.1634680Z Received 717225984 of 2160718086 (33.2%), 48.5 MBs/sec
2025-03-03T11:14:15.1634240Z Received 780140544 of 2160718086 (36.1%), 49.3 MBs/sec
2025-03-03T11:14:16.1643500Z Received 809500672 of 2160718086 (37.5%), 47.9 MBs/sec
2025-03-03T11:14:17.1752350Z Received 872415232 of 2160718086 (40.4%), 48.7 MBs/sec
2025-03-03T11:14:18.1644790Z Received 931135488 of 2160718086 (43.1%), 49.1 MBs/sec
2025-03-03T11:14:19.1685780Z Received 964689920 of 2160718086 (44.6%), 48.2 MBs/sec
2025-03-03T11:14:20.1832340Z Received 1031798784 of 2160718086 (47.8%), 48.9 MBs/sec
2025-03-03T11:14:21.1766790Z Received 1069547520 of 2160718086 (49.5%), 48.3 MBs/sec
2025-03-03T11:14:22.1788530Z Received 1103101952 of 2160718086 (51.1%), 47.6 MBs/sec
2025-03-03T11:14:23.1856960Z Received 1161822208 of 2160718086 (53.8%), 47.9 MBs/sec
2025-03-03T11:14:24.1849680Z Received 1207959552 of 2160718086 (55.9%), 47.8 MBs/sec
2025-03-03T11:14:25.1888720Z Received 1258291200 of 2160718086 (58.2%), 47.8 MBs/sec
2025-03-03T11:14:26.1900360Z Received 1325400064 of 2160718086 (61.3%), 48.4 MBs/sec
2025-03-03T11:14:27.1960600Z Received 1363148800 of 2160718086 (63.1%), 47.9 MBs/sec
2025-03-03T11:14:28.2082530Z Received 1421869056 of 2160718086 (65.8%), 48.2 MBs/sec
2025-03-03T11:14:29.2162240Z Received 1476395008 of 2160718086 (68.3%), 48.3 MBs/sec
2025-03-03T11:14:30.2164650Z Received 1514143744 of 2160718086 (70.1%), 47.9 MBs/sec
2025-03-03T11:14:31.2159520Z Received 1581252608 of 2160718086 (73.2%), 48.4 MBs/sec
2025-03-03T11:14:32.2176180Z Received 1606418432 of 2160718086 (74.3%), 47.6 MBs/sec
2025-03-03T11:14:33.2186840Z Received 1681915904 of 2160718086 (77.8%), 48.4 MBs/sec
2025-03-03T11:14:34.2190560Z Received 1744830464 of 2160718086 (80.8%), 48.7 MBs/sec
2025-03-03T11:14:35.2257450Z Received 1841299456 of 2160718086 (85.2%), 49.9 MBs/sec
2025-03-03T11:14:36.2210680Z Received 1908408320 of 2160718086 (88.3%), 50.3 MBs/sec
2025-03-03T11:14:37.2235570Z Received 2009071616 of 2160718086 (93.0%), 51.6 MBs/sec
2025-03-03T11:14:38.2322000Z Received 2046820352 of 2160718086 (94.7%), 51.1 MBs/sec
2025-03-03T11:14:39.2369250Z Received 2118123520 of 2160718086 (98.0%), 51.6 MBs/sec
2025-03-03T11:14:40.2314580Z Received 2143289344 of 2160718086 (99.2%), 50.9 MBs/sec
2025-03-03T11:14:41.2363420Z Received 2156523782 of 2160718086 (99.8%), 50.0 MBs/sec
2025-03-03T11:14:41.6221070Z Received 2160718086 of 2160718086 (100.0%), 49.6 MBs/sec
2025-03-03T11:14:41.6226920Z Cache Size: ~2061 MB (2160718086 B)
2025-03-03T11:14:41.6420310Z [command]/opt/homebrew/bin/gtar -xf /Users/runner/work/_temp/93551a18-8830-4ad6-8ac4-993ca770a4c7/cache.tzst -P -C /Users/runner/work/tardis/tardis --delay-directory-restore --use-compress-program unzstd
2025-03-03T11:14:57.2397690Z Cache restored successfully
2025-03-03T11:14:57.7011380Z Cache restored from key: tardis-regression-full-data-6e3f921411cf0a4e16018f0781785ab8728ab151c8f95ea20b0c8e8609b9a332-tardis-sn/tardis-regression-data-v1
2025-03-03T11:14:57.7642520Z ##[group]Run git lfs checkout
2025-03-03T11:14:57.7642940Z [36;1mgit lfs checkout[0m
2025-03-03T11:14:57.7781030Z shell: /bin/bash --noprofile --norc -e -o pipefail {0}
2025-03-03T11:14:57.7781400Z env:
2025-03-03T11:14:57.7781810Z   CACHE_NUMBER: 0
2025-03-03T11:14:57.7782410Z   PYTEST_FLAGS: --tardis-regression-data=/Users/runner/work/tardis/tardis/tardis-regression-data --cov=tardis --cov-report=xml --cov-report=html --cov-append
2025-03-03T11:14:57.7783220Z   CODECOV_TOKEN: 
2025-03-03T11:14:57.7783480Z ##[endgroup]
2025-03-03T11:15:13.5917280Z Checking out LFS objects: 100% (204/204), 5.7 GB | 321 MB/s, done.
2025-03-03T11:15:29.1918150Z Prepare all required actions
2025-03-03T11:15:29.1918590Z Getting action download info
2025-03-03T11:15:29.4915170Z Download action repository 'mamba-org/setup-micromamba@v1' (SHA:4b9113af4fba0e9e1124b252dd6497a419e7396d)
2025-03-03T11:15:30.6852880Z ##[group]Run ./.github/actions/setup_env
2025-03-03T11:15:30.6853220Z with:
2025-03-03T11:15:30.6853510Z   os-label: osx-arm64
2025-03-03T11:15:30.6853810Z env:
2025-03-03T11:15:30.6854000Z   CACHE_NUMBER: 0
2025-03-03T11:15:30.6854680Z   PYTEST_FLAGS: --tardis-regression-data=/Users/runner/work/tardis/tardis/tardis-regression-data --cov=tardis --cov-report=xml --cov-report=html --cov-append
2025-03-03T11:15:30.6855250Z   CODECOV_TOKEN: 
2025-03-03T11:15:30.6855590Z ##[endgroup]
2025-03-03T11:15:30.6884400Z ##[group]Run file_hash=$(cat conda-osx-arm64.lock | shasum -a 256 | cut -d' ' -f1)
2025-03-03T11:15:30.6884890Z [36;1mfile_hash=$(cat conda-osx-arm64.lock | shasum -a 256 | cut -d' ' -f1)[0m
2025-03-03T11:15:30.6885500Z [36;1mecho "file_hash=tardis-conda-env-osx-arm64-${file_hash}-v1" >> "${GITHUB_OUTPUT}"[0m
2025-03-03T11:15:30.6933670Z shell: /bin/bash --noprofile --norc -e -o pipefail {0}
2025-03-03T11:15:30.6933980Z env:
2025-03-03T11:15:30.6934190Z   CACHE_NUMBER: 0
2025-03-03T11:15:30.6934710Z   PYTEST_FLAGS: --tardis-regression-data=/Users/runner/work/tardis/tardis/tardis-regression-data --cov=tardis --cov-report=xml --cov-report=html --cov-append
2025-03-03T11:15:30.6935220Z   CODECOV_TOKEN: 
2025-03-03T11:15:30.6935390Z ##[endgroup]
2025-03-03T11:15:30.8114980Z ##[group]Run mamba-org/setup-micromamba@v1
2025-03-03T11:15:30.8115240Z with:
2025-03-03T11:15:30.8115660Z   environment-file: conda-osx-arm64.lock
2025-03-03T11:15:30.8121130Z   cache-environment-key: tardis-conda-env-osx-arm64-afd5ea72b645f03c46aa39bfc49f6703d83737b8fa51e3e8fbf26e9531048e0d-v1
2025-03-03T11:15:30.8161040Z   cache-downloads-key: tardis-conda-env-osx-arm64-afd5ea72b645f03c46aa39bfc49f6703d83737b8fa51e3e8fbf26e9531048e0d-v1
2025-03-03T11:15:30.8161830Z   environment-name: tardis
2025-03-03T11:15:30.8162010Z   cache-environment: true
2025-03-03T11:15:30.8162210Z   cache-downloads: true
2025-03-03T11:15:30.8162370Z env:
2025-03-03T11:15:30.8162500Z   CACHE_NUMBER: 0
2025-03-03T11:15:30.8162970Z   PYTEST_FLAGS: --tardis-regression-data=/Users/runner/work/tardis/tardis/tardis-regression-data --cov=tardis --cov-report=xml --cov-report=html --cov-append
2025-03-03T11:15:30.8163470Z   CODECOV_TOKEN: 
2025-03-03T11:15:30.8163600Z ##[endgroup]
2025-03-03T11:15:31.1317470Z Will download micromamba to /Users/runner/micromamba-bin/micromamba
2025-03-03T11:15:31.1323030Z ##[group]Install micromamba
2025-03-03T11:15:31.6855290Z micromamba installed to /Users/runner/micromamba-bin/micromamba
2025-03-03T11:15:31.6862190Z ##[endgroup]
2025-03-03T11:15:31.6862490Z Adding conda-forge to condarc channels ...
2025-03-03T11:15:31.6868000Z ##[group]Initialize micromamba for bash.
2025-03-03T11:15:31.6877680Z [command]/Users/runner/micromamba-bin/micromamba shell init -s bash -r /Users/runner/micromamba --log-level warning --rc-file /Users/runner/work/_temp/setup-micromamba/.condarc
2025-03-03T11:15:31.7086240Z Modifying RC file "/Users/runner/.bash_profile"
2025-03-03T11:15:31.7089150Z Generating config for root prefix [1m"/Users/runner/micromamba"[0m
2025-03-03T11:15:31.7089760Z Setting mamba executable to: [1m"/Users/runner/micromamba-bin/micromamba"[0m
2025-03-03T11:15:31.7090180Z Adding (or replacing) the following in your "/Users/runner/.bash_profile" file
2025-03-03T11:15:31.7090550Z 
2025-03-03T11:15:31.7090640Z # >>> mamba initialize >>>
2025-03-03T11:15:31.7090880Z # !! Contents within this block are managed by 'mamba init' !!
2025-03-03T11:15:31.7091200Z export MAMBA_EXE='/Users/runner/micromamba-bin/micromamba';
2025-03-03T11:15:31.7091520Z export MAMBA_ROOT_PREFIX='/Users/runner/micromamba';
2025-03-03T11:15:31.7091990Z __mamba_setup="$("$MAMBA_EXE" shell hook --shell bash --root-prefix "$MAMBA_ROOT_PREFIX" 2> /dev/null)"
2025-03-03T11:15:31.7093010Z if [ $? -eq 0 ]; then
2025-03-03T11:15:31.7093220Z     eval "$__mamba_setup"
2025-03-03T11:15:31.7093390Z else
2025-03-03T11:15:31.7093600Z     alias micromamba="$MAMBA_EXE"  # Fallback on help from mamba activate
2025-03-03T11:15:31.7093890Z fi
2025-03-03T11:15:31.7094030Z unset __mamba_setup
2025-03-03T11:15:31.7094190Z # <<< mamba initialize <<<
2025-03-03T11:15:31.7094310Z 
2025-03-03T11:15:31.7096850Z ##[endgroup]
2025-03-03T11:15:31.7097430Z ##[group]Restoring downloads from `/Users/runner/micromamba/pkgs` ...
2025-03-03T11:15:33.1230330Z Received 16777216 of 339528123 (4.9%), 16.0 MBs/sec
2025-03-03T11:15:34.1250450Z Received 88080384 of 339528123 (25.9%), 41.9 MBs/sec
2025-03-03T11:15:35.1339790Z Received 167772160 of 339528123 (49.4%), 53.2 MBs/sec
2025-03-03T11:15:36.1274090Z Received 260046848 of 339528123 (76.6%), 61.9 MBs/sec
2025-03-03T11:15:37.1285710Z Received 322961408 of 339528123 (95.1%), 61.5 MBs/sec
2025-03-03T11:15:37.7175620Z Cache Size: ~324 MB (339528123 B)
2025-03-03T11:15:37.7232710Z [command]/opt/homebrew/bin/gtar -xf /Users/runner/work/_temp/7524c250-dcdd-4754-934c-e91159e4e021/cache.tzst -P -C /Users/runner/work/tardis/tardis --delay-directory-restore --use-compress-program unzstd
2025-03-03T11:15:38.1413340Z Received 339528123 of 339528123 (100.0%), 53.8 MBs/sec
2025-03-03T11:15:38.3839210Z Cache restored successfully
2025-03-03T11:15:38.3902230Z Restored cache with key `tardis-conda-env-osx-arm64-afd5ea72b645f03c46aa39bfc49f6703d83737b8fa51e3e8fbf26e9531048e0d-v1-osx-arm64`
2025-03-03T11:15:38.3916490Z ##[endgroup]
2025-03-03T11:15:38.3944730Z ##[group]Restoring environment `tardis` from `/Users/runner/micromamba/envs/tardis` ...
2025-03-03T11:15:39.7569980Z Received 50331648 of 425326189 (11.8%), 48.0 MBs/sec
2025-03-03T11:15:40.7582940Z Received 159383552 of 425326189 (37.5%), 75.9 MBs/sec
2025-03-03T11:15:41.7593880Z Received 243269632 of 425326189 (57.2%), 77.2 MBs/sec
2025-03-03T11:15:42.7683080Z Received 331350016 of 425326189 (77.9%), 78.9 MBs/sec
2025-03-03T11:15:43.7624960Z Received 400160365 of 425326189 (94.1%), 76.2 MBs/sec
2025-03-03T11:15:44.5910920Z Cache Size: ~406 MB (425326189 B)
2025-03-03T11:15:44.6027500Z [command]/opt/homebrew/bin/gtar -xf /Users/runner/work/_temp/2508ce01-e3a9-4fa5-ae77-d124821cae9f/cache.tzst -P -C /Users/runner/work/tardis/tardis --delay-directory-restore --use-compress-program unzstd
2025-03-03T11:15:44.7644360Z Received 425326189 of 425326189 (100.0%), 67.5 MBs/sec
2025-03-03T11:16:02.5295530Z Cache restored successfully
2025-03-03T11:16:02.5475820Z Restored cache with key `tardis-conda-env-osx-arm64-afd5ea72b645f03c46aa39bfc49f6703d83737b8fa51e3e8fbf26e9531048e0d-v1-osx-arm64-tardis-args-4f53cda-root-873f6fe-bin-[object Promise]-file-afd5ea72b645f03c46aa39bfc49f6703d83737b8fa51e3e8fbf26e9531048e0d`
2025-03-03T11:16:02.5484920Z ##[endgroup]
2025-03-03T11:16:02.5485290Z Adding environment tardis to auto-activate bash ...
2025-03-03T11:16:02.5486200Z Generating micromamba run shell.
2025-03-03T11:16:02.5497110Z ##[endgroup]
2025-03-03T11:16:02.5513050Z Set environment variables.
2025-03-03T11:16:02.5514700Z ##[group]micromamba info
2025-03-03T11:16:02.5516410Z [command]/Users/runner/micromamba-bin/micromamba info -r /Users/runner/micromamba -n tardis
2025-03-03T11:16:03.0557380Z 
2025-03-03T11:16:03.0559060Z        libmamba version : 1.5.10
2025-03-03T11:16:03.0560070Z      micromamba version : 1.5.10
2025-03-03T11:16:03.0560910Z            curl version : libcurl/8.10.1 (OpenSSL/3.3.2) SecureTransport zlib/1.3.1 zstd/1.5.6 libssh2/1.11.0 nghttp2/1.58.0
2025-03-03T11:16:03.0561550Z      libarchive version : libarchive 3.7.4 zlib/1.2.13 bz2lib/1.0.8 libzstd/1.5.6
2025-03-03T11:16:03.0561970Z        envs directories : /Users/runner/micromamba/envs
2025-03-03T11:16:03.0562400Z           package cache : /Users/runner/micromamba/pkgs
2025-03-03T11:16:03.0562700Z                           /Users/runner/.mamba/pkgs
2025-03-03T11:16:03.0563040Z             environment : tardis
2025-03-03T11:16:03.0563320Z            env location : /Users/runner/micromamba/envs/tardis
2025-03-03T11:16:03.0575610Z       user config files : /Users/runner/.mambarc
2025-03-03T11:16:03.0576270Z  populated config files : /Users/runner/work/_temp/setup-micromamba/.condarc
2025-03-03T11:16:03.0576740Z        virtual packages : __unix=0=0
2025-03-03T11:16:03.0577040Z                           __osx=14.7.2=0
2025-03-03T11:16:03.0577400Z                           __archspec=1=arm64
2025-03-03T11:16:03.0577960Z                channels : https://conda.anaconda.org/conda-forge/osx-arm64
2025-03-03T11:16:03.0578460Z                           https://conda.anaconda.org/conda-forge/noarch
2025-03-03T11:16:03.0578960Z        base environment : /Users/runner/micromamba
2025-03-03T11:16:03.0579280Z                platform : osx-arm64
2025-03-03T11:16:03.0581810Z ##[endgroup]
2025-03-03T11:16:03.0582880Z ##[group]micromamba list
2025-03-03T11:16:03.0583820Z [command]/Users/runner/micromamba-bin/micromamba list -r /Users/runner/micromamba -n tardis
2025-03-03T11:16:03.5501250Z List of packages in environment: "/Users/runner/micromamba/envs/tardis"
2025-03-03T11:16:03.5502250Z 
2025-03-03T11:16:03.5502940Z   Name                           Version              Build                    Channel    
2025-03-03T11:16:03.5505450Z ────────────────────────────────────────────────────────────────────────────────────────────
2025-03-03T11:16:03.5506190Z   accessible-pygments            0.0.5                pyhd8ed1ab_1             conda-forge
2025-03-03T11:16:03.5506680Z   alabaster                      0.7.16               pyhd8ed1ab_0             conda-forge
2025-03-03T11:16:03.5507080Z   anyio                          4.4.0                pyhd8ed1ab_0             conda-forge
2025-03-03T11:16:03.5507480Z   appnope                        0.1.4                pyhd8ed1ab_1             conda-forge
2025-03-03T11:16:03.5507910Z   argon2-cffi                    23.1.0               pyhd8ed1ab_1             conda-forge
2025-03-03T11:16:03.5508360Z   argon2-cffi-bindings           21.2.0               py312h024a12e_5          conda-forge
2025-03-03T11:16:03.5508780Z   arrow                          1.3.0                pyhd8ed1ab_1             conda-forge
2025-03-03T11:16:03.5509290Z   astropy                        6.1.1                py312hbebd99a_1          conda-forge
2025-03-03T11:16:03.5509790Z   astropy-iers-data              0.2024.6.17.0.31.35  pyhd8ed1ab_0             conda-forge
2025-03-03T11:16:03.5510250Z   astropy-sphinx-theme           1.1                  pyhd8ed1ab_1             conda-forge
2025-03-03T11:16:03.5510860Z   asttokens                      2.4.1                pyhd8ed1ab_0             conda-forge
2025-03-03T11:16:03.5511270Z   async-lru                      2.0.4                pyhd8ed1ab_1             conda-forge
2025-03-03T11:16:03.5512060Z   atk-1.0                        2.38.0               hd03087b_2               conda-forge
2025-03-03T11:16:03.5512500Z   attrs                          23.2.0               pyh71513ae_0             conda-forge
2025-03-03T11:16:03.5512880Z   babel                          2.14.0               pyhd8ed1ab_0             conda-forge
2025-03-03T11:16:03.5513290Z   beautifulsoup4                 4.12.3               pyha770c72_1             conda-forge
2025-03-03T11:16:03.5513700Z   bleach                         6.1.0                pyhd8ed1ab_0             conda-forge
2025-03-03T11:16:03.5514080Z   blosc                          1.21.6               h7dd00d9_1               conda-forge
2025-03-03T11:16:03.5514470Z   bokeh                          3.6.3                pyhd8ed1ab_0             conda-forge
2025-03-03T11:16:03.5514850Z   brotli                         1.1.0                hd74edd7_2               conda-forge
2025-03-03T11:16:03.5516750Z   brotli-bin                     1.1.0                hd74edd7_2               conda-forge
2025-03-03T11:16:03.5517230Z   brotli-python                  1.1.0                py312hde4cb15_2          conda-forge
2025-03-03T11:16:03.5517700Z   bzip2                          1.0.8                h99b78c6_7               conda-forge
2025-03-03T11:16:03.5518300Z   c-ares                         1.28.1               h93a5062_0               conda-forge
2025-03-03T11:16:03.5518700Z   c-blosc2                       2.15.2               h9cbb436_1               conda-forge
2025-03-03T11:16:03.5519210Z   ca-certificates                2025.1.31            hf0a4a13_0               conda-forge
2025-03-03T11:16:03.5519710Z   cached-property                1.5.2                hd8ed1ab_1               conda-forge
2025-03-03T11:16:03.5520190Z   cached_property                1.5.2                pyha770c72_1             conda-forge
2025-03-03T11:16:03.5520590Z   cairo                          1.18.0               hc6c324b_2               conda-forge
2025-03-03T11:16:03.5520990Z   certifi                        2025.1.31            pyhd8ed1ab_0             conda-forge
2025-03-03T11:16:03.5521420Z   cffi                           1.16.0               py312h8e38eb3_0          conda-forge
2025-03-03T11:16:03.5521840Z   charset-normalizer             3.3.2                pyhd8ed1ab_0             conda-forge
2025-03-03T11:16:03.5522250Z   click                          8.1.7                unix_pyh707e725_1        conda-forge
2025-03-03T11:16:03.5522700Z   codespell                      2.3.0                pyhd8ed1ab_1             conda-forge
2025-03-03T11:16:03.5523200Z   colorama                       0.4.6                pyhd8ed1ab_1             conda-forge
2025-03-03T11:16:03.5523660Z   comm                           0.2.2                pyhd8ed1ab_1             conda-forge
2025-03-03T11:16:03.5524100Z   commonmark                     0.9.1                py_0                     conda-forge
2025-03-03T11:16:03.5524580Z   contourpy                      1.2.1                py312h0fef576_0          conda-forge
2025-03-03T11:16:03.5525020Z   coverage                       7.5.3                py312h7e5086c_0          conda-forge
2025-03-03T11:16:03.5525500Z   cycler                         0.12.1               pyhd8ed1ab_1             conda-forge
2025-03-03T11:16:03.5526240Z   dataclasses                    0.8                  pyhc8e2a94_3             conda-forge
2025-03-03T11:16:03.5526740Z   debugpy                        1.8.1                py312h20a0b95_0          conda-forge
2025-03-03T11:16:03.5527250Z   decorator                      5.1.1                pyhd8ed1ab_1             conda-forge
2025-03-03T11:16:03.5527700Z   defusedxml                     0.7.1                pyhd8ed1ab_0             conda-forge
2025-03-03T11:16:03.5528190Z   docutils                       0.20.1               py312h81bd7bf_3          conda-forge
2025-03-03T11:16:03.5529400Z   dot2tex                        2.11.3               pyhd8ed1ab_1             conda-forge
2025-03-03T11:16:03.5530200Z   entrypoints                    0.4                  pyhd8ed1ab_1             conda-forge
2025-03-03T11:16:03.5530710Z   exceptiongroup                 1.2.0                pyhd8ed1ab_2             conda-forge
2025-03-03T11:16:03.5531300Z   executing                      2.0.1                pyhd8ed1ab_0             conda-forge
2025-03-03T11:16:03.5531920Z   expat                          2.6.2                hebf3989_0               conda-forge
2025-03-03T11:16:03.5532490Z   font-ttf-dejavu-sans-mono      2.37                 hab24e00_0               conda-forge
2025-03-03T11:16:03.5532970Z   font-ttf-inconsolata           3.000                h77eed37_0               conda-forge
2025-03-03T11:16:03.5533560Z   font-ttf-source-code-pro       2.038                h77eed37_0               conda-forge
2025-03-03T11:16:03.5534020Z   font-ttf-ubuntu                0.83                 h77eed37_3               conda-forge
2025-03-03T11:16:03.5534490Z   fontconfig                     2.14.2               h82840c6_0               conda-forge
2025-03-03T11:16:03.5536050Z   fonts-conda-ecosystem          1                    0                        conda-forge
2025-03-03T11:16:03.5536530Z   fonts-conda-forge              1                    0                        conda-forge
2025-03-03T11:16:03.5537170Z   fonttools                      4.53.0               py312h7e5086c_0          conda-forge
2025-03-03T11:16:03.5537600Z   fqdn                           1.5.1                pyhd8ed1ab_1             conda-forge
2025-03-03T11:16:03.5538000Z   freetype                       2.12.1               hadb7bae_2               conda-forge
2025-03-03T11:16:03.5538350Z   fribidi                        1.0.10               h27ca646_0               conda-forge
2025-03-03T11:16:03.5538700Z   future                         1.0.0                pyhd8ed1ab_2             conda-forge
2025-03-03T11:16:03.5539360Z   gdk-pixbuf                     2.42.12              h7ddc832_0               conda-forge
2025-03-03T11:16:03.5540140Z   gettext                        0.22.5               h8414b35_3               conda-forge
2025-03-03T11:16:03.5540550Z   gettext-tools                  0.22.5               h8414b35_3               conda-forge
2025-03-03T11:16:03.5540980Z   giflib                         5.2.2                h93a5062_0               conda-forge
2025-03-03T11:16:03.5541510Z   git-lfs                        3.5.1                h40ddcf5_1               conda-forge
2025-03-03T11:16:03.5541910Z   gmp                            6.3.0                h7bae524_2               conda-forge
2025-03-03T11:16:03.5542260Z   gmpy2                          2.1.5                py312h524cf62_3          conda-forge
2025-03-03T11:16:03.5542750Z   graphite2                      1.3.13               hebf3989_1003            conda-forge
2025-03-03T11:16:03.5543110Z   graphviz                       11.0.0               h9bb9bc9_0               conda-forge
2025-03-03T11:16:03.5543510Z   greenlet                       3.1.1                py312hd8f9ff3_1          conda-forge
2025-03-03T11:16:03.5544100Z   gtk2                           2.24.33              h7895bb2_4               conda-forge
2025-03-03T11:16:03.5544510Z   gts                            0.7.6                he42f4ea_4               conda-forge
2025-03-03T11:16:03.5544900Z   h11                            0.14.0               pyhd8ed1ab_1             conda-forge
2025-03-03T11:16:03.5545230Z   h2                             4.1.0                pyhd8ed1ab_1             conda-forge
2025-03-03T11:16:03.5545560Z   h5py                           3.11.0               nompi_py312h3cd0824_103  conda-forge
2025-03-03T11:16:03.5546130Z   harfbuzz                       8.5.0                h1836168_0               conda-forge
2025-03-03T11:16:03.5546560Z   hdf5                           1.14.3               nompi_hec07895_105       conda-forge
2025-03-03T11:16:03.5546970Z   hpack                          4.0.0                pyhd8ed1ab_1             conda-forge
2025-03-03T11:16:03.5547820Z   httpcore                       1.0.5                pyhd8ed1ab_0             conda-forge
2025-03-03T11:16:03.5548210Z   httpx                          0.27.0               pyhd8ed1ab_0             conda-forge
2025-03-03T11:16:03.5548680Z   hyperframe                     6.0.1                pyhd8ed1ab_1             conda-forge
2025-03-03T11:16:03.5549180Z   icu                            73.2                 hc8870d7_0               conda-forge
2025-03-03T11:16:03.5549550Z   idna                           3.7                  pyhd8ed1ab_0             conda-forge
2025-03-03T11:16:03.5549970Z   imagesize                      1.4.1                pyhd8ed1ab_0             conda-forge
2025-03-03T11:16:03.5550380Z   importlib-metadata             7.1.0                pyha770c72_0             conda-forge
2025-03-03T11:16:03.5550880Z   importlib_metadata             7.1.0                hd8ed1ab_0               conda-forge
2025-03-03T11:16:03.5551340Z   importlib_resources            6.4.0                pyhd8ed1ab_0             conda-forge
2025-03-03T11:16:03.5551710Z   iniconfig                      2.0.0                pyhd8ed1ab_1             conda-forge
2025-03-03T11:16:03.5552070Z   ipykernel                      6.29.4               pyh57ce528_0             conda-forge
2025-03-03T11:16:03.5552870Z   ipython                        8.25.0               pyh707e725_0             conda-forge
2025-03-03T11:16:03.5553300Z   ipython_genutils               0.2.0                pyhd8ed1ab_2             conda-forge
2025-03-03T11:16:03.5553670Z   ipywidgets                     7.8.0                pyhd8ed1ab_0             conda-forge
2025-03-03T11:16:03.5554090Z   isoduration                    20.11.0              pyhd8ed1ab_1             conda-forge
2025-03-03T11:16:03.5554500Z   jedi                           0.19.1               pyhd8ed1ab_0             conda-forge
2025-03-03T11:16:03.5554920Z   jinja2                         3.1.4                pyhd8ed1ab_1             conda-forge
2025-03-03T11:16:03.5555310Z   json5                          0.9.25               pyhd8ed1ab_0             conda-forge
2025-03-03T11:16:03.5555770Z   jsonpointer                    3.0.0                py312h81bd7bf_1          conda-forge
2025-03-03T11:16:03.5556260Z   jsonschema                     4.22.0               pyhd8ed1ab_0             conda-forge
2025-03-03T11:16:03.5556730Z   jsonschema-specifications      2023.12.1            pyhd8ed1ab_0             conda-forge
2025-03-03T11:16:03.5557290Z   jsonschema-with-format-nongpl  4.22.0               pyhd8ed1ab_0             conda-forge
2025-03-03T11:16:03.5557750Z   jupyter-cache                  1.0.1                pyhff2d567_0             conda-forge
2025-03-03T11:16:03.5558210Z   jupyter-lsp                    2.2.5                pyhd8ed1ab_1             conda-forge
2025-03-03T11:16:03.5558630Z   jupyter_bokeh                  3.0.5                pyhd8ed1ab_0             conda-forge
2025-03-03T11:16:03.5559090Z   jupyter_client                 7.4.9                pyhd8ed1ab_0             conda-forge
2025-03-03T11:16:03.5559500Z   jupyter_core                   5.7.2                pyh31011fe_1             conda-forge
2025-03-03T11:16:03.5560830Z   jupyter_events                 0.10.0               pyhd8ed1ab_1             conda-forge
2025-03-03T11:16:03.5561240Z   jupyter_server                 2.14.1               pyhd8ed1ab_1             conda-forge
2025-03-03T11:16:03.5561680Z   jupyter_server_terminals       0.5.3                pyhd8ed1ab_1             conda-forge
2025-03-03T11:16:03.5562080Z   jupyterlab                     3.5.3                pyhd8ed1ab_0             conda-forge
2025-03-03T11:16:03.5562450Z   jupyterlab_pygments            0.3.0                pyhd8ed1ab_0             conda-forge
2025-03-03T11:16:03.5562870Z   jupyterlab_server              2.27.2               pyhd8ed1ab_0             conda-forge
2025-03-03T11:16:03.5563250Z   jupyterlab_widgets             1.1.7                pyhd8ed1ab_0             conda-forge
2025-03-03T11:16:03.5563580Z   kiwisolver                     1.4.5                py312h6142ec9_2          conda-forge
2025-03-03T11:16:03.5564200Z   krb5                           1.21.2               h92f50d5_0               conda-forge
2025-03-03T11:16:03.5564500Z   latexcodec                     2.0.1                pyh9f0ad1d_0             conda-forge
2025-03-03T11:16:03.5564800Z   lcms2                          2.16                 ha0e7c42_0               conda-forge
2025-03-03T11:16:03.5565180Z   lerc                           4.0.0                h9a09cb3_0               conda-forge
2025-03-03T11:16:03.5565470Z   libaec                         1.1.3                hebf3989_0               conda-forge
2025-03-03T11:16:03.5565810Z   libasprintf                    0.22.5               h8414b35_3               conda-forge
2025-03-03T11:16:03.5566140Z   libasprintf-devel              0.22.5               h8414b35_3               conda-forge
2025-03-03T11:16:03.5566460Z   libblas                        3.9.0                24_osxarm64_openblas     conda-forge
2025-03-03T11:16:03.5566780Z   libbrotlicommon                1.1.0                hd74edd7_2               conda-forge
2025-03-03T11:16:03.5567110Z   libbrotlidec                   1.1.0                hd74edd7_2               conda-forge
2025-03-03T11:16:03.5567600Z   libbrotlienc                   1.1.0                hd74edd7_2               conda-forge
2025-03-03T11:16:03.5567920Z   libcblas                       3.9.0                24_osxarm64_openblas     conda-forge
2025-03-03T11:16:03.5568220Z   libcurl                        8.8.0                h7b6f9a7_0               conda-forge
2025-03-03T11:16:03.5568600Z   libcxx                         19.1.6               ha82da77_1               conda-forge
2025-03-03T11:16:03.5569030Z   libdeflate                     1.20                 h93a5062_0               conda-forge
2025-03-03T11:16:03.5569360Z   libedit                        3.1.20191231         hc8eb9b7_2               conda-forge
2025-03-03T11:16:03.5569650Z   libev                          4.33                 h93a5062_2               conda-forge
2025-03-03T11:16:03.5569960Z   libexpat                       2.6.2                hebf3989_0               conda-forge
2025-03-03T11:16:03.5570250Z   libffi                         3.4.2                h3422bc3_5               conda-forge
2025-03-03T11:16:03.5570530Z   libgd                          2.3.3                hfdf3952_9               conda-forge
2025-03-03T11:16:03.5570830Z   libgettextpo                   0.22.5               h8414b35_3               conda-forge
2025-03-03T11:16:03.5571170Z   libgettextpo-devel             0.22.5               h8414b35_3               conda-forge
2025-03-03T11:16:03.5571500Z   libgfortran                    5.0.0                13_2_0_hd922786_3        conda-forge
2025-03-03T11:16:03.5571810Z   libgfortran5                   13.2.0               hf226fd6_3               conda-forge
2025-03-03T11:16:03.5572110Z   libglib                        2.80.2               h59d46d9_1               conda-forge
2025-03-03T11:16:03.5572410Z   libiconv                       1.17                 h0d3ecfb_2               conda-forge
2025-03-03T11:16:03.5572710Z   libintl                        0.22.5               h8414b35_3               conda-forge
2025-03-03T11:16:03.5573010Z   libintl-devel                  0.22.5               h8414b35_3               conda-forge
2025-03-03T11:16:03.5573330Z   libjpeg-turbo                  3.0.0                hb547adb_1               conda-forge
2025-03-03T11:16:03.5573650Z   liblapack                      3.9.0                24_osxarm64_openblas     conda-forge
2025-03-03T11:16:03.5573950Z   libllvm14                      14.0.6               hd1a9a77_4               conda-forge
2025-03-03T11:16:03.5574260Z   libnghttp2                     1.58.0               ha4dd798_1               conda-forge
2025-03-03T11:16:03.5574600Z   libopenblas                    0.3.27               openmp_h517c56d_1        conda-forge
2025-03-03T11:16:03.5574960Z   libpng                         1.6.43               h091b4b1_0               conda-forge
2025-03-03T11:16:03.5575580Z   librsvg                        2.58.1               hbc281fb_0               conda-forge
2025-03-03T11:16:03.5575900Z   libsodium                      1.0.18               h27ca646_1               conda-forge
2025-03-03T11:16:03.5576250Z   libsqlite                      3.46.0               hfb93653_0               conda-forge
2025-03-03T11:16:03.5576580Z   libssh2                        1.11.0               h7a5bd25_0               conda-forge
2025-03-03T11:16:03.5576890Z   libtiff                        4.6.0                h07db509_3               conda-forge
2025-03-03T11:16:03.5577200Z   libwebp                        1.4.0                h54798ee_0               conda-forge
2025-03-03T11:16:03.5577520Z   libwebp-base                   1.4.0                h93a5062_0               conda-forge
2025-03-03T11:16:03.5577840Z   libxcb                         1.16                 hc9fafa5_1               conda-forge
2025-03-03T11:16:03.5578140Z   libxml2                        2.12.7               h9a80f22_3               conda-forge
2025-03-03T11:16:03.5579310Z   libxslt                        1.1.39               h223e5b9_0               conda-forge
2025-03-03T11:16:03.5579810Z   libzlib                        1.3.1                h8359307_2               conda-forge
2025-03-03T11:16:03.5580130Z   linkify-it-py                  2.0.3                pyhd8ed1ab_1             conda-forge
2025-03-03T11:16:03.5580450Z   llvm-openmp                    18.1.7               hde57baf_0               conda-forge
2025-03-03T11:16:03.5580770Z   llvmlite                       0.43.0               py312ha9ca408_1          conda-forge
2025-03-03T11:16:03.5581060Z   lxml                           5.2.2                py312h0e5ab22_0          conda-forge
2025-03-03T11:16:03.5581350Z   lz4-c                          1.10.0               h286801f_1               conda-forge
2025-03-03T11:16:03.5581630Z   markdown                       3.6                  pyhd8ed1ab_0             conda-forge
2025-03-03T11:16:03.5581950Z   markdown-it-py                 3.0.0                pyhd8ed1ab_1             conda-forge
2025-03-03T11:16:03.5582270Z   markupsafe                     2.1.5                py312h024a12e_1          conda-forge
2025-03-03T11:16:03.5582600Z   matplotlib-base                3.8.4                py312h4479663_2          conda-forge
2025-03-03T11:16:03.5582940Z   matplotlib-inline              0.1.7                pyhd8ed1ab_1             conda-forge
2025-03-03T11:16:03.5583270Z   mdit-py-plugins                0.4.2                pyhd8ed1ab_1             conda-forge
2025-03-03T11:16:03.5583590Z   mdurl                          0.1.2                pyhd8ed1ab_1             conda-forge
2025-03-03T11:16:03.5583880Z   mistune                        3.0.2                pyhd8ed1ab_1             conda-forge
2025-03-03T11:16:03.5584160Z   mpc                            1.3.1                h8f1351a_1               conda-forge
2025-03-03T11:16:03.5584440Z   mpfr                           4.2.1                hb693164_3               conda-forge
2025-03-03T11:16:03.5584720Z   mpmath                         1.3.0                pyhd8ed1ab_1             conda-forge
2025-03-03T11:16:03.5585010Z   munkres                        1.1.4                pyh9f0ad1d_0             conda-forge
2025-03-03T11:16:03.5585320Z   mypy_extensions                1.0.0                pyha770c72_1             conda-forge
2025-03-03T11:16:03.5585640Z   myst-nb                        1.2.0                pyh29332c3_0             conda-forge
2025-03-03T11:16:03.5585940Z   myst-parser                    4.0.1                pyhd8ed1ab_0             conda-forge
2025-03-03T11:16:03.5586250Z   nbclassic                      1.1.0                pyhd8ed1ab_1             conda-forge
2025-03-03T11:16:03.5586560Z   nbclient                       0.10.0               pyhd8ed1ab_0             conda-forge
2025-03-03T11:16:03.5586860Z   nbconvert                      7.16.4               hd8ed1ab_3               conda-forge
2025-03-03T11:16:03.5587640Z   nbconvert-core                 7.16.4               pyhd8ed1ab_3             conda-forge
2025-03-03T11:16:03.5588070Z   nbconvert-pandoc               7.16.4               hd8ed1ab_3               conda-forge
2025-03-03T11:16:03.5588500Z   nbformat                       5.10.4               pyhd8ed1ab_1             conda-forge
2025-03-03T11:16:03.5588880Z   nbsite                         0.8.7                py_0                     pyviz      
2025-03-03T11:16:03.5589310Z   nbsphinx                       0.9.4                pyhd8ed1ab_0             conda-forge
2025-03-03T11:16:03.5589670Z   ncurses                        6.5                  h5e97a16_3               conda-forge
2025-03-03T11:16:03.5590090Z   nest-asyncio                   1.6.0                pyhd8ed1ab_1             conda-forge
2025-03-03T11:16:03.5590590Z   networkx                       3.3                  pyhd8ed1ab_1             conda-forge
2025-03-03T11:16:03.5590950Z   notebook                       6.5.7                pyha770c72_0             conda-forge
2025-03-03T11:16:03.5591360Z   notebook-shim                  0.2.4                pyhd8ed1ab_1             conda-forge
2025-03-03T11:16:03.5591870Z   numba                          0.60.0               py312h41cea2d_0          conda-forge
2025-03-03T11:16:03.5592350Z   numexpr                        2.10.0               py312h8ae5369_0          conda-forge
2025-03-03T11:16:03.5592760Z   numpy                          2.0.2                py312h94ee1e1_1          conda-forge
2025-03-03T11:16:03.5593120Z   numpydoc                       1.7.0                pyhd8ed1ab_3             conda-forge
2025-03-03T11:16:03.5593520Z   openjpeg                       2.5.2                h9f1df11_0               conda-forge
2025-03-03T11:16:03.5593870Z   openssl                        3.4.1                h81ee809_0               conda-forge
2025-03-03T11:16:03.5594260Z   overrides                      7.7.0                pyhd8ed1ab_1             conda-forge
2025-03-03T11:16:03.5594630Z   packaging                      24.1                 pyhd8ed1ab_0             conda-forge
2025-03-03T11:16:03.5595080Z   pandas                         2.2.2                py312h8ae5369_1          conda-forge
2025-03-03T11:16:03.5595440Z   pandoc                         3.2.1                hce30654_0               conda-forge
2025-03-03T11:16:03.5595850Z   pandocfilters                  1.5.0                pyhd8ed1ab_0             conda-forge
2025-03-03T11:16:03.5596220Z   panel                          1.6.1                pyhd8ed1ab_0             conda-forge
2025-03-03T11:16:03.5596690Z   pango                          1.54.0               h5cb9fbc_0               conda-forge
2025-03-03T11:16:03.5597160Z   param                          2.2.0                pyhd8ed1ab_0             conda-forge
2025-03-03T11:16:03.5597530Z   parso                          0.8.4                pyhd8ed1ab_1             conda-forge
2025-03-03T11:16:03.5597940Z   pathspec                       0.12.1               pyhd8ed1ab_1             conda-forge
2025-03-03T11:16:03.5598290Z   pbr                            6.0.0                pyhd8ed1ab_0             conda-forge
2025-03-03T11:16:03.5598690Z   pcre2                          10.44                h297a79d_2               conda-forge
2025-03-03T11:16:03.5599040Z   pexpect                        4.9.0                pyhd8ed1ab_1             conda-forge
2025-03-03T11:16:03.5599490Z   pickleshare                    0.7.5                pyhd8ed1ab_1004          conda-forge
2025-03-03T11:16:03.5599870Z   pillow                         10.3.0               py312h39b1d8d_1          conda-forge
2025-03-03T11:16:03.5600260Z   pip                            24.0                 pyhd8ed1ab_0             conda-forge
2025-03-03T11:16:03.5600670Z   pixman                         0.43.4               hebf3989_0               conda-forge
2025-03-03T11:16:03.5601120Z   pkgutil-resolve-name           1.3.10               pyhd8ed1ab_2             conda-forge
2025-03-03T11:16:03.5601800Z   platformdirs                   4.2.2                pyhd8ed1ab_0             conda-forge
2025-03-03T11:16:03.5602250Z   plotly                         5.22.0               pyhd8ed1ab_0             conda-forge
2025-03-03T11:16:03.5602610Z   pluggy                         1.5.0                pyhd8ed1ab_1             conda-forge
2025-03-03T11:16:03.5603070Z   portalocker                    3.0.0                py312h81bd7bf_0          conda-forge
2025-03-03T11:16:03.5603480Z   prometheus_client              0.20.0               pyhd8ed1ab_0             conda-forge
2025-03-03T11:16:03.5603980Z   prompt-toolkit                 3.0.47               pyha770c72_0             conda-forge
2025-03-03T11:16:03.5604400Z   psutil                         5.9.8                py312he37b823_0          conda-forge
2025-03-03T11:16:03.5604900Z   pthread-stubs                  0.4                  hd74edd7_1002            conda-forge
2025-03-03T11:16:03.5605380Z   ptyprocess                     0.7.0                pyhd8ed1ab_1             conda-forge
2025-03-03T11:16:03.5605950Z   pure_eval                      0.2.2                pyhd8ed1ab_0             conda-forge
2025-03-03T11:16:03.5606780Z   py-cpuinfo                     9.0.0                pyhd8ed1ab_1             conda-forge
2025-03-03T11:16:03.5607330Z   pybtex                         0.24.0               pyhd8ed1ab_3             conda-forge
2025-03-03T11:16:03.5607870Z   pybtex-docutils                1.0.3                py312h81bd7bf_2          conda-forge
2025-03-03T11:16:03.5608270Z   pycparser                      2.22                 pyh29332c3_1             conda-forge
2025-03-03T11:16:03.5608790Z   pydata-sphinx-theme            0.15.4               pyhd8ed1ab_0             conda-forge
2025-03-03T11:16:03.5609240Z   pyerfa                         2.0.1.4              py312h755e627_2          conda-forge
2025-03-03T11:16:03.5609760Z   pygments                       2.18.0               pyhd8ed1ab_1             conda-forge
2025-03-03T11:16:03.5610230Z   pygraphviz                     1.13                 py312h5f4d302_1          conda-forge
2025-03-03T11:16:03.5610730Z   pyobjc-core                    10.3.1               py312hd24fc31_1          conda-forge
2025-03-03T11:16:03.5611140Z   pyobjc-framework-cocoa         10.3.1               py312hd24fc31_1          conda-forge
2025-03-03T11:16:03.5611610Z   pyparsing                      3.1.2                pyhd8ed1ab_0             conda-forge
2025-03-03T11:16:03.5621350Z   pysocks                        1.7.1                pyha55dd90_7             conda-forge
2025-03-03T11:16:03.5622300Z   pytables                       3.10.2               py312h2ca37b8_0          conda-forge
2025-03-03T11:16:03.5623510Z   pytest                         8.2.2                pyhd8ed1ab_0             conda-forge
2025-03-03T11:16:03.5624780Z   pytest-cov                     5.0.0                pyhd8ed1ab_0             conda-forge
2025-03-03T11:16:03.5625130Z   pytest-doctestplus             1.2.1                pyhd8ed1ab_0             conda-forge
2025-03-03T11:16:03.5625480Z   pytest-html                    4.1.1                pyhd8ed1ab_1             conda-forge
2025-03-03T11:16:03.5626490Z   pytest-metadata                3.1.1                pyhd8ed1ab_1             conda-forge
2025-03-03T11:16:03.5626850Z   python                         3.12.4               h30c5eda_0_cpython       conda-forge
2025-03-03T11:16:03.5627180Z   python-dateutil                2.9.0.post0          pyhff2d567_1             conda-forge
2025-03-03T11:16:03.5627550Z   python-fastjsonschema          2.20.0               pyhd8ed1ab_0             conda-forge
2025-03-03T11:16:03.5627910Z   python-json-logger             2.0.7                pyhd8ed1ab_0             conda-forge
2025-03-03T11:16:03.5628280Z   python-tzdata                  2024.1               pyhd8ed1ab_0             conda-forge
2025-03-03T11:16:03.5628610Z   python_abi                     3.12                 5_cp312                  conda-forge
2025-03-03T11:16:03.5631880Z   pytz                           2024.1               pyhd8ed1ab_0             conda-forge
2025-03-03T11:16:03.5633280Z   pyviz_comms                    2.3.2                pyhd8ed1ab_0             conda-forge
2025-03-03T11:16:03.5633720Z   pyyaml                         6.0.1                py312h02f2b3b_1          conda-forge
2025-03-03T11:16:03.5634090Z   pyzmq                          26.0.3               py312hfa13136_0          conda-forge
2025-03-03T11:16:03.5634830Z   qgrid                          1.3.1                pyhd8ed1ab_5             conda-forge
2025-03-03T11:16:03.5635860Z   radioactivedecay               0.5.1                pyhd8ed1ab_1             conda-forge
2025-03-03T11:16:03.5636880Z   readline                       8.2                  h1d1bf99_2               conda-forge
2025-03-03T11:16:03.5637820Z   recommonmark                   0.7.1                pyhd8ed1ab_1             conda-forge
2025-03-03T11:16:03.5638560Z   referencing                    0.35.1               pyhd8ed1ab_1             conda-forge
2025-03-03T11:16:03.5638890Z   requests                       2.32.3               pyhd8ed1ab_1             conda-forge
2025-03-03T11:16:03.5639620Z   rfc3339-validator              0.1.4                pyhd8ed1ab_1             conda-forge
2025-03-03T11:16:03.5640050Z   rfc3986-validator              0.1.1                pyh9f0ad1d_0             conda-forge
2025-03-03T11:16:03.5640440Z   rpds-py                        0.18.1               py312h552d48e_0          conda-forge
2025-03-03T11:16:03.5640770Z   ruff                           0.4.9                py312h3402d49_0          conda-forge
2025-03-03T11:16:03.5641120Z   scipy                          1.13.1               py312h14ffa8f_0          conda-forge
2025-03-03T11:16:03.5641450Z   send2trash                     1.8.3                pyh31c8845_1             conda-forge
2025-03-03T11:16:03.5641820Z   setuptools                     70.0.0               pyhd8ed1ab_0             conda-forge
2025-03-03T11:16:03.5642190Z   setuptools-scm                 8.1.0                pyhd8ed1ab_1             conda-forge
2025-03-03T11:16:03.5642580Z   setuptools_scm                 8.1.0                hd8ed1ab_1               conda-forge
2025-03-03T11:16:03.5642950Z   six                            1.16.0               pyhd8ed1ab_1             conda-forge
2025-03-03T11:16:03.5643280Z   snakeviz                       2.2.0                pyhd8ed1ab_0             conda-forge
2025-03-03T11:16:03.5643610Z   snappy                         1.2.1                h98b9ce2_1               conda-forge
2025-03-03T11:16:03.5643930Z   sniffio                        1.3.1                pyhd8ed1ab_1             conda-forge
2025-03-03T11:16:03.5644260Z   snowballstemmer                2.2.0                pyhd8ed1ab_0             conda-forge
2025-03-03T11:16:03.5644590Z   soupsieve                      2.5                  pyhd8ed1ab_1             conda-forge
2025-03-03T11:16:03.5644900Z   sphinx                         7.3.7                pyhd8ed1ab_0             conda-forge
2025-03-03T11:16:03.5645240Z   sphinx-astropy                 1.9.1                pyhd8ed1ab_1             conda-forge
2025-03-03T11:16:03.5645590Z   sphinx-automodapi              0.17.0               pyh717bed2_1             conda-forge
2025-03-03T11:16:03.5645950Z   sphinx-copybutton              0.5.2                pyhd8ed1ab_1             conda-forge
2025-03-03T11:16:03.5646310Z   sphinx-design                  0.6.1                pyhd8ed1ab_2             conda-forge
2025-03-03T11:16:03.5646650Z   sphinx-gallery                 0.16.0               pyhd8ed1ab_0             conda-forge
2025-03-03T11:16:03.5647000Z   sphinx-jsonschema              1.19.1               pyhd8ed1ab_1             conda-forge
2025-03-03T11:16:03.5647380Z   sphinx_bootstrap_theme         0.8.1                pyhd8ed1ab_1             conda-forge
2025-03-03T11:16:03.5647730Z   sphinx_rtd_theme               2.0.0                pyha770c72_0             conda-forge
2025-03-03T11:16:03.5648370Z   sphinxcontrib-apidoc           0.3.0                py_1                     conda-forge
2025-03-03T11:16:03.5648750Z   sphinxcontrib-applehelp        1.0.8                pyhd8ed1ab_0             conda-forge
2025-03-03T11:16:03.5649120Z   sphinxcontrib-bibtex           2.6.2                pyhd8ed1ab_0             conda-forge
2025-03-03T11:16:03.5649480Z   sphinxcontrib-devhelp          1.0.6                pyhd8ed1ab_0             conda-forge
2025-03-03T11:16:03.5649870Z   sphinxcontrib-htmlhelp         2.0.5                pyhd8ed1ab_0             conda-forge
2025-03-03T11:16:03.5650260Z   sphinxcontrib-jquery           4.1                  pyhd8ed1ab_1             conda-forge
2025-03-03T11:16:03.5650650Z   sphinxcontrib-jsmath           1.0.1                pyhd8ed1ab_1             conda-forge
2025-03-03T11:16:03.5651000Z   sphinxcontrib-qthelp           1.0.7                pyhd8ed1ab_0             conda-forge
2025-03-03T11:16:03.5651400Z   sphinxcontrib-serializinghtml  1.1.10               pyhd8ed1ab_1             conda-forge
2025-03-03T11:16:03.5651800Z   sphinxext-rediraffe            0.2.7                pyhd8ed1ab_2             conda-forge
2025-03-03T11:16:03.5652150Z   sqlalchemy                     2.0.38               py312hea69d52_0          conda-forge
2025-03-03T11:16:03.5652700Z   stack_data                     0.6.2                pyhd8ed1ab_0             conda-forge
2025-03-03T11:16:03.5653060Z   sympy                          1.12.1               pypyh2585a3b_103         conda-forge
2025-03-03T11:16:03.5653370Z   tabulate                       0.9.0                pyhd8ed1ab_2             conda-forge
2025-03-03T11:16:03.5653690Z   tenacity                       8.4.1                pyhd8ed1ab_0             conda-forge
2025-03-03T11:16:03.5654020Z   terminado                      0.18.1               pyh31c8845_0             conda-forge
2025-03-03T11:16:03.5654350Z   tinycss2                       1.3.0                pyhd8ed1ab_0             conda-forge
2025-03-03T11:16:03.5654690Z   tk                             8.6.13               h5083fa2_1               conda-forge
2025-03-03T11:16:03.5655010Z   toml                           0.10.2               pyhd8ed1ab_1             conda-forge
2025-03-03T11:16:03.5655300Z   tomli                          2.0.1                pyhd8ed1ab_0             conda-forge
2025-03-03T11:16:03.5655640Z   tornado                        6.4.1                py312h024a12e_1          conda-forge
2025-03-03T11:16:03.5655950Z   tqdm                           4.66.4               pyhd8ed1ab_0             conda-forge
2025-03-03T11:16:03.5656260Z   traitlets                      5.14.3               pyhd8ed1ab_1             conda-forge
2025-03-03T11:16:03.5656600Z   typed-ast                      1.5.5                py312h02f2b3b_1          conda-forge
2025-03-03T11:16:03.5656960Z   types-python-dateutil          2.9.0.20240316       pyhd8ed1ab_0             conda-forge
2025-03-03T11:16:03.5657360Z   typing-extensions              4.12.2               hd8ed1ab_1               conda-forge
2025-03-03T11:16:03.5657770Z   typing_extensions              4.12.2               pyha770c72_1             conda-forge
2025-03-03T11:16:03.5658120Z   typing_utils                   0.1.0                pyhd8ed1ab_1             conda-forge
2025-03-03T11:16:03.5658460Z   tzdata                         2024a                h8827d51_1               conda-forge
2025-03-03T11:16:03.5658760Z   uc-micro-py                    1.0.3                pyhd8ed1ab_1             conda-forge
2025-03-03T11:16:03.5659100Z   uri-template                   1.3.0                pyhd8ed1ab_1             conda-forge
2025-03-03T11:16:03.5659440Z   urllib3                        2.2.2                pyhd8ed1ab_1             conda-forge
2025-03-03T11:16:03.5659780Z   watchfiles                     1.0.4                py312hcd83bfe_0          conda-forge
2025-03-03T11:16:03.5660110Z   wcwidth                        0.2.13               pyhd8ed1ab_1             conda-forge
2025-03-03T11:16:03.5661030Z   webcolors                      24.6.0               pyhd8ed1ab_0             conda-forge
2025-03-03T11:16:03.5661390Z   webencodings                   0.5.1                pyhd8ed1ab_3             conda-forge
2025-03-03T11:16:03.5661750Z   websocket-client               1.8.0                pyhd8ed1ab_1             conda-forge
2025-03-03T11:16:03.5662100Z   wheel                          0.43.0               pyhd8ed1ab_1             conda-forge
2025-03-03T11:16:03.5662460Z   widgetsnbextension             3.6.6                pyhd8ed1ab_0             conda-forge
2025-03-03T11:16:03.5662800Z   xorg-libxau                    1.0.11               hd74edd7_1               conda-forge
2025-03-03T11:16:03.5663160Z   xorg-libxdmcp                  1.1.3                hd74edd7_2               conda-forge
2025-03-03T11:16:03.5663650Z   xyzservices                    2025.1.0             pyhd8ed1ab_0             conda-forge
2025-03-03T11:16:03.5663960Z   xz                             5.2.6                h57fd34a_0               conda-forge
2025-03-03T11:16:03.5664240Z   yaml                           0.2.5                h3422bc3_2               conda-forge
2025-03-03T11:16:03.5664570Z   zeromq                         4.3.5                hcc0f68c_4               conda-forge
2025-03-03T11:16:03.5665180Z   zipp                           3.19.2               pyhd8ed1ab_0             conda-forge
2025-03-03T11:16:03.5665480Z   zlib                           1.3.1                h8359307_2               conda-forge
2025-03-03T11:16:03.5665760Z   zlib-ng                        2.2.3                h13dfb9a_0               conda-forge
2025-03-03T11:16:03.5666060Z   zstandard                      0.23.0               py312h15fbf35_1          conda-forge
2025-03-03T11:16:03.5666360Z   zstd                           1.5.6                hb46c0d2_0               conda-forge
2025-03-03T11:16:03.5666890Z ##[endgroup]
2025-03-03T11:16:03.5921220Z ##[group]Run pip install -e . --user
2025-03-03T11:16:03.5921500Z [36;1mpip install -e . --user[0m
2025-03-03T11:16:03.7078170Z shell: /bin/bash -l {0}
2025-03-03T11:16:03.7078380Z env:
2025-03-03T11:16:03.7078530Z   CACHE_NUMBER: 0
2025-03-03T11:16:03.7079040Z   PYTEST_FLAGS: --tardis-regression-data=/Users/runner/work/tardis/tardis/tardis-regression-data --cov=tardis --cov-report=xml --cov-report=html --cov-append
2025-03-03T11:16:03.7079570Z   CODECOV_TOKEN: 
2025-03-03T11:16:03.7079750Z   MAMBA_ROOT_PREFIX: /Users/runner/micromamba
2025-03-03T11:16:03.7080000Z   MAMBA_EXE: /Users/runner/micromamba-bin/micromamba
2025-03-03T11:16:03.7080300Z   CONDARC: /Users/runner/work/_temp/setup-micromamba/.condarc
2025-03-03T11:16:03.7080550Z ##[endgroup]
2025-03-03T11:16:05.2874620Z Obtaining file:///Users/runner/work/tardis/tardis
2025-03-03T11:16:05.2916020Z   Installing build dependencies: started
2025-03-03T11:16:08.1061330Z   Installing build dependencies: finished with status 'done'
2025-03-03T11:16:08.1068040Z   Checking if build backend supports build_editable: started
2025-03-03T11:16:08.2069230Z   Checking if build backend supports build_editable: finished with status 'done'
2025-03-03T11:16:08.2079350Z   Getting requirements to build editable: started
2025-03-03T11:16:08.6688220Z   Getting requirements to build editable: finished with status 'done'
2025-03-03T11:16:08.6699930Z   Preparing editable metadata (pyproject.toml): started
2025-03-03T11:16:09.0868220Z   Preparing editable metadata (pyproject.toml): finished with status 'done'
2025-03-03T11:16:09.1342430Z Requirement already satisfied: astropy in /Users/runner/micromamba/envs/tardis/lib/python3.12/site-packages (from tardis==0.0.0) (6.1.1)
2025-03-03T11:16:09.1582200Z Requirement already satisfied: numpy>=1.23 in /Users/runner/micromamba/envs/tardis/lib/python3.12/site-packages (from astropy->tardis==0.0.0) (2.0.2)
2025-03-03T11:16:09.1587820Z Requirement already satisfied: pyerfa>=2.0.1.1 in /Users/runner/micromamba/envs/tardis/lib/python3.12/site-packages (from astropy->tardis==0.0.0) (2.0.1.4)
2025-03-03T11:16:09.1594190Z Requirement already satisfied: astropy-iers-data>=0.2024.5.27.0.30.8 in /Users/runner/micromamba/envs/tardis/lib/python3.12/site-packages (from astropy->tardis==0.0.0) (0.2024.6.17.0.31.35)
2025-03-03T11:16:09.1600040Z Requirement already satisfied: PyYAML>=3.13 in /Users/runner/micromamba/envs/tardis/lib/python3.12/site-packages (from astropy->tardis==0.0.0) (6.0.1)
2025-03-03T11:16:09.1605150Z Requirement already satisfied: packaging>=19.0 in /Users/runner/micromamba/envs/tardis/lib/python3.12/site-packages (from astropy->tardis==0.0.0) (24.1)
2025-03-03T11:16:09.1663080Z Building wheels for collected packages: tardis
2025-03-03T11:16:09.1670060Z   Building editable for tardis (pyproject.toml): started
2025-03-03T11:16:09.7882370Z   Building editable for tardis (pyproject.toml): finished with status 'done'
2025-03-03T11:16:09.7890140Z   Created wheel for tardis: filename=tardis-0.0.0-0.editable-py3-none-any.whl size=8878 sha256=89b84a135b0fe9dd7c480a99cd0a504dd1010138e369aa5393ce49ebcae70d8c
2025-03-03T11:16:09.7891330Z   Stored in directory: /private/var/folders/2s/h6hvv9ps03xgz_krkkstvq_r0000gn/T/pip-ephem-wheel-cache-9zubwdcx/wheels/bb/4f/6a/0829b918c1c10bc28535ce7f14be21eee54375bdd9cd0c306a
2025-03-03T11:16:09.7916240Z Successfully built tardis
2025-03-03T11:16:10.4551870Z Installing collected packages: tardis
2025-03-03T11:16:10.4652890Z Successfully installed tardis-0.0.0
2025-03-03T11:16:10.7502040Z ##[group]Run pip install qgridnext
2025-03-03T11:16:10.7502510Z [36;1mpip install qgridnext[0m
2025-03-03T11:16:10.7564960Z shell: /bin/bash -l {0}
2025-03-03T11:16:10.7565250Z env:
2025-03-03T11:16:10.7565430Z   CACHE_NUMBER: 0
2025-03-03T11:16:10.7565970Z   PYTEST_FLAGS: --tardis-regression-data=/Users/runner/work/tardis/tardis/tardis-regression-data --cov=tardis --cov-report=xml --cov-report=html --cov-append
2025-03-03T11:16:10.7566540Z   CODECOV_TOKEN: 
2025-03-03T11:16:10.7566850Z   MAMBA_ROOT_PREFIX: /Users/runner/micromamba
2025-03-03T11:16:10.7567160Z   MAMBA_EXE: /Users/runner/micromamba-bin/micromamba
2025-03-03T11:16:10.7567560Z   CONDARC: /Users/runner/work/_temp/setup-micromamba/.condarc
2025-03-03T11:16:10.7567890Z ##[endgroup]
2025-03-03T11:16:11.3419560Z Collecting qgridnext
2025-03-03T11:16:11.3843250Z   Downloading qgridnext-2.0.4-py3-none-any.whl.metadata (9.9 kB)
2025-03-03T11:16:11.4038230Z Requirement already satisfied: pandas>=0.20.0 in /Users/runner/micromamba/envs/tardis/lib/python3.12/site-packages (from qgridnext) (2.2.2)
2025-03-03T11:16:11.4043230Z Requirement already satisfied: ipywidgets>=7.0.0 in /Users/runner/micromamba/envs/tardis/lib/python3.12/site-packages (from qgridnext) (7.8.0)
2025-03-03T11:16:11.4049270Z Requirement already satisfied: numpy in /Users/runner/micromamba/envs/tardis/lib/python3.12/site-packages (from qgridnext) (2.0.2)
2025-03-03T11:16:11.4056470Z Requirement already satisfied: traitlets in /Users/runner/micromamba/envs/tardis/lib/python3.12/site-packages (from qgridnext) (5.14.3)
2025-03-03T11:16:11.4105900Z Requirement already satisfied: comm>=0.1.3 in /Users/runner/micromamba/envs/tardis/lib/python3.12/site-packages (from ipywidgets>=7.0.0->qgridnext) (0.2.2)
2025-03-03T11:16:11.4110800Z Requirement already satisfied: ipython-genutils~=0.2.0 in /Users/runner/micromamba/envs/tardis/lib/python3.12/site-packages (from ipywidgets>=7.0.0->qgridnext) (0.2.0)
2025-03-03T11:16:11.4118820Z Requirement already satisfied: widgetsnbextension~=3.6.5 in /Users/runner/micromamba/envs/tardis/lib/python3.12/site-packages (from ipywidgets>=7.0.0->qgridnext) (3.6.6)
2025-03-03T11:16:11.4128970Z Requirement already satisfied: ipython>=4.0.0 in /Users/runner/micromamba/envs/tardis/lib/python3.12/site-packages (from ipywidgets>=7.0.0->qgridnext) (8.25.0)
2025-03-03T11:16:11.4137880Z Requirement already satisfied: jupyterlab-widgets<3,>=1.0.0 in /Users/runner/micromamba/envs/tardis/lib/python3.12/site-packages (from ipywidgets>=7.0.0->qgridnext) (1.1.7)
2025-03-03T11:16:11.4413810Z Requirement already satisfied: python-dateutil>=2.8.2 in /Users/runner/micromamba/envs/tardis/lib/python3.12/site-packages (from pandas>=0.20.0->qgridnext) (2.9.0.post0)
2025-03-03T11:16:11.4423670Z Requirement already satisfied: pytz>=2020.1 in /Users/runner/micromamba/envs/tardis/lib/python3.12/site-packages (from pandas>=0.20.0->qgridnext) (2024.1)
2025-03-03T11:16:11.4428480Z Requirement already satisfied: tzdata>=2022.7 in /Users/runner/micromamba/envs/tardis/lib/python3.12/site-packages (from pandas>=0.20.0->qgridnext) (2024.1)
2025-03-03T11:16:11.4628080Z Requirement already satisfied: decorator in /Users/runner/micromamba/envs/tardis/lib/python3.12/site-packages (from ipython>=4.0.0->ipywidgets>=7.0.0->qgridnext) (5.1.1)
2025-03-03T11:16:11.4636960Z Requirement already satisfied: jedi>=0.16 in /Users/runner/micromamba/envs/tardis/lib/python3.12/site-packages (from ipython>=4.0.0->ipywidgets>=7.0.0->qgridnext) (0.19.1)
2025-03-03T11:16:11.4643000Z Requirement already satisfied: matplotlib-inline in /Users/runner/micromamba/envs/tardis/lib/python3.12/site-packages (from ipython>=4.0.0->ipywidgets>=7.0.0->qgridnext) (0.1.7)
2025-03-03T11:16:11.4648870Z Requirement already satisfied: prompt-toolkit<3.1.0,>=3.0.41 in /Users/runner/micromamba/envs/tardis/lib/python3.12/site-packages (from ipython>=4.0.0->ipywidgets>=7.0.0->qgridnext) (3.0.47)
2025-03-03T11:16:11.4655330Z Requirement already satisfied: pygments>=2.4.0 in /Users/runner/micromamba/envs/tardis/lib/python3.12/site-packages (from ipython>=4.0.0->ipywidgets>=7.0.0->qgridnext) (2.18.0)
2025-03-03T11:16:11.4661130Z Requirement already satisfied: stack-data in /Users/runner/micromamba/envs/tardis/lib/python3.12/site-packages (from ipython>=4.0.0->ipywidgets>=7.0.0->qgridnext) (0.6.2)
2025-03-03T11:16:11.4673350Z Requirement already satisfied: pexpect>4.3 in /Users/runner/micromamba/envs/tardis/lib/python3.12/site-packages (from ipython>=4.0.0->ipywidgets>=7.0.0->qgridnext) (4.9.0)
2025-03-03T11:16:11.4701670Z Requirement already satisfied: six>=1.5 in /Users/runner/micromamba/envs/tardis/lib/python3.12/site-packages (from python-dateutil>=2.8.2->pandas>=0.20.0->qgridnext) (1.16.0)
2025-03-03T11:16:11.4732800Z Requirement already satisfied: notebook>=4.4.1 in /Users/runner/micromamba/envs/tardis/lib/python3.12/site-packages (from widgetsnbextension~=3.6.5->ipywidgets>=7.0.0->qgridnext) (6.5.7)
2025-03-03T11:16:11.4845110Z Requirement already satisfied: parso<0.9.0,>=0.8.3 in /Users/runner/micromamba/envs/tardis/lib/python3.12/site-packages (from jedi>=0.16->ipython>=4.0.0->ipywidgets>=7.0.0->qgridnext) (0.8.4)
2025-03-03T11:16:11.4952180Z Requirement already satisfied: jinja2 in /Users/runner/micromamba/envs/tardis/lib/python3.12/site-packages (from notebook>=4.4.1->widgetsnbextension~=3.6.5->ipywidgets>=7.0.0->qgridnext) (3.1.4)
2025-03-03T11:16:11.4959960Z Requirement already satisfied: tornado>=6.1 in /Users/runner/micromamba/envs/tardis/lib/python3.12/site-packages (from notebook>=4.4.1->widgetsnbextension~=3.6.5->ipywidgets>=7.0.0->qgridnext) (6.4.1)
2025-03-03T11:16:11.4969560Z Requirement already satisfied: pyzmq>=17 in /Users/runner/micromamba/envs/tardis/lib/python3.12/site-packages (from notebook>=4.4.1->widgetsnbextension~=3.6.5->ipywidgets>=7.0.0->qgridnext) (26.0.3)
2025-03-03T11:16:11.4976410Z Requirement already satisfied: argon2-cffi in /Users/runner/micromamba/envs/tardis/lib/python3.12/site-packages (from notebook>=4.4.1->widgetsnbextension~=3.6.5->ipywidgets>=7.0.0->qgridnext) (23.1.0)
2025-03-03T11:16:11.4987950Z Requirement already satisfied: jupyter-core>=4.6.1 in /Users/runner/micromamba/envs/tardis/lib/python3.12/site-packages (from notebook>=4.4.1->widgetsnbextension~=3.6.5->ipywidgets>=7.0.0->qgridnext) (5.7.2)
2025-03-03T11:16:11.4998310Z Requirement already satisfied: jupyter-client<8,>=5.3.4 in /Users/runner/micromamba/envs/tardis/lib/python3.12/site-packages (from notebook>=4.4.1->widgetsnbextension~=3.6.5->ipywidgets>=7.0.0->qgridnext) (7.4.9)
2025-03-03T11:16:11.5005610Z Requirement already satisfied: nbformat in /Users/runner/micromamba/envs/tardis/lib/python3.12/site-packages (from notebook>=4.4.1->widgetsnbextension~=3.6.5->ipywidgets>=7.0.0->qgridnext) (5.10.4)
2025-03-03T11:16:11.5014530Z Requirement already satisfied: nbconvert>=5 in /Users/runner/micromamba/envs/tardis/lib/python3.12/site-packages (from notebook>=4.4.1->widgetsnbextension~=3.6.5->ipywidgets>=7.0.0->qgridnext) (7.16.4)
2025-03-03T11:16:11.5115870Z Requirement already satisfied: nest-asyncio>=1.5 in /Users/runner/micromamba/envs/tardis/lib/python3.12/site-packages (from notebook>=4.4.1->widgetsnbextension~=3.6.5->ipywidgets>=7.0.0->qgridnext) (1.6.0)
2025-03-03T11:16:11.5216460Z Requirement already satisfied: ipykernel in /Users/runner/micromamba/envs/tardis/lib/python3.12/site-packages (from notebook>=4.4.1->widgetsnbextension~=3.6.5->ipywidgets>=7.0.0->qgridnext) (6.29.4)
2025-03-03T11:16:11.5318060Z Requirement already satisfied: Send2Trash>=1.8.0 in /Users/runner/micromamba/envs/tardis/lib/python3.12/site-packages (from notebook>=4.4.1->widgetsnbextension~=3.6.5->ipywidgets>=7.0.0->qgridnext) (1.8.3)
2025-03-03T11:16:11.5418720Z Requirement already satisfied: terminado>=0.8.3 in /Users/runner/micromamba/envs/tardis/lib/python3.12/site-packages (from notebook>=4.4.1->widgetsnbextension~=3.6.5->ipywidgets>=7.0.0->qgridnext) (0.18.1)
2025-03-03T11:16:11.5522000Z Requirement already satisfied: prometheus-client in /Users/runner/micromamba/envs/tardis/lib/python3.12/site-packages (from notebook>=4.4.1->widgetsnbextension~=3.6.5->ipywidgets>=7.0.0->qgridnext) (0.20.0)
2025-03-03T11:16:11.5598330Z Requirement already satisfied: nbclassic>=0.4.7 in /Users/runner/micromamba/envs/tardis/lib/python3.12/site-packages (from notebook>=4.4.1->widgetsnbextension~=3.6.5->ipywidgets>=7.0.0->qgridnext) (1.1.0)
2025-03-03T11:16:11.5600300Z Requirement already satisfied: ptyprocess>=0.5 in /Users/runner/micromamba/envs/tardis/lib/python3.12/site-packages (from pexpect>4.3->ipython>=4.0.0->ipywidgets>=7.0.0->qgridnext) (0.7.0)
2025-03-03T11:16:11.5601690Z Requirement already satisfied: wcwidth in /Users/runner/micromamba/envs/tardis/lib/python3.12/site-packages (from prompt-toolkit<3.1.0,>=3.0.41->ipython>=4.0.0->ipywidgets>=7.0.0->qgridnext) (0.2.13)
2025-03-03T11:16:11.5603860Z Requirement already satisfied: executing>=1.2.0 in /Users/runner/micromamba/envs/tardis/lib/python3.12/site-packages (from stack-data->ipython>=4.0.0->ipywidgets>=7.0.0->qgridnext) (2.0.1)
2025-03-03T11:16:11.5605030Z Requirement already satisfied: asttokens>=2.1.0 in /Users/runner/micromamba/envs/tardis/lib/python3.12/site-packages (from stack-data->ipython>=4.0.0->ipywidgets>=7.0.0->qgridnext) (2.4.1)
2025-03-03T11:16:11.5606200Z Requirement already satisfied: pure-eval in /Users/runner/micromamba/envs/tardis/lib/python3.12/site-packages (from stack-data->ipython>=4.0.0->ipywidgets>=7.0.0->qgridnext) (0.2.2)
2025-03-03T11:16:11.5607500Z Requirement already satisfied: entrypoints in /Users/runner/micromamba/envs/tardis/lib/python3.12/site-packages (from jupyter-client<8,>=5.3.4->notebook>=4.4.1->widgetsnbextension~=3.6.5->ipywidgets>=7.0.0->qgridnext) (0.4)
2025-03-03T11:16:11.5608900Z Requirement already satisfied: platformdirs>=2.5 in /Users/runner/micromamba/envs/tardis/lib/python3.12/site-packages (from jupyter-core>=4.6.1->notebook>=4.4.1->widgetsnbextension~=3.6.5->ipywidgets>=7.0.0->qgridnext) (4.2.2)
2025-03-03T11:16:11.5646700Z Requirement already satisfied: notebook_shim>=0.2.3 in /Users/runner/micromamba/envs/tardis/lib/python3.12/site-packages (from nbclassic>=0.4.7->notebook>=4.4.1->widgetsnbextension~=3.6.5->ipywidgets>=7.0.0->qgridnext) (0.2.4)
2025-03-03T11:16:11.5792180Z Requirement already satisfied: beautifulsoup4 in /Users/runner/micromamba/envs/tardis/lib/python3.12/site-packages (from nbconvert>=5->notebook>=4.4.1->widgetsnbextension~=3.6.5->ipywidgets>=7.0.0->qgridnext) (4.12.3)
2025-03-03T11:16:11.5804960Z Requirement already satisfied: bleach!=5.0.0 in /Users/runner/micromamba/envs/tardis/lib/python3.12/site-packages (from nbconvert>=5->notebook>=4.4.1->widgetsnbextension~=3.6.5->ipywidgets>=7.0.0->qgridnext) (6.1.0)
2025-03-03T11:16:11.5814580Z Requirement already satisfied: defusedxml in /Users/runner/micromamba/envs/tardis/lib/python3.12/site-packages (from nbconvert>=5->notebook>=4.4.1->widgetsnbextension~=3.6.5->ipywidgets>=7.0.0->qgridnext) (0.7.1)
2025-03-03T11:16:11.5823580Z Requirement already satisfied: jupyterlab-pygments in /Users/runner/micromamba/envs/tardis/lib/python3.12/site-packages (from nbconvert>=5->notebook>=4.4.1->widgetsnbextension~=3.6.5->ipywidgets>=7.0.0->qgridnext) (0.3.0)
2025-03-03T11:16:11.5829370Z Requirement already satisfied: markupsafe>=2.0 in /Users/runner/micromamba/envs/tardis/lib/python3.12/site-packages (from nbconvert>=5->notebook>=4.4.1->widgetsnbextension~=3.6.5->ipywidgets>=7.0.0->qgridnext) (2.1.5)
2025-03-03T11:16:11.5834470Z Requirement already satisfied: mistune<4,>=2.0.3 in /Users/runner/micromamba/envs/tardis/lib/python3.12/site-packages (from nbconvert>=5->notebook>=4.4.1->widgetsnbextension~=3.6.5->ipywidgets>=7.0.0->qgridnext) (3.0.2)
2025-03-03T11:16:11.5841650Z Requirement already satisfied: nbclient>=0.5.0 in /Users/runner/micromamba/envs/tardis/lib/python3.12/site-packages (from nbconvert>=5->notebook>=4.4.1->widgetsnbextension~=3.6.5->ipywidgets>=7.0.0->qgridnext) (0.10.0)
2025-03-03T11:16:11.5848130Z Requirement already satisfied: packaging in /Users/runner/micromamba/envs/tardis/lib/python3.12/site-packages (from nbconvert>=5->notebook>=4.4.1->widgetsnbextension~=3.6.5->ipywidgets>=7.0.0->qgridnext) (24.1)
2025-03-03T11:16:11.5856420Z Requirement already satisfied: pandocfilters>=1.4.1 in /Users/runner/micromamba/envs/tardis/lib/python3.12/site-packages (from nbconvert>=5->notebook>=4.4.1->widgetsnbextension~=3.6.5->ipywidgets>=7.0.0->qgridnext) (1.5.0)
2025-03-03T11:16:11.5861970Z Requirement already satisfied: tinycss2 in /Users/runner/micromamba/envs/tardis/lib/python3.12/site-packages (from nbconvert>=5->notebook>=4.4.1->widgetsnbextension~=3.6.5->ipywidgets>=7.0.0->qgridnext) (1.3.0)
2025-03-03T11:16:11.5941690Z Requirement already satisfied: fastjsonschema>=2.15 in /Users/runner/micromamba/envs/tardis/lib/python3.12/site-packages (from nbformat->notebook>=4.4.1->widgetsnbextension~=3.6.5->ipywidgets>=7.0.0->qgridnext) (2.20.0)
2025-03-03T11:16:11.5948360Z Requirement already satisfied: jsonschema>=2.6 in /Users/runner/micromamba/envs/tardis/lib/python3.12/site-packages (from nbformat->notebook>=4.4.1->widgetsnbextension~=3.6.5->ipywidgets>=7.0.0->qgridnext) (4.22.0)
2025-03-03T11:16:11.6217130Z Requirement already satisfied: argon2-cffi-bindings in /Users/runner/micromamba/envs/tardis/lib/python3.12/site-packages (from argon2-cffi->notebook>=4.4.1->widgetsnbextension~=3.6.5->ipywidgets>=7.0.0->qgridnext) (21.2.0)
2025-03-03T11:16:11.6322780Z Requirement already satisfied: appnope in /Users/runner/micromamba/envs/tardis/lib/python3.12/site-packages (from ipykernel->notebook>=4.4.1->widgetsnbextension~=3.6.5->ipywidgets>=7.0.0->qgridnext) (0.1.4)
2025-03-03T11:16:11.6329790Z Requirement already satisfied: debugpy>=1.6.5 in /Users/runner/micromamba/envs/tardis/lib/python3.12/site-packages (from ipykernel->notebook>=4.4.1->widgetsnbextension~=3.6.5->ipywidgets>=7.0.0->qgridnext) (1.8.1)
2025-03-03T11:16:11.6350330Z Requirement already satisfied: psutil in /Users/runner/micromamba/envs/tardis/lib/python3.12/site-packages (from ipykernel->notebook>=4.4.1->widgetsnbextension~=3.6.5->ipywidgets>=7.0.0->qgridnext) (5.9.8)
2025-03-03T11:16:11.6471050Z Requirement already satisfied: webencodings in /Users/runner/micromamba/envs/tardis/lib/python3.12/site-packages (from bleach!=5.0.0->nbconvert>=5->notebook>=4.4.1->widgetsnbextension~=3.6.5->ipywidgets>=7.0.0->qgridnext) (0.5.1)
2025-03-03T11:16:11.6782900Z Requirement already satisfied: attrs>=22.2.0 in /Users/runner/micromamba/envs/tardis/lib/python3.12/site-packages (from jsonschema>=2.6->nbformat->notebook>=4.4.1->widgetsnbextension~=3.6.5->ipywidgets>=7.0.0->qgridnext) (23.2.0)
2025-03-03T11:16:11.6886120Z Requirement already satisfied: jsonschema-specifications>=2023.03.6 in /Users/runner/micromamba/envs/tardis/lib/python3.12/site-packages (from jsonschema>=2.6->nbformat->notebook>=4.4.1->widgetsnbextension~=3.6.5->ipywidgets>=7.0.0->qgridnext) (2023.12.1)
2025-03-03T11:16:11.6987210Z Requirement already satisfied: referencing>=0.28.4 in /Users/runner/micromamba/envs/tardis/lib/python3.12/site-packages (from jsonschema>=2.6->nbformat->notebook>=4.4.1->widgetsnbextension~=3.6.5->ipywidgets>=7.0.0->qgridnext) (0.35.1)
2025-03-03T11:16:11.7089320Z Requirement already satisfied: rpds-py>=0.7.1 in /Users/runner/micromamba/envs/tardis/lib/python3.12/site-packages (from jsonschema>=2.6->nbformat->notebook>=4.4.1->widgetsnbextension~=3.6.5->ipywidgets>=7.0.0->qgridnext) (0.18.1)
2025-03-03T11:16:11.7189860Z Requirement already satisfied: jupyter-server<3,>=1.8 in /Users/runner/micromamba/envs/tardis/lib/python3.12/site-packages (from notebook_shim>=0.2.3->nbclassic>=0.4.7->notebook>=4.4.1->widgetsnbextension~=3.6.5->ipywidgets>=7.0.0->qgridnext) (2.14.1)
2025-03-03T11:16:11.7391950Z Requirement already satisfied: cffi>=1.0.1 in /Users/runner/micromamba/envs/tardis/lib/python3.12/site-packages (from argon2-cffi-bindings->argon2-cffi->notebook>=4.4.1->widgetsnbextension~=3.6.5->ipywidgets>=7.0.0->qgridnext) (1.16.0)
2025-03-03T11:16:11.7493030Z Requirement already satisfied: soupsieve>1.2 in /Users/runner/micromamba/envs/tardis/lib/python3.12/site-packages (from beautifulsoup4->nbconvert>=5->notebook>=4.4.1->widgetsnbextension~=3.6.5->ipywidgets>=7.0.0->qgridnext) (2.5)
2025-03-03T11:16:11.7896230Z Requirement already satisfied: pycparser in /Users/runner/micromamba/envs/tardis/lib/python3.12/site-packages (from cffi>=1.0.1->argon2-cffi-bindings->argon2-cffi->notebook>=4.4.1->widgetsnbextension~=3.6.5->ipywidgets>=7.0.0->qgridnext) (2.22)
2025-03-03T11:16:11.8096500Z Requirement already satisfied: anyio>=3.1.0 in /Users/runner/micromamba/envs/tardis/lib/python3.12/site-packages (from jupyter-server<3,>=1.8->notebook_shim>=0.2.3->nbclassic>=0.4.7->notebook>=4.4.1->widgetsnbextension~=3.6.5->ipywidgets>=7.0.0->qgridnext) (4.4.0)
2025-03-03T11:16:11.8199270Z Requirement already satisfied: jupyter-events>=0.9.0 in /Users/runner/micromamba/envs/tardis/lib/python3.12/site-packages (from jupyter-server<3,>=1.8->notebook_shim>=0.2.3->nbclassic>=0.4.7->notebook>=4.4.1->widgetsnbextension~=3.6.5->ipywidgets>=7.0.0->qgridnext) (0.10.0)
2025-03-03T11:16:11.8308100Z Requirement already satisfied: jupyter-server-terminals>=0.4.4 in /Users/runner/micromamba/envs/tardis/lib/python3.12/site-packages (from jupyter-server<3,>=1.8->notebook_shim>=0.2.3->nbclassic>=0.4.7->notebook>=4.4.1->widgetsnbextension~=3.6.5->ipywidgets>=7.0.0->qgridnext) (0.5.3)
2025-03-03T11:16:11.8410700Z Requirement already satisfied: overrides>=5.0 in /Users/runner/micromamba/envs/tardis/lib/python3.12/site-packages (from jupyter-server<3,>=1.8->notebook_shim>=0.2.3->nbclassic>=0.4.7->notebook>=4.4.1->widgetsnbextension~=3.6.5->ipywidgets>=7.0.0->qgridnext) (7.7.0)
2025-03-03T11:16:11.8511380Z Requirement already satisfied: websocket-client>=1.7 in /Users/runner/micromamba/envs/tardis/lib/python3.12/site-packages (from jupyter-server<3,>=1.8->notebook_shim>=0.2.3->nbclassic>=0.4.7->notebook>=4.4.1->widgetsnbextension~=3.6.5->ipywidgets>=7.0.0->qgridnext) (1.8.0)
2025-03-03T11:16:11.8613400Z Requirement already satisfied: idna>=2.8 in /Users/runner/micromamba/envs/tardis/lib/python3.12/site-packages (from anyio>=3.1.0->jupyter-server<3,>=1.8->notebook_shim>=0.2.3->nbclassic>=0.4.7->notebook>=4.4.1->widgetsnbextension~=3.6.5->ipywidgets>=7.0.0->qgridnext) (3.7)
2025-03-03T11:16:11.8622780Z Requirement already satisfied: sniffio>=1.1 in /Users/runner/micromamba/envs/tardis/lib/python3.12/site-packages (from anyio>=3.1.0->jupyter-server<3,>=1.8->notebook_shim>=0.2.3->nbclassic>=0.4.7->notebook>=4.4.1->widgetsnbextension~=3.6.5->ipywidgets>=7.0.0->qgridnext) (1.3.1)
2025-03-03T11:16:11.8716370Z Requirement already satisfied: python-json-logger>=2.0.4 in /Users/runner/micromamba/envs/tardis/lib/python3.12/site-packages (from jupyter-events>=0.9.0->jupyter-server<3,>=1.8->notebook_shim>=0.2.3->nbclassic>=0.4.7->notebook>=4.4.1->widgetsnbextension~=3.6.5->ipywidgets>=7.0.0->qgridnext) (2.0.7)
2025-03-03T11:16:11.8734550Z Requirement already satisfied: pyyaml>=5.3 in /Users/runner/micromamba/envs/tardis/lib/python3.12/site-packages (from jupyter-events>=0.9.0->jupyter-server<3,>=1.8->notebook_shim>=0.2.3->nbclassic>=0.4.7->notebook>=4.4.1->widgetsnbextension~=3.6.5->ipywidgets>=7.0.0->qgridnext) (6.0.1)
2025-03-03T11:16:11.8779920Z Requirement already satisfied: rfc3339-validator in /Users/runner/micromamba/envs/tardis/lib/python3.12/site-packages (from jupyter-events>=0.9.0->jupyter-server<3,>=1.8->notebook_shim>=0.2.3->nbclassic>=0.4.7->notebook>=4.4.1->widgetsnbextension~=3.6.5->ipywidgets>=7.0.0->qgridnext) (0.1.4)
2025-03-03T11:16:11.8781670Z Requirement already satisfied: rfc3986-validator>=0.1.1 in /Users/runner/micromamba/envs/tardis/lib/python3.12/site-packages (from jupyter-events>=0.9.0->jupyter-server<3,>=1.8->notebook_shim>=0.2.3->nbclassic>=0.4.7->notebook>=4.4.1->widgetsnbextension~=3.6.5->ipywidgets>=7.0.0->qgridnext) (0.1.1)
2025-03-03T11:16:11.8971130Z Requirement already satisfied: fqdn in /Users/runner/micromamba/envs/tardis/lib/python3.12/site-packages (from jsonschema[format-nongpl]>=4.18.0->jupyter-events>=0.9.0->jupyter-server<3,>=1.8->notebook_shim>=0.2.3->nbclassic>=0.4.7->notebook>=4.4.1->widgetsnbextension~=3.6.5->ipywidgets>=7.0.0->qgridnext) (1.5.1)
2025-03-03T11:16:11.8980840Z Requirement already satisfied: isoduration in /Users/runner/micromamba/envs/tardis/lib/python3.12/site-packages (from jsonschema[format-nongpl]>=4.18.0->jupyter-events>=0.9.0->jupyter-server<3,>=1.8->notebook_shim>=0.2.3->nbclassic>=0.4.7->notebook>=4.4.1->widgetsnbextension~=3.6.5->ipywidgets>=7.0.0->qgridnext) (20.11.0)
2025-03-03T11:16:11.8987650Z Requirement already satisfied: jsonpointer>1.13 in /Users/runner/micromamba/envs/tardis/lib/python3.12/site-packages (from jsonschema[format-nongpl]>=4.18.0->jupyter-events>=0.9.0->jupyter-server<3,>=1.8->notebook_shim>=0.2.3->nbclassic>=0.4.7->notebook>=4.4.1->widgetsnbextension~=3.6.5->ipywidgets>=7.0.0->qgridnext) (3.0.0)
2025-03-03T11:16:11.8998460Z Requirement already satisfied: uri-template in /Users/runner/micromamba/envs/tardis/lib/python3.12/site-packages (from jsonschema[format-nongpl]>=4.18.0->jupyter-events>=0.9.0->jupyter-server<3,>=1.8->notebook_shim>=0.2.3->nbclassic>=0.4.7->notebook>=4.4.1->widgetsnbextension~=3.6.5->ipywidgets>=7.0.0->qgridnext) (1.3.0)
2025-03-03T11:16:11.9005860Z Requirement already satisfied: webcolors>=1.11 in /Users/runner/micromamba/envs/tardis/lib/python3.12/site-packages (from jsonschema[format-nongpl]>=4.18.0->jupyter-events>=0.9.0->jupyter-server<3,>=1.8->notebook_shim>=0.2.3->nbclassic>=0.4.7->notebook>=4.4.1->widgetsnbextension~=3.6.5->ipywidgets>=7.0.0->qgridnext) (24.6.0)
2025-03-03T11:16:11.9429020Z Requirement already satisfied: arrow>=0.15.0 in /Users/runner/micromamba/envs/tardis/lib/python3.12/site-packages (from isoduration->jsonschema[format-nongpl]>=4.18.0->jupyter-events>=0.9.0->jupyter-server<3,>=1.8->notebook_shim>=0.2.3->nbclassic>=0.4.7->notebook>=4.4.1->widgetsnbextension~=3.6.5->ipywidgets>=7.0.0->qgridnext) (1.3.0)
2025-03-03T11:16:11.9630280Z Requirement already satisfied: types-python-dateutil>=2.8.10 in /Users/runner/micromamba/envs/tardis/lib/python3.12/site-packages (from arrow>=0.15.0->isoduration->jsonschema[format-nongpl]>=4.18.0->jupyter-events>=0.9.0->jupyter-server<3,>=1.8->notebook_shim>=0.2.3->nbclassic>=0.4.7->notebook>=4.4.1->widgetsnbextension~=3.6.5->ipywidgets>=7.0.0->qgridnext) (2.9.0.20240316)
2025-03-03T11:16:11.9862690Z Downloading qgridnext-2.0.4-py3-none-any.whl (1.3 MB)
2025-03-03T11:16:12.0406160Z    ━━━━━━━━━━━━━━━━━━━━━━━━━━━━━━━━━━━━━━━━ 1.3/1.3 MB 23.9 MB/s eta 0:00:00
2025-03-03T11:16:12.7761920Z Installing collected packages: qgridnext
2025-03-03T11:16:12.8496360Z Successfully installed qgridnext-2.0.4
2025-03-03T11:16:13.0762850Z ##[group]Run pytest tardis --tardis-regression-data=/Users/runner/work/tardis/tardis/tardis-regression-data --cov=tardis --cov-report=xml --cov-report=html --cov-append -m " continuum"
2025-03-03T11:16:13.0763900Z [36;1mpytest tardis --tardis-regression-data=/Users/runner/work/tardis/tardis/tardis-regression-data --cov=tardis --cov-report=xml --cov-report=html --cov-append -m " continuum"[0m
2025-03-03T11:16:13.0811390Z shell: /bin/bash -l {0}
2025-03-03T11:16:13.0811570Z env:
2025-03-03T11:16:13.0811730Z   CACHE_NUMBER: 0
2025-03-03T11:16:13.0812220Z   PYTEST_FLAGS: --tardis-regression-data=/Users/runner/work/tardis/tardis/tardis-regression-data --cov=tardis --cov-report=xml --cov-report=html --cov-append
2025-03-03T11:16:13.0812740Z   CODECOV_TOKEN: 
2025-03-03T11:16:13.0812930Z   MAMBA_ROOT_PREFIX: /Users/runner/micromamba
2025-03-03T11:16:13.0813190Z   MAMBA_EXE: /Users/runner/micromamba-bin/micromamba
2025-03-03T11:16:13.0813530Z   CONDARC: /Users/runner/work/_temp/setup-micromamba/.condarc
2025-03-03T11:16:13.0813800Z ##[endgroup]
2025-03-03T11:16:27.9265990Z ============================= test session starts ==============================
2025-03-03T11:16:27.9266740Z platform darwin -- Python 3.12.4, pytest-8.2.2, pluggy-1.5.0
2025-03-03T11:16:27.9267440Z rootdir: /Users/runner/work/tardis/tardis
2025-03-03T11:16:27.9267770Z configfile: pyproject.toml
2025-03-03T11:16:27.9268160Z plugins: cov-5.0.0, html-4.1.1, metadata-3.1.1, doctestplus-1.2.1, anyio-4.4.0
2025-03-03T11:16:27.9268550Z collected 1798 items / 1796 deselected / 2 selected
2025-03-03T11:16:27.9268800Z 
2025-03-03T11:17:27.1196290Z tardis/transport/montecarlo/estimators/tests/test_continuum_property_solver.py . [ 50%]
2025-03-03T11:17:27.1196970Z                                                                          [ 50%]
2025-03-03T11:17:56.2284870Z tardis/transport/montecarlo/tests/test_continuum.py .                    [100%]
2025-03-03T11:17:56.2361240Z 
2025-03-03T11:17:56.2377150Z =============================== warnings summary ===============================
2025-03-03T11:17:56.2382200Z tardis/io/configuration/config_validator.py:6
2025-03-03T11:17:56.2394160Z tardis/io/configuration/config_validator.py:6
2025-03-03T11:17:56.2395440Z   /Users/runner/work/tardis/tardis/tardis/io/configuration/config_validator.py:6: DeprecationWarning:
2025-03-03T11:17:56.2403780Z   
2025-03-03T11:17:56.2425300Z   jsonschema.RefResolver is deprecated as of v4.18.0, in favor of the https://github.com/python-jsonschema/referencing library, which provides more compliant referencing behavior as well as more flexible APIs for customization. A future release will remove RefResolver. Please file a feature request (on referencing) if you are missing an API for the kind of customization you need.
2025-03-03T11:17:56.2426580Z 
2025-03-03T11:17:56.2427010Z ../../../micromamba/envs/tardis/lib/python3.12/site-packages/jupyter_client/connect.py:27
2025-03-03T11:17:56.2427820Z   /Users/runner/micromamba/envs/tardis/lib/python3.12/site-packages/jupyter_client/connect.py:27: DeprecationWarning:
2025-03-03T11:17:56.2428750Z   
2025-03-03T11:17:56.2429170Z   Jupyter is migrating its paths to use standard platformdirs
2025-03-03T11:17:56.2429810Z   given by the platformdirs library.  To remove this warning and
2025-03-03T11:17:56.2430310Z   see the appropriate new directories, set the environment variable
2025-03-03T11:17:56.2430940Z   `JUPYTER_PLATFORM_DIRS=1` and then run `jupyter --paths`.
2025-03-03T11:17:56.2431450Z   The use of platformdirs will be the default in `jupyter_core` v6
2025-03-03T11:17:56.2431840Z 
2025-03-03T11:17:56.2432140Z tardis/plasma/properties/__init__.py:17
2025-03-03T11:17:56.2432810Z   /Users/runner/work/tardis/tardis/tardis/plasma/properties/__init__.py:17: DeprecationWarning:
2025-03-03T11:17:56.2433350Z   
2025-03-03T11:17:56.2435210Z   The numpy.linalg.linalg has been made private and renamed to numpy.linalg._linalg. All public functions exported by it are available from numpy.linalg. Please use numpy.linalg.LinAlgError instead.
2025-03-03T11:17:56.2435860Z 
2025-03-03T11:17:56.2436100Z tardis/transport/montecarlo/tests/test_montecarlo.py:557
2025-03-03T11:17:56.2436700Z   /Users/runner/work/tardis/tardis/tardis/transport/montecarlo/tests/test_montecarlo.py:557: PytestUnknownMarkWarning:
2025-03-03T11:17:56.2437700Z   
2025-03-03T11:17:56.2438270Z   Unknown pytest.mark.continuumtest - is this a typo?  You can register custom marks to avoid this warning - for details, see https://docs.pytest.org/en/stable/how-to/mark.html
2025-03-03T11:17:56.2438780Z 
2025-03-03T11:17:56.2439020Z tardis/transport/montecarlo/tests/test_montecarlo.py:584
2025-03-03T11:17:56.2439600Z   /Users/runner/work/tardis/tardis/tardis/transport/montecarlo/tests/test_montecarlo.py:584: PytestUnknownMarkWarning:
2025-03-03T11:17:56.2440220Z   
2025-03-03T11:17:56.2440920Z   Unknown pytest.mark.continuumtest - is this a typo?  You can register custom marks to avoid this warning - for details, see https://docs.pytest.org/en/stable/how-to/mark.html
2025-03-03T11:17:56.2441360Z 
2025-03-03T11:17:56.2441580Z tardis/transport/montecarlo/tests/test_montecarlo.py:605
2025-03-03T11:17:56.2442250Z   /Users/runner/work/tardis/tardis/tardis/transport/montecarlo/tests/test_montecarlo.py:605: PytestUnknownMarkWarning:
2025-03-03T11:17:56.2442740Z   
2025-03-03T11:17:56.2443430Z   Unknown pytest.mark.continuumtest - is this a typo?  You can register custom marks to avoid this warning - for details, see https://docs.pytest.org/en/stable/how-to/mark.html
2025-03-03T11:17:56.2443960Z 
2025-03-03T11:17:56.2448130Z tardis/transport/montecarlo/estimators/tests/test_continuum_property_solver.py::test_continuum_estimators
2025-03-03T11:17:56.2448960Z   /Users/runner/work/tardis/tardis/tardis/transport/montecarlo/montecarlo_main_loop.py:123: NumbaTypeSafetyWarning:
2025-03-03T11:17:56.2449470Z   
2025-03-03T11:17:56.2450990Z   [1m[1m[1munsafe cast from uint64 to int64. Precision may be lost.[0m[0m[0m
2025-03-03T11:17:56.2451290Z 
2025-03-03T11:17:56.2451510Z -- Docs: https://docs.pytest.org/en/stable/how-to/capture-warnings.html
2025-03-03T11:17:56.2451730Z 
2025-03-03T11:17:56.2452020Z ---------- coverage: platform darwin, python 3.12.4-final-0 ----------
2025-03-03T11:17:56.2452480Z Coverage HTML written to dir coverage_html_report
2025-03-03T11:17:56.2452810Z Coverage XML written to file coverage.xml
2025-03-03T11:17:56.2453010Z 
2025-03-03T11:17:56.2453230Z ========== 2 passed, 1796 deselected, 8 warnings in 91.85s (0:01:31) ===========
2025-03-03T11:17:57.5079430Z ##[group]Run mv .coverage .coverage.1
2025-03-03T11:17:57.5079940Z [36;1mmv .coverage .coverage.1[0m
2025-03-03T11:17:57.5549930Z shell: /bin/bash -l {0}
2025-03-03T11:17:57.5550250Z env:
2025-03-03T11:17:57.5550450Z   CACHE_NUMBER: 0
2025-03-03T11:17:57.5551080Z   PYTEST_FLAGS: --tardis-regression-data=/Users/runner/work/tardis/tardis/tardis-regression-data --cov=tardis --cov-report=xml --cov-report=html --cov-append
2025-03-03T11:17:57.5551620Z   CODECOV_TOKEN: 
2025-03-03T11:17:57.5551910Z   MAMBA_ROOT_PREFIX: /Users/runner/micromamba
2025-03-03T11:17:57.5552260Z   MAMBA_EXE: /Users/runner/micromamba-bin/micromamba
2025-03-03T11:17:57.5552540Z   CONDARC: /Users/runner/work/_temp/setup-micromamba/.condarc
2025-03-03T11:17:57.5552830Z ##[endgroup]
2025-03-03T11:17:57.7252440Z ##[group]Run actions/upload-artifact@v4
2025-03-03T11:17:57.7252730Z with:
2025-03-03T11:17:57.7253290Z   name: coverage--continuum-macos-latest
2025-03-03T11:17:57.7253620Z   include-hidden-files: true
2025-03-03T11:17:57.7253920Z   path: .coverage*
!.coveragerc

2025-03-03T11:17:57.7254160Z   if-no-files-found: warn
2025-03-03T11:17:57.7254370Z   compression-level: 6
2025-03-03T11:17:57.7254590Z   overwrite: false
2025-03-03T11:17:57.7254820Z env:
2025-03-03T11:17:57.7255010Z   CACHE_NUMBER: 0
2025-03-03T11:17:57.7255590Z   PYTEST_FLAGS: --tardis-regression-data=/Users/runner/work/tardis/tardis/tardis-regression-data --cov=tardis --cov-report=xml --cov-report=html --cov-append
2025-03-03T11:17:57.7256190Z   CODECOV_TOKEN: 
2025-03-03T11:17:57.7256410Z   MAMBA_ROOT_PREFIX: /Users/runner/micromamba
2025-03-03T11:17:57.7256760Z   MAMBA_EXE: /Users/runner/micromamba-bin/micromamba
2025-03-03T11:17:57.7257110Z   CONDARC: /Users/runner/work/_temp/setup-micromamba/.condarc
2025-03-03T11:17:57.7257570Z ##[endgroup]
2025-03-03T11:17:58.0594810Z With the provided path, there will be 2 files uploaded
2025-03-03T11:17:58.0597650Z Artifact name is valid!
2025-03-03T11:17:58.0597990Z Root directory input is valid!
2025-03-03T11:17:58.2313620Z Beginning upload of artifact content to blob storage
2025-03-03T11:17:58.4556760Z Uploaded bytes 28076
2025-03-03T11:17:58.5037340Z Finished uploading artifact content to blob storage!
2025-03-03T11:17:58.5112540Z SHA256 hash of uploaded artifact zip is 1ccefdd1d4baa49868a67cfbdbc44f4fe207521ba9753c3030b0781546c5173b
2025-03-03T11:17:58.5113060Z Finalizing artifact upload
2025-03-03T11:17:58.6026930Z Artifact coverage--continuum-macos-latest.zip successfully finalized. Artifact ID 2680916547
2025-03-03T11:17:58.6027970Z Artifact coverage--continuum-macos-latest has been successfully uploaded! Final size is 28076 bytes. Artifact ID is 2680916547
2025-03-03T11:17:58.6034290Z Artifact download URL: https://github.com/tardis-sn/tardis/actions/runs/13629554125/artifacts/2680916547
2025-03-03T11:17:58.6141600Z Post job cleanup.
2025-03-03T11:17:58.6189500Z Post job cleanup.
2025-03-03T11:17:58.7360500Z Will use pre-installed micromamba at /Users/runner/micromamba-bin/micromamba
2025-03-03T11:17:58.7362950Z Removing micromamba run shell ...
2025-03-03T11:17:58.7365240Z ##[group]Deinitialize micromamba for bash
2025-03-03T11:17:58.7395540Z [command]/Users/runner/micromamba-bin/micromamba shell deinit -s bash -r /Users/runner/micromamba --log-level warning --rc-file /Users/runner/work/_temp/setup-micromamba/.condarc
2025-03-03T11:17:58.7722610Z Resetting RC file "/Users/runner/.bash_profile"
2025-03-03T11:17:58.7726110Z Deleting config for root prefix 
2025-03-03T11:17:58.7726710Z Clearing mamba executable environment variable
2025-03-03T11:17:58.7727320Z Removing the following in your "/Users/runner/.bash_profile" file
2025-03-03T11:17:58.7727720Z # >>> mamba initialize >>>
2025-03-03T11:17:58.7727990Z ...
2025-03-03T11:17:58.7728250Z # <<< mamba initialize <<<
2025-03-03T11:17:58.7741540Z Removing environment tardis from auto-activate bash ...
2025-03-03T11:17:58.7941180Z Post job cleanup.
2025-03-03T11:17:58.7983380Z Post job cleanup.
2025-03-03T11:17:58.8822670Z [command]/opt/homebrew/bin/git version
2025-03-03T11:17:58.9037280Z git version 2.48.1
2025-03-03T11:17:58.9059000Z Copying '/Users/runner/.gitconfig' to '/Users/runner/work/_temp/efcc5bfe-bf29-4f5c-934f-540df9ce0f60/.gitconfig'
2025-03-03T11:17:58.9068840Z Temporarily overriding HOME='/Users/runner/work/_temp/efcc5bfe-bf29-4f5c-934f-540df9ce0f60' before making global git config changes
2025-03-03T11:17:58.9069610Z Adding repository directory to the temporary git global config as a safe directory
2025-03-03T11:17:58.9072490Z [command]/opt/homebrew/bin/git config --global --add safe.directory /Users/runner/work/tardis/tardis/tardis-regression-data
2025-03-03T11:17:58.9162830Z [command]/opt/homebrew/bin/git config --local --name-only --get-regexp core\.sshCommand
2025-03-03T11:17:58.9211730Z [command]/opt/homebrew/bin/git submodule foreach --recursive sh -c "git config --local --name-only --get-regexp 'core\.sshCommand' && git config --local --unset-all 'core.sshCommand' || :"
2025-03-03T11:17:59.0227380Z [command]/opt/homebrew/bin/git config --local --name-only --get-regexp http\.https\:\/\/github\.com\/\.extraheader
2025-03-03T11:17:59.0300100Z http.https://github.com/.extraheader
2025-03-03T11:17:59.0341570Z [command]/opt/homebrew/bin/git config --local --unset-all http.https://github.com/.extraheader
2025-03-03T11:17:59.0911140Z [command]/opt/homebrew/bin/git submodule foreach --recursive sh -c "git config --local --name-only --get-regexp 'http\.https\:\/\/github\.com\/\.extraheader' && git config --local --unset-all 'http.https://github.com/.extraheader' || :"
2025-03-03T11:17:59.1747040Z Post job cleanup.
2025-03-03T11:17:59.3000460Z [command]/opt/homebrew/bin/git version
2025-03-03T11:17:59.3104610Z git version 2.48.1
2025-03-03T11:17:59.3612650Z Copying '/Users/runner/.gitconfig' to '/Users/runner/work/_temp/2e3f682c-7153-468b-ba04-6fca93cb7ab6/.gitconfig'
2025-03-03T11:17:59.3614070Z Temporarily overriding HOME='/Users/runner/work/_temp/2e3f682c-7153-468b-ba04-6fca93cb7ab6' before making global git config changes
2025-03-03T11:17:59.3614780Z Adding repository directory to the temporary git global config as a safe directory
2025-03-03T11:17:59.3615380Z [command]/opt/homebrew/bin/git config --global --add safe.directory /Users/runner/work/tardis/tardis
2025-03-03T11:17:59.3617520Z [command]/opt/homebrew/bin/git config --local --name-only --get-regexp core\.sshCommand
2025-03-03T11:17:59.3618870Z [command]/opt/homebrew/bin/git submodule foreach --recursive sh -c "git config --local --name-only --get-regexp 'core\.sshCommand' && git config --local --unset-all 'core.sshCommand' || :"
2025-03-03T11:17:59.4151650Z [command]/opt/homebrew/bin/git config --local --name-only --get-regexp http\.https\:\/\/github\.com\/\.extraheader
2025-03-03T11:17:59.4200850Z http.https://github.com/.extraheader
2025-03-03T11:17:59.4224250Z [command]/opt/homebrew/bin/git config --local --unset-all http.https://github.com/.extraheader
2025-03-03T11:17:59.4291990Z [command]/opt/homebrew/bin/git submodule foreach --recursive sh -c "git config --local --name-only --get-regexp 'http\.https\:\/\/github\.com\/\.extraheader' && git config --local --unset-all 'http.https://github.com/.extraheader' || :"
2025-03-03T11:17:59.5013930Z Cleaning up orphan processes
