2025-02-17T13:11:25.7246851Z Prepare all required actions
2025-02-17T13:11:25.7248575Z Getting action download info
2025-02-17T13:11:25.9389719Z ##[group]Download immutable action package 'actions/cache@v4'
2025-02-17T13:11:25.9390256Z Version: 4.2.0
2025-02-17T13:11:25.9390733Z Digest: sha256:5bc11090595acbf82dbfb02747bf0bfd91544e869357fd3ac0eb41f509632110
2025-02-17T13:11:25.9391369Z Source commit SHA: 1bd1e32a3bdc45362d1e726936510720a7c30a57
2025-02-17T13:11:25.9391810Z ##[endgroup]
2025-02-17T13:11:26.0631789Z ##[group]Run ./.github/actions/setup_lfs
2025-02-17T13:11:26.0632159Z with:
2025-02-17T13:11:26.0632463Z   regression-data-repo: tardis-sn/tardis-regression-data
2025-02-17T13:11:26.0632841Z   atom-data-sparse: false
2025-02-17T13:11:26.0633105Z env:
2025-02-17T13:11:26.0633309Z   CACHE_NUMBER: 0
2025-02-17T13:11:26.0633987Z   PYTEST_FLAGS: --tardis-regression-data=/home/runner/work/tardis/tardis/tardis-regression-data --cov=tardis --cov-report=xml --cov-report=html --cov-append
2025-02-17T13:11:26.0634725Z   CODECOV_TOKEN: 
2025-02-17T13:11:26.0635011Z ##[endgroup]
2025-02-17T13:11:26.0774141Z ##[group]Run actions/checkout@v4
2025-02-17T13:11:26.0774482Z with:
2025-02-17T13:11:26.0774749Z   repository: tardis-sn/tardis-regression-data
2025-02-17T13:11:26.0775089Z   path: tardis-regression-data
2025-02-17T13:11:26.0775361Z   lfs: false
2025-02-17T13:11:26.0775736Z   token: ***
2025-02-17T13:11:26.0775973Z   ssh-strict: true
2025-02-17T13:11:26.0776214Z   ssh-user: git
2025-02-17T13:11:26.0776462Z   persist-credentials: true
2025-02-17T13:11:26.0776725Z   clean: true
2025-02-17T13:11:26.0776975Z   sparse-checkout-cone-mode: true
2025-02-17T13:11:26.0777276Z   fetch-depth: 1
2025-02-17T13:11:26.0777512Z   fetch-tags: false
2025-02-17T13:11:26.0777760Z   show-progress: true
2025-02-17T13:11:26.0778142Z   submodules: false
2025-02-17T13:11:26.0778423Z   set-safe-directory: true
2025-02-17T13:11:26.0778697Z env:
2025-02-17T13:11:26.0778913Z   CACHE_NUMBER: 0
2025-02-17T13:11:26.0779578Z   PYTEST_FLAGS: --tardis-regression-data=/home/runner/work/tardis/tardis/tardis-regression-data --cov=tardis --cov-report=xml --cov-report=html --cov-append
2025-02-17T13:11:26.0780310Z   CODECOV_TOKEN: 
2025-02-17T13:11:26.0780543Z ##[endgroup]
2025-02-17T13:11:26.1725105Z Syncing repository: tardis-sn/tardis-regression-data
2025-02-17T13:11:26.1731143Z ##[group]Getting Git version info
2025-02-17T13:11:26.1731924Z Working directory is '/home/runner/work/tardis/tardis/tardis-regression-data'
2025-02-17T13:11:26.1772542Z [command]/usr/bin/git version
2025-02-17T13:11:26.1816120Z git version 2.48.1
2025-02-17T13:11:26.1841247Z ##[endgroup]
2025-02-17T13:11:26.1854423Z Temporarily overriding HOME='/home/runner/work/_temp/f55c67ea-9a51-456a-864f-368224b305c2' before making global git config changes
2025-02-17T13:11:26.1855451Z Adding repository directory to the temporary git global config as a safe directory
2025-02-17T13:11:26.1859854Z [command]/usr/bin/git config --global --add safe.directory /home/runner/work/tardis/tardis/tardis-regression-data
2025-02-17T13:11:26.1890492Z ##[group]Initializing the repository
2025-02-17T13:11:26.1895396Z [command]/usr/bin/git init /home/runner/work/tardis/tardis/tardis-regression-data
2025-02-17T13:11:26.1931515Z hint: Using 'master' as the name for the initial branch. This default branch name
2025-02-17T13:11:26.1932534Z hint: is subject to change. To configure the initial branch name to use in all
2025-02-17T13:11:26.1933297Z hint: of your new repositories, which will suppress this warning, call:
2025-02-17T13:11:26.1933960Z hint:
2025-02-17T13:11:26.1934382Z hint: 	git config --global init.defaultBranch <name>
2025-02-17T13:11:26.1934728Z hint:
2025-02-17T13:11:26.1935054Z hint: Names commonly chosen instead of 'master' are 'main', 'trunk' and
2025-02-17T13:11:26.1935609Z hint: 'development'. The just-created branch can be renamed via this command:
2025-02-17T13:11:26.1936028Z hint:
2025-02-17T13:11:26.1936257Z hint: 	git branch -m <name>
2025-02-17T13:11:26.1936759Z Initialized empty Git repository in /home/runner/work/tardis/tardis/tardis-regression-data/.git/
2025-02-17T13:11:26.1944398Z [command]/usr/bin/git remote add origin https://github.com/tardis-sn/tardis-regression-data
2025-02-17T13:11:26.1975092Z ##[endgroup]
2025-02-17T13:11:26.1975585Z ##[group]Disabling automatic garbage collection
2025-02-17T13:11:26.1980098Z [command]/usr/bin/git config --local gc.auto 0
2025-02-17T13:11:26.2014905Z ##[endgroup]
2025-02-17T13:11:26.2016443Z ##[group]Setting up auth
2025-02-17T13:11:26.2022465Z [command]/usr/bin/git config --local --name-only --get-regexp core\.sshCommand
2025-02-17T13:11:26.2051985Z [command]/usr/bin/git submodule foreach --recursive sh -c "git config --local --name-only --get-regexp 'core\.sshCommand' && git config --local --unset-all 'core.sshCommand' || :"
2025-02-17T13:11:26.2281477Z [command]/usr/bin/git config --local --name-only --get-regexp http\.https\:\/\/github\.com\/\.extraheader
2025-02-17T13:11:26.2312327Z [command]/usr/bin/git submodule foreach --recursive sh -c "git config --local --name-only --get-regexp 'http\.https\:\/\/github\.com\/\.extraheader' && git config --local --unset-all 'http.https://github.com/.extraheader' || :"
2025-02-17T13:11:26.2556092Z [command]/usr/bin/git config --local http.https://github.com/.extraheader AUTHORIZATION: basic ***
2025-02-17T13:11:26.2601006Z ##[endgroup]
2025-02-17T13:11:26.2602604Z ##[group]Determining the default branch
2025-02-17T13:11:26.2605117Z Retrieving the default branch name
2025-02-17T13:11:26.5934814Z Default branch 'main'
2025-02-17T13:11:26.5936248Z ##[endgroup]
2025-02-17T13:11:26.5936879Z ##[group]Fetching the repository
2025-02-17T13:11:26.5943879Z [command]/usr/bin/git -c protocol.version=2 fetch --no-tags --prune --no-recurse-submodules --depth=1 origin +refs/heads/main:refs/remotes/origin/main
2025-02-17T13:11:27.2406016Z From https://github.com/tardis-sn/tardis-regression-data
2025-02-17T13:11:27.2406796Z  * [new branch]      main       -> origin/main
2025-02-17T13:11:27.2435134Z ##[endgroup]
2025-02-17T13:11:27.2435985Z ##[group]Determining the checkout info
2025-02-17T13:11:27.2443546Z ##[endgroup]
2025-02-17T13:11:27.2443953Z [command]/usr/bin/git sparse-checkout disable
2025-02-17T13:11:27.2483210Z [command]/usr/bin/git config --local --unset-all extensions.worktreeConfig
2025-02-17T13:11:27.2510544Z ##[group]Checking out the ref
2025-02-17T13:11:27.2514237Z [command]/usr/bin/git checkout --progress --force -B main refs/remotes/origin/main
2025-02-17T13:11:27.3672560Z Switched to a new branch 'main'
2025-02-17T13:11:27.3673995Z branch 'main' set up to track 'origin/main'.
2025-02-17T13:11:27.3981686Z ##[endgroup]
2025-02-17T13:11:27.3986323Z [command]/usr/bin/git log -1 --format=%H
2025-02-17T13:11:27.4010213Z fa7729bc9c30e14b69acd641af8b692b56fcd416
2025-02-17T13:11:27.4151362Z ##[group]Run if [ "false" == "true" ]; then
2025-02-17T13:11:27.4151767Z [36;1mif [ "false" == "true" ]; then[0m
2025-02-17T13:11:27.4152068Z [36;1m  echo "Using atom data sparse checkout"[0m
2025-02-17T13:11:27.4152714Z [36;1m  echo "atom_data/kurucz_cd23_chianti_H_He.h5" > .lfs-files-list[0m
2025-02-17T13:11:27.4153050Z [36;1melse[0m
2025-02-17T13:11:27.4153260Z [36;1m  echo "Using full repository checkout"[0m
2025-02-17T13:11:27.4153617Z [36;1m  git lfs ls-files -l | cut -d' ' -f1 | sort > .lfs-files-list[0m
2025-02-17T13:11:27.4153919Z [36;1mfi[0m
2025-02-17T13:11:27.4307559Z shell: /usr/bin/bash --noprofile --norc -e -o pipefail {0}
2025-02-17T13:11:27.4307928Z env:
2025-02-17T13:11:27.4308333Z   CACHE_NUMBER: 0
2025-02-17T13:11:27.4308986Z   PYTEST_FLAGS: --tardis-regression-data=/home/runner/work/tardis/tardis/tardis-regression-data --cov=tardis --cov-report=xml --cov-report=html --cov-append
2025-02-17T13:11:27.4309689Z   CODECOV_TOKEN: 
2025-02-17T13:11:27.4309879Z ##[endgroup]
2025-02-17T13:11:27.4407190Z Using full repository checkout
2025-02-17T13:11:27.5839152Z ##[group]Run actions/cache/restore@v4
2025-02-17T13:11:27.5839508Z with:
2025-02-17T13:11:27.5839756Z   path: tardis-regression-data/.git/lfs
2025-02-17T13:11:27.5840630Z   key: tardis-regression-full-data-21f9fa4b6817cc69b9fae3598144724da7828e276a73bd17f47a2a49d9af090a-tardis-sn/tardis-regression-data-v1
2025-02-17T13:11:27.5841715Z   fail-on-cache-miss: true
2025-02-17T13:11:27.5842013Z   enableCrossOsArchive: false
2025-02-17T13:11:27.5842308Z   lookup-only: false
2025-02-17T13:11:27.5842553Z env:
2025-02-17T13:11:27.5842757Z   CACHE_NUMBER: 0
2025-02-17T13:11:27.5843552Z   PYTEST_FLAGS: --tardis-regression-data=/home/runner/work/tardis/tardis/tardis-regression-data --cov=tardis --cov-report=xml --cov-report=html --cov-append
2025-02-17T13:11:27.5844399Z   CODECOV_TOKEN: 
2025-02-17T13:11:27.5844630Z ##[endgroup]
2025-02-17T13:11:28.0481130Z Cache hit for: tardis-regression-full-data-21f9fa4b6817cc69b9fae3598144724da7828e276a73bd17f47a2a49d9af090a-tardis-sn/tardis-regression-data-v1
2025-02-17T13:11:29.3680272Z Received 0 of 1707217599 (0.0%), 0.0 MBs/sec
2025-02-17T13:11:30.3688636Z Received 109051904 of 1707217599 (6.4%), 52.0 MBs/sec
2025-02-17T13:11:31.3694939Z Received 134217728 of 1707217599 (7.9%), 42.6 MBs/sec
2025-02-17T13:11:32.3764751Z Received 251658240 of 1707217599 (14.7%), 59.9 MBs/sec
2025-02-17T13:11:33.4543420Z Received 268435456 of 1707217599 (15.7%), 50.3 MBs/sec
2025-02-17T13:11:34.4547507Z Received 352321536 of 1707217599 (20.6%), 55.2 MBs/sec
2025-02-17T13:11:35.4549234Z Received 402653184 of 1707217599 (23.6%), 54.2 MBs/sec
2025-02-17T13:11:36.4555228Z Received 494927872 of 1707217599 (29.0%), 58.4 MBs/sec
2025-02-17T13:11:37.4555093Z Received 557842432 of 1707217599 (32.7%), 58.5 MBs/sec
2025-02-17T13:11:38.4556049Z Received 666894336 of 1707217599 (39.1%), 63.0 MBs/sec
2025-02-17T13:11:39.4553770Z Received 721420288 of 1707217599 (42.3%), 62.0 MBs/sec
2025-02-17T13:11:40.4551574Z Received 805306368 of 1707217599 (47.2%), 63.5 MBs/sec
2025-02-17T13:11:41.4560406Z Received 889192448 of 1707217599 (52.1%), 64.8 MBs/sec
2025-02-17T13:11:42.4562024Z Received 939524096 of 1707217599 (55.0%), 63.6 MBs/sec
2025-02-17T13:11:43.4567385Z Received 1010827264 of 1707217599 (59.2%), 63.9 MBs/sec
2025-02-17T13:11:44.4566350Z Received 1073741824 of 1707217599 (62.9%), 63.6 MBs/sec
2025-02-17T13:11:45.4565495Z Received 1166016512 of 1707217599 (68.3%), 65.1 MBs/sec
2025-02-17T13:11:46.4567098Z Received 1224736768 of 1707217599 (71.7%), 64.6 MBs/sec
2025-02-17T13:11:47.4567671Z Received 1317011456 of 1707217599 (77.1%), 65.8 MBs/sec
2025-02-17T13:11:48.4562372Z Received 1371537408 of 1707217599 (80.3%), 65.1 MBs/sec
2025-02-17T13:11:49.4570318Z Received 1438646272 of 1707217599 (84.3%), 65.1 MBs/sec
2025-02-17T13:11:50.4570526Z Received 1484783616 of 1707217599 (87.0%), 64.1 MBs/sec
2025-02-17T13:11:51.4581158Z Received 1568669696 of 1707217599 (91.9%), 64.8 MBs/sec
2025-02-17T13:11:52.4582919Z Received 1610612736 of 1707217599 (94.3%), 63.8 MBs/sec
2025-02-17T13:11:53.4585261Z Received 1694634687 of 1707217599 (99.3%), 64.4 MBs/sec
2025-02-17T13:11:53.6529969Z Received 1707217599 of 1707217599 (100.0%), 64.4 MBs/sec
2025-02-17T13:11:53.6532970Z Cache Size: ~1628 MB (1707217599 B)
2025-02-17T13:11:53.6653337Z [command]/usr/bin/tar -xf /home/runner/work/_temp/3f2af9bc-a099-40b1-af7f-daf34eeccf28/cache.tzst -P -C /home/runner/work/tardis/tardis --use-compress-program unzstd
2025-02-17T13:12:00.1110519Z Cache restored successfully
2025-02-17T13:12:01.0783728Z Cache restored from key: tardis-regression-full-data-21f9fa4b6817cc69b9fae3598144724da7828e276a73bd17f47a2a49d9af090a-tardis-sn/tardis-regression-data-v1
2025-02-17T13:12:01.0930550Z ##[group]Run git lfs checkout
2025-02-17T13:12:01.0930927Z [36;1mgit lfs checkout[0m
2025-02-17T13:12:01.0987236Z shell: /usr/bin/bash --noprofile --norc -e -o pipefail {0}
2025-02-17T13:12:01.0987693Z env:
2025-02-17T13:12:01.0987934Z   CACHE_NUMBER: 0
2025-02-17T13:12:01.0989015Z   PYTEST_FLAGS: --tardis-regression-data=/home/runner/work/tardis/tardis/tardis-regression-data --cov=tardis --cov-report=xml --cov-report=html --cov-append
2025-02-17T13:12:01.0989970Z   CODECOV_TOKEN: 
2025-02-17T13:12:01.0990232Z ##[endgroup]
2025-02-17T13:12:13.9303059Z Checking out LFS objects: 100% (204/204), 3.5 GB | 256 MB/s, done.
